<?xml version="1.0" ?>

<verbosegc xmlns="http://www.ibm.com/j9/verbosegc" version="c1dd04cca_CMPRSS">

!@: MM_VerboseWriterFileLoggingSynchronous::openFile

!@: Before Trigger

!@: After Trigger

<exclusive-start id="1" timestamp="2020-09-11T12:52:11.666" intervalms="1599853931666.238">
  <response-info timems="0.092" idlems="0.092" threads="0" lastid="0000000000019A00" lastname="main" />
</exclusive-start>
<af-start id="2" threadId="000000000001A380" totalBytesRequested="56" timestamp="2020-09-11T12:52:11.666" intervalms="1599853931666.392" type="nursery" />
<cycle-start id="3" type="scavenge" contextid="0" timestamp="2020-09-11T12:52:11.666" intervalms="1599853931666.439" />
<gc-start id="4" type="scavenge" contextid="3" timestamp="2020-09-11T12:52:11.666">
  <mem-info id="5" free="6201712" total="8388608" percent="73">
    <mem type="nursery" free="0" total="2097152" percent="0">
      <mem type="allocate" free="0" total="1048576" percent="0" />
      <mem type="survivor" free="0" total="1048576" percent="0" />
    </mem>
    <mem type="tenure" free="6201712" total="6291456" percent="98">
      <mem type="soa" free="5886320" total="5976064" percent="98" />
      <mem type="loa" free="315392" total="315392" percent="100" />
    </mem>
    <remembered-set count="1253" />
  </mem-info>
</gc-start>
<allocation-stats totalBytes="1137408" >
  <allocated-bytes non-tlh="122528" tlh="1014880" />
  <largest-consumer threadName="main" threadId="0000000000019A00" bytes="1137408" />
</allocation-stats>
<gc-op id="6" type="scavenge" timems="2.292" contextid="3" timestamp="2020-09-11T12:52:11.668">
  <scavenger-info tenureage="2" tenuremask="fffc" tiltratio="50" />
  <memory-copied type="nursery" objects="5295" bytes="270232" bytesdiscarded="48" />
  <finalization candidates="13" enqueued="0" />
  <ownableSynchronizers candidates="1" cleared="0" />
  <references type="soft" candidates="2" cleared="0" enqueued="0" dynamicThreshold="32" maxThreshold="32" />
  <references type="weak" candidates="458" cleared="204" enqueued="133" />
  <references type="phantom" candidates="7" cleared="0" enqueued="0" />
</gc-op>
<gc-end id="7" type="scavenge" contextid="3" durationms="2.519" usertimems="4.387" systemtimems="0.056" timestamp="2020-09-11T12:52:11.669" activeThreads="1">
  <mem-info id="8" free="6979432" total="8388608" percent="83">
    <mem type="nursery" free="777720" total="2097152" percent="37">
      <mem type="allocate" free="777720" total="1048576" percent="74" />
      <mem type="survivor" free="0" total="1048576" percent="0" />
    </mem>
    <mem type="tenure" free="6201712" total="6291456" percent="98">
      <mem type="soa" free="5886320" total="5976064" percent="98" />
      <mem type="loa" free="315392" total="315392" percent="100" />
    </mem>
    <pending-finalizers system="0" default="0" reference="133" classloader="0" />
    <remembered-set count="1253" />
  </mem-info>
</gc-end>
<cycle-end id="9" type="scavenge" contextid="3" timestamp="2020-09-11T12:52:11.669" />
<allocation-satisfied id="10" threadId="0000000000019A00" bytesRequested="56" />
<af-end id="11" timestamp="2020-09-11T12:52:11.669" threadId="000000000001A380" success="true" from="nursery"/>
<exclusive-end id="12" timestamp="2020-09-11T12:52:11.669" durationms="3.288" />

<exclusive-start id="13" timestamp="2020-09-11T12:52:11.776" intervalms="110.455">
  <response-info timems="0.160" idlems="0.160" threads="0" lastid="0000000000019A00" lastname="main" />
</exclusive-start>
<af-start id="14" threadId="000000000001A380" totalBytesRequested="8200" timestamp="2020-09-11T12:52:11.776" intervalms="110.449" type="nursery" />
<cycle-start id="15" type="scavenge" contextid="0" timestamp="2020-09-11T12:52:11.776" intervalms="110.535" />
<gc-start id="16" type="scavenge" contextid="15" timestamp="2020-09-11T12:52:11.777">
  <mem-info id="17" free="6187016" total="8388608" percent="73">
    <mem type="nursery" free="0" total="2097152" percent="0">
      <mem type="allocate" free="0" total="1048576" percent="0" />
      <mem type="survivor" free="0" total="1048576" percent="0" />
    </mem>
    <mem type="tenure" free="6187016" total="6291456" percent="98">
      <mem type="soa" free="5871624" total="5976064" percent="98" />
      <mem type="loa" free="315392" total="315392" percent="100" />
    </mem>
    <pending-finalizers system="0" default="0" reference="133" classloader="0" />
    <remembered-set count="1460" />
  </mem-info>
</gc-start>
<allocation-stats totalBytes="785096" >
  <allocated-bytes non-tlh="14752" tlh="770344" />
  <largest-consumer threadName="main" threadId="0000000000019A00" bytes="785096" />
</allocation-stats>
<gc-op id="18" type="scavenge" timems="2.503" contextid="15" timestamp="2020-09-11T12:52:11.779">
  <scavenger-info tenureage="6" tenuremask="7fc0" tiltratio="50" />
  <memory-copied type="nursery" objects="7104" bytes="335160" bytesdiscarded="58184" />
  <finalization candidates="22" enqueued="0" />
  <ownableSynchronizers candidates="3" cleared="2" />
  <references type="soft" candidates="2" cleared="0" enqueued="0" dynamicThreshold="32" maxThreshold="32" />
  <references type="weak" candidates="397" cleared="33" enqueued="16" />
  <references type="phantom" candidates="7" cleared="0" enqueued="0" />
</gc-op>
<gc-end id="19" type="scavenge" contextid="15" durationms="2.644" usertimems="2.247" systemtimems="0.388" timestamp="2020-09-11T12:52:11.779" activeThreads="1">
  <mem-info id="20" free="6841608" total="8388608" percent="81">
    <mem type="nursery" free="654592" total="2097152" percent="31">
      <mem type="allocate" free="654592" total="1048576" percent="62" />
      <mem type="survivor" free="0" total="1048576" percent="0" />
    </mem>
    <mem type="tenure" free="6187016" total="6291456" percent="98">
      <mem type="soa" free="5871624" total="5976064" percent="98" />
      <mem type="loa" free="315392" total="315392" percent="100" />
    </mem>
    <pending-finalizers system="0" default="0" reference="149" classloader="0" />
    <remembered-set count="1460" />
  </mem-info>
</gc-end>
<cycle-end id="21" type="scavenge" contextid="15" timestamp="2020-09-11T12:52:11.780" />
<allocation-satisfied id="22" threadId="0000000000019A00" bytesRequested="8200" />
<af-end id="23" timestamp="2020-09-11T12:52:11.780" threadId="000000000001A380" success="true" from="nursery"/>
<exclusive-end id="24" timestamp="2020-09-11T12:52:11.780" durationms="3.754" />

<exclusive-start id="25" timestamp="2020-09-11T12:52:11.838" intervalms="62.226">
  <response-info timems="0.124" idlems="0.124" threads="0" lastid="0000000000019A00" lastname="main" />
</exclusive-start>
<af-start id="26" threadId="000000000001A380" totalBytesRequested="176" timestamp="2020-09-11T12:52:11.839" intervalms="62.214" type="nursery" />
<cycle-start id="27" type="scavenge" contextid="0" timestamp="2020-09-11T12:52:11.839" intervalms="62.126" />
<gc-start id="28" type="scavenge" contextid="27" timestamp="2020-09-11T12:52:11.839">
  <mem-info id="29" free="6181624" total="8388608" percent="73">
    <mem type="nursery" free="0" total="2097152" percent="0">
      <mem type="allocate" free="0" total="1048576" percent="0" />
      <mem type="survivor" free="0" total="1048576" percent="0" />
    </mem>
    <mem type="tenure" free="6181624" total="6291456" percent="98">
      <mem type="soa" free="5866232" total="5976064" percent="98" />
      <mem type="loa" free="315392" total="315392" percent="100" />
    </mem>
    <pending-finalizers system="0" default="0" reference="149" classloader="0" />
    <remembered-set count="1538" />
  </mem-info>
</gc-start>
<allocation-stats totalBytes="659552" >
  <allocated-bytes non-tlh="13592" tlh="645960" />
  <largest-consumer threadName="main" threadId="0000000000019A00" bytes="659552" />
</allocation-stats>
<gc-op id="30" type="scavenge" timems="3.391" contextid="27" timestamp="2020-09-11T12:52:11.842">
  <scavenger-info tenureage="5" tenuremask="7fe0" tiltratio="50" />
  <memory-copied type="nursery" objects="9093" bytes="424872" bytesdiscarded="1248" />
  <finalization candidates="25" enqueued="0" />
  <ownableSynchronizers candidates="2" cleared="2" />
  <references type="soft" candidates="2" cleared="0" enqueued="0" dynamicThreshold="32" maxThreshold="32" />
  <references type="weak" candidates="447" cleared="21" enqueued="10" />
  <references type="phantom" candidates="6" cleared="0" enqueued="0" />
</gc-op>
<gc-end id="31" type="scavenge" contextid="27" durationms="3.595" usertimems="5.173" systemtimems="0.167" timestamp="2020-09-11T12:52:11.842" activeThreads="1">
  <mem-info id="32" free="6803424" total="8388608" percent="81">
    <mem type="nursery" free="621800" total="2097152" percent="29">
      <mem type="allocate" free="621800" total="1048576" percent="59" />
      <mem type="survivor" free="0" total="1048576" percent="0" />
    </mem>
    <mem type="tenure" free="6181624" total="6291456" percent="98">
      <mem type="soa" free="5866232" total="5976064" percent="98" />
      <mem type="loa" free="315392" total="315392" percent="100" />
    </mem>
    <pending-finalizers system="0" default="0" reference="159" classloader="0" />
    <remembered-set count="961" />
  </mem-info>
</gc-end>
<cycle-end id="33" type="scavenge" contextid="27" timestamp="2020-09-11T12:52:11.843" />
<allocation-satisfied id="34" threadId="0000000000019A00" bytesRequested="176" />
<af-end id="35" timestamp="2020-09-11T12:52:11.843" threadId="000000000001A380" success="true" from="nursery"/>
<exclusive-end id="36" timestamp="2020-09-11T12:52:11.843" durationms="4.430" />

<exclusive-start id="37" timestamp="2020-09-11T12:52:11.925" intervalms="86.279">
  <response-info timems="0.120" idlems="0.120" threads="0" lastid="0000000000019A00" lastname="main" />
</exclusive-start>
<af-start id="38" threadId="000000000001A380" totalBytesRequested="72" timestamp="2020-09-11T12:52:11.925" intervalms="86.310" type="nursery" />
<cycle-start id="39" type="scavenge" contextid="0" timestamp="2020-09-11T12:52:11.925" intervalms="86.317" />
<gc-start id="40" type="scavenge" contextid="39" timestamp="2020-09-11T12:52:11.925">
  <mem-info id="41" free="6176992" total="8388608" percent="73">
    <mem type="nursery" free="0" total="2097152" percent="0">
      <mem type="allocate" free="0" total="1048576" percent="0" />
      <mem type="survivor" free="0" total="1048576" percent="0" />
    </mem>
    <mem type="tenure" free="6176992" total="6291456" percent="98">
      <mem type="soa" free="5861600" total="5976064" percent="98" />
      <mem type="loa" free="315392" total="315392" percent="100" />
    </mem>
    <pending-finalizers system="0" default="0" reference="159" classloader="0" />
    <remembered-set count="1033" />
  </mem-info>
</gc-start>
<allocation-stats totalBytes="625584" >
  <allocated-bytes non-tlh="4808" tlh="620776" />
  <largest-consumer threadName="main" threadId="0000000000019A00" bytes="625584" />
</allocation-stats>
<gc-op id="42" type="scavenge" timems="4.588" contextid="39" timestamp="2020-09-11T12:52:11.930">
  <scavenger-info tenureage="3" tenuremask="7ff8" tiltratio="50" />
  <memory-copied type="nursery" objects="6769" bytes="263968" bytesdiscarded="6264" />
  <memory-copied type="tenure" objects="5073" bytes="252320" bytesdiscarded="16" />
  <finalization candidates="25" enqueued="0" />
  <references type="weak" candidates="172" cleared="0" enqueued="0" />
</gc-op>
<gc-end id="43" type="scavenge" contextid="39" durationms="4.809" usertimems="7.223" systemtimems="0.000" timestamp="2020-09-11T12:52:11.930" activeThreads="1">
  <mem-info id="44" free="6675664" total="8388608" percent="79">
    <mem type="nursery" free="777720" total="2097152" percent="37">
      <mem type="allocate" free="777720" total="1048576" percent="74" />
      <mem type="survivor" free="0" total="1048576" percent="0" />
    </mem>
    <mem type="tenure" free="5897944" total="6291456" percent="93">
      <mem type="soa" free="5582552" total="5976064" percent="93" />
      <mem type="loa" free="315392" total="315392" percent="100" />
    </mem>
    <pending-finalizers system="0" default="0" reference="159" classloader="0" />
    <remembered-set count="977" />
  </mem-info>
</gc-end>
<cycle-end id="45" type="scavenge" contextid="39" timestamp="2020-09-11T12:52:11.932" />
<allocation-satisfied id="46" threadId="0000000000019A00" bytesRequested="72" />
<af-end id="47" timestamp="2020-09-11T12:52:11.932" threadId="000000000001A380" success="true" from="nursery"/>
<exclusive-end id="48" timestamp="2020-09-11T12:52:11.932" durationms="7.434" />

<exclusive-start id="49" timestamp="2020-09-11T12:52:11.974" intervalms="49.686">
  <response-info timems="0.184" idlems="0.184" threads="0" lastid="0000000000019A00" lastname="main" />
</exclusive-start>
<af-start id="50" threadId="000000000001A380" totalBytesRequested="24" timestamp="2020-09-11T12:52:11.975" intervalms="49.649" type="nursery" />
<cycle-start id="51" type="scavenge" contextid="0" timestamp="2020-09-11T12:52:11.975" intervalms="49.641" />
<gc-start id="52" type="scavenge" contextid="51" timestamp="2020-09-11T12:52:11.975">
  <mem-info id="53" free="5896816" total="8388608" percent="70">
    <mem type="nursery" free="0" total="2097152" percent="0">
      <mem type="allocate" free="0" total="1048576" percent="0" />
      <mem type="survivor" free="0" total="1048576" percent="0" />
    </mem>
    <mem type="tenure" free="5896816" total="6291456" percent="93">
      <mem type="soa" free="5581424" total="5976064" percent="93" />
      <mem type="loa" free="315392" total="315392" percent="100" />
    </mem>
    <pending-finalizers system="0" default="0" reference="159" classloader="0" />
    <remembered-set count="999" />
  </mem-info>
</gc-start>
<allocation-stats totalBytes="778344" >
  <allocated-bytes non-tlh="1200" tlh="777144" />
  <largest-consumer threadName="main" threadId="0000000000019A00" bytes="778344" />
</allocation-stats>
<gc-op id="54" type="scavenge" timems="4.074" contextid="51" timestamp="2020-09-11T12:52:11.979">
  <scavenger-info tenureage="4" tenuremask="7ff0" tiltratio="50" />
  <memory-copied type="nursery" objects="9790" bytes="388752" bytesdiscarded="4784" />
  <finalization candidates="12" enqueued="0" />
  <ownableSynchronizers candidates="1" cleared="0" />
  <references type="weak" candidates="172" cleared="0" enqueued="0" />
  <references type="phantom" candidates="1" cleared="0" enqueued="0" />
</gc-op>
<heap-resize id="55" type="expand" space="nursery" amount="131072" count="1" timems="0.051" reason="excessive time being spent scavenging" timestamp="2020-09-11T12:52:11.979" />
<gc-end id="56" type="scavenge" contextid="51" durationms="4.314" usertimems="4.290" systemtimems="0.014" timestamp="2020-09-11T12:52:11.979" activeThreads="1">
  <mem-info id="57" free="6616944" total="8519680" percent="77">
    <mem type="nursery" free="720128" total="2228224" percent="32">
      <mem type="allocate" free="720128" total="1114112" percent="64" />
      <mem type="survivor" free="0" total="1114112" percent="0" />
    </mem>
    <mem type="tenure" free="5896816" total="6291456" percent="93">
      <mem type="soa" free="5581424" total="5976064" percent="93" />
      <mem type="loa" free="315392" total="315392" percent="100" />
    </mem>
    <pending-finalizers system="0" default="0" reference="159" classloader="0" />
    <remembered-set count="979" />
  </mem-info>
</gc-end>
<cycle-end id="58" type="scavenge" contextid="51" timestamp="2020-09-11T12:52:11.980" />
<allocation-satisfied id="59" threadId="0000000000019A00" bytesRequested="24" />
<af-end id="60" timestamp="2020-09-11T12:52:11.980" threadId="000000000001A380" success="true" from="nursery"/>
<exclusive-end id="61" timestamp="2020-09-11T12:52:11.980" durationms="5.302" />

<exclusive-start id="62" timestamp="2020-09-11T12:52:12.015" intervalms="40.355">
  <response-info timems="1.104" idlems="1.104" threads="0" lastid="0000000000019A00" lastname="main" />
</exclusive-start>
<af-start id="63" threadId="000000000001A380" totalBytesRequested="72" timestamp="2020-09-11T12:52:12.015" intervalms="40.377" type="nursery" />
<cycle-start id="64" type="scavenge" contextid="0" timestamp="2020-09-11T12:52:12.015" intervalms="40.377" />
<gc-start id="65" type="scavenge" contextid="64" timestamp="2020-09-11T12:52:12.015">
  <mem-info id="66" free="5896816" total="8519680" percent="69">
    <mem type="nursery" free="0" total="2228224" percent="0">
      <mem type="allocate" free="0" total="1114112" percent="0" />
      <mem type="survivor" free="0" total="1114112" percent="0" />
    </mem>
    <mem type="tenure" free="5896816" total="6291456" percent="93">
      <mem type="soa" free="5581424" total="5976064" percent="93" />
      <mem type="loa" free="315392" total="315392" percent="100" />
    </mem>
    <pending-finalizers system="0" default="0" reference="159" classloader="0" />
    <remembered-set count="980" />
  </mem-info>
</gc-start>
<allocation-stats totalBytes="719880" >
  <allocated-bytes non-tlh="24" tlh="719856" />
  <largest-consumer threadName="main" threadId="0000000000019A00" bytes="719880" />
</allocation-stats>
<gc-op id="67" type="scavenge" timems="4.611" contextid="64" timestamp="2020-09-11T12:52:12.020">
  <scavenger-info tenureage="3" tenuremask="7ff8" tiltratio="50" />
  <memory-copied type="nursery" objects="7732" bytes="303248" bytesdiscarded="90432" />
  <memory-copied type="tenure" objects="3657" bytes="154968" bytesdiscarded="24" />
  <finalization candidates="12" enqueued="0" />
  <ownableSynchronizers candidates="3" cleared="2" />
  <references type="phantom" candidates="1" cleared="0" enqueued="0" />
</gc-op>
<heap-resize id="68" type="expand" space="nursery" amount="131072" count="1" timems="0.057" reason="excessive time being spent scavenging" timestamp="2020-09-11T12:52:12.020" />
<gc-end id="69" type="scavenge" contextid="64" durationms="4.907" usertimems="7.650" systemtimems="0.451" timestamp="2020-09-11T12:52:12.020" activeThreads="1">
  <mem-info id="70" free="6682224" total="8650752" percent="77">
    <mem type="nursery" free="916736" total="2359296" percent="38">
      <mem type="allocate" free="916736" total="1310720" percent="69" />
      <mem type="survivor" free="0" total="1048576" percent="0" />
    </mem>
    <mem type="tenure" free="5765488" total="6291456" percent="91">
      <mem type="soa" free="5450096" total="5976064" percent="91" />
      <mem type="loa" free="315392" total="315392" percent="100" />
    </mem>
    <pending-finalizers system="0" default="0" reference="159" classloader="0" />
    <remembered-set count="95" />
  </mem-info>
</gc-end>
<cycle-end id="71" type="scavenge" contextid="64" timestamp="2020-09-11T12:52:12.021" />
<allocation-satisfied id="72" threadId="0000000000019A00" bytesRequested="72" />
<af-end id="73" timestamp="2020-09-11T12:52:12.021" threadId="000000000001A380" success="true" from="nursery"/>
<exclusive-end id="74" timestamp="2020-09-11T12:52:12.021" durationms="5.869" />

<exclusive-start id="75" timestamp="2020-09-11T12:52:12.129" intervalms="114.321">
  <response-info timems="0.129" idlems="0.129" threads="0" lastid="0000000000019A00" lastname="main" />
</exclusive-start>
<af-start id="76" threadId="000000000001A380" totalBytesRequested="16" timestamp="2020-09-11T12:52:12.129" intervalms="114.324" type="nursery" />
<cycle-start id="77" type="scavenge" contextid="0" timestamp="2020-09-11T12:52:12.129" intervalms="114.323" />
<gc-start id="78" type="scavenge" contextid="77" timestamp="2020-09-11T12:52:12.129">
  <mem-info id="79" free="5758496" total="8650752" percent="66">
    <mem type="nursery" free="0" total="2359296" percent="0">
      <mem type="allocate" free="0" total="1310720" percent="0" />
      <mem type="survivor" free="0" total="1048576" percent="0" />
    </mem>
    <mem type="tenure" free="5758496" total="6291456" percent="91">
      <mem type="soa" free="5443104" total="5976064" percent="91" />
      <mem type="loa" free="315392" total="315392" percent="100" />
    </mem>
    <pending-finalizers system="0" default="0" reference="159" classloader="0" />
    <remembered-set count="220" />
  </mem-info>
</gc-start>
<allocation-stats totalBytes="923472" >
  <allocated-bytes non-tlh="7064" tlh="916408" />
  <largest-consumer threadName="main" threadId="0000000000019A00" bytes="923472" />
</allocation-stats>
<gc-op id="80" type="scavenge" timems="2.525" contextid="77" timestamp="2020-09-11T12:52:12.132">
  <scavenger-info tenureage="3" tenuremask="7ff8" tiltratio="55" />
  <memory-copied type="nursery" objects="7213" bytes="264872" bytesdiscarded="128800" />
  <memory-copied type="tenure" objects="3034" bytes="106632" bytesdiscarded="0" />
  <finalization candidates="1" enqueued="0" />
  <ownableSynchronizers candidates="2" cleared="2" />
  <references type="weak" candidates="107" cleared="34" enqueued="17" />
  <references type="phantom" candidates="1" cleared="0" enqueued="0" />
</gc-op>
<gc-end id="81" type="scavenge" contextid="77" durationms="2.668" usertimems="2.354" systemtimems="0.306" timestamp="2020-09-11T12:52:12.132" activeThreads="1">
  <mem-info id="82" free="6740512" total="8650752" percent="77">
    <mem type="nursery" free="1113344" total="2359296" percent="47">
      <mem type="allocate" free="1113344" total="1507328" percent="73" />
      <mem type="survivor" free="0" total="851968" percent="0" />
    </mem>
    <mem type="tenure" free="5627168" total="6291456" percent="89">
      <mem type="soa" free="5311776" total="5976064" percent="88" />
      <mem type="loa" free="315392" total="315392" percent="100" />
    </mem>
    <pending-finalizers system="0" default="0" reference="176" classloader="0" />
    <remembered-set count="159" />
  </mem-info>
</gc-end>
<cycle-end id="83" type="scavenge" contextid="77" timestamp="2020-09-11T12:52:12.133" />
<allocation-satisfied id="84" threadId="0000000000019A00" bytesRequested="16" />
<af-end id="85" timestamp="2020-09-11T12:52:12.133" threadId="000000000001A380" success="true" from="nursery"/>
<exclusive-end id="86" timestamp="2020-09-11T12:52:12.133" durationms="3.497" />

<exclusive-start id="87" timestamp="2020-09-11T12:52:12.309" intervalms="179.776">
  <response-info timems="0.064" idlems="0.064" threads="0" lastid="0000000000019A00" lastname="main" />
</exclusive-start>
<af-start id="88" threadId="000000000001A380" totalBytesRequested="4064" timestamp="2020-09-11T12:52:12.309" intervalms="179.756" type="nursery" />
<cycle-start id="89" type="scavenge" contextid="0" timestamp="2020-09-11T12:52:12.309" intervalms="179.749" />
<gc-start id="90" type="scavenge" contextid="89" timestamp="2020-09-11T12:52:12.309">
  <mem-info id="91" free="5587360" total="8650752" percent="64">
    <mem type="nursery" free="0" total="2359296" percent="0">
      <mem type="allocate" free="0" total="1507328" percent="0" />
      <mem type="survivor" free="0" total="851968" percent="0" />
    </mem>
    <mem type="tenure" free="5587360" total="6291456" percent="88">
      <mem type="soa" free="5271968" total="5976064" percent="88" />
      <mem type="loa" free="315392" total="315392" percent="100" />
    </mem>
    <remembered-set count="1144" />
  </mem-info>
</gc-start>
<allocation-stats totalBytes="1151136" >
  <allocated-bytes non-tlh="442008" tlh="709128" />
  <largest-consumer threadName="main" threadId="0000000000019A00" bytes="1034464" />
</allocation-stats>
<gc-op id="92" type="scavenge" timems="1.584" contextid="89" timestamp="2020-09-11T12:52:12.311">
  <scavenger-info tenureage="3" tenuremask="7ff8" tiltratio="63" />
  <memory-copied type="nursery" objects="4978" bytes="575288" bytesdiscarded="35424" />
  <memory-copied type="tenure" objects="815" bytes="36216" bytesdiscarded="16" />
  <finalization candidates="1" enqueued="0" />
  <references type="soft" candidates="42" cleared="0" enqueued="0" dynamicThreshold="32" maxThreshold="32" />
  <references type="weak" candidates="239" cleared="118" enqueued="87" />
  <references type="phantom" candidates="22" cleared="0" enqueued="0" />
</gc-op>
<gc-end id="93" type="scavenge" contextid="89" durationms="1.693" usertimems="3.813" systemtimems="0.525" timestamp="2020-09-11T12:52:12.311" activeThreads="4">
  <mem-info id="94" free="6281152" total="8650752" percent="72">
    <mem type="nursery" free="765216" total="2359296" percent="32">
      <mem type="allocate" free="765216" total="1376256" percent="55" />
      <mem type="survivor" free="0" total="983040" percent="0" />
    </mem>
    <mem type="tenure" free="5515936" total="6291456" percent="87">
      <mem type="soa" free="5200544" total="5976064" percent="87" />
      <mem type="loa" free="315392" total="315392" percent="100" />
    </mem>
    <pending-finalizers system="0" default="0" reference="87" classloader="0" />
    <remembered-set count="1137" />
  </mem-info>
</gc-end>
<cycle-end id="95" type="scavenge" contextid="89" timestamp="2020-09-11T12:52:12.311" />
<allocation-satisfied id="96" threadId="0000000000019A00" bytesRequested="4064" />
<af-end id="97" timestamp="2020-09-11T12:52:12.311" threadId="000000000001A380" success="true" from="nursery"/>
<exclusive-end id="98" timestamp="2020-09-11T12:52:12.311" durationms="2.452" />

<exclusive-start id="99" timestamp="2020-09-11T12:52:12.331" intervalms="22.439">
  <response-info timems="0.066" idlems="0.066" threads="0" lastid="0000000000019A00" lastname="main" />
</exclusive-start>
<af-start id="100" threadId="000000000001A380" totalBytesRequested="2760" timestamp="2020-09-11T12:52:12.331" intervalms="22.414" type="nursery" />
<cycle-start id="101" type="scavenge" contextid="0" timestamp="2020-09-11T12:52:12.331" intervalms="22.414" />
<gc-start id="102" type="scavenge" contextid="101" timestamp="2020-09-11T12:52:12.331">
  <mem-info id="103" free="5515360" total="8650752" percent="63">
    <mem type="nursery" free="0" total="2359296" percent="0">
      <mem type="allocate" free="0" total="1376256" percent="0" />
      <mem type="survivor" free="0" total="983040" percent="0" />
    </mem>
    <mem type="tenure" free="5515360" total="6291456" percent="87">
      <mem type="soa" free="5199968" total="5976064" percent="87" />
      <mem type="loa" free="315392" total="315392" percent="100" />
    </mem>
    <remembered-set count="1146" />
  </mem-info>
</gc-start>
<allocation-stats totalBytes="752256" >
  <allocated-bytes non-tlh="69880" tlh="682376" />
  <largest-consumer threadName="main" threadId="0000000000019A00" bytes="752256" />
</allocation-stats>
<gc-op id="104" type="scavenge" timems="3.055" contextid="101" timestamp="2020-09-11T12:52:12.335">
  <scavenger-info tenureage="2" tenuremask="7ffc" tiltratio="58" />
  <memory-copied type="nursery" objects="3354" bytes="916176" bytesdiscarded="66560" />
  <memory-copied type="tenure" objects="2231" bytes="69640" bytesdiscarded="0" />
  <copy-failed type="nursery" objects="277" bytes="5760" />
  <finalization candidates="1" enqueued="0" />
  <references type="soft" candidates="44" cleared="0" enqueued="0" dynamicThreshold="32" maxThreshold="32" />
  <references type="weak" candidates="49" cleared="0" enqueued="0" />
  <references type="phantom" candidates="64" cleared="0" enqueued="0" />
</gc-op>
<heap-resize id="105" type="expand" space="nursery" amount="262144" count="1" timems="0.043" reason="excessive time being spent scavenging" timestamp="2020-09-11T12:52:12.335" />
<gc-end id="106" type="scavenge" contextid="101" durationms="3.342" usertimems="5.406" systemtimems="4.408" timestamp="2020-09-11T12:52:12.335" activeThreads="4">
  <mem-info id="107" free="5747808" total="8912896" percent="64">
    <mem type="nursery" free="327680" total="2621440" percent="12">
      <mem type="allocate" free="327680" total="1310720" percent="25" />
      <mem type="survivor" free="0" total="1310720" percent="0" />
    </mem>
    <mem type="tenure" free="5420128" total="6291456" percent="86">
      <mem type="soa" free="5104736" total="5976064" percent="85" />
      <mem type="loa" free="315392" total="315392" percent="100" />
    </mem>
    <remembered-set count="1120" />
  </mem-info>
</gc-end>
<cycle-end id="108" type="scavenge" contextid="101" timestamp="2020-09-11T12:52:12.335" />
<allocation-satisfied id="109" threadId="0000000000019A00" bytesRequested="2760" />
<af-end id="110" timestamp="2020-09-11T12:52:12.335" threadId="000000000001A380" success="true" from="nursery"/>
<exclusive-end id="111" timestamp="2020-09-11T12:52:12.335" durationms="3.857" />

<exclusive-start id="112" timestamp="2020-09-11T12:52:12.361" intervalms="29.266">
  <response-info timems="0.055" idlems="0.055" threads="0" lastid="0000000000019A00" lastname="main" />
</exclusive-start>
<af-start id="113" threadId="000000000001A380" totalBytesRequested="24" timestamp="2020-09-11T12:52:12.361" intervalms="29.277" type="nursery" />
<cycle-start id="114" type="scavenge" contextid="0" timestamp="2020-09-11T12:52:12.361" intervalms="29.285" />
<gc-start id="115" type="scavenge" contextid="114" timestamp="2020-09-11T12:52:12.361">
  <mem-info id="116" free="5410968" total="8912896" percent="60">
    <mem type="nursery" free="0" total="2621440" percent="0">
      <mem type="allocate" free="0" total="1310720" percent="0" />
      <mem type="survivor" free="0" total="1310720" percent="0" />
    </mem>
    <mem type="tenure" free="5410968" total="6291456" percent="86">
      <mem type="soa" free="5095576" total="5976064" percent="85" />
      <mem type="loa" free="315392" total="315392" percent="100" />
    </mem>
    <remembered-set count="1274" />
  </mem-info>
</gc-start>
<allocation-stats totalBytes="336720" >
  <allocated-bytes non-tlh="85224" tlh="251496" />
  <largest-consumer threadName="main" threadId="0000000000019A00" bytes="336720" />
</allocation-stats>
<gc-op id="117" type="scavenge" timems="1.953" contextid="114" timestamp="2020-09-11T12:52:12.363">
  <scavenger-info tenureage="1" tenuremask="7ffe" tiltratio="50" />
  <memory-copied type="nursery" objects="908" bytes="190688" bytesdiscarded="49544" />
  <memory-copied type="tenure" objects="3333" bytes="912104" bytesdiscarded="1616" />
  <finalization candidates="7" enqueued="0" />
  <ownableSynchronizers candidates="1" cleared="0" />
  <references type="soft" candidates="3" cleared="0" enqueued="0" dynamicThreshold="32" maxThreshold="32" />
  <references type="weak" candidates="221" cleared="121" enqueued="88" />
  <references type="phantom" candidates="12" cleared="1" enqueued="1" />
</gc-op>
<gc-end id="118" type="scavenge" contextid="114" durationms="2.103" usertimems="3.662" systemtimems="0.506" timestamp="2020-09-11T12:52:12.363" activeThreads="4">
  <mem-info id="119" free="5493680" total="8912896" percent="61">
    <mem type="nursery" free="1070352" total="2621440" percent="40">
      <mem type="allocate" free="1070352" total="1310720" percent="81" />
      <mem type="survivor" free="0" total="1310720" percent="0" />
    </mem>
    <mem type="tenure" free="4423328" total="6291456" percent="70">
      <mem type="soa" free="4107936" total="5976064" percent="68" />
      <mem type="loa" free="315392" total="315392" percent="100" />
    </mem>
    <pending-finalizers system="0" default="0" reference="89" classloader="0" />
    <remembered-set count="230" />
  </mem-info>
</gc-end>
<cycle-end id="120" type="scavenge" contextid="114" timestamp="2020-09-11T12:52:12.365" />
<allocation-satisfied id="121" threadId="0000000000019A00" bytesRequested="24" />
<af-end id="122" timestamp="2020-09-11T12:52:12.365" threadId="000000000001A380" success="true" from="nursery"/>
<exclusive-end id="123" timestamp="2020-09-11T12:52:12.365" durationms="4.417" />

<exclusive-start id="124" timestamp="2020-09-11T12:52:12.460" intervalms="99.079">
  <response-info timems="0.056" idlems="0.056" threads="0" lastid="0000000000019A00" lastname="main" />
</exclusive-start>
<af-start id="125" threadId="000000000001A380" totalBytesRequested="1936" timestamp="2020-09-11T12:52:12.460" intervalms="99.107" type="nursery" />
<cycle-start id="126" type="scavenge" contextid="0" timestamp="2020-09-11T12:52:12.460" intervalms="99.104" />
<gc-start id="127" type="scavenge" contextid="126" timestamp="2020-09-11T12:52:12.460">
  <mem-info id="128" free="4385288" total="8912896" percent="49">
    <mem type="nursery" free="0" total="2621440" percent="0">
      <mem type="allocate" free="0" total="1310720" percent="0" />
      <mem type="survivor" free="0" total="1310720" percent="0" />
    </mem>
    <mem type="tenure" free="4385288" total="6291456" percent="69">
      <mem type="soa" free="4069896" total="5976064" percent="68" />
      <mem type="loa" free="315392" total="315392" percent="100" />
    </mem>
    <remembered-set count="776" />
  </mem-info>
</gc-start>
<allocation-stats totalBytes="1101568" >
  <allocated-bytes non-tlh="184168" tlh="917400" />
  <largest-consumer threadName="main" threadId="0000000000019A00" bytes="1097472" />
</allocation-stats>
<gc-op id="129" type="scavenge" timems="1.551" contextid="126" timestamp="2020-09-11T12:52:12.461">
  <scavenger-info tenureage="1" tenuremask="7ffe" tiltratio="50" />
  <memory-copied type="nursery" objects="2739" bytes="116200" bytesdiscarded="10248" />
  <memory-copied type="tenure" objects="788" bytes="178008" bytesdiscarded="296" />
  <finalization candidates="32" enqueued="0" />
  <ownableSynchronizers candidates="1" cleared="0" />
  <references type="soft" candidates="19" cleared="0" enqueued="0" dynamicThreshold="32" maxThreshold="32" />
  <references type="weak" candidates="290" cleared="152" enqueued="137" />
</gc-op>
<gc-end id="130" type="scavenge" contextid="126" durationms="1.709" usertimems="5.180" systemtimems="0.000" timestamp="2020-09-11T12:52:12.462" activeThreads="4">
  <mem-info id="131" free="5555616" total="8912896" percent="62">
    <mem type="nursery" free="1314552" total="2621440" percent="50">
      <mem type="allocate" free="1314552" total="1441792" percent="91" />
      <mem type="survivor" free="0" total="1179648" percent="0" />
    </mem>
    <mem type="tenure" free="4241064" total="6291456" percent="67">
      <mem type="soa" free="3925672" total="5976064" percent="65" />
      <mem type="loa" free="315392" total="315392" percent="100" />
    </mem>
    <pending-finalizers system="0" default="0" reference="137" classloader="0" />
    <remembered-set count="751" />
  </mem-info>
</gc-end>
<cycle-end id="132" type="scavenge" contextid="126" timestamp="2020-09-11T12:52:12.462" />
<allocation-satisfied id="133" threadId="0000000000019A00" bytesRequested="1936" />
<af-end id="134" timestamp="2020-09-11T12:52:12.462" threadId="000000000001A380" success="true" from="nursery"/>
<exclusive-end id="135" timestamp="2020-09-11T12:52:12.462" durationms="2.193" />

<exclusive-start id="136" timestamp="2020-09-11T12:52:12.534" intervalms="74.187">
  <response-info timems="0.129" idlems="0.129" threads="0" lastid="0000000000019A00" lastname="main" />
</exclusive-start>
<af-start id="137" threadId="000000000001A380" totalBytesRequested="160" timestamp="2020-09-11T12:52:12.534" intervalms="74.152" type="nursery" />
<cycle-start id="138" type="scavenge" contextid="0" timestamp="2020-09-11T12:52:12.534" intervalms="74.150" />
<gc-start id="139" type="scavenge" contextid="138" timestamp="2020-09-11T12:52:12.534">
  <mem-info id="140" free="4170232" total="8912896" percent="46">
    <mem type="nursery" free="0" total="2621440" percent="0">
      <mem type="allocate" free="0" total="1441792" percent="0" />
      <mem type="survivor" free="0" total="1179648" percent="0" />
    </mem>
    <mem type="tenure" free="4170232" total="6291456" percent="66">
      <mem type="soa" free="3854840" total="5976064" percent="64" />
      <mem type="loa" free="315392" total="315392" percent="100" />
    </mem>
    <remembered-set count="1667" />
  </mem-info>
</gc-start>
<allocation-stats totalBytes="1383304" >
  <allocated-bytes non-tlh="72768" tlh="1310536" />
  <largest-consumer threadName="main" threadId="0000000000019A00" bytes="1371472" />
</allocation-stats>
<gc-op id="141" type="scavenge" timems="1.710" contextid="138" timestamp="2020-09-11T12:52:12.536">
  <scavenger-info tenureage="2" tenuremask="7ffc" tiltratio="55" />
  <memory-copied type="nursery" objects="6910" bytes="290056" bytesdiscarded="18560" />
  <finalization candidates="27" enqueued="0" />
  <references type="soft" candidates="293" cleared="0" enqueued="0" dynamicThreshold="32" maxThreshold="32" />
  <references type="weak" candidates="347" cleared="178" enqueued="173" />
</gc-op>
<gc-end id="142" type="scavenge" contextid="138" durationms="1.824" usertimems="2.802" systemtimems="0.388" timestamp="2020-09-11T12:52:12.536" activeThreads="4">
  <mem-info id="143" free="5432024" total="8912896" percent="60">
    <mem type="nursery" free="1261792" total="2621440" percent="48">
      <mem type="allocate" free="1261792" total="1572864" percent="80" />
      <mem type="survivor" free="0" total="1048576" percent="0" />
    </mem>
    <mem type="tenure" free="4170232" total="6291456" percent="66">
      <mem type="soa" free="3854840" total="5976064" percent="64" />
      <mem type="loa" free="315392" total="315392" percent="100" />
    </mem>
    <pending-finalizers system="0" default="0" reference="173" classloader="0" />
    <remembered-set count="1523" />
  </mem-info>
</gc-end>
<cycle-end id="144" type="scavenge" contextid="138" timestamp="2020-09-11T12:52:12.536" />
<allocation-satisfied id="145" threadId="0000000000019A00" bytesRequested="160" />
<af-end id="146" timestamp="2020-09-11T12:52:12.536" threadId="000000000001A380" success="true" from="nursery"/>
<exclusive-end id="147" timestamp="2020-09-11T12:52:12.536" durationms="2.291" />

<exclusive-start id="148" timestamp="2020-09-11T12:52:12.580" intervalms="46.685">
  <response-info timems="0.172" idlems="0.172" threads="0" lastid="0000000000019A00" lastname="main" />
</exclusive-start>
<af-start id="149" threadId="000000000001A380" totalBytesRequested="3624" timestamp="2020-09-11T12:52:12.581" intervalms="46.673" type="nursery" />
<cycle-start id="150" type="scavenge" contextid="0" timestamp="2020-09-11T12:52:12.581" intervalms="46.670" />
<gc-start id="151" type="scavenge" contextid="150" timestamp="2020-09-11T12:52:12.581">
  <mem-info id="152" free="4151328" total="8912896" percent="46">
    <mem type="nursery" free="0" total="2621440" percent="0">
      <mem type="allocate" free="0" total="1572864" percent="0" />
      <mem type="survivor" free="0" total="1048576" percent="0" />
    </mem>
    <mem type="tenure" free="4151328" total="6291456" percent="65">
      <mem type="soa" free="3835936" total="5976064" percent="64" />
      <mem type="loa" free="315392" total="315392" percent="100" />
    </mem>
    <remembered-set count="1755" />
  </mem-info>
</gc-start>
<allocation-stats totalBytes="1274792" >
  <allocated-bytes non-tlh="19064" tlh="1255728" />
  <largest-consumer threadName="main" threadId="0000000000019A00" bytes="1266600" />
</allocation-stats>
<gc-op id="153" type="scavenge" timems="1.769" contextid="150" timestamp="2020-09-11T12:52:12.583">
  <scavenger-info tenureage="2" tenuremask="7ffc" tiltratio="60" />
  <memory-copied type="nursery" objects="5217" bytes="220048" bytesdiscarded="59560" />
  <memory-copied type="tenure" objects="2384" bytes="103008" bytesdiscarded="296" />
  <finalization candidates="29" enqueued="1" />
  <references type="soft" candidates="280" cleared="0" enqueued="0" dynamicThreshold="32" maxThreshold="32" />
  <references type="weak" candidates="158" cleared="113" enqueued="113" />
  <references type="phantom" candidates="4" cleared="1" enqueued="1" />
</gc-op>
<gc-end id="154" type="scavenge" contextid="150" durationms="1.960" usertimems="3.554" systemtimems="0.490" timestamp="2020-09-11T12:52:12.583" activeThreads="4">
  <mem-info id="155" free="5486344" total="8912896" percent="61">
    <mem type="nursery" free="1422576" total="2621440" percent="54">
      <mem type="allocate" free="1422576" total="1703936" percent="83" />
      <mem type="survivor" free="0" total="917504" percent="0" />
    </mem>
    <mem type="tenure" free="4063768" total="6291456" percent="64">
      <mem type="soa" free="3748376" total="5976064" percent="62" />
      <mem type="loa" free="315392" total="315392" percent="100" />
    </mem>
    <pending-finalizers system="1" default="0" reference="114" classloader="0" />
    <remembered-set count="1230" />
  </mem-info>
</gc-end>
<cycle-end id="156" type="scavenge" contextid="150" timestamp="2020-09-11T12:52:12.583" />
<allocation-satisfied id="157" threadId="0000000000019A00" bytesRequested="3624" />
<af-end id="158" timestamp="2020-09-11T12:52:12.583" threadId="000000000001A380" success="true" from="nursery"/>
<exclusive-end id="159" timestamp="2020-09-11T12:52:12.583" durationms="2.493" />

<exclusive-start id="160" timestamp="2020-09-11T12:52:12.623" intervalms="42.322">
  <response-info timems="0.067" idlems="0.067" threads="0" lastid="0000000000019A00" lastname="main" />
</exclusive-start>
<af-start id="161" threadId="000000000001A380" totalBytesRequested="376" timestamp="2020-09-11T12:52:12.623" intervalms="42.337" type="nursery" />
<cycle-start id="162" type="scavenge" contextid="0" timestamp="2020-09-11T12:52:12.623" intervalms="42.341" />
<gc-start id="163" type="scavenge" contextid="162" timestamp="2020-09-11T12:52:12.623">
  <mem-info id="164" free="4048048" total="8912896" percent="45">
    <mem type="nursery" free="0" total="2621440" percent="0">
      <mem type="allocate" free="0" total="1703936" percent="0" />
      <mem type="survivor" free="0" total="917504" percent="0" />
    </mem>
    <mem type="tenure" free="4048048" total="6291456" percent="64">
      <mem type="soa" free="3732656" total="5976064" percent="62" />
      <mem type="loa" free="315392" total="315392" percent="100" />
    </mem>
    <remembered-set count="1417" />
  </mem-info>
</gc-start>
<allocation-stats totalBytes="1435624" >
  <allocated-bytes non-tlh="19344" tlh="1416280" />
  <largest-consumer threadName="main" threadId="0000000000019A00" bytes="1427432" />
</allocation-stats>
<gc-op id="165" type="scavenge" timems="1.701" contextid="162" timestamp="2020-09-11T12:52:12.625">
  <scavenger-info tenureage="2" tenuremask="7ffc" tiltratio="65" />
  <memory-copied type="nursery" objects="1993" bytes="78264" bytesdiscarded="64392" />
  <memory-copied type="tenure" objects="3964" bytes="166520" bytesdiscarded="256" />
  <finalization candidates="3" enqueued="0" />
  <ownableSynchronizers candidates="1" cleared="0" />
  <references type="soft" candidates="8" cleared="0" enqueued="0" dynamicThreshold="32" maxThreshold="32" />
  <references type="weak" candidates="404" cleared="220" enqueued="189" />
  <references type="phantom" candidates="2" cleared="0" enqueued="0" />
</gc-op>
<gc-end id="166" type="scavenge" contextid="162" durationms="1.844" usertimems="5.320" systemtimems="0.150" timestamp="2020-09-11T12:52:12.625" activeThreads="4">
  <mem-info id="167" free="5565352" total="8912896" percent="62">
    <mem type="nursery" free="1692160" total="2621440" percent="64">
      <mem type="allocate" free="1692160" total="1835008" percent="92" />
      <mem type="survivor" free="0" total="786432" percent="0" />
    </mem>
    <mem type="tenure" free="3873192" total="6291456" percent="61">
      <mem type="soa" free="3557800" total="5976064" percent="59" />
      <mem type="loa" free="315392" total="315392" percent="100" />
    </mem>
    <pending-finalizers system="0" default="0" reference="189" classloader="0" />
    <remembered-set count="485" />
  </mem-info>
</gc-end>
<cycle-end id="168" type="scavenge" contextid="162" timestamp="2020-09-11T12:52:12.625" />
<allocation-satisfied id="169" threadId="0000000000019A00" bytesRequested="376" />
<af-end id="170" timestamp="2020-09-11T12:52:12.625" threadId="000000000001A380" success="true" from="nursery"/>
<exclusive-end id="171" timestamp="2020-09-11T12:52:12.625" durationms="2.277" />

<exclusive-start id="172" timestamp="2020-09-11T12:52:12.662" intervalms="39.564">
  <response-info timems="0.065" idlems="0.065" threads="0" lastid="0000000000019A00" lastname="main" />
</exclusive-start>
<af-start id="173" threadId="000000000001A380" totalBytesRequested="35872" timestamp="2020-09-11T12:52:12.663" intervalms="39.569" type="nursery" />
<cycle-start id="174" type="scavenge" contextid="0" timestamp="2020-09-11T12:52:12.663" intervalms="39.568" />
<gc-start id="175" type="scavenge" contextid="174" timestamp="2020-09-11T12:52:12.663">
  <mem-info id="176" free="3856672" total="8912896" percent="43">
    <mem type="nursery" free="0" total="2621440" percent="0">
      <mem type="allocate" free="0" total="1835008" percent="0" />
      <mem type="survivor" free="0" total="786432" percent="0" />
    </mem>
    <mem type="tenure" free="3856672" total="6291456" percent="61">
      <mem type="soa" free="3541280" total="5976064" percent="59" />
      <mem type="loa" free="315392" total="315392" percent="100" />
    </mem>
    <remembered-set count="648" />
  </mem-info>
</gc-start>
<allocation-stats totalBytes="1671472" >
  <allocated-bytes non-tlh="16896" tlh="1654576" />
  <largest-consumer threadName="main" threadId="0000000000019A00" bytes="1667376" />
</allocation-stats>
<gc-op id="177" type="scavenge" timems="1.775" contextid="174" timestamp="2020-09-11T12:52:12.664">
  <scavenger-info tenureage="3" tenuremask="7ff8" tiltratio="70" />
  <memory-copied type="nursery" objects="2282" bytes="89136" bytesdiscarded="53320" />
  <finalization candidates="1" enqueued="0" />
  <ownableSynchronizers candidates="1" cleared="0" />
  <references type="soft" candidates="10" cleared="0" enqueued="0" dynamicThreshold="32" maxThreshold="32" />
  <references type="weak" candidates="352" cleared="149" enqueued="149" />
  <references type="phantom" candidates="2" cleared="0" enqueued="0" />
</gc-op>
<gc-end id="178" type="scavenge" contextid="174" durationms="1.903" usertimems="0.000" systemtimems="3.331" timestamp="2020-09-11T12:52:12.664" activeThreads="4">
  <mem-info id="179" free="5679904" total="8912896" percent="63">
    <mem type="nursery" free="1823232" total="2621440" percent="69">
      <mem type="allocate" free="1823232" total="1966080" percent="92" />
      <mem type="survivor" free="0" total="655360" percent="0" />
    </mem>
    <mem type="tenure" free="3856672" total="6291456" percent="61">
      <mem type="soa" free="3541280" total="5976064" percent="59" />
      <mem type="loa" free="315392" total="315392" percent="100" />
    </mem>
    <pending-finalizers system="0" default="0" reference="149" classloader="0" />
    <remembered-set count="492" />
  </mem-info>
</gc-end>
<cycle-end id="180" type="scavenge" contextid="174" timestamp="2020-09-11T12:52:12.665" />
<allocation-satisfied id="181" threadId="0000000000019A00" bytesRequested="35872" />
<af-end id="182" timestamp="2020-09-11T12:52:12.665" threadId="000000000001A380" success="true" from="nursery"/>
<exclusive-end id="183" timestamp="2020-09-11T12:52:12.665" durationms="2.326" />

<exclusive-start id="184" timestamp="2020-09-11T12:52:12.801" intervalms="138.178">
  <response-info timems="0.097" idlems="0.097" threads="0" lastid="0000000000019A00" lastname="main" />
</exclusive-start>
<af-start id="185" threadId="000000000001A380" totalBytesRequested="4104" timestamp="2020-09-11T12:52:12.801" intervalms="138.200" type="nursery" />
<cycle-start id="186" type="scavenge" contextid="0" timestamp="2020-09-11T12:52:12.801" intervalms="138.201" />
<gc-start id="187" type="scavenge" contextid="186" timestamp="2020-09-11T12:52:12.801">
  <mem-info id="188" free="3818136" total="8912896" percent="42">
    <mem type="nursery" free="0" total="2621440" percent="0">
      <mem type="allocate" free="0" total="1966080" percent="0" />
      <mem type="survivor" free="0" total="655360" percent="0" />
    </mem>
    <mem type="tenure" free="3818136" total="6291456" percent="60">
      <mem type="soa" free="3502744" total="5976064" percent="58" />
      <mem type="loa" free="315392" total="315392" percent="100" />
    </mem>
    <remembered-set count="1073" />
  </mem-info>
</gc-start>
<allocation-stats totalBytes="1851088" >
  <allocated-bytes non-tlh="110280" tlh="1740808" />
  <largest-consumer threadName="main" threadId="0000000000019A00" bytes="1784480" />
</allocation-stats>
<gc-op id="189" type="scavenge" timems="1.724" contextid="186" timestamp="2020-09-11T12:52:12.803">
  <scavenger-info tenureage="4" tenuremask="7ff0" tiltratio="75" />
  <memory-copied type="nursery" objects="4988" bytes="198064" bytesdiscarded="39440" />
  <finalization candidates="7" enqueued="3" />
  <ownableSynchronizers candidates="1" cleared="0" />
  <references type="soft" candidates="20" cleared="0" enqueued="0" dynamicThreshold="32" maxThreshold="32" />
  <references type="weak" candidates="718" cleared="256" enqueued="191" />
  <references type="phantom" candidates="6" cleared="0" enqueued="0" />
</gc-op>
<gc-end id="190" type="scavenge" contextid="186" durationms="1.867" usertimems="3.268" systemtimems="0.458" timestamp="2020-09-11T12:52:12.803" activeThreads="4">
  <mem-info id="191" free="5611672" total="8912896" percent="62">
    <mem type="nursery" free="1793536" total="2621440" percent="68">
      <mem type="allocate" free="1793536" total="2031616" percent="88" />
      <mem type="survivor" free="0" total="589824" percent="0" />
    </mem>
    <mem type="tenure" free="3818136" total="6291456" percent="60">
      <mem type="soa" free="3502744" total="5976064" percent="58" />
      <mem type="loa" free="315392" total="315392" percent="100" />
    </mem>
    <pending-finalizers system="3" default="0" reference="191" classloader="0" />
    <remembered-set count="973" />
  </mem-info>
</gc-end>
<cycle-end id="192" type="scavenge" contextid="186" timestamp="2020-09-11T12:52:12.803" />
<allocation-satisfied id="193" threadId="0000000000019A00" bytesRequested="4104" />
<af-end id="194" timestamp="2020-09-11T12:52:12.803" threadId="000000000001A380" success="true" from="nursery"/>
<exclusive-end id="195" timestamp="2020-09-11T12:52:12.803" durationms="2.929" />

<exclusive-start id="196" timestamp="2020-09-11T12:52:12.839" intervalms="38.715">
  <response-info timems="0.124" idlems="0.124" threads="0" lastid="0000000000019A00" lastname="main" />
</exclusive-start>
<af-start id="197" threadId="000000000001A380" totalBytesRequested="16752" timestamp="2020-09-11T12:52:12.839" intervalms="38.750" type="nursery" />
<cycle-start id="198" type="scavenge" contextid="0" timestamp="2020-09-11T12:52:12.840" intervalms="38.763" />
<gc-start id="199" type="scavenge" contextid="198" timestamp="2020-09-11T12:52:12.840">
  <mem-info id="200" free="3818136" total="8912896" percent="42">
    <mem type="nursery" free="0" total="2621440" percent="0">
      <mem type="allocate" free="0" total="2031616" percent="0" />
      <mem type="survivor" free="0" total="589824" percent="0" />
    </mem>
    <mem type="tenure" free="3818136" total="6291456" percent="60">
      <mem type="soa" free="3502744" total="5976064" percent="58" />
      <mem type="loa" free="315392" total="315392" percent="100" />
    </mem>
    <remembered-set count="979" />
  </mem-info>
</gc-start>
<allocation-stats totalBytes="1758832" >
  <allocated-bytes non-tlh="4104" tlh="1754728" />
  <largest-consumer threadName="main" threadId="0000000000019A00" bytes="1754736" />
</allocation-stats>
<gc-op id="201" type="scavenge" timems="2.837" contextid="198" timestamp="2020-09-11T12:52:12.843">
  <scavenger-info tenureage="5" tenuremask="7fe0" tiltratio="77" />
  <memory-copied type="nursery" objects="5345" bytes="231472" bytesdiscarded="29784" />
  <finalization candidates="4" enqueued="0" />
  <ownableSynchronizers candidates="1" cleared="0" />
  <references type="soft" candidates="20" cleared="0" enqueued="0" dynamicThreshold="32" maxThreshold="32" />
  <references type="weak" candidates="462" cleared="0" enqueued="0" />
  <references type="phantom" candidates="6" cleared="0" enqueued="0" />
</gc-op>
<heap-resize id="202" type="expand" space="nursery" amount="131072" count="1" timems="0.046" reason="excessive time being spent scavenging" timestamp="2020-09-11T12:52:12.843" />
<gc-end id="203" type="scavenge" contextid="198" durationms="3.282" usertimems="5.967" systemtimems="0.000" timestamp="2020-09-11T12:52:12.843" activeThreads="4">
  <mem-info id="204" free="5719000" total="9043968" percent="63">
    <mem type="nursery" free="1900864" total="2752512" percent="69">
      <mem type="allocate" free="1900864" total="2162688" percent="87" />
      <mem type="survivor" free="0" total="589824" percent="0" />
    </mem>
    <mem type="tenure" free="3818136" total="6291456" percent="60">
      <mem type="soa" free="3502744" total="5976064" percent="58" />
      <mem type="loa" free="315392" total="315392" percent="100" />
    </mem>
    <remembered-set count="891" />
  </mem-info>
</gc-end>
<cycle-end id="205" type="scavenge" contextid="198" timestamp="2020-09-11T12:52:12.843" />
<allocation-satisfied id="206" threadId="0000000000019A00" bytesRequested="16752" />
<af-end id="207" timestamp="2020-09-11T12:52:12.844" threadId="000000000001A380" success="true" from="nursery"/>
<exclusive-end id="208" timestamp="2020-09-11T12:52:12.844" durationms="4.255" />

<exclusive-start id="209" timestamp="2020-09-11T12:52:12.861" intervalms="21.495">
  <response-info timems="0.147" idlems="0.147" threads="0" lastid="0000000000019A00" lastname="main" />
</exclusive-start>
<af-start id="210" threadId="000000000001A380" totalBytesRequested="17288" timestamp="2020-09-11T12:52:12.861" intervalms="21.436" type="nursery" />
<cycle-start id="211" type="scavenge" contextid="0" timestamp="2020-09-11T12:52:12.861" intervalms="21.430" />
<gc-start id="212" type="scavenge" contextid="211" timestamp="2020-09-11T12:52:12.861">
  <mem-info id="213" free="3818136" total="9043968" percent="42">
    <mem type="nursery" free="0" total="2752512" percent="0">
      <mem type="allocate" free="0" total="2162688" percent="0" />
      <mem type="survivor" free="0" total="589824" percent="0" />
    </mem>
    <mem type="tenure" free="3818136" total="6291456" percent="60">
      <mem type="soa" free="3502744" total="5976064" percent="58" />
      <mem type="loa" free="315392" total="315392" percent="100" />
    </mem>
    <remembered-set count="891" />
  </mem-info>
</gc-start>
<allocation-stats totalBytes="1850896" >
  <allocated-bytes non-tlh="16752" tlh="1834144" />
  <largest-consumer threadName="main" threadId="0000000000019A00" bytes="1850896" />
</allocation-stats>
<gc-op id="214" type="scavenge" timems="1.992" contextid="211" timestamp="2020-09-11T12:52:12.863">
  <scavenger-info tenureage="4" tenuremask="7ff0" tiltratio="78" />
  <memory-copied type="nursery" objects="4550" bytes="206648" bytesdiscarded="39704" />
  <memory-copied type="tenure" objects="1443" bytes="56744" bytesdiscarded="16" />
  <finalization candidates="4" enqueued="0" />
  <ownableSynchronizers candidates="1" cleared="0" />
  <references type="soft" candidates="12" cleared="0" enqueued="0" dynamicThreshold="32" maxThreshold="32" />
  <references type="weak" candidates="278" cleared="0" enqueued="0" />
  <references type="phantom" candidates="4" cleared="0" enqueued="0" />
</gc-op>
<heap-resize id="215" type="expand" space="nursery" amount="131072" count="1" timems="0.025" reason="excessive time being spent scavenging" timestamp="2020-09-11T12:52:12.863" />
<gc-end id="216" type="scavenge" contextid="211" durationms="2.185" usertimems="3.202" systemtimems="0.000" timestamp="2020-09-11T12:52:12.863" activeThreads="4">
  <mem-info id="217" free="5883088" total="9175040" percent="64">
    <mem type="nursery" free="2112568" total="2883584" percent="73">
      <mem type="allocate" free="2112568" total="2359296" percent="89" />
      <mem type="survivor" free="0" total="524288" percent="0" />
    </mem>
    <mem type="tenure" free="3770520" total="6291456" percent="59">
      <mem type="soa" free="3455128" total="5976064" percent="57" />
      <mem type="loa" free="315392" total="315392" percent="100" />
    </mem>
    <remembered-set count="252" />
  </mem-info>
</gc-end>
<cycle-end id="218" type="scavenge" contextid="211" timestamp="2020-09-11T12:52:12.864" />
<allocation-satisfied id="219" threadId="0000000000019A00" bytesRequested="17288" />
<af-end id="220" timestamp="2020-09-11T12:52:12.864" threadId="000000000001A380" success="true" from="nursery"/>
<exclusive-end id="221" timestamp="2020-09-11T12:52:12.864" durationms="3.092" />

<exclusive-start id="222" timestamp="2020-09-11T12:52:12.884" intervalms="23.086">
  <response-info timems="0.085" idlems="0.085" threads="0" lastid="0000000000019A00" lastname="main" />
</exclusive-start>
<af-start id="223" threadId="000000000001A380" totalBytesRequested="5400" timestamp="2020-09-11T12:52:12.884" intervalms="23.098" type="nursery" />
<cycle-start id="224" type="scavenge" contextid="0" timestamp="2020-09-11T12:52:12.884" intervalms="23.092" />
<gc-start id="225" type="scavenge" contextid="224" timestamp="2020-09-11T12:52:12.884">
  <mem-info id="226" free="3770520" total="9175040" percent="41">
    <mem type="nursery" free="0" total="2883584" percent="0">
      <mem type="allocate" free="0" total="2359296" percent="0" />
      <mem type="survivor" free="0" total="524288" percent="0" />
    </mem>
    <mem type="tenure" free="3770520" total="6291456" percent="59">
      <mem type="soa" free="3455128" total="5976064" percent="57" />
      <mem type="loa" free="315392" total="315392" percent="100" />
    </mem>
    <remembered-set count="252" />
  </mem-info>
</gc-start>
<allocation-stats totalBytes="2074888" >
  <allocated-bytes non-tlh="17288" tlh="2057600" />
  <largest-consumer threadName="main" threadId="0000000000019A00" bytes="2074888" />
</allocation-stats>
<gc-op id="227" type="scavenge" timems="2.614" contextid="224" timestamp="2020-09-11T12:52:12.887">
  <scavenger-info tenureage="3" tenuremask="7fc8" tiltratio="81" />
  <memory-copied type="nursery" objects="2085" bytes="107712" bytesdiscarded="36144" />
  <memory-copied type="tenure" objects="3073" bytes="125008" bytesdiscarded="80" />
  <finalization candidates="3" enqueued="0" />
  <references type="soft" candidates="2" cleared="0" enqueued="0" dynamicThreshold="32" maxThreshold="32" />
  <references type="weak" candidates="18" cleared="0" enqueued="0" />
</gc-op>
<heap-resize id="228" type="expand" space="nursery" amount="262144" count="1" timems="0.024" reason="excessive time being spent scavenging" timestamp="2020-09-11T12:52:12.887" />
<gc-end id="229" type="scavenge" contextid="224" durationms="2.793" usertimems="3.590" systemtimems="0.000" timestamp="2020-09-11T12:52:12.887" activeThreads="4">
  <mem-info id="230" free="6136832" total="9437184" percent="65">
    <mem type="nursery" free="2477424" total="3145728" percent="78">
      <mem type="allocate" free="2477424" total="2621440" percent="94" />
      <mem type="survivor" free="0" total="524288" percent="0" />
    </mem>
    <mem type="tenure" free="3659408" total="6291456" percent="58">
      <mem type="soa" free="3344016" total="5976064" percent="55" />
      <mem type="loa" free="315392" total="315392" percent="100" />
    </mem>
    <remembered-set count="185" />
  </mem-info>
</gc-end>
<cycle-end id="231" type="scavenge" contextid="224" timestamp="2020-09-11T12:52:12.888" />
<allocation-satisfied id="232" threadId="0000000000019A00" bytesRequested="5400" />
<af-end id="233" timestamp="2020-09-11T12:52:12.888" threadId="000000000001A380" success="true" from="nursery"/>
<exclusive-end id="234" timestamp="2020-09-11T12:52:12.888" durationms="3.743" />

<exclusive-start id="235" timestamp="2020-09-11T12:52:12.905" intervalms="20.746">
  <response-info timems="0.090" idlems="0.090" threads="0" lastid="0000000000019A00" lastname="main" />
</exclusive-start>
<af-start id="236" threadId="000000000001A380" totalBytesRequested="4104" timestamp="2020-09-11T12:52:12.905" intervalms="20.757" type="nursery" />
<cycle-start id="237" type="scavenge" contextid="0" timestamp="2020-09-11T12:52:12.905" intervalms="20.765" />
<gc-start id="238" type="scavenge" contextid="237" timestamp="2020-09-11T12:52:12.905">
  <mem-info id="239" free="3659408" total="9437184" percent="38">
    <mem type="nursery" free="0" total="3145728" percent="0">
      <mem type="allocate" free="0" total="2621440" percent="0" />
      <mem type="survivor" free="0" total="524288" percent="0" />
    </mem>
    <mem type="tenure" free="3659408" total="6291456" percent="58">
      <mem type="soa" free="3344016" total="5976064" percent="55" />
      <mem type="loa" free="315392" total="315392" percent="100" />
    </mem>
    <remembered-set count="199" />
  </mem-info>
</gc-start>
<allocation-stats totalBytes="2414160" >
  <allocated-bytes non-tlh="5400" tlh="2408760" />
  <largest-consumer threadName="main" threadId="0000000000019A00" bytes="2414160" />
</allocation-stats>
<gc-op id="240" type="scavenge" timems="1.324" contextid="237" timestamp="2020-09-11T12:52:12.906">
  <scavenger-info tenureage="3" tenuremask="7fa8" tiltratio="83" />
  <memory-copied type="nursery" objects="1999" bytes="101008" bytesdiscarded="41840" />
  <memory-copied type="tenure" objects="825" bytes="37128" bytesdiscarded="48" />
</gc-op>
<gc-end id="241" type="scavenge" contextid="237" durationms="1.446" usertimems="1.984" systemtimems="0.274" timestamp="2020-09-11T12:52:12.906" activeThreads="4">
  <mem-info id="242" free="6221456" total="9437184" percent="65">
    <mem type="nursery" free="2609664" total="3145728" percent="82">
      <mem type="allocate" free="2609664" total="2752512" percent="94" />
      <mem type="survivor" free="0" total="393216" percent="0" />
    </mem>
    <mem type="tenure" free="3611792" total="6291456" percent="57">
      <mem type="soa" free="3296400" total="5976064" percent="55" />
      <mem type="loa" free="315392" total="315392" percent="100" />
    </mem>
    <remembered-set count="121" />
  </mem-info>
</gc-end>
<cycle-end id="243" type="scavenge" contextid="237" timestamp="2020-09-11T12:52:12.907" />
<allocation-satisfied id="244" threadId="0000000000019A00" bytesRequested="4104" />
<af-end id="245" timestamp="2020-09-11T12:52:12.907" threadId="000000000001A380" success="true" from="nursery"/>
<exclusive-end id="246" timestamp="2020-09-11T12:52:12.907" durationms="2.288" />

<exclusive-start id="247" timestamp="2020-09-11T12:52:12.922" intervalms="17.703">
  <response-info timems="0.073" idlems="0.073" threads="0" lastid="0000000000019A00" lastname="main" />
</exclusive-start>
<af-start id="248" threadId="000000000001A380" totalBytesRequested="3816" timestamp="2020-09-11T12:52:12.923" intervalms="17.719" type="nursery" />
<cycle-start id="249" type="scavenge" contextid="0" timestamp="2020-09-11T12:52:12.923" intervalms="17.808" />
<gc-start id="250" type="scavenge" contextid="249" timestamp="2020-09-11T12:52:12.923">
  <mem-info id="251" free="3611792" total="9437184" percent="38">
    <mem type="nursery" free="0" total="3145728" percent="0">
      <mem type="allocate" free="0" total="2752512" percent="0" />
      <mem type="survivor" free="0" total="393216" percent="0" />
    </mem>
    <mem type="tenure" free="3611792" total="6291456" percent="57">
      <mem type="soa" free="3296400" total="5976064" percent="55" />
      <mem type="loa" free="315392" total="315392" percent="100" />
    </mem>
    <remembered-set count="130" />
  </mem-info>
</gc-start>
<allocation-stats totalBytes="2554848" >
  <allocated-bytes non-tlh="4104" tlh="2550744" />
  <largest-consumer threadName="main" threadId="0000000000019A00" bytes="2554848" />
</allocation-stats>
<gc-op id="252" type="scavenge" timems="0.747" contextid="249" timestamp="2020-09-11T12:52:12.923">
  <scavenger-info tenureage="3" tenuremask="ffa8" tiltratio="87" />
  <memory-copied type="nursery" objects="2076" bytes="110344" bytesdiscarded="32504" />
  <memory-copied type="tenure" objects="648" bytes="31656" bytesdiscarded="0" />
</gc-op>
<gc-end id="253" type="scavenge" contextid="249" durationms="0.855" usertimems="1.124" systemtimems="0.155" timestamp="2020-09-11T12:52:12.924" activeThreads="4">
  <mem-info id="254" free="6247824" total="9437184" percent="66">
    <mem type="nursery" free="2675200" total="3145728" percent="85">
      <mem type="allocate" free="2675200" total="2818048" percent="94" />
      <mem type="survivor" free="0" total="327680" percent="0" />
    </mem>
    <mem type="tenure" free="3572624" total="6291456" percent="56">
      <mem type="soa" free="3257232" total="5976064" percent="54" />
      <mem type="loa" free="315392" total="315392" percent="100" />
    </mem>
    <remembered-set count="142" />
  </mem-info>
</gc-end>
<cycle-end id="255" type="scavenge" contextid="249" timestamp="2020-09-11T12:52:12.924" />
<allocation-satisfied id="256" threadId="0000000000019A00" bytesRequested="3816" />
<af-end id="257" timestamp="2020-09-11T12:52:12.924" threadId="000000000001A380" success="true" from="nursery"/>
<exclusive-end id="258" timestamp="2020-09-11T12:52:12.924" durationms="1.862" />

<exclusive-start id="259" timestamp="2020-09-11T12:52:12.939" intervalms="16.333">
  <response-info timems="0.082" idlems="0.082" threads="0" lastid="0000000000019A00" lastname="main" />
</exclusive-start>
<af-start id="260" threadId="000000000001A380" totalBytesRequested="82888" timestamp="2020-09-11T12:52:12.939" intervalms="16.302" type="nursery" />
<cycle-start id="261" type="scavenge" contextid="0" timestamp="2020-09-11T12:52:12.939" intervalms="16.201" />
<gc-start id="262" type="scavenge" contextid="261" timestamp="2020-09-11T12:52:12.939">
  <mem-info id="263" free="3572624" total="9437184" percent="37">
    <mem type="nursery" free="0" total="3145728" percent="0">
      <mem type="allocate" free="0" total="2818048" percent="0" />
      <mem type="survivor" free="0" total="327680" percent="0" />
    </mem>
    <mem type="tenure" free="3572624" total="6291456" percent="56">
      <mem type="soa" free="3257232" total="5976064" percent="54" />
      <mem type="loa" free="315392" total="315392" percent="100" />
    </mem>
    <remembered-set count="150" />
  </mem-info>
</gc-start>
<allocation-stats totalBytes="2585792" >
  <allocated-bytes non-tlh="3816" tlh="2581976" />
  <largest-consumer threadName="main" threadId="0000000000019A00" bytes="2585792" />
</allocation-stats>
<gc-op id="264" type="scavenge" timems="1.679" contextid="261" timestamp="2020-09-11T12:52:12.941">
  <scavenger-info tenureage="2" tenuremask="ffec" tiltratio="89" />
  <memory-copied type="nursery" objects="1268" bytes="107304" bytesdiscarded="29376" />
  <memory-copied type="tenure" objects="1348" bytes="69208" bytesdiscarded="24" />
</gc-op>
<heap-resize id="265" type="expand" space="nursery" amount="262144" count="1" timems="0.030" reason="excessive time being spent scavenging" timestamp="2020-09-11T12:52:12.941" />
<gc-end id="266" type="scavenge" contextid="261" durationms="1.841" usertimems="0.235" systemtimems="3.132" timestamp="2020-09-11T12:52:12.941" activeThreads="4">
  <mem-info id="267" free="6402984" total="9699328" percent="66">
    <mem type="nursery" free="2877976" total="3407872" percent="84">
      <mem type="allocate" free="2877976" total="3014656" percent="95" />
      <mem type="survivor" free="0" total="393216" percent="0" />
    </mem>
    <mem type="tenure" free="3525008" total="6291456" percent="56">
      <mem type="soa" free="3209616" total="5976064" percent="53" />
      <mem type="loa" free="315392" total="315392" percent="100" />
    </mem>
    <remembered-set count="99" />
  </mem-info>
</gc-end>
<cycle-end id="268" type="scavenge" contextid="261" timestamp="2020-09-11T12:52:12.941" />
<allocation-satisfied id="269" threadId="0000000000019A00" bytesRequested="82888" />
<af-end id="270" timestamp="2020-09-11T12:52:12.941" threadId="000000000001A380" success="true" from="nursery"/>
<exclusive-end id="271" timestamp="2020-09-11T12:52:12.941" durationms="2.707" />

<exclusive-start id="272" timestamp="2020-09-11T12:52:12.955" intervalms="16.498">
  <response-info timems="0.097" idlems="0.097" threads="0" lastid="0000000000019A00" lastname="main" />
</exclusive-start>
<af-start id="273" threadId="000000000001A380" totalBytesRequested="4104" timestamp="2020-09-11T12:52:12.955" intervalms="16.502" type="nursery" />
<cycle-start id="274" type="scavenge" contextid="0" timestamp="2020-09-11T12:52:12.955" intervalms="16.503" />
<gc-start id="275" type="scavenge" contextid="274" timestamp="2020-09-11T12:52:12.955">
  <mem-info id="276" free="3525008" total="9699328" percent="36">
    <mem type="nursery" free="0" total="3407872" percent="0">
      <mem type="allocate" free="0" total="3014656" percent="0" />
      <mem type="survivor" free="0" total="393216" percent="0" />
    </mem>
    <mem type="tenure" free="3525008" total="6291456" percent="56">
      <mem type="soa" free="3209616" total="5976064" percent="53" />
      <mem type="loa" free="315392" total="315392" percent="100" />
    </mem>
    <remembered-set count="116" />
  </mem-info>
</gc-start>
<allocation-stats totalBytes="2815000" >
  <allocated-bytes non-tlh="126944" tlh="2688056" />
  <largest-consumer threadName="main" threadId="0000000000019A00" bytes="2815000" />
</allocation-stats>
<gc-op id="277" type="scavenge" timems="0.965" contextid="274" timestamp="2020-09-11T12:52:12.956">
  <scavenger-info tenureage="5" tenuremask="ffe0" tiltratio="88" />
  <memory-copied type="nursery" objects="2131" bytes="104040" bytesdiscarded="38808" />
</gc-op>
<gc-end id="278" type="scavenge" contextid="274" durationms="1.116" usertimems="1.438" systemtimems="0.000" timestamp="2020-09-11T12:52:12.956" activeThreads="4">
  <mem-info id="279" free="6396816" total="9699328" percent="65">
    <mem type="nursery" free="2871808" total="3407872" percent="84">
      <mem type="allocate" free="2871808" total="3014656" percent="95" />
      <mem type="survivor" free="0" total="393216" percent="0" />
    </mem>
    <mem type="tenure" free="3525008" total="6291456" percent="56">
      <mem type="soa" free="3209616" total="5976064" percent="53" />
      <mem type="loa" free="315392" total="315392" percent="100" />
    </mem>
    <remembered-set count="115" />
  </mem-info>
</gc-end>
<cycle-end id="280" type="scavenge" contextid="274" timestamp="2020-09-11T12:52:12.957" />
<allocation-satisfied id="281" threadId="0000000000019A00" bytesRequested="4104" />
<af-end id="282" timestamp="2020-09-11T12:52:12.957" threadId="000000000001A380" success="true" from="nursery"/>
<exclusive-end id="283" timestamp="2020-09-11T12:52:12.957" durationms="1.961" />

<exclusive-start id="284" timestamp="2020-09-11T12:52:12.966" intervalms="10.979">
  <response-info timems="0.079" idlems="0.079" threads="0" lastid="0000000000019A00" lastname="main" />
</exclusive-start>
<af-start id="285" threadId="000000000001A380" totalBytesRequested="601456" timestamp="2020-09-11T12:52:12.966" intervalms="10.944" type="nursery" />
<cycle-start id="286" type="scavenge" contextid="0" timestamp="2020-09-11T12:52:12.966" intervalms="10.941" />
<gc-start id="287" type="scavenge" contextid="286" timestamp="2020-09-11T12:52:12.966">
  <mem-info id="288" free="3601864" total="9699328" percent="37">
    <mem type="nursery" free="76856" total="3407872" percent="2">
      <mem type="allocate" free="76856" total="3014656" percent="2" />
      <mem type="survivor" free="0" total="393216" percent="0" />
    </mem>
    <mem type="tenure" free="3525008" total="6291456" percent="56">
      <mem type="soa" free="3209616" total="5976064" percent="53" />
      <mem type="loa" free="315392" total="315392" percent="100" />
    </mem>
    <remembered-set count="126" />
  </mem-info>
</gc-start>
<allocation-stats totalBytes="2777392" >
  <allocated-bytes non-tlh="1492424" tlh="1284968" />
  <largest-consumer threadName="main" threadId="0000000000019A00" bytes="2777392" />
</allocation-stats>
<gc-op id="289" type="scavenge" timems="1.522" contextid="286" timestamp="2020-09-11T12:52:12.968">
  <scavenger-info tenureage="3" tenuremask="fff8" tiltratio="88" />
  <memory-copied type="nursery" objects="1781" bytes="85704" bytesdiscarded="33336" />
  <memory-copied type="tenure" objects="725" bytes="704208" bytesdiscarded="112" />
  <copy-failed type="nursery" objects="1" bytes="669192" />
</gc-op>
<heap-resize id="290" type="expand" space="nursery" amount="393216" count="1" timems="0.029" reason="excessive time being spent scavenging" timestamp="2020-09-11T12:52:12.968" />
<gc-end id="291" type="scavenge" contextid="286" durationms="1.672" usertimems="2.723" systemtimems="0.374" timestamp="2020-09-11T12:52:12.968" activeThreads="4">
  <mem-info id="292" free="4655240" total="10092544" percent="46">
    <mem type="nursery" free="1847040" total="3801088" percent="48">
      <mem type="allocate" free="1847040" total="1966080" percent="93" />
      <mem type="survivor" free="0" total="1835008" percent="0" />
    </mem>
    <mem type="tenure" free="2808200" total="6291456" percent="44">
      <mem type="soa" free="2492808" total="5976064" percent="41" />
      <mem type="loa" free="315392" total="315392" percent="100" />
    </mem>
    <remembered-set count="158" />
  </mem-info>
</gc-end>
<cycle-end id="293" type="scavenge" contextid="286" timestamp="2020-09-11T12:52:12.969" />
<allocation-satisfied id="294" threadId="0000000000019A00" bytesRequested="601456" />
<af-end id="295" timestamp="2020-09-11T12:52:12.969" threadId="000000000001A380" success="true" from="nursery"/>
<exclusive-end id="296" timestamp="2020-09-11T12:52:12.969" durationms="2.653" />

<exclusive-start id="297" timestamp="2020-09-11T12:52:12.978" intervalms="11.911">
  <response-info timems="0.159" idlems="0.159" threads="0" lastid="0000000000019A00" lastname="main" />
</exclusive-start>
<af-start id="298" threadId="000000000001A380" totalBytesRequested="4104" timestamp="2020-09-11T12:52:12.978" intervalms="12.060" type="nursery" />
<cycle-start id="299" type="scavenge" contextid="0" timestamp="2020-09-11T12:52:12.978" intervalms="12.066" />
<gc-start id="300" type="scavenge" contextid="299" timestamp="2020-09-11T12:52:12.978">
  <mem-info id="301" free="2808160" total="10092544" percent="27">
    <mem type="nursery" free="0" total="3801088" percent="0">
      <mem type="allocate" free="0" total="1966080" percent="0" />
      <mem type="survivor" free="0" total="1835008" percent="0" />
    </mem>
    <mem type="tenure" free="2808160" total="6291456" percent="44">
      <mem type="soa" free="2492768" total="5976064" percent="41" />
      <mem type="loa" free="315392" total="315392" percent="100" />
    </mem>
    <remembered-set count="168" />
  </mem-info>
</gc-start>
<allocation-stats totalBytes="1814304" >
  <allocated-bytes non-tlh="601496" tlh="1212808" />
  <largest-consumer threadName="main" threadId="0000000000019A00" bytes="1814304" />
</allocation-stats>
<gc-op id="302" type="scavenge" timems="1.088" contextid="299" timestamp="2020-09-11T12:52:12.980">
  <scavenger-info tenureage="2" tenuremask="ffec" tiltratio="51" />
  <memory-copied type="nursery" objects="886" bytes="49064" bytesdiscarded="22344" />
  <memory-copied type="tenure" objects="1404" bytes="68880" bytesdiscarded="144" />
  <references type="soft" candidates="1" cleared="0" enqueued="0" dynamicThreshold="32" maxThreshold="32" />
  <references type="weak" candidates="4" cleared="4" enqueued="4" />
  <references type="phantom" candidates="4" cleared="0" enqueued="0" />
</gc-op>
<heap-resize id="303" type="expand" space="nursery" amount="262144" count="1" timems="0.034" reason="excessive time being spent scavenging" timestamp="2020-09-11T12:52:12.980" />
<gc-end id="304" type="scavenge" contextid="299" durationms="1.251" usertimems="1.680" systemtimems="0.233" timestamp="2020-09-11T12:52:12.980" activeThreads="4">
  <mem-info id="305" free="5090144" total="10354688" percent="49">
    <mem type="nursery" free="2353408" total="4063232" percent="57">
      <mem type="allocate" free="2353408" total="2424832" percent="97" />
      <mem type="survivor" free="0" total="1638400" percent="0" />
    </mem>
    <mem type="tenure" free="2736736" total="6291456" percent="43">
      <mem type="soa" free="2421344" total="5976064" percent="40" />
      <mem type="loa" free="315392" total="315392" percent="100" />
    </mem>
    <pending-finalizers system="0" default="0" reference="4" classloader="0" />
    <remembered-set count="104" />
  </mem-info>
</gc-end>
<cycle-end id="306" type="scavenge" contextid="299" timestamp="2020-09-11T12:52:12.980" />
<allocation-satisfied id="307" threadId="0000000000019A00" bytesRequested="4104" />
<af-end id="308" timestamp="2020-09-11T12:52:12.980" threadId="000000000001A380" success="true" from="nursery"/>
<exclusive-end id="309" timestamp="2020-09-11T12:52:12.980" durationms="2.271" />

<exclusive-start id="310" timestamp="2020-09-11T12:52:12.988" intervalms="9.635">
  <response-info timems="0.119" idlems="0.119" threads="0" lastid="0000000000019A00" lastname="main" />
</exclusive-start>
<af-start id="311" threadId="000000000001A380" totalBytesRequested="105096" timestamp="2020-09-11T12:52:12.988" intervalms="9.475" type="nursery" />
<cycle-start id="312" type="scavenge" contextid="0" timestamp="2020-09-11T12:52:12.988" intervalms="9.466" />
<gc-start id="313" type="scavenge" contextid="312" timestamp="2020-09-11T12:52:12.988">
  <mem-info id="314" free="2816536" total="10354688" percent="27">
    <mem type="nursery" free="79800" total="4063232" percent="1">
      <mem type="allocate" free="79800" total="2424832" percent="3" />
      <mem type="survivor" free="0" total="1638400" percent="0" />
    </mem>
    <mem type="tenure" free="2736736" total="6291456" percent="43">
      <mem type="soa" free="2421344" total="5976064" percent="40" />
      <mem type="loa" free="315392" total="315392" percent="100" />
    </mem>
    <remembered-set count="105" />
  </mem-info>
</gc-start>
<allocation-stats totalBytes="2216464" >
  <allocated-bytes non-tlh="106832" tlh="2109632" />
  <largest-consumer threadName="main" threadId="0000000000019A00" bytes="2216464" />
</allocation-stats>
<gc-op id="315" type="scavenge" timems="1.361" contextid="312" timestamp="2020-09-11T12:52:12.989">
  <scavenger-info tenureage="2" tenuremask="ffe4" tiltratio="59" />
  <memory-copied type="nursery" objects="995" bytes="113872" bytesdiscarded="35224" />
  <memory-copied type="tenure" objects="376" bytes="16808" bytesdiscarded="0" />
  <references type="soft" candidates="1" cleared="0" enqueued="0" dynamicThreshold="32" maxThreshold="32" />
  <references type="phantom" candidates="4" cleared="0" enqueued="0" />
</gc-op>
<heap-resize id="316" type="expand" space="nursery" amount="393216" count="1" timems="0.023" reason="excessive time being spent scavenging" timestamp="2020-09-11T12:52:12.989" />
<gc-end id="317" type="scavenge" contextid="312" durationms="1.497" usertimems="0.000" systemtimems="2.342" timestamp="2020-09-11T12:52:12.989" activeThreads="4">
  <mem-info id="318" free="5667816" total="10747904" percent="52">
    <mem type="nursery" free="2931080" total="4456448" percent="65">
      <mem type="allocate" free="2931080" total="3080192" percent="95" />
      <mem type="survivor" free="0" total="1376256" percent="0" />
    </mem>
    <mem type="tenure" free="2736736" total="6291456" percent="43">
      <mem type="soa" free="2421344" total="5976064" percent="40" />
      <mem type="loa" free="315392" total="315392" percent="100" />
    </mem>
    <remembered-set count="78" />
  </mem-info>
</gc-end>
<cycle-end id="319" type="scavenge" contextid="312" timestamp="2020-09-11T12:52:12.990" />
<allocation-satisfied id="320" threadId="0000000000019A00" bytesRequested="105096" />
<af-end id="321" timestamp="2020-09-11T12:52:12.990" threadId="000000000001A380" success="true" from="nursery"/>
<exclusive-end id="322" timestamp="2020-09-11T12:52:12.990" durationms="2.357" />

<exclusive-start id="323" timestamp="2020-09-11T12:52:13.001" intervalms="13.832">
  <response-info timems="0.089" idlems="0.089" threads="0" lastid="0000000000019A00" lastname="main" />
</exclusive-start>
<af-start id="324" threadId="000000000001A380" totalBytesRequested="4104" timestamp="2020-09-11T12:52:13.002" intervalms="13.864" type="nursery" />
<cycle-start id="325" type="scavenge" contextid="0" timestamp="2020-09-11T12:52:13.002" intervalms="13.871" />
<gc-start id="326" type="scavenge" contextid="325" timestamp="2020-09-11T12:52:13.002">
  <mem-info id="327" free="2736736" total="10747904" percent="25">
    <mem type="nursery" free="0" total="4456448" percent="0">
      <mem type="allocate" free="0" total="3080192" percent="0" />
      <mem type="survivor" free="0" total="1376256" percent="0" />
    </mem>
    <mem type="tenure" free="2736736" total="6291456" percent="43">
      <mem type="soa" free="2421344" total="5976064" percent="40" />
      <mem type="loa" free="315392" total="315392" percent="100" />
    </mem>
    <remembered-set count="80" />
  </mem-info>
</gc-start>
<allocation-stats totalBytes="2872448" >
  <allocated-bytes non-tlh="174152" tlh="2698296" />
  <largest-consumer threadName="main" threadId="0000000000019A00" bytes="2872448" />
</allocation-stats>
<gc-op id="328" type="scavenge" timems="0.900" contextid="325" timestamp="2020-09-11T12:52:13.003">
  <scavenger-info tenureage="4" tenuremask="fff0" tiltratio="69" />
  <memory-copied type="nursery" objects="1706" bytes="86480" bytesdiscarded="32544" />
  <references type="soft" candidates="1" cleared="0" enqueued="0" dynamicThreshold="32" maxThreshold="32" />
  <references type="phantom" candidates="4" cleared="0" enqueued="0" />
</gc-op>
<gc-end id="329" type="scavenge" contextid="325" durationms="1.029" usertimems="2.142" systemtimems="0.298" timestamp="2020-09-11T12:52:13.003" activeThreads="5">
  <mem-info id="330" free="6091104" total="10747904" percent="56">
    <mem type="nursery" free="3354368" total="4456448" percent="75">
      <mem type="allocate" free="3354368" total="3473408" percent="96" />
      <mem type="survivor" free="0" total="983040" percent="0" />
    </mem>
    <mem type="tenure" free="2736736" total="6291456" percent="43">
      <mem type="soa" free="2421344" total="5976064" percent="40" />
      <mem type="loa" free="315392" total="315392" percent="100" />
    </mem>
    <remembered-set count="77" />
  </mem-info>
</gc-end>
<cycle-end id="331" type="scavenge" contextid="325" timestamp="2020-09-11T12:52:13.003" />
<allocation-satisfied id="332" threadId="0000000000019A00" bytesRequested="4104" />
<af-end id="333" timestamp="2020-09-11T12:52:13.003" threadId="000000000001A380" success="true" from="nursery"/>
<exclusive-end id="334" timestamp="2020-09-11T12:52:13.003" durationms="1.941" />

<exclusive-start id="335" timestamp="2020-09-11T12:52:13.016" intervalms="14.192">
  <response-info timems="0.240" idlems="0.240" threads="0" lastid="0000000000019A00" lastname="main" />
</exclusive-start>
<af-start id="336" threadId="000000000001A380" totalBytesRequested="4288" timestamp="2020-09-11T12:52:13.016" intervalms="14.208" type="nursery" />
<cycle-start id="337" type="scavenge" contextid="0" timestamp="2020-09-11T12:52:13.016" intervalms="14.209" />
<gc-start id="338" type="scavenge" contextid="337" timestamp="2020-09-11T12:52:13.016">
  <mem-info id="339" free="2736736" total="10747904" percent="25">
    <mem type="nursery" free="0" total="4456448" percent="0">
      <mem type="allocate" free="0" total="3473408" percent="0" />
      <mem type="survivor" free="0" total="983040" percent="0" />
    </mem>
    <mem type="tenure" free="2736736" total="6291456" percent="43">
      <mem type="soa" free="2421344" total="5976064" percent="40" />
      <mem type="loa" free="315392" total="315392" percent="100" />
    </mem>
    <remembered-set count="78" />
  </mem-info>
</gc-start>
<allocation-stats totalBytes="3270752" >
  <allocated-bytes non-tlh="4104" tlh="3266648" />
  <largest-consumer threadName="main" threadId="0000000000019A00" bytes="3270752" />
</allocation-stats>
<gc-op id="340" type="scavenge" timems="1.388" contextid="337" timestamp="2020-09-11T12:52:13.017">
  <scavenger-info tenureage="4" tenuremask="fff0" tiltratio="77" />
  <memory-copied type="nursery" objects="2683" bytes="145360" bytesdiscarded="21280" />
  <references type="soft" candidates="1" cleared="0" enqueued="0" dynamicThreshold="32" maxThreshold="32" />
  <references type="phantom" candidates="4" cleared="0" enqueued="0" />
</gc-op>
<heap-resize id="341" type="expand" space="nursery" amount="393216" count="1" timems="0.033" reason="excessive time being spent scavenging" timestamp="2020-09-11T12:52:13.017" />
<gc-end id="342" type="scavenge" contextid="337" durationms="1.561" usertimems="3.177" systemtimems="0.000" timestamp="2020-09-11T12:52:13.017" activeThreads="5">
  <mem-info id="343" free="6436704" total="11141120" percent="57">
    <mem type="nursery" free="3699968" total="4849664" percent="76">
      <mem type="allocate" free="3699968" total="3866624" percent="95" />
      <mem type="survivor" free="0" total="983040" percent="0" />
    </mem>
    <mem type="tenure" free="2736736" total="6291456" percent="43">
      <mem type="soa" free="2421344" total="5976064" percent="40" />
      <mem type="loa" free="315392" total="315392" percent="100" />
    </mem>
    <remembered-set count="78" />
  </mem-info>
</gc-end>
<cycle-end id="344" type="scavenge" contextid="337" timestamp="2020-09-11T12:52:13.018" />
<allocation-satisfied id="345" threadId="0000000000019A00" bytesRequested="4288" />
<af-end id="346" timestamp="2020-09-11T12:52:13.019" threadId="000000000001A380" success="true" from="nursery"/>
<exclusive-end id="347" timestamp="2020-09-11T12:52:13.019" durationms="2.852" />

<exclusive-start id="348" timestamp="2020-09-11T12:52:13.031" intervalms="15.803">
  <response-info timems="0.266" idlems="0.266" threads="0" lastid="0000000000019A00" lastname="main" />
</exclusive-start>
<af-start id="349" threadId="000000000001A380" totalBytesRequested="4104" timestamp="2020-09-11T12:52:13.032" intervalms="15.787" type="nursery" />
<cycle-start id="350" type="scavenge" contextid="0" timestamp="2020-09-11T12:52:13.032" intervalms="15.785" />
<gc-start id="351" type="scavenge" contextid="350" timestamp="2020-09-11T12:52:13.032">
  <mem-info id="352" free="2736736" total="11141120" percent="24">
    <mem type="nursery" free="0" total="4849664" percent="0">
      <mem type="allocate" free="0" total="3866624" percent="0" />
      <mem type="survivor" free="0" total="983040" percent="0" />
    </mem>
    <mem type="tenure" free="2736736" total="6291456" percent="43">
      <mem type="soa" free="2421344" total="5976064" percent="40" />
      <mem type="loa" free="315392" total="315392" percent="100" />
    </mem>
    <remembered-set count="80" />
  </mem-info>
</gc-start>
<allocation-stats totalBytes="3631568" >
  <allocated-bytes non-tlh="4288" tlh="3627280" />
  <largest-consumer threadName="main" threadId="0000000000019A00" bytes="3631568" />
</allocation-stats>
<gc-op id="353" type="scavenge" timems="2.951" contextid="350" timestamp="2020-09-11T12:52:13.035">
  <scavenger-info tenureage="2" tenuremask="fffc" tiltratio="79" />
  <memory-copied type="nursery" objects="2041" bytes="109864" bytesdiscarded="32976" />
  <memory-copied type="tenure" objects="1590" bytes="77608" bytesdiscarded="64" />
  <references type="phantom" candidates="2" cleared="0" enqueued="0" />
</gc-op>
<heap-resize id="354" type="expand" space="nursery" amount="524288" count="1" timems="0.034" reason="excessive time being spent scavenging" timestamp="2020-09-11T12:52:13.035" />
<gc-end id="355" type="scavenge" contextid="350" durationms="3.249" usertimems="3.488" systemtimems="0.000" timestamp="2020-09-11T12:52:13.035" activeThreads="5">
  <mem-info id="356" free="7044448" total="11665408" percent="60">
    <mem type="nursery" free="4379136" total="5373952" percent="81">
      <mem type="allocate" free="4379136" total="4521984" percent="96" />
      <mem type="survivor" free="0" total="851968" percent="0" />
    </mem>
    <mem type="tenure" free="2665312" total="6291456" percent="42">
      <mem type="soa" free="2349920" total="5976064" percent="39" />
      <mem type="loa" free="315392" total="315392" percent="100" />
    </mem>
    <remembered-set count="98" />
  </mem-info>
</gc-end>
<cycle-end id="357" type="scavenge" contextid="350" timestamp="2020-09-11T12:52:13.036" />
<allocation-satisfied id="358" threadId="0000000000019A00" bytesRequested="4104" />
<af-end id="359" timestamp="2020-09-11T12:52:13.036" threadId="000000000001A380" success="true" from="nursery"/>
<exclusive-end id="360" timestamp="2020-09-11T12:52:13.036" durationms="4.097" />

<exclusive-start id="361" timestamp="2020-09-11T12:52:13.054" intervalms="22.289">
  <response-info timems="0.473" idlems="0.473" threads="0" lastid="0000000000019A00" lastname="main" />
</exclusive-start>
<af-start id="362" threadId="000000000001A380" totalBytesRequested="2184" timestamp="2020-09-11T12:52:13.054" intervalms="22.307" type="nursery" />
<cycle-start id="363" type="scavenge" contextid="0" timestamp="2020-09-11T12:52:13.054" intervalms="22.313" />
<gc-start id="364" type="scavenge" contextid="363" timestamp="2020-09-11T12:52:13.054">
  <mem-info id="365" free="2665312" total="11665408" percent="22">
    <mem type="nursery" free="0" total="5373952" percent="0">
      <mem type="allocate" free="0" total="4521984" percent="0" />
      <mem type="survivor" free="0" total="851968" percent="0" />
    </mem>
    <mem type="tenure" free="2665312" total="6291456" percent="42">
      <mem type="soa" free="2349920" total="5976064" percent="39" />
      <mem type="loa" free="315392" total="315392" percent="100" />
    </mem>
    <remembered-set count="104" />
  </mem-info>
</gc-start>
<allocation-stats totalBytes="4228264" >
  <allocated-bytes non-tlh="4104" tlh="4224160" />
  <largest-consumer threadName="main" threadId="0000000000019A00" bytes="4228264" />
</allocation-stats>
<gc-op id="366" type="scavenge" timems="1.633" contextid="363" timestamp="2020-09-11T12:52:13.056">
  <scavenger-info tenureage="6" tenuremask="ffc0" tiltratio="84" />
  <memory-copied type="nursery" objects="3002" bytes="174144" bytesdiscarded="26320" />
  <references type="phantom" candidates="2" cleared="0" enqueued="0" />
</gc-op>
<heap-resize id="367" type="expand" space="nursery" amount="262144" count="1" timems="0.033" reason="excessive time being spent scavenging" timestamp="2020-09-11T12:52:13.056" />
<gc-end id="368" type="scavenge" contextid="363" durationms="1.964" usertimems="5.004" systemtimems="0.687" timestamp="2020-09-11T12:52:13.056" activeThreads="5">
  <mem-info id="369" free="7380040" total="11927552" percent="61">
    <mem type="nursery" free="4714728" total="5636096" percent="83">
      <mem type="allocate" free="4714728" total="4915200" percent="95" />
      <mem type="survivor" free="0" total="720896" percent="0" />
    </mem>
    <mem type="tenure" free="2665312" total="6291456" percent="42">
      <mem type="soa" free="2349920" total="5976064" percent="39" />
      <mem type="loa" free="315392" total="315392" percent="100" />
    </mem>
    <remembered-set count="103" />
  </mem-info>
</gc-end>
<cycle-end id="370" type="scavenge" contextid="363" timestamp="2020-09-11T12:52:13.057" />
<allocation-satisfied id="371" threadId="0000000000019A00" bytesRequested="2184" />
<af-end id="372" timestamp="2020-09-11T12:52:13.057" threadId="000000000001A380" success="true" from="nursery"/>
<exclusive-end id="373" timestamp="2020-09-11T12:52:13.057" durationms="2.884" />

<exclusive-start id="374" timestamp="2020-09-11T12:52:13.074" intervalms="20.555">
  <response-info timems="0.845" idlems="0.845" threads="0" lastid="0000000000019A00" lastname="main" />
</exclusive-start>
<af-start id="375" threadId="000000000001A380" totalBytesRequested="4928" timestamp="2020-09-11T12:52:13.074" intervalms="20.547" type="nursery" />
<cycle-start id="376" type="scavenge" contextid="0" timestamp="2020-09-11T12:52:13.074" intervalms="20.544" />
<gc-start id="377" type="scavenge" contextid="376" timestamp="2020-09-11T12:52:13.075">
  <mem-info id="378" free="2665312" total="11927552" percent="22">
    <mem type="nursery" free="0" total="5636096" percent="0">
      <mem type="allocate" free="0" total="4915200" percent="0" />
      <mem type="survivor" free="0" total="720896" percent="0" />
    </mem>
    <mem type="tenure" free="2665312" total="6291456" percent="42">
      <mem type="soa" free="2349920" total="5976064" percent="39" />
      <mem type="loa" free="315392" total="315392" percent="100" />
    </mem>
    <remembered-set count="103" />
  </mem-info>
</gc-start>
<allocation-stats totalBytes="4541128" >
  <allocated-bytes non-tlh="2184" tlh="4538944" />
  <largest-consumer threadName="main" threadId="0000000000019A00" bytes="4541128" />
</allocation-stats>
<gc-op id="379" type="scavenge" timems="2.144" contextid="376" timestamp="2020-09-11T12:52:13.077">
  <scavenger-info tenureage="3" tenuremask="fff8" tiltratio="87" />
  <memory-copied type="nursery" objects="3167" bytes="181344" bytesdiscarded="19120" />
  <memory-copied type="tenure" objects="976" bytes="52664" bytesdiscarded="240" />
  <references type="phantom" candidates="2" cleared="0" enqueued="0" />
</gc-op>
<heap-resize id="380" type="expand" space="nursery" amount="393216" count="1" timems="0.027" reason="excessive time being spent scavenging" timestamp="2020-09-11T12:52:13.077" />
<gc-end id="381" type="scavenge" contextid="376" durationms="2.312" usertimems="3.619" systemtimems="4.211" timestamp="2020-09-11T12:52:13.077" activeThreads="5">
  <mem-info id="382" free="7775816" total="12320768" percent="63">
    <mem type="nursery" free="5173480" total="6029312" percent="85">
      <mem type="allocate" free="5173480" total="5373952" percent="96" />
      <mem type="survivor" free="0" total="655360" percent="0" />
    </mem>
    <mem type="tenure" free="2602336" total="6291456" percent="41">
      <mem type="soa" free="2286944" total="5976064" percent="38" />
      <mem type="loa" free="315392" total="315392" percent="100" />
    </mem>
    <remembered-set count="100" />
  </mem-info>
</gc-end>
<cycle-end id="383" type="scavenge" contextid="376" timestamp="2020-09-11T12:52:13.077" />
<allocation-satisfied id="384" threadId="0000000000019A00" bytesRequested="4928" />
<af-end id="385" timestamp="2020-09-11T12:52:13.077" threadId="000000000001A380" success="true" from="nursery"/>
<exclusive-end id="386" timestamp="2020-09-11T12:52:13.077" durationms="3.108" />

<exclusive-start id="387" timestamp="2020-09-11T12:52:13.095" intervalms="20.319">
  <response-info timems="0.165" idlems="0.165" threads="0" lastid="0000000000019A00" lastname="main" />
</exclusive-start>
<af-start id="388" threadId="000000000001A380" totalBytesRequested="5752" timestamp="2020-09-11T12:52:13.095" intervalms="20.312" type="nursery" />
<cycle-start id="389" type="scavenge" contextid="0" timestamp="2020-09-11T12:52:13.095" intervalms="20.379" />
<gc-start id="390" type="scavenge" contextid="389" timestamp="2020-09-11T12:52:13.095">
  <mem-info id="391" free="2602336" total="12320768" percent="21">
    <mem type="nursery" free="0" total="6029312" percent="0">
      <mem type="allocate" free="0" total="5373952" percent="0" />
      <mem type="survivor" free="0" total="655360" percent="0" />
    </mem>
    <mem type="tenure" free="2602336" total="6291456" percent="41">
      <mem type="soa" free="2286944" total="5976064" percent="38" />
      <mem type="loa" free="315392" total="315392" percent="100" />
    </mem>
    <remembered-set count="100" />
  </mem-info>
</gc-start>
<allocation-stats totalBytes="5031072" >
  <allocated-bytes non-tlh="4928" tlh="5026144" />
  <largest-consumer threadName="main" threadId="0000000000019A00" bytes="5031072" />
</allocation-stats>
<gc-op id="392" type="scavenge" timems="1.729" contextid="389" timestamp="2020-09-11T12:52:13.097">
  <scavenger-info tenureage="3" tenuremask="ffe8" tiltratio="89" />
  <memory-copied type="nursery" objects="3550" bytes="200528" bytesdiscarded="23744" />
  <memory-copied type="tenure" objects="953" bytes="49352" bytesdiscarded="144" />
  <references type="phantom" candidates="2" cleared="0" enqueued="0" />
</gc-op>
<heap-resize id="393" type="expand" space="nursery" amount="262144" count="1" timems="0.028" reason="excessive time being spent scavenging" timestamp="2020-09-11T12:52:13.097" />
<gc-end id="394" type="scavenge" contextid="389" durationms="1.891" usertimems="2.825" systemtimems="0.000" timestamp="2020-09-11T12:52:13.097" activeThreads="5">
  <mem-info id="395" free="7901000" total="12582912" percent="62">
    <mem type="nursery" free="5346280" total="6291456" percent="84">
      <mem type="allocate" free="5346280" total="5570560" percent="95" />
      <mem type="survivor" free="0" total="720896" percent="0" />
    </mem>
    <mem type="tenure" free="2554720" total="6291456" percent="40">
      <mem type="soa" free="2239328" total="5976064" percent="37" />
      <mem type="loa" free="315392" total="315392" percent="100" />
    </mem>
    <remembered-set count="97" />
  </mem-info>
</gc-end>
<cycle-end id="396" type="scavenge" contextid="389" timestamp="2020-09-11T12:52:13.097" />
<allocation-satisfied id="397" threadId="0000000000019A00" bytesRequested="5752" />
<af-end id="398" timestamp="2020-09-11T12:52:13.097" threadId="000000000001A380" success="true" from="nursery"/>
<exclusive-end id="399" timestamp="2020-09-11T12:52:13.097" durationms="2.764" />

<exclusive-start id="400" timestamp="2020-09-11T12:52:13.120" intervalms="25.693">
  <response-info timems="0.098" idlems="0.098" threads="0" lastid="0000000000019A00" lastname="main" />
</exclusive-start>
<af-start id="401" threadId="000000000001A380" totalBytesRequested="816" timestamp="2020-09-11T12:52:13.120" intervalms="25.714" type="nursery" />
<cycle-start id="402" type="scavenge" contextid="0" timestamp="2020-09-11T12:52:13.121" intervalms="25.643" />
<gc-start id="403" type="scavenge" contextid="402" timestamp="2020-09-11T12:52:13.121">
  <mem-info id="404" free="2554720" total="12582912" percent="20">
    <mem type="nursery" free="0" total="6291456" percent="0">
      <mem type="allocate" free="0" total="5570560" percent="0" />
      <mem type="survivor" free="0" total="720896" percent="0" />
    </mem>
    <mem type="tenure" free="2554720" total="6291456" percent="40">
      <mem type="soa" free="2239328" total="5976064" percent="37" />
      <mem type="loa" free="315392" total="315392" percent="100" />
    </mem>
    <remembered-set count="112" />
  </mem-info>
</gc-start>
<allocation-stats totalBytes="5240384" >
  <allocated-bytes non-tlh="55072" tlh="5185312" />
  <largest-consumer threadName="main" threadId="0000000000019A00" bytes="5240384" />
</allocation-stats>
<gc-op id="405" type="scavenge" timems="1.496" contextid="402" timestamp="2020-09-11T12:52:13.122">
  <scavenger-info tenureage="3" tenuremask="ffe8" tiltratio="88" />
  <memory-copied type="nursery" objects="3490" bytes="178416" bytesdiscarded="35848" />
  <memory-copied type="tenure" objects="899" bytes="44080" bytesdiscarded="0" />
  <references type="phantom" candidates="2" cleared="0" enqueued="0" />
</gc-op>
<gc-end id="406" type="scavenge" contextid="402" durationms="1.597" usertimems="2.494" systemtimems="0.342" timestamp="2020-09-11T12:52:13.122" activeThreads="6">
  <mem-info id="407" free="7928928" total="12582912" percent="63">
    <mem type="nursery" free="5421824" total="6291456" percent="86">
      <mem type="allocate" free="5421824" total="5636096" percent="96" />
      <mem type="survivor" free="0" total="655360" percent="0" />
    </mem>
    <mem type="tenure" free="2507104" total="6291456" percent="39">
      <mem type="soa" free="2191712" total="5976064" percent="36" />
      <mem type="loa" free="315392" total="315392" percent="100" />
    </mem>
    <remembered-set count="214" />
  </mem-info>
</gc-end>
<cycle-end id="408" type="scavenge" contextid="402" timestamp="2020-09-11T12:52:13.123" />
<allocation-satisfied id="409" threadId="0000000000019A00" bytesRequested="816" />
<af-end id="410" timestamp="2020-09-11T12:52:13.123" threadId="000000000001A380" success="true" from="nursery"/>
<exclusive-end id="411" timestamp="2020-09-11T12:52:13.123" durationms="2.462" />

<exclusive-start id="412" timestamp="2020-09-11T12:52:13.138" intervalms="18.102">
  <response-info timems="0.162" idlems="0.162" threads="0" lastid="0000000000019A00" lastname="main" />
</exclusive-start>
<af-start id="413" threadId="000000000001A380" totalBytesRequested="2272" timestamp="2020-09-11T12:52:13.139" intervalms="18.084" type="nursery" />
<cycle-start id="414" type="scavenge" contextid="0" timestamp="2020-09-11T12:52:13.139" intervalms="18.088" />
<gc-start id="415" type="scavenge" contextid="414" timestamp="2020-09-11T12:52:13.139">
  <mem-info id="416" free="2507104" total="12582912" percent="19">
    <mem type="nursery" free="0" total="6291456" percent="0">
      <mem type="allocate" free="0" total="5636096" percent="0" />
      <mem type="survivor" free="0" total="655360" percent="0" />
    </mem>
    <mem type="tenure" free="2507104" total="6291456" percent="39">
      <mem type="soa" free="2191712" total="5976064" percent="36" />
      <mem type="loa" free="315392" total="315392" percent="100" />
    </mem>
    <remembered-set count="235" />
  </mem-info>
</gc-start>
<allocation-stats totalBytes="5299152" >
  <allocated-bytes non-tlh="74040" tlh="5225112" />
  <largest-consumer threadName="main" threadId="0000000000019A00" bytes="5299152" />
</allocation-stats>
<gc-op id="417" type="scavenge" timems="2.284" contextid="414" timestamp="2020-09-11T12:52:13.141">
  <scavenger-info tenureage="5" tenuremask="ffe0" tiltratio="89" />
  <memory-copied type="nursery" objects="4823" bytes="236432" bytesdiscarded="49256" />
  <references type="phantom" candidates="2" cleared="0" enqueued="0" />
</gc-op>
<heap-resize id="418" type="expand" space="nursery" amount="524288" count="1" timems="0.031" reason="excessive time being spent scavenging" timestamp="2020-09-11T12:52:13.141" />
<gc-end id="419" type="scavenge" contextid="414" durationms="2.451" usertimems="4.004" systemtimems="0.000" timestamp="2020-09-11T12:52:13.141" activeThreads="6">
  <mem-info id="420" free="8316256" total="13107200" percent="63">
    <mem type="nursery" free="5809152" total="6815744" percent="85">
      <mem type="allocate" free="5809152" total="6094848" percent="95" />
      <mem type="survivor" free="0" total="720896" percent="0" />
    </mem>
    <mem type="tenure" free="2507104" total="6291456" percent="39">
      <mem type="soa" free="2191712" total="5976064" percent="36" />
      <mem type="loa" free="315392" total="315392" percent="100" />
    </mem>
    <remembered-set count="223" />
  </mem-info>
</gc-end>
<cycle-end id="421" type="scavenge" contextid="414" timestamp="2020-09-11T12:52:13.142" />
<allocation-satisfied id="422" threadId="0000000000019A00" bytesRequested="2272" />
<af-end id="423" timestamp="2020-09-11T12:52:13.142" threadId="000000000001A380" success="true" from="nursery"/>
<exclusive-end id="424" timestamp="2020-09-11T12:52:13.142" durationms="3.258" />

<exclusive-start id="425" timestamp="2020-09-11T12:52:13.159" intervalms="20.446">
  <response-info timems="0.108" idlems="0.108" threads="0" lastid="0000000000019A00" lastname="main" />
</exclusive-start>
<af-start id="426" threadId="000000000001A380" totalBytesRequested="4104" timestamp="2020-09-11T12:52:13.159" intervalms="20.441" type="nursery" />
<cycle-start id="427" type="scavenge" contextid="0" timestamp="2020-09-11T12:52:13.159" intervalms="20.440" />
<gc-start id="428" type="scavenge" contextid="427" timestamp="2020-09-11T12:52:13.159">
  <mem-info id="429" free="2507056" total="13107200" percent="19">
    <mem type="nursery" free="0" total="6815744" percent="0">
      <mem type="allocate" free="0" total="6094848" percent="0" />
      <mem type="survivor" free="0" total="720896" percent="0" />
    </mem>
    <mem type="tenure" free="2507056" total="6291456" percent="39">
      <mem type="soa" free="2191664" total="5976064" percent="36" />
      <mem type="loa" free="315392" total="315392" percent="100" />
    </mem>
    <remembered-set count="234" />
  </mem-info>
</gc-start>
<allocation-stats totalBytes="5572344" >
  <allocated-bytes non-tlh="98528" tlh="5473816" />
  <largest-consumer threadName="main" threadId="0000000000019A00" bytes="5572344" />
</allocation-stats>
<gc-op id="430" type="scavenge" timems="2.027" contextid="427" timestamp="2020-09-11T12:52:13.161">
  <scavenger-info tenureage="3" tenuremask="fff8" tiltratio="89" />
  <memory-copied type="nursery" objects="3729" bytes="163800" bytesdiscarded="65824" />
  <memory-copied type="tenure" objects="2370" bytes="123056" bytesdiscarded="312" />
  <references type="phantom" candidates="2" cleared="0" enqueued="0" />
</gc-op>
<heap-resize id="431" type="expand" space="nursery" amount="393216" count="1" timems="0.027" reason="excessive time being spent scavenging" timestamp="2020-09-11T12:52:13.161" />
<gc-end id="432" type="scavenge" contextid="427" durationms="2.214" usertimems="3.798" systemtimems="0.000" timestamp="2020-09-11T12:52:13.161" activeThreads="6">
  <mem-info id="433" free="8580912" total="13500416" percent="63">
    <mem type="nursery" free="6192896" total="7208960" percent="85">
      <mem type="allocate" free="6192896" total="6422528" percent="96" />
      <mem type="survivor" free="0" total="786432" percent="0" />
    </mem>
    <mem type="tenure" free="2388016" total="6291456" percent="37">
      <mem type="soa" free="2072624" total="5976064" percent="34" />
      <mem type="loa" free="315392" total="315392" percent="100" />
    </mem>
    <remembered-set count="294" />
  </mem-info>
</gc-end>
<cycle-end id="434" type="scavenge" contextid="427" timestamp="2020-09-11T12:52:13.162" />
<allocation-satisfied id="435" threadId="0000000000019A00" bytesRequested="4104" />
<af-end id="436" timestamp="2020-09-11T12:52:13.162" threadId="000000000001A380" success="true" from="nursery"/>
<exclusive-end id="437" timestamp="2020-09-11T12:52:13.162" durationms="3.009" />

<exclusive-start id="438" timestamp="2020-09-11T12:52:13.181" intervalms="21.687">
  <response-info timems="0.136" idlems="0.136" threads="0" lastid="0000000000019A00" lastname="main" />
</exclusive-start>
<af-start id="439" threadId="000000000001A380" totalBytesRequested="55448" timestamp="2020-09-11T12:52:13.181" intervalms="21.705" type="nursery" />
<cycle-start id="440" type="scavenge" contextid="0" timestamp="2020-09-11T12:52:13.181" intervalms="21.710" />
<gc-start id="441" type="scavenge" contextid="440" timestamp="2020-09-11T12:52:13.181">
  <mem-info id="442" free="2388016" total="13500416" percent="17">
    <mem type="nursery" free="0" total="7208960" percent="0">
      <mem type="allocate" free="0" total="6422528" percent="0" />
      <mem type="survivor" free="0" total="786432" percent="0" />
    </mem>
    <mem type="tenure" free="2388016" total="6291456" percent="37">
      <mem type="soa" free="2072624" total="5976064" percent="34" />
      <mem type="loa" free="315392" total="315392" percent="100" />
    </mem>
    <remembered-set count="294" />
  </mem-info>
</gc-start>
<allocation-stats totalBytes="5943776" >
  <allocated-bytes non-tlh="453872" tlh="5489904" />
  <largest-consumer threadName="main" threadId="0000000000019A00" bytes="5943776" />
</allocation-stats>
<gc-op id="443" type="scavenge" timems="1.708" contextid="440" timestamp="2020-09-11T12:52:13.183">
  <scavenger-info tenureage="3" tenuremask="ffc8" tiltratio="89" />
  <memory-copied type="nursery" objects="3698" bytes="198160" bytesdiscarded="35384" />
  <memory-copied type="tenure" objects="960" bytes="40976" bytesdiscarded="48" />
  <references type="phantom" candidates="2" cleared="0" enqueued="0" />
</gc-op>
<heap-resize id="444" type="expand" space="nursery" amount="262144" count="1" timems="0.033" reason="excessive time being spent scavenging" timestamp="2020-09-11T12:52:13.183" />
<gc-end id="445" type="scavenge" contextid="440" durationms="1.883" usertimems="3.666" systemtimems="0.206" timestamp="2020-09-11T12:52:13.183" activeThreads="6">
  <mem-info id="446" free="8791520" total="13762560" percent="63">
    <mem type="nursery" free="6451120" total="7471104" percent="86">
      <mem type="allocate" free="6451120" total="6684672" percent="96" />
      <mem type="survivor" free="0" total="786432" percent="0" />
    </mem>
    <mem type="tenure" free="2340400" total="6291456" percent="37">
      <mem type="soa" free="2025008" total="5976064" percent="33" />
      <mem type="loa" free="315392" total="315392" percent="100" />
    </mem>
    <remembered-set count="164" />
  </mem-info>
</gc-end>
<cycle-end id="447" type="scavenge" contextid="440" timestamp="2020-09-11T12:52:13.183" />
<allocation-satisfied id="448" threadId="0000000000019A00" bytesRequested="55448" />
<af-end id="449" timestamp="2020-09-11T12:52:13.183" threadId="000000000001A380" success="true" from="nursery"/>
<exclusive-end id="450" timestamp="2020-09-11T12:52:13.183" durationms="2.848" />

<exclusive-start id="451" timestamp="2020-09-11T12:52:13.203" intervalms="22.700">
  <response-info timems="0.177" idlems="0.177" threads="0" lastid="0000000000019A00" lastname="main" />
</exclusive-start>
<af-start id="452" threadId="000000000001A380" totalBytesRequested="1928" timestamp="2020-09-11T12:52:13.203" intervalms="22.689" type="nursery" />
<cycle-start id="453" type="scavenge" contextid="0" timestamp="2020-09-11T12:52:13.203" intervalms="22.686" />
<gc-start id="454" type="scavenge" contextid="453" timestamp="2020-09-11T12:52:13.204">
  <mem-info id="455" free="2340400" total="13762560" percent="17">
    <mem type="nursery" free="0" total="7471104" percent="0">
      <mem type="allocate" free="0" total="6684672" percent="0" />
      <mem type="survivor" free="0" total="786432" percent="0" />
    </mem>
    <mem type="tenure" free="2340400" total="6291456" percent="37">
      <mem type="soa" free="2025008" total="5976064" percent="33" />
      <mem type="loa" free="315392" total="315392" percent="100" />
    </mem>
    <remembered-set count="167" />
  </mem-info>
</gc-start>
<allocation-stats totalBytes="6228880" >
  <allocated-bytes non-tlh="55448" tlh="6173432" />
  <largest-consumer threadName="main" threadId="0000000000019A00" bytes="6228880" />
</allocation-stats>
<gc-op id="456" type="scavenge" timems="1.713" contextid="453" timestamp="2020-09-11T12:52:13.205">
  <scavenger-info tenureage="2" tenuremask="ffec" tiltratio="89" />
  <memory-copied type="nursery" objects="2328" bytes="111896" bytesdiscarded="30944" />
  <memory-copied type="tenure" objects="2719" bytes="118880" bytesdiscarded="72" />
  <references type="phantom" candidates="2" cleared="0" enqueued="0" />
</gc-op>
<gc-end id="457" type="scavenge" contextid="453" durationms="1.850" usertimems="3.759" systemtimems="0.000" timestamp="2020-09-11T12:52:13.205" activeThreads="6">
  <mem-info id="458" free="8747824" total="13762560" percent="63">
    <mem type="nursery" free="6541824" total="7471104" percent="87">
      <mem type="allocate" free="6541824" total="6684672" percent="97" />
      <mem type="survivor" free="0" total="786432" percent="0" />
    </mem>
    <mem type="tenure" free="2206000" total="6291456" percent="35">
      <mem type="soa" free="1890608" total="5976064" percent="31" />
      <mem type="loa" free="315392" total="315392" percent="100" />
    </mem>
    <remembered-set count="119" />
  </mem-info>
</gc-end>
<cycle-end id="459" type="scavenge" contextid="453" timestamp="2020-09-11T12:52:13.206" />
<allocation-satisfied id="460" threadId="0000000000019A00" bytesRequested="1928" />
<af-end id="461" timestamp="2020-09-11T12:52:13.206" threadId="000000000001A380" success="true" from="nursery"/>
<exclusive-end id="462" timestamp="2020-09-11T12:52:13.206" durationms="2.717" />

<exclusive-start id="463" timestamp="2020-09-11T12:52:13.225" intervalms="21.537">
  <response-info timems="0.112" idlems="0.112" threads="0" lastid="0000000000019A00" lastname="main" />
</exclusive-start>
<af-start id="464" threadId="000000000001A380" totalBytesRequested="6272" timestamp="2020-09-11T12:52:13.225" intervalms="21.546" type="nursery" />
<cycle-start id="465" type="scavenge" contextid="0" timestamp="2020-09-11T12:52:13.225" intervalms="21.548" />
<gc-start id="466" type="scavenge" contextid="465" timestamp="2020-09-11T12:52:13.225">
  <mem-info id="467" free="2206000" total="13762560" percent="16">
    <mem type="nursery" free="0" total="7471104" percent="0">
      <mem type="allocate" free="0" total="6684672" percent="0" />
      <mem type="survivor" free="0" total="786432" percent="0" />
    </mem>
    <mem type="tenure" free="2206000" total="6291456" percent="35">
      <mem type="soa" free="1890608" total="5976064" percent="31" />
      <mem type="loa" free="315392" total="315392" percent="100" />
    </mem>
    <remembered-set count="138" />
  </mem-info>
</gc-start>
<allocation-stats totalBytes="6372832" >
  <allocated-bytes non-tlh="1928" tlh="6370904" />
  <largest-consumer threadName="main" threadId="0000000000019A00" bytes="6372832" />
</allocation-stats>
<gc-op id="468" type="scavenge" timems="3.479" contextid="465" timestamp="2020-09-11T12:52:13.229">
  <scavenger-info tenureage="5" tenuremask="ffe0" tiltratio="89" />
  <memory-copied type="nursery" objects="4156" bytes="200144" bytesdiscarded="61736" />
  <references type="phantom" candidates="2" cleared="0" enqueued="0" />
</gc-op>
<heap-resize id="469" type="expand" space="nursery" amount="786432" count="1" timems="0.055" reason="excessive time being spent scavenging" timestamp="2020-09-11T12:52:13.229" />
<gc-end id="470" type="scavenge" contextid="465" durationms="3.840" usertimems="5.871" systemtimems="0.089" timestamp="2020-09-11T12:52:13.229" activeThreads="6">
  <mem-info id="471" free="9284144" total="14548992" percent="63">
    <mem type="nursery" free="7078144" total="8257536" percent="85">
      <mem type="allocate" free="7078144" total="7340032" percent="96" />
      <mem type="survivor" free="0" total="917504" percent="0" />
    </mem>
    <mem type="tenure" free="2206000" total="6291456" percent="35">
      <mem type="soa" free="1890608" total="5976064" percent="31" />
      <mem type="loa" free="315392" total="315392" percent="100" />
    </mem>
    <remembered-set count="129" />
  </mem-info>
</gc-end>
<cycle-end id="472" type="scavenge" contextid="465" timestamp="2020-09-11T12:52:13.231" />
<allocation-satisfied id="473" threadId="0000000000019A00" bytesRequested="6272" />
<af-end id="474" timestamp="2020-09-11T12:52:13.231" threadId="000000000001A380" success="true" from="nursery"/>
<exclusive-end id="475" timestamp="2020-09-11T12:52:13.231" durationms="6.182" />

<exclusive-start id="476" timestamp="2020-09-11T12:52:13.255" intervalms="30.121">
  <response-info timems="0.147" idlems="0.147" threads="0" lastid="0000000000019A00" lastname="main" />
</exclusive-start>
<af-start id="477" threadId="000000000001A380" totalBytesRequested="1648" timestamp="2020-09-11T12:52:13.255" intervalms="30.126" type="nursery" />
<cycle-start id="478" type="scavenge" contextid="0" timestamp="2020-09-11T12:52:13.255" intervalms="30.120" />
<gc-start id="479" type="scavenge" contextid="478" timestamp="2020-09-11T12:52:13.255">
  <mem-info id="480" free="2205896" total="14548992" percent="15">
    <mem type="nursery" free="0" total="8257536" percent="0">
      <mem type="allocate" free="0" total="7340032" percent="0" />
      <mem type="survivor" free="0" total="917504" percent="0" />
    </mem>
    <mem type="tenure" free="2205896" total="6291456" percent="35">
      <mem type="soa" free="1890504" total="5976064" percent="31" />
      <mem type="loa" free="315392" total="315392" percent="100" />
    </mem>
    <remembered-set count="138" />
  </mem-info>
</gc-start>
<allocation-stats totalBytes="6829880" >
  <allocated-bytes non-tlh="6376" tlh="6823504" />
  <largest-consumer threadName="main" threadId="0000000000019A00" bytes="6829880" />
</allocation-stats>
<gc-op id="481" type="scavenge" timems="1.825" contextid="478" timestamp="2020-09-11T12:52:13.257">
  <scavenger-info tenureage="3" tenuremask="fff8" tiltratio="88" />
  <memory-copied type="nursery" objects="4816" bytes="241048" bytesdiscarded="44640" />
  <memory-copied type="tenure" objects="928" bytes="43544" bytesdiscarded="152" />
  <references type="phantom" candidates="2" cleared="0" enqueued="0" />
</gc-op>
<gc-end id="482" type="scavenge" contextid="478" durationms="1.994" usertimems="2.843" systemtimems="0.000" timestamp="2020-09-11T12:52:13.257" activeThreads="6">
  <mem-info id="483" free="9278152" total="14548992" percent="63">
    <mem type="nursery" free="7119872" total="8257536" percent="86">
      <mem type="allocate" free="7119872" total="7405568" percent="96" />
      <mem type="survivor" free="0" total="851968" percent="0" />
    </mem>
    <mem type="tenure" free="2158280" total="6291456" percent="34">
      <mem type="soa" free="1842888" total="5976064" percent="30" />
      <mem type="loa" free="315392" total="315392" percent="100" />
    </mem>
    <remembered-set count="121" />
  </mem-info>
</gc-end>
<cycle-end id="484" type="scavenge" contextid="478" timestamp="2020-09-11T12:52:13.258" />
<allocation-satisfied id="485" threadId="0000000000019A00" bytesRequested="1648" />
<af-end id="486" timestamp="2020-09-11T12:52:13.258" threadId="000000000001A380" success="true" from="nursery"/>
<exclusive-end id="487" timestamp="2020-09-11T12:52:13.258" durationms="3.048" />

<exclusive-start id="488" timestamp="2020-09-11T12:52:13.284" intervalms="29.233">
  <response-info timems="0.104" idlems="0.104" threads="0" lastid="0000000000019A00" lastname="main" />
</exclusive-start>
<af-start id="489" threadId="000000000001A380" totalBytesRequested="8664" timestamp="2020-09-11T12:52:13.284" intervalms="29.247" type="nursery" />
<cycle-start id="490" type="scavenge" contextid="0" timestamp="2020-09-11T12:52:13.284" intervalms="29.292" />
<gc-start id="491" type="scavenge" contextid="490" timestamp="2020-09-11T12:52:13.284">
  <mem-info id="492" free="2158072" total="14548992" percent="14">
    <mem type="nursery" free="0" total="8257536" percent="0">
      <mem type="allocate" free="0" total="7405568" percent="0" />
      <mem type="survivor" free="0" total="851968" percent="0" />
    </mem>
    <mem type="tenure" free="2158072" total="6291456" percent="34">
      <mem type="soa" free="1842680" total="5976064" percent="30" />
      <mem type="loa" free="315392" total="315392" percent="100" />
    </mem>
    <remembered-set count="131" />
  </mem-info>
</gc-start>
<allocation-stats totalBytes="6820104" >
  <allocated-bytes non-tlh="1856" tlh="6818248" />
  <largest-consumer threadName="main" threadId="0000000000019A00" bytes="6820104" />
</allocation-stats>
<gc-op id="493" type="scavenge" timems="2.420" contextid="490" timestamp="2020-09-11T12:52:13.287">
  <scavenger-info tenureage="3" tenuremask="4008" tiltratio="89" />
  <memory-copied type="nursery" objects="4941" bytes="256880" bytesdiscarded="67976" />
  <memory-copied type="tenure" objects="1350" bytes="59696" bytesdiscarded="168" />
  <references type="phantom" candidates="2" cleared="0" enqueued="0" />
</gc-op>
<heap-resize id="494" type="expand" space="nursery" amount="524288" count="1" timems="0.048" reason="excessive time being spent scavenging" timestamp="2020-09-11T12:52:13.287" />
<gc-end id="495" type="scavenge" contextid="490" durationms="2.723" usertimems="3.664" systemtimems="0.485" timestamp="2020-09-11T12:52:13.287" activeThreads="6">
  <mem-info id="496" free="9649912" total="15073280" percent="64">
    <mem type="nursery" free="7539456" total="8781824" percent="85">
      <mem type="allocate" free="7539456" total="7864320" percent="95" />
      <mem type="survivor" free="0" total="917504" percent="0" />
    </mem>
    <mem type="tenure" free="2110456" total="6291456" percent="33">
      <mem type="soa" free="1795064" total="5976064" percent="30" />
      <mem type="loa" free="315392" total="315392" percent="100" />
    </mem>
    <remembered-set count="117" />
  </mem-info>
</gc-end>
<cycle-end id="497" type="scavenge" contextid="490" timestamp="2020-09-11T12:52:13.288" />
<allocation-satisfied id="498" threadId="0000000000019A00" bytesRequested="8664" />
<af-end id="499" timestamp="2020-09-11T12:52:13.288" threadId="000000000001A380" success="true" from="nursery"/>
<exclusive-end id="500" timestamp="2020-09-11T12:52:13.288" durationms="3.556" />

<exclusive-start id="501" timestamp="2020-09-11T12:52:13.313" intervalms="28.901">
  <response-info timems="0.090" idlems="0.090" threads="0" lastid="0000000000019A00" lastname="main" />
</exclusive-start>
<af-start id="502" threadId="000000000001A380" totalBytesRequested="14456" timestamp="2020-09-11T12:52:13.313" intervalms="28.877" type="nursery" />
<cycle-start id="503" type="scavenge" contextid="0" timestamp="2020-09-11T12:52:13.313" intervalms="28.840" />
<gc-start id="504" type="scavenge" contextid="503" timestamp="2020-09-11T12:52:13.313">
  <mem-info id="505" free="2110456" total="15073280" percent="14">
    <mem type="nursery" free="0" total="8781824" percent="0">
      <mem type="allocate" free="0" total="7864320" percent="0" />
      <mem type="survivor" free="0" total="917504" percent="0" />
    </mem>
    <mem type="tenure" free="2110456" total="6291456" percent="33">
      <mem type="soa" free="1795064" total="5976064" percent="30" />
      <mem type="loa" free="315392" total="315392" percent="100" />
    </mem>
    <remembered-set count="137" />
  </mem-info>
</gc-start>
<allocation-stats totalBytes="7324280" >
  <allocated-bytes non-tlh="94880" tlh="7229400" />
  <largest-consumer threadName="main" threadId="0000000000019A00" bytes="7324280" />
</allocation-stats>
<gc-op id="506" type="scavenge" timems="1.970" contextid="503" timestamp="2020-09-11T12:52:13.315">
  <scavenger-info tenureage="3" tenuremask="4008" tiltratio="89" />
  <memory-copied type="nursery" objects="4731" bytes="251288" bytesdiscarded="34400" />
  <memory-copied type="tenure" objects="1835" bytes="85864" bytesdiscarded="352" />
  <references type="phantom" candidates="2" cleared="0" enqueued="0" />
</gc-op>
<gc-end id="507" type="scavenge" contextid="503" durationms="2.087" usertimems="3.521" systemtimems="0.241" timestamp="2020-09-11T12:52:13.315" activeThreads="7">
  <mem-info id="508" free="9593848" total="15073280" percent="63">
    <mem type="nursery" free="7578624" total="8781824" percent="86">
      <mem type="allocate" free="7578624" total="7864320" percent="96" />
      <mem type="survivor" free="0" total="917504" percent="0" />
    </mem>
    <mem type="tenure" free="2015224" total="6291456" percent="32">
      <mem type="soa" free="1699832" total="5976064" percent="28" />
      <mem type="loa" free="315392" total="315392" percent="100" />
    </mem>
    <remembered-set count="160" />
  </mem-info>
</gc-end>
<cycle-end id="509" type="scavenge" contextid="503" timestamp="2020-09-11T12:52:13.316" />
<allocation-satisfied id="510" threadId="0000000000019A00" bytesRequested="14456" />
<af-end id="511" timestamp="2020-09-11T12:52:13.316" threadId="000000000001A380" success="true" from="nursery"/>
<exclusive-end id="512" timestamp="2020-09-11T12:52:13.316" durationms="2.869" />

<exclusive-start id="513" timestamp="2020-09-11T12:52:13.339" intervalms="25.791">
  <response-info timems="0.097" idlems="0.097" threads="0" lastid="0000000000019A00" lastname="main" />
</exclusive-start>
<af-start id="514" threadId="000000000001A380" totalBytesRequested="2080" timestamp="2020-09-11T12:52:13.339" intervalms="25.783" type="nursery" />
<cycle-start id="515" type="scavenge" contextid="0" timestamp="2020-09-11T12:52:13.339" intervalms="25.774" />
<gc-start id="516" type="scavenge" contextid="515" timestamp="2020-09-11T12:52:13.339">
  <mem-info id="517" free="2015224" total="15073280" percent="13">
    <mem type="nursery" free="0" total="8781824" percent="0">
      <mem type="allocate" free="0" total="7864320" percent="0" />
      <mem type="survivor" free="0" total="917504" percent="0" />
    </mem>
    <mem type="tenure" free="2015224" total="6291456" percent="32">
      <mem type="soa" free="1699832" total="5976064" percent="28" />
      <mem type="loa" free="315392" total="315392" percent="100" />
    </mem>
    <remembered-set count="191" />
  </mem-info>
</gc-start>
<allocation-stats totalBytes="7429664" >
  <allocated-bytes non-tlh="14456" tlh="7415208" />
  <largest-consumer threadName="main" threadId="0000000000019A00" bytes="7429664" />
</allocation-stats>
<gc-op id="518" type="scavenge" timems="2.468" contextid="515" timestamp="2020-09-11T12:52:13.342">
  <scavenger-info tenureage="3" tenuremask="4008" tiltratio="89" />
  <memory-copied type="nursery" objects="4963" bytes="250496" bytesdiscarded="59000" />
  <memory-copied type="tenure" objects="1527" bytes="78888" bytesdiscarded="168" />
  <references type="phantom" candidates="2" cleared="0" enqueued="0" />
</gc-op>
<heap-resize id="519" type="expand" space="nursery" amount="524288" count="1" timems="0.029" reason="excessive time being spent scavenging" timestamp="2020-09-11T12:52:13.342" />
<gc-end id="520" type="scavenge" contextid="515" durationms="2.635" usertimems="4.930" systemtimems="0.000" timestamp="2020-09-11T12:52:13.342" activeThreads="7">
  <mem-info id="521" free="9957368" total="15597568" percent="63">
    <mem type="nursery" free="8013568" total="9306112" percent="86">
      <mem type="allocate" free="8013568" total="8323072" percent="96" />
      <mem type="survivor" free="0" total="983040" percent="0" />
    </mem>
    <mem type="tenure" free="1943800" total="6291456" percent="30">
      <mem type="soa" free="1628408" total="5976064" percent="27" />
      <mem type="loa" free="315392" total="315392" percent="100" />
    </mem>
    <remembered-set count="125" />
  </mem-info>
</gc-end>
<cycle-end id="522" type="scavenge" contextid="515" timestamp="2020-09-11T12:52:13.342" />
<allocation-satisfied id="523" threadId="0000000000019A00" bytesRequested="2080" />
<af-end id="524" timestamp="2020-09-11T12:52:13.342" threadId="000000000001A380" success="true" from="nursery"/>
<exclusive-end id="525" timestamp="2020-09-11T12:52:13.342" durationms="3.456" />

<exclusive-start id="526" timestamp="2020-09-11T12:52:13.411" intervalms="71.697">
  <response-info timems="0.086" idlems="0.086" threads="0" lastid="0000000000019A00" lastname="main" />
</exclusive-start>
<af-start id="527" threadId="000000000001A380" totalBytesRequested="24" timestamp="2020-09-11T12:52:13.411" intervalms="71.694" type="nursery" />
<cycle-start id="528" type="scavenge" contextid="0" timestamp="2020-09-11T12:52:13.411" intervalms="71.697" />
<gc-start id="529" type="scavenge" contextid="528" timestamp="2020-09-11T12:52:13.411">
  <mem-info id="530" free="1935600" total="15597568" percent="12">
    <mem type="nursery" free="0" total="9306112" percent="0">
      <mem type="allocate" free="0" total="8323072" percent="0" />
      <mem type="survivor" free="0" total="983040" percent="0" />
    </mem>
    <mem type="tenure" free="1935600" total="6291456" percent="30">
      <mem type="soa" free="1620208" total="5976064" percent="27" />
      <mem type="loa" free="315392" total="315392" percent="100" />
    </mem>
    <remembered-set count="269" />
  </mem-info>
</gc-start>
<allocation-stats totalBytes="8015192" >
  <allocated-bytes non-tlh="10280" tlh="8004912" />
  <largest-consumer threadName="main" threadId="0000000000019A00" bytes="8015192" />
</allocation-stats>
<gc-op id="531" type="scavenge" timems="2.798" contextid="528" timestamp="2020-09-11T12:52:13.414">
  <scavenger-info tenureage="3" tenuremask="4008" tiltratio="89" />
  <memory-copied type="nursery" objects="9951" bytes="523608" bytesdiscarded="168520" />
  <memory-copied type="tenure" objects="1468" bytes="75544" bytesdiscarded="40" />
  <finalization candidates="2" enqueued="0" />
  <references type="soft" candidates="31" cleared="0" enqueued="0" dynamicThreshold="32" maxThreshold="32" />
  <references type="weak" candidates="46" cleared="10" enqueued="5" />
  <references type="phantom" candidates="2" cleared="0" enqueued="0" />
</gc-op>
<gc-end id="532" type="scavenge" contextid="528" durationms="2.933" usertimems="8.589" systemtimems="0.054" timestamp="2020-09-11T12:52:13.414" activeThreads="7">
  <mem-info id="533" free="9433568" total="15597568" percent="60">
    <mem type="nursery" free="7630832" total="9306112" percent="81">
      <mem type="allocate" free="7630832" total="8323072" percent="91" />
      <mem type="survivor" free="0" total="983040" percent="0" />
    </mem>
    <mem type="tenure" free="1802736" total="6291456" percent="28">
      <mem type="soa" free="1487344" total="5976064" percent="24" />
      <mem type="loa" free="315392" total="315392" percent="100" />
    </mem>
    <pending-finalizers system="0" default="0" reference="5" classloader="0" />
    <remembered-set count="267" />
  </mem-info>
</gc-end>
<cycle-end id="534" type="scavenge" contextid="528" timestamp="2020-09-11T12:52:13.414" />
<allocation-satisfied id="535" threadId="0000000000019A00" bytesRequested="24" />
<af-end id="536" timestamp="2020-09-11T12:52:13.414" threadId="000000000001A380" success="true" from="nursery"/>
<exclusive-end id="537" timestamp="2020-09-11T12:52:13.414" durationms="3.763" />

<exclusive-start id="538" timestamp="2020-09-11T12:52:13.767" intervalms="356.337">
  <response-info timems="0.098" idlems="0.098" threads="0" lastid="0000000000019A00" lastname="main" />
</exclusive-start>
<af-start id="539" threadId="000000000001A380" totalBytesRequested="1968" timestamp="2020-09-11T12:52:13.767" intervalms="356.368" type="nursery" />
<cycle-start id="540" type="scavenge" contextid="0" timestamp="2020-09-11T12:52:13.767" intervalms="356.371" />
<gc-start id="541" type="scavenge" contextid="540" timestamp="2020-09-11T12:52:13.767">
  <mem-info id="542" free="1617288" total="15597568" percent="10">
    <mem type="nursery" free="0" total="9306112" percent="0">
      <mem type="allocate" free="0" total="8323072" percent="0" />
      <mem type="survivor" free="0" total="983040" percent="0" />
    </mem>
    <mem type="tenure" free="1617288" total="6291456" percent="25">
      <mem type="soa" free="1301896" total="5976064" percent="21" />
      <mem type="loa" free="315392" total="315392" percent="100" />
    </mem>
    <remembered-set count="3226" />
  </mem-info>
</gc-start>
<allocation-stats totalBytes="7793336" >
  <allocated-bytes non-tlh="365712" tlh="7427624" />
  <largest-consumer threadName="main" threadId="0000000000019A00" bytes="7752376" />
</allocation-stats>
<gc-op id="543" type="scavenge" timems="3.709" contextid="540" timestamp="2020-09-11T12:52:13.771">
  <scavenger-info tenureage="3" tenuremask="4008" tiltratio="89" />
  <memory-copied type="nursery" objects="14355" bytes="648728" bytesdiscarded="122576" />
  <memory-copied type="tenure" objects="1622" bytes="75856" bytesdiscarded="48" />
  <finalization candidates="13" enqueued="6" />
  <ownableSynchronizers candidates="9" cleared="0" />
  <references type="soft" candidates="63" cleared="0" enqueued="0" dynamicThreshold="32" maxThreshold="32" />
  <references type="weak" candidates="970" cleared="625" enqueued="552" />
  <references type="phantom" candidates="5" cleared="1" enqueued="1" />
</gc-op>
<gc-end id="544" type="scavenge" contextid="540" durationms="3.902" usertimems="13.561" systemtimems="0.000" timestamp="2020-09-11T12:52:13.771" activeThreads="7">
  <mem-info id="545" free="9143944" total="15597568" percent="58">
    <mem type="nursery" free="7550464" total="9306112" percent="81">
      <mem type="allocate" free="7550464" total="8323072" percent="90" />
      <mem type="survivor" free="0" total="983040" percent="0" />
    </mem>
    <mem type="tenure" free="1593480" total="6291456" percent="25">
      <mem type="soa" free="1278088" total="5976064" percent="21" />
      <mem type="loa" free="315392" total="315392" percent="100" />
    </mem>
    <pending-finalizers system="1" default="5" reference="553" classloader="0" />
    <remembered-set count="3204" />
  </mem-info>
</gc-end>
<cycle-end id="546" type="scavenge" contextid="540" timestamp="2020-09-11T12:52:13.772" />
<allocation-satisfied id="547" threadId="0000000000019A00" bytesRequested="1968" />
<af-end id="548" timestamp="2020-09-11T12:52:13.772" threadId="000000000001A380" success="true" from="nursery"/>
<exclusive-end id="549" timestamp="2020-09-11T12:52:13.772" durationms="4.881" />

<exclusive-start id="550" timestamp="2020-09-11T12:52:13.968" intervalms="201.322">
  <response-info timems="0.350" idlems="0.350" threads="0" lastid="0000000000019A00" lastname="main" />
</exclusive-start>
<af-start id="551" threadId="000000000001A380" totalBytesRequested="4136" timestamp="2020-09-11T12:52:13.968" intervalms="201.341" type="nursery" />
<cycle-start id="552" type="scavenge" contextid="0" timestamp="2020-09-11T12:52:13.968" intervalms="201.350" />
<gc-start id="553" type="scavenge" contextid="552" timestamp="2020-09-11T12:52:13.969">
  <mem-info id="554" free="1534056" total="15597568" percent="9">
    <mem type="nursery" free="0" total="9306112" percent="0">
      <mem type="allocate" free="0" total="8323072" percent="0" />
      <mem type="survivor" free="0" total="983040" percent="0" />
    </mem>
    <mem type="tenure" free="1534056" total="6291456" percent="24">
      <mem type="soa" free="1218664" total="5976064" percent="20" />
      <mem type="loa" free="315392" total="315392" percent="100" />
    </mem>
    <remembered-set count="3830" />
  </mem-info>
</gc-start>
<allocation-stats totalBytes="7575024" >
  <allocated-bytes non-tlh="76760" tlh="7498264" />
  <largest-consumer threadName="main" threadId="0000000000019A00" bytes="7563192" />
</allocation-stats>
<gc-op id="555" type="scavenge" timems="4.712" contextid="552" timestamp="2020-09-11T12:52:13.973">
  <scavenger-info tenureage="3" tenuremask="4008" tiltratio="89" />
  <memory-copied type="nursery" objects="14239" bytes="667832" bytesdiscarded="45144" />
  <memory-copied type="tenure" objects="1763" bytes="86424" bytesdiscarded="64" />
  <finalization candidates="7" enqueued="0" />
  <ownableSynchronizers candidates="9" cleared="0" />
  <references type="soft" candidates="71" cleared="0" enqueued="0" dynamicThreshold="32" maxThreshold="32" />
  <references type="weak" candidates="1202" cleared="725" enqueued="663" />
  <references type="phantom" candidates="13" cleared="4" enqueued="4" />
</gc-op>
<gc-end id="556" type="scavenge" contextid="552" durationms="4.985" usertimems="11.824" systemtimems="0.000" timestamp="2020-09-11T12:52:13.974" activeThreads="7">
  <mem-info id="557" free="9057616" total="15597568" percent="58">
    <mem type="nursery" free="7608808" total="9306112" percent="81">
      <mem type="allocate" free="7608808" total="8323072" percent="91" />
      <mem type="survivor" free="0" total="983040" percent="0" />
    </mem>
    <mem type="tenure" free="1448808" total="6291456" percent="23">
      <mem type="soa" free="1133416" total="5976064" percent="18" />
      <mem type="loa" free="315392" total="315392" percent="100" />
    </mem>
    <pending-finalizers system="0" default="0" reference="667" classloader="0" />
    <remembered-set count="3754" />
  </mem-info>
</gc-end>
<cycle-end id="558" type="scavenge" contextid="552" timestamp="2020-09-11T12:52:13.974" />
<allocation-satisfied id="559" threadId="0000000000019A00" bytesRequested="4136" />
<af-end id="560" timestamp="2020-09-11T12:52:13.975" threadId="000000000001A380" success="true" from="nursery"/>
<exclusive-end id="561" timestamp="2020-09-11T12:52:13.975" durationms="6.302" />

<exclusive-start id="562" timestamp="2020-09-11T12:52:14.145" intervalms="177.099">
  <response-info timems="0.132" idlems="0.132" threads="0" lastid="0000000000019A00" lastname="main" />
</exclusive-start>
<af-start id="563" threadId="000000000001A380" totalBytesRequested="1136" timestamp="2020-09-11T12:52:14.145" intervalms="177.110" type="nursery" />
<cycle-start id="564" type="scavenge" contextid="0" timestamp="2020-09-11T12:52:14.146" intervalms="177.115" />
<gc-start id="565" type="scavenge" contextid="564" timestamp="2020-09-11T12:52:14.146">
  <mem-info id="566" free="1366576" total="15597568" percent="8">
    <mem type="nursery" free="0" total="9306112" percent="0">
      <mem type="allocate" free="0" total="8323072" percent="0" />
      <mem type="survivor" free="0" total="983040" percent="0" />
    </mem>
    <mem type="tenure" free="1366576" total="6291456" percent="21">
      <mem type="soa" free="1051184" total="5976064" percent="17" />
      <mem type="loa" free="315392" total="315392" percent="100" />
    </mem>
    <remembered-set count="5215" />
  </mem-info>
</gc-start>
<allocation-stats totalBytes="7633944" >
  <allocated-bytes non-tlh="86368" tlh="7547576" />
  <largest-consumer threadName="main" threadId="0000000000019A00" bytes="7625752" />
</allocation-stats>
<gc-op id="567" type="scavenge" timems="8.209" contextid="564" timestamp="2020-09-11T12:52:14.154">
  <scavenger-info tenureage="3" tenuremask="4008" tiltratio="89" />
  <memory-copied type="nursery" objects="23398" bytes="854256" bytesdiscarded="33432" />
  <memory-copied type="tenure" objects="2486" bytes="126568" bytesdiscarded="80" />
  <finalization candidates="9" enqueued="0" />
  <ownableSynchronizers candidates="9" cleared="0" />
  <references type="soft" candidates="2264" cleared="0" enqueued="0" dynamicThreshold="32" maxThreshold="32" />
  <references type="weak" candidates="825" cleared="204" enqueued="167" />
  <references type="phantom" candidates="9" cleared="0" enqueued="0" />
</gc-op>
<gc-end id="568" type="scavenge" contextid="564" durationms="8.494" usertimems="15.831" systemtimems="0.404" timestamp="2020-09-11T12:52:14.154" activeThreads="7">
  <mem-info id="569" free="8452680" total="15597568" percent="54">
    <mem type="nursery" free="7302680" total="9306112" percent="78">
      <mem type="allocate" free="7302680" total="8192000" percent="89" />
      <mem type="survivor" free="0" total="1114112" percent="0" />
    </mem>
    <mem type="tenure" free="1150000" total="6291456" percent="18">
      <mem type="soa" free="834608" total="5976064" percent="13" />
      <mem type="loa" free="315392" total="315392" percent="100" />
    </mem>
    <pending-finalizers system="0" default="0" reference="167" classloader="0" />
    <remembered-set count="2361" />
  </mem-info>
</gc-end>
<cycle-end id="570" type="scavenge" contextid="564" timestamp="2020-09-11T12:52:14.155" />
<allocation-satisfied id="571" threadId="0000000000019A00" bytesRequested="1136" />
<af-end id="572" timestamp="2020-09-11T12:52:14.155" threadId="000000000001A380" success="true" from="nursery"/>
<exclusive-end id="573" timestamp="2020-09-11T12:52:14.155" durationms="9.911" />

<exclusive-start id="574" timestamp="2020-09-11T12:52:14.223" intervalms="77.314">
  <response-info timems="0.077" idlems="0.077" threads="0" lastid="0000000000019A00" lastname="main" />
</exclusive-start>
<af-start id="575" threadId="000000000001A380" totalBytesRequested="4104" timestamp="2020-09-11T12:52:14.223" intervalms="77.297" type="nursery" />
<cycle-start id="576" type="scavenge" contextid="0" timestamp="2020-09-11T12:52:14.223" intervalms="77.283" />
<gc-start id="577" type="scavenge" contextid="576" timestamp="2020-09-11T12:52:14.223">
  <mem-info id="578" free="1119608" total="15597568" percent="7">
    <mem type="nursery" free="0" total="9306112" percent="0">
      <mem type="allocate" free="0" total="8192000" percent="0" />
      <mem type="survivor" free="0" total="1114112" percent="0" />
    </mem>
    <mem type="tenure" free="1119608" total="6291456" percent="17">
      <mem type="soa" free="804216" total="5976064" percent="13" />
      <mem type="loa" free="315392" total="315392" percent="100" />
    </mem>
    <remembered-set count="2673" />
  </mem-info>
</gc-start>
<allocation-stats totalBytes="7268136" >
  <allocated-bytes non-tlh="31528" tlh="7236608" />
  <largest-consumer threadName="main" threadId="0000000000019A00" bytes="7248048" />
</allocation-stats>
<gc-op id="579" type="scavenge" timems="5.592" contextid="576" timestamp="2020-09-11T12:52:14.229">
  <scavenger-info tenureage="3" tenuremask="4008" tiltratio="88" />
  <memory-copied type="nursery" objects="14982" bytes="492376" bytesdiscarded="16480" />
  <memory-copied type="tenure" objects="8924" bytes="387872" bytesdiscarded="384" />
  <finalization candidates="7" enqueued="0" />
  <ownableSynchronizers candidates="9" cleared="0" />
  <references type="soft" candidates="2234" cleared="0" enqueued="0" dynamicThreshold="32" maxThreshold="32" />
  <references type="weak" candidates="582" cleared="266" enqueued="266" />
  <references type="phantom" candidates="6" cleared="0" enqueued="0" />
</gc-op>
<heap-resize id="580" type="expand" space="nursery" amount="393216" count="1" timems="0.028" reason="excessive time being spent scavenging" timestamp="2020-09-11T12:52:14.229" />
<gc-end id="581" type="scavenge" contextid="576" durationms="5.813" usertimems="7.712" systemtimems="4.022" timestamp="2020-09-11T12:52:14.229" activeThreads="7">
  <mem-info id="582" free="8801184" total="15990784" percent="55">
    <mem type="nursery" free="8010280" total="9699328" percent="82">
      <mem type="allocate" free="8010280" total="8519680" percent="94" />
      <mem type="survivor" free="0" total="1179648" percent="0" />
    </mem>
    <mem type="tenure" free="790904" total="6291456" percent="12">
      <mem type="soa" free="475512" total="5976064" percent="7" />
      <mem type="loa" free="315392" total="315392" percent="100" />
    </mem>
    <pending-finalizers system="0" default="0" reference="266" classloader="0" />
    <remembered-set count="2090" />
  </mem-info>
</gc-end>
<cycle-end id="583" type="scavenge" contextid="576" timestamp="2020-09-11T12:52:14.229" />
<allocation-satisfied id="584" threadId="0000000000019A00" bytesRequested="4104" />
<af-end id="585" timestamp="2020-09-11T12:52:14.229" threadId="000000000001A380" success="true" from="nursery"/>
<exclusive-end id="586" timestamp="2020-09-11T12:52:14.229" durationms="6.822" />

<exclusive-start id="587" timestamp="2020-09-11T12:52:14.319" intervalms="95.910">
  <response-info timems="0.058" idlems="0.058" threads="0" lastid="0000000000019A00" lastname="main" />
</exclusive-start>
<af-start id="588" threadId="000000000001A380" totalBytesRequested="22192" timestamp="2020-09-11T12:52:14.319" intervalms="95.891" type="nursery" />
<cycle-start id="589" type="scavenge" contextid="0" timestamp="2020-09-11T12:52:14.319" intervalms="95.887" />
<gc-start id="590" type="scavenge" contextid="589" timestamp="2020-09-11T12:52:14.319">
  <mem-info id="591" free="734168" total="15990784" percent="4">
    <mem type="nursery" free="0" total="9699328" percent="0">
      <mem type="allocate" free="0" total="8519680" percent="0" />
      <mem type="survivor" free="0" total="1179648" percent="0" />
    </mem>
    <mem type="tenure" free="734168" total="6291456" percent="11">
      <mem type="soa" free="418776" total="5976064" percent="7" />
      <mem type="loa" free="315392" total="315392" percent="100" />
    </mem>
    <remembered-set count="2660" />
  </mem-info>
</gc-start>
<allocation-stats totalBytes="7999944" >
  <allocated-bytes non-tlh="60840" tlh="7939104" />
  <largest-consumer threadName="main" threadId="0000000000019A00" bytes="7999944" />
</allocation-stats>
<gc-op id="592" type="scavenge" timems="4.974" contextid="589" timestamp="2020-09-11T12:52:14.324">
  <scavenger-info tenureage="3" tenuremask="4008" tiltratio="87" />
  <memory-copied type="nursery" objects="14918" bytes="483952" bytesdiscarded="132928" />
  <memory-copied type="tenure" objects="1109" bytes="63072" bytesdiscarded="328" />
  <finalization candidates="2" enqueued="0" />
  <references type="soft" candidates="2228" cleared="0" enqueued="0" dynamicThreshold="32" maxThreshold="32" />
  <references type="weak" candidates="716" cleared="529" enqueued="529" />
  <references type="phantom" candidates="6" cleared="2" enqueued="2" />
</gc-op>
<gc-end id="593" type="scavenge" contextid="589" durationms="5.180" usertimems="10.901" systemtimems="0.323" timestamp="2020-09-11T12:52:14.324" activeThreads="7">
  <mem-info id="594" free="8809288" total="15990784" percent="55">
    <mem type="nursery" free="8098928" total="9699328" percent="83">
      <mem type="allocate" free="8098928" total="8716288" percent="92" />
      <mem type="survivor" free="0" total="983040" percent="0" />
    </mem>
    <mem type="tenure" free="710360" total="6291456" percent="11">
      <mem type="soa" free="394968" total="5976064" percent="6" />
      <mem type="loa" free="315392" total="315392" percent="100" />
    </mem>
    <pending-finalizers system="0" default="0" reference="531" classloader="0" />
    <remembered-set count="1366" />
  </mem-info>
</gc-end>
<cycle-end id="595" type="scavenge" contextid="589" timestamp="2020-09-11T12:52:14.325" />
<allocation-satisfied id="596" threadId="0000000000019A00" bytesRequested="22192" />
<af-end id="597" timestamp="2020-09-11T12:52:14.325" threadId="000000000001A380" success="true" from="nursery"/>
<exclusive-end id="598" timestamp="2020-09-11T12:52:14.325" durationms="6.098" />

<exclusive-start id="599" timestamp="2020-09-11T12:52:14.403" intervalms="84.480">
  <response-info timems="0.072" idlems="0.072" threads="0" lastid="0000000000019A00" lastname="main" />
</exclusive-start>
<af-start id="600" threadId="000000000001A380" totalBytesRequested="4104" timestamp="2020-09-11T12:52:14.403" intervalms="84.481" type="nursery" />
<cycle-start id="601" type="scavenge" contextid="0" timestamp="2020-09-11T12:52:14.403" intervalms="84.491" />
<gc-start id="602" type="scavenge" contextid="601" timestamp="2020-09-11T12:52:14.403">
  <mem-info id="603" free="650664" total="15990784" percent="4">
    <mem type="nursery" free="0" total="9699328" percent="0">
      <mem type="allocate" free="0" total="8716288" percent="0" />
      <mem type="survivor" free="0" total="983040" percent="0" />
    </mem>
    <mem type="tenure" free="650664" total="6291456" percent="10">
      <mem type="soa" free="335272" total="5976064" percent="5" />
      <mem type="loa" free="315392" total="315392" percent="100" />
    </mem>
    <remembered-set count="1986" />
  </mem-info>
</gc-start>
<allocation-stats totalBytes="8103544" >
  <allocated-bytes non-tlh="164776" tlh="7938768" />
  <largest-consumer threadName="main" threadId="0000000000019A00" bytes="8099448" />
</allocation-stats>
<gc-op id="604" type="scavenge" timems="8.486" contextid="601" timestamp="2020-09-11T12:52:14.412">
  <scavenger-info tenureage="3" tenuremask="4008" tiltratio="89" />
  <memory-copied type="nursery" objects="2324" bytes="112888" bytesdiscarded="53680" />
  <memory-copied type="tenure" objects="12937" bytes="380968" bytesdiscarded="104" />
  <finalization candidates="2" enqueued="0" />
  <references type="soft" candidates="7" cleared="0" enqueued="0" dynamicThreshold="32" maxThreshold="32" />
  <references type="weak" candidates="565" cleared="547" enqueued="547" />
  <references type="phantom" candidates="4" cleared="1" enqueued="1" />
  <heap-resize type="expand" space="tenure" amount="131072" count="2" timems="0.059" reason="continue current collection" />
</gc-op>
<heap-resize id="605" type="expand" space="nursery" amount="524288" count="1" timems="0.026" reason="excessive time being spent scavenging" timestamp="2020-09-11T12:52:14.412" />
<gc-end id="606" type="scavenge" contextid="601" durationms="8.778" usertimems="9.156" systemtimems="11.103" timestamp="2020-09-11T12:52:14.412" activeThreads="7">
  <mem-info id="607" free="9368576" total="16646144" percent="56">
    <mem type="nursery" free="9008384" total="10223616" percent="88">
      <mem type="allocate" free="9008384" total="9175040" percent="98" />
      <mem type="survivor" free="0" total="1048576" percent="0" />
    </mem>
    <mem type="tenure" free="360192" total="6422528" percent="5">
      <mem type="soa" free="38656" total="6100992" percent="0" />
      <mem type="loa" free="321536" total="321536" percent="100" />
    </mem>
    <pending-finalizers system="0" default="0" reference="548" classloader="0" />
    <remembered-set count="1407" />
  </mem-info>
</gc-end>
<cycle-end id="608" type="scavenge" contextid="601" timestamp="2020-09-11T12:52:14.413" />
<allocation-satisfied id="609" threadId="0000000000019A00" bytesRequested="4104" />
<af-end id="610" timestamp="2020-09-11T12:52:14.413" threadId="000000000001A380" success="true" from="nursery"/>
<exclusive-end id="611" timestamp="2020-09-11T12:52:14.413" durationms="9.749" />

<exclusive-start id="612" timestamp="2020-09-11T12:52:14.457" intervalms="54.472">
  <response-info timems="0.211" idlems="0.211" threads="0" lastid="0000000000019A00" lastname="main" />
</exclusive-start>
<af-start id="613" threadId="000000000001A380" totalBytesRequested="3312" timestamp="2020-09-11T12:52:14.458" intervalms="54.473" type="nursery" />
<percolate-collect id="614" from="nursery" to="global" reason="prevent tenure expand" timestamp="2020-09-11T12:52:14.458"/>
<cycle-start id="615" type="global" contextid="0" timestamp="2020-09-11T12:52:14.458" intervalms="1599853934458.180" />
<gc-start id="616" type="global" contextid="615" timestamp="2020-09-11T12:52:14.458">
  <mem-info id="617" free="348192" total="16646144" percent="2">
    <mem type="nursery" free="0" total="10223616" percent="0">
      <mem type="allocate" free="0" total="9175040" percent="0" />
      <mem type="survivor" free="0" total="1048576" percent="0" />
    </mem>
    <mem type="tenure" free="348192" total="6422528" percent="5">
      <mem type="soa" free="26656" total="6100992" percent="0" />
      <mem type="loa" free="321536" total="321536" percent="100" />
    </mem>
    <remembered-set count="1548" />
  </mem-info>
</gc-start>
<allocation-stats totalBytes="8920752" >
  <allocated-bytes non-tlh="2332096" tlh="6588656" />
  <largest-consumer threadName="main" threadId="0000000000019A00" bytes="8916656" />
</allocation-stats>
<gc-op id="618" type="mark" timems="9.743" contextid="615" timestamp="2020-09-11T12:52:14.468">
  <trace-info objectcount="72080" scancount="56776" scanbytes="1824908" />
  <finalization candidates="73" enqueued="0" />
  <ownableSynchronizers candidates="11" cleared="0" />
  <references type="soft" candidates="2666" cleared="0" enqueued="0" dynamicThreshold="32" maxThreshold="32" />
  <references type="weak" candidates="2060" cleared="184" enqueued="148" />
  <references type="phantom" candidates="104" cleared="1" enqueued="1" />
  <stringconstants candidates="7796" cleared="24"  />
</gc-op>
<gc-op id="619" type="classunload" timems="0.012" contextid="615" timestamp="2020-09-11T12:52:14.468">
  <classunload-info classloadercandidates="9" classloadersunloaded="0" classesunloaded="0" anonymousclassesunloaded="0" quiescems="0.000" setupms="0.008" scanms="0.002" postms="0.002" />
</gc-op>
<gc-op id="620" type="sweep" timems="1.705" contextid="615" timestamp="2020-09-11T12:52:14.469" />
<gc-end id="621" type="global" contextid="615" durationms="11.776" usertimems="30.507" systemtimems="0.392" timestamp="2020-09-11T12:52:14.470" activeThreads="7">
  <mem-info id="622" free="11649064" total="16646144" percent="69">
    <mem type="nursery" free="9057920" total="10223616" percent="88">
      <mem type="allocate" free="9057920" total="9175040" percent="98" />
      <mem type="survivor" free="0" total="1048576" percent="0" />
    </mem>
    <mem type="tenure" free="2591144" total="6422528" percent="40" micro-fragmented="32318" macro-fragmented="0">
      <mem type="soa" free="2269608" total="6100992" percent="37" />
      <mem type="loa" free="321536" total="321536" percent="100" />
    </mem>
    <pending-finalizers system="0" default="0" reference="149" classloader="0" />
    <remembered-set count="1540" />
  </mem-info>
</gc-end>
<cycle-end id="623" type="global" contextid="615" timestamp="2020-09-11T12:52:14.470" />
<allocation-satisfied id="624" threadId="0000000000019A00" bytesRequested="3312" />
<af-end id="625" timestamp="2020-09-11T12:52:14.470" threadId="000000000001A380" success="true" from="nursery"/>
<exclusive-end id="626" timestamp="2020-09-11T12:52:14.470" durationms="12.380" />

<exclusive-start id="627" timestamp="2020-09-11T12:52:14.488" intervalms="30.348">
  <response-info timems="0.117" idlems="0.117" threads="0" lastid="0000000000019A00" lastname="main" />
</exclusive-start>
<af-start id="628" threadId="000000000001A380" totalBytesRequested="17520" timestamp="2020-09-11T12:52:14.488" intervalms="30.342" type="nursery" />
<cycle-start id="629" type="scavenge" contextid="0" timestamp="2020-09-11T12:52:14.488" intervalms="84.809" />
<gc-start id="630" type="scavenge" contextid="629" timestamp="2020-09-11T12:52:14.488">
  <mem-info id="631" free="2591144" total="16646144" percent="15">
    <mem type="nursery" free="0" total="10223616" percent="0">
      <mem type="allocate" free="0" total="9175040" percent="0" />
      <mem type="survivor" free="0" total="1048576" percent="0" />
    </mem>
    <mem type="tenure" free="2591144" total="6422528" percent="40">
      <mem type="soa" free="2269608" total="6100992" percent="37" />
      <mem type="loa" free="321536" total="321536" percent="100" />
    </mem>
    <remembered-set count="1579" />
  </mem-info>
</gc-start>
<allocation-stats totalBytes="8739944" >
  <allocated-bytes non-tlh="152512" tlh="8587432" />
  <largest-consumer threadName="main" threadId="0000000000019A00" bytes="8735848" />
</allocation-stats>
<gc-op id="632" type="scavenge" timems="3.209" contextid="629" timestamp="2020-09-11T12:52:14.491">
  <scavenger-info tenureage="14" tenuremask="4000" tiltratio="89" />
  <memory-copied type="nursery" objects="1053" bytes="85480" bytesdiscarded="33456" />
  <ownableSynchronizers candidates="22" cleared="22" />
  <references type="soft" candidates="9" cleared="0" enqueued="0" dynamicThreshold="12" maxThreshold="32" />
  <references type="weak" candidates="18" cleared="0" enqueued="0" />
  <references type="phantom" candidates="8" cleared="0" enqueued="0" />
</gc-op>
<gc-end id="633" type="scavenge" contextid="629" durationms="3.350" usertimems="6.674" systemtimems="0.000" timestamp="2020-09-11T12:52:14.491" activeThreads="7">
  <mem-info id="634" free="11647144" total="16646144" percent="69">
    <mem type="nursery" free="9056000" total="10223616" percent="88">
      <mem type="allocate" free="9056000" total="9175040" percent="98" />
      <mem type="survivor" free="0" total="1048576" percent="0" />
    </mem>
    <mem type="tenure" free="2591144" total="6422528" percent="40">
      <mem type="soa" free="2269608" total="6100992" percent="37" />
      <mem type="loa" free="321536" total="321536" percent="100" />
    </mem>
    <remembered-set count="1040" />
  </mem-info>
</gc-end>
<cycle-end id="635" type="scavenge" contextid="629" timestamp="2020-09-11T12:52:14.492" />
<allocation-satisfied id="636" threadId="0000000000019A00" bytesRequested="17520" />
<af-end id="637" timestamp="2020-09-11T12:52:14.492" threadId="000000000001A380" success="true" from="nursery"/>
<exclusive-end id="638" timestamp="2020-09-11T12:52:14.492" durationms="4.156" />

<exclusive-start id="639" timestamp="2020-09-11T12:52:14.508" intervalms="20.086">
  <response-info timems="0.115" idlems="0.115" threads="0" lastid="0000000000019A00" lastname="main" />
</exclusive-start>
<af-start id="640" threadId="000000000001A380" totalBytesRequested="5152" timestamp="2020-09-11T12:52:14.508" intervalms="20.083" type="nursery" />
<cycle-start id="641" type="scavenge" contextid="0" timestamp="2020-09-11T12:52:14.508" intervalms="20.082" />
<gc-start id="642" type="scavenge" contextid="641" timestamp="2020-09-11T12:52:14.508">
  <mem-info id="643" free="2591144" total="16646144" percent="15">
    <mem type="nursery" free="0" total="10223616" percent="0">
      <mem type="allocate" free="0" total="9175040" percent="0" />
      <mem type="survivor" free="0" total="1048576" percent="0" />
    </mem>
    <mem type="tenure" free="2591144" total="6422528" percent="40">
      <mem type="soa" free="2269608" total="6100992" percent="37" />
      <mem type="loa" free="321536" total="321536" percent="100" />
    </mem>
    <remembered-set count="1041" />
  </mem-info>
</gc-start>
<allocation-stats totalBytes="8840248" >
  <allocated-bytes non-tlh="52552" tlh="8787696" />
  <largest-consumer threadName="main" threadId="0000000000019A00" bytes="8840248" />
</allocation-stats>
<gc-op id="644" type="scavenge" timems="1.728" contextid="641" timestamp="2020-09-11T12:52:14.510">
  <scavenger-info tenureage="4" tenuremask="4010" tiltratio="89" />
  <memory-copied type="nursery" objects="949" bytes="79768" bytesdiscarded="40736" />
  <memory-copied type="tenure" objects="122" bytes="13328" bytesdiscarded="2248" />
  <references type="soft" candidates="7" cleared="0" enqueued="0" dynamicThreshold="12" maxThreshold="32" />
  <references type="weak" candidates="15" cleared="0" enqueued="0" />
  <references type="phantom" candidates="8" cleared="0" enqueued="0" />
</gc-op>
<heap-resize id="645" type="expand" space="nursery" amount="524288" count="1" timems="0.031" reason="excessive time being spent scavenging" timestamp="2020-09-11T12:52:14.510" />
<gc-end id="646" type="scavenge" contextid="641" durationms="1.904" usertimems="0.022" systemtimems="3.468" timestamp="2020-09-11T12:52:14.510" activeThreads="7">
  <mem-info id="647" free="12078040" total="17170432" percent="70">
    <mem type="nursery" free="9513192" total="10747904" percent="88">
      <mem type="allocate" free="9513192" total="9633792" percent="98" />
      <mem type="survivor" free="0" total="1114112" percent="0" />
    </mem>
    <mem type="tenure" free="2564848" total="6422528" percent="39">
      <mem type="soa" free="2243312" total="6100992" percent="36" />
      <mem type="loa" free="321536" total="321536" percent="100" />
    </mem>
    <remembered-set count="431" />
  </mem-info>
</gc-end>
<cycle-end id="648" type="scavenge" contextid="641" timestamp="2020-09-11T12:52:14.510" />
<allocation-satisfied id="649" threadId="0000000000019A00" bytesRequested="5152" />
<af-end id="650" timestamp="2020-09-11T12:52:14.510" threadId="000000000001A380" success="true" from="nursery"/>
<exclusive-end id="651" timestamp="2020-09-11T12:52:14.510" durationms="2.331" />

<exclusive-start id="652" timestamp="2020-09-11T12:52:14.528" intervalms="20.519">
  <response-info timems="0.071" idlems="0.071" threads="0" lastid="0000000000019A00" lastname="main" />
</exclusive-start>
<af-start id="653" threadId="000000000001A380" totalBytesRequested="4104" timestamp="2020-09-11T12:52:14.529" intervalms="20.522" type="nursery" />
<cycle-start id="654" type="scavenge" contextid="0" timestamp="2020-09-11T12:52:14.529" intervalms="20.520" />
<gc-start id="655" type="scavenge" contextid="654" timestamp="2020-09-11T12:52:14.529">
  <mem-info id="656" free="2564848" total="17170432" percent="14">
    <mem type="nursery" free="0" total="10747904" percent="0">
      <mem type="allocate" free="0" total="9633792" percent="0" />
      <mem type="survivor" free="0" total="1114112" percent="0" />
    </mem>
    <mem type="tenure" free="2564848" total="6422528" percent="39">
      <mem type="soa" free="2243312" total="6100992" percent="36" />
      <mem type="loa" free="321536" total="321536" percent="100" />
    </mem>
    <remembered-set count="432" />
  </mem-info>
</gc-start>
<allocation-stats totalBytes="9354048" >
  <allocated-bytes non-tlh="78376" tlh="9275672" />
  <largest-consumer threadName="main" threadId="0000000000019A00" bytes="9354048" />
</allocation-stats>
<gc-op id="657" type="scavenge" timems="5.362" contextid="654" timestamp="2020-09-11T12:52:14.534">
  <scavenger-info tenureage="3" tenuremask="4008" tiltratio="89" />
  <memory-copied type="nursery" objects="642" bytes="46040" bytesdiscarded="5792" />
  <memory-copied type="tenure" objects="303" bytes="19136" bytesdiscarded="0" />
  <references type="soft" candidates="4" cleared="0" enqueued="0" dynamicThreshold="12" maxThreshold="32" />
  <references type="weak" candidates="3" cleared="0" enqueued="0" />
  <references type="phantom" candidates="7" cleared="0" enqueued="0" />
</gc-op>
<heap-resize id="658" type="expand" space="nursery" amount="1179648" count="1" timems="0.038" reason="excessive time being spent scavenging" timestamp="2020-09-11T12:52:14.534" />
<gc-end id="659" type="scavenge" contextid="654" durationms="5.577" usertimems="10.685" systemtimems="3.218" timestamp="2020-09-11T12:52:14.534" activeThreads="8">
  <mem-info id="660" free="13171968" total="18350080" percent="71">
    <mem type="nursery" free="10630504" total="11927552" percent="89">
      <mem type="allocate" free="10630504" total="10682368" percent="99" />
      <mem type="survivor" free="0" total="1245184" percent="0" />
    </mem>
    <mem type="tenure" free="2541464" total="6422528" percent="39">
      <mem type="soa" free="2219928" total="6100992" percent="36" />
      <mem type="loa" free="321536" total="321536" percent="100" />
    </mem>
    <remembered-set count="240" />
  </mem-info>
</gc-end>
<cycle-end id="661" type="scavenge" contextid="654" timestamp="2020-09-11T12:52:14.535" />
<allocation-satisfied id="662" threadId="0000000000019A00" bytesRequested="4104" />
<af-end id="663" timestamp="2020-09-11T12:52:14.535" threadId="000000000001A380" success="true" from="nursery"/>
<exclusive-end id="664" timestamp="2020-09-11T12:52:14.535" durationms="6.107" />

<exclusive-start id="665" timestamp="2020-09-11T12:52:14.559" intervalms="30.654">
  <response-info timems="0.108" idlems="0.108" threads="0" lastid="0000000000019A00" lastname="main" />
</exclusive-start>
<af-start id="666" threadId="000000000001A380" totalBytesRequested="4104" timestamp="2020-09-11T12:52:14.559" intervalms="30.656" type="nursery" />
<cycle-start id="667" type="scavenge" contextid="0" timestamp="2020-09-11T12:52:14.559" intervalms="30.656" />
<gc-start id="668" type="scavenge" contextid="667" timestamp="2020-09-11T12:52:14.559">
  <mem-info id="669" free="2541416" total="18350080" percent="13">
    <mem type="nursery" free="0" total="11927552" percent="0">
      <mem type="allocate" free="0" total="10682368" percent="0" />
      <mem type="survivor" free="0" total="1245184" percent="0" />
    </mem>
    <mem type="tenure" free="2541416" total="6422528" percent="39">
      <mem type="soa" free="2219880" total="6100992" percent="36" />
      <mem type="loa" free="321536" total="321536" percent="100" />
    </mem>
    <remembered-set count="242" />
  </mem-info>
</gc-start>
<allocation-stats totalBytes="10438216" >
  <allocated-bytes non-tlh="77376" tlh="10360840" />
  <largest-consumer threadName="main" threadId="0000000000019A00" bytes="10438216" />
</allocation-stats>
<gc-op id="670" type="scavenge" timems="5.013" contextid="667" timestamp="2020-09-11T12:52:14.564">
  <scavenger-info tenureage="3" tenuremask="4028" tiltratio="89" />
  <memory-copied type="nursery" objects="48" bytes="3928" bytesdiscarded="43680" />
  <memory-copied type="tenure" objects="514" bytes="32240" bytesdiscarded="624" />
  <references type="phantom" candidates="2" cleared="0" enqueued="0" />
</gc-op>
<heap-resize id="671" type="expand" space="nursery" amount="1048576" count="1" timems="0.035" reason="excessive time being spent scavenging" timestamp="2020-09-11T12:52:14.565" />
<gc-end id="672" type="scavenge" contextid="667" durationms="5.299" usertimems="2.406" systemtimems="0.275" timestamp="2020-09-11T12:52:14.565" activeThreads="8">
  <mem-info id="673" free="14063944" total="19398656" percent="72">
    <mem type="nursery" free="11552256" total="12976128" percent="89">
      <mem type="allocate" free="11552256" total="11599872" percent="99" />
      <mem type="survivor" free="0" total="1376256" percent="0" />
    </mem>
    <mem type="tenure" free="2511688" total="6422528" percent="39">
      <mem type="soa" free="2190152" total="6100992" percent="35" />
      <mem type="loa" free="321536" total="321536" percent="100" />
    </mem>
    <remembered-set count="175" />
  </mem-info>
</gc-end>
<cycle-end id="674" type="scavenge" contextid="667" timestamp="2020-09-11T12:52:14.565" />
<allocation-satisfied id="675" threadId="0000000000019A00" bytesRequested="4104" />
<af-end id="676" timestamp="2020-09-11T12:52:14.565" threadId="000000000001A380" success="true" from="nursery"/>
<exclusive-end id="677" timestamp="2020-09-11T12:52:14.565" durationms="5.803" />

<exclusive-start id="678" timestamp="2020-09-11T12:52:14.594" intervalms="34.903">
  <response-info timems="0.145" idlems="0.145" threads="0" lastid="0000000000019A00" lastname="main" />
</exclusive-start>
<af-start id="679" threadId="000000000001A380" totalBytesRequested="16224" timestamp="2020-09-11T12:52:14.594" intervalms="34.927" type="nursery" />
<cycle-start id="680" type="scavenge" contextid="0" timestamp="2020-09-11T12:52:14.594" intervalms="34.940" />
<gc-start id="681" type="scavenge" contextid="680" timestamp="2020-09-11T12:52:14.594">
  <mem-info id="682" free="2511688" total="19398656" percent="12">
    <mem type="nursery" free="0" total="12976128" percent="0">
      <mem type="allocate" free="0" total="11599872" percent="0" />
      <mem type="survivor" free="0" total="1376256" percent="0" />
    </mem>
    <mem type="tenure" free="2511688" total="6422528" percent="39">
      <mem type="soa" free="2190152" total="6100992" percent="35" />
      <mem type="loa" free="321536" total="321536" percent="100" />
    </mem>
    <remembered-set count="175" />
  </mem-info>
</gc-start>
<allocation-stats totalBytes="11117096" >
  <allocated-bytes non-tlh="521032" tlh="10596064" />
  <largest-consumer threadName="main" threadId="0000000000019A00" bytes="11117096" />
</allocation-stats>
<gc-op id="683" type="scavenge" timems="3.461" contextid="680" timestamp="2020-09-11T12:52:14.598">
  <scavenger-info tenureage="3" tenuremask="ffa8" tiltratio="89" />
  <memory-copied type="nursery" objects="49" bytes="16112" bytesdiscarded="31496" />
  <references type="phantom" candidates="2" cleared="0" enqueued="0" />
</gc-op>
<heap-resize id="684" type="expand" space="nursery" amount="655360" count="1" timems="0.040" reason="excessive time being spent scavenging" timestamp="2020-09-11T12:52:14.598" />
<gc-end id="685" type="scavenge" contextid="680" durationms="3.723" usertimems="10.032" systemtimems="0.253" timestamp="2020-09-11T12:52:14.598" activeThreads="8">
  <mem-info id="686" free="14719304" total="20054016" percent="73">
    <mem type="nursery" free="12207616" total="13631488" percent="89">
      <mem type="allocate" free="12207616" total="12255232" percent="99" />
      <mem type="survivor" free="0" total="1376256" percent="0" />
    </mem>
    <mem type="tenure" free="2511688" total="6422528" percent="39">
      <mem type="soa" free="2190152" total="6100992" percent="35" />
      <mem type="loa" free="321536" total="321536" percent="100" />
    </mem>
    <remembered-set count="175" />
  </mem-info>
</gc-end>
<cycle-end id="687" type="scavenge" contextid="680" timestamp="2020-09-11T12:52:14.598" />
<allocation-satisfied id="688" threadId="0000000000019A00" bytesRequested="16224" />
<af-end id="689" timestamp="2020-09-11T12:52:14.598" threadId="000000000001A380" success="true" from="nursery"/>
<exclusive-end id="690" timestamp="2020-09-11T12:52:14.598" durationms="4.494" />

<exclusive-start id="691" timestamp="2020-09-11T12:52:14.628" intervalms="34.317">
  <response-info timems="0.132" idlems="0.132" threads="0" lastid="0000000000019A00" lastname="main" />
</exclusive-start>
<af-start id="692" threadId="000000000001A380" totalBytesRequested="4104" timestamp="2020-09-11T12:52:14.629" intervalms="34.355" type="nursery" />
<cycle-start id="693" type="scavenge" contextid="0" timestamp="2020-09-11T12:52:14.629" intervalms="34.361" />
<gc-start id="694" type="scavenge" contextid="693" timestamp="2020-09-11T12:52:14.629">
  <mem-info id="695" free="2511688" total="20054016" percent="12">
    <mem type="nursery" free="0" total="13631488" percent="0">
      <mem type="allocate" free="0" total="12255232" percent="0" />
      <mem type="survivor" free="0" total="1376256" percent="0" />
    </mem>
    <mem type="tenure" free="2511688" total="6422528" percent="39">
      <mem type="soa" free="2190152" total="6100992" percent="35" />
      <mem type="loa" free="321536" total="321536" percent="100" />
    </mem>
    <remembered-set count="176" />
  </mem-info>
</gc-start>
<allocation-stats totalBytes="12049840" >
  <allocated-bytes non-tlh="16224" tlh="12033616" />
  <largest-consumer threadName="main" threadId="0000000000019A00" bytes="12049840" />
</allocation-stats>
<gc-op id="696" type="scavenge" timems="1.700" contextid="693" timestamp="2020-09-11T12:52:14.630">
  <scavenger-info tenureage="3" tenuremask="fff8" tiltratio="89" />
  <memory-copied type="nursery" objects="39" bytes="3832" bytesdiscarded="43776" />
  <references type="phantom" candidates="2" cleared="0" enqueued="0" />
</gc-op>
<gc-end id="697" type="scavenge" contextid="693" durationms="1.847" usertimems="3.981" systemtimems="0.451" timestamp="2020-09-11T12:52:14.631" activeThreads="8">
  <mem-info id="698" free="14719304" total="20054016" percent="73">
    <mem type="nursery" free="12207616" total="13631488" percent="89">
      <mem type="allocate" free="12207616" total="12255232" percent="99" />
      <mem type="survivor" free="0" total="1376256" percent="0" />
    </mem>
    <mem type="tenure" free="2511688" total="6422528" percent="39">
      <mem type="soa" free="2190152" total="6100992" percent="35" />
      <mem type="loa" free="321536" total="321536" percent="100" />
    </mem>
    <remembered-set count="174" />
  </mem-info>
</gc-end>
<cycle-end id="699" type="scavenge" contextid="693" timestamp="2020-09-11T12:52:14.631" />
<allocation-satisfied id="700" threadId="0000000000019A00" bytesRequested="4104" />
<af-end id="701" timestamp="2020-09-11T12:52:14.631" threadId="000000000001A380" success="true" from="nursery"/>
<exclusive-end id="702" timestamp="2020-09-11T12:52:14.631" durationms="2.457" />

<exclusive-start id="703" timestamp="2020-09-11T12:52:14.659" intervalms="30.661">
  <response-info timems="0.117" idlems="0.117" threads="0" lastid="0000000000019A00" lastname="main" />
</exclusive-start>
<af-start id="704" threadId="000000000001A380" totalBytesRequested="7080" timestamp="2020-09-11T12:52:14.659" intervalms="30.598" type="nursery" />
<cycle-start id="705" type="scavenge" contextid="0" timestamp="2020-09-11T12:52:14.659" intervalms="30.579" />
<gc-start id="706" type="scavenge" contextid="705" timestamp="2020-09-11T12:52:14.659">
  <mem-info id="707" free="2511688" total="20054016" percent="12">
    <mem type="nursery" free="0" total="13631488" percent="0">
      <mem type="allocate" free="0" total="12255232" percent="0" />
      <mem type="survivor" free="0" total="1376256" percent="0" />
    </mem>
    <mem type="tenure" free="2511688" total="6422528" percent="39">
      <mem type="soa" free="2190152" total="6100992" percent="35" />
      <mem type="loa" free="321536" total="321536" percent="100" />
    </mem>
    <remembered-set count="175" />
  </mem-info>
</gc-start>
<allocation-stats totalBytes="11828856" >
  <allocated-bytes non-tlh="4104" tlh="11824752" />
  <largest-consumer threadName="main" threadId="0000000000019A00" bytes="11828856" />
</allocation-stats>
<gc-op id="708" type="scavenge" timems="1.459" contextid="705" timestamp="2020-09-11T12:52:14.661">
  <scavenger-info tenureage="4" tenuremask="fff0" tiltratio="89" />
  <memory-copied type="nursery" objects="98" bytes="21208" bytesdiscarded="26400" />
  <references type="phantom" candidates="2" cleared="0" enqueued="0" />
</gc-op>
<gc-end id="709" type="scavenge" contextid="705" durationms="1.591" usertimems="2.847" systemtimems="0.000" timestamp="2020-09-11T12:52:14.661" activeThreads="8">
  <mem-info id="710" free="14719304" total="20054016" percent="73">
    <mem type="nursery" free="12207616" total="13631488" percent="89">
      <mem type="allocate" free="12207616" total="12255232" percent="99" />
      <mem type="survivor" free="0" total="1376256" percent="0" />
    </mem>
    <mem type="tenure" free="2511688" total="6422528" percent="39">
      <mem type="soa" free="2190152" total="6100992" percent="35" />
      <mem type="loa" free="321536" total="321536" percent="100" />
    </mem>
    <remembered-set count="174" />
  </mem-info>
</gc-end>
<cycle-end id="711" type="scavenge" contextid="705" timestamp="2020-09-11T12:52:14.661" />
<allocation-satisfied id="712" threadId="0000000000019A00" bytesRequested="7080" />
<af-end id="713" timestamp="2020-09-11T12:52:14.661" threadId="000000000001A380" success="true" from="nursery"/>
<exclusive-end id="714" timestamp="2020-09-11T12:52:14.661" durationms="2.146" />

<exclusive-start id="715" timestamp="2020-09-11T12:52:14.688" intervalms="28.661">
  <response-info timems="0.131" idlems="0.131" threads="0" lastid="0000000000019A00" lastname="main" />
</exclusive-start>
<af-start id="716" threadId="000000000001A380" totalBytesRequested="4104" timestamp="2020-09-11T12:52:14.688" intervalms="28.662" type="nursery" />
<cycle-start id="717" type="scavenge" contextid="0" timestamp="2020-09-11T12:52:14.688" intervalms="28.664" />
<gc-start id="718" type="scavenge" contextid="717" timestamp="2020-09-11T12:52:14.688">
  <mem-info id="719" free="2511688" total="20054016" percent="12">
    <mem type="nursery" free="0" total="13631488" percent="0">
      <mem type="allocate" free="0" total="12255232" percent="0" />
      <mem type="survivor" free="0" total="1376256" percent="0" />
    </mem>
    <mem type="tenure" free="2511688" total="6422528" percent="39">
      <mem type="soa" free="2190152" total="6100992" percent="35" />
      <mem type="loa" free="321536" total="321536" percent="100" />
    </mem>
    <remembered-set count="175" />
  </mem-info>
</gc-start>
<allocation-stats totalBytes="11955456" >
  <allocated-bytes non-tlh="93296" tlh="11862160" />
  <largest-consumer threadName="main" threadId="0000000000019A00" bytes="11955456" />
</allocation-stats>
<gc-op id="720" type="scavenge" timems="1.090" contextid="717" timestamp="2020-09-11T12:52:14.689">
  <scavenger-info tenureage="3" tenuremask="fff8" tiltratio="89" />
  <memory-copied type="nursery" objects="107" bytes="7368" bytesdiscarded="40240" />
  <references type="phantom" candidates="2" cleared="0" enqueued="0" />
</gc-op>
<gc-end id="721" type="scavenge" contextid="717" durationms="1.227" usertimems="3.022" systemtimems="0.000" timestamp="2020-09-11T12:52:14.689" activeThreads="8">
  <mem-info id="722" free="14719304" total="20054016" percent="73">
    <mem type="nursery" free="12207616" total="13631488" percent="89">
      <mem type="allocate" free="12207616" total="12255232" percent="99" />
      <mem type="survivor" free="0" total="1376256" percent="0" />
    </mem>
    <mem type="tenure" free="2511688" total="6422528" percent="39">
      <mem type="soa" free="2190152" total="6100992" percent="35" />
      <mem type="loa" free="321536" total="321536" percent="100" />
    </mem>
    <remembered-set count="174" />
  </mem-info>
</gc-end>
<cycle-end id="723" type="scavenge" contextid="717" timestamp="2020-09-11T12:52:14.689" />
<allocation-satisfied id="724" threadId="0000000000019A00" bytesRequested="4104" />
<af-end id="725" timestamp="2020-09-11T12:52:14.689" threadId="000000000001A380" success="true" from="nursery"/>
<exclusive-end id="726" timestamp="2020-09-11T12:52:14.690" durationms="1.865" />

<exclusive-start id="727" timestamp="2020-09-11T12:52:14.712" intervalms="24.456">
  <response-info timems="0.100" idlems="0.100" threads="0" lastid="0000000000019A00" lastname="main" />
</exclusive-start>
<af-start id="728" threadId="000000000001A380" totalBytesRequested="3296" timestamp="2020-09-11T12:52:14.712" intervalms="24.461" type="nursery" />
<cycle-start id="729" type="scavenge" contextid="0" timestamp="2020-09-11T12:52:14.712" intervalms="24.460" />
<gc-start id="730" type="scavenge" contextid="729" timestamp="2020-09-11T12:52:14.712">
  <mem-info id="731" free="2511688" total="20054016" percent="12">
    <mem type="nursery" free="0" total="13631488" percent="0">
      <mem type="allocate" free="0" total="12255232" percent="0" />
      <mem type="survivor" free="0" total="1376256" percent="0" />
    </mem>
    <mem type="tenure" free="2511688" total="6422528" percent="39">
      <mem type="soa" free="2190152" total="6100992" percent="35" />
      <mem type="loa" free="321536" total="321536" percent="100" />
    </mem>
    <remembered-set count="175" />
  </mem-info>
</gc-start>
<allocation-stats totalBytes="11917752" >
  <allocated-bytes non-tlh="4104" tlh="11913648" />
  <largest-consumer threadName="main" threadId="0000000000019A00" bytes="11917752" />
</allocation-stats>
<gc-op id="732" type="scavenge" timems="2.761" contextid="729" timestamp="2020-09-11T12:52:14.715">
  <scavenger-info tenureage="3" tenuremask="fff8" tiltratio="89" />
  <memory-copied type="nursery" objects="25" bytes="1704" bytesdiscarded="45912" />
  <references type="phantom" candidates="2" cleared="0" enqueued="0" />
</gc-op>
<heap-resize id="733" type="expand" space="nursery" amount="917504" count="1" timems="0.035" reason="excessive time being spent scavenging" timestamp="2020-09-11T12:52:14.715" />
<gc-end id="734" type="scavenge" contextid="729" durationms="2.955" usertimems="2.509" systemtimems="0.282" timestamp="2020-09-11T12:52:14.715" activeThreads="8">
  <mem-info id="735" free="15505736" total="20971520" percent="73">
    <mem type="nursery" free="12994048" total="14548992" percent="89">
      <mem type="allocate" free="12994048" total="13041664" percent="99" />
      <mem type="survivor" free="0" total="1507328" percent="0" />
    </mem>
    <mem type="tenure" free="2511688" total="6422528" percent="39">
      <mem type="soa" free="2190152" total="6100992" percent="35" />
      <mem type="loa" free="321536" total="321536" percent="100" />
    </mem>
    <remembered-set count="174" />
  </mem-info>
</gc-end>
<cycle-end id="736" type="scavenge" contextid="729" timestamp="2020-09-11T12:52:14.716" />
<allocation-satisfied id="737" threadId="0000000000019A00" bytesRequested="3296" />
<af-end id="738" timestamp="2020-09-11T12:52:14.716" threadId="000000000001A380" success="true" from="nursery"/>
<exclusive-end id="739" timestamp="2020-09-11T12:52:14.716" durationms="3.540" />

<exclusive-start id="740" timestamp="2020-09-11T12:52:15.072" intervalms="360.075">
  <response-info timems="0.548" idlems="0.293" threads="1" lastid="0000000000021200" lastname="JIT Compilation Thread-001" />
</exclusive-start>
<af-start id="741" threadId="000000000001A380" totalBytesRequested="3840" timestamp="2020-09-11T12:52:15.072" intervalms="360.107" type="nursery" />
<cycle-start id="742" type="scavenge" contextid="0" timestamp="2020-09-11T12:52:15.072" intervalms="360.140" />
<gc-start id="743" type="scavenge" contextid="742" timestamp="2020-09-11T12:52:15.073">
  <mem-info id="744" free="2365960" total="20971520" percent="11">
    <mem type="nursery" free="0" total="14548992" percent="0">
      <mem type="allocate" free="0" total="13041664" percent="0" />
      <mem type="survivor" free="0" total="1507328" percent="0" />
    </mem>
    <mem type="tenure" free="2365960" total="6422528" percent="36">
      <mem type="soa" free="2044424" total="6100992" percent="33" />
      <mem type="loa" free="321536" total="321536" percent="100" />
    </mem>
    <remembered-set count="3226" />
  </mem-info>
</gc-start>
<allocation-stats totalBytes="13109840" >
  <allocated-bytes non-tlh="139576" tlh="12970264" />
  <largest-consumer threadName="main" threadId="0000000000019A00" bytes="13109840" />
</allocation-stats>
<gc-op id="745" type="scavenge" timems="10.194" contextid="742" timestamp="2020-09-11T12:52:15.083">
  <scavenger-info tenureage="3" tenuremask="fff8" tiltratio="89" />
  <memory-copied type="nursery" objects="22624" bytes="775424" bytesdiscarded="107880" />
  <references type="soft" candidates="1406" cleared="0" enqueued="0" dynamicThreshold="12" maxThreshold="32" />
  <references type="weak" candidates="895" cleared="820" enqueued="812" />
  <references type="phantom" candidates="4" cleared="2" enqueued="2" />
</gc-op>
<gc-end id="746" type="scavenge" contextid="742" durationms="10.459" usertimems="22.914" systemtimems="1.130" timestamp="2020-09-11T12:52:15.083" activeThreads="8">
  <mem-info id="747" free="14523656" total="20971520" percent="69">
    <mem type="nursery" free="12157696" total="14548992" percent="83">
      <mem type="allocate" free="12157696" total="13041664" percent="93" />
      <mem type="survivor" free="0" total="1507328" percent="0" />
    </mem>
    <mem type="tenure" free="2365960" total="6422528" percent="36">
      <mem type="soa" free="2044424" total="6100992" percent="33" />
      <mem type="loa" free="321536" total="321536" percent="100" />
    </mem>
    <pending-finalizers system="0" default="0" reference="814" classloader="0" />
    <remembered-set count="3181" />
  </mem-info>
</gc-end>
<cycle-end id="748" type="scavenge" contextid="742" timestamp="2020-09-11T12:52:15.083" />
<allocation-satisfied id="749" threadId="0000000000019A00" bytesRequested="3840" />
<af-end id="750" timestamp="2020-09-11T12:52:15.084" threadId="000000000001A380" success="true" from="nursery"/>
<exclusive-end id="751" timestamp="2020-09-11T12:52:15.084" durationms="11.339" />

<exclusive-start id="752" timestamp="2020-09-11T12:52:15.138" intervalms="65.444">
  <response-info timems="8.811" idlems="8.811" threads="0" lastid="0000000000019A00" lastname="main" />
</exclusive-start>
<af-start id="753" threadId="000000000001A380" totalBytesRequested="9792" timestamp="2020-09-11T12:52:15.138" intervalms="65.447" type="nursery" />
<cycle-start id="754" type="scavenge" contextid="0" timestamp="2020-09-11T12:52:15.138" intervalms="65.418" />
<gc-start id="755" type="scavenge" contextid="754" timestamp="2020-09-11T12:52:15.138">
  <mem-info id="756" free="2362672" total="20971520" percent="11">
    <mem type="nursery" free="0" total="14548992" percent="0">
      <mem type="allocate" free="0" total="13041664" percent="0" />
      <mem type="survivor" free="0" total="1507328" percent="0" />
    </mem>
    <mem type="tenure" free="2362672" total="6422528" percent="36">
      <mem type="soa" free="2041136" total="6100992" percent="33" />
      <mem type="loa" free="321536" total="321536" percent="100" />
    </mem>
    <remembered-set count="3224" />
  </mem-info>
</gc-start>
<allocation-stats totalBytes="12039512" >
  <allocated-bytes non-tlh="90016" tlh="11949496" />
  <largest-consumer threadName="main" threadId="0000000000019A00" bytes="12027680" />
</allocation-stats>
<gc-op id="757" type="scavenge" timems="5.307" contextid="754" timestamp="2020-09-11T12:52:15.143">
  <scavenger-info tenureage="3" tenuremask="fff8" tiltratio="89" />
  <memory-copied type="nursery" objects="23988" bytes="828000" bytesdiscarded="81352" />
  <references type="soft" candidates="1406" cleared="0" enqueued="0" dynamicThreshold="12" maxThreshold="32" />
  <references type="weak" candidates="97" cleared="22" enqueued="22" />
  <references type="phantom" candidates="2" cleared="0" enqueued="0" />
</gc-op>
<heap-resize id="758" type="expand" space="nursery" amount="655360" count="1" timems="0.055" reason="excessive time being spent scavenging" timestamp="2020-09-11T12:52:15.144" />
<gc-end id="759" type="scavenge" contextid="754" durationms="5.616" usertimems="21.372" systemtimems="0.058" timestamp="2020-09-11T12:52:15.144" activeThreads="8">
  <mem-info id="760" free="15084080" total="21626880" percent="69">
    <mem type="nursery" free="12721408" total="15204352" percent="83">
      <mem type="allocate" free="12721408" total="13631488" percent="93" />
      <mem type="survivor" free="0" total="1572864" percent="0" />
    </mem>
    <mem type="tenure" free="2362672" total="6422528" percent="36">
      <mem type="soa" free="2041136" total="6100992" percent="33" />
      <mem type="loa" free="321536" total="321536" percent="100" />
    </mem>
    <pending-finalizers system="0" default="0" reference="22" classloader="0" />
    <remembered-set count="3207" />
  </mem-info>
</gc-end>
<cycle-end id="761" type="scavenge" contextid="754" timestamp="2020-09-11T12:52:15.144" />
<allocation-satisfied id="762" threadId="0000000000019A00" bytesRequested="9792" />
<af-end id="763" timestamp="2020-09-11T12:52:15.144" threadId="000000000001A380" success="true" from="nursery"/>
<exclusive-end id="764" timestamp="2020-09-11T12:52:15.144" durationms="6.418" />

<exclusive-start id="765" timestamp="2020-09-11T12:52:15.168" intervalms="30.340">
  <response-info timems="0.087" idlems="0.087" threads="0" lastid="0000000000019A00" lastname="main" />
</exclusive-start>
<af-start id="766" threadId="000000000001A380" totalBytesRequested="2544" timestamp="2020-09-11T12:52:15.168" intervalms="30.319" type="nursery" />
<cycle-start id="767" type="scavenge" contextid="0" timestamp="2020-09-11T12:52:15.168" intervalms="30.324" />
<gc-start id="768" type="scavenge" contextid="767" timestamp="2020-09-11T12:52:15.168">
  <mem-info id="769" free="2362672" total="21626880" percent="10">
    <mem type="nursery" free="0" total="15204352" percent="0">
      <mem type="allocate" free="0" total="13631488" percent="0" />
      <mem type="survivor" free="0" total="1572864" percent="0" />
    </mem>
    <mem type="tenure" free="2362672" total="6422528" percent="36">
      <mem type="soa" free="2041136" total="6100992" percent="33" />
      <mem type="loa" free="321536" total="321536" percent="100" />
    </mem>
    <remembered-set count="3214" />
  </mem-info>
</gc-start>
<allocation-stats totalBytes="12511624" >
  <allocated-bytes non-tlh="2325784" tlh="10185840" />
  <largest-consumer threadName="main" threadId="0000000000019A00" bytes="12511624" />
</allocation-stats>
<gc-op id="770" type="scavenge" timems="5.500" contextid="767" timestamp="2020-09-11T12:52:15.174">
  <scavenger-info tenureage="3" tenuremask="fff8" tiltratio="89" />
  <memory-copied type="nursery" objects="24128" bytes="837872" bytesdiscarded="71344" />
  <references type="soft" candidates="1407" cleared="0" enqueued="0" dynamicThreshold="12" maxThreshold="32" />
  <references type="weak" candidates="75" cleared="0" enqueued="0" />
  <references type="phantom" candidates="6" cleared="0" enqueued="0" />
</gc-op>
<heap-resize id="771" type="expand" space="nursery" amount="1441792" count="1" timems="0.032" reason="excessive time being spent scavenging" timestamp="2020-09-11T12:52:15.174" />
<gc-end id="772" type="scavenge" contextid="767" durationms="5.748" usertimems="25.201" systemtimems="0.000" timestamp="2020-09-11T12:52:15.174" activeThreads="8">
  <mem-info id="773" free="16329472" total="23068672" percent="70">
    <mem type="nursery" free="13966800" total="16646144" percent="83">
      <mem type="allocate" free="13966800" total="14876672" percent="93" />
      <mem type="survivor" free="0" total="1769472" percent="0" />
    </mem>
    <mem type="tenure" free="2362672" total="6422528" percent="36">
      <mem type="soa" free="2041136" total="6100992" percent="33" />
      <mem type="loa" free="321536" total="321536" percent="100" />
    </mem>
    <remembered-set count="2114" />
  </mem-info>
</gc-end>
<cycle-end id="774" type="scavenge" contextid="767" timestamp="2020-09-11T12:52:15.174" />
<allocation-satisfied id="775" threadId="0000000000019A00" bytesRequested="2544" />
<af-end id="776" timestamp="2020-09-11T12:52:15.174" threadId="000000000001A380" success="true" from="nursery"/>
<exclusive-end id="777" timestamp="2020-09-11T12:52:15.174" durationms="6.320" />

<exclusive-start id="778" timestamp="2020-09-11T12:52:15.203" intervalms="34.730">
  <response-info timems="0.817" idlems="0.817" threads="0" lastid="0000000000019A00" lastname="main" />
</exclusive-start>
<af-start id="779" threadId="000000000001A380" totalBytesRequested="9368" timestamp="2020-09-11T12:52:15.203" intervalms="34.720" type="nursery" />
<cycle-start id="780" type="scavenge" contextid="0" timestamp="2020-09-11T12:52:15.203" intervalms="34.713" />
<gc-start id="781" type="scavenge" contextid="780" timestamp="2020-09-11T12:52:15.203">
  <mem-info id="782" free="2362672" total="23068672" percent="10">
    <mem type="nursery" free="0" total="16646144" percent="0">
      <mem type="allocate" free="0" total="14876672" percent="0" />
      <mem type="survivor" free="0" total="1769472" percent="0" />
    </mem>
    <mem type="tenure" free="2362672" total="6422528" percent="36">
      <mem type="soa" free="2041136" total="6100992" percent="33" />
      <mem type="loa" free="321536" total="321536" percent="100" />
    </mem>
    <remembered-set count="2115" />
  </mem-info>
</gc-start>
<allocation-stats totalBytes="13692416" >
  <allocated-bytes non-tlh="2544" tlh="13689872" />
  <largest-consumer threadName="main" threadId="0000000000019A00" bytes="13692416" />
</allocation-stats>
<gc-op id="783" type="scavenge" timems="3.869" contextid="780" timestamp="2020-09-11T12:52:15.207">
  <scavenger-info tenureage="3" tenuremask="fff8" tiltratio="89" />
  <memory-copied type="nursery" objects="3180" bytes="153712" bytesdiscarded="102488" />
  <memory-copied type="tenure" objects="20967" bytes="703792" bytesdiscarded="592" />
  <references type="soft" candidates="1" cleared="0" enqueued="0" dynamicThreshold="12" maxThreshold="32" />
  <references type="weak" candidates="2" cleared="0" enqueued="0" />
  <references type="phantom" candidates="4" cleared="0" enqueued="0" />
</gc-op>
<heap-resize id="784" type="expand" space="nursery" amount="917504" count="1" timems="0.041" reason="excessive time being spent scavenging" timestamp="2020-09-11T12:52:15.207" />
<gc-end id="785" type="scavenge" contextid="780" durationms="4.111" usertimems="15.508" systemtimems="0.772" timestamp="2020-09-11T12:52:15.207" activeThreads="8">
  <mem-info id="786" free="17048528" total="23986176" percent="71">
    <mem type="nursery" free="15472376" total="17563648" percent="88">
      <mem type="allocate" free="15472376" total="15728640" percent="98" />
      <mem type="survivor" free="0" total="1835008" percent="0" />
    </mem>
    <mem type="tenure" free="1576152" total="6422528" percent="24">
      <mem type="soa" free="1254616" total="6100992" percent="20" />
      <mem type="loa" free="321536" total="321536" percent="100" />
    </mem>
    <remembered-set count="234" />
  </mem-info>
</gc-end>
<cycle-end id="787" type="scavenge" contextid="780" timestamp="2020-09-11T12:52:15.207" />
<allocation-satisfied id="788" threadId="0000000000019A00" bytesRequested="9368" />
<af-end id="789" timestamp="2020-09-11T12:52:15.207" threadId="000000000001A380" success="true" from="nursery"/>
<exclusive-end id="790" timestamp="2020-09-11T12:52:15.207" durationms="4.703" />

<exclusive-start id="791" timestamp="2020-09-11T12:52:15.236" intervalms="33.742">
  <response-info timems="0.153" idlems="0.153" threads="0" lastid="0000000000019A00" lastname="main" />
</exclusive-start>
<af-start id="792" threadId="000000000001A380" totalBytesRequested="1120" timestamp="2020-09-11T12:52:15.237" intervalms="33.728" type="nursery" />
<cycle-start id="793" type="scavenge" contextid="0" timestamp="2020-09-11T12:52:15.237" intervalms="33.727" />
<gc-start id="794" type="scavenge" contextid="793" timestamp="2020-09-11T12:52:15.237">
  <mem-info id="795" free="1576152" total="23986176" percent="6">
    <mem type="nursery" free="0" total="17563648" percent="0">
      <mem type="allocate" free="0" total="15728640" percent="0" />
      <mem type="survivor" free="0" total="1835008" percent="0" />
    </mem>
    <mem type="tenure" free="1576152" total="6422528" percent="24">
      <mem type="soa" free="1254616" total="6100992" percent="20" />
      <mem type="loa" free="321536" total="321536" percent="100" />
    </mem>
    <remembered-set count="235" />
  </mem-info>
</gc-start>
<allocation-stats totalBytes="15219440" >
  <allocated-bytes non-tlh="191152" tlh="15028288" />
  <largest-consumer threadName="main" threadId="0000000000019A00" bytes="15219440" />
</allocation-stats>
<gc-op id="796" type="scavenge" timems="1.389" contextid="793" timestamp="2020-09-11T12:52:15.238">
  <scavenger-info tenureage="3" tenuremask="ffe8" tiltratio="89" />
  <memory-copied type="nursery" objects="168" bytes="22024" bytesdiscarded="25576" />
  <memory-copied type="tenure" objects="2942" bytes="106656" bytesdiscarded="520" />
  <references type="soft" candidates="1" cleared="0" enqueued="0" dynamicThreshold="12" maxThreshold="32" />
  <references type="phantom" candidates="4" cleared="0" enqueued="0" />
</gc-op>
<gc-end id="797" type="scavenge" contextid="793" durationms="1.519" usertimems="4.148" systemtimems="0.456" timestamp="2020-09-11T12:52:15.238" activeThreads="8">
  <mem-info id="798" free="17183072" total="23986176" percent="71">
    <mem type="nursery" free="15746560" total="17563648" percent="89">
      <mem type="allocate" free="15746560" total="15794176" percent="99" />
      <mem type="survivor" free="0" total="1769472" percent="0" />
    </mem>
    <mem type="tenure" free="1436512" total="6422528" percent="22">
      <mem type="soa" free="1114976" total="6100992" percent="18" />
      <mem type="loa" free="321536" total="321536" percent="100" />
    </mem>
    <remembered-set count="162" />
  </mem-info>
</gc-end>
<cycle-end id="799" type="scavenge" contextid="793" timestamp="2020-09-11T12:52:15.238" />
<allocation-satisfied id="800" threadId="0000000000019A00" bytesRequested="1120" />
<af-end id="801" timestamp="2020-09-11T12:52:15.238" threadId="000000000001A380" success="true" from="nursery"/>
<exclusive-end id="802" timestamp="2020-09-11T12:52:15.238" durationms="1.989" />

<exclusive-start id="803" timestamp="2020-09-11T12:52:15.269" intervalms="32.474">
  <response-info timems="0.148" idlems="0.148" threads="0" lastid="0000000000019A00" lastname="main" />
</exclusive-start>
<af-start id="804" threadId="000000000001A380" totalBytesRequested="8328" timestamp="2020-09-11T12:52:15.269" intervalms="32.489" type="nursery" />
<cycle-start id="805" type="scavenge" contextid="0" timestamp="2020-09-11T12:52:15.269" intervalms="32.489" />
<gc-start id="806" type="scavenge" contextid="805" timestamp="2020-09-11T12:52:15.269">
  <mem-info id="807" free="1436512" total="23986176" percent="5">
    <mem type="nursery" free="0" total="17563648" percent="0">
      <mem type="allocate" free="0" total="15794176" percent="0" />
      <mem type="survivor" free="0" total="1769472" percent="0" />
    </mem>
    <mem type="tenure" free="1436512" total="6422528" percent="22">
      <mem type="soa" free="1114976" total="6100992" percent="18" />
      <mem type="loa" free="321536" total="321536" percent="100" />
    </mem>
    <remembered-set count="163" />
  </mem-info>
</gc-start>
<allocation-stats totalBytes="15190880" >
  <allocated-bytes non-tlh="449352" tlh="14741528" />
  <largest-consumer threadName="main" threadId="0000000000019A00" bytes="15190880" />
</allocation-stats>
<gc-op id="808" type="scavenge" timems="1.984" contextid="805" timestamp="2020-09-11T12:52:15.271">
  <scavenger-info tenureage="3" tenuremask="ffe8" tiltratio="89" />
  <memory-copied type="nursery" objects="49" bytes="12168" bytesdiscarded="35440" />
  <memory-copied type="tenure" objects="106" bytes="13712" bytesdiscarded="0" />
  <references type="phantom" candidates="2" cleared="0" enqueued="0" />
</gc-op>
<gc-end id="809" type="scavenge" contextid="805" durationms="2.151" usertimems="6.537" systemtimems="0.000" timestamp="2020-09-11T12:52:15.271" activeThreads="8">
  <mem-info id="810" free="17183072" total="23986176" percent="71">
    <mem type="nursery" free="15746560" total="17563648" percent="89">
      <mem type="allocate" free="15746560" total="15794176" percent="99" />
      <mem type="survivor" free="0" total="1769472" percent="0" />
    </mem>
    <mem type="tenure" free="1436512" total="6422528" percent="22">
      <mem type="soa" free="1114976" total="6100992" percent="18" />
      <mem type="loa" free="321536" total="321536" percent="100" />
    </mem>
    <remembered-set count="163" />
  </mem-info>
</gc-end>
<cycle-end id="811" type="scavenge" contextid="805" timestamp="2020-09-11T12:52:15.272" />
<allocation-satisfied id="812" threadId="0000000000019A00" bytesRequested="8328" />
<af-end id="813" timestamp="2020-09-11T12:52:15.272" threadId="000000000001A380" success="true" from="nursery"/>
<exclusive-end id="814" timestamp="2020-09-11T12:52:15.272" durationms="2.678" />

<exclusive-start id="815" timestamp="2020-09-11T12:52:15.301" intervalms="32.377">
  <response-info timems="0.198" idlems="0.198" threads="0" lastid="0000000000019A00" lastname="main" />
</exclusive-start>
<af-start id="816" threadId="000000000001A380" totalBytesRequested="4104" timestamp="2020-09-11T12:52:15.301" intervalms="32.384" type="nursery" />
<cycle-start id="817" type="scavenge" contextid="0" timestamp="2020-09-11T12:52:15.301" intervalms="32.387" />
<gc-start id="818" type="scavenge" contextid="817" timestamp="2020-09-11T12:52:15.302">
  <mem-info id="819" free="1436512" total="23986176" percent="5">
    <mem type="nursery" free="0" total="17563648" percent="0">
      <mem type="allocate" free="0" total="15794176" percent="0" />
      <mem type="survivor" free="0" total="1769472" percent="0" />
    </mem>
    <mem type="tenure" free="1436512" total="6422528" percent="22">
      <mem type="soa" free="1114976" total="6100992" percent="18" />
      <mem type="loa" free="321536" total="321536" percent="100" />
    </mem>
    <remembered-set count="164" />
  </mem-info>
</gc-start>
<allocation-stats totalBytes="15442920" >
  <allocated-bytes non-tlh="54512" tlh="15388408" />
  <largest-consumer threadName="main" threadId="0000000000019A00" bytes="15442920" />
</allocation-stats>
<gc-op id="820" type="scavenge" timems="1.250" contextid="817" timestamp="2020-09-11T12:52:15.303">
  <scavenger-info tenureage="3" tenuremask="ffe8" tiltratio="89" />
  <memory-copied type="nursery" objects="39" bytes="3840" bytesdiscarded="43768" />
  <references type="phantom" candidates="2" cleared="0" enqueued="0" />
</gc-op>
<gc-end id="821" type="scavenge" contextid="817" durationms="1.373" usertimems="4.325" systemtimems="0.000" timestamp="2020-09-11T12:52:15.303" activeThreads="8">
  <mem-info id="822" free="17183072" total="23986176" percent="71">
    <mem type="nursery" free="15746560" total="17563648" percent="89">
      <mem type="allocate" free="15746560" total="15794176" percent="99" />
      <mem type="survivor" free="0" total="1769472" percent="0" />
    </mem>
    <mem type="tenure" free="1436512" total="6422528" percent="22">
      <mem type="soa" free="1114976" total="6100992" percent="18" />
      <mem type="loa" free="321536" total="321536" percent="100" />
    </mem>
    <remembered-set count="163" />
  </mem-info>
</gc-end>
<cycle-end id="823" type="scavenge" contextid="817" timestamp="2020-09-11T12:52:15.303" />
<allocation-satisfied id="824" threadId="0000000000019A00" bytesRequested="4104" />
<af-end id="825" timestamp="2020-09-11T12:52:15.303" threadId="000000000001A380" success="true" from="nursery"/>
<exclusive-end id="826" timestamp="2020-09-11T12:52:15.303" durationms="1.958" />

<exclusive-start id="827" timestamp="2020-09-11T12:52:15.333" intervalms="31.799">
  <response-info timems="0.080" idlems="0.080" threads="0" lastid="0000000000019A00" lastname="main" />
</exclusive-start>
<af-start id="828" threadId="000000000001A380" totalBytesRequested="4104" timestamp="2020-09-11T12:52:15.333" intervalms="31.778" type="nursery" />
<cycle-start id="829" type="scavenge" contextid="0" timestamp="2020-09-11T12:52:15.333" intervalms="31.773" />
<gc-start id="830" type="scavenge" contextid="829" timestamp="2020-09-11T12:52:15.333">
  <mem-info id="831" free="1436512" total="23986176" percent="5">
    <mem type="nursery" free="0" total="17563648" percent="0">
      <mem type="allocate" free="0" total="15794176" percent="0" />
      <mem type="survivor" free="0" total="1769472" percent="0" />
    </mem>
    <mem type="tenure" free="1436512" total="6422528" percent="22">
      <mem type="soa" free="1114976" total="6100992" percent="18" />
      <mem type="loa" free="321536" total="321536" percent="100" />
    </mem>
    <remembered-set count="164" />
  </mem-info>
</gc-start>
<allocation-stats totalBytes="15322208" >
  <allocated-bytes non-tlh="90320" tlh="15231888" />
  <largest-consumer threadName="main" threadId="0000000000019A00" bytes="15322208" />
</allocation-stats>
<gc-op id="832" type="scavenge" timems="1.019" contextid="829" timestamp="2020-09-11T12:52:15.334">
  <scavenger-info tenureage="3" tenuremask="fff8" tiltratio="89" />
  <memory-copied type="nursery" objects="104" bytes="6536" bytesdiscarded="41072" />
  <references type="phantom" candidates="2" cleared="0" enqueued="0" />
</gc-op>
<gc-end id="833" type="scavenge" contextid="829" durationms="1.151" usertimems="1.454" systemtimems="0.158" timestamp="2020-09-11T12:52:15.334" activeThreads="8">
  <mem-info id="834" free="17183072" total="23986176" percent="71">
    <mem type="nursery" free="15746560" total="17563648" percent="89">
      <mem type="allocate" free="15746560" total="15794176" percent="99" />
      <mem type="survivor" free="0" total="1769472" percent="0" />
    </mem>
    <mem type="tenure" free="1436512" total="6422528" percent="22">
      <mem type="soa" free="1114976" total="6100992" percent="18" />
      <mem type="loa" free="321536" total="321536" percent="100" />
    </mem>
    <remembered-set count="163" />
  </mem-info>
</gc-end>
<cycle-end id="835" type="scavenge" contextid="829" timestamp="2020-09-11T12:52:15.335" />
<allocation-satisfied id="836" threadId="0000000000019A00" bytesRequested="4104" />
<af-end id="837" timestamp="2020-09-11T12:52:15.335" threadId="000000000001A380" success="true" from="nursery"/>
<exclusive-end id="838" timestamp="2020-09-11T12:52:15.335" durationms="1.755" />

<exclusive-start id="839" timestamp="2020-09-11T12:52:15.368" intervalms="34.649">
  <response-info timems="1.388" idlems="1.388" threads="0" lastid="0000000000019A00" lastname="main" />
</exclusive-start>
<af-start id="840" threadId="000000000001A380" totalBytesRequested="4104" timestamp="2020-09-11T12:52:15.368" intervalms="34.654" type="nursery" />
<cycle-start id="841" type="scavenge" contextid="0" timestamp="2020-09-11T12:52:15.368" intervalms="34.659" />
<gc-start id="842" type="scavenge" contextid="841" timestamp="2020-09-11T12:52:15.368">
  <mem-info id="843" free="1436512" total="23986176" percent="5">
    <mem type="nursery" free="0" total="17563648" percent="0">
      <mem type="allocate" free="0" total="15794176" percent="0" />
      <mem type="survivor" free="0" total="1769472" percent="0" />
    </mem>
    <mem type="tenure" free="1436512" total="6422528" percent="22">
      <mem type="soa" free="1114976" total="6100992" percent="18" />
      <mem type="loa" free="321536" total="321536" percent="100" />
    </mem>
    <remembered-set count="164" />
  </mem-info>
</gc-start>
<allocation-stats totalBytes="15339976" >
  <allocated-bytes non-tlh="4104" tlh="15335872" />
  <largest-consumer threadName="main" threadId="0000000000019A00" bytes="15339976" />
</allocation-stats>
<gc-op id="844" type="scavenge" timems="1.218" contextid="841" timestamp="2020-09-11T12:52:15.369">
  <scavenger-info tenureage="3" tenuremask="fff8" tiltratio="89" />
  <memory-copied type="nursery" objects="110" bytes="10648" bytesdiscarded="36960" />
  <references type="phantom" candidates="2" cleared="0" enqueued="0" />
</gc-op>
<gc-end id="845" type="scavenge" contextid="841" durationms="1.369" usertimems="2.776" systemtimems="0.000" timestamp="2020-09-11T12:52:15.370" activeThreads="8">
  <mem-info id="846" free="17183072" total="23986176" percent="71">
    <mem type="nursery" free="15746560" total="17563648" percent="89">
      <mem type="allocate" free="15746560" total="15794176" percent="99" />
      <mem type="survivor" free="0" total="1769472" percent="0" />
    </mem>
    <mem type="tenure" free="1436512" total="6422528" percent="22">
      <mem type="soa" free="1114976" total="6100992" percent="18" />
      <mem type="loa" free="321536" total="321536" percent="100" />
    </mem>
    <remembered-set count="163" />
  </mem-info>
</gc-end>
<cycle-end id="847" type="scavenge" contextid="841" timestamp="2020-09-11T12:52:15.370" />
<allocation-satisfied id="848" threadId="0000000000019A00" bytesRequested="4104" />
<af-end id="849" timestamp="2020-09-11T12:52:15.370" threadId="000000000001A380" success="true" from="nursery"/>
<exclusive-end id="850" timestamp="2020-09-11T12:52:15.370" durationms="2.038" />

<exclusive-start id="851" timestamp="2020-09-11T12:52:15.484" intervalms="115.951">
  <response-info timems="0.086" idlems="0.086" threads="0" lastid="0000000000019A00" lastname="main" />
</exclusive-start>
<af-start id="852" threadId="000000000001A380" totalBytesRequested="16777224" timestamp="2020-09-11T12:52:15.484" intervalms="116.007" type="nursery" />
<cycle-start id="853" type="scavenge" contextid="0" timestamp="2020-09-11T12:52:15.484" intervalms="116.013" />
<gc-start id="854" type="scavenge" contextid="853" timestamp="2020-09-11T12:52:15.484">
  <mem-info id="855" free="10328640" total="23986176" percent="43">
    <mem type="nursery" free="8918520" total="17563648" percent="50">
      <mem type="allocate" free="8918520" total="15794176" percent="56" />
      <mem type="survivor" free="0" total="1769472" percent="0" />
    </mem>
    <mem type="tenure" free="1410120" total="6422528" percent="21">
      <mem type="soa" free="1088584" total="6100992" percent="17" />
      <mem type="loa" free="321536" total="321536" percent="100" />
    </mem>
    <remembered-set count="633" />
  </mem-info>
</gc-start>
<allocation-stats totalBytes="6849360" >
  <allocated-bytes non-tlh="29768" tlh="6819592" />
  <largest-consumer threadName="main" threadId="0000000000019A00" bytes="6627056" />
</allocation-stats>
<gc-op id="856" type="scavenge" timems="3.714" contextid="853" timestamp="2020-09-11T12:52:15.488">
  <scavenger-info tenureage="3" tenuremask="fff8" tiltratio="89" />
  <memory-copied type="nursery" objects="12207" bytes="450480" bytesdiscarded="81480" />
  <finalization candidates="13" enqueued="1" />
  <ownableSynchronizers candidates="12" cleared="5" />
  <references type="soft" candidates="15" cleared="0" enqueued="0" dynamicThreshold="12" maxThreshold="32" />
  <references type="weak" candidates="1125" cleared="453" enqueued="324" />
  <references type="phantom" candidates="2" cleared="0" enqueued="0" />
</gc-op>
<gc-end id="857" type="scavenge" contextid="853" durationms="3.906" usertimems="9.822" systemtimems="0.000" timestamp="2020-09-11T12:52:15.488" activeThreads="8">
  <mem-info id="858" free="16669768" total="23986176" percent="69">
    <mem type="nursery" free="15259648" total="17563648" percent="86">
      <mem type="allocate" free="15259648" total="15794176" percent="96" />
      <mem type="survivor" free="0" total="1769472" percent="0" />
    </mem>
    <mem type="tenure" free="1410120" total="6422528" percent="21">
      <mem type="soa" free="1088584" total="6100992" percent="17" />
      <mem type="loa" free="321536" total="321536" percent="100" />
    </mem>
    <pending-finalizers system="1" default="0" reference="324" classloader="0" />
    <remembered-set count="613" />
  </mem-info>
</gc-end>
<cycle-end id="859" type="scavenge" contextid="853" timestamp="2020-09-11T12:52:15.488" />
<cycle-start id="860" type="global" contextid="0" timestamp="2020-09-11T12:52:15.489" intervalms="1030.850" />
<gc-start id="861" type="global" contextid="860" timestamp="2020-09-11T12:52:15.489">
  <mem-info id="862" free="16669768" total="23986176" percent="69">
    <mem type="nursery" free="15259648" total="17563648" percent="86">
      <mem type="allocate" free="15259648" total="15794176" percent="96" />
      <mem type="survivor" free="0" total="1769472" percent="0" />
    </mem>
    <mem type="tenure" free="1410120" total="6422528" percent="21">
      <mem type="soa" free="1088584" total="6100992" percent="17" />
      <mem type="loa" free="321536" total="321536" percent="100" />
    </mem>
    <pending-finalizers system="1" default="0" reference="324" classloader="0" />
    <remembered-set count="613" />
  </mem-info>
</gc-start>
<allocation-stats totalBytes="0" >
  <allocated-bytes non-tlh="0" tlh="0" />
</allocation-stats>
<heap-resize id="863" type="loa expand" space="tenure" amount="64512" count="1" timems="0.000" reason="expand on failed allocate" timestamp="2020-09-11T12:52:15.489" />
<gc-op id="864" type="mark" timems="12.816" contextid="860" timestamp="2020-09-11T12:52:15.502">
  <trace-info objectcount="109233" scancount="92062" scanbytes="3008288" />
  <finalization candidates="85" enqueued="0" />
  <ownableSynchronizers candidates="18" cleared="0" />
  <references type="soft" candidates="4086" cleared="0" enqueued="0" dynamicThreshold="12" maxThreshold="32" />
  <references type="weak" candidates="2622" cleared="42" enqueued="21" />
  <references type="phantom" candidates="101" cleared="0" enqueued="0" />
  <stringconstants candidates="8945" cleared="48"  />
</gc-op>
<gc-op id="865" type="classunload" timems="0.010" contextid="860" timestamp="2020-09-11T12:52:15.502">
  <classunload-info classloadercandidates="28" classloadersunloaded="0" classesunloaded="0" anonymousclassesunloaded="0" quiescems="0.000" setupms="0.008" scanms="0.001" postms="0.001" />
</gc-op>
<gc-op id="866" type="sweep" timems="2.454" contextid="860" timestamp="2020-09-11T12:52:15.504" />
<mem-info id="867" free="16927672" total="23986176" percent="70">
  <mem type="nursery" free="15341592" total="17563648" percent="87">
    <mem type="allocate" free="15341592" total="15794176" percent="97" />
    <mem type="survivor" free="0" total="1769472" percent="0" />
  </mem>
  <mem type="tenure" free="1586080" total="6422528" percent="24" micro-fragmented="31029" macro-fragmented="0">
    <mem type="soa" free="1237888" total="6036480" percent="20" />
    <mem type="loa" free="348192" total="386048" percent="90" />
  </mem>
  <pending-finalizers system="1" default="0" reference="345" classloader="0" />
  <remembered-set count="568" />
</mem-info>
<gc-op id="868" type="compact" timems="39.200" contextid="860" timestamp="2020-09-11T12:52:15.544">
  <compact-info movecount="108045" movebytes="5129128" reason="compact to meet allocation" />
</gc-op>
<heap-resize id="869" type="expand" space="tenure" amount="24379392" count="1" timems="0.255" reason="satisfy allocation request" timestamp="2020-09-11T12:52:15.544" />
<gc-end id="870" type="global" contextid="860" durationms="55.879" usertimems="105.489" systemtimems="8.469" timestamp="2020-09-11T12:52:15.544" activeThreads="8">
  <mem-info id="871" free="24627344" total="48365568" percent="50">
    <mem type="nursery" free="15345592" total="17563648" percent="87">
      <mem type="allocate" free="15345592" total="15794176" percent="97" />
      <mem type="survivor" free="0" total="1769472" percent="0" />
    </mem>
    <mem type="tenure" free="9281752" total="30801920" percent="30">
      <mem type="soa" free="7433432" total="28953600" percent="25" />
      <mem type="loa" free="1848320" total="1848320" percent="100" />
    </mem>
    <pending-finalizers system="1" default="0" reference="345" classloader="0" />
    <remembered-set count="568" />
  </mem-info>
</gc-end>
<cycle-end id="872" type="global" contextid="860" timestamp="2020-09-11T12:52:15.545" />
<allocation-satisfied id="873" threadId="0000000000019A00" bytesRequested="16777224" />
<af-end id="874" timestamp="2020-09-11T12:52:15.548" threadId="000000000001A380" success="true" from="tenure-soa"/>
<exclusive-end id="875" timestamp="2020-09-11T12:52:15.548" durationms="64.006" />

<exclusive-start id="876" timestamp="2020-09-11T12:52:15.704" intervalms="220.209">
  <response-info timems="0.219" idlems="0.219" threads="0" lastid="0000000000761400" lastname="MapReducer.1" />
</exclusive-start>
<af-start id="877" threadId="0000000000761D80" totalBytesRequested="32" timestamp="2020-09-11T12:52:15.704" intervalms="220.285" type="nursery" />
<percolate-collect id="878" from="nursery" to="global" reason="met projected tenure max free" timestamp="2020-09-11T12:52:15.704"/>
<cycle-start id="879" type="global" contextid="0" timestamp="2020-09-11T12:52:15.704" intervalms="215.704" />
<gc-start id="880" type="global" contextid="879" timestamp="2020-09-11T12:52:15.704">
  <mem-info id="881" free="9258768" total="48365568" percent="19">
    <mem type="nursery" free="0" total="17563648" percent="0">
      <mem type="allocate" free="0" total="15794176" percent="0" />
      <mem type="survivor" free="0" total="1769472" percent="0" />
    </mem>
    <mem type="tenure" free="9258768" total="30801920" percent="30">
      <mem type="soa" free="7410448" total="28953600" percent="25" />
      <mem type="loa" free="1848320" total="1848320" percent="100" />
    </mem>
    <remembered-set count="968" />
  </mem-info>
</gc-start>
<allocation-stats totalBytes="32141112" >
  <allocated-bytes non-tlh="20005840" tlh="12135272" />
  <largest-consumer threadName="main" threadId="0000000000019A00" bytes="17098224" />
</allocation-stats>
<gc-op id="882" type="mark" timems="12.988" contextid="879" timestamp="2020-09-11T12:52:15.717">
  <trace-info objectcount="379121" scancount="334094" scanbytes="13318644" />
  <finalization candidates="89" enqueued="1" />
  <ownableSynchronizers candidates="73" cleared="0" />
  <references type="soft" candidates="4309" cleared="0" enqueued="0" dynamicThreshold="9" maxThreshold="32" />
  <references type="weak" candidates="2995" cleared="111" enqueued="75" />
  <references type="phantom" candidates="101" cleared="0" enqueued="0" />
  <stringconstants candidates="9109" cleared="3"  />
</gc-op>
<gc-op id="883" type="classunload" timems="0.011" contextid="879" timestamp="2020-09-11T12:52:15.718">
  <classunload-info classloadercandidates="58" classloadersunloaded="0" classesunloaded="0" anonymousclassesunloaded="0" quiescems="0.000" setupms="0.009" scanms="0.001" postms="0.001" />
</gc-op>
<gc-op id="884" type="sweep" timems="1.173" contextid="879" timestamp="2020-09-11T12:52:15.719" />
<gc-end id="885" type="global" contextid="879" durationms="14.600" usertimems="67.132" systemtimems="3.561" timestamp="2020-09-11T12:52:15.719" activeThreads="8">
  <mem-info id="886" free="10651808" total="48365568" percent="22">
    <mem type="nursery" free="1390984" total="17563648" percent="7">
      <mem type="allocate" free="1390984" total="15794176" percent="8" />
      <mem type="survivor" free="0" total="1769472" percent="0" />
    </mem>
    <mem type="tenure" free="9260824" total="30801920" percent="30" micro-fragmented="1281" macro-fragmented="0">
      <mem type="soa" free="7412504" total="28953600" percent="25" />
      <mem type="loa" free="1848320" total="1848320" percent="100" />
    </mem>
    <pending-finalizers system="1" default="0" reference="75" classloader="0" />
    <remembered-set count="939" />
  </mem-info>
</gc-end>
<cycle-end id="887" type="global" contextid="879" timestamp="2020-09-11T12:52:15.719" />
<allocation-satisfied id="888" threadId="0000000000761400" bytesRequested="32" />
<af-end id="889" timestamp="2020-09-11T12:52:15.719" threadId="0000000000761D80" success="true" from="nursery"/>
<exclusive-end id="890" timestamp="2020-09-11T12:52:15.719" durationms="15.317" />

<exclusive-start id="891" timestamp="2020-09-11T12:52:15.722" intervalms="18.431">
  <response-info timems="0.157" idlems="0.157" threads="0" lastid="000000000079FB00" lastname="ForkJoinPool-3-worker-7" />
</exclusive-start>
<af-start id="892" threadId="00000000007A0480" totalBytesRequested="16" timestamp="2020-09-11T12:52:15.723" intervalms="18.447" type="nursery" />
<cycle-start id="893" type="scavenge" contextid="0" timestamp="2020-09-11T12:52:15.723" intervalms="238.741" />
<gc-start id="894" type="scavenge" contextid="893" timestamp="2020-09-11T12:52:15.723">
  <mem-info id="895" free="9260584" total="48365568" percent="19">
    <mem type="nursery" free="0" total="17563648" percent="0">
      <mem type="allocate" free="0" total="15794176" percent="0" />
      <mem type="survivor" free="0" total="1769472" percent="0" />
    </mem>
    <mem type="tenure" free="9260584" total="30801920" percent="30">
      <mem type="soa" free="7412264" total="28953600" percent="25" />
      <mem type="loa" free="1848320" total="1848320" percent="100" />
    </mem>
    <remembered-set count="942" />
  </mem-info>
</gc-start>
<allocation-stats totalBytes="1386664" >
  <allocated-bytes non-tlh="272" tlh="1386392" />
  <largest-consumer threadName="ForkJoinPool-3-worker-5" threadId="000000000079BF00" bytes="488400" />
</allocation-stats>
<gc-op id="896" type="scavenge" timems="13.483" contextid="893" timestamp="2020-09-11T12:52:15.736">
  <scavenger-info tenureage="3" tenuremask="fff8" tiltratio="89" />
  <memory-copied type="nursery" objects="35774" bytes="1761600" bytesdiscarded="520" />
  <memory-copied type="tenure" objects="274373" bytes="11350800" bytesdiscarded="944" />
  <copy-failed type="nursery" objects="274373" bytes="11355440" />
  <finalization candidates="15" enqueued="0" />
  <ownableSynchronizers candidates="84" cleared="22" />
  <references type="weak" candidates="83" cleared="0" enqueued="0" />
  <references type="phantom" candidates="2" cleared="0" enqueued="0" />
  <heap-resize type="expand" space="tenure" amount="4325376" count="66" timems="2.984" reason="continue current collection" />
</gc-op>
<heap-resize id="897" type="expand" space="nursery" amount="655360" count="1" timems="0.021" reason="excessive time being spent scavenging" timestamp="2020-09-11T12:52:15.736" />
<gc-end id="898" type="scavenge" contextid="893" durationms="13.933" usertimems="71.618" systemtimems="12.227" timestamp="2020-09-11T12:52:15.737" activeThreads="8">
  <mem-info id="899" free="9486080" total="53346304" percent="17">
    <mem type="nursery" free="7340032" total="18219008" percent="40">
      <mem type="allocate" free="7340032" total="9109504" percent="80" />
      <mem type="survivor" free="0" total="9109504" percent="0" />
    </mem>
    <mem type="tenure" free="2146048" total="35127296" percent="6">
      <mem type="soa" free="37632" total="33018880" percent="0" />
      <mem type="loa" free="2108416" total="2108416" percent="100" />
    </mem>
    <remembered-set count="5134" />
  </mem-info>
</gc-end>
<cycle-end id="900" type="scavenge" contextid="893" timestamp="2020-09-11T12:52:15.738" />
<allocation-satisfied id="901" threadId="000000000079FB00" bytesRequested="16" />
<af-end id="902" timestamp="2020-09-11T12:52:15.738" threadId="00000000007A0480" success="true" from="nursery"/>
<exclusive-end id="903" timestamp="2020-09-11T12:52:15.738" durationms="15.382" />

<exclusive-start id="904" timestamp="2020-09-11T12:52:15.746" intervalms="24.120">
  <response-info timems="0.325" idlems="0.325" threads="0" lastid="0000000000761400" lastname="MapReducer.1" />
</exclusive-start>
<af-start id="905" threadId="0000000000761D80" totalBytesRequested="32" timestamp="2020-09-11T12:52:15.747" intervalms="24.129" type="nursery" />
<cycle-start id="906" type="scavenge" contextid="0" timestamp="2020-09-11T12:52:15.747" intervalms="24.143" />
<gc-start id="907" type="scavenge" contextid="906" timestamp="2020-09-11T12:52:15.747">
  <mem-info id="908" free="2144624" total="53346304" percent="4">
    <mem type="nursery" free="0" total="18219008" percent="0">
      <mem type="allocate" free="0" total="9109504" percent="0" />
      <mem type="survivor" free="0" total="9109504" percent="0" />
    </mem>
    <mem type="tenure" free="2144624" total="35127296" percent="6">
      <mem type="soa" free="36208" total="33018880" percent="0" />
      <mem type="loa" free="2108416" total="2108416" percent="100" />
    </mem>
    <remembered-set count="6413" />
  </mem-info>
</gc-start>
<allocation-stats totalBytes="7339960" >
  <allocated-bytes non-tlh="1440" tlh="7338520" />
  <largest-consumer threadName="MapReducer.1" threadId="0000000000761400" bytes="2326528" />
</allocation-stats>
<gc-op id="909" type="scavenge" timems="6.591" contextid="906" timestamp="2020-09-11T12:52:15.754">
  <scavenger-info tenureage="3" tenuremask="fff8" tiltratio="50" />
  <memory-copied type="nursery" objects="170119" bytes="6023456" bytesdiscarded="173920" />
  <finalization candidates="1" enqueued="0" />
  <ownableSynchronizers candidates="61" cleared="0" />
  <references type="soft" candidates="27" cleared="0" enqueued="0" dynamicThreshold="9" maxThreshold="32" />
  <references type="weak" candidates="89" cleared="1" enqueued="1" />
  <references type="phantom" candidates="2" cleared="0" enqueued="0" />
</gc-op>
<heap-resize id="910" type="expand" space="nursery" amount="3538944" count="1" timems="0.079" reason="excessive time being spent scavenging" timestamp="2020-09-11T12:52:15.754" />
<gc-end id="911" type="scavenge" contextid="906" durationms="7.160" usertimems="42.752" systemtimems="0.000" timestamp="2020-09-11T12:52:15.754" activeThreads="8">
  <mem-info id="912" free="6819160" total="56885248" percent="11">
    <mem type="nursery" free="4674536" total="21757952" percent="21">
      <mem type="allocate" free="4674536" total="10878976" percent="42" />
      <mem type="survivor" free="0" total="10878976" percent="0" />
    </mem>
    <mem type="tenure" free="2144624" total="35127296" percent="6">
      <mem type="soa" free="36208" total="33018880" percent="0" />
      <mem type="loa" free="2108416" total="2108416" percent="100" />
    </mem>
    <pending-finalizers system="0" default="0" reference="1" classloader="0" />
    <remembered-set count="5425" />
  </mem-info>
</gc-end>
<cycle-end id="913" type="scavenge" contextid="906" timestamp="2020-09-11T12:52:15.755" />
<allocation-satisfied id="914" threadId="0000000000761400" bytesRequested="32" />
<af-end id="915" timestamp="2020-09-11T12:52:15.755" threadId="0000000000761D80" success="true" from="nursery"/>
<exclusive-end id="916" timestamp="2020-09-11T12:52:15.755" durationms="8.659" />

<exclusive-start id="917" timestamp="2020-09-11T12:52:15.761" intervalms="14.138">
  <response-info timems="0.137" idlems="0.137" threads="0" lastid="0000000000794700" lastname="ForkJoinPool-3-worker-3" />
</exclusive-start>
<af-start id="918" threadId="0000000000795080" totalBytesRequested="24" timestamp="2020-09-11T12:52:15.761" intervalms="14.095" type="nursery" />
<cycle-start id="919" type="scavenge" contextid="0" timestamp="2020-09-11T12:52:15.761" intervalms="14.072" />
<gc-start id="920" type="scavenge" contextid="919" timestamp="2020-09-11T12:52:15.761">
  <mem-info id="921" free="2144072" total="56885248" percent="3">
    <mem type="nursery" free="0" total="21757952" percent="0">
      <mem type="allocate" free="0" total="10878976" percent="0" />
      <mem type="survivor" free="0" total="10878976" percent="0" />
    </mem>
    <mem type="tenure" free="2144072" total="35127296" percent="6">
      <mem type="soa" free="35656" total="33018880" percent="0" />
      <mem type="loa" free="2108416" total="2108416" percent="100" />
    </mem>
    <remembered-set count="5755" />
  </mem-info>
</gc-start>
<allocation-stats totalBytes="4674200" >
  <allocated-bytes non-tlh="584" tlh="4673616" />
  <largest-consumer threadName="ForkJoinPool-3-worker-3" threadId="0000000000794700" bytes="1703768" />
</allocation-stats>
<gc-op id="922" type="scavenge" timems="9.202" contextid="919" timestamp="2020-09-11T12:52:15.770">
  <scavenger-info tenureage="3" tenuremask="fff8" tiltratio="50" />
  <memory-copied type="nursery" objects="235719" bytes="8050496" bytesdiscarded="225872" />
  <memory-copied type="tenure" objects="3294" bytes="122064" bytesdiscarded="40" />
  <finalization candidates="1" enqueued="0" />
  <ownableSynchronizers candidates="61" cleared="0" />
  <references type="soft" candidates="40" cleared="0" enqueued="0" dynamicThreshold="9" maxThreshold="32" />
  <references type="weak" candidates="28" cleared="1" enqueued="1" />
  <heap-resize type="expand" space="tenure" amount="524288" count="4" timems="0.280" reason="continue current collection" />
</gc-op>
<heap-resize id="923" type="expand" space="nursery" amount="5111808" count="1" timems="0.049" reason="excessive time being spent scavenging" timestamp="2020-09-11T12:52:15.770" />
<gc-end id="924" type="scavenge" contextid="919" durationms="9.652" usertimems="52.341" systemtimems="0.000" timestamp="2020-09-11T12:52:15.771" activeThreads="8">
  <mem-info id="925" free="7292360" total="62521344" percent="11">
    <mem type="nursery" free="5153224" total="26869760" percent="19">
      <mem type="allocate" free="5153224" total="13434880" percent="38" />
      <mem type="survivor" free="0" total="13434880" percent="0" />
    </mem>
    <mem type="tenure" free="2139136" total="35651584" percent="6">
      <mem type="soa" free="0" total="33512448" percent="0" />
      <mem type="loa" free="2139136" total="2139136" percent="100" />
    </mem>
    <pending-finalizers system="0" default="0" reference="1" classloader="0" />
    <remembered-set count="5478" />
  </mem-info>
</gc-end>
<cycle-end id="926" type="scavenge" contextid="919" timestamp="2020-09-11T12:52:15.771" />
<allocation-satisfied id="927" threadId="0000000000794700" bytesRequested="24" />
<af-end id="928" timestamp="2020-09-11T12:52:15.771" threadId="0000000000795080" success="true" from="nursery"/>
<exclusive-end id="929" timestamp="2020-09-11T12:52:15.771" durationms="10.655" />

<exclusive-start id="930" timestamp="2020-09-11T12:52:15.774" intervalms="13.779">
  <response-info timems="0.246" idlems="0.246" threads="0" lastid="0000000000760800" lastname="RunDataWriter.1" />
</exclusive-start>
<af-start id="931" threadId="0000000000761180" totalBytesRequested="88" timestamp="2020-09-11T12:52:15.775" intervalms="13.884" type="tenure" />
<cycle-start id="932" type="global" contextid="0" timestamp="2020-09-11T12:52:15.775" intervalms="70.543" />
<gc-start id="933" type="global" contextid="932" timestamp="2020-09-11T12:52:15.775">
  <mem-info id="934" free="5744040" total="62521344" percent="9">
    <mem type="nursery" free="3604904" total="26869760" percent="13">
      <mem type="allocate" free="3604904" total="13434880" percent="26" />
      <mem type="survivor" free="0" total="13434880" percent="0" />
    </mem>
    <mem type="tenure" free="2139136" total="35651584" percent="6">
      <mem type="soa" free="0" total="33512448" percent="0" />
      <mem type="loa" free="2139136" total="2139136" percent="100" />
    </mem>
    <remembered-set count="5552" />
  </mem-info>
</gc-start>
<allocation-stats totalBytes="1548120" >
  <allocated-bytes non-tlh="65568" tlh="1482552" />
  <largest-consumer threadName="ForkJoinPool-3-worker-3" threadId="0000000000794700" bytes="618440" />
</allocation-stats>
<gc-op id="935" type="mark" timems="14.892" contextid="932" timestamp="2020-09-11T12:52:15.790">
  <trace-info objectcount="632128" scancount="545867" scanbytes="19339940" />
  <finalization candidates="88" enqueued="0" />
  <ownableSynchronizers candidates="73" cleared="0" />
  <references type="soft" candidates="4357" cleared="0" enqueued="0" dynamicThreshold="9" maxThreshold="32" />
  <references type="weak" candidates="2896" cleared="1" enqueued="1" />
  <references type="phantom" candidates="101" cleared="0" enqueued="0" />
  <stringconstants candidates="9120" cleared="0"  />
</gc-op>
<gc-op id="936" type="classunload" timems="0.013" contextid="932" timestamp="2020-09-11T12:52:15.790">
  <classunload-info classloadercandidates="67" classloadersunloaded="0" classesunloaded="0" anonymousclassesunloaded="0" quiescems="0.000" setupms="0.012" scanms="0.001" postms="0.000" />
</gc-op>
<gc-op id="937" type="sweep" timems="2.780" contextid="932" timestamp="2020-09-11T12:52:15.793" />
<heap-resize id="938" type="expand" space="tenure" amount="11534336" count="1" timems="0.437" reason="insufficient free space following gc" timestamp="2020-09-11T12:52:15.793" />
<gc-end id="939" type="global" contextid="932" durationms="18.660" usertimems="75.520" systemtimems="9.172" timestamp="2020-09-11T12:52:15.794" activeThreads="8">
  <mem-info id="940" free="18250448" total="74055680" percent="24">
    <mem type="nursery" free="4088864" total="26869760" percent="15">
      <mem type="allocate" free="4088864" total="13434880" percent="30" />
      <mem type="survivor" free="0" total="13434880" percent="0" />
    </mem>
    <mem type="tenure" free="14161584" total="47185920" percent="30" micro-fragmented="7691" macro-fragmented="0">
      <mem type="soa" free="11330224" total="44354560" percent="25" />
      <mem type="loa" free="2831360" total="2831360" percent="100" />
    </mem>
    <pending-finalizers system="0" default="0" reference="1" classloader="0" />
    <remembered-set count="5551" />
  </mem-info>
</gc-end>
<cycle-end id="941" type="global" contextid="932" timestamp="2020-09-11T12:52:15.794" />
<allocation-satisfied id="942" threadId="0000000000760800" bytesRequested="88" />
<af-end id="943" timestamp="2020-09-11T12:52:15.794" threadId="0000000000761180" success="true" from="tenure-soa"/>
<exclusive-end id="944" timestamp="2020-09-11T12:52:15.794" durationms="19.417" />

<exclusive-start id="945" timestamp="2020-09-11T12:52:15.800" intervalms="26.018">
  <response-info timems="2.802" idlems="1.405" threads="1" lastid="00000000007B2600" lastname="Group1.TxInjector.CompositeTxInjector.I.driver.tokens.1.quartz" />
</exclusive-start>
<af-start id="946" threadId="0000000000761D80" totalBytesRequested="32" timestamp="2020-09-11T12:52:15.801" intervalms="25.937" type="nursery" />
<cycle-start id="947" type="scavenge" contextid="0" timestamp="2020-09-11T12:52:15.801" intervalms="39.823" />
<gc-start id="948" type="scavenge" contextid="947" timestamp="2020-09-11T12:52:15.801">
  <mem-info id="949" free="14161432" total="74055680" percent="19">
    <mem type="nursery" free="0" total="26869760" percent="0">
      <mem type="allocate" free="0" total="13434880" percent="0" />
      <mem type="survivor" free="0" total="13434880" percent="0" />
    </mem>
    <mem type="tenure" free="14161432" total="47185920" percent="30">
      <mem type="soa" free="11330072" total="44354560" percent="25" />
      <mem type="loa" free="2831360" total="2831360" percent="100" />
    </mem>
    <remembered-set count="5729" />
  </mem-info>
</gc-start>
<allocation-stats totalBytes="4088360" >
  <allocated-bytes non-tlh="240" tlh="4088120" />
  <largest-consumer threadName="MapReducer.1" threadId="0000000000761400" bytes="1825920" />
</allocation-stats>
<gc-op id="950" type="scavenge" timems="10.158" contextid="947" timestamp="2020-09-11T12:52:15.811">
  <scavenger-info tenureage="3" tenuremask="ffe8" tiltratio="50" />
  <memory-copied type="nursery" objects="310366" bytes="9883264" bytesdiscarded="223760" />
  <memory-copied type="tenure" objects="32455" bytes="1557352" bytesdiscarded="184" />
  <finalization candidates="1" enqueued="0" />
  <ownableSynchronizers candidates="146" cleared="91" />
  <references type="soft" candidates="48" cleared="0" enqueued="0" dynamicThreshold="9" maxThreshold="32" />
  <references type="weak" candidates="10" cleared="0" enqueued="0" />
</gc-op>
<heap-resize id="951" type="expand" space="nursery" amount="3276800" count="1" timems="0.067" reason="excessive time being spent scavenging" timestamp="2020-09-11T12:52:15.811" />
<gc-end id="952" type="scavenge" contextid="947" durationms="10.720" usertimems="67.273" systemtimems="0.411" timestamp="2020-09-11T12:52:15.812" activeThreads="8">
  <mem-info id="953" free="17291800" total="77332480" percent="22">
    <mem type="nursery" free="4966008" total="30146560" percent="16">
      <mem type="allocate" free="4966008" total="15073280" percent="32" />
      <mem type="survivor" free="0" total="15073280" percent="0" />
    </mem>
    <mem type="tenure" free="12325792" total="47185920" percent="26">
      <mem type="soa" free="9494432" total="44354560" percent="21" />
      <mem type="loa" free="2831360" total="2831360" percent="100" />
    </mem>
    <remembered-set count="2919" />
  </mem-info>
</gc-end>
<cycle-end id="954" type="scavenge" contextid="947" timestamp="2020-09-11T12:52:15.812" />
<allocation-satisfied id="955" threadId="0000000000761400" bytesRequested="32" />
<af-end id="956" timestamp="2020-09-11T12:52:15.812" threadId="0000000000761D80" success="true" from="nursery"/>
<exclusive-end id="957" timestamp="2020-09-11T12:52:15.812" durationms="11.822" />

<exclusive-start id="958" timestamp="2020-09-11T12:52:15.815" intervalms="14.571">
  <response-info timems="1.044" idlems="0.345" threads="3" lastid="000000000001D600" lastname="JIT Compilation Thread-000" />
</exclusive-start>
<af-start id="959" threadId="0000000000761D80" totalBytesRequested="32" timestamp="2020-09-11T12:52:15.815" intervalms="14.484" type="nursery" />
<cycle-start id="960" type="scavenge" contextid="0" timestamp="2020-09-11T12:52:15.815" intervalms="14.493" />
<gc-start id="961" type="scavenge" contextid="960" timestamp="2020-09-11T12:52:15.815">
  <mem-info id="962" free="12325792" total="77332480" percent="15">
    <mem type="nursery" free="0" total="30146560" percent="0">
      <mem type="allocate" free="0" total="15073280" percent="0" />
      <mem type="survivor" free="0" total="15073280" percent="0" />
    </mem>
    <mem type="tenure" free="12325792" total="47185920" percent="26">
      <mem type="soa" free="9494432" total="44354560" percent="21" />
      <mem type="loa" free="2831360" total="2831360" percent="100" />
    </mem>
    <remembered-set count="2966" />
  </mem-info>
</gc-start>
<allocation-stats totalBytes="4965800" >
  <allocated-bytes non-tlh="32" tlh="4965768" />
  <largest-consumer threadName="MapReducer.1" threadId="0000000000761400" bytes="4292640" />
</allocation-stats>
<gc-op id="963" type="scavenge" timems="9.952" contextid="960" timestamp="2020-09-11T12:52:15.825">
  <scavenger-info tenureage="3" tenuremask="ffe8" tiltratio="50" />
  <memory-copied type="nursery" objects="317014" bytes="10142872" bytesdiscarded="300344" />
  <memory-copied type="tenure" objects="134349" bytes="4233344" bytesdiscarded="224" />
  <references type="soft" candidates="21" cleared="0" enqueued="0" dynamicThreshold="9" maxThreshold="32" />
  <references type="weak" candidates="5" cleared="0" enqueued="0" />
</gc-op>
<heap-resize id="964" type="expand" space="nursery" amount="9175040" count="1" timems="0.052" reason="excessive time being spent scavenging" timestamp="2020-09-11T12:52:15.826" />
<gc-end id="965" type="scavenge" contextid="960" durationms="10.400" usertimems="67.362" systemtimems="6.830" timestamp="2020-09-11T12:52:15.826" activeThreads="8">
  <mem-info id="966" free="17143912" total="86507520" percent="19">
    <mem type="nursery" free="9217496" total="39321600" percent="23">
      <mem type="allocate" free="9217496" total="19660800" percent="46" />
      <mem type="survivor" free="0" total="19660800" percent="0" />
    </mem>
    <mem type="tenure" free="7926416" total="47185920" percent="16">
      <mem type="soa" free="5095056" total="44354560" percent="11" />
      <mem type="loa" free="2831360" total="2831360" percent="100" />
    </mem>
    <remembered-set count="3303" />
  </mem-info>
</gc-end>
<cycle-end id="967" type="scavenge" contextid="960" timestamp="2020-09-11T12:52:15.826" />
<allocation-satisfied id="968" threadId="0000000000761400" bytesRequested="32" />
<af-end id="969" timestamp="2020-09-11T12:52:15.826" threadId="0000000000761D80" success="true" from="nursery"/>
<exclusive-end id="970" timestamp="2020-09-11T12:52:15.826" durationms="11.323" />

<exclusive-start id="971" timestamp="2020-09-11T12:52:15.833" intervalms="17.769">
  <response-info timems="0.404" idlems="0.215" threads="1" lastid="0000000000021200" lastname="JIT Compilation Thread-001" />
</exclusive-start>
<af-start id="972" threadId="00000000007A0480" totalBytesRequested="16" timestamp="2020-09-11T12:52:15.833" intervalms="17.967" type="nursery" />
<cycle-start id="973" type="scavenge" contextid="0" timestamp="2020-09-11T12:52:15.833" intervalms="17.971" />
<gc-start id="974" type="scavenge" contextid="973" timestamp="2020-09-11T12:52:15.833">
  <mem-info id="975" free="7925696" total="86507520" percent="9">
    <mem type="nursery" free="0" total="39321600" percent="0">
      <mem type="allocate" free="0" total="19660800" percent="0" />
      <mem type="survivor" free="0" total="19660800" percent="0" />
    </mem>
    <mem type="tenure" free="7925696" total="47185920" percent="16">
      <mem type="soa" free="5094336" total="44354560" percent="11" />
      <mem type="loa" free="2831360" total="2831360" percent="100" />
    </mem>
    <remembered-set count="3927" />
  </mem-info>
</gc-start>
<allocation-stats totalBytes="9217288" >
  <allocated-bytes non-tlh="697080" tlh="8520208" />
  <largest-consumer threadName="MapReducer.1" threadId="0000000000761400" bytes="6955032" />
</allocation-stats>
<gc-op id="976" type="scavenge" timems="11.812" contextid="973" timestamp="2020-09-11T12:52:15.845">
  <scavenger-info tenureage="2" tenuremask="ffec" tiltratio="50" />
  <memory-copied type="nursery" objects="361066" bytes="12171656" bytesdiscarded="403200" />
  <memory-copied type="tenure" objects="176000" bytes="5647552" bytesdiscarded="560" />
  <ownableSynchronizers candidates="1" cleared="0" />
  <references type="soft" candidates="16" cleared="0" enqueued="0" dynamicThreshold="9" maxThreshold="32" />
  <references type="weak" candidates="4" cleared="1" enqueued="1" />
  <heap-resize type="expand" space="tenure" amount="589824" count="3" timems="0.325" reason="continue current collection" />
</gc-op>
<heap-resize id="977" type="expand" space="nursery" amount="11796480" count="1" timems="0.041" reason="excessive time being spent scavenging" timestamp="2020-09-11T12:52:15.845" />
<gc-end id="978" type="scavenge" contextid="973" durationms="12.427" usertimems="75.905" systemtimems="2.640" timestamp="2020-09-11T12:52:15.846" activeThreads="8">
  <mem-info id="979" free="19924216" total="98893824" percent="20">
    <mem type="nursery" free="16981752" total="51118080" percent="33">
      <mem type="allocate" free="16981752" total="29556736" percent="57" />
      <mem type="survivor" free="0" total="21561344" percent="0" />
    </mem>
    <mem type="tenure" free="2942464" total="47775744" percent="6">
      <mem type="soa" free="75264" total="44908544" percent="0" />
      <mem type="loa" free="2867200" total="2867200" percent="100" />
    </mem>
    <pending-finalizers system="0" default="0" reference="1" classloader="0" />
    <remembered-set count="2162" />
  </mem-info>
</gc-end>
<cycle-end id="980" type="scavenge" contextid="973" timestamp="2020-09-11T12:52:15.847" />
<allocation-satisfied id="981" threadId="000000000079FB00" bytesRequested="16" />
<af-end id="982" timestamp="2020-09-11T12:52:15.847" threadId="00000000007A0480" success="true" from="nursery"/>
<exclusive-end id="983" timestamp="2020-09-11T12:52:15.847" durationms="14.088" />

<exclusive-start id="984" timestamp="2020-09-11T12:52:15.854" intervalms="21.106">
  <response-info timems="0.203" idlems="0.203" threads="0" lastid="0000000000761400" lastname="MapReducer.1" />
</exclusive-start>
<af-start id="985" threadId="0000000000761D80" totalBytesRequested="32" timestamp="2020-09-11T12:52:15.854" intervalms="21.029" type="nursery" />
<cycle-start id="986" type="scavenge" contextid="0" timestamp="2020-09-11T12:52:15.854" intervalms="21.025" />
<gc-start id="987" type="scavenge" contextid="986" timestamp="2020-09-11T12:52:15.854">
  <mem-info id="988" free="2941776" total="98893824" percent="2">
    <mem type="nursery" free="0" total="51118080" percent="0">
      <mem type="allocate" free="0" total="29556736" percent="0" />
      <mem type="survivor" free="0" total="21561344" percent="0" />
    </mem>
    <mem type="tenure" free="2941776" total="47775744" percent="6">
      <mem type="soa" free="74576" total="44908544" percent="0" />
      <mem type="loa" free="2867200" total="2867200" percent="100" />
    </mem>
    <remembered-set count="7022" />
  </mem-info>
</gc-start>
<allocation-stats totalBytes="16960032" >
  <allocated-bytes non-tlh="3735168" tlh="13224864" />
  <largest-consumer threadName="MapReducer.1" threadId="0000000000761400" bytes="12170008" />
</allocation-stats>
<gc-op id="989" type="scavenge" timems="19.294" contextid="986" timestamp="2020-09-11T12:52:15.874">
  <scavenger-info tenureage="2" tenuremask="ffe4" tiltratio="57" />
  <memory-copied type="nursery" objects="532927" bytes="21480768" bytesdiscarded="80288" />
  <memory-copied type="tenure" objects="149215" bytes="4715736" bytesdiscarded="160" />
  <copy-failed type="nursery" objects="8221" bytes="222920" />
  <ownableSynchronizers candidates="2" cleared="0" />
  <references type="soft" candidates="27" cleared="0" enqueued="0" dynamicThreshold="9" maxThreshold="32" />
  <references type="weak" candidates="9" cleared="1" enqueued="1" />
  <heap-resize type="expand" space="tenure" amount="4915200" count="25" timems="1.342" reason="continue current collection" />
</gc-op>
<heap-resize id="990" type="expand" space="nursery" amount="7995392" count="1" timems="0.025" reason="excessive time being spent scavenging" timestamp="2020-09-11T12:52:15.874" />
<gc-end id="991" type="scavenge" contextid="986" durationms="19.716" usertimems="97.581" systemtimems="36.235" timestamp="2020-09-11T12:52:15.874" activeThreads="8">
  <mem-info id="992" free="11183616" total="111804416" percent="10">
    <mem type="nursery" free="7995392" total="59113472" percent="13">
      <mem type="allocate" free="7995392" total="29556736" percent="27" />
      <mem type="survivor" free="0" total="29556736" percent="0" />
    </mem>
    <mem type="tenure" free="3188224" total="52690944" percent="6">
      <mem type="soa" free="26112" total="49528832" percent="0" />
      <mem type="loa" free="3162112" total="3162112" percent="100" />
    </mem>
    <pending-finalizers system="0" default="0" reference="1" classloader="0" />
    <remembered-set count="3287" />
  </mem-info>
</gc-end>
<cycle-end id="993" type="scavenge" contextid="986" timestamp="2020-09-11T12:52:15.875" />
<allocation-satisfied id="994" threadId="0000000000761400" bytesRequested="32" />
<af-end id="995" timestamp="2020-09-11T12:52:15.875" threadId="0000000000761D80" success="true" from="nursery"/>
<exclusive-end id="996" timestamp="2020-09-11T12:52:15.875" durationms="20.798" />

<exclusive-start id="997" timestamp="2020-09-11T12:52:15.878" intervalms="24.601">
  <response-info timems="0.230" idlems="0.230" threads="0" lastid="0000000000761400" lastname="MapReducer.1" />
</exclusive-start>
<af-start id="998" threadId="0000000000761D80" totalBytesRequested="32" timestamp="2020-09-11T12:52:15.879" intervalms="24.498" type="nursery" />
<cycle-start id="999" type="scavenge" contextid="0" timestamp="2020-09-11T12:52:15.879" intervalms="24.488" />
<gc-start id="1000" type="scavenge" contextid="999" timestamp="2020-09-11T12:52:15.879">
  <mem-info id="1001" free="3188224" total="111804416" percent="2">
    <mem type="nursery" free="0" total="59113472" percent="0">
      <mem type="allocate" free="0" total="29556736" percent="0" />
      <mem type="survivor" free="0" total="29556736" percent="0" />
    </mem>
    <mem type="tenure" free="3188224" total="52690944" percent="6">
      <mem type="soa" free="26112" total="49528832" percent="0" />
      <mem type="loa" free="3162112" total="3162112" percent="100" />
    </mem>
    <pending-finalizers system="0" default="0" reference="1" classloader="0" />
    <remembered-set count="4785" />
  </mem-info>
</gc-start>
<allocation-stats totalBytes="7995112" >
  <allocated-bytes non-tlh="131112" tlh="7864000" />
  <largest-consumer threadName="MapReducer.1" threadId="0000000000761400" bytes="6483936" />
</allocation-stats>
<gc-op id="1002" type="scavenge" timems="18.647" contextid="999" timestamp="2020-09-11T12:52:15.898">
  <scavenger-info tenureage="2" tenuremask="fff4" tiltratio="50" />
  <memory-copied type="nursery" objects="537995" bytes="21086664" bytesdiscarded="467376" />
  <memory-copied type="tenure" objects="214178" bytes="7501152" bytesdiscarded="320" />
  <ownableSynchronizers candidates="2" cleared="0" />
  <references type="soft" candidates="11" cleared="0" enqueued="0" dynamicThreshold="9" maxThreshold="32" />
  <references type="weak" candidates="5" cleared="0" enqueued="0" />
  <heap-resize type="expand" space="tenure" amount="8126464" count="31" timems="1.712" reason="continue current collection" />
</gc-op>
<heap-resize id="1003" type="expand" space="nursery" amount="23199744" count="1" timems="0.027" reason="excessive time being spent scavenging" timestamp="2020-09-11T12:52:15.898" />
<gc-end id="1004" type="scavenge" contextid="999" durationms="19.064" usertimems="114.084" systemtimems="9.157" timestamp="2020-09-11T12:52:15.898" activeThreads="8">
  <mem-info id="1005" free="23389776" total="143130624" percent="16">
    <mem type="nursery" free="19602512" total="82313216" percent="23">
      <mem type="allocate" free="19602512" total="41156608" percent="47" />
      <mem type="survivor" free="0" total="41156608" percent="0" />
    </mem>
    <mem type="tenure" free="3787264" total="60817408" percent="6">
      <mem type="soa" free="137728" total="57167872" percent="0" />
      <mem type="loa" free="3649536" total="3649536" percent="100" />
    </mem>
    <pending-finalizers system="0" default="0" reference="1" classloader="0" />
    <remembered-set count="2759" />
  </mem-info>
</gc-end>
<cycle-end id="1006" type="scavenge" contextid="999" timestamp="2020-09-11T12:52:15.898" />
<allocation-satisfied id="1007" threadId="0000000000761400" bytesRequested="32" />
<af-end id="1008" timestamp="2020-09-11T12:52:15.898" threadId="0000000000761D80" success="true" from="nursery"/>
<exclusive-end id="1009" timestamp="2020-09-11T12:52:15.898" durationms="19.933" />

<exclusive-start id="1010" timestamp="2020-09-11T12:52:15.903" intervalms="24.679">
  <response-info timems="0.233" idlems="0.233" threads="0" lastid="0000000000760800" lastname="RunDataWriter.1" />
</exclusive-start>
<af-start id="1011" threadId="0000000000761180" totalBytesRequested="2824" timestamp="2020-09-11T12:52:15.903" intervalms="24.773" type="nursery" />
<cycle-start id="1012" type="scavenge" contextid="0" timestamp="2020-09-11T12:52:15.903" intervalms="24.781" />
<gc-start id="1013" type="scavenge" contextid="1012" timestamp="2020-09-11T12:52:15.904">
  <mem-info id="1014" free="3787264" total="143130624" percent="2">
    <mem type="nursery" free="0" total="82313216" percent="0">
      <mem type="allocate" free="0" total="41156608" percent="0" />
      <mem type="survivor" free="0" total="41156608" percent="0" />
    </mem>
    <mem type="tenure" free="3787264" total="60817408" percent="6">
      <mem type="soa" free="137728" total="57167872" percent="0" />
      <mem type="loa" free="3649536" total="3649536" percent="100" />
    </mem>
    <remembered-set count="3693" />
  </mem-info>
</gc-start>
<allocation-stats totalBytes="19601080" >
  <allocated-bytes non-tlh="154000" tlh="19447080" />
  <largest-consumer threadName="MapReducer.1" threadId="0000000000761400" bytes="17040104" />
</allocation-stats>
<gc-op id="1015" type="scavenge" timems="26.844" contextid="1012" timestamp="2020-09-11T12:52:15.931">
  <scavenger-info tenureage="2" tenuremask="fff4" tiltratio="50" />
  <memory-copied type="nursery" objects="776951" bytes="25037416" bytesdiscarded="490904" />
  <memory-copied type="tenure" objects="318739" bytes="13923168" bytesdiscarded="336" />
  <ownableSynchronizers candidates="2" cleared="0" />
  <references type="soft" candidates="2" cleared="0" enqueued="0" dynamicThreshold="9" maxThreshold="32" />
  <references type="weak" candidates="2" cleared="0" enqueued="0" />
  <heap-resize type="expand" space="tenure" amount="14680064" count="56" timems="4.452" reason="continue current collection" />
</gc-op>
<heap-resize id="1016" type="expand" space="nursery" amount="33292288" count="1" timems="0.022" reason="excessive time being spent scavenging" timestamp="2020-09-11T12:52:15.931" />
<gc-end id="1017" type="scavenge" contextid="1012" durationms="27.327" usertimems="163.646" systemtimems="12.098" timestamp="2020-09-11T12:52:15.931" activeThreads="8">
  <mem-info id="1018" free="48354952" total="191102976" percent="25">
    <mem type="nursery" free="43743112" total="115605504" percent="37">
      <mem type="allocate" free="43743112" total="69271552" percent="63" />
      <mem type="survivor" free="0" total="46333952" percent="0" />
    </mem>
    <mem type="tenure" free="4611840" total="75497472" percent="6">
      <mem type="soa" free="81664" total="70967296" percent="0" />
      <mem type="loa" free="4530176" total="4530176" percent="100" />
    </mem>
    <remembered-set count="2425" />
  </mem-info>
</gc-end>
<cycle-end id="1019" type="scavenge" contextid="1012" timestamp="2020-09-11T12:52:15.931" />
<allocation-satisfied id="1020" threadId="0000000000760800" bytesRequested="2824" />
<af-end id="1021" timestamp="2020-09-11T12:52:15.931" threadId="0000000000761180" success="true" from="nursery"/>
<exclusive-end id="1022" timestamp="2020-09-11T12:52:15.931" durationms="28.273" />

<exclusive-start id="1023" timestamp="2020-09-11T12:52:16.007" intervalms="104.268">
  <response-info timems="0.171" idlems="0.171" threads="0" lastid="0000000000794700" lastname="ForkJoinPool-3-worker-3" />
</exclusive-start>
<af-start id="1024" threadId="0000000000795080" totalBytesRequested="24" timestamp="2020-09-11T12:52:16.008" intervalms="104.241" type="nursery" />
<cycle-start id="1025" type="scavenge" contextid="0" timestamp="2020-09-11T12:52:16.008" intervalms="104.243" />
<gc-start id="1026" type="scavenge" contextid="1025" timestamp="2020-09-11T12:52:16.008">
  <mem-info id="1027" free="4605808" total="191102976" percent="2">
    <mem type="nursery" free="0" total="115605504" percent="0">
      <mem type="allocate" free="0" total="69271552" percent="0" />
      <mem type="survivor" free="0" total="46333952" percent="0" />
    </mem>
    <mem type="tenure" free="4605808" total="75497472" percent="6">
      <mem type="soa" free="75632" total="70967296" percent="0" />
      <mem type="loa" free="4530176" total="4530176" percent="100" />
    </mem>
    <remembered-set count="17843" />
  </mem-info>
</gc-start>
<allocation-stats totalBytes="43742272" >
  <allocated-bytes non-tlh="1464720" tlh="42277552" />
  <largest-consumer threadName="ForkJoinPool-3-worker-3" threadId="0000000000794700" bytes="17196936" />
</allocation-stats>
<gc-op id="1028" type="scavenge" timems="36.192" contextid="1025" timestamp="2020-09-11T12:52:16.044">
  <scavenger-info tenureage="2" tenuremask="fff4" tiltratio="59" />
  <memory-copied type="nursery" objects="1146001" bytes="36880504" bytesdiscarded="285352" />
  <memory-copied type="tenure" objects="219245" bytes="6975800" bytesdiscarded="184" />
  <ownableSynchronizers candidates="4" cleared="0" />
  <references type="soft" candidates="138" cleared="0" enqueued="0" dynamicThreshold="9" maxThreshold="32" />
  <references type="weak" candidates="44" cleared="1" enqueued="1" />
  <references type="phantom" candidates="2" cleared="0" enqueued="0" />
  <heap-resize type="expand" space="tenure" amount="7864320" count="20" timems="2.418" reason="continue current collection" />
</gc-op>
<heap-resize id="1029" type="expand" space="nursery" amount="17825792" count="1" timems="0.042" reason="excessive time being spent scavenging" timestamp="2020-09-11T12:52:16.044" />
<gc-end id="1030" type="scavenge" contextid="1025" durationms="36.699" usertimems="263.948" systemtimems="0.000" timestamp="2020-09-11T12:52:16.045" activeThreads="8">
  <mem-info id="1031" free="43418632" total="216793088" percent="20">
    <mem type="nursery" free="38394632" total="133431296" percent="28">
      <mem type="allocate" free="38394632" total="75563008" percent="50" />
      <mem type="survivor" free="0" total="57868288" percent="0" />
    </mem>
    <mem type="tenure" free="5024000" total="83361792" percent="6">
      <mem type="soa" free="21760" total="78359552" percent="0" />
      <mem type="loa" free="5002240" total="5002240" percent="100" />
    </mem>
    <pending-finalizers system="0" default="0" reference="1" classloader="0" />
    <remembered-set count="10959" />
  </mem-info>
</gc-end>
<cycle-end id="1032" type="scavenge" contextid="1025" timestamp="2020-09-11T12:52:16.045" />
<allocation-satisfied id="1033" threadId="0000000000794700" bytesRequested="24" />
<af-end id="1034" timestamp="2020-09-11T12:52:16.045" threadId="0000000000795080" success="true" from="nursery"/>
<exclusive-end id="1035" timestamp="2020-09-11T12:52:16.045" durationms="37.649" />

<exclusive-start id="1036" timestamp="2020-09-11T12:52:16.098" intervalms="90.161">
  <response-info timems="0.233" idlems="0.233" threads="0" lastid="000000000079BF00" lastname="ForkJoinPool-3-worker-5" />
</exclusive-start>
<af-start id="1037" threadId="000000000079C880" totalBytesRequested="64" timestamp="2020-09-11T12:52:16.098" intervalms="90.164" type="nursery" />
<percolate-collect id="1038" from="nursery" to="global" reason="met projected tenure max free" timestamp="2020-09-11T12:52:16.098"/>
<cycle-start id="1039" type="global" contextid="0" timestamp="2020-09-11T12:52:16.098" intervalms="323.111" />
<gc-start id="1040" type="global" contextid="1039" timestamp="2020-09-11T12:52:16.098">
  <mem-info id="1041" free="5021984" total="216793088" percent="2">
    <mem type="nursery" free="0" total="133431296" percent="0">
      <mem type="allocate" free="0" total="75563008" percent="0" />
      <mem type="survivor" free="0" total="57868288" percent="0" />
    </mem>
    <mem type="tenure" free="5021984" total="83361792" percent="6">
      <mem type="soa" free="19744" total="78359552" percent="0" />
      <mem type="loa" free="5002240" total="5002240" percent="100" />
    </mem>
    <remembered-set count="18430" />
  </mem-info>
</gc-start>
<allocation-stats totalBytes="38392120" >
  <allocated-bytes non-tlh="1850320" tlh="36541800" />
  <largest-consumer threadName="ForkJoinPool-3-worker-3" threadId="0000000000794700" bytes="15117032" />
</allocation-stats>
<gc-op id="1042" type="mark" timems="51.269" contextid="1039" timestamp="2020-09-11T12:52:16.149">
  <trace-info objectcount="3269601" scancount="2820188" scanbytes="89972980" />
  <finalization candidates="88" enqueued="0" />
  <ownableSynchronizers candidates="95" cleared="0" />
  <references type="soft" candidates="4571" cleared="0" enqueued="0" dynamicThreshold="9" maxThreshold="32" />
  <references type="weak" candidates="2957" cleared="1" enqueued="1" />
  <references type="phantom" candidates="103" cleared="0" enqueued="0" />
  <stringconstants candidates="9190" cleared="2"  />
</gc-op>
<gc-op id="1043" type="classunload" timems="0.016" contextid="1039" timestamp="2020-09-11T12:52:16.149">
  <classunload-info classloadercandidates="94" classloadersunloaded="0" classesunloaded="0" anonymousclassesunloaded="0" quiescems="0.000" setupms="0.014" scanms="0.001" postms="0.001" />
</gc-op>
<gc-op id="1044" type="sweep" timems="2.484" contextid="1039" timestamp="2020-09-11T12:52:16.152" />
<heap-resize id="1045" type="expand" space="tenure" amount="28246016" count="1" timems="0.436" reason="insufficient free space following gc" timestamp="2020-09-11T12:52:16.153" />
<gc-end id="1046" type="global" contextid="1039" durationms="54.792" usertimems="379.082" systemtimems="12.503" timestamp="2020-09-11T12:52:16.153" activeThreads="8">
  <mem-info id="1047" free="36040560" total="245039104" percent="14">
    <mem type="nursery" free="1402472" total="133431296" percent="1">
      <mem type="allocate" free="1402472" total="75563008" percent="1" />
      <mem type="survivor" free="0" total="57868288" percent="0" />
    </mem>
    <mem type="tenure" free="34638088" total="111607808" percent="31" micro-fragmented="10766" macro-fragmented="0">
      <mem type="soa" free="27941128" total="104910848" percent="26" />
      <mem type="loa" free="6696960" total="6696960" percent="100" />
    </mem>
    <pending-finalizers system="0" default="0" reference="1" classloader="0" />
    <remembered-set count="18409" />
  </mem-info>
</gc-end>
<cycle-end id="1048" type="global" contextid="1039" timestamp="2020-09-11T12:52:16.153" />
<allocation-satisfied id="1049" threadId="000000000079BF00" bytesRequested="64" />
<af-end id="1050" timestamp="2020-09-11T12:52:16.153" threadId="000000000079C880" success="true" from="nursery"/>
<exclusive-end id="1051" timestamp="2020-09-11T12:52:16.153" durationms="55.537" />

<exclusive-start id="1052" timestamp="2020-09-11T12:52:16.157" intervalms="59.317">
  <response-info timems="0.146" idlems="0.146" threads="0" lastid="000000000079BF00" lastname="ForkJoinPool-3-worker-5" />
</exclusive-start>
<af-start id="1053" threadId="000000000079C880" totalBytesRequested="16" timestamp="2020-09-11T12:52:16.157" intervalms="59.385" type="nursery" />
<cycle-start id="1054" type="scavenge" contextid="0" timestamp="2020-09-11T12:52:16.157" intervalms="149.582" />
<gc-start id="1055" type="scavenge" contextid="1054" timestamp="2020-09-11T12:52:16.157">
  <mem-info id="1056" free="34638088" total="245039104" percent="14">
    <mem type="nursery" free="0" total="133431296" percent="0">
      <mem type="allocate" free="0" total="75563008" percent="0" />
      <mem type="survivor" free="0" total="57868288" percent="0" />
    </mem>
    <mem type="tenure" free="34638088" total="111607808" percent="31">
      <mem type="soa" free="27941128" total="104910848" percent="26" />
      <mem type="loa" free="6696960" total="6696960" percent="100" />
    </mem>
    <remembered-set count="19060" />
  </mem-info>
</gc-start>
<allocation-stats totalBytes="1402216" >
  <allocated-bytes non-tlh="262216" tlh="1140000" />
  <largest-consumer threadName="ForkJoinPool-3-worker-3" threadId="0000000000794700" bytes="1015296" />
</allocation-stats>
<gc-op id="1057" type="scavenge" timems="47.712" contextid="1054" timestamp="2020-09-11T12:52:16.205">
  <scavenger-info tenureage="2" tenuremask="fff4" tiltratio="56" />
  <memory-copied type="nursery" objects="1095999" bytes="35275384" bytesdiscarded="231344" />
  <memory-copied type="tenure" objects="557696" bytes="17843200" bytesdiscarded="352" />
  <ownableSynchronizers candidates="170" cleared="150" />
  <references type="soft" candidates="182" cleared="0" enqueued="0" dynamicThreshold="9" maxThreshold="32" />
  <references type="weak" candidates="50" cleared="0" enqueued="0" />
  <references type="phantom" candidates="2" cleared="0" enqueued="0" />
</gc-op>
<heap-resize id="1058" type="expand" space="nursery" amount="19005440" count="1" timems="0.059" reason="excessive time being spent scavenging" timestamp="2020-09-11T12:52:16.205" />
<gc-end id="1059" type="scavenge" contextid="1054" durationms="48.261" usertimems="313.769" systemtimems="19.345" timestamp="2020-09-11T12:52:16.206" activeThreads="8">
  <mem-info id="1060" free="82664280" total="264044544" percent="31">
    <mem type="nursery" free="66073400" total="152436736" percent="43">
      <mem type="allocate" free="66073400" total="101580800" percent="65" />
      <mem type="survivor" free="0" total="50855936" percent="0" />
    </mem>
    <mem type="tenure" free="16590880" total="111607808" percent="14">
      <mem type="soa" free="9893920" total="104910848" percent="9" />
      <mem type="loa" free="6696960" total="6696960" percent="100" />
    </mem>
    <remembered-set count="11758" />
  </mem-info>
</gc-end>
<cycle-end id="1061" type="scavenge" contextid="1054" timestamp="2020-09-11T12:52:16.206" />
<allocation-satisfied id="1062" threadId="000000000079BF00" bytesRequested="16" />
<af-end id="1063" timestamp="2020-09-11T12:52:16.206" threadId="000000000079C880" success="true" from="nursery"/>
<exclusive-end id="1064" timestamp="2020-09-11T12:52:16.206" durationms="49.491" />

<exclusive-start id="1065" timestamp="2020-09-11T12:52:16.285" intervalms="128.368">
  <response-info timems="0.150" idlems="0.128" threads="1" lastid="000000000079BF00" lastname="ForkJoinPool-3-worker-5" />
</exclusive-start>
<af-start id="1066" threadId="00000000007A0480" totalBytesRequested="72" timestamp="2020-09-11T12:52:16.286" intervalms="128.457" type="nursery" />
<cycle-start id="1067" type="scavenge" contextid="0" timestamp="2020-09-11T12:52:16.286" intervalms="128.426" />
<gc-start id="1068" type="scavenge" contextid="1067" timestamp="2020-09-11T12:52:16.286">
  <mem-info id="1069" free="16590880" total="264044544" percent="6">
    <mem type="nursery" free="0" total="152436736" percent="0">
      <mem type="allocate" free="0" total="101580800" percent="0" />
      <mem type="survivor" free="0" total="50855936" percent="0" />
    </mem>
    <mem type="tenure" free="16590880" total="111607808" percent="14">
      <mem type="soa" free="9893920" total="104910848" percent="9" />
      <mem type="loa" free="6696960" total="6696960" percent="100" />
    </mem>
    <remembered-set count="18749" />
  </mem-info>
</gc-start>
<allocation-stats totalBytes="66065904" >
  <allocated-bytes non-tlh="806304" tlh="65259600" />
  <largest-consumer threadName="ForkJoinPool-3-worker-3" threadId="0000000000794700" bytes="26134272" />
</allocation-stats>
<gc-op id="1070" type="scavenge" timems="48.737" contextid="1067" timestamp="2020-09-11T12:52:16.335">
  <scavenger-info tenureage="4" tenuremask="7ff0" tiltratio="66" />
  <memory-copied type="nursery" objects="1539890" bytes="50849488" bytesdiscarded="6032" />
  <memory-copied type="tenure" objects="460110" bytes="11557960" bytesdiscarded="1152" />
  <copy-failed type="nursery" objects="460110" bytes="11558048" />
  <ownableSynchronizers candidates="19" cleared="0" />
  <references type="soft" candidates="145" cleared="0" enqueued="0" dynamicThreshold="9" maxThreshold="32" />
  <references type="weak" candidates="39" cleared="0" enqueued="0" />
  <references type="phantom" candidates="2" cleared="0" enqueued="0" />
  <heap-resize type="expand" space="tenure" amount="2097152" count="4" timems="0.271" reason="continue current collection" />
</gc-op>
<heap-resize id="1071" type="expand" space="nursery" amount="27787264" count="1" timems="0.038" reason="excessive time being spent scavenging" timestamp="2020-09-11T12:52:16.335" />
<gc-end id="1072" type="scavenge" contextid="1067" durationms="49.194" usertimems="374.262" systemtimems="0.161" timestamp="2020-09-11T12:52:16.335" activeThreads="8">
  <mem-info id="1073" free="46399488" total="293928960" percent="15">
    <mem type="nursery" free="39256064" total="180224000" percent="21">
      <mem type="allocate" free="39256064" total="90112000" percent="43" />
      <mem type="survivor" free="0" total="90112000" percent="0" />
    </mem>
    <mem type="tenure" free="7143424" total="113704960" percent="6">
      <mem type="soa" free="320512" total="106882048" percent="0" />
      <mem type="loa" free="6822912" total="6822912" percent="100" />
    </mem>
    <remembered-set count="70381" />
  </mem-info>
</gc-end>
<cycle-end id="1074" type="scavenge" contextid="1067" timestamp="2020-09-11T12:52:16.336" />
<allocation-satisfied id="1075" threadId="000000000079FB00" bytesRequested="72" />
<af-end id="1076" timestamp="2020-09-11T12:52:16.336" threadId="00000000007A0480" success="true" from="nursery"/>
<exclusive-end id="1077" timestamp="2020-09-11T12:52:16.336" durationms="50.613" />

<exclusive-start id="1078" timestamp="2020-09-11T12:52:16.427" intervalms="142.267">
  <response-info timems="0.154" idlems="0.154" threads="0" lastid="000000000079FB00" lastname="ForkJoinPool-3-worker-7" />
</exclusive-start>
<af-start id="1079" threadId="00000000007A0480" totalBytesRequested="24" timestamp="2020-09-11T12:52:16.428" intervalms="142.101" type="nursery" />
<cycle-start id="1080" type="scavenge" contextid="0" timestamp="2020-09-11T12:52:16.428" intervalms="142.094" />
<gc-start id="1081" type="scavenge" contextid="1080" timestamp="2020-09-11T12:52:16.428">
  <mem-info id="1082" free="7143424" total="293928960" percent="2">
    <mem type="nursery" free="0" total="180224000" percent="0">
      <mem type="allocate" free="0" total="90112000" percent="0" />
      <mem type="survivor" free="0" total="90112000" percent="0" />
    </mem>
    <mem type="tenure" free="7143424" total="113704960" percent="6">
      <mem type="soa" free="320512" total="106882048" percent="0" />
      <mem type="loa" free="6822912" total="6822912" percent="100" />
    </mem>
    <remembered-set count="97712" />
  </mem-info>
</gc-start>
<allocation-stats totalBytes="39251440" >
  <allocated-bytes non-tlh="5746632" tlh="33504808" />
  <largest-consumer threadName="ForkJoinPool-3-worker-5" threadId="000000000079BF00" bytes="13226240" />
</allocation-stats>
<gc-op id="1083" type="scavenge" timems="56.400" contextid="1080" timestamp="2020-09-11T12:52:16.484">
  <scavenger-info tenureage="3" tenuremask="7ff8" tiltratio="50" />
  <memory-copied type="nursery" objects="1760666" bytes="57546024" bytesdiscarded="445728" />
  <memory-copied type="tenure" objects="490682" bytes="15634552" bytesdiscarded="2760" />
  <ownableSynchronizers candidates="3" cleared="0" />
  <references type="soft" candidates="43" cleared="0" enqueued="0" dynamicThreshold="9" maxThreshold="32" />
  <references type="weak" candidates="6" cleared="0" enqueued="0" />
  <heap-resize type="expand" space="tenure" amount="16515072" count="28" timems="4.853" reason="continue current collection" />
</gc-op>
<heap-resize id="1084" type="expand" space="nursery" amount="32899072" count="1" timems="0.076" reason="excessive time being spent scavenging" timestamp="2020-09-11T12:52:16.485" />
<gc-end id="1085" type="scavenge" contextid="1080" durationms="57.101" usertimems="409.188" systemtimems="24.576" timestamp="2020-09-11T12:52:16.485" activeThreads="8">
  <mem-info id="1086" free="56412480" total="343343104" percent="16">
    <mem type="nursery" free="48569664" total="213123072" percent="22">
      <mem type="allocate" free="48569664" total="106561536" percent="45" />
      <mem type="survivor" free="0" total="106561536" percent="0" />
    </mem>
    <mem type="tenure" free="7842816" total="130220032" percent="6">
      <mem type="soa" free="28672" total="122405888" percent="0" />
      <mem type="loa" free="7814144" total="7814144" percent="100" />
    </mem>
    <remembered-set count="51661" />
  </mem-info>
</gc-end>
<cycle-end id="1087" type="scavenge" contextid="1080" timestamp="2020-09-11T12:52:16.486" />
<allocation-satisfied id="1088" threadId="000000000079FB00" bytesRequested="24" />
<af-end id="1089" timestamp="2020-09-11T12:52:16.486" threadId="00000000007A0480" success="true" from="nursery"/>
<exclusive-end id="1090" timestamp="2020-09-11T12:52:16.487" durationms="59.138" />

<exclusive-start id="1091" timestamp="2020-09-11T12:52:16.578" intervalms="150.095">
  <response-info timems="0.396" idlems="0.301" threads="3" lastid="00000000007ECE00" lastname="ForkJoinPool-10-worker-5" />
</exclusive-start>
<af-start id="1092" threadId="0000000000803C80" totalBytesRequested="32" timestamp="2020-09-11T12:52:16.578" intervalms="150.079" type="nursery" />
<cycle-start id="1093" type="scavenge" contextid="0" timestamp="2020-09-11T12:52:16.578" intervalms="150.076" />
<gc-start id="1094" type="scavenge" contextid="1093" timestamp="2020-09-11T12:52:16.578">
  <mem-info id="1095" free="7842728" total="343343104" percent="2">
    <mem type="nursery" free="0" total="213123072" percent="0">
      <mem type="allocate" free="0" total="106561536" percent="0" />
      <mem type="survivor" free="0" total="106561536" percent="0" />
    </mem>
    <mem type="tenure" free="7842728" total="130220032" percent="6">
      <mem type="soa" free="28584" total="122405888" percent="0" />
      <mem type="loa" free="7814144" total="7814144" percent="100" />
    </mem>
    <remembered-set count="63509" />
  </mem-info>
</gc-start>
<allocation-stats totalBytes="48455760" >
  <allocated-bytes non-tlh="889176" tlh="47566584" />
  <largest-consumer threadName="ForkJoinPool-3-worker-5" threadId="000000000079BF00" bytes="18386000" />
</allocation-stats>
<gc-op id="1096" type="scavenge" timems="62.742" contextid="1093" timestamp="2020-09-11T12:52:16.641">
  <scavenger-info tenureage="2" tenuremask="7ffc" tiltratio="50" />
  <memory-copied type="nursery" objects="1799020" bytes="57669264" bytesdiscarded="125992" />
  <memory-copied type="tenure" objects="1049196" bytes="33262392" bytesdiscarded="5336" />
  <heap-resize type="expand" space="tenure" amount="36044800" count="50" timems="6.714" reason="continue current collection" />
</gc-op>
<heap-resize id="1097" type="expand" space="nursery" amount="41418752" count="1" timems="0.023" reason="excessive time being spent scavenging" timestamp="2020-09-11T12:52:16.641" />
<gc-end id="1098" type="scavenge" contextid="1093" durationms="63.183" usertimems="418.099" systemtimems="7.160" timestamp="2020-09-11T12:52:16.641" activeThreads="8">
  <mem-info id="1099" free="101970680" total="420806656" percent="24">
    <mem type="nursery" free="91364600" total="254541824" percent="35">
      <mem type="allocate" free="91364600" total="149159936" percent="61" />
      <mem type="survivor" free="0" total="105381888" percent="0" />
    </mem>
    <mem type="tenure" free="10606080" total="166264832" percent="6">
      <mem type="soa" free="629248" total="156288000" percent="0" />
      <mem type="loa" free="9976832" total="9976832" percent="100" />
    </mem>
    <remembered-set count="28956" />
  </mem-info>
</gc-end>
<cycle-end id="1100" type="scavenge" contextid="1093" timestamp="2020-09-11T12:52:16.642" />
<allocation-satisfied id="1101" threadId="0000000000803300" bytesRequested="32" />
<af-end id="1102" timestamp="2020-09-11T12:52:16.642" threadId="0000000000803C80" success="true" from="nursery"/>
<exclusive-end id="1103" timestamp="2020-09-11T12:52:16.642" durationms="64.777" />

<exclusive-start id="1104" timestamp="2020-09-11T12:52:16.702" intervalms="124.521">
  <response-info timems="0.599" idlems="0.599" threads="0" lastid="00000000007E9200" lastname="ForkJoinPool-10-worker-3" />
</exclusive-start>
<af-start id="1105" threadId="00000000007E9B80" totalBytesRequested="24" timestamp="2020-09-11T12:52:16.702" intervalms="124.554" type="nursery" />
<cycle-start id="1106" type="scavenge" contextid="0" timestamp="2020-09-11T12:52:16.702" intervalms="124.558" />
<gc-start id="1107" type="scavenge" contextid="1106" timestamp="2020-09-11T12:52:16.703">
  <mem-info id="1108" free="10606080" total="420806656" percent="2">
    <mem type="nursery" free="0" total="254541824" percent="0">
      <mem type="allocate" free="0" total="149159936" percent="0" />
      <mem type="survivor" free="0" total="105381888" percent="0" />
    </mem>
    <mem type="tenure" free="10606080" total="166264832" percent="6">
      <mem type="soa" free="629248" total="156288000" percent="0" />
      <mem type="loa" free="9976832" total="9976832" percent="100" />
    </mem>
    <remembered-set count="38309" />
  </mem-info>
</gc-start>
<allocation-stats totalBytes="91336792" >
  <allocated-bytes non-tlh="426880" tlh="90909912" />
  <largest-consumer threadName="ForkJoinPool-3-worker-7" threadId="000000000079FB00" bytes="20182896" />
</allocation-stats>
<gc-op id="1109" type="scavenge" timems="88.825" contextid="1106" timestamp="2020-09-11T12:52:16.791">
  <scavenger-info tenureage="1" tenuremask="7ffe" tiltratio="58" />
  <memory-copied type="nursery" objects="2588034" bytes="73664392" bytesdiscarded="360648" />
  <memory-copied type="tenure" objects="1798996" bytes="57383128" bytesdiscarded="9416" />
  <ownableSynchronizers candidates="1" cleared="0" />
  <heap-resize type="expand" space="tenure" amount="60948480" count="62" timems="11.707" reason="continue current collection" />
</gc-op>
<heap-resize id="1110" type="expand" space="nursery" amount="73531392" count="1" timems="0.042" reason="excessive time being spent scavenging" timestamp="2020-09-11T12:52:16.792" />
<gc-end id="1111" type="scavenge" contextid="1106" durationms="89.305" usertimems="652.897" systemtimems="26.457" timestamp="2020-09-11T12:52:16.792" activeThreads="8">
  <mem-info id="1112" free="142169504" total="555286528" percent="25">
    <mem type="nursery" free="128022432" total="328073216" percent="39">
      <mem type="allocate" free="128022432" total="202047488" percent="63" />
      <mem type="survivor" free="0" total="126025728" percent="0" />
    </mem>
    <mem type="tenure" free="14147072" total="227213312" percent="6">
      <mem type="soa" free="513536" total="213579776" percent="0" />
      <mem type="loa" free="13633536" total="13633536" percent="100" />
    </mem>
    <remembered-set count="16900" />
  </mem-info>
</gc-end>
<cycle-end id="1113" type="scavenge" contextid="1106" timestamp="2020-09-11T12:52:16.793" />
<allocation-satisfied id="1114" threadId="00000000007E9200" bytesRequested="24" />
<af-end id="1115" timestamp="2020-09-11T12:52:16.793" threadId="00000000007E9B80" success="true" from="nursery"/>
<exclusive-end id="1116" timestamp="2020-09-11T12:52:16.793" durationms="90.630" />

<exclusive-start id="1117" timestamp="2020-09-11T12:52:16.838" intervalms="135.543">
  <response-info timems="0.208" idlems="0.148" threads="1" lastid="00000000007ECE00" lastname="ForkJoinPool-10-worker-5" />
</exclusive-start>
<af-start id="1118" threadId="0000000000810080" totalBytesRequested="136" timestamp="2020-09-11T12:52:16.838" intervalms="135.948" type="nursery" />
<percolate-collect id="1119" from="nursery" to="global" reason="met projected tenure max free" timestamp="2020-09-11T12:52:16.838"/>
<cycle-start id="1120" type="global" contextid="0" timestamp="2020-09-11T12:52:16.838" intervalms="740.548" />
<gc-start id="1121" type="global" contextid="1120" timestamp="2020-09-11T12:52:16.839">
  <mem-info id="1122" free="14147072" total="555286528" percent="2">
    <mem type="nursery" free="0" total="328073216" percent="0">
      <mem type="allocate" free="0" total="202047488" percent="0" />
      <mem type="survivor" free="0" total="126025728" percent="0" />
    </mem>
    <mem type="tenure" free="14147072" total="227213312" percent="6">
      <mem type="soa" free="513536" total="213579776" percent="0" />
      <mem type="loa" free="13633536" total="13633536" percent="100" />
    </mem>
    <remembered-set count="24386" />
  </mem-info>
</gc-start>
<allocation-stats totalBytes="127982656" >
  <allocated-bytes non-tlh="24" tlh="127982632" />
  <largest-consumer threadName="ForkJoinPool-10-worker-15" threadId="000000000080B000" bytes="23652752" />
</allocation-stats>
<gc-op id="1123" type="mark" timems="163.849" contextid="1120" timestamp="2020-09-11T12:52:17.003">
  <trace-info objectcount="12345553" scancount="10958584" scanbytes="305805456" />
  <finalization candidates="88" enqueued="0" />
  <ownableSynchronizers candidates="96" cleared="0" />
  <references type="soft" candidates="4571" cleared="0" enqueued="0" dynamicThreshold="9" maxThreshold="32" />
  <references type="weak" candidates="2956" cleared="0" enqueued="0" />
  <references type="phantom" candidates="103" cleared="0" enqueued="0" />
  <stringconstants candidates="9188" cleared="0"  />
</gc-op>
<gc-op id="1124" type="sweep" timems="2.955" contextid="1120" timestamp="2020-09-11T12:52:17.006" />
<heap-resize id="1125" type="expand" space="tenure" amount="71630848" count="1" timems="0.410" reason="insufficient free space following gc" timestamp="2020-09-11T12:52:17.006" />
<gc-end id="1126" type="global" contextid="1120" durationms="167.821" usertimems="1290.101" systemtimems="5.337" timestamp="2020-09-11T12:52:17.006" activeThreads="8">
  <mem-info id="1127" free="90198512" total="626917376" percent="14">
    <mem type="nursery" free="515488" total="328073216" percent="0">
      <mem type="allocate" free="515488" total="202047488" percent="0" />
      <mem type="survivor" free="0" total="126025728" percent="0" />
    </mem>
    <mem type="tenure" free="89683024" total="298844160" percent="30" micro-fragmented="441987" macro-fragmented="0">
      <mem type="soa" free="71751760" total="280912896" percent="25" />
      <mem type="loa" free="17931264" total="17931264" percent="100" />
    </mem>
    <remembered-set count="24369" />
  </mem-info>
</gc-end>
<cycle-end id="1128" type="global" contextid="1120" timestamp="2020-09-11T12:52:17.007" />
<allocation-satisfied id="1129" threadId="000000000080F700" bytesRequested="136" />
<af-end id="1130" timestamp="2020-09-11T12:52:17.007" threadId="0000000000810080" success="true" from="nursery"/>
<exclusive-end id="1131" timestamp="2020-09-11T12:52:17.007" durationms="169.099" />

<exclusive-start id="1132" timestamp="2020-09-11T12:52:17.011" intervalms="173.231">
  <response-info timems="0.946" idlems="0.946" threads="0" lastid="00000000007E9200" lastname="ForkJoinPool-10-worker-3" />
</exclusive-start>
<af-start id="1133" threadId="00000000007E9B80" totalBytesRequested="520" timestamp="2020-09-11T12:52:17.011" intervalms="172.901" type="nursery" />
<cycle-start id="1134" type="scavenge" contextid="0" timestamp="2020-09-11T12:52:17.011" intervalms="308.858" />
<gc-start id="1135" type="scavenge" contextid="1134" timestamp="2020-09-11T12:52:17.011">
  <mem-info id="1136" free="89683024" total="626917376" percent="14">
    <mem type="nursery" free="0" total="328073216" percent="0">
      <mem type="allocate" free="0" total="202047488" percent="0" />
      <mem type="survivor" free="0" total="126025728" percent="0" />
    </mem>
    <mem type="tenure" free="89683024" total="298844160" percent="30">
      <mem type="soa" free="71751760" total="280912896" percent="25" />
      <mem type="loa" free="17931264" total="17931264" percent="100" />
    </mem>
    <remembered-set count="24525" />
  </mem-info>
</gc-start>
<allocation-stats totalBytes="515008" >
  <allocated-bytes non-tlh="136" tlh="514872" />
  <largest-consumer threadName="ForkJoinPool-3-worker-7" threadId="000000000079FB00" bytes="279824" />
</allocation-stats>
<gc-op id="1137" type="scavenge" timems="102.800" contextid="1134" timestamp="2020-09-11T12:52:17.114">
  <scavenger-info tenureage="1" tenuremask="7ffe" tiltratio="61" />
  <memory-copied type="nursery" objects="3894500" bytes="108734384" bytesdiscarded="184912" />
  <memory-copied type="tenure" objects="2588017" bytes="73662104" bytesdiscarded="11784" />
  <ownableSynchronizers candidates="192" cleared="191" />
  <heap-resize type="expand" space="tenure" amount="3145728" count="3" timems="1.411" reason="continue current collection" />
</gc-op>
<heap-resize id="1138" type="expand" space="nursery" amount="49938432" count="1" timems="0.041" reason="excessive time being spent scavenging" timestamp="2020-09-11T12:52:17.114" />
<gc-end id="1139" type="scavenge" contextid="1134" durationms="103.243" usertimems="790.883" systemtimems="17.366" timestamp="2020-09-11T12:52:17.115" activeThreads="8">
  <mem-info id="1140" free="116889088" total="680001536" percent="17">
    <mem type="nursery" free="98108928" total="378011648" percent="25">
      <mem type="allocate" free="98108928" total="207028224" percent="47" />
      <mem type="survivor" free="0" total="170983424" percent="0" />
    </mem>
    <mem type="tenure" free="18780160" total="301989888" percent="6">
      <mem type="soa" free="660480" total="283870208" percent="0" />
      <mem type="loa" free="18119680" total="18119680" percent="100" />
    </mem>
    <remembered-set count="10716" />
  </mem-info>
</gc-end>
<cycle-end id="1141" type="scavenge" contextid="1134" timestamp="2020-09-11T12:52:17.115" />
<allocation-satisfied id="1142" threadId="00000000007E9200" bytesRequested="520" />
<af-end id="1143" timestamp="2020-09-11T12:52:17.115" threadId="00000000007E9B80" success="true" from="nursery"/>
<exclusive-end id="1144" timestamp="2020-09-11T12:52:17.116" durationms="104.699" />

<exclusive-start id="1145" timestamp="2020-09-11T12:52:17.116" intervalms="105.007">
  <response-info timems="0.261" idlems="0.261" threads="0" lastid="000000000080B000" lastname="ForkJoinPool-10-worker-15" />
</exclusive-start>
<event id="1146" timestamp="2020-09-11T12:52:17.116">
  <warning details="exclusive access acquired to satisfy allocation" />
</event>
<exclusive-end id="1147" timestamp="2020-09-11T12:52:17.116" durationms="0.157" />

<exclusive-start id="1148" timestamp="2020-09-11T12:52:17.116" intervalms="0.366">
  <response-info timems="0.183" idlems="0.183" threads="0" lastid="00000000007F4500" lastname="ForkJoinPool-10-worker-9" />
</exclusive-start>
<event id="1149" timestamp="2020-09-11T12:52:17.117">
  <warning details="exclusive access acquired to satisfy allocation" />
</event>
<exclusive-end id="1150" timestamp="2020-09-11T12:52:17.117" durationms="0.385" />

<exclusive-start id="1151" timestamp="2020-09-11T12:52:17.117" intervalms="0.586">
  <response-info timems="0.172" idlems="0.172" threads="0" lastid="0000000000803300" lastname="ForkJoinPool-10-worker-11" />
</exclusive-start>
<event id="1152" timestamp="2020-09-11T12:52:17.117">
  <warning details="exclusive access acquired to satisfy allocation" />
</event>
<exclusive-end id="1153" timestamp="2020-09-11T12:52:17.117" durationms="0.127" />

<exclusive-start id="1154" timestamp="2020-09-11T12:52:17.117" intervalms="0.365">
  <response-info timems="0.163" idlems="0.163" threads="0" lastid="00000000007ECE00" lastname="ForkJoinPool-10-worker-5" />
</exclusive-start>
<event id="1155" timestamp="2020-09-11T12:52:17.117">
  <warning details="exclusive access acquired to satisfy allocation" />
</event>
<exclusive-end id="1156" timestamp="2020-09-11T12:52:17.117" durationms="0.116" />

<exclusive-start id="1157" timestamp="2020-09-11T12:52:17.131" intervalms="13.426">
  <response-info timems="0.181" idlems="0.181" threads="0" lastid="000000000079FB00" lastname="ForkJoinPool-3-worker-7" />
</exclusive-start>
<af-start id="1158" threadId="00000000007A0480" totalBytesRequested="1048584" timestamp="2020-09-11T12:52:17.131" intervalms="119.632" type="nursery" />
<cycle-start id="1159" type="scavenge" contextid="0" timestamp="2020-09-11T12:52:17.131" intervalms="119.622" />
<gc-start id="1160" type="scavenge" contextid="1159" timestamp="2020-09-11T12:52:17.131">
  <mem-info id="1161" free="19305944" total="680001536" percent="2">
    <mem type="nursery" free="525824" total="378011648" percent="0">
      <mem type="allocate" free="525824" total="207028224" percent="0" />
      <mem type="survivor" free="0" total="170983424" percent="0" />
    </mem>
    <mem type="tenure" free="18780120" total="301989888" percent="6">
      <mem type="soa" free="660440" total="283870208" percent="0" />
      <mem type="loa" free="18119680" total="18119680" percent="100" />
    </mem>
    <remembered-set count="15344" />
  </mem-info>
</gc-start>
<allocation-stats totalBytes="97551152" >
  <allocated-bytes non-tlh="560" tlh="97550592" />
  <largest-consumer threadName="ForkJoinPool-10-worker-15" threadId="000000000080B000" bytes="20151592" />
</allocation-stats>
<gc-op id="1162" type="scavenge" timems="124.810" contextid="1159" timestamp="2020-09-11T12:52:17.256">
  <scavenger-info tenureage="1" tenuremask="fffe" tiltratio="54" />
  <memory-copied type="nursery" objects="2962541" bytes="82513520" bytesdiscarded="134032" />
  <memory-copied type="tenure" objects="3894470" bytes="108730256" bytesdiscarded="30072" />
  <finalization candidates="1" enqueued="0" />
  <references type="weak" candidates="7" cleared="0" enqueued="0" />
  <heap-resize type="expand" space="tenure" amount="115343360" count="110" timems="22.176" reason="continue current collection" />
</gc-op>
<heap-resize id="1163" type="expand" space="nursery" amount="164233216" count="1" timems="0.059" reason="excessive time being spent scavenging" timestamp="2020-09-11T12:52:17.256" />
<gc-end id="1164" type="scavenge" contextid="1159" durationms="125.502" usertimems="871.534" systemtimems="42.235" timestamp="2020-09-11T12:52:17.257" activeThreads="8">
  <mem-info id="1165" free="281122304" total="959578112" percent="29">
    <mem type="nursery" free="255649280" total="542244864" percent="47">
      <mem type="allocate" free="255649280" total="338296832" percent="75" />
      <mem type="survivor" free="0" total="203948032" percent="0" />
    </mem>
    <mem type="tenure" free="25473024" total="417333248" percent="6">
      <mem type="soa" free="432128" total="392292352" percent="0" />
      <mem type="loa" free="25040896" total="25040896" percent="100" />
    </mem>
    <remembered-set count="5907" />
  </mem-info>
</gc-end>
<cycle-end id="1166" type="scavenge" contextid="1159" timestamp="2020-09-11T12:52:17.257" />
<allocation-satisfied id="1167" threadId="000000000079FB00" bytesRequested="1048584" />
<af-end id="1168" timestamp="2020-09-11T12:52:17.258" threadId="00000000007A0480" success="true" from="nursery"/>
<exclusive-end id="1169" timestamp="2020-09-11T12:52:17.258" durationms="127.137" />

<exclusive-start id="1170" timestamp="2020-09-11T12:52:17.320" intervalms="189.439">
  <response-info timems="0.911" idlems="0.447" threads="3" lastid="00000000007F4500" lastname="ForkJoinPool-10-worker-9" />
</exclusive-start>
<af-start id="1171" threadId="000000000080F580" totalBytesRequested="16" timestamp="2020-09-11T12:52:17.320" intervalms="189.544" type="nursery" />
<cycle-start id="1172" type="scavenge" contextid="0" timestamp="2020-09-11T12:52:17.320" intervalms="189.559" />
<gc-start id="1173" type="scavenge" contextid="1172" timestamp="2020-09-11T12:52:17.321">
  <mem-info id="1174" free="25473024" total="959578112" percent="2">
    <mem type="nursery" free="0" total="542244864" percent="0">
      <mem type="allocate" free="0" total="338296832" percent="0" />
      <mem type="survivor" free="0" total="203948032" percent="0" />
    </mem>
    <mem type="tenure" free="25473024" total="417333248" percent="6">
      <mem type="soa" free="432128" total="392292352" percent="0" />
      <mem type="loa" free="25040896" total="25040896" percent="100" />
    </mem>
    <remembered-set count="42948" />
  </mem-info>
</gc-start>
<allocation-stats totalBytes="255542192" >
  <allocated-bytes non-tlh="2307976" tlh="253234216" />
  <largest-consumer threadName="ForkJoinPool-10-worker-11" threadId="0000000000803300" bytes="41898880" />
</allocation-stats>
<gc-op id="1175" type="scavenge" timems="175.910" contextid="1172" timestamp="2020-09-11T12:52:17.497">
  <scavenger-info tenureage="1" tenuremask="fffe" tiltratio="62" />
  <memory-copied type="nursery" objects="7267965" bytes="203911680" bytesdiscarded="36344" />
  <memory-copied type="tenure" objects="3520354" bytes="98351296" bytesdiscarded="26040" />
  <copy-failed type="nursery" objects="557828" bytes="15839856" />
  <finalization candidates="2" enqueued="0" />
  <heap-resize type="expand" space="tenure" amount="104857600" count="100" timems="20.863" reason="continue current collection" />
</gc-op>
<heap-resize id="1176" type="expand" space="nursery" amount="194772992" count="1" timems="0.025" reason="excessive time being spent scavenging" timestamp="2020-09-11T12:52:17.497" />
<gc-end id="1177" type="scavenge" contextid="1172" durationms="176.632" usertimems="1359.853" systemtimems="19.371" timestamp="2020-09-11T12:52:17.497" activeThreads="8">
  <mem-info id="1178" free="196546560" total="1259208704" percent="15">
    <mem type="nursery" free="164560896" total="737017856" percent="22">
      <mem type="allocate" free="164560896" total="368508928" percent="44" />
      <mem type="survivor" free="0" total="368508928" percent="0" />
    </mem>
    <mem type="tenure" free="31985664" total="522190848" percent="6">
      <mem type="soa" free="653312" total="490858496" percent="0" />
      <mem type="loa" free="31332352" total="31332352" percent="100" />
    </mem>
    <remembered-set count="7459" />
  </mem-info>
</gc-end>
<cycle-end id="1179" type="scavenge" contextid="1172" timestamp="2020-09-11T12:52:17.498" />
<allocation-satisfied id="1180" threadId="000000000080EC00" bytesRequested="16" />
<af-end id="1181" timestamp="2020-09-11T12:52:17.498" threadId="000000000080F580" success="true" from="nursery"/>
<exclusive-end id="1182" timestamp="2020-09-11T12:52:17.498" durationms="178.174" />

<exclusive-start id="1183" timestamp="2020-09-11T12:52:17.666" intervalms="345.480">
  <response-info timems="0.174" idlems="0.174" threads="0" lastid="0000000000794700" lastname="ForkJoinPool-3-worker-3" />
</exclusive-start>
<af-start id="1184" threadId="0000000000795080" totalBytesRequested="24" timestamp="2020-09-11T12:52:17.666" intervalms="345.436" type="nursery" />
<cycle-start id="1185" type="scavenge" contextid="0" timestamp="2020-09-11T12:52:17.666" intervalms="345.423" />
<gc-start id="1186" type="scavenge" contextid="1185" timestamp="2020-09-11T12:52:17.666">
  <mem-info id="1187" free="31985664" total="1259208704" percent="2">
    <mem type="nursery" free="0" total="737017856" percent="0">
      <mem type="allocate" free="0" total="368508928" percent="0" />
      <mem type="survivor" free="0" total="368508928" percent="0" />
    </mem>
    <mem type="tenure" free="31985664" total="522190848" percent="6">
      <mem type="soa" free="653312" total="490858496" percent="0" />
      <mem type="loa" free="31332352" total="31332352" percent="100" />
    </mem>
    <remembered-set count="41813" />
  </mem-info>
</gc-start>
<allocation-stats totalBytes="164525032" >
  <allocated-bytes non-tlh="7473952" tlh="157051080" />
  <largest-consumer threadName="ForkJoinPool-3-worker-3" threadId="0000000000794700" bytes="68037192" />
</allocation-stats>
<gc-op id="1188" type="scavenge" timems="168.057" contextid="1185" timestamp="2020-09-11T12:52:17.834">
  <scavenger-info tenureage="1" tenuremask="fffe" tiltratio="50" />
  <memory-copied type="nursery" objects="2881468" bytes="82753248" bytesdiscarded="218696" />
  <memory-copied type="tenure" objects="7267922" bytes="203781864" bytesdiscarded="44792" />
  <finalization candidates="1" enqueued="0" />
  <heap-resize type="expand" space="tenure" amount="217055232" count="207" timems="38.250" reason="continue current collection" />
</gc-op>
<heap-resize id="1189" type="expand" space="nursery" amount="178651136" count="1" timems="0.065" reason="excessive time being spent scavenging" timestamp="2020-09-11T12:52:17.835" />
<gc-end id="1190" type="scavenge" contextid="1185" durationms="168.864" usertimems="1215.607" systemtimems="34.822" timestamp="2020-09-11T12:52:17.835" activeThreads="8">
  <mem-info id="1191" free="420060368" total="1654915072" percent="25">
    <mem type="nursery" free="374862544" total="915668992" percent="40">
      <mem type="allocate" free="374862544" total="457834496" percent="81" />
      <mem type="survivor" free="0" total="457834496" percent="0" />
    </mem>
    <mem type="tenure" free="45197824" total="739246080" percent="6">
      <mem type="soa" free="842240" total="694890496" percent="0" />
      <mem type="loa" free="44355584" total="44355584" percent="100" />
    </mem>
    <remembered-set count="8847" />
  </mem-info>
</gc-end>
<cycle-end id="1192" type="scavenge" contextid="1185" timestamp="2020-09-11T12:52:17.836" />
<allocation-satisfied id="1193" threadId="0000000000794700" bytesRequested="24" />
<af-end id="1194" timestamp="2020-09-11T12:52:17.836" threadId="0000000000795080" success="true" from="nursery"/>
<exclusive-end id="1195" timestamp="2020-09-11T12:52:17.836" durationms="170.378" />

<exclusive-start id="1196" timestamp="2020-09-11T12:52:18.232" intervalms="566.468">
  <response-info timems="0.177" idlems="0.177" threads="0" lastid="000000000079FB00" lastname="ForkJoinPool-3-worker-7" />
</exclusive-start>
<af-start id="1197" threadId="00000000007A0480" totalBytesRequested="24" timestamp="2020-09-11T12:52:18.232" intervalms="566.461" type="nursery" />
<percolate-collect id="1198" from="nursery" to="global" reason="met projected tenure max free" timestamp="2020-09-11T12:52:18.232"/>
<cycle-start id="1199" type="global" contextid="0" timestamp="2020-09-11T12:52:18.232" intervalms="1393.971" />
<gc-start id="1200" type="global" contextid="1199" timestamp="2020-09-11T12:52:18.233">
  <mem-info id="1201" free="45197736" total="1654915072" percent="2">
    <mem type="nursery" free="0" total="915668992" percent="0">
      <mem type="allocate" free="0" total="457834496" percent="0" />
      <mem type="survivor" free="0" total="457834496" percent="0" />
    </mem>
    <mem type="tenure" free="45197736" total="739246080" percent="6">
      <mem type="soa" free="842152" total="694890496" percent="0" />
      <mem type="loa" free="44355584" total="44355584" percent="100" />
    </mem>
    <remembered-set count="8852" />
  </mem-info>
</gc-start>
<allocation-stats totalBytes="374834512" >
  <allocated-bytes non-tlh="20076904" tlh="354757608" />
  <largest-consumer threadName="ForkJoinPool-3-worker-7" threadId="000000000079FB00" bytes="163492032" />
</allocation-stats>
<gc-op id="1202" type="mark" timems="299.667" contextid="1199" timestamp="2020-09-11T12:52:18.532">
  <trace-info objectcount="23379174" scancount="23260456" scanbytes="655583820" />
  <finalization candidates="91" enqueued="0" />
  <ownableSynchronizers candidates="96" cleared="0" />
  <references type="soft" candidates="4571" cleared="0" enqueued="0" dynamicThreshold="9" maxThreshold="32" />
  <references type="weak" candidates="2963" cleared="0" enqueued="0" />
  <references type="phantom" candidates="103" cleared="0" enqueued="0" />
  <stringconstants candidates="9188" cleared="0"  />
</gc-op>
<gc-op id="1203" type="sweep" timems="7.944" contextid="1199" timestamp="2020-09-11T12:52:18.540" />
<heap-resize id="1204" type="expand" space="tenure" amount="50397184" count="1" timems="0.631" reason="insufficient free space following gc" timestamp="2020-09-11T12:52:18.541" />
<gc-end id="1205" type="global" contextid="1199" durationms="308.833" usertimems="2381.759" systemtimems="11.762" timestamp="2020-09-11T12:52:18.541" activeThreads="8">
  <mem-info id="1206" free="299070880" total="1705312256" percent="17">
    <mem type="nursery" free="54277128" total="915668992" percent="5">
      <mem type="allocate" free="54277128" total="457834496" percent="11" />
      <mem type="survivor" free="0" total="457834496" percent="0" />
    </mem>
    <mem type="tenure" free="244793752" total="789643264" percent="31" micro-fragmented="198032" macro-fragmented="0">
      <mem type="soa" free="197414296" total="742263808" percent="26" />
      <mem type="loa" free="47379456" total="47379456" percent="100" />
    </mem>
    <remembered-set count="600" />
  </mem-info>
</gc-end>
<cycle-end id="1207" type="global" contextid="1199" timestamp="2020-09-11T12:52:18.542" />
<allocation-satisfied id="1208" threadId="000000000079FB00" bytesRequested="24" />
<af-end id="1209" timestamp="2020-09-11T12:52:18.542" threadId="00000000007A0480" success="true" from="nursery"/>
<exclusive-end id="1210" timestamp="2020-09-11T12:52:18.542" durationms="309.927" />

<exclusive-start id="1211" timestamp="2020-09-11T12:52:18.585" intervalms="353.118">
  <response-info timems="0.179" idlems="0.179" threads="0" lastid="000000000079FB00" lastname="ForkJoinPool-3-worker-7" />
</exclusive-start>
<af-start id="1212" threadId="00000000007A0480" totalBytesRequested="48" timestamp="2020-09-11T12:52:18.585" intervalms="353.116" type="nursery" />
<cycle-start id="1213" type="scavenge" contextid="0" timestamp="2020-09-11T12:52:18.585" intervalms="919.577" />
<gc-start id="1214" type="scavenge" contextid="1213" timestamp="2020-09-11T12:52:18.586">
  <mem-info id="1215" free="244793752" total="1705312256" percent="14">
    <mem type="nursery" free="0" total="915668992" percent="0">
      <mem type="allocate" free="0" total="457834496" percent="0" />
      <mem type="survivor" free="0" total="457834496" percent="0" />
    </mem>
    <mem type="tenure" free="244793752" total="789643264" percent="31">
      <mem type="soa" free="197414296" total="742263808" percent="26" />
      <mem type="loa" free="47379456" total="47379456" percent="100" />
    </mem>
    <remembered-set count="600" />
  </mem-info>
</gc-start>
<allocation-stats totalBytes="54261440" >
  <allocated-bytes non-tlh="5338240" tlh="48923200" />
  <largest-consumer threadName="ForkJoinPool-3-worker-7" threadId="000000000079FB00" bytes="25118416" />
</allocation-stats>
<gc-op id="1216" type="scavenge" timems="132.311" contextid="1213" timestamp="2020-09-11T12:52:18.718">
  <scavenger-info tenureage="1" tenuremask="fffe" tiltratio="50" />
  <memory-copied type="nursery" objects="3342656" bytes="93026648" bytesdiscarded="206152" />
  <memory-copied type="tenure" objects="2259429" bytes="61908904" bytesdiscarded="24408" />
  <finalization candidates="1" enqueued="0" />
  <ownableSynchronizers candidates="192" cleared="192" />
</gc-op>
<heap-resize id="1217" type="expand" space="nursery" amount="23855104" count="1" timems="0.390" reason="excessive time being spent scavenging" timestamp="2020-09-11T12:52:18.719" />
<gc-end id="1218" type="scavenge" contextid="1213" durationms="133.308" usertimems="1041.919" systemtimems="0.000" timestamp="2020-09-11T12:52:18.719" activeThreads="8">
  <mem-info id="1219" free="652825656" total="1729167360" percent="37">
    <mem type="nursery" free="470442272" total="939524096" percent="50">
      <mem type="allocate" free="470442272" total="563675136" percent="83" />
      <mem type="survivor" free="0" total="375848960" percent="0" />
    </mem>
    <mem type="tenure" free="182383384" total="789643264" percent="23">
      <mem type="soa" free="135003928" total="742263808" percent="18" />
      <mem type="loa" free="47379456" total="47379456" percent="100" />
    </mem>
    <remembered-set count="2643" />
  </mem-info>
</gc-end>
<cycle-end id="1220" type="scavenge" contextid="1213" timestamp="2020-09-11T12:52:18.719" />
<allocation-satisfied id="1221" threadId="000000000079FB00" bytesRequested="48" />
<af-end id="1222" timestamp="2020-09-11T12:52:18.719" threadId="00000000007A0480" success="true" from="nursery"/>
<exclusive-end id="1223" timestamp="2020-09-11T12:52:18.719" durationms="134.349" />

<exclusive-start id="1224" timestamp="2020-09-11T12:52:19.071" intervalms="485.413">
  <response-info timems="0.230" idlems="0.230" threads="0" lastid="000000000079BF00" lastname="ForkJoinPool-3-worker-5" />
</exclusive-start>
<af-start id="1225" threadId="000000000079C880" totalBytesRequested="24" timestamp="2020-09-11T12:52:19.071" intervalms="485.369" type="nursery" />
<cycle-start id="1226" type="scavenge" contextid="0" timestamp="2020-09-11T12:52:19.071" intervalms="485.418" />
<gc-start id="1227" type="scavenge" contextid="1226" timestamp="2020-09-11T12:52:19.071">
  <mem-info id="1228" free="182382656" total="1729167360" percent="10">
    <mem type="nursery" free="0" total="939524096" percent="0">
      <mem type="allocate" free="0" total="563675136" percent="0" />
      <mem type="survivor" free="0" total="375848960" percent="0" />
    </mem>
    <mem type="tenure" free="182382656" total="789643264" percent="23">
      <mem type="soa" free="135003200" total="742263808" percent="18" />
      <mem type="loa" free="47379456" total="47379456" percent="100" />
    </mem>
    <remembered-set count="2673" />
  </mem-info>
</gc-start>
<allocation-stats totalBytes="470399800" >
  <allocated-bytes non-tlh="27966232" tlh="442433568" />
  <largest-consumer threadName="ForkJoinPool-3-worker-5" threadId="000000000079BF00" bytes="171642896" />
</allocation-stats>
<gc-op id="1229" type="scavenge" timems="176.077" contextid="1226" timestamp="2020-09-11T12:52:19.247">
  <scavenger-info tenureage="1" tenuremask="7ffe" tiltratio="59" />
  <memory-copied type="nursery" objects="4229151" bytes="126792624" bytesdiscarded="560792" />
  <memory-copied type="tenure" objects="2563535" bytes="70003608" bytesdiscarded="7928" />
  <finalization candidates="1" enqueued="0" />
  <ownableSynchronizers candidates="200008" cleared="0" />
  <references type="soft" candidates="200000" cleared="0" enqueued="0" dynamicThreshold="9" maxThreshold="32" />
  <references type="weak" candidates="145" cleared="94" enqueued="63" />
</gc-op>
<gc-end id="1230" type="scavenge" contextid="1226" durationms="176.500" usertimems="1316.287" systemtimems="6.757" timestamp="2020-09-11T12:52:19.248" activeThreads="8">
  <mem-info id="1231" free="634155368" total="1729167360" percent="36">
    <mem type="nursery" free="521452936" total="939524096" percent="55">
      <mem type="allocate" free="521452936" total="648806400" percent="80" />
      <mem type="survivor" free="0" total="290717696" percent="0" />
    </mem>
    <mem type="tenure" free="112702432" total="789643264" percent="14">
      <mem type="soa" free="65322976" total="742263808" percent="8" />
      <mem type="loa" free="47379456" total="47379456" percent="100" />
    </mem>
    <pending-finalizers system="0" default="0" reference="63" classloader="0" />
    <remembered-set count="4109" />
  </mem-info>
</gc-end>
<cycle-end id="1232" type="scavenge" contextid="1226" timestamp="2020-09-11T12:52:19.248" />
<allocation-satisfied id="1233" threadId="000000000079BF00" bytesRequested="24" />
<af-end id="1234" timestamp="2020-09-11T12:52:19.248" threadId="000000000079C880" success="true" from="nursery"/>
<exclusive-end id="1235" timestamp="2020-09-11T12:52:19.248" durationms="177.861" />

<exclusive-start id="1236" timestamp="2020-09-11T12:52:19.461" intervalms="390.431">
  <response-info timems="0.097" idlems="0.097" threads="0" lastid="0000000000764400" lastname="Controller" />
</exclusive-start>
<sys-start reason="explicit" id="1237" timestamp="2020-09-11T12:52:19.461" intervalms="1599853939461.667" />
<cycle-start id="1238" type="global" contextid="0" timestamp="2020-09-11T12:52:19.461" intervalms="1228.806" />
<gc-start id="1239" type="global" contextid="1238" timestamp="2020-09-11T12:52:19.461">
  <mem-info id="1240" free="485036496" total="1729167360" percent="28">
    <mem type="nursery" free="372341688" total="939524096" percent="39">
      <mem type="allocate" free="372341688" total="648806400" percent="57" />
      <mem type="survivor" free="0" total="290717696" percent="0" />
    </mem>
    <mem type="tenure" free="112694808" total="789643264" percent="14">
      <mem type="soa" free="65315352" total="742263808" percent="8" />
      <mem type="loa" free="47379456" total="47379456" percent="100" />
    </mem>
    <remembered-set count="4383" />
  </mem-info>
</gc-start>
<allocation-stats totalBytes="149106208" >
  <allocated-bytes non-tlh="12951448" tlh="136154760" />
  <largest-consumer threadName="ForkJoinPool-3-worker-5" threadId="000000000079BF00" bytes="85216656" />
</allocation-stats>
<gc-op id="1241" type="mark" timems="35.104" contextid="1238" timestamp="2020-09-11T12:52:19.497">
  <trace-info objectcount="1868135" scancount="1849177" scanbytes="66583112" />
  <finalization candidates="91" enqueued="0" />
  <ownableSynchronizers candidates="200109" cleared="200034" />
  <references type="soft" candidates="4617" cleared="0" enqueued="0" dynamicThreshold="9" maxThreshold="32" />
  <references type="weak" candidates="3105" cleared="48" enqueued="38" />
  <references type="phantom" candidates="103" cleared="0" enqueued="0" />
  <stringconstants candidates="9287" cleared="6"  />
</gc-op>
<gc-op id="1242" type="classunload" timems="0.093" contextid="1238" timestamp="2020-09-11T12:52:19.497">
  <classunload-info classloadercandidates="101" classloadersunloaded="0" classesunloaded="0" anonymousclassesunloaded="0" quiescems="0.000" setupms="0.090" scanms="0.002" postms="0.001" />
</gc-op>
<gc-op id="1243" type="sweep" timems="11.199" contextid="1238" timestamp="2020-09-11T12:52:19.508" />
<mem-info id="1244" free="1352528648" total="1729167360" percent="78">
  <mem type="nursery" free="648581968" total="939524096" percent="69">
    <mem type="allocate" free="648581968" total="648806400" percent="99" />
    <mem type="survivor" free="0" total="290717696" percent="0" />
  </mem>
  <mem type="tenure" free="703946680" total="789643264" percent="89" micro-fragmented="34069" macro-fragmented="0">
    <mem type="soa" free="656567224" total="742263808" percent="88" />
    <mem type="loa" free="47379456" total="47379456" percent="100" />
  </mem>
  <pending-finalizers system="0" default="0" reference="38" classloader="0" />
  <remembered-set count="713" />
</mem-info>
<gc-op id="1245" type="compact" timems="118.155" contextid="1238" timestamp="2020-09-11T12:52:19.626">
  <compact-info movecount="1658659" movebytes="78846224" reason="compact on aggressive collection" />
</gc-op>
<gc-end id="1246" type="global" contextid="1238" durationms="165.240" usertimems="684.136" systemtimems="22.054" timestamp="2020-09-11T12:52:19.627" activeThreads="8">
  <mem-info id="1247" free="1352629920" total="1729167360" percent="78">
    <mem type="nursery" free="648638056" total="939524096" percent="69">
      <mem type="allocate" free="648638056" total="648806400" percent="99" />
      <mem type="survivor" free="0" total="290717696" percent="0" />
    </mem>
    <mem type="tenure" free="703991864" total="789643264" percent="89">
      <mem type="soa" free="656612408" total="742263808" percent="88" />
      <mem type="loa" free="47379456" total="47379456" percent="100" />
    </mem>
    <pending-finalizers system="0" default="0" reference="38" classloader="0" />
    <remembered-set count="713" />
  </mem-info>
</gc-end>
<cycle-end id="1248" type="global" contextid="1238" timestamp="2020-09-11T12:52:19.627" />
<sys-end id="1249" timestamp="2020-09-11T12:52:19.627" />
<exclusive-end id="1250" timestamp="2020-09-11T12:52:19.627" durationms="166.256" />

</verbosegc>

