<?xml version="1.0" ?>

<verbosegc xmlns="http://www.ibm.com/j9/verbosegc" version="c1dd04cca_CMPRSS">

!@: MM_VerboseWriterFileLoggingSynchronous::openFile

!@: Before Trigger

<exclusive-start id="2466" timestamp="2020-09-11T12:55:40.899" intervalms="2183.450">
  <response-info timems="1.165" idlems="1.165" threads="0" lastid="00000000007EB800" lastname="Group1.Backend.CompositeBackend{Tier1}.2" />
</exclusive-start>
!@: handleInitialized
<initialized id="2467" timestamp="2020-09-11T12:55:40.900">
  <attribute name="gcPolicy" value="-Xgcpolicy:gencon" />
  <attribute name="maxHeapSize" value="0xe0000000" />
  <attribute name="initialHeapSize" value="0x800000" />
  <attribute name="compressedRefs" value="true" />
  <attribute name="compressedRefsDisplacement" value="0x0" />
  <attribute name="compressedRefsShift" value="0x0" />
  <attribute name="pageSize" value="0x1000" />
  <attribute name="pageType" value="not used" />
  <attribute name="requestedPageSize" value="0x1000" />
  <attribute name="requestedPageType" value="not used" />
  <attribute name="gcthreads" value="8" />
  <attribute name="packetListSplit" value="1" />
  <attribute name="cacheListSplit" value="1" />
  <attribute name="splitFreeListSplitAmount" value="1" />
  <attribute name="numaNodes" value="0" />
  <system>
    <attribute name="physicalMemory" value="16818696192" />
    <attribute name="numCPUs" value="8" />
    <attribute name="architecture" value="amd64" />
    <attribute name="os" value="Linux" />
    <attribute name="osVersion" value="4.15.0-101-generic" />
  </system>
  <vmargs>
    <vmarg name="-Xoptionsfile=/root/code/openj9-openjdk-jdk11/build/linux-x86_64-normal-server-release/jdk/lib/options.default" />
    <vmarg name="-Xlockword:mode=default,noLockword=java/lang/String,noLockword=java/util/MapEntry,noLockword=java/util/HashMap$Entry,noLockword..." />
    <vmarg name="-Xjcl:jclse29" />
    <vmarg name="-Dcom.ibm.oti.vm.bootstrap.library.path=/root/code/openj9-openjdk-jdk11/build/linux-x86_64-normal-server-release/jdk/lib/compre..." />
    <vmarg name="-Dsun.boot.library.path=/root/code/openj9-openjdk-jdk11/build/linux-x86_64-normal-server-release/jdk/lib/compressedrefs:/root/c..." />
    <vmarg name="-Djava.library.path=/root/code/openj9-openjdk-jdk11/build/linux-x86_64-normal-server-release/jdk/lib/compressedrefs:/root/code/..." />
    <vmarg name="-Djava.home=/root/code/openj9-openjdk-jdk11/build/linux-x86_64-normal-server-release/jdk" />
    <vmarg name="-Duser.dir=/root/specjbb2015" />
    <vmarg name="-verbose:gc" />
    <vmarg name="-Xmx3584M" />
    <vmarg name="-Xgc:noConcurrentMark" />
    <vmarg name="-Xtgc:parallel" />
    <vmarg name="-XX:-UseGCStartupHints" />
    <vmarg name="-Xgcpolicy:gencon" />
    <vmarg name="-Xverbosegclog:testOutput,5,100" />
    <vmarg name="-Djava.class.path=/root/specjbb2015/specjbb2015.jar" />
    <vmarg name="-Dsun.java.command=/root/specjbb2015/specjbb2015.jar -m COMPOSITE" />
    <vmarg name="-Dsun.java.launcher=SUN_STANDARD" />
    <vmarg name="-Dsun.java.launcher.pid=20984" />
  </vmargs>
</initialized>

!@: After Trigger

<af-start id="2468" threadId="00000000007EC180" totalBytesRequested="24" timestamp="2020-09-11T12:55:40.901" intervalms="2183.796" type="nursery" />
<cycle-start id="2469" type="scavenge" contextid="0" timestamp="2020-09-11T12:55:40.901" intervalms="2183.766" />
<gc-start id="2470" type="scavenge" contextid="2469" timestamp="2020-09-11T12:55:40.901">
  <mem-info id="2471" free="48720288" total="2254897152" percent="2">
    <mem type="nursery" free="0" total="939524096" percent="0">
      <mem type="allocate" free="0" total="807403520" percent="0" />
      <mem type="survivor" free="0" total="132120576" percent="0" />
    </mem>
    <mem type="tenure" free="48720288" total="1315373056" percent="3">
      <mem type="soa" free="285816" total="1236450304" percent="0" />
      <mem type="loa" free="48434472" total="78922752" percent="61" />
    </mem>
    <remembered-set count="195657" />
  </mem-info>
</gc-start>
<allocation-stats totalBytes="696552808" >
  <allocated-bytes non-tlh="31379752" tlh="665173056" />
  <largest-consumer threadName="Group1.Backend.CompositeBackend{Tier1}.1" threadId="000000000078C200" bytes="85117200" />
</allocation-stats>
<gc-op id="2472" type="scavenge" timems="104.159" contextid="2469" timestamp="2020-09-11T12:55:41.005">
  <scavenger-info tenureage="3" tenuremask="7ff8" tiltratio="85" />
  <memory-copied type="nursery" objects="4211793" bytes="112938880" bytesdiscarded="143720" />
  <memory-copied type="tenure" objects="1056062" bytes="28404856" bytesdiscarded="12936" />
  <ownableSynchronizers candidates="7128" cleared="5870" />
  <references type="soft" candidates="967" cleared="0" enqueued="0" dynamicThreshold="12" maxThreshold="32" />
  <references type="weak" candidates="112" cleared="112" enqueued="0" />
  <heap-resize type="expand" space="tenure" amount="60817408" count="58" timems="5.836" reason="continue current collection" />
</gc-op>
<gc-end id="2473" type="scavenge" contextid="2469" durationms="105.419" usertimems="761.545" systemtimems="0.000" timestamp="2020-09-11T12:55:41.006" activeThreads="8">
  <mem-info id="2474" free="775527584" total="2315714560" percent="33">
    <mem type="nursery" free="694753792" total="939524096" percent="73">
      <mem type="allocate" free="694753792" total="807927808" percent="85" />
      <mem type="survivor" free="0" total="131596288" percent="0" />
    </mem>
    <mem type="tenure" free="80773792" total="1376190464" percent="5" macro-fragmented="0">
      <mem type="soa" free="67984" total="1293618176" percent="0" />
      <mem type="loa" free="80705808" total="82572288" percent="97" />
    </mem>
    <remembered-set count="31551" />
  </mem-info>
</gc-end>
<cycle-end id="2475" type="scavenge" contextid="2469" timestamp="2020-09-11T12:55:41.008" />
<allocation-satisfied id="2476" threadId="00000000007EB800" bytesRequested="24" />
<af-end id="2477" timestamp="2020-09-11T12:55:41.008" threadId="00000000007EC180" success="true" from="nursery"/>
<exclusive-end id="2478" timestamp="2020-09-11T12:55:41.008" durationms="108.094" />

<exclusive-start id="2479" timestamp="2020-09-11T12:55:42.907" intervalms="2007.678">
  <response-info timems="0.846" idlems="0.453" threads="1" lastid="0000000000863200" lastname="Group1.Backend.CompositeBackend{Tier1}.4" />
</exclusive-start>
<af-start id="2480" threadId="000000000078CB80" totalBytesRequested="24" timestamp="2020-09-11T12:55:42.908" intervalms="2007.212" type="nursery" />
<cycle-start id="2481" type="scavenge" contextid="0" timestamp="2020-09-11T12:55:42.908" intervalms="2007.239" />
<gc-start id="2482" type="scavenge" contextid="2481" timestamp="2020-09-11T12:55:42.908">
  <mem-info id="2483" free="80773792" total="2315714560" percent="3">
    <mem type="nursery" free="0" total="939524096" percent="0">
      <mem type="allocate" free="0" total="807927808" percent="0" />
      <mem type="survivor" free="0" total="131596288" percent="0" />
    </mem>
    <mem type="tenure" free="80773792" total="1376190464" percent="5">
      <mem type="soa" free="67984" total="1293618176" percent="0" />
      <mem type="loa" free="80705808" total="82572288" percent="97" />
    </mem>
    <remembered-set count="192226" />
  </mem-info>
</gc-start>
<allocation-stats totalBytes="694444632" >
  <allocated-bytes non-tlh="40664480" tlh="653780152" />
  <largest-consumer threadName="Group1.Backend.CompositeBackend{Tier1}.1" threadId="000000000078C200" bytes="101233696" />
</allocation-stats>
<gc-op id="2484" type="scavenge" timems="122.957" contextid="2481" timestamp="2020-09-11T12:55:43.031">
  <scavenger-info tenureage="3" tenuremask="7ff8" tiltratio="85" />
  <memory-copied type="nursery" objects="4139222" bytes="111070672" bytesdiscarded="164984" />
  <memory-copied type="tenure" objects="1088943" bytes="29294456" bytesdiscarded="8880" />
  <ownableSynchronizers candidates="5336" cleared="4194" />
  <references type="soft" candidates="869" cleared="0" enqueued="0" dynamicThreshold="12" maxThreshold="32" />
  <references type="weak" candidates="129" cleared="127" enqueued="0" />
  <heap-resize type="expand" space="tenure" amount="33554432" count="32" timems="10.797" reason="continue current collection" />
</gc-op>
<gc-end id="2485" type="scavenge" contextid="2481" durationms="124.573" usertimems="888.097" systemtimems="10.019" timestamp="2020-09-11T12:55:43.033" activeThreads="8">
  <mem-info id="2486" free="782453248" total="2349268992" percent="33">
    <mem type="nursery" free="697587712" total="939524096" percent="74">
      <mem type="allocate" free="697587712" total="808910848" percent="86" />
      <mem type="survivor" free="0" total="130613248" percent="0" />
    </mem>
    <mem type="tenure" free="84865536" total="1409744896" percent="6" macro-fragmented="0">
      <mem type="soa" free="280064" total="1325159424" percent="0" />
      <mem type="loa" free="84585472" total="84585472" percent="100" />
    </mem>
    <remembered-set count="31981" />
  </mem-info>
</gc-end>
<cycle-end id="2487" type="scavenge" contextid="2481" timestamp="2020-09-11T12:55:43.035" />
<allocation-satisfied id="2488" threadId="000000000078C200" bytesRequested="24" />
<af-end id="2489" timestamp="2020-09-11T12:55:43.035" threadId="000000000078CB80" success="true" from="nursery"/>
<exclusive-end id="2490" timestamp="2020-09-11T12:55:43.036" durationms="128.354" />

<exclusive-start id="2491" timestamp="2020-09-11T12:55:45.128" intervalms="2220.678">
  <response-info timems="0.772" idlems="0.508" threads="1" lastid="00000000008C3100" lastname="Group1.Backend.CompositeBackend{Tier1}.7" />
</exclusive-start>
<af-start id="2492" threadId="0000000000A8CA80" totalBytesRequested="48" timestamp="2020-09-11T12:55:45.129" intervalms="2220.831" type="nursery" />
<cycle-start id="2493" type="scavenge" contextid="0" timestamp="2020-09-11T12:55:45.129" intervalms="2220.797" />
<gc-start id="2494" type="scavenge" contextid="2493" timestamp="2020-09-11T12:55:45.130">
  <mem-info id="2495" free="84865536" total="2349268992" percent="3">
    <mem type="nursery" free="0" total="939524096" percent="0">
      <mem type="allocate" free="0" total="808910848" percent="0" />
      <mem type="survivor" free="0" total="130613248" percent="0" />
    </mem>
    <mem type="tenure" free="84865536" total="1409744896" percent="6">
      <mem type="soa" free="280064" total="1325159424" percent="0" />
      <mem type="loa" free="84585472" total="84585472" percent="100" />
    </mem>
    <remembered-set count="198465" />
  </mem-info>
</gc-start>
<allocation-stats totalBytes="697240856" >
  <allocated-bytes non-tlh="26708968" tlh="670531888" />
  <largest-consumer threadName="Group1.Backend.CompositeBackend{Tier1}.8" threadId="00000000008DD200" bytes="118753944" />
</allocation-stats>
<gc-op id="2496" type="scavenge" timems="117.033" contextid="2493" timestamp="2020-09-11T12:55:45.247">
  <scavenger-info tenureage="3" tenuremask="7ff8" tiltratio="86" />
  <memory-copied type="nursery" objects="4132829" bytes="110849568" bytesdiscarded="303456" />
  <memory-copied type="tenure" objects="1146005" bytes="30826776" bytesdiscarded="9480" />
  <ownableSynchronizers candidates="7911" cleared="6760" />
  <references type="soft" candidates="921" cleared="0" enqueued="0" dynamicThreshold="12" maxThreshold="32" />
  <references type="weak" candidates="107" cleared="107" enqueued="0" />
  <heap-resize type="expand" space="tenure" amount="33554432" count="32" timems="10.792" reason="continue current collection" />
</gc-op>
<gc-end id="2497" type="scavenge" contextid="2493" durationms="118.268" usertimems="861.481" systemtimems="19.429" timestamp="2020-09-11T12:55:45.248" activeThreads="8">
  <mem-info id="2498" free="786392064" total="2382823424" percent="33">
    <mem type="nursery" free="698917376" total="939524096" percent="74">
      <mem type="allocate" free="698917376" total="810156032" percent="86" />
      <mem type="survivor" free="0" total="129368064" percent="0" />
    </mem>
    <mem type="tenure" free="87474688" total="1443299328" percent="6" macro-fragmented="0">
      <mem type="soa" free="876032" total="1356700672" percent="0" />
      <mem type="loa" free="86598656" total="86598656" percent="100" />
    </mem>
    <remembered-set count="32851" />
  </mem-info>
</gc-end>
<cycle-end id="2499" type="scavenge" contextid="2493" timestamp="2020-09-11T12:55:45.249" />
<allocation-satisfied id="2500" threadId="0000000000A8C100" bytesRequested="48" />
<af-end id="2501" timestamp="2020-09-11T12:55:45.249" threadId="0000000000A8CA80" success="true" from="nursery"/>
<exclusive-end id="2502" timestamp="2020-09-11T12:55:45.249" durationms="121.218" />

<exclusive-start id="2503" timestamp="2020-09-11T12:55:47.178" intervalms="2050.551">
  <response-info timems="1.204" idlems="1.204" threads="0" lastid="000000000086AF00" lastname="Group1.Backend.CompositeBackend{Tier1}.5" />
</exclusive-start>
<af-start id="2504" threadId="000000000086B880" totalBytesRequested="16" timestamp="2020-09-11T12:55:47.180" intervalms="2051.096" type="nursery" />
<cycle-start id="2505" type="scavenge" contextid="0" timestamp="2020-09-11T12:55:47.181" intervalms="2051.942" />
<gc-start id="2506" type="scavenge" contextid="2505" timestamp="2020-09-11T12:55:47.181">
  <mem-info id="2507" free="87474688" total="2382823424" percent="3">
    <mem type="nursery" free="0" total="939524096" percent="0">
      <mem type="allocate" free="0" total="810156032" percent="0" />
      <mem type="survivor" free="0" total="129368064" percent="0" />
    </mem>
    <mem type="tenure" free="87474688" total="1443299328" percent="6">
      <mem type="soa" free="876032" total="1356700672" percent="0" />
      <mem type="loa" free="86598656" total="86598656" percent="100" />
    </mem>
    <remembered-set count="195401" />
  </mem-info>
</gc-start>
<allocation-stats totalBytes="698580864" >
  <allocated-bytes non-tlh="37130472" tlh="661450392" />
  <largest-consumer threadName="Group1.Backend.CompositeBackend{Tier1}.8" threadId="00000000008DD200" bytes="97038408" />
</allocation-stats>
<gc-op id="2508" type="scavenge" timems="196.946" contextid="2505" timestamp="2020-09-11T12:55:47.379">
  <scavenger-info tenureage="3" tenuremask="7ff8" tiltratio="86" />
  <memory-copied type="nursery" objects="4328232" bytes="115514208" bytesdiscarded="196664" />
  <memory-copied type="tenure" objects="1109278" bytes="29818296" bytesdiscarded="11504" />
  <ownableSynchronizers candidates="6401" cleared="5260" />
  <references type="soft" candidates="899" cleared="0" enqueued="0" dynamicThreshold="12" maxThreshold="32" />
  <references type="weak" candidates="117" cleared="117" enqueued="0" />
  <heap-resize type="expand" space="tenure" amount="31457280" count="30" timems="16.422" reason="continue current collection" />
</gc-op>
<gc-end id="2509" type="scavenge" contextid="2505" durationms="198.681" usertimems="1363.999" systemtimems="61.718" timestamp="2020-09-11T12:55:47.380" activeThreads="8">
  <mem-info id="2510" free="779304832" total="2414280704" percent="32">
    <mem type="nursery" free="690168448" total="939524096" percent="73">
      <mem type="allocate" free="690168448" total="805961728" percent="85" />
      <mem type="survivor" free="0" total="133562368" percent="0" />
    </mem>
    <mem type="tenure" free="89136384" total="1474756608" percent="6" macro-fragmented="19260884">
      <mem type="soa" free="650496" total="1386270720" percent="0" />
      <mem type="loa" free="88485888" total="88485888" percent="100" />
    </mem>
    <remembered-set count="31740" />
  </mem-info>
</gc-end>
<cycle-end id="2511" type="scavenge" contextid="2505" timestamp="2020-09-11T12:55:47.384" />
<allocation-satisfied id="2512" threadId="000000000086AF00" bytesRequested="16" />
<af-end id="2513" timestamp="2020-09-11T12:55:47.384" threadId="000000000086B880" success="true" from="nursery"/>
<exclusive-end id="2514" timestamp="2020-09-11T12:55:47.384" durationms="205.545" />

<exclusive-start id="2515" timestamp="2020-09-11T12:55:49.363" intervalms="2184.175">
  <response-info timems="10.775" idlems="10.775" threads="0" lastid="000000000078C200" lastname="Group1.Backend.CompositeBackend{Tier1}.1" />
</exclusive-start>
<af-start id="2516" threadId="000000000078CB80" totalBytesRequested="16" timestamp="2020-09-11T12:55:49.364" intervalms="2183.887" type="nursery" />
<cycle-start id="2517" type="scavenge" contextid="0" timestamp="2020-09-11T12:55:49.364" intervalms="2183.389" />
<gc-start id="2518" type="scavenge" contextid="2517" timestamp="2020-09-11T12:55:49.365">
  <mem-info id="2519" free="89136384" total="2414280704" percent="3">
    <mem type="nursery" free="0" total="939524096" percent="0">
      <mem type="allocate" free="0" total="805961728" percent="0" />
      <mem type="survivor" free="0" total="133562368" percent="0" />
    </mem>
    <mem type="tenure" free="89136384" total="1474756608" percent="6">
      <mem type="soa" free="650496" total="1386270720" percent="0" />
      <mem type="loa" free="88485888" total="88485888" percent="100" />
    </mem>
    <remembered-set count="196837" />
  </mem-info>
</gc-start>
<allocation-stats totalBytes="689821608" >
  <allocated-bytes non-tlh="29671104" tlh="660150504" />
  <largest-consumer threadName="Group1.Backend.CompositeBackend{Tier1}.5" threadId="000000000086AF00" bytes="96552600" />
</allocation-stats>
<gc-op id="2520" type="scavenge" timems="168.695" contextid="2517" timestamp="2020-09-11T12:55:49.534">
  <scavenger-info tenureage="3" tenuremask="7ff8" tiltratio="85" />
  <memory-copied type="nursery" objects="4789265" bytes="125712616" bytesdiscarded="226080" />
  <memory-copied type="tenure" objects="1062996" bytes="28573824" bytesdiscarded="13272" />
  <ownableSynchronizers candidates="5881" cleared="4792" />
  <references type="soft" candidates="925" cleared="0" enqueued="0" dynamicThreshold="12" maxThreshold="32" />
  <references type="weak" candidates="114" cleared="114" enqueued="0" />
  <heap-resize type="expand" space="tenure" amount="30408704" count="29" timems="11.509" reason="continue current collection" />
</gc-op>
<gc-end id="2521" type="scavenge" contextid="2517" durationms="169.938" usertimems="1284.022" systemtimems="16.604" timestamp="2020-09-11T12:55:49.535" activeThreads="8">
  <mem-info id="2522" free="756066048" total="2444689408" percent="30">
    <mem type="nursery" free="664991488" total="939524096" percent="70">
      <mem type="allocate" free="664991488" total="791019520" percent="84" />
      <mem type="survivor" free="0" total="148504576" percent="0" />
    </mem>
    <mem type="tenure" free="91074560" total="1505165312" percent="6" macro-fragmented="19260884">
      <mem type="soa" free="763904" total="1414854656" percent="0" />
      <mem type="loa" free="90310656" total="90310656" percent="100" />
    </mem>
    <remembered-set count="32016" />
  </mem-info>
</gc-end>
<cycle-end id="2523" type="scavenge" contextid="2517" timestamp="2020-09-11T12:55:49.537" />
<allocation-satisfied id="2524" threadId="000000000078C200" bytesRequested="16" />
<af-end id="2525" timestamp="2020-09-11T12:55:49.537" threadId="000000000078CB80" success="true" from="nursery"/>
<exclusive-end id="2526" timestamp="2020-09-11T12:55:49.537" durationms="174.231" />

<exclusive-start id="2527" timestamp="2020-09-11T12:55:51.308" intervalms="1945.080">
  <response-info timems="0.554" idlems="0.177" threads="3" lastid="0000000000863200" lastname="Group1.Backend.CompositeBackend{Tier1}.4" />
</exclusive-start>
<af-start id="2528" threadId="0000000000A98780" totalBytesRequested="40" timestamp="2020-09-11T12:55:51.308" intervalms="1944.751" type="nursery" />
<cycle-start id="2529" type="scavenge" contextid="0" timestamp="2020-09-11T12:55:51.309" intervalms="1944.403" />
<gc-start id="2530" type="scavenge" contextid="2529" timestamp="2020-09-11T12:55:51.309">
  <mem-info id="2531" free="91074560" total="2444689408" percent="3">
    <mem type="nursery" free="0" total="939524096" percent="0">
      <mem type="allocate" free="0" total="791019520" percent="0" />
      <mem type="survivor" free="0" total="148504576" percent="0" />
    </mem>
    <mem type="tenure" free="91074560" total="1505165312" percent="6">
      <mem type="soa" free="763904" total="1414854656" percent="0" />
      <mem type="loa" free="90310656" total="90310656" percent="100" />
    </mem>
    <remembered-set count="191535" />
  </mem-info>
</gc-start>
<allocation-stats totalBytes="664679744" >
  <allocated-bytes non-tlh="36177416" tlh="628502328" />
  <largest-consumer threadName="Group1.Backend.CompositeBackend{Tier1}.8" threadId="00000000008DD200" bytes="99921328" />
</allocation-stats>
<gc-op id="2532" type="scavenge" timems="149.151" contextid="2529" timestamp="2020-09-11T12:55:51.458">
  <scavenger-info tenureage="3" tenuremask="7ff8" tiltratio="84" />
  <memory-copied type="nursery" objects="4335039" bytes="115298920" bytesdiscarded="147536" />
  <memory-copied type="tenure" objects="1137969" bytes="30631016" bytesdiscarded="10088" />
  <ownableSynchronizers candidates="5259" cleared="4167" />
  <references type="soft" candidates="818" cleared="0" enqueued="0" dynamicThreshold="12" maxThreshold="32" />
  <references type="weak" candidates="124" cleared="123" enqueued="0" />
  <heap-resize type="expand" space="tenure" amount="32505856" count="31" timems="14.832" reason="continue current collection" />
</gc-op>
<gc-end id="2533" type="scavenge" contextid="2529" durationms="150.559" usertimems="1081.708" systemtimems="6.214" timestamp="2020-09-11T12:55:51.459" activeThreads="8">
  <mem-info id="2534" free="769816528" total="2477195264" percent="31">
    <mem type="nursery" free="676996304" total="939524096" percent="72">
      <mem type="allocate" free="676996304" total="792526848" percent="85" />
      <mem type="survivor" free="0" total="146997248" percent="0" />
    </mem>
    <mem type="tenure" free="92820224" total="1537671168" percent="6" macro-fragmented="0">
      <mem type="soa" free="559872" total="1445410816" percent="0" />
      <mem type="loa" free="92260352" total="92260352" percent="100" />
    </mem>
    <remembered-set count="32789" />
  </mem-info>
</gc-end>
<cycle-end id="2535" type="scavenge" contextid="2529" timestamp="2020-09-11T12:55:51.464" />
<allocation-satisfied id="2536" threadId="0000000000A97E00" bytesRequested="40" />
<af-end id="2537" timestamp="2020-09-11T12:55:51.464" threadId="0000000000A98780" success="true" from="nursery"/>
<exclusive-end id="2538" timestamp="2020-09-11T12:55:51.464" durationms="156.779" />

<exclusive-start id="2539" timestamp="2020-09-11T12:55:53.312" intervalms="2004.358">
  <response-info timems="5.664" idlems="5.664" threads="0" lastid="0000000000819400" lastname="Group1.Backend.CompositeBackend{Tier1}.3" />
</exclusive-start>
<af-start id="2540" threadId="0000000000819D80" totalBytesRequested="24" timestamp="2020-09-11T12:55:53.314" intervalms="2005.087" type="nursery" />
<cycle-start id="2541" type="scavenge" contextid="0" timestamp="2020-09-11T12:55:53.314" intervalms="2005.108" />
<gc-start id="2542" type="scavenge" contextid="2541" timestamp="2020-09-11T12:55:53.314">
  <mem-info id="2543" free="92820224" total="2477195264" percent="3">
    <mem type="nursery" free="0" total="939524096" percent="0">
      <mem type="allocate" free="0" total="792526848" percent="0" />
      <mem type="survivor" free="0" total="146997248" percent="0" />
    </mem>
    <mem type="tenure" free="92820224" total="1537671168" percent="6">
      <mem type="soa" free="559872" total="1445410816" percent="0" />
      <mem type="loa" free="92260352" total="92260352" percent="100" />
    </mem>
    <remembered-set count="192131" />
  </mem-info>
</gc-start>
<allocation-stats totalBytes="676695808" >
  <allocated-bytes non-tlh="34868048" tlh="641827760" />
  <largest-consumer threadName="Group1.Backend.CompositeBackend{Tier1}.6" threadId="000000000088B400" bytes="97976200" />
</allocation-stats>
<gc-op id="2544" type="scavenge" timems="181.960" contextid="2541" timestamp="2020-09-11T12:55:53.496">
  <scavenger-info tenureage="3" tenuremask="7ff8" tiltratio="84" />
  <memory-copied type="nursery" objects="4160451" bytes="110741976" bytesdiscarded="177864" />
  <memory-copied type="tenure" objects="1080453" bytes="29045728" bytesdiscarded="9560" />
  <ownableSynchronizers candidates="5313" cleared="4347" />
  <references type="soft" candidates="774" cleared="0" enqueued="0" dynamicThreshold="12" maxThreshold="32" />
  <references type="weak" candidates="127" cleared="127" enqueued="0" />
  <heap-resize type="expand" space="tenure" amount="31457280" count="30" timems="13.772" reason="continue current collection" />
</gc-op>
<gc-end id="2545" type="scavenge" contextid="2541" durationms="183.499" usertimems="1283.473" systemtimems="44.482" timestamp="2020-09-11T12:55:53.497" activeThreads="8">
  <mem-info id="2546" free="780207352" total="2508652544" percent="31">
    <mem type="nursery" free="685128184" total="939524096" percent="72">
      <mem type="allocate" free="685128184" total="796131328" percent="86" />
      <mem type="survivor" free="0" total="143392768" percent="0" />
    </mem>
    <mem type="tenure" free="95079168" total="1569128448" percent="6" macro-fragmented="0">
      <mem type="soa" free="930560" total="1474979840" percent="0" />
      <mem type="loa" free="94148608" total="94148608" percent="100" />
    </mem>
    <remembered-set count="31848" />
  </mem-info>
</gc-end>
<cycle-end id="2547" type="scavenge" contextid="2541" timestamp="2020-09-11T12:55:53.499" />
<allocation-satisfied id="2548" threadId="0000000000819400" bytesRequested="24" />
<af-end id="2549" timestamp="2020-09-11T12:55:53.499" threadId="0000000000819D80" success="true" from="nursery"/>
<exclusive-end id="2550" timestamp="2020-09-11T12:55:53.499" durationms="186.866" />

<exclusive-start id="2551" timestamp="2020-09-11T12:55:55.434" intervalms="2121.645">
  <response-info timems="3.472" idlems="3.472" threads="0" lastid="00000000008C3100" lastname="Group1.Backend.CompositeBackend{Tier1}.7" />
</exclusive-start>
<af-start id="2552" threadId="00000000008C3A80" totalBytesRequested="664" timestamp="2020-09-11T12:55:55.435" intervalms="2121.130" type="nursery" />
<cycle-start id="2553" type="scavenge" contextid="0" timestamp="2020-09-11T12:55:55.435" intervalms="2121.124" />
<gc-start id="2554" type="scavenge" contextid="2553" timestamp="2020-09-11T12:55:55.435">
  <mem-info id="2555" free="95079168" total="2508652544" percent="3">
    <mem type="nursery" free="0" total="939524096" percent="0">
      <mem type="allocate" free="0" total="796131328" percent="0" />
      <mem type="survivor" free="0" total="143392768" percent="0" />
    </mem>
    <mem type="tenure" free="95079168" total="1569128448" percent="6">
      <mem type="soa" free="930560" total="1474979840" percent="0" />
      <mem type="loa" free="94148608" total="94148608" percent="100" />
    </mem>
    <remembered-set count="195510" />
  </mem-info>
</gc-start>
<allocation-stats totalBytes="684780592" >
  <allocated-bytes non-tlh="30696144" tlh="654084448" />
  <largest-consumer threadName="Group1.Backend.CompositeBackend{Tier1}.1" threadId="000000000078C200" bytes="106959992" />
</allocation-stats>
<gc-op id="2556" type="scavenge" timems="118.743" contextid="2553" timestamp="2020-09-11T12:55:55.554">
  <scavenger-info tenureage="3" tenuremask="7ff8" tiltratio="84" />
  <memory-copied type="nursery" objects="4303217" bytes="114401968" bytesdiscarded="257488" />
  <memory-copied type="tenure" objects="1101159" bytes="29606696" bytesdiscarded="9936" />
  <ownableSynchronizers candidates="5300" cleared="4394" />
  <references type="soft" candidates="758" cleared="0" enqueued="0" dynamicThreshold="12" maxThreshold="32" />
  <references type="weak" candidates="127" cleared="127" enqueued="0" />
  <heap-resize type="expand" space="tenure" amount="31457280" count="30" timems="10.791" reason="continue current collection" />
</gc-op>
<gc-end id="2557" type="scavenge" contextid="2553" durationms="119.785" usertimems="858.382" systemtimems="0.000" timestamp="2020-09-11T12:55:55.555" activeThreads="8">
  <mem-info id="2558" free="780552936" total="2540109824" percent="30">
    <mem type="nursery" free="683610344" total="939524096" percent="72">
      <mem type="allocate" free="683610344" total="798359552" percent="85" />
      <mem type="survivor" free="0" total="141164544" percent="0" />
    </mem>
    <mem type="tenure" free="96942592" total="1600585728" percent="6" macro-fragmented="0">
      <mem type="soa" free="906752" total="1504549888" percent="0" />
      <mem type="loa" free="96035840" total="96035840" percent="100" />
    </mem>
    <remembered-set count="31299" />
  </mem-info>
</gc-end>
<cycle-end id="2559" type="scavenge" contextid="2553" timestamp="2020-09-11T12:55:55.556" />
<allocation-satisfied id="2560" threadId="00000000008C3100" bytesRequested="664" />
<af-end id="2561" timestamp="2020-09-11T12:55:55.556" threadId="00000000008C3A80" success="true" from="nursery"/>
<exclusive-end id="2562" timestamp="2020-09-11T12:55:55.556" durationms="122.499" />

<exclusive-start id="2563" timestamp="2020-09-11T12:55:57.544" intervalms="2110.600">
  <response-info timems="13.025" idlems="13.025" threads="0" lastid="00000000008DD200" lastname="Group1.Backend.CompositeBackend{Tier1}.8" />
</exclusive-start>
<af-start id="2564" threadId="00000000008DDB80" totalBytesRequested="16" timestamp="2020-09-11T12:55:57.545" intervalms="2110.560" type="nursery" />
<cycle-start id="2565" type="scavenge" contextid="0" timestamp="2020-09-11T12:55:57.545" intervalms="2110.567" />
<gc-start id="2566" type="scavenge" contextid="2565" timestamp="2020-09-11T12:55:57.546">
  <mem-info id="2567" free="96942592" total="2540109824" percent="3">
    <mem type="nursery" free="0" total="939524096" percent="0">
      <mem type="allocate" free="0" total="798359552" percent="0" />
      <mem type="survivor" free="0" total="141164544" percent="0" />
    </mem>
    <mem type="tenure" free="96942592" total="1600585728" percent="6">
      <mem type="soa" free="906752" total="1504549888" percent="0" />
      <mem type="loa" free="96035840" total="96035840" percent="100" />
    </mem>
    <remembered-set count="194259" />
  </mem-info>
</gc-start>
<allocation-stats totalBytes="683287264" >
  <allocated-bytes non-tlh="31429216" tlh="651858048" />
  <largest-consumer threadName="Group1.Backend.CompositeBackend{Tier1}.8" threadId="00000000008DD200" bytes="110308744" />
</allocation-stats>
<gc-op id="2568" type="scavenge" timems="155.616" contextid="2565" timestamp="2020-09-11T12:55:57.701">
  <scavenger-info tenureage="3" tenuremask="7ff8" tiltratio="84" />
  <memory-copied type="nursery" objects="4019927" bytes="107981104" bytesdiscarded="226760" />
  <memory-copied type="tenure" objects="1054283" bytes="28329256" bytesdiscarded="11120" />
  <ownableSynchronizers candidates="6059" cleared="5136" />
  <references type="soft" candidates="802" cleared="0" enqueued="0" dynamicThreshold="12" maxThreshold="32" />
  <references type="weak" candidates="123" cleared="123" enqueued="0" />
  <heap-resize type="expand" space="tenure" amount="29360128" count="28" timems="18.730" reason="continue current collection" />
</gc-op>
<gc-end id="2569" type="scavenge" contextid="2565" durationms="157.022" usertimems="1093.219" systemtimems="37.012" timestamp="2020-09-11T12:55:57.703" activeThreads="8">
  <mem-info id="2570" free="790417664" total="2569469952" percent="30">
    <mem type="nursery" free="692616704" total="939524096" percent="73">
      <mem type="allocate" free="692616704" total="800915456" percent="86" />
      <mem type="survivor" free="0" total="138608640" percent="0" />
    </mem>
    <mem type="tenure" free="97800960" total="1629945856" percent="6" macro-fragmented="0">
      <mem type="soa" free="3840" total="1532148736" percent="0" />
      <mem type="loa" free="97797120" total="97797120" percent="100" />
    </mem>
    <remembered-set count="29658" />
  </mem-info>
</gc-end>
<cycle-end id="2571" type="scavenge" contextid="2565" timestamp="2020-09-11T12:55:57.704" />
<allocation-satisfied id="2572" threadId="00000000008DD200" bytesRequested="16" />
<af-end id="2573" timestamp="2020-09-11T12:55:57.704" threadId="00000000008DDB80" success="true" from="nursery"/>
<exclusive-end id="2574" timestamp="2020-09-11T12:55:57.704" durationms="160.168" />

<exclusive-start id="2575" timestamp="2020-09-11T12:55:59.610" intervalms="2065.854">
  <response-info timems="0.684" idlems="0.451" threads="1" lastid="00000000008DD200" lastname="Group1.Backend.CompositeBackend{Tier1}.8" />
</exclusive-start>
<af-start id="2576" threadId="0000000000A98780" totalBytesRequested="80" timestamp="2020-09-11T12:55:59.611" intervalms="2065.803" type="nursery" />
<cycle-start id="2577" type="scavenge" contextid="0" timestamp="2020-09-11T12:55:59.611" intervalms="2065.806" />
<gc-start id="2578" type="scavenge" contextid="2577" timestamp="2020-09-11T12:55:59.612">
  <mem-info id="2579" free="97800960" total="2569469952" percent="3">
    <mem type="nursery" free="0" total="939524096" percent="0">
      <mem type="allocate" free="0" total="800915456" percent="0" />
      <mem type="survivor" free="0" total="138608640" percent="0" />
    </mem>
    <mem type="tenure" free="97800960" total="1629945856" percent="6">
      <mem type="soa" free="3840" total="1532148736" percent="0" />
      <mem type="loa" free="97797120" total="97797120" percent="100" />
    </mem>
    <remembered-set count="191206" />
  </mem-info>
</gc-start>
<allocation-stats totalBytes="692273488" >
  <allocated-bytes non-tlh="33767640" tlh="658505848" />
  <largest-consumer threadName="Group1.Backend.CompositeBackend{Tier1}.3" threadId="0000000000819400" bytes="122623016" />
</allocation-stats>
<gc-op id="2580" type="scavenge" timems="123.164" contextid="2577" timestamp="2020-09-11T12:55:59.735">
  <scavenger-info tenureage="3" tenuremask="7ff8" tiltratio="85" />
  <memory-copied type="nursery" objects="4049358" bytes="108763944" bytesdiscarded="195528" />
  <memory-copied type="tenure" objects="1045950" bytes="28122936" bytesdiscarded="11968" />
  <ownableSynchronizers candidates="5819" cleared="4874" />
  <references type="soft" candidates="829" cleared="0" enqueued="0" dynamicThreshold="12" maxThreshold="32" />
  <references type="weak" candidates="119" cleared="118" enqueued="0" />
  <heap-resize type="expand" space="tenure" amount="30408704" count="29" timems="12.307" reason="continue current collection" />
</gc-op>
<gc-end id="2581" type="scavenge" contextid="2577" durationms="124.295" usertimems="832.808" systemtimems="26.208" timestamp="2020-09-11T12:55:59.736" activeThreads="8">
  <mem-info id="2582" free="795408896" total="2599878656" percent="30">
    <mem type="nursery" free="695086080" total="939524096" percent="73">
      <mem type="allocate" free="695086080" total="804126720" percent="86" />
      <mem type="survivor" free="0" total="135397376" percent="0" />
    </mem>
    <mem type="tenure" free="100322816" total="1660354560" percent="6" macro-fragmented="0">
      <mem type="soa" free="700928" total="1560732672" percent="0" />
      <mem type="loa" free="99621888" total="99621888" percent="100" />
    </mem>
    <remembered-set count="29407" />
  </mem-info>
</gc-end>
<cycle-end id="2583" type="scavenge" contextid="2577" timestamp="2020-09-11T12:55:59.737" />
<allocation-satisfied id="2584" threadId="0000000000A97E00" bytesRequested="80" />
<af-end id="2585" timestamp="2020-09-11T12:55:59.737" threadId="0000000000A98780" success="true" from="nursery"/>
<exclusive-end id="2586" timestamp="2020-09-11T12:55:59.737" durationms="126.804" />

<exclusive-start id="2587" timestamp="2020-09-11T12:56:01.765" intervalms="2155.180">
  <response-info timems="0.624" idlems="0.624" threads="0" lastid="0000000000764400" lastname="Controller" />
</exclusive-start>
<af-start id="2588" threadId="0000000000764D80" totalBytesRequested="32" timestamp="2020-09-11T12:56:01.766" intervalms="2155.052" type="nursery" />
<cycle-start id="2589" type="scavenge" contextid="0" timestamp="2020-09-11T12:56:01.766" intervalms="2155.030" />
<gc-start id="2590" type="scavenge" contextid="2589" timestamp="2020-09-11T12:56:01.767">
  <mem-info id="2591" free="100322816" total="2599878656" percent="3">
    <mem type="nursery" free="0" total="939524096" percent="0">
      <mem type="allocate" free="0" total="804126720" percent="0" />
      <mem type="survivor" free="0" total="135397376" percent="0" />
    </mem>
    <mem type="tenure" free="100322816" total="1660354560" percent="6">
      <mem type="soa" free="700928" total="1560732672" percent="0" />
      <mem type="loa" free="99621888" total="99621888" percent="100" />
    </mem>
    <remembered-set count="195728" />
  </mem-info>
</gc-start>
<allocation-stats totalBytes="694746312" >
  <allocated-bytes non-tlh="31577904" tlh="663168408" />
  <largest-consumer threadName="Group1.Backend.CompositeBackend{Tier1}.3" threadId="0000000000819400" bytes="133951024" />
</allocation-stats>
<gc-op id="2592" type="scavenge" timems="120.630" contextid="2589" timestamp="2020-09-11T12:56:01.887">
  <scavenger-info tenureage="3" tenuremask="7ff8" tiltratio="85" />
  <memory-copied type="nursery" objects="4188139" bytes="112136512" bytesdiscarded="241456" />
  <memory-copied type="tenure" objects="1097765" bytes="29520048" bytesdiscarded="10976" />
  <ownableSynchronizers candidates="4707" cleared="3804" />
  <references type="soft" candidates="799" cleared="0" enqueued="0" dynamicThreshold="12" maxThreshold="32" />
  <references type="weak" candidates="99" cleared="99" enqueued="0" />
  <heap-resize type="expand" space="tenure" amount="31457280" count="30" timems="11.277" reason="continue current collection" />
</gc-op>
<gc-end id="2593" type="scavenge" contextid="2589" durationms="122.139" usertimems="892.939" systemtimems="12.361" timestamp="2020-09-11T12:56:01.889" activeThreads="8">
  <mem-info id="2594" free="794817784" total="2631335936" percent="30">
    <mem type="nursery" free="692840952" total="939524096" percent="73">
      <mem type="allocate" free="692840952" total="805306368" percent="86" />
      <mem type="survivor" free="0" total="134217728" percent="0" />
    </mem>
    <mem type="tenure" free="101976832" total="1691811840" percent="6" macro-fragmented="0">
      <mem type="soa" free="467712" total="1590302720" percent="0" />
      <mem type="loa" free="101509120" total="101509120" percent="100" />
    </mem>
    <remembered-set count="31052" />
  </mem-info>
</gc-end>
<cycle-end id="2595" type="scavenge" contextid="2589" timestamp="2020-09-11T12:56:01.890" />
<allocation-satisfied id="2596" threadId="0000000000764400" bytesRequested="32" />
<af-end id="2597" timestamp="2020-09-11T12:56:01.890" threadId="0000000000764D80" success="true" from="nursery"/>
<exclusive-end id="2598" timestamp="2020-09-11T12:56:01.890" durationms="124.940" />

<exclusive-start id="2599" timestamp="2020-09-11T12:56:03.870" intervalms="2104.582">
  <response-info timems="1.446" idlems="1.446" threads="0" lastid="00000000008DD200" lastname="Group1.Backend.CompositeBackend{Tier1}.8" />
</exclusive-start>
<af-start id="2600" threadId="00000000008DDB80" totalBytesRequested="24" timestamp="2020-09-11T12:56:03.871" intervalms="2104.578" type="nursery" />
<cycle-start id="2601" type="scavenge" contextid="0" timestamp="2020-09-11T12:56:03.871" intervalms="2104.653" />
<gc-start id="2602" type="scavenge" contextid="2601" timestamp="2020-09-11T12:56:03.871">
  <mem-info id="2603" free="101976832" total="2631335936" percent="3">
    <mem type="nursery" free="0" total="939524096" percent="0">
      <mem type="allocate" free="0" total="805306368" percent="0" />
      <mem type="survivor" free="0" total="134217728" percent="0" />
    </mem>
    <mem type="tenure" free="101976832" total="1691811840" percent="6">
      <mem type="soa" free="467712" total="1590302720" percent="0" />
      <mem type="loa" free="101509120" total="101509120" percent="100" />
    </mem>
    <remembered-set count="195758" />
  </mem-info>
</gc-start>
<allocation-stats totalBytes="692494344" >
  <allocated-bytes non-tlh="33587672" tlh="658906672" />
  <largest-consumer threadName="Group1.Backend.CompositeBackend{Tier1}.3" threadId="0000000000819400" bytes="126242976" />
</allocation-stats>
<gc-op id="2604" type="scavenge" timems="151.497" contextid="2601" timestamp="2020-09-11T12:56:04.023">
  <scavenger-info tenureage="3" tenuremask="7ff8" tiltratio="85" />
  <memory-copied type="nursery" objects="4526876" bytes="120058264" bytesdiscarded="221280" />
  <memory-copied type="tenure" objects="1103894" bytes="29692712" bytesdiscarded="8368" />
  <ownableSynchronizers candidates="3733" cleared="2922" />
  <references type="soft" candidates="693" cleared="0" enqueued="0" dynamicThreshold="12" maxThreshold="32" />
  <references type="weak" candidates="127" cleared="127" enqueued="0" />
  <heap-resize type="expand" space="tenure" amount="31457280" count="30" timems="11.035" reason="continue current collection" />
</gc-op>
<gc-end id="2605" type="scavenge" contextid="2601" durationms="153.265" usertimems="1087.287" systemtimems="31.526" timestamp="2020-09-11T12:56:04.024" activeThreads="8">
  <mem-info id="2606" free="781402016" total="2662793216" percent="29">
    <mem type="nursery" free="677597088" total="939524096" percent="72">
      <mem type="allocate" free="677597088" total="797966336" percent="84" />
      <mem type="survivor" free="0" total="141557760" percent="0" />
    </mem>
    <mem type="tenure" free="103804928" total="1723269120" percent="6" macro-fragmented="10920">
      <mem type="soa" free="408576" total="1619872768" percent="0" />
      <mem type="loa" free="103396352" total="103396352" percent="100" />
    </mem>
    <remembered-set count="32340" />
  </mem-info>
</gc-end>
<cycle-end id="2607" type="scavenge" contextid="2601" timestamp="2020-09-11T12:56:04.026" />
<allocation-satisfied id="2608" threadId="00000000008DD200" bytesRequested="24" />
<af-end id="2609" timestamp="2020-09-11T12:56:04.026" threadId="00000000008DDB80" success="true" from="nursery"/>
<exclusive-end id="2610" timestamp="2020-09-11T12:56:04.026" durationms="155.978" />

<exclusive-start id="2611" timestamp="2020-09-11T12:56:05.920" intervalms="2050.433">
  <response-info timems="0.733" idlems="0.733" threads="0" lastid="000000000078C200" lastname="Group1.Backend.CompositeBackend{Tier1}.1" />
</exclusive-start>
<af-start id="2612" threadId="000000000078CB80" totalBytesRequested="40" timestamp="2020-09-11T12:56:05.921" intervalms="2050.473" type="nursery" />
<cycle-start id="2613" type="scavenge" contextid="0" timestamp="2020-09-11T12:56:05.921" intervalms="2050.384" />
<gc-start id="2614" type="scavenge" contextid="2613" timestamp="2020-09-11T12:56:05.922">
  <mem-info id="2615" free="103804928" total="2662793216" percent="3">
    <mem type="nursery" free="0" total="939524096" percent="0">
      <mem type="allocate" free="0" total="797966336" percent="0" />
      <mem type="survivor" free="0" total="141557760" percent="0" />
    </mem>
    <mem type="tenure" free="103804928" total="1723269120" percent="6">
      <mem type="soa" free="408576" total="1619872768" percent="0" />
      <mem type="loa" free="103396352" total="103396352" percent="100" />
    </mem>
    <remembered-set count="194879" />
  </mem-info>
</gc-start>
<allocation-stats totalBytes="677278808" >
  <allocated-bytes non-tlh="33061200" tlh="644217608" />
  <largest-consumer threadName="Group1.Backend.CompositeBackend{Tier1}.8" threadId="00000000008DD200" bytes="115902712" />
</allocation-stats>
<gc-op id="2616" type="scavenge" timems="175.389" contextid="2613" timestamp="2020-09-11T12:56:06.097">
  <scavenger-info tenureage="3" tenuremask="7ff8" tiltratio="84" />
  <memory-copied type="nursery" objects="4596459" bytes="121275280" bytesdiscarded="273768" />
  <memory-copied type="tenure" objects="1074156" bytes="28886320" bytesdiscarded="10952" />
  <ownableSynchronizers candidates="5097" cleared="4352" />
  <references type="soft" candidates="656" cleared="0" enqueued="0" dynamicThreshold="12" maxThreshold="32" />
  <references type="weak" candidates="118" cleared="118" enqueued="0" />
  <heap-resize type="expand" space="tenure" amount="30408704" count="29" timems="15.250" reason="continue current collection" />
</gc-op>
<gc-end id="2617" type="scavenge" contextid="2613" durationms="177.028" usertimems="1185.378" systemtimems="50.750" timestamp="2020-09-11T12:56:06.098" activeThreads="8">
  <mem-info id="2618" free="785239464" total="2693201920" percent="29">
    <mem type="nursery" free="679804072" total="939524096" percent="72">
      <mem type="allocate" free="679804072" total="801439744" percent="84" />
      <mem type="survivor" free="0" total="138084352" percent="0" />
    </mem>
    <mem type="tenure" free="105435392" total="1753677824" percent="6" macro-fragmented="27735676">
      <mem type="soa" free="214272" total="1648456704" percent="0" />
      <mem type="loa" free="105221120" total="105221120" percent="100" />
    </mem>
    <remembered-set count="33138" />
  </mem-info>
</gc-end>
<cycle-end id="2619" type="scavenge" contextid="2613" timestamp="2020-09-11T12:56:06.101" />
<allocation-satisfied id="2620" threadId="000000000078C200" bytesRequested="40" />
<af-end id="2621" timestamp="2020-09-11T12:56:06.102" threadId="000000000078CB80" success="true" from="nursery"/>
<exclusive-end id="2622" timestamp="2020-09-11T12:56:06.102" durationms="181.262" />

<exclusive-start id="2623" timestamp="2020-09-11T12:56:08.089" intervalms="2169.078">
  <response-info timems="0.471" idlems="0.471" threads="0" lastid="000000000088B400" lastname="Group1.Backend.CompositeBackend{Tier1}.6" />
</exclusive-start>
<af-start id="2624" threadId="000000000088BD80" totalBytesRequested="16" timestamp="2020-09-11T12:56:08.090" intervalms="2169.043" type="nursery" />
<cycle-start id="2625" type="scavenge" contextid="0" timestamp="2020-09-11T12:56:08.090" intervalms="2169.067" />
<gc-start id="2626" type="scavenge" contextid="2625" timestamp="2020-09-11T12:56:08.091">
  <mem-info id="2627" free="105435392" total="2693201920" percent="3">
    <mem type="nursery" free="0" total="939524096" percent="0">
      <mem type="allocate" free="0" total="801439744" percent="0" />
      <mem type="survivor" free="0" total="138084352" percent="0" />
    </mem>
    <mem type="tenure" free="105435392" total="1753677824" percent="6">
      <mem type="soa" free="214272" total="1648456704" percent="0" />
      <mem type="loa" free="105221120" total="105221120" percent="100" />
    </mem>
    <remembered-set count="197924" />
  </mem-info>
</gc-start>
<allocation-stats totalBytes="679466240" >
  <allocated-bytes non-tlh="26841640" tlh="652624600" />
  <largest-consumer threadName="Group1.Backend.CompositeBackend{Tier1}.6" threadId="000000000088B400" bytes="162217904" />
</allocation-stats>
<gc-op id="2628" type="scavenge" timems="116.480" contextid="2625" timestamp="2020-09-11T12:56:08.207">
  <scavenger-info tenureage="3" tenuremask="7ff8" tiltratio="85" />
  <memory-copied type="nursery" objects="4294820" bytes="114438968" bytesdiscarded="172064" />
  <memory-copied type="tenure" objects="1140432" bytes="30649968" bytesdiscarded="9184" />
  <ownableSynchronizers candidates="4905" cleared="4216" />
  <references type="soft" candidates="681" cleared="0" enqueued="0" dynamicThreshold="12" maxThreshold="32" />
  <references type="weak" candidates="122" cleared="122" enqueued="0" />
  <heap-resize type="expand" space="tenure" amount="33554432" count="32" timems="13.046" reason="continue current collection" />
</gc-op>
<gc-end id="2629" type="scavenge" contextid="2625" durationms="117.539" usertimems="834.490" systemtimems="0.000" timestamp="2020-09-11T12:56:08.208" activeThreads="8">
  <mem-info id="2630" free="795293944" total="2726756352" percent="29">
    <mem type="nursery" free="687206392" total="939524096" percent="73">
      <mem type="allocate" free="687206392" total="801898496" percent="85" />
      <mem type="survivor" free="0" total="137625600" percent="0" />
    </mem>
    <mem type="tenure" free="108087552" total="1787232256" percent="6" macro-fragmented="0">
      <mem type="soa" free="853248" total="1679997952" percent="0" />
      <mem type="loa" free="107234304" total="107234304" percent="100" />
    </mem>
    <remembered-set count="32488" />
  </mem-info>
</gc-end>
<cycle-end id="2631" type="scavenge" contextid="2625" timestamp="2020-09-11T12:56:08.209" />
<allocation-satisfied id="2632" threadId="000000000088B400" bytesRequested="16" />
<af-end id="2633" timestamp="2020-09-11T12:56:08.209" threadId="000000000088BD80" success="true" from="nursery"/>
<exclusive-end id="2634" timestamp="2020-09-11T12:56:08.209" durationms="120.049" />

<exclusive-start id="2635" timestamp="2020-09-11T12:56:10.128" intervalms="2038.130">
  <response-info timems="1.005" idlems="1.005" threads="0" lastid="000000000078C200" lastname="Group1.Backend.CompositeBackend{Tier1}.1" />
</exclusive-start>
<af-start id="2636" threadId="000000000078CB80" totalBytesRequested="120" timestamp="2020-09-11T12:56:10.128" intervalms="2038.121" type="nursery" />
<cycle-start id="2637" type="scavenge" contextid="0" timestamp="2020-09-11T12:56:10.128" intervalms="2038.130" />
<gc-start id="2638" type="scavenge" contextid="2637" timestamp="2020-09-11T12:56:10.129">
  <mem-info id="2639" free="108087552" total="2726756352" percent="3">
    <mem type="nursery" free="0" total="939524096" percent="0">
      <mem type="allocate" free="0" total="801898496" percent="0" />
      <mem type="survivor" free="0" total="137625600" percent="0" />
    </mem>
    <mem type="tenure" free="108087552" total="1787232256" percent="6">
      <mem type="soa" free="853248" total="1679997952" percent="0" />
      <mem type="loa" free="107234304" total="107234304" percent="100" />
    </mem>
    <remembered-set count="193171" />
  </mem-info>
</gc-start>
<allocation-stats totalBytes="686893560" >
  <allocated-bytes non-tlh="36039176" tlh="650854384" />
  <largest-consumer threadName="Group1.Backend.CompositeBackend{Tier1}.3" threadId="0000000000819400" bytes="112221104" />
</allocation-stats>
<gc-op id="2640" type="scavenge" timems="195.165" contextid="2637" timestamp="2020-09-11T12:56:10.324">
  <scavenger-info tenureage="3" tenuremask="7ff8" tiltratio="85" />
  <memory-copied type="nursery" objects="4093156" bytes="109788816" bytesdiscarded="184480" />
  <memory-copied type="tenure" objects="1099719" bytes="29671584" bytesdiscarded="10280" />
  <ownableSynchronizers candidates="4850" cleared="4148" />
  <references type="soft" candidates="732" cleared="0" enqueued="0" dynamicThreshold="12" maxThreshold="32" />
  <references type="weak" candidates="122" cleared="122" enqueued="0" />
  <heap-resize type="expand" space="tenure" amount="31457280" count="30" timems="17.918" reason="continue current collection" />
</gc-op>
<gc-end id="2641" type="scavenge" contextid="2637" durationms="196.962" usertimems="1289.377" systemtimems="55.955" timestamp="2020-09-11T12:56:10.326" activeThreads="8">
  <mem-info id="2642" free="803565824" total="2758213632" percent="29">
    <mem type="nursery" free="693744640" total="939524096" percent="73">
      <mem type="allocate" free="693744640" total="803799040" percent="86" />
      <mem type="survivor" free="0" total="135725056" percent="0" />
    </mem>
    <mem type="tenure" free="109821184" total="1818689536" percent="6" macro-fragmented="0">
      <mem type="soa" free="699648" total="1709568000" percent="0" />
      <mem type="loa" free="109121536" total="109121536" percent="100" />
    </mem>
    <remembered-set count="30245" />
  </mem-info>
</gc-end>
<cycle-end id="2643" type="scavenge" contextid="2637" timestamp="2020-09-11T12:56:10.327" />
<allocation-satisfied id="2644" threadId="000000000078C200" bytesRequested="120" />
<af-end id="2645" timestamp="2020-09-11T12:56:10.327" threadId="000000000078CB80" success="true" from="nursery"/>
<exclusive-end id="2646" timestamp="2020-09-11T12:56:10.327" durationms="199.809" />

<exclusive-start id="2647" timestamp="2020-09-11T12:56:12.247" intervalms="2119.553">
  <response-info timems="0.926" idlems="0.466" threads="1" lastid="000000000078C200" lastname="Group1.Backend.CompositeBackend{Tier1}.1" />
</exclusive-start>
<af-start id="2648" threadId="00000000008C3A80" totalBytesRequested="16" timestamp="2020-09-11T12:56:12.248" intervalms="2119.514" type="nursery" />
<cycle-start id="2649" type="scavenge" contextid="0" timestamp="2020-09-11T12:56:12.248" intervalms="2119.474" />
<gc-start id="2650" type="scavenge" contextid="2649" timestamp="2020-09-11T12:56:12.248">
  <mem-info id="2651" free="109821184" total="2758213632" percent="3">
    <mem type="nursery" free="0" total="939524096" percent="0">
      <mem type="allocate" free="0" total="803799040" percent="0" />
      <mem type="survivor" free="0" total="135725056" percent="0" />
    </mem>
    <mem type="tenure" free="109821184" total="1818689536" percent="6">
      <mem type="soa" free="699648" total="1709568000" percent="0" />
      <mem type="loa" free="109121536" total="109121536" percent="100" />
    </mem>
    <remembered-set count="194078" />
  </mem-info>
</gc-start>
<allocation-stats totalBytes="693391872" >
  <allocated-bytes non-tlh="32060904" tlh="661330968" />
  <largest-consumer threadName="Group1.Backend.CompositeBackend{Tier1}.3" threadId="0000000000819400" bytes="116720784" />
</allocation-stats>
<gc-op id="2652" type="scavenge" timems="152.100" contextid="2649" timestamp="2020-09-11T12:56:12.400">
  <scavenger-info tenureage="3" tenuremask="7ff8" tiltratio="85" />
  <memory-copied type="nursery" objects="4386080" bytes="117031696" bytesdiscarded="234408" />
  <memory-copied type="tenure" objects="1071138" bytes="28790112" bytesdiscarded="8904" />
  <ownableSynchronizers candidates="5046" cleared="4284" />
  <references type="soft" candidates="744" cleared="0" enqueued="0" dynamicThreshold="12" maxThreshold="32" />
  <references type="weak" candidates="123" cleared="123" enqueued="0" />
  <heap-resize type="expand" space="tenure" amount="30408704" count="29" timems="11.856" reason="continue current collection" />
</gc-op>
<gc-end id="2653" type="scavenge" contextid="2649" durationms="153.656" usertimems="1055.178" systemtimems="8.906" timestamp="2020-09-11T12:56:12.402" activeThreads="8">
  <mem-info id="2654" free="797237216" total="2788622336" percent="28">
    <mem type="nursery" free="685725664" total="939524096" percent="72">
      <mem type="allocate" free="685725664" total="803078144" percent="85" />
      <mem type="survivor" free="0" total="136445952" percent="0" />
    </mem>
    <mem type="tenure" free="111511552" total="1849098240" percent="6" macro-fragmented="0">
      <mem type="soa" free="565248" total="1738151936" percent="0" />
      <mem type="loa" free="110946304" total="110946304" percent="100" />
    </mem>
    <remembered-set count="29121" />
  </mem-info>
</gc-end>
<cycle-end id="2655" type="scavenge" contextid="2649" timestamp="2020-09-11T12:56:12.404" />
<allocation-satisfied id="2656" threadId="00000000008C3100" bytesRequested="16" />
<af-end id="2657" timestamp="2020-09-11T12:56:12.404" threadId="00000000008C3A80" success="true" from="nursery"/>
<exclusive-end id="2658" timestamp="2020-09-11T12:56:12.404" durationms="156.674" />

<exclusive-start id="2659" timestamp="2020-09-11T12:56:14.350" intervalms="2103.079">
  <response-info timems="1.079" idlems="1.079" threads="0" lastid="00000000008C3100" lastname="Group1.Backend.CompositeBackend{Tier1}.7" />
</exclusive-start>
<af-start id="2660" threadId="00000000008C3A80" totalBytesRequested="262152" timestamp="2020-09-11T12:56:14.351" intervalms="2103.440" type="nursery" />
<cycle-start id="2661" type="scavenge" contextid="0" timestamp="2020-09-11T12:56:14.351" intervalms="2103.478" />
<gc-start id="2662" type="scavenge" contextid="2661" timestamp="2020-09-11T12:56:14.352">
  <mem-info id="2663" free="111705272" total="2788622336" percent="4">
    <mem type="nursery" free="193720" total="939524096" percent="0">
      <mem type="allocate" free="193720" total="803078144" percent="0" />
      <mem type="survivor" free="0" total="136445952" percent="0" />
    </mem>
    <mem type="tenure" free="111511552" total="1849098240" percent="6">
      <mem type="soa" free="565248" total="1738151936" percent="0" />
      <mem type="loa" free="110946304" total="110946304" percent="100" />
    </mem>
    <remembered-set count="192306" />
  </mem-info>
</gc-start>
<allocation-stats totalBytes="685206176" >
  <allocated-bytes non-tlh="32478448" tlh="652727728" />
  <largest-consumer threadName="Group1.Backend.CompositeBackend{Tier1}.1" threadId="000000000078C200" bytes="101225056" />
</allocation-stats>
<gc-op id="2664" type="scavenge" timems="196.462" contextid="2661" timestamp="2020-09-11T12:56:14.549">
  <scavenger-info tenureage="3" tenuremask="7ff8" tiltratio="85" />
  <memory-copied type="nursery" objects="4436795" bytes="117648992" bytesdiscarded="255528" />
  <memory-copied type="tenure" objects="1105317" bytes="29720808" bytesdiscarded="9000" />
  <ownableSynchronizers candidates="3766" cleared="3060" />
  <references type="soft" candidates="684" cleared="0" enqueued="0" dynamicThreshold="12" maxThreshold="32" />
  <references type="weak" candidates="112" cleared="112" enqueued="0" />
  <heap-resize type="expand" space="tenure" amount="31457280" count="30" timems="24.682" reason="continue current collection" />
</gc-op>
<gc-end id="2665" type="scavenge" contextid="2661" durationms="198.368" usertimems="1254.198" systemtimems="41.014" timestamp="2020-09-11T12:56:14.550" activeThreads="8">
  <mem-info id="2666" free="801689544" total="2820079616" percent="28">
    <mem type="nursery" free="688232392" total="939524096" percent="73">
      <mem type="allocate" free="688232392" total="806223872" percent="85" />
      <mem type="survivor" free="0" total="133300224" percent="0" />
    </mem>
    <mem type="tenure" free="113457152" total="1880555520" percent="6" macro-fragmented="0">
      <mem type="soa" free="623616" total="1767721984" percent="0" />
      <mem type="loa" free="112833536" total="112833536" percent="100" />
    </mem>
    <remembered-set count="28945" />
  </mem-info>
</gc-end>
<cycle-end id="2667" type="scavenge" contextid="2661" timestamp="2020-09-11T12:56:14.555" />
<allocation-satisfied id="2668" threadId="00000000008C3100" bytesRequested="262152" />
<af-end id="2669" timestamp="2020-09-11T12:56:14.556" threadId="00000000008C3A80" success="true" from="nursery"/>
<exclusive-end id="2670" timestamp="2020-09-11T12:56:14.556" durationms="205.428" />

<exclusive-start id="2671" timestamp="2020-09-11T12:56:16.509" intervalms="2158.786">
  <response-info timems="1.357" idlems="0.697" threads="1" lastid="0000000000863200" lastname="Group1.Backend.CompositeBackend{Tier1}.4" />
</exclusive-start>
<af-start id="2672" threadId="000000000078CB80" totalBytesRequested="520" timestamp="2020-09-11T12:56:16.510" intervalms="2158.527" type="nursery" />
<cycle-start id="2673" type="scavenge" contextid="0" timestamp="2020-09-11T12:56:16.510" intervalms="2158.510" />
<gc-start id="2674" type="scavenge" contextid="2673" timestamp="2020-09-11T12:56:16.510">
  <mem-info id="2675" free="113457152" total="2820079616" percent="4">
    <mem type="nursery" free="0" total="939524096" percent="0">
      <mem type="allocate" free="0" total="806223872" percent="0" />
      <mem type="survivor" free="0" total="133300224" percent="0" />
    </mem>
    <mem type="tenure" free="113457152" total="1880555520" percent="6">
      <mem type="soa" free="623616" total="1767721984" percent="0" />
      <mem type="loa" free="112833536" total="112833536" percent="100" />
    </mem>
    <remembered-set count="194396" />
  </mem-info>
</gc-start>
<allocation-stats totalBytes="687878712" >
  <allocated-bytes non-tlh="30097248" tlh="657781464" />
  <largest-consumer threadName="Group1.Backend.CompositeBackend{Tier1}.1" threadId="000000000078C200" bytes="115499224" />
</allocation-stats>
<gc-op id="2676" type="scavenge" timems="191.388" contextid="2673" timestamp="2020-09-11T12:56:16.702">
  <scavenger-info tenureage="3" tenuremask="7ff8" tiltratio="85" />
  <memory-copied type="nursery" objects="4181251" bytes="112195424" bytesdiscarded="183216" />
  <memory-copied type="tenure" objects="1080445" bytes="29068176" bytesdiscarded="7744" />
  <ownableSynchronizers candidates="4212" cleared="3536" />
  <references type="soft" candidates="660" cleared="0" enqueued="0" dynamicThreshold="12" maxThreshold="32" />
  <references type="weak" candidates="122" cleared="122" enqueued="0" />
  <heap-resize type="expand" space="tenure" amount="31457280" count="30" timems="19.163" reason="continue current collection" />
</gc-op>
<gc-end id="2677" type="scavenge" contextid="2673" durationms="192.978" usertimems="1324.613" systemtimems="39.519" timestamp="2020-09-11T12:56:16.703" activeThreads="8">
  <mem-info id="2678" free="809469184" total="2851536896" percent="28">
    <mem type="nursery" free="694079488" total="939524096" percent="73">
      <mem type="allocate" free="694079488" total="806551552" percent="86" />
      <mem type="survivor" free="0" total="132972544" percent="0" />
    </mem>
    <mem type="tenure" free="115389696" total="1912012800" percent="6" macro-fragmented="0">
      <mem type="soa" free="668928" total="1797292032" percent="0" />
      <mem type="loa" free="114720768" total="114720768" percent="100" />
    </mem>
    <remembered-set count="30365" />
  </mem-info>
</gc-end>
<cycle-end id="2679" type="scavenge" contextid="2673" timestamp="2020-09-11T12:56:16.707" />
<allocation-satisfied id="2680" threadId="000000000078C200" bytesRequested="520" />
<af-end id="2681" timestamp="2020-09-11T12:56:16.707" threadId="000000000078CB80" success="true" from="nursery"/>
<exclusive-end id="2682" timestamp="2020-09-11T12:56:16.707" durationms="197.832" />

<exclusive-start id="2683" timestamp="2020-09-11T12:56:18.567" intervalms="2058.369">
  <response-info timems="1.087" idlems="0.542" threads="2" lastid="000000000078C200" lastname="Group1.Backend.CompositeBackend{Tier1}.1" />
</exclusive-start>
<af-start id="2684" threadId="0000000000922F80" totalBytesRequested="16" timestamp="2020-09-11T12:56:18.568" intervalms="2058.286" type="nursery" />
<cycle-start id="2685" type="scavenge" contextid="0" timestamp="2020-09-11T12:56:18.568" intervalms="2058.279" />
<gc-start id="2686" type="scavenge" contextid="2685" timestamp="2020-09-11T12:56:18.569">
  <mem-info id="2687" free="115389696" total="2851536896" percent="4">
    <mem type="nursery" free="0" total="939524096" percent="0">
      <mem type="allocate" free="0" total="806551552" percent="0" />
      <mem type="survivor" free="0" total="132972544" percent="0" />
    </mem>
    <mem type="tenure" free="115389696" total="1912012800" percent="6">
      <mem type="soa" free="668928" total="1797292032" percent="0" />
      <mem type="loa" free="114720768" total="114720768" percent="100" />
    </mem>
    <remembered-set count="193208" />
  </mem-info>
</gc-start>
<allocation-stats totalBytes="693743488" >
  <allocated-bytes non-tlh="35026456" tlh="658717032" />
  <largest-consumer threadName="Group1.Backend.CompositeBackend{Tier1}.6" threadId="000000000088B400" bytes="95836104" />
</allocation-stats>
<gc-op id="2688" type="scavenge" timems="125.759" contextid="2685" timestamp="2020-09-11T12:56:18.694">
  <scavenger-info tenureage="3" tenuremask="7ff8" tiltratio="85" />
  <memory-copied type="nursery" objects="4096249" bytes="109926512" bytesdiscarded="224152" />
  <memory-copied type="tenure" objects="1115856" bytes="30016288" bytesdiscarded="9784" />
  <ownableSynchronizers candidates="4470" cleared="3808" />
  <references type="soft" candidates="640" cleared="0" enqueued="0" dynamicThreshold="12" maxThreshold="32" />
  <references type="weak" candidates="133" cleared="133" enqueued="0" />
  <heap-resize type="expand" space="tenure" amount="31457280" count="30" timems="12.160" reason="continue current collection" />
</gc-op>
<gc-end id="2689" type="scavenge" contextid="2685" durationms="126.966" usertimems="897.461" systemtimems="11.358" timestamp="2020-09-11T12:56:18.695" activeThreads="8">
  <mem-info id="2690" free="814657536" total="2882994176" percent="28">
    <mem type="nursery" free="697763840" total="939524096" percent="74">
      <mem type="allocate" free="697763840" total="807993344" percent="86" />
      <mem type="survivor" free="0" total="131530752" percent="0" />
    </mem>
    <mem type="tenure" free="116893696" total="1943470080" percent="6" macro-fragmented="0">
      <mem type="soa" free="284672" total="1826861056" percent="0" />
      <mem type="loa" free="116609024" total="116609024" percent="100" />
    </mem>
    <remembered-set count="31056" />
  </mem-info>
</gc-end>
<cycle-end id="2691" type="scavenge" contextid="2685" timestamp="2020-09-11T12:56:18.697" />
<allocation-satisfied id="2692" threadId="0000000000922600" bytesRequested="16" />
<af-end id="2693" timestamp="2020-09-11T12:56:18.697" threadId="0000000000922F80" success="true" from="nursery"/>
<exclusive-end id="2694" timestamp="2020-09-11T12:56:18.697" durationms="129.828" />

<exclusive-start id="2695" timestamp="2020-09-11T12:56:20.715" intervalms="2148.091">
  <response-info timems="0.846" idlems="0.846" threads="0" lastid="0000000000819400" lastname="Group1.Backend.CompositeBackend{Tier1}.3" />
</exclusive-start>
<af-start id="2696" threadId="0000000000819D80" totalBytesRequested="16" timestamp="2020-09-11T12:56:20.716" intervalms="2148.130" type="nursery" />
<percolate-collect id="2697" from="nursery" to="global" reason="met projected tenure max free" timestamp="2020-09-11T12:56:20.716"/>
<cycle-start id="2698" type="global" contextid="0" timestamp="2020-09-11T12:56:20.716" intervalms="74233.046" />
<gc-start id="2699" type="global" contextid="2698" timestamp="2020-09-11T12:56:20.717">
  <mem-info id="2700" free="116893696" total="2882994176" percent="4">
    <mem type="nursery" free="0" total="939524096" percent="0">
      <mem type="allocate" free="0" total="807993344" percent="0" />
      <mem type="survivor" free="0" total="131530752" percent="0" />
    </mem>
    <mem type="tenure" free="116893696" total="1943470080" percent="6">
      <mem type="soa" free="284672" total="1826861056" percent="0" />
      <mem type="loa" free="116609024" total="116609024" percent="100" />
    </mem>
    <remembered-set count="194404" />
  </mem-info>
</gc-start>
<allocation-stats totalBytes="697428568" >
  <allocated-bytes non-tlh="34939616" tlh="662488952" />
  <largest-consumer threadName="Group1.Backend.CompositeBackend{Tier1}.4" threadId="0000000000863200" bytes="106597928" />
</allocation-stats>
<gc-op id="2701" type="mark" timems="749.713" contextid="2698" timestamp="2020-09-11T12:56:21.467">
  <trace-info objectcount="30656022" scancount="29677186" scanbytes="811575896" />
  <finalization candidates="149" enqueued="0" />
  <ownableSynchronizers candidates="583972" cleared="5806" />
  <references type="soft" candidates="698507" cleared="1069" enqueued="1064" dynamicThreshold="12" maxThreshold="32" />
  <references type="weak" candidates="4416" cleared="128" enqueued="0" />
  <references type="phantom" candidates="108" cleared="0" enqueued="0" />
  <stringconstants candidates="11191" cleared="5"  />
</gc-op>
<gc-op id="2702" type="sweep" timems="11.059" contextid="2698" timestamp="2020-09-11T12:56:21.478" />
<heap-resize id="2703" type="contract" space="tenure" amount="97189888" count="1" timems="15.073" reason="insufficient time being spent in gc" timestamp="2020-09-11T12:56:21.493" />
<gc-end id="2704" type="global" contextid="2698" durationms="777.355" usertimems="5690.627" systemtimems="39.121" timestamp="2020-09-11T12:56:21.494" activeThreads="8">
  <mem-info id="2705" free="1666395072" total="2785804288" percent="59">
    <mem type="nursery" free="615086352" total="939524096" percent="65">
      <mem type="allocate" free="615086352" total="807993344" percent="76" />
      <mem type="survivor" free="0" total="131530752" percent="0" />
    </mem>
    <mem type="tenure" free="1051308720" total="1846280192" percent="56" micro-fragmented="39437671" macro-fragmented="0">
      <mem type="soa" free="1031167472" total="1735502848" percent="59" />
      <mem type="loa" free="20141248" total="110777344" percent="18" />
    </mem>
    <pending-finalizers system="0" default="0" reference="1064" classloader="0" />
    <remembered-set count="188547" />
  </mem-info>
</gc-end>
<cycle-end id="2706" type="global" contextid="2698" timestamp="2020-09-11T12:56:21.495" />
<allocation-satisfied id="2707" threadId="0000000000819400" bytesRequested="16" />
<af-end id="2708" timestamp="2020-09-11T12:56:21.495" threadId="0000000000819D80" success="true" from="nursery"/>
<exclusive-end id="2709" timestamp="2020-09-11T12:56:21.495" durationms="779.984" />

<exclusive-start id="2710" timestamp="2020-09-11T12:56:22.570" intervalms="1854.124">
  <response-info timems="47.083" idlems="47.083" threads="0" lastid="00000000007EB800" lastname="Group1.Backend.CompositeBackend{Tier1}.2" />
</exclusive-start>
<af-start id="2711" threadId="00000000007EC180" totalBytesRequested="524296" timestamp="2020-09-11T12:56:22.571" intervalms="1854.516" type="nursery" />
<cycle-start id="2712" type="scavenge" contextid="0" timestamp="2020-09-11T12:56:22.571" intervalms="4002.678" />
<gc-start id="2713" type="scavenge" contextid="2712" timestamp="2020-09-11T12:56:22.571">
  <mem-info id="2714" free="1067375208" total="2785804288" percent="38">
    <mem type="nursery" free="16066536" total="939524096" percent="1">
      <mem type="allocate" free="16066536" total="807993344" percent="1" />
      <mem type="survivor" free="0" total="131530752" percent="0" />
    </mem>
    <mem type="tenure" free="1051308672" total="1846280192" percent="56">
      <mem type="soa" free="1031167424" total="1735502848" percent="59" />
      <mem type="loa" free="20141248" total="110777344" percent="18" />
    </mem>
    <remembered-set count="243588" />
  </mem-info>
</gc-start>
<allocation-stats totalBytes="596789640" >
  <allocated-bytes non-tlh="34275216" tlh="562514424" />
  <largest-consumer threadName="Group1.Backend.CompositeBackend{Tier1}.8" threadId="00000000008DD200" bytes="89914544" />
</allocation-stats>
<gc-op id="2715" type="scavenge" timems="167.451" contextid="2712" timestamp="2020-09-11T12:56:22.739">
  <scavenger-info tenureage="3" tenuremask="7ff8" tiltratio="86" />
  <memory-copied type="nursery" objects="4910236" bytes="131350480" bytesdiscarded="42600" />
  <memory-copied type="tenure" objects="1269247" bytes="33829440" bytesdiscarded="29312" />
  <copy-failed type="nursery" objects="249082" bytes="6406704" />
  <ownableSynchronizers candidates="1159796" cleared="1159017" />
  <references type="soft" candidates="436" cleared="0" enqueued="0" dynamicThreshold="18" maxThreshold="32" />
  <references type="weak" candidates="113" cleared="112" enqueued="0" />
</gc-op>
<gc-end id="2716" type="scavenge" contextid="2712" durationms="168.933" usertimems="1275.008" systemtimems="1.667" timestamp="2020-09-11T12:56:22.740" activeThreads="8">
  <mem-info id="2717" free="1639774416" total="2785804288" percent="58">
    <mem type="nursery" free="622526464" total="939524096" percent="66">
      <mem type="allocate" free="622526464" total="754057216" percent="82" />
      <mem type="survivor" free="0" total="185466880" percent="0" />
    </mem>
    <mem type="tenure" free="1017247952" total="1846280192" percent="55" macro-fragmented="0">
      <mem type="soa" free="997106704" total="1735502848" percent="57" />
      <mem type="loa" free="20141248" total="110777344" percent="18" />
    </mem>
    <remembered-set count="41821" />
  </mem-info>
</gc-end>
<cycle-end id="2718" type="scavenge" contextid="2712" timestamp="2020-09-11T12:56:22.743" />
<allocation-satisfied id="2719" threadId="00000000007EB800" bytesRequested="524296" />
<af-end id="2720" timestamp="2020-09-11T12:56:22.743" threadId="00000000007EC180" success="true" from="nursery"/>
<exclusive-end id="2721" timestamp="2020-09-11T12:56:22.743" durationms="173.483" />

<exclusive-start id="2722" timestamp="2020-09-11T12:56:24.404" intervalms="1834.609">
  <response-info timems="2.347" idlems="2.347" threads="0" lastid="000000000088B400" lastname="Group1.Backend.CompositeBackend{Tier1}.6" />
</exclusive-start>
<af-start id="2723" threadId="000000000088BD80" totalBytesRequested="24" timestamp="2020-09-11T12:56:24.405" intervalms="1834.322" type="nursery" />
<cycle-start id="2724" type="scavenge" contextid="0" timestamp="2020-09-11T12:56:24.405" intervalms="1834.298" />
<gc-start id="2725" type="scavenge" contextid="2724" timestamp="2020-09-11T12:56:24.406">
  <mem-info id="2726" free="1017247952" total="2785804288" percent="36">
    <mem type="nursery" free="0" total="939524096" percent="0">
      <mem type="allocate" free="0" total="754057216" percent="0" />
      <mem type="survivor" free="0" total="185466880" percent="0" />
    </mem>
    <mem type="tenure" free="1017247952" total="1846280192" percent="55">
      <mem type="soa" free="997106704" total="1735502848" percent="57" />
      <mem type="loa" free="20141248" total="110777344" percent="18" />
    </mem>
    <remembered-set count="198651" />
  </mem-info>
</gc-start>
<allocation-stats totalBytes="622210856" >
  <allocated-bytes non-tlh="25270672" tlh="596940184" />
  <largest-consumer threadName="Group1.Backend.CompositeBackend{Tier1}.6" threadId="000000000088B400" bytes="94782768" />
</allocation-stats>
<gc-op id="2727" type="scavenge" timems="139.045" contextid="2724" timestamp="2020-09-11T12:56:24.545">
  <scavenger-info tenureage="3" tenuremask="7ff8" tiltratio="80" />
  <memory-copied type="nursery" objects="4850702" bytes="130102680" bytesdiscarded="139056" />
  <memory-copied type="tenure" objects="955428" bytes="25788760" bytesdiscarded="57392" />
  <ownableSynchronizers candidates="5157" cleared="4610" />
  <references type="soft" candidates="509" cleared="0" enqueued="0" dynamicThreshold="18" maxThreshold="32" />
  <references type="weak" candidates="104" cleared="104" enqueued="0" />
</gc-op>
<gc-end id="2728" type="scavenge" contextid="2724" durationms="140.010" usertimems="1012.546" systemtimems="10.493" timestamp="2020-09-11T12:56:24.545" activeThreads="8">
  <mem-info id="2729" free="1621255064" total="2785804288" percent="58">
    <mem type="nursery" free="629959928" total="939524096" percent="67">
      <mem type="allocate" free="629959928" total="760283136" percent="82" />
      <mem type="survivor" free="0" total="179240960" percent="0" />
    </mem>
    <mem type="tenure" free="991295136" total="1846280192" percent="53" macro-fragmented="0">
      <mem type="soa" free="971153888" total="1735502848" percent="55" />
      <mem type="loa" free="20141248" total="110777344" percent="18" />
    </mem>
    <remembered-set count="42233" />
  </mem-info>
</gc-end>
<cycle-end id="2730" type="scavenge" contextid="2724" timestamp="2020-09-11T12:56:24.548" />
<allocation-satisfied id="2731" threadId="000000000088B400" bytesRequested="24" />
<af-end id="2732" timestamp="2020-09-11T12:56:24.548" threadId="000000000088BD80" success="true" from="nursery"/>
<exclusive-end id="2733" timestamp="2020-09-11T12:56:24.548" durationms="143.778" />

<exclusive-start id="2734" timestamp="2020-09-11T12:56:26.336" intervalms="1931.893">
  <response-info timems="3.000" idlems="3.000" threads="0" lastid="00000000008C3100" lastname="Group1.Backend.CompositeBackend{Tier1}.7" />
</exclusive-start>
<af-start id="2735" threadId="00000000008C3A80" totalBytesRequested="16" timestamp="2020-09-11T12:56:26.337" intervalms="1931.993" type="nursery" />
<cycle-start id="2736" type="scavenge" contextid="0" timestamp="2020-09-11T12:56:26.337" intervalms="1932.167" />
<gc-start id="2737" type="scavenge" contextid="2736" timestamp="2020-09-11T12:56:26.339">
  <mem-info id="2738" free="991295136" total="2785804288" percent="35">
    <mem type="nursery" free="0" total="939524096" percent="0">
      <mem type="allocate" free="0" total="760283136" percent="0" />
      <mem type="survivor" free="0" total="179240960" percent="0" />
    </mem>
    <mem type="tenure" free="991295136" total="1846280192" percent="53">
      <mem type="soa" free="971153888" total="1735502848" percent="55" />
      <mem type="loa" free="20141248" total="110777344" percent="18" />
    </mem>
    <remembered-set count="198363" />
  </mem-info>
</gc-start>
<allocation-stats totalBytes="629653736" >
  <allocated-bytes non-tlh="31612296" tlh="598041440" />
  <largest-consumer threadName="Group1.Backend.CompositeBackend{Tier1}.8" threadId="00000000008DD200" bytes="87943856" />
</allocation-stats>
<gc-op id="2739" type="scavenge" timems="222.491" contextid="2736" timestamp="2020-09-11T12:56:26.561">
  <scavenger-info tenureage="3" tenuremask="7ff8" tiltratio="80" />
  <memory-copied type="nursery" objects="4814972" bytes="129185048" bytesdiscarded="264504" />
  <memory-copied type="tenure" objects="948403" bytes="25553864" bytesdiscarded="60904" />
  <ownableSynchronizers candidates="3244" cleared="2708" />
  <references type="soft" candidates="538" cleared="0" enqueued="0" dynamicThreshold="18" maxThreshold="32" />
  <references type="weak" candidates="108" cleared="108" enqueued="0" />
</gc-op>
<gc-end id="2740" type="scavenge" contextid="2736" durationms="224.015" usertimems="1490.656" systemtimems="37.725" timestamp="2020-09-11T12:56:26.563" activeThreads="8">
  <mem-info id="2741" free="1602819376" total="2785804288" percent="57">
    <mem type="nursery" free="637438968" total="939524096" percent="67">
      <mem type="allocate" free="637438968" total="766967808" percent="83" />
      <mem type="survivor" free="0" total="172556288" percent="0" />
    </mem>
    <mem type="tenure" free="965380408" total="1846280192" percent="52" macro-fragmented="0">
      <mem type="soa" free="945239160" total="1735502848" percent="54" />
      <mem type="loa" free="20141248" total="110777344" percent="18" />
    </mem>
    <remembered-set count="39466" />
  </mem-info>
</gc-end>
<cycle-end id="2742" type="scavenge" contextid="2736" timestamp="2020-09-11T12:56:26.564" />
<allocation-satisfied id="2743" threadId="00000000008C3100" bytesRequested="16" />
<af-end id="2744" timestamp="2020-09-11T12:56:26.565" threadId="00000000008C3A80" success="true" from="nursery"/>
<exclusive-end id="2745" timestamp="2020-09-11T12:56:26.565" durationms="228.576" />

<exclusive-start id="2746" timestamp="2020-09-11T12:56:28.248" intervalms="1911.796">
  <response-info timems="6.920" idlems="3.579" threads="1" lastid="000000000086AF00" lastname="Group1.Backend.CompositeBackend{Tier1}.5" />
</exclusive-start>
<af-start id="2747" threadId="0000000000A94B80" totalBytesRequested="1032" timestamp="2020-09-11T12:56:28.249" intervalms="1911.730" type="nursery" />
<cycle-start id="2748" type="scavenge" contextid="0" timestamp="2020-09-11T12:56:28.249" intervalms="1911.564" />
<gc-start id="2749" type="scavenge" contextid="2748" timestamp="2020-09-11T12:56:28.249">
  <mem-info id="2750" free="965380408" total="2785804288" percent="34">
    <mem type="nursery" free="0" total="939524096" percent="0">
      <mem type="allocate" free="0" total="766967808" percent="0" />
      <mem type="survivor" free="0" total="172556288" percent="0" />
    </mem>
    <mem type="tenure" free="965380408" total="1846280192" percent="52">
      <mem type="soa" free="945239160" total="1735502848" percent="54" />
      <mem type="loa" free="20141248" total="110777344" percent="18" />
    </mem>
    <remembered-set count="196526" />
  </mem-info>
</gc-start>
<allocation-stats totalBytes="637145928" >
  <allocated-bytes non-tlh="30701144" tlh="606444784" />
  <largest-consumer threadName="Group1.Backend.CompositeBackend{Tier1}.6" threadId="000000000088B400" bytes="97601888" />
</allocation-stats>
<gc-op id="2751" type="scavenge" timems="200.568" contextid="2748" timestamp="2020-09-11T12:56:28.450">
  <scavenger-info tenureage="3" tenuremask="7ff8" tiltratio="81" />
  <memory-copied type="nursery" objects="4400052" bytes="115491504" bytesdiscarded="179264" />
  <memory-copied type="tenure" objects="1886342" bytes="50850352" bytesdiscarded="110104" />
  <ownableSynchronizers candidates="3832" cleared="3256" />
  <references type="soft" candidates="513" cleared="0" enqueued="0" dynamicThreshold="18" maxThreshold="32" />
  <references type="weak" candidates="118" cleared="117" enqueued="0" />
</gc-op>
<gc-end id="2752" type="scavenge" contextid="2748" durationms="201.898" usertimems="1456.411" systemtimems="21.635" timestamp="2020-09-11T12:56:28.451" activeThreads="8">
  <mem-info id="2753" free="1571307216" total="2785804288" percent="56">
    <mem type="nursery" free="656788096" total="939524096" percent="69">
      <mem type="allocate" free="656788096" total="772538368" percent="85" />
      <mem type="survivor" free="0" total="166985728" percent="0" />
    </mem>
    <mem type="tenure" free="914519120" total="1846280192" percent="49" macro-fragmented="0">
      <mem type="soa" free="894377872" total="1735502848" percent="51" />
      <mem type="loa" free="20141248" total="110777344" percent="18" />
    </mem>
    <remembered-set count="29918" />
  </mem-info>
</gc-end>
<cycle-end id="2754" type="scavenge" contextid="2748" timestamp="2020-09-11T12:56:28.452" />
<allocation-satisfied id="2755" threadId="0000000000A94200" bytesRequested="1032" />
<af-end id="2756" timestamp="2020-09-11T12:56:28.452" threadId="0000000000A94B80" success="true" from="nursery"/>
<exclusive-end id="2757" timestamp="2020-09-11T12:56:28.452" durationms="204.463" />

<exclusive-start id="2758" timestamp="2020-09-11T12:56:30.302" intervalms="2053.921">
  <response-info timems="0.337" idlems="0.337" threads="0" lastid="0000000000819400" lastname="Group1.Backend.CompositeBackend{Tier1}.3" />
</exclusive-start>
<af-start id="2759" threadId="0000000000819D80" totalBytesRequested="32" timestamp="2020-09-11T12:56:30.302" intervalms="2053.725" type="nursery" />
<cycle-start id="2760" type="scavenge" contextid="0" timestamp="2020-09-11T12:56:30.303" intervalms="2053.725" />
<gc-start id="2761" type="scavenge" contextid="2760" timestamp="2020-09-11T12:56:30.303">
  <mem-info id="2762" free="914519120" total="2785804288" percent="32">
    <mem type="nursery" free="0" total="939524096" percent="0">
      <mem type="allocate" free="0" total="772538368" percent="0" />
      <mem type="survivor" free="0" total="166985728" percent="0" />
    </mem>
    <mem type="tenure" free="914519120" total="1846280192" percent="49">
      <mem type="soa" free="894377872" total="1735502848" percent="51" />
      <mem type="loa" free="20141248" total="110777344" percent="18" />
    </mem>
    <remembered-set count="189573" />
  </mem-info>
</gc-start>
<allocation-stats totalBytes="656476624" >
  <allocated-bytes non-tlh="28614144" tlh="627862480" />
  <largest-consumer threadName="Group1.Backend.CompositeBackend{Tier1}.2" threadId="00000000007EB800" bytes="102484360" />
</allocation-stats>
<gc-op id="2763" type="scavenge" timems="155.118" contextid="2760" timestamp="2020-09-11T12:56:30.458">
  <scavenger-info tenureage="3" tenuremask="7ff8" tiltratio="82" />
  <memory-copied type="nursery" objects="4575205" bytes="120217568" bytesdiscarded="408456" />
  <memory-copied type="tenure" objects="1042024" bytes="28035096" bytesdiscarded="52264" />
  <ownableSynchronizers candidates="4964" cleared="4401" />
  <references type="soft" candidates="493" cleared="0" enqueued="0" dynamicThreshold="18" maxThreshold="32" />
  <references type="weak" candidates="107" cleared="107" enqueued="0" />
</gc-op>
<gc-end id="2764" type="scavenge" contextid="2760" durationms="156.182" usertimems="1211.363" systemtimems="4.336" timestamp="2020-09-11T12:56:30.459" activeThreads="8">
  <mem-info id="2765" free="1543493856" total="2785804288" percent="55">
    <mem type="nursery" free="657206072" total="939524096" percent="69">
      <mem type="allocate" free="657206072" total="777912320" percent="84" />
      <mem type="survivor" free="0" total="161611776" percent="0" />
    </mem>
    <mem type="tenure" free="886287784" total="1846280192" percent="48" macro-fragmented="0">
      <mem type="soa" free="866146536" total="1735502848" percent="49" />
      <mem type="loa" free="20141248" total="110777344" percent="18" />
    </mem>
    <remembered-set count="30241" />
  </mem-info>
</gc-end>
<cycle-end id="2766" type="scavenge" contextid="2760" timestamp="2020-09-11T12:56:30.461" />
<allocation-satisfied id="2767" threadId="0000000000819400" bytesRequested="32" />
<af-end id="2768" timestamp="2020-09-11T12:56:30.462" threadId="0000000000819D80" success="true" from="nursery"/>
<exclusive-end id="2769" timestamp="2020-09-11T12:56:30.462" durationms="159.801" />

<exclusive-start id="2770" timestamp="2020-09-11T12:56:32.250" intervalms="1948.301">
  <response-info timems="0.717" idlems="0.717" threads="0" lastid="000000000088B400" lastname="Group1.Backend.CompositeBackend{Tier1}.6" />
</exclusive-start>
<af-start id="2771" threadId="000000000088BD80" totalBytesRequested="48" timestamp="2020-09-11T12:56:32.251" intervalms="1948.198" type="nursery" />
<cycle-start id="2772" type="scavenge" contextid="0" timestamp="2020-09-11T12:56:32.251" intervalms="1948.169" />
<gc-start id="2773" type="scavenge" contextid="2772" timestamp="2020-09-11T12:56:32.251">
  <mem-info id="2774" free="886287784" total="2785804288" percent="31">
    <mem type="nursery" free="0" total="939524096" percent="0">
      <mem type="allocate" free="0" total="777912320" percent="0" />
      <mem type="survivor" free="0" total="161611776" percent="0" />
    </mem>
    <mem type="tenure" free="886287784" total="1846280192" percent="48">
      <mem type="soa" free="866146536" total="1735502848" percent="49" />
      <mem type="loa" free="20141248" total="110777344" percent="18" />
    </mem>
    <remembered-set count="188745" />
  </mem-info>
</gc-start>
<allocation-stats totalBytes="656915112" >
  <allocated-bytes non-tlh="34768056" tlh="622147056" />
  <largest-consumer threadName="Group1.Backend.CompositeBackend{Tier1}.5" threadId="000000000086AF00" bytes="104610904" />
</allocation-stats>
<gc-op id="2775" type="scavenge" timems="149.657" contextid="2772" timestamp="2020-09-11T12:56:32.401">
  <scavenger-info tenureage="3" tenuremask="7ff8" tiltratio="82" />
  <memory-copied type="nursery" objects="4261232" bytes="112680008" bytesdiscarded="214888" />
  <memory-copied type="tenure" objects="1004503" bytes="26990192" bytesdiscarded="43792" />
  <ownableSynchronizers candidates="4099" cleared="3587" />
  <references type="soft" candidates="518" cleared="0" enqueued="0" dynamicThreshold="18" maxThreshold="32" />
  <references type="weak" candidates="119" cleared="119" enqueued="0" />
</gc-op>
<gc-end id="2776" type="scavenge" contextid="2772" durationms="151.163" usertimems="1073.869" systemtimems="3.047" timestamp="2020-09-11T12:56:32.402" activeThreads="8">
  <mem-info id="2777" free="1529819752" total="2785804288" percent="54">
    <mem type="nursery" free="670377168" total="939524096" percent="71">
      <mem type="allocate" free="670377168" total="783351808" percent="85" />
      <mem type="survivor" free="0" total="156172288" percent="0" />
    </mem>
    <mem type="tenure" free="859442584" total="1846280192" percent="46" macro-fragmented="0">
      <mem type="soa" free="839301336" total="1735502848" percent="48" />
      <mem type="loa" free="20141248" total="110777344" percent="18" />
    </mem>
    <remembered-set count="30574" />
  </mem-info>
</gc-end>
<cycle-end id="2778" type="scavenge" contextid="2772" timestamp="2020-09-11T12:56:32.405" />
<allocation-satisfied id="2779" threadId="000000000088B400" bytesRequested="48" />
<af-end id="2780" timestamp="2020-09-11T12:56:32.405" threadId="000000000088BD80" success="true" from="nursery"/>
<exclusive-end id="2781" timestamp="2020-09-11T12:56:32.405" durationms="154.923" />

<exclusive-start id="2782" timestamp="2020-09-11T12:56:34.301" intervalms="2050.965">
  <response-info timems="11.782" idlems="11.782" threads="0" lastid="000000000078C200" lastname="Group1.Backend.CompositeBackend{Tier1}.1" />
</exclusive-start>
<af-start id="2783" threadId="000000000078CB80" totalBytesRequested="56" timestamp="2020-09-11T12:56:34.302" intervalms="2051.516" type="nursery" />
<cycle-start id="2784" type="scavenge" contextid="0" timestamp="2020-09-11T12:56:34.303" intervalms="2052.254" />
<gc-start id="2785" type="scavenge" contextid="2784" timestamp="2020-09-11T12:56:34.304">
  <mem-info id="2786" free="859442584" total="2785804288" percent="30">
    <mem type="nursery" free="0" total="939524096" percent="0">
      <mem type="allocate" free="0" total="783351808" percent="0" />
      <mem type="survivor" free="0" total="156172288" percent="0" />
    </mem>
    <mem type="tenure" free="859442584" total="1846280192" percent="46">
      <mem type="soa" free="839301336" total="1735502848" percent="48" />
      <mem type="loa" free="20141248" total="110777344" percent="18" />
    </mem>
    <remembered-set count="191456" />
  </mem-info>
</gc-start>
<allocation-stats totalBytes="670060360" >
  <allocated-bytes non-tlh="31141648" tlh="638918712" />
  <largest-consumer threadName="Group1.Backend.CompositeBackend{Tier1}.5" threadId="000000000086AF00" bytes="101485512" />
</allocation-stats>
<gc-op id="2787" type="scavenge" timems="234.297" contextid="2784" timestamp="2020-09-11T12:56:34.538">
  <scavenger-info tenureage="3" tenuremask="7ff8" tiltratio="83" />
  <memory-copied type="nursery" objects="4803818" bytes="125668232" bytesdiscarded="210896" />
  <memory-copied type="tenure" objects="1014855" bytes="27270928" bytesdiscarded="49280" />
  <ownableSynchronizers candidates="5035" cleared="4466" />
  <references type="soft" candidates="537" cleared="0" enqueued="0" dynamicThreshold="18" maxThreshold="32" />
  <references type="weak" candidates="107" cleared="107" enqueued="0" />
</gc-op>
<gc-end id="2788" type="scavenge" contextid="2784" durationms="237.143" usertimems="1693.851" systemtimems="56.843" timestamp="2020-09-11T12:56:34.541" activeThreads="8">
  <mem-info id="2789" free="1490147568" total="2785804288" percent="53">
    <mem type="nursery" free="658045776" total="939524096" percent="70">
      <mem type="allocate" free="658045776" total="784007168" percent="83" />
      <mem type="survivor" free="0" total="155516928" percent="0" />
    </mem>
    <mem type="tenure" free="832101792" total="1846280192" percent="45" macro-fragmented="0">
      <mem type="soa" free="811960544" total="1735502848" percent="46" />
      <mem type="loa" free="20141248" total="110777344" percent="18" />
    </mem>
    <remembered-set count="30507" />
  </mem-info>
</gc-end>
<cycle-end id="2790" type="scavenge" contextid="2784" timestamp="2020-09-11T12:56:34.542" />
<allocation-satisfied id="2791" threadId="000000000078C200" bytesRequested="56" />
<af-end id="2792" timestamp="2020-09-11T12:56:34.542" threadId="000000000078CB80" success="true" from="nursery"/>
<exclusive-end id="2793" timestamp="2020-09-11T12:56:34.542" durationms="241.443" />

<exclusive-start id="2794" timestamp="2020-09-11T12:56:36.406" intervalms="2105.195">
  <response-info timems="1.020" idlems="1.020" threads="0" lastid="000000000088B400" lastname="Group1.Backend.CompositeBackend{Tier1}.6" />
</exclusive-start>
<af-start id="2795" threadId="000000000088BD80" totalBytesRequested="267040" timestamp="2020-09-11T12:56:36.407" intervalms="2105.036" type="nursery" />
<cycle-start id="2796" type="scavenge" contextid="0" timestamp="2020-09-11T12:56:36.407" intervalms="2104.409" />
<gc-start id="2797" type="scavenge" contextid="2796" timestamp="2020-09-11T12:56:36.408">
  <mem-info id="2798" free="832354496" total="2785804288" percent="29">
    <mem type="nursery" free="252704" total="939524096" percent="0">
      <mem type="allocate" free="252704" total="784007168" percent="0" />
      <mem type="survivor" free="0" total="155516928" percent="0" />
    </mem>
    <mem type="tenure" free="832101792" total="1846280192" percent="45">
      <mem type="soa" free="811960544" total="1735502848" percent="46" />
      <mem type="loa" free="20141248" total="110777344" percent="18" />
    </mem>
    <remembered-set count="194608" />
  </mem-info>
</gc-start>
<allocation-stats totalBytes="657475280" >
  <allocated-bytes non-tlh="22931224" tlh="634544056" />
  <largest-consumer threadName="Group1.Backend.CompositeBackend{Tier1}.6" threadId="000000000088B400" bytes="86035312" />
</allocation-stats>
<gc-op id="2799" type="scavenge" timems="136.883" contextid="2796" timestamp="2020-09-11T12:56:36.545">
  <scavenger-info tenureage="3" tenuremask="7ff8" tiltratio="83" />
  <memory-copied type="nursery" objects="4335437" bytes="114844448" bytesdiscarded="179256" />
  <memory-copied type="tenure" objects="1063641" bytes="28591896" bytesdiscarded="57920" />
  <ownableSynchronizers candidates="4630" cleared="4056" />
  <references type="soft" candidates="525" cleared="0" enqueued="0" dynamicThreshold="18" maxThreshold="32" />
  <references type="weak" candidates="117" cleared="117" enqueued="0" />
</gc-op>
<gc-end id="2800" type="scavenge" contextid="2796" durationms="137.888" usertimems="1021.531" systemtimems="22.437" timestamp="2020-09-11T12:56:36.546" activeThreads="8">
  <mem-info id="2801" free="1475129640" total="2785804288" percent="52">
    <mem type="nursery" free="671843800" total="939524096" percent="71">
      <mem type="allocate" free="671843800" total="786956288" percent="85" />
      <mem type="survivor" free="0" total="152567808" percent="0" />
    </mem>
    <mem type="tenure" free="803285840" total="1846280192" percent="43" macro-fragmented="0">
      <mem type="soa" free="783144592" total="1735502848" percent="45" />
      <mem type="loa" free="20141248" total="110777344" percent="18" />
    </mem>
    <remembered-set count="30669" />
  </mem-info>
</gc-end>
<cycle-end id="2802" type="scavenge" contextid="2796" timestamp="2020-09-11T12:56:36.547" />
<allocation-satisfied id="2803" threadId="000000000088B400" bytesRequested="267040" />
<af-end id="2804" timestamp="2020-09-11T12:56:36.547" threadId="000000000088BD80" success="true" from="nursery"/>
<exclusive-end id="2805" timestamp="2020-09-11T12:56:36.547" durationms="140.910" />

<exclusive-start id="2806" timestamp="2020-09-11T12:56:38.314" intervalms="1908.117">
  <response-info timems="2.088" idlems="2.088" threads="0" lastid="0000000000863200" lastname="Group1.Backend.CompositeBackend{Tier1}.4" />
</exclusive-start>
<af-start id="2807" threadId="0000000000863B80" totalBytesRequested="16" timestamp="2020-09-11T12:56:38.315" intervalms="1907.980" type="nursery" />
<cycle-start id="2808" type="scavenge" contextid="0" timestamp="2020-09-11T12:56:38.315" intervalms="1907.884" />
<gc-start id="2809" type="scavenge" contextid="2808" timestamp="2020-09-11T12:56:38.316">
  <mem-info id="2810" free="803285840" total="2785804288" percent="28">
    <mem type="nursery" free="0" total="939524096" percent="0">
      <mem type="allocate" free="0" total="786956288" percent="0" />
      <mem type="survivor" free="0" total="152567808" percent="0" />
    </mem>
    <mem type="tenure" free="803285840" total="1846280192" percent="43">
      <mem type="soa" free="783144592" total="1735502848" percent="45" />
      <mem type="loa" free="20141248" total="110777344" percent="18" />
    </mem>
    <remembered-set count="188650" />
  </mem-info>
</gc-start>
<allocation-stats totalBytes="671528672" >
  <allocated-bytes non-tlh="39525688" tlh="632002984" />
  <largest-consumer threadName="Group1.Backend.CompositeBackend{Tier1}.2" threadId="00000000007EB800" bytes="94904456" />
</allocation-stats>
<gc-op id="2811" type="scavenge" timems="157.792" contextid="2808" timestamp="2020-09-11T12:56:38.474">
  <scavenger-info tenureage="3" tenuremask="7ff8" tiltratio="83" />
  <memory-copied type="nursery" objects="4571821" bytes="119927360" bytesdiscarded="147608" />
  <memory-copied type="tenure" objects="1027822" bytes="27632296" bytesdiscarded="45944" />
  <ownableSynchronizers candidates="3357" cleared="2842" />
  <references type="soft" candidates="494" cleared="0" enqueued="0" dynamicThreshold="18" maxThreshold="32" />
  <references type="weak" candidates="114" cleared="113" enqueued="0" />
</gc-op>
<gc-end id="2812" type="scavenge" contextid="2808" durationms="158.781" usertimems="1149.987" systemtimems="38.489" timestamp="2020-09-11T12:56:38.474" activeThreads="8">
  <mem-info id="2813" free="1444955704" total="2785804288" percent="51">
    <mem type="nursery" free="669290768" total="939524096" percent="71">
      <mem type="allocate" free="669290768" total="789446656" percent="84" />
      <mem type="survivor" free="0" total="150077440" percent="0" />
    </mem>
    <mem type="tenure" free="775664936" total="1846280192" percent="42" macro-fragmented="0">
      <mem type="soa" free="755523688" total="1735502848" percent="43" />
      <mem type="loa" free="20141248" total="110777344" percent="18" />
    </mem>
    <remembered-set count="30987" />
  </mem-info>
</gc-end>
<cycle-end id="2814" type="scavenge" contextid="2808" timestamp="2020-09-11T12:56:38.476" />
<allocation-satisfied id="2815" threadId="0000000000863200" bytesRequested="16" />
<af-end id="2816" timestamp="2020-09-11T12:56:38.476" threadId="0000000000863B80" success="true" from="nursery"/>
<exclusive-end id="2817" timestamp="2020-09-11T12:56:38.476" durationms="161.463" />

<exclusive-start id="2818" timestamp="2020-09-11T12:56:40.401" intervalms="2086.606">
  <response-info timems="0.585" idlems="0.585" threads="0" lastid="000000000088B400" lastname="Group1.Backend.CompositeBackend{Tier1}.6" />
</exclusive-start>
<af-start id="2819" threadId="000000000088BD80" totalBytesRequested="16" timestamp="2020-09-11T12:56:40.402" intervalms="2086.407" type="nursery" />
<cycle-start id="2820" type="scavenge" contextid="0" timestamp="2020-09-11T12:56:40.402" intervalms="2086.429" />
<gc-start id="2821" type="scavenge" contextid="2820" timestamp="2020-09-11T12:56:40.402">
  <mem-info id="2822" free="775664936" total="2785804288" percent="27">
    <mem type="nursery" free="0" total="939524096" percent="0">
      <mem type="allocate" free="0" total="789446656" percent="0" />
      <mem type="survivor" free="0" total="150077440" percent="0" />
    </mem>
    <mem type="tenure" free="775664936" total="1846280192" percent="42">
      <mem type="soa" free="755523688" total="1735502848" percent="43" />
      <mem type="loa" free="20141248" total="110777344" percent="18" />
    </mem>
    <remembered-set count="193300" />
  </mem-info>
</gc-start>
<allocation-stats totalBytes="668978392" >
  <allocated-bytes non-tlh="29002104" tlh="639976288" />
  <largest-consumer threadName="Group1.Backend.CompositeBackend{Tier1}.2" threadId="00000000007EB800" bytes="98052264" />
</allocation-stats>
<gc-op id="2823" type="scavenge" timems="134.541" contextid="2820" timestamp="2020-09-11T12:56:40.537">
  <scavenger-info tenureage="3" tenuremask="7ff8" tiltratio="84" />
  <memory-copied type="nursery" objects="4186845" bytes="111505232" bytesdiscarded="178472" />
  <memory-copied type="tenure" objects="1064984" bytes="28648136" bytesdiscarded="53832" />
  <ownableSynchronizers candidates="4454" cleared="3925" />
  <references type="soft" candidates="487" cleared="0" enqueued="0" dynamicThreshold="18" maxThreshold="32" />
  <references type="weak" candidates="118" cleared="118" enqueued="0" />
</gc-op>
<gc-end id="2824" type="scavenge" contextid="2820" durationms="135.858" usertimems="984.327" systemtimems="11.088" timestamp="2020-09-11T12:56:40.538" activeThreads="8">
  <mem-info id="2825" free="1427926360" total="2785804288" percent="51">
    <mem type="nursery" free="680819560" total="939524096" percent="72">
      <mem type="allocate" free="680819560" total="792592384" percent="85" />
      <mem type="survivor" free="0" total="146931712" percent="0" />
    </mem>
    <mem type="tenure" free="747106800" total="1846280192" percent="40" macro-fragmented="0">
      <mem type="soa" free="726965552" total="1735502848" percent="41" />
      <mem type="loa" free="20141248" total="110777344" percent="18" />
    </mem>
    <remembered-set count="31525" />
  </mem-info>
</gc-end>
<cycle-end id="2826" type="scavenge" contextid="2820" timestamp="2020-09-11T12:56:40.539" />
<allocation-satisfied id="2827" threadId="000000000088B400" bytesRequested="16" />
<af-end id="2828" timestamp="2020-09-11T12:56:40.539" threadId="000000000088BD80" success="true" from="nursery"/>
<exclusive-end id="2829" timestamp="2020-09-11T12:56:40.539" durationms="138.564" />

<exclusive-start id="2830" timestamp="2020-09-11T12:56:42.490" intervalms="2089.542">
  <response-info timems="2.589" idlems="1.455" threads="1" lastid="000000000086AF00" lastname="Group1.Backend.CompositeBackend{Tier1}.5" />
</exclusive-start>
<af-start id="2831" threadId="0000000000AA8180" totalBytesRequested="16" timestamp="2020-09-11T12:56:42.491" intervalms="2089.655" type="nursery" />
<cycle-start id="2832" type="scavenge" contextid="0" timestamp="2020-09-11T12:56:42.491" intervalms="2089.680" />
<gc-start id="2833" type="scavenge" contextid="2832" timestamp="2020-09-11T12:56:42.492">
  <mem-info id="2834" free="747106672" total="2785804288" percent="26">
    <mem type="nursery" free="0" total="939524096" percent="0">
      <mem type="allocate" free="0" total="792592384" percent="0" />
      <mem type="survivor" free="0" total="146931712" percent="0" />
    </mem>
    <mem type="tenure" free="747106672" total="1846280192" percent="40">
      <mem type="soa" free="726965424" total="1735502848" percent="41" />
      <mem type="loa" free="20141248" total="110777344" percent="18" />
    </mem>
    <remembered-set count="195157" />
  </mem-info>
</gc-start>
<allocation-stats totalBytes="680481440" >
  <allocated-bytes non-tlh="30707256" tlh="649774184" />
  <largest-consumer threadName="Group1.Backend.CompositeBackend{Tier1}.6" threadId="000000000088B400" bytes="101789912" />
</allocation-stats>
<gc-op id="2835" type="scavenge" timems="153.122" contextid="2832" timestamp="2020-09-11T12:56:42.645">
  <scavenger-info tenureage="3" tenuremask="7ff8" tiltratio="84" />
  <memory-copied type="nursery" objects="4050870" bytes="108682728" bytesdiscarded="158840" />
  <memory-copied type="tenure" objects="1117034" bytes="30038672" bytesdiscarded="37712" />
  <ownableSynchronizers candidates="4006" cleared="3503" />
  <references type="soft" candidates="479" cleared="0" enqueued="0" dynamicThreshold="18" maxThreshold="32" />
  <references type="weak" candidates="121" cleared="118" enqueued="0" />
</gc-op>
<gc-end id="2836" type="scavenge" contextid="2832" durationms="154.266" usertimems="1174.280" systemtimems="16.834" timestamp="2020-09-11T12:56:42.646" activeThreads="8">
  <mem-info id="2837" free="1404912960" total="2785804288" percent="50">
    <mem type="nursery" free="688051680" total="939524096" percent="73">
      <mem type="allocate" free="688051680" total="796983296" percent="86" />
      <mem type="survivor" free="0" total="142540800" percent="0" />
    </mem>
    <mem type="tenure" free="716861280" total="1846280192" percent="38" macro-fragmented="0">
      <mem type="soa" free="696720032" total="1735502848" percent="40" />
      <mem type="loa" free="20141248" total="110777344" percent="18" />
    </mem>
    <remembered-set count="31622" />
  </mem-info>
</gc-end>
<cycle-end id="2838" type="scavenge" contextid="2832" timestamp="2020-09-11T12:56:42.647" />
<allocation-satisfied id="2839" threadId="0000000000AA7800" bytesRequested="16" />
<af-end id="2840" timestamp="2020-09-11T12:56:42.647" threadId="0000000000AA8180" success="true" from="nursery"/>
<exclusive-end id="2841" timestamp="2020-09-11T12:56:42.647" durationms="156.872" />

<exclusive-start id="2842" timestamp="2020-09-11T12:56:44.564" intervalms="2073.526">
  <response-info timems="1.142" idlems="1.142" threads="0" lastid="0000000000819400" lastname="Group1.Backend.CompositeBackend{Tier1}.3" />
</exclusive-start>
<af-start id="2843" threadId="0000000000819D80" totalBytesRequested="32" timestamp="2020-09-11T12:56:44.565" intervalms="2073.456" type="nursery" />
<cycle-start id="2844" type="scavenge" contextid="0" timestamp="2020-09-11T12:56:44.565" intervalms="2073.412" />
<gc-start id="2845" type="scavenge" contextid="2844" timestamp="2020-09-11T12:56:44.565">
  <mem-info id="2846" free="716861280" total="2785804288" percent="25">
    <mem type="nursery" free="0" total="939524096" percent="0">
      <mem type="allocate" free="0" total="796983296" percent="0" />
      <mem type="survivor" free="0" total="142540800" percent="0" />
    </mem>
    <mem type="tenure" free="716861280" total="1846280192" percent="38">
      <mem type="soa" free="696720032" total="1735502848" percent="40" />
      <mem type="loa" free="20141248" total="110777344" percent="18" />
    </mem>
    <remembered-set count="194094" />
  </mem-info>
</gc-start>
<allocation-stats totalBytes="687718656" >
  <allocated-bytes non-tlh="33119864" tlh="654598792" />
  <largest-consumer threadName="Group1.Backend.CompositeBackend{Tier1}.7" threadId="00000000008C3100" bytes="105905624" />
</allocation-stats>
<gc-op id="2847" type="scavenge" timems="155.033" contextid="2844" timestamp="2020-09-11T12:56:44.720">
  <scavenger-info tenureage="3" tenuremask="7ff8" tiltratio="84" />
  <memory-copied type="nursery" objects="4118092" bytes="110221496" bytesdiscarded="308544" />
  <memory-copied type="tenure" objects="1002967" bytes="26949000" bytesdiscarded="49928" />
  <ownableSynchronizers candidates="4240" cleared="3741" />
  <references type="soft" candidates="516" cleared="0" enqueued="0" dynamicThreshold="18" maxThreshold="32" />
  <references type="weak" candidates="123" cleared="121" enqueued="0" />
</gc-op>
<gc-end id="2848" type="scavenge" contextid="2844" durationms="156.404" usertimems="1141.876" systemtimems="36.617" timestamp="2020-09-11T12:56:44.721" activeThreads="8">
  <mem-info id="2849" free="1379824376" total="2785804288" percent="49">
    <mem type="nursery" free="689848248" total="939524096" percent="73">
      <mem type="allocate" free="689848248" total="800456704" percent="86" />
      <mem type="survivor" free="0" total="139067392" percent="0" />
    </mem>
    <mem type="tenure" free="689976128" total="1846280192" percent="37" macro-fragmented="0">
      <mem type="soa" free="669834880" total="1735502848" percent="38" />
      <mem type="loa" free="20141248" total="110777344" percent="18" />
    </mem>
    <remembered-set count="31349" />
  </mem-info>
</gc-end>
<cycle-end id="2850" type="scavenge" contextid="2844" timestamp="2020-09-11T12:56:44.723" />
<allocation-satisfied id="2851" threadId="0000000000819400" bytesRequested="32" />
<af-end id="2852" timestamp="2020-09-11T12:56:44.723" threadId="0000000000819D80" success="true" from="nursery"/>
<exclusive-end id="2853" timestamp="2020-09-11T12:56:44.724" durationms="160.082" />

<exclusive-start id="2854" timestamp="2020-09-11T12:56:46.618" intervalms="2054.119">
  <response-info timems="0.716" idlems="0.444" threads="1" lastid="0000000000819400" lastname="Group1.Backend.CompositeBackend{Tier1}.3" />
</exclusive-start>
<af-start id="2855" threadId="00000000008C3A80" totalBytesRequested="16" timestamp="2020-09-11T12:56:46.621" intervalms="2056.420" type="nursery" />
<cycle-start id="2856" type="scavenge" contextid="0" timestamp="2020-09-11T12:56:46.622" intervalms="2057.104" />
<gc-start id="2857" type="scavenge" contextid="2856" timestamp="2020-09-11T12:56:46.623">
  <mem-info id="2858" free="689976128" total="2785804288" percent="24">
    <mem type="nursery" free="0" total="939524096" percent="0">
      <mem type="allocate" free="0" total="800456704" percent="0" />
      <mem type="survivor" free="0" total="139067392" percent="0" />
    </mem>
    <mem type="tenure" free="689976128" total="1846280192" percent="37">
      <mem type="soa" free="669834880" total="1735502848" percent="38" />
      <mem type="loa" free="20141248" total="110777344" percent="18" />
    </mem>
    <remembered-set count="193462" />
  </mem-info>
</gc-start>
<allocation-stats totalBytes="689525168" >
  <allocated-bytes non-tlh="33334920" tlh="656190248" />
  <largest-consumer threadName="Group1.Backend.CompositeBackend{Tier1}.2" threadId="00000000007EB800" bytes="94802216" />
</allocation-stats>
<gc-op id="2859" type="scavenge" timems="110.763" contextid="2856" timestamp="2020-09-11T12:56:46.733">
  <scavenger-info tenureage="3" tenuremask="7ff8" tiltratio="85" />
  <memory-copied type="nursery" objects="4228146" bytes="112680288" bytesdiscarded="420384" />
  <memory-copied type="tenure" objects="1085269" bytes="29308728" bytesdiscarded="77480" />
  <ownableSynchronizers candidates="4816" cleared="4265" />
  <references type="soft" candidates="532" cleared="0" enqueued="0" dynamicThreshold="18" maxThreshold="32" />
  <references type="weak" candidates="112" cleared="112" enqueued="0" />
</gc-op>
<gc-end id="2860" type="scavenge" contextid="2856" durationms="112.317" usertimems="853.045" systemtimems="0.000" timestamp="2020-09-11T12:56:46.735" activeThreads="8">
  <mem-info id="2861" free="1349903856" total="2785804288" percent="48">
    <mem type="nursery" free="689307256" total="939524096" percent="73">
      <mem type="allocate" free="689307256" total="802488320" percent="85" />
      <mem type="survivor" free="0" total="137035776" percent="0" />
    </mem>
    <mem type="tenure" free="660596600" total="1846280192" percent="35" macro-fragmented="0">
      <mem type="soa" free="640455352" total="1735502848" percent="36" />
      <mem type="loa" free="20141248" total="110777344" percent="18" />
    </mem>
    <remembered-set count="30621" />
  </mem-info>
</gc-end>
<cycle-end id="2862" type="scavenge" contextid="2856" timestamp="2020-09-11T12:56:46.737" />
<allocation-satisfied id="2863" threadId="00000000008C3100" bytesRequested="16" />
<af-end id="2864" timestamp="2020-09-11T12:56:46.737" threadId="00000000008C3A80" success="true" from="nursery"/>
<exclusive-end id="2865" timestamp="2020-09-11T12:56:46.737" durationms="118.556" />

<exclusive-start id="2866" timestamp="2020-09-11T12:56:48.729" intervalms="2111.353">
  <response-info timems="5.821" idlems="5.821" threads="0" lastid="00000000007EB800" lastname="Group1.Backend.CompositeBackend{Tier1}.2" />
</exclusive-start>
<af-start id="2867" threadId="00000000007EC180" totalBytesRequested="1032" timestamp="2020-09-11T12:56:48.731" intervalms="2109.423" type="nursery" />
<cycle-start id="2868" type="scavenge" contextid="0" timestamp="2020-09-11T12:56:48.731" intervalms="2108.787" />
<gc-start id="2869" type="scavenge" contextid="2868" timestamp="2020-09-11T12:56:48.731">
  <mem-info id="2870" free="660596600" total="2785804288" percent="23">
    <mem type="nursery" free="0" total="939524096" percent="0">
      <mem type="allocate" free="0" total="802488320" percent="0" />
      <mem type="survivor" free="0" total="137035776" percent="0" />
    </mem>
    <mem type="tenure" free="660596600" total="1846280192" percent="35">
      <mem type="soa" free="640455352" total="1735502848" percent="36" />
      <mem type="loa" free="20141248" total="110777344" percent="18" />
    </mem>
    <remembered-set count="193652" />
  </mem-info>
</gc-start>
<allocation-stats totalBytes="688988816" >
  <allocated-bytes non-tlh="31856696" tlh="657132120" />
  <largest-consumer threadName="Group1.Backend.CompositeBackend{Tier1}.7" threadId="00000000008C3100" bytes="118385384" />
</allocation-stats>
<gc-op id="2871" type="scavenge" timems="125.155" contextid="2868" timestamp="2020-09-11T12:56:48.856">
  <scavenger-info tenureage="3" tenuremask="7ff8" tiltratio="85" />
  <memory-copied type="nursery" objects="4053360" bytes="108826032" bytesdiscarded="208392" />
  <memory-copied type="tenure" objects="1087584" bytes="29246952" bytesdiscarded="69072" />
  <ownableSynchronizers candidates="4472" cleared="3924" />
  <references type="soft" candidates="526" cleared="0" enqueued="0" dynamicThreshold="18" maxThreshold="32" />
  <references type="weak" candidates="113" cleared="113" enqueued="0" />
</gc-op>
<gc-end id="2872" type="scavenge" contextid="2868" durationms="126.592" usertimems="875.274" systemtimems="8.947" timestamp="2020-09-11T12:56:48.858" activeThreads="8">
  <mem-info id="2873" free="1326912744" total="2785804288" percent="47">
    <mem type="nursery" free="695532032" total="939524096" percent="74">
      <mem type="allocate" free="695532032" total="804651008" percent="86" />
      <mem type="survivor" free="0" total="134873088" percent="0" />
    </mem>
    <mem type="tenure" free="631380712" total="1846280192" percent="34" macro-fragmented="0">
      <mem type="soa" free="611239464" total="1735502848" percent="35" />
      <mem type="loa" free="20141248" total="110777344" percent="18" />
    </mem>
    <remembered-set count="30486" />
  </mem-info>
</gc-end>
<cycle-end id="2874" type="scavenge" contextid="2868" timestamp="2020-09-11T12:56:48.859" />
<allocation-satisfied id="2875" threadId="00000000007EB800" bytesRequested="1032" />
<af-end id="2876" timestamp="2020-09-11T12:56:48.859" threadId="00000000007EC180" success="true" from="nursery"/>
<exclusive-end id="2877" timestamp="2020-09-11T12:56:48.859" durationms="129.868" />

<exclusive-start id="2878" timestamp="2020-09-11T12:56:50.831" intervalms="2101.173">
  <response-info timems="0.356" idlems="0.356" threads="0" lastid="0000000000819400" lastname="Group1.Backend.CompositeBackend{Tier1}.3" />
</exclusive-start>
<af-start id="2879" threadId="0000000000819D80" totalBytesRequested="131080" timestamp="2020-09-11T12:56:50.831" intervalms="2100.788" type="nursery" />
<cycle-start id="2880" type="scavenge" contextid="0" timestamp="2020-09-11T12:56:50.832" intervalms="2100.761" />
<gc-start id="2881" type="scavenge" contextid="2880" timestamp="2020-09-11T12:56:50.832">
  <mem-info id="2882" free="631380712" total="2785804288" percent="22">
    <mem type="nursery" free="0" total="939524096" percent="0">
      <mem type="allocate" free="0" total="804651008" percent="0" />
      <mem type="survivor" free="0" total="134873088" percent="0" />
    </mem>
    <mem type="tenure" free="631380712" total="1846280192" percent="34">
      <mem type="soa" free="611239464" total="1735502848" percent="35" />
      <mem type="loa" free="20141248" total="110777344" percent="18" />
    </mem>
    <remembered-set count="194180" />
  </mem-info>
</gc-start>
<allocation-stats totalBytes="695214408" >
  <allocated-bytes non-tlh="35510240" tlh="659704168" />
  <largest-consumer threadName="Group1.Backend.CompositeBackend{Tier1}.3" threadId="0000000000819400" bytes="114825976" />
</allocation-stats>
<gc-op id="2883" type="scavenge" timems="113.519" contextid="2880" timestamp="2020-09-11T12:56:50.945">
  <scavenger-info tenureage="3" tenuremask="7ff8" tiltratio="85" />
  <memory-copied type="nursery" objects="4304344" bytes="114721544" bytesdiscarded="204712" />
  <memory-copied type="tenure" objects="1084223" bytes="29137544" bytesdiscarded="51784" />
  <ownableSynchronizers candidates="4066" cleared="3518" />
  <references type="soft" candidates="529" cleared="0" enqueued="0" dynamicThreshold="18" maxThreshold="32" />
  <references type="weak" candidates="112" cleared="112" enqueued="0" />
</gc-op>
<gc-end id="2884" type="scavenge" contextid="2880" durationms="114.459" usertimems="885.172" systemtimems="0.000" timestamp="2020-09-11T12:56:50.946" activeThreads="8">
  <mem-info id="2885" free="1291376032" total="2785804288" percent="46">
    <mem type="nursery" free="689439840" total="939524096" percent="73">
      <mem type="allocate" free="689439840" total="804454400" percent="85" />
      <mem type="survivor" free="0" total="135069696" percent="0" />
    </mem>
    <mem type="tenure" free="601936192" total="1846280192" percent="32" macro-fragmented="0">
      <mem type="soa" free="581794944" total="1735502848" percent="33" />
      <mem type="loa" free="20141248" total="110777344" percent="18" />
    </mem>
    <remembered-set count="29600" />
  </mem-info>
</gc-end>
<cycle-end id="2886" type="scavenge" contextid="2880" timestamp="2020-09-11T12:56:50.947" />
<allocation-satisfied id="2887" threadId="0000000000819400" bytesRequested="131080" />
<af-end id="2888" timestamp="2020-09-11T12:56:50.948" threadId="0000000000819D80" success="true" from="nursery"/>
<exclusive-end id="2889" timestamp="2020-09-11T12:56:50.948" durationms="116.951" />

<exclusive-start id="2890" timestamp="2020-09-11T12:56:52.983" intervalms="2152.191">
  <response-info timems="0.646" idlems="0.646" threads="0" lastid="000000000086AF00" lastname="Group1.Backend.CompositeBackend{Tier1}.5" />
</exclusive-start>
<af-start id="2891" threadId="000000000086B880" totalBytesRequested="16" timestamp="2020-09-11T12:56:52.984" intervalms="2152.247" type="nursery" />
<cycle-start id="2892" type="scavenge" contextid="0" timestamp="2020-09-11T12:56:52.984" intervalms="2152.226" />
<gc-start id="2893" type="scavenge" contextid="2892" timestamp="2020-09-11T12:56:52.984">
  <mem-info id="2894" free="601936192" total="2785804288" percent="21">
    <mem type="nursery" free="0" total="939524096" percent="0">
      <mem type="allocate" free="0" total="804454400" percent="0" />
      <mem type="survivor" free="0" total="135069696" percent="0" />
    </mem>
    <mem type="tenure" free="601936192" total="1846280192" percent="32">
      <mem type="soa" free="581794944" total="1735502848" percent="33" />
      <mem type="loa" free="20141248" total="110777344" percent="18" />
    </mem>
    <remembered-set count="194404" />
  </mem-info>
</gc-start>
<allocation-stats totalBytes="689105192" >
  <allocated-bytes non-tlh="29804264" tlh="659300928" />
  <largest-consumer threadName="Group1.Backend.CompositeBackend{Tier1}.4" threadId="0000000000863200" bytes="109708360" />
</allocation-stats>
<gc-op id="2895" type="scavenge" timems="110.735" contextid="2892" timestamp="2020-09-11T12:56:53.095">
  <scavenger-info tenureage="3" tenuremask="7ff8" tiltratio="85" />
  <memory-copied type="nursery" objects="4127355" bytes="110773816" bytesdiscarded="134504" />
  <memory-copied type="tenure" objects="1081139" bytes="29068512" bytesdiscarded="77296" />
  <ownableSynchronizers candidates="3630" cleared="3112" />
  <references type="soft" candidates="490" cleared="0" enqueued="0" dynamicThreshold="18" maxThreshold="32" />
  <references type="weak" candidates="142" cleared="142" enqueued="0" />
</gc-op>
<gc-end id="2896" type="scavenge" contextid="2892" durationms="111.784" usertimems="794.614" systemtimems="0.000" timestamp="2020-09-11T12:56:53.096" activeThreads="8">
  <mem-info id="2897" free="1267673552" total="2785804288" percent="45">
    <mem type="nursery" free="694765312" total="939524096" percent="73">
      <mem type="allocate" free="694765312" total="805765120" percent="86" />
      <mem type="survivor" free="0" total="133758976" percent="0" />
    </mem>
    <mem type="tenure" free="572908240" total="1846280192" percent="31" macro-fragmented="0">
      <mem type="soa" free="552766992" total="1735502848" percent="31" />
      <mem type="loa" free="20141248" total="110777344" percent="18" />
    </mem>
    <remembered-set count="30519" />
  </mem-info>
</gc-end>
<cycle-end id="2898" type="scavenge" contextid="2892" timestamp="2020-09-11T12:56:53.097" />
<allocation-satisfied id="2899" threadId="000000000086AF00" bytesRequested="16" />
<af-end id="2900" timestamp="2020-09-11T12:56:53.097" threadId="000000000086B880" success="true" from="nursery"/>
<exclusive-end id="2901" timestamp="2020-09-11T12:56:53.097" durationms="114.387" />

<exclusive-start id="2902" timestamp="2020-09-11T12:56:55.150" intervalms="2167.511">
  <response-info timems="0.347" idlems="0.347" threads="0" lastid="000000000078C200" lastname="Group1.Backend.CompositeBackend{Tier1}.1" />
</exclusive-start>
<af-start id="2903" threadId="000000000078CB80" totalBytesRequested="16" timestamp="2020-09-11T12:56:55.151" intervalms="2167.594" type="nursery" />
<cycle-start id="2904" type="scavenge" contextid="0" timestamp="2020-09-11T12:56:55.151" intervalms="2167.625" />
<gc-start id="2905" type="scavenge" contextid="2904" timestamp="2020-09-11T12:56:55.152">
  <mem-info id="2906" free="572908240" total="2785804288" percent="20">
    <mem type="nursery" free="0" total="939524096" percent="0">
      <mem type="allocate" free="0" total="805765120" percent="0" />
      <mem type="survivor" free="0" total="133758976" percent="0" />
    </mem>
    <mem type="tenure" free="572908240" total="1846280192" percent="31">
      <mem type="soa" free="552766992" total="1735502848" percent="31" />
      <mem type="loa" free="20141248" total="110777344" percent="18" />
    </mem>
    <remembered-set count="199317" />
  </mem-info>
</gc-start>
<allocation-stats totalBytes="694432904" >
  <allocated-bytes non-tlh="24724320" tlh="669708584" />
  <largest-consumer threadName="Group1.Backend.CompositeBackend{Tier1}.5" threadId="000000000086AF00" bytes="118423592" />
</allocation-stats>
<gc-op id="2907" type="scavenge" timems="124.837" contextid="2904" timestamp="2020-09-11T12:56:55.277">
  <scavenger-info tenureage="3" tenuremask="7ff8" tiltratio="85" />
  <memory-copied type="nursery" objects="4425814" bytes="118004456" bytesdiscarded="246704" />
  <memory-copied type="tenure" objects="1089296" bytes="29297056" bytesdiscarded="71064" />
  <ownableSynchronizers candidates="4306" cleared="3794" />
  <references type="soft" candidates="522" cleared="0" enqueued="0" dynamicThreshold="18" maxThreshold="32" />
  <references type="weak" candidates="103" cleared="102" enqueued="0" />
</gc-op>
<gc-end id="2908" type="scavenge" contextid="2904" durationms="125.804" usertimems="959.780" systemtimems="3.753" timestamp="2020-09-11T12:56:55.277" activeThreads="8">
  <mem-info id="2909" free="1225914136" total="2785804288" percent="44">
    <mem type="nursery" free="682184680" total="939524096" percent="72">
      <mem type="allocate" free="682184680" total="800522240" percent="85" />
      <mem type="survivor" free="0" total="139001856" percent="0" />
    </mem>
    <mem type="tenure" free="543729456" total="1846280192" percent="29" macro-fragmented="0">
      <mem type="soa" free="523588208" total="1735502848" percent="30" />
      <mem type="loa" free="20141248" total="110777344" percent="18" />
    </mem>
    <remembered-set count="32783" />
  </mem-info>
</gc-end>
<cycle-end id="2910" type="scavenge" contextid="2904" timestamp="2020-09-11T12:56:55.279" />
<allocation-satisfied id="2911" threadId="000000000078C200" bytesRequested="16" />
<af-end id="2912" timestamp="2020-09-11T12:56:55.279" threadId="000000000078CB80" success="true" from="nursery"/>
<exclusive-end id="2913" timestamp="2020-09-11T12:56:55.279" durationms="128.939" />

<exclusive-start id="2914" timestamp="2020-09-11T12:56:57.148" intervalms="1997.737">
  <response-info timems="3.899" idlems="3.899" threads="0" lastid="000000000088B400" lastname="Group1.Backend.CompositeBackend{Tier1}.6" />
</exclusive-start>
<af-start id="2915" threadId="000000000088BD80" totalBytesRequested="32" timestamp="2020-09-11T12:56:57.149" intervalms="1998.055" type="nursery" />
<cycle-start id="2916" type="scavenge" contextid="0" timestamp="2020-09-11T12:56:57.149" intervalms="1998.087" />
<gc-start id="2917" type="scavenge" contextid="2916" timestamp="2020-09-11T12:56:57.150">
  <mem-info id="2918" free="543729456" total="2785804288" percent="19">
    <mem type="nursery" free="0" total="939524096" percent="0">
      <mem type="allocate" free="0" total="800522240" percent="0" />
      <mem type="survivor" free="0" total="139001856" percent="0" />
    </mem>
    <mem type="tenure" free="543729456" total="1846280192" percent="29">
      <mem type="soa" free="523588208" total="1735502848" percent="30" />
      <mem type="loa" free="20141248" total="110777344" percent="18" />
    </mem>
    <remembered-set count="191312" />
  </mem-info>
</gc-start>
<allocation-stats totalBytes="681877520" >
  <allocated-bytes non-tlh="39688704" tlh="642188816" />
  <largest-consumer threadName="Group1.Backend.CompositeBackend{Tier1}.5" threadId="000000000086AF00" bytes="136069784" />
</allocation-stats>
<gc-op id="2919" type="scavenge" timems="128.211" contextid="2916" timestamp="2020-09-11T12:56:57.278">
  <scavenger-info tenureage="3" tenuremask="7ff8" tiltratio="85" />
  <memory-copied type="nursery" objects="4336808" bytes="115164104" bytesdiscarded="213536" />
  <memory-copied type="tenure" objects="1107469" bytes="29766472" bytesdiscarded="44992" />
  <ownableSynchronizers candidates="3468" cleared="2982" />
  <references type="soft" candidates="506" cleared="0" enqueued="0" dynamicThreshold="18" maxThreshold="32" />
  <references type="weak" candidates="128" cleared="128" enqueued="0" />
</gc-op>
<gc-end id="2920" type="scavenge" contextid="2916" durationms="129.299" usertimems="891.192" systemtimems="5.508" timestamp="2020-09-11T12:56:57.279" activeThreads="8">
  <mem-info id="2921" free="1200284360" total="2785804288" percent="43">
    <mem type="nursery" free="686444536" total="939524096" percent="73">
      <mem type="allocate" free="686444536" total="801898496" percent="85" />
      <mem type="survivor" free="0" total="137625600" percent="0" />
    </mem>
    <mem type="tenure" free="513839824" total="1846280192" percent="27" macro-fragmented="0">
      <mem type="soa" free="493698576" total="1735502848" percent="28" />
      <mem type="loa" free="20141248" total="110777344" percent="18" />
    </mem>
    <remembered-set count="32712" />
  </mem-info>
</gc-end>
<cycle-end id="2922" type="scavenge" contextid="2916" timestamp="2020-09-11T12:56:57.281" />
<allocation-satisfied id="2923" threadId="000000000088B400" bytesRequested="32" />
<af-end id="2924" timestamp="2020-09-11T12:56:57.281" threadId="000000000088BD80" success="true" from="nursery"/>
<exclusive-end id="2925" timestamp="2020-09-11T12:56:57.281" durationms="132.579" />

<exclusive-start id="2926" timestamp="2020-09-11T12:56:59.275" intervalms="2126.520">
  <response-info timems="0.600" idlems="0.600" threads="0" lastid="000000000086AF00" lastname="Group1.Backend.CompositeBackend{Tier1}.5" />
</exclusive-start>
<af-start id="2927" threadId="000000000086B880" totalBytesRequested="120" timestamp="2020-09-11T12:56:59.275" intervalms="2126.079" type="nursery" />
<cycle-start id="2928" type="scavenge" contextid="0" timestamp="2020-09-11T12:56:59.275" intervalms="2126.004" />
<gc-start id="2929" type="scavenge" contextid="2928" timestamp="2020-09-11T12:56:59.276">
  <mem-info id="2930" free="513839824" total="2785804288" percent="18">
    <mem type="nursery" free="0" total="939524096" percent="0">
      <mem type="allocate" free="0" total="801898496" percent="0" />
      <mem type="survivor" free="0" total="137625600" percent="0" />
    </mem>
    <mem type="tenure" free="513839824" total="1846280192" percent="27">
      <mem type="soa" free="493698576" total="1735502848" percent="28" />
      <mem type="loa" free="20141248" total="110777344" percent="18" />
    </mem>
    <remembered-set count="196835" />
  </mem-info>
</gc-start>
<allocation-stats totalBytes="686120880" >
  <allocated-bytes non-tlh="31457984" tlh="654662896" />
  <largest-consumer threadName="Group1.Backend.CompositeBackend{Tier1}.5" threadId="000000000086AF00" bytes="121344096" />
</allocation-stats>
<gc-op id="2931" type="scavenge" timems="122.335" contextid="2928" timestamp="2020-09-11T12:56:59.398">
  <scavenger-info tenureage="3" tenuremask="7ff8" tiltratio="85" />
  <memory-copied type="nursery" objects="4333917" bytes="115332552" bytesdiscarded="173512" />
  <memory-copied type="tenure" objects="1114448" bytes="29968224" bytesdiscarded="82176" />
  <ownableSynchronizers candidates="3731" cleared="3251" />
  <references type="soft" candidates="525" cleared="0" enqueued="0" dynamicThreshold="18" maxThreshold="32" />
  <references type="weak" candidates="113" cleared="113" enqueued="0" />
</gc-op>
<gc-end id="2932" type="scavenge" contextid="2928" durationms="123.262" usertimems="904.045" systemtimems="2.346" timestamp="2020-09-11T12:56:59.399" activeThreads="8">
  <mem-info id="2933" free="1171776656" total="2785804288" percent="42">
    <mem type="nursery" free="687945736" total="939524096" percent="73">
      <mem type="allocate" free="687945736" total="803536896" percent="85" />
      <mem type="survivor" free="0" total="135987200" percent="0" />
    </mem>
    <mem type="tenure" free="483830920" total="1846280192" percent="26" macro-fragmented="0">
      <mem type="soa" free="463689672" total="1735502848" percent="26" />
      <mem type="loa" free="20141248" total="110777344" percent="18" />
    </mem>
    <remembered-set count="33186" />
  </mem-info>
</gc-end>
<cycle-end id="2934" type="scavenge" contextid="2928" timestamp="2020-09-11T12:56:59.400" />
<allocation-satisfied id="2935" threadId="000000000086AF00" bytesRequested="120" />
<af-end id="2936" timestamp="2020-09-11T12:56:59.400" threadId="000000000086B880" success="true" from="nursery"/>
<exclusive-end id="2937" timestamp="2020-09-11T12:56:59.400" durationms="125.832" />

<exclusive-start id="2938" timestamp="2020-09-11T12:57:01.375" intervalms="2100.515">
  <response-info timems="1.015" idlems="1.015" threads="0" lastid="00000000008DD200" lastname="Group1.Backend.CompositeBackend{Tier1}.8" />
</exclusive-start>
<af-start id="2939" threadId="00000000008DDB80" totalBytesRequested="524296" timestamp="2020-09-11T12:57:01.376" intervalms="2100.583" type="nursery" />
<cycle-start id="2940" type="scavenge" contextid="0" timestamp="2020-09-11T12:57:01.376" intervalms="2100.589" />
<gc-start id="2941" type="scavenge" contextid="2940" timestamp="2020-09-11T12:57:01.376">
  <mem-info id="2942" free="484052040" total="2785804288" percent="17">
    <mem type="nursery" free="221120" total="939524096" percent="0">
      <mem type="allocate" free="221120" total="803536896" percent="0" />
      <mem type="survivor" free="0" total="135987200" percent="0" />
    </mem>
    <mem type="tenure" free="483830920" total="1846280192" percent="26">
      <mem type="soa" free="463689672" total="1735502848" percent="26" />
      <mem type="loa" free="20141248" total="110777344" percent="18" />
    </mem>
    <remembered-set count="197850" />
  </mem-info>
</gc-start>
<allocation-stats totalBytes="687392816" >
  <allocated-bytes non-tlh="29834216" tlh="657558600" />
  <largest-consumer threadName="Group1.Backend.CompositeBackend{Tier1}.7" threadId="00000000008C3100" bytes="144182952" />
</allocation-stats>
<gc-op id="2943" type="scavenge" timems="152.539" contextid="2940" timestamp="2020-09-11T12:57:01.529">
  <scavenger-info tenureage="3" tenuremask="7ff8" tiltratio="85" />
  <memory-copied type="nursery" objects="4203130" bytes="112248856" bytesdiscarded="240664" />
  <memory-copied type="tenure" objects="1160275" bytes="31171816" bytesdiscarded="58544" />
  <ownableSynchronizers candidates="4098" cleared="3590" />
  <references type="soft" candidates="505" cleared="0" enqueued="0" dynamicThreshold="18" maxThreshold="32" />
  <references type="weak" candidates="117" cleared="117" enqueued="0" />
</gc-op>
<gc-end id="2944" type="scavenge" contextid="2940" durationms="153.615" usertimems="1007.506" systemtimems="12.294" timestamp="2020-09-11T12:57:01.530" activeThreads="8">
  <mem-info id="2945" free="1144875280" total="2785804288" percent="41">
    <mem type="nursery" free="692334048" total="939524096" percent="73">
      <mem type="allocate" free="692334048" total="804913152" percent="86" />
      <mem type="survivor" free="0" total="134610944" percent="0" />
    </mem>
    <mem type="tenure" free="452541232" total="1846280192" percent="24" macro-fragmented="0">
      <mem type="soa" free="432399984" total="1735502848" percent="24" />
      <mem type="loa" free="20141248" total="110777344" percent="18" />
    </mem>
    <remembered-set count="30935" />
  </mem-info>
</gc-end>
<cycle-end id="2946" type="scavenge" contextid="2940" timestamp="2020-09-11T12:57:01.533" />
<allocation-satisfied id="2947" threadId="00000000008DD200" bytesRequested="524296" />
<af-end id="2948" timestamp="2020-09-11T12:57:01.533" threadId="00000000008DDB80" success="true" from="nursery"/>
<exclusive-end id="2949" timestamp="2020-09-11T12:57:01.533" durationms="158.080" />

<exclusive-start id="2950" timestamp="2020-09-11T12:57:03.544" intervalms="2168.626">
  <response-info timems="0.610" idlems="0.610" threads="0" lastid="0000000000863200" lastname="Group1.Backend.CompositeBackend{Tier1}.4" />
</exclusive-start>
<af-start id="2951" threadId="0000000000863B80" totalBytesRequested="32" timestamp="2020-09-11T12:57:03.545" intervalms="2168.611" type="nursery" />
<cycle-start id="2952" type="scavenge" contextid="0" timestamp="2020-09-11T12:57:03.545" intervalms="2168.611" />
<gc-start id="2953" type="scavenge" contextid="2952" timestamp="2020-09-11T12:57:03.545">
  <mem-info id="2954" free="452541232" total="2785804288" percent="16">
    <mem type="nursery" free="0" total="939524096" percent="0">
      <mem type="allocate" free="0" total="804913152" percent="0" />
      <mem type="survivor" free="0" total="134610944" percent="0" />
    </mem>
    <mem type="tenure" free="452541232" total="1846280192" percent="24">
      <mem type="soa" free="432399984" total="1735502848" percent="24" />
      <mem type="loa" free="20141248" total="110777344" percent="18" />
    </mem>
    <remembered-set count="196011" />
  </mem-info>
</gc-start>
<allocation-stats totalBytes="692002480" >
  <allocated-bytes non-tlh="29632904" tlh="662369576" />
  <largest-consumer threadName="Group1.Backend.CompositeBackend{Tier1}.3" threadId="0000000000819400" bytes="97466432" />
</allocation-stats>
<gc-op id="2955" type="scavenge" timems="152.988" contextid="2952" timestamp="2020-09-11T12:57:03.698">
  <scavenger-info tenureage="3" tenuremask="7ff8" tiltratio="85" />
  <memory-copied type="nursery" objects="4307175" bytes="114677816" bytesdiscarded="353352" />
  <memory-copied type="tenure" objects="1025156" bytes="27551616" bytesdiscarded="69720" />
  <ownableSynchronizers candidates="4483" cleared="3987" />
  <references type="soft" candidates="495" cleared="0" enqueued="0" dynamicThreshold="18" maxThreshold="32" />
  <references type="weak" candidates="93" cleared="93" enqueued="0" />
</gc-op>
<gc-end id="2956" type="scavenge" contextid="2952" durationms="154.096" usertimems="1105.738" systemtimems="24.125" timestamp="2020-09-11T12:57:03.699" activeThreads="8">
  <mem-info id="2957" free="1115478896" total="2785804288" percent="40">
    <mem type="nursery" free="690455544" total="939524096" percent="73">
      <mem type="allocate" free="690455544" total="805568512" percent="85" />
      <mem type="survivor" free="0" total="133955584" percent="0" />
    </mem>
    <mem type="tenure" free="425023352" total="1846280192" percent="23" macro-fragmented="0">
      <mem type="soa" free="404882104" total="1735502848" percent="23" />
      <mem type="loa" free="20141248" total="110777344" percent="18" />
    </mem>
    <remembered-set count="30576" />
  </mem-info>
</gc-end>
<cycle-end id="2958" type="scavenge" contextid="2952" timestamp="2020-09-11T12:57:03.700" />
<allocation-satisfied id="2959" threadId="0000000000863200" bytesRequested="32" />
<af-end id="2960" timestamp="2020-09-11T12:57:03.701" threadId="0000000000863B80" success="true" from="nursery"/>
<exclusive-end id="2961" timestamp="2020-09-11T12:57:03.701" durationms="156.808" />

<exclusive-start id="2962" timestamp="2020-09-11T12:57:05.597" intervalms="2053.411">
  <response-info timems="3.430" idlems="1.861" threads="1" lastid="00000000008DD200" lastname="Group1.Backend.CompositeBackend{Tier1}.8" />
</exclusive-start>
<af-start id="2963" threadId="0000000000A94B80" totalBytesRequested="80" timestamp="2020-09-11T12:57:05.598" intervalms="2053.531" type="nursery" />
<cycle-start id="2964" type="scavenge" contextid="0" timestamp="2020-09-11T12:57:05.598" intervalms="2053.541" />
<gc-start id="2965" type="scavenge" contextid="2964" timestamp="2020-09-11T12:57:05.599">
  <mem-info id="2966" free="425023352" total="2785804288" percent="15">
    <mem type="nursery" free="0" total="939524096" percent="0">
      <mem type="allocate" free="0" total="805568512" percent="0" />
      <mem type="survivor" free="0" total="133955584" percent="0" />
    </mem>
    <mem type="tenure" free="425023352" total="1846280192" percent="23">
      <mem type="soa" free="404882104" total="1735502848" percent="23" />
      <mem type="loa" free="20141248" total="110777344" percent="18" />
    </mem>
    <remembered-set count="189659" />
  </mem-info>
</gc-start>
<allocation-stats totalBytes="690145104" >
  <allocated-bytes non-tlh="37610384" tlh="652534720" />
  <largest-consumer threadName="Group1.Backend.CompositeBackend{Tier1}.6" threadId="000000000088B400" bytes="94645480" />
</allocation-stats>
<gc-op id="2967" type="scavenge" timems="154.276" contextid="2964" timestamp="2020-09-11T12:57:05.753">
  <scavenger-info tenureage="3" tenuremask="7ff8" tiltratio="85" />
  <memory-copied type="nursery" objects="4252086" bytes="113169664" bytesdiscarded="223200" />
  <memory-copied type="tenure" objects="1099294" bytes="29545808" bytesdiscarded="50080" />
  <ownableSynchronizers candidates="4782" cleared="4259" />
  <references type="soft" candidates="507" cleared="0" enqueued="0" dynamicThreshold="18" maxThreshold="32" />
  <references type="weak" candidates="138" cleared="137" enqueued="0" />
</gc-op>
<gc-end id="2968" type="scavenge" contextid="2964" durationms="155.477" usertimems="1089.677" systemtimems="23.373" timestamp="2020-09-11T12:57:05.754" activeThreads="8">
  <mem-info id="2969" free="1088644216" total="2785804288" percent="39">
    <mem type="nursery" free="693211376" total="939524096" percent="73">
      <mem type="allocate" free="693211376" total="806682624" percent="85" />
      <mem type="survivor" free="0" total="132841472" percent="0" />
    </mem>
    <mem type="tenure" free="395432840" total="1846280192" percent="21" macro-fragmented="0">
      <mem type="soa" free="375291592" total="1735502848" percent="21" />
      <mem type="loa" free="20141248" total="110777344" percent="18" />
    </mem>
    <remembered-set count="29268" />
  </mem-info>
</gc-end>
<cycle-end id="2970" type="scavenge" contextid="2964" timestamp="2020-09-11T12:57:05.755" />
<allocation-satisfied id="2971" threadId="0000000000A94200" bytesRequested="80" />
<af-end id="2972" timestamp="2020-09-11T12:57:05.755" threadId="0000000000A94B80" success="true" from="nursery"/>
<exclusive-end id="2973" timestamp="2020-09-11T12:57:05.755" durationms="158.191" />

<exclusive-start id="2974" timestamp="2020-09-11T12:57:07.717" intervalms="2119.606">
  <response-info timems="1.503" idlems="0.755" threads="1" lastid="00000000007EB800" lastname="Group1.Backend.CompositeBackend{Tier1}.2" />
</exclusive-start>
<af-start id="2975" threadId="000000000088BD80" totalBytesRequested="24" timestamp="2020-09-11T12:57:07.718" intervalms="2119.459" type="nursery" />
<cycle-start id="2976" type="scavenge" contextid="0" timestamp="2020-09-11T12:57:07.718" intervalms="2119.438" />
<gc-start id="2977" type="scavenge" contextid="2976" timestamp="2020-09-11T12:57:07.718">
  <mem-info id="2978" free="395432840" total="2785804288" percent="14">
    <mem type="nursery" free="0" total="939524096" percent="0">
      <mem type="allocate" free="0" total="806682624" percent="0" />
      <mem type="survivor" free="0" total="132841472" percent="0" />
    </mem>
    <mem type="tenure" free="395432840" total="1846280192" percent="21">
      <mem type="soa" free="375291592" total="1735502848" percent="21" />
      <mem type="loa" free="20141248" total="110777344" percent="18" />
    </mem>
    <remembered-set count="194361" />
  </mem-info>
</gc-start>
<allocation-stats totalBytes="692869096" >
  <allocated-bytes non-tlh="28762464" tlh="664106632" />
  <largest-consumer threadName="Group1.Backend.CompositeBackend{Tier1}.5" threadId="000000000086AF00" bytes="116485408" />
</allocation-stats>
<gc-op id="2979" type="scavenge" timems="137.740" contextid="2976" timestamp="2020-09-11T12:57:07.856">
  <scavenger-info tenureage="3" tenuremask="7ff8" tiltratio="85" />
  <memory-copied type="nursery" objects="4297929" bytes="114664408" bytesdiscarded="176672" />
  <memory-copied type="tenure" objects="1111815" bytes="29901480" bytesdiscarded="58312" />
  <ownableSynchronizers candidates="5723" cleared="5142" />
  <references type="soft" candidates="542" cleared="0" enqueued="0" dynamicThreshold="18" maxThreshold="32" />
  <references type="weak" candidates="108" cleared="108" enqueued="0" />
</gc-op>
<gc-end id="2980" type="scavenge" contextid="2976" durationms="138.774" usertimems="1018.186" systemtimems="11.717" timestamp="2020-09-11T12:57:07.857" activeThreads="8">
  <mem-info id="2981" free="1057703888" total="2785804288" percent="37">
    <mem type="nursery" free="692280248" total="939524096" percent="73">
      <mem type="allocate" free="692280248" total="807206912" percent="85" />
      <mem type="survivor" free="0" total="132317184" percent="0" />
    </mem>
    <mem type="tenure" free="365423640" total="1846280192" percent="19" macro-fragmented="0">
      <mem type="soa" free="345282392" total="1735502848" percent="19" />
      <mem type="loa" free="20141248" total="110777344" percent="18" />
    </mem>
    <remembered-set count="29232" />
  </mem-info>
</gc-end>
<cycle-end id="2982" type="scavenge" contextid="2976" timestamp="2020-09-11T12:57:07.858" />
<allocation-satisfied id="2983" threadId="000000000088B400" bytesRequested="24" />
<af-end id="2984" timestamp="2020-09-11T12:57:07.858" threadId="000000000088BD80" success="true" from="nursery"/>
<exclusive-end id="2985" timestamp="2020-09-11T12:57:07.858" durationms="141.346" />

<exclusive-start id="2986" timestamp="2020-09-11T12:57:09.796" intervalms="2078.799">
  <response-info timems="1.169" idlems="1.169" threads="0" lastid="00000000008DD200" lastname="Group1.Backend.CompositeBackend{Tier1}.8" />
</exclusive-start>
<af-start id="2987" threadId="00000000008DDB80" totalBytesRequested="664" timestamp="2020-09-11T12:57:09.797" intervalms="2079.061" type="nursery" />
<cycle-start id="2988" type="scavenge" contextid="0" timestamp="2020-09-11T12:57:09.797" intervalms="2079.140" />
<gc-start id="2989" type="scavenge" contextid="2988" timestamp="2020-09-11T12:57:09.797">
  <mem-info id="2990" free="365423640" total="2785804288" percent="13">
    <mem type="nursery" free="0" total="939524096" percent="0">
      <mem type="allocate" free="0" total="807206912" percent="0" />
      <mem type="survivor" free="0" total="132317184" percent="0" />
    </mem>
    <mem type="tenure" free="365423640" total="1846280192" percent="19">
      <mem type="soa" free="345282392" total="1735502848" percent="19" />
      <mem type="loa" free="20141248" total="110777344" percent="18" />
    </mem>
    <remembered-set count="190993" />
  </mem-info>
</gc-start>
<allocation-stats totalBytes="691947632" >
  <allocated-bytes non-tlh="36185368" tlh="655762264" />
  <largest-consumer threadName="Group1.Backend.CompositeBackend{Tier1}.5" threadId="000000000086AF00" bytes="90730992" />
</allocation-stats>
<gc-op id="2991" type="scavenge" timems="137.349" contextid="2988" timestamp="2020-09-11T12:57:09.935">
  <scavenger-info tenureage="3" tenuremask="7ff8" tiltratio="85" />
  <memory-copied type="nursery" objects="4062201" bytes="109062344" bytesdiscarded="163736" />
  <memory-copied type="tenure" objects="1143065" bytes="30738152" bytesdiscarded="53440" />
  <ownableSynchronizers candidates="4100" cleared="3522" />
  <references type="soft" candidates="564" cleared="0" enqueued="0" dynamicThreshold="18" maxThreshold="32" />
  <references type="weak" candidates="129" cleared="128" enqueued="0" />
</gc-op>
<gc-end id="2992" type="scavenge" contextid="2988" durationms="138.375" usertimems="983.591" systemtimems="7.928" timestamp="2020-09-11T12:57:09.935" activeThreads="8">
  <mem-info id="2993" free="1033186960" total="2785804288" percent="37">
    <mem type="nursery" free="698682368" total="939524096" percent="74">
      <mem type="allocate" free="698682368" total="807993344" percent="86" />
      <mem type="survivor" free="0" total="131530752" percent="0" />
    </mem>
    <mem type="tenure" free="334504592" total="1846280192" percent="18" macro-fragmented="0">
      <mem type="soa" free="314363344" total="1735502848" percent="18" />
      <mem type="loa" free="20141248" total="110777344" percent="18" />
    </mem>
    <remembered-set count="28981" />
  </mem-info>
</gc-end>
<cycle-end id="2994" type="scavenge" contextid="2988" timestamp="2020-09-11T12:57:09.937" />
<allocation-satisfied id="2995" threadId="00000000008DD200" bytesRequested="664" />
<af-end id="2996" timestamp="2020-09-11T12:57:09.937" threadId="00000000008DDB80" success="true" from="nursery"/>
<exclusive-end id="2997" timestamp="2020-09-11T12:57:09.937" durationms="141.950" />

<exclusive-start id="2998" timestamp="2020-09-11T12:57:11.975" intervalms="2179.507">
  <response-info timems="6.638" idlems="6.638" threads="0" lastid="00000000007EB800" lastname="Group1.Backend.CompositeBackend{Tier1}.2" />
</exclusive-start>
<af-start id="2999" threadId="00000000007EC180" totalBytesRequested="664" timestamp="2020-09-11T12:57:11.976" intervalms="2179.719" type="nursery" />
<cycle-start id="3000" type="scavenge" contextid="0" timestamp="2020-09-11T12:57:11.977" intervalms="2179.772" />
<gc-start id="3001" type="scavenge" contextid="3000" timestamp="2020-09-11T12:57:11.977">
  <mem-info id="3002" free="334504592" total="2785804288" percent="12">
    <mem type="nursery" free="0" total="939524096" percent="0">
      <mem type="allocate" free="0" total="807993344" percent="0" />
      <mem type="survivor" free="0" total="131530752" percent="0" />
    </mem>
    <mem type="tenure" free="334504592" total="1846280192" percent="18">
      <mem type="soa" free="314363344" total="1735502848" percent="18" />
      <mem type="loa" free="20141248" total="110777344" percent="18" />
    </mem>
    <remembered-set count="195137" />
  </mem-info>
</gc-start>
<allocation-stats totalBytes="698349216" >
  <allocated-bytes non-tlh="27713008" tlh="670636208" />
  <largest-consumer threadName="Group1.Backend.CompositeBackend{Tier1}.4" threadId="0000000000863200" bytes="99491928" />
</allocation-stats>
<gc-op id="3003" type="scavenge" timems="148.019" contextid="3000" timestamp="2020-09-11T12:57:12.125">
  <scavenger-info tenureage="3" tenuremask="7ff8" tiltratio="86" />
  <memory-copied type="nursery" objects="4191657" bytes="112524456" bytesdiscarded="252528" />
  <memory-copied type="tenure" objects="1053862" bytes="28344104" bytesdiscarded="38960" />
  <ownableSynchronizers candidates="4372" cleared="3789" />
  <references type="soft" candidates="549" cleared="0" enqueued="0" dynamicThreshold="18" maxThreshold="32" />
  <references type="weak" candidates="102" cleared="102" enqueued="0" />
</gc-op>
<gc-end id="3004" type="scavenge" contextid="3000" durationms="149.125" usertimems="1093.098" systemtimems="10.503" timestamp="2020-09-11T12:57:12.126" activeThreads="8">
  <mem-info id="3005" free="1001734720" total="2785804288" percent="35">
    <mem type="nursery" free="695450368" total="939524096" percent="74">
      <mem type="allocate" free="695450368" total="808321024" percent="86" />
      <mem type="survivor" free="0" total="131203072" percent="0" />
    </mem>
    <mem type="tenure" free="306284352" total="1846280192" percent="16" macro-fragmented="0">
      <mem type="soa" free="286143104" total="1735502848" percent="16" />
      <mem type="loa" free="20141248" total="110777344" percent="18" />
    </mem>
    <remembered-set count="29653" />
  </mem-info>
</gc-end>
<cycle-end id="3006" type="scavenge" contextid="3000" timestamp="2020-09-11T12:57:12.127" />
<allocation-satisfied id="3007" threadId="00000000007EB800" bytesRequested="664" />
<af-end id="3008" timestamp="2020-09-11T12:57:12.127" threadId="00000000007EC180" success="true" from="nursery"/>
<exclusive-end id="3009" timestamp="2020-09-11T12:57:12.127" durationms="152.433" />

<exclusive-start id="3010" timestamp="2020-09-11T12:57:14.126" intervalms="2150.752">
  <response-info timems="1.117" idlems="0.603" threads="1" lastid="000000000098EE00" lastname="Group1.TxInjector.CompositeTxInjector.I.driver.saturate.31" />
</exclusive-start>
<af-start id="3011" threadId="00000000008C3A80" totalBytesRequested="520" timestamp="2020-09-11T12:57:14.127" intervalms="2150.327" type="nursery" />
<cycle-start id="3012" type="scavenge" contextid="0" timestamp="2020-09-11T12:57:14.127" intervalms="2150.228" />
<gc-start id="3013" type="scavenge" contextid="3012" timestamp="2020-09-11T12:57:14.127">
  <mem-info id="3014" free="306284352" total="2785804288" percent="10">
    <mem type="nursery" free="0" total="939524096" percent="0">
      <mem type="allocate" free="0" total="808321024" percent="0" />
      <mem type="survivor" free="0" total="131203072" percent="0" />
    </mem>
    <mem type="tenure" free="306284352" total="1846280192" percent="16">
      <mem type="soa" free="286143104" total="1735502848" percent="16" />
      <mem type="loa" free="20141248" total="110777344" percent="18" />
    </mem>
    <remembered-set count="194310" />
  </mem-info>
</gc-start>
<allocation-stats totalBytes="695088920" >
  <allocated-bytes non-tlh="30879056" tlh="664209864" />
  <largest-consumer threadName="Group1.Backend.CompositeBackend{Tier1}.4" threadId="0000000000863200" bytes="104804336" />
</allocation-stats>
<gc-op id="3015" type="scavenge" timems="134.081" contextid="3012" timestamp="2020-09-11T12:57:14.261">
  <scavenger-info tenureage="3" tenuremask="7ff8" tiltratio="86" />
  <memory-copied type="nursery" objects="4196483" bytes="112579656" bytesdiscarded="193560" />
  <memory-copied type="tenure" objects="1125048" bytes="30268248" bytesdiscarded="42336" />
  <ownableSynchronizers candidates="4047" cleared="3505" />
  <references type="soft" candidates="460" cleared="0" enqueued="0" dynamicThreshold="18" maxThreshold="32" />
  <references type="weak" candidates="103" cleared="103" enqueued="0" />
</gc-op>
<gc-end id="3016" type="scavenge" contextid="3012" durationms="135.179" usertimems="982.135" systemtimems="5.265" timestamp="2020-09-11T12:57:14.262" activeThreads="8">
  <mem-info id="3017" free="972411976" total="2785804288" percent="34">
    <mem type="nursery" free="696445696" total="939524096" percent="74">
      <mem type="allocate" free="696445696" total="809304064" percent="86" />
      <mem type="survivor" free="0" total="130220032" percent="0" />
    </mem>
    <mem type="tenure" free="275966280" total="1846280192" percent="14" macro-fragmented="0">
      <mem type="soa" free="255825032" total="1735502848" percent="14" />
      <mem type="loa" free="20141248" total="110777344" percent="18" />
    </mem>
    <remembered-set count="30392" />
  </mem-info>
</gc-end>
<cycle-end id="3018" type="scavenge" contextid="3012" timestamp="2020-09-11T12:57:14.264" />
<allocation-satisfied id="3019" threadId="00000000008C3100" bytesRequested="520" />
<af-end id="3020" timestamp="2020-09-11T12:57:14.264" threadId="00000000008C3A80" success="true" from="nursery"/>
<exclusive-end id="3021" timestamp="2020-09-11T12:57:14.264" durationms="138.616" />

<exclusive-start id="3022" timestamp="2020-09-11T12:57:16.263" intervalms="2136.979">
  <response-info timems="0.666" idlems="0.336" threads="1" lastid="00000000007EB800" lastname="Group1.Backend.CompositeBackend{Tier1}.2" />
</exclusive-start>
<af-start id="3023" threadId="00000000008DDB80" totalBytesRequested="16" timestamp="2020-09-11T12:57:16.264" intervalms="2136.941" type="nursery" />
<cycle-start id="3024" type="scavenge" contextid="0" timestamp="2020-09-11T12:57:16.264" intervalms="2136.919" />
<gc-start id="3025" type="scavenge" contextid="3024" timestamp="2020-09-11T12:57:16.264">
  <mem-info id="3026" free="275966280" total="2785804288" percent="9">
    <mem type="nursery" free="0" total="939524096" percent="0">
      <mem type="allocate" free="0" total="809304064" percent="0" />
      <mem type="survivor" free="0" total="130220032" percent="0" />
    </mem>
    <mem type="tenure" free="275966280" total="1846280192" percent="14">
      <mem type="soa" free="255825032" total="1735502848" percent="14" />
      <mem type="loa" free="20141248" total="110777344" percent="18" />
    </mem>
    <remembered-set count="192533" />
  </mem-info>
</gc-start>
<allocation-stats totalBytes="696112632" >
  <allocated-bytes non-tlh="32944192" tlh="663168440" />
  <largest-consumer threadName="Group1.Backend.CompositeBackend{Tier1}.4" threadId="0000000000863200" bytes="104340992" />
</allocation-stats>
<gc-op id="3027" type="scavenge" timems="137.825" contextid="3024" timestamp="2020-09-11T12:57:16.402">
  <scavenger-info tenureage="3" tenuremask="7ff8" tiltratio="86" />
  <memory-copied type="nursery" objects="4700708" bytes="124000656" bytesdiscarded="157440" />
  <memory-copied type="tenure" objects="1095140" bytes="29455160" bytesdiscarded="50800" />
  <ownableSynchronizers candidates="4370" cleared="3907" />
  <references type="soft" candidates="401" cleared="0" enqueued="0" dynamicThreshold="18" maxThreshold="32" />
  <references type="weak" candidates="99" cleared="98" enqueued="0" />
</gc-op>
<gc-end id="3028" type="scavenge" contextid="3024" durationms="138.966" usertimems="1046.214" systemtimems="0.000" timestamp="2020-09-11T12:57:16.403" activeThreads="8">
  <mem-info id="3029" free="914236496" total="2785804288" percent="32">
    <mem type="nursery" free="667888088" total="939524096" percent="71">
      <mem type="allocate" free="667888088" total="792133632" percent="84" />
      <mem type="survivor" free="0" total="147390464" percent="0" />
    </mem>
    <mem type="tenure" free="246348408" total="1846280192" percent="13" macro-fragmented="0">
      <mem type="soa" free="226207160" total="1735502848" percent="13" />
      <mem type="loa" free="20141248" total="110777344" percent="18" />
    </mem>
    <remembered-set count="30080" />
  </mem-info>
</gc-end>
<cycle-end id="3030" type="scavenge" contextid="3024" timestamp="2020-09-11T12:57:16.404" />
<allocation-satisfied id="3031" threadId="00000000008DD200" bytesRequested="16" />
<af-end id="3032" timestamp="2020-09-11T12:57:16.404" threadId="00000000008DDB80" success="true" from="nursery"/>
<exclusive-end id="3033" timestamp="2020-09-11T12:57:16.404" durationms="141.649" />

<exclusive-start id="3034" timestamp="2020-09-11T12:57:18.240" intervalms="1977.365">
  <response-info timems="3.818" idlems="3.818" threads="0" lastid="000000000078C200" lastname="Group1.Backend.CompositeBackend{Tier1}.1" />
</exclusive-start>
<af-start id="3035" threadId="000000000078CB80" totalBytesRequested="24" timestamp="2020-09-11T12:57:18.241" intervalms="1977.553" type="nursery" />
<cycle-start id="3036" type="scavenge" contextid="0" timestamp="2020-09-11T12:57:18.241" intervalms="1977.631" />
<gc-start id="3037" type="scavenge" contextid="3036" timestamp="2020-09-11T12:57:18.242">
  <mem-info id="3038" free="246348408" total="2785804288" percent="8">
    <mem type="nursery" free="0" total="939524096" percent="0">
      <mem type="allocate" free="0" total="792133632" percent="0" />
      <mem type="survivor" free="0" total="147390464" percent="0" />
    </mem>
    <mem type="tenure" free="246348408" total="1846280192" percent="13">
      <mem type="soa" free="226207160" total="1735502848" percent="13" />
      <mem type="loa" free="20141248" total="110777344" percent="18" />
    </mem>
    <remembered-set count="187987" />
  </mem-info>
</gc-start>
<allocation-stats totalBytes="667570896" >
  <allocated-bytes non-tlh="36868464" tlh="630702432" />
  <largest-consumer threadName="Group1.Backend.CompositeBackend{Tier1}.2" threadId="00000000007EB800" bytes="92851512" />
</allocation-stats>
<gc-op id="3039" type="scavenge" timems="257.087" contextid="3036" timestamp="2020-09-11T12:57:18.499">
  <scavenger-info tenureage="3" tenuremask="7ff8" tiltratio="84" />
  <memory-copied type="nursery" objects="4277280" bytes="113764040" bytesdiscarded="153568" />
  <memory-copied type="tenure" objects="1153601" bytes="31026496" bytesdiscarded="53008" />
  <ownableSynchronizers candidates="4207" cleared="3773" />
  <references type="soft" candidates="361" cleared="0" enqueued="0" dynamicThreshold="18" maxThreshold="32" />
  <references type="weak" candidates="118" cleared="118" enqueued="0" />
</gc-op>
<gc-end id="3040" type="scavenge" contextid="3036" durationms="258.350" usertimems="1709.198" systemtimems="64.898" timestamp="2020-09-11T12:57:18.500" activeThreads="8">
  <mem-info id="3041" free="894952744" total="2785804288" percent="32">
    <mem type="nursery" free="679840096" total="939524096" percent="72">
      <mem type="allocate" free="679840096" total="793837568" percent="85" />
      <mem type="survivor" free="0" total="145686528" percent="0" />
    </mem>
    <mem type="tenure" free="215112648" total="1846280192" percent="11" macro-fragmented="0">
      <mem type="soa" free="194971400" total="1735502848" percent="11" />
      <mem type="loa" free="20141248" total="110777344" percent="18" />
    </mem>
    <remembered-set count="30270" />
  </mem-info>
</gc-end>
<cycle-end id="3042" type="scavenge" contextid="3036" timestamp="2020-09-11T12:57:18.502" />
<allocation-satisfied id="3043" threadId="000000000078C200" bytesRequested="24" />
<af-end id="3044" timestamp="2020-09-11T12:57:18.502" threadId="000000000078CB80" success="true" from="nursery"/>
<exclusive-end id="3045" timestamp="2020-09-11T12:57:18.502" durationms="261.655" />

<exclusive-start id="3046" timestamp="2020-09-11T12:57:20.291" intervalms="2051.077">
  <response-info timems="1.036" idlems="1.036" threads="0" lastid="0000000000863200" lastname="Group1.Backend.CompositeBackend{Tier1}.4" />
</exclusive-start>
<af-start id="3047" threadId="0000000000863B80" totalBytesRequested="40" timestamp="2020-09-11T12:57:20.292" intervalms="2051.070" type="nursery" />
<cycle-start id="3048" type="scavenge" contextid="0" timestamp="2020-09-11T12:57:20.292" intervalms="2051.062" />
<gc-start id="3049" type="scavenge" contextid="3048" timestamp="2020-09-11T12:57:20.293">
  <mem-info id="3050" free="215112648" total="2785804288" percent="7">
    <mem type="nursery" free="0" total="939524096" percent="0">
      <mem type="allocate" free="0" total="793837568" percent="0" />
      <mem type="survivor" free="0" total="145686528" percent="0" />
    </mem>
    <mem type="tenure" free="215112648" total="1846280192" percent="11">
      <mem type="soa" free="194971400" total="1735502848" percent="11" />
      <mem type="loa" free="20141248" total="110777344" percent="18" />
    </mem>
    <remembered-set count="193835" />
  </mem-info>
</gc-start>
<allocation-stats totalBytes="679517920" >
  <allocated-bytes non-tlh="27042016" tlh="652475904" />
  <largest-consumer threadName="Group1.Backend.CompositeBackend{Tier1}.3" threadId="0000000000819400" bytes="102739264" />
</allocation-stats>
<gc-op id="3051" type="scavenge" timems="160.875" contextid="3048" timestamp="2020-09-11T12:57:20.454">
  <scavenger-info tenureage="3" tenuremask="7ff8" tiltratio="84" />
  <memory-copied type="nursery" objects="4495694" bytes="118765584" bytesdiscarded="142048" />
  <memory-copied type="tenure" objects="1114950" bytes="29971480" bytesdiscarded="51464" />
  <ownableSynchronizers candidates="4660" cleared="4246" />
  <references type="soft" candidates="362" cleared="0" enqueued="0" dynamicThreshold="18" maxThreshold="32" />
  <references type="weak" candidates="132" cleared="132" enqueued="0" />
</gc-op>
<gc-end id="3052" type="scavenge" contextid="3048" durationms="161.906" usertimems="1191.463" systemtimems="23.779" timestamp="2020-09-11T12:57:20.454" activeThreads="8">
  <mem-info id="3053" free="861566976" total="2785804288" percent="30">
    <mem type="nursery" free="676218472" total="939524096" percent="71">
      <mem type="allocate" free="676218472" total="795213824" percent="85" />
      <mem type="survivor" free="0" total="144310272" percent="0" />
    </mem>
    <mem type="tenure" free="185348504" total="1846280192" percent="10" macro-fragmented="0">
      <mem type="soa" free="165207256" total="1735502848" percent="9" />
      <mem type="loa" free="20141248" total="110777344" percent="18" />
    </mem>
    <remembered-set count="29618" />
  </mem-info>
</gc-end>
<cycle-end id="3054" type="scavenge" contextid="3048" timestamp="2020-09-11T12:57:20.456" />
<allocation-satisfied id="3055" threadId="0000000000863200" bytesRequested="40" />
<af-end id="3056" timestamp="2020-09-11T12:57:20.456" threadId="0000000000863B80" success="true" from="nursery"/>
<exclusive-end id="3057" timestamp="2020-09-11T12:57:20.456" durationms="164.880" />

<exclusive-start id="3058" timestamp="2020-09-11T12:57:22.352" intervalms="2060.690">
  <response-info timems="0.541" idlems="0.541" threads="0" lastid="00000000007EB800" lastname="Group1.Backend.CompositeBackend{Tier1}.2" />
</exclusive-start>
<af-start id="3059" threadId="00000000007EC180" totalBytesRequested="16" timestamp="2020-09-11T12:57:22.353" intervalms="2060.476" type="nursery" />
<cycle-start id="3060" type="scavenge" contextid="0" timestamp="2020-09-11T12:57:22.353" intervalms="2060.404" />
<gc-start id="3061" type="scavenge" contextid="3060" timestamp="2020-09-11T12:57:22.353">
  <mem-info id="3062" free="185348504" total="2785804288" percent="6">
    <mem type="nursery" free="0" total="939524096" percent="0">
      <mem type="allocate" free="0" total="795213824" percent="0" />
      <mem type="survivor" free="0" total="144310272" percent="0" />
    </mem>
    <mem type="tenure" free="185348504" total="1846280192" percent="10">
      <mem type="soa" free="165207256" total="1735502848" percent="9" />
      <mem type="loa" free="20141248" total="110777344" percent="18" />
    </mem>
    <remembered-set count="191096" />
  </mem-info>
</gc-start>
<allocation-stats totalBytes="675897760" >
  <allocated-bytes non-tlh="33238320" tlh="642659440" />
  <largest-consumer threadName="Group1.Backend.CompositeBackend{Tier1}.7" threadId="00000000008C3100" bytes="109724880" />
</allocation-stats>
<gc-op id="3063" type="scavenge" timems="145.078" contextid="3060" timestamp="2020-09-11T12:57:22.498">
  <scavenger-info tenureage="3" tenuremask="7ff8" tiltratio="84" />
  <memory-copied type="nursery" objects="4296155" bytes="114003912" bytesdiscarded="108496" />
  <memory-copied type="tenure" objects="1113697" bytes="30070632" bytesdiscarded="57840" />
  <ownableSynchronizers candidates="4121" cleared="3704" />
  <references type="soft" candidates="367" cleared="0" enqueued="0" dynamicThreshold="18" maxThreshold="32" />
  <references type="weak" candidates="104" cleared="104" enqueued="0" />
</gc-op>
<gc-end id="3064" type="scavenge" contextid="3060" durationms="146.171" usertimems="1021.202" systemtimems="11.217" timestamp="2020-09-11T12:57:22.499" activeThreads="8">
  <mem-info id="3065" free="838450368" total="2785804288" percent="30">
    <mem type="nursery" free="683307768" total="939524096" percent="72">
      <mem type="allocate" free="683307768" total="797507584" percent="85" />
      <mem type="survivor" free="0" total="142016512" percent="0" />
    </mem>
    <mem type="tenure" free="155142600" total="1846280192" percent="8" macro-fragmented="0">
      <mem type="soa" free="135001352" total="1735502848" percent="7" />
      <mem type="loa" free="20141248" total="110777344" percent="18" />
    </mem>
    <remembered-set count="29491" />
  </mem-info>
</gc-end>
<cycle-end id="3066" type="scavenge" contextid="3060" timestamp="2020-09-11T12:57:22.503" />
<allocation-satisfied id="3067" threadId="00000000007EB800" bytesRequested="16" />
<af-end id="3068" timestamp="2020-09-11T12:57:22.504" threadId="00000000007EC180" success="true" from="nursery"/>
<exclusive-end id="3069" timestamp="2020-09-11T12:57:22.504" durationms="151.713" />

<exclusive-start id="3070" timestamp="2020-09-11T12:57:24.429" intervalms="2077.077">
  <response-info timems="0.740" idlems="0.740" threads="0" lastid="000000000088B400" lastname="Group1.Backend.CompositeBackend{Tier1}.6" />
</exclusive-start>
<af-start id="3071" threadId="000000000088BD80" totalBytesRequested="24" timestamp="2020-09-11T12:57:24.430" intervalms="2077.031" type="nursery" />
<cycle-start id="3072" type="scavenge" contextid="0" timestamp="2020-09-11T12:57:24.430" intervalms="2077.047" />
<gc-start id="3073" type="scavenge" contextid="3072" timestamp="2020-09-11T12:57:24.430">
  <mem-info id="3074" free="155142600" total="2785804288" percent="5">
    <mem type="nursery" free="0" total="939524096" percent="0">
      <mem type="allocate" free="0" total="797507584" percent="0" />
      <mem type="survivor" free="0" total="142016512" percent="0" />
    </mem>
    <mem type="tenure" free="155142600" total="1846280192" percent="8">
      <mem type="soa" free="135001352" total="1735502848" percent="7" />
      <mem type="loa" free="20141248" total="110777344" percent="18" />
    </mem>
    <remembered-set count="191504" />
  </mem-info>
</gc-start>
<allocation-stats totalBytes="682979576" >
  <allocated-bytes non-tlh="33677904" tlh="649301672" />
  <largest-consumer threadName="Group1.Backend.CompositeBackend{Tier1}.4" threadId="0000000000863200" bytes="95589936" />
</allocation-stats>
<gc-op id="3075" type="scavenge" timems="113.917" contextid="3072" timestamp="2020-09-11T12:57:24.544">
  <scavenger-info tenureage="3" tenuremask="7ff8" tiltratio="84" />
  <memory-copied type="nursery" objects="4128864" bytes="110678864" bytesdiscarded="156280" />
  <memory-copied type="tenure" objects="1051108" bytes="28259120" bytesdiscarded="61312" />
  <ownableSynchronizers candidates="4189" cleared="3774" />
  <references type="soft" candidates="359" cleared="0" enqueued="0" dynamicThreshold="18" maxThreshold="32" />
  <references type="weak" candidates="128" cleared="127" enqueued="0" />
</gc-op>
<gc-end id="3076" type="scavenge" contextid="3072" durationms="114.854" usertimems="812.237" systemtimems="0.000" timestamp="2020-09-11T12:57:24.545" activeThreads="8">
  <mem-info id="3077" free="816385496" total="2785804288" percent="29">
    <mem type="nursery" free="689401856" total="939524096" percent="73">
      <mem type="allocate" free="689401856" total="800325632" percent="86" />
      <mem type="survivor" free="0" total="139198464" percent="0" />
    </mem>
    <mem type="tenure" free="126983640" total="1846280192" percent="6" macro-fragmented="0">
      <mem type="soa" free="106842392" total="1735502848" percent="6" />
      <mem type="loa" free="20141248" total="110777344" percent="18" />
    </mem>
    <remembered-set count="29756" />
  </mem-info>
</gc-end>
<cycle-end id="3078" type="scavenge" contextid="3072" timestamp="2020-09-11T12:57:24.546" />
<allocation-satisfied id="3079" threadId="000000000088B400" bytesRequested="24" />
<af-end id="3080" timestamp="2020-09-11T12:57:24.546" threadId="000000000088BD80" success="true" from="nursery"/>
<exclusive-end id="3081" timestamp="2020-09-11T12:57:24.546" durationms="117.062" />

<exclusive-start id="3082" timestamp="2020-09-11T12:57:26.551" intervalms="2121.993">
  <response-info timems="2.923" idlems="2.923" threads="0" lastid="000000000086AF00" lastname="Group1.Backend.CompositeBackend{Tier1}.5" />
</exclusive-start>
<af-start id="3083" threadId="000000000086B880" totalBytesRequested="96" timestamp="2020-09-11T12:57:26.552" intervalms="2122.100" type="nursery" />
<cycle-start id="3084" type="scavenge" contextid="0" timestamp="2020-09-11T12:57:26.552" intervalms="2122.083" />
<gc-start id="3085" type="scavenge" contextid="3084" timestamp="2020-09-11T12:57:26.552">
  <mem-info id="3086" free="126983640" total="2785804288" percent="4">
    <mem type="nursery" free="0" total="939524096" percent="0">
      <mem type="allocate" free="0" total="800325632" percent="0" />
      <mem type="survivor" free="0" total="139198464" percent="0" />
    </mem>
    <mem type="tenure" free="126983640" total="1846280192" percent="6">
      <mem type="soa" free="106842392" total="1735502848" percent="6" />
      <mem type="loa" free="20141248" total="110777344" percent="18" />
    </mem>
    <remembered-set count="194733" />
  </mem-info>
</gc-start>
<allocation-stats totalBytes="689072176" >
  <allocated-bytes non-tlh="27589632" tlh="661482544" />
  <largest-consumer threadName="Group1.Backend.CompositeBackend{Tier1}.5" threadId="000000000086AF00" bytes="104867688" />
</allocation-stats>
<gc-op id="3087" type="scavenge" timems="116.799" contextid="3084" timestamp="2020-09-11T12:57:26.669">
  <scavenger-info tenureage="3" tenuremask="7ff8" tiltratio="85" />
  <memory-copied type="nursery" objects="4054753" bytes="108896328" bytesdiscarded="212152" />
  <memory-copied type="tenure" objects="1107794" bytes="29790008" bytesdiscarded="69072" />
  <ownableSynchronizers candidates="4186" cleared="3773" />
  <references type="soft" candidates="354" cleared="0" enqueued="0" dynamicThreshold="18" maxThreshold="32" />
  <references type="weak" candidates="103" cleared="103" enqueued="0" />
</gc-op>
<gc-end id="3088" type="scavenge" contextid="3084" durationms="117.770" usertimems="849.454" systemtimems="1.440" timestamp="2020-09-11T12:57:26.670" activeThreads="8">
  <mem-info id="3089" free="791290952" total="2785804288" percent="28">
    <mem type="nursery" free="694216192" total="939524096" percent="73">
      <mem type="allocate" free="694216192" total="803405824" percent="86" />
      <mem type="survivor" free="0" total="136118272" percent="0" />
    </mem>
    <mem type="tenure" free="97074760" total="1846280192" percent="5" macro-fragmented="0">
      <mem type="soa" free="76933512" total="1735502848" percent="4" />
      <mem type="loa" free="20141248" total="110777344" percent="18" />
    </mem>
    <remembered-set count="31003" />
  </mem-info>
</gc-end>
<cycle-end id="3090" type="scavenge" contextid="3084" timestamp="2020-09-11T12:57:26.671" />
<allocation-satisfied id="3091" threadId="000000000086AF00" bytesRequested="96" />
<af-end id="3092" timestamp="2020-09-11T12:57:26.672" threadId="000000000086B880" success="true" from="nursery"/>
<exclusive-end id="3093" timestamp="2020-09-11T12:57:26.672" durationms="120.552" />

<exclusive-start id="3094" timestamp="2020-09-11T12:57:28.621" intervalms="2069.735">
  <response-info timems="0.333" idlems="0.320" threads="1" lastid="00000000008C3100" lastname="Group1.Backend.CompositeBackend{Tier1}.7" />
</exclusive-start>
<af-start id="3095" threadId="000000000078CB80" totalBytesRequested="32" timestamp="2020-09-11T12:57:28.622" intervalms="2069.786" type="nursery" />
<cycle-start id="3096" type="scavenge" contextid="0" timestamp="2020-09-11T12:57:28.622" intervalms="2069.796" />
<gc-start id="3097" type="scavenge" contextid="3096" timestamp="2020-09-11T12:57:28.622">
  <mem-info id="3098" free="97074760" total="2785804288" percent="3">
    <mem type="nursery" free="0" total="939524096" percent="0">
      <mem type="allocate" free="0" total="803405824" percent="0" />
      <mem type="survivor" free="0" total="136118272" percent="0" />
    </mem>
    <mem type="tenure" free="97074760" total="1846280192" percent="5">
      <mem type="soa" free="76933512" total="1735502848" percent="4" />
      <mem type="loa" free="20141248" total="110777344" percent="18" />
    </mem>
    <remembered-set count="191862" />
  </mem-info>
</gc-start>
<allocation-stats totalBytes="693881160" >
  <allocated-bytes non-tlh="38336632" tlh="655544528" />
  <largest-consumer threadName="Group1.Backend.CompositeBackend{Tier1}.8" threadId="00000000008DD200" bytes="103416688" />
</allocation-stats>
<gc-op id="3099" type="scavenge" timems="161.839" contextid="3096" timestamp="2020-09-11T12:57:28.784">
  <scavenger-info tenureage="3" tenuremask="7ff8" tiltratio="85" />
  <memory-copied type="nursery" objects="4501020" bytes="119718016" bytesdiscarded="106576" />
  <memory-copied type="tenure" objects="1086109" bytes="29185240" bytesdiscarded="65704" />
  <ownableSynchronizers candidates="4236" cleared="3840" />
  <references type="soft" candidates="355" cleared="0" enqueued="0" dynamicThreshold="18" maxThreshold="32" />
  <references type="weak" candidates="127" cleared="127" enqueued="0" />
</gc-op>
<gc-end id="3100" type="scavenge" contextid="3096" durationms="162.793" usertimems="1216.807" systemtimems="24.902" timestamp="2020-09-11T12:57:28.785" activeThreads="8">
  <mem-info id="3101" free="743189640" total="2785804288" percent="26">
    <mem type="nursery" free="675375024" total="939524096" percent="71">
      <mem type="allocate" free="675375024" total="795279360" percent="84" />
      <mem type="survivor" free="0" total="144244736" percent="0" />
    </mem>
    <mem type="tenure" free="67814616" total="1846280192" percent="3" macro-fragmented="0">
      <mem type="soa" free="47673368" total="1735502848" percent="2" />
      <mem type="loa" free="20141248" total="110777344" percent="18" />
    </mem>
    <remembered-set count="30275" />
  </mem-info>
</gc-end>
<cycle-end id="3102" type="scavenge" contextid="3096" timestamp="2020-09-11T12:57:28.786" />
<allocation-satisfied id="3103" threadId="000000000078C200" bytesRequested="32" />
<af-end id="3104" timestamp="2020-09-11T12:57:28.786" threadId="000000000078CB80" success="true" from="nursery"/>
<exclusive-end id="3105" timestamp="2020-09-11T12:57:28.786" durationms="165.336" />

<exclusive-start id="3106" timestamp="2020-09-11T12:57:30.597" intervalms="1976.695">
  <response-info timems="0.438" idlems="0.438" threads="0" lastid="0000000000819400" lastname="Group1.Backend.CompositeBackend{Tier1}.3" />
</exclusive-start>
<af-start id="3107" threadId="0000000000819D80" totalBytesRequested="32" timestamp="2020-09-11T12:57:30.598" intervalms="1976.577" type="nursery" />
<cycle-start id="3108" type="scavenge" contextid="0" timestamp="2020-09-11T12:57:30.598" intervalms="1976.617" />
<gc-start id="3109" type="scavenge" contextid="3108" timestamp="2020-09-11T12:57:30.599">
  <mem-info id="3110" free="67814616" total="2785804288" percent="2">
    <mem type="nursery" free="0" total="939524096" percent="0">
      <mem type="allocate" free="0" total="795279360" percent="0" />
      <mem type="survivor" free="0" total="144244736" percent="0" />
    </mem>
    <mem type="tenure" free="67814616" total="1846280192" percent="3">
      <mem type="soa" free="47673368" total="1735502848" percent="2" />
      <mem type="loa" free="20141248" total="110777344" percent="18" />
    </mem>
    <remembered-set count="190657" />
  </mem-info>
</gc-start>
<allocation-stats totalBytes="675004504" >
  <allocated-bytes non-tlh="35772712" tlh="639231792" />
  <largest-consumer threadName="Group1.Backend.CompositeBackend{Tier1}.2" threadId="00000000007EB800" bytes="126385936" />
</allocation-stats>
<gc-op id="3111" type="scavenge" timems="123.902" contextid="3108" timestamp="2020-09-11T12:57:30.723">
  <scavenger-info tenureage="3" tenuremask="7ff8" tiltratio="84" />
  <memory-copied type="nursery" objects="4117798" bytes="110564952" bytesdiscarded="142624" />
  <memory-copied type="tenure" objects="1088624" bytes="29290368" bytesdiscarded="83184" />
  <ownableSynchronizers candidates="3825" cleared="3435" />
  <references type="soft" candidates="356" cleared="0" enqueued="0" dynamicThreshold="18" maxThreshold="32" />
  <references type="weak" candidates="132" cleared="132" enqueued="0" />
</gc-op>
<gc-end id="3112" type="scavenge" contextid="3108" durationms="124.964" usertimems="933.843" systemtimems="2.079" timestamp="2020-09-11T12:57:30.724" activeThreads="8">
  <mem-info id="3113" free="725032984" total="2785804288" percent="26">
    <mem type="nursery" free="686526424" total="939524096" percent="73">
      <mem type="allocate" free="686526424" total="797310976" percent="86" />
      <mem type="survivor" free="0" total="142213120" percent="0" />
    </mem>
    <mem type="tenure" free="38506560" total="1846280192" percent="2" macro-fragmented="0">
      <mem type="soa" free="18365312" total="1735502848" percent="1" />
      <mem type="loa" free="20141248" total="110777344" percent="18" />
    </mem>
    <remembered-set count="31496" />
  </mem-info>
</gc-end>
<cycle-end id="3114" type="scavenge" contextid="3108" timestamp="2020-09-11T12:57:30.725" />
<allocation-satisfied id="3115" threadId="0000000000819400" bytesRequested="32" />
<af-end id="3116" timestamp="2020-09-11T12:57:30.725" threadId="0000000000819D80" success="true" from="nursery"/>
<exclusive-end id="3117" timestamp="2020-09-11T12:57:30.725" durationms="127.765" />

<exclusive-start id="3118" timestamp="2020-09-11T12:57:32.778" intervalms="2180.701">
  <response-info timems="2.379" idlems="1.303" threads="1" lastid="0000000000819400" lastname="Group1.Backend.CompositeBackend{Tier1}.3" />
</exclusive-start>
<af-start id="3119" threadId="00000000007B2F80" totalBytesRequested="16" timestamp="2020-09-11T12:57:32.779" intervalms="2180.927" type="nursery" />
<percolate-collect id="3120" from="nursery" to="global" reason="prevent tenure expand" timestamp="2020-09-11T12:57:32.779"/>
<cycle-start id="3121" type="global" contextid="0" timestamp="2020-09-11T12:57:32.779" intervalms="72062.901" />
<gc-start id="3122" type="global" contextid="3121" timestamp="2020-09-11T12:57:32.780">
  <mem-info id="3123" free="38506560" total="2785804288" percent="1">
    <mem type="nursery" free="0" total="939524096" percent="0">
      <mem type="allocate" free="0" total="797310976" percent="0" />
      <mem type="survivor" free="0" total="142213120" percent="0" />
    </mem>
    <mem type="tenure" free="38506560" total="1846280192" percent="2">
      <mem type="soa" free="18365312" total="1735502848" percent="1" />
      <mem type="loa" free="20141248" total="110777344" percent="18" />
    </mem>
    <remembered-set count="200295" />
  </mem-info>
</gc-start>
<allocation-stats totalBytes="686180240" >
  <allocated-bytes non-tlh="22559888" tlh="663620352" />
  <largest-consumer threadName="Group1.Backend.CompositeBackend{Tier1}.1" threadId="000000000078C200" bytes="98440440" />
</allocation-stats>
<gc-op id="3124" type="mark" timems="754.759" contextid="3121" timestamp="2020-09-11T12:57:33.535">
  <trace-info objectcount="30541209" scancount="29561960" scanbytes="808959304" />
  <finalization candidates="149" enqueued="0" />
  <ownableSynchronizers candidates="585684" cleared="3998" />
  <references type="soft" candidates="702950" cleared="0" enqueued="0" dynamicThreshold="18" maxThreshold="32" />
  <references type="weak" candidates="4400" cleared="112" enqueued="0" />
  <references type="phantom" candidates="108" cleared="0" enqueued="0" />
  <stringconstants candidates="11189" cleared="141"  />
</gc-op>
<gc-op id="3125" type="sweep" timems="16.920" contextid="3121" timestamp="2020-09-11T12:57:33.552" />
<heap-resize id="3126" type="contract" space="tenure" amount="20250624" count="1" timems="18.172" reason="insufficient time being spent in gc" timestamp="2020-09-11T12:57:33.571" />
<gc-end id="3127" type="global" contextid="3121" durationms="791.485" usertimems="5670.469" systemtimems="48.802" timestamp="2020-09-11T12:57:33.571" activeThreads="8">
  <mem-info id="3128" free="1632591688" total="2765553664" percent="59">
    <mem type="nursery" free="603992392" total="939524096" percent="64">
      <mem type="allocate" free="603992392" total="797310976" percent="75" />
      <mem type="survivor" free="0" total="142213120" percent="0" />
    </mem>
    <mem type="tenure" free="1028599296" total="1826029568" percent="56" micro-fragmented="48512668" macro-fragmented="0">
      <mem type="soa" free="929757912" total="1716467712" percent="54" />
      <mem type="loa" free="98841384" total="109561856" percent="90" />
    </mem>
    <remembered-set count="194099" />
  </mem-info>
</gc-end>
<cycle-end id="3129" type="global" contextid="3121" timestamp="2020-09-11T12:57:33.573" />
<allocation-satisfied id="3130" threadId="00000000007B2600" bytesRequested="16" />
<af-end id="3131" timestamp="2020-09-11T12:57:33.573" threadId="00000000007B2F80" success="true" from="nursery"/>
<exclusive-end id="3132" timestamp="2020-09-11T12:57:33.573" durationms="794.971" />

<exclusive-start id="3133" timestamp="2020-09-11T12:57:34.743" intervalms="1964.875">
  <response-info timems="3.148" idlems="3.148" threads="0" lastid="00000000007EB800" lastname="Group1.Backend.CompositeBackend{Tier1}.2" />
</exclusive-start>
<af-start id="3134" threadId="00000000007EC180" totalBytesRequested="524296" timestamp="2020-09-11T12:57:34.744" intervalms="1964.659" type="nursery" />
<cycle-start id="3135" type="scavenge" contextid="0" timestamp="2020-09-11T12:57:34.744" intervalms="4145.528" />
<gc-start id="3136" type="scavenge" contextid="3135" timestamp="2020-09-11T12:57:34.744">
  <mem-info id="3137" free="1038089392" total="2765553664" percent="37">
    <mem type="nursery" free="9490144" total="939524096" percent="1">
      <mem type="allocate" free="9490144" total="797310976" percent="1" />
      <mem type="survivor" free="0" total="142213120" percent="0" />
    </mem>
    <mem type="tenure" free="1028599248" total="1826029568" percent="56">
      <mem type="soa" free="929757864" total="1716467712" percent="54" />
      <mem type="loa" free="98841384" total="109561856" percent="90" />
    </mem>
    <remembered-set count="245491" />
  </mem-info>
</gc-start>
<allocation-stats totalBytes="592203168" >
  <allocated-bytes non-tlh="34955400" tlh="557247768" />
  <largest-consumer threadName="Group1.Backend.CompositeBackend{Tier1}.2" threadId="00000000007EB800" bytes="84472744" />
</allocation-stats>
<gc-op id="3138" type="scavenge" timems="134.158" contextid="3135" timestamp="2020-09-11T12:57:34.878">
  <scavenger-info tenureage="3" tenuremask="7ff8" tiltratio="84" />
  <memory-copied type="nursery" objects="5077327" bytes="135844808" bytesdiscarded="204200" />
  <memory-copied type="tenure" objects="1032810" bytes="27767208" bytesdiscarded="25616" />
  <ownableSynchronizers candidates="1166950" cleared="1166490" />
  <references type="soft" candidates="458" cleared="0" enqueued="0" dynamicThreshold="18" maxThreshold="32" />
  <references type="weak" candidates="94" cleared="94" enqueued="0" />
</gc-op>
<gc-end id="3139" type="scavenge" contextid="3135" durationms="135.290" usertimems="1036.393" systemtimems="4.801" timestamp="2020-09-11T12:57:34.879" activeThreads="8">
  <mem-info id="3140" free="1630902496" total="2765553664" percent="58">
    <mem type="nursery" free="630509024" total="939524096" percent="67">
      <mem type="allocate" free="630509024" total="766705664" percent="82" />
      <mem type="survivor" free="0" total="172818432" percent="0" />
    </mem>
    <mem type="tenure" free="1000393472" total="1826029568" percent="54" macro-fragmented="0">
      <mem type="soa" free="901552088" total="1716467712" percent="52" />
      <mem type="loa" free="98841384" total="109561856" percent="90" />
    </mem>
    <remembered-set count="39470" />
  </mem-info>
</gc-end>
<cycle-end id="3141" type="scavenge" contextid="3135" timestamp="2020-09-11T12:57:34.883" />
<allocation-satisfied id="3142" threadId="00000000007EB800" bytesRequested="524296" />
<af-end id="3143" timestamp="2020-09-11T12:57:34.884" threadId="00000000007EC180" success="true" from="nursery"/>
<exclusive-end id="3144" timestamp="2020-09-11T12:57:34.884" durationms="140.638" />

<exclusive-start id="3145" timestamp="2020-09-11T12:57:36.459" intervalms="1715.975">
  <response-info timems="0.670" idlems="0.670" threads="0" lastid="0000000000863200" lastname="Group1.Backend.CompositeBackend{Tier1}.4" />
</exclusive-start>
<af-start id="3146" threadId="0000000000863B80" totalBytesRequested="32" timestamp="2020-09-11T12:57:36.460" intervalms="1715.955" type="nursery" />
<cycle-start id="3147" type="scavenge" contextid="0" timestamp="2020-09-11T12:57:36.460" intervalms="1715.950" />
<gc-start id="3148" type="scavenge" contextid="3147" timestamp="2020-09-11T12:57:36.460">
  <mem-info id="3149" free="1000393472" total="2765553664" percent="36">
    <mem type="nursery" free="0" total="939524096" percent="0">
      <mem type="allocate" free="0" total="766705664" percent="0" />
      <mem type="survivor" free="0" total="172818432" percent="0" />
    </mem>
    <mem type="tenure" free="1000393472" total="1826029568" percent="54">
      <mem type="soa" free="901552088" total="1716467712" percent="52" />
      <mem type="loa" free="98841384" total="109561856" percent="90" />
    </mem>
    <remembered-set count="194917" />
  </mem-info>
</gc-start>
<allocation-stats totalBytes="630217000" >
  <allocated-bytes non-tlh="31443392" tlh="598773608" />
  <largest-consumer threadName="Group1.Backend.CompositeBackend{Tier1}.8" threadId="00000000008DD200" bytes="104564048" />
</allocation-stats>
<gc-op id="3150" type="scavenge" timems="122.527" contextid="3147" timestamp="2020-09-11T12:57:36.583">
  <scavenger-info tenureage="3" tenuremask="7ff8" tiltratio="81" />
  <memory-copied type="nursery" objects="5170329" bytes="137807992" bytesdiscarded="246464" />
  <memory-copied type="tenure" objects="980726" bytes="26357848" bytesdiscarded="87816" />
  <finalization candidates="1" enqueued="0" />
  <ownableSynchronizers candidates="2998" cleared="2563" />
  <references type="soft" candidates="439" cleared="0" enqueued="0" dynamicThreshold="18" maxThreshold="32" />
  <references type="weak" candidates="111" cleared="111" enqueued="0" />
</gc-op>
<gc-end id="3151" type="scavenge" contextid="3147" durationms="123.493" usertimems="898.560" systemtimems="1.649" timestamp="2020-09-11T12:57:36.583" activeThreads="8">
  <mem-info id="3152" free="1615238552" total="2765553664" percent="58">
    <mem type="nursery" free="641544160" total="939524096" percent="68">
      <mem type="allocate" free="641544160" total="779681792" percent="82" />
      <mem type="survivor" free="0" total="159842304" percent="0" />
    </mem>
    <mem type="tenure" free="973694392" total="1826029568" percent="53" macro-fragmented="0">
      <mem type="soa" free="874853008" total="1716467712" percent="50" />
      <mem type="loa" free="98841384" total="109561856" percent="90" />
    </mem>
    <remembered-set count="38514" />
  </mem-info>
</gc-end>
<cycle-end id="3153" type="scavenge" contextid="3147" timestamp="2020-09-11T12:57:36.587" />
<allocation-satisfied id="3154" threadId="0000000000863200" bytesRequested="32" />
<af-end id="3155" timestamp="2020-09-11T12:57:36.588" threadId="0000000000863B80" success="true" from="nursery"/>
<exclusive-end id="3156" timestamp="2020-09-11T12:57:36.588" durationms="128.588" />

<exclusive-start id="3157" timestamp="2020-09-11T12:57:38.521" intervalms="2061.840">
  <response-info timems="0.908" idlems="0.325" threads="2" lastid="0000000000863200" lastname="Group1.Backend.CompositeBackend{Tier1}.4" />
</exclusive-start>
<af-start id="3158" threadId="00000000008C3A80" totalBytesRequested="32" timestamp="2020-09-11T12:57:38.522" intervalms="2061.920" type="nursery" />
<cycle-start id="3159" type="scavenge" contextid="0" timestamp="2020-09-11T12:57:38.522" intervalms="2061.937" />
<gc-start id="3160" type="scavenge" contextid="3159" timestamp="2020-09-11T12:57:38.522">
  <mem-info id="3161" free="973694392" total="2765553664" percent="35">
    <mem type="nursery" free="0" total="939524096" percent="0">
      <mem type="allocate" free="0" total="779681792" percent="0" />
      <mem type="survivor" free="0" total="159842304" percent="0" />
    </mem>
    <mem type="tenure" free="973694392" total="1826029568" percent="53">
      <mem type="soa" free="874853008" total="1716467712" percent="50" />
      <mem type="loa" free="98841384" total="109561856" percent="90" />
    </mem>
    <remembered-set count="197906" />
  </mem-info>
</gc-start>
<allocation-stats totalBytes="641213048" >
  <allocated-bytes non-tlh="24218848" tlh="616994200" />
  <largest-consumer threadName="Group1.Backend.CompositeBackend{Tier1}.7" threadId="00000000008C3100" bytes="91620952" />
</allocation-stats>
<gc-op id="3162" type="scavenge" timems="117.730" contextid="3159" timestamp="2020-09-11T12:57:38.640">
  <scavenger-info tenureage="3" tenuremask="7ff8" tiltratio="82" />
  <memory-copied type="nursery" objects="4893003" bytes="131465520" bytesdiscarded="122648" />
  <memory-copied type="tenure" objects="983317" bytes="26415272" bytesdiscarded="62064" />
  <finalization candidates="1" enqueued="0" />
  <ownableSynchronizers candidates="4780" cleared="4318" />
  <references type="soft" candidates="461" cleared="0" enqueued="0" dynamicThreshold="18" maxThreshold="32" />
  <references type="weak" candidates="102" cleared="102" enqueued="0" />
</gc-op>
<gc-end id="3163" type="scavenge" contextid="3159" durationms="118.726" usertimems="915.135" systemtimems="0.000" timestamp="2020-09-11T12:57:38.641" activeThreads="8">
  <mem-info id="3164" free="1596475240" total="2765553664" percent="57">
    <mem type="nursery" free="649129984" total="939524096" percent="69">
      <mem type="allocate" free="649129984" total="780795904" percent="83" />
      <mem type="survivor" free="0" total="158728192" percent="0" />
    </mem>
    <mem type="tenure" free="947345256" total="1826029568" percent="51" macro-fragmented="0">
      <mem type="soa" free="848503872" total="1716467712" percent="49" />
      <mem type="loa" free="98841384" total="109561856" percent="90" />
    </mem>
    <remembered-set count="36824" />
  </mem-info>
</gc-end>
<cycle-end id="3165" type="scavenge" contextid="3159" timestamp="2020-09-11T12:57:38.645" />
<allocation-satisfied id="3166" threadId="00000000008C3100" bytesRequested="32" />
<af-end id="3167" timestamp="2020-09-11T12:57:38.645" threadId="00000000008C3A80" success="true" from="nursery"/>
<exclusive-end id="3168" timestamp="2020-09-11T12:57:38.645" durationms="124.196" />

<exclusive-start id="3169" timestamp="2020-09-11T12:57:40.425" intervalms="1904.296">
  <response-info timems="1.886" idlems="1.886" threads="0" lastid="0000000000863200" lastname="Group1.Backend.CompositeBackend{Tier1}.4" />
</exclusive-start>
<af-start id="3170" threadId="0000000000863B80" totalBytesRequested="24" timestamp="2020-09-11T12:57:40.426" intervalms="1904.335" type="nursery" />
<cycle-start id="3171" type="scavenge" contextid="0" timestamp="2020-09-11T12:57:40.426" intervalms="1904.329" />
<gc-start id="3172" type="scavenge" contextid="3171" timestamp="2020-09-11T12:57:40.426">
  <mem-info id="3173" free="947345256" total="2765553664" percent="34">
    <mem type="nursery" free="0" total="939524096" percent="0">
      <mem type="allocate" free="0" total="780795904" percent="0" />
      <mem type="survivor" free="0" total="158728192" percent="0" />
    </mem>
    <mem type="tenure" free="947345256" total="1826029568" percent="51">
      <mem type="soa" free="848503872" total="1716467712" percent="49" />
      <mem type="loa" free="98841384" total="109561856" percent="90" />
    </mem>
    <remembered-set count="192033" />
  </mem-info>
</gc-start>
<allocation-stats totalBytes="648838352" >
  <allocated-bytes non-tlh="34306800" tlh="614531552" />
  <largest-consumer threadName="Group1.Backend.CompositeBackend{Tier1}.1" threadId="000000000078C200" bytes="114658672" />
</allocation-stats>
<gc-op id="3174" type="scavenge" timems="148.211" contextid="3171" timestamp="2020-09-11T12:57:40.575">
  <scavenger-info tenureage="3" tenuremask="7ff8" tiltratio="83" />
  <memory-copied type="nursery" objects="4422236" bytes="116352176" bytesdiscarded="206224" />
  <memory-copied type="tenure" objects="2028161" bytes="54519680" bytesdiscarded="108216" />
  <finalization candidates="1" enqueued="0" />
  <ownableSynchronizers candidates="4655" cleared="4176" />
  <references type="soft" candidates="380" cleared="0" enqueued="0" dynamicThreshold="18" maxThreshold="32" />
  <references type="weak" candidates="94" cleared="94" enqueued="0" />
</gc-op>
<gc-end id="3175" type="scavenge" contextid="3171" durationms="149.802" usertimems="1100.138" systemtimems="0.639" timestamp="2020-09-11T12:57:40.576" activeThreads="8">
  <mem-info id="3176" free="1559194744" total="2765553664" percent="56">
    <mem type="nursery" free="666449256" total="939524096" percent="70">
      <mem type="allocate" free="666449256" total="783089664" percent="85" />
      <mem type="survivor" free="0" total="156434432" percent="0" />
    </mem>
    <mem type="tenure" free="892745488" total="1826029568" percent="48" macro-fragmented="0">
      <mem type="soa" free="793904104" total="1716467712" percent="46" />
      <mem type="loa" free="98841384" total="109561856" percent="90" />
    </mem>
    <remembered-set count="27981" />
  </mem-info>
</gc-end>
<cycle-end id="3177" type="scavenge" contextid="3171" timestamp="2020-09-11T12:57:40.578" />
<allocation-satisfied id="3178" threadId="0000000000863200" bytesRequested="24" />
<af-end id="3179" timestamp="2020-09-11T12:57:40.578" threadId="0000000000863B80" success="true" from="nursery"/>
<exclusive-end id="3180" timestamp="2020-09-11T12:57:40.578" durationms="152.888" />

<exclusive-start id="3181" timestamp="2020-09-11T12:57:42.438" intervalms="2012.861">
  <response-info timems="0.468" idlems="0.468" threads="0" lastid="0000000000819400" lastname="Group1.Backend.CompositeBackend{Tier1}.3" />
</exclusive-start>
<af-start id="3182" threadId="0000000000819D80" totalBytesRequested="520" timestamp="2020-09-11T12:57:42.439" intervalms="2012.682" type="nursery" />
<cycle-start id="3183" type="scavenge" contextid="0" timestamp="2020-09-11T12:57:42.439" intervalms="2012.680" />
<gc-start id="3184" type="scavenge" contextid="3183" timestamp="2020-09-11T12:57:42.439">
  <mem-info id="3185" free="892745488" total="2765553664" percent="32">
    <mem type="nursery" free="0" total="939524096" percent="0">
      <mem type="allocate" free="0" total="783089664" percent="0" />
      <mem type="survivor" free="0" total="156434432" percent="0" />
    </mem>
    <mem type="tenure" free="892745488" total="1826029568" percent="48">
      <mem type="soa" free="793904104" total="1716467712" percent="46" />
      <mem type="loa" free="98841384" total="109561856" percent="90" />
    </mem>
    <remembered-set count="188948" />
  </mem-info>
</gc-start>
<allocation-stats totalBytes="666118592" >
  <allocated-bytes non-tlh="31898928" tlh="634219664" />
  <largest-consumer threadName="Group1.Backend.CompositeBackend{Tier1}.3" threadId="0000000000819400" bytes="124212616" />
</allocation-stats>
<gc-op id="3186" type="scavenge" timems="142.238" contextid="3183" timestamp="2020-09-11T12:57:42.581">
  <scavenger-info tenureage="3" tenuremask="7ff8" tiltratio="83" />
  <memory-copied type="nursery" objects="3962514" bytes="106193944" bytesdiscarded="167104" />
  <memory-copied type="tenure" objects="1030135" bytes="27692120" bytesdiscarded="54400" />
  <finalization candidates="1" enqueued="0" />
  <ownableSynchronizers candidates="4198" cleared="3779" />
  <references type="soft" candidates="412" cleared="0" enqueued="0" dynamicThreshold="18" maxThreshold="32" />
  <references type="weak" candidates="129" cleared="128" enqueued="0" />
</gc-op>
<gc-end id="3187" type="scavenge" contextid="3183" durationms="144.038" usertimems="1033.423" systemtimems="26.604" timestamp="2020-09-11T12:57:42.583" activeThreads="8">
  <mem-info id="3188" free="1546756792" total="2765553664" percent="55">
    <mem type="nursery" free="681819136" total="939524096" percent="72">
      <mem type="allocate" free="681819136" total="788267008" percent="86" />
      <mem type="survivor" free="0" total="151257088" percent="0" />
    </mem>
    <mem type="tenure" free="864937656" total="1826029568" percent="47" macro-fragmented="0">
      <mem type="soa" free="766096272" total="1716467712" percent="44" />
      <mem type="loa" free="98841384" total="109561856" percent="90" />
    </mem>
    <remembered-set count="28908" />
  </mem-info>
</gc-end>
<cycle-end id="3189" type="scavenge" contextid="3183" timestamp="2020-09-11T12:57:42.588" />
<allocation-satisfied id="3190" threadId="0000000000819400" bytesRequested="520" />
<af-end id="3191" timestamp="2020-09-11T12:57:42.588" threadId="0000000000819D80" success="true" from="nursery"/>
<exclusive-end id="3192" timestamp="2020-09-11T12:57:42.588" durationms="149.800" />

<exclusive-start id="3193" timestamp="2020-09-11T12:57:44.534" intervalms="2096.448">
  <response-info timems="2.026" idlems="2.026" threads="0" lastid="00000000008DD200" lastname="Group1.Backend.CompositeBackend{Tier1}.8" />
</exclusive-start>
<af-start id="3194" threadId="00000000008DDB80" totalBytesRequested="664" timestamp="2020-09-11T12:57:44.535" intervalms="2096.714" type="nursery" />
<cycle-start id="3195" type="scavenge" contextid="0" timestamp="2020-09-11T12:57:44.536" intervalms="2096.755" />
<gc-start id="3196" type="scavenge" contextid="3195" timestamp="2020-09-11T12:57:44.536">
  <mem-info id="3197" free="864937656" total="2765553664" percent="31">
    <mem type="nursery" free="0" total="939524096" percent="0">
      <mem type="allocate" free="0" total="788267008" percent="0" />
      <mem type="survivor" free="0" total="151257088" percent="0" />
    </mem>
    <mem type="tenure" free="864937656" total="1826029568" percent="47">
      <mem type="soa" free="766096272" total="1716467712" percent="44" />
      <mem type="loa" free="98841384" total="109561856" percent="90" />
    </mem>
    <remembered-set count="192555" />
  </mem-info>
</gc-start>
<allocation-stats totalBytes="681486872" >
  <allocated-bytes non-tlh="31128872" tlh="650358000" />
  <largest-consumer threadName="Group1.Backend.CompositeBackend{Tier1}.5" threadId="000000000086AF00" bytes="95052072" />
</allocation-stats>
<gc-op id="3198" type="scavenge" timems="150.730" contextid="3195" timestamp="2020-09-11T12:57:44.687">
  <scavenger-info tenureage="3" tenuremask="7ff8" tiltratio="83" />
  <memory-copied type="nursery" objects="3896946" bytes="104623776" bytesdiscarded="262440" />
  <memory-copied type="tenure" objects="1068852" bytes="28773776" bytesdiscarded="65960" />
  <ownableSynchronizers candidates="4076" cleared="3634" />
  <references type="soft" candidates="385" cleared="0" enqueued="0" dynamicThreshold="18" maxThreshold="32" />
  <references type="weak" candidates="132" cleared="132" enqueued="0" />
</gc-op>
<gc-end id="3199" type="scavenge" contextid="3195" durationms="153.026" usertimems="1064.579" systemtimems="26.745" timestamp="2020-09-11T12:57:44.689" activeThreads="8">
  <mem-info id="3200" free="1525951872" total="2765553664" percent="55">
    <mem type="nursery" free="689790208" total="939524096" percent="73">
      <mem type="allocate" free="689790208" total="794755072" percent="86" />
      <mem type="survivor" free="0" total="144769024" percent="0" />
    </mem>
    <mem type="tenure" free="836161664" total="1826029568" percent="45" macro-fragmented="0">
      <mem type="soa" free="737320280" total="1716467712" percent="42" />
      <mem type="loa" free="98841384" total="109561856" percent="90" />
    </mem>
    <remembered-set count="31585" />
  </mem-info>
</gc-end>
<cycle-end id="3201" type="scavenge" contextid="3195" timestamp="2020-09-11T12:57:44.692" />
<allocation-satisfied id="3202" threadId="00000000008DD200" bytesRequested="664" />
<af-end id="3203" timestamp="2020-09-11T12:57:44.692" threadId="00000000008DDB80" success="true" from="nursery"/>
<exclusive-end id="3204" timestamp="2020-09-11T12:57:44.692" durationms="157.872" />

<exclusive-start id="3205" timestamp="2020-09-11T12:57:46.673" intervalms="2138.451">
  <response-info timems="4.607" idlems="4.607" threads="0" lastid="0000000000863200" lastname="Group1.Backend.CompositeBackend{Tier1}.4" />
</exclusive-start>
<af-start id="3206" threadId="0000000000863B80" totalBytesRequested="16" timestamp="2020-09-11T12:57:46.674" intervalms="2138.348" type="nursery" />
<cycle-start id="3207" type="scavenge" contextid="0" timestamp="2020-09-11T12:57:46.674" intervalms="2138.349" />
<gc-start id="3208" type="scavenge" contextid="3207" timestamp="2020-09-11T12:57:46.678">
  <mem-info id="3209" free="836161664" total="2765553664" percent="30">
    <mem type="nursery" free="0" total="939524096" percent="0">
      <mem type="allocate" free="0" total="794755072" percent="0" />
      <mem type="survivor" free="0" total="144769024" percent="0" />
    </mem>
    <mem type="tenure" free="836161664" total="1826029568" percent="45">
      <mem type="soa" free="737320280" total="1716467712" percent="42" />
      <mem type="loa" free="98841384" total="109561856" percent="90" />
    </mem>
    <remembered-set count="196356" />
  </mem-info>
</gc-start>
<allocation-stats totalBytes="689456256" >
  <allocated-bytes non-tlh="30957464" tlh="658498792" />
  <largest-consumer threadName="Group1.Backend.CompositeBackend{Tier1}.3" threadId="0000000000819400" bytes="114416056" />
</allocation-stats>
<gc-op id="3210" type="scavenge" timems="197.491" contextid="3207" timestamp="2020-09-11T12:57:46.876">
  <scavenger-info tenureage="3" tenuremask="7ff8" tiltratio="84" />
  <memory-copied type="nursery" objects="4025895" bytes="108031584" bytesdiscarded="185832" />
  <memory-copied type="tenure" objects="1017955" bytes="27365344" bytesdiscarded="53800" />
  <ownableSynchronizers candidates="3790" cleared="3376" />
  <references type="soft" candidates="372" cleared="0" enqueued="0" dynamicThreshold="18" maxThreshold="32" />
  <references type="weak" candidates="118" cleared="118" enqueued="0" />
</gc-op>
<gc-end id="3211" type="scavenge" contextid="3207" durationms="198.744" usertimems="1281.195" systemtimems="37.691" timestamp="2020-09-11T12:57:46.877" activeThreads="8">
  <mem-info id="3212" free="1499076432" total="2765553664" percent="54">
    <mem type="nursery" free="690452984" total="939524096" percent="73">
      <mem type="allocate" free="690452984" total="798752768" percent="86" />
      <mem type="survivor" free="0" total="140771328" percent="0" />
    </mem>
    <mem type="tenure" free="808623448" total="1826029568" percent="44" macro-fragmented="0">
      <mem type="soa" free="709782064" total="1716467712" percent="41" />
      <mem type="loa" free="98841384" total="109561856" percent="90" />
    </mem>
    <remembered-set count="33620" />
  </mem-info>
</gc-end>
<cycle-end id="3213" type="scavenge" contextid="3207" timestamp="2020-09-11T12:57:46.880" />
<allocation-satisfied id="3214" threadId="0000000000863200" bytesRequested="16" />
<af-end id="3215" timestamp="2020-09-11T12:57:46.880" threadId="0000000000863B80" success="true" from="nursery"/>
<exclusive-end id="3216" timestamp="2020-09-11T12:57:46.880" durationms="207.452" />

<exclusive-start id="3217" timestamp="2020-09-11T12:57:48.800" intervalms="2127.278">
  <response-info timems="0.520" idlems="0.282" threads="1" lastid="0000000000A00400" lastname="Group1.TxInjector.CompositeTxInjector.I.driver.probe.53" />
</exclusive-start>
<af-start id="3218" threadId="0000000000819D80" totalBytesRequested="16" timestamp="2020-09-11T12:57:48.801" intervalms="2127.167" type="nursery" />
<cycle-start id="3219" type="scavenge" contextid="0" timestamp="2020-09-11T12:57:48.801" intervalms="2127.142" />
<gc-start id="3220" type="scavenge" contextid="3219" timestamp="2020-09-11T12:57:48.801">
  <mem-info id="3221" free="808623448" total="2765553664" percent="29">
    <mem type="nursery" free="0" total="939524096" percent="0">
      <mem type="allocate" free="0" total="798752768" percent="0" />
      <mem type="survivor" free="0" total="140771328" percent="0" />
    </mem>
    <mem type="tenure" free="808623448" total="1826029568" percent="44">
      <mem type="soa" free="709782064" total="1716467712" percent="41" />
      <mem type="loa" free="98841384" total="109561856" percent="90" />
    </mem>
    <remembered-set count="200444" />
  </mem-info>
</gc-start>
<allocation-stats totalBytes="690124056" >
  <allocated-bytes non-tlh="27905800" tlh="662218256" />
  <largest-consumer threadName="Group1.Backend.CompositeBackend{Tier1}.8" threadId="00000000008DD200" bytes="99641248" />
</allocation-stats>
<gc-op id="3222" type="scavenge" timems="127.080" contextid="3219" timestamp="2020-09-11T12:57:48.928">
  <scavenger-info tenureage="3" tenuremask="7ff8" tiltratio="85" />
  <memory-copied type="nursery" objects="4163106" bytes="111528560" bytesdiscarded="150984" />
  <memory-copied type="tenure" objects="1065654" bytes="28627488" bytesdiscarded="57800" />
  <ownableSynchronizers candidates="3598" cleared="3214" />
  <references type="soft" candidates="346" cleared="0" enqueued="0" dynamicThreshold="18" maxThreshold="32" />
  <references type="weak" candidates="123" cleared="123" enqueued="0" />
</gc-op>
<gc-end id="3223" type="scavenge" contextid="3219" durationms="128.225" usertimems="921.140" systemtimems="14.711" timestamp="2020-09-11T12:57:48.929" activeThreads="8">
  <mem-info id="3224" free="1469292408" total="2765553664" percent="53">
    <mem type="nursery" free="689344760" total="939524096" percent="73">
      <mem type="allocate" free="689344760" total="801112064" percent="86" />
      <mem type="survivor" free="0" total="138412032" percent="0" />
    </mem>
    <mem type="tenure" free="779947648" total="1826029568" percent="42" macro-fragmented="0">
      <mem type="soa" free="681106264" total="1716467712" percent="39" />
      <mem type="loa" free="98841384" total="109561856" percent="90" />
    </mem>
    <remembered-set count="33551" />
  </mem-info>
</gc-end>
<cycle-end id="3225" type="scavenge" contextid="3219" timestamp="2020-09-11T12:57:48.931" />
<allocation-satisfied id="3226" threadId="0000000000819400" bytesRequested="16" />
<af-end id="3227" timestamp="2020-09-11T12:57:48.931" threadId="0000000000819D80" success="true" from="nursery"/>
<exclusive-end id="3228" timestamp="2020-09-11T12:57:48.931" durationms="131.222" />

<exclusive-start id="3229" timestamp="2020-09-11T12:57:50.911" intervalms="2110.937">
  <response-info timems="0.444" idlems="0.186" threads="2" lastid="00000000008C3100" lastname="Group1.Backend.CompositeBackend{Tier1}.7" />
</exclusive-start>
<af-start id="3230" threadId="0000000000863B80" totalBytesRequested="32" timestamp="2020-09-11T12:57:50.912" intervalms="2110.844" type="nursery" />
<cycle-start id="3231" type="scavenge" contextid="0" timestamp="2020-09-11T12:57:50.912" intervalms="2110.838" />
<gc-start id="3232" type="scavenge" contextid="3231" timestamp="2020-09-11T12:57:50.912">
  <mem-info id="3233" free="779947648" total="2765553664" percent="28">
    <mem type="nursery" free="0" total="939524096" percent="0">
      <mem type="allocate" free="0" total="801112064" percent="0" />
      <mem type="survivor" free="0" total="138412032" percent="0" />
    </mem>
    <mem type="tenure" free="779947648" total="1826029568" percent="42">
      <mem type="soa" free="681106264" total="1716467712" percent="39" />
      <mem type="loa" free="98841384" total="109561856" percent="90" />
    </mem>
    <remembered-set count="195516" />
  </mem-info>
</gc-start>
<allocation-stats totalBytes="689027376" >
  <allocated-bytes non-tlh="34531960" tlh="654495416" />
  <largest-consumer threadName="Group1.Backend.CompositeBackend{Tier1}.6" threadId="000000000088B400" bytes="94938680" />
</allocation-stats>
<gc-op id="3234" type="scavenge" timems="130.803" contextid="3231" timestamp="2020-09-11T12:57:51.043">
  <scavenger-info tenureage="3" tenuremask="7ff8" tiltratio="85" />
  <memory-copied type="nursery" objects="4315565" bytes="114821696" bytesdiscarded="106432" />
  <memory-copied type="tenure" objects="1068695" bytes="28713496" bytesdiscarded="64816" />
  <ownableSynchronizers candidates="4158" cleared="3788" />
  <references type="soft" candidates="338" cleared="0" enqueued="0" dynamicThreshold="18" maxThreshold="32" />
  <references type="weak" candidates="108" cleared="108" enqueued="0" />
</gc-op>
<gc-end id="3235" type="scavenge" contextid="3231" durationms="131.720" usertimems="958.865" systemtimems="0.875" timestamp="2020-09-11T12:57:51.044" activeThreads="8">
  <mem-info id="3236" free="1438533216" total="2765553664" percent="52">
    <mem type="nursery" free="687341048" total="939524096" percent="73">
      <mem type="allocate" free="687341048" total="802357248" percent="85" />
      <mem type="survivor" free="0" total="137166848" percent="0" />
    </mem>
    <mem type="tenure" free="751192168" total="1826029568" percent="41" macro-fragmented="0">
      <mem type="soa" free="652350784" total="1716467712" percent="38" />
      <mem type="loa" free="98841384" total="109561856" percent="90" />
    </mem>
    <remembered-set count="31920" />
  </mem-info>
</gc-end>
<cycle-end id="3237" type="scavenge" contextid="3231" timestamp="2020-09-11T12:57:51.045" />
<allocation-satisfied id="3238" threadId="0000000000863200" bytesRequested="32" />
<af-end id="3239" timestamp="2020-09-11T12:57:51.045" threadId="0000000000863B80" success="true" from="nursery"/>
<exclusive-end id="3240" timestamp="2020-09-11T12:57:51.045" durationms="134.353" />

<exclusive-start id="3241" timestamp="2020-09-11T12:57:53.005" intervalms="2093.459">
  <response-info timems="9.262" idlems="9.262" threads="0" lastid="000000000088B400" lastname="Group1.Backend.CompositeBackend{Tier1}.6" />
</exclusive-start>
<af-start id="3242" threadId="000000000088BD80" totalBytesRequested="664" timestamp="2020-09-11T12:57:53.005" intervalms="2093.716" type="nursery" />
<cycle-start id="3243" type="scavenge" contextid="0" timestamp="2020-09-11T12:57:53.006" intervalms="2093.707" />
<gc-start id="3244" type="scavenge" contextid="3243" timestamp="2020-09-11T12:57:53.006">
  <mem-info id="3245" free="751192168" total="2765553664" percent="27">
    <mem type="nursery" free="0" total="939524096" percent="0">
      <mem type="allocate" free="0" total="802357248" percent="0" />
      <mem type="survivor" free="0" total="137166848" percent="0" />
    </mem>
    <mem type="tenure" free="751192168" total="1826029568" percent="41">
      <mem type="soa" free="652350784" total="1716467712" percent="38" />
      <mem type="loa" free="98841384" total="109561856" percent="90" />
    </mem>
    <remembered-set count="195318" />
  </mem-info>
</gc-start>
<allocation-stats totalBytes="687005832" >
  <allocated-bytes non-tlh="29753336" tlh="657252496" />
  <largest-consumer threadName="Group1.Backend.CompositeBackend{Tier1}.1" threadId="000000000078C200" bytes="84935552" />
</allocation-stats>
<gc-op id="3246" type="scavenge" timems="151.343" contextid="3243" timestamp="2020-09-11T12:57:53.157">
  <scavenger-info tenureage="3" tenuremask="7ff8" tiltratio="85" />
  <memory-copied type="nursery" objects="4255879" bytes="114396456" bytesdiscarded="203256" />
  <memory-copied type="tenure" objects="1089949" bytes="29290616" bytesdiscarded="62208" />
  <ownableSynchronizers candidates="4984" cleared="4581" />
  <references type="soft" candidates="353" cleared="0" enqueued="0" dynamicThreshold="18" maxThreshold="32" />
  <references type="weak" candidates="113" cleared="113" enqueued="0" />
</gc-op>
<gc-end id="3247" type="scavenge" contextid="3243" durationms="152.371" usertimems="1063.214" systemtimems="1.872" timestamp="2020-09-11T12:57:53.158" activeThreads="8">
  <mem-info id="3248" free="1411073632" total="2765553664" percent="51">
    <mem type="nursery" free="689368240" total="939524096" percent="73">
      <mem type="allocate" free="689368240" total="804061184" percent="85" />
      <mem type="survivor" free="0" total="135462912" percent="0" />
    </mem>
    <mem type="tenure" free="721705392" total="1826029568" percent="39" macro-fragmented="0">
      <mem type="soa" free="622864008" total="1716467712" percent="36" />
      <mem type="loa" free="98841384" total="109561856" percent="90" />
    </mem>
    <remembered-set count="30298" />
  </mem-info>
</gc-end>
<cycle-end id="3249" type="scavenge" contextid="3243" timestamp="2020-09-11T12:57:53.160" />
<allocation-satisfied id="3250" threadId="000000000088B400" bytesRequested="664" />
<af-end id="3251" timestamp="2020-09-11T12:57:53.160" threadId="000000000088BD80" success="true" from="nursery"/>
<exclusive-end id="3252" timestamp="2020-09-11T12:57:53.160" durationms="155.173" />

<exclusive-start id="3253" timestamp="2020-09-11T12:57:55.053" intervalms="2048.836">
  <response-info timems="0.611" idlems="0.611" threads="0" lastid="00000000008DD200" lastname="Group1.Backend.CompositeBackend{Tier1}.8" />
</exclusive-start>
<af-start id="3254" threadId="00000000008DDB80" totalBytesRequested="16" timestamp="2020-09-11T12:57:55.054" intervalms="2048.885" type="nursery" />
<cycle-start id="3255" type="scavenge" contextid="0" timestamp="2020-09-11T12:57:55.054" intervalms="2048.895" />
<gc-start id="3256" type="scavenge" contextid="3255" timestamp="2020-09-11T12:57:55.055">
  <mem-info id="3257" free="721705392" total="2765553664" percent="26">
    <mem type="nursery" free="0" total="939524096" percent="0">
      <mem type="allocate" free="0" total="804061184" percent="0" />
      <mem type="survivor" free="0" total="135462912" percent="0" />
    </mem>
    <mem type="tenure" free="721705392" total="1826029568" percent="39">
      <mem type="soa" free="622864008" total="1716467712" percent="36" />
      <mem type="loa" free="98841384" total="109561856" percent="90" />
    </mem>
    <remembered-set count="191339" />
  </mem-info>
</gc-start>
<allocation-stats totalBytes="689056864" >
  <allocated-bytes non-tlh="34303912" tlh="654752952" />
  <largest-consumer threadName="Group1.Backend.CompositeBackend{Tier1}.5" threadId="000000000086AF00" bytes="107444672" />
</allocation-stats>
<gc-op id="3258" type="scavenge" timems="118.447" contextid="3255" timestamp="2020-09-11T12:57:55.173">
  <scavenger-info tenureage="3" tenuremask="7ff8" tiltratio="85" />
  <memory-copied type="nursery" objects="4252717" bytes="113303280" bytesdiscarded="113880" />
  <memory-copied type="tenure" objects="1127354" bytes="30315056" bytesdiscarded="62200" />
  <ownableSynchronizers candidates="5079" cleared="4652" />
  <references type="soft" candidates="388" cleared="0" enqueued="0" dynamicThreshold="18" maxThreshold="32" />
  <references type="weak" candidates="122" cleared="122" enqueued="0" />
</gc-op>
<gc-end id="3259" type="scavenge" contextid="3255" durationms="119.513" usertimems="877.472" systemtimems="0.000" timestamp="2020-09-11T12:57:55.174" activeThreads="8">
  <mem-info id="3260" free="1383389696" total="2765553664" percent="50">
    <mem type="nursery" free="692007920" total="939524096" percent="73">
      <mem type="allocate" free="692007920" total="805502976" percent="85" />
      <mem type="survivor" free="0" total="134021120" percent="0" />
    </mem>
    <mem type="tenure" free="691381776" total="1826029568" percent="37" macro-fragmented="0">
      <mem type="soa" free="592540392" total="1716467712" percent="34" />
      <mem type="loa" free="98841384" total="109561856" percent="90" />
    </mem>
    <remembered-set count="30614" />
  </mem-info>
</gc-end>
<cycle-end id="3261" type="scavenge" contextid="3255" timestamp="2020-09-11T12:57:55.176" />
<allocation-satisfied id="3262" threadId="00000000008DD200" bytesRequested="16" />
<af-end id="3263" timestamp="2020-09-11T12:57:55.176" threadId="00000000008DDB80" success="true" from="nursery"/>
<exclusive-end id="3264" timestamp="2020-09-11T12:57:55.176" durationms="122.393" />

<exclusive-start id="3265" timestamp="2020-09-11T12:57:57.178" intervalms="2124.637">
  <response-info timems="0.726" idlems="0.480" threads="1" lastid="00000000008DD200" lastname="Group1.Backend.CompositeBackend{Tier1}.8" />
</exclusive-start>
<af-start id="3266" threadId="0000000000A98780" totalBytesRequested="16" timestamp="2020-09-11T12:57:57.179" intervalms="2124.573" type="nursery" />
<cycle-start id="3267" type="scavenge" contextid="0" timestamp="2020-09-11T12:57:57.179" intervalms="2124.582" />
<gc-start id="3268" type="scavenge" contextid="3267" timestamp="2020-09-11T12:57:57.179">
  <mem-info id="3269" free="691381776" total="2765553664" percent="24">
    <mem type="nursery" free="0" total="939524096" percent="0">
      <mem type="allocate" free="0" total="805502976" percent="0" />
      <mem type="survivor" free="0" total="134021120" percent="0" />
    </mem>
    <mem type="tenure" free="691381776" total="1826029568" percent="37">
      <mem type="soa" free="592540392" total="1716467712" percent="34" />
      <mem type="loa" free="98841384" total="109561856" percent="90" />
    </mem>
    <remembered-set count="196919" />
  </mem-info>
</gc-start>
<allocation-stats totalBytes="691662320" >
  <allocated-bytes non-tlh="30236664" tlh="661425656" />
  <largest-consumer threadName="Group1.Backend.CompositeBackend{Tier1}.8" threadId="00000000008DD200" bytes="97578928" />
</allocation-stats>
<gc-op id="3270" type="scavenge" timems="120.697" contextid="3267" timestamp="2020-09-11T12:57:57.300">
  <scavenger-info tenureage="3" tenuremask="7ff8" tiltratio="85" />
  <memory-copied type="nursery" objects="4370827" bytes="116651952" bytesdiscarded="229280" />
  <memory-copied type="tenure" objects="1086747" bytes="29220696" bytesdiscarded="74008" />
  <ownableSynchronizers candidates="4434" cleared="3975" />
  <references type="soft" candidates="410" cleared="0" enqueued="0" dynamicThreshold="18" maxThreshold="32" />
  <references type="weak" candidates="115" cleared="113" enqueued="0" />
</gc-op>
<gc-end id="3271" type="scavenge" contextid="3267" durationms="122.198" usertimems="855.045" systemtimems="0.000" timestamp="2020-09-11T12:57:57.301" activeThreads="8">
  <mem-info id="3272" free="1350370048" total="2765553664" percent="48">
    <mem type="nursery" free="688209824" total="939524096" percent="73">
      <mem type="allocate" free="688209824" total="805175296" percent="85" />
      <mem type="survivor" free="0" total="134348800" percent="0" />
    </mem>
    <mem type="tenure" free="662160224" total="1826029568" percent="36" macro-fragmented="0">
      <mem type="soa" free="563318840" total="1716467712" percent="32" />
      <mem type="loa" free="98841384" total="109561856" percent="90" />
    </mem>
    <remembered-set count="31112" />
  </mem-info>
</gc-end>
<cycle-end id="3273" type="scavenge" contextid="3267" timestamp="2020-09-11T12:57:57.303" />
<allocation-satisfied id="3274" threadId="0000000000A97E00" bytesRequested="16" />
<af-end id="3275" timestamp="2020-09-11T12:57:57.303" threadId="0000000000A98780" success="true" from="nursery"/>
<exclusive-end id="3276" timestamp="2020-09-11T12:57:57.303" durationms="125.313" />

<exclusive-start id="3277" timestamp="2020-09-11T12:57:59.241" intervalms="2062.970">
  <response-info timems="0.551" idlems="0.551" threads="0" lastid="000000000078C200" lastname="Group1.Backend.CompositeBackend{Tier1}.1" />
</exclusive-start>
<af-start id="3278" threadId="000000000078CB80" totalBytesRequested="120" timestamp="2020-09-11T12:57:59.242" intervalms="2062.955" type="nursery" />
<cycle-start id="3279" type="scavenge" contextid="0" timestamp="2020-09-11T12:57:59.242" intervalms="2062.957" />
<gc-start id="3280" type="scavenge" contextid="3279" timestamp="2020-09-11T12:57:59.242">
  <mem-info id="3281" free="662159432" total="2765553664" percent="23">
    <mem type="nursery" free="0" total="939524096" percent="0">
      <mem type="allocate" free="0" total="805175296" percent="0" />
      <mem type="survivor" free="0" total="134348800" percent="0" />
    </mem>
    <mem type="tenure" free="662159432" total="1826029568" percent="36">
      <mem type="soa" free="563318048" total="1716467712" percent="32" />
      <mem type="loa" free="98841384" total="109561856" percent="90" />
    </mem>
    <remembered-set count="193655" />
  </mem-info>
</gc-start>
<allocation-stats totalBytes="687891008" >
  <allocated-bytes non-tlh="33831216" tlh="654059792" />
  <largest-consumer threadName="Group1.Backend.CompositeBackend{Tier1}.8" threadId="00000000008DD200" bytes="88535944" />
</allocation-stats>
<gc-op id="3282" type="scavenge" timems="114.584" contextid="3279" timestamp="2020-09-11T12:57:59.357">
  <scavenger-info tenureage="3" tenuremask="7ff8" tiltratio="85" />
  <memory-copied type="nursery" objects="4296826" bytes="114187192" bytesdiscarded="170912" />
  <memory-copied type="tenure" objects="1093409" bytes="29552928" bytesdiscarded="69984" />
  <ownableSynchronizers candidates="4661" cleared="4182" />
  <references type="soft" candidates="419" cleared="0" enqueued="0" dynamicThreshold="18" maxThreshold="32" />
  <references type="weak" candidates="109" cleared="104" enqueued="1" />
</gc-op>
<gc-end id="3283" type="scavenge" contextid="3279" durationms="115.670" usertimems="898.631" systemtimems="0.000" timestamp="2020-09-11T12:57:59.358" activeThreads="8">
  <mem-info id="3284" free="1323904784" total="2765553664" percent="47">
    <mem type="nursery" free="691452720" total="939524096" percent="73">
      <mem type="allocate" free="691452720" total="805896192" percent="85" />
      <mem type="survivor" free="0" total="133627904" percent="0" />
    </mem>
    <mem type="tenure" free="632452064" total="1826029568" percent="34" macro-fragmented="0">
      <mem type="soa" free="533610680" total="1716467712" percent="31" />
      <mem type="loa" free="98841384" total="109561856" percent="90" />
    </mem>
    <pending-finalizers system="0" default="0" reference="1" classloader="0" />
    <remembered-set count="32026" />
  </mem-info>
</gc-end>
<cycle-end id="3285" type="scavenge" contextid="3279" timestamp="2020-09-11T12:57:59.359" />
<allocation-satisfied id="3286" threadId="000000000078C200" bytesRequested="120" />
<af-end id="3287" timestamp="2020-09-11T12:57:59.360" threadId="000000000078CB80" success="true" from="nursery"/>
<exclusive-end id="3288" timestamp="2020-09-11T12:57:59.360" durationms="118.578" />

<exclusive-start id="3289" timestamp="2020-09-11T12:58:01.300" intervalms="2058.883">
  <response-info timems="0.911" idlems="0.473" threads="1" lastid="0000000000863200" lastname="Group1.Backend.CompositeBackend{Tier1}.4" />
</exclusive-start>
<af-start id="3290" threadId="000000000086B880" totalBytesRequested="32" timestamp="2020-09-11T12:58:01.301" intervalms="2058.963" type="nursery" />
<cycle-start id="3291" type="scavenge" contextid="0" timestamp="2020-09-11T12:58:01.301" intervalms="2058.966" />
<gc-start id="3292" type="scavenge" contextid="3291" timestamp="2020-09-11T12:58:01.301">
  <mem-info id="3293" free="632452064" total="2765553664" percent="22">
    <mem type="nursery" free="0" total="939524096" percent="0">
      <mem type="allocate" free="0" total="805896192" percent="0" />
      <mem type="survivor" free="0" total="133627904" percent="0" />
    </mem>
    <mem type="tenure" free="632452064" total="1826029568" percent="34">
      <mem type="soa" free="533610680" total="1716467712" percent="31" />
      <mem type="loa" free="98841384" total="109561856" percent="90" />
    </mem>
    <remembered-set count="192648" />
  </mem-info>
</gc-start>
<allocation-stats totalBytes="691081576" >
  <allocated-bytes non-tlh="36578864" tlh="654502712" />
  <largest-consumer threadName="Group1.Backend.CompositeBackend{Tier1}.5" threadId="000000000086AF00" bytes="89200856" />
</allocation-stats>
<gc-op id="3294" type="scavenge" timems="143.727" contextid="3291" timestamp="2020-09-11T12:58:01.445">
  <scavenger-info tenureage="3" tenuremask="7ff8" tiltratio="85" />
  <memory-copied type="nursery" objects="4512050" bytes="119814776" bytesdiscarded="194720" />
  <memory-copied type="tenure" objects="1061005" bytes="28520832" bytesdiscarded="76232" />
  <ownableSynchronizers candidates="5404" cleared="4919" />
  <references type="soft" candidates="418" cleared="0" enqueued="0" dynamicThreshold="18" maxThreshold="32" />
  <references type="weak" candidates="119" cleared="113" enqueued="0" />
</gc-op>
<gc-end id="3295" type="scavenge" contextid="3291" durationms="144.809" usertimems="1107.494" systemtimems="0.000" timestamp="2020-09-11T12:58:01.446" activeThreads="8">
  <mem-info id="3296" free="1284032840" total="2765553664" percent="46">
    <mem type="nursery" free="680297336" total="939524096" percent="72">
      <mem type="allocate" free="680297336" total="800391168" percent="84" />
      <mem type="survivor" free="0" total="139132928" percent="0" />
    </mem>
    <mem type="tenure" free="603735504" total="1826029568" percent="33" macro-fragmented="0">
      <mem type="soa" free="504894120" total="1716467712" percent="29" />
      <mem type="loa" free="98841384" total="109561856" percent="90" />
    </mem>
    <remembered-set count="31941" />
  </mem-info>
</gc-end>
<cycle-end id="3297" type="scavenge" contextid="3291" timestamp="2020-09-11T12:58:01.448" />
<allocation-satisfied id="3298" threadId="000000000086AF00" bytesRequested="32" />
<af-end id="3299" timestamp="2020-09-11T12:58:01.448" threadId="000000000086B880" success="true" from="nursery"/>
<exclusive-end id="3300" timestamp="2020-09-11T12:58:01.448" durationms="147.852" />

<exclusive-start id="3301" timestamp="2020-09-11T12:58:03.449" intervalms="2148.746">
  <response-info timems="1.004" idlems="1.004" threads="0" lastid="00000000008DD200" lastname="Group1.Backend.CompositeBackend{Tier1}.8" />
</exclusive-start>
<af-start id="3302" threadId="00000000008DDB80" totalBytesRequested="24" timestamp="2020-09-11T12:58:03.450" intervalms="2148.817" type="nursery" />
<cycle-start id="3303" type="scavenge" contextid="0" timestamp="2020-09-11T12:58:03.450" intervalms="2148.850" />
<gc-start id="3304" type="scavenge" contextid="3303" timestamp="2020-09-11T12:58:03.450">
  <mem-info id="3305" free="603735504" total="2765553664" percent="21">
    <mem type="nursery" free="0" total="939524096" percent="0">
      <mem type="allocate" free="0" total="800391168" percent="0" />
      <mem type="survivor" free="0" total="139132928" percent="0" />
    </mem>
    <mem type="tenure" free="603735504" total="1826029568" percent="33">
      <mem type="soa" free="504894120" total="1716467712" percent="29" />
      <mem type="loa" free="98841384" total="109561856" percent="90" />
    </mem>
    <remembered-set count="198006" />
  </mem-info>
</gc-start>
<allocation-stats totalBytes="679958576" >
  <allocated-bytes non-tlh="23911528" tlh="656047048" />
  <largest-consumer threadName="Group1.Backend.CompositeBackend{Tier1}.6" threadId="000000000088B400" bytes="92627560" />
</allocation-stats>
<gc-op id="3306" type="scavenge" timems="132.332" contextid="3303" timestamp="2020-09-11T12:58:03.583">
  <scavenger-info tenureage="3" tenuremask="7ff8" tiltratio="85" />
  <memory-copied type="nursery" objects="4204794" bytes="112290096" bytesdiscarded="205736" />
  <memory-copied type="tenure" objects="1110059" bytes="29826288" bytesdiscarded="78728" />
  <ownableSynchronizers candidates="3698" cleared="3240" />
  <references type="soft" candidates="419" cleared="0" enqueued="0" dynamicThreshold="18" maxThreshold="32" />
  <references type="weak" candidates="122" cleared="117" enqueued="0" />
</gc-op>
<gc-end id="3307" type="scavenge" contextid="3303" durationms="133.702" usertimems="941.336" systemtimems="0.000" timestamp="2020-09-11T12:58:03.584" activeThreads="8">
  <mem-info id="3308" free="1262739368" total="2765553664" percent="45">
    <mem type="nursery" free="688784120" total="939524096" percent="73">
      <mem type="allocate" free="688784120" total="801374208" percent="85" />
      <mem type="survivor" free="0" total="138149888" percent="0" />
    </mem>
    <mem type="tenure" free="573955248" total="1826029568" percent="31" macro-fragmented="0">
      <mem type="soa" free="475113864" total="1716467712" percent="27" />
      <mem type="loa" free="98841384" total="109561856" percent="90" />
    </mem>
    <remembered-set count="30221" />
  </mem-info>
</gc-end>
<cycle-end id="3309" type="scavenge" contextid="3303" timestamp="2020-09-11T12:58:03.587" />
<allocation-satisfied id="3310" threadId="00000000008DD200" bytesRequested="24" />
<af-end id="3311" timestamp="2020-09-11T12:58:03.587" threadId="00000000008DDB80" success="true" from="nursery"/>
<exclusive-end id="3312" timestamp="2020-09-11T12:58:03.587" durationms="138.005" />

<exclusive-start id="3313" timestamp="2020-09-11T12:58:05.412" intervalms="1963.028">
  <response-info timems="0.599" idlems="0.599" threads="0" lastid="000000000078C200" lastname="Group1.Backend.CompositeBackend{Tier1}.1" />
</exclusive-start>
<af-start id="3314" threadId="000000000078CB80" totalBytesRequested="16" timestamp="2020-09-11T12:58:05.412" intervalms="1962.870" type="nursery" />
<cycle-start id="3315" type="scavenge" contextid="0" timestamp="2020-09-11T12:58:05.413" intervalms="1962.820" />
<gc-start id="3316" type="scavenge" contextid="3315" timestamp="2020-09-11T12:58:05.413">
  <mem-info id="3317" free="573955248" total="2765553664" percent="20">
    <mem type="nursery" free="0" total="939524096" percent="0">
      <mem type="allocate" free="0" total="801374208" percent="0" />
      <mem type="survivor" free="0" total="138149888" percent="0" />
    </mem>
    <mem type="tenure" free="573955248" total="1826029568" percent="31">
      <mem type="soa" free="475113864" total="1716467712" percent="27" />
      <mem type="loa" free="98841384" total="109561856" percent="90" />
    </mem>
    <remembered-set count="187780" />
  </mem-info>
</gc-start>
<allocation-stats totalBytes="688469984" >
  <allocated-bytes non-tlh="40949272" tlh="647520712" />
  <largest-consumer threadName="Group1.Backend.CompositeBackend{Tier1}.6" threadId="000000000088B400" bytes="100484904" />
</allocation-stats>
<gc-op id="3318" type="scavenge" timems="116.536" contextid="3315" timestamp="2020-09-11T12:58:05.530">
  <scavenger-info tenureage="3" tenuremask="7ff8" tiltratio="85" />
  <memory-copied type="nursery" objects="4563568" bytes="119978024" bytesdiscarded="145040" />
  <memory-copied type="tenure" objects="1087585" bytes="29226880" bytesdiscarded="90792" />
  <ownableSynchronizers candidates="3338" cleared="2901" />
  <references type="soft" candidates="382" cleared="0" enqueued="0" dynamicThreshold="18" maxThreshold="32" />
  <references type="weak" candidates="133" cleared="133" enqueued="0" />
</gc-op>
<gc-end id="3319" type="scavenge" contextid="3315" durationms="118.264" usertimems="903.833" systemtimems="0.000" timestamp="2020-09-11T12:58:05.531" activeThreads="8">
  <mem-info id="3320" free="1222002920" total="2765553664" percent="44">
    <mem type="nursery" free="677301320" total="939524096" percent="72">
      <mem type="allocate" free="677301320" total="797507584" percent="84" />
      <mem type="survivor" free="0" total="142016512" percent="0" />
    </mem>
    <mem type="tenure" free="544701600" total="1826029568" percent="29" macro-fragmented="0">
      <mem type="soa" free="445860216" total="1716467712" percent="25" />
      <mem type="loa" free="98841384" total="109561856" percent="90" />
    </mem>
    <remembered-set count="29413" />
  </mem-info>
</gc-end>
<cycle-end id="3321" type="scavenge" contextid="3315" timestamp="2020-09-11T12:58:05.533" />
<allocation-satisfied id="3322" threadId="000000000078C200" bytesRequested="16" />
<af-end id="3323" timestamp="2020-09-11T12:58:05.533" threadId="000000000078CB80" success="true" from="nursery"/>
<exclusive-end id="3324" timestamp="2020-09-11T12:58:05.533" durationms="121.588" />

<exclusive-start id="3325" timestamp="2020-09-11T12:58:07.542" intervalms="2130.131">
  <response-info timems="8.791" idlems="8.240" threads="1" lastid="00000000008DD200" lastname="Group1.Backend.CompositeBackend{Tier1}.8" />
</exclusive-start>
<af-start id="3326" threadId="000000000088BD80" totalBytesRequested="88" timestamp="2020-09-11T12:58:07.543" intervalms="2130.045" type="nursery" />
<cycle-start id="3327" type="scavenge" contextid="0" timestamp="2020-09-11T12:58:07.543" intervalms="2130.056" />
<gc-start id="3328" type="scavenge" contextid="3327" timestamp="2020-09-11T12:58:07.543">
  <mem-info id="3329" free="544701600" total="2765553664" percent="19">
    <mem type="nursery" free="0" total="939524096" percent="0">
      <mem type="allocate" free="0" total="797507584" percent="0" />
      <mem type="survivor" free="0" total="142016512" percent="0" />
    </mem>
    <mem type="tenure" free="544701600" total="1826029568" percent="29">
      <mem type="soa" free="445860216" total="1716467712" percent="25" />
      <mem type="loa" free="98841384" total="109561856" percent="90" />
    </mem>
    <remembered-set count="192258" />
  </mem-info>
</gc-start>
<allocation-stats totalBytes="676966736" >
  <allocated-bytes non-tlh="30913056" tlh="646053680" />
  <largest-consumer threadName="Group1.Backend.CompositeBackend{Tier1}.2" threadId="00000000007EB800" bytes="100650720" />
</allocation-stats>
<gc-op id="3330" type="scavenge" timems="144.772" contextid="3327" timestamp="2020-09-11T12:58:07.688">
  <scavenger-info tenureage="3" tenuremask="7ff8" tiltratio="84" />
  <memory-copied type="nursery" objects="4216389" bytes="112018728" bytesdiscarded="324184" />
  <memory-copied type="tenure" objects="1068072" bytes="28706872" bytesdiscarded="64464" />
  <ownableSynchronizers candidates="4541" cleared="4112" />
  <references type="soft" candidates="365" cleared="0" enqueued="0" dynamicThreshold="18" maxThreshold="32" />
  <references type="weak" candidates="128" cleared="127" enqueued="0" />
</gc-op>
<gc-end id="3331" type="scavenge" contextid="3327" durationms="145.771" usertimems="1098.582" systemtimems="7.948" timestamp="2020-09-11T12:58:07.689" activeThreads="8">
  <mem-info id="3332" free="1202576928" total="2765553664" percent="43">
    <mem type="nursery" free="686584816" total="939524096" percent="73">
      <mem type="allocate" free="686584816" total="799014912" percent="85" />
      <mem type="survivor" free="0" total="140509184" percent="0" />
    </mem>
    <mem type="tenure" free="515992112" total="1826029568" percent="28" macro-fragmented="0">
      <mem type="soa" free="417150728" total="1716467712" percent="24" />
      <mem type="loa" free="98841384" total="109561856" percent="90" />
    </mem>
    <remembered-set count="29644" />
  </mem-info>
</gc-end>
<cycle-end id="3333" type="scavenge" contextid="3327" timestamp="2020-09-11T12:58:07.690" />
<allocation-satisfied id="3334" threadId="000000000088B400" bytesRequested="88" />
<af-end id="3335" timestamp="2020-09-11T12:58:07.690" threadId="000000000088BD80" success="true" from="nursery"/>
<exclusive-end id="3336" timestamp="2020-09-11T12:58:07.690" durationms="148.493" />

<exclusive-start id="3337" timestamp="2020-09-11T12:58:09.600" intervalms="2058.410">
  <response-info timems="0.561" idlems="0.561" threads="0" lastid="00000000008C3100" lastname="Group1.Backend.CompositeBackend{Tier1}.7" />
</exclusive-start>
<af-start id="3338" threadId="00000000008C3A80" totalBytesRequested="16" timestamp="2020-09-11T12:58:09.601" intervalms="2058.400" type="nursery" />
<cycle-start id="3339" type="scavenge" contextid="0" timestamp="2020-09-11T12:58:09.601" intervalms="2058.376" />
<gc-start id="3340" type="scavenge" contextid="3339" timestamp="2020-09-11T12:58:09.601">
  <mem-info id="3341" free="515992112" total="2765553664" percent="18">
    <mem type="nursery" free="0" total="939524096" percent="0">
      <mem type="allocate" free="0" total="799014912" percent="0" />
      <mem type="survivor" free="0" total="140509184" percent="0" />
    </mem>
    <mem type="tenure" free="515992112" total="1826029568" percent="28">
      <mem type="soa" free="417150728" total="1716467712" percent="24" />
      <mem type="loa" free="98841384" total="109561856" percent="90" />
    </mem>
    <remembered-set count="192790" />
  </mem-info>
</gc-start>
<allocation-stats totalBytes="686226080" >
  <allocated-bytes non-tlh="30039488" tlh="656186592" />
  <largest-consumer threadName="Group1.Backend.CompositeBackend{Tier1}.5" threadId="000000000086AF00" bytes="100306040" />
</allocation-stats>
<gc-op id="3342" type="scavenge" timems="162.237" contextid="3339" timestamp="2020-09-11T12:58:09.764">
  <scavenger-info tenureage="3" tenuremask="7ff8" tiltratio="85" />
  <memory-copied type="nursery" objects="4565319" bytes="119885648" bytesdiscarded="250984" />
  <memory-copied type="tenure" objects="1123985" bytes="30236816" bytesdiscarded="79088" />
  <ownableSynchronizers candidates="3699" cleared="3306" />
  <references type="soft" candidates="363" cleared="0" enqueued="0" dynamicThreshold="18" maxThreshold="32" />
  <references type="weak" candidates="118" cleared="118" enqueued="0" />
</gc-op>
<gc-end id="3343" type="scavenge" contextid="3339" durationms="164.235" usertimems="1231.169" systemtimems="22.427" timestamp="2020-09-11T12:58:09.765" activeThreads="8">
  <mem-info id="3344" free="1162296560" total="2765553664" percent="42">
    <mem type="nursery" free="676700336" total="939524096" percent="72">
      <mem type="allocate" free="676700336" total="796917760" percent="84" />
      <mem type="survivor" free="0" total="142606336" percent="0" />
    </mem>
    <mem type="tenure" free="485596224" total="1826029568" percent="26" macro-fragmented="0">
      <mem type="soa" free="386754840" total="1716467712" percent="22" />
      <mem type="loa" free="98841384" total="109561856" percent="90" />
    </mem>
    <remembered-set count="31090" />
  </mem-info>
</gc-end>
<cycle-end id="3345" type="scavenge" contextid="3339" timestamp="2020-09-11T12:58:09.767" />
<allocation-satisfied id="3346" threadId="00000000008C3100" bytesRequested="16" />
<af-end id="3347" timestamp="2020-09-11T12:58:09.767" threadId="00000000008C3A80" success="true" from="nursery"/>
<exclusive-end id="3348" timestamp="2020-09-11T12:58:09.767" durationms="167.279" />

<exclusive-start id="3349" timestamp="2020-09-11T12:58:11.705" intervalms="2104.403">
  <response-info timems="3.225" idlems="3.225" threads="0" lastid="0000000000A04000" lastname="Group1.TxInjector.CompositeTxInjector.I.driver.probe.54" />
</exclusive-start>
<af-start id="3350" threadId="0000000000A04980" totalBytesRequested="1376" timestamp="2020-09-11T12:58:11.705" intervalms="2104.547" type="nursery" />
<cycle-start id="3351" type="scavenge" contextid="0" timestamp="2020-09-11T12:58:11.706" intervalms="2104.592" />
<gc-start id="3352" type="scavenge" contextid="3351" timestamp="2020-09-11T12:58:11.706">
  <mem-info id="3353" free="485596224" total="2765553664" percent="17">
    <mem type="nursery" free="0" total="939524096" percent="0">
      <mem type="allocate" free="0" total="796917760" percent="0" />
      <mem type="survivor" free="0" total="142606336" percent="0" />
    </mem>
    <mem type="tenure" free="485596224" total="1826029568" percent="26">
      <mem type="soa" free="386754840" total="1716467712" percent="22" />
      <mem type="loa" free="98841384" total="109561856" percent="90" />
    </mem>
    <remembered-set count="194729" />
  </mem-info>
</gc-start>
<allocation-stats totalBytes="676349320" >
  <allocated-bytes non-tlh="28496544" tlh="647852776" />
  <largest-consumer threadName="Group1.Backend.CompositeBackend{Tier1}.1" threadId="000000000078C200" bytes="108127064" />
</allocation-stats>
<gc-op id="3354" type="scavenge" timems="178.527" contextid="3351" timestamp="2020-09-11T12:58:11.885">
  <scavenger-info tenureage="3" tenuremask="7ff8" tiltratio="84" />
  <memory-copied type="nursery" objects="4251025" bytes="113111240" bytesdiscarded="139184" />
  <memory-copied type="tenure" objects="1016233" bytes="27307968" bytesdiscarded="77944" />
  <ownableSynchronizers candidates="4386" cleared="3978" />
  <references type="soft" candidates="387" cleared="0" enqueued="0" dynamicThreshold="18" maxThreshold="32" />
  <references type="weak" candidates="128" cleared="127" enqueued="0" />
  <references type="phantom" candidates="1" cleared="0" enqueued="0" />
</gc-op>
<gc-end id="3355" type="scavenge" contextid="3351" durationms="179.693" usertimems="1278.744" systemtimems="32.406" timestamp="2020-09-11T12:58:11.886" activeThreads="8">
  <mem-info id="3356" free="1143533680" total="2765553664" percent="41">
    <mem type="nursery" free="685223416" total="939524096" percent="72">
      <mem type="allocate" free="685223416" total="798556160" percent="85" />
      <mem type="survivor" free="0" total="140967936" percent="0" />
    </mem>
    <mem type="tenure" free="458310264" total="1826029568" percent="25" macro-fragmented="0">
      <mem type="soa" free="359468880" total="1716467712" percent="20" />
      <mem type="loa" free="98841384" total="109561856" percent="90" />
    </mem>
    <remembered-set count="31331" />
  </mem-info>
</gc-end>
<cycle-end id="3357" type="scavenge" contextid="3351" timestamp="2020-09-11T12:58:11.889" />
<allocation-satisfied id="3358" threadId="0000000000A04000" bytesRequested="1376" />
<af-end id="3359" timestamp="2020-09-11T12:58:11.890" threadId="0000000000A04980" success="true" from="nursery"/>
<exclusive-end id="3360" timestamp="2020-09-11T12:58:11.890" durationms="184.977" />

<exclusive-start id="3361" timestamp="2020-09-11T12:58:13.831" intervalms="2126.710">
  <response-info timems="0.483" idlems="0.483" threads="0" lastid="0000000000863200" lastname="Group1.Backend.CompositeBackend{Tier1}.4" />
</exclusive-start>
<af-start id="3362" threadId="0000000000863B80" totalBytesRequested="16" timestamp="2020-09-11T12:58:13.832" intervalms="2126.584" type="nursery" />
<cycle-start id="3363" type="scavenge" contextid="0" timestamp="2020-09-11T12:58:13.832" intervalms="2126.557" />
<gc-start id="3364" type="scavenge" contextid="3363" timestamp="2020-09-11T12:58:13.833">
  <mem-info id="3365" free="458310264" total="2765553664" percent="16">
    <mem type="nursery" free="0" total="939524096" percent="0">
      <mem type="allocate" free="0" total="798556160" percent="0" />
      <mem type="survivor" free="0" total="140967936" percent="0" />
    </mem>
    <mem type="tenure" free="458310264" total="1826029568" percent="25">
      <mem type="soa" free="359468880" total="1716467712" percent="20" />
      <mem type="loa" free="98841384" total="109561856" percent="90" />
    </mem>
    <remembered-set count="195579" />
  </mem-info>
</gc-start>
<allocation-stats totalBytes="684890096" >
  <allocated-bytes non-tlh="29992960" tlh="654897136" />
  <largest-consumer threadName="Group1.Backend.CompositeBackend{Tier1}.2" threadId="00000000007EB800" bytes="101573504" />
</allocation-stats>
<gc-op id="3366" type="scavenge" timems="113.994" contextid="3363" timestamp="2020-09-11T12:58:13.947">
  <scavenger-info tenureage="3" tenuremask="7ff8" tiltratio="84" />
  <memory-copied type="nursery" objects="4246228" bytes="113022104" bytesdiscarded="188744" />
  <memory-copied type="tenure" objects="1087809" bytes="29254328" bytesdiscarded="83640" />
  <ownableSynchronizers candidates="4280" cleared="3847" />
  <references type="soft" candidates="403" cleared="0" enqueued="0" dynamicThreshold="18" maxThreshold="32" />
  <references type="weak" candidates="110" cleared="110" enqueued="0" />
</gc-op>
<gc-end id="3367" type="scavenge" contextid="3363" durationms="114.968" usertimems="843.295" systemtimems="0.000" timestamp="2020-09-11T12:58:13.947" activeThreads="8">
  <mem-info id="3368" free="1117128744" total="2765553664" percent="40">
    <mem type="nursery" free="688141024" total="939524096" percent="73">
      <mem type="allocate" free="688141024" total="801439744" percent="85" />
      <mem type="survivor" free="0" total="138084352" percent="0" />
    </mem>
    <mem type="tenure" free="428987720" total="1826029568" percent="23" macro-fragmented="0">
      <mem type="soa" free="330146336" total="1716467712" percent="19" />
      <mem type="loa" free="98841384" total="109561856" percent="90" />
    </mem>
    <remembered-set count="31565" />
  </mem-info>
</gc-end>
<cycle-end id="3369" type="scavenge" contextid="3363" timestamp="2020-09-11T12:58:13.951" />
<allocation-satisfied id="3370" threadId="0000000000863200" bytesRequested="16" />
<af-end id="3371" timestamp="2020-09-11T12:58:13.951" threadId="0000000000863B80" success="true" from="nursery"/>
<exclusive-end id="3372" timestamp="2020-09-11T12:58:13.951" durationms="119.470" />

<exclusive-start id="3373" timestamp="2020-09-11T12:58:15.933" intervalms="2101.470">
  <response-info timems="0.567" idlems="0.567" threads="0" lastid="0000000000819400" lastname="Group1.Backend.CompositeBackend{Tier1}.3" />
</exclusive-start>
<af-start id="3374" threadId="0000000000819D80" totalBytesRequested="32" timestamp="2020-09-11T12:58:15.933" intervalms="2101.355" type="nursery" />
<cycle-start id="3375" type="scavenge" contextid="0" timestamp="2020-09-11T12:58:15.934" intervalms="2101.335" />
<gc-start id="3376" type="scavenge" contextid="3375" timestamp="2020-09-11T12:58:15.934">
  <mem-info id="3377" free="428987720" total="2765553664" percent="15">
    <mem type="nursery" free="0" total="939524096" percent="0">
      <mem type="allocate" free="0" total="801439744" percent="0" />
      <mem type="survivor" free="0" total="138084352" percent="0" />
    </mem>
    <mem type="tenure" free="428987720" total="1826029568" percent="23">
      <mem type="soa" free="330146336" total="1716467712" percent="19" />
      <mem type="loa" free="98841384" total="109561856" percent="90" />
    </mem>
    <remembered-set count="196961" />
  </mem-info>
</gc-start>
<allocation-stats totalBytes="687809968" >
  <allocated-bytes non-tlh="30353944" tlh="657456024" />
  <largest-consumer threadName="Group1.Backend.CompositeBackend{Tier1}.7" threadId="00000000008C3100" bytes="90659336" />
</allocation-stats>
<gc-op id="3378" type="scavenge" timems="98.576" contextid="3375" timestamp="2020-09-11T12:58:16.032">
  <scavenger-info tenureage="3" tenuremask="7ff8" tiltratio="85" />
  <memory-copied type="nursery" objects="4137133" bytes="111018912" bytesdiscarded="446616" />
  <memory-copied type="tenure" objects="1091661" bytes="29341120" bytesdiscarded="90648" />
  <ownableSynchronizers candidates="4202" cleared="3773" />
  <references type="soft" candidates="388" cleared="0" enqueued="0" dynamicThreshold="18" maxThreshold="32" />
  <references type="weak" candidates="114" cleared="113" enqueued="0" />
</gc-op>
<gc-end id="3379" type="scavenge" contextid="3375" durationms="99.489" usertimems="693.979" systemtimems="0.000" timestamp="2020-09-11T12:58:16.033" activeThreads="8">
  <mem-info id="3380" free="1091832480" total="2765553664" percent="39">
    <mem type="nursery" free="692176896" total="939524096" percent="73">
      <mem type="allocate" free="692176896" total="803733504" percent="86" />
      <mem type="survivor" free="0" total="135790592" percent="0" />
    </mem>
    <mem type="tenure" free="399655584" total="1826029568" percent="21" macro-fragmented="0">
      <mem type="soa" free="300814200" total="1716467712" percent="17" />
      <mem type="loa" free="98841384" total="109561856" percent="90" />
    </mem>
    <remembered-set count="31554" />
  </mem-info>
</gc-end>
<cycle-end id="3381" type="scavenge" contextid="3375" timestamp="2020-09-11T12:58:16.036" />
<allocation-satisfied id="3382" threadId="0000000000819400" bytesRequested="32" />
<af-end id="3383" timestamp="2020-09-11T12:58:16.037" threadId="0000000000819D80" success="true" from="nursery"/>
<exclusive-end id="3384" timestamp="2020-09-11T12:58:16.037" durationms="103.843" />

<exclusive-start id="3385" timestamp="2020-09-11T12:58:18.027" intervalms="2094.554">
  <response-info timems="4.794" idlems="4.794" threads="0" lastid="000000000078C200" lastname="Group1.Backend.CompositeBackend{Tier1}.1" />
</exclusive-start>
<af-start id="3386" threadId="000000000078CB80" totalBytesRequested="664" timestamp="2020-09-11T12:58:18.028" intervalms="2094.607" type="nursery" />
<cycle-start id="3387" type="scavenge" contextid="0" timestamp="2020-09-11T12:58:18.028" intervalms="2094.626" />
<gc-start id="3388" type="scavenge" contextid="3387" timestamp="2020-09-11T12:58:18.028">
  <mem-info id="3389" free="399655584" total="2765553664" percent="14">
    <mem type="nursery" free="0" total="939524096" percent="0">
      <mem type="allocate" free="0" total="803733504" percent="0" />
      <mem type="survivor" free="0" total="135790592" percent="0" />
    </mem>
    <mem type="tenure" free="399655584" total="1826029568" percent="21">
      <mem type="soa" free="300814200" total="1716467712" percent="17" />
      <mem type="loa" free="98841384" total="109561856" percent="90" />
    </mem>
    <remembered-set count="193873" />
  </mem-info>
</gc-start>
<allocation-stats totalBytes="691848008" >
  <allocated-bytes non-tlh="34245864" tlh="657602144" />
  <largest-consumer threadName="Group1.Backend.CompositeBackend{Tier1}.6" threadId="000000000088B400" bytes="102732840" />
</allocation-stats>
<gc-op id="3390" type="scavenge" timems="110.006" contextid="3387" timestamp="2020-09-11T12:58:18.139">
  <scavenger-info tenureage="3" tenuremask="7ff8" tiltratio="85" />
  <memory-copied type="nursery" objects="4122219" bytes="110557832" bytesdiscarded="426168" />
  <memory-copied type="tenure" objects="1101951" bytes="29612616" bytesdiscarded="93464" />
  <ownableSynchronizers candidates="4490" cleared="4047" />
  <references type="soft" candidates="380" cleared="0" enqueued="0" dynamicThreshold="18" maxThreshold="32" />
  <references type="weak" candidates="115" cleared="112" enqueued="0" />
</gc-op>
<gc-end id="3391" type="scavenge" contextid="3387" durationms="111.056" usertimems="837.053" systemtimems="10.044" timestamp="2020-09-11T12:58:18.139" activeThreads="8">
  <mem-info id="3392" free="1064907936" total="2765553664" percent="38">
    <mem type="nursery" free="694965248" total="939524096" percent="73">
      <mem type="allocate" free="694965248" total="806027264" percent="86" />
      <mem type="survivor" free="0" total="133496832" percent="0" />
    </mem>
    <mem type="tenure" free="369942688" total="1826029568" percent="20" macro-fragmented="0">
      <mem type="soa" free="271101304" total="1716467712" percent="15" />
      <mem type="loa" free="98841384" total="109561856" percent="90" />
    </mem>
    <remembered-set count="31443" />
  </mem-info>
</gc-end>
<cycle-end id="3393" type="scavenge" contextid="3387" timestamp="2020-09-11T12:58:18.143" />
<allocation-satisfied id="3394" threadId="000000000078C200" bytesRequested="664" />
<af-end id="3395" timestamp="2020-09-11T12:58:18.143" threadId="000000000078CB80" success="true" from="nursery"/>
<exclusive-end id="3396" timestamp="2020-09-11T12:58:18.143" durationms="115.596" />

<exclusive-start id="3397" timestamp="2020-09-11T12:58:20.097" intervalms="2070.070">
  <response-info timems="2.752" idlems="2.752" threads="0" lastid="00000000008C3100" lastname="Group1.Backend.CompositeBackend{Tier1}.7" />
</exclusive-start>
<af-start id="3398" threadId="00000000008C3A80" totalBytesRequested="120" timestamp="2020-09-11T12:58:20.098" intervalms="2070.408" type="nursery" />
<cycle-start id="3399" type="scavenge" contextid="0" timestamp="2020-09-11T12:58:20.099" intervalms="2070.448" />
<gc-start id="3400" type="scavenge" contextid="3399" timestamp="2020-09-11T12:58:20.099">
  <mem-info id="3401" free="369942688" total="2765553664" percent="13">
    <mem type="nursery" free="0" total="939524096" percent="0">
      <mem type="allocate" free="0" total="806027264" percent="0" />
      <mem type="survivor" free="0" total="133496832" percent="0" />
    </mem>
    <mem type="tenure" free="369942688" total="1826029568" percent="20">
      <mem type="soa" free="271101304" total="1716467712" percent="15" />
      <mem type="loa" free="98841384" total="109561856" percent="90" />
    </mem>
    <remembered-set count="194481" />
  </mem-info>
</gc-start>
<allocation-stats totalBytes="694622240" >
  <allocated-bytes non-tlh="34578568" tlh="660043672" />
  <largest-consumer threadName="Group1.Backend.CompositeBackend{Tier1}.3" threadId="0000000000819400" bytes="105858864" />
</allocation-stats>
<gc-op id="3402" type="scavenge" timems="120.474" contextid="3399" timestamp="2020-09-11T12:58:20.219">
  <scavenger-info tenureage="3" tenuremask="7ff8" tiltratio="85" />
  <memory-copied type="nursery" objects="4327438" bytes="115477896" bytesdiscarded="300944" />
  <memory-copied type="tenure" objects="1092006" bytes="29351488" bytesdiscarded="79096" />
  <ownableSynchronizers candidates="4570" cleared="4116" />
  <references type="soft" candidates="396" cleared="0" enqueued="0" dynamicThreshold="18" maxThreshold="32" />
  <references type="weak" candidates="113" cleared="113" enqueued="0" />
</gc-op>
<gc-end id="3403" type="scavenge" contextid="3399" durationms="121.804" usertimems="851.252" systemtimems="0.000" timestamp="2020-09-11T12:58:20.221" activeThreads="8">
  <mem-info id="3404" free="1029608840" total="2765553664" percent="37">
    <mem type="nursery" free="689052344" total="939524096" percent="73">
      <mem type="allocate" free="689052344" total="804913152" percent="85" />
      <mem type="survivor" free="0" total="134610944" percent="0" />
    </mem>
    <mem type="tenure" free="340556496" total="1826029568" percent="18" macro-fragmented="0">
      <mem type="soa" free="241715112" total="1716467712" percent="14" />
      <mem type="loa" free="98841384" total="109561856" percent="90" />
    </mem>
    <remembered-set count="30839" />
  </mem-info>
</gc-end>
<cycle-end id="3405" type="scavenge" contextid="3399" timestamp="2020-09-11T12:58:20.224" />
<allocation-satisfied id="3406" threadId="00000000008C3100" bytesRequested="120" />
<af-end id="3407" timestamp="2020-09-11T12:58:20.224" threadId="00000000008C3A80" success="true" from="nursery"/>
<exclusive-end id="3408" timestamp="2020-09-11T12:58:20.224" durationms="126.466" />

<exclusive-start id="3409" timestamp="2020-09-11T12:58:22.212" intervalms="2114.691">
  <response-info timems="0.426" idlems="0.426" threads="0" lastid="000000000078C200" lastname="Group1.Backend.CompositeBackend{Tier1}.1" />
</exclusive-start>
<af-start id="3410" threadId="000000000078CB80" totalBytesRequested="16" timestamp="2020-09-11T12:58:22.213" intervalms="2114.404" type="nursery" />
<cycle-start id="3411" type="scavenge" contextid="0" timestamp="2020-09-11T12:58:22.213" intervalms="2114.351" />
<gc-start id="3412" type="scavenge" contextid="3411" timestamp="2020-09-11T12:58:22.213">
  <mem-info id="3413" free="340556496" total="2765553664" percent="12">
    <mem type="nursery" free="0" total="939524096" percent="0">
      <mem type="allocate" free="0" total="804913152" percent="0" />
      <mem type="survivor" free="0" total="134610944" percent="0" />
    </mem>
    <mem type="tenure" free="340556496" total="1826029568" percent="18">
      <mem type="soa" free="241715112" total="1716467712" percent="14" />
      <mem type="loa" free="98841384" total="109561856" percent="90" />
    </mem>
    <remembered-set count="192372" />
  </mem-info>
</gc-start>
<allocation-stats totalBytes="688711624" >
  <allocated-bytes non-tlh="32200360" tlh="656511264" />
  <largest-consumer threadName="Group1.Backend.CompositeBackend{Tier1}.1" threadId="000000000078C200" bytes="92084336" />
</allocation-stats>
<gc-op id="3414" type="scavenge" timems="107.583" contextid="3411" timestamp="2020-09-11T12:58:22.321">
  <scavenger-info tenureage="3" tenuremask="7ff8" tiltratio="85" />
  <memory-copied type="nursery" objects="4279099" bytes="113831720" bytesdiscarded="150968" />
  <memory-copied type="tenure" objects="1123523" bytes="30210288" bytesdiscarded="95520" />
  <ownableSynchronizers candidates="4566" cleared="4113" />
  <references type="soft" candidates="411" cleared="0" enqueued="0" dynamicThreshold="18" maxThreshold="32" />
  <references type="weak" candidates="113" cleared="113" enqueued="0" />
</gc-op>
<gc-end id="3415" type="scavenge" contextid="3411" durationms="108.862" usertimems="798.164" systemtimems="0.000" timestamp="2020-09-11T12:58:22.322" activeThreads="8">
  <mem-info id="3416" free="1002138448" total="2765553664" percent="36">
    <mem type="nursery" free="691894776" total="939524096" percent="73">
      <mem type="allocate" free="691894776" total="805961728" percent="85" />
      <mem type="survivor" free="0" total="133562368" percent="0" />
    </mem>
    <mem type="tenure" free="310243672" total="1826029568" percent="16" macro-fragmented="0">
      <mem type="soa" free="211402288" total="1716467712" percent="12" />
      <mem type="loa" free="98841384" total="109561856" percent="90" />
    </mem>
    <remembered-set count="30660" />
  </mem-info>
</gc-end>
<cycle-end id="3417" type="scavenge" contextid="3411" timestamp="2020-09-11T12:58:22.323" />
<allocation-satisfied id="3418" threadId="000000000078C200" bytesRequested="16" />
<af-end id="3419" timestamp="2020-09-11T12:58:22.324" threadId="000000000078CB80" success="true" from="nursery"/>
<exclusive-end id="3420" timestamp="2020-09-11T12:58:22.324" durationms="111.436" />

<exclusive-start id="3421" timestamp="2020-09-11T12:58:24.326" intervalms="2113.842">
  <response-info timems="2.043" idlems="2.043" threads="0" lastid="00000000008C3100" lastname="Group1.Backend.CompositeBackend{Tier1}.7" />
</exclusive-start>
<af-start id="3422" threadId="00000000008C3A80" totalBytesRequested="120" timestamp="2020-09-11T12:58:24.327" intervalms="2113.797" type="nursery" />
<cycle-start id="3423" type="scavenge" contextid="0" timestamp="2020-09-11T12:58:24.327" intervalms="2113.801" />
<gc-start id="3424" type="scavenge" contextid="3423" timestamp="2020-09-11T12:58:24.327">
  <mem-info id="3425" free="310243672" total="2765553664" percent="11">
    <mem type="nursery" free="0" total="939524096" percent="0">
      <mem type="allocate" free="0" total="805961728" percent="0" />
      <mem type="survivor" free="0" total="133562368" percent="0" />
    </mem>
    <mem type="tenure" free="310243672" total="1826029568" percent="16">
      <mem type="soa" free="211402288" total="1716467712" percent="12" />
      <mem type="loa" free="98841384" total="109561856" percent="90" />
    </mem>
    <remembered-set count="193221" />
  </mem-info>
</gc-start>
<allocation-stats totalBytes="691582672" >
  <allocated-bytes non-tlh="34921072" tlh="656661600" />
  <largest-consumer threadName="Group1.Backend.CompositeBackend{Tier1}.6" threadId="000000000088B400" bytes="96510696" />
</allocation-stats>
<gc-op id="3426" type="scavenge" timems="94.579" contextid="3423" timestamp="2020-09-11T12:58:24.422">
  <scavenger-info tenureage="3" tenuremask="7ff8" tiltratio="85" />
  <memory-copied type="nursery" objects="4128071" bytes="110640064" bytesdiscarded="207744" />
  <memory-copied type="tenure" objects="1085684" bytes="29184840" bytesdiscarded="90224" />
  <ownableSynchronizers candidates="3310" cleared="2891" />
  <references type="soft" candidates="379" cleared="0" enqueued="0" dynamicThreshold="18" maxThreshold="32" />
  <references type="weak" candidates="117" cleared="117" enqueued="0" />
</gc-op>
<gc-end id="3427" type="scavenge" contextid="3423" durationms="95.520" usertimems="741.144" systemtimems="0.000" timestamp="2020-09-11T12:58:24.422" activeThreads="8">
  <mem-info id="3428" free="977179744" total="2765553664" percent="35">
    <mem type="nursery" free="696208384" total="939524096" percent="74">
      <mem type="allocate" free="696208384" total="807141376" percent="86" />
      <mem type="survivor" free="0" total="132382720" percent="0" />
    </mem>
    <mem type="tenure" free="280971360" total="1826029568" percent="15" macro-fragmented="0">
      <mem type="soa" free="182129976" total="1716467712" percent="10" />
      <mem type="loa" free="98841384" total="109561856" percent="90" />
    </mem>
    <remembered-set count="29426" />
  </mem-info>
</gc-end>
<cycle-end id="3429" type="scavenge" contextid="3423" timestamp="2020-09-11T12:58:24.424" />
<allocation-satisfied id="3430" threadId="00000000008C3100" bytesRequested="120" />
<af-end id="3431" timestamp="2020-09-11T12:58:24.425" threadId="00000000008C3A80" success="true" from="nursery"/>
<exclusive-end id="3432" timestamp="2020-09-11T12:58:24.425" durationms="98.639" />

<exclusive-start id="3433" timestamp="2020-09-11T12:58:26.445" intervalms="2119.131">
  <response-info timems="0.456" idlems="0.456" threads="0" lastid="0000000000863200" lastname="Group1.Backend.CompositeBackend{Tier1}.4" />
</exclusive-start>
<af-start id="3434" threadId="0000000000863B80" totalBytesRequested="32" timestamp="2020-09-11T12:58:26.446" intervalms="2119.199" type="nursery" />
<cycle-start id="3435" type="scavenge" contextid="0" timestamp="2020-09-11T12:58:26.446" intervalms="2119.197" />
<gc-start id="3436" type="scavenge" contextid="3435" timestamp="2020-09-11T12:58:26.446">
  <mem-info id="3437" free="280971360" total="2765553664" percent="10">
    <mem type="nursery" free="0" total="939524096" percent="0">
      <mem type="allocate" free="0" total="807141376" percent="0" />
      <mem type="survivor" free="0" total="132382720" percent="0" />
    </mem>
    <mem type="tenure" free="280971360" total="1826029568" percent="15">
      <mem type="soa" free="182129976" total="1716467712" percent="10" />
      <mem type="loa" free="98841384" total="109561856" percent="90" />
    </mem>
    <remembered-set count="194981" />
  </mem-info>
</gc-start>
<allocation-stats totalBytes="695889184" >
  <allocated-bytes non-tlh="28133048" tlh="667756136" />
  <largest-consumer threadName="Group1.Backend.CompositeBackend{Tier1}.5" threadId="000000000086AF00" bytes="94669440" />
</allocation-stats>
<gc-op id="3438" type="scavenge" timems="99.568" contextid="3435" timestamp="2020-09-11T12:58:26.546">
  <scavenger-info tenureage="3" tenuremask="7ff8" tiltratio="85" />
  <memory-copied type="nursery" objects="4169332" bytes="111802640" bytesdiscarded="145072" />
  <memory-copied type="tenure" objects="1096869" bytes="29471432" bytesdiscarded="97208" />
  <ownableSynchronizers candidates="4814" cleared="4384" />
  <references type="soft" candidates="370" cleared="0" enqueued="0" dynamicThreshold="18" maxThreshold="32" />
  <references type="weak" candidates="127" cleared="127" enqueued="0" />
</gc-op>
<gc-end id="3439" type="scavenge" contextid="3435" durationms="100.639" usertimems="742.674" systemtimems="0.000" timestamp="2020-09-11T12:58:26.547" activeThreads="8">
  <mem-info id="3440" free="947682368" total="2765553664" percent="34">
    <mem type="nursery" free="696281344" total="939524096" percent="74">
      <mem type="allocate" free="696281344" total="808321024" percent="86" />
      <mem type="survivor" free="0" total="131203072" percent="0" />
    </mem>
    <mem type="tenure" free="251401024" total="1826029568" percent="13" macro-fragmented="0">
      <mem type="soa" free="152559640" total="1716467712" percent="8" />
      <mem type="loa" free="98841384" total="109561856" percent="90" />
    </mem>
    <remembered-set count="28601" />
  </mem-info>
</gc-end>
<cycle-end id="3441" type="scavenge" contextid="3435" timestamp="2020-09-11T12:58:26.548" />
<allocation-satisfied id="3442" threadId="0000000000863200" bytesRequested="32" />
<af-end id="3443" timestamp="2020-09-11T12:58:26.548" threadId="0000000000863B80" success="true" from="nursery"/>
<exclusive-end id="3444" timestamp="2020-09-11T12:58:26.548" durationms="103.266" />

<exclusive-start id="3445" timestamp="2020-09-11T12:58:28.594" intervalms="2149.087">
  <response-info timems="0.453" idlems="0.453" threads="0" lastid="0000000000819400" lastname="Group1.Backend.CompositeBackend{Tier1}.3" />
</exclusive-start>
<af-start id="3446" threadId="0000000000819D80" totalBytesRequested="24" timestamp="2020-09-11T12:58:28.595" intervalms="2149.027" type="nursery" />
<cycle-start id="3447" type="scavenge" contextid="0" timestamp="2020-09-11T12:58:28.595" intervalms="2149.038" />
<gc-start id="3448" type="scavenge" contextid="3447" timestamp="2020-09-11T12:58:28.595">
  <mem-info id="3449" free="251401024" total="2765553664" percent="9">
    <mem type="nursery" free="0" total="939524096" percent="0">
      <mem type="allocate" free="0" total="808321024" percent="0" />
      <mem type="survivor" free="0" total="131203072" percent="0" />
    </mem>
    <mem type="tenure" free="251401024" total="1826029568" percent="13">
      <mem type="soa" free="152559640" total="1716467712" percent="8" />
      <mem type="loa" free="98841384" total="109561856" percent="90" />
    </mem>
    <remembered-set count="193979" />
  </mem-info>
</gc-start>
<allocation-stats totalBytes="695947808" >
  <allocated-bytes non-tlh="30591136" tlh="665356672" />
  <largest-consumer threadName="Group1.Backend.CompositeBackend{Tier1}.6" threadId="000000000088B400" bytes="99490496" />
</allocation-stats>
<gc-op id="3450" type="scavenge" timems="108.696" contextid="3447" timestamp="2020-09-11T12:58:28.704">
  <scavenger-info tenureage="3" tenuremask="7ff8" tiltratio="86" />
  <memory-copied type="nursery" objects="4085612" bytes="109857192" bytesdiscarded="244592" />
  <memory-copied type="tenure" objects="1092035" bytes="29368040" bytesdiscarded="106752" />
  <ownableSynchronizers candidates="5443" cleared="4993" />
  <references type="soft" candidates="399" cleared="0" enqueued="0" dynamicThreshold="18" maxThreshold="32" />
  <references type="weak" candidates="116" cleared="116" enqueued="0" />
</gc-op>
<gc-end id="3451" type="scavenge" contextid="3447" durationms="109.704" usertimems="776.850" systemtimems="2.183" timestamp="2020-09-11T12:58:28.705" activeThreads="8">
  <mem-info id="3452" free="921262944" total="2765553664" percent="33">
    <mem type="nursery" free="699314080" total="939524096" percent="74">
      <mem type="allocate" free="699314080" total="809500672" percent="86" />
      <mem type="survivor" free="0" total="130023424" percent="0" />
    </mem>
    <mem type="tenure" free="221948864" total="1826029568" percent="12" macro-fragmented="0">
      <mem type="soa" free="123107480" total="1716467712" percent="7" />
      <mem type="loa" free="98841384" total="109561856" percent="90" />
    </mem>
    <remembered-set count="30230" />
  </mem-info>
</gc-end>
<cycle-end id="3453" type="scavenge" contextid="3447" timestamp="2020-09-11T12:58:28.706" />
<allocation-satisfied id="3454" threadId="0000000000819400" bytesRequested="24" />
<af-end id="3455" timestamp="2020-09-11T12:58:28.706" threadId="0000000000819D80" success="true" from="nursery"/>
<exclusive-end id="3456" timestamp="2020-09-11T12:58:28.706" durationms="112.241" />

<exclusive-start id="3457" timestamp="2020-09-11T12:58:30.790" intervalms="2196.319">
  <response-info timems="2.639" idlems="2.639" threads="0" lastid="000000000086AF00" lastname="Group1.Backend.CompositeBackend{Tier1}.5" />
</exclusive-start>
<af-start id="3458" threadId="000000000086B880" totalBytesRequested="120" timestamp="2020-09-11T12:58:30.791" intervalms="2196.285" type="nursery" />
<cycle-start id="3459" type="scavenge" contextid="0" timestamp="2020-09-11T12:58:30.791" intervalms="2196.272" />
<gc-start id="3460" type="scavenge" contextid="3459" timestamp="2020-09-11T12:58:30.792">
  <mem-info id="3461" free="221948864" total="2765553664" percent="8">
    <mem type="nursery" free="0" total="939524096" percent="0">
      <mem type="allocate" free="0" total="809500672" percent="0" />
      <mem type="survivor" free="0" total="130023424" percent="0" />
    </mem>
    <mem type="tenure" free="221948864" total="1826029568" percent="12">
      <mem type="soa" free="123107480" total="1716467712" percent="7" />
      <mem type="loa" free="98841384" total="109561856" percent="90" />
    </mem>
    <remembered-set count="197055" />
  </mem-info>
</gc-start>
<allocation-stats totalBytes="698962160" >
  <allocated-bytes non-tlh="31214416" tlh="667747744" />
  <largest-consumer threadName="Group1.Backend.CompositeBackend{Tier1}.6" threadId="000000000088B400" bytes="87541952" />
</allocation-stats>
<gc-op id="3462" type="scavenge" timems="113.347" contextid="3459" timestamp="2020-09-11T12:58:30.905">
  <scavenger-info tenureage="3" tenuremask="7ff8" tiltratio="86" />
  <memory-copied type="nursery" objects="4288303" bytes="115456192" bytesdiscarded="138616" />
  <memory-copied type="tenure" objects="1058247" bytes="28461392" bytesdiscarded="101432" />
  <ownableSynchronizers candidates="4281" cleared="3839" />
  <references type="soft" candidates="437" cleared="0" enqueued="0" dynamicThreshold="18" maxThreshold="32" />
  <references type="weak" candidates="118" cleared="118" enqueued="0" />
</gc-op>
<gc-end id="3463" type="scavenge" contextid="3459" durationms="114.167" usertimems="848.161" systemtimems="0.000" timestamp="2020-09-11T12:58:30.906" activeThreads="8">
  <mem-info id="3464" free="882713120" total="2765553664" percent="31">
    <mem type="nursery" free="689362200" total="939524096" percent="73">
      <mem type="allocate" free="689362200" total="805044224" percent="85" />
      <mem type="survivor" free="0" total="134479872" percent="0" />
    </mem>
    <mem type="tenure" free="193350920" total="1826029568" percent="10" macro-fragmented="0">
      <mem type="soa" free="94509536" total="1716467712" percent="5" />
      <mem type="loa" free="98841384" total="109561856" percent="90" />
    </mem>
    <remembered-set count="32350" />
  </mem-info>
</gc-end>
<cycle-end id="3465" type="scavenge" contextid="3459" timestamp="2020-09-11T12:58:30.907" />
<allocation-satisfied id="3466" threadId="000000000086AF00" bytesRequested="120" />
<af-end id="3467" timestamp="2020-09-11T12:58:30.907" threadId="000000000086B880" success="true" from="nursery"/>
<exclusive-end id="3468" timestamp="2020-09-11T12:58:30.907" durationms="116.399" />

<exclusive-start id="3469" timestamp="2020-09-11T12:58:32.827" intervalms="2036.480">
  <response-info timems="0.433" idlems="0.433" threads="0" lastid="00000000008C3100" lastname="Group1.Backend.CompositeBackend{Tier1}.7" />
</exclusive-start>
<af-start id="3470" threadId="00000000008C3A80" totalBytesRequested="16" timestamp="2020-09-11T12:58:32.828" intervalms="2036.565" type="nursery" />
<cycle-start id="3471" type="scavenge" contextid="0" timestamp="2020-09-11T12:58:32.828" intervalms="2036.578" />
<gc-start id="3472" type="scavenge" contextid="3471" timestamp="2020-09-11T12:58:32.828">
  <mem-info id="3473" free="193350920" total="2765553664" percent="6">
    <mem type="nursery" free="0" total="939524096" percent="0">
      <mem type="allocate" free="0" total="805044224" percent="0" />
      <mem type="survivor" free="0" total="134479872" percent="0" />
    </mem>
    <mem type="tenure" free="193350920" total="1826029568" percent="10">
      <mem type="soa" free="94509536" total="1716467712" percent="5" />
      <mem type="loa" free="98841384" total="109561856" percent="90" />
    </mem>
    <remembered-set count="194191" />
  </mem-info>
</gc-start>
<allocation-stats totalBytes="689033688" >
  <allocated-bytes non-tlh="34205856" tlh="654827832" />
  <largest-consumer threadName="Group1.Backend.CompositeBackend{Tier1}.7" threadId="00000000008C3100" bytes="86602672" />
</allocation-stats>
<gc-op id="3474" type="scavenge" timems="106.641" contextid="3471" timestamp="2020-09-11T12:58:32.935">
  <scavenger-info tenureage="3" tenuremask="7ff8" tiltratio="85" />
  <memory-copied type="nursery" objects="4328595" bytes="115411552" bytesdiscarded="589704" />
  <memory-copied type="tenure" objects="1115559" bytes="30018208" bytesdiscarded="105784" />
  <ownableSynchronizers candidates="4048" cleared="3575" />
  <references type="soft" candidates="417" cleared="0" enqueued="0" dynamicThreshold="18" maxThreshold="32" />
  <references type="weak" candidates="93" cleared="93" enqueued="0" />
</gc-op>
<gc-end id="3475" type="scavenge" contextid="3471" durationms="107.914" usertimems="842.816" systemtimems="0.000" timestamp="2020-09-11T12:58:32.936" activeThreads="8">
  <mem-info id="3476" free="856371664" total="2765553664" percent="30">
    <mem type="nursery" free="693086904" total="939524096" percent="73">
      <mem type="allocate" free="693086904" total="809172992" percent="85" />
      <mem type="survivor" free="0" total="130351104" percent="0" />
    </mem>
    <mem type="tenure" free="163284760" total="1826029568" percent="8" macro-fragmented="0">
      <mem type="soa" free="64443376" total="1716467712" percent="3" />
      <mem type="loa" free="98841384" total="109561856" percent="90" />
    </mem>
    <remembered-set count="34325" />
  </mem-info>
</gc-end>
<cycle-end id="3477" type="scavenge" contextid="3471" timestamp="2020-09-11T12:58:32.937" />
<allocation-satisfied id="3478" threadId="00000000008C3100" bytesRequested="16" />
<af-end id="3479" timestamp="2020-09-11T12:58:32.937" threadId="00000000008C3A80" success="true" from="nursery"/>
<exclusive-end id="3480" timestamp="2020-09-11T12:58:32.937" durationms="110.318" />

<exclusive-start id="3481" timestamp="2020-09-11T12:58:35.011" intervalms="2184.316">
  <response-info timems="0.947" idlems="0.599" threads="1" lastid="00000000008DD200" lastname="Group1.Backend.CompositeBackend{Tier1}.8" />
</exclusive-start>
<af-start id="3482" threadId="0000000000A50A80" totalBytesRequested="32" timestamp="2020-09-11T12:58:35.012" intervalms="2184.199" type="nursery" />
<cycle-start id="3483" type="scavenge" contextid="0" timestamp="2020-09-11T12:58:35.012" intervalms="2184.187" />
<gc-start id="3484" type="scavenge" contextid="3483" timestamp="2020-09-11T12:58:35.012">
  <mem-info id="3485" free="163284760" total="2765553664" percent="5">
    <mem type="nursery" free="0" total="939524096" percent="0">
      <mem type="allocate" free="0" total="809172992" percent="0" />
      <mem type="survivor" free="0" total="130351104" percent="0" />
    </mem>
    <mem type="tenure" free="163284760" total="1826029568" percent="8">
      <mem type="soa" free="64443376" total="1716467712" percent="3" />
      <mem type="loa" free="98841384" total="109561856" percent="90" />
    </mem>
    <remembered-set count="198991" />
  </mem-info>
</gc-start>
<allocation-stats totalBytes="692747136" >
  <allocated-bytes non-tlh="28611320" tlh="664135816" />
  <largest-consumer threadName="Group1.Backend.CompositeBackend{Tier1}.8" threadId="00000000008DD200" bytes="85911920" />
</allocation-stats>
<gc-op id="3486" type="scavenge" timems="126.952" contextid="3483" timestamp="2020-09-11T12:58:35.139">
  <scavenger-info tenureage="3" tenuremask="7ff8" tiltratio="86" />
  <memory-copied type="nursery" objects="4541305" bytes="120065512" bytesdiscarded="244416" />
  <memory-copied type="tenure" objects="1125669" bytes="30377912" bytesdiscarded="101072" />
  <ownableSynchronizers candidates="4621" cleared="4172" />
  <references type="soft" candidates="362" cleared="0" enqueued="0" dynamicThreshold="18" maxThreshold="32" />
  <references type="weak" candidates="122" cleared="122" enqueued="0" />
</gc-op>
<gc-end id="3487" type="scavenge" contextid="3483" durationms="128.114" usertimems="1003.879" systemtimems="0.000" timestamp="2020-09-11T12:58:35.140" activeThreads="8">
  <mem-info id="3488" free="814015512" total="2765553664" percent="29">
    <mem type="nursery" free="681298040" total="939524096" percent="72">
      <mem type="allocate" free="681298040" total="801701888" percent="84" />
      <mem type="survivor" free="0" total="137822208" percent="0" />
    </mem>
    <mem type="tenure" free="132717472" total="1826029568" percent="7" macro-fragmented="0">
      <mem type="soa" free="33876088" total="1716467712" percent="1" />
      <mem type="loa" free="98841384" total="109561856" percent="90" />
    </mem>
    <remembered-set count="31657" />
  </mem-info>
</gc-end>
<cycle-end id="3489" type="scavenge" contextid="3483" timestamp="2020-09-11T12:58:35.141" />
<allocation-satisfied id="3490" threadId="0000000000A50100" bytesRequested="32" />
<af-end id="3491" timestamp="2020-09-11T12:58:35.141" threadId="0000000000A50A80" success="true" from="nursery"/>
<exclusive-end id="3492" timestamp="2020-09-11T12:58:35.141" durationms="130.238" />

<exclusive-start id="3493" timestamp="2020-09-11T12:58:37.042" intervalms="2030.701">
  <response-info timems="1.276" idlems="1.276" threads="0" lastid="000000000078C200" lastname="Group1.Backend.CompositeBackend{Tier1}.1" />
</exclusive-start>
<af-start id="3494" threadId="000000000078CB80" totalBytesRequested="120" timestamp="2020-09-11T12:58:37.043" intervalms="2030.833" type="nursery" />
<cycle-start id="3495" type="scavenge" contextid="0" timestamp="2020-09-11T12:58:37.043" intervalms="2030.868" />
<gc-start id="3496" type="scavenge" contextid="3495" timestamp="2020-09-11T12:58:37.043">
  <mem-info id="3497" free="132717472" total="2765553664" percent="4">
    <mem type="nursery" free="0" total="939524096" percent="0">
      <mem type="allocate" free="0" total="801701888" percent="0" />
      <mem type="survivor" free="0" total="137822208" percent="0" />
    </mem>
    <mem type="tenure" free="132717472" total="1826029568" percent="7">
      <mem type="soa" free="33876088" total="1716467712" percent="1" />
      <mem type="loa" free="98841384" total="109561856" percent="90" />
    </mem>
    <remembered-set count="190335" />
  </mem-info>
</gc-start>
<allocation-stats totalBytes="680986144" >
  <allocated-bytes non-tlh="35500872" tlh="645485272" />
  <largest-consumer threadName="Group1.Backend.CompositeBackend{Tier1}.1" threadId="000000000078C200" bytes="90386976" />
</allocation-stats>
<gc-op id="3498" type="scavenge" timems="113.660" contextid="3495" timestamp="2020-09-11T12:58:37.157">
  <scavenger-info tenureage="3" tenuremask="7ff8" tiltratio="85" />
  <memory-copied type="nursery" objects="4402029" bytes="116467128" bytesdiscarded="239392" />
  <memory-copied type="tenure" objects="1131388" bytes="30388312" bytesdiscarded="27488" />
  <ownableSynchronizers candidates="3903" cleared="3505" />
  <references type="soft" candidates="339" cleared="0" enqueued="0" dynamicThreshold="18" maxThreshold="32" />
  <references type="weak" candidates="113" cleared="113" enqueued="0" />
</gc-op>
<gc-end id="3499" type="scavenge" contextid="3495" durationms="114.622" usertimems="856.914" systemtimems="0.000" timestamp="2020-09-11T12:58:37.158" activeThreads="8">
  <mem-info id="3500" free="787612872" total="2765553664" percent="28">
    <mem type="nursery" free="685573440" total="939524096" percent="72">
      <mem type="allocate" free="685573440" total="802357248" percent="85" />
      <mem type="survivor" free="0" total="137166848" percent="0" />
    </mem>
    <mem type="tenure" free="102039432" total="1826029568" percent="5" macro-fragmented="0">
      <mem type="soa" free="3198048" total="1716467712" percent="0" />
      <mem type="loa" free="98841384" total="109561856" percent="90" />
    </mem>
    <remembered-set count="28482" />
  </mem-info>
</gc-end>
<cycle-end id="3501" type="scavenge" contextid="3495" timestamp="2020-09-11T12:58:37.159" />
<allocation-satisfied id="3502" threadId="000000000078C200" bytesRequested="120" />
<af-end id="3503" timestamp="2020-09-11T12:58:37.159" threadId="000000000078CB80" success="true" from="nursery"/>
<exclusive-end id="3504" timestamp="2020-09-11T12:58:37.159" durationms="117.444" />

<exclusive-start id="3505" timestamp="2020-09-11T12:58:39.072" intervalms="2029.646">
  <response-info timems="0.511" idlems="0.511" threads="0" lastid="0000000000863200" lastname="Group1.Backend.CompositeBackend{Tier1}.4" />
</exclusive-start>
<af-start id="3506" threadId="0000000000863B80" totalBytesRequested="16" timestamp="2020-09-11T12:58:39.072" intervalms="2029.711" type="nursery" />
<percolate-collect id="3507" from="nursery" to="global" reason="prevent tenure expand" timestamp="2020-09-11T12:58:39.073"/>
<cycle-start id="3508" type="global" contextid="0" timestamp="2020-09-11T12:58:39.073" intervalms="66293.295" />
<gc-start id="3509" type="global" contextid="3508" timestamp="2020-09-11T12:58:39.073">
  <mem-info id="3510" free="102039432" total="2765553664" percent="3">
    <mem type="nursery" free="0" total="939524096" percent="0">
      <mem type="allocate" free="0" total="802357248" percent="0" />
      <mem type="survivor" free="0" total="137166848" percent="0" />
    </mem>
    <mem type="tenure" free="102039432" total="1826029568" percent="5">
      <mem type="soa" free="3198048" total="1716467712" percent="0" />
      <mem type="loa" free="98841384" total="109561856" percent="90" />
    </mem>
    <remembered-set count="191137" />
  </mem-info>
</gc-start>
<allocation-stats totalBytes="685253400" >
  <allocated-bytes non-tlh="34753264" tlh="650500136" />
  <largest-consumer threadName="Group1.Backend.CompositeBackend{Tier1}.8" threadId="00000000008DD200" bytes="91946544" />
</allocation-stats>
<gc-op id="3511" type="mark" timems="537.293" contextid="3508" timestamp="2020-09-11T12:58:39.610">
  <trace-info objectcount="30665343" scancount="29685606" scanbytes="811735704" />
  <finalization candidates="150" enqueued="0" />
  <ownableSynchronizers candidates="588420" cleared="4498" />
  <references type="soft" candidates="706995" cleared="0" enqueued="0" dynamicThreshold="18" maxThreshold="32" />
  <references type="weak" candidates="4422" cleared="128" enqueued="0" />
  <references type="phantom" candidates="108" cleared="0" enqueued="0" />
  <stringconstants candidates="11054" cleared="1"  />
</gc-op>
<gc-op id="3512" type="sweep" timems="12.842" contextid="3508" timestamp="2020-09-11T12:58:39.623" />
<heap-resize id="3513" type="contract" space="tenure" amount="65536" count="1" timems="19.999" reason="insufficient time being spent in gc" timestamp="2020-09-11T12:58:39.644" />
<gc-end id="3514" type="global" contextid="3508" durationms="571.769" usertimems="4266.998" systemtimems="0.000" timestamp="2020-09-11T12:58:39.645" activeThreads="8">
  <mem-info id="3515" free="1633790712" total="2765488128" percent="59">
    <mem type="nursery" free="613773944" total="939524096" percent="65">
      <mem type="allocate" free="613773944" total="802357248" percent="76" />
      <mem type="survivor" free="0" total="137166848" percent="0" />
    </mem>
    <mem type="tenure" free="1020016768" total="1825964032" percent="55" micro-fragmented="57750188" macro-fragmented="0">
      <mem type="soa" free="913942176" total="1716405248" percent="53" />
      <mem type="loa" free="106074592" total="109558784" percent="96" />
    </mem>
    <remembered-set count="185420" />
  </mem-info>
</gc-end>
<cycle-end id="3516" type="global" contextid="3508" timestamp="2020-09-11T12:58:39.646" />
<allocation-satisfied id="3517" threadId="0000000000863200" bytesRequested="16" />
<af-end id="3518" timestamp="2020-09-11T12:58:39.646" threadId="0000000000863B80" success="true" from="nursery"/>
<exclusive-end id="3519" timestamp="2020-09-11T12:58:39.646" durationms="574.508" />

<exclusive-start id="3520" timestamp="2020-09-11T12:58:40.746" intervalms="1673.971">
  <response-info timems="0.681" idlems="0.681" threads="0" lastid="00000000008C3100" lastname="Group1.Backend.CompositeBackend{Tier1}.7" />
</exclusive-start>
<af-start id="3521" threadId="00000000008C3A80" totalBytesRequested="524296" timestamp="2020-09-11T12:58:40.746" intervalms="1673.893" type="nursery" />
<cycle-start id="3522" type="scavenge" contextid="0" timestamp="2020-09-11T12:58:40.746" intervalms="3703.565" />
<gc-start id="3523" type="scavenge" contextid="3522" timestamp="2020-09-11T12:58:40.747">
  <mem-info id="3524" free="1074434656" total="2765488128" percent="38">
    <mem type="nursery" free="54417936" total="939524096" percent="5">
      <mem type="allocate" free="54417936" total="802357248" percent="6" />
      <mem type="survivor" free="0" total="137166848" percent="0" />
    </mem>
    <mem type="tenure" free="1020016720" total="1825964032" percent="55">
      <mem type="soa" free="913942128" total="1716405248" percent="53" />
      <mem type="loa" free="106074592" total="109558784" percent="96" />
    </mem>
    <remembered-set count="239189" />
  </mem-info>
</gc-start>
<allocation-stats totalBytes="557294120" >
  <allocated-bytes non-tlh="25633928" tlh="531660192" />
  <largest-consumer threadName="Group1.Backend.CompositeBackend{Tier1}.3" threadId="0000000000819400" bytes="74717632" />
</allocation-stats>
<gc-op id="3525" type="scavenge" timems="111.514" contextid="3522" timestamp="2020-09-11T12:58:40.858">
  <scavenger-info tenureage="3" tenuremask="7ff8" tiltratio="85" />
  <memory-copied type="nursery" objects="5043182" bytes="134945192" bytesdiscarded="176104" />
  <memory-copied type="tenure" objects="1004508" bytes="26987488" bytesdiscarded="34704" />
  <ownableSynchronizers candidates="1171274" cleared="1170791" />
  <references type="soft" candidates="430" cleared="0" enqueued="0" dynamicThreshold="17" maxThreshold="32" />
  <references type="weak" candidates="89" cleared="89" enqueued="0" />
</gc-op>
<gc-end id="3526" type="scavenge" contextid="3522" durationms="112.769" usertimems="876.437" systemtimems="0.000" timestamp="2020-09-11T12:58:40.859" activeThreads="8">
  <mem-info id="3527" free="1632110512" total="2765488128" percent="59">
    <mem type="nursery" free="639306488" total="939524096" percent="68">
      <mem type="allocate" free="639306488" total="774569984" percent="82" />
      <mem type="survivor" free="0" total="164954112" percent="0" />
    </mem>
    <mem type="tenure" free="992804024" total="1825964032" percent="54" macro-fragmented="0">
      <mem type="soa" free="886729432" total="1716405248" percent="51" />
      <mem type="loa" free="106074592" total="109558784" percent="96" />
    </mem>
    <remembered-set count="35873" />
  </mem-info>
</gc-end>
<cycle-end id="3528" type="scavenge" contextid="3522" timestamp="2020-09-11T12:58:40.861" />
<allocation-satisfied id="3529" threadId="00000000008C3100" bytesRequested="524296" />
<af-end id="3530" timestamp="2020-09-11T12:58:40.861" threadId="00000000008C3A80" success="true" from="nursery"/>
<exclusive-end id="3531" timestamp="2020-09-11T12:58:40.861" durationms="115.349" />

<exclusive-start id="3532" timestamp="2020-09-11T12:58:42.638" intervalms="1892.834">
  <response-info timems="0.400" idlems="0.400" threads="0" lastid="000000000088B400" lastname="Group1.Backend.CompositeBackend{Tier1}.6" />
</exclusive-start>
<af-start id="3533" threadId="000000000088BD80" totalBytesRequested="656" timestamp="2020-09-11T12:58:42.639" intervalms="1892.668" type="nursery" />
<cycle-start id="3534" type="scavenge" contextid="0" timestamp="2020-09-11T12:58:42.639" intervalms="1892.656" />
<gc-start id="3535" type="scavenge" contextid="3534" timestamp="2020-09-11T12:58:42.639">
  <mem-info id="3536" free="992804024" total="2765488128" percent="35">
    <mem type="nursery" free="0" total="939524096" percent="0">
      <mem type="allocate" free="0" total="774569984" percent="0" />
      <mem type="survivor" free="0" total="164954112" percent="0" />
    </mem>
    <mem type="tenure" free="992804024" total="1825964032" percent="54">
      <mem type="soa" free="886729432" total="1716405248" percent="51" />
      <mem type="loa" free="106074592" total="109558784" percent="96" />
    </mem>
    <remembered-set count="189854" />
  </mem-info>
</gc-start>
<allocation-stats totalBytes="639003080" >
  <allocated-bytes non-tlh="36053144" tlh="602949936" />
  <largest-consumer threadName="Group1.Backend.CompositeBackend{Tier1}.4" threadId="0000000000863200" bytes="84324848" />
</allocation-stats>
<gc-op id="3537" type="scavenge" timems="106.602" contextid="3534" timestamp="2020-09-11T12:58:42.746">
  <scavenger-info tenureage="3" tenuremask="7ff8" tiltratio="82" />
  <memory-copied type="nursery" objects="4986093" bytes="132785352" bytesdiscarded="276576" />
  <memory-copied type="tenure" objects="1039018" bytes="27945944" bytesdiscarded="94384" />
  <ownableSynchronizers candidates="3551" cleared="3095" />
  <references type="soft" candidates="425" cleared="0" enqueued="0" dynamicThreshold="17" maxThreshold="32" />
  <references type="weak" candidates="118" cleared="118" enqueued="0" />
</gc-op>
<gc-end id="3538" type="scavenge" contextid="3534" durationms="107.909" usertimems="820.318" systemtimems="0.000" timestamp="2020-09-11T12:58:42.747" activeThreads="8">
  <mem-info id="3539" free="1616961616" total="2765488128" percent="58">
    <mem type="nursery" free="652445176" total="939524096" percent="69">
      <mem type="allocate" free="652445176" total="785580032" percent="83" />
      <mem type="survivor" free="0" total="153944064" percent="0" />
    </mem>
    <mem type="tenure" free="964516440" total="1825964032" percent="52" macro-fragmented="0">
      <mem type="soa" free="858441848" total="1716405248" percent="50" />
      <mem type="loa" free="106074592" total="109558784" percent="96" />
    </mem>
    <remembered-set count="36848" />
  </mem-info>
</gc-end>
<cycle-end id="3540" type="scavenge" contextid="3534" timestamp="2020-09-11T12:58:42.749" />
<allocation-satisfied id="3541" threadId="000000000088B400" bytesRequested="656" />
<af-end id="3542" timestamp="2020-09-11T12:58:42.749" threadId="000000000088BD80" success="true" from="nursery"/>
<exclusive-end id="3543" timestamp="2020-09-11T12:58:42.749" durationms="110.506" />

<exclusive-start id="3544" timestamp="2020-09-11T12:58:44.658" intervalms="2019.203">
  <response-info timems="1.556" idlems="1.556" threads="0" lastid="00000000007EB800" lastname="Group1.Backend.CompositeBackend{Tier1}.2" />
</exclusive-start>
<af-start id="3545" threadId="00000000007EC180" totalBytesRequested="268496" timestamp="2020-09-11T12:58:44.658" intervalms="2019.417" type="nursery" />
<cycle-start id="3546" type="scavenge" contextid="0" timestamp="2020-09-11T12:58:44.659" intervalms="2019.451" />
<gc-start id="3547" type="scavenge" contextid="3546" timestamp="2020-09-11T12:58:44.659">
  <mem-info id="3548" free="964575256" total="2765488128" percent="34">
    <mem type="nursery" free="58816" total="939524096" percent="0">
      <mem type="allocate" free="58816" total="785580032" percent="0" />
      <mem type="survivor" free="0" total="153944064" percent="0" />
    </mem>
    <mem type="tenure" free="964516440" total="1825964032" percent="52">
      <mem type="soa" free="858441848" total="1716405248" percent="50" />
      <mem type="loa" free="106074592" total="109558784" percent="96" />
    </mem>
    <remembered-set count="195855" />
  </mem-info>
</gc-start>
<allocation-stats totalBytes="652078816" >
  <allocated-bytes non-tlh="27894336" tlh="624184480" />
  <largest-consumer threadName="Group1.Backend.CompositeBackend{Tier1}.5" threadId="000000000086AF00" bytes="86831264" />
</allocation-stats>
<gc-op id="3549" type="scavenge" timems="118.062" contextid="3546" timestamp="2020-09-11T12:58:44.777">
  <scavenger-info tenureage="3" tenuremask="7ff8" tiltratio="83" />
  <memory-copied type="nursery" objects="5055424" bytes="134373256" bytesdiscarded="139512" />
  <memory-copied type="tenure" objects="979416" bytes="26338920" bytesdiscarded="73248" />
  <ownableSynchronizers candidates="5187" cleared="4714" />
  <references type="soft" candidates="442" cleared="0" enqueued="0" dynamicThreshold="17" maxThreshold="32" />
  <references type="weak" candidates="127" cleared="127" enqueued="0" />
</gc-op>
<gc-end id="3550" type="scavenge" contextid="3546" durationms="119.577" usertimems="910.859" systemtimems="0.000" timestamp="2020-09-11T12:58:44.778" activeThreads="8">
  <mem-info id="3551" free="1590419904" total="2765488128" percent="57">
    <mem type="nursery" free="652298216" total="939524096" percent="69">
      <mem type="allocate" free="652298216" total="786890752" percent="82" />
      <mem type="survivor" free="0" total="152633344" percent="0" />
    </mem>
    <mem type="tenure" free="938121688" total="1825964032" percent="51" macro-fragmented="0">
      <mem type="soa" free="832047096" total="1716405248" percent="48" />
      <mem type="loa" free="106074592" total="109558784" percent="96" />
    </mem>
    <remembered-set count="37777" />
  </mem-info>
</gc-end>
<cycle-end id="3552" type="scavenge" contextid="3546" timestamp="2020-09-11T12:58:44.780" />
<allocation-satisfied id="3553" threadId="00000000007EB800" bytesRequested="268496" />
<af-end id="3554" timestamp="2020-09-11T12:58:44.780" threadId="00000000007EC180" success="true" from="nursery"/>
<exclusive-end id="3555" timestamp="2020-09-11T12:58:44.780" durationms="122.549" />

<exclusive-start id="3556" timestamp="2020-09-11T12:58:46.574" intervalms="1916.039">
  <response-info timems="0.897" idlems="0.897" threads="0" lastid="000000000088B400" lastname="Group1.Backend.CompositeBackend{Tier1}.6" />
</exclusive-start>
<af-start id="3557" threadId="000000000088BD80" totalBytesRequested="48" timestamp="2020-09-11T12:58:46.574" intervalms="1915.917" type="nursery" />
<cycle-start id="3558" type="scavenge" contextid="0" timestamp="2020-09-11T12:58:46.574" intervalms="1915.884" />
<gc-start id="3559" type="scavenge" contextid="3558" timestamp="2020-09-11T12:58:46.575">
  <mem-info id="3560" free="938121688" total="2765488128" percent="33">
    <mem type="nursery" free="0" total="939524096" percent="0">
      <mem type="allocate" free="0" total="786890752" percent="0" />
      <mem type="survivor" free="0" total="152633344" percent="0" />
    </mem>
    <mem type="tenure" free="938121688" total="1825964032" percent="51">
      <mem type="soa" free="832047096" total="1716405248" percent="48" />
      <mem type="loa" free="106074592" total="109558784" percent="96" />
    </mem>
    <remembered-set count="195672" />
  </mem-info>
</gc-start>
<allocation-stats totalBytes="651974392" >
  <allocated-bytes non-tlh="31738304" tlh="620236088" />
  <largest-consumer threadName="Group1.Backend.CompositeBackend{Tier1}.1" threadId="000000000078C200" bytes="83142600" />
</allocation-stats>
<gc-op id="3561" type="scavenge" timems="101.212" contextid="3558" timestamp="2020-09-11T12:58:46.676">
  <scavenger-info tenureage="3" tenuremask="7ff8" tiltratio="83" />
  <memory-copied type="nursery" objects="3787182" bytes="101688448" bytesdiscarded="262840" />
  <memory-copied type="tenure" objects="1948553" bytes="52361640" bytesdiscarded="105368" />
  <ownableSynchronizers candidates="4675" cleared="4178" />
  <references type="soft" candidates="351" cleared="0" enqueued="0" dynamicThreshold="17" maxThreshold="32" />
  <references type="weak" candidates="124" cleared="124" enqueued="0" />
</gc-op>
<gc-end id="3562" type="scavenge" contextid="3558" durationms="102.522" usertimems="780.756" systemtimems="0.000" timestamp="2020-09-11T12:58:46.677" activeThreads="8">
  <mem-info id="3563" free="1570951544" total="2765488128" percent="56">
    <mem type="nursery" free="685256704" total="939524096" percent="72">
      <mem type="allocate" free="685256704" total="787283968" percent="87" />
      <mem type="survivor" free="0" total="152240128" percent="0" />
    </mem>
    <mem type="tenure" free="885694840" total="1825964032" percent="48" macro-fragmented="0">
      <mem type="soa" free="779620248" total="1716405248" percent="45" />
      <mem type="loa" free="106074592" total="109558784" percent="96" />
    </mem>
    <remembered-set count="29432" />
  </mem-info>
</gc-end>
<cycle-end id="3564" type="scavenge" contextid="3558" timestamp="2020-09-11T12:58:46.679" />
<allocation-satisfied id="3565" threadId="000000000088B400" bytesRequested="48" />
<af-end id="3566" timestamp="2020-09-11T12:58:46.679" threadId="000000000088BD80" success="true" from="nursery"/>
<exclusive-end id="3567" timestamp="2020-09-11T12:58:46.679" durationms="105.158" />

<exclusive-start id="3568" timestamp="2020-09-11T12:58:48.775" intervalms="2200.907">
  <response-info timems="0.857" idlems="0.530" threads="1" lastid="0000000000863200" lastname="Group1.Backend.CompositeBackend{Tier1}.4" />
</exclusive-start>
<af-start id="3569" threadId="0000000000A9C380" totalBytesRequested="16" timestamp="2020-09-11T12:58:48.775" intervalms="2200.852" type="nursery" />
<cycle-start id="3570" type="scavenge" contextid="0" timestamp="2020-09-11T12:58:48.775" intervalms="2200.854" />
<gc-start id="3571" type="scavenge" contextid="3570" timestamp="2020-09-11T12:58:48.776">
  <mem-info id="3572" free="885694840" total="2765488128" percent="32">
    <mem type="nursery" free="0" total="939524096" percent="0">
      <mem type="allocate" free="0" total="787283968" percent="0" />
      <mem type="survivor" free="0" total="152240128" percent="0" />
    </mem>
    <mem type="tenure" free="885694840" total="1825964032" percent="48">
      <mem type="soa" free="779620248" total="1716405248" percent="45" />
      <mem type="loa" free="106074592" total="109558784" percent="96" />
    </mem>
    <remembered-set count="195210" />
  </mem-info>
</gc-start>
<allocation-stats totalBytes="684921112" >
  <allocated-bytes non-tlh="25078768" tlh="659842344" />
  <largest-consumer threadName="Group1.Backend.CompositeBackend{Tier1}.7" threadId="00000000008C3100" bytes="89215272" />
</allocation-stats>
<gc-op id="3573" type="scavenge" timems="100.679" contextid="3570" timestamp="2020-09-11T12:58:48.876">
  <scavenger-info tenureage="3" tenuremask="7ff8" tiltratio="83" />
  <memory-copied type="nursery" objects="4049806" bytes="108488424" bytesdiscarded="132552" />
  <memory-copied type="tenure" objects="990287" bytes="26607720" bytesdiscarded="68656" />
  <ownableSynchronizers candidates="3790" cleared="3378" />
  <references type="soft" candidates="388" cleared="0" enqueued="0" dynamicThreshold="17" maxThreshold="32" />
  <references type="weak" candidates="105" cleared="104" enqueued="0" />
</gc-op>
<gc-end id="3574" type="scavenge" contextid="3570" durationms="101.578" usertimems="724.624" systemtimems="12.829" timestamp="2020-09-11T12:58:48.877" activeThreads="8">
  <mem-info id="3575" free="1542201464" total="2765488128" percent="55">
    <mem type="nursery" free="683227640" total="939524096" percent="72">
      <mem type="allocate" free="683227640" total="791937024" percent="86" />
      <mem type="survivor" free="0" total="147587072" percent="0" />
    </mem>
    <mem type="tenure" free="858973824" total="1825964032" percent="47" macro-fragmented="0">
      <mem type="soa" free="752899232" total="1716405248" percent="43" />
      <mem type="loa" free="106074592" total="109558784" percent="96" />
    </mem>
    <remembered-set count="28351" />
  </mem-info>
</gc-end>
<cycle-end id="3576" type="scavenge" contextid="3570" timestamp="2020-09-11T12:58:48.878" />
<allocation-satisfied id="3577" threadId="0000000000A9BA00" bytesRequested="16" />
<af-end id="3578" timestamp="2020-09-11T12:58:48.878" threadId="0000000000A9C380" success="true" from="nursery"/>
<exclusive-end id="3579" timestamp="2020-09-11T12:58:48.878" durationms="103.611" />

<exclusive-start id="3580" timestamp="2020-09-11T12:58:50.801" intervalms="2026.183">
  <response-info timems="0.459" idlems="0.459" threads="0" lastid="00000000008C3100" lastname="Group1.Backend.CompositeBackend{Tier1}.7" />
</exclusive-start>
<af-start id="3581" threadId="00000000008C3A80" totalBytesRequested="208" timestamp="2020-09-11T12:58:50.802" intervalms="2026.329" type="nursery" />
<cycle-start id="3582" type="scavenge" contextid="0" timestamp="2020-09-11T12:58:50.802" intervalms="2026.345" />
<gc-start id="3583" type="scavenge" contextid="3582" timestamp="2020-09-11T12:58:50.802">
  <mem-info id="3584" free="858973824" total="2765488128" percent="31">
    <mem type="nursery" free="0" total="939524096" percent="0">
      <mem type="allocate" free="0" total="791937024" percent="0" />
      <mem type="survivor" free="0" total="147587072" percent="0" />
    </mem>
    <mem type="tenure" free="858973824" total="1825964032" percent="47">
      <mem type="soa" free="752899232" total="1716405248" percent="43" />
      <mem type="loa" free="106074592" total="109558784" percent="96" />
    </mem>
    <remembered-set count="187791" />
  </mem-info>
</gc-start>
<allocation-stats totalBytes="682900800" >
  <allocated-bytes non-tlh="36561304" tlh="646339496" />
  <largest-consumer threadName="Group1.Backend.CompositeBackend{Tier1}.2" threadId="00000000007EB800" bytes="95060088" />
</allocation-stats>
<gc-op id="3585" type="scavenge" timems="86.644" contextid="3582" timestamp="2020-09-11T12:58:50.889">
  <scavenger-info tenureage="3" tenuremask="7ff8" tiltratio="84" />
  <memory-copied type="nursery" objects="4002321" bytes="107461120" bytesdiscarded="192152" />
  <memory-copied type="tenure" objects="1056493" bytes="28398088" bytesdiscarded="71248" />
  <ownableSynchronizers candidates="3579" cleared="3162" />
  <references type="soft" candidates="361" cleared="0" enqueued="0" dynamicThreshold="17" maxThreshold="32" />
  <references type="weak" candidates="120" cleared="119" enqueued="0" />
</gc-op>
<gc-end id="3586" type="scavenge" contextid="3582" durationms="87.621" usertimems="680.599" systemtimems="0.000" timestamp="2020-09-11T12:58:50.889" activeThreads="8">
  <mem-info id="3587" free="1520010104" total="2765488128" percent="54">
    <mem type="nursery" free="689377792" total="939524096" percent="73">
      <mem type="allocate" free="689377792" total="797114368" percent="86" />
      <mem type="survivor" free="0" total="142409728" percent="0" />
    </mem>
    <mem type="tenure" free="830632312" total="1825964032" percent="45" macro-fragmented="0">
      <mem type="soa" free="724557720" total="1716405248" percent="42" />
      <mem type="loa" free="106074592" total="109558784" percent="96" />
    </mem>
    <remembered-set count="28138" />
  </mem-info>
</gc-end>
<cycle-end id="3588" type="scavenge" contextid="3582" timestamp="2020-09-11T12:58:50.891" />
<allocation-satisfied id="3589" threadId="00000000008C3100" bytesRequested="208" />
<af-end id="3590" timestamp="2020-09-11T12:58:50.891" threadId="00000000008C3A80" success="true" from="nursery"/>
<exclusive-end id="3591" timestamp="2020-09-11T12:58:50.891" durationms="90.301" />

<exclusive-start id="3592" timestamp="2020-09-11T12:58:52.830" intervalms="2029.611">
  <response-info timems="0.572" idlems="0.572" threads="0" lastid="000000000078C200" lastname="Group1.Backend.CompositeBackend{Tier1}.1" />
</exclusive-start>
<af-start id="3593" threadId="000000000078CB80" totalBytesRequested="16" timestamp="2020-09-11T12:58:52.831" intervalms="2029.413" type="nursery" />
<cycle-start id="3594" type="scavenge" contextid="0" timestamp="2020-09-11T12:58:52.831" intervalms="2029.445" />
<gc-start id="3595" type="scavenge" contextid="3594" timestamp="2020-09-11T12:58:52.831">
  <mem-info id="3596" free="830632312" total="2765488128" percent="30">
    <mem type="nursery" free="0" total="939524096" percent="0">
      <mem type="allocate" free="0" total="797114368" percent="0" />
      <mem type="survivor" free="0" total="142409728" percent="0" />
    </mem>
    <mem type="tenure" free="830632312" total="1825964032" percent="45">
      <mem type="soa" free="724557720" total="1716405248" percent="42" />
      <mem type="loa" free="106074592" total="109558784" percent="96" />
    </mem>
    <remembered-set count="189416" />
  </mem-info>
</gc-start>
<allocation-stats totalBytes="689068664" >
  <allocated-bytes non-tlh="37106000" tlh="651962664" />
  <largest-consumer threadName="Group1.Backend.CompositeBackend{Tier1}.7" threadId="00000000008C3100" bytes="90697184" />
</allocation-stats>
<gc-op id="3597" type="scavenge" timems="107.279" contextid="3594" timestamp="2020-09-11T12:58:52.939">
  <scavenger-info tenureage="3" tenuremask="7ff8" tiltratio="84" />
  <memory-copied type="nursery" objects="4248259" bytes="112961192" bytesdiscarded="155848" />
  <memory-copied type="tenure" objects="1027808" bytes="27637816" bytesdiscarded="58696" />
  <ownableSynchronizers candidates="3403" cleared="3030" />
  <references type="soft" candidates="326" cleared="0" enqueued="0" dynamicThreshold="17" maxThreshold="32" />
  <references type="weak" candidates="127" cleared="127" enqueued="0" />
</gc-op>
<gc-end id="3598" type="scavenge" contextid="3594" durationms="108.147" usertimems="835.917" systemtimems="0.000" timestamp="2020-09-11T12:58:52.939" activeThreads="8">
  <mem-info id="3599" free="1488832280" total="2765488128" percent="53">
    <mem type="nursery" free="685878264" total="939524096" percent="73">
      <mem type="allocate" free="685878264" total="799080448" percent="85" />
      <mem type="survivor" free="0" total="140443648" percent="0" />
    </mem>
    <mem type="tenure" free="802954016" total="1825964032" percent="43" macro-fragmented="0">
      <mem type="soa" free="696879424" total="1716405248" percent="40" />
      <mem type="loa" free="106074592" total="109558784" percent="96" />
    </mem>
    <remembered-set count="28941" />
  </mem-info>
</gc-end>
<cycle-end id="3600" type="scavenge" contextid="3594" timestamp="2020-09-11T12:58:52.941" />
<allocation-satisfied id="3601" threadId="000000000078C200" bytesRequested="16" />
<af-end id="3602" timestamp="2020-09-11T12:58:52.941" threadId="000000000078CB80" success="true" from="nursery"/>
<exclusive-end id="3603" timestamp="2020-09-11T12:58:52.941" durationms="110.703" />

<exclusive-start id="3604" timestamp="2020-09-11T12:58:55.013" intervalms="2182.518">
  <response-info timems="0.802" idlems="0.802" threads="0" lastid="00000000008DD200" lastname="Group1.Backend.CompositeBackend{Tier1}.8" />
</exclusive-start>
<af-start id="3605" threadId="00000000008DDB80" totalBytesRequested="16" timestamp="2020-09-11T12:58:55.014" intervalms="2182.786" type="nursery" />
<cycle-start id="3606" type="scavenge" contextid="0" timestamp="2020-09-11T12:58:55.014" intervalms="2182.774" />
<gc-start id="3607" type="scavenge" contextid="3606" timestamp="2020-09-11T12:58:55.014">
  <mem-info id="3608" free="802954016" total="2765488128" percent="29">
    <mem type="nursery" free="0" total="939524096" percent="0">
      <mem type="allocate" free="0" total="799080448" percent="0" />
      <mem type="survivor" free="0" total="140443648" percent="0" />
    </mem>
    <mem type="tenure" free="802954016" total="1825964032" percent="43">
      <mem type="soa" free="696879424" total="1716405248" percent="40" />
      <mem type="loa" free="106074592" total="109558784" percent="96" />
    </mem>
    <remembered-set count="195127" />
  </mem-info>
</gc-start>
<allocation-stats totalBytes="685539504" >
  <allocated-bytes non-tlh="24419952" tlh="661119552" />
  <largest-consumer threadName="Group1.Backend.CompositeBackend{Tier1}.3" threadId="0000000000819400" bytes="91820064" />
</allocation-stats>
<gc-op id="3609" type="scavenge" timems="125.356" contextid="3606" timestamp="2020-09-11T12:58:55.140">
  <scavenger-info tenureage="3" tenuremask="7ff8" tiltratio="85" />
  <memory-copied type="nursery" objects="4241786" bytes="112943464" bytesdiscarded="175184" />
  <memory-copied type="tenure" objects="1139201" bytes="30644256" bytesdiscarded="61272" />
  <ownableSynchronizers candidates="3660" cleared="3306" />
  <references type="soft" candidates="326" cleared="0" enqueued="0" dynamicThreshold="17" maxThreshold="32" />
  <references type="weak" candidates="123" cleared="122" enqueued="0" />
</gc-op>
<gc-end id="3610" type="scavenge" contextid="3606" durationms="126.452" usertimems="884.651" systemtimems="0.000" timestamp="2020-09-11T12:58:55.141" activeThreads="8">
  <mem-info id="3611" free="1460789744" total="2765488128" percent="52">
    <mem type="nursery" free="688623584" total="939524096" percent="73">
      <mem type="allocate" free="688623584" total="801832960" percent="85" />
      <mem type="survivor" free="0" total="137691136" percent="0" />
    </mem>
    <mem type="tenure" free="772166160" total="1825964032" percent="42" macro-fragmented="0">
      <mem type="soa" free="666091568" total="1716405248" percent="38" />
      <mem type="loa" free="106074592" total="109558784" percent="96" />
    </mem>
    <remembered-set count="30079" />
  </mem-info>
</gc-end>
<cycle-end id="3612" type="scavenge" contextid="3606" timestamp="2020-09-11T12:58:55.142" />
<allocation-satisfied id="3613" threadId="00000000008DD200" bytesRequested="16" />
<af-end id="3614" timestamp="2020-09-11T12:58:55.142" threadId="00000000008DDB80" success="true" from="nursery"/>
<exclusive-end id="3615" timestamp="2020-09-11T12:58:55.142" durationms="129.332" />

<exclusive-start id="3616" timestamp="2020-09-11T12:58:57.102" intervalms="2088.772">
  <response-info timems="3.686" idlems="3.686" threads="0" lastid="000000000086AF00" lastname="Group1.Backend.CompositeBackend{Tier1}.5" />
</exclusive-start>
<af-start id="3617" threadId="000000000086B880" totalBytesRequested="88" timestamp="2020-09-11T12:58:57.103" intervalms="2089.444" type="nursery" />
<cycle-start id="3618" type="scavenge" contextid="0" timestamp="2020-09-11T12:58:57.104" intervalms="2089.820" />
<gc-start id="3619" type="scavenge" contextid="3618" timestamp="2020-09-11T12:58:57.104">
  <mem-info id="3620" free="772166160" total="2765488128" percent="27">
    <mem type="nursery" free="0" total="939524096" percent="0">
      <mem type="allocate" free="0" total="801832960" percent="0" />
      <mem type="survivor" free="0" total="137691136" percent="0" />
    </mem>
    <mem type="tenure" free="772166160" total="1825964032" percent="42">
      <mem type="soa" free="666091568" total="1716405248" percent="38" />
      <mem type="loa" free="106074592" total="109558784" percent="96" />
    </mem>
    <remembered-set count="192858" />
  </mem-info>
</gc-start>
<allocation-stats totalBytes="688282584" >
  <allocated-bytes non-tlh="33600712" tlh="654681872" />
  <largest-consumer threadName="Group1.Backend.CompositeBackend{Tier1}.3" threadId="0000000000819400" bytes="92132288" />
</allocation-stats>
<gc-op id="3621" type="scavenge" timems="134.465" contextid="3618" timestamp="2020-09-11T12:58:57.239">
  <scavenger-info tenureage="3" tenuremask="7ff8" tiltratio="85" />
  <memory-copied type="nursery" objects="4085340" bytes="109592056" bytesdiscarded="242344" />
  <memory-copied type="tenure" objects="1042312" bytes="28022968" bytesdiscarded="66024" />
  <ownableSynchronizers candidates="5060" cleared="4706" />
  <references type="soft" candidates="325" cleared="0" enqueued="0" dynamicThreshold="17" maxThreshold="32" />
  <references type="weak" candidates="117" cleared="117" enqueued="0" />
</gc-op>
<gc-end id="3622" type="scavenge" contextid="3618" durationms="136.307" usertimems="978.613" systemtimems="11.693" timestamp="2020-09-11T12:58:57.240" activeThreads="8">
  <mem-info id="3623" free="1438100024" total="2765488128" percent="52">
    <mem type="nursery" free="694145024" total="939524096" percent="73">
      <mem type="allocate" free="694145024" total="804061184" percent="86" />
      <mem type="survivor" free="0" total="135462912" percent="0" />
    </mem>
    <mem type="tenure" free="743955000" total="1825964032" percent="40" macro-fragmented="0">
      <mem type="soa" free="637880408" total="1716405248" percent="37" />
      <mem type="loa" free="106074592" total="109558784" percent="96" />
    </mem>
    <remembered-set count="30584" />
  </mem-info>
</gc-end>
<cycle-end id="3624" type="scavenge" contextid="3618" timestamp="2020-09-11T12:58:57.243" />
<allocation-satisfied id="3625" threadId="000000000086AF00" bytesRequested="88" />
<af-end id="3626" timestamp="2020-09-11T12:58:57.243" threadId="000000000086B880" success="true" from="nursery"/>
<exclusive-end id="3627" timestamp="2020-09-11T12:58:57.243" durationms="141.257" />

<exclusive-start id="3628" timestamp="2020-09-11T12:58:59.224" intervalms="2122.577">
  <response-info timems="0.626" idlems="0.626" threads="0" lastid="0000000000819400" lastname="Group1.Backend.CompositeBackend{Tier1}.3" />
</exclusive-start>
<af-start id="3629" threadId="0000000000819D80" totalBytesRequested="56" timestamp="2020-09-11T12:58:59.225" intervalms="2121.866" type="nursery" />
<cycle-start id="3630" type="scavenge" contextid="0" timestamp="2020-09-11T12:58:59.225" intervalms="2121.484" />
<gc-start id="3631" type="scavenge" contextid="3630" timestamp="2020-09-11T12:58:59.226">
  <mem-info id="3632" free="743955000" total="2765488128" percent="26">
    <mem type="nursery" free="0" total="939524096" percent="0">
      <mem type="allocate" free="0" total="804061184" percent="0" />
      <mem type="survivor" free="0" total="135462912" percent="0" />
    </mem>
    <mem type="tenure" free="743955000" total="1825964032" percent="40">
      <mem type="soa" free="637880408" total="1716405248" percent="37" />
      <mem type="loa" free="106074592" total="109558784" percent="96" />
    </mem>
    <remembered-set count="194744" />
  </mem-info>
</gc-start>
<allocation-stats totalBytes="693812752" >
  <allocated-bytes non-tlh="31292664" tlh="662520088" />
  <largest-consumer threadName="Group1.Backend.CompositeBackend{Tier1}.3" threadId="0000000000819400" bytes="120566936" />
</allocation-stats>
<gc-op id="3633" type="scavenge" timems="108.476" contextid="3630" timestamp="2020-09-11T12:58:59.334">
  <scavenger-info tenureage="3" tenuremask="7ff8" tiltratio="85" />
  <memory-copied type="nursery" objects="4156728" bytes="111476768" bytesdiscarded="194512" />
  <memory-copied type="tenure" objects="1050148" bytes="28216080" bytesdiscarded="91256" />
  <ownableSynchronizers candidates="4258" cleared="3898" />
  <references type="soft" candidates="325" cleared="0" enqueued="0" dynamicThreshold="17" maxThreshold="32" />
  <references type="weak" candidates="119" cleared="118" enqueued="0" />
</gc-op>
<gc-end id="3634" type="scavenge" contextid="3630" durationms="109.368" usertimems="795.143" systemtimems="0.000" timestamp="2020-09-11T12:58:59.335" activeThreads="8">
  <mem-info id="3635" free="1409665312" total="2765488128" percent="50">
    <mem type="nursery" free="694008832" total="939524096" percent="73">
      <mem type="allocate" free="694008832" total="805765120" percent="86" />
      <mem type="survivor" free="0" total="133758976" percent="0" />
    </mem>
    <mem type="tenure" free="715656480" total="1825964032" percent="39" macro-fragmented="0">
      <mem type="soa" free="609581888" total="1716405248" percent="35" />
      <mem type="loa" free="106074592" total="109558784" percent="96" />
    </mem>
    <remembered-set count="30637" />
  </mem-info>
</gc-end>
<cycle-end id="3636" type="scavenge" contextid="3630" timestamp="2020-09-11T12:58:59.337" />
<allocation-satisfied id="3637" threadId="0000000000819400" bytesRequested="56" />
<af-end id="3638" timestamp="2020-09-11T12:58:59.337" threadId="0000000000819D80" success="true" from="nursery"/>
<exclusive-end id="3639" timestamp="2020-09-11T12:58:59.337" durationms="112.976" />

<exclusive-start id="3640" timestamp="2020-09-11T12:59:01.283" intervalms="2059.155">
  <response-info timems="0.304" idlems="0.304" threads="0" lastid="0000000000819400" lastname="Group1.Backend.CompositeBackend{Tier1}.3" />
</exclusive-start>
<af-start id="3641" threadId="0000000000819D80" totalBytesRequested="1032" timestamp="2020-09-11T12:59:01.284" intervalms="2058.984" type="nursery" />
<cycle-start id="3642" type="scavenge" contextid="0" timestamp="2020-09-11T12:59:01.284" intervalms="2058.994" />
<gc-start id="3643" type="scavenge" contextid="3642" timestamp="2020-09-11T12:59:01.285">
  <mem-info id="3644" free="715656480" total="2765488128" percent="25">
    <mem type="nursery" free="0" total="939524096" percent="0">
      <mem type="allocate" free="0" total="805765120" percent="0" />
      <mem type="survivor" free="0" total="133758976" percent="0" />
    </mem>
    <mem type="tenure" free="715656480" total="1825964032" percent="39">
      <mem type="soa" free="609581888" total="1716405248" percent="35" />
      <mem type="loa" free="106074592" total="109558784" percent="96" />
    </mem>
    <remembered-set count="193942" />
  </mem-info>
</gc-start>
<allocation-stats totalBytes="693669432" >
  <allocated-bytes non-tlh="34485560" tlh="659183872" />
  <largest-consumer threadName="Group1.Backend.CompositeBackend{Tier1}.7" threadId="00000000008C3100" bytes="118085640" />
</allocation-stats>
<gc-op id="3645" type="scavenge" timems="111.367" contextid="3642" timestamp="2020-09-11T12:59:01.396">
  <scavenger-info tenureage="3" tenuremask="7ff8" tiltratio="85" />
  <memory-copied type="nursery" objects="4130226" bytes="110712632" bytesdiscarded="392664" />
  <memory-copied type="tenure" objects="1132586" bytes="30472848" bytesdiscarded="79352" />
  <ownableSynchronizers candidates="4078" cleared="3701" />
  <references type="soft" candidates="301" cleared="0" enqueued="0" dynamicThreshold="17" maxThreshold="32" />
  <references type="weak" candidates="108" cleared="108" enqueued="0" />
</gc-op>
<gc-end id="3646" type="scavenge" contextid="3642" durationms="113.527" usertimems="824.055" systemtimems="0.000" timestamp="2020-09-11T12:59:01.398" activeThreads="8">
  <mem-info id="3647" free="1381410840" total="2765488128" percent="49">
    <mem type="nursery" free="696343552" total="939524096" percent="74">
      <mem type="allocate" free="696343552" total="807534592" percent="86" />
      <mem type="survivor" free="0" total="131989504" percent="0" />
    </mem>
    <mem type="tenure" free="685067288" total="1825964032" percent="37" macro-fragmented="0">
      <mem type="soa" free="578992696" total="1716405248" percent="33" />
      <mem type="loa" free="106074592" total="109558784" percent="96" />
    </mem>
    <remembered-set count="31691" />
  </mem-info>
</gc-end>
<cycle-end id="3648" type="scavenge" contextid="3642" timestamp="2020-09-11T12:59:01.400" />
<allocation-satisfied id="3649" threadId="0000000000819400" bytesRequested="1032" />
<af-end id="3650" timestamp="2020-09-11T12:59:01.400" threadId="0000000000819D80" success="true" from="nursery"/>
<exclusive-end id="3651" timestamp="2020-09-11T12:59:01.400" durationms="117.098" />

<exclusive-start id="3652" timestamp="2020-09-11T12:59:03.504" intervalms="2220.818">
  <response-info timems="0.665" idlems="0.665" threads="0" lastid="0000000000819400" lastname="Group1.Backend.CompositeBackend{Tier1}.3" />
</exclusive-start>
<af-start id="3653" threadId="0000000000819D80" totalBytesRequested="520" timestamp="2020-09-11T12:59:03.505" intervalms="2220.912" type="nursery" />
<cycle-start id="3654" type="scavenge" contextid="0" timestamp="2020-09-11T12:59:03.505" intervalms="2220.885" />
<gc-start id="3655" type="scavenge" contextid="3654" timestamp="2020-09-11T12:59:03.505">
  <mem-info id="3656" free="685067288" total="2765488128" percent="24">
    <mem type="nursery" free="0" total="939524096" percent="0">
      <mem type="allocate" free="0" total="807534592" percent="0" />
      <mem type="survivor" free="0" total="131989504" percent="0" />
    </mem>
    <mem type="tenure" free="685067288" total="1825964032" percent="37">
      <mem type="soa" free="578992696" total="1716405248" percent="33" />
      <mem type="loa" free="106074592" total="109558784" percent="96" />
    </mem>
    <remembered-set count="197483" />
  </mem-info>
</gc-start>
<allocation-stats totalBytes="696003856" >
  <allocated-bytes non-tlh="26324120" tlh="669679736" />
  <largest-consumer threadName="Group1.Backend.CompositeBackend{Tier1}.7" threadId="00000000008C3100" bytes="90961232" />
</allocation-stats>
<gc-op id="3657" type="scavenge" timems="135.869" contextid="3654" timestamp="2020-09-11T12:59:03.641">
  <scavenger-info tenureage="3" tenuremask="7ff8" tiltratio="85" />
  <memory-copied type="nursery" objects="4185961" bytes="112161400" bytesdiscarded="170448" />
  <memory-copied type="tenure" objects="1065049" bytes="28618760" bytesdiscarded="87424" />
  <ownableSynchronizers candidates="3296" cleared="2955" />
  <references type="soft" candidates="281" cleared="0" enqueued="0" dynamicThreshold="17" maxThreshold="32" />
  <references type="weak" candidates="127" cleared="127" enqueued="0" />
</gc-op>
<gc-end id="3658" type="scavenge" contextid="3654" durationms="138.855" usertimems="1043.243" systemtimems="14.145" timestamp="2020-09-11T12:59:03.644" activeThreads="8">
  <mem-info id="3659" free="1352465416" total="2765488128" percent="48">
    <mem type="nursery" free="696031944" total="939524096" percent="74">
      <mem type="allocate" free="696031944" total="808452096" percent="86" />
      <mem type="survivor" free="0" total="131072000" percent="0" />
    </mem>
    <mem type="tenure" free="656433472" total="1825964032" percent="35" macro-fragmented="0">
      <mem type="soa" free="550358880" total="1716405248" percent="32" />
      <mem type="loa" free="106074592" total="109558784" percent="96" />
    </mem>
    <remembered-set count="30455" />
  </mem-info>
</gc-end>
<cycle-end id="3660" type="scavenge" contextid="3654" timestamp="2020-09-11T12:59:03.647" />
<allocation-satisfied id="3661" threadId="0000000000819400" bytesRequested="520" />
<af-end id="3662" timestamp="2020-09-11T12:59:03.647" threadId="0000000000819D80" success="true" from="nursery"/>
<exclusive-end id="3663" timestamp="2020-09-11T12:59:03.647" durationms="143.238" />

<exclusive-start id="3664" timestamp="2020-09-11T12:59:05.539" intervalms="2035.287">
  <response-info timems="5.744" idlems="5.744" threads="0" lastid="000000000088B400" lastname="Group1.Backend.CompositeBackend{Tier1}.6" />
</exclusive-start>
<af-start id="3665" threadId="000000000088BD80" totalBytesRequested="32" timestamp="2020-09-11T12:59:05.540" intervalms="2035.343" type="nursery" />
<cycle-start id="3666" type="scavenge" contextid="0" timestamp="2020-09-11T12:59:05.540" intervalms="2035.387" />
<gc-start id="3667" type="scavenge" contextid="3666" timestamp="2020-09-11T12:59:05.541">
  <mem-info id="3668" free="656433472" total="2765488128" percent="23">
    <mem type="nursery" free="0" total="939524096" percent="0">
      <mem type="allocate" free="0" total="808452096" percent="0" />
      <mem type="survivor" free="0" total="131072000" percent="0" />
    </mem>
    <mem type="tenure" free="656433472" total="1825964032" percent="35">
      <mem type="soa" free="550358880" total="1716405248" percent="32" />
      <mem type="loa" free="106074592" total="109558784" percent="96" />
    </mem>
    <remembered-set count="192824" />
  </mem-info>
</gc-start>
<allocation-stats totalBytes="695696824" >
  <allocated-bytes non-tlh="36754720" tlh="658942104" />
  <largest-consumer threadName="Group1.Backend.CompositeBackend{Tier1}.1" threadId="000000000078C200" bytes="88927840" />
</allocation-stats>
<gc-op id="3669" type="scavenge" timems="114.111" contextid="3666" timestamp="2020-09-11T12:59:05.655">
  <scavenger-info tenureage="3" tenuremask="7ff8" tiltratio="86" />
  <memory-copied type="nursery" objects="4261900" bytes="113673424" bytesdiscarded="146016" />
  <memory-copied type="tenure" objects="1104354" bytes="29696208" bytesdiscarded="104744" />
  <ownableSynchronizers candidates="4009" cleared="3696" />
  <references type="soft" candidates="274" cleared="0" enqueued="0" dynamicThreshold="17" maxThreshold="32" />
  <references type="weak" candidates="127" cleared="127" enqueued="0" />
</gc-op>
<gc-end id="3670" type="scavenge" contextid="3666" durationms="115.514" usertimems="892.143" systemtimems="2.759" timestamp="2020-09-11T12:59:05.656" activeThreads="8">
  <mem-info id="3671" free="1321497488" total="2765488128" percent="47">
    <mem type="nursery" free="695011992" total="939524096" percent="73">
      <mem type="allocate" free="695011992" total="808910848" percent="85" />
      <mem type="survivor" free="0" total="130613248" percent="0" />
    </mem>
    <mem type="tenure" free="626485496" total="1825964032" percent="34" macro-fragmented="0">
      <mem type="soa" free="520410904" total="1716405248" percent="30" />
      <mem type="loa" free="106074592" total="109558784" percent="96" />
    </mem>
    <remembered-set count="31006" />
  </mem-info>
</gc-end>
<cycle-end id="3672" type="scavenge" contextid="3666" timestamp="2020-09-11T12:59:05.658" />
<allocation-satisfied id="3673" threadId="000000000088B400" bytesRequested="32" />
<af-end id="3674" timestamp="2020-09-11T12:59:05.658" threadId="000000000088BD80" success="true" from="nursery"/>
<exclusive-end id="3675" timestamp="2020-09-11T12:59:05.658" durationms="118.367" />

</verbosegc>

