<?xml version="1.0" ?>

<verbosegc xmlns="http://www.ibm.com/j9/verbosegc" version="c1dd04cca_CMPRSS">

!@: MM_VerboseWriterFileLoggingSynchronous::openFile

!@: Before Trigger

<exclusive-start id="4883" timestamp="2020-09-11T13:02:34.088" intervalms="2163.136">
  <response-info timems="0.410" idlems="0.410" threads="0" lastid="000000000086AF00" lastname="Group1.Backend.CompositeBackend{Tier1}.5" />
</exclusive-start>
!@: handleInitialized
<initialized id="4884" timestamp="2020-09-11T13:02:34.088">
  <attribute name="gcPolicy" value="-Xgcpolicy:gencon" />
  <attribute name="maxHeapSize" value="0xe0000000" />
  <attribute name="initialHeapSize" value="0x800000" />
  <attribute name="compressedRefs" value="true" />
  <attribute name="compressedRefsDisplacement" value="0x0" />
  <attribute name="compressedRefsShift" value="0x0" />
  <attribute name="pageSize" value="0x1000" />
  <attribute name="pageType" value="not used" />
  <attribute name="requestedPageSize" value="0x1000" />
  <attribute name="requestedPageType" value="not used" />
  <attribute name="gcthreads" value="8" />
  <attribute name="packetListSplit" value="1" />
  <attribute name="cacheListSplit" value="1" />
  <attribute name="splitFreeListSplitAmount" value="1" />
  <attribute name="numaNodes" value="0" />
  <system>
    <attribute name="physicalMemory" value="16818696192" />
    <attribute name="numCPUs" value="8" />
    <attribute name="architecture" value="amd64" />
    <attribute name="os" value="Linux" />
    <attribute name="osVersion" value="4.15.0-101-generic" />
  </system>
  <vmargs>
    <vmarg name="-Xoptionsfile=/root/code/openj9-openjdk-jdk11/build/linux-x86_64-normal-server-release/jdk/lib/options.default" />
    <vmarg name="-Xlockword:mode=default,noLockword=java/lang/String,noLockword=java/util/MapEntry,noLockword=java/util/HashMap$Entry,noLockword..." />
    <vmarg name="-Xjcl:jclse29" />
    <vmarg name="-Dcom.ibm.oti.vm.bootstrap.library.path=/root/code/openj9-openjdk-jdk11/build/linux-x86_64-normal-server-release/jdk/lib/compre..." />
    <vmarg name="-Dsun.boot.library.path=/root/code/openj9-openjdk-jdk11/build/linux-x86_64-normal-server-release/jdk/lib/compressedrefs:/root/c..." />
    <vmarg name="-Djava.library.path=/root/code/openj9-openjdk-jdk11/build/linux-x86_64-normal-server-release/jdk/lib/compressedrefs:/root/code/..." />
    <vmarg name="-Djava.home=/root/code/openj9-openjdk-jdk11/build/linux-x86_64-normal-server-release/jdk" />
    <vmarg name="-Duser.dir=/root/specjbb2015" />
    <vmarg name="-verbose:gc" />
    <vmarg name="-Xmx3584M" />
    <vmarg name="-Xgc:noConcurrentMark" />
    <vmarg name="-Xtgc:parallel" />
    <vmarg name="-XX:-UseGCStartupHints" />
    <vmarg name="-Xgcpolicy:gencon" />
    <vmarg name="-Xverbosegclog:testOutput,5,100" />
    <vmarg name="-Djava.class.path=/root/specjbb2015/specjbb2015.jar" />
    <vmarg name="-Dsun.java.command=/root/specjbb2015/specjbb2015.jar -m COMPOSITE" />
    <vmarg name="-Dsun.java.launcher=SUN_STANDARD" />
    <vmarg name="-Dsun.java.launcher.pid=20984" />
  </vmargs>
</initialized>

!@: After Trigger

<af-start id="4885" threadId="000000000086B880" totalBytesRequested="32" timestamp="2020-09-11T13:02:34.089" intervalms="2163.637" type="nursery" />
<cycle-start id="4886" type="scavenge" contextid="0" timestamp="2020-09-11T13:02:34.089" intervalms="2163.640" />
<gc-start id="4887" type="scavenge" contextid="4886" timestamp="2020-09-11T13:02:34.090">
  <mem-info id="4888" free="361127864" total="2765488128" percent="13">
    <mem type="nursery" free="0" total="939524096" percent="0">
      <mem type="allocate" free="0" total="807862272" percent="0" />
      <mem type="survivor" free="0" total="131661824" percent="0" />
    </mem>
    <mem type="tenure" free="361127864" total="1825964032" percent="19">
      <mem type="soa" free="255415312" total="1716405248" percent="14" />
      <mem type="loa" free="105712552" total="109558784" percent="96" />
    </mem>
    <remembered-set count="195811" />
  </mem-info>
</gc-start>
<allocation-stats totalBytes="696704720" >
  <allocated-bytes non-tlh="27891760" tlh="668812960" />
  <largest-consumer threadName="Group1.Backend.CompositeBackend{Tier1}.7" threadId="00000000008C3100" bytes="95968648" />
</allocation-stats>
<gc-op id="4889" type="scavenge" timems="115.343" contextid="4886" timestamp="2020-09-11T13:02:34.205">
  <scavenger-info tenureage="3" tenuremask="7ff8" tiltratio="85" />
  <memory-copied type="nursery" objects="4291103" bytes="114547320" bytesdiscarded="173216" />
  <memory-copied type="tenure" objects="1093948" bytes="29413104" bytesdiscarded="129000" />
  <ownableSynchronizers candidates="4095" cleared="3824" />
  <references type="soft" candidates="190" cleared="0" enqueued="0" dynamicThreshold="17" maxThreshold="32" />
  <references type="weak" candidates="112" cleared="112" enqueued="0" />
</gc-op>
<gc-end id="4890" type="scavenge" contextid="4886" durationms="116.603" usertimems="840.866" systemtimems="0.000" timestamp="2020-09-11T13:02:34.206" activeThreads="8">
  <mem-info id="4891" free="1023781912" total="2765488128" percent="37">
    <mem type="nursery" free="692140760" total="939524096" percent="73">
      <mem type="allocate" free="692140760" total="806944768" percent="85" />
      <mem type="survivor" free="0" total="132579328" percent="0" />
    </mem>
    <mem type="tenure" free="331641152" total="1825964032" percent="18" macro-fragmented="0">
      <mem type="soa" free="225928600" total="1716405248" percent="13" />
      <mem type="loa" free="105712552" total="109558784" percent="96" />
    </mem>
    <remembered-set count="30171" />
  </mem-info>
</gc-end>
<cycle-end id="4892" type="scavenge" contextid="4886" timestamp="2020-09-11T13:02:34.207" />
<allocation-satisfied id="4893" threadId="000000000086AF00" bytesRequested="32" />
<af-end id="4894" timestamp="2020-09-11T13:02:34.207" threadId="000000000086B880" success="true" from="nursery"/>
<exclusive-end id="4895" timestamp="2020-09-11T13:02:34.207" durationms="119.283" />

<exclusive-start id="4896" timestamp="2020-09-11T13:02:36.167" intervalms="2078.994">
  <response-info timems="1.730" idlems="1.730" threads="0" lastid="0000000000819400" lastname="Group1.Backend.CompositeBackend{Tier1}.3" />
</exclusive-start>
<af-start id="4897" threadId="0000000000819D80" totalBytesRequested="1032" timestamp="2020-09-11T13:02:36.168" intervalms="2078.503" type="nursery" />
<cycle-start id="4898" type="scavenge" contextid="0" timestamp="2020-09-11T13:02:36.168" intervalms="2078.504" />
<gc-start id="4899" type="scavenge" contextid="4898" timestamp="2020-09-11T13:02:36.169">
  <mem-info id="4900" free="331641152" total="2765488128" percent="11">
    <mem type="nursery" free="0" total="939524096" percent="0">
      <mem type="allocate" free="0" total="806944768" percent="0" />
      <mem type="survivor" free="0" total="132579328" percent="0" />
    </mem>
    <mem type="tenure" free="331641152" total="1825964032" percent="18">
      <mem type="soa" free="225928600" total="1716405248" percent="13" />
      <mem type="loa" free="105712552" total="109558784" percent="96" />
    </mem>
    <remembered-set count="191917" />
  </mem-info>
</gc-start>
<allocation-stats totalBytes="691802016" >
  <allocated-bytes non-tlh="34385720" tlh="657416296" />
  <largest-consumer threadName="Group1.Backend.CompositeBackend{Tier1}.3" threadId="0000000000819400" bytes="120121336" />
</allocation-stats>
<gc-op id="4901" type="scavenge" timems="134.036" contextid="4898" timestamp="2020-09-11T13:02:36.303">
  <scavenger-info tenureage="3" tenuremask="7ff8" tiltratio="85" />
  <memory-copied type="nursery" objects="4152079" bytes="111331856" bytesdiscarded="169888" />
  <memory-copied type="tenure" objects="1095158" bytes="29557168" bytesdiscarded="122832" />
  <ownableSynchronizers candidates="5183" cleared="4898" />
  <references type="soft" candidates="208" cleared="0" enqueued="0" dynamicThreshold="17" maxThreshold="32" />
  <references type="weak" candidates="123" cleared="123" enqueued="0" />
</gc-op>
<gc-end id="4902" type="scavenge" contextid="4898" durationms="135.347" usertimems="933.099" systemtimems="2.905" timestamp="2020-09-11T13:02:36.304" activeThreads="8">
  <mem-info id="4903" free="998165056" total="2765488128" percent="36">
    <mem type="nursery" free="696214016" total="939524096" percent="74">
      <mem type="allocate" free="696214016" total="807796736" percent="86" />
      <mem type="survivor" free="0" total="131727360" percent="0" />
    </mem>
    <mem type="tenure" free="301951040" total="1825964032" percent="16" macro-fragmented="0">
      <mem type="soa" free="196238488" total="1716405248" percent="11" />
      <mem type="loa" free="105712552" total="109558784" percent="96" />
    </mem>
    <remembered-set count="29676" />
  </mem-info>
</gc-end>
<cycle-end id="4904" type="scavenge" contextid="4898" timestamp="2020-09-11T13:02:36.305" />
<allocation-satisfied id="4905" threadId="0000000000819400" bytesRequested="1032" />
<af-end id="4906" timestamp="2020-09-11T13:02:36.305" threadId="0000000000819D80" success="true" from="nursery"/>
<exclusive-end id="4907" timestamp="2020-09-11T13:02:36.305" durationms="137.855" />

<exclusive-start id="4908" timestamp="2020-09-11T13:02:38.201" intervalms="2034.010">
  <response-info timems="0.497" idlems="0.497" threads="0" lastid="000000000086AF00" lastname="Group1.Backend.CompositeBackend{Tier1}.5" />
</exclusive-start>
<af-start id="4909" threadId="000000000086B880" totalBytesRequested="96" timestamp="2020-09-11T13:02:38.202" intervalms="2034.086" type="nursery" />
<cycle-start id="4910" type="scavenge" contextid="0" timestamp="2020-09-11T13:02:38.202" intervalms="2034.106" />
<gc-start id="4911" type="scavenge" contextid="4910" timestamp="2020-09-11T13:02:38.202">
  <mem-info id="4912" free="301951040" total="2765488128" percent="10">
    <mem type="nursery" free="0" total="939524096" percent="0">
      <mem type="allocate" free="0" total="807796736" percent="0" />
      <mem type="survivor" free="0" total="131727360" percent="0" />
    </mem>
    <mem type="tenure" free="301951040" total="1825964032" percent="16">
      <mem type="soa" free="196238488" total="1716405248" percent="11" />
      <mem type="loa" free="105712552" total="109558784" percent="96" />
    </mem>
    <remembered-set count="192356" />
  </mem-info>
</gc-start>
<allocation-stats totalBytes="695894656" >
  <allocated-bytes non-tlh="36473784" tlh="659420872" />
  <largest-consumer threadName="Group1.Backend.CompositeBackend{Tier1}.8" threadId="00000000008DD200" bytes="98870632" />
</allocation-stats>
<gc-op id="4913" type="scavenge" timems="110.475" contextid="4910" timestamp="2020-09-11T13:02:38.313">
  <scavenger-info tenureage="3" tenuremask="7ff8" tiltratio="85" />
  <memory-copied type="nursery" objects="4127573" bytes="110651752" bytesdiscarded="155456" />
  <memory-copied type="tenure" objects="1103304" bytes="29665968" bytesdiscarded="143760" />
  <ownableSynchronizers candidates="4194" cleared="3894" />
  <references type="soft" candidates="228" cleared="0" enqueued="0" dynamicThreshold="17" maxThreshold="32" />
  <references type="weak" candidates="113" cleared="112" enqueued="0" />
</gc-op>
<gc-end id="4914" type="scavenge" contextid="4910" durationms="111.496" usertimems="847.862" systemtimems="0.000" timestamp="2020-09-11T13:02:38.314" activeThreads="8">
  <mem-info id="4915" free="970443216" total="2765488128" percent="35">
    <mem type="nursery" free="698283776" total="939524096" percent="74">
      <mem type="allocate" free="698283776" total="809172992" percent="86" />
      <mem type="survivor" free="0" total="130351104" percent="0" />
    </mem>
    <mem type="tenure" free="272159440" total="1825964032" percent="14" macro-fragmented="0">
      <mem type="soa" free="166446888" total="1716405248" percent="9" />
      <mem type="loa" free="105712552" total="109558784" percent="96" />
    </mem>
    <remembered-set count="31561" />
  </mem-info>
</gc-end>
<cycle-end id="4916" type="scavenge" contextid="4910" timestamp="2020-09-11T13:02:38.314" />
<allocation-satisfied id="4917" threadId="000000000086AF00" bytesRequested="96" />
<af-end id="4918" timestamp="2020-09-11T13:02:38.314" threadId="000000000086B880" success="true" from="nursery"/>
<exclusive-end id="4919" timestamp="2020-09-11T13:02:38.314" durationms="113.528" />

<exclusive-start id="4920" timestamp="2020-09-11T13:02:40.311" intervalms="2110.091">
  <response-info timems="0.422" idlems="0.422" threads="0" lastid="0000000000819400" lastname="Group1.Backend.CompositeBackend{Tier1}.3" />
</exclusive-start>
<af-start id="4921" threadId="0000000000819D80" totalBytesRequested="1032" timestamp="2020-09-11T13:02:40.312" intervalms="2109.920" type="nursery" />
<cycle-start id="4922" type="scavenge" contextid="0" timestamp="2020-09-11T13:02:40.312" intervalms="2109.908" />
<gc-start id="4923" type="scavenge" contextid="4922" timestamp="2020-09-11T13:02:40.312">
  <mem-info id="4924" free="272159440" total="2765488128" percent="9">
    <mem type="nursery" free="0" total="939524096" percent="0">
      <mem type="allocate" free="0" total="809172992" percent="0" />
      <mem type="survivor" free="0" total="130351104" percent="0" />
    </mem>
    <mem type="tenure" free="272159440" total="1825964032" percent="14">
      <mem type="soa" free="166446888" total="1716405248" percent="9" />
      <mem type="loa" free="105712552" total="109558784" percent="96" />
    </mem>
    <remembered-set count="196143" />
  </mem-info>
</gc-start>
<allocation-stats totalBytes="697930656" >
  <allocated-bytes non-tlh="33148544" tlh="664782112" />
  <largest-consumer threadName="Group1.Backend.CompositeBackend{Tier1}.8" threadId="00000000008DD200" bytes="106529776" />
</allocation-stats>
<gc-op id="4925" type="scavenge" timems="92.452" contextid="4922" timestamp="2020-09-11T13:02:40.405">
  <scavenger-info tenureage="3" tenuremask="7ff8" tiltratio="86" />
  <memory-copied type="nursery" objects="4103184" bytes="109959520" bytesdiscarded="143688" />
  <memory-copied type="tenure" objects="1139647" bytes="30636072" bytesdiscarded="153032" />
  <ownableSynchronizers candidates="4462" cleared="4156" />
  <references type="soft" candidates="211" cleared="0" enqueued="0" dynamicThreshold="17" maxThreshold="32" />
  <references type="weak" candidates="123" cleared="123" enqueued="0" />
</gc-op>
<gc-end id="4926" type="scavenge" contextid="4922" durationms="93.488" usertimems="713.315" systemtimems="0.000" timestamp="2020-09-11T13:02:40.405" activeThreads="8">
  <mem-info id="4927" free="941644952" total="2765488128" percent="34">
    <mem type="nursery" free="700294144" total="939524096" percent="74">
      <mem type="allocate" free="700294144" total="810483712" percent="86" />
      <mem type="survivor" free="0" total="129040384" percent="0" />
    </mem>
    <mem type="tenure" free="241350808" total="1825964032" percent="13" macro-fragmented="0">
      <mem type="soa" free="135638256" total="1716405248" percent="7" />
      <mem type="loa" free="105712552" total="109558784" percent="96" />
    </mem>
    <remembered-set count="32133" />
  </mem-info>
</gc-end>
<cycle-end id="4928" type="scavenge" contextid="4922" timestamp="2020-09-11T13:02:40.406" />
<allocation-satisfied id="4929" threadId="0000000000819400" bytesRequested="1032" />
<af-end id="4930" timestamp="2020-09-11T13:02:40.406" threadId="0000000000819D80" success="true" from="nursery"/>
<exclusive-end id="4931" timestamp="2020-09-11T13:02:40.406" durationms="95.283" />

<exclusive-start id="4932" timestamp="2020-09-11T13:02:42.489" intervalms="2177.564">
  <response-info timems="2.455" idlems="2.447" threads="1" lastid="000000000086AF00" lastname="Group1.Backend.CompositeBackend{Tier1}.5" />
</exclusive-start>
<af-start id="4933" threadId="0000000000819D80" totalBytesRequested="1032" timestamp="2020-09-11T13:02:42.489" intervalms="2177.524" type="nursery" />
<cycle-start id="4934" type="scavenge" contextid="0" timestamp="2020-09-11T13:02:42.489" intervalms="2177.561" />
<gc-start id="4935" type="scavenge" contextid="4934" timestamp="2020-09-11T13:02:42.490">
  <mem-info id="4936" free="241350808" total="2765488128" percent="8">
    <mem type="nursery" free="0" total="939524096" percent="0">
      <mem type="allocate" free="0" total="810483712" percent="0" />
      <mem type="survivor" free="0" total="129040384" percent="0" />
    </mem>
    <mem type="tenure" free="241350808" total="1825964032" percent="13">
      <mem type="soa" free="135638256" total="1716405248" percent="7" />
      <mem type="loa" free="105712552" total="109558784" percent="96" />
    </mem>
    <remembered-set count="199661" />
  </mem-info>
</gc-start>
<allocation-stats totalBytes="699942728" >
  <allocated-bytes non-tlh="29431048" tlh="670511680" />
  <largest-consumer threadName="Group1.Backend.CompositeBackend{Tier1}.6" threadId="000000000088B400" bytes="107379528" />
</allocation-stats>
<gc-op id="4937" type="scavenge" timems="133.094" contextid="4934" timestamp="2020-09-11T13:02:42.623">
  <scavenger-info tenureage="3" tenuremask="7ff8" tiltratio="86" />
  <memory-copied type="nursery" objects="4341077" bytes="115355232" bytesdiscarded="204792" />
  <memory-copied type="tenure" objects="1070470" bytes="28776760" bytesdiscarded="155608" />
  <ownableSynchronizers candidates="5291" cleared="4966" />
  <references type="soft" candidates="218" cleared="0" enqueued="0" dynamicThreshold="17" maxThreshold="32" />
  <references type="weak" candidates="109" cleared="109" enqueued="0" />
</gc-op>
<gc-end id="4938" type="scavenge" contextid="4934" durationms="134.446" usertimems="972.428" systemtimems="5.448" timestamp="2020-09-11T13:02:42.624" activeThreads="8">
  <mem-info id="4939" free="902201648" total="2765488128" percent="32">
    <mem type="nursery" free="689848824" total="939524096" percent="73">
      <mem type="allocate" free="689848824" total="805502976" percent="85" />
      <mem type="survivor" free="0" total="134021120" percent="0" />
    </mem>
    <mem type="tenure" free="212352824" total="1825964032" percent="11" macro-fragmented="0">
      <mem type="soa" free="106640272" total="1716405248" percent="6" />
      <mem type="loa" free="105712552" total="109558784" percent="96" />
    </mem>
    <remembered-set count="33729" />
  </mem-info>
</gc-end>
<cycle-end id="4940" type="scavenge" contextid="4934" timestamp="2020-09-11T13:02:42.625" />
<allocation-satisfied id="4941" threadId="0000000000819400" bytesRequested="1032" />
<af-end id="4942" timestamp="2020-09-11T13:02:42.625" threadId="0000000000819D80" success="true" from="nursery"/>
<exclusive-end id="4943" timestamp="2020-09-11T13:02:42.625" durationms="136.528" />

<exclusive-start id="4944" timestamp="2020-09-11T13:02:44.541" intervalms="2052.691">
  <response-info timems="1.058" idlems="1.058" threads="0" lastid="000000000078C200" lastname="Group1.Backend.CompositeBackend{Tier1}.1" />
</exclusive-start>
<af-start id="4945" threadId="000000000078CB80" totalBytesRequested="32" timestamp="2020-09-11T13:02:44.542" intervalms="2052.944" type="nursery" />
<cycle-start id="4946" type="scavenge" contextid="0" timestamp="2020-09-11T13:02:44.542" intervalms="2052.909" />
<gc-start id="4947" type="scavenge" contextid="4946" timestamp="2020-09-11T13:02:44.543">
  <mem-info id="4948" free="212352824" total="2765488128" percent="7">
    <mem type="nursery" free="0" total="939524096" percent="0">
      <mem type="allocate" free="0" total="805502976" percent="0" />
      <mem type="survivor" free="0" total="134021120" percent="0" />
    </mem>
    <mem type="tenure" free="212352824" total="1825964032" percent="11">
      <mem type="soa" free="106640272" total="1716405248" percent="6" />
      <mem type="loa" free="105712552" total="109558784" percent="96" />
    </mem>
    <remembered-set count="194616" />
  </mem-info>
</gc-start>
<allocation-stats totalBytes="689541488" >
  <allocated-bytes non-tlh="33525720" tlh="656015768" />
  <largest-consumer threadName="Group1.Backend.CompositeBackend{Tier1}.6" threadId="000000000088B400" bytes="98818728" />
</allocation-stats>
<gc-op id="4949" type="scavenge" timems="117.402" contextid="4946" timestamp="2020-09-11T13:02:44.660">
  <scavenger-info tenureage="3" tenuremask="7ff8" tiltratio="85" />
  <memory-copied type="nursery" objects="4396159" bytes="116175192" bytesdiscarded="140752" />
  <memory-copied type="tenure" objects="1073654" bytes="28836512" bytesdiscarded="144408" />
  <ownableSynchronizers candidates="4676" cleared="4361" />
  <references type="soft" candidates="203" cleared="0" enqueued="0" dynamicThreshold="17" maxThreshold="32" />
  <references type="weak" candidates="107" cleared="107" enqueued="0" />
</gc-op>
<gc-end id="4950" type="scavenge" contextid="4946" durationms="118.473" usertimems="902.312" systemtimems="0.000" timestamp="2020-09-11T13:02:44.661" activeThreads="8">
  <mem-info id="4951" free="874885072" total="2765488128" percent="31">
    <mem type="nursery" free="691468496" total="939524096" percent="73">
      <mem type="allocate" free="691468496" total="807862272" percent="85" />
      <mem type="survivor" free="0" total="131661824" percent="0" />
    </mem>
    <mem type="tenure" free="183416576" total="1825964032" percent="10" macro-fragmented="0">
      <mem type="soa" free="77704024" total="1716405248" percent="4" />
      <mem type="loa" free="105712552" total="109558784" percent="96" />
    </mem>
    <remembered-set count="32063" />
  </mem-info>
</gc-end>
<cycle-end id="4952" type="scavenge" contextid="4946" timestamp="2020-09-11T13:02:44.662" />
<allocation-satisfied id="4953" threadId="000000000078C200" bytesRequested="32" />
<af-end id="4954" timestamp="2020-09-11T13:02:44.662" threadId="000000000078CB80" success="true" from="nursery"/>
<exclusive-end id="4955" timestamp="2020-09-11T13:02:44.662" durationms="120.553" />

<exclusive-start id="4956" timestamp="2020-09-11T13:02:46.635" intervalms="2093.445">
  <response-info timems="0.324" idlems="0.324" threads="0" lastid="00000000007EB800" lastname="Group1.Backend.CompositeBackend{Tier1}.2" />
</exclusive-start>
<af-start id="4957" threadId="00000000007EC180" totalBytesRequested="24" timestamp="2020-09-11T13:02:46.636" intervalms="2093.416" type="nursery" />
<cycle-start id="4958" type="scavenge" contextid="0" timestamp="2020-09-11T13:02:46.636" intervalms="2093.416" />
<gc-start id="4959" type="scavenge" contextid="4958" timestamp="2020-09-11T13:02:46.636">
  <mem-info id="4960" free="183416576" total="2765488128" percent="6">
    <mem type="nursery" free="0" total="939524096" percent="0">
      <mem type="allocate" free="0" total="807862272" percent="0" />
      <mem type="survivor" free="0" total="131661824" percent="0" />
    </mem>
    <mem type="tenure" free="183416576" total="1825964032" percent="10">
      <mem type="soa" free="77704024" total="1716405248" percent="4" />
      <mem type="loa" free="105712552" total="109558784" percent="96" />
    </mem>
    <remembered-set count="193295" />
  </mem-info>
</gc-start>
<allocation-stats totalBytes="691132400" >
  <allocated-bytes non-tlh="33893408" tlh="657238992" />
  <largest-consumer threadName="Group1.Backend.CompositeBackend{Tier1}.8" threadId="00000000008DD200" bytes="113883480" />
</allocation-stats>
<gc-op id="4961" type="scavenge" timems="101.900" contextid="4958" timestamp="2020-09-11T13:02:46.738">
  <scavenger-info tenureage="3" tenuremask="7ff8" tiltratio="85" />
  <memory-copied type="nursery" objects="4057520" bytes="108937024" bytesdiscarded="232112" />
  <memory-copied type="tenure" objects="1098354" bytes="29503984" bytesdiscarded="88192" />
  <ownableSynchronizers candidates="4473" cleared="4160" />
  <references type="soft" candidates="227" cleared="0" enqueued="0" dynamicThreshold="17" maxThreshold="32" />
  <references type="weak" candidates="138" cleared="138" enqueued="0" />
</gc-op>
<gc-end id="4962" type="scavenge" contextid="4958" durationms="103.041" usertimems="782.862" systemtimems="3.291" timestamp="2020-09-11T13:02:46.739" activeThreads="8">
  <mem-info id="4963" free="852477768" total="2765488128" percent="30">
    <mem type="nursery" free="698939648" total="939524096" percent="74">
      <mem type="allocate" free="698939648" total="808189952" percent="86" />
      <mem type="survivor" free="0" total="131334144" percent="0" />
    </mem>
    <mem type="tenure" free="153538120" total="1825964032" percent="8" macro-fragmented="0">
      <mem type="soa" free="47825568" total="1716405248" percent="2" />
      <mem type="loa" free="105712552" total="109558784" percent="96" />
    </mem>
    <remembered-set count="30485" />
  </mem-info>
</gc-end>
<cycle-end id="4964" type="scavenge" contextid="4958" timestamp="2020-09-11T13:02:46.740" />
<allocation-satisfied id="4965" threadId="00000000007EB800" bytesRequested="24" />
<af-end id="4966" timestamp="2020-09-11T13:02:46.740" threadId="00000000007EC180" success="true" from="nursery"/>
<exclusive-end id="4967" timestamp="2020-09-11T13:02:46.740" durationms="105.367" />

<exclusive-start id="4968" timestamp="2020-09-11T13:02:48.819" intervalms="2184.169">
  <response-info timems="0.444" idlems="0.444" threads="0" lastid="00000000007EB800" lastname="Group1.Backend.CompositeBackend{Tier1}.2" />
</exclusive-start>
<af-start id="4969" threadId="00000000007EC180" totalBytesRequested="208" timestamp="2020-09-11T13:02:48.820" intervalms="2184.110" type="nursery" />
<cycle-start id="4970" type="scavenge" contextid="0" timestamp="2020-09-11T13:02:48.820" intervalms="2184.101" />
<gc-start id="4971" type="scavenge" contextid="4970" timestamp="2020-09-11T13:02:48.820">
  <mem-info id="4972" free="153538120" total="2765488128" percent="5">
    <mem type="nursery" free="0" total="939524096" percent="0">
      <mem type="allocate" free="0" total="808189952" percent="0" />
      <mem type="survivor" free="0" total="131334144" percent="0" />
    </mem>
    <mem type="tenure" free="153538120" total="1825964032" percent="8">
      <mem type="soa" free="47825568" total="1716405248" percent="2" />
      <mem type="loa" free="105712552" total="109558784" percent="96" />
    </mem>
    <remembered-set count="197214" />
  </mem-info>
</gc-start>
<allocation-stats totalBytes="698589048" >
  <allocated-bytes non-tlh="27168880" tlh="671420168" />
  <largest-consumer threadName="Group1.Backend.CompositeBackend{Tier1}.5" threadId="000000000086AF00" bytes="102101328" />
</allocation-stats>
<gc-op id="4973" type="scavenge" timems="114.122" contextid="4970" timestamp="2020-09-11T13:02:48.934">
  <scavenger-info tenureage="3" tenuremask="7ff8" tiltratio="86" />
  <memory-copied type="nursery" objects="4127665" bytes="110784664" bytesdiscarded="148480" />
  <memory-copied type="tenure" objects="1131435" bytes="30402264" bytesdiscarded="55272" />
  <ownableSynchronizers candidates="4567" cleared="4244" />
  <references type="soft" candidates="199" cleared="0" enqueued="0" dynamicThreshold="17" maxThreshold="32" />
  <references type="weak" candidates="108" cleared="108" enqueued="0" />
</gc-op>
<gc-end id="4974" type="scavenge" contextid="4970" durationms="115.476" usertimems="735.266" systemtimems="2.959" timestamp="2020-09-11T13:02:48.935" activeThreads="8">
  <mem-info id="4975" free="821100320" total="2765488128" percent="29">
    <mem type="nursery" free="698149376" total="939524096" percent="74">
      <mem type="allocate" free="698149376" total="809172992" percent="86" />
      <mem type="survivor" free="0" total="130351104" percent="0" />
    </mem>
    <mem type="tenure" free="122950944" total="1825964032" percent="6" macro-fragmented="0">
      <mem type="soa" free="17238392" total="1716405248" percent="1" />
      <mem type="loa" free="105712552" total="109558784" percent="96" />
    </mem>
    <remembered-set count="28882" />
  </mem-info>
</gc-end>
<cycle-end id="4976" type="scavenge" contextid="4970" timestamp="2020-09-11T13:02:48.937" />
<allocation-satisfied id="4977" threadId="00000000007EB800" bytesRequested="208" />
<af-end id="4978" timestamp="2020-09-11T13:02:48.937" threadId="00000000007EC180" success="true" from="nursery"/>
<exclusive-end id="4979" timestamp="2020-09-11T13:02:48.937" durationms="118.137" />

<exclusive-start id="4980" timestamp="2020-09-11T13:02:50.920" intervalms="2101.486">
  <response-info timems="1.003" idlems="1.003" threads="0" lastid="000000000086AF00" lastname="Group1.Backend.CompositeBackend{Tier1}.5" />
</exclusive-start>
<af-start id="4981" threadId="000000000086B880" totalBytesRequested="32" timestamp="2020-09-11T13:02:50.921" intervalms="2101.436" type="nursery" />
<percolate-collect id="4982" from="nursery" to="global" reason="prevent tenure expand" timestamp="2020-09-11T13:02:50.921"/>
<cycle-start id="4983" type="global" contextid="0" timestamp="2020-09-11T13:02:50.921" intervalms="61850.292" />
<gc-start id="4984" type="global" contextid="4983" timestamp="2020-09-11T13:02:50.922">
  <mem-info id="4985" free="122950944" total="2765488128" percent="4">
    <mem type="nursery" free="0" total="939524096" percent="0">
      <mem type="allocate" free="0" total="809172992" percent="0" />
      <mem type="survivor" free="0" total="130351104" percent="0" />
    </mem>
    <mem type="tenure" free="122950944" total="1825964032" percent="6">
      <mem type="soa" free="17238392" total="1716405248" percent="1" />
      <mem type="loa" free="105712552" total="109558784" percent="96" />
    </mem>
    <remembered-set count="193476" />
  </mem-info>
</gc-start>
<allocation-stats totalBytes="697794824" >
  <allocated-bytes non-tlh="33821240" tlh="663973584" />
  <largest-consumer threadName="Group1.Backend.CompositeBackend{Tier1}.6" threadId="000000000088B400" bytes="97178688" />
</allocation-stats>
<gc-op id="4986" type="mark" timems="543.810" contextid="4983" timestamp="2020-09-11T13:02:51.466">
  <trace-info objectcount="31015674" scancount="30035335" scanbytes="821913292" />
  <finalization candidates="150" enqueued="0" />
  <ownableSynchronizers candidates="594734" cleared="6930" />
  <references type="soft" candidates="717381" cleared="428" enqueued="413" dynamicThreshold="17" maxThreshold="32" />
  <references type="weak" candidates="4417" cleared="123" enqueued="0" />
  <references type="phantom" candidates="108" cleared="0" enqueued="0" />
  <stringconstants candidates="11054" cleared="1"  />
</gc-op>
<gc-op id="4987" type="sweep" timems="11.751" contextid="4983" timestamp="2020-09-11T13:02:51.478" />
<heap-resize id="4988" type="contract" space="tenure" amount="196608" count="1" timems="24.067" reason="insufficient time being spent in gc" timestamp="2020-09-11T13:02:51.502" />
<gc-end id="4989" type="global" contextid="4983" durationms="581.221" usertimems="4288.233" systemtimems="0.000" timestamp="2020-09-11T13:02:51.503" activeThreads="8">
  <mem-info id="4990" free="1598941096" total="2765291520" percent="57">
    <mem type="nursery" free="615344520" total="939524096" percent="65">
      <mem type="allocate" free="615344520" total="809172992" percent="76" />
      <mem type="survivor" free="0" total="130351104" percent="0" />
    </mem>
    <mem type="tenure" free="983596576" total="1825767424" percent="53" micro-fragmented="83870072" macro-fragmented="0">
      <mem type="soa" free="877888024" total="1716220928" percent="51" />
      <mem type="loa" free="105708552" total="109546496" percent="96" />
    </mem>
    <pending-finalizers system="0" default="0" reference="413" classloader="0" />
    <remembered-set count="187846" />
  </mem-info>
</gc-end>
<cycle-end id="4991" type="global" contextid="4983" timestamp="2020-09-11T13:02:51.504" />
<allocation-satisfied id="4992" threadId="000000000086AF00" bytesRequested="32" />
<af-end id="4993" timestamp="2020-09-11T13:02:51.504" threadId="000000000086B880" success="true" from="nursery"/>
<exclusive-end id="4994" timestamp="2020-09-11T13:02:51.504" durationms="583.290" />

<exclusive-start id="4995" timestamp="2020-09-11T13:02:52.646" intervalms="1725.947">
  <response-info timems="2.586" idlems="2.586" threads="0" lastid="0000000000819400" lastname="Group1.Backend.CompositeBackend{Tier1}.3" />
</exclusive-start>
<af-start id="4996" threadId="0000000000819D80" totalBytesRequested="524296" timestamp="2020-09-11T13:02:52.647" intervalms="1725.895" type="nursery" />
<cycle-start id="4997" type="scavenge" contextid="0" timestamp="2020-09-11T13:02:52.647" intervalms="3827.358" />
<gc-start id="4998" type="scavenge" contextid="4997" timestamp="2020-09-11T13:02:52.648">
  <mem-info id="4999" free="1034069664" total="2765291520" percent="37">
    <mem type="nursery" free="50473184" total="939524096" percent="5">
      <mem type="allocate" free="50473184" total="809172992" percent="6" />
      <mem type="survivor" free="0" total="130351104" percent="0" />
    </mem>
    <mem type="tenure" free="983596480" total="1825767424" percent="53">
      <mem type="soa" free="877887928" total="1716220928" percent="51" />
      <mem type="loa" free="105708552" total="109546496" percent="96" />
    </mem>
    <remembered-set count="240024" />
  </mem-info>
</gc-start>
<allocation-stats totalBytes="562776592" >
  <allocated-bytes non-tlh="27515440" tlh="535261152" />
  <largest-consumer threadName="Group1.Backend.CompositeBackend{Tier1}.4" threadId="0000000000863200" bytes="75063184" />
</allocation-stats>
<gc-op id="5000" type="scavenge" timems="141.252" contextid="4997" timestamp="2020-09-11T13:02:52.789">
  <scavenger-info tenureage="3" tenuremask="7ff8" tiltratio="86" />
  <memory-copied type="nursery" objects="4869259" bytes="130175360" bytesdiscarded="43200" />
  <memory-copied type="tenure" objects="1273101" bytes="33798560" bytesdiscarded="104832" />
  <copy-failed type="nursery" objects="280990" bytes="7144640" />
  <ownableSynchronizers candidates="1178010" cleared="1177636" />
  <references type="soft" candidates="100" cleared="0" enqueued="0" dynamicThreshold="17" maxThreshold="32" />
  <references type="weak" candidates="107" cleared="107" enqueued="0" />
</gc-op>
<gc-end id="5001" type="scavenge" contextid="4997" durationms="142.673" usertimems="1059.902" systemtimems="4.589" timestamp="2020-09-11T13:02:52.790" activeThreads="8">
  <mem-info id="5002" free="1575096488" total="2765291520" percent="56">
    <mem type="nursery" free="625606656" total="939524096" percent="66">
      <mem type="allocate" free="625606656" total="755957760" percent="82" />
      <mem type="survivor" free="0" total="183566336" percent="0" />
    </mem>
    <mem type="tenure" free="949489832" total="1825767424" percent="52" macro-fragmented="0">
      <mem type="soa" free="843781280" total="1716220928" percent="49" />
      <mem type="loa" free="105708552" total="109546496" percent="96" />
    </mem>
    <remembered-set count="37347" />
  </mem-info>
</gc-end>
<cycle-end id="5003" type="scavenge" contextid="4997" timestamp="2020-09-11T13:02:52.791" />
<allocation-satisfied id="5004" threadId="0000000000819400" bytesRequested="524296" />
<af-end id="5005" timestamp="2020-09-11T13:02:52.792" threadId="0000000000819D80" success="true" from="nursery"/>
<exclusive-end id="5006" timestamp="2020-09-11T13:02:52.792" durationms="145.279" />

<exclusive-start id="5007" timestamp="2020-09-11T13:02:54.516" intervalms="1869.842">
  <response-info timems="5.799" idlems="5.799" threads="0" lastid="000000000078C200" lastname="Group1.Backend.CompositeBackend{Tier1}.1" />
</exclusive-start>
<af-start id="5008" threadId="000000000078CB80" totalBytesRequested="656" timestamp="2020-09-11T13:02:54.517" intervalms="1869.897" type="nursery" />
<cycle-start id="5009" type="scavenge" contextid="0" timestamp="2020-09-11T13:02:54.517" intervalms="1869.874" />
<gc-start id="5010" type="scavenge" contextid="5009" timestamp="2020-09-11T13:02:54.517">
  <mem-info id="5011" free="949489832" total="2765291520" percent="34">
    <mem type="nursery" free="0" total="939524096" percent="0">
      <mem type="allocate" free="0" total="755957760" percent="0" />
      <mem type="survivor" free="0" total="183566336" percent="0" />
    </mem>
    <mem type="tenure" free="949489832" total="1825767424" percent="52">
      <mem type="soa" free="843781280" total="1716220928" percent="49" />
      <mem type="loa" free="105708552" total="109546496" percent="96" />
    </mem>
    <remembered-set count="189666" />
  </mem-info>
</gc-start>
<allocation-stats totalBytes="625326256" >
  <allocated-bytes non-tlh="36672720" tlh="588653536" />
  <largest-consumer threadName="Group1.Backend.CompositeBackend{Tier1}.8" threadId="00000000008DD200" bytes="93523296" />
</allocation-stats>
<gc-op id="5012" type="scavenge" timems="125.104" contextid="5009" timestamp="2020-09-11T13:02:54.643">
  <scavenger-info tenureage="3" tenuremask="7ff8" tiltratio="80" />
  <memory-copied type="nursery" objects="4889872" bytes="130732592" bytesdiscarded="247864" />
  <memory-copied type="tenure" objects="949877" bytes="25659464" bytesdiscarded="76128" />
  <ownableSynchronizers candidates="3827" cleared="3549" />
  <references type="soft" candidates="119" cleared="0" enqueued="0" dynamicThreshold="17" maxThreshold="32" />
  <references type="weak" candidates="127" cleared="127" enqueued="0" />
</gc-op>
<gc-end id="5013" type="scavenge" contextid="5009" durationms="126.029" usertimems="838.959" systemtimems="0.000" timestamp="2020-09-11T13:02:54.643" activeThreads="8">
  <mem-info id="5014" free="1554702384" total="2765291520" percent="56">
    <mem type="nursery" free="630864376" total="939524096" percent="67">
      <mem type="allocate" free="630864376" total="761921536" percent="82" />
      <mem type="survivor" free="0" total="177602560" percent="0" />
    </mem>
    <mem type="tenure" free="923838008" total="1825767424" percent="50" macro-fragmented="0">
      <mem type="soa" free="818129456" total="1716220928" percent="47" />
      <mem type="loa" free="105708552" total="109546496" percent="96" />
    </mem>
    <remembered-set count="38840" />
  </mem-info>
</gc-end>
<cycle-end id="5015" type="scavenge" contextid="5009" timestamp="2020-09-11T13:02:54.644" />
<allocation-satisfied id="5016" threadId="000000000078C200" bytesRequested="656" />
<af-end id="5017" timestamp="2020-09-11T13:02:54.644" threadId="000000000078CB80" success="true" from="nursery"/>
<exclusive-end id="5018" timestamp="2020-09-11T13:02:54.644" durationms="127.925" />

<exclusive-start id="5019" timestamp="2020-09-11T13:02:56.436" intervalms="1920.256">
  <response-info timems="0.871" idlems="0.871" threads="0" lastid="000000000078C200" lastname="Group1.Backend.CompositeBackend{Tier1}.1" />
</exclusive-start>
<af-start id="5020" threadId="000000000078CB80" totalBytesRequested="24" timestamp="2020-09-11T13:02:56.437" intervalms="1920.223" type="nursery" />
<cycle-start id="5021" type="scavenge" contextid="0" timestamp="2020-09-11T13:02:56.437" intervalms="1920.226" />
<gc-start id="5022" type="scavenge" contextid="5021" timestamp="2020-09-11T13:02:56.442">
  <mem-info id="5023" free="923838008" total="2765291520" percent="33">
    <mem type="nursery" free="0" total="939524096" percent="0">
      <mem type="allocate" free="0" total="761921536" percent="0" />
      <mem type="survivor" free="0" total="177602560" percent="0" />
    </mem>
    <mem type="tenure" free="923838008" total="1825767424" percent="50">
      <mem type="soa" free="818129456" total="1716220928" percent="47" />
      <mem type="loa" free="105708552" total="109546496" percent="96" />
    </mem>
    <remembered-set count="197235" />
  </mem-info>
</gc-start>
<allocation-stats totalBytes="630554144" >
  <allocated-bytes non-tlh="25299168" tlh="605254976" />
  <largest-consumer threadName="Group1.Backend.CompositeBackend{Tier1}.8" threadId="00000000008DD200" bytes="107512080" />
</allocation-stats>
<gc-op id="5024" type="scavenge" timems="121.210" contextid="5021" timestamp="2020-09-11T13:02:56.563">
  <scavenger-info tenureage="3" tenuremask="7ff8" tiltratio="81" />
  <memory-copied type="nursery" objects="4774688" bytes="128155328" bytesdiscarded="211640" />
  <memory-copied type="tenure" objects="1021408" bytes="27565952" bytesdiscarded="89040" />
  <ownableSynchronizers candidates="4832" cleared="4558" />
  <references type="soft" candidates="141" cleared="0" enqueued="0" dynamicThreshold="17" maxThreshold="32" />
  <references type="weak" candidates="112" cleared="112" enqueued="0" />
</gc-op>
<gc-end id="5025" type="scavenge" contextid="5021" durationms="122.277" usertimems="934.704" systemtimems="10.417" timestamp="2020-09-11T13:02:56.564" activeThreads="8">
  <mem-info id="5026" free="1535792744" total="2765291520" percent="55">
    <mem type="nursery" free="639694848" total="939524096" percent="68">
      <mem type="allocate" free="639694848" total="768147456" percent="83" />
      <mem type="survivor" free="0" total="171376640" percent="0" />
    </mem>
    <mem type="tenure" free="896097896" total="1825767424" percent="49" macro-fragmented="0">
      <mem type="soa" free="790389344" total="1716220928" percent="46" />
      <mem type="loa" free="105708552" total="109546496" percent="96" />
    </mem>
    <remembered-set count="38672" />
  </mem-info>
</gc-end>
<cycle-end id="5027" type="scavenge" contextid="5021" timestamp="2020-09-11T13:02:56.565" />
<allocation-satisfied id="5028" threadId="000000000078C200" bytesRequested="24" />
<af-end id="5029" timestamp="2020-09-11T13:02:56.565" threadId="000000000078CB80" success="true" from="nursery"/>
<exclusive-end id="5030" timestamp="2020-09-11T13:02:56.565" durationms="128.933" />

<exclusive-start id="5031" timestamp="2020-09-11T13:02:58.332" intervalms="1895.904">
  <response-info timems="0.625" idlems="0.625" threads="0" lastid="000000000086AF00" lastname="Group1.Backend.CompositeBackend{Tier1}.5" />
</exclusive-start>
<af-start id="5032" threadId="000000000086B880" totalBytesRequested="48" timestamp="2020-09-11T13:02:58.333" intervalms="1896.057" type="nursery" />
<cycle-start id="5033" type="scavenge" contextid="0" timestamp="2020-09-11T13:02:58.333" intervalms="1896.053" />
<gc-start id="5034" type="scavenge" contextid="5033" timestamp="2020-09-11T13:02:58.334">
  <mem-info id="5035" free="896097896" total="2765291520" percent="32">
    <mem type="nursery" free="0" total="939524096" percent="0">
      <mem type="allocate" free="0" total="768147456" percent="0" />
      <mem type="survivor" free="0" total="171376640" percent="0" />
    </mem>
    <mem type="tenure" free="896097896" total="1825767424" percent="49">
      <mem type="soa" free="790389344" total="1716220928" percent="46" />
      <mem type="loa" free="105708552" total="109546496" percent="96" />
    </mem>
    <remembered-set count="194047" />
  </mem-info>
</gc-start>
<allocation-stats totalBytes="639374712" >
  <allocated-bytes non-tlh="30581984" tlh="608792728" />
  <largest-consumer threadName="Group1.Backend.CompositeBackend{Tier1}.2" threadId="00000000007EB800" bytes="120689592" />
</allocation-stats>
<gc-op id="5036" type="scavenge" timems="125.515" contextid="5033" timestamp="2020-09-11T13:02:58.459">
  <scavenger-info tenureage="3" tenuremask="7ff8" tiltratio="81" />
  <memory-copied type="nursery" objects="3972512" bytes="105990080" bytesdiscarded="183040" />
  <memory-copied type="tenure" objects="1894538" bytes="51075992" bytesdiscarded="123912" />
  <ownableSynchronizers candidates="3829" cleared="3555" />
  <references type="soft" candidates="162" cleared="0" enqueued="0" dynamicThreshold="17" maxThreshold="32" />
  <references type="weak" candidates="117" cleared="117" enqueued="0" />
</gc-op>
<gc-end id="5037" type="scavenge" contextid="5033" durationms="126.549" usertimems="951.204" systemtimems="0.270" timestamp="2020-09-11T13:02:58.460" activeThreads="8">
  <mem-info id="5038" free="1512322680" total="2765291520" percent="54">
    <mem type="nursery" free="667463664" total="939524096" percent="71">
      <mem type="allocate" free="667463664" total="773718016" percent="86" />
      <mem type="survivor" free="0" total="165806080" percent="0" />
    </mem>
    <mem type="tenure" free="844859016" total="1825767424" percent="46" macro-fragmented="0">
      <mem type="soa" free="739150464" total="1716220928" percent="43" />
      <mem type="loa" free="105708552" total="109546496" percent="96" />
    </mem>
    <remembered-set count="28916" />
  </mem-info>
</gc-end>
<cycle-end id="5039" type="scavenge" contextid="5033" timestamp="2020-09-11T13:02:58.461" />
<allocation-satisfied id="5040" threadId="000000000086AF00" bytesRequested="48" />
<af-end id="5041" timestamp="2020-09-11T13:02:58.461" threadId="000000000086B880" success="true" from="nursery"/>
<exclusive-end id="5042" timestamp="2020-09-11T13:02:58.461" durationms="128.805" />

<exclusive-start id="5043" timestamp="2020-09-11T13:03:00.443" intervalms="2110.707">
  <response-info timems="0.303" idlems="0.303" threads="0" lastid="0000000000819400" lastname="Group1.Backend.CompositeBackend{Tier1}.3" />
</exclusive-start>
<af-start id="5044" threadId="0000000000819D80" totalBytesRequested="16" timestamp="2020-09-11T13:03:00.444" intervalms="2110.594" type="nursery" />
<cycle-start id="5045" type="scavenge" contextid="0" timestamp="2020-09-11T13:03:00.444" intervalms="2110.582" />
<gc-start id="5046" type="scavenge" contextid="5045" timestamp="2020-09-11T13:03:00.444">
  <mem-info id="5047" free="844859016" total="2765291520" percent="30">
    <mem type="nursery" free="0" total="939524096" percent="0">
      <mem type="allocate" free="0" total="773718016" percent="0" />
      <mem type="survivor" free="0" total="165806080" percent="0" />
    </mem>
    <mem type="tenure" free="844859016" total="1825767424" percent="46">
      <mem type="soa" free="739150464" total="1716220928" percent="43" />
      <mem type="loa" free="105708552" total="109546496" percent="96" />
    </mem>
    <remembered-set count="192551" />
  </mem-info>
</gc-start>
<allocation-stats totalBytes="667157576" >
  <allocated-bytes non-tlh="26132456" tlh="641025120" />
  <largest-consumer threadName="Group1.Backend.CompositeBackend{Tier1}.8" threadId="00000000008DD200" bytes="114711232" />
</allocation-stats>
<gc-op id="5048" type="scavenge" timems="117.242" contextid="5045" timestamp="2020-09-11T13:03:00.562">
  <scavenger-info tenureage="3" tenuremask="7ff8" tiltratio="82" />
  <memory-copied type="nursery" objects="3979047" bytes="106603672" bytesdiscarded="144240" />
  <memory-copied type="tenure" objects="983145" bytes="26403632" bytesdiscarded="116224" />
  <ownableSynchronizers candidates="4700" cleared="4426" />
  <references type="soft" candidates="168" cleared="0" enqueued="0" dynamicThreshold="17" maxThreshold="32" />
  <references type="weak" candidates="117" cleared="117" enqueued="0" />
</gc-op>
<gc-end id="5049" type="scavenge" contextid="5045" durationms="118.719" usertimems="806.861" systemtimems="6.268" timestamp="2020-09-11T13:03:00.563" activeThreads="8">
  <mem-info id="5050" free="1494337000" total="2765291520" percent="54">
    <mem type="nursery" free="675990272" total="939524096" percent="71">
      <mem type="allocate" free="675990272" total="782827520" percent="86" />
      <mem type="survivor" free="0" total="156696576" percent="0" />
    </mem>
    <mem type="tenure" free="818346728" total="1825767424" percent="44" macro-fragmented="0">
      <mem type="soa" free="712638176" total="1716220928" percent="41" />
      <mem type="loa" free="105708552" total="109546496" percent="96" />
    </mem>
    <remembered-set count="28735" />
  </mem-info>
</gc-end>
<cycle-end id="5051" type="scavenge" contextid="5045" timestamp="2020-09-11T13:03:00.564" />
<allocation-satisfied id="5052" threadId="0000000000819400" bytesRequested="16" />
<af-end id="5053" timestamp="2020-09-11T13:03:00.564" threadId="0000000000819D80" success="true" from="nursery"/>
<exclusive-end id="5054" timestamp="2020-09-11T13:03:00.564" durationms="121.213" />

<exclusive-start id="5055" timestamp="2020-09-11T13:03:02.417" intervalms="1973.535">
  <response-info timems="0.495" idlems="0.495" threads="0" lastid="0000000000863200" lastname="Group1.Backend.CompositeBackend{Tier1}.4" />
</exclusive-start>
<af-start id="5056" threadId="0000000000863B80" totalBytesRequested="664" timestamp="2020-09-11T13:03:02.417" intervalms="1973.490" type="nursery" />
<cycle-start id="5057" type="scavenge" contextid="0" timestamp="2020-09-11T13:03:02.417" intervalms="1973.499" />
<gc-start id="5058" type="scavenge" contextid="5057" timestamp="2020-09-11T13:03:02.418">
  <mem-info id="5059" free="818346728" total="2765291520" percent="29">
    <mem type="nursery" free="0" total="939524096" percent="0">
      <mem type="allocate" free="0" total="782827520" percent="0" />
      <mem type="survivor" free="0" total="156696576" percent="0" />
    </mem>
    <mem type="tenure" free="818346728" total="1825767424" percent="44">
      <mem type="soa" free="712638176" total="1716220928" percent="41" />
      <mem type="loa" free="105708552" total="109546496" percent="96" />
    </mem>
    <remembered-set count="187655" />
  </mem-info>
</gc-start>
<allocation-stats totalBytes="675675176" >
  <allocated-bytes non-tlh="36130216" tlh="639544960" />
  <largest-consumer threadName="Group1.Backend.CompositeBackend{Tier1}.1" threadId="000000000078C200" bytes="91484904" />
</allocation-stats>
<gc-op id="5060" type="scavenge" timems="121.712" contextid="5057" timestamp="2020-09-11T13:03:02.540">
  <scavenger-info tenureage="3" tenuremask="7ff8" tiltratio="83" />
  <memory-copied type="nursery" objects="3988968" bytes="106859392" bytesdiscarded="179968" />
  <memory-copied type="tenure" objects="1054131" bytes="28325000" bytesdiscarded="97656" />
  <ownableSynchronizers candidates="3558" cleared="3286" />
  <references type="soft" candidates="190" cleared="0" enqueued="0" dynamicThreshold="17" maxThreshold="32" />
  <references type="weak" candidates="109" cleared="108" enqueued="0" />
</gc-op>
<gc-end id="5061" type="scavenge" contextid="5057" durationms="122.986" usertimems="839.610" systemtimems="0.000" timestamp="2020-09-11T13:03:02.541" activeThreads="8">
  <mem-info id="5062" free="1472952824" total="2765291520" percent="53">
    <mem type="nursery" free="683044608" total="939524096" percent="72">
      <mem type="allocate" free="683044608" total="790167552" percent="86" />
      <mem type="survivor" free="0" total="149356544" percent="0" />
    </mem>
    <mem type="tenure" free="789908216" total="1825767424" percent="43" macro-fragmented="0">
      <mem type="soa" free="684199664" total="1716220928" percent="39" />
      <mem type="loa" free="105708552" total="109546496" percent="96" />
    </mem>
    <remembered-set count="28663" />
  </mem-info>
</gc-end>
<cycle-end id="5063" type="scavenge" contextid="5057" timestamp="2020-09-11T13:03:02.542" />
<allocation-satisfied id="5064" threadId="0000000000863200" bytesRequested="664" />
<af-end id="5065" timestamp="2020-09-11T13:03:02.542" threadId="0000000000863B80" success="true" from="nursery"/>
<exclusive-end id="5066" timestamp="2020-09-11T13:03:02.542" durationms="125.607" />

<exclusive-start id="5067" timestamp="2020-09-11T13:03:04.544" intervalms="2127.418">
  <response-info timems="0.898" idlems="0.604" threads="1" lastid="000000000086AF00" lastname="Group1.Backend.CompositeBackend{Tier1}.5" />
</exclusive-start>
<af-start id="5068" threadId="00000000009D0280" totalBytesRequested="16" timestamp="2020-09-11T13:03:04.545" intervalms="2127.584" type="nursery" />
<cycle-start id="5069" type="scavenge" contextid="0" timestamp="2020-09-11T13:03:04.545" intervalms="2127.635" />
<gc-start id="5070" type="scavenge" contextid="5069" timestamp="2020-09-11T13:03:04.545">
  <mem-info id="5071" free="789908216" total="2765291520" percent="28">
    <mem type="nursery" free="0" total="939524096" percent="0">
      <mem type="allocate" free="0" total="790167552" percent="0" />
      <mem type="survivor" free="0" total="149356544" percent="0" />
    </mem>
    <mem type="tenure" free="789908216" total="1825767424" percent="43">
      <mem type="soa" free="684199664" total="1716220928" percent="39" />
      <mem type="loa" free="105708552" total="109546496" percent="96" />
    </mem>
    <remembered-set count="192976" />
  </mem-info>
</gc-start>
<allocation-stats totalBytes="682705960" >
  <allocated-bytes non-tlh="26855480" tlh="655850480" />
  <largest-consumer threadName="Group1.Backend.CompositeBackend{Tier1}.4" threadId="0000000000863200" bytes="133236936" />
</allocation-stats>
<gc-op id="5072" type="scavenge" timems="142.519" contextid="5069" timestamp="2020-09-11T13:03:04.688">
  <scavenger-info tenureage="3" tenuremask="7ff8" tiltratio="84" />
  <memory-copied type="nursery" objects="4563719" bytes="120350416" bytesdiscarded="252872" />
  <memory-copied type="tenure" objects="997228" bytes="26806584" bytesdiscarded="95624" />
  <ownableSynchronizers candidates="3951" cleared="3688" />
  <references type="soft" candidates="183" cleared="0" enqueued="0" dynamicThreshold="17" maxThreshold="32" />
  <references type="weak" candidates="111" cleared="111" enqueued="0" />
</gc-op>
<gc-end id="5073" type="scavenge" contextid="5069" durationms="143.758" usertimems="1034.132" systemtimems="0.000" timestamp="2020-09-11T13:03:04.689" activeThreads="8">
  <mem-info id="5074" free="1432255536" total="2765291520" percent="51">
    <mem type="nursery" free="669351960" total="939524096" percent="71">
      <mem type="allocate" free="669351960" total="790036480" percent="84" />
      <mem type="survivor" free="0" total="149487616" percent="0" />
    </mem>
    <mem type="tenure" free="762903576" total="1825767424" percent="41" macro-fragmented="0">
      <mem type="soa" free="657195024" total="1716220928" percent="38" />
      <mem type="loa" free="105708552" total="109546496" percent="96" />
    </mem>
    <remembered-set count="30519" />
  </mem-info>
</gc-end>
<cycle-end id="5075" type="scavenge" contextid="5069" timestamp="2020-09-11T13:03:04.696" />
<allocation-satisfied id="5076" threadId="00000000009CF900" bytesRequested="16" />
<af-end id="5077" timestamp="2020-09-11T13:03:04.696" threadId="00000000009D0280" success="true" from="nursery"/>
<exclusive-end id="5078" timestamp="2020-09-11T13:03:04.696" durationms="152.445" />

<exclusive-start id="5079" timestamp="2020-09-11T13:03:06.574" intervalms="2030.205">
  <response-info timems="0.858" idlems="0.858" threads="0" lastid="0000000000863200" lastname="Group1.Backend.CompositeBackend{Tier1}.4" />
</exclusive-start>
<af-start id="5080" threadId="0000000000863B80" totalBytesRequested="16" timestamp="2020-09-11T13:03:06.575" intervalms="2030.149" type="nursery" />
<cycle-start id="5081" type="scavenge" contextid="0" timestamp="2020-09-11T13:03:06.575" intervalms="2030.108" />
<gc-start id="5082" type="scavenge" contextid="5081" timestamp="2020-09-11T13:03:06.575">
  <mem-info id="5083" free="762903576" total="2765291520" percent="27">
    <mem type="nursery" free="0" total="939524096" percent="0">
      <mem type="allocate" free="0" total="790036480" percent="0" />
      <mem type="survivor" free="0" total="149487616" percent="0" />
    </mem>
    <mem type="tenure" free="762903576" total="1825767424" percent="41">
      <mem type="soa" free="657195024" total="1716220928" percent="38" />
      <mem type="loa" free="105708552" total="109546496" percent="96" />
    </mem>
    <remembered-set count="190959" />
  </mem-info>
</gc-start>
<allocation-stats totalBytes="669036336" >
  <allocated-bytes non-tlh="33593256" tlh="635443080" />
  <largest-consumer threadName="Group1.Backend.CompositeBackend{Tier1}.4" threadId="0000000000863200" bytes="110587232" />
</allocation-stats>
<gc-op id="5084" type="scavenge" timems="125.746" contextid="5081" timestamp="2020-09-11T13:03:06.701">
  <scavenger-info tenureage="3" tenuremask="7ff8" tiltratio="84" />
  <memory-copied type="nursery" objects="4102029" bytes="109319800" bytesdiscarded="137592" />
  <memory-copied type="tenure" objects="1103647" bytes="29682048" bytesdiscarded="101536" />
  <ownableSynchronizers candidates="4359" cleared="4091" />
  <references type="soft" candidates="180" cleared="0" enqueued="0" dynamicThreshold="17" maxThreshold="32" />
  <references type="weak" candidates="104" cleared="104" enqueued="0" />
</gc-op>
<gc-end id="5085" type="scavenge" contextid="5081" durationms="126.965" usertimems="937.593" systemtimems="7.352" timestamp="2020-09-11T13:03:06.702" activeThreads="8">
  <mem-info id="5086" free="1416680552" total="2765291520" percent="51">
    <mem type="nursery" free="683450872" total="939524096" percent="72">
      <mem type="allocate" free="683450872" total="792985600" percent="86" />
      <mem type="survivor" free="0" total="146538496" percent="0" />
    </mem>
    <mem type="tenure" free="733229680" total="1825767424" percent="40" macro-fragmented="0">
      <mem type="soa" free="627521128" total="1716220928" percent="36" />
      <mem type="loa" free="105708552" total="109546496" percent="96" />
    </mem>
    <remembered-set count="32329" />
  </mem-info>
</gc-end>
<cycle-end id="5087" type="scavenge" contextid="5081" timestamp="2020-09-11T13:03:06.709" />
<allocation-satisfied id="5088" threadId="0000000000863200" bytesRequested="16" />
<af-end id="5089" timestamp="2020-09-11T13:03:06.709" threadId="0000000000863B80" success="true" from="nursery"/>
<exclusive-end id="5090" timestamp="2020-09-11T13:03:06.709" durationms="134.496" />

<exclusive-start id="5091" timestamp="2020-09-11T13:03:08.658" intervalms="2083.516">
  <response-info timems="0.488" idlems="0.488" threads="0" lastid="0000000000863200" lastname="Group1.Backend.CompositeBackend{Tier1}.4" />
</exclusive-start>
<af-start id="5092" threadId="0000000000863B80" totalBytesRequested="520" timestamp="2020-09-11T13:03:08.658" intervalms="2083.438" type="nursery" />
<cycle-start id="5093" type="scavenge" contextid="0" timestamp="2020-09-11T13:03:08.659" intervalms="2083.421" />
<gc-start id="5094" type="scavenge" contextid="5093" timestamp="2020-09-11T13:03:08.659">
  <mem-info id="5095" free="733229680" total="2765291520" percent="26">
    <mem type="nursery" free="0" total="939524096" percent="0">
      <mem type="allocate" free="0" total="792985600" percent="0" />
      <mem type="survivor" free="0" total="146538496" percent="0" />
    </mem>
    <mem type="tenure" free="733229680" total="1825767424" percent="40">
      <mem type="soa" free="627521128" total="1716220928" percent="36" />
      <mem type="loa" free="105708552" total="109546496" percent="96" />
    </mem>
    <remembered-set count="194598" />
  </mem-info>
</gc-start>
<allocation-stats totalBytes="683117944" >
  <allocated-bytes non-tlh="30583712" tlh="652534232" />
  <largest-consumer threadName="Group1.Backend.CompositeBackend{Tier1}.8" threadId="00000000008DD200" bytes="126142360" />
</allocation-stats>
<gc-op id="5096" type="scavenge" timems="146.722" contextid="5093" timestamp="2020-09-11T13:03:08.806">
  <scavenger-info tenureage="3" tenuremask="7ff8" tiltratio="84" />
  <memory-copied type="nursery" objects="4033764" bytes="108401328" bytesdiscarded="279696" />
  <memory-copied type="tenure" objects="1052884" bytes="28293032" bytesdiscarded="101920" />
  <ownableSynchronizers candidates="3389" cleared="3149" />
  <references type="soft" candidates="158" cleared="0" enqueued="0" dynamicThreshold="17" maxThreshold="32" />
  <references type="weak" candidates="132" cleared="132" enqueued="0" />
</gc-op>
<gc-end id="5097" type="scavenge" contextid="5093" durationms="148.226" usertimems="1030.548" systemtimems="11.895" timestamp="2020-09-11T13:03:08.807" activeThreads="8">
  <mem-info id="5098" free="1393744792" total="2765291520" percent="50">
    <mem type="nursery" free="689071808" total="939524096" percent="73">
      <mem type="allocate" free="689071808" total="797835264" percent="86" />
      <mem type="survivor" free="0" total="141688832" percent="0" />
    </mem>
    <mem type="tenure" free="704672984" total="1825767424" percent="38" macro-fragmented="0">
      <mem type="soa" free="598964432" total="1716220928" percent="34" />
      <mem type="loa" free="105708552" total="109546496" percent="96" />
    </mem>
    <remembered-set count="30391" />
  </mem-info>
</gc-end>
<cycle-end id="5099" type="scavenge" contextid="5093" timestamp="2020-09-11T13:03:08.816" />
<allocation-satisfied id="5100" threadId="0000000000863200" bytesRequested="520" />
<af-end id="5101" timestamp="2020-09-11T13:03:08.817" threadId="0000000000863B80" success="true" from="nursery"/>
<exclusive-end id="5102" timestamp="2020-09-11T13:03:08.817" durationms="159.120" />

<exclusive-start id="5103" timestamp="2020-09-11T13:03:10.702" intervalms="2044.637">
  <response-info timems="9.884" idlems="9.884" threads="0" lastid="0000000000863200" lastname="Group1.Backend.CompositeBackend{Tier1}.4" />
</exclusive-start>
<af-start id="5104" threadId="0000000000863B80" totalBytesRequested="24" timestamp="2020-09-11T13:03:10.703" intervalms="2044.933" type="nursery" />
<cycle-start id="5105" type="scavenge" contextid="0" timestamp="2020-09-11T13:03:10.704" intervalms="2045.042" />
<gc-start id="5106" type="scavenge" contextid="5105" timestamp="2020-09-11T13:03:10.704">
  <mem-info id="5107" free="704672984" total="2765291520" percent="25">
    <mem type="nursery" free="0" total="939524096" percent="0">
      <mem type="allocate" free="0" total="797835264" percent="0" />
      <mem type="survivor" free="0" total="141688832" percent="0" />
    </mem>
    <mem type="tenure" free="704672984" total="1825767424" percent="38">
      <mem type="soa" free="598964432" total="1716220928" percent="34" />
      <mem type="loa" free="105708552" total="109546496" percent="96" />
    </mem>
    <remembered-set count="193016" />
  </mem-info>
</gc-start>
<allocation-stats totalBytes="688735888" >
  <allocated-bytes non-tlh="34049920" tlh="654685968" />
  <largest-consumer threadName="Group1.Backend.CompositeBackend{Tier1}.7" threadId="00000000008C3100" bytes="88283664" />
</allocation-stats>
<gc-op id="5108" type="scavenge" timems="114.312" contextid="5105" timestamp="2020-09-11T13:03:10.818">
  <scavenger-info tenureage="3" tenuremask="7ff8" tiltratio="84" />
  <memory-copied type="nursery" objects="4171878" bytes="111287360" bytesdiscarded="210872" />
  <memory-copied type="tenure" objects="1131146" bytes="30403656" bytesdiscarded="109392" />
  <ownableSynchronizers candidates="3858" cleared="3619" />
  <references type="soft" candidates="168" cleared="0" enqueued="0" dynamicThreshold="17" maxThreshold="32" />
  <references type="weak" candidates="127" cleared="127" enqueued="0" />
</gc-op>
<gc-end id="5109" type="scavenge" contextid="5105" durationms="115.324" usertimems="833.151" systemtimems="6.723" timestamp="2020-09-11T13:03:10.819" activeThreads="8">
  <mem-info id="5110" free="1363333072" total="2765291520" percent="49">
    <mem type="nursery" free="689006808" total="939524096" percent="73">
      <mem type="allocate" free="689006808" total="800587776" percent="86" />
      <mem type="survivor" free="0" total="138936320" percent="0" />
    </mem>
    <mem type="tenure" free="674326264" total="1825767424" percent="36" macro-fragmented="0">
      <mem type="soa" free="568617712" total="1716220928" percent="33" />
      <mem type="loa" free="105708552" total="109546496" percent="96" />
    </mem>
    <remembered-set count="30435" />
  </mem-info>
</gc-end>
<cycle-end id="5111" type="scavenge" contextid="5105" timestamp="2020-09-11T13:03:10.825" />
<allocation-satisfied id="5112" threadId="0000000000863200" bytesRequested="24" />
<af-end id="5113" timestamp="2020-09-11T13:03:10.825" threadId="0000000000863B80" success="true" from="nursery"/>
<exclusive-end id="5114" timestamp="2020-09-11T13:03:10.825" durationms="123.131" />

<exclusive-start id="5115" timestamp="2020-09-11T13:03:12.793" intervalms="2090.310">
  <response-info timems="1.832" idlems="1.825" threads="1" lastid="0000000000819400" lastname="Group1.Backend.CompositeBackend{Tier1}.3" />
</exclusive-start>
<af-start id="5116" threadId="000000000078CB80" totalBytesRequested="32" timestamp="2020-09-11T13:03:12.794" intervalms="2090.347" type="nursery" />
<cycle-start id="5117" type="scavenge" contextid="0" timestamp="2020-09-11T13:03:12.794" intervalms="2090.347" />
<gc-start id="5118" type="scavenge" contextid="5117" timestamp="2020-09-11T13:03:12.794">
  <mem-info id="5119" free="674326264" total="2765291520" percent="24">
    <mem type="nursery" free="0" total="939524096" percent="0">
      <mem type="allocate" free="0" total="800587776" percent="0" />
      <mem type="survivor" free="0" total="138936320" percent="0" />
    </mem>
    <mem type="tenure" free="674326264" total="1825767424" percent="36">
      <mem type="soa" free="568617712" total="1716220928" percent="33" />
      <mem type="loa" free="105708552" total="109546496" percent="96" />
    </mem>
    <remembered-set count="191872" />
  </mem-info>
</gc-start>
<allocation-stats totalBytes="688676048" >
  <allocated-bytes non-tlh="33759816" tlh="654916232" />
  <largest-consumer threadName="Group1.Backend.CompositeBackend{Tier1}.3" threadId="0000000000819400" bytes="99986776" />
</allocation-stats>
<gc-op id="5120" type="scavenge" timems="128.341" contextid="5117" timestamp="2020-09-11T13:03:12.923">
  <scavenger-info tenureage="3" tenuremask="7ff8" tiltratio="85" />
  <memory-copied type="nursery" objects="4265349" bytes="113981424" bytesdiscarded="266232" />
  <memory-copied type="tenure" objects="1048928" bytes="28183520" bytesdiscarded="109360" />
  <ownableSynchronizers candidates="4004" cleared="3757" />
  <references type="soft" candidates="179" cleared="0" enqueued="0" dynamicThreshold="17" maxThreshold="32" />
  <references type="weak" candidates="118" cleared="118" enqueued="0" />
</gc-op>
<gc-end id="5121" type="scavenge" contextid="5117" durationms="129.608" usertimems="921.003" systemtimems="6.396" timestamp="2020-09-11T13:03:12.924" activeThreads="8">
  <mem-info id="5122" free="1333827368" total="2765291520" percent="48">
    <mem type="nursery" free="687894744" total="939524096" percent="73">
      <mem type="allocate" free="687894744" total="802226176" percent="85" />
      <mem type="survivor" free="0" total="137297920" percent="0" />
    </mem>
    <mem type="tenure" free="645932624" total="1825767424" percent="35" macro-fragmented="0">
      <mem type="soa" free="540224072" total="1716220928" percent="31" />
      <mem type="loa" free="105708552" total="109546496" percent="96" />
    </mem>
    <remembered-set count="28803" />
  </mem-info>
</gc-end>
<cycle-end id="5123" type="scavenge" contextid="5117" timestamp="2020-09-11T13:03:12.930" />
<allocation-satisfied id="5124" threadId="000000000078C200" bytesRequested="32" />
<af-end id="5125" timestamp="2020-09-11T13:03:12.930" threadId="000000000078CB80" success="true" from="nursery"/>
<exclusive-end id="5126" timestamp="2020-09-11T13:03:12.931" durationms="137.988" />

<exclusive-start id="5127" timestamp="2020-09-11T13:03:14.981" intervalms="2188.673">
  <response-info timems="2.223" idlems="2.223" threads="0" lastid="0000000000863200" lastname="Group1.Backend.CompositeBackend{Tier1}.4" />
</exclusive-start>
<af-start id="5128" threadId="0000000000863B80" totalBytesRequested="120" timestamp="2020-09-11T13:03:14.982" intervalms="2188.660" type="nursery" />
<cycle-start id="5129" type="scavenge" contextid="0" timestamp="2020-09-11T13:03:14.983" intervalms="2188.629" />
<gc-start id="5130" type="scavenge" contextid="5129" timestamp="2020-09-11T13:03:14.983">
  <mem-info id="5131" free="645932624" total="2765291520" percent="23">
    <mem type="nursery" free="0" total="939524096" percent="0">
      <mem type="allocate" free="0" total="802226176" percent="0" />
      <mem type="survivor" free="0" total="137297920" percent="0" />
    </mem>
    <mem type="tenure" free="645932624" total="1825767424" percent="35">
      <mem type="soa" free="540224072" total="1716220928" percent="31" />
      <mem type="loa" free="105708552" total="109546496" percent="96" />
    </mem>
    <remembered-set count="194750" />
  </mem-info>
</gc-start>
<allocation-stats totalBytes="687568352" >
  <allocated-bytes non-tlh="25626624" tlh="661941728" />
  <largest-consumer threadName="Group1.Backend.CompositeBackend{Tier1}.7" threadId="00000000008C3100" bytes="118281040" />
</allocation-stats>
<gc-op id="5132" type="scavenge" timems="120.333" contextid="5129" timestamp="2020-09-11T13:03:15.103">
  <scavenger-info tenureage="3" tenuremask="7ff8" tiltratio="85" />
  <memory-copied type="nursery" objects="4348433" bytes="115615840" bytesdiscarded="190432" />
  <memory-copied type="tenure" objects="1092637" bytes="29505344" bytesdiscarded="111544" />
  <ownableSynchronizers candidates="3589" cleared="3354" />
  <references type="soft" candidates="194" cleared="0" enqueued="0" dynamicThreshold="17" maxThreshold="32" />
  <references type="weak" candidates="102" cleared="102" enqueued="0" />
</gc-op>
<gc-end id="5133" type="scavenge" contextid="5129" durationms="121.503" usertimems="869.352" systemtimems="0.000" timestamp="2020-09-11T13:03:15.104" activeThreads="8">
  <mem-info id="5134" free="1307465816" total="2765291520" percent="47">
    <mem type="nursery" free="691110136" total="939524096" percent="73">
      <mem type="allocate" free="691110136" total="807010304" percent="85" />
      <mem type="survivor" free="0" total="132513792" percent="0" />
    </mem>
    <mem type="tenure" free="616355680" total="1825767424" percent="33" macro-fragmented="0">
      <mem type="soa" free="510647128" total="1716220928" percent="29" />
      <mem type="loa" free="105708552" total="109546496" percent="96" />
    </mem>
    <remembered-set count="29257" />
  </mem-info>
</gc-end>
<cycle-end id="5135" type="scavenge" contextid="5129" timestamp="2020-09-11T13:03:15.106" />
<allocation-satisfied id="5136" threadId="0000000000863200" bytesRequested="120" />
<af-end id="5137" timestamp="2020-09-11T13:03:15.106" threadId="0000000000863B80" success="true" from="nursery"/>
<exclusive-end id="5138" timestamp="2020-09-11T13:03:15.106" durationms="124.335" />

<exclusive-start id="5139" timestamp="2020-09-11T13:03:17.008" intervalms="2026.977">
  <response-info timems="2.723" idlems="2.723" threads="0" lastid="000000000078C200" lastname="Group1.Backend.CompositeBackend{Tier1}.1" />
</exclusive-start>
<af-start id="5140" threadId="000000000078CB80" totalBytesRequested="1032" timestamp="2020-09-11T13:03:17.010" intervalms="2027.119" type="nursery" />
<cycle-start id="5141" type="scavenge" contextid="0" timestamp="2020-09-11T13:03:17.010" intervalms="2027.100" />
<gc-start id="5142" type="scavenge" contextid="5141" timestamp="2020-09-11T13:03:17.010">
  <mem-info id="5143" free="616355680" total="2765291520" percent="22">
    <mem type="nursery" free="0" total="939524096" percent="0">
      <mem type="allocate" free="0" total="807010304" percent="0" />
      <mem type="survivor" free="0" total="132513792" percent="0" />
    </mem>
    <mem type="tenure" free="616355680" total="1825767424" percent="33">
      <mem type="soa" free="510647128" total="1716220928" percent="29" />
      <mem type="loa" free="105708552" total="109546496" percent="96" />
    </mem>
    <remembered-set count="191402" />
  </mem-info>
</gc-start>
<allocation-stats totalBytes="690769144" >
  <allocated-bytes non-tlh="36122200" tlh="654646944" />
  <largest-consumer threadName="Group1.Backend.CompositeBackend{Tier1}.1" threadId="000000000078C200" bytes="123540648" />
</allocation-stats>
<gc-op id="5144" type="scavenge" timems="161.315" contextid="5141" timestamp="2020-09-11T13:03:17.172">
  <scavenger-info tenureage="3" tenuremask="7ff8" tiltratio="85" />
  <memory-copied type="nursery" objects="4171361" bytes="111771032" bytesdiscarded="186800" />
  <memory-copied type="tenure" objects="1097111" bytes="29475384" bytesdiscarded="106336" />
  <ownableSynchronizers candidates="3459" cleared="3218" />
  <references type="soft" candidates="200" cleared="0" enqueued="0" dynamicThreshold="17" maxThreshold="32" />
  <references type="weak" candidates="117" cleared="117" enqueued="0" />
</gc-op>
<gc-end id="5145" type="scavenge" contextid="5141" durationms="162.559" usertimems="1126.309" systemtimems="35.346" timestamp="2020-09-11T13:03:17.173" activeThreads="8">
  <mem-info id="5146" free="1282257760" total="2765291520" percent="46">
    <mem type="nursery" free="695553016" total="939524096" percent="74">
      <mem type="allocate" free="695553016" total="807600128" percent="86" />
      <mem type="survivor" free="0" total="131923968" percent="0" />
    </mem>
    <mem type="tenure" free="586704744" total="1825767424" percent="32" macro-fragmented="0">
      <mem type="soa" free="480996192" total="1716220928" percent="28" />
      <mem type="loa" free="105708552" total="109546496" percent="96" />
    </mem>
    <remembered-set count="29635" />
  </mem-info>
</gc-end>
<cycle-end id="5147" type="scavenge" contextid="5141" timestamp="2020-09-11T13:03:17.174" />
<allocation-satisfied id="5148" threadId="000000000078C200" bytesRequested="1032" />
<af-end id="5149" timestamp="2020-09-11T13:03:17.174" threadId="000000000078CB80" success="true" from="nursery"/>
<exclusive-end id="5150" timestamp="2020-09-11T13:03:17.174" durationms="165.668" />

<exclusive-start id="5151" timestamp="2020-09-11T13:03:19.183" intervalms="2174.446">
  <response-info timems="6.980" idlems="6.980" threads="0" lastid="0000000000A8FC00" lastname="Group1.Backend.CompositeBackend{Tier3}.3" />
</exclusive-start>
<af-start id="5152" threadId="0000000000A90580" totalBytesRequested="536" timestamp="2020-09-11T13:03:19.184" intervalms="2174.501" type="nursery" />
<cycle-start id="5153" type="scavenge" contextid="0" timestamp="2020-09-11T13:03:19.184" intervalms="2174.742" />
<gc-start id="5154" type="scavenge" contextid="5153" timestamp="2020-09-11T13:03:19.185">
  <mem-info id="5155" free="586704744" total="2765291520" percent="21">
    <mem type="nursery" free="0" total="939524096" percent="0">
      <mem type="allocate" free="0" total="807600128" percent="0" />
      <mem type="survivor" free="0" total="131923968" percent="0" />
    </mem>
    <mem type="tenure" free="586704744" total="1825767424" percent="32">
      <mem type="soa" free="480996192" total="1716220928" percent="28" />
      <mem type="loa" free="105708552" total="109546496" percent="96" />
    </mem>
    <remembered-set count="194710" />
  </mem-info>
</gc-start>
<allocation-stats totalBytes="695225712" >
  <allocated-bytes non-tlh="32547848" tlh="662677864" />
  <largest-consumer threadName="Group1.Backend.CompositeBackend{Tier1}.3" threadId="0000000000819400" bytes="97840776" />
</allocation-stats>
<gc-op id="5156" type="scavenge" timems="128.209" contextid="5153" timestamp="2020-09-11T13:03:19.313">
  <scavenger-info tenureage="3" tenuremask="7ff8" tiltratio="85" />
  <memory-copied type="nursery" objects="4158683" bytes="111475880" bytesdiscarded="208144" />
  <memory-copied type="tenure" objects="1096173" bytes="29474184" bytesdiscarded="119736" />
  <ownableSynchronizers candidates="3251" cleared="3017" />
  <references type="soft" candidates="181" cleared="0" enqueued="0" dynamicThreshold="17" maxThreshold="32" />
  <references type="weak" candidates="104" cleared="103" enqueued="0" />
</gc-op>
<gc-end id="5157" type="scavenge" contextid="5153" durationms="129.453" usertimems="952.063" systemtimems="3.986" timestamp="2020-09-11T13:03:19.314" activeThreads="8">
  <mem-info id="5158" free="1254337760" total="2765291520" percent="45">
    <mem type="nursery" free="697143808" total="939524096" percent="74">
      <mem type="allocate" free="697143808" total="808910848" percent="86" />
      <mem type="survivor" free="0" total="130613248" percent="0" />
    </mem>
    <mem type="tenure" free="557193952" total="1825767424" percent="30" macro-fragmented="0">
      <mem type="soa" free="451485400" total="1716220928" percent="26" />
      <mem type="loa" free="105708552" total="109546496" percent="96" />
    </mem>
    <remembered-set count="31216" />
  </mem-info>
</gc-end>
<cycle-end id="5159" type="scavenge" contextid="5153" timestamp="2020-09-11T13:03:19.316" />
<allocation-satisfied id="5160" threadId="0000000000A8FC00" bytesRequested="536" />
<af-end id="5161" timestamp="2020-09-11T13:03:19.316" threadId="0000000000A90580" success="true" from="nursery"/>
<exclusive-end id="5162" timestamp="2020-09-11T13:03:19.316" durationms="132.956" />

<exclusive-start id="5163" timestamp="2020-09-11T13:03:21.266" intervalms="2083.454">
  <response-info timems="0.883" idlems="0.462" threads="1" lastid="0000000000AA3700" lastname="Group1.Backend.CompositeBackend{Tier3}.7" />
</exclusive-start>
<af-start id="5164" threadId="00000000007EC180" totalBytesRequested="1032" timestamp="2020-09-11T13:03:21.267" intervalms="2082.819" type="nursery" />
<cycle-start id="5165" type="scavenge" contextid="0" timestamp="2020-09-11T13:03:21.267" intervalms="2082.516" />
<gc-start id="5166" type="scavenge" contextid="5165" timestamp="2020-09-11T13:03:21.267">
  <mem-info id="5167" free="557193952" total="2765291520" percent="20">
    <mem type="nursery" free="0" total="939524096" percent="0">
      <mem type="allocate" free="0" total="808910848" percent="0" />
      <mem type="survivor" free="0" total="130613248" percent="0" />
    </mem>
    <mem type="tenure" free="557193952" total="1825767424" percent="30">
      <mem type="soa" free="451485400" total="1716220928" percent="26" />
      <mem type="loa" free="105708552" total="109546496" percent="96" />
    </mem>
    <remembered-set count="196948" />
  </mem-info>
</gc-start>
<allocation-stats totalBytes="696810744" >
  <allocated-bytes non-tlh="30793440" tlh="666017304" />
  <largest-consumer threadName="Group1.Backend.CompositeBackend{Tier1}.2" threadId="00000000007EB800" bytes="133025488" />
</allocation-stats>
<gc-op id="5168" type="scavenge" timems="148.834" contextid="5165" timestamp="2020-09-11T13:03:21.416">
  <scavenger-info tenureage="3" tenuremask="7ff8" tiltratio="86" />
  <memory-copied type="nursery" objects="4138035" bytes="110868848" bytesdiscarded="191728" />
  <memory-copied type="tenure" objects="1133046" bytes="30482288" bytesdiscarded="122304" />
  <ownableSynchronizers candidates="4329" cleared="4091" />
  <references type="soft" candidates="184" cleared="0" enqueued="0" dynamicThreshold="17" maxThreshold="32" />
  <references type="weak" candidates="108" cleared="108" enqueued="0" />
</gc-op>
<gc-end id="5169" type="scavenge" contextid="5165" durationms="149.704" usertimems="1033.436" systemtimems="14.915" timestamp="2020-09-11T13:03:21.417" activeThreads="8">
  <mem-info id="5170" free="1225537128" total="2765291520" percent="44">
    <mem type="nursery" free="698943232" total="939524096" percent="74">
      <mem type="allocate" free="698943232" total="810090496" percent="86" />
      <mem type="survivor" free="0" total="129433600" percent="0" />
    </mem>
    <mem type="tenure" free="526593896" total="1825767424" percent="28" macro-fragmented="0">
      <mem type="soa" free="420885344" total="1716220928" percent="24" />
      <mem type="loa" free="105708552" total="109546496" percent="96" />
    </mem>
    <remembered-set count="33172" />
  </mem-info>
</gc-end>
<cycle-end id="5171" type="scavenge" contextid="5165" timestamp="2020-09-11T13:03:21.420" />
<allocation-satisfied id="5172" threadId="00000000007EB800" bytesRequested="1032" />
<af-end id="5173" timestamp="2020-09-11T13:03:21.420" threadId="00000000007EC180" success="true" from="nursery"/>
<exclusive-end id="5174" timestamp="2020-09-11T13:03:21.420" durationms="153.679" />

<exclusive-start id="5175" timestamp="2020-09-11T13:03:23.418" intervalms="2151.631">
  <response-info timems="0.728" idlems="0.728" threads="0" lastid="0000000000819400" lastname="Group1.Backend.CompositeBackend{Tier1}.3" />
</exclusive-start>
<af-start id="5176" threadId="0000000000819D80" totalBytesRequested="120" timestamp="2020-09-11T13:03:23.419" intervalms="2151.763" type="nursery" />
<cycle-start id="5177" type="scavenge" contextid="0" timestamp="2020-09-11T13:03:23.419" intervalms="2151.770" />
<gc-start id="5178" type="scavenge" contextid="5177" timestamp="2020-09-11T13:03:23.419">
  <mem-info id="5179" free="526593896" total="2765291520" percent="19">
    <mem type="nursery" free="0" total="939524096" percent="0">
      <mem type="allocate" free="0" total="810090496" percent="0" />
      <mem type="survivor" free="0" total="129433600" percent="0" />
    </mem>
    <mem type="tenure" free="526593896" total="1825767424" percent="28">
      <mem type="soa" free="420885344" total="1716220928" percent="24" />
      <mem type="loa" free="105708552" total="109546496" percent="96" />
    </mem>
    <remembered-set count="196972" />
  </mem-info>
</gc-start>
<allocation-stats totalBytes="698601200" >
  <allocated-bytes non-tlh="32651880" tlh="665949320" />
  <largest-consumer threadName="Group1.Backend.CompositeBackend{Tier1}.8" threadId="00000000008DD200" bytes="99633680" />
</allocation-stats>
<gc-op id="5180" type="scavenge" timems="109.431" contextid="5177" timestamp="2020-09-11T13:03:23.529">
  <scavenger-info tenureage="3" tenuremask="7ff8" tiltratio="86" />
  <memory-copied type="nursery" objects="4382984" bytes="116420752" bytesdiscarded="152824" />
  <memory-copied type="tenure" objects="1079703" bytes="29012992" bytesdiscarded="131480" />
  <ownableSynchronizers candidates="3656" cleared="3420" />
  <references type="soft" candidates="171" cleared="0" enqueued="0" dynamicThreshold="17" maxThreshold="32" />
  <references type="weak" candidates="123" cleared="123" enqueued="0" />
</gc-op>
<gc-end id="5181" type="scavenge" contextid="5177" durationms="110.558" usertimems="795.827" systemtimems="0.000" timestamp="2020-09-11T13:03:23.529" activeThreads="8">
  <mem-info id="5182" free="1185156384" total="2765291520" percent="42">
    <mem type="nursery" free="687662072" total="939524096" percent="73">
      <mem type="allocate" free="687662072" total="804323328" percent="85" />
      <mem type="survivor" free="0" total="135200768" percent="0" />
    </mem>
    <mem type="tenure" free="497494312" total="1825767424" percent="27" macro-fragmented="0">
      <mem type="soa" free="391785760" total="1716220928" percent="22" />
      <mem type="loa" free="105708552" total="109546496" percent="96" />
    </mem>
    <remembered-set count="34046" />
  </mem-info>
</gc-end>
<cycle-end id="5183" type="scavenge" contextid="5177" timestamp="2020-09-11T13:03:23.530" />
<allocation-satisfied id="5184" threadId="0000000000819400" bytesRequested="120" />
<af-end id="5185" timestamp="2020-09-11T13:03:23.530" threadId="0000000000819D80" success="true" from="nursery"/>
<exclusive-end id="5186" timestamp="2020-09-11T13:03:23.530" durationms="112.666" />

<exclusive-start id="5187" timestamp="2020-09-11T13:03:25.482" intervalms="2063.957">
  <response-info timems="0.476" idlems="0.476" threads="0" lastid="00000000007EB800" lastname="Group1.Backend.CompositeBackend{Tier1}.2" />
</exclusive-start>
<af-start id="5188" threadId="00000000007EC180" totalBytesRequested="16" timestamp="2020-09-11T13:03:25.483" intervalms="2064.096" type="nursery" />
<cycle-start id="5189" type="scavenge" contextid="0" timestamp="2020-09-11T13:03:25.483" intervalms="2064.139" />
<gc-start id="5190" type="scavenge" contextid="5189" timestamp="2020-09-11T13:03:25.483">
  <mem-info id="5191" free="497494312" total="2765291520" percent="17">
    <mem type="nursery" free="0" total="939524096" percent="0">
      <mem type="allocate" free="0" total="804323328" percent="0" />
      <mem type="survivor" free="0" total="135200768" percent="0" />
    </mem>
    <mem type="tenure" free="497494312" total="1825767424" percent="27">
      <mem type="soa" free="391785760" total="1716220928" percent="22" />
      <mem type="loa" free="105708552" total="109546496" percent="96" />
    </mem>
    <remembered-set count="197944" />
  </mem-info>
</gc-start>
<allocation-stats totalBytes="687333736" >
  <allocated-bytes non-tlh="33333568" tlh="654000168" />
  <largest-consumer threadName="Group1.Backend.CompositeBackend{Tier1}.7" threadId="00000000008C3100" bytes="94810568" />
</allocation-stats>
<gc-op id="5192" type="scavenge" timems="117.311" contextid="5189" timestamp="2020-09-11T13:03:25.601">
  <scavenger-info tenureage="3" tenuremask="7ff8" tiltratio="85" />
  <memory-copied type="nursery" objects="4204510" bytes="112576624" bytesdiscarded="171784" />
  <memory-copied type="tenure" objects="1097698" bytes="29464384" bytesdiscarded="101416" />
  <ownableSynchronizers candidates="2980" cleared="2750" />
  <references type="soft" candidates="180" cleared="0" enqueued="0" dynamicThreshold="17" maxThreshold="32" />
  <references type="weak" candidates="104" cleared="104" enqueued="0" />
</gc-op>
<gc-end id="5193" type="scavenge" contextid="5189" durationms="118.459" usertimems="868.101" systemtimems="0.000" timestamp="2020-09-11T13:03:25.602" activeThreads="8">
  <mem-info id="5194" free="1160425160" total="2765291520" percent="41">
    <mem type="nursery" free="692468216" total="939524096" percent="73">
      <mem type="allocate" free="692468216" total="805306368" percent="85" />
      <mem type="survivor" free="0" total="134217728" percent="0" />
    </mem>
    <mem type="tenure" free="467956944" total="1825767424" percent="25" macro-fragmented="0">
      <mem type="soa" free="362248392" total="1716220928" percent="21" />
      <mem type="loa" free="105708552" total="109546496" percent="96" />
    </mem>
    <remembered-set count="32664" />
  </mem-info>
</gc-end>
<cycle-end id="5195" type="scavenge" contextid="5189" timestamp="2020-09-11T13:03:25.603" />
<allocation-satisfied id="5196" threadId="00000000007EB800" bytesRequested="16" />
<af-end id="5197" timestamp="2020-09-11T13:03:25.603" threadId="00000000007EC180" success="true" from="nursery"/>
<exclusive-end id="5198" timestamp="2020-09-11T13:03:25.603" durationms="120.866" />

<exclusive-start id="5199" timestamp="2020-09-11T13:03:27.583" intervalms="2101.642">
  <response-info timems="0.520" idlems="0.383" threads="2" lastid="00000000007EB800" lastname="Group1.Backend.CompositeBackend{Tier1}.2" />
</exclusive-start>
<af-start id="5200" threadId="0000000000819D80" totalBytesRequested="16" timestamp="2020-09-11T13:03:27.584" intervalms="2101.457" type="nursery" />
<cycle-start id="5201" type="scavenge" contextid="0" timestamp="2020-09-11T13:03:27.584" intervalms="2101.415" />
<gc-start id="5202" type="scavenge" contextid="5201" timestamp="2020-09-11T13:03:27.585">
  <mem-info id="5203" free="467956944" total="2765291520" percent="16">
    <mem type="nursery" free="0" total="939524096" percent="0">
      <mem type="allocate" free="0" total="805306368" percent="0" />
      <mem type="survivor" free="0" total="134217728" percent="0" />
    </mem>
    <mem type="tenure" free="467956944" total="1825767424" percent="25">
      <mem type="soa" free="362248392" total="1716220928" percent="21" />
      <mem type="loa" free="105708552" total="109546496" percent="96" />
    </mem>
    <remembered-set count="196412" />
  </mem-info>
</gc-start>
<allocation-stats totalBytes="692136368" >
  <allocated-bytes non-tlh="29855664" tlh="662280704" />
  <largest-consumer threadName="Group1.Backend.CompositeBackend{Tier1}.5" threadId="000000000086AF00" bytes="116948736" />
</allocation-stats>
<gc-op id="5204" type="scavenge" timems="112.460" contextid="5201" timestamp="2020-09-11T13:03:27.697">
  <scavenger-info tenureage="3" tenuremask="7ff8" tiltratio="85" />
  <memory-copied type="nursery" objects="4264415" bytes="113689464" bytesdiscarded="133904" />
  <memory-copied type="tenure" objects="1108339" bytes="29774896" bytesdiscarded="132600" />
  <ownableSynchronizers candidates="4279" cleared="4026" />
  <references type="soft" candidates="180" cleared="0" enqueued="0" dynamicThreshold="17" maxThreshold="32" />
  <references type="weak" candidates="106" cleared="106" enqueued="0" />
</gc-op>
<gc-end id="5205" type="scavenge" contextid="5201" durationms="113.299" usertimems="847.374" systemtimems="0.000" timestamp="2020-09-11T13:03:27.698" activeThreads="8">
  <mem-info id="5206" free="1130491120" total="2765291520" percent="40">
    <mem type="nursery" free="692515856" total="939524096" percent="73">
      <mem type="allocate" free="692515856" total="806420480" percent="85" />
      <mem type="survivor" free="0" total="133103616" percent="0" />
    </mem>
    <mem type="tenure" free="437975264" total="1825767424" percent="23" macro-fragmented="0">
      <mem type="soa" free="332266712" total="1716220928" percent="19" />
      <mem type="loa" free="105708552" total="109546496" percent="96" />
    </mem>
    <remembered-set count="31094" />
  </mem-info>
</gc-end>
<cycle-end id="5207" type="scavenge" contextid="5201" timestamp="2020-09-11T13:03:27.699" />
<allocation-satisfied id="5208" threadId="0000000000819400" bytesRequested="16" />
<af-end id="5209" timestamp="2020-09-11T13:03:27.699" threadId="0000000000819D80" success="true" from="nursery"/>
<exclusive-end id="5210" timestamp="2020-09-11T13:03:27.699" durationms="115.533" />

<exclusive-start id="5211" timestamp="2020-09-11T13:03:29.677" intervalms="2093.600">
  <response-info timems="0.566" idlems="0.566" threads="0" lastid="00000000008C3100" lastname="Group1.Backend.CompositeBackend{Tier1}.7" />
</exclusive-start>
<af-start id="5212" threadId="00000000008C3A80" totalBytesRequested="524296" timestamp="2020-09-11T13:03:29.678" intervalms="2093.627" type="nursery" />
<cycle-start id="5213" type="scavenge" contextid="0" timestamp="2020-09-11T13:03:29.678" intervalms="2093.642" />
<gc-start id="5214" type="scavenge" contextid="5213" timestamp="2020-09-11T13:03:29.678">
  <mem-info id="5215" free="438285208" total="2765291520" percent="15">
    <mem type="nursery" free="309944" total="939524096" percent="0">
      <mem type="allocate" free="309944" total="806420480" percent="0" />
      <mem type="survivor" free="0" total="133103616" percent="0" />
    </mem>
    <mem type="tenure" free="437975264" total="1825767424" percent="23">
      <mem type="soa" free="332266712" total="1716220928" percent="19" />
      <mem type="loa" free="105708552" total="109546496" percent="96" />
    </mem>
    <remembered-set count="192946" />
  </mem-info>
</gc-start>
<allocation-stats totalBytes="691883968" >
  <allocated-bytes non-tlh="31858120" tlh="660025848" />
  <largest-consumer threadName="Group1.Backend.CompositeBackend{Tier1}.7" threadId="00000000008C3100" bytes="92358728" />
</allocation-stats>
<gc-op id="5216" type="scavenge" timems="101.593" contextid="5213" timestamp="2020-09-11T13:03:29.780">
  <scavenger-info tenureage="3" tenuremask="7ff8" tiltratio="85" />
  <memory-copied type="nursery" objects="4219481" bytes="112345928" bytesdiscarded="157048" />
  <memory-copied type="tenure" objects="1092163" bytes="29353888" bytesdiscarded="122328" />
  <ownableSynchronizers candidates="4417" cleared="4160" />
  <references type="soft" candidates="187" cleared="0" enqueued="0" dynamicThreshold="17" maxThreshold="32" />
  <references type="weak" candidates="124" cleared="124" enqueued="0" />
</gc-op>
<gc-end id="5217" type="scavenge" contextid="5213" durationms="102.889" usertimems="763.296" systemtimems="0.000" timestamp="2020-09-11T13:03:29.781" activeThreads="8">
  <mem-info id="5218" free="1103472960" total="2765291520" percent="39">
    <mem type="nursery" free="694950136" total="939524096" percent="73">
      <mem type="allocate" free="694950136" total="807534592" percent="86" />
      <mem type="survivor" free="0" total="131989504" percent="0" />
    </mem>
    <mem type="tenure" free="408522824" total="1825767424" percent="22" macro-fragmented="0">
      <mem type="soa" free="302814272" total="1716220928" percent="17" />
      <mem type="loa" free="105708552" total="109546496" percent="96" />
    </mem>
    <remembered-set count="30304" />
  </mem-info>
</gc-end>
<cycle-end id="5219" type="scavenge" contextid="5213" timestamp="2020-09-11T13:03:29.782" />
<allocation-satisfied id="5220" threadId="00000000008C3100" bytesRequested="524296" />
<af-end id="5221" timestamp="2020-09-11T13:03:29.783" threadId="00000000008C3A80" success="true" from="nursery"/>
<exclusive-end id="5222" timestamp="2020-09-11T13:03:29.783" durationms="105.495" />

<exclusive-start id="5223" timestamp="2020-09-11T13:03:31.777" intervalms="2100.049">
  <response-info timems="0.466" idlems="0.466" threads="0" lastid="00000000007EB800" lastname="Group1.Backend.CompositeBackend{Tier1}.2" />
</exclusive-start>
<af-start id="5224" threadId="00000000007EC180" totalBytesRequested="32" timestamp="2020-09-11T13:03:31.778" intervalms="2100.106" type="nursery" />
<cycle-start id="5225" type="scavenge" contextid="0" timestamp="2020-09-11T13:03:31.778" intervalms="2100.091" />
<gc-start id="5226" type="scavenge" contextid="5225" timestamp="2020-09-11T13:03:31.778">
  <mem-info id="5227" free="408522824" total="2765291520" percent="14">
    <mem type="nursery" free="0" total="939524096" percent="0">
      <mem type="allocate" free="0" total="807534592" percent="0" />
      <mem type="survivor" free="0" total="131989504" percent="0" />
    </mem>
    <mem type="tenure" free="408522824" total="1825767424" percent="22">
      <mem type="soa" free="302814272" total="1716220928" percent="17" />
      <mem type="loa" free="105708552" total="109546496" percent="96" />
    </mem>
    <remembered-set count="192960" />
  </mem-info>
</gc-start>
<allocation-stats totalBytes="694626504" >
  <allocated-bytes non-tlh="34396512" tlh="660229992" />
  <largest-consumer threadName="Group1.Backend.CompositeBackend{Tier1}.4" threadId="0000000000863200" bytes="97517016" />
</allocation-stats>
<gc-op id="5228" type="scavenge" timems="98.264" contextid="5225" timestamp="2020-09-11T13:03:31.877">
  <scavenger-info tenureage="3" tenuremask="7ff8" tiltratio="85" />
  <memory-copied type="nursery" objects="4083627" bytes="109676720" bytesdiscarded="206232" />
  <memory-copied type="tenure" objects="1091538" bytes="29307080" bytesdiscarded="128272" />
  <ownableSynchronizers candidates="5391" cleared="5099" />
  <references type="soft" candidates="202" cleared="0" enqueued="0" dynamicThreshold="17" maxThreshold="32" />
  <references type="weak" candidates="112" cleared="112" enqueued="0" />
</gc-op>
<gc-end id="5229" type="scavenge" contextid="5225" durationms="99.339" usertimems="761.817" systemtimems="0.000" timestamp="2020-09-11T13:03:31.878" activeThreads="8">
  <mem-info id="5230" free="1077890360" total="2765291520" percent="38">
    <mem type="nursery" free="698812160" total="939524096" percent="74">
      <mem type="allocate" free="698812160" total="808779776" percent="86" />
      <mem type="survivor" free="0" total="130744320" percent="0" />
    </mem>
    <mem type="tenure" free="379078200" total="1825767424" percent="20" macro-fragmented="0">
      <mem type="soa" free="273369648" total="1716220928" percent="15" />
      <mem type="loa" free="105708552" total="109546496" percent="96" />
    </mem>
    <remembered-set count="28190" />
  </mem-info>
</gc-end>
<cycle-end id="5231" type="scavenge" contextid="5225" timestamp="2020-09-11T13:03:31.879" />
<allocation-satisfied id="5232" threadId="00000000007EB800" bytesRequested="32" />
<af-end id="5233" timestamp="2020-09-11T13:03:31.879" threadId="00000000007EC180" success="true" from="nursery"/>
<exclusive-end id="5234" timestamp="2020-09-11T13:03:31.879" durationms="102.275" />

<exclusive-start id="5235" timestamp="2020-09-11T13:03:33.991" intervalms="2214.199">
  <response-info timems="1.354" idlems="1.354" threads="0" lastid="00000000007EB800" lastname="Group1.Backend.CompositeBackend{Tier1}.2" />
</exclusive-start>
<af-start id="5236" threadId="00000000007EC180" totalBytesRequested="16" timestamp="2020-09-11T13:03:33.992" intervalms="2214.086" type="nursery" />
<cycle-start id="5237" type="scavenge" contextid="0" timestamp="2020-09-11T13:03:33.992" intervalms="2214.073" />
<gc-start id="5238" type="scavenge" contextid="5237" timestamp="2020-09-11T13:03:33.992">
  <mem-info id="5239" free="379078200" total="2765291520" percent="13">
    <mem type="nursery" free="0" total="939524096" percent="0">
      <mem type="allocate" free="0" total="808779776" percent="0" />
      <mem type="survivor" free="0" total="130744320" percent="0" />
    </mem>
    <mem type="tenure" free="379078200" total="1825767424" percent="20">
      <mem type="soa" free="273369648" total="1716220928" percent="15" />
      <mem type="loa" free="105708552" total="109546496" percent="96" />
    </mem>
    <remembered-set count="193534" />
  </mem-info>
</gc-start>
<allocation-stats totalBytes="698485272" >
  <allocated-bytes non-tlh="29341456" tlh="669143816" />
  <largest-consumer threadName="Group1.Backend.CompositeBackend{Tier1}.7" threadId="00000000008C3100" bytes="90333592" />
</allocation-stats>
<gc-op id="5240" type="scavenge" timems="109.179" contextid="5237" timestamp="2020-09-11T13:03:34.102">
  <scavenger-info tenureage="3" tenuremask="7ff8" tiltratio="86" />
  <memory-copied type="nursery" objects="4224592" bytes="113030704" bytesdiscarded="247496" />
  <memory-copied type="tenure" objects="1113764" bytes="29972816" bytesdiscarded="117064" />
  <ownableSynchronizers candidates="5564" cleared="5231" />
  <references type="soft" candidates="192" cleared="0" enqueued="0" dynamicThreshold="17" maxThreshold="32" />
  <references type="weak" candidates="108" cleared="107" enqueued="0" />
</gc-op>
<gc-end id="5241" type="scavenge" contextid="5237" durationms="110.488" usertimems="856.932" systemtimems="2.068" timestamp="2020-09-11T13:03:34.103" activeThreads="8">
  <mem-info id="5242" free="1044472352" total="2765291520" percent="37">
    <mem type="nursery" free="695472888" total="939524096" percent="74">
      <mem type="allocate" free="695472888" total="808845312" percent="85" />
      <mem type="survivor" free="0" total="130678784" percent="0" />
    </mem>
    <mem type="tenure" free="348999464" total="1825767424" percent="19" macro-fragmented="0">
      <mem type="soa" free="243290912" total="1716220928" percent="14" />
      <mem type="loa" free="105708552" total="109546496" percent="96" />
    </mem>
    <remembered-set count="29792" />
  </mem-info>
</gc-end>
<cycle-end id="5243" type="scavenge" contextid="5237" timestamp="2020-09-11T13:03:34.104" />
<allocation-satisfied id="5244" threadId="00000000007EB800" bytesRequested="16" />
<af-end id="5245" timestamp="2020-09-11T13:03:34.104" threadId="00000000007EC180" success="true" from="nursery"/>
<exclusive-end id="5246" timestamp="2020-09-11T13:03:34.104" durationms="112.669" />

<exclusive-start id="5247" timestamp="2020-09-11T13:03:36.002" intervalms="2011.063">
  <response-info timems="0.403" idlems="0.403" threads="0" lastid="000000000078C200" lastname="Group1.Backend.CompositeBackend{Tier1}.1" />
</exclusive-start>
<af-start id="5248" threadId="000000000078CB80" totalBytesRequested="1032" timestamp="2020-09-11T13:03:36.003" intervalms="2011.145" type="nursery" />
<cycle-start id="5249" type="scavenge" contextid="0" timestamp="2020-09-11T13:03:36.003" intervalms="2011.164" />
<gc-start id="5250" type="scavenge" contextid="5249" timestamp="2020-09-11T13:03:36.004">
  <mem-info id="5251" free="348999464" total="2765291520" percent="12">
    <mem type="nursery" free="0" total="939524096" percent="0">
      <mem type="allocate" free="0" total="808845312" percent="0" />
      <mem type="survivor" free="0" total="130678784" percent="0" />
    </mem>
    <mem type="tenure" free="348999464" total="1825767424" percent="19">
      <mem type="soa" free="243290912" total="1716220928" percent="14" />
      <mem type="loa" free="105708552" total="109546496" percent="96" />
    </mem>
    <remembered-set count="193591" />
  </mem-info>
</gc-start>
<allocation-stats totalBytes="695134808" >
  <allocated-bytes non-tlh="34406080" tlh="660728728" />
  <largest-consumer threadName="Group1.Backend.CompositeBackend{Tier1}.1" threadId="000000000078C200" bytes="121859384" />
</allocation-stats>
<gc-op id="5252" type="scavenge" timems="151.519" contextid="5249" timestamp="2020-09-11T13:03:36.155">
  <scavenger-info tenureage="3" tenuremask="7ff8" tiltratio="86" />
  <memory-copied type="nursery" objects="4106189" bytes="110142432" bytesdiscarded="123752" />
  <memory-copied type="tenure" objects="1101681" bytes="29628248" bytesdiscarded="123456" />
  <ownableSynchronizers candidates="3194" cleared="2884" />
  <references type="soft" candidates="187" cleared="0" enqueued="0" dynamicThreshold="17" maxThreshold="32" />
  <references type="weak" candidates="122" cleared="122" enqueued="0" />
</gc-op>
<gc-end id="5253" type="scavenge" contextid="5249" durationms="156.947" usertimems="1018.100" systemtimems="12.453" timestamp="2020-09-11T13:03:36.160" activeThreads="8">
  <mem-info id="5254" free="1018541192" total="2765291520" percent="36">
    <mem type="nursery" free="699281664" total="939524096" percent="74">
      <mem type="allocate" free="699281664" total="809631744" percent="86" />
      <mem type="survivor" free="0" total="129892352" percent="0" />
    </mem>
    <mem type="tenure" free="319259528" total="1825767424" percent="17" macro-fragmented="0">
      <mem type="soa" free="213550976" total="1716220928" percent="12" />
      <mem type="loa" free="105708552" total="109546496" percent="96" />
    </mem>
    <remembered-set count="31173" />
  </mem-info>
</gc-end>
<cycle-end id="5255" type="scavenge" contextid="5249" timestamp="2020-09-11T13:03:36.162" />
<allocation-satisfied id="5256" threadId="000000000078C200" bytesRequested="1032" />
<af-end id="5257" timestamp="2020-09-11T13:03:36.162" threadId="000000000078CB80" success="true" from="nursery"/>
<exclusive-end id="5258" timestamp="2020-09-11T13:03:36.162" durationms="159.509" />

<exclusive-start id="5259" timestamp="2020-09-11T13:03:38.108" intervalms="2105.768">
  <response-info timems="0.498" idlems="0.498" threads="0" lastid="00000000008DD200" lastname="Group1.Backend.CompositeBackend{Tier1}.8" />
</exclusive-start>
<af-start id="5260" threadId="00000000008DDB80" totalBytesRequested="524296" timestamp="2020-09-11T13:03:38.109" intervalms="2106.069" type="nursery" />
<cycle-start id="5261" type="scavenge" contextid="0" timestamp="2020-09-11T13:03:38.109" intervalms="2106.111" />
<gc-start id="5262" type="scavenge" contextid="5261" timestamp="2020-09-11T13:03:38.110">
  <mem-info id="5263" free="319730800" total="2765291520" percent="11">
    <mem type="nursery" free="471272" total="939524096" percent="0">
      <mem type="allocate" free="471272" total="809631744" percent="0" />
      <mem type="survivor" free="0" total="129892352" percent="0" />
    </mem>
    <mem type="tenure" free="319259528" total="1825767424" percent="17">
      <mem type="soa" free="213550976" total="1716220928" percent="12" />
      <mem type="loa" free="105708552" total="109546496" percent="96" />
    </mem>
    <remembered-set count="195422" />
  </mem-info>
</gc-start>
<allocation-stats totalBytes="698479120" >
  <allocated-bytes non-tlh="34812456" tlh="663666664" />
  <largest-consumer threadName="Group1.Backend.CompositeBackend{Tier1}.2" threadId="00000000007EB800" bytes="109526048" />
</allocation-stats>
<gc-op id="5264" type="scavenge" timems="102.827" contextid="5261" timestamp="2020-09-11T13:03:38.213">
  <scavenger-info tenureage="3" tenuremask="7ff8" tiltratio="86" />
  <memory-copied type="nursery" objects="4301371" bytes="114355408" bytesdiscarded="325136" />
  <memory-copied type="tenure" objects="1068591" bytes="28732328" bytesdiscarded="113976" />
  <ownableSynchronizers candidates="3777" cleared="3486" />
  <references type="soft" candidates="172" cleared="0" enqueued="0" dynamicThreshold="17" maxThreshold="32" />
  <references type="weak" candidates="112" cleared="112" enqueued="0" />
</gc-op>
<gc-end id="5265" type="scavenge" contextid="5261" durationms="104.125" usertimems="790.110" systemtimems="0.000" timestamp="2020-09-11T13:03:38.214" activeThreads="8">
  <mem-info id="5266" free="982861312" total="2765291520" percent="35">
    <mem type="nursery" free="692509920" total="939524096" percent="73">
      <mem type="allocate" free="692509920" total="807272448" percent="85" />
      <mem type="survivor" free="0" total="132251648" percent="0" />
    </mem>
    <mem type="tenure" free="290351392" total="1825767424" percent="15" macro-fragmented="0">
      <mem type="soa" free="184642840" total="1716220928" percent="10" />
      <mem type="loa" free="105708552" total="109546496" percent="96" />
    </mem>
    <remembered-set count="32486" />
  </mem-info>
</gc-end>
<cycle-end id="5267" type="scavenge" contextid="5261" timestamp="2020-09-11T13:03:38.215" />
<allocation-satisfied id="5268" threadId="00000000008DD200" bytesRequested="524296" />
<af-end id="5269" timestamp="2020-09-11T13:03:38.215" threadId="00000000008DDB80" success="true" from="nursery"/>
<exclusive-end id="5270" timestamp="2020-09-11T13:03:38.215" durationms="106.741" />

<exclusive-start id="5271" timestamp="2020-09-11T13:03:40.261" intervalms="2153.131">
  <response-info timems="0.779" idlems="0.611" threads="1" lastid="00000000008DD200" lastname="Group1.Backend.CompositeBackend{Tier1}.8" />
</exclusive-start>
<af-start id="5272" threadId="0000000000A90580" totalBytesRequested="1032" timestamp="2020-09-11T13:03:40.262" intervalms="2153.066" type="nursery" />
<cycle-start id="5273" type="scavenge" contextid="0" timestamp="2020-09-11T13:03:40.263" intervalms="2153.797" />
<gc-start id="5274" type="scavenge" contextid="5273" timestamp="2020-09-11T13:03:40.264">
  <mem-info id="5275" free="290351392" total="2765291520" percent="10">
    <mem type="nursery" free="0" total="939524096" percent="0">
      <mem type="allocate" free="0" total="807272448" percent="0" />
      <mem type="survivor" free="0" total="132251648" percent="0" />
    </mem>
    <mem type="tenure" free="290351392" total="1825767424" percent="15">
      <mem type="soa" free="184642840" total="1716220928" percent="10" />
      <mem type="loa" free="105708552" total="109546496" percent="96" />
    </mem>
    <remembered-set count="197131" />
  </mem-info>
</gc-start>
<allocation-stats totalBytes="692174960" >
  <allocated-bytes non-tlh="30430168" tlh="661744792" />
  <largest-consumer threadName="Group1.Backend.CompositeBackend{Tier1}.7" threadId="00000000008C3100" bytes="118628160" />
</allocation-stats>
<gc-op id="5276" type="scavenge" timems="105.227" contextid="5273" timestamp="2020-09-11T13:03:40.369">
  <scavenger-info tenureage="3" tenuremask="7ff8" tiltratio="85" />
  <memory-copied type="nursery" objects="4149102" bytes="111191096" bytesdiscarded="153528" />
  <memory-copied type="tenure" objects="1117870" bytes="30051376" bytesdiscarded="131704" />
  <ownableSynchronizers candidates="4151" cleared="3888" />
  <references type="soft" candidates="168" cleared="0" enqueued="0" dynamicThreshold="17" maxThreshold="32" />
  <references type="weak" candidates="103" cleared="103" enqueued="0" />
</gc-op>
<gc-end id="5277" type="scavenge" contextid="5273" durationms="106.434" usertimems="733.122" systemtimems="4.311" timestamp="2020-09-11T13:03:40.370" activeThreads="8">
  <mem-info id="5278" free="956902312" total="2765291520" percent="34">
    <mem type="nursery" free="696694528" total="939524096" percent="74">
      <mem type="allocate" free="696694528" total="808124416" percent="86" />
      <mem type="survivor" free="0" total="131399680" percent="0" />
    </mem>
    <mem type="tenure" free="260207784" total="1825767424" percent="14" macro-fragmented="0">
      <mem type="soa" free="154499232" total="1716220928" percent="9" />
      <mem type="loa" free="105708552" total="109546496" percent="96" />
    </mem>
    <remembered-set count="32190" />
  </mem-info>
</gc-end>
<cycle-end id="5279" type="scavenge" contextid="5273" timestamp="2020-09-11T13:03:40.380" />
<allocation-satisfied id="5280" threadId="0000000000A8FC00" bytesRequested="1032" />
<af-end id="5281" timestamp="2020-09-11T13:03:40.380" threadId="0000000000A90580" success="true" from="nursery"/>
<exclusive-end id="5282" timestamp="2020-09-11T13:03:40.380" durationms="118.493" />

<exclusive-start id="5283" timestamp="2020-09-11T13:03:42.285" intervalms="2023.675">
  <response-info timems="0.623" idlems="0.623" threads="0" lastid="0000000000819400" lastname="Group1.Backend.CompositeBackend{Tier1}.3" />
</exclusive-start>
<af-start id="5284" threadId="0000000000819D80" totalBytesRequested="664" timestamp="2020-09-11T13:03:42.289" intervalms="2026.433" type="nursery" />
<cycle-start id="5285" type="scavenge" contextid="0" timestamp="2020-09-11T13:03:42.289" intervalms="2026.164" />
<gc-start id="5286" type="scavenge" contextid="5285" timestamp="2020-09-11T13:03:42.290">
  <mem-info id="5287" free="260207784" total="2765291520" percent="9">
    <mem type="nursery" free="0" total="939524096" percent="0">
      <mem type="allocate" free="0" total="808124416" percent="0" />
      <mem type="survivor" free="0" total="131399680" percent="0" />
    </mem>
    <mem type="tenure" free="260207784" total="1825767424" percent="14">
      <mem type="soa" free="154499232" total="1716220928" percent="9" />
      <mem type="loa" free="105708552" total="109546496" percent="96" />
    </mem>
    <remembered-set count="194113" />
  </mem-info>
</gc-start>
<allocation-stats totalBytes="696346064" >
  <allocated-bytes non-tlh="33987128" tlh="662358936" />
  <largest-consumer threadName="Group1.Backend.CompositeBackend{Tier1}.7" threadId="00000000008C3100" bytes="125170400" />
</allocation-stats>
<gc-op id="5288" type="scavenge" timems="125.718" contextid="5285" timestamp="2020-09-11T13:03:42.415">
  <scavenger-info tenureage="3" tenuremask="7ff8" tiltratio="86" />
  <memory-copied type="nursery" objects="4357408" bytes="116058280" bytesdiscarded="529808" />
  <memory-copied type="tenure" objects="1086493" bytes="29187312" bytesdiscarded="145480" />
  <ownableSynchronizers candidates="3307" cleared="3083" />
  <references type="soft" candidates="163" cleared="0" enqueued="0" dynamicThreshold="17" maxThreshold="32" />
  <references type="weak" candidates="119" cleared="119" enqueued="0" />
</gc-op>
<gc-end id="5289" type="scavenge" contextid="5285" durationms="126.749" usertimems="945.034" systemtimems="0.000" timestamp="2020-09-11T13:03:42.416" activeThreads="8">
  <mem-info id="5290" free="919034920" total="2765291520" percent="33">
    <mem type="nursery" free="688172928" total="939524096" percent="73">
      <mem type="allocate" free="688172928" total="804847616" percent="85" />
      <mem type="survivor" free="0" total="134676480" percent="0" />
    </mem>
    <mem type="tenure" free="230861992" total="1825767424" percent="12" macro-fragmented="0">
      <mem type="soa" free="125153440" total="1716220928" percent="7" />
      <mem type="loa" free="105708552" total="109546496" percent="96" />
    </mem>
    <remembered-set count="31105" />
  </mem-info>
</gc-end>
<cycle-end id="5291" type="scavenge" contextid="5285" timestamp="2020-09-11T13:03:42.417" />
<allocation-satisfied id="5292" threadId="0000000000819400" bytesRequested="664" />
<af-end id="5293" timestamp="2020-09-11T13:03:42.417" threadId="0000000000819D80" success="true" from="nursery"/>
<exclusive-end id="5294" timestamp="2020-09-11T13:03:42.417" durationms="132.398" />

<exclusive-start id="5295" timestamp="2020-09-11T13:03:44.419" intervalms="2133.813">
  <response-info timems="0.666" idlems="0.349" threads="1" lastid="0000000000863200" lastname="Group1.Backend.CompositeBackend{Tier1}.4" />
</exclusive-start>
<af-start id="5296" threadId="000000000086B880" totalBytesRequested="48" timestamp="2020-09-11T13:03:44.420" intervalms="2130.869" type="nursery" />
<cycle-start id="5297" type="scavenge" contextid="0" timestamp="2020-09-11T13:03:44.420" intervalms="2130.358" />
<gc-start id="5298" type="scavenge" contextid="5297" timestamp="2020-09-11T13:03:44.420">
  <mem-info id="5299" free="230861992" total="2765291520" percent="8">
    <mem type="nursery" free="0" total="939524096" percent="0">
      <mem type="allocate" free="0" total="804847616" percent="0" />
      <mem type="survivor" free="0" total="134676480" percent="0" />
    </mem>
    <mem type="tenure" free="230861992" total="1825767424" percent="12">
      <mem type="soa" free="125153440" total="1716220928" percent="7" />
      <mem type="loa" free="105708552" total="109546496" percent="96" />
    </mem>
    <remembered-set count="195087" />
  </mem-info>
</gc-start>
<allocation-stats totalBytes="687849656" >
  <allocated-bytes non-tlh="33153312" tlh="654696344" />
  <largest-consumer threadName="Group1.Backend.CompositeBackend{Tier1}.5" threadId="000000000086AF00" bytes="100031736" />
</allocation-stats>
<gc-op id="5300" type="scavenge" timems="143.061" contextid="5297" timestamp="2020-09-11T13:03:44.563">
  <scavenger-info tenureage="3" tenuremask="7ff8" tiltratio="85" />
  <memory-copied type="nursery" objects="4284483" bytes="114225864" bytesdiscarded="317632" />
  <memory-copied type="tenure" objects="1108305" bytes="29778624" bytesdiscarded="160488" />
  <ownableSynchronizers candidates="4267" cleared="4024" />
  <references type="soft" candidates="157" cleared="0" enqueued="0" dynamicThreshold="17" maxThreshold="32" />
  <references type="weak" candidates="123" cleared="123" enqueued="0" />
</gc-op>
<gc-end id="5301" type="scavenge" contextid="5297" durationms="144.208" usertimems="1054.937" systemtimems="6.131" timestamp="2020-09-11T13:03:44.564" activeThreads="8">
  <mem-info id="5302" free="892057184" total="2765291520" percent="32">
    <mem type="nursery" free="691132376" total="939524096" percent="73">
      <mem type="allocate" free="691132376" total="805765120" percent="85" />
      <mem type="survivor" free="0" total="133758976" percent="0" />
    </mem>
    <mem type="tenure" free="200924808" total="1825767424" percent="11" macro-fragmented="0">
      <mem type="soa" free="95216256" total="1716220928" percent="5" />
      <mem type="loa" free="105708552" total="109546496" percent="96" />
    </mem>
    <remembered-set count="30939" />
  </mem-info>
</gc-end>
<cycle-end id="5303" type="scavenge" contextid="5297" timestamp="2020-09-11T13:03:44.565" />
<allocation-satisfied id="5304" threadId="000000000086AF00" bytesRequested="48" />
<af-end id="5305" timestamp="2020-09-11T13:03:44.566" threadId="000000000086B880" success="true" from="nursery"/>
<exclusive-end id="5306" timestamp="2020-09-11T13:03:44.566" durationms="146.813" />

<exclusive-start id="5307" timestamp="2020-09-11T13:03:46.507" intervalms="2087.863">
  <response-info timems="0.406" idlems="0.406" threads="0" lastid="000000000086AF00" lastname="Group1.Backend.CompositeBackend{Tier1}.5" />
</exclusive-start>
<af-start id="5308" threadId="000000000086B880" totalBytesRequested="24" timestamp="2020-09-11T13:03:46.507" intervalms="2087.852" type="nursery" />
<cycle-start id="5309" type="scavenge" contextid="0" timestamp="2020-09-11T13:03:46.508" intervalms="2087.956" />
<gc-start id="5310" type="scavenge" contextid="5309" timestamp="2020-09-11T13:03:46.508">
  <mem-info id="5311" free="200924808" total="2765291520" percent="7">
    <mem type="nursery" free="0" total="939524096" percent="0">
      <mem type="allocate" free="0" total="805765120" percent="0" />
      <mem type="survivor" free="0" total="133758976" percent="0" />
    </mem>
    <mem type="tenure" free="200924808" total="1825767424" percent="11">
      <mem type="soa" free="95216256" total="1716220928" percent="5" />
      <mem type="loa" free="105708552" total="109546496" percent="96" />
    </mem>
    <remembered-set count="194439" />
  </mem-info>
</gc-start>
<allocation-stats totalBytes="690792784" >
  <allocated-bytes non-tlh="30860728" tlh="659932056" />
  <largest-consumer threadName="Group1.Backend.CompositeBackend{Tier1}.5" threadId="000000000086AF00" bytes="120122784" />
</allocation-stats>
<gc-op id="5312" type="scavenge" timems="114.303" contextid="5309" timestamp="2020-09-11T13:03:46.622">
  <scavenger-info tenureage="3" tenuremask="7ff8" tiltratio="85" />
  <memory-copied type="nursery" objects="4037875" bytes="108581416" bytesdiscarded="523512" />
  <memory-copied type="tenure" objects="1121238" bytes="30132208" bytesdiscarded="144232" />
  <ownableSynchronizers candidates="4684" cleared="4425" />
  <references type="soft" candidates="155" cleared="0" enqueued="0" dynamicThreshold="17" maxThreshold="32" />
  <references type="weak" candidates="108" cleared="107" enqueued="0" />
</gc-op>
<gc-end id="5313" type="scavenge" contextid="5309" durationms="115.605" usertimems="889.424" systemtimems="0.000" timestamp="2020-09-11T13:03:46.623" activeThreads="8">
  <mem-info id="5314" free="868361176" total="2765291520" percent="31">
    <mem type="nursery" free="697755824" total="939524096" percent="74">
      <mem type="allocate" free="697755824" total="806944768" percent="86" />
      <mem type="survivor" free="0" total="132579328" percent="0" />
    </mem>
    <mem type="tenure" free="170605352" total="1825767424" percent="9" macro-fragmented="0">
      <mem type="soa" free="64896800" total="1716220928" percent="3" />
      <mem type="loa" free="105708552" total="109546496" percent="96" />
    </mem>
    <remembered-set count="31067" />
  </mem-info>
</gc-end>
<cycle-end id="5315" type="scavenge" contextid="5309" timestamp="2020-09-11T13:03:46.625" />
<allocation-satisfied id="5316" threadId="000000000086AF00" bytesRequested="24" />
<af-end id="5317" timestamp="2020-09-11T13:03:46.625" threadId="000000000086B880" success="true" from="nursery"/>
<exclusive-end id="5318" timestamp="2020-09-11T13:03:46.625" durationms="118.375" />

<exclusive-start id="5319" timestamp="2020-09-11T13:03:48.636" intervalms="2129.500">
  <response-info timems="0.280" idlems="0.280" threads="0" lastid="00000000008DD200" lastname="Group1.Backend.CompositeBackend{Tier1}.8" />
</exclusive-start>
<af-start id="5320" threadId="00000000008DDB80" totalBytesRequested="16" timestamp="2020-09-11T13:03:48.637" intervalms="2129.545" type="nursery" />
<cycle-start id="5321" type="scavenge" contextid="0" timestamp="2020-09-11T13:03:48.637" intervalms="2129.456" />
<gc-start id="5322" type="scavenge" contextid="5321" timestamp="2020-09-11T13:03:48.637">
  <mem-info id="5323" free="170605352" total="2765291520" percent="6">
    <mem type="nursery" free="0" total="939524096" percent="0">
      <mem type="allocate" free="0" total="806944768" percent="0" />
      <mem type="survivor" free="0" total="132579328" percent="0" />
    </mem>
    <mem type="tenure" free="170605352" total="1825767424" percent="9">
      <mem type="soa" free="64896800" total="1716220928" percent="3" />
      <mem type="loa" free="105708552" total="109546496" percent="96" />
    </mem>
    <remembered-set count="195468" />
  </mem-info>
</gc-start>
<allocation-stats totalBytes="697424872" >
  <allocated-bytes non-tlh="28616064" tlh="668808808" />
  <largest-consumer threadName="Group1.Backend.CompositeBackend{Tier1}.5" threadId="000000000086AF00" bytes="118674128" />
</allocation-stats>
<gc-op id="5324" type="scavenge" timems="127.270" contextid="5321" timestamp="2020-09-11T13:03:48.765">
  <scavenger-info tenureage="3" tenuremask="7ff8" tiltratio="85" />
  <memory-copied type="nursery" objects="4349129" bytes="115406536" bytesdiscarded="292624" />
  <memory-copied type="tenure" objects="1073578" bytes="28998528" bytesdiscarded="161176" />
  <ownableSynchronizers candidates="4490" cleared="4224" />
  <references type="soft" candidates="176" cleared="0" enqueued="0" dynamicThreshold="17" maxThreshold="32" />
  <references type="weak" candidates="122" cleared="122" enqueued="0" />
</gc-op>
<gc-end id="5325" type="scavenge" contextid="5321" durationms="128.555" usertimems="947.116" systemtimems="0.000" timestamp="2020-09-11T13:03:48.766" activeThreads="8">
  <mem-info id="5326" free="829211328" total="2765291520" percent="29">
    <mem type="nursery" free="687688944" total="939524096" percent="73">
      <mem type="allocate" free="687688944" total="803471360" percent="85" />
      <mem type="survivor" free="0" total="136052736" percent="0" />
    </mem>
    <mem type="tenure" free="141522384" total="1825767424" percent="7" macro-fragmented="0">
      <mem type="soa" free="35813832" total="1716220928" percent="2" />
      <mem type="loa" free="105708552" total="109546496" percent="96" />
    </mem>
    <remembered-set count="31338" />
  </mem-info>
</gc-end>
<cycle-end id="5327" type="scavenge" contextid="5321" timestamp="2020-09-11T13:03:48.767" />
<allocation-satisfied id="5328" threadId="00000000008DD200" bytesRequested="16" />
<af-end id="5329" timestamp="2020-09-11T13:03:48.767" threadId="00000000008DDB80" success="true" from="nursery"/>
<exclusive-end id="5330" timestamp="2020-09-11T13:03:48.767" durationms="130.830" />

<exclusive-start id="5331" timestamp="2020-09-11T13:03:50.644" intervalms="2007.491">
  <response-info timems="4.672" idlems="4.672" threads="0" lastid="00000000008C3100" lastname="Group1.Backend.CompositeBackend{Tier1}.7" />
</exclusive-start>
<af-start id="5332" threadId="00000000008C3A80" totalBytesRequested="1032" timestamp="2020-09-11T13:03:50.644" intervalms="2007.457" type="nursery" />
<cycle-start id="5333" type="scavenge" contextid="0" timestamp="2020-09-11T13:03:50.645" intervalms="2007.452" />
<gc-start id="5334" type="scavenge" contextid="5333" timestamp="2020-09-11T13:03:50.645">
  <mem-info id="5335" free="141522384" total="2765291520" percent="5">
    <mem type="nursery" free="0" total="939524096" percent="0">
      <mem type="allocate" free="0" total="803471360" percent="0" />
      <mem type="survivor" free="0" total="136052736" percent="0" />
    </mem>
    <mem type="tenure" free="141522384" total="1825767424" percent="7">
      <mem type="soa" free="35813832" total="1716220928" percent="2" />
      <mem type="loa" free="105708552" total="109546496" percent="96" />
    </mem>
    <remembered-set count="189606" />
  </mem-info>
</gc-start>
<allocation-stats totalBytes="687374984" >
  <allocated-bytes non-tlh="38213192" tlh="649161792" />
  <largest-consumer threadName="Group1.Backend.CompositeBackend{Tier1}.8" threadId="00000000008DD200" bytes="120538656" />
</allocation-stats>
<gc-op id="5336" type="scavenge" timems="130.500" contextid="5333" timestamp="2020-09-11T13:03:50.775">
  <scavenger-info tenureage="3" tenuremask="7ff8" tiltratio="85" />
  <memory-copied type="nursery" objects="4254805" bytes="113390304" bytesdiscarded="130056" />
  <memory-copied type="tenure" objects="1106783" bytes="29734520" bytesdiscarded="114272" />
  <ownableSynchronizers candidates="3966" cleared="3688" />
  <references type="soft" candidates="168" cleared="0" enqueued="0" dynamicThreshold="17" maxThreshold="32" />
  <references type="weak" candidates="118" cleared="118" enqueued="0" />
</gc-op>
<gc-end id="5337" type="scavenge" contextid="5333" durationms="132.062" usertimems="872.814" systemtimems="0.000" timestamp="2020-09-11T13:03:50.777" activeThreads="8">
  <mem-info id="5338" free="802730824" total="2765291520" percent="29">
    <mem type="nursery" free="691248320" total="939524096" percent="73">
      <mem type="allocate" free="691248320" total="804847616" percent="85" />
      <mem type="survivor" free="0" total="134676480" percent="0" />
    </mem>
    <mem type="tenure" free="111482504" total="1825767424" percent="6" macro-fragmented="0">
      <mem type="soa" free="5773952" total="1716220928" percent="0" />
      <mem type="loa" free="105708552" total="109546496" percent="96" />
    </mem>
    <remembered-set count="29259" />
  </mem-info>
</gc-end>
<cycle-end id="5339" type="scavenge" contextid="5333" timestamp="2020-09-11T13:03:50.778" />
<allocation-satisfied id="5340" threadId="00000000008C3100" bytesRequested="1032" />
<af-end id="5341" timestamp="2020-09-11T13:03:50.778" threadId="00000000008C3A80" success="true" from="nursery"/>
<exclusive-end id="5342" timestamp="2020-09-11T13:03:50.778" durationms="134.364" />

<exclusive-start id="5343" timestamp="2020-09-11T13:03:52.801" intervalms="2157.780">
  <response-info timems="0.338" idlems="0.338" threads="0" lastid="0000000000819400" lastname="Group1.Backend.CompositeBackend{Tier1}.3" />
</exclusive-start>
<af-start id="5344" threadId="0000000000819D80" totalBytesRequested="24" timestamp="2020-09-11T13:03:52.802" intervalms="2157.706" type="nursery" />
<percolate-collect id="5345" from="nursery" to="global" reason="prevent tenure expand" timestamp="2020-09-11T13:03:52.802"/>
<cycle-start id="5346" type="global" contextid="0" timestamp="2020-09-11T13:03:52.802" intervalms="61880.944" />
<gc-start id="5347" type="global" contextid="5346" timestamp="2020-09-11T13:03:52.803">
  <mem-info id="5348" free="111482504" total="2765291520" percent="4">
    <mem type="nursery" free="0" total="939524096" percent="0">
      <mem type="allocate" free="0" total="804847616" percent="0" />
      <mem type="survivor" free="0" total="134676480" percent="0" />
    </mem>
    <mem type="tenure" free="111482504" total="1825767424" percent="6">
      <mem type="soa" free="5773952" total="1716220928" percent="0" />
      <mem type="loa" free="105708552" total="109546496" percent="96" />
    </mem>
    <remembered-set count="195255" />
  </mem-info>
</gc-start>
<allocation-stats totalBytes="690891120" >
  <allocated-bytes non-tlh="26302776" tlh="664588344" />
  <largest-consumer threadName="Group1.Backend.CompositeBackend{Tier1}.8" threadId="00000000008DD200" bytes="110398688" />
</allocation-stats>
<gc-op id="5349" type="mark" timems="571.113" contextid="5346" timestamp="2020-09-11T13:03:53.374">
  <trace-info objectcount="30933354" scancount="29953735" scanbytes="819174376" />
  <finalization candidates="150" enqueued="0" />
  <ownableSynchronizers candidates="592694" cleared="4588" />
  <references type="soft" candidates="718711" cleared="27" enqueued="27" dynamicThreshold="17" maxThreshold="32" />
  <references type="weak" candidates="4410" cleared="117" enqueued="0" />
  <references type="phantom" candidates="108" cleared="0" enqueued="0" />
  <stringconstants candidates="11054" cleared="278"  />
</gc-op>
<gc-op id="5350" type="sweep" timems="15.467" contextid="5346" timestamp="2020-09-11T13:03:53.390" />
<gc-end id="5351" type="global" contextid="5346" durationms="587.813" usertimems="4509.066" systemtimems="0.000" timestamp="2020-09-11T13:03:53.390" activeThreads="8">
  <mem-info id="5352" free="1590384208" total="2765291520" percent="57">
    <mem type="nursery" free="614341376" total="939524096" percent="65">
      <mem type="allocate" free="614341376" total="804847616" percent="76" />
      <mem type="survivor" free="0" total="134676480" percent="0" />
    </mem>
    <mem type="tenure" free="976042832" total="1825767424" percent="53" micro-fragmented="89913657" macro-fragmented="0">
      <mem type="soa" free="870328408" total="1716220928" percent="50" />
      <mem type="loa" free="105714424" total="109546496" percent="96" />
    </mem>
    <pending-finalizers system="0" default="0" reference="27" classloader="0" />
    <remembered-set count="189549" />
  </mem-info>
</gc-end>
<cycle-end id="5353" type="global" contextid="5346" timestamp="2020-09-11T13:03:53.391" />
<allocation-satisfied id="5354" threadId="0000000000819400" bytesRequested="24" />
<af-end id="5355" timestamp="2020-09-11T13:03:53.391" threadId="0000000000819D80" success="true" from="nursery"/>
<exclusive-end id="5356" timestamp="2020-09-11T13:03:53.391" durationms="589.894" />

<exclusive-start id="5357" timestamp="2020-09-11T13:03:54.521" intervalms="1719.667">
  <response-info timems="2.537" idlems="2.537" threads="0" lastid="00000000008C3100" lastname="Group1.Backend.CompositeBackend{Tier1}.7" />
</exclusive-start>
<af-start id="5358" threadId="00000000008C3A80" totalBytesRequested="266920" timestamp="2020-09-11T13:03:54.522" intervalms="1719.749" type="nursery" />
<cycle-start id="5359" type="scavenge" contextid="0" timestamp="2020-09-11T13:03:54.522" intervalms="3877.454" />
<gc-start id="5360" type="scavenge" contextid="5359" timestamp="2020-09-11T13:03:54.522">
  <mem-info id="5361" free="1009002800" total="2765291520" percent="36">
    <mem type="nursery" free="32960016" total="939524096" percent="3">
      <mem type="allocate" free="32960016" total="804847616" percent="4" />
      <mem type="survivor" free="0" total="134676480" percent="0" />
    </mem>
    <mem type="tenure" free="976042784" total="1825767424" percent="53">
      <mem type="soa" free="870328360" total="1716220928" percent="50" />
      <mem type="loa" free="105714424" total="109546496" percent="96" />
    </mem>
    <remembered-set count="240564" />
  </mem-info>
</gc-start>
<allocation-stats totalBytes="579402968" >
  <allocated-bytes non-tlh="31557304" tlh="547845664" />
  <largest-consumer threadName="Group1.Backend.CompositeBackend{Tier1}.6" threadId="000000000088B400" bytes="83142440" />
</allocation-stats>
<gc-op id="5362" type="scavenge" timems="177.768" contextid="5359" timestamp="2020-09-11T13:03:54.700">
  <scavenger-info tenureage="3" tenuremask="7ff8" tiltratio="85" />
  <memory-copied type="nursery" objects="5077174" bytes="134501576" bytesdiscarded="38600" />
  <memory-copied type="tenure" objects="1399173" bytes="37253832" bytesdiscarded="132176" />
  <copy-failed type="nursery" objects="393809" bytes="10238120" />
  <ownableSynchronizers candidates="1179018" cleared="1178700" />
  <references type="soft" candidates="98" cleared="0" enqueued="0" dynamicThreshold="17" maxThreshold="32" />
  <references type="weak" candidates="107" cleared="107" enqueued="0" />
</gc-op>
<gc-end id="5363" type="scavenge" contextid="5359" durationms="179.018" usertimems="1350.037" systemtimems="5.555" timestamp="2020-09-11T13:03:54.701" activeThreads="8">
  <mem-info id="5364" free="1545875896" total="2765291520" percent="55">
    <mem type="nursery" free="607584256" total="939524096" percent="64">
      <mem type="allocate" free="607584256" total="742260736" percent="81" />
      <mem type="survivor" free="0" total="197263360" percent="0" />
    </mem>
    <mem type="tenure" free="938291640" total="1825767424" percent="51" macro-fragmented="0">
      <mem type="soa" free="832577216" total="1716220928" percent="48" />
      <mem type="loa" free="105714424" total="109546496" percent="96" />
    </mem>
    <remembered-set count="38842" />
  </mem-info>
</gc-end>
<cycle-end id="5365" type="scavenge" contextid="5359" timestamp="2020-09-11T13:03:54.702" />
<allocation-satisfied id="5366" threadId="00000000008C3100" bytesRequested="266920" />
<af-end id="5367" timestamp="2020-09-11T13:03:54.702" threadId="00000000008C3A80" success="true" from="nursery"/>
<exclusive-end id="5368" timestamp="2020-09-11T13:03:54.702" durationms="181.140" />

<exclusive-start id="5369" timestamp="2020-09-11T13:03:56.419" intervalms="1898.068">
  <response-info timems="0.818" idlems="0.413" threads="1" lastid="000000000086AF00" lastname="Group1.Backend.CompositeBackend{Tier1}.5" />
</exclusive-start>
<af-start id="5370" threadId="000000000078CB80" totalBytesRequested="1032" timestamp="2020-09-11T13:03:56.420" intervalms="1897.965" type="nursery" />
<cycle-start id="5371" type="scavenge" contextid="0" timestamp="2020-09-11T13:03:56.420" intervalms="1897.973" />
<gc-start id="5372" type="scavenge" contextid="5371" timestamp="2020-09-11T13:03:56.420">
  <mem-info id="5373" free="938291640" total="2765291520" percent="33">
    <mem type="nursery" free="0" total="939524096" percent="0">
      <mem type="allocate" free="0" total="742260736" percent="0" />
      <mem type="survivor" free="0" total="197263360" percent="0" />
    </mem>
    <mem type="tenure" free="938291640" total="1825767424" percent="51">
      <mem type="soa" free="832577216" total="1716220928" percent="48" />
      <mem type="loa" free="105714424" total="109546496" percent="96" />
    </mem>
    <remembered-set count="192174" />
  </mem-info>
</gc-start>
<allocation-stats totalBytes="607307704" >
  <allocated-bytes non-tlh="30040528" tlh="577267176" />
  <largest-consumer threadName="Group1.Backend.CompositeBackend{Tier1}.7" threadId="00000000008C3100" bytes="89089024" />
</allocation-stats>
<gc-op id="5374" type="scavenge" timems="115.272" contextid="5371" timestamp="2020-09-11T13:03:56.536">
  <scavenger-info tenureage="3" tenuremask="7ff8" tiltratio="79" />
  <memory-copied type="nursery" objects="4686936" bytes="125956184" bytesdiscarded="281784" />
  <memory-copied type="tenure" objects="952937" bytes="25707792" bytesdiscarded="79432" />
  <ownableSynchronizers candidates="3697" cleared="3482" />
  <references type="soft" candidates="109" cleared="0" enqueued="0" dynamicThreshold="17" maxThreshold="32" />
  <references type="weak" candidates="110" cleared="108" enqueued="0" />
</gc-op>
<gc-end id="5375" type="scavenge" contextid="5371" durationms="116.239" usertimems="827.736" systemtimems="0.000" timestamp="2020-09-11T13:03:56.536" activeThreads="8">
  <mem-info id="5376" free="1535385296" total="2765291520" percent="55">
    <mem type="nursery" free="622954752" total="939524096" percent="66">
      <mem type="allocate" free="622954752" total="749273088" percent="83" />
      <mem type="survivor" free="0" total="190251008" percent="0" />
    </mem>
    <mem type="tenure" free="912430544" total="1825767424" percent="49" macro-fragmented="0">
      <mem type="soa" free="806716120" total="1716220928" percent="47" />
      <mem type="loa" free="105714424" total="109546496" percent="96" />
    </mem>
    <remembered-set count="37647" />
  </mem-info>
</gc-end>
<cycle-end id="5377" type="scavenge" contextid="5371" timestamp="2020-09-11T13:03:56.537" />
<allocation-satisfied id="5378" threadId="000000000078C200" bytesRequested="1032" />
<af-end id="5379" timestamp="2020-09-11T13:03:56.537" threadId="000000000078CB80" success="true" from="nursery"/>
<exclusive-end id="5380" timestamp="2020-09-11T13:03:56.537" durationms="118.336" />

<exclusive-start id="5381" timestamp="2020-09-11T13:03:58.302" intervalms="1882.806">
  <response-info timems="0.793" idlems="0.793" threads="0" lastid="000000000086AF00" lastname="Group1.Backend.CompositeBackend{Tier1}.5" />
</exclusive-start>
<af-start id="5382" threadId="000000000086B880" totalBytesRequested="1032" timestamp="2020-09-11T13:03:58.303" intervalms="1882.977" type="nursery" />
<cycle-start id="5383" type="scavenge" contextid="0" timestamp="2020-09-11T13:03:58.303" intervalms="1883.021" />
<gc-start id="5384" type="scavenge" contextid="5383" timestamp="2020-09-11T13:03:58.303">
  <mem-info id="5385" free="912430544" total="2765291520" percent="32">
    <mem type="nursery" free="0" total="939524096" percent="0">
      <mem type="allocate" free="0" total="749273088" percent="0" />
      <mem type="survivor" free="0" total="190251008" percent="0" />
    </mem>
    <mem type="tenure" free="912430544" total="1825767424" percent="49">
      <mem type="soa" free="806716120" total="1716220928" percent="47" />
      <mem type="loa" free="105714424" total="109546496" percent="96" />
    </mem>
    <remembered-set count="192127" />
  </mem-info>
</gc-start>
<allocation-stats totalBytes="622646672" >
  <allocated-bytes non-tlh="29202928" tlh="593443744" />
  <largest-consumer threadName="Group1.Backend.CompositeBackend{Tier1}.7" threadId="00000000008C3100" bytes="87173880" />
</allocation-stats>
<gc-op id="5386" type="scavenge" timems="124.396" contextid="5383" timestamp="2020-09-11T13:03:58.428">
  <scavenger-info tenureage="3" tenuremask="7ff8" tiltratio="79" />
  <memory-copied type="nursery" objects="4720207" bytes="126728152" bytesdiscarded="181904" />
  <memory-copied type="tenure" objects="901030" bytes="24307472" bytesdiscarded="85656" />
  <ownableSynchronizers candidates="4409" cleared="4161" />
  <references type="soft" candidates="158" cleared="0" enqueued="0" dynamicThreshold="17" maxThreshold="32" />
  <references type="weak" candidates="104" cleared="104" enqueued="0" />
</gc-op>
<gc-end id="5387" type="scavenge" contextid="5383" durationms="125.401" usertimems="968.659" systemtimems="6.044" timestamp="2020-09-11T13:03:58.429" activeThreads="8">
  <mem-info id="5388" free="1520112032" total="2765291520" percent="54">
    <mem type="nursery" free="631787776" total="939524096" percent="67">
      <mem type="allocate" free="631787776" total="758775808" percent="83" />
      <mem type="survivor" free="0" total="180748288" percent="0" />
    </mem>
    <mem type="tenure" free="888324256" total="1825767424" percent="48" macro-fragmented="0">
      <mem type="soa" free="782609832" total="1716220928" percent="45" />
      <mem type="loa" free="105714424" total="109546496" percent="96" />
    </mem>
    <remembered-set count="36505" />
  </mem-info>
</gc-end>
<cycle-end id="5389" type="scavenge" contextid="5383" timestamp="2020-09-11T13:03:58.429" />
<allocation-satisfied id="5390" threadId="000000000086AF00" bytesRequested="1032" />
<af-end id="5391" timestamp="2020-09-11T13:03:58.430" threadId="000000000086B880" success="true" from="nursery"/>
<exclusive-end id="5392" timestamp="2020-09-11T13:03:58.430" durationms="127.626" />

<exclusive-start id="5393" timestamp="2020-09-11T13:04:00.254" intervalms="1951.943">
  <response-info timems="3.187" idlems="3.187" threads="0" lastid="000000000078C200" lastname="Group1.Backend.CompositeBackend{Tier1}.1" />
</exclusive-start>
<af-start id="5394" threadId="000000000078CB80" totalBytesRequested="304" timestamp="2020-09-11T13:04:00.255" intervalms="1952.118" type="nursery" />
<cycle-start id="5395" type="scavenge" contextid="0" timestamp="2020-09-11T13:04:00.255" intervalms="1952.062" />
<gc-start id="5396" type="scavenge" contextid="5395" timestamp="2020-09-11T13:04:00.255">
  <mem-info id="5397" free="888324256" total="2765291520" percent="32">
    <mem type="nursery" free="0" total="939524096" percent="0">
      <mem type="allocate" free="0" total="758775808" percent="0" />
      <mem type="survivor" free="0" total="180748288" percent="0" />
    </mem>
    <mem type="tenure" free="888324256" total="1825767424" percent="48">
      <mem type="soa" free="782609832" total="1716220928" percent="45" />
      <mem type="loa" free="105714424" total="109546496" percent="96" />
    </mem>
    <remembered-set count="192403" />
  </mem-info>
</gc-start>
<allocation-stats totalBytes="631495064" >
  <allocated-bytes non-tlh="28536080" tlh="602958984" />
  <largest-consumer threadName="Group1.Backend.CompositeBackend{Tier1}.8" threadId="00000000008DD200" bytes="84700168" />
</allocation-stats>
<gc-op id="5398" type="scavenge" timems="127.895" contextid="5395" timestamp="2020-09-11T13:04:00.383">
  <scavenger-info tenureage="3" tenuremask="7ff8" tiltratio="80" />
  <memory-copied type="nursery" objects="3953723" bytes="104897432" bytesdiscarded="347648" />
  <memory-copied type="tenure" objects="1892498" bytes="51036304" bytesdiscarded="115320" />
  <ownableSynchronizers candidates="4300" cleared="4025" />
  <references type="soft" candidates="173" cleared="0" enqueued="0" dynamicThreshold="17" maxThreshold="32" />
  <references type="weak" candidates="117" cleared="117" enqueued="0" />
</gc-op>
<gc-end id="5399" type="scavenge" contextid="5395" durationms="128.979" usertimems="1004.919" systemtimems="0.000" timestamp="2020-09-11T13:04:00.384" activeThreads="8">
  <mem-info id="5400" free="1498337880" total="2765291520" percent="54">
    <mem type="nursery" free="661186552" total="939524096" percent="70">
      <mem type="allocate" free="661186552" total="766509056" percent="86" />
      <mem type="survivor" free="0" total="173015040" percent="0" />
    </mem>
    <mem type="tenure" free="837151328" total="1825767424" percent="45" macro-fragmented="0">
      <mem type="soa" free="731436904" total="1716220928" percent="42" />
      <mem type="loa" free="105714424" total="109546496" percent="96" />
    </mem>
    <remembered-set count="28487" />
  </mem-info>
</gc-end>
<cycle-end id="5401" type="scavenge" contextid="5395" timestamp="2020-09-11T13:04:00.385" />
<allocation-satisfied id="5402" threadId="000000000078C200" bytesRequested="304" />
<af-end id="5403" timestamp="2020-09-11T13:04:00.385" threadId="000000000078CB80" success="true" from="nursery"/>
<exclusive-end id="5404" timestamp="2020-09-11T13:04:00.385" durationms="131.533" />

<exclusive-start id="5405" timestamp="2020-09-11T13:04:02.278" intervalms="2024.198">
  <response-info timems="3.003" idlems="3.003" threads="0" lastid="000000000078C200" lastname="Group1.Backend.CompositeBackend{Tier1}.1" />
</exclusive-start>
<af-start id="5406" threadId="000000000078CB80" totalBytesRequested="16" timestamp="2020-09-11T13:04:02.279" intervalms="2023.880" type="nursery" />
<cycle-start id="5407" type="scavenge" contextid="0" timestamp="2020-09-11T13:04:02.279" intervalms="2023.873" />
<gc-start id="5408" type="scavenge" contextid="5407" timestamp="2020-09-11T13:04:02.279">
  <mem-info id="5409" free="837151328" total="2765291520" percent="30">
    <mem type="nursery" free="0" total="939524096" percent="0">
      <mem type="allocate" free="0" total="766509056" percent="0" />
      <mem type="survivor" free="0" total="173015040" percent="0" />
    </mem>
    <mem type="tenure" free="837151328" total="1825767424" percent="45">
      <mem type="soa" free="731436904" total="1716220928" percent="42" />
      <mem type="loa" free="105714424" total="109546496" percent="96" />
    </mem>
    <remembered-set count="190777" />
  </mem-info>
</gc-start>
<allocation-stats totalBytes="660859184" >
  <allocated-bytes non-tlh="27825440" tlh="633033744" />
  <largest-consumer threadName="Group1.Backend.CompositeBackend{Tier1}.5" threadId="000000000086AF00" bytes="116137840" />
</allocation-stats>
<gc-op id="5410" type="scavenge" timems="104.114" contextid="5407" timestamp="2020-09-11T13:04:02.383">
  <scavenger-info tenureage="3" tenuremask="7ff8" tiltratio="81" />
  <memory-copied type="nursery" objects="3877516" bytes="103949952" bytesdiscarded="121720" />
  <memory-copied type="tenure" objects="987906" bytes="26541776" bytesdiscarded="125880" />
  <ownableSynchronizers candidates="4232" cleared="3956" />
  <references type="soft" candidates="194" cleared="0" enqueued="0" dynamicThreshold="17" maxThreshold="32" />
  <references type="weak" candidates="103" cleared="103" enqueued="0" />
</gc-op>
<gc-end id="5411" type="scavenge" contextid="5407" durationms="105.042" usertimems="785.421" systemtimems="0.000" timestamp="2020-09-11T13:04:02.384" activeThreads="8">
  <mem-info id="5412" free="1483973520" total="2765291520" percent="53">
    <mem type="nursery" free="673494784" total="939524096" percent="71">
      <mem type="allocate" free="673494784" total="777650176" percent="86" />
      <mem type="survivor" free="0" total="161873920" percent="0" />
    </mem>
    <mem type="tenure" free="810478736" total="1825767424" percent="44" macro-fragmented="0">
      <mem type="soa" free="704764312" total="1716220928" percent="41" />
      <mem type="loa" free="105714424" total="109546496" percent="96" />
    </mem>
    <remembered-set count="29257" />
  </mem-info>
</gc-end>
<cycle-end id="5413" type="scavenge" contextid="5407" timestamp="2020-09-11T13:04:02.385" />
<allocation-satisfied id="5414" threadId="000000000078C200" bytesRequested="16" />
<af-end id="5415" timestamp="2020-09-11T13:04:02.385" threadId="000000000078CB80" success="true" from="nursery"/>
<exclusive-end id="5416" timestamp="2020-09-11T13:04:02.385" durationms="106.971" />

<exclusive-start id="5417" timestamp="2020-09-11T13:04:04.323" intervalms="2044.835">
  <response-info timems="0.532" idlems="0.532" threads="0" lastid="0000000000863200" lastname="Group1.Backend.CompositeBackend{Tier1}.4" />
</exclusive-start>
<af-start id="5418" threadId="0000000000863B80" totalBytesRequested="16" timestamp="2020-09-11T13:04:04.324" intervalms="2044.817" type="nursery" />
<cycle-start id="5419" type="scavenge" contextid="0" timestamp="2020-09-11T13:04:04.324" intervalms="2044.814" />
<gc-start id="5420" type="scavenge" contextid="5419" timestamp="2020-09-11T13:04:04.324">
  <mem-info id="5421" free="810478736" total="2765291520" percent="29">
    <mem type="nursery" free="0" total="939524096" percent="0">
      <mem type="allocate" free="0" total="777650176" percent="0" />
      <mem type="survivor" free="0" total="161873920" percent="0" />
    </mem>
    <mem type="tenure" free="810478736" total="1825767424" percent="44">
      <mem type="soa" free="704764312" total="1716220928" percent="41" />
      <mem type="loa" free="105714424" total="109546496" percent="96" />
    </mem>
    <remembered-set count="189361" />
  </mem-info>
</gc-start>
<allocation-stats totalBytes="673175576" >
  <allocated-bytes non-tlh="32450632" tlh="640724944" />
  <largest-consumer threadName="Group1.Backend.CompositeBackend{Tier1}.5" threadId="000000000086AF00" bytes="104308200" />
</allocation-stats>
<gc-op id="5422" type="scavenge" timems="114.418" contextid="5419" timestamp="2020-09-11T13:04:04.439">
  <scavenger-info tenureage="3" tenuremask="7ff8" tiltratio="82" />
  <memory-copied type="nursery" objects="3989511" bytes="106923600" bytesdiscarded="179520" />
  <memory-copied type="tenure" objects="988330" bytes="26570928" bytesdiscarded="103264" />
  <ownableSynchronizers candidates="3772" cleared="3488" />
  <references type="soft" candidates="201" cleared="0" enqueued="0" dynamicThreshold="17" maxThreshold="32" />
  <references type="weak" candidates="112" cleared="112" enqueued="0" />
</gc-op>
<gc-end id="5423" type="scavenge" contextid="5419" durationms="115.420" usertimems="827.491" systemtimems="1.279" timestamp="2020-09-11T13:04:04.439" activeThreads="8">
  <mem-info id="5424" free="1461976728" total="2765291520" percent="52">
    <mem type="nursery" free="678196736" total="939524096" percent="72">
      <mem type="allocate" free="678196736" total="785383424" percent="86" />
      <mem type="survivor" free="0" total="154140672" percent="0" />
    </mem>
    <mem type="tenure" free="783779992" total="1825767424" percent="42" macro-fragmented="0">
      <mem type="soa" free="678065568" total="1716220928" percent="39" />
      <mem type="loa" free="105714424" total="109546496" percent="96" />
    </mem>
    <remembered-set count="29235" />
  </mem-info>
</gc-end>
<cycle-end id="5425" type="scavenge" contextid="5419" timestamp="2020-09-11T13:04:04.440" />
<allocation-satisfied id="5426" threadId="0000000000863200" bytesRequested="16" />
<af-end id="5427" timestamp="2020-09-11T13:04:04.440" threadId="0000000000863B80" success="true" from="nursery"/>
<exclusive-end id="5428" timestamp="2020-09-11T13:04:04.440" durationms="117.604" />

<exclusive-start id="5429" timestamp="2020-09-11T13:04:06.320" intervalms="1997.188">
  <response-info timems="0.485" idlems="0.485" threads="0" lastid="000000000078C200" lastname="Group1.Backend.CompositeBackend{Tier1}.1" />
</exclusive-start>
<af-start id="5430" threadId="000000000078CB80" totalBytesRequested="784" timestamp="2020-09-11T13:04:06.321" intervalms="1997.265" type="nursery" />
<cycle-start id="5431" type="scavenge" contextid="0" timestamp="2020-09-11T13:04:06.321" intervalms="1997.305" />
<gc-start id="5432" type="scavenge" contextid="5431" timestamp="2020-09-11T13:04:06.321">
  <mem-info id="5433" free="783779992" total="2765291520" percent="28">
    <mem type="nursery" free="0" total="939524096" percent="0">
      <mem type="allocate" free="0" total="785383424" percent="0" />
      <mem type="survivor" free="0" total="154140672" percent="0" />
    </mem>
    <mem type="tenure" free="783779992" total="1825767424" percent="42">
      <mem type="soa" free="678065568" total="1716220928" percent="39" />
      <mem type="loa" free="105714424" total="109546496" percent="96" />
    </mem>
    <remembered-set count="188520" />
  </mem-info>
</gc-start>
<allocation-stats totalBytes="677897784" >
  <allocated-bytes non-tlh="34364352" tlh="643533432" />
  <largest-consumer threadName="Group1.Backend.CompositeBackend{Tier1}.6" threadId="000000000088B400" bytes="96079608" />
</allocation-stats>
<gc-op id="5434" type="scavenge" timems="117.489" contextid="5431" timestamp="2020-09-11T13:04:06.439">
  <scavenger-info tenureage="3" tenuremask="7ff8" tiltratio="83" />
  <memory-copied type="nursery" objects="4222487" bytes="112371200" bytesdiscarded="263608" />
  <memory-copied type="tenure" objects="1022536" bytes="27479016" bytesdiscarded="102760" />
  <ownableSynchronizers candidates="3889" cleared="3623" />
  <references type="soft" candidates="206" cleared="0" enqueued="0" dynamicThreshold="17" maxThreshold="32" />
  <references type="weak" candidates="117" cleared="117" enqueued="0" />
</gc-op>
<gc-end id="5435" type="scavenge" contextid="5431" durationms="118.812" usertimems="872.603" systemtimems="0.000" timestamp="2020-09-11T13:04:06.440" activeThreads="8">
  <mem-info id="5436" free="1433304552" total="2765291520" percent="51">
    <mem type="nursery" free="677123352" total="939524096" percent="72">
      <mem type="allocate" free="677123352" total="789839872" percent="85" />
      <mem type="survivor" free="0" total="149684224" percent="0" />
    </mem>
    <mem type="tenure" free="756181200" total="1825767424" percent="41" macro-fragmented="0">
      <mem type="soa" free="650466776" total="1716220928" percent="37" />
      <mem type="loa" free="105714424" total="109546496" percent="96" />
    </mem>
    <remembered-set count="28860" />
  </mem-info>
</gc-end>
<cycle-end id="5437" type="scavenge" contextid="5431" timestamp="2020-09-11T13:04:06.441" />
<allocation-satisfied id="5438" threadId="000000000078C200" bytesRequested="784" />
<af-end id="5439" timestamp="2020-09-11T13:04:06.442" threadId="000000000078CB80" success="true" from="nursery"/>
<exclusive-end id="5440" timestamp="2020-09-11T13:04:06.442" durationms="121.458" />

<exclusive-start id="5441" timestamp="2020-09-11T13:04:08.369" intervalms="2048.781">
  <response-info timems="0.499" idlems="0.499" threads="0" lastid="00000000008C3100" lastname="Group1.Backend.CompositeBackend{Tier1}.7" />
</exclusive-start>
<af-start id="5442" threadId="00000000008C3A80" totalBytesRequested="16" timestamp="2020-09-11T13:04:08.370" intervalms="2048.987" type="nursery" />
<cycle-start id="5443" type="scavenge" contextid="0" timestamp="2020-09-11T13:04:08.370" intervalms="2049.010" />
<gc-start id="5444" type="scavenge" contextid="5443" timestamp="2020-09-11T13:04:08.370">
  <mem-info id="5445" free="756181200" total="2765291520" percent="27">
    <mem type="nursery" free="0" total="939524096" percent="0">
      <mem type="allocate" free="0" total="789839872" percent="0" />
      <mem type="survivor" free="0" total="149684224" percent="0" />
    </mem>
    <mem type="tenure" free="756181200" total="1825767424" percent="41">
      <mem type="soa" free="650466776" total="1716220928" percent="37" />
      <mem type="loa" free="105714424" total="109546496" percent="96" />
    </mem>
    <remembered-set count="191841" />
  </mem-info>
</gc-start>
<allocation-stats totalBytes="676792176" >
  <allocated-bytes non-tlh="28786104" tlh="648006072" />
  <largest-consumer threadName="Group1.Backend.CompositeBackend{Tier1}.5" threadId="000000000086AF00" bytes="133860872" />
</allocation-stats>
<gc-op id="5446" type="scavenge" timems="111.613" contextid="5443" timestamp="2020-09-11T13:04:08.482">
  <scavenger-info tenureage="3" tenuremask="7ff8" tiltratio="84" />
  <memory-copied type="nursery" objects="4197738" bytes="111764088" bytesdiscarded="181584" />
  <memory-copied type="tenure" objects="1088212" bytes="29249344" bytesdiscarded="121608" />
  <ownableSynchronizers candidates="3279" cleared="3033" />
  <references type="soft" candidates="208" cleared="0" enqueued="0" dynamicThreshold="17" maxThreshold="32" />
  <references type="weak" candidates="118" cleared="118" enqueued="0" />
</gc-op>
<gc-end id="5447" type="scavenge" contextid="5443" durationms="112.571" usertimems="834.985" systemtimems="0.000" timestamp="2020-09-11T13:04:08.483" activeThreads="8">
  <mem-info id="5448" free="1409315144" total="2765291520" percent="50">
    <mem type="nursery" free="682525176" total="939524096" percent="72">
      <mem type="allocate" free="682525176" total="794558464" percent="85" />
      <mem type="survivor" free="0" total="144965632" percent="0" />
    </mem>
    <mem type="tenure" free="726789968" total="1825767424" percent="39" macro-fragmented="0">
      <mem type="soa" free="621075544" total="1716220928" percent="36" />
      <mem type="loa" free="105714424" total="109546496" percent="96" />
    </mem>
    <remembered-set count="29060" />
  </mem-info>
</gc-end>
<cycle-end id="5449" type="scavenge" contextid="5443" timestamp="2020-09-11T13:04:08.484" />
<allocation-satisfied id="5450" threadId="00000000008C3100" bytesRequested="16" />
<af-end id="5451" timestamp="2020-09-11T13:04:08.484" threadId="00000000008C3A80" success="true" from="nursery"/>
<exclusive-end id="5452" timestamp="2020-09-11T13:04:08.484" durationms="114.948" />

<exclusive-start id="5453" timestamp="2020-09-11T13:04:10.436" intervalms="2067.592">
  <response-info timems="7.917" idlems="7.917" threads="0" lastid="000000000086AF00" lastname="Group1.Backend.CompositeBackend{Tier1}.5" />
</exclusive-start>
<af-start id="5454" threadId="000000000086B880" totalBytesRequested="24" timestamp="2020-09-11T13:04:10.438" intervalms="2067.819" type="nursery" />
<cycle-start id="5455" type="scavenge" contextid="0" timestamp="2020-09-11T13:04:10.438" intervalms="2067.791" />
<gc-start id="5456" type="scavenge" contextid="5455" timestamp="2020-09-11T13:04:10.438">
  <mem-info id="5457" free="726789968" total="2765291520" percent="26">
    <mem type="nursery" free="0" total="939524096" percent="0">
      <mem type="allocate" free="0" total="794558464" percent="0" />
      <mem type="survivor" free="0" total="144965632" percent="0" />
    </mem>
    <mem type="tenure" free="726789968" total="1825767424" percent="39">
      <mem type="soa" free="621075544" total="1716220928" percent="36" />
      <mem type="loa" free="105714424" total="109546496" percent="96" />
    </mem>
    <remembered-set count="191746" />
  </mem-info>
</gc-start>
<allocation-stats totalBytes="682208952" >
  <allocated-bytes non-tlh="31685760" tlh="650523192" />
  <largest-consumer threadName="Group1.Backend.CompositeBackend{Tier1}.3" threadId="0000000000819400" bytes="91643368" />
</allocation-stats>
<gc-op id="5458" type="scavenge" timems="107.415" contextid="5455" timestamp="2020-09-11T13:04:10.546">
  <scavenger-info tenureage="3" tenuremask="7ff8" tiltratio="84" />
  <memory-copied type="nursery" objects="4064106" bytes="108895448" bytesdiscarded="194752" />
  <memory-copied type="tenure" objects="1066017" bytes="28672568" bytesdiscarded="104008" />
  <ownableSynchronizers candidates="3031" cleared="2800" />
  <references type="soft" candidates="193" cleared="0" enqueued="0" dynamicThreshold="17" maxThreshold="32" />
  <references type="weak" candidates="117" cleared="117" enqueued="0" />
</gc-op>
<gc-end id="5459" type="scavenge" contextid="5455" durationms="108.489" usertimems="768.016" systemtimems="1.786" timestamp="2020-09-11T13:04:10.547" activeThreads="8">
  <mem-info id="5460" free="1387493296" total="2765291520" percent="50">
    <mem type="nursery" free="689377280" total="939524096" percent="73">
      <mem type="allocate" free="689377280" total="798556160" percent="86" />
      <mem type="survivor" free="0" total="140967936" percent="0" />
    </mem>
    <mem type="tenure" free="698116016" total="1825767424" percent="38" macro-fragmented="0">
      <mem type="soa" free="592401592" total="1716220928" percent="34" />
      <mem type="loa" free="105714424" total="109546496" percent="96" />
    </mem>
    <remembered-set count="29816" />
  </mem-info>
</gc-end>
<cycle-end id="5461" type="scavenge" contextid="5455" timestamp="2020-09-11T13:04:10.548" />
<allocation-satisfied id="5462" threadId="000000000086AF00" bytesRequested="24" />
<af-end id="5463" timestamp="2020-09-11T13:04:10.548" threadId="000000000086B880" success="true" from="nursery"/>
<exclusive-end id="5464" timestamp="2020-09-11T13:04:10.548" durationms="111.272" />

<exclusive-start id="5465" timestamp="2020-09-11T13:04:12.557" intervalms="2120.651">
  <response-info timems="4.271" idlems="4.271" threads="0" lastid="000000000078C200" lastname="Group1.Backend.CompositeBackend{Tier1}.1" />
</exclusive-start>
<af-start id="5466" threadId="000000000078CB80" totalBytesRequested="656" timestamp="2020-09-11T13:04:12.558" intervalms="2120.034" type="nursery" />
<cycle-start id="5467" type="scavenge" contextid="0" timestamp="2020-09-11T13:04:12.558" intervalms="2119.999" />
<gc-start id="5468" type="scavenge" contextid="5467" timestamp="2020-09-11T13:04:12.558">
  <mem-info id="5469" free="698116016" total="2765291520" percent="25">
    <mem type="nursery" free="0" total="939524096" percent="0">
      <mem type="allocate" free="0" total="798556160" percent="0" />
      <mem type="survivor" free="0" total="140967936" percent="0" />
    </mem>
    <mem type="tenure" free="698116016" total="1825767424" percent="38">
      <mem type="soa" free="592401592" total="1716220928" percent="34" />
      <mem type="loa" free="105714424" total="109546496" percent="96" />
    </mem>
    <remembered-set count="193575" />
  </mem-info>
</gc-start>
<allocation-stats totalBytes="689049528" >
  <allocated-bytes non-tlh="30441816" tlh="658607712" />
  <largest-consumer threadName="Group1.Backend.CompositeBackend{Tier1}.1" threadId="000000000078C200" bytes="101070624" />
</allocation-stats>
<gc-op id="5470" type="scavenge" timems="153.779" contextid="5467" timestamp="2020-09-11T13:04:12.712">
  <scavenger-info tenureage="3" tenuremask="7ff8" tiltratio="84" />
  <memory-copied type="nursery" objects="4023978" bytes="108032440" bytesdiscarded="162448" />
  <memory-copied type="tenure" objects="1040410" bytes="27974728" bytesdiscarded="99160" />
  <ownableSynchronizers candidates="4467" cleared="4226" />
  <references type="soft" candidates="190" cleared="0" enqueued="0" dynamicThreshold="17" maxThreshold="32" />
  <references type="weak" candidates="112" cleared="112" enqueued="0" />
</gc-op>
<gc-end id="5471" type="scavenge" contextid="5467" durationms="155.020" usertimems="1119.561" systemtimems="37.949" timestamp="2020-09-11T13:04:12.713" activeThreads="8">
  <mem-info id="5472" free="1364019368" total="2765291520" percent="49">
    <mem type="nursery" free="694083840" total="939524096" percent="73">
      <mem type="allocate" free="694083840" total="802357248" percent="86" />
      <mem type="survivor" free="0" total="137166848" percent="0" />
    </mem>
    <mem type="tenure" free="669935528" total="1825767424" percent="36" macro-fragmented="0">
      <mem type="soa" free="564221104" total="1716220928" percent="32" />
      <mem type="loa" free="105714424" total="109546496" percent="96" />
    </mem>
    <remembered-set count="30903" />
  </mem-info>
</gc-end>
<cycle-end id="5473" type="scavenge" contextid="5467" timestamp="2020-09-11T13:04:12.714" />
<allocation-satisfied id="5474" threadId="000000000078C200" bytesRequested="656" />
<af-end id="5475" timestamp="2020-09-11T13:04:12.715" threadId="000000000078CB80" success="true" from="nursery"/>
<exclusive-end id="5476" timestamp="2020-09-11T13:04:12.715" durationms="157.489" />

<exclusive-start id="5477" timestamp="2020-09-11T13:04:14.587" intervalms="2030.004">
  <response-info timems="2.123" idlems="2.123" threads="0" lastid="0000000000819400" lastname="Group1.Backend.CompositeBackend{Tier1}.3" />
</exclusive-start>
<af-start id="5478" threadId="0000000000819D80" totalBytesRequested="16" timestamp="2020-09-11T13:04:14.588" intervalms="2030.182" type="nursery" />
<cycle-start id="5479" type="scavenge" contextid="0" timestamp="2020-09-11T13:04:14.588" intervalms="2030.193" />
<gc-start id="5480" type="scavenge" contextid="5479" timestamp="2020-09-11T13:04:14.588">
  <mem-info id="5481" free="669935528" total="2765291520" percent="24">
    <mem type="nursery" free="0" total="939524096" percent="0">
      <mem type="allocate" free="0" total="802357248" percent="0" />
      <mem type="survivor" free="0" total="137166848" percent="0" />
    </mem>
    <mem type="tenure" free="669935528" total="1825767424" percent="36">
      <mem type="soa" free="564221104" total="1716220928" percent="32" />
      <mem type="loa" free="105714424" total="109546496" percent="96" />
    </mem>
    <remembered-set count="190195" />
  </mem-info>
</gc-start>
<allocation-stats totalBytes="693749936" >
  <allocated-bytes non-tlh="37301264" tlh="656448672" />
  <largest-consumer threadName="Group1.Backend.CompositeBackend{Tier1}.1" threadId="000000000078C200" bytes="95971672" />
</allocation-stats>
<gc-op id="5482" type="scavenge" timems="154.720" contextid="5479" timestamp="2020-09-11T13:04:14.743">
  <scavenger-info tenureage="3" tenuremask="7ff8" tiltratio="85" />
  <memory-copied type="nursery" objects="4590625" bytes="120628080" bytesdiscarded="287248" />
  <memory-copied type="tenure" objects="1083049" bytes="29108312" bytesdiscarded="105528" />
  <ownableSynchronizers candidates="4129" cleared="3889" />
  <references type="soft" candidates="174" cleared="0" enqueued="0" dynamicThreshold="17" maxThreshold="32" />
  <references type="weak" candidates="103" cleared="103" enqueued="0" />
</gc-op>
<gc-end id="5483" type="scavenge" contextid="5479" durationms="166.628" usertimems="1151.110" systemtimems="15.998" timestamp="2020-09-11T13:04:14.755" activeThreads="8">
  <mem-info id="5484" free="1312299480" total="2765291520" percent="47">
    <mem type="nursery" free="671665872" total="939524096" percent="71">
      <mem type="allocate" free="671665872" total="792657920" percent="84" />
      <mem type="survivor" free="0" total="146866176" percent="0" />
    </mem>
    <mem type="tenure" free="640633608" total="1825767424" percent="35" macro-fragmented="0">
      <mem type="soa" free="534919184" total="1716220928" percent="31" />
      <mem type="loa" free="105714424" total="109546496" percent="96" />
    </mem>
    <remembered-set count="30153" />
  </mem-info>
</gc-end>
<cycle-end id="5485" type="scavenge" contextid="5479" timestamp="2020-09-11T13:04:14.757" />
<allocation-satisfied id="5486" threadId="0000000000819400" bytesRequested="16" />
<af-end id="5487" timestamp="2020-09-11T13:04:14.757" threadId="0000000000819D80" success="true" from="nursery"/>
<exclusive-end id="5488" timestamp="2020-09-11T13:04:14.757" durationms="169.747" />

<exclusive-start id="5489" timestamp="2020-09-11T13:04:16.727" intervalms="2140.325">
  <response-info timems="0.618" idlems="0.312" threads="1" lastid="000000000086AF00" lastname="Group1.Backend.CompositeBackend{Tier1}.5" />
</exclusive-start>
<af-start id="5490" threadId="0000000000863B80" totalBytesRequested="120" timestamp="2020-09-11T13:04:16.728" intervalms="2140.250" type="nursery" />
<cycle-start id="5491" type="scavenge" contextid="0" timestamp="2020-09-11T13:04:16.728" intervalms="2140.269" />
<gc-start id="5492" type="scavenge" contextid="5491" timestamp="2020-09-11T13:04:16.729">
  <mem-info id="5493" free="640633608" total="2765291520" percent="23">
    <mem type="nursery" free="0" total="939524096" percent="0">
      <mem type="allocate" free="0" total="792657920" percent="0" />
      <mem type="survivor" free="0" total="146866176" percent="0" />
    </mem>
    <mem type="tenure" free="640633608" total="1825767424" percent="35">
      <mem type="soa" free="534919184" total="1716220928" percent="31" />
      <mem type="loa" free="105714424" total="109546496" percent="96" />
    </mem>
    <remembered-set count="194901" />
  </mem-info>
</gc-start>
<allocation-stats totalBytes="671332056" >
  <allocated-bytes non-tlh="25032520" tlh="646299536" />
  <largest-consumer threadName="Group1.Backend.CompositeBackend{Tier1}.1" threadId="000000000078C200" bytes="128151488" />
</allocation-stats>
<gc-op id="5494" type="scavenge" timems="110.812" contextid="5491" timestamp="2020-09-11T13:04:16.840">
  <scavenger-info tenureage="3" tenuremask="7ff8" tiltratio="84" />
  <memory-copied type="nursery" objects="4057229" bytes="108961104" bytesdiscarded="241720" />
  <memory-copied type="tenure" objects="1075630" bytes="28904680" bytesdiscarded="115744" />
  <ownableSynchronizers candidates="4422" cleared="4159" />
  <references type="soft" candidates="193" cleared="0" enqueued="0" dynamicThreshold="17" maxThreshold="32" />
  <references type="weak" candidates="122" cleared="122" enqueued="0" />
</gc-op>
<gc-end id="5495" type="scavenge" contextid="5491" durationms="111.901" usertimems="817.563" systemtimems="0.000" timestamp="2020-09-11T13:04:16.840" activeThreads="8">
  <mem-info id="5496" free="1297467608" total="2765291520" percent="46">
    <mem type="nursery" free="685726976" total="939524096" percent="72">
      <mem type="allocate" free="685726976" total="795017216" percent="86" />
      <mem type="survivor" free="0" total="144506880" percent="0" />
    </mem>
    <mem type="tenure" free="611740632" total="1825767424" percent="33" macro-fragmented="0">
      <mem type="soa" free="506026208" total="1716220928" percent="29" />
      <mem type="loa" free="105714424" total="109546496" percent="96" />
    </mem>
    <remembered-set count="28954" />
  </mem-info>
</gc-end>
<cycle-end id="5497" type="scavenge" contextid="5491" timestamp="2020-09-11T13:04:16.842" />
<allocation-satisfied id="5498" threadId="0000000000863200" bytesRequested="120" />
<af-end id="5499" timestamp="2020-09-11T13:04:16.842" threadId="0000000000863B80" success="true" from="nursery"/>
<exclusive-end id="5500" timestamp="2020-09-11T13:04:16.842" durationms="114.276" />

<exclusive-start id="5501" timestamp="2020-09-11T13:04:18.786" intervalms="2058.189">
  <response-info timems="0.366" idlems="0.366" threads="0" lastid="00000000007EB800" lastname="Group1.Backend.CompositeBackend{Tier1}.2" />
</exclusive-start>
<af-start id="5502" threadId="00000000007EC180" totalBytesRequested="24" timestamp="2020-09-11T13:04:18.786" intervalms="2058.115" type="nursery" />
<cycle-start id="5503" type="scavenge" contextid="0" timestamp="2020-09-11T13:04:18.786" intervalms="2058.084" />
<gc-start id="5504" type="scavenge" contextid="5503" timestamp="2020-09-11T13:04:18.787">
  <mem-info id="5505" free="611740632" total="2765291520" percent="22">
    <mem type="nursery" free="0" total="939524096" percent="0">
      <mem type="allocate" free="0" total="795017216" percent="0" />
      <mem type="survivor" free="0" total="144506880" percent="0" />
    </mem>
    <mem type="tenure" free="611740632" total="1825767424" percent="33">
      <mem type="soa" free="506026208" total="1716220928" percent="29" />
      <mem type="loa" free="105714424" total="109546496" percent="96" />
    </mem>
    <remembered-set count="189800" />
  </mem-info>
</gc-start>
<allocation-stats totalBytes="685421696" >
  <allocated-bytes non-tlh="33136824" tlh="652284872" />
  <largest-consumer threadName="Group1.Backend.CompositeBackend{Tier1}.3" threadId="0000000000819400" bytes="148521624" />
</allocation-stats>
<gc-op id="5506" type="scavenge" timems="116.373" contextid="5503" timestamp="2020-09-11T13:04:18.903">
  <scavenger-info tenureage="3" tenuremask="7ff8" tiltratio="84" />
  <memory-copied type="nursery" objects="4073880" bytes="109386056" bytesdiscarded="188280" />
  <memory-copied type="tenure" objects="1086546" bytes="29229984" bytesdiscarded="110704" />
  <ownableSynchronizers candidates="4104" cleared="3823" />
  <references type="soft" candidates="192" cleared="0" enqueued="0" dynamicThreshold="17" maxThreshold="32" />
  <references type="weak" candidates="107" cleared="107" enqueued="0" />
</gc-op>
<gc-end id="5507" type="scavenge" contextid="5503" durationms="117.268" usertimems="857.751" systemtimems="0.000" timestamp="2020-09-11T13:04:18.904" activeThreads="8">
  <mem-info id="5508" free="1272131488" total="2765291520" percent="46">
    <mem type="nursery" free="689682424" total="939524096" percent="73">
      <mem type="allocate" free="689682424" total="799342592" percent="86" />
      <mem type="survivor" free="0" total="140181504" percent="0" />
    </mem>
    <mem type="tenure" free="582449064" total="1825767424" percent="31" macro-fragmented="0">
      <mem type="soa" free="476734640" total="1716220928" percent="27" />
      <mem type="loa" free="105714424" total="109546496" percent="96" />
    </mem>
    <remembered-set count="29368" />
  </mem-info>
</gc-end>
<cycle-end id="5509" type="scavenge" contextid="5503" timestamp="2020-09-11T13:04:18.905" />
<allocation-satisfied id="5510" threadId="00000000007EB800" bytesRequested="24" />
<af-end id="5511" timestamp="2020-09-11T13:04:18.905" threadId="00000000007EC180" success="true" from="nursery"/>
<exclusive-end id="5512" timestamp="2020-09-11T13:04:18.905" durationms="119.338" />

<exclusive-start id="5513" timestamp="2020-09-11T13:04:20.877" intervalms="2091.390">
  <response-info timems="5.421" idlems="5.421" threads="0" lastid="00000000007EB800" lastname="Group1.Backend.CompositeBackend{Tier1}.2" />
</exclusive-start>
<af-start id="5514" threadId="00000000007EC180" totalBytesRequested="1032" timestamp="2020-09-11T13:04:20.878" intervalms="2091.890" type="nursery" />
<cycle-start id="5515" type="scavenge" contextid="0" timestamp="2020-09-11T13:04:20.878" intervalms="2091.984" />
<gc-start id="5516" type="scavenge" contextid="5515" timestamp="2020-09-11T13:04:20.879">
  <mem-info id="5517" free="582449064" total="2765291520" percent="21">
    <mem type="nursery" free="0" total="939524096" percent="0">
      <mem type="allocate" free="0" total="799342592" percent="0" />
      <mem type="survivor" free="0" total="140181504" percent="0" />
    </mem>
    <mem type="tenure" free="582449064" total="1825767424" percent="31">
      <mem type="soa" free="476734640" total="1716220928" percent="27" />
      <mem type="loa" free="105714424" total="109546496" percent="96" />
    </mem>
    <remembered-set count="193528" />
  </mem-info>
</gc-start>
<allocation-stats totalBytes="689339552" >
  <allocated-bytes non-tlh="29062056" tlh="660277496" />
  <largest-consumer threadName="Group1.Backend.CompositeBackend{Tier1}.6" threadId="000000000088B400" bytes="128399088" />
</allocation-stats>
<gc-op id="5518" type="scavenge" timems="132.766" contextid="5515" timestamp="2020-09-11T13:04:21.012">
  <scavenger-info tenureage="3" tenuremask="7ff8" tiltratio="85" />
  <memory-copied type="nursery" objects="4314419" bytes="115367976" bytesdiscarded="242328" />
  <memory-copied type="tenure" objects="1067781" bytes="28701240" bytesdiscarded="126264" />
  <ownableSynchronizers candidates="3762" cleared="3490" />
  <references type="soft" candidates="207" cleared="0" enqueued="0" dynamicThreshold="17" maxThreshold="32" />
  <references type="weak" candidates="98" cleared="98" enqueued="0" />
</gc-op>
<gc-end id="5519" type="scavenge" contextid="5515" durationms="134.127" usertimems="962.074" systemtimems="13.691" timestamp="2020-09-11T13:04:21.013" activeThreads="8">
  <mem-info id="5520" free="1238070880" total="2765291520" percent="44">
    <mem type="nursery" free="684494696" total="939524096" percent="72">
      <mem type="allocate" free="684494696" total="800194560" percent="85" />
      <mem type="survivor" free="0" total="139329536" percent="0" />
    </mem>
    <mem type="tenure" free="553576184" total="1825767424" percent="30" macro-fragmented="0">
      <mem type="soa" free="447861760" total="1716220928" percent="26" />
      <mem type="loa" free="105714424" total="109546496" percent="96" />
    </mem>
    <remembered-set count="28430" />
  </mem-info>
</gc-end>
<cycle-end id="5521" type="scavenge" contextid="5515" timestamp="2020-09-11T13:04:21.014" />
<allocation-satisfied id="5522" threadId="00000000007EB800" bytesRequested="1032" />
<af-end id="5523" timestamp="2020-09-11T13:04:21.014" threadId="00000000007EC180" success="true" from="nursery"/>
<exclusive-end id="5524" timestamp="2020-09-11T13:04:21.014" durationms="137.227" />

<exclusive-start id="5525" timestamp="2020-09-11T13:04:22.844" intervalms="1967.383">
  <response-info timems="0.708" idlems="0.708" threads="0" lastid="000000000078C200" lastname="Group1.Backend.CompositeBackend{Tier1}.1" />
</exclusive-start>
<af-start id="5526" threadId="000000000078CB80" totalBytesRequested="16" timestamp="2020-09-11T13:04:22.845" intervalms="1967.030" type="nursery" />
<cycle-start id="5527" type="scavenge" contextid="0" timestamp="2020-09-11T13:04:22.845" intervalms="1966.964" />
<gc-start id="5528" type="scavenge" contextid="5527" timestamp="2020-09-11T13:04:22.846">
  <mem-info id="5529" free="553576184" total="2765291520" percent="20">
    <mem type="nursery" free="0" total="939524096" percent="0">
      <mem type="allocate" free="0" total="800194560" percent="0" />
      <mem type="survivor" free="0" total="139329536" percent="0" />
    </mem>
    <mem type="tenure" free="553576184" total="1825767424" percent="30">
      <mem type="soa" free="447861760" total="1716220928" percent="26" />
      <mem type="loa" free="105714424" total="109546496" percent="96" />
    </mem>
    <remembered-set count="184115" />
  </mem-info>
</gc-start>
<allocation-stats totalBytes="684173448" >
  <allocated-bytes non-tlh="42696808" tlh="641476640" />
  <largest-consumer threadName="Group1.Backend.CompositeBackend{Tier1}.7" threadId="00000000008C3100" bytes="117144960" />
</allocation-stats>
<gc-op id="5530" type="scavenge" timems="111.405" contextid="5527" timestamp="2020-09-11T13:04:22.957">
  <scavenger-info tenureage="3" tenuremask="7ff8" tiltratio="85" />
  <memory-copied type="nursery" objects="4199845" bytes="112018624" bytesdiscarded="108672" />
  <memory-copied type="tenure" objects="1128236" bytes="30358040" bytesdiscarded="123440" />
  <ownableSynchronizers candidates="4157" cleared="3887" />
  <references type="soft" candidates="179" cleared="0" enqueued="0" dynamicThreshold="17" maxThreshold="32" />
  <references type="weak" candidates="103" cleared="103" enqueued="0" />
</gc-op>
<gc-end id="5531" type="scavenge" contextid="5527" durationms="112.347" usertimems="849.557" systemtimems="6.706" timestamp="2020-09-11T13:04:22.958" activeThreads="8">
  <mem-info id="5532" free="1213081952" total="2765291520" percent="43">
    <mem type="nursery" free="690018152" total="939524096" percent="73">
      <mem type="allocate" free="690018152" total="802226176" percent="86" />
      <mem type="survivor" free="0" total="137297920" percent="0" />
    </mem>
    <mem type="tenure" free="523063800" total="1825767424" percent="28" macro-fragmented="0">
      <mem type="soa" free="417349376" total="1716220928" percent="24" />
      <mem type="loa" free="105714424" total="109546496" percent="96" />
    </mem>
    <remembered-set count="28419" />
  </mem-info>
</gc-end>
<cycle-end id="5533" type="scavenge" contextid="5527" timestamp="2020-09-11T13:04:22.959" />
<allocation-satisfied id="5534" threadId="000000000078C200" bytesRequested="16" />
<af-end id="5535" timestamp="2020-09-11T13:04:22.959" threadId="000000000078CB80" success="true" from="nursery"/>
<exclusive-end id="5536" timestamp="2020-09-11T13:04:22.959" durationms="114.607" />

<exclusive-start id="5537" timestamp="2020-09-11T13:04:25.061" intervalms="2217.017">
  <response-info timems="0.501" idlems="0.501" threads="0" lastid="0000000000863200" lastname="Group1.Backend.CompositeBackend{Tier1}.4" />
</exclusive-start>
<af-start id="5538" threadId="0000000000863B80" totalBytesRequested="24" timestamp="2020-09-11T13:04:25.062" intervalms="2216.955" type="nursery" />
<cycle-start id="5539" type="scavenge" contextid="0" timestamp="2020-09-11T13:04:25.062" intervalms="2216.959" />
<gc-start id="5540" type="scavenge" contextid="5539" timestamp="2020-09-11T13:04:25.063">
  <mem-info id="5541" free="523063800" total="2765291520" percent="18">
    <mem type="nursery" free="0" total="939524096" percent="0">
      <mem type="allocate" free="0" total="802226176" percent="0" />
      <mem type="survivor" free="0" total="137297920" percent="0" />
    </mem>
    <mem type="tenure" free="523063800" total="1825767424" percent="28">
      <mem type="soa" free="417349376" total="1716220928" percent="24" />
      <mem type="loa" free="105714424" total="109546496" percent="96" />
    </mem>
    <remembered-set count="197065" />
  </mem-info>
</gc-start>
<allocation-stats totalBytes="689681040" >
  <allocated-bytes non-tlh="21464280" tlh="668216760" />
  <largest-consumer threadName="Group1.Backend.CompositeBackend{Tier1}.7" threadId="00000000008C3100" bytes="127076144" />
</allocation-stats>
<gc-op id="5542" type="scavenge" timems="115.927" contextid="5539" timestamp="2020-09-11T13:04:25.179">
  <scavenger-info tenureage="3" tenuremask="7ff8" tiltratio="85" />
  <memory-copied type="nursery" objects="4160239" bytes="111379376" bytesdiscarded="159192" />
  <memory-copied type="tenure" objects="1068120" bytes="28835288" bytesdiscarded="128688" />
  <ownableSynchronizers candidates="4226" cleared="3958" />
  <references type="soft" candidates="182" cleared="0" enqueued="0" dynamicThreshold="17" maxThreshold="32" />
  <references type="weak" candidates="117" cleared="117" enqueued="0" />
</gc-op>
<gc-end id="5543" type="scavenge" contextid="5539" durationms="117.129" usertimems="883.105" systemtimems="0.000" timestamp="2020-09-11T13:04:25.180" activeThreads="8">
  <mem-info id="5544" free="1187104840" total="2765291520" percent="42">
    <mem type="nursery" free="692962552" total="939524096" percent="73">
      <mem type="allocate" free="692962552" total="804585472" percent="86" />
      <mem type="survivor" free="0" total="134938624" percent="0" />
    </mem>
    <mem type="tenure" free="494142288" total="1825767424" percent="27" macro-fragmented="0">
      <mem type="soa" free="388427864" total="1716220928" percent="22" />
      <mem type="loa" free="105714424" total="109546496" percent="96" />
    </mem>
    <remembered-set count="29413" />
  </mem-info>
</gc-end>
<cycle-end id="5545" type="scavenge" contextid="5539" timestamp="2020-09-11T13:04:25.181" />
<allocation-satisfied id="5546" threadId="0000000000863200" bytesRequested="24" />
<af-end id="5547" timestamp="2020-09-11T13:04:25.181" threadId="0000000000863B80" success="true" from="nursery"/>
<exclusive-end id="5548" timestamp="2020-09-11T13:04:25.181" durationms="119.642" />

<exclusive-start id="5549" timestamp="2020-09-11T13:04:27.106" intervalms="2044.804">
  <response-info timems="0.547" idlems="0.547" threads="0" lastid="00000000007EB800" lastname="Group1.Backend.CompositeBackend{Tier1}.2" />
</exclusive-start>
<af-start id="5550" threadId="00000000007EC180" totalBytesRequested="24" timestamp="2020-09-11T13:04:27.107" intervalms="2044.859" type="nursery" />
<cycle-start id="5551" type="scavenge" contextid="0" timestamp="2020-09-11T13:04:27.107" intervalms="2044.873" />
<gc-start id="5552" type="scavenge" contextid="5551" timestamp="2020-09-11T13:04:27.108">
  <mem-info id="5553" free="494142288" total="2765291520" percent="17">
    <mem type="nursery" free="0" total="939524096" percent="0">
      <mem type="allocate" free="0" total="804585472" percent="0" />
      <mem type="survivor" free="0" total="134938624" percent="0" />
    </mem>
    <mem type="tenure" free="494142288" total="1825767424" percent="27">
      <mem type="soa" free="388427864" total="1716220928" percent="22" />
      <mem type="loa" free="105714424" total="109546496" percent="96" />
    </mem>
    <remembered-set count="191538" />
  </mem-info>
</gc-start>
<allocation-stats totalBytes="692648208" >
  <allocated-bytes non-tlh="35985480" tlh="656662728" />
  <largest-consumer threadName="Group1.Backend.CompositeBackend{Tier1}.3" threadId="0000000000819400" bytes="106339888" />
</allocation-stats>
<gc-op id="5554" type="scavenge" timems="106.631" contextid="5551" timestamp="2020-09-11T13:04:27.214">
  <scavenger-info tenureage="3" tenuremask="7ff8" tiltratio="85" />
  <memory-copied type="nursery" objects="4081461" bytes="109307416" bytesdiscarded="118784" />
  <memory-copied type="tenure" objects="1118470" bytes="30080920" bytesdiscarded="109624" />
  <ownableSynchronizers candidates="2721" cleared="2480" />
  <references type="soft" candidates="173" cleared="0" enqueued="0" dynamicThreshold="17" maxThreshold="32" />
  <references type="weak" candidates="118" cleared="118" enqueued="0" />
</gc-op>
<gc-end id="5555" type="scavenge" contextid="5551" durationms="107.928" usertimems="843.955" systemtimems="0.149" timestamp="2020-09-11T13:04:27.215" activeThreads="8">
  <mem-info id="5556" free="1161034392" total="2765291520" percent="41">
    <mem type="nursery" free="697112312" total="939524096" percent="74">
      <mem type="allocate" free="697112312" total="806617088" percent="86" />
      <mem type="survivor" free="0" total="132907008" percent="0" />
    </mem>
    <mem type="tenure" free="463922080" total="1825767424" percent="25" macro-fragmented="0">
      <mem type="soa" free="358207656" total="1716220928" percent="20" />
      <mem type="loa" free="105714424" total="109546496" percent="96" />
    </mem>
    <remembered-set count="30510" />
  </mem-info>
</gc-end>
<cycle-end id="5557" type="scavenge" contextid="5551" timestamp="2020-09-11T13:04:27.216" />
<allocation-satisfied id="5558" threadId="00000000007EB800" bytesRequested="24" />
<af-end id="5559" timestamp="2020-09-11T13:04:27.216" threadId="00000000007EC180" success="true" from="nursery"/>
<exclusive-end id="5560" timestamp="2020-09-11T13:04:27.216" durationms="110.237" />

<exclusive-start id="5561" timestamp="2020-09-11T13:04:29.280" intervalms="2173.376">
  <response-info timems="8.333" idlems="8.333" threads="0" lastid="00000000008C3100" lastname="Group1.Backend.CompositeBackend{Tier1}.7" />
</exclusive-start>
<af-start id="5562" threadId="00000000008C3A80" totalBytesRequested="24" timestamp="2020-09-11T13:04:29.281" intervalms="2173.980" type="nursery" />
<cycle-start id="5563" type="scavenge" contextid="0" timestamp="2020-09-11T13:04:29.281" intervalms="2174.142" />
<gc-start id="5564" type="scavenge" contextid="5563" timestamp="2020-09-11T13:04:29.282">
  <mem-info id="5565" free="463922080" total="2765291520" percent="16">
    <mem type="nursery" free="0" total="939524096" percent="0">
      <mem type="allocate" free="0" total="806617088" percent="0" />
      <mem type="survivor" free="0" total="132907008" percent="0" />
    </mem>
    <mem type="tenure" free="463922080" total="1825767424" percent="25">
      <mem type="soa" free="358207656" total="1716220928" percent="20" />
      <mem type="loa" free="105714424" total="109546496" percent="96" />
    </mem>
    <remembered-set count="196399" />
  </mem-info>
</gc-start>
<allocation-stats totalBytes="696762576" >
  <allocated-bytes non-tlh="26350432" tlh="670412144" />
  <largest-consumer threadName="Group1.Backend.CompositeBackend{Tier1}.5" threadId="000000000086AF00" bytes="134824752" />
</allocation-stats>
<gc-op id="5566" type="scavenge" timems="151.914" contextid="5563" timestamp="2020-09-11T13:04:29.434">
  <scavenger-info tenureage="3" tenuremask="7ff8" tiltratio="85" />
  <memory-copied type="nursery" objects="4524442" bytes="119355584" bytesdiscarded="135760" />
  <memory-copied type="tenure" objects="1008766" bytes="27122608" bytesdiscarded="127472" />
  <ownableSynchronizers candidates="3651" cleared="3419" />
  <references type="soft" candidates="182" cleared="0" enqueued="0" dynamicThreshold="17" maxThreshold="32" />
  <references type="weak" candidates="112" cleared="112" enqueued="0" />
</gc-op>
<gc-end id="5567" type="scavenge" contextid="5563" durationms="152.950" usertimems="1156.079" systemtimems="13.374" timestamp="2020-09-11T13:04:29.434" activeThreads="8">
  <mem-info id="5568" free="1114015416" total="2765291520" percent="40">
    <mem type="nursery" free="677404648" total="939524096" percent="72">
      <mem type="allocate" free="677404648" total="796983296" percent="84" />
      <mem type="survivor" free="0" total="142540800" percent="0" />
    </mem>
    <mem type="tenure" free="436610768" total="1825767424" percent="23" macro-fragmented="0">
      <mem type="soa" free="330896344" total="1716220928" percent="19" />
      <mem type="loa" free="105714424" total="109546496" percent="96" />
    </mem>
    <remembered-set count="31073" />
  </mem-info>
</gc-end>
<cycle-end id="5569" type="scavenge" contextid="5563" timestamp="2020-09-11T13:04:29.436" />
<allocation-satisfied id="5570" threadId="00000000008C3100" bytesRequested="24" />
<af-end id="5571" timestamp="2020-09-11T13:04:29.436" threadId="00000000008C3A80" success="true" from="nursery"/>
<exclusive-end id="5572" timestamp="2020-09-11T13:04:29.436" durationms="156.034" />

<exclusive-start id="5573" timestamp="2020-09-11T13:04:31.281" intervalms="2001.420">
  <response-info timems="0.858" idlems="0.541" threads="1" lastid="0000000000863200" lastname="Group1.Backend.CompositeBackend{Tier1}.4" />
</exclusive-start>
<af-start id="5574" threadId="0000000000A13880" totalBytesRequested="8056" timestamp="2020-09-11T13:04:31.282" intervalms="2000.878" type="nursery" />
<cycle-start id="5575" type="scavenge" contextid="0" timestamp="2020-09-11T13:04:31.282" intervalms="2000.712" />
<gc-start id="5576" type="scavenge" contextid="5575" timestamp="2020-09-11T13:04:31.282">
  <mem-info id="5577" free="436610768" total="2765291520" percent="15">
    <mem type="nursery" free="0" total="939524096" percent="0">
      <mem type="allocate" free="0" total="796983296" percent="0" />
      <mem type="survivor" free="0" total="142540800" percent="0" />
    </mem>
    <mem type="tenure" free="436610768" total="1825767424" percent="23">
      <mem type="soa" free="330896344" total="1716220928" percent="19" />
      <mem type="loa" free="105714424" total="109546496" percent="96" />
    </mem>
    <remembered-set count="189890" />
  </mem-info>
</gc-start>
<allocation-stats totalBytes="677077144" >
  <allocated-bytes non-tlh="36869936" tlh="640207208" />
  <largest-consumer threadName="Group1.Backend.CompositeBackend{Tier1}.5" threadId="000000000086AF00" bytes="122634056" />
</allocation-stats>
<gc-op id="5578" type="scavenge" timems="114.978" contextid="5575" timestamp="2020-09-11T13:04:31.397">
  <scavenger-info tenureage="3" tenuremask="7ff8" tiltratio="84" />
  <memory-copied type="nursery" objects="4300214" bytes="114425280" bytesdiscarded="280232" />
  <memory-copied type="tenure" objects="1162188" bytes="31234056" bytesdiscarded="140384" />
  <ownableSynchronizers candidates="4060" cleared="3823" />
  <references type="soft" candidates="178" cleared="0" enqueued="0" dynamicThreshold="17" maxThreshold="32" />
  <references type="weak" candidates="94" cleared="93" enqueued="0" />
</gc-op>
<gc-end id="5579" type="scavenge" contextid="5575" durationms="116.108" usertimems="900.501" systemtimems="0.000" timestamp="2020-09-11T13:04:31.398" activeThreads="8">
  <mem-info id="5580" free="1089284984" total="2765291520" percent="39">
    <mem type="nursery" free="683965960" total="939524096" percent="72">
      <mem type="allocate" free="683965960" total="798752768" percent="85" />
      <mem type="survivor" free="0" total="140771328" percent="0" />
    </mem>
    <mem type="tenure" free="405319024" total="1825767424" percent="22" macro-fragmented="0">
      <mem type="soa" free="299604600" total="1716220928" percent="17" />
      <mem type="loa" free="105714424" total="109546496" percent="96" />
    </mem>
    <remembered-set count="30087" />
  </mem-info>
</gc-end>
<cycle-end id="5581" type="scavenge" contextid="5575" timestamp="2020-09-11T13:04:31.400" />
<allocation-satisfied id="5582" threadId="0000000000A12F00" bytesRequested="8056" />
<af-end id="5583" timestamp="2020-09-11T13:04:31.400" threadId="0000000000A13880" success="true" from="nursery"/>
<exclusive-end id="5584" timestamp="2020-09-11T13:04:31.400" durationms="118.852" />

<exclusive-start id="5585" timestamp="2020-09-11T13:04:33.291" intervalms="2009.518">
  <response-info timems="0.425" idlems="0.425" threads="0" lastid="00000000008C3100" lastname="Group1.Backend.CompositeBackend{Tier1}.7" />
</exclusive-start>
<af-start id="5586" threadId="00000000008C3A80" totalBytesRequested="16" timestamp="2020-09-11T13:04:33.291" intervalms="2009.451" type="nursery" />
<cycle-start id="5587" type="scavenge" contextid="0" timestamp="2020-09-11T13:04:33.292" intervalms="2009.621" />
<gc-start id="5588" type="scavenge" contextid="5587" timestamp="2020-09-11T13:04:33.292">
  <mem-info id="5589" free="405319024" total="2765291520" percent="14">
    <mem type="nursery" free="0" total="939524096" percent="0">
      <mem type="allocate" free="0" total="798752768" percent="0" />
      <mem type="survivor" free="0" total="140771328" percent="0" />
    </mem>
    <mem type="tenure" free="405319024" total="1825767424" percent="22">
      <mem type="soa" free="299604600" total="1716220928" percent="17" />
      <mem type="loa" free="105714424" total="109546496" percent="96" />
    </mem>
    <remembered-set count="188835" />
  </mem-info>
</gc-start>
<allocation-stats totalBytes="683630968" >
  <allocated-bytes non-tlh="35477200" tlh="648153768" />
  <largest-consumer threadName="Group1.Backend.CompositeBackend{Tier1}.7" threadId="00000000008C3100" bytes="107802528" />
</allocation-stats>
<gc-op id="5590" type="scavenge" timems="111.867" contextid="5587" timestamp="2020-09-11T13:04:33.404">
  <scavenger-info tenureage="3" tenuremask="7ff8" tiltratio="85" />
  <memory-copied type="nursery" objects="4513919" bytes="118589976" bytesdiscarded="160592" />
  <memory-copied type="tenure" objects="1058254" bytes="28421296" bytesdiscarded="121432" />
  <ownableSynchronizers candidates="4813" cleared="4563" />
  <references type="soft" candidates="194" cleared="0" enqueued="0" dynamicThreshold="17" maxThreshold="32" />
  <references type="weak" candidates="117" cleared="117" enqueued="0" />
</gc-op>
<gc-end id="5591" type="scavenge" contextid="5587" durationms="113.219" usertimems="830.525" systemtimems="1.977" timestamp="2020-09-11T13:04:33.405" activeThreads="8">
  <mem-info id="5592" free="1059327376" total="2765291520" percent="38">
    <mem type="nursery" free="682541792" total="939524096" percent="72">
      <mem type="allocate" free="682541792" total="801374208" percent="85" />
      <mem type="survivor" free="0" total="138149888" percent="0" />
    </mem>
    <mem type="tenure" free="376785584" total="1825767424" percent="20" macro-fragmented="0">
      <mem type="soa" free="271071160" total="1716220928" percent="15" />
      <mem type="loa" free="105714424" total="109546496" percent="96" />
    </mem>
    <remembered-set count="28016" />
  </mem-info>
</gc-end>
<cycle-end id="5593" type="scavenge" contextid="5587" timestamp="2020-09-11T13:04:33.406" />
<allocation-satisfied id="5594" threadId="00000000008C3100" bytesRequested="16" />
<af-end id="5595" timestamp="2020-09-11T13:04:33.406" threadId="00000000008C3A80" success="true" from="nursery"/>
<exclusive-end id="5596" timestamp="2020-09-11T13:04:33.406" durationms="115.816" />

<exclusive-start id="5597" timestamp="2020-09-11T13:04:35.382" intervalms="2091.740">
  <response-info timems="0.553" idlems="0.553" threads="0" lastid="0000000000819400" lastname="Group1.Backend.CompositeBackend{Tier1}.3" />
</exclusive-start>
<af-start id="5598" threadId="0000000000819D80" totalBytesRequested="24" timestamp="2020-09-11T13:04:35.383" intervalms="2091.632" type="nursery" />
<cycle-start id="5599" type="scavenge" contextid="0" timestamp="2020-09-11T13:04:35.383" intervalms="2091.454" />
<gc-start id="5600" type="scavenge" contextid="5599" timestamp="2020-09-11T13:04:35.383">
  <mem-info id="5601" free="376785584" total="2765291520" percent="13">
    <mem type="nursery" free="0" total="939524096" percent="0">
      <mem type="allocate" free="0" total="801374208" percent="0" />
      <mem type="survivor" free="0" total="138149888" percent="0" />
    </mem>
    <mem type="tenure" free="376785584" total="1825767424" percent="20">
      <mem type="soa" free="271071160" total="1716220928" percent="15" />
      <mem type="loa" free="105714424" total="109546496" percent="96" />
    </mem>
    <remembered-set count="192256" />
  </mem-info>
</gc-start>
<allocation-stats totalBytes="682208016" >
  <allocated-bytes non-tlh="29811344" tlh="652396672" />
  <largest-consumer threadName="Group1.Backend.CompositeBackend{Tier1}.3" threadId="0000000000819400" bytes="113086464" />
</allocation-stats>
<gc-op id="5602" type="scavenge" timems="112.817" contextid="5599" timestamp="2020-09-11T13:04:35.496">
  <scavenger-info tenureage="3" tenuremask="7ff8" tiltratio="85" />
  <memory-copied type="nursery" objects="4179400" bytes="111292264" bytesdiscarded="194832" />
  <memory-copied type="tenure" objects="1159081" bytes="31167280" bytesdiscarded="132904" />
  <ownableSynchronizers candidates="3994" cleared="3705" />
  <references type="soft" candidates="196" cleared="0" enqueued="0" dynamicThreshold="17" maxThreshold="32" />
  <references type="weak" candidates="114" cleared="113" enqueued="0" />
</gc-op>
<gc-end id="5603" type="scavenge" contextid="5599" durationms="114.038" usertimems="821.187" systemtimems="6.644" timestamp="2020-09-11T13:04:35.497" activeThreads="8">
  <mem-info id="5604" free="1036349048" total="2765291520" percent="37">
    <mem type="nursery" free="690846168" total="939524096" percent="73">
      <mem type="allocate" free="690846168" total="802422784" percent="86" />
      <mem type="survivor" free="0" total="137101312" percent="0" />
    </mem>
    <mem type="tenure" free="345502880" total="1825767424" percent="18" macro-fragmented="0">
      <mem type="soa" free="239788456" total="1716220928" percent="13" />
      <mem type="loa" free="105714424" total="109546496" percent="96" />
    </mem>
    <remembered-set count="27888" />
  </mem-info>
</gc-end>
<cycle-end id="5605" type="scavenge" contextid="5599" timestamp="2020-09-11T13:04:35.499" />
<allocation-satisfied id="5606" threadId="0000000000819400" bytesRequested="24" />
<af-end id="5607" timestamp="2020-09-11T13:04:35.499" threadId="0000000000819D80" success="true" from="nursery"/>
<exclusive-end id="5608" timestamp="2020-09-11T13:04:35.499" durationms="116.580" />

<exclusive-start id="5609" timestamp="2020-09-11T13:04:37.438" intervalms="2055.705">
  <response-info timems="1.200" idlems="1.200" threads="0" lastid="000000000086AF00" lastname="Group1.Backend.CompositeBackend{Tier1}.5" />
</exclusive-start>
<af-start id="5610" threadId="000000000086B880" totalBytesRequested="131080" timestamp="2020-09-11T13:04:37.439" intervalms="2055.652" type="nursery" />
<cycle-start id="5611" type="scavenge" contextid="0" timestamp="2020-09-11T13:04:37.439" intervalms="2055.617" />
<gc-start id="5612" type="scavenge" contextid="5611" timestamp="2020-09-11T13:04:37.439">
  <mem-info id="5613" free="345567024" total="2765291520" percent="12">
    <mem type="nursery" free="64144" total="939524096" percent="0">
      <mem type="allocate" free="64144" total="802422784" percent="0" />
      <mem type="survivor" free="0" total="137101312" percent="0" />
    </mem>
    <mem type="tenure" free="345502880" total="1825767424" percent="18">
      <mem type="soa" free="239788456" total="1716220928" percent="13" />
      <mem type="loa" free="105714424" total="109546496" percent="96" />
    </mem>
    <remembered-set count="189778" />
  </mem-info>
</gc-start>
<allocation-stats totalBytes="690435144" >
  <allocated-bytes non-tlh="33943272" tlh="656491872" />
  <largest-consumer threadName="Group1.Backend.CompositeBackend{Tier1}.7" threadId="00000000008C3100" bytes="112928976" />
</allocation-stats>
<gc-op id="5614" type="scavenge" timems="167.020" contextid="5611" timestamp="2020-09-11T13:04:37.606">
  <scavenger-info tenureage="3" tenuremask="7ff8" tiltratio="85" />
  <memory-copied type="nursery" objects="4283663" bytes="114025592" bytesdiscarded="388480" />
  <memory-copied type="tenure" objects="1069670" bytes="28764240" bytesdiscarded="118752" />
  <ownableSynchronizers candidates="5375" cleared="5077" />
  <references type="soft" candidates="197" cleared="0" enqueued="0" dynamicThreshold="17" maxThreshold="32" />
  <references type="weak" candidates="124" cleared="123" enqueued="0" />
</gc-op>
<gc-end id="5615" type="scavenge" contextid="5611" durationms="167.883" usertimems="1161.861" systemtimems="22.978" timestamp="2020-09-11T13:04:37.607" activeThreads="8">
  <mem-info id="5616" free="1005778040" total="2765291520" percent="36">
    <mem type="nursery" free="689165912" total="939524096" percent="73">
      <mem type="allocate" free="689165912" total="803667968" percent="85" />
      <mem type="survivor" free="0" total="135856128" percent="0" />
    </mem>
    <mem type="tenure" free="316612128" total="1825767424" percent="17" macro-fragmented="0">
      <mem type="soa" free="210897704" total="1716220928" percent="12" />
      <mem type="loa" free="105714424" total="109546496" percent="96" />
    </mem>
    <remembered-set count="29391" />
  </mem-info>
</gc-end>
<cycle-end id="5617" type="scavenge" contextid="5611" timestamp="2020-09-11T13:04:37.608" />
<allocation-satisfied id="5618" threadId="000000000086AF00" bytesRequested="131080" />
<af-end id="5619" timestamp="2020-09-11T13:04:37.608" threadId="000000000086B880" success="true" from="nursery"/>
<exclusive-end id="5620" timestamp="2020-09-11T13:04:37.608" durationms="169.705" />

<exclusive-start id="5621" timestamp="2020-09-11T13:04:39.572" intervalms="2134.225">
  <response-info timems="5.857" idlems="5.857" threads="0" lastid="000000000088B400" lastname="Group1.Backend.CompositeBackend{Tier1}.6" />
</exclusive-start>
<af-start id="5622" threadId="000000000088BD80" totalBytesRequested="344" timestamp="2020-09-11T13:04:39.575" intervalms="2136.266" type="nursery" />
<cycle-start id="5623" type="scavenge" contextid="0" timestamp="2020-09-11T13:04:39.575" intervalms="2136.499" />
<gc-start id="5624" type="scavenge" contextid="5623" timestamp="2020-09-11T13:04:39.576">
  <mem-info id="5625" free="316612128" total="2765291520" percent="11">
    <mem type="nursery" free="0" total="939524096" percent="0">
      <mem type="allocate" free="0" total="803667968" percent="0" />
      <mem type="survivor" free="0" total="135856128" percent="0" />
    </mem>
    <mem type="tenure" free="316612128" total="1825767424" percent="17">
      <mem type="soa" free="210897704" total="1716220928" percent="12" />
      <mem type="loa" free="105714424" total="109546496" percent="96" />
    </mem>
    <remembered-set count="194275" />
  </mem-info>
</gc-start>
<allocation-stats totalBytes="688824728" >
  <allocated-bytes non-tlh="29789696" tlh="659035032" />
  <largest-consumer threadName="Group1.Backend.CompositeBackend{Tier1}.7" threadId="00000000008C3100" bytes="141238000" />
</allocation-stats>
<gc-op id="5626" type="scavenge" timems="136.285" contextid="5623" timestamp="2020-09-11T13:04:39.712">
  <scavenger-info tenureage="3" tenuremask="7ff8" tiltratio="85" />
  <memory-copied type="nursery" objects="4049433" bytes="108683248" bytesdiscarded="203392" />
  <memory-copied type="tenure" objects="1045381" bytes="28107120" bytesdiscarded="118088" />
  <ownableSynchronizers candidates="4050" cleared="3755" />
  <references type="soft" candidates="188" cleared="0" enqueued="0" dynamicThreshold="17" maxThreshold="32" />
  <references type="weak" candidates="133" cleared="133" enqueued="0" />
</gc-op>
<gc-end id="5627" type="scavenge" contextid="5623" durationms="137.199" usertimems="953.525" systemtimems="7.265" timestamp="2020-09-11T13:04:39.713" activeThreads="8">
  <mem-info id="5628" free="984707016" total="2765291520" percent="35">
    <mem type="nursery" free="696338688" total="939524096" percent="74">
      <mem type="allocate" free="696338688" total="805306368" percent="86" />
      <mem type="survivor" free="0" total="134217728" percent="0" />
    </mem>
    <mem type="tenure" free="288368328" total="1825767424" percent="15" macro-fragmented="0">
      <mem type="soa" free="182653904" total="1716220928" percent="10" />
      <mem type="loa" free="105714424" total="109546496" percent="96" />
    </mem>
    <remembered-set count="31229" />
  </mem-info>
</gc-end>
<cycle-end id="5629" type="scavenge" contextid="5623" timestamp="2020-09-11T13:04:39.714" />
<allocation-satisfied id="5630" threadId="000000000088B400" bytesRequested="344" />
<af-end id="5631" timestamp="2020-09-11T13:04:39.714" threadId="000000000088BD80" success="true" from="nursery"/>
<exclusive-end id="5632" timestamp="2020-09-11T13:04:39.714" durationms="141.808" />

<exclusive-start id="5633" timestamp="2020-09-11T13:04:41.715" intervalms="2143.264">
  <response-info timems="0.687" idlems="0.687" threads="0" lastid="0000000000819400" lastname="Group1.Backend.CompositeBackend{Tier1}.3" />
</exclusive-start>
<af-start id="5634" threadId="0000000000819D80" totalBytesRequested="104" timestamp="2020-09-11T13:04:41.719" intervalms="2144.115" type="nursery" />
<cycle-start id="5635" type="scavenge" contextid="0" timestamp="2020-09-11T13:04:41.720" intervalms="2144.442" />
<gc-start id="5636" type="scavenge" contextid="5635" timestamp="2020-09-11T13:04:41.720">
  <mem-info id="5637" free="288368328" total="2765291520" percent="10">
    <mem type="nursery" free="0" total="939524096" percent="0">
      <mem type="allocate" free="0" total="805306368" percent="0" />
      <mem type="survivor" free="0" total="134217728" percent="0" />
    </mem>
    <mem type="tenure" free="288368328" total="1825767424" percent="15">
      <mem type="soa" free="182653904" total="1716220928" percent="10" />
      <mem type="loa" free="105714424" total="109546496" percent="96" />
    </mem>
    <remembered-set count="195590" />
  </mem-info>
</gc-start>
<allocation-stats totalBytes="695986688" >
  <allocated-bytes non-tlh="30483904" tlh="665502784" />
  <largest-consumer threadName="Group1.Backend.CompositeBackend{Tier1}.3" threadId="0000000000819400" bytes="101262328" />
</allocation-stats>
<gc-op id="5638" type="scavenge" timems="137.008" contextid="5635" timestamp="2020-09-11T13:04:41.857">
  <scavenger-info tenureage="3" tenuremask="7ff8" tiltratio="85" />
  <memory-copied type="nursery" objects="4230948" bytes="112796824" bytesdiscarded="127432" />
  <memory-copied type="tenure" objects="1107072" bytes="29767112" bytesdiscarded="133560" />
  <ownableSynchronizers candidates="4656" cleared="4363" />
  <references type="soft" candidates="209" cleared="0" enqueued="0" dynamicThreshold="17" maxThreshold="32" />
  <references type="weak" candidates="127" cleared="127" enqueued="0" />
</gc-op>
<gc-end id="5639" type="scavenge" contextid="5635" durationms="137.965" usertimems="979.513" systemtimems="24.489" timestamp="2020-09-11T13:04:41.858" activeThreads="8">
  <mem-info id="5640" free="951436192" total="2765291520" percent="34">
    <mem type="nursery" free="692952312" total="939524096" percent="73">
      <mem type="allocate" free="692952312" total="805961728" percent="85" />
      <mem type="survivor" free="0" total="133562368" percent="0" />
    </mem>
    <mem type="tenure" free="258483880" total="1825767424" percent="14" macro-fragmented="0">
      <mem type="soa" free="152769456" total="1716220928" percent="8" />
      <mem type="loa" free="105714424" total="109546496" percent="96" />
    </mem>
    <remembered-set count="31870" />
  </mem-info>
</gc-end>
<cycle-end id="5641" type="scavenge" contextid="5635" timestamp="2020-09-11T13:04:41.859" />
<allocation-satisfied id="5642" threadId="0000000000819400" bytesRequested="104" />
<af-end id="5643" timestamp="2020-09-11T13:04:41.859" threadId="0000000000819D80" success="true" from="nursery"/>
<exclusive-end id="5644" timestamp="2020-09-11T13:04:41.859" durationms="143.387" />

<exclusive-start id="5645" timestamp="2020-09-11T13:04:43.736" intervalms="2020.093">
  <response-info timems="0.475" idlems="0.475" threads="0" lastid="00000000008DD200" lastname="Group1.Backend.CompositeBackend{Tier1}.8" />
</exclusive-start>
<af-start id="5646" threadId="00000000008DDB80" totalBytesRequested="16" timestamp="2020-09-11T13:04:43.736" intervalms="2017.342" type="nursery" />
<cycle-start id="5647" type="scavenge" contextid="0" timestamp="2020-09-11T13:04:43.736" intervalms="2016.815" />
<gc-start id="5648" type="scavenge" contextid="5647" timestamp="2020-09-11T13:04:43.737">
  <mem-info id="5649" free="258483880" total="2765291520" percent="9">
    <mem type="nursery" free="0" total="939524096" percent="0">
      <mem type="allocate" free="0" total="805961728" percent="0" />
      <mem type="survivor" free="0" total="133562368" percent="0" />
    </mem>
    <mem type="tenure" free="258483880" total="1825767424" percent="14">
      <mem type="soa" free="152769456" total="1716220928" percent="8" />
      <mem type="loa" free="105714424" total="109546496" percent="96" />
    </mem>
    <remembered-set count="193185" />
  </mem-info>
</gc-start>
<allocation-stats totalBytes="692608064" >
  <allocated-bytes non-tlh="34975192" tlh="657632872" />
  <largest-consumer threadName="Group1.Backend.CompositeBackend{Tier1}.8" threadId="00000000008DD200" bytes="111729624" />
</allocation-stats>
<gc-op id="5650" type="scavenge" timems="99.646" contextid="5647" timestamp="2020-09-11T13:04:43.837">
  <scavenger-info tenureage="3" tenuremask="7ff8" tiltratio="85" />
  <memory-copied type="nursery" objects="4095768" bytes="109934792" bytesdiscarded="276120" />
  <memory-copied type="tenure" objects="1053984" bytes="28324800" bytesdiscarded="144224" />
  <ownableSynchronizers candidates="5010" cleared="4696" />
  <references type="soft" candidates="204" cleared="0" enqueued="0" dynamicThreshold="17" maxThreshold="32" />
  <references type="weak" candidates="128" cleared="128" enqueued="0" />
</gc-op>
<gc-end id="5651" type="scavenge" contextid="5647" durationms="100.686" usertimems="763.524" systemtimems="0.000" timestamp="2020-09-11T13:04:43.837" activeThreads="8">
  <mem-info id="5652" free="927092608" total="2765291520" percent="33">
    <mem type="nursery" free="697109504" total="939524096" percent="74">
      <mem type="allocate" free="697109504" total="807403520" percent="86" />
      <mem type="survivor" free="0" total="132120576" percent="0" />
    </mem>
    <mem type="tenure" free="229983104" total="1825767424" percent="12" macro-fragmented="0">
      <mem type="soa" free="124268680" total="1716220928" percent="7" />
      <mem type="loa" free="105714424" total="109546496" percent="96" />
    </mem>
    <remembered-set count="30659" />
  </mem-info>
</gc-end>
<cycle-end id="5653" type="scavenge" contextid="5647" timestamp="2020-09-11T13:04:43.839" />
<allocation-satisfied id="5654" threadId="00000000008DD200" bytesRequested="16" />
<af-end id="5655" timestamp="2020-09-11T13:04:43.839" threadId="00000000008DDB80" success="true" from="nursery"/>
<exclusive-end id="5656" timestamp="2020-09-11T13:04:43.839" durationms="103.212" />

<exclusive-start id="5657" timestamp="2020-09-11T13:04:45.839" intervalms="2103.609">
  <response-info timems="1.941" idlems="1.102" threads="1" lastid="000000000088B400" lastname="Group1.Backend.CompositeBackend{Tier1}.6" />
</exclusive-start>
<af-start id="5658" threadId="0000000000A94B80" totalBytesRequested="32" timestamp="2020-09-11T13:04:45.840" intervalms="2103.830" type="nursery" />
<cycle-start id="5659" type="scavenge" contextid="0" timestamp="2020-09-11T13:04:45.840" intervalms="2103.822" />
<gc-start id="5660" type="scavenge" contextid="5659" timestamp="2020-09-11T13:04:45.841">
  <mem-info id="5661" free="229983104" total="2765291520" percent="8">
    <mem type="nursery" free="0" total="939524096" percent="0">
      <mem type="allocate" free="0" total="807403520" percent="0" />
      <mem type="survivor" free="0" total="132120576" percent="0" />
    </mem>
    <mem type="tenure" free="229983104" total="1825767424" percent="12">
      <mem type="soa" free="124268680" total="1716220928" percent="7" />
      <mem type="loa" free="105714424" total="109546496" percent="96" />
    </mem>
    <remembered-set count="192142" />
  </mem-info>
</gc-start>
<allocation-stats totalBytes="696789576" >
  <allocated-bytes non-tlh="33198480" tlh="663591096" />
  <largest-consumer threadName="Group1.Backend.CompositeBackend{Tier1}.6" threadId="000000000088B400" bytes="94118496" />
</allocation-stats>
<gc-op id="5662" type="scavenge" timems="111.460" contextid="5659" timestamp="2020-09-11T13:04:45.952">
  <scavenger-info tenureage="3" tenuremask="7ff8" tiltratio="85" />
  <memory-copied type="nursery" objects="4066148" bytes="109169336" bytesdiscarded="208944" />
  <memory-copied type="tenure" objects="1126778" bytes="30256856" bytesdiscarded="168744" />
  <ownableSynchronizers candidates="4195" cleared="3892" />
  <references type="soft" candidates="209" cleared="0" enqueued="0" dynamicThreshold="17" maxThreshold="32" />
  <references type="weak" candidates="133" cleared="133" enqueued="0" />
</gc-op>
<gc-end id="5663" type="scavenge" contextid="5659" durationms="112.624" usertimems="840.441" systemtimems="6.258" timestamp="2020-09-11T13:04:45.953" activeThreads="8">
  <mem-info id="5664" free="899286440" total="2765291520" percent="32">
    <mem type="nursery" free="699709184" total="939524096" percent="74">
      <mem type="allocate" free="699709184" total="809172992" percent="86" />
      <mem type="survivor" free="0" total="130351104" percent="0" />
    </mem>
    <mem type="tenure" free="199577256" total="1825767424" percent="10" macro-fragmented="0">
      <mem type="soa" free="93862832" total="1716220928" percent="5" />
      <mem type="loa" free="105714424" total="109546496" percent="96" />
    </mem>
    <remembered-set count="27758" />
  </mem-info>
</gc-end>
<cycle-end id="5665" type="scavenge" contextid="5659" timestamp="2020-09-11T13:04:45.954" />
<allocation-satisfied id="5666" threadId="0000000000A94200" bytesRequested="32" />
<af-end id="5667" timestamp="2020-09-11T13:04:45.955" threadId="0000000000A94B80" success="true" from="nursery"/>
<exclusive-end id="5668" timestamp="2020-09-11T13:04:45.955" durationms="115.415" />

<exclusive-start id="5669" timestamp="2020-09-11T13:04:48.106" intervalms="2266.494">
  <response-info timems="1.523" idlems="0.648" threads="2" lastid="000000000078C200" lastname="Group1.Backend.CompositeBackend{Tier1}.1" />
</exclusive-start>
<af-start id="5670" threadId="0000000000A8CA80" totalBytesRequested="16" timestamp="2020-09-11T13:04:48.107" intervalms="2266.380" type="nursery" />
<cycle-start id="5671" type="scavenge" contextid="0" timestamp="2020-09-11T13:04:48.107" intervalms="2266.376" />
<gc-start id="5672" type="scavenge" contextid="5671" timestamp="2020-09-11T13:04:48.107">
  <mem-info id="5673" free="199577256" total="2765291520" percent="7">
    <mem type="nursery" free="0" total="939524096" percent="0">
      <mem type="allocate" free="0" total="809172992" percent="0" />
      <mem type="survivor" free="0" total="130351104" percent="0" />
    </mem>
    <mem type="tenure" free="199577256" total="1825767424" percent="10">
      <mem type="soa" free="93862832" total="1716220928" percent="5" />
      <mem type="loa" free="105714424" total="109546496" percent="96" />
    </mem>
    <remembered-set count="195113" />
  </mem-info>
</gc-start>
<allocation-stats totalBytes="699382464" >
  <allocated-bytes non-tlh="23714704" tlh="675667760" />
  <largest-consumer threadName="Group1.Backend.CompositeBackend{Tier1}.8" threadId="00000000008DD200" bytes="116862928" />
</allocation-stats>
<gc-op id="5674" type="scavenge" timems="124.353" contextid="5671" timestamp="2020-09-11T13:04:48.232">
  <scavenger-info tenureage="3" tenuremask="7ff8" tiltratio="86" />
  <memory-copied type="nursery" objects="4149350" bytes="111329592" bytesdiscarded="235488" />
  <memory-copied type="tenure" objects="1102318" bytes="29650128" bytesdiscarded="150328" />
  <ownableSynchronizers candidates="4405" cleared="4091" />
  <references type="soft" candidates="191" cleared="0" enqueued="0" dynamicThreshold="17" maxThreshold="32" />
  <references type="weak" candidates="113" cleared="111" enqueued="0" />
</gc-op>
<gc-end id="5675" type="scavenge" contextid="5671" durationms="125.290" usertimems="960.229" systemtimems="1.075" timestamp="2020-09-11T13:04:48.232" activeThreads="8">
  <mem-info id="5676" free="867948928" total="2765291520" percent="31">
    <mem type="nursery" free="698178048" total="939524096" percent="74">
      <mem type="allocate" free="698178048" total="809828352" percent="86" />
      <mem type="survivor" free="0" total="129695744" percent="0" />
    </mem>
    <mem type="tenure" free="169770880" total="1825767424" percent="9" macro-fragmented="0">
      <mem type="soa" free="64056456" total="1716220928" percent="3" />
      <mem type="loa" free="105714424" total="109546496" percent="96" />
    </mem>
    <remembered-set count="28570" />
  </mem-info>
</gc-end>
<cycle-end id="5677" type="scavenge" contextid="5671" timestamp="2020-09-11T13:04:48.233" />
<allocation-satisfied id="5678" threadId="0000000000A8C100" bytesRequested="16" />
<af-end id="5679" timestamp="2020-09-11T13:04:48.233" threadId="0000000000A8CA80" success="true" from="nursery"/>
<exclusive-end id="5680" timestamp="2020-09-11T13:04:48.233" durationms="127.854" />

<exclusive-start id="5681" timestamp="2020-09-11T13:04:50.132" intervalms="2025.983">
  <response-info timems="1.112" idlems="1.112" threads="0" lastid="00000000008C3100" lastname="Group1.Backend.CompositeBackend{Tier1}.7" />
</exclusive-start>
<af-start id="5682" threadId="00000000008C3A80" totalBytesRequested="120" timestamp="2020-09-11T13:04:50.132" intervalms="2025.804" type="nursery" />
<cycle-start id="5683" type="scavenge" contextid="0" timestamp="2020-09-11T13:04:50.132" intervalms="2025.817" />
<gc-start id="5684" type="scavenge" contextid="5683" timestamp="2020-09-11T13:04:50.133">
  <mem-info id="5685" free="169770880" total="2765291520" percent="6">
    <mem type="nursery" free="0" total="939524096" percent="0">
      <mem type="allocate" free="0" total="809828352" percent="0" />
      <mem type="survivor" free="0" total="129695744" percent="0" />
    </mem>
    <mem type="tenure" free="169770880" total="1825767424" percent="9">
      <mem type="soa" free="64056456" total="1716220928" percent="3" />
      <mem type="loa" free="105714424" total="109546496" percent="96" />
    </mem>
    <remembered-set count="189774" />
  </mem-info>
</gc-start>
<allocation-stats totalBytes="697830200" >
  <allocated-bytes non-tlh="38671512" tlh="659158688" />
  <largest-consumer threadName="Group1.Backend.CompositeBackend{Tier1}.6" threadId="000000000088B400" bytes="102718912" />
</allocation-stats>
<gc-op id="5686" type="scavenge" timems="117.697" contextid="5683" timestamp="2020-09-11T13:04:50.251">
  <scavenger-info tenureage="3" tenuremask="7ff8" tiltratio="86" />
  <memory-copied type="nursery" objects="4454872" bytes="117912176" bytesdiscarded="159808" />
  <memory-copied type="tenure" objects="1079982" bytes="29048736" bytesdiscarded="140152" />
  <ownableSynchronizers candidates="4130" cleared="3827" />
  <references type="soft" candidates="202" cleared="0" enqueued="0" dynamicThreshold="17" maxThreshold="32" />
  <references type="weak" candidates="123" cleared="123" enqueued="0" />
</gc-op>
<gc-end id="5687" type="scavenge" contextid="5683" durationms="118.552" usertimems="918.235" systemtimems="0.000" timestamp="2020-09-11T13:04:50.251" activeThreads="8">
  <mem-info id="5688" free="824249784" total="2765291520" percent="29">
    <mem type="nursery" free="683878640" total="939524096" percent="72">
      <mem type="allocate" free="683878640" total="802029568" percent="85" />
      <mem type="survivor" free="0" total="137494528" percent="0" />
    </mem>
    <mem type="tenure" free="140371144" total="1825767424" percent="7" macro-fragmented="0">
      <mem type="soa" free="34656720" total="1716220928" percent="2" />
      <mem type="loa" free="105714424" total="109546496" percent="96" />
    </mem>
    <remembered-set count="29914" />
  </mem-info>
</gc-end>
<cycle-end id="5689" type="scavenge" contextid="5683" timestamp="2020-09-11T13:04:50.252" />
<allocation-satisfied id="5690" threadId="00000000008C3100" bytesRequested="120" />
<af-end id="5691" timestamp="2020-09-11T13:04:50.252" threadId="00000000008C3A80" success="true" from="nursery"/>
<exclusive-end id="5692" timestamp="2020-09-11T13:04:50.252" durationms="120.511" />

<exclusive-start id="5693" timestamp="2020-09-11T13:04:52.176" intervalms="2044.680">
  <response-info timems="7.497" idlems="7.497" threads="0" lastid="00000000007EB800" lastname="Group1.Backend.CompositeBackend{Tier1}.2" />
</exclusive-start>
<af-start id="5694" threadId="00000000007EC180" totalBytesRequested="16" timestamp="2020-09-11T13:04:52.177" intervalms="2044.936" type="nursery" />
<cycle-start id="5695" type="scavenge" contextid="0" timestamp="2020-09-11T13:04:52.177" intervalms="2044.943" />
<gc-start id="5696" type="scavenge" contextid="5695" timestamp="2020-09-11T13:04:52.178">
  <mem-info id="5697" free="140371144" total="2765291520" percent="5">
    <mem type="nursery" free="0" total="939524096" percent="0">
      <mem type="allocate" free="0" total="802029568" percent="0" />
      <mem type="survivor" free="0" total="137494528" percent="0" />
    </mem>
    <mem type="tenure" free="140371144" total="1825767424" percent="7">
      <mem type="soa" free="34656720" total="1716220928" percent="2" />
      <mem type="loa" free="105714424" total="109546496" percent="96" />
    </mem>
    <remembered-set count="192501" />
  </mem-info>
</gc-start>
<allocation-stats totalBytes="683562832" >
  <allocated-bytes non-tlh="33427560" tlh="650135272" />
  <largest-consumer threadName="Group1.Backend.CompositeBackend{Tier1}.6" threadId="000000000088B400" bytes="99377560" />
</allocation-stats>
<gc-op id="5698" type="scavenge" timems="119.515" contextid="5695" timestamp="2020-09-11T13:04:52.297">
  <scavenger-info tenureage="3" tenuremask="7ff8" tiltratio="85" />
  <memory-copied type="nursery" objects="4341402" bytes="115285880" bytesdiscarded="378744" />
  <memory-copied type="tenure" objects="1077603" bytes="28989960" bytesdiscarded="65832" />
  <ownableSynchronizers candidates="4310" cleared="4023" />
  <references type="soft" candidates="191" cleared="0" enqueued="0" dynamicThreshold="17" maxThreshold="32" />
  <references type="weak" candidates="118" cleared="118" enqueued="0" />
</gc-op>
<gc-end id="5699" type="scavenge" contextid="5695" durationms="120.764" usertimems="914.822" systemtimems="0.000" timestamp="2020-09-11T13:04:52.298" activeThreads="8">
  <mem-info id="5700" free="798766192" total="2765291520" percent="28">
    <mem type="nursery" free="687330040" total="939524096" percent="73">
      <mem type="allocate" free="687330040" total="803078144" percent="85" />
      <mem type="survivor" free="0" total="136445952" percent="0" />
    </mem>
    <mem type="tenure" free="111436152" total="1825767424" percent="6" macro-fragmented="0">
      <mem type="soa" free="5721728" total="1716220928" percent="0" />
      <mem type="loa" free="105714424" total="109546496" percent="96" />
    </mem>
    <remembered-set count="31483" />
  </mem-info>
</gc-end>
<cycle-end id="5701" type="scavenge" contextid="5695" timestamp="2020-09-11T13:04:52.299" />
<allocation-satisfied id="5702" threadId="00000000007EB800" bytesRequested="16" />
<af-end id="5703" timestamp="2020-09-11T13:04:52.300" threadId="00000000007EC180" success="true" from="nursery"/>
<exclusive-end id="5704" timestamp="2020-09-11T13:04:52.300" durationms="123.247" />

<exclusive-start id="5705" timestamp="2020-09-11T13:04:54.242" intervalms="2065.600">
  <response-info timems="0.710" idlems="0.710" threads="0" lastid="000000000086AF00" lastname="Group1.Backend.CompositeBackend{Tier1}.5" />
</exclusive-start>
<af-start id="5706" threadId="000000000086B880" totalBytesRequested="32" timestamp="2020-09-11T13:04:54.243" intervalms="2065.480" type="nursery" />
<percolate-collect id="5707" from="nursery" to="global" reason="prevent tenure expand" timestamp="2020-09-11T13:04:54.243"/>
<cycle-start id="5708" type="global" contextid="0" timestamp="2020-09-11T13:04:54.243" intervalms="61440.683" />
<gc-start id="5709" type="global" contextid="5708" timestamp="2020-09-11T13:04:54.243">
  <mem-info id="5710" free="111436152" total="2765291520" percent="4">
    <mem type="nursery" free="0" total="939524096" percent="0">
      <mem type="allocate" free="0" total="803078144" percent="0" />
      <mem type="survivor" free="0" total="136445952" percent="0" />
    </mem>
    <mem type="tenure" free="111436152" total="1825767424" percent="6">
      <mem type="soa" free="5721728" total="1716220928" percent="0" />
      <mem type="loa" free="105714424" total="109546496" percent="96" />
    </mem>
    <remembered-set count="195402" />
  </mem-info>
</gc-start>
<allocation-stats totalBytes="686996904" >
  <allocated-bytes non-tlh="33437560" tlh="653559344" />
  <largest-consumer threadName="Group1.Backend.CompositeBackend{Tier1}.6" threadId="000000000088B400" bytes="103015480" />
</allocation-stats>
<gc-op id="5711" type="mark" timems="648.127" contextid="5708" timestamp="2020-09-11T13:04:54.892">
  <trace-info objectcount="31033038" scancount="30052852" scanbytes="821426424" />
  <finalization candidates="150" enqueued="0" />
  <ownableSynchronizers candidates="594025" cleared="5540" />
  <references type="soft" candidates="720576" cleared="253" enqueued="178" dynamicThreshold="17" maxThreshold="32" />
  <references type="weak" candidates="4420" cleared="127" enqueued="0" />
  <references type="phantom" candidates="108" cleared="0" enqueued="0" />
  <stringconstants candidates="10777" cleared="3"  />
</gc-op>
<gc-op id="5712" type="sweep" timems="24.179" contextid="5708" timestamp="2020-09-11T13:04:54.916" />
<gc-end id="5713" type="global" contextid="5708" durationms="673.305" usertimems="5045.865" systemtimems="3.357" timestamp="2020-09-11T13:04:54.916" activeThreads="8">
  <mem-info id="5714" free="1578569024" total="2765291520" percent="57">
    <mem type="nursery" free="610751256" total="939524096" percent="65">
      <mem type="allocate" free="610751256" total="803078144" percent="76" />
      <mem type="survivor" free="0" total="136445952" percent="0" />
    </mem>
    <mem type="tenure" free="967817768" total="1825767424" percent="53" micro-fragmented="95795789" macro-fragmented="0">
      <mem type="soa" free="862103312" total="1716220928" percent="50" />
      <mem type="loa" free="105714456" total="109546496" percent="96" />
    </mem>
    <pending-finalizers system="0" default="0" reference="178" classloader="0" />
    <remembered-set count="189898" />
  </mem-info>
</gc-end>
<cycle-end id="5715" type="global" contextid="5708" timestamp="2020-09-11T13:04:54.917" />
<allocation-satisfied id="5716" threadId="000000000086AF00" bytesRequested="32" />
<af-end id="5717" timestamp="2020-09-11T13:04:54.917" threadId="000000000086B880" success="true" from="nursery"/>
<exclusive-end id="5718" timestamp="2020-09-11T13:04:54.917" durationms="675.317" />

<exclusive-start id="5719" timestamp="2020-09-11T13:04:56.144" intervalms="1901.958">
  <response-info timems="0.390" idlems="0.390" threads="0" lastid="0000000000819400" lastname="Group1.Backend.CompositeBackend{Tier1}.3" />
</exclusive-start>
<af-start id="5720" threadId="0000000000819D80" totalBytesRequested="524296" timestamp="2020-09-11T13:04:56.145" intervalms="1901.917" type="nursery" />
<cycle-start id="5721" type="scavenge" contextid="0" timestamp="2020-09-11T13:04:56.145" intervalms="3967.377" />
<gc-start id="5722" type="scavenge" contextid="5721" timestamp="2020-09-11T13:04:56.145">
  <mem-info id="5723" free="975678032" total="2765291520" percent="35">
    <mem type="nursery" free="7860312" total="939524096" percent="0">
      <mem type="allocate" free="7860312" total="803078144" percent="0" />
      <mem type="survivor" free="0" total="136445952" percent="0" />
    </mem>
    <mem type="tenure" free="967817720" total="1825767424" percent="53">
      <mem type="soa" free="862103264" total="1716220928" percent="50" />
      <mem type="loa" free="105714456" total="109546496" percent="96" />
    </mem>
    <remembered-set count="247041" />
  </mem-info>
</gc-start>
<allocation-stats totalBytes="600519472" >
  <allocated-bytes non-tlh="23884936" tlh="576634536" />
  <largest-consumer threadName="Group1.Backend.CompositeBackend{Tier1}.4" threadId="0000000000863200" bytes="91776032" />
</allocation-stats>
<gc-op id="5724" type="scavenge" timems="157.109" contextid="5721" timestamp="2020-09-11T13:04:56.302">
  <scavenger-info tenureage="3" tenuremask="7ff8" tiltratio="85" />
  <memory-copied type="nursery" objects="5176669" bytes="136266816" bytesdiscarded="40800" />
  <memory-copied type="tenure" objects="1500611" bytes="39971688" bytesdiscarded="156336" />
  <copy-failed type="nursery" objects="442836" bytes="11518968" />
  <ownableSynchronizers candidates="1180170" cleared="1179831" />
  <references type="soft" candidates="112" cleared="0" enqueued="0" dynamicThreshold="16" maxThreshold="32" />
  <references type="weak" candidates="88" cleared="88" enqueued="0" />
</gc-op>
<gc-end id="5725" type="scavenge" contextid="5721" durationms="158.120" usertimems="1228.560" systemtimems="0.000" timestamp="2020-09-11T13:04:56.303" activeThreads="8">
  <mem-info id="5726" free="1528579432" total="2765291520" percent="55">
    <mem type="nursery" free="601096192" total="939524096" percent="63">
      <mem type="allocate" free="601096192" total="737542144" percent="81" />
      <mem type="survivor" free="0" total="201981952" percent="0" />
    </mem>
    <mem type="tenure" free="927483240" total="1825767424" percent="50" macro-fragmented="0">
      <mem type="soa" free="821768784" total="1716220928" percent="47" />
      <mem type="loa" free="105714456" total="109546496" percent="96" />
    </mem>
    <remembered-set count="42152" />
  </mem-info>
</gc-end>
<cycle-end id="5727" type="scavenge" contextid="5721" timestamp="2020-09-11T13:04:56.304" />
<allocation-satisfied id="5728" threadId="0000000000819400" bytesRequested="524296" />
<af-end id="5729" timestamp="2020-09-11T13:04:56.304" threadId="0000000000819D80" success="true" from="nursery"/>
<exclusive-end id="5730" timestamp="2020-09-11T13:04:56.304" durationms="160.475" />

<exclusive-start id="5731" timestamp="2020-09-11T13:04:57.885" intervalms="1740.682">
  <response-info timems="0.611" idlems="0.611" threads="0" lastid="00000000008C3100" lastname="Group1.Backend.CompositeBackend{Tier1}.7" />
</exclusive-start>
<af-start id="5732" threadId="00000000008C3A80" totalBytesRequested="32" timestamp="2020-09-11T13:04:57.885" intervalms="1740.833" type="nursery" />
<cycle-start id="5733" type="scavenge" contextid="0" timestamp="2020-09-11T13:04:57.886" intervalms="1740.857" />
<gc-start id="5734" type="scavenge" contextid="5733" timestamp="2020-09-11T13:04:57.886">
  <mem-info id="5735" free="927483240" total="2765291520" percent="33">
    <mem type="nursery" free="0" total="939524096" percent="0">
      <mem type="allocate" free="0" total="737542144" percent="0" />
      <mem type="survivor" free="0" total="201981952" percent="0" />
    </mem>
    <mem type="tenure" free="927483240" total="1825767424" percent="50">
      <mem type="soa" free="821768784" total="1716220928" percent="47" />
      <mem type="loa" free="105714456" total="109546496" percent="96" />
    </mem>
    <remembered-set count="190269" />
  </mem-info>
</gc-start>
<allocation-stats totalBytes="600794440" >
  <allocated-bytes non-tlh="33341272" tlh="567453168" />
  <largest-consumer threadName="Group1.Backend.CompositeBackend{Tier1}.3" threadId="0000000000819400" bytes="88425952" />
</allocation-stats>
<gc-op id="5736" type="scavenge" timems="116.276" contextid="5733" timestamp="2020-09-11T13:04:58.002">
  <scavenger-info tenureage="3" tenuremask="7ff8" tiltratio="78" />
  <memory-copied type="nursery" objects="4581276" bytes="123347952" bytesdiscarded="134136" />
  <memory-copied type="tenure" objects="877245" bytes="23656088" bytesdiscarded="85664" />
  <ownableSynchronizers candidates="3098" cleared="2819" />
  <references type="soft" candidates="133" cleared="0" enqueued="0" dynamicThreshold="16" maxThreshold="32" />
  <references type="weak" candidates="113" cleared="113" enqueued="0" />
</gc-op>
<gc-end id="5737" type="scavenge" contextid="5733" durationms="117.282" usertimems="817.649" systemtimems="9.506" timestamp="2020-09-11T13:04:58.003" activeThreads="8">
  <mem-info id="5738" free="1524959904" total="2765291520" percent="55">
    <mem type="nursery" free="621323952" total="939524096" percent="66">
      <mem type="allocate" free="621323952" total="744882176" percent="83" />
      <mem type="survivor" free="0" total="194641920" percent="0" />
    </mem>
    <mem type="tenure" free="903635952" total="1825767424" percent="49" macro-fragmented="0">
      <mem type="soa" free="797921496" total="1716220928" percent="46" />
      <mem type="loa" free="105714456" total="109546496" percent="96" />
    </mem>
    <remembered-set count="39327" />
  </mem-info>
</gc-end>
<cycle-end id="5739" type="scavenge" contextid="5733" timestamp="2020-09-11T13:04:58.004" />
<allocation-satisfied id="5740" threadId="00000000008C3100" bytesRequested="32" />
<af-end id="5741" timestamp="2020-09-11T13:04:58.004" threadId="00000000008C3A80" success="true" from="nursery"/>
<exclusive-end id="5742" timestamp="2020-09-11T13:04:58.004" durationms="119.739" />

<exclusive-start id="5743" timestamp="2020-09-11T13:04:59.800" intervalms="1915.252">
  <response-info timems="0.637" idlems="0.413" threads="1" lastid="000000000088B400" lastname="Group1.Backend.CompositeBackend{Tier1}.6" />
</exclusive-start>
<af-start id="5744" threadId="00000000008DDB80" totalBytesRequested="24" timestamp="2020-09-11T13:04:59.801" intervalms="1915.176" type="nursery" />
<cycle-start id="5745" type="scavenge" contextid="0" timestamp="2020-09-11T13:04:59.801" intervalms="1915.170" />
<gc-start id="5746" type="scavenge" contextid="5745" timestamp="2020-09-11T13:04:59.801">
  <mem-info id="5747" free="903635952" total="2765291520" percent="32">
    <mem type="nursery" free="0" total="939524096" percent="0">
      <mem type="allocate" free="0" total="744882176" percent="0" />
      <mem type="survivor" free="0" total="194641920" percent="0" />
    </mem>
    <mem type="tenure" free="903635952" total="1825767424" percent="49">
      <mem type="soa" free="797921496" total="1716220928" percent="46" />
      <mem type="loa" free="105714456" total="109546496" percent="96" />
    </mem>
    <remembered-set count="193705" />
  </mem-info>
</gc-start>
<allocation-stats totalBytes="621008704" >
  <allocated-bytes non-tlh="27264864" tlh="593743840" />
  <largest-consumer threadName="Group1.Backend.CompositeBackend{Tier1}.3" threadId="0000000000819400" bytes="86921560" />
</allocation-stats>
<gc-op id="5748" type="scavenge" timems="93.099" contextid="5745" timestamp="2020-09-11T13:04:59.894">
  <scavenger-info tenureage="3" tenuremask="7ff8" tiltratio="79" />
  <memory-copied type="nursery" objects="4620985" bytes="124357472" bytesdiscarded="168264" />
  <memory-copied type="tenure" objects="887890" bytes="23937280" bytesdiscarded="100464" />
  <ownableSynchronizers candidates="3830" cleared="3555" />
  <references type="soft" candidates="169" cleared="0" enqueued="0" dynamicThreshold="16" maxThreshold="32" />
  <references type="weak" candidates="122" cleared="122" enqueued="0" />
</gc-op>
<gc-end id="5749" type="scavenge" contextid="5745" durationms="93.949" usertimems="725.545" systemtimems="0.000" timestamp="2020-09-11T13:04:59.895" activeThreads="8">
  <mem-info id="5750" free="1510776640" total="2765291520" percent="54">
    <mem type="nursery" free="631090624" total="939524096" percent="67">
      <mem type="allocate" free="631090624" total="755695616" percent="83" />
      <mem type="survivor" free="0" total="183828480" percent="0" />
    </mem>
    <mem type="tenure" free="879686016" total="1825767424" percent="48" macro-fragmented="0">
      <mem type="soa" free="773971560" total="1716220928" percent="45" />
      <mem type="loa" free="105714456" total="109546496" percent="96" />
    </mem>
    <remembered-set count="36286" />
  </mem-info>
</gc-end>
<cycle-end id="5751" type="scavenge" contextid="5745" timestamp="2020-09-11T13:04:59.896" />
<allocation-satisfied id="5752" threadId="00000000008DD200" bytesRequested="24" />
<af-end id="5753" timestamp="2020-09-11T13:04:59.896" threadId="00000000008DDB80" success="true" from="nursery"/>
<exclusive-end id="5754" timestamp="2020-09-11T13:04:59.896" durationms="96.369" />

<exclusive-start id="5755" timestamp="2020-09-11T13:05:01.630" intervalms="1830.537">
  <response-info timems="1.374" idlems="1.374" threads="0" lastid="00000000008C3100" lastname="Group1.Backend.CompositeBackend{Tier1}.7" />
</exclusive-start>
<af-start id="5756" threadId="00000000008C3A80" totalBytesRequested="16" timestamp="2020-09-11T13:05:01.631" intervalms="1830.567" type="nursery" />
<cycle-start id="5757" type="scavenge" contextid="0" timestamp="2020-09-11T13:05:01.631" intervalms="1830.555" />
<gc-start id="5758" type="scavenge" contextid="5757" timestamp="2020-09-11T13:05:01.632">
  <mem-info id="5759" free="879686016" total="2765291520" percent="31">
    <mem type="nursery" free="0" total="939524096" percent="0">
      <mem type="allocate" free="0" total="755695616" percent="0" />
      <mem type="survivor" free="0" total="183828480" percent="0" />
    </mem>
    <mem type="tenure" free="879686016" total="1825767424" percent="48">
      <mem type="soa" free="773971560" total="1716220928" percent="45" />
      <mem type="loa" free="105714456" total="109546496" percent="96" />
    </mem>
    <remembered-set count="187785" />
  </mem-info>
</gc-start>
<allocation-stats totalBytes="630815880" >
  <allocated-bytes non-tlh="33090560" tlh="597725320" />
  <largest-consumer threadName="Group1.Backend.CompositeBackend{Tier1}.7" threadId="00000000008C3100" bytes="100826672" />
</allocation-stats>
<gc-op id="5760" type="scavenge" timems="115.045" contextid="5757" timestamp="2020-09-11T13:05:01.747">
  <scavenger-info tenureage="3" tenuremask="7ff8" tiltratio="80" />
  <memory-copied type="nursery" objects="3733234" bytes="99425744" bytesdiscarded="392624" />
  <memory-copied type="tenure" objects="1919638" bytes="51873472" bytesdiscarded="118152" />
  <ownableSynchronizers candidates="4437" cleared="4157" />
  <references type="soft" candidates="174" cleared="0" enqueued="0" dynamicThreshold="16" maxThreshold="32" />
  <references type="weak" candidates="107" cleared="107" enqueued="0" />
</gc-op>
<gc-end id="5761" type="scavenge" contextid="5757" durationms="115.926" usertimems="850.159" systemtimems="5.123" timestamp="2020-09-11T13:05:01.748" activeThreads="8">
  <mem-info id="5762" free="1492430944" total="2765291520" percent="53">
    <mem type="nursery" free="664716792" total="939524096" percent="70">
      <mem type="allocate" free="664716792" total="764608512" percent="86" />
      <mem type="survivor" free="0" total="174915584" percent="0" />
    </mem>
    <mem type="tenure" free="827714152" total="1825767424" percent="45" macro-fragmented="0">
      <mem type="soa" free="721999696" total="1716220928" percent="42" />
      <mem type="loa" free="105714456" total="109546496" percent="96" />
    </mem>
    <remembered-set count="24630" />
  </mem-info>
</gc-end>
<cycle-end id="5763" type="scavenge" contextid="5757" timestamp="2020-09-11T13:05:01.748" />
<allocation-satisfied id="5764" threadId="00000000008C3100" bytesRequested="16" />
<af-end id="5765" timestamp="2020-09-11T13:05:01.748" threadId="00000000008C3A80" success="true" from="nursery"/>
<exclusive-end id="5766" timestamp="2020-09-11T13:05:01.749" durationms="118.268" />

<exclusive-start id="5767" timestamp="2020-09-11T13:05:03.642" intervalms="2011.676">
  <response-info timems="0.437" idlems="0.437" threads="0" lastid="0000000000863200" lastname="Group1.Backend.CompositeBackend{Tier1}.4" />
</exclusive-start>
<af-start id="5768" threadId="0000000000863B80" totalBytesRequested="48" timestamp="2020-09-11T13:05:03.643" intervalms="2011.440" type="nursery" />
<cycle-start id="5769" type="scavenge" contextid="0" timestamp="2020-09-11T13:05:03.643" intervalms="2011.501" />
<gc-start id="5770" type="scavenge" contextid="5769" timestamp="2020-09-11T13:05:03.643">
  <mem-info id="5771" free="827714152" total="2765291520" percent="29">
    <mem type="nursery" free="0" total="939524096" percent="0">
      <mem type="allocate" free="0" total="764608512" percent="0" />
      <mem type="survivor" free="0" total="174915584" percent="0" />
    </mem>
    <mem type="tenure" free="827714152" total="1825767424" percent="45">
      <mem type="soa" free="721999696" total="1716220928" percent="42" />
      <mem type="loa" free="105714456" total="109546496" percent="96" />
    </mem>
    <remembered-set count="185767" />
  </mem-info>
</gc-start>
<allocation-stats totalBytes="664400784" >
  <allocated-bytes non-tlh="30441744" tlh="633959040" />
  <largest-consumer threadName="Group1.Backend.CompositeBackend{Tier1}.8" threadId="00000000008DD200" bytes="96150904" />
</allocation-stats>
<gc-op id="5772" type="scavenge" timems="144.865" contextid="5769" timestamp="2020-09-11T13:05:03.788">
  <scavenger-info tenureage="3" tenuremask="7ff8" tiltratio="81" />
  <memory-copied type="nursery" objects="3779921" bytes="101465080" bytesdiscarded="168632" />
  <memory-copied type="tenure" objects="940235" bytes="25294176" bytesdiscarded="103000" />
  <ownableSynchronizers candidates="3933" cleared="3686" />
  <references type="soft" candidates="159" cleared="0" enqueued="0" dynamicThreshold="16" maxThreshold="32" />
  <references type="weak" candidates="118" cleared="117" enqueued="0" />
</gc-op>
<gc-end id="5773" type="scavenge" contextid="5769" durationms="145.885" usertimems="958.681" systemtimems="38.241" timestamp="2020-09-11T13:05:03.789" activeThreads="8">
  <mem-info id="5774" free="1476940056" total="2765291520" percent="53">
    <mem type="nursery" free="674692608" total="939524096" percent="71">
      <mem type="allocate" free="674692608" total="776404992" percent="86" />
      <mem type="survivor" free="0" total="163119104" percent="0" />
    </mem>
    <mem type="tenure" free="802247448" total="1825767424" percent="43" macro-fragmented="0">
      <mem type="soa" free="696532992" total="1716220928" percent="40" />
      <mem type="loa" free="105714456" total="109546496" percent="96" />
    </mem>
    <remembered-set count="27108" />
  </mem-info>
</gc-end>
<cycle-end id="5775" type="scavenge" contextid="5769" timestamp="2020-09-11T13:05:03.790" />
<allocation-satisfied id="5776" threadId="0000000000863200" bytesRequested="48" />
<af-end id="5777" timestamp="2020-09-11T13:05:03.790" threadId="0000000000863B80" success="true" from="nursery"/>
<exclusive-end id="5778" timestamp="2020-09-11T13:05:03.790" durationms="148.320" />

<exclusive-start id="5779" timestamp="2020-09-11T13:05:05.812" intervalms="2170.201">
  <response-info timems="0.805" idlems="0.406" threads="1" lastid="000000000086AF00" lastname="Group1.Backend.CompositeBackend{Tier1}.5" />
</exclusive-start>
<af-start id="5780" threadId="000000000088BD80" totalBytesRequested="24" timestamp="2020-09-11T13:05:05.813" intervalms="2170.170" type="nursery" />
<cycle-start id="5781" type="scavenge" contextid="0" timestamp="2020-09-11T13:05:05.813" intervalms="2170.086" />
<gc-start id="5782" type="scavenge" contextid="5781" timestamp="2020-09-11T13:05:05.813">
  <mem-info id="5783" free="802247448" total="2765291520" percent="29">
    <mem type="nursery" free="0" total="939524096" percent="0">
      <mem type="allocate" free="0" total="776404992" percent="0" />
      <mem type="survivor" free="0" total="163119104" percent="0" />
    </mem>
    <mem type="tenure" free="802247448" total="1825767424" percent="43">
      <mem type="soa" free="696532992" total="1716220928" percent="40" />
      <mem type="loa" free="105714456" total="109546496" percent="96" />
    </mem>
    <remembered-set count="190493" />
  </mem-info>
</gc-start>
<allocation-stats totalBytes="674359840" >
  <allocated-bytes non-tlh="27178096" tlh="647181744" />
  <largest-consumer threadName="Group1.Backend.CompositeBackend{Tier1}.3" threadId="0000000000819400" bytes="122224352" />
</allocation-stats>
<gc-op id="5784" type="scavenge" timems="104.519" contextid="5781" timestamp="2020-09-11T13:05:05.918">
  <scavenger-info tenureage="3" tenuremask="7ff8" tiltratio="82" />
  <memory-copied type="nursery" objects="3911384" bytes="104977624" bytesdiscarded="213784" />
  <memory-copied type="tenure" objects="1018150" bytes="27386512" bytesdiscarded="110208" />
  <ownableSynchronizers candidates="4414" cleared="4154" />
  <references type="soft" candidates="149" cleared="0" enqueued="0" dynamicThreshold="16" maxThreshold="32" />
  <references type="weak" candidates="107" cleared="107" enqueued="0" />
</gc-op>
<gc-end id="5785" type="scavenge" contextid="5781" durationms="105.400" usertimems="803.369" systemtimems="1.529" timestamp="2020-09-11T13:05:05.919" activeThreads="8">
  <mem-info id="5786" free="1454179800" total="2765291520" percent="52">
    <mem type="nursery" free="679449856" total="939524096" percent="72">
      <mem type="allocate" free="679449856" total="784728064" percent="86" />
      <mem type="survivor" free="0" total="154796032" percent="0" />
    </mem>
    <mem type="tenure" free="774729944" total="1825767424" percent="42" macro-fragmented="0">
      <mem type="soa" free="669015488" total="1716220928" percent="38" />
      <mem type="loa" free="105714456" total="109546496" percent="96" />
    </mem>
    <remembered-set count="28468" />
  </mem-info>
</gc-end>
<cycle-end id="5787" type="scavenge" contextid="5781" timestamp="2020-09-11T13:05:05.919" />
<allocation-satisfied id="5788" threadId="000000000088B400" bytesRequested="24" />
<af-end id="5789" timestamp="2020-09-11T13:05:05.920" threadId="000000000088BD80" success="true" from="nursery"/>
<exclusive-end id="5790" timestamp="2020-09-11T13:05:05.920" durationms="107.319" />

<exclusive-start id="5791" timestamp="2020-09-11T13:05:07.726" intervalms="1914.278">
  <response-info timems="4.487" idlems="4.487" threads="0" lastid="000000000088B400" lastname="Group1.Backend.CompositeBackend{Tier1}.6" />
</exclusive-start>
<af-start id="5792" threadId="000000000088BD80" totalBytesRequested="16" timestamp="2020-09-11T13:05:07.727" intervalms="1914.264" type="nursery" />
<cycle-start id="5793" type="scavenge" contextid="0" timestamp="2020-09-11T13:05:07.727" intervalms="1914.251" />
<gc-start id="5794" type="scavenge" contextid="5793" timestamp="2020-09-11T13:05:07.728">
  <mem-info id="5795" free="774729944" total="2765291520" percent="28">
    <mem type="nursery" free="0" total="939524096" percent="0">
      <mem type="allocate" free="0" total="784728064" percent="0" />
      <mem type="survivor" free="0" total="154796032" percent="0" />
    </mem>
    <mem type="tenure" free="774729944" total="1825767424" percent="42">
      <mem type="soa" free="669015488" total="1716220928" percent="38" />
      <mem type="loa" free="105714456" total="109546496" percent="96" />
    </mem>
    <remembered-set count="184578" />
  </mem-info>
</gc-start>
<allocation-stats totalBytes="679162792" >
  <allocated-bytes non-tlh="39937440" tlh="639225352" />
  <largest-consumer threadName="Group1.Backend.CompositeBackend{Tier1}.1" threadId="000000000078C200" bytes="104351304" />
</allocation-stats>
<gc-op id="5796" type="scavenge" timems="91.564" contextid="5793" timestamp="2020-09-11T13:05:07.819">
  <scavenger-info tenureage="3" tenuremask="7ff8" tiltratio="83" />
  <memory-copied type="nursery" objects="3959773" bytes="106309128" bytesdiscarded="194224" />
  <memory-copied type="tenure" objects="963594" bytes="25915048" bytesdiscarded="115904" />
  <ownableSynchronizers candidates="4289" cleared="4023" />
  <references type="soft" candidates="147" cleared="0" enqueued="0" dynamicThreshold="16" maxThreshold="32" />
  <references type="weak" candidates="134" cleared="133" enqueued="0" />
</gc-op>
<gc-end id="5797" type="scavenge" contextid="5793" durationms="92.601" usertimems="716.812" systemtimems="0.000" timestamp="2020-09-11T13:05:07.820" activeThreads="8">
  <mem-info id="5798" free="1433724992" total="2765291520" percent="51">
    <mem type="nursery" free="684962304" total="939524096" percent="72">
      <mem type="allocate" free="684962304" total="791543808" percent="86" />
      <mem type="survivor" free="0" total="147980288" percent="0" />
    </mem>
    <mem type="tenure" free="748762688" total="1825767424" percent="41" macro-fragmented="0">
      <mem type="soa" free="643048232" total="1716220928" percent="37" />
      <mem type="loa" free="105714456" total="109546496" percent="96" />
    </mem>
    <remembered-set count="29417" />
  </mem-info>
</gc-end>
<cycle-end id="5799" type="scavenge" contextid="5793" timestamp="2020-09-11T13:05:07.821" />
<allocation-satisfied id="5800" threadId="000000000088B400" bytesRequested="16" />
<af-end id="5801" timestamp="2020-09-11T13:05:07.821" threadId="000000000088BD80" success="true" from="nursery"/>
<exclusive-end id="5802" timestamp="2020-09-11T13:05:07.821" durationms="94.899" />

<exclusive-start id="5803" timestamp="2020-09-11T13:05:09.875" intervalms="2148.705">
  <response-info timems="0.560" idlems="0.560" threads="0" lastid="000000000078C200" lastname="Group1.Backend.CompositeBackend{Tier1}.1" />
</exclusive-start>
<af-start id="5804" threadId="000000000078CB80" totalBytesRequested="24" timestamp="2020-09-11T13:05:09.876" intervalms="2148.854" type="nursery" />
<cycle-start id="5805" type="scavenge" contextid="0" timestamp="2020-09-11T13:05:09.876" intervalms="2148.880" />
<gc-start id="5806" type="scavenge" contextid="5805" timestamp="2020-09-11T13:05:09.876">
  <mem-info id="5807" free="748762688" total="2765291520" percent="27">
    <mem type="nursery" free="0" total="939524096" percent="0">
      <mem type="allocate" free="0" total="791543808" percent="0" />
      <mem type="survivor" free="0" total="147980288" percent="0" />
    </mem>
    <mem type="tenure" free="748762688" total="1825767424" percent="41">
      <mem type="soa" free="643048232" total="1716220928" percent="37" />
      <mem type="loa" free="105714456" total="109546496" percent="96" />
    </mem>
    <remembered-set count="195330" />
  </mem-info>
</gc-start>
<allocation-stats totalBytes="684624712" >
  <allocated-bytes non-tlh="25374672" tlh="659250040" />
  <largest-consumer threadName="Group1.Backend.CompositeBackend{Tier1}.3" threadId="0000000000819400" bytes="93460272" />
</allocation-stats>
<gc-op id="5808" type="scavenge" timems="106.449" contextid="5805" timestamp="2020-09-11T13:05:09.983">
  <scavenger-info tenureage="3" tenuremask="7ff8" tiltratio="84" />
  <memory-copied type="nursery" objects="4044208" bytes="108514896" bytesdiscarded="353496" />
  <memory-copied type="tenure" objects="1067313" bytes="28679712" bytesdiscarded="112968" />
  <ownableSynchronizers candidates="4295" cleared="4027" />
  <references type="soft" candidates="171" cleared="0" enqueued="0" dynamicThreshold="16" maxThreshold="32" />
  <references type="weak" candidates="113" cleared="113" enqueued="0" />
</gc-op>
<gc-end id="5809" type="scavenge" contextid="5805" durationms="107.314" usertimems="757.342" systemtimems="0.000" timestamp="2020-09-11T13:05:09.984" activeThreads="8">
  <mem-info id="5810" free="1407443176" total="2765291520" percent="50">
    <mem type="nursery" free="687368704" total="939524096" percent="73">
      <mem type="allocate" free="687368704" total="796327936" percent="86" />
      <mem type="survivor" free="0" total="143196160" percent="0" />
    </mem>
    <mem type="tenure" free="720074472" total="1825767424" percent="39" macro-fragmented="0">
      <mem type="soa" free="614360016" total="1716220928" percent="35" />
      <mem type="loa" free="105714456" total="109546496" percent="96" />
    </mem>
    <remembered-set count="29388" />
  </mem-info>
</gc-end>
<cycle-end id="5811" type="scavenge" contextid="5805" timestamp="2020-09-11T13:05:09.985" />
<allocation-satisfied id="5812" threadId="000000000078C200" bytesRequested="24" />
<af-end id="5813" timestamp="2020-09-11T13:05:09.985" threadId="000000000078CB80" success="true" from="nursery"/>
<exclusive-end id="5814" timestamp="2020-09-11T13:05:09.985" durationms="109.619" />

<exclusive-start id="5815" timestamp="2020-09-11T13:05:11.955" intervalms="2079.656">
  <response-info timems="0.359" idlems="0.359" threads="0" lastid="00000000008C3100" lastname="Group1.Backend.CompositeBackend{Tier1}.7" />
</exclusive-start>
<af-start id="5816" threadId="00000000008C3A80" totalBytesRequested="24" timestamp="2020-09-11T13:05:11.955" intervalms="2079.492" type="nursery" />
<cycle-start id="5817" type="scavenge" contextid="0" timestamp="2020-09-11T13:05:11.956" intervalms="2079.469" />
<gc-start id="5818" type="scavenge" contextid="5817" timestamp="2020-09-11T13:05:11.956">
  <mem-info id="5819" free="720074472" total="2765291520" percent="26">
    <mem type="nursery" free="0" total="939524096" percent="0">
      <mem type="allocate" free="0" total="796327936" percent="0" />
      <mem type="survivor" free="0" total="143196160" percent="0" />
    </mem>
    <mem type="tenure" free="720074472" total="1825767424" percent="39">
      <mem type="soa" free="614360016" total="1716220928" percent="35" />
      <mem type="loa" free="105714456" total="109546496" percent="96" />
    </mem>
    <remembered-set count="192029" />
  </mem-info>
</gc-start>
<allocation-stats totalBytes="687017608" >
  <allocated-bytes non-tlh="28913816" tlh="658103792" />
  <largest-consumer threadName="Group1.Backend.CompositeBackend{Tier1}.5" threadId="000000000086AF00" bytes="100351600" />
</allocation-stats>
<gc-op id="5820" type="scavenge" timems="99.065" contextid="5817" timestamp="2020-09-11T13:05:12.055">
  <scavenger-info tenureage="3" tenuremask="7ff8" tiltratio="84" />
  <memory-copied type="nursery" objects="4253020" bytes="113019728" bytesdiscarded="202368" />
  <memory-copied type="tenure" objects="1114937" bytes="29981560" bytesdiscarded="111000" />
  <ownableSynchronizers candidates="4436" cleared="4157" />
  <references type="soft" candidates="181" cleared="0" enqueued="0" dynamicThreshold="16" maxThreshold="32" />
  <references type="weak" candidates="123" cleared="123" enqueued="0" />
</gc-op>
<gc-end id="5821" type="scavenge" contextid="5817" durationms="99.913" usertimems="779.466" systemtimems="0.000" timestamp="2020-09-11T13:05:12.056" activeThreads="8">
  <mem-info id="5822" free="1375230448" total="2765291520" percent="49">
    <mem type="nursery" free="685308920" total="939524096" percent="72">
      <mem type="allocate" free="685308920" total="798621696" percent="85" />
      <mem type="survivor" free="0" total="140902400" percent="0" />
    </mem>
    <mem type="tenure" free="689921528" total="1825767424" percent="37" macro-fragmented="0">
      <mem type="soa" free="584207072" total="1716220928" percent="34" />
      <mem type="loa" free="105714456" total="109546496" percent="96" />
    </mem>
    <remembered-set count="29447" />
  </mem-info>
</gc-end>
<cycle-end id="5823" type="scavenge" contextid="5817" timestamp="2020-09-11T13:05:12.057" />
<allocation-satisfied id="5824" threadId="00000000008C3100" bytesRequested="24" />
<af-end id="5825" timestamp="2020-09-11T13:05:12.057" threadId="00000000008C3A80" success="true" from="nursery"/>
<exclusive-end id="5826" timestamp="2020-09-11T13:05:12.057" durationms="101.760" />

<exclusive-start id="5827" timestamp="2020-09-11T13:05:14.025" intervalms="2069.842">
  <response-info timems="0.775" idlems="0.775" threads="0" lastid="000000000086AF00" lastname="Group1.Backend.CompositeBackend{Tier1}.5" />
</exclusive-start>
<af-start id="5828" threadId="000000000086B880" totalBytesRequested="16" timestamp="2020-09-11T13:05:14.026" intervalms="2070.158" type="nursery" />
<cycle-start id="5829" type="scavenge" contextid="0" timestamp="2020-09-11T13:05:14.026" intervalms="2070.202" />
<gc-start id="5830" type="scavenge" contextid="5829" timestamp="2020-09-11T13:05:14.026">
  <mem-info id="5831" free="689921528" total="2765291520" percent="24">
    <mem type="nursery" free="0" total="939524096" percent="0">
      <mem type="allocate" free="0" total="798621696" percent="0" />
      <mem type="survivor" free="0" total="140902400" percent="0" />
    </mem>
    <mem type="tenure" free="689921528" total="1825767424" percent="37">
      <mem type="soa" free="584207072" total="1716220928" percent="34" />
      <mem type="loa" free="105714456" total="109546496" percent="96" />
    </mem>
    <remembered-set count="190202" />
  </mem-info>
</gc-start>
<allocation-stats totalBytes="684984528" >
  <allocated-bytes non-tlh="34548576" tlh="650435952" />
  <largest-consumer threadName="Group1.Backend.CompositeBackend{Tier1}.4" threadId="0000000000863200" bytes="98507696" />
</allocation-stats>
<gc-op id="5832" type="scavenge" timems="140.186" contextid="5829" timestamp="2020-09-11T13:05:14.166">
  <scavenger-info tenureage="3" tenuremask="7ff8" tiltratio="85" />
  <memory-copied type="nursery" objects="4288657" bytes="114235032" bytesdiscarded="194872" />
  <memory-copied type="tenure" objects="989761" bytes="26598192" bytesdiscarded="109392" />
  <ownableSynchronizers candidates="2808" cleared="2549" />
  <references type="soft" candidates="181" cleared="0" enqueued="0" dynamicThreshold="16" maxThreshold="32" />
  <references type="weak" candidates="126" cleared="126" enqueued="0" />
</gc-op>
<gc-end id="5833" type="scavenge" contextid="5829" durationms="141.313" usertimems="1008.973" systemtimems="15.348" timestamp="2020-09-11T13:05:14.167" activeThreads="8">
  <mem-info id="5834" free="1349716896" total="2765291520" percent="48">
    <mem type="nursery" free="686473976" total="939524096" percent="73">
      <mem type="allocate" free="686473976" total="800980992" percent="85" />
      <mem type="survivor" free="0" total="138543104" percent="0" />
    </mem>
    <mem type="tenure" free="663242920" total="1825767424" percent="36" macro-fragmented="0">
      <mem type="soa" free="557528464" total="1716220928" percent="32" />
      <mem type="loa" free="105714456" total="109546496" percent="96" />
    </mem>
    <remembered-set count="28481" />
  </mem-info>
</gc-end>
<cycle-end id="5835" type="scavenge" contextid="5829" timestamp="2020-09-11T13:05:14.168" />
<allocation-satisfied id="5836" threadId="000000000086AF00" bytesRequested="16" />
<af-end id="5837" timestamp="2020-09-11T13:05:14.168" threadId="000000000086B880" success="true" from="nursery"/>
<exclusive-end id="5838" timestamp="2020-09-11T13:05:14.169" durationms="144.024" />

<exclusive-start id="5839" timestamp="2020-09-11T13:05:16.111" intervalms="2086.053">
  <response-info timems="0.441" idlems="0.441" threads="0" lastid="00000000008C3100" lastname="Group1.Backend.CompositeBackend{Tier1}.7" />
</exclusive-start>
<af-start id="5840" threadId="00000000008C3A80" totalBytesRequested="24" timestamp="2020-09-11T13:05:16.112" intervalms="2085.956" type="nursery" />
<cycle-start id="5841" type="scavenge" contextid="0" timestamp="2020-09-11T13:05:16.112" intervalms="2085.932" />
<gc-start id="5842" type="scavenge" contextid="5841" timestamp="2020-09-11T13:05:16.112">
  <mem-info id="5843" free="663242920" total="2765291520" percent="23">
    <mem type="nursery" free="0" total="939524096" percent="0">
      <mem type="allocate" free="0" total="800980992" percent="0" />
      <mem type="survivor" free="0" total="138543104" percent="0" />
    </mem>
    <mem type="tenure" free="663242920" total="1825767424" percent="36">
      <mem type="soa" free="557528464" total="1716220928" percent="32" />
      <mem type="loa" free="105714456" total="109546496" percent="96" />
    </mem>
    <remembered-set count="191920" />
  </mem-info>
</gc-start>
<allocation-stats totalBytes="686135536" >
  <allocated-bytes non-tlh="30151120" tlh="655984416" />
  <largest-consumer threadName="Group1.Backend.CompositeBackend{Tier1}.8" threadId="00000000008DD200" bytes="85170984" />
</allocation-stats>
<gc-op id="5844" type="scavenge" timems="109.768" contextid="5841" timestamp="2020-09-11T13:05:16.222">
  <scavenger-info tenureage="3" tenuremask="7ff8" tiltratio="85" />
  <memory-copied type="nursery" objects="4102382" bytes="110016248" bytesdiscarded="171536" />
  <memory-copied type="tenure" objects="1140378" bytes="30659384" bytesdiscarded="115520" />
  <ownableSynchronizers candidates="3666" cleared="3419" />
  <references type="soft" candidates="165" cleared="0" enqueued="0" dynamicThreshold="16" maxThreshold="32" />
  <references type="weak" candidates="119" cleared="118" enqueued="0" />
</gc-op>
<gc-end id="5845" type="scavenge" contextid="5841" durationms="110.992" usertimems="807.197" systemtimems="8.242" timestamp="2020-09-11T13:05:16.223" activeThreads="8">
  <mem-info id="5846" free="1325181248" total="2765291520" percent="47">
    <mem type="nursery" free="692807936" total="939524096" percent="73">
      <mem type="allocate" free="692807936" total="803078144" percent="86" />
      <mem type="survivor" free="0" total="136445952" percent="0" />
    </mem>
    <mem type="tenure" free="632373312" total="1825767424" percent="34" macro-fragmented="0">
      <mem type="soa" free="526658856" total="1716220928" percent="30" />
      <mem type="loa" free="105714456" total="109546496" percent="96" />
    </mem>
    <remembered-set count="28203" />
  </mem-info>
</gc-end>
<cycle-end id="5847" type="scavenge" contextid="5841" timestamp="2020-09-11T13:05:16.224" />
<allocation-satisfied id="5848" threadId="00000000008C3100" bytesRequested="24" />
<af-end id="5849" timestamp="2020-09-11T13:05:16.224" threadId="00000000008C3A80" success="true" from="nursery"/>
<exclusive-end id="5850" timestamp="2020-09-11T13:05:16.224" durationms="113.343" />

<exclusive-start id="5851" timestamp="2020-09-11T13:05:18.231" intervalms="2120.733">
  <response-info timems="0.280" idlems="0.205" threads="1" lastid="0000000000863200" lastname="Group1.Backend.CompositeBackend{Tier1}.4" />
</exclusive-start>
<af-start id="5852" threadId="000000000086B880" totalBytesRequested="656" timestamp="2020-09-11T13:05:18.232" intervalms="2120.674" type="nursery" />
<cycle-start id="5853" type="scavenge" contextid="0" timestamp="2020-09-11T13:05:18.232" intervalms="2120.699" />
<gc-start id="5854" type="scavenge" contextid="5853" timestamp="2020-09-11T13:05:18.233">
  <mem-info id="5855" free="632373312" total="2765291520" percent="22">
    <mem type="nursery" free="0" total="939524096" percent="0">
      <mem type="allocate" free="0" total="803078144" percent="0" />
      <mem type="survivor" free="0" total="136445952" percent="0" />
    </mem>
    <mem type="tenure" free="632373312" total="1825767424" percent="34">
      <mem type="soa" free="526658856" total="1716220928" percent="30" />
      <mem type="loa" free="105714456" total="109546496" percent="96" />
    </mem>
    <remembered-set count="190574" />
  </mem-info>
</gc-start>
<allocation-stats totalBytes="692471360" >
  <allocated-bytes non-tlh="35710072" tlh="656761288" />
  <largest-consumer threadName="Group1.Backend.CompositeBackend{Tier1}.1" threadId="000000000078C200" bytes="93695080" />
</allocation-stats>
<gc-op id="5856" type="scavenge" timems="105.539" contextid="5853" timestamp="2020-09-11T13:05:18.338">
  <scavenger-info tenureage="3" tenuremask="7ff8" tiltratio="85" />
  <memory-copied type="nursery" objects="4095455" bytes="109756984" bytesdiscarded="327480" />
  <memory-copied type="tenure" objects="1119357" bytes="30111536" bytesdiscarded="128400" />
  <ownableSynchronizers candidates="4406" cleared="4158" />
  <references type="soft" candidates="168" cleared="0" enqueued="0" dynamicThreshold="16" maxThreshold="32" />
  <references type="weak" candidates="113" cleared="112" enqueued="0" />
</gc-op>
<gc-end id="5857" type="scavenge" contextid="5853" durationms="106.491" usertimems="803.730" systemtimems="0.000" timestamp="2020-09-11T13:05:18.339" activeThreads="8">
  <mem-info id="5858" free="1297746216" total="2765291520" percent="46">
    <mem type="nursery" free="695533824" total="939524096" percent="74">
      <mem type="allocate" free="695533824" total="805699584" percent="86" />
      <mem type="survivor" free="0" total="133824512" percent="0" />
    </mem>
    <mem type="tenure" free="602212392" total="1825767424" percent="32" macro-fragmented="0">
      <mem type="soa" free="496497936" total="1716220928" percent="28" />
      <mem type="loa" free="105714456" total="109546496" percent="96" />
    </mem>
    <remembered-set count="29896" />
  </mem-info>
</gc-end>
<cycle-end id="5859" type="scavenge" contextid="5853" timestamp="2020-09-11T13:05:18.340" />
<allocation-satisfied id="5860" threadId="000000000086AF00" bytesRequested="656" />
<af-end id="5861" timestamp="2020-09-11T13:05:18.340" threadId="000000000086B880" success="true" from="nursery"/>
<exclusive-end id="5862" timestamp="2020-09-11T13:05:18.340" durationms="108.620" />

<exclusive-start id="5863" timestamp="2020-09-11T13:05:20.286" intervalms="2054.063">
  <response-info timems="0.245" idlems="0.125" threads="1" lastid="00000000008C3100" lastname="Group1.Backend.CompositeBackend{Tier1}.7" />
</exclusive-start>
<af-start id="5864" threadId="0000000000819D80" totalBytesRequested="784" timestamp="2020-09-11T13:05:20.286" intervalms="2053.887" type="nursery" />
<cycle-start id="5865" type="scavenge" contextid="0" timestamp="2020-09-11T13:05:20.286" intervalms="2053.849" />
<gc-start id="5866" type="scavenge" contextid="5865" timestamp="2020-09-11T13:05:20.287">
  <mem-info id="5867" free="602212392" total="2765291520" percent="21">
    <mem type="nursery" free="0" total="939524096" percent="0">
      <mem type="allocate" free="0" total="805699584" percent="0" />
      <mem type="survivor" free="0" total="133824512" percent="0" />
    </mem>
    <mem type="tenure" free="602212392" total="1825767424" percent="32">
      <mem type="soa" free="496497936" total="1716220928" percent="28" />
      <mem type="loa" free="105714456" total="109546496" percent="96" />
    </mem>
    <remembered-set count="193229" />
  </mem-info>
</gc-start>
<allocation-stats totalBytes="695194768" >
  <allocated-bytes non-tlh="32039592" tlh="663155176" />
  <largest-consumer threadName="Group1.Backend.CompositeBackend{Tier1}.8" threadId="00000000008DD200" bytes="91067504" />
</allocation-stats>
<gc-op id="5868" type="scavenge" timems="102.795" contextid="5865" timestamp="2020-09-11T13:05:20.389">
  <scavenger-info tenureage="3" tenuremask="7ff8" tiltratio="85" />
  <memory-copied type="nursery" objects="4281827" bytes="114006496" bytesdiscarded="373776" />
  <memory-copied type="tenure" objects="1076081" bytes="28925128" bytesdiscarded="140528" />
  <ownableSynchronizers candidates="3528" cleared="3289" />
  <references type="soft" candidates="177" cleared="0" enqueued="0" dynamicThreshold="16" maxThreshold="32" />
  <references type="weak" candidates="113" cleared="113" enqueued="0" />
</gc-op>
<gc-end id="5869" type="scavenge" contextid="5865" durationms="104.178" usertimems="813.108" systemtimems="0.000" timestamp="2020-09-11T13:05:20.391" activeThreads="8">
  <mem-info id="5870" free="1265420624" total="2765291520" percent="45">
    <mem type="nursery" free="692280312" total="939524096" percent="73">
      <mem type="allocate" free="692280312" total="806748160" percent="85" />
      <mem type="survivor" free="0" total="132775936" percent="0" />
    </mem>
    <mem type="tenure" free="573140312" total="1825767424" percent="31" macro-fragmented="0">
      <mem type="soa" free="467425856" total="1716220928" percent="27" />
      <mem type="loa" free="105714456" total="109546496" percent="96" />
    </mem>
    <remembered-set count="30232" />
  </mem-info>
</gc-end>
<cycle-end id="5871" type="scavenge" contextid="5865" timestamp="2020-09-11T13:05:20.392" />
<allocation-satisfied id="5872" threadId="0000000000819400" bytesRequested="784" />
<af-end id="5873" timestamp="2020-09-11T13:05:20.392" threadId="0000000000819D80" success="true" from="nursery"/>
<exclusive-end id="5874" timestamp="2020-09-11T13:05:20.392" durationms="106.048" />

<exclusive-start id="5875" timestamp="2020-09-11T13:05:22.442" intervalms="2156.743">
  <response-info timems="0.561" idlems="0.561" threads="0" lastid="0000000000A8FC00" lastname="Group1.Backend.CompositeBackend{Tier3}.3" />
</exclusive-start>
<af-start id="5876" threadId="0000000000A90580" totalBytesRequested="48" timestamp="2020-09-11T13:05:22.443" intervalms="2156.879" type="nursery" />
<cycle-start id="5877" type="scavenge" contextid="0" timestamp="2020-09-11T13:05:22.443" intervalms="2156.895" />
<gc-start id="5878" type="scavenge" contextid="5877" timestamp="2020-09-11T13:05:22.443">
  <mem-info id="5879" free="573140312" total="2765291520" percent="20">
    <mem type="nursery" free="0" total="939524096" percent="0">
      <mem type="allocate" free="0" total="806748160" percent="0" />
      <mem type="survivor" free="0" total="132775936" percent="0" />
    </mem>
    <mem type="tenure" free="573140312" total="1825767424" percent="31">
      <mem type="soa" free="467425856" total="1716220928" percent="27" />
      <mem type="loa" free="105714456" total="109546496" percent="96" />
    </mem>
    <remembered-set count="197018" />
  </mem-info>
</gc-start>
<allocation-stats totalBytes="691939224" >
  <allocated-bytes non-tlh="26860184" tlh="665079040" />
  <largest-consumer threadName="Group1.Backend.CompositeBackend{Tier1}.6" threadId="000000000088B400" bytes="95258104" />
</allocation-stats>
<gc-op id="5880" type="scavenge" timems="138.587" contextid="5877" timestamp="2020-09-11T13:05:22.582">
  <scavenger-info tenureage="3" tenuremask="7ff8" tiltratio="85" />
  <memory-copied type="nursery" objects="4273909" bytes="113948920" bytesdiscarded="235368" />
  <memory-copied type="tenure" objects="1096609" bytes="29465328" bytesdiscarded="128272" />
  <ownableSynchronizers candidates="4216" cleared="3955" />
  <references type="soft" candidates="173" cleared="0" enqueued="0" dynamicThreshold="16" maxThreshold="32" />
  <references type="weak" candidates="107" cleared="104" enqueued="0" />
</gc-op>
<gc-end id="5881" type="scavenge" contextid="5877" durationms="139.549" usertimems="976.160" systemtimems="14.942" timestamp="2020-09-11T13:05:22.583" activeThreads="8">
  <mem-info id="5882" free="1240060976" total="2765291520" percent="44">
    <mem type="nursery" free="696535032" total="939524096" percent="74">
      <mem type="allocate" free="696535032" total="810811392" percent="85" />
      <mem type="survivor" free="0" total="128712704" percent="0" />
    </mem>
    <mem type="tenure" free="543525944" total="1825767424" percent="29" macro-fragmented="0">
      <mem type="soa" free="437811488" total="1716220928" percent="25" />
      <mem type="loa" free="105714456" total="109546496" percent="96" />
    </mem>
    <remembered-set count="31631" />
  </mem-info>
</gc-end>
<cycle-end id="5883" type="scavenge" contextid="5877" timestamp="2020-09-11T13:05:22.584" />
<allocation-satisfied id="5884" threadId="0000000000A8FC00" bytesRequested="48" />
<af-end id="5885" timestamp="2020-09-11T13:05:22.584" threadId="0000000000A90580" success="true" from="nursery"/>
<exclusive-end id="5886" timestamp="2020-09-11T13:05:22.584" durationms="141.956" />

<exclusive-start id="5887" timestamp="2020-09-11T13:05:24.502" intervalms="2059.604">
  <response-info timems="0.776" idlems="0.776" threads="0" lastid="00000000007EB800" lastname="Group1.Backend.CompositeBackend{Tier1}.2" />
</exclusive-start>
<af-start id="5888" threadId="00000000007EC180" totalBytesRequested="16" timestamp="2020-09-11T13:05:24.503" intervalms="2059.669" type="nursery" />
<cycle-start id="5889" type="scavenge" contextid="0" timestamp="2020-09-11T13:05:24.503" intervalms="2059.669" />
<gc-start id="5890" type="scavenge" contextid="5889" timestamp="2020-09-11T13:05:24.503">
  <mem-info id="5891" free="543525944" total="2765291520" percent="19">
    <mem type="nursery" free="0" total="939524096" percent="0">
      <mem type="allocate" free="0" total="810811392" percent="0" />
      <mem type="survivor" free="0" total="128712704" percent="0" />
    </mem>
    <mem type="tenure" free="543525944" total="1825767424" percent="29">
      <mem type="soa" free="437811488" total="1716220928" percent="25" />
      <mem type="loa" free="105714456" total="109546496" percent="96" />
    </mem>
    <remembered-set count="193386" />
  </mem-info>
</gc-start>
<allocation-stats totalBytes="696179432" >
  <allocated-bytes non-tlh="36959272" tlh="659220160" />
  <largest-consumer threadName="Group1.Backend.CompositeBackend{Tier1}.3" threadId="0000000000819400" bytes="110174080" />
</allocation-stats>
<gc-op id="5892" type="scavenge" timems="156.735" contextid="5889" timestamp="2020-09-11T13:05:24.660">
  <scavenger-info tenureage="3" tenuremask="7ff8" tiltratio="86" />
  <memory-copied type="nursery" objects="4352304" bytes="115709888" bytesdiscarded="206240" />
  <memory-copied type="tenure" objects="1071295" bytes="28783152" bytesdiscarded="122272" />
  <ownableSynchronizers candidates="3760" cleared="3491" />
  <references type="soft" candidates="174" cleared="0" enqueued="0" dynamicThreshold="16" maxThreshold="32" />
  <references type="weak" candidates="118" cleared="118" enqueued="0" />
</gc-op>
<gc-end id="5893" type="scavenge" contextid="5889" durationms="158.482" usertimems="1167.930" systemtimems="29.902" timestamp="2020-09-11T13:05:24.661" activeThreads="8">
  <mem-info id="5894" free="1207126712" total="2765291520" percent="43">
    <mem type="nursery" free="692512464" total="939524096" percent="73">
      <mem type="allocate" free="692512464" total="808517632" percent="85" />
      <mem type="survivor" free="0" total="131006464" percent="0" />
    </mem>
    <mem type="tenure" free="514614248" total="1825767424" percent="28" macro-fragmented="0">
      <mem type="soa" free="408899792" total="1716220928" percent="23" />
      <mem type="loa" free="105714456" total="109546496" percent="96" />
    </mem>
    <remembered-set count="31961" />
  </mem-info>
</gc-end>
<cycle-end id="5895" type="scavenge" contextid="5889" timestamp="2020-09-11T13:05:24.663" />
<allocation-satisfied id="5896" threadId="00000000007EB800" bytesRequested="16" />
<af-end id="5897" timestamp="2020-09-11T13:05:24.663" threadId="00000000007EC180" success="true" from="nursery"/>
<exclusive-end id="5898" timestamp="2020-09-11T13:05:24.663" durationms="161.001" />

<exclusive-start id="5899" timestamp="2020-09-11T13:05:26.602" intervalms="2100.156">
  <response-info timems="0.358" idlems="0.190" threads="1" lastid="000000000086AF00" lastname="Group1.Backend.CompositeBackend{Tier1}.5" />
</exclusive-start>
<af-start id="5900" threadId="000000000088BD80" totalBytesRequested="16" timestamp="2020-09-11T13:05:26.603" intervalms="2100.277" type="nursery" />
<cycle-start id="5901" type="scavenge" contextid="0" timestamp="2020-09-11T13:05:26.603" intervalms="2100.319" />
<gc-start id="5902" type="scavenge" contextid="5901" timestamp="2020-09-11T13:05:26.604">
  <mem-info id="5903" free="514614248" total="2765291520" percent="18">
    <mem type="nursery" free="0" total="939524096" percent="0">
      <mem type="allocate" free="0" total="808517632" percent="0" />
      <mem type="survivor" free="0" total="131006464" percent="0" />
    </mem>
    <mem type="tenure" free="514614248" total="1825767424" percent="28">
      <mem type="soa" free="408899792" total="1716220928" percent="23" />
      <mem type="loa" free="105714456" total="109546496" percent="96" />
    </mem>
    <remembered-set count="196798" />
  </mem-info>
</gc-start>
<allocation-stats totalBytes="692174504" >
  <allocated-bytes non-tlh="30234352" tlh="661940152" />
  <largest-consumer threadName="Group1.Backend.CompositeBackend{Tier1}.4" threadId="0000000000863200" bytes="100402320" />
</allocation-stats>
<gc-op id="5904" type="scavenge" timems="117.374" contextid="5901" timestamp="2020-09-11T13:05:26.721">
  <scavenger-info tenureage="3" tenuremask="7ff8" tiltratio="86" />
  <memory-copied type="nursery" objects="4257277" bytes="113265544" bytesdiscarded="215728" />
  <memory-copied type="tenure" objects="1106856" bytes="29755688" bytesdiscarded="149008" />
  <ownableSynchronizers candidates="3875" cleared="3620" />
  <references type="soft" candidates="154" cleared="0" enqueued="0" dynamicThreshold="16" maxThreshold="32" />
  <references type="weak" candidates="127" cleared="127" enqueued="0" />
</gc-op>
<gc-end id="5905" type="scavenge" contextid="5901" durationms="118.437" usertimems="886.788" systemtimems="0.000" timestamp="2020-09-11T13:05:26.722" activeThreads="8">
  <mem-info id="5906" free="1179902776" total="2765291520" percent="42">
    <mem type="nursery" free="695215576" total="939524096" percent="73">
      <mem type="allocate" free="695215576" total="808779776" percent="85" />
      <mem type="survivor" free="0" total="130744320" percent="0" />
    </mem>
    <mem type="tenure" free="484687200" total="1825767424" percent="26" macro-fragmented="0">
      <mem type="soa" free="378972744" total="1716220928" percent="22" />
      <mem type="loa" free="105714456" total="109546496" percent="96" />
    </mem>
    <remembered-set count="32471" />
  </mem-info>
</gc-end>
<cycle-end id="5907" type="scavenge" contextid="5901" timestamp="2020-09-11T13:05:26.723" />
<allocation-satisfied id="5908" threadId="000000000088B400" bytesRequested="16" />
<af-end id="5909" timestamp="2020-09-11T13:05:26.723" threadId="000000000088BD80" success="true" from="nursery"/>
<exclusive-end id="5910" timestamp="2020-09-11T13:05:26.723" durationms="120.959" />

<exclusive-start id="5911" timestamp="2020-09-11T13:05:28.806" intervalms="2203.738">
  <response-info timems="1.546" idlems="0.690" threads="2" lastid="0000000000863200" lastname="Group1.Backend.CompositeBackend{Tier1}.4" />
</exclusive-start>
<af-start id="5912" threadId="000000000094FE80" totalBytesRequested="32" timestamp="2020-09-11T13:05:28.807" intervalms="2203.641" type="nursery" />
<cycle-start id="5913" type="scavenge" contextid="0" timestamp="2020-09-11T13:05:28.807" intervalms="2203.587" />
<gc-start id="5914" type="scavenge" contextid="5913" timestamp="2020-09-11T13:05:28.807">
  <mem-info id="5915" free="484687200" total="2765291520" percent="17">
    <mem type="nursery" free="0" total="939524096" percent="0">
      <mem type="allocate" free="0" total="808779776" percent="0" />
      <mem type="survivor" free="0" total="130744320" percent="0" />
    </mem>
    <mem type="tenure" free="484687200" total="1825767424" percent="26">
      <mem type="soa" free="378972744" total="1716220928" percent="22" />
      <mem type="loa" free="105714456" total="109546496" percent="96" />
    </mem>
    <remembered-set count="199193" />
  </mem-info>
</gc-start>
<allocation-stats totalBytes="694886312" >
  <allocated-bytes non-tlh="25847032" tlh="669039280" />
  <largest-consumer threadName="Group1.Backend.CompositeBackend{Tier1}.7" threadId="00000000008C3100" bytes="90396888" />
</allocation-stats>
<gc-op id="5916" type="scavenge" timems="128.394" contextid="5913" timestamp="2020-09-11T13:05:28.935">
  <scavenger-info tenureage="3" tenuremask="7ff8" tiltratio="86" />
  <memory-copied type="nursery" objects="4234878" bytes="113371816" bytesdiscarded="203920" />
  <memory-copied type="tenure" objects="1130681" bytes="30376320" bytesdiscarded="130352" />
  <ownableSynchronizers candidates="5310" cleared="5030" />
  <references type="soft" candidates="174" cleared="0" enqueued="0" dynamicThreshold="16" maxThreshold="32" />
  <references type="weak" candidates="112" cleared="112" enqueued="0" />
</gc-op>
<gc-end id="5917" type="scavenge" contextid="5913" durationms="129.761" usertimems="921.760" systemtimems="4.991" timestamp="2020-09-11T13:05:28.937" activeThreads="8">
  <mem-info id="5918" free="1150009216" total="2765291520" percent="41">
    <mem type="nursery" free="695833816" total="939524096" percent="74">
      <mem type="allocate" free="695833816" total="809500672" percent="85" />
      <mem type="survivor" free="0" total="130023424" percent="0" />
    </mem>
    <mem type="tenure" free="454175400" total="1825767424" percent="24" macro-fragmented="0">
      <mem type="soa" free="348460944" total="1716220928" percent="20" />
      <mem type="loa" free="105714456" total="109546496" percent="96" />
    </mem>
    <remembered-set count="31941" />
  </mem-info>
</gc-end>
<cycle-end id="5919" type="scavenge" contextid="5913" timestamp="2020-09-11T13:05:28.938" />
<allocation-satisfied id="5920" threadId="000000000094F500" bytesRequested="32" />
<af-end id="5921" timestamp="2020-09-11T13:05:28.938" threadId="000000000094FE80" success="true" from="nursery"/>
<exclusive-end id="5922" timestamp="2020-09-11T13:05:28.938" durationms="132.036" />

<exclusive-start id="5923" timestamp="2020-09-11T13:05:30.749" intervalms="1942.769">
  <response-info timems="0.913" idlems="0.913" threads="0" lastid="00000000008DD200" lastname="Group1.Backend.CompositeBackend{Tier1}.8" />
</exclusive-start>
<af-start id="5924" threadId="00000000008DDB80" totalBytesRequested="16" timestamp="2020-09-11T13:05:30.749" intervalms="1942.748" type="nursery" />
<cycle-start id="5925" type="scavenge" contextid="0" timestamp="2020-09-11T13:05:30.749" intervalms="1942.749" />
<gc-start id="5926" type="scavenge" contextid="5925" timestamp="2020-09-11T13:05:30.750">
  <mem-info id="5927" free="454175400" total="2765291520" percent="16">
    <mem type="nursery" free="0" total="939524096" percent="0">
      <mem type="allocate" free="0" total="809500672" percent="0" />
      <mem type="survivor" free="0" total="130023424" percent="0" />
    </mem>
    <mem type="tenure" free="454175400" total="1825767424" percent="24">
      <mem type="soa" free="348460944" total="1716220928" percent="20" />
      <mem type="loa" free="105714456" total="109546496" percent="96" />
    </mem>
    <remembered-set count="191287" />
  </mem-info>
</gc-start>
<allocation-stats totalBytes="695505112" >
  <allocated-bytes non-tlh="40841072" tlh="654664040" />
  <largest-consumer threadName="Group1.Backend.CompositeBackend{Tier1}.8" threadId="00000000008DD200" bytes="91709176" />
</allocation-stats>
<gc-op id="5928" type="scavenge" timems="149.417" contextid="5925" timestamp="2020-09-11T13:05:30.899">
  <scavenger-info tenureage="3" tenuremask="7ff8" tiltratio="86" />
  <memory-copied type="nursery" objects="4092364" bytes="109943416" bytesdiscarded="149152" />
  <memory-copied type="tenure" objects="1058911" bytes="28455880" bytesdiscarded="139472" />
  <ownableSynchronizers candidates="4393" cleared="4097" />
  <references type="soft" candidates="188" cleared="0" enqueued="0" dynamicThreshold="16" maxThreshold="32" />
  <references type="weak" candidates="105" cleared="104" enqueued="0" />
</gc-op>
<gc-end id="5929" type="scavenge" contextid="5925" durationms="150.675" usertimems="1040.398" systemtimems="21.380" timestamp="2020-09-11T13:05:30.900" activeThreads="8">
  <mem-info id="5930" free="1125575600" total="2765291520" percent="40">
    <mem type="nursery" free="699915520" total="939524096" percent="74">
      <mem type="allocate" free="699915520" total="810090496" percent="86" />
      <mem type="survivor" free="0" total="129433600" percent="0" />
    </mem>
    <mem type="tenure" free="425660080" total="1825767424" percent="23" macro-fragmented="0">
      <mem type="soa" free="319945624" total="1716220928" percent="18" />
      <mem type="loa" free="105714456" total="109546496" percent="96" />
    </mem>
    <remembered-set count="31204" />
  </mem-info>
</gc-end>
<cycle-end id="5931" type="scavenge" contextid="5925" timestamp="2020-09-11T13:05:30.902" />
<allocation-satisfied id="5932" threadId="00000000008DD200" bytesRequested="16" />
<af-end id="5933" timestamp="2020-09-11T13:05:30.902" threadId="00000000008DDB80" success="true" from="nursery"/>
<exclusive-end id="5934" timestamp="2020-09-11T13:05:30.902" durationms="153.142" />

<exclusive-start id="5935" timestamp="2020-09-11T13:05:32.982" intervalms="2233.085">
  <response-info timems="0.341" idlems="0.174" threads="1" lastid="000000000088B400" lastname="Group1.Backend.CompositeBackend{Tier1}.6" />
</exclusive-start>
<af-start id="5936" threadId="00000000008C3A80" totalBytesRequested="10008" timestamp="2020-09-11T13:05:32.982" intervalms="2232.914" type="nursery" />
<cycle-start id="5937" type="scavenge" contextid="0" timestamp="2020-09-11T13:05:32.982" intervalms="2232.918" />
<gc-start id="5938" type="scavenge" contextid="5937" timestamp="2020-09-11T13:05:32.983">
  <mem-info id="5939" free="425660080" total="2765291520" percent="15">
    <mem type="nursery" free="0" total="939524096" percent="0">
      <mem type="allocate" free="0" total="810090496" percent="0" />
      <mem type="survivor" free="0" total="129433600" percent="0" />
    </mem>
    <mem type="tenure" free="425660080" total="1825767424" percent="23">
      <mem type="soa" free="319945624" total="1716220928" percent="18" />
      <mem type="loa" free="105714456" total="109546496" percent="96" />
    </mem>
    <remembered-set count="197229" />
  </mem-info>
</gc-start>
<allocation-stats totalBytes="699564376" >
  <allocated-bytes non-tlh="27353304" tlh="672211072" />
  <largest-consumer threadName="Group1.Backend.CompositeBackend{Tier1}.3" threadId="0000000000819400" bytes="99477088" />
</allocation-stats>
<gc-op id="5940" type="scavenge" timems="114.479" contextid="5937" timestamp="2020-09-11T13:05:33.097">
  <scavenger-info tenureage="3" tenuremask="7ff8" tiltratio="86" />
  <memory-copied type="nursery" objects="4143989" bytes="111327472" bytesdiscarded="257080" />
  <memory-copied type="tenure" objects="1103388" bytes="29658240" bytesdiscarded="150512" />
  <ownableSynchronizers candidates="4046" cleared="3754" />
  <references type="soft" candidates="200" cleared="0" enqueued="0" dynamicThreshold="16" maxThreshold="32" />
  <references type="weak" candidates="94" cleared="93" enqueued="0" />
</gc-op>
<gc-end id="5941" type="scavenge" contextid="5937" durationms="115.711" usertimems="853.187" systemtimems="0.000" timestamp="2020-09-11T13:05:33.098" activeThreads="8">
  <mem-info id="5942" free="1094894320" total="2765291520" percent="39">
    <mem type="nursery" free="699067056" total="939524096" percent="74">
      <mem type="allocate" free="699067056" total="810745856" percent="86" />
      <mem type="survivor" free="0" total="128778240" percent="0" />
    </mem>
    <mem type="tenure" free="395827264" total="1825767424" percent="21" macro-fragmented="0">
      <mem type="soa" free="290112808" total="1716220928" percent="16" />
      <mem type="loa" free="105714456" total="109546496" percent="96" />
    </mem>
    <remembered-set count="30835" />
  </mem-info>
</gc-end>
<cycle-end id="5943" type="scavenge" contextid="5937" timestamp="2020-09-11T13:05:33.099" />
<allocation-satisfied id="5944" threadId="00000000008C3100" bytesRequested="10008" />
<af-end id="5945" timestamp="2020-09-11T13:05:33.099" threadId="00000000008C3A80" success="true" from="nursery"/>
<exclusive-end id="5946" timestamp="2020-09-11T13:05:33.099" durationms="117.572" />

<exclusive-start id="5947" timestamp="2020-09-11T13:05:35.100" intervalms="2118.212">
  <response-info timems="4.000" idlems="3.896" threads="1" lastid="000000000086AF00" lastname="Group1.Backend.CompositeBackend{Tier1}.5" />
</exclusive-start>
<af-start id="5948" threadId="0000000000AA8180" totalBytesRequested="16" timestamp="2020-09-11T13:05:35.101" intervalms="2118.543" type="nursery" />
<cycle-start id="5949" type="scavenge" contextid="0" timestamp="2020-09-11T13:05:35.101" intervalms="2118.607" />
<gc-start id="5950" type="scavenge" contextid="5949" timestamp="2020-09-11T13:05:35.101">
  <mem-info id="5951" free="395827264" total="2765291520" percent="14">
    <mem type="nursery" free="0" total="939524096" percent="0">
      <mem type="allocate" free="0" total="810745856" percent="0" />
      <mem type="survivor" free="0" total="128778240" percent="0" />
    </mem>
    <mem type="tenure" free="395827264" total="1825767424" percent="21">
      <mem type="soa" free="290112808" total="1716220928" percent="16" />
      <mem type="loa" free="105714456" total="109546496" percent="96" />
    </mem>
    <remembered-set count="193088" />
  </mem-info>
</gc-start>
<allocation-stats totalBytes="698753208" >
  <allocated-bytes non-tlh="31741912" tlh="667011296" />
  <largest-consumer threadName="Group1.Backend.CompositeBackend{Tier1}.6" threadId="000000000088B400" bytes="91875440" />
</allocation-stats>
<gc-op id="5952" type="scavenge" timems="121.276" contextid="5949" timestamp="2020-09-11T13:05:35.223">
  <scavenger-info tenureage="3" tenuremask="7ff8" tiltratio="86" />
  <memory-copied type="nursery" objects="4276245" bytes="113855880" bytesdiscarded="134488" />
  <memory-copied type="tenure" objects="1139108" bytes="30737640" bytesdiscarded="136728" />
  <ownableSynchronizers candidates="4190" cleared="3890" />
  <references type="soft" candidates="197" cleared="0" enqueued="0" dynamicThreshold="16" maxThreshold="32" />
  <references type="weak" candidates="117" cleared="117" enqueued="0" />
</gc-op>
<gc-end id="5953" type="scavenge" contextid="5949" durationms="122.747" usertimems="854.684" systemtimems="0.000" timestamp="2020-09-11T13:05:35.224" activeThreads="8">
  <mem-info id="5954" free="1060257512" total="2765291520" percent="38">
    <mem type="nursery" free="695363576" total="939524096" percent="74">
      <mem type="allocate" free="695363576" total="809435136" percent="85" />
      <mem type="survivor" free="0" total="130088960" percent="0" />
    </mem>
    <mem type="tenure" free="364893936" total="1825767424" percent="19" macro-fragmented="0">
      <mem type="soa" free="259179480" total="1716220928" percent="15" />
      <mem type="loa" free="105714456" total="109546496" percent="96" />
    </mem>
    <remembered-set count="28850" />
  </mem-info>
</gc-end>
<cycle-end id="5955" type="scavenge" contextid="5949" timestamp="2020-09-11T13:05:35.225" />
<allocation-satisfied id="5956" threadId="0000000000AA7800" bytesRequested="16" />
<af-end id="5957" timestamp="2020-09-11T13:05:35.225" threadId="0000000000AA8180" success="true" from="nursery"/>
<exclusive-end id="5958" timestamp="2020-09-11T13:05:35.225" durationms="125.607" />

<exclusive-start id="5959" timestamp="2020-09-11T13:05:37.197" intervalms="2096.885">
  <response-info timems="0.919" idlems="0.919" threads="0" lastid="000000000078C200" lastname="Group1.Backend.CompositeBackend{Tier1}.1" />
</exclusive-start>
<af-start id="5960" threadId="000000000078CB80" totalBytesRequested="16" timestamp="2020-09-11T13:05:37.198" intervalms="2096.883" type="nursery" />
<cycle-start id="5961" type="scavenge" contextid="0" timestamp="2020-09-11T13:05:37.198" intervalms="2096.830" />
<gc-start id="5962" type="scavenge" contextid="5961" timestamp="2020-09-11T13:05:37.198">
  <mem-info id="5963" free="364893936" total="2765291520" percent="13">
    <mem type="nursery" free="0" total="939524096" percent="0">
      <mem type="allocate" free="0" total="809435136" percent="0" />
      <mem type="survivor" free="0" total="130088960" percent="0" />
    </mem>
    <mem type="tenure" free="364893936" total="1825767424" percent="19">
      <mem type="soa" free="259179480" total="1716220928" percent="15" />
      <mem type="loa" free="105714456" total="109546496" percent="96" />
    </mem>
    <remembered-set count="191327" />
  </mem-info>
</gc-start>
<allocation-stats totalBytes="695022480" >
  <allocated-bytes non-tlh="34359736" tlh="660662744" />
  <largest-consumer threadName="Group1.Backend.CompositeBackend{Tier1}.1" threadId="000000000078C200" bytes="99588752" />
</allocation-stats>
<gc-op id="5964" type="scavenge" timems="119.854" contextid="5961" timestamp="2020-09-11T13:05:37.318">
  <scavenger-info tenureage="3" tenuremask="7ff8" tiltratio="86" />
  <memory-copied type="nursery" objects="4418878" bytes="117992896" bytesdiscarded="169752" />
  <memory-copied type="tenure" objects="1062519" bytes="28542016" bytesdiscarded="127648" />
  <ownableSynchronizers candidates="4517" cleared="4227" />
  <references type="soft" candidates="190" cleared="0" enqueued="0" dynamicThreshold="16" maxThreshold="32" />
  <references type="weak" candidates="112" cleared="112" enqueued="0" />
</gc-op>
<gc-end id="5965" type="scavenge" contextid="5961" durationms="120.835" usertimems="906.912" systemtimems="0.000" timestamp="2020-09-11T13:05:37.319" activeThreads="8">
  <mem-info id="5966" free="1022077672" total="2765291520" percent="36">
    <mem type="nursery" free="685815232" total="939524096" percent="72">
      <mem type="allocate" free="685815232" total="804061184" percent="85" />
      <mem type="survivor" free="0" total="135462912" percent="0" />
    </mem>
    <mem type="tenure" free="336262440" total="1825767424" percent="18" macro-fragmented="0">
      <mem type="soa" free="230547984" total="1716220928" percent="13" />
      <mem type="loa" free="105714456" total="109546496" percent="96" />
    </mem>
    <remembered-set count="28571" />
  </mem-info>
</gc-end>
<cycle-end id="5967" type="scavenge" contextid="5961" timestamp="2020-09-11T13:05:37.320" />
<allocation-satisfied id="5968" threadId="000000000078C200" bytesRequested="16" />
<af-end id="5969" timestamp="2020-09-11T13:05:37.320" threadId="000000000078CB80" success="true" from="nursery"/>
<exclusive-end id="5970" timestamp="2020-09-11T13:05:37.320" durationms="123.144" />

<exclusive-start id="5971" timestamp="2020-09-11T13:05:39.253" intervalms="2056.656">
  <response-info timems="0.549" idlems="0.549" threads="0" lastid="0000000000863200" lastname="Group1.Backend.CompositeBackend{Tier1}.4" />
</exclusive-start>
<af-start id="5972" threadId="0000000000863B80" totalBytesRequested="16" timestamp="2020-09-11T13:05:39.254" intervalms="2056.540" type="nursery" />
<cycle-start id="5973" type="scavenge" contextid="0" timestamp="2020-09-11T13:05:39.254" intervalms="2056.526" />
<gc-start id="5974" type="scavenge" contextid="5973" timestamp="2020-09-11T13:05:39.255">
  <mem-info id="5975" free="336262440" total="2765291520" percent="12">
    <mem type="nursery" free="0" total="939524096" percent="0">
      <mem type="allocate" free="0" total="804061184" percent="0" />
      <mem type="survivor" free="0" total="135462912" percent="0" />
    </mem>
    <mem type="tenure" free="336262440" total="1825767424" percent="18">
      <mem type="soa" free="230547984" total="1716220928" percent="13" />
      <mem type="loa" free="105714456" total="109546496" percent="96" />
    </mem>
    <remembered-set count="191641" />
  </mem-info>
</gc-start>
<allocation-stats totalBytes="685491112" >
  <allocated-bytes non-tlh="29650208" tlh="655840904" />
  <largest-consumer threadName="Group1.Backend.CompositeBackend{Tier1}.5" threadId="000000000086AF00" bytes="90783128" />
</allocation-stats>
<gc-op id="5976" type="scavenge" timems="110.527" contextid="5973" timestamp="2020-09-11T13:05:39.365">
  <scavenger-info tenureage="3" tenuremask="7ff8" tiltratio="85" />
  <memory-copied type="nursery" objects="4452438" bytes="117770256" bytesdiscarded="157320" />
  <memory-copied type="tenure" objects="1137458" bytes="30585128" bytesdiscarded="144824" />
  <ownableSynchronizers candidates="4440" cleared="4159" />
  <references type="soft" candidates="198" cleared="0" enqueued="0" dynamicThreshold="16" maxThreshold="32" />
  <references type="weak" candidates="107" cleared="107" enqueued="0" />
</gc-op>
<gc-end id="5977" type="scavenge" contextid="5973" durationms="111.464" usertimems="853.634" systemtimems="0.000" timestamp="2020-09-11T13:05:39.366" activeThreads="8">
  <mem-info id="5978" free="994271720" total="2765291520" percent="35">
    <mem type="nursery" free="688669168" total="939524096" percent="73">
      <mem type="allocate" free="688669168" total="806682624" percent="85" />
      <mem type="survivor" free="0" total="132841472" percent="0" />
    </mem>
    <mem type="tenure" free="305602552" total="1825767424" percent="16" macro-fragmented="0">
      <mem type="soa" free="199888096" total="1716220928" percent="11" />
      <mem type="loa" free="105714456" total="109546496" percent="96" />
    </mem>
    <remembered-set count="29509" />
  </mem-info>
</gc-end>
<cycle-end id="5979" type="scavenge" contextid="5973" timestamp="2020-09-11T13:05:39.367" />
<allocation-satisfied id="5980" threadId="0000000000863200" bytesRequested="16" />
<af-end id="5981" timestamp="2020-09-11T13:05:39.367" threadId="0000000000863B80" success="true" from="nursery"/>
<exclusive-end id="5982" timestamp="2020-09-11T13:05:39.367" durationms="113.600" />

<exclusive-start id="5983" timestamp="2020-09-11T13:05:41.366" intervalms="2112.712">
  <response-info timems="1.167" idlems="1.167" threads="0" lastid="0000000000863200" lastname="Group1.Backend.CompositeBackend{Tier1}.4" />
</exclusive-start>
<af-start id="5984" threadId="0000000000863B80" totalBytesRequested="24" timestamp="2020-09-11T13:05:41.367" intervalms="2112.542" type="nursery" />
<cycle-start id="5985" type="scavenge" contextid="0" timestamp="2020-09-11T13:05:41.367" intervalms="2112.545" />
<gc-start id="5986" type="scavenge" contextid="5985" timestamp="2020-09-11T13:05:41.367">
  <mem-info id="5987" free="305602552" total="2765291520" percent="11">
    <mem type="nursery" free="0" total="939524096" percent="0">
      <mem type="allocate" free="0" total="806682624" percent="0" />
      <mem type="survivor" free="0" total="132841472" percent="0" />
    </mem>
    <mem type="tenure" free="305602552" total="1825767424" percent="16">
      <mem type="soa" free="199888096" total="1716220928" percent="11" />
      <mem type="loa" free="105714456" total="109546496" percent="96" />
    </mem>
    <remembered-set count="193976" />
  </mem-info>
</gc-start>
<allocation-stats totalBytes="688324704" >
  <allocated-bytes non-tlh="31728944" tlh="656595760" />
  <largest-consumer threadName="Group1.Backend.CompositeBackend{Tier1}.3" threadId="0000000000819400" bytes="93886416" />
</allocation-stats>
<gc-op id="5988" type="scavenge" timems="102.908" contextid="5985" timestamp="2020-09-11T13:05:41.470">
  <scavenger-info tenureage="3" tenuremask="7ff8" tiltratio="85" />
  <memory-copied type="nursery" objects="4142571" bytes="110993536" bytesdiscarded="238480" />
  <memory-copied type="tenure" objects="1092623" bytes="29383480" bytesdiscarded="138488" />
  <ownableSynchronizers candidates="3773" cleared="3489" />
  <references type="soft" candidates="191" cleared="0" enqueued="0" dynamicThreshold="16" maxThreshold="32" />
  <references type="weak" candidates="113" cleared="113" enqueued="0" />
</gc-op>
<gc-end id="5989" type="scavenge" contextid="5985" durationms="104.045" usertimems="739.908" systemtimems="0.000" timestamp="2020-09-11T13:05:41.471" activeThreads="8">
  <mem-info id="5990" free="971614232" total="2765291520" percent="35">
    <mem type="nursery" free="695559936" total="939524096" percent="74">
      <mem type="allocate" free="695559936" total="806879232" percent="86" />
      <mem type="survivor" free="0" total="132644864" percent="0" />
    </mem>
    <mem type="tenure" free="276054296" total="1825767424" percent="15" macro-fragmented="0">
      <mem type="soa" free="170339840" total="1716220928" percent="9" />
      <mem type="loa" free="105714456" total="109546496" percent="96" />
    </mem>
    <remembered-set count="31340" />
  </mem-info>
</gc-end>
<cycle-end id="5991" type="scavenge" contextid="5985" timestamp="2020-09-11T13:05:41.473" />
<allocation-satisfied id="5992" threadId="0000000000863200" bytesRequested="24" />
<af-end id="5993" timestamp="2020-09-11T13:05:41.473" threadId="0000000000863B80" success="true" from="nursery"/>
<exclusive-end id="5994" timestamp="2020-09-11T13:05:41.473" durationms="106.605" />

<exclusive-start id="5995" timestamp="2020-09-11T13:05:43.482" intervalms="2116.368">
  <response-info timems="0.295" idlems="0.295" threads="0" lastid="0000000000863200" lastname="Group1.Backend.CompositeBackend{Tier1}.4" />
</exclusive-start>
<af-start id="5996" threadId="0000000000863B80" totalBytesRequested="16" timestamp="2020-09-11T13:05:43.483" intervalms="2116.403" type="nursery" />
<cycle-start id="5997" type="scavenge" contextid="0" timestamp="2020-09-11T13:05:43.483" intervalms="2116.395" />
<gc-start id="5998" type="scavenge" contextid="5997" timestamp="2020-09-11T13:05:43.484">
  <mem-info id="5999" free="276054296" total="2765291520" percent="9">
    <mem type="nursery" free="0" total="939524096" percent="0">
      <mem type="allocate" free="0" total="806879232" percent="0" />
      <mem type="survivor" free="0" total="132644864" percent="0" />
    </mem>
    <mem type="tenure" free="276054296" total="1825767424" percent="15">
      <mem type="soa" free="170339840" total="1716220928" percent="9" />
      <mem type="loa" free="105714456" total="109546496" percent="96" />
    </mem>
    <remembered-set count="194492" />
  </mem-info>
</gc-start>
<allocation-stats totalBytes="695220744" >
  <allocated-bytes non-tlh="36426528" tlh="658794216" />
  <largest-consumer threadName="Group1.Backend.CompositeBackend{Tier1}.8" threadId="00000000008DD200" bytes="99898712" />
</allocation-stats>
<gc-op id="6000" type="scavenge" timems="118.515" contextid="5997" timestamp="2020-09-11T13:05:43.602">
  <scavenger-info tenureage="3" tenuremask="7ff8" tiltratio="85" />
  <memory-copied type="nursery" objects="4257685" bytes="113374808" bytesdiscarded="167560" />
  <memory-copied type="tenure" objects="1076281" bytes="28921680" bytesdiscarded="142976" />
  <ownableSynchronizers candidates="3423" cleared="3152" />
  <references type="soft" candidates="165" cleared="0" enqueued="0" dynamicThreshold="16" maxThreshold="32" />
  <references type="weak" candidates="117" cleared="117" enqueued="0" />
</gc-op>
<gc-end id="6001" type="scavenge" contextid="5997" durationms="119.505" usertimems="877.931" systemtimems="0.000" timestamp="2020-09-11T13:05:43.603" activeThreads="8">
  <mem-info id="6002" free="940853616" total="2765291520" percent="34">
    <mem type="nursery" free="693839352" total="939524096" percent="73">
      <mem type="allocate" free="693839352" total="807469056" percent="85" />
      <mem type="survivor" free="0" total="132055040" percent="0" />
    </mem>
    <mem type="tenure" free="247014264" total="1825767424" percent="13" macro-fragmented="0">
      <mem type="soa" free="141299808" total="1716220928" percent="8" />
      <mem type="loa" free="105714456" total="109546496" percent="96" />
    </mem>
    <remembered-set count="31694" />
  </mem-info>
</gc-end>
<cycle-end id="6003" type="scavenge" contextid="5997" timestamp="2020-09-11T13:05:43.604" />
<allocation-satisfied id="6004" threadId="0000000000863200" bytesRequested="16" />
<af-end id="6005" timestamp="2020-09-11T13:05:43.604" threadId="0000000000863B80" success="true" from="nursery"/>
<exclusive-end id="6006" timestamp="2020-09-11T13:05:43.604" durationms="121.605" />

<exclusive-start id="6007" timestamp="2020-09-11T13:05:45.477" intervalms="1994.752">
  <response-info timems="0.433" idlems="0.433" threads="0" lastid="00000000008DD200" lastname="Group1.Backend.CompositeBackend{Tier1}.8" />
</exclusive-start>
<af-start id="6008" threadId="00000000008DDB80" totalBytesRequested="32" timestamp="2020-09-11T13:05:45.478" intervalms="1994.882" type="nursery" />
<cycle-start id="6009" type="scavenge" contextid="0" timestamp="2020-09-11T13:05:45.478" intervalms="1994.901" />
<gc-start id="6010" type="scavenge" contextid="6009" timestamp="2020-09-11T13:05:45.479">
  <mem-info id="6011" free="247014264" total="2765291520" percent="8">
    <mem type="nursery" free="0" total="939524096" percent="0">
      <mem type="allocate" free="0" total="807469056" percent="0" />
      <mem type="survivor" free="0" total="132055040" percent="0" />
    </mem>
    <mem type="tenure" free="247014264" total="1825767424" percent="13">
      <mem type="soa" free="141299808" total="1716220928" percent="8" />
      <mem type="loa" free="105714456" total="109546496" percent="96" />
    </mem>
    <remembered-set count="193435" />
  </mem-info>
</gc-start>
<allocation-stats totalBytes="693508536" >
  <allocated-bytes non-tlh="36210816" tlh="657297720" />
  <largest-consumer threadName="Group1.Backend.CompositeBackend{Tier1}.4" threadId="0000000000863200" bytes="94367048" />
</allocation-stats>
<gc-op id="6012" type="scavenge" timems="106.652" contextid="6009" timestamp="2020-09-11T13:05:45.585">
  <scavenger-info tenureage="3" tenuremask="7ff8" tiltratio="85" />
  <memory-copied type="nursery" objects="4125864" bytes="110489408" bytesdiscarded="295008" />
  <memory-copied type="tenure" objects="1096526" bytes="29482288" bytesdiscarded="140104" />
  <ownableSynchronizers candidates="4158" cleared="3892" />
  <references type="soft" candidates="175" cleared="0" enqueued="0" dynamicThreshold="16" maxThreshold="32" />
  <references type="weak" candidates="123" cleared="123" enqueued="0" />
</gc-op>
<gc-end id="6013" type="scavenge" contextid="6009" durationms="107.721" usertimems="768.512" systemtimems="0.000" timestamp="2020-09-11T13:05:45.586" activeThreads="8">
  <mem-info id="6014" free="914860680" total="2765291520" percent="33">
    <mem type="nursery" free="697578240" total="939524096" percent="74">
      <mem type="allocate" free="697578240" total="808452096" percent="86" />
      <mem type="survivor" free="0" total="131072000" percent="0" />
    </mem>
    <mem type="tenure" free="217282440" total="1825767424" percent="11" macro-fragmented="0">
      <mem type="soa" free="111567984" total="1716220928" percent="6" />
      <mem type="loa" free="105714456" total="109546496" percent="96" />
    </mem>
    <remembered-set count="32043" />
  </mem-info>
</gc-end>
<cycle-end id="6015" type="scavenge" contextid="6009" timestamp="2020-09-11T13:05:45.589" />
<allocation-satisfied id="6016" threadId="00000000008DD200" bytesRequested="32" />
<af-end id="6017" timestamp="2020-09-11T13:05:45.589" threadId="00000000008DDB80" success="true" from="nursery"/>
<exclusive-end id="6018" timestamp="2020-09-11T13:05:45.589" durationms="111.428" />

<exclusive-start id="6019" timestamp="2020-09-11T13:05:47.643" intervalms="2165.282">
  <response-info timems="0.441" idlems="0.181" threads="2" lastid="000000000078C200" lastname="Group1.Backend.CompositeBackend{Tier1}.1" />
</exclusive-start>
<af-start id="6020" threadId="00000000007EC180" totalBytesRequested="240" timestamp="2020-09-11T13:05:47.643" intervalms="2165.098" type="nursery" />
<cycle-start id="6021" type="scavenge" contextid="0" timestamp="2020-09-11T13:05:47.643" intervalms="2165.072" />
<gc-start id="6022" type="scavenge" contextid="6021" timestamp="2020-09-11T13:05:47.644">
  <mem-info id="6023" free="217282440" total="2765291520" percent="7">
    <mem type="nursery" free="0" total="939524096" percent="0">
      <mem type="allocate" free="0" total="808452096" percent="0" />
      <mem type="survivor" free="0" total="131072000" percent="0" />
    </mem>
    <mem type="tenure" free="217282440" total="1825767424" percent="11">
      <mem type="soa" free="111567984" total="1716220928" percent="6" />
      <mem type="loa" free="105714456" total="109546496" percent="96" />
    </mem>
    <remembered-set count="197868" />
  </mem-info>
</gc-start>
<allocation-stats totalBytes="697234792" >
  <allocated-bytes non-tlh="24663296" tlh="672571496" />
  <largest-consumer threadName="Group1.Backend.CompositeBackend{Tier1}.6" threadId="000000000088B400" bytes="104801256" />
</allocation-stats>
<gc-op id="6024" type="scavenge" timems="122.544" contextid="6021" timestamp="2020-09-11T13:05:47.766">
  <scavenger-info tenureage="3" tenuremask="7ff8" tiltratio="86" />
  <memory-copied type="nursery" objects="4220754" bytes="112783024" bytesdiscarded="139280" />
  <memory-copied type="tenure" objects="1093103" bytes="29373216" bytesdiscarded="147216" />
  <ownableSynchronizers candidates="4771" cleared="4496" />
  <references type="soft" candidates="183" cleared="0" enqueued="0" dynamicThreshold="16" maxThreshold="32" />
  <references type="weak" candidates="118" cleared="118" enqueued="0" />
</gc-op>
<gc-end id="6025" type="scavenge" contextid="6021" durationms="123.378" usertimems="920.311" systemtimems="0.000" timestamp="2020-09-11T13:05:47.767" activeThreads="8">
  <mem-info id="6026" free="883749680" total="2765291520" percent="31">
    <mem type="nursery" free="695902960" total="939524096" percent="74">
      <mem type="allocate" free="695902960" total="808910848" percent="86" />
      <mem type="survivor" free="0" total="130613248" percent="0" />
    </mem>
    <mem type="tenure" free="187846720" total="1825767424" percent="10" macro-fragmented="0">
      <mem type="soa" free="82132264" total="1716220928" percent="4" />
      <mem type="loa" free="105714456" total="109546496" percent="96" />
    </mem>
    <remembered-set count="31568" />
  </mem-info>
</gc-end>
<cycle-end id="6027" type="scavenge" contextid="6021" timestamp="2020-09-11T13:05:47.768" />
<allocation-satisfied id="6028" threadId="00000000007EB800" bytesRequested="240" />
<af-end id="6029" timestamp="2020-09-11T13:05:47.768" threadId="00000000007EC180" success="true" from="nursery"/>
<exclusive-end id="6030" timestamp="2020-09-11T13:05:47.768" durationms="125.559" />

<exclusive-start id="6031" timestamp="2020-09-11T13:05:49.748" intervalms="2105.380">
  <response-info timems="0.445" idlems="0.445" threads="0" lastid="000000000088B400" lastname="Group1.Backend.CompositeBackend{Tier1}.6" />
</exclusive-start>
<af-start id="6032" threadId="000000000088BD80" totalBytesRequested="16" timestamp="2020-09-11T13:05:49.749" intervalms="2105.405" type="nursery" />
<cycle-start id="6033" type="scavenge" contextid="0" timestamp="2020-09-11T13:05:49.749" intervalms="2105.417" />
<gc-start id="6034" type="scavenge" contextid="6033" timestamp="2020-09-11T13:05:49.749">
  <mem-info id="6035" free="187846720" total="2765291520" percent="6">
    <mem type="nursery" free="0" total="939524096" percent="0">
      <mem type="allocate" free="0" total="808910848" percent="0" />
      <mem type="survivor" free="0" total="130613248" percent="0" />
    </mem>
    <mem type="tenure" free="187846720" total="1825767424" percent="10">
      <mem type="soa" free="82132264" total="1716220928" percent="4" />
      <mem type="loa" free="105714456" total="109546496" percent="96" />
    </mem>
    <remembered-set count="193515" />
  </mem-info>
</gc-start>
<allocation-stats totalBytes="695573776" >
  <allocated-bytes non-tlh="36659760" tlh="658914016" />
  <largest-consumer threadName="Group1.Backend.CompositeBackend{Tier1}.2" threadId="00000000007EB800" bytes="105747584" />
</allocation-stats>
<gc-op id="6036" type="scavenge" timems="88.759" contextid="6033" timestamp="2020-09-11T13:05:49.838">
  <scavenger-info tenureage="3" tenuremask="7ff8" tiltratio="86" />
  <memory-copied type="nursery" objects="4261465" bytes="113325296" bytesdiscarded="161688" />
  <memory-copied type="tenure" objects="1086671" bytes="29173864" bytesdiscarded="138632" />
  <ownableSynchronizers candidates="4236" cleared="3957" />
  <references type="soft" candidates="201" cleared="0" enqueued="0" dynamicThreshold="16" maxThreshold="32" />
  <references type="weak" candidates="122" cleared="122" enqueued="0" />
</gc-op>
<gc-end id="6037" type="scavenge" contextid="6033" durationms="89.645" usertimems="683.303" systemtimems="0.000" timestamp="2020-09-11T13:05:49.838" activeThreads="8">
  <mem-info id="6038" free="854467456" total="2765291520" percent="30">
    <mem type="nursery" free="695930616" total="939524096" percent="74">
      <mem type="allocate" free="695930616" total="809500672" percent="85" />
      <mem type="survivor" free="0" total="130023424" percent="0" />
    </mem>
    <mem type="tenure" free="158536840" total="1825767424" percent="8" macro-fragmented="0">
      <mem type="soa" free="52822384" total="1716220928" percent="3" />
      <mem type="loa" free="105714456" total="109546496" percent="96" />
    </mem>
    <remembered-set count="30548" />
  </mem-info>
</gc-end>
<cycle-end id="6039" type="scavenge" contextid="6033" timestamp="2020-09-11T13:10:51.516" />
<allocation-satisfied id="6040" threadId="000000000088B400" bytesRequested="16" />
<af-end id="6041" timestamp="2020-09-11T13:10:51.516" threadId="000000000088BD80" success="true" from="nursery"/>
<exclusive-end id="6042" timestamp="2020-09-11T13:10:51.516" durationms="301767.902" />

</verbosegc>

