<?xml version="1.0" ?>

<verbosegc xmlns="http://www.ibm.com/j9/verbosegc" version="c1dd04cca_CMPRSS">

!@: MM_VerboseWriterFileLoggingSynchronous::openFile

!@: Before Trigger

<exclusive-start id="1251" timestamp="2020-09-11T12:52:20.063" intervalms="602.315">
  <response-info timems="0.350" idlems="0.250" threads="3" lastid="0000000000789400" lastname="ForkJoinPool-14-worker-7" />
</exclusive-start>
!@: handleInitialized
<initialized id="1252" timestamp="2020-09-11T12:52:20.064">
  <attribute name="gcPolicy" value="-Xgcpolicy:gencon" />
  <attribute name="maxHeapSize" value="0xe0000000" />
  <attribute name="initialHeapSize" value="0x800000" />
  <attribute name="compressedRefs" value="true" />
  <attribute name="compressedRefsDisplacement" value="0x0" />
  <attribute name="compressedRefsShift" value="0x0" />
  <attribute name="pageSize" value="0x1000" />
  <attribute name="pageType" value="not used" />
  <attribute name="requestedPageSize" value="0x1000" />
  <attribute name="requestedPageType" value="not used" />
  <attribute name="gcthreads" value="8" />
  <attribute name="packetListSplit" value="1" />
  <attribute name="cacheListSplit" value="1" />
  <attribute name="splitFreeListSplitAmount" value="1" />
  <attribute name="numaNodes" value="0" />
  <system>
    <attribute name="physicalMemory" value="16818696192" />
    <attribute name="numCPUs" value="8" />
    <attribute name="architecture" value="amd64" />
    <attribute name="os" value="Linux" />
    <attribute name="osVersion" value="4.15.0-101-generic" />
  </system>
  <vmargs>
    <vmarg name="-Xoptionsfile=/root/code/openj9-openjdk-jdk11/build/linux-x86_64-normal-server-release/jdk/lib/options.default" />
    <vmarg name="-Xlockword:mode=default,noLockword=java/lang/String,noLockword=java/util/MapEntry,noLockword=java/util/HashMap$Entry,noLockword..." />
    <vmarg name="-Xjcl:jclse29" />
    <vmarg name="-Dcom.ibm.oti.vm.bootstrap.library.path=/root/code/openj9-openjdk-jdk11/build/linux-x86_64-normal-server-release/jdk/lib/compre..." />
    <vmarg name="-Dsun.boot.library.path=/root/code/openj9-openjdk-jdk11/build/linux-x86_64-normal-server-release/jdk/lib/compressedrefs:/root/c..." />
    <vmarg name="-Djava.library.path=/root/code/openj9-openjdk-jdk11/build/linux-x86_64-normal-server-release/jdk/lib/compressedrefs:/root/code/..." />
    <vmarg name="-Djava.home=/root/code/openj9-openjdk-jdk11/build/linux-x86_64-normal-server-release/jdk" />
    <vmarg name="-Duser.dir=/root/specjbb2015" />
    <vmarg name="-verbose:gc" />
    <vmarg name="-Xmx3584M" />
    <vmarg name="-Xgc:noConcurrentMark" />
    <vmarg name="-Xtgc:parallel" />
    <vmarg name="-XX:-UseGCStartupHints" />
    <vmarg name="-Xgcpolicy:gencon" />
    <vmarg name="-Xverbosegclog:testOutput,5,100" />
    <vmarg name="-Djava.class.path=/root/specjbb2015/specjbb2015.jar" />
    <vmarg name="-Dsun.java.command=/root/specjbb2015/specjbb2015.jar -m COMPOSITE" />
    <vmarg name="-Dsun.java.launcher=SUN_STANDARD" />
    <vmarg name="-Dsun.java.launcher.pid=20984" />
  </vmargs>
</initialized>

!@: After Trigger

<exclusive-start id="1251" timestamp="2020-09-11T12:52:20.063" intervalms="602.315">
  <response-info timems="0.350" idlems="0.250" threads="3" lastid="0000000000789400" lastname="ForkJoinPool-14-worker-7" />
</exclusive-start>
!@: handleInitialized
<initialized id="1252" timestamp="2020-09-11T12:52:20.064">
  <attribute name="gcPolicy" value="-Xgcpolicy:gencon" />
  <attribute name="maxHeapSize" value="0xe0000000" />
  <attribute name="initialHeapSize" value="0x800000" />
  <attribute name="compressedRefs" value="true" />
  <attribute name="compressedRefsDisplacement" value="0x0" />
  <attribute name="compressedRefsShift" value="0x0" />
  <attribute name="pageSize" value="0x1000" />
  <attribute name="pageType" value="not used" />
  <attribute name="requestedPageSize" value="0x1000" />
  <attribute name="requestedPageType" value="not used" />
  <attribute name="gcthreads" value="8" />
  <attribute name="packetListSplit" value="1" />
  <attribute name="cacheListSplit" value="1" />
  <attribute name="splitFreeListSplitAmount" value="1" />
  <attribute name="numaNodes" value="0" />
  <system>
    <attribute name="physicalMemory" value="16818696192" />
    <attribute name="numCPUs" value="8" />
    <attribute name="architecture" value="amd64" />
    <af-start id="1253" threadId="0000000000795080" totalBytesRequested="32" timestamp="2020-09-11T12:52:20.064" intervalms="993.441" type="nursery" />
<cycle-start id="1254" type="scavenge" contextid="0" timestamp="2020-09-11T12:52:20.064" intervalms="993.505" />
<gc-start id="1255" type="scavenge" contextid="1254" timestamp="2020-09-11T12:52:20.065">
  <mem-info id="1256" free="703991864" total="1729167360" percent="40">
    <mem type="nursery" free="0" total="939524096" percent="0">
      <mem type="allocate" free="0" total="648806400" percent="0" />
      <mem type="survivor" free="0" total="290717696" percent="0" />
    </mem>
    <mem type="tenure" free="703991864" total="789643264" percent="89">
      <mem type="soa" free="656612408" total="742263808" percent="88" />
      <mem type="loa" free="47379456" total="47379456" percent="100" />
    </mem>
    <remembered-set count="786" />
  </mem-info>
</gc-start>
<allocation-stats totalBytes="648369432" >
  <allocated-bytes non-tlh="11862568" tlh="636506864" />
  <largest-consumer threadName="ForkJoinPool-3-worker-3" threadId="0000000000794700" bytes="97873952" />
</allocation-stats>
<gc-op id="1257" type="scavenge" timems="316.599" contextid="1254" timestamp="2020-09-11T12:52:20.381">
  <scavenger-info tenureage="1" tenuremask="7ffe" tiltratio="69" />
  <memory-copied type="nursery" objects="10001348" bytes="290663768" bytesdiscarded="45936" />
  <memory-copied type="tenure" objects="5897935" bytes="163533064" bytesdiscarded="41568" />
  <copy-failed type="nursery" objects="5897737" bytes="163524928" />
  <ownableSynchronizers candidates="194" cleared="148" />
  <references type="soft" candidates="46" cleared="0" enqueued="0" dynamicThreshold="28" maxThreshold="32" />
  <references type="weak" candidates="95" cleared="0" enqueued="0" />
</gc-op>
<gc-end id="1258" type="scavenge" contextid="1254" durationms="317.164" usertimems="2477.280" systemtimems="22.675" timestamp="2020-09-11T12:52:20.382" activeThreads="8">
  <mem-info id="1259" free="719287328" total="1729167360" percent="41">
    <mem type="nursery" free="179044352" total="939524096" percent="19">
      <mem type="allocate" free="179044352" total="469762048" percent="38" />
      <mem type="survivor" free="0" total="469762048" percent="0" />
    </mem>
    <mem type="tenure" free="540242976" total="789643264" percent="68">
      <mem type="soa" free="492863520" total="742263808" percent="66" />
      <mem type="loa" free="47379456" total="47379456" percent="100" />
    </mem>
    <remembered-set count="32185" />
  </mem-info>
</gc-end>
<cycle-end id="1260" type="scavenge" contextid="1254" timestamp="2020-09-11T12:52:20.383" />
<allocation-satisfied id="1261" threadId="0000000000794700" bytesRequested="32" />
<af-end id="1262" timestamp="2020-09-11T12:52:20.383" threadId="0000000000795080" success="true" from="nursery"/>
<exclusive-end id="1263" timestamp="2020-09-11T12:52:20.383" durationms="319.978" />

<exclusive-start id="1264" timestamp="2020-09-11T12:52:20.415" intervalms="351.485">
  <response-info timems="0.313" idlems="0.253" threads="1" lastid="0000000000798300" lastname="ForkJoinPool-14-worker-3" />
</exclusive-start>
<af-start id="1265" threadId="0000000000762D80" totalBytesRequested="72" timestamp="2020-09-11T12:52:20.415" intervalms="350.949" type="nursery" />
<cycle-start id="1266" type="scavenge" contextid="0" timestamp="2020-09-11T12:52:20.415" intervalms="350.872" />
<gc-start id="1267" type="scavenge" contextid="1266" timestamp="2020-09-11T12:52:20.416">
  <mem-info id="1268" free="540242976" total="1729167360" percent="31">
    <mem type="nursery" free="0" total="939524096" percent="0">
      <mem type="allocate" free="0" total="469762048" percent="0" />
      <mem type="survivor" free="0" total="469762048" percent="0" />
    </mem>
    <mem type="tenure" free="540242976" total="789643264" percent="68">
      <mem type="soa" free="492863520" total="742263808" percent="66" />
      <mem type="loa" free="47379456" total="47379456" percent="100" />
    </mem>
    <remembered-set count="32185" />
  </mem-info>
</gc-start>
<allocation-stats totalBytes="178985576" >
  <allocated-bytes non-tlh="32" tlh="178985544" />
  <largest-consumer threadName="ForkJoinPool-14-worker-3" threadId="0000000000798300" bytes="36782832" />
</allocation-stats>
<gc-op id="1269" type="scavenge" timems="235.429" contextid="1266" timestamp="2020-09-11T12:52:20.651">
  <scavenger-info tenureage="1" tenuremask="fffe" tiltratio="50" />
  <memory-copied type="nursery" objects="5340248" bytes="149633472" bytesdiscarded="227128" />
  <memory-copied type="tenure" objects="10001308" bytes="290661048" bytesdiscarded="65424" />
  <ownableSynchronizers candidates="46" cleared="0" />
</gc-op>
<gc-end id="1270" type="scavenge" contextid="1266" durationms="235.914" usertimems="1846.799" systemtimems="1.358" timestamp="2020-09-11T12:52:20.651" activeThreads="8">
  <mem-info id="1271" free="569231992" total="1729167360" percent="32">
    <mem type="nursery" free="319901440" total="939524096" percent="34">
      <mem type="allocate" free="319901440" total="469762048" percent="68" />
      <mem type="survivor" free="0" total="469762048" percent="0" />
    </mem>
    <mem type="tenure" free="249330552" total="789643264" percent="31">
      <mem type="soa" free="201951096" total="742263808" percent="27" />
      <mem type="loa" free="47379456" total="47379456" percent="100" />
    </mem>
    <remembered-set count="19822" />
  </mem-info>
</gc-end>
<cycle-end id="1272" type="scavenge" contextid="1266" timestamp="2020-09-11T12:52:20.652" />
<allocation-satisfied id="1273" threadId="0000000000762400" bytesRequested="72" />
<af-end id="1274" timestamp="2020-09-11T12:52:20.652" threadId="0000000000762D80" success="true" from="nursery"/>
<exclusive-end id="1275" timestamp="2020-09-11T12:52:20.652" durationms="237.328" />

<exclusive-start id="1276" timestamp="2020-09-11T12:52:20.879" intervalms="464.006">
  <response-info timems="0.214" idlems="0.214" threads="0" lastid="000000000079BF00" lastname="ForkJoinPool-3-worker-5" />
</exclusive-start>
<af-start id="1277" threadId="000000000079C880" totalBytesRequested="24" timestamp="2020-09-11T12:52:20.879" intervalms="463.876" type="nursery" />
<cycle-start id="1278" type="scavenge" contextid="0" timestamp="2020-09-11T12:52:20.879" intervalms="463.843" />
<gc-start id="1279" type="scavenge" contextid="1278" timestamp="2020-09-11T12:52:20.879">
  <mem-info id="1280" free="249330552" total="1729167360" percent="14">
    <mem type="nursery" free="0" total="939524096" percent="0">
      <mem type="allocate" free="0" total="469762048" percent="0" />
      <mem type="survivor" free="0" total="469762048" percent="0" />
    </mem>
    <mem type="tenure" free="249330552" total="789643264" percent="31">
      <mem type="soa" free="201951096" total="742263808" percent="27" />
      <mem type="loa" free="47379456" total="47379456" percent="100" />
    </mem>
    <remembered-set count="80301" />
  </mem-info>
</gc-start>
<allocation-stats totalBytes="319859840" >
  <allocated-bytes non-tlh="18604040" tlh="301255800" />
  <largest-consumer threadName="ForkJoinPool-3-worker-5" threadId="000000000079BF00" bytes="123078856" />
</allocation-stats>
<gc-op id="1281" type="scavenge" timems="175.107" contextid="1278" timestamp="2020-09-11T12:52:21.054">
  <scavenger-info tenureage="1" tenuremask="fffe" tiltratio="50" />
  <memory-copied type="nursery" objects="4464138" bytes="130867176" bytesdiscarded="134280" />
  <memory-copied type="tenure" objects="5340224" bytes="149631480" bytesdiscarded="33992" />
  <ownableSynchronizers candidates="1" cleared="0" />
</gc-op>
<gc-end id="1282" type="scavenge" contextid="1278" durationms="175.693" usertimems="1379.129" systemtimems="0.093" timestamp="2020-09-11T12:52:21.055" activeThreads="8">
  <mem-info id="1283" free="438382544" total="1729167360" percent="25">
    <mem type="nursery" free="338760536" total="939524096" percent="36">
      <mem type="allocate" free="338760536" total="469762048" percent="72" />
      <mem type="survivor" free="0" total="469762048" percent="0" />
    </mem>
    <mem type="tenure" free="99622008" total="789643264" percent="12" macro-fragmented="0">
      <mem type="soa" free="52242552" total="742263808" percent="7" />
      <mem type="loa" free="47379456" total="47379456" percent="100" />
    </mem>
    <remembered-set count="13262" />
  </mem-info>
</gc-end>
<cycle-end id="1284" type="scavenge" contextid="1278" timestamp="2020-09-11T12:52:21.056" />
<allocation-satisfied id="1285" threadId="000000000079BF00" bytesRequested="24" />
<af-end id="1286" timestamp="2020-09-11T12:52:21.056" threadId="000000000079C880" success="true" from="nursery"/>
<exclusive-end id="1287" timestamp="2020-09-11T12:52:21.056" durationms="177.205" />

<exclusive-start id="1288" timestamp="2020-09-11T12:52:21.312" intervalms="433.317">
  <response-info timems="1.506" idlems="1.506" threads="0" lastid="0000000000794700" lastname="ForkJoinPool-3-worker-3" />
</exclusive-start>
<af-start id="1289" threadId="0000000000795080" totalBytesRequested="40" timestamp="2020-09-11T12:52:21.313" intervalms="433.468" type="nursery" />
<percolate-collect id="1290" from="nursery" to="global" reason="prevent tenure expand" timestamp="2020-09-11T12:52:21.313"/>
<cycle-start id="1291" type="global" contextid="0" timestamp="2020-09-11T12:52:21.313" intervalms="1851.451" />
<gc-start id="1292" type="global" contextid="1291" timestamp="2020-09-11T12:52:21.313">
  <mem-info id="1293" free="99622008" total="1729167360" percent="5">
    <mem type="nursery" free="0" total="939524096" percent="0">
      <mem type="allocate" free="0" total="469762048" percent="0" />
      <mem type="survivor" free="0" total="469762048" percent="0" />
    </mem>
    <mem type="tenure" free="99622008" total="789643264" percent="12">
      <mem type="soa" free="52242552" total="742263808" percent="7" />
      <mem type="loa" free="47379456" total="47379456" percent="100" />
    </mem>
    <remembered-set count="13264" />
  </mem-info>
</gc-start>
<allocation-stats totalBytes="338732176" >
  <allocated-bytes non-tlh="18543856" tlh="320188320" />
  <largest-consumer threadName="ForkJoinPool-3-worker-3" threadId="0000000000794700" bytes="131073544" />
</allocation-stats>
<gc-op id="1294" type="mark" timems="352.869" contextid="1291" timestamp="2020-09-11T12:52:21.666">
  <trace-info objectcount="25060424" scancount="24564553" scanbytes="689001732" />
  <finalization candidates="91" enqueued="0" />
  <ownableSynchronizers candidates="120" cleared="6" />
  <references type="soft" candidates="4617" cleared="0" enqueued="0" dynamicThreshold="28" maxThreshold="32" />
  <references type="weak" candidates="3073" cleared="0" enqueued="0" />
  <references type="phantom" candidates="103" cleared="0" enqueued="0" />
  <stringconstants candidates="9281" cleared="0"  />
</gc-op>
<gc-op id="1295" type="sweep" timems="8.251" contextid="1291" timestamp="2020-09-11T12:52:21.674" />
<gc-end id="1296" type="global" contextid="1291" durationms="361.706" usertimems="2814.986" systemtimems="8.664" timestamp="2020-09-11T12:52:21.675" activeThreads="8">
  <mem-info id="1297" free="290971256" total="1729167360" percent="16">
    <mem type="nursery" free="49972968" total="939524096" percent="5">
      <mem type="allocate" free="49972968" total="469762048" percent="10" />
      <mem type="survivor" free="0" total="469762048" percent="0" />
    </mem>
    <mem type="tenure" free="240998288" total="789643264" percent="30" micro-fragmented="180061" macro-fragmented="0">
      <mem type="soa" free="193618832" total="742263808" percent="26" />
      <mem type="loa" free="47379456" total="47379456" percent="100" />
    </mem>
    <remembered-set count="596" />
  </mem-info>
</gc-end>
<cycle-end id="1298" type="global" contextid="1291" timestamp="2020-09-11T12:52:21.675" />
<allocation-satisfied id="1299" threadId="0000000000794700" bytesRequested="40" />
<af-end id="1300" timestamp="2020-09-11T12:52:21.675" threadId="0000000000795080" success="true" from="nursery"/>
<exclusive-end id="1301" timestamp="2020-09-11T12:52:21.675" durationms="362.833" />

<exclusive-start id="1302" timestamp="2020-09-11T12:52:21.716" intervalms="403.879">
  <response-info timems="0.175" idlems="0.175" threads="0" lastid="0000000000794700" lastname="ForkJoinPool-3-worker-3" />
</exclusive-start>
<af-start id="1303" threadId="0000000000795080" totalBytesRequested="24" timestamp="2020-09-11T12:52:21.716" intervalms="403.751" type="nursery" />
<cycle-start id="1304" type="scavenge" contextid="0" timestamp="2020-09-11T12:52:21.716" intervalms="837.304" />
<gc-start id="1305" type="scavenge" contextid="1304" timestamp="2020-09-11T12:52:21.717">
  <mem-info id="1306" free="240998288" total="1729167360" percent="13">
    <mem type="nursery" free="0" total="939524096" percent="0">
      <mem type="allocate" free="0" total="469762048" percent="0" />
      <mem type="survivor" free="0" total="469762048" percent="0" />
    </mem>
    <mem type="tenure" free="240998288" total="789643264" percent="30">
      <mem type="soa" free="193618832" total="742263808" percent="26" />
      <mem type="loa" free="47379456" total="47379456" percent="100" />
    </mem>
    <remembered-set count="596" />
  </mem-info>
</gc-start>
<allocation-stats totalBytes="49955000" >
  <allocated-bytes non-tlh="3093200" tlh="46861800" />
  <largest-consumer threadName="ForkJoinPool-3-worker-3" threadId="0000000000794700" bytes="19825624" />
</allocation-stats>
<gc-op id="1307" type="scavenge" timems="193.848" contextid="1304" timestamp="2020-09-11T12:52:21.911">
  <scavenger-info tenureage="1" tenuremask="7ffe" tiltratio="50" />
  <memory-copied type="nursery" objects="3846582" bytes="113050032" bytesdiscarded="279328" />
  <memory-copied type="tenure" objects="3407176" bytes="95877264" bytesdiscarded="36472" />
  <ownableSynchronizers candidates="227" cleared="226" />
</gc-op>
<gc-end id="1308" type="scavenge" contextid="1304" durationms="194.379" usertimems="1515.639" systemtimems="13.163" timestamp="2020-09-11T12:52:21.911" activeThreads="8">
  <mem-info id="1309" free="501321880" total="1729167360" percent="28">
    <mem type="nursery" free="356432640" total="939524096" percent="37">
      <mem type="allocate" free="356432640" total="469762048" percent="75" />
      <mem type="survivor" free="0" total="469762048" percent="0" />
    </mem>
    <mem type="tenure" free="144889240" total="789643264" percent="18" macro-fragmented="0">
      <mem type="soa" free="97509784" total="742263808" percent="13" />
      <mem type="loa" free="47379456" total="47379456" percent="100" />
    </mem>
    <remembered-set count="86846" />
  </mem-info>
</gc-end>
<cycle-end id="1310" type="scavenge" contextid="1304" timestamp="2020-09-11T12:52:21.911" />
<allocation-satisfied id="1311" threadId="0000000000794700" bytesRequested="24" />
<af-end id="1312" timestamp="2020-09-11T12:52:21.911" threadId="0000000000795080" success="true" from="nursery"/>
<exclusive-end id="1313" timestamp="2020-09-11T12:52:21.911" durationms="195.528" />

<exclusive-start id="1314" timestamp="2020-09-11T12:52:22.184" intervalms="468.206">
  <response-info timems="0.192" idlems="0.190" threads="1" lastid="000000000079FB00" lastname="ForkJoinPool-3-worker-7" />
</exclusive-start>
<af-start id="1315" threadId="0000000000795080" totalBytesRequested="24" timestamp="2020-09-11T12:52:22.185" intervalms="468.244" type="nursery" />
<cycle-start id="1316" type="scavenge" contextid="0" timestamp="2020-09-11T12:52:22.185" intervalms="468.159" />
<gc-start id="1317" type="scavenge" contextid="1316" timestamp="2020-09-11T12:52:22.185">
  <mem-info id="1318" free="144889240" total="1729167360" percent="8">
    <mem type="nursery" free="0" total="939524096" percent="0">
      <mem type="allocate" free="0" total="469762048" percent="0" />
      <mem type="survivor" free="0" total="469762048" percent="0" />
    </mem>
    <mem type="tenure" free="144889240" total="789643264" percent="18">
      <mem type="soa" free="97509784" total="742263808" percent="13" />
      <mem type="loa" free="47379456" total="47379456" percent="100" />
    </mem>
    <remembered-set count="86857" />
  </mem-info>
</gc-start>
<allocation-stats totalBytes="356403200" >
  <allocated-bytes non-tlh="24433984" tlh="331969216" />
  <largest-consumer threadName="ForkJoinPool-3-worker-7" threadId="000000000079FB00" bytes="162500928" />
</allocation-stats>
<gc-op id="1319" type="scavenge" timems="136.093" contextid="1316" timestamp="2020-09-11T12:52:22.321">
  <scavenger-info tenureage="1" tenuremask="7ffe" tiltratio="50" />
  <memory-copied type="nursery" objects="3120141" bytes="89478944" bytesdiscarded="559632" />
  <memory-copied type="tenure" objects="2442958" bytes="70078752" bytesdiscarded="11408" />
  <ownableSynchronizers candidates="200010" cleared="0" />
  <references type="soft" candidates="200000" cleared="0" enqueued="0" dynamicThreshold="9" maxThreshold="32" />
</gc-op>
<gc-end id="1320" type="scavenge" contextid="1316" durationms="136.789" usertimems="1054.178" systemtimems="16.801" timestamp="2020-09-11T12:52:22.321" activeThreads="8">
  <mem-info id="1321" free="454169888" total="1729167360" percent="26">
    <mem type="nursery" free="379723424" total="939524096" percent="40">
      <mem type="allocate" free="379723424" total="469762048" percent="80" />
      <mem type="survivor" free="0" total="469762048" percent="0" />
    </mem>
    <mem type="tenure" free="74446464" total="789643264" percent="9" macro-fragmented="0">
      <mem type="soa" free="27067008" total="742263808" percent="3" />
      <mem type="loa" free="47379456" total="47379456" percent="100" />
    </mem>
    <remembered-set count="543" />
  </mem-info>
</gc-end>
<cycle-end id="1322" type="scavenge" contextid="1316" timestamp="2020-09-11T12:52:22.322" />
<allocation-satisfied id="1323" threadId="0000000000794700" bytesRequested="24" />
<af-end id="1324" timestamp="2020-09-11T12:52:22.322" threadId="0000000000795080" success="true" from="nursery"/>
<exclusive-end id="1325" timestamp="2020-09-11T12:52:22.322" durationms="137.933" />

<exclusive-start id="1326" timestamp="2020-09-11T12:52:29.881" intervalms="7697.252">
  <response-info timems="0.370" idlems="0.370" threads="0" lastid="000000000088B400" lastname="Group1.Backend.CompositeBackend{Tier1}.6" />
</exclusive-start>
<af-start id="1327" threadId="000000000088BD80" totalBytesRequested="96" timestamp="2020-09-11T12:52:29.883" intervalms="7698.215" type="nursery" />
<cycle-start id="1328" type="scavenge" contextid="0" timestamp="2020-09-11T12:52:29.883" intervalms="7698.293" />
<gc-start id="1329" type="scavenge" contextid="1328" timestamp="2020-09-11T12:52:29.883">
  <mem-info id="1330" free="74221760" total="1729167360" percent="4">
    <mem type="nursery" free="0" total="939524096" percent="0">
      <mem type="allocate" free="0" total="469762048" percent="0" />
      <mem type="survivor" free="0" total="469762048" percent="0" />
    </mem>
    <mem type="tenure" free="74221760" total="789643264" percent="9">
      <mem type="soa" free="26842304" total="742263808" percent="3" />
      <mem type="loa" free="47379456" total="47379456" percent="100" />
    </mem>
    <remembered-set count="4794" />
  </mem-info>
</gc-start>
<allocation-stats totalBytes="379793664" >
  <allocated-bytes non-tlh="15030504" tlh="364763160" />
  <largest-consumer threadName="ForkJoinPool-3-worker-7" threadId="000000000079FB00" bytes="72431216" />
</allocation-stats>
<gc-op id="1331" type="scavenge" timems="121.316" contextid="1328" timestamp="2020-09-11T12:52:30.005">
  <scavenger-info tenureage="1" tenuremask="7ffe" tiltratio="50" />
  <memory-copied type="nursery" objects="1369307" bytes="35648304" bytesdiscarded="249960" />
  <memory-copied type="tenure" objects="3061026" bytes="86693336" bytesdiscarded="6560" />
  <finalization candidates="36" enqueued="1" />
  <ownableSynchronizers candidates="238519" cleared="34156" />
  <references type="soft" candidates="56994" cleared="0" enqueued="0" dynamicThreshold="9" maxThreshold="32" />
  <references type="weak" candidates="733" cleared="364" enqueued="328" />
  <references type="phantom" candidates="5" cleared="0" enqueued="0" />
  <heap-resize type="expand" space="tenure" amount="63963136" count="61" timems="16.191" reason="continue current collection" />
</gc-op>
<gc-end id="1332" type="scavenge" contextid="1328" durationms="122.038" usertimems="890.286" systemtimems="19.923" timestamp="2020-09-11T12:52:30.005" activeThreads="8">
  <mem-info id="1333" free="550120480" total="1793130496" percent="30">
    <mem type="nursery" free="498837280" total="939524096" percent="53">
      <mem type="allocate" free="498837280" total="534773760" percent="93" />
      <mem type="survivor" free="0" total="404750336" percent="0" />
    </mem>
    <mem type="tenure" free="51283200" total="853606400" percent="6" macro-fragmented="27735676">
      <mem type="soa" free="66816" total="802390016" percent="0" />
      <mem type="loa" free="51216384" total="51216384" percent="100" />
    </mem>
    <pending-finalizers system="1" default="0" reference="328" classloader="0" />
    <remembered-set count="4455" />
  </mem-info>
</gc-end>
<cycle-end id="1334" type="scavenge" contextid="1328" timestamp="2020-09-11T12:52:30.007" />
<allocation-satisfied id="1335" threadId="000000000088B400" bytesRequested="96" />
<af-end id="1336" timestamp="2020-09-11T12:52:30.007" threadId="000000000088BD80" success="true" from="nursery"/>
<exclusive-end id="1337" timestamp="2020-09-11T12:52:30.007" durationms="125.954" />

<exclusive-start id="1338" timestamp="2020-09-11T12:52:34.878" intervalms="4996.655">
  <response-info timems="0.200" idlems="0.200" threads="0" lastid="00000000007EB800" lastname="Group1.Backend.CompositeBackend{Tier1}.2" />
</exclusive-start>
<af-start id="1339" threadId="00000000007EC180" totalBytesRequested="16" timestamp="2020-09-11T12:52:34.879" intervalms="4995.972" type="nursery" />
<cycle-start id="1340" type="scavenge" contextid="0" timestamp="2020-09-11T12:52:34.879" intervalms="4995.968" />
<gc-start id="1341" type="scavenge" contextid="1340" timestamp="2020-09-11T12:52:34.880">
  <mem-info id="1342" free="51282472" total="1793130496" percent="2">
    <mem type="nursery" free="0" total="939524096" percent="0">
      <mem type="allocate" free="0" total="534773760" percent="0" />
      <mem type="survivor" free="0" total="404750336" percent="0" />
    </mem>
    <mem type="tenure" free="51282472" total="853606400" percent="6">
      <mem type="soa" free="66088" total="802390016" percent="0" />
      <mem type="loa" free="51216384" total="51216384" percent="100" />
    </mem>
    <remembered-set count="102575" />
  </mem-info>
</gc-start>
<allocation-stats totalBytes="498528656" >
  <allocated-bytes non-tlh="6481240" tlh="492047416" />
  <largest-consumer threadName="Group1.Backend.CompositeBackend{Tier1}.7" threadId="00000000008C3100" bytes="66461920" />
</allocation-stats>
<gc-op id="1343" type="scavenge" timems="60.659" contextid="1340" timestamp="2020-09-11T12:52:34.940">
  <scavenger-info tenureage="2" tenuremask="7ffc" tiltratio="56" />
  <memory-copied type="nursery" objects="2452749" bytes="65025400" bytesdiscarded="319840" />
  <finalization candidates="37" enqueued="1" />
  <ownableSynchronizers candidates="97146" cleared="82731" />
  <references type="soft" candidates="129800" cleared="0" enqueued="0" dynamicThreshold="9" maxThreshold="32" />
  <references type="weak" candidates="516" cleared="99" enqueued="78" />
  <references type="phantom" candidates="5" cleared="0" enqueued="0" />
</gc-op>
<gc-end id="1344" type="scavenge" contextid="1340" durationms="61.486" usertimems="405.611" systemtimems="3.262" timestamp="2020-09-11T12:52:34.941" activeThreads="8">
  <mem-info id="1345" free="580399024" total="1793130496" percent="32">
    <mem type="nursery" free="529116552" total="939524096" percent="56">
      <mem type="allocate" free="529116552" total="594542592" percent="88" />
      <mem type="survivor" free="0" total="344981504" percent="0" />
    </mem>
    <mem type="tenure" free="51282472" total="853606400" percent="6" macro-fragmented="27735676">
      <mem type="soa" free="66088" total="802390016" percent="0" />
      <mem type="loa" free="51216384" total="51216384" percent="100" />
    </mem>
    <pending-finalizers system="1" default="0" reference="78" classloader="0" />
    <remembered-set count="4616" />
  </mem-info>
</gc-end>
<cycle-end id="1346" type="scavenge" contextid="1340" timestamp="2020-09-11T12:52:34.944" />
<allocation-satisfied id="1347" threadId="00000000007EB800" bytesRequested="16" />
<af-end id="1348" timestamp="2020-09-11T12:52:34.944" threadId="00000000007EC180" success="true" from="nursery"/>
<exclusive-end id="1349" timestamp="2020-09-11T12:52:34.944" durationms="65.596" />

<exclusive-start id="1350" timestamp="2020-09-11T12:52:38.456" intervalms="3577.897">
  <response-info timems="7.854" idlems="7.854" threads="0" lastid="000000000088B400" lastname="Group1.Backend.CompositeBackend{Tier1}.6" />
</exclusive-start>
<af-start id="1351" threadId="000000000088BD80" totalBytesRequested="16" timestamp="2020-09-11T12:52:38.458" intervalms="3578.844" type="nursery" />
<cycle-start id="1352" type="scavenge" contextid="0" timestamp="2020-09-11T12:52:38.458" intervalms="3579.084" />
<gc-start id="1353" type="scavenge" contextid="1352" timestamp="2020-09-11T12:52:38.459">
  <mem-info id="1354" free="51282256" total="1793130496" percent="2">
    <mem type="nursery" free="0" total="939524096" percent="0">
      <mem type="allocate" free="0" total="594542592" percent="0" />
      <mem type="survivor" free="0" total="344981504" percent="0" />
    </mem>
    <mem type="tenure" free="51282256" total="853606400" percent="6">
      <mem type="soa" free="65872" total="802390016" percent="0" />
      <mem type="loa" free="51216384" total="51216384" percent="100" />
    </mem>
    <remembered-set count="105816" />
  </mem-info>
</gc-start>
<allocation-stats totalBytes="528782880" >
  <allocated-bytes non-tlh="16033832" tlh="512749048" />
  <largest-consumer threadName="Group1.Backend.CompositeBackend{Tier1}.3" threadId="0000000000819400" bytes="77134264" />
</allocation-stats>
<gc-op id="1355" type="scavenge" timems="144.396" contextid="1352" timestamp="2020-09-11T12:52:38.604">
  <scavenger-info tenureage="2" tenuremask="7ffc" tiltratio="63" />
  <memory-copied type="nursery" objects="2172248" bytes="59158768" bytesdiscarded="177760" />
  <memory-copied type="tenure" objects="1313436" bytes="33480424" bytesdiscarded="3728" />
  <finalization candidates="36" enqueued="0" />
  <ownableSynchronizers candidates="110906" cleared="86048" />
  <references type="soft" candidates="109905" cleared="0" enqueued="0" dynamicThreshold="9" maxThreshold="32" />
  <references type="weak" candidates="319" cleared="125" enqueued="100" />
  <heap-resize type="expand" space="tenure" amount="35651584" count="34" timems="15.094" reason="continue current collection" />
</gc-op>
<gc-end id="1356" type="scavenge" contextid="1352" durationms="146.100" usertimems="865.579" systemtimems="23.136" timestamp="2020-09-11T12:52:38.605" activeThreads="8">
  <mem-info id="1357" free="643354272" total="1828782080" percent="35">
    <mem type="nursery" free="589580192" total="939524096" percent="62">
      <mem type="allocate" free="589580192" total="649003008" percent="90" />
      <mem type="survivor" free="0" total="290521088" percent="0" />
    </mem>
    <mem type="tenure" free="53774080" total="889257984" percent="6" macro-fragmented="23113062">
      <mem type="soa" free="418560" total="835902464" percent="0" />
      <mem type="loa" free="53355520" total="53355520" percent="100" />
    </mem>
    <pending-finalizers system="0" default="0" reference="100" classloader="0" />
    <remembered-set count="14617" />
  </mem-info>
</gc-end>
<cycle-end id="1358" type="scavenge" contextid="1352" timestamp="2020-09-11T12:52:38.611" />
<allocation-satisfied id="1359" threadId="000000000088B400" bytesRequested="16" />
<af-end id="1360" timestamp="2020-09-11T12:52:38.611" threadId="000000000088BD80" success="true" from="nursery"/>
<exclusive-end id="1361" timestamp="2020-09-11T12:52:38.611" durationms="155.485" />

<exclusive-start id="1362" timestamp="2020-09-11T12:52:41.645" intervalms="3188.784">
  <response-info timems="0.515" idlems="0.261" threads="1" lastid="000000000086AF00" lastname="Group1.Backend.CompositeBackend{Tier1}.5" />
</exclusive-start>
<af-start id="1363" threadId="00000000008DDB80" totalBytesRequested="400" timestamp="2020-09-11T12:52:41.645" intervalms="3187.896" type="nursery" />
<cycle-start id="1364" type="scavenge" contextid="0" timestamp="2020-09-11T12:52:41.646" intervalms="3187.661" />
<gc-start id="1365" type="scavenge" contextid="1364" timestamp="2020-09-11T12:52:41.646">
  <mem-info id="1366" free="53773224" total="1828782080" percent="2">
    <mem type="nursery" free="0" total="939524096" percent="0">
      <mem type="allocate" free="0" total="649003008" percent="0" />
      <mem type="survivor" free="0" total="290521088" percent="0" />
    </mem>
    <mem type="tenure" free="53773224" total="889257984" percent="6">
      <mem type="soa" free="417704" total="835902464" percent="0" />
      <mem type="loa" free="53355520" total="53355520" percent="100" />
    </mem>
    <remembered-set count="124070" />
  </mem-info>
</gc-start>
<allocation-stats totalBytes="589210288" >
  <allocated-bytes non-tlh="18630984" tlh="570579304" />
  <largest-consumer threadName="Group1.Backend.CompositeBackend{Tier1}.3" threadId="0000000000819400" bytes="86080656" />
</allocation-stats>
<gc-op id="1367" type="scavenge" timems="83.873" contextid="1364" timestamp="2020-09-11T12:52:41.730">
  <scavenger-info tenureage="3" tenuremask="7ff8" tiltratio="69" />
  <memory-copied type="nursery" objects="3117773" bytes="85055520" bytesdiscarded="128520" />
  <finalization candidates="1" enqueued="0" />
  <ownableSynchronizers candidates="127733" cleared="95617" />
  <references type="soft" candidates="135092" cleared="0" enqueued="0" dynamicThreshold="9" maxThreshold="32" />
  <references type="weak" candidates="272" cleared="30" enqueued="0" />
</gc-op>
<gc-end id="1368" type="scavenge" contextid="1364" durationms="84.754" usertimems="607.253" systemtimems="15.054" timestamp="2020-09-11T12:52:41.731" activeThreads="8">
  <mem-info id="1369" free="650706400" total="1828782080" percent="35">
    <mem type="nursery" free="596933176" total="939524096" percent="63">
      <mem type="allocate" free="596933176" total="682229760" percent="87" />
      <mem type="survivor" free="0" total="257294336" percent="0" />
    </mem>
    <mem type="tenure" free="53773224" total="889257984" percent="6" macro-fragmented="426848">
      <mem type="soa" free="417704" total="835902464" percent="0" />
      <mem type="loa" free="53355520" total="53355520" percent="100" />
    </mem>
    <remembered-set count="16456" />
  </mem-info>
</gc-end>
<cycle-end id="1370" type="scavenge" contextid="1364" timestamp="2020-09-11T12:52:41.775" />
<allocation-satisfied id="1371" threadId="00000000008DD200" bytesRequested="400" />
<af-end id="1372" timestamp="2020-09-11T12:52:41.775" threadId="00000000008DDB80" success="true" from="nursery"/>
<exclusive-end id="1373" timestamp="2020-09-11T12:52:41.775" durationms="130.664" />

<exclusive-start id="1374" timestamp="2020-09-11T12:52:44.341" intervalms="2696.018">
  <response-info timems="0.355" idlems="0.238" threads="2" lastid="000000000086AF00" lastname="Group1.Backend.CompositeBackend{Tier1}.5" />
</exclusive-start>
<af-start id="1375" threadId="0000000000819D80" totalBytesRequested="56" timestamp="2020-09-11T12:52:44.341" intervalms="2695.954" type="nursery" />
<cycle-start id="1376" type="scavenge" contextid="0" timestamp="2020-09-11T12:52:44.342" intervalms="2695.970" />
<gc-start id="1377" type="scavenge" contextid="1376" timestamp="2020-09-11T12:52:44.342">
  <mem-info id="1378" free="53773224" total="1828782080" percent="2">
    <mem type="nursery" free="0" total="939524096" percent="0">
      <mem type="allocate" free="0" total="682229760" percent="0" />
      <mem type="survivor" free="0" total="257294336" percent="0" />
    </mem>
    <mem type="tenure" free="53773224" total="889257984" percent="6">
      <mem type="soa" free="417704" total="835902464" percent="0" />
      <mem type="loa" free="53355520" total="53355520" percent="100" />
    </mem>
    <remembered-set count="127797" />
  </mem-info>
</gc-start>
<allocation-stats totalBytes="596553408" >
  <allocated-bytes non-tlh="15507672" tlh="581045736" />
  <largest-consumer threadName="Group1.Backend.CompositeBackend{Tier1}.2" threadId="00000000007EB800" bytes="91504840" />
</allocation-stats>
<gc-op id="1379" type="scavenge" timems="92.204" contextid="1376" timestamp="2020-09-11T12:52:44.434">
  <scavenger-info tenureage="3" tenuremask="7ff8" tiltratio="72" />
  <memory-copied type="nursery" objects="3139125" bytes="84963968" bytesdiscarded="107344" />
  <memory-copied type="tenure" objects="994992" bytes="27394152" bytesdiscarded="7440" />
  <finalization candidates="5" enqueued="3" />
  <ownableSynchronizers candidates="143906" cleared="99710" />
  <references type="soft" candidates="81147" cleared="0" enqueued="0" dynamicThreshold="9" maxThreshold="32" />
  <references type="weak" candidates="412" cleared="151" enqueued="126" />
  <heap-resize type="expand" space="tenure" amount="29360128" count="28" timems="7.868" reason="continue current collection" />
</gc-op>
<gc-end id="1380" type="scavenge" contextid="1376" durationms="93.460" usertimems="689.727" systemtimems="11.408" timestamp="2020-09-11T12:52:44.435" activeThreads="8">
  <mem-info id="1381" free="685028712" total="1858142208" percent="36">
    <mem type="nursery" free="629413480" total="939524096" percent="66">
      <mem type="allocate" free="629413480" total="714604544" percent="88" />
      <mem type="survivor" free="0" total="224919552" percent="0" />
    </mem>
    <mem type="tenure" free="55615232" total="918618112" percent="6" macro-fragmented="19260884">
      <mem type="soa" free="497408" total="863500288" percent="0" />
      <mem type="loa" free="55117824" total="55117824" percent="100" />
    </mem>
    <pending-finalizers system="3" default="0" reference="126" classloader="0" />
    <remembered-set count="28700" />
  </mem-info>
</gc-end>
<cycle-end id="1382" type="scavenge" contextid="1376" timestamp="2020-09-11T12:52:44.453" />
<allocation-satisfied id="1383" threadId="0000000000819400" bytesRequested="56" />
<af-end id="1384" timestamp="2020-09-11T12:52:44.453" threadId="0000000000819D80" success="true" from="nursery"/>
<exclusive-end id="1385" timestamp="2020-09-11T12:52:44.453" durationms="112.243" />

<exclusive-start id="1386" timestamp="2020-09-11T12:52:46.880" intervalms="2538.971">
  <response-info timems="0.584" idlems="0.579" threads="1" lastid="00000000007EB800" lastname="Group1.Backend.CompositeBackend{Tier1}.2" />
</exclusive-start>
<af-start id="1387" threadId="000000000078CB80" totalBytesRequested="56" timestamp="2020-09-11T12:52:46.881" intervalms="2539.158" type="nursery" />
<cycle-start id="1388" type="scavenge" contextid="0" timestamp="2020-09-11T12:52:46.881" intervalms="2539.169" />
<gc-start id="1389" type="scavenge" contextid="1388" timestamp="2020-09-11T12:52:46.881">
  <mem-info id="1390" free="55615232" total="1858142208" percent="2">
    <mem type="nursery" free="0" total="939524096" percent="0">
      <mem type="allocate" free="0" total="714604544" percent="0" />
      <mem type="survivor" free="0" total="224919552" percent="0" />
    </mem>
    <mem type="tenure" free="55615232" total="918618112" percent="6">
      <mem type="soa" free="497408" total="863500288" percent="0" />
      <mem type="loa" free="55117824" total="55117824" percent="100" />
    </mem>
    <remembered-set count="142284" />
  </mem-info>
</gc-start>
<allocation-stats totalBytes="629034832" >
  <allocated-bytes non-tlh="22311984" tlh="606722848" />
  <largest-consumer threadName="Group1.Backend.CompositeBackend{Tier1}.4" threadId="0000000000863200" bytes="87521608" />
</allocation-stats>
<gc-op id="1391" type="scavenge" timems="98.475" contextid="1388" timestamp="2020-09-11T12:52:46.980">
  <scavenger-info tenureage="3" tenuremask="7ff8" tiltratio="76" />
  <memory-copied type="nursery" objects="3177337" bytes="86606248" bytesdiscarded="191720" />
  <memory-copied type="tenure" objects="894231" bytes="24001536" bytesdiscarded="5744" />
  <finalization candidates="1" enqueued="0" />
  <ownableSynchronizers candidates="146635" cleared="100336" />
  <references type="soft" candidates="59406" cleared="0" enqueued="0" dynamicThreshold="9" maxThreshold="32" />
  <references type="weak" candidates="444" cleared="174" enqueued="144" />
  <heap-resize type="expand" space="tenure" amount="25165824" count="24" timems="8.609" reason="continue current collection" />
</gc-op>
<gc-end id="1392" type="scavenge" contextid="1388" durationms="99.815" usertimems="667.979" systemtimems="21.970" timestamp="2020-09-11T12:52:46.981" activeThreads="8">
  <mem-info id="1393" free="709566680" total="1883308032" percent="37">
    <mem type="nursery" free="652913368" total="939524096" percent="69">
      <mem type="allocate" free="652913368" total="739835904" percent="88" />
      <mem type="survivor" free="0" total="199688192" percent="0" />
    </mem>
    <mem type="tenure" free="56653312" total="943783936" percent="6" macro-fragmented="27735676">
      <mem type="soa" free="26112" total="887156736" percent="0" />
      <mem type="loa" free="56627200" total="56627200" percent="100" />
    </mem>
    <pending-finalizers system="0" default="0" reference="144" classloader="0" />
    <remembered-set count="26320" />
  </mem-info>
</gc-end>
<cycle-end id="1394" type="scavenge" contextid="1388" timestamp="2020-09-11T12:52:46.988" />
<allocation-satisfied id="1395" threadId="000000000078C200" bytesRequested="56" />
<af-end id="1396" timestamp="2020-09-11T12:52:46.988" threadId="000000000078CB80" success="true" from="nursery"/>
<exclusive-end id="1397" timestamp="2020-09-11T12:52:46.988" durationms="107.926" />

<exclusive-start id="1398" timestamp="2020-09-11T12:52:49.130" intervalms="2250.619">
  <response-info timems="0.468" idlems="0.468" threads="0" lastid="0000000000819400" lastname="Group1.Backend.CompositeBackend{Tier1}.3" />
</exclusive-start>
<af-start id="1399" threadId="0000000000819D80" totalBytesRequested="664" timestamp="2020-09-11T12:52:49.131" intervalms="2250.617" type="nursery" />
<cycle-start id="1400" type="scavenge" contextid="0" timestamp="2020-09-11T12:52:49.131" intervalms="2250.620" />
<gc-start id="1401" type="scavenge" contextid="1400" timestamp="2020-09-11T12:52:49.132">
  <mem-info id="1402" free="56653312" total="1883308032" percent="3">
    <mem type="nursery" free="0" total="939524096" percent="0">
      <mem type="allocate" free="0" total="739835904" percent="0" />
      <mem type="survivor" free="0" total="199688192" percent="0" />
    </mem>
    <mem type="tenure" free="56653312" total="943783936" percent="6">
      <mem type="soa" free="26112" total="887156736" percent="0" />
      <mem type="loa" free="56627200" total="56627200" percent="100" />
    </mem>
    <remembered-set count="142653" />
  </mem-info>
</gc-start>
<allocation-stats totalBytes="652497496" >
  <allocated-bytes non-tlh="24899936" tlh="627597560" />
  <largest-consumer threadName="Group1.Backend.CompositeBackend{Tier1}.2" threadId="00000000007EB800" bytes="92069160" />
</allocation-stats>
<gc-op id="1403" type="scavenge" timems="82.699" contextid="1400" timestamp="2020-09-11T12:52:49.215">
  <scavenger-info tenureage="3" tenuremask="7ff8" tiltratio="78" />
  <memory-copied type="nursery" objects="3222732" bytes="87820200" bytesdiscarded="143376" />
  <memory-copied type="tenure" objects="930450" bytes="25125384" bytesdiscarded="6496" />
  <finalization candidates="1" enqueued="0" />
  <ownableSynchronizers candidates="152129" cleared="103719" />
  <references type="soft" candidates="48042" cleared="0" enqueued="0" dynamicThreshold="9" maxThreshold="32" />
  <references type="weak" candidates="273" cleared="35" enqueued="0" />
  <heap-resize type="expand" space="tenure" amount="27262976" count="26" timems="7.586" reason="continue current collection" />
</gc-op>
<gc-end id="1404" type="scavenge" contextid="1400" durationms="84.239" usertimems="637.553" systemtimems="0.000" timestamp="2020-09-11T12:52:49.216" activeThreads="8">
  <mem-info id="1405" free="730743072" total="1910571008" percent="38">
    <mem type="nursery" free="671736352" total="939524096" percent="71">
      <mem type="allocate" free="671736352" total="759824384" percent="88" />
      <mem type="survivor" free="0" total="179699712" percent="0" />
    </mem>
    <mem type="tenure" free="59006720" total="971046912" percent="6" macro-fragmented="27735676">
      <mem type="soa" free="743168" total="912783360" percent="0" />
      <mem type="loa" free="58263552" total="58263552" percent="100" />
    </mem>
    <remembered-set count="24267" />
  </mem-info>
</gc-end>
<cycle-end id="1406" type="scavenge" contextid="1400" timestamp="2020-09-11T12:52:49.221" />
<allocation-satisfied id="1407" threadId="0000000000819400" bytesRequested="664" />
<af-end id="1408" timestamp="2020-09-11T12:52:49.221" threadId="0000000000819D80" success="true" from="nursery"/>
<exclusive-end id="1409" timestamp="2020-09-11T12:52:49.221" durationms="90.507" />

<exclusive-start id="1410" timestamp="2020-09-11T12:52:51.355" intervalms="2224.252">
  <response-info timems="0.716" idlems="0.716" threads="0" lastid="000000000078C200" lastname="Group1.Backend.CompositeBackend{Tier1}.1" />
</exclusive-start>
<af-start id="1411" threadId="000000000078CB80" totalBytesRequested="16" timestamp="2020-09-11T12:52:51.355" intervalms="2224.065" type="nursery" />
<cycle-start id="1412" type="scavenge" contextid="0" timestamp="2020-09-11T12:52:51.355" intervalms="2224.028" />
<gc-start id="1413" type="scavenge" contextid="1412" timestamp="2020-09-11T12:52:51.356">
  <mem-info id="1414" free="59006720" total="1910571008" percent="3">
    <mem type="nursery" free="0" total="939524096" percent="0">
      <mem type="allocate" free="0" total="759824384" percent="0" />
      <mem type="survivor" free="0" total="179699712" percent="0" />
    </mem>
    <mem type="tenure" free="59006720" total="971046912" percent="6">
      <mem type="soa" free="743168" total="912783360" percent="0" />
      <mem type="loa" free="58263552" total="58263552" percent="100" />
    </mem>
    <remembered-set count="144900" />
  </mem-info>
</gc-start>
<allocation-stats totalBytes="671320560" >
  <allocated-bytes non-tlh="19041368" tlh="652279192" />
  <largest-consumer threadName="Group1.Backend.CompositeBackend{Tier1}.1" threadId="000000000078C200" bytes="124192112" />
</allocation-stats>
<gc-op id="1415" type="scavenge" timems="100.989" contextid="1412" timestamp="2020-09-11T12:52:51.457">
  <scavenger-info tenureage="3" tenuremask="fff8" tiltratio="80" />
  <memory-copied type="nursery" objects="3342630" bytes="91095784" bytesdiscarded="117464" />
  <memory-copied type="tenure" objects="936522" bytes="25312320" bytesdiscarded="7856" />
  <finalization candidates="1" enqueued="0" />
  <ownableSynchronizers candidates="160159" cleared="110005" />
  <references type="soft" candidates="42481" cleared="0" enqueued="0" dynamicThreshold="9" maxThreshold="32" />
  <references type="weak" candidates="487" cleared="209" enqueued="174" />
  <heap-resize type="expand" space="tenure" amount="26214400" count="25" timems="8.393" reason="continue current collection" />
</gc-op>
<gc-end id="1416" type="scavenge" contextid="1412" durationms="102.585" usertimems="665.856" systemtimems="5.542" timestamp="2020-09-11T12:52:51.458" activeThreads="8">
  <mem-info id="1417" free="743147848" total="1936785408" percent="38">
    <mem type="nursery" free="683289416" total="939524096" percent="72">
      <mem type="allocate" free="683289416" total="774635520" percent="88" />
      <mem type="survivor" free="0" total="164888576" percent="0" />
    </mem>
    <mem type="tenure" free="59858432" total="997261312" percent="6" macro-fragmented="0">
      <mem type="soa" free="22016" total="937424896" percent="0" />
      <mem type="loa" free="59836416" total="59836416" percent="100" />
    </mem>
    <pending-finalizers system="0" default="0" reference="174" classloader="0" />
    <remembered-set count="24625" />
  </mem-info>
</gc-end>
<cycle-end id="1418" type="scavenge" contextid="1412" timestamp="2020-09-11T12:52:51.465" />
<allocation-satisfied id="1419" threadId="000000000078C200" bytesRequested="16" />
<af-end id="1420" timestamp="2020-09-11T12:52:51.465" threadId="000000000078CB80" success="true" from="nursery"/>
<exclusive-end id="1421" timestamp="2020-09-11T12:52:51.465" durationms="110.574" />

<exclusive-start id="1422" timestamp="2020-09-11T12:52:53.364" intervalms="2009.360">
  <response-info timems="4.112" idlems="4.112" threads="0" lastid="0000000000A9FB00" lastname="Group1.Backend.CompositeBackend{Tier3}.6" />
</exclusive-start>
<af-start id="1423" threadId="0000000000AA0480" totalBytesRequested="16" timestamp="2020-09-11T12:52:53.365" intervalms="2009.839" type="nursery" />
<cycle-start id="1424" type="scavenge" contextid="0" timestamp="2020-09-11T12:52:53.365" intervalms="2009.941" />
<gc-start id="1425" type="scavenge" contextid="1424" timestamp="2020-09-11T12:52:53.366">
  <mem-info id="1426" free="59858432" total="1936785408" percent="3">
    <mem type="nursery" free="0" total="939524096" percent="0">
      <mem type="allocate" free="0" total="774635520" percent="0" />
      <mem type="survivor" free="0" total="164888576" percent="0" />
    </mem>
    <mem type="tenure" free="59858432" total="997261312" percent="6">
      <mem type="soa" free="22016" total="937424896" percent="0" />
      <mem type="loa" free="59836416" total="59836416" percent="100" />
    </mem>
    <remembered-set count="143302" />
  </mem-info>
</gc-start>
<allocation-stats totalBytes="682896200" >
  <allocated-bytes non-tlh="29307888" tlh="653588312" />
  <largest-consumer threadName="Group1.Backend.CompositeBackend{Tier1}.5" threadId="000000000086AF00" bytes="111842264" />
</allocation-stats>
<gc-op id="1427" type="scavenge" timems="124.820" contextid="1424" timestamp="2020-09-11T12:52:53.491">
  <scavenger-info tenureage="3" tenuremask="fff8" tiltratio="82" />
  <memory-copied type="nursery" objects="3651563" bytes="99237848" bytesdiscarded="228032" />
  <memory-copied type="tenure" objects="945693" bytes="25530296" bytesdiscarded="7176" />
  <ownableSynchronizers candidates="156562" cleared="105683" />
  <references type="soft" candidates="39017" cleared="0" enqueued="0" dynamicThreshold="9" maxThreshold="32" />
  <references type="weak" candidates="314" cleared="35" enqueued="0" />
  <heap-resize type="expand" space="tenure" amount="28311552" count="27" timems="11.541" reason="continue current collection" />
</gc-op>
<gc-end id="1428" type="scavenge" contextid="1424" durationms="125.974" usertimems="962.459" systemtimems="3.035" timestamp="2020-09-11T12:52:53.492" activeThreads="8">
  <mem-info id="1429" free="746331536" total="1965096960" percent="37">
    <mem type="nursery" free="683954064" total="939524096" percent="72">
      <mem type="allocate" free="683954064" total="783548416" percent="87" />
      <mem type="survivor" free="0" total="155975680" percent="0" />
    </mem>
    <mem type="tenure" free="62377472" total="1025572864" percent="6" macro-fragmented="242284">
      <mem type="soa" free="842240" total="964037632" percent="0" />
      <mem type="loa" free="61535232" total="61535232" percent="100" />
    </mem>
    <remembered-set count="26004" />
  </mem-info>
</gc-end>
<cycle-end id="1430" type="scavenge" contextid="1424" timestamp="2020-09-11T12:52:53.494" />
<allocation-satisfied id="1431" threadId="0000000000A9FB00" bytesRequested="16" />
<af-end id="1432" timestamp="2020-09-11T12:52:53.494" threadId="0000000000AA0480" success="true" from="nursery"/>
<exclusive-end id="1433" timestamp="2020-09-11T12:52:53.494" durationms="129.998" />

<exclusive-start id="1434" timestamp="2020-09-11T12:52:55.369" intervalms="2005.478">
  <response-info timems="2.536" idlems="2.536" threads="0" lastid="000000000088B400" lastname="Group1.Backend.CompositeBackend{Tier1}.6" />
</exclusive-start>
<af-start id="1435" threadId="000000000088BD80" totalBytesRequested="32" timestamp="2020-09-11T12:52:55.370" intervalms="2005.028" type="nursery" />
<cycle-start id="1436" type="scavenge" contextid="0" timestamp="2020-09-11T12:52:55.370" intervalms="2004.979" />
<gc-start id="1437" type="scavenge" contextid="1436" timestamp="2020-09-11T12:52:55.371">
  <mem-info id="1438" free="62377472" total="1965096960" percent="3">
    <mem type="nursery" free="0" total="939524096" percent="0">
      <mem type="allocate" free="0" total="783548416" percent="0" />
      <mem type="survivor" free="0" total="155975680" percent="0" />
    </mem>
    <mem type="tenure" free="62377472" total="1025572864" percent="6">
      <mem type="soa" free="842240" total="964037632" percent="0" />
      <mem type="loa" free="61535232" total="61535232" percent="100" />
    </mem>
    <remembered-set count="147703" />
  </mem-info>
</gc-start>
<allocation-stats totalBytes="683520144" >
  <allocated-bytes non-tlh="18630528" tlh="664889616" />
  <largest-consumer threadName="Group1.Backend.CompositeBackend{Tier1}.6" threadId="000000000088B400" bytes="98033136" />
</allocation-stats>
<gc-op id="1439" type="scavenge" timems="107.055" contextid="1436" timestamp="2020-09-11T12:52:55.478">
  <scavenger-info tenureage="3" tenuremask="fff8" tiltratio="83" />
  <memory-copied type="nursery" objects="3814202" bytes="103125472" bytesdiscarded="261808" />
  <memory-copied type="tenure" objects="947754" bytes="25717528" bytesdiscarded="5576" />
  <ownableSynchronizers candidates="164757" cleared="112415" />
  <references type="soft" candidates="37303" cleared="0" enqueued="0" dynamicThreshold="9" maxThreshold="32" />
  <references type="weak" candidates="529" cleared="228" enqueued="198" />
  <heap-resize type="expand" space="tenure" amount="27262976" count="26" timems="9.269" reason="continue current collection" />
</gc-op>
<gc-end id="1440" type="scavenge" contextid="1436" durationms="108.079" usertimems="767.025" systemtimems="6.434" timestamp="2020-09-11T12:52:55.479" activeThreads="8">
  <mem-info id="1441" free="751258392" total="1992359936" percent="37">
    <mem type="nursery" free="687233048" total="939524096" percent="73">
      <mem type="allocate" free="687233048" total="790757376" percent="86" />
      <mem type="survivor" free="0" total="148766720" percent="0" />
    </mem>
    <mem type="tenure" free="64025344" total="1052835840" percent="6" macro-fragmented="27735676">
      <mem type="soa" free="854784" total="989665280" percent="0" />
      <mem type="loa" free="63170560" total="63170560" percent="100" />
    </mem>
    <pending-finalizers system="0" default="0" reference="198" classloader="0" />
    <remembered-set count="24394" />
  </mem-info>
</gc-end>
<cycle-end id="1442" type="scavenge" contextid="1436" timestamp="2020-09-11T12:52:55.482" />
<allocation-satisfied id="1443" threadId="000000000088B400" bytesRequested="32" />
<af-end id="1444" timestamp="2020-09-11T12:52:55.482" threadId="000000000088BD80" success="true" from="nursery"/>
<exclusive-end id="1445" timestamp="2020-09-11T12:52:55.482" durationms="113.011" />

<exclusive-start id="1446" timestamp="2020-09-11T12:52:57.151" intervalms="1781.153">
  <response-info timems="0.584" idlems="0.584" threads="0" lastid="00000000007EB800" lastname="Group1.Backend.CompositeBackend{Tier1}.2" />
</exclusive-start>
<af-start id="1447" threadId="00000000007EC180" totalBytesRequested="16" timestamp="2020-09-11T12:52:57.151" intervalms="1781.339" type="nursery" />
<cycle-start id="1448" type="scavenge" contextid="0" timestamp="2020-09-11T12:52:57.152" intervalms="1781.319" />
<gc-start id="1449" type="scavenge" contextid="1448" timestamp="2020-09-11T12:52:57.152">
  <mem-info id="1450" free="64025344" total="1992359936" percent="3">
    <mem type="nursery" free="0" total="939524096" percent="0">
      <mem type="allocate" free="0" total="790757376" percent="0" />
      <mem type="survivor" free="0" total="148766720" percent="0" />
    </mem>
    <mem type="tenure" free="64025344" total="1052835840" percent="6">
      <mem type="soa" free="854784" total="989665280" percent="0" />
      <mem type="loa" free="63170560" total="63170560" percent="100" />
    </mem>
    <remembered-set count="144407" />
  </mem-info>
</gc-start>
<allocation-stats totalBytes="686836704" >
  <allocated-bytes non-tlh="25727552" tlh="661109152" />
  <largest-consumer threadName="Group1.Backend.CompositeBackend{Tier1}.7" threadId="00000000008C3100" bytes="94067632" />
</allocation-stats>
<gc-op id="1451" type="scavenge" timems="107.391" contextid="1448" timestamp="2020-09-11T12:52:57.260">
  <scavenger-info tenureage="3" tenuremask="fff8" tiltratio="84" />
  <memory-copied type="nursery" objects="3645524" bytes="99746760" bytesdiscarded="406296" />
  <memory-copied type="tenure" objects="1004608" bytes="27377920" bytesdiscarded="8808" />
  <ownableSynchronizers candidates="161575" cleared="108635" />
  <references type="soft" candidates="35306" cleared="0" enqueued="0" dynamicThreshold="9" maxThreshold="32" />
  <references type="weak" candidates="304" cleared="35" enqueued="0" />
  <heap-resize type="expand" space="tenure" amount="29360128" count="28" timems="9.415" reason="continue current collection" />
</gc-op>
<gc-end id="1452" type="scavenge" contextid="1448" durationms="108.830" usertimems="812.031" systemtimems="2.296" timestamp="2020-09-11T12:52:57.261" activeThreads="8">
  <mem-info id="1453" free="762935856" total="2021720064" percent="37">
    <mem type="nursery" free="697091040" total="939524096" percent="74">
      <mem type="allocate" free="697091040" total="797376512" percent="87" />
      <mem type="survivor" free="0" total="142147584" percent="0" />
    </mem>
    <mem type="tenure" free="65844816" total="1082195968" percent="6" macro-fragmented="0">
      <mem type="soa" free="912976" total="1017264128" percent="0" />
      <mem type="loa" free="64931840" total="64931840" percent="100" />
    </mem>
    <remembered-set count="23794" />
  </mem-info>
</gc-end>
<cycle-end id="1454" type="scavenge" contextid="1448" timestamp="2020-09-11T12:52:57.264" />
<allocation-satisfied id="1455" threadId="00000000007EB800" bytesRequested="16" />
<af-end id="1456" timestamp="2020-09-11T12:52:57.265" threadId="00000000007EC180" success="true" from="nursery"/>
<exclusive-end id="1457" timestamp="2020-09-11T12:52:57.265" durationms="113.981" />

<exclusive-start id="1458" timestamp="2020-09-11T12:52:59.023" intervalms="1872.473">
  <response-info timems="6.953" idlems="6.953" threads="0" lastid="000000000078C200" lastname="Group1.Backend.CompositeBackend{Tier1}.1" />
</exclusive-start>
<af-start id="1459" threadId="000000000078CB80" totalBytesRequested="88" timestamp="2020-09-11T12:52:59.024" intervalms="1872.536" type="nursery" />
<cycle-start id="1460" type="scavenge" contextid="0" timestamp="2020-09-11T12:52:59.024" intervalms="1872.583" />
<gc-start id="1461" type="scavenge" contextid="1460" timestamp="2020-09-11T12:52:59.025">
  <mem-info id="1462" free="65844816" total="2021720064" percent="3">
    <mem type="nursery" free="0" total="939524096" percent="0">
      <mem type="allocate" free="0" total="797376512" percent="0" />
      <mem type="survivor" free="0" total="142147584" percent="0" />
    </mem>
    <mem type="tenure" free="65844816" total="1082195968" percent="6">
      <mem type="soa" free="912976" total="1017264128" percent="0" />
      <mem type="loa" free="64931840" total="64931840" percent="100" />
    </mem>
    <remembered-set count="148304" />
  </mem-info>
</gc-start>
<allocation-stats totalBytes="696676256" >
  <allocated-bytes non-tlh="18469320" tlh="678206936" />
  <largest-consumer threadName="Group1.Backend.CompositeBackend{Tier1}.4" threadId="0000000000863200" bytes="103605352" />
</allocation-stats>
<gc-op id="1463" type="scavenge" timems="133.253" contextid="1460" timestamp="2020-09-11T12:52:59.158">
  <scavenger-info tenureage="3" tenuremask="7ff8" tiltratio="84" />
  <memory-copied type="nursery" objects="3491083" bytes="94690720" bytesdiscarded="120136" />
  <memory-copied type="tenure" objects="989479" bytes="28258032" bytesdiscarded="6448" />
  <ownableSynchronizers candidates="168402" cleared="114873" />
  <references type="soft" candidates="35064" cleared="0" enqueued="0" dynamicThreshold="9" maxThreshold="32" />
  <references type="weak" candidates="540" cleared="250" enqueued="220" />
  <heap-resize type="expand" space="tenure" amount="29360128" count="28" timems="16.262" reason="continue current collection" />
</gc-op>
<gc-end id="1464" type="scavenge" contextid="1460" durationms="134.342" usertimems="1011.138" systemtimems="20.696" timestamp="2020-09-11T12:52:59.159" activeThreads="8">
  <mem-info id="1465" free="775464136" total="2051080192" percent="37">
    <mem type="nursery" free="708519880" total="939524096" percent="75">
      <mem type="allocate" free="708519880" total="803471360" percent="88" />
      <mem type="survivor" free="0" total="136052736" percent="0" />
    </mem>
    <mem type="tenure" free="66944256" total="1111556096" percent="6" macro-fragmented="0">
      <mem type="soa" free="250112" total="1044861952" percent="0" />
      <mem type="loa" free="66694144" total="66694144" percent="100" />
    </mem>
    <pending-finalizers system="0" default="0" reference="220" classloader="0" />
    <remembered-set count="25509" />
  </mem-info>
</gc-end>
<cycle-end id="1466" type="scavenge" contextid="1460" timestamp="2020-09-11T12:52:59.162" />
<allocation-satisfied id="1467" threadId="000000000078C200" bytesRequested="88" />
<af-end id="1468" timestamp="2020-09-11T12:52:59.163" threadId="000000000078CB80" success="true" from="nursery"/>
<exclusive-end id="1469" timestamp="2020-09-11T12:52:59.163" durationms="139.437" />

<exclusive-start id="1470" timestamp="2020-09-11T12:53:00.629" intervalms="1605.803">
  <response-info timems="0.444" idlems="0.444" threads="0" lastid="000000000078C200" lastname="Group1.Backend.CompositeBackend{Tier1}.1" />
</exclusive-start>
<af-start id="1471" threadId="000000000078CB80" totalBytesRequested="24" timestamp="2020-09-11T12:53:00.630" intervalms="1605.655" type="nursery" />
<cycle-start id="1472" type="scavenge" contextid="0" timestamp="2020-09-11T12:53:00.630" intervalms="1605.618" />
<gc-start id="1473" type="scavenge" contextid="1472" timestamp="2020-09-11T12:53:00.630">
  <mem-info id="1474" free="66944256" total="2051080192" percent="3">
    <mem type="nursery" free="0" total="939524096" percent="0">
      <mem type="allocate" free="0" total="803471360" percent="0" />
      <mem type="survivor" free="0" total="136052736" percent="0" />
    </mem>
    <mem type="tenure" free="66944256" total="1111556096" percent="6">
      <mem type="soa" free="250112" total="1044861952" percent="0" />
      <mem type="loa" free="66694144" total="66694144" percent="100" />
    </mem>
    <remembered-set count="147964" />
  </mem-info>
</gc-start>
<allocation-stats totalBytes="708110416" >
  <allocated-bytes non-tlh="29915304" tlh="678195112" />
  <largest-consumer threadName="Group1.Backend.CompositeBackend{Tier1}.8" threadId="00000000008DD200" bytes="97528128" />
</allocation-stats>
<gc-op id="1475" type="scavenge" timems="118.700" contextid="1472" timestamp="2020-09-11T12:53:00.749">
  <scavenger-info tenureage="3" tenuremask="7ff8" tiltratio="85" />
  <memory-copied type="nursery" objects="3502922" bytes="94836848" bytesdiscarded="140824" />
  <memory-copied type="tenure" objects="1015557" bytes="27608264" bytesdiscarded="8896" />
  <ownableSynchronizers candidates="163951" cleared="109908" />
  <references type="soft" candidates="33906" cleared="0" enqueued="0" dynamicThreshold="9" maxThreshold="32" />
  <references type="weak" candidates="354" cleared="40" enqueued="0" />
  <heap-resize type="expand" space="tenure" amount="29360128" count="28" timems="10.424" reason="continue current collection" />
</gc-op>
<gc-end id="1476" type="scavenge" contextid="1472" durationms="119.839" usertimems="898.732" systemtimems="15.453" timestamp="2020-09-11T12:53:00.750" activeThreads="8">
  <mem-info id="1477" free="783154304" total="2080440320" percent="37">
    <mem type="nursery" free="714323328" total="939524096" percent="76">
      <mem type="allocate" free="714323328" total="809435136" percent="88" />
      <mem type="survivor" free="0" total="130088960" percent="0" />
    </mem>
    <mem type="tenure" free="68830976" total="1140916224" percent="6" macro-fragmented="0">
      <mem type="soa" free="375552" total="1072460800" percent="0" />
      <mem type="loa" free="68455424" total="68455424" percent="100" />
    </mem>
    <remembered-set count="26436" />
  </mem-info>
</gc-end>
<cycle-end id="1478" type="scavenge" contextid="1472" timestamp="2020-09-11T12:53:00.753" />
<allocation-satisfied id="1479" threadId="000000000078C200" bytesRequested="24" />
<af-end id="1480" timestamp="2020-09-11T12:53:00.753" threadId="000000000078CB80" success="true" from="nursery"/>
<exclusive-end id="1481" timestamp="2020-09-11T12:53:00.753" durationms="124.020" />

<exclusive-start id="1482" timestamp="2020-09-11T12:53:02.342" intervalms="1713.181">
  <response-info timems="0.868" idlems="0.868" threads="0" lastid="00000000008DD200" lastname="Group1.Backend.CompositeBackend{Tier1}.8" />
</exclusive-start>
<af-start id="1483" threadId="00000000008DDB80" totalBytesRequested="520" timestamp="2020-09-11T12:53:02.343" intervalms="1713.195" type="nursery" />
<cycle-start id="1484" type="scavenge" contextid="0" timestamp="2020-09-11T12:53:02.343" intervalms="1713.170" />
<gc-start id="1485" type="scavenge" contextid="1484" timestamp="2020-09-11T12:53:02.344">
  <mem-info id="1486" free="68830976" total="2080440320" percent="3">
    <mem type="nursery" free="0" total="939524096" percent="0">
      <mem type="allocate" free="0" total="809435136" percent="0" />
      <mem type="survivor" free="0" total="130088960" percent="0" />
    </mem>
    <mem type="tenure" free="68830976" total="1140916224" percent="6">
      <mem type="soa" free="375552" total="1072460800" percent="0" />
      <mem type="loa" free="68455424" total="68455424" percent="100" />
    </mem>
    <remembered-set count="153229" />
  </mem-info>
</gc-start>
<allocation-stats totalBytes="713906984" >
  <allocated-bytes non-tlh="20290512" tlh="693616472" />
  <largest-consumer threadName="Group1.Backend.CompositeBackend{Tier1}.7" threadId="00000000008C3100" bytes="105137184" />
</allocation-stats>
<gc-op id="1487" type="scavenge" timems="109.842" contextid="1484" timestamp="2020-09-11T12:53:02.453">
  <scavenger-info tenureage="3" tenuremask="7ff8" tiltratio="86" />
  <memory-copied type="nursery" objects="3579781" bytes="97155872" bytesdiscarded="186968" />
  <memory-copied type="tenure" objects="977920" bytes="26453024" bytesdiscarded="6336" />
  <ownableSynchronizers candidates="171469" cleared="116885" />
  <references type="soft" candidates="34007" cleared="0" enqueued="0" dynamicThreshold="9" maxThreshold="32" />
  <references type="weak" candidates="635" cleared="263" enqueued="228" />
  <heap-resize type="expand" space="tenure" amount="28311552" count="27" timems="10.217" reason="continue current collection" />
</gc-op>
<gc-end id="1488" type="scavenge" contextid="1484" durationms="111.191" usertimems="825.559" systemtimems="4.451" timestamp="2020-09-11T12:53:02.455" activeThreads="8">
  <mem-info id="1489" free="786286224" total="2108751872" percent="37">
    <mem type="nursery" free="715685264" total="939524096" percent="76">
      <mem type="allocate" free="715685264" total="813170688" percent="88" />
      <mem type="survivor" free="0" total="126353408" percent="0" />
    </mem>
    <mem type="tenure" free="70600960" total="1169227776" percent="6" macro-fragmented="0">
      <mem type="soa" free="446720" total="1099073536" percent="0" />
      <mem type="loa" free="70154240" total="70154240" percent="100" />
    </mem>
    <pending-finalizers system="0" default="0" reference="228" classloader="0" />
    <remembered-set count="27562" />
  </mem-info>
</gc-end>
<cycle-end id="1490" type="scavenge" contextid="1484" timestamp="2020-09-11T12:53:02.460" />
<allocation-satisfied id="1491" threadId="00000000008DD200" bytesRequested="520" />
<af-end id="1492" timestamp="2020-09-11T12:53:02.460" threadId="00000000008DDB80" success="true" from="nursery"/>
<exclusive-end id="1493" timestamp="2020-09-11T12:53:02.460" durationms="117.689" />

<exclusive-start id="1494" timestamp="2020-09-11T12:53:03.881" intervalms="1538.789">
  <response-info timems="0.550" idlems="0.550" threads="0" lastid="00000000008DD200" lastname="Group1.Backend.CompositeBackend{Tier1}.8" />
</exclusive-start>
<af-start id="1495" threadId="00000000008DDB80" totalBytesRequested="1032" timestamp="2020-09-11T12:53:03.882" intervalms="1538.713" type="nursery" />
<cycle-start id="1496" type="scavenge" contextid="0" timestamp="2020-09-11T12:53:03.882" intervalms="1538.724" />
<gc-start id="1497" type="scavenge" contextid="1496" timestamp="2020-09-11T12:53:03.882">
  <mem-info id="1498" free="70600960" total="2108751872" percent="3">
    <mem type="nursery" free="0" total="939524096" percent="0">
      <mem type="allocate" free="0" total="813170688" percent="0" />
      <mem type="survivor" free="0" total="126353408" percent="0" />
    </mem>
    <mem type="tenure" free="70600960" total="1169227776" percent="6">
      <mem type="soa" free="446720" total="1099073536" percent="0" />
      <mem type="loa" free="70154240" total="70154240" percent="100" />
    </mem>
    <remembered-set count="154136" />
  </mem-info>
</gc-start>
<allocation-stats totalBytes="715250232" >
  <allocated-bytes non-tlh="24660104" tlh="690590128" />
  <largest-consumer threadName="Group1.Backend.CompositeBackend{Tier1}.8" threadId="00000000008DD200" bytes="99639296" />
</allocation-stats>
<gc-op id="1499" type="scavenge" timems="139.810" contextid="1496" timestamp="2020-09-11T12:53:04.022">
  <scavenger-info tenureage="3" tenuremask="7ff8" tiltratio="86" />
  <memory-copied type="nursery" objects="3639825" bytes="100251576" bytesdiscarded="201072" />
  <memory-copied type="tenure" objects="1037208" bytes="28486248" bytesdiscarded="7800" />
  <ownableSynchronizers candidates="171046" cleared="115616" />
  <references type="soft" candidates="33492" cleared="0" enqueued="0" dynamicThreshold="9" maxThreshold="32" />
  <references type="weak" candidates="395" cleared="45" enqueued="0" />
  <heap-resize type="expand" space="tenure" amount="30408704" count="29" timems="14.650" reason="continue current collection" />
</gc-op>
<gc-end id="1500" type="scavenge" contextid="1496" durationms="140.932" usertimems="1042.120" systemtimems="28.206" timestamp="2020-09-11T12:53:04.023" activeThreads="8">
  <mem-info id="1501" free="787151248" total="2139160576" percent="36">
    <mem type="nursery" free="714676368" total="939524096" percent="76">
      <mem type="allocate" free="714676368" total="815267840" percent="87" />
      <mem type="survivor" free="0" total="124256256" percent="0" />
    </mem>
    <mem type="tenure" free="72474880" total="1199636480" percent="6" macro-fragmented="602881">
      <mem type="soa" free="495872" total="1127657472" percent="0" />
      <mem type="loa" free="71979008" total="71979008" percent="100" />
    </mem>
    <remembered-set count="30718" />
  </mem-info>
</gc-end>
<cycle-end id="1502" type="scavenge" contextid="1496" timestamp="2020-09-11T12:53:04.027" />
<allocation-satisfied id="1503" threadId="00000000008DD200" bytesRequested="1032" />
<af-end id="1504" timestamp="2020-09-11T12:53:04.027" threadId="00000000008DDB80" success="true" from="nursery"/>
<exclusive-end id="1505" timestamp="2020-09-11T12:53:04.027" durationms="146.202" />

<exclusive-start id="1506" timestamp="2020-09-11T12:53:05.376" intervalms="1495.623">
  <response-info timems="2.389" idlems="1.314" threads="1" lastid="0000000000819400" lastname="Group1.Backend.CompositeBackend{Tier1}.3" />
</exclusive-start>
<af-start id="1507" threadId="00000000008AF380" totalBytesRequested="16" timestamp="2020-09-11T12:53:05.377" intervalms="1495.585" type="nursery" />
<cycle-start id="1508" type="scavenge" contextid="0" timestamp="2020-09-11T12:53:05.377" intervalms="1495.579" />
<gc-start id="1509" type="scavenge" contextid="1508" timestamp="2020-09-11T12:53:05.378">
  <mem-info id="1510" free="72474880" total="2139160576" percent="3">
    <mem type="nursery" free="0" total="939524096" percent="0">
      <mem type="allocate" free="0" total="815267840" percent="0" />
      <mem type="survivor" free="0" total="124256256" percent="0" />
    </mem>
    <mem type="tenure" free="72474880" total="1199636480" percent="6">
      <mem type="soa" free="495872" total="1127657472" percent="0" />
      <mem type="loa" free="71979008" total="71979008" percent="100" />
    </mem>
    <remembered-set count="155879" />
  </mem-info>
</gc-start>
<allocation-stats totalBytes="714260240" >
  <allocated-bytes non-tlh="27757080" tlh="686503160" />
  <largest-consumer threadName="Group1.Backend.CompositeBackend{Tier1}.8" threadId="00000000008DD200" bytes="121875896" />
</allocation-stats>
<gc-op id="1511" type="scavenge" timems="125.781" contextid="1508" timestamp="2020-09-11T12:53:05.504">
  <scavenger-info tenureage="3" tenuremask="7ff8" tiltratio="86" />
  <memory-copied type="nursery" objects="3661576" bytes="101259920" bytesdiscarded="162200" />
  <memory-copied type="tenure" objects="989279" bytes="26825392" bytesdiscarded="8632" />
  <ownableSynchronizers candidates="167955" cleared="112777" />
  <references type="soft" candidates="33360" cleared="0" enqueued="0" dynamicThreshold="9" maxThreshold="32" />
  <references type="weak" candidates="340" cleared="30" enqueued="0" />
  <heap-resize type="expand" space="tenure" amount="28311552" count="27" timems="12.646" reason="continue current collection" />
</gc-op>
<gc-end id="1512" type="scavenge" contextid="1508" durationms="127.477" usertimems="855.885" systemtimems="5.689" timestamp="2020-09-11T12:53:05.505" activeThreads="8">
  <mem-info id="1513" free="795199808" total="2167472128" percent="36">
    <mem type="nursery" free="721440064" total="939524096" percent="76">
      <mem type="allocate" free="721440064" total="823001088" percent="87" />
      <mem type="survivor" free="0" total="116523008" percent="0" />
    </mem>
    <mem type="tenure" free="73759744" total="1227948032" percent="6" macro-fragmented="0">
      <mem type="soa" free="81920" total="1154270208" percent="0" />
      <mem type="loa" free="73677824" total="73677824" percent="100" />
    </mem>
    <remembered-set count="30889" />
  </mem-info>
</gc-end>
<cycle-end id="1514" type="scavenge" contextid="1508" timestamp="2020-09-11T12:53:05.508" />
<allocation-satisfied id="1515" threadId="00000000008AEA00" bytesRequested="16" />
<af-end id="1516" timestamp="2020-09-11T12:53:05.508" threadId="00000000008AF380" success="true" from="nursery"/>
<exclusive-end id="1517" timestamp="2020-09-11T12:53:05.508" durationms="131.401" />

<exclusive-start id="1518" timestamp="2020-09-11T12:53:06.899" intervalms="1522.136">
  <response-info timems="0.794" idlems="0.794" threads="0" lastid="000000000086AF00" lastname="Group1.Backend.CompositeBackend{Tier1}.5" />
</exclusive-start>
<af-start id="1519" threadId="000000000086B880" totalBytesRequested="24" timestamp="2020-09-11T12:53:06.899" intervalms="1522.146" type="nursery" />
<cycle-start id="1520" type="scavenge" contextid="0" timestamp="2020-09-11T12:53:06.899" intervalms="1522.128" />
<gc-start id="1521" type="scavenge" contextid="1520" timestamp="2020-09-11T12:53:06.900">
  <mem-info id="1522" free="73759688" total="2167472128" percent="3">
    <mem type="nursery" free="0" total="939524096" percent="0">
      <mem type="allocate" free="0" total="823001088" percent="0" />
      <mem type="survivor" free="0" total="116523008" percent="0" />
    </mem>
    <mem type="tenure" free="73759688" total="1227948032" percent="6">
      <mem type="soa" free="81864" total="1154270208" percent="0" />
      <mem type="loa" free="73677824" total="73677824" percent="100" />
    </mem>
    <remembered-set count="157072" />
  </mem-info>
</gc-start>
<allocation-stats totalBytes="721023032" >
  <allocated-bytes non-tlh="26277128" tlh="694745904" />
  <largest-consumer threadName="Group1.Backend.CompositeBackend{Tier1}.6" threadId="000000000088B400" bytes="115567272" />
</allocation-stats>
<gc-op id="1523" type="scavenge" timems="93.743" contextid="1520" timestamp="2020-09-11T12:53:06.994">
  <scavenger-info tenureage="3" tenuremask="7ff8" tiltratio="87" />
  <memory-copied type="nursery" objects="3643919" bytes="103280440" bytesdiscarded="262496" />
  <memory-copied type="tenure" objects="1049782" bytes="28582440" bytesdiscarded="9344" />
  <ownableSynchronizers candidates="169606" cleared="113918" />
  <references type="soft" candidates="32791" cleared="0" enqueued="0" dynamicThreshold="9" maxThreshold="32" />
  <references type="weak" candidates="70" cleared="30" enqueued="0" />
  <heap-resize type="expand" space="tenure" amount="31457280" count="30" timems="8.445" reason="continue current collection" />
</gc-op>
<gc-end id="1524" type="scavenge" contextid="1520" durationms="94.920" usertimems="719.982" systemtimems="0.000" timestamp="2020-09-11T12:53:06.995" activeThreads="8">
  <mem-info id="1525" free="794649512" total="2198929408" percent="36">
    <mem type="nursery" free="718138536" total="939524096" percent="76">
      <mem type="allocate" free="718138536" total="821821440" percent="87" />
      <mem type="survivor" free="0" total="117702656" percent="0" />
    </mem>
    <mem type="tenure" free="76510976" total="1259405312" percent="6" macro-fragmented="0">
      <mem type="soa" free="945920" total="1183840256" percent="0" />
      <mem type="loa" free="75565056" total="75565056" percent="100" />
    </mem>
    <remembered-set count="29813" />
  </mem-info>
</gc-end>
<cycle-end id="1526" type="scavenge" contextid="1520" timestamp="2020-09-11T12:53:06.997" />
<allocation-satisfied id="1527" threadId="000000000086AF00" bytesRequested="24" />
<af-end id="1528" timestamp="2020-09-11T12:53:06.997" threadId="000000000086B880" success="true" from="nursery"/>
<exclusive-end id="1529" timestamp="2020-09-11T12:53:06.997" durationms="98.249" />

<exclusive-start id="1530" timestamp="2020-09-11T12:53:08.564" intervalms="1664.979">
  <response-info timems="3.479" idlems="3.479" threads="0" lastid="00000000007EB800" lastname="Group1.Backend.CompositeBackend{Tier1}.2" />
</exclusive-start>
<af-start id="1531" threadId="00000000007EC180" totalBytesRequested="1032" timestamp="2020-09-11T12:53:08.565" intervalms="1665.448" type="nursery" />
<cycle-start id="1532" type="scavenge" contextid="0" timestamp="2020-09-11T12:53:08.565" intervalms="1665.496" />
<gc-start id="1533" type="scavenge" contextid="1532" timestamp="2020-09-11T12:53:08.566">
  <mem-info id="1534" free="76510488" total="2198929408" percent="3">
    <mem type="nursery" free="0" total="939524096" percent="0">
      <mem type="allocate" free="0" total="821821440" percent="0" />
      <mem type="survivor" free="0" total="117702656" percent="0" />
    </mem>
    <mem type="tenure" free="76510488" total="1259405312" percent="6">
      <mem type="soa" free="945432" total="1183840256" percent="0" />
      <mem type="loa" free="75565056" total="75565056" percent="100" />
    </mem>
    <remembered-set count="157477" />
  </mem-info>
</gc-start>
<allocation-stats totalBytes="717722368" >
  <allocated-bytes non-tlh="26320152" tlh="691402216" />
  <largest-consumer threadName="Group1.Backend.CompositeBackend{Tier1}.4" threadId="0000000000863200" bytes="111909464" />
</allocation-stats>
<gc-op id="1535" type="scavenge" timems="125.946" contextid="1532" timestamp="2020-09-11T12:53:08.692">
  <scavenger-info tenureage="3" tenuremask="7ff8" tiltratio="87" />
  <memory-copied type="nursery" objects="3794620" bytes="105015232" bytesdiscarded="307496" />
  <memory-copied type="tenure" objects="1065289" bytes="30803784" bytesdiscarded="8968" />
  <finalization candidates="3" enqueued="0" />
  <ownableSynchronizers candidates="159191" cleared="104972" />
  <references type="soft" candidates="31566" cleared="0" enqueued="0" dynamicThreshold="9" maxThreshold="32" />
  <references type="weak" candidates="378" cleared="49" enqueued="0" />
  <heap-resize type="expand" space="tenure" amount="32505856" count="31" timems="10.029" reason="continue current collection" />
</gc-op>
<gc-end id="1536" type="scavenge" contextid="1532" durationms="127.198" usertimems="948.576" systemtimems="18.925" timestamp="2020-09-11T12:53:08.693" activeThreads="8">
  <mem-info id="1537" free="792970128" total="2231435264" percent="35">
    <mem type="nursery" free="714850960" total="939524096" percent="76">
      <mem type="allocate" free="714850960" total="820314112" percent="87" />
      <mem type="survivor" free="0" total="119209984" percent="0" />
    </mem>
    <mem type="tenure" free="78119168" total="1291911168" percent="6" macro-fragmented="0">
      <mem type="soa" free="604416" total="1214396416" percent="0" />
      <mem type="loa" free="77514752" total="77514752" percent="100" />
    </mem>
    <remembered-set count="26148" />
  </mem-info>
</gc-end>
<cycle-end id="1538" type="scavenge" contextid="1532" timestamp="2020-09-11T12:53:08.695" />
<allocation-satisfied id="1539" threadId="00000000007EB800" bytesRequested="1032" />
<af-end id="1540" timestamp="2020-09-11T12:53:08.695" threadId="00000000007EC180" success="true" from="nursery"/>
<exclusive-end id="1541" timestamp="2020-09-11T12:53:08.695" durationms="131.485" />

<exclusive-start id="1542" timestamp="2020-09-11T12:53:10.264" intervalms="1700.358">
  <response-info timems="6.725" idlems="6.725" threads="0" lastid="00000000008C3100" lastname="Group1.Backend.CompositeBackend{Tier1}.7" />
</exclusive-start>
<af-start id="1543" threadId="00000000008C3A80" totalBytesRequested="1032" timestamp="2020-09-11T12:53:10.265" intervalms="1699.934" type="nursery" />
<cycle-start id="1544" type="scavenge" contextid="0" timestamp="2020-09-11T12:53:10.265" intervalms="1699.900" />
<gc-start id="1545" type="scavenge" contextid="1544" timestamp="2020-09-11T12:53:10.265">
  <mem-info id="1546" free="78119168" total="2231435264" percent="3">
    <mem type="nursery" free="0" total="939524096" percent="0">
      <mem type="allocate" free="0" total="820314112" percent="0" />
      <mem type="survivor" free="0" total="119209984" percent="0" />
    </mem>
    <mem type="tenure" free="78119168" total="1291911168" percent="6">
      <mem type="soa" free="604416" total="1214396416" percent="0" />
      <mem type="loa" free="77514752" total="77514752" percent="100" />
    </mem>
    <remembered-set count="161522" />
  </mem-info>
</gc-start>
<allocation-stats totalBytes="714447544" >
  <allocated-bytes non-tlh="22749200" tlh="691698344" />
  <largest-consumer threadName="Group1.Backend.CompositeBackend{Tier1}.4" threadId="0000000000863200" bytes="145241640" />
</allocation-stats>
<gc-op id="1547" type="scavenge" timems="146.297" contextid="1544" timestamp="2020-09-11T12:53:10.412">
  <scavenger-info tenureage="3" tenuremask="7ff8" tiltratio="87" />
  <memory-copied type="nursery" objects="4187446" bytes="114006536" bytesdiscarded="177568" />
  <memory-copied type="tenure" objects="1008431" bytes="27760096" bytesdiscarded="10192" />
  <finalization candidates="5" enqueued="0" />
  <ownableSynchronizers candidates="147911" cleared="96062" />
  <references type="soft" candidates="29885" cleared="0" enqueued="0" dynamicThreshold="9" maxThreshold="32" />
  <references type="weak" candidates="477" cleared="75" enqueued="0" />
  <heap-resize type="expand" space="tenure" amount="29360128" count="28" timems="13.033" reason="continue current collection" />
</gc-op>
<gc-end id="1548" type="scavenge" contextid="1544" durationms="147.944" usertimems="990.467" systemtimems="35.090" timestamp="2020-09-11T12:53:10.413" activeThreads="8">
  <mem-info id="1549" free="771036888" total="2260795392" percent="34">
    <mem type="nursery" free="691113432" total="939524096" percent="73">
      <mem type="allocate" free="691113432" total="805437440" percent="85" />
      <mem type="survivor" free="0" total="134086656" percent="0" />
    </mem>
    <mem type="tenure" free="79923456" total="1321271296" percent="6" macro-fragmented="0">
      <mem type="soa" free="646400" total="1241994240" percent="0" />
      <mem type="loa" free="79277056" total="79277056" percent="100" />
    </mem>
    <remembered-set count="23572" />
  </mem-info>
</gc-end>
<cycle-end id="1550" type="scavenge" contextid="1544" timestamp="2020-09-11T12:53:10.416" />
<allocation-satisfied id="1551" threadId="00000000008C3100" bytesRequested="1032" />
<af-end id="1552" timestamp="2020-09-11T12:53:10.416" threadId="00000000008C3A80" success="true" from="nursery"/>
<exclusive-end id="1553" timestamp="2020-09-11T12:53:10.416" durationms="151.891" />

<exclusive-start id="1554" timestamp="2020-09-11T12:53:11.935" intervalms="1670.958">
  <response-info timems="0.599" idlems="0.599" threads="0" lastid="00000000008C3100" lastname="Group1.Backend.CompositeBackend{Tier1}.7" />
</exclusive-start>
<af-start id="1555" threadId="00000000008C3A80" totalBytesRequested="24" timestamp="2020-09-11T12:53:11.936" intervalms="1670.872" type="nursery" />
<cycle-start id="1556" type="scavenge" contextid="0" timestamp="2020-09-11T12:53:11.936" intervalms="1670.855" />
<gc-start id="1557" type="scavenge" contextid="1556" timestamp="2020-09-11T12:53:11.936">
  <mem-info id="1558" free="79922936" total="2260795392" percent="3">
    <mem type="nursery" free="0" total="939524096" percent="0">
      <mem type="allocate" free="0" total="805437440" percent="0" />
      <mem type="survivor" free="0" total="134086656" percent="0" />
    </mem>
    <mem type="tenure" free="79922936" total="1321271296" percent="6">
      <mem type="soa" free="645880" total="1241994240" percent="0" />
      <mem type="loa" free="79277056" total="79277056" percent="100" />
    </mem>
    <remembered-set count="158926" />
  </mem-info>
</gc-start>
<allocation-stats totalBytes="690714464" >
  <allocated-bytes non-tlh="28845296" tlh="661869168" />
  <largest-consumer threadName="Group1.Backend.CompositeBackend{Tier1}.4" threadId="0000000000863200" bytes="119990312" />
</allocation-stats>
<gc-op id="1559" type="scavenge" timems="128.643" contextid="1556" timestamp="2020-09-11T12:53:12.065">
  <scavenger-info tenureage="3" tenuremask="7ff8" tiltratio="85" />
  <memory-copied type="nursery" objects="3935865" bytes="105941528" bytesdiscarded="168208" />
  <memory-copied type="tenure" objects="1069025" bytes="31441672" bytesdiscarded="8296" />
  <finalization candidates="5" enqueued="0" />
  <ownableSynchronizers candidates="132379" cleared="84019" />
  <references type="soft" candidates="26975" cleared="0" enqueued="0" dynamicThreshold="9" maxThreshold="32" />
  <references type="weak" candidates="469" cleared="68" enqueued="0" />
  <heap-resize type="expand" space="tenure" amount="33554432" count="32" timems="16.033" reason="continue current collection" />
</gc-op>
<gc-end id="1560" type="scavenge" contextid="1556" durationms="129.576" usertimems="914.159" systemtimems="14.067" timestamp="2020-09-11T12:53:12.066" activeThreads="8">
  <mem-info id="1561" free="782461008" total="2294349824" percent="34">
    <mem type="nursery" free="700507472" total="939524096" percent="74">
      <mem type="allocate" free="700507472" total="806748160" percent="86" />
      <mem type="survivor" free="0" total="132775936" percent="0" />
    </mem>
    <mem type="tenure" free="81953536" total="1354825728" percent="6" macro-fragmented="27735676">
      <mem type="soa" free="663296" total="1273535488" percent="0" />
      <mem type="loa" free="81290240" total="81290240" percent="100" />
    </mem>
    <remembered-set count="26707" />
  </mem-info>
</gc-end>
<cycle-end id="1562" type="scavenge" contextid="1556" timestamp="2020-09-11T12:53:12.068" />
<allocation-satisfied id="1563" threadId="00000000008C3100" bytesRequested="24" />
<af-end id="1564" timestamp="2020-09-11T12:53:12.068" threadId="00000000008C3A80" success="true" from="nursery"/>
<exclusive-end id="1565" timestamp="2020-09-11T12:53:12.068" durationms="133.336" />

<exclusive-start id="1566" timestamp="2020-09-11T12:53:13.807" intervalms="1872.462">
  <response-info timems="0.724" idlems="0.662" threads="1" lastid="0000000000863200" lastname="Group1.Backend.CompositeBackend{Tier1}.4" />
</exclusive-start>
<af-start id="1567" threadId="00000000008C3A80" totalBytesRequested="24" timestamp="2020-09-11T12:53:13.808" intervalms="1872.581" type="nursery" />
<cycle-start id="1568" type="scavenge" contextid="0" timestamp="2020-09-11T12:53:13.808" intervalms="1872.613" />
<gc-start id="1569" type="scavenge" contextid="1568" timestamp="2020-09-11T12:53:13.809">
  <mem-info id="1570" free="81952888" total="2294349824" percent="3">
    <mem type="nursery" free="0" total="939524096" percent="0">
      <mem type="allocate" free="0" total="806748160" percent="0" />
      <mem type="survivor" free="0" total="132775936" percent="0" />
    </mem>
    <mem type="tenure" free="81952888" total="1354825728" percent="6">
      <mem type="soa" free="662648" total="1273535488" percent="0" />
      <mem type="loa" free="81290240" total="81290240" percent="100" />
    </mem>
    <remembered-set count="171885" />
  </mem-info>
</gc-start>
<allocation-stats totalBytes="700117856" >
  <allocated-bytes non-tlh="17243472" tlh="682874384" />
  <largest-consumer threadName="Group1.Backend.CompositeBackend{Tier1}.4" threadId="0000000000863200" bytes="103636088" />
</allocation-stats>
<gc-op id="1571" type="scavenge" timems="126.971" contextid="1568" timestamp="2020-09-11T12:53:13.936">
  <scavenger-info tenureage="3" tenuremask="7ff8" tiltratio="85" />
  <memory-copied type="nursery" objects="3997362" bytes="107613544" bytesdiscarded="301776" />
  <memory-copied type="tenure" objects="1017246" bytes="27717160" bytesdiscarded="7008" />
  <finalization candidates="5" enqueued="0" />
  <ownableSynchronizers candidates="126905" cleared="82367" />
  <references type="soft" candidates="24835" cleared="0" enqueued="0" dynamicThreshold="9" maxThreshold="32" />
  <references type="weak" candidates="236" cleared="86" enqueued="0" />
  <heap-resize type="expand" space="tenure" amount="29360128" count="28" timems="9.952" reason="continue current collection" />
</gc-op>
<gc-end id="1572" type="scavenge" contextid="1568" durationms="127.926" usertimems="878.795" systemtimems="26.532" timestamp="2020-09-11T12:53:13.937" activeThreads="8">
  <mem-info id="1573" free="784257200" total="2323709952" percent="33">
    <mem type="nursery" free="700732592" total="939524096" percent="74">
      <mem type="allocate" free="700732592" total="808779776" percent="86" />
      <mem type="survivor" free="0" total="130744320" percent="0" />
    </mem>
    <mem type="tenure" free="83524608" total="1384185856" percent="6" macro-fragmented="0">
      <mem type="soa" free="473088" total="1301134336" percent="0" />
      <mem type="loa" free="83051520" total="83051520" percent="100" />
    </mem>
    <remembered-set count="28072" />
  </mem-info>
</gc-end>
<cycle-end id="1574" type="scavenge" contextid="1568" timestamp="2020-09-11T12:53:13.939" />
<allocation-satisfied id="1575" threadId="00000000008C3100" bytesRequested="24" />
<af-end id="1576" timestamp="2020-09-11T12:53:13.939" threadId="00000000008C3A80" success="true" from="nursery"/>
<exclusive-end id="1577" timestamp="2020-09-11T12:53:13.939" durationms="132.034" />

<exclusive-start id="1578" timestamp="2020-09-11T12:53:15.553" intervalms="1745.976">
  <response-info timems="2.322" idlems="2.322" threads="0" lastid="0000000000863200" lastname="Group1.Backend.CompositeBackend{Tier1}.4" />
</exclusive-start>
<af-start id="1579" threadId="0000000000863B80" totalBytesRequested="32" timestamp="2020-09-11T12:53:15.554" intervalms="1745.867" type="nursery" />
<percolate-collect id="1580" from="nursery" to="global" reason="met projected tenure max free" timestamp="2020-09-11T12:53:15.554"/>
<cycle-start id="1581" type="global" contextid="0" timestamp="2020-09-11T12:53:15.554" intervalms="54241.535" />
<gc-start id="1582" type="global" contextid="1581" timestamp="2020-09-11T12:53:15.555">
  <mem-info id="1583" free="83523744" total="2323709952" percent="3">
    <mem type="nursery" free="0" total="939524096" percent="0">
      <mem type="allocate" free="0" total="808779776" percent="0" />
      <mem type="survivor" free="0" total="130744320" percent="0" />
    </mem>
    <mem type="tenure" free="83523744" total="1384185856" percent="6">
      <mem type="soa" free="472224" total="1301134336" percent="0" />
      <mem type="loa" free="83051520" total="83051520" percent="100" />
    </mem>
    <remembered-set count="169306" />
  </mem-info>
</gc-start>
<allocation-stats totalBytes="700353288" >
  <allocated-bytes non-tlh="36484472" tlh="663868816" />
  <largest-consumer threadName="Group1.Backend.CompositeBackend{Tier1}.4" threadId="0000000000863200" bytes="124663760" />
</allocation-stats>
<gc-op id="1584" type="mark" timems="518.927" contextid="1581" timestamp="2020-09-11T12:53:16.074">
  <trace-info objectcount="29962311" scancount="28999107" scanbytes="794938388" />
  <finalization candidates="133" enqueued="0" />
  <ownableSynchronizers candidates="529831" cleared="67882" />
  <references type="soft" candidates="601279" cleared="837" enqueued="828" dynamicThreshold="9" maxThreshold="32" />
  <references type="weak" candidates="4610" cleared="390" enqueued="296" />
  <references type="phantom" candidates="108" cleared="0" enqueued="0" />
  <stringconstants candidates="11192" cleared="47"  />
</gc-op>
<gc-op id="1585" type="classunload" timems="1.995" contextid="1581" timestamp="2020-09-11T12:53:16.076">
  <classunload-info classloadercandidates="194" classloadersunloaded="26" classesunloaded="26" anonymousclassesunloaded="0" quiescems="0.000" setupms="1.798" scanms="0.163" postms="0.034" />
</gc-op>
<gc-op id="1586" type="sweep" timems="15.175" contextid="1581" timestamp="2020-09-11T12:53:16.091" />
<gc-end id="1587" type="global" contextid="1581" durationms="537.111" usertimems="3972.895" systemtimems="15.372" timestamp="2020-09-11T12:53:16.092" activeThreads="8">
  <mem-info id="1588" free="1277541808" total="2323709952" percent="54">
    <mem type="nursery" free="619458752" total="939524096" percent="65">
      <mem type="allocate" free="619458752" total="808779776" percent="76" />
      <mem type="survivor" free="0" total="130744320" percent="0" />
    </mem>
    <mem type="tenure" free="658083056" total="1384185856" percent="47" micro-fragmented="5068874" macro-fragmented="3145752">
      <mem type="soa" free="575031536" total="1301134336" percent="44" />
      <mem type="loa" free="83051520" total="83051520" percent="100" />
    </mem>
    <pending-finalizers system="0" default="0" reference="1124" classloader="0" />
    <remembered-set count="164817" />
  </mem-info>
</gc-end>
<cycle-end id="1589" type="global" contextid="1581" timestamp="2020-09-11T12:53:16.094" />
<allocation-satisfied id="1590" threadId="0000000000863200" bytesRequested="32" />
<af-end id="1591" timestamp="2020-09-11T12:53:16.094" threadId="0000000000863B80" success="true" from="nursery"/>
<exclusive-end id="1592" timestamp="2020-09-11T12:53:16.094" durationms="540.666" />

<exclusive-start id="1593" timestamp="2020-09-11T12:53:17.155" intervalms="1601.794">
  <response-info timems="0.921" idlems="0.921" threads="0" lastid="000000000086AF00" lastname="Group1.Backend.CompositeBackend{Tier1}.5" />
</exclusive-start>
<af-start id="1594" threadId="000000000086B880" totalBytesRequested="524296" timestamp="2020-09-11T12:53:17.156" intervalms="1601.854" type="nursery" />
<cycle-start id="1595" type="scavenge" contextid="0" timestamp="2020-09-11T12:53:17.156" intervalms="3347.697" />
<gc-start id="1596" type="scavenge" contextid="1595" timestamp="2020-09-11T12:53:17.157">
  <mem-info id="1597" free="711295920" total="2323709952" percent="30">
    <mem type="nursery" free="53212912" total="939524096" percent="5">
      <mem type="allocate" free="53212912" total="808779776" percent="6" />
      <mem type="survivor" free="0" total="130744320" percent="0" />
    </mem>
    <mem type="tenure" free="658083008" total="1384185856" percent="47">
      <mem type="soa" free="575031488" total="1301134336" percent="44" />
      <mem type="loa" free="83051520" total="83051520" percent="100" />
    </mem>
    <remembered-set count="213742" />
  </mem-info>
</gc-start>
<allocation-stats totalBytes="563184496" >
  <allocated-bytes non-tlh="28512920" tlh="534671576" />
  <largest-consumer threadName="Group1.Backend.CompositeBackend{Tier1}.1" threadId="000000000078C200" bytes="96258136" />
</allocation-stats>
<gc-op id="1598" type="scavenge" timems="131.480" contextid="1595" timestamp="2020-09-11T12:53:17.288">
  <scavenger-info tenureage="3" tenuremask="7ff8" tiltratio="86" />
  <memory-copied type="nursery" objects="4928851" bytes="130528968" bytesdiscarded="39200" />
  <memory-copied type="tenure" objects="1409424" bytes="37995184" bytesdiscarded="33376" />
  <copy-failed type="nursery" objects="394656" bytes="10348272" />
  <finalization candidates="6" enqueued="0" />
  <ownableSynchronizers candidates="982303" cleared="935955" />
  <references type="soft" candidates="20509" cleared="0" enqueued="0" dynamicThreshold="15" maxThreshold="32" />
  <references type="weak" candidates="171" cleared="79" enqueued="0" />
</gc-op>
<gc-end id="1599" type="scavenge" contextid="1595" durationms="132.485" usertimems="1000.634" systemtimems="0.000" timestamp="2020-09-11T12:53:17.289" activeThreads="8">
  <mem-info id="1600" free="1233505160" total="2323709952" percent="53">
    <mem type="nursery" free="613679104" total="939524096" percent="65">
      <mem type="allocate" free="613679104" total="744423424" percent="82" />
      <mem type="survivor" free="0" total="195100672" percent="0" />
    </mem>
    <mem type="tenure" free="619826056" total="1384185856" percent="44" macro-fragmented="3145752">
      <mem type="soa" free="536774536" total="1301134336" percent="41" />
      <mem type="loa" free="83051520" total="83051520" percent="100" />
    </mem>
    <remembered-set count="37921" />
  </mem-info>
</gc-end>
<cycle-end id="1601" type="scavenge" contextid="1595" timestamp="2020-09-11T12:53:17.291" />
<allocation-satisfied id="1602" threadId="000000000086AF00" bytesRequested="524296" />
<af-end id="1603" timestamp="2020-09-11T12:53:17.292" threadId="000000000086B880" success="true" from="nursery"/>
<exclusive-end id="1604" timestamp="2020-09-11T12:53:17.292" durationms="136.418" />

<exclusive-start id="1605" timestamp="2020-09-11T12:53:18.794" intervalms="1638.495">
  <response-info timems="0.342" idlems="0.221" threads="2" lastid="000000000088B400" lastname="Group1.Backend.CompositeBackend{Tier1}.6" />
</exclusive-start>
<af-start id="1606" threadId="00000000007EC180" totalBytesRequested="336" timestamp="2020-09-11T12:53:18.794" intervalms="1638.517" type="nursery" />
<cycle-start id="1607" type="scavenge" contextid="0" timestamp="2020-09-11T12:53:18.795" intervalms="1638.534" />
<gc-start id="1608" type="scavenge" contextid="1607" timestamp="2020-09-11T12:53:18.795">
  <mem-info id="1609" free="619826056" total="2323709952" percent="26">
    <mem type="nursery" free="0" total="939524096" percent="0">
      <mem type="allocate" free="0" total="744423424" percent="0" />
      <mem type="survivor" free="0" total="195100672" percent="0" />
    </mem>
    <mem type="tenure" free="619826056" total="1384185856" percent="44">
      <mem type="soa" free="536774536" total="1301134336" percent="41" />
      <mem type="loa" free="83051520" total="83051520" percent="100" />
    </mem>
    <remembered-set count="179657" />
  </mem-info>
</gc-start>
<allocation-stats totalBytes="613332528" >
  <allocated-bytes non-tlh="25573656" tlh="587758872" />
  <largest-consumer threadName="Group1.Backend.CompositeBackend{Tier1}.5" threadId="000000000086AF00" bytes="85909672" />
</allocation-stats>
<gc-op id="1610" type="scavenge" timems="104.990" contextid="1607" timestamp="2020-09-11T12:53:18.901">
  <scavenger-info tenureage="3" tenuremask="7ff8" tiltratio="79" />
  <memory-copied type="nursery" objects="4587638" bytes="123083856" bytesdiscarded="243312" />
  <memory-copied type="tenure" objects="880246" bytes="23925200" bytesdiscarded="21352" />
  <finalization candidates="4" enqueued="0" />
  <ownableSynchronizers candidates="91621" cleared="52074" />
  <references type="soft" candidates="18992" cleared="0" enqueued="0" dynamicThreshold="15" maxThreshold="32" />
  <references type="weak" candidates="179" cleared="101" enqueued="0" />
</gc-op>
<gc-end id="1611" type="scavenge" contextid="1607" durationms="105.888" usertimems="782.835" systemtimems="0.000" timestamp="2020-09-11T12:53:18.901" activeThreads="8">
  <mem-info id="1612" free="1224242888" total="2323709952" percent="52">
    <mem type="nursery" free="628446448" total="939524096" percent="66">
      <mem type="allocate" free="628446448" total="751894528" percent="83" />
      <mem type="survivor" free="0" total="187629568" percent="0" />
    </mem>
    <mem type="tenure" free="595796440" total="1384185856" percent="43" macro-fragmented="0">
      <mem type="soa" free="512744920" total="1301134336" percent="39" />
      <mem type="loa" free="83051520" total="83051520" percent="100" />
    </mem>
    <remembered-set count="38831" />
  </mem-info>
</gc-end>
<cycle-end id="1613" type="scavenge" contextid="1607" timestamp="2020-09-11T12:53:18.904" />
<allocation-satisfied id="1614" threadId="00000000007EB800" bytesRequested="336" />
<af-end id="1615" timestamp="2020-09-11T12:53:18.904" threadId="00000000007EC180" success="true" from="nursery"/>
<exclusive-end id="1616" timestamp="2020-09-11T12:53:18.904" durationms="110.536" />

<exclusive-start id="1617" timestamp="2020-09-11T12:53:20.511" intervalms="1717.627">
  <response-info timems="0.443" idlems="0.443" threads="0" lastid="00000000008C3100" lastname="Group1.Backend.CompositeBackend{Tier1}.7" />
</exclusive-start>
<af-start id="1618" threadId="00000000008C3A80" totalBytesRequested="400" timestamp="2020-09-11T12:53:20.512" intervalms="1717.526" type="nursery" />
<cycle-start id="1619" type="scavenge" contextid="0" timestamp="2020-09-11T12:53:20.512" intervalms="1717.511" />
<gc-start id="1620" type="scavenge" contextid="1619" timestamp="2020-09-11T12:53:20.513">
  <mem-info id="1621" free="595796440" total="2323709952" percent="25">
    <mem type="nursery" free="0" total="939524096" percent="0">
      <mem type="allocate" free="0" total="751894528" percent="0" />
      <mem type="survivor" free="0" total="187629568" percent="0" />
    </mem>
    <mem type="tenure" free="595796440" total="1384185856" percent="43">
      <mem type="soa" free="512744920" total="1301134336" percent="39" />
      <mem type="loa" free="83051520" total="83051520" percent="100" />
    </mem>
    <remembered-set count="182581" />
  </mem-info>
</gc-start>
<allocation-stats totalBytes="628110952" >
  <allocated-bytes non-tlh="26107416" tlh="602003536" />
  <largest-consumer threadName="Group1.Backend.CompositeBackend{Tier1}.6" threadId="000000000088B400" bytes="107291992" />
</allocation-stats>
<gc-op id="1622" type="scavenge" timems="179.847" contextid="1619" timestamp="2020-09-11T12:53:20.693">
  <scavenger-info tenureage="3" tenuremask="7ff8" tiltratio="80" />
  <memory-copied type="nursery" objects="4762684" bytes="127013872" bytesdiscarded="313816" />
  <memory-copied type="tenure" objects="969733" bytes="26469144" bytesdiscarded="28240" />
  <finalization candidates="4" enqueued="0" />
  <ownableSynchronizers candidates="85100" cleared="49665" />
  <references type="soft" candidates="17390" cleared="0" enqueued="0" dynamicThreshold="15" maxThreshold="32" />
  <references type="weak" candidates="133" cleared="102" enqueued="0" />
</gc-op>
<gc-end id="1623" type="scavenge" contextid="1619" durationms="181.645" usertimems="1245.691" systemtimems="27.616" timestamp="2020-09-11T12:53:20.694" activeThreads="8">
  <mem-info id="1624" free="1201831984" total="2323709952" percent="51">
    <mem type="nursery" free="632643616" total="939524096" percent="67">
      <mem type="allocate" free="632643616" total="760086528" percent="83" />
      <mem type="survivor" free="0" total="179437568" percent="0" />
    </mem>
    <mem type="tenure" free="569188368" total="1384185856" percent="41" macro-fragmented="2368031">
      <mem type="soa" free="486136848" total="1301134336" percent="37" />
      <mem type="loa" free="83051520" total="83051520" percent="100" />
    </mem>
    <remembered-set count="38948" />
  </mem-info>
</gc-end>
<cycle-end id="1625" type="scavenge" contextid="1619" timestamp="2020-09-11T12:53:20.698" />
<allocation-satisfied id="1626" threadId="00000000008C3100" bytesRequested="400" />
<af-end id="1627" timestamp="2020-09-11T12:53:20.698" threadId="00000000008C3A80" success="true" from="nursery"/>
<exclusive-end id="1628" timestamp="2020-09-11T12:53:20.698" durationms="187.214" />

<exclusive-start id="1629" timestamp="2020-09-11T12:53:22.283" intervalms="1771.824">
  <response-info timems="0.746" idlems="0.746" threads="0" lastid="000000000078C200" lastname="Group1.Backend.CompositeBackend{Tier1}.1" />
</exclusive-start>
<af-start id="1630" threadId="000000000078CB80" totalBytesRequested="24" timestamp="2020-09-11T12:53:22.284" intervalms="1771.989" type="nursery" />
<cycle-start id="1631" type="scavenge" contextid="0" timestamp="2020-09-11T12:53:22.284" intervalms="1772.021" />
<gc-start id="1632" type="scavenge" contextid="1631" timestamp="2020-09-11T12:53:22.285">
  <mem-info id="1633" free="569188368" total="2323709952" percent="24">
    <mem type="nursery" free="0" total="939524096" percent="0">
      <mem type="allocate" free="0" total="760086528" percent="0" />
      <mem type="survivor" free="0" total="179437568" percent="0" />
    </mem>
    <mem type="tenure" free="569188368" total="1384185856" percent="41">
      <mem type="soa" free="486136848" total="1301134336" percent="37" />
      <mem type="loa" free="83051520" total="83051520" percent="100" />
    </mem>
    <remembered-set count="183982" />
  </mem-info>
</gc-start>
<allocation-stats totalBytes="632300600" >
  <allocated-bytes non-tlh="31705064" tlh="600595536" />
  <largest-consumer threadName="Group1.Backend.CompositeBackend{Tier1}.7" threadId="00000000008C3100" bytes="108765304" />
</allocation-stats>
<gc-op id="1634" type="scavenge" timems="135.320" contextid="1631" timestamp="2020-09-11T12:53:22.420">
  <scavenger-info tenureage="3" tenuremask="7ff8" tiltratio="80" />
  <memory-copied type="nursery" objects="4136701" bytes="109157176" bytesdiscarded="261712" />
  <memory-copied type="tenure" objects="1768321" bytes="47890304" bytesdiscarded="89112" />
  <finalization candidates="4" enqueued="0" />
  <ownableSynchronizers candidates="76449" cleared="45441" />
  <references type="soft" candidates="13885" cleared="0" enqueued="0" dynamicThreshold="15" maxThreshold="32" />
  <references type="weak" candidates="116" cleared="95" enqueued="0" />
</gc-op>
<gc-end id="1635" type="scavenge" contextid="1631" durationms="136.360" usertimems="1036.859" systemtimems="6.670" timestamp="2020-09-11T12:53:22.421" activeThreads="8">
  <mem-info id="1636" free="1179331048" total="2323709952" percent="50">
    <mem type="nursery" free="657971168" total="939524096" percent="70">
      <mem type="allocate" free="657971168" total="767492096" percent="85" />
      <mem type="survivor" free="0" total="172032000" percent="0" />
    </mem>
    <mem type="tenure" free="521359880" total="1384185856" percent="37" macro-fragmented="56347">
      <mem type="soa" free="438308360" total="1301134336" percent="33" />
      <mem type="loa" free="83051520" total="83051520" percent="100" />
    </mem>
    <remembered-set count="31968" />
  </mem-info>
</gc-end>
<cycle-end id="1637" type="scavenge" contextid="1631" timestamp="2020-09-11T12:53:22.424" />
<allocation-satisfied id="1638" threadId="000000000078C200" bytesRequested="24" />
<af-end id="1639" timestamp="2020-09-11T12:53:22.424" threadId="000000000078CB80" success="true" from="nursery"/>
<exclusive-end id="1640" timestamp="2020-09-11T12:53:22.424" durationms="141.068" />

<exclusive-start id="1641" timestamp="2020-09-11T12:53:24.147" intervalms="1863.973">
  <response-info timems="0.570" idlems="0.570" threads="0" lastid="0000000000819400" lastname="Group1.Backend.CompositeBackend{Tier1}.3" />
</exclusive-start>
<af-start id="1642" threadId="0000000000819D80" totalBytesRequested="24" timestamp="2020-09-11T12:53:24.148" intervalms="1864.625" type="nursery" />
<cycle-start id="1643" type="scavenge" contextid="0" timestamp="2020-09-11T12:53:24.149" intervalms="1864.821" />
<gc-start id="1644" type="scavenge" contextid="1643" timestamp="2020-09-11T12:53:24.150">
  <mem-info id="1645" free="521359448" total="2323709952" percent="22">
    <mem type="nursery" free="0" total="939524096" percent="0">
      <mem type="allocate" free="0" total="767492096" percent="0" />
      <mem type="survivor" free="0" total="172032000" percent="0" />
    </mem>
    <mem type="tenure" free="521359448" total="1384185856" percent="37">
      <mem type="soa" free="438307928" total="1301134336" percent="33" />
      <mem type="loa" free="83051520" total="83051520" percent="100" />
    </mem>
    <remembered-set count="182724" />
  </mem-info>
</gc-start>
<allocation-stats totalBytes="657625912" >
  <allocated-bytes non-tlh="30877472" tlh="626748440" />
  <largest-consumer threadName="Group1.Backend.CompositeBackend{Tier1}.1" threadId="000000000078C200" bytes="116925304" />
</allocation-stats>
<gc-op id="1646" type="scavenge" timems="118.067" contextid="1643" timestamp="2020-09-11T12:53:24.268">
  <scavenger-info tenureage="3" tenuremask="7ff8" tiltratio="81" />
  <memory-copied type="nursery" objects="4092610" bytes="108472664" bytesdiscarded="241144" />
  <memory-copied type="tenure" objects="1015114" bytes="27363816" bytesdiscarded="33256" />
  <ownableSynchronizers candidates="66642" cleared="43527" />
  <references type="soft" candidates="13061" cleared="0" enqueued="0" dynamicThreshold="15" maxThreshold="32" />
  <references type="weak" candidates="133" cleared="113" enqueued="0" />
</gc-op>
<gc-end id="1647" type="scavenge" contextid="1643" durationms="119.318" usertimems="904.648" systemtimems="0.000" timestamp="2020-09-11T12:53:24.269" activeThreads="8">
  <mem-info id="1648" free="1162583056" total="2323709952" percent="50">
    <mem type="nursery" free="668636128" total="939524096" percent="71">
      <mem type="allocate" free="668636128" total="777453568" percent="86" />
      <mem type="survivor" free="0" total="162070528" percent="0" />
    </mem>
    <mem type="tenure" free="493946928" total="1384185856" percent="35" macro-fragmented="201903">
      <mem type="soa" free="410895408" total="1301134336" percent="31" />
      <mem type="loa" free="83051520" total="83051520" percent="100" />
    </mem>
    <remembered-set count="32359" />
  </mem-info>
</gc-end>
<cycle-end id="1649" type="scavenge" contextid="1643" timestamp="2020-09-11T12:53:24.271" />
<allocation-satisfied id="1650" threadId="0000000000819400" bytesRequested="24" />
<af-end id="1651" timestamp="2020-09-11T12:53:24.271" threadId="0000000000819D80" success="true" from="nursery"/>
<exclusive-end id="1652" timestamp="2020-09-11T12:53:24.271" durationms="123.621" />

<exclusive-start id="1653" timestamp="2020-09-11T12:53:26.117" intervalms="1969.973">
  <response-info timems="1.203" idlems="1.203" threads="0" lastid="000000000088B400" lastname="Group1.Backend.CompositeBackend{Tier1}.6" />
</exclusive-start>
<af-start id="1654" threadId="000000000088BD80" totalBytesRequested="40" timestamp="2020-09-11T12:53:26.118" intervalms="1970.008" type="nursery" />
<cycle-start id="1655" type="scavenge" contextid="0" timestamp="2020-09-11T12:53:26.119" intervalms="1969.818" />
<gc-start id="1656" type="scavenge" contextid="1655" timestamp="2020-09-11T12:53:26.120">
  <mem-info id="1657" free="493946928" total="2323709952" percent="21">
    <mem type="nursery" free="0" total="939524096" percent="0">
      <mem type="allocate" free="0" total="777453568" percent="0" />
      <mem type="survivor" free="0" total="162070528" percent="0" />
    </mem>
    <mem type="tenure" free="493946928" total="1384185856" percent="35">
      <mem type="soa" free="410895408" total="1301134336" percent="31" />
      <mem type="loa" free="83051520" total="83051520" percent="100" />
    </mem>
    <remembered-set count="186571" />
  </mem-info>
</gc-start>
<allocation-stats totalBytes="668276280" >
  <allocated-bytes non-tlh="26099808" tlh="642176472" />
  <largest-consumer threadName="Group1.Backend.CompositeBackend{Tier1}.7" threadId="00000000008C3100" bytes="105674224" />
</allocation-stats>
<gc-op id="1658" type="scavenge" timems="185.794" contextid="1655" timestamp="2020-09-11T12:53:26.306">
  <scavenger-info tenureage="3" tenuremask="7ff8" tiltratio="82" />
  <memory-copied type="nursery" objects="4081122" bytes="109236184" bytesdiscarded="286768" />
  <memory-copied type="tenure" objects="1008599" bytes="27190128" bytesdiscarded="51152" />
  <ownableSynchronizers candidates="64020" cleared="42108" />
  <references type="soft" candidates="12329" cleared="0" enqueued="0" dynamicThreshold="15" maxThreshold="32" />
  <references type="weak" candidates="134" cleared="111" enqueued="0" />
</gc-op>
<gc-end id="1659" type="scavenge" contextid="1655" durationms="187.447" usertimems="1185.958" systemtimems="36.487" timestamp="2020-09-11T12:53:26.307" activeThreads="8">
  <mem-info id="1660" free="1142190816" total="2323709952" percent="49">
    <mem type="nursery" free="675624648" total="939524096" percent="71">
      <mem type="allocate" free="675624648" total="785252352" percent="86" />
      <mem type="survivor" free="0" total="154271744" percent="0" />
    </mem>
    <mem type="tenure" free="466566168" total="1384185856" percent="33" macro-fragmented="4194336">
      <mem type="soa" free="383514648" total="1301134336" percent="29" />
      <mem type="loa" free="83051520" total="83051520" percent="100" />
    </mem>
    <remembered-set count="33246" />
  </mem-info>
</gc-end>
<cycle-end id="1661" type="scavenge" contextid="1655" timestamp="2020-09-11T12:53:26.316" />
<allocation-satisfied id="1662" threadId="000000000088B400" bytesRequested="40" />
<af-end id="1663" timestamp="2020-09-11T12:53:26.316" threadId="000000000088BD80" success="true" from="nursery"/>
<exclusive-end id="1664" timestamp="2020-09-11T12:53:26.317" durationms="200.080" />

<exclusive-start id="1665" timestamp="2020-09-11T12:53:28.118" intervalms="2000.663">
  <response-info timems="11.429" idlems="11.429" threads="0" lastid="000000000086AF00" lastname="Group1.Backend.CompositeBackend{Tier1}.5" />
</exclusive-start>
<af-start id="1666" threadId="000000000086B880" totalBytesRequested="24" timestamp="2020-09-11T12:53:28.119" intervalms="2000.361" type="nursery" />
<cycle-start id="1667" type="scavenge" contextid="0" timestamp="2020-09-11T12:53:28.119" intervalms="2000.535" />
<gc-start id="1668" type="scavenge" contextid="1667" timestamp="2020-09-11T12:53:28.120">
  <mem-info id="1669" free="466566168" total="2323709952" percent="20">
    <mem type="nursery" free="0" total="939524096" percent="0">
      <mem type="allocate" free="0" total="785252352" percent="0" />
      <mem type="survivor" free="0" total="154271744" percent="0" />
    </mem>
    <mem type="tenure" free="466566168" total="1384185856" percent="33">
      <mem type="soa" free="383514648" total="1301134336" percent="29" />
      <mem type="loa" free="83051520" total="83051520" percent="100" />
    </mem>
    <remembered-set count="186320" />
  </mem-info>
</gc-start>
<allocation-stats totalBytes="675259864" >
  <allocated-bytes non-tlh="31725160" tlh="643534704" />
  <largest-consumer threadName="Group1.Backend.CompositeBackend{Tier1}.2" threadId="00000000007EB800" bytes="111854536" />
</allocation-stats>
<gc-op id="1670" type="scavenge" timems="145.461" contextid="1667" timestamp="2020-09-11T12:53:28.266">
  <scavenger-info tenureage="3" tenuremask="7ff8" tiltratio="83" />
  <memory-copied type="nursery" objects="4211301" bytes="112857008" bytesdiscarded="522336" />
  <memory-copied type="tenure" objects="1003595" bytes="27024736" bytesdiscarded="24296" />
  <ownableSynchronizers candidates="59398" cleared="38808" />
  <references type="soft" candidates="11697" cleared="0" enqueued="0" dynamicThreshold="15" maxThreshold="32" />
  <references type="weak" candidates="121" cleared="104" enqueued="0" />
</gc-op>
<gc-end id="1671" type="scavenge" contextid="1667" durationms="146.976" usertimems="1044.642" systemtimems="12.811" timestamp="2020-09-11T12:53:28.267" activeThreads="8">
  <mem-info id="1672" free="1115987232" total="2323709952" percent="48">
    <mem type="nursery" free="676488088" total="939524096" percent="72">
      <mem type="allocate" free="676488088" total="789970944" percent="85" />
      <mem type="survivor" free="0" total="149553152" percent="0" />
    </mem>
    <mem type="tenure" free="439499144" total="1384185856" percent="31" macro-fragmented="800016">
      <mem type="soa" free="356447624" total="1301134336" percent="27" />
      <mem type="loa" free="83051520" total="83051520" percent="100" />
    </mem>
    <remembered-set count="31165" />
  </mem-info>
</gc-end>
<cycle-end id="1673" type="scavenge" contextid="1667" timestamp="2020-09-11T12:53:28.270" />
<allocation-satisfied id="1674" threadId="000000000086AF00" bytesRequested="24" />
<af-end id="1675" timestamp="2020-09-11T12:53:28.270" threadId="000000000086B880" success="true" from="nursery"/>
<exclusive-end id="1676" timestamp="2020-09-11T12:53:28.270" durationms="152.783" />

<exclusive-start id="1677" timestamp="2020-09-11T12:53:30.082" intervalms="1964.153">
  <response-info timems="0.328" idlems="0.328" threads="0" lastid="000000000088B400" lastname="Group1.Backend.CompositeBackend{Tier1}.6" />
</exclusive-start>
<af-start id="1678" threadId="000000000088BD80" totalBytesRequested="40" timestamp="2020-09-11T12:53:30.082" intervalms="1963.592" type="nursery" />
<cycle-start id="1679" type="scavenge" contextid="0" timestamp="2020-09-11T12:53:30.083" intervalms="1963.373" />
<gc-start id="1680" type="scavenge" contextid="1679" timestamp="2020-09-11T12:53:30.083">
  <mem-info id="1681" free="439499144" total="2323709952" percent="18">
    <mem type="nursery" free="0" total="939524096" percent="0">
      <mem type="allocate" free="0" total="789970944" percent="0" />
      <mem type="survivor" free="0" total="149553152" percent="0" />
    </mem>
    <mem type="tenure" free="439499144" total="1384185856" percent="31">
      <mem type="soa" free="356447624" total="1301134336" percent="27" />
      <mem type="loa" free="83051520" total="83051520" percent="100" />
    </mem>
    <remembered-set count="186471" />
  </mem-info>
</gc-start>
<allocation-stats totalBytes="676130848" >
  <allocated-bytes non-tlh="27276904" tlh="648853944" />
  <largest-consumer threadName="Group1.Backend.CompositeBackend{Tier1}.5" threadId="000000000086AF00" bytes="92263280" />
</allocation-stats>
<gc-op id="1682" type="scavenge" timems="115.894" contextid="1679" timestamp="2020-09-11T12:53:30.199">
  <scavenger-info tenureage="3" tenuremask="7ff8" tiltratio="84" />
  <memory-copied type="nursery" objects="4087089" bytes="110210904" bytesdiscarded="139512" />
  <memory-copied type="tenure" objects="1059127" bytes="28546240" bytesdiscarded="22544" />
  <finalization candidates="3" enqueued="0" />
  <ownableSynchronizers candidates="56560" cleared="36993" />
  <references type="soft" candidates="11055" cleared="0" enqueued="0" dynamicThreshold="15" maxThreshold="32" />
  <references type="weak" candidates="129" cleared="121" enqueued="0" />
</gc-op>
<gc-end id="1683" type="scavenge" contextid="1679" durationms="116.919" usertimems="850.760" systemtimems="5.655" timestamp="2020-09-11T12:53:30.200" activeThreads="8">
  <mem-info id="1684" free="1095105024" total="2323709952" percent="47">
    <mem type="nursery" free="684170488" total="939524096" percent="72">
      <mem type="allocate" free="684170488" total="794624000" percent="86" />
      <mem type="survivor" free="0" total="144900096" percent="0" />
    </mem>
    <mem type="tenure" free="410934536" total="1384185856" percent="29" macro-fragmented="10920">
      <mem type="soa" free="327883016" total="1301134336" percent="25" />
      <mem type="loa" free="83051520" total="83051520" percent="100" />
    </mem>
    <remembered-set count="30168" />
  </mem-info>
</gc-end>
<cycle-end id="1685" type="scavenge" contextid="1679" timestamp="2020-09-11T12:53:30.203" />
<allocation-satisfied id="1686" threadId="000000000088B400" bytesRequested="40" />
<af-end id="1687" timestamp="2020-09-11T12:53:30.204" threadId="000000000088BD80" success="true" from="nursery"/>
<exclusive-end id="1688" timestamp="2020-09-11T12:53:30.204" durationms="121.734" />

<exclusive-start id="1689" timestamp="2020-09-11T12:53:32.027" intervalms="1944.642">
  <response-info timems="2.399" idlems="2.399" threads="0" lastid="000000000088B400" lastname="Group1.Backend.CompositeBackend{Tier1}.6" />
</exclusive-start>
<af-start id="1690" threadId="000000000088BD80" totalBytesRequested="16" timestamp="2020-09-11T12:53:32.028" intervalms="1945.242" type="nursery" />
<cycle-start id="1691" type="scavenge" contextid="0" timestamp="2020-09-11T12:53:32.028" intervalms="1945.381" />
<gc-start id="1692" type="scavenge" contextid="1691" timestamp="2020-09-11T12:53:32.029">
  <mem-info id="1693" free="410934536" total="2323709952" percent="17">
    <mem type="nursery" free="0" total="939524096" percent="0">
      <mem type="allocate" free="0" total="794624000" percent="0" />
      <mem type="survivor" free="0" total="144900096" percent="0" />
    </mem>
    <mem type="tenure" free="410934536" total="1384185856" percent="29">
      <mem type="soa" free="327883016" total="1301134336" percent="25" />
      <mem type="loa" free="83051520" total="83051520" percent="100" />
    </mem>
    <remembered-set count="186546" />
  </mem-info>
</gc-start>
<allocation-stats totalBytes="683813160" >
  <allocated-bytes non-tlh="29465104" tlh="654348056" />
  <largest-consumer threadName="Group1.Backend.CompositeBackend{Tier1}.8" threadId="00000000008DD200" bytes="104789408" />
</allocation-stats>
<gc-op id="1694" type="scavenge" timems="139.062" contextid="1691" timestamp="2020-09-11T12:53:32.169">
  <scavenger-info tenureage="3" tenuremask="7ff8" tiltratio="84" />
  <memory-copied type="nursery" objects="4499839" bytes="118641464" bytesdiscarded="214152" />
  <memory-copied type="tenure" objects="1109817" bytes="30442264" bytesdiscarded="36856" />
  <finalization candidates="3" enqueued="0" />
  <ownableSynchronizers candidates="51406" cleared="33099" />
  <references type="soft" candidates="10208" cleared="0" enqueued="0" dynamicThreshold="15" maxThreshold="32" />
  <references type="weak" candidates="92" cleared="91" enqueued="0" />
</gc-op>
<gc-end id="1695" type="scavenge" contextid="1691" durationms="140.548" usertimems="1047.794" systemtimems="8.403" timestamp="2020-09-11T12:53:32.170" activeThreads="8">
  <mem-info id="1696" free="1058227168" total="2323709952" percent="45">
    <mem type="nursery" free="677699080" total="939524096" percent="72">
      <mem type="allocate" free="677699080" total="796655616" percent="85" />
      <mem type="survivor" free="0" total="142868480" percent="0" />
    </mem>
    <mem type="tenure" free="380528088" total="1384185856" percent="27" macro-fragmented="0">
      <mem type="soa" free="297476568" total="1301134336" percent="22" />
      <mem type="loa" free="83051520" total="83051520" percent="100" />
    </mem>
    <remembered-set count="31528" />
  </mem-info>
</gc-end>
<cycle-end id="1697" type="scavenge" contextid="1691" timestamp="2020-09-11T12:53:32.175" />
<allocation-satisfied id="1698" threadId="000000000088B400" bytesRequested="16" />
<af-end id="1699" timestamp="2020-09-11T12:53:32.175" threadId="000000000088BD80" success="true" from="nursery"/>
<exclusive-end id="1700" timestamp="2020-09-11T12:53:32.175" durationms="148.465" />

<exclusive-start id="1701" timestamp="2020-09-11T12:53:34.022" intervalms="1995.153">
  <response-info timems="12.021" idlems="12.021" threads="0" lastid="000000000078C200" lastname="Group1.Backend.CompositeBackend{Tier1}.1" />
</exclusive-start>
<af-start id="1702" threadId="000000000078CB80" totalBytesRequested="16" timestamp="2020-09-11T12:53:34.023" intervalms="1994.999" type="nursery" />
<cycle-start id="1703" type="scavenge" contextid="0" timestamp="2020-09-11T12:53:34.023" intervalms="1995.068" />
<gc-start id="1704" type="scavenge" contextid="1703" timestamp="2020-09-11T12:53:34.024">
  <mem-info id="1705" free="380528088" total="2323709952" percent="16">
    <mem type="nursery" free="0" total="939524096" percent="0">
      <mem type="allocate" free="0" total="796655616" percent="0" />
      <mem type="survivor" free="0" total="142868480" percent="0" />
    </mem>
    <mem type="tenure" free="380528088" total="1384185856" percent="27">
      <mem type="soa" free="297476568" total="1301134336" percent="22" />
      <mem type="loa" free="83051520" total="83051520" percent="100" />
    </mem>
    <remembered-set count="186348" />
  </mem-info>
</gc-start>
<allocation-stats totalBytes="677363672" >
  <allocated-bytes non-tlh="36703864" tlh="640659808" />
  <largest-consumer threadName="Group1.Backend.CompositeBackend{Tier1}.6" threadId="000000000088B400" bytes="131243008" />
</allocation-stats>
<gc-op id="1706" type="scavenge" timems="137.898" contextid="1703" timestamp="2020-09-11T12:53:34.162">
  <scavenger-info tenureage="3" tenuremask="7ff8" tiltratio="84" />
  <memory-copied type="nursery" objects="4032858" bytes="108376768" bytesdiscarded="186400" />
  <memory-copied type="tenure" objects="1083933" bytes="29219008" bytesdiscarded="40848" />
  <finalization candidates="3" enqueued="0" />
  <ownableSynchronizers candidates="47408" cleared="30509" />
  <references type="soft" candidates="9435" cleared="0" enqueued="0" dynamicThreshold="15" maxThreshold="32" />
  <references type="weak" candidates="125" cleared="117" enqueued="0" />
</gc-op>
<gc-end id="1707" type="scavenge" contextid="1703" durationms="139.460" usertimems="1003.651" systemtimems="14.281" timestamp="2020-09-11T12:53:34.163" activeThreads="8">
  <mem-info id="1708" free="1041182672" total="2323709952" percent="44">
    <mem type="nursery" free="689958144" total="939524096" percent="73">
      <mem type="allocate" free="689958144" total="798621696" percent="86" />
      <mem type="survivor" free="0" total="140902400" percent="0" />
    </mem>
    <mem type="tenure" free="351224528" total="1384185856" percent="25" macro-fragmented="1280544">
      <mem type="soa" free="268173008" total="1301134336" percent="20" />
      <mem type="loa" free="83051520" total="83051520" percent="100" />
    </mem>
    <remembered-set count="32371" />
  </mem-info>
</gc-end>
<cycle-end id="1709" type="scavenge" contextid="1703" timestamp="2020-09-11T12:53:34.165" />
<allocation-satisfied id="1710" threadId="000000000078C200" bytesRequested="16" />
<af-end id="1711" timestamp="2020-09-11T12:53:34.165" threadId="000000000078CB80" success="true" from="nursery"/>
<exclusive-end id="1712" timestamp="2020-09-11T12:53:34.165" durationms="143.738" />

<exclusive-start id="1713" timestamp="2020-09-11T12:53:35.995" intervalms="1973.335">
  <response-info timems="2.693" idlems="2.693" threads="0" lastid="000000000088B400" lastname="Group1.Backend.CompositeBackend{Tier1}.6" />
</exclusive-start>
<af-start id="1714" threadId="000000000088BD80" totalBytesRequested="32" timestamp="2020-09-11T12:53:35.996" intervalms="1973.355" type="nursery" />
<cycle-start id="1715" type="scavenge" contextid="0" timestamp="2020-09-11T12:53:35.996" intervalms="1973.207" />
<gc-start id="1716" type="scavenge" contextid="1715" timestamp="2020-09-11T12:53:35.997">
  <mem-info id="1717" free="351224528" total="2323709952" percent="15">
    <mem type="nursery" free="0" total="939524096" percent="0">
      <mem type="allocate" free="0" total="798621696" percent="0" />
      <mem type="survivor" free="0" total="140902400" percent="0" />
    </mem>
    <mem type="tenure" free="351224528" total="1384185856" percent="25">
      <mem type="soa" free="268173008" total="1301134336" percent="20" />
      <mem type="loa" free="83051520" total="83051520" percent="100" />
    </mem>
    <remembered-set count="191434" />
  </mem-info>
</gc-start>
<allocation-stats totalBytes="689599072" >
  <allocated-bytes non-tlh="30129016" tlh="659470056" />
  <largest-consumer threadName="Group1.Backend.CompositeBackend{Tier1}.8" threadId="00000000008DD200" bytes="96874352" />
</allocation-stats>
<gc-op id="1718" type="scavenge" timems="137.485" contextid="1715" timestamp="2020-09-11T12:53:36.135">
  <scavenger-info tenureage="3" tenuremask="7ff8" tiltratio="85" />
  <memory-copied type="nursery" objects="4022312" bytes="108056744" bytesdiscarded="424000" />
  <memory-copied type="tenure" objects="1126092" bytes="30377688" bytesdiscarded="31848" />
  <finalization candidates="3" enqueued="0" />
  <ownableSynchronizers candidates="45106" cleared="29353" />
  <references type="soft" candidates="8725" cleared="0" enqueued="0" dynamicThreshold="15" maxThreshold="32" />
  <references type="weak" candidates="124" cleared="116" enqueued="0" />
</gc-op>
<gc-end id="1719" type="scavenge" contextid="1715" durationms="139.210" usertimems="1007.786" systemtimems="10.896" timestamp="2020-09-11T12:53:36.136" activeThreads="8">
  <mem-info id="1720" free="1014739144" total="2323709952" percent="43">
    <mem type="nursery" free="693969144" total="939524096" percent="73">
      <mem type="allocate" free="693969144" total="802553856" percent="86" />
      <mem type="survivor" free="0" total="136970240" percent="0" />
    </mem>
    <mem type="tenure" free="320770000" total="1384185856" percent="23" macro-fragmented="0">
      <mem type="soa" free="237718480" total="1301134336" percent="18" />
      <mem type="loa" free="83051520" total="83051520" percent="100" />
    </mem>
    <remembered-set count="34134" />
  </mem-info>
</gc-end>
<cycle-end id="1721" type="scavenge" contextid="1715" timestamp="2020-09-11T12:53:36.139" />
<allocation-satisfied id="1722" threadId="000000000088B400" bytesRequested="32" />
<af-end id="1723" timestamp="2020-09-11T12:53:36.139" threadId="000000000088BD80" success="true" from="nursery"/>
<exclusive-end id="1724" timestamp="2020-09-11T12:53:36.139" durationms="144.242" />

<exclusive-start id="1725" timestamp="2020-09-11T12:53:38.078" intervalms="2083.426">
  <response-info timems="8.056" idlems="8.056" threads="0" lastid="0000000000819400" lastname="Group1.Backend.CompositeBackend{Tier1}.3" />
</exclusive-start>
<af-start id="1726" threadId="0000000000819D80" totalBytesRequested="24" timestamp="2020-09-11T12:53:38.079" intervalms="2083.072" type="nursery" />
<cycle-start id="1727" type="scavenge" contextid="0" timestamp="2020-09-11T12:53:38.079" intervalms="2083.023" />
<gc-start id="1728" type="scavenge" contextid="1727" timestamp="2020-09-11T12:53:38.080">
  <mem-info id="1729" free="320770000" total="2323709952" percent="13">
    <mem type="nursery" free="0" total="939524096" percent="0">
      <mem type="allocate" free="0" total="802553856" percent="0" />
      <mem type="survivor" free="0" total="136970240" percent="0" />
    </mem>
    <mem type="tenure" free="320770000" total="1384185856" percent="23">
      <mem type="soa" free="237718480" total="1301134336" percent="18" />
      <mem type="loa" free="83051520" total="83051520" percent="100" />
    </mem>
    <remembered-set count="193606" />
  </mem-info>
</gc-start>
<allocation-stats totalBytes="693588744" >
  <allocated-bytes non-tlh="28497944" tlh="665090800" />
  <largest-consumer threadName="Group1.Backend.CompositeBackend{Tier1}.2" threadId="00000000007EB800" bytes="100490360" />
</allocation-stats>
<gc-op id="1730" type="scavenge" timems="96.671" contextid="1727" timestamp="2020-09-11T12:53:38.177">
  <scavenger-info tenureage="3" tenuremask="7ff8" tiltratio="85" />
  <memory-copied type="nursery" objects="4070127" bytes="109366648" bytesdiscarded="219040" />
  <memory-copied type="tenure" objects="1089365" bytes="29333128" bytesdiscarded="29624" />
  <finalization candidates="1" enqueued="0" />
  <ownableSynchronizers candidates="42205" cleared="27588" />
  <references type="soft" candidates="8196" cleared="0" enqueued="0" dynamicThreshold="15" maxThreshold="32" />
  <references type="weak" candidates="111" cleared="94" enqueued="0" />
</gc-op>
<gc-end id="1731" type="scavenge" contextid="1727" durationms="97.898" usertimems="698.157" systemtimems="0.000" timestamp="2020-09-11T12:53:38.178" activeThreads="8">
  <mem-info id="1732" free="986929648" total="2323709952" percent="42">
    <mem type="nursery" free="695424768" total="939524096" percent="74">
      <mem type="allocate" free="695424768" total="805109760" percent="86" />
      <mem type="survivor" free="0" total="134414336" percent="0" />
    </mem>
    <mem type="tenure" free="291504880" total="1384185856" percent="21" macro-fragmented="0">
      <mem type="soa" free="208453360" total="1301134336" percent="16" />
      <mem type="loa" free="83051520" total="83051520" percent="100" />
    </mem>
    <remembered-set count="33832" />
  </mem-info>
</gc-end>
<cycle-end id="1733" type="scavenge" contextid="1727" timestamp="2020-09-11T12:53:38.179" />
<allocation-satisfied id="1734" threadId="0000000000819400" bytesRequested="24" />
<af-end id="1735" timestamp="2020-09-11T12:53:38.179" threadId="0000000000819D80" success="true" from="nursery"/>
<exclusive-end id="1736" timestamp="2020-09-11T12:53:38.179" durationms="100.387" />

<exclusive-start id="1737" timestamp="2020-09-11T12:53:40.159" intervalms="2080.344">
  <response-info timems="0.691" idlems="0.691" threads="0" lastid="00000000008DD200" lastname="Group1.Backend.CompositeBackend{Tier1}.8" />
</exclusive-start>
<af-start id="1738" threadId="00000000008DDB80" totalBytesRequested="680" timestamp="2020-09-11T12:53:40.159" intervalms="2080.295" type="nursery" />
<cycle-start id="1739" type="scavenge" contextid="0" timestamp="2020-09-11T12:53:40.160" intervalms="2080.277" />
<gc-start id="1740" type="scavenge" contextid="1739" timestamp="2020-09-11T12:53:40.160">
  <mem-info id="1741" free="291504160" total="2323709952" percent="12">
    <mem type="nursery" free="0" total="939524096" percent="0">
      <mem type="allocate" free="0" total="805109760" percent="0" />
      <mem type="survivor" free="0" total="134414336" percent="0" />
    </mem>
    <mem type="tenure" free="291504160" total="1384185856" percent="21">
      <mem type="soa" free="208452640" total="1301134336" percent="16" />
      <mem type="loa" free="83051520" total="83051520" percent="100" />
    </mem>
    <remembered-set count="193398" />
  </mem-info>
</gc-start>
<allocation-stats totalBytes="695036272" >
  <allocated-bytes non-tlh="31342200" tlh="663694072" />
  <largest-consumer threadName="Group1.Backend.CompositeBackend{Tier1}.4" threadId="0000000000863200" bytes="115696312" />
</allocation-stats>
<gc-op id="1742" type="scavenge" timems="135.428" contextid="1739" timestamp="2020-09-11T12:53:40.296">
  <scavenger-info tenureage="3" tenuremask="7ff8" tiltratio="85" />
  <memory-copied type="nursery" objects="4509482" bytes="119946880" bytesdiscarded="146712" />
  <memory-copied type="tenure" objects="1066162" bytes="28708720" bytesdiscarded="39624" />
  <finalization candidates="3" enqueued="0" />
  <ownableSynchronizers candidates="38721" cleared="25080" />
  <references type="soft" candidates="7693" cleared="0" enqueued="0" dynamicThreshold="15" maxThreshold="32" />
  <references type="weak" candidates="108" cleared="100" enqueued="0" />
</gc-op>
<gc-end id="1743" type="scavenge" contextid="1739" durationms="139.006" usertimems="970.870" systemtimems="9.586" timestamp="2020-09-11T12:53:40.299" activeThreads="8">
  <mem-info id="1744" free="938087928" total="2323709952" percent="40">
    <mem type="nursery" free="675480136" total="939524096" percent="71">
      <mem type="allocate" free="675480136" total="795672576" percent="84" />
      <mem type="survivor" free="0" total="143851520" percent="0" />
    </mem>
    <mem type="tenure" free="262607792" total="1384185856" percent="18" macro-fragmented="2160235">
      <mem type="soa" free="179556272" total="1301134336" percent="13" />
      <mem type="loa" free="83051520" total="83051520" percent="100" />
    </mem>
    <remembered-set count="32367" />
  </mem-info>
</gc-end>
<cycle-end id="1745" type="scavenge" contextid="1739" timestamp="2020-09-11T12:53:40.301" />
<allocation-satisfied id="1746" threadId="00000000008DD200" bytesRequested="680" />
<af-end id="1747" timestamp="2020-09-11T12:53:40.301" threadId="00000000008DDB80" success="true" from="nursery"/>
<exclusive-end id="1748" timestamp="2020-09-11T12:53:40.301" durationms="142.435" />

<exclusive-start id="1749" timestamp="2020-09-11T12:53:42.085" intervalms="1926.091">
  <response-info timems="0.521" idlems="0.211" threads="2" lastid="00000000008C3100" lastname="Group1.Backend.CompositeBackend{Tier1}.7" />
</exclusive-start>
<af-start id="1750" threadId="0000000000A98780" totalBytesRequested="16" timestamp="2020-09-11T12:53:42.086" intervalms="1926.305" type="nursery" />
<cycle-start id="1751" type="scavenge" contextid="0" timestamp="2020-09-11T12:53:42.086" intervalms="1926.338" />
<gc-start id="1752" type="scavenge" contextid="1751" timestamp="2020-09-11T12:53:42.087">
  <mem-info id="1753" free="262606216" total="2323709952" percent="11">
    <mem type="nursery" free="0" total="939524096" percent="0">
      <mem type="allocate" free="0" total="795672576" percent="0" />
      <mem type="survivor" free="0" total="143851520" percent="0" />
    </mem>
    <mem type="tenure" free="262606216" total="1384185856" percent="18">
      <mem type="soa" free="179554696" total="1301134336" percent="13" />
      <mem type="loa" free="83051520" total="83051520" percent="100" />
    </mem>
    <remembered-set count="186682" />
  </mem-info>
</gc-start>
<allocation-stats totalBytes="675117504" >
  <allocated-bytes non-tlh="33461792" tlh="641655712" />
  <largest-consumer threadName="Group1.Backend.CompositeBackend{Tier1}.6" threadId="000000000088B400" bytes="116203216" />
</allocation-stats>
<gc-op id="1754" type="scavenge" timems="116.111" contextid="1751" timestamp="2020-09-11T12:53:42.203">
  <scavenger-info tenureage="3" tenuremask="7ff8" tiltratio="84" />
  <memory-copied type="nursery" objects="4131317" bytes="111087896" bytesdiscarded="195224" />
  <memory-copied type="tenure" objects="1105252" bytes="29764896" bytesdiscarded="44976" />
  <finalization candidates="3" enqueued="0" />
  <ownableSynchronizers candidates="35063" cleared="22407" />
  <references type="soft" candidates="7066" cleared="0" enqueued="0" dynamicThreshold="15" maxThreshold="32" />
  <references type="weak" candidates="108" cleared="99" enqueued="0" />
</gc-op>
<gc-end id="1755" type="scavenge" contextid="1751" durationms="117.373" usertimems="881.487" systemtimems="0.000" timestamp="2020-09-11T12:53:42.204" activeThreads="8">
  <mem-info id="1756" free="919064720" total="2323709952" percent="39">
    <mem type="nursery" free="686195080" total="939524096" percent="73">
      <mem type="allocate" free="686195080" total="797573120" percent="86" />
      <mem type="survivor" free="0" total="141950976" percent="0" />
    </mem>
    <mem type="tenure" free="232869640" total="1384185856" percent="16" macro-fragmented="0">
      <mem type="soa" free="149818120" total="1301134336" percent="11" />
      <mem type="loa" free="83051520" total="83051520" percent="100" />
    </mem>
    <remembered-set count="30923" />
  </mem-info>
</gc-end>
<cycle-end id="1757" type="scavenge" contextid="1751" timestamp="2020-09-11T12:53:42.209" />
<allocation-satisfied id="1758" threadId="0000000000A97E00" bytesRequested="16" />
<af-end id="1759" timestamp="2020-09-11T12:53:42.210" threadId="0000000000A98780" success="true" from="nursery"/>
<exclusive-end id="1760" timestamp="2020-09-11T12:53:42.210" durationms="124.751" />

<exclusive-start id="1761" timestamp="2020-09-11T12:53:44.091" intervalms="2006.058">
  <response-info timems="1.588" idlems="1.588" threads="0" lastid="000000000086AF00" lastname="Group1.Backend.CompositeBackend{Tier1}.5" />
</exclusive-start>
<af-start id="1762" threadId="000000000086B880" totalBytesRequested="24" timestamp="2020-09-11T12:53:44.092" intervalms="2005.957" type="nursery" />
<cycle-start id="1763" type="scavenge" contextid="0" timestamp="2020-09-11T12:53:44.092" intervalms="2005.941" />
<gc-start id="1764" type="scavenge" contextid="1763" timestamp="2020-09-11T12:53:44.093">
  <mem-info id="1765" free="232869640" total="2323709952" percent="10">
    <mem type="nursery" free="0" total="939524096" percent="0">
      <mem type="allocate" free="0" total="797573120" percent="0" />
      <mem type="survivor" free="0" total="141950976" percent="0" />
    </mem>
    <mem type="tenure" free="232869640" total="1384185856" percent="16">
      <mem type="soa" free="149818120" total="1301134336" percent="11" />
      <mem type="loa" free="83051520" total="83051520" percent="100" />
    </mem>
    <remembered-set count="189282" />
  </mem-info>
</gc-start>
<allocation-stats totalBytes="685826208" >
  <allocated-bytes non-tlh="32597864" tlh="653228344" />
  <largest-consumer threadName="Group1.Backend.CompositeBackend{Tier1}.6" threadId="000000000088B400" bytes="94817352" />
</allocation-stats>
<gc-op id="1766" type="scavenge" timems="108.926" contextid="1763" timestamp="2020-09-11T12:53:44.202">
  <scavenger-info tenureage="3" tenuremask="7ff8" tiltratio="84" />
  <memory-copied type="nursery" objects="4061220" bytes="109229480" bytesdiscarded="163320" />
  <memory-copied type="tenure" objects="1127144" bytes="30398136" bytesdiscarded="48472" />
  <finalization candidates="3" enqueued="0" />
  <ownableSynchronizers candidates="33688" cleared="21929" />
  <references type="soft" candidates="6556" cleared="0" enqueued="0" dynamicThreshold="15" maxThreshold="32" />
  <references type="weak" candidates="107" cleared="106" enqueued="0" />
</gc-op>
<gc-end id="1767" type="scavenge" contextid="1763" durationms="109.965" usertimems="782.917" systemtimems="0.000" timestamp="2020-09-11T12:53:44.202" activeThreads="8">
  <mem-info id="1768" free="894034304" total="2323709952" percent="38">
    <mem type="nursery" free="691561168" total="939524096" percent="73">
      <mem type="allocate" free="691561168" total="801046528" percent="86" />
      <mem type="survivor" free="0" total="138477568" percent="0" />
    </mem>
    <mem type="tenure" free="202473136" total="1384185856" percent="14" macro-fragmented="0">
      <mem type="soa" free="119421616" total="1301134336" percent="9" />
      <mem type="loa" free="83051520" total="83051520" percent="100" />
    </mem>
    <remembered-set count="31010" />
  </mem-info>
</gc-end>
<cycle-end id="1769" type="scavenge" contextid="1763" timestamp="2020-09-11T12:53:44.204" />
<allocation-satisfied id="1770" threadId="000000000086AF00" bytesRequested="24" />
<af-end id="1771" timestamp="2020-09-11T12:53:44.204" threadId="000000000086B880" success="true" from="nursery"/>
<exclusive-end id="1772" timestamp="2020-09-11T12:53:44.204" durationms="112.856" />

<exclusive-start id="1773" timestamp="2020-09-11T12:53:46.091" intervalms="1999.646">
  <response-info timems="0.613" idlems="0.611" threads="1" lastid="0000000000819400" lastname="Group1.Backend.CompositeBackend{Tier1}.3" />
</exclusive-start>
<af-start id="1774" threadId="00000000007EC180" totalBytesRequested="80" timestamp="2020-09-11T12:53:46.092" intervalms="1999.864" type="nursery" />
<cycle-start id="1775" type="scavenge" contextid="0" timestamp="2020-09-11T12:53:46.092" intervalms="1999.887" />
<gc-start id="1776" type="scavenge" contextid="1775" timestamp="2020-09-11T12:53:46.092">
  <mem-info id="1777" free="202473136" total="2323709952" percent="8">
    <mem type="nursery" free="0" total="939524096" percent="0">
      <mem type="allocate" free="0" total="801046528" percent="0" />
      <mem type="survivor" free="0" total="138477568" percent="0" />
    </mem>
    <mem type="tenure" free="202473136" total="1384185856" percent="14">
      <mem type="soa" free="119421616" total="1301134336" percent="9" />
      <mem type="loa" free="83051520" total="83051520" percent="100" />
    </mem>
    <remembered-set count="189223" />
  </mem-info>
</gc-start>
<allocation-stats totalBytes="691199928" >
  <allocated-bytes non-tlh="33654248" tlh="657545680" />
  <largest-consumer threadName="Group1.Backend.CompositeBackend{Tier1}.3" threadId="0000000000819400" bytes="102757904" />
</allocation-stats>
<gc-op id="1778" type="scavenge" timems="105.330" contextid="1775" timestamp="2020-09-11T12:53:46.198">
  <scavenger-info tenureage="3" tenuremask="7ff8" tiltratio="85" />
  <memory-copied type="nursery" objects="4009547" bytes="107811224" bytesdiscarded="320176" />
  <memory-copied type="tenure" objects="1140075" bytes="30716968" bytesdiscarded="64744" />
  <finalization candidates="2" enqueued="0" />
  <ownableSynchronizers candidates="32556" cleared="21532" />
  <references type="soft" candidates="6229" cleared="0" enqueued="0" dynamicThreshold="15" maxThreshold="32" />
  <references type="weak" candidates="123" cleared="123" enqueued="0" />
</gc-op>
<gc-end id="1779" type="scavenge" contextid="1775" durationms="106.518" usertimems="750.471" systemtimems="4.712" timestamp="2020-09-11T12:53:46.199" activeThreads="8">
  <mem-info id="1780" free="867665288" total="2323709952" percent="37">
    <mem type="nursery" free="696034992" total="939524096" percent="74">
      <mem type="allocate" free="696034992" total="804257792" percent="86" />
      <mem type="survivor" free="0" total="135266304" percent="0" />
    </mem>
    <mem type="tenure" free="171630296" total="1384185856" percent="12" macro-fragmented="0">
      <mem type="soa" free="88578776" total="1301134336" percent="6" />
      <mem type="loa" free="83051520" total="83051520" percent="100" />
    </mem>
    <remembered-set count="30532" />
  </mem-info>
</gc-end>
<cycle-end id="1781" type="scavenge" contextid="1775" timestamp="2020-09-11T12:53:46.200" />
<allocation-satisfied id="1782" threadId="00000000007EB800" bytesRequested="80" />
<af-end id="1783" timestamp="2020-09-11T12:53:46.201" threadId="00000000007EC180" success="true" from="nursery"/>
<exclusive-end id="1784" timestamp="2020-09-11T12:53:46.201" durationms="110.265" />

<exclusive-start id="1785" timestamp="2020-09-11T12:53:48.167" intervalms="2076.714">
  <response-info timems="0.505" idlems="0.505" threads="0" lastid="000000000078C200" lastname="Group1.Backend.CompositeBackend{Tier1}.1" />
</exclusive-start>
<af-start id="1786" threadId="000000000078CB80" totalBytesRequested="16" timestamp="2020-09-11T12:53:48.168" intervalms="2076.555" type="nursery" />
<cycle-start id="1787" type="scavenge" contextid="0" timestamp="2020-09-11T12:53:48.168" intervalms="2076.547" />
<gc-start id="1788" type="scavenge" contextid="1787" timestamp="2020-09-11T12:53:48.169">
  <mem-info id="1789" free="171630296" total="2323709952" percent="7">
    <mem type="nursery" free="0" total="939524096" percent="0">
      <mem type="allocate" free="0" total="804257792" percent="0" />
      <mem type="survivor" free="0" total="135266304" percent="0" />
    </mem>
    <mem type="tenure" free="171630296" total="1384185856" percent="12">
      <mem type="soa" free="88578776" total="1301134336" percent="6" />
      <mem type="loa" free="83051520" total="83051520" percent="100" />
    </mem>
    <remembered-set count="193011" />
  </mem-info>
</gc-start>
<allocation-stats totalBytes="695625216" >
  <allocated-bytes non-tlh="28386416" tlh="667238800" />
  <largest-consumer threadName="Group1.Backend.CompositeBackend{Tier1}.3" threadId="0000000000819400" bytes="120733040" />
</allocation-stats>
<gc-op id="1790" type="scavenge" timems="112.770" contextid="1787" timestamp="2020-09-11T12:53:48.282">
  <scavenger-info tenureage="3" tenuremask="7ff8" tiltratio="85" />
  <memory-copied type="nursery" objects="4103413" bytes="110153480" bytesdiscarded="433568" />
  <memory-copied type="tenure" objects="1048484" bytes="28384280" bytesdiscarded="58544" />
  <finalization candidates="1" enqueued="0" />
  <ownableSynchronizers candidates="28260" cleared="18084" />
  <references type="soft" candidates="5818" cleared="0" enqueued="0" dynamicThreshold="15" maxThreshold="32" />
  <references type="weak" candidates="118" cleared="118" enqueued="0" />
</gc-op>
<gc-end id="1791" type="scavenge" contextid="1787" durationms="114.751" usertimems="815.213" systemtimems="0.000" timestamp="2020-09-11T12:53:48.283" activeThreads="8">
  <mem-info id="1792" free="838665712" total="2323709952" percent="36">
    <mem type="nursery" free="695474944" total="939524096" percent="74">
      <mem type="allocate" free="695474944" total="806158336" percent="86" />
      <mem type="survivor" free="0" total="133365760" percent="0" />
    </mem>
    <mem type="tenure" free="143190768" total="1384185856" percent="10" macro-fragmented="0">
      <mem type="soa" free="60139248" total="1301134336" percent="4" />
      <mem type="loa" free="83051520" total="83051520" percent="100" />
    </mem>
    <remembered-set count="33253" />
  </mem-info>
</gc-end>
<cycle-end id="1793" type="scavenge" contextid="1787" timestamp="2020-09-11T12:53:48.285" />
<allocation-satisfied id="1794" threadId="000000000078C200" bytesRequested="16" />
<af-end id="1795" timestamp="2020-09-11T12:53:48.285" threadId="000000000078CB80" success="true" from="nursery"/>
<exclusive-end id="1796" timestamp="2020-09-11T12:53:48.285" durationms="117.814" />

<exclusive-start id="1797" timestamp="2020-09-11T12:53:50.175" intervalms="2007.232">
  <response-info timems="0.500" idlems="0.500" threads="0" lastid="000000000086AF00" lastname="Group1.Backend.CompositeBackend{Tier1}.5" />
</exclusive-start>
<af-start id="1798" threadId="000000000086B880" totalBytesRequested="16" timestamp="2020-09-11T12:53:50.176" intervalms="2007.643" type="nursery" />
<cycle-start id="1799" type="scavenge" contextid="0" timestamp="2020-09-11T12:53:50.176" intervalms="2007.633" />
<gc-start id="1800" type="scavenge" contextid="1799" timestamp="2020-09-11T12:53:50.176">
  <mem-info id="1801" free="143190768" total="2323709952" percent="6">
    <mem type="nursery" free="0" total="939524096" percent="0">
      <mem type="allocate" free="0" total="806158336" percent="0" />
      <mem type="survivor" free="0" total="133365760" percent="0" />
    </mem>
    <mem type="tenure" free="143190768" total="1384185856" percent="10">
      <mem type="soa" free="60139248" total="1301134336" percent="4" />
      <mem type="loa" free="83051520" total="83051520" percent="100" />
    </mem>
    <remembered-set count="192281" />
  </mem-info>
</gc-start>
<allocation-stats totalBytes="695077760" >
  <allocated-bytes non-tlh="35118864" tlh="659958896" />
  <largest-consumer threadName="Group1.Backend.CompositeBackend{Tier1}.3" threadId="0000000000819400" bytes="101168136" />
</allocation-stats>
<gc-op id="1802" type="scavenge" timems="106.506" contextid="1799" timestamp="2020-09-11T12:53:50.283">
  <scavenger-info tenureage="3" tenuremask="7ff8" tiltratio="85" />
  <memory-copied type="nursery" objects="4087850" bytes="109686872" bytesdiscarded="261936" />
  <memory-copied type="tenure" objects="1100134" bytes="29616904" bytesdiscarded="80288" />
  <finalization candidates="1" enqueued="0" />
  <ownableSynchronizers candidates="27741" cleared="18084" />
  <references type="soft" candidates="5456" cleared="0" enqueued="0" dynamicThreshold="15" maxThreshold="32" />
  <references type="weak" candidates="121" cleared="121" enqueued="0" />
</gc-op>
<gc-end id="1803" type="scavenge" contextid="1799" durationms="107.738" usertimems="822.820" systemtimems="3.755" timestamp="2020-09-11T12:53:50.284" activeThreads="8">
  <mem-info id="1804" free="811576936" total="2323709952" percent="34">
    <mem type="nursery" free="698083840" total="939524096" percent="74">
      <mem type="allocate" free="698083840" total="808124416" percent="86" />
      <mem type="survivor" free="0" total="131399680" percent="0" />
    </mem>
    <mem type="tenure" free="113493096" total="1384185856" percent="8" macro-fragmented="0">
      <mem type="soa" free="30441576" total="1301134336" percent="2" />
      <mem type="loa" free="83051520" total="83051520" percent="100" />
    </mem>
    <remembered-set count="33601" />
  </mem-info>
</gc-end>
<cycle-end id="1805" type="scavenge" contextid="1799" timestamp="2020-09-11T12:53:50.285" />
<allocation-satisfied id="1806" threadId="000000000086AF00" bytesRequested="16" />
<af-end id="1807" timestamp="2020-09-11T12:53:50.285" threadId="000000000086B880" success="true" from="nursery"/>
<exclusive-end id="1808" timestamp="2020-09-11T12:53:50.285" durationms="110.936" />

<exclusive-start id="1809" timestamp="2020-09-11T12:53:52.161" intervalms="1986.971">
  <response-info timems="0.443" idlems="0.443" threads="0" lastid="000000000078C200" lastname="Group1.Backend.CompositeBackend{Tier1}.1" />
</exclusive-start>
<af-start id="1810" threadId="000000000078CB80" totalBytesRequested="208" timestamp="2020-09-11T12:53:52.162" intervalms="1986.441" type="nursery" />
<percolate-collect id="1811" from="nursery" to="global" reason="prevent tenure expand" timestamp="2020-09-11T12:53:52.162"/>
<cycle-start id="1812" type="global" contextid="0" timestamp="2020-09-11T12:53:52.162" intervalms="36608.259" />
<gc-start id="1813" type="global" contextid="1812" timestamp="2020-09-11T12:53:52.163">
  <mem-info id="1814" free="113493096" total="2323709952" percent="4">
    <mem type="nursery" free="0" total="939524096" percent="0">
      <mem type="allocate" free="0" total="808124416" percent="0" />
      <mem type="survivor" free="0" total="131399680" percent="0" />
    </mem>
    <mem type="tenure" free="113493096" total="1384185856" percent="8">
      <mem type="soa" free="30441576" total="1301134336" percent="2" />
      <mem type="loa" free="83051520" total="83051520" percent="100" />
    </mem>
    <remembered-set count="192966" />
  </mem-info>
</gc-start>
<allocation-stats totalBytes="697690888" >
  <allocated-bytes non-tlh="33847176" tlh="663843712" />
  <largest-consumer threadName="Group1.Backend.CompositeBackend{Tier1}.8" threadId="00000000008DD200" bytes="114991296" />
</allocation-stats>
<gc-op id="1815" type="mark" timems="543.183" contextid="1812" timestamp="2020-09-11T12:53:52.706">
  <trace-info objectcount="30149790" scancount="29175076" scanbytes="798183400" />
  <finalization candidates="147" enqueued="0" />
  <ownableSynchronizers candidates="555196" cleared="17391" />
  <references type="soft" candidates="659375" cleared="0" enqueued="0" dynamicThreshold="15" maxThreshold="32" />
  <references type="weak" candidates="4418" cleared="135" enqueued="0" />
  <references type="phantom" candidates="108" cleared="0" enqueued="0" />
  <stringconstants candidates="11177" cleared="7"  />
</gc-op>
<gc-op id="1816" type="sweep" timems="10.262" contextid="1812" timestamp="2020-09-11T12:53:52.717" />
<gc-end id="1817" type="global" contextid="1812" durationms="554.412" usertimems="4174.372" systemtimems="1.571" timestamp="2020-09-11T12:53:52.717" activeThreads="8">
  <mem-info id="1818" free="1259927040" total="2323709952" percent="54">
    <mem type="nursery" free="612015608" total="939524096" percent="65">
      <mem type="allocate" free="612015608" total="808124416" percent="75" />
      <mem type="survivor" free="0" total="131399680" percent="0" />
    </mem>
    <mem type="tenure" free="647911432" total="1384185856" percent="46" micro-fragmented="12825983" macro-fragmented="868149">
      <mem type="soa" free="564859912" total="1301134336" percent="43" />
      <mem type="loa" free="83051520" total="83051520" percent="100" />
    </mem>
    <remembered-set count="187194" />
  </mem-info>
</gc-end>
<cycle-end id="1819" type="global" contextid="1812" timestamp="2020-09-11T12:53:52.719" />
<allocation-satisfied id="1820" threadId="000000000078C200" bytesRequested="208" />
<af-end id="1821" timestamp="2020-09-11T12:53:52.719" threadId="000000000078CB80" success="true" from="nursery"/>
<exclusive-end id="1822" timestamp="2020-09-11T12:53:52.719" durationms="557.734" />

<exclusive-start id="1823" timestamp="2020-09-11T12:53:54.077" intervalms="1916.006">
  <response-info timems="4.044" idlems="4.037" threads="1" lastid="0000000000863200" lastname="Group1.Backend.CompositeBackend{Tier1}.4" />
</exclusive-start>
<af-start id="1824" threadId="00000000007EC180" totalBytesRequested="400" timestamp="2020-09-11T12:53:54.078" intervalms="1916.121" type="nursery" />
<cycle-start id="1825" type="scavenge" contextid="0" timestamp="2020-09-11T12:53:54.078" intervalms="3902.587" />
<gc-start id="1826" type="scavenge" contextid="1825" timestamp="2020-09-11T12:53:54.079">
  <mem-info id="1827" free="647911384" total="2323709952" percent="27">
    <mem type="nursery" free="0" total="939524096" percent="0">
      <mem type="allocate" free="0" total="808124416" percent="0" />
      <mem type="survivor" free="0" total="131399680" percent="0" />
    </mem>
    <mem type="tenure" free="647911384" total="1384185856" percent="46">
      <mem type="soa" free="564859864" total="1301134336" percent="43" />
      <mem type="loa" free="83051520" total="83051520" percent="100" />
    </mem>
    <remembered-set count="244311" />
  </mem-info>
</gc-start>
<allocation-stats totalBytes="609206200" >
  <allocated-bytes non-tlh="25246624" tlh="583959576" />
  <largest-consumer threadName="Group1.Backend.CompositeBackend{Tier1}.3" threadId="0000000000819400" bytes="88406808" />
</allocation-stats>
<gc-op id="1828" type="scavenge" timems="123.726" contextid="1825" timestamp="2020-09-11T12:53:54.203">
  <scavenger-info tenureage="3" tenuremask="7ff8" tiltratio="86" />
  <memory-copied type="nursery" objects="4874883" bytes="131210984" bytesdiscarded="39096" />
  <memory-copied type="tenure" objects="1225790" bytes="32628872" bytesdiscarded="42456" />
  <copy-failed type="nursery" objects="223562" bytes="5651736" />
  <finalization candidates="4" enqueued="0" />
  <ownableSynchronizers candidates="1093036" cleared="1082049" />
  <references type="soft" candidates="6079" cleared="0" enqueued="0" dynamicThreshold="14" maxThreshold="32" />
  <references type="weak" candidates="100" cleared="98" enqueued="0" />
</gc-op>
<gc-end id="1829" type="scavenge" contextid="1825" durationms="124.871" usertimems="914.907" systemtimems="0.000" timestamp="2020-09-11T12:53:54.204" activeThreads="8">
  <mem-info id="1830" free="1239513928" total="2323709952" percent="53">
    <mem type="nursery" free="624361472" total="939524096" percent="66">
      <mem type="allocate" free="624361472" total="755761152" percent="82" />
      <mem type="survivor" free="0" total="183762944" percent="0" />
    </mem>
    <mem type="tenure" free="615152456" total="1384185856" percent="44" macro-fragmented="0">
      <mem type="soa" free="532100936" total="1301134336" percent="40" />
      <mem type="loa" free="83051520" total="83051520" percent="100" />
    </mem>
    <remembered-set count="43409" />
  </mem-info>
</gc-end>
<cycle-end id="1831" type="scavenge" contextid="1825" timestamp="2020-09-11T12:53:54.207" />
<allocation-satisfied id="1832" threadId="00000000007EB800" bytesRequested="400" />
<af-end id="1833" timestamp="2020-09-11T12:53:54.207" threadId="00000000007EC180" success="true" from="nursery"/>
<exclusive-end id="1834" timestamp="2020-09-11T12:53:54.207" durationms="129.214" />

<exclusive-start id="1835" timestamp="2020-09-11T12:53:55.805" intervalms="1727.672">
  <response-info timems="0.515" idlems="0.302" threads="1" lastid="000000000088B400" lastname="Group1.Backend.CompositeBackend{Tier1}.6" />
</exclusive-start>
<af-start id="1836" threadId="00000000007EC180" totalBytesRequested="520" timestamp="2020-09-11T12:53:55.806" intervalms="1727.598" type="nursery" />
<cycle-start id="1837" type="scavenge" contextid="0" timestamp="2020-09-11T12:53:55.806" intervalms="1727.587" />
<gc-start id="1838" type="scavenge" contextid="1837" timestamp="2020-09-11T12:53:55.807">
  <mem-info id="1839" free="615152456" total="2323709952" percent="26">
    <mem type="nursery" free="0" total="939524096" percent="0">
      <mem type="allocate" free="0" total="755761152" percent="0" />
      <mem type="survivor" free="0" total="183762944" percent="0" />
    </mem>
    <mem type="tenure" free="615152456" total="1384185856" percent="44">
      <mem type="soa" free="532100936" total="1301134336" percent="40" />
      <mem type="loa" free="83051520" total="83051520" percent="100" />
    </mem>
    <remembered-set count="190667" />
  </mem-info>
</gc-start>
<allocation-stats totalBytes="624027416" >
  <allocated-bytes non-tlh="32826512" tlh="591200904" />
  <largest-consumer threadName="Group1.Backend.CompositeBackend{Tier1}.8" threadId="00000000008DD200" bytes="98307144" />
</allocation-stats>
<gc-op id="1840" type="scavenge" timems="136.305" contextid="1837" timestamp="2020-09-11T12:53:55.944">
  <scavenger-info tenureage="3" tenuremask="7ff8" tiltratio="80" />
  <memory-copied type="nursery" objects="5319733" bytes="140537704" bytesdiscarded="285488" />
  <memory-copied type="tenure" objects="999995" bytes="27009848" bytesdiscarded="45248" />
  <finalization candidates="4" enqueued="0" />
  <ownableSynchronizers candidates="22666" cleared="13151" />
  <references type="soft" candidates="5634" cleared="0" enqueued="0" dynamicThreshold="14" maxThreshold="32" />
  <references type="weak" candidates="104" cleared="103" enqueued="0" />
</gc-op>
<gc-end id="1841" type="scavenge" contextid="1837" durationms="137.488" usertimems="1042.769" systemtimems="0.000" timestamp="2020-09-11T12:53:55.944" activeThreads="8">
  <mem-info id="1842" free="1220522752" total="2323709952" percent="52">
    <mem type="nursery" free="632611336" total="939524096" percent="67">
      <mem type="allocate" free="632611336" total="773521408" percent="81" />
      <mem type="survivor" free="0" total="166002688" percent="0" />
    </mem>
    <mem type="tenure" free="587911416" total="1384185856" percent="42" macro-fragmented="201903">
      <mem type="soa" free="504859896" total="1301134336" percent="38" />
      <mem type="loa" free="83051520" total="83051520" percent="100" />
    </mem>
    <remembered-set count="41071" />
  </mem-info>
</gc-end>
<cycle-end id="1843" type="scavenge" contextid="1837" timestamp="2020-09-11T12:53:55.946" />
<allocation-satisfied id="1844" threadId="00000000007EB800" bytesRequested="520" />
<af-end id="1845" timestamp="2020-09-11T12:53:55.946" threadId="00000000007EC180" success="true" from="nursery"/>
<exclusive-end id="1846" timestamp="2020-09-11T12:53:55.946" durationms="140.717" />

<exclusive-start id="1847" timestamp="2020-09-11T12:53:57.753" intervalms="1947.890">
  <response-info timems="6.137" idlems="6.137" threads="0" lastid="0000000000A8FC00" lastname="Group1.Backend.CompositeBackend{Tier3}.3" />
</exclusive-start>
<af-start id="1848" threadId="0000000000A90580" totalBytesRequested="40" timestamp="2020-09-11T12:53:57.754" intervalms="1948.121" type="nursery" />
<cycle-start id="1849" type="scavenge" contextid="0" timestamp="2020-09-11T12:53:57.754" intervalms="1948.139" />
<gc-start id="1850" type="scavenge" contextid="1849" timestamp="2020-09-11T12:53:57.755">
  <mem-info id="1851" free="587911416" total="2323709952" percent="25">
    <mem type="nursery" free="0" total="939524096" percent="0">
      <mem type="allocate" free="0" total="773521408" percent="0" />
      <mem type="survivor" free="0" total="166002688" percent="0" />
    </mem>
    <mem type="tenure" free="587911416" total="1384185856" percent="42">
      <mem type="soa" free="504859896" total="1301134336" percent="38" />
      <mem type="loa" free="83051520" total="83051520" percent="100" />
    </mem>
    <remembered-set count="195860" />
  </mem-info>
</gc-start>
<allocation-stats totalBytes="632232056" >
  <allocated-bytes non-tlh="24342512" tlh="607889544" />
  <largest-consumer threadName="Group1.Backend.CompositeBackend{Tier1}.5" threadId="000000000086AF00" bytes="108810400" />
</allocation-stats>
<gc-op id="1852" type="scavenge" timems="142.695" contextid="1849" timestamp="2020-09-11T12:53:57.898">
  <scavenger-info tenureage="3" tenuremask="7ff8" tiltratio="82" />
  <memory-copied type="nursery" objects="4965094" bytes="132808104" bytesdiscarded="246984" />
  <memory-copied type="tenure" objects="961619" bytes="25967064" bytesdiscarded="38744" />
  <finalization candidates="3" enqueued="0" />
  <ownableSynchronizers candidates="23216" cleared="14173" />
  <references type="soft" candidates="5269" cleared="0" enqueued="0" dynamicThreshold="14" maxThreshold="32" />
  <references type="weak" candidates="104" cleared="103" enqueued="0" />
</gc-op>
<gc-end id="1853" type="scavenge" contextid="1849" durationms="144.496" usertimems="1004.621" systemtimems="28.431" timestamp="2020-09-11T12:53:57.899" activeThreads="8">
  <mem-info id="1854" free="1204056440" total="2323709952" percent="51">
    <mem type="nursery" free="642079456" total="939524096" percent="68">
      <mem type="allocate" free="642079456" total="775225344" percent="82" />
      <mem type="survivor" free="0" total="164298752" percent="0" />
    </mem>
    <mem type="tenure" free="561976984" total="1384185856" percent="40" macro-fragmented="0">
      <mem type="soa" free="478925464" total="1301134336" percent="36" />
      <mem type="loa" free="83051520" total="83051520" percent="100" />
    </mem>
    <remembered-set count="39657" />
  </mem-info>
</gc-end>
<cycle-end id="1855" type="scavenge" contextid="1849" timestamp="2020-09-11T12:53:57.902" />
<allocation-satisfied id="1856" threadId="0000000000A8FC00" bytesRequested="40" />
<af-end id="1857" timestamp="2020-09-11T12:53:57.903" threadId="0000000000A90580" success="true" from="nursery"/>
<exclusive-end id="1858" timestamp="2020-09-11T12:53:57.903" durationms="149.745" />

<exclusive-start id="1859" timestamp="2020-09-11T12:53:59.575" intervalms="1821.702">
  <response-info timems="3.042" idlems="3.042" threads="0" lastid="00000000008DD200" lastname="Group1.Backend.CompositeBackend{Tier1}.8" />
</exclusive-start>
<af-start id="1860" threadId="00000000008DDB80" totalBytesRequested="32" timestamp="2020-09-11T12:53:59.576" intervalms="1821.625" type="nursery" />
<cycle-start id="1861" type="scavenge" contextid="0" timestamp="2020-09-11T12:53:59.576" intervalms="1821.645" />
<gc-start id="1862" type="scavenge" contextid="1861" timestamp="2020-09-11T12:53:59.577">
  <mem-info id="1863" free="561976984" total="2323709952" percent="24">
    <mem type="nursery" free="0" total="939524096" percent="0">
      <mem type="allocate" free="0" total="775225344" percent="0" />
      <mem type="survivor" free="0" total="164298752" percent="0" />
    </mem>
    <mem type="tenure" free="561976984" total="1384185856" percent="40">
      <mem type="soa" free="478925464" total="1301134336" percent="36" />
      <mem type="loa" free="83051520" total="83051520" percent="100" />
    </mem>
    <remembered-set count="189955" />
  </mem-info>
</gc-start>
<allocation-stats totalBytes="641716056" >
  <allocated-bytes non-tlh="36418424" tlh="605297632" />
  <largest-consumer threadName="Group1.Backend.CompositeBackend{Tier1}.8" threadId="00000000008DD200" bytes="86317080" />
</allocation-stats>
<gc-op id="1864" type="scavenge" timems="122.710" contextid="1861" timestamp="2020-09-11T12:53:59.700">
  <scavenger-info tenureage="3" tenuremask="7ff8" tiltratio="82" />
  <memory-copied type="nursery" objects="3697206" bytes="99228328" bytesdiscarded="107728" />
  <memory-copied type="tenure" objects="1980762" bytes="53486688" bytesdiscarded="126360" />
  <finalization candidates="3" enqueued="0" />
  <ownableSynchronizers candidates="20095" cleared="11814" />
  <references type="soft" candidates="3760" cleared="0" enqueued="0" dynamicThreshold="14" maxThreshold="32" />
  <references type="weak" candidates="127" cleared="127" enqueued="0" />
</gc-op>
<gc-end id="1865" type="scavenge" contextid="1861" durationms="123.990" usertimems="942.052" systemtimems="3.504" timestamp="2020-09-11T12:53:59.701" activeThreads="8">
  <mem-info id="1866" free="1187329064" total="2323709952" percent="51">
    <mem type="nursery" free="678958584" total="939524096" percent="72">
      <mem type="allocate" free="678958584" total="778371072" percent="87" />
      <mem type="survivor" free="0" total="161153024" percent="0" />
    </mem>
    <mem type="tenure" free="508370480" total="1384185856" percent="36" macro-fragmented="786456">
      <mem type="soa" free="425318960" total="1301134336" percent="32" />
      <mem type="loa" free="83051520" total="83051520" percent="100" />
    </mem>
    <remembered-set count="28812" />
  </mem-info>
</gc-end>
<cycle-end id="1867" type="scavenge" contextid="1861" timestamp="2020-09-11T12:53:59.702" />
<allocation-satisfied id="1868" threadId="00000000008DD200" bytesRequested="32" />
<af-end id="1869" timestamp="2020-09-11T12:53:59.702" threadId="00000000008DDB80" success="true" from="nursery"/>
<exclusive-end id="1870" timestamp="2020-09-11T12:53:59.702" durationms="127.629" />

<exclusive-start id="1871" timestamp="2020-09-11T12:54:01.608" intervalms="2033.158">
  <response-info timems="0.802" idlems="0.404" threads="1" lastid="000000000086AF00" lastname="Group1.Backend.CompositeBackend{Tier1}.5" />
</exclusive-start>
<af-start id="1872" threadId="00000000008C3A80" totalBytesRequested="32" timestamp="2020-09-11T12:54:01.609" intervalms="2033.153" type="nursery" />
<cycle-start id="1873" type="scavenge" contextid="0" timestamp="2020-09-11T12:54:01.609" intervalms="2033.098" />
<gc-start id="1874" type="scavenge" contextid="1873" timestamp="2020-09-11T12:54:01.610">
  <mem-info id="1875" free="508370480" total="2323709952" percent="21">
    <mem type="nursery" free="0" total="939524096" percent="0">
      <mem type="allocate" free="0" total="778371072" percent="0" />
      <mem type="survivor" free="0" total="161153024" percent="0" />
    </mem>
    <mem type="tenure" free="508370480" total="1384185856" percent="36">
      <mem type="soa" free="425318960" total="1301134336" percent="32" />
      <mem type="loa" free="83051520" total="83051520" percent="100" />
    </mem>
    <remembered-set count="191877" />
  </mem-info>
</gc-start>
<allocation-stats totalBytes="678550224" >
  <allocated-bytes non-tlh="23872624" tlh="654677600" />
  <largest-consumer threadName="Group1.Backend.CompositeBackend{Tier1}.4" threadId="0000000000863200" bytes="97735272" />
</allocation-stats>
<gc-op id="1876" type="scavenge" timems="124.192" contextid="1873" timestamp="2020-09-11T12:54:01.734">
  <scavenger-info tenureage="3" tenuremask="7ff8" tiltratio="82" />
  <memory-copied type="nursery" objects="3816432" bytes="102527392" bytesdiscarded="284432" />
  <memory-copied type="tenure" objects="974437" bytes="26221736" bytesdiscarded="55440" />
  <ownableSynchronizers candidates="19213" cleared="12903" />
  <references type="soft" candidates="3728" cleared="0" enqueued="0" dynamicThreshold="14" maxThreshold="32" />
  <references type="weak" candidates="108" cleared="108" enqueued="0" />
</gc-op>
<gc-end id="1877" type="scavenge" contextid="1873" durationms="125.215" usertimems="813.676" systemtimems="0.000" timestamp="2020-09-11T12:54:01.735" activeThreads="8">
  <mem-info id="1878" free="1166122680" total="2323709952" percent="50">
    <mem type="nursery" free="683990272" total="939524096" percent="72">
      <mem type="allocate" free="683990272" total="786890752" percent="86" />
      <mem type="survivor" free="0" total="152633344" percent="0" />
    </mem>
    <mem type="tenure" free="482132408" total="1384185856" percent="34" macro-fragmented="0">
      <mem type="soa" free="399080888" total="1301134336" percent="30" />
      <mem type="loa" free="83051520" total="83051520" percent="100" />
    </mem>
    <remembered-set count="31350" />
  </mem-info>
</gc-end>
<cycle-end id="1879" type="scavenge" contextid="1873" timestamp="2020-09-11T12:54:01.736" />
<allocation-satisfied id="1880" threadId="00000000008C3100" bytesRequested="32" />
<af-end id="1881" timestamp="2020-09-11T12:54:01.736" threadId="00000000008C3A80" success="true" from="nursery"/>
<exclusive-end id="1882" timestamp="2020-09-11T12:54:01.736" durationms="128.266" />

<exclusive-start id="1883" timestamp="2020-09-11T12:54:03.646" intervalms="2038.091">
  <response-info timems="0.944" idlems="0.590" threads="2" lastid="0000000000819400" lastname="Group1.Backend.CompositeBackend{Tier1}.3" />
</exclusive-start>
<af-start id="1884" threadId="0000000000AA4080" totalBytesRequested="536" timestamp="2020-09-11T12:54:03.647" intervalms="2038.257" type="nursery" />
<cycle-start id="1885" type="scavenge" contextid="0" timestamp="2020-09-11T12:54:03.647" intervalms="2038.329" />
<gc-start id="1886" type="scavenge" contextid="1885" timestamp="2020-09-11T12:54:03.648">
  <mem-info id="1887" free="482132408" total="2323709952" percent="20">
    <mem type="nursery" free="0" total="939524096" percent="0">
      <mem type="allocate" free="0" total="786890752" percent="0" />
      <mem type="survivor" free="0" total="152633344" percent="0" />
    </mem>
    <mem type="tenure" free="482132408" total="1384185856" percent="34">
      <mem type="soa" free="399080888" total="1301134336" percent="30" />
      <mem type="loa" free="83051520" total="83051520" percent="100" />
    </mem>
    <remembered-set count="191095" />
  </mem-info>
</gc-start>
<allocation-stats totalBytes="683609296" >
  <allocated-bytes non-tlh="32418080" tlh="651191216" />
  <largest-consumer threadName="Group1.Backend.CompositeBackend{Tier1}.8" threadId="00000000008DD200" bytes="108108656" />
</allocation-stats>
<gc-op id="1888" type="scavenge" timems="115.039" contextid="1885" timestamp="2020-09-11T12:54:03.763">
  <scavenger-info tenureage="3" tenuremask="7ff8" tiltratio="83" />
  <memory-copied type="nursery" objects="4006217" bytes="107649648" bytesdiscarded="190416" />
  <memory-copied type="tenure" objects="1040388" bytes="28016104" bytesdiscarded="61176" />
  <ownableSynchronizers candidates="19183" cleared="12903" />
  <references type="soft" candidates="3597" cleared="0" enqueued="0" dynamicThreshold="14" maxThreshold="32" />
  <references type="weak" candidates="107" cleared="107" enqueued="0" />
</gc-op>
<gc-end id="1889" type="scavenge" contextid="1885" durationms="116.142" usertimems="804.414" systemtimems="0.000" timestamp="2020-09-11T12:54:03.764" activeThreads="8">
  <mem-info id="1890" free="1138158144" total="2323709952" percent="48">
    <mem type="nursery" free="684204288" total="939524096" percent="72">
      <mem type="allocate" free="684204288" total="792133632" percent="86" />
      <mem type="survivor" free="0" total="147390464" percent="0" />
    </mem>
    <mem type="tenure" free="453953856" total="1384185856" percent="32" macro-fragmented="56347">
      <mem type="soa" free="370902336" total="1301134336" percent="28" />
      <mem type="loa" free="83051520" total="83051520" percent="100" />
    </mem>
    <remembered-set count="33065" />
  </mem-info>
</gc-end>
<cycle-end id="1891" type="scavenge" contextid="1885" timestamp="2020-09-11T12:54:03.765" />
<allocation-satisfied id="1892" threadId="0000000000AA3700" bytesRequested="536" />
<af-end id="1893" timestamp="2020-09-11T12:54:03.765" threadId="0000000000AA4080" success="true" from="nursery"/>
<exclusive-end id="1894" timestamp="2020-09-11T12:54:03.765" durationms="119.060" />

<exclusive-start id="1895" timestamp="2020-09-11T12:54:05.556" intervalms="1910.301">
  <response-info timems="1.859" idlems="1.792" threads="1" lastid="000000000078C200" lastname="Group1.Backend.CompositeBackend{Tier1}.1" />
</exclusive-start>
<af-start id="1896" threadId="00000000008C3A80" totalBytesRequested="16" timestamp="2020-09-11T12:54:05.557" intervalms="1909.933" type="nursery" />
<cycle-start id="1897" type="scavenge" contextid="0" timestamp="2020-09-11T12:54:05.557" intervalms="1909.882" />
<gc-start id="1898" type="scavenge" contextid="1897" timestamp="2020-09-11T12:54:05.558">
  <mem-info id="1899" free="453953856" total="2323709952" percent="19">
    <mem type="nursery" free="0" total="939524096" percent="0">
      <mem type="allocate" free="0" total="792133632" percent="0" />
      <mem type="survivor" free="0" total="147390464" percent="0" />
    </mem>
    <mem type="tenure" free="453953856" total="1384185856" percent="32">
      <mem type="soa" free="370902336" total="1301134336" percent="28" />
      <mem type="loa" free="83051520" total="83051520" percent="100" />
    </mem>
    <remembered-set count="188234" />
  </mem-info>
</gc-start>
<allocation-stats totalBytes="683825688" >
  <allocated-bytes non-tlh="36056248" tlh="647769440" />
  <largest-consumer threadName="Group1.Backend.CompositeBackend{Tier1}.7" threadId="00000000008C3100" bytes="102829392" />
</allocation-stats>
<gc-op id="1900" type="scavenge" timems="103.352" contextid="1897" timestamp="2020-09-11T12:54:05.661">
  <scavenger-info tenureage="3" tenuremask="7ff8" tiltratio="84" />
  <memory-copied type="nursery" objects="4389516" bytes="115963648" bytesdiscarded="254968" />
  <memory-copied type="tenure" objects="970725" bytes="26099784" bytesdiscarded="42320" />
  <ownableSynchronizers candidates="16660" cleared="10791" />
  <references type="soft" candidates="3490" cleared="0" enqueued="0" dynamicThreshold="14" maxThreshold="32" />
  <references type="weak" candidates="109" cleared="108" enqueued="0" />
</gc-op>
<gc-end id="1901" type="scavenge" contextid="1897" durationms="104.468" usertimems="768.280" systemtimems="0.000" timestamp="2020-09-11T12:54:05.662" activeThreads="8">
  <mem-info id="1902" free="1105277096" total="2323709952" percent="47">
    <mem type="nursery" free="677471344" total="939524096" percent="72">
      <mem type="allocate" free="677471344" total="793772032" percent="85" />
      <mem type="survivor" free="0" total="145752064" percent="0" />
    </mem>
    <mem type="tenure" free="427805752" total="1384185856" percent="30" macro-fragmented="0">
      <mem type="soa" free="344754232" total="1301134336" percent="26" />
      <mem type="loa" free="83051520" total="83051520" percent="100" />
    </mem>
    <remembered-set count="31774" />
  </mem-info>
</gc-end>
<cycle-end id="1903" type="scavenge" contextid="1897" timestamp="2020-09-11T12:54:05.663" />
<allocation-satisfied id="1904" threadId="00000000008C3100" bytesRequested="16" />
<af-end id="1905" timestamp="2020-09-11T12:54:05.663" threadId="00000000008C3A80" success="true" from="nursery"/>
<exclusive-end id="1906" timestamp="2020-09-11T12:54:05.664" durationms="107.442" />

<exclusive-start id="1907" timestamp="2020-09-11T12:54:07.598" intervalms="2041.522">
  <response-info timems="0.283" idlems="0.283" threads="0" lastid="00000000008DD200" lastname="Group1.Backend.CompositeBackend{Tier1}.8" />
</exclusive-start>
<af-start id="1908" threadId="00000000008DDB80" totalBytesRequested="16" timestamp="2020-09-11T12:54:07.598" intervalms="2041.435" type="nursery" />
<cycle-start id="1909" type="scavenge" contextid="0" timestamp="2020-09-11T12:54:07.599" intervalms="2041.407" />
<gc-start id="1910" type="scavenge" contextid="1909" timestamp="2020-09-11T12:54:07.599">
  <mem-info id="1911" free="427805752" total="2323709952" percent="18">
    <mem type="nursery" free="0" total="939524096" percent="0">
      <mem type="allocate" free="0" total="793772032" percent="0" />
      <mem type="survivor" free="0" total="145752064" percent="0" />
    </mem>
    <mem type="tenure" free="427805752" total="1384185856" percent="30">
      <mem type="soa" free="344754232" total="1301134336" percent="26" />
      <mem type="loa" free="83051520" total="83051520" percent="100" />
    </mem>
    <remembered-set count="190310" />
  </mem-info>
</gc-start>
<allocation-stats totalBytes="677068528" >
  <allocated-bytes non-tlh="30983856" tlh="646084672" />
  <largest-consumer threadName="Group1.Backend.CompositeBackend{Tier1}.4" threadId="0000000000863200" bytes="105099936" />
</allocation-stats>
<gc-op id="1912" type="scavenge" timems="106.816" contextid="1909" timestamp="2020-09-11T12:54:07.706">
  <scavenger-info tenureage="3" tenuremask="7ff8" tiltratio="84" />
  <memory-copied type="nursery" objects="4126638" bytes="110065216" bytesdiscarded="472200" />
  <memory-copied type="tenure" objects="1128217" bytes="30343320" bytesdiscarded="74816" />
  <ownableSynchronizers candidates="16497" cleared="10758" />
  <references type="soft" candidates="3297" cleared="0" enqueued="0" dynamicThreshold="14" maxThreshold="32" />
  <references type="weak" candidates="118" cleared="118" enqueued="0" />
</gc-op>
<gc-end id="1913" type="scavenge" contextid="1909" durationms="107.821" usertimems="757.523" systemtimems="3.115" timestamp="2020-09-11T12:54:07.707" activeThreads="8">
  <mem-info id="1914" free="1083820960" total="2323709952" percent="46">
    <mem type="nursery" free="686294320" total="939524096" percent="73">
      <mem type="allocate" free="686294320" total="796917760" percent="86" />
      <mem type="survivor" free="0" total="142606336" percent="0" />
    </mem>
    <mem type="tenure" free="397526640" total="1384185856" percent="28" macro-fragmented="426848">
      <mem type="soa" free="314475120" total="1301134336" percent="24" />
      <mem type="loa" free="83051520" total="83051520" percent="100" />
    </mem>
    <remembered-set count="30715" />
  </mem-info>
</gc-end>
<cycle-end id="1915" type="scavenge" contextid="1909" timestamp="2020-09-11T12:54:07.708" />
<allocation-satisfied id="1916" threadId="00000000008DD200" bytesRequested="16" />
<af-end id="1917" timestamp="2020-09-11T12:54:07.708" threadId="00000000008DDB80" success="true" from="nursery"/>
<exclusive-end id="1918" timestamp="2020-09-11T12:54:07.708" durationms="110.612" />

<exclusive-start id="1919" timestamp="2020-09-11T12:54:09.644" intervalms="2046.615">
  <response-info timems="6.527" idlems="3.593" threads="1" lastid="00000000008DD200" lastname="Group1.Backend.CompositeBackend{Tier1}.8" />
</exclusive-start>
<af-start id="1920" threadId="0000000000A98780" totalBytesRequested="16" timestamp="2020-09-11T12:54:09.646" intervalms="2047.543" type="nursery" />
<cycle-start id="1921" type="scavenge" contextid="0" timestamp="2020-09-11T12:54:09.646" intervalms="2047.916" />
<gc-start id="1922" type="scavenge" contextid="1921" timestamp="2020-09-11T12:54:09.647">
  <mem-info id="1923" free="397526640" total="2323709952" percent="17">
    <mem type="nursery" free="0" total="939524096" percent="0">
      <mem type="allocate" free="0" total="796917760" percent="0" />
      <mem type="survivor" free="0" total="142606336" percent="0" />
    </mem>
    <mem type="tenure" free="397526640" total="1384185856" percent="28">
      <mem type="soa" free="314475120" total="1301134336" percent="24" />
      <mem type="loa" free="83051520" total="83051520" percent="100" />
    </mem>
    <remembered-set count="191287" />
  </mem-info>
</gc-start>
<allocation-stats totalBytes="685896008" >
  <allocated-bytes non-tlh="31359832" tlh="654536176" />
  <largest-consumer threadName="Group1.Backend.CompositeBackend{Tier1}.4" threadId="0000000000863200" bytes="106024104" />
</allocation-stats>
<gc-op id="1924" type="scavenge" timems="162.422" contextid="1921" timestamp="2020-09-11T12:54:09.810">
  <scavenger-info tenureage="3" tenuremask="7ff8" tiltratio="84" />
  <memory-copied type="nursery" objects="3963923" bytes="106503640" bytesdiscarded="201464" />
  <memory-copied type="tenure" objects="1078591" bytes="29014792" bytesdiscarded="76192" />
  <ownableSynchronizers candidates="15389" cleared="9999" />
  <references type="soft" candidates="3048" cleared="0" enqueued="0" dynamicThreshold="14" maxThreshold="32" />
  <references type="weak" candidates="100" cleared="100" enqueued="0" />
</gc-op>
<gc-end id="1925" type="scavenge" contextid="1921" durationms="164.290" usertimems="1195.240" systemtimems="29.668" timestamp="2020-09-11T12:54:09.811" activeThreads="8">
  <mem-info id="1926" free="1062375872" total="2323709952" percent="45">
    <mem type="nursery" free="693991680" total="939524096" percent="73">
      <mem type="allocate" free="693991680" total="800784384" percent="86" />
      <mem type="survivor" free="0" total="138739712" percent="0" />
    </mem>
    <mem type="tenure" free="368384192" total="1384185856" percent="26" macro-fragmented="0">
      <mem type="soa" free="285332672" total="1301134336" percent="21" />
      <mem type="loa" free="83051520" total="83051520" percent="100" />
    </mem>
    <remembered-set count="28997" />
  </mem-info>
</gc-end>
<cycle-end id="1927" type="scavenge" contextid="1921" timestamp="2020-09-11T12:54:09.813" />
<allocation-satisfied id="1928" threadId="0000000000A97E00" bytesRequested="16" />
<af-end id="1929" timestamp="2020-09-11T12:54:09.813" threadId="0000000000A98780" success="true" from="nursery"/>
<exclusive-end id="1930" timestamp="2020-09-11T12:54:09.813" durationms="168.664" />

<exclusive-start id="1931" timestamp="2020-09-11T12:54:11.726" intervalms="2081.707">
  <response-info timems="0.663" idlems="0.663" threads="0" lastid="00000000008DD200" lastname="Group1.Backend.CompositeBackend{Tier1}.8" />
</exclusive-start>
<af-start id="1932" threadId="00000000008DDB80" totalBytesRequested="262152" timestamp="2020-09-11T12:54:11.727" intervalms="2080.926" type="nursery" />
<cycle-start id="1933" type="scavenge" contextid="0" timestamp="2020-09-11T12:54:11.727" intervalms="2080.572" />
<gc-start id="1934" type="scavenge" contextid="1933" timestamp="2020-09-11T12:54:11.727">
  <mem-info id="1935" free="368384192" total="2323709952" percent="15">
    <mem type="nursery" free="0" total="939524096" percent="0">
      <mem type="allocate" free="0" total="800784384" percent="0" />
      <mem type="survivor" free="0" total="138739712" percent="0" />
    </mem>
    <mem type="tenure" free="368384192" total="1384185856" percent="26">
      <mem type="soa" free="285332672" total="1301134336" percent="21" />
      <mem type="loa" free="83051520" total="83051520" percent="100" />
    </mem>
    <remembered-set count="189788" />
  </mem-info>
</gc-start>
<allocation-stats totalBytes="693596488" >
  <allocated-bytes non-tlh="30318920" tlh="663277568" />
  <largest-consumer threadName="Group1.Backend.CompositeBackend{Tier1}.1" threadId="000000000078C200" bytes="103141832" />
</allocation-stats>
<gc-op id="1936" type="scavenge" timems="128.835" contextid="1933" timestamp="2020-09-11T12:54:11.856">
  <scavenger-info tenureage="3" tenuremask="7ff8" tiltratio="85" />
  <memory-copied type="nursery" objects="4098963" bytes="109671744" bytesdiscarded="356896" />
  <memory-copied type="tenure" objects="1036358" bytes="27886512" bytesdiscarded="65008" />
  <ownableSynchronizers candidates="15924" cleared="10791" />
  <references type="soft" candidates="3055" cleared="0" enqueued="0" dynamicThreshold="14" maxThreshold="32" />
  <references type="weak" candidates="118" cleared="118" enqueued="0" />
</gc-op>
<gc-end id="1937" type="scavenge" contextid="1933" durationms="130.109" usertimems="991.518" systemtimems="10.441" timestamp="2020-09-11T12:54:11.857" activeThreads="8">
  <mem-info id="1938" free="1033613936" total="2323709952" percent="44">
    <mem type="nursery" free="693157624" total="939524096" percent="73">
      <mem type="allocate" free="693157624" total="803274752" percent="86" />
      <mem type="survivor" free="0" total="136249344" percent="0" />
    </mem>
    <mem type="tenure" free="340456312" total="1384185856" percent="24" macro-fragmented="0">
      <mem type="soa" free="257404792" total="1301134336" percent="19" />
      <mem type="loa" free="83051520" total="83051520" percent="100" />
    </mem>
    <remembered-set count="29370" />
  </mem-info>
</gc-end>
<cycle-end id="1939" type="scavenge" contextid="1933" timestamp="2020-09-11T12:54:11.859" />
<allocation-satisfied id="1940" threadId="00000000008DD200" bytesRequested="262152" />
<af-end id="1941" timestamp="2020-09-11T12:54:11.860" threadId="00000000008DDB80" success="true" from="nursery"/>
<exclusive-end id="1942" timestamp="2020-09-11T12:54:11.860" durationms="133.385" />

<exclusive-start id="1943" timestamp="2020-09-11T12:54:13.795" intervalms="2069.151">
  <response-info timems="0.468" idlems="0.468" threads="0" lastid="0000000000863200" lastname="Group1.Backend.CompositeBackend{Tier1}.4" />
</exclusive-start>
<af-start id="1944" threadId="0000000000863B80" totalBytesRequested="120" timestamp="2020-09-11T12:54:13.796" intervalms="2069.489" type="nursery" />
<cycle-start id="1945" type="scavenge" contextid="0" timestamp="2020-09-11T12:54:13.797" intervalms="2069.522" />
<gc-start id="1946" type="scavenge" contextid="1945" timestamp="2020-09-11T12:54:13.797">
  <mem-info id="1947" free="340456312" total="2323709952" percent="14">
    <mem type="nursery" free="0" total="939524096" percent="0">
      <mem type="allocate" free="0" total="803274752" percent="0" />
      <mem type="survivor" free="0" total="136249344" percent="0" />
    </mem>
    <mem type="tenure" free="340456312" total="1384185856" percent="24">
      <mem type="soa" free="257404792" total="1301134336" percent="19" />
      <mem type="loa" free="83051520" total="83051520" percent="100" />
    </mem>
    <remembered-set count="191658" />
  </mem-info>
</gc-start>
<allocation-stats totalBytes="692750984" >
  <allocated-bytes non-tlh="29816488" tlh="662934496" />
  <largest-consumer threadName="Group1.Backend.CompositeBackend{Tier1}.3" threadId="0000000000819400" bytes="105433352" />
</allocation-stats>
<gc-op id="1948" type="scavenge" timems="106.262" contextid="1945" timestamp="2020-09-11T12:54:13.903">
  <scavenger-info tenureage="3" tenuremask="7ff8" tiltratio="85" />
  <memory-copied type="nursery" objects="4212685" bytes="112269168" bytesdiscarded="194928" />
  <memory-copied type="tenure" objects="1086108" bytes="29243160" bytesdiscarded="90064" />
  <ownableSynchronizers candidates="13111" cleared="8283" />
  <references type="soft" candidates="2834" cleared="0" enqueued="0" dynamicThreshold="14" maxThreshold="32" />
  <references type="weak" candidates="109" cleared="108" enqueued="0" />
</gc-op>
<gc-end id="1949" type="scavenge" contextid="1945" durationms="107.617" usertimems="838.441" systemtimems="0.000" timestamp="2020-09-11T12:54:13.904" activeThreads="8">
  <mem-info id="1950" free="1003354032" total="2323709952" percent="43">
    <mem type="nursery" free="692225248" total="939524096" percent="73">
      <mem type="allocate" free="692225248" total="804782080" percent="86" />
      <mem type="survivor" free="0" total="134742016" percent="0" />
    </mem>
    <mem type="tenure" free="311128784" total="1384185856" percent="22" macro-fragmented="262160">
      <mem type="soa" free="228077264" total="1301134336" percent="17" />
      <mem type="loa" free="83051520" total="83051520" percent="100" />
    </mem>
    <remembered-set count="30774" />
  </mem-info>
</gc-end>
<cycle-end id="1951" type="scavenge" contextid="1945" timestamp="2020-09-11T12:54:13.907" />
<allocation-satisfied id="1952" threadId="0000000000863200" bytesRequested="120" />
<af-end id="1953" timestamp="2020-09-11T12:54:13.907" threadId="0000000000863B80" success="true" from="nursery"/>
<exclusive-end id="1954" timestamp="2020-09-11T12:54:13.907" durationms="111.757" />

<exclusive-start id="1955" timestamp="2020-09-11T12:54:15.863" intervalms="2067.599">
  <response-info timems="2.841" idlems="2.841" threads="0" lastid="000000000086AF00" lastname="Group1.Backend.CompositeBackend{Tier1}.5" />
</exclusive-start>
<af-start id="1956" threadId="000000000086B880" totalBytesRequested="16" timestamp="2020-09-11T12:54:15.864" intervalms="2067.319" type="nursery" />
<cycle-start id="1957" type="scavenge" contextid="0" timestamp="2020-09-11T12:54:15.864" intervalms="2067.289" />
<gc-start id="1958" type="scavenge" contextid="1957" timestamp="2020-09-11T12:54:15.865">
  <mem-info id="1959" free="311128784" total="2323709952" percent="13">
    <mem type="nursery" free="0" total="939524096" percent="0">
      <mem type="allocate" free="0" total="804782080" percent="0" />
      <mem type="survivor" free="0" total="134742016" percent="0" />
    </mem>
    <mem type="tenure" free="311128784" total="1384185856" percent="22">
      <mem type="soa" free="228077264" total="1301134336" percent="17" />
      <mem type="loa" free="83051520" total="83051520" percent="100" />
    </mem>
    <remembered-set count="192520" />
  </mem-info>
</gc-start>
<allocation-stats totalBytes="691834640" >
  <allocated-bytes non-tlh="31350352" tlh="660484288" />
  <largest-consumer threadName="Group1.Backend.CompositeBackend{Tier1}.6" threadId="000000000088B400" bytes="96746312" />
</allocation-stats>
<gc-op id="1960" type="scavenge" timems="114.941" contextid="1957" timestamp="2020-09-11T12:54:15.980">
  <scavenger-info tenureage="3" tenuremask="7ff8" tiltratio="85" />
  <memory-copied type="nursery" objects="4082202" bytes="109608840" bytesdiscarded="169872" />
  <memory-copied type="tenure" objects="1095912" bytes="29495616" bytesdiscarded="103504" />
  <ownableSynchronizers candidates="13517" cleared="8910" />
  <references type="soft" candidates="2741" cleared="0" enqueued="0" dynamicThreshold="14" maxThreshold="32" />
  <references type="weak" candidates="128" cleared="128" enqueued="0" />
</gc-op>
<gc-end id="1961" type="scavenge" contextid="1957" durationms="116.746" usertimems="890.824" systemtimems="3.521" timestamp="2020-09-11T12:54:15.981" activeThreads="8">
  <mem-info id="1962" free="978166584" total="2323709952" percent="42">
    <mem type="nursery" free="696679936" total="939524096" percent="74">
      <mem type="allocate" free="696679936" total="806551552" percent="86" />
      <mem type="survivor" free="0" total="132972544" percent="0" />
    </mem>
    <mem type="tenure" free="281486648" total="1384185856" percent="20" macro-fragmented="0">
      <mem type="soa" free="198435128" total="1301134336" percent="15" />
      <mem type="loa" free="83051520" total="83051520" percent="100" />
    </mem>
    <remembered-set count="31675" />
  </mem-info>
</gc-end>
<cycle-end id="1963" type="scavenge" contextid="1957" timestamp="2020-09-11T12:54:15.984" />
<allocation-satisfied id="1964" threadId="000000000086AF00" bytesRequested="16" />
<af-end id="1965" timestamp="2020-09-11T12:54:15.984" threadId="000000000086B880" success="true" from="nursery"/>
<exclusive-end id="1966" timestamp="2020-09-11T12:54:15.984" durationms="121.123" />

<exclusive-start id="1967" timestamp="2020-09-11T12:54:17.885" intervalms="2022.590">
  <response-info timems="2.678" idlems="2.678" threads="0" lastid="0000000000819400" lastname="Group1.Backend.CompositeBackend{Tier1}.3" />
</exclusive-start>
<af-start id="1968" threadId="0000000000819D80" totalBytesRequested="16" timestamp="2020-09-11T12:54:17.888" intervalms="2024.278" type="nursery" />
<cycle-start id="1969" type="scavenge" contextid="0" timestamp="2020-09-11T12:54:17.889" intervalms="2025.115" />
<gc-start id="1970" type="scavenge" contextid="1969" timestamp="2020-09-11T12:54:17.889">
  <mem-info id="1971" free="281486648" total="2323709952" percent="12">
    <mem type="nursery" free="0" total="939524096" percent="0">
      <mem type="allocate" free="0" total="806551552" percent="0" />
      <mem type="survivor" free="0" total="132972544" percent="0" />
    </mem>
    <mem type="tenure" free="281486648" total="1384185856" percent="20">
      <mem type="soa" free="198435128" total="1301134336" percent="15" />
      <mem type="loa" free="83051520" total="83051520" percent="100" />
    </mem>
    <remembered-set count="191213" />
  </mem-info>
</gc-start>
<allocation-stats totalBytes="696279472" >
  <allocated-bytes non-tlh="35870120" tlh="660409352" />
  <largest-consumer threadName="Group1.Backend.CompositeBackend{Tier1}.1" threadId="000000000078C200" bytes="116526080" />
</allocation-stats>
<gc-op id="1972" type="scavenge" timems="116.805" contextid="1969" timestamp="2020-09-11T12:54:18.006">
  <scavenger-info tenureage="3" tenuremask="7ff8" tiltratio="85" />
  <memory-copied type="nursery" objects="4149367" bytes="111268216" bytesdiscarded="276088" />
  <memory-copied type="tenure" objects="1092014" bytes="29382208" bytesdiscarded="111144" />
  <ownableSynchronizers candidates="13457" cleared="8976" />
  <references type="soft" candidates="2565" cleared="0" enqueued="0" dynamicThreshold="14" maxThreshold="32" />
  <references type="weak" candidates="118" cleared="118" enqueued="0" />
</gc-op>
<gc-end id="1973" type="scavenge" contextid="1969" durationms="118.174" usertimems="905.479" systemtimems="0.000" timestamp="2020-09-11T12:54:18.007" activeThreads="8">
  <mem-info id="1974" free="948240344" total="2323709952" percent="40">
    <mem type="nursery" free="696224664" total="939524096" percent="74">
      <mem type="allocate" free="696224664" total="807862272" percent="86" />
      <mem type="survivor" free="0" total="131661824" percent="0" />
    </mem>
    <mem type="tenure" free="252015680" total="1384185856" percent="18" macro-fragmented="0">
      <mem type="soa" free="168964160" total="1301134336" percent="12" />
      <mem type="loa" free="83051520" total="83051520" percent="100" />
    </mem>
    <remembered-set count="31345" />
  </mem-info>
</gc-end>
<cycle-end id="1975" type="scavenge" contextid="1969" timestamp="2020-09-11T12:54:18.009" />
<allocation-satisfied id="1976" threadId="0000000000819400" bytesRequested="16" />
<af-end id="1977" timestamp="2020-09-11T12:54:18.009" threadId="0000000000819D80" success="true" from="nursery"/>
<exclusive-end id="1978" timestamp="2020-09-11T12:54:18.009" durationms="123.586" />

<exclusive-start id="1979" timestamp="2020-09-11T12:54:19.930" intervalms="2044.116">
  <response-info timems="0.834" idlems="0.834" threads="0" lastid="00000000008C3100" lastname="Group1.Backend.CompositeBackend{Tier1}.7" />
</exclusive-start>
<af-start id="1980" threadId="00000000008C3A80" totalBytesRequested="32" timestamp="2020-09-11T12:54:19.930" intervalms="2042.468" type="nursery" />
<cycle-start id="1981" type="scavenge" contextid="0" timestamp="2020-09-11T12:54:19.931" intervalms="2041.663" />
<gc-start id="1982" type="scavenge" contextid="1981" timestamp="2020-09-11T12:54:19.931">
  <mem-info id="1983" free="252015680" total="2323709952" percent="10">
    <mem type="nursery" free="0" total="939524096" percent="0">
      <mem type="allocate" free="0" total="807862272" percent="0" />
      <mem type="survivor" free="0" total="131661824" percent="0" />
    </mem>
    <mem type="tenure" free="252015680" total="1384185856" percent="18">
      <mem type="soa" free="168964160" total="1301134336" percent="12" />
      <mem type="loa" free="83051520" total="83051520" percent="100" />
    </mem>
    <remembered-set count="192349" />
  </mem-info>
</gc-start>
<allocation-stats totalBytes="695831080" >
  <allocated-bytes non-tlh="33349328" tlh="662481752" />
  <largest-consumer threadName="Group1.Backend.CompositeBackend{Tier1}.1" threadId="000000000078C200" bytes="88939088" />
</allocation-stats>
<gc-op id="1984" type="scavenge" timems="110.331" contextid="1981" timestamp="2020-09-11T12:54:20.041">
  <scavenger-info tenureage="3" tenuremask="7ff8" tiltratio="85" />
  <memory-copied type="nursery" objects="4054666" bytes="108948320" bytesdiscarded="239760" />
  <memory-copied type="tenure" objects="1108186" bytes="29831392" bytesdiscarded="93800" />
  <ownableSynchronizers candidates="12534" cleared="8349" />
  <references type="soft" candidates="2564" cleared="0" enqueued="0" dynamicThreshold="14" maxThreshold="32" />
  <references type="weak" candidates="117" cleared="117" enqueued="0" />
</gc-op>
<gc-end id="1985" type="scavenge" contextid="1981" durationms="111.764" usertimems="851.925" systemtimems="0.000" timestamp="2020-09-11T12:54:20.043" activeThreads="8">
  <mem-info id="1986" free="922003456" total="2323709952" percent="39">
    <mem type="nursery" free="699956736" total="939524096" percent="74">
      <mem type="allocate" free="699956736" total="809238528" percent="86" />
      <mem type="survivor" free="0" total="130285568" percent="0" />
    </mem>
    <mem type="tenure" free="222046720" total="1384185856" percent="16" macro-fragmented="32784">
      <mem type="soa" free="138995200" total="1301134336" percent="10" />
      <mem type="loa" free="83051520" total="83051520" percent="100" />
    </mem>
    <remembered-set count="32136" />
  </mem-info>
</gc-end>
<cycle-end id="1987" type="scavenge" contextid="1981" timestamp="2020-09-11T12:54:20.044" />
<allocation-satisfied id="1988" threadId="00000000008C3100" bytesRequested="32" />
<af-end id="1989" timestamp="2020-09-11T12:54:20.044" threadId="00000000008C3A80" success="true" from="nursery"/>
<exclusive-end id="1990" timestamp="2020-09-11T12:54:20.044" durationms="114.361" />

<exclusive-start id="1991" timestamp="2020-09-11T12:54:22.046" intervalms="2116.349">
  <response-info timems="0.847" idlems="0.847" threads="0" lastid="00000000007EB800" lastname="Group1.Backend.CompositeBackend{Tier1}.2" />
</exclusive-start>
<af-start id="1992" threadId="00000000007EC180" totalBytesRequested="32" timestamp="2020-09-11T12:54:22.047" intervalms="2116.558" type="nursery" />
<cycle-start id="1993" type="scavenge" contextid="0" timestamp="2020-09-11T12:54:22.047" intervalms="2116.587" />
<gc-start id="1994" type="scavenge" contextid="1993" timestamp="2020-09-11T12:54:22.048">
  <mem-info id="1995" free="222046720" total="2323709952" percent="9">
    <mem type="nursery" free="0" total="939524096" percent="0">
      <mem type="allocate" free="0" total="809238528" percent="0" />
      <mem type="survivor" free="0" total="130285568" percent="0" />
    </mem>
    <mem type="tenure" free="222046720" total="1384185856" percent="16">
      <mem type="soa" free="138995200" total="1301134336" percent="10" />
      <mem type="loa" free="83051520" total="83051520" percent="100" />
    </mem>
    <remembered-set count="194809" />
  </mem-info>
</gc-start>
<allocation-stats totalBytes="699522776" >
  <allocated-bytes non-tlh="30163960" tlh="669358816" />
  <largest-consumer threadName="Group1.Backend.CompositeBackend{Tier1}.4" threadId="0000000000863200" bytes="115205664" />
</allocation-stats>
<gc-op id="1996" type="scavenge" timems="103.007" contextid="1993" timestamp="2020-09-11T12:54:22.151">
  <scavenger-info tenureage="3" tenuremask="7ff8" tiltratio="86" />
  <memory-copied type="nursery" objects="4205825" bytes="112243896" bytesdiscarded="102552" />
  <memory-copied type="tenure" objects="1108995" bytes="29828120" bytesdiscarded="91960" />
  <ownableSynchronizers candidates="14504" cleared="10098" />
  <references type="soft" candidates="2677" cleared="0" enqueued="0" dynamicThreshold="14" maxThreshold="32" />
  <references type="weak" candidates="111" cleared="111" enqueued="0" />
</gc-op>
<gc-end id="1997" type="scavenge" contextid="1993" durationms="104.298" usertimems="797.590" systemtimems="0.000" timestamp="2020-09-11T12:54:22.152" activeThreads="8">
  <mem-info id="1998" free="889412440" total="2323709952" percent="38">
    <mem type="nursery" free="697461928" total="939524096" percent="74">
      <mem type="allocate" free="697461928" total="809893888" percent="86" />
      <mem type="survivor" free="0" total="129630208" percent="0" />
    </mem>
    <mem type="tenure" free="191950512" total="1384185856" percent="13" macro-fragmented="0">
      <mem type="soa" free="108898992" total="1301134336" percent="8" />
      <mem type="loa" free="83051520" total="83051520" percent="100" />
    </mem>
    <remembered-set count="31854" />
  </mem-info>
</gc-end>
<cycle-end id="1999" type="scavenge" contextid="1993" timestamp="2020-09-11T12:54:22.153" />
<allocation-satisfied id="2000" threadId="00000000007EB800" bytesRequested="32" />
<af-end id="2001" timestamp="2020-09-11T12:54:22.153" threadId="00000000007EC180" success="true" from="nursery"/>
<exclusive-end id="2002" timestamp="2020-09-11T12:54:22.153" durationms="107.173" />

<exclusive-start id="2003" timestamp="2020-09-11T12:54:24.108" intervalms="2061.907">
  <response-info timems="0.544" idlems="0.544" threads="0" lastid="000000000086AF00" lastname="Group1.Backend.CompositeBackend{Tier1}.5" />
</exclusive-start>
<af-start id="2004" threadId="000000000086B880" totalBytesRequested="32" timestamp="2020-09-11T12:54:24.109" intervalms="2061.518" type="nursery" />
<cycle-start id="2005" type="scavenge" contextid="0" timestamp="2020-09-11T12:54:24.109" intervalms="2061.430" />
<gc-start id="2006" type="scavenge" contextid="2005" timestamp="2020-09-11T12:54:24.109">
  <mem-info id="2007" free="191950512" total="2323709952" percent="8">
    <mem type="nursery" free="0" total="939524096" percent="0">
      <mem type="allocate" free="0" total="809893888" percent="0" />
      <mem type="survivor" free="0" total="129630208" percent="0" />
    </mem>
    <mem type="tenure" free="191950512" total="1384185856" percent="13">
      <mem type="soa" free="108898992" total="1301134336" percent="8" />
      <mem type="loa" free="83051520" total="83051520" percent="100" />
    </mem>
    <remembered-set count="192837" />
  </mem-info>
</gc-start>
<allocation-stats totalBytes="697076008" >
  <allocated-bytes non-tlh="32578352" tlh="664497656" />
  <largest-consumer threadName="Group1.Backend.CompositeBackend{Tier1}.8" threadId="00000000008DD200" bytes="95838040" />
</allocation-stats>
<gc-op id="2008" type="scavenge" timems="112.437" contextid="2005" timestamp="2020-09-11T12:54:24.221">
  <scavenger-info tenureage="3" tenuremask="7ff8" tiltratio="86" />
  <memory-copied type="nursery" objects="4076440" bytes="109416024" bytesdiscarded="164816" />
  <memory-copied type="tenure" objects="1063518" bytes="28724384" bytesdiscarded="32000" />
  <ownableSynchronizers candidates="12926" cleared="8564" />
  <references type="soft" candidates="2652" cleared="0" enqueued="0" dynamicThreshold="14" maxThreshold="32" />
  <references type="weak" candidates="123" cleared="122" enqueued="0" />
</gc-op>
<gc-end id="2009" type="scavenge" contextid="2005" durationms="113.434" usertimems="793.854" systemtimems="0.000" timestamp="2020-09-11T12:54:24.222" activeThreads="8">
  <mem-info id="2010" free="864144776" total="2323709952" percent="37">
    <mem type="nursery" free="701013760" total="939524096" percent="74">
      <mem type="allocate" free="701013760" total="810680320" percent="86" />
      <mem type="survivor" free="0" total="128843776" percent="0" />
    </mem>
    <mem type="tenure" free="163131016" total="1384185856" percent="11" macro-fragmented="1041780">
      <mem type="soa" free="80079496" total="1301134336" percent="6" />
      <mem type="loa" free="83051520" total="83051520" percent="100" />
    </mem>
    <remembered-set count="30506" />
  </mem-info>
</gc-end>
<cycle-end id="2011" type="scavenge" contextid="2005" timestamp="2020-09-11T12:54:24.224" />
<allocation-satisfied id="2012" threadId="000000000086AF00" bytesRequested="32" />
<af-end id="2013" timestamp="2020-09-11T12:54:24.224" threadId="000000000086B880" success="true" from="nursery"/>
<exclusive-end id="2014" timestamp="2020-09-11T12:54:24.224" durationms="115.865" />

<exclusive-start id="2015" timestamp="2020-09-11T12:54:26.183" intervalms="2075.538">
  <response-info timems="3.005" idlems="1.747" threads="1" lastid="00000000008DD200" lastname="Group1.Backend.CompositeBackend{Tier1}.8" />
</exclusive-start>
<af-start id="2016" threadId="00000000009F9580" totalBytesRequested="56" timestamp="2020-09-11T12:54:26.184" intervalms="2075.772" type="nursery" />
<cycle-start id="2017" type="scavenge" contextid="0" timestamp="2020-09-11T12:54:26.185" intervalms="2075.889" />
<gc-start id="2018" type="scavenge" contextid="2017" timestamp="2020-09-11T12:54:26.185">
  <mem-info id="2019" free="163131016" total="2323709952" percent="7">
    <mem type="nursery" free="0" total="939524096" percent="0">
      <mem type="allocate" free="0" total="810680320" percent="0" />
      <mem type="survivor" free="0" total="128843776" percent="0" />
    </mem>
    <mem type="tenure" free="163131016" total="1384185856" percent="11">
      <mem type="soa" free="80079496" total="1301134336" percent="6" />
      <mem type="loa" free="83051520" total="83051520" percent="100" />
    </mem>
    <remembered-set count="193653" />
  </mem-info>
</gc-start>
<allocation-stats totalBytes="700609464" >
  <allocated-bytes non-tlh="32513120" tlh="668096344" />
  <largest-consumer threadName="Group1.Backend.CompositeBackend{Tier1}.6" threadId="000000000088B400" bytes="116691752" />
</allocation-stats>
<gc-op id="2020" type="scavenge" timems="131.213" contextid="2017" timestamp="2020-09-11T12:54:26.316">
  <scavenger-info tenureage="3" tenuremask="7ff8" tiltratio="86" />
  <memory-copied type="nursery" objects="4336387" bytes="115511160" bytesdiscarded="240280" />
  <memory-copied type="tenure" objects="1079326" bytes="29038896" bytesdiscarded="35032" />
  <ownableSynchronizers candidates="12469" cleared="8200" />
  <references type="soft" candidates="2639" cleared="0" enqueued="0" dynamicThreshold="14" maxThreshold="32" />
  <references type="weak" candidates="113" cleared="113" enqueued="0" />
</gc-op>
<gc-end id="2021" type="scavenge" contextid="2017" durationms="132.165" usertimems="951.291" systemtimems="8.375" timestamp="2020-09-11T12:54:26.317" activeThreads="8">
  <mem-info id="2022" free="823180608" total="2323709952" percent="35">
    <mem type="nursery" free="688942456" total="939524096" percent="73">
      <mem type="allocate" free="688942456" total="804782080" percent="85" />
      <mem type="survivor" free="0" total="134742016" percent="0" />
    </mem>
    <mem type="tenure" free="134238152" total="1384185856" percent="9" macro-fragmented="0">
      <mem type="soa" free="51186632" total="1301134336" percent="3" />
      <mem type="loa" free="83051520" total="83051520" percent="100" />
    </mem>
    <remembered-set count="31284" />
  </mem-info>
</gc-end>
<cycle-end id="2023" type="scavenge" contextid="2017" timestamp="2020-09-11T12:54:26.318" />
<allocation-satisfied id="2024" threadId="00000000009F8C00" bytesRequested="56" />
<af-end id="2025" timestamp="2020-09-11T12:54:26.318" threadId="00000000009F9580" success="true" from="nursery"/>
<exclusive-end id="2026" timestamp="2020-09-11T12:54:26.318" durationms="134.996" />

<exclusive-start id="2027" timestamp="2020-09-11T12:54:28.270" intervalms="2086.539">
  <response-info timems="0.622" idlems="0.622" threads="0" lastid="000000000088B400" lastname="Group1.Backend.CompositeBackend{Tier1}.6" />
</exclusive-start>
<af-start id="2028" threadId="000000000088BD80" totalBytesRequested="16" timestamp="2020-09-11T12:54:28.271" intervalms="2086.346" type="nursery" />
<cycle-start id="2029" type="scavenge" contextid="0" timestamp="2020-09-11T12:54:28.271" intervalms="2086.232" />
<gc-start id="2030" type="scavenge" contextid="2029" timestamp="2020-09-11T12:54:28.271">
  <mem-info id="2031" free="134235944" total="2323709952" percent="5">
    <mem type="nursery" free="0" total="939524096" percent="0">
      <mem type="allocate" free="0" total="804782080" percent="0" />
      <mem type="survivor" free="0" total="134742016" percent="0" />
    </mem>
    <mem type="tenure" free="134235944" total="1384185856" percent="9">
      <mem type="soa" free="51184424" total="1301134336" percent="3" />
      <mem type="loa" free="83051520" total="83051520" percent="100" />
    </mem>
    <remembered-set count="193530" />
  </mem-info>
</gc-start>
<allocation-stats totalBytes="688535920" >
  <allocated-bytes non-tlh="26735512" tlh="661800408" />
  <largest-consumer threadName="Group1.Backend.CompositeBackend{Tier1}.6" threadId="000000000088B400" bytes="116400376" />
</allocation-stats>
<gc-op id="2032" type="scavenge" timems="104.410" contextid="2029" timestamp="2020-09-11T12:54:28.376">
  <scavenger-info tenureage="3" tenuremask="7ff8" tiltratio="85" />
  <memory-copied type="nursery" objects="4101201" bytes="110084120" bytesdiscarded="210792" />
  <memory-copied type="tenure" objects="1101330" bytes="29631856" bytesdiscarded="31144" />
  <ownableSynchronizers candidates="18250" cleared="13880" />
  <references type="soft" candidates="2445" cleared="0" enqueued="0" dynamicThreshold="14" maxThreshold="32" />
  <references type="weak" candidates="124" cleared="116" enqueued="1" />
</gc-op>
<gc-end id="2033" type="scavenge" contextid="2029" durationms="105.650" usertimems="779.970" systemtimems="7.783" timestamp="2020-09-11T12:54:28.377" activeThreads="8">
  <mem-info id="2034" free="800030952" total="2323709952" percent="34">
    <mem type="nursery" free="695445248" total="939524096" percent="74">
      <mem type="allocate" free="695445248" total="805830656" percent="86" />
      <mem type="survivor" free="0" total="133693440" percent="0" />
    </mem>
    <mem type="tenure" free="104585704" total="1384185856" percent="7" macro-fragmented="0">
      <mem type="soa" free="21534184" total="1301134336" percent="1" />
      <mem type="loa" free="83051520" total="83051520" percent="100" />
    </mem>
    <pending-finalizers system="0" default="0" reference="1" classloader="0" />
    <remembered-set count="31270" />
  </mem-info>
</gc-end>
<cycle-end id="2035" type="scavenge" contextid="2029" timestamp="2020-09-11T12:54:28.380" />
<allocation-satisfied id="2036" threadId="000000000088B400" bytesRequested="16" />
<af-end id="2037" timestamp="2020-09-11T12:54:28.380" threadId="000000000088BD80" success="true" from="nursery"/>
<exclusive-end id="2038" timestamp="2020-09-11T12:54:28.380" durationms="110.119" />

<exclusive-start id="2039" timestamp="2020-09-11T12:54:30.288" intervalms="2017.768">
  <response-info timems="0.819" idlems="0.819" threads="0" lastid="00000000007EB800" lastname="Group1.Backend.CompositeBackend{Tier1}.2" />
</exclusive-start>
<af-start id="2040" threadId="00000000007EC180" totalBytesRequested="24" timestamp="2020-09-11T12:54:30.289" intervalms="2018.370" type="nursery" />
<percolate-collect id="2041" from="nursery" to="global" reason="prevent tenure expand" timestamp="2020-09-11T12:54:30.289"/>
<cycle-start id="2042" type="global" contextid="0" timestamp="2020-09-11T12:54:30.289" intervalms="38126.964" />
<gc-start id="2043" type="global" contextid="2042" timestamp="2020-09-11T12:54:30.290">
  <mem-info id="2044" free="104585704" total="2323709952" percent="4">
    <mem type="nursery" free="0" total="939524096" percent="0">
      <mem type="allocate" free="0" total="805830656" percent="0" />
      <mem type="survivor" free="0" total="133693440" percent="0" />
    </mem>
    <mem type="tenure" free="104585704" total="1384185856" percent="7">
      <mem type="soa" free="21534184" total="1301134336" percent="1" />
      <mem type="loa" free="83051520" total="83051520" percent="100" />
    </mem>
    <remembered-set count="192182" />
  </mem-info>
</gc-start>
<allocation-stats totalBytes="695034344" >
  <allocated-bytes non-tlh="34205376" tlh="660828968" />
  <largest-consumer threadName="Group1.Backend.CompositeBackend{Tier1}.5" threadId="000000000086AF00" bytes="108390976" />
</allocation-stats>
<gc-op id="2045" type="mark" timems="697.197" contextid="2042" timestamp="2020-09-11T12:54:30.987">
  <trace-info objectcount="30419362" scancount="29442450" scanbytes="804538356" />
  <finalization candidates="147" enqueued="0" />
  <ownableSynchronizers candidates="575659" cleared="14152" />
  <references type="soft" candidates="678645" cleared="0" enqueued="0" dynamicThreshold="14" maxThreshold="32" />
  <references type="weak" candidates="4386" cleared="98" enqueued="0" />
  <references type="phantom" candidates="108" cleared="0" enqueued="0" />
  <stringconstants candidates="11188" cleared="4"  />
</gc-op>
<gc-op id="2046" type="classunload" timems="2.601" contextid="2042" timestamp="2020-09-11T12:54:30.990">
  <classunload-info classloadercandidates="180" classloadersunloaded="3" classesunloaded="3" anonymousclassesunloaded="0" quiescems="0.000" setupms="2.524" scanms="0.060" postms="0.017" />
</gc-op>
<gc-op id="2047" type="sweep" timems="15.266" contextid="2042" timestamp="2020-09-11T12:54:31.006" />
<heap-resize id="2048" type="contract" space="tenure" amount="69271552" count="1" timems="13.776" reason="insufficient time being spent in gc" timestamp="2020-09-11T12:54:31.020" />
<gc-end id="2049" type="global" contextid="2042" durationms="731.128" usertimems="5028.311" systemtimems="26.274" timestamp="2020-09-11T12:54:31.021" activeThreads="8">
  <mem-info id="2050" free="1164749120" total="2254438400" percent="51">
    <mem type="nursery" free="608623216" total="939524096" percent="64">
      <mem type="allocate" free="608623216" total="805830656" percent="75" />
      <mem type="survivor" free="0" total="133693440" percent="0" />
    </mem>
    <mem type="tenure" free="556125904" total="1314914304" percent="42" micro-fragmented="20891281" macro-fragmented="0">
      <mem type="soa" free="519860104" total="1236019200" percent="42" />
      <mem type="loa" free="36265800" total="78895104" percent="45" />
    </mem>
    <remembered-set count="185895" />
  </mem-info>
</gc-end>
<cycle-end id="2051" type="global" contextid="2042" timestamp="2020-09-11T12:54:31.024" />
<allocation-satisfied id="2052" threadId="00000000007EB800" bytesRequested="24" />
<af-end id="2053" timestamp="2020-09-11T12:54:31.024" threadId="00000000007EC180" success="true" from="nursery"/>
<exclusive-end id="2054" timestamp="2020-09-11T12:54:31.024" durationms="735.918" />

<exclusive-start id="2055" timestamp="2020-09-11T12:54:32.082" intervalms="1794.662">
  <response-info timems="2.346" idlems="2.346" threads="0" lastid="00000000008C3100" lastname="Group1.Backend.CompositeBackend{Tier1}.7" />
</exclusive-start>
<af-start id="2056" threadId="00000000008C3A80" totalBytesRequested="131080" timestamp="2020-09-11T12:54:32.083" intervalms="1794.379" type="nursery" />
<cycle-start id="2057" type="scavenge" contextid="0" timestamp="2020-09-11T12:54:32.084" intervalms="3812.793" />
<gc-start id="2058" type="scavenge" contextid="2057" timestamp="2020-09-11T12:54:32.084">
  <mem-info id="2059" free="557528208" total="2254438400" percent="24">
    <mem type="nursery" free="1402400" total="939524096" percent="0">
      <mem type="allocate" free="1402400" total="805830656" percent="0" />
      <mem type="survivor" free="0" total="133693440" percent="0" />
    </mem>
    <mem type="tenure" free="556125808" total="1314914304" percent="42">
      <mem type="soa" free="519860008" total="1236019200" percent="42" />
      <mem type="loa" free="36265800" total="78895104" percent="45" />
    </mem>
    <remembered-set count="240447" />
  </mem-info>
</gc-start>
<allocation-stats totalBytes="604783920" >
  <allocated-bytes non-tlh="35552408" tlh="569231512" />
  <largest-consumer threadName="Group1.Backend.CompositeBackend{Tier1}.4" threadId="0000000000863200" bytes="112517200" />
</allocation-stats>
<gc-op id="2060" type="scavenge" timems="179.755" contextid="2057" timestamp="2020-09-11T12:54:32.264">
  <scavenger-info tenureage="3" tenuremask="7ff8" tiltratio="85" />
  <memory-copied type="nursery" objects="4978045" bytes="133495032" bytesdiscarded="39520" />
  <memory-copied type="tenure" objects="1129010" bytes="30239304" bytesdiscarded="42088" />
  <copy-failed type="nursery" objects="128126" bytes="3313552" />
  <ownableSynchronizers candidates="1134587" cleared="1129688" />
  <references type="soft" candidates="2804" cleared="0" enqueued="0" dynamicThreshold="13" maxThreshold="32" />
  <references type="weak" candidates="106" cleared="98" enqueued="0" />
</gc-op>
<gc-end id="2061" type="scavenge" contextid="2057" durationms="181.187" usertimems="1244.376" systemtimems="21.730" timestamp="2020-09-11T12:54:32.265" activeThreads="8">
  <mem-info id="2062" free="1148434472" total="2254438400" percent="50">
    <mem type="nursery" free="622657536" total="939524096" percent="66">
      <mem type="allocate" free="622657536" total="756350976" percent="82" />
      <mem type="survivor" free="0" total="183173120" percent="0" />
    </mem>
    <mem type="tenure" free="525776936" total="1314914304" percent="39" macro-fragmented="0">
      <mem type="soa" free="489511136" total="1236019200" percent="39" />
      <mem type="loa" free="36265800" total="78895104" percent="45" />
    </mem>
    <remembered-set count="39140" />
  </mem-info>
</gc-end>
<cycle-end id="2063" type="scavenge" contextid="2057" timestamp="2020-09-11T12:54:32.267" />
<allocation-satisfied id="2064" threadId="00000000008C3100" bytesRequested="131080" />
<af-end id="2065" timestamp="2020-09-11T12:54:32.267" threadId="00000000008C3A80" success="true" from="nursery"/>
<exclusive-end id="2066" timestamp="2020-09-11T12:54:32.267" durationms="184.715" />

<exclusive-start id="2067" timestamp="2020-09-11T12:54:33.820" intervalms="1738.140">
  <response-info timems="0.584" idlems="0.584" threads="0" lastid="0000000000819400" lastname="Group1.Backend.CompositeBackend{Tier1}.3" />
</exclusive-start>
<af-start id="2068" threadId="0000000000819D80" totalBytesRequested="262152" timestamp="2020-09-11T12:54:33.821" intervalms="1737.921" type="nursery" />
<cycle-start id="2069" type="scavenge" contextid="0" timestamp="2020-09-11T12:54:33.821" intervalms="1737.884" />
<gc-start id="2070" type="scavenge" contextid="2069" timestamp="2020-09-11T12:54:33.822">
  <mem-info id="2071" free="525866296" total="2254438400" percent="23">
    <mem type="nursery" free="89360" total="939524096" percent="0">
      <mem type="allocate" free="89360" total="756350976" percent="0" />
      <mem type="survivor" free="0" total="183173120" percent="0" />
    </mem>
    <mem type="tenure" free="525776936" total="1314914304" percent="39">
      <mem type="soa" free="489511136" total="1236019200" percent="39" />
      <mem type="loa" free="36265800" total="78895104" percent="45" />
    </mem>
    <remembered-set count="193073" />
  </mem-info>
</gc-start>
<allocation-stats totalBytes="622181536" >
  <allocated-bytes non-tlh="24711920" tlh="597469616" />
  <largest-consumer threadName="Group1.Backend.CompositeBackend{Tier1}.4" threadId="0000000000863200" bytes="121261544" />
</allocation-stats>
<gc-op id="2072" type="scavenge" timems="99.121" contextid="2069" timestamp="2020-09-11T12:54:33.921">
  <scavenger-info tenureage="3" tenuremask="7ff8" tiltratio="80" />
  <memory-copied type="nursery" objects="4844877" bytes="130129224" bytesdiscarded="223552" />
  <memory-copied type="tenure" objects="1021887" bytes="27504328" bytesdiscarded="58304" />
  <ownableSynchronizers candidates="15728" cleared="11066" />
  <references type="soft" candidates="2563" cleared="0" enqueued="0" dynamicThreshold="13" maxThreshold="32" />
  <references type="weak" candidates="119" cleared="112" enqueued="0" />
</gc-op>
<gc-end id="2073" type="scavenge" contextid="2069" durationms="100.287" usertimems="763.373" systemtimems="0.000" timestamp="2020-09-11T12:54:33.922" activeThreads="8">
  <mem-info id="2074" free="1130027888" total="2254438400" percent="50">
    <mem type="nursery" free="631873272" total="939524096" percent="67">
      <mem type="allocate" free="631873272" total="762314752" percent="82" />
      <mem type="survivor" free="0" total="177209344" percent="0" />
    </mem>
    <mem type="tenure" free="498154616" total="1314914304" percent="37" macro-fragmented="0">
      <mem type="soa" free="461888816" total="1236019200" percent="37" />
      <mem type="loa" free="36265800" total="78895104" percent="45" />
    </mem>
    <remembered-set count="38476" />
  </mem-info>
</gc-end>
<cycle-end id="2075" type="scavenge" contextid="2069" timestamp="2020-09-11T12:54:33.925" />
<allocation-satisfied id="2076" threadId="0000000000819400" bytesRequested="262152" />
<af-end id="2077" timestamp="2020-09-11T12:54:33.925" threadId="0000000000819D80" success="true" from="nursery"/>
<exclusive-end id="2078" timestamp="2020-09-11T12:54:33.925" durationms="104.576" />

<exclusive-start id="2079" timestamp="2020-09-11T12:54:35.725" intervalms="1904.341">
  <response-info timems="4.050" idlems="4.050" threads="0" lastid="000000000078C200" lastname="Group1.Backend.CompositeBackend{Tier1}.1" />
</exclusive-start>
<af-start id="2080" threadId="000000000078CB80" totalBytesRequested="32" timestamp="2020-09-11T12:54:35.726" intervalms="1904.591" type="nursery" />
<cycle-start id="2081" type="scavenge" contextid="0" timestamp="2020-09-11T12:54:35.726" intervalms="1904.630" />
<gc-start id="2082" type="scavenge" contextid="2081" timestamp="2020-09-11T12:54:35.727">
  <mem-info id="2083" free="498154616" total="2254438400" percent="22">
    <mem type="nursery" free="0" total="939524096" percent="0">
      <mem type="allocate" free="0" total="762314752" percent="0" />
      <mem type="survivor" free="0" total="177209344" percent="0" />
    </mem>
    <mem type="tenure" free="498154616" total="1314914304" percent="37">
      <mem type="soa" free="461888816" total="1236019200" percent="37" />
      <mem type="loa" free="36265800" total="78895104" percent="45" />
    </mem>
    <remembered-set count="191444" />
  </mem-info>
</gc-start>
<allocation-stats totalBytes="631505384" >
  <allocated-bytes non-tlh="31251728" tlh="600253656" />
  <largest-consumer threadName="Group1.Backend.CompositeBackend{Tier1}.4" threadId="0000000000863200" bytes="130529352" />
</allocation-stats>
<gc-op id="2084" type="scavenge" timems="138.140" contextid="2081" timestamp="2020-09-11T12:54:35.865">
  <scavenger-info tenureage="3" tenuremask="7ff8" tiltratio="81" />
  <memory-copied type="nursery" objects="4698006" bytes="126299936" bytesdiscarded="226080" />
  <memory-copied type="tenure" objects="1005180" bytes="27115128" bytesdiscarded="60320" />
  <ownableSynchronizers candidates="15688" cleared="11214" />
  <references type="soft" candidates="2335" cleared="0" enqueued="0" dynamicThreshold="13" maxThreshold="32" />
  <references type="weak" candidates="102" cleared="102" enqueued="0" />
</gc-op>
<gc-end id="2085" type="scavenge" contextid="2081" durationms="139.446" usertimems="975.257" systemtimems="14.163" timestamp="2020-09-11T12:54:35.866" activeThreads="8">
  <mem-info id="2086" free="1112977584" total="2254438400" percent="49">
    <mem type="nursery" free="641994496" total="939524096" percent="68">
      <mem type="allocate" free="641994496" total="768606208" percent="83" />
      <mem type="survivor" free="0" total="170917888" percent="0" />
    </mem>
    <mem type="tenure" free="470983088" total="1314914304" percent="35" macro-fragmented="0">
      <mem type="soa" free="434717288" total="1236019200" percent="35" />
      <mem type="loa" free="36265800" total="78895104" percent="45" />
    </mem>
    <remembered-set count="39088" />
  </mem-info>
</gc-end>
<cycle-end id="2087" type="scavenge" contextid="2081" timestamp="2020-09-11T12:54:35.870" />
<allocation-satisfied id="2088" threadId="000000000078C200" bytesRequested="32" />
<af-end id="2089" timestamp="2020-09-11T12:54:35.870" threadId="000000000078CB80" success="true" from="nursery"/>
<exclusive-end id="2090" timestamp="2020-09-11T12:54:35.870" durationms="145.630" />

<exclusive-start id="2091" timestamp="2020-09-11T12:54:37.635" intervalms="1910.457">
  <response-info timems="1.694" idlems="1.694" threads="0" lastid="000000000088B400" lastname="Group1.Backend.CompositeBackend{Tier1}.6" />
</exclusive-start>
<af-start id="2092" threadId="000000000088BD80" totalBytesRequested="32" timestamp="2020-09-11T12:54:37.638" intervalms="1911.668" type="nursery" />
<cycle-start id="2093" type="scavenge" contextid="0" timestamp="2020-09-11T12:54:37.639" intervalms="1912.594" />
<gc-start id="2094" type="scavenge" contextid="2093" timestamp="2020-09-11T12:54:37.640">
  <mem-info id="2095" free="470983088" total="2254438400" percent="20">
    <mem type="nursery" free="0" total="939524096" percent="0">
      <mem type="allocate" free="0" total="768606208" percent="0" />
      <mem type="survivor" free="0" total="170917888" percent="0" />
    </mem>
    <mem type="tenure" free="470983088" total="1314914304" percent="35">
      <mem type="soa" free="434717288" total="1236019200" percent="35" />
      <mem type="loa" free="36265800" total="78895104" percent="45" />
    </mem>
    <remembered-set count="194922" />
  </mem-info>
</gc-start>
<allocation-stats totalBytes="641640640" >
  <allocated-bytes non-tlh="27990472" tlh="613650168" />
  <largest-consumer threadName="Group1.Backend.CompositeBackend{Tier1}.4" threadId="0000000000863200" bytes="93489656" />
</allocation-stats>
<gc-op id="2096" type="scavenge" timems="112.392" contextid="2093" timestamp="2020-09-11T12:54:37.752">
  <scavenger-info tenureage="3" tenuremask="7ff8" tiltratio="81" />
  <memory-copied type="nursery" objects="3803350" bytes="101788128" bytesdiscarded="410944" />
  <memory-copied type="tenure" objects="1940092" bytes="52273600" bytesdiscarded="122528" />
  <ownableSynchronizers candidates="17443" cleared="13142" />
  <references type="soft" candidates="1788" cleared="0" enqueued="0" dynamicThreshold="13" maxThreshold="32" />
  <references type="weak" candidates="104" cleared="103" enqueued="0" />
</gc-op>
<gc-end id="2097" type="scavenge" contextid="2093" durationms="113.730" usertimems="882.153" systemtimems="5.539" timestamp="2020-09-11T12:54:37.753" activeThreads="8">
  <mem-info id="2098" free="1090797808" total="2254438400" percent="48">
    <mem type="nursery" free="672221944" total="939524096" percent="71">
      <mem type="allocate" free="672221944" total="774504448" percent="86" />
      <mem type="survivor" free="0" total="165019648" percent="0" />
    </mem>
    <mem type="tenure" free="418575864" total="1314914304" percent="31" macro-fragmented="0">
      <mem type="soa" free="382310064" total="1236019200" percent="30" />
      <mem type="loa" free="36265800" total="78895104" percent="45" />
    </mem>
    <remembered-set count="30538" />
  </mem-info>
</gc-end>
<cycle-end id="2099" type="scavenge" contextid="2093" timestamp="2020-09-11T12:54:37.755" />
<allocation-satisfied id="2100" threadId="000000000088B400" bytesRequested="32" />
<af-end id="2101" timestamp="2020-09-11T12:54:37.755" threadId="000000000088BD80" success="true" from="nursery"/>
<exclusive-end id="2102" timestamp="2020-09-11T12:54:37.755" durationms="119.335" />

<exclusive-start id="2103" timestamp="2020-09-11T12:54:39.671" intervalms="2035.383">
  <response-info timems="0.695" idlems="0.695" threads="0" lastid="0000000000863200" lastname="Group1.Backend.CompositeBackend{Tier1}.4" />
</exclusive-start>
<af-start id="2104" threadId="0000000000863B80" totalBytesRequested="1032" timestamp="2020-09-11T12:54:39.671" intervalms="2033.715" type="nursery" />
<cycle-start id="2105" type="scavenge" contextid="0" timestamp="2020-09-11T12:54:39.671" intervalms="2032.737" />
<gc-start id="2106" type="scavenge" contextid="2105" timestamp="2020-09-11T12:54:39.672">
  <mem-info id="2107" free="418575864" total="2254438400" percent="18">
    <mem type="nursery" free="0" total="939524096" percent="0">
      <mem type="allocate" free="0" total="774504448" percent="0" />
      <mem type="survivor" free="0" total="165019648" percent="0" />
    </mem>
    <mem type="tenure" free="418575864" total="1314914304" percent="31">
      <mem type="soa" free="382310064" total="1236019200" percent="30" />
      <mem type="loa" free="36265800" total="78895104" percent="45" />
    </mem>
    <remembered-set count="190550" />
  </mem-info>
</gc-start>
<allocation-stats totalBytes="671825552" >
  <allocated-bytes non-tlh="30407472" tlh="641418080" />
  <largest-consumer threadName="Group1.Backend.CompositeBackend{Tier1}.4" threadId="0000000000863200" bytes="120640560" />
</allocation-stats>
<gc-op id="2108" type="scavenge" timems="120.478" contextid="2105" timestamp="2020-09-11T12:54:39.792">
  <scavenger-info tenureage="3" tenuremask="7ff8" tiltratio="82" />
  <memory-copied type="nursery" objects="4009171" bytes="106858320" bytesdiscarded="195448" />
  <memory-copied type="tenure" objects="1008459" bytes="27142264" bytesdiscarded="71184" />
  <ownableSynchronizers candidates="14626" cleared="11280" />
  <references type="soft" candidates="1792" cleared="0" enqueued="0" dynamicThreshold="13" maxThreshold="32" />
  <references type="weak" candidates="114" cleared="114" enqueued="0" />
</gc-op>
<gc-end id="2109" type="scavenge" contextid="2105" durationms="121.782" usertimems="898.191" systemtimems="9.388" timestamp="2020-09-11T12:54:39.793" activeThreads="8">
  <mem-info id="2110" free="1066632280" total="2254438400" percent="47">
    <mem type="nursery" free="675293960" total="939524096" percent="71">
      <mem type="allocate" free="675293960" total="782434304" percent="86" />
      <mem type="survivor" free="0" total="157089792" percent="0" />
    </mem>
    <mem type="tenure" free="391338320" total="1314914304" percent="29" macro-fragmented="0">
      <mem type="soa" free="355072520" total="1236019200" percent="28" />
      <mem type="loa" free="36265800" total="78895104" percent="45" />
    </mem>
    <remembered-set count="30688" />
  </mem-info>
</gc-end>
<cycle-end id="2111" type="scavenge" contextid="2105" timestamp="2020-09-11T12:54:39.795" />
<allocation-satisfied id="2112" threadId="0000000000863200" bytesRequested="1032" />
<af-end id="2113" timestamp="2020-09-11T12:54:39.795" threadId="0000000000863B80" success="true" from="nursery"/>
<exclusive-end id="2114" timestamp="2020-09-11T12:54:39.795" durationms="124.129" />

<exclusive-start id="2115" timestamp="2020-09-11T12:54:41.674" intervalms="2003.676">
  <response-info timems="1.343" idlems="1.343" threads="0" lastid="0000000000819400" lastname="Group1.Backend.CompositeBackend{Tier1}.3" />
</exclusive-start>
<af-start id="2116" threadId="0000000000819D80" totalBytesRequested="32" timestamp="2020-09-11T12:54:41.675" intervalms="2003.777" type="nursery" />
<cycle-start id="2117" type="scavenge" contextid="0" timestamp="2020-09-11T12:54:41.675" intervalms="2003.807" />
<gc-start id="2118" type="scavenge" contextid="2117" timestamp="2020-09-11T12:54:41.676">
  <mem-info id="2119" free="391338320" total="2254438400" percent="17">
    <mem type="nursery" free="0" total="939524096" percent="0">
      <mem type="allocate" free="0" total="782434304" percent="0" />
      <mem type="survivor" free="0" total="157089792" percent="0" />
    </mem>
    <mem type="tenure" free="391338320" total="1314914304" percent="29">
      <mem type="soa" free="355072520" total="1236019200" percent="28" />
      <mem type="loa" free="36265800" total="78895104" percent="45" />
    </mem>
    <remembered-set count="190446" />
  </mem-info>
</gc-start>
<allocation-stats totalBytes="674916000" >
  <allocated-bytes non-tlh="33998336" tlh="640917664" />
  <largest-consumer threadName="Group1.Backend.CompositeBackend{Tier1}.1" threadId="000000000078C200" bytes="102126272" />
</allocation-stats>
<gc-op id="2120" type="scavenge" timems="106.869" contextid="2117" timestamp="2020-09-11T12:54:41.782">
  <scavenger-info tenureage="3" tenuremask="7ff8" tiltratio="83" />
  <memory-copied type="nursery" objects="3864883" bytes="103812024" bytesdiscarded="218688" />
  <memory-copied type="tenure" objects="1004911" bytes="27034488" bytesdiscarded="61960" />
  <ownableSynchronizers candidates="13268" cleared="10022" />
  <references type="soft" candidates="1733" cleared="0" enqueued="0" dynamicThreshold="13" maxThreshold="32" />
  <references type="weak" candidates="120" cleared="119" enqueued="0" />
</gc-op>
<gc-end id="2121" type="scavenge" contextid="2117" durationms="107.780" usertimems="777.012" systemtimems="0.000" timestamp="2020-09-11T12:54:41.783" activeThreads="8">
  <mem-info id="2122" free="1050023616" total="2254438400" percent="46">
    <mem type="nursery" free="685789184" total="939524096" percent="72">
      <mem type="allocate" free="685789184" total="789905408" percent="86" />
      <mem type="survivor" free="0" total="149618688" percent="0" />
    </mem>
    <mem type="tenure" free="364234432" total="1314914304" percent="27" macro-fragmented="0">
      <mem type="soa" free="327968632" total="1236019200" percent="26" />
      <mem type="loa" free="36265800" total="78895104" percent="45" />
    </mem>
    <remembered-set count="31408" />
  </mem-info>
</gc-end>
<cycle-end id="2123" type="scavenge" contextid="2117" timestamp="2020-09-11T12:54:41.785" />
<allocation-satisfied id="2124" threadId="0000000000819400" bytesRequested="32" />
<af-end id="2125" timestamp="2020-09-11T12:54:41.785" threadId="0000000000819D80" success="true" from="nursery"/>
<exclusive-end id="2126" timestamp="2020-09-11T12:54:41.785" durationms="110.384" />

<exclusive-start id="2127" timestamp="2020-09-11T12:54:43.683" intervalms="2008.425">
  <response-info timems="0.656" idlems="0.656" threads="0" lastid="0000000000819400" lastname="Group1.Backend.CompositeBackend{Tier1}.3" />
</exclusive-start>
<af-start id="2128" threadId="0000000000819D80" totalBytesRequested="16" timestamp="2020-09-11T12:54:43.684" intervalms="2008.470" type="nursery" />
<cycle-start id="2129" type="scavenge" contextid="0" timestamp="2020-09-11T12:54:43.684" intervalms="2008.449" />
<gc-start id="2130" type="scavenge" contextid="2129" timestamp="2020-09-11T12:54:43.684">
  <mem-info id="2131" free="364234432" total="2254438400" percent="16">
    <mem type="nursery" free="0" total="939524096" percent="0">
      <mem type="allocate" free="0" total="789905408" percent="0" />
      <mem type="survivor" free="0" total="149618688" percent="0" />
    </mem>
    <mem type="tenure" free="364234432" total="1314914304" percent="27">
      <mem type="soa" free="327968632" total="1236019200" percent="26" />
      <mem type="loa" free="36265800" total="78895104" percent="45" />
    </mem>
    <remembered-set count="194149" />
  </mem-info>
</gc-start>
<allocation-stats totalBytes="685397072" >
  <allocated-bytes non-tlh="27371696" tlh="658025376" />
  <largest-consumer threadName="Group1.Backend.CompositeBackend{Tier1}.1" threadId="000000000078C200" bytes="115361432" />
</allocation-stats>
<gc-op id="2132" type="scavenge" timems="118.491" contextid="2129" timestamp="2020-09-11T12:54:43.803">
  <scavenger-info tenureage="3" tenuremask="7ff8" tiltratio="84" />
  <memory-copied type="nursery" objects="4213508" bytes="111725920" bytesdiscarded="371504" />
  <memory-copied type="tenure" objects="1026158" bytes="27597344" bytesdiscarded="63944" />
  <ownableSynchronizers candidates="13508" cleared="10366" />
  <references type="soft" candidates="1607" cleared="0" enqueued="0" dynamicThreshold="13" maxThreshold="32" />
  <references type="weak" candidates="114" cleared="114" enqueued="0" />
</gc-op>
<gc-end id="2133" type="scavenge" contextid="2129" durationms="119.607" usertimems="866.504" systemtimems="2.916" timestamp="2020-09-11T12:54:43.803" activeThreads="8">
  <mem-info id="2134" free="1017293480" total="2254438400" percent="45">
    <mem type="nursery" free="680800216" total="939524096" percent="72">
      <mem type="allocate" free="680800216" total="792985600" percent="85" />
      <mem type="survivor" free="0" total="146538496" percent="0" />
    </mem>
    <mem type="tenure" free="336493264" total="1314914304" percent="25" macro-fragmented="0">
      <mem type="soa" free="300227464" total="1236019200" percent="24" />
      <mem type="loa" free="36265800" total="78895104" percent="45" />
    </mem>
    <remembered-set count="31512" />
  </mem-info>
</gc-end>
<cycle-end id="2135" type="scavenge" contextid="2129" timestamp="2020-09-11T12:54:43.805" />
<allocation-satisfied id="2136" threadId="0000000000819400" bytesRequested="16" />
<af-end id="2137" timestamp="2020-09-11T12:54:43.805" threadId="0000000000819D80" success="true" from="nursery"/>
<exclusive-end id="2138" timestamp="2020-09-11T12:54:43.805" durationms="121.844" />

<exclusive-start id="2139" timestamp="2020-09-11T12:54:45.725" intervalms="2042.039">
  <response-info timems="2.199" idlems="2.199" threads="0" lastid="00000000007EB800" lastname="Group1.Backend.CompositeBackend{Tier1}.2" />
</exclusive-start>
<af-start id="2140" threadId="00000000007EC180" totalBytesRequested="1032" timestamp="2020-09-11T12:54:45.726" intervalms="2042.065" type="nursery" />
<cycle-start id="2141" type="scavenge" contextid="0" timestamp="2020-09-11T12:54:45.726" intervalms="2042.066" />
<gc-start id="2142" type="scavenge" contextid="2141" timestamp="2020-09-11T12:54:45.726">
  <mem-info id="2143" free="336493264" total="2254438400" percent="14">
    <mem type="nursery" free="0" total="939524096" percent="0">
      <mem type="allocate" free="0" total="792985600" percent="0" />
      <mem type="survivor" free="0" total="146538496" percent="0" />
    </mem>
    <mem type="tenure" free="336493264" total="1314914304" percent="25">
      <mem type="soa" free="300227464" total="1236019200" percent="24" />
      <mem type="loa" free="36265800" total="78895104" percent="45" />
    </mem>
    <remembered-set count="190419" />
  </mem-info>
</gc-start>
<allocation-stats totalBytes="680419368" >
  <allocated-bytes non-tlh="35768320" tlh="644651048" />
  <largest-consumer threadName="Group1.Backend.CompositeBackend{Tier1}.3" threadId="0000000000819400" bytes="121461984" />
</allocation-stats>
<gc-op id="2144" type="scavenge" timems="153.051" contextid="2141" timestamp="2020-09-11T12:54:45.879">
  <scavenger-info tenureage="3" tenuremask="7ff8" tiltratio="84" />
  <memory-copied type="nursery" objects="3960352" bytes="106354200" bytesdiscarded="288224" />
  <memory-copied type="tenure" objects="1053599" bytes="28359384" bytesdiscarded="67352" />
  <ownableSynchronizers candidates="11296" cleared="8512" />
  <references type="soft" candidates="1476" cleared="0" enqueued="0" dynamicThreshold="13" maxThreshold="32" />
  <references type="weak" candidates="113" cleared="113" enqueued="0" />
</gc-op>
<gc-end id="2145" type="scavenge" contextid="2141" durationms="153.940" usertimems="1031.782" systemtimems="29.864" timestamp="2020-09-11T12:54:45.880" activeThreads="8">
  <mem-info id="2146" free="998708616" total="2254438400" percent="44">
    <mem type="nursery" free="690583552" total="939524096" percent="73">
      <mem type="allocate" free="690583552" total="797310976" percent="86" />
      <mem type="survivor" free="0" total="142213120" percent="0" />
    </mem>
    <mem type="tenure" free="308125064" total="1314914304" percent="23" macro-fragmented="0">
      <mem type="soa" free="271859264" total="1236019200" percent="21" />
      <mem type="loa" free="36265800" total="78895104" percent="45" />
    </mem>
    <remembered-set count="31519" />
  </mem-info>
</gc-end>
<cycle-end id="2147" type="scavenge" contextid="2141" timestamp="2020-09-11T12:54:45.885" />
<allocation-satisfied id="2148" threadId="00000000007EB800" bytesRequested="1032" />
<af-end id="2149" timestamp="2020-09-11T12:54:45.885" threadId="00000000007EC180" success="true" from="nursery"/>
<exclusive-end id="2150" timestamp="2020-09-11T12:54:45.885" durationms="160.001" />

<exclusive-start id="2151" timestamp="2020-09-11T12:54:47.764" intervalms="2038.843">
  <response-info timems="0.940" idlems="0.588" threads="2" lastid="0000000000863200" lastname="Group1.Backend.CompositeBackend{Tier1}.4" />
</exclusive-start>
<af-start id="2152" threadId="000000000078CB80" totalBytesRequested="16" timestamp="2020-09-11T12:54:47.764" intervalms="2038.708" type="nursery" />
<cycle-start id="2153" type="scavenge" contextid="0" timestamp="2020-09-11T12:54:47.764" intervalms="2038.754" />
<gc-start id="2154" type="scavenge" contextid="2153" timestamp="2020-09-11T12:54:47.765">
  <mem-info id="2155" free="308125064" total="2254438400" percent="13">
    <mem type="nursery" free="0" total="939524096" percent="0">
      <mem type="allocate" free="0" total="797310976" percent="0" />
      <mem type="survivor" free="0" total="142213120" percent="0" />
    </mem>
    <mem type="tenure" free="308125064" total="1314914304" percent="23">
      <mem type="soa" free="271859264" total="1236019200" percent="21" />
      <mem type="loa" free="36265800" total="78895104" percent="45" />
    </mem>
    <remembered-set count="193872" />
  </mem-info>
</gc-start>
<allocation-stats totalBytes="690210640" >
  <allocated-bytes non-tlh="31543816" tlh="658666824" />
  <largest-consumer threadName="Group1.Backend.CompositeBackend{Tier1}.1" threadId="000000000078C200" bytes="135796984" />
</allocation-stats>
<gc-op id="2156" type="scavenge" timems="104.286" contextid="2153" timestamp="2020-09-11T12:54:47.869">
  <scavenger-info tenureage="3" tenuremask="7ff8" tiltratio="84" />
  <memory-copied type="nursery" objects="4014739" bytes="107861832" bytesdiscarded="411952" />
  <memory-copied type="tenure" objects="1060663" bytes="28519888" bytesdiscarded="77424" />
  <ownableSynchronizers candidates="11867" cleared="9236" />
  <references type="soft" candidates="1444" cleared="0" enqueued="0" dynamicThreshold="13" maxThreshold="32" />
  <references type="weak" candidates="123" cleared="123" enqueued="0" />
</gc-op>
<gc-end id="2157" type="scavenge" contextid="2153" durationms="105.181" usertimems="757.841" systemtimems="0.000" timestamp="2020-09-11T12:54:47.870" activeThreads="8">
  <mem-info id="2158" free="972401616" total="2254438400" percent="43">
    <mem type="nursery" free="692878336" total="939524096" percent="73">
      <mem type="allocate" free="692878336" total="801243136" percent="86" />
      <mem type="survivor" free="0" total="138280960" percent="0" />
    </mem>
    <mem type="tenure" free="279523280" total="1314914304" percent="21" macro-fragmented="0">
      <mem type="soa" free="243257480" total="1236019200" percent="19" />
      <mem type="loa" free="36265800" total="78895104" percent="45" />
    </mem>
    <remembered-set count="29989" />
  </mem-info>
</gc-end>
<cycle-end id="2159" type="scavenge" contextid="2153" timestamp="2020-09-11T12:54:47.873" />
<allocation-satisfied id="2160" threadId="000000000078C200" bytesRequested="16" />
<af-end id="2161" timestamp="2020-09-11T12:54:47.874" threadId="000000000078CB80" success="true" from="nursery"/>
<exclusive-end id="2162" timestamp="2020-09-11T12:54:47.874" durationms="109.871" />

<exclusive-start id="2163" timestamp="2020-09-11T12:54:49.915" intervalms="2151.465">
  <response-info timems="1.887" idlems="1.048" threads="1" lastid="0000000000863200" lastname="Group1.Backend.CompositeBackend{Tier1}.4" />
</exclusive-start>
<af-start id="2164" threadId="0000000000AA8180" totalBytesRequested="16" timestamp="2020-09-11T12:54:49.916" intervalms="2151.455" type="nursery" />
<cycle-start id="2165" type="scavenge" contextid="0" timestamp="2020-09-11T12:54:49.916" intervalms="2151.428" />
<gc-start id="2166" type="scavenge" contextid="2165" timestamp="2020-09-11T12:54:49.916">
  <mem-info id="2167" free="279523280" total="2254438400" percent="12">
    <mem type="nursery" free="0" total="939524096" percent="0">
      <mem type="allocate" free="0" total="801243136" percent="0" />
      <mem type="survivor" free="0" total="138280960" percent="0" />
    </mem>
    <mem type="tenure" free="279523280" total="1314914304" percent="21">
      <mem type="soa" free="243257480" total="1236019200" percent="19" />
      <mem type="loa" free="36265800" total="78895104" percent="45" />
    </mem>
    <remembered-set count="196387" />
  </mem-info>
</gc-start>
<allocation-stats totalBytes="692481144" >
  <allocated-bytes non-tlh="26232728" tlh="666248416" />
  <largest-consumer threadName="Group1.Backend.CompositeBackend{Tier1}.8" threadId="00000000008DD200" bytes="114054592" />
</allocation-stats>
<gc-op id="2168" type="scavenge" timems="143.877" contextid="2165" timestamp="2020-09-11T12:54:50.060">
  <scavenger-info tenureage="3" tenuremask="7ff8" tiltratio="85" />
  <memory-copied type="nursery" objects="4314314" bytes="115083104" bytesdiscarded="163856" />
  <memory-copied type="tenure" objects="1083159" bytes="29170224" bytesdiscarded="77800" />
  <ownableSynchronizers candidates="12441" cleared="9852" />
  <references type="soft" candidates="1416" cleared="0" enqueued="0" dynamicThreshold="13" maxThreshold="32" />
  <references type="weak" candidates="119" cleared="118" enqueued="0" />
</gc-op>
<gc-end id="2169" type="scavenge" contextid="2165" durationms="144.958" usertimems="987.874" systemtimems="14.649" timestamp="2020-09-11T12:54:50.061" activeThreads="8">
  <mem-info id="2170" free="937127616" total="2254438400" percent="41">
    <mem type="nursery" free="686883856" total="939524096" percent="73">
      <mem type="allocate" free="686883856" total="802226176" percent="85" />
      <mem type="survivor" free="0" total="137297920" percent="0" />
    </mem>
    <mem type="tenure" free="250243760" total="1314914304" percent="19" macro-fragmented="0">
      <mem type="soa" free="213977960" total="1236019200" percent="17" />
      <mem type="loa" free="36265800" total="78895104" percent="45" />
    </mem>
    <remembered-set count="31765" />
  </mem-info>
</gc-end>
<cycle-end id="2171" type="scavenge" contextid="2165" timestamp="2020-09-11T12:54:50.062" />
<allocation-satisfied id="2172" threadId="0000000000AA7800" bytesRequested="16" />
<af-end id="2173" timestamp="2020-09-11T12:54:50.062" threadId="0000000000AA8180" success="true" from="nursery"/>
<exclusive-end id="2174" timestamp="2020-09-11T12:54:50.062" durationms="146.872" />

<exclusive-start id="2175" timestamp="2020-09-11T12:54:51.917" intervalms="2001.851">
  <response-info timems="1.068" idlems="1.068" threads="0" lastid="0000000000819400" lastname="Group1.Backend.CompositeBackend{Tier1}.3" />
</exclusive-start>
<af-start id="2176" threadId="0000000000819D80" totalBytesRequested="1032" timestamp="2020-09-11T12:54:51.918" intervalms="2001.814" type="nursery" />
<cycle-start id="2177" type="scavenge" contextid="0" timestamp="2020-09-11T12:54:51.918" intervalms="2001.779" />
<gc-start id="2178" type="scavenge" contextid="2177" timestamp="2020-09-11T12:54:51.918">
  <mem-info id="2179" free="250243760" total="2254438400" percent="11">
    <mem type="nursery" free="0" total="939524096" percent="0">
      <mem type="allocate" free="0" total="802226176" percent="0" />
      <mem type="survivor" free="0" total="137297920" percent="0" />
    </mem>
    <mem type="tenure" free="250243760" total="1314914304" percent="19">
      <mem type="soa" free="213977960" total="1236019200" percent="17" />
      <mem type="loa" free="36265800" total="78895104" percent="45" />
    </mem>
    <remembered-set count="192575" />
  </mem-info>
</gc-start>
<allocation-stats totalBytes="686503848" >
  <allocated-bytes non-tlh="35042112" tlh="651461736" />
  <largest-consumer threadName="Group1.Backend.CompositeBackend{Tier1}.5" threadId="000000000086AF00" bytes="125430768" />
</allocation-stats>
<gc-op id="2180" type="scavenge" timems="139.373" contextid="2177" timestamp="2020-09-11T12:54:52.057">
  <scavenger-info tenureage="3" tenuremask="7ff8" tiltratio="85" />
  <memory-copied type="nursery" objects="4103211" bytes="110273112" bytesdiscarded="164024" />
  <memory-copied type="tenure" objects="1062881" bytes="28590272" bytesdiscarded="80448" />
  <ownableSynchronizers candidates="11244" cleared="8806" />
  <references type="soft" candidates="1441" cleared="0" enqueued="0" dynamicThreshold="13" maxThreshold="32" />
  <references type="weak" candidates="94" cleared="94" enqueued="0" />
</gc-op>
<gc-end id="2181" type="scavenge" contextid="2177" durationms="140.369" usertimems="917.138" systemtimems="6.552" timestamp="2020-09-11T12:54:52.058" activeThreads="8">
  <mem-info id="2182" free="914887312" total="2254438400" percent="40">
    <mem type="nursery" free="693397984" total="939524096" percent="73">
      <mem type="allocate" free="693397984" total="803930112" percent="86" />
      <mem type="survivor" free="0" total="135593984" percent="0" />
    </mem>
    <mem type="tenure" free="221489328" total="1314914304" percent="16" macro-fragmented="0">
      <mem type="soa" free="185223528" total="1236019200" percent="14" />
      <mem type="loa" free="36265800" total="78895104" percent="45" />
    </mem>
    <remembered-set count="31930" />
  </mem-info>
</gc-end>
<cycle-end id="2183" type="scavenge" contextid="2177" timestamp="2020-09-11T12:54:52.060" />
<allocation-satisfied id="2184" threadId="0000000000819400" bytesRequested="1032" />
<af-end id="2185" timestamp="2020-09-11T12:54:52.060" threadId="0000000000819D80" success="true" from="nursery"/>
<exclusive-end id="2186" timestamp="2020-09-11T12:54:52.060" durationms="143.322" />

<exclusive-start id="2187" timestamp="2020-09-11T12:54:54.001" intervalms="2083.647">
  <response-info timems="0.768" idlems="0.424" threads="2" lastid="00000000008DD200" lastname="Group1.Backend.CompositeBackend{Tier1}.8" />
</exclusive-start>
<af-start id="2188" threadId="0000000000944A80" totalBytesRequested="32" timestamp="2020-09-11T12:54:54.001" intervalms="2083.867" type="nursery" />
<cycle-start id="2189" type="scavenge" contextid="0" timestamp="2020-09-11T12:54:54.002" intervalms="2083.893" />
<gc-start id="2190" type="scavenge" contextid="2189" timestamp="2020-09-11T12:54:54.002">
  <mem-info id="2191" free="221489328" total="2254438400" percent="9">
    <mem type="nursery" free="0" total="939524096" percent="0">
      <mem type="allocate" free="0" total="803930112" percent="0" />
      <mem type="survivor" free="0" total="135593984" percent="0" />
    </mem>
    <mem type="tenure" free="221489328" total="1314914304" percent="16">
      <mem type="soa" free="185223528" total="1236019200" percent="14" />
      <mem type="loa" free="36265800" total="78895104" percent="45" />
    </mem>
    <remembered-set count="194009" />
  </mem-info>
</gc-start>
<allocation-stats totalBytes="693020312" >
  <allocated-bytes non-tlh="35847416" tlh="657172896" />
  <largest-consumer threadName="Group1.Backend.CompositeBackend{Tier1}.3" threadId="0000000000819400" bytes="109242160" />
</allocation-stats>
<gc-op id="2192" type="scavenge" timems="122.793" contextid="2189" timestamp="2020-09-11T12:54:54.125">
  <scavenger-info tenureage="3" tenuremask="7ff8" tiltratio="85" />
  <memory-copied type="nursery" objects="4162746" bytes="111542368" bytesdiscarded="267304" />
  <memory-copied type="tenure" objects="1096638" bytes="29531600" bytesdiscarded="111416" />
  <ownableSynchronizers candidates="10097" cleared="7720" />
  <references type="soft" candidates="1370" cleared="0" enqueued="0" dynamicThreshold="13" maxThreshold="32" />
  <references type="weak" candidates="123" cleared="123" enqueued="0" />
</gc-op>
<gc-end id="2193" type="scavenge" contextid="2189" durationms="123.820" usertimems="907.924" systemtimems="17.570" timestamp="2020-09-11T12:54:54.126" activeThreads="8">
  <mem-info id="2194" free="885833888" total="2254438400" percent="39">
    <mem type="nursery" free="693862616" total="939524096" percent="73">
      <mem type="allocate" free="693862616" total="805765120" percent="86" />
      <mem type="survivor" free="0" total="133758976" percent="0" />
    </mem>
    <mem type="tenure" free="191971272" total="1314914304" percent="14" macro-fragmented="0">
      <mem type="soa" free="155705472" total="1236019200" percent="12" />
      <mem type="loa" free="36265800" total="78895104" percent="45" />
    </mem>
    <remembered-set count="34208" />
  </mem-info>
</gc-end>
<cycle-end id="2195" type="scavenge" contextid="2189" timestamp="2020-09-11T12:54:54.127" />
<allocation-satisfied id="2196" threadId="0000000000944100" bytesRequested="32" />
<af-end id="2197" timestamp="2020-09-11T12:54:54.127" threadId="0000000000944A80" success="true" from="nursery"/>
<exclusive-end id="2198" timestamp="2020-09-11T12:54:54.127" durationms="126.479" />

<exclusive-start id="2199" timestamp="2020-09-11T12:54:56.078" intervalms="2077.438">
  <response-info timems="0.953" idlems="0.841" threads="1" lastid="000000000078C200" lastname="Group1.Backend.CompositeBackend{Tier1}.1" />
</exclusive-start>
<af-start id="2200" threadId="000000000086B880" totalBytesRequested="32" timestamp="2020-09-11T12:54:56.079" intervalms="2077.373" type="nursery" />
<cycle-start id="2201" type="scavenge" contextid="0" timestamp="2020-09-11T12:54:56.079" intervalms="2077.364" />
<gc-start id="2202" type="scavenge" contextid="2201" timestamp="2020-09-11T12:54:56.079">
  <mem-info id="2203" free="191971272" total="2254438400" percent="8">
    <mem type="nursery" free="0" total="939524096" percent="0">
      <mem type="allocate" free="0" total="805765120" percent="0" />
      <mem type="survivor" free="0" total="133758976" percent="0" />
    </mem>
    <mem type="tenure" free="191971272" total="1314914304" percent="14">
      <mem type="soa" free="155705472" total="1236019200" percent="12" />
      <mem type="loa" free="36265800" total="78895104" percent="45" />
    </mem>
    <remembered-set count="197710" />
  </mem-info>
</gc-start>
<allocation-stats totalBytes="693464752" >
  <allocated-bytes non-tlh="31431504" tlh="662033248" />
  <largest-consumer threadName="Group1.Backend.CompositeBackend{Tier1}.7" threadId="00000000008C3100" bytes="107259016" />
</allocation-stats>
<gc-op id="2204" type="scavenge" timems="154.303" contextid="2201" timestamp="2020-09-11T12:54:56.234">
  <scavenger-info tenureage="3" tenuremask="7ff8" tiltratio="85" />
  <memory-copied type="nursery" objects="4055048" bytes="108867664" bytesdiscarded="227528" />
  <memory-copied type="tenure" objects="1122369" bytes="30194248" bytesdiscarded="105840" />
  <ownableSynchronizers candidates="10835" cleared="8520" />
  <references type="soft" candidates="1320" cleared="0" enqueued="0" dynamicThreshold="13" maxThreshold="32" />
  <references type="weak" candidates="126" cleared="126" enqueued="0" />
</gc-op>
<gc-end id="2205" type="scavenge" contextid="2201" durationms="155.509" usertimems="1123.234" systemtimems="26.737" timestamp="2020-09-11T12:54:56.235" activeThreads="8">
  <mem-info id="2206" free="859999000" total="2254438400" percent="38">
    <mem type="nursery" free="698356448" total="939524096" percent="74">
      <mem type="allocate" free="698356448" total="807534592" percent="86" />
      <mem type="survivor" free="0" total="131989504" percent="0" />
    </mem>
    <mem type="tenure" free="161642552" total="1314914304" percent="12" macro-fragmented="0">
      <mem type="soa" free="125376752" total="1236019200" percent="10" />
      <mem type="loa" free="36265800" total="78895104" percent="45" />
    </mem>
    <remembered-set count="34291" />
  </mem-info>
</gc-end>
<cycle-end id="2207" type="scavenge" contextid="2201" timestamp="2020-09-11T12:54:56.236" />
<allocation-satisfied id="2208" threadId="000000000086AF00" bytesRequested="32" />
<af-end id="2209" timestamp="2020-09-11T12:54:56.236" threadId="000000000086B880" success="true" from="nursery"/>
<exclusive-end id="2210" timestamp="2020-09-11T12:54:56.236" durationms="158.364" />

<exclusive-start id="2211" timestamp="2020-09-11T12:54:58.196" intervalms="2118.016">
  <response-info timems="0.541" idlems="0.541" threads="0" lastid="00000000008DD200" lastname="Group1.Backend.CompositeBackend{Tier1}.8" />
</exclusive-start>
<af-start id="2212" threadId="00000000008DDB80" totalBytesRequested="520" timestamp="2020-09-11T12:54:58.197" intervalms="2118.043" type="nursery" />
<cycle-start id="2213" type="scavenge" contextid="0" timestamp="2020-09-11T12:54:58.197" intervalms="2118.051" />
<gc-start id="2214" type="scavenge" contextid="2213" timestamp="2020-09-11T12:54:58.197">
  <mem-info id="2215" free="161642552" total="2254438400" percent="7">
    <mem type="nursery" free="0" total="939524096" percent="0">
      <mem type="allocate" free="0" total="807534592" percent="0" />
      <mem type="survivor" free="0" total="131989504" percent="0" />
    </mem>
    <mem type="tenure" free="161642552" total="1314914304" percent="12">
      <mem type="soa" free="125376752" total="1236019200" percent="10" />
      <mem type="loa" free="36265800" total="78895104" percent="45" />
    </mem>
    <remembered-set count="197148" />
  </mem-info>
</gc-start>
<allocation-stats totalBytes="697979648" >
  <allocated-bytes non-tlh="32172048" tlh="665807600" />
  <largest-consumer threadName="Group1.Backend.CompositeBackend{Tier1}.5" threadId="000000000086AF00" bytes="118564552" />
</allocation-stats>
<gc-op id="2216" type="scavenge" timems="132.065" contextid="2213" timestamp="2020-09-11T12:54:58.330">
  <scavenger-info tenureage="3" tenuremask="7ff8" tiltratio="85" />
  <memory-copied type="nursery" objects="4324684" bytes="115123448" bytesdiscarded="256968" />
  <memory-copied type="tenure" objects="1081508" bytes="29185096" bytesdiscarded="107904" />
  <ownableSynchronizers candidates="10527" cleared="8322" />
  <references type="soft" candidates="1300" cleared="0" enqueued="0" dynamicThreshold="13" maxThreshold="32" />
  <references type="weak" candidates="108" cleared="108" enqueued="0" />
</gc-op>
<gc-end id="2217" type="scavenge" contextid="2213" durationms="133.602" usertimems="926.237" systemtimems="2.477" timestamp="2020-09-11T12:54:58.331" activeThreads="8">
  <mem-info id="2218" free="821167088" total="2254438400" percent="36">
    <mem type="nursery" free="688854848" total="939524096" percent="73">
      <mem type="allocate" free="688854848" total="804323328" percent="85" />
      <mem type="survivor" free="0" total="135200768" percent="0" />
    </mem>
    <mem type="tenure" free="132312240" total="1314914304" percent="10" macro-fragmented="0">
      <mem type="soa" free="96046440" total="1236019200" percent="7" />
      <mem type="loa" free="36265800" total="78895104" percent="45" />
    </mem>
    <remembered-set count="31472" />
  </mem-info>
</gc-end>
<cycle-end id="2219" type="scavenge" contextid="2213" timestamp="2020-09-11T12:54:58.332" />
<allocation-satisfied id="2220" threadId="00000000008DD200" bytesRequested="520" />
<af-end id="2221" timestamp="2020-09-11T12:54:58.332" threadId="00000000008DDB80" success="true" from="nursery"/>
<exclusive-end id="2222" timestamp="2020-09-11T12:54:58.332" durationms="136.233" />

<exclusive-start id="2223" timestamp="2020-09-11T12:55:00.235" intervalms="2038.519">
  <response-info timems="0.693" idlems="0.352" threads="1" lastid="00000000008C3100" lastname="Group1.Backend.CompositeBackend{Tier1}.7" />
</exclusive-start>
<af-start id="2224" threadId="000000000086B880" totalBytesRequested="136" timestamp="2020-09-11T12:55:00.236" intervalms="2039.165" type="nursery" />
<cycle-start id="2225" type="scavenge" contextid="0" timestamp="2020-09-11T12:55:00.237" intervalms="2039.550" />
<gc-start id="2226" type="scavenge" contextid="2225" timestamp="2020-09-11T12:55:00.237">
  <mem-info id="2227" free="132312240" total="2254438400" percent="5">
    <mem type="nursery" free="0" total="939524096" percent="0">
      <mem type="allocate" free="0" total="804323328" percent="0" />
      <mem type="survivor" free="0" total="135200768" percent="0" />
    </mem>
    <mem type="tenure" free="132312240" total="1314914304" percent="10">
      <mem type="soa" free="96046440" total="1236019200" percent="7" />
      <mem type="loa" free="36265800" total="78895104" percent="45" />
    </mem>
    <remembered-set count="192593" />
  </mem-info>
</gc-start>
<allocation-stats totalBytes="688468448" >
  <allocated-bytes non-tlh="33857592" tlh="654610856" />
  <largest-consumer threadName="Group1.Backend.CompositeBackend{Tier1}.1" threadId="000000000078C200" bytes="105199888" />
</allocation-stats>
<gc-op id="2228" type="scavenge" timems="132.493" contextid="2225" timestamp="2020-09-11T12:55:00.370">
  <scavenger-info tenureage="3" tenuremask="7ff8" tiltratio="85" />
  <memory-copied type="nursery" objects="4143505" bytes="111190584" bytesdiscarded="151344" />
  <memory-copied type="tenure" objects="1071195" bytes="28810576" bytesdiscarded="87504" />
  <ownableSynchronizers candidates="10709" cleared="8517" />
  <references type="soft" candidates="1331" cleared="0" enqueued="0" dynamicThreshold="13" maxThreshold="32" />
  <references type="weak" candidates="109" cleared="108" enqueued="0" />
</gc-op>
<gc-end id="2229" type="scavenge" contextid="2225" durationms="133.890" usertimems="970.279" systemtimems="5.525" timestamp="2020-09-11T12:55:00.371" activeThreads="8">
  <mem-info id="2230" free="797571464" total="2254438400" percent="35">
    <mem type="nursery" free="694138624" total="939524096" percent="73">
      <mem type="allocate" free="694138624" total="805568512" percent="86" />
      <mem type="survivor" free="0" total="133955584" percent="0" />
    </mem>
    <mem type="tenure" free="103432840" total="1314914304" percent="7" macro-fragmented="0">
      <mem type="soa" free="67167040" total="1236019200" percent="5" />
      <mem type="loa" free="36265800" total="78895104" percent="45" />
    </mem>
    <remembered-set count="30174" />
  </mem-info>
</gc-end>
<cycle-end id="2231" type="scavenge" contextid="2225" timestamp="2020-09-11T12:55:00.374" />
<allocation-satisfied id="2232" threadId="000000000086AF00" bytesRequested="136" />
<af-end id="2233" timestamp="2020-09-11T12:55:00.374" threadId="000000000086B880" success="true" from="nursery"/>
<exclusive-end id="2234" timestamp="2020-09-11T12:55:00.374" durationms="139.376" />

<exclusive-start id="2235" timestamp="2020-09-11T12:55:02.296" intervalms="2061.114">
  <response-info timems="1.265" idlems="0.741" threads="1" lastid="00000000007EB800" lastname="Group1.Backend.CompositeBackend{Tier1}.2" />
</exclusive-start>
<af-start id="2236" threadId="0000000000863B80" totalBytesRequested="56" timestamp="2020-09-11T12:55:02.296" intervalms="2060.323" type="nursery" />
<cycle-start id="2237" type="scavenge" contextid="0" timestamp="2020-09-11T12:55:02.297" intervalms="2059.940" />
<gc-start id="2238" type="scavenge" contextid="2237" timestamp="2020-09-11T12:55:02.297">
  <mem-info id="2239" free="103432840" total="2254438400" percent="4">
    <mem type="nursery" free="0" total="939524096" percent="0">
      <mem type="allocate" free="0" total="805568512" percent="0" />
      <mem type="survivor" free="0" total="133955584" percent="0" />
    </mem>
    <mem type="tenure" free="103432840" total="1314914304" percent="7">
      <mem type="soa" free="67167040" total="1236019200" percent="5" />
      <mem type="loa" free="36265800" total="78895104" percent="45" />
    </mem>
    <remembered-set count="192667" />
  </mem-info>
</gc-start>
<allocation-stats totalBytes="693743064" >
  <allocated-bytes non-tlh="32418904" tlh="661324160" />
  <largest-consumer threadName="Group1.Backend.CompositeBackend{Tier1}.3" threadId="0000000000819400" bytes="104534184" />
</allocation-stats>
<gc-op id="2240" type="scavenge" timems="126.654" contextid="2237" timestamp="2020-09-11T12:55:02.424">
  <scavenger-info tenureage="3" tenuremask="7ff8" tiltratio="85" />
  <memory-copied type="nursery" objects="4326458" bytes="115088328" bytesdiscarded="123336" />
  <memory-copied type="tenure" objects="1108316" bytes="29814272" bytesdiscarded="98832" />
  <ownableSynchronizers candidates="12845" cleared="10499" />
  <references type="soft" candidates="1411" cleared="0" enqueued="0" dynamicThreshold="13" maxThreshold="32" />
  <references type="weak" candidates="105" cleared="104" enqueued="0" />
</gc-op>
<gc-end id="2241" type="scavenge" contextid="2237" durationms="128.352" usertimems="878.228" systemtimems="25.582" timestamp="2020-09-11T12:55:02.425" activeThreads="8">
  <mem-info id="2242" free="764319656" total="2254438400" percent="33">
    <mem type="nursery" free="690792440" total="939524096" percent="73">
      <mem type="allocate" free="690792440" total="806092800" percent="85" />
      <mem type="survivor" free="0" total="133431296" percent="0" />
    </mem>
    <mem type="tenure" free="73527216" total="1314914304" percent="5" macro-fragmented="0">
      <mem type="soa" free="37261416" total="1236019200" percent="3" />
      <mem type="loa" free="36265800" total="78895104" percent="45" />
    </mem>
    <remembered-set count="30685" />
  </mem-info>
</gc-end>
<cycle-end id="2243" type="scavenge" contextid="2237" timestamp="2020-09-11T12:55:02.427" />
<allocation-satisfied id="2244" threadId="0000000000863200" bytesRequested="56" />
<af-end id="2245" timestamp="2020-09-11T12:55:02.427" threadId="0000000000863B80" success="true" from="nursery"/>
<exclusive-end id="2246" timestamp="2020-09-11T12:55:02.427" durationms="131.319" />

<exclusive-start id="2247" timestamp="2020-09-11T12:55:04.424" intervalms="2128.164">
  <response-info timems="0.527" idlems="0.312" threads="2" lastid="00000000007EB800" lastname="Group1.Backend.CompositeBackend{Tier1}.2" />
</exclusive-start>
<af-start id="2248" threadId="00000000008DDB80" totalBytesRequested="48" timestamp="2020-09-11T12:55:04.425" intervalms="2128.192" type="nursery" />
<cycle-start id="2249" type="scavenge" contextid="0" timestamp="2020-09-11T12:55:04.425" intervalms="2128.181" />
<gc-start id="2250" type="scavenge" contextid="2249" timestamp="2020-09-11T12:55:04.425">
  <mem-info id="2251" free="73527216" total="2254438400" percent="3">
    <mem type="nursery" free="0" total="939524096" percent="0">
      <mem type="allocate" free="0" total="806092800" percent="0" />
      <mem type="survivor" free="0" total="133431296" percent="0" />
    </mem>
    <mem type="tenure" free="73527216" total="1314914304" percent="5">
      <mem type="soa" free="37261416" total="1236019200" percent="3" />
      <mem type="loa" free="36265800" total="78895104" percent="45" />
    </mem>
    <remembered-set count="194980" />
  </mem-info>
</gc-start>
<allocation-stats totalBytes="690414536" >
  <allocated-bytes non-tlh="29381040" tlh="661033496" />
  <largest-consumer threadName="Group1.Backend.CompositeBackend{Tier1}.8" threadId="00000000008DD200" bytes="138469448" />
</allocation-stats>
<gc-op id="2252" type="scavenge" timems="101.015" contextid="2249" timestamp="2020-09-11T12:55:04.526">
  <scavenger-info tenureage="3" tenuremask="7ff8" tiltratio="85" />
  <memory-copied type="nursery" objects="4132248" bytes="110821432" bytesdiscarded="164824" />
  <memory-copied type="tenure" objects="1125769" bytes="30284216" bytesdiscarded="125416" />
  <ownableSynchronizers candidates="12362" cleared="9960" />
  <references type="soft" candidates="1484" cleared="0" enqueued="0" dynamicThreshold="13" maxThreshold="32" />
  <references type="weak" candidates="118" cleared="118" enqueued="0" />
</gc-op>
<gc-end id="2253" type="scavenge" contextid="2249" durationms="101.912" usertimems="734.220" systemtimems="0.000" timestamp="2020-09-11T12:55:04.527" activeThreads="8">
  <mem-info id="2254" free="739081464" total="2254438400" percent="32">
    <mem type="nursery" free="695929856" total="939524096" percent="74">
      <mem type="allocate" free="695929856" total="807010304" percent="86" />
      <mem type="survivor" free="0" total="132513792" percent="0" />
    </mem>
    <mem type="tenure" free="43151608" total="1314914304" percent="3" macro-fragmented="0">
      <mem type="soa" free="6885808" total="1236019200" percent="0" />
      <mem type="loa" free="36265800" total="78895104" percent="45" />
    </mem>
    <remembered-set count="30234" />
  </mem-info>
</gc-end>
<cycle-end id="2255" type="scavenge" contextid="2249" timestamp="2020-09-11T12:55:04.528" />
<allocation-satisfied id="2256" threadId="00000000008DD200" bytesRequested="48" />
<af-end id="2257" timestamp="2020-09-11T12:55:04.528" threadId="00000000008DDB80" success="true" from="nursery"/>
<exclusive-end id="2258" timestamp="2020-09-11T12:55:04.528" durationms="104.278" />

<exclusive-start id="2259" timestamp="2020-09-11T12:55:06.483" intervalms="2058.674">
  <response-info timems="0.525" idlems="0.274" threads="1" lastid="000000000086AF00" lastname="Group1.Backend.CompositeBackend{Tier1}.5" />
</exclusive-start>
<af-start id="2260" threadId="0000000000819D80" totalBytesRequested="16" timestamp="2020-09-11T12:55:06.483" intervalms="2058.670" type="nursery" />
<percolate-collect id="2261" from="nursery" to="global" reason="prevent tenure expand" timestamp="2020-09-11T12:55:06.483"/>
<cycle-start id="2262" type="global" contextid="0" timestamp="2020-09-11T12:55:06.483" intervalms="36194.005" />
<gc-start id="2263" type="global" contextid="2262" timestamp="2020-09-11T12:55:06.484">
  <mem-info id="2264" free="43151608" total="2254438400" percent="1">
    <mem type="nursery" free="0" total="939524096" percent="0">
      <mem type="allocate" free="0" total="807010304" percent="0" />
      <mem type="survivor" free="0" total="132513792" percent="0" />
    </mem>
    <mem type="tenure" free="43151608" total="1314914304" percent="3">
      <mem type="soa" free="6885808" total="1236019200" percent="0" />
      <mem type="loa" free="36265800" total="78895104" percent="45" />
    </mem>
    <remembered-set count="192688" />
  </mem-info>
</gc-start>
<allocation-stats totalBytes="695553376" >
  <allocated-bytes non-tlh="34896024" tlh="660657352" />
  <largest-consumer threadName="Group1.Backend.CompositeBackend{Tier1}.3" threadId="0000000000819400" bytes="134153856" />
</allocation-stats>
<gc-op id="2265" type="mark" timems="639.293" contextid="2262" timestamp="2020-09-11T12:55:07.123">
  <trace-info objectcount="30336472" scancount="29357685" scanbytes="803234084" />
  <finalization candidates="147" enqueued="0" />
  <ownableSynchronizers candidates="581237" cleared="11799" />
  <references type="soft" candidates="687650" cleared="0" enqueued="0" dynamicThreshold="13" maxThreshold="32" />
  <references type="weak" candidates="4402" cleared="114" enqueued="0" />
  <references type="phantom" candidates="108" cleared="0" enqueued="0" />
  <stringconstants candidates="11185" cleared="1"  />
</gc-op>
<gc-op id="2266" type="sweep" timems="10.970" contextid="2262" timestamp="2020-09-11T12:55:07.134" />
<heap-resize id="2267" type="contract" space="tenure" amount="14221312" count="1" timems="8.801" reason="insufficient time being spent in gc" timestamp="2020-09-11T12:55:07.143" />
<gc-end id="2268" type="global" contextid="2262" durationms="660.218" usertimems="4913.032" systemtimems="0.000" timestamp="2020-09-11T12:55:07.144" activeThreads="8">
  <mem-info id="2269" free="1131682624" total="2240217088" percent="50">
    <mem type="nursery" free="612439752" total="939524096" percent="65">
      <mem type="allocate" free="612439752" total="807010304" percent="75" />
      <mem type="survivor" free="0" total="132513792" percent="0" />
    </mem>
    <mem type="tenure" free="519242872" total="1300692992" percent="39" micro-fragmented="42397621" macro-fragmented="0">
      <mem type="soa" free="479910272" total="1222650880" percent="39" />
      <mem type="loa" free="39332600" total="78042112" percent="50" />
    </mem>
    <remembered-set count="186593" />
  </mem-info>
</gc-end>
<cycle-end id="2270" type="global" contextid="2262" timestamp="2020-09-11T12:55:07.145" />
<allocation-satisfied id="2271" threadId="0000000000819400" bytesRequested="16" />
<af-end id="2272" timestamp="2020-09-11T12:55:07.145" threadId="0000000000819D80" success="true" from="nursery"/>
<exclusive-end id="2273" timestamp="2020-09-11T12:55:07.145" durationms="662.484" />

<exclusive-start id="2274" timestamp="2020-09-11T12:55:08.193" intervalms="1710.483">
  <response-info timems="1.508" idlems="1.508" threads="0" lastid="0000000000863200" lastname="Group1.Backend.CompositeBackend{Tier1}.4" />
</exclusive-start>
<af-start id="2275" threadId="0000000000863B80" totalBytesRequested="267272" timestamp="2020-09-11T12:55:08.194" intervalms="1710.410" type="nursery" />
<cycle-start id="2276" type="scavenge" contextid="0" timestamp="2020-09-11T12:55:08.194" intervalms="3769.066" />
<gc-start id="2277" type="scavenge" contextid="2276" timestamp="2020-09-11T12:55:08.194">
  <mem-info id="2278" free="553605344" total="2240217088" percent="24">
    <mem type="nursery" free="34362520" total="939524096" percent="3">
      <mem type="allocate" free="34362520" total="807010304" percent="4" />
      <mem type="survivor" free="0" total="132513792" percent="0" />
    </mem>
    <mem type="tenure" free="519242824" total="1300692992" percent="39">
      <mem type="soa" free="479910224" total="1222650880" percent="39" />
      <mem type="loa" free="39332600" total="78042112" percent="50" />
    </mem>
    <remembered-set count="239017" />
  </mem-info>
</gc-start>
<allocation-stats totalBytes="575810048" >
  <allocated-bytes non-tlh="30930384" tlh="544879664" />
  <largest-consumer threadName="Group1.Backend.CompositeBackend{Tier1}.1" threadId="000000000078C200" bytes="76403128" />
</allocation-stats>
<gc-op id="2279" type="scavenge" timems="154.618" contextid="2276" timestamp="2020-09-11T12:55:08.349">
  <scavenger-info tenureage="3" tenuremask="7ff8" tiltratio="85" />
  <memory-copied type="nursery" objects="5007554" bytes="132338072" bytesdiscarded="38464" />
  <memory-copied type="tenure" objects="1421253" bytes="38285640" bytesdiscarded="105824" />
  <copy-failed type="nursery" objects="439415" bytes="11865304" />
  <finalization candidates="2" enqueued="0" />
  <ownableSynchronizers candidates="1144163" cleared="1141407" />
  <references type="soft" candidates="1637" cleared="0" enqueued="0" dynamicThreshold="12" maxThreshold="32" />
  <references type="weak" candidates="98" cleared="98" enqueued="0" />
</gc-op>
<gc-end id="2280" type="scavenge" contextid="2276" durationms="155.864" usertimems="1187.201" systemtimems="15.868" timestamp="2020-09-11T12:55:08.350" activeThreads="8">
  <mem-info id="2281" free="1088852344" total="2240217088" percent="48">
    <mem type="nursery" free="608108544" total="939524096" percent="64">
      <mem type="allocate" free="608108544" total="740622336" percent="82" />
      <mem type="survivor" free="0" total="198901760" percent="0" />
    </mem>
    <mem type="tenure" free="480743800" total="1300692992" percent="36" macro-fragmented="0">
      <mem type="soa" free="441411200" total="1222650880" percent="36" />
      <mem type="loa" free="39332600" total="78042112" percent="50" />
    </mem>
    <remembered-set count="39297" />
  </mem-info>
</gc-end>
<cycle-end id="2282" type="scavenge" contextid="2276" timestamp="2020-09-11T12:55:08.351" />
<allocation-satisfied id="2283" threadId="0000000000863200" bytesRequested="267272" />
<af-end id="2284" timestamp="2020-09-11T12:55:08.351" threadId="0000000000863B80" success="true" from="nursery"/>
<exclusive-end id="2285" timestamp="2020-09-11T12:55:08.351" durationms="158.219" />

<exclusive-start id="2286" timestamp="2020-09-11T12:55:10.096" intervalms="1902.495">
  <response-info timems="1.919" idlems="1.919" threads="0" lastid="000000000086AF00" lastname="Group1.Backend.CompositeBackend{Tier1}.5" />
</exclusive-start>
<af-start id="2287" threadId="000000000086B880" totalBytesRequested="1032" timestamp="2020-09-11T12:55:10.096" intervalms="1902.725" type="nursery" />
<cycle-start id="2288" type="scavenge" contextid="0" timestamp="2020-09-11T12:55:10.097" intervalms="1902.802" />
<gc-start id="2289" type="scavenge" contextid="2288" timestamp="2020-09-11T12:55:10.097">
  <mem-info id="2290" free="480743800" total="2240217088" percent="21">
    <mem type="nursery" free="0" total="939524096" percent="0">
      <mem type="allocate" free="0" total="740622336" percent="0" />
      <mem type="survivor" free="0" total="198901760" percent="0" />
    </mem>
    <mem type="tenure" free="480743800" total="1300692992" percent="36">
      <mem type="soa" free="441411200" total="1222650880" percent="36" />
      <mem type="loa" free="39332600" total="78042112" percent="50" />
    </mem>
    <remembered-set count="194064" />
  </mem-info>
</gc-start>
<allocation-stats totalBytes="607786024" >
  <allocated-bytes non-tlh="25491000" tlh="582295024" />
  <largest-consumer threadName="Group1.Backend.CompositeBackend{Tier1}.7" threadId="00000000008C3100" bytes="97642992" />
</allocation-stats>
<gc-op id="2291" type="scavenge" timems="121.418" contextid="2288" timestamp="2020-09-11T12:55:10.218">
  <scavenger-info tenureage="3" tenuremask="7ff8" tiltratio="78" />
  <memory-copied type="nursery" objects="4644883" bytes="124657608" bytesdiscarded="315520" />
  <memory-copied type="tenure" objects="904197" bytes="24304184" bytesdiscarded="71576" />
  <finalization candidates="2" enqueued="0" />
  <ownableSynchronizers candidates="9010" cleared="6640" />
  <references type="soft" candidates="1447" cleared="0" enqueued="0" dynamicThreshold="12" maxThreshold="32" />
  <references type="weak" candidates="108" cleared="108" enqueued="0" />
</gc-op>
<gc-end id="2292" type="scavenge" contextid="2288" durationms="122.629" usertimems="887.963" systemtimems="1.766" timestamp="2020-09-11T12:55:10.219" activeThreads="8">
  <mem-info id="2293" free="1079374128" total="2240217088" percent="48">
    <mem type="nursery" free="623043840" total="939524096" percent="66">
      <mem type="allocate" free="623043840" total="748093440" percent="83" />
      <mem type="survivor" free="0" total="191430656" percent="0" />
    </mem>
    <mem type="tenure" free="456330288" total="1300692992" percent="35" macro-fragmented="0">
      <mem type="soa" free="416997688" total="1222650880" percent="34" />
      <mem type="loa" free="39332600" total="78042112" percent="50" />
    </mem>
    <remembered-set count="37827" />
  </mem-info>
</gc-end>
<cycle-end id="2294" type="scavenge" contextid="2288" timestamp="2020-09-11T12:55:10.223" />
<allocation-satisfied id="2295" threadId="000000000086AF00" bytesRequested="1032" />
<af-end id="2296" timestamp="2020-09-11T12:55:10.224" threadId="000000000086B880" success="true" from="nursery"/>
<exclusive-end id="2297" timestamp="2020-09-11T12:55:10.224" durationms="128.046" />

<exclusive-start id="2298" timestamp="2020-09-11T12:55:11.952" intervalms="1856.627">
  <response-info timems="9.647" idlems="9.647" threads="0" lastid="000000000088B400" lastname="Group1.Backend.CompositeBackend{Tier1}.6" />
</exclusive-start>
<af-start id="2299" threadId="000000000088BD80" totalBytesRequested="24" timestamp="2020-09-11T12:55:11.953" intervalms="1857.093" type="nursery" />
<cycle-start id="2300" type="scavenge" contextid="0" timestamp="2020-09-11T12:55:11.954" intervalms="1857.148" />
<gc-start id="2301" type="scavenge" contextid="2300" timestamp="2020-09-11T12:55:11.954">
  <mem-info id="2302" free="456330288" total="2240217088" percent="20">
    <mem type="nursery" free="0" total="939524096" percent="0">
      <mem type="allocate" free="0" total="748093440" percent="0" />
      <mem type="survivor" free="0" total="191430656" percent="0" />
    </mem>
    <mem type="tenure" free="456330288" total="1300692992" percent="35">
      <mem type="soa" free="416997688" total="1222650880" percent="34" />
      <mem type="loa" free="39332600" total="78042112" percent="50" />
    </mem>
    <remembered-set count="191830" />
  </mem-info>
</gc-start>
<allocation-stats totalBytes="622740384" >
  <allocated-bytes non-tlh="29136248" tlh="593604136" />
  <largest-consumer threadName="Group1.Backend.CompositeBackend{Tier1}.8" threadId="00000000008DD200" bytes="96071296" />
</allocation-stats>
<gc-op id="2303" type="scavenge" timems="126.771" contextid="2300" timestamp="2020-09-11T12:55:12.081">
  <scavenger-info tenureage="3" tenuremask="7ff8" tiltratio="79" />
  <memory-copied type="nursery" objects="4831695" bytes="128662200" bytesdiscarded="459832" />
  <memory-copied type="tenure" objects="927340" bytes="24933976" bytesdiscarded="81440" />
  <finalization candidates="2" enqueued="0" />
  <ownableSynchronizers candidates="8666" cleared="6564" />
  <references type="soft" candidates="1313" cleared="0" enqueued="0" dynamicThreshold="12" maxThreshold="32" />
  <references type="weak" candidates="103" cleared="103" enqueued="0" />
</gc-op>
<gc-end id="2304" type="scavenge" contextid="2300" durationms="127.926" usertimems="909.985" systemtimems="13.660" timestamp="2020-09-11T12:55:12.082" activeThreads="8">
  <mem-info id="2305" free="1058679112" total="2240217088" percent="47">
    <mem type="nursery" free="627407352" total="939524096" percent="66">
      <mem type="allocate" free="627407352" total="756613120" percent="82" />
      <mem type="survivor" free="0" total="182910976" percent="0" />
    </mem>
    <mem type="tenure" free="431271760" total="1300692992" percent="33" macro-fragmented="0">
      <mem type="soa" free="391939160" total="1222650880" percent="32" />
      <mem type="loa" free="39332600" total="78042112" percent="50" />
    </mem>
    <remembered-set count="37060" />
  </mem-info>
</gc-end>
<cycle-end id="2306" type="scavenge" contextid="2300" timestamp="2020-09-11T12:55:12.086" />
<allocation-satisfied id="2307" threadId="000000000088B400" bytesRequested="24" />
<af-end id="2308" timestamp="2020-09-11T12:55:12.087" threadId="000000000088BD80" success="true" from="nursery"/>
<exclusive-end id="2309" timestamp="2020-09-11T12:55:12.087" durationms="134.432" />

<exclusive-start id="2310" timestamp="2020-09-11T12:55:13.816" intervalms="1864.177">
  <response-info timems="0.475" idlems="0.475" threads="0" lastid="00000000007EB800" lastname="Group1.Backend.CompositeBackend{Tier1}.2" />
</exclusive-start>
<af-start id="2311" threadId="00000000007EC180" totalBytesRequested="24" timestamp="2020-09-11T12:55:13.817" intervalms="1863.730" type="nursery" />
<cycle-start id="2312" type="scavenge" contextid="0" timestamp="2020-09-11T12:55:13.817" intervalms="1863.631" />
<gc-start id="2313" type="scavenge" contextid="2312" timestamp="2020-09-11T12:55:13.818">
  <mem-info id="2314" free="431271760" total="2240217088" percent="19">
    <mem type="nursery" free="0" total="939524096" percent="0">
      <mem type="allocate" free="0" total="756613120" percent="0" />
      <mem type="survivor" free="0" total="182910976" percent="0" />
    </mem>
    <mem type="tenure" free="431271760" total="1300692992" percent="33">
      <mem type="soa" free="391939160" total="1222650880" percent="32" />
      <mem type="loa" free="39332600" total="78042112" percent="50" />
    </mem>
    <remembered-set count="189173" />
  </mem-info>
</gc-start>
<allocation-stats totalBytes="627111776" >
  <allocated-bytes non-tlh="36006280" tlh="591105496" />
  <largest-consumer threadName="Group1.Backend.CompositeBackend{Tier1}.2" threadId="00000000007EB800" bytes="87009296" />
</allocation-stats>
<gc-op id="2315" type="scavenge" timems="114.096" contextid="2312" timestamp="2020-09-11T12:55:13.932">
  <scavenger-info tenureage="3" tenuremask="7ff8" tiltratio="80" />
  <memory-copied type="nursery" objects="3708933" bytes="99550032" bytesdiscarded="166720" />
  <memory-copied type="tenure" objects="1827277" bytes="49136968" bytesdiscarded="123808" />
  <finalization candidates="2" enqueued="0" />
  <ownableSynchronizers candidates="9032" cleared="7114" />
  <references type="soft" candidates="1064" cleared="0" enqueued="0" dynamicThreshold="12" maxThreshold="32" />
  <references type="weak" candidates="137" cleared="137" enqueued="0" />
</gc-op>
<gc-end id="2316" type="scavenge" contextid="2312" durationms="115.349" usertimems="876.272" systemtimems="0.000" timestamp="2020-09-11T12:55:13.933" activeThreads="8">
  <mem-info id="2317" free="1046614424" total="2240217088" percent="46">
    <mem type="nursery" free="664616448" total="939524096" percent="70">
      <mem type="allocate" free="664616448" total="764411904" percent="86" />
      <mem type="survivor" free="0" total="175112192" percent="0" />
    </mem>
    <mem type="tenure" free="381997976" total="1300692992" percent="29" macro-fragmented="0">
      <mem type="soa" free="342665376" total="1222650880" percent="28" />
      <mem type="loa" free="39332600" total="78042112" percent="50" />
    </mem>
    <remembered-set count="28874" />
  </mem-info>
</gc-end>
<cycle-end id="2318" type="scavenge" contextid="2312" timestamp="2020-09-11T12:55:13.939" />
<allocation-satisfied id="2319" threadId="00000000007EB800" bytesRequested="24" />
<af-end id="2320" timestamp="2020-09-11T12:55:13.939" threadId="00000000007EC180" success="true" from="nursery"/>
<exclusive-end id="2321" timestamp="2020-09-11T12:55:13.939" durationms="122.560" />

<exclusive-start id="2322" timestamp="2020-09-11T12:55:15.848" intervalms="2031.459">
  <response-info timems="0.557" idlems="0.557" threads="0" lastid="00000000008C3100" lastname="Group1.Backend.CompositeBackend{Tier1}.7" />
</exclusive-start>
<af-start id="2323" threadId="00000000008C3A80" totalBytesRequested="1032" timestamp="2020-09-11T12:55:15.849" intervalms="2031.566" type="nursery" />
<cycle-start id="2324" type="scavenge" contextid="0" timestamp="2020-09-11T12:55:15.849" intervalms="2031.666" />
<gc-start id="2325" type="scavenge" contextid="2324" timestamp="2020-09-11T12:55:15.849">
  <mem-info id="2326" free="381997976" total="2240217088" percent="17">
    <mem type="nursery" free="0" total="939524096" percent="0">
      <mem type="allocate" free="0" total="764411904" percent="0" />
      <mem type="survivor" free="0" total="175112192" percent="0" />
    </mem>
    <mem type="tenure" free="381997976" total="1300692992" percent="29">
      <mem type="soa" free="342665376" total="1222650880" percent="28" />
      <mem type="loa" free="39332600" total="78042112" percent="50" />
    </mem>
    <remembered-set count="190837" />
  </mem-info>
</gc-start>
<allocation-stats totalBytes="664263576" >
  <allocated-bytes non-tlh="26592240" tlh="637671336" />
  <largest-consumer threadName="Group1.Backend.CompositeBackend{Tier1}.5" threadId="000000000086AF00" bytes="89812368" />
</allocation-stats>
<gc-op id="2327" type="scavenge" timems="97.685" contextid="2324" timestamp="2020-09-11T12:55:15.947">
  <scavenger-info tenureage="3" tenuremask="7ff8" tiltratio="81" />
  <memory-copied type="nursery" objects="3830955" bytes="103359744" bytesdiscarded="150200" />
  <memory-copied type="tenure" objects="1026396" bytes="27601464" bytesdiscarded="87296" />
  <ownableSynchronizers candidates="10009" cleared="8328" />
  <references type="soft" candidates="1151" cleared="0" enqueued="0" dynamicThreshold="12" maxThreshold="32" />
  <references type="weak" candidates="113" cleared="113" enqueued="0" />
</gc-op>
<gc-end id="2328" type="scavenge" contextid="2324" durationms="98.630" usertimems="736.592" systemtimems="0.381" timestamp="2020-09-11T12:55:15.948" activeThreads="8">
  <mem-info id="2329" free="1026130488" total="2240217088" percent="45">
    <mem type="nursery" free="671823608" total="939524096" percent="71">
      <mem type="allocate" free="671823608" total="775421952" percent="86" />
      <mem type="survivor" free="0" total="164102144" percent="0" />
    </mem>
    <mem type="tenure" free="354306880" total="1300692992" percent="27" macro-fragmented="0">
      <mem type="soa" free="314974280" total="1222650880" percent="25" />
      <mem type="loa" free="39332600" total="78042112" percent="50" />
    </mem>
    <remembered-set count="29939" />
  </mem-info>
</gc-end>
<cycle-end id="2330" type="scavenge" contextid="2324" timestamp="2020-09-11T12:55:15.952" />
<allocation-satisfied id="2331" threadId="00000000008C3100" bytesRequested="1032" />
<af-end id="2332" timestamp="2020-09-11T12:55:15.952" threadId="00000000008C3A80" success="true" from="nursery"/>
<exclusive-end id="2333" timestamp="2020-09-11T12:55:15.952" durationms="104.466" />

<exclusive-start id="2334" timestamp="2020-09-11T12:55:17.892" intervalms="2043.866">
  <response-info timems="2.506" idlems="2.506" threads="0" lastid="00000000008DD200" lastname="Group1.Backend.CompositeBackend{Tier1}.8" />
</exclusive-start>
<af-start id="2335" threadId="00000000008DDB80" totalBytesRequested="16" timestamp="2020-09-11T12:55:17.893" intervalms="2044.257" type="nursery" />
<cycle-start id="2336" type="scavenge" contextid="0" timestamp="2020-09-11T12:55:17.893" intervalms="2044.276" />
<gc-start id="2337" type="scavenge" contextid="2336" timestamp="2020-09-11T12:55:17.894">
  <mem-info id="2338" free="354306880" total="2240217088" percent="15">
    <mem type="nursery" free="0" total="939524096" percent="0">
      <mem type="allocate" free="0" total="775421952" percent="0" />
      <mem type="survivor" free="0" total="164102144" percent="0" />
    </mem>
    <mem type="tenure" free="354306880" total="1300692992" percent="27">
      <mem type="soa" free="314974280" total="1222650880" percent="25" />
      <mem type="loa" free="39332600" total="78042112" percent="50" />
    </mem>
    <remembered-set count="190225" />
  </mem-info>
</gc-start>
<allocation-stats totalBytes="671476608" >
  <allocated-bytes non-tlh="31543712" tlh="639932896" />
  <largest-consumer threadName="Group1.Backend.CompositeBackend{Tier1}.2" threadId="00000000007EB800" bytes="85364320" />
</allocation-stats>
<gc-op id="2339" type="scavenge" timems="114.016" contextid="2336" timestamp="2020-09-11T12:55:18.008">
  <scavenger-info tenureage="3" tenuremask="7ff8" tiltratio="82" />
  <memory-copied type="nursery" objects="3918183" bytes="105671000" bytesdiscarded="130560" />
  <memory-copied type="tenure" objects="1016782" bytes="27346152" bytesdiscarded="82800" />
  <ownableSynchronizers candidates="7613" cleared="5980" />
  <references type="soft" candidates="1132" cleared="0" enqueued="0" dynamicThreshold="12" maxThreshold="32" />
  <references type="weak" candidates="123" cleared="123" enqueued="0" />
</gc-op>
<gc-end id="2340" type="scavenge" contextid="2336" durationms="115.375" usertimems="860.513" systemtimems="5.763" timestamp="2020-09-11T12:55:18.009" activeThreads="8">
  <mem-info id="2341" free="1004984136" total="2240217088" percent="44">
    <mem type="nursery" free="678117880" total="939524096" percent="72">
      <mem type="allocate" free="678117880" total="784007168" percent="86" />
      <mem type="survivor" free="0" total="155516928" percent="0" />
    </mem>
    <mem type="tenure" free="326866256" total="1300692992" percent="25" macro-fragmented="0">
      <mem type="soa" free="287533656" total="1222650880" percent="23" />
      <mem type="loa" free="39332600" total="78042112" percent="50" />
    </mem>
    <remembered-set count="30911" />
  </mem-info>
</gc-end>
<cycle-end id="2342" type="scavenge" contextid="2336" timestamp="2020-09-11T12:55:18.011" />
<allocation-satisfied id="2343" threadId="00000000008DD200" bytesRequested="16" />
<af-end id="2344" timestamp="2020-09-11T12:55:18.011" threadId="00000000008DDB80" success="true" from="nursery"/>
<exclusive-end id="2345" timestamp="2020-09-11T12:55:18.012" durationms="119.874" />

<exclusive-start id="2346" timestamp="2020-09-11T12:55:19.874" intervalms="1982.207">
  <response-info timems="0.543" idlems="0.275" threads="1" lastid="000000000088B400" lastname="Group1.Backend.CompositeBackend{Tier1}.6" />
</exclusive-start>
<af-start id="2347" threadId="00000000008C3A80" totalBytesRequested="664" timestamp="2020-09-11T12:55:19.875" intervalms="1981.887" type="nursery" />
<cycle-start id="2348" type="scavenge" contextid="0" timestamp="2020-09-11T12:55:19.875" intervalms="1981.752" />
<gc-start id="2349" type="scavenge" contextid="2348" timestamp="2020-09-11T12:55:19.875">
  <mem-info id="2350" free="326866256" total="2240217088" percent="14">
    <mem type="nursery" free="0" total="939524096" percent="0">
      <mem type="allocate" free="0" total="784007168" percent="0" />
      <mem type="survivor" free="0" total="155516928" percent="0" />
    </mem>
    <mem type="tenure" free="326866256" total="1300692992" percent="25">
      <mem type="soa" free="287533656" total="1222650880" percent="23" />
      <mem type="loa" free="39332600" total="78042112" percent="50" />
    </mem>
    <remembered-set count="191911" />
  </mem-info>
</gc-start>
<allocation-stats totalBytes="677789808" >
  <allocated-bytes non-tlh="33349712" tlh="644440096" />
  <largest-consumer threadName="Group1.Backend.CompositeBackend{Tier1}.1" threadId="000000000078C200" bytes="86922480" />
</allocation-stats>
<gc-op id="2351" type="scavenge" timems="109.240" contextid="2348" timestamp="2020-09-11T12:55:19.985">
  <scavenger-info tenureage="3" tenuremask="7ff8" tiltratio="83" />
  <memory-copied type="nursery" objects="4029189" bytes="108673736" bytesdiscarded="122200" />
  <memory-copied type="tenure" objects="969162" bytes="26059280" bytesdiscarded="72656" />
  <ownableSynchronizers candidates="8904" cleared="7256" />
  <references type="soft" candidates="1142" cleared="0" enqueued="0" dynamicThreshold="12" maxThreshold="32" />
  <references type="weak" candidates="117" cleared="117" enqueued="0" />
</gc-op>
<gc-end id="2352" type="scavenge" contextid="2348" durationms="110.371" usertimems="797.152" systemtimems="0.000" timestamp="2020-09-11T12:55:19.986" activeThreads="8">
  <mem-info id="2353" free="981964568" total="2240217088" percent="43">
    <mem type="nursery" free="681218296" total="939524096" percent="72">
      <mem type="allocate" free="681218296" total="790102016" percent="86" />
      <mem type="survivor" free="0" total="149422080" percent="0" />
    </mem>
    <mem type="tenure" free="300746272" total="1300692992" percent="23" macro-fragmented="0">
      <mem type="soa" free="261413672" total="1222650880" percent="21" />
      <mem type="loa" free="39332600" total="78042112" percent="50" />
    </mem>
    <remembered-set count="30505" />
  </mem-info>
</gc-end>
<cycle-end id="2354" type="scavenge" contextid="2348" timestamp="2020-09-11T12:55:19.987" />
<allocation-satisfied id="2355" threadId="00000000008C3100" bytesRequested="664" />
<af-end id="2356" timestamp="2020-09-11T12:55:19.987" threadId="00000000008C3A80" success="true" from="nursery"/>
<exclusive-end id="2357" timestamp="2020-09-11T12:55:19.987" durationms="113.382" />

<exclusive-start id="2358" timestamp="2020-09-11T12:55:22.026" intervalms="2151.990">
  <response-info timems="6.509" idlems="6.509" threads="0" lastid="00000000008DD200" lastname="Group1.Backend.CompositeBackend{Tier1}.8" />
</exclusive-start>
<af-start id="2359" threadId="00000000008DDB80" totalBytesRequested="656" timestamp="2020-09-11T12:55:22.027" intervalms="2151.884" type="nursery" />
<cycle-start id="2360" type="scavenge" contextid="0" timestamp="2020-09-11T12:55:22.027" intervalms="2151.915" />
<gc-start id="2361" type="scavenge" contextid="2360" timestamp="2020-09-11T12:55:22.027">
  <mem-info id="2362" free="300746272" total="2240217088" percent="13">
    <mem type="nursery" free="0" total="939524096" percent="0">
      <mem type="allocate" free="0" total="790102016" percent="0" />
      <mem type="survivor" free="0" total="149422080" percent="0" />
    </mem>
    <mem type="tenure" free="300746272" total="1300692992" percent="23">
      <mem type="soa" free="261413672" total="1222650880" percent="21" />
      <mem type="loa" free="39332600" total="78042112" percent="50" />
    </mem>
    <remembered-set count="193531" />
  </mem-info>
</gc-start>
<allocation-stats totalBytes="680885056" >
  <allocated-bytes non-tlh="26807744" tlh="654077312" />
  <largest-consumer threadName="Group1.Backend.CompositeBackend{Tier1}.1" threadId="000000000078C200" bytes="135509360" />
</allocation-stats>
<gc-op id="2363" type="scavenge" timems="117.965" contextid="2360" timestamp="2020-09-11T12:55:22.145">
  <scavenger-info tenureage="3" tenuremask="7ff8" tiltratio="84" />
  <memory-copied type="nursery" objects="4043994" bytes="109035352" bytesdiscarded="355800" />
  <memory-copied type="tenure" objects="1111960" bytes="30402840" bytesdiscarded="94616" />
  <ownableSynchronizers candidates="9538" cleared="7856" />
  <references type="soft" candidates="1133" cleared="0" enqueued="0" dynamicThreshold="12" maxThreshold="32" />
  <references type="weak" candidates="112" cleared="112" enqueued="0" />
</gc-op>
<gc-end id="2364" type="scavenge" contextid="2360" durationms="119.247" usertimems="777.784" systemtimems="0.000" timestamp="2020-09-11T12:55:22.146" activeThreads="8">
  <mem-info id="2365" free="956286864" total="2240217088" percent="42">
    <mem type="nursery" free="686003192" total="939524096" percent="73">
      <mem type="allocate" free="686003192" total="795475968" percent="86" />
      <mem type="survivor" free="0" total="144048128" percent="0" />
    </mem>
    <mem type="tenure" free="270283672" total="1300692992" percent="20" macro-fragmented="378575">
      <mem type="soa" free="231475368" total="1222650880" percent="18" />
      <mem type="loa" free="38808304" total="78042112" percent="49" />
    </mem>
    <remembered-set count="29869" />
  </mem-info>
</gc-end>
<cycle-end id="2366" type="scavenge" contextid="2360" timestamp="2020-09-11T12:55:22.148" />
<allocation-satisfied id="2367" threadId="00000000008DD200" bytesRequested="656" />
<af-end id="2368" timestamp="2020-09-11T12:55:22.148" threadId="00000000008DDB80" success="true" from="nursery"/>
<exclusive-end id="2369" timestamp="2020-09-11T12:55:22.148" durationms="122.178" />

<exclusive-start id="2370" timestamp="2020-09-11T12:55:24.064" intervalms="2037.962">
  <response-info timems="0.516" idlems="0.516" threads="0" lastid="00000000007EB800" lastname="Group1.Backend.CompositeBackend{Tier1}.2" />
</exclusive-start>
<af-start id="2371" threadId="00000000007EC180" totalBytesRequested="1032" timestamp="2020-09-11T12:55:24.065" intervalms="2037.956" type="nursery" />
<cycle-start id="2372" type="scavenge" contextid="0" timestamp="2020-09-11T12:55:24.065" intervalms="2037.938" />
<gc-start id="2373" type="scavenge" contextid="2372" timestamp="2020-09-11T12:55:24.065">
  <mem-info id="2374" free="270283672" total="2240217088" percent="12">
    <mem type="nursery" free="0" total="939524096" percent="0">
      <mem type="allocate" free="0" total="795475968" percent="0" />
      <mem type="survivor" free="0" total="144048128" percent="0" />
    </mem>
    <mem type="tenure" free="270283672" total="1300692992" percent="20">
      <mem type="soa" free="231475368" total="1222650880" percent="18" />
      <mem type="loa" free="38808304" total="78042112" percent="49" />
    </mem>
    <remembered-set count="190323" />
  </mem-info>
</gc-start>
<allocation-stats totalBytes="685679000" >
  <allocated-bytes non-tlh="37561904" tlh="648117096" />
  <largest-consumer threadName="Group1.Backend.CompositeBackend{Tier1}.7" threadId="00000000008C3100" bytes="99583808" />
</allocation-stats>
<gc-op id="2375" type="scavenge" timems="125.540" contextid="2372" timestamp="2020-09-11T12:55:24.191">
  <scavenger-info tenureage="3" tenuremask="7ff8" tiltratio="84" />
  <memory-copied type="nursery" objects="4172483" bytes="112474584" bytesdiscarded="298200" />
  <memory-copied type="tenure" objects="1054827" bytes="28373600" bytesdiscarded="109048" />
  <ownableSynchronizers candidates="8877" cleared="7244" />
  <references type="soft" candidates="1185" cleared="0" enqueued="0" dynamicThreshold="12" maxThreshold="32" />
  <references type="weak" candidates="114" cleared="113" enqueued="0" />
</gc-op>
<gc-end id="2376" type="scavenge" contextid="2372" durationms="126.691" usertimems="911.769" systemtimems="0.000" timestamp="2020-09-11T12:55:24.192" activeThreads="8">
  <mem-info id="2377" free="927196872" total="2240217088" percent="41">
    <mem type="nursery" free="685441496" total="939524096" percent="72">
      <mem type="allocate" free="685441496" total="798294016" percent="85" />
      <mem type="survivor" free="0" total="141230080" percent="0" />
    </mem>
    <mem type="tenure" free="241755376" total="1300692992" percent="18" macro-fragmented="714918">
      <mem type="soa" free="202947072" total="1222650880" percent="16" />
      <mem type="loa" free="38808304" total="78042112" percent="49" />
    </mem>
    <remembered-set count="30316" />
  </mem-info>
</gc-end>
<cycle-end id="2378" type="scavenge" contextid="2372" timestamp="2020-09-11T12:55:24.194" />
<allocation-satisfied id="2379" threadId="00000000007EB800" bytesRequested="1032" />
<af-end id="2380" timestamp="2020-09-11T12:55:24.194" threadId="00000000007EC180" success="true" from="nursery"/>
<exclusive-end id="2381" timestamp="2020-09-11T12:55:24.194" durationms="129.909" />

<exclusive-start id="2382" timestamp="2020-09-11T12:55:26.075" intervalms="2011.076">
  <response-info timems="5.325" idlems="5.325" threads="0" lastid="000000000088B400" lastname="Group1.Backend.CompositeBackend{Tier1}.6" />
</exclusive-start>
<af-start id="2383" threadId="000000000088BD80" totalBytesRequested="32" timestamp="2020-09-11T12:55:26.076" intervalms="2011.369" type="nursery" />
<cycle-start id="2384" type="scavenge" contextid="0" timestamp="2020-09-11T12:55:26.076" intervalms="2011.415" />
<gc-start id="2385" type="scavenge" contextid="2384" timestamp="2020-09-11T12:55:26.077">
  <mem-info id="2386" free="241755112" total="2240217088" percent="10">
    <mem type="nursery" free="0" total="939524096" percent="0">
      <mem type="allocate" free="0" total="798294016" percent="0" />
      <mem type="survivor" free="0" total="141230080" percent="0" />
    </mem>
    <mem type="tenure" free="241755112" total="1300692992" percent="18">
      <mem type="soa" free="202946808" total="1222650880" percent="16" />
      <mem type="loa" free="38808304" total="78042112" percent="49" />
    </mem>
    <remembered-set count="192208" />
  </mem-info>
</gc-start>
<allocation-stats totalBytes="685109360" >
  <allocated-bytes non-tlh="33777448" tlh="651331912" />
  <largest-consumer threadName="Group1.Backend.CompositeBackend{Tier1}.1" threadId="000000000078C200" bytes="91707168" />
</allocation-stats>
<gc-op id="2387" type="scavenge" timems="132.279" contextid="2384" timestamp="2020-09-11T12:55:26.209">
  <scavenger-info tenureage="3" tenuremask="7ff8" tiltratio="84" />
  <memory-copied type="nursery" objects="4070458" bytes="109864688" bytesdiscarded="109872" />
  <memory-copied type="tenure" objects="1087636" bytes="29250288" bytesdiscarded="107952" />
  <ownableSynchronizers candidates="7896" cleared="6228" />
  <references type="soft" candidates="1146" cleared="0" enqueued="0" dynamicThreshold="12" maxThreshold="32" />
  <references type="weak" candidates="118" cleared="118" enqueued="0" />
</gc-op>
<gc-end id="2388" type="scavenge" contextid="2384" durationms="134.311" usertimems="900.661" systemtimems="18.082" timestamp="2020-09-11T12:55:26.211" activeThreads="8">
  <mem-info id="2389" free="903788888" total="2240217088" percent="40">
    <mem type="nursery" free="691316168" total="939524096" percent="73">
      <mem type="allocate" free="691316168" total="801374208" percent="86" />
      <mem type="survivor" free="0" total="138149888" percent="0" />
    </mem>
    <mem type="tenure" free="212472720" total="1300692992" percent="16" macro-fragmented="247922">
      <mem type="soa" free="173664416" total="1222650880" percent="14" />
      <mem type="loa" free="38808304" total="78042112" percent="49" />
    </mem>
    <remembered-set count="30487" />
  </mem-info>
</gc-end>
<cycle-end id="2390" type="scavenge" contextid="2384" timestamp="2020-09-11T12:55:26.213" />
<allocation-satisfied id="2391" threadId="000000000088B400" bytesRequested="32" />
<af-end id="2392" timestamp="2020-09-11T12:55:26.213" threadId="000000000088BD80" success="true" from="nursery"/>
<exclusive-end id="2393" timestamp="2020-09-11T12:55:26.213" durationms="138.127" />

<exclusive-start id="2394" timestamp="2020-09-11T12:55:28.191" intervalms="2116.490">
  <response-info timems="1.899" idlems="1.867" threads="1" lastid="0000000000A9BA00" lastname="Group1.Backend.CompositeBackend{Tier3}.4" />
</exclusive-start>
<af-start id="2395" threadId="0000000000863B80" totalBytesRequested="120" timestamp="2020-09-11T12:55:28.192" intervalms="2115.932" type="nursery" />
<cycle-start id="2396" type="scavenge" contextid="0" timestamp="2020-09-11T12:55:28.192" intervalms="2115.859" />
<gc-start id="2397" type="scavenge" contextid="2396" timestamp="2020-09-11T12:55:28.192">
  <mem-info id="2398" free="212472720" total="2240217088" percent="9">
    <mem type="nursery" free="0" total="939524096" percent="0">
      <mem type="allocate" free="0" total="801374208" percent="0" />
      <mem type="survivor" free="0" total="138149888" percent="0" />
    </mem>
    <mem type="tenure" free="212472720" total="1300692992" percent="16">
      <mem type="soa" free="173664416" total="1222650880" percent="14" />
      <mem type="loa" free="38808304" total="78042112" percent="49" />
    </mem>
    <remembered-set count="194507" />
  </mem-info>
</gc-start>
<allocation-stats totalBytes="690967904" >
  <allocated-bytes non-tlh="33131808" tlh="657836096" />
  <largest-consumer threadName="Group1.Backend.CompositeBackend{Tier1}.4" threadId="0000000000863200" bytes="107401736" />
</allocation-stats>
<gc-op id="2399" type="scavenge" timems="133.827" contextid="2396" timestamp="2020-09-11T12:55:28.326">
  <scavenger-info tenureage="3" tenuremask="7ff8" tiltratio="85" />
  <memory-copied type="nursery" objects="4054713" bytes="108853488" bytesdiscarded="111744" />
  <memory-copied type="tenure" objects="1111338" bytes="30422544" bytesdiscarded="115312" />
  <ownableSynchronizers candidates="9123" cleared="7433" />
  <references type="soft" candidates="1114" cleared="0" enqueued="0" dynamicThreshold="12" maxThreshold="32" />
  <references type="weak" candidates="127" cleared="127" enqueued="0" />
</gc-op>
<gc-end id="2400" type="scavenge" contextid="2396" durationms="135.660" usertimems="883.762" systemtimems="11.822" timestamp="2020-09-11T12:55:28.328" activeThreads="8">
  <mem-info id="2401" free="877288056" total="2240217088" percent="39">
    <mem type="nursery" free="695338208" total="939524096" percent="74">
      <mem type="allocate" free="695338208" total="804388864" percent="86" />
      <mem type="survivor" free="0" total="135135232" percent="0" />
    </mem>
    <mem type="tenure" free="181949848" total="1300692992" percent="13" macro-fragmented="972960">
      <mem type="soa" free="143665840" total="1222650880" percent="11" />
      <mem type="loa" free="38284008" total="78042112" percent="49" />
    </mem>
    <remembered-set count="33263" />
  </mem-info>
</gc-end>
<cycle-end id="2402" type="scavenge" contextid="2396" timestamp="2020-09-11T12:55:28.330" />
<allocation-satisfied id="2403" threadId="0000000000863200" bytesRequested="120" />
<af-end id="2404" timestamp="2020-09-11T12:55:28.330" threadId="0000000000863B80" success="true" from="nursery"/>
<exclusive-end id="2405" timestamp="2020-09-11T12:55:28.330" durationms="139.098" />

<exclusive-start id="2406" timestamp="2020-09-11T12:55:30.353" intervalms="2161.653">
  <response-info timems="4.360" idlems="4.360" threads="0" lastid="000000000086AF00" lastname="Group1.Backend.CompositeBackend{Tier1}.5" />
</exclusive-start>
<af-start id="2407" threadId="000000000086B880" totalBytesRequested="24" timestamp="2020-09-11T12:55:30.354" intervalms="2161.989" type="nursery" />
<cycle-start id="2408" type="scavenge" contextid="0" timestamp="2020-09-11T12:55:30.354" intervalms="2162.056" />
<gc-start id="2409" type="scavenge" contextid="2408" timestamp="2020-09-11T12:55:30.355">
  <mem-info id="2410" free="181949736" total="2240217088" percent="8">
    <mem type="nursery" free="0" total="939524096" percent="0">
      <mem type="allocate" free="0" total="804388864" percent="0" />
      <mem type="survivor" free="0" total="135135232" percent="0" />
    </mem>
    <mem type="tenure" free="181949736" total="1300692992" percent="13">
      <mem type="soa" free="143665728" total="1222650880" percent="11" />
      <mem type="loa" free="38284008" total="78042112" percent="49" />
    </mem>
    <remembered-set count="200920" />
  </mem-info>
</gc-start>
<allocation-stats totalBytes="694991184" >
  <allocated-bytes non-tlh="26476408" tlh="668514776" />
  <largest-consumer threadName="Group1.Backend.CompositeBackend{Tier1}.4" threadId="0000000000863200" bytes="121737480" />
</allocation-stats>
<gc-op id="2411" type="scavenge" timems="147.093" contextid="2408" timestamp="2020-09-11T12:55:30.502">
  <scavenger-info tenureage="3" tenuremask="7ff8" tiltratio="85" />
  <memory-copied type="nursery" objects="4210219" bytes="112856984" bytesdiscarded="255104" />
  <memory-copied type="tenure" objects="1052828" bytes="28300696" bytesdiscarded="128976" />
  <ownableSynchronizers candidates="9283" cleared="7611" />
  <references type="soft" candidates="1131" cleared="0" enqueued="0" dynamicThreshold="12" maxThreshold="32" />
  <references type="weak" candidates="112" cleared="112" enqueued="0" />
</gc-op>
<gc-end id="2412" type="scavenge" contextid="2408" durationms="148.446" usertimems="1104.123" systemtimems="19.371" timestamp="2020-09-11T12:55:30.503" activeThreads="8">
  <mem-info id="2413" free="845551448" total="2240217088" percent="37">
    <mem type="nursery" free="692036864" total="939524096" percent="73">
      <mem type="allocate" free="692036864" total="805240832" percent="85" />
      <mem type="survivor" free="0" total="134283264" percent="0" />
    </mem>
    <mem type="tenure" free="153514584" total="1300692992" percent="11" macro-fragmented="675907">
      <mem type="soa" free="115230576" total="1222650880" percent="9" />
      <mem type="loa" free="38284008" total="78042112" percent="49" />
    </mem>
    <remembered-set count="33242" />
  </mem-info>
</gc-end>
<cycle-end id="2414" type="scavenge" contextid="2408" timestamp="2020-09-11T12:55:30.504" />
<allocation-satisfied id="2415" threadId="000000000086AF00" bytesRequested="24" />
<af-end id="2416" timestamp="2020-09-11T12:55:30.504" threadId="000000000086B880" success="true" from="nursery"/>
<exclusive-end id="2417" timestamp="2020-09-11T12:55:30.504" durationms="151.383" />

<exclusive-start id="2418" timestamp="2020-09-11T12:55:32.392" intervalms="2038.597">
  <response-info timems="1.049" idlems="1.049" threads="0" lastid="000000000086AF00" lastname="Group1.Backend.CompositeBackend{Tier1}.5" />
</exclusive-start>
<af-start id="2419" threadId="000000000086B880" totalBytesRequested="32" timestamp="2020-09-11T12:55:32.392" intervalms="2038.291" type="nursery" />
<cycle-start id="2420" type="scavenge" contextid="0" timestamp="2020-09-11T12:55:32.392" intervalms="2038.250" />
<gc-start id="2421" type="scavenge" contextid="2420" timestamp="2020-09-11T12:55:32.393">
  <mem-info id="2422" free="153514584" total="2240217088" percent="6">
    <mem type="nursery" free="0" total="939524096" percent="0">
      <mem type="allocate" free="0" total="805240832" percent="0" />
      <mem type="survivor" free="0" total="134283264" percent="0" />
    </mem>
    <mem type="tenure" free="153514584" total="1300692992" percent="11">
      <mem type="soa" free="115230576" total="1222650880" percent="9" />
      <mem type="loa" free="38284008" total="78042112" percent="49" />
    </mem>
    <remembered-set count="195894" />
  </mem-info>
</gc-start>
<allocation-stats totalBytes="691730264" >
  <allocated-bytes non-tlh="35824664" tlh="655905600" />
  <largest-consumer threadName="Group1.Backend.CompositeBackend{Tier1}.6" threadId="000000000088B400" bytes="105025600" />
</allocation-stats>
<gc-op id="2423" type="scavenge" timems="122.532" contextid="2420" timestamp="2020-09-11T12:55:32.515">
  <scavenger-info tenureage="3" tenuremask="7ff8" tiltratio="85" />
  <memory-copied type="nursery" objects="4398881" bytes="116843904" bytesdiscarded="416416" />
  <memory-copied type="tenure" objects="1075598" bytes="29065072" bytesdiscarded="137120" />
  <ownableSynchronizers candidates="6426" cleared="4914" />
  <references type="soft" candidates="1074" cleared="0" enqueued="0" dynamicThreshold="12" maxThreshold="32" />
  <references type="weak" candidates="117" cleared="117" enqueued="0" />
</gc-op>
<gc-end id="2424" type="scavenge" contextid="2420" durationms="123.689" usertimems="895.038" systemtimems="2.459" timestamp="2020-09-11T12:55:32.516" activeThreads="8">
  <mem-info id="2425" free="811323344" total="2240217088" percent="36">
    <mem type="nursery" free="687039480" total="939524096" percent="73">
      <mem type="allocate" free="687039480" total="804388864" percent="85" />
      <mem type="survivor" free="0" total="135135232" percent="0" />
    </mem>
    <mem type="tenure" free="124283864" total="1300692992" percent="9" macro-fragmented="244419">
      <mem type="soa" free="85999856" total="1222650880" percent="7" />
      <mem type="loa" free="38284008" total="78042112" percent="49" />
    </mem>
    <remembered-set count="34479" />
  </mem-info>
</gc-end>
<cycle-end id="2426" type="scavenge" contextid="2420" timestamp="2020-09-11T12:55:32.518" />
<allocation-satisfied id="2427" threadId="000000000086AF00" bytesRequested="32" />
<af-end id="2428" timestamp="2020-09-11T12:55:32.518" threadId="000000000086B880" success="true" from="nursery"/>
<exclusive-end id="2429" timestamp="2020-09-11T12:55:32.518" durationms="126.287" />

<exclusive-start id="2430" timestamp="2020-09-11T12:55:34.460" intervalms="2068.495">
  <response-info timems="0.363" idlems="0.363" threads="0" lastid="000000000078C200" lastname="Group1.Backend.CompositeBackend{Tier1}.1" />
</exclusive-start>
<af-start id="2431" threadId="000000000078CB80" totalBytesRequested="24" timestamp="2020-09-11T12:55:34.461" intervalms="2068.579" type="nursery" />
<cycle-start id="2432" type="scavenge" contextid="0" timestamp="2020-09-11T12:55:34.461" intervalms="2068.571" />
<gc-start id="2433" type="scavenge" contextid="2432" timestamp="2020-09-11T12:55:34.461">
  <mem-info id="2434" free="124283864" total="2240217088" percent="5">
    <mem type="nursery" free="0" total="939524096" percent="0">
      <mem type="allocate" free="0" total="804388864" percent="0" />
      <mem type="survivor" free="0" total="135135232" percent="0" />
    </mem>
    <mem type="tenure" free="124283864" total="1300692992" percent="9">
      <mem type="soa" free="85999856" total="1222650880" percent="7" />
      <mem type="loa" free="38284008" total="78042112" percent="49" />
    </mem>
    <remembered-set count="195549" />
  </mem-info>
</gc-start>
<allocation-stats totalBytes="686726640" >
  <allocated-bytes non-tlh="35597928" tlh="651128712" />
  <largest-consumer threadName="Group1.Backend.CompositeBackend{Tier1}.8" threadId="00000000008DD200" bytes="105564608" />
</allocation-stats>
<gc-op id="2435" type="scavenge" timems="125.496" contextid="2432" timestamp="2020-09-11T12:55:34.587">
  <scavenger-info tenureage="3" tenuremask="7ff8" tiltratio="85" />
  <memory-copied type="nursery" objects="4353567" bytes="115894064" bytesdiscarded="468000" />
  <memory-copied type="tenure" objects="1111952" bytes="29882312" bytesdiscarded="141176" />
  <ownableSynchronizers candidates="7746" cleared="6272" />
  <references type="soft" candidates="1023" cleared="0" enqueued="0" dynamicThreshold="12" maxThreshold="32" />
  <references type="weak" candidates="108" cleared="108" enqueued="0" />
</gc-op>
<gc-end id="2436" type="scavenge" contextid="2432" durationms="126.425" usertimems="912.026" systemtimems="0.000" timestamp="2020-09-11T12:55:34.588" activeThreads="8">
  <mem-info id="2437" free="783057648" total="2240217088" percent="34">
    <mem type="nursery" free="688790288" total="939524096" percent="73">
      <mem type="allocate" free="688790288" total="805240832" percent="85" />
      <mem type="survivor" free="0" total="134283264" percent="0" />
    </mem>
    <mem type="tenure" free="94267360" total="1300692992" percent="7" macro-fragmented="511325">
      <mem type="soa" free="55983352" total="1222650880" percent="4" />
      <mem type="loa" free="38284008" total="78042112" percent="49" />
    </mem>
    <remembered-set count="32608" />
  </mem-info>
</gc-end>
<cycle-end id="2438" type="scavenge" contextid="2432" timestamp="2020-09-11T12:55:34.589" />
<allocation-satisfied id="2439" threadId="000000000078C200" bytesRequested="24" />
<af-end id="2440" timestamp="2020-09-11T12:55:34.589" threadId="000000000078CB80" success="true" from="nursery"/>
<exclusive-end id="2441" timestamp="2020-09-11T12:55:34.589" durationms="128.892" />

<exclusive-start id="2442" timestamp="2020-09-11T12:55:36.546" intervalms="2085.579">
  <response-info timems="0.746" idlems="0.560" threads="1" lastid="000000000088B400" lastname="Group1.Backend.CompositeBackend{Tier1}.6" />
</exclusive-start>
<af-start id="2443" threadId="00000000008C3A80" totalBytesRequested="1032" timestamp="2020-09-11T12:55:36.547" intervalms="2085.732" type="nursery" />
<cycle-start id="2444" type="scavenge" contextid="0" timestamp="2020-09-11T12:55:36.547" intervalms="2085.832" />
<gc-start id="2445" type="scavenge" contextid="2444" timestamp="2020-09-11T12:55:36.547">
  <mem-info id="2446" free="94267360" total="2240217088" percent="4">
    <mem type="nursery" free="0" total="939524096" percent="0">
      <mem type="allocate" free="0" total="805240832" percent="0" />
      <mem type="survivor" free="0" total="134283264" percent="0" />
    </mem>
    <mem type="tenure" free="94267360" total="1300692992" percent="7">
      <mem type="soa" free="55983352" total="1222650880" percent="4" />
      <mem type="loa" free="38284008" total="78042112" percent="49" />
    </mem>
    <remembered-set count="194928" />
  </mem-info>
</gc-start>
<allocation-stats totalBytes="688459096" >
  <allocated-bytes non-tlh="32143328" tlh="656315768" />
  <largest-consumer threadName="Group1.Backend.CompositeBackend{Tier1}.4" threadId="0000000000863200" bytes="101324168" />
</allocation-stats>
<gc-op id="2447" type="scavenge" timems="112.372" contextid="2444" timestamp="2020-09-11T12:55:36.660">
  <scavenger-info tenureage="3" tenuremask="7ff8" tiltratio="85" />
  <memory-copied type="nursery" objects="3989007" bytes="107109088" bytesdiscarded="312048" />
  <memory-copied type="tenure" objects="1158902" bytes="31156864" bytesdiscarded="127880" />
  <ownableSynchronizers candidates="7792" cleared="6418" />
  <references type="soft" candidates="970" cleared="0" enqueued="0" dynamicThreshold="12" maxThreshold="32" />
  <references type="weak" candidates="132" cleared="132" enqueued="0" />
</gc-op>
<gc-end id="2448" type="scavenge" contextid="2444" durationms="113.608" usertimems="831.271" systemtimems="9.465" timestamp="2020-09-11T12:55:36.661" activeThreads="8">
  <mem-info id="2449" free="761536616" total="2240217088" percent="33">
    <mem type="nursery" free="698592000" total="939524096" percent="74">
      <mem type="allocate" free="698592000" total="806092800" percent="86" />
      <mem type="survivor" free="0" total="133431296" percent="0" />
    </mem>
    <mem type="tenure" free="62944616" total="1300692992" percent="4" macro-fragmented="309598">
      <mem type="soa" free="24660608" total="1222650880" percent="2" />
      <mem type="loa" free="38284008" total="78042112" percent="49" />
    </mem>
    <remembered-set count="32073" />
  </mem-info>
</gc-end>
<cycle-end id="2450" type="scavenge" contextid="2444" timestamp="2020-09-11T12:55:36.662" />
<allocation-satisfied id="2451" threadId="00000000008C3100" bytesRequested="1032" />
<af-end id="2452" timestamp="2020-09-11T12:55:36.662" threadId="00000000008C3A80" success="true" from="nursery"/>
<exclusive-end id="2453" timestamp="2020-09-11T12:55:36.662" durationms="116.515" />

<exclusive-start id="2454" timestamp="2020-09-11T12:55:38.716" intervalms="2170.343">
  <response-info timems="0.437" idlems="0.421" threads="1" lastid="0000000000DC4000" lastname="Group1.TxInjector.CompositeTxInjector.I.driver.tokens.63" />
</exclusive-start>
<af-start id="2455" threadId="0000000000D7E380" totalBytesRequested="16" timestamp="2020-09-11T12:55:38.717" intervalms="2170.256" type="nursery" />
<cycle-start id="2456" type="scavenge" contextid="0" timestamp="2020-09-11T12:55:38.717" intervalms="2170.198" />
<gc-start id="2457" type="scavenge" contextid="2456" timestamp="2020-09-11T12:55:38.717">
  <mem-info id="2458" free="62944616" total="2240217088" percent="2">
    <mem type="nursery" free="0" total="939524096" percent="0">
      <mem type="allocate" free="0" total="806092800" percent="0" />
      <mem type="survivor" free="0" total="133431296" percent="0" />
    </mem>
    <mem type="tenure" free="62944616" total="1300692992" percent="4">
      <mem type="soa" free="24660608" total="1222650880" percent="2" />
      <mem type="loa" free="38284008" total="78042112" percent="49" />
    </mem>
    <remembered-set count="200108" />
  </mem-info>
</gc-start>
<allocation-stats totalBytes="698260848" >
  <allocated-bytes non-tlh="27607792" tlh="670653056" />
  <largest-consumer threadName="Group1.Backend.CompositeBackend{Tier1}.3" threadId="0000000000819400" bytes="89161192" />
</allocation-stats>
<gc-op id="2459" type="scavenge" timems="117.994" contextid="2456" timestamp="2020-09-11T12:55:38.835">
  <scavenger-info tenureage="3" tenuremask="7ff8" tiltratio="85" />
  <memory-copied type="nursery" objects="4107339" bytes="110297504" bytesdiscarded="132424" />
  <memory-copied type="tenure" objects="1068705" bytes="28697456" bytesdiscarded="52120" />
  <ownableSynchronizers candidates="6476" cleared="5258" />
  <references type="soft" candidates="990" cleared="0" enqueued="0" dynamicThreshold="12" maxThreshold="32" />
  <references type="weak" candidates="117" cleared="117" enqueued="0" />
  <heap-resize type="expand" space="tenure" amount="14680064" count="14" timems="1.825" reason="continue current collection" />
</gc-op>
<gc-end id="2460" type="scavenge" contextid="2456" durationms="119.174" usertimems="892.534" systemtimems="12.831" timestamp="2020-09-11T12:55:38.836" activeThreads="8">
  <mem-info id="2461" free="745603232" total="2254897152" percent="33">
    <mem type="nursery" free="696882944" total="939524096" percent="74">
      <mem type="allocate" free="696882944" total="807403520" percent="86" />
      <mem type="survivor" free="0" total="132120576" percent="0" />
    </mem>
    <mem type="tenure" free="48720288" total="1315373056" percent="3" macro-fragmented="0">
      <mem type="soa" free="285816" total="1236450304" percent="0" />
      <mem type="loa" free="48434472" total="78922752" percent="61" />
    </mem>
    <remembered-set count="30451" />
  </mem-info>
</gc-end>
<cycle-end id="2462" type="scavenge" contextid="2456" timestamp="2020-09-11T12:55:38.837" />
<allocation-satisfied id="2463" threadId="0000000000D7DA00" bytesRequested="16" />
<af-end id="2464" timestamp="2020-09-11T12:55:38.837" threadId="0000000000D7E380" success="true" from="nursery"/>
<exclusive-end id="2465" timestamp="2020-09-11T12:55:38.837" durationms="121.325" />

</verbosegc>

