<?xml version="1.0" ?>

<verbosegc xmlns="http://www.ibm.com/j9/verbosegc" version="c1dd04cca_CMPRSS">

!@: MM_VerboseWriterFileLoggingSynchronous::openFile

!@: Before Trigger

<exclusive-start id="3676" timestamp="2020-09-11T12:59:07.711" intervalms="2171.583">
  <response-info timems="0.420" idlems="0.231" threads="1" lastid="0000000000863200" lastname="Group1.Backend.CompositeBackend{Tier1}.4" />
</exclusive-start>
!@: handleInitialized
<initialized id="3677" timestamp="2020-09-11T12:59:07.711">
  <attribute name="gcPolicy" value="-Xgcpolicy:gencon" />
  <attribute name="maxHeapSize" value="0xe0000000" />
  <attribute name="initialHeapSize" value="0x800000" />
  <attribute name="compressedRefs" value="true" />
  <attribute name="compressedRefsDisplacement" value="0x0" />
  <attribute name="compressedRefsShift" value="0x0" />
  <attribute name="pageSize" value="0x1000" />
  <attribute name="pageType" value="not used" />
  <attribute name="requestedPageSize" value="0x1000" />
  <attribute name="requestedPageType" value="not used" />
  <attribute name="gcthreads" value="8" />
  <attribute name="packetListSplit" value="1" />
  <attribute name="cacheListSplit" value="1" />
  <attribute name="splitFreeListSplitAmount" value="1" />
  <attribute name="numaNodes" value="0" />
  <system>
    <attribute name="physicalMemory" value="16818696192" />
    <attribute name="numCPUs" value="8" />
    <attribute name="architecture" value="amd64" />
    <attribute name="os" value="Linux" />
    <attribute name="osVersion" value="4.15.0-101-generic" />
  </system>
  <vmargs>
    <vmarg name="-Xoptionsfile=/root/code/openj9-openjdk-jdk11/build/linux-x86_64-normal-server-release/jdk/lib/options.default" />
    <vmarg name="-Xlockword:mode=default,noLockword=java/lang/String,noLockword=java/util/MapEntry,noLockword=java/util/HashMap$Entry,noLockword..." />
    <vmarg name="-Xjcl:jclse29" />
    <vmarg name="-Dcom.ibm.oti.vm.bootstrap.library.path=/root/code/openj9-openjdk-jdk11/build/linux-x86_64-normal-server-release/jdk/lib/compre..." />
    <vmarg name="-Dsun.boot.library.path=/root/code/openj9-openjdk-jdk11/build/linux-x86_64-normal-server-release/jdk/lib/compressedrefs:/root/c..." />
    <vmarg name="-Djava.library.path=/root/code/openj9-openjdk-jdk11/build/linux-x86_64-normal-server-release/jdk/lib/compressedrefs:/root/code/..." />
    <vmarg name="-Djava.home=/root/code/openj9-openjdk-jdk11/build/linux-x86_64-normal-server-release/jdk" />
    <vmarg name="-Duser.dir=/root/specjbb2015" />
    <vmarg name="-verbose:gc" />
    <vmarg name="-Xmx3584M" />
    <vmarg name="-Xgc:noConcurrentMark" />
    <vmarg name="-Xtgc:parallel" />
    <vmarg name="-XX:-UseGCStartupHints" />
    <vmarg name="-Xgcpolicy:gencon" />
    <vmarg name="-Xverbosegclog:testOutput,5,100" />
    <vmarg name="-Djava.class.path=/root/specjbb2015/specjbb2015.jar" />
    <vmarg name="-Dsun.java.command=/root/specjbb2015/specjbb2015.jar -m COMPOSITE" />
    <vmarg name="-Dsun.java.launcher=SUN_STANDARD" />
    <vmarg name="-Dsun.java.launcher.pid=20984" />
  </vmargs>
</initialized>

!@: After Trigger

<af-start id="3678" threadId="000000000078CB80" totalBytesRequested="944" timestamp="2020-09-11T12:59:07.712" intervalms="2171.999" type="nursery" />
<cycle-start id="3679" type="scavenge" contextid="0" timestamp="2020-09-11T12:59:07.712" intervalms="2171.962" />
<gc-start id="3680" type="scavenge" contextid="3679" timestamp="2020-09-11T12:59:07.713">
  <mem-info id="3681" free="626485496" total="2765488128" percent="22">
    <mem type="nursery" free="0" total="939524096" percent="0">
      <mem type="allocate" free="0" total="808910848" percent="0" />
      <mem type="survivor" free="0" total="130613248" percent="0" />
    </mem>
    <mem type="tenure" free="626485496" total="1825964032" percent="34">
      <mem type="soa" free="520410904" total="1716405248" percent="30" />
      <mem type="loa" free="106074592" total="109558784" percent="96" />
    </mem>
    <remembered-set count="196096" />
  </mem-info>
</gc-start>
<allocation-stats totalBytes="694678648" >
  <allocated-bytes non-tlh="31586448" tlh="663092200" />
  <largest-consumer threadName="Group1.Backend.CompositeBackend{Tier1}.6" threadId="000000000088B400" bytes="113324288" />
</allocation-stats>
<gc-op id="3682" type="scavenge" timems="109.811" contextid="3679" timestamp="2020-09-11T12:59:07.823">
  <scavenger-info tenureage="3" tenuremask="7ff8" tiltratio="86" />
  <memory-copied type="nursery" objects="4126923" bytes="110880760" bytesdiscarded="144056" />
  <memory-copied type="tenure" objects="1098100" bytes="29504208" bytesdiscarded="107880" />
  <ownableSynchronizers candidates="3732" cleared="3428" />
  <references type="soft" candidates="251" cleared="0" enqueued="0" dynamicThreshold="17" maxThreshold="32" />
  <references type="weak" candidates="117" cleared="117" enqueued="0" />
</gc-op>
<gc-end id="3683" type="scavenge" contextid="3679" durationms="111.223" usertimems="839.904" systemtimems="3.216" timestamp="2020-09-11T12:59:07.824" activeThreads="8">
  <mem-info id="3684" free="1295620568" total="2765488128" percent="46">
    <mem type="nursery" free="698455696" total="939524096" percent="74">
      <mem type="allocate" free="698455696" total="809566208" percent="86" />
      <mem type="survivor" free="0" total="129957888" percent="0" />
    </mem>
    <mem type="tenure" free="597164872" total="1825964032" percent="32" macro-fragmented="0">
      <mem type="soa" free="491090280" total="1716405248" percent="28" />
      <mem type="loa" free="106074592" total="109558784" percent="96" />
    </mem>
    <remembered-set count="30488" />
  </mem-info>
</gc-end>
<cycle-end id="3685" type="scavenge" contextid="3679" timestamp="2020-09-11T12:59:07.826" />
<allocation-satisfied id="3686" threadId="000000000078C200" bytesRequested="944" />
<af-end id="3687" timestamp="2020-09-11T12:59:07.826" threadId="000000000078CB80" success="true" from="nursery"/>
<exclusive-end id="3688" timestamp="2020-09-11T12:59:07.826" durationms="114.554" />

<exclusive-start id="3689" timestamp="2020-09-11T12:59:09.895" intervalms="2183.659">
  <response-info timems="12.154" idlems="12.154" threads="0" lastid="000000000086AF00" lastname="Group1.Backend.CompositeBackend{Tier1}.5" />
</exclusive-start>
<af-start id="3690" threadId="000000000086B880" totalBytesRequested="10008" timestamp="2020-09-11T12:59:09.896" intervalms="2183.243" type="nursery" />
<cycle-start id="3691" type="scavenge" contextid="0" timestamp="2020-09-11T12:59:09.896" intervalms="2183.287" />
<gc-start id="3692" type="scavenge" contextid="3691" timestamp="2020-09-11T12:59:09.896">
  <mem-info id="3693" free="597164872" total="2765488128" percent="21">
    <mem type="nursery" free="0" total="939524096" percent="0">
      <mem type="allocate" free="0" total="809566208" percent="0" />
      <mem type="survivor" free="0" total="129957888" percent="0" />
    </mem>
    <mem type="tenure" free="597164872" total="1825964032" percent="32">
      <mem type="soa" free="491090280" total="1716405248" percent="28" />
      <mem type="loa" free="106074592" total="109558784" percent="96" />
    </mem>
    <remembered-set count="196860" />
  </mem-info>
</gc-start>
<allocation-stats totalBytes="698114376" >
  <allocated-bytes non-tlh="29124016" tlh="668990360" />
  <largest-consumer threadName="Group1.Backend.CompositeBackend{Tier1}.6" threadId="000000000088B400" bytes="93225880" />
</allocation-stats>
<gc-op id="3694" type="scavenge" timems="134.139" contextid="3691" timestamp="2020-09-11T12:59:10.030">
  <scavenger-info tenureage="3" tenuremask="7ff8" tiltratio="86" />
  <memory-copied type="nursery" objects="4141363" bytes="111121336" bytesdiscarded="201864" />
  <memory-copied type="tenure" objects="1111953" bytes="30033888" bytesdiscarded="81520" />
  <ownableSynchronizers candidates="3788" cleared="3496" />
  <references type="soft" candidates="267" cleared="0" enqueued="0" dynamicThreshold="17" maxThreshold="32" />
  <references type="weak" candidates="109" cleared="109" enqueued="0" />
</gc-op>
<gc-end id="3695" type="scavenge" contextid="3691" durationms="135.232" usertimems="1000.888" systemtimems="5.381" timestamp="2020-09-11T12:59:10.031" activeThreads="8">
  <mem-info id="3696" free="1266325496" total="2765488128" percent="45">
    <mem type="nursery" free="699201000" total="939524096" percent="74">
      <mem type="allocate" free="699201000" total="810614784" percent="86" />
      <mem type="survivor" free="0" total="128909312" percent="0" />
    </mem>
    <mem type="tenure" free="567124496" total="1825964032" percent="31" macro-fragmented="0">
      <mem type="soa" free="461049904" total="1716405248" percent="26" />
      <mem type="loa" free="106074592" total="109558784" percent="96" />
    </mem>
    <remembered-set count="31974" />
  </mem-info>
</gc-end>
<cycle-end id="3697" type="scavenge" contextid="3691" timestamp="2020-09-11T12:59:10.033" />
<allocation-satisfied id="3698" threadId="000000000086AF00" bytesRequested="10008" />
<af-end id="3699" timestamp="2020-09-11T12:59:10.033" threadId="000000000086B880" success="true" from="nursery"/>
<exclusive-end id="3700" timestamp="2020-09-11T12:59:10.033" durationms="138.324" />

<exclusive-start id="3701" timestamp="2020-09-11T12:59:11.960" intervalms="2065.123">
  <response-info timems="6.101" idlems="6.101" threads="0" lastid="000000000088B400" lastname="Group1.Backend.CompositeBackend{Tier1}.6" />
</exclusive-start>
<af-start id="3702" threadId="000000000088BD80" totalBytesRequested="24" timestamp="2020-09-11T12:59:11.962" intervalms="2066.538" type="nursery" />
<cycle-start id="3703" type="scavenge" contextid="0" timestamp="2020-09-11T12:59:11.962" intervalms="2066.774" />
<gc-start id="3704" type="scavenge" contextid="3703" timestamp="2020-09-11T12:59:11.963">
  <mem-info id="3705" free="567124496" total="2765488128" percent="20">
    <mem type="nursery" free="0" total="939524096" percent="0">
      <mem type="allocate" free="0" total="810614784" percent="0" />
      <mem type="survivor" free="0" total="128909312" percent="0" />
    </mem>
    <mem type="tenure" free="567124496" total="1825964032" percent="31">
      <mem type="soa" free="461049904" total="1716405248" percent="26" />
      <mem type="loa" free="106074592" total="109558784" percent="96" />
    </mem>
    <remembered-set count="193993" />
  </mem-info>
</gc-start>
<allocation-stats totalBytes="698883888" >
  <allocated-bytes non-tlh="37959080" tlh="660924808" />
  <largest-consumer threadName="Group1.Backend.CompositeBackend{Tier1}.7" threadId="00000000008C3100" bytes="101126088" />
</allocation-stats>
<gc-op id="3706" type="scavenge" timems="146.459" contextid="3703" timestamp="2020-09-11T12:59:12.109">
  <scavenger-info tenureage="3" tenuremask="7ff8" tiltratio="86" />
  <memory-copied type="nursery" objects="4137244" bytes="111030800" bytesdiscarded="283776" />
  <memory-copied type="tenure" objects="1076814" bytes="28939320" bytesdiscarded="94912" />
  <ownableSynchronizers candidates="4358" cleared="4034" />
  <references type="soft" candidates="282" cleared="0" enqueued="0" dynamicThreshold="17" maxThreshold="32" />
  <references type="weak" candidates="108" cleared="108" enqueued="0" />
</gc-op>
<gc-end id="3707" type="scavenge" contextid="3703" durationms="147.583" usertimems="1000.252" systemtimems="9.845" timestamp="2020-09-11T12:59:12.110" activeThreads="8">
  <mem-info id="3708" free="1238147904" total="2765488128" percent="44">
    <mem type="nursery" free="700063744" total="939524096" percent="74">
      <mem type="allocate" free="700063744" total="811466752" percent="86" />
      <mem type="survivor" free="0" total="128057344" percent="0" />
    </mem>
    <mem type="tenure" free="538084160" total="1825964032" percent="29" macro-fragmented="0">
      <mem type="soa" free="432009568" total="1716405248" percent="25" />
      <mem type="loa" free="106074592" total="109558784" percent="96" />
    </mem>
    <remembered-set count="31100" />
  </mem-info>
</gc-end>
<cycle-end id="3709" type="scavenge" contextid="3703" timestamp="2020-09-11T12:59:12.113" />
<allocation-satisfied id="3710" threadId="000000000088B400" bytesRequested="24" />
<af-end id="3711" timestamp="2020-09-11T12:59:12.113" threadId="000000000088BD80" success="true" from="nursery"/>
<exclusive-end id="3712" timestamp="2020-09-11T12:59:12.113" durationms="152.910" />

<exclusive-start id="3713" timestamp="2020-09-11T12:59:14.096" intervalms="2136.344">
  <response-info timems="4.392" idlems="4.392" threads="0" lastid="000000000088B400" lastname="Group1.Backend.CompositeBackend{Tier1}.6" />
</exclusive-start>
<af-start id="3714" threadId="000000000088BD80" totalBytesRequested="56" timestamp="2020-09-11T12:59:14.097" intervalms="2135.064" type="nursery" />
<cycle-start id="3715" type="scavenge" contextid="0" timestamp="2020-09-11T12:59:14.097" intervalms="2134.842" />
<gc-start id="3716" type="scavenge" contextid="3715" timestamp="2020-09-11T12:59:14.098">
  <mem-info id="3717" free="538084160" total="2765488128" percent="19">
    <mem type="nursery" free="0" total="939524096" percent="0">
      <mem type="allocate" free="0" total="811466752" percent="0" />
      <mem type="survivor" free="0" total="128057344" percent="0" />
    </mem>
    <mem type="tenure" free="538084160" total="1825964032" percent="29">
      <mem type="soa" free="432009568" total="1716405248" percent="25" />
      <mem type="loa" free="106074592" total="109558784" percent="96" />
    </mem>
    <remembered-set count="195620" />
  </mem-info>
</gc-start>
<allocation-stats totalBytes="699746776" >
  <allocated-bytes non-tlh="33074600" tlh="666672176" />
  <largest-consumer threadName="Group1.Backend.CompositeBackend{Tier1}.7" threadId="00000000008C3100" bytes="116602776" />
</allocation-stats>
<gc-op id="3718" type="scavenge" timems="121.087" contextid="3715" timestamp="2020-09-11T12:59:14.219">
  <scavenger-info tenureage="3" tenuremask="7ff8" tiltratio="86" />
  <memory-copied type="nursery" objects="4150592" bytes="111299464" bytesdiscarded="244584" />
  <memory-copied type="tenure" objects="1105732" bytes="29723600" bytesdiscarded="97792" />
  <ownableSynchronizers candidates="4697" cleared="4364" />
  <references type="soft" candidates="274" cleared="0" enqueued="0" dynamicThreshold="17" maxThreshold="32" />
  <references type="weak" candidates="107" cleared="107" enqueued="0" />
</gc-op>
<gc-end id="3719" type="scavenge" contextid="3715" durationms="124.814" usertimems="866.969" systemtimems="0.992" timestamp="2020-09-11T12:59:14.222" activeThreads="8">
  <mem-info id="3720" free="1208681440" total="2765488128" percent="43">
    <mem type="nursery" free="700432384" total="939524096" percent="74">
      <mem type="allocate" free="700432384" total="812056576" percent="86" />
      <mem type="survivor" free="0" total="127467520" percent="0" />
    </mem>
    <mem type="tenure" free="508249056" total="1825964032" percent="27" macro-fragmented="0">
      <mem type="soa" free="402174464" total="1716405248" percent="23" />
      <mem type="loa" free="106074592" total="109558784" percent="96" />
    </mem>
    <remembered-set count="31395" />
  </mem-info>
</gc-end>
<cycle-end id="3721" type="scavenge" contextid="3715" timestamp="2020-09-11T12:59:14.224" />
<allocation-satisfied id="3722" threadId="000000000088B400" bytesRequested="56" />
<af-end id="3723" timestamp="2020-09-11T12:59:14.224" threadId="000000000088BD80" success="true" from="nursery"/>
<exclusive-end id="3724" timestamp="2020-09-11T12:59:14.224" durationms="128.086" />

<exclusive-start id="3725" timestamp="2020-09-11T12:59:16.167" intervalms="2071.210">
  <response-info timems="0.345" idlems="0.345" threads="0" lastid="000000000088B400" lastname="Group1.Backend.CompositeBackend{Tier1}.6" />
</exclusive-start>
<af-start id="3726" threadId="000000000088BD80" totalBytesRequested="16" timestamp="2020-09-11T12:59:16.168" intervalms="2071.065" type="nursery" />
<cycle-start id="3727" type="scavenge" contextid="0" timestamp="2020-09-11T12:59:16.168" intervalms="2071.069" />
<gc-start id="3728" type="scavenge" contextid="3727" timestamp="2020-09-11T12:59:16.169">
  <mem-info id="3729" free="508249056" total="2765488128" percent="18">
    <mem type="nursery" free="0" total="939524096" percent="0">
      <mem type="allocate" free="0" total="812056576" percent="0" />
      <mem type="survivor" free="0" total="127467520" percent="0" />
    </mem>
    <mem type="tenure" free="508249056" total="1825964032" percent="27">
      <mem type="soa" free="402174464" total="1716405248" percent="23" />
      <mem type="loa" free="106074592" total="109558784" percent="96" />
    </mem>
    <remembered-set count="195683" />
  </mem-info>
</gc-start>
<allocation-stats totalBytes="700078104" >
  <allocated-bytes non-tlh="33146944" tlh="666931160" />
  <largest-consumer threadName="Group1.Backend.CompositeBackend{Tier1}.4" threadId="0000000000863200" bytes="109328408" />
</allocation-stats>
<gc-op id="3730" type="scavenge" timems="120.590" contextid="3727" timestamp="2020-09-11T12:59:16.289">
  <scavenger-info tenureage="3" tenuremask="7ff8" tiltratio="86" />
  <memory-copied type="nursery" objects="4492293" bytes="118906032" bytesdiscarded="284720" />
  <memory-copied type="tenure" objects="1143632" bytes="30739240" bytesdiscarded="87448" />
  <ownableSynchronizers candidates="3409" cleared="3090" />
  <references type="soft" candidates="266" cleared="0" enqueued="0" dynamicThreshold="17" maxThreshold="32" />
  <references type="weak" candidates="122" cleared="122" enqueued="0" />
</gc-op>
<gc-end id="3731" type="scavenge" contextid="3727" durationms="121.441" usertimems="924.881" systemtimems="0.000" timestamp="2020-09-11T12:59:16.290" activeThreads="8">
  <mem-info id="3732" free="1158746976" total="2765488128" percent="41">
    <mem type="nursery" free="681379488" total="939524096" percent="72">
      <mem type="allocate" free="681379488" total="800653312" percent="85" />
      <mem type="survivor" free="0" total="138870784" percent="0" />
    </mem>
    <mem type="tenure" free="477367488" total="1825964032" percent="26" macro-fragmented="0">
      <mem type="soa" free="371292896" total="1716405248" percent="21" />
      <mem type="loa" free="106074592" total="109558784" percent="96" />
    </mem>
    <remembered-set count="31729" />
  </mem-info>
</gc-end>
<cycle-end id="3733" type="scavenge" contextid="3727" timestamp="2020-09-11T12:59:16.291" />
<allocation-satisfied id="3734" threadId="000000000088B400" bytesRequested="16" />
<af-end id="3735" timestamp="2020-09-11T12:59:16.291" threadId="000000000088BD80" success="true" from="nursery"/>
<exclusive-end id="3736" timestamp="2020-09-11T12:59:16.291" durationms="124.021" />

<exclusive-start id="3737" timestamp="2020-09-11T12:59:18.315" intervalms="2148.090">
  <response-info timems="1.469" idlems="1.469" threads="0" lastid="0000000000863200" lastname="Group1.Backend.CompositeBackend{Tier1}.4" />
</exclusive-start>
<af-start id="3738" threadId="0000000000863B80" totalBytesRequested="56" timestamp="2020-09-11T12:59:18.317" intervalms="2148.451" type="nursery" />
<cycle-start id="3739" type="scavenge" contextid="0" timestamp="2020-09-11T12:59:18.317" intervalms="2148.424" />
<gc-start id="3740" type="scavenge" contextid="3739" timestamp="2020-09-11T12:59:18.317">
  <mem-info id="3741" free="477367488" total="2765488128" percent="17">
    <mem type="nursery" free="0" total="939524096" percent="0">
      <mem type="allocate" free="0" total="800653312" percent="0" />
      <mem type="survivor" free="0" total="138870784" percent="0" />
    </mem>
    <mem type="tenure" free="477367488" total="1825964032" percent="26">
      <mem type="soa" free="371292896" total="1716405248" percent="21" />
      <mem type="loa" free="106074592" total="109558784" percent="96" />
    </mem>
    <remembered-set count="195933" />
  </mem-info>
</gc-start>
<allocation-stats totalBytes="681054016" >
  <allocated-bytes non-tlh="28880336" tlh="652173680" />
  <largest-consumer threadName="Group1.Backend.CompositeBackend{Tier1}.4" threadId="0000000000863200" bytes="95339632" />
</allocation-stats>
<gc-op id="3742" type="scavenge" timems="139.137" contextid="3739" timestamp="2020-09-11T12:59:18.456">
  <scavenger-info tenureage="3" tenuremask="7ff8" tiltratio="85" />
  <memory-copied type="nursery" objects="4182043" bytes="112082072" bytesdiscarded="299200" />
  <memory-copied type="tenure" objects="1083550" bytes="29135856" bytesdiscarded="108584" />
  <ownableSynchronizers candidates="4502" cleared="4179" />
  <references type="soft" candidates="239" cleared="0" enqueued="0" dynamicThreshold="17" maxThreshold="32" />
  <references type="weak" candidates="127" cleared="127" enqueued="0" />
</gc-op>
<gc-end id="3743" type="scavenge" contextid="3739" durationms="140.455" usertimems="987.829" systemtimems="4.248" timestamp="2020-09-11T12:59:18.457" activeThreads="8">
  <mem-info id="3744" free="1137444472" total="2765488128" percent="41">
    <mem type="nursery" free="689297664" total="939524096" percent="73">
      <mem type="allocate" free="689297664" total="801767424" percent="85" />
      <mem type="survivor" free="0" total="137756672" percent="0" />
    </mem>
    <mem type="tenure" free="448146808" total="1825964032" percent="24" macro-fragmented="0">
      <mem type="soa" free="342072216" total="1716405248" percent="19" />
      <mem type="loa" free="106074592" total="109558784" percent="96" />
    </mem>
    <remembered-set count="31977" />
  </mem-info>
</gc-end>
<cycle-end id="3745" type="scavenge" contextid="3739" timestamp="2020-09-11T12:59:18.459" />
<allocation-satisfied id="3746" threadId="0000000000863200" bytesRequested="56" />
<af-end id="3747" timestamp="2020-09-11T12:59:18.459" threadId="0000000000863B80" success="true" from="nursery"/>
<exclusive-end id="3748" timestamp="2020-09-11T12:59:18.460" durationms="144.019" />

<exclusive-start id="3749" timestamp="2020-09-11T12:59:20.404" intervalms="2088.211">
  <response-info timems="0.991" idlems="0.561" threads="2" lastid="0000000000819400" lastname="Group1.Backend.CompositeBackend{Tier1}.3" />
</exclusive-start>
<af-start id="3750" threadId="0000000000AA4080" totalBytesRequested="536" timestamp="2020-09-11T12:59:20.404" intervalms="2087.848" type="nursery" />
<cycle-start id="3751" type="scavenge" contextid="0" timestamp="2020-09-11T12:59:20.405" intervalms="2087.823" />
<gc-start id="3752" type="scavenge" contextid="3751" timestamp="2020-09-11T12:59:20.405">
  <mem-info id="3753" free="448146808" total="2765488128" percent="16">
    <mem type="nursery" free="0" total="939524096" percent="0">
      <mem type="allocate" free="0" total="801767424" percent="0" />
      <mem type="survivor" free="0" total="137756672" percent="0" />
    </mem>
    <mem type="tenure" free="448146808" total="1825964032" percent="24">
      <mem type="soa" free="342072216" total="1716405248" percent="19" />
      <mem type="loa" free="106074592" total="109558784" percent="96" />
    </mem>
    <remembered-set count="193683" />
  </mem-info>
</gc-start>
<allocation-stats totalBytes="688969144" >
  <allocated-bytes non-tlh="34418744" tlh="654550400" />
  <largest-consumer threadName="Group1.Backend.CompositeBackend{Tier1}.5" threadId="000000000086AF00" bytes="90006880" />
</allocation-stats>
<gc-op id="3754" type="scavenge" timems="111.120" contextid="3751" timestamp="2020-09-11T12:59:20.516">
  <scavenger-info tenureage="3" tenuremask="7ff8" tiltratio="85" />
  <memory-copied type="nursery" objects="4150817" bytes="111254760" bytesdiscarded="302080" />
  <memory-copied type="tenure" objects="1107595" bytes="29763072" bytesdiscarded="97120" />
  <ownableSynchronizers candidates="4586" cleared="4277" />
  <references type="soft" candidates="224" cleared="0" enqueued="0" dynamicThreshold="17" maxThreshold="32" />
  <references type="weak" candidates="124" cleared="123" enqueued="0" />
</gc-op>
<gc-end id="3755" type="scavenge" contextid="3751" durationms="112.872" usertimems="821.125" systemtimems="0.000" timestamp="2020-09-11T12:59:20.518" activeThreads="8">
  <mem-info id="3756" free="1110829928" total="2765488128" percent="40">
    <mem type="nursery" free="692546560" total="939524096" percent="73">
      <mem type="allocate" free="692546560" total="804192256" percent="86" />
      <mem type="survivor" free="0" total="135331840" percent="0" />
    </mem>
    <mem type="tenure" free="418283368" total="1825964032" percent="22" macro-fragmented="0">
      <mem type="soa" free="312208776" total="1716405248" percent="18" />
      <mem type="loa" free="106074592" total="109558784" percent="96" />
    </mem>
    <remembered-set count="30150" />
  </mem-info>
</gc-end>
<cycle-end id="3757" type="scavenge" contextid="3751" timestamp="2020-09-11T12:59:20.519" />
<allocation-satisfied id="3758" threadId="0000000000AA3700" bytesRequested="536" />
<af-end id="3759" timestamp="2020-09-11T12:59:20.519" threadId="0000000000AA4080" success="true" from="nursery"/>
<exclusive-end id="3760" timestamp="2020-09-11T12:59:20.520" durationms="115.953" />

<exclusive-start id="3761" timestamp="2020-09-11T12:59:22.429" intervalms="2025.674">
  <response-info timems="0.802" idlems="0.802" threads="0" lastid="0000000000863200" lastname="Group1.Backend.CompositeBackend{Tier1}.4" />
</exclusive-start>
<af-start id="3762" threadId="0000000000863B80" totalBytesRequested="48" timestamp="2020-09-11T12:59:22.430" intervalms="2025.671" type="nursery" />
<cycle-start id="3763" type="scavenge" contextid="0" timestamp="2020-09-11T12:59:22.430" intervalms="2025.675" />
<gc-start id="3764" type="scavenge" contextid="3763" timestamp="2020-09-11T12:59:22.431">
  <mem-info id="3765" free="418283368" total="2765488128" percent="15">
    <mem type="nursery" free="0" total="939524096" percent="0">
      <mem type="allocate" free="0" total="804192256" percent="0" />
      <mem type="survivor" free="0" total="135331840" percent="0" />
    </mem>
    <mem type="tenure" free="418283368" total="1825964032" percent="22">
      <mem type="soa" free="312208776" total="1716405248" percent="18" />
      <mem type="loa" free="106074592" total="109558784" percent="96" />
    </mem>
    <remembered-set count="190933" />
  </mem-info>
</gc-start>
<allocation-stats totalBytes="692219600" >
  <allocated-bytes non-tlh="36224112" tlh="655995488" />
  <largest-consumer threadName="Group1.Backend.CompositeBackend{Tier1}.7" threadId="00000000008C3100" bytes="95969920" />
</allocation-stats>
<gc-op id="3766" type="scavenge" timems="109.595" contextid="3763" timestamp="2020-09-11T12:59:22.540">
  <scavenger-info tenureage="3" tenuremask="7ff8" tiltratio="85" />
  <memory-copied type="nursery" objects="4118546" bytes="110393840" bytesdiscarded="180056" />
  <memory-copied type="tenure" objects="1104039" bytes="29674712" bytesdiscarded="108240" />
  <ownableSynchronizers candidates="4171" cleared="3853" />
  <references type="soft" candidates="246" cleared="0" enqueued="0" dynamicThreshold="17" maxThreshold="32" />
  <references type="weak" candidates="98" cleared="98" enqueued="0" />
</gc-op>
<gc-end id="3767" type="scavenge" contextid="3763" durationms="110.645" usertimems="827.277" systemtimems="0.000" timestamp="2020-09-11T12:59:22.541" activeThreads="8">
  <mem-info id="3768" free="1084235192" total="2765488128" percent="39">
    <mem type="nursery" free="695692288" total="939524096" percent="74">
      <mem type="allocate" free="695692288" total="806354944" percent="86" />
      <mem type="survivor" free="0" total="133169152" percent="0" />
    </mem>
    <mem type="tenure" free="388542904" total="1825964032" percent="21" macro-fragmented="0">
      <mem type="soa" free="282468312" total="1716405248" percent="16" />
      <mem type="loa" free="106074592" total="109558784" percent="96" />
    </mem>
    <remembered-set count="28995" />
  </mem-info>
</gc-end>
<cycle-end id="3769" type="scavenge" contextid="3763" timestamp="2020-09-11T12:59:22.543" />
<allocation-satisfied id="3770" threadId="0000000000863200" bytesRequested="48" />
<af-end id="3771" timestamp="2020-09-11T12:59:22.543" threadId="0000000000863B80" success="true" from="nursery"/>
<exclusive-end id="3772" timestamp="2020-09-11T12:59:22.543" durationms="113.576" />

<exclusive-start id="3773" timestamp="2020-09-11T12:59:24.680" intervalms="2250.519">
  <response-info timems="1.024" idlems="1.024" threads="0" lastid="00000000008C3100" lastname="Group1.Backend.CompositeBackend{Tier1}.7" />
</exclusive-start>
<af-start id="3774" threadId="00000000008C3A80" totalBytesRequested="32" timestamp="2020-09-11T12:59:24.681" intervalms="2250.478" type="nursery" />
<cycle-start id="3775" type="scavenge" contextid="0" timestamp="2020-09-11T12:59:24.681" intervalms="2250.490" />
<gc-start id="3776" type="scavenge" contextid="3775" timestamp="2020-09-11T12:59:24.681">
  <mem-info id="3777" free="388542904" total="2765488128" percent="14">
    <mem type="nursery" free="0" total="939524096" percent="0">
      <mem type="allocate" free="0" total="806354944" percent="0" />
      <mem type="survivor" free="0" total="133169152" percent="0" />
    </mem>
    <mem type="tenure" free="388542904" total="1825964032" percent="21">
      <mem type="soa" free="282468312" total="1716405248" percent="16" />
      <mem type="loa" free="106074592" total="109558784" percent="96" />
    </mem>
    <remembered-set count="197743" />
  </mem-info>
</gc-start>
<allocation-stats totalBytes="695321640" >
  <allocated-bytes non-tlh="23832432" tlh="671489208" />
  <largest-consumer threadName="Group1.Backend.CompositeBackend{Tier1}.3" threadId="0000000000819400" bytes="94926584" />
</allocation-stats>
<gc-op id="3778" type="scavenge" timems="115.249" contextid="3775" timestamp="2020-09-11T12:59:24.796">
  <scavenger-info tenureage="3" tenuremask="7ff8" tiltratio="85" />
  <memory-copied type="nursery" objects="4104882" bytes="110214520" bytesdiscarded="374544" />
  <memory-copied type="tenure" objects="1088281" bytes="29264424" bytesdiscarded="94200" />
  <ownableSynchronizers candidates="4354" cleared="4014" />
  <references type="soft" candidates="266" cleared="0" enqueued="0" dynamicThreshold="17" maxThreshold="32" />
  <references type="weak" candidates="112" cleared="112" enqueued="0" />
</gc-op>
<gc-end id="3779" type="scavenge" contextid="3775" durationms="116.406" usertimems="865.281" systemtimems="0.000" timestamp="2020-09-11T12:59:24.797" activeThreads="8">
  <mem-info id="3780" free="1056765192" total="2765488128" percent="38">
    <mem type="nursery" free="697578240" total="939524096" percent="74">
      <mem type="allocate" free="697578240" total="808255488" percent="86" />
      <mem type="survivor" free="0" total="131268608" percent="0" />
    </mem>
    <mem type="tenure" free="359186952" total="1825964032" percent="19" macro-fragmented="0">
      <mem type="soa" free="253112360" total="1716405248" percent="14" />
      <mem type="loa" free="106074592" total="109558784" percent="96" />
    </mem>
    <remembered-set count="30835" />
  </mem-info>
</gc-end>
<cycle-end id="3781" type="scavenge" contextid="3775" timestamp="2020-09-11T12:59:24.799" />
<allocation-satisfied id="3782" threadId="00000000008C3100" bytesRequested="32" />
<af-end id="3783" timestamp="2020-09-11T12:59:24.799" threadId="00000000008C3A80" success="true" from="nursery"/>
<exclusive-end id="3784" timestamp="2020-09-11T12:59:24.799" durationms="119.075" />

<exclusive-start id="3785" timestamp="2020-09-11T12:59:26.749" intervalms="2068.625">
  <response-info timems="0.952" idlems="0.952" threads="0" lastid="0000000000863200" lastname="Group1.Backend.CompositeBackend{Tier1}.4" />
</exclusive-start>
<af-start id="3786" threadId="0000000000863B80" totalBytesRequested="16" timestamp="2020-09-11T12:59:26.750" intervalms="2069.354" type="nursery" />
<cycle-start id="3787" type="scavenge" contextid="0" timestamp="2020-09-11T12:59:26.750" intervalms="2069.490" />
<gc-start id="3788" type="scavenge" contextid="3787" timestamp="2020-09-11T12:59:26.751">
  <mem-info id="3789" free="359186952" total="2765488128" percent="12">
    <mem type="nursery" free="0" total="939524096" percent="0">
      <mem type="allocate" free="0" total="808255488" percent="0" />
      <mem type="survivor" free="0" total="131268608" percent="0" />
    </mem>
    <mem type="tenure" free="359186952" total="1825964032" percent="19">
      <mem type="soa" free="253112360" total="1716405248" percent="14" />
      <mem type="loa" free="106074592" total="109558784" percent="96" />
    </mem>
    <remembered-set count="194630" />
  </mem-info>
</gc-start>
<allocation-stats totalBytes="697241248" >
  <allocated-bytes non-tlh="35275864" tlh="661965384" />
  <largest-consumer threadName="Group1.Backend.CompositeBackend{Tier1}.7" threadId="00000000008C3100" bytes="91439992" />
</allocation-stats>
<gc-op id="3790" type="scavenge" timems="133.968" contextid="3787" timestamp="2020-09-11T12:59:26.885">
  <scavenger-info tenureage="3" tenuremask="7ff8" tiltratio="86" />
  <memory-copied type="nursery" objects="4219845" bytes="113301296" bytesdiscarded="169328" />
  <memory-copied type="tenure" objects="1088633" bytes="29269328" bytesdiscarded="89568" />
  <ownableSynchronizers candidates="4302" cleared="3963" />
  <references type="soft" candidates="288" cleared="0" enqueued="0" dynamicThreshold="17" maxThreshold="32" />
  <references type="weak" candidates="103" cleared="103" enqueued="0" />
</gc-op>
<gc-end id="3791" type="scavenge" contextid="3787" durationms="134.934" usertimems="1043.579" systemtimems="2.380" timestamp="2020-09-11T12:59:26.885" activeThreads="8">
  <mem-info id="3792" free="1024733728" total="2765488128" percent="37">
    <mem type="nursery" free="694897136" total="939524096" percent="73">
      <mem type="allocate" free="694897136" total="808452096" percent="85" />
      <mem type="survivor" free="0" total="131072000" percent="0" />
    </mem>
    <mem type="tenure" free="329836592" total="1825964032" percent="18" macro-fragmented="0">
      <mem type="soa" free="223762000" total="1716405248" percent="13" />
      <mem type="loa" free="106074592" total="109558784" percent="96" />
    </mem>
    <remembered-set count="31641" />
  </mem-info>
</gc-end>
<cycle-end id="3793" type="scavenge" contextid="3787" timestamp="2020-09-11T12:59:26.887" />
<allocation-satisfied id="3794" threadId="0000000000863200" bytesRequested="16" />
<af-end id="3795" timestamp="2020-09-11T12:59:26.887" threadId="0000000000863B80" success="true" from="nursery"/>
<exclusive-end id="3796" timestamp="2020-09-11T12:59:26.887" durationms="138.343" />

<exclusive-start id="3797" timestamp="2020-09-11T12:59:28.875" intervalms="2126.713">
  <response-info timems="0.433" idlems="0.433" threads="0" lastid="0000000000819400" lastname="Group1.Backend.CompositeBackend{Tier1}.3" />
</exclusive-start>
<af-start id="3798" threadId="0000000000819D80" totalBytesRequested="40" timestamp="2020-09-11T12:59:28.876" intervalms="2125.872" type="nursery" />
<cycle-start id="3799" type="scavenge" contextid="0" timestamp="2020-09-11T12:59:28.876" intervalms="2125.705" />
<gc-start id="3800" type="scavenge" contextid="3799" timestamp="2020-09-11T12:59:28.877">
  <mem-info id="3801" free="329836592" total="2765488128" percent="11">
    <mem type="nursery" free="0" total="939524096" percent="0">
      <mem type="allocate" free="0" total="808452096" percent="0" />
      <mem type="survivor" free="0" total="131072000" percent="0" />
    </mem>
    <mem type="tenure" free="329836592" total="1825964032" percent="18">
      <mem type="soa" free="223762000" total="1716405248" percent="13" />
      <mem type="loa" free="106074592" total="109558784" percent="96" />
    </mem>
    <remembered-set count="195674" />
  </mem-info>
</gc-start>
<allocation-stats totalBytes="694560032" >
  <allocated-bytes non-tlh="32717600" tlh="661842432" />
  <largest-consumer threadName="Group1.Backend.CompositeBackend{Tier1}.5" threadId="000000000086AF00" bytes="96219560" />
</allocation-stats>
<gc-op id="3802" type="scavenge" timems="115.723" contextid="3799" timestamp="2020-09-11T12:59:28.993">
  <scavenger-info tenureage="3" tenuremask="7ff8" tiltratio="86" />
  <memory-copied type="nursery" objects="4262768" bytes="114541488" bytesdiscarded="486880" />
  <memory-copied type="tenure" objects="1064291" bytes="28622368" bytesdiscarded="93888" />
  <ownableSynchronizers candidates="3616" cleared="3291" />
  <references type="soft" candidates="252" cleared="0" enqueued="0" dynamicThreshold="17" maxThreshold="32" />
  <references type="weak" candidates="118" cleared="118" enqueued="0" />
</gc-op>
<gc-end id="3803" type="scavenge" contextid="3799" durationms="118.303" usertimems="895.912" systemtimems="0.000" timestamp="2020-09-11T12:59:28.994" activeThreads="8">
  <mem-info id="3804" free="995495824" total="2765488128" percent="35">
    <mem type="nursery" free="694449904" total="939524096" percent="73">
      <mem type="allocate" free="694449904" total="809566208" percent="85" />
      <mem type="survivor" free="0" total="129957888" percent="0" />
    </mem>
    <mem type="tenure" free="301045920" total="1825964032" percent="16" macro-fragmented="0">
      <mem type="soa" free="194971328" total="1716405248" percent="11" />
      <mem type="loa" free="106074592" total="109558784" percent="96" />
    </mem>
    <remembered-set count="31987" />
  </mem-info>
</gc-end>
<cycle-end id="3805" type="scavenge" contextid="3799" timestamp="2020-09-11T12:59:28.997" />
<allocation-satisfied id="3806" threadId="0000000000819400" bytesRequested="40" />
<af-end id="3807" timestamp="2020-09-11T12:59:28.997" threadId="0000000000819D80" success="true" from="nursery"/>
<exclusive-end id="3808" timestamp="2020-09-11T12:59:28.998" durationms="122.352" />

<exclusive-start id="3809" timestamp="2020-09-11T12:59:30.986" intervalms="2110.556">
  <response-info timems="0.533" idlems="0.533" threads="0" lastid="000000000078C200" lastname="Group1.Backend.CompositeBackend{Tier1}.1" />
</exclusive-start>
<af-start id="3810" threadId="000000000078CB80" totalBytesRequested="32" timestamp="2020-09-11T12:59:30.987" intervalms="2110.685" type="nursery" />
<cycle-start id="3811" type="scavenge" contextid="0" timestamp="2020-09-11T12:59:30.987" intervalms="2110.699" />
<gc-start id="3812" type="scavenge" contextid="3811" timestamp="2020-09-11T12:59:30.987">
  <mem-info id="3813" free="301045920" total="2765488128" percent="10">
    <mem type="nursery" free="0" total="939524096" percent="0">
      <mem type="allocate" free="0" total="809566208" percent="0" />
      <mem type="survivor" free="0" total="129957888" percent="0" />
    </mem>
    <mem type="tenure" free="301045920" total="1825964032" percent="16">
      <mem type="soa" free="194971328" total="1716405248" percent="11" />
      <mem type="loa" free="106074592" total="109558784" percent="96" />
    </mem>
    <remembered-set count="195652" />
  </mem-info>
</gc-start>
<allocation-stats totalBytes="694127600" >
  <allocated-bytes non-tlh="32596432" tlh="661531168" />
  <largest-consumer threadName="Group1.Backend.CompositeBackend{Tier1}.7" threadId="00000000008C3100" bytes="93392096" />
</allocation-stats>
<gc-op id="3814" type="scavenge" timems="119.413" contextid="3811" timestamp="2020-09-11T12:59:31.106">
  <scavenger-info tenureage="3" tenuremask="7ff8" tiltratio="86" />
  <memory-copied type="nursery" objects="4144420" bytes="111655512" bytesdiscarded="140280" />
  <memory-copied type="tenure" objects="1152930" bytes="30989872" bytesdiscarded="91552" />
  <ownableSynchronizers candidates="4338" cleared="4028" />
  <references type="soft" candidates="243" cleared="0" enqueued="0" dynamicThreshold="17" maxThreshold="32" />
  <references type="weak" candidates="97" cleared="97" enqueued="0" />
</gc-op>
<gc-end id="3815" type="scavenge" contextid="3811" durationms="120.934" usertimems="876.406" systemtimems="0.000" timestamp="2020-09-11T12:59:31.108" activeThreads="8">
  <mem-info id="3816" free="968006424" total="2765488128" percent="35">
    <mem type="nursery" free="698006520" total="939524096" percent="74">
      <mem type="allocate" free="698006520" total="809893888" percent="86" />
      <mem type="survivor" free="0" total="129630208" percent="0" />
    </mem>
    <mem type="tenure" free="269999904" total="1825964032" percent="14" macro-fragmented="0">
      <mem type="soa" free="163925312" total="1716405248" percent="9" />
      <mem type="loa" free="106074592" total="109558784" percent="96" />
    </mem>
    <remembered-set count="31800" />
  </mem-info>
</gc-end>
<cycle-end id="3817" type="scavenge" contextid="3811" timestamp="2020-09-11T12:59:31.110" />
<allocation-satisfied id="3818" threadId="000000000078C200" bytesRequested="32" />
<af-end id="3819" timestamp="2020-09-11T12:59:31.110" threadId="000000000078CB80" success="true" from="nursery"/>
<exclusive-end id="3820" timestamp="2020-09-11T12:59:31.110" durationms="124.283" />

<exclusive-start id="3821" timestamp="2020-09-11T12:59:33.186" intervalms="2200.552">
  <response-info timems="0.665" idlems="0.665" threads="0" lastid="00000000007EB800" lastname="Group1.Backend.CompositeBackend{Tier1}.2" />
</exclusive-start>
<af-start id="3822" threadId="00000000007EC180" totalBytesRequested="24" timestamp="2020-09-11T12:59:33.188" intervalms="2201.002" type="nursery" />
<cycle-start id="3823" type="scavenge" contextid="0" timestamp="2020-09-11T12:59:33.188" intervalms="2201.008" />
<gc-start id="3824" type="scavenge" contextid="3823" timestamp="2020-09-11T12:59:33.188">
  <mem-info id="3825" free="269999904" total="2765488128" percent="9">
    <mem type="nursery" free="0" total="939524096" percent="0">
      <mem type="allocate" free="0" total="809893888" percent="0" />
      <mem type="survivor" free="0" total="129630208" percent="0" />
    </mem>
    <mem type="tenure" free="269999904" total="1825964032" percent="14">
      <mem type="soa" free="163925312" total="1716405248" percent="9" />
      <mem type="loa" free="106074592" total="109558784" percent="96" />
    </mem>
    <remembered-set count="199301" />
  </mem-info>
</gc-start>
<allocation-stats totalBytes="697656016" >
  <allocated-bytes non-tlh="25153432" tlh="672502584" />
  <largest-consumer threadName="Group1.Backend.CompositeBackend{Tier1}.1" threadId="000000000078C200" bytes="92217456" />
</allocation-stats>
<gc-op id="3826" type="scavenge" timems="119.904" contextid="3823" timestamp="2020-09-11T12:59:33.308">
  <scavenger-info tenureage="3" tenuremask="7ff8" tiltratio="86" />
  <memory-copied type="nursery" objects="4571407" bytes="120811296" bytesdiscarded="187952" />
  <memory-copied type="tenure" objects="1089764" bytes="29781720" bytesdiscarded="96248" />
  <ownableSynchronizers candidates="4476" cleared="4165" />
  <references type="soft" candidates="253" cleared="0" enqueued="0" dynamicThreshold="17" maxThreshold="32" />
  <references type="weak" candidates="97" cleared="97" enqueued="0" />
</gc-op>
<gc-end id="3827" type="scavenge" contextid="3823" durationms="121.084" usertimems="921.246" systemtimems="4.403" timestamp="2020-09-11T12:59:33.309" activeThreads="8">
  <mem-info id="3828" free="916122208" total="2765488128" percent="33">
    <mem type="nursery" free="676028144" total="939524096" percent="71">
      <mem type="allocate" free="676028144" total="797114368" percent="84" />
      <mem type="survivor" free="0" total="142409728" percent="0" />
    </mem>
    <mem type="tenure" free="240094064" total="1825964032" percent="13" macro-fragmented="0">
      <mem type="soa" free="134019472" total="1716405248" percent="7" />
      <mem type="loa" free="106074592" total="109558784" percent="96" />
    </mem>
    <remembered-set count="31302" />
  </mem-info>
</gc-end>
<cycle-end id="3829" type="scavenge" contextid="3823" timestamp="2020-09-11T12:59:33.310" />
<allocation-satisfied id="3830" threadId="00000000007EB800" bytesRequested="24" />
<af-end id="3831" timestamp="2020-09-11T12:59:33.310" threadId="00000000007EC180" success="true" from="nursery"/>
<exclusive-end id="3832" timestamp="2020-09-11T12:59:33.310" durationms="123.972" />

<exclusive-start id="3833" timestamp="2020-09-11T12:59:35.163" intervalms="1977.123">
  <response-info timems="0.479" idlems="0.479" threads="0" lastid="0000000000863200" lastname="Group1.Backend.CompositeBackend{Tier1}.4" />
</exclusive-start>
<af-start id="3834" threadId="0000000000863B80" totalBytesRequested="40" timestamp="2020-09-11T12:59:35.164" intervalms="1976.643" type="nursery" />
<cycle-start id="3835" type="scavenge" contextid="0" timestamp="2020-09-11T12:59:35.164" intervalms="1976.621" />
<gc-start id="3836" type="scavenge" contextid="3835" timestamp="2020-09-11T12:59:35.165">
  <mem-info id="3837" free="240094064" total="2765488128" percent="8">
    <mem type="nursery" free="0" total="939524096" percent="0">
      <mem type="allocate" free="0" total="797114368" percent="0" />
      <mem type="survivor" free="0" total="142409728" percent="0" />
    </mem>
    <mem type="tenure" free="240094064" total="1825964032" percent="13">
      <mem type="soa" free="134019472" total="1716405248" percent="7" />
      <mem type="loa" free="106074592" total="109558784" percent="96" />
    </mem>
    <remembered-set count="187840" />
  </mem-info>
</gc-start>
<allocation-stats totalBytes="675721584" >
  <allocated-bytes non-tlh="40698536" tlh="635023048" />
  <largest-consumer threadName="Group1.Backend.CompositeBackend{Tier1}.6" threadId="000000000088B400" bytes="119083952" />
</allocation-stats>
<gc-op id="3838" type="scavenge" timems="123.432" contextid="3835" timestamp="2020-09-11T12:59:35.288">
  <scavenger-info tenureage="3" tenuremask="7ff8" tiltratio="84" />
  <memory-copied type="nursery" objects="4099950" bytes="109973264" bytesdiscarded="223320" />
  <memory-copied type="tenure" objects="1100040" bytes="29547912" bytesdiscarded="92712" />
  <ownableSynchronizers candidates="3780" cleared="3488" />
  <references type="soft" candidates="254" cleared="0" enqueued="0" dynamicThreshold="17" maxThreshold="32" />
  <references type="weak" candidates="128" cleared="128" enqueued="0" />
</gc-op>
<gc-end id="3839" type="scavenge" contextid="3835" durationms="124.922" usertimems="904.843" systemtimems="7.311" timestamp="2020-09-11T12:59:35.289" activeThreads="8">
  <mem-info id="3840" free="898757064" total="2765488128" percent="32">
    <mem type="nursery" free="688282112" total="939524096" percent="73">
      <mem type="allocate" free="688282112" total="798556160" percent="86" />
      <mem type="survivor" free="0" total="140967936" percent="0" />
    </mem>
    <mem type="tenure" free="210474952" total="1825964032" percent="11" macro-fragmented="0">
      <mem type="soa" free="104400360" total="1716405248" percent="6" />
      <mem type="loa" free="106074592" total="109558784" percent="96" />
    </mem>
    <remembered-set count="29573" />
  </mem-info>
</gc-end>
<cycle-end id="3841" type="scavenge" contextid="3835" timestamp="2020-09-11T12:59:35.291" />
<allocation-satisfied id="3842" threadId="0000000000863200" bytesRequested="40" />
<af-end id="3843" timestamp="2020-09-11T12:59:35.291" threadId="0000000000863B80" success="true" from="nursery"/>
<exclusive-end id="3844" timestamp="2020-09-11T12:59:35.291" durationms="127.969" />

<exclusive-start id="3845" timestamp="2020-09-11T12:59:37.248" intervalms="2084.257">
  <response-info timems="0.420" idlems="0.420" threads="0" lastid="0000000000863200" lastname="Group1.Backend.CompositeBackend{Tier1}.4" />
</exclusive-start>
<af-start id="3846" threadId="0000000000863B80" totalBytesRequested="24" timestamp="2020-09-11T12:59:37.248" intervalms="2084.220" type="nursery" />
<cycle-start id="3847" type="scavenge" contextid="0" timestamp="2020-09-11T12:59:37.249" intervalms="2084.215" />
<gc-start id="3848" type="scavenge" contextid="3847" timestamp="2020-09-11T12:59:37.249">
  <mem-info id="3849" free="210474952" total="2765488128" percent="7">
    <mem type="nursery" free="0" total="939524096" percent="0">
      <mem type="allocate" free="0" total="798556160" percent="0" />
      <mem type="survivor" free="0" total="140967936" percent="0" />
    </mem>
    <mem type="tenure" free="210474952" total="1825964032" percent="11">
      <mem type="soa" free="104400360" total="1716405248" percent="6" />
      <mem type="loa" free="106074592" total="109558784" percent="96" />
    </mem>
    <remembered-set count="192789" />
  </mem-info>
</gc-start>
<allocation-stats totalBytes="687931872" >
  <allocated-bytes non-tlh="29604160" tlh="658327712" />
  <largest-consumer threadName="Group1.Backend.CompositeBackend{Tier1}.6" threadId="000000000088B400" bytes="101384304" />
</allocation-stats>
<gc-op id="3850" type="scavenge" timems="120.113" contextid="3847" timestamp="2020-09-11T12:59:37.369">
  <scavenger-info tenureage="3" tenuremask="7ff8" tiltratio="84" />
  <memory-copied type="nursery" objects="4323104" bytes="115081688" bytesdiscarded="233160" />
  <memory-copied type="tenure" objects="1112265" bytes="29916288" bytesdiscarded="84808" />
  <ownableSynchronizers candidates="5099" cleared="4770" />
  <references type="soft" candidates="255" cleared="0" enqueued="0" dynamicThreshold="17" maxThreshold="32" />
  <references type="weak" candidates="98" cleared="98" enqueued="0" />
</gc-op>
<gc-end id="3851" type="scavenge" contextid="3847" durationms="121.465" usertimems="907.882" systemtimems="0.000" timestamp="2020-09-11T12:59:37.370" activeThreads="8">
  <mem-info id="3852" free="864860176" total="2765488128" percent="31">
    <mem type="nursery" free="684398288" total="939524096" percent="72">
      <mem type="allocate" free="684398288" total="799801344" percent="85" />
      <mem type="survivor" free="0" total="139722752" percent="0" />
    </mem>
    <mem type="tenure" free="180461888" total="1825964032" percent="9" macro-fragmented="0">
      <mem type="soa" free="74387296" total="1716405248" percent="4" />
      <mem type="loa" free="106074592" total="109558784" percent="96" />
    </mem>
    <remembered-set count="29530" />
  </mem-info>
</gc-end>
<cycle-end id="3853" type="scavenge" contextid="3847" timestamp="2020-09-11T12:59:37.373" />
<allocation-satisfied id="3854" threadId="0000000000863200" bytesRequested="24" />
<af-end id="3855" timestamp="2020-09-11T12:59:37.373" threadId="0000000000863B80" success="true" from="nursery"/>
<exclusive-end id="3856" timestamp="2020-09-11T12:59:37.373" durationms="125.027" />

<exclusive-start id="3857" timestamp="2020-09-11T12:59:39.286" intervalms="2038.144">
  <response-info timems="0.500" idlems="0.500" threads="0" lastid="000000000088B400" lastname="Group1.Backend.CompositeBackend{Tier1}.6" />
</exclusive-start>
<af-start id="3858" threadId="000000000088BD80" totalBytesRequested="266968" timestamp="2020-09-11T12:59:39.287" intervalms="2038.158" type="nursery" />
<cycle-start id="3859" type="scavenge" contextid="0" timestamp="2020-09-11T12:59:39.287" intervalms="2038.164" />
<gc-start id="3860" type="scavenge" contextid="3859" timestamp="2020-09-11T12:59:39.287">
  <mem-info id="3861" free="180528408" total="2765488128" percent="6">
    <mem type="nursery" free="66520" total="939524096" percent="0">
      <mem type="allocate" free="66520" total="799801344" percent="0" />
      <mem type="survivor" free="0" total="139722752" percent="0" />
    </mem>
    <mem type="tenure" free="180461888" total="1825964032" percent="9">
      <mem type="soa" free="74387296" total="1716405248" percent="4" />
      <mem type="loa" free="106074592" total="109558784" percent="96" />
    </mem>
    <remembered-set count="190740" />
  </mem-info>
</gc-start>
<allocation-stats totalBytes="684004920" >
  <allocated-bytes non-tlh="33211472" tlh="650793448" />
  <largest-consumer threadName="Group1.Backend.CompositeBackend{Tier1}.8" threadId="00000000008DD200" bytes="95126720" />
</allocation-stats>
<gc-op id="3862" type="scavenge" timems="127.620" contextid="3859" timestamp="2020-09-11T12:59:39.415">
  <scavenger-info tenureage="3" tenuremask="7ff8" tiltratio="85" />
  <memory-copied type="nursery" objects="4236821" bytes="112871296" bytesdiscarded="183752" />
  <memory-copied type="tenure" objects="1163448" bytes="31285864" bytesdiscarded="108360" />
  <ownableSynchronizers candidates="4907" cleared="4566" />
  <references type="soft" candidates="239" cleared="0" enqueued="0" dynamicThreshold="17" maxThreshold="32" />
  <references type="weak" candidates="99" cleared="99" enqueued="0" />
</gc-op>
<gc-end id="3863" type="scavenge" contextid="3859" durationms="128.940" usertimems="988.961" systemtimems="0.000" timestamp="2020-09-11T12:59:39.416" activeThreads="8">
  <mem-info id="3864" free="837850360" total="2765488128" percent="30">
    <mem type="nursery" free="688825120" total="939524096" percent="73">
      <mem type="allocate" free="688825120" total="801964032" percent="85" />
      <mem type="survivor" free="0" total="137560064" percent="0" />
    </mem>
    <mem type="tenure" free="149025240" total="1825964032" percent="8" macro-fragmented="0">
      <mem type="soa" free="42950648" total="1716405248" percent="2" />
      <mem type="loa" free="106074592" total="109558784" percent="96" />
    </mem>
    <remembered-set count="28683" />
  </mem-info>
</gc-end>
<cycle-end id="3865" type="scavenge" contextid="3859" timestamp="2020-09-11T12:59:39.417" />
<allocation-satisfied id="3866" threadId="000000000088B400" bytesRequested="266968" />
<af-end id="3867" timestamp="2020-09-11T12:59:39.417" threadId="000000000088BD80" success="true" from="nursery"/>
<exclusive-end id="3868" timestamp="2020-09-11T12:59:39.417" durationms="131.554" />

<exclusive-start id="3869" timestamp="2020-09-11T12:59:41.473" intervalms="2187.163">
  <response-info timems="0.634" idlems="0.634" threads="0" lastid="000000000078C200" lastname="Group1.Backend.CompositeBackend{Tier1}.1" />
</exclusive-start>
<af-start id="3870" threadId="000000000078CB80" totalBytesRequested="16" timestamp="2020-09-11T12:59:41.474" intervalms="2187.320" type="nursery" />
<cycle-start id="3871" type="scavenge" contextid="0" timestamp="2020-09-11T12:59:41.475" intervalms="2188.034" />
<gc-start id="3872" type="scavenge" contextid="3871" timestamp="2020-09-11T12:59:41.475">
  <mem-info id="3873" free="149025240" total="2765488128" percent="5">
    <mem type="nursery" free="0" total="939524096" percent="0">
      <mem type="allocate" free="0" total="801964032" percent="0" />
      <mem type="survivor" free="0" total="137560064" percent="0" />
    </mem>
    <mem type="tenure" free="149025240" total="1825964032" percent="8">
      <mem type="soa" free="42950648" total="1716405248" percent="2" />
      <mem type="loa" free="106074592" total="109558784" percent="96" />
    </mem>
    <remembered-set count="193738" />
  </mem-info>
</gc-start>
<allocation-stats totalBytes="688476848" >
  <allocated-bytes non-tlh="27521360" tlh="660955488" />
  <largest-consumer threadName="Group1.Backend.CompositeBackend{Tier1}.5" threadId="000000000086AF00" bytes="100704400" />
</allocation-stats>
<gc-op id="3874" type="scavenge" timems="150.114" contextid="3871" timestamp="2020-09-11T12:59:41.625">
  <scavenger-info tenureage="3" tenuremask="7ff8" tiltratio="85" />
  <memory-copied type="nursery" objects="4181215" bytes="112196688" bytesdiscarded="153864" />
  <memory-copied type="tenure" objects="1024263" bytes="27541304" bytesdiscarded="85856" />
  <ownableSynchronizers candidates="4707" cleared="4366" />
  <references type="soft" candidates="252" cleared="0" enqueued="0" dynamicThreshold="17" maxThreshold="32" />
  <references type="weak" candidates="117" cleared="117" enqueued="0" />
</gc-op>
<gc-end id="3875" type="scavenge" contextid="3871" durationms="151.055" usertimems="1114.335" systemtimems="17.978" timestamp="2020-09-11T12:59:41.626" activeThreads="8">
  <mem-info id="3876" free="813221064" total="2765488128" percent="29">
    <mem type="nursery" free="691749312" total="939524096" percent="73">
      <mem type="allocate" free="691749312" total="804192256" percent="86" />
      <mem type="survivor" free="0" total="135331840" percent="0" />
    </mem>
    <mem type="tenure" free="121471752" total="1825964032" percent="6" macro-fragmented="0">
      <mem type="soa" free="15397160" total="1716405248" percent="0" />
      <mem type="loa" free="106074592" total="109558784" percent="96" />
    </mem>
    <remembered-set count="29920" />
  </mem-info>
</gc-end>
<cycle-end id="3877" type="scavenge" contextid="3871" timestamp="2020-09-11T12:59:41.631" />
<allocation-satisfied id="3878" threadId="000000000078C200" bytesRequested="16" />
<af-end id="3879" timestamp="2020-09-11T12:59:41.631" threadId="000000000078CB80" success="true" from="nursery"/>
<exclusive-end id="3880" timestamp="2020-09-11T12:59:41.631" durationms="157.986" />

<exclusive-start id="3881" timestamp="2020-09-11T12:59:43.512" intervalms="2038.554">
  <response-info timems="0.896" idlems="0.896" threads="0" lastid="0000000000819400" lastname="Group1.Backend.CompositeBackend{Tier1}.3" />
</exclusive-start>
<af-start id="3882" threadId="0000000000819D80" totalBytesRequested="16" timestamp="2020-09-11T12:59:43.512" intervalms="2038.526" type="nursery" />
<percolate-collect id="3883" from="nursery" to="global" reason="prevent tenure expand" timestamp="2020-09-11T12:59:43.513"/>
<cycle-start id="3884" type="global" contextid="0" timestamp="2020-09-11T12:59:43.513" intervalms="64439.963" />
<gc-start id="3885" type="global" contextid="3884" timestamp="2020-09-11T12:59:43.513">
  <mem-info id="3886" free="121471752" total="2765488128" percent="4">
    <mem type="nursery" free="0" total="939524096" percent="0">
      <mem type="allocate" free="0" total="804192256" percent="0" />
      <mem type="survivor" free="0" total="135331840" percent="0" />
    </mem>
    <mem type="tenure" free="121471752" total="1825964032" percent="6">
      <mem type="soa" free="15397160" total="1716405248" percent="0" />
      <mem type="loa" free="106074592" total="109558784" percent="96" />
    </mem>
    <remembered-set count="191115" />
  </mem-info>
</gc-start>
<allocation-stats totalBytes="691417624" >
  <allocated-bytes non-tlh="35671416" tlh="655746208" />
  <largest-consumer threadName="Group1.Backend.CompositeBackend{Tier1}.6" threadId="000000000088B400" bytes="107942488" />
</allocation-stats>
<gc-op id="3887" type="mark" timems="634.041" contextid="3884" timestamp="2020-09-11T12:59:44.147">
  <trace-info objectcount="31234334" scancount="30253509" scanbytes="825000772" />
  <finalization candidates="150" enqueued="0" />
  <ownableSynchronizers candidates="590609" cleared="5465" />
  <references type="soft" candidates="709915" cleared="0" enqueued="0" dynamicThreshold="17" maxThreshold="32" />
  <references type="weak" candidates="4406" cleared="113" enqueued="0" />
  <references type="phantom" candidates="108" cleared="0" enqueued="0" />
  <stringconstants candidates="11054" cleared="1"  />
</gc-op>
<gc-op id="3888" type="sweep" timems="13.419" contextid="3884" timestamp="2020-09-11T12:59:44.161" />
<gc-end id="3889" type="global" contextid="3884" durationms="648.553" usertimems="4878.989" systemtimems="0.000" timestamp="2020-09-11T12:59:44.161" activeThreads="8">
  <mem-info id="3890" free="1608912704" total="2765488128" percent="58">
    <mem type="nursery" free="596977512" total="939524096" percent="63">
      <mem type="allocate" free="596977512" total="804192256" percent="74" />
      <mem type="survivor" free="0" total="135331840" percent="0" />
    </mem>
    <mem type="tenure" free="1011935192" total="1825964032" percent="55" micro-fragmented="63799732" macro-fragmented="9285808">
      <mem type="soa" free="905228040" total="1716405248" percent="52" />
      <mem type="loa" free="106707152" total="109558784" percent="97" />
    </mem>
    <remembered-set count="185399" />
  </mem-info>
</gc-end>
<cycle-end id="3891" type="global" contextid="3884" timestamp="2020-09-11T12:59:44.163" />
<allocation-satisfied id="3892" threadId="0000000000819400" bytesRequested="16" />
<af-end id="3893" timestamp="2020-09-11T12:59:44.163" threadId="0000000000819D80" success="true" from="nursery"/>
<exclusive-end id="3894" timestamp="2020-09-11T12:59:44.163" durationms="651.706" />

<exclusive-start id="3895" timestamp="2020-09-11T12:59:45.128" intervalms="1616.506">
  <response-info timems="0.431" idlems="0.431" threads="0" lastid="0000000000863200" lastname="Group1.Backend.CompositeBackend{Tier1}.4" />
</exclusive-start>
<af-start id="3896" threadId="0000000000863B80" totalBytesRequested="524296" timestamp="2020-09-11T12:59:45.129" intervalms="1616.371" type="nursery" />
<cycle-start id="3897" type="scavenge" contextid="0" timestamp="2020-09-11T12:59:45.129" intervalms="3654.252" />
<gc-start id="3898" type="scavenge" contextid="3897" timestamp="2020-09-11T12:59:45.129">
  <mem-info id="3899" free="1118332232" total="2765488128" percent="40">
    <mem type="nursery" free="106397136" total="939524096" percent="11">
      <mem type="allocate" free="106397136" total="804192256" percent="13" />
      <mem type="survivor" free="0" total="135331840" percent="0" />
    </mem>
    <mem type="tenure" free="1011935096" total="1825964032" percent="55">
      <mem type="soa" free="905227944" total="1716405248" percent="52" />
      <mem type="loa" free="106707152" total="109558784" percent="97" />
    </mem>
    <remembered-set count="234484" />
  </mem-info>
</gc-start>
<allocation-stats totalBytes="488778904" >
  <allocated-bytes non-tlh="22421208" tlh="466357696" />
  <largest-consumer threadName="Group1.Backend.CompositeBackend{Tier1}.7" threadId="00000000008C3100" bytes="66414696" />
</allocation-stats>
<gc-op id="3900" type="scavenge" timems="179.268" contextid="3897" timestamp="2020-09-11T12:59:45.309">
  <scavenger-info tenureage="3" tenuremask="7ff8" tiltratio="85" />
  <memory-copied type="nursery" objects="5107820" bytes="135163480" bytesdiscarded="42048" />
  <memory-copied type="tenure" objects="1274709" bytes="34145872" bytesdiscarded="64728" />
  <copy-failed type="nursery" objects="234846" bytes="6199288" />
  <ownableSynchronizers candidates="1172611" cleared="1172176" />
  <references type="soft" candidates="257" cleared="0" enqueued="0" dynamicThreshold="17" maxThreshold="32" />
  <references type="weak" candidates="107" cleared="107" enqueued="0" />
</gc-op>
<gc-end id="3901" type="scavenge" contextid="3897" durationms="180.577" usertimems="1379.942" systemtimems="21.579" timestamp="2020-09-11T12:59:45.310" activeThreads="8">
  <mem-info id="3902" free="1590808640" total="2765488128" percent="57">
    <mem type="nursery" free="613154816" total="939524096" percent="65">
      <mem type="allocate" free="613154816" total="748486656" percent="81" />
      <mem type="survivor" free="0" total="191037440" percent="0" />
    </mem>
    <mem type="tenure" free="977653824" total="1825964032" percent="53" macro-fragmented="4860663">
      <mem type="soa" free="870946672" total="1716405248" percent="50" />
      <mem type="loa" free="106707152" total="109558784" percent="97" />
    </mem>
    <remembered-set count="37812" />
  </mem-info>
</gc-end>
<cycle-end id="3903" type="scavenge" contextid="3897" timestamp="2020-09-11T12:59:45.312" />
<allocation-satisfied id="3904" threadId="0000000000863200" bytesRequested="524296" />
<af-end id="3905" timestamp="2020-09-11T12:59:45.312" threadId="0000000000863B80" success="true" from="nursery"/>
<exclusive-end id="3906" timestamp="2020-09-11T12:59:45.312" durationms="183.713" />

<exclusive-start id="3907" timestamp="2020-09-11T12:59:46.929" intervalms="1801.308">
  <response-info timems="1.321" idlems="1.321" threads="0" lastid="00000000008DD200" lastname="Group1.Backend.CompositeBackend{Tier1}.8" />
</exclusive-start>
<af-start id="3908" threadId="00000000008DDB80" totalBytesRequested="262152" timestamp="2020-09-11T12:59:46.931" intervalms="1802.071" type="nursery" />
<cycle-start id="3909" type="scavenge" contextid="0" timestamp="2020-09-11T12:59:46.931" intervalms="1802.061" />
<gc-start id="3910" type="scavenge" contextid="3909" timestamp="2020-09-11T12:59:46.932">
  <mem-info id="3911" free="977653824" total="2765488128" percent="35">
    <mem type="nursery" free="0" total="939524096" percent="0">
      <mem type="allocate" free="0" total="748486656" percent="0" />
      <mem type="survivor" free="0" total="191037440" percent="0" />
    </mem>
    <mem type="tenure" free="977653824" total="1825964032" percent="53">
      <mem type="soa" free="870946672" total="1716405248" percent="50" />
      <mem type="loa" free="106707152" total="109558784" percent="97" />
    </mem>
    <remembered-set count="193741" />
  </mem-info>
</gc-start>
<allocation-stats totalBytes="612859472" >
  <allocated-bytes non-tlh="27606968" tlh="585252504" />
  <largest-consumer threadName="Group1.Backend.CompositeBackend{Tier1}.4" threadId="0000000000863200" bytes="91660824" />
</allocation-stats>
<gc-op id="3912" type="scavenge" timems="172.928" contextid="3909" timestamp="2020-09-11T12:59:47.105">
  <scavenger-info tenureage="3" tenuremask="7ff8" tiltratio="79" />
  <memory-copied type="nursery" objects="4903569" bytes="130345152" bytesdiscarded="191256" />
  <memory-copied type="tenure" objects="940353" bytes="25313864" bytesdiscarded="81488" />
  <ownableSynchronizers candidates="3141" cleared="2823" />
  <references type="soft" candidates="280" cleared="0" enqueued="0" dynamicThreshold="17" maxThreshold="32" />
  <references type="weak" candidates="93" cleared="93" enqueued="0" />
</gc-op>
<gc-end id="3913" type="scavenge" contextid="3909" durationms="175.983" usertimems="1264.719" systemtimems="29.572" timestamp="2020-09-11T12:59:47.108" activeThreads="8">
  <mem-info id="3914" free="1576565896" total="2765488128" percent="57">
    <mem type="nursery" free="624420080" total="939524096" percent="66">
      <mem type="allocate" free="624420080" total="755040256" percent="82" />
      <mem type="survivor" free="0" total="184483840" percent="0" />
    </mem>
    <mem type="tenure" free="952145816" total="1825964032" percent="52" macro-fragmented="8777599">
      <mem type="soa" free="845438664" total="1716405248" percent="49" />
      <mem type="loa" free="106707152" total="109558784" percent="97" />
    </mem>
    <remembered-set count="37913" />
  </mem-info>
</gc-end>
<cycle-end id="3915" type="scavenge" contextid="3909" timestamp="2020-09-11T12:59:47.112" />
<allocation-satisfied id="3916" threadId="00000000008DD200" bytesRequested="262152" />
<af-end id="3917" timestamp="2020-09-11T12:59:47.113" threadId="00000000008DDB80" success="true" from="nursery"/>
<exclusive-end id="3918" timestamp="2020-09-11T12:59:47.113" durationms="183.168" />

<exclusive-start id="3919" timestamp="2020-09-11T12:59:48.748" intervalms="1819.064">
  <response-info timems="0.482" idlems="0.482" threads="0" lastid="000000000088B400" lastname="Group1.Backend.CompositeBackend{Tier1}.6" />
</exclusive-start>
<af-start id="3920" threadId="000000000088BD80" totalBytesRequested="16" timestamp="2020-09-11T12:59:48.749" intervalms="1818.295" type="nursery" />
<cycle-start id="3921" type="scavenge" contextid="0" timestamp="2020-09-11T12:59:48.749" intervalms="1818.263" />
<gc-start id="3922" type="scavenge" contextid="3921" timestamp="2020-09-11T12:59:48.750">
  <mem-info id="3923" free="952145816" total="2765488128" percent="34">
    <mem type="nursery" free="0" total="939524096" percent="0">
      <mem type="allocate" free="0" total="755040256" percent="0" />
      <mem type="survivor" free="0" total="184483840" percent="0" />
    </mem>
    <mem type="tenure" free="952145816" total="1825964032" percent="52">
      <mem type="soa" free="845438664" total="1716405248" percent="49" />
      <mem type="loa" free="106707152" total="109558784" percent="97" />
    </mem>
    <remembered-set count="191054" />
  </mem-info>
</gc-start>
<allocation-stats totalBytes="624121312" >
  <allocated-bytes non-tlh="31522888" tlh="592598424" />
  <largest-consumer threadName="Group1.Backend.CompositeBackend{Tier1}.2" threadId="00000000007EB800" bytes="125791680" />
</allocation-stats>
<gc-op id="3924" type="scavenge" timems="162.738" contextid="3921" timestamp="2020-09-11T12:59:48.913">
  <scavenger-info tenureage="3" tenuremask="7ff8" tiltratio="80" />
  <memory-copied type="nursery" objects="4553892" bytes="122161768" bytesdiscarded="161856" />
  <memory-copied type="tenure" objects="1010546" bytes="27207120" bytesdiscarded="73760" />
  <ownableSynchronizers candidates="3127" cleared="2824" />
  <references type="soft" candidates="297" cleared="0" enqueued="0" dynamicThreshold="17" maxThreshold="32" />
  <references type="weak" candidates="108" cleared="108" enqueued="0" />
</gc-op>
<gc-end id="3925" type="scavenge" contextid="3921" durationms="164.181" usertimems="1128.648" systemtimems="32.221" timestamp="2020-09-11T12:59:48.914" activeThreads="8">
  <mem-info id="3926" free="1565187184" total="2765488128" percent="56">
    <mem type="nursery" free="640308736" total="939524096" percent="68">
      <mem type="allocate" free="640308736" total="762707968" percent="83" />
      <mem type="survivor" free="0" total="176816128" percent="0" />
    </mem>
    <mem type="tenure" free="924878448" total="1825964032" percent="50" macro-fragmented="5244525">
      <mem type="soa" free="818171296" total="1716405248" percent="47" />
      <mem type="loa" free="106707152" total="109558784" percent="97" />
    </mem>
    <remembered-set count="37473" />
  </mem-info>
</gc-end>
<cycle-end id="3927" type="scavenge" contextid="3921" timestamp="2020-09-11T12:59:48.915" />
<allocation-satisfied id="3928" threadId="000000000088B400" bytesRequested="16" />
<af-end id="3929" timestamp="2020-09-11T12:59:48.915" threadId="000000000088BD80" success="true" from="nursery"/>
<exclusive-end id="3930" timestamp="2020-09-11T12:59:48.915" durationms="166.855" />

<exclusive-start id="3931" timestamp="2020-09-11T12:59:50.799" intervalms="2050.539">
  <response-info timems="0.875" idlems="0.875" threads="0" lastid="000000000078C200" lastname="Group1.Backend.CompositeBackend{Tier1}.1" />
</exclusive-start>
<af-start id="3932" threadId="000000000078CB80" totalBytesRequested="16" timestamp="2020-09-11T12:59:50.800" intervalms="2050.523" type="nursery" />
<cycle-start id="3933" type="scavenge" contextid="0" timestamp="2020-09-11T12:59:50.800" intervalms="2050.496" />
<gc-start id="3934" type="scavenge" contextid="3933" timestamp="2020-09-11T12:59:50.800">
  <mem-info id="3935" free="924878448" total="2765488128" percent="33">
    <mem type="nursery" free="0" total="939524096" percent="0">
      <mem type="allocate" free="0" total="762707968" percent="0" />
      <mem type="survivor" free="0" total="176816128" percent="0" />
    </mem>
    <mem type="tenure" free="924878448" total="1825964032" percent="50">
      <mem type="soa" free="818171296" total="1716405248" percent="47" />
      <mem type="loa" free="106707152" total="109558784" percent="97" />
    </mem>
    <remembered-set count="195637" />
  </mem-info>
</gc-start>
<allocation-stats totalBytes="639985792" >
  <allocated-bytes non-tlh="27629688" tlh="612356104" />
  <largest-consumer threadName="Group1.Backend.CompositeBackend{Tier1}.6" threadId="000000000088B400" bytes="105078488" />
</allocation-stats>
<gc-op id="3936" type="scavenge" timems="129.816" contextid="3933" timestamp="2020-09-11T12:59:50.930">
  <scavenger-info tenureage="3" tenuremask="7ff8" tiltratio="81" />
  <memory-copied type="nursery" objects="3871481" bytes="103409592" bytesdiscarded="227552" />
  <memory-copied type="tenure" objects="1764416" bytes="47449152" bytesdiscarded="94584" />
  <ownableSynchronizers candidates="3382" cleared="3089" />
  <references type="soft" candidates="244" cleared="0" enqueued="0" dynamicThreshold="17" maxThreshold="32" />
  <references type="weak" candidates="103" cleared="103" enqueued="0" />
</gc-op>
<gc-end id="3937" type="scavenge" contextid="3933" durationms="130.907" usertimems="931.301" systemtimems="6.580" timestamp="2020-09-11T12:59:50.931" activeThreads="8">
  <mem-info id="3938" free="1544334944" total="2765488128" percent="55">
    <mem type="nursery" free="666984696" total="939524096" percent="70">
      <mem type="allocate" free="666984696" total="770703360" percent="86" />
      <mem type="survivor" free="0" total="168820736" percent="0" />
    </mem>
    <mem type="tenure" free="877350248" total="1825964032" percent="48" macro-fragmented="5838910">
      <mem type="soa" free="770643096" total="1716405248" percent="44" />
      <mem type="loa" free="106707152" total="109558784" percent="97" />
    </mem>
    <remembered-set count="28329" />
  </mem-info>
</gc-end>
<cycle-end id="3939" type="scavenge" contextid="3933" timestamp="2020-09-11T12:59:50.932" />
<allocation-satisfied id="3940" threadId="000000000078C200" bytesRequested="16" />
<af-end id="3941" timestamp="2020-09-11T12:59:50.932" threadId="000000000078CB80" success="true" from="nursery"/>
<exclusive-end id="3942" timestamp="2020-09-11T12:59:50.932" durationms="132.884" />

<exclusive-start id="3943" timestamp="2020-09-11T12:59:52.732" intervalms="1932.970">
  <response-info timems="1.014" idlems="0.696" threads="2" lastid="0000000000819400" lastname="Group1.Backend.CompositeBackend{Tier1}.3" />
</exclusive-start>
<af-start id="3944" threadId="00000000008C3A80" totalBytesRequested="96" timestamp="2020-09-11T12:59:52.733" intervalms="1933.052" type="nursery" />
<cycle-start id="3945" type="scavenge" contextid="0" timestamp="2020-09-11T12:59:52.733" intervalms="1933.069" />
<gc-start id="3946" type="scavenge" contextid="3945" timestamp="2020-09-11T12:59:52.733">
  <mem-info id="3947" free="877350248" total="2765488128" percent="31">
    <mem type="nursery" free="0" total="939524096" percent="0">
      <mem type="allocate" free="0" total="770703360" percent="0" />
      <mem type="survivor" free="0" total="168820736" percent="0" />
    </mem>
    <mem type="tenure" free="877350248" total="1825964032" percent="48">
      <mem type="soa" free="770643096" total="1716405248" percent="44" />
      <mem type="loa" free="106707152" total="109558784" percent="97" />
    </mem>
    <remembered-set count="184507" />
  </mem-info>
</gc-start>
<allocation-stats totalBytes="666665616" >
  <allocated-bytes non-tlh="36917792" tlh="629747824" />
  <largest-consumer threadName="Group1.Backend.CompositeBackend{Tier1}.5" threadId="000000000086AF00" bytes="108377352" />
</allocation-stats>
<gc-op id="3948" type="scavenge" timems="119.724" contextid="3945" timestamp="2020-09-11T12:59:52.853">
  <scavenger-info tenureage="3" tenuremask="7ff8" tiltratio="82" />
  <memory-copied type="nursery" objects="3995706" bytes="106249488" bytesdiscarded="209136" />
  <memory-copied type="tenure" objects="1021843" bytes="27448744" bytesdiscarded="82592" />
  <ownableSynchronizers candidates="3487" cleared="3225" />
  <references type="soft" candidates="242" cleared="0" enqueued="0" dynamicThreshold="17" maxThreshold="32" />
  <references type="weak" candidates="123" cleared="123" enqueued="0" />
</gc-op>
<gc-end id="3949" type="scavenge" contextid="3945" durationms="121.435" usertimems="878.778" systemtimems="0.000" timestamp="2020-09-11T12:59:52.854" activeThreads="8">
  <mem-info id="3950" free="1523202632" total="2765488128" percent="55">
    <mem type="nursery" free="673472472" total="939524096" percent="71">
      <mem type="allocate" free="673472472" total="780009472" percent="86" />
      <mem type="survivor" free="0" total="159514624" percent="0" />
    </mem>
    <mem type="tenure" free="849730160" total="1825964032" percent="46" macro-fragmented="4671128">
      <mem type="soa" free="743023008" total="1716405248" percent="43" />
      <mem type="loa" free="106707152" total="109558784" percent="97" />
    </mem>
    <remembered-set count="27224" />
  </mem-info>
</gc-end>
<cycle-end id="3951" type="scavenge" contextid="3945" timestamp="2020-09-11T12:59:52.856" />
<allocation-satisfied id="3952" threadId="00000000008C3100" bytesRequested="96" />
<af-end id="3953" timestamp="2020-09-11T12:59:52.856" threadId="00000000008C3A80" success="true" from="nursery"/>
<exclusive-end id="3954" timestamp="2020-09-11T12:59:52.856" durationms="123.864" />

<exclusive-start id="3955" timestamp="2020-09-11T12:59:54.681" intervalms="1949.270">
  <response-info timems="0.743" idlems="0.743" threads="0" lastid="0000000000819400" lastname="Group1.Backend.CompositeBackend{Tier1}.3" />
</exclusive-start>
<af-start id="3956" threadId="0000000000819D80" totalBytesRequested="16" timestamp="2020-09-11T12:59:54.682" intervalms="1949.327" type="nursery" />
<cycle-start id="3957" type="scavenge" contextid="0" timestamp="2020-09-11T12:59:54.682" intervalms="1949.311" />
<gc-start id="3958" type="scavenge" contextid="3957" timestamp="2020-09-11T12:59:54.683">
  <mem-info id="3959" free="849730160" total="2765488128" percent="30">
    <mem type="nursery" free="0" total="939524096" percent="0">
      <mem type="allocate" free="0" total="780009472" percent="0" />
      <mem type="survivor" free="0" total="159514624" percent="0" />
    </mem>
    <mem type="tenure" free="849730160" total="1825964032" percent="46">
      <mem type="soa" free="743023008" total="1716405248" percent="43" />
      <mem type="loa" free="106707152" total="109558784" percent="97" />
    </mem>
    <remembered-set count="186594" />
  </mem-info>
</gc-start>
<allocation-stats totalBytes="673156096" >
  <allocated-bytes non-tlh="35627936" tlh="637528160" />
  <largest-consumer threadName="Group1.Backend.CompositeBackend{Tier1}.1" threadId="000000000078C200" bytes="103296768" />
</allocation-stats>
<gc-op id="3960" type="scavenge" timems="113.665" contextid="3957" timestamp="2020-09-11T12:59:54.796">
  <scavenger-info tenureage="3" tenuremask="7ff8" tiltratio="83" />
  <memory-copied type="nursery" objects="3936025" bytes="107575456" bytesdiscarded="144088" />
  <memory-copied type="tenure" objects="993606" bytes="26708304" bytesdiscarded="79696" />
  <ownableSynchronizers candidates="3276" cleared="3022" />
  <references type="soft" candidates="226" cleared="0" enqueued="0" dynamicThreshold="17" maxThreshold="32" />
  <references type="weak" candidates="109" cleared="108" enqueued="0" />
</gc-op>
<gc-end id="3961" type="scavenge" contextid="3957" durationms="114.929" usertimems="827.994" systemtimems="0.000" timestamp="2020-09-11T12:59:54.797" activeThreads="8">
  <mem-info id="3962" free="1502724744" total="2765488128" percent="54">
    <mem type="nursery" free="679746536" total="939524096" percent="72">
      <mem type="allocate" free="679746536" total="787546112" percent="86" />
      <mem type="survivor" free="0" total="151977984" percent="0" />
    </mem>
    <mem type="tenure" free="822978208" total="1825964032" percent="45" macro-fragmented="7037024">
      <mem type="soa" free="716271056" total="1716405248" percent="41" />
      <mem type="loa" free="106707152" total="109558784" percent="97" />
    </mem>
    <remembered-set count="27490" />
  </mem-info>
</gc-end>
<cycle-end id="3963" type="scavenge" contextid="3957" timestamp="2020-09-11T12:59:54.799" />
<allocation-satisfied id="3964" threadId="0000000000819400" bytesRequested="16" />
<af-end id="3965" timestamp="2020-09-11T12:59:54.799" threadId="0000000000819D80" success="true" from="nursery"/>
<exclusive-end id="3966" timestamp="2020-09-11T12:59:54.799" durationms="117.578" />

<exclusive-start id="3967" timestamp="2020-09-11T12:59:56.855" intervalms="2173.455">
  <response-info timems="1.025" idlems="1.025" threads="0" lastid="000000000078C200" lastname="Group1.Backend.CompositeBackend{Tier1}.1" />
</exclusive-start>
<af-start id="3968" threadId="000000000078CB80" totalBytesRequested="24" timestamp="2020-09-11T12:59:56.856" intervalms="2173.625" type="nursery" />
<cycle-start id="3969" type="scavenge" contextid="0" timestamp="2020-09-11T12:59:56.856" intervalms="2173.667" />
<gc-start id="3970" type="scavenge" contextid="3969" timestamp="2020-09-11T12:59:56.856">
  <mem-info id="3971" free="822978208" total="2765488128" percent="29">
    <mem type="nursery" free="0" total="939524096" percent="0">
      <mem type="allocate" free="0" total="787546112" percent="0" />
      <mem type="survivor" free="0" total="151977984" percent="0" />
    </mem>
    <mem type="tenure" free="822978208" total="1825964032" percent="45">
      <mem type="soa" free="716271056" total="1716405248" percent="41" />
      <mem type="loa" free="106707152" total="109558784" percent="97" />
    </mem>
    <remembered-set count="190147" />
  </mem-info>
</gc-start>
<allocation-stats totalBytes="679406576" >
  <allocated-bytes non-tlh="27574824" tlh="651831752" />
  <largest-consumer threadName="Group1.Backend.CompositeBackend{Tier1}.1" threadId="000000000078C200" bytes="125078984" />
</allocation-stats>
<gc-op id="3972" type="scavenge" timems="111.469" contextid="3969" timestamp="2020-09-11T12:59:56.968">
  <scavenger-info tenureage="3" tenuremask="7ff8" tiltratio="83" />
  <memory-copied type="nursery" objects="3993123" bytes="110219800" bytesdiscarded="175192" />
  <memory-copied type="tenure" objects="1062595" bytes="28584488" bytesdiscarded="81744" />
  <ownableSynchronizers candidates="4422" cleared="4158" />
  <references type="soft" candidates="233" cleared="0" enqueued="0" dynamicThreshold="17" maxThreshold="32" />
  <references type="weak" candidates="122" cleared="122" enqueued="0" />
</gc-op>
<gc-end id="3973" type="scavenge" contextid="3969" durationms="112.890" usertimems="783.239" systemtimems="4.482" timestamp="2020-09-11T12:59:56.969" activeThreads="8">
  <mem-info id="3974" free="1476518776" total="2765488128" percent="53">
    <mem type="nursery" free="682174952" total="939524096" percent="72">
      <mem type="allocate" free="682174952" total="792657920" percent="86" />
      <mem type="survivor" free="0" total="146866176" percent="0" />
    </mem>
    <mem type="tenure" free="794343824" total="1825964032" percent="43" macro-fragmented="1688098">
      <mem type="soa" free="687636672" total="1716405248" percent="40" />
      <mem type="loa" free="106707152" total="109558784" percent="97" />
    </mem>
    <remembered-set count="27968" />
  </mem-info>
</gc-end>
<cycle-end id="3975" type="scavenge" contextid="3969" timestamp="2020-09-11T12:59:56.971" />
<allocation-satisfied id="3976" threadId="000000000078C200" bytesRequested="24" />
<af-end id="3977" timestamp="2020-09-11T12:59:56.971" threadId="000000000078CB80" success="true" from="nursery"/>
<exclusive-end id="3978" timestamp="2020-09-11T12:59:56.971" durationms="115.956" />

<exclusive-start id="3979" timestamp="2020-09-11T12:59:58.915" intervalms="2060.271">
  <response-info timems="1.152" idlems="1.017" threads="1" lastid="0000000000863200" lastname="Group1.Backend.CompositeBackend{Tier1}.4" />
</exclusive-start>
<af-start id="3980" threadId="00000000008DDB80" totalBytesRequested="16" timestamp="2020-09-11T12:59:58.916" intervalms="2059.998" type="nursery" />
<cycle-start id="3981" type="scavenge" contextid="0" timestamp="2020-09-11T12:59:58.916" intervalms="2059.966" />
<gc-start id="3982" type="scavenge" contextid="3981" timestamp="2020-09-11T12:59:58.916">
  <mem-info id="3983" free="794343824" total="2765488128" percent="28">
    <mem type="nursery" free="0" total="939524096" percent="0">
      <mem type="allocate" free="0" total="792657920" percent="0" />
      <mem type="survivor" free="0" total="146866176" percent="0" />
    </mem>
    <mem type="tenure" free="794343824" total="1825964032" percent="43">
      <mem type="soa" free="687636672" total="1716405248" percent="40" />
      <mem type="loa" free="106707152" total="109558784" percent="97" />
    </mem>
    <remembered-set count="189456" />
  </mem-info>
</gc-start>
<allocation-stats totalBytes="681864832" >
  <allocated-bytes non-tlh="32961360" tlh="648903472" />
  <largest-consumer threadName="Group1.Backend.CompositeBackend{Tier1}.5" threadId="000000000086AF00" bytes="122235256" />
</allocation-stats>
<gc-op id="3984" type="scavenge" timems="125.161" contextid="3981" timestamp="2020-09-11T12:59:59.041">
  <scavenger-info tenureage="3" tenuremask="7ff8" tiltratio="84" />
  <memory-copied type="nursery" objects="4168687" bytes="114554432" bytesdiscarded="238224" />
  <memory-copied type="tenure" objects="1029033" bytes="27676224" bytesdiscarded="70328" />
  <ownableSynchronizers candidates="3907" cleared="3627" />
  <references type="soft" candidates="229" cleared="0" enqueued="0" dynamicThreshold="17" maxThreshold="32" />
  <references type="weak" candidates="108" cleared="108" enqueued="0" />
</gc-op>
<gc-end id="3985" type="scavenge" contextid="3981" durationms="126.286" usertimems="910.396" systemtimems="1.014" timestamp="2020-09-11T12:59:59.042" activeThreads="8">
  <mem-info id="3986" free="1447152016" total="2765488128" percent="52">
    <mem type="nursery" free="680530400" total="939524096" percent="72">
      <mem type="allocate" free="680530400" total="795410432" percent="85" />
      <mem type="survivor" free="0" total="144113664" percent="0" />
    </mem>
    <mem type="tenure" free="766621616" total="1825964032" percent="41" macro-fragmented="0">
      <mem type="soa" free="659914464" total="1716405248" percent="38" />
      <mem type="loa" free="106707152" total="109558784" percent="97" />
    </mem>
    <remembered-set count="28222" />
  </mem-info>
</gc-end>
<cycle-end id="3987" type="scavenge" contextid="3981" timestamp="2020-09-11T12:59:59.043" />
<allocation-satisfied id="3988" threadId="00000000008DD200" bytesRequested="16" />
<af-end id="3989" timestamp="2020-09-11T12:59:59.043" threadId="00000000008DDB80" success="true" from="nursery"/>
<exclusive-end id="3990" timestamp="2020-09-11T12:59:59.043" durationms="128.524" />

<exclusive-start id="3991" timestamp="2020-09-11T13:00:00.962" intervalms="2047.220">
  <response-info timems="0.554" idlems="0.554" threads="0" lastid="00000000008DD200" lastname="Group1.Backend.CompositeBackend{Tier1}.8" />
</exclusive-start>
<af-start id="3992" threadId="00000000008DDB80" totalBytesRequested="16" timestamp="2020-09-11T13:00:00.963" intervalms="2047.218" type="nursery" />
<cycle-start id="3993" type="scavenge" contextid="0" timestamp="2020-09-11T13:00:00.964" intervalms="2047.938" />
<gc-start id="3994" type="scavenge" contextid="3993" timestamp="2020-09-11T13:00:00.964">
  <mem-info id="3995" free="766621616" total="2765488128" percent="27">
    <mem type="nursery" free="0" total="939524096" percent="0">
      <mem type="allocate" free="0" total="795410432" percent="0" />
      <mem type="survivor" free="0" total="144113664" percent="0" />
    </mem>
    <mem type="tenure" free="766621616" total="1825964032" percent="41">
      <mem type="soa" free="659914464" total="1716405248" percent="38" />
      <mem type="loa" free="106707152" total="109558784" percent="97" />
    </mem>
    <remembered-set count="188463" />
  </mem-info>
</gc-start>
<allocation-stats totalBytes="680202344" >
  <allocated-bytes non-tlh="33326912" tlh="646875432" />
  <largest-consumer threadName="Group1.Backend.CompositeBackend{Tier1}.8" threadId="00000000008DD200" bytes="102959512" />
</allocation-stats>
<gc-op id="3996" type="scavenge" timems="114.989" contextid="3993" timestamp="2020-09-11T13:00:01.080">
  <scavenger-info tenureage="3" tenuremask="7ff8" tiltratio="84" />
  <memory-copied type="nursery" objects="4289297" bytes="115225296" bytesdiscarded="138064" />
  <memory-copied type="tenure" objects="1076256" bytes="30937856" bytesdiscarded="60456" />
  <ownableSynchronizers candidates="4552" cleared="4240" />
  <references type="soft" candidates="276" cleared="0" enqueued="0" dynamicThreshold="17" maxThreshold="32" />
  <references type="weak" candidates="127" cleared="127" enqueued="0" />
</gc-op>
<gc-end id="3997" type="scavenge" contextid="3993" durationms="116.527" usertimems="858.077" systemtimems="1.365" timestamp="2020-09-11T13:00:01.080" activeThreads="8">
  <mem-info id="3998" free="1418315016" total="2765488128" percent="51">
    <mem type="nursery" free="682777736" total="939524096" percent="72">
      <mem type="allocate" free="682777736" total="798228480" percent="85" />
      <mem type="survivor" free="0" total="141295616" percent="0" />
    </mem>
    <mem type="tenure" free="735537280" total="1825964032" percent="40" macro-fragmented="79068818">
      <mem type="soa" free="628830128" total="1716405248" percent="36" />
      <mem type="loa" free="106707152" total="109558784" percent="97" />
    </mem>
    <remembered-set count="27181" />
  </mem-info>
</gc-end>
<cycle-end id="3999" type="scavenge" contextid="3993" timestamp="2020-09-11T13:00:01.081" />
<allocation-satisfied id="4000" threadId="00000000008DD200" bytesRequested="16" />
<af-end id="4001" timestamp="2020-09-11T13:00:01.081" threadId="00000000008DDB80" success="true" from="nursery"/>
<exclusive-end id="4002" timestamp="2020-09-11T13:00:01.081" durationms="119.212" />

<exclusive-start id="4003" timestamp="2020-09-11T13:00:03.122" intervalms="2159.869">
  <response-info timems="0.589" idlems="0.589" threads="0" lastid="00000000008DD200" lastname="Group1.Backend.CompositeBackend{Tier1}.8" />
</exclusive-start>
<af-start id="4004" threadId="00000000008DDB80" totalBytesRequested="16" timestamp="2020-09-11T13:00:03.123" intervalms="2159.775" type="nursery" />
<cycle-start id="4005" type="scavenge" contextid="0" timestamp="2020-09-11T13:00:03.123" intervalms="2159.033" />
<gc-start id="4006" type="scavenge" contextid="4005" timestamp="2020-09-11T13:00:03.123">
  <mem-info id="4007" free="735537280" total="2765488128" percent="26">
    <mem type="nursery" free="0" total="939524096" percent="0">
      <mem type="allocate" free="0" total="798228480" percent="0" />
      <mem type="survivor" free="0" total="141295616" percent="0" />
    </mem>
    <mem type="tenure" free="735537280" total="1825964032" percent="40">
      <mem type="soa" free="628830128" total="1716405248" percent="36" />
      <mem type="loa" free="106707152" total="109558784" percent="97" />
    </mem>
    <remembered-set count="191726" />
  </mem-info>
</gc-start>
<allocation-stats totalBytes="682450600" >
  <allocated-bytes non-tlh="27429200" tlh="655021400" />
  <largest-consumer threadName="Group1.Backend.CompositeBackend{Tier1}.4" threadId="0000000000863200" bytes="97186904" />
</allocation-stats>
<gc-op id="4008" type="scavenge" timems="123.408" contextid="4005" timestamp="2020-09-11T13:00:03.247">
  <scavenger-info tenureage="3" tenuremask="7ff8" tiltratio="84" />
  <memory-copied type="nursery" objects="4098643" bytes="109881064" bytesdiscarded="251464" />
  <memory-copied type="tenure" objects="1110073" bytes="30870880" bytesdiscarded="98528" />
  <ownableSynchronizers candidates="3902" cleared="3565" />
  <references type="soft" candidates="291" cleared="0" enqueued="0" dynamicThreshold="17" maxThreshold="32" />
  <references type="weak" candidates="107" cleared="105" enqueued="0" />
</gc-op>
<gc-end id="4009" type="scavenge" contextid="4005" durationms="124.610" usertimems="910.738" systemtimems="0.000" timestamp="2020-09-11T13:00:03.248" activeThreads="8">
  <mem-info id="4010" free="1394954920" total="2765488128" percent="50">
    <mem type="nursery" free="690436864" total="939524096" percent="73">
      <mem type="allocate" free="690436864" total="800653312" percent="86" />
      <mem type="survivor" free="0" total="138870784" percent="0" />
    </mem>
    <mem type="tenure" free="704518056" total="1825964032" percent="38" macro-fragmented="9393072">
      <mem type="soa" free="598859488" total="1716405248" percent="34" />
      <mem type="loa" free="105658568" total="109558784" percent="96" />
    </mem>
    <remembered-set count="32031" />
  </mem-info>
</gc-end>
<cycle-end id="4011" type="scavenge" contextid="4005" timestamp="2020-09-11T13:00:03.249" />
<allocation-satisfied id="4012" threadId="00000000008DD200" bytesRequested="16" />
<af-end id="4013" timestamp="2020-09-11T13:00:03.249" threadId="00000000008DDB80" success="true" from="nursery"/>
<exclusive-end id="4014" timestamp="2020-09-11T13:00:03.249" durationms="126.751" />

<exclusive-start id="4015" timestamp="2020-09-11T13:00:05.191" intervalms="2068.886">
  <response-info timems="2.022" idlems="2.022" threads="0" lastid="000000000088B400" lastname="Group1.Backend.CompositeBackend{Tier1}.6" />
</exclusive-start>
<af-start id="4016" threadId="000000000088BD80" totalBytesRequested="32" timestamp="2020-09-11T13:00:05.192" intervalms="2069.026" type="nursery" />
<cycle-start id="4017" type="scavenge" contextid="0" timestamp="2020-09-11T13:00:05.192" intervalms="2069.037" />
<gc-start id="4018" type="scavenge" contextid="4017" timestamp="2020-09-11T13:00:05.192">
  <mem-info id="4019" free="704518056" total="2765488128" percent="25">
    <mem type="nursery" free="0" total="939524096" percent="0">
      <mem type="allocate" free="0" total="800653312" percent="0" />
      <mem type="survivor" free="0" total="138870784" percent="0" />
    </mem>
    <mem type="tenure" free="704518056" total="1825964032" percent="38">
      <mem type="soa" free="598859488" total="1716405248" percent="34" />
      <mem type="loa" free="105658568" total="109558784" percent="96" />
    </mem>
    <remembered-set count="195277" />
  </mem-info>
</gc-start>
<allocation-stats totalBytes="690094664" >
  <allocated-bytes non-tlh="33948472" tlh="656146192" />
  <largest-consumer threadName="Group1.Backend.CompositeBackend{Tier1}.1" threadId="000000000078C200" bytes="98583408" />
</allocation-stats>
<gc-op id="4020" type="scavenge" timems="119.453" contextid="4017" timestamp="2020-09-11T13:00:05.312">
  <scavenger-info tenureage="3" tenuremask="7ff8" tiltratio="85" />
  <memory-copied type="nursery" objects="4347186" bytes="115195280" bytesdiscarded="116936" />
  <memory-copied type="tenure" objects="1079009" bytes="28981568" bytesdiscarded="86456" />
  <ownableSynchronizers candidates="3567" cleared="3229" />
  <references type="soft" candidates="290" cleared="0" enqueued="0" dynamicThreshold="17" maxThreshold="32" />
  <references type="weak" candidates="113" cleared="113" enqueued="0" />
</gc-op>
<gc-end id="4021" type="scavenge" contextid="4017" durationms="120.577" usertimems="880.475" systemtimems="0.030" timestamp="2020-09-11T13:00:05.313" activeThreads="8">
  <mem-info id="4022" free="1361552768" total="2765488128" percent="49">
    <mem type="nursery" free="686044912" total="939524096" percent="73">
      <mem type="allocate" free="686044912" total="801439744" percent="85" />
      <mem type="survivor" free="0" total="138084352" percent="0" />
    </mem>
    <mem type="tenure" free="675507856" total="1825964032" percent="36" macro-fragmented="7996885">
      <mem type="soa" free="569849288" total="1716405248" percent="33" />
      <mem type="loa" free="105658568" total="109558784" percent="96" />
    </mem>
    <remembered-set count="31835" />
  </mem-info>
</gc-end>
<cycle-end id="4023" type="scavenge" contextid="4017" timestamp="2020-09-11T13:00:05.314" />
<allocation-satisfied id="4024" threadId="000000000088B400" bytesRequested="32" />
<af-end id="4025" timestamp="2020-09-11T13:00:05.314" threadId="000000000088BD80" success="true" from="nursery"/>
<exclusive-end id="4026" timestamp="2020-09-11T13:00:05.314" durationms="122.792" />

<exclusive-start id="4027" timestamp="2020-09-11T13:00:07.267" intervalms="2075.811">
  <response-info timems="5.911" idlems="5.911" threads="0" lastid="0000000000819400" lastname="Group1.Backend.CompositeBackend{Tier1}.3" />
</exclusive-start>
<af-start id="4028" threadId="0000000000819D80" totalBytesRequested="131080" timestamp="2020-09-11T13:00:07.268" intervalms="2075.850" type="nursery" />
<cycle-start id="4029" type="scavenge" contextid="0" timestamp="2020-09-11T13:00:07.268" intervalms="2075.855" />
<gc-start id="4030" type="scavenge" contextid="4029" timestamp="2020-09-11T13:00:07.268">
  <mem-info id="4031" free="675620504" total="2765488128" percent="24">
    <mem type="nursery" free="112648" total="939524096" percent="0">
      <mem type="allocate" free="112648" total="801439744" percent="0" />
      <mem type="survivor" free="0" total="138084352" percent="0" />
    </mem>
    <mem type="tenure" free="675507856" total="1825964032" percent="36">
      <mem type="soa" free="569849288" total="1716405248" percent="33" />
      <mem type="loa" free="105658568" total="109558784" percent="96" />
    </mem>
    <remembered-set count="194691" />
  </mem-info>
</gc-start>
<allocation-stats totalBytes="685586744" >
  <allocated-bytes non-tlh="31760104" tlh="653826640" />
  <largest-consumer threadName="Group1.Backend.CompositeBackend{Tier1}.8" threadId="00000000008DD200" bytes="109676872" />
</allocation-stats>
<gc-op id="4032" type="scavenge" timems="146.306" contextid="4029" timestamp="2020-09-11T13:00:07.414">
  <scavenger-info tenureage="3" tenuremask="7ff8" tiltratio="85" />
  <memory-copied type="nursery" objects="4427269" bytes="117422976" bytesdiscarded="165968" />
  <memory-copied type="tenure" objects="1063886" bytes="28589128" bytesdiscarded="106016" />
  <ownableSynchronizers candidates="4861" cleared="4502" />
  <references type="soft" candidates="270" cleared="0" enqueued="0" dynamicThreshold="17" maxThreshold="32" />
  <references type="weak" candidates="112" cleared="112" enqueued="0" />
</gc-op>
<gc-end id="4033" type="scavenge" contextid="4029" durationms="147.208" usertimems="1045.900" systemtimems="2.897" timestamp="2020-09-11T13:00:07.415" activeThreads="8">
  <mem-info id="4034" free="1333806976" total="2765488128" percent="48">
    <mem type="nursery" free="686978312" total="939524096" percent="73">
      <mem type="allocate" free="686978312" total="804651008" percent="85" />
      <mem type="survivor" free="0" total="134873088" percent="0" />
    </mem>
    <mem type="tenure" free="646828664" total="1825964032" percent="35" macro-fragmented="4172912">
      <mem type="soa" free="541170096" total="1716405248" percent="31" />
      <mem type="loa" free="105658568" total="109558784" percent="96" />
    </mem>
    <remembered-set count="31850" />
  </mem-info>
</gc-end>
<cycle-end id="4035" type="scavenge" contextid="4029" timestamp="2020-09-11T13:00:07.416" />
<allocation-satisfied id="4036" threadId="0000000000819400" bytesRequested="131080" />
<af-end id="4037" timestamp="2020-09-11T13:00:07.416" threadId="0000000000819D80" success="true" from="nursery"/>
<exclusive-end id="4038" timestamp="2020-09-11T13:00:07.416" durationms="149.230" />

<exclusive-start id="4039" timestamp="2020-09-11T13:00:09.336" intervalms="2069.682">
  <response-info timems="1.294" idlems="1.294" threads="0" lastid="0000000000863200" lastname="Group1.Backend.CompositeBackend{Tier1}.4" />
</exclusive-start>
<af-start id="4040" threadId="0000000000863B80" totalBytesRequested="266808" timestamp="2020-09-11T13:00:09.337" intervalms="2069.525" type="nursery" />
<cycle-start id="4041" type="scavenge" contextid="0" timestamp="2020-09-11T13:00:09.337" intervalms="2069.524" />
<gc-start id="4042" type="scavenge" contextid="4041" timestamp="2020-09-11T13:00:09.338">
  <mem-info id="4043" free="646841640" total="2765488128" percent="23">
    <mem type="nursery" free="12976" total="939524096" percent="0">
      <mem type="allocate" free="12976" total="804651008" percent="0" />
      <mem type="survivor" free="0" total="134873088" percent="0" />
    </mem>
    <mem type="tenure" free="646828664" total="1825964032" percent="35">
      <mem type="soa" free="541170096" total="1716405248" percent="31" />
      <mem type="loa" free="105658568" total="109558784" percent="96" />
    </mem>
    <remembered-set count="193876" />
  </mem-info>
</gc-start>
<allocation-stats totalBytes="686639560" >
  <allocated-bytes non-tlh="33593592" tlh="653045968" />
  <largest-consumer threadName="Group1.Backend.CompositeBackend{Tier1}.2" threadId="00000000007EB800" bytes="97689848" />
</allocation-stats>
<gc-op id="4044" type="scavenge" timems="127.629" contextid="4041" timestamp="2020-09-11T13:00:09.465">
  <scavenger-info tenureage="3" tenuremask="7ff8" tiltratio="85" />
  <memory-copied type="nursery" objects="4460804" bytes="117848472" bytesdiscarded="305576" />
  <memory-copied type="tenure" objects="1133270" bytes="30458832" bytesdiscarded="99616" />
  <ownableSynchronizers candidates="4101" cleared="3764" />
  <references type="soft" candidates="272" cleared="0" enqueued="0" dynamicThreshold="17" maxThreshold="32" />
  <references type="weak" candidates="122" cleared="122" enqueued="0" />
</gc-op>
<gc-end id="4045" type="scavenge" contextid="4041" durationms="128.803" usertimems="974.799" systemtimems="0.000" timestamp="2020-09-11T13:00:09.466" activeThreads="8">
  <mem-info id="4046" free="1304481256" total="2765488128" percent="47">
    <mem type="nursery" free="688312760" total="939524096" percent="73">
      <mem type="allocate" free="688312760" total="806551552" percent="85" />
      <mem type="survivor" free="0" total="132972544" percent="0" />
    </mem>
    <mem type="tenure" free="616168496" total="1825964032" percent="33" macro-fragmented="5654601">
      <mem type="soa" free="510509928" total="1716405248" percent="29" />
      <mem type="loa" free="105658568" total="109558784" percent="96" />
    </mem>
    <remembered-set count="31507" />
  </mem-info>
</gc-end>
<cycle-end id="4047" type="scavenge" contextid="4041" timestamp="2020-09-11T13:00:09.467" />
<allocation-satisfied id="4048" threadId="0000000000863200" bytesRequested="266808" />
<af-end id="4049" timestamp="2020-09-11T13:00:09.467" threadId="0000000000863B80" success="true" from="nursery"/>
<exclusive-end id="4050" timestamp="2020-09-11T13:00:09.467" durationms="130.869" />

<exclusive-start id="4051" timestamp="2020-09-11T13:00:11.431" intervalms="2094.764">
  <response-info timems="3.835" idlems="3.824" threads="2" lastid="0000000000863200" lastname="Group1.Backend.CompositeBackend{Tier1}.4" />
</exclusive-start>
<af-start id="4052" threadId="00000000007EC180" totalBytesRequested="32" timestamp="2020-09-11T13:00:11.432" intervalms="2094.900" type="nursery" />
<cycle-start id="4053" type="scavenge" contextid="0" timestamp="2020-09-11T13:00:11.432" intervalms="2094.911" />
<gc-start id="4054" type="scavenge" contextid="4053" timestamp="2020-09-11T13:00:11.433">
  <mem-info id="4055" free="616168496" total="2765488128" percent="22">
    <mem type="nursery" free="0" total="939524096" percent="0">
      <mem type="allocate" free="0" total="806551552" percent="0" />
      <mem type="survivor" free="0" total="132972544" percent="0" />
    </mem>
    <mem type="tenure" free="616168496" total="1825964032" percent="33">
      <mem type="soa" free="510509928" total="1716405248" percent="29" />
      <mem type="loa" free="105658568" total="109558784" percent="96" />
    </mem>
    <remembered-set count="195061" />
  </mem-info>
</gc-start>
<allocation-stats totalBytes="687980400" >
  <allocated-bytes non-tlh="33987384" tlh="653993016" />
  <largest-consumer threadName="Group1.Backend.CompositeBackend{Tier1}.4" threadId="0000000000863200" bytes="144152376" />
</allocation-stats>
<gc-op id="4056" type="scavenge" timems="164.253" contextid="4053" timestamp="2020-09-11T13:00:11.597">
  <scavenger-info tenureage="3" tenuremask="7ff8" tiltratio="85" />
  <memory-copied type="nursery" objects="4356253" bytes="115660688" bytesdiscarded="157296" />
  <memory-copied type="tenure" objects="1080309" bytes="29022800" bytesdiscarded="101448" />
  <ownableSynchronizers candidates="4236" cleared="3898" />
  <references type="soft" candidates="278" cleared="0" enqueued="0" dynamicThreshold="17" maxThreshold="32" />
  <references type="weak" candidates="122" cleared="122" enqueued="0" />
</gc-op>
<gc-end id="4057" type="scavenge" contextid="4053" durationms="165.509" usertimems="1150.844" systemtimems="17.332" timestamp="2020-09-11T13:00:11.598" activeThreads="8">
  <mem-info id="4058" free="1277906488" total="2765488128" percent="46">
    <mem type="nursery" free="690841584" total="939524096" percent="73">
      <mem type="allocate" free="690841584" total="806748160" percent="85" />
      <mem type="survivor" free="0" total="132775936" percent="0" />
    </mem>
    <mem type="tenure" free="587064904" total="1825964032" percent="32" macro-fragmented="0">
      <mem type="soa" free="481406336" total="1716405248" percent="28" />
      <mem type="loa" free="105658568" total="109558784" percent="96" />
    </mem>
    <remembered-set count="31802" />
  </mem-info>
</gc-end>
<cycle-end id="4059" type="scavenge" contextid="4053" timestamp="2020-09-11T13:00:11.599" />
<allocation-satisfied id="4060" threadId="00000000007EB800" bytesRequested="32" />
<af-end id="4061" timestamp="2020-09-11T13:00:11.599" threadId="00000000007EC180" success="true" from="nursery"/>
<exclusive-end id="4062" timestamp="2020-09-11T13:00:11.599" durationms="167.645" />

<exclusive-start id="4063" timestamp="2020-09-11T13:00:13.534" intervalms="2102.341">
  <response-info timems="0.286" idlems="0.286" threads="0" lastid="000000000078C200" lastname="Group1.Backend.CompositeBackend{Tier1}.1" />
</exclusive-start>
<af-start id="4064" threadId="000000000078CB80" totalBytesRequested="16" timestamp="2020-09-11T13:00:13.534" intervalms="2102.353" type="nursery" />
<cycle-start id="4065" type="scavenge" contextid="0" timestamp="2020-09-11T13:00:13.534" intervalms="2102.333" />
<gc-start id="4066" type="scavenge" contextid="4065" timestamp="2020-09-11T13:00:13.535">
  <mem-info id="4067" free="587064904" total="2765488128" percent="21">
    <mem type="nursery" free="0" total="939524096" percent="0">
      <mem type="allocate" free="0" total="806748160" percent="0" />
      <mem type="survivor" free="0" total="132775936" percent="0" />
    </mem>
    <mem type="tenure" free="587064904" total="1825964032" percent="32">
      <mem type="soa" free="481406336" total="1716405248" percent="28" />
      <mem type="loa" free="105658568" total="109558784" percent="96" />
    </mem>
    <remembered-set count="197958" />
  </mem-info>
</gc-start>
<allocation-stats totalBytes="690522288" >
  <allocated-bytes non-tlh="26620744" tlh="663901544" />
  <largest-consumer threadName="Group1.Backend.CompositeBackend{Tier1}.8" threadId="00000000008DD200" bytes="121873848" />
</allocation-stats>
<gc-op id="4068" type="scavenge" timems="126.036" contextid="4065" timestamp="2020-09-11T13:00:13.661">
  <scavenger-info tenureage="3" tenuremask="7ff8" tiltratio="85" />
  <memory-copied type="nursery" objects="4447141" bytes="117838936" bytesdiscarded="289264" />
  <memory-copied type="tenure" objects="1068930" bytes="28726784" bytesdiscarded="89408" />
  <ownableSynchronizers candidates="4042" cleared="3696" />
  <references type="soft" candidates="280" cleared="0" enqueued="0" dynamicThreshold="17" maxThreshold="32" />
  <references type="weak" candidates="107" cleared="107" enqueued="0" />
</gc-op>
<gc-end id="4069" type="scavenge" contextid="4065" durationms="127.371" usertimems="882.386" systemtimems="0.000" timestamp="2020-09-11T13:00:13.662" activeThreads="8">
  <mem-info id="4070" free="1245470392" total="2765488128" percent="45">
    <mem type="nursery" free="687226080" total="939524096" percent="73">
      <mem type="allocate" free="687226080" total="805437440" percent="85" />
      <mem type="survivor" free="0" total="134086656" percent="0" />
    </mem>
    <mem type="tenure" free="558244312" total="1825964032" percent="30" macro-fragmented="0">
      <mem type="soa" free="452585744" total="1716405248" percent="26" />
      <mem type="loa" free="105658568" total="109558784" percent="96" />
    </mem>
    <remembered-set count="33077" />
  </mem-info>
</gc-end>
<cycle-end id="4071" type="scavenge" contextid="4065" timestamp="2020-09-11T13:00:13.663" />
<allocation-satisfied id="4072" threadId="000000000078C200" bytesRequested="16" />
<af-end id="4073" timestamp="2020-09-11T13:00:13.663" threadId="000000000078CB80" success="true" from="nursery"/>
<exclusive-end id="4074" timestamp="2020-09-11T13:00:13.663" durationms="129.947" />

<exclusive-start id="4075" timestamp="2020-09-11T13:00:15.601" intervalms="2067.026">
  <response-info timems="0.956" idlems="0.956" threads="0" lastid="0000000000863200" lastname="Group1.Backend.CompositeBackend{Tier1}.4" />
</exclusive-start>
<af-start id="4076" threadId="0000000000863B80" totalBytesRequested="16" timestamp="2020-09-11T13:00:15.601" intervalms="2067.028" type="nursery" />
<cycle-start id="4077" type="scavenge" contextid="0" timestamp="2020-09-11T13:00:15.601" intervalms="2067.031" />
<gc-start id="4078" type="scavenge" contextid="4077" timestamp="2020-09-11T13:00:15.602">
  <mem-info id="4079" free="558244312" total="2765488128" percent="20">
    <mem type="nursery" free="0" total="939524096" percent="0">
      <mem type="allocate" free="0" total="805437440" percent="0" />
      <mem type="survivor" free="0" total="134086656" percent="0" />
    </mem>
    <mem type="tenure" free="558244312" total="1825964032" percent="30">
      <mem type="soa" free="452585744" total="1716405248" percent="26" />
      <mem type="loa" free="105658568" total="109558784" percent="96" />
    </mem>
    <remembered-set count="193208" />
  </mem-info>
</gc-start>
<allocation-stats totalBytes="686906536" >
  <allocated-bytes non-tlh="35769816" tlh="651136720" />
  <largest-consumer threadName="Group1.Backend.CompositeBackend{Tier1}.3" threadId="0000000000819400" bytes="103764472" />
</allocation-stats>
<gc-op id="4080" type="scavenge" timems="120.923" contextid="4077" timestamp="2020-09-11T13:00:15.723">
  <scavenger-info tenureage="3" tenuremask="7ff8" tiltratio="85" />
  <memory-copied type="nursery" objects="4718186" bytes="124633424" bytesdiscarded="415360" />
  <memory-copied type="tenure" objects="1100412" bytes="29555904" bytesdiscarded="94512" />
  <ownableSynchronizers candidates="3965" cleared="3634" />
  <references type="soft" candidates="275" cleared="0" enqueued="0" dynamicThreshold="17" maxThreshold="32" />
  <references type="weak" candidates="108" cleared="108" enqueued="0" />
</gc-op>
<gc-end id="4081" type="scavenge" contextid="4077" durationms="122.060" usertimems="954.329" systemtimems="0.000" timestamp="2020-09-11T13:00:15.724" activeThreads="8">
  <mem-info id="4082" free="1198274592" total="2765488128" percent="43">
    <mem type="nursery" free="669759064" total="939524096" percent="71">
      <mem type="allocate" free="669759064" total="794886144" percent="84" />
      <mem type="survivor" free="0" total="144637952" percent="0" />
    </mem>
    <mem type="tenure" free="528515528" total="1825964032" percent="28" macro-fragmented="0">
      <mem type="soa" free="422856960" total="1716405248" percent="24" />
      <mem type="loa" free="105658568" total="109558784" percent="96" />
    </mem>
    <remembered-set count="31908" />
  </mem-info>
</gc-end>
<cycle-end id="4083" type="scavenge" contextid="4077" timestamp="2020-09-11T13:00:15.725" />
<allocation-satisfied id="4084" threadId="0000000000863200" bytesRequested="16" />
<af-end id="4085" timestamp="2020-09-11T13:00:15.725" threadId="0000000000863B80" success="true" from="nursery"/>
<exclusive-end id="4086" timestamp="2020-09-11T13:00:15.725" durationms="124.257" />

<exclusive-start id="4087" timestamp="2020-09-11T13:00:17.634" intervalms="2033.196">
  <response-info timems="0.660" idlems="0.357" threads="1" lastid="0000000000947D00" lastname="Group1.TxInjector.CompositeTxInjector.I.driver.probe.25" />
</exclusive-start>
<af-start id="4088" threadId="00000000008DDB80" totalBytesRequested="48" timestamp="2020-09-11T13:00:17.635" intervalms="2033.240" type="nursery" />
<cycle-start id="4089" type="scavenge" contextid="0" timestamp="2020-09-11T13:00:17.635" intervalms="2033.248" />
<gc-start id="4090" type="scavenge" contextid="4089" timestamp="2020-09-11T13:00:17.635">
  <mem-info id="4091" free="528515528" total="2765488128" percent="19">
    <mem type="nursery" free="0" total="939524096" percent="0">
      <mem type="allocate" free="0" total="794886144" percent="0" />
      <mem type="survivor" free="0" total="144637952" percent="0" />
    </mem>
    <mem type="tenure" free="528515528" total="1825964032" percent="28">
      <mem type="soa" free="422856960" total="1716405248" percent="24" />
      <mem type="loa" free="105658568" total="109558784" percent="96" />
    </mem>
    <remembered-set count="193327" />
  </mem-info>
</gc-start>
<allocation-stats totalBytes="669418288" >
  <allocated-bytes non-tlh="31726360" tlh="637691928" />
  <largest-consumer threadName="Group1.Backend.CompositeBackend{Tier1}.3" threadId="0000000000819400" bytes="93179264" />
</allocation-stats>
<gc-op id="4092" type="scavenge" timems="110.170" contextid="4089" timestamp="2020-09-11T13:00:17.745">
  <scavenger-info tenureage="3" tenuremask="7ff8" tiltratio="84" />
  <memory-copied type="nursery" objects="4188026" bytes="111786376" bytesdiscarded="248256" />
  <memory-copied type="tenure" objects="1089231" bytes="29242712" bytesdiscarded="118232" />
  <ownableSynchronizers candidates="2852" cleared="2551" />
  <references type="soft" candidates="259" cleared="0" enqueued="0" dynamicThreshold="17" maxThreshold="32" />
  <references type="weak" candidates="122" cleared="122" enqueued="0" />
</gc-op>
<gc-end id="4093" type="scavenge" contextid="4089" durationms="111.220" usertimems="838.458" systemtimems="0.000" timestamp="2020-09-11T13:00:17.746" activeThreads="8">
  <mem-info id="4094" free="1183175168" total="2765488128" percent="42">
    <mem type="nursery" free="683819256" total="939524096" percent="72">
      <mem type="allocate" free="683819256" total="795934720" percent="85" />
      <mem type="survivor" free="0" total="143589376" percent="0" />
    </mem>
    <mem type="tenure" free="499355912" total="1825964032" percent="27" macro-fragmented="0">
      <mem type="soa" free="393697344" total="1716405248" percent="22" />
      <mem type="loa" free="105658568" total="109558784" percent="96" />
    </mem>
    <remembered-set count="29987" />
  </mem-info>
</gc-end>
<cycle-end id="4095" type="scavenge" contextid="4089" timestamp="2020-09-11T13:00:17.747" />
<allocation-satisfied id="4096" threadId="00000000008DD200" bytesRequested="48" />
<af-end id="4097" timestamp="2020-09-11T13:00:17.747" threadId="00000000008DDB80" success="true" from="nursery"/>
<exclusive-end id="4098" timestamp="2020-09-11T13:00:17.747" durationms="113.395" />

<exclusive-start id="4099" timestamp="2020-09-11T13:00:19.726" intervalms="2092.396">
  <response-info timems="0.998" idlems="0.998" threads="0" lastid="000000000086AF00" lastname="Group1.Backend.CompositeBackend{Tier1}.5" />
</exclusive-start>
<af-start id="4100" threadId="000000000086B880" totalBytesRequested="1032" timestamp="2020-09-11T13:00:19.727" intervalms="2092.616" type="nursery" />
<cycle-start id="4101" type="scavenge" contextid="0" timestamp="2020-09-11T13:00:19.727" intervalms="2092.637" />
<gc-start id="4102" type="scavenge" contextid="4101" timestamp="2020-09-11T13:00:19.728">
  <mem-info id="4103" free="499355912" total="2765488128" percent="18">
    <mem type="nursery" free="0" total="939524096" percent="0">
      <mem type="allocate" free="0" total="795934720" percent="0" />
      <mem type="survivor" free="0" total="143589376" percent="0" />
    </mem>
    <mem type="tenure" free="499355912" total="1825964032" percent="27">
      <mem type="soa" free="393697344" total="1716405248" percent="22" />
      <mem type="loa" free="105658568" total="109558784" percent="96" />
    </mem>
    <remembered-set count="191546" />
  </mem-info>
</gc-start>
<allocation-stats totalBytes="683479976" >
  <allocated-bytes non-tlh="30463760" tlh="653016216" />
  <largest-consumer threadName="Group1.Backend.CompositeBackend{Tier1}.5" threadId="000000000086AF00" bytes="95842224" />
</allocation-stats>
<gc-op id="4104" type="scavenge" timems="142.656" contextid="4101" timestamp="2020-09-11T13:00:19.870">
  <scavenger-info tenureage="3" tenuremask="7ff8" tiltratio="84" />
  <memory-copied type="nursery" objects="4220005" bytes="112967328" bytesdiscarded="159040" />
  <memory-copied type="tenure" objects="1128035" bytes="30442128" bytesdiscarded="98896" />
  <ownableSynchronizers candidates="4017" cleared="3705" />
  <references type="soft" candidates="287" cleared="0" enqueued="0" dynamicThreshold="17" maxThreshold="32" />
  <references type="weak" candidates="120" cleared="118" enqueued="0" />
</gc-op>
<gc-end id="4105" type="scavenge" contextid="4101" durationms="143.656" usertimems="1036.498" systemtimems="0.047" timestamp="2020-09-11T13:00:19.871" activeThreads="8">
  <mem-info id="4106" free="1154728048" total="2765488128" percent="41">
    <mem type="nursery" free="685870392" total="939524096" percent="73">
      <mem type="allocate" free="685870392" total="799080448" percent="85" />
      <mem type="survivor" free="0" total="140443648" percent="0" />
    </mem>
    <mem type="tenure" free="468857656" total="1825964032" percent="25" macro-fragmented="0">
      <mem type="soa" free="363199088" total="1716405248" percent="21" />
      <mem type="loa" free="105658568" total="109558784" percent="96" />
    </mem>
    <remembered-set count="28195" />
  </mem-info>
</gc-end>
<cycle-end id="4107" type="scavenge" contextid="4101" timestamp="2020-09-11T13:00:19.872" />
<allocation-satisfied id="4108" threadId="000000000086AF00" bytesRequested="1032" />
<af-end id="4109" timestamp="2020-09-11T13:00:19.872" threadId="000000000086B880" success="true" from="nursery"/>
<exclusive-end id="4110" timestamp="2020-09-11T13:00:19.872" durationms="146.098" />

<exclusive-start id="4111" timestamp="2020-09-11T13:00:21.864" intervalms="2137.810">
  <response-info timems="0.612" idlems="0.612" threads="0" lastid="000000000086AF00" lastname="Group1.Backend.CompositeBackend{Tier1}.5" />
</exclusive-start>
<af-start id="4112" threadId="000000000086B880" totalBytesRequested="520" timestamp="2020-09-11T13:00:21.865" intervalms="2137.446" type="nursery" />
<cycle-start id="4113" type="scavenge" contextid="0" timestamp="2020-09-11T13:00:21.865" intervalms="2137.451" />
<gc-start id="4114" type="scavenge" contextid="4113" timestamp="2020-09-11T13:00:21.865">
  <mem-info id="4115" free="468857656" total="2765488128" percent="16">
    <mem type="nursery" free="0" total="939524096" percent="0">
      <mem type="allocate" free="0" total="799080448" percent="0" />
      <mem type="survivor" free="0" total="140443648" percent="0" />
    </mem>
    <mem type="tenure" free="468857656" total="1825964032" percent="25">
      <mem type="soa" free="363199088" total="1716405248" percent="21" />
      <mem type="loa" free="105658568" total="109558784" percent="96" />
    </mem>
    <remembered-set count="191327" />
  </mem-info>
</gc-start>
<allocation-stats totalBytes="685538360" >
  <allocated-bytes non-tlh="30449208" tlh="655089152" />
  <largest-consumer threadName="Group1.Backend.CompositeBackend{Tier1}.5" threadId="000000000086AF00" bytes="143740584" />
</allocation-stats>
<gc-op id="4116" type="scavenge" timems="136.424" contextid="4113" timestamp="2020-09-11T13:00:22.002">
  <scavenger-info tenureage="3" tenuremask="7ff8" tiltratio="85" />
  <memory-copied type="nursery" objects="4055699" bytes="109394368" bytesdiscarded="196040" />
  <memory-copied type="tenure" objects="1062147" bytes="28543952" bytesdiscarded="103552" />
  <ownableSynchronizers candidates="3939" cleared="3629" />
  <references type="soft" candidates="288" cleared="0" enqueued="0" dynamicThreshold="17" maxThreshold="32" />
  <references type="weak" candidates="124" cleared="123" enqueued="0" />
</gc-op>
<gc-end id="4117" type="scavenge" contextid="4113" durationms="137.367" usertimems="995.955" systemtimems="7.215" timestamp="2020-09-11T13:00:22.002" activeThreads="8">
  <mem-info id="4118" free="1132281512" total="2765488128" percent="40">
    <mem type="nursery" free="692155896" total="939524096" percent="73">
      <mem type="allocate" free="692155896" total="801832960" percent="86" />
      <mem type="survivor" free="0" total="137691136" percent="0" />
    </mem>
    <mem type="tenure" free="440125616" total="1825964032" percent="24" macro-fragmented="0">
      <mem type="soa" free="334467048" total="1716405248" percent="19" />
      <mem type="loa" free="105658568" total="109558784" percent="96" />
    </mem>
    <remembered-set count="27132" />
  </mem-info>
</gc-end>
<cycle-end id="4119" type="scavenge" contextid="4113" timestamp="2020-09-11T13:00:22.003" />
<allocation-satisfied id="4120" threadId="000000000086AF00" bytesRequested="520" />
<af-end id="4121" timestamp="2020-09-11T13:00:22.003" threadId="000000000086B880" success="true" from="nursery"/>
<exclusive-end id="4122" timestamp="2020-09-11T13:00:22.003" durationms="139.360" />

<exclusive-start id="4123" timestamp="2020-09-11T13:00:23.920" intervalms="2056.311">
  <response-info timems="4.425" idlems="4.419" threads="1" lastid="000000000086AF00" lastname="Group1.Backend.CompositeBackend{Tier1}.5" />
</exclusive-start>
<af-start id="4124" threadId="000000000078CB80" totalBytesRequested="1032" timestamp="2020-09-11T13:00:23.921" intervalms="2056.629" type="nursery" />
<cycle-start id="4125" type="scavenge" contextid="0" timestamp="2020-09-11T13:00:23.921" intervalms="2056.641" />
<gc-start id="4126" type="scavenge" contextid="4125" timestamp="2020-09-11T13:00:23.922">
  <mem-info id="4127" free="440125616" total="2765488128" percent="15">
    <mem type="nursery" free="0" total="939524096" percent="0">
      <mem type="allocate" free="0" total="801832960" percent="0" />
      <mem type="survivor" free="0" total="137691136" percent="0" />
    </mem>
    <mem type="tenure" free="440125616" total="1825964032" percent="24">
      <mem type="soa" free="334467048" total="1716405248" percent="19" />
      <mem type="loa" free="105658568" total="109558784" percent="96" />
    </mem>
    <remembered-set count="191449" />
  </mem-info>
</gc-start>
<allocation-stats totalBytes="691809224" >
  <allocated-bytes non-tlh="34084544" tlh="657724680" />
  <largest-consumer threadName="Group1.Backend.CompositeBackend{Tier1}.2" threadId="00000000007EB800" bytes="113033536" />
</allocation-stats>
<gc-op id="4128" type="scavenge" timems="181.902" contextid="4125" timestamp="2020-09-11T13:00:24.104">
  <scavenger-info tenureage="3" tenuremask="7ff8" tiltratio="85" />
  <memory-copied type="nursery" objects="4076703" bytes="109913992" bytesdiscarded="178064" />
  <memory-copied type="tenure" objects="1079253" bytes="29037672" bytesdiscarded="107944" />
  <ownableSynchronizers candidates="4356" cleared="4035" />
  <references type="soft" candidates="316" cleared="0" enqueued="0" dynamicThreshold="17" maxThreshold="32" />
  <references type="weak" candidates="117" cleared="117" enqueued="0" />
</gc-op>
<gc-end id="4129" type="scavenge" contextid="4125" durationms="183.035" usertimems="1314.897" systemtimems="34.948" timestamp="2020-09-11T13:00:24.105" activeThreads="8">
  <mem-info id="4130" free="1105575616" total="2765488128" percent="39">
    <mem type="nursery" free="694470904" total="939524096" percent="73">
      <mem type="allocate" free="694470904" total="804651008" percent="86" />
      <mem type="survivor" free="0" total="134873088" percent="0" />
    </mem>
    <mem type="tenure" free="411104712" total="1825964032" percent="22" macro-fragmented="0">
      <mem type="soa" free="305446144" total="1716405248" percent="17" />
      <mem type="loa" free="105658568" total="109558784" percent="96" />
    </mem>
    <remembered-set count="30109" />
  </mem-info>
</gc-end>
<cycle-end id="4131" type="scavenge" contextid="4125" timestamp="2020-09-11T13:00:24.106" />
<allocation-satisfied id="4132" threadId="000000000078C200" bytesRequested="1032" />
<af-end id="4133" timestamp="2020-09-11T13:00:24.106" threadId="000000000078CB80" success="true" from="nursery"/>
<exclusive-end id="4134" timestamp="2020-09-11T13:00:24.106" durationms="185.447" />

<exclusive-start id="4135" timestamp="2020-09-11T13:00:25.978" intervalms="2057.506">
  <response-info timems="0.904" idlems="0.904" threads="0" lastid="00000000008C3100" lastname="Group1.Backend.CompositeBackend{Tier1}.7" />
</exclusive-start>
<af-start id="4136" threadId="00000000008C3A80" totalBytesRequested="16" timestamp="2020-09-11T13:00:25.979" intervalms="2058.130" type="nursery" />
<cycle-start id="4137" type="scavenge" contextid="0" timestamp="2020-09-11T13:00:25.981" intervalms="2059.156" />
<gc-start id="4138" type="scavenge" contextid="4137" timestamp="2020-09-11T13:00:25.981">
  <mem-info id="4139" free="411104712" total="2765488128" percent="14">
    <mem type="nursery" free="0" total="939524096" percent="0">
      <mem type="allocate" free="0" total="804651008" percent="0" />
      <mem type="survivor" free="0" total="134873088" percent="0" />
    </mem>
    <mem type="tenure" free="411104712" total="1825964032" percent="22">
      <mem type="soa" free="305446144" total="1716405248" percent="17" />
      <mem type="loa" free="105658568" total="109558784" percent="96" />
    </mem>
    <remembered-set count="193141" />
  </mem-info>
</gc-start>
<allocation-stats totalBytes="694135760" >
  <allocated-bytes non-tlh="33539736" tlh="660596024" />
  <largest-consumer threadName="Group1.Backend.CompositeBackend{Tier1}.8" threadId="00000000008DD200" bytes="109754968" />
</allocation-stats>
<gc-op id="4140" type="scavenge" timems="183.628" contextid="4137" timestamp="2020-09-11T13:00:26.165">
  <scavenger-info tenureage="3" tenuremask="7ff8" tiltratio="85" />
  <memory-copied type="nursery" objects="4385976" bytes="116504648" bytesdiscarded="389616" />
  <memory-copied type="tenure" objects="1076238" bytes="29448152" bytesdiscarded="101992" />
  <ownableSynchronizers candidates="3786" cleared="3433" />
  <references type="soft" candidates="290" cleared="0" enqueued="0" dynamicThreshold="17" maxThreshold="32" />
  <references type="weak" candidates="122" cleared="122" enqueued="0" />
</gc-op>
<gc-end id="4141" type="scavenge" contextid="4137" durationms="184.989" usertimems="1251.792" systemtimems="18.169" timestamp="2020-09-11T13:00:26.166" activeThreads="8">
  <mem-info id="4142" free="1066789984" total="2765488128" percent="38">
    <mem type="nursery" free="685242832" total="939524096" percent="72">
      <mem type="allocate" free="685242832" total="802226176" percent="85" />
      <mem type="survivor" free="0" total="137297920" percent="0" />
    </mem>
    <mem type="tenure" free="381547152" total="1825964032" percent="20" macro-fragmented="3090669">
      <mem type="soa" free="275888584" total="1716405248" percent="16" />
      <mem type="loa" free="105658568" total="109558784" percent="96" />
    </mem>
    <remembered-set count="31808" />
  </mem-info>
</gc-end>
<cycle-end id="4143" type="scavenge" contextid="4137" timestamp="2020-09-11T13:00:26.167" />
<allocation-satisfied id="4144" threadId="00000000008C3100" bytesRequested="16" />
<af-end id="4145" timestamp="2020-09-11T13:00:26.167" threadId="00000000008C3A80" success="true" from="nursery"/>
<exclusive-end id="4146" timestamp="2020-09-11T13:00:26.167" durationms="189.124" />

<exclusive-start id="4147" timestamp="2020-09-11T13:00:28.120" intervalms="2141.861">
  <response-info timems="0.719" idlems="0.719" threads="0" lastid="00000000008DD200" lastname="Group1.Backend.CompositeBackend{Tier1}.8" />
</exclusive-start>
<af-start id="4148" threadId="00000000008DDB80" totalBytesRequested="16" timestamp="2020-09-11T13:00:28.120" intervalms="2141.028" type="nursery" />
<cycle-start id="4149" type="scavenge" contextid="0" timestamp="2020-09-11T13:00:28.121" intervalms="2139.978" />
<gc-start id="4150" type="scavenge" contextid="4149" timestamp="2020-09-11T13:00:28.121">
  <mem-info id="4151" free="381547152" total="2765488128" percent="13">
    <mem type="nursery" free="0" total="939524096" percent="0">
      <mem type="allocate" free="0" total="802226176" percent="0" />
      <mem type="survivor" free="0" total="137297920" percent="0" />
    </mem>
    <mem type="tenure" free="381547152" total="1825964032" percent="20">
      <mem type="soa" free="275888584" total="1716405248" percent="16" />
      <mem type="loa" free="105658568" total="109558784" percent="96" />
    </mem>
    <remembered-set count="194815" />
  </mem-info>
</gc-start>
<allocation-stats totalBytes="684911840" >
  <allocated-bytes non-tlh="30894568" tlh="654017272" />
  <largest-consumer threadName="Group1.Backend.CompositeBackend{Tier1}.2" threadId="00000000007EB800" bytes="119039792" />
</allocation-stats>
<gc-op id="4152" type="scavenge" timems="145.559" contextid="4149" timestamp="2020-09-11T13:00:28.267">
  <scavenger-info tenureage="3" tenuremask="7ff8" tiltratio="85" />
  <memory-copied type="nursery" objects="4081779" bytes="109434424" bytesdiscarded="143800" />
  <memory-copied type="tenure" objects="1103911" bytes="29691768" bytesdiscarded="106984" />
  <ownableSynchronizers candidates="3475" cleared="3155" />
  <references type="soft" candidates="267" cleared="0" enqueued="0" dynamicThreshold="17" maxThreshold="32" />
  <references type="weak" candidates="123" cleared="123" enqueued="0" />
</gc-op>
<gc-end id="4153" type="scavenge" contextid="4149" durationms="147.146" usertimems="1035.896" systemtimems="9.241" timestamp="2020-09-11T13:00:28.268" activeThreads="8">
  <mem-info id="4154" free="1045685792" total="2765488128" percent="37">
    <mem type="nursery" free="693942016" total="939524096" percent="73">
      <mem type="allocate" free="693942016" total="803602432" percent="86" />
      <mem type="survivor" free="0" total="135921664" percent="0" />
    </mem>
    <mem type="tenure" free="351743776" total="1825964032" percent="19" macro-fragmented="2892170">
      <mem type="soa" free="246085208" total="1716405248" percent="14" />
      <mem type="loa" free="105658568" total="109558784" percent="96" />
    </mem>
    <remembered-set count="33315" />
  </mem-info>
</gc-end>
<cycle-end id="4155" type="scavenge" contextid="4149" timestamp="2020-09-11T13:00:28.269" />
<allocation-satisfied id="4156" threadId="00000000008DD200" bytesRequested="16" />
<af-end id="4157" timestamp="2020-09-11T13:00:28.269" threadId="00000000008DDB80" success="true" from="nursery"/>
<exclusive-end id="4158" timestamp="2020-09-11T13:00:28.269" durationms="149.694" />

<exclusive-start id="4159" timestamp="2020-09-11T13:00:30.227" intervalms="2107.678">
  <response-info timems="0.471" idlems="0.471" threads="0" lastid="0000000000819400" lastname="Group1.Backend.CompositeBackend{Tier1}.3" />
</exclusive-start>
<af-start id="4160" threadId="0000000000819D80" totalBytesRequested="32" timestamp="2020-09-11T13:00:30.228" intervalms="2107.824" type="nursery" />
<cycle-start id="4161" type="scavenge" contextid="0" timestamp="2020-09-11T13:00:30.228" intervalms="2107.882" />
<gc-start id="4162" type="scavenge" contextid="4161" timestamp="2020-09-11T13:00:30.229">
  <mem-info id="4163" free="351743776" total="2765488128" percent="12">
    <mem type="nursery" free="0" total="939524096" percent="0">
      <mem type="allocate" free="0" total="803602432" percent="0" />
      <mem type="survivor" free="0" total="135921664" percent="0" />
    </mem>
    <mem type="tenure" free="351743776" total="1825964032" percent="19">
      <mem type="soa" free="246085208" total="1716405248" percent="14" />
      <mem type="loa" free="105658568" total="109558784" percent="96" />
    </mem>
    <remembered-set count="198125" />
  </mem-info>
</gc-start>
<allocation-stats totalBytes="693616016" >
  <allocated-bytes non-tlh="32301760" tlh="661314256" />
  <largest-consumer threadName="Group1.Backend.CompositeBackend{Tier1}.2" threadId="00000000007EB800" bytes="111152064" />
</allocation-stats>
<gc-op id="4164" type="scavenge" timems="116.693" contextid="4161" timestamp="2020-09-11T13:00:30.346">
  <scavenger-info tenureage="3" tenuremask="7ff8" tiltratio="85" />
  <memory-copied type="nursery" objects="4132476" bytes="110757152" bytesdiscarded="209360" />
  <memory-copied type="tenure" objects="1084135" bytes="29130624" bytesdiscarded="101352" />
  <ownableSynchronizers candidates="3327" cleared="3024" />
  <references type="soft" candidates="245" cleared="0" enqueued="0" dynamicThreshold="17" maxThreshold="32" />
  <references type="weak" candidates="114" cleared="113" enqueued="0" />
</gc-op>
<gc-end id="4165" type="scavenge" contextid="4161" durationms="117.881" usertimems="846.885" systemtimems="0.000" timestamp="2020-09-11T13:00:30.347" activeThreads="8">
  <mem-info id="4166" free="1017075288" total="2765488128" percent="36">
    <mem type="nursery" free="694583552" total="939524096" percent="73">
      <mem type="allocate" free="694583552" total="805634048" percent="86" />
      <mem type="survivor" free="0" total="133890048" percent="0" />
    </mem>
    <mem type="tenure" free="322491736" total="1825964032" percent="17" macro-fragmented="0">
      <mem type="soa" free="216833168" total="1716405248" percent="12" />
      <mem type="loa" free="105658568" total="109558784" percent="96" />
    </mem>
    <remembered-set count="32079" />
  </mem-info>
</gc-end>
<cycle-end id="4167" type="scavenge" contextid="4161" timestamp="2020-09-11T13:00:30.348" />
<allocation-satisfied id="4168" threadId="0000000000819400" bytesRequested="32" />
<af-end id="4169" timestamp="2020-09-11T13:00:30.348" threadId="0000000000819D80" success="true" from="nursery"/>
<exclusive-end id="4170" timestamp="2020-09-11T13:00:30.348" durationms="120.625" />

<exclusive-start id="4171" timestamp="2020-09-11T13:00:32.326" intervalms="2098.405">
  <response-info timems="4.565" idlems="2.499" threads="1" lastid="000000000088B400" lastname="Group1.Backend.CompositeBackend{Tier1}.6" />
</exclusive-start>
<af-start id="4172" threadId="0000000000A90580" totalBytesRequested="16" timestamp="2020-09-11T13:00:32.328" intervalms="2099.444" type="nursery" />
<cycle-start id="4173" type="scavenge" contextid="0" timestamp="2020-09-11T13:00:32.328" intervalms="2099.700" />
<gc-start id="4174" type="scavenge" contextid="4173" timestamp="2020-09-11T13:00:32.329">
  <mem-info id="4175" free="322491736" total="2765488128" percent="11">
    <mem type="nursery" free="0" total="939524096" percent="0">
      <mem type="allocate" free="0" total="805634048" percent="0" />
      <mem type="survivor" free="0" total="133890048" percent="0" />
    </mem>
    <mem type="tenure" free="322491736" total="1825964032" percent="17">
      <mem type="soa" free="216833168" total="1716405248" percent="12" />
      <mem type="loa" free="105658568" total="109558784" percent="96" />
    </mem>
    <remembered-set count="196272" />
  </mem-info>
</gc-start>
<allocation-stats totalBytes="694228720" >
  <allocated-bytes non-tlh="32008200" tlh="662220520" />
  <largest-consumer threadName="Group1.Backend.CompositeBackend{Tier1}.2" threadId="00000000007EB800" bytes="130484032" />
</allocation-stats>
<gc-op id="4176" type="scavenge" timems="184.179" contextid="4173" timestamp="2020-09-11T13:00:32.513">
  <scavenger-info tenureage="3" tenuremask="7ff8" tiltratio="85" />
  <memory-copied type="nursery" objects="4380378" bytes="116615232" bytesdiscarded="241416" />
  <memory-copied type="tenure" objects="1091309" bytes="29310968" bytesdiscarded="119864" />
  <ownableSynchronizers candidates="3370" cleared="3092" />
  <references type="soft" candidates="248" cleared="0" enqueued="0" dynamicThreshold="17" maxThreshold="32" />
  <references type="weak" candidates="114" cleared="113" enqueued="0" />
</gc-op>
<gc-end id="4177" type="scavenge" contextid="4173" durationms="188.399" usertimems="1261.584" systemtimems="51.478" timestamp="2020-09-11T13:00:32.517" activeThreads="8">
  <mem-info id="4178" free="979109688" total="2765488128" percent="35">
    <mem type="nursery" free="686068912" total="939524096" percent="73">
      <mem type="allocate" free="686068912" total="803012608" percent="85" />
      <mem type="survivor" free="0" total="136511488" percent="0" />
    </mem>
    <mem type="tenure" free="293040776" total="1825964032" percent="16" macro-fragmented="1048608">
      <mem type="soa" free="187382208" total="1716405248" percent="10" />
      <mem type="loa" free="105658568" total="109558784" percent="96" />
    </mem>
    <remembered-set count="30872" />
  </mem-info>
</gc-end>
<cycle-end id="4179" type="scavenge" contextid="4173" timestamp="2020-09-11T13:00:32.520" />
<allocation-satisfied id="4180" threadId="0000000000A8FC00" bytesRequested="16" />
<af-end id="4181" timestamp="2020-09-11T13:00:32.520" threadId="0000000000A90580" success="true" from="nursery"/>
<exclusive-end id="4182" timestamp="2020-09-11T13:00:32.520" durationms="194.675" />

<exclusive-start id="4183" timestamp="2020-09-11T13:00:34.443" intervalms="2116.844">
  <response-info timems="0.776" idlems="0.500" threads="1" lastid="00000000008DD200" lastname="Group1.Backend.CompositeBackend{Tier1}.8" />
</exclusive-start>
<af-start id="4184" threadId="000000000078CB80" totalBytesRequested="16" timestamp="2020-09-11T13:00:34.443" intervalms="2115.512" type="nursery" />
<cycle-start id="4185" type="scavenge" contextid="0" timestamp="2020-09-11T13:00:34.443" intervalms="2115.177" />
<gc-start id="4186" type="scavenge" contextid="4185" timestamp="2020-09-11T13:00:34.444">
  <mem-info id="4187" free="293040776" total="2765488128" percent="10">
    <mem type="nursery" free="0" total="939524096" percent="0">
      <mem type="allocate" free="0" total="803012608" percent="0" />
      <mem type="survivor" free="0" total="136511488" percent="0" />
    </mem>
    <mem type="tenure" free="293040776" total="1825964032" percent="16">
      <mem type="soa" free="187382208" total="1716405248" percent="10" />
      <mem type="loa" free="105658568" total="109558784" percent="96" />
    </mem>
    <remembered-set count="193177" />
  </mem-info>
</gc-start>
<allocation-stats totalBytes="685750672" >
  <allocated-bytes non-tlh="32330632" tlh="653420040" />
  <largest-consumer threadName="Group1.Backend.CompositeBackend{Tier1}.2" threadId="00000000007EB800" bytes="123600120" />
</allocation-stats>
<gc-op id="4188" type="scavenge" timems="120.864" contextid="4185" timestamp="2020-09-11T13:00:34.565">
  <scavenger-info tenureage="3" tenuremask="7ff8" tiltratio="85" />
  <memory-copied type="nursery" objects="4327741" bytes="115579632" bytesdiscarded="206264" />
  <memory-copied type="tenure" objects="1079283" bytes="29017960" bytesdiscarded="117216" />
  <ownableSynchronizers candidates="3293" cleared="3027" />
  <references type="soft" candidates="264" cleared="0" enqueued="0" dynamicThreshold="17" maxThreshold="32" />
  <references type="weak" candidates="123" cleared="123" enqueued="0" />
</gc-op>
<gc-end id="4189" type="scavenge" contextid="4185" durationms="121.763" usertimems="896.858" systemtimems="0.955" timestamp="2020-09-11T13:00:34.565" activeThreads="8">
  <mem-info id="4190" free="952205856" total="2765488128" percent="34">
    <mem type="nursery" free="688318704" total="939524096" percent="73">
      <mem type="allocate" free="688318704" total="804192256" percent="85" />
      <mem type="survivor" free="0" total="135331840" percent="0" />
    </mem>
    <mem type="tenure" free="263887152" total="1825964032" percent="14" macro-fragmented="0">
      <mem type="soa" free="158228584" total="1716405248" percent="9" />
      <mem type="loa" free="105658568" total="109558784" percent="96" />
    </mem>
    <remembered-set count="31714" />
  </mem-info>
</gc-end>
<cycle-end id="4191" type="scavenge" contextid="4185" timestamp="2020-09-11T13:00:34.568" />
<allocation-satisfied id="4192" threadId="000000000078C200" bytesRequested="16" />
<af-end id="4193" timestamp="2020-09-11T13:00:34.568" threadId="000000000078CB80" success="true" from="nursery"/>
<exclusive-end id="4194" timestamp="2020-09-11T13:00:34.568" durationms="125.688" />

<exclusive-start id="4195" timestamp="2020-09-11T13:00:36.491" intervalms="2048.817">
  <response-info timems="2.357" idlems="1.184" threads="1" lastid="0000000000789400" lastname="controller-periodic.1" />
</exclusive-start>
<af-start id="4196" threadId="00000000007EC180" totalBytesRequested="24" timestamp="2020-09-11T13:00:36.492" intervalms="2049.279" type="nursery" />
<cycle-start id="4197" type="scavenge" contextid="0" timestamp="2020-09-11T13:00:36.493" intervalms="2049.396" />
<gc-start id="4198" type="scavenge" contextid="4197" timestamp="2020-09-11T13:00:36.493">
  <mem-info id="4199" free="263887152" total="2765488128" percent="9">
    <mem type="nursery" free="0" total="939524096" percent="0">
      <mem type="allocate" free="0" total="804192256" percent="0" />
      <mem type="survivor" free="0" total="135331840" percent="0" />
    </mem>
    <mem type="tenure" free="263887152" total="1825964032" percent="14">
      <mem type="soa" free="158228584" total="1716405248" percent="9" />
      <mem type="loa" free="105658568" total="109558784" percent="96" />
    </mem>
    <remembered-set count="194210" />
  </mem-info>
</gc-start>
<allocation-stats totalBytes="687987560" >
  <allocated-bytes non-tlh="33233312" tlh="654754248" />
  <largest-consumer threadName="Group1.Backend.CompositeBackend{Tier1}.2" threadId="00000000007EB800" bytes="92579832" />
</allocation-stats>
<gc-op id="4200" type="scavenge" timems="142.607" contextid="4197" timestamp="2020-09-11T13:00:36.636">
  <scavenger-info tenureage="3" tenuremask="7ff8" tiltratio="85" />
  <memory-copied type="nursery" objects="4408154" bytes="117022080" bytesdiscarded="203424" />
  <memory-copied type="tenure" objects="1123745" bytes="30193248" bytesdiscarded="118016" />
  <ownableSynchronizers candidates="3975" cleared="3695" />
  <references type="soft" candidates="275" cleared="0" enqueued="0" dynamicThreshold="17" maxThreshold="32" />
  <references type="weak" candidates="112" cleared="112" enqueued="0" />
</gc-op>
<gc-end id="4201" type="scavenge" contextid="4197" durationms="144.152" usertimems="1049.433" systemtimems="23.438" timestamp="2020-09-11T13:00:36.637" activeThreads="8">
  <mem-info id="4202" free="922563944" total="2765488128" percent="33">
    <mem type="nursery" free="688973552" total="939524096" percent="73">
      <mem type="allocate" free="688973552" total="806289408" percent="85" />
      <mem type="survivor" free="0" total="133234688" percent="0" />
    </mem>
    <mem type="tenure" free="233590392" total="1825964032" percent="12" macro-fragmented="0">
      <mem type="soa" free="127931824" total="1716405248" percent="7" />
      <mem type="loa" free="105658568" total="109558784" percent="96" />
    </mem>
    <remembered-set count="30780" />
  </mem-info>
</gc-end>
<cycle-end id="4203" type="scavenge" contextid="4197" timestamp="2020-09-11T13:00:36.638" />
<allocation-satisfied id="4204" threadId="00000000007EB800" bytesRequested="24" />
<af-end id="4205" timestamp="2020-09-11T13:00:36.638" threadId="00000000007EC180" success="true" from="nursery"/>
<exclusive-end id="4206" timestamp="2020-09-11T13:00:36.638" durationms="147.100" />

<exclusive-start id="4207" timestamp="2020-09-11T13:00:38.626" intervalms="2134.245">
  <response-info timems="0.550" idlems="0.550" threads="0" lastid="000000000088B400" lastname="Group1.Backend.CompositeBackend{Tier1}.6" />
</exclusive-start>
<af-start id="4208" threadId="000000000088BD80" totalBytesRequested="336" timestamp="2020-09-11T13:00:38.626" intervalms="2133.883" type="nursery" />
<cycle-start id="4209" type="scavenge" contextid="0" timestamp="2020-09-11T13:00:38.627" intervalms="2133.771" />
<gc-start id="4210" type="scavenge" contextid="4209" timestamp="2020-09-11T13:00:38.627">
  <mem-info id="4211" free="233590392" total="2765488128" percent="8">
    <mem type="nursery" free="0" total="939524096" percent="0">
      <mem type="allocate" free="0" total="806289408" percent="0" />
      <mem type="survivor" free="0" total="133234688" percent="0" />
    </mem>
    <mem type="tenure" free="233590392" total="1825964032" percent="12">
      <mem type="soa" free="127931824" total="1716405248" percent="7" />
      <mem type="loa" free="105658568" total="109558784" percent="96" />
    </mem>
    <remembered-set count="195816" />
  </mem-info>
</gc-start>
<allocation-stats totalBytes="688632352" >
  <allocated-bytes non-tlh="28009032" tlh="660623320" />
  <largest-consumer threadName="Group1.Backend.CompositeBackend{Tier1}.3" threadId="0000000000819400" bytes="96600696" />
</allocation-stats>
<gc-op id="4212" type="scavenge" timems="105.505" contextid="4209" timestamp="2020-09-11T13:00:38.732">
  <scavenger-info tenureage="3" tenuremask="7ff8" tiltratio="85" />
  <memory-copied type="nursery" objects="4045402" bytes="108623056" bytesdiscarded="533568" />
  <memory-copied type="tenure" objects="1120430" bytes="30102128" bytesdiscarded="132432" />
  <ownableSynchronizers candidates="3921" cleared="3627" />
  <references type="soft" candidates="261" cleared="0" enqueued="0" dynamicThreshold="17" maxThreshold="32" />
  <references type="weak" candidates="113" cleared="113" enqueued="0" />
</gc-op>
<gc-end id="4213" type="scavenge" contextid="4209" durationms="107.307" usertimems="792.561" systemtimems="1.939" timestamp="2020-09-11T13:00:38.734" activeThreads="8">
  <mem-info id="4214" free="900795896" total="2765488128" percent="32">
    <mem type="nursery" free="697442304" total="939524096" percent="74">
      <mem type="allocate" free="697442304" total="806682624" percent="86" />
      <mem type="survivor" free="0" total="132841472" percent="0" />
    </mem>
    <mem type="tenure" free="203353592" total="1825964032" percent="11" macro-fragmented="0">
      <mem type="soa" free="97695024" total="1716405248" percent="5" />
      <mem type="loa" free="105658568" total="109558784" percent="96" />
    </mem>
    <remembered-set count="29645" />
  </mem-info>
</gc-end>
<cycle-end id="4215" type="scavenge" contextid="4209" timestamp="2020-09-11T13:00:38.736" />
<allocation-satisfied id="4216" threadId="000000000088B400" bytesRequested="336" />
<af-end id="4217" timestamp="2020-09-11T13:00:38.736" threadId="000000000088BD80" success="true" from="nursery"/>
<exclusive-end id="4218" timestamp="2020-09-11T13:00:38.736" durationms="110.477" />

<exclusive-start id="4219" timestamp="2020-09-11T13:00:40.774" intervalms="2148.858">
  <response-info timems="0.307" idlems="0.307" threads="0" lastid="0000000000863200" lastname="Group1.Backend.CompositeBackend{Tier1}.4" />
</exclusive-start>
<af-start id="4220" threadId="0000000000863B80" totalBytesRequested="32" timestamp="2020-09-11T13:00:40.775" intervalms="2148.888" type="nursery" />
<cycle-start id="4221" type="scavenge" contextid="0" timestamp="2020-09-11T13:00:40.775" intervalms="2148.901" />
<gc-start id="4222" type="scavenge" contextid="4221" timestamp="2020-09-11T13:00:40.776">
  <mem-info id="4223" free="203353592" total="2765488128" percent="7">
    <mem type="nursery" free="0" total="939524096" percent="0">
      <mem type="allocate" free="0" total="806682624" percent="0" />
      <mem type="survivor" free="0" total="132841472" percent="0" />
    </mem>
    <mem type="tenure" free="203353592" total="1825964032" percent="11">
      <mem type="soa" free="97695024" total="1716405248" percent="5" />
      <mem type="loa" free="105658568" total="109558784" percent="96" />
    </mem>
    <remembered-set count="191786" />
  </mem-info>
</gc-start>
<allocation-stats totalBytes="697102400" >
  <allocated-bytes non-tlh="35331200" tlh="661771200" />
  <largest-consumer threadName="Group1.Backend.CompositeBackend{Tier1}.3" threadId="0000000000819400" bytes="156846024" />
</allocation-stats>
<gc-op id="4224" type="scavenge" timems="108.278" contextid="4221" timestamp="2020-09-11T13:00:40.884">
  <scavenger-info tenureage="3" tenuremask="7ff8" tiltratio="85" />
  <memory-copied type="nursery" objects="4339176" bytes="115154984" bytesdiscarded="610464" />
  <memory-copied type="tenure" objects="1073460" bytes="28863384" bytesdiscarded="118512" />
  <ownableSynchronizers candidates="3664" cleared="3362" />
  <references type="soft" candidates="258" cleared="0" enqueued="0" dynamicThreshold="17" maxThreshold="32" />
  <references type="weak" candidates="118" cleared="118" enqueued="0" />
</gc-op>
<gc-end id="4225" type="scavenge" contextid="4221" durationms="109.581" usertimems="853.013" systemtimems="0.000" timestamp="2020-09-11T13:00:40.885" activeThreads="8">
  <mem-info id="4226" free="864530816" total="2765488128" percent="31">
    <mem type="nursery" free="690177520" total="939524096" percent="73">
      <mem type="allocate" free="690177520" total="806027264" percent="85" />
      <mem type="survivor" free="0" total="133496832" percent="0" />
    </mem>
    <mem type="tenure" free="174353296" total="1825964032" percent="9" macro-fragmented="0">
      <mem type="soa" free="68694728" total="1716405248" percent="4" />
      <mem type="loa" free="105658568" total="109558784" percent="96" />
    </mem>
    <remembered-set count="29857" />
  </mem-info>
</gc-end>
<cycle-end id="4227" type="scavenge" contextid="4221" timestamp="2020-09-11T13:00:40.886" />
<allocation-satisfied id="4228" threadId="0000000000863200" bytesRequested="32" />
<af-end id="4229" timestamp="2020-09-11T13:00:40.886" threadId="0000000000863B80" success="true" from="nursery"/>
<exclusive-end id="4230" timestamp="2020-09-11T13:00:40.886" durationms="111.775" />

<exclusive-start id="4231" timestamp="2020-09-11T13:00:42.867" intervalms="2092.936">
  <response-info timems="0.495" idlems="0.495" threads="0" lastid="000000000088B400" lastname="Group1.Backend.CompositeBackend{Tier1}.6" />
</exclusive-start>
<af-start id="4232" threadId="000000000088BD80" totalBytesRequested="80" timestamp="2020-09-11T13:00:42.868" intervalms="2092.920" type="nursery" />
<cycle-start id="4233" type="scavenge" contextid="0" timestamp="2020-09-11T13:00:42.868" intervalms="2092.900" />
<gc-start id="4234" type="scavenge" contextid="4233" timestamp="2020-09-11T13:00:42.869">
  <mem-info id="4235" free="174353296" total="2765488128" percent="6">
    <mem type="nursery" free="0" total="939524096" percent="0">
      <mem type="allocate" free="0" total="806027264" percent="0" />
      <mem type="survivor" free="0" total="133496832" percent="0" />
    </mem>
    <mem type="tenure" free="174353296" total="1825964032" percent="9">
      <mem type="soa" free="68694728" total="1716405248" percent="4" />
      <mem type="loa" free="105658568" total="109558784" percent="96" />
    </mem>
    <remembered-set count="193660" />
  </mem-info>
</gc-start>
<allocation-stats totalBytes="689850024" >
  <allocated-bytes non-tlh="31080680" tlh="658769344" />
  <largest-consumer threadName="Group1.Backend.CompositeBackend{Tier1}.3" threadId="0000000000819400" bytes="119048864" />
</allocation-stats>
<gc-op id="4236" type="scavenge" timems="110.900" contextid="4233" timestamp="2020-09-11T13:00:42.980">
  <scavenger-info tenureage="3" tenuremask="7ff8" tiltratio="85" />
  <memory-copied type="nursery" objects="4215727" bytes="113187432" bytesdiscarded="127312" />
  <memory-copied type="tenure" objects="1075758" bytes="28914256" bytesdiscarded="94792" />
  <ownableSynchronizers candidates="4959" cleared="4635" />
  <references type="soft" candidates="261" cleared="0" enqueued="0" dynamicThreshold="17" maxThreshold="32" />
  <references type="weak" candidates="102" cleared="102" enqueued="0" />
</gc-op>
<gc-end id="4237" type="scavenge" contextid="4233" durationms="112.143" usertimems="799.528" systemtimems="0.000" timestamp="2020-09-11T13:00:42.981" activeThreads="8">
  <mem-info id="4238" free="838680376" total="2765488128" percent="30">
    <mem type="nursery" free="693476632" total="939524096" percent="73">
      <mem type="allocate" free="693476632" total="806879232" percent="85" />
      <mem type="survivor" free="0" total="132644864" percent="0" />
    </mem>
    <mem type="tenure" free="145203744" total="1825964032" percent="7" macro-fragmented="0">
      <mem type="soa" free="39545176" total="1716405248" percent="2" />
      <mem type="loa" free="105658568" total="109558784" percent="96" />
    </mem>
    <remembered-set count="30122" />
  </mem-info>
</gc-end>
<cycle-end id="4239" type="scavenge" contextid="4233" timestamp="2020-09-11T13:00:42.982" />
<allocation-satisfied id="4240" threadId="000000000088B400" bytesRequested="80" />
<af-end id="4241" timestamp="2020-09-11T13:00:42.982" threadId="000000000088BD80" success="true" from="nursery"/>
<exclusive-end id="4242" timestamp="2020-09-11T13:00:42.982" durationms="114.225" />

<exclusive-start id="4243" timestamp="2020-09-11T13:00:44.900" intervalms="2032.429">
  <response-info timems="0.416" idlems="0.416" threads="0" lastid="0000000000863200" lastname="Group1.Backend.CompositeBackend{Tier1}.4" />
</exclusive-start>
<af-start id="4244" threadId="0000000000863B80" totalBytesRequested="24" timestamp="2020-09-11T13:00:44.901" intervalms="2032.336" type="nursery" />
<cycle-start id="4245" type="scavenge" contextid="0" timestamp="2020-09-11T13:00:44.901" intervalms="2032.335" />
<gc-start id="4246" type="scavenge" contextid="4245" timestamp="2020-09-11T13:00:44.901">
  <mem-info id="4247" free="145203744" total="2765488128" percent="5">
    <mem type="nursery" free="0" total="939524096" percent="0">
      <mem type="allocate" free="0" total="806879232" percent="0" />
      <mem type="survivor" free="0" total="132644864" percent="0" />
    </mem>
    <mem type="tenure" free="145203744" total="1825964032" percent="7">
      <mem type="soa" free="39545176" total="1716405248" percent="2" />
      <mem type="loa" free="105658568" total="109558784" percent="96" />
    </mem>
    <remembered-set count="193127" />
  </mem-info>
</gc-start>
<allocation-stats totalBytes="693148792" >
  <allocated-bytes non-tlh="33513600" tlh="659635192" />
  <largest-consumer threadName="Group1.Backend.CompositeBackend{Tier1}.8" threadId="00000000008DD200" bytes="102082528" />
</allocation-stats>
<gc-op id="4248" type="scavenge" timems="111.620" contextid="4245" timestamp="2020-09-11T13:00:45.013">
  <scavenger-info tenureage="3" tenuremask="7ff8" tiltratio="85" />
  <memory-copied type="nursery" objects="4089790" bytes="109737888" bytesdiscarded="168176" />
  <memory-copied type="tenure" objects="1120782" bytes="30140896" bytesdiscarded="37056" />
  <ownableSynchronizers candidates="4152" cleared="3827" />
  <references type="soft" candidates="250" cleared="0" enqueued="0" dynamicThreshold="17" maxThreshold="32" />
  <references type="weak" candidates="128" cleared="126" enqueued="0" />
</gc-op>
<gc-end id="4249" type="scavenge" contextid="4245" durationms="113.297" usertimems="783.174" systemtimems="0.000" timestamp="2020-09-11T13:00:45.014" activeThreads="8">
  <mem-info id="4250" free="813033944" total="2765488128" percent="29">
    <mem type="nursery" free="698065920" total="939524096" percent="74">
      <mem type="allocate" free="698065920" total="808058880" percent="86" />
      <mem type="survivor" free="0" total="131465216" percent="0" />
    </mem>
    <mem type="tenure" free="114968024" total="1825964032" percent="6" macro-fragmented="0">
      <mem type="soa" free="9309456" total="1716405248" percent="0" />
      <mem type="loa" free="105658568" total="109558784" percent="96" />
    </mem>
    <remembered-set count="31462" />
  </mem-info>
</gc-end>
<cycle-end id="4251" type="scavenge" contextid="4245" timestamp="2020-09-11T13:00:45.018" />
<allocation-satisfied id="4252" threadId="0000000000863200" bytesRequested="24" />
<af-end id="4253" timestamp="2020-09-11T13:00:45.018" threadId="0000000000863B80" success="true" from="nursery"/>
<exclusive-end id="4254" timestamp="2020-09-11T13:00:45.018" durationms="118.636" />

<exclusive-start id="4255" timestamp="2020-09-11T13:00:47.057" intervalms="2156.940">
  <response-info timems="0.755" idlems="0.755" threads="0" lastid="00000000008DD200" lastname="Group1.Backend.CompositeBackend{Tier1}.8" />
</exclusive-start>
<af-start id="4256" threadId="00000000008DDB80" totalBytesRequested="24" timestamp="2020-09-11T13:00:47.058" intervalms="2157.235" type="nursery" />
<percolate-collect id="4257" from="nursery" to="global" reason="prevent tenure expand" timestamp="2020-09-11T13:00:47.058"/>
<cycle-start id="4258" type="global" contextid="0" timestamp="2020-09-11T13:00:47.058" intervalms="63545.403" />
<gc-start id="4259" type="global" contextid="4258" timestamp="2020-09-11T13:00:47.058">
  <mem-info id="4260" free="114968024" total="2765488128" percent="4">
    <mem type="nursery" free="0" total="939524096" percent="0">
      <mem type="allocate" free="0" total="808058880" percent="0" />
      <mem type="survivor" free="0" total="131465216" percent="0" />
    </mem>
    <mem type="tenure" free="114968024" total="1825964032" percent="6">
      <mem type="soa" free="9309456" total="1716405248" percent="0" />
      <mem type="loa" free="105658568" total="109558784" percent="96" />
    </mem>
    <remembered-set count="196651" />
  </mem-info>
</gc-start>
<allocation-stats totalBytes="697733096" >
  <allocated-bytes non-tlh="29122400" tlh="668610696" />
  <largest-consumer threadName="Group1.Backend.CompositeBackend{Tier1}.7" threadId="00000000008C3100" bytes="114124296" />
</allocation-stats>
<gc-op id="4261" type="mark" timems="644.102" contextid="4258" timestamp="2020-09-11T13:00:47.703">
  <trace-info objectcount="30813239" scancount="29833176" scanbytes="817023600" />
  <finalization candidates="150" enqueued="0" />
  <ownableSynchronizers candidates="591779" cleared="5577" />
  <references type="soft" candidates="712654" cleared="0" enqueued="0" dynamicThreshold="17" maxThreshold="32" />
  <references type="weak" candidates="4424" cleared="131" enqueued="0" />
  <references type="phantom" candidates="108" cleared="0" enqueued="0" />
  <stringconstants candidates="11054" cleared="1"  />
</gc-op>
<gc-op id="4262" type="sweep" timems="15.355" contextid="4258" timestamp="2020-09-11T13:00:47.718" />
<gc-end id="4263" type="global" contextid="4258" durationms="660.710" usertimems="4864.163" systemtimems="0.000" timestamp="2020-09-11T13:00:47.719" activeThreads="8">
  <mem-info id="4264" free="1616211496" total="2765488128" percent="58">
    <mem type="nursery" free="616033400" total="939524096" percent="65">
      <mem type="allocate" free="616033400" total="808058880" percent="76" />
      <mem type="survivor" free="0" total="131465216" percent="0" />
    </mem>
    <mem type="tenure" free="1000178096" total="1825964032" percent="54" micro-fragmented="71453930" macro-fragmented="44611957">
      <mem type="soa" free="894517728" total="1716405248" percent="52" />
      <mem type="loa" free="105660368" total="109558784" percent="96" />
    </mem>
    <remembered-set count="190813" />
  </mem-info>
</gc-end>
<cycle-end id="4265" type="global" contextid="4258" timestamp="2020-09-11T13:00:47.720" />
<allocation-satisfied id="4266" threadId="00000000008DD200" bytesRequested="24" />
<af-end id="4267" timestamp="2020-09-11T13:00:47.720" threadId="00000000008DDB80" success="true" from="nursery"/>
<exclusive-end id="4268" timestamp="2020-09-11T13:00:47.720" durationms="663.057" />

<exclusive-start id="4269" timestamp="2020-09-11T13:00:48.945" intervalms="1888.100">
  <response-info timems="0.419" idlems="0.419" threads="0" lastid="00000000008C3100" lastname="Group1.Backend.CompositeBackend{Tier1}.7" />
</exclusive-start>
<af-start id="4270" threadId="00000000008C3A80" totalBytesRequested="262152" timestamp="2020-09-11T13:00:48.946" intervalms="1887.858" type="nursery" />
<cycle-start id="4271" type="scavenge" contextid="0" timestamp="2020-09-11T13:00:48.946" intervalms="4045.092" />
<gc-start id="4272" type="scavenge" contextid="4271" timestamp="2020-09-11T13:00:48.946">
  <mem-info id="4273" free="1007739408" total="2765488128" percent="36">
    <mem type="nursery" free="7561360" total="939524096" percent="0">
      <mem type="allocate" free="7561360" total="808058880" percent="0" />
      <mem type="survivor" free="0" total="131465216" percent="0" />
    </mem>
    <mem type="tenure" free="1000178048" total="1825964032" percent="54">
      <mem type="soa" free="894517680" total="1716405248" percent="52" />
      <mem type="loa" free="105660368" total="109558784" percent="96" />
    </mem>
    <remembered-set count="246734" />
  </mem-info>
</gc-start>
<allocation-stats totalBytes="606158224" >
  <allocated-bytes non-tlh="30326656" tlh="575831568" />
  <largest-consumer threadName="Group1.Backend.CompositeBackend{Tier1}.7" threadId="00000000008C3100" bytes="92196304" />
</allocation-stats>
<gc-op id="4274" type="scavenge" timems="141.946" contextid="4271" timestamp="2020-09-11T13:00:49.088">
  <scavenger-info tenureage="3" tenuremask="7ff8" tiltratio="86" />
  <memory-copied type="nursery" objects="4892904" bytes="131289896" bytesdiscarded="36760" />
  <memory-copied type="tenure" objects="1285563" bytes="34461416" bytesdiscarded="64008" />
  <copy-failed type="nursery" objects="279187" bytes="7432144" />
  <ownableSynchronizers candidates="1175754" cleared="1175348" />
  <references type="soft" candidates="118" cleared="0" enqueued="0" dynamicThreshold="17" maxThreshold="32" />
  <references type="weak" candidates="104" cleared="104" enqueued="0" />
</gc-op>
<gc-end id="4275" type="scavenge" contextid="4271" durationms="143.060" usertimems="1109.797" systemtimems="0.000" timestamp="2020-09-11T13:00:49.089" activeThreads="8">
  <mem-info id="4276" free="1585643464" total="2765488128" percent="57">
    <mem type="nursery" free="620167168" total="939524096" percent="66">
      <mem type="allocate" free="620167168" total="751632384" percent="82" />
      <mem type="survivor" free="0" total="187891712" percent="0" />
    </mem>
    <mem type="tenure" free="965476296" total="1825964032" percent="52" macro-fragmented="0">
      <mem type="soa" free="859815928" total="1716405248" percent="50" />
      <mem type="loa" free="105660368" total="109558784" percent="96" />
    </mem>
    <remembered-set count="55275" />
  </mem-info>
</gc-end>
<cycle-end id="4277" type="scavenge" contextid="4271" timestamp="2020-09-11T13:00:49.090" />
<allocation-satisfied id="4278" threadId="00000000008C3100" bytesRequested="262152" />
<af-end id="4279" timestamp="2020-09-11T13:00:49.090" threadId="00000000008C3A80" success="true" from="nursery"/>
<exclusive-end id="4280" timestamp="2020-09-11T13:00:49.090" durationms="145.212" />

<exclusive-start id="4281" timestamp="2020-09-11T13:00:50.814" intervalms="1869.163">
  <response-info timems="0.519" idlems="0.519" threads="0" lastid="00000000008C3100" lastname="Group1.Backend.CompositeBackend{Tier1}.7" />
</exclusive-start>
<af-start id="4282" threadId="00000000008C3A80" totalBytesRequested="16" timestamp="2020-09-11T13:00:50.815" intervalms="1869.250" type="nursery" />
<cycle-start id="4283" type="scavenge" contextid="0" timestamp="2020-09-11T13:00:50.815" intervalms="1869.254" />
<gc-start id="4284" type="scavenge" contextid="4283" timestamp="2020-09-11T13:00:50.815">
  <mem-info id="4285" free="965476296" total="2765488128" percent="34">
    <mem type="nursery" free="0" total="939524096" percent="0">
      <mem type="allocate" free="0" total="751632384" percent="0" />
      <mem type="survivor" free="0" total="187891712" percent="0" />
    </mem>
    <mem type="tenure" free="965476296" total="1825964032" percent="52">
      <mem type="soa" free="859815928" total="1716405248" percent="50" />
      <mem type="loa" free="105660368" total="109558784" percent="96" />
    </mem>
    <remembered-set count="207679" />
  </mem-info>
</gc-start>
<allocation-stats totalBytes="619887864" >
  <allocated-bytes non-tlh="32922112" tlh="586965752" />
  <largest-consumer threadName="Group1.Backend.CompositeBackend{Tier1}.1" threadId="000000000078C200" bytes="91954920" />
</allocation-stats>
<gc-op id="4286" type="scavenge" timems="107.923" contextid="4283" timestamp="2020-09-11T13:00:50.923">
  <scavenger-info tenureage="3" tenuremask="7ff8" tiltratio="80" />
  <memory-copied type="nursery" objects="4843011" bytes="129513088" bytesdiscarded="219656" />
  <memory-copied type="tenure" objects="994732" bytes="26802968" bytesdiscarded="84600" />
  <ownableSynchronizers candidates="3943" cleared="3695" />
  <references type="soft" candidates="166" cleared="0" enqueued="0" dynamicThreshold="17" maxThreshold="32" />
  <references type="weak" candidates="94" cleared="94" enqueued="0" />
</gc-op>
<gc-end id="4287" type="scavenge" contextid="4283" durationms="109.009" usertimems="847.303" systemtimems="0.000" timestamp="2020-09-11T13:00:50.924" activeThreads="8">
  <mem-info id="4288" free="1566977928" total="2765488128" percent="56">
    <mem type="nursery" free="628312056" total="939524096" percent="66">
      <mem type="allocate" free="628312056" total="758120448" percent="82" />
      <mem type="survivor" free="0" total="181403648" percent="0" />
    </mem>
    <mem type="tenure" free="938665872" total="1825964032" percent="51" macro-fragmented="0">
      <mem type="soa" free="833005504" total="1716405248" percent="48" />
      <mem type="loa" free="105660368" total="109558784" percent="96" />
    </mem>
    <remembered-set count="54114" />
  </mem-info>
</gc-end>
<cycle-end id="4289" type="scavenge" contextid="4283" timestamp="2020-09-11T13:00:50.925" />
<allocation-satisfied id="4290" threadId="00000000008C3100" bytesRequested="16" />
<af-end id="4291" timestamp="2020-09-11T13:00:50.925" threadId="00000000008C3A80" success="true" from="nursery"/>
<exclusive-end id="4292" timestamp="2020-09-11T13:00:50.925" durationms="111.275" />

<exclusive-start id="4293" timestamp="2020-09-11T13:00:52.737" intervalms="1923.003">
  <response-info timems="0.794" idlems="0.794" threads="0" lastid="0000000000819400" lastname="Group1.Backend.CompositeBackend{Tier1}.3" />
</exclusive-start>
<af-start id="4294" threadId="0000000000819D80" totalBytesRequested="24" timestamp="2020-09-11T13:00:52.738" intervalms="1922.962" type="nursery" />
<cycle-start id="4295" type="scavenge" contextid="0" timestamp="2020-09-11T13:00:52.738" intervalms="1922.963" />
<gc-start id="4296" type="scavenge" contextid="4295" timestamp="2020-09-11T13:00:52.738">
  <mem-info id="4297" free="938665872" total="2765488128" percent="33">
    <mem type="nursery" free="0" total="939524096" percent="0">
      <mem type="allocate" free="0" total="758120448" percent="0" />
      <mem type="survivor" free="0" total="181403648" percent="0" />
    </mem>
    <mem type="tenure" free="938665872" total="1825964032" percent="51">
      <mem type="soa" free="833005504" total="1716405248" percent="48" />
      <mem type="loa" free="105660368" total="109558784" percent="96" />
    </mem>
    <remembered-set count="211503" />
  </mem-info>
</gc-start>
<allocation-stats totalBytes="628001000" >
  <allocated-bytes non-tlh="28086680" tlh="599914320" />
  <largest-consumer threadName="Group1.Backend.CompositeBackend{Tier1}.7" threadId="00000000008C3100" bytes="94452832" />
</allocation-stats>
<gc-op id="4298" type="scavenge" timems="103.681" contextid="4295" timestamp="2020-09-11T13:00:52.842">
  <scavenger-info tenureage="3" tenuremask="7ff8" tiltratio="80" />
  <memory-copied type="nursery" objects="4711826" bytes="126499976" bytesdiscarded="205936" />
  <memory-copied type="tenure" objects="989969" bytes="26651824" bytesdiscarded="67600" />
  <ownableSynchronizers candidates="3649" cleared="3361" />
  <references type="soft" candidates="232" cleared="0" enqueued="0" dynamicThreshold="17" maxThreshold="32" />
  <references type="weak" candidates="99" cleared="99" enqueued="0" />
</gc-op>
<gc-end id="4299" type="scavenge" contextid="4295" durationms="104.634" usertimems="794.332" systemtimems="0.000" timestamp="2020-09-11T13:00:52.843" activeThreads="8">
  <mem-info id="4300" free="1550533720" total="2765488128" percent="56">
    <mem type="nursery" free="638610384" total="939524096" percent="67">
      <mem type="allocate" free="638610384" total="765394944" percent="83" />
      <mem type="survivor" free="0" total="174129152" percent="0" />
    </mem>
    <mem type="tenure" free="911923336" total="1825964032" percent="49" macro-fragmented="4350325">
      <mem type="soa" free="806262968" total="1716405248" percent="46" />
      <mem type="loa" free="105660368" total="109558784" percent="96" />
    </mem>
    <remembered-set count="51597" />
  </mem-info>
</gc-end>
<cycle-end id="4301" type="scavenge" contextid="4295" timestamp="2020-09-11T13:00:52.844" />
<allocation-satisfied id="4302" threadId="0000000000819400" bytesRequested="24" />
<af-end id="4303" timestamp="2020-09-11T13:00:52.844" threadId="0000000000819D80" success="true" from="nursery"/>
<exclusive-end id="4304" timestamp="2020-09-11T13:00:52.844" durationms="106.943" />

<exclusive-start id="4305" timestamp="2020-09-11T13:00:54.594" intervalms="1856.545">
  <response-info timems="0.696" idlems="0.696" threads="0" lastid="000000000078C200" lastname="Group1.Backend.CompositeBackend{Tier1}.1" />
</exclusive-start>
<af-start id="4306" threadId="000000000078CB80" totalBytesRequested="16" timestamp="2020-09-11T13:00:54.594" intervalms="1856.598" type="nursery" />
<cycle-start id="4307" type="scavenge" contextid="0" timestamp="2020-09-11T13:00:54.595" intervalms="1856.639" />
<gc-start id="4308" type="scavenge" contextid="4307" timestamp="2020-09-11T13:00:54.595">
  <mem-info id="4309" free="911923336" total="2765488128" percent="32">
    <mem type="nursery" free="0" total="939524096" percent="0">
      <mem type="allocate" free="0" total="765394944" percent="0" />
      <mem type="survivor" free="0" total="174129152" percent="0" />
    </mem>
    <mem type="tenure" free="911923336" total="1825964032" percent="49">
      <mem type="soa" free="806262968" total="1716405248" percent="46" />
      <mem type="loa" free="105660368" total="109558784" percent="96" />
    </mem>
    <remembered-set count="205790" />
  </mem-info>
</gc-start>
<allocation-stats totalBytes="638302688" >
  <allocated-bytes non-tlh="31221928" tlh="607080760" />
  <largest-consumer threadName="Group1.Backend.CompositeBackend{Tier1}.5" threadId="000000000086AF00" bytes="111061944" />
</allocation-stats>
<gc-op id="4310" type="scavenge" timems="118.845" contextid="4307" timestamp="2020-09-11T13:00:54.714">
  <scavenger-info tenureage="3" tenuremask="7ff8" tiltratio="81" />
  <memory-copied type="nursery" objects="3679301" bytes="98756064" bytesdiscarded="216848" />
  <memory-copied type="tenure" objects="1939980" bytes="52168720" bytesdiscarded="102472" />
  <ownableSynchronizers candidates="4237" cleared="3901" />
  <references type="soft" candidates="251" cleared="0" enqueued="0" dynamicThreshold="17" maxThreshold="32" />
  <references type="weak" candidates="118" cleared="118" enqueued="0" />
</gc-op>
<gc-end id="4311" type="scavenge" contextid="4307" durationms="120.094" usertimems="900.920" systemtimems="6.728" timestamp="2020-09-11T13:00:54.715" activeThreads="8">
  <mem-info id="4312" free="1532505448" total="2765488128" percent="55">
    <mem type="nursery" free="672837120" total="939524096" percent="71">
      <mem type="allocate" free="672837120" total="771883008" percent="87" />
      <mem type="survivor" free="0" total="167641088" percent="0" />
    </mem>
    <mem type="tenure" free="859668328" total="1825964032" percent="47" macro-fragmented="6226663">
      <mem type="soa" free="754007960" total="1716405248" percent="43" />
      <mem type="loa" free="105660368" total="109558784" percent="96" />
    </mem>
    <remembered-set count="29202" />
  </mem-info>
</gc-end>
<cycle-end id="4313" type="scavenge" contextid="4307" timestamp="2020-09-11T13:00:54.716" />
<allocation-satisfied id="4314" threadId="000000000078C200" bytesRequested="16" />
<af-end id="4315" timestamp="2020-09-11T13:00:54.716" threadId="000000000078CB80" success="true" from="nursery"/>
<exclusive-end id="4316" timestamp="2020-09-11T13:00:54.716" durationms="122.526" />

<exclusive-start id="4317" timestamp="2020-09-11T13:00:56.606" intervalms="2012.203">
  <response-info timems="0.300" idlems="0.300" threads="0" lastid="000000000088B400" lastname="Group1.Backend.CompositeBackend{Tier1}.6" />
</exclusive-start>
<af-start id="4318" threadId="000000000088BD80" totalBytesRequested="267000" timestamp="2020-09-11T13:00:56.606" intervalms="2011.999" type="nursery" />
<cycle-start id="4319" type="scavenge" contextid="0" timestamp="2020-09-11T13:00:56.607" intervalms="2011.939" />
<gc-start id="4320" type="scavenge" contextid="4319" timestamp="2020-09-11T13:00:56.607">
  <mem-info id="4321" free="859668328" total="2765488128" percent="31">
    <mem type="nursery" free="0" total="939524096" percent="0">
      <mem type="allocate" free="0" total="771883008" percent="0" />
      <mem type="survivor" free="0" total="167641088" percent="0" />
    </mem>
    <mem type="tenure" free="859668328" total="1825964032" percent="47">
      <mem type="soa" free="754007960" total="1716405248" percent="43" />
      <mem type="loa" free="105660368" total="109558784" percent="96" />
    </mem>
    <remembered-set count="188694" />
  </mem-info>
</gc-start>
<allocation-stats totalBytes="672495184" >
  <allocated-bytes non-tlh="32580728" tlh="639914456" />
  <largest-consumer threadName="Group1.Backend.CompositeBackend{Tier1}.5" threadId="000000000086AF00" bytes="124782048" />
</allocation-stats>
<gc-op id="4322" type="scavenge" timems="102.352" contextid="4319" timestamp="2020-09-11T13:00:56.709">
  <scavenger-info tenureage="3" tenuremask="7ff8" tiltratio="82" />
  <memory-copied type="nursery" objects="4014590" bytes="106916128" bytesdiscarded="382304" />
  <memory-copied type="tenure" objects="979886" bytes="26315000" bytesdiscarded="99288" />
  <ownableSynchronizers candidates="4573" cleared="4235" />
  <references type="soft" candidates="267" cleared="0" enqueued="0" dynamicThreshold="17" maxThreshold="32" />
  <references type="weak" candidates="122" cleared="122" enqueued="0" />
</gc-op>
<gc-end id="4323" type="scavenge" contextid="4319" durationms="103.435" usertimems="794.957" systemtimems="0.000" timestamp="2020-09-11T13:00:56.710" activeThreads="8">
  <mem-info id="4324" free="1505353720" total="2765488128" percent="54">
    <mem type="nursery" free="672239616" total="939524096" percent="71">
      <mem type="allocate" free="672239616" total="779616256" percent="86" />
      <mem type="survivor" free="0" total="159907840" percent="0" />
    </mem>
    <mem type="tenure" free="833114104" total="1825964032" percent="45" macro-fragmented="3840262">
      <mem type="soa" free="727453736" total="1716405248" percent="42" />
      <mem type="loa" free="105660368" total="109558784" percent="96" />
    </mem>
    <remembered-set count="28581" />
  </mem-info>
</gc-end>
<cycle-end id="4325" type="scavenge" contextid="4319" timestamp="2020-09-11T13:00:56.712" />
<allocation-satisfied id="4326" threadId="000000000088B400" bytesRequested="267000" />
<af-end id="4327" timestamp="2020-09-11T13:00:56.712" threadId="000000000088BD80" success="true" from="nursery"/>
<exclusive-end id="4328" timestamp="2020-09-11T13:00:56.712" durationms="106.131" />

<exclusive-start id="4329" timestamp="2020-09-11T13:00:58.726" intervalms="2119.857">
  <response-info timems="0.341" idlems="0.341" threads="0" lastid="000000000086AF00" lastname="Group1.Backend.CompositeBackend{Tier1}.5" />
</exclusive-start>
<af-start id="4330" threadId="000000000086B880" totalBytesRequested="16" timestamp="2020-09-11T13:00:58.726" intervalms="2119.912" type="nursery" />
<cycle-start id="4331" type="scavenge" contextid="0" timestamp="2020-09-11T13:00:58.726" intervalms="2119.919" />
<gc-start id="4332" type="scavenge" contextid="4331" timestamp="2020-09-11T13:00:58.727">
  <mem-info id="4333" free="833114104" total="2765488128" percent="30">
    <mem type="nursery" free="0" total="939524096" percent="0">
      <mem type="allocate" free="0" total="779616256" percent="0" />
      <mem type="survivor" free="0" total="159907840" percent="0" />
    </mem>
    <mem type="tenure" free="833114104" total="1825964032" percent="45">
      <mem type="soa" free="727453736" total="1716405248" percent="42" />
      <mem type="loa" free="105660368" total="109558784" percent="96" />
    </mem>
    <remembered-set count="191642" />
  </mem-info>
</gc-start>
<allocation-stats totalBytes="671909632" >
  <allocated-bytes non-tlh="25594432" tlh="646315200" />
  <largest-consumer threadName="Group1.Backend.CompositeBackend{Tier1}.5" threadId="000000000086AF00" bytes="100201376" />
</allocation-stats>
<gc-op id="4334" type="scavenge" timems="97.100" contextid="4331" timestamp="2020-09-11T13:00:58.824">
  <scavenger-info tenureage="3" tenuremask="7ff8" tiltratio="82" />
  <memory-copied type="nursery" objects="3906112" bytes="104884400" bytesdiscarded="203552" />
  <memory-copied type="tenure" objects="1041737" bytes="27995056" bytesdiscarded="94272" />
  <ownableSynchronizers candidates="4449" cleared="4101" />
  <references type="soft" candidates="289" cleared="0" enqueued="0" dynamicThreshold="17" maxThreshold="32" />
  <references type="weak" candidates="93" cleared="93" enqueued="0" />
</gc-op>
<gc-end id="4335" type="scavenge" contextid="4331" durationms="98.131" usertimems="759.531" systemtimems="0.000" timestamp="2020-09-11T13:00:58.825" activeThreads="8">
  <mem-info id="4336" free="1487494000" total="2765488128" percent="53">
    <mem type="nursery" free="682504192" total="939524096" percent="72">
      <mem type="allocate" free="682504192" total="787677184" percent="86" />
      <mem type="survivor" free="0" total="151846912" percent="0" />
    </mem>
    <mem type="tenure" free="804989808" total="1825964032" percent="44" macro-fragmented="0">
      <mem type="soa" free="699329440" total="1716405248" percent="40" />
      <mem type="loa" free="105660368" total="109558784" percent="96" />
    </mem>
    <remembered-set count="28338" />
  </mem-info>
</gc-end>
<cycle-end id="4337" type="scavenge" contextid="4331" timestamp="2020-09-11T13:00:58.826" />
<allocation-satisfied id="4338" threadId="000000000086AF00" bytesRequested="16" />
<af-end id="4339" timestamp="2020-09-11T13:00:58.826" threadId="000000000086B880" success="true" from="nursery"/>
<exclusive-end id="4340" timestamp="2020-09-11T13:00:58.826" durationms="100.225" />

<exclusive-start id="4341" timestamp="2020-09-11T13:01:00.747" intervalms="2021.621">
  <response-info timems="0.492" idlems="0.492" threads="0" lastid="0000000000863200" lastname="Group1.Backend.CompositeBackend{Tier1}.4" />
</exclusive-start>
<af-start id="4342" threadId="0000000000863B80" totalBytesRequested="1032" timestamp="2020-09-11T13:01:00.748" intervalms="2021.629" type="nursery" />
<cycle-start id="4343" type="scavenge" contextid="0" timestamp="2020-09-11T13:01:00.748" intervalms="2021.652" />
<gc-start id="4344" type="scavenge" contextid="4343" timestamp="2020-09-11T13:01:00.748">
  <mem-info id="4345" free="804989808" total="2765488128" percent="29">
    <mem type="nursery" free="0" total="939524096" percent="0">
      <mem type="allocate" free="0" total="787677184" percent="0" />
      <mem type="survivor" free="0" total="151846912" percent="0" />
    </mem>
    <mem type="tenure" free="804989808" total="1825964032" percent="44">
      <mem type="soa" free="699329440" total="1716405248" percent="40" />
      <mem type="loa" free="105660368" total="109558784" percent="96" />
    </mem>
    <remembered-set count="190083" />
  </mem-info>
</gc-start>
<allocation-stats totalBytes="682189256" >
  <allocated-bytes non-tlh="31535112" tlh="650654144" />
  <largest-consumer threadName="Group1.Backend.CompositeBackend{Tier1}.3" threadId="0000000000819400" bytes="105107704" />
</allocation-stats>
<gc-op id="4346" type="scavenge" timems="113.868" contextid="4343" timestamp="2020-09-11T13:01:00.862">
  <scavenger-info tenureage="3" tenuremask="7ff8" tiltratio="83" />
  <memory-copied type="nursery" objects="4217564" bytes="112243408" bytesdiscarded="107448" />
  <memory-copied type="tenure" objects="974872" bytes="26204744" bytesdiscarded="81392" />
  <ownableSynchronizers candidates="3850" cleared="3496" />
  <references type="soft" candidates="303" cleared="0" enqueued="0" dynamicThreshold="17" maxThreshold="32" />
  <references type="weak" candidates="104" cleared="103" enqueued="0" />
</gc-op>
<gc-end id="4347" type="scavenge" contextid="4343" durationms="115.241" usertimems="855.836" systemtimems="8.412" timestamp="2020-09-11T13:01:00.864" activeThreads="8">
  <mem-info id="4348" free="1457576552" total="2765488128" percent="52">
    <mem type="nursery" free="678781920" total="939524096" percent="72">
      <mem type="allocate" free="678781920" total="791216128" percent="85" />
      <mem type="survivor" free="0" total="148307968" percent="0" />
    </mem>
    <mem type="tenure" free="778794632" total="1825964032" percent="42" macro-fragmented="5622267">
      <mem type="soa" free="673134264" total="1716405248" percent="39" />
      <mem type="loa" free="105660368" total="109558784" percent="96" />
    </mem>
    <remembered-set count="29023" />
  </mem-info>
</gc-end>
<cycle-end id="4349" type="scavenge" contextid="4343" timestamp="2020-09-11T13:01:00.867" />
<allocation-satisfied id="4350" threadId="0000000000863200" bytesRequested="1032" />
<af-end id="4351" timestamp="2020-09-11T13:01:00.867" threadId="0000000000863B80" success="true" from="nursery"/>
<exclusive-end id="4352" timestamp="2020-09-11T13:01:00.867" durationms="119.862" />

<exclusive-start id="4353" timestamp="2020-09-11T13:01:02.761" intervalms="2013.496">
  <response-info timems="0.428" idlems="0.428" threads="0" lastid="00000000007EB800" lastname="Group1.Backend.CompositeBackend{Tier1}.2" />
</exclusive-start>
<af-start id="4354" threadId="00000000007EC180" totalBytesRequested="266200" timestamp="2020-09-11T13:01:02.761" intervalms="2013.514" type="nursery" />
<cycle-start id="4355" type="scavenge" contextid="0" timestamp="2020-09-11T13:01:02.762" intervalms="2013.491" />
<gc-start id="4356" type="scavenge" contextid="4355" timestamp="2020-09-11T13:01:02.762">
  <mem-info id="4357" free="778833448" total="2765488128" percent="28">
    <mem type="nursery" free="38816" total="939524096" percent="0">
      <mem type="allocate" free="38816" total="791216128" percent="0" />
      <mem type="survivor" free="0" total="148307968" percent="0" />
    </mem>
    <mem type="tenure" free="778794632" total="1825964032" percent="42">
      <mem type="soa" free="673134264" total="1716405248" percent="39" />
      <mem type="loa" free="105660368" total="109558784" percent="96" />
    </mem>
    <remembered-set count="189334" />
  </mem-info>
</gc-start>
<allocation-stats totalBytes="678412296" >
  <allocated-bytes non-tlh="35056704" tlh="643355592" />
  <largest-consumer threadName="Group1.Backend.CompositeBackend{Tier1}.2" threadId="00000000007EB800" bytes="100957784" />
</allocation-stats>
<gc-op id="4358" type="scavenge" timems="120.658" contextid="4355" timestamp="2020-09-11T13:01:02.883">
  <scavenger-info tenureage="3" tenuremask="7ff8" tiltratio="84" />
  <memory-copied type="nursery" objects="4225425" bytes="112557032" bytesdiscarded="183864" />
  <memory-copied type="tenure" objects="1059149" bytes="28473400" bytesdiscarded="83912" />
  <ownableSynchronizers candidates="4045" cleared="3698" />
  <references type="soft" candidates="303" cleared="0" enqueued="0" dynamicThreshold="17" maxThreshold="32" />
  <references type="weak" candidates="122" cleared="122" enqueued="0" />
</gc-op>
<gc-end id="4359" type="scavenge" contextid="4355" durationms="121.565" usertimems="893.231" systemtimems="3.836" timestamp="2020-09-11T13:01:02.883" activeThreads="8">
  <mem-info id="4360" free="1432834008" total="2765488128" percent="51">
    <mem type="nursery" free="682783008" total="939524096" percent="72">
      <mem type="allocate" free="682783008" total="795607040" percent="85" />
      <mem type="survivor" free="0" total="143917056" percent="0" />
    </mem>
    <mem type="tenure" free="750051000" total="1825964032" percent="41" macro-fragmented="3250790">
      <mem type="soa" free="644390632" total="1716405248" percent="37" />
      <mem type="loa" free="105660368" total="109558784" percent="96" />
    </mem>
    <remembered-set count="28928" />
  </mem-info>
</gc-end>
<cycle-end id="4361" type="scavenge" contextid="4355" timestamp="2020-09-11T13:01:02.884" />
<allocation-satisfied id="4362" threadId="00000000007EB800" bytesRequested="266200" />
<af-end id="4363" timestamp="2020-09-11T13:01:02.885" threadId="00000000007EC180" success="true" from="nursery"/>
<exclusive-end id="4364" timestamp="2020-09-11T13:01:02.885" durationms="123.763" />

<exclusive-start id="4365" timestamp="2020-09-11T13:01:04.849" intervalms="2088.496">
  <response-info timems="0.581" idlems="0.581" threads="0" lastid="00000000008DD200" lastname="Group1.Backend.CompositeBackend{Tier1}.8" />
</exclusive-start>
<af-start id="4366" threadId="00000000008DDB80" totalBytesRequested="664" timestamp="2020-09-11T13:01:04.850" intervalms="2088.566" type="nursery" />
<cycle-start id="4367" type="scavenge" contextid="0" timestamp="2020-09-11T13:01:04.850" intervalms="2088.581" />
<gc-start id="4368" type="scavenge" contextid="4367" timestamp="2020-09-11T13:01:04.851">
  <mem-info id="4369" free="750051000" total="2765488128" percent="27">
    <mem type="nursery" free="0" total="939524096" percent="0">
      <mem type="allocate" free="0" total="795607040" percent="0" />
      <mem type="survivor" free="0" total="143917056" percent="0" />
    </mem>
    <mem type="tenure" free="750051000" total="1825964032" percent="41">
      <mem type="soa" free="644390632" total="1716405248" percent="37" />
      <mem type="loa" free="105660368" total="109558784" percent="96" />
    </mem>
    <remembered-set count="192689" />
  </mem-info>
</gc-start>
<allocation-stats totalBytes="682437160" >
  <allocated-bytes non-tlh="29806688" tlh="652630472" />
  <largest-consumer threadName="Group1.Backend.CompositeBackend{Tier1}.8" threadId="00000000008DD200" bytes="111951904" />
</allocation-stats>
<gc-op id="4370" type="scavenge" timems="94.440" contextid="4367" timestamp="2020-09-11T13:01:04.945">
  <scavenger-info tenureage="3" tenuremask="7ff8" tiltratio="84" />
  <memory-copied type="nursery" objects="4048010" bytes="108609896" bytesdiscarded="197880" />
  <memory-copied type="tenure" objects="1090282" bytes="29328344" bytesdiscarded="76896" />
  <ownableSynchronizers candidates="3766" cleared="3431" />
  <references type="soft" candidates="288" cleared="0" enqueued="0" dynamicThreshold="17" maxThreshold="32" />
  <references type="weak" candidates="133" cleared="133" enqueued="0" />
</gc-op>
<gc-end id="4371" type="scavenge" contextid="4367" durationms="95.415" usertimems="733.709" systemtimems="0.000" timestamp="2020-09-11T13:01:04.946" activeThreads="8">
  <mem-info id="4372" free="1411021184" total="2765488128" percent="51">
    <mem type="nursery" free="690250496" total="939524096" percent="73">
      <mem type="allocate" free="690250496" total="799145984" percent="86" />
      <mem type="survivor" free="0" total="140378112" percent="0" />
    </mem>
    <mem type="tenure" free="720770688" total="1825964032" percent="39" macro-fragmented="0">
      <mem type="soa" free="615110320" total="1716405248" percent="35" />
      <mem type="loa" free="105660368" total="109558784" percent="96" />
    </mem>
    <remembered-set count="29929" />
  </mem-info>
</gc-end>
<cycle-end id="4373" type="scavenge" contextid="4367" timestamp="2020-09-11T13:01:04.947" />
<allocation-satisfied id="4374" threadId="00000000008DD200" bytesRequested="664" />
<af-end id="4375" timestamp="2020-09-11T13:01:04.947" threadId="00000000008DDB80" success="true" from="nursery"/>
<exclusive-end id="4376" timestamp="2020-09-11T13:01:04.947" durationms="97.726" />

<exclusive-start id="4377" timestamp="2020-09-11T13:01:06.965" intervalms="2115.321">
  <response-info timems="0.421" idlems="0.421" threads="0" lastid="000000000088B400" lastname="Group1.Backend.CompositeBackend{Tier1}.6" />
</exclusive-start>
<af-start id="4378" threadId="000000000088BD80" totalBytesRequested="48" timestamp="2020-09-11T13:01:06.965" intervalms="2115.267" type="nursery" />
<cycle-start id="4379" type="scavenge" contextid="0" timestamp="2020-09-11T13:01:06.965" intervalms="2115.247" />
<gc-start id="4380" type="scavenge" contextid="4379" timestamp="2020-09-11T13:01:06.966">
  <mem-info id="4381" free="720770688" total="2765488128" percent="26">
    <mem type="nursery" free="0" total="939524096" percent="0">
      <mem type="allocate" free="0" total="799145984" percent="0" />
      <mem type="survivor" free="0" total="140378112" percent="0" />
    </mem>
    <mem type="tenure" free="720770688" total="1825964032" percent="39">
      <mem type="soa" free="615110320" total="1716405248" percent="35" />
      <mem type="loa" free="105660368" total="109558784" percent="96" />
    </mem>
    <remembered-set count="193035" />
  </mem-info>
</gc-start>
<allocation-stats totalBytes="689922304" >
  <allocated-bytes non-tlh="33153216" tlh="656769088" />
  <largest-consumer threadName="Group1.Backend.CompositeBackend{Tier1}.5" threadId="000000000086AF00" bytes="114936016" />
</allocation-stats>
<gc-op id="4382" type="scavenge" timems="99.678" contextid="4379" timestamp="2020-09-11T13:01:07.065">
  <scavenger-info tenureage="3" tenuremask="7ff8" tiltratio="85" />
  <memory-copied type="nursery" objects="4150204" bytes="110937240" bytesdiscarded="164888" />
  <memory-copied type="tenure" objects="1095681" bytes="29453984" bytesdiscarded="90560" />
  <ownableSynchronizers candidates="3879" cleared="3561" />
  <references type="soft" candidates="270" cleared="0" enqueued="0" dynamicThreshold="17" maxThreshold="32" />
  <references type="weak" candidates="117" cleared="117" enqueued="0" />
</gc-op>
<gc-end id="4383" type="scavenge" contextid="4379" durationms="100.559" usertimems="777.651" systemtimems="0.000" timestamp="2020-09-11T13:01:07.066" activeThreads="8">
  <mem-info id="4384" free="1381936568" total="2765488128" percent="49">
    <mem type="nursery" free="690640120" total="939524096" percent="73">
      <mem type="allocate" free="690640120" total="801832960" percent="86" />
      <mem type="survivor" free="0" total="137691136" percent="0" />
    </mem>
    <mem type="tenure" free="691296448" total="1825964032" percent="37" macro-fragmented="0">
      <mem type="soa" free="585636080" total="1716405248" percent="34" />
      <mem type="loa" free="105660368" total="109558784" percent="96" />
    </mem>
    <remembered-set count="31381" />
  </mem-info>
</gc-end>
<cycle-end id="4385" type="scavenge" contextid="4379" timestamp="2020-09-11T13:01:07.067" />
<allocation-satisfied id="4386" threadId="000000000088B400" bytesRequested="48" />
<af-end id="4387" timestamp="2020-09-11T13:01:07.067" threadId="000000000088BD80" success="true" from="nursery"/>
<exclusive-end id="4388" timestamp="2020-09-11T13:01:07.067" durationms="102.777" />

<exclusive-start id="4389" timestamp="2020-09-11T13:01:09.060" intervalms="2095.353">
  <response-info timems="0.586" idlems="0.586" threads="0" lastid="0000000000819400" lastname="Group1.Backend.CompositeBackend{Tier1}.3" />
</exclusive-start>
<af-start id="4390" threadId="0000000000819D80" totalBytesRequested="32" timestamp="2020-09-11T13:01:09.061" intervalms="2095.374" type="nursery" />
<cycle-start id="4391" type="scavenge" contextid="0" timestamp="2020-09-11T13:01:09.061" intervalms="2095.405" />
<gc-start id="4392" type="scavenge" contextid="4391" timestamp="2020-09-11T13:01:09.061">
  <mem-info id="4393" free="691296448" total="2765488128" percent="24">
    <mem type="nursery" free="0" total="939524096" percent="0">
      <mem type="allocate" free="0" total="801832960" percent="0" />
      <mem type="survivor" free="0" total="137691136" percent="0" />
    </mem>
    <mem type="tenure" free="691296448" total="1825964032" percent="37">
      <mem type="soa" free="585636080" total="1716405248" percent="34" />
      <mem type="loa" free="105660368" total="109558784" percent="96" />
    </mem>
    <remembered-set count="194072" />
  </mem-info>
</gc-start>
<allocation-stats totalBytes="690306392" >
  <allocated-bytes non-tlh="33841000" tlh="656465392" />
  <largest-consumer threadName="Group1.Backend.CompositeBackend{Tier1}.8" threadId="00000000008DD200" bytes="92775672" />
</allocation-stats>
<gc-op id="4394" type="scavenge" timems="89.043" contextid="4391" timestamp="2020-09-11T13:01:09.150">
  <scavenger-info tenureage="3" tenuremask="7ff8" tiltratio="85" />
  <memory-copied type="nursery" objects="4059695" bytes="108875280" bytesdiscarded="198832" />
  <memory-copied type="tenure" objects="1071617" bytes="28790608" bytesdiscarded="90528" />
  <ownableSynchronizers candidates="4902" cleared="4569" />
  <references type="soft" candidates="266" cleared="0" enqueued="0" dynamicThreshold="17" maxThreshold="32" />
  <references type="weak" candidates="114" cleared="114" enqueued="0" />
</gc-op>
<gc-end id="4395" type="scavenge" contextid="4391" durationms="89.905" usertimems="688.905" systemtimems="0.000" timestamp="2020-09-11T13:01:09.151" activeThreads="8">
  <mem-info id="4396" free="1357567048" total="2765488128" percent="49">
    <mem type="nursery" free="695365632" total="939524096" percent="74">
      <mem type="allocate" free="695365632" total="804519936" percent="86" />
      <mem type="survivor" free="0" total="135004160" percent="0" />
    </mem>
    <mem type="tenure" free="662201416" total="1825964032" percent="36" macro-fragmented="1571150">
      <mem type="soa" free="556541048" total="1716405248" percent="32" />
      <mem type="loa" free="105660368" total="109558784" percent="96" />
    </mem>
    <remembered-set count="30744" />
  </mem-info>
</gc-end>
<cycle-end id="4397" type="scavenge" contextid="4391" timestamp="2020-09-11T13:01:09.152" />
<allocation-satisfied id="4398" threadId="0000000000819400" bytesRequested="32" />
<af-end id="4399" timestamp="2020-09-11T13:01:09.152" threadId="0000000000819D80" success="true" from="nursery"/>
<exclusive-end id="4400" timestamp="2020-09-11T13:01:09.152" durationms="92.308" />

<exclusive-start id="4401" timestamp="2020-09-11T13:01:11.181" intervalms="2120.836">
  <response-info timems="6.994" idlems="6.821" threads="1" lastid="0000000000863200" lastname="Group1.Backend.CompositeBackend{Tier1}.4" />
</exclusive-start>
<af-start id="4402" threadId="00000000008C3A80" totalBytesRequested="10008" timestamp="2020-09-11T13:01:11.182" intervalms="2121.067" type="nursery" />
<cycle-start id="4403" type="scavenge" contextid="0" timestamp="2020-09-11T13:01:11.182" intervalms="2121.125" />
<gc-start id="4404" type="scavenge" contextid="4403" timestamp="2020-09-11T13:01:11.182">
  <mem-info id="4405" free="662201416" total="2765488128" percent="23">
    <mem type="nursery" free="0" total="939524096" percent="0">
      <mem type="allocate" free="0" total="804519936" percent="0" />
      <mem type="survivor" free="0" total="135004160" percent="0" />
    </mem>
    <mem type="tenure" free="662201416" total="1825964032" percent="36">
      <mem type="soa" free="556541048" total="1716405248" percent="32" />
      <mem type="loa" free="105660368" total="109558784" percent="96" />
    </mem>
    <remembered-set count="194496" />
  </mem-info>
</gc-start>
<allocation-stats totalBytes="695025352" >
  <allocated-bytes non-tlh="33903880" tlh="661121472" />
  <largest-consumer threadName="Group1.Backend.CompositeBackend{Tier1}.1" threadId="000000000078C200" bytes="110765768" />
</allocation-stats>
<gc-op id="4406" type="scavenge" timems="157.727" contextid="4403" timestamp="2020-09-11T13:01:11.340">
  <scavenger-info tenureage="3" tenuremask="7ff8" tiltratio="85" />
  <memory-copied type="nursery" objects="4060452" bytes="108847656" bytesdiscarded="177936" />
  <memory-copied type="tenure" objects="1092844" bytes="29377576" bytesdiscarded="101192" />
  <ownableSynchronizers candidates="3818" cleared="3494" />
  <references type="soft" candidates="261" cleared="0" enqueued="0" dynamicThreshold="17" maxThreshold="32" />
  <references type="weak" candidates="120" cleared="120" enqueued="0" />
</gc-op>
<gc-end id="4407" type="scavenge" contextid="4403" durationms="158.966" usertimems="1104.981" systemtimems="32.414" timestamp="2020-09-11T13:01:11.341" activeThreads="8">
  <mem-info id="4408" free="1330836656" total="2765488128" percent="48">
    <mem type="nursery" free="698033152" total="939524096" percent="74">
      <mem type="allocate" free="698033152" total="807141376" percent="86" />
      <mem type="survivor" free="0" total="132382720" percent="0" />
    </mem>
    <mem type="tenure" free="632803504" total="1825964032" percent="34" macro-fragmented="3649186">
      <mem type="soa" free="527143136" total="1716405248" percent="30" />
      <mem type="loa" free="105660368" total="109558784" percent="96" />
    </mem>
    <remembered-set count="31125" />
  </mem-info>
</gc-end>
<cycle-end id="4409" type="scavenge" contextid="4403" timestamp="2020-09-11T13:01:11.343" />
<allocation-satisfied id="4410" threadId="00000000008C3100" bytesRequested="10008" />
<af-end id="4411" timestamp="2020-09-11T13:01:11.343" threadId="00000000008C3A80" success="true" from="nursery"/>
<exclusive-end id="4412" timestamp="2020-09-11T13:01:11.343" durationms="162.094" />

<exclusive-start id="4413" timestamp="2020-09-11T13:01:13.300" intervalms="2119.657">
  <response-info timems="0.574" idlems="0.574" threads="0" lastid="0000000000819400" lastname="Group1.Backend.CompositeBackend{Tier1}.3" />
</exclusive-start>
<af-start id="4414" threadId="0000000000819D80" totalBytesRequested="266960" timestamp="2020-09-11T13:01:13.301" intervalms="2119.581" type="nursery" />
<cycle-start id="4415" type="scavenge" contextid="0" timestamp="2020-09-11T13:01:13.301" intervalms="2119.518" />
<gc-start id="4416" type="scavenge" contextid="4415" timestamp="2020-09-11T13:01:13.302">
  <mem-info id="4417" free="632902784" total="2765488128" percent="22">
    <mem type="nursery" free="99280" total="939524096" percent="0">
      <mem type="allocate" free="99280" total="807141376" percent="0" />
      <mem type="survivor" free="0" total="132382720" percent="0" />
    </mem>
    <mem type="tenure" free="632803504" total="1825964032" percent="34">
      <mem type="soa" free="527143136" total="1716405248" percent="30" />
      <mem type="loa" free="105660368" total="109558784" percent="96" />
    </mem>
    <remembered-set count="196192" />
  </mem-info>
</gc-start>
<allocation-stats totalBytes="697594128" >
  <allocated-bytes non-tlh="29355248" tlh="668238880" />
  <largest-consumer threadName="Group1.Backend.CompositeBackend{Tier1}.2" threadId="00000000007EB800" bytes="108785872" />
</allocation-stats>
<gc-op id="4418" type="scavenge" timems="106.125" contextid="4415" timestamp="2020-09-11T13:01:13.408">
  <scavenger-info tenureage="3" tenuremask="7ff8" tiltratio="85" />
  <memory-copied type="nursery" objects="4491987" bytes="118605128" bytesdiscarded="227928" />
  <memory-copied type="tenure" objects="1063299" bytes="28577440" bytesdiscarded="103000" />
  <ownableSynchronizers candidates="3338" cleared="3026" />
  <references type="soft" candidates="269" cleared="0" enqueued="0" dynamicThreshold="17" maxThreshold="32" />
  <references type="weak" candidates="118" cleared="118" enqueued="0" />
</gc-op>
<gc-end id="4419" type="scavenge" contextid="4415" durationms="107.133" usertimems="835.299" systemtimems="0.000" timestamp="2020-09-11T13:01:13.409" activeThreads="8">
  <mem-info id="4420" free="1283286712" total="2765488128" percent="46">
    <mem type="nursery" free="679112176" total="939524096" percent="72">
      <mem type="allocate" free="679112176" total="798031872" percent="85" />
      <mem type="survivor" free="0" total="141492224" percent="0" />
    </mem>
    <mem type="tenure" free="604174536" total="1825964032" percent="33" macro-fragmented="3540686">
      <mem type="soa" free="498514168" total="1716405248" percent="29" />
      <mem type="loa" free="105660368" total="109558784" percent="96" />
    </mem>
    <remembered-set count="31891" />
  </mem-info>
</gc-end>
<cycle-end id="4421" type="scavenge" contextid="4415" timestamp="2020-09-11T13:01:13.410" />
<allocation-satisfied id="4422" threadId="0000000000819400" bytesRequested="266960" />
<af-end id="4423" timestamp="2020-09-11T13:01:13.410" threadId="0000000000819D80" success="true" from="nursery"/>
<exclusive-end id="4424" timestamp="2020-09-11T13:01:13.410" durationms="109.617" />

<exclusive-start id="4425" timestamp="2020-09-11T13:01:15.390" intervalms="2089.091">
  <response-info timems="0.746" idlems="0.731" threads="2" lastid="000000000088B400" lastname="Group1.Backend.CompositeBackend{Tier1}.6" />
</exclusive-start>
<af-start id="4426" threadId="0000000000863B80" totalBytesRequested="16" timestamp="2020-09-11T13:01:15.390" intervalms="2088.881" type="nursery" />
<cycle-start id="4427" type="scavenge" contextid="0" timestamp="2020-09-11T13:01:15.390" intervalms="2088.860" />
<gc-start id="4428" type="scavenge" contextid="4427" timestamp="2020-09-11T13:01:15.391">
  <mem-info id="4429" free="604174536" total="2765488128" percent="21">
    <mem type="nursery" free="0" total="939524096" percent="0">
      <mem type="allocate" free="0" total="798031872" percent="0" />
      <mem type="survivor" free="0" total="141492224" percent="0" />
    </mem>
    <mem type="tenure" free="604174536" total="1825964032" percent="33">
      <mem type="soa" free="498514168" total="1716405248" percent="29" />
      <mem type="loa" free="105660368" total="109558784" percent="96" />
    </mem>
    <remembered-set count="195617" />
  </mem-info>
</gc-start>
<allocation-stats totalBytes="678775784" >
  <allocated-bytes non-tlh="29560936" tlh="649214848" />
  <largest-consumer threadName="Group1.Backend.CompositeBackend{Tier1}.1" threadId="000000000078C200" bytes="119445960" />
</allocation-stats>
<gc-op id="4430" type="scavenge" timems="138.286" contextid="4427" timestamp="2020-09-11T13:01:15.529">
  <scavenger-info tenureage="3" tenuremask="7ff8" tiltratio="84" />
  <memory-copied type="nursery" objects="4400797" bytes="116667400" bytesdiscarded="233832" />
  <memory-copied type="tenure" objects="1081619" bytes="29065232" bytesdiscarded="108248" />
  <ownableSynchronizers candidates="5049" cleared="4706" />
  <references type="soft" candidates="285" cleared="0" enqueued="0" dynamicThreshold="17" maxThreshold="32" />
  <references type="weak" candidates="118" cleared="118" enqueued="0" />
</gc-op>
<gc-end id="4431" type="scavenge" contextid="4427" durationms="139.186" usertimems="969.603" systemtimems="15.931" timestamp="2020-09-11T13:01:15.530" activeThreads="8">
  <mem-info id="4432" free="1257780232" total="2765488128" percent="45">
    <mem type="nursery" free="682747096" total="939524096" percent="72">
      <mem type="allocate" free="682747096" total="799735808" percent="85" />
      <mem type="survivor" free="0" total="139788288" percent="0" />
    </mem>
    <mem type="tenure" free="575033136" total="1825964032" percent="31" macro-fragmented="0">
      <mem type="soa" free="469372768" total="1716405248" percent="27" />
      <mem type="loa" free="105660368" total="109558784" percent="96" />
    </mem>
    <remembered-set count="31908" />
  </mem-info>
</gc-end>
<cycle-end id="4433" type="scavenge" contextid="4427" timestamp="2020-09-11T13:01:15.532" />
<allocation-satisfied id="4434" threadId="0000000000863200" bytesRequested="16" />
<af-end id="4435" timestamp="2020-09-11T13:01:15.532" threadId="0000000000863B80" success="true" from="nursery"/>
<exclusive-end id="4436" timestamp="2020-09-11T13:01:15.532" durationms="142.785" />

<exclusive-start id="4437" timestamp="2020-09-11T13:01:17.458" intervalms="2068.210">
  <response-info timems="0.614" idlems="0.614" threads="0" lastid="0000000000819400" lastname="Group1.Backend.CompositeBackend{Tier1}.3" />
</exclusive-start>
<af-start id="4438" threadId="0000000000819D80" totalBytesRequested="32" timestamp="2020-09-11T13:01:17.459" intervalms="2068.507" type="nursery" />
<cycle-start id="4439" type="scavenge" contextid="0" timestamp="2020-09-11T13:01:17.459" intervalms="2068.538" />
<gc-start id="4440" type="scavenge" contextid="4439" timestamp="2020-09-11T13:01:17.459">
  <mem-info id="4441" free="575033136" total="2765488128" percent="20">
    <mem type="nursery" free="0" total="939524096" percent="0">
      <mem type="allocate" free="0" total="799735808" percent="0" />
      <mem type="survivor" free="0" total="139788288" percent="0" />
    </mem>
    <mem type="tenure" free="575033136" total="1825964032" percent="31">
      <mem type="soa" free="469372768" total="1716405248" percent="27" />
      <mem type="loa" free="105660368" total="109558784" percent="96" />
    </mem>
    <remembered-set count="194357" />
  </mem-info>
</gc-start>
<allocation-stats totalBytes="682420936" >
  <allocated-bytes non-tlh="32366464" tlh="650054472" />
  <largest-consumer threadName="Group1.Backend.CompositeBackend{Tier1}.1" threadId="000000000078C200" bytes="100768224" />
</allocation-stats>
<gc-op id="4442" type="scavenge" timems="128.753" contextid="4439" timestamp="2020-09-11T13:01:17.588">
  <scavenger-info tenureage="3" tenuremask="7ff8" tiltratio="85" />
  <memory-copied type="nursery" objects="4143634" bytes="111046952" bytesdiscarded="151672" />
  <memory-copied type="tenure" objects="1099130" bytes="29540848" bytesdiscarded="103304" />
  <ownableSynchronizers candidates="3951" cleared="3627" />
  <references type="soft" candidates="286" cleared="0" enqueued="0" dynamicThreshold="17" maxThreshold="32" />
  <references type="weak" candidates="124" cleared="123" enqueued="0" />
</gc-op>
<gc-end id="4443" type="scavenge" contextid="4439" durationms="129.735" usertimems="963.960" systemtimems="4.392" timestamp="2020-09-11T13:01:17.589" activeThreads="8">
  <mem-info id="4444" free="1235611392" total="2765488128" percent="44">
    <mem type="nursery" free="690284544" total="939524096" percent="73">
      <mem type="allocate" free="690284544" total="801570816" percent="86" />
      <mem type="survivor" free="0" total="137953280" percent="0" />
    </mem>
    <mem type="tenure" free="545326848" total="1825964032" percent="29" macro-fragmented="0">
      <mem type="soa" free="439666480" total="1716405248" percent="25" />
      <mem type="loa" free="105660368" total="109558784" percent="96" />
    </mem>
    <remembered-set count="31665" />
  </mem-info>
</gc-end>
<cycle-end id="4445" type="scavenge" contextid="4439" timestamp="2020-09-11T13:01:17.590" />
<allocation-satisfied id="4446" threadId="0000000000819400" bytesRequested="32" />
<af-end id="4447" timestamp="2020-09-11T13:01:17.590" threadId="0000000000819D80" success="true" from="nursery"/>
<exclusive-end id="4448" timestamp="2020-09-11T13:01:17.590" durationms="132.598" />

<exclusive-start id="4449" timestamp="2020-09-11T13:01:19.558" intervalms="2099.901">
  <response-info timems="0.711" idlems="0.408" threads="2" lastid="0000000000819400" lastname="Group1.Backend.CompositeBackend{Tier1}.3" />
</exclusive-start>
<af-start id="4450" threadId="0000000000A9C380" totalBytesRequested="40" timestamp="2020-09-11T13:01:19.558" intervalms="2099.593" type="nursery" />
<cycle-start id="4451" type="scavenge" contextid="0" timestamp="2020-09-11T13:01:19.558" intervalms="2099.569" />
<gc-start id="4452" type="scavenge" contextid="4451" timestamp="2020-09-11T13:01:19.559">
  <mem-info id="4453" free="545326848" total="2765488128" percent="19">
    <mem type="nursery" free="0" total="939524096" percent="0">
      <mem type="allocate" free="0" total="801570816" percent="0" />
      <mem type="survivor" free="0" total="137953280" percent="0" />
    </mem>
    <mem type="tenure" free="545326848" total="1825964032" percent="29">
      <mem type="soa" free="439666480" total="1716405248" percent="25" />
      <mem type="loa" free="105660368" total="109558784" percent="96" />
    </mem>
    <remembered-set count="194510" />
  </mem-info>
</gc-start>
<allocation-stats totalBytes="689963600" >
  <allocated-bytes non-tlh="32801304" tlh="657162296" />
  <largest-consumer threadName="Group1.Backend.CompositeBackend{Tier1}.3" threadId="0000000000819400" bytes="99506080" />
</allocation-stats>
<gc-op id="4454" type="scavenge" timems="85.092" contextid="4451" timestamp="2020-09-11T13:01:19.644">
  <scavenger-info tenureage="3" tenuremask="7ff8" tiltratio="85" />
  <memory-copied type="nursery" objects="4026434" bytes="108136072" bytesdiscarded="191232" />
  <memory-copied type="tenure" objects="1094773" bytes="29416272" bytesdiscarded="102640" />
  <ownableSynchronizers candidates="3984" cleared="3638" />
  <references type="soft" candidates="308" cleared="0" enqueued="0" dynamicThreshold="17" maxThreshold="32" />
  <references type="weak" candidates="123" cleared="122" enqueued="0" />
</gc-op>
<gc-end id="4455" type="scavenge" contextid="4451" durationms="85.982" usertimems="666.494" systemtimems="0.000" timestamp="2020-09-11T13:01:19.645" activeThreads="8">
  <mem-info id="4456" free="1211741960" total="2765488128" percent="43">
    <mem type="nursery" free="695850752" total="939524096" percent="74">
      <mem type="allocate" free="695850752" total="804257792" percent="86" />
      <mem type="survivor" free="0" total="135266304" percent="0" />
    </mem>
    <mem type="tenure" free="515891208" total="1825964032" percent="28" macro-fragmented="0">
      <mem type="soa" free="410230840" total="1716405248" percent="23" />
      <mem type="loa" free="105660368" total="109558784" percent="96" />
    </mem>
    <remembered-set count="30634" />
  </mem-info>
</gc-end>
<cycle-end id="4457" type="scavenge" contextid="4451" timestamp="2020-09-11T13:01:19.646" />
<allocation-satisfied id="4458" threadId="0000000000A9BA00" bytesRequested="40" />
<af-end id="4459" timestamp="2020-09-11T13:01:19.646" threadId="0000000000A9C380" success="true" from="nursery"/>
<exclusive-end id="4460" timestamp="2020-09-11T13:01:19.646" durationms="88.326" />

<exclusive-start id="4461" timestamp="2020-09-11T13:01:21.610" intervalms="2051.999">
  <response-info timems="0.442" idlems="0.442" threads="0" lastid="00000000007EB800" lastname="Group1.Backend.CompositeBackend{Tier1}.2" />
</exclusive-start>
<af-start id="4462" threadId="00000000007EC180" totalBytesRequested="400" timestamp="2020-09-11T13:01:21.610" intervalms="2051.987" type="nursery" />
<cycle-start id="4463" type="scavenge" contextid="0" timestamp="2020-09-11T13:01:21.610" intervalms="2051.986" />
<gc-start id="4464" type="scavenge" contextid="4463" timestamp="2020-09-11T13:01:21.611">
  <mem-info id="4465" free="515891208" total="2765488128" percent="18">
    <mem type="nursery" free="0" total="939524096" percent="0">
      <mem type="allocate" free="0" total="804257792" percent="0" />
      <mem type="survivor" free="0" total="135266304" percent="0" />
    </mem>
    <mem type="tenure" free="515891208" total="1825964032" percent="28">
      <mem type="soa" free="410230840" total="1716405248" percent="23" />
      <mem type="loa" free="105660368" total="109558784" percent="96" />
    </mem>
    <remembered-set count="193275" />
  </mem-info>
</gc-start>
<allocation-stats totalBytes="695525632" >
  <allocated-bytes non-tlh="32414272" tlh="663111360" />
  <largest-consumer threadName="Group1.Backend.CompositeBackend{Tier1}.8" threadId="00000000008DD200" bytes="107514792" />
</allocation-stats>
<gc-op id="4466" type="scavenge" timems="106.638" contextid="4463" timestamp="2020-09-11T13:01:21.717">
  <scavenger-info tenureage="3" tenuremask="7ff8" tiltratio="85" />
  <memory-copied type="nursery" objects="4253384" bytes="113481216" bytesdiscarded="269536" />
  <memory-copied type="tenure" objects="1102454" bytes="29635064" bytesdiscarded="107016" />
  <ownableSynchronizers candidates="3639" cleared="3293" />
  <references type="soft" candidates="282" cleared="0" enqueued="0" dynamicThreshold="17" maxThreshold="32" />
  <references type="weak" candidates="137" cleared="137" enqueued="0" />
</gc-op>
<gc-end id="4467" type="scavenge" contextid="4463" durationms="107.676" usertimems="826.832" systemtimems="0.000" timestamp="2020-09-11T13:01:21.718" activeThreads="8">
  <mem-info id="4468" free="1177040296" total="2765488128" percent="42">
    <mem type="nursery" free="690881272" total="939524096" percent="73">
      <mem type="allocate" free="690881272" total="804716544" percent="85" />
      <mem type="survivor" free="0" total="134807552" percent="0" />
    </mem>
    <mem type="tenure" free="486159024" total="1825964032" percent="26" macro-fragmented="0">
      <mem type="soa" free="380498656" total="1716405248" percent="22" />
      <mem type="loa" free="105660368" total="109558784" percent="96" />
    </mem>
    <remembered-set count="30457" />
  </mem-info>
</gc-end>
<cycle-end id="4469" type="scavenge" contextid="4463" timestamp="2020-09-11T13:01:21.719" />
<allocation-satisfied id="4470" threadId="00000000007EB800" bytesRequested="400" />
<af-end id="4471" timestamp="2020-09-11T13:01:21.719" threadId="00000000007EC180" success="true" from="nursery"/>
<exclusive-end id="4472" timestamp="2020-09-11T13:01:21.719" durationms="109.621" />

<exclusive-start id="4473" timestamp="2020-09-11T13:01:23.728" intervalms="2118.490">
  <response-info timems="0.777" idlems="0.500" threads="1" lastid="000000000086AF00" lastname="Group1.Backend.CompositeBackend{Tier1}.5" />
</exclusive-start>
<af-start id="4474" threadId="000000000095B180" totalBytesRequested="32" timestamp="2020-09-11T13:01:23.729" intervalms="2118.555" type="nursery" />
<cycle-start id="4475" type="scavenge" contextid="0" timestamp="2020-09-11T13:01:23.729" intervalms="2118.565" />
<gc-start id="4476" type="scavenge" contextid="4475" timestamp="2020-09-11T13:01:23.729">
  <mem-info id="4477" free="486159024" total="2765488128" percent="17">
    <mem type="nursery" free="0" total="939524096" percent="0">
      <mem type="allocate" free="0" total="804716544" percent="0" />
      <mem type="survivor" free="0" total="134807552" percent="0" />
    </mem>
    <mem type="tenure" free="486159024" total="1825964032" percent="26">
      <mem type="soa" free="380498656" total="1716405248" percent="22" />
      <mem type="loa" free="105660368" total="109558784" percent="96" />
    </mem>
    <remembered-set count="194855" />
  </mem-info>
</gc-start>
<allocation-stats totalBytes="690537592" >
  <allocated-bytes non-tlh="32686784" tlh="657850808" />
  <largest-consumer threadName="Group1.Backend.CompositeBackend{Tier1}.5" threadId="000000000086AF00" bytes="127966320" />
</allocation-stats>
<gc-op id="4478" type="scavenge" timems="140.818" contextid="4475" timestamp="2020-09-11T13:01:23.870">
  <scavenger-info tenureage="3" tenuremask="7ff8" tiltratio="85" />
  <memory-copied type="nursery" objects="4310970" bytes="114972392" bytesdiscarded="195096" />
  <memory-copied type="tenure" objects="1091546" bytes="29343304" bytesdiscarded="113968" />
  <ownableSynchronizers candidates="4008" cleared="3693" />
  <references type="soft" candidates="259" cleared="0" enqueued="0" dynamicThreshold="17" maxThreshold="32" />
  <references type="weak" candidates="104" cleared="104" enqueued="0" />
</gc-op>
<gc-end id="4479" type="scavenge" contextid="4475" durationms="141.693" usertimems="993.025" systemtimems="22.117" timestamp="2020-09-11T13:01:23.871" activeThreads="8">
  <mem-info id="4480" free="1149619784" total="2765488128" percent="41">
    <mem type="nursery" free="692937048" total="939524096" percent="73">
      <mem type="allocate" free="692937048" total="808189952" percent="85" />
      <mem type="survivor" free="0" total="131334144" percent="0" />
    </mem>
    <mem type="tenure" free="456682736" total="1825964032" percent="25" macro-fragmented="0">
      <mem type="soa" free="351022368" total="1716405248" percent="20" />
      <mem type="loa" free="105660368" total="109558784" percent="96" />
    </mem>
    <remembered-set count="30351" />
  </mem-info>
</gc-end>
<cycle-end id="4481" type="scavenge" contextid="4475" timestamp="2020-09-11T13:01:23.872" />
<allocation-satisfied id="4482" threadId="000000000095A800" bytesRequested="32" />
<af-end id="4483" timestamp="2020-09-11T13:01:23.872" threadId="000000000095B180" success="true" from="nursery"/>
<exclusive-end id="4484" timestamp="2020-09-11T13:01:23.872" durationms="143.643" />

<exclusive-start id="4485" timestamp="2020-09-11T13:01:25.824" intervalms="2096.255">
  <response-info timems="0.518" idlems="0.518" threads="0" lastid="00000000008DD200" lastname="Group1.Backend.CompositeBackend{Tier1}.8" />
</exclusive-start>
<af-start id="4486" threadId="00000000008DDB80" totalBytesRequested="16" timestamp="2020-09-11T13:01:25.825" intervalms="2096.314" type="nursery" />
<cycle-start id="4487" type="scavenge" contextid="0" timestamp="2020-09-11T13:01:25.825" intervalms="2096.327" />
<gc-start id="4488" type="scavenge" contextid="4487" timestamp="2020-09-11T13:01:25.826">
  <mem-info id="4489" free="456682736" total="2765488128" percent="16">
    <mem type="nursery" free="0" total="939524096" percent="0">
      <mem type="allocate" free="0" total="808189952" percent="0" />
      <mem type="survivor" free="0" total="131334144" percent="0" />
    </mem>
    <mem type="tenure" free="456682736" total="1825964032" percent="25">
      <mem type="soa" free="351022368" total="1716405248" percent="20" />
      <mem type="loa" free="105660368" total="109558784" percent="96" />
    </mem>
    <remembered-set count="191555" />
  </mem-info>
</gc-start>
<allocation-stats totalBytes="692600128" >
  <allocated-bytes non-tlh="35506272" tlh="657093856" />
  <largest-consumer threadName="Group1.Backend.CompositeBackend{Tier1}.4" threadId="0000000000863200" bytes="120932592" />
</allocation-stats>
<gc-op id="4490" type="scavenge" timems="101.662" contextid="4487" timestamp="2020-09-11T13:01:25.927">
  <scavenger-info tenureage="3" tenuremask="7ff8" tiltratio="86" />
  <memory-copied type="nursery" objects="4073169" bytes="109417496" bytesdiscarded="263696" />
  <memory-copied type="tenure" objects="1103264" bytes="29663792" bytesdiscarded="126552" />
  <ownableSynchronizers candidates="4497" cleared="4167" />
  <references type="soft" candidates="245" cleared="0" enqueued="0" dynamicThreshold="17" maxThreshold="32" />
  <references type="weak" candidates="132" cleared="132" enqueued="0" />
</gc-op>
<gc-end id="4491" type="scavenge" contextid="4487" durationms="102.474" usertimems="769.462" systemtimems="0.000" timestamp="2020-09-11T13:01:25.928" activeThreads="8">
  <mem-info id="4492" free="1125848584" total="2765488128" percent="40">
    <mem type="nursery" free="698949376" total="939524096" percent="74">
      <mem type="allocate" free="698949376" total="808714240" percent="86" />
      <mem type="survivor" free="0" total="130809856" percent="0" />
    </mem>
    <mem type="tenure" free="426899208" total="1825964032" percent="23" macro-fragmented="0">
      <mem type="soa" free="321238840" total="1716405248" percent="18" />
      <mem type="loa" free="105660368" total="109558784" percent="96" />
    </mem>
    <remembered-set count="30509" />
  </mem-info>
</gc-end>
<cycle-end id="4493" type="scavenge" contextid="4487" timestamp="2020-09-11T13:01:25.929" />
<allocation-satisfied id="4494" threadId="00000000008DD200" bytesRequested="16" />
<af-end id="4495" timestamp="2020-09-11T13:01:25.929" threadId="00000000008DDB80" success="true" from="nursery"/>
<exclusive-end id="4496" timestamp="2020-09-11T13:01:25.929" durationms="104.672" />

<exclusive-start id="4497" timestamp="2020-09-11T13:01:28.085" intervalms="2261.090">
  <response-info timems="0.802" idlems="0.733" threads="1" lastid="00000000008C3100" lastname="Group1.Backend.CompositeBackend{Tier1}.7" />
</exclusive-start>
<af-start id="4498" threadId="00000000007EC180" totalBytesRequested="664" timestamp="2020-09-11T13:01:28.086" intervalms="2261.000" type="nursery" />
<cycle-start id="4499" type="scavenge" contextid="0" timestamp="2020-09-11T13:01:28.086" intervalms="2260.977" />
<gc-start id="4500" type="scavenge" contextid="4499" timestamp="2020-09-11T13:01:28.087">
  <mem-info id="4501" free="426899208" total="2765488128" percent="15">
    <mem type="nursery" free="0" total="939524096" percent="0">
      <mem type="allocate" free="0" total="808714240" percent="0" />
      <mem type="survivor" free="0" total="130809856" percent="0" />
    </mem>
    <mem type="tenure" free="426899208" total="1825964032" percent="23">
      <mem type="soa" free="321238840" total="1716405248" percent="18" />
      <mem type="loa" free="105660368" total="109558784" percent="96" />
    </mem>
    <remembered-set count="199646" />
  </mem-info>
</gc-start>
<allocation-stats totalBytes="698581664" >
  <allocated-bytes non-tlh="27127384" tlh="671454280" />
  <largest-consumer threadName="Group1.Backend.CompositeBackend{Tier1}.4" threadId="0000000000863200" bytes="117330296" />
</allocation-stats>
<gc-op id="4502" type="scavenge" timems="123.042" contextid="4499" timestamp="2020-09-11T13:01:28.210">
  <scavenger-info tenureage="3" tenuremask="7ff8" tiltratio="86" />
  <memory-copied type="nursery" objects="4166189" bytes="111708704" bytesdiscarded="332176" />
  <memory-copied type="tenure" objects="1088353" bytes="29375120" bytesdiscarded="123000" />
  <ownableSynchronizers candidates="3968" cleared="3638" />
  <references type="soft" candidates="289" cleared="0" enqueued="0" dynamicThreshold="17" maxThreshold="32" />
  <references type="weak" candidates="98" cleared="98" enqueued="0" />
</gc-op>
<gc-end id="4503" type="scavenge" contextid="4499" durationms="123.936" usertimems="957.984" systemtimems="0.711" timestamp="2020-09-11T13:01:28.210" activeThreads="8">
  <mem-info id="4504" free="1094492152" total="2765488128" percent="39">
    <mem type="nursery" free="697176832" total="939524096" percent="74">
      <mem type="allocate" free="697176832" total="809304064" percent="86" />
      <mem type="survivor" free="0" total="130220032" percent="0" />
    </mem>
    <mem type="tenure" free="397315320" total="1825964032" percent="21" macro-fragmented="0">
      <mem type="soa" free="291654952" total="1716405248" percent="16" />
      <mem type="loa" free="105660368" total="109558784" percent="96" />
    </mem>
    <remembered-set count="31848" />
  </mem-info>
</gc-end>
<cycle-end id="4505" type="scavenge" contextid="4499" timestamp="2020-09-11T13:01:28.211" />
<allocation-satisfied id="4506" threadId="00000000007EB800" bytesRequested="664" />
<af-end id="4507" timestamp="2020-09-11T13:01:28.211" threadId="00000000007EC180" success="true" from="nursery"/>
<exclusive-end id="4508" timestamp="2020-09-11T13:01:28.211" durationms="126.021" />

<exclusive-start id="4509" timestamp="2020-09-11T13:01:30.115" intervalms="2029.739">
  <response-info timems="0.362" idlems="0.362" threads="0" lastid="000000000086AF00" lastname="Group1.Backend.CompositeBackend{Tier1}.5" />
</exclusive-start>
<af-start id="4510" threadId="000000000086B880" totalBytesRequested="16" timestamp="2020-09-11T13:01:30.116" intervalms="2029.855" type="nursery" />
<cycle-start id="4511" type="scavenge" contextid="0" timestamp="2020-09-11T13:01:30.116" intervalms="2029.880" />
<gc-start id="4512" type="scavenge" contextid="4511" timestamp="2020-09-11T13:01:30.117">
  <mem-info id="4513" free="397315320" total="2765488128" percent="14">
    <mem type="nursery" free="0" total="939524096" percent="0">
      <mem type="allocate" free="0" total="809304064" percent="0" />
      <mem type="survivor" free="0" total="130220032" percent="0" />
    </mem>
    <mem type="tenure" free="397315320" total="1825964032" percent="21">
      <mem type="soa" free="291654952" total="1716405248" percent="16" />
      <mem type="loa" free="105660368" total="109558784" percent="96" />
    </mem>
    <remembered-set count="195246" />
  </mem-info>
</gc-start>
<allocation-stats totalBytes="696851128" >
  <allocated-bytes non-tlh="34650824" tlh="662200304" />
  <largest-consumer threadName="Group1.Backend.CompositeBackend{Tier1}.1" threadId="000000000078C200" bytes="110677848" />
</allocation-stats>
<gc-op id="4514" type="scavenge" timems="104.773" contextid="4511" timestamp="2020-09-11T13:01:30.221">
  <scavenger-info tenureage="3" tenuremask="7ff8" tiltratio="86" />
  <memory-copied type="nursery" objects="4250146" bytes="113957832" bytesdiscarded="369392" />
  <memory-copied type="tenure" objects="1121868" bytes="30148656" bytesdiscarded="116560" />
  <ownableSynchronizers candidates="4233" cleared="3895" />
  <references type="soft" candidates="296" cleared="0" enqueued="0" dynamicThreshold="17" maxThreshold="32" />
  <references type="weak" candidates="108" cleared="108" enqueued="0" />
</gc-op>
<gc-end id="4515" type="scavenge" contextid="4511" durationms="105.721" usertimems="810.326" systemtimems="0.000" timestamp="2020-09-11T13:01:30.222" activeThreads="8">
  <mem-info id="4516" free="1061974400" total="2765488128" percent="38">
    <mem type="nursery" free="694896936" total="939524096" percent="73">
      <mem type="allocate" free="694896936" total="809304064" percent="85" />
      <mem type="survivor" free="0" total="130220032" percent="0" />
    </mem>
    <mem type="tenure" free="367077464" total="1825964032" percent="20" macro-fragmented="0">
      <mem type="soa" free="261417096" total="1716405248" percent="15" />
      <mem type="loa" free="105660368" total="109558784" percent="96" />
    </mem>
    <remembered-set count="32690" />
  </mem-info>
</gc-end>
<cycle-end id="4517" type="scavenge" contextid="4511" timestamp="2020-09-11T13:01:30.224" />
<allocation-satisfied id="4518" threadId="000000000086AF00" bytesRequested="16" />
<af-end id="4519" timestamp="2020-09-11T13:01:30.224" threadId="000000000086B880" success="true" from="nursery"/>
<exclusive-end id="4520" timestamp="2020-09-11T13:01:30.224" durationms="109.154" />

<exclusive-start id="4521" timestamp="2020-09-11T13:01:32.238" intervalms="2122.533">
  <response-info timems="0.652" idlems="0.652" threads="0" lastid="0000000000863200" lastname="Group1.Backend.CompositeBackend{Tier1}.4" />
</exclusive-start>
<af-start id="4522" threadId="0000000000863B80" totalBytesRequested="1032" timestamp="2020-09-11T13:01:32.239" intervalms="2122.503" type="nursery" />
<cycle-start id="4523" type="scavenge" contextid="0" timestamp="2020-09-11T13:01:32.239" intervalms="2122.482" />
<gc-start id="4524" type="scavenge" contextid="4523" timestamp="2020-09-11T13:01:32.239">
  <mem-info id="4525" free="367077464" total="2765488128" percent="13">
    <mem type="nursery" free="0" total="939524096" percent="0">
      <mem type="allocate" free="0" total="809304064" percent="0" />
      <mem type="survivor" free="0" total="130220032" percent="0" />
    </mem>
    <mem type="tenure" free="367077464" total="1825964032" percent="20">
      <mem type="soa" free="261417096" total="1716405248" percent="15" />
      <mem type="loa" free="105660368" total="109558784" percent="96" />
    </mem>
    <remembered-set count="196033" />
  </mem-info>
</gc-start>
<allocation-stats totalBytes="694570120" >
  <allocated-bytes non-tlh="31840000" tlh="662730120" />
  <largest-consumer threadName="Group1.Backend.CompositeBackend{Tier1}.1" threadId="000000000078C200" bytes="97757096" />
</allocation-stats>
<gc-op id="4526" type="scavenge" timems="129.295" contextid="4523" timestamp="2020-09-11T13:01:32.368">
  <scavenger-info tenureage="3" tenuremask="7ff8" tiltratio="86" />
  <memory-copied type="nursery" objects="4651861" bytes="123173960" bytesdiscarded="118192" />
  <memory-copied type="tenure" objects="1064257" bytes="28608392" bytesdiscarded="119264" />
  <ownableSynchronizers candidates="4859" cleared="4501" />
  <references type="soft" candidates="298" cleared="0" enqueued="0" dynamicThreshold="17" maxThreshold="32" />
  <references type="weak" candidates="101" cleared="100" enqueued="0" />
</gc-op>
<gc-end id="4527" type="scavenge" contextid="4523" durationms="130.363" usertimems="978.955" systemtimems="0.000" timestamp="2020-09-11T13:01:32.369" activeThreads="8">
  <mem-info id="4528" free="1009830440" total="2765488128" percent="36">
    <mem type="nursery" free="671444552" total="939524096" percent="71">
      <mem type="allocate" free="671444552" total="794820608" percent="84" />
      <mem type="survivor" free="0" total="144703488" percent="0" />
    </mem>
    <mem type="tenure" free="338385888" total="1825964032" percent="18" macro-fragmented="0">
      <mem type="soa" free="232725520" total="1716405248" percent="13" />
      <mem type="loa" free="105660368" total="109558784" percent="96" />
    </mem>
    <remembered-set count="32976" />
  </mem-info>
</gc-end>
<cycle-end id="4529" type="scavenge" contextid="4523" timestamp="2020-09-11T13:01:32.371" />
<allocation-satisfied id="4530" threadId="0000000000863200" bytesRequested="1032" />
<af-end id="4531" timestamp="2020-09-11T13:01:32.371" threadId="0000000000863B80" success="true" from="nursery"/>
<exclusive-end id="4532" timestamp="2020-09-11T13:01:32.371" durationms="133.157" />

<exclusive-start id="4533" timestamp="2020-09-11T13:01:34.286" intervalms="2048.126">
  <response-info timems="0.931" idlems="0.931" threads="0" lastid="00000000008DD200" lastname="Group1.Backend.CompositeBackend{Tier1}.8" />
</exclusive-start>
<af-start id="4534" threadId="00000000008DDB80" totalBytesRequested="56" timestamp="2020-09-11T13:01:34.287" intervalms="2048.164" type="nursery" />
<cycle-start id="4535" type="scavenge" contextid="0" timestamp="2020-09-11T13:01:34.287" intervalms="2048.165" />
<gc-start id="4536" type="scavenge" contextid="4535" timestamp="2020-09-11T13:01:34.287">
  <mem-info id="4537" free="338385888" total="2765488128" percent="12">
    <mem type="nursery" free="0" total="939524096" percent="0">
      <mem type="allocate" free="0" total="794820608" percent="0" />
      <mem type="survivor" free="0" total="144703488" percent="0" />
    </mem>
    <mem type="tenure" free="338385888" total="1825964032" percent="18">
      <mem type="soa" free="232725520" total="1716405248" percent="13" />
      <mem type="loa" free="105660368" total="109558784" percent="96" />
    </mem>
    <remembered-set count="195110" />
  </mem-info>
</gc-start>
<allocation-stats totalBytes="671130544" >
  <allocated-bytes non-tlh="30458112" tlh="640672432" />
  <largest-consumer threadName="Group1.Backend.CompositeBackend{Tier1}.7" threadId="00000000008C3100" bytes="86722568" />
</allocation-stats>
<gc-op id="4538" type="scavenge" timems="116.445" contextid="4535" timestamp="2020-09-11T13:01:34.404">
  <scavenger-info tenureage="3" tenuremask="7ff8" tiltratio="84" />
  <memory-copied type="nursery" objects="4104970" bytes="110008696" bytesdiscarded="219200" />
  <memory-copied type="tenure" objects="1169709" bytes="31428928" bytesdiscarded="129088" />
  <ownableSynchronizers candidates="4172" cleared="3828" />
  <references type="soft" candidates="250" cleared="0" enqueued="0" dynamicThreshold="17" maxThreshold="32" />
  <references type="weak" candidates="97" cleared="97" enqueued="0" />
</gc-op>
<gc-end id="4539" type="scavenge" contextid="4535" durationms="117.402" usertimems="833.752" systemtimems="0.000" timestamp="2020-09-11T13:01:34.404" activeThreads="8">
  <mem-info id="4540" free="992698008" total="2765488128" percent="35">
    <mem type="nursery" free="685884416" total="939524096" percent="73">
      <mem type="allocate" free="685884416" total="796196864" percent="86" />
      <mem type="survivor" free="0" total="143327232" percent="0" />
    </mem>
    <mem type="tenure" free="306813592" total="1825964032" percent="16" macro-fragmented="0">
      <mem type="soa" free="201153224" total="1716405248" percent="11" />
      <mem type="loa" free="105660368" total="109558784" percent="96" />
    </mem>
    <remembered-set count="31334" />
  </mem-info>
</gc-end>
<cycle-end id="4541" type="scavenge" contextid="4535" timestamp="2020-09-11T13:01:34.405" />
<allocation-satisfied id="4542" threadId="00000000008DD200" bytesRequested="56" />
<af-end id="4543" timestamp="2020-09-11T13:01:34.405" threadId="00000000008DDB80" success="true" from="nursery"/>
<exclusive-end id="4544" timestamp="2020-09-11T13:01:34.405" durationms="119.576" />

<exclusive-start id="4545" timestamp="2020-09-11T13:01:36.289" intervalms="2003.431">
  <response-info timems="0.373" idlems="0.373" threads="0" lastid="000000000078C200" lastname="Group1.Backend.CompositeBackend{Tier1}.1" />
</exclusive-start>
<af-start id="4546" threadId="000000000078CB80" totalBytesRequested="24" timestamp="2020-09-11T13:01:36.290" intervalms="2003.294" type="nursery" />
<cycle-start id="4547" type="scavenge" contextid="0" timestamp="2020-09-11T13:01:36.290" intervalms="2003.289" />
<gc-start id="4548" type="scavenge" contextid="4547" timestamp="2020-09-11T13:01:36.290">
  <mem-info id="4549" free="306813592" total="2765488128" percent="11">
    <mem type="nursery" free="0" total="939524096" percent="0">
      <mem type="allocate" free="0" total="796196864" percent="0" />
      <mem type="survivor" free="0" total="143327232" percent="0" />
    </mem>
    <mem type="tenure" free="306813592" total="1825964032" percent="16">
      <mem type="soa" free="201153224" total="1716405248" percent="11" />
      <mem type="loa" free="105660368" total="109558784" percent="96" />
    </mem>
    <remembered-set count="189950" />
  </mem-info>
</gc-start>
<allocation-stats totalBytes="685557240" >
  <allocated-bytes non-tlh="37794112" tlh="647763128" />
  <largest-consumer threadName="Group1.Backend.CompositeBackend{Tier1}.4" threadId="0000000000863200" bytes="100909208" />
</allocation-stats>
<gc-op id="4550" type="scavenge" timems="110.961" contextid="4547" timestamp="2020-09-11T13:01:36.401">
  <scavenger-info tenureage="3" tenuremask="7ff8" tiltratio="84" />
  <memory-copied type="nursery" objects="4093167" bytes="109617104" bytesdiscarded="186736" />
  <memory-copied type="tenure" objects="1081416" bytes="29049256" bytesdiscarded="94064" />
  <ownableSynchronizers candidates="3399" cleared="3089" />
  <references type="soft" candidates="244" cleared="0" enqueued="0" dynamicThreshold="17" maxThreshold="32" />
  <references type="weak" candidates="128" cleared="128" enqueued="0" />
</gc-op>
<gc-end id="4551" type="scavenge" contextid="4547" durationms="111.974" usertimems="808.084" systemtimems="0.967" timestamp="2020-09-11T13:01:36.402" activeThreads="8">
  <mem-info id="4552" free="967941624" total="2765488128" percent="35">
    <mem type="nursery" free="690308352" total="939524096" percent="73">
      <mem type="allocate" free="690308352" total="800194560" percent="86" />
      <mem type="survivor" free="0" total="139329536" percent="0" />
    </mem>
    <mem type="tenure" free="277633272" total="1825964032" percent="15" macro-fragmented="0">
      <mem type="soa" free="171972904" total="1716405248" percent="10" />
      <mem type="loa" free="105660368" total="109558784" percent="96" />
    </mem>
    <remembered-set count="28899" />
  </mem-info>
</gc-end>
<cycle-end id="4553" type="scavenge" contextid="4547" timestamp="2020-09-11T13:01:36.403" />
<allocation-satisfied id="4554" threadId="000000000078C200" bytesRequested="24" />
<af-end id="4555" timestamp="2020-09-11T13:01:36.403" threadId="000000000078CB80" success="true" from="nursery"/>
<exclusive-end id="4556" timestamp="2020-09-11T13:01:36.403" durationms="114.035" />

<exclusive-start id="4557" timestamp="2020-09-11T13:01:38.483" intervalms="2194.068">
  <response-info timems="0.556" idlems="0.556" threads="0" lastid="0000000000819400" lastname="Group1.Backend.CompositeBackend{Tier1}.3" />
</exclusive-start>
<af-start id="4558" threadId="0000000000819D80" totalBytesRequested="24" timestamp="2020-09-11T13:01:38.484" intervalms="2194.204" type="nursery" />
<cycle-start id="4559" type="scavenge" contextid="0" timestamp="2020-09-11T13:01:38.484" intervalms="2194.205" />
<gc-start id="4560" type="scavenge" contextid="4559" timestamp="2020-09-11T13:01:38.485">
  <mem-info id="4561" free="277633272" total="2765488128" percent="10">
    <mem type="nursery" free="0" total="939524096" percent="0">
      <mem type="allocate" free="0" total="800194560" percent="0" />
      <mem type="survivor" free="0" total="139329536" percent="0" />
    </mem>
    <mem type="tenure" free="277633272" total="1825964032" percent="15">
      <mem type="soa" free="171972904" total="1716405248" percent="10" />
      <mem type="loa" free="105660368" total="109558784" percent="96" />
    </mem>
    <remembered-set count="195437" />
  </mem-info>
</gc-start>
<allocation-stats totalBytes="689968512" >
  <allocated-bytes non-tlh="23669760" tlh="666298752" />
  <largest-consumer threadName="Group1.Backend.CompositeBackend{Tier1}.1" threadId="000000000078C200" bytes="86574856" />
</allocation-stats>
<gc-op id="4562" type="scavenge" timems="103.909" contextid="4559" timestamp="2020-09-11T13:01:38.589">
  <scavenger-info tenureage="3" tenuremask="7ff8" tiltratio="85" />
  <memory-copied type="nursery" objects="4147004" bytes="111162904" bytesdiscarded="151696" />
  <memory-copied type="tenure" objects="1093240" bytes="29379416" bytesdiscarded="122136" />
  <ownableSynchronizers candidates="4205" cleared="3895" />
  <references type="soft" candidates="229" cleared="0" enqueued="0" dynamicThreshold="17" maxThreshold="32" />
  <references type="weak" candidates="103" cleared="103" enqueued="0" />
</gc-op>
<gc-end id="4563" type="scavenge" contextid="4559" durationms="105.248" usertimems="799.960" systemtimems="0.000" timestamp="2020-09-11T13:01:38.590" activeThreads="8">
  <mem-info id="4564" free="939613792" total="2765488128" percent="33">
    <mem type="nursery" free="691406848" total="939524096" percent="73">
      <mem type="allocate" free="691406848" total="802816000" percent="86" />
      <mem type="survivor" free="0" total="136708096" percent="0" />
    </mem>
    <mem type="tenure" free="248206944" total="1825964032" percent="13" macro-fragmented="0">
      <mem type="soa" free="142546576" total="1716405248" percent="8" />
      <mem type="loa" free="105660368" total="109558784" percent="96" />
    </mem>
    <remembered-set count="28051" />
  </mem-info>
</gc-end>
<cycle-end id="4565" type="scavenge" contextid="4559" timestamp="2020-09-11T13:01:38.591" />
<allocation-satisfied id="4566" threadId="0000000000819400" bytesRequested="24" />
<af-end id="4567" timestamp="2020-09-11T13:01:38.591" threadId="0000000000819D80" success="true" from="nursery"/>
<exclusive-end id="4568" timestamp="2020-09-11T13:01:38.591" durationms="107.355" />

<exclusive-start id="4569" timestamp="2020-09-11T13:01:40.578" intervalms="2094.748">
  <response-info timems="4.825" idlems="4.825" threads="0" lastid="00000000008C3100" lastname="Group1.Backend.CompositeBackend{Tier1}.7" />
</exclusive-start>
<af-start id="4570" threadId="00000000008C3A80" totalBytesRequested="10008" timestamp="2020-09-11T13:01:40.579" intervalms="2094.721" type="nursery" />
<cycle-start id="4571" type="scavenge" contextid="0" timestamp="2020-09-11T13:01:40.579" intervalms="2094.735" />
<gc-start id="4572" type="scavenge" contextid="4571" timestamp="2020-09-11T13:01:40.579">
  <mem-info id="4573" free="248206944" total="2765488128" percent="8">
    <mem type="nursery" free="0" total="939524096" percent="0">
      <mem type="allocate" free="0" total="802816000" percent="0" />
      <mem type="survivor" free="0" total="136708096" percent="0" />
    </mem>
    <mem type="tenure" free="248206944" total="1825964032" percent="13">
      <mem type="soa" free="142546576" total="1716405248" percent="8" />
      <mem type="loa" free="105660368" total="109558784" percent="96" />
    </mem>
    <remembered-set count="190679" />
  </mem-info>
</gc-start>
<allocation-stats totalBytes="691080576" >
  <allocated-bytes non-tlh="32746784" tlh="658333792" />
  <largest-consumer threadName="Group1.Backend.CompositeBackend{Tier1}.4" threadId="0000000000863200" bytes="90222616" />
</allocation-stats>
<gc-op id="4574" type="scavenge" timems="119.378" contextid="4571" timestamp="2020-09-11T13:01:40.699">
  <scavenger-info tenureage="3" tenuremask="7ff8" tiltratio="85" />
  <memory-copied type="nursery" objects="4150550" bytes="111499856" bytesdiscarded="230128" />
  <memory-copied type="tenure" objects="1082016" bytes="29073984" bytesdiscarded="117936" />
  <ownableSynchronizers candidates="4071" cleared="3766" />
  <references type="soft" candidates="256" cleared="0" enqueued="0" dynamicThreshold="17" maxThreshold="32" />
  <references type="weak" candidates="107" cleared="107" enqueued="0" />
</gc-op>
<gc-end id="4575" type="scavenge" contextid="4571" durationms="120.386" usertimems="893.922" systemtimems="0.000" timestamp="2020-09-11T13:01:40.700" activeThreads="8">
  <mem-info id="4576" free="912324376" total="2765488128" percent="32">
    <mem type="nursery" free="693299976" total="939524096" percent="73">
      <mem type="allocate" free="693299976" total="805109760" percent="86" />
      <mem type="survivor" free="0" total="134414336" percent="0" />
    </mem>
    <mem type="tenure" free="219024400" total="1825964032" percent="11" macro-fragmented="0">
      <mem type="soa" free="113364032" total="1716405248" percent="6" />
      <mem type="loa" free="105660368" total="109558784" percent="96" />
    </mem>
    <remembered-set count="28230" />
  </mem-info>
</gc-end>
<cycle-end id="4577" type="scavenge" contextid="4571" timestamp="2020-09-11T13:01:40.701" />
<allocation-satisfied id="4578" threadId="00000000008C3100" bytesRequested="10008" />
<af-end id="4579" timestamp="2020-09-11T13:01:40.701" threadId="00000000008C3A80" success="true" from="nursery"/>
<exclusive-end id="4580" timestamp="2020-09-11T13:01:40.701" durationms="122.979" />

<exclusive-start id="4581" timestamp="2020-09-11T13:01:42.598" intervalms="2019.399">
  <response-info timems="0.504" idlems="0.504" threads="0" lastid="00000000007EB800" lastname="Group1.Backend.CompositeBackend{Tier1}.2" />
</exclusive-start>
<af-start id="4582" threadId="00000000007EC180" totalBytesRequested="400" timestamp="2020-09-11T13:01:42.598" intervalms="2019.360" type="nursery" />
<cycle-start id="4583" type="scavenge" contextid="0" timestamp="2020-09-11T13:01:42.598" intervalms="2019.344" />
<gc-start id="4584" type="scavenge" contextid="4583" timestamp="2020-09-11T13:01:42.599">
  <mem-info id="4585" free="219024400" total="2765488128" percent="7">
    <mem type="nursery" free="0" total="939524096" percent="0">
      <mem type="allocate" free="0" total="805109760" percent="0" />
      <mem type="survivor" free="0" total="134414336" percent="0" />
    </mem>
    <mem type="tenure" free="219024400" total="1825964032" percent="11">
      <mem type="soa" free="113364032" total="1716405248" percent="6" />
      <mem type="loa" free="105660368" total="109558784" percent="96" />
    </mem>
    <remembered-set count="191012" />
  </mem-info>
</gc-start>
<allocation-stats totalBytes="692967720" >
  <allocated-bytes non-tlh="34951696" tlh="658016024" />
  <largest-consumer threadName="Group1.Backend.CompositeBackend{Tier1}.1" threadId="000000000078C200" bytes="120034608" />
</allocation-stats>
<gc-op id="4586" type="scavenge" timems="101.281" contextid="4583" timestamp="2020-09-11T13:01:42.700">
  <scavenger-info tenureage="3" tenuremask="7ff8" tiltratio="85" />
  <memory-copied type="nursery" objects="4095149" bytes="109987296" bytesdiscarded="211872" />
  <memory-copied type="tenure" objects="1028015" bytes="27646384" bytesdiscarded="130112" />
  <ownableSynchronizers candidates="3864" cleared="3560" />
  <references type="soft" candidates="256" cleared="0" enqueued="0" dynamicThreshold="17" maxThreshold="32" />
  <references type="weak" candidates="128" cleared="128" enqueued="0" />
</gc-op>
<gc-end id="4587" type="scavenge" contextid="4583" durationms="102.439" usertimems="707.878" systemtimems="0.000" timestamp="2020-09-11T13:01:42.701" activeThreads="8">
  <mem-info id="4588" free="887985328" total="2765488128" percent="32">
    <mem type="nursery" free="696730880" total="939524096" percent="74">
      <mem type="allocate" free="696730880" total="807010304" percent="86" />
      <mem type="survivor" free="0" total="132513792" percent="0" />
    </mem>
    <mem type="tenure" free="191254448" total="1825964032" percent="10" macro-fragmented="0">
      <mem type="soa" free="85594080" total="1716405248" percent="4" />
      <mem type="loa" free="105660368" total="109558784" percent="96" />
    </mem>
    <remembered-set count="29878" />
  </mem-info>
</gc-end>
<cycle-end id="4589" type="scavenge" contextid="4583" timestamp="2020-09-11T13:01:42.703" />
<allocation-satisfied id="4590" threadId="00000000007EB800" bytesRequested="400" />
<af-end id="4591" timestamp="2020-09-11T13:01:42.703" threadId="00000000007EC180" success="true" from="nursery"/>
<exclusive-end id="4592" timestamp="2020-09-11T13:01:42.703" durationms="105.103" />

<exclusive-start id="4593" timestamp="2020-09-11T13:01:44.703" intervalms="2105.273">
  <response-info timems="0.947" idlems="0.578" threads="1" lastid="0000000000819400" lastname="Group1.Backend.CompositeBackend{Tier1}.3" />
</exclusive-start>
<af-start id="4594" threadId="0000000000A90580" totalBytesRequested="24" timestamp="2020-09-11T13:01:44.704" intervalms="2105.324" type="nursery" />
<cycle-start id="4595" type="scavenge" contextid="0" timestamp="2020-09-11T13:01:44.704" intervalms="2105.328" />
<gc-start id="4596" type="scavenge" contextid="4595" timestamp="2020-09-11T13:01:44.704">
  <mem-info id="4597" free="191254448" total="2765488128" percent="6">
    <mem type="nursery" free="0" total="939524096" percent="0">
      <mem type="allocate" free="0" total="807010304" percent="0" />
      <mem type="survivor" free="0" total="132513792" percent="0" />
    </mem>
    <mem type="tenure" free="191254448" total="1825964032" percent="10">
      <mem type="soa" free="85594080" total="1716405248" percent="4" />
      <mem type="loa" free="105660368" total="109558784" percent="96" />
    </mem>
    <remembered-set count="193125" />
  </mem-info>
</gc-start>
<allocation-stats totalBytes="696395768" >
  <allocated-bytes non-tlh="36538720" tlh="659857048" />
  <largest-consumer threadName="Group1.Backend.CompositeBackend{Tier1}.1" threadId="000000000078C200" bytes="106879904" />
</allocation-stats>
<gc-op id="4598" type="scavenge" timems="99.367" contextid="4595" timestamp="2020-09-11T13:01:44.804">
  <scavenger-info tenureage="3" tenuremask="7ff8" tiltratio="85" />
  <memory-copied type="nursery" objects="4039928" bytes="108434784" bytesdiscarded="221456" />
  <memory-copied type="tenure" objects="1152991" bytes="31035696" bytesdiscarded="116928" />
  <ownableSynchronizers candidates="4165" cleared="3835" />
  <references type="soft" candidates="271" cleared="0" enqueued="0" dynamicThreshold="17" maxThreshold="32" />
  <references type="weak" candidates="120" cleared="118" enqueued="0" />
</gc-op>
<gc-end id="4599" type="scavenge" contextid="4595" durationms="100.748" usertimems="694.478" systemtimems="0.000" timestamp="2020-09-11T13:01:44.805" activeThreads="8">
  <mem-info id="4600" free="860196704" total="2765488128" percent="31">
    <mem type="nursery" free="700106496" total="939524096" percent="74">
      <mem type="allocate" free="700106496" total="808845312" percent="86" />
      <mem type="survivor" free="0" total="130678784" percent="0" />
    </mem>
    <mem type="tenure" free="160090208" total="1825964032" percent="8" macro-fragmented="0">
      <mem type="soa" free="54429840" total="1716405248" percent="3" />
      <mem type="loa" free="105660368" total="109558784" percent="96" />
    </mem>
    <remembered-set count="32410" />
  </mem-info>
</gc-end>
<cycle-end id="4601" type="scavenge" contextid="4595" timestamp="2020-09-11T13:01:44.806" />
<allocation-satisfied id="4602" threadId="0000000000A8FC00" bytesRequested="24" />
<af-end id="4603" timestamp="2020-09-11T13:01:44.806" threadId="0000000000A90580" success="true" from="nursery"/>
<exclusive-end id="4604" timestamp="2020-09-11T13:01:44.806" durationms="102.906" />

<exclusive-start id="4605" timestamp="2020-09-11T13:01:46.883" intervalms="2180.675">
  <response-info timems="0.820" idlems="0.425" threads="1" lastid="000000000078C200" lastname="Group1.Backend.CompositeBackend{Tier1}.1" />
</exclusive-start>
<af-start id="4606" threadId="00000000008DDB80" totalBytesRequested="1032" timestamp="2020-09-11T13:01:46.884" intervalms="2180.577" type="nursery" />
<cycle-start id="4607" type="scavenge" contextid="0" timestamp="2020-09-11T13:01:46.884" intervalms="2180.569" />
<gc-start id="4608" type="scavenge" contextid="4607" timestamp="2020-09-11T13:01:46.885">
  <mem-info id="4609" free="160090208" total="2765488128" percent="5">
    <mem type="nursery" free="0" total="939524096" percent="0">
      <mem type="allocate" free="0" total="808845312" percent="0" />
      <mem type="survivor" free="0" total="130678784" percent="0" />
    </mem>
    <mem type="tenure" free="160090208" total="1825964032" percent="8">
      <mem type="soa" free="54429840" total="1716405248" percent="3" />
      <mem type="loa" free="105660368" total="109558784" percent="96" />
    </mem>
    <remembered-set count="197528" />
  </mem-info>
</gc-start>
<allocation-stats totalBytes="699753616" >
  <allocated-bytes non-tlh="29812120" tlh="669941496" />
  <largest-consumer threadName="Group1.Backend.CompositeBackend{Tier1}.8" threadId="00000000008DD200" bytes="140044680" />
</allocation-stats>
<gc-op id="4610" type="scavenge" timems="151.228" contextid="4607" timestamp="2020-09-11T13:01:47.036">
  <scavenger-info tenureage="3" tenuremask="7ff8" tiltratio="86" />
  <memory-copied type="nursery" objects="4243827" bytes="113075168" bytesdiscarded="207464" />
  <memory-copied type="tenure" objects="1103440" bytes="29657160" bytesdiscarded="116848" />
  <ownableSynchronizers candidates="4568" cleared="4231" />
  <references type="soft" candidates="252" cleared="0" enqueued="0" dynamicThreshold="17" maxThreshold="32" />
  <references type="weak" candidates="112" cleared="112" enqueued="0" />
</gc-op>
<gc-end id="4611" type="scavenge" contextid="4607" durationms="157.360" usertimems="1101.427" systemtimems="46.998" timestamp="2020-09-11T13:01:47.042" activeThreads="8">
  <mem-info id="4612" free="824815776" total="2765488128" percent="29">
    <mem type="nursery" free="694488824" total="939524096" percent="73">
      <mem type="allocate" free="694488824" total="807862272" percent="85" />
      <mem type="survivor" free="0" total="131661824" percent="0" />
    </mem>
    <mem type="tenure" free="130326952" total="1825964032" percent="7" macro-fragmented="0">
      <mem type="soa" free="24666584" total="1716405248" percent="1" />
      <mem type="loa" free="105660368" total="109558784" percent="96" />
    </mem>
    <remembered-set count="32288" />
  </mem-info>
</gc-end>
<cycle-end id="4613" type="scavenge" contextid="4607" timestamp="2020-09-11T13:01:47.043" />
<allocation-satisfied id="4614" threadId="00000000008DD200" bytesRequested="1032" />
<af-end id="4615" timestamp="2020-09-11T13:01:47.043" threadId="00000000008DDB80" success="true" from="nursery"/>
<exclusive-end id="4616" timestamp="2020-09-11T13:01:47.043" durationms="159.578" />

<exclusive-start id="4617" timestamp="2020-09-11T13:01:49.070" intervalms="2186.729">
  <response-info timems="0.377" idlems="0.377" threads="0" lastid="00000000007EB800" lastname="Group1.Backend.CompositeBackend{Tier1}.2" />
</exclusive-start>
<af-start id="4618" threadId="00000000007EC180" totalBytesRequested="16" timestamp="2020-09-11T13:01:49.071" intervalms="2186.705" type="nursery" />
<percolate-collect id="4619" from="nursery" to="global" reason="prevent tenure expand" timestamp="2020-09-11T13:01:49.071"/>
<cycle-start id="4620" type="global" contextid="0" timestamp="2020-09-11T13:01:49.071" intervalms="62013.053" />
<gc-start id="4621" type="global" contextid="4620" timestamp="2020-09-11T13:01:49.071">
  <mem-info id="4622" free="130326952" total="2765488128" percent="4">
    <mem type="nursery" free="0" total="939524096" percent="0">
      <mem type="allocate" free="0" total="807862272" percent="0" />
      <mem type="survivor" free="0" total="131661824" percent="0" />
    </mem>
    <mem type="tenure" free="130326952" total="1825964032" percent="7">
      <mem type="soa" free="24666584" total="1716405248" percent="1" />
      <mem type="loa" free="105660368" total="109558784" percent="96" />
    </mem>
    <remembered-set count="197581" />
  </mem-info>
</gc-start>
<allocation-stats totalBytes="694147224" >
  <allocated-bytes non-tlh="28123424" tlh="666023800" />
  <largest-consumer threadName="Group1.Backend.CompositeBackend{Tier1}.8" threadId="00000000008DD200" bytes="108865632" />
</allocation-stats>
<gc-op id="4623" type="mark" timems="710.308" contextid="4620" timestamp="2020-09-11T13:01:49.782">
  <trace-info objectcount="30846088" scancount="29865789" scanbytes="817541560" />
  <finalization candidates="150" enqueued="0" />
  <ownableSynchronizers candidates="592234" cleared="4958" />
  <references type="soft" candidates="715331" cleared="0" enqueued="0" dynamicThreshold="17" maxThreshold="32" />
  <references type="weak" candidates="4406" cleared="113" enqueued="0" />
  <references type="phantom" candidates="108" cleared="0" enqueued="0" />
  <stringconstants candidates="11054" cleared="1"  />
</gc-op>
<gc-op id="4624" type="sweep" timems="24.962" contextid="4620" timestamp="2020-09-11T13:01:49.807" />
<gc-end id="4625" type="global" contextid="4620" durationms="736.239" usertimems="5175.816" systemtimems="18.383" timestamp="2020-09-11T13:01:49.808" activeThreads="8">
  <mem-info id="4626" free="1607450992" total="2765488128" percent="58">
    <mem type="nursery" free="615594296" total="939524096" percent="65">
      <mem type="allocate" free="615594296" total="807862272" percent="76" />
      <mem type="survivor" free="0" total="131661824" percent="0" />
    </mem>
    <mem type="tenure" free="991856696" total="1825964032" percent="54" micro-fragmented="79410272" macro-fragmented="0">
      <mem type="soa" free="886144144" total="1716405248" percent="51" />
      <mem type="loa" free="105712552" total="109558784" percent="96" />
    </mem>
    <remembered-set count="191844" />
  </mem-info>
</gc-end>
<cycle-end id="4627" type="global" contextid="4620" timestamp="2020-09-11T13:01:49.808" />
<allocation-satisfied id="4628" threadId="00000000007EB800" bytesRequested="16" />
<af-end id="4629" timestamp="2020-09-11T13:01:49.808" threadId="00000000007EC180" success="true" from="nursery"/>
<exclusive-end id="4630" timestamp="2020-09-11T13:01:49.808" durationms="738.113" />

<exclusive-start id="4631" timestamp="2020-09-11T13:01:50.618" intervalms="1547.461">
  <response-info timems="0.612" idlems="0.612" threads="0" lastid="000000000088B400" lastname="Group1.Backend.CompositeBackend{Tier1}.6" />
</exclusive-start>
<af-start id="4632" threadId="000000000088BD80" totalBytesRequested="267248" timestamp="2020-09-11T13:01:50.618" intervalms="1547.459" type="nursery" />
<cycle-start id="4633" type="scavenge" contextid="0" timestamp="2020-09-11T13:01:50.618" intervalms="3734.161" />
<gc-start id="4634" type="scavenge" contextid="4633" timestamp="2020-09-11T13:01:50.619">
  <mem-info id="4635" free="1067069992" total="2765488128" percent="38">
    <mem type="nursery" free="75213344" total="939524096" percent="8">
      <mem type="allocate" free="75213344" total="807862272" percent="9" />
      <mem type="survivor" free="0" total="131661824" percent="0" />
    </mem>
    <mem type="tenure" free="991856648" total="1825964032" percent="54">
      <mem type="soa" free="886144096" total="1716405248" percent="51" />
      <mem type="loa" free="105712552" total="109558784" percent="96" />
    </mem>
    <remembered-set count="239304" />
  </mem-info>
</gc-start>
<allocation-stats totalBytes="538576960" >
  <allocated-bytes non-tlh="31491400" tlh="507085560" />
  <largest-consumer threadName="Group1.Backend.CompositeBackend{Tier1}.8" threadId="00000000008DD200" bytes="93800552" />
</allocation-stats>
<gc-op id="4636" type="scavenge" timems="120.382" contextid="4633" timestamp="2020-09-11T13:01:50.739">
  <scavenger-info tenureage="3" tenuremask="7ff8" tiltratio="85" />
  <memory-copied type="nursery" objects="4931722" bytes="131490880" bytesdiscarded="42248" />
  <memory-copied type="tenure" objects="1202170" bytes="32045824" bytesdiscarded="63464" />
  <copy-failed type="nursery" objects="200790" bytes="5149736" />
  <ownableSynchronizers candidates="1177654" cleared="1177250" />
  <references type="soft" candidates="277" cleared="0" enqueued="0" dynamicThreshold="17" maxThreshold="32" />
  <references type="weak" candidates="108" cleared="108" enqueued="0" />
</gc-op>
<gc-end id="4637" type="scavenge" contextid="4633" durationms="121.282" usertimems="916.667" systemtimems="0.000" timestamp="2020-09-11T13:01:50.740" activeThreads="8">
  <mem-info id="4638" free="1588076688" total="2765488128" percent="57">
    <mem type="nursery" free="628424704" total="939524096" percent="66">
      <mem type="allocate" free="628424704" total="760086528" percent="82" />
      <mem type="survivor" free="0" total="179437568" percent="0" />
    </mem>
    <mem type="tenure" free="959651984" total="1825964032" percent="52" macro-fragmented="0">
      <mem type="soa" free="853939432" total="1716405248" percent="49" />
      <mem type="loa" free="105712552" total="109558784" percent="96" />
    </mem>
    <remembered-set count="38777" />
  </mem-info>
</gc-end>
<cycle-end id="4639" type="scavenge" contextid="4633" timestamp="2020-09-11T13:01:50.741" />
<allocation-satisfied id="4640" threadId="000000000088B400" bytesRequested="267248" />
<af-end id="4641" timestamp="2020-09-11T13:01:50.741" threadId="000000000088BD80" success="true" from="nursery"/>
<exclusive-end id="4642" timestamp="2020-09-11T13:01:50.741" durationms="123.383" />

<exclusive-start id="4643" timestamp="2020-09-11T13:01:52.562" intervalms="1944.198">
  <response-info timems="0.582" idlems="0.582" threads="0" lastid="0000000000819400" lastname="Group1.Backend.CompositeBackend{Tier1}.3" />
</exclusive-start>
<af-start id="4644" threadId="0000000000819D80" totalBytesRequested="16" timestamp="2020-09-11T13:01:52.563" intervalms="1944.381" type="nursery" />
<cycle-start id="4645" type="scavenge" contextid="0" timestamp="2020-09-11T13:01:52.563" intervalms="1944.403" />
<gc-start id="4646" type="scavenge" contextid="4645" timestamp="2020-09-11T13:01:52.563">
  <mem-info id="4647" free="959651984" total="2765488128" percent="34">
    <mem type="nursery" free="0" total="939524096" percent="0">
      <mem type="allocate" free="0" total="760086528" percent="0" />
      <mem type="survivor" free="0" total="179437568" percent="0" />
    </mem>
    <mem type="tenure" free="959651984" total="1825964032" percent="52">
      <mem type="soa" free="853939432" total="1716405248" percent="49" />
      <mem type="loa" free="105712552" total="109558784" percent="96" />
    </mem>
    <remembered-set count="192385" />
  </mem-info>
</gc-start>
<allocation-stats totalBytes="628132936" >
  <allocated-bytes non-tlh="31858520" tlh="596274416" />
  <largest-consumer threadName="Group1.Backend.CompositeBackend{Tier1}.8" threadId="00000000008DD200" bytes="125943320" />
</allocation-stats>
<gc-op id="4648" type="scavenge" timems="123.022" contextid="4645" timestamp="2020-09-11T13:01:52.686">
  <scavenger-info tenureage="3" tenuremask="7ff8" tiltratio="80" />
  <memory-copied type="nursery" objects="5046103" bytes="133944424" bytesdiscarded="211064" />
  <memory-copied type="tenure" objects="983497" bytes="26478560" bytesdiscarded="82224" />
  <ownableSynchronizers candidates="3076" cleared="2757" />
  <references type="soft" candidates="268" cleared="0" enqueued="0" dynamicThreshold="17" maxThreshold="32" />
  <references type="weak" candidates="118" cleared="118" enqueued="0" />
</gc-op>
<gc-end id="4649" type="scavenge" contextid="4645" durationms="123.896" usertimems="924.475" systemtimems="0.000" timestamp="2020-09-11T13:01:52.687" activeThreads="8">
  <mem-info id="4650" free="1564217536" total="2765488128" percent="56">
    <mem type="nursery" free="631101768" total="939524096" percent="67">
      <mem type="allocate" free="631101768" total="765329408" percent="82" />
      <mem type="survivor" free="0" total="174194688" percent="0" />
    </mem>
    <mem type="tenure" free="933115768" total="1825964032" percent="51" macro-fragmented="0">
      <mem type="soa" free="827403216" total="1716405248" percent="48" />
      <mem type="loa" free="105712552" total="109558784" percent="96" />
    </mem>
    <remembered-set count="35894" />
  </mem-info>
</gc-end>
<cycle-end id="4651" type="scavenge" contextid="4645" timestamp="2020-09-11T13:01:52.688" />
<allocation-satisfied id="4652" threadId="0000000000819400" bytesRequested="16" />
<af-end id="4653" timestamp="2020-09-11T13:01:52.688" threadId="0000000000819D80" success="true" from="nursery"/>
<exclusive-end id="4654" timestamp="2020-09-11T13:01:52.688" durationms="126.207" />

<exclusive-start id="4655" timestamp="2020-09-11T13:01:54.500" intervalms="1938.167">
  <response-info timems="0.554" idlems="0.554" threads="0" lastid="00000000007EB800" lastname="Group1.Backend.CompositeBackend{Tier1}.2" />
</exclusive-start>
<af-start id="4656" threadId="00000000007EC180" totalBytesRequested="16" timestamp="2020-09-11T13:01:54.501" intervalms="1938.095" type="nursery" />
<cycle-start id="4657" type="scavenge" contextid="0" timestamp="2020-09-11T13:01:54.501" intervalms="1938.086" />
<gc-start id="4658" type="scavenge" contextid="4657" timestamp="2020-09-11T13:01:54.501">
  <mem-info id="4659" free="933115768" total="2765488128" percent="33">
    <mem type="nursery" free="0" total="939524096" percent="0">
      <mem type="allocate" free="0" total="765329408" percent="0" />
      <mem type="survivor" free="0" total="174194688" percent="0" />
    </mem>
    <mem type="tenure" free="933115768" total="1825964032" percent="51">
      <mem type="soa" free="827403216" total="1716405248" percent="48" />
      <mem type="loa" free="105712552" total="109558784" percent="96" />
    </mem>
    <remembered-set count="194781" />
  </mem-info>
</gc-start>
<allocation-stats totalBytes="630787056" >
  <allocated-bytes non-tlh="25281560" tlh="605505496" />
  <largest-consumer threadName="Group1.Backend.CompositeBackend{Tier1}.5" threadId="000000000086AF00" bytes="107627464" />
</allocation-stats>
<gc-op id="4660" type="scavenge" timems="109.984" contextid="4657" timestamp="2020-09-11T13:01:54.611">
  <scavenger-info tenureage="3" tenuremask="7ff8" tiltratio="81" />
  <memory-copied type="nursery" objects="4862645" bytes="129717216" bytesdiscarded="263864" />
  <memory-copied type="tenure" objects="1001660" bytes="26994592" bytesdiscarded="82144" />
  <ownableSynchronizers candidates="4833" cleared="4503" />
  <references type="soft" candidates="300" cleared="0" enqueued="0" dynamicThreshold="17" maxThreshold="32" />
  <references type="weak" candidates="114" cleared="113" enqueued="0" />
</gc-op>
<gc-end id="4661" type="scavenge" contextid="4657" durationms="110.801" usertimems="817.728" systemtimems="0.000" timestamp="2020-09-11T13:01:54.612" activeThreads="8">
  <mem-info id="4662" free="1546070088" total="2765488128" percent="55">
    <mem type="nursery" free="640109560" total="939524096" percent="68">
      <mem type="allocate" free="640109560" total="770179072" percent="83" />
      <mem type="survivor" free="0" total="169345024" percent="0" />
    </mem>
    <mem type="tenure" free="905960528" total="1825964032" percent="49" macro-fragmented="0">
      <mem type="soa" free="800247976" total="1716405248" percent="46" />
      <mem type="loa" free="105712552" total="109558784" percent="96" />
    </mem>
    <remembered-set count="34786" />
  </mem-info>
</gc-end>
<cycle-end id="4663" type="scavenge" contextid="4657" timestamp="2020-09-11T13:01:54.613" />
<allocation-satisfied id="4664" threadId="00000000007EB800" bytesRequested="16" />
<af-end id="4665" timestamp="2020-09-11T13:01:54.613" threadId="00000000007EC180" success="true" from="nursery"/>
<exclusive-end id="4666" timestamp="2020-09-11T13:01:54.613" durationms="113.004" />

<exclusive-start id="4667" timestamp="2020-09-11T13:01:56.395" intervalms="1894.675">
  <response-info timems="0.890" idlems="0.890" threads="0" lastid="00000000007EB800" lastname="Group1.Backend.CompositeBackend{Tier1}.2" />
</exclusive-start>
<af-start id="4668" threadId="00000000007EC180" totalBytesRequested="112" timestamp="2020-09-11T13:01:56.395" intervalms="1894.520" type="nursery" />
<cycle-start id="4669" type="scavenge" contextid="0" timestamp="2020-09-11T13:01:56.395" intervalms="1894.505" />
<gc-start id="4670" type="scavenge" contextid="4669" timestamp="2020-09-11T13:01:56.396">
  <mem-info id="4671" free="905960528" total="2765488128" percent="32">
    <mem type="nursery" free="0" total="939524096" percent="0">
      <mem type="allocate" free="0" total="770179072" percent="0" />
      <mem type="survivor" free="0" total="169345024" percent="0" />
    </mem>
    <mem type="tenure" free="905960528" total="1825964032" percent="49">
      <mem type="soa" free="800247976" total="1716405248" percent="46" />
      <mem type="loa" free="105712552" total="109558784" percent="96" />
    </mem>
    <remembered-set count="188398" />
  </mem-info>
</gc-start>
<allocation-stats totalBytes="639812632" >
  <allocated-bytes non-tlh="32985192" tlh="606827440" />
  <largest-consumer threadName="Group1.Backend.CompositeBackend{Tier1}.8" threadId="00000000008DD200" bytes="115919224" />
</allocation-stats>
<gc-op id="4672" type="scavenge" timems="148.525" contextid="4669" timestamp="2020-09-11T13:01:56.544">
  <scavenger-info tenureage="3" tenuremask="7ff8" tiltratio="81" />
  <memory-copied type="nursery" objects="3843097" bytes="103172112" bytesdiscarded="177128" />
  <memory-copied type="tenure" objects="1828978" bytes="49293944" bytesdiscarded="112296" />
  <ownableSynchronizers candidates="3630" cleared="3292" />
  <references type="soft" candidates="237" cleared="0" enqueued="0" dynamicThreshold="17" maxThreshold="32" />
  <references type="weak" candidates="128" cleared="128" enqueued="0" />
</gc-op>
<gc-end id="4673" type="scavenge" contextid="4669" durationms="149.438" usertimems="1065.430" systemtimems="25.970" timestamp="2020-09-11T13:01:56.545" activeThreads="8">
  <mem-info id="4674" free="1528017664" total="2765488128" percent="55">
    <mem type="nursery" free="671531264" total="939524096" percent="71">
      <mem type="allocate" free="671531264" total="774963200" percent="86" />
      <mem type="survivor" free="0" total="164560896" percent="0" />
    </mem>
    <mem type="tenure" free="856486400" total="1825964032" percent="46" macro-fragmented="0">
      <mem type="soa" free="750773848" total="1716405248" percent="43" />
      <mem type="loa" free="105712552" total="109558784" percent="96" />
    </mem>
    <remembered-set count="26450" />
  </mem-info>
</gc-end>
<cycle-end id="4675" type="scavenge" contextid="4669" timestamp="2020-09-11T13:01:56.546" />
<allocation-satisfied id="4676" threadId="00000000007EB800" bytesRequested="112" />
<af-end id="4677" timestamp="2020-09-11T13:01:56.546" threadId="00000000007EC180" success="true" from="nursery"/>
<exclusive-end id="4678" timestamp="2020-09-11T13:01:56.546" durationms="151.221" />

<exclusive-start id="4679" timestamp="2020-09-11T13:01:58.465" intervalms="2069.932">
  <response-info timems="2.617" idlems="2.617" threads="0" lastid="000000000086AF00" lastname="Group1.Backend.CompositeBackend{Tier1}.5" />
</exclusive-start>
<af-start id="4680" threadId="000000000086B880" totalBytesRequested="120" timestamp="2020-09-11T13:01:58.465" intervalms="2069.936" type="nursery" />
<cycle-start id="4681" type="scavenge" contextid="0" timestamp="2020-09-11T13:01:58.465" intervalms="2069.940" />
<gc-start id="4682" type="scavenge" contextid="4681" timestamp="2020-09-11T13:01:58.466">
  <mem-info id="4683" free="856486400" total="2765488128" percent="30">
    <mem type="nursery" free="0" total="939524096" percent="0">
      <mem type="allocate" free="0" total="774963200" percent="0" />
      <mem type="survivor" free="0" total="164560896" percent="0" />
    </mem>
    <mem type="tenure" free="856486400" total="1825964032" percent="46">
      <mem type="soa" free="750773848" total="1716405248" percent="43" />
      <mem type="loa" free="105712552" total="109558784" percent="96" />
    </mem>
    <remembered-set count="189907" />
  </mem-info>
</gc-start>
<allocation-stats totalBytes="671203616" >
  <allocated-bytes non-tlh="27521752" tlh="643681864" />
  <largest-consumer threadName="Group1.Backend.CompositeBackend{Tier1}.2" threadId="00000000007EB800" bytes="132165544" />
</allocation-stats>
<gc-op id="4684" type="scavenge" timems="116.509" contextid="4681" timestamp="2020-09-11T13:01:58.582">
  <scavenger-info tenureage="3" tenuremask="7ff8" tiltratio="82" />
  <memory-copied type="nursery" objects="3955144" bytes="106138400" bytesdiscarded="173952" />
  <memory-copied type="tenure" objects="1006911" bytes="27073336" bytesdiscarded="106336" />
  <ownableSynchronizers candidates="4652" cleared="4344" />
  <references type="soft" candidates="229" cleared="0" enqueued="0" dynamicThreshold="17" maxThreshold="32" />
  <references type="weak" candidates="112" cleared="112" enqueued="0" />
</gc-op>
<gc-end id="4685" type="scavenge" contextid="4681" durationms="117.342" usertimems="755.860" systemtimems="0.000" timestamp="2020-09-11T13:01:58.583" activeThreads="8">
  <mem-info id="4686" free="1506081344" total="2765488128" percent="54">
    <mem type="nursery" free="677014784" total="939524096" percent="72">
      <mem type="allocate" free="677014784" total="783417344" percent="86" />
      <mem type="survivor" free="0" total="156106752" percent="0" />
    </mem>
    <mem type="tenure" free="829066560" total="1825964032" percent="45" macro-fragmented="0">
      <mem type="soa" free="723354008" total="1716405248" percent="42" />
      <mem type="loa" free="105712552" total="109558784" percent="96" />
    </mem>
    <remembered-set count="28464" />
  </mem-info>
</gc-end>
<cycle-end id="4687" type="scavenge" contextid="4681" timestamp="2020-09-11T13:01:58.584" />
<allocation-satisfied id="4688" threadId="000000000086AF00" bytesRequested="120" />
<af-end id="4689" timestamp="2020-09-11T13:01:58.584" threadId="000000000086B880" success="true" from="nursery"/>
<exclusive-end id="4690" timestamp="2020-09-11T13:01:58.584" durationms="119.135" />

<exclusive-start id="4691" timestamp="2020-09-11T13:02:00.517" intervalms="2051.898">
  <response-info timems="0.494" idlems="0.494" threads="0" lastid="00000000008DD200" lastname="Group1.Backend.CompositeBackend{Tier1}.8" />
</exclusive-start>
<af-start id="4692" threadId="00000000008DDB80" totalBytesRequested="120" timestamp="2020-09-11T13:02:00.517" intervalms="2051.941" type="nursery" />
<cycle-start id="4693" type="scavenge" contextid="0" timestamp="2020-09-11T13:02:00.517" intervalms="2051.943" />
<gc-start id="4694" type="scavenge" contextid="4693" timestamp="2020-09-11T13:02:00.518">
  <mem-info id="4695" free="829066560" total="2765488128" percent="29">
    <mem type="nursery" free="0" total="939524096" percent="0">
      <mem type="allocate" free="0" total="783417344" percent="0" />
      <mem type="survivor" free="0" total="156106752" percent="0" />
    </mem>
    <mem type="tenure" free="829066560" total="1825964032" percent="45">
      <mem type="soa" free="723354008" total="1716405248" percent="42" />
      <mem type="loa" free="105712552" total="109558784" percent="96" />
    </mem>
    <remembered-set count="192440" />
  </mem-info>
</gc-start>
<allocation-stats totalBytes="676701440" >
  <allocated-bytes non-tlh="29575384" tlh="647126056" />
  <largest-consumer threadName="Group1.Backend.CompositeBackend{Tier1}.5" threadId="000000000086AF00" bytes="97624664" />
</allocation-stats>
<gc-op id="4696" type="scavenge" timems="100.425" contextid="4693" timestamp="2020-09-11T13:02:00.618">
  <scavenger-info tenureage="3" tenuremask="7ff8" tiltratio="83" />
  <memory-copied type="nursery" objects="3987027" bytes="106799928" bytesdiscarded="205032" />
  <memory-copied type="tenure" objects="1052827" bytes="28318424" bytesdiscarded="79504" />
  <ownableSynchronizers candidates="4373" cleared="4045" />
  <references type="soft" candidates="208" cleared="0" enqueued="0" dynamicThreshold="17" maxThreshold="32" />
  <references type="weak" candidates="112" cleared="112" enqueued="0" />
</gc-op>
<gc-end id="4697" type="scavenge" contextid="4693" durationms="101.338" usertimems="762.557" systemtimems="4.893" timestamp="2020-09-11T13:02:00.619" activeThreads="8">
  <mem-info id="4698" free="1484338896" total="2765488128" percent="53">
    <mem type="nursery" free="683477464" total="939524096" percent="72">
      <mem type="allocate" free="683477464" total="790560768" percent="86" />
      <mem type="survivor" free="0" total="148963328" percent="0" />
    </mem>
    <mem type="tenure" free="800861432" total="1825964032" percent="43" macro-fragmented="0">
      <mem type="soa" free="695148880" total="1716405248" percent="40" />
      <mem type="loa" free="105712552" total="109558784" percent="96" />
    </mem>
    <remembered-set count="31462" />
  </mem-info>
</gc-end>
<cycle-end id="4699" type="scavenge" contextid="4693" timestamp="2020-09-11T13:02:00.620" />
<allocation-satisfied id="4700" threadId="00000000008DD200" bytesRequested="120" />
<af-end id="4701" timestamp="2020-09-11T13:02:00.620" threadId="00000000008DDB80" success="true" from="nursery"/>
<exclusive-end id="4702" timestamp="2020-09-11T13:02:00.620" durationms="103.486" />

<exclusive-start id="4703" timestamp="2020-09-11T13:02:02.602" intervalms="2085.775">
  <response-info timems="2.074" idlems="2.074" threads="0" lastid="000000000086AF00" lastname="Group1.Backend.CompositeBackend{Tier1}.5" />
</exclusive-start>
<af-start id="4704" threadId="000000000086B880" totalBytesRequested="16" timestamp="2020-09-11T13:02:02.603" intervalms="2085.944" type="nursery" />
<cycle-start id="4705" type="scavenge" contextid="0" timestamp="2020-09-11T13:02:02.603" intervalms="2085.959" />
<gc-start id="4706" type="scavenge" contextid="4705" timestamp="2020-09-11T13:02:02.604">
  <mem-info id="4707" free="800861432" total="2765488128" percent="28">
    <mem type="nursery" free="0" total="939524096" percent="0">
      <mem type="allocate" free="0" total="790560768" percent="0" />
      <mem type="survivor" free="0" total="148963328" percent="0" />
    </mem>
    <mem type="tenure" free="800861432" total="1825964032" percent="43">
      <mem type="soa" free="695148880" total="1716405248" percent="40" />
      <mem type="loa" free="105712552" total="109558784" percent="96" />
    </mem>
    <remembered-set count="193891" />
  </mem-info>
</gc-start>
<allocation-stats totalBytes="683148752" >
  <allocated-bytes non-tlh="34041248" tlh="649107504" />
  <largest-consumer threadName="Group1.Backend.CompositeBackend{Tier1}.4" threadId="0000000000863200" bytes="114977584" />
</allocation-stats>
<gc-op id="4708" type="scavenge" timems="139.765" contextid="4705" timestamp="2020-09-11T13:02:02.743">
  <scavenger-info tenureage="3" tenuremask="7ff8" tiltratio="84" />
  <memory-copied type="nursery" objects="4021845" bytes="107922488" bytesdiscarded="270240" />
  <memory-copied type="tenure" objects="971939" bytes="26260448" bytesdiscarded="78960" />
  <ownableSynchronizers candidates="3984" cleared="3690" />
  <references type="soft" candidates="201" cleared="0" enqueued="0" dynamicThreshold="17" maxThreshold="32" />
  <references type="weak" candidates="109" cleared="107" enqueued="0" />
</gc-op>
<gc-end id="4709" type="scavenge" contextid="4705" durationms="141.134" usertimems="983.019" systemtimems="28.472" timestamp="2020-09-11T13:02:02.745" activeThreads="8">
  <mem-info id="4710" free="1462295880" total="2765488128" percent="52">
    <mem type="nursery" free="687662080" total="939524096" percent="73">
      <mem type="allocate" free="687662080" total="795934720" percent="86" />
      <mem type="survivor" free="0" total="143589376" percent="0" />
    </mem>
    <mem type="tenure" free="774633800" total="1825964032" percent="42" macro-fragmented="0">
      <mem type="soa" free="668921248" total="1716405248" percent="38" />
      <mem type="loa" free="105712552" total="109558784" percent="96" />
    </mem>
    <remembered-set count="33319" />
  </mem-info>
</gc-end>
<cycle-end id="4711" type="scavenge" contextid="4705" timestamp="2020-09-11T13:02:02.746" />
<allocation-satisfied id="4712" threadId="000000000086AF00" bytesRequested="16" />
<af-end id="4713" timestamp="2020-09-11T13:02:02.746" threadId="000000000086B880" success="true" from="nursery"/>
<exclusive-end id="4714" timestamp="2020-09-11T13:02:02.746" durationms="143.965" />

<exclusive-start id="4715" timestamp="2020-09-11T13:02:04.720" intervalms="2117.823">
  <response-info timems="0.815" idlems="0.541" threads="2" lastid="00000000008DD200" lastname="Group1.Backend.CompositeBackend{Tier1}.8" />
</exclusive-start>
<af-start id="4716" threadId="0000000000819D80" totalBytesRequested="40" timestamp="2020-09-11T13:02:04.721" intervalms="2117.761" type="nursery" />
<cycle-start id="4717" type="scavenge" contextid="0" timestamp="2020-09-11T13:02:04.721" intervalms="2117.769" />
<gc-start id="4718" type="scavenge" contextid="4717" timestamp="2020-09-11T13:02:04.721">
  <mem-info id="4719" free="774633800" total="2765488128" percent="28">
    <mem type="nursery" free="0" total="939524096" percent="0">
      <mem type="allocate" free="0" total="795934720" percent="0" />
      <mem type="survivor" free="0" total="143589376" percent="0" />
    </mem>
    <mem type="tenure" free="774633800" total="1825964032" percent="42">
      <mem type="soa" free="668921248" total="1716405248" percent="38" />
      <mem type="loa" free="105712552" total="109558784" percent="96" />
    </mem>
    <remembered-set count="196456" />
  </mem-info>
</gc-start>
<allocation-stats totalBytes="687331832" >
  <allocated-bytes non-tlh="31375024" tlh="655956808" />
  <largest-consumer threadName="Group1.Backend.CompositeBackend{Tier1}.4" threadId="0000000000863200" bytes="105433352" />
</allocation-stats>
<gc-op id="4720" type="scavenge" timems="102.230" contextid="4717" timestamp="2020-09-11T13:02:04.824">
  <scavenger-info tenureage="3" tenuremask="7ff8" tiltratio="84" />
  <memory-copied type="nursery" objects="4101115" bytes="109870832" bytesdiscarded="148176" />
  <memory-copied type="tenure" objects="1089477" bytes="29279744" bytesdiscarded="93432" />
  <ownableSynchronizers candidates="3912" cleared="3622" />
  <references type="soft" candidates="202" cleared="0" enqueued="0" dynamicThreshold="17" maxThreshold="32" />
  <references type="weak" candidates="113" cleared="113" enqueued="0" />
</gc-op>
<gc-end id="4721" type="scavenge" contextid="4717" durationms="103.126" usertimems="791.049" systemtimems="0.000" timestamp="2020-09-11T13:02:04.824" activeThreads="8">
  <mem-info id="4722" free="1434684360" total="2765488128" percent="51">
    <mem type="nursery" free="689502200" total="939524096" percent="73">
      <mem type="allocate" free="689502200" total="799604736" percent="86" />
      <mem type="survivor" free="0" total="139919360" percent="0" />
    </mem>
    <mem type="tenure" free="745182160" total="1825964032" percent="40" macro-fragmented="0">
      <mem type="soa" free="639469608" total="1716405248" percent="37" />
      <mem type="loa" free="105712552" total="109558784" percent="96" />
    </mem>
    <remembered-set count="33441" />
  </mem-info>
</gc-end>
<cycle-end id="4723" type="scavenge" contextid="4717" timestamp="2020-09-11T13:02:04.826" />
<allocation-satisfied id="4724" threadId="0000000000819400" bytesRequested="40" />
<af-end id="4725" timestamp="2020-09-11T13:02:04.826" threadId="0000000000819D80" success="true" from="nursery"/>
<exclusive-end id="4726" timestamp="2020-09-11T13:02:04.826" durationms="105.761" />

<exclusive-start id="4727" timestamp="2020-09-11T13:02:06.831" intervalms="2111.047">
  <response-info timems="0.591" idlems="0.591" threads="0" lastid="00000000008DD200" lastname="Group1.Backend.CompositeBackend{Tier1}.8" />
</exclusive-start>
<af-start id="4728" threadId="00000000008DDB80" totalBytesRequested="1032" timestamp="2020-09-11T13:02:06.832" intervalms="2111.094" type="nursery" />
<cycle-start id="4729" type="scavenge" contextid="0" timestamp="2020-09-11T13:02:06.832" intervalms="2111.165" />
<gc-start id="4730" type="scavenge" contextid="4729" timestamp="2020-09-11T13:02:06.833">
  <mem-info id="4731" free="745182160" total="2765488128" percent="26">
    <mem type="nursery" free="0" total="939524096" percent="0">
      <mem type="allocate" free="0" total="799604736" percent="0" />
      <mem type="survivor" free="0" total="139919360" percent="0" />
    </mem>
    <mem type="tenure" free="745182160" total="1825964032" percent="40">
      <mem type="soa" free="639469608" total="1716405248" percent="37" />
      <mem type="loa" free="105712552" total="109558784" percent="96" />
    </mem>
    <remembered-set count="197847" />
  </mem-info>
</gc-start>
<allocation-stats totalBytes="689178816" >
  <allocated-bytes non-tlh="30593320" tlh="658585496" />
  <largest-consumer threadName="Group1.Backend.CompositeBackend{Tier1}.4" threadId="0000000000863200" bytes="121271064" />
</allocation-stats>
<gc-op id="4732" type="scavenge" timems="110.037" contextid="4729" timestamp="2020-09-11T13:02:06.943">
  <scavenger-info tenureage="3" tenuremask="7ff8" tiltratio="85" />
  <memory-copied type="nursery" objects="4086379" bytes="109626264" bytesdiscarded="132552" />
  <memory-copied type="tenure" objects="1092716" bytes="29343856" bytesdiscarded="107424" />
  <ownableSynchronizers candidates="3901" cleared="3624" />
  <references type="soft" candidates="200" cleared="0" enqueued="0" dynamicThreshold="17" maxThreshold="32" />
  <references type="weak" candidates="108" cleared="108" enqueued="0" />
</gc-op>
<gc-end id="4733" type="scavenge" contextid="4729" durationms="111.997" usertimems="798.895" systemtimems="12.640" timestamp="2020-09-11T13:02:06.944" activeThreads="8">
  <mem-info id="4734" free="1408814536" total="2765488128" percent="50">
    <mem type="nursery" free="693100800" total="939524096" percent="73">
      <mem type="allocate" free="693100800" total="802947072" percent="86" />
      <mem type="survivor" free="0" total="136577024" percent="0" />
    </mem>
    <mem type="tenure" free="715713736" total="1825964032" percent="39" macro-fragmented="0">
      <mem type="soa" free="610001184" total="1716405248" percent="35" />
      <mem type="loa" free="105712552" total="109558784" percent="96" />
    </mem>
    <remembered-set count="31733" />
  </mem-info>
</gc-end>
<cycle-end id="4735" type="scavenge" contextid="4729" timestamp="2020-09-11T13:02:06.949" />
<allocation-satisfied id="4736" threadId="00000000008DD200" bytesRequested="1032" />
<af-end id="4737" timestamp="2020-09-11T13:02:06.949" threadId="00000000008DDB80" success="true" from="nursery"/>
<exclusive-end id="4738" timestamp="2020-09-11T13:02:06.949" durationms="117.776" />

<exclusive-start id="4739" timestamp="2020-09-11T13:02:08.867" intervalms="2035.339">
  <response-info timems="0.342" idlems="0.342" threads="0" lastid="0000000000863200" lastname="Group1.Backend.CompositeBackend{Tier1}.4" />
</exclusive-start>
<af-start id="4740" threadId="0000000000863B80" totalBytesRequested="664" timestamp="2020-09-11T13:02:08.867" intervalms="2035.350" type="nursery" />
<cycle-start id="4741" type="scavenge" contextid="0" timestamp="2020-09-11T13:02:08.868" intervalms="2035.275" />
<gc-start id="4742" type="scavenge" contextid="4741" timestamp="2020-09-11T13:02:08.868">
  <mem-info id="4743" free="715713736" total="2765488128" percent="25">
    <mem type="nursery" free="0" total="939524096" percent="0">
      <mem type="allocate" free="0" total="802947072" percent="0" />
      <mem type="survivor" free="0" total="136577024" percent="0" />
    </mem>
    <mem type="tenure" free="715713736" total="1825964032" percent="39">
      <mem type="soa" free="610001184" total="1716405248" percent="35" />
      <mem type="loa" free="105712552" total="109558784" percent="96" />
    </mem>
    <remembered-set count="194035" />
  </mem-info>
</gc-start>
<allocation-stats totalBytes="692769992" >
  <allocated-bytes non-tlh="34307976" tlh="658462016" />
  <largest-consumer threadName="Group1.Backend.CompositeBackend{Tier1}.2" threadId="00000000007EB800" bytes="101348832" />
</allocation-stats>
<gc-op id="4744" type="scavenge" timems="99.207" contextid="4741" timestamp="2020-09-11T13:02:08.967">
  <scavenger-info tenureage="3" tenuremask="7ff8" tiltratio="85" />
  <memory-copied type="nursery" objects="4102071" bytes="110027960" bytesdiscarded="148624" />
  <memory-copied type="tenure" objects="1097836" bytes="29490992" bytesdiscarded="98728" />
  <ownableSynchronizers candidates="4431" cleared="4159" />
  <references type="soft" candidates="204" cleared="0" enqueued="0" dynamicThreshold="17" maxThreshold="32" />
  <references type="weak" candidates="133" cleared="132" enqueued="0" />
</gc-op>
<gc-end id="4745" type="scavenge" contextid="4741" durationms="100.156" usertimems="781.689" systemtimems="0.000" timestamp="2020-09-11T13:02:08.968" activeThreads="8">
  <mem-info id="4746" free="1381327464" total="2765488128" percent="49">
    <mem type="nursery" free="695238912" total="939524096" percent="73">
      <mem type="allocate" free="695238912" total="805502976" percent="86" />
      <mem type="survivor" free="0" total="134021120" percent="0" />
    </mem>
    <mem type="tenure" free="686088552" total="1825964032" percent="37" macro-fragmented="0">
      <mem type="soa" free="580376000" total="1716405248" percent="33" />
      <mem type="loa" free="105712552" total="109558784" percent="96" />
    </mem>
    <remembered-set count="30321" />
  </mem-info>
</gc-end>
<cycle-end id="4747" type="scavenge" contextid="4741" timestamp="2020-09-11T13:02:08.969" />
<allocation-satisfied id="4748" threadId="0000000000863200" bytesRequested="664" />
<af-end id="4749" timestamp="2020-09-11T13:02:08.969" threadId="0000000000863B80" success="true" from="nursery"/>
<exclusive-end id="4750" timestamp="2020-09-11T13:02:08.969" durationms="102.387" />

<exclusive-start id="4751" timestamp="2020-09-11T13:02:11.015" intervalms="2148.662">
  <response-info timems="5.907" idlems="5.907" threads="0" lastid="000000000078C200" lastname="Group1.Backend.CompositeBackend{Tier1}.1" />
</exclusive-start>
<af-start id="4752" threadId="000000000078CB80" totalBytesRequested="32" timestamp="2020-09-11T13:02:11.016" intervalms="2148.615" type="nursery" />
<cycle-start id="4753" type="scavenge" contextid="0" timestamp="2020-09-11T13:02:11.016" intervalms="2148.618" />
<gc-start id="4754" type="scavenge" contextid="4753" timestamp="2020-09-11T13:02:11.017">
  <mem-info id="4755" free="686088552" total="2765488128" percent="24">
    <mem type="nursery" free="0" total="939524096" percent="0">
      <mem type="allocate" free="0" total="805502976" percent="0" />
      <mem type="survivor" free="0" total="134021120" percent="0" />
    </mem>
    <mem type="tenure" free="686088552" total="1825964032" percent="37">
      <mem type="soa" free="580376000" total="1716405248" percent="33" />
      <mem type="loa" free="105712552" total="109558784" percent="96" />
    </mem>
    <remembered-set count="194555" />
  </mem-info>
</gc-start>
<allocation-stats totalBytes="694888352" >
  <allocated-bytes non-tlh="32015792" tlh="662872560" />
  <largest-consumer threadName="Group1.Backend.CompositeBackend{Tier1}.2" threadId="00000000007EB800" bytes="91378712" />
</allocation-stats>
<gc-op id="4756" type="scavenge" timems="154.324" contextid="4753" timestamp="2020-09-11T13:02:11.171">
  <scavenger-info tenureage="3" tenuremask="7ff8" tiltratio="85" />
  <memory-copied type="nursery" objects="4329031" bytes="115233928" bytesdiscarded="191472" />
  <memory-copied type="tenure" objects="1084939" bytes="29158992" bytesdiscarded="94504" />
  <ownableSynchronizers candidates="3967" cleared="3691" />
  <references type="soft" candidates="213" cleared="0" enqueued="0" dynamicThreshold="17" maxThreshold="32" />
  <references type="weak" candidates="114" cleared="114" enqueued="0" />
</gc-op>
<gc-end id="4757" type="scavenge" contextid="4753" durationms="156.026" usertimems="1130.897" systemtimems="18.936" timestamp="2020-09-11T13:02:11.172" activeThreads="8">
  <mem-info id="4758" free="1346137048" total="2765488128" percent="48">
    <mem type="nursery" free="689270192" total="939524096" percent="73">
      <mem type="allocate" free="689270192" total="804782080" percent="85" />
      <mem type="survivor" free="0" total="134742016" percent="0" />
    </mem>
    <mem type="tenure" free="656866856" total="1825964032" percent="35" macro-fragmented="0">
      <mem type="soa" free="551154304" total="1716405248" percent="32" />
      <mem type="loa" free="105712552" total="109558784" percent="96" />
    </mem>
    <remembered-set count="30803" />
  </mem-info>
</gc-end>
<cycle-end id="4759" type="scavenge" contextid="4753" timestamp="2020-09-11T13:02:11.174" />
<allocation-satisfied id="4760" threadId="000000000078C200" bytesRequested="32" />
<af-end id="4761" timestamp="2020-09-11T13:02:11.174" threadId="000000000078CB80" success="true" from="nursery"/>
<exclusive-end id="4762" timestamp="2020-09-11T13:02:11.174" durationms="158.437" />

<exclusive-start id="4763" timestamp="2020-09-11T13:02:13.054" intervalms="2038.920">
  <response-info timems="0.570" idlems="0.393" threads="1" lastid="00000000007EB800" lastname="Group1.Backend.CompositeBackend{Tier1}.2" />
</exclusive-start>
<af-start id="4764" threadId="0000000000AA0480" totalBytesRequested="32" timestamp="2020-09-11T13:02:13.055" intervalms="2038.771" type="nursery" />
<cycle-start id="4765" type="scavenge" contextid="0" timestamp="2020-09-11T13:02:13.055" intervalms="2038.754" />
<gc-start id="4766" type="scavenge" contextid="4765" timestamp="2020-09-11T13:02:13.055">
  <mem-info id="4767" free="656866856" total="2765488128" percent="23">
    <mem type="nursery" free="0" total="939524096" percent="0">
      <mem type="allocate" free="0" total="804782080" percent="0" />
      <mem type="survivor" free="0" total="134742016" percent="0" />
    </mem>
    <mem type="tenure" free="656866856" total="1825964032" percent="35">
      <mem type="soa" free="551154304" total="1716405248" percent="32" />
      <mem type="loa" free="105712552" total="109558784" percent="96" />
    </mem>
    <remembered-set count="191430" />
  </mem-info>
</gc-start>
<allocation-stats totalBytes="688950816" >
  <allocated-bytes non-tlh="36159360" tlh="652791456" />
  <largest-consumer threadName="Group1.Backend.CompositeBackend{Tier1}.6" threadId="000000000088B400" bytes="96728720" />
</allocation-stats>
<gc-op id="4768" type="scavenge" timems="111.560" contextid="4765" timestamp="2020-09-11T13:02:13.167">
  <scavenger-info tenureage="3" tenuremask="7ff8" tiltratio="85" />
  <memory-copied type="nursery" objects="4285933" bytes="114066272" bytesdiscarded="252336" />
  <memory-copied type="tenure" objects="1111039" bytes="29872768" bytesdiscarded="118344" />
  <ownableSynchronizers candidates="3624" cleared="3354" />
  <references type="soft" candidates="202" cleared="0" enqueued="0" dynamicThreshold="17" maxThreshold="32" />
  <references type="weak" candidates="112" cleared="111" enqueued="0" />
</gc-op>
<gc-end id="4769" type="scavenge" contextid="4765" durationms="112.394" usertimems="799.688" systemtimems="0.000" timestamp="2020-09-11T13:02:13.167" activeThreads="8">
  <mem-info id="4770" free="1318380760" total="2765488128" percent="47">
    <mem type="nursery" free="691499840" total="939524096" percent="73">
      <mem type="allocate" free="691499840" total="805896192" percent="85" />
      <mem type="survivor" free="0" total="133627904" percent="0" />
    </mem>
    <mem type="tenure" free="626880920" total="1825964032" percent="34" macro-fragmented="0">
      <mem type="soa" free="521168368" total="1716405248" percent="30" />
      <mem type="loa" free="105712552" total="109558784" percent="96" />
    </mem>
    <remembered-set count="30620" />
  </mem-info>
</gc-end>
<cycle-end id="4771" type="scavenge" contextid="4765" timestamp="2020-09-11T13:02:13.168" />
<allocation-satisfied id="4772" threadId="0000000000A9FB00" bytesRequested="32" />
<af-end id="4773" timestamp="2020-09-11T13:02:13.168" threadId="0000000000AA0480" success="true" from="nursery"/>
<exclusive-end id="4774" timestamp="2020-09-11T13:02:13.168" durationms="114.232" />

<exclusive-start id="4775" timestamp="2020-09-11T13:02:15.176" intervalms="2121.767">
  <response-info timems="0.486" idlems="0.486" threads="0" lastid="000000000086AF00" lastname="Group1.Backend.CompositeBackend{Tier1}.5" />
</exclusive-start>
<af-start id="4776" threadId="000000000086B880" totalBytesRequested="24" timestamp="2020-09-11T13:02:15.177" intervalms="2121.939" type="nursery" />
<cycle-start id="4777" type="scavenge" contextid="0" timestamp="2020-09-11T13:02:15.177" intervalms="2121.943" />
<gc-start id="4778" type="scavenge" contextid="4777" timestamp="2020-09-11T13:02:15.177">
  <mem-info id="4779" free="626880920" total="2765488128" percent="22">
    <mem type="nursery" free="0" total="939524096" percent="0">
      <mem type="allocate" free="0" total="805896192" percent="0" />
      <mem type="survivor" free="0" total="133627904" percent="0" />
    </mem>
    <mem type="tenure" free="626880920" total="1825964032" percent="34">
      <mem type="soa" free="521168368" total="1716405248" percent="30" />
      <mem type="loa" free="105712552" total="109558784" percent="96" />
    </mem>
    <remembered-set count="194392" />
  </mem-info>
</gc-start>
<allocation-stats totalBytes="691174256" >
  <allocated-bytes non-tlh="30369256" tlh="660805000" />
  <largest-consumer threadName="Group1.Backend.CompositeBackend{Tier1}.7" threadId="00000000008C3100" bytes="89059088" />
</allocation-stats>
<gc-op id="4780" type="scavenge" timems="124.159" contextid="4777" timestamp="2020-09-11T13:02:15.301">
  <scavenger-info tenureage="3" tenuremask="7ff8" tiltratio="85" />
  <memory-copied type="nursery" objects="4488844" bytes="118769192" bytesdiscarded="143976" />
  <memory-copied type="tenure" objects="1085374" bytes="29159912" bytesdiscarded="115392" />
  <ownableSynchronizers candidates="3203" cleared="2950" />
  <references type="soft" candidates="184" cleared="0" enqueued="0" dynamicThreshold="17" maxThreshold="32" />
  <references type="weak" candidates="122" cleared="122" enqueued="0" />
</gc-op>
<gc-end id="4781" type="scavenge" contextid="4777" durationms="125.164" usertimems="955.561" systemtimems="0.000" timestamp="2020-09-11T13:02:15.302" activeThreads="8">
  <mem-info id="4782" free="1280684480" total="2765488128" percent="46">
    <mem type="nursery" free="683164896" total="939524096" percent="72">
      <mem type="allocate" free="683164896" total="802160640" percent="85" />
      <mem type="survivor" free="0" total="137363456" percent="0" />
    </mem>
    <mem type="tenure" free="597519584" total="1825964032" percent="32" macro-fragmented="0">
      <mem type="soa" free="491807032" total="1716405248" percent="28" />
      <mem type="loa" free="105712552" total="109558784" percent="96" />
    </mem>
    <remembered-set count="29886" />
  </mem-info>
</gc-end>
<cycle-end id="4783" type="scavenge" contextid="4777" timestamp="2020-09-11T13:02:15.303" />
<allocation-satisfied id="4784" threadId="000000000086AF00" bytesRequested="24" />
<af-end id="4785" timestamp="2020-09-11T13:02:15.303" threadId="000000000086B880" success="true" from="nursery"/>
<exclusive-end id="4786" timestamp="2020-09-11T13:02:15.303" durationms="127.289" />

<exclusive-start id="4787" timestamp="2020-09-11T13:02:17.284" intervalms="2108.151">
  <response-info timems="0.827" idlems="0.827" threads="0" lastid="00000000008C3100" lastname="Group1.Backend.CompositeBackend{Tier1}.7" />
</exclusive-start>
<af-start id="4788" threadId="00000000008C3A80" totalBytesRequested="40" timestamp="2020-09-11T13:02:17.285" intervalms="2108.309" type="nursery" />
<cycle-start id="4789" type="scavenge" contextid="0" timestamp="2020-09-11T13:02:17.285" intervalms="2108.342" />
<gc-start id="4790" type="scavenge" contextid="4789" timestamp="2020-09-11T13:02:17.286">
  <mem-info id="4791" free="597519584" total="2765488128" percent="21">
    <mem type="nursery" free="0" total="939524096" percent="0">
      <mem type="allocate" free="0" total="802160640" percent="0" />
      <mem type="survivor" free="0" total="137363456" percent="0" />
    </mem>
    <mem type="tenure" free="597519584" total="1825964032" percent="32">
      <mem type="soa" free="491807032" total="1716405248" percent="28" />
      <mem type="loa" free="105712552" total="109558784" percent="96" />
    </mem>
    <remembered-set count="193579" />
  </mem-info>
</gc-start>
<allocation-stats totalBytes="682828064" >
  <allocated-bytes non-tlh="30877632" tlh="651950432" />
  <largest-consumer threadName="Group1.Backend.CompositeBackend{Tier1}.1" threadId="000000000078C200" bytes="90869440" />
</allocation-stats>
<gc-op id="4792" type="scavenge" timems="136.513" contextid="4789" timestamp="2020-09-11T13:02:17.422">
  <scavenger-info tenureage="3" tenuremask="7ff8" tiltratio="85" />
  <memory-copied type="nursery" objects="4232036" bytes="113490768" bytesdiscarded="256072" />
  <memory-copied type="tenure" objects="1097377" bytes="29492680" bytesdiscarded="129352" />
  <ownableSynchronizers candidates="3856" cleared="3619" />
  <references type="soft" candidates="172" cleared="0" enqueued="0" dynamicThreshold="17" maxThreshold="32" />
  <references type="weak" candidates="123" cleared="123" enqueued="0" />
</gc-op>
<gc-end id="4793" type="scavenge" contextid="4789" durationms="137.920" usertimems="1000.547" systemtimems="7.132" timestamp="2020-09-11T13:02:17.423" activeThreads="8">
  <mem-info id="4794" free="1257042824" total="2765488128" percent="45">
    <mem type="nursery" free="689180584" total="939524096" percent="73">
      <mem type="allocate" free="689180584" total="803012608" percent="85" />
      <mem type="survivor" free="0" total="136511488" percent="0" />
    </mem>
    <mem type="tenure" free="567862240" total="1825964032" percent="31" macro-fragmented="0">
      <mem type="soa" free="462149688" total="1716405248" percent="26" />
      <mem type="loa" free="105712552" total="109558784" percent="96" />
    </mem>
    <remembered-set count="29943" />
  </mem-info>
</gc-end>
<cycle-end id="4795" type="scavenge" contextid="4789" timestamp="2020-09-11T13:02:17.425" />
<allocation-satisfied id="4796" threadId="00000000008C3100" bytesRequested="40" />
<af-end id="4797" timestamp="2020-09-11T13:02:17.425" threadId="00000000008C3A80" success="true" from="nursery"/>
<exclusive-end id="4798" timestamp="2020-09-11T13:02:17.425" durationms="140.714" />

<exclusive-start id="4799" timestamp="2020-09-11T13:02:19.338" intervalms="2053.737">
  <response-info timems="0.339" idlems="0.172" threads="1" lastid="00000000007EB800" lastname="Group1.Backend.CompositeBackend{Tier1}.2" />
</exclusive-start>
<af-start id="4800" threadId="000000000078CB80" totalBytesRequested="520" timestamp="2020-09-11T13:02:19.338" intervalms="2053.405" type="nursery" />
<cycle-start id="4801" type="scavenge" contextid="0" timestamp="2020-09-11T13:02:19.339" intervalms="2053.366" />
<gc-start id="4802" type="scavenge" contextid="4801" timestamp="2020-09-11T13:02:19.339">
  <mem-info id="4803" free="567862240" total="2765488128" percent="20">
    <mem type="nursery" free="0" total="939524096" percent="0">
      <mem type="allocate" free="0" total="803012608" percent="0" />
      <mem type="survivor" free="0" total="136511488" percent="0" />
    </mem>
    <mem type="tenure" free="567862240" total="1825964032" percent="31">
      <mem type="soa" free="462149688" total="1716405248" percent="26" />
      <mem type="loa" free="105712552" total="109558784" percent="96" />
    </mem>
    <remembered-set count="191690" />
  </mem-info>
</gc-start>
<allocation-stats totalBytes="688844480" >
  <allocated-bytes non-tlh="32553104" tlh="656291376" />
  <largest-consumer threadName="Group1.Backend.CompositeBackend{Tier1}.2" threadId="00000000007EB800" bytes="86595416" />
</allocation-stats>
<gc-op id="4804" type="scavenge" timems="113.896" contextid="4801" timestamp="2020-09-11T13:02:19.453">
  <scavenger-info tenureage="3" tenuremask="7ff8" tiltratio="85" />
  <memory-copied type="nursery" objects="4346895" bytes="115438032" bytesdiscarded="199520" />
  <memory-copied type="tenure" objects="1076773" bytes="28947184" bytesdiscarded="119816" />
  <ownableSynchronizers candidates="3588" cleared="3356" />
  <references type="soft" candidates="185" cleared="0" enqueued="0" dynamicThreshold="17" maxThreshold="32" />
  <references type="weak" candidates="114" cleared="113" enqueued="0" />
</gc-op>
<gc-end id="4805" type="scavenge" contextid="4801" durationms="114.958" usertimems="852.604" systemtimems="0.000" timestamp="2020-09-11T13:02:19.454" activeThreads="8">
  <mem-info id="4806" free="1227031192" total="2765488128" percent="44">
    <mem type="nursery" free="688272120" total="939524096" percent="73">
      <mem type="allocate" free="688272120" total="803995648" percent="85" />
      <mem type="survivor" free="0" total="135528448" percent="0" />
    </mem>
    <mem type="tenure" free="538759072" total="1825964032" percent="29" macro-fragmented="0">
      <mem type="soa" free="433046520" total="1716405248" percent="25" />
      <mem type="loa" free="105712552" total="109558784" percent="96" />
    </mem>
    <remembered-set count="29555" />
  </mem-info>
</gc-end>
<cycle-end id="4807" type="scavenge" contextid="4801" timestamp="2020-09-11T13:02:19.455" />
<allocation-satisfied id="4808" threadId="000000000078C200" bytesRequested="520" />
<af-end id="4809" timestamp="2020-09-11T13:02:19.455" threadId="000000000078CB80" success="true" from="nursery"/>
<exclusive-end id="4810" timestamp="2020-09-11T13:02:19.455" durationms="117.134" />

<exclusive-start id="4811" timestamp="2020-09-11T13:02:21.441" intervalms="2103.730">
  <response-info timems="5.798" idlems="5.798" threads="0" lastid="0000000000863200" lastname="Group1.Backend.CompositeBackend{Tier1}.4" />
</exclusive-start>
<af-start id="4812" threadId="0000000000863B80" totalBytesRequested="16" timestamp="2020-09-11T13:02:21.442" intervalms="2104.068" type="nursery" />
<cycle-start id="4813" type="scavenge" contextid="0" timestamp="2020-09-11T13:02:21.443" intervalms="2104.134" />
<gc-start id="4814" type="scavenge" contextid="4813" timestamp="2020-09-11T13:02:21.443">
  <mem-info id="4815" free="538759072" total="2765488128" percent="19">
    <mem type="nursery" free="0" total="939524096" percent="0">
      <mem type="allocate" free="0" total="803995648" percent="0" />
      <mem type="survivor" free="0" total="135528448" percent="0" />
    </mem>
    <mem type="tenure" free="538759072" total="1825964032" percent="29">
      <mem type="soa" free="433046520" total="1716405248" percent="25" />
      <mem type="loa" free="105712552" total="109558784" percent="96" />
    </mem>
    <remembered-set count="191053" />
  </mem-info>
</gc-start>
<allocation-stats totalBytes="687942160" >
  <allocated-bytes non-tlh="34382392" tlh="653559768" />
  <largest-consumer threadName="Group1.Backend.CompositeBackend{Tier1}.7" threadId="00000000008C3100" bytes="92582288" />
</allocation-stats>
<gc-op id="4816" type="scavenge" timems="128.894" contextid="4813" timestamp="2020-09-11T13:02:21.572">
  <scavenger-info tenureage="3" tenuremask="7ff8" tiltratio="85" />
  <memory-copied type="nursery" objects="4529689" bytes="119515648" bytesdiscarded="300816" />
  <memory-copied type="tenure" objects="1105183" bytes="29708424" bytesdiscarded="117920" />
  <ownableSynchronizers candidates="4539" cleared="4292" />
  <references type="soft" candidates="201" cleared="0" enqueued="0" dynamicThreshold="17" maxThreshold="32" />
  <references type="weak" candidates="123" cleared="123" enqueued="0" />
</gc-op>
<gc-end id="4817" type="scavenge" contextid="4813" durationms="129.853" usertimems="960.811" systemtimems="0.000" timestamp="2020-09-11T13:02:21.573" activeThreads="8">
  <mem-info id="4818" free="1190650224" total="2765488128" percent="43">
    <mem type="nursery" free="681734352" total="939524096" percent="72">
      <mem type="allocate" free="681734352" total="801636352" percent="85" />
      <mem type="survivor" free="0" total="137887744" percent="0" />
    </mem>
    <mem type="tenure" free="508915872" total="1825964032" percent="27" macro-fragmented="0">
      <mem type="soa" free="403203320" total="1716405248" percent="23" />
      <mem type="loa" free="105712552" total="109558784" percent="96" />
    </mem>
    <remembered-set count="29256" />
  </mem-info>
</gc-end>
<cycle-end id="4819" type="scavenge" contextid="4813" timestamp="2020-09-11T13:02:21.574" />
<allocation-satisfied id="4820" threadId="0000000000863200" bytesRequested="16" />
<af-end id="4821" timestamp="2020-09-11T13:02:21.574" threadId="0000000000863B80" success="true" from="nursery"/>
<exclusive-end id="4822" timestamp="2020-09-11T13:02:21.574" durationms="132.936" />

<exclusive-start id="4823" timestamp="2020-09-11T13:02:23.516" intervalms="2074.072">
  <response-info timems="0.556" idlems="0.556" threads="0" lastid="0000000000863200" lastname="Group1.Backend.CompositeBackend{Tier1}.4" />
</exclusive-start>
<af-start id="4824" threadId="0000000000863B80" totalBytesRequested="16" timestamp="2020-09-11T13:02:23.516" intervalms="2073.822" type="nursery" />
<cycle-start id="4825" type="scavenge" contextid="0" timestamp="2020-09-11T13:02:23.516" intervalms="2073.780" />
<gc-start id="4826" type="scavenge" contextid="4825" timestamp="2020-09-11T13:02:23.517">
  <mem-info id="4827" free="508915872" total="2765488128" percent="18">
    <mem type="nursery" free="0" total="939524096" percent="0">
      <mem type="allocate" free="0" total="801636352" percent="0" />
      <mem type="survivor" free="0" total="137887744" percent="0" />
    </mem>
    <mem type="tenure" free="508915872" total="1825964032" percent="27">
      <mem type="soa" free="403203320" total="1716405248" percent="23" />
      <mem type="loa" free="105712552" total="109558784" percent="96" />
    </mem>
    <remembered-set count="193639" />
  </mem-info>
</gc-start>
<allocation-stats totalBytes="681384472" >
  <allocated-bytes non-tlh="27459768" tlh="653924704" />
  <largest-consumer threadName="Group1.Backend.CompositeBackend{Tier1}.5" threadId="000000000086AF00" bytes="93390656" />
</allocation-stats>
<gc-op id="4828" type="scavenge" timems="117.797" contextid="4825" timestamp="2020-09-11T13:02:23.635">
  <scavenger-info tenureage="3" tenuremask="7ff8" tiltratio="85" />
  <memory-copied type="nursery" objects="4336578" bytes="115044328" bytesdiscarded="356472" />
  <memory-copied type="tenure" objects="1110556" bytes="29853328" bytesdiscarded="116280" />
  <ownableSynchronizers candidates="4217" cleared="3954" />
  <references type="soft" candidates="186" cleared="0" enqueued="0" dynamicThreshold="17" maxThreshold="32" />
  <references type="weak" candidates="141" cleared="141" enqueued="0" />
</gc-op>
<gc-end id="4829" type="scavenge" contextid="4825" durationms="118.971" usertimems="837.898" systemtimems="0.000" timestamp="2020-09-11T13:02:23.636" activeThreads="8">
  <mem-info id="4830" free="1165973192" total="2765488128" percent="42">
    <mem type="nursery" free="686935944" total="939524096" percent="73">
      <mem type="allocate" free="686935944" total="802422784" percent="85" />
      <mem type="survivor" free="0" total="137101312" percent="0" />
    </mem>
    <mem type="tenure" free="479037248" total="1825964032" percent="26" macro-fragmented="0">
      <mem type="soa" free="373324696" total="1716405248" percent="21" />
      <mem type="loa" free="105712552" total="109558784" percent="96" />
    </mem>
    <remembered-set count="29840" />
  </mem-info>
</gc-end>
<cycle-end id="4831" type="scavenge" contextid="4825" timestamp="2020-09-11T13:02:23.637" />
<allocation-satisfied id="4832" threadId="0000000000863200" bytesRequested="16" />
<af-end id="4833" timestamp="2020-09-11T13:02:23.637" threadId="0000000000863B80" success="true" from="nursery"/>
<exclusive-end id="4834" timestamp="2020-09-11T13:02:23.637" durationms="121.369" />

<exclusive-start id="4835" timestamp="2020-09-11T13:02:25.591" intervalms="2075.727">
  <response-info timems="0.347" idlems="0.347" threads="0" lastid="000000000078C200" lastname="Group1.Backend.CompositeBackend{Tier1}.1" />
</exclusive-start>
<af-start id="4836" threadId="000000000078CB80" totalBytesRequested="16" timestamp="2020-09-11T13:02:25.592" intervalms="2075.783" type="nursery" />
<cycle-start id="4837" type="scavenge" contextid="0" timestamp="2020-09-11T13:02:25.592" intervalms="2075.791" />
<gc-start id="4838" type="scavenge" contextid="4837" timestamp="2020-09-11T13:02:25.593">
  <mem-info id="4839" free="479037248" total="2765488128" percent="17">
    <mem type="nursery" free="0" total="939524096" percent="0">
      <mem type="allocate" free="0" total="802422784" percent="0" />
      <mem type="survivor" free="0" total="137101312" percent="0" />
    </mem>
    <mem type="tenure" free="479037248" total="1825964032" percent="26">
      <mem type="soa" free="373324696" total="1716405248" percent="21" />
      <mem type="loa" free="105712552" total="109558784" percent="96" />
    </mem>
    <remembered-set count="193513" />
  </mem-info>
</gc-start>
<allocation-stats totalBytes="686597992" >
  <allocated-bytes non-tlh="31260864" tlh="655337128" />
  <largest-consumer threadName="Group1.Backend.CompositeBackend{Tier1}.6" threadId="000000000088B400" bytes="121212424" />
</allocation-stats>
<gc-op id="4840" type="scavenge" timems="125.661" contextid="4837" timestamp="2020-09-11T13:02:25.718">
  <scavenger-info tenureage="3" tenuremask="7ff8" tiltratio="85" />
  <memory-copied type="nursery" objects="4184985" bytes="111760072" bytesdiscarded="180184" />
  <memory-copied type="tenure" objects="1081505" bytes="29084488" bytesdiscarded="138040" />
  <ownableSynchronizers candidates="4036" cleared="3759" />
  <references type="soft" candidates="185" cleared="0" enqueued="0" dynamicThreshold="17" maxThreshold="32" />
  <references type="weak" candidates="129" cleared="127" enqueued="0" />
</gc-op>
<gc-end id="4841" type="scavenge" contextid="4837" durationms="126.864" usertimems="924.026" systemtimems="0.000" timestamp="2020-09-11T13:02:25.719" activeThreads="8">
  <mem-info id="4842" free="1141941048" total="2765488128" percent="41">
    <mem type="nursery" free="692040688" total="939524096" percent="73">
      <mem type="allocate" free="692040688" total="804061184" percent="86" />
      <mem type="survivor" free="0" total="135462912" percent="0" />
    </mem>
    <mem type="tenure" free="449900360" total="1825964032" percent="24" macro-fragmented="0">
      <mem type="soa" free="344187808" total="1716405248" percent="20" />
      <mem type="loa" free="105712552" total="109558784" percent="96" />
    </mem>
    <remembered-set count="30463" />
  </mem-info>
</gc-end>
<cycle-end id="4843" type="scavenge" contextid="4837" timestamp="2020-09-11T13:02:25.721" />
<allocation-satisfied id="4844" threadId="000000000078C200" bytesRequested="16" />
<af-end id="4845" timestamp="2020-09-11T13:02:25.722" threadId="000000000078CB80" success="true" from="nursery"/>
<exclusive-end id="4846" timestamp="2020-09-11T13:02:25.722" durationms="130.353" />

<exclusive-start id="4847" timestamp="2020-09-11T13:02:27.688" intervalms="2096.381">
  <response-info timems="1.022" idlems="0.660" threads="1" lastid="000000000078C200" lastname="Group1.Backend.CompositeBackend{Tier1}.1" />
</exclusive-start>
<af-start id="4848" threadId="0000000000AA4080" totalBytesRequested="80" timestamp="2020-09-11T13:02:27.689" intervalms="2096.806" type="nursery" />
<cycle-start id="4849" type="scavenge" contextid="0" timestamp="2020-09-11T13:02:27.689" intervalms="2096.925" />
<gc-start id="4850" type="scavenge" contextid="4849" timestamp="2020-09-11T13:02:27.690">
  <mem-info id="4851" free="449900360" total="2765488128" percent="16">
    <mem type="nursery" free="0" total="939524096" percent="0">
      <mem type="allocate" free="0" total="804061184" percent="0" />
      <mem type="survivor" free="0" total="135462912" percent="0" />
    </mem>
    <mem type="tenure" free="449900360" total="1825964032" percent="24">
      <mem type="soa" free="344187808" total="1716405248" percent="20" />
      <mem type="loa" free="105712552" total="109558784" percent="96" />
    </mem>
    <remembered-set count="192929" />
  </mem-info>
</gc-start>
<allocation-stats totalBytes="691700208" >
  <allocated-bytes non-tlh="35394576" tlh="656305632" />
  <largest-consumer threadName="Group1.Backend.CompositeBackend{Tier1}.4" threadId="0000000000863200" bytes="99721704" />
</allocation-stats>
<gc-op id="4852" type="scavenge" timems="97.599" contextid="4849" timestamp="2020-09-11T13:02:27.787">
  <scavenger-info tenureage="3" tenuremask="7ff8" tiltratio="85" />
  <memory-copied type="nursery" objects="4084141" bytes="109627792" bytesdiscarded="205512" />
  <memory-copied type="tenure" objects="1070712" bytes="28784096" bytesdiscarded="121880" />
  <ownableSynchronizers candidates="4780" cleared="4493" />
  <references type="soft" candidates="181" cleared="0" enqueued="0" dynamicThreshold="17" maxThreshold="32" />
  <references type="weak" candidates="123" cleared="122" enqueued="0" />
</gc-op>
<gc-end id="4853" type="scavenge" contextid="4849" durationms="98.632" usertimems="766.942" systemtimems="0.000" timestamp="2020-09-11T13:02:27.788" activeThreads="8">
  <mem-info id="4854" free="1117172000" total="2765488128" percent="40">
    <mem type="nursery" free="696242176" total="939524096" percent="74">
      <mem type="allocate" free="696242176" total="806158336" percent="86" />
      <mem type="survivor" free="0" total="133365760" percent="0" />
    </mem>
    <mem type="tenure" free="420929824" total="1825964032" percent="23" macro-fragmented="0">
      <mem type="soa" free="315217272" total="1716405248" percent="18" />
      <mem type="loa" free="105712552" total="109558784" percent="96" />
    </mem>
    <remembered-set count="30455" />
  </mem-info>
</gc-end>
<cycle-end id="4855" type="scavenge" contextid="4849" timestamp="2020-09-11T13:02:27.789" />
<allocation-satisfied id="4856" threadId="0000000000AA3700" bytesRequested="80" />
<af-end id="4857" timestamp="2020-09-11T13:02:27.789" threadId="0000000000AA4080" success="true" from="nursery"/>
<exclusive-end id="4858" timestamp="2020-09-11T13:02:27.789" durationms="101.632" />

<exclusive-start id="4859" timestamp="2020-09-11T13:02:29.837" intervalms="2149.591">
  <response-info timems="0.411" idlems="0.391" threads="1" lastid="00000000008DD200" lastname="Group1.Backend.CompositeBackend{Tier1}.8" />
</exclusive-start>
<af-start id="4860" threadId="0000000000819D80" totalBytesRequested="24" timestamp="2020-09-11T13:02:29.838" intervalms="2148.996" type="nursery" />
<cycle-start id="4861" type="scavenge" contextid="0" timestamp="2020-09-11T13:02:29.838" intervalms="2148.839" />
<gc-start id="4862" type="scavenge" contextid="4861" timestamp="2020-09-11T13:02:29.838">
  <mem-info id="4863" free="420929824" total="2765488128" percent="15">
    <mem type="nursery" free="0" total="939524096" percent="0">
      <mem type="allocate" free="0" total="806158336" percent="0" />
      <mem type="survivor" free="0" total="133365760" percent="0" />
    </mem>
    <mem type="tenure" free="420929824" total="1825964032" percent="23">
      <mem type="soa" free="315217272" total="1716405248" percent="18" />
      <mem type="loa" free="105712552" total="109558784" percent="96" />
    </mem>
    <remembered-set count="194235" />
  </mem-info>
</gc-start>
<allocation-stats totalBytes="695923336" >
  <allocated-bytes non-tlh="32933784" tlh="662989552" />
  <largest-consumer threadName="Group1.Backend.CompositeBackend{Tier1}.4" threadId="0000000000863200" bytes="90662968" />
</allocation-stats>
<gc-op id="4864" type="scavenge" timems="123.064" contextid="4861" timestamp="2020-09-11T13:02:29.961">
  <scavenger-info tenureage="3" tenuremask="7ff8" tiltratio="85" />
  <memory-copied type="nursery" objects="4211547" bytes="113167064" bytesdiscarded="202336" />
  <memory-copied type="tenure" objects="1109189" bytes="29820248" bytesdiscarded="123176" />
  <ownableSynchronizers candidates="4164" cleared="3888" />
  <references type="soft" candidates="190" cleared="0" enqueued="0" dynamicThreshold="17" maxThreshold="32" />
  <references type="weak" candidates="108" cleared="107" enqueued="0" />
</gc-op>
<gc-end id="4865" type="scavenge" contextid="4861" durationms="124.132" usertimems="912.739" systemtimems="8.143" timestamp="2020-09-11T13:02:29.962" activeThreads="8">
  <mem-info id="4866" free="1084168392" total="2765488128" percent="39">
    <mem type="nursery" free="693222512" total="939524096" percent="73">
      <mem type="allocate" free="693222512" total="806682624" percent="85" />
      <mem type="survivor" free="0" total="132841472" percent="0" />
    </mem>
    <mem type="tenure" free="390945880" total="1825964032" percent="21" macro-fragmented="0">
      <mem type="soa" free="285233328" total="1716405248" percent="16" />
      <mem type="loa" free="105712552" total="109558784" percent="96" />
    </mem>
    <remembered-set count="30519" />
  </mem-info>
</gc-end>
<cycle-end id="4867" type="scavenge" contextid="4861" timestamp="2020-09-11T13:02:29.963" />
<allocation-satisfied id="4868" threadId="0000000000819400" bytesRequested="24" />
<af-end id="4869" timestamp="2020-09-11T13:02:29.963" threadId="0000000000819D80" success="true" from="nursery"/>
<exclusive-end id="4870" timestamp="2020-09-11T13:02:29.964" durationms="126.903" />

<exclusive-start id="4871" timestamp="2020-09-11T13:02:31.925" intervalms="2087.533">
  <response-info timems="0.442" idlems="0.442" threads="0" lastid="00000000007EB800" lastname="Group1.Backend.CompositeBackend{Tier1}.2" />
</exclusive-start>
<af-start id="4872" threadId="00000000007EC180" totalBytesRequested="16" timestamp="2020-09-11T13:02:31.926" intervalms="2087.677" type="nursery" />
<cycle-start id="4873" type="scavenge" contextid="0" timestamp="2020-09-11T13:02:31.926" intervalms="2087.684" />
<gc-start id="4874" type="scavenge" contextid="4873" timestamp="2020-09-11T13:02:31.926">
  <mem-info id="4875" free="390945880" total="2765488128" percent="14">
    <mem type="nursery" free="0" total="939524096" percent="0">
      <mem type="allocate" free="0" total="806682624" percent="0" />
      <mem type="survivor" free="0" total="132841472" percent="0" />
    </mem>
    <mem type="tenure" free="390945880" total="1825964032" percent="21">
      <mem type="soa" free="285233328" total="1716405248" percent="16" />
      <mem type="loa" free="105712552" total="109558784" percent="96" />
    </mem>
    <remembered-set count="194673" />
  </mem-info>
</gc-start>
<allocation-stats totalBytes="692880112" >
  <allocated-bytes non-tlh="31167080" tlh="661713032" />
  <largest-consumer threadName="Group1.Backend.CompositeBackend{Tier1}.7" threadId="00000000008C3100" bytes="107596048" />
</allocation-stats>
<gc-op id="4876" type="scavenge" timems="113.720" contextid="4873" timestamp="2020-09-11T13:02:32.040">
  <scavenger-info tenureage="3" tenuremask="7ff8" tiltratio="85" />
  <memory-copied type="nursery" objects="4114168" bytes="110521976" bytesdiscarded="208952" />
  <memory-copied type="tenure" objects="1107118" bytes="29744136" bytesdiscarded="126488" />
  <ownableSynchronizers candidates="3761" cleared="3488" />
  <references type="soft" candidates="182" cleared="0" enqueued="0" dynamicThreshold="17" maxThreshold="32" />
  <references type="weak" candidates="117" cleared="117" enqueued="0" />
</gc-op>
<gc-end id="4877" type="scavenge" contextid="4873" durationms="114.711" usertimems="824.443" systemtimems="0.981" timestamp="2020-09-11T13:02:32.041" activeThreads="8">
  <mem-info id="4878" free="1058170040" total="2765488128" percent="38">
    <mem type="nursery" free="697042176" total="939524096" percent="74">
      <mem type="allocate" free="697042176" total="807862272" percent="86" />
      <mem type="survivor" free="0" total="131661824" percent="0" />
    </mem>
    <mem type="tenure" free="361127864" total="1825964032" percent="19" macro-fragmented="0">
      <mem type="soa" free="255415312" total="1716405248" percent="14" />
      <mem type="loa" free="105712552" total="109558784" percent="96" />
    </mem>
    <remembered-set count="29717" />
  </mem-info>
</gc-end>
<cycle-end id="4879" type="scavenge" contextid="4873" timestamp="2020-09-11T13:02:32.042" />
<allocation-satisfied id="4880" threadId="00000000007EB800" bytesRequested="16" />
<af-end id="4881" timestamp="2020-09-11T13:02:32.042" threadId="00000000007EC180" success="true" from="nursery"/>
<exclusive-end id="4882" timestamp="2020-09-11T13:02:32.042" durationms="117.643" />

</verbosegc>

