<?xml version="1.0" ?>

<verbosegc xmlns="http://www.ibm.com/j9/verbosegc" version="c1dd04cca_CMPRSS">

!@: MM_VerboseWriterFileLoggingSynchronous::openFile

!@: After Trigger

<exclusive-start id="6119" timestamp="2020-09-11T10:33:53.842" intervalms="2004.092">
  <response-info timems="2.226" idlems="2.226" threads="0" lastid="0000000000837900" lastname="Group1.Backend.CompositeBackend{Tier1}.8" />
</exclusive-start>
<af-start id="6120" threadId="0000000000838280" totalBytesRequested="520" timestamp="2020-09-11T10:33:53.843" intervalms="2004.165" type="nursery" />
<cycle-start id="6121" type="scavenge" contextid="0" timestamp="2020-09-11T10:33:53.843" intervalms="2004.089" />
<gc-start id="6122" type="scavenge" contextid="6121" timestamp="2020-09-11T10:33:53.844">
  <mem-info id="6123" free="629227472" total="2821586944" percent="22">
    <mem type="nursery" free="0" total="939524096" percent="0">
      <mem type="allocate" free="0" total="793640960" percent="0" />
      <mem type="survivor" free="0" total="145883136" percent="0" />
    </mem>
    <mem type="tenure" free="629227472" total="1882062848" percent="33">
      <mem type="soa" free="610406352" total="1863241728" percent="32" />
      <mem type="loa" free="18821120" total="18821120" percent="100" />
    </mem>
    <remembered-set count="192206" />
  </mem-info>
</gc-start>
<allocation-stats totalBytes="683347288" >
  <allocated-bytes non-tlh="31494008" tlh="651853280" />
  <largest-consumer threadName="Group1.Backend.CompositeBackend{Tier1}.8" threadId="0000000000837900" bytes="101878672" />
</allocation-stats>
<gc-op id="6124" type="scavenge" timems="103.447" contextid="6121" timestamp="2020-09-11T10:33:53.947">
  <scavenger-info tenureage="3" tenuremask="7ff8" tiltratio="84" />
  <memory-copied type="nursery" objects="4080167" bytes="109329264" bytesdiscarded="193408" />
  <memory-copied type="tenure" objects="1107910" bytes="29753128" bytesdiscarded="111552" />
  <ownableSynchronizers candidates="5050" cleared="4760" />
  <references type="soft" candidates="165" cleared="0" enqueued="0" dynamicThreshold="17" maxThreshold="32" />
  <references type="weak" candidates="118" cleared="118" enqueued="0" />
</gc-op>
<gc-end id="6125" type="scavenge" contextid="6121" durationms="104.682" usertimems="746.675" systemtimems="2.790" timestamp="2020-09-11T10:33:53.948" activeThreads="8">
  <mem-info id="6126" free="1287990968" total="2821586944" percent="45">
    <mem type="nursery" free="688617216" total="939524096" percent="73">
      <mem type="allocate" free="688617216" total="798228480" percent="86" />
      <mem type="survivor" free="0" total="141295616" percent="0" />
    </mem>
    <mem type="tenure" free="599373752" total="1882062848" percent="31" macro-fragmented="0">
      <mem type="soa" free="580552632" total="1863241728" percent="31" />
      <mem type="loa" free="18821120" total="18821120" percent="100" />
    </mem>
    <remembered-set count="28823" />
  </mem-info>
</gc-end>
<cycle-end id="6127" type="scavenge" contextid="6121" timestamp="2020-09-11T10:33:53.949" />
<allocation-satisfied id="6128" threadId="0000000000837900" bytesRequested="520" />
<af-end id="6129" timestamp="2020-09-11T10:33:53.950" threadId="0000000000838280" success="true" from="nursery"/>
<exclusive-end id="6130" timestamp="2020-09-11T10:33:53.950" durationms="107.189" />

<exclusive-start id="6131" timestamp="2020-09-11T10:33:55.981" intervalms="2138.500">
  <response-info timems="0.495" idlems="0.495" threads="0" lastid="0000000000843D00" lastname="Group1.Backend.CompositeBackend{Tier1}.6" />
</exclusive-start>
<af-start id="6132" threadId="0000000000844680" totalBytesRequested="24" timestamp="2020-09-11T10:33:55.982" intervalms="2138.446" type="nursery" />
<cycle-start id="6133" type="scavenge" contextid="0" timestamp="2020-09-11T10:33:55.982" intervalms="2138.443" />
<gc-start id="6134" type="scavenge" contextid="6133" timestamp="2020-09-11T10:33:55.982">
  <mem-info id="6135" free="599373752" total="2821586944" percent="21">
    <mem type="nursery" free="0" total="939524096" percent="0">
      <mem type="allocate" free="0" total="798228480" percent="0" />
      <mem type="survivor" free="0" total="141295616" percent="0" />
    </mem>
    <mem type="tenure" free="599373752" total="1882062848" percent="31">
      <mem type="soa" free="580552632" total="1863241728" percent="31" />
      <mem type="loa" free="18821120" total="18821120" percent="100" />
    </mem>
    <remembered-set count="191511" />
  </mem-info>
</gc-start>
<allocation-stats totalBytes="688273528" >
  <allocated-bytes non-tlh="28766312" tlh="659507216" />
  <largest-consumer threadName="Group1.Backend.CompositeBackend{Tier1}.1" threadId="0000000000785E00" bytes="94306640" />
</allocation-stats>
<gc-op id="6136" type="scavenge" timems="103.567" contextid="6133" timestamp="2020-09-11T10:33:56.086">
  <scavenger-info tenureage="3" tenuremask="7ff8" tiltratio="84" />
  <memory-copied type="nursery" objects="4168836" bytes="111204624" bytesdiscarded="245736" />
  <memory-copied type="tenure" objects="1075714" bytes="28910040" bytesdiscarded="100824" />
  <ownableSynchronizers candidates="4524" cleared="4226" />
  <references type="soft" candidates="184" cleared="0" enqueued="0" dynamicThreshold="17" maxThreshold="32" />
  <references type="weak" candidates="112" cleared="112" enqueued="0" />
</gc-op>
<gc-end id="6137" type="scavenge" contextid="6133" durationms="104.559" usertimems="786.740" systemtimems="0.000" timestamp="2020-09-11T10:33:56.087" activeThreads="8">
  <mem-info id="6138" free="1259935184" total="2821586944" percent="44">
    <mem type="nursery" free="689645816" total="939524096" percent="73">
      <mem type="allocate" free="689645816" total="801177600" percent="86" />
      <mem type="survivor" free="0" total="138346496" percent="0" />
    </mem>
    <mem type="tenure" free="570289368" total="1882062848" percent="30" macro-fragmented="0">
      <mem type="soa" free="551468248" total="1863241728" percent="29" />
      <mem type="loa" free="18821120" total="18821120" percent="100" />
    </mem>
    <remembered-set count="27858" />
  </mem-info>
</gc-end>
<cycle-end id="6139" type="scavenge" contextid="6133" timestamp="2020-09-11T10:33:56.088" />
<allocation-satisfied id="6140" threadId="0000000000843D00" bytesRequested="24" />
<af-end id="6141" timestamp="2020-09-11T10:33:56.088" threadId="0000000000844680" success="true" from="nursery"/>
<exclusive-end id="6142" timestamp="2020-09-11T10:33:56.088" durationms="106.876" />

<exclusive-start id="6143" timestamp="2020-09-11T10:33:58.049" intervalms="2068.103">
  <response-info timems="7.814" idlems="7.814" threads="0" lastid="0000000000843D00" lastname="Group1.Backend.CompositeBackend{Tier1}.6" />
</exclusive-start>
<af-start id="6144" threadId="0000000000844680" totalBytesRequested="16" timestamp="2020-09-11T10:33:58.050" intervalms="2068.129" type="nursery" />
<cycle-start id="6145" type="scavenge" contextid="0" timestamp="2020-09-11T10:33:58.050" intervalms="2068.142" />
<gc-start id="6146" type="scavenge" contextid="6145" timestamp="2020-09-11T10:33:58.050">
  <mem-info id="6147" free="570289368" total="2821586944" percent="20">
    <mem type="nursery" free="0" total="939524096" percent="0">
      <mem type="allocate" free="0" total="801177600" percent="0" />
      <mem type="survivor" free="0" total="138346496" percent="0" />
    </mem>
    <mem type="tenure" free="570289368" total="1882062848" percent="30">
      <mem type="soa" free="551468248" total="1863241728" percent="29" />
      <mem type="loa" free="18821120" total="18821120" percent="100" />
    </mem>
    <remembered-set count="188503" />
  </mem-info>
</gc-start>
<allocation-stats totalBytes="689328968" >
  <allocated-bytes non-tlh="34719216" tlh="654609752" />
  <largest-consumer threadName="Group1.Backend.CompositeBackend{Tier1}.4" threadId="0000000000842600" bytes="86625984" />
</allocation-stats>
<gc-op id="6148" type="scavenge" timems="102.695" contextid="6145" timestamp="2020-09-11T10:33:58.153">
  <scavenger-info tenureage="3" tenuremask="7ff8" tiltratio="85" />
  <memory-copied type="nursery" objects="4007070" bytes="107614608" bytesdiscarded="364896" />
  <memory-copied type="tenure" objects="1079149" bytes="29008712" bytesdiscarded="118696" />
  <ownableSynchronizers candidates="4037" cleared="3754" />
  <references type="soft" candidates="176" cleared="0" enqueued="0" dynamicThreshold="17" maxThreshold="32" />
  <references type="weak" candidates="133" cleared="133" enqueued="0" />
</gc-op>
<gc-end id="6149" type="scavenge" contextid="6145" durationms="103.764" usertimems="782.688" systemtimems="0.000" timestamp="2020-09-11T10:33:58.154" activeThreads="8">
  <mem-info id="6150" free="1237122624" total="2821586944" percent="43">
    <mem type="nursery" free="695871480" total="939524096" percent="74">
      <mem type="allocate" free="695871480" total="803930112" percent="86" />
      <mem type="survivor" free="0" total="135593984" percent="0" />
    </mem>
    <mem type="tenure" free="541251144" total="1882062848" percent="28" macro-fragmented="0">
      <mem type="soa" free="522430024" total="1863241728" percent="28" />
      <mem type="loa" free="18821120" total="18821120" percent="100" />
    </mem>
    <remembered-set count="27967" />
  </mem-info>
</gc-end>
<cycle-end id="6151" type="scavenge" contextid="6145" timestamp="2020-09-11T10:33:58.155" />
<allocation-satisfied id="6152" threadId="0000000000843D00" bytesRequested="16" />
<af-end id="6153" timestamp="2020-09-11T10:33:58.155" threadId="0000000000844680" success="true" from="nursery"/>
<exclusive-end id="6154" timestamp="2020-09-11T10:33:58.155" durationms="106.480" />

<exclusive-start id="6155" timestamp="2020-09-11T10:34:00.101" intervalms="2051.795">
  <response-info timems="0.387" idlems="0.387" threads="0" lastid="0000000000842600" lastname="Group1.Backend.CompositeBackend{Tier1}.4" />
</exclusive-start>
<af-start id="6156" threadId="0000000000842F80" totalBytesRequested="16" timestamp="2020-09-11T10:34:00.101" intervalms="2051.651" type="nursery" />
<cycle-start id="6157" type="scavenge" contextid="0" timestamp="2020-09-11T10:34:00.102" intervalms="2051.634" />
<gc-start id="6158" type="scavenge" contextid="6157" timestamp="2020-09-11T10:34:00.102">
  <mem-info id="6159" free="541251144" total="2821586944" percent="19">
    <mem type="nursery" free="0" total="939524096" percent="0">
      <mem type="allocate" free="0" total="803930112" percent="0" />
      <mem type="survivor" free="0" total="135593984" percent="0" />
    </mem>
    <mem type="tenure" free="541251144" total="1882062848" percent="28">
      <mem type="soa" free="522430024" total="1863241728" percent="28" />
      <mem type="loa" free="18821120" total="18821120" percent="100" />
    </mem>
    <remembered-set count="190506" />
  </mem-info>
</gc-start>
<allocation-stats totalBytes="695554640" >
  <allocated-bytes non-tlh="36690456" tlh="658864184" />
  <largest-consumer threadName="Group1.Backend.CompositeBackend{Tier1}.4" threadId="0000000000842600" bytes="109687944" />
</allocation-stats>
<gc-op id="6160" type="scavenge" timems="98.011" contextid="6157" timestamp="2020-09-11T10:34:00.200">
  <scavenger-info tenureage="3" tenuremask="7ff8" tiltratio="85" />
  <memory-copied type="nursery" objects="4041473" bytes="108507352" bytesdiscarded="565136" />
  <memory-copied type="tenure" objects="1074083" bytes="28889704" bytesdiscarded="103264" />
  <ownableSynchronizers candidates="4577" cleared="4290" />
  <references type="soft" candidates="156" cleared="0" enqueued="0" dynamicThreshold="17" maxThreshold="32" />
  <references type="weak" candidates="109" cleared="108" enqueued="0" />
</gc-op>
<gc-end id="6161" type="scavenge" contextid="6157" durationms="99.074" usertimems="767.956" systemtimems="2.617" timestamp="2020-09-11T10:34:00.201" activeThreads="8">
  <mem-info id="6162" free="1209702680" total="2821586944" percent="42">
    <mem type="nursery" free="697395712" total="939524096" percent="74">
      <mem type="allocate" free="697395712" total="806551552" percent="86" />
      <mem type="survivor" free="0" total="132972544" percent="0" />
    </mem>
    <mem type="tenure" free="512306968" total="1882062848" percent="27" macro-fragmented="0">
      <mem type="soa" free="493485848" total="1863241728" percent="26" />
      <mem type="loa" free="18821120" total="18821120" percent="100" />
    </mem>
    <remembered-set count="28738" />
  </mem-info>
</gc-end>
<cycle-end id="6163" type="scavenge" contextid="6157" timestamp="2020-09-11T10:34:00.202" />
<allocation-satisfied id="6164" threadId="0000000000842600" bytesRequested="16" />
<af-end id="6165" timestamp="2020-09-11T10:34:00.202" threadId="0000000000842F80" success="true" from="nursery"/>
<exclusive-end id="6166" timestamp="2020-09-11T10:34:00.202" durationms="101.506" />

<exclusive-start id="6167" timestamp="2020-09-11T10:34:02.321" intervalms="2220.097">
  <response-info timems="0.673" idlems="0.673" threads="0" lastid="0000000000856800" lastname="Group1.Backend.CompositeBackend{Tier1}.3" />
</exclusive-start>
<af-start id="6168" threadId="0000000000857180" totalBytesRequested="664" timestamp="2020-09-11T10:34:02.322" intervalms="2220.156" type="nursery" />
<cycle-start id="6169" type="scavenge" contextid="0" timestamp="2020-09-11T10:34:02.322" intervalms="2220.189" />
<gc-start id="6170" type="scavenge" contextid="6169" timestamp="2020-09-11T10:34:02.322">
  <mem-info id="6171" free="512306968" total="2821586944" percent="18">
    <mem type="nursery" free="0" total="939524096" percent="0">
      <mem type="allocate" free="0" total="806551552" percent="0" />
      <mem type="survivor" free="0" total="132972544" percent="0" />
    </mem>
    <mem type="tenure" free="512306968" total="1882062848" percent="27">
      <mem type="soa" free="493485848" total="1863241728" percent="26" />
      <mem type="loa" free="18821120" total="18821120" percent="100" />
    </mem>
    <remembered-set count="196583" />
  </mem-info>
</gc-start>
<allocation-stats totalBytes="697059648" >
  <allocated-bytes non-tlh="25158408" tlh="671901240" />
  <largest-consumer threadName="Group1.Backend.CompositeBackend{Tier1}.5" threadId="0000000000843100" bytes="98525176" />
</allocation-stats>
<gc-op id="6172" type="scavenge" timems="107.739" contextid="6169" timestamp="2020-09-11T10:34:02.430">
  <scavenger-info tenureage="3" tenuremask="7ff8" tiltratio="85" />
  <memory-copied type="nursery" objects="4327845" bytes="115131192" bytesdiscarded="146920" />
  <memory-copied type="tenure" objects="1114244" bytes="29969784" bytesdiscarded="103552" />
  <ownableSynchronizers candidates="4096" cleared="3822" />
  <references type="soft" candidates="139" cleared="0" enqueued="0" dynamicThreshold="17" maxThreshold="32" />
  <references type="weak" candidates="103" cleared="103" enqueued="0" />
</gc-op>
<gc-end id="6173" type="scavenge" contextid="6169" durationms="108.700" usertimems="837.955" systemtimems="3.072" timestamp="2020-09-11T10:34:02.431" activeThreads="8">
  <mem-info id="6174" free="1170626544" total="2821586944" percent="41">
    <mem type="nursery" free="688428024" total="939524096" percent="73">
      <mem type="allocate" free="688428024" total="803799040" percent="85" />
      <mem type="survivor" free="0" total="135725056" percent="0" />
    </mem>
    <mem type="tenure" free="482198520" total="1882062848" percent="25" macro-fragmented="0">
      <mem type="soa" free="463377400" total="1863241728" percent="24" />
      <mem type="loa" free="18821120" total="18821120" percent="100" />
    </mem>
    <remembered-set count="30653" />
  </mem-info>
</gc-end>
<cycle-end id="6175" type="scavenge" contextid="6169" timestamp="2020-09-11T10:34:02.432" />
<allocation-satisfied id="6176" threadId="0000000000856800" bytesRequested="664" />
<af-end id="6177" timestamp="2020-09-11T10:34:02.432" threadId="0000000000857180" success="true" from="nursery"/>
<exclusive-end id="6178" timestamp="2020-09-11T10:34:02.432" durationms="110.916" />

<exclusive-start id="6179" timestamp="2020-09-11T10:34:04.357" intervalms="2036.242">
  <response-info timems="0.404" idlems="0.214" threads="1" lastid="0000000000854300" lastname="Group1.Backend.CompositeBackend{Tier1}.7" />
</exclusive-start>
<af-start id="6180" threadId="00000000007F7880" totalBytesRequested="40" timestamp="2020-09-11T10:34:04.358" intervalms="2036.121" type="nursery" />
<cycle-start id="6181" type="scavenge" contextid="0" timestamp="2020-09-11T10:34:04.358" intervalms="2036.084" />
<gc-start id="6182" type="scavenge" contextid="6181" timestamp="2020-09-11T10:34:04.358">
  <mem-info id="6183" free="482198520" total="2821586944" percent="17">
    <mem type="nursery" free="0" total="939524096" percent="0">
      <mem type="allocate" free="0" total="803799040" percent="0" />
      <mem type="survivor" free="0" total="135725056" percent="0" />
    </mem>
    <mem type="tenure" free="482198520" total="1882062848" percent="25">
      <mem type="soa" free="463377400" total="1863241728" percent="24" />
      <mem type="loa" free="18821120" total="18821120" percent="100" />
    </mem>
    <remembered-set count="193572" />
  </mem-info>
</gc-start>
<allocation-stats totalBytes="688115504" >
  <allocated-bytes non-tlh="34058936" tlh="654056568" />
  <largest-consumer threadName="Group1.Backend.CompositeBackend{Tier1}.7" threadId="0000000000854300" bytes="93110312" />
</allocation-stats>
<gc-op id="6184" type="scavenge" timems="111.368" contextid="6181" timestamp="2020-09-11T10:34:04.470">
  <scavenger-info tenureage="3" tenuremask="7ff8" tiltratio="85" />
  <memory-copied type="nursery" objects="4145208" bytes="111182456" bytesdiscarded="495976" />
  <memory-copied type="tenure" objects="1066605" bytes="28686408" bytesdiscarded="109664" />
  <ownableSynchronizers candidates="4630" cleared="4358" />
  <references type="soft" candidates="143" cleared="0" enqueued="0" dynamicThreshold="17" maxThreshold="32" />
  <references type="weak" candidates="128" cleared="127" enqueued="0" />
</gc-op>
<gc-end id="6185" type="scavenge" contextid="6181" durationms="112.352" usertimems="809.488" systemtimems="5.728" timestamp="2020-09-11T10:34:04.470" activeThreads="8">
  <mem-info id="6186" free="1146767992" total="2821586944" percent="40">
    <mem type="nursery" free="693407488" total="939524096" percent="73">
      <mem type="allocate" free="693407488" total="805175296" percent="86" />
      <mem type="survivor" free="0" total="134348800" percent="0" />
    </mem>
    <mem type="tenure" free="453360504" total="1882062848" percent="24" macro-fragmented="0">
      <mem type="soa" free="434539384" total="1863241728" percent="23" />
      <mem type="loa" free="18821120" total="18821120" percent="100" />
    </mem>
    <remembered-set count="32263" />
  </mem-info>
</gc-end>
<cycle-end id="6187" type="scavenge" contextid="6181" timestamp="2020-09-11T10:34:04.472" />
<allocation-satisfied id="6188" threadId="00000000007F6F00" bytesRequested="40" />
<af-end id="6189" timestamp="2020-09-11T10:34:04.472" threadId="00000000007F7880" success="true" from="nursery"/>
<exclusive-end id="6190" timestamp="2020-09-11T10:34:04.472" durationms="114.653" />

<exclusive-start id="6191" timestamp="2020-09-11T10:34:06.469" intervalms="2111.560">
  <response-info timems="0.522" idlems="0.522" threads="0" lastid="0000000000843D00" lastname="Group1.Backend.CompositeBackend{Tier1}.6" />
</exclusive-start>
<af-start id="6192" threadId="0000000000844680" totalBytesRequested="24" timestamp="2020-09-11T10:34:06.469" intervalms="2111.669" type="nursery" />
<cycle-start id="6193" type="scavenge" contextid="0" timestamp="2020-09-11T10:34:06.470" intervalms="2111.664" />
<gc-start id="6194" type="scavenge" contextid="6193" timestamp="2020-09-11T10:34:06.470">
  <mem-info id="6195" free="453360504" total="2821586944" percent="16">
    <mem type="nursery" free="0" total="939524096" percent="0">
      <mem type="allocate" free="0" total="805175296" percent="0" />
      <mem type="survivor" free="0" total="134348800" percent="0" />
    </mem>
    <mem type="tenure" free="453360504" total="1882062848" percent="24">
      <mem type="soa" free="434539384" total="1863241728" percent="23" />
      <mem type="loa" free="18821120" total="18821120" percent="100" />
    </mem>
    <remembered-set count="193773" />
  </mem-info>
</gc-start>
<allocation-stats totalBytes="693088864" >
  <allocated-bytes non-tlh="33343472" tlh="659745392" />
  <largest-consumer threadName="Group1.Backend.CompositeBackend{Tier1}.5" threadId="0000000000843100" bytes="90858632" />
</allocation-stats>
<gc-op id="6196" type="scavenge" timems="123.440" contextid="6193" timestamp="2020-09-11T10:34:06.593">
  <scavenger-info tenureage="3" tenuremask="7ff8" tiltratio="85" />
  <memory-copied type="nursery" objects="4139381" bytes="111112984" bytesdiscarded="197024" />
  <memory-copied type="tenure" objects="1093151" bytes="29366736" bytesdiscarded="114776" />
  <ownableSynchronizers candidates="4090" cleared="3820" />
  <references type="soft" candidates="155" cleared="0" enqueued="0" dynamicThreshold="17" maxThreshold="32" />
  <references type="weak" candidates="114" cleared="113" enqueued="0" />
</gc-op>
<gc-end id="6197" type="scavenge" contextid="6193" durationms="124.507" usertimems="876.907" systemtimems="18.746" timestamp="2020-09-11T10:34:06.594" activeThreads="8">
  <mem-info id="6198" free="1119649560" total="2821586944" percent="39">
    <mem type="nursery" free="695749088" total="939524096" percent="74">
      <mem type="allocate" free="695749088" total="807141376" percent="86" />
      <mem type="survivor" free="0" total="132382720" percent="0" />
    </mem>
    <mem type="tenure" free="423900472" total="1882062848" percent="22" macro-fragmented="0">
      <mem type="soa" free="405079352" total="1863241728" percent="21" />
      <mem type="loa" free="18821120" total="18821120" percent="100" />
    </mem>
    <remembered-set count="30215" />
  </mem-info>
</gc-end>
<cycle-end id="6199" type="scavenge" contextid="6193" timestamp="2020-09-11T10:34:06.596" />
<allocation-satisfied id="6200" threadId="0000000000843D00" bytesRequested="24" />
<af-end id="6201" timestamp="2020-09-11T10:34:06.596" threadId="0000000000844680" success="true" from="nursery"/>
<exclusive-end id="6202" timestamp="2020-09-11T10:34:06.596" durationms="126.972" />

<exclusive-start id="6203" timestamp="2020-09-11T10:34:08.586" intervalms="2117.309">
  <response-info timems="2.507" idlems="2.507" threads="0" lastid="0000000000856800" lastname="Group1.Backend.CompositeBackend{Tier1}.3" />
</exclusive-start>
<af-start id="6204" threadId="0000000000857180" totalBytesRequested="16" timestamp="2020-09-11T10:34:08.587" intervalms="2117.330" type="nursery" />
<cycle-start id="6205" type="scavenge" contextid="0" timestamp="2020-09-11T10:34:08.587" intervalms="2117.340" />
<gc-start id="6206" type="scavenge" contextid="6205" timestamp="2020-09-11T10:34:08.587">
  <mem-info id="6207" free="423900472" total="2821586944" percent="15">
    <mem type="nursery" free="0" total="939524096" percent="0">
      <mem type="allocate" free="0" total="807141376" percent="0" />
      <mem type="survivor" free="0" total="132382720" percent="0" />
    </mem>
    <mem type="tenure" free="423900472" total="1882062848" percent="22">
      <mem type="soa" free="405079352" total="1863241728" percent="21" />
      <mem type="loa" free="18821120" total="18821120" percent="100" />
    </mem>
    <remembered-set count="193325" />
  </mem-info>
</gc-start>
<allocation-stats totalBytes="695416464" >
  <allocated-bytes non-tlh="30892120" tlh="664524344" />
  <largest-consumer threadName="Group1.Backend.CompositeBackend{Tier1}.1" threadId="0000000000785E00" bytes="106080168" />
</allocation-stats>
<gc-op id="6208" type="scavenge" timems="141.563" contextid="6205" timestamp="2020-09-11T10:34:08.729">
  <scavenger-info tenureage="3" tenuremask="7ff8" tiltratio="85" />
  <memory-copied type="nursery" objects="4313974" bytes="114690624" bytesdiscarded="340976" />
  <memory-copied type="tenure" objects="1156305" bytes="31070848" bytesdiscarded="134832" />
  <ownableSynchronizers candidates="4637" cleared="4360" />
  <references type="soft" candidates="166" cleared="0" enqueued="0" dynamicThreshold="17" maxThreshold="32" />
  <references type="weak" candidates="118" cleared="118" enqueued="0" />
</gc-op>
<gc-end id="6209" type="scavenge" contextid="6205" durationms="142.675" usertimems="1049.325" systemtimems="26.921" timestamp="2020-09-11T10:34:08.730" activeThreads="8">
  <mem-info id="6210" free="1084650072" total="2821586944" percent="38">
    <mem type="nursery" free="691962056" total="939524096" percent="73">
      <mem type="allocate" free="691962056" total="807075840" percent="85" />
      <mem type="survivor" free="0" total="132448256" percent="0" />
    </mem>
    <mem type="tenure" free="392688016" total="1882062848" percent="20" macro-fragmented="0">
      <mem type="soa" free="373866896" total="1863241728" percent="20" />
      <mem type="loa" free="18821120" total="18821120" percent="100" />
    </mem>
    <remembered-set count="28922" />
  </mem-info>
</gc-end>
<cycle-end id="6211" type="scavenge" contextid="6205" timestamp="2020-09-11T10:34:08.731" />
<allocation-satisfied id="6212" threadId="0000000000856800" bytesRequested="16" />
<af-end id="6213" timestamp="2020-09-11T10:34:08.731" threadId="0000000000857180" success="true" from="nursery"/>
<exclusive-end id="6214" timestamp="2020-09-11T10:34:08.731" durationms="145.080" />

<exclusive-start id="6215" timestamp="2020-09-11T10:34:10.643" intervalms="2056.730">
  <response-info timems="6.922" idlems="6.922" threads="0" lastid="00000000007F6F00" lastname="Group1.Backend.CompositeBackend{Tier1}.2" />
</exclusive-start>
<af-start id="6216" threadId="00000000007F7880" totalBytesRequested="16" timestamp="2020-09-11T10:34:10.644" intervalms="2056.947" type="nursery" />
<cycle-start id="6217" type="scavenge" contextid="0" timestamp="2020-09-11T10:34:10.644" intervalms="2057.113" />
<gc-start id="6218" type="scavenge" contextid="6217" timestamp="2020-09-11T10:34:10.644">
  <mem-info id="6219" free="392688016" total="2821586944" percent="13">
    <mem type="nursery" free="0" total="939524096" percent="0">
      <mem type="allocate" free="0" total="807075840" percent="0" />
      <mem type="survivor" free="0" total="132448256" percent="0" />
    </mem>
    <mem type="tenure" free="392688016" total="1882062848" percent="20">
      <mem type="soa" free="373866896" total="1863241728" percent="20" />
      <mem type="loa" free="18821120" total="18821120" percent="100" />
    </mem>
    <remembered-set count="189704" />
  </mem-info>
</gc-start>
<allocation-stats totalBytes="691650832" >
  <allocated-bytes non-tlh="37108808" tlh="654542024" />
  <largest-consumer threadName="Group1.Backend.CompositeBackend{Tier1}.1" threadId="0000000000785E00" bytes="110998216" />
</allocation-stats>
<gc-op id="6220" type="scavenge" timems="126.970" contextid="6217" timestamp="2020-09-11T10:34:10.771">
  <scavenger-info tenureage="3" tenuremask="7ff8" tiltratio="85" />
  <memory-copied type="nursery" objects="4283155" bytes="114188376" bytesdiscarded="329848" />
  <memory-copied type="tenure" objects="1071032" bytes="28785256" bytesdiscarded="114640" />
  <ownableSynchronizers candidates="3765" cleared="3489" />
  <references type="soft" candidates="168" cleared="0" enqueued="0" dynamicThreshold="17" maxThreshold="32" />
  <references type="weak" candidates="117" cleared="117" enqueued="0" />
</gc-op>
<gc-end id="6221" type="scavenge" contextid="6217" durationms="128.434" usertimems="936.163" systemtimems="7.323" timestamp="2020-09-11T10:34:10.773" activeThreads="8">
  <mem-info id="6222" free="1057033120" total="2821586944" percent="37">
    <mem type="nursery" free="693261840" total="939524096" percent="73">
      <mem type="allocate" free="693261840" total="807862272" percent="85" />
      <mem type="survivor" free="0" total="131661824" percent="0" />
    </mem>
    <mem type="tenure" free="363771280" total="1882062848" percent="19" macro-fragmented="0">
      <mem type="soa" free="344950160" total="1863241728" percent="18" />
      <mem type="loa" free="18821120" total="18821120" percent="100" />
    </mem>
    <remembered-set count="27517" />
  </mem-info>
</gc-end>
<cycle-end id="6223" type="scavenge" contextid="6217" timestamp="2020-09-11T10:34:10.775" />
<allocation-satisfied id="6224" threadId="00000000007F6F00" bytesRequested="16" />
<af-end id="6225" timestamp="2020-09-11T10:34:10.775" threadId="00000000007F7880" success="true" from="nursery"/>
<exclusive-end id="6226" timestamp="2020-09-11T10:34:10.775" durationms="131.982" />

<exclusive-start id="6227" timestamp="2020-09-11T10:34:12.708" intervalms="2065.306">
  <response-info timems="0.415" idlems="0.220" threads="1" lastid="0000000000843100" lastname="Group1.Backend.CompositeBackend{Tier1}.5" />
</exclusive-start>
<af-start id="6228" threadId="0000000000838280" totalBytesRequested="80" timestamp="2020-09-11T10:34:12.709" intervalms="2064.990" type="nursery" />
<cycle-start id="6229" type="scavenge" contextid="0" timestamp="2020-09-11T10:34:12.709" intervalms="2064.814" />
<gc-start id="6230" type="scavenge" contextid="6229" timestamp="2020-09-11T10:34:12.709">
  <mem-info id="6231" free="363771280" total="2821586944" percent="12">
    <mem type="nursery" free="0" total="939524096" percent="0">
      <mem type="allocate" free="0" total="807862272" percent="0" />
      <mem type="survivor" free="0" total="131661824" percent="0" />
    </mem>
    <mem type="tenure" free="363771280" total="1882062848" percent="19">
      <mem type="soa" free="344950160" total="1863241728" percent="18" />
      <mem type="loa" free="18821120" total="18821120" percent="100" />
    </mem>
    <remembered-set count="191370" />
  </mem-info>
</gc-start>
<allocation-stats totalBytes="692933056" >
  <allocated-bytes non-tlh="32497480" tlh="660435576" />
  <largest-consumer threadName="Group1.Backend.CompositeBackend{Tier1}.2" threadId="00000000007F6F00" bytes="102078448" />
</allocation-stats>
<gc-op id="6232" type="scavenge" timems="130.272" contextid="6229" timestamp="2020-09-11T10:34:12.839">
  <scavenger-info tenureage="3" tenuremask="7ff8" tiltratio="85" />
  <memory-copied type="nursery" objects="4931265" bytes="130005312" bytesdiscarded="224600" />
  <memory-copied type="tenure" objects="1084546" bytes="29307152" bytesdiscarded="148024" />
  <ownableSynchronizers candidates="3636" cleared="3360" />
  <references type="soft" candidates="210" cleared="0" enqueued="0" dynamicThreshold="17" maxThreshold="32" />
  <references type="weak" candidates="109" cleared="109" enqueued="0" />
</gc-op>
<gc-end id="6233" type="scavenge" contextid="6229" durationms="131.491" usertimems="1022.691" systemtimems="0.000" timestamp="2020-09-11T10:34:12.840" activeThreads="8">
  <mem-info id="6234" free="986511944" total="2821586944" percent="34">
    <mem type="nursery" free="652184400" total="939524096" percent="69">
      <mem type="allocate" free="652184400" total="782499840" percent="83" />
      <mem type="survivor" free="0" total="157024256" percent="0" />
    </mem>
    <mem type="tenure" free="334327544" total="1882062848" percent="17" macro-fragmented="0">
      <mem type="soa" free="315506424" total="1863241728" percent="16" />
      <mem type="loa" free="18821120" total="18821120" percent="100" />
    </mem>
    <remembered-set count="29880" />
  </mem-info>
</gc-end>
<cycle-end id="6235" type="scavenge" contextid="6229" timestamp="2020-09-11T10:34:12.842" />
<allocation-satisfied id="6236" threadId="0000000000837900" bytesRequested="80" />
<af-end id="6237" timestamp="2020-09-11T10:34:12.842" threadId="0000000000838280" success="true" from="nursery"/>
<exclusive-end id="6238" timestamp="2020-09-11T10:34:12.842" durationms="133.935" />

<exclusive-start id="6239" timestamp="2020-09-11T10:34:14.760" intervalms="2052.393">
  <response-info timems="1.120" idlems="1.120" threads="0" lastid="0000000000837900" lastname="Group1.Backend.CompositeBackend{Tier1}.8" />
</exclusive-start>
<af-start id="6240" threadId="0000000000838280" totalBytesRequested="120" timestamp="2020-09-11T10:34:14.761" intervalms="2052.680" type="nursery" />
<cycle-start id="6241" type="scavenge" contextid="0" timestamp="2020-09-11T10:34:14.762" intervalms="2052.702" />
<gc-start id="6242" type="scavenge" contextid="6241" timestamp="2020-09-11T10:34:14.762">
  <mem-info id="6243" free="334327544" total="2821586944" percent="11">
    <mem type="nursery" free="0" total="939524096" percent="0">
      <mem type="allocate" free="0" total="782499840" percent="0" />
      <mem type="survivor" free="0" total="157024256" percent="0" />
    </mem>
    <mem type="tenure" free="334327544" total="1882062848" percent="17">
      <mem type="soa" free="315506424" total="1863241728" percent="16" />
      <mem type="loa" free="18821120" total="18821120" percent="100" />
    </mem>
    <remembered-set count="191181" />
  </mem-info>
</gc-start>
<allocation-stats totalBytes="651877584" >
  <allocated-bytes non-tlh="29464176" tlh="622413408" />
  <largest-consumer threadName="Group1.Backend.CompositeBackend{Tier1}.2" threadId="00000000007F6F00" bytes="118313120" />
</allocation-stats>
<gc-op id="6244" type="scavenge" timems="164.073" contextid="6241" timestamp="2020-09-11T10:34:14.926">
  <scavenger-info tenureage="3" tenuremask="7ff8" tiltratio="83" />
  <memory-copied type="nursery" objects="4064606" bytes="108915736" bytesdiscarded="229096" />
  <memory-copied type="tenure" objects="1102504" bytes="29647720" bytesdiscarded="121384" />
  <ownableSynchronizers candidates="3555" cleared="3285" />
  <references type="soft" candidates="201" cleared="0" enqueued="0" dynamicThreshold="17" maxThreshold="32" />
  <references type="weak" candidates="113" cleared="113" enqueued="0" />
</gc-op>
<gc-end id="6245" type="scavenge" contextid="6241" durationms="165.671" usertimems="1133.714" systemtimems="23.808" timestamp="2020-09-11T10:34:14.927" activeThreads="8">
  <mem-info id="6246" free="980130984" total="2821586944" percent="34">
    <mem type="nursery" free="675565568" total="939524096" percent="71">
      <mem type="allocate" free="675565568" total="784793600" percent="86" />
      <mem type="survivor" free="0" total="154730496" percent="0" />
    </mem>
    <mem type="tenure" free="304565416" total="1882062848" percent="16" macro-fragmented="0">
      <mem type="soa" free="285744296" total="1863241728" percent="15" />
      <mem type="loa" free="18821120" total="18821120" percent="100" />
    </mem>
    <remembered-set count="31241" />
  </mem-info>
</gc-end>
<cycle-end id="6247" type="scavenge" contextid="6241" timestamp="2020-09-11T10:34:14.929" />
<allocation-satisfied id="6248" threadId="0000000000837900" bytesRequested="120" />
<af-end id="6249" timestamp="2020-09-11T10:34:14.929" threadId="0000000000838280" success="true" from="nursery"/>
<exclusive-end id="6250" timestamp="2020-09-11T10:34:14.929" durationms="169.053" />

<exclusive-start id="6251" timestamp="2020-09-11T10:34:16.796" intervalms="2036.006">
  <response-info timems="0.974" idlems="0.974" threads="0" lastid="0000000000843100" lastname="Group1.Backend.CompositeBackend{Tier1}.5" />
</exclusive-start>
<af-start id="6252" threadId="0000000000843A80" totalBytesRequested="262152" timestamp="2020-09-11T10:34:16.797" intervalms="2035.752" type="nursery" />
<cycle-start id="6253" type="scavenge" contextid="0" timestamp="2020-09-11T10:34:16.797" intervalms="2035.740" />
<gc-start id="6254" type="scavenge" contextid="6253" timestamp="2020-09-11T10:34:16.798">
  <mem-info id="6255" free="304690928" total="2821586944" percent="10">
    <mem type="nursery" free="125512" total="939524096" percent="0">
      <mem type="allocate" free="125512" total="784793600" percent="0" />
      <mem type="survivor" free="0" total="154730496" percent="0" />
    </mem>
    <mem type="tenure" free="304565416" total="1882062848" percent="16">
      <mem type="soa" free="285744296" total="1863241728" percent="15" />
      <mem type="loa" free="18821120" total="18821120" percent="100" />
    </mem>
    <remembered-set count="192426" />
  </mem-info>
</gc-start>
<allocation-stats totalBytes="675109216" >
  <allocated-bytes non-tlh="31294904" tlh="643814312" />
  <largest-consumer threadName="Group1.Backend.CompositeBackend{Tier1}.5" threadId="0000000000843100" bytes="134567128" />
</allocation-stats>
<gc-op id="6256" type="scavenge" timems="137.134" contextid="6253" timestamp="2020-09-11T10:34:16.935">
  <scavenger-info tenureage="3" tenuremask="7ff8" tiltratio="83" />
  <memory-copied type="nursery" objects="4307601" bytes="114206496" bytesdiscarded="243024" />
  <memory-copied type="tenure" objects="1082261" bytes="29117344" bytesdiscarded="132568" />
  <ownableSynchronizers candidates="3737" cleared="3486" />
  <references type="soft" candidates="193" cleared="0" enqueued="0" dynamicThreshold="17" maxThreshold="32" />
  <references type="weak" candidates="103" cleared="103" enqueued="0" />
</gc-op>
<gc-end id="6257" type="scavenge" contextid="6253" durationms="138.629" usertimems="1060.831" systemtimems="5.871" timestamp="2020-09-11T10:34:16.936" activeThreads="8">
  <mem-info id="6258" free="949787504" total="2821586944" percent="33">
    <mem type="nursery" free="674452472" total="939524096" percent="71">
      <mem type="allocate" free="674452472" total="788987904" percent="85" />
      <mem type="survivor" free="0" total="150536192" percent="0" />
    </mem>
    <mem type="tenure" free="275335032" total="1882062848" percent="14" macro-fragmented="0">
      <mem type="soa" free="256513912" total="1863241728" percent="13" />
      <mem type="loa" free="18821120" total="18821120" percent="100" />
    </mem>
    <remembered-set count="31753" />
  </mem-info>
</gc-end>
<cycle-end id="6259" type="scavenge" contextid="6253" timestamp="2020-09-11T10:34:16.938" />
<allocation-satisfied id="6260" threadId="0000000000843100" bytesRequested="262152" />
<af-end id="6261" timestamp="2020-09-11T10:34:16.938" threadId="0000000000843A80" success="true" from="nursery"/>
<exclusive-end id="6262" timestamp="2020-09-11T10:34:16.938" durationms="141.230" />

<exclusive-start id="6263" timestamp="2020-09-11T10:34:18.737" intervalms="1941.016">
  <response-info timems="0.729" idlems="0.729" threads="0" lastid="0000000000837900" lastname="Group1.Backend.CompositeBackend{Tier1}.8" />
</exclusive-start>
<af-start id="6264" threadId="0000000000838280" totalBytesRequested="32" timestamp="2020-09-11T10:34:18.738" intervalms="1941.168" type="nursery" />
<cycle-start id="6265" type="scavenge" contextid="0" timestamp="2020-09-11T10:34:18.739" intervalms="1941.268" />
<gc-start id="6266" type="scavenge" contextid="6265" timestamp="2020-09-11T10:34:18.739">
  <mem-info id="6267" free="275335032" total="2821586944" percent="9">
    <mem type="nursery" free="0" total="939524096" percent="0">
      <mem type="allocate" free="0" total="788987904" percent="0" />
      <mem type="survivor" free="0" total="150536192" percent="0" />
    </mem>
    <mem type="tenure" free="275335032" total="1882062848" percent="14">
      <mem type="soa" free="256513912" total="1863241728" percent="13" />
      <mem type="loa" free="18821120" total="18821120" percent="100" />
    </mem>
    <remembered-set count="189682" />
  </mem-info>
</gc-start>
<allocation-stats totalBytes="674145328" >
  <allocated-bytes non-tlh="35753416" tlh="638391912" />
  <largest-consumer threadName="Group1.Backend.CompositeBackend{Tier1}.5" threadId="0000000000843100" bytes="91307296" />
</allocation-stats>
<gc-op id="6268" type="scavenge" timems="113.513" contextid="6265" timestamp="2020-09-11T10:34:18.853">
  <scavenger-info tenureage="3" tenuremask="7ff8" tiltratio="83" />
  <memory-copied type="nursery" objects="4420135" bytes="116898744" bytesdiscarded="257096" />
  <memory-copied type="tenure" objects="1102402" bytes="29609152" bytesdiscarded="147296" />
  <ownableSynchronizers candidates="3863" cleared="3619" />
  <references type="soft" candidates="161" cleared="0" enqueued="0" dynamicThreshold="17" maxThreshold="32" />
  <references type="weak" candidates="129" cleared="127" enqueued="0" />
</gc-op>
<gc-end id="6269" type="scavenge" contextid="6265" durationms="114.729" usertimems="898.546" systemtimems="0.000" timestamp="2020-09-11T10:34:18.853" activeThreads="8">
  <mem-info id="6270" free="920551832" total="2821586944" percent="32">
    <mem type="nursery" free="675027592" total="939524096" percent="71">
      <mem type="allocate" free="675027592" total="792264704" percent="85" />
      <mem type="survivor" free="0" total="147259392" percent="0" />
    </mem>
    <mem type="tenure" free="245524240" total="1882062848" percent="13" macro-fragmented="0">
      <mem type="soa" free="226703120" total="1863241728" percent="12" />
      <mem type="loa" free="18821120" total="18821120" percent="100" />
    </mem>
    <remembered-set count="29071" />
  </mem-info>
</gc-end>
<cycle-end id="6271" type="scavenge" contextid="6265" timestamp="2020-09-11T10:34:18.855" />
<allocation-satisfied id="6272" threadId="0000000000837900" bytesRequested="32" />
<af-end id="6273" timestamp="2020-09-11T10:34:18.855" threadId="0000000000838280" success="true" from="nursery"/>
<exclusive-end id="6274" timestamp="2020-09-11T10:34:18.855" durationms="117.474" />

<exclusive-start id="6275" timestamp="2020-09-11T10:34:20.850" intervalms="2112.258">
  <response-info timems="0.815" idlems="0.815" threads="0" lastid="00000000007F6F00" lastname="Group1.Backend.CompositeBackend{Tier1}.2" />
</exclusive-start>
<af-start id="6276" threadId="00000000007F7880" totalBytesRequested="72" timestamp="2020-09-11T10:34:20.850" intervalms="2112.076" type="nursery" />
<cycle-start id="6277" type="scavenge" contextid="0" timestamp="2020-09-11T10:34:20.851" intervalms="2111.991" />
<gc-start id="6278" type="scavenge" contextid="6277" timestamp="2020-09-11T10:34:20.851">
  <mem-info id="6279" free="245524240" total="2821586944" percent="8">
    <mem type="nursery" free="0" total="939524096" percent="0">
      <mem type="allocate" free="0" total="792264704" percent="0" />
      <mem type="survivor" free="0" total="147259392" percent="0" />
    </mem>
    <mem type="tenure" free="245524240" total="1882062848" percent="13">
      <mem type="soa" free="226703120" total="1863241728" percent="12" />
      <mem type="loa" free="18821120" total="18821120" percent="100" />
    </mem>
    <remembered-set count="192029" />
  </mem-info>
</gc-start>
<allocation-stats totalBytes="674711760" >
  <allocated-bytes non-tlh="29365944" tlh="645345816" />
  <largest-consumer threadName="Group1.Backend.CompositeBackend{Tier1}.2" threadId="00000000007F6F00" bytes="121996448" />
</allocation-stats>
<gc-op id="6280" type="scavenge" timems="120.099" contextid="6277" timestamp="2020-09-11T10:34:20.971">
  <scavenger-info tenureage="3" tenuremask="7ff8" tiltratio="84" />
  <memory-copied type="nursery" objects="4224982" bytes="112407760" bytesdiscarded="161328" />
  <memory-copied type="tenure" objects="1065200" bytes="28614104" bytesdiscarded="146600" />
  <ownableSynchronizers candidates="3820" cleared="3587" />
  <references type="soft" candidates="161" cleared="0" enqueued="0" dynamicThreshold="17" maxThreshold="32" />
  <references type="weak" candidates="123" cleared="123" enqueued="0" />
</gc-op>
<gc-end id="6281" type="scavenge" contextid="6277" durationms="121.177" usertimems="886.434" systemtimems="9.211" timestamp="2020-09-11T10:34:20.972" activeThreads="8">
  <mem-info id="6282" free="899684984" total="2821586944" percent="31">
    <mem type="nursery" free="682883832" total="939524096" percent="72">
      <mem type="allocate" free="682883832" total="795541504" percent="85" />
      <mem type="survivor" free="0" total="143982592" percent="0" />
    </mem>
    <mem type="tenure" free="216801152" total="1882062848" percent="11" macro-fragmented="0">
      <mem type="soa" free="197980032" total="1863241728" percent="10" />
      <mem type="loa" free="18821120" total="18821120" percent="100" />
    </mem>
    <remembered-set count="28264" />
  </mem-info>
</gc-end>
<cycle-end id="6283" type="scavenge" contextid="6277" timestamp="2020-09-11T10:34:20.973" />
<allocation-satisfied id="6284" threadId="00000000007F6F00" bytesRequested="72" />
<af-end id="6285" timestamp="2020-09-11T10:34:20.973" threadId="00000000007F7880" success="true" from="nursery"/>
<exclusive-end id="6286" timestamp="2020-09-11T10:34:20.973" durationms="123.379" />

<exclusive-start id="6287" timestamp="2020-09-11T10:34:22.917" intervalms="2067.738">
  <response-info timems="2.785" idlems="2.785" threads="0" lastid="00000000007F6F00" lastname="Group1.Backend.CompositeBackend{Tier1}.2" />
</exclusive-start>
<af-start id="6288" threadId="00000000007F7880" totalBytesRequested="24" timestamp="2020-09-11T10:34:22.918" intervalms="2067.692" type="nursery" />
<cycle-start id="6289" type="scavenge" contextid="0" timestamp="2020-09-11T10:34:22.918" intervalms="2067.675" />
<gc-start id="6290" type="scavenge" contextid="6289" timestamp="2020-09-11T10:34:22.919">
  <mem-info id="6291" free="216801152" total="2821586944" percent="7">
    <mem type="nursery" free="0" total="939524096" percent="0">
      <mem type="allocate" free="0" total="795541504" percent="0" />
      <mem type="survivor" free="0" total="143982592" percent="0" />
    </mem>
    <mem type="tenure" free="216801152" total="1882062848" percent="11">
      <mem type="soa" free="197980032" total="1863241728" percent="10" />
      <mem type="loa" free="18821120" total="18821120" percent="100" />
    </mem>
    <remembered-set count="190417" />
  </mem-info>
</gc-start>
<allocation-stats totalBytes="682562504" >
  <allocated-bytes non-tlh="31415336" tlh="651147168" />
  <largest-consumer threadName="Group1.Backend.CompositeBackend{Tier1}.2" threadId="00000000007F6F00" bytes="128152528" />
</allocation-stats>
<gc-op id="6292" type="scavenge" timems="123.137" contextid="6289" timestamp="2020-09-11T10:34:23.042">
  <scavenger-info tenureage="3" tenuremask="7ff8" tiltratio="84" />
  <memory-copied type="nursery" objects="4231126" bytes="112716824" bytesdiscarded="202544" />
  <memory-copied type="tenure" objects="1076707" bytes="28953448" bytesdiscarded="164272" />
  <ownableSynchronizers candidates="4501" cleared="4256" />
  <references type="soft" candidates="173" cleared="0" enqueued="0" dynamicThreshold="17" maxThreshold="32" />
  <references type="weak" candidates="122" cleared="122" enqueued="0" />
</gc-op>
<gc-end id="6293" type="scavenge" contextid="6289" durationms="124.017" usertimems="923.550" systemtimems="11.357" timestamp="2020-09-11T10:34:23.042" activeThreads="8">
  <mem-info id="6294" free="873638936" total="2821586944" percent="30">
    <mem type="nursery" free="686006264" total="939524096" percent="73">
      <mem type="allocate" free="686006264" total="799014912" percent="85" />
      <mem type="survivor" free="0" total="140509184" percent="0" />
    </mem>
    <mem type="tenure" free="187632672" total="1882062848" percent="9" macro-fragmented="0">
      <mem type="soa" free="168811552" total="1863241728" percent="9" />
      <mem type="loa" free="18821120" total="18821120" percent="100" />
    </mem>
    <remembered-set count="28800" />
  </mem-info>
</gc-end>
<cycle-end id="6295" type="scavenge" contextid="6289" timestamp="2020-09-11T10:34:23.044" />
<allocation-satisfied id="6296" threadId="00000000007F6F00" bytesRequested="24" />
<af-end id="6297" timestamp="2020-09-11T10:34:23.044" threadId="00000000007F7880" success="true" from="nursery"/>
<exclusive-end id="6298" timestamp="2020-09-11T10:34:23.044" durationms="126.313" />

<exclusive-start id="6299" timestamp="2020-09-11T10:34:25.006" intervalms="2088.516">
  <response-info timems="0.415" idlems="0.415" threads="0" lastid="00000000007F6F00" lastname="Group1.Backend.CompositeBackend{Tier1}.2" />
</exclusive-start>
<af-start id="6300" threadId="00000000007F7880" totalBytesRequested="1544" timestamp="2020-09-11T10:34:25.007" intervalms="2088.571" type="nursery" />
<cycle-start id="6301" type="scavenge" contextid="0" timestamp="2020-09-11T10:34:25.007" intervalms="2088.562" />
<gc-start id="6302" type="scavenge" contextid="6301" timestamp="2020-09-11T10:34:25.007">
  <mem-info id="6303" free="187632672" total="2821586944" percent="6">
    <mem type="nursery" free="0" total="939524096" percent="0">
      <mem type="allocate" free="0" total="799014912" percent="0" />
      <mem type="survivor" free="0" total="140509184" percent="0" />
    </mem>
    <mem type="tenure" free="187632672" total="1882062848" percent="9">
      <mem type="soa" free="168811552" total="1863241728" percent="9" />
      <mem type="loa" free="18821120" total="18821120" percent="100" />
    </mem>
    <remembered-set count="191382" />
  </mem-info>
</gc-start>
<allocation-stats totalBytes="685677384" >
  <allocated-bytes non-tlh="30504800" tlh="655172584" />
  <largest-consumer threadName="Group1.Backend.CompositeBackend{Tier1}.2" threadId="00000000007F6F00" bytes="111516000" />
</allocation-stats>
<gc-op id="6304" type="scavenge" timems="96.151" contextid="6301" timestamp="2020-09-11T10:34:25.103">
  <scavenger-info tenureage="3" tenuremask="7ff8" tiltratio="85" />
  <memory-copied type="nursery" objects="4031461" bytes="108270064" bytesdiscarded="457416" />
  <memory-copied type="tenure" objects="1036064" bytes="27865464" bytesdiscarded="121912" />
  <ownableSynchronizers candidates="4145" cleared="3890" />
  <references type="soft" candidates="166" cleared="0" enqueued="0" dynamicThreshold="17" maxThreshold="32" />
  <references type="weak" candidates="118" cleared="118" enqueued="0" />
</gc-op>
<gc-end id="6305" type="scavenge" contextid="6301" durationms="97.113" usertimems="762.991" systemtimems="0.000" timestamp="2020-09-11T10:34:25.104" activeThreads="8">
  <mem-info id="6306" free="852686312" total="2821586944" percent="30">
    <mem type="nursery" free="693024256" total="939524096" percent="73">
      <mem type="allocate" free="693024256" total="801832960" percent="86" />
      <mem type="survivor" free="0" total="137691136" percent="0" />
    </mem>
    <mem type="tenure" free="159662056" total="1882062848" percent="8" macro-fragmented="0">
      <mem type="soa" free="140840936" total="1863241728" percent="7" />
      <mem type="loa" free="18821120" total="18821120" percent="100" />
    </mem>
    <remembered-set count="29588" />
  </mem-info>
</gc-end>
<cycle-end id="6307" type="scavenge" contextid="6301" timestamp="2020-09-11T10:34:25.105" />
<allocation-satisfied id="6308" threadId="00000000007F6F00" bytesRequested="1544" />
<af-end id="6309" timestamp="2020-09-11T10:34:25.105" threadId="00000000007F7880" success="true" from="nursery"/>
<exclusive-end id="6310" timestamp="2020-09-11T10:34:25.105" durationms="99.450" />

<exclusive-start id="6311" timestamp="2020-09-11T10:34:27.038" intervalms="2032.112">
  <response-info timems="0.784" idlems="0.608" threads="2" lastid="0000000000785E00" lastname="Group1.Backend.CompositeBackend{Tier1}.1" />
</exclusive-start>
<af-start id="6312" threadId="000000000087EF80" totalBytesRequested="4104" timestamp="2020-09-11T10:34:27.039" intervalms="2032.192" type="nursery" />
<cycle-start id="6313" type="scavenge" contextid="0" timestamp="2020-09-11T10:34:27.039" intervalms="2032.205" />
<gc-start id="6314" type="scavenge" contextid="6313" timestamp="2020-09-11T10:34:27.039">
  <mem-info id="6315" free="159662056" total="2821586944" percent="5">
    <mem type="nursery" free="0" total="939524096" percent="0">
      <mem type="allocate" free="0" total="801832960" percent="0" />
      <mem type="survivor" free="0" total="137691136" percent="0" />
    </mem>
    <mem type="tenure" free="159662056" total="1882062848" percent="8">
      <mem type="soa" free="140840936" total="1863241728" percent="7" />
      <mem type="loa" free="18821120" total="18821120" percent="100" />
    </mem>
    <remembered-set count="190357" />
  </mem-info>
</gc-start>
<allocation-stats totalBytes="692710368" >
  <allocated-bytes non-tlh="35511672" tlh="657198696" />
  <largest-consumer threadName="Group1.Backend.CompositeBackend{Tier1}.7" threadId="0000000000854300" bytes="129947008" />
</allocation-stats>
<gc-op id="6316" type="scavenge" timems="105.382" contextid="6313" timestamp="2020-09-11T10:34:27.145">
  <scavenger-info tenureage="3" tenuremask="7ff8" tiltratio="85" />
  <memory-copied type="nursery" objects="4161090" bytes="110830680" bytesdiscarded="175496" />
  <memory-copied type="tenure" objects="1095293" bytes="29456056" bytesdiscarded="152872" />
  <ownableSynchronizers candidates="4433" cleared="4160" />
  <references type="soft" candidates="182" cleared="0" enqueued="0" dynamicThreshold="17" maxThreshold="32" />
  <references type="weak" candidates="98" cleared="98" enqueued="0" />
  <references type="phantom" candidates="1" cleared="0" enqueued="0" />
</gc-op>
<gc-end id="6317" type="scavenge" contextid="6313" durationms="106.429" usertimems="762.210" systemtimems="0.000" timestamp="2020-09-11T10:34:27.146" activeThreads="8">
  <mem-info id="6318" free="822941584" total="2821586944" percent="29">
    <mem type="nursery" free="692908768" total="939524096" percent="73">
      <mem type="allocate" free="692908768" total="803995648" percent="86" />
      <mem type="survivor" free="0" total="135528448" percent="0" />
    </mem>
    <mem type="tenure" free="130032816" total="1882062848" percent="6" macro-fragmented="0">
      <mem type="soa" free="111211696" total="1863241728" percent="5" />
      <mem type="loa" free="18821120" total="18821120" percent="100" />
    </mem>
    <remembered-set count="29768" />
  </mem-info>
</gc-end>
<cycle-end id="6319" type="scavenge" contextid="6313" timestamp="2020-09-11T10:34:27.150" />
<allocation-satisfied id="6320" threadId="000000000087E600" bytesRequested="4104" />
<af-end id="6321" timestamp="2020-09-11T10:34:27.150" threadId="000000000087EF80" success="true" from="nursery"/>
<exclusive-end id="6322" timestamp="2020-09-11T10:34:27.150" durationms="111.737" />

<exclusive-start id="6323" timestamp="2020-09-11T10:34:29.189" intervalms="2151.384">
  <response-info timems="0.674" idlems="0.365" threads="1" lastid="00000000009E9F00" lastname="Group1.TxInjector.CompositeTxInjector.I.driver.probe.56" />
</exclusive-start>
<af-start id="6324" threadId="0000000000844680" totalBytesRequested="120" timestamp="2020-09-11T10:34:29.190" intervalms="2151.590" type="nursery" />
<cycle-start id="6325" type="scavenge" contextid="0" timestamp="2020-09-11T10:34:29.191" intervalms="2151.587" />
<gc-start id="6326" type="scavenge" contextid="6325" timestamp="2020-09-11T10:34:29.191">
  <mem-info id="6327" free="130032816" total="2821586944" percent="4">
    <mem type="nursery" free="0" total="939524096" percent="0">
      <mem type="allocate" free="0" total="803995648" percent="0" />
      <mem type="survivor" free="0" total="135528448" percent="0" />
    </mem>
    <mem type="tenure" free="130032816" total="1882062848" percent="6">
      <mem type="soa" free="111211696" total="1863241728" percent="5" />
      <mem type="loa" free="18821120" total="18821120" percent="100" />
    </mem>
    <remembered-set count="194079" />
  </mem-info>
</gc-start>
<allocation-stats totalBytes="692580440" >
  <allocated-bytes non-tlh="31145688" tlh="661434752" />
  <largest-consumer threadName="Group1.Backend.CompositeBackend{Tier1}.7" threadId="0000000000854300" bytes="123789520" />
</allocation-stats>
<gc-op id="6328" type="scavenge" timems="106.299" contextid="6325" timestamp="2020-09-11T10:34:29.297">
  <scavenger-info tenureage="3" tenuremask="7ff8" tiltratio="85" />
  <memory-copied type="nursery" objects="4075937" bytes="109403592" bytesdiscarded="132696" />
  <memory-copied type="tenure" objects="1069093" bytes="28722520" bytesdiscarded="157352" />
  <ownableSynchronizers candidates="4034" cleared="3756" />
  <references type="soft" candidates="179" cleared="0" enqueued="0" dynamicThreshold="17" maxThreshold="32" />
  <references type="weak" candidates="123" cleared="122" enqueued="0" />
</gc-op>
<gc-end id="6329" type="scavenge" contextid="6325" durationms="107.386" usertimems="783.205" systemtimems="5.072" timestamp="2020-09-11T10:34:29.298" activeThreads="8">
  <mem-info id="6330" free="797879976" total="2821586944" percent="28">
    <mem type="nursery" free="696666624" total="939524096" percent="74">
      <mem type="allocate" free="696666624" total="806289408" percent="86" />
      <mem type="survivor" free="0" total="133234688" percent="0" />
    </mem>
    <mem type="tenure" free="101213352" total="1882062848" percent="5" macro-fragmented="0">
      <mem type="soa" free="82392232" total="1863241728" percent="4" />
      <mem type="loa" free="18821120" total="18821120" percent="100" />
    </mem>
    <remembered-set count="28778" />
  </mem-info>
</gc-end>
<cycle-end id="6331" type="scavenge" contextid="6325" timestamp="2020-09-11T10:34:29.300" />
<allocation-satisfied id="6332" threadId="0000000000843D00" bytesRequested="120" />
<af-end id="6333" timestamp="2020-09-11T10:34:29.300" threadId="0000000000844680" success="true" from="nursery"/>
<exclusive-end id="6334" timestamp="2020-09-11T10:34:29.300" durationms="110.267" />

<exclusive-start id="6335" timestamp="2020-09-11T10:34:31.372" intervalms="2182.892">
  <response-info timems="0.244" idlems="0.244" threads="0" lastid="0000000000842600" lastname="Group1.Backend.CompositeBackend{Tier1}.4" />
</exclusive-start>
<af-start id="6336" threadId="0000000000842F80" totalBytesRequested="32" timestamp="2020-09-11T10:34:31.373" intervalms="2182.601" type="nursery" />
<cycle-start id="6337" type="scavenge" contextid="0" timestamp="2020-09-11T10:34:31.373" intervalms="2182.611" />
<gc-start id="6338" type="scavenge" contextid="6337" timestamp="2020-09-11T10:34:31.373">
  <mem-info id="6339" free="101213352" total="2821586944" percent="3">
    <mem type="nursery" free="0" total="939524096" percent="0">
      <mem type="allocate" free="0" total="806289408" percent="0" />
      <mem type="survivor" free="0" total="133234688" percent="0" />
    </mem>
    <mem type="tenure" free="101213352" total="1882062848" percent="5">
      <mem type="soa" free="82392232" total="1863241728" percent="4" />
      <mem type="loa" free="18821120" total="18821120" percent="100" />
    </mem>
    <remembered-set count="193643" />
  </mem-info>
</gc-start>
<allocation-stats totalBytes="696332240" >
  <allocated-bytes non-tlh="31963832" tlh="664368408" />
  <largest-consumer threadName="Group1.Backend.CompositeBackend{Tier1}.4" threadId="0000000000842600" bytes="137356992" />
</allocation-stats>
<gc-op id="6340" type="scavenge" timems="107.335" contextid="6337" timestamp="2020-09-11T10:34:31.481">
  <scavenger-info tenureage="3" tenuremask="7ff8" tiltratio="85" />
  <memory-copied type="nursery" objects="4102451" bytes="110063608" bytesdiscarded="278944" />
  <memory-copied type="tenure" objects="1097737" bytes="29527480" bytesdiscarded="130200" />
  <ownableSynchronizers candidates="3916" cleared="3640" />
  <references type="soft" candidates="194" cleared="0" enqueued="0" dynamicThreshold="17" maxThreshold="32" />
  <references type="weak" candidates="125" cleared="124" enqueued="0" />
</gc-op>
<gc-end id="6341" type="scavenge" contextid="6337" durationms="108.356" usertimems="811.837" systemtimems="0.812" timestamp="2020-09-11T10:34:31.482" activeThreads="8">
  <mem-info id="6342" free="769148728" total="2821586944" percent="27">
    <mem type="nursery" free="697692160" total="939524096" percent="74">
      <mem type="allocate" free="697692160" total="808124416" percent="86" />
      <mem type="survivor" free="0" total="131399680" percent="0" />
    </mem>
    <mem type="tenure" free="71456568" total="1882062848" percent="3" macro-fragmented="0">
      <mem type="soa" free="52635448" total="1863241728" percent="2" />
      <mem type="loa" free="18821120" total="18821120" percent="100" />
    </mem>
    <remembered-set count="30507" />
  </mem-info>
</gc-end>
<cycle-end id="6343" type="scavenge" contextid="6337" timestamp="2020-09-11T10:34:31.483" />
<allocation-satisfied id="6344" threadId="0000000000842600" bytesRequested="32" />
<af-end id="6345" timestamp="2020-09-11T10:34:31.483" threadId="0000000000842F80" success="true" from="nursery"/>
<exclusive-end id="6346" timestamp="2020-09-11T10:34:31.483" durationms="110.631" />

<exclusive-start id="6347" timestamp="2020-09-11T10:34:33.375" intervalms="2002.915">
  <response-info timems="0.468" idlems="0.468" threads="0" lastid="0000000000856800" lastname="Group1.Backend.CompositeBackend{Tier1}.3" />
</exclusive-start>
<af-start id="6348" threadId="0000000000857180" totalBytesRequested="664" timestamp="2020-09-11T10:34:33.376" intervalms="2003.010" type="nursery" />
<cycle-start id="6349" type="scavenge" contextid="0" timestamp="2020-09-11T10:34:33.376" intervalms="2003.000" />
<gc-start id="6350" type="scavenge" contextid="6349" timestamp="2020-09-11T10:34:33.377">
  <mem-info id="6351" free="71456568" total="2821586944" percent="2">
    <mem type="nursery" free="0" total="939524096" percent="0">
      <mem type="allocate" free="0" total="808124416" percent="0" />
      <mem type="survivor" free="0" total="131399680" percent="0" />
    </mem>
    <mem type="tenure" free="71456568" total="1882062848" percent="3">
      <mem type="soa" free="52635448" total="1863241728" percent="2" />
      <mem type="loa" free="18821120" total="18821120" percent="100" />
    </mem>
    <remembered-set count="193125" />
  </mem-info>
</gc-start>
<allocation-stats totalBytes="697368440" >
  <allocated-bytes non-tlh="35686128" tlh="661682312" />
  <largest-consumer threadName="Group1.Backend.CompositeBackend{Tier1}.2" threadId="00000000007F6F00" bytes="144667328" />
</allocation-stats>
<gc-op id="6352" type="scavenge" timems="104.624" contextid="6349" timestamp="2020-09-11T10:34:33.481">
  <scavenger-info tenureage="3" tenuremask="7ff8" tiltratio="86" />
  <memory-copied type="nursery" objects="4122724" bytes="110566408" bytesdiscarded="195896" />
  <memory-copied type="tenure" objects="1071818" bytes="28807528" bytesdiscarded="51968" />
  <ownableSynchronizers candidates="4696" cleared="4410" />
  <references type="soft" candidates="185" cleared="0" enqueued="0" dynamicThreshold="17" maxThreshold="32" />
  <references type="weak" candidates="113" cleared="113" enqueued="0" />
</gc-op>
<gc-end id="6353" type="scavenge" contextid="6349" durationms="105.599" usertimems="761.243" systemtimems="2.814" timestamp="2020-09-11T10:34:33.482" activeThreads="8">
  <mem-info id="6354" free="740945264" total="2821586944" percent="26">
    <mem type="nursery" free="698649856" total="939524096" percent="74">
      <mem type="allocate" free="698649856" total="809500672" percent="86" />
      <mem type="survivor" free="0" total="130023424" percent="0" />
    </mem>
    <mem type="tenure" free="42295408" total="1882062848" percent="2" macro-fragmented="0">
      <mem type="soa" free="23474288" total="1863241728" percent="1" />
      <mem type="loa" free="18821120" total="18821120" percent="100" />
    </mem>
    <remembered-set count="30992" />
  </mem-info>
</gc-end>
<cycle-end id="6355" type="scavenge" contextid="6349" timestamp="2020-09-11T10:34:33.483" />
<allocation-satisfied id="6356" threadId="0000000000856800" bytesRequested="664" />
<af-end id="6357" timestamp="2020-09-11T10:34:33.483" threadId="0000000000857180" success="true" from="nursery"/>
<exclusive-end id="6358" timestamp="2020-09-11T10:34:33.483" durationms="107.877" />

<exclusive-start id="6359" timestamp="2020-09-11T10:34:35.529" intervalms="2153.831">
  <response-info timems="0.510" idlems="0.467" threads="1" lastid="0000000000854300" lastname="Group1.Backend.CompositeBackend{Tier1}.7" />
</exclusive-start>
<af-start id="6360" threadId="00000000007F7880" totalBytesRequested="32" timestamp="2020-09-11T10:34:35.530" intervalms="2153.788" type="nursery" />
<percolate-collect id="6361" from="nursery" to="global" reason="prevent tenure expand" timestamp="2020-09-11T10:34:35.530"/>
<cycle-start id="6362" type="global" contextid="0" timestamp="2020-09-11T10:34:35.530" intervalms="69900.938" />
<gc-start id="6363" type="global" contextid="6362" timestamp="2020-09-11T10:34:35.530">
  <mem-info id="6364" free="42295408" total="2821586944" percent="1">
    <mem type="nursery" free="0" total="939524096" percent="0">
      <mem type="allocate" free="0" total="809500672" percent="0" />
      <mem type="survivor" free="0" total="130023424" percent="0" />
    </mem>
    <mem type="tenure" free="42295408" total="1882062848" percent="2">
      <mem type="soa" free="23474288" total="1863241728" percent="1" />
      <mem type="loa" free="18821120" total="18821120" percent="100" />
    </mem>
    <remembered-set count="196205" />
  </mem-info>
</gc-start>
<allocation-stats totalBytes="698299984" >
  <allocated-bytes non-tlh="31264864" tlh="667035120" />
  <largest-consumer threadName="Group1.Backend.CompositeBackend{Tier1}.1" threadId="0000000000785E00" bytes="146115072" />
</allocation-stats>
<gc-op id="6365" type="mark" timems="511.161" contextid="6362" timestamp="2020-09-11T10:34:36.042">
  <trace-info objectcount="31048133" scancount="30068491" scanbytes="821678732" />
  <finalization candidates="150" enqueued="0" />
  <ownableSynchronizers candidates="594840" cleared="6050" />
  <references type="soft" candidates="723522" cleared="215" enqueued="149" dynamicThreshold="17" maxThreshold="32" />
  <references type="weak" candidates="4406" cleared="113" enqueued="0" />
  <references type="phantom" candidates="108" cleared="0" enqueued="0" />
  <stringconstants candidates="10695" cleared="5"  />
</gc-op>
<gc-op id="6366" type="sweep" timems="12.379" contextid="6362" timestamp="2020-09-11T10:34:36.054" />
<gc-end id="6367" type="global" contextid="6362" durationms="524.722" usertimems="4087.997" systemtimems="0.000" timestamp="2020-09-11T10:34:36.055" activeThreads="8">
  <mem-info id="6368" free="1634132624" total="2821586944" percent="57">
    <mem type="nursery" free="617007512" total="939524096" percent="65">
      <mem type="allocate" free="617007512" total="809500672" percent="76" />
      <mem type="survivor" free="0" total="130023424" percent="0" />
    </mem>
    <mem type="tenure" free="1017125112" total="1882062848" percent="54" micro-fragmented="104173471" macro-fragmented="0">
      <mem type="soa" free="998303992" total="1863241728" percent="53" />
      <mem type="loa" free="18821120" total="18821120" percent="100" />
    </mem>
    <pending-finalizers system="0" default="0" reference="149" classloader="0" />
    <remembered-set count="190719" />
  </mem-info>
</gc-end>
<cycle-end id="6369" type="global" contextid="6362" timestamp="2020-09-11T10:34:36.056" />
<allocation-satisfied id="6370" threadId="00000000007F6F00" bytesRequested="32" />
<af-end id="6371" timestamp="2020-09-11T10:34:36.056" threadId="00000000007F7880" success="true" from="nursery"/>
<exclusive-end id="6372" timestamp="2020-09-11T10:34:36.056" durationms="526.931" />

<exclusive-start id="6373" timestamp="2020-09-11T10:34:37.429" intervalms="1899.971">
  <response-info timems="0.396" idlems="0.396" threads="0" lastid="0000000000785E00" lastname="Group1.Backend.CompositeBackend{Tier1}.1" />
</exclusive-start>
<af-start id="6374" threadId="0000000000786780" totalBytesRequested="524296" timestamp="2020-09-11T10:34:37.430" intervalms="1899.872" type="nursery" />
<cycle-start id="6375" type="scavenge" contextid="0" timestamp="2020-09-11T10:34:37.430" intervalms="4053.652" />
<gc-start id="6376" type="scavenge" contextid="6375" timestamp="2020-09-11T10:34:37.430">
  <mem-info id="6377" free="1030754568" total="2821586944" percent="36">
    <mem type="nursery" free="13629504" total="939524096" percent="1">
      <mem type="allocate" free="13629504" total="809500672" percent="1" />
      <mem type="survivor" free="0" total="130023424" percent="0" />
    </mem>
    <mem type="tenure" free="1017125064" total="1882062848" percent="54">
      <mem type="soa" free="998303944" total="1863241728" percent="53" />
      <mem type="loa" free="18821120" total="18821120" percent="100" />
    </mem>
    <remembered-set count="246299" />
  </mem-info>
</gc-start>
<allocation-stats totalBytes="601130240" >
  <allocated-bytes non-tlh="25171184" tlh="575959056" />
  <largest-consumer threadName="Group1.Backend.CompositeBackend{Tier1}.1" threadId="0000000000785E00" bytes="93536312" />
</allocation-stats>
<gc-op id="6378" type="scavenge" timems="147.711" contextid="6375" timestamp="2020-09-11T10:34:37.578">
  <scavenger-info tenureage="3" tenuremask="7ff8" tiltratio="86" />
  <memory-copied type="nursery" objects="4863714" bytes="129846128" bytesdiscarded="39992" />
  <memory-copied type="tenure" objects="1395959" bytes="37182656" bytesdiscarded="149056" />
  <copy-failed type="nursery" objects="380205" bytes="9894232" />
  <ownableSynchronizers candidates="1180779" cleared="1180433" />
  <references type="soft" candidates="224" cleared="0" enqueued="0" dynamicThreshold="17" maxThreshold="32" />
  <references type="weak" candidates="107" cleared="107" enqueued="0" />
</gc-op>
<gc-end id="6379" type="scavenge" contextid="6375" durationms="148.756" usertimems="1050.723" systemtimems="3.690" timestamp="2020-09-11T10:34:37.579" activeThreads="8">
  <mem-info id="6380" free="1599958536" total="2821586944" percent="56">
    <mem type="nursery" free="620298240" total="939524096" percent="66">
      <mem type="allocate" free="620298240" total="750321664" percent="82" />
      <mem type="survivor" free="0" total="189202432" percent="0" />
    </mem>
    <mem type="tenure" free="979660296" total="1882062848" percent="52" macro-fragmented="0">
      <mem type="soa" free="960839176" total="1863241728" percent="51" />
      <mem type="loa" free="18821120" total="18821120" percent="100" />
    </mem>
    <remembered-set count="40973" />
  </mem-info>
</gc-end>
<cycle-end id="6381" type="scavenge" contextid="6375" timestamp="2020-09-11T10:34:37.580" />
<allocation-satisfied id="6382" threadId="0000000000785E00" bytesRequested="524296" />
<af-end id="6383" timestamp="2020-09-11T10:34:37.580" threadId="0000000000786780" success="true" from="nursery"/>
<exclusive-end id="6384" timestamp="2020-09-11T10:34:37.580" durationms="151.134" />

<exclusive-start id="6385" timestamp="2020-09-11T10:34:39.171" intervalms="1742.092">
  <response-info timems="0.770" idlems="0.695" threads="1" lastid="0000000000785E00" lastname="Group1.Backend.CompositeBackend{Tier1}.1" />
</exclusive-start>
<af-start id="6386" threadId="0000000000842F80" totalBytesRequested="1032" timestamp="2020-09-11T10:34:39.172" intervalms="1742.123" type="nursery" />
<cycle-start id="6387" type="scavenge" contextid="0" timestamp="2020-09-11T10:34:39.172" intervalms="1742.122" />
<gc-start id="6388" type="scavenge" contextid="6387" timestamp="2020-09-11T10:34:39.172">
  <mem-info id="6389" free="979660296" total="2821586944" percent="34">
    <mem type="nursery" free="0" total="939524096" percent="0">
      <mem type="allocate" free="0" total="750321664" percent="0" />
      <mem type="survivor" free="0" total="189202432" percent="0" />
    </mem>
    <mem type="tenure" free="979660296" total="1882062848" percent="52">
      <mem type="soa" free="960839176" total="1863241728" percent="51" />
      <mem type="loa" free="18821120" total="18821120" percent="100" />
    </mem>
    <remembered-set count="190722" />
  </mem-info>
</gc-start>
<allocation-stats totalBytes="619999960" >
  <allocated-bytes non-tlh="36335216" tlh="583664744" />
  <largest-consumer threadName="Group1.Backend.CompositeBackend{Tier1}.4" threadId="0000000000842600" bytes="102000736" />
</allocation-stats>
<gc-op id="6390" type="scavenge" timems="120.203" contextid="6387" timestamp="2020-09-11T10:34:39.293">
  <scavenger-info tenureage="3" tenuremask="7ff8" tiltratio="79" />
  <memory-copied type="nursery" objects="4662844" bytes="125415608" bytesdiscarded="115800" />
  <memory-copied type="tenure" objects="914210" bytes="24636688" bytesdiscarded="82896" />
  <ownableSynchronizers candidates="2892" cleared="2613" />
  <references type="soft" candidates="211" cleared="0" enqueued="0" dynamicThreshold="17" maxThreshold="32" />
  <references type="weak" candidates="113" cleared="113" enqueued="0" />
</gc-op>
<gc-end id="6391" type="scavenge" contextid="6387" durationms="121.170" usertimems="875.815" systemtimems="7.014" timestamp="2020-09-11T10:34:39.293" activeThreads="8">
  <mem-info id="6392" free="1586065312" total="2821586944" percent="56">
    <mem type="nursery" free="631204096" total="939524096" percent="67">
      <mem type="allocate" free="631204096" total="756809728" percent="83" />
      <mem type="survivor" free="0" total="182714368" percent="0" />
    </mem>
    <mem type="tenure" free="954861216" total="1882062848" percent="50" macro-fragmented="0">
      <mem type="soa" free="936040096" total="1863241728" percent="50" />
      <mem type="loa" free="18821120" total="18821120" percent="100" />
    </mem>
    <remembered-set count="38159" />
  </mem-info>
</gc-end>
<cycle-end id="6393" type="scavenge" contextid="6387" timestamp="2020-09-11T10:34:39.295" />
<allocation-satisfied id="6394" threadId="0000000000842600" bytesRequested="1032" />
<af-end id="6395" timestamp="2020-09-11T10:34:39.295" threadId="0000000000842F80" success="true" from="nursery"/>
<exclusive-end id="6396" timestamp="2020-09-11T10:34:39.295" durationms="123.522" />

<exclusive-start id="6397" timestamp="2020-09-11T10:34:41.114" intervalms="1942.553">
  <response-info timems="0.541" idlems="0.541" threads="0" lastid="0000000000785E00" lastname="Group1.Backend.CompositeBackend{Tier1}.1" />
</exclusive-start>
<af-start id="6398" threadId="0000000000786780" totalBytesRequested="16" timestamp="2020-09-11T10:34:41.114" intervalms="1942.541" type="nursery" />
<cycle-start id="6399" type="scavenge" contextid="0" timestamp="2020-09-11T10:34:41.115" intervalms="1942.554" />
<gc-start id="6400" type="scavenge" contextid="6399" timestamp="2020-09-11T10:34:41.115">
  <mem-info id="6401" free="954861216" total="2821586944" percent="33">
    <mem type="nursery" free="0" total="939524096" percent="0">
      <mem type="allocate" free="0" total="756809728" percent="0" />
      <mem type="survivor" free="0" total="182714368" percent="0" />
    </mem>
    <mem type="tenure" free="954861216" total="1882062848" percent="50">
      <mem type="soa" free="936040096" total="1863241728" percent="50" />
      <mem type="loa" free="18821120" total="18821120" percent="100" />
    </mem>
    <remembered-set count="193266" />
  </mem-info>
</gc-start>
<allocation-stats totalBytes="630892096" >
  <allocated-bytes non-tlh="28249568" tlh="602642528" />
  <largest-consumer threadName="Group1.Backend.CompositeBackend{Tier1}.4" threadId="0000000000842600" bytes="106486960" />
</allocation-stats>
<gc-op id="6402" type="scavenge" timems="129.681" contextid="6399" timestamp="2020-09-11T10:34:41.245">
  <scavenger-info tenureage="3" tenuremask="7ff8" tiltratio="80" />
  <memory-copied type="nursery" objects="4685686" bytes="126147016" bytesdiscarded="245312" />
  <memory-copied type="tenure" objects="919994" bytes="24803424" bytesdiscarded="105328" />
  <ownableSynchronizers candidates="4171" cleared="3890" />
  <references type="soft" candidates="210" cleared="0" enqueued="0" dynamicThreshold="17" maxThreshold="32" />
  <references type="weak" candidates="114" cleared="113" enqueued="0" />
</gc-op>
<gc-end id="6403" type="scavenge" contextid="6399" durationms="131.247" usertimems="930.901" systemtimems="19.396" timestamp="2020-09-11T10:34:41.246" activeThreads="8">
  <mem-info id="6404" free="1568385312" total="2821586944" percent="55">
    <mem type="nursery" free="638462656" total="939524096" percent="67">
      <mem type="allocate" free="638462656" total="764936192" percent="83" />
      <mem type="survivor" free="0" total="174587904" percent="0" />
    </mem>
    <mem type="tenure" free="929922656" total="1882062848" percent="49" macro-fragmented="0">
      <mem type="soa" free="911101536" total="1863241728" percent="48" />
      <mem type="loa" free="18821120" total="18821120" percent="100" />
    </mem>
    <remembered-set count="35915" />
  </mem-info>
</gc-end>
<cycle-end id="6405" type="scavenge" contextid="6399" timestamp="2020-09-11T10:34:41.247" />
<allocation-satisfied id="6406" threadId="0000000000785E00" bytesRequested="16" />
<af-end id="6407" timestamp="2020-09-11T10:34:41.247" threadId="0000000000786780" success="true" from="nursery"/>
<exclusive-end id="6408" timestamp="2020-09-11T10:34:41.247" durationms="133.778" />

<exclusive-start id="6409" timestamp="2020-09-11T10:34:43.031" intervalms="1917.236">
  <response-info timems="0.618" idlems="0.618" threads="0" lastid="0000000000843100" lastname="Group1.Backend.CompositeBackend{Tier1}.5" />
</exclusive-start>
<af-start id="6410" threadId="0000000000843A80" totalBytesRequested="24" timestamp="2020-09-11T10:34:43.032" intervalms="1917.242" type="nursery" />
<cycle-start id="6411" type="scavenge" contextid="0" timestamp="2020-09-11T10:34:43.032" intervalms="1917.233" />
<gc-start id="6412" type="scavenge" contextid="6411" timestamp="2020-09-11T10:34:43.032">
  <mem-info id="6413" free="929922656" total="2821586944" percent="32">
    <mem type="nursery" free="0" total="939524096" percent="0">
      <mem type="allocate" free="0" total="764936192" percent="0" />
      <mem type="survivor" free="0" total="174587904" percent="0" />
    </mem>
    <mem type="tenure" free="929922656" total="1882062848" percent="49">
      <mem type="soa" free="911101536" total="1863241728" percent="48" />
      <mem type="loa" free="18821120" total="18821120" percent="100" />
    </mem>
    <remembered-set count="191194" />
  </mem-info>
</gc-start>
<allocation-stats totalBytes="638146984" >
  <allocated-bytes non-tlh="31260224" tlh="606886760" />
  <largest-consumer threadName="Group1.Backend.CompositeBackend{Tier1}.4" threadId="0000000000842600" bytes="92574720" />
</allocation-stats>
<gc-op id="6414" type="scavenge" timems="110.822" contextid="6411" timestamp="2020-09-11T10:34:43.143">
  <scavenger-info tenureage="3" tenuremask="7ff8" tiltratio="81" />
  <memory-copied type="nursery" objects="3677796" bytes="98914712" bytesdiscarded="326544" />
  <memory-copied type="tenure" objects="1953207" bytes="52658440" bytesdiscarded="128152" />
  <ownableSynchronizers candidates="3494" cleared="3222" />
  <references type="soft" candidates="176" cleared="0" enqueued="0" dynamicThreshold="17" maxThreshold="32" />
  <references type="weak" candidates="105" cleared="103" enqueued="0" />
</gc-op>
<gc-end id="6415" type="scavenge" contextid="6411" durationms="111.852" usertimems="812.442" systemtimems="0.000" timestamp="2020-09-11T10:34:43.144" activeThreads="8">
  <mem-info id="6416" free="1549412600" total="2821586944" percent="54">
    <mem type="nursery" free="672304640" total="939524096" percent="71">
      <mem type="allocate" free="672304640" total="771620864" percent="87" />
      <mem type="survivor" free="0" total="167903232" percent="0" />
    </mem>
    <mem type="tenure" free="877107960" total="1882062848" percent="46" macro-fragmented="0">
      <mem type="soa" free="858286840" total="1863241728" percent="46" />
      <mem type="loa" free="18821120" total="18821120" percent="100" />
    </mem>
    <remembered-set count="26722" />
  </mem-info>
</gc-end>
<cycle-end id="6417" type="scavenge" contextid="6411" timestamp="2020-09-11T10:34:43.145" />
<allocation-satisfied id="6418" threadId="0000000000843100" bytesRequested="24" />
<af-end id="6419" timestamp="2020-09-11T10:34:43.145" threadId="0000000000843A80" success="true" from="nursery"/>
<exclusive-end id="6420" timestamp="2020-09-11T10:34:43.145" durationms="114.337" />

<exclusive-start id="6421" timestamp="2020-09-11T10:34:45.099" intervalms="2068.141">
  <response-info timems="0.254" idlems="0.130" threads="1" lastid="0000000000837900" lastname="Group1.Backend.CompositeBackend{Tier1}.8" />
</exclusive-start>
<af-start id="6422" threadId="0000000000844680" totalBytesRequested="16" timestamp="2020-09-11T10:34:45.100" intervalms="2068.133" type="nursery" />
<cycle-start id="6423" type="scavenge" contextid="0" timestamp="2020-09-11T10:34:45.100" intervalms="2068.132" />
<gc-start id="6424" type="scavenge" contextid="6423" timestamp="2020-09-11T10:34:45.100">
  <mem-info id="6425" free="877107960" total="2821586944" percent="31">
    <mem type="nursery" free="0" total="939524096" percent="0">
      <mem type="allocate" free="0" total="771620864" percent="0" />
      <mem type="survivor" free="0" total="167903232" percent="0" />
    </mem>
    <mem type="tenure" free="877107960" total="1882062848" percent="46">
      <mem type="soa" free="858286840" total="1863241728" percent="46" />
      <mem type="loa" free="18821120" total="18821120" percent="100" />
    </mem>
    <remembered-set count="188299" />
  </mem-info>
</gc-start>
<allocation-stats totalBytes="671981352" >
  <allocated-bytes non-tlh="30129024" tlh="641852328" />
  <largest-consumer threadName="Group1.Backend.CompositeBackend{Tier1}.7" threadId="0000000000854300" bytes="113007200" />
</allocation-stats>
<gc-op id="6426" type="scavenge" timems="94.377" contextid="6423" timestamp="2020-09-11T10:34:45.195">
  <scavenger-info tenureage="3" tenuremask="7ff8" tiltratio="82" />
  <memory-copied type="nursery" objects="3819981" bytes="102696272" bytesdiscarded="383368" />
  <memory-copied type="tenure" objects="964416" bytes="25936224" bytesdiscarded="120184" />
  <ownableSynchronizers candidates="3791" cleared="3554" />
  <references type="soft" candidates="176" cleared="0" enqueued="0" dynamicThreshold="17" maxThreshold="32" />
  <references type="weak" candidates="123" cleared="123" enqueued="0" />
</gc-op>
<gc-end id="6427" type="scavenge" contextid="6423" durationms="95.173" usertimems="660.181" systemtimems="13.272" timestamp="2020-09-11T10:34:45.195" activeThreads="8">
  <mem-info id="6428" free="1529282752" total="2821586944" percent="54">
    <mem type="nursery" free="678158544" total="939524096" percent="72">
      <mem type="allocate" free="678158544" total="781320192" percent="86" />
      <mem type="survivor" free="0" total="158203904" percent="0" />
    </mem>
    <mem type="tenure" free="851124208" total="1882062848" percent="45" macro-fragmented="0">
      <mem type="soa" free="832303088" total="1863241728" percent="44" />
      <mem type="loa" free="18821120" total="18821120" percent="100" />
    </mem>
    <remembered-set count="27485" />
  </mem-info>
</gc-end>
<cycle-end id="6429" type="scavenge" contextid="6423" timestamp="2020-09-11T10:34:45.196" />
<allocation-satisfied id="6430" threadId="0000000000843D00" bytesRequested="16" />
<af-end id="6431" timestamp="2020-09-11T10:34:45.196" threadId="0000000000844680" success="true" from="nursery"/>
<exclusive-end id="6432" timestamp="2020-09-11T10:34:45.196" durationms="97.426" />

<exclusive-start id="6433" timestamp="2020-09-11T10:34:47.190" intervalms="2091.008">
  <response-info timems="0.278" idlems="0.278" threads="0" lastid="0000000000854300" lastname="Group1.Backend.CompositeBackend{Tier1}.7" />
</exclusive-start>
<af-start id="6434" threadId="0000000000854C80" totalBytesRequested="104" timestamp="2020-09-11T10:34:47.191" intervalms="2091.200" type="nursery" />
<cycle-start id="6435" type="scavenge" contextid="0" timestamp="2020-09-11T10:34:47.191" intervalms="2091.213" />
<gc-start id="6436" type="scavenge" contextid="6435" timestamp="2020-09-11T10:34:47.191">
  <mem-info id="6437" free="851124208" total="2821586944" percent="30">
    <mem type="nursery" free="0" total="939524096" percent="0">
      <mem type="allocate" free="0" total="781320192" percent="0" />
      <mem type="survivor" free="0" total="158203904" percent="0" />
    </mem>
    <mem type="tenure" free="851124208" total="1882062848" percent="45">
      <mem type="soa" free="832303088" total="1863241728" percent="44" />
      <mem type="loa" free="18821120" total="18821120" percent="100" />
    </mem>
    <remembered-set count="191683" />
  </mem-info>
</gc-start>
<allocation-stats totalBytes="677822336" >
  <allocated-bytes non-tlh="29273136" tlh="648549200" />
  <largest-consumer threadName="Group1.Backend.CompositeBackend{Tier1}.5" threadId="0000000000843100" bytes="108224032" />
</allocation-stats>
<gc-op id="6438" type="scavenge" timems="97.538" contextid="6435" timestamp="2020-09-11T10:34:47.289">
  <scavenger-info tenureage="3" tenuremask="7ff8" tiltratio="83" />
  <memory-copied type="nursery" objects="3943641" bytes="105826872" bytesdiscarded="176032" />
  <memory-copied type="tenure" objects="1006962" bytes="27223456" bytesdiscarded="120528" />
  <ownableSynchronizers candidates="4562" cleared="4293" />
  <references type="soft" candidates="173" cleared="0" enqueued="0" dynamicThreshold="17" maxThreshold="32" />
  <references type="weak" candidates="98" cleared="98" enqueued="0" />
</gc-op>
<gc-end id="6439" type="scavenge" contextid="6435" durationms="98.486" usertimems="687.685" systemtimems="0.000" timestamp="2020-09-11T10:34:47.290" activeThreads="8">
  <mem-info id="6440" free="1506044720" total="2821586944" percent="53">
    <mem type="nursery" free="682440704" total="939524096" percent="72">
      <mem type="allocate" free="682440704" total="788529152" percent="86" />
      <mem type="survivor" free="0" total="150994944" percent="0" />
    </mem>
    <mem type="tenure" free="823604016" total="1882062848" percent="43" macro-fragmented="0">
      <mem type="soa" free="804782896" total="1863241728" percent="43" />
      <mem type="loa" free="18821120" total="18821120" percent="100" />
    </mem>
    <remembered-set count="30499" />
  </mem-info>
</gc-end>
<cycle-end id="6441" type="scavenge" contextid="6435" timestamp="2020-09-11T10:34:47.291" />
<allocation-satisfied id="6442" threadId="0000000000854300" bytesRequested="104" />
<af-end id="6443" timestamp="2020-09-11T10:34:47.291" threadId="0000000000854C80" success="true" from="nursery"/>
<exclusive-end id="6444" timestamp="2020-09-11T10:34:47.291" durationms="100.964" />

<exclusive-start id="6445" timestamp="2020-09-11T10:34:49.188" intervalms="1998.295">
  <response-info timems="6.070" idlems="6.070" threads="0" lastid="0000000000854300" lastname="Group1.Backend.CompositeBackend{Tier1}.7" />
</exclusive-start>
<af-start id="6446" threadId="0000000000854C80" totalBytesRequested="24" timestamp="2020-09-11T10:34:49.189" intervalms="1998.104" type="nursery" />
<cycle-start id="6447" type="scavenge" contextid="0" timestamp="2020-09-11T10:34:49.189" intervalms="1998.098" />
<gc-start id="6448" type="scavenge" contextid="6447" timestamp="2020-09-11T10:34:49.189">
  <mem-info id="6449" free="823604016" total="2821586944" percent="29">
    <mem type="nursery" free="0" total="939524096" percent="0">
      <mem type="allocate" free="0" total="788529152" percent="0" />
      <mem type="survivor" free="0" total="150994944" percent="0" />
    </mem>
    <mem type="tenure" free="823604016" total="1882062848" percent="43">
      <mem type="soa" free="804782896" total="1863241728" percent="43" />
      <mem type="loa" free="18821120" total="18821120" percent="100" />
    </mem>
    <remembered-set count="189017" />
  </mem-info>
</gc-start>
<allocation-stats totalBytes="682098112" >
  <allocated-bytes non-tlh="36391896" tlh="645706216" />
  <largest-consumer threadName="Group1.Backend.CompositeBackend{Tier1}.1" threadId="0000000000785E00" bytes="111390192" />
</allocation-stats>
<gc-op id="6450" type="scavenge" timems="83.601" contextid="6447" timestamp="2020-09-11T10:34:49.273">
  <scavenger-info tenureage="3" tenuremask="7ff8" tiltratio="83" />
  <memory-copied type="nursery" objects="3990750" bytes="107092944" bytesdiscarded="204736" />
  <memory-copied type="tenure" objects="998283" bytes="26828640" bytesdiscarded="125464" />
  <ownableSynchronizers candidates="3479" cleared="3220" />
  <references type="soft" candidates="163" cleared="0" enqueued="0" dynamicThreshold="17" maxThreshold="32" />
  <references type="weak" candidates="109" cleared="109" enqueued="0" />
</gc-op>
<gc-end id="6451" type="scavenge" contextid="6447" durationms="84.573" usertimems="661.764" systemtimems="0.000" timestamp="2020-09-11T10:34:49.274" activeThreads="8">
  <mem-info id="6452" free="1483799360" total="2821586944" percent="52">
    <mem type="nursery" free="687115008" total="939524096" percent="73">
      <mem type="allocate" free="687115008" total="794492928" percent="86" />
      <mem type="survivor" free="0" total="145031168" percent="0" />
    </mem>
    <mem type="tenure" free="796684352" total="1882062848" percent="42" macro-fragmented="0">
      <mem type="soa" free="777863232" total="1863241728" percent="41" />
      <mem type="loa" free="18821120" total="18821120" percent="100" />
    </mem>
    <remembered-set count="30416" />
  </mem-info>
</gc-end>
<cycle-end id="6453" type="scavenge" contextid="6447" timestamp="2020-09-11T10:34:49.275" />
<allocation-satisfied id="6454" threadId="0000000000854300" bytesRequested="24" />
<af-end id="6455" timestamp="2020-09-11T10:34:49.275" threadId="0000000000854C80" success="true" from="nursery"/>
<exclusive-end id="6456" timestamp="2020-09-11T10:34:49.275" durationms="87.000" />

<exclusive-start id="6457" timestamp="2020-09-11T10:34:51.249" intervalms="2060.291">
  <response-info timems="0.743" idlems="0.478" threads="1" lastid="00000000007F6F00" lastname="Group1.Backend.CompositeBackend{Tier1}.2" />
</exclusive-start>
<af-start id="6458" threadId="0000000000A5C480" totalBytesRequested="56" timestamp="2020-09-11T10:34:51.249" intervalms="2060.441" type="nursery" />
<cycle-start id="6459" type="scavenge" contextid="0" timestamp="2020-09-11T10:34:51.250" intervalms="2060.475" />
<gc-start id="6460" type="scavenge" contextid="6459" timestamp="2020-09-11T10:34:51.250">
  <mem-info id="6461" free="796684352" total="2821586944" percent="28">
    <mem type="nursery" free="0" total="939524096" percent="0">
      <mem type="allocate" free="0" total="794492928" percent="0" />
      <mem type="survivor" free="0" total="145031168" percent="0" />
    </mem>
    <mem type="tenure" free="796684352" total="1882062848" percent="42">
      <mem type="soa" free="777863232" total="1863241728" percent="41" />
      <mem type="loa" free="18821120" total="18821120" percent="100" />
    </mem>
    <remembered-set count="194716" />
  </mem-info>
</gc-start>
<allocation-stats totalBytes="686776160" >
  <allocated-bytes non-tlh="32110032" tlh="654666128" />
  <largest-consumer threadName="Group1.Backend.CompositeBackend{Tier1}.5" threadId="0000000000843100" bytes="128174632" />
</allocation-stats>
<gc-op id="6462" type="scavenge" timems="96.313" contextid="6459" timestamp="2020-09-11T10:34:51.346">
  <scavenger-info tenureage="3" tenuremask="7ff8" tiltratio="84" />
  <memory-copied type="nursery" objects="4033075" bytes="108199400" bytesdiscarded="262920" />
  <memory-copied type="tenure" objects="1078666" bytes="28992336" bytesdiscarded="120552" />
  <ownableSynchronizers candidates="3945" cleared="3688" />
  <references type="soft" candidates="169" cleared="0" enqueued="0" dynamicThreshold="17" maxThreshold="32" />
  <references type="weak" candidates="104" cleared="102" enqueued="0" />
</gc-op>
<gc-end id="6463" type="scavenge" contextid="6459" durationms="97.335" usertimems="682.678" systemtimems="0.000" timestamp="2020-09-11T10:34:51.347" activeThreads="8">
  <mem-info id="6464" free="1458053264" total="2821586944" percent="51">
    <mem type="nursery" free="690465024" total="939524096" percent="73">
      <mem type="allocate" free="690465024" total="799014912" percent="86" />
      <mem type="survivor" free="0" total="140509184" percent="0" />
    </mem>
    <mem type="tenure" free="767588240" total="1882062848" percent="40" macro-fragmented="0">
      <mem type="soa" free="748767120" total="1863241728" percent="40" />
      <mem type="loa" free="18821120" total="18821120" percent="100" />
    </mem>
    <remembered-set count="31024" />
  </mem-info>
</gc-end>
<cycle-end id="6465" type="scavenge" contextid="6459" timestamp="2020-09-11T10:34:51.348" />
<allocation-satisfied id="6466" threadId="0000000000A5BB00" bytesRequested="56" />
<af-end id="6467" timestamp="2020-09-11T10:34:51.348" threadId="0000000000A5C480" success="true" from="nursery"/>
<exclusive-end id="6468" timestamp="2020-09-11T10:34:51.348" durationms="99.769" />

<exclusive-start id="6469" timestamp="2020-09-11T10:34:53.305" intervalms="2056.273">
  <response-info timems="0.756" idlems="0.756" threads="0" lastid="0000000000843100" lastname="Group1.Backend.CompositeBackend{Tier1}.5" />
</exclusive-start>
<af-start id="6470" threadId="0000000000843A80" totalBytesRequested="120" timestamp="2020-09-11T10:34:53.306" intervalms="2056.151" type="nursery" />
<cycle-start id="6471" type="scavenge" contextid="0" timestamp="2020-09-11T10:34:53.306" intervalms="2056.115" />
<gc-start id="6472" type="scavenge" contextid="6471" timestamp="2020-09-11T10:34:53.306">
  <mem-info id="6473" free="767588240" total="2821586944" percent="27">
    <mem type="nursery" free="0" total="939524096" percent="0">
      <mem type="allocate" free="0" total="799014912" percent="0" />
      <mem type="survivor" free="0" total="140509184" percent="0" />
    </mem>
    <mem type="tenure" free="767588240" total="1882062848" percent="40">
      <mem type="soa" free="748767120" total="1863241728" percent="40" />
      <mem type="loa" free="18821120" total="18821120" percent="100" />
    </mem>
    <remembered-set count="190411" />
  </mem-info>
</gc-start>
<allocation-stats totalBytes="690151800" >
  <allocated-bytes non-tlh="37049696" tlh="653102104" />
  <largest-consumer threadName="Group1.Backend.CompositeBackend{Tier1}.5" threadId="0000000000843100" bytes="122302840" />
</allocation-stats>
<gc-op id="6474" type="scavenge" timems="110.447" contextid="6471" timestamp="2020-09-11T10:34:53.417">
  <scavenger-info tenureage="3" tenuremask="7ff8" tiltratio="85" />
  <memory-copied type="nursery" objects="4015957" bytes="107766200" bytesdiscarded="306296" />
  <memory-copied type="tenure" objects="1099576" bytes="29540264" bytesdiscarded="116592" />
  <ownableSynchronizers candidates="4348" cleared="4087" />
  <references type="soft" candidates="170" cleared="0" enqueued="0" dynamicThreshold="17" maxThreshold="32" />
  <references type="weak" candidates="132" cleared="132" enqueued="0" />
</gc-op>
<gc-end id="6475" type="scavenge" contextid="6471" durationms="111.430" usertimems="785.103" systemtimems="7.607" timestamp="2020-09-11T10:34:53.417" activeThreads="8">
  <mem-info id="6476" free="1432608104" total="2821586944" percent="50">
    <mem type="nursery" free="694722560" total="939524096" percent="73">
      <mem type="allocate" free="694722560" total="802881536" percent="86" />
      <mem type="survivor" free="0" total="136642560" percent="0" />
    </mem>
    <mem type="tenure" free="737885544" total="1882062848" percent="39" macro-fragmented="0">
      <mem type="soa" free="719064424" total="1863241728" percent="38" />
      <mem type="loa" free="18821120" total="18821120" percent="100" />
    </mem>
    <remembered-set count="29052" />
  </mem-info>
</gc-end>
<cycle-end id="6477" type="scavenge" contextid="6471" timestamp="2020-09-11T10:34:53.419" />
<allocation-satisfied id="6478" threadId="0000000000843100" bytesRequested="120" />
<af-end id="6479" timestamp="2020-09-11T10:34:53.419" threadId="0000000000843A80" success="true" from="nursery"/>
<exclusive-end id="6480" timestamp="2020-09-11T10:34:53.419" durationms="114.054" />

<exclusive-start id="6481" timestamp="2020-09-11T10:34:55.460" intervalms="2154.992">
  <response-info timems="0.830" idlems="0.830" threads="0" lastid="0000000000843D00" lastname="Group1.Backend.CompositeBackend{Tier1}.6" />
</exclusive-start>
<af-start id="6482" threadId="0000000000844680" totalBytesRequested="32" timestamp="2020-09-11T10:34:55.461" intervalms="2155.135" type="nursery" />
<cycle-start id="6483" type="scavenge" contextid="0" timestamp="2020-09-11T10:34:55.461" intervalms="2155.133" />
<gc-start id="6484" type="scavenge" contextid="6483" timestamp="2020-09-11T10:34:55.461">
  <mem-info id="6485" free="737885544" total="2821586944" percent="26">
    <mem type="nursery" free="0" total="939524096" percent="0">
      <mem type="allocate" free="0" total="802881536" percent="0" />
      <mem type="survivor" free="0" total="136642560" percent="0" />
    </mem>
    <mem type="tenure" free="737885544" total="1882062848" percent="39">
      <mem type="soa" free="719064424" total="1863241728" percent="38" />
      <mem type="loa" free="18821120" total="18821120" percent="100" />
    </mem>
    <remembered-set count="192650" />
  </mem-info>
</gc-start>
<allocation-stats totalBytes="694378200" >
  <allocated-bytes non-tlh="28619608" tlh="665758592" />
  <largest-consumer threadName="Group1.Backend.CompositeBackend{Tier1}.3" threadId="0000000000856800" bytes="113575264" />
</allocation-stats>
<gc-op id="6486" type="scavenge" timems="91.034" contextid="6483" timestamp="2020-09-11T10:34:55.552">
  <scavenger-info tenureage="3" tenuremask="7ff8" tiltratio="85" />
  <memory-copied type="nursery" objects="4103401" bytes="110060056" bytesdiscarded="216408" />
  <memory-copied type="tenure" objects="1032223" bytes="27752544" bytesdiscarded="106424" />
  <ownableSynchronizers candidates="4137" cleared="3888" />
  <references type="soft" candidates="165" cleared="0" enqueued="0" dynamicThreshold="17" maxThreshold="32" />
  <references type="weak" candidates="122" cleared="122" enqueued="0" />
</gc-op>
<gc-end id="6487" type="scavenge" contextid="6483" durationms="91.982" usertimems="692.412" systemtimems="4.007" timestamp="2020-09-11T10:34:55.553" activeThreads="8">
  <mem-info id="6488" free="1404864792" total="2821586944" percent="49">
    <mem type="nursery" free="694685696" total="939524096" percent="73">
      <mem type="allocate" free="694685696" total="805044224" percent="86" />
      <mem type="survivor" free="0" total="134479872" percent="0" />
    </mem>
    <mem type="tenure" free="710179096" total="1882062848" percent="37" macro-fragmented="0">
      <mem type="soa" free="691357976" total="1863241728" percent="37" />
      <mem type="loa" free="18821120" total="18821120" percent="100" />
    </mem>
    <remembered-set count="29458" />
  </mem-info>
</gc-end>
<cycle-end id="6489" type="scavenge" contextid="6483" timestamp="2020-09-11T10:34:55.554" />
<allocation-satisfied id="6490" threadId="0000000000843D00" bytesRequested="32" />
<af-end id="6491" timestamp="2020-09-11T10:34:55.554" threadId="0000000000844680" success="true" from="nursery"/>
<exclusive-end id="6492" timestamp="2020-09-11T10:34:55.554" durationms="94.387" />

<exclusive-start id="6493" timestamp="2020-09-11T10:34:57.630" intervalms="2170.544">
  <response-info timems="2.897" idlems="1.024" threads="2" lastid="0000000000842600" lastname="Group1.Backend.CompositeBackend{Tier1}.4" />
</exclusive-start>
<af-start id="6494" threadId="0000000000857180" totalBytesRequested="16" timestamp="2020-09-11T10:34:57.631" intervalms="2170.421" type="nursery" />
<cycle-start id="6495" type="scavenge" contextid="0" timestamp="2020-09-11T10:34:57.631" intervalms="2170.446" />
<gc-start id="6496" type="scavenge" contextid="6495" timestamp="2020-09-11T10:34:57.632">
  <mem-info id="6497" free="710179096" total="2821586944" percent="25">
    <mem type="nursery" free="0" total="939524096" percent="0">
      <mem type="allocate" free="0" total="805044224" percent="0" />
      <mem type="survivor" free="0" total="134479872" percent="0" />
    </mem>
    <mem type="tenure" free="710179096" total="1882062848" percent="37">
      <mem type="soa" free="691357976" total="1863241728" percent="37" />
      <mem type="loa" free="18821120" total="18821120" percent="100" />
    </mem>
    <remembered-set count="196818" />
  </mem-info>
</gc-start>
<allocation-stats totalBytes="694354968" >
  <allocated-bytes non-tlh="29674008" tlh="664680960" />
  <largest-consumer threadName="Group1.Backend.CompositeBackend{Tier1}.8" threadId="0000000000837900" bytes="119751616" />
</allocation-stats>
<gc-op id="6498" type="scavenge" timems="108.470" contextid="6495" timestamp="2020-09-11T10:34:57.740">
  <scavenger-info tenureage="3" tenuremask="7ff8" tiltratio="85" />
  <memory-copied type="nursery" objects="4110510" bytes="110264408" bytesdiscarded="193040" />
  <memory-copied type="tenure" objects="1118572" bytes="30044624" bytesdiscarded="108584" />
  <ownableSynchronizers candidates="3608" cleared="3354" />
  <references type="soft" candidates="170" cleared="0" enqueued="0" dynamicThreshold="17" maxThreshold="32" />
  <references type="weak" candidates="113" cleared="113" enqueued="0" />
</gc-op>
<gc-end id="6499" type="scavenge" contextid="6495" durationms="109.396" usertimems="800.922" systemtimems="4.741" timestamp="2020-09-11T10:34:57.741" activeThreads="8">
  <mem-info id="6500" free="1376595392" total="2821586944" percent="48">
    <mem type="nursery" free="696598528" total="939524096" percent="74">
      <mem type="allocate" free="696598528" total="807141376" percent="86" />
      <mem type="survivor" free="0" total="132382720" percent="0" />
    </mem>
    <mem type="tenure" free="679996864" total="1882062848" percent="36" macro-fragmented="0">
      <mem type="soa" free="661175744" total="1863241728" percent="35" />
      <mem type="loa" free="18821120" total="18821120" percent="100" />
    </mem>
    <remembered-set count="29812" />
  </mem-info>
</gc-end>
<cycle-end id="6501" type="scavenge" contextid="6495" timestamp="2020-09-11T10:34:57.742" />
<allocation-satisfied id="6502" threadId="0000000000856800" bytesRequested="16" />
<af-end id="6503" timestamp="2020-09-11T10:34:57.742" threadId="0000000000857180" success="true" from="nursery"/>
<exclusive-end id="6504" timestamp="2020-09-11T10:34:57.742" durationms="111.582" />

<exclusive-start id="6505" timestamp="2020-09-11T10:34:59.652" intervalms="2021.043">
  <response-info timems="0.661" idlems="0.661" threads="0" lastid="0000000000854300" lastname="Group1.Backend.CompositeBackend{Tier1}.7" />
</exclusive-start>
<af-start id="6506" threadId="0000000000854C80" totalBytesRequested="16" timestamp="2020-09-11T10:34:59.652" intervalms="2021.069" type="nursery" />
<cycle-start id="6507" type="scavenge" contextid="0" timestamp="2020-09-11T10:34:59.652" intervalms="2021.051" />
<gc-start id="6508" type="scavenge" contextid="6507" timestamp="2020-09-11T10:34:59.653">
  <mem-info id="6509" free="679996864" total="2821586944" percent="24">
    <mem type="nursery" free="0" total="939524096" percent="0">
      <mem type="allocate" free="0" total="807141376" percent="0" />
      <mem type="survivor" free="0" total="132382720" percent="0" />
    </mem>
    <mem type="tenure" free="679996864" total="1882062848" percent="36">
      <mem type="soa" free="661175744" total="1863241728" percent="35" />
      <mem type="loa" free="18821120" total="18821120" percent="100" />
    </mem>
    <remembered-set count="190492" />
  </mem-info>
</gc-start>
<allocation-stats totalBytes="696260448" >
  <allocated-bytes non-tlh="37562096" tlh="658698352" />
  <largest-consumer threadName="Group1.Backend.CompositeBackend{Tier1}.1" threadId="0000000000785E00" bytes="115984776" />
</allocation-stats>
<gc-op id="6510" type="scavenge" timems="106.761" contextid="6507" timestamp="2020-09-11T10:34:59.760">
  <scavenger-info tenureage="3" tenuremask="7ff8" tiltratio="85" />
  <memory-copied type="nursery" objects="4329352" bytes="115031912" bytesdiscarded="271440" />
  <memory-copied type="tenure" objects="1051659" bytes="28285144" bytesdiscarded="109056" />
  <ownableSynchronizers candidates="3883" cleared="3624" />
  <references type="soft" candidates="193" cleared="0" enqueued="0" dynamicThreshold="17" maxThreshold="32" />
  <references type="weak" candidates="108" cleared="108" enqueued="0" />
</gc-op>
<gc-end id="6511" type="scavenge" contextid="6507" durationms="107.675" usertimems="804.827" systemtimems="0.000" timestamp="2020-09-11T10:34:59.760" activeThreads="8">
  <mem-info id="6512" free="1341759616" total="2821586944" percent="47">
    <mem type="nursery" free="690313976" total="939524096" percent="73">
      <mem type="allocate" free="690313976" total="805699584" percent="85" />
      <mem type="survivor" free="0" total="133824512" percent="0" />
    </mem>
    <mem type="tenure" free="651445640" total="1882062848" percent="34" macro-fragmented="0">
      <mem type="soa" free="632624520" total="1863241728" percent="33" />
      <mem type="loa" free="18821120" total="18821120" percent="100" />
    </mem>
    <remembered-set count="30792" />
  </mem-info>
</gc-end>
<cycle-end id="6513" type="scavenge" contextid="6507" timestamp="2020-09-11T10:34:59.761" />
<allocation-satisfied id="6514" threadId="0000000000854300" bytesRequested="16" />
<af-end id="6515" timestamp="2020-09-11T10:34:59.761" threadId="0000000000854C80" success="true" from="nursery"/>
<exclusive-end id="6516" timestamp="2020-09-11T10:34:59.761" durationms="109.704" />

<exclusive-start id="6517" timestamp="2020-09-11T10:35:01.820" intervalms="2168.877">
  <response-info timems="0.296" idlems="0.292" threads="1" lastid="0000000000843D00" lastname="Group1.Backend.CompositeBackend{Tier1}.6" />
</exclusive-start>
<af-start id="6518" threadId="0000000000842F80" totalBytesRequested="24" timestamp="2020-09-11T10:35:01.821" intervalms="2168.856" type="nursery" />
<cycle-start id="6519" type="scavenge" contextid="0" timestamp="2020-09-11T10:35:01.821" intervalms="2168.843" />
<gc-start id="6520" type="scavenge" contextid="6519" timestamp="2020-09-11T10:35:01.822">
  <mem-info id="6521" free="651445640" total="2821586944" percent="23">
    <mem type="nursery" free="0" total="939524096" percent="0">
      <mem type="allocate" free="0" total="805699584" percent="0" />
      <mem type="survivor" free="0" total="133824512" percent="0" />
    </mem>
    <mem type="tenure" free="651445640" total="1882062848" percent="34">
      <mem type="soa" free="632624520" total="1863241728" percent="33" />
      <mem type="loa" free="18821120" total="18821120" percent="100" />
    </mem>
    <remembered-set count="196634" />
  </mem-info>
</gc-start>
<allocation-stats totalBytes="689980192" >
  <allocated-bytes non-tlh="26284696" tlh="663695496" />
  <largest-consumer threadName="Group1.Backend.CompositeBackend{Tier1}.1" threadId="0000000000785E00" bytes="108928744" />
</allocation-stats>
<gc-op id="6522" type="scavenge" timems="111.104" contextid="6519" timestamp="2020-09-11T10:35:01.933">
  <scavenger-info tenureage="3" tenuremask="7ff8" tiltratio="85" />
  <memory-copied type="nursery" objects="4500480" bytes="118877040" bytesdiscarded="306048" />
  <memory-copied type="tenure" objects="1097595" bytes="29522456" bytesdiscarded="122000" />
  <ownableSynchronizers candidates="4497" cleared="4227" />
  <references type="soft" candidates="204" cleared="0" enqueued="0" dynamicThreshold="17" maxThreshold="32" />
  <references type="weak" candidates="108" cleared="108" enqueued="0" />
</gc-op>
<gc-end id="6523" type="scavenge" contextid="6519" durationms="112.121" usertimems="854.558" systemtimems="7.406" timestamp="2020-09-11T10:35:01.934" activeThreads="8">
  <mem-info id="6524" free="1305484408" total="2821586944" percent="46">
    <mem type="nursery" free="683475176" total="939524096" percent="72">
      <mem type="allocate" free="683475176" total="802750464" percent="85" />
      <mem type="survivor" free="0" total="136773632" percent="0" />
    </mem>
    <mem type="tenure" free="622009232" total="1882062848" percent="33" macro-fragmented="0">
      <mem type="soa" free="603188112" total="1863241728" percent="32" />
      <mem type="loa" free="18821120" total="18821120" percent="100" />
    </mem>
    <remembered-set count="31126" />
  </mem-info>
</gc-end>
<cycle-end id="6525" type="scavenge" contextid="6519" timestamp="2020-09-11T10:35:01.934" />
<allocation-satisfied id="6526" threadId="0000000000842600" bytesRequested="24" />
<af-end id="6527" timestamp="2020-09-11T10:35:01.935" threadId="0000000000842F80" success="true" from="nursery"/>
<exclusive-end id="6528" timestamp="2020-09-11T10:35:01.935" durationms="114.126" />

<exclusive-start id="6529" timestamp="2020-09-11T10:35:03.860" intervalms="2039.439">
  <response-info timems="2.824" idlems="2.824" threads="0" lastid="0000000000785E00" lastname="Group1.Backend.CompositeBackend{Tier1}.1" />
</exclusive-start>
<af-start id="6530" threadId="0000000000786780" totalBytesRequested="784" timestamp="2020-09-11T10:35:03.861" intervalms="2039.458" type="nursery" />
<cycle-start id="6531" type="scavenge" contextid="0" timestamp="2020-09-11T10:35:03.861" intervalms="2039.468" />
<gc-start id="6532" type="scavenge" contextid="6531" timestamp="2020-09-11T10:35:03.861">
  <mem-info id="6533" free="622009232" total="2821586944" percent="22">
    <mem type="nursery" free="0" total="939524096" percent="0">
      <mem type="allocate" free="0" total="802750464" percent="0" />
      <mem type="survivor" free="0" total="136773632" percent="0" />
    </mem>
    <mem type="tenure" free="622009232" total="1882062848" percent="33">
      <mem type="soa" free="603188112" total="1863241728" percent="32" />
      <mem type="loa" free="18821120" total="18821120" percent="100" />
    </mem>
    <remembered-set count="191669" />
  </mem-info>
</gc-start>
<allocation-stats totalBytes="683154192" >
  <allocated-bytes non-tlh="32935504" tlh="650218688" />
  <largest-consumer threadName="Group1.Backend.CompositeBackend{Tier1}.4" threadId="0000000000842600" bytes="100605112" />
</allocation-stats>
<gc-op id="6534" type="scavenge" timems="106.107" contextid="6531" timestamp="2020-09-11T10:35:03.967">
  <scavenger-info tenureage="3" tenuremask="7ff8" tiltratio="85" />
  <memory-copied type="nursery" objects="4304846" bytes="114431152" bytesdiscarded="231704" />
  <memory-copied type="tenure" objects="1120610" bytes="30108944" bytesdiscarded="119456" />
  <ownableSynchronizers candidates="3767" cleared="3492" />
  <references type="soft" candidates="213" cleared="0" enqueued="0" dynamicThreshold="17" maxThreshold="32" />
  <references type="weak" candidates="117" cleared="117" enqueued="0" />
</gc-op>
<gc-end id="6535" type="scavenge" contextid="6531" durationms="107.082" usertimems="772.262" systemtimems="0.000" timestamp="2020-09-11T10:35:03.968" activeThreads="8">
  <mem-info id="6536" free="1280496400" total="2821586944" percent="45">
    <mem type="nursery" free="688721656" total="939524096" percent="73">
      <mem type="allocate" free="688721656" total="803471360" percent="85" />
      <mem type="survivor" free="0" total="136052736" percent="0" />
    </mem>
    <mem type="tenure" free="591774744" total="1882062848" percent="31" macro-fragmented="0">
      <mem type="soa" free="572953624" total="1863241728" percent="30" />
      <mem type="loa" free="18821120" total="18821120" percent="100" />
    </mem>
    <remembered-set count="30449" />
  </mem-info>
</gc-end>
<cycle-end id="6537" type="scavenge" contextid="6531" timestamp="2020-09-11T10:35:03.969" />
<allocation-satisfied id="6538" threadId="0000000000785E00" bytesRequested="784" />
<af-end id="6539" timestamp="2020-09-11T10:35:03.969" threadId="0000000000786780" success="true" from="nursery"/>
<exclusive-end id="6540" timestamp="2020-09-11T10:35:03.969" durationms="109.384" />

<exclusive-start id="6541" timestamp="2020-09-11T10:35:05.893" intervalms="2033.037">
  <response-info timems="0.465" idlems="0.457" threads="1" lastid="0000000000843D00" lastname="Group1.Backend.CompositeBackend{Tier1}.6" />
</exclusive-start>
<af-start id="6542" threadId="0000000000857180" totalBytesRequested="32" timestamp="2020-09-11T10:35:05.894" intervalms="2033.054" type="nursery" />
<cycle-start id="6543" type="scavenge" contextid="0" timestamp="2020-09-11T10:35:05.894" intervalms="2033.051" />
<gc-start id="6544" type="scavenge" contextid="6543" timestamp="2020-09-11T10:35:05.894">
  <mem-info id="6545" free="591774744" total="2821586944" percent="20">
    <mem type="nursery" free="0" total="939524096" percent="0">
      <mem type="allocate" free="0" total="803471360" percent="0" />
      <mem type="survivor" free="0" total="136052736" percent="0" />
    </mem>
    <mem type="tenure" free="591774744" total="1882062848" percent="31">
      <mem type="soa" free="572953624" total="1863241728" percent="30" />
      <mem type="loa" free="18821120" total="18821120" percent="100" />
    </mem>
    <remembered-set count="191524" />
  </mem-info>
</gc-start>
<allocation-stats totalBytes="688401664" >
  <allocated-bytes non-tlh="34425104" tlh="653976560" />
  <largest-consumer threadName="Group1.Backend.CompositeBackend{Tier1}.8" threadId="0000000000837900" bytes="93542216" />
</allocation-stats>
<gc-op id="6546" type="scavenge" timems="111.406" contextid="6543" timestamp="2020-09-11T10:35:06.006">
  <scavenger-info tenureage="3" tenuremask="7ff8" tiltratio="85" />
  <memory-copied type="nursery" objects="4384616" bytes="116683400" bytesdiscarded="125648" />
  <memory-copied type="tenure" objects="1056779" bytes="28380400" bytesdiscarded="107312" />
  <ownableSynchronizers candidates="3624" cleared="3353" />
  <references type="soft" candidates="190" cleared="0" enqueued="0" dynamicThreshold="17" maxThreshold="32" />
  <references type="weak" candidates="122" cleared="122" enqueued="0" />
</gc-op>
<gc-end id="6547" type="scavenge" contextid="6543" durationms="112.317" usertimems="817.906" systemtimems="0.000" timestamp="2020-09-11T10:35:06.006" activeThreads="8">
  <mem-info id="6548" free="1250425952" total="2821586944" percent="44">
    <mem type="nursery" free="687161832" total="939524096" percent="73">
      <mem type="allocate" free="687161832" total="804061184" percent="85" />
      <mem type="survivor" free="0" total="135462912" percent="0" />
    </mem>
    <mem type="tenure" free="563264120" total="1882062848" percent="29" macro-fragmented="0">
      <mem type="soa" free="544443000" total="1863241728" percent="29" />
      <mem type="loa" free="18821120" total="18821120" percent="100" />
    </mem>
    <remembered-set count="28373" />
  </mem-info>
</gc-end>
<cycle-end id="6549" type="scavenge" contextid="6543" timestamp="2020-09-11T10:35:06.010" />
<allocation-satisfied id="6550" threadId="0000000000856800" bytesRequested="32" />
<af-end id="6551" timestamp="2020-09-11T10:35:06.010" threadId="0000000000857180" success="true" from="nursery"/>
<exclusive-end id="6552" timestamp="2020-09-11T10:35:06.010" durationms="117.243" />

<exclusive-start id="6553" timestamp="2020-09-11T10:35:07.950" intervalms="2057.469">
  <response-info timems="0.334" idlems="0.224" threads="2" lastid="0000000000856800" lastname="Group1.Backend.CompositeBackend{Tier1}.3" />
</exclusive-start>
<af-start id="6554" threadId="00000000007F7880" totalBytesRequested="784" timestamp="2020-09-11T10:35:07.951" intervalms="2057.337" type="nursery" />
<cycle-start id="6555" type="scavenge" contextid="0" timestamp="2020-09-11T10:35:07.951" intervalms="2057.326" />
<gc-start id="6556" type="scavenge" contextid="6555" timestamp="2020-09-11T10:35:07.951">
  <mem-info id="6557" free="563264120" total="2821586944" percent="19">
    <mem type="nursery" free="0" total="939524096" percent="0">
      <mem type="allocate" free="0" total="804061184" percent="0" />
      <mem type="survivor" free="0" total="135462912" percent="0" />
    </mem>
    <mem type="tenure" free="563264120" total="1882062848" percent="29">
      <mem type="soa" free="544443000" total="1863241728" percent="29" />
      <mem type="loa" free="18821120" total="18821120" percent="100" />
    </mem>
    <remembered-set count="190195" />
  </mem-info>
</gc-start>
<allocation-stats totalBytes="686834760" >
  <allocated-bytes non-tlh="35717960" tlh="651116800" />
  <largest-consumer threadName="Group1.Backend.CompositeBackend{Tier1}.2" threadId="00000000007F6F00" bytes="97764520" />
</allocation-stats>
<gc-op id="6558" type="scavenge" timems="114.825" contextid="6555" timestamp="2020-09-11T10:35:08.066">
  <scavenger-info tenureage="3" tenuremask="7ff8" tiltratio="85" />
  <memory-copied type="nursery" objects="4365304" bytes="115656376" bytesdiscarded="196520" />
  <memory-copied type="tenure" objects="1131335" bytes="30413552" bytesdiscarded="137296" />
  <ownableSynchronizers candidates="3203" cleared="2949" />
  <references type="soft" candidates="183" cleared="0" enqueued="0" dynamicThreshold="17" maxThreshold="32" />
  <references type="weak" candidates="112" cleared="112" enqueued="0" />
</gc-op>
<gc-end id="6559" type="scavenge" contextid="6555" durationms="115.763" usertimems="843.447" systemtimems="0.000" timestamp="2020-09-11T10:35:08.067" activeThreads="8">
  <mem-info id="6560" free="1221687384" total="2821586944" percent="43">
    <mem type="nursery" free="689047584" total="939524096" percent="73">
      <mem type="allocate" free="689047584" total="804978688" percent="85" />
      <mem type="survivor" free="0" total="134545408" percent="0" />
    </mem>
    <mem type="tenure" free="532639800" total="1882062848" percent="28" macro-fragmented="0">
      <mem type="soa" free="513818680" total="1863241728" percent="27" />
      <mem type="loa" free="18821120" total="18821120" percent="100" />
    </mem>
    <remembered-set count="28385" />
  </mem-info>
</gc-end>
<cycle-end id="6561" type="scavenge" contextid="6555" timestamp="2020-09-11T10:35:08.071" />
<allocation-satisfied id="6562" threadId="00000000007F6F00" bytesRequested="784" />
<af-end id="6563" timestamp="2020-09-11T10:35:08.071" threadId="00000000007F7880" success="true" from="nursery"/>
<exclusive-end id="6564" timestamp="2020-09-11T10:35:08.071" durationms="120.604" />

<exclusive-start id="6565" timestamp="2020-09-11T10:35:10.059" intervalms="2109.088">
  <response-info timems="0.854" idlems="0.854" threads="0" lastid="00000000007F6F00" lastname="Group1.Backend.CompositeBackend{Tier1}.2" />
</exclusive-start>
<af-start id="6566" threadId="00000000007F7880" totalBytesRequested="24" timestamp="2020-09-11T10:35:10.060" intervalms="2109.099" type="nursery" />
<cycle-start id="6567" type="scavenge" contextid="0" timestamp="2020-09-11T10:35:10.060" intervalms="2109.106" />
<gc-start id="6568" type="scavenge" contextid="6567" timestamp="2020-09-11T10:35:10.061">
  <mem-info id="6569" free="532639800" total="2821586944" percent="18">
    <mem type="nursery" free="0" total="939524096" percent="0">
      <mem type="allocate" free="0" total="804978688" percent="0" />
      <mem type="survivor" free="0" total="134545408" percent="0" />
    </mem>
    <mem type="tenure" free="532639800" total="1882062848" percent="28">
      <mem type="soa" free="513818680" total="1863241728" percent="27" />
      <mem type="loa" free="18821120" total="18821120" percent="100" />
    </mem>
    <remembered-set count="192826" />
  </mem-info>
</gc-start>
<allocation-stats totalBytes="688713024" >
  <allocated-bytes non-tlh="31171888" tlh="657541136" />
  <largest-consumer threadName="Group1.Backend.CompositeBackend{Tier1}.6" threadId="0000000000843D00" bytes="92963856" />
</allocation-stats>
<gc-op id="6570" type="scavenge" timems="102.152" contextid="6567" timestamp="2020-09-11T10:35:10.163">
  <scavenger-info tenureage="3" tenuremask="7ff8" tiltratio="85" />
  <memory-copied type="nursery" objects="4170505" bytes="111516432" bytesdiscarded="159992" />
  <memory-copied type="tenure" objects="1076203" bytes="28956936" bytesdiscarded="117464" />
  <ownableSynchronizers candidates="3312" cleared="3083" />
  <references type="soft" candidates="167" cleared="0" enqueued="0" dynamicThreshold="17" maxThreshold="32" />
  <references type="weak" candidates="108" cleared="108" enqueued="0" />
</gc-op>
<gc-end id="6571" type="scavenge" contextid="6567" durationms="102.971" usertimems="740.249" systemtimems="2.029" timestamp="2020-09-11T10:35:10.163" activeThreads="8">
  <mem-info id="6572" free="1197801968" total="2821586944" percent="42">
    <mem type="nursery" free="694201584" total="939524096" percent="73">
      <mem type="allocate" free="694201584" total="805961728" percent="86" />
      <mem type="survivor" free="0" total="133562368" percent="0" />
    </mem>
    <mem type="tenure" free="503600384" total="1882062848" percent="26" macro-fragmented="0">
      <mem type="soa" free="484779264" total="1863241728" percent="26" />
      <mem type="loa" free="18821120" total="18821120" percent="100" />
    </mem>
    <remembered-set count="30947" />
  </mem-info>
</gc-end>
<cycle-end id="6573" type="scavenge" contextid="6567" timestamp="2020-09-11T10:35:10.165" />
<allocation-satisfied id="6574" threadId="00000000007F6F00" bytesRequested="24" />
<af-end id="6575" timestamp="2020-09-11T10:35:10.165" threadId="00000000007F7880" success="true" from="nursery"/>
<exclusive-end id="6576" timestamp="2020-09-11T10:35:10.165" durationms="105.176" />

<exclusive-start id="6577" timestamp="2020-09-11T10:35:12.144" intervalms="2084.307">
  <response-info timems="0.931" idlems="0.931" threads="0" lastid="0000000000837900" lastname="Group1.Backend.CompositeBackend{Tier1}.8" />
</exclusive-start>
<af-start id="6578" threadId="0000000000838280" totalBytesRequested="16" timestamp="2020-09-11T10:35:12.144" intervalms="2084.332" type="nursery" />
<cycle-start id="6579" type="scavenge" contextid="0" timestamp="2020-09-11T10:35:12.145" intervalms="2084.338" />
<gc-start id="6580" type="scavenge" contextid="6579" timestamp="2020-09-11T10:35:12.145">
  <mem-info id="6581" free="503600384" total="2821586944" percent="17">
    <mem type="nursery" free="0" total="939524096" percent="0">
      <mem type="allocate" free="0" total="805961728" percent="0" />
      <mem type="survivor" free="0" total="133562368" percent="0" />
    </mem>
    <mem type="tenure" free="503600384" total="1882062848" percent="26">
      <mem type="soa" free="484779264" total="1863241728" percent="26" />
      <mem type="loa" free="18821120" total="18821120" percent="100" />
    </mem>
    <remembered-set count="193616" />
  </mem-info>
</gc-start>
<allocation-stats totalBytes="693886032" >
  <allocated-bytes non-tlh="34717584" tlh="659168448" />
  <largest-consumer threadName="Group1.Backend.CompositeBackend{Tier1}.8" threadId="0000000000837900" bytes="93754448" />
</allocation-stats>
<gc-op id="6582" type="scavenge" timems="103.821" contextid="6579" timestamp="2020-09-11T10:35:12.249">
  <scavenger-info tenureage="3" tenuremask="7ff8" tiltratio="85" />
  <memory-copied type="nursery" objects="4059907" bytes="108938328" bytesdiscarded="303224" />
  <memory-copied type="tenure" objects="1062713" bytes="28572808" bytesdiscarded="132112" />
  <ownableSynchronizers candidates="3567" cleared="3353" />
  <references type="soft" candidates="165" cleared="0" enqueued="0" dynamicThreshold="17" maxThreshold="32" />
  <references type="weak" candidates="138" cleared="137" enqueued="0" />
</gc-op>
<gc-end id="6583" type="scavenge" contextid="6579" durationms="104.629" usertimems="754.319" systemtimems="0.669" timestamp="2020-09-11T10:35:12.249" activeThreads="8">
  <mem-info id="6584" free="1173366296" total="2821586944" percent="41">
    <mem type="nursery" free="698405632" total="939524096" percent="74">
      <mem type="allocate" free="698405632" total="807731200" percent="86" />
      <mem type="survivor" free="0" total="131792896" percent="0" />
    </mem>
    <mem type="tenure" free="474960664" total="1882062848" percent="25" macro-fragmented="0">
      <mem type="soa" free="456139544" total="1863241728" percent="24" />
      <mem type="loa" free="18821120" total="18821120" percent="100" />
    </mem>
    <remembered-set count="32508" />
  </mem-info>
</gc-end>
<cycle-end id="6585" type="scavenge" contextid="6579" timestamp="2020-09-11T10:35:12.250" />
<allocation-satisfied id="6586" threadId="0000000000837900" bytesRequested="16" />
<af-end id="6587" timestamp="2020-09-11T10:35:12.251" threadId="0000000000838280" success="true" from="nursery"/>
<exclusive-end id="6588" timestamp="2020-09-11T10:35:12.251" durationms="107.033" />

<exclusive-start id="6589" timestamp="2020-09-11T10:35:14.307" intervalms="2162.959">
  <response-info timems="0.583" idlems="0.583" threads="0" lastid="0000000000785E00" lastname="Group1.Backend.CompositeBackend{Tier1}.1" />
</exclusive-start>
<af-start id="6590" threadId="0000000000786780" totalBytesRequested="16" timestamp="2020-09-11T10:35:14.307" intervalms="2163.085" type="nursery" />
<cycle-start id="6591" type="scavenge" contextid="0" timestamp="2020-09-11T10:35:14.308" intervalms="2163.085" />
<gc-start id="6592" type="scavenge" contextid="6591" timestamp="2020-09-11T10:35:14.309">
  <mem-info id="6593" free="474960664" total="2821586944" percent="16">
    <mem type="nursery" free="0" total="939524096" percent="0">
      <mem type="allocate" free="0" total="807731200" percent="0" />
      <mem type="survivor" free="0" total="131792896" percent="0" />
    </mem>
    <mem type="tenure" free="474960664" total="1882062848" percent="25">
      <mem type="soa" free="456139544" total="1863241728" percent="24" />
      <mem type="loa" free="18821120" total="18821120" percent="100" />
    </mem>
    <remembered-set count="198584" />
  </mem-info>
</gc-start>
<allocation-stats totalBytes="698069576" >
  <allocated-bytes non-tlh="28620344" tlh="669449232" />
  <largest-consumer threadName="Group1.Backend.CompositeBackend{Tier1}.1" threadId="0000000000785E00" bytes="95741208" />
</allocation-stats>
<gc-op id="6594" type="scavenge" timems="103.700" contextid="6591" timestamp="2020-09-11T10:35:14.413">
  <scavenger-info tenureage="3" tenuremask="7ff8" tiltratio="85" />
  <memory-copied type="nursery" objects="4246116" bytes="113710096" bytesdiscarded="237560" />
  <memory-copied type="tenure" objects="1058744" bytes="28434240" bytesdiscarded="121368" />
  <ownableSynchronizers candidates="3428" cleared="3218" />
  <references type="soft" candidates="160" cleared="0" enqueued="0" dynamicThreshold="17" maxThreshold="32" />
  <references type="weak" candidates="107" cleared="107" enqueued="0" />
</gc-op>
<gc-end id="6595" type="scavenge" contextid="6591" durationms="104.597" usertimems="804.299" systemtimems="0.000" timestamp="2020-09-11T10:35:14.413" activeThreads="8">
  <mem-info id="6596" free="1139812784" total="2821586944" percent="40">
    <mem type="nursery" free="693496824" total="939524096" percent="73">
      <mem type="allocate" free="693496824" total="807534592" percent="85" />
      <mem type="survivor" free="0" total="131989504" percent="0" />
    </mem>
    <mem type="tenure" free="446315960" total="1882062848" percent="23" macro-fragmented="0">
      <mem type="soa" free="427494840" total="1863241728" percent="22" />
      <mem type="loa" free="18821120" total="18821120" percent="100" />
    </mem>
    <remembered-set count="31189" />
  </mem-info>
</gc-end>
<cycle-end id="6597" type="scavenge" contextid="6591" timestamp="2020-09-11T10:35:14.415" />
<allocation-satisfied id="6598" threadId="0000000000785E00" bytesRequested="16" />
<af-end id="6599" timestamp="2020-09-11T10:35:14.415" threadId="0000000000786780" success="true" from="nursery"/>
<exclusive-end id="6600" timestamp="2020-09-11T10:35:14.415" durationms="107.909" />

<exclusive-start id="6601" timestamp="2020-09-11T10:35:16.468" intervalms="2161.104">
  <response-info timems="0.423" idlems="0.423" threads="0" lastid="0000000000856800" lastname="Group1.Backend.CompositeBackend{Tier1}.3" />
</exclusive-start>
<af-start id="6602" threadId="0000000000857180" totalBytesRequested="16" timestamp="2020-09-11T10:35:16.469" intervalms="2161.167" type="nursery" />
<cycle-start id="6603" type="scavenge" contextid="0" timestamp="2020-09-11T10:35:16.469" intervalms="2161.161" />
<gc-start id="6604" type="scavenge" contextid="6603" timestamp="2020-09-11T10:35:16.469">
  <mem-info id="6605" free="446315960" total="2821586944" percent="15">
    <mem type="nursery" free="0" total="939524096" percent="0">
      <mem type="allocate" free="0" total="807534592" percent="0" />
      <mem type="survivor" free="0" total="131989504" percent="0" />
    </mem>
    <mem type="tenure" free="446315960" total="1882062848" percent="23">
      <mem type="soa" free="427494840" total="1863241728" percent="22" />
      <mem type="loa" free="18821120" total="18821120" percent="100" />
    </mem>
    <remembered-set count="196152" />
  </mem-info>
</gc-start>
<allocation-stats totalBytes="693144584" >
  <allocated-bytes non-tlh="29191312" tlh="663953272" />
  <largest-consumer threadName="Group1.Backend.CompositeBackend{Tier1}.8" threadId="0000000000837900" bytes="92675080" />
</allocation-stats>
<gc-op id="6606" type="scavenge" timems="105.035" contextid="6603" timestamp="2020-09-11T10:35:16.574">
  <scavenger-info tenureage="3" tenuremask="7ff8" tiltratio="85" />
  <memory-copied type="nursery" objects="4298351" bytes="114722248" bytesdiscarded="421528" />
  <memory-copied type="tenure" objects="1110021" bytes="29830568" bytesdiscarded="125840" />
  <ownableSynchronizers candidates="3717" cleared="3490" />
  <references type="soft" candidates="179" cleared="0" enqueued="0" dynamicThreshold="17" maxThreshold="32" />
  <references type="weak" candidates="117" cleared="117" enqueued="0" />
</gc-op>
<gc-end id="6607" type="scavenge" contextid="6603" durationms="105.857" usertimems="811.510" systemtimems="3.723" timestamp="2020-09-11T10:35:16.575" activeThreads="8">
  <mem-info id="6608" free="1110575216" total="2821586944" percent="39">
    <mem type="nursery" free="694142168" total="939524096" percent="73">
      <mem type="allocate" free="694142168" total="809369600" percent="85" />
      <mem type="survivor" free="0" total="130154496" percent="0" />
    </mem>
    <mem type="tenure" free="416433048" total="1882062848" percent="22" macro-fragmented="0">
      <mem type="soa" free="397611928" total="1863241728" percent="21" />
      <mem type="loa" free="18821120" total="18821120" percent="100" />
    </mem>
    <remembered-set count="31212" />
  </mem-info>
</gc-end>
<cycle-end id="6609" type="scavenge" contextid="6603" timestamp="2020-09-11T10:35:16.576" />
<allocation-satisfied id="6610" threadId="0000000000856800" bytesRequested="16" />
<af-end id="6611" timestamp="2020-09-11T10:35:16.576" threadId="0000000000857180" success="true" from="nursery"/>
<exclusive-end id="6612" timestamp="2020-09-11T10:35:16.576" durationms="108.171" />

<exclusive-start id="6613" timestamp="2020-09-11T10:35:18.541" intervalms="2073.091">
  <response-info timems="0.507" idlems="0.507" threads="0" lastid="0000000000854300" lastname="Group1.Backend.CompositeBackend{Tier1}.7" />
</exclusive-start>
<af-start id="6614" threadId="0000000000854C80" totalBytesRequested="24" timestamp="2020-09-11T10:35:18.542" intervalms="2073.090" type="nursery" />
<cycle-start id="6615" type="scavenge" contextid="0" timestamp="2020-09-11T10:35:18.542" intervalms="2073.092" />
<gc-start id="6616" type="scavenge" contextid="6615" timestamp="2020-09-11T10:35:18.542">
  <mem-info id="6617" free="416433048" total="2821586944" percent="14">
    <mem type="nursery" free="0" total="939524096" percent="0">
      <mem type="allocate" free="0" total="809369600" percent="0" />
      <mem type="survivor" free="0" total="130154496" percent="0" />
    </mem>
    <mem type="tenure" free="416433048" total="1882062848" percent="22">
      <mem type="soa" free="397611928" total="1863241728" percent="21" />
      <mem type="loa" free="18821120" total="18821120" percent="100" />
    </mem>
    <remembered-set count="193307" />
  </mem-info>
</gc-start>
<allocation-stats totalBytes="693811512" >
  <allocated-bytes non-tlh="35173064" tlh="658638448" />
  <largest-consumer threadName="Group1.Backend.CompositeBackend{Tier1}.7" threadId="0000000000854300" bytes="112790032" />
</allocation-stats>
<gc-op id="6618" type="scavenge" timems="103.883" contextid="6615" timestamp="2020-09-11T10:35:18.646">
  <scavenger-info tenureage="3" tenuremask="7ff8" tiltratio="86" />
  <memory-copied type="nursery" objects="4305165" bytes="115038416" bytesdiscarded="187608" />
  <memory-copied type="tenure" objects="1077585" bytes="28956952" bytesdiscarded="111032" />
  <ownableSynchronizers candidates="3934" cleared="3690" />
  <references type="soft" candidates="195" cleared="0" enqueued="0" dynamicThreshold="17" maxThreshold="32" />
  <references type="weak" candidates="112" cleared="112" enqueued="0" />
</gc-op>
<gc-end id="6619" type="scavenge" contextid="6615" durationms="104.844" usertimems="755.313" systemtimems="0.000" timestamp="2020-09-11T10:35:18.647" activeThreads="8">
  <mem-info id="6620" free="1082134592" total="2821586944" percent="38">
    <mem type="nursery" free="694784120" total="939524096" percent="73">
      <mem type="allocate" free="694784120" total="810090496" percent="85" />
      <mem type="survivor" free="0" total="129433600" percent="0" />
    </mem>
    <mem type="tenure" free="387350472" total="1882062848" percent="20" macro-fragmented="0">
      <mem type="soa" free="368529352" total="1863241728" percent="19" />
      <mem type="loa" free="18821120" total="18821120" percent="100" />
    </mem>
    <remembered-set count="30815" />
  </mem-info>
</gc-end>
<cycle-end id="6621" type="scavenge" contextid="6615" timestamp="2020-09-11T10:35:18.648" />
<allocation-satisfied id="6622" threadId="0000000000854300" bytesRequested="24" />
<af-end id="6623" timestamp="2020-09-11T10:35:18.648" threadId="0000000000854C80" success="true" from="nursery"/>
<exclusive-end id="6624" timestamp="2020-09-11T10:35:18.648" durationms="106.895" />

<exclusive-start id="6625" timestamp="2020-09-11T10:35:20.717" intervalms="2176.426">
  <response-info timems="0.654" idlems="0.654" threads="0" lastid="0000000000837900" lastname="Group1.Backend.CompositeBackend{Tier1}.8" />
</exclusive-start>
<af-start id="6626" threadId="0000000000838280" totalBytesRequested="24" timestamp="2020-09-11T10:35:20.720" intervalms="2177.828" type="nursery" />
<cycle-start id="6627" type="scavenge" contextid="0" timestamp="2020-09-11T10:35:20.720" intervalms="2177.999" />
<gc-start id="6628" type="scavenge" contextid="6627" timestamp="2020-09-11T10:35:20.721">
  <mem-info id="6629" free="387350472" total="2821586944" percent="13">
    <mem type="nursery" free="0" total="939524096" percent="0">
      <mem type="allocate" free="0" total="810090496" percent="0" />
      <mem type="survivor" free="0" total="129433600" percent="0" />
    </mem>
    <mem type="tenure" free="387350472" total="1882062848" percent="20">
      <mem type="soa" free="368529352" total="1863241728" percent="19" />
      <mem type="loa" free="18821120" total="18821120" percent="100" />
    </mem>
    <remembered-set count="196417" />
  </mem-info>
</gc-start>
<allocation-stats totalBytes="694455776" >
  <allocated-bytes non-tlh="28472992" tlh="665982784" />
  <largest-consumer threadName="Group1.Backend.CompositeBackend{Tier1}.3" threadId="0000000000856800" bytes="97305560" />
</allocation-stats>
<gc-op id="6630" type="scavenge" timems="145.205" contextid="6627" timestamp="2020-09-11T10:35:20.866">
  <scavenger-info tenureage="3" tenuremask="7ff8" tiltratio="86" />
  <memory-copied type="nursery" objects="4459418" bytes="118250496" bytesdiscarded="342176" />
  <memory-copied type="tenure" objects="1120480" bytes="30117024" bytesdiscarded="157936" />
  <ownableSynchronizers candidates="3738" cleared="3488" />
  <references type="soft" candidates="202" cleared="0" enqueued="0" dynamicThreshold="17" maxThreshold="32" />
  <references type="weak" candidates="107" cleared="107" enqueued="0" />
</gc-op>
<gc-end id="6631" type="scavenge" contextid="6627" durationms="146.449" usertimems="1025.256" systemtimems="15.340" timestamp="2020-09-11T10:35:20.867" activeThreads="8">
  <mem-info id="6632" free="1043230776" total="2821586944" percent="36">
    <mem type="nursery" free="686101488" total="939524096" percent="73">
      <mem type="allocate" free="686101488" total="804782080" percent="85" />
      <mem type="survivor" free="0" total="134742016" percent="0" />
    </mem>
    <mem type="tenure" free="357129288" total="1882062848" percent="18" macro-fragmented="0">
      <mem type="soa" free="338308168" total="1863241728" percent="18" />
      <mem type="loa" free="18821120" total="18821120" percent="100" />
    </mem>
    <remembered-set count="30588" />
  </mem-info>
</gc-end>
<cycle-end id="6633" type="scavenge" contextid="6627" timestamp="2020-09-11T10:35:20.868" />
<allocation-satisfied id="6634" threadId="0000000000837900" bytesRequested="24" />
<af-end id="6635" timestamp="2020-09-11T10:35:20.868" threadId="0000000000838280" success="true" from="nursery"/>
<exclusive-end id="6636" timestamp="2020-09-11T10:35:20.868" durationms="151.122" />

<exclusive-start id="6637" timestamp="2020-09-11T10:35:22.721" intervalms="2003.215">
  <response-info timems="4.266" idlems="4.266" threads="0" lastid="0000000000837900" lastname="Group1.Backend.CompositeBackend{Tier1}.8" />
</exclusive-start>
<af-start id="6638" threadId="0000000000838280" totalBytesRequested="16" timestamp="2020-09-11T10:35:22.721" intervalms="2001.646" type="nursery" />
<cycle-start id="6639" type="scavenge" contextid="0" timestamp="2020-09-11T10:35:22.721" intervalms="2001.488" />
<gc-start id="6640" type="scavenge" contextid="6639" timestamp="2020-09-11T10:35:22.722">
  <mem-info id="6641" free="357129288" total="2821586944" percent="12">
    <mem type="nursery" free="0" total="939524096" percent="0">
      <mem type="allocate" free="0" total="804782080" percent="0" />
      <mem type="survivor" free="0" total="134742016" percent="0" />
    </mem>
    <mem type="tenure" free="357129288" total="1882062848" percent="18">
      <mem type="soa" free="338308168" total="1863241728" percent="18" />
      <mem type="loa" free="18821120" total="18821120" percent="100" />
    </mem>
    <remembered-set count="189145" />
  </mem-info>
</gc-start>
<allocation-stats totalBytes="685770032" >
  <allocated-bytes non-tlh="40589520" tlh="645180512" />
  <largest-consumer threadName="Group1.Backend.CompositeBackend{Tier1}.3" threadId="0000000000856800" bytes="116293984" />
</allocation-stats>
<gc-op id="6642" type="scavenge" timems="122.380" contextid="6639" timestamp="2020-09-11T10:35:22.844">
  <scavenger-info tenureage="3" tenuremask="7ff8" tiltratio="85" />
  <memory-copied type="nursery" objects="4295073" bytes="114327104" bytesdiscarded="206160" />
  <memory-copied type="tenure" objects="1115144" bytes="30110360" bytesdiscarded="140496" />
  <ownableSynchronizers candidates="4766" cleared="4492" />
  <references type="soft" candidates="184" cleared="0" enqueued="0" dynamicThreshold="17" maxThreshold="32" />
  <references type="weak" candidates="122" cleared="122" enqueued="0" />
</gc-op>
<gc-end id="6643" type="scavenge" contextid="6639" durationms="123.213" usertimems="890.425" systemtimems="8.182" timestamp="2020-09-11T10:35:22.845" activeThreads="8">
  <mem-info id="6644" free="1017462808" total="2821586944" percent="36">
    <mem type="nursery" free="690626776" total="939524096" percent="73">
      <mem type="allocate" free="690626776" total="805240832" percent="85" />
      <mem type="survivor" free="0" total="134283264" percent="0" />
    </mem>
    <mem type="tenure" free="326836032" total="1882062848" percent="17" macro-fragmented="0">
      <mem type="soa" free="308014912" total="1863241728" percent="16" />
      <mem type="loa" free="18821120" total="18821120" percent="100" />
    </mem>
    <remembered-set count="30265" />
  </mem-info>
</gc-end>
<cycle-end id="6645" type="scavenge" contextid="6639" timestamp="2020-09-11T10:35:22.846" />
<allocation-satisfied id="6646" threadId="0000000000837900" bytesRequested="16" />
<af-end id="6647" timestamp="2020-09-11T10:35:22.846" threadId="0000000000838280" success="true" from="nursery"/>
<exclusive-end id="6648" timestamp="2020-09-11T10:35:22.846" durationms="125.245" />

<exclusive-start id="6649" timestamp="2020-09-11T10:35:24.815" intervalms="2094.254">
  <response-info timems="1.269" idlems="1.269" threads="0" lastid="0000000000843100" lastname="Group1.Backend.CompositeBackend{Tier1}.5" />
</exclusive-start>
<af-start id="6650" threadId="0000000000843A80" totalBytesRequested="16" timestamp="2020-09-11T10:35:24.816" intervalms="2094.499" type="nursery" />
<cycle-start id="6651" type="scavenge" contextid="0" timestamp="2020-09-11T10:35:24.816" intervalms="2094.560" />
<gc-start id="6652" type="scavenge" contextid="6651" timestamp="2020-09-11T10:35:24.816">
  <mem-info id="6653" free="326836032" total="2821586944" percent="11">
    <mem type="nursery" free="0" total="939524096" percent="0">
      <mem type="allocate" free="0" total="805240832" percent="0" />
      <mem type="survivor" free="0" total="134283264" percent="0" />
    </mem>
    <mem type="tenure" free="326836032" total="1882062848" percent="17">
      <mem type="soa" free="308014912" total="1863241728" percent="16" />
      <mem type="loa" free="18821120" total="18821120" percent="100" />
    </mem>
    <remembered-set count="193946" />
  </mem-info>
</gc-start>
<allocation-stats totalBytes="690314208" >
  <allocated-bytes non-tlh="31591744" tlh="658722464" />
  <largest-consumer threadName="Group1.Backend.CompositeBackend{Tier1}.4" threadId="0000000000842600" bytes="116456288" />
</allocation-stats>
<gc-op id="6654" type="scavenge" timems="145.047" contextid="6651" timestamp="2020-09-11T10:35:24.961">
  <scavenger-info tenureage="3" tenuremask="7ff8" tiltratio="85" />
  <memory-copied type="nursery" objects="4374839" bytes="116038368" bytesdiscarded="241272" />
  <memory-copied type="tenure" objects="1094643" bytes="29423208" bytesdiscarded="154920" />
  <ownableSynchronizers candidates="3689" cleared="3422" />
  <references type="soft" candidates="162" cleared="0" enqueued="0" dynamicThreshold="17" maxThreshold="32" />
  <references type="weak" candidates="108" cleared="108" enqueued="0" />
</gc-op>
<gc-end id="6655" type="scavenge" contextid="6651" durationms="146.038" usertimems="1024.359" systemtimems="15.371" timestamp="2020-09-11T10:35:24.962" activeThreads="8">
  <mem-info id="6656" free="986563040" total="2821586944" percent="34">
    <mem type="nursery" free="689331648" total="939524096" percent="73">
      <mem type="allocate" free="689331648" total="805699584" percent="85" />
      <mem type="survivor" free="0" total="133824512" percent="0" />
    </mem>
    <mem type="tenure" free="297231392" total="1882062848" percent="15" macro-fragmented="0">
      <mem type="soa" free="278410272" total="1863241728" percent="14" />
      <mem type="loa" free="18821120" total="18821120" percent="100" />
    </mem>
    <remembered-set count="30170" />
  </mem-info>
</gc-end>
<cycle-end id="6657" type="scavenge" contextid="6651" timestamp="2020-09-11T10:35:24.964" />
<allocation-satisfied id="6658" threadId="0000000000843100" bytesRequested="16" />
<af-end id="6659" timestamp="2020-09-11T10:35:24.964" threadId="0000000000843A80" success="true" from="nursery"/>
<exclusive-end id="6660" timestamp="2020-09-11T10:35:24.964" durationms="148.964" />

<exclusive-start id="6661" timestamp="2020-09-11T10:35:26.911" intervalms="2096.528">
  <response-info timems="1.098" idlems="0.664" threads="2" lastid="0000000000785E00" lastname="Group1.Backend.CompositeBackend{Tier1}.1" />
</exclusive-start>
<af-start id="6662" threadId="0000000000838280" totalBytesRequested="48" timestamp="2020-09-11T10:35:26.912" intervalms="2096.403" type="nursery" />
<cycle-start id="6663" type="scavenge" contextid="0" timestamp="2020-09-11T10:35:26.912" intervalms="2096.346" />
<gc-start id="6664" type="scavenge" contextid="6663" timestamp="2020-09-11T10:35:26.913">
  <mem-info id="6665" free="297231392" total="2821586944" percent="10">
    <mem type="nursery" free="0" total="939524096" percent="0">
      <mem type="allocate" free="0" total="805699584" percent="0" />
      <mem type="survivor" free="0" total="133824512" percent="0" />
    </mem>
    <mem type="tenure" free="297231392" total="1882062848" percent="15">
      <mem type="soa" free="278410272" total="1863241728" percent="14" />
      <mem type="loa" free="18821120" total="18821120" percent="100" />
    </mem>
    <remembered-set count="193532" />
  </mem-info>
</gc-start>
<allocation-stats totalBytes="688993152" >
  <allocated-bytes non-tlh="30336104" tlh="658657048" />
  <largest-consumer threadName="Group1.Backend.CompositeBackend{Tier1}.7" threadId="0000000000854300" bytes="104419200" />
</allocation-stats>
<gc-op id="6666" type="scavenge" timems="114.755" contextid="6663" timestamp="2020-09-11T10:35:27.027">
  <scavenger-info tenureage="3" tenuremask="7ff8" tiltratio="85" />
  <memory-copied type="nursery" objects="4106541" bytes="110065792" bytesdiscarded="158024" />
  <memory-copied type="tenure" objects="1121475" bytes="30144264" bytesdiscarded="148600" />
  <ownableSynchronizers candidates="3257" cleared="3001" />
  <references type="soft" candidates="164" cleared="0" enqueued="0" dynamicThreshold="17" maxThreshold="32" />
  <references type="weak" candidates="93" cleared="93" enqueued="0" />
</gc-op>
<gc-end id="6667" type="scavenge" contextid="6663" durationms="115.674" usertimems="840.857" systemtimems="10.087" timestamp="2020-09-11T10:35:27.028" activeThreads="8">
  <mem-info id="6668" free="963176688" total="2821586944" percent="34">
    <mem type="nursery" free="696170496" total="939524096" percent="74">
      <mem type="allocate" free="696170496" total="806486016" percent="86" />
      <mem type="survivor" free="0" total="133038080" percent="0" />
    </mem>
    <mem type="tenure" free="267006192" total="1882062848" percent="14" macro-fragmented="0">
      <mem type="soa" free="248185072" total="1863241728" percent="13" />
      <mem type="loa" free="18821120" total="18821120" percent="100" />
    </mem>
    <remembered-set count="29591" />
  </mem-info>
</gc-end>
<cycle-end id="6669" type="scavenge" contextid="6663" timestamp="2020-09-11T10:35:27.029" />
<allocation-satisfied id="6670" threadId="0000000000837900" bytesRequested="48" />
<af-end id="6671" timestamp="2020-09-11T10:35:27.030" threadId="0000000000838280" success="true" from="nursery"/>
<exclusive-end id="6672" timestamp="2020-09-11T10:35:27.030" durationms="118.228" />

<exclusive-start id="6673" timestamp="2020-09-11T10:35:28.892" intervalms="1980.677">
  <response-info timems="0.881" idlems="0.572" threads="1" lastid="00000000007F6F00" lastname="Group1.Backend.CompositeBackend{Tier1}.2" />
</exclusive-start>
<af-start id="6674" threadId="0000000000A3E080" totalBytesRequested="536" timestamp="2020-09-11T10:35:28.893" intervalms="1980.683" type="nursery" />
<cycle-start id="6675" type="scavenge" contextid="0" timestamp="2020-09-11T10:35:28.893" intervalms="1980.696" />
<gc-start id="6676" type="scavenge" contextid="6675" timestamp="2020-09-11T10:35:28.893">
  <mem-info id="6677" free="267006192" total="2821586944" percent="9">
    <mem type="nursery" free="0" total="939524096" percent="0">
      <mem type="allocate" free="0" total="806486016" percent="0" />
      <mem type="survivor" free="0" total="133038080" percent="0" />
    </mem>
    <mem type="tenure" free="267006192" total="1882062848" percent="14">
      <mem type="soa" free="248185072" total="1863241728" percent="13" />
      <mem type="loa" free="18821120" total="18821120" percent="100" />
    </mem>
    <remembered-set count="188714" />
  </mem-info>
</gc-start>
<allocation-stats totalBytes="695855584" >
  <allocated-bytes non-tlh="40659032" tlh="655196552" />
  <largest-consumer threadName="Group1.Backend.CompositeBackend{Tier1}.7" threadId="0000000000854300" bytes="118654392" />
</allocation-stats>
<gc-op id="6678" type="scavenge" timems="107.481" contextid="6675" timestamp="2020-09-11T10:35:29.001">
  <scavenger-info tenureage="3" tenuremask="7ff8" tiltratio="85" />
  <memory-copied type="nursery" objects="4330299" bytes="115269976" bytesdiscarded="428344" />
  <memory-copied type="tenure" objects="1032018" bytes="27738944" bytesdiscarded="131664" />
  <ownableSynchronizers candidates="3439" cleared="3188" />
  <references type="soft" candidates="164" cleared="0" enqueued="0" dynamicThreshold="17" maxThreshold="32" />
  <references type="weak" candidates="139" cleared="138" enqueued="0" />
</gc-op>
<gc-end id="6679" type="scavenge" contextid="6675" durationms="108.528" usertimems="837.970" systemtimems="5.834" timestamp="2020-09-11T10:35:29.002" activeThreads="8">
  <mem-info id="6680" free="929443928" total="2821586944" percent="32">
    <mem type="nursery" free="690310144" total="939524096" percent="73">
      <mem type="allocate" free="690310144" total="806092800" percent="85" />
      <mem type="survivor" free="0" total="133431296" percent="0" />
    </mem>
    <mem type="tenure" free="239133784" total="1882062848" percent="12" macro-fragmented="0">
      <mem type="soa" free="220312664" total="1863241728" percent="11" />
      <mem type="loa" free="18821120" total="18821120" percent="100" />
    </mem>
    <remembered-set count="29628" />
  </mem-info>
</gc-end>
<cycle-end id="6681" type="scavenge" contextid="6675" timestamp="2020-09-11T10:35:29.003" />
<allocation-satisfied id="6682" threadId="0000000000A3D700" bytesRequested="536" />
<af-end id="6683" timestamp="2020-09-11T10:35:29.003" threadId="0000000000A3E080" success="true" from="nursery"/>
<exclusive-end id="6684" timestamp="2020-09-11T10:35:29.003" durationms="110.648" />

<exclusive-start id="6685" timestamp="2020-09-11T10:35:31.084" intervalms="2191.746">
  <response-info timems="3.048" idlems="3.048" threads="0" lastid="0000000000854300" lastname="Group1.Backend.CompositeBackend{Tier1}.7" />
</exclusive-start>
<af-start id="6686" threadId="0000000000854C80" totalBytesRequested="32" timestamp="2020-09-11T10:35:31.085" intervalms="2191.735" type="nursery" />
<cycle-start id="6687" type="scavenge" contextid="0" timestamp="2020-09-11T10:35:31.085" intervalms="2191.752" />
<gc-start id="6688" type="scavenge" contextid="6687" timestamp="2020-09-11T10:35:31.085">
  <mem-info id="6689" free="239133784" total="2821586944" percent="8">
    <mem type="nursery" free="0" total="939524096" percent="0">
      <mem type="allocate" free="0" total="806092800" percent="0" />
      <mem type="survivor" free="0" total="133431296" percent="0" />
    </mem>
    <mem type="tenure" free="239133784" total="1882062848" percent="12">
      <mem type="soa" free="220312664" total="1863241728" percent="11" />
      <mem type="loa" free="18821120" total="18821120" percent="100" />
    </mem>
    <remembered-set count="197878" />
  </mem-info>
</gc-start>
<allocation-stats totalBytes="689971944" >
  <allocated-bytes non-tlh="24042728" tlh="665929216" />
  <largest-consumer threadName="Group1.Backend.CompositeBackend{Tier1}.4" threadId="0000000000842600" bytes="103260112" />
</allocation-stats>
<gc-op id="6690" type="scavenge" timems="115.786" contextid="6687" timestamp="2020-09-11T10:35:31.201">
  <scavenger-info tenureage="3" tenuremask="7ff8" tiltratio="85" />
  <memory-copied type="nursery" objects="4084000" bytes="109595176" bytesdiscarded="356024" />
  <memory-copied type="tenure" objects="1107586" bytes="29765088" bytesdiscarded="162576" />
  <ownableSynchronizers candidates="3781" cleared="3539" />
  <references type="soft" candidates="184" cleared="0" enqueued="0" dynamicThreshold="17" maxThreshold="32" />
  <references type="weak" candidates="118" cleared="116" enqueued="0" />
</gc-op>
<gc-end id="6691" type="scavenge" contextid="6687" durationms="116.844" usertimems="825.562" systemtimems="9.465" timestamp="2020-09-11T10:35:31.202" activeThreads="8">
  <mem-info id="6692" free="906139664" total="2821586944" percent="32">
    <mem type="nursery" free="696907264" total="939524096" percent="74">
      <mem type="allocate" free="696907264" total="806944768" percent="86" />
      <mem type="survivor" free="0" total="132579328" percent="0" />
    </mem>
    <mem type="tenure" free="209232400" total="1882062848" percent="11" macro-fragmented="0">
      <mem type="soa" free="190411280" total="1863241728" percent="10" />
      <mem type="loa" free="18821120" total="18821120" percent="100" />
    </mem>
    <remembered-set count="29369" />
  </mem-info>
</gc-end>
<cycle-end id="6693" type="scavenge" contextid="6687" timestamp="2020-09-11T10:35:31.203" />
<allocation-satisfied id="6694" threadId="0000000000854300" bytesRequested="32" />
<af-end id="6695" timestamp="2020-09-11T10:35:31.203" threadId="0000000000854C80" success="true" from="nursery"/>
<exclusive-end id="6696" timestamp="2020-09-11T10:35:31.203" durationms="119.230" />

<exclusive-start id="6697" timestamp="2020-09-11T10:35:33.143" intervalms="2059.454">
  <response-info timems="0.436" idlems="0.436" threads="0" lastid="0000000000856800" lastname="Group1.Backend.CompositeBackend{Tier1}.3" />
</exclusive-start>
<af-start id="6698" threadId="0000000000857180" totalBytesRequested="24" timestamp="2020-09-11T10:35:33.144" intervalms="2059.359" type="nursery" />
<cycle-start id="6699" type="scavenge" contextid="0" timestamp="2020-09-11T10:35:33.144" intervalms="2059.309" />
<gc-start id="6700" type="scavenge" contextid="6699" timestamp="2020-09-11T10:35:33.144">
  <mem-info id="6701" free="209232400" total="2821586944" percent="7">
    <mem type="nursery" free="0" total="939524096" percent="0">
      <mem type="allocate" free="0" total="806944768" percent="0" />
      <mem type="survivor" free="0" total="132579328" percent="0" />
    </mem>
    <mem type="tenure" free="209232400" total="1882062848" percent="11">
      <mem type="soa" free="190411280" total="1863241728" percent="10" />
      <mem type="loa" free="18821120" total="18821120" percent="100" />
    </mem>
    <remembered-set count="192237" />
  </mem-info>
</gc-start>
<allocation-stats totalBytes="696553824" >
  <allocated-bytes non-tlh="38848456" tlh="657705368" />
  <largest-consumer threadName="Group1.Backend.CompositeBackend{Tier1}.1" threadId="0000000000785E00" bytes="91066664" />
</allocation-stats>
<gc-op id="6702" type="scavenge" timems="102.232" contextid="6699" timestamp="2020-09-11T10:35:33.247">
  <scavenger-info tenureage="3" tenuremask="7ff8" tiltratio="85" />
  <memory-copied type="nursery" objects="4050417" bytes="108674496" bytesdiscarded="153824" />
  <memory-copied type="tenure" objects="1113551" bytes="29948240" bytesdiscarded="165584" />
  <ownableSynchronizers candidates="3459" cleared="3221" />
  <references type="soft" candidates="178" cleared="0" enqueued="0" dynamicThreshold="17" maxThreshold="32" />
  <references type="weak" candidates="127" cleared="127" enqueued="0" />
</gc-op>
<gc-end id="6703" type="scavenge" contextid="6699" durationms="103.082" usertimems="759.616" systemtimems="1.833" timestamp="2020-09-11T10:35:33.247" activeThreads="8">
  <mem-info id="6704" free="879127320" total="2821586944" percent="31">
    <mem type="nursery" free="700000000" total="939524096" percent="74">
      <mem type="allocate" free="700000000" total="808910848" percent="86" />
      <mem type="survivor" free="0" total="130613248" percent="0" />
    </mem>
    <mem type="tenure" free="179127320" total="1882062848" percent="9" macro-fragmented="0">
      <mem type="soa" free="160306200" total="1863241728" percent="8" />
      <mem type="loa" free="18821120" total="18821120" percent="100" />
    </mem>
    <remembered-set count="31783" />
  </mem-info>
</gc-end>
<cycle-end id="6705" type="scavenge" contextid="6699" timestamp="2020-09-11T10:35:33.249" />
<allocation-satisfied id="6706" threadId="0000000000856800" bytesRequested="24" />
<af-end id="6707" timestamp="2020-09-11T10:35:33.249" threadId="0000000000857180" success="true" from="nursery"/>
<exclusive-end id="6708" timestamp="2020-09-11T10:35:33.249" durationms="105.465" />

<exclusive-start id="6709" timestamp="2020-09-11T10:35:35.235" intervalms="2091.329">
  <response-info timems="0.768" idlems="0.334" threads="2" lastid="0000000000854300" lastname="Group1.Backend.CompositeBackend{Tier1}.7" />
</exclusive-start>
<af-start id="6710" threadId="0000000000842F80" totalBytesRequested="16" timestamp="2020-09-11T10:35:35.235" intervalms="2091.450" type="nursery" />
<cycle-start id="6711" type="scavenge" contextid="0" timestamp="2020-09-11T10:35:35.235" intervalms="2091.460" />
<gc-start id="6712" type="scavenge" contextid="6711" timestamp="2020-09-11T10:35:35.236">
  <mem-info id="6713" free="179127320" total="2821586944" percent="6">
    <mem type="nursery" free="0" total="939524096" percent="0">
      <mem type="allocate" free="0" total="808910848" percent="0" />
      <mem type="survivor" free="0" total="130613248" percent="0" />
    </mem>
    <mem type="tenure" free="179127320" total="1882062848" percent="9">
      <mem type="soa" free="160306200" total="1863241728" percent="8" />
      <mem type="loa" free="18821120" total="18821120" percent="100" />
    </mem>
    <remembered-set count="195639" />
  </mem-info>
</gc-start>
<allocation-stats totalBytes="699669304" >
  <allocated-bytes non-tlh="31688672" tlh="667980632" />
  <largest-consumer threadName="Group1.Backend.CompositeBackend{Tier1}.5" threadId="0000000000843100" bytes="99195552" />
</allocation-stats>
<gc-op id="6714" type="scavenge" timems="104.586" contextid="6711" timestamp="2020-09-11T10:35:35.340">
  <scavenger-info tenureage="3" tenuremask="7ff8" tiltratio="86" />
  <memory-copied type="nursery" objects="4136262" bytes="110949544" bytesdiscarded="129240" />
  <memory-copied type="tenure" objects="1022235" bytes="27474472" bytesdiscarded="157712" />
  <ownableSynchronizers candidates="4073" cleared="3823" />
  <references type="soft" candidates="173" cleared="0" enqueued="0" dynamicThreshold="17" maxThreshold="32" />
  <references type="weak" candidates="132" cleared="132" enqueued="0" />
</gc-op>
<gc-end id="6715" type="scavenge" contextid="6711" durationms="106.105" usertimems="753.090" systemtimems="7.923" timestamp="2020-09-11T10:35:35.342" activeThreads="8">
  <mem-info id="6716" free="850027320" total="2821586944" percent="30">
    <mem type="nursery" free="698531584" total="939524096" percent="74">
      <mem type="allocate" free="698531584" total="809697280" percent="86" />
      <mem type="survivor" free="0" total="129826816" percent="0" />
    </mem>
    <mem type="tenure" free="151495736" total="1882062848" percent="8" macro-fragmented="0">
      <mem type="soa" free="132674616" total="1863241728" percent="7" />
      <mem type="loa" free="18821120" total="18821120" percent="100" />
    </mem>
    <remembered-set count="32241" />
  </mem-info>
</gc-end>
<cycle-end id="6717" type="scavenge" contextid="6711" timestamp="2020-09-11T10:35:35.343" />
<allocation-satisfied id="6718" threadId="0000000000842600" bytesRequested="16" />
<af-end id="6719" timestamp="2020-09-11T10:35:35.343" threadId="0000000000842F80" success="true" from="nursery"/>
<exclusive-end id="6720" timestamp="2020-09-11T10:35:35.343" durationms="108.847" />

<exclusive-start id="6721" timestamp="2020-09-11T10:35:37.416" intervalms="2181.154">
  <response-info timems="4.286" idlems="4.286" threads="0" lastid="0000000000854300" lastname="Group1.Backend.CompositeBackend{Tier1}.7" />
</exclusive-start>
<af-start id="6722" threadId="0000000000854C80" totalBytesRequested="120" timestamp="2020-09-11T10:35:37.416" intervalms="2181.149" type="nursery" />
<cycle-start id="6723" type="scavenge" contextid="0" timestamp="2020-09-11T10:35:37.417" intervalms="2181.151" />
<gc-start id="6724" type="scavenge" contextid="6723" timestamp="2020-09-11T10:35:37.417">
  <mem-info id="6725" free="151495736" total="2821586944" percent="5">
    <mem type="nursery" free="0" total="939524096" percent="0">
      <mem type="allocate" free="0" total="809697280" percent="0" />
      <mem type="survivor" free="0" total="129826816" percent="0" />
    </mem>
    <mem type="tenure" free="151495736" total="1882062848" percent="8">
      <mem type="soa" free="132674616" total="1863241728" percent="7" />
      <mem type="loa" free="18821120" total="18821120" percent="100" />
    </mem>
    <remembered-set count="197228" />
  </mem-info>
</gc-start>
<allocation-stats totalBytes="698194136" >
  <allocated-bytes non-tlh="28027040" tlh="670167096" />
  <largest-consumer threadName="Group1.Backend.CompositeBackend{Tier1}.7" threadId="0000000000854300" bytes="112246944" />
</allocation-stats>
<gc-op id="6726" type="scavenge" timems="153.228" contextid="6723" timestamp="2020-09-11T10:35:37.570">
  <scavenger-info tenureage="3" tenuremask="7ff8" tiltratio="86" />
  <memory-copied type="nursery" objects="4341059" bytes="115584944" bytesdiscarded="505808" />
  <memory-copied type="tenure" objects="1155653" bytes="31044080" bytesdiscarded="167960" />
  <ownableSynchronizers candidates="4227" cleared="3960" />
  <references type="soft" candidates="168" cleared="0" enqueued="0" dynamicThreshold="17" maxThreshold="32" />
  <references type="weak" candidates="109" cleared="109" enqueued="0" />
</gc-op>
<gc-end id="6727" type="scavenge" contextid="6723" durationms="154.209" usertimems="1085.262" systemtimems="27.019" timestamp="2020-09-11T10:35:37.571" activeThreads="8">
  <mem-info id="6728" free="809927064" total="2821586944" percent="28">
    <mem type="nursery" free="689646064" total="939524096" percent="73">
      <mem type="allocate" free="689646064" total="805830656" percent="85" />
      <mem type="survivor" free="0" total="133693440" percent="0" />
    </mem>
    <mem type="tenure" free="120281000" total="1882062848" percent="6" macro-fragmented="0">
      <mem type="soa" free="101459880" total="1863241728" percent="5" />
      <mem type="loa" free="18821120" total="18821120" percent="100" />
    </mem>
    <remembered-set count="30600" />
  </mem-info>
</gc-end>
<cycle-end id="6729" type="scavenge" contextid="6723" timestamp="2020-09-11T10:35:37.572" />
<allocation-satisfied id="6730" threadId="0000000000854300" bytesRequested="120" />
<af-end id="6731" timestamp="2020-09-11T10:35:37.572" threadId="0000000000854C80" success="true" from="nursery"/>
<exclusive-end id="6732" timestamp="2020-09-11T10:35:37.572" durationms="156.474" />

<exclusive-start id="6733" timestamp="2020-09-11T10:35:39.499" intervalms="2083.631">
  <response-info timems="0.856" idlems="0.571" threads="2" lastid="00000000007F6F00" lastname="Group1.Backend.CompositeBackend{Tier1}.2" />
</exclusive-start>
<af-start id="6734" threadId="0000000000844680" totalBytesRequested="1032" timestamp="2020-09-11T10:35:39.500" intervalms="2083.672" type="nursery" />
<cycle-start id="6735" type="scavenge" contextid="0" timestamp="2020-09-11T10:35:39.500" intervalms="2083.746" />
<gc-start id="6736" type="scavenge" contextid="6735" timestamp="2020-09-11T10:35:39.501">
  <mem-info id="6737" free="120281000" total="2821586944" percent="4">
    <mem type="nursery" free="0" total="939524096" percent="0">
      <mem type="allocate" free="0" total="805830656" percent="0" />
      <mem type="survivor" free="0" total="133693440" percent="0" />
    </mem>
    <mem type="tenure" free="120281000" total="1882062848" percent="6">
      <mem type="soa" free="101459880" total="1863241728" percent="5" />
      <mem type="loa" free="18821120" total="18821120" percent="100" />
    </mem>
    <remembered-set count="192887" />
  </mem-info>
</gc-start>
<allocation-stats totalBytes="689326632" >
  <allocated-bytes non-tlh="33305608" tlh="656021024" />
  <largest-consumer threadName="Group1.Backend.CompositeBackend{Tier1}.7" threadId="0000000000854300" bytes="130162584" />
</allocation-stats>
<gc-op id="6738" type="scavenge" timems="120.111" contextid="6735" timestamp="2020-09-11T10:35:39.621">
  <scavenger-info tenureage="3" tenuremask="7ff8" tiltratio="85" />
  <memory-copied type="nursery" objects="4131319" bytes="110806792" bytesdiscarded="387544" />
  <memory-copied type="tenure" objects="1070082" bytes="28732192" bytesdiscarded="131288" />
  <ownableSynchronizers candidates="4581" cleared="4297" />
  <references type="soft" candidates="194" cleared="0" enqueued="0" dynamicThreshold="17" maxThreshold="32" />
  <references type="weak" candidates="122" cleared="122" enqueued="0" />
</gc-op>
<gc-end id="6739" type="scavenge" contextid="6735" durationms="121.038" usertimems="866.493" systemtimems="12.505" timestamp="2020-09-11T10:35:39.622" activeThreads="8">
  <mem-info id="6740" free="786834240" total="2821586944" percent="27">
    <mem type="nursery" free="695408640" total="939524096" percent="74">
      <mem type="allocate" free="695408640" total="806682624" percent="86" />
      <mem type="survivor" free="0" total="132841472" percent="0" />
    </mem>
    <mem type="tenure" free="91425600" total="1882062848" percent="4" macro-fragmented="0">
      <mem type="soa" free="72604480" total="1863241728" percent="3" />
      <mem type="loa" free="18821120" total="18821120" percent="100" />
    </mem>
    <remembered-set count="28845" />
  </mem-info>
</gc-end>
<cycle-end id="6741" type="scavenge" contextid="6735" timestamp="2020-09-11T10:35:39.623" />
<allocation-satisfied id="6742" threadId="0000000000843D00" bytesRequested="1032" />
<af-end id="6743" timestamp="2020-09-11T10:35:39.623" threadId="0000000000844680" success="true" from="nursery"/>
<exclusive-end id="6744" timestamp="2020-09-11T10:35:39.623" durationms="123.461" />

<exclusive-start id="6745" timestamp="2020-09-11T10:35:41.597" intervalms="2097.288">
  <response-info timems="4.002" idlems="4.002" threads="0" lastid="0000000000842600" lastname="Group1.Backend.CompositeBackend{Tier1}.4" />
</exclusive-start>
<af-start id="6746" threadId="0000000000842F80" totalBytesRequested="217320" timestamp="2020-09-11T10:35:41.597" intervalms="2097.302" type="nursery" />
<cycle-start id="6747" type="scavenge" contextid="0" timestamp="2020-09-11T10:35:41.598" intervalms="2097.247" />
<gc-start id="6748" type="scavenge" contextid="6747" timestamp="2020-09-11T10:35:41.598">
  <mem-info id="6749" free="91445792" total="2821586944" percent="3">
    <mem type="nursery" free="20192" total="939524096" percent="0">
      <mem type="allocate" free="20192" total="806682624" percent="0" />
      <mem type="survivor" free="0" total="132841472" percent="0" />
    </mem>
    <mem type="tenure" free="91425600" total="1882062848" percent="4">
      <mem type="soa" free="72604480" total="1863241728" percent="3" />
      <mem type="loa" free="18821120" total="18821120" percent="100" />
    </mem>
    <remembered-set count="189636" />
  </mem-info>
</gc-start>
<allocation-stats totalBytes="695062104" >
  <allocated-bytes non-tlh="35023136" tlh="660038968" />
  <largest-consumer threadName="Group1.Backend.CompositeBackend{Tier1}.3" threadId="0000000000856800" bytes="97428520" />
</allocation-stats>
<gc-op id="6750" type="scavenge" timems="147.155" contextid="6747" timestamp="2020-09-11T10:35:41.745">
  <scavenger-info tenureage="3" tenuremask="7ff8" tiltratio="85" />
  <memory-copied type="nursery" objects="4358857" bytes="115808000" bytesdiscarded="184736" />
  <memory-copied type="tenure" objects="1099732" bytes="29575104" bytesdiscarded="90992" />
  <ownableSynchronizers candidates="4391" cleared="4091" />
  <references type="soft" candidates="210" cleared="0" enqueued="0" dynamicThreshold="17" maxThreshold="32" />
  <references type="weak" candidates="132" cleared="132" enqueued="0" />
</gc-op>
<gc-end id="6751" type="scavenge" contextid="6747" durationms="148.197" usertimems="1017.364" systemtimems="23.218" timestamp="2020-09-11T10:35:41.746" activeThreads="8">
  <mem-info id="6752" free="750113464" total="2821586944" percent="26">
    <mem type="nursery" free="688577776" total="939524096" percent="73">
      <mem type="allocate" free="688577776" total="804651008" percent="85" />
      <mem type="survivor" free="0" total="134873088" percent="0" />
    </mem>
    <mem type="tenure" free="61535688" total="1882062848" percent="3" macro-fragmented="0">
      <mem type="soa" free="42714568" total="1863241728" percent="2" />
      <mem type="loa" free="18821120" total="18821120" percent="100" />
    </mem>
    <remembered-set count="28685" />
  </mem-info>
</gc-end>
<cycle-end id="6753" type="scavenge" contextid="6747" timestamp="2020-09-11T10:35:41.747" />
<allocation-satisfied id="6754" threadId="0000000000842600" bytesRequested="217320" />
<af-end id="6755" timestamp="2020-09-11T10:35:41.747" threadId="0000000000842F80" success="true" from="nursery"/>
<exclusive-end id="6756" timestamp="2020-09-11T10:35:41.747" durationms="150.732" />

<exclusive-start id="6757" timestamp="2020-09-11T10:35:43.635" intervalms="2038.267">
  <response-info timems="0.549" idlems="0.410" threads="2" lastid="0000000000856800" lastname="Group1.Backend.CompositeBackend{Tier1}.3" />
</exclusive-start>
<af-start id="6758" threadId="0000000000843A80" totalBytesRequested="32" timestamp="2020-09-11T10:35:43.636" intervalms="2038.181" type="nursery" />
<cycle-start id="6759" type="scavenge" contextid="0" timestamp="2020-09-11T10:35:43.636" intervalms="2038.173" />
<gc-start id="6760" type="scavenge" contextid="6759" timestamp="2020-09-11T10:35:43.636">
  <mem-info id="6761" free="61535688" total="2821586944" percent="2">
    <mem type="nursery" free="0" total="939524096" percent="0">
      <mem type="allocate" free="0" total="804651008" percent="0" />
      <mem type="survivor" free="0" total="134873088" percent="0" />
    </mem>
    <mem type="tenure" free="61535688" total="1882062848" percent="3">
      <mem type="soa" free="42714568" total="1863241728" percent="2" />
      <mem type="loa" free="18821120" total="18821120" percent="100" />
    </mem>
    <remembered-set count="192256" />
  </mem-info>
</gc-start>
<allocation-stats totalBytes="688259680" >
  <allocated-bytes non-tlh="35310800" tlh="652948880" />
  <largest-consumer threadName="Group1.Backend.CompositeBackend{Tier1}.4" threadId="0000000000842600" bytes="130591072" />
</allocation-stats>
<gc-op id="6762" type="scavenge" timems="144.701" contextid="6759" timestamp="2020-09-11T10:35:43.781">
  <scavenger-info tenureage="3" tenuremask="7ff8" tiltratio="85" />
  <memory-copied type="nursery" objects="4101919" bytes="109961408" bytesdiscarded="235864" />
  <memory-copied type="tenure" objects="1123726" bytes="30218984" bytesdiscarded="25048" />
  <ownableSynchronizers candidates="3446" cleared="3154" />
  <references type="soft" candidates="206" cleared="0" enqueued="0" dynamicThreshold="17" maxThreshold="32" />
  <references type="weak" candidates="123" cleared="123" enqueued="0" />
</gc-op>
<gc-end id="6763" type="scavenge" contextid="6759" durationms="145.634" usertimems="1041.081" systemtimems="48.023" timestamp="2020-09-11T10:35:43.782" activeThreads="8">
  <mem-info id="6764" free="726665328" total="2821586944" percent="25">
    <mem type="nursery" free="695417856" total="939524096" percent="74">
      <mem type="allocate" free="695417856" total="805699584" percent="86" />
      <mem type="survivor" free="0" total="133824512" percent="0" />
    </mem>
    <mem type="tenure" free="31247472" total="1882062848" percent="1" macro-fragmented="0">
      <mem type="soa" free="12426352" total="1863241728" percent="0" />
      <mem type="loa" free="18821120" total="18821120" percent="100" />
    </mem>
    <remembered-set count="29793" />
  </mem-info>
</gc-end>
<cycle-end id="6765" type="scavenge" contextid="6759" timestamp="2020-09-11T10:35:43.784" />
<allocation-satisfied id="6766" threadId="0000000000843100" bytesRequested="32" />
<af-end id="6767" timestamp="2020-09-11T10:35:43.784" threadId="0000000000843A80" success="true" from="nursery"/>
<exclusive-end id="6768" timestamp="2020-09-11T10:35:43.784" durationms="148.840" />

<exclusive-start id="6769" timestamp="2020-09-11T10:35:45.796" intervalms="2161.112">
  <response-info timems="0.502" idlems="0.502" threads="0" lastid="0000000000837900" lastname="Group1.Backend.CompositeBackend{Tier1}.8" />
</exclusive-start>
<af-start id="6770" threadId="0000000000838280" totalBytesRequested="1032" timestamp="2020-09-11T10:35:45.797" intervalms="2161.206" type="nursery" />
<percolate-collect id="6771" from="nursery" to="global" reason="prevent tenure expand" timestamp="2020-09-11T10:35:45.797"/>
<cycle-start id="6772" type="global" contextid="0" timestamp="2020-09-11T10:35:45.797" intervalms="70267.097" />
<gc-start id="6773" type="global" contextid="6772" timestamp="2020-09-11T10:35:45.797">
  <mem-info id="6774" free="31247472" total="2821586944" percent="1">
    <mem type="nursery" free="0" total="939524096" percent="0">
      <mem type="allocate" free="0" total="805699584" percent="0" />
      <mem type="survivor" free="0" total="133824512" percent="0" />
    </mem>
    <mem type="tenure" free="31247472" total="1882062848" percent="1">
      <mem type="soa" free="12426352" total="1863241728" percent="0" />
      <mem type="loa" free="18821120" total="18821120" percent="100" />
    </mem>
    <remembered-set count="194727" />
  </mem-info>
</gc-start>
<allocation-stats totalBytes="695079216" >
  <allocated-bytes non-tlh="29052024" tlh="666027192" />
  <largest-consumer threadName="Group1.Backend.CompositeBackend{Tier1}.6" threadId="0000000000843D00" bytes="130021904" />
</allocation-stats>
<gc-op id="6775" type="mark" timems="661.754" contextid="6772" timestamp="2020-09-11T10:35:46.459">
  <trace-info objectcount="31521286" scancount="30541015" scanbytes="832246360" />
  <finalization candidates="150" enqueued="0" />
  <ownableSynchronizers candidates="594034" cleared="4809" />
  <references type="soft" candidates="725349" cleared="0" enqueued="0" dynamicThreshold="17" maxThreshold="32" />
  <references type="weak" candidates="4405" cleared="112" enqueued="0" />
  <references type="phantom" candidates="108" cleared="0" enqueued="0" />
  <stringconstants candidates="10691" cleared="14"  />
</gc-op>
<gc-op id="6776" type="sweep" timems="22.643" contextid="6772" timestamp="2020-09-11T10:35:46.482" />
<gc-end id="6777" type="global" contextid="6772" durationms="685.536" usertimems="4963.123" systemtimems="21.524" timestamp="2020-09-11T10:35:46.483" activeThreads="8">
  <mem-info id="6778" free="1608319784" total="2821586944" percent="57">
    <mem type="nursery" free="600068976" total="939524096" percent="63">
      <mem type="allocate" free="600068976" total="805699584" percent="74" />
      <mem type="survivor" free="0" total="133824512" percent="0" />
    </mem>
    <mem type="tenure" free="1008250808" total="1882062848" percent="53" micro-fragmented="108959725" macro-fragmented="0">
      <mem type="soa" free="989429688" total="1863241728" percent="53" />
      <mem type="loa" free="18821120" total="18821120" percent="100" />
    </mem>
    <remembered-set count="189253" />
  </mem-info>
</gc-end>
<cycle-end id="6779" type="global" contextid="6772" timestamp="2020-09-11T10:35:46.484" />
<allocation-satisfied id="6780" threadId="0000000000837900" bytesRequested="1032" />
<af-end id="6781" timestamp="2020-09-11T10:35:46.484" threadId="0000000000838280" success="true" from="nursery"/>
<exclusive-end id="6782" timestamp="2020-09-11T10:35:46.484" durationms="688.133" />

<exclusive-start id="6783" timestamp="2020-09-11T10:35:47.616" intervalms="1820.475">
  <response-info timems="1.711" idlems="1.711" threads="0" lastid="00000000007F6F00" lastname="Group1.Backend.CompositeBackend{Tier1}.2" />
</exclusive-start>
<af-start id="6784" threadId="00000000007F7880" totalBytesRequested="16" timestamp="2020-09-11T10:35:47.617" intervalms="1820.383" type="nursery" />
<cycle-start id="6785" type="scavenge" contextid="0" timestamp="2020-09-11T10:35:47.617" intervalms="3981.574" />
<gc-start id="6786" type="scavenge" contextid="6785" timestamp="2020-09-11T10:35:47.618">
  <mem-info id="6787" free="1008250760" total="2821586944" percent="35">
    <mem type="nursery" free="0" total="939524096" percent="0">
      <mem type="allocate" free="0" total="805699584" percent="0" />
      <mem type="survivor" free="0" total="133824512" percent="0" />
    </mem>
    <mem type="tenure" free="1008250760" total="1882062848" percent="53">
      <mem type="soa" free="989429640" total="1863241728" percent="53" />
      <mem type="loa" free="18821120" total="18821120" percent="100" />
    </mem>
    <remembered-set count="244053" />
  </mem-info>
</gc-start>
<allocation-stats totalBytes="597738680" >
  <allocated-bytes non-tlh="30662480" tlh="567076200" />
  <largest-consumer threadName="Group1.Backend.CompositeBackend{Tier1}.6" threadId="0000000000843D00" bytes="94763928" />
</allocation-stats>
<gc-op id="6788" type="scavenge" timems="136.784" contextid="6785" timestamp="2020-09-11T10:35:47.755">
  <scavenger-info tenureage="3" tenuremask="7ff8" tiltratio="85" />
  <memory-copied type="nursery" objects="5001245" bytes="133641856" bytesdiscarded="40192" />
  <memory-copied type="tenure" objects="1246621" bytes="33082560" bytesdiscarded="124232" />
  <copy-failed type="nursery" objects="232247" bytes="5817080" />
  <ownableSynchronizers candidates="1181590" cleared="1181262" />
  <references type="soft" candidates="229" cleared="0" enqueued="0" dynamicThreshold="17" maxThreshold="32" />
  <references type="weak" candidates="107" cleared="107" enqueued="0" />
</gc-op>
<gc-end id="6789" type="scavenge" contextid="6785" durationms="138.533" usertimems="1040.241" systemtimems="4.050" timestamp="2020-09-11T10:35:47.756" activeThreads="8">
  <mem-info id="6790" free="1591353944" total="2821586944" percent="56">
    <mem type="nursery" free="616431616" total="939524096" percent="65">
      <mem type="allocate" free="616431616" total="750256128" percent="82" />
      <mem type="survivor" free="0" total="189267968" percent="0" />
    </mem>
    <mem type="tenure" free="974922328" total="1882062848" percent="51" macro-fragmented="0">
      <mem type="soa" free="956101208" total="1863241728" percent="51" />
      <mem type="loa" free="18821120" total="18821120" percent="100" />
    </mem>
    <remembered-set count="39763" />
  </mem-info>
</gc-end>
<cycle-end id="6791" type="scavenge" contextid="6785" timestamp="2020-09-11T10:35:47.758" />
<allocation-satisfied id="6792" threadId="00000000007F6F00" bytesRequested="16" />
<af-end id="6793" timestamp="2020-09-11T10:35:47.758" threadId="00000000007F7880" success="true" from="nursery"/>
<exclusive-end id="6794" timestamp="2020-09-11T10:35:47.758" durationms="141.718" />

<exclusive-start id="6795" timestamp="2020-09-11T10:35:49.447" intervalms="1830.739">
  <response-info timems="1.266" idlems="1.266" threads="0" lastid="0000000000854300" lastname="Group1.Backend.CompositeBackend{Tier1}.7" />
</exclusive-start>
<af-start id="6796" threadId="0000000000854C80" totalBytesRequested="112" timestamp="2020-09-11T10:35:49.448" intervalms="1830.786" type="nursery" />
<cycle-start id="6797" type="scavenge" contextid="0" timestamp="2020-09-11T10:35:49.448" intervalms="1830.831" />
<gc-start id="6798" type="scavenge" contextid="6797" timestamp="2020-09-11T10:35:49.449">
  <mem-info id="6799" free="974922328" total="2821586944" percent="34">
    <mem type="nursery" free="0" total="939524096" percent="0">
      <mem type="allocate" free="0" total="750256128" percent="0" />
      <mem type="survivor" free="0" total="189267968" percent="0" />
    </mem>
    <mem type="tenure" free="974922328" total="1882062848" percent="51">
      <mem type="soa" free="956101208" total="1863241728" percent="51" />
      <mem type="loa" free="18821120" total="18821120" percent="100" />
    </mem>
    <remembered-set count="191655" />
  </mem-info>
</gc-start>
<allocation-stats totalBytes="616143760" >
  <allocated-bytes non-tlh="30963952" tlh="585179808" />
  <largest-consumer threadName="Group1.Backend.CompositeBackend{Tier1}.2" threadId="00000000007F6F00" bytes="101989984" />
</allocation-stats>
<gc-op id="6800" type="scavenge" timems="106.295" contextid="6797" timestamp="2020-09-11T10:35:49.555">
  <scavenger-info tenureage="3" tenuremask="7ff8" tiltratio="79" />
  <memory-copied type="nursery" objects="4908369" bytes="131306608" bytesdiscarded="267744" />
  <memory-copied type="tenure" objects="936677" bytes="25268536" bytesdiscarded="90280" />
  <ownableSynchronizers candidates="3967" cleared="3689" />
  <references type="soft" candidates="213" cleared="0" enqueued="0" dynamicThreshold="17" maxThreshold="32" />
  <references type="weak" candidates="102" cleared="102" enqueued="0" />
</gc-op>
<gc-end id="6801" type="scavenge" contextid="6797" durationms="107.712" usertimems="830.143" systemtimems="1.412" timestamp="2020-09-11T10:35:49.556" activeThreads="8">
  <mem-info id="6802" free="1574825800" total="2821586944" percent="55">
    <mem type="nursery" free="625227512" total="939524096" percent="66">
      <mem type="allocate" free="625227512" total="756875264" percent="82" />
      <mem type="survivor" free="0" total="182648832" percent="0" />
    </mem>
    <mem type="tenure" free="949598288" total="1882062848" percent="50" macro-fragmented="0">
      <mem type="soa" free="930777168" total="1863241728" percent="49" />
      <mem type="loa" free="18821120" total="18821120" percent="100" />
    </mem>
    <remembered-set count="38304" />
  </mem-info>
</gc-end>
<cycle-end id="6803" type="scavenge" contextid="6797" timestamp="2020-09-11T10:35:49.558" />
<allocation-satisfied id="6804" threadId="0000000000854300" bytesRequested="112" />
<af-end id="6805" timestamp="2020-09-11T10:35:49.558" threadId="0000000000854C80" success="true" from="nursery"/>
<exclusive-end id="6806" timestamp="2020-09-11T10:35:49.558" durationms="110.441" />

<exclusive-start id="6807" timestamp="2020-09-11T10:35:51.325" intervalms="1877.312">
  <response-info timems="2.971" idlems="2.971" threads="0" lastid="0000000000842600" lastname="Group1.Backend.CompositeBackend{Tier1}.4" />
</exclusive-start>
<af-start id="6808" threadId="0000000000842F80" totalBytesRequested="88" timestamp="2020-09-11T10:35:51.325" intervalms="1877.349" type="nursery" />
<cycle-start id="6809" type="scavenge" contextid="0" timestamp="2020-09-11T10:35:51.326" intervalms="1877.532" />
<gc-start id="6810" type="scavenge" contextid="6809" timestamp="2020-09-11T10:35:51.326">
  <mem-info id="6811" free="949598288" total="2821586944" percent="33">
    <mem type="nursery" free="0" total="939524096" percent="0">
      <mem type="allocate" free="0" total="756875264" percent="0" />
      <mem type="survivor" free="0" total="182648832" percent="0" />
    </mem>
    <mem type="tenure" free="949598288" total="1882062848" percent="50">
      <mem type="soa" free="930777168" total="1863241728" percent="49" />
      <mem type="loa" free="18821120" total="18821120" percent="100" />
    </mem>
    <remembered-set count="191366" />
  </mem-info>
</gc-start>
<allocation-stats totalBytes="624937688" >
  <allocated-bytes non-tlh="29676624" tlh="595261064" />
  <largest-consumer threadName="Group1.Backend.CompositeBackend{Tier1}.8" threadId="0000000000837900" bytes="94153648" />
</allocation-stats>
<gc-op id="6812" type="scavenge" timems="127.097" contextid="6809" timestamp="2020-09-11T10:35:51.453">
  <scavenger-info tenureage="3" tenuremask="7ff8" tiltratio="80" />
  <memory-copied type="nursery" objects="4743844" bytes="127670728" bytesdiscarded="340368" />
  <memory-copied type="tenure" objects="976777" bytes="26336216" bytesdiscarded="107272" />
  <ownableSynchronizers candidates="3557" cleared="3289" />
  <references type="soft" candidates="213" cleared="0" enqueued="0" dynamicThreshold="17" maxThreshold="32" />
  <references type="weak" candidates="123" cleared="122" enqueued="0" />
</gc-op>
<gc-end id="6813" type="scavenge" contextid="6809" durationms="128.239" usertimems="928.758" systemtimems="7.336" timestamp="2020-09-11T10:35:51.454" activeThreads="8">
  <mem-info id="6814" free="1558902960" total="2821586944" percent="55">
    <mem type="nursery" free="635857552" total="939524096" percent="67">
      <mem type="allocate" free="635857552" total="763953152" percent="83" />
      <mem type="survivor" free="0" total="175570944" percent="0" />
    </mem>
    <mem type="tenure" free="923045408" total="1882062848" percent="49" macro-fragmented="0">
      <mem type="soa" free="904224288" total="1863241728" percent="48" />
      <mem type="loa" free="18821120" total="18821120" percent="100" />
    </mem>
    <remembered-set count="35260" />
  </mem-info>
</gc-end>
<cycle-end id="6815" type="scavenge" contextid="6809" timestamp="2020-09-11T10:35:51.455" />
<allocation-satisfied id="6816" threadId="0000000000842600" bytesRequested="88" />
<af-end id="6817" timestamp="2020-09-11T10:35:51.455" threadId="0000000000842F80" success="true" from="nursery"/>
<exclusive-end id="6818" timestamp="2020-09-11T10:35:51.455" durationms="130.857" />

<exclusive-start id="6819" timestamp="2020-09-11T10:35:53.311" intervalms="1986.860">
  <response-info timems="6.037" idlems="6.037" threads="0" lastid="0000000000A50700" lastname="Group1.Backend.CompositeBackend{Tier3}.4" />
</exclusive-start>
<af-start id="6820" threadId="0000000000A51080" totalBytesRequested="32" timestamp="2020-09-11T10:35:53.312" intervalms="1986.822" type="nursery" />
<cycle-start id="6821" type="scavenge" contextid="0" timestamp="2020-09-11T10:35:53.312" intervalms="1986.667" />
<gc-start id="6822" type="scavenge" contextid="6821" timestamp="2020-09-11T10:35:53.313">
  <mem-info id="6823" free="923045408" total="2821586944" percent="32">
    <mem type="nursery" free="0" total="939524096" percent="0">
      <mem type="allocate" free="0" total="763953152" percent="0" />
      <mem type="survivor" free="0" total="175570944" percent="0" />
    </mem>
    <mem type="tenure" free="923045408" total="1882062848" percent="49">
      <mem type="soa" free="904224288" total="1863241728" percent="48" />
      <mem type="loa" free="18821120" total="18821120" percent="100" />
    </mem>
    <remembered-set count="192586" />
  </mem-info>
</gc-start>
<allocation-stats totalBytes="635552864" >
  <allocated-bytes non-tlh="28010600" tlh="607542264" />
  <largest-consumer threadName="Group1.Backend.CompositeBackend{Tier1}.5" threadId="0000000000843100" bytes="98172992" />
</allocation-stats>
<gc-op id="6824" type="scavenge" timems="158.478" contextid="6821" timestamp="2020-09-11T10:35:53.471">
  <scavenger-info tenureage="3" tenuremask="7ff8" tiltratio="81" />
  <memory-copied type="nursery" objects="3959975" bytes="105641288" bytesdiscarded="234496" />
  <memory-copied type="tenure" objects="1950599" bytes="52619632" bytesdiscarded="138888" />
  <ownableSynchronizers candidates="2811" cleared="2551" />
  <references type="soft" candidates="160" cleared="0" enqueued="0" dynamicThreshold="17" maxThreshold="32" />
  <references type="weak" candidates="114" cleared="113" enqueued="0" />
</gc-op>
<gc-end id="6825" type="scavenge" contextid="6821" durationms="160.389" usertimems="1134.864" systemtimems="25.289" timestamp="2020-09-11T10:35:53.473" activeThreads="8">
  <mem-info id="6826" free="1534805608" total="2821586944" percent="54">
    <mem type="nursery" free="664548800" total="939524096" percent="70">
      <mem type="allocate" free="664548800" total="770506752" percent="86" />
      <mem type="survivor" free="0" total="169017344" percent="0" />
    </mem>
    <mem type="tenure" free="870256808" total="1882062848" percent="46" macro-fragmented="0">
      <mem type="soa" free="851435688" total="1863241728" percent="45" />
      <mem type="loa" free="18821120" total="18821120" percent="100" />
    </mem>
    <remembered-set count="27423" />
  </mem-info>
</gc-end>
<cycle-end id="6827" type="scavenge" contextid="6821" timestamp="2020-09-11T10:35:53.475" />
<allocation-satisfied id="6828" threadId="0000000000A50700" bytesRequested="32" />
<af-end id="6829" timestamp="2020-09-11T10:35:53.475" threadId="0000000000A51080" success="true" from="nursery"/>
<exclusive-end id="6830" timestamp="2020-09-11T10:35:53.475" durationms="163.665" />

<exclusive-start id="6831" timestamp="2020-09-11T10:35:55.339" intervalms="2027.920">
  <response-info timems="3.833" idlems="3.833" threads="0" lastid="0000000000785E00" lastname="Group1.Backend.CompositeBackend{Tier1}.1" />
</exclusive-start>
<af-start id="6832" threadId="0000000000786780" totalBytesRequested="24" timestamp="2020-09-11T10:35:55.340" intervalms="2028.092" type="nursery" />
<cycle-start id="6833" type="scavenge" contextid="0" timestamp="2020-09-11T10:35:55.340" intervalms="2028.048" />
<gc-start id="6834" type="scavenge" contextid="6833" timestamp="2020-09-11T10:35:55.341">
  <mem-info id="6835" free="870256808" total="2821586944" percent="30">
    <mem type="nursery" free="0" total="939524096" percent="0">
      <mem type="allocate" free="0" total="770506752" percent="0" />
      <mem type="survivor" free="0" total="169017344" percent="0" />
    </mem>
    <mem type="tenure" free="870256808" total="1882062848" percent="46">
      <mem type="soa" free="851435688" total="1863241728" percent="45" />
      <mem type="loa" free="18821120" total="18821120" percent="100" />
    </mem>
    <remembered-set count="187309" />
  </mem-info>
</gc-start>
<allocation-stats totalBytes="664235848" >
  <allocated-bytes non-tlh="33707632" tlh="630528216" />
  <largest-consumer threadName="Group1.Backend.CompositeBackend{Tier1}.8" threadId="0000000000837900" bytes="110497304" />
</allocation-stats>
<gc-op id="6836" type="scavenge" timems="114.534" contextid="6833" timestamp="2020-09-11T10:35:55.455">
  <scavenger-info tenureage="3" tenuremask="7ff8" tiltratio="82" />
  <memory-copied type="nursery" objects="3868702" bytes="103795240" bytesdiscarded="279688" />
  <memory-copied type="tenure" objects="1000570" bytes="26906624" bytesdiscarded="122712" />
  <ownableSynchronizers candidates="3717" cleared="3485" />
  <references type="soft" candidates="167" cleared="0" enqueued="0" dynamicThreshold="17" maxThreshold="32" />
  <references type="weak" candidates="113" cleared="113" enqueued="0" />
</gc-op>
<gc-end id="6837" type="scavenge" contextid="6833" durationms="115.668" usertimems="816.715" systemtimems="10.236" timestamp="2020-09-11T10:35:55.456" activeThreads="8">
  <mem-info id="6838" free="1519716048" total="2821586944" percent="53">
    <mem type="nursery" free="676439648" total="939524096" percent="71">
      <mem type="allocate" free="676439648" total="780599296" percent="86" />
      <mem type="survivor" free="0" total="158924800" percent="0" />
    </mem>
    <mem type="tenure" free="843276400" total="1882062848" percent="44" macro-fragmented="0">
      <mem type="soa" free="824455280" total="1863241728" percent="44" />
      <mem type="loa" free="18821120" total="18821120" percent="100" />
    </mem>
    <remembered-set count="28741" />
  </mem-info>
</gc-end>
<cycle-end id="6839" type="scavenge" contextid="6833" timestamp="2020-09-11T10:35:55.458" />
<allocation-satisfied id="6840" threadId="0000000000785E00" bytesRequested="24" />
<af-end id="6841" timestamp="2020-09-11T10:35:55.458" threadId="0000000000786780" success="true" from="nursery"/>
<exclusive-end id="6842" timestamp="2020-09-11T10:35:55.458" durationms="118.436" />

<exclusive-start id="6843" timestamp="2020-09-11T10:35:57.457" intervalms="2117.784">
  <response-info timems="0.469" idlems="0.469" threads="0" lastid="00000000007F6F00" lastname="Group1.Backend.CompositeBackend{Tier1}.2" />
</exclusive-start>
<af-start id="6844" threadId="00000000007F7880" totalBytesRequested="24" timestamp="2020-09-11T10:35:57.458" intervalms="2117.621" type="nursery" />
<cycle-start id="6845" type="scavenge" contextid="0" timestamp="2020-09-11T10:35:57.458" intervalms="2117.601" />
<gc-start id="6846" type="scavenge" contextid="6845" timestamp="2020-09-11T10:35:57.458">
  <mem-info id="6847" free="843276400" total="2821586944" percent="29">
    <mem type="nursery" free="0" total="939524096" percent="0">
      <mem type="allocate" free="0" total="780599296" percent="0" />
      <mem type="survivor" free="0" total="158924800" percent="0" />
    </mem>
    <mem type="tenure" free="843276400" total="1882062848" percent="44">
      <mem type="soa" free="824455280" total="1863241728" percent="44" />
      <mem type="loa" free="18821120" total="18821120" percent="100" />
    </mem>
    <remembered-set count="196034" />
  </mem-info>
</gc-start>
<allocation-stats totalBytes="676111256" >
  <allocated-bytes non-tlh="22249800" tlh="653861456" />
  <largest-consumer threadName="Group1.Backend.CompositeBackend{Tier1}.6" threadId="0000000000843D00" bytes="108973008" />
</allocation-stats>
<gc-op id="6848" type="scavenge" timems="109.531" contextid="6845" timestamp="2020-09-11T10:35:57.568">
  <scavenger-info tenureage="3" tenuremask="7ff8" tiltratio="83" />
  <memory-copied type="nursery" objects="4062478" bytes="108852728" bytesdiscarded="136264" />
  <memory-copied type="tenure" objects="982317" bytes="26549832" bytesdiscarded="119344" />
  <ownableSynchronizers candidates="3515" cleared="3287" />
  <references type="soft" candidates="165" cleared="0" enqueued="0" dynamicThreshold="17" maxThreshold="32" />
  <references type="weak" candidates="93" cleared="93" enqueued="0" />
</gc-op>
<gc-end id="6849" type="scavenge" contextid="6845" durationms="110.513" usertimems="770.961" systemtimems="0.000" timestamp="2020-09-11T10:35:57.569" activeThreads="8">
  <mem-info id="6850" free="1494331272" total="2821586944" percent="52">
    <mem type="nursery" free="677818872" total="939524096" percent="72">
      <mem type="allocate" free="677818872" total="786890752" percent="86" />
      <mem type="survivor" free="0" total="152633344" percent="0" />
    </mem>
    <mem type="tenure" free="816512400" total="1882062848" percent="43" macro-fragmented="0">
      <mem type="soa" free="797691280" total="1863241728" percent="42" />
      <mem type="loa" free="18821120" total="18821120" percent="100" />
    </mem>
    <remembered-set count="31857" />
  </mem-info>
</gc-end>
<cycle-end id="6851" type="scavenge" contextid="6845" timestamp="2020-09-11T10:35:57.570" />
<allocation-satisfied id="6852" threadId="00000000007F6F00" bytesRequested="24" />
<af-end id="6853" timestamp="2020-09-11T10:35:57.570" threadId="00000000007F7880" success="true" from="nursery"/>
<exclusive-end id="6854" timestamp="2020-09-11T10:35:57.570" durationms="112.834" />

<exclusive-start id="6855" timestamp="2020-09-11T10:35:59.402" intervalms="1945.222">
  <response-info timems="0.475" idlems="0.243" threads="1" lastid="0000000000856800" lastname="Group1.Backend.CompositeBackend{Tier1}.3" />
</exclusive-start>
<af-start id="6856" threadId="0000000000842F80" totalBytesRequested="664" timestamp="2020-09-11T10:35:59.403" intervalms="1945.031" type="nursery" />
<cycle-start id="6857" type="scavenge" contextid="0" timestamp="2020-09-11T10:35:59.403" intervalms="1945.016" />
<gc-start id="6858" type="scavenge" contextid="6857" timestamp="2020-09-11T10:35:59.403">
  <mem-info id="6859" free="816512400" total="2821586944" percent="28">
    <mem type="nursery" free="0" total="939524096" percent="0">
      <mem type="allocate" free="0" total="786890752" percent="0" />
      <mem type="survivor" free="0" total="152633344" percent="0" />
    </mem>
    <mem type="tenure" free="816512400" total="1882062848" percent="43">
      <mem type="soa" free="797691280" total="1863241728" percent="42" />
      <mem type="loa" free="18821120" total="18821120" percent="100" />
    </mem>
    <remembered-set count="188931" />
  </mem-info>
</gc-start>
<allocation-stats totalBytes="677522296" >
  <allocated-bytes non-tlh="40543720" tlh="636978576" />
  <largest-consumer threadName="Group1.Backend.CompositeBackend{Tier1}.5" threadId="0000000000843100" bytes="104000160" />
</allocation-stats>
<gc-op id="6860" type="scavenge" timems="95.425" contextid="6857" timestamp="2020-09-11T10:35:59.499">
  <scavenger-info tenureage="3" tenuremask="7ff8" tiltratio="83" />
  <memory-copied type="nursery" objects="4032836" bytes="108147168" bytesdiscarded="179856" />
  <memory-copied type="tenure" objects="1050861" bytes="28244072" bytesdiscarded="148008" />
  <ownableSynchronizers candidates="2831" cleared="2617" />
  <references type="soft" candidates="162" cleared="0" enqueued="0" dynamicThreshold="17" maxThreshold="32" />
  <references type="weak" candidates="104" cleared="104" enqueued="0" />
</gc-op>
<gc-end id="6861" type="scavenge" contextid="6857" durationms="96.240" usertimems="713.980" systemtimems="0.000" timestamp="2020-09-11T10:35:59.500" activeThreads="8">
  <mem-info id="6862" free="1472707496" total="2821586944" percent="52">
    <mem type="nursery" free="684637952" total="939524096" percent="72">
      <mem type="allocate" free="684637952" total="793051136" percent="86" />
      <mem type="survivor" free="0" total="146472960" percent="0" />
    </mem>
    <mem type="tenure" free="788069544" total="1882062848" percent="41" macro-fragmented="0">
      <mem type="soa" free="769248424" total="1863241728" percent="41" />
      <mem type="loa" free="18821120" total="18821120" percent="100" />
    </mem>
    <remembered-set count="31337" />
  </mem-info>
</gc-end>
<cycle-end id="6863" type="scavenge" contextid="6857" timestamp="2020-09-11T10:35:59.501" />
<allocation-satisfied id="6864" threadId="0000000000842600" bytesRequested="664" />
<af-end id="6865" timestamp="2020-09-11T10:35:59.501" threadId="0000000000842F80" success="true" from="nursery"/>
<exclusive-end id="6866" timestamp="2020-09-11T10:35:59.501" durationms="98.463" />

<exclusive-start id="6867" timestamp="2020-09-11T10:36:01.541" intervalms="2138.530">
  <response-info timems="0.405" idlems="0.141" threads="2" lastid="0000000000843D00" lastname="Group1.Backend.CompositeBackend{Tier1}.6" />
</exclusive-start>
<af-start id="6868" threadId="0000000000786780" totalBytesRequested="112" timestamp="2020-09-11T10:36:01.542" intervalms="2138.618" type="nursery" />
<cycle-start id="6869" type="scavenge" contextid="0" timestamp="2020-09-11T10:36:01.542" intervalms="2138.610" />
<gc-start id="6870" type="scavenge" contextid="6869" timestamp="2020-09-11T10:36:01.542">
  <mem-info id="6871" free="788069544" total="2821586944" percent="27">
    <mem type="nursery" free="0" total="939524096" percent="0">
      <mem type="allocate" free="0" total="793051136" percent="0" />
      <mem type="survivor" free="0" total="146472960" percent="0" />
    </mem>
    <mem type="tenure" free="788069544" total="1882062848" percent="41">
      <mem type="soa" free="769248424" total="1863241728" percent="41" />
      <mem type="loa" free="18821120" total="18821120" percent="100" />
    </mem>
    <remembered-set count="192327" />
  </mem-info>
</gc-start>
<allocation-stats totalBytes="684288896" >
  <allocated-bytes non-tlh="31642080" tlh="652646816" />
  <largest-consumer threadName="Group1.Backend.CompositeBackend{Tier1}.5" threadId="0000000000843100" bytes="118901944" />
</allocation-stats>
<gc-op id="6872" type="scavenge" timems="114.577" contextid="6869" timestamp="2020-09-11T10:36:01.657">
  <scavenger-info tenureage="3" tenuremask="7ff8" tiltratio="84" />
  <memory-copied type="nursery" objects="4075220" bytes="109308064" bytesdiscarded="151512" />
  <memory-copied type="tenure" objects="1051956" bytes="28239112" bytesdiscarded="120104" />
  <ownableSynchronizers candidates="4740" cleared="4495" />
  <references type="soft" candidates="162" cleared="0" enqueued="0" dynamicThreshold="17" maxThreshold="32" />
  <references type="weak" candidates="113" cleared="113" enqueued="0" />
</gc-op>
<gc-end id="6873" type="scavenge" contextid="6869" durationms="115.744" usertimems="804.964" systemtimems="0.103" timestamp="2020-09-11T10:36:01.658" activeThreads="8">
  <mem-info id="6874" free="1447866336" total="2821586944" percent="51">
    <mem type="nursery" free="688033280" total="939524096" percent="73">
      <mem type="allocate" free="688033280" total="797573120" percent="86" />
      <mem type="survivor" free="0" total="141950976" percent="0" />
    </mem>
    <mem type="tenure" free="759833056" total="1882062848" percent="40" macro-fragmented="0">
      <mem type="soa" free="741011936" total="1863241728" percent="39" />
      <mem type="loa" free="18821120" total="18821120" percent="100" />
    </mem>
    <remembered-set count="28764" />
  </mem-info>
</gc-end>
<cycle-end id="6875" type="scavenge" contextid="6869" timestamp="2020-09-11T10:36:01.662" />
<allocation-satisfied id="6876" threadId="0000000000785E00" bytesRequested="112" />
<af-end id="6877" timestamp="2020-09-11T10:36:01.662" threadId="0000000000786780" success="true" from="nursery"/>
<exclusive-end id="6878" timestamp="2020-09-11T10:36:01.662" durationms="121.120" />

<exclusive-start id="6879" timestamp="2020-09-11T10:36:03.568" intervalms="2027.333">
  <response-info timems="1.660" idlems="1.660" threads="0" lastid="00000000007F6F00" lastname="Group1.Backend.CompositeBackend{Tier1}.2" />
</exclusive-start>
<af-start id="6880" threadId="00000000007F7880" totalBytesRequested="40" timestamp="2020-09-11T10:36:03.569" intervalms="2027.430" type="nursery" />
<cycle-start id="6881" type="scavenge" contextid="0" timestamp="2020-09-11T10:36:03.569" intervalms="2027.489" />
<gc-start id="6882" type="scavenge" contextid="6881" timestamp="2020-09-11T10:36:03.569">
  <mem-info id="6883" free="759833056" total="2821586944" percent="26">
    <mem type="nursery" free="0" total="939524096" percent="0">
      <mem type="allocate" free="0" total="797573120" percent="0" />
      <mem type="survivor" free="0" total="141950976" percent="0" />
    </mem>
    <mem type="tenure" free="759833056" total="1882062848" percent="40">
      <mem type="soa" free="741011936" total="1863241728" percent="39" />
      <mem type="loa" free="18821120" total="18821120" percent="100" />
    </mem>
    <remembered-set count="190908" />
  </mem-info>
</gc-start>
<allocation-stats totalBytes="687694616" >
  <allocated-bytes non-tlh="33314272" tlh="654380344" />
  <largest-consumer threadName="Group1.Backend.CompositeBackend{Tier1}.5" threadId="0000000000843100" bytes="110319400" />
</allocation-stats>
<gc-op id="6884" type="scavenge" timems="151.420" contextid="6881" timestamp="2020-09-11T10:36:03.721">
  <scavenger-info tenureage="3" tenuremask="7ff8" tiltratio="84" />
  <memory-copied type="nursery" objects="4048011" bytes="108568144" bytesdiscarded="211128" />
  <memory-copied type="tenure" objects="1144915" bytes="30785480" bytesdiscarded="134080" />
  <ownableSynchronizers candidates="4416" cleared="4157" />
  <references type="soft" candidates="165" cleared="0" enqueued="0" dynamicThreshold="17" maxThreshold="32" />
  <references type="weak" candidates="109" cleared="109" enqueued="0" />
</gc-op>
<gc-end id="6885" type="scavenge" contextid="6881" durationms="152.510" usertimems="1004.210" systemtimems="14.267" timestamp="2020-09-11T10:36:03.722" activeThreads="8">
  <mem-info id="6886" free="1421419264" total="2821586944" percent="50">
    <mem type="nursery" free="692577280" total="939524096" percent="73">
      <mem type="allocate" free="692577280" total="801439744" percent="86" />
      <mem type="survivor" free="0" total="138084352" percent="0" />
    </mem>
    <mem type="tenure" free="728841984" total="1882062848" percent="38" macro-fragmented="0">
      <mem type="soa" free="710020864" total="1863241728" percent="38" />
      <mem type="loa" free="18821120" total="18821120" percent="100" />
    </mem>
    <remembered-set count="28383" />
  </mem-info>
</gc-end>
<cycle-end id="6887" type="scavenge" contextid="6881" timestamp="2020-09-11T10:36:03.726" />
<allocation-satisfied id="6888" threadId="00000000007F6F00" bytesRequested="40" />
<af-end id="6889" timestamp="2020-09-11T10:36:03.726" threadId="00000000007F7880" success="true" from="nursery"/>
<exclusive-end id="6890" timestamp="2020-09-11T10:36:03.726" durationms="158.309" />

<exclusive-start id="6891" timestamp="2020-09-11T10:36:05.666" intervalms="2097.509">
  <response-info timems="0.388" idlems="0.388" threads="0" lastid="0000000000837900" lastname="Group1.Backend.CompositeBackend{Tier1}.8" />
</exclusive-start>
<af-start id="6892" threadId="0000000000838280" totalBytesRequested="24" timestamp="2020-09-11T10:36:05.666" intervalms="2097.428" type="nursery" />
<cycle-start id="6893" type="scavenge" contextid="0" timestamp="2020-09-11T10:36:05.667" intervalms="2097.372" />
<gc-start id="6894" type="scavenge" contextid="6893" timestamp="2020-09-11T10:36:05.667">
  <mem-info id="6895" free="728841984" total="2821586944" percent="25">
    <mem type="nursery" free="0" total="939524096" percent="0">
      <mem type="allocate" free="0" total="801439744" percent="0" />
      <mem type="survivor" free="0" total="138084352" percent="0" />
    </mem>
    <mem type="tenure" free="728841984" total="1882062848" percent="38">
      <mem type="soa" free="710020864" total="1863241728" percent="38" />
      <mem type="loa" free="18821120" total="18821120" percent="100" />
    </mem>
    <remembered-set count="191854" />
  </mem-info>
</gc-start>
<allocation-stats totalBytes="692261968" >
  <allocated-bytes non-tlh="31679424" tlh="660582544" />
  <largest-consumer threadName="Group1.Backend.CompositeBackend{Tier1}.1" threadId="0000000000785E00" bytes="93448880" />
</allocation-stats>
<gc-op id="6896" type="scavenge" timems="114.444" contextid="6893" timestamp="2020-09-11T10:36:05.781">
  <scavenger-info tenureage="3" tenuremask="7ff8" tiltratio="85" />
  <memory-copied type="nursery" objects="4329661" bytes="115518584" bytesdiscarded="209952" />
  <memory-copied type="tenure" objects="1049670" bytes="28201000" bytesdiscarded="127128" />
  <ownableSynchronizers candidates="4031" cleared="3759" />
  <references type="soft" candidates="171" cleared="0" enqueued="0" dynamicThreshold="17" maxThreshold="32" />
  <references type="weak" candidates="118" cleared="118" enqueued="0" />
</gc-op>
<gc-end id="6897" type="scavenge" contextid="6893" durationms="115.439" usertimems="859.114" systemtimems="4.922" timestamp="2020-09-11T10:36:05.782" activeThreads="8">
  <mem-info id="6898" free="1386899920" total="2821586944" percent="49">
    <mem type="nursery" free="686346728" total="939524096" percent="73">
      <mem type="allocate" free="686346728" total="802160640" percent="85" />
      <mem type="survivor" free="0" total="137363456" percent="0" />
    </mem>
    <mem type="tenure" free="700553192" total="1882062848" percent="37" macro-fragmented="0">
      <mem type="soa" free="681732072" total="1863241728" percent="36" />
      <mem type="loa" free="18821120" total="18821120" percent="100" />
    </mem>
    <remembered-set count="28272" />
  </mem-info>
</gc-end>
<cycle-end id="6899" type="scavenge" contextid="6893" timestamp="2020-09-11T10:36:05.786" />
<allocation-satisfied id="6900" threadId="0000000000837900" bytesRequested="24" />
<af-end id="6901" timestamp="2020-09-11T10:36:05.786" threadId="0000000000838280" success="true" from="nursery"/>
<exclusive-end id="6902" timestamp="2020-09-11T10:36:05.786" durationms="120.649" />

<exclusive-start id="6903" timestamp="2020-09-11T10:36:07.739" intervalms="2073.462">
  <response-info timems="0.769" idlems="0.769" threads="0" lastid="0000000000843100" lastname="Group1.Backend.CompositeBackend{Tier1}.5" />
</exclusive-start>
<af-start id="6904" threadId="0000000000843A80" totalBytesRequested="24" timestamp="2020-09-11T10:36:07.740" intervalms="2073.558" type="nursery" />
<cycle-start id="6905" type="scavenge" contextid="0" timestamp="2020-09-11T10:36:07.740" intervalms="2073.635" />
<gc-start id="6906" type="scavenge" contextid="6905" timestamp="2020-09-11T10:36:07.741">
  <mem-info id="6907" free="700553192" total="2821586944" percent="24">
    <mem type="nursery" free="0" total="939524096" percent="0">
      <mem type="allocate" free="0" total="802160640" percent="0" />
      <mem type="survivor" free="0" total="137363456" percent="0" />
    </mem>
    <mem type="tenure" free="700553192" total="1882062848" percent="37">
      <mem type="soa" free="681732072" total="1863241728" percent="36" />
      <mem type="loa" free="18821120" total="18821120" percent="100" />
    </mem>
    <remembered-set count="190516" />
  </mem-info>
</gc-start>
<allocation-stats totalBytes="686000272" >
  <allocated-bytes non-tlh="32915480" tlh="653084792" />
  <largest-consumer threadName="Group1.Backend.CompositeBackend{Tier1}.8" threadId="0000000000837900" bytes="105341800" />
</allocation-stats>
<gc-op id="6908" type="scavenge" timems="120.122" contextid="6905" timestamp="2020-09-11T10:36:07.861">
  <scavenger-info tenureage="3" tenuremask="7ff8" tiltratio="85" />
  <memory-copied type="nursery" objects="4363387" bytes="115896528" bytesdiscarded="639888" />
  <memory-copied type="tenure" objects="1094334" bytes="29440704" bytesdiscarded="120488" />
  <ownableSynchronizers candidates="4661" cleared="4360" />
  <references type="soft" candidates="164" cleared="0" enqueued="0" dynamicThreshold="17" maxThreshold="32" />
  <references type="weak" candidates="108" cleared="108" enqueued="0" />
</gc-op>
<gc-end id="6909" type="scavenge" contextid="6905" durationms="121.175" usertimems="860.744" systemtimems="11.830" timestamp="2020-09-11T10:36:07.862" activeThreads="8">
  <mem-info id="6910" free="1362171640" total="2821586944" percent="48">
    <mem type="nursery" free="691239912" total="939524096" percent="73">
      <mem type="allocate" free="691239912" total="807862272" percent="85" />
      <mem type="survivor" free="0" total="131661824" percent="0" />
    </mem>
    <mem type="tenure" free="670931728" total="1882062848" percent="35" macro-fragmented="0">
      <mem type="soa" free="652110608" total="1863241728" percent="34" />
      <mem type="loa" free="18821120" total="18821120" percent="100" />
    </mem>
    <remembered-set count="30146" />
  </mem-info>
</gc-end>
<cycle-end id="6911" type="scavenge" contextid="6905" timestamp="2020-09-11T10:36:07.866" />
<allocation-satisfied id="6912" threadId="0000000000843100" bytesRequested="24" />
<af-end id="6913" timestamp="2020-09-11T10:36:07.866" threadId="0000000000843A80" success="true" from="nursery"/>
<exclusive-end id="6914" timestamp="2020-09-11T10:36:07.866" durationms="127.354" />

<exclusive-start id="6915" timestamp="2020-09-11T10:36:09.901" intervalms="2162.268">
  <response-info timems="0.452" idlems="0.452" threads="0" lastid="0000000000842600" lastname="Group1.Backend.CompositeBackend{Tier1}.4" />
</exclusive-start>
<af-start id="6916" threadId="0000000000842F80" totalBytesRequested="24" timestamp="2020-09-11T10:36:09.902" intervalms="2162.168" type="nursery" />
<cycle-start id="6917" type="scavenge" contextid="0" timestamp="2020-09-11T10:36:09.902" intervalms="2162.114" />
<gc-start id="6918" type="scavenge" contextid="6917" timestamp="2020-09-11T10:36:09.903">
  <mem-info id="6919" free="670931728" total="2821586944" percent="23">
    <mem type="nursery" free="0" total="939524096" percent="0">
      <mem type="allocate" free="0" total="807862272" percent="0" />
      <mem type="survivor" free="0" total="131661824" percent="0" />
    </mem>
    <mem type="tenure" free="670931728" total="1882062848" percent="35">
      <mem type="soa" free="652110608" total="1863241728" percent="34" />
      <mem type="loa" free="18821120" total="18821120" percent="100" />
    </mem>
    <remembered-set count="194548" />
  </mem-info>
</gc-start>
<allocation-stats totalBytes="690919656" >
  <allocated-bytes non-tlh="30674128" tlh="660245528" />
  <largest-consumer threadName="Group1.Backend.CompositeBackend{Tier1}.8" threadId="0000000000837900" bytes="109666232" />
</allocation-stats>
<gc-op id="6920" type="scavenge" timems="114.028" contextid="6917" timestamp="2020-09-11T10:36:10.017">
  <scavenger-info tenureage="3" tenuremask="7ff8" tiltratio="85" />
  <memory-copied type="nursery" objects="4235189" bytes="113082352" bytesdiscarded="276832" />
  <memory-copied type="tenure" objects="1089540" bytes="29296296" bytesdiscarded="109448" />
  <ownableSynchronizers candidates="3971" cleared="3688" />
  <references type="soft" candidates="162" cleared="0" enqueued="0" dynamicThreshold="17" maxThreshold="32" />
  <references type="weak" candidates="113" cleared="113" enqueued="0" />
</gc-op>
<gc-end id="6921" type="scavenge" contextid="6917" durationms="115.303" usertimems="851.557" systemtimems="0.810" timestamp="2020-09-11T10:36:10.018" activeThreads="8">
  <mem-info id="6922" free="1336351528" total="2821586944" percent="47">
    <mem type="nursery" free="694740728" total="939524096" percent="73">
      <mem type="allocate" free="694740728" total="808189952" percent="85" />
      <mem type="survivor" free="0" total="131334144" percent="0" />
    </mem>
    <mem type="tenure" free="641610800" total="1882062848" percent="34" macro-fragmented="0">
      <mem type="soa" free="622789680" total="1863241728" percent="33" />
      <mem type="loa" free="18821120" total="18821120" percent="100" />
    </mem>
    <remembered-set count="31243" />
  </mem-info>
</gc-end>
<cycle-end id="6923" type="scavenge" contextid="6917" timestamp="2020-09-11T10:36:10.019" />
<allocation-satisfied id="6924" threadId="0000000000842600" bytesRequested="24" />
<af-end id="6925" timestamp="2020-09-11T10:36:10.019" threadId="0000000000842F80" success="true" from="nursery"/>
<exclusive-end id="6926" timestamp="2020-09-11T10:36:10.019" durationms="117.615" />

<exclusive-start id="6927" timestamp="2020-09-11T10:36:11.941" intervalms="2039.506">
  <response-info timems="0.374" idlems="0.374" threads="0" lastid="0000000000837900" lastname="Group1.Backend.CompositeBackend{Tier1}.8" />
</exclusive-start>
<af-start id="6928" threadId="0000000000838280" totalBytesRequested="24" timestamp="2020-09-11T10:36:11.942" intervalms="2039.533" type="nursery" />
<cycle-start id="6929" type="scavenge" contextid="0" timestamp="2020-09-11T10:36:11.942" intervalms="2039.530" />
<gc-start id="6930" type="scavenge" contextid="6929" timestamp="2020-09-11T10:36:11.942">
  <mem-info id="6931" free="641610800" total="2821586944" percent="22">
    <mem type="nursery" free="0" total="939524096" percent="0">
      <mem type="allocate" free="0" total="808189952" percent="0" />
      <mem type="survivor" free="0" total="131334144" percent="0" />
    </mem>
    <mem type="tenure" free="641610800" total="1882062848" percent="34">
      <mem type="soa" free="622789680" total="1863241728" percent="33" />
      <mem type="loa" free="18821120" total="18821120" percent="100" />
    </mem>
    <remembered-set count="193390" />
  </mem-info>
</gc-start>
<allocation-stats totalBytes="694403216" >
  <allocated-bytes non-tlh="35285752" tlh="659117464" />
  <largest-consumer threadName="Group1.Backend.CompositeBackend{Tier1}.2" threadId="00000000007F6F00" bytes="102621112" />
</allocation-stats>
<gc-op id="6932" type="scavenge" timems="109.697" contextid="6929" timestamp="2020-09-11T10:36:12.052">
  <scavenger-info tenureage="3" tenuremask="7ff8" tiltratio="86" />
  <memory-copied type="nursery" objects="4002928" bytes="107510176" bytesdiscarded="389760" />
  <memory-copied type="tenure" objects="1112559" bytes="29895104" bytesdiscarded="135008" />
  <ownableSynchronizers candidates="3689" cleared="3419" />
  <references type="soft" candidates="147" cleared="0" enqueued="0" dynamicThreshold="17" maxThreshold="32" />
  <references type="weak" candidates="118" cleared="118" enqueued="0" />
</gc-op>
<gc-end id="6933" type="scavenge" contextid="6929" durationms="110.949" usertimems="844.613" systemtimems="4.914" timestamp="2020-09-11T10:36:12.053" activeThreads="8">
  <mem-info id="6934" free="1312709072" total="2821586944" percent="46">
    <mem type="nursery" free="701121280" total="939524096" percent="74">
      <mem type="allocate" free="701121280" total="809107456" percent="86" />
      <mem type="survivor" free="0" total="130416640" percent="0" />
    </mem>
    <mem type="tenure" free="611587792" total="1882062848" percent="32" macro-fragmented="0">
      <mem type="soa" free="592766672" total="1863241728" percent="31" />
      <mem type="loa" free="18821120" total="18821120" percent="100" />
    </mem>
    <remembered-set count="29994" />
  </mem-info>
</gc-end>
<cycle-end id="6935" type="scavenge" contextid="6929" timestamp="2020-09-11T10:36:12.054" />
<allocation-satisfied id="6936" threadId="0000000000837900" bytesRequested="24" />
<af-end id="6937" timestamp="2020-09-11T10:36:12.054" threadId="0000000000838280" success="true" from="nursery"/>
<exclusive-end id="6938" timestamp="2020-09-11T10:36:12.055" durationms="113.969" />

<exclusive-start id="6939" timestamp="2020-09-11T10:36:13.976" intervalms="2035.186">
  <response-info timems="0.459" idlems="0.233" threads="1" lastid="0000000000837900" lastname="Group1.Backend.CompositeBackend{Tier1}.8" />
</exclusive-start>
<af-start id="6940" threadId="0000000000786780" totalBytesRequested="32" timestamp="2020-09-11T10:36:13.977" intervalms="2035.155" type="nursery" />
<cycle-start id="6941" type="scavenge" contextid="0" timestamp="2020-09-11T10:36:13.977" intervalms="2035.142" />
<gc-start id="6942" type="scavenge" contextid="6941" timestamp="2020-09-11T10:36:13.977">
  <mem-info id="6943" free="611587792" total="2821586944" percent="21">
    <mem type="nursery" free="0" total="939524096" percent="0">
      <mem type="allocate" free="0" total="809107456" percent="0" />
      <mem type="survivor" free="0" total="130416640" percent="0" />
    </mem>
    <mem type="tenure" free="611587792" total="1882062848" percent="32">
      <mem type="soa" free="592766672" total="1863241728" percent="31" />
      <mem type="loa" free="18821120" total="18821120" percent="100" />
    </mem>
    <remembered-set count="191648" />
  </mem-info>
</gc-start>
<allocation-stats totalBytes="700789224" >
  <allocated-bytes non-tlh="36933368" tlh="663855856" />
  <largest-consumer threadName="Group1.Backend.CompositeBackend{Tier1}.2" threadId="00000000007F6F00" bytes="113116904" />
</allocation-stats>
<gc-op id="6944" type="scavenge" timems="113.316" contextid="6941" timestamp="2020-09-11T10:36:14.091">
  <scavenger-info tenureage="3" tenuremask="7ff8" tiltratio="86" />
  <memory-copied type="nursery" objects="4031288" bytes="108241728" bytesdiscarded="189424" />
  <memory-copied type="tenure" objects="1058550" bytes="28445400" bytesdiscarded="129464" />
  <ownableSynchronizers candidates="3198" cleared="2950" />
  <references type="soft" candidates="155" cleared="0" enqueued="0" dynamicThreshold="17" maxThreshold="32" />
  <references type="weak" candidates="119" cleared="118" enqueued="0" />
</gc-op>
<gc-end id="6945" type="scavenge" contextid="6941" durationms="114.852" usertimems="859.928" systemtimems="3.063" timestamp="2020-09-11T10:36:14.092" activeThreads="8">
  <mem-info id="6946" free="1285222288" total="2821586944" percent="45">
    <mem type="nursery" free="702301440" total="939524096" percent="74">
      <mem type="allocate" free="702301440" total="810811392" percent="86" />
      <mem type="survivor" free="0" total="128712704" percent="0" />
    </mem>
    <mem type="tenure" free="582920848" total="1882062848" percent="30" macro-fragmented="0">
      <mem type="soa" free="564099728" total="1863241728" percent="30" />
      <mem type="loa" free="18821120" total="18821120" percent="100" />
    </mem>
    <remembered-set count="29354" />
  </mem-info>
</gc-end>
<cycle-end id="6947" type="scavenge" contextid="6941" timestamp="2020-09-11T10:36:14.095" />
<allocation-satisfied id="6948" threadId="0000000000785E00" bytesRequested="32" />
<af-end id="6949" timestamp="2020-09-11T10:36:14.095" threadId="0000000000786780" success="true" from="nursery"/>
<exclusive-end id="6950" timestamp="2020-09-11T10:36:14.095" durationms="118.642" />

<exclusive-start id="6951" timestamp="2020-09-11T10:36:16.164" intervalms="2187.482">
  <response-info timems="5.772" idlems="5.772" threads="0" lastid="0000000000856800" lastname="Group1.Backend.CompositeBackend{Tier1}.3" />
</exclusive-start>
<af-start id="6952" threadId="0000000000857180" totalBytesRequested="16" timestamp="2020-09-11T10:36:16.164" intervalms="2187.501" type="nursery" />
<cycle-start id="6953" type="scavenge" contextid="0" timestamp="2020-09-11T10:36:16.164" intervalms="2187.531" />
<gc-start id="6954" type="scavenge" contextid="6953" timestamp="2020-09-11T10:36:16.165">
  <mem-info id="6955" free="582920848" total="2821586944" percent="20">
    <mem type="nursery" free="0" total="939524096" percent="0">
      <mem type="allocate" free="0" total="810811392" percent="0" />
      <mem type="survivor" free="0" total="128712704" percent="0" />
    </mem>
    <mem type="tenure" free="582920848" total="1882062848" percent="30">
      <mem type="soa" free="564099728" total="1863241728" percent="30" />
      <mem type="loa" free="18821120" total="18821120" percent="100" />
    </mem>
    <remembered-set count="194787" />
  </mem-info>
</gc-start>
<allocation-stats totalBytes="701971904" >
  <allocated-bytes non-tlh="30029944" tlh="671941960" />
  <largest-consumer threadName="Group1.Backend.CompositeBackend{Tier1}.6" threadId="0000000000843D00" bytes="94826896" />
</allocation-stats>
<gc-op id="6956" type="scavenge" timems="94.045" contextid="6953" timestamp="2020-09-11T10:36:16.259">
  <scavenger-info tenureage="3" tenuremask="7ff8" tiltratio="86" />
  <memory-copied type="nursery" objects="4080220" bytes="109561072" bytesdiscarded="233976" />
  <memory-copied type="tenure" objects="1112525" bytes="29899320" bytesdiscarded="112416" />
  <ownableSynchronizers candidates="3860" cleared="3623" />
  <references type="soft" candidates="161" cleared="0" enqueued="0" dynamicThreshold="17" maxThreshold="32" />
  <references type="weak" candidates="122" cleared="122" enqueued="0" />
</gc-op>
<gc-end id="6957" type="scavenge" contextid="6953" durationms="95.270" usertimems="744.795" systemtimems="0.000" timestamp="2020-09-11T10:36:16.260" activeThreads="8">
  <mem-info id="6958" free="1254772800" total="2821586944" percent="44">
    <mem type="nursery" free="701847296" total="939524096" percent="74">
      <mem type="allocate" free="701847296" total="811728896" percent="86" />
      <mem type="survivor" free="0" total="127795200" percent="0" />
    </mem>
    <mem type="tenure" free="552925504" total="1882062848" percent="29" macro-fragmented="0">
      <mem type="soa" free="534104384" total="1863241728" percent="28" />
      <mem type="loa" free="18821120" total="18821120" percent="100" />
    </mem>
    <remembered-set count="29204" />
  </mem-info>
</gc-end>
<cycle-end id="6959" type="scavenge" contextid="6953" timestamp="2020-09-11T10:36:16.262" />
<allocation-satisfied id="6960" threadId="0000000000856800" bytesRequested="16" />
<af-end id="6961" timestamp="2020-09-11T10:36:16.262" threadId="0000000000857180" success="true" from="nursery"/>
<exclusive-end id="6962" timestamp="2020-09-11T10:36:16.262" durationms="98.314" />

<exclusive-start id="6963" timestamp="2020-09-11T10:36:18.326" intervalms="2162.018">
  <response-info timems="1.055" idlems="1.055" threads="0" lastid="0000000000785E00" lastname="Group1.Backend.CompositeBackend{Tier1}.1" />
</exclusive-start>
<af-start id="6964" threadId="0000000000786780" totalBytesRequested="136" timestamp="2020-09-11T10:36:18.326" intervalms="2162.095" type="nursery" />
<cycle-start id="6965" type="scavenge" contextid="0" timestamp="2020-09-11T10:36:18.327" intervalms="2162.076" />
<gc-start id="6966" type="scavenge" contextid="6965" timestamp="2020-09-11T10:36:18.327">
  <mem-info id="6967" free="552925504" total="2821586944" percent="19">
    <mem type="nursery" free="0" total="939524096" percent="0">
      <mem type="allocate" free="0" total="811728896" percent="0" />
      <mem type="survivor" free="0" total="127795200" percent="0" />
    </mem>
    <mem type="tenure" free="552925504" total="1882062848" percent="29">
      <mem type="soa" free="534104384" total="1863241728" percent="28" />
      <mem type="loa" free="18821120" total="18821120" percent="100" />
    </mem>
    <remembered-set count="195891" />
  </mem-info>
</gc-start>
<allocation-stats totalBytes="701512520" >
  <allocated-bytes non-tlh="33082992" tlh="668429528" />
  <largest-consumer threadName="Group1.Backend.CompositeBackend{Tier1}.5" threadId="0000000000843100" bytes="110496920" />
</allocation-stats>
<gc-op id="6968" type="scavenge" timems="118.829" contextid="6965" timestamp="2020-09-11T10:36:18.446">
  <scavenger-info tenureage="3" tenuremask="7ff8" tiltratio="86" />
  <memory-copied type="nursery" objects="4150149" bytes="111358808" bytesdiscarded="259344" />
  <memory-copied type="tenure" objects="1078906" bytes="29014392" bytesdiscarded="132888" />
  <ownableSynchronizers candidates="3375" cleared="3150" />
  <references type="soft" candidates="176" cleared="0" enqueued="0" dynamicThreshold="17" maxThreshold="32" />
  <references type="weak" candidates="122" cleared="122" enqueued="0" />
</gc-op>
<gc-end id="6969" type="scavenge" contextid="6965" durationms="120.088" usertimems="859.015" systemtimems="3.724" timestamp="2020-09-11T10:36:18.447" activeThreads="8">
  <mem-info id="6970" free="1224025568" total="2821586944" percent="43">
    <mem type="nursery" free="700216832" total="939524096" percent="74">
      <mem type="allocate" free="700216832" total="811925504" percent="86" />
      <mem type="survivor" free="0" total="127598592" percent="0" />
    </mem>
    <mem type="tenure" free="523808736" total="1882062848" percent="27" macro-fragmented="0">
      <mem type="soa" free="504987616" total="1863241728" percent="27" />
      <mem type="loa" free="18821120" total="18821120" percent="100" />
    </mem>
    <remembered-set count="30651" />
  </mem-info>
</gc-end>
<cycle-end id="6971" type="scavenge" contextid="6965" timestamp="2020-09-11T10:36:18.448" />
<allocation-satisfied id="6972" threadId="0000000000785E00" bytesRequested="136" />
<af-end id="6973" timestamp="2020-09-11T10:36:18.448" threadId="0000000000786780" success="true" from="nursery"/>
<exclusive-end id="6974" timestamp="2020-09-11T10:36:18.448" durationms="122.529" />

<exclusive-start id="6975" timestamp="2020-09-11T10:36:20.470" intervalms="2144.848">
  <response-info timems="0.452" idlems="0.452" threads="0" lastid="0000000000842600" lastname="Group1.Backend.CompositeBackend{Tier1}.4" />
</exclusive-start>
<af-start id="6976" threadId="0000000000842F80" totalBytesRequested="24" timestamp="2020-09-11T10:36:20.471" intervalms="2144.766" type="nursery" />
<cycle-start id="6977" type="scavenge" contextid="0" timestamp="2020-09-11T10:36:20.471" intervalms="2144.749" />
<gc-start id="6978" type="scavenge" contextid="6977" timestamp="2020-09-11T10:36:20.472">
  <mem-info id="6979" free="523808736" total="2821586944" percent="18">
    <mem type="nursery" free="0" total="939524096" percent="0">
      <mem type="allocate" free="0" total="811925504" percent="0" />
      <mem type="survivor" free="0" total="127598592" percent="0" />
    </mem>
    <mem type="tenure" free="523808736" total="1882062848" percent="27">
      <mem type="soa" free="504987616" total="1863241728" percent="27" />
      <mem type="loa" free="18821120" total="18821120" percent="100" />
    </mem>
    <remembered-set count="197200" />
  </mem-info>
</gc-start>
<allocation-stats totalBytes="699883976" >
  <allocated-bytes non-tlh="29571280" tlh="670312696" />
  <largest-consumer threadName="Group1.Backend.CompositeBackend{Tier1}.5" threadId="0000000000843100" bytes="88491080" />
</allocation-stats>
<gc-op id="6980" type="scavenge" timems="110.551" contextid="6977" timestamp="2020-09-11T10:36:20.582">
  <scavenger-info tenureage="3" tenuremask="7ff8" tiltratio="86" />
  <memory-copied type="nursery" objects="4394186" bytes="117266200" bytesdiscarded="165120" />
  <memory-copied type="tenure" objects="1081068" bytes="29064800" bytesdiscarded="125712" />
  <ownableSynchronizers candidates="2565" cleared="2350" />
  <references type="soft" candidates="183" cleared="0" enqueued="0" dynamicThreshold="17" maxThreshold="32" />
  <references type="weak" candidates="102" cleared="102" enqueued="0" />
</gc-op>
<gc-end id="6981" type="scavenge" contextid="6977" durationms="111.672" usertimems="848.436" systemtimems="0.000" timestamp="2020-09-11T10:36:20.583" activeThreads="8">
  <mem-info id="6982" free="1180609528" total="2821586944" percent="41">
    <mem type="nursery" free="686089424" total="939524096" percent="73">
      <mem type="allocate" free="686089424" total="803602432" percent="85" />
      <mem type="survivor" free="0" total="135921664" percent="0" />
    </mem>
    <mem type="tenure" free="494520104" total="1882062848" percent="26" macro-fragmented="0">
      <mem type="soa" free="475698984" total="1863241728" percent="25" />
      <mem type="loa" free="18821120" total="18821120" percent="100" />
    </mem>
    <remembered-set count="32599" />
  </mem-info>
</gc-end>
<cycle-end id="6983" type="scavenge" contextid="6977" timestamp="2020-09-11T10:36:20.585" />
<allocation-satisfied id="6984" threadId="0000000000842600" bytesRequested="24" />
<af-end id="6985" timestamp="2020-09-11T10:36:20.585" threadId="0000000000842F80" success="true" from="nursery"/>
<exclusive-end id="6986" timestamp="2020-09-11T10:36:20.585" durationms="114.287" />

<exclusive-start id="6987" timestamp="2020-09-11T10:36:22.604" intervalms="2133.750">
  <response-info timems="0.629" idlems="0.629" threads="0" lastid="0000000000843100" lastname="Group1.Backend.CompositeBackend{Tier1}.5" />
</exclusive-start>
<af-start id="6988" threadId="0000000000843A80" totalBytesRequested="218144" timestamp="2020-09-11T10:36:22.605" intervalms="2133.805" type="nursery" />
<cycle-start id="6989" type="scavenge" contextid="0" timestamp="2020-09-11T10:36:22.605" intervalms="2133.834" />
<gc-start id="6990" type="scavenge" contextid="6989" timestamp="2020-09-11T10:36:22.605">
  <mem-info id="6991" free="494574920" total="2821586944" percent="17">
    <mem type="nursery" free="54816" total="939524096" percent="0">
      <mem type="allocate" free="54816" total="803602432" percent="0" />
      <mem type="survivor" free="0" total="135921664" percent="0" />
    </mem>
    <mem type="tenure" free="494520104" total="1882062848" percent="26">
      <mem type="soa" free="475698984" total="1863241728" percent="25" />
      <mem type="loa" free="18821120" total="18821120" percent="100" />
    </mem>
    <remembered-set count="195482" />
  </mem-info>
</gc-start>
<allocation-stats totalBytes="685696720" >
  <allocated-bytes non-tlh="29831752" tlh="655864968" />
  <largest-consumer threadName="Group1.Backend.CompositeBackend{Tier1}.5" threadId="0000000000843100" bytes="95135784" />
</allocation-stats>
<gc-op id="6992" type="scavenge" timems="122.212" contextid="6989" timestamp="2020-09-11T10:36:22.728">
  <scavenger-info tenureage="3" tenuremask="7ff8" tiltratio="85" />
  <memory-copied type="nursery" objects="4878320" bytes="128762888" bytesdiscarded="222016" />
  <memory-copied type="tenure" objects="1121083" bytes="30148352" bytesdiscarded="129640" />
  <ownableSynchronizers candidates="2961" cleared="2749" />
  <references type="soft" candidates="172" cleared="0" enqueued="0" dynamicThreshold="17" maxThreshold="32" />
  <references type="weak" candidates="103" cleared="103" enqueued="0" />
</gc-op>
<gc-end id="6993" type="scavenge" contextid="6989" durationms="123.250" usertimems="961.802" systemtimems="0.000" timestamp="2020-09-11T10:36:22.729" activeThreads="8">
  <mem-info id="6994" free="1121790712" total="2821586944" percent="39">
    <mem type="nursery" free="657560672" total="939524096" percent="69">
      <mem type="allocate" free="657560672" total="786628608" percent="83" />
      <mem type="survivor" free="0" total="152895488" percent="0" />
    </mem>
    <mem type="tenure" free="464230040" total="1882062848" percent="24" macro-fragmented="0">
      <mem type="soa" free="445408920" total="1863241728" percent="23" />
      <mem type="loa" free="18821120" total="18821120" percent="100" />
    </mem>
    <remembered-set count="33126" />
  </mem-info>
</gc-end>
<cycle-end id="6995" type="scavenge" contextid="6989" timestamp="2020-09-11T10:36:22.730" />
<allocation-satisfied id="6996" threadId="0000000000843100" bytesRequested="218144" />
<af-end id="6997" timestamp="2020-09-11T10:36:22.730" threadId="0000000000843A80" success="true" from="nursery"/>
<exclusive-end id="6998" timestamp="2020-09-11T10:36:22.730" durationms="125.468" />

<exclusive-start id="6999" timestamp="2020-09-11T10:36:29.453" intervalms="6848.705">
  <response-info timems="0.882" idlems="0.882" threads="0" lastid="000000000079D400" lastname="ForkJoinPool-3-worker-1" />
</exclusive-start>
<af-start id="7000" threadId="000000000079DD80" totalBytesRequested="18513928" timestamp="2020-09-11T10:36:29.453" intervalms="6848.217" type="nursery" />
<cycle-start id="7001" type="scavenge" contextid="0" timestamp="2020-09-11T10:36:29.453" intervalms="6848.122" />
<gc-start id="7002" type="scavenge" contextid="7001" timestamp="2020-09-11T10:36:29.453">
  <mem-info id="7003" free="470949568" total="2821586944" percent="16">
    <mem type="nursery" free="6731816" total="939524096" percent="0">
      <mem type="allocate" free="6731816" total="786628608" percent="0" />
      <mem type="survivor" free="0" total="152895488" percent="0" />
    </mem>
    <mem type="tenure" free="464217752" total="1882062848" percent="24">
      <mem type="soa" free="445396632" total="1863241728" percent="23" />
      <mem type="loa" free="18821120" total="18821120" percent="100" />
    </mem>
    <remembered-set count="223929" />
  </mem-info>
</gc-start>
<allocation-stats totalBytes="650597120" >
  <allocated-bytes non-tlh="120790072" tlh="529807048" />
  <largest-consumer threadName="ForkJoinPool-3-worker-1" threadId="000000000079D400" bytes="62500696" />
</allocation-stats>
<gc-op id="7004" type="scavenge" timems="119.810" contextid="7001" timestamp="2020-09-11T10:36:29.573">
  <scavenger-info tenureage="3" tenuremask="7ff8" tiltratio="83" />
  <memory-copied type="nursery" objects="3921063" bytes="150808736" bytesdiscarded="30744" />
  <memory-copied type="tenure" objects="1532462" bytes="40926344" bytesdiscarded="164736" />
  <copy-failed type="nursery" objects="371092" bytes="9726096" />
  <ownableSynchronizers candidates="175903" cleared="2448" />
  <references type="soft" candidates="386" cleared="0" enqueued="0" dynamicThreshold="17" maxThreshold="32" />
  <references type="weak" candidates="142" cleared="99" enqueued="1" />
</gc-op>
<gc-end id="7005" type="scavenge" contextid="7001" durationms="120.676" usertimems="935.523" systemtimems="1.179" timestamp="2020-09-11T10:36:29.574" activeThreads="8">
  <mem-info id="7006" free="994367784" total="2821586944" percent="35">
    <mem type="nursery" free="571211776" total="939524096" percent="60">
      <mem type="allocate" free="571211776" total="724107264" percent="78" />
      <mem type="survivor" free="0" total="215416832" percent="0" />
    </mem>
    <mem type="tenure" free="423156008" total="1882062848" percent="22" macro-fragmented="0">
      <mem type="soa" free="404334888" total="1863241728" percent="21" />
      <mem type="loa" free="18821120" total="18821120" percent="100" />
    </mem>
    <pending-finalizers system="0" default="0" reference="1" classloader="0" />
    <remembered-set count="84145" />
  </mem-info>
</gc-end>
<cycle-end id="7007" type="scavenge" contextid="7001" timestamp="2020-09-11T10:36:29.575" />
<allocation-satisfied id="7008" threadId="000000000079D400" bytesRequested="18513928" />
<af-end id="7009" timestamp="2020-09-11T10:36:29.578" threadId="000000000079DD80" success="true" from="nursery"/>
<exclusive-end id="7010" timestamp="2020-09-11T10:36:29.578" durationms="124.655" />

<exclusive-start id="7011" timestamp="2020-09-11T10:36:30.957" intervalms="1504.343">
  <response-info timems="1.856" idlems="1.856" threads="0" lastid="000000000079D400" lastname="ForkJoinPool-3-worker-1" />
</exclusive-start>
<af-start id="7012" threadId="000000000079DD80" totalBytesRequested="74055688" timestamp="2020-09-11T10:36:30.958" intervalms="1504.326" type="nursery" />
<cycle-start id="7013" type="scavenge" contextid="0" timestamp="2020-09-11T10:36:30.958" intervalms="1504.313" />
<gc-start id="7014" type="scavenge" contextid="7013" timestamp="2020-09-11T10:36:30.958">
  <mem-info id="7015" free="464303128" total="2821586944" percent="16">
    <mem type="nursery" free="41148224" total="939524096" percent="4">
      <mem type="allocate" free="41148224" total="724107264" percent="5" />
      <mem type="survivor" free="0" total="215416832" percent="0" />
    </mem>
    <mem type="tenure" free="423154904" total="1882062848" percent="22">
      <mem type="soa" free="404333784" total="1863241728" percent="21" />
      <mem type="loa" free="18821120" total="18821120" percent="100" />
    </mem>
    <remembered-set count="288335" />
  </mem-info>
</gc-start>
<allocation-stats totalBytes="530043392" >
  <allocated-bytes non-tlh="273188112" tlh="256855280" />
  <largest-consumer threadName="ForkJoinPool-3-worker-1" threadId="000000000079D400" bytes="187359936" />
</allocation-stats>
<gc-op id="7016" type="scavenge" timems="143.226" contextid="7013" timestamp="2020-09-11T10:36:31.101">
  <scavenger-info tenureage="3" tenuremask="7ff8" tiltratio="77" />
  <memory-copied type="nursery" objects="1107758" bytes="212736136" bytesdiscarded="2688" />
  <memory-copied type="tenure" objects="5065970" bytes="132051624" bytesdiscarded="482832" />
  <copy-failed type="nursery" objects="3958946" bytes="108190808" />
  <ownableSynchronizers candidates="1029003" cleared="0" />
  <references type="soft" candidates="21" cleared="0" enqueued="0" dynamicThreshold="17" maxThreshold="32" />
  <references type="weak" candidates="2" cleared="0" enqueued="0" />
</gc-op>
<gc-end id="7017" type="scavenge" contextid="7013" durationms="144.095" usertimems="1139.260" systemtimems="0.000" timestamp="2020-09-11T10:36:31.102" activeThreads="8">
  <mem-info id="7018" free="538936272" total="2821586944" percent="19">
    <mem type="nursery" free="254345216" total="939524096" percent="27">
      <mem type="allocate" free="254345216" total="469762048" percent="54" />
      <mem type="survivor" free="0" total="469762048" percent="0" />
    </mem>
    <mem type="tenure" free="284591056" total="1882062848" percent="15" macro-fragmented="447987">
      <mem type="soa" free="265769936" total="1863241728" percent="14" />
      <mem type="loa" free="18821120" total="18821120" percent="100" />
    </mem>
    <remembered-set count="228784" />
  </mem-info>
</gc-end>
<cycle-end id="7019" type="scavenge" contextid="7013" timestamp="2020-09-11T10:36:31.103" />
<allocation-satisfied id="7020" threadId="000000000079D400" bytesRequested="74055688" />
<af-end id="7021" timestamp="2020-09-11T10:36:31.112" threadId="000000000079DD80" success="true" from="nursery"/>
<exclusive-end id="7022" timestamp="2020-09-11T10:36:31.112" durationms="154.665" />

<exclusive-start id="7023" timestamp="2020-09-11T10:36:32.308" intervalms="1350.498">
  <response-info timems="0.190" idlems="0.190" threads="0" lastid="000000000079D400" lastname="ForkJoinPool-3-worker-1" />
</exclusive-start>
<af-start id="7024" threadId="000000000079DD80" totalBytesRequested="23068680" timestamp="2020-09-11T10:36:32.308" intervalms="1350.474" type="nursery" />
<cycle-start id="7025" type="scavenge" contextid="0" timestamp="2020-09-11T10:36:32.308" intervalms="1350.473" />
<gc-start id="7026" type="scavenge" contextid="7025" timestamp="2020-09-11T10:36:32.309">
  <mem-info id="7027" free="295237968" total="2821586944" percent="10">
    <mem type="nursery" free="10653472" total="939524096" percent="1">
      <mem type="allocate" free="10653472" total="469762048" percent="2" />
      <mem type="survivor" free="0" total="469762048" percent="0" />
    </mem>
    <mem type="tenure" free="284584496" total="1882062848" percent="15">
      <mem type="soa" free="265763376" total="1863241728" percent="14" />
      <mem type="loa" free="18821120" total="18821120" percent="100" />
    </mem>
    <remembered-set count="286273" />
  </mem-info>
</gc-start>
<allocation-stats totalBytes="243685192" >
  <allocated-bytes non-tlh="91722976" tlh="151962216" />
  <largest-consumer threadName="ForkJoinPool-3-worker-1" threadId="000000000079D400" bytes="138505424" />
</allocation-stats>
<gc-op id="7028" type="scavenge" timems="109.962" contextid="7025" timestamp="2020-09-11T10:36:32.419">
  <scavenger-info tenureage="2" tenuremask="7ffc" tiltratio="50" />
  <memory-copied type="nursery" objects="2197625" bytes="286431752" bytesdiscarded="711864" />
  <memory-copied type="tenure" objects="513106" bytes="15524544" bytesdiscarded="19896" />
  <ownableSynchronizers candidates="1045993" cleared="0" />
  <references type="soft" candidates="121" cleared="0" enqueued="0" dynamicThreshold="17" maxThreshold="32" />
  <references type="weak" candidates="22" cleared="0" enqueued="0" />
</gc-op>
<gc-end id="7029" type="scavenge" contextid="7025" durationms="111.247" usertimems="748.601" systemtimems="0.000" timestamp="2020-09-11T10:36:32.420" activeThreads="8">
  <mem-info id="7030" free="445080448" total="2821586944" percent="15">
    <mem type="nursery" free="176060736" total="939524096" percent="18">
      <mem type="allocate" free="176060736" total="469762048" percent="37" />
      <mem type="survivor" free="0" total="469762048" percent="0" />
    </mem>
    <mem type="tenure" free="269019712" total="1882062848" percent="14" macro-fragmented="1846326">
      <mem type="soa" free="250198592" total="1863241728" percent="13" />
      <mem type="loa" free="18821120" total="18821120" percent="100" />
    </mem>
    <remembered-set count="165036" />
  </mem-info>
</gc-end>
<cycle-end id="7031" type="scavenge" contextid="7025" timestamp="2020-09-11T10:36:32.421" />
<allocation-satisfied id="7032" threadId="000000000079D400" bytesRequested="23068680" />
<af-end id="7033" timestamp="2020-09-11T10:36:32.424" threadId="000000000079DD80" success="true" from="nursery"/>
<exclusive-end id="7034" timestamp="2020-09-11T10:36:32.424" durationms="115.804" />

<exclusive-start id="7035" timestamp="2020-09-11T10:36:32.600" intervalms="292.103">
  <response-info timems="0.178" idlems="0.178" threads="0" lastid="0000000000799300" lastname="ForkJoinPool-3-worker-3" />
</exclusive-start>
<af-start id="7036" threadId="0000000000799C80" totalBytesRequested="23068680" timestamp="2020-09-11T10:36:32.600" intervalms="292.125" type="nursery" />
<cycle-start id="7037" type="scavenge" contextid="0" timestamp="2020-09-11T10:36:32.600" intervalms="292.133" />
<gc-start id="7038" type="scavenge" contextid="7037" timestamp="2020-09-11T10:36:32.601">
  <mem-info id="7039" free="284586848" total="2821586944" percent="10">
    <mem type="nursery" free="15567136" total="939524096" percent="1">
      <mem type="allocate" free="15567136" total="469762048" percent="3" />
      <mem type="survivor" free="0" total="469762048" percent="0" />
    </mem>
    <mem type="tenure" free="269019712" total="1882062848" percent="14">
      <mem type="soa" free="250198592" total="1863241728" percent="13" />
      <mem type="loa" free="18821120" total="18821120" percent="100" />
    </mem>
    <remembered-set count="172400" />
  </mem-info>
</gc-start>
<allocation-stats totalBytes="160491984" >
  <allocated-bytes non-tlh="136445984" tlh="24046000" />
  <largest-consumer threadName="ForkJoinPool-3-worker-3" threadId="0000000000799300" bytes="95649664" />
</allocation-stats>
<gc-op id="7040" type="scavenge" timems="135.040" contextid="7037" timestamp="2020-09-11T10:36:32.737">
  <scavenger-info tenureage="1" tenuremask="7ffe" tiltratio="50" />
  <memory-copied type="nursery" objects="213256" bytes="215916152" bytesdiscarded="642888" />
  <memory-copied type="tenure" objects="2197594" bytes="150709792" bytesdiscarded="96336" />
  <copy-failed type="tenure" objects="1" bytes="74055688" />
  <ownableSynchronizers candidates="1026169" cleared="0" />
  <heap-resize type="expand" space="tenure" amount="136839168" count="5" timems="12.476" reason="continue current collection" />
</gc-op>
<gc-end id="7041" type="scavenge" contextid="7037" durationms="136.453" usertimems="700.745" systemtimems="0.000" timestamp="2020-09-11T10:36:32.738" activeThreads="8">
  <mem-info id="7042" free="510423224" total="2958426112" percent="17">
    <mem type="nursery" free="255409368" total="939524096" percent="27">
      <mem type="allocate" free="255409368" total="472842240" percent="54" />
      <mem type="survivor" free="0" total="466681856" percent="0" />
    </mem>
    <mem type="tenure" free="255013856" total="2018902016" percent="12" macro-fragmented="0">
      <mem type="soa" free="234824672" total="1998712832" percent="11" />
      <mem type="loa" free="20189184" total="20189184" percent="100" />
    </mem>
    <remembered-set count="1607" />
  </mem-info>
</gc-end>
<cycle-end id="7043" type="scavenge" contextid="7037" timestamp="2020-09-11T10:36:32.739" />
<allocation-satisfied id="7044" threadId="0000000000799300" bytesRequested="23068680" />
<af-end id="7045" timestamp="2020-09-11T10:36:32.742" threadId="0000000000799C80" success="true" from="nursery"/>
<exclusive-end id="7046" timestamp="2020-09-11T10:36:32.742" durationms="142.271" />

<exclusive-start id="7047" timestamp="2020-09-11T10:36:33.581" intervalms="981.425">
  <response-info timems="1.132" idlems="1.132" threads="0" lastid="00000000007ACD00" lastname="ForkJoinPool-3-worker-15" />
</exclusive-start>
<af-start id="7048" threadId="00000000007AD680" totalBytesRequested="32" timestamp="2020-09-11T10:36:33.582" intervalms="981.482" type="nursery" />
<percolate-collect id="7049" from="nursery" to="global" reason="failed tenure threshold reached" timestamp="2020-09-11T10:36:33.582"/>
<cycle-start id="7050" type="global" contextid="0" timestamp="2020-09-11T10:36:33.582" intervalms="47784.549" />
<gc-start id="7051" type="global" contextid="7050" timestamp="2020-09-11T10:36:33.582">
  <mem-info id="7052" free="255013552" total="2958426112" percent="8">
    <mem type="nursery" free="0" total="939524096" percent="0">
      <mem type="allocate" free="0" total="472842240" percent="0" />
      <mem type="survivor" free="0" total="466681856" percent="0" />
    </mem>
    <mem type="tenure" free="255013552" total="2018902016" percent="12">
      <mem type="soa" free="234824368" total="1998712832" percent="11" />
      <mem type="loa" free="20189184" total="20189184" percent="100" />
    </mem>
    <remembered-set count="78274" />
  </mem-info>
</gc-start>
<allocation-stats totalBytes="255401024" >
  <allocated-bytes non-tlh="140803448" tlh="114597576" />
  <largest-consumer threadName="ForkJoinPool-3-worker-15" threadId="00000000007ACD00" bytes="144504696" />
</allocation-stats>
<heap-resize id="7053" type="loa expand" space="tenure" amount="20189184" count="1" timems="0.000" reason="expand on failed allocate" timestamp="2020-09-11T10:36:33.582" />
<gc-op id="7054" type="mark" timems="788.233" contextid="7050" timestamp="2020-09-11T10:36:34.370">
  <trace-info objectcount="36680410" scancount="35408265" scanbytes="1023398704" />
  <finalization candidates="150" enqueued="0" />
  <ownableSynchronizers candidates="2740424" cleared="1125" />
  <references type="soft" candidates="726647" cleared="0" enqueued="0" dynamicThreshold="17" maxThreshold="32" />
  <references type="weak" candidates="3641" cleared="271" enqueued="271" />
  <references type="phantom" candidates="102" cleared="0" enqueued="0" />
  <stringconstants candidates="10842" cleared="51"  />
</gc-op>
<gc-op id="7055" type="classunload" timems="2.721" contextid="7050" timestamp="2020-09-11T10:36:34.373">
  <classunload-info classloadercandidates="219" classloadersunloaded="47" classesunloaded="47" anonymousclassesunloaded="0" quiescems="0.000" setupms="2.464" scanms="0.185" postms="0.072" />
</gc-op>
<gc-op id="7056" type="sweep" timems="14.886" contextid="7050" timestamp="2020-09-11T10:36:34.388" />
<mem-info id="7057" free="912381656" total="2958426112" percent="30">
  <mem type="nursery" free="56138928" total="939524096" percent="5">
    <mem type="allocate" free="56138928" total="472842240" percent="11" />
    <mem type="survivor" free="0" total="466681856" percent="0" />
  </mem>
  <mem type="tenure" free="856242728" total="2018902016" percent="42" micro-fragmented="115551930" macro-fragmented="298384041">
    <mem type="soa" free="815864360" total="1978523648" percent="41" />
    <mem type="loa" free="40378368" total="40378368" percent="100" />
  </mem>
  <pending-finalizers system="0" default="0" reference="271" classloader="0" />
  <remembered-set count="78261" />
</mem-info>
<gc-op id="7058" type="compact" timems="2802.407" contextid="7050" timestamp="2020-09-11T10:36:37.191">
  <compact-info movecount="36592888" movebytes="1255117264" reason="compact to meet allocation" />
</gc-op>
<gc-end id="7059" type="global" contextid="7050" durationms="3609.396" usertimems="23957.354" systemtimems="0.000" timestamp="2020-09-11T10:36:37.191" activeThreads="8">
  <mem-info id="7060" free="1046205128" total="2958426112" percent="35">
    <mem type="nursery" free="92333248" total="939524096" percent="9">
      <mem type="allocate" free="92333248" total="472842240" percent="19" />
      <mem type="survivor" free="0" total="466681856" percent="0" />
    </mem>
    <mem type="tenure" free="953871880" total="2018902016" percent="47">
      <mem type="soa" free="913493512" total="1978523648" percent="46" />
      <mem type="loa" free="40378368" total="40378368" percent="100" />
    </mem>
    <pending-finalizers system="0" default="0" reference="271" classloader="0" />
    <remembered-set count="78261" />
  </mem-info>
</gc-end>
<cycle-end id="7061" type="global" contextid="7050" timestamp="2020-09-11T10:36:37.192" />
<allocation-satisfied id="7062" threadId="00000000007ACD00" bytesRequested="32" />
<af-end id="7063" timestamp="2020-09-11T10:36:37.192" threadId="00000000007AD680" success="true" from="nursery"/>
<exclusive-end id="7064" timestamp="2020-09-11T10:36:37.192" durationms="3610.522" />

<exclusive-start id="7065" timestamp="2020-09-11T10:36:37.559" intervalms="3978.238">
  <response-info timems="0.220" idlems="0.220" threads="0" lastid="0000000000799300" lastname="ForkJoinPool-3-worker-3" />
</exclusive-start>
<af-start id="7066" threadId="0000000000799C80" totalBytesRequested="50545848" timestamp="2020-09-11T10:36:37.560" intervalms="3978.215" type="nursery" />
<cycle-start id="7067" type="scavenge" contextid="0" timestamp="2020-09-11T10:36:37.560" intervalms="4959.714" />
<gc-start id="7068" type="scavenge" contextid="7067" timestamp="2020-09-11T10:36:37.560">
  <mem-info id="7069" free="977742504" total="2958426112" percent="33">
    <mem type="nursery" free="23870624" total="939524096" percent="2">
      <mem type="allocate" free="23870624" total="472842240" percent="5" />
      <mem type="survivor" free="0" total="466681856" percent="0" />
    </mem>
    <mem type="tenure" free="953871880" total="2018902016" percent="47">
      <mem type="soa" free="913493512" total="1978523648" percent="46" />
      <mem type="loa" free="40378368" total="40378368" percent="100" />
    </mem>
    <remembered-set count="125983" />
  </mem-info>
</gc-start>
<allocation-stats totalBytes="68457984" >
  <allocated-bytes non-tlh="32" tlh="68457952" />
  <largest-consumer threadName="ForkJoinPool-3-worker-15" threadId="00000000007ACD00" bytes="25025712" />
</allocation-stats>
<gc-op id="7070" type="scavenge" timems="75.573" contextid="7067" timestamp="2020-09-11T10:36:37.636">
  <scavenger-info tenureage="1" tenuremask="7ffe" tiltratio="50" />
  <memory-copied type="nursery" objects="1153862" bytes="168717968" bytesdiscarded="266632" />
  <memory-copied type="tenure" objects="213243" bytes="216789656" bytesdiscarded="1992" />
  <ownableSynchronizers candidates="5606822" cleared="5119606" />
  <references type="soft" candidates="5" cleared="0" enqueued="0" dynamicThreshold="15" maxThreshold="32" />
  <references type="weak" candidates="2" cleared="0" enqueued="0" />
</gc-op>
<gc-end id="7071" type="scavenge" contextid="7067" durationms="76.370" usertimems="428.932" systemtimems="0.000" timestamp="2020-09-11T10:36:37.636" activeThreads="8">
  <mem-info id="7072" free="1084018928" total="2958426112" percent="36">
    <mem type="nursery" free="347410408" total="939524096" percent="36">
      <mem type="allocate" free="347410408" total="517799936" percent="67" />
      <mem type="survivor" free="0" total="421724160" percent="0" />
    </mem>
    <mem type="tenure" free="736608520" total="2018902016" percent="36" macro-fragmented="17301528">
      <mem type="soa" free="696230152" total="1978523648" percent="35" />
      <mem type="loa" free="40378368" total="40378368" percent="100" />
    </mem>
    <remembered-set count="100635" />
  </mem-info>
</gc-end>
<cycle-end id="7073" type="scavenge" contextid="7067" timestamp="2020-09-11T10:36:37.637" />
<allocation-satisfied id="7074" threadId="0000000000799300" bytesRequested="50545848" />
<af-end id="7075" timestamp="2020-09-11T10:36:37.643" threadId="0000000000799C80" success="true" from="nursery"/>
<exclusive-end id="7076" timestamp="2020-09-11T10:36:37.643" durationms="83.896" />

<exclusive-start id="7077" timestamp="2020-09-11T10:36:39.310" intervalms="1750.152">
  <response-info timems="0.192" idlems="0.192" threads="0" lastid="000000000079D400" lastname="ForkJoinPool-3-worker-1" />
</exclusive-start>
<af-start id="7078" threadId="000000000079DD80" totalBytesRequested="148111368" timestamp="2020-09-11T10:36:39.310" intervalms="1750.120" type="nursery" />
<cycle-start id="7079" type="scavenge" contextid="0" timestamp="2020-09-11T10:36:39.310" intervalms="1750.098" />
<gc-start id="7080" type="scavenge" contextid="7079" timestamp="2020-09-11T10:36:39.310">
  <mem-info id="7081" free="859726184" total="2958426112" percent="29">
    <mem type="nursery" free="123117664" total="939524096" percent="13">
      <mem type="allocate" free="123117664" total="517799936" percent="23" />
      <mem type="survivor" free="0" total="421724160" percent="0" />
    </mem>
    <mem type="tenure" free="736608520" total="2018902016" percent="36">
      <mem type="soa" free="696230152" total="1978523648" percent="35" />
      <mem type="loa" free="40378368" total="40378368" percent="100" />
    </mem>
    <remembered-set count="134405" />
  </mem-info>
</gc-start>
<allocation-stats totalBytes="224284016" >
  <allocated-bytes non-tlh="112477248" tlh="111806768" />
  <largest-consumer threadName="ForkJoinPool-3-worker-1" threadId="000000000079D400" bytes="102326384" />
</allocation-stats>
<gc-op id="7082" type="scavenge" timems="81.196" contextid="7079" timestamp="2020-09-11T10:36:39.391">
  <scavenger-info tenureage="1" tenuremask="7ffe" tiltratio="55" />
  <memory-copied type="nursery" objects="1115407" bytes="140857336" bytesdiscarded="678456" />
  <memory-copied type="tenure" objects="994087" bytes="165520952" bytesdiscarded="2544" />
  <ownableSynchronizers candidates="925520" cleared="608" />
</gc-op>
<gc-end id="7083" type="scavenge" contextid="7079" durationms="81.777" usertimems="564.320" systemtimems="0.000" timestamp="2020-09-11T10:36:39.392" activeThreads="8">
  <mem-info id="7084" free="989280176" total="2958426112" percent="33">
    <mem type="nursery" free="418203328" total="939524096" percent="44">
      <mem type="allocate" free="418203328" total="564330496" percent="74" />
      <mem type="survivor" free="0" total="375193600" percent="0" />
    </mem>
    <mem type="tenure" free="571076848" total="2018902016" percent="28" macro-fragmented="0">
      <mem type="soa" free="530698480" total="1978523648" percent="26" />
      <mem type="loa" free="40378368" total="40378368" percent="100" />
    </mem>
    <remembered-set count="815" />
  </mem-info>
</gc-end>
<cycle-end id="7085" type="scavenge" contextid="7079" timestamp="2020-09-11T10:36:39.393" />
<allocation-satisfied id="7086" threadId="000000000079D400" bytesRequested="148111368" />
<af-end id="7087" timestamp="2020-09-11T10:36:39.410" threadId="000000000079DD80" success="true" from="nursery"/>
<exclusive-end id="7088" timestamp="2020-09-11T10:36:39.410" durationms="100.127" />

<exclusive-start id="7089" timestamp="2020-09-11T10:36:42.927" intervalms="3617.295">
  <response-info timems="0.191" idlems="0.191" threads="0" lastid="000000000079D400" lastname="ForkJoinPool-3-worker-1" />
</exclusive-start>
<af-start id="7090" threadId="000000000079DD80" totalBytesRequested="122687504" timestamp="2020-09-11T10:36:42.927" intervalms="3617.299" type="nursery" />
<cycle-start id="7091" type="scavenge" contextid="0" timestamp="2020-09-11T10:36:42.927" intervalms="3617.299" />
<gc-start id="7092" type="scavenge" contextid="7091" timestamp="2020-09-11T10:36:42.928">
  <mem-info id="7093" free="598420392" total="2958426112" percent="20">
    <mem type="nursery" free="27350696" total="939524096" percent="2">
      <mem type="allocate" free="27350696" total="564330496" percent="4" />
      <mem type="survivor" free="0" total="375193600" percent="0" />
    </mem>
    <mem type="tenure" free="571069696" total="2018902016" percent="28">
      <mem type="soa" free="530691328" total="1978523648" percent="26" />
      <mem type="loa" free="40378368" total="40378368" percent="100" />
    </mem>
    <remembered-set count="22249" />
  </mem-info>
</gc-start>
<allocation-stats totalBytes="390849136" >
  <allocated-bytes non-tlh="240393224" tlh="150455912" />
  <largest-consumer threadName="ForkJoinPool-3-worker-1" threadId="000000000079D400" bytes="390820464" />
</allocation-stats>
<gc-op id="7094" type="scavenge" timems="69.047" contextid="7091" timestamp="2020-09-11T10:36:42.997">
  <scavenger-info tenureage="1" tenuremask="7ffe" tiltratio="60" />
  <memory-copied type="nursery" objects="334774" bytes="248850472" bytesdiscarded="255000" />
  <memory-copied type="tenure" objects="1115392" bytes="145448344" bytesdiscarded="3936" />
  <ownableSynchronizers candidates="756656" cleared="58944" />
  <references type="soft" candidates="149" cleared="0" enqueued="0" dynamicThreshold="15" maxThreshold="32" />
  <references type="weak" candidates="39" cleared="1" enqueued="1" />
</gc-op>
<gc-end id="7095" type="scavenge" contextid="7091" durationms="69.539" usertimems="327.155" systemtimems="0.000" timestamp="2020-09-11T10:36:42.997" activeThreads="8">
  <mem-info id="7096" free="719968936" total="2958426112" percent="24">
    <mem type="nursery" free="294286824" total="939524096" percent="31">
      <mem type="allocate" free="294286824" total="544735232" percent="54" />
      <mem type="survivor" free="0" total="394788864" percent="0" />
    </mem>
    <mem type="tenure" free="425682112" total="2018902016" percent="21" macro-fragmented="0">
      <mem type="soa" free="385303744" total="1978523648" percent="19" />
      <mem type="loa" free="40378368" total="40378368" percent="100" />
    </mem>
    <pending-finalizers system="0" default="0" reference="1" classloader="0" />
    <remembered-set count="8433" />
  </mem-info>
</gc-end>
<cycle-end id="7097" type="scavenge" contextid="7091" timestamp="2020-09-11T10:36:42.998" />
<allocation-satisfied id="7098" threadId="000000000079D400" bytesRequested="122687504" />
<af-end id="7099" timestamp="2020-09-11T10:36:43.011" threadId="000000000079DD80" success="true" from="nursery"/>
<exclusive-end id="7100" timestamp="2020-09-11T10:36:43.011" durationms="84.121" />

<exclusive-start id="7101" timestamp="2020-09-11T10:36:43.627" intervalms="699.872">
  <response-info timems="0.143" idlems="0.143" threads="0" lastid="0000000000764800" lastname="Controller" />
</exclusive-start>
<sys-start reason="explicit" id="7102" timestamp="2020-09-11T10:36:43.627" intervalms="993531.180" />
<cycle-start id="7103" type="global" contextid="0" timestamp="2020-09-11T10:36:43.627" intervalms="10045.417" />
<gc-start id="7104" type="global" contextid="7103" timestamp="2020-09-11T10:36:43.628">
  <mem-info id="7105" free="502205264" total="2958426112" percent="16">
    <mem type="nursery" free="76523544" total="939524096" percent="8">
      <mem type="allocate" free="76523544" total="544735232" percent="14" />
      <mem type="survivor" free="0" total="394788864" percent="0" />
    </mem>
    <mem type="tenure" free="425681720" total="2018902016" percent="21">
      <mem type="soa" free="385303352" total="1978523648" percent="19" />
      <mem type="loa" free="40378368" total="40378368" percent="100" />
    </mem>
    <remembered-set count="208505" />
  </mem-info>
</gc-start>
<allocation-stats totalBytes="217757768" >
  <allocated-bytes non-tlh="131344968" tlh="86412800" />
  <largest-consumer threadName="ForkJoinPool-3-worker-1" threadId="000000000079D400" bytes="122753040" />
</allocation-stats>
<gc-op id="7106" type="mark" timems="127.490" contextid="7103" timestamp="2020-09-11T10:36:43.755">
  <trace-info objectcount="1887943" scancount="1863636" scanbytes="67659748" />
  <finalization candidates="150" enqueued="0" />
  <ownableSynchronizers candidates="3564627" cleared="3564584" />
  <references type="soft" candidates="2868" cleared="244" enqueued="236" dynamicThreshold="15" maxThreshold="32" />
  <references type="weak" candidates="3409" cleared="21" enqueued="21" />
  <references type="phantom" candidates="102" cleared="0" enqueued="0" />
  <stringconstants candidates="10854" cleared="15"  />
</gc-op>
<gc-op id="7107" type="classunload" timems="1.867" contextid="7103" timestamp="2020-09-11T10:36:43.757">
  <classunload-info classloadercandidates="192" classloadersunloaded="2" classesunloaded="2" anonymousclassesunloaded="0" quiescems="0.000" setupms="1.813" scanms="0.043" postms="0.011" />
</gc-op>
<gc-op id="7108" type="sweep" timems="9.436" contextid="7103" timestamp="2020-09-11T10:36:43.767" />
<gc-end id="7109" type="global" contextid="7103" durationms="193.910" usertimems="731.930" systemtimems="1.344" timestamp="2020-09-11T10:36:43.821" activeThreads="8">
  <mem-info id="7110" free="2252383768" total="2958426112" percent="76">
    <mem type="nursery" free="421980784" total="939524096" percent="44">
      <mem type="allocate" free="421980784" total="544735232" percent="77" />
      <mem type="survivor" free="0" total="394788864" percent="0" />
    </mem>
    <mem type="tenure" free="1830402984" total="2018902016" percent="90" micro-fragmented="55777" macro-fragmented="8610664">
      <mem type="soa" free="1790024616" total="1978523648" percent="90" />
      <mem type="loa" free="40378368" total="40378368" percent="100" />
    </mem>
    <pending-finalizers system="0" default="0" reference="257" classloader="0" />
    <remembered-set count="648" />
  </mem-info>
</gc-end>
<cycle-end id="7111" type="global" contextid="7103" timestamp="2020-09-11T10:36:43.827" />
<sys-end id="7112" timestamp="2020-09-11T10:36:43.827" />
<exclusive-end id="7113" timestamp="2020-09-11T10:36:43.827" durationms="200.470" />

<exclusive-start id="7114" timestamp="2020-09-11T10:36:45.142" intervalms="1515.534">
  <response-info timems="0.261" idlems="0.261" threads="0" lastid="0000000000799300" lastname="ForkJoinPool-3-worker-3" />
</exclusive-start>
<af-start id="7115" threadId="0000000000799C80" totalBytesRequested="16" timestamp="2020-09-11T10:36:45.143" intervalms="2215.466" type="nursery" />
<cycle-start id="7116" type="scavenge" contextid="0" timestamp="2020-09-11T10:36:45.143" intervalms="2215.478" />
<gc-start id="7117" type="scavenge" contextid="7116" timestamp="2020-09-11T10:36:45.143">
  <mem-info id="7118" free="1830373136" total="2958426112" percent="61">
    <mem type="nursery" free="0" total="939524096" percent="0">
      <mem type="allocate" free="0" total="544735232" percent="0" />
      <mem type="survivor" free="0" total="394788864" percent="0" />
    </mem>
    <mem type="tenure" free="1830373136" total="2018902016" percent="90">
      <mem type="soa" free="1789994768" total="1978523648" percent="90" />
      <mem type="loa" free="40378368" total="40378368" percent="100" />
    </mem>
    <remembered-set count="1426" />
  </mem-info>
</gc-start>
<allocation-stats totalBytes="421976096" >
  <allocated-bytes non-tlh="54624312" tlh="367351784" />
  <largest-consumer threadName="ForkJoinPool-3-worker-15" threadId="00000000007ACD00" bytes="223997816" />
</allocation-stats>
<gc-op id="7119" type="scavenge" timems="200.754" contextid="7116" timestamp="2020-09-11T10:36:45.344">
  <scavenger-info tenureage="1" tenuremask="7ffe" tiltratio="57" />
  <memory-copied type="nursery" objects="3932624" bytes="258960568" bytesdiscarded="142760" />
  <memory-copied type="tenure" objects="1311" bytes="50336" bytesdiscarded="776" />
  <ownableSynchronizers candidates="262634" cleared="118" />
  <references type="soft" candidates="125017" cleared="0" enqueued="0" dynamicThreshold="29" maxThreshold="32" />
  <references type="weak" candidates="55" cleared="3" enqueued="3" />
</gc-op>
<gc-end id="7120" type="scavenge" contextid="7116" durationms="201.442" usertimems="1211.360" systemtimems="35.256" timestamp="2020-09-11T10:36:45.344" activeThreads="8">
  <mem-info id="7121" free="2190658600" total="2958426112" percent="74">
    <mem type="nursery" free="360338552" total="939524096" percent="38">
      <mem type="allocate" free="360338552" total="619446272" percent="58" />
      <mem type="survivor" free="0" total="320077824" percent="0" />
    </mem>
    <mem type="tenure" free="1830320048" total="2018902016" percent="90" macro-fragmented="5767176">
      <mem type="soa" free="1789941680" total="1978523648" percent="90" />
      <mem type="loa" free="40378368" total="40378368" percent="100" />
    </mem>
    <pending-finalizers system="0" default="0" reference="3" classloader="0" />
    <remembered-set count="1255" />
  </mem-info>
</gc-end>
<cycle-end id="7122" type="scavenge" contextid="7116" timestamp="2020-09-11T10:36:45.346" />
<allocation-satisfied id="7123" threadId="0000000000799300" bytesRequested="16" />
<af-end id="7124" timestamp="2020-09-11T10:36:45.346" threadId="0000000000799C80" success="true" from="nursery"/>
<exclusive-end id="7125" timestamp="2020-09-11T10:36:45.346" durationms="204.076" />

<exclusive-start id="7126" timestamp="2020-09-11T10:36:46.015" intervalms="872.220">
  <response-info timems="4.363" idlems="4.363" threads="0" lastid="0000000000799300" lastname="ForkJoinPool-3-worker-3" />
</exclusive-start>
<af-start id="7127" threadId="0000000000799C80" totalBytesRequested="16" timestamp="2020-09-11T10:36:46.015" intervalms="872.663" type="nursery" />
<cycle-start id="7128" type="scavenge" contextid="0" timestamp="2020-09-11T10:36:46.016" intervalms="872.732" />
<gc-start id="7129" type="scavenge" contextid="7128" timestamp="2020-09-11T10:36:46.017">
  <mem-info id="7130" free="1830319840" total="2958426112" percent="61">
    <mem type="nursery" free="0" total="939524096" percent="0">
      <mem type="allocate" free="0" total="619446272" percent="0" />
      <mem type="survivor" free="0" total="320077824" percent="0" />
    </mem>
    <mem type="tenure" free="1830319840" total="2018902016" percent="90">
      <mem type="soa" free="1789941472" total="1978523648" percent="90" />
      <mem type="loa" free="40378368" total="40378368" percent="100" />
    </mem>
    <remembered-set count="1260" />
  </mem-info>
</gc-start>
<allocation-stats totalBytes="360320152" >
  <allocated-bytes non-tlh="52953392" tlh="307366760" />
  <largest-consumer threadName="ForkJoinPool-3-worker-1" threadId="000000000079D400" bytes="136668448" />
</allocation-stats>
<gc-op id="7131" type="scavenge" timems="240.348" contextid="7128" timestamp="2020-09-11T10:36:46.258">
  <scavenger-info tenureage="1" tenuremask="7ffe" tiltratio="65" />
  <memory-copied type="nursery" objects="2830739" bytes="123672696" bytesdiscarded="241896" />
  <memory-copied type="tenure" objects="3932568" bytes="233007480" bytesdiscarded="13576" />
  <ownableSynchronizers candidates="792068" cleared="0" />
</gc-op>
<gc-end id="7132" type="scavenge" contextid="7128" durationms="241.183" usertimems="1693.544" systemtimems="39.825" timestamp="2020-09-11T10:36:46.258" activeThreads="8">
  <mem-info id="7133" free="2098558072" total="2958426112" percent="70">
    <mem type="nursery" free="501560968" total="939524096" percent="53">
      <mem type="allocate" free="501560968" total="625475584" percent="80" />
      <mem type="survivor" free="0" total="314048512" percent="0" />
    </mem>
    <mem type="tenure" free="1596997104" total="2018902016" percent="79" macro-fragmented="84022087">
      <mem type="soa" free="1556618736" total="1978523648" percent="78" />
      <mem type="loa" free="40378368" total="40378368" percent="100" />
    </mem>
    <remembered-set count="1199" />
  </mem-info>
</gc-end>
<cycle-end id="7134" type="scavenge" contextid="7128" timestamp="2020-09-11T10:36:46.259" />
<allocation-satisfied id="7135" threadId="0000000000799300" bytesRequested="16" />
<af-end id="7136" timestamp="2020-09-11T10:36:46.259" threadId="0000000000799C80" success="true" from="nursery"/>
<exclusive-end id="7137" timestamp="2020-09-11T10:36:46.259" durationms="244.421" />

<exclusive-start id="7138" timestamp="2020-09-11T10:36:46.983" intervalms="967.951">
  <response-info timems="0.236" idlems="0.236" threads="0" lastid="0000000000799300" lastname="ForkJoinPool-3-worker-3" />
</exclusive-start>
<af-start id="7139" threadId="0000000000799C80" totalBytesRequested="32" timestamp="2020-09-11T10:36:46.983" intervalms="967.513" type="nursery" />
<cycle-start id="7140" type="scavenge" contextid="0" timestamp="2020-09-11T10:36:46.983" intervalms="967.451" />
<gc-start id="7141" type="scavenge" contextid="7140" timestamp="2020-09-11T10:36:46.983">
  <mem-info id="7142" free="1596997104" total="2958426112" percent="53">
    <mem type="nursery" free="0" total="939524096" percent="0">
      <mem type="allocate" free="0" total="625475584" percent="0" />
      <mem type="survivor" free="0" total="314048512" percent="0" />
    </mem>
    <mem type="tenure" free="1596997104" total="2018902016" percent="79">
      <mem type="soa" free="1556618736" total="1978523648" percent="78" />
      <mem type="loa" free="40378368" total="40378368" percent="100" />
    </mem>
    <remembered-set count="1209" />
  </mem-info>
</gc-start>
<allocation-stats totalBytes="501536304" >
  <allocated-bytes non-tlh="51904576" tlh="449631728" />
  <largest-consumer threadName="ForkJoinPool-3-worker-15" threadId="00000000007ACD00" bytes="185691424" />
</allocation-stats>
<gc-op id="7143" type="scavenge" timems="181.480" contextid="7140" timestamp="2020-09-11T10:36:47.165">
  <scavenger-info tenureage="1" tenuremask="7ffe" tiltratio="66" />
  <memory-copied type="nursery" objects="4925825" bytes="166071056" bytesdiscarded="469384" />
  <memory-copied type="tenure" objects="2830693" bytes="97719528" bytesdiscarded="7320" />
  <ownableSynchronizers candidates="1480044" cleared="0" />
</gc-op>
<gc-end id="7144" type="scavenge" contextid="7140" durationms="181.918" usertimems="1400.904" systemtimems="0.000" timestamp="2020-09-11T10:36:47.165" activeThreads="8">
  <mem-info id="7145" free="1974356968" total="2958426112" percent="66">
    <mem type="nursery" free="474991464" total="939524096" percent="50">
      <mem type="allocate" free="474991464" total="641531904" percent="74" />
      <mem type="survivor" free="0" total="297992192" percent="0" />
    </mem>
    <mem type="tenure" free="1499365504" total="2018902016" percent="74" macro-fragmented="6450429">
      <mem type="soa" free="1458987136" total="1978523648" percent="73" />
      <mem type="loa" free="40378368" total="40378368" percent="100" />
    </mem>
    <remembered-set count="628" />
  </mem-info>
</gc-end>
<cycle-end id="7146" type="scavenge" contextid="7140" timestamp="2020-09-11T10:36:47.167" />
<allocation-satisfied id="7147" threadId="0000000000799300" bytesRequested="32" />
<af-end id="7148" timestamp="2020-09-11T10:36:47.167" threadId="0000000000799C80" success="true" from="nursery"/>
<exclusive-end id="7149" timestamp="2020-09-11T10:36:47.167" durationms="184.301" />

<exclusive-start id="7150" timestamp="2020-09-11T10:36:47.936" intervalms="953.720">
  <response-info timems="0.267" idlems="0.267" threads="0" lastid="0000000000799300" lastname="ForkJoinPool-3-worker-3" />
</exclusive-start>
<af-start id="7151" threadId="0000000000799C80" totalBytesRequested="23068680" timestamp="2020-09-11T10:36:47.937" intervalms="953.794" type="nursery" />
<cycle-start id="7152" type="scavenge" contextid="0" timestamp="2020-09-11T10:36:47.937" intervalms="953.809" />
<gc-start id="7153" type="scavenge" contextid="7152" timestamp="2020-09-11T10:36:47.937">
  <mem-info id="7154" free="1510996456" total="2958426112" percent="51">
    <mem type="nursery" free="11630952" total="939524096" percent="1">
      <mem type="allocate" free="11630952" total="641531904" percent="1" />
      <mem type="survivor" free="0" total="297992192" percent="0" />
    </mem>
    <mem type="tenure" free="1499365504" total="2018902016" percent="74">
      <mem type="soa" free="1458987136" total="1978523648" percent="73" />
      <mem type="loa" free="40378368" total="40378368" percent="100" />
    </mem>
    <remembered-set count="47224" />
  </mem-info>
</gc-start>
<allocation-stats totalBytes="463334152" >
  <allocated-bytes non-tlh="59716096" tlh="403618056" />
  <largest-consumer threadName="ForkJoinPool-3-worker-15" threadId="00000000007ACD00" bytes="277171032" />
</allocation-stats>
<gc-op id="7155" type="scavenge" timems="235.240" contextid="7152" timestamp="2020-09-11T10:36:48.172">
  <scavenger-info tenureage="1" tenuremask="7ffe" tiltratio="68" />
  <memory-copied type="nursery" objects="5004740" bytes="172358504" bytesdiscarded="424792" />
  <memory-copied type="tenure" objects="4925779" bytes="166070048" bytesdiscarded="9792" />
  <ownableSynchronizers candidates="1740925" cleared="0" />
  <references type="weak" candidates="3" cleared="3" enqueued="3" />
</gc-op>
<gc-end id="7156" type="scavenge" contextid="7152" durationms="235.862" usertimems="1868.222" systemtimems="0.000" timestamp="2020-09-11T10:36:48.173" activeThreads="8">
  <mem-info id="7157" free="1821257304" total="2958426112" percent="61">
    <mem type="nursery" free="488343840" total="939524096" percent="51">
      <mem type="allocate" free="488343840" total="661127168" percent="73" />
      <mem type="survivor" free="0" total="278396928" percent="0" />
    </mem>
    <mem type="tenure" free="1332913464" total="2018902016" percent="66" macro-fragmented="0">
      <mem type="soa" free="1292535096" total="1978523648" percent="65" />
      <mem type="loa" free="40378368" total="40378368" percent="100" />
    </mem>
    <pending-finalizers system="0" default="0" reference="3" classloader="0" />
    <remembered-set count="633" />
  </mem-info>
</gc-end>
<cycle-end id="7158" type="scavenge" contextid="7152" timestamp="2020-09-11T10:36:48.174" />
<allocation-satisfied id="7159" threadId="0000000000799300" bytesRequested="23068680" />
<af-end id="7160" timestamp="2020-09-11T10:36:48.178" threadId="0000000000799C80" success="true" from="nursery"/>
<exclusive-end id="7161" timestamp="2020-09-11T10:36:48.178" durationms="241.312" />

<exclusive-start id="7162" timestamp="2020-09-11T10:36:49.062" intervalms="1125.481">
  <response-info timems="1.972" idlems="1.972" threads="0" lastid="00000000007ACD00" lastname="ForkJoinPool-3-worker-15" />
</exclusive-start>
<af-start id="7163" threadId="00000000007AD680" totalBytesRequested="24" timestamp="2020-09-11T10:36:49.062" intervalms="1125.395" type="nursery" />
<cycle-start id="7164" type="scavenge" contextid="0" timestamp="2020-09-11T10:36:49.062" intervalms="1125.437" />
<gc-start id="7165" type="scavenge" contextid="7164" timestamp="2020-09-11T10:36:49.063">
  <mem-info id="7166" free="1332913464" total="2958426112" percent="45">
    <mem type="nursery" free="0" total="939524096" percent="0">
      <mem type="allocate" free="0" total="661127168" percent="0" />
      <mem type="survivor" free="0" total="278396928" percent="0" />
    </mem>
    <mem type="tenure" free="1332913464" total="2018902016" percent="66">
      <mem type="soa" free="1292535096" total="1978523648" percent="65" />
      <mem type="loa" free="40378368" total="40378368" percent="100" />
    </mem>
    <remembered-set count="645" />
  </mem-info>
</gc-start>
<allocation-stats totalBytes="488318912" >
  <allocated-bytes non-tlh="102236232" tlh="386082680" />
  <largest-consumer threadName="ForkJoinPool-3-worker-15" threadId="00000000007ACD00" bytes="229722992" />
</allocation-stats>
<gc-op id="7167" type="scavenge" timems="257.319" contextid="7164" timestamp="2020-09-11T10:36:49.320">
  <scavenger-info tenureage="1" tenuremask="7ffe" tiltratio="70" />
  <memory-copied type="nursery" objects="5432301" bytes="229826200" bytesdiscarded="179888" />
  <memory-copied type="tenure" objects="5004700" bytes="172357240" bytesdiscarded="8320" />
  <ownableSynchronizers candidates="1332296" cleared="0" />
</gc-op>
<gc-end id="7168" type="scavenge" contextid="7164" durationms="258.135" usertimems="2021.321" systemtimems="0.000" timestamp="2020-09-11T10:36:49.321" activeThreads="8">
  <mem-info id="7169" free="1556964992" total="2958426112" percent="52">
    <mem type="nursery" free="396387000" total="939524096" percent="42">
      <mem type="allocate" free="396387000" total="626393088" percent="63" />
      <mem type="survivor" free="0" total="313131008" percent="0" />
    </mem>
    <mem type="tenure" free="1160577992" total="2018902016" percent="57" macro-fragmented="23113062">
      <mem type="soa" free="1120199624" total="1978523648" percent="56" />
      <mem type="loa" free="40378368" total="40378368" percent="100" />
    </mem>
    <remembered-set count="8570" />
  </mem-info>
</gc-end>
<cycle-end id="7170" type="scavenge" contextid="7164" timestamp="2020-09-11T10:36:49.322" />
<allocation-satisfied id="7171" threadId="00000000007ACD00" bytesRequested="24" />
<af-end id="7172" timestamp="2020-09-11T10:36:49.322" threadId="00000000007AD680" success="true" from="nursery"/>
<exclusive-end id="7173" timestamp="2020-09-11T10:36:49.322" durationms="260.633" />

<exclusive-start id="7174" timestamp="2020-09-11T10:36:49.973" intervalms="911.392">
  <response-info timems="0.540" idlems="0.540" threads="0" lastid="0000000000799300" lastname="ForkJoinPool-3-worker-3" />
</exclusive-start>
<af-start id="7175" threadId="0000000000799C80" totalBytesRequested="16" timestamp="2020-09-11T10:36:49.973" intervalms="911.420" type="nursery" />
<cycle-start id="7176" type="scavenge" contextid="0" timestamp="2020-09-11T10:36:49.974" intervalms="911.376" />
<gc-start id="7177" type="scavenge" contextid="7176" timestamp="2020-09-11T10:36:49.975">
  <mem-info id="7178" free="1160577992" total="2958426112" percent="39">
    <mem type="nursery" free="0" total="939524096" percent="0">
      <mem type="allocate" free="0" total="626393088" percent="0" />
      <mem type="survivor" free="0" total="313131008" percent="0" />
    </mem>
    <mem type="tenure" free="1160577992" total="2018902016" percent="57">
      <mem type="soa" free="1120199624" total="1978523648" percent="56" />
      <mem type="loa" free="40378368" total="40378368" percent="100" />
    </mem>
    <remembered-set count="58833" />
  </mem-info>
</gc-start>
<allocation-stats totalBytes="396368304" >
  <allocated-bytes non-tlh="108920968" tlh="287447336" />
  <largest-consumer threadName="ForkJoinPool-3-worker-15" threadId="00000000007ACD00" bytes="271014896" />
</allocation-stats>
<gc-op id="7179" type="scavenge" timems="258.324" contextid="7176" timestamp="2020-09-11T10:36:50.233">
  <scavenger-info tenureage="1" tenuremask="7ffe" tiltratio="66" />
  <memory-copied type="nursery" objects="4277300" bytes="211629424" bytesdiscarded="425616" />
  <memory-copied type="tenure" objects="5204792" bytes="223177544" bytesdiscarded="9552" />
  <ownableSynchronizers candidates="891666" cleared="0" />
  <references type="soft" candidates="200000" cleared="0" enqueued="0" dynamicThreshold="29" maxThreshold="32" />
  <references type="weak" candidates="6" cleared="0" enqueued="0" />
</gc-op>
<gc-end id="7180" type="scavenge" contextid="7176" durationms="259.156" usertimems="2026.732" systemtimems="1.693" timestamp="2020-09-11T10:36:50.234" activeThreads="8">
  <mem-info id="7181" free="1362795888" total="2958426112" percent="46">
    <mem type="nursery" free="425479104" total="939524096" percent="45">
      <mem type="allocate" free="425479104" total="637534208" percent="66" />
      <mem type="survivor" free="0" total="301989888" percent="0" />
    </mem>
    <mem type="tenure" free="937316784" total="2018902016" percent="46" macro-fragmented="0">
      <mem type="soa" free="896938416" total="1978523648" percent="45" />
      <mem type="loa" free="40378368" total="40378368" percent="100" />
    </mem>
    <remembered-set count="586" />
  </mem-info>
</gc-end>
<cycle-end id="7182" type="scavenge" contextid="7176" timestamp="2020-09-11T10:36:50.235" />
<allocation-satisfied id="7183" threadId="0000000000799300" bytesRequested="16" />
<af-end id="7184" timestamp="2020-09-11T10:36:50.235" threadId="0000000000799C80" success="true" from="nursery"/>
<exclusive-end id="7185" timestamp="2020-09-11T10:36:50.235" durationms="261.784" />

<exclusive-start id="7186" timestamp="2020-09-11T10:36:50.782" intervalms="809.186">
  <response-info timems="0.228" idlems="0.228" threads="0" lastid="000000000079D400" lastname="ForkJoinPool-3-worker-1" />
</exclusive-start>
<af-start id="7187" threadId="000000000079DD80" totalBytesRequested="24" timestamp="2020-09-11T10:36:50.783" intervalms="809.185" type="nursery" />
<cycle-start id="7188" type="scavenge" contextid="0" timestamp="2020-09-11T10:36:50.783" intervalms="809.163" />
<gc-start id="7189" type="scavenge" contextid="7188" timestamp="2020-09-11T10:36:50.784">
  <mem-info id="7190" free="937316576" total="2958426112" percent="31">
    <mem type="nursery" free="0" total="939524096" percent="0">
      <mem type="allocate" free="0" total="637534208" percent="0" />
      <mem type="survivor" free="0" total="301989888" percent="0" />
    </mem>
    <mem type="tenure" free="937316576" total="2018902016" percent="46">
      <mem type="soa" free="896938208" total="1978523648" percent="45" />
      <mem type="loa" free="40378368" total="40378368" percent="100" />
    </mem>
    <remembered-set count="606" />
  </mem-info>
</gc-start>
<allocation-stats totalBytes="425303960" >
  <allocated-bytes non-tlh="24030352" tlh="401273608" />
  <largest-consumer threadName="ForkJoinPool-3-worker-3" threadId="0000000000799300" bytes="207924352" />
</allocation-stats>
<gc-op id="7191" type="scavenge" timems="157.096" contextid="7188" timestamp="2020-09-11T10:36:50.941">
  <scavenger-info tenureage="1" tenuremask="7ffe" tiltratio="67" />
  <memory-copied type="nursery" objects="1717537" bytes="39235992" bytesdiscarded="420984" />
  <memory-copied type="tenure" objects="4039900" bytes="204170728" bytesdiscarded="8136" />
  <ownableSynchronizers candidates="349835" cleared="0" />
  <references type="weak" candidates="3" cleared="0" enqueued="0" />
</gc-op>
<gc-end id="7192" type="scavenge" contextid="7188" durationms="157.785" usertimems="1231.969" systemtimems="8.828" timestamp="2020-09-11T10:36:50.941" activeThreads="8">
  <mem-info id="7193" free="1344236360" total="2958426112" percent="45">
    <mem type="nursery" free="610853288" total="939524096" percent="65">
      <mem type="allocate" free="610853288" total="650510336" percent="93" />
      <mem type="survivor" free="0" total="289013760" percent="0" />
    </mem>
    <mem type="tenure" free="733383072" total="2018902016" percent="36" macro-fragmented="0">
      <mem type="soa" free="693004704" total="1978523648" percent="35" />
      <mem type="loa" free="40378368" total="40378368" percent="100" />
    </mem>
    <remembered-set count="572" />
  </mem-info>
</gc-end>
<cycle-end id="7194" type="scavenge" contextid="7188" timestamp="2020-09-11T10:36:50.943" />
<allocation-satisfied id="7195" threadId="000000000079D400" bytesRequested="24" />
<af-end id="7196" timestamp="2020-09-11T10:36:50.943" threadId="000000000079DD80" success="true" from="nursery"/>
<exclusive-end id="7197" timestamp="2020-09-11T10:36:50.943" durationms="160.612" />

<exclusive-start id="7198" timestamp="2020-09-11T10:36:56.030" intervalms="5247.593">
  <response-info timems="0.227" idlems="0.227" threads="0" lastid="0000000000912B00" lastname="ForkJoinPool-18-worker-1" />
</exclusive-start>
<af-start id="7199" threadId="0000000000913480" totalBytesRequested="16" timestamp="2020-09-11T10:36:56.030" intervalms="5247.546" type="nursery" />
<cycle-start id="7200" type="scavenge" contextid="0" timestamp="2020-09-11T10:36:56.030" intervalms="5247.555" />
<gc-start id="7201" type="scavenge" contextid="7200" timestamp="2020-09-11T10:36:56.031">
  <mem-info id="7202" free="733383072" total="2958426112" percent="24">
    <mem type="nursery" free="0" total="939524096" percent="0">
      <mem type="allocate" free="0" total="650510336" percent="0" />
      <mem type="survivor" free="0" total="289013760" percent="0" />
    </mem>
    <mem type="tenure" free="733383072" total="2018902016" percent="36">
      <mem type="soa" free="693004704" total="1978523648" percent="35" />
      <mem type="loa" free="40378368" total="40378368" percent="100" />
    </mem>
    <remembered-set count="697" />
  </mem-info>
</gc-start>
<allocation-stats totalBytes="610537152" >
  <allocated-bytes non-tlh="14422840" tlh="596114312" />
  <largest-consumer threadName="ForkJoinPool-3-worker-15" threadId="00000000007ACD00" bytes="498605824" />
</allocation-stats>
<gc-op id="7203" type="scavenge" timems="176.251" contextid="7200" timestamp="2020-09-11T10:36:56.207">
  <scavenger-info tenureage="2" tenuremask="7ffc" tiltratio="69" />
  <memory-copied type="nursery" objects="8046387" bytes="210606280" bytesdiscarded="191272" />
  <ownableSynchronizers candidates="160" cleared="160" />
  <references type="weak" candidates="3" cleared="0" enqueued="0" />
</gc-op>
<gc-end id="7204" type="scavenge" contextid="7200" durationms="176.995" usertimems="1373.069" systemtimems="0.000" timestamp="2020-09-11T10:36:56.207" activeThreads="8">
  <mem-info id="7205" free="1062012160" total="2958426112" percent="35">
    <mem type="nursery" free="328629088" total="939524096" percent="34">
      <mem type="allocate" free="328629088" total="539426816" percent="60" />
      <mem type="survivor" free="0" total="400097280" percent="0" />
    </mem>
    <mem type="tenure" free="733383072" total="2018902016" percent="36" macro-fragmented="0">
      <mem type="soa" free="693004704" total="1978523648" percent="35" />
      <mem type="loa" free="40378368" total="40378368" percent="100" />
    </mem>
    <remembered-set count="680" />
  </mem-info>
</gc-end>
<cycle-end id="7206" type="scavenge" contextid="7200" timestamp="2020-09-11T10:36:56.209" />
<allocation-satisfied id="7207" threadId="0000000000912B00" bytesRequested="16" />
<af-end id="7208" timestamp="2020-09-11T10:36:56.209" threadId="0000000000913480" success="true" from="nursery"/>
<exclusive-end id="7209" timestamp="2020-09-11T10:36:56.209" durationms="179.087" />

<exclusive-start id="7210" timestamp="2020-09-11T10:36:56.391" intervalms="360.665">
  <response-info timems="0.171" idlems="0.171" threads="0" lastid="000000000097DA00" lastname="ForkJoinPool-18-worker-3" />
</exclusive-start>
<af-start id="7211" threadId="000000000097E380" totalBytesRequested="136" timestamp="2020-09-11T10:36:56.391" intervalms="360.615" type="nursery" />
<cycle-start id="7212" type="scavenge" contextid="0" timestamp="2020-09-11T10:36:56.391" intervalms="360.594" />
<gc-start id="7213" type="scavenge" contextid="7212" timestamp="2020-09-11T10:36:56.392">
  <mem-info id="7214" free="733383072" total="2958426112" percent="24">
    <mem type="nursery" free="0" total="939524096" percent="0">
      <mem type="allocate" free="0" total="539426816" percent="0" />
      <mem type="survivor" free="0" total="400097280" percent="0" />
    </mem>
    <mem type="tenure" free="733383072" total="2018902016" percent="36">
      <mem type="soa" free="693004704" total="1978523648" percent="35" />
      <mem type="loa" free="40378368" total="40378368" percent="100" />
    </mem>
    <remembered-set count="683" />
  </mem-info>
</gc-start>
<allocation-stats totalBytes="328513248" >
  <allocated-bytes non-tlh="16" tlh="328513232" />
  <largest-consumer threadName="ForkJoinPool-18-worker-5" threadId="00000000008D5400" bytes="51326192" />
</allocation-stats>
<gc-op id="7215" type="scavenge" timems="297.533" contextid="7212" timestamp="2020-09-11T10:36:56.689">
  <scavenger-info tenureage="1" tenuremask="7ffe" tiltratio="57" />
  <memory-copied type="nursery" objects="10224611" bytes="283459424" bytesdiscarded="182944" />
  <memory-copied type="tenure" objects="8046322" bytes="210600760" bytesdiscarded="46128" />
</gc-op>
<gc-end id="7216" type="scavenge" contextid="7212" durationms="298.609" usertimems="2313.474" systemtimems="15.793" timestamp="2020-09-11T10:36:56.690" activeThreads="8">
  <mem-info id="7217" free="779173048" total="2958426112" percent="26">
    <mem type="nursery" free="256570880" total="939524096" percent="27">
      <mem type="allocate" free="256570880" total="540213248" percent="47" />
      <mem type="survivor" free="0" total="399310848" percent="0" />
    </mem>
    <mem type="tenure" free="522602168" total="2018902016" percent="25" macro-fragmented="0">
      <mem type="soa" free="482223800" total="1978523648" percent="24" />
      <mem type="loa" free="40378368" total="40378368" percent="100" />
    </mem>
    <remembered-set count="679" />
  </mem-info>
</gc-end>
<cycle-end id="7218" type="scavenge" contextid="7212" timestamp="2020-09-11T10:36:56.691" />
<allocation-satisfied id="7219" threadId="000000000097DA00" bytesRequested="136" />
<af-end id="7220" timestamp="2020-09-11T10:36:56.691" threadId="000000000097E380" success="true" from="nursery"/>
<exclusive-end id="7221" timestamp="2020-09-11T10:36:56.691" durationms="300.451" />

<exclusive-start id="7222" timestamp="2020-09-11T10:36:59.969" intervalms="3578.199">
  <response-info timems="17.108" idlems="17.108" threads="0" lastid="0000000000E03D00" lastname="Group1.Backend.CompositeBackend{Tier1}.1" />
</exclusive-start>
<af-start id="7223" threadId="0000000000E04680" totalBytesRequested="152" timestamp="2020-09-11T10:36:59.969" intervalms="3578.564" type="nursery" />
<cycle-start id="7224" type="scavenge" contextid="0" timestamp="2020-09-11T10:36:59.970" intervalms="3578.630" />
<gc-start id="7225" type="scavenge" contextid="7224" timestamp="2020-09-11T10:36:59.970">
  <mem-info id="7226" free="522597392" total="2958426112" percent="17">
    <mem type="nursery" free="0" total="939524096" percent="0">
      <mem type="allocate" free="0" total="540213248" percent="0" />
      <mem type="survivor" free="0" total="399310848" percent="0" />
    </mem>
    <mem type="tenure" free="522597392" total="2018902016" percent="25">
      <mem type="soa" free="482219024" total="1978523648" percent="24" />
      <mem type="loa" free="40378368" total="40378368" percent="100" />
    </mem>
    <remembered-set count="22069" />
  </mem-info>
</gc-start>
<allocation-stats totalBytes="256441840" >
  <allocated-bytes non-tlh="1057384" tlh="255384456" />
  <largest-consumer threadName="Group1.Backend.CompositeBackend{Tier1}.2" threadId="0000000000910900" bytes="10438960" />
</allocation-stats>
<gc-op id="7227" type="scavenge" timems="265.840" contextid="7224" timestamp="2020-09-11T10:37:00.236">
  <scavenger-info tenureage="1" tenuremask="7ffe" tiltratio="57" />
  <memory-copied type="nursery" objects="6002309" bytes="167719096" bytesdiscarded="151312" />
  <memory-copied type="tenure" objects="10224562" bytes="283455000" bytesdiscarded="66536" />
  <finalization candidates="11" enqueued="0" />
  <ownableSynchronizers candidates="424" cleared="134" />
  <references type="soft" candidates="217" cleared="0" enqueued="0" dynamicThreshold="29" maxThreshold="32" />
  <references type="weak" candidates="456" cleared="68" enqueued="0" />
</gc-op>
<gc-end id="7228" type="scavenge" contextid="7224" durationms="266.706" usertimems="2030.466" systemtimems="29.305" timestamp="2020-09-11T10:37:00.236" activeThreads="8">
  <mem-info id="7229" free="627909968" total="2958426112" percent="21">
    <mem type="nursery" free="388712448" total="939524096" percent="41">
      <mem type="allocate" free="388712448" total="556597248" percent="69" />
      <mem type="survivor" free="0" total="382926848" percent="0" />
    </mem>
    <mem type="tenure" free="239197520" total="2018902016" percent="11" macro-fragmented="6450429">
      <mem type="soa" free="198819152" total="1978523648" percent="10" />
      <mem type="loa" free="40378368" total="40378368" percent="100" />
    </mem>
    <remembered-set count="9323" />
  </mem-info>
</gc-end>
<cycle-end id="7230" type="scavenge" contextid="7224" timestamp="2020-09-11T10:37:00.239" />
<allocation-satisfied id="7231" threadId="0000000000E03D00" bytesRequested="152" />
<af-end id="7232" timestamp="2020-09-11T10:37:00.239" threadId="0000000000E04680" success="true" from="nursery"/>
<exclusive-end id="7233" timestamp="2020-09-11T10:37:00.239" durationms="270.325" />

<exclusive-start id="7234" timestamp="2020-09-11T10:37:00.524" intervalms="555.519">
  <response-info timems="0.342" idlems="0.342" threads="0" lastid="0000000000927500" lastname="Group1.Backend.CompositeBackend{Tier1}.7" />
</exclusive-start>
<af-start id="7235" threadId="0000000000927E80" totalBytesRequested="32" timestamp="2020-09-11T10:37:00.525" intervalms="555.431" type="nursery" />
<cycle-start id="7236" type="scavenge" contextid="0" timestamp="2020-09-11T10:37:00.525" intervalms="555.415" />
<gc-start id="7237" type="scavenge" contextid="7236" timestamp="2020-09-11T10:37:00.526">
  <mem-info id="7238" free="239197104" total="2958426112" percent="8">
    <mem type="nursery" free="0" total="939524096" percent="0">
      <mem type="allocate" free="0" total="556597248" percent="0" />
      <mem type="survivor" free="0" total="382926848" percent="0" />
    </mem>
    <mem type="tenure" free="239197104" total="2018902016" percent="11">
      <mem type="soa" free="198818736" total="1978523648" percent="10" />
      <mem type="loa" free="40378368" total="40378368" percent="100" />
    </mem>
    <remembered-set count="118977" />
  </mem-info>
</gc-start>
<allocation-stats totalBytes="388462120" >
  <allocated-bytes non-tlh="4713552" tlh="383748568" />
  <largest-consumer threadName="Group1.Backend.CompositeBackend{Tier1}.8" threadId="0000000000A4A700" bytes="71751912" />
</allocation-stats>
<gc-op id="7239" type="scavenge" timems="120.497" contextid="7236" timestamp="2020-09-11T10:37:00.647">
  <scavenger-info tenureage="1" tenuremask="7ffe" tiltratio="59" />
  <memory-copied type="nursery" objects="747682" bytes="18830968" bytesdiscarded="428520" />
  <memory-copied type="tenure" objects="6000098" bytes="167606672" bytesdiscarded="42264" />
  <finalization candidates="12" enqueued="0" />
  <ownableSynchronizers candidates="2433" cleared="804" />
  <references type="soft" candidates="1295" cleared="0" enqueued="0" dynamicThreshold="29" maxThreshold="32" />
  <references type="weak" candidates="76" cleared="64" enqueued="0" />
</gc-op>
<gc-end id="7240" type="scavenge" contextid="7236" durationms="121.362" usertimems="920.198" systemtimems="13.399" timestamp="2020-09-11T10:37:00.647" activeThreads="8">
  <mem-info id="7241" free="647875592" total="2958426112" percent="21">
    <mem type="nursery" free="576296904" total="939524096" percent="61">
      <mem type="allocate" free="576296904" total="595591168" percent="96" />
      <mem type="survivor" free="0" total="343932928" percent="0" />
    </mem>
    <mem type="tenure" free="71578688" total="2018902016" percent="3" macro-fragmented="0">
      <mem type="soa" free="31200320" total="1978523648" percent="1" />
      <mem type="loa" free="40378368" total="40378368" percent="100" />
    </mem>
    <remembered-set count="47062" />
  </mem-info>
</gc-end>
<cycle-end id="7242" type="scavenge" contextid="7236" timestamp="2020-09-11T10:37:00.650" />
<allocation-satisfied id="7243" threadId="0000000000927500" bytesRequested="32" />
<af-end id="7244" timestamp="2020-09-11T10:37:00.650" threadId="0000000000927E80" success="true" from="nursery"/>
<exclusive-end id="7245" timestamp="2020-09-11T10:37:00.650" durationms="125.539" />

<exclusive-start id="7246" timestamp="2020-09-11T10:37:01.274" intervalms="749.231">
  <response-info timems="0.490" idlems="0.490" threads="0" lastid="0000000000E5C500" lastname="Group1.Backend.CompositeBackend{Tier1}.6" />
</exclusive-start>
<af-start id="7247" threadId="0000000000E5CE80" totalBytesRequested="10008" timestamp="2020-09-11T10:37:01.274" intervalms="749.263" type="nursery" />
<percolate-collect id="7248" from="nursery" to="global" reason="prevent tenure expand" timestamp="2020-09-11T10:37:01.274"/>
<cycle-start id="7249" type="global" contextid="0" timestamp="2020-09-11T10:37:01.274" intervalms="17647.202" />
<gc-start id="7250" type="global" contextid="7249" timestamp="2020-09-11T10:37:01.276">
  <mem-info id="7251" free="71577456" total="2958426112" percent="2">
    <mem type="nursery" free="0" total="939524096" percent="0">
      <mem type="allocate" free="0" total="595591168" percent="0" />
      <mem type="survivor" free="0" total="343932928" percent="0" />
    </mem>
    <mem type="tenure" free="71577456" total="2018902016" percent="3">
      <mem type="soa" free="31199088" total="1978523648" percent="1" />
      <mem type="loa" free="40378368" total="40378368" percent="100" />
    </mem>
    <remembered-set count="170948" />
  </mem-info>
</gc-start>
<allocation-stats totalBytes="575936888" >
  <allocated-bytes non-tlh="17257168" tlh="558679720" />
  <largest-consumer threadName="Group1.Backend.CompositeBackend{Tier1}.8" threadId="0000000000A4A700" bytes="103219520" />
</allocation-stats>
<heap-resize id="7252" type="loa contract" space="tenure" amount="20189184" count="1" timems="0.000" reason="contract underutilized loa" timestamp="2020-09-11T10:37:01.276" />
<gc-op id="7253" type="mark" timems="547.846" contextid="7249" timestamp="2020-09-11T10:37:01.824">
  <trace-info objectcount="36082713" scancount="34413247" scanbytes="935663148" />
  <finalization candidates="164" enqueued="24" />
  <ownableSynchronizers candidates="3429514" cleared="3036298" />
  <references type="soft" candidates="330903" cleared="0" enqueued="0" dynamicThreshold="29" maxThreshold="32" />
  <references type="weak" candidates="3956" cleared="92" enqueued="0" />
  <references type="phantom" candidates="102" cleared="0" enqueued="0" />
  <stringconstants candidates="11215" cleared="46"  />
</gc-op>
<gc-op id="7254" type="classunload" timems="0.079" contextid="7249" timestamp="2020-09-11T10:37:01.824">
  <classunload-info classloadercandidates="216" classloadersunloaded="0" classesunloaded="0" anonymousclassesunloaded="0" quiescems="0.000" setupms="0.077" scanms="0.001" postms="0.001" />
</gc-op>
<gc-op id="7255" type="sweep" timems="12.044" contextid="7249" timestamp="2020-09-11T10:37:01.836" />
<gc-end id="7256" type="global" contextid="7249" durationms="560.879" usertimems="4258.689" systemtimems="14.867" timestamp="2020-09-11T10:37:01.837" activeThreads="8">
  <mem-info id="7257" free="1322503792" total="2958426112" percent="44">
    <mem type="nursery" free="535563264" total="939524096" percent="57">
      <mem type="allocate" free="535563264" total="595591168" percent="89" />
      <mem type="survivor" free="0" total="343932928" percent="0" />
    </mem>
    <mem type="tenure" free="786940528" total="2018902016" percent="38" micro-fragmented="2092510" macro-fragmented="0">
      <mem type="soa" free="766751344" total="1998712832" percent="38" />
      <mem type="loa" free="20189184" total="20189184" percent="100" />
    </mem>
    <pending-finalizers system="0" default="24" reference="0" classloader="0" />
    <remembered-set count="165387" />
  </mem-info>
</gc-end>
<cycle-end id="7258" type="global" contextid="7249" timestamp="2020-09-11T10:37:01.839" />
<allocation-satisfied id="7259" threadId="0000000000E5C500" bytesRequested="10008" />
<af-end id="7260" timestamp="2020-09-11T10:37:01.839" threadId="0000000000E5CE80" success="true" from="nursery"/>
<exclusive-end id="7261" timestamp="2020-09-11T10:37:01.840" durationms="566.034" />

<exclusive-start id="7262" timestamp="2020-09-11T10:37:02.214" intervalms="940.796">
  <response-info timems="0.293" idlems="0.232" threads="1" lastid="0000000000E03D00" lastname="Group1.Backend.CompositeBackend{Tier1}.1" />
</exclusive-start>
<af-start id="7263" threadId="0000000000A64780" totalBytesRequested="192" timestamp="2020-09-11T10:37:02.215" intervalms="940.810" type="nursery" />
<cycle-start id="7264" type="scavenge" contextid="0" timestamp="2020-09-11T10:37:02.215" intervalms="1690.124" />
<gc-start id="7265" type="scavenge" contextid="7264" timestamp="2020-09-11T10:37:02.216">
  <mem-info id="7266" free="786940480" total="2958426112" percent="26">
    <mem type="nursery" free="0" total="939524096" percent="0">
      <mem type="allocate" free="0" total="595591168" percent="0" />
      <mem type="survivor" free="0" total="343932928" percent="0" />
    </mem>
    <mem type="tenure" free="786940480" total="2018902016" percent="38">
      <mem type="soa" free="766751296" total="1998712832" percent="38" />
      <mem type="loa" free="20189184" total="20189184" percent="100" />
    </mem>
    <remembered-set count="242220" />
  </mem-info>
</gc-start>
<allocation-stats totalBytes="532649696" >
  <allocated-bytes non-tlh="6413896" tlh="526235800" />
  <largest-consumer threadName="Group1.Backend.CompositeBackend{Tier1}.6" threadId="0000000000E5C500" bytes="90266760" />
</allocation-stats>
<gc-op id="7267" type="scavenge" timems="65.845" contextid="7264" timestamp="2020-09-11T10:37:02.282">
  <scavenger-info tenureage="2" tenuremask="7ffc" tiltratio="63" />
  <memory-copied type="nursery" objects="1723717" bytes="45182496" bytesdiscarded="155512" />
  <finalization candidates="5" enqueued="0" />
  <ownableSynchronizers candidates="789406" cleared="784456" />
  <references type="soft" candidates="4857" cleared="0" enqueued="0" dynamicThreshold="12" maxThreshold="32" />
  <references type="weak" candidates="149" cleared="67" enqueued="0" />
</gc-op>
<gc-end id="7268" type="scavenge" contextid="7264" durationms="66.804" usertimems="459.999" systemtimems="7.645" timestamp="2020-09-11T10:37:02.283" activeThreads="8">
  <mem-info id="7269" free="1389867008" total="2958426112" percent="46">
    <mem type="nursery" free="602926528" total="939524096" percent="64">
      <mem type="allocate" free="602926528" total="648347648" percent="92" />
      <mem type="survivor" free="0" total="291176448" percent="0" />
    </mem>
    <mem type="tenure" free="786940480" total="2018902016" percent="38" macro-fragmented="2592282">
      <mem type="soa" free="766751296" total="1998712832" percent="38" />
      <mem type="loa" free="20189184" total="20189184" percent="100" />
    </mem>
    <remembered-set count="114515" />
  </mem-info>
</gc-end>
<cycle-end id="7270" type="scavenge" contextid="7264" timestamp="2020-09-11T10:37:02.285" />
<allocation-satisfied id="7271" threadId="0000000000A63E00" bytesRequested="192" />
<af-end id="7272" timestamp="2020-09-11T10:37:02.285" threadId="0000000000A64780" success="true" from="nursery"/>
<exclusive-end id="7273" timestamp="2020-09-11T10:37:02.285" durationms="70.350" />

<exclusive-start id="7274" timestamp="2020-09-11T10:37:02.869" intervalms="654.952">
  <response-info timems="0.480" idlems="0.480" threads="0" lastid="0000000000E03D00" lastname="Group1.Backend.CompositeBackend{Tier1}.1" />
</exclusive-start>
<af-start id="7275" threadId="0000000000E04680" totalBytesRequested="24" timestamp="2020-09-11T10:37:02.870" intervalms="655.011" type="nursery" />
<cycle-start id="7276" type="scavenge" contextid="0" timestamp="2020-09-11T10:37:02.870" intervalms="655.018" />
<gc-start id="7277" type="scavenge" contextid="7276" timestamp="2020-09-11T10:37:02.871">
  <mem-info id="7278" free="786940480" total="2958426112" percent="26">
    <mem type="nursery" free="0" total="939524096" percent="0">
      <mem type="allocate" free="0" total="648347648" percent="0" />
      <mem type="survivor" free="0" total="291176448" percent="0" />
    </mem>
    <mem type="tenure" free="786940480" total="2018902016" percent="38">
      <mem type="soa" free="766751296" total="1998712832" percent="38" />
      <mem type="loa" free="20189184" total="20189184" percent="100" />
    </mem>
    <remembered-set count="222469" />
  </mem-info>
</gc-start>
<allocation-stats totalBytes="602549416" >
  <allocated-bytes non-tlh="3823944" tlh="598725472" />
  <largest-consumer threadName="Group1.Backend.CompositeBackend{Tier1}.4" threadId="0000000000EA6100" bytes="91912512" />
</allocation-stats>
<gc-op id="7279" type="scavenge" timems="57.995" contextid="7276" timestamp="2020-09-11T10:37:02.929">
  <scavenger-info tenureage="3" tenuremask="7ff8" tiltratio="69" />
  <memory-copied type="nursery" objects="2170662" bytes="57632464" bytesdiscarded="333888" />
  <finalization candidates="5" enqueued="0" />
  <ownableSynchronizers candidates="8361" cleared="1507" />
  <references type="soft" candidates="6743" cleared="0" enqueued="0" dynamicThreshold="12" maxThreshold="32" />
  <references type="weak" candidates="173" cleared="69" enqueued="0" />
</gc-op>
<gc-end id="7280" type="scavenge" contextid="7276" durationms="58.980" usertimems="402.801" systemtimems="1.606" timestamp="2020-09-11T10:37:02.930" activeThreads="8">
  <mem-info id="7281" free="1419811088" total="2958426112" percent="47">
    <mem type="nursery" free="632870608" total="939524096" percent="67">
      <mem type="allocate" free="632870608" total="690880512" percent="91" />
      <mem type="survivor" free="0" total="248643584" percent="0" />
    </mem>
    <mem type="tenure" free="786940480" total="2018902016" percent="38" macro-fragmented="0">
      <mem type="soa" free="766751296" total="1998712832" percent="38" />
      <mem type="loa" free="20189184" total="20189184" percent="100" />
    </mem>
    <remembered-set count="135231" />
  </mem-info>
</gc-end>
<cycle-end id="7282" type="scavenge" contextid="7276" timestamp="2020-09-11T10:37:02.932" />
<allocation-satisfied id="7283" threadId="0000000000E03D00" bytesRequested="24" />
<af-end id="7284" timestamp="2020-09-11T10:37:02.932" threadId="0000000000E04680" success="true" from="nursery"/>
<exclusive-end id="7285" timestamp="2020-09-11T10:37:02.932" durationms="62.580" />

<exclusive-start id="7286" timestamp="2020-09-11T10:37:03.617" intervalms="747.876">
  <response-info timems="0.361" idlems="0.361" threads="0" lastid="0000000000910900" lastname="Group1.Backend.CompositeBackend{Tier1}.2" />
</exclusive-start>
<af-start id="7287" threadId="0000000000911280" totalBytesRequested="256" timestamp="2020-09-11T10:37:03.618" intervalms="747.844" type="nursery" />
<cycle-start id="7288" type="scavenge" contextid="0" timestamp="2020-09-11T10:37:03.618" intervalms="747.840" />
<gc-start id="7289" type="scavenge" contextid="7288" timestamp="2020-09-11T10:37:03.618">
  <mem-info id="7290" free="786940480" total="2958426112" percent="26">
    <mem type="nursery" free="0" total="939524096" percent="0">
      <mem type="allocate" free="0" total="690880512" percent="0" />
      <mem type="survivor" free="0" total="248643584" percent="0" />
    </mem>
    <mem type="tenure" free="786940480" total="2018902016" percent="38">
      <mem type="soa" free="766751296" total="1998712832" percent="38" />
      <mem type="loa" free="20189184" total="20189184" percent="100" />
    </mem>
    <remembered-set count="237610" />
  </mem-info>
</gc-start>
<allocation-stats totalBytes="632519376" >
  <allocated-bytes non-tlh="29501968" tlh="603017408" />
  <largest-consumer threadName="Group1.Backend.CompositeBackend{Tier1}.4" threadId="0000000000EA6100" bytes="98276872" />
</allocation-stats>
<gc-op id="7291" type="scavenge" timems="59.883" contextid="7288" timestamp="2020-09-11T10:37:03.678">
  <scavenger-info tenureage="4" tenuremask="7ff0" tiltratio="73" />
  <memory-copied type="nursery" objects="2789789" bytes="74090208" bytesdiscarded="166392" />
  <finalization candidates="7" enqueued="0" />
  <ownableSynchronizers candidates="10355" cleared="1642" />
  <references type="soft" candidates="8596" cleared="0" enqueued="0" dynamicThreshold="12" maxThreshold="32" />
  <references type="weak" candidates="255" cleared="98" enqueued="0" />
</gc-op>
<gc-end id="7292" type="scavenge" contextid="7288" durationms="60.787" usertimems="454.505" systemtimems="0.902" timestamp="2020-09-11T10:37:03.679" activeThreads="8">
  <mem-info id="7293" free="1432951944" total="2958426112" percent="48">
    <mem type="nursery" free="646011464" total="939524096" percent="68">
      <mem type="allocate" free="646011464" total="720306176" percent="89" />
      <mem type="survivor" free="0" total="219217920" percent="0" />
    </mem>
    <mem type="tenure" free="786940480" total="2018902016" percent="38" macro-fragmented="0">
      <mem type="soa" free="766751296" total="1998712832" percent="38" />
      <mem type="loa" free="20189184" total="20189184" percent="100" />
    </mem>
    <remembered-set count="151719" />
  </mem-info>
</gc-end>
<cycle-end id="7294" type="scavenge" contextid="7288" timestamp="2020-09-11T10:37:03.681" />
<allocation-satisfied id="7295" threadId="0000000000910900" bytesRequested="256" />
<af-end id="7296" timestamp="2020-09-11T10:37:03.681" threadId="0000000000911280" success="true" from="nursery"/>
<exclusive-end id="7297" timestamp="2020-09-11T10:37:03.681" durationms="64.053" />

<exclusive-start id="7298" timestamp="2020-09-11T10:37:04.576" intervalms="958.876">
  <response-info timems="0.418" idlems="0.418" threads="0" lastid="0000000000E22D00" lastname="Group1.Backend.CompositeBackend{Tier1}.3" />
</exclusive-start>
<af-start id="7299" threadId="0000000000E23680" totalBytesRequested="96" timestamp="2020-09-11T10:37:04.577" intervalms="958.943" type="nursery" />
<cycle-start id="7300" type="scavenge" contextid="0" timestamp="2020-09-11T10:37:04.577" intervalms="958.909" />
<gc-start id="7301" type="scavenge" contextid="7300" timestamp="2020-09-11T10:37:04.577">
  <mem-info id="7302" free="786939552" total="2958426112" percent="26">
    <mem type="nursery" free="0" total="939524096" percent="0">
      <mem type="allocate" free="0" total="720306176" percent="0" />
      <mem type="survivor" free="0" total="219217920" percent="0" />
    </mem>
    <mem type="tenure" free="786939552" total="2018902016" percent="38">
      <mem type="soa" free="766750368" total="1998712832" percent="38" />
      <mem type="loa" free="20189184" total="20189184" percent="100" />
    </mem>
    <remembered-set count="263396" />
  </mem-info>
</gc-start>
<allocation-stats totalBytes="645605080" >
  <allocated-bytes non-tlh="5358728" tlh="640246352" />
  <largest-consumer threadName="Group1.Backend.CompositeBackend{Tier1}.4" threadId="0000000000EA6100" bytes="101483584" />
</allocation-stats>
<gc-op id="7303" type="scavenge" timems="92.523" contextid="7300" timestamp="2020-09-11T10:37:04.670">
  <scavenger-info tenureage="4" tenuremask="7ff0" tiltratio="76" />
  <memory-copied type="nursery" objects="2997210" bytes="80135256" bytesdiscarded="118704" />
  <memory-copied type="tenure" objects="381678" bytes="9858808" bytesdiscarded="5272" />
  <finalization candidates="7" enqueued="0" />
  <ownableSynchronizers candidates="13305" cleared="2378" />
  <references type="soft" candidates="9480" cleared="0" enqueued="0" dynamicThreshold="12" maxThreshold="32" />
  <references type="weak" candidates="223" cleared="69" enqueued="0" />
</gc-op>
<gc-end id="7304" type="scavenge" contextid="7300" durationms="93.436" usertimems="597.713" systemtimems="10.509" timestamp="2020-09-11T10:37:04.670" activeThreads="8">
  <mem-info id="7305" free="1441166464" total="2958426112" percent="48">
    <mem type="nursery" free="664578424" total="939524096" percent="70">
      <mem type="allocate" free="664578424" total="744882176" percent="89" />
      <mem type="survivor" free="0" total="194641920" percent="0" />
    </mem>
    <mem type="tenure" free="776588040" total="2018902016" percent="38" macro-fragmented="0">
      <mem type="soa" free="756398856" total="1998712832" percent="37" />
      <mem type="loa" free="20189184" total="20189184" percent="100" />
    </mem>
    <remembered-set count="126096" />
  </mem-info>
</gc-end>
<cycle-end id="7306" type="scavenge" contextid="7300" timestamp="2020-09-11T10:37:04.671" />
<allocation-satisfied id="7307" threadId="0000000000E22D00" bytesRequested="96" />
<af-end id="7308" timestamp="2020-09-11T10:37:04.671" threadId="0000000000E23680" success="true" from="nursery"/>
<exclusive-end id="7309" timestamp="2020-09-11T10:37:04.671" durationms="95.129" />

<exclusive-start id="7310" timestamp="2020-09-11T10:37:05.390" intervalms="814.251">
  <response-info timems="0.735" idlems="0.427" threads="1" lastid="0000000000EA6100" lastname="Group1.Backend.CompositeBackend{Tier1}.4" />
</exclusive-start>
<af-start id="7311" threadId="0000000000A64780" totalBytesRequested="16" timestamp="2020-09-11T10:37:05.391" intervalms="814.211" type="nursery" />
<cycle-start id="7312" type="scavenge" contextid="0" timestamp="2020-09-11T10:37:05.391" intervalms="814.204" />
<gc-start id="7313" type="scavenge" contextid="7312" timestamp="2020-09-11T10:37:05.391">
  <mem-info id="7314" free="776588040" total="2958426112" percent="26">
    <mem type="nursery" free="0" total="939524096" percent="0">
      <mem type="allocate" free="0" total="744882176" percent="0" />
      <mem type="survivor" free="0" total="194641920" percent="0" />
    </mem>
    <mem type="tenure" free="776588040" total="2018902016" percent="38">
      <mem type="soa" free="756398856" total="1998712832" percent="37" />
      <mem type="loa" free="20189184" total="20189184" percent="100" />
    </mem>
    <remembered-set count="224486" />
  </mem-info>
</gc-start>
<allocation-stats totalBytes="664213880" >
  <allocated-bytes non-tlh="26193336" tlh="638020544" />
  <largest-consumer threadName="Group1.Backend.CompositeBackend{Tier1}.7" threadId="0000000000927500" bytes="93767624" />
</allocation-stats>
<gc-op id="7315" type="scavenge" timems="68.557" contextid="7312" timestamp="2020-09-11T10:37:05.460">
  <scavenger-info tenureage="4" tenuremask="7ff0" tiltratio="79" />
  <memory-copied type="nursery" objects="2467036" bytes="66553744" bytesdiscarded="208216" />
  <memory-copied type="tenure" objects="1022917" bytes="27128776" bytesdiscarded="9712" />
  <finalization candidates="6" enqueued="0" />
  <ownableSynchronizers candidates="12930" cleared="1441" />
  <references type="soft" candidates="7807" cleared="0" enqueued="0" dynamicThreshold="12" maxThreshold="32" />
  <references type="weak" candidates="234" cleared="94" enqueued="0" />
</gc-op>
<gc-end id="7316" type="scavenge" contextid="7312" durationms="69.508" usertimems="519.098" systemtimems="0.000" timestamp="2020-09-11T10:37:05.461" activeThreads="8">
  <mem-info id="7317" free="1448473816" total="2958426112" percent="48">
    <mem type="nursery" free="699050456" total="939524096" percent="74">
      <mem type="allocate" free="699050456" total="765853696" percent="91" />
      <mem type="survivor" free="0" total="173670400" percent="0" />
    </mem>
    <mem type="tenure" free="749423360" total="2018902016" percent="37" macro-fragmented="0">
      <mem type="soa" free="729234176" total="1998712832" percent="36" />
      <mem type="loa" free="20189184" total="20189184" percent="100" />
    </mem>
    <remembered-set count="68818" />
  </mem-info>
</gc-end>
<cycle-end id="7318" type="scavenge" contextid="7312" timestamp="2020-09-11T10:37:05.461" />
<allocation-satisfied id="7319" threadId="0000000000A63E00" bytesRequested="16" />
<af-end id="7320" timestamp="2020-09-11T10:37:05.461" threadId="0000000000A64780" success="true" from="nursery"/>
<exclusive-end id="7321" timestamp="2020-09-11T10:37:05.461" durationms="71.110" />

<exclusive-start id="7322" timestamp="2020-09-11T10:37:06.355" intervalms="964.778">
  <response-info timems="0.605" idlems="0.605" threads="0" lastid="0000000000EA6100" lastname="Group1.Backend.CompositeBackend{Tier1}.4" />
</exclusive-start>
<af-start id="7323" threadId="0000000000EA6A80" totalBytesRequested="136" timestamp="2020-09-11T10:37:06.356" intervalms="964.842" type="nursery" />
<cycle-start id="7324" type="scavenge" contextid="0" timestamp="2020-09-11T10:37:06.356" intervalms="964.857" />
<gc-start id="7325" type="scavenge" contextid="7324" timestamp="2020-09-11T10:37:06.356">
  <mem-info id="7326" free="749423360" total="2958426112" percent="25">
    <mem type="nursery" free="0" total="939524096" percent="0">
      <mem type="allocate" free="0" total="765853696" percent="0" />
      <mem type="survivor" free="0" total="173670400" percent="0" />
    </mem>
    <mem type="tenure" free="749423360" total="2018902016" percent="37">
      <mem type="soa" free="729234176" total="1998712832" percent="36" />
      <mem type="loa" free="20189184" total="20189184" percent="100" />
    </mem>
    <remembered-set count="178936" />
  </mem-info>
</gc-start>
<allocation-stats totalBytes="698613456" >
  <allocated-bytes non-tlh="10941136" tlh="687672320" />
  <largest-consumer threadName="Group1.Backend.CompositeBackend{Tier1}.7" threadId="0000000000927500" bytes="109909496" />
</allocation-stats>
<gc-op id="7327" type="scavenge" timems="74.912" contextid="7324" timestamp="2020-09-11T10:37:06.431">
  <scavenger-info tenureage="5" tenuremask="7fe0" tiltratio="81" />
  <memory-copied type="nursery" objects="3320414" bytes="88769888" bytesdiscarded="152416" />
  <finalization candidates="2" enqueued="0" />
  <ownableSynchronizers candidates="11852" cleared="1708" />
  <references type="soft" candidates="10062" cleared="0" enqueued="0" dynamicThreshold="12" maxThreshold="32" />
  <references type="weak" candidates="253" cleared="86" enqueued="0" />
</gc-op>
<gc-end id="7328" type="scavenge" contextid="7324" durationms="75.888" usertimems="565.020" systemtimems="9.784" timestamp="2020-09-11T10:37:06.432" activeThreads="8">
  <mem-info id="7329" free="1436131776" total="2958426112" percent="48">
    <mem type="nursery" free="686708416" total="939524096" percent="73">
      <mem type="allocate" free="686708416" total="775684096" percent="88" />
      <mem type="survivor" free="0" total="163840000" percent="0" />
    </mem>
    <mem type="tenure" free="749423360" total="2018902016" percent="37" macro-fragmented="11146344">
      <mem type="soa" free="729234176" total="1998712832" percent="36" />
      <mem type="loa" free="20189184" total="20189184" percent="100" />
    </mem>
    <remembered-set count="79985" />
  </mem-info>
</gc-end>
<cycle-end id="7330" type="scavenge" contextid="7324" timestamp="2020-09-11T10:37:06.433" />
<allocation-satisfied id="7331" threadId="0000000000EA6100" bytesRequested="136" />
<af-end id="7332" timestamp="2020-09-11T10:37:06.433" threadId="0000000000EA6A80" success="true" from="nursery"/>
<exclusive-end id="7333" timestamp="2020-09-11T10:37:06.433" durationms="77.639" />

</verbosegc>

