<?xml version="1.0" ?>

<verbosegc xmlns="http://www.ibm.com/j9/verbosegc" version="c1dd04cca_CMPRSS">

!@: MM_VerboseWriterFileLoggingSynchronous::openFile

!@: After Trigger

<exclusive-start id="2495" timestamp="2020-09-11T10:23:35.009" intervalms="2171.623">
  <response-info timems="0.513" idlems="0.371" threads="2" lastid="0000000000843D00" lastname="Group1.Backend.CompositeBackend{Tier1}.6" />
</exclusive-start>
<af-start id="2496" threadId="00000000007F8880" totalBytesRequested="64" timestamp="2020-09-11T10:23:35.010" intervalms="2171.766" type="nursery" />
<cycle-start id="2497" type="scavenge" contextid="0" timestamp="2020-09-11T10:23:35.010" intervalms="2171.744" />
<gc-start id="2498" type="scavenge" contextid="2497" timestamp="2020-09-11T10:23:35.010">
  <mem-info id="2499" free="835780056" total="2821586944" percent="29">
    <mem type="nursery" free="0" total="939524096" percent="0">
      <mem type="allocate" free="0" total="800260096" percent="0" />
      <mem type="survivor" free="0" total="139264000" percent="0" />
    </mem>
    <mem type="tenure" free="835780056" total="1882062848" percent="44">
      <mem type="soa" free="704035288" total="1750318080" percent="40" />
      <mem type="loa" free="131744768" total="131744768" percent="100" />
    </mem>
    <remembered-set count="195268" />
  </mem-info>
</gc-start>
<allocation-stats totalBytes="687028880" >
  <allocated-bytes non-tlh="26301696" tlh="660727184" />
  <largest-consumer threadName="Group1.Backend.CompositeBackend{Tier1}.3" threadId="0000000000856800" bytes="96074632" />
</allocation-stats>
<gc-op id="2500" type="scavenge" timems="96.801" contextid="2497" timestamp="2020-09-11T10:23:35.107">
  <scavenger-info tenureage="3" tenuremask="7ff8" tiltratio="85" />
  <memory-copied type="nursery" objects="4193597" bytes="111836040" bytesdiscarded="243568" />
  <memory-copied type="tenure" objects="1068580" bytes="28751776" bytesdiscarded="43856" />
  <ownableSynchronizers candidates="6491" cleared="5190" />
  <references type="soft" candidates="1014" cleared="0" enqueued="0" dynamicThreshold="18" maxThreshold="32" />
  <references type="weak" candidates="112" cleared="112" enqueued="0" />
</gc-op>
<gc-end id="2501" type="scavenge" contextid="2497" durationms="97.873" usertimems="702.826" systemtimems="0.000" timestamp="2020-09-11T10:23:35.108" activeThreads="8">
  <mem-info id="2502" free="1497776824" total="2821586944" percent="53">
    <mem type="nursery" free="690716920" total="939524096" percent="73">
      <mem type="allocate" free="690716920" total="802881536" percent="86" />
      <mem type="survivor" free="0" total="136642560" percent="0" />
    </mem>
    <mem type="tenure" free="807059904" total="1882062848" percent="42" macro-fragmented="262160">
      <mem type="soa" free="675315136" total="1750318080" percent="38" />
      <mem type="loa" free="131744768" total="131744768" percent="100" />
    </mem>
    <remembered-set count="31414" />
  </mem-info>
</gc-end>
<cycle-end id="2503" type="scavenge" contextid="2497" timestamp="2020-09-11T10:23:35.109" />
<allocation-satisfied id="2504" threadId="00000000007F7F00" bytesRequested="64" />
<af-end id="2505" timestamp="2020-09-11T10:23:35.109" threadId="00000000007F8880" success="true" from="nursery"/>
<exclusive-end id="2506" timestamp="2020-09-11T10:23:35.109" durationms="100.373" />

<exclusive-start id="2507" timestamp="2020-09-11T10:23:37.083" intervalms="2074.572">
  <response-info timems="1.830" idlems="1.830" threads="0" lastid="0000000000837900" lastname="Group1.Backend.CompositeBackend{Tier1}.8" />
</exclusive-start>
<af-start id="2508" threadId="0000000000838280" totalBytesRequested="24" timestamp="2020-09-11T10:23:37.084" intervalms="2074.314" type="nursery" />
<cycle-start id="2509" type="scavenge" contextid="0" timestamp="2020-09-11T10:23:37.084" intervalms="2074.326" />
<gc-start id="2510" type="scavenge" contextid="2509" timestamp="2020-09-11T10:23:37.085">
  <mem-info id="2511" free="807059904" total="2821586944" percent="28">
    <mem type="nursery" free="0" total="939524096" percent="0">
      <mem type="allocate" free="0" total="802881536" percent="0" />
      <mem type="survivor" free="0" total="136642560" percent="0" />
    </mem>
    <mem type="tenure" free="807059904" total="1882062848" percent="42">
      <mem type="soa" free="675315136" total="1750318080" percent="38" />
      <mem type="loa" free="131744768" total="131744768" percent="100" />
    </mem>
    <remembered-set count="194262" />
  </mem-info>
</gc-start>
<allocation-stats totalBytes="690377752" >
  <allocated-bytes non-tlh="37367664" tlh="653010088" />
  <largest-consumer threadName="Group1.Backend.CompositeBackend{Tier1}.6" threadId="0000000000843D00" bytes="97855656" />
</allocation-stats>
<gc-op id="2512" type="scavenge" timems="99.675" contextid="2509" timestamp="2020-09-11T10:23:37.184">
  <scavenger-info tenureage="3" tenuremask="7ff8" tiltratio="85" />
  <memory-copied type="nursery" objects="4001359" bytes="107430144" bytesdiscarded="188000" />
  <memory-copied type="tenure" objects="1097516" bytes="29635528" bytesdiscarded="58632" />
  <ownableSynchronizers candidates="5905" cleared="4648" />
  <references type="soft" candidates="939" cleared="0" enqueued="0" dynamicThreshold="18" maxThreshold="32" />
  <references type="weak" candidates="120" cleared="119" enqueued="0" />
</gc-op>
<gc-end id="2513" type="scavenge" contextid="2509" durationms="100.726" usertimems="752.746" systemtimems="0.000" timestamp="2020-09-11T10:23:37.185" activeThreads="8">
  <mem-info id="2514" free="1474882184" total="2821586944" percent="52">
    <mem type="nursery" free="697474048" total="939524096" percent="74">
      <mem type="allocate" free="697474048" total="805175296" percent="86" />
      <mem type="survivor" free="0" total="134348800" percent="0" />
    </mem>
    <mem type="tenure" free="777408136" total="1882062848" percent="41" macro-fragmented="1048608">
      <mem type="soa" free="645663368" total="1750318080" percent="36" />
      <mem type="loa" free="131744768" total="131744768" percent="100" />
    </mem>
    <remembered-set count="31759" />
  </mem-info>
</gc-end>
<cycle-end id="2515" type="scavenge" contextid="2509" timestamp="2020-09-11T10:23:37.187" />
<allocation-satisfied id="2516" threadId="0000000000837900" bytesRequested="24" />
<af-end id="2517" timestamp="2020-09-11T10:23:37.187" threadId="0000000000838280" success="true" from="nursery"/>
<exclusive-end id="2518" timestamp="2020-09-11T10:23:37.187" durationms="103.750" />

<exclusive-start id="2519" timestamp="2020-09-11T10:23:39.297" intervalms="2213.495">
  <response-info timems="4.094" idlems="2.072" threads="1" lastid="0000000000854300" lastname="Group1.Backend.CompositeBackend{Tier1}.7" />
</exclusive-start>
<af-start id="2520" threadId="0000000000842F80" totalBytesRequested="16" timestamp="2020-09-11T10:23:39.298" intervalms="2213.649" type="nursery" />
<cycle-start id="2521" type="scavenge" contextid="0" timestamp="2020-09-11T10:23:39.298" intervalms="2213.653" />
<gc-start id="2522" type="scavenge" contextid="2521" timestamp="2020-09-11T10:23:39.298">
  <mem-info id="2523" free="777408136" total="2821586944" percent="27">
    <mem type="nursery" free="0" total="939524096" percent="0">
      <mem type="allocate" free="0" total="805175296" percent="0" />
      <mem type="survivor" free="0" total="134348800" percent="0" />
    </mem>
    <mem type="tenure" free="777408136" total="1882062848" percent="41">
      <mem type="soa" free="645663368" total="1750318080" percent="36" />
      <mem type="loa" free="131744768" total="131744768" percent="100" />
    </mem>
    <remembered-set count="198993" />
  </mem-info>
</gc-start>
<allocation-stats totalBytes="697133512" >
  <allocated-bytes non-tlh="26581528" tlh="670551984" />
  <largest-consumer threadName="Group1.Backend.CompositeBackend{Tier1}.4" threadId="0000000000842600" bytes="99312416" />
</allocation-stats>
<gc-op id="2524" type="scavenge" timems="123.579" contextid="2521" timestamp="2020-09-11T10:23:39.422">
  <scavenger-info tenureage="3" tenuremask="7ff8" tiltratio="85" />
  <memory-copied type="nursery" objects="4463164" bytes="119007248" bytesdiscarded="206216" />
  <memory-copied type="tenure" objects="1016754" bytes="27329344" bytesdiscarded="35608" />
  <ownableSynchronizers candidates="6673" cleared="5452" />
  <references type="soft" candidates="857" cleared="0" enqueued="0" dynamicThreshold="18" maxThreshold="32" />
  <references type="weak" candidates="118" cleared="117" enqueued="0" />
</gc-op>
<gc-end id="2525" type="scavenge" contextid="2521" durationms="124.866" usertimems="881.998" systemtimems="0.000" timestamp="2020-09-11T10:23:39.423" activeThreads="8">
  <mem-info id="2526" free="1426154104" total="2821586944" percent="50">
    <mem type="nursery" free="676301360" total="939524096" percent="71">
      <mem type="allocate" free="676301360" total="795607040" percent="85" />
      <mem type="survivor" free="0" total="143917056" percent="0" />
    </mem>
    <mem type="tenure" free="749852744" total="1882062848" percent="39" macro-fragmented="1310760">
      <mem type="soa" free="618107976" total="1750318080" percent="35" />
      <mem type="loa" free="131744768" total="131744768" percent="100" />
    </mem>
    <remembered-set count="32156" />
  </mem-info>
</gc-end>
<cycle-end id="2527" type="scavenge" contextid="2521" timestamp="2020-09-11T10:23:39.424" />
<allocation-satisfied id="2528" threadId="0000000000842600" bytesRequested="16" />
<af-end id="2529" timestamp="2020-09-11T10:23:39.424" threadId="0000000000842F80" success="true" from="nursery"/>
<exclusive-end id="2530" timestamp="2020-09-11T10:23:39.424" durationms="127.577" />

<exclusive-start id="2531" timestamp="2020-09-11T10:23:41.301" intervalms="2004.011">
  <response-info timems="0.704" idlems="0.704" threads="0" lastid="00000000007F6F00" lastname="Group1.Backend.CompositeBackend{Tier1}.2" />
</exclusive-start>
<af-start id="2532" threadId="00000000007F7880" totalBytesRequested="16" timestamp="2020-09-11T10:23:41.302" intervalms="2003.743" type="nursery" />
<cycle-start id="2533" type="scavenge" contextid="0" timestamp="2020-09-11T10:23:41.302" intervalms="2003.717" />
<gc-start id="2534" type="scavenge" contextid="2533" timestamp="2020-09-11T10:23:41.302">
  <mem-info id="2535" free="749852744" total="2821586944" percent="26">
    <mem type="nursery" free="0" total="939524096" percent="0">
      <mem type="allocate" free="0" total="795607040" percent="0" />
      <mem type="survivor" free="0" total="143917056" percent="0" />
    </mem>
    <mem type="tenure" free="749852744" total="1882062848" percent="39">
      <mem type="soa" free="618107976" total="1750318080" percent="35" />
      <mem type="loa" free="131744768" total="131744768" percent="100" />
    </mem>
    <remembered-set count="192913" />
  </mem-info>
</gc-start>
<allocation-stats totalBytes="675964248" >
  <allocated-bytes non-tlh="34950064" tlh="641014184" />
  <largest-consumer threadName="Group1.Backend.CompositeBackend{Tier1}.2" threadId="00000000007F6F00" bytes="102899072" />
</allocation-stats>
<gc-op id="2536" type="scavenge" timems="126.045" contextid="2533" timestamp="2020-09-11T10:23:41.428">
  <scavenger-info tenureage="3" tenuremask="7ff8" tiltratio="84" />
  <memory-copied type="nursery" objects="4155997" bytes="111308280" bytesdiscarded="181112" />
  <memory-copied type="tenure" objects="1121811" bytes="30183128" bytesdiscarded="49600" />
  <ownableSynchronizers candidates="6159" cleared="5062" />
  <references type="soft" candidates="851" cleared="0" enqueued="0" dynamicThreshold="18" maxThreshold="32" />
  <references type="weak" candidates="122" cleared="122" enqueued="0" />
</gc-op>
<gc-end id="2537" type="scavenge" contextid="2533" durationms="127.433" usertimems="951.910" systemtimems="10.269" timestamp="2020-09-11T10:23:41.429" activeThreads="8">
  <mem-info id="2538" free="1405863128" total="2821586944" percent="49">
    <mem type="nursery" free="686128632" total="939524096" percent="73">
      <mem type="allocate" free="686128632" total="797704192" percent="86" />
      <mem type="survivor" free="0" total="141819904" percent="0" />
    </mem>
    <mem type="tenure" free="719734496" total="1882062848" percent="38" macro-fragmented="1048608">
      <mem type="soa" free="587989728" total="1750318080" percent="33" />
      <mem type="loa" free="131744768" total="131744768" percent="100" />
    </mem>
    <remembered-set count="32801" />
  </mem-info>
</gc-end>
<cycle-end id="2539" type="scavenge" contextid="2533" timestamp="2020-09-11T10:23:41.431" />
<allocation-satisfied id="2540" threadId="00000000007F6F00" bytesRequested="16" />
<af-end id="2541" timestamp="2020-09-11T10:23:41.431" threadId="00000000007F7880" success="true" from="nursery"/>
<exclusive-end id="2542" timestamp="2020-09-11T10:23:41.431" durationms="129.983" />

<exclusive-start id="2543" timestamp="2020-09-11T10:23:43.382" intervalms="2081.443">
  <response-info timems="7.461" idlems="7.461" threads="0" lastid="0000000000842600" lastname="Group1.Backend.CompositeBackend{Tier1}.4" />
</exclusive-start>
<af-start id="2544" threadId="0000000000842F80" totalBytesRequested="304" timestamp="2020-09-11T10:23:43.383" intervalms="2081.810" type="nursery" />
<cycle-start id="2545" type="scavenge" contextid="0" timestamp="2020-09-11T10:23:43.384" intervalms="2081.860" />
<gc-start id="2546" type="scavenge" contextid="2545" timestamp="2020-09-11T10:23:43.384">
  <mem-info id="2547" free="719734496" total="2821586944" percent="25">
    <mem type="nursery" free="0" total="939524096" percent="0">
      <mem type="allocate" free="0" total="797704192" percent="0" />
      <mem type="survivor" free="0" total="141819904" percent="0" />
    </mem>
    <mem type="tenure" free="719734496" total="1882062848" percent="38">
      <mem type="soa" free="587989728" total="1750318080" percent="33" />
      <mem type="loa" free="131744768" total="131744768" percent="100" />
    </mem>
    <remembered-set count="195171" />
  </mem-info>
</gc-start>
<allocation-stats totalBytes="685803832" >
  <allocated-bytes non-tlh="34221568" tlh="651582264" />
  <largest-consumer threadName="Group1.Backend.CompositeBackend{Tier1}.6" threadId="0000000000843D00" bytes="86491784" />
</allocation-stats>
<gc-op id="2548" type="scavenge" timems="113.835" contextid="2545" timestamp="2020-09-11T10:23:43.498">
  <scavenger-info tenureage="3" tenuremask="7ff8" tiltratio="84" />
  <memory-copied type="nursery" objects="4326086" bytes="115222408" bytesdiscarded="175784" />
  <memory-copied type="tenure" objects="1080546" bytes="29032664" bytesdiscarded="55920" />
  <ownableSynchronizers candidates="4937" cleared="3916" />
  <references type="soft" candidates="817" cleared="0" enqueued="0" dynamicThreshold="18" maxThreshold="32" />
  <references type="weak" candidates="118" cleared="118" enqueued="0" />
</gc-op>
<gc-end id="2549" type="scavenge" contextid="2545" durationms="114.970" usertimems="865.650" systemtimems="18.139" timestamp="2020-09-11T10:23:43.499" activeThreads="8">
  <mem-info id="2550" free="1374455888" total="2821586944" percent="48">
    <mem type="nursery" free="683920608" total="939524096" percent="72">
      <mem type="allocate" free="683920608" total="799408128" percent="85" />
      <mem type="survivor" free="0" total="140115968" percent="0" />
    </mem>
    <mem type="tenure" free="690535280" total="1882062848" percent="36" macro-fragmented="0">
      <mem type="soa" free="558790512" total="1750318080" percent="31" />
      <mem type="loa" free="131744768" total="131744768" percent="100" />
    </mem>
    <remembered-set count="30601" />
  </mem-info>
</gc-end>
<cycle-end id="2551" type="scavenge" contextid="2545" timestamp="2020-09-11T10:23:43.500" />
<allocation-satisfied id="2552" threadId="0000000000842600" bytesRequested="304" />
<af-end id="2553" timestamp="2020-09-11T10:23:43.500" threadId="0000000000842F80" success="true" from="nursery"/>
<exclusive-end id="2554" timestamp="2020-09-11T10:23:43.500" durationms="117.588" />

<exclusive-start id="2555" timestamp="2020-09-11T10:23:45.530" intervalms="2147.243">
  <response-info timems="6.810" idlems="6.810" threads="0" lastid="00000000007F6F00" lastname="Group1.Backend.CompositeBackend{Tier1}.2" />
</exclusive-start>
<af-start id="2556" threadId="00000000007F7880" totalBytesRequested="32" timestamp="2020-09-11T10:23:45.530" intervalms="2146.976" type="nursery" />
<cycle-start id="2557" type="scavenge" contextid="0" timestamp="2020-09-11T10:23:45.530" intervalms="2146.937" />
<gc-start id="2558" type="scavenge" contextid="2557" timestamp="2020-09-11T10:23:45.531">
  <mem-info id="2559" free="690535280" total="2821586944" percent="24">
    <mem type="nursery" free="0" total="939524096" percent="0">
      <mem type="allocate" free="0" total="799408128" percent="0" />
      <mem type="survivor" free="0" total="140115968" percent="0" />
    </mem>
    <mem type="tenure" free="690535280" total="1882062848" percent="36">
      <mem type="soa" free="558790512" total="1750318080" percent="31" />
      <mem type="loa" free="131744768" total="131744768" percent="100" />
    </mem>
    <remembered-set count="194907" />
  </mem-info>
</gc-start>
<allocation-stats totalBytes="683581208" >
  <allocated-bytes non-tlh="29094448" tlh="654486760" />
  <largest-consumer threadName="Group1.Backend.CompositeBackend{Tier1}.8" threadId="0000000000837900" bytes="87716920" />
</allocation-stats>
<gc-op id="2560" type="scavenge" timems="91.083" contextid="2557" timestamp="2020-09-11T10:23:45.622">
  <scavenger-info tenureage="3" tenuremask="7ff8" tiltratio="85" />
  <memory-copied type="nursery" objects="4071878" bytes="109191976" bytesdiscarded="630184" />
  <memory-copied type="tenure" objects="1165309" bytes="31333744" bytesdiscarded="68808" />
  <ownableSynchronizers candidates="5383" cleared="4402" />
  <references type="soft" candidates="766" cleared="0" enqueued="0" dynamicThreshold="18" maxThreshold="32" />
  <references type="weak" candidates="133" cleared="132" enqueued="0" />
</gc-op>
<gc-end id="2561" type="scavenge" contextid="2557" durationms="92.631" usertimems="721.210" systemtimems="0.000" timestamp="2020-09-11T10:23:45.623" activeThreads="8">
  <mem-info id="2562" free="1350921704" total="2821586944" percent="47">
    <mem type="nursery" free="691732480" total="939524096" percent="73">
      <mem type="allocate" free="691732480" total="801636352" percent="86" />
      <mem type="survivor" free="0" total="137887744" percent="0" />
    </mem>
    <mem type="tenure" free="659189224" total="1882062848" percent="35" macro-fragmented="0">
      <mem type="soa" free="527444456" total="1750318080" percent="30" />
      <mem type="loa" free="131744768" total="131744768" percent="100" />
    </mem>
    <remembered-set count="30148" />
  </mem-info>
</gc-end>
<cycle-end id="2563" type="scavenge" contextid="2557" timestamp="2020-09-11T10:23:45.625" />
<allocation-satisfied id="2564" threadId="00000000007F6F00" bytesRequested="32" />
<af-end id="2565" timestamp="2020-09-11T10:23:45.625" threadId="00000000007F7880" success="true" from="nursery"/>
<exclusive-end id="2566" timestamp="2020-09-11T10:23:45.625" durationms="95.343" />

<exclusive-start id="2567" timestamp="2020-09-11T10:23:47.604" intervalms="2074.856">
  <response-info timems="0.269" idlems="0.269" threads="0" lastid="00000000007F6F00" lastname="Group1.Backend.CompositeBackend{Tier1}.2" />
</exclusive-start>
<af-start id="2568" threadId="00000000007F7880" totalBytesRequested="16" timestamp="2020-09-11T10:23:47.605" intervalms="2074.755" type="nursery" />
<cycle-start id="2569" type="scavenge" contextid="0" timestamp="2020-09-11T10:23:47.605" intervalms="2074.745" />
<gc-start id="2570" type="scavenge" contextid="2569" timestamp="2020-09-11T10:23:47.606">
  <mem-info id="2571" free="659189224" total="2821586944" percent="23">
    <mem type="nursery" free="0" total="939524096" percent="0">
      <mem type="allocate" free="0" total="801636352" percent="0" />
      <mem type="survivor" free="0" total="137887744" percent="0" />
    </mem>
    <mem type="tenure" free="659189224" total="1882062848" percent="35">
      <mem type="soa" free="527444456" total="1750318080" percent="30" />
      <mem type="loa" free="131744768" total="131744768" percent="100" />
    </mem>
    <remembered-set count="193455" />
  </mem-info>
</gc-start>
<allocation-stats totalBytes="691396120" >
  <allocated-bytes non-tlh="33245040" tlh="658151080" />
  <largest-consumer threadName="Group1.Backend.CompositeBackend{Tier1}.8" threadId="0000000000837900" bytes="104887352" />
</allocation-stats>
<gc-op id="2572" type="scavenge" timems="114.810" contextid="2569" timestamp="2020-09-11T10:23:47.720">
  <scavenger-info tenureage="3" tenuremask="7ff8" tiltratio="85" />
  <memory-copied type="nursery" objects="4683239" bytes="122587760" bytesdiscarded="286048" />
  <memory-copied type="tenure" objects="1056842" bytes="28421088" bytesdiscarded="49600" />
  <ownableSynchronizers candidates="4660" cleared="3808" />
  <references type="soft" candidates="729" cleared="0" enqueued="0" dynamicThreshold="18" maxThreshold="32" />
  <references type="weak" candidates="108" cleared="108" enqueued="0" />
</gc-op>
<gc-end id="2573" type="scavenge" contextid="2569" durationms="115.998" usertimems="859.425" systemtimems="0.000" timestamp="2020-09-11T10:23:47.721" activeThreads="8">
  <mem-info id="2574" free="1297953160" total="2821586944" percent="46">
    <mem type="nursery" free="667144648" total="939524096" percent="71">
      <mem type="allocate" free="667144648" total="790102016" percent="84" />
      <mem type="survivor" free="0" total="149422080" percent="0" />
    </mem>
    <mem type="tenure" free="630808512" total="1882062848" percent="33" macro-fragmented="1048608">
      <mem type="soa" free="499063744" total="1750318080" percent="28" />
      <mem type="loa" free="131744768" total="131744768" percent="100" />
    </mem>
    <remembered-set count="30882" />
  </mem-info>
</gc-end>
<cycle-end id="2575" type="scavenge" contextid="2569" timestamp="2020-09-11T10:23:47.722" />
<allocation-satisfied id="2576" threadId="00000000007F6F00" bytesRequested="16" />
<af-end id="2577" timestamp="2020-09-11T10:23:47.722" threadId="00000000007F7880" success="true" from="nursery"/>
<exclusive-end id="2578" timestamp="2020-09-11T10:23:47.722" durationms="117.985" />

<exclusive-start id="2579" timestamp="2020-09-11T10:23:49.664" intervalms="2059.803">
  <response-info timems="1.230" idlems="1.115" threads="1" lastid="0000000000843100" lastname="Group1.Backend.CompositeBackend{Tier1}.5" />
</exclusive-start>
<af-start id="2580" threadId="0000000000838280" totalBytesRequested="16" timestamp="2020-09-11T10:23:49.665" intervalms="2059.968" type="nursery" />
<cycle-start id="2581" type="scavenge" contextid="0" timestamp="2020-09-11T10:23:49.665" intervalms="2060.017" />
<gc-start id="2582" type="scavenge" contextid="2581" timestamp="2020-09-11T10:23:49.666">
  <mem-info id="2583" free="630808512" total="2821586944" percent="22">
    <mem type="nursery" free="0" total="939524096" percent="0">
      <mem type="allocate" free="0" total="790102016" percent="0" />
      <mem type="survivor" free="0" total="149422080" percent="0" />
    </mem>
    <mem type="tenure" free="630808512" total="1882062848" percent="33">
      <mem type="soa" free="499063744" total="1750318080" percent="28" />
      <mem type="loa" free="131744768" total="131744768" percent="100" />
    </mem>
    <remembered-set count="193218" />
  </mem-info>
</gc-start>
<allocation-stats totalBytes="666822912" >
  <allocated-bytes non-tlh="31222856" tlh="635600056" />
  <largest-consumer threadName="Group1.Backend.CompositeBackend{Tier1}.7" threadId="0000000000854300" bytes="115372600" />
</allocation-stats>
<gc-op id="2584" type="scavenge" timems="120.002" contextid="2581" timestamp="2020-09-11T10:23:49.786">
  <scavenger-info tenureage="3" tenuremask="7ff8" tiltratio="84" />
  <memory-copied type="nursery" objects="4739104" bytes="124577040" bytesdiscarded="273680" />
  <memory-copied type="tenure" objects="1094668" bytes="29420312" bytesdiscarded="73272" />
  <ownableSynchronizers candidates="3857" cleared="3128" />
  <references type="soft" candidates="691" cleared="0" enqueued="0" dynamicThreshold="18" maxThreshold="32" />
  <references type="weak" candidates="113" cleared="113" enqueued="0" />
</gc-op>
<gc-end id="2585" type="scavenge" contextid="2581" durationms="121.126" usertimems="901.117" systemtimems="0.110" timestamp="2020-09-11T10:23:49.787" activeThreads="8">
  <mem-info id="2586" free="1272635000" total="2821586944" percent="45">
    <mem type="nursery" free="671263704" total="939524096" percent="71">
      <mem type="allocate" free="671263704" total="796196864" percent="84" />
      <mem type="survivor" free="0" total="143327232" percent="0" />
    </mem>
    <mem type="tenure" free="601371296" total="1882062848" percent="31" macro-fragmented="0">
      <mem type="soa" free="469626528" total="1750318080" percent="26" />
      <mem type="loa" free="131744768" total="131744768" percent="100" />
    </mem>
    <remembered-set count="31479" />
  </mem-info>
</gc-end>
<cycle-end id="2587" type="scavenge" contextid="2581" timestamp="2020-09-11T10:23:49.788" />
<allocation-satisfied id="2588" threadId="0000000000837900" bytesRequested="16" />
<af-end id="2589" timestamp="2020-09-11T10:23:49.788" threadId="0000000000838280" success="true" from="nursery"/>
<exclusive-end id="2590" timestamp="2020-09-11T10:23:49.788" durationms="123.471" />

<exclusive-start id="2591" timestamp="2020-09-11T10:23:51.714" intervalms="2050.115">
  <response-info timems="4.341" idlems="4.341" threads="0" lastid="0000000000854300" lastname="Group1.Backend.CompositeBackend{Tier1}.7" />
</exclusive-start>
<af-start id="2592" threadId="0000000000854C80" totalBytesRequested="524296" timestamp="2020-09-11T10:23:51.716" intervalms="2051.018" type="nursery" />
<cycle-start id="2593" type="scavenge" contextid="0" timestamp="2020-09-11T10:23:51.716" intervalms="2051.124" />
<gc-start id="2594" type="scavenge" contextid="2593" timestamp="2020-09-11T10:23:51.719">
  <mem-info id="2595" free="601427800" total="2821586944" percent="21">
    <mem type="nursery" free="56504" total="939524096" percent="0">
      <mem type="allocate" free="56504" total="796196864" percent="0" />
      <mem type="survivor" free="0" total="143327232" percent="0" />
    </mem>
    <mem type="tenure" free="601371296" total="1882062848" percent="31">
      <mem type="soa" free="469626528" total="1750318080" percent="26" />
      <mem type="loa" free="131744768" total="131744768" percent="100" />
    </mem>
    <remembered-set count="193684" />
  </mem-info>
</gc-start>
<allocation-stats totalBytes="670886736" >
  <allocated-bytes non-tlh="32309024" tlh="638577712" />
  <largest-consumer threadName="Group1.Backend.CompositeBackend{Tier1}.1" threadId="0000000000785E00" bytes="96985136" />
</allocation-stats>
<gc-op id="2596" type="scavenge" timems="134.306" contextid="2593" timestamp="2020-09-11T10:23:51.853">
  <scavenger-info tenureage="3" tenuremask="7ff8" tiltratio="84" />
  <memory-copied type="nursery" objects="4258450" bytes="113182872" bytesdiscarded="185832" />
  <memory-copied type="tenure" objects="1116436" bytes="30024480" bytesdiscarded="68152" />
  <ownableSynchronizers candidates="4860" cleared="4148" />
  <references type="soft" candidates="682" cleared="0" enqueued="0" dynamicThreshold="18" maxThreshold="32" />
  <references type="weak" candidates="113" cleared="113" enqueued="0" />
</gc-op>
<gc-end id="2597" type="scavenge" contextid="2593" durationms="137.219" usertimems="1009.707" systemtimems="9.045" timestamp="2020-09-11T10:23:51.854" activeThreads="8">
  <mem-info id="2598" free="1254700144" total="2821586944" percent="44">
    <mem type="nursery" free="683529464" total="939524096" percent="72">
      <mem type="allocate" free="683529464" total="796983296" percent="85" />
      <mem type="survivor" free="0" total="142540800" percent="0" />
    </mem>
    <mem type="tenure" free="571170680" total="1882062848" percent="30" macro-fragmented="0">
      <mem type="soa" free="439425912" total="1750318080" percent="25" />
      <mem type="loa" free="131744768" total="131744768" percent="100" />
    </mem>
    <remembered-set count="32723" />
  </mem-info>
</gc-end>
<cycle-end id="2599" type="scavenge" contextid="2593" timestamp="2020-09-11T10:23:51.855" />
<allocation-satisfied id="2600" threadId="0000000000854300" bytesRequested="524296" />
<af-end id="2601" timestamp="2020-09-11T10:23:51.855" threadId="0000000000854C80" success="true" from="nursery"/>
<exclusive-end id="2602" timestamp="2020-09-11T10:23:51.855" durationms="140.809" />

<exclusive-start id="2603" timestamp="2020-09-11T10:23:53.848" intervalms="2133.360">
  <response-info timems="0.452" idlems="0.229" threads="1" lastid="0000000000854300" lastname="Group1.Backend.CompositeBackend{Tier1}.7" />
</exclusive-start>
<af-start id="2604" threadId="00000000007F7880" totalBytesRequested="16" timestamp="2020-09-11T10:23:53.848" intervalms="2132.360" type="nursery" />
<cycle-start id="2605" type="scavenge" contextid="0" timestamp="2020-09-11T10:23:53.849" intervalms="2132.220" />
<gc-start id="2606" type="scavenge" contextid="2605" timestamp="2020-09-11T10:23:53.849">
  <mem-info id="2607" free="571170680" total="2821586944" percent="20">
    <mem type="nursery" free="0" total="939524096" percent="0">
      <mem type="allocate" free="0" total="796983296" percent="0" />
      <mem type="survivor" free="0" total="142540800" percent="0" />
    </mem>
    <mem type="tenure" free="571170680" total="1882062848" percent="30">
      <mem type="soa" free="439425912" total="1750318080" percent="25" />
      <mem type="loa" free="131744768" total="131744768" percent="100" />
    </mem>
    <remembered-set count="196696" />
  </mem-info>
</gc-start>
<allocation-stats totalBytes="683191280" >
  <allocated-bytes non-tlh="30929232" tlh="652262048" />
  <largest-consumer threadName="Group1.Backend.CompositeBackend{Tier1}.3" threadId="0000000000856800" bytes="85638112" />
</allocation-stats>
<gc-op id="2608" type="scavenge" timems="88.861" contextid="2605" timestamp="2020-09-11T10:23:53.938">
  <scavenger-info tenureage="3" tenuremask="7ff8" tiltratio="84" />
  <memory-copied type="nursery" objects="4128181" bytes="110647384" bytesdiscarded="115520" />
  <memory-copied type="tenure" objects="1103802" bytes="29666992" bytesdiscarded="63200" />
  <ownableSynchronizers candidates="4479" cleared="3808" />
  <references type="soft" candidates="660" cleared="0" enqueued="0" dynamicThreshold="18" maxThreshold="32" />
  <references type="weak" candidates="119" cleared="119" enqueued="0" />
</gc-op>
<gc-end id="2609" type="scavenge" contextid="2605" durationms="89.760" usertimems="688.160" systemtimems="0.000" timestamp="2020-09-11T10:23:53.939" activeThreads="8">
  <mem-info id="2610" free="1230690688" total="2821586944" percent="43">
    <mem type="nursery" free="689276672" total="939524096" percent="73">
      <mem type="allocate" free="689276672" total="800129024" percent="86" />
      <mem type="survivor" free="0" total="139395072" percent="0" />
    </mem>
    <mem type="tenure" free="541414016" total="1882062848" percent="28" macro-fragmented="0">
      <mem type="soa" free="409669248" total="1750318080" percent="23" />
      <mem type="loa" free="131744768" total="131744768" percent="100" />
    </mem>
    <remembered-set count="32180" />
  </mem-info>
</gc-end>
<cycle-end id="2611" type="scavenge" contextid="2605" timestamp="2020-09-11T10:23:53.939" />
<allocation-satisfied id="2612" threadId="00000000007F6F00" bytesRequested="16" />
<af-end id="2613" timestamp="2020-09-11T10:23:53.939" threadId="00000000007F7880" success="true" from="nursery"/>
<exclusive-end id="2614" timestamp="2020-09-11T10:23:53.939" durationms="91.741" />

<exclusive-start id="2615" timestamp="2020-09-11T10:23:55.880" intervalms="2032.556">
  <response-info timems="0.337" idlems="0.337" threads="0" lastid="0000000000856800" lastname="Group1.Backend.CompositeBackend{Tier1}.3" />
</exclusive-start>
<af-start id="2616" threadId="0000000000857180" totalBytesRequested="120" timestamp="2020-09-11T10:23:55.881" intervalms="2032.580" type="nursery" />
<cycle-start id="2617" type="scavenge" contextid="0" timestamp="2020-09-11T10:23:55.881" intervalms="2032.606" />
<gc-start id="2618" type="scavenge" contextid="2617" timestamp="2020-09-11T10:23:55.882">
  <mem-info id="2619" free="541414016" total="2821586944" percent="19">
    <mem type="nursery" free="0" total="939524096" percent="0">
      <mem type="allocate" free="0" total="800129024" percent="0" />
      <mem type="survivor" free="0" total="139395072" percent="0" />
    </mem>
    <mem type="tenure" free="541414016" total="1882062848" percent="28">
      <mem type="soa" free="409669248" total="1750318080" percent="23" />
      <mem type="loa" free="131744768" total="131744768" percent="100" />
    </mem>
    <remembered-set count="193272" />
  </mem-info>
</gc-start>
<allocation-stats totalBytes="688948216" >
  <allocated-bytes non-tlh="34702856" tlh="654245360" />
  <largest-consumer threadName="Group1.Backend.CompositeBackend{Tier1}.5" threadId="0000000000843100" bytes="95666296" />
</allocation-stats>
<gc-op id="2620" type="scavenge" timems="98.601" contextid="2617" timestamp="2020-09-11T10:23:55.980">
  <scavenger-info tenureage="3" tenuremask="7ff8" tiltratio="85" />
  <memory-copied type="nursery" objects="4329776" bytes="114979680" bytesdiscarded="238296" />
  <memory-copied type="tenure" objects="1098241" bytes="29525648" bytesdiscarded="75112" />
  <ownableSynchronizers candidates="3838" cleared="3196" />
  <references type="soft" candidates="669" cleared="0" enqueued="0" dynamicThreshold="18" maxThreshold="32" />
  <references type="weak" candidates="115" cleared="114" enqueued="0" />
</gc-op>
<gc-end id="2621" type="scavenge" contextid="2617" durationms="100.167" usertimems="742.959" systemtimems="8.434" timestamp="2020-09-11T10:23:55.982" activeThreads="8">
  <mem-info id="2622" free="1197878240" total="2821586944" percent="42">
    <mem type="nursery" free="685935864" total="939524096" percent="73">
      <mem type="allocate" free="685935864" total="801243136" percent="85" />
      <mem type="survivor" free="0" total="138280960" percent="0" />
    </mem>
    <mem type="tenure" free="511942376" total="1882062848" percent="27" macro-fragmented="0">
      <mem type="soa" free="380197608" total="1750318080" percent="21" />
      <mem type="loa" free="131744768" total="131744768" percent="100" />
    </mem>
    <remembered-set count="30402" />
  </mem-info>
</gc-end>
<cycle-end id="2623" type="scavenge" contextid="2617" timestamp="2020-09-11T10:23:55.983" />
<allocation-satisfied id="2624" threadId="0000000000856800" bytesRequested="120" />
<af-end id="2625" timestamp="2020-09-11T10:23:55.983" threadId="0000000000857180" success="true" from="nursery"/>
<exclusive-end id="2626" timestamp="2020-09-11T10:23:55.983" durationms="102.819" />

<exclusive-start id="2627" timestamp="2020-09-11T10:23:57.971" intervalms="2090.199">
  <response-info timems="5.349" idlems="5.349" threads="0" lastid="0000000000843D00" lastname="Group1.Backend.CompositeBackend{Tier1}.6" />
</exclusive-start>
<af-start id="2628" threadId="0000000000844680" totalBytesRequested="32" timestamp="2020-09-11T10:23:57.971" intervalms="2090.191" type="nursery" />
<cycle-start id="2629" type="scavenge" contextid="0" timestamp="2020-09-11T10:23:57.971" intervalms="2090.160" />
<gc-start id="2630" type="scavenge" contextid="2629" timestamp="2020-09-11T10:23:57.972">
  <mem-info id="2631" free="511942376" total="2821586944" percent="18">
    <mem type="nursery" free="0" total="939524096" percent="0">
      <mem type="allocate" free="0" total="801243136" percent="0" />
      <mem type="survivor" free="0" total="138280960" percent="0" />
    </mem>
    <mem type="tenure" free="511942376" total="1882062848" percent="27">
      <mem type="soa" free="380197608" total="1750318080" percent="21" />
      <mem type="loa" free="131744768" total="131744768" percent="100" />
    </mem>
    <remembered-set count="192266" />
  </mem-info>
</gc-start>
<allocation-stats totalBytes="685586136" >
  <allocated-bytes non-tlh="33319800" tlh="652266336" />
  <largest-consumer threadName="Group1.Backend.CompositeBackend{Tier1}.2" threadId="00000000007F6F00" bytes="97578752" />
</allocation-stats>
<gc-op id="2632" type="scavenge" timems="113.290" contextid="2629" timestamp="2020-09-11T10:23:58.085">
  <scavenger-info tenureage="3" tenuremask="7ff8" tiltratio="85" />
  <memory-copied type="nursery" objects="4257797" bytes="113445016" bytesdiscarded="235616" />
  <memory-copied type="tenure" objects="1076592" bytes="28931024" bytesdiscarded="66664" />
  <ownableSynchronizers candidates="4196" cleared="3536" />
  <references type="soft" candidates="641" cleared="0" enqueued="0" dynamicThreshold="18" maxThreshold="32" />
  <references type="weak" candidates="122" cleared="122" enqueued="0" />
</gc-op>
<gc-end id="2633" type="scavenge" contextid="2629" durationms="114.666" usertimems="876.032" systemtimems="0.000" timestamp="2020-09-11T10:23:58.086" activeThreads="8">
  <mem-info id="2634" free="1172334096" total="2821586944" percent="41">
    <mem type="nursery" free="689383168" total="939524096" percent="73">
      <mem type="allocate" free="689383168" total="803143680" percent="85" />
      <mem type="survivor" free="0" total="136380416" percent="0" />
    </mem>
    <mem type="tenure" free="482950928" total="1882062848" percent="25" macro-fragmented="868149">
      <mem type="soa" free="351206160" total="1750318080" percent="20" />
      <mem type="loa" free="131744768" total="131744768" percent="100" />
    </mem>
    <remembered-set count="29414" />
  </mem-info>
</gc-end>
<cycle-end id="2635" type="scavenge" contextid="2629" timestamp="2020-09-11T10:23:58.088" />
<allocation-satisfied id="2636" threadId="0000000000843D00" bytesRequested="32" />
<af-end id="2637" timestamp="2020-09-11T10:23:58.088" threadId="0000000000844680" success="true" from="nursery"/>
<exclusive-end id="2638" timestamp="2020-09-11T10:23:58.088" durationms="117.817" />

<exclusive-start id="2639" timestamp="2020-09-11T10:24:00.102" intervalms="2131.722">
  <response-info timems="0.404" idlems="0.404" threads="0" lastid="0000000000854300" lastname="Group1.Backend.CompositeBackend{Tier1}.7" />
</exclusive-start>
<af-start id="2640" threadId="0000000000854C80" totalBytesRequested="48" timestamp="2020-09-11T10:24:00.103" intervalms="2131.887" type="nursery" />
<cycle-start id="2641" type="scavenge" contextid="0" timestamp="2020-09-11T10:24:00.103" intervalms="2131.910" />
<gc-start id="2642" type="scavenge" contextid="2641" timestamp="2020-09-11T10:24:00.104">
  <mem-info id="2643" free="482950928" total="2821586944" percent="17">
    <mem type="nursery" free="0" total="939524096" percent="0">
      <mem type="allocate" free="0" total="803143680" percent="0" />
      <mem type="survivor" free="0" total="136380416" percent="0" />
    </mem>
    <mem type="tenure" free="482950928" total="1882062848" percent="25">
      <mem type="soa" free="351206160" total="1750318080" percent="20" />
      <mem type="loa" free="131744768" total="131744768" percent="100" />
    </mem>
    <remembered-set count="193775" />
  </mem-info>
</gc-start>
<allocation-stats totalBytes="689040376" >
  <allocated-bytes non-tlh="31683528" tlh="657356848" />
  <largest-consumer threadName="Group1.Backend.CompositeBackend{Tier1}.2" threadId="00000000007F6F00" bytes="86306768" />
</allocation-stats>
<gc-op id="2644" type="scavenge" timems="96.377" contextid="2641" timestamp="2020-09-11T10:24:00.200">
  <scavenger-info tenureage="3" tenuremask="7ff8" tiltratio="85" />
  <memory-copied type="nursery" objects="4073026" bytes="109402560" bytesdiscarded="282800" />
  <memory-copied type="tenure" objects="1105623" bytes="29738560" bytesdiscarded="75872" />
  <ownableSynchronizers candidates="4383" cleared="3740" />
  <references type="soft" candidates="652" cleared="0" enqueued="0" dynamicThreshold="18" maxThreshold="32" />
  <references type="weak" candidates="119" cleared="118" enqueued="0" />
</gc-op>
<gc-end id="2645" type="scavenge" contextid="2641" durationms="97.749" usertimems="755.207" systemtimems="0.530" timestamp="2020-09-11T10:24:00.201" activeThreads="8">
  <mem-info id="2646" free="1148380040" total="2821586944" percent="40">
    <mem type="nursery" free="695208448" total="939524096" percent="73">
      <mem type="allocate" free="695208448" total="804978688" percent="86" />
      <mem type="survivor" free="0" total="134545408" percent="0" />
    </mem>
    <mem type="tenure" free="453171592" total="1882062848" percent="24" macro-fragmented="2621480">
      <mem type="soa" free="321426824" total="1750318080" percent="18" />
      <mem type="loa" free="131744768" total="131744768" percent="100" />
    </mem>
    <remembered-set count="30122" />
  </mem-info>
</gc-end>
<cycle-end id="2647" type="scavenge" contextid="2641" timestamp="2020-09-11T10:24:00.203" />
<allocation-satisfied id="2648" threadId="0000000000854300" bytesRequested="48" />
<af-end id="2649" timestamp="2020-09-11T10:24:00.203" threadId="0000000000854C80" success="true" from="nursery"/>
<exclusive-end id="2650" timestamp="2020-09-11T10:24:00.203" durationms="100.576" />

<exclusive-start id="2651" timestamp="2020-09-11T10:24:02.197" intervalms="2095.084">
  <response-info timems="0.242" idlems="0.242" threads="0" lastid="0000000000843100" lastname="Group1.Backend.CompositeBackend{Tier1}.5" />
</exclusive-start>
<af-start id="2652" threadId="0000000000843A80" totalBytesRequested="16" timestamp="2020-09-11T10:24:02.198" intervalms="2094.956" type="nursery" />
<cycle-start id="2653" type="scavenge" contextid="0" timestamp="2020-09-11T10:24:02.198" intervalms="2094.930" />
<gc-start id="2654" type="scavenge" contextid="2653" timestamp="2020-09-11T10:24:02.199">
  <mem-info id="2655" free="453171592" total="2821586944" percent="16">
    <mem type="nursery" free="0" total="939524096" percent="0">
      <mem type="allocate" free="0" total="804978688" percent="0" />
      <mem type="survivor" free="0" total="134545408" percent="0" />
    </mem>
    <mem type="tenure" free="453171592" total="1882062848" percent="24">
      <mem type="soa" free="321426824" total="1750318080" percent="18" />
      <mem type="loa" free="131744768" total="131744768" percent="100" />
    </mem>
    <remembered-set count="193804" />
  </mem-info>
</gc-start>
<allocation-stats totalBytes="694873832" >
  <allocated-bytes non-tlh="37170888" tlh="657702944" />
  <largest-consumer threadName="Group1.Backend.CompositeBackend{Tier1}.5" threadId="0000000000843100" bytes="91127328" />
</allocation-stats>
<gc-op id="2656" type="scavenge" timems="90.227" contextid="2653" timestamp="2020-09-11T10:24:02.289">
  <scavenger-info tenureage="3" tenuremask="7ff8" tiltratio="85" />
  <memory-copied type="nursery" objects="4096926" bytes="109953648" bytesdiscarded="326816" />
  <memory-copied type="tenure" objects="1073882" bytes="28877616" bytesdiscarded="82480" />
  <ownableSynchronizers candidates="4664" cleared="4012" />
  <references type="soft" candidates="682" cleared="0" enqueued="0" dynamicThreshold="18" maxThreshold="32" />
  <references type="weak" candidates="127" cleared="127" enqueued="0" />
</gc-op>
<gc-end id="2657" type="scavenge" contextid="2653" durationms="91.218" usertimems="691.686" systemtimems="0.000" timestamp="2020-09-11T10:24:02.290" activeThreads="8">
  <mem-info id="2658" free="1121033736" total="2821586944" percent="39">
    <mem type="nursery" free="696775936" total="939524096" percent="74">
      <mem type="allocate" free="696775936" total="807141376" percent="86" />
      <mem type="survivor" free="0" total="132382720" percent="0" />
    </mem>
    <mem type="tenure" free="424257800" total="1882062848" percent="22" macro-fragmented="0">
      <mem type="soa" free="292513032" total="1750318080" percent="16" />
      <mem type="loa" free="131744768" total="131744768" percent="100" />
    </mem>
    <remembered-set count="31429" />
  </mem-info>
</gc-end>
<cycle-end id="2659" type="scavenge" contextid="2653" timestamp="2020-09-11T10:24:02.291" />
<allocation-satisfied id="2660" threadId="0000000000843100" bytesRequested="16" />
<af-end id="2661" timestamp="2020-09-11T10:24:02.291" threadId="0000000000843A80" success="true" from="nursery"/>
<exclusive-end id="2662" timestamp="2020-09-11T10:24:02.291" durationms="93.614" />

<exclusive-start id="2663" timestamp="2020-09-11T10:24:04.408" intervalms="2210.358">
  <response-info timems="2.259" idlems="1.981" threads="1" lastid="0000000000843D00" lastname="Group1.Backend.CompositeBackend{Tier1}.6" />
</exclusive-start>
<af-start id="2664" threadId="0000000000838280" totalBytesRequested="80" timestamp="2020-09-11T10:24:04.408" intervalms="2210.252" type="nursery" />
<cycle-start id="2665" type="scavenge" contextid="0" timestamp="2020-09-11T10:24:04.408" intervalms="2210.280" />
<gc-start id="2666" type="scavenge" contextid="2665" timestamp="2020-09-11T10:24:04.409">
  <mem-info id="2667" free="424257800" total="2821586944" percent="15">
    <mem type="nursery" free="0" total="939524096" percent="0">
      <mem type="allocate" free="0" total="807141376" percent="0" />
      <mem type="survivor" free="0" total="132382720" percent="0" />
    </mem>
    <mem type="tenure" free="424257800" total="1882062848" percent="22">
      <mem type="soa" free="292513032" total="1750318080" percent="16" />
      <mem type="loa" free="131744768" total="131744768" percent="100" />
    </mem>
    <remembered-set count="199424" />
  </mem-info>
</gc-start>
<allocation-stats totalBytes="696447864" >
  <allocated-bytes non-tlh="28004112" tlh="668443752" />
  <largest-consumer threadName="Group1.Backend.CompositeBackend{Tier1}.8" threadId="0000000000837900" bytes="90109928" />
</allocation-stats>
<gc-op id="2668" type="scavenge" timems="128.795" contextid="2665" timestamp="2020-09-11T10:24:04.538">
  <scavenger-info tenureage="3" tenuremask="7ff8" tiltratio="85" />
  <memory-copied type="nursery" objects="4172072" bytes="111918352" bytesdiscarded="155368" />
  <memory-copied type="tenure" objects="1091935" bytes="29370480" bytesdiscarded="94088" />
  <ownableSynchronizers candidates="4842" cleared="4148" />
  <references type="soft" candidates="712" cleared="0" enqueued="0" dynamicThreshold="18" maxThreshold="32" />
  <references type="weak" candidates="108" cleared="108" enqueued="0" />
</gc-op>
<gc-end id="2669" type="scavenge" contextid="2665" durationms="130.070" usertimems="915.363" systemtimems="3.231" timestamp="2020-09-11T10:24:04.539" activeThreads="8">
  <mem-info id="2670" free="1090736032" total="2821586944" percent="38">
    <mem type="nursery" free="695956480" total="939524096" percent="74">
      <mem type="allocate" free="695956480" total="808124416" percent="86" />
      <mem type="survivor" free="0" total="131399680" percent="0" />
    </mem>
    <mem type="tenure" free="394779552" total="1882062848" percent="20" macro-fragmented="0">
      <mem type="soa" free="263034784" total="1750318080" percent="15" />
      <mem type="loa" free="131744768" total="131744768" percent="100" />
    </mem>
    <remembered-set count="32667" />
  </mem-info>
</gc-end>
<cycle-end id="2671" type="scavenge" contextid="2665" timestamp="2020-09-11T10:24:04.540" />
<allocation-satisfied id="2672" threadId="0000000000837900" bytesRequested="80" />
<af-end id="2673" timestamp="2020-09-11T10:24:04.540" threadId="0000000000838280" success="true" from="nursery"/>
<exclusive-end id="2674" timestamp="2020-09-11T10:24:04.540" durationms="132.142" />

<exclusive-start id="2675" timestamp="2020-09-11T10:24:06.467" intervalms="2059.042">
  <response-info timems="0.467" idlems="0.467" threads="0" lastid="0000000000854300" lastname="Group1.Backend.CompositeBackend{Tier1}.7" />
</exclusive-start>
<af-start id="2676" threadId="0000000000854C80" totalBytesRequested="16" timestamp="2020-09-11T10:24:06.467" intervalms="2059.096" type="nursery" />
<cycle-start id="2677" type="scavenge" contextid="0" timestamp="2020-09-11T10:24:06.468" intervalms="2059.069" />
<gc-start id="2678" type="scavenge" contextid="2677" timestamp="2020-09-11T10:24:06.468">
  <mem-info id="2679" free="394779552" total="2821586944" percent="13">
    <mem type="nursery" free="0" total="939524096" percent="0">
      <mem type="allocate" free="0" total="808124416" percent="0" />
      <mem type="survivor" free="0" total="131399680" percent="0" />
    </mem>
    <mem type="tenure" free="394779552" total="1882062848" percent="20">
      <mem type="soa" free="263034784" total="1750318080" percent="15" />
      <mem type="loa" free="131744768" total="131744768" percent="100" />
    </mem>
    <remembered-set count="194136" />
  </mem-info>
</gc-start>
<allocation-stats totalBytes="695628584" >
  <allocated-bytes non-tlh="35481208" tlh="660147376" />
  <largest-consumer threadName="Group1.Backend.CompositeBackend{Tier1}.2" threadId="00000000007F6F00" bytes="105323912" />
</allocation-stats>
<gc-op id="2680" type="scavenge" timems="103.771" contextid="2677" timestamp="2020-09-11T10:24:06.572">
  <scavenger-info tenureage="3" tenuremask="7ff8" tiltratio="86" />
  <memory-copied type="nursery" objects="4142541" bytes="111187208" bytesdiscarded="559312" />
  <memory-copied type="tenure" objects="1110872" bytes="29880968" bytesdiscarded="110312" />
  <ownableSynchronizers candidates="5011" cleared="4282" />
  <references type="soft" candidates="733" cleared="0" enqueued="0" dynamicThreshold="18" maxThreshold="32" />
  <references type="weak" candidates="112" cleared="112" enqueued="0" />
</gc-op>
<gc-end id="2681" type="scavenge" contextid="2677" durationms="104.987" usertimems="769.144" systemtimems="0.000" timestamp="2020-09-11T10:24:06.573" activeThreads="8">
  <mem-info id="2682" free="1062277048" total="2821586944" percent="37">
    <mem type="nursery" free="697475552" total="939524096" percent="74">
      <mem type="allocate" free="697475552" total="809304064" percent="86" />
      <mem type="survivor" free="0" total="130220032" percent="0" />
    </mem>
    <mem type="tenure" free="364801496" total="1882062848" percent="19" macro-fragmented="0">
      <mem type="soa" free="233056728" total="1750318080" percent="13" />
      <mem type="loa" free="131744768" total="131744768" percent="100" />
    </mem>
    <remembered-set count="32659" />
  </mem-info>
</gc-end>
<cycle-end id="2683" type="scavenge" contextid="2677" timestamp="2020-09-11T10:24:06.574" />
<allocation-satisfied id="2684" threadId="0000000000854300" bytesRequested="16" />
<af-end id="2685" timestamp="2020-09-11T10:24:06.574" threadId="0000000000854C80" success="true" from="nursery"/>
<exclusive-end id="2686" timestamp="2020-09-11T10:24:06.575" durationms="107.972" />

<exclusive-start id="2687" timestamp="2020-09-11T10:24:08.604" intervalms="2137.439">
  <response-info timems="0.422" idlems="0.422" threads="0" lastid="0000000000785E00" lastname="Group1.Backend.CompositeBackend{Tier1}.1" />
</exclusive-start>
<af-start id="2688" threadId="0000000000786780" totalBytesRequested="24" timestamp="2020-09-11T10:24:08.605" intervalms="2137.509" type="nursery" />
<cycle-start id="2689" type="scavenge" contextid="0" timestamp="2020-09-11T10:24:08.605" intervalms="2137.512" />
<gc-start id="2690" type="scavenge" contextid="2689" timestamp="2020-09-11T10:24:08.605">
  <mem-info id="2691" free="364801496" total="2821586944" percent="12">
    <mem type="nursery" free="0" total="939524096" percent="0">
      <mem type="allocate" free="0" total="809304064" percent="0" />
      <mem type="survivor" free="0" total="130220032" percent="0" />
    </mem>
    <mem type="tenure" free="364801496" total="1882062848" percent="19">
      <mem type="soa" free="233056728" total="1750318080" percent="13" />
      <mem type="loa" free="131744768" total="131744768" percent="100" />
    </mem>
    <remembered-set count="197042" />
  </mem-info>
</gc-start>
<allocation-stats totalBytes="697146112" >
  <allocated-bytes non-tlh="32224928" tlh="664921184" />
  <largest-consumer threadName="Group1.Backend.CompositeBackend{Tier1}.1" threadId="0000000000785E00" bytes="109816392" />
</allocation-stats>
<gc-op id="2692" type="scavenge" timems="134.598" contextid="2689" timestamp="2020-09-11T10:24:08.740">
  <scavenger-info tenureage="3" tenuremask="7ff8" tiltratio="86" />
  <memory-copied type="nursery" objects="4506837" bytes="120243680" bytesdiscarded="272488" />
  <memory-copied type="tenure" objects="1082772" bytes="29067176" bytesdiscarded="103632" />
  <ownableSynchronizers candidates="4824" cleared="4080" />
  <references type="soft" candidates="739" cleared="0" enqueued="0" dynamicThreshold="18" maxThreshold="32" />
  <references type="weak" candidates="107" cleared="107" enqueued="0" />
</gc-op>
<gc-end id="2693" type="scavenge" contextid="2689" durationms="135.880" usertimems="996.548" systemtimems="4.624" timestamp="2020-09-11T10:24:08.741" activeThreads="8">
  <mem-info id="2694" free="1012598696" total="2821586944" percent="35">
    <mem type="nursery" free="676971656" total="939524096" percent="72">
      <mem type="allocate" free="676971656" total="797573120" percent="84" />
      <mem type="survivor" free="0" total="141950976" percent="0" />
    </mem>
    <mem type="tenure" free="335627040" total="1882062848" percent="17" macro-fragmented="0">
      <mem type="soa" free="203882272" total="1750318080" percent="11" />
      <mem type="loa" free="131744768" total="131744768" percent="100" />
    </mem>
    <remembered-set count="30419" />
  </mem-info>
</gc-end>
<cycle-end id="2695" type="scavenge" contextid="2689" timestamp="2020-09-11T10:24:08.745" />
<allocation-satisfied id="2696" threadId="0000000000785E00" bytesRequested="24" />
<af-end id="2697" timestamp="2020-09-11T10:24:08.745" threadId="0000000000786780" success="true" from="nursery"/>
<exclusive-end id="2698" timestamp="2020-09-11T10:24:08.745" durationms="140.796" />

<exclusive-start id="2699" timestamp="2020-09-11T10:24:10.621" intervalms="2016.566">
  <response-info timems="0.463" idlems="0.463" threads="0" lastid="0000000000843100" lastname="Group1.Backend.CompositeBackend{Tier1}.5" />
</exclusive-start>
<af-start id="2700" threadId="0000000000843A80" totalBytesRequested="24" timestamp="2020-09-11T10:24:10.622" intervalms="2016.620" type="nursery" />
<cycle-start id="2701" type="scavenge" contextid="0" timestamp="2020-09-11T10:24:10.622" intervalms="2016.645" />
<gc-start id="2702" type="scavenge" contextid="2701" timestamp="2020-09-11T10:24:10.622">
  <mem-info id="2703" free="335627040" total="2821586944" percent="11">
    <mem type="nursery" free="0" total="939524096" percent="0">
      <mem type="allocate" free="0" total="797573120" percent="0" />
      <mem type="survivor" free="0" total="141950976" percent="0" />
    </mem>
    <mem type="tenure" free="335627040" total="1882062848" percent="17">
      <mem type="soa" free="203882272" total="1750318080" percent="11" />
      <mem type="loa" free="131744768" total="131744768" percent="100" />
    </mem>
    <remembered-set count="191246" />
  </mem-info>
</gc-start>
<allocation-stats totalBytes="676637456" >
  <allocated-bytes non-tlh="34636128" tlh="642001328" />
  <largest-consumer threadName="Group1.Backend.CompositeBackend{Tier1}.4" threadId="0000000000842600" bytes="95987256" />
</allocation-stats>
<gc-op id="2704" type="scavenge" timems="123.003" contextid="2701" timestamp="2020-09-11T10:24:10.745">
  <scavenger-info tenureage="3" tenuremask="7ff8" tiltratio="84" />
  <memory-copied type="nursery" objects="4530680" bytes="119908992" bytesdiscarded="227704" />
  <memory-copied type="tenure" objects="1137963" bytes="30582416" bytesdiscarded="106456" />
  <ownableSynchronizers candidates="4543" cleared="3808" />
  <references type="soft" candidates="726" cleared="0" enqueued="0" dynamicThreshold="18" maxThreshold="32" />
  <references type="weak" candidates="122" cleared="122" enqueued="0" />
</gc-op>
<gc-end id="2705" type="scavenge" contextid="2701" durationms="127.040" usertimems="919.730" systemtimems="2.895" timestamp="2020-09-11T10:24:10.749" activeThreads="8">
  <mem-info id="2706" free="988074376" total="2821586944" percent="35">
    <mem type="nursery" free="683187864" total="939524096" percent="72">
      <mem type="allocate" free="683187864" total="803405824" percent="85" />
      <mem type="survivor" free="0" total="136118272" percent="0" />
    </mem>
    <mem type="tenure" free="304886512" total="1882062848" percent="16" macro-fragmented="0">
      <mem type="soa" free="173141744" total="1750318080" percent="9" />
      <mem type="loa" free="131744768" total="131744768" percent="100" />
    </mem>
    <remembered-set count="29777" />
  </mem-info>
</gc-end>
<cycle-end id="2707" type="scavenge" contextid="2701" timestamp="2020-09-11T10:24:10.751" />
<allocation-satisfied id="2708" threadId="0000000000843100" bytesRequested="24" />
<af-end id="2709" timestamp="2020-09-11T10:24:10.751" threadId="0000000000843A80" success="true" from="nursery"/>
<exclusive-end id="2710" timestamp="2020-09-11T10:24:10.751" durationms="130.629" />

<exclusive-start id="2711" timestamp="2020-09-11T10:24:12.815" intervalms="2193.978">
  <response-info timems="0.695" idlems="0.402" threads="1" lastid="0000000000843100" lastname="Group1.Backend.CompositeBackend{Tier1}.5" />
</exclusive-start>
<af-start id="2712" threadId="0000000000786780" totalBytesRequested="784" timestamp="2020-09-11T10:24:12.816" intervalms="2193.984" type="nursery" />
<cycle-start id="2713" type="scavenge" contextid="0" timestamp="2020-09-11T10:24:12.816" intervalms="2193.957" />
<gc-start id="2714" type="scavenge" contextid="2713" timestamp="2020-09-11T10:24:12.816">
  <mem-info id="2715" free="304886512" total="2821586944" percent="10">
    <mem type="nursery" free="0" total="939524096" percent="0">
      <mem type="allocate" free="0" total="803405824" percent="0" />
      <mem type="survivor" free="0" total="136118272" percent="0" />
    </mem>
    <mem type="tenure" free="304886512" total="1882062848" percent="16">
      <mem type="soa" free="173141744" total="1750318080" percent="9" />
      <mem type="loa" free="131744768" total="131744768" percent="100" />
    </mem>
    <remembered-set count="195005" />
  </mem-info>
</gc-start>
<allocation-stats totalBytes="682854576" >
  <allocated-bytes non-tlh="29113104" tlh="653741472" />
  <largest-consumer threadName="Group1.Backend.CompositeBackend{Tier1}.7" threadId="0000000000854300" bytes="91582072" />
</allocation-stats>
<gc-op id="2716" type="scavenge" timems="128.278" contextid="2713" timestamp="2020-09-11T10:24:12.944">
  <scavenger-info tenureage="3" tenuremask="7ff8" tiltratio="85" />
  <memory-copied type="nursery" objects="4777954" bytes="126057976" bytesdiscarded="490440" />
  <memory-copied type="tenure" objects="1080232" bytes="29171408" bytesdiscarded="109800" />
  <ownableSynchronizers candidates="4812" cleared="4080" />
  <references type="soft" candidates="720" cleared="0" enqueued="0" dynamicThreshold="18" maxThreshold="32" />
  <references type="weak" candidates="87" cleared="87" enqueued="0" />
</gc-op>
<gc-end id="2717" type="scavenge" contextid="2713" durationms="129.131" usertimems="958.008" systemtimems="0.000" timestamp="2020-09-11T10:24:12.945" activeThreads="8">
  <mem-info id="2718" free="942816320" total="2821586944" percent="33">
    <mem type="nursery" free="667199928" total="939524096" percent="71">
      <mem type="allocate" free="667199928" total="793837568" percent="84" />
      <mem type="survivor" free="0" total="145686528" percent="0" />
    </mem>
    <mem type="tenure" free="275616392" total="1882062848" percent="14" macro-fragmented="0">
      <mem type="soa" free="143871624" total="1750318080" percent="8" />
      <mem type="loa" free="131744768" total="131744768" percent="100" />
    </mem>
    <remembered-set count="30213" />
  </mem-info>
</gc-end>
<cycle-end id="2719" type="scavenge" contextid="2713" timestamp="2020-09-11T10:24:12.946" />
<allocation-satisfied id="2720" threadId="0000000000785E00" bytesRequested="784" />
<af-end id="2721" timestamp="2020-09-11T10:24:12.946" threadId="0000000000786780" success="true" from="nursery"/>
<exclusive-end id="2722" timestamp="2020-09-11T10:24:12.946" durationms="131.554" />

<exclusive-start id="2723" timestamp="2020-09-11T10:24:14.787" intervalms="1972.169">
  <response-info timems="0.386" idlems="0.386" threads="0" lastid="00000000007F6F00" lastname="Group1.Backend.CompositeBackend{Tier1}.2" />
</exclusive-start>
<af-start id="2724" threadId="00000000007F7880" totalBytesRequested="80" timestamp="2020-09-11T10:24:14.788" intervalms="1972.175" type="nursery" />
<cycle-start id="2725" type="scavenge" contextid="0" timestamp="2020-09-11T10:24:14.788" intervalms="1972.223" />
<gc-start id="2726" type="scavenge" contextid="2725" timestamp="2020-09-11T10:24:14.788">
  <mem-info id="2727" free="275616392" total="2821586944" percent="9">
    <mem type="nursery" free="0" total="939524096" percent="0">
      <mem type="allocate" free="0" total="793837568" percent="0" />
      <mem type="survivor" free="0" total="145686528" percent="0" />
    </mem>
    <mem type="tenure" free="275616392" total="1882062848" percent="14">
      <mem type="soa" free="143871624" total="1750318080" percent="8" />
      <mem type="loa" free="131744768" total="131744768" percent="100" />
    </mem>
    <remembered-set count="189069" />
  </mem-info>
</gc-start>
<allocation-stats totalBytes="666896656" >
  <allocated-bytes non-tlh="35037296" tlh="631859360" />
  <largest-consumer threadName="Group1.Backend.CompositeBackend{Tier1}.4" threadId="0000000000842600" bytes="113085120" />
</allocation-stats>
<gc-op id="2728" type="scavenge" timems="95.731" contextid="2725" timestamp="2020-09-11T10:24:14.884">
  <scavenger-info tenureage="3" tenuremask="7ff8" tiltratio="84" />
  <memory-copied type="nursery" objects="4077029" bytes="109315600" bytesdiscarded="394960" />
  <memory-copied type="tenure" objects="1140410" bytes="30673672" bytesdiscarded="87328" />
  <ownableSynchronizers candidates="4233" cleared="3536" />
  <references type="soft" candidates="695" cleared="0" enqueued="0" dynamicThreshold="18" maxThreshold="32" />
  <references type="weak" candidates="127" cleared="127" enqueued="0" />
</gc-op>
<gc-end id="2729" type="scavenge" contextid="2725" durationms="96.615" usertimems="747.735" systemtimems="2.865" timestamp="2020-09-11T10:24:14.885" activeThreads="8">
  <mem-info id="2730" free="929569648" total="2821586944" percent="32">
    <mem type="nursery" free="684895488" total="939524096" percent="72">
      <mem type="allocate" free="684895488" total="794689536" percent="86" />
      <mem type="survivor" free="0" total="144834560" percent="0" />
    </mem>
    <mem type="tenure" free="244674160" total="1882062848" percent="13" macro-fragmented="0">
      <mem type="soa" free="112929392" total="1750318080" percent="6" />
      <mem type="loa" free="131744768" total="131744768" percent="100" />
    </mem>
    <remembered-set count="30025" />
  </mem-info>
</gc-end>
<cycle-end id="2731" type="scavenge" contextid="2725" timestamp="2020-09-11T10:24:14.886" />
<allocation-satisfied id="2732" threadId="00000000007F6F00" bytesRequested="80" />
<af-end id="2733" timestamp="2020-09-11T10:24:14.886" threadId="00000000007F7880" success="true" from="nursery"/>
<exclusive-end id="2734" timestamp="2020-09-11T10:24:14.886" durationms="99.082" />

<exclusive-start id="2735" timestamp="2020-09-11T10:24:16.868" intervalms="2081.317">
  <response-info timems="0.368" idlems="0.199" threads="1" lastid="0000000000843D00" lastname="Group1.Backend.CompositeBackend{Tier1}.6" />
</exclusive-start>
<af-start id="2736" threadId="0000000000842F80" totalBytesRequested="24" timestamp="2020-09-11T10:24:16.869" intervalms="2081.208" type="nursery" />
<cycle-start id="2737" type="scavenge" contextid="0" timestamp="2020-09-11T10:24:16.869" intervalms="2081.160" />
<gc-start id="2738" type="scavenge" contextid="2737" timestamp="2020-09-11T10:24:16.869">
  <mem-info id="2739" free="244674160" total="2821586944" percent="8">
    <mem type="nursery" free="0" total="939524096" percent="0">
      <mem type="allocate" free="0" total="794689536" percent="0" />
      <mem type="survivor" free="0" total="144834560" percent="0" />
    </mem>
    <mem type="tenure" free="244674160" total="1882062848" percent="13">
      <mem type="soa" free="112929392" total="1750318080" percent="6" />
      <mem type="loa" free="131744768" total="131744768" percent="100" />
    </mem>
    <remembered-set count="193368" />
  </mem-info>
</gc-start>
<allocation-stats totalBytes="684567208" >
  <allocated-bytes non-tlh="31818400" tlh="652748808" />
  <largest-consumer threadName="Group1.Backend.CompositeBackend{Tier1}.6" threadId="0000000000843D00" bytes="100022728" />
</allocation-stats>
<gc-op id="2740" type="scavenge" timems="100.900" contextid="2737" timestamp="2020-09-11T10:24:16.970">
  <scavenger-info tenureage="3" tenuremask="7ff8" tiltratio="84" />
  <memory-copied type="nursery" objects="4112317" bytes="110203840" bytesdiscarded="148848" />
  <memory-copied type="tenure" objects="1069745" bytes="28750600" bytesdiscarded="27328" />
  <ownableSynchronizers candidates="4687" cleared="4007" />
  <references type="soft" candidates="692" cleared="0" enqueued="0" dynamicThreshold="18" maxThreshold="32" />
  <references type="weak" candidates="119" cleared="118" enqueued="0" />
</gc-op>
<gc-end id="2741" type="scavenge" contextid="2737" durationms="101.859" usertimems="770.741" systemtimems="2.665" timestamp="2020-09-11T10:24:16.971" activeThreads="8">
  <mem-info id="2742" free="904254032" total="2821586944" percent="32">
    <mem type="nursery" free="688310528" total="939524096" percent="73">
      <mem type="allocate" free="688310528" total="798752768" percent="86" />
      <mem type="survivor" free="0" total="140771328" percent="0" />
    </mem>
    <mem type="tenure" free="215943504" total="1882062848" percent="11" macro-fragmented="0">
      <mem type="soa" free="84198736" total="1750318080" percent="4" />
      <mem type="loa" free="131744768" total="131744768" percent="100" />
    </mem>
    <remembered-set count="29505" />
  </mem-info>
</gc-end>
<cycle-end id="2743" type="scavenge" contextid="2737" timestamp="2020-09-11T10:24:16.972" />
<allocation-satisfied id="2744" threadId="0000000000842600" bytesRequested="24" />
<af-end id="2745" timestamp="2020-09-11T10:24:16.972" threadId="0000000000842F80" success="true" from="nursery"/>
<exclusive-end id="2746" timestamp="2020-09-11T10:24:16.972" durationms="104.074" />

<exclusive-start id="2747" timestamp="2020-09-11T10:24:19.035" intervalms="2166.391">
  <response-info timems="0.652" idlems="0.343" threads="1" lastid="0000000000842600" lastname="Group1.Backend.CompositeBackend{Tier1}.4" />
</exclusive-start>
<af-start id="2748" threadId="0000000000854C80" totalBytesRequested="16" timestamp="2020-09-11T10:24:19.035" intervalms="2166.355" type="nursery" />
<cycle-start id="2749" type="scavenge" contextid="0" timestamp="2020-09-11T10:24:19.035" intervalms="2166.382" />
<gc-start id="2750" type="scavenge" contextid="2749" timestamp="2020-09-11T10:24:19.036">
  <mem-info id="2751" free="215943504" total="2821586944" percent="7">
    <mem type="nursery" free="0" total="939524096" percent="0">
      <mem type="allocate" free="0" total="798752768" percent="0" />
      <mem type="survivor" free="0" total="140771328" percent="0" />
    </mem>
    <mem type="tenure" free="215943504" total="1882062848" percent="11">
      <mem type="soa" free="84198736" total="1750318080" percent="4" />
      <mem type="loa" free="131744768" total="131744768" percent="100" />
    </mem>
    <remembered-set count="193850" />
  </mem-info>
</gc-start>
<allocation-stats totalBytes="687968744" >
  <allocated-bytes non-tlh="29177488" tlh="658791256" />
  <largest-consumer threadName="Group1.Backend.CompositeBackend{Tier1}.8" threadId="0000000000837900" bytes="131821568" />
</allocation-stats>
<gc-op id="2752" type="scavenge" timems="135.810" contextid="2749" timestamp="2020-09-11T10:24:19.172">
  <scavenger-info tenureage="3" tenuremask="7ff8" tiltratio="85" />
  <memory-copied type="nursery" objects="4225400" bytes="112379800" bytesdiscarded="208984" />
  <memory-copied type="tenure" objects="1124543" bytes="30233984" bytesdiscarded="31544" />
  <ownableSynchronizers candidates="4458" cleared="3801" />
  <references type="soft" candidates="644" cleared="0" enqueued="0" dynamicThreshold="18" maxThreshold="32" />
  <references type="weak" candidates="126" cleared="126" enqueued="0" />
</gc-op>
<gc-end id="2753" type="scavenge" contextid="2749" durationms="136.877" usertimems="1027.479" systemtimems="16.230" timestamp="2020-09-11T10:24:19.172" activeThreads="8">
  <mem-info id="2754" free="874163064" total="2821586944" percent="30">
    <mem type="nursery" free="688572120" total="939524096" percent="73">
      <mem type="allocate" free="688572120" total="801243136" percent="85" />
      <mem type="survivor" free="0" total="138280960" percent="0" />
    </mem>
    <mem type="tenure" free="185590944" total="1882062848" percent="9" macro-fragmented="0">
      <mem type="soa" free="53846176" total="1750318080" percent="3" />
      <mem type="loa" free="131744768" total="131744768" percent="100" />
    </mem>
    <remembered-set count="29685" />
  </mem-info>
</gc-end>
<cycle-end id="2755" type="scavenge" contextid="2749" timestamp="2020-09-11T10:24:19.174" />
<allocation-satisfied id="2756" threadId="0000000000854300" bytesRequested="16" />
<af-end id="2757" timestamp="2020-09-11T10:24:19.174" threadId="0000000000854C80" success="true" from="nursery"/>
<exclusive-end id="2758" timestamp="2020-09-11T10:24:19.174" durationms="139.595" />

<exclusive-start id="2759" timestamp="2020-09-11T10:24:21.065" intervalms="2030.238">
  <response-info timems="0.844" idlems="0.588" threads="2" lastid="00000000007F6F00" lastname="Group1.Backend.CompositeBackend{Tier1}.2" />
</exclusive-start>
<af-start id="2760" threadId="0000000000786780" totalBytesRequested="32" timestamp="2020-09-11T10:24:21.066" intervalms="2030.282" type="nursery" />
<cycle-start id="2761" type="scavenge" contextid="0" timestamp="2020-09-11T10:24:21.066" intervalms="2030.252" />
<gc-start id="2762" type="scavenge" contextid="2761" timestamp="2020-09-11T10:24:21.066">
  <mem-info id="2763" free="185590944" total="2821586944" percent="6">
    <mem type="nursery" free="0" total="939524096" percent="0">
      <mem type="allocate" free="0" total="801243136" percent="0" />
      <mem type="survivor" free="0" total="138280960" percent="0" />
    </mem>
    <mem type="tenure" free="185590944" total="1882062848" percent="9">
      <mem type="soa" free="53846176" total="1750318080" percent="3" />
      <mem type="loa" free="131744768" total="131744768" percent="100" />
    </mem>
    <remembered-set count="193411" />
  </mem-info>
</gc-start>
<allocation-stats totalBytes="688256256" >
  <allocated-bytes non-tlh="36007528" tlh="652248728" />
  <largest-consumer threadName="Group1.Backend.CompositeBackend{Tier1}.8" threadId="0000000000837900" bytes="115652200" />
</allocation-stats>
<gc-op id="2764" type="scavenge" timems="97.236" contextid="2761" timestamp="2020-09-11T10:24:21.163">
  <scavenger-info tenureage="3" tenuremask="7ff8" tiltratio="85" />
  <memory-copied type="nursery" objects="4193082" bytes="112394216" bytesdiscarded="284912" />
  <memory-copied type="tenure" objects="1040286" bytes="27979800" bytesdiscarded="21608" />
  <ownableSynchronizers candidates="3363" cleared="2779" />
  <references type="soft" candidates="594" cleared="0" enqueued="0" dynamicThreshold="18" maxThreshold="32" />
  <references type="weak" candidates="112" cleared="112" enqueued="0" />
</gc-op>
<gc-end id="2765" type="scavenge" contextid="2761" durationms="98.221" usertimems="766.758" systemtimems="0.000" timestamp="2020-09-11T10:24:21.164" activeThreads="8">
  <mem-info id="2766" free="848228792" total="2821586944" percent="30">
    <mem type="nursery" free="690972152" total="939524096" percent="73">
      <mem type="allocate" free="690972152" total="803733504" percent="85" />
      <mem type="survivor" free="0" total="135790592" percent="0" />
    </mem>
    <mem type="tenure" free="157256640" total="1882062848" percent="8" macro-fragmented="0">
      <mem type="soa" free="25511872" total="1750318080" percent="1" />
      <mem type="loa" free="131744768" total="131744768" percent="100" />
    </mem>
    <remembered-set count="31293" />
  </mem-info>
</gc-end>
<cycle-end id="2767" type="scavenge" contextid="2761" timestamp="2020-09-11T10:24:21.165" />
<allocation-satisfied id="2768" threadId="0000000000785E00" bytesRequested="32" />
<af-end id="2769" timestamp="2020-09-11T10:24:21.165" threadId="0000000000786780" success="true" from="nursery"/>
<exclusive-end id="2770" timestamp="2020-09-11T10:24:21.165" durationms="100.671" />

<exclusive-start id="2771" timestamp="2020-09-11T10:24:23.189" intervalms="2124.493">
  <response-info timems="0.390" idlems="0.390" threads="0" lastid="0000000000843100" lastname="Group1.Backend.CompositeBackend{Tier1}.5" />
</exclusive-start>
<af-start id="2772" threadId="0000000000843A80" totalBytesRequested="32" timestamp="2020-09-11T10:24:23.190" intervalms="2124.401" type="nursery" />
<percolate-collect id="2773" from="nursery" to="global" reason="prevent tenure expand" timestamp="2020-09-11T10:24:23.190"/>
<cycle-start id="2774" type="global" contextid="0" timestamp="2020-09-11T10:24:23.190" intervalms="68078.698" />
<gc-start id="2775" type="global" contextid="2774" timestamp="2020-09-11T10:24:23.190">
  <mem-info id="2776" free="157256640" total="2821586944" percent="5">
    <mem type="nursery" free="0" total="939524096" percent="0">
      <mem type="allocate" free="0" total="803733504" percent="0" />
      <mem type="survivor" free="0" total="135790592" percent="0" />
    </mem>
    <mem type="tenure" free="157256640" total="1882062848" percent="8">
      <mem type="soa" free="25511872" total="1750318080" percent="1" />
      <mem type="loa" free="131744768" total="131744768" percent="100" />
    </mem>
    <remembered-set count="195128" />
  </mem-info>
</gc-start>
<allocation-stats totalBytes="690621144" >
  <allocated-bytes non-tlh="30096056" tlh="660525088" />
  <largest-consumer threadName="Group1.Backend.CompositeBackend{Tier1}.8" threadId="0000000000837900" bytes="119243240" />
</allocation-stats>
<gc-op id="2777" type="mark" timems="567.063" contextid="2774" timestamp="2020-09-11T10:24:23.758">
  <trace-info objectcount="30424867" scancount="29446194" scanbytes="806365748" />
  <finalization candidates="146" enqueued="0" />
  <ownableSynchronizers candidates="583079" cleared="4554" />
  <references type="soft" candidates="699278" cleared="0" enqueued="0" dynamicThreshold="18" maxThreshold="32" />
  <references type="weak" candidates="4408" cleared="120" enqueued="0" />
  <references type="phantom" candidates="108" cleared="0" enqueued="0" />
  <stringconstants candidates="11107" cleared="1"  />
</gc-op>
<gc-op id="2778" type="sweep" timems="12.375" contextid="2774" timestamp="2020-09-11T10:24:23.770" />
<gc-end id="2779" type="global" contextid="2774" durationms="580.353" usertimems="4323.634" systemtimems="3.844" timestamp="2020-09-11T10:24:23.771" activeThreads="8">
  <mem-info id="2780" free="1714684744" total="2821586944" percent="60">
    <mem type="nursery" free="613362912" total="939524096" percent="65">
      <mem type="allocate" free="613362912" total="803733504" percent="76" />
      <mem type="survivor" free="0" total="135790592" percent="0" />
    </mem>
    <mem type="tenure" free="1101321832" total="1882062848" percent="58" micro-fragmented="41713367" macro-fragmented="0">
      <mem type="soa" free="969577064" total="1750318080" percent="55" />
      <mem type="loa" free="131744768" total="131744768" percent="100" />
    </mem>
    <remembered-set count="189132" />
  </mem-info>
</gc-end>
<cycle-end id="2781" type="global" contextid="2774" timestamp="2020-09-11T10:24:23.772" />
<allocation-satisfied id="2782" threadId="0000000000843100" bytesRequested="32" />
<af-end id="2783" timestamp="2020-09-11T10:24:23.772" threadId="0000000000843A80" success="true" from="nursery"/>
<exclusive-end id="2784" timestamp="2020-09-11T10:24:23.772" durationms="582.322" />

<exclusive-start id="2785" timestamp="2020-09-11T10:24:24.888" intervalms="1698.703">
  <response-info timems="0.407" idlems="0.407" threads="0" lastid="0000000000843100" lastname="Group1.Backend.CompositeBackend{Tier1}.5" />
</exclusive-start>
<af-start id="2786" threadId="0000000000843A80" totalBytesRequested="524296" timestamp="2020-09-11T10:24:24.889" intervalms="1698.795" type="nursery" />
<cycle-start id="2787" type="scavenge" contextid="0" timestamp="2020-09-11T10:24:24.889" intervalms="3823.204" />
<gc-start id="2788" type="scavenge" contextid="2787" timestamp="2020-09-11T10:24:24.889">
  <mem-info id="2789" free="1158064224" total="2821586944" percent="41">
    <mem type="nursery" free="56742440" total="939524096" percent="6">
      <mem type="allocate" free="56742440" total="803733504" percent="7" />
      <mem type="survivor" free="0" total="135790592" percent="0" />
    </mem>
    <mem type="tenure" free="1101321784" total="1882062848" percent="58">
      <mem type="soa" free="969577016" total="1750318080" percent="55" />
      <mem type="loa" free="131744768" total="131744768" percent="100" />
    </mem>
    <remembered-set count="239849" />
  </mem-info>
</gc-start>
<allocation-stats totalBytes="554939448" >
  <allocated-bytes non-tlh="31964848" tlh="522974600" />
  <largest-consumer threadName="Group1.Backend.CompositeBackend{Tier1}.8" threadId="0000000000837900" bytes="104260456" />
</allocation-stats>
<gc-op id="2790" type="scavenge" timems="120.517" contextid="2787" timestamp="2020-09-11T10:24:25.010">
  <scavenger-info tenureage="3" tenuremask="7ff8" tiltratio="85" />
  <memory-copied type="nursery" objects="5096043" bytes="135607032" bytesdiscarded="41016" />
  <memory-copied type="tenure" objects="1192283" bytes="32001736" bytesdiscarded="53824" />
  <copy-failed type="nursery" objects="187057" bytes="5002672" />
  <ownableSynchronizers candidates="1159765" cleared="1159095" />
  <references type="soft" candidates="529" cleared="0" enqueued="0" dynamicThreshold="18" maxThreshold="32" />
  <references type="weak" candidates="95" cleared="93" enqueued="0" />
</gc-op>
<gc-end id="2791" type="scavenge" contextid="2787" durationms="121.467" usertimems="916.988" systemtimems="0.000" timestamp="2020-09-11T10:24:25.011" activeThreads="8">
  <mem-info id="2792" free="1683602960" total="2821586944" percent="59">
    <mem type="nursery" free="614596608" total="939524096" percent="65">
      <mem type="allocate" free="614596608" total="750387200" percent="81" />
      <mem type="survivor" free="0" total="189136896" percent="0" />
    </mem>
    <mem type="tenure" free="1069006352" total="1882062848" percent="56" macro-fragmented="0">
      <mem type="soa" free="937261584" total="1750318080" percent="53" />
      <mem type="loa" free="131744768" total="131744768" percent="100" />
    </mem>
    <remembered-set count="38206" />
  </mem-info>
</gc-end>
<cycle-end id="2793" type="scavenge" contextid="2787" timestamp="2020-09-11T10:24:25.013" />
<allocation-satisfied id="2794" threadId="0000000000843100" bytesRequested="524296" />
<af-end id="2795" timestamp="2020-09-11T10:24:25.013" threadId="0000000000843A80" success="true" from="nursery"/>
<exclusive-end id="2796" timestamp="2020-09-11T10:24:25.013" durationms="124.779" />

<exclusive-start id="2797" timestamp="2020-09-11T10:24:26.713" intervalms="1825.335">
  <response-info timems="0.635" idlems="0.635" threads="0" lastid="0000000000843100" lastname="Group1.Backend.CompositeBackend{Tier1}.5" />
</exclusive-start>
<af-start id="2798" threadId="0000000000843A80" totalBytesRequested="32" timestamp="2020-09-11T10:24:26.714" intervalms="1825.297" type="nursery" />
<cycle-start id="2799" type="scavenge" contextid="0" timestamp="2020-09-11T10:24:26.714" intervalms="1825.298" />
<gc-start id="2800" type="scavenge" contextid="2799" timestamp="2020-09-11T10:24:26.715">
  <mem-info id="2801" free="1069006352" total="2821586944" percent="37">
    <mem type="nursery" free="0" total="939524096" percent="0">
      <mem type="allocate" free="0" total="750387200" percent="0" />
      <mem type="survivor" free="0" total="189136896" percent="0" />
    </mem>
    <mem type="tenure" free="1069006352" total="1882062848" percent="56">
      <mem type="soa" free="937261584" total="1750318080" percent="53" />
      <mem type="loa" free="131744768" total="131744768" percent="100" />
    </mem>
    <remembered-set count="189686" />
  </mem-info>
</gc-start>
<allocation-stats totalBytes="614293256" >
  <allocated-bytes non-tlh="31852984" tlh="582440272" />
  <largest-consumer threadName="Group1.Backend.CompositeBackend{Tier1}.5" threadId="0000000000843100" bytes="81767712" />
</allocation-stats>
<gc-op id="2802" type="scavenge" timems="110.358" contextid="2799" timestamp="2020-09-11T10:24:26.825">
  <scavenger-info tenureage="3" tenuremask="7ff8" tiltratio="79" />
  <memory-copied type="nursery" objects="5179118" bytes="137234040" bytesdiscarded="261264" />
  <memory-copied type="tenure" objects="988574" bytes="26582776" bytesdiscarded="41056" />
  <finalization candidates="1" enqueued="0" />
  <ownableSynchronizers candidates="3948" cleared="3514" />
  <references type="soft" candidates="491" cleared="0" enqueued="0" dynamicThreshold="18" maxThreshold="32" />
  <references type="weak" candidates="116" cleared="114" enqueued="0" />
</gc-op>
<gc-end id="2803" type="scavenge" contextid="2799" durationms="111.351" usertimems="854.854" systemtimems="0.000" timestamp="2020-09-11T10:24:26.826" activeThreads="8">
  <mem-info id="2804" free="1661666792" total="2821586944" percent="58">
    <mem type="nursery" free="619175096" total="939524096" percent="65">
      <mem type="allocate" free="619175096" total="756744192" percent="81" />
      <mem type="survivor" free="0" total="182779904" percent="0" />
    </mem>
    <mem type="tenure" free="1042491696" total="1882062848" percent="55" macro-fragmented="0">
      <mem type="soa" free="910746928" total="1750318080" percent="52" />
      <mem type="loa" free="131744768" total="131744768" percent="100" />
    </mem>
    <remembered-set count="37412" />
  </mem-info>
</gc-end>
<cycle-end id="2805" type="scavenge" contextid="2799" timestamp="2020-09-11T10:24:26.828" />
<allocation-satisfied id="2806" threadId="0000000000843100" bytesRequested="32" />
<af-end id="2807" timestamp="2020-09-11T10:24:26.828" threadId="0000000000843A80" success="true" from="nursery"/>
<exclusive-end id="2808" timestamp="2020-09-11T10:24:26.828" durationms="114.241" />

<exclusive-start id="2809" timestamp="2020-09-11T10:24:28.704" intervalms="1990.240">
  <response-info timems="0.703" idlems="0.703" threads="0" lastid="00000000007F6F00" lastname="Group1.Backend.CompositeBackend{Tier1}.2" />
</exclusive-start>
<af-start id="2810" threadId="00000000007F7880" totalBytesRequested="40" timestamp="2020-09-11T10:24:28.704" intervalms="1990.176" type="nursery" />
<cycle-start id="2811" type="scavenge" contextid="0" timestamp="2020-09-11T10:24:28.704" intervalms="1990.213" />
<gc-start id="2812" type="scavenge" contextid="2811" timestamp="2020-09-11T10:24:28.705">
  <mem-info id="2813" free="1042491696" total="2821586944" percent="36">
    <mem type="nursery" free="0" total="939524096" percent="0">
      <mem type="allocate" free="0" total="756744192" percent="0" />
      <mem type="survivor" free="0" total="182779904" percent="0" />
    </mem>
    <mem type="tenure" free="1042491696" total="1882062848" percent="55">
      <mem type="soa" free="910746928" total="1750318080" percent="52" />
      <mem type="loa" free="131744768" total="131744768" percent="100" />
    </mem>
    <remembered-set count="196813" />
  </mem-info>
</gc-start>
<allocation-stats totalBytes="618858352" >
  <allocated-bytes non-tlh="22260976" tlh="596597376" />
  <largest-consumer threadName="Group1.Backend.CompositeBackend{Tier1}.5" threadId="0000000000843100" bytes="86996440" />
</allocation-stats>
<gc-op id="2814" type="scavenge" timems="130.208" contextid="2811" timestamp="2020-09-11T10:24:28.835">
  <scavenger-info tenureage="3" tenuremask="7ff8" tiltratio="80" />
  <memory-copied type="nursery" objects="4745609" bytes="127316264" bytesdiscarded="361792" />
  <memory-copied type="tenure" objects="998479" bytes="26825968" bytesdiscarded="41640" />
  <finalization candidates="1" enqueued="0" />
  <ownableSynchronizers candidates="4519" cleared="4061" />
  <references type="soft" candidates="526" cleared="0" enqueued="0" dynamicThreshold="18" maxThreshold="32" />
  <references type="weak" candidates="111" cleared="107" enqueued="0" />
</gc-op>
<gc-end id="2815" type="scavenge" contextid="2811" durationms="131.540" usertimems="890.923" systemtimems="3.044" timestamp="2020-09-11T10:24:28.836" activeThreads="8">
  <mem-info id="2816" free="1650390656" total="2821586944" percent="58">
    <mem type="nursery" free="634751488" total="939524096" percent="67">
      <mem type="allocate" free="634751488" total="762511360" percent="83" />
      <mem type="survivor" free="0" total="177012736" percent="0" />
    </mem>
    <mem type="tenure" free="1015639168" total="1882062848" percent="53" macro-fragmented="0">
      <mem type="soa" free="883894400" total="1750318080" percent="50" />
      <mem type="loa" free="131744768" total="131744768" percent="100" />
    </mem>
    <remembered-set count="37003" />
  </mem-info>
</gc-end>
<cycle-end id="2817" type="scavenge" contextid="2811" timestamp="2020-09-11T10:24:28.837" />
<allocation-satisfied id="2818" threadId="00000000007F6F00" bytesRequested="40" />
<af-end id="2819" timestamp="2020-09-11T10:24:28.838" threadId="00000000007F7880" success="true" from="nursery"/>
<exclusive-end id="2820" timestamp="2020-09-11T10:24:28.838" durationms="133.946" />

<exclusive-start id="2821" timestamp="2020-09-11T10:24:30.581" intervalms="1877.447">
  <response-info timems="1.945" idlems="1.945" threads="0" lastid="0000000000854300" lastname="Group1.Backend.CompositeBackend{Tier1}.7" />
</exclusive-start>
<af-start id="2822" threadId="0000000000854C80" totalBytesRequested="16" timestamp="2020-09-11T10:24:30.582" intervalms="1877.456" type="nursery" />
<cycle-start id="2823" type="scavenge" contextid="0" timestamp="2020-09-11T10:24:30.582" intervalms="1877.401" />
<gc-start id="2824" type="scavenge" contextid="2823" timestamp="2020-09-11T10:24:30.582">
  <mem-info id="2825" free="1015639168" total="2821586944" percent="35">
    <mem type="nursery" free="0" total="939524096" percent="0">
      <mem type="allocate" free="0" total="762511360" percent="0" />
      <mem type="survivor" free="0" total="177012736" percent="0" />
    </mem>
    <mem type="tenure" free="1015639168" total="1882062848" percent="53">
      <mem type="soa" free="883894400" total="1750318080" percent="50" />
      <mem type="loa" free="131744768" total="131744768" percent="100" />
    </mem>
    <remembered-set count="193063" />
  </mem-info>
</gc-start>
<allocation-stats totalBytes="634445296" >
  <allocated-bytes non-tlh="31459664" tlh="602985632" />
  <largest-consumer threadName="Group1.Backend.CompositeBackend{Tier1}.2" threadId="00000000007F6F00" bytes="96735120" />
</allocation-stats>
<gc-op id="2826" type="scavenge" timems="106.066" contextid="2823" timestamp="2020-09-11T10:24:30.688">
  <scavenger-info tenureage="3" tenuremask="7ff8" tiltratio="81" />
  <memory-copied type="nursery" objects="3934584" bytes="104673792" bytesdiscarded="265960" />
  <memory-copied type="tenure" objects="1893658" bytes="50932536" bytesdiscarded="60752" />
  <finalization candidates="1" enqueued="0" />
  <ownableSynchronizers candidates="3594" cleared="3109" />
  <references type="soft" candidates="450" cleared="0" enqueued="0" dynamicThreshold="18" maxThreshold="32" />
  <references type="weak" candidates="112" cleared="112" enqueued="0" />
</gc-op>
<gc-end id="2827" type="scavenge" contextid="2823" durationms="107.183" usertimems="814.123" systemtimems="8.820" timestamp="2020-09-11T10:24:30.689" activeThreads="8">
  <mem-info id="2828" free="1629056840" total="2821586944" percent="57">
    <mem type="nursery" free="664376056" total="939524096" percent="70">
      <mem type="allocate" free="664376056" total="769392640" percent="86" />
      <mem type="survivor" free="0" total="170131456" percent="0" />
    </mem>
    <mem type="tenure" free="964680784" total="1882062848" percent="51" macro-fragmented="0">
      <mem type="soa" free="832936016" total="1750318080" percent="47" />
      <mem type="loa" free="131744768" total="131744768" percent="100" />
    </mem>
    <remembered-set count="29411" />
  </mem-info>
</gc-end>
<cycle-end id="2829" type="scavenge" contextid="2823" timestamp="2020-09-11T10:24:30.690" />
<allocation-satisfied id="2830" threadId="0000000000854300" bytesRequested="16" />
<af-end id="2831" timestamp="2020-09-11T10:24:30.691" threadId="0000000000854C80" success="true" from="nursery"/>
<exclusive-end id="2832" timestamp="2020-09-11T10:24:30.691" durationms="109.536" />

<exclusive-start id="2833" timestamp="2020-09-11T10:24:32.618" intervalms="2036.768">
  <response-info timems="3.527" idlems="3.527" threads="0" lastid="0000000000856800" lastname="Group1.Backend.CompositeBackend{Tier1}.3" />
</exclusive-start>
<af-start id="2834" threadId="0000000000857180" totalBytesRequested="656" timestamp="2020-09-11T10:24:32.618" intervalms="2036.778" type="nursery" />
<cycle-start id="2835" type="scavenge" contextid="0" timestamp="2020-09-11T10:24:32.619" intervalms="2036.783" />
<gc-start id="2836" type="scavenge" contextid="2835" timestamp="2020-09-11T10:24:32.619">
  <mem-info id="2837" free="964680784" total="2821586944" percent="34">
    <mem type="nursery" free="0" total="939524096" percent="0">
      <mem type="allocate" free="0" total="769392640" percent="0" />
      <mem type="survivor" free="0" total="170131456" percent="0" />
    </mem>
    <mem type="tenure" free="964680784" total="1882062848" percent="51">
      <mem type="soa" free="832936016" total="1750318080" percent="47" />
      <mem type="loa" free="131744768" total="131744768" percent="100" />
    </mem>
    <remembered-set count="187791" />
  </mem-info>
</gc-start>
<allocation-stats totalBytes="664079424" >
  <allocated-bytes non-tlh="33085728" tlh="630993696" />
  <largest-consumer threadName="Group1.Backend.CompositeBackend{Tier1}.6" threadId="0000000000843D00" bytes="96442392" />
</allocation-stats>
<gc-op id="2838" type="scavenge" timems="115.569" contextid="2835" timestamp="2020-09-11T10:24:32.735">
  <scavenger-info tenureage="3" tenuremask="7ff8" tiltratio="81" />
  <memory-copied type="nursery" objects="4320555" bytes="115029104" bytesdiscarded="291360" />
  <memory-copied type="tenure" objects="964606" bytes="25932352" bytesdiscarded="53712" />
  <finalization candidates="1" enqueued="0" />
  <ownableSynchronizers candidates="4088" cleared="3591" />
  <references type="soft" candidates="486" cleared="0" enqueued="0" dynamicThreshold="18" maxThreshold="32" />
  <references type="weak" candidates="122" cleared="122" enqueued="0" />
</gc-op>
<gc-end id="2839" type="scavenge" contextid="2835" durationms="116.985" usertimems="908.698" systemtimems="0.000" timestamp="2020-09-11T10:24:32.736" activeThreads="8">
  <mem-info id="2840" free="1598613696" total="2821586944" percent="56">
    <mem type="nursery" free="659955184" total="939524096" percent="70">
      <mem type="allocate" free="659955184" total="775356416" percent="85" />
      <mem type="survivor" free="0" total="164167680" percent="0" />
    </mem>
    <mem type="tenure" free="938658512" total="1882062848" percent="49" macro-fragmented="0">
      <mem type="soa" free="806913744" total="1750318080" percent="46" />
      <mem type="loa" free="131744768" total="131744768" percent="100" />
    </mem>
    <remembered-set count="28268" />
  </mem-info>
</gc-end>
<cycle-end id="2841" type="scavenge" contextid="2835" timestamp="2020-09-11T10:24:32.737" />
<allocation-satisfied id="2842" threadId="0000000000856800" bytesRequested="656" />
<af-end id="2843" timestamp="2020-09-11T10:24:32.738" threadId="0000000000857180" success="true" from="nursery"/>
<exclusive-end id="2844" timestamp="2020-09-11T10:24:32.738" durationms="119.769" />

<exclusive-start id="2845" timestamp="2020-09-11T10:24:34.620" intervalms="2002.619">
  <response-info timems="0.645" idlems="0.327" threads="1" lastid="0000000000785E00" lastname="Group1.Backend.CompositeBackend{Tier1}.1" />
</exclusive-start>
<af-start id="2846" threadId="0000000000842F80" totalBytesRequested="16" timestamp="2020-09-11T10:24:34.621" intervalms="2002.704" type="nursery" />
<cycle-start id="2847" type="scavenge" contextid="0" timestamp="2020-09-11T10:24:34.621" intervalms="2002.712" />
<gc-start id="2848" type="scavenge" contextid="2847" timestamp="2020-09-11T10:24:34.622">
  <mem-info id="2849" free="938658512" total="2821586944" percent="33">
    <mem type="nursery" free="0" total="939524096" percent="0">
      <mem type="allocate" free="0" total="775356416" percent="0" />
      <mem type="survivor" free="0" total="164167680" percent="0" />
    </mem>
    <mem type="tenure" free="938658512" total="1882062848" percent="49">
      <mem type="soa" free="806913744" total="1750318080" percent="46" />
      <mem type="loa" free="131744768" total="131744768" percent="100" />
    </mem>
    <remembered-set count="188646" />
  </mem-info>
</gc-start>
<allocation-stats totalBytes="659630288" >
  <allocated-bytes non-tlh="30638400" tlh="628991888" />
  <largest-consumer threadName="Group1.Backend.CompositeBackend{Tier1}.4" threadId="0000000000842600" bytes="96329216" />
</allocation-stats>
<gc-op id="2850" type="scavenge" timems="135.115" contextid="2847" timestamp="2020-09-11T10:24:34.757">
  <scavenger-info tenureage="3" tenuremask="7ff8" tiltratio="82" />
  <memory-copied type="nursery" objects="4103529" bytes="109639080" bytesdiscarded="275384" />
  <memory-copied type="tenure" objects="1048205" bytes="28192712" bytesdiscarded="46280" />
  <ownableSynchronizers candidates="4245" cleared="3725" />
  <references type="soft" candidates="493" cleared="0" enqueued="0" dynamicThreshold="18" maxThreshold="32" />
  <references type="weak" candidates="93" cleared="93" enqueued="0" />
</gc-op>
<gc-end id="2851" type="scavenge" contextid="2847" durationms="136.402" usertimems="890.565" systemtimems="11.334" timestamp="2020-09-11T10:24:34.758" activeThreads="8">
  <mem-info id="2852" free="1582760408" total="2821586944" percent="56">
    <mem type="nursery" free="672438256" total="939524096" percent="71">
      <mem type="allocate" free="672438256" total="782434304" percent="85" />
      <mem type="survivor" free="0" total="157089792" percent="0" />
    </mem>
    <mem type="tenure" free="910322152" total="1882062848" percent="48" macro-fragmented="0">
      <mem type="soa" free="778577384" total="1750318080" percent="44" />
      <mem type="loa" free="131744768" total="131744768" percent="100" />
    </mem>
    <remembered-set count="28744" />
  </mem-info>
</gc-end>
<cycle-end id="2853" type="scavenge" contextid="2847" timestamp="2020-09-11T10:24:34.759" />
<allocation-satisfied id="2854" threadId="0000000000842600" bytesRequested="16" />
<af-end id="2855" timestamp="2020-09-11T10:24:34.760" threadId="0000000000842F80" success="true" from="nursery"/>
<exclusive-end id="2856" timestamp="2020-09-11T10:24:34.760" durationms="139.121" />

<exclusive-start id="2857" timestamp="2020-09-11T10:24:36.745" intervalms="2124.948">
  <response-info timems="2.219" idlems="2.163" threads="1" lastid="0000000000A50700" lastname="Group1.Backend.CompositeBackend{Tier3}.4" />
</exclusive-start>
<af-start id="2858" threadId="0000000000844680" totalBytesRequested="656" timestamp="2020-09-11T10:24:36.746" intervalms="2124.879" type="nursery" />
<cycle-start id="2859" type="scavenge" contextid="0" timestamp="2020-09-11T10:24:36.746" intervalms="2124.870" />
<gc-start id="2860" type="scavenge" contextid="2859" timestamp="2020-09-11T10:24:36.746">
  <mem-info id="2861" free="910322152" total="2821586944" percent="32">
    <mem type="nursery" free="0" total="939524096" percent="0">
      <mem type="allocate" free="0" total="782434304" percent="0" />
      <mem type="survivor" free="0" total="157089792" percent="0" />
    </mem>
    <mem type="tenure" free="910322152" total="1882062848" percent="48">
      <mem type="soa" free="778577384" total="1750318080" percent="44" />
      <mem type="loa" free="131744768" total="131744768" percent="100" />
    </mem>
    <remembered-set count="191515" />
  </mem-info>
</gc-start>
<allocation-stats totalBytes="672104992" >
  <allocated-bytes non-tlh="29382440" tlh="642722552" />
  <largest-consumer threadName="Group1.Backend.CompositeBackend{Tier1}.3" threadId="0000000000856800" bytes="103526112" />
</allocation-stats>
<gc-op id="2862" type="scavenge" timems="100.878" contextid="2859" timestamp="2020-09-11T10:24:36.847">
  <scavenger-info tenureage="3" tenuremask="7ff8" tiltratio="83" />
  <memory-copied type="nursery" objects="4221782" bytes="112311432" bytesdiscarded="257112" />
  <memory-copied type="tenure" objects="1027826" bytes="27624416" bytesdiscarded="47360" />
  <ownableSynchronizers candidates="3891" cleared="3386" />
  <references type="soft" candidates="535" cleared="0" enqueued="0" dynamicThreshold="18" maxThreshold="32" />
  <references type="weak" candidates="108" cleared="108" enqueued="0" />
</gc-op>
<gc-end id="2863" type="scavenge" contextid="2859" durationms="101.815" usertimems="760.399" systemtimems="1.761" timestamp="2020-09-11T10:24:36.848" activeThreads="8">
  <mem-info id="2864" free="1558027832" total="2821586944" percent="55">
    <mem type="nursery" free="675416568" total="939524096" percent="71">
      <mem type="allocate" free="675416568" total="788070400" percent="85" />
      <mem type="survivor" free="0" total="151453696" percent="0" />
    </mem>
    <mem type="tenure" free="882611264" total="1882062848" percent="46" macro-fragmented="0">
      <mem type="soa" free="750866496" total="1750318080" percent="42" />
      <mem type="loa" free="131744768" total="131744768" percent="100" />
    </mem>
    <remembered-set count="28694" />
  </mem-info>
</gc-end>
<cycle-end id="2865" type="scavenge" contextid="2859" timestamp="2020-09-11T10:24:36.849" />
<allocation-satisfied id="2866" threadId="0000000000843D00" bytesRequested="656" />
<af-end id="2867" timestamp="2020-09-11T10:24:36.849" threadId="0000000000844680" success="true" from="nursery"/>
<exclusive-end id="2868" timestamp="2020-09-11T10:24:36.850" durationms="104.472" />

<exclusive-start id="2869" timestamp="2020-09-11T10:24:38.767" intervalms="2021.356">
  <response-info timems="0.434" idlems="0.434" threads="0" lastid="0000000000843D00" lastname="Group1.Backend.CompositeBackend{Tier1}.6" />
</exclusive-start>
<af-start id="2870" threadId="0000000000844680" totalBytesRequested="16" timestamp="2020-09-11T10:24:38.767" intervalms="2021.354" type="nursery" />
<cycle-start id="2871" type="scavenge" contextid="0" timestamp="2020-09-11T10:24:38.768" intervalms="2021.353" />
<gc-start id="2872" type="scavenge" contextid="2871" timestamp="2020-09-11T10:24:38.768">
  <mem-info id="2873" free="882611264" total="2821586944" percent="31">
    <mem type="nursery" free="0" total="939524096" percent="0">
      <mem type="allocate" free="0" total="788070400" percent="0" />
      <mem type="survivor" free="0" total="151453696" percent="0" />
    </mem>
    <mem type="tenure" free="882611264" total="1882062848" percent="46">
      <mem type="soa" free="750866496" total="1750318080" percent="42" />
      <mem type="loa" free="131744768" total="131744768" percent="100" />
    </mem>
    <remembered-set count="190001" />
  </mem-info>
</gc-start>
<allocation-stats totalBytes="675088192" >
  <allocated-bytes non-tlh="34810304" tlh="640277888" />
  <largest-consumer threadName="Group1.Backend.CompositeBackend{Tier1}.5" threadId="0000000000843100" bytes="98322264" />
</allocation-stats>
<gc-op id="2874" type="scavenge" timems="119.099" contextid="2871" timestamp="2020-09-11T10:24:38.887">
  <scavenger-info tenureage="3" tenuremask="7ff8" tiltratio="83" />
  <memory-copied type="nursery" objects="4307895" bytes="114190544" bytesdiscarded="162192" />
  <memory-copied type="tenure" objects="1037310" bytes="27902776" bytesdiscarded="51888" />
  <ownableSynchronizers candidates="4114" cleared="3587" />
  <references type="soft" candidates="517" cleared="0" enqueued="0" dynamicThreshold="18" maxThreshold="32" />
  <references type="weak" candidates="117" cleared="117" enqueued="0" />
</gc-op>
<gc-end id="2875" type="scavenge" contextid="2871" durationms="119.971" usertimems="832.525" systemtimems="0.000" timestamp="2020-09-11T10:24:38.888" activeThreads="8">
  <mem-info id="2876" free="1532553168" total="2821586944" percent="54">
    <mem type="nursery" free="677892336" total="939524096" percent="72">
      <mem type="allocate" free="677892336" total="792330240" percent="85" />
      <mem type="survivor" free="0" total="147193856" percent="0" />
    </mem>
    <mem type="tenure" free="854660832" total="1882062848" percent="45" macro-fragmented="0">
      <mem type="soa" free="722916064" total="1750318080" percent="41" />
      <mem type="loa" free="131744768" total="131744768" percent="100" />
    </mem>
    <remembered-set count="28923" />
  </mem-info>
</gc-end>
<cycle-end id="2877" type="scavenge" contextid="2871" timestamp="2020-09-11T10:24:38.889" />
<allocation-satisfied id="2878" threadId="0000000000843D00" bytesRequested="16" />
<af-end id="2879" timestamp="2020-09-11T10:24:38.889" threadId="0000000000844680" success="true" from="nursery"/>
<exclusive-end id="2880" timestamp="2020-09-11T10:24:38.889" durationms="122.370" />

<exclusive-start id="2881" timestamp="2020-09-11T10:24:40.790" intervalms="2023.576">
  <response-info timems="0.458" idlems="0.232" threads="1" lastid="0000000000842600" lastname="Group1.Backend.CompositeBackend{Tier1}.4" />
</exclusive-start>
<af-start id="2882" threadId="00000000007F7880" totalBytesRequested="24" timestamp="2020-09-11T10:24:40.791" intervalms="2023.674" type="nursery" />
<cycle-start id="2883" type="scavenge" contextid="0" timestamp="2020-09-11T10:24:40.791" intervalms="2023.700" />
<gc-start id="2884" type="scavenge" contextid="2883" timestamp="2020-09-11T10:24:40.792">
  <mem-info id="2885" free="854660832" total="2821586944" percent="30">
    <mem type="nursery" free="0" total="939524096" percent="0">
      <mem type="allocate" free="0" total="792330240" percent="0" />
      <mem type="survivor" free="0" total="147193856" percent="0" />
    </mem>
    <mem type="tenure" free="854660832" total="1882062848" percent="45">
      <mem type="soa" free="722916064" total="1750318080" percent="41" />
      <mem type="loa" free="131744768" total="131744768" percent="100" />
    </mem>
    <remembered-set count="190118" />
  </mem-info>
</gc-start>
<allocation-stats totalBytes="677586552" >
  <allocated-bytes non-tlh="33664128" tlh="643922424" />
  <largest-consumer threadName="Group1.Backend.CompositeBackend{Tier1}.6" threadId="0000000000843D00" bytes="145654456" />
</allocation-stats>
<gc-op id="2886" type="scavenge" timems="110.252" contextid="2883" timestamp="2020-09-11T10:24:40.902">
  <scavenger-info tenureage="3" tenuremask="7ff8" tiltratio="84" />
  <memory-copied type="nursery" objects="4227577" bytes="112576512" bytesdiscarded="139720" />
  <memory-copied type="tenure" objects="1077354" bytes="28996136" bytesdiscarded="55232" />
  <ownableSynchronizers candidates="4776" cleared="4255" />
  <references type="soft" candidates="498" cleared="0" enqueued="0" dynamicThreshold="18" maxThreshold="32" />
  <references type="weak" candidates="112" cleared="112" enqueued="0" />
</gc-op>
<gc-end id="2887" type="scavenge" contextid="2883" durationms="111.227" usertimems="816.255" systemtimems="4.033" timestamp="2020-09-11T10:24:40.903" activeThreads="8">
  <mem-info id="2888" free="1509040864" total="2821586944" percent="53">
    <mem type="nursery" free="683396344" total="939524096" percent="72">
      <mem type="allocate" free="683396344" total="796196864" percent="85" />
      <mem type="survivor" free="0" total="143327232" percent="0" />
    </mem>
    <mem type="tenure" free="825644520" total="1882062848" percent="43" macro-fragmented="0">
      <mem type="soa" free="693899752" total="1750318080" percent="39" />
      <mem type="loa" free="131744768" total="131744768" percent="100" />
    </mem>
    <remembered-set count="32545" />
  </mem-info>
</gc-end>
<cycle-end id="2889" type="scavenge" contextid="2883" timestamp="2020-09-11T10:24:40.904" />
<allocation-satisfied id="2890" threadId="00000000007F6F00" bytesRequested="24" />
<af-end id="2891" timestamp="2020-09-11T10:24:40.904" threadId="00000000007F7880" success="true" from="nursery"/>
<exclusive-end id="2892" timestamp="2020-09-11T10:24:40.904" durationms="113.573" />

<exclusive-start id="2893" timestamp="2020-09-11T10:24:42.822" intervalms="2031.676">
  <response-info timems="1.123" idlems="1.123" threads="0" lastid="0000000000854300" lastname="Group1.Backend.CompositeBackend{Tier1}.7" />
</exclusive-start>
<af-start id="2894" threadId="0000000000854C80" totalBytesRequested="16" timestamp="2020-09-11T10:24:42.823" intervalms="2031.611" type="nursery" />
<cycle-start id="2895" type="scavenge" contextid="0" timestamp="2020-09-11T10:24:42.823" intervalms="2031.628" />
<gc-start id="2896" type="scavenge" contextid="2895" timestamp="2020-09-11T10:24:42.823">
  <mem-info id="2897" free="825644520" total="2821586944" percent="29">
    <mem type="nursery" free="0" total="939524096" percent="0">
      <mem type="allocate" free="0" total="796196864" percent="0" />
      <mem type="survivor" free="0" total="143327232" percent="0" />
    </mem>
    <mem type="tenure" free="825644520" total="1882062848" percent="43">
      <mem type="soa" free="693899752" total="1750318080" percent="39" />
      <mem type="loa" free="131744768" total="131744768" percent="100" />
    </mem>
    <remembered-set count="193746" />
  </mem-info>
</gc-start>
<allocation-stats totalBytes="683061848" >
  <allocated-bytes non-tlh="35939768" tlh="647122080" />
  <largest-consumer threadName="Group1.Backend.CompositeBackend{Tier1}.7" threadId="0000000000854300" bytes="101054704" />
</allocation-stats>
<gc-op id="2898" type="scavenge" timems="109.248" contextid="2895" timestamp="2020-09-11T10:24:42.932">
  <scavenger-info tenureage="3" tenuremask="7ff8" tiltratio="84" />
  <memory-copied type="nursery" objects="4247863" bytes="113184712" bytesdiscarded="224616" />
  <memory-copied type="tenure" objects="1098920" bytes="29523320" bytesdiscarded="64856" />
  <ownableSynchronizers candidates="3686" cleared="3183" />
  <references type="soft" candidates="481" cleared="0" enqueued="0" dynamicThreshold="18" maxThreshold="32" />
  <references type="weak" candidates="132" cleared="132" enqueued="0" />
</gc-op>
<gc-end id="2899" type="scavenge" contextid="2895" durationms="110.113" usertimems="832.881" systemtimems="0.000" timestamp="2020-09-11T10:24:42.933" activeThreads="8">
  <mem-info id="2900" free="1481956888" total="2821586944" percent="52">
    <mem type="nursery" free="685843992" total="939524096" percent="72">
      <mem type="allocate" free="685843992" total="799342592" percent="85" />
      <mem type="survivor" free="0" total="140181504" percent="0" />
    </mem>
    <mem type="tenure" free="796112896" total="1882062848" percent="42" macro-fragmented="0">
      <mem type="soa" free="664368128" total="1750318080" percent="37" />
      <mem type="loa" free="131744768" total="131744768" percent="100" />
    </mem>
    <remembered-set count="31719" />
  </mem-info>
</gc-end>
<cycle-end id="2901" type="scavenge" contextid="2895" timestamp="2020-09-11T10:24:42.936" />
<allocation-satisfied id="2902" threadId="0000000000854300" bytesRequested="16" />
<af-end id="2903" timestamp="2020-09-11T10:24:42.936" threadId="0000000000854C80" success="true" from="nursery"/>
<exclusive-end id="2904" timestamp="2020-09-11T10:24:42.936" durationms="113.710" />

<exclusive-start id="2905" timestamp="2020-09-11T10:24:44.953" intervalms="2130.943">
  <response-info timems="0.580" idlems="0.580" threads="0" lastid="0000000000785E00" lastname="Group1.Backend.CompositeBackend{Tier1}.1" />
</exclusive-start>
<af-start id="2906" threadId="0000000000786780" totalBytesRequested="16" timestamp="2020-09-11T10:24:44.954" intervalms="2130.896" type="nursery" />
<cycle-start id="2907" type="scavenge" contextid="0" timestamp="2020-09-11T10:24:44.954" intervalms="2130.854" />
<gc-start id="2908" type="scavenge" contextid="2907" timestamp="2020-09-11T10:24:44.954">
  <mem-info id="2909" free="796112896" total="2821586944" percent="28">
    <mem type="nursery" free="0" total="939524096" percent="0">
      <mem type="allocate" free="0" total="799342592" percent="0" />
      <mem type="survivor" free="0" total="140181504" percent="0" />
    </mem>
    <mem type="tenure" free="796112896" total="1882062848" percent="42">
      <mem type="soa" free="664368128" total="1750318080" percent="37" />
      <mem type="loa" free="131744768" total="131744768" percent="100" />
    </mem>
    <remembered-set count="196953" />
  </mem-info>
</gc-start>
<allocation-stats totalBytes="685500608" >
  <allocated-bytes non-tlh="27254560" tlh="658246048" />
  <largest-consumer threadName="Group1.Backend.CompositeBackend{Tier1}.7" threadId="0000000000854300" bytes="92406744" />
</allocation-stats>
<gc-op id="2910" type="scavenge" timems="116.477" contextid="2907" timestamp="2020-09-11T10:24:45.071">
  <scavenger-info tenureage="3" tenuremask="7ff8" tiltratio="85" />
  <memory-copied type="nursery" objects="4189159" bytes="111704976" bytesdiscarded="249456" />
  <memory-copied type="tenure" objects="1075527" bytes="28894712" bytesdiscarded="60848" />
  <finalization candidates="1" enqueued="0" />
  <ownableSynchronizers candidates="4227" cleared="3722" />
  <references type="soft" candidates="490" cleared="0" enqueued="0" dynamicThreshold="18" maxThreshold="32" />
  <references type="weak" candidates="124" cleared="124" enqueued="0" />
</gc-op>
<gc-end id="2911" type="scavenge" contextid="2907" durationms="117.631" usertimems="838.469" systemtimems="3.909" timestamp="2020-09-11T10:24:45.071" activeThreads="8">
  <mem-info id="2912" free="1457054560" total="2821586944" percent="51">
    <mem type="nursery" free="689993144" total="939524096" percent="73">
      <mem type="allocate" free="689993144" total="802029568" percent="86" />
      <mem type="survivor" free="0" total="137494528" percent="0" />
    </mem>
    <mem type="tenure" free="767061416" total="1882062848" percent="40" macro-fragmented="0">
      <mem type="soa" free="635316648" total="1750318080" percent="36" />
      <mem type="loa" free="131744768" total="131744768" percent="100" />
    </mem>
    <remembered-set count="31670" />
  </mem-info>
</gc-end>
<cycle-end id="2913" type="scavenge" contextid="2907" timestamp="2020-09-11T10:24:45.073" />
<allocation-satisfied id="2914" threadId="0000000000785E00" bytesRequested="16" />
<af-end id="2915" timestamp="2020-09-11T10:24:45.073" threadId="0000000000786780" success="true" from="nursery"/>
<exclusive-end id="2916" timestamp="2020-09-11T10:24:45.073" durationms="120.029" />

<exclusive-start id="2917" timestamp="2020-09-11T10:24:47.068" intervalms="2115.367">
  <response-info timems="2.845" idlems="2.845" threads="0" lastid="0000000000842600" lastname="Group1.Backend.CompositeBackend{Tier1}.4" />
</exclusive-start>
<af-start id="2918" threadId="0000000000842F80" totalBytesRequested="16" timestamp="2020-09-11T10:24:47.069" intervalms="2115.395" type="nursery" />
<cycle-start id="2919" type="scavenge" contextid="0" timestamp="2020-09-11T10:24:47.069" intervalms="2115.405" />
<gc-start id="2920" type="scavenge" contextid="2919" timestamp="2020-09-11T10:24:47.069">
  <mem-info id="2921" free="767061416" total="2821586944" percent="27">
    <mem type="nursery" free="0" total="939524096" percent="0">
      <mem type="allocate" free="0" total="802029568" percent="0" />
      <mem type="survivor" free="0" total="137494528" percent="0" />
    </mem>
    <mem type="tenure" free="767061416" total="1882062848" percent="40">
      <mem type="soa" free="635316648" total="1750318080" percent="36" />
      <mem type="loa" free="131744768" total="131744768" percent="100" />
    </mem>
    <remembered-set count="192829" />
  </mem-info>
</gc-start>
<allocation-stats totalBytes="689649080" >
  <allocated-bytes non-tlh="37502224" tlh="652146856" />
  <largest-consumer threadName="Group1.Backend.CompositeBackend{Tier1}.5" threadId="0000000000843100" bytes="116853032" />
</allocation-stats>
<gc-op id="2922" type="scavenge" timems="103.884" contextid="2919" timestamp="2020-09-11T10:24:47.173">
  <scavenger-info tenureage="3" tenuremask="7ff8" tiltratio="85" />
  <memory-copied type="nursery" objects="4025823" bytes="108220336" bytesdiscarded="210024" />
  <memory-copied type="tenure" objects="1066401" bytes="28667208" bytesdiscarded="55448" />
  <finalization candidates="1" enqueued="0" />
  <ownableSynchronizers candidates="4316" cleared="3793" />
  <references type="soft" candidates="525" cleared="0" enqueued="0" dynamicThreshold="18" maxThreshold="32" />
  <references type="weak" candidates="123" cleared="123" enqueued="0" />
</gc-op>
<gc-end id="2923" type="scavenge" contextid="2919" durationms="104.959" usertimems="783.415" systemtimems="0.000" timestamp="2020-09-11T10:24:47.174" activeThreads="8">
  <mem-info id="2924" free="1434464264" total="2821586944" percent="50">
    <mem type="nursery" free="696009184" total="939524096" percent="74">
      <mem type="allocate" free="696009184" total="804519936" percent="86" />
      <mem type="survivor" free="0" total="135004160" percent="0" />
    </mem>
    <mem type="tenure" free="738455080" total="1882062848" percent="39" macro-fragmented="0">
      <mem type="soa" free="606710312" total="1750318080" percent="34" />
      <mem type="loa" free="131744768" total="131744768" percent="100" />
    </mem>
    <remembered-set count="29598" />
  </mem-info>
</gc-end>
<cycle-end id="2925" type="scavenge" contextid="2919" timestamp="2020-09-11T10:24:47.176" />
<allocation-satisfied id="2926" threadId="0000000000842600" bytesRequested="16" />
<af-end id="2927" timestamp="2020-09-11T10:24:47.176" threadId="0000000000842F80" success="true" from="nursery"/>
<exclusive-end id="2928" timestamp="2020-09-11T10:24:47.176" durationms="107.336" />

<exclusive-start id="2929" timestamp="2020-09-11T10:24:49.207" intervalms="2138.918">
  <response-info timems="2.482" idlems="2.482" threads="0" lastid="0000000000842600" lastname="Group1.Backend.CompositeBackend{Tier1}.4" />
</exclusive-start>
<af-start id="2930" threadId="0000000000842F80" totalBytesRequested="16" timestamp="2020-09-11T10:24:49.208" intervalms="2138.967" type="nursery" />
<cycle-start id="2931" type="scavenge" contextid="0" timestamp="2020-09-11T10:24:49.208" intervalms="2138.971" />
<gc-start id="2932" type="scavenge" contextid="2931" timestamp="2020-09-11T10:24:49.208">
  <mem-info id="2933" free="738455080" total="2821586944" percent="26">
    <mem type="nursery" free="0" total="939524096" percent="0">
      <mem type="allocate" free="0" total="804519936" percent="0" />
      <mem type="survivor" free="0" total="135004160" percent="0" />
    </mem>
    <mem type="tenure" free="738455080" total="1882062848" percent="39">
      <mem type="soa" free="606710312" total="1750318080" percent="34" />
      <mem type="loa" free="131744768" total="131744768" percent="100" />
    </mem>
    <remembered-set count="194404" />
  </mem-info>
</gc-start>
<allocation-stats totalBytes="695678816" >
  <allocated-bytes non-tlh="29913696" tlh="665765120" />
  <largest-consumer threadName="Group1.Backend.CompositeBackend{Tier1}.5" threadId="0000000000843100" bytes="123360536" />
</allocation-stats>
<gc-op id="2934" type="scavenge" timems="99.308" contextid="2931" timestamp="2020-09-11T10:24:49.308">
  <scavenger-info tenureage="3" tenuremask="7ff8" tiltratio="85" />
  <memory-copied type="nursery" objects="4132280" bytes="110986488" bytesdiscarded="265896" />
  <memory-copied type="tenure" objects="1050521" bytes="28363536" bytesdiscarded="58744" />
  <finalization candidates="1" enqueued="0" />
  <ownableSynchronizers candidates="4667" cleared="4131" />
  <references type="soft" candidates="543" cleared="0" enqueued="0" dynamicThreshold="18" maxThreshold="32" />
  <references type="weak" candidates="127" cleared="127" enqueued="0" />
</gc-op>
<gc-end id="2935" type="scavenge" contextid="2931" durationms="100.297" usertimems="722.431" systemtimems="0.405" timestamp="2020-09-11T10:24:49.309" activeThreads="8">
  <mem-info id="2936" free="1404554192" total="2821586944" percent="49">
    <mem type="nursery" free="694686464" total="939524096" percent="73">
      <mem type="allocate" free="694686464" total="806027264" percent="86" />
      <mem type="survivor" free="0" total="133496832" percent="0" />
    </mem>
    <mem type="tenure" free="709867728" total="1882062848" percent="37" macro-fragmented="0">
      <mem type="soa" free="578122960" total="1750318080" percent="33" />
      <mem type="loa" free="131744768" total="131744768" percent="100" />
    </mem>
    <remembered-set count="28941" />
  </mem-info>
</gc-end>
<cycle-end id="2937" type="scavenge" contextid="2931" timestamp="2020-09-11T10:24:49.310" />
<allocation-satisfied id="2938" threadId="0000000000842600" bytesRequested="16" />
<af-end id="2939" timestamp="2020-09-11T10:24:49.311" threadId="0000000000842F80" success="true" from="nursery"/>
<exclusive-end id="2940" timestamp="2020-09-11T10:24:49.311" durationms="103.352" />

<exclusive-start id="2941" timestamp="2020-09-11T10:24:51.272" intervalms="2064.652">
  <response-info timems="1.114" idlems="1.114" threads="0" lastid="00000000007F6F00" lastname="Group1.Backend.CompositeBackend{Tier1}.2" />
</exclusive-start>
<af-start id="2942" threadId="00000000007F7880" totalBytesRequested="266928" timestamp="2020-09-11T10:24:51.273" intervalms="2064.844" type="nursery" />
<cycle-start id="2943" type="scavenge" contextid="0" timestamp="2020-09-11T10:24:51.273" intervalms="2064.875" />
<gc-start id="2944" type="scavenge" contextid="2943" timestamp="2020-09-11T10:24:51.273">
  <mem-info id="2945" free="710043312" total="2821586944" percent="25">
    <mem type="nursery" free="175584" total="939524096" percent="0">
      <mem type="allocate" free="175584" total="806027264" percent="0" />
      <mem type="survivor" free="0" total="133496832" percent="0" />
    </mem>
    <mem type="tenure" free="709867728" total="1882062848" percent="37">
      <mem type="soa" free="578122960" total="1750318080" percent="33" />
      <mem type="loa" free="131744768" total="131744768" percent="100" />
    </mem>
    <remembered-set count="192354" />
  </mem-info>
</gc-start>
<allocation-stats totalBytes="694166696" >
  <allocated-bytes non-tlh="33064224" tlh="661102472" />
  <largest-consumer threadName="Group1.Backend.CompositeBackend{Tier1}.5" threadId="0000000000843100" bytes="98574008" />
</allocation-stats>
<gc-op id="2946" type="scavenge" timems="139.890" contextid="2943" timestamp="2020-09-11T10:24:51.413">
  <scavenger-info tenureage="3" tenuremask="7ff8" tiltratio="85" />
  <memory-copied type="nursery" objects="4339364" bytes="115254568" bytesdiscarded="146472" />
  <memory-copied type="tenure" objects="1129773" bytes="30385512" bytesdiscarded="89736" />
  <finalization candidates="1" enqueued="0" />
  <ownableSynchronizers candidates="4215" cleared="3658" />
  <references type="soft" candidates="557" cleared="0" enqueued="0" dynamicThreshold="18" maxThreshold="32" />
  <references type="weak" candidates="103" cleared="103" enqueued="0" />
</gc-op>
<gc-end id="2947" type="scavenge" contextid="2943" durationms="140.921" usertimems="914.639" systemtimems="4.768" timestamp="2020-09-11T10:24:51.414" activeThreads="8">
  <mem-info id="2948" free="1369659568" total="2821586944" percent="48">
    <mem type="nursery" free="690212056" total="939524096" percent="73">
      <mem type="allocate" free="690212056" total="805699584" percent="85" />
      <mem type="survivor" free="0" total="133824512" percent="0" />
    </mem>
    <mem type="tenure" free="679447512" total="1882062848" percent="36" macro-fragmented="0">
      <mem type="soa" free="547702744" total="1750318080" percent="31" />
      <mem type="loa" free="131744768" total="131744768" percent="100" />
    </mem>
    <remembered-set count="29788" />
  </mem-info>
</gc-end>
<cycle-end id="2949" type="scavenge" contextid="2943" timestamp="2020-09-11T10:24:51.419" />
<allocation-satisfied id="2950" threadId="00000000007F6F00" bytesRequested="266928" />
<af-end id="2951" timestamp="2020-09-11T10:24:51.419" threadId="00000000007F7880" success="true" from="nursery"/>
<exclusive-end id="2952" timestamp="2020-09-11T10:24:51.419" durationms="146.988" />

<exclusive-start id="2953" timestamp="2020-09-11T10:24:53.417" intervalms="2145.560">
  <response-info timems="0.483" idlems="0.483" threads="0" lastid="0000000000843D00" lastname="Group1.Backend.CompositeBackend{Tier1}.6" />
</exclusive-start>
<af-start id="2954" threadId="0000000000844680" totalBytesRequested="16" timestamp="2020-09-11T10:24:53.418" intervalms="2145.399" type="nursery" />
<cycle-start id="2955" type="scavenge" contextid="0" timestamp="2020-09-11T10:24:53.418" intervalms="2145.472" />
<gc-start id="2956" type="scavenge" contextid="2955" timestamp="2020-09-11T10:24:53.419">
  <mem-info id="2957" free="679447512" total="2821586944" percent="24">
    <mem type="nursery" free="0" total="939524096" percent="0">
      <mem type="allocate" free="0" total="805699584" percent="0" />
      <mem type="survivor" free="0" total="133824512" percent="0" />
    </mem>
    <mem type="tenure" free="679447512" total="1882062848" percent="36">
      <mem type="soa" free="547702744" total="1750318080" percent="31" />
      <mem type="loa" free="131744768" total="131744768" percent="100" />
    </mem>
    <remembered-set count="195701" />
  </mem-info>
</gc-start>
<allocation-stats totalBytes="689872496" >
  <allocated-bytes non-tlh="32163096" tlh="657709400" />
  <largest-consumer threadName="Group1.Backend.CompositeBackend{Tier1}.5" threadId="0000000000843100" bytes="99142176" />
</allocation-stats>
<gc-op id="2958" type="scavenge" timems="102.053" contextid="2955" timestamp="2020-09-11T10:24:53.521">
  <scavenger-info tenureage="3" tenuremask="7ff8" tiltratio="85" />
  <memory-copied type="nursery" objects="4149354" bytes="111331032" bytesdiscarded="323944" />
  <memory-copied type="tenure" objects="1088777" bytes="29286944" bytesdiscarded="61536" />
  <ownableSynchronizers candidates="4753" cleared="4176" />
  <references type="soft" candidates="547" cleared="0" enqueued="0" dynamicThreshold="18" maxThreshold="32" />
  <references type="weak" candidates="118" cleared="118" enqueued="0" />
</gc-op>
<gc-end id="2959" type="scavenge" contextid="2955" durationms="103.117" usertimems="747.112" systemtimems="0.000" timestamp="2020-09-11T10:24:53.522" activeThreads="8">
  <mem-info id="2960" free="1345100056" total="2821586944" percent="47">
    <mem type="nursery" free="694869248" total="939524096" percent="73">
      <mem type="allocate" free="694869248" total="806617088" percent="86" />
      <mem type="survivor" free="0" total="132907008" percent="0" />
    </mem>
    <mem type="tenure" free="650230808" total="1882062848" percent="34" macro-fragmented="0">
      <mem type="soa" free="518486040" total="1750318080" percent="29" />
      <mem type="loa" free="131744768" total="131744768" percent="100" />
    </mem>
    <remembered-set count="31667" />
  </mem-info>
</gc-end>
<cycle-end id="2961" type="scavenge" contextid="2955" timestamp="2020-09-11T10:24:53.523" />
<allocation-satisfied id="2962" threadId="0000000000843D00" bytesRequested="16" />
<af-end id="2963" timestamp="2020-09-11T10:24:53.523" threadId="0000000000844680" success="true" from="nursery"/>
<exclusive-end id="2964" timestamp="2020-09-11T10:24:53.523" durationms="105.546" />

<exclusive-start id="2965" timestamp="2020-09-11T10:24:55.585" intervalms="2167.450">
  <response-info timems="0.963" idlems="0.486" threads="1" lastid="0000000000837900" lastname="Group1.Backend.CompositeBackend{Tier1}.8" />
</exclusive-start>
<af-start id="2966" threadId="0000000000842F80" totalBytesRequested="24" timestamp="2020-09-11T10:24:55.586" intervalms="2167.591" type="nursery" />
<cycle-start id="2967" type="scavenge" contextid="0" timestamp="2020-09-11T10:24:55.586" intervalms="2167.497" />
<gc-start id="2968" type="scavenge" contextid="2967" timestamp="2020-09-11T10:24:55.586">
  <mem-info id="2969" free="650230808" total="2821586944" percent="23">
    <mem type="nursery" free="0" total="939524096" percent="0">
      <mem type="allocate" free="0" total="806617088" percent="0" />
      <mem type="survivor" free="0" total="132907008" percent="0" />
    </mem>
    <mem type="tenure" free="650230808" total="1882062848" percent="34">
      <mem type="soa" free="518486040" total="1750318080" percent="29" />
      <mem type="loa" free="131744768" total="131744768" percent="100" />
    </mem>
    <remembered-set count="198232" />
  </mem-info>
</gc-start>
<allocation-stats totalBytes="694524392" >
  <allocated-bytes non-tlh="29002864" tlh="665521528" />
  <largest-consumer threadName="Group1.Backend.CompositeBackend{Tier1}.5" threadId="0000000000843100" bytes="100516200" />
</allocation-stats>
<gc-op id="2970" type="scavenge" timems="104.404" contextid="2967" timestamp="2020-09-11T10:24:55.691">
  <scavenger-info tenureage="3" tenuremask="7ff8" tiltratio="85" />
  <memory-copied type="nursery" objects="4207796" bytes="112769896" bytesdiscarded="175032" />
  <memory-copied type="tenure" objects="1109479" bytes="29861456" bytesdiscarded="59256" />
  <ownableSynchronizers candidates="4496" cleared="3938" />
  <references type="soft" candidates="517" cleared="0" enqueued="0" dynamicThreshold="18" maxThreshold="32" />
  <references type="weak" candidates="113" cleared="113" enqueued="0" />
</gc-op>
<gc-end id="2971" type="scavenge" contextid="2967" durationms="105.846" usertimems="788.278" systemtimems="0.000" timestamp="2020-09-11T10:24:55.692" activeThreads="8">
  <mem-info id="2972" free="1314726176" total="2821586944" percent="46">
    <mem type="nursery" free="694569976" total="939524096" percent="73">
      <mem type="allocate" free="694569976" total="807600128" percent="86" />
      <mem type="survivor" free="0" total="131923968" percent="0" />
    </mem>
    <mem type="tenure" free="620156200" total="1882062848" percent="32" macro-fragmented="0">
      <mem type="soa" free="488411432" total="1750318080" percent="27" />
      <mem type="loa" free="131744768" total="131744768" percent="100" />
    </mem>
    <remembered-set count="32926" />
  </mem-info>
</gc-end>
<cycle-end id="2973" type="scavenge" contextid="2967" timestamp="2020-09-11T10:24:55.693" />
<allocation-satisfied id="2974" threadId="0000000000842600" bytesRequested="24" />
<af-end id="2975" timestamp="2020-09-11T10:24:55.693" threadId="0000000000842F80" success="true" from="nursery"/>
<exclusive-end id="2976" timestamp="2020-09-11T10:24:55.693" durationms="108.409" />

<exclusive-start id="2977" timestamp="2020-09-11T10:24:57.636" intervalms="2051.616">
  <response-info timems="0.384" idlems="0.384" threads="0" lastid="00000000007F6F00" lastname="Group1.Backend.CompositeBackend{Tier1}.2" />
</exclusive-start>
<af-start id="2978" threadId="00000000007F7880" totalBytesRequested="16" timestamp="2020-09-11T10:24:57.637" intervalms="2051.434" type="nursery" />
<cycle-start id="2979" type="scavenge" contextid="0" timestamp="2020-09-11T10:24:57.637" intervalms="2051.447" />
<gc-start id="2980" type="scavenge" contextid="2979" timestamp="2020-09-11T10:24:57.638">
  <mem-info id="2981" free="620156200" total="2821586944" percent="21">
    <mem type="nursery" free="0" total="939524096" percent="0">
      <mem type="allocate" free="0" total="807600128" percent="0" />
      <mem type="survivor" free="0" total="131923968" percent="0" />
    </mem>
    <mem type="tenure" free="620156200" total="1882062848" percent="32">
      <mem type="soa" free="488411432" total="1750318080" percent="27" />
      <mem type="loa" free="131744768" total="131744768" percent="100" />
    </mem>
    <remembered-set count="194442" />
  </mem-info>
</gc-start>
<allocation-stats totalBytes="694250288" >
  <allocated-bytes non-tlh="37747032" tlh="656503256" />
  <largest-consumer threadName="Group1.Backend.CompositeBackend{Tier1}.1" threadId="0000000000785E00" bytes="104162616" />
</allocation-stats>
<gc-op id="2982" type="scavenge" timems="97.684" contextid="2979" timestamp="2020-09-11T10:24:57.735">
  <scavenger-info tenureage="3" tenuremask="7ff8" tiltratio="85" />
  <memory-copied type="nursery" objects="4308429" bytes="114909864" bytesdiscarded="156600" />
  <memory-copied type="tenure" objects="1083197" bytes="29104848" bytesdiscarded="73632" />
  <ownableSynchronizers candidates="3709" cleared="3181" />
  <references type="soft" candidates="492" cleared="0" enqueued="0" dynamicThreshold="18" maxThreshold="32" />
  <references type="weak" candidates="117" cleared="117" enqueued="0" />
</gc-op>
<gc-end id="2983" type="scavenge" contextid="2979" durationms="98.743" usertimems="763.675" systemtimems="0.000" timestamp="2020-09-11T10:24:57.736" activeThreads="8">
  <mem-info id="2984" free="1284203160" total="2821586944" percent="45">
    <mem type="nursery" free="693106160" total="939524096" percent="73">
      <mem type="allocate" free="693106160" total="808255488" percent="85" />
      <mem type="survivor" free="0" total="131268608" percent="0" />
    </mem>
    <mem type="tenure" free="591097000" total="1882062848" percent="31" macro-fragmented="0">
      <mem type="soa" free="459352232" total="1750318080" percent="26" />
      <mem type="loa" free="131744768" total="131744768" percent="100" />
    </mem>
    <remembered-set count="32497" />
  </mem-info>
</gc-end>
<cycle-end id="2985" type="scavenge" contextid="2979" timestamp="2020-09-11T10:24:57.737" />
<allocation-satisfied id="2986" threadId="00000000007F6F00" bytesRequested="16" />
<af-end id="2987" timestamp="2020-09-11T10:24:57.738" threadId="00000000007F7880" success="true" from="nursery"/>
<exclusive-end id="2988" timestamp="2020-09-11T10:24:57.738" durationms="101.034" />

<exclusive-start id="2989" timestamp="2020-09-11T10:24:59.720" intervalms="2083.281">
  <response-info timems="0.851" idlems="0.639" threads="1" lastid="0000000000785E00" lastname="Group1.Backend.CompositeBackend{Tier1}.1" />
</exclusive-start>
<af-start id="2990" threadId="0000000000843A80" totalBytesRequested="32" timestamp="2020-09-11T10:24:59.721" intervalms="2083.369" type="nursery" />
<cycle-start id="2991" type="scavenge" contextid="0" timestamp="2020-09-11T10:24:59.721" intervalms="2083.350" />
<gc-start id="2992" type="scavenge" contextid="2991" timestamp="2020-09-11T10:24:59.721">
  <mem-info id="2993" free="591097000" total="2821586944" percent="20">
    <mem type="nursery" free="0" total="939524096" percent="0">
      <mem type="allocate" free="0" total="808255488" percent="0" />
      <mem type="survivor" free="0" total="131268608" percent="0" />
    </mem>
    <mem type="tenure" free="591097000" total="1882062848" percent="31">
      <mem type="soa" free="459352232" total="1750318080" percent="26" />
      <mem type="loa" free="131744768" total="131744768" percent="100" />
    </mem>
    <remembered-set count="195577" />
  </mem-info>
</gc-start>
<allocation-stats totalBytes="692786528" >
  <allocated-bytes non-tlh="34416072" tlh="658370456" />
  <largest-consumer threadName="Group1.Backend.CompositeBackend{Tier1}.6" threadId="0000000000843D00" bytes="95683648" />
</allocation-stats>
<gc-op id="2994" type="scavenge" timems="125.368" contextid="2991" timestamp="2020-09-11T10:24:59.846">
  <scavenger-info tenureage="3" tenuremask="7ff8" tiltratio="86" />
  <memory-copied type="nursery" objects="4343065" bytes="115617800" bytesdiscarded="218432" />
  <memory-copied type="tenure" objects="1125884" bytes="30255032" bytesdiscarded="70400" />
  <ownableSynchronizers candidates="3893" cleared="3385" />
  <references type="soft" candidates="464" cleared="0" enqueued="0" dynamicThreshold="18" maxThreshold="32" />
  <references type="weak" candidates="132" cleared="132" enqueued="0" />
</gc-op>
<gc-end id="2995" type="scavenge" contextid="2991" durationms="126.536" usertimems="965.546" systemtimems="2.778" timestamp="2020-09-11T10:24:59.847" activeThreads="8">
  <mem-info id="2996" free="1253960352" total="2821586944" percent="44">
    <mem type="nursery" free="693120416" total="939524096" percent="73">
      <mem type="allocate" free="693120416" total="809041920" percent="85" />
      <mem type="survivor" free="0" total="130482176" percent="0" />
    </mem>
    <mem type="tenure" free="560839936" total="1882062848" percent="29" macro-fragmented="0">
      <mem type="soa" free="429095168" total="1750318080" percent="24" />
      <mem type="loa" free="131744768" total="131744768" percent="100" />
    </mem>
    <remembered-set count="32533" />
  </mem-info>
</gc-end>
<cycle-end id="2997" type="scavenge" contextid="2991" timestamp="2020-09-11T10:24:59.849" />
<allocation-satisfied id="2998" threadId="0000000000843100" bytesRequested="32" />
<af-end id="2999" timestamp="2020-09-11T10:24:59.849" threadId="0000000000843A80" success="true" from="nursery"/>
<exclusive-end id="3000" timestamp="2020-09-11T10:24:59.849" durationms="129.343" />

<exclusive-start id="3001" timestamp="2020-09-11T10:25:01.818" intervalms="2097.957">
  <response-info timems="0.430" idlems="0.430" threads="0" lastid="0000000000856800" lastname="Group1.Backend.CompositeBackend{Tier1}.3" />
</exclusive-start>
<af-start id="3002" threadId="0000000000857180" totalBytesRequested="16" timestamp="2020-09-11T10:25:01.818" intervalms="2097.903" type="nursery" />
<cycle-start id="3003" type="scavenge" contextid="0" timestamp="2020-09-11T10:25:01.819" intervalms="2097.890" />
<gc-start id="3004" type="scavenge" contextid="3003" timestamp="2020-09-11T10:25:01.819">
  <mem-info id="3005" free="560839936" total="2821586944" percent="19">
    <mem type="nursery" free="0" total="939524096" percent="0">
      <mem type="allocate" free="0" total="809041920" percent="0" />
      <mem type="survivor" free="0" total="130482176" percent="0" />
    </mem>
    <mem type="tenure" free="560839936" total="1882062848" percent="29">
      <mem type="soa" free="429095168" total="1750318080" percent="24" />
      <mem type="loa" free="131744768" total="131744768" percent="100" />
    </mem>
    <remembered-set count="195592" />
  </mem-info>
</gc-start>
<allocation-stats totalBytes="692797000" >
  <allocated-bytes non-tlh="35551024" tlh="657245976" />
  <largest-consumer threadName="Group1.Backend.CompositeBackend{Tier1}.5" threadId="0000000000843100" bytes="89661336" />
</allocation-stats>
<gc-op id="3006" type="scavenge" timems="117.608" contextid="3003" timestamp="2020-09-11T10:25:01.937">
  <scavenger-info tenureage="3" tenuremask="7ff8" tiltratio="86" />
  <memory-copied type="nursery" objects="4571527" bytes="120150912" bytesdiscarded="356640" />
  <memory-copied type="tenure" objects="1128852" bytes="30343776" bytesdiscarded="64496" />
  <ownableSynchronizers candidates="4005" cleared="3518" />
  <references type="soft" candidates="482" cleared="0" enqueued="0" dynamicThreshold="18" maxThreshold="32" />
  <references type="weak" candidates="112" cleared="112" enqueued="0" />
</gc-op>
<gc-end id="3007" type="scavenge" contextid="3003" durationms="118.841" usertimems="891.761" systemtimems="0.000" timestamp="2020-09-11T10:25:01.938" activeThreads="8">
  <mem-info id="3008" free="1211520864" total="2821586944" percent="42">
    <mem type="nursery" free="681106632" total="939524096" percent="72">
      <mem type="allocate" free="681106632" total="801701888" percent="84" />
      <mem type="survivor" free="0" total="137822208" percent="0" />
    </mem>
    <mem type="tenure" free="530414232" total="1882062848" percent="28" macro-fragmented="0">
      <mem type="soa" free="398669464" total="1750318080" percent="22" />
      <mem type="loa" free="131744768" total="131744768" percent="100" />
    </mem>
    <remembered-set count="32130" />
  </mem-info>
</gc-end>
<cycle-end id="3009" type="scavenge" contextid="3003" timestamp="2020-09-11T10:25:01.939" />
<allocation-satisfied id="3010" threadId="0000000000856800" bytesRequested="16" />
<af-end id="3011" timestamp="2020-09-11T10:25:01.939" threadId="0000000000857180" success="true" from="nursery"/>
<exclusive-end id="3012" timestamp="2020-09-11T10:25:01.939" durationms="121.682" />

<exclusive-start id="3013" timestamp="2020-09-11T10:25:03.876" intervalms="2057.860">
  <response-info timems="0.735" idlems="0.735" threads="0" lastid="00000000007F6F00" lastname="Group1.Backend.CompositeBackend{Tier1}.2" />
</exclusive-start>
<af-start id="3014" threadId="00000000007F7880" totalBytesRequested="16" timestamp="2020-09-11T10:25:03.877" intervalms="2058.254" type="nursery" />
<cycle-start id="3015" type="scavenge" contextid="0" timestamp="2020-09-11T10:25:03.877" intervalms="2058.253" />
<gc-start id="3016" type="scavenge" contextid="3015" timestamp="2020-09-11T10:25:03.877">
  <mem-info id="3017" free="530414232" total="2821586944" percent="18">
    <mem type="nursery" free="0" total="939524096" percent="0">
      <mem type="allocate" free="0" total="801701888" percent="0" />
      <mem type="survivor" free="0" total="137822208" percent="0" />
    </mem>
    <mem type="tenure" free="530414232" total="1882062848" percent="28">
      <mem type="soa" free="398669464" total="1750318080" percent="22" />
      <mem type="loa" free="131744768" total="131744768" percent="100" />
    </mem>
    <remembered-set count="193712" />
  </mem-info>
</gc-start>
<allocation-stats totalBytes="680789576" >
  <allocated-bytes non-tlh="32988416" tlh="647801160" />
  <largest-consumer threadName="Group1.Backend.CompositeBackend{Tier1}.6" threadId="0000000000843D00" bytes="92795696" />
</allocation-stats>
<gc-op id="3018" type="scavenge" timems="99.847" contextid="3015" timestamp="2020-09-11T10:25:03.977">
  <scavenger-info tenureage="3" tenuremask="7ff8" tiltratio="85" />
  <memory-copied type="nursery" objects="4273636" bytes="113706264" bytesdiscarded="199448" />
  <memory-copied type="tenure" objects="1083427" bytes="29110464" bytesdiscarded="73480" />
  <ownableSynchronizers candidates="4223" cleared="3725" />
  <references type="soft" candidates="501" cleared="0" enqueued="0" dynamicThreshold="18" maxThreshold="32" />
  <references type="weak" candidates="138" cleared="138" enqueued="0" />
</gc-op>
<gc-end id="3019" type="scavenge" contextid="3015" durationms="100.785" usertimems="743.048" systemtimems="0.000" timestamp="2020-09-11T10:25:03.978" activeThreads="8">
  <mem-info id="3020" free="1189388480" total="2821586944" percent="42">
    <mem type="nursery" free="688363256" total="939524096" percent="73">
      <mem type="allocate" free="688363256" total="802357248" percent="85" />
      <mem type="survivor" free="0" total="137166848" percent="0" />
    </mem>
    <mem type="tenure" free="501025224" total="1882062848" percent="26" macro-fragmented="0">
      <mem type="soa" free="369280456" total="1750318080" percent="21" />
      <mem type="loa" free="131744768" total="131744768" percent="100" />
    </mem>
    <remembered-set count="30930" />
  </mem-info>
</gc-end>
<cycle-end id="3021" type="scavenge" contextid="3015" timestamp="2020-09-11T10:25:03.979" />
<allocation-satisfied id="3022" threadId="00000000007F6F00" bytesRequested="16" />
<af-end id="3023" timestamp="2020-09-11T10:25:03.979" threadId="00000000007F7880" success="true" from="nursery"/>
<exclusive-end id="3024" timestamp="2020-09-11T10:25:03.979" durationms="103.685" />

<exclusive-start id="3025" timestamp="2020-09-11T10:25:06.083" intervalms="2207.332">
  <response-info timems="0.355" idlems="0.355" threads="0" lastid="0000000000842600" lastname="Group1.Backend.CompositeBackend{Tier1}.4" />
</exclusive-start>
<af-start id="3026" threadId="0000000000842F80" totalBytesRequested="16" timestamp="2020-09-11T10:25:06.084" intervalms="2206.968" type="nursery" />
<cycle-start id="3027" type="scavenge" contextid="0" timestamp="2020-09-11T10:25:06.084" intervalms="2207.000" />
<gc-start id="3028" type="scavenge" contextid="3027" timestamp="2020-09-11T10:25:06.084">
  <mem-info id="3029" free="501025224" total="2821586944" percent="17">
    <mem type="nursery" free="0" total="939524096" percent="0">
      <mem type="allocate" free="0" total="802357248" percent="0" />
      <mem type="survivor" free="0" total="137166848" percent="0" />
    </mem>
    <mem type="tenure" free="501025224" total="1882062848" percent="26">
      <mem type="soa" free="369280456" total="1750318080" percent="21" />
      <mem type="loa" free="131744768" total="131744768" percent="100" />
    </mem>
    <remembered-set count="199258" />
  </mem-info>
</gc-start>
<allocation-stats totalBytes="688015840" >
  <allocated-bytes non-tlh="23452472" tlh="664563368" />
  <largest-consumer threadName="Group1.Backend.CompositeBackend{Tier1}.3" threadId="0000000000856800" bytes="105200952" />
</allocation-stats>
<gc-op id="3030" type="scavenge" timems="123.341" contextid="3027" timestamp="2020-09-11T10:25:06.208">
  <scavenger-info tenureage="3" tenuremask="7ff8" tiltratio="85" />
  <memory-copied type="nursery" objects="4474469" bytes="118507480" bytesdiscarded="242584" />
  <memory-copied type="tenure" objects="1081689" bytes="29059184" bytesdiscarded="65976" />
  <ownableSynchronizers candidates="4013" cleared="3516" />
  <references type="soft" candidates="515" cleared="0" enqueued="0" dynamicThreshold="18" maxThreshold="32" />
  <references type="weak" candidates="106" cleared="106" enqueued="0" />
</gc-op>
<gc-end id="3031" type="scavenge" contextid="3027" durationms="124.587" usertimems="916.197" systemtimems="9.190" timestamp="2020-09-11T10:25:06.209" activeThreads="8">
  <mem-info id="3032" free="1154830816" total="2821586944" percent="40">
    <mem type="nursery" free="682734664" total="939524096" percent="72">
      <mem type="allocate" free="682734664" total="801570816" percent="85" />
      <mem type="survivor" free="0" total="137953280" percent="0" />
    </mem>
    <mem type="tenure" free="472096152" total="1882062848" percent="25" macro-fragmented="0">
      <mem type="soa" free="340351384" total="1750318080" percent="19" />
      <mem type="loa" free="131744768" total="131744768" percent="100" />
    </mem>
    <remembered-set count="30973" />
  </mem-info>
</gc-end>
<cycle-end id="3033" type="scavenge" contextid="3027" timestamp="2020-09-11T10:25:06.210" />
<allocation-satisfied id="3034" threadId="0000000000842600" bytesRequested="16" />
<af-end id="3035" timestamp="2020-09-11T10:25:06.210" threadId="0000000000842F80" success="true" from="nursery"/>
<exclusive-end id="3036" timestamp="2020-09-11T10:25:06.210" durationms="127.315" />

<exclusive-start id="3037" timestamp="2020-09-11T10:25:08.089" intervalms="2005.865">
  <response-info timems="0.715" idlems="0.361" threads="1" lastid="0000000000843100" lastname="Group1.Backend.CompositeBackend{Tier1}.5" />
</exclusive-start>
<af-start id="3038" threadId="0000000000857180" totalBytesRequested="16" timestamp="2020-09-11T10:25:08.089" intervalms="2005.721" type="nursery" />
<cycle-start id="3039" type="scavenge" contextid="0" timestamp="2020-09-11T10:25:08.090" intervalms="2005.683" />
<gc-start id="3040" type="scavenge" contextid="3039" timestamp="2020-09-11T10:25:08.090">
  <mem-info id="3041" free="472096152" total="2821586944" percent="16">
    <mem type="nursery" free="0" total="939524096" percent="0">
      <mem type="allocate" free="0" total="801570816" percent="0" />
      <mem type="survivor" free="0" total="137953280" percent="0" />
    </mem>
    <mem type="tenure" free="472096152" total="1882062848" percent="25">
      <mem type="soa" free="340351384" total="1750318080" percent="19" />
      <mem type="loa" free="131744768" total="131744768" percent="100" />
    </mem>
    <remembered-set count="191765" />
  </mem-info>
</gc-start>
<allocation-stats totalBytes="682415288" >
  <allocated-bytes non-tlh="35011312" tlh="647403976" />
  <largest-consumer threadName="Group1.Backend.CompositeBackend{Tier1}.3" threadId="0000000000856800" bytes="87329192" />
</allocation-stats>
<gc-op id="3042" type="scavenge" timems="106.956" contextid="3039" timestamp="2020-09-11T10:25:08.197">
  <scavenger-info tenureage="3" tenuremask="7ff8" tiltratio="85" />
  <memory-copied type="nursery" objects="4224706" bytes="112744552" bytesdiscarded="583528" />
  <memory-copied type="tenure" objects="1081452" bytes="29065440" bytesdiscarded="75864" />
  <ownableSynchronizers candidates="4227" cleared="3721" />
  <references type="soft" candidates="512" cleared="0" enqueued="0" dynamicThreshold="18" maxThreshold="32" />
  <references type="weak" candidates="102" cleared="102" enqueued="0" />
</gc-op>
<gc-end id="3043" type="scavenge" contextid="3039" durationms="108.321" usertimems="799.714" systemtimems="2.189" timestamp="2020-09-11T10:25:08.198" activeThreads="8">
  <mem-info id="3044" free="1132189264" total="2821586944" percent="40">
    <mem type="nursery" free="689209848" total="939524096" percent="73">
      <mem type="allocate" free="689209848" total="802619392" percent="85" />
      <mem type="survivor" free="0" total="136904704" percent="0" />
    </mem>
    <mem type="tenure" free="442979416" total="1882062848" percent="23" macro-fragmented="0">
      <mem type="soa" free="311234648" total="1750318080" percent="17" />
      <mem type="loa" free="131744768" total="131744768" percent="100" />
    </mem>
    <remembered-set count="29402" />
  </mem-info>
</gc-end>
<cycle-end id="3045" type="scavenge" contextid="3039" timestamp="2020-09-11T10:25:08.200" />
<allocation-satisfied id="3046" threadId="0000000000856800" bytesRequested="16" />
<af-end id="3047" timestamp="2020-09-11T10:25:08.200" threadId="0000000000857180" success="true" from="nursery"/>
<exclusive-end id="3048" timestamp="2020-09-11T10:25:08.200" durationms="111.355" />

<exclusive-start id="3049" timestamp="2020-09-11T10:25:10.284" intervalms="2194.949">
  <response-info timems="0.448" idlems="0.234" threads="1" lastid="0000000000843D00" lastname="Group1.Backend.CompositeBackend{Tier1}.6" />
</exclusive-start>
<af-start id="3050" threadId="0000000000854C80" totalBytesRequested="400" timestamp="2020-09-11T10:25:10.284" intervalms="2194.999" type="nursery" />
<cycle-start id="3051" type="scavenge" contextid="0" timestamp="2020-09-11T10:25:10.285" intervalms="2195.017" />
<gc-start id="3052" type="scavenge" contextid="3051" timestamp="2020-09-11T10:25:10.285">
  <mem-info id="3053" free="442979416" total="2821586944" percent="15">
    <mem type="nursery" free="0" total="939524096" percent="0">
      <mem type="allocate" free="0" total="802619392" percent="0" />
      <mem type="survivor" free="0" total="136904704" percent="0" />
    </mem>
    <mem type="tenure" free="442979416" total="1882062848" percent="23">
      <mem type="soa" free="311234648" total="1750318080" percent="17" />
      <mem type="loa" free="131744768" total="131744768" percent="100" />
    </mem>
    <remembered-set count="194880" />
  </mem-info>
</gc-start>
<allocation-stats totalBytes="688889648" >
  <allocated-bytes non-tlh="28645480" tlh="660244168" />
  <largest-consumer threadName="Group1.Backend.CompositeBackend{Tier1}.2" threadId="00000000007F6F00" bytes="135120520" />
</allocation-stats>
<gc-op id="3054" type="scavenge" timems="114.356" contextid="3051" timestamp="2020-09-11T10:25:10.399">
  <scavenger-info tenureage="3" tenuremask="7ff8" tiltratio="85" />
  <memory-copied type="nursery" objects="4437257" bytes="117648824" bytesdiscarded="172040" />
  <memory-copied type="tenure" objects="1060119" bytes="28510896" bytesdiscarded="79592" />
  <ownableSynchronizers candidates="3955" cleared="3450" />
  <references type="soft" candidates="504" cleared="0" enqueued="0" dynamicThreshold="18" maxThreshold="32" />
  <references type="weak" candidates="113" cleared="112" enqueued="0" />
</gc-op>
<gc-end id="3055" type="scavenge" contextid="3051" durationms="115.470" usertimems="881.896" systemtimems="2.926" timestamp="2020-09-11T10:25:10.400" activeThreads="8">
  <mem-info id="3056" free="1098648184" total="2821586944" percent="38">
    <mem type="nursery" free="684381424" total="939524096" percent="72">
      <mem type="allocate" free="684381424" total="802291712" percent="85" />
      <mem type="survivor" free="0" total="137232384" percent="0" />
    </mem>
    <mem type="tenure" free="414266760" total="1882062848" percent="22" macro-fragmented="0">
      <mem type="soa" free="282521992" total="1750318080" percent="16" />
      <mem type="loa" free="131744768" total="131744768" percent="100" />
    </mem>
    <remembered-set count="30677" />
  </mem-info>
</gc-end>
<cycle-end id="3057" type="scavenge" contextid="3051" timestamp="2020-09-11T10:25:10.401" />
<allocation-satisfied id="3058" threadId="0000000000854300" bytesRequested="400" />
<af-end id="3059" timestamp="2020-09-11T10:25:10.402" threadId="0000000000854C80" success="true" from="nursery"/>
<exclusive-end id="3060" timestamp="2020-09-11T10:25:10.402" durationms="117.846" />

<exclusive-start id="3061" timestamp="2020-09-11T10:25:12.318" intervalms="2034.119">
  <response-info timems="0.488" idlems="0.488" threads="0" lastid="0000000000843D00" lastname="Group1.Backend.CompositeBackend{Tier1}.6" />
</exclusive-start>
<af-start id="3062" threadId="0000000000844680" totalBytesRequested="524296" timestamp="2020-09-11T10:25:12.319" intervalms="2034.100" type="nursery" />
<cycle-start id="3063" type="scavenge" contextid="0" timestamp="2020-09-11T10:25:12.319" intervalms="2034.103" />
<gc-start id="3064" type="scavenge" contextid="3063" timestamp="2020-09-11T10:25:12.319">
  <mem-info id="3065" free="414266760" total="2821586944" percent="14">
    <mem type="nursery" free="0" total="939524096" percent="0">
      <mem type="allocate" free="0" total="802291712" percent="0" />
      <mem type="survivor" free="0" total="137232384" percent="0" />
    </mem>
    <mem type="tenure" free="414266760" total="1882062848" percent="22">
      <mem type="soa" free="282521992" total="1750318080" percent="16" />
      <mem type="loa" free="131744768" total="131744768" percent="100" />
    </mem>
    <remembered-set count="191217" />
  </mem-info>
</gc-start>
<allocation-stats totalBytes="684044496" >
  <allocated-bytes non-tlh="34920128" tlh="649124368" />
  <largest-consumer threadName="Group1.Backend.CompositeBackend{Tier1}.2" threadId="00000000007F6F00" bytes="136131320" />
</allocation-stats>
<gc-op id="3066" type="scavenge" timems="119.424" contextid="3063" timestamp="2020-09-11T10:25:12.438">
  <scavenger-info tenureage="3" tenuremask="7ff8" tiltratio="85" />
  <memory-copied type="nursery" objects="4224540" bytes="112467744" bytesdiscarded="226296" />
  <memory-copied type="tenure" objects="1146001" bytes="30793424" bytesdiscarded="85400" />
  <ownableSynchronizers candidates="5195" cleared="4668" />
  <references type="soft" candidates="522" cleared="0" enqueued="0" dynamicThreshold="18" maxThreshold="32" />
  <references type="weak" candidates="127" cleared="127" enqueued="0" />
</gc-op>
<gc-end id="3067" type="scavenge" contextid="3063" durationms="120.430" usertimems="865.420" systemtimems="4.361" timestamp="2020-09-11T10:25:12.439" activeThreads="8">
  <mem-info id="3068" free="1073980024" total="2821586944" percent="38">
    <mem type="nursery" free="690626032" total="939524096" percent="73">
      <mem type="allocate" free="690626032" total="803405824" percent="85" />
      <mem type="survivor" free="0" total="136118272" percent="0" />
    </mem>
    <mem type="tenure" free="383353992" total="1882062848" percent="20" macro-fragmented="0">
      <mem type="soa" free="251609224" total="1750318080" percent="14" />
      <mem type="loa" free="131744768" total="131744768" percent="100" />
    </mem>
    <remembered-set count="29183" />
  </mem-info>
</gc-end>
<cycle-end id="3069" type="scavenge" contextid="3063" timestamp="2020-09-11T10:25:12.441" />
<allocation-satisfied id="3070" threadId="0000000000843D00" bytesRequested="524296" />
<af-end id="3071" timestamp="2020-09-11T10:25:12.441" threadId="0000000000844680" success="true" from="nursery"/>
<exclusive-end id="3072" timestamp="2020-09-11T10:25:12.441" durationms="122.863" />

<exclusive-start id="3073" timestamp="2020-09-11T10:25:14.421" intervalms="2102.726">
  <response-info timems="0.472" idlems="0.472" threads="0" lastid="00000000007F6F00" lastname="Group1.Backend.CompositeBackend{Tier1}.2" />
</exclusive-start>
<af-start id="3074" threadId="00000000007F7880" totalBytesRequested="24" timestamp="2020-09-11T10:25:14.421" intervalms="2102.786" type="nursery" />
<cycle-start id="3075" type="scavenge" contextid="0" timestamp="2020-09-11T10:25:14.421" intervalms="2102.776" />
<gc-start id="3076" type="scavenge" contextid="3075" timestamp="2020-09-11T10:25:14.422">
  <mem-info id="3077" free="383353992" total="2821586944" percent="13">
    <mem type="nursery" free="0" total="939524096" percent="0">
      <mem type="allocate" free="0" total="803405824" percent="0" />
      <mem type="survivor" free="0" total="136118272" percent="0" />
    </mem>
    <mem type="tenure" free="383353992" total="1882062848" percent="20">
      <mem type="soa" free="251609224" total="1750318080" percent="14" />
      <mem type="loa" free="131744768" total="131744768" percent="100" />
    </mem>
    <remembered-set count="193730" />
  </mem-info>
</gc-start>
<allocation-stats totalBytes="690294792" >
  <allocated-bytes non-tlh="33580616" tlh="656714176" />
  <largest-consumer threadName="Group1.Backend.CompositeBackend{Tier1}.2" threadId="00000000007F6F00" bytes="101928632" />
</allocation-stats>
<gc-op id="3078" type="scavenge" timems="116.472" contextid="3075" timestamp="2020-09-11T10:25:14.538">
  <scavenger-info tenureage="3" tenuremask="7ff8" tiltratio="85" />
  <memory-copied type="nursery" objects="4122714" bytes="110614032" bytesdiscarded="180768" />
  <memory-copied type="tenure" objects="1073778" bytes="28892792" bytesdiscarded="90216" />
  <ownableSynchronizers candidates="3897" cleared="3378" />
  <references type="soft" candidates="506" cleared="0" enqueued="0" dynamicThreshold="18" maxThreshold="32" />
  <references type="weak" candidates="117" cleared="117" enqueued="0" />
</gc-op>
<gc-end id="3079" type="scavenge" contextid="3075" durationms="117.808" usertimems="901.983" systemtimems="2.746" timestamp="2020-09-11T10:25:14.539" activeThreads="8">
  <mem-info id="3080" free="1049050032" total="2821586944" percent="37">
    <mem type="nursery" free="694552064" total="939524096" percent="73">
      <mem type="allocate" free="694552064" total="805437440" percent="86" />
      <mem type="survivor" free="0" total="134086656" percent="0" />
    </mem>
    <mem type="tenure" free="354497968" total="1882062848" percent="18" macro-fragmented="0">
      <mem type="soa" free="222753200" total="1750318080" percent="12" />
      <mem type="loa" free="131744768" total="131744768" percent="100" />
    </mem>
    <remembered-set count="31520" />
  </mem-info>
</gc-end>
<cycle-end id="3081" type="scavenge" contextid="3075" timestamp="2020-09-11T10:25:14.541" />
<allocation-satisfied id="3082" threadId="00000000007F6F00" bytesRequested="24" />
<af-end id="3083" timestamp="2020-09-11T10:25:14.541" threadId="00000000007F7880" success="true" from="nursery"/>
<exclusive-end id="3084" timestamp="2020-09-11T10:25:14.541" durationms="120.408" />

<exclusive-start id="3085" timestamp="2020-09-11T10:25:16.546" intervalms="2125.634">
  <response-info timems="0.764" idlems="0.626" threads="1" lastid="00000000007F6F00" lastname="Group1.Backend.CompositeBackend{Tier1}.2" />
</exclusive-start>
<af-start id="3086" threadId="0000000000854C80" totalBytesRequested="24" timestamp="2020-09-11T10:25:16.548" intervalms="2126.532" type="nursery" />
<cycle-start id="3087" type="scavenge" contextid="0" timestamp="2020-09-11T10:25:16.548" intervalms="2126.585" />
<gc-start id="3088" type="scavenge" contextid="3087" timestamp="2020-09-11T10:25:16.549">
  <mem-info id="3089" free="354497968" total="2821586944" percent="12">
    <mem type="nursery" free="0" total="939524096" percent="0">
      <mem type="allocate" free="0" total="805437440" percent="0" />
      <mem type="survivor" free="0" total="134086656" percent="0" />
    </mem>
    <mem type="tenure" free="354497968" total="1882062848" percent="18">
      <mem type="soa" free="222753200" total="1750318080" percent="12" />
      <mem type="loa" free="131744768" total="131744768" percent="100" />
    </mem>
    <remembered-set count="194428" />
  </mem-info>
</gc-start>
<allocation-stats totalBytes="694216440" >
  <allocated-bytes non-tlh="32078376" tlh="662138064" />
  <largest-consumer threadName="Group1.Backend.CompositeBackend{Tier1}.4" threadId="0000000000842600" bytes="112006792" />
</allocation-stats>
<gc-op id="3090" type="scavenge" timems="118.545" contextid="3087" timestamp="2020-09-11T10:25:16.667">
  <scavenger-info tenureage="3" tenuremask="7ff8" tiltratio="85" />
  <memory-copied type="nursery" objects="4144742" bytes="110918792" bytesdiscarded="168384" />
  <memory-copied type="tenure" objects="1138109" bytes="30597600" bytesdiscarded="85640" />
  <ownableSynchronizers candidates="4707" cleared="4186" />
  <references type="soft" candidates="486" cleared="0" enqueued="0" dynamicThreshold="18" maxThreshold="32" />
  <references type="weak" candidates="113" cleared="113" enqueued="0" />
</gc-op>
<gc-end id="3091" type="scavenge" contextid="3087" durationms="120.473" usertimems="891.596" systemtimems="1.450" timestamp="2020-09-11T10:25:16.669" activeThreads="8">
  <mem-info id="3092" free="1019911704" total="2821586944" percent="36">
    <mem type="nursery" free="696167112" total="939524096" percent="74">
      <mem type="allocate" free="696167112" total="807337984" percent="86" />
      <mem type="survivor" free="0" total="132186112" percent="0" />
    </mem>
    <mem type="tenure" free="323744592" total="1882062848" percent="17" macro-fragmented="0">
      <mem type="soa" free="191999824" total="1750318080" percent="10" />
      <mem type="loa" free="131744768" total="131744768" percent="100" />
    </mem>
    <remembered-set count="30925" />
  </mem-info>
</gc-end>
<cycle-end id="3093" type="scavenge" contextid="3087" timestamp="2020-09-11T10:25:16.672" />
<allocation-satisfied id="3094" threadId="0000000000854300" bytesRequested="24" />
<af-end id="3095" timestamp="2020-09-11T10:25:16.672" threadId="0000000000854C80" success="true" from="nursery"/>
<exclusive-end id="3096" timestamp="2020-09-11T10:25:16.672" durationms="125.666" />

<exclusive-start id="3097" timestamp="2020-09-11T10:25:18.609" intervalms="2062.346">
  <response-info timems="0.474" idlems="0.474" threads="0" lastid="0000000000843100" lastname="Group1.Backend.CompositeBackend{Tier1}.5" />
</exclusive-start>
<af-start id="3098" threadId="0000000000843A80" totalBytesRequested="16" timestamp="2020-09-11T10:25:18.609" intervalms="2061.621" type="nursery" />
<cycle-start id="3099" type="scavenge" contextid="0" timestamp="2020-09-11T10:25:18.610" intervalms="2061.627" />
<gc-start id="3100" type="scavenge" contextid="3099" timestamp="2020-09-11T10:25:18.610">
  <mem-info id="3101" free="323744592" total="2821586944" percent="11">
    <mem type="nursery" free="0" total="939524096" percent="0">
      <mem type="allocate" free="0" total="807337984" percent="0" />
      <mem type="survivor" free="0" total="132186112" percent="0" />
    </mem>
    <mem type="tenure" free="323744592" total="1882062848" percent="17">
      <mem type="soa" free="191999824" total="1750318080" percent="10" />
      <mem type="loa" free="131744768" total="131744768" percent="100" />
    </mem>
    <remembered-set count="194464" />
  </mem-info>
</gc-start>
<allocation-stats totalBytes="695820464" >
  <allocated-bytes non-tlh="34647712" tlh="661172752" />
  <largest-consumer threadName="Group1.Backend.CompositeBackend{Tier1}.8" threadId="0000000000837900" bytes="113512056" />
</allocation-stats>
<gc-op id="3102" type="scavenge" timems="103.947" contextid="3099" timestamp="2020-09-11T10:25:18.714">
  <scavenger-info tenureage="3" tenuremask="7ff8" tiltratio="85" />
  <memory-copied type="nursery" objects="4161755" bytes="111731496" bytesdiscarded="199120" />
  <memory-copied type="tenure" objects="1038216" bytes="27920728" bytesdiscarded="88328" />
  <ownableSynchronizers candidates="4172" cleared="3651" />
  <references type="soft" candidates="463" cleared="0" enqueued="0" dynamicThreshold="18" maxThreshold="32" />
  <references type="weak" candidates="109" cleared="109" enqueued="0" />
</gc-op>
<gc-end id="3103" type="scavenge" contextid="3099" durationms="104.929" usertimems="745.299" systemtimems="0.000" timestamp="2020-09-11T10:25:18.715" activeThreads="8">
  <mem-info id="3104" free="992263632" total="2821586944" percent="35">
    <mem type="nursery" free="696501760" total="939524096" percent="74">
      <mem type="allocate" free="696501760" total="808517632" percent="86" />
      <mem type="survivor" free="0" total="131006464" percent="0" />
    </mem>
    <mem type="tenure" free="295761872" total="1882062848" percent="15" macro-fragmented="0">
      <mem type="soa" free="164017104" total="1750318080" percent="9" />
      <mem type="loa" free="131744768" total="131744768" percent="100" />
    </mem>
    <remembered-set count="30491" />
  </mem-info>
</gc-end>
<cycle-end id="3105" type="scavenge" contextid="3099" timestamp="2020-09-11T10:25:18.716" />
<allocation-satisfied id="3106" threadId="0000000000843100" bytesRequested="16" />
<af-end id="3107" timestamp="2020-09-11T10:25:18.716" threadId="0000000000843A80" success="true" from="nursery"/>
<exclusive-end id="3108" timestamp="2020-09-11T10:25:18.716" durationms="107.493" />

<exclusive-start id="3109" timestamp="2020-09-11T10:25:20.821" intervalms="2212.499">
  <response-info timems="0.272" idlems="0.272" threads="0" lastid="00000000008D0100" lastname="Group1.Backend.CompositeBackend{Tier3}.8" />
</exclusive-start>
<af-start id="3110" threadId="00000000008D0A80" totalBytesRequested="16" timestamp="2020-09-11T10:25:20.822" intervalms="2212.269" type="nursery" />
<cycle-start id="3111" type="scavenge" contextid="0" timestamp="2020-09-11T10:25:20.822" intervalms="2212.242" />
<gc-start id="3112" type="scavenge" contextid="3111" timestamp="2020-09-11T10:25:20.822">
  <mem-info id="3113" free="295761872" total="2821586944" percent="10">
    <mem type="nursery" free="0" total="939524096" percent="0">
      <mem type="allocate" free="0" total="808517632" percent="0" />
      <mem type="survivor" free="0" total="131006464" percent="0" />
    </mem>
    <mem type="tenure" free="295761872" total="1882062848" percent="15">
      <mem type="soa" free="164017104" total="1750318080" percent="9" />
      <mem type="loa" free="131744768" total="131744768" percent="100" />
    </mem>
    <remembered-set count="195160" />
  </mem-info>
</gc-start>
<allocation-stats totalBytes="696158944" >
  <allocated-bytes non-tlh="30365888" tlh="665793056" />
  <largest-consumer threadName="Group1.Backend.CompositeBackend{Tier1}.8" threadId="0000000000837900" bytes="121149992" />
</allocation-stats>
<gc-op id="3114" type="scavenge" timems="103.801" contextid="3111" timestamp="2020-09-11T10:25:20.926">
  <scavenger-info tenureage="3" tenuremask="7ff8" tiltratio="86" />
  <memory-copied type="nursery" objects="4190330" bytes="112526784" bytesdiscarded="174184" />
  <memory-copied type="tenure" objects="1102460" bytes="29629632" bytesdiscarded="98016" />
  <ownableSynchronizers candidates="3044" cleared="2601" />
  <references type="soft" candidates="437" cleared="0" enqueued="0" dynamicThreshold="18" maxThreshold="32" />
  <references type="weak" candidates="114" cleared="113" enqueued="0" />
</gc-op>
<gc-end id="3115" type="scavenge" contextid="3111" durationms="104.878" usertimems="740.204" systemtimems="0.342" timestamp="2020-09-11T10:25:20.927" activeThreads="8">
  <mem-info id="3116" free="962608448" total="2821586944" percent="34">
    <mem type="nursery" free="696578816" total="939524096" percent="74">
      <mem type="allocate" free="696578816" total="809369600" percent="86" />
      <mem type="survivor" free="0" total="130154496" percent="0" />
    </mem>
    <mem type="tenure" free="266029632" total="1882062848" percent="14" macro-fragmented="0">
      <mem type="soa" free="134284864" total="1750318080" percent="7" />
      <mem type="loa" free="131744768" total="131744768" percent="100" />
    </mem>
    <remembered-set count="29245" />
  </mem-info>
</gc-end>
<cycle-end id="3117" type="scavenge" contextid="3111" timestamp="2020-09-11T10:25:20.928" />
<allocation-satisfied id="3118" threadId="00000000008D0100" bytesRequested="16" />
<af-end id="3119" timestamp="2020-09-11T10:25:20.928" threadId="00000000008D0A80" success="true" from="nursery"/>
<exclusive-end id="3120" timestamp="2020-09-11T10:25:20.928" durationms="107.133" />

<exclusive-start id="3121" timestamp="2020-09-11T10:25:22.859" intervalms="2037.749">
  <response-info timems="0.972" idlems="0.972" threads="0" lastid="0000000000843D00" lastname="Group1.Backend.CompositeBackend{Tier1}.6" />
</exclusive-start>
<af-start id="3122" threadId="0000000000844680" totalBytesRequested="120" timestamp="2020-09-11T10:25:22.860" intervalms="2037.920" type="nursery" />
<cycle-start id="3123" type="scavenge" contextid="0" timestamp="2020-09-11T10:25:22.860" intervalms="2037.896" />
<gc-start id="3124" type="scavenge" contextid="3123" timestamp="2020-09-11T10:25:22.860">
  <mem-info id="3125" free="266029632" total="2821586944" percent="9">
    <mem type="nursery" free="0" total="939524096" percent="0">
      <mem type="allocate" free="0" total="809369600" percent="0" />
      <mem type="survivor" free="0" total="130154496" percent="0" />
    </mem>
    <mem type="tenure" free="266029632" total="1882062848" percent="14">
      <mem type="soa" free="134284864" total="1750318080" percent="7" />
      <mem type="loa" free="131744768" total="131744768" percent="100" />
    </mem>
    <remembered-set count="191204" />
  </mem-info>
</gc-start>
<allocation-stats totalBytes="696268104" >
  <allocated-bytes non-tlh="36597400" tlh="659670704" />
  <largest-consumer threadName="Group1.Backend.CompositeBackend{Tier1}.8" threadId="0000000000837900" bytes="119543552" />
</allocation-stats>
<gc-op id="3126" type="scavenge" timems="136.193" contextid="3123" timestamp="2020-09-11T10:25:22.996">
  <scavenger-info tenureage="3" tenuremask="7ff8" tiltratio="86" />
  <memory-copied type="nursery" objects="4473929" bytes="118163112" bytesdiscarded="137944" />
  <memory-copied type="tenure" objects="1104791" bytes="29838992" bytesdiscarded="97528" />
  <ownableSynchronizers candidates="5166" cleared="4691" />
  <references type="soft" candidates="440" cleared="0" enqueued="0" dynamicThreshold="18" maxThreshold="32" />
  <references type="weak" candidates="103" cleared="103" enqueued="0" />
</gc-op>
<gc-end id="3127" type="scavenge" contextid="3123" durationms="137.181" usertimems="1035.559" systemtimems="12.036" timestamp="2020-09-11T10:25:22.997" activeThreads="8">
  <mem-info id="3128" free="920231512" total="2821586944" percent="32">
    <mem type="nursery" free="684165104" total="939524096" percent="72">
      <mem type="allocate" free="684165104" total="802553856" percent="85" />
      <mem type="survivor" free="0" total="136970240" percent="0" />
    </mem>
    <mem type="tenure" free="236066408" total="1882062848" percent="12" macro-fragmented="0">
      <mem type="soa" free="104321640" total="1750318080" percent="5" />
      <mem type="loa" free="131744768" total="131744768" percent="100" />
    </mem>
    <remembered-set count="29246" />
  </mem-info>
</gc-end>
<cycle-end id="3129" type="scavenge" contextid="3123" timestamp="2020-09-11T10:25:22.999" />
<allocation-satisfied id="3130" threadId="0000000000843D00" bytesRequested="120" />
<af-end id="3131" timestamp="2020-09-11T10:25:22.999" threadId="0000000000844680" success="true" from="nursery"/>
<exclusive-end id="3132" timestamp="2020-09-11T10:25:22.999" durationms="139.846" />

<exclusive-start id="3133" timestamp="2020-09-11T10:25:24.949" intervalms="2090.100">
  <response-info timems="0.458" idlems="0.458" threads="0" lastid="0000000000842600" lastname="Group1.Backend.CompositeBackend{Tier1}.4" />
</exclusive-start>
<af-start id="3134" threadId="0000000000842F80" totalBytesRequested="400" timestamp="2020-09-11T10:25:24.950" intervalms="2089.894" type="nursery" />
<cycle-start id="3135" type="scavenge" contextid="0" timestamp="2020-09-11T10:25:24.950" intervalms="2089.892" />
<gc-start id="3136" type="scavenge" contextid="3135" timestamp="2020-09-11T10:25:24.950">
  <mem-info id="3137" free="236066408" total="2821586944" percent="8">
    <mem type="nursery" free="0" total="939524096" percent="0">
      <mem type="allocate" free="0" total="802553856" percent="0" />
      <mem type="survivor" free="0" total="136970240" percent="0" />
    </mem>
    <mem type="tenure" free="236066408" total="1882062848" percent="12">
      <mem type="soa" free="104321640" total="1750318080" percent="5" />
      <mem type="loa" free="131744768" total="131744768" percent="100" />
    </mem>
    <remembered-set count="194039" />
  </mem-info>
</gc-start>
<allocation-stats totalBytes="683831072" >
  <allocated-bytes non-tlh="31649280" tlh="652181792" />
  <largest-consumer threadName="Group1.Backend.CompositeBackend{Tier1}.8" threadId="0000000000837900" bytes="98036312" />
</allocation-stats>
<gc-op id="3138" type="scavenge" timems="114.870" contextid="3135" timestamp="2020-09-11T10:25:25.065">
  <scavenger-info tenureage="3" tenuremask="7ff8" tiltratio="85" />
  <memory-copied type="nursery" objects="4047657" bytes="108659080" bytesdiscarded="160424" />
  <memory-copied type="tenure" objects="1094534" bytes="29447952" bytesdiscarded="102136" />
  <ownableSynchronizers candidates="4242" cleared="3781" />
  <references type="soft" candidates="435" cleared="0" enqueued="0" dynamicThreshold="18" maxThreshold="32" />
  <references type="weak" candidates="98" cleared="98" enqueued="0" />
</gc-op>
<gc-end id="3139" type="scavenge" contextid="3135" durationms="115.722" usertimems="828.329" systemtimems="0.000" timestamp="2020-09-11T10:25:25.066" activeThreads="8">
  <mem-info id="3140" free="901092344" total="2821586944" percent="31">
    <mem type="nursery" free="694572032" total="939524096" percent="73">
      <mem type="allocate" free="694572032" total="803471360" percent="86" />
      <mem type="survivor" free="0" total="136052736" percent="0" />
    </mem>
    <mem type="tenure" free="206520312" total="1882062848" percent="10" macro-fragmented="0">
      <mem type="soa" free="74775544" total="1750318080" percent="4" />
      <mem type="loa" free="131744768" total="131744768" percent="100" />
    </mem>
    <remembered-set count="31560" />
  </mem-info>
</gc-end>
<cycle-end id="3141" type="scavenge" contextid="3135" timestamp="2020-09-11T10:25:25.067" />
<allocation-satisfied id="3142" threadId="0000000000842600" bytesRequested="400" />
<af-end id="3143" timestamp="2020-09-11T10:25:25.067" threadId="0000000000842F80" success="true" from="nursery"/>
<exclusive-end id="3144" timestamp="2020-09-11T10:25:25.067" durationms="117.856" />

<exclusive-start id="3145" timestamp="2020-09-11T10:25:26.965" intervalms="2015.757">
  <response-info timems="0.659" idlems="0.659" threads="0" lastid="0000000000843D00" lastname="Group1.Backend.CompositeBackend{Tier1}.6" />
</exclusive-start>
<af-start id="3146" threadId="0000000000844680" totalBytesRequested="664" timestamp="2020-09-11T10:25:26.965" intervalms="2015.722" type="nursery" />
<cycle-start id="3147" type="scavenge" contextid="0" timestamp="2020-09-11T10:25:26.965" intervalms="2015.727" />
<gc-start id="3148" type="scavenge" contextid="3147" timestamp="2020-09-11T10:25:26.966">
  <mem-info id="3149" free="206520312" total="2821586944" percent="7">
    <mem type="nursery" free="0" total="939524096" percent="0">
      <mem type="allocate" free="0" total="803471360" percent="0" />
      <mem type="survivor" free="0" total="136052736" percent="0" />
    </mem>
    <mem type="tenure" free="206520312" total="1882062848" percent="10">
      <mem type="soa" free="74775544" total="1750318080" percent="4" />
      <mem type="loa" free="131744768" total="131744768" percent="100" />
    </mem>
    <remembered-set count="191692" />
  </mem-info>
</gc-start>
<allocation-stats totalBytes="694272872" >
  <allocated-bytes non-tlh="39209392" tlh="655063480" />
  <largest-consumer threadName="Group1.Backend.CompositeBackend{Tier1}.2" threadId="00000000007F6F00" bytes="121187456" />
</allocation-stats>
<gc-op id="3150" type="scavenge" timems="127.882" contextid="3147" timestamp="2020-09-11T10:25:27.094">
  <scavenger-info tenureage="3" tenuremask="7ff8" tiltratio="85" />
  <memory-copied type="nursery" objects="4419385" bytes="117239432" bytesdiscarded="177680" />
  <memory-copied type="tenure" objects="1119367" bytes="30116040" bytesdiscarded="91672" />
  <ownableSynchronizers candidates="4008" cleared="3572" />
  <references type="soft" candidates="417" cleared="0" enqueued="0" dynamicThreshold="18" maxThreshold="32" />
  <references type="weak" candidates="127" cleared="127" enqueued="0" />
</gc-op>
<gc-end id="3151" type="scavenge" contextid="3147" durationms="128.723" usertimems="973.552" systemtimems="16.610" timestamp="2020-09-11T10:25:27.094" activeThreads="8">
  <mem-info id="3152" free="858426584" total="2821586944" percent="30">
    <mem type="nursery" free="682045248" total="939524096" percent="72">
      <mem type="allocate" free="682045248" total="799539200" percent="85" />
      <mem type="survivor" free="0" total="139984896" percent="0" />
    </mem>
    <mem type="tenure" free="176381336" total="1882062848" percent="9" macro-fragmented="0">
      <mem type="soa" free="44636568" total="1750318080" percent="2" />
      <mem type="loa" free="131744768" total="131744768" percent="100" />
    </mem>
    <remembered-set count="32995" />
  </mem-info>
</gc-end>
<cycle-end id="3153" type="scavenge" contextid="3147" timestamp="2020-09-11T10:25:27.095" />
<allocation-satisfied id="3154" threadId="0000000000843D00" bytesRequested="664" />
<af-end id="3155" timestamp="2020-09-11T10:25:27.095" threadId="0000000000844680" success="true" from="nursery"/>
<exclusive-end id="3156" timestamp="2020-09-11T10:25:27.095" durationms="130.848" />

<exclusive-start id="3157" timestamp="2020-09-11T10:25:29.153" intervalms="2188.627">
  <response-info timems="0.598" idlems="0.311" threads="1" lastid="0000000000785E00" lastname="Group1.Backend.CompositeBackend{Tier1}.1" />
</exclusive-start>
<af-start id="3158" threadId="00000000007F7880" totalBytesRequested="1032" timestamp="2020-09-11T10:25:29.154" intervalms="2188.721" type="nursery" />
<cycle-start id="3159" type="scavenge" contextid="0" timestamp="2020-09-11T10:25:29.154" intervalms="2188.735" />
<gc-start id="3160" type="scavenge" contextid="3159" timestamp="2020-09-11T10:25:29.154">
  <mem-info id="3161" free="176381336" total="2821586944" percent="6">
    <mem type="nursery" free="0" total="939524096" percent="0">
      <mem type="allocate" free="0" total="799539200" percent="0" />
      <mem type="survivor" free="0" total="139984896" percent="0" />
    </mem>
    <mem type="tenure" free="176381336" total="1882062848" percent="9">
      <mem type="soa" free="44636568" total="1750318080" percent="2" />
      <mem type="loa" free="131744768" total="131744768" percent="100" />
    </mem>
    <remembered-set count="198757" />
  </mem-info>
</gc-start>
<allocation-stats totalBytes="681706856" >
  <allocated-bytes non-tlh="25890304" tlh="655816552" />
  <largest-consumer threadName="Group1.Backend.CompositeBackend{Tier1}.2" threadId="00000000007F6F00" bytes="133306448" />
</allocation-stats>
<gc-op id="3162" type="scavenge" timems="98.769" contextid="3159" timestamp="2020-09-11T10:25:29.253">
  <scavenger-info tenureage="3" tenuremask="7ff8" tiltratio="85" />
  <memory-copied type="nursery" objects="4093983" bytes="109902752" bytesdiscarded="185040" />
  <memory-copied type="tenure" objects="1079549" bytes="28997496" bytesdiscarded="88168" />
  <ownableSynchronizers candidates="3523" cleared="3096" />
  <references type="soft" candidates="366" cleared="0" enqueued="0" dynamicThreshold="18" maxThreshold="32" />
  <references type="weak" candidates="118" cleared="117" enqueued="0" />
</gc-op>
<gc-end id="3163" type="scavenge" contextid="3159" durationms="99.744" usertimems="754.821" systemtimems="3.932" timestamp="2020-09-11T10:25:29.254" activeThreads="8">
  <mem-info id="3164" free="838294856" total="2821586944" percent="29">
    <mem type="nursery" free="691132160" total="939524096" percent="73">
      <mem type="allocate" free="691132160" total="801308672" percent="86" />
      <mem type="survivor" free="0" total="138215424" percent="0" />
    </mem>
    <mem type="tenure" free="147162696" total="1882062848" percent="7" macro-fragmented="0">
      <mem type="soa" free="15417928" total="1750318080" percent="0" />
      <mem type="loa" free="131744768" total="131744768" percent="100" />
    </mem>
    <remembered-set count="31169" />
  </mem-info>
</gc-end>
<cycle-end id="3165" type="scavenge" contextid="3159" timestamp="2020-09-11T10:25:29.255" />
<allocation-satisfied id="3166" threadId="00000000007F6F00" bytesRequested="1032" />
<af-end id="3167" timestamp="2020-09-11T10:25:29.255" threadId="00000000007F7880" success="true" from="nursery"/>
<exclusive-end id="3168" timestamp="2020-09-11T10:25:29.255" durationms="102.121" />

<exclusive-start id="3169" timestamp="2020-09-11T10:25:31.215" intervalms="2061.965">
  <response-info timems="0.413" idlems="0.406" threads="1" lastid="0000000000837900" lastname="Group1.Backend.CompositeBackend{Tier1}.8" />
</exclusive-start>
<af-start id="3170" threadId="0000000000843A80" totalBytesRequested="784" timestamp="2020-09-11T10:25:31.216" intervalms="2062.019" type="nursery" />
<percolate-collect id="3171" from="nursery" to="global" reason="prevent tenure expand" timestamp="2020-09-11T10:25:31.216"/>
<cycle-start id="3172" type="global" contextid="0" timestamp="2020-09-11T10:25:31.216" intervalms="68026.101" />
<gc-start id="3173" type="global" contextid="3172" timestamp="2020-09-11T10:25:31.217">
  <mem-info id="3174" free="147162696" total="2821586944" percent="5">
    <mem type="nursery" free="0" total="939524096" percent="0">
      <mem type="allocate" free="0" total="801308672" percent="0" />
      <mem type="survivor" free="0" total="138215424" percent="0" />
    </mem>
    <mem type="tenure" free="147162696" total="1882062848" percent="7">
      <mem type="soa" free="15417928" total="1750318080" percent="0" />
      <mem type="loa" free="131744768" total="131744768" percent="100" />
    </mem>
    <remembered-set count="192471" />
  </mem-info>
</gc-start>
<allocation-stats totalBytes="690807232" >
  <allocated-bytes non-tlh="36276568" tlh="654530664" />
  <largest-consumer threadName="Group1.Backend.CompositeBackend{Tier1}.6" threadId="0000000000843D00" bytes="116962504" />
</allocation-stats>
<gc-op id="3175" type="mark" timems="578.220" contextid="3172" timestamp="2020-09-11T10:25:31.795">
  <trace-info objectcount="30749781" scancount="29770685" scanbytes="813930300" />
  <finalization candidates="148" enqueued="0" />
  <ownableSynchronizers candidates="586087" cleared="4256" />
  <references type="soft" candidates="704490" cleared="0" enqueued="0" dynamicThreshold="18" maxThreshold="32" />
  <references type="weak" candidates="4382" cleared="94" enqueued="0" />
  <references type="phantom" candidates="108" cleared="0" enqueued="0" />
  <stringconstants candidates="11107" cleared="1"  />
</gc-op>
<gc-op id="3176" type="sweep" timems="10.559" contextid="3172" timestamp="2020-09-11T10:25:31.806" />
<gc-end id="3177" type="global" contextid="3172" durationms="589.868" usertimems="4376.339" systemtimems="0.000" timestamp="2020-09-11T10:25:31.807" activeThreads="8">
  <mem-info id="3178" free="1696301136" total="2821586944" percent="60">
    <mem type="nursery" free="607617576" total="939524096" percent="64">
      <mem type="allocate" free="607617576" total="801308672" percent="75" />
      <mem type="survivor" free="0" total="138215424" percent="0" />
    </mem>
    <mem type="tenure" free="1088683560" total="1882062848" percent="57" micro-fragmented="49721382" macro-fragmented="0">
      <mem type="soa" free="956938792" total="1750318080" percent="54" />
      <mem type="loa" free="131744768" total="131744768" percent="100" />
    </mem>
    <remembered-set count="186756" />
  </mem-info>
</gc-end>
<cycle-end id="3179" type="global" contextid="3172" timestamp="2020-09-11T10:25:31.808" />
<allocation-satisfied id="3180" threadId="0000000000843100" bytesRequested="784" />
<af-end id="3181" timestamp="2020-09-11T10:25:31.808" threadId="0000000000843A80" success="true" from="nursery"/>
<exclusive-end id="3182" timestamp="2020-09-11T10:25:31.808" durationms="592.738" />

<exclusive-start id="3183" timestamp="2020-09-11T10:25:32.918" intervalms="1703.031">
  <response-info timems="1.237" idlems="0.645" threads="1" lastid="0000000000854300" lastname="Group1.Backend.CompositeBackend{Tier1}.7" />
</exclusive-start>
<af-start id="3184" threadId="0000000000857180" totalBytesRequested="524296" timestamp="2020-09-11T10:25:32.919" intervalms="1702.943" type="nursery" />
<cycle-start id="3185" type="scavenge" contextid="0" timestamp="2020-09-11T10:25:32.919" intervalms="3764.938" />
<gc-start id="3186" type="scavenge" contextid="3185" timestamp="2020-09-11T10:25:32.919">
  <mem-info id="3187" free="1141493584" total="2821586944" percent="40">
    <mem type="nursery" free="52810072" total="939524096" percent="5">
      <mem type="allocate" free="52810072" total="801308672" percent="6" />
      <mem type="survivor" free="0" total="138215424" percent="0" />
    </mem>
    <mem type="tenure" free="1088683512" total="1882062848" percent="57">
      <mem type="soa" free="956938744" total="1750318080" percent="54" />
      <mem type="loa" free="131744768" total="131744768" percent="100" />
    </mem>
    <remembered-set count="238660" />
  </mem-info>
</gc-start>
<allocation-stats totalBytes="552810896" >
  <allocated-bytes non-tlh="29804312" tlh="523006584" />
  <largest-consumer threadName="Group1.Backend.CompositeBackend{Tier1}.6" threadId="0000000000843D00" bytes="89431744" />
</allocation-stats>
<gc-op id="3188" type="scavenge" timems="133.661" contextid="3185" timestamp="2020-09-11T10:25:33.053">
  <scavenger-info tenureage="3" tenuremask="7ff8" tiltratio="85" />
  <memory-copied type="nursery" objects="5211581" bytes="138027992" bytesdiscarded="42160" />
  <memory-copied type="tenure" objects="1250203" bytes="33573032" bytesdiscarded="71600" />
  <copy-failed type="nursery" objects="219828" bytes="5900120" />
  <ownableSynchronizers candidates="1165633" cleared="1165192" />
  <references type="soft" candidates="397" cleared="0" enqueued="0" dynamicThreshold="18" maxThreshold="32" />
  <references type="weak" candidates="100" cleared="99" enqueued="0" />
</gc-op>
<gc-end id="3189" type="scavenge" contextid="3185" durationms="134.504" usertimems="1036.146" systemtimems="10.330" timestamp="2020-09-11T10:25:33.054" activeThreads="8">
  <mem-info id="3190" free="1656935856" total="2821586944" percent="58">
    <mem type="nursery" free="601948160" total="939524096" percent="64">
      <mem type="allocate" free="601948160" total="740163584" percent="81" />
      <mem type="survivor" free="0" total="199360512" percent="0" />
    </mem>
    <mem type="tenure" free="1054987696" total="1882062848" percent="56" macro-fragmented="0">
      <mem type="soa" free="923242928" total="1750318080" percent="52" />
      <mem type="loa" free="131744768" total="131744768" percent="100" />
    </mem>
    <remembered-set count="37863" />
  </mem-info>
</gc-end>
<cycle-end id="3191" type="scavenge" contextid="3185" timestamp="2020-09-11T10:25:33.055" />
<allocation-satisfied id="3192" threadId="0000000000856800" bytesRequested="524296" />
<af-end id="3193" timestamp="2020-09-11T10:25:33.055" threadId="0000000000857180" success="true" from="nursery"/>
<exclusive-end id="3194" timestamp="2020-09-11T10:25:33.055" durationms="136.571" />

<exclusive-start id="3195" timestamp="2020-09-11T10:25:34.796" intervalms="1877.479">
  <response-info timems="0.760" idlems="0.760" threads="0" lastid="0000000000842600" lastname="Group1.Backend.CompositeBackend{Tier1}.4" />
</exclusive-start>
<af-start id="3196" threadId="0000000000842F80" totalBytesRequested="400" timestamp="2020-09-11T10:25:34.797" intervalms="1878.002" type="nursery" />
<cycle-start id="3197" type="scavenge" contextid="0" timestamp="2020-09-11T10:25:34.797" intervalms="1878.029" />
<gc-start id="3198" type="scavenge" contextid="3197" timestamp="2020-09-11T10:25:34.797">
  <mem-info id="3199" free="1054987696" total="2821586944" percent="37">
    <mem type="nursery" free="0" total="939524096" percent="0">
      <mem type="allocate" free="0" total="740163584" percent="0" />
      <mem type="survivor" free="0" total="199360512" percent="0" />
    </mem>
    <mem type="tenure" free="1054987696" total="1882062848" percent="56">
      <mem type="soa" free="923242928" total="1750318080" percent="52" />
      <mem type="loa" free="131744768" total="131744768" percent="100" />
    </mem>
    <remembered-set count="193883" />
  </mem-info>
</gc-start>
<allocation-stats totalBytes="601662752" >
  <allocated-bytes non-tlh="23762152" tlh="577900600" />
  <largest-consumer threadName="Group1.Backend.CompositeBackend{Tier1}.6" threadId="0000000000843D00" bytes="100632568" />
</allocation-stats>
<gc-op id="3200" type="scavenge" timems="111.087" contextid="3197" timestamp="2020-09-11T10:25:34.909">
  <scavenger-info tenureage="3" tenuremask="7ff8" tiltratio="78" />
  <memory-copied type="nursery" objects="4808288" bytes="128955984" bytesdiscarded="473064" />
  <memory-copied type="tenure" objects="913019" bytes="24524592" bytesdiscarded="41872" />
  <ownableSynchronizers candidates="3782" cleared="3372" />
  <references type="soft" candidates="408" cleared="0" enqueued="0" dynamicThreshold="18" maxThreshold="32" />
  <references type="weak" candidates="108" cleared="108" enqueued="0" />
</gc-op>
<gc-end id="3201" type="scavenge" contextid="3197" durationms="112.702" usertimems="857.210" systemtimems="1.503" timestamp="2020-09-11T10:25:34.910" activeThreads="8">
  <mem-info id="3202" free="1648634648" total="2821586944" percent="58">
    <mem type="nursery" free="618321152" total="939524096" percent="65">
      <mem type="allocate" free="618321152" total="747831296" percent="82" />
      <mem type="survivor" free="0" total="191692800" percent="0" />
    </mem>
    <mem type="tenure" free="1030313496" total="1882062848" percent="54" macro-fragmented="0">
      <mem type="soa" free="898568728" total="1750318080" percent="51" />
      <mem type="loa" free="131744768" total="131744768" percent="100" />
    </mem>
    <remembered-set count="37242" />
  </mem-info>
</gc-end>
<cycle-end id="3203" type="scavenge" contextid="3197" timestamp="2020-09-11T10:25:34.911" />
<allocation-satisfied id="3204" threadId="0000000000842600" bytesRequested="400" />
<af-end id="3205" timestamp="2020-09-11T10:25:34.912" threadId="0000000000842F80" success="true" from="nursery"/>
<exclusive-end id="3206" timestamp="2020-09-11T10:25:34.912" durationms="115.781" />

<exclusive-start id="3207" timestamp="2020-09-11T10:25:36.686" intervalms="1889.751">
  <response-info timems="0.587" idlems="0.587" threads="0" lastid="00000000008D0100" lastname="Group1.Backend.CompositeBackend{Tier3}.8" />
</exclusive-start>
<af-start id="3208" threadId="00000000008D0A80" totalBytesRequested="536" timestamp="2020-09-11T10:25:36.686" intervalms="1889.525" type="nursery" />
<cycle-start id="3209" type="scavenge" contextid="0" timestamp="2020-09-11T10:25:36.687" intervalms="1889.523" />
<gc-start id="3210" type="scavenge" contextid="3209" timestamp="2020-09-11T10:25:36.687">
  <mem-info id="3211" free="1030313496" total="2821586944" percent="36">
    <mem type="nursery" free="0" total="939524096" percent="0">
      <mem type="allocate" free="0" total="747831296" percent="0" />
      <mem type="survivor" free="0" total="191692800" percent="0" />
    </mem>
    <mem type="tenure" free="1030313496" total="1882062848" percent="54">
      <mem type="soa" free="898568728" total="1750318080" percent="51" />
      <mem type="loa" free="131744768" total="131744768" percent="100" />
    </mem>
    <remembered-set count="190333" />
  </mem-info>
</gc-start>
<allocation-stats totalBytes="618015440" >
  <allocated-bytes non-tlh="29715600" tlh="588299840" />
  <largest-consumer threadName="Group1.Backend.CompositeBackend{Tier1}.6" threadId="0000000000843D00" bytes="87750760" />
</allocation-stats>
<gc-op id="3212" type="scavenge" timems="103.107" contextid="3209" timestamp="2020-09-11T10:25:36.790">
  <scavenger-info tenureage="3" tenuremask="7ff8" tiltratio="79" />
  <memory-copied type="nursery" objects="4711678" bytes="126345816" bytesdiscarded="201504" />
  <memory-copied type="tenure" objects="1006233" bytes="27060864" bytesdiscarded="55232" />
  <ownableSynchronizers candidates="3837" cleared="3437" />
  <references type="soft" candidates="406" cleared="0" enqueued="0" dynamicThreshold="18" maxThreshold="32" />
  <references type="weak" candidates="114" cleared="113" enqueued="0" />
</gc-op>
<gc-end id="3213" type="scavenge" contextid="3209" durationms="104.382" usertimems="783.217" systemtimems="0.000" timestamp="2020-09-11T10:25:36.791" activeThreads="8">
  <mem-info id="3214" free="1633772184" total="2821586944" percent="57">
    <mem type="nursery" free="630645248" total="939524096" percent="67">
      <mem type="allocate" free="630645248" total="757268480" percent="83" />
      <mem type="survivor" free="0" total="182255616" percent="0" />
    </mem>
    <mem type="tenure" free="1003126936" total="1882062848" percent="53" macro-fragmented="0">
      <mem type="soa" free="871382168" total="1750318080" percent="49" />
      <mem type="loa" free="131744768" total="131744768" percent="100" />
    </mem>
    <remembered-set count="36087" />
  </mem-info>
</gc-end>
<cycle-end id="3215" type="scavenge" contextid="3209" timestamp="2020-09-11T10:25:36.793" />
<allocation-satisfied id="3216" threadId="00000000008D0100" bytesRequested="536" />
<af-end id="3217" timestamp="2020-09-11T10:25:36.793" threadId="00000000008D0A80" success="true" from="nursery"/>
<exclusive-end id="3218" timestamp="2020-09-11T10:25:36.793" durationms="107.141" />

<exclusive-start id="3219" timestamp="2020-09-11T10:25:38.594" intervalms="1908.991">
  <response-info timems="0.315" idlems="0.315" threads="0" lastid="0000000000843100" lastname="Group1.Backend.CompositeBackend{Tier1}.5" />
</exclusive-start>
<af-start id="3220" threadId="0000000000843A80" totalBytesRequested="16" timestamp="2020-09-11T10:25:38.595" intervalms="1908.754" type="nursery" />
<cycle-start id="3221" type="scavenge" contextid="0" timestamp="2020-09-11T10:25:38.595" intervalms="1908.734" />
<gc-start id="3222" type="scavenge" contextid="3221" timestamp="2020-09-11T10:25:38.596">
  <mem-info id="3223" free="1003126936" total="2821586944" percent="35">
    <mem type="nursery" free="0" total="939524096" percent="0">
      <mem type="allocate" free="0" total="757268480" percent="0" />
      <mem type="survivor" free="0" total="182255616" percent="0" />
    </mem>
    <mem type="tenure" free="1003126936" total="1882062848" percent="53">
      <mem type="soa" free="871382168" total="1750318080" percent="49" />
      <mem type="loa" free="131744768" total="131744768" percent="100" />
    </mem>
    <remembered-set count="191175" />
  </mem-info>
</gc-start>
<allocation-stats totalBytes="630333352" >
  <allocated-bytes non-tlh="29078856" tlh="601254496" />
  <largest-consumer threadName="Group1.Backend.CompositeBackend{Tier1}.7" threadId="0000000000854300" bytes="92783992" />
</allocation-stats>
<gc-op id="3224" type="scavenge" timems="101.914" contextid="3221" timestamp="2020-09-11T10:25:38.698">
  <scavenger-info tenureage="3" tenuremask="7ff8" tiltratio="80" />
  <memory-copied type="nursery" objects="4142425" bytes="109135168" bytesdiscarded="259832" />
  <memory-copied type="tenure" objects="1870040" bytes="50274616" bytesdiscarded="69056" />
  <ownableSynchronizers candidates="3440" cleared="3031" />
  <references type="soft" candidates="325" cleared="0" enqueued="0" dynamicThreshold="18" maxThreshold="32" />
  <references type="weak" candidates="112" cleared="112" enqueued="0" />
</gc-op>
<gc-end id="3225" type="scavenge" contextid="3221" durationms="102.808" usertimems="767.476" systemtimems="0.000" timestamp="2020-09-11T10:25:38.698" activeThreads="8">
  <mem-info id="3226" free="1608801496" total="2821586944" percent="57">
    <mem type="nursery" free="655923440" total="939524096" percent="69">
      <mem type="allocate" free="655923440" total="765394944" percent="85" />
      <mem type="survivor" free="0" total="174129152" percent="0" />
    </mem>
    <mem type="tenure" free="952878056" total="1882062848" percent="50" macro-fragmented="0">
      <mem type="soa" free="821133288" total="1750318080" percent="46" />
      <mem type="loa" free="131744768" total="131744768" percent="100" />
    </mem>
    <remembered-set count="27178" />
  </mem-info>
</gc-end>
<cycle-end id="3227" type="scavenge" contextid="3221" timestamp="2020-09-11T10:25:38.699" />
<allocation-satisfied id="3228" threadId="0000000000843100" bytesRequested="16" />
<af-end id="3229" timestamp="2020-09-11T10:25:38.700" threadId="0000000000843A80" success="true" from="nursery"/>
<exclusive-end id="3230" timestamp="2020-09-11T10:25:38.700" durationms="105.043" />

<exclusive-start id="3231" timestamp="2020-09-11T10:25:40.677" intervalms="2082.347">
  <response-info timems="0.513" idlems="0.513" threads="0" lastid="0000000000843100" lastname="Group1.Backend.CompositeBackend{Tier1}.5" />
</exclusive-start>
<af-start id="3232" threadId="0000000000843A80" totalBytesRequested="1032" timestamp="2020-09-11T10:25:40.677" intervalms="2082.246" type="nursery" />
<cycle-start id="3233" type="scavenge" contextid="0" timestamp="2020-09-11T10:25:40.678" intervalms="2082.239" />
<gc-start id="3234" type="scavenge" contextid="3233" timestamp="2020-09-11T10:25:40.678">
  <mem-info id="3235" free="952878056" total="2821586944" percent="33">
    <mem type="nursery" free="0" total="939524096" percent="0">
      <mem type="allocate" free="0" total="765394944" percent="0" />
      <mem type="survivor" free="0" total="174129152" percent="0" />
    </mem>
    <mem type="tenure" free="952878056" total="1882062848" percent="50">
      <mem type="soa" free="821133288" total="1750318080" percent="46" />
      <mem type="loa" free="131744768" total="131744768" percent="100" />
    </mem>
    <remembered-set count="189538" />
  </mem-info>
</gc-start>
<allocation-stats totalBytes="655597768" >
  <allocated-bytes non-tlh="26469712" tlh="629128056" />
  <largest-consumer threadName="Group1.Backend.CompositeBackend{Tier1}.6" threadId="0000000000843D00" bytes="81039928" />
</allocation-stats>
<gc-op id="3236" type="scavenge" timems="94.586" contextid="3233" timestamp="2020-09-11T10:25:40.773">
  <scavenger-info tenureage="3" tenuremask="7ff8" tiltratio="81" />
  <memory-copied type="nursery" objects="4143454" bytes="110461896" bytesdiscarded="196240" />
  <memory-copied type="tenure" objects="1026325" bytes="27580216" bytesdiscarded="65832" />
  <ownableSynchronizers candidates="3880" cleared="3507" />
  <references type="soft" candidates="332" cleared="0" enqueued="0" dynamicThreshold="18" maxThreshold="32" />
  <references type="weak" candidates="97" cleared="97" enqueued="0" />
</gc-op>
<gc-end id="3237" type="scavenge" contextid="3233" durationms="95.751" usertimems="705.491" systemtimems="0.000" timestamp="2020-09-11T10:25:40.774" activeThreads="8">
  <mem-info id="3238" free="1589538080" total="2821586944" percent="56">
    <mem type="nursery" free="664418400" total="939524096" percent="70">
      <mem type="allocate" free="664418400" total="775159808" percent="85" />
      <mem type="survivor" free="0" total="164364288" percent="0" />
    </mem>
    <mem type="tenure" free="925119680" total="1882062848" percent="49" macro-fragmented="0">
      <mem type="soa" free="793374912" total="1750318080" percent="45" />
      <mem type="loa" free="131744768" total="131744768" percent="100" />
    </mem>
    <remembered-set count="27691" />
  </mem-info>
</gc-end>
<cycle-end id="3239" type="scavenge" contextid="3233" timestamp="2020-09-11T10:25:40.775" />
<allocation-satisfied id="3240" threadId="0000000000843100" bytesRequested="1032" />
<af-end id="3241" timestamp="2020-09-11T10:25:40.775" threadId="0000000000843A80" success="true" from="nursery"/>
<exclusive-end id="3242" timestamp="2020-09-11T10:25:40.775" durationms="98.298" />

<exclusive-start id="3243" timestamp="2020-09-11T10:25:42.645" intervalms="1968.396">
  <response-info timems="9.724" idlems="9.724" threads="0" lastid="0000000000785E00" lastname="Group1.Backend.CompositeBackend{Tier1}.1" />
</exclusive-start>
<af-start id="3244" threadId="0000000000786780" totalBytesRequested="664" timestamp="2020-09-11T10:25:42.646" intervalms="1968.798" type="nursery" />
<cycle-start id="3245" type="scavenge" contextid="0" timestamp="2020-09-11T10:25:42.646" intervalms="1968.858" />
<gc-start id="3246" type="scavenge" contextid="3245" timestamp="2020-09-11T10:25:42.647">
  <mem-info id="3247" free="925119680" total="2821586944" percent="32">
    <mem type="nursery" free="0" total="939524096" percent="0">
      <mem type="allocate" free="0" total="775159808" percent="0" />
      <mem type="survivor" free="0" total="164364288" percent="0" />
    </mem>
    <mem type="tenure" free="925119680" total="1882062848" percent="49">
      <mem type="soa" free="793374912" total="1750318080" percent="45" />
      <mem type="loa" free="131744768" total="131744768" percent="100" />
    </mem>
    <remembered-set count="185756" />
  </mem-info>
</gc-start>
<allocation-stats totalBytes="664128952" >
  <allocated-bytes non-tlh="36252784" tlh="627876168" />
  <largest-consumer threadName="Group1.Backend.CompositeBackend{Tier1}.7" threadId="0000000000854300" bytes="84346896" />
</allocation-stats>
<gc-op id="3248" type="scavenge" timems="120.702" contextid="3245" timestamp="2020-09-11T10:25:42.768">
  <scavenger-info tenureage="3" tenuremask="7ff8" tiltratio="82" />
  <memory-copied type="nursery" objects="4646101" bytes="122012080" bytesdiscarded="377416" />
  <memory-copied type="tenure" objects="1013826" bytes="27268576" bytesdiscarded="50664" />
  <ownableSynchronizers candidates="3969" cleared="3586" />
  <references type="soft" candidates="351" cleared="0" enqueued="0" dynamicThreshold="18" maxThreshold="32" />
  <references type="weak" candidates="107" cleared="107" enqueued="0" />
</gc-op>
<gc-end id="3249" type="scavenge" contextid="3245" durationms="121.897" usertimems="931.752" systemtimems="0.000" timestamp="2020-09-11T10:25:42.769" activeThreads="8">
  <mem-info id="3250" free="1553465856" total="2821586944" percent="55">
    <mem type="nursery" free="655640752" total="939524096" percent="69">
      <mem type="allocate" free="655640752" total="778108928" percent="84" />
      <mem type="survivor" free="0" total="161415168" percent="0" />
    </mem>
    <mem type="tenure" free="897825104" total="1882062848" percent="47" macro-fragmented="0">
      <mem type="soa" free="766080336" total="1750318080" percent="43" />
      <mem type="loa" free="131744768" total="131744768" percent="100" />
    </mem>
    <remembered-set count="28930" />
  </mem-info>
</gc-end>
<cycle-end id="3251" type="scavenge" contextid="3245" timestamp="2020-09-11T10:25:42.770" />
<allocation-satisfied id="3252" threadId="0000000000785E00" bytesRequested="664" />
<af-end id="3253" timestamp="2020-09-11T10:25:42.770" threadId="0000000000786780" success="true" from="nursery"/>
<exclusive-end id="3254" timestamp="2020-09-11T10:25:42.770" durationms="124.749" />

<exclusive-start id="3255" timestamp="2020-09-11T10:25:44.662" intervalms="2017.056">
  <response-info timems="0.300" idlems="0.215" threads="1" lastid="0000000000843D00" lastname="Group1.Backend.CompositeBackend{Tier1}.6" />
</exclusive-start>
<af-start id="3256" threadId="0000000000854C80" totalBytesRequested="304" timestamp="2020-09-11T10:25:44.663" intervalms="2016.748" type="nursery" />
<cycle-start id="3257" type="scavenge" contextid="0" timestamp="2020-09-11T10:25:44.663" intervalms="2016.709" />
<gc-start id="3258" type="scavenge" contextid="3257" timestamp="2020-09-11T10:25:44.664">
  <mem-info id="3259" free="897825104" total="2821586944" percent="31">
    <mem type="nursery" free="0" total="939524096" percent="0">
      <mem type="allocate" free="0" total="778108928" percent="0" />
      <mem type="survivor" free="0" total="161415168" percent="0" />
    </mem>
    <mem type="tenure" free="897825104" total="1882062848" percent="47">
      <mem type="soa" free="766080336" total="1750318080" percent="43" />
      <mem type="loa" free="131744768" total="131744768" percent="100" />
    </mem>
    <remembered-set count="191040" />
  </mem-info>
</gc-start>
<allocation-stats totalBytes="655305176" >
  <allocated-bytes non-tlh="28323552" tlh="626981624" />
  <largest-consumer threadName="Group1.Backend.CompositeBackend{Tier1}.2" threadId="00000000007F6F00" bytes="93008120" />
</allocation-stats>
<gc-op id="3260" type="scavenge" timems="89.623" contextid="3257" timestamp="2020-09-11T10:25:44.753">
  <scavenger-info tenureage="3" tenuremask="7ff8" tiltratio="82" />
  <memory-copied type="nursery" objects="4022598" bytes="107888472" bytesdiscarded="256656" />
  <memory-copied type="tenure" objects="1027225" bytes="27629984" bytesdiscarded="62832" />
  <ownableSynchronizers candidates="4494" cleared="4098" />
  <references type="soft" candidates="369" cleared="0" enqueued="0" dynamicThreshold="18" maxThreshold="32" />
  <references type="weak" candidates="108" cleared="108" enqueued="0" />
</gc-op>
<gc-end id="3261" type="scavenge" contextid="3257" durationms="90.882" usertimems="699.682" systemtimems="0.000" timestamp="2020-09-11T10:25:44.754" activeThreads="8">
  <mem-info id="3262" free="1545019440" total="2821586944" percent="54">
    <mem type="nursery" free="674860032" total="939524096" percent="71">
      <mem type="allocate" free="674860032" total="783089664" percent="86" />
      <mem type="survivor" free="0" total="156434432" percent="0" />
    </mem>
    <mem type="tenure" free="870159408" total="1882062848" percent="46" macro-fragmented="0">
      <mem type="soa" free="738414640" total="1750318080" percent="42" />
      <mem type="loa" free="131744768" total="131744768" percent="100" />
    </mem>
    <remembered-set count="30138" />
  </mem-info>
</gc-end>
<cycle-end id="3263" type="scavenge" contextid="3257" timestamp="2020-09-11T10:25:44.756" />
<allocation-satisfied id="3264" threadId="0000000000854300" bytesRequested="304" />
<af-end id="3265" timestamp="2020-09-11T10:25:44.756" threadId="0000000000854C80" success="true" from="nursery"/>
<exclusive-end id="3266" timestamp="2020-09-11T10:25:44.756" durationms="93.914" />

<exclusive-start id="3267" timestamp="2020-09-11T10:25:46.651" intervalms="1988.689">
  <response-info timems="0.310" idlems="0.310" threads="0" lastid="00000000007F6F00" lastname="Group1.Backend.CompositeBackend{Tier1}.2" />
</exclusive-start>
<af-start id="3268" threadId="00000000007F7880" totalBytesRequested="32" timestamp="2020-09-11T10:25:46.652" intervalms="1988.570" type="nursery" />
<cycle-start id="3269" type="scavenge" contextid="0" timestamp="2020-09-11T10:25:46.652" intervalms="1988.535" />
<gc-start id="3270" type="scavenge" contextid="3269" timestamp="2020-09-11T10:25:46.652">
  <mem-info id="3271" free="870157160" total="2821586944" percent="30">
    <mem type="nursery" free="0" total="939524096" percent="0">
      <mem type="allocate" free="0" total="783089664" percent="0" />
      <mem type="survivor" free="0" total="156434432" percent="0" />
    </mem>
    <mem type="tenure" free="870157160" total="1882062848" percent="46">
      <mem type="soa" free="738412392" total="1750318080" percent="42" />
      <mem type="loa" free="131744768" total="131744768" percent="100" />
    </mem>
    <remembered-set count="188190" />
  </mem-info>
</gc-start>
<allocation-stats totalBytes="674549848" >
  <allocated-bytes non-tlh="38368104" tlh="636181744" />
  <largest-consumer threadName="Group1.Backend.CompositeBackend{Tier1}.1" threadId="0000000000785E00" bytes="89307976" />
</allocation-stats>
<gc-op id="3272" type="scavenge" timems="91.978" contextid="3269" timestamp="2020-09-11T10:25:46.744">
  <scavenger-info tenureage="3" tenuremask="7ff8" tiltratio="83" />
  <memory-copied type="nursery" objects="4088704" bytes="109260536" bytesdiscarded="359032" />
  <memory-copied type="tenure" objects="1102946" bytes="29671072" bytesdiscarded="67040" />
  <ownableSynchronizers candidates="3779" cleared="3372" />
  <references type="soft" candidates="384" cleared="0" enqueued="0" dynamicThreshold="18" maxThreshold="32" />
  <references type="weak" candidates="120" cleared="114" enqueued="1" />
</gc-op>
<gc-end id="3273" type="scavenge" contextid="3269" durationms="93.192" usertimems="697.628" systemtimems="21.884" timestamp="2020-09-11T10:25:46.745" activeThreads="8">
  <mem-info id="3274" free="1520105904" total="2821586944" percent="53">
    <mem type="nursery" free="679879664" total="939524096" percent="72">
      <mem type="allocate" free="679879664" total="789577728" percent="86" />
      <mem type="survivor" free="0" total="149946368" percent="0" />
    </mem>
    <mem type="tenure" free="840226240" total="1882062848" percent="44" macro-fragmented="0">
      <mem type="soa" free="708481472" total="1750318080" percent="40" />
      <mem type="loa" free="131744768" total="131744768" percent="100" />
    </mem>
    <pending-finalizers system="0" default="0" reference="1" classloader="0" />
    <remembered-set count="30738" />
  </mem-info>
</gc-end>
<cycle-end id="3275" type="scavenge" contextid="3269" timestamp="2020-09-11T10:25:46.747" />
<allocation-satisfied id="3276" threadId="00000000007F6F00" bytesRequested="32" />
<af-end id="3277" timestamp="2020-09-11T10:25:46.747" threadId="00000000007F7880" success="true" from="nursery"/>
<exclusive-end id="3278" timestamp="2020-09-11T10:25:46.747" durationms="96.464" />

<exclusive-start id="3279" timestamp="2020-09-11T10:25:48.771" intervalms="2120.474">
  <response-info timems="0.249" idlems="0.249" threads="0" lastid="0000000000837900" lastname="Group1.Backend.CompositeBackend{Tier1}.8" />
</exclusive-start>
<af-start id="3280" threadId="0000000000838280" totalBytesRequested="664" timestamp="2020-09-11T10:25:48.772" intervalms="2120.538" type="nursery" />
<cycle-start id="3281" type="scavenge" contextid="0" timestamp="2020-09-11T10:25:48.772" intervalms="2120.546" />
<gc-start id="3282" type="scavenge" contextid="3281" timestamp="2020-09-11T10:25:48.773">
  <mem-info id="3283" free="840226240" total="2821586944" percent="29">
    <mem type="nursery" free="0" total="939524096" percent="0">
      <mem type="allocate" free="0" total="789577728" percent="0" />
      <mem type="survivor" free="0" total="149946368" percent="0" />
    </mem>
    <mem type="tenure" free="840226240" total="1882062848" percent="44">
      <mem type="soa" free="708481472" total="1750318080" percent="40" />
      <mem type="loa" free="131744768" total="131744768" percent="100" />
    </mem>
    <remembered-set count="194063" />
  </mem-info>
</gc-start>
<allocation-stats totalBytes="679555400" >
  <allocated-bytes non-tlh="30779960" tlh="648775440" />
  <largest-consumer threadName="Group1.Backend.CompositeBackend{Tier1}.8" threadId="0000000000837900" bytes="97931768" />
</allocation-stats>
<gc-op id="3284" type="scavenge" timems="94.364" contextid="3281" timestamp="2020-09-11T10:25:48.867">
  <scavenger-info tenureage="3" tenuremask="7ff8" tiltratio="84" />
  <memory-copied type="nursery" objects="4042152" bytes="108426480" bytesdiscarded="178896" />
  <memory-copied type="tenure" objects="1030138" bytes="27683352" bytesdiscarded="71720" />
  <ownableSynchronizers candidates="4047" cleared="3640" />
  <references type="soft" candidates="401" cleared="0" enqueued="0" dynamicThreshold="18" maxThreshold="32" />
  <references type="weak" candidates="127" cleared="122" enqueued="0" />
</gc-op>
<gc-end id="3285" type="scavenge" contextid="3281" durationms="95.242" usertimems="702.378" systemtimems="1.954" timestamp="2020-09-11T10:25:48.868" activeThreads="8">
  <mem-info id="3286" free="1498934080" total="2821586944" percent="53">
    <mem type="nursery" free="686390016" total="939524096" percent="73">
      <mem type="allocate" free="686390016" total="795082752" percent="86" />
      <mem type="survivor" free="0" total="144441344" percent="0" />
    </mem>
    <mem type="tenure" free="812544064" total="1882062848" percent="43" macro-fragmented="0">
      <mem type="soa" free="680799296" total="1750318080" percent="38" />
      <mem type="loa" free="131744768" total="131744768" percent="100" />
    </mem>
    <remembered-set count="29977" />
  </mem-info>
</gc-end>
<cycle-end id="3287" type="scavenge" contextid="3281" timestamp="2020-09-11T10:25:48.869" />
<allocation-satisfied id="3288" threadId="0000000000837900" bytesRequested="664" />
<af-end id="3289" timestamp="2020-09-11T10:25:48.869" threadId="0000000000838280" success="true" from="nursery"/>
<exclusive-end id="3290" timestamp="2020-09-11T10:25:48.869" durationms="97.861" />

<exclusive-start id="3291" timestamp="2020-09-11T10:25:50.780" intervalms="2008.292">
  <response-info timems="0.863" idlems="0.863" threads="0" lastid="0000000000854300" lastname="Group1.Backend.CompositeBackend{Tier1}.7" />
</exclusive-start>
<af-start id="3292" threadId="0000000000854C80" totalBytesRequested="16" timestamp="2020-09-11T10:25:50.781" intervalms="2008.704" type="nursery" />
<cycle-start id="3293" type="scavenge" contextid="0" timestamp="2020-09-11T10:25:50.781" intervalms="2008.740" />
<gc-start id="3294" type="scavenge" contextid="3293" timestamp="2020-09-11T10:25:50.781">
  <mem-info id="3295" free="812544064" total="2821586944" percent="28">
    <mem type="nursery" free="0" total="939524096" percent="0">
      <mem type="allocate" free="0" total="795082752" percent="0" />
      <mem type="survivor" free="0" total="144441344" percent="0" />
    </mem>
    <mem type="tenure" free="812544064" total="1882062848" percent="43">
      <mem type="soa" free="680799296" total="1750318080" percent="38" />
      <mem type="loa" free="131744768" total="131744768" percent="100" />
    </mem>
    <remembered-set count="190454" />
  </mem-info>
</gc-start>
<allocation-stats totalBytes="686058936" >
  <allocated-bytes non-tlh="33225456" tlh="652833480" />
  <largest-consumer threadName="Group1.Backend.CompositeBackend{Tier1}.8" threadId="0000000000837900" bytes="103873528" />
</allocation-stats>
<gc-op id="3296" type="scavenge" timems="142.487" contextid="3293" timestamp="2020-09-11T10:25:50.924">
  <scavenger-info tenureage="3" tenuremask="7ff8" tiltratio="84" />
  <memory-copied type="nursery" objects="4658237" bytes="122163152" bytesdiscarded="185928" />
  <memory-copied type="tenure" objects="1078210" bytes="29012896" bytesdiscarded="62744" />
  <ownableSynchronizers candidates="3503" cleared="3102" />
  <references type="soft" candidates="400" cleared="0" enqueued="0" dynamicThreshold="18" maxThreshold="32" />
  <references type="weak" candidates="122" cleared="117" enqueued="0" />
</gc-op>
<gc-end id="3297" type="scavenge" contextid="3293" durationms="143.858" usertimems="1021.931" systemtimems="3.232" timestamp="2020-09-11T10:25:50.925" activeThreads="8">
  <mem-info id="3298" free="1449557584" total="2821586944" percent="51">
    <mem type="nursery" free="666419824" total="939524096" percent="70">
      <mem type="allocate" free="666419824" total="788856832" percent="84" />
      <mem type="survivor" free="0" total="150667264" percent="0" />
    </mem>
    <mem type="tenure" free="783137760" total="1882062848" percent="41" macro-fragmented="0">
      <mem type="soa" free="651392992" total="1750318080" percent="37" />
      <mem type="loa" free="131744768" total="131744768" percent="100" />
    </mem>
    <remembered-set count="30676" />
  </mem-info>
</gc-end>
<cycle-end id="3299" type="scavenge" contextid="3293" timestamp="2020-09-11T10:25:50.926" />
<allocation-satisfied id="3300" threadId="0000000000854300" bytesRequested="16" />
<af-end id="3301" timestamp="2020-09-11T10:25:50.926" threadId="0000000000854C80" success="true" from="nursery"/>
<exclusive-end id="3302" timestamp="2020-09-11T10:25:50.926" durationms="146.586" />

<exclusive-start id="3303" timestamp="2020-09-11T10:25:52.773" intervalms="1993.195">
  <response-info timems="3.129" idlems="3.129" threads="0" lastid="0000000000837900" lastname="Group1.Backend.CompositeBackend{Tier1}.8" />
</exclusive-start>
<af-start id="3304" threadId="0000000000838280" totalBytesRequested="208" timestamp="2020-09-11T10:25:52.774" intervalms="1992.994" type="nursery" />
<cycle-start id="3305" type="scavenge" contextid="0" timestamp="2020-09-11T10:25:52.774" intervalms="1993.013" />
<gc-start id="3306" type="scavenge" contextid="3305" timestamp="2020-09-11T10:25:52.774">
  <mem-info id="3307" free="783137760" total="2821586944" percent="27">
    <mem type="nursery" free="0" total="939524096" percent="0">
      <mem type="allocate" free="0" total="788856832" percent="0" />
      <mem type="survivor" free="0" total="150667264" percent="0" />
    </mem>
    <mem type="tenure" free="783137760" total="1882062848" percent="41">
      <mem type="soa" free="651392992" total="1750318080" percent="37" />
      <mem type="loa" free="131744768" total="131744768" percent="100" />
    </mem>
    <remembered-set count="190342" />
  </mem-info>
</gc-start>
<allocation-stats totalBytes="666096496" >
  <allocated-bytes non-tlh="33337728" tlh="632758768" />
  <largest-consumer threadName="Group1.Backend.CompositeBackend{Tier1}.7" threadId="0000000000854300" bytes="109727024" />
</allocation-stats>
<gc-op id="3308" type="scavenge" timems="143.666" contextid="3305" timestamp="2020-09-11T10:25:52.918">
  <scavenger-info tenureage="3" tenuremask="7ff8" tiltratio="83" />
  <memory-copied type="nursery" objects="4868751" bytes="127701376" bytesdiscarded="310992" />
  <memory-copied type="tenure" objects="1039674" bytes="27930040" bytesdiscarded="72176" />
  <ownableSynchronizers candidates="4103" cleared="3710" />
  <references type="soft" candidates="395" cleared="0" enqueued="0" dynamicThreshold="18" maxThreshold="32" />
  <references type="weak" candidates="117" cleared="117" enqueued="0" />
</gc-op>
<gc-end id="3309" type="scavenge" contextid="3305" durationms="144.597" usertimems="1105.837" systemtimems="8.383" timestamp="2020-09-11T10:25:52.919" activeThreads="8">
  <mem-info id="3310" free="1417336240" total="2821586944" percent="50">
    <mem type="nursery" free="661873568" total="939524096" percent="70">
      <mem type="allocate" free="661873568" total="789970944" percent="83" />
      <mem type="survivor" free="0" total="149553152" percent="0" />
    </mem>
    <mem type="tenure" free="755462672" total="1882062848" percent="40" macro-fragmented="0">
      <mem type="soa" free="623717904" total="1750318080" percent="35" />
      <mem type="loa" free="131744768" total="131744768" percent="100" />
    </mem>
    <remembered-set count="28617" />
  </mem-info>
</gc-end>
<cycle-end id="3311" type="scavenge" contextid="3305" timestamp="2020-09-11T10:25:52.920" />
<allocation-satisfied id="3312" threadId="0000000000837900" bytesRequested="208" />
<af-end id="3313" timestamp="2020-09-11T10:25:52.920" threadId="0000000000838280" success="true" from="nursery"/>
<exclusive-end id="3314" timestamp="2020-09-11T10:25:52.920" durationms="147.274" />

<exclusive-start id="3315" timestamp="2020-09-11T10:25:54.852" intervalms="2078.763">
  <response-info timems="0.624" idlems="0.624" threads="0" lastid="0000000000842600" lastname="Group1.Backend.CompositeBackend{Tier1}.4" />
</exclusive-start>
<af-start id="3316" threadId="0000000000842F80" totalBytesRequested="16" timestamp="2020-09-11T10:25:54.853" intervalms="2078.770" type="nursery" />
<cycle-start id="3317" type="scavenge" contextid="0" timestamp="2020-09-11T10:25:54.853" intervalms="2078.744" />
<gc-start id="3318" type="scavenge" contextid="3317" timestamp="2020-09-11T10:25:54.853">
  <mem-info id="3319" free="755462672" total="2821586944" percent="26">
    <mem type="nursery" free="0" total="939524096" percent="0">
      <mem type="allocate" free="0" total="789970944" percent="0" />
      <mem type="survivor" free="0" total="149553152" percent="0" />
    </mem>
    <mem type="tenure" free="755462672" total="1882062848" percent="40">
      <mem type="soa" free="623717904" total="1750318080" percent="35" />
      <mem type="loa" free="131744768" total="131744768" percent="100" />
    </mem>
    <remembered-set count="190704" />
  </mem-info>
</gc-start>
<allocation-stats totalBytes="661546216" >
  <allocated-bytes non-tlh="30140096" tlh="631406120" />
  <largest-consumer threadName="Group1.Backend.CompositeBackend{Tier1}.1" threadId="0000000000785E00" bytes="91151192" />
</allocation-stats>
<gc-op id="3320" type="scavenge" timems="133.461" contextid="3317" timestamp="2020-09-11T10:25:54.987">
  <scavenger-info tenureage="3" tenuremask="7ff8" tiltratio="84" />
  <memory-copied type="nursery" objects="4035294" bytes="108327088" bytesdiscarded="154536" />
  <memory-copied type="tenure" objects="1104537" bytes="29702904" bytesdiscarded="64120" />
  <ownableSynchronizers candidates="4302" cleared="3906" />
  <references type="soft" candidates="370" cleared="0" enqueued="0" dynamicThreshold="18" maxThreshold="32" />
  <references type="weak" candidates="123" cleared="123" enqueued="0" />
</gc-op>
<gc-end id="3321" type="scavenge" contextid="3317" durationms="134.460" usertimems="953.387" systemtimems="19.568" timestamp="2020-09-11T10:25:54.987" activeThreads="8">
  <mem-info id="3322" free="1408301888" total="2821586944" percent="49">
    <mem type="nursery" free="682713296" total="939524096" percent="72">
      <mem type="allocate" free="682713296" total="791281664" percent="86" />
      <mem type="survivor" free="0" total="148242432" percent="0" />
    </mem>
    <mem type="tenure" free="725588592" total="1882062848" percent="38" macro-fragmented="0">
      <mem type="soa" free="593843824" total="1750318080" percent="33" />
      <mem type="loa" free="131744768" total="131744768" percent="100" />
    </mem>
    <remembered-set count="29154" />
  </mem-info>
</gc-end>
<cycle-end id="3323" type="scavenge" contextid="3317" timestamp="2020-09-11T10:25:54.989" />
<allocation-satisfied id="3324" threadId="0000000000842600" bytesRequested="16" />
<af-end id="3325" timestamp="2020-09-11T10:25:54.989" threadId="0000000000842F80" success="true" from="nursery"/>
<exclusive-end id="3326" timestamp="2020-09-11T10:25:54.989" durationms="136.949" />

<exclusive-start id="3327" timestamp="2020-09-11T10:25:56.924" intervalms="2072.483">
  <response-info timems="0.310" idlems="0.310" threads="0" lastid="0000000000785E00" lastname="Group1.Backend.CompositeBackend{Tier1}.1" />
</exclusive-start>
<af-start id="3328" threadId="0000000000786780" totalBytesRequested="200" timestamp="2020-09-11T10:25:56.925" intervalms="2072.317" type="nursery" />
<cycle-start id="3329" type="scavenge" contextid="0" timestamp="2020-09-11T10:25:56.925" intervalms="2072.299" />
<gc-start id="3330" type="scavenge" contextid="3329" timestamp="2020-09-11T10:25:56.925">
  <mem-info id="3331" free="725588592" total="2821586944" percent="25">
    <mem type="nursery" free="0" total="939524096" percent="0">
      <mem type="allocate" free="0" total="791281664" percent="0" />
      <mem type="survivor" free="0" total="148242432" percent="0" />
    </mem>
    <mem type="tenure" free="725588592" total="1882062848" percent="38">
      <mem type="soa" free="593843824" total="1750318080" percent="33" />
      <mem type="loa" free="131744768" total="131744768" percent="100" />
    </mem>
    <remembered-set count="190911" />
  </mem-info>
</gc-start>
<allocation-stats totalBytes="682375320" >
  <allocated-bytes non-tlh="33018840" tlh="649356480" />
  <largest-consumer threadName="Group1.Backend.CompositeBackend{Tier1}.6" threadId="0000000000843D00" bytes="121651312" />
</allocation-stats>
<gc-op id="3332" type="scavenge" timems="121.518" contextid="3329" timestamp="2020-09-11T10:25:57.047">
  <scavenger-info tenureage="3" tenuremask="7ff8" tiltratio="84" />
  <memory-copied type="nursery" objects="4351225" bytes="115402296" bytesdiscarded="311168" />
  <memory-copied type="tenure" objects="1082011" bytes="29235496" bytesdiscarded="73624" />
  <ownableSynchronizers candidates="3845" cleared="3443" />
  <references type="soft" candidates="379" cleared="0" enqueued="0" dynamicThreshold="18" maxThreshold="32" />
  <references type="weak" candidates="109" cleared="108" enqueued="0" />
</gc-op>
<gc-end id="3333" type="scavenge" contextid="3329" durationms="122.444" usertimems="935.677" systemtimems="4.323" timestamp="2020-09-11T10:25:57.048" activeThreads="8">
  <mem-info id="3334" free="1374095848" total="2821586944" percent="48">
    <mem type="nursery" free="677714904" total="939524096" percent="72">
      <mem type="allocate" free="677714904" total="793509888" percent="85" />
      <mem type="survivor" free="0" total="146014208" percent="0" />
    </mem>
    <mem type="tenure" free="696380944" total="1882062848" percent="37" macro-fragmented="0">
      <mem type="soa" free="564636176" total="1750318080" percent="32" />
      <mem type="loa" free="131744768" total="131744768" percent="100" />
    </mem>
    <remembered-set count="30037" />
  </mem-info>
</gc-end>
<cycle-end id="3335" type="scavenge" contextid="3329" timestamp="2020-09-11T10:25:57.050" />
<allocation-satisfied id="3336" threadId="0000000000785E00" bytesRequested="200" />
<af-end id="3337" timestamp="2020-09-11T10:25:57.050" threadId="0000000000786780" success="true" from="nursery"/>
<exclusive-end id="3338" timestamp="2020-09-11T10:25:57.050" durationms="125.508" />

<exclusive-start id="3339" timestamp="2020-09-11T10:25:58.968" intervalms="2043.657">
  <response-info timems="0.312" idlems="0.312" threads="0" lastid="0000000000856800" lastname="Group1.Backend.CompositeBackend{Tier1}.3" />
</exclusive-start>
<af-start id="3340" threadId="0000000000857180" totalBytesRequested="32" timestamp="2020-09-11T10:25:58.969" intervalms="2043.722" type="nursery" />
<cycle-start id="3341" type="scavenge" contextid="0" timestamp="2020-09-11T10:25:58.969" intervalms="2043.724" />
<gc-start id="3342" type="scavenge" contextid="3341" timestamp="2020-09-11T10:25:58.969">
  <mem-info id="3343" free="696380944" total="2821586944" percent="24">
    <mem type="nursery" free="0" total="939524096" percent="0">
      <mem type="allocate" free="0" total="793509888" percent="0" />
      <mem type="survivor" free="0" total="146014208" percent="0" />
    </mem>
    <mem type="tenure" free="696380944" total="1882062848" percent="37">
      <mem type="soa" free="564636176" total="1750318080" percent="32" />
      <mem type="loa" free="131744768" total="131744768" percent="100" />
    </mem>
    <remembered-set count="191161" />
  </mem-info>
</gc-start>
<allocation-stats totalBytes="677388832" >
  <allocated-bytes non-tlh="33627464" tlh="643761368" />
  <largest-consumer threadName="Group1.Backend.CompositeBackend{Tier1}.7" threadId="0000000000854300" bytes="109013720" />
</allocation-stats>
<gc-op id="3344" type="scavenge" timems="94.181" contextid="3341" timestamp="2020-09-11T10:25:59.063">
  <scavenger-info tenureage="3" tenuremask="7ff8" tiltratio="84" />
  <memory-copied type="nursery" objects="3982207" bytes="106909160" bytesdiscarded="290840" />
  <memory-copied type="tenure" objects="1045556" bytes="28112808" bytesdiscarded="82232" />
  <ownableSynchronizers candidates="4456" cleared="4041" />
  <references type="soft" candidates="338" cleared="0" enqueued="0" dynamicThreshold="18" maxThreshold="32" />
  <references type="weak" candidates="110" cleared="109" enqueued="0" />
</gc-op>
<gc-end id="3345" type="scavenge" contextid="3341" durationms="94.996" usertimems="682.404" systemtimems="0.000" timestamp="2020-09-11T10:25:59.064" activeThreads="8">
  <mem-info id="3346" free="1357809376" total="2821586944" percent="48">
    <mem type="nursery" free="689574144" total="939524096" percent="73">
      <mem type="allocate" free="689574144" total="796852224" percent="86" />
      <mem type="survivor" free="0" total="142671872" percent="0" />
    </mem>
    <mem type="tenure" free="668235232" total="1882062848" percent="35" macro-fragmented="0">
      <mem type="soa" free="536490464" total="1750318080" percent="30" />
      <mem type="loa" free="131744768" total="131744768" percent="100" />
    </mem>
    <remembered-set count="30085" />
  </mem-info>
</gc-end>
<cycle-end id="3347" type="scavenge" contextid="3341" timestamp="2020-09-11T10:25:59.065" />
<allocation-satisfied id="3348" threadId="0000000000856800" bytesRequested="32" />
<af-end id="3349" timestamp="2020-09-11T10:25:59.065" threadId="0000000000857180" success="true" from="nursery"/>
<exclusive-end id="3350" timestamp="2020-09-11T10:25:59.065" durationms="97.573" />

<exclusive-start id="3351" timestamp="2020-09-11T10:26:01.089" intervalms="2121.304">
  <response-info timems="0.591" idlems="0.591" threads="0" lastid="0000000000785E00" lastname="Group1.Backend.CompositeBackend{Tier1}.1" />
</exclusive-start>
<af-start id="3352" threadId="0000000000786780" totalBytesRequested="32" timestamp="2020-09-11T10:26:01.090" intervalms="2121.226" type="nursery" />
<cycle-start id="3353" type="scavenge" contextid="0" timestamp="2020-09-11T10:26:01.090" intervalms="2121.223" />
<gc-start id="3354" type="scavenge" contextid="3353" timestamp="2020-09-11T10:26:01.090">
  <mem-info id="3355" free="668235232" total="2821586944" percent="23">
    <mem type="nursery" free="0" total="939524096" percent="0">
      <mem type="allocate" free="0" total="796852224" percent="0" />
      <mem type="survivor" free="0" total="142671872" percent="0" />
    </mem>
    <mem type="tenure" free="668235232" total="1882062848" percent="35">
      <mem type="soa" free="536490464" total="1750318080" percent="30" />
      <mem type="loa" free="131744768" total="131744768" percent="100" />
    </mem>
    <remembered-set count="194459" />
  </mem-info>
</gc-start>
<allocation-stats totalBytes="689243456" >
  <allocated-bytes non-tlh="31637056" tlh="657606400" />
  <largest-consumer threadName="Group1.Backend.CompositeBackend{Tier1}.1" threadId="0000000000785E00" bytes="134192792" />
</allocation-stats>
<gc-op id="3356" type="scavenge" timems="92.711" contextid="3353" timestamp="2020-09-11T10:26:01.183">
  <scavenger-info tenureage="3" tenuremask="7ff8" tiltratio="84" />
  <memory-copied type="nursery" objects="4042045" bytes="108485048" bytesdiscarded="250488" />
  <memory-copied type="tenure" objects="1083007" bytes="29120088" bytesdiscarded="76040" />
  <ownableSynchronizers candidates="3347" cleared="2963" />
  <references type="soft" candidates="326" cleared="0" enqueued="0" dynamicThreshold="18" maxThreshold="32" />
  <references type="weak" candidates="122" cleared="122" enqueued="0" />
</gc-op>
<gc-end id="3357" type="scavenge" contextid="3353" durationms="93.658" usertimems="696.233" systemtimems="0.000" timestamp="2020-09-11T10:26:01.184" activeThreads="8">
  <mem-info id="3358" free="1330890904" total="2821586944" percent="47">
    <mem type="nursery" free="691899392" total="939524096" percent="73">
      <mem type="allocate" free="691899392" total="800718848" percent="86" />
      <mem type="survivor" free="0" total="138805248" percent="0" />
    </mem>
    <mem type="tenure" free="638991512" total="1882062848" percent="33" macro-fragmented="0">
      <mem type="soa" free="507246744" total="1750318080" percent="28" />
      <mem type="loa" free="131744768" total="131744768" percent="100" />
    </mem>
    <remembered-set count="31017" />
  </mem-info>
</gc-end>
<cycle-end id="3359" type="scavenge" contextid="3353" timestamp="2020-09-11T10:26:01.185" />
<allocation-satisfied id="3360" threadId="0000000000785E00" bytesRequested="32" />
<af-end id="3361" timestamp="2020-09-11T10:26:01.185" threadId="0000000000786780" success="true" from="nursery"/>
<exclusive-end id="3362" timestamp="2020-09-11T10:26:01.185" durationms="95.946" />

<exclusive-start id="3363" timestamp="2020-09-11T10:26:03.377" intervalms="2287.476">
  <response-info timems="8.192" idlems="8.192" threads="0" lastid="0000000000843D00" lastname="Group1.Backend.CompositeBackend{Tier1}.6" />
</exclusive-start>
<af-start id="3364" threadId="0000000000844680" totalBytesRequested="664" timestamp="2020-09-11T10:26:03.378" intervalms="2287.737" type="nursery" />
<cycle-start id="3365" type="scavenge" contextid="0" timestamp="2020-09-11T10:26:03.378" intervalms="2287.767" />
<gc-start id="3366" type="scavenge" contextid="3365" timestamp="2020-09-11T10:26:03.378">
  <mem-info id="3367" free="638991512" total="2821586944" percent="22">
    <mem type="nursery" free="0" total="939524096" percent="0">
      <mem type="allocate" free="0" total="800718848" percent="0" />
      <mem type="survivor" free="0" total="138805248" percent="0" />
    </mem>
    <mem type="tenure" free="638991512" total="1882062848" percent="33">
      <mem type="soa" free="507246744" total="1750318080" percent="28" />
      <mem type="loa" free="131744768" total="131744768" percent="100" />
    </mem>
    <remembered-set count="200627" />
  </mem-info>
</gc-start>
<allocation-stats totalBytes="691528912" >
  <allocated-bytes non-tlh="22176592" tlh="669352320" />
  <largest-consumer threadName="Group1.Backend.CompositeBackend{Tier1}.7" threadId="0000000000854300" bytes="110586888" />
</allocation-stats>
<gc-op id="3368" type="scavenge" timems="130.757" contextid="3365" timestamp="2020-09-11T10:26:03.509">
  <scavenger-info tenureage="3" tenuremask="7ff8" tiltratio="85" />
  <memory-copied type="nursery" objects="4164811" bytes="111765528" bytesdiscarded="184696" />
  <memory-copied type="tenure" objects="1083578" bytes="29114872" bytesdiscarded="67576" />
  <ownableSynchronizers candidates="4570" cleared="4175" />
  <references type="soft" candidates="329" cleared="0" enqueued="0" dynamicThreshold="18" maxThreshold="32" />
  <references type="weak" candidates="95" cleared="94" enqueued="0" />
</gc-op>
<gc-end id="3369" type="scavenge" contextid="3365" durationms="132.773" usertimems="961.775" systemtimems="13.437" timestamp="2020-09-11T10:26:03.511" activeThreads="8">
  <mem-info id="3370" free="1300427360" total="2821586944" percent="46">
    <mem type="nursery" free="690639104" total="939524096" percent="73">
      <mem type="allocate" free="690639104" total="802684928" percent="86" />
      <mem type="survivor" free="0" total="136839168" percent="0" />
    </mem>
    <mem type="tenure" free="609788256" total="1882062848" percent="32" macro-fragmented="0">
      <mem type="soa" free="478043488" total="1750318080" percent="27" />
      <mem type="loa" free="131744768" total="131744768" percent="100" />
    </mem>
    <remembered-set count="31346" />
  </mem-info>
</gc-end>
<cycle-end id="3371" type="scavenge" contextid="3365" timestamp="2020-09-11T10:26:03.521" />
<allocation-satisfied id="3372" threadId="0000000000843D00" bytesRequested="664" />
<af-end id="3373" timestamp="2020-09-11T10:26:03.521" threadId="0000000000844680" success="true" from="nursery"/>
<exclusive-end id="3374" timestamp="2020-09-11T10:26:03.521" durationms="144.693" />

<exclusive-start id="3375" timestamp="2020-09-11T10:26:05.473" intervalms="2096.270">
  <response-info timems="0.908" idlems="0.908" threads="0" lastid="0000000000842600" lastname="Group1.Backend.CompositeBackend{Tier1}.4" />
</exclusive-start>
<af-start id="3376" threadId="0000000000842F80" totalBytesRequested="24" timestamp="2020-09-11T10:26:05.474" intervalms="2096.383" type="nursery" />
<cycle-start id="3377" type="scavenge" contextid="0" timestamp="2020-09-11T10:26:05.474" intervalms="2096.382" />
<gc-start id="3378" type="scavenge" contextid="3377" timestamp="2020-09-11T10:26:05.474">
  <mem-info id="3379" free="609788256" total="2821586944" percent="21">
    <mem type="nursery" free="0" total="939524096" percent="0">
      <mem type="allocate" free="0" total="802684928" percent="0" />
      <mem type="survivor" free="0" total="136839168" percent="0" />
    </mem>
    <mem type="tenure" free="609788256" total="1882062848" percent="32">
      <mem type="soa" free="478043488" total="1750318080" percent="27" />
      <mem type="loa" free="131744768" total="131744768" percent="100" />
    </mem>
    <remembered-set count="193224" />
  </mem-info>
</gc-start>
<allocation-stats totalBytes="690320448" >
  <allocated-bytes non-tlh="33934560" tlh="656385888" />
  <largest-consumer threadName="Group1.Backend.CompositeBackend{Tier1}.6" threadId="0000000000843D00" bytes="115284456" />
</allocation-stats>
<gc-op id="3380" type="scavenge" timems="135.418" contextid="3377" timestamp="2020-09-11T10:26:05.610">
  <scavenger-info tenureage="3" tenuremask="7ff8" tiltratio="85" />
  <memory-copied type="nursery" objects="4248507" bytes="113760248" bytesdiscarded="161264" />
  <memory-copied type="tenure" objects="1057765" bytes="28423184" bytesdiscarded="83664" />
  <ownableSynchronizers candidates="4379" cleared="3979" />
  <references type="soft" candidates="374" cleared="0" enqueued="0" dynamicThreshold="18" maxThreshold="32" />
  <references type="weak" candidates="88" cleared="88" enqueued="0" />
</gc-op>
<gc-end id="3381" type="scavenge" contextid="3377" durationms="136.414" usertimems="955.040" systemtimems="5.416" timestamp="2020-09-11T10:26:05.611" activeThreads="8">
  <mem-info id="3382" free="1271175576" total="2821586944" percent="45">
    <mem type="nursery" free="690126072" total="939524096" percent="73">
      <mem type="allocate" free="690126072" total="804126720" percent="85" />
      <mem type="survivor" free="0" total="135397376" percent="0" />
    </mem>
    <mem type="tenure" free="581049504" total="1882062848" percent="30" macro-fragmented="0">
      <mem type="soa" free="449304736" total="1750318080" percent="25" />
      <mem type="loa" free="131744768" total="131744768" percent="100" />
    </mem>
    <remembered-set count="30664" />
  </mem-info>
</gc-end>
<cycle-end id="3383" type="scavenge" contextid="3377" timestamp="2020-09-11T10:26:05.612" />
<allocation-satisfied id="3384" threadId="0000000000842600" bytesRequested="24" />
<af-end id="3385" timestamp="2020-09-11T10:26:05.612" threadId="0000000000842F80" success="true" from="nursery"/>
<exclusive-end id="3386" timestamp="2020-09-11T10:26:05.612" durationms="139.226" />

<exclusive-start id="3387" timestamp="2020-09-11T10:26:07.429" intervalms="1956.510">
  <response-info timems="0.496" idlems="0.496" threads="0" lastid="0000000000842600" lastname="Group1.Backend.CompositeBackend{Tier1}.4" />
</exclusive-start>
<af-start id="3388" threadId="0000000000842F80" totalBytesRequested="16" timestamp="2020-09-11T10:26:07.430" intervalms="1956.256" type="nursery" />
<cycle-start id="3389" type="scavenge" contextid="0" timestamp="2020-09-11T10:26:07.431" intervalms="1956.544" />
<gc-start id="3390" type="scavenge" contextid="3389" timestamp="2020-09-11T10:26:07.431">
  <mem-info id="3391" free="581049504" total="2821586944" percent="20">
    <mem type="nursery" free="0" total="939524096" percent="0">
      <mem type="allocate" free="0" total="804126720" percent="0" />
      <mem type="survivor" free="0" total="135397376" percent="0" />
    </mem>
    <mem type="tenure" free="581049504" total="1882062848" percent="30">
      <mem type="soa" free="449304736" total="1750318080" percent="25" />
      <mem type="loa" free="131744768" total="131744768" percent="100" />
    </mem>
    <remembered-set count="189941" />
  </mem-info>
</gc-start>
<allocation-stats totalBytes="689811592" >
  <allocated-bytes non-tlh="40472000" tlh="649339592" />
  <largest-consumer threadName="Group1.Backend.CompositeBackend{Tier1}.4" threadId="0000000000842600" bytes="118271968" />
</allocation-stats>
<gc-op id="3392" type="scavenge" timems="114.759" contextid="3389" timestamp="2020-09-11T10:26:07.546">
  <scavenger-info tenureage="3" tenuremask="7ff8" tiltratio="85" />
  <memory-copied type="nursery" objects="4106671" bytes="110197360" bytesdiscarded="206640" />
  <memory-copied type="tenure" objects="1109390" bytes="29822976" bytesdiscarded="86368" />
  <ownableSynchronizers candidates="3470" cleared="3097" />
  <references type="soft" candidates="371" cleared="0" enqueued="0" dynamicThreshold="18" maxThreshold="32" />
  <references type="weak" candidates="113" cleared="113" enqueued="0" />
</gc-op>
<gc-end id="3393" type="scavenge" contextid="3389" durationms="116.091" usertimems="814.854" systemtimems="5.404" timestamp="2020-09-11T10:26:07.547" activeThreads="8">
  <mem-info id="3394" free="1246628728" total="2821586944" percent="44">
    <mem type="nursery" free="695216640" total="939524096" percent="73">
      <mem type="allocate" free="695216640" total="805699584" percent="86" />
      <mem type="survivor" free="0" total="133824512" percent="0" />
    </mem>
    <mem type="tenure" free="551412088" total="1882062848" percent="29" macro-fragmented="0">
      <mem type="soa" free="419667320" total="1750318080" percent="23" />
      <mem type="loa" free="131744768" total="131744768" percent="100" />
    </mem>
    <remembered-set count="30558" />
  </mem-info>
</gc-end>
<cycle-end id="3395" type="scavenge" contextid="3389" timestamp="2020-09-11T10:26:07.549" />
<allocation-satisfied id="3396" threadId="0000000000842600" bytesRequested="16" />
<af-end id="3397" timestamp="2020-09-11T10:26:07.549" threadId="0000000000842F80" success="true" from="nursery"/>
<exclusive-end id="3398" timestamp="2020-09-11T10:26:07.549" durationms="119.757" />

<exclusive-start id="3399" timestamp="2020-09-11T10:26:09.587" intervalms="2157.628">
  <response-info timems="0.418" idlems="0.418" threads="0" lastid="00000000007F6F00" lastname="Group1.Backend.CompositeBackend{Tier1}.2" />
</exclusive-start>
<af-start id="3400" threadId="00000000007F7880" totalBytesRequested="266848" timestamp="2020-09-11T10:26:09.588" intervalms="2157.457" type="nursery" />
<cycle-start id="3401" type="scavenge" contextid="0" timestamp="2020-09-11T10:26:09.588" intervalms="2157.127" />
<gc-start id="3402" type="scavenge" contextid="3401" timestamp="2020-09-11T10:26:09.588">
  <mem-info id="3403" free="551412088" total="2821586944" percent="19">
    <mem type="nursery" free="0" total="939524096" percent="0">
      <mem type="allocate" free="0" total="805699584" percent="0" />
      <mem type="survivor" free="0" total="133824512" percent="0" />
    </mem>
    <mem type="tenure" free="551412088" total="1882062848" percent="29">
      <mem type="soa" free="419667320" total="1750318080" percent="23" />
      <mem type="loa" free="131744768" total="131744768" percent="100" />
    </mem>
    <remembered-set count="194786" />
  </mem-info>
</gc-start>
<allocation-stats totalBytes="694888768" >
  <allocated-bytes non-tlh="31001248" tlh="663887520" />
  <largest-consumer threadName="Group1.Backend.CompositeBackend{Tier1}.2" threadId="00000000007F6F00" bytes="119157744" />
</allocation-stats>
<gc-op id="3404" type="scavenge" timems="113.026" contextid="3401" timestamp="2020-09-11T10:26:09.701">
  <scavenger-info tenureage="3" tenuremask="7ff8" tiltratio="85" />
  <memory-copied type="nursery" objects="4627927" bytes="121473792" bytesdiscarded="199632" />
  <memory-copied type="tenure" objects="1172775" bytes="31553904" bytesdiscarded="86936" />
  <ownableSynchronizers candidates="4786" cleared="4377" />
  <references type="soft" candidates="371" cleared="0" enqueued="0" dynamicThreshold="18" maxThreshold="32" />
  <references type="weak" candidates="117" cleared="117" enqueued="0" />
</gc-op>
<gc-end id="3405" type="scavenge" contextid="3401" durationms="113.876" usertimems="863.615" systemtimems="7.683" timestamp="2020-09-11T10:26:09.702" activeThreads="8">
  <mem-info id="3406" free="1191844448" total="2821586944" percent="42">
    <mem type="nursery" free="672013928" total="939524096" percent="71">
      <mem type="allocate" free="672013928" total="793772032" percent="84" />
      <mem type="survivor" free="0" total="145752064" percent="0" />
    </mem>
    <mem type="tenure" free="519830520" total="1882062848" percent="27" macro-fragmented="0">
      <mem type="soa" free="388085752" total="1750318080" percent="22" />
      <mem type="loa" free="131744768" total="131744768" percent="100" />
    </mem>
    <remembered-set count="31199" />
  </mem-info>
</gc-end>
<cycle-end id="3407" type="scavenge" contextid="3401" timestamp="2020-09-11T10:26:09.703" />
<allocation-satisfied id="3408" threadId="00000000007F6F00" bytesRequested="266848" />
<af-end id="3409" timestamp="2020-09-11T10:26:09.703" threadId="00000000007F7880" success="true" from="nursery"/>
<exclusive-end id="3410" timestamp="2020-09-11T10:26:09.703" durationms="116.057" />

<exclusive-start id="3411" timestamp="2020-09-11T10:26:11.642" intervalms="2055.303">
  <response-info timems="0.386" idlems="0.386" threads="0" lastid="0000000000837900" lastname="Group1.Backend.CompositeBackend{Tier1}.8" />
</exclusive-start>
<af-start id="3412" threadId="0000000000838280" totalBytesRequested="32" timestamp="2020-09-11T10:26:11.643" intervalms="2055.586" type="nursery" />
<cycle-start id="3413" type="scavenge" contextid="0" timestamp="2020-09-11T10:26:11.643" intervalms="2055.646" />
<gc-start id="3414" type="scavenge" contextid="3413" timestamp="2020-09-11T10:26:11.644">
  <mem-info id="3415" free="519830520" total="2821586944" percent="18">
    <mem type="nursery" free="0" total="939524096" percent="0">
      <mem type="allocate" free="0" total="793772032" percent="0" />
      <mem type="survivor" free="0" total="145752064" percent="0" />
    </mem>
    <mem type="tenure" free="519830520" total="1882062848" percent="27">
      <mem type="soa" free="388085752" total="1750318080" percent="22" />
      <mem type="loa" free="131744768" total="131744768" percent="100" />
    </mem>
    <remembered-set count="192398" />
  </mem-info>
</gc-start>
<allocation-stats totalBytes="671676776" >
  <allocated-bytes non-tlh="30209880" tlh="641466896" />
  <largest-consumer threadName="Group1.Backend.CompositeBackend{Tier1}.8" threadId="0000000000837900" bytes="99178816" />
</allocation-stats>
<gc-op id="3416" type="scavenge" timems="92.505" contextid="3413" timestamp="2020-09-11T10:26:11.736">
  <scavenger-info tenureage="3" tenuremask="7ff8" tiltratio="84" />
  <memory-copied type="nursery" objects="4352843" bytes="115493712" bytesdiscarded="356200" />
  <memory-copied type="tenure" objects="1073139" bytes="28848760" bytesdiscarded="86360" />
  <ownableSynchronizers candidates="5422" cleared="4988" />
  <references type="soft" candidates="380" cleared="0" enqueued="0" dynamicThreshold="18" maxThreshold="32" />
  <references type="weak" candidates="118" cleared="117" enqueued="0" />
</gc-op>
<gc-end id="3417" type="scavenge" contextid="3413" durationms="93.485" usertimems="711.819" systemtimems="1.770" timestamp="2020-09-11T10:26:11.737" activeThreads="8">
  <mem-info id="3418" free="1170699360" total="2821586944" percent="41">
    <mem type="nursery" free="679805552" total="939524096" percent="72">
      <mem type="allocate" free="679805552" total="795738112" percent="85" />
      <mem type="survivor" free="0" total="143785984" percent="0" />
    </mem>
    <mem type="tenure" free="490893808" total="1882062848" percent="26" macro-fragmented="0">
      <mem type="soa" free="359149040" total="1750318080" percent="20" />
      <mem type="loa" free="131744768" total="131744768" percent="100" />
    </mem>
    <remembered-set count="29755" />
  </mem-info>
</gc-end>
<cycle-end id="3419" type="scavenge" contextid="3413" timestamp="2020-09-11T10:26:11.738" />
<allocation-satisfied id="3420" threadId="0000000000837900" bytesRequested="32" />
<af-end id="3421" timestamp="2020-09-11T10:26:11.739" threadId="0000000000838280" success="true" from="nursery"/>
<exclusive-end id="3422" timestamp="2020-09-11T10:26:11.739" durationms="96.250" />

<exclusive-start id="3423" timestamp="2020-09-11T10:26:13.700" intervalms="2057.717">
  <response-info timems="1.555" idlems="1.555" threads="0" lastid="0000000000842600" lastname="Group1.Backend.CompositeBackend{Tier1}.4" />
</exclusive-start>
<af-start id="3424" threadId="0000000000842F80" totalBytesRequested="24" timestamp="2020-09-11T10:26:13.701" intervalms="2057.492" type="nursery" />
<cycle-start id="3425" type="scavenge" contextid="0" timestamp="2020-09-11T10:26:13.701" intervalms="2057.447" />
<gc-start id="3426" type="scavenge" contextid="3425" timestamp="2020-09-11T10:26:13.701">
  <mem-info id="3427" free="490893808" total="2821586944" percent="17">
    <mem type="nursery" free="0" total="939524096" percent="0">
      <mem type="allocate" free="0" total="795738112" percent="0" />
      <mem type="survivor" free="0" total="143785984" percent="0" />
    </mem>
    <mem type="tenure" free="490893808" total="1882062848" percent="26">
      <mem type="soa" free="359149040" total="1750318080" percent="20" />
      <mem type="loa" free="131744768" total="131744768" percent="100" />
    </mem>
    <remembered-set count="190857" />
  </mem-info>
</gc-start>
<allocation-stats totalBytes="679484992" >
  <allocated-bytes non-tlh="35043656" tlh="644441336" />
  <largest-consumer threadName="Group1.Backend.CompositeBackend{Tier1}.4" threadId="0000000000842600" bytes="145773680" />
</allocation-stats>
<gc-op id="3428" type="scavenge" timems="107.388" contextid="3425" timestamp="2020-09-11T10:26:13.809">
  <scavenger-info tenureage="3" tenuremask="7ff8" tiltratio="84" />
  <memory-copied type="nursery" objects="4105826" bytes="110085160" bytesdiscarded="211024" />
  <memory-copied type="tenure" objects="1054921" bytes="28355528" bytesdiscarded="75184" />
  <ownableSynchronizers candidates="3924" cleared="3503" />
  <references type="soft" candidates="398" cleared="0" enqueued="0" dynamicThreshold="18" maxThreshold="32" />
  <references type="weak" candidates="114" cleared="114" enqueued="0" />
</gc-op>
<gc-end id="3429" type="scavenge" contextid="3425" durationms="108.471" usertimems="799.031" systemtimems="10.399" timestamp="2020-09-11T10:26:13.810" activeThreads="8">
  <mem-info id="3430" free="1150709824" total="2821586944" percent="40">
    <mem type="nursery" free="688242432" total="939524096" percent="73">
      <mem type="allocate" free="688242432" total="798621696" percent="86" />
      <mem type="survivor" free="0" total="140902400" percent="0" />
    </mem>
    <mem type="tenure" free="462467392" total="1882062848" percent="24" macro-fragmented="0">
      <mem type="soa" free="330722624" total="1750318080" percent="18" />
      <mem type="loa" free="131744768" total="131744768" percent="100" />
    </mem>
    <remembered-set count="29548" />
  </mem-info>
</gc-end>
<cycle-end id="3431" type="scavenge" contextid="3425" timestamp="2020-09-11T10:26:13.811" />
<allocation-satisfied id="3432" threadId="0000000000842600" bytesRequested="24" />
<af-end id="3433" timestamp="2020-09-11T10:26:13.811" threadId="0000000000842F80" success="true" from="nursery"/>
<exclusive-end id="3434" timestamp="2020-09-11T10:26:13.811" durationms="110.620" />

<exclusive-start id="3435" timestamp="2020-09-11T10:26:15.771" intervalms="2070.516">
  <response-info timems="5.353" idlems="5.353" threads="0" lastid="0000000000856800" lastname="Group1.Backend.CompositeBackend{Tier1}.3" />
</exclusive-start>
<af-start id="3436" threadId="0000000000857180" totalBytesRequested="524296" timestamp="2020-09-11T10:26:15.771" intervalms="2070.554" type="nursery" />
<cycle-start id="3437" type="scavenge" contextid="0" timestamp="2020-09-11T10:26:15.771" intervalms="2070.544" />
<gc-start id="3438" type="scavenge" contextid="3437" timestamp="2020-09-11T10:26:15.772">
  <mem-info id="3439" free="462975776" total="2821586944" percent="16">
    <mem type="nursery" free="508384" total="939524096" percent="0">
      <mem type="allocate" free="508384" total="798621696" percent="0" />
      <mem type="survivor" free="0" total="140902400" percent="0" />
    </mem>
    <mem type="tenure" free="462467392" total="1882062848" percent="24">
      <mem type="soa" free="330722624" total="1750318080" percent="18" />
      <mem type="loa" free="131744768" total="131744768" percent="100" />
    </mem>
    <remembered-set count="191535" />
  </mem-info>
</gc-start>
<allocation-stats totalBytes="687423464" >
  <allocated-bytes non-tlh="35507488" tlh="651915976" />
  <largest-consumer threadName="Group1.Backend.CompositeBackend{Tier1}.8" threadId="0000000000837900" bytes="97772232" />
</allocation-stats>
<gc-op id="3440" type="scavenge" timems="115.486" contextid="3437" timestamp="2020-09-11T10:26:15.887">
  <scavenger-info tenureage="3" tenuremask="7ff8" tiltratio="85" />
  <memory-copied type="nursery" objects="4222988" bytes="112291408" bytesdiscarded="235336" />
  <memory-copied type="tenure" objects="1120454" bytes="30121864" bytesdiscarded="95272" />
  <ownableSynchronizers candidates="4290" cleared="3843" />
  <references type="soft" candidates="387" cleared="0" enqueued="0" dynamicThreshold="18" maxThreshold="32" />
  <references type="weak" candidates="118" cleared="118" enqueued="0" />
</gc-op>
<gc-end id="3441" type="scavenge" contextid="3437" durationms="116.329" usertimems="836.535" systemtimems="8.230" timestamp="2020-09-11T10:26:15.888" activeThreads="8">
  <mem-info id="3442" free="1120743960" total="2821586944" percent="39">
    <mem type="nursery" free="688499192" total="939524096" percent="73">
      <mem type="allocate" free="688499192" total="801112064" percent="85" />
      <mem type="survivor" free="0" total="138412032" percent="0" />
    </mem>
    <mem type="tenure" free="432244768" total="1882062848" percent="22" macro-fragmented="0">
      <mem type="soa" free="300500000" total="1750318080" percent="17" />
      <mem type="loa" free="131744768" total="131744768" percent="100" />
    </mem>
    <remembered-set count="29268" />
  </mem-info>
</gc-end>
<cycle-end id="3443" type="scavenge" contextid="3437" timestamp="2020-09-11T10:26:15.889" />
<allocation-satisfied id="3444" threadId="0000000000856800" bytesRequested="524296" />
<af-end id="3445" timestamp="2020-09-11T10:26:15.889" threadId="0000000000857180" success="true" from="nursery"/>
<exclusive-end id="3446" timestamp="2020-09-11T10:26:15.889" durationms="118.634" />

<exclusive-start id="3447" timestamp="2020-09-11T10:26:17.844" intervalms="2073.030">
  <response-info timems="0.367" idlems="0.367" threads="0" lastid="0000000000842600" lastname="Group1.Backend.CompositeBackend{Tier1}.4" />
</exclusive-start>
<af-start id="3448" threadId="0000000000842F80" totalBytesRequested="664" timestamp="2020-09-11T10:26:17.844" intervalms="2072.944" type="nursery" />
<cycle-start id="3449" type="scavenge" contextid="0" timestamp="2020-09-11T10:26:17.844" intervalms="2072.955" />
<gc-start id="3450" type="scavenge" contextid="3449" timestamp="2020-09-11T10:26:17.845">
  <mem-info id="3451" free="432244768" total="2821586944" percent="15">
    <mem type="nursery" free="0" total="939524096" percent="0">
      <mem type="allocate" free="0" total="801112064" percent="0" />
      <mem type="survivor" free="0" total="138412032" percent="0" />
    </mem>
    <mem type="tenure" free="432244768" total="1882062848" percent="22">
      <mem type="soa" free="300500000" total="1750318080" percent="17" />
      <mem type="loa" free="131744768" total="131744768" percent="100" />
    </mem>
    <remembered-set count="192573" />
  </mem-info>
</gc-start>
<allocation-stats totalBytes="688164640" >
  <allocated-bytes non-tlh="32273592" tlh="655891048" />
  <largest-consumer threadName="Group1.Backend.CompositeBackend{Tier1}.7" threadId="0000000000854300" bytes="96604112" />
</allocation-stats>
<gc-op id="3452" type="scavenge" timems="113.408" contextid="3449" timestamp="2020-09-11T10:26:17.958">
  <scavenger-info tenureage="3" tenuremask="7ff8" tiltratio="85" />
  <memory-copied type="nursery" objects="4305221" bytes="114516648" bytesdiscarded="126112" />
  <memory-copied type="tenure" objects="1088575" bytes="29290480" bytesdiscarded="102320" />
  <ownableSynchronizers candidates="4062" cleared="3635" />
  <references type="soft" candidates="351" cleared="0" enqueued="0" dynamicThreshold="18" maxThreshold="32" />
  <references type="weak" candidates="118" cleared="118" enqueued="0" />
</gc-op>
<gc-end id="3453" type="scavenge" contextid="3449" durationms="115.687" usertimems="811.124" systemtimems="9.911" timestamp="2020-09-11T10:26:17.960" activeThreads="8">
  <mem-info id="3454" free="1090789896" total="2821586944" percent="38">
    <mem type="nursery" free="687953640" total="939524096" percent="73">
      <mem type="allocate" free="687953640" total="802684928" percent="85" />
      <mem type="survivor" free="0" total="136839168" percent="0" />
    </mem>
    <mem type="tenure" free="402836256" total="1882062848" percent="21" macro-fragmented="0">
      <mem type="soa" free="271091488" total="1750318080" percent="15" />
      <mem type="loa" free="131744768" total="131744768" percent="100" />
    </mem>
    <remembered-set count="31509" />
  </mem-info>
</gc-end>
<cycle-end id="3455" type="scavenge" contextid="3449" timestamp="2020-09-11T10:26:17.964" />
<allocation-satisfied id="3456" threadId="0000000000842600" bytesRequested="664" />
<af-end id="3457" timestamp="2020-09-11T10:26:17.964" threadId="0000000000842F80" success="true" from="nursery"/>
<exclusive-end id="3458" timestamp="2020-09-11T10:26:17.964" durationms="120.246" />

<exclusive-start id="3459" timestamp="2020-09-11T10:26:19.885" intervalms="2041.533">
  <response-info timems="1.181" idlems="1.181" threads="0" lastid="0000000000854300" lastname="Group1.Backend.CompositeBackend{Tier1}.7" />
</exclusive-start>
<af-start id="3460" threadId="0000000000854C80" totalBytesRequested="16" timestamp="2020-09-11T10:26:19.886" intervalms="2041.727" type="nursery" />
<cycle-start id="3461" type="scavenge" contextid="0" timestamp="2020-09-11T10:26:19.886" intervalms="2041.757" />
<gc-start id="3462" type="scavenge" contextid="3461" timestamp="2020-09-11T10:26:19.887">
  <mem-info id="3463" free="402836256" total="2821586944" percent="14">
    <mem type="nursery" free="0" total="939524096" percent="0">
      <mem type="allocate" free="0" total="802684928" percent="0" />
      <mem type="survivor" free="0" total="136839168" percent="0" />
    </mem>
    <mem type="tenure" free="402836256" total="1882062848" percent="21">
      <mem type="soa" free="271091488" total="1750318080" percent="15" />
      <mem type="loa" free="131744768" total="131744768" percent="100" />
    </mem>
    <remembered-set count="194481" />
  </mem-info>
</gc-start>
<allocation-stats totalBytes="687619752" >
  <allocated-bytes non-tlh="33640312" tlh="653979440" />
  <largest-consumer threadName="Group1.Backend.CompositeBackend{Tier1}.1" threadId="0000000000785E00" bytes="98929408" />
</allocation-stats>
<gc-op id="3464" type="scavenge" timems="110.758" contextid="3461" timestamp="2020-09-11T10:26:19.997">
  <scavenger-info tenureage="3" tenuremask="7ff8" tiltratio="85" />
  <memory-copied type="nursery" objects="4247465" bytes="113304776" bytesdiscarded="150696" />
  <memory-copied type="tenure" objects="1077059" bytes="28946496" bytesdiscarded="107344" />
  <ownableSynchronizers candidates="4163" cleared="3772" />
  <references type="soft" candidates="353" cleared="0" enqueued="0" dynamicThreshold="18" maxThreshold="32" />
  <references type="weak" candidates="107" cleared="107" enqueued="0" />
</gc-op>
<gc-end id="3465" type="scavenge" contextid="3461" durationms="111.765" usertimems="858.083" systemtimems="0.649" timestamp="2020-09-11T10:26:19.998" activeThreads="8">
  <mem-info id="3466" free="1064671760" total="2821586944" percent="37">
    <mem type="nursery" free="690841336" total="939524096" percent="73">
      <mem type="allocate" free="690841336" total="804388864" percent="85" />
      <mem type="survivor" free="0" total="135135232" percent="0" />
    </mem>
    <mem type="tenure" free="373830424" total="1882062848" percent="19" macro-fragmented="0">
      <mem type="soa" free="242085656" total="1750318080" percent="13" />
      <mem type="loa" free="131744768" total="131744768" percent="100" />
    </mem>
    <remembered-set count="31121" />
  </mem-info>
</gc-end>
<cycle-end id="3467" type="scavenge" contextid="3461" timestamp="2020-09-11T10:26:19.999" />
<allocation-satisfied id="3468" threadId="0000000000854300" bytesRequested="16" />
<af-end id="3469" timestamp="2020-09-11T10:26:20.000" threadId="0000000000854C80" success="true" from="nursery"/>
<exclusive-end id="3470" timestamp="2020-09-11T10:26:20.000" durationms="114.899" />

<exclusive-start id="3471" timestamp="2020-09-11T10:26:22.002" intervalms="2117.059">
  <response-info timems="0.435" idlems="0.435" threads="0" lastid="00000000007F6F00" lastname="Group1.Backend.CompositeBackend{Tier1}.2" />
</exclusive-start>
<af-start id="3472" threadId="00000000007F7880" totalBytesRequested="16" timestamp="2020-09-11T10:26:22.003" intervalms="2116.909" type="nursery" />
<cycle-start id="3473" type="scavenge" contextid="0" timestamp="2020-09-11T10:26:22.003" intervalms="2116.894" />
<gc-start id="3474" type="scavenge" contextid="3473" timestamp="2020-09-11T10:26:22.003">
  <mem-info id="3475" free="373830424" total="2821586944" percent="13">
    <mem type="nursery" free="0" total="939524096" percent="0">
      <mem type="allocate" free="0" total="804388864" percent="0" />
      <mem type="survivor" free="0" total="135135232" percent="0" />
    </mem>
    <mem type="tenure" free="373830424" total="1882062848" percent="19">
      <mem type="soa" free="242085656" total="1750318080" percent="13" />
      <mem type="loa" free="131744768" total="131744768" percent="100" />
    </mem>
    <remembered-set count="193638" />
  </mem-info>
</gc-start>
<allocation-stats totalBytes="690507640" >
  <allocated-bytes non-tlh="31911240" tlh="658596400" />
  <largest-consumer threadName="Group1.Backend.CompositeBackend{Tier1}.6" threadId="0000000000843D00" bytes="101333712" />
</allocation-stats>
<gc-op id="3476" type="scavenge" timems="100.183" contextid="3473" timestamp="2020-09-11T10:26:22.104">
  <scavenger-info tenureage="3" tenuremask="7ff8" tiltratio="85" />
  <memory-copied type="nursery" objects="4036662" bytes="108372568" bytesdiscarded="493032" />
  <memory-copied type="tenure" objects="1075488" bytes="28911704" bytesdiscarded="117512" />
  <ownableSynchronizers candidates="4460" cleared="4049" />
  <references type="soft" candidates="374" cleared="0" enqueued="0" dynamicThreshold="18" maxThreshold="32" />
  <references type="weak" candidates="113" cleared="113" enqueued="0" />
</gc-op>
<gc-end id="3477" type="scavenge" contextid="3473" durationms="101.024" usertimems="731.965" systemtimems="0.625" timestamp="2020-09-11T10:26:22.104" activeThreads="8">
  <mem-info id="3478" free="1041900160" total="2821586944" percent="36">
    <mem type="nursery" free="697082624" total="939524096" percent="74">
      <mem type="allocate" free="697082624" total="806027264" percent="86" />
      <mem type="survivor" free="0" total="133496832" percent="0" />
    </mem>
    <mem type="tenure" free="344817536" total="1882062848" percent="18" macro-fragmented="0">
      <mem type="soa" free="213072768" total="1750318080" percent="12" />
      <mem type="loa" free="131744768" total="131744768" percent="100" />
    </mem>
    <remembered-set count="30760" />
  </mem-info>
</gc-end>
<cycle-end id="3479" type="scavenge" contextid="3473" timestamp="2020-09-11T10:26:22.106" />
<allocation-satisfied id="3480" threadId="00000000007F6F00" bytesRequested="16" />
<af-end id="3481" timestamp="2020-09-11T10:26:22.106" threadId="00000000007F7880" success="true" from="nursery"/>
<exclusive-end id="3482" timestamp="2020-09-11T10:26:22.106" durationms="103.485" />

<exclusive-start id="3483" timestamp="2020-09-11T10:26:24.211" intervalms="2208.321">
  <response-info timems="1.265" idlems="0.742" threads="1" lastid="0000000000843D00" lastname="Group1.Backend.CompositeBackend{Tier1}.6" />
</exclusive-start>
<af-start id="3484" threadId="0000000000A5C480" totalBytesRequested="16" timestamp="2020-09-11T10:26:24.211" intervalms="2208.260" type="nursery" />
<cycle-start id="3485" type="scavenge" contextid="0" timestamp="2020-09-11T10:26:24.211" intervalms="2208.243" />
<gc-start id="3486" type="scavenge" contextid="3485" timestamp="2020-09-11T10:26:24.212">
  <mem-info id="3487" free="344817536" total="2821586944" percent="12">
    <mem type="nursery" free="0" total="939524096" percent="0">
      <mem type="allocate" free="0" total="806027264" percent="0" />
      <mem type="survivor" free="0" total="133496832" percent="0" />
    </mem>
    <mem type="tenure" free="344817536" total="1882062848" percent="18">
      <mem type="soa" free="213072768" total="1750318080" percent="12" />
      <mem type="loa" free="131744768" total="131744768" percent="100" />
    </mem>
    <remembered-set count="198318" />
  </mem-info>
</gc-start>
<allocation-stats totalBytes="696730600" >
  <allocated-bytes non-tlh="26876072" tlh="669854528" />
  <largest-consumer threadName="Group1.Backend.CompositeBackend{Tier1}.7" threadId="0000000000854300" bytes="99544904" />
</allocation-stats>
<gc-op id="3488" type="scavenge" timems="112.315" contextid="3485" timestamp="2020-09-11T10:26:24.324">
  <scavenger-info tenureage="3" tenuremask="7ff8" tiltratio="85" />
  <memory-copied type="nursery" objects="4355223" bytes="116051488" bytesdiscarded="136488" />
  <memory-copied type="tenure" objects="1095975" bytes="29462112" bytesdiscarded="119136" />
  <ownableSynchronizers candidates="4110" cleared="3704" />
  <references type="soft" candidates="379" cleared="0" enqueued="0" dynamicThreshold="18" maxThreshold="32" />
  <references type="weak" candidates="93" cleared="93" enqueued="0" />
</gc-op>
<gc-end id="3489" type="scavenge" contextid="3485" durationms="113.181" usertimems="851.471" systemtimems="22.356" timestamp="2020-09-11T10:26:24.325" activeThreads="8">
  <mem-info id="3490" free="1000924048" total="2821586944" percent="35">
    <mem type="nursery" free="685685728" total="939524096" percent="72">
      <mem type="allocate" free="685685728" total="801964032" percent="85" />
      <mem type="survivor" free="0" total="137560064" percent="0" />
    </mem>
    <mem type="tenure" free="315238320" total="1882062848" percent="16" macro-fragmented="0">
      <mem type="soa" free="183493552" total="1750318080" percent="10" />
      <mem type="loa" free="131744768" total="131744768" percent="100" />
    </mem>
    <remembered-set count="31053" />
  </mem-info>
</gc-end>
<cycle-end id="3491" type="scavenge" contextid="3485" timestamp="2020-09-11T10:26:24.325" />
<allocation-satisfied id="3492" threadId="0000000000A5BB00" bytesRequested="16" />
<af-end id="3493" timestamp="2020-09-11T10:26:24.325" threadId="0000000000A5C480" success="true" from="nursery"/>
<exclusive-end id="3494" timestamp="2020-09-11T10:26:24.326" durationms="114.991" />

<exclusive-start id="3495" timestamp="2020-09-11T10:26:26.238" intervalms="2027.381">
  <response-info timems="0.913" idlems="0.562" threads="1" lastid="0000000000843D00" lastname="Group1.Backend.CompositeBackend{Tier1}.6" />
</exclusive-start>
<af-start id="3496" threadId="000000000092A980" totalBytesRequested="16" timestamp="2020-09-11T10:26:26.239" intervalms="2027.362" type="nursery" />
<cycle-start id="3497" type="scavenge" contextid="0" timestamp="2020-09-11T10:26:26.239" intervalms="2027.349" />
<gc-start id="3498" type="scavenge" contextid="3497" timestamp="2020-09-11T10:26:26.239">
  <mem-info id="3499" free="315238320" total="2821586944" percent="11">
    <mem type="nursery" free="0" total="939524096" percent="0">
      <mem type="allocate" free="0" total="801964032" percent="0" />
      <mem type="survivor" free="0" total="137560064" percent="0" />
    </mem>
    <mem type="tenure" free="315238320" total="1882062848" percent="16">
      <mem type="soa" free="183493552" total="1750318080" percent="10" />
      <mem type="loa" free="131744768" total="131744768" percent="100" />
    </mem>
    <remembered-set count="190577" />
  </mem-info>
</gc-start>
<allocation-stats totalBytes="685368608" >
  <allocated-bytes non-tlh="35660816" tlh="649707792" />
  <largest-consumer threadName="Group1.Backend.CompositeBackend{Tier1}.6" threadId="0000000000843D00" bytes="104937088" />
</allocation-stats>
<gc-op id="3500" type="scavenge" timems="119.927" contextid="3497" timestamp="2020-09-11T10:26:26.359">
  <scavenger-info tenureage="3" tenuremask="7ff8" tiltratio="85" />
  <memory-copied type="nursery" objects="4397896" bytes="116929736" bytesdiscarded="291128" />
  <memory-copied type="tenure" objects="1101014" bytes="29601744" bytesdiscarded="138232" />
  <ownableSynchronizers candidates="3791" cleared="3376" />
  <references type="soft" candidates="391" cleared="0" enqueued="0" dynamicThreshold="18" maxThreshold="32" />
  <references type="weak" candidates="122" cleared="122" enqueued="0" />
</gc-op>
<gc-end id="3501" type="scavenge" contextid="3497" durationms="120.705" usertimems="879.861" systemtimems="14.265" timestamp="2020-09-11T10:26:26.360" activeThreads="8">
  <mem-info id="3502" free="974604752" total="2821586944" percent="34">
    <mem type="nursery" free="689113832" total="939524096" percent="73">
      <mem type="allocate" free="689113832" total="806420480" percent="85" />
      <mem type="survivor" free="0" total="133103616" percent="0" />
    </mem>
    <mem type="tenure" free="285490920" total="1882062848" percent="15" macro-fragmented="0">
      <mem type="soa" free="153746152" total="1750318080" percent="8" />
      <mem type="loa" free="131744768" total="131744768" percent="100" />
    </mem>
    <remembered-set count="30171" />
  </mem-info>
</gc-end>
<cycle-end id="3503" type="scavenge" contextid="3497" timestamp="2020-09-11T10:26:26.361" />
<allocation-satisfied id="3504" threadId="000000000092A000" bytesRequested="16" />
<af-end id="3505" timestamp="2020-09-11T10:26:26.361" threadId="000000000092A980" success="true" from="nursery"/>
<exclusive-end id="3506" timestamp="2020-09-11T10:26:26.361" durationms="123.033" />

<exclusive-start id="3507" timestamp="2020-09-11T10:26:28.397" intervalms="2159.065">
  <response-info timems="0.816" idlems="0.816" threads="0" lastid="0000000000843D00" lastname="Group1.Backend.CompositeBackend{Tier1}.6" />
</exclusive-start>
<af-start id="3508" threadId="0000000000844680" totalBytesRequested="24" timestamp="2020-09-11T10:26:28.398" intervalms="2159.286" type="nursery" />
<cycle-start id="3509" type="scavenge" contextid="0" timestamp="2020-09-11T10:26:28.398" intervalms="2159.293" />
<gc-start id="3510" type="scavenge" contextid="3509" timestamp="2020-09-11T10:26:28.398">
  <mem-info id="3511" free="285490920" total="2821586944" percent="10">
    <mem type="nursery" free="0" total="939524096" percent="0">
      <mem type="allocate" free="0" total="806420480" percent="0" />
      <mem type="survivor" free="0" total="133103616" percent="0" />
    </mem>
    <mem type="tenure" free="285490920" total="1882062848" percent="15">
      <mem type="soa" free="153746152" total="1750318080" percent="8" />
      <mem type="loa" free="131744768" total="131744768" percent="100" />
    </mem>
    <remembered-set count="194453" />
  </mem-info>
</gc-start>
<allocation-stats totalBytes="688797528" >
  <allocated-bytes non-tlh="31505264" tlh="657292264" />
  <largest-consumer threadName="Group1.Backend.CompositeBackend{Tier1}.2" threadId="00000000007F6F00" bytes="87167256" />
</allocation-stats>
<gc-op id="3512" type="scavenge" timems="115.443" contextid="3509" timestamp="2020-09-11T10:26:28.514">
  <scavenger-info tenureage="3" tenuremask="7ff8" tiltratio="85" />
  <memory-copied type="nursery" objects="4173724" bytes="112114424" bytesdiscarded="171056" />
  <memory-copied type="tenure" objects="1067799" bytes="28704160" bytesdiscarded="132200" />
  <ownableSynchronizers candidates="4391" cleared="3972" />
  <references type="soft" candidates="362" cleared="0" enqueued="0" dynamicThreshold="18" maxThreshold="32" />
  <references type="weak" candidates="112" cleared="112" enqueued="0" />
</gc-op>
<gc-end id="3513" type="scavenge" contextid="3509" durationms="116.326" usertimems="838.196" systemtimems="0.000" timestamp="2020-09-11T10:26:28.514" activeThreads="8">
  <mem-info id="3514" free="951107896" total="2821586944" percent="33">
    <mem type="nursery" free="694436832" total="939524096" percent="73">
      <mem type="allocate" free="694436832" total="806813696" percent="86" />
      <mem type="survivor" free="0" total="132710400" percent="0" />
    </mem>
    <mem type="tenure" free="256671064" total="1882062848" percent="13" macro-fragmented="0">
      <mem type="soa" free="124926296" total="1750318080" percent="7" />
      <mem type="loa" free="131744768" total="131744768" percent="100" />
    </mem>
    <remembered-set count="30165" />
  </mem-info>
</gc-end>
<cycle-end id="3515" type="scavenge" contextid="3509" timestamp="2020-09-11T10:26:28.515" />
<allocation-satisfied id="3516" threadId="0000000000843D00" bytesRequested="24" />
<af-end id="3517" timestamp="2020-09-11T10:26:28.516" threadId="0000000000844680" success="true" from="nursery"/>
<exclusive-end id="3518" timestamp="2020-09-11T10:26:28.516" durationms="118.596" />

<exclusive-start id="3519" timestamp="2020-09-11T10:26:30.430" intervalms="2033.030">
  <response-info timems="0.448" idlems="0.448" threads="0" lastid="0000000000837900" lastname="Group1.Backend.CompositeBackend{Tier1}.8" />
</exclusive-start>
<af-start id="3520" threadId="0000000000838280" totalBytesRequested="32" timestamp="2020-09-11T10:26:30.431" intervalms="2032.934" type="nursery" />
<cycle-start id="3521" type="scavenge" contextid="0" timestamp="2020-09-11T10:26:30.431" intervalms="2032.941" />
<gc-start id="3522" type="scavenge" contextid="3521" timestamp="2020-09-11T10:26:30.431">
  <mem-info id="3523" free="256671064" total="2821586944" percent="9">
    <mem type="nursery" free="0" total="939524096" percent="0">
      <mem type="allocate" free="0" total="806813696" percent="0" />
      <mem type="survivor" free="0" total="132710400" percent="0" />
    </mem>
    <mem type="tenure" free="256671064" total="1882062848" percent="13">
      <mem type="soa" free="124926296" total="1750318080" percent="7" />
      <mem type="loa" free="131744768" total="131744768" percent="100" />
    </mem>
    <remembered-set count="191360" />
  </mem-info>
</gc-start>
<allocation-stats totalBytes="694114040" >
  <allocated-bytes non-tlh="34547920" tlh="659566120" />
  <largest-consumer threadName="Group1.Backend.CompositeBackend{Tier1}.5" threadId="0000000000843100" bytes="93821448" />
</allocation-stats>
<gc-op id="3524" type="scavenge" timems="113.845" contextid="3521" timestamp="2020-09-11T10:26:30.545">
  <scavenger-info tenureage="3" tenuremask="7ff8" tiltratio="85" />
  <memory-copied type="nursery" objects="4253723" bytes="113254384" bytesdiscarded="320496" />
  <memory-copied type="tenure" objects="1169258" bytes="31446608" bytesdiscarded="129960" />
  <ownableSynchronizers candidates="4051" cleared="3643" />
  <references type="soft" candidates="383" cleared="0" enqueued="0" dynamicThreshold="18" maxThreshold="32" />
  <references type="weak" candidates="118" cleared="118" enqueued="0" />
</gc-op>
<gc-end id="3525" type="scavenge" contextid="3521" durationms="114.937" usertimems="879.394" systemtimems="4.643" timestamp="2020-09-11T10:26:30.546" activeThreads="8">
  <mem-info id="3526" free="919167272" total="2821586944" percent="32">
    <mem type="nursery" free="694078144" total="939524096" percent="73">
      <mem type="allocate" free="694078144" total="807731200" percent="85" />
      <mem type="survivor" free="0" total="131792896" percent="0" />
    </mem>
    <mem type="tenure" free="225089128" total="1882062848" percent="11" macro-fragmented="0">
      <mem type="soa" free="93344360" total="1750318080" percent="5" />
      <mem type="loa" free="131744768" total="131744768" percent="100" />
    </mem>
    <remembered-set count="29880" />
  </mem-info>
</gc-end>
<cycle-end id="3527" type="scavenge" contextid="3521" timestamp="2020-09-11T10:26:30.548" />
<allocation-satisfied id="3528" threadId="0000000000837900" bytesRequested="32" />
<af-end id="3529" timestamp="2020-09-11T10:26:30.548" threadId="0000000000838280" success="true" from="nursery"/>
<exclusive-end id="3530" timestamp="2020-09-11T10:26:30.548" durationms="117.642" />

<exclusive-start id="3531" timestamp="2020-09-11T10:26:32.623" intervalms="2192.751">
  <response-info timems="3.431" idlems="3.431" threads="0" lastid="0000000000854300" lastname="Group1.Backend.CompositeBackend{Tier1}.7" />
</exclusive-start>
<af-start id="3532" threadId="0000000000854C80" totalBytesRequested="32" timestamp="2020-09-11T10:26:32.623" intervalms="2192.692" type="nursery" />
<cycle-start id="3533" type="scavenge" contextid="0" timestamp="2020-09-11T10:26:32.624" intervalms="2192.691" />
<gc-start id="3534" type="scavenge" contextid="3533" timestamp="2020-09-11T10:26:32.624">
  <mem-info id="3535" free="225089128" total="2821586944" percent="7">
    <mem type="nursery" free="0" total="939524096" percent="0">
      <mem type="allocate" free="0" total="807731200" percent="0" />
      <mem type="survivor" free="0" total="131792896" percent="0" />
    </mem>
    <mem type="tenure" free="225089128" total="1882062848" percent="11">
      <mem type="soa" free="93344360" total="1750318080" percent="5" />
      <mem type="loa" free="131744768" total="131744768" percent="100" />
    </mem>
    <remembered-set count="197712" />
  </mem-info>
</gc-start>
<allocation-stats totalBytes="693735384" >
  <allocated-bytes non-tlh="26558744" tlh="667176640" />
  <largest-consumer threadName="Group1.Backend.CompositeBackend{Tier1}.5" threadId="0000000000843100" bytes="114868080" />
</allocation-stats>
<gc-op id="3536" type="scavenge" timems="140.083" contextid="3533" timestamp="2020-09-11T10:26:32.764">
  <scavenger-info tenureage="3" tenuremask="7ff8" tiltratio="85" />
  <memory-copied type="nursery" objects="4600946" bytes="121262152" bytesdiscarded="251496" />
  <memory-copied type="tenure" objects="1057843" bytes="28550432" bytesdiscarded="99328" />
  <ownableSynchronizers candidates="4127" cleared="3710" />
  <references type="soft" candidates="387" cleared="0" enqueued="0" dynamicThreshold="18" maxThreshold="32" />
  <references type="weak" candidates="97" cleared="97" enqueued="0" />
</gc-op>
<gc-end id="3537" type="scavenge" contextid="3533" durationms="140.956" usertimems="924.984" systemtimems="5.041" timestamp="2020-09-11T10:26:32.765" activeThreads="8">
  <mem-info id="3538" free="872110352" total="2821586944" percent="30">
    <mem type="nursery" free="675711208" total="939524096" percent="71">
      <mem type="allocate" free="675711208" total="797310976" percent="84" />
      <mem type="survivor" free="0" total="142213120" percent="0" />
    </mem>
    <mem type="tenure" free="196399144" total="1882062848" percent="10" macro-fragmented="0">
      <mem type="soa" free="64654376" total="1750318080" percent="3" />
      <mem type="loa" free="131744768" total="131744768" percent="100" />
    </mem>
    <remembered-set count="29288" />
  </mem-info>
</gc-end>
<cycle-end id="3539" type="scavenge" contextid="3533" timestamp="2020-09-11T10:26:32.768" />
<allocation-satisfied id="3540" threadId="0000000000854300" bytesRequested="32" />
<af-end id="3541" timestamp="2020-09-11T10:26:32.768" threadId="0000000000854C80" success="true" from="nursery"/>
<exclusive-end id="3542" timestamp="2020-09-11T10:26:32.768" durationms="145.547" />

<exclusive-start id="3543" timestamp="2020-09-11T10:26:34.637" intervalms="2014.746">
  <response-info timems="0.624" idlems="0.624" threads="0" lastid="0000000000843D00" lastname="Group1.Backend.CompositeBackend{Tier1}.6" />
</exclusive-start>
<af-start id="3544" threadId="0000000000844680" totalBytesRequested="24" timestamp="2020-09-11T10:26:34.638" intervalms="2014.789" type="nursery" />
<cycle-start id="3545" type="scavenge" contextid="0" timestamp="2020-09-11T10:26:34.638" intervalms="2014.807" />
<gc-start id="3546" type="scavenge" contextid="3545" timestamp="2020-09-11T10:26:34.639">
  <mem-info id="3547" free="196399144" total="2821586944" percent="6">
    <mem type="nursery" free="0" total="939524096" percent="0">
      <mem type="allocate" free="0" total="797310976" percent="0" />
      <mem type="survivor" free="0" total="142213120" percent="0" />
    </mem>
    <mem type="tenure" free="196399144" total="1882062848" percent="10">
      <mem type="soa" free="64654376" total="1750318080" percent="3" />
      <mem type="loa" free="131744768" total="131744768" percent="100" />
    </mem>
    <remembered-set count="188840" />
  </mem-info>
</gc-start>
<allocation-stats totalBytes="675394216" >
  <allocated-bytes non-tlh="36309464" tlh="639084752" />
  <largest-consumer threadName="Group1.Backend.CompositeBackend{Tier1}.5" threadId="0000000000843100" bytes="110225752" />
</allocation-stats>
<gc-op id="3548" type="scavenge" timems="145.648" contextid="3545" timestamp="2020-09-11T10:26:34.784">
  <scavenger-info tenureage="3" tenuremask="7ff8" tiltratio="84" />
  <memory-copied type="nursery" objects="4864662" bytes="127326976" bytesdiscarded="223880" />
  <memory-copied type="tenure" objects="1119813" bytes="30121392" bytesdiscarded="69232" />
  <ownableSynchronizers candidates="3910" cleared="3503" />
  <references type="soft" candidates="381" cleared="0" enqueued="0" dynamicThreshold="18" maxThreshold="32" />
  <references type="weak" candidates="97" cleared="97" enqueued="0" />
</gc-op>
<gc-end id="3549" type="scavenge" contextid="3545" durationms="146.541" usertimems="1097.413" systemtimems="14.929" timestamp="2020-09-11T10:26:34.785" activeThreads="8">
  <mem-info id="3550" free="830085464" total="2821586944" percent="29">
    <mem type="nursery" free="663911776" total="939524096" percent="70">
      <mem type="allocate" free="663911776" total="791543808" percent="83" />
      <mem type="survivor" free="0" total="147980288" percent="0" />
    </mem>
    <mem type="tenure" free="166173688" total="1882062848" percent="8" macro-fragmented="0">
      <mem type="soa" free="34428920" total="1750318080" percent="1" />
      <mem type="loa" free="131744768" total="131744768" percent="100" />
    </mem>
    <remembered-set count="29543" />
  </mem-info>
</gc-end>
<cycle-end id="3551" type="scavenge" contextid="3545" timestamp="2020-09-11T10:26:34.789" />
<allocation-satisfied id="3552" threadId="0000000000843D00" bytesRequested="24" />
<af-end id="3553" timestamp="2020-09-11T10:26:34.789" threadId="0000000000844680" success="true" from="nursery"/>
<exclusive-end id="3554" timestamp="2020-09-11T10:26:34.789" durationms="151.503" />

<exclusive-start id="3555" timestamp="2020-09-11T10:26:36.594" intervalms="1956.296">
  <response-info timems="4.149" idlems="4.149" threads="0" lastid="0000000000843100" lastname="Group1.Backend.CompositeBackend{Tier1}.5" />
</exclusive-start>
<af-start id="3556" threadId="0000000000843A80" totalBytesRequested="16" timestamp="2020-09-11T10:26:36.594" intervalms="1956.215" type="nursery" />
<cycle-start id="3557" type="scavenge" contextid="0" timestamp="2020-09-11T10:26:36.595" intervalms="1956.184" />
<gc-start id="3558" type="scavenge" contextid="3557" timestamp="2020-09-11T10:26:36.595">
  <mem-info id="3559" free="166173688" total="2821586944" percent="5">
    <mem type="nursery" free="0" total="939524096" percent="0">
      <mem type="allocate" free="0" total="791543808" percent="0" />
      <mem type="survivor" free="0" total="147980288" percent="0" />
    </mem>
    <mem type="tenure" free="166173688" total="1882062848" percent="8">
      <mem type="soa" free="34428920" total="1750318080" percent="1" />
      <mem type="loa" free="131744768" total="131744768" percent="100" />
    </mem>
    <remembered-set count="187339" />
  </mem-info>
</gc-start>
<allocation-stats totalBytes="663604176" >
  <allocated-bytes non-tlh="35575376" tlh="628028800" />
  <largest-consumer threadName="Group1.Backend.CompositeBackend{Tier1}.5" threadId="0000000000843100" bytes="123908168" />
</allocation-stats>
<gc-op id="3560" type="scavenge" timems="102.679" contextid="3557" timestamp="2020-09-11T10:26:36.698">
  <scavenger-info tenureage="3" tenuremask="7ff8" tiltratio="84" />
  <memory-copied type="nursery" objects="4302508" bytes="114415224" bytesdiscarded="325288" />
  <memory-copied type="tenure" objects="1087546" bytes="29250512" bytesdiscarded="29320" />
  <ownableSynchronizers candidates="4037" cleared="3638" />
  <references type="soft" candidates="355" cleared="0" enqueued="0" dynamicThreshold="18" maxThreshold="32" />
  <references type="weak" candidates="117" cleared="117" enqueued="0" />
</gc-op>
<gc-end id="3561" type="scavenge" contextid="3557" durationms="103.469" usertimems="802.684" systemtimems="0.413" timestamp="2020-09-11T10:26:36.698" activeThreads="8">
  <mem-info id="3562" free="814196056" total="2821586944" percent="28">
    <mem type="nursery" free="677772816" total="939524096" percent="72">
      <mem type="allocate" free="677772816" total="792592384" percent="85" />
      <mem type="survivor" free="0" total="146931712" percent="0" />
    </mem>
    <mem type="tenure" free="136423240" total="1882062848" percent="7" macro-fragmented="0">
      <mem type="soa" free="4678472" total="1750318080" percent="0" />
      <mem type="loa" free="131744768" total="131744768" percent="100" />
    </mem>
    <remembered-set count="29896" />
  </mem-info>
</gc-end>
<cycle-end id="3563" type="scavenge" contextid="3557" timestamp="2020-09-11T10:26:36.702" />
<allocation-satisfied id="3564" threadId="0000000000843100" bytesRequested="16" />
<af-end id="3565" timestamp="2020-09-11T10:26:36.702" threadId="0000000000843A80" success="true" from="nursery"/>
<exclusive-end id="3566" timestamp="2020-09-11T10:26:36.702" durationms="108.061" />

<exclusive-start id="3567" timestamp="2020-09-11T10:26:38.684" intervalms="2090.501">
  <response-info timems="0.661" idlems="0.655" threads="1" lastid="0000000000854300" lastname="Group1.Backend.CompositeBackend{Tier1}.7" />
</exclusive-start>
<af-start id="3568" threadId="0000000000857180" totalBytesRequested="16" timestamp="2020-09-11T10:26:38.685" intervalms="2090.530" type="nursery" />
<percolate-collect id="3569" from="nursery" to="global" reason="prevent tenure expand" timestamp="2020-09-11T10:26:38.685"/>
<cycle-start id="3570" type="global" contextid="0" timestamp="2020-09-11T10:26:38.685" intervalms="67468.947" />
<gc-start id="3571" type="global" contextid="3570" timestamp="2020-09-11T10:26:38.686">
  <mem-info id="3572" free="136423240" total="2821586944" percent="4">
    <mem type="nursery" free="0" total="939524096" percent="0">
      <mem type="allocate" free="0" total="792592384" percent="0" />
      <mem type="survivor" free="0" total="146931712" percent="0" />
    </mem>
    <mem type="tenure" free="136423240" total="1882062848" percent="7">
      <mem type="soa" free="4678472" total="1750318080" percent="0" />
      <mem type="loa" free="131744768" total="131744768" percent="100" />
    </mem>
    <remembered-set count="192656" />
  </mem-info>
</gc-start>
<allocation-stats totalBytes="677432872" >
  <allocated-bytes non-tlh="32280456" tlh="645152416" />
  <largest-consumer threadName="Group1.Backend.CompositeBackend{Tier1}.3" threadId="0000000000856800" bytes="115160696" />
</allocation-stats>
<gc-op id="3573" type="mark" timems="560.422" contextid="3570" timestamp="2020-09-11T10:26:39.246">
  <trace-info objectcount="30670064" scancount="29690007" scanbytes="812150308" />
  <finalization candidates="148" enqueued="0" />
  <ownableSynchronizers candidates="588418" cleared="4442" />
  <references type="soft" candidates="708496" cleared="0" enqueued="0" dynamicThreshold="18" maxThreshold="32" />
  <references type="weak" candidates="4415" cleared="123" enqueued="0" />
  <references type="phantom" candidates="108" cleared="0" enqueued="0" />
  <stringconstants candidates="11112" cleared="1"  />
</gc-op>
<gc-op id="3574" type="sweep" timems="17.433" contextid="3570" timestamp="2020-09-11T10:26:39.264" />
<gc-end id="3575" type="global" contextid="3570" durationms="578.917" usertimems="4227.046" systemtimems="0.000" timestamp="2020-09-11T10:26:39.264" activeThreads="8">
  <mem-info id="3576" free="1678986992" total="2821586944" percent="59">
    <mem type="nursery" free="601445376" total="939524096" percent="64">
      <mem type="allocate" free="601445376" total="792592384" percent="75" />
      <mem type="survivor" free="0" total="146931712" percent="0" />
    </mem>
    <mem type="tenure" free="1077541616" total="1882062848" percent="57" micro-fragmented="57521988" macro-fragmented="0">
      <mem type="soa" free="945796848" total="1750318080" percent="54" />
      <mem type="loa" free="131744768" total="131744768" percent="100" />
    </mem>
    <remembered-set count="186993" />
  </mem-info>
</gc-end>
<cycle-end id="3577" type="global" contextid="3570" timestamp="2020-09-11T10:26:39.266" />
<allocation-satisfied id="3578" threadId="0000000000856800" bytesRequested="16" />
<af-end id="3579" timestamp="2020-09-11T10:26:39.266" threadId="0000000000857180" success="true" from="nursery"/>
<exclusive-end id="3580" timestamp="2020-09-11T10:26:39.266" durationms="581.946" />

<exclusive-start id="3581" timestamp="2020-09-11T10:26:40.423" intervalms="1738.906">
  <response-info timems="0.805" idlems="0.805" threads="0" lastid="0000000000785E00" lastname="Group1.Backend.CompositeBackend{Tier1}.1" />
</exclusive-start>
<af-start id="3582" threadId="0000000000786780" totalBytesRequested="262152" timestamp="2020-09-11T10:26:40.424" intervalms="1739.183" type="nursery" />
<cycle-start id="3583" type="scavenge" contextid="0" timestamp="2020-09-11T10:26:40.424" intervalms="3829.737" />
<gc-start id="3584" type="scavenge" contextid="3583" timestamp="2020-09-11T10:26:40.425">
  <mem-info id="3585" free="1115184480" total="2821586944" percent="39">
    <mem type="nursery" free="37642912" total="939524096" percent="4">
      <mem type="allocate" free="37642912" total="792592384" percent="4" />
      <mem type="survivor" free="0" total="146931712" percent="0" />
    </mem>
    <mem type="tenure" free="1077541568" total="1882062848" percent="57">
      <mem type="soa" free="945796800" total="1750318080" percent="54" />
      <mem type="loa" free="131744768" total="131744768" percent="100" />
    </mem>
    <remembered-set count="239781" />
  </mem-info>
</gc-start>
<allocation-stats totalBytes="561740712" >
  <allocated-bytes non-tlh="29325496" tlh="532415216" />
  <largest-consumer threadName="Group1.Backend.CompositeBackend{Tier1}.7" threadId="0000000000854300" bytes="84135352" />
</allocation-stats>
<gc-op id="3586" type="scavenge" timems="120.853" contextid="3583" timestamp="2020-09-11T10:26:40.546">
  <scavenger-info tenureage="3" tenuremask="7ff8" tiltratio="84" />
  <memory-copied type="nursery" objects="4942264" bytes="132362448" bytesdiscarded="239144" />
  <memory-copied type="tenure" objects="1067756" bytes="28701928" bytesdiscarded="47024" />
  <ownableSynchronizers candidates="1170801" cleared="1170331" />
  <references type="soft" candidates="437" cleared="0" enqueued="0" dynamicThreshold="18" maxThreshold="32" />
  <references type="weak" candidates="123" cleared="122" enqueued="0" />
</gc-op>
<gc-end id="3587" type="scavenge" contextid="3583" durationms="121.810" usertimems="948.576" systemtimems="0.000" timestamp="2020-09-11T10:26:40.546" activeThreads="8">
  <mem-info id="3588" free="1691327352" total="2821586944" percent="59">
    <mem type="nursery" free="642676472" total="939524096" percent="68">
      <mem type="allocate" free="642676472" total="775421952" percent="82" />
      <mem type="survivor" free="0" total="164102144" percent="0" />
    </mem>
    <mem type="tenure" free="1048650880" total="1882062848" percent="55" macro-fragmented="0">
      <mem type="soa" free="916906112" total="1750318080" percent="52" />
      <mem type="loa" free="131744768" total="131744768" percent="100" />
    </mem>
    <remembered-set count="36779" />
  </mem-info>
</gc-end>
<cycle-end id="3589" type="scavenge" contextid="3583" timestamp="2020-09-11T10:26:40.551" />
<allocation-satisfied id="3590" threadId="0000000000785E00" bytesRequested="262152" />
<af-end id="3591" timestamp="2020-09-11T10:26:40.551" threadId="0000000000786780" success="true" from="nursery"/>
<exclusive-end id="3592" timestamp="2020-09-11T10:26:40.551" durationms="127.929" />

<exclusive-start id="3593" timestamp="2020-09-11T10:26:42.419" intervalms="1995.713">
  <response-info timems="0.924" idlems="0.500" threads="1" lastid="0000000000843D00" lastname="Group1.Backend.CompositeBackend{Tier1}.6" />
</exclusive-start>
<af-start id="3594" threadId="0000000000843A80" totalBytesRequested="120" timestamp="2020-09-11T10:26:42.420" intervalms="1995.483" type="nursery" />
<cycle-start id="3595" type="scavenge" contextid="0" timestamp="2020-09-11T10:26:42.420" intervalms="1995.467" />
<gc-start id="3596" type="scavenge" contextid="3595" timestamp="2020-09-11T10:26:42.420">
  <mem-info id="3597" free="1048650880" total="2821586944" percent="37">
    <mem type="nursery" free="0" total="939524096" percent="0">
      <mem type="allocate" free="0" total="775421952" percent="0" />
      <mem type="survivor" free="0" total="164102144" percent="0" />
    </mem>
    <mem type="tenure" free="1048650880" total="1882062848" percent="55">
      <mem type="soa" free="916906112" total="1750318080" percent="52" />
      <mem type="loa" free="131744768" total="131744768" percent="100" />
    </mem>
    <remembered-set count="198384" />
  </mem-info>
</gc-start>
<allocation-stats totalBytes="642345312" >
  <allocated-bytes non-tlh="25604616" tlh="616740696" />
  <largest-consumer threadName="Group1.Backend.CompositeBackend{Tier1}.1" threadId="0000000000785E00" bytes="83388136" />
</allocation-stats>
<gc-op id="3598" type="scavenge" timems="126.609" contextid="3595" timestamp="2020-09-11T10:26:42.547">
  <scavenger-info tenureage="3" tenuremask="7ff8" tiltratio="82" />
  <memory-copied type="nursery" objects="5132391" bytes="137109856" bytesdiscarded="168640" />
  <memory-copied type="tenure" objects="957173" bytes="25712144" bytesdiscarded="45088" />
  <ownableSynchronizers candidates="4375" cleared="3907" />
  <references type="soft" candidates="440" cleared="0" enqueued="0" dynamicThreshold="18" maxThreshold="32" />
  <references type="weak" candidates="83" cleared="83" enqueued="0" />
</gc-op>
<gc-end id="3599" type="scavenge" contextid="3595" durationms="127.444" usertimems="938.734" systemtimems="6.565" timestamp="2020-09-11T10:26:42.547" activeThreads="8">
  <mem-info id="3600" free="1664979160" total="2821586944" percent="59">
    <mem type="nursery" free="642186160" total="939524096" percent="68">
      <mem type="allocate" free="642186160" total="779550720" percent="82" />
      <mem type="survivor" free="0" total="159973376" percent="0" />
    </mem>
    <mem type="tenure" free="1022793000" total="1882062848" percent="54" macro-fragmented="0">
      <mem type="soa" free="891048232" total="1750318080" percent="50" />
      <mem type="loa" free="131744768" total="131744768" percent="100" />
    </mem>
    <remembered-set count="37241" />
  </mem-info>
</gc-end>
<cycle-end id="3601" type="scavenge" contextid="3595" timestamp="2020-09-11T10:26:42.551" />
<allocation-satisfied id="3602" threadId="0000000000843100" bytesRequested="120" />
<af-end id="3603" timestamp="2020-09-11T10:26:42.551" threadId="0000000000843A80" success="true" from="nursery"/>
<exclusive-end id="3604" timestamp="2020-09-11T10:26:42.551" durationms="132.269" />

<exclusive-start id="3605" timestamp="2020-09-11T10:26:44.411" intervalms="1992.395">
  <response-info timems="0.756" idlems="0.756" threads="0" lastid="0000000000856800" lastname="Group1.Backend.CompositeBackend{Tier1}.3" />
</exclusive-start>
<af-start id="3606" threadId="0000000000857180" totalBytesRequested="48" timestamp="2020-09-11T10:26:44.412" intervalms="1992.511" type="nursery" />
<cycle-start id="3607" type="scavenge" contextid="0" timestamp="2020-09-11T10:26:44.412" intervalms="1992.519" />
<gc-start id="3608" type="scavenge" contextid="3607" timestamp="2020-09-11T10:26:44.413">
  <mem-info id="3609" free="1022793000" total="2821586944" percent="36">
    <mem type="nursery" free="0" total="939524096" percent="0">
      <mem type="allocate" free="0" total="779550720" percent="0" />
      <mem type="survivor" free="0" total="159973376" percent="0" />
    </mem>
    <mem type="tenure" free="1022793000" total="1882062848" percent="54">
      <mem type="soa" free="891048232" total="1750318080" percent="50" />
      <mem type="loa" free="131744768" total="131744768" percent="100" />
    </mem>
    <remembered-set count="197509" />
  </mem-info>
</gc-start>
<allocation-stats totalBytes="641873520" >
  <allocated-bytes non-tlh="27537592" tlh="614335928" />
  <largest-consumer threadName="Group1.Backend.CompositeBackend{Tier1}.8" threadId="0000000000837900" bytes="126801112" />
</allocation-stats>
<gc-op id="3610" type="scavenge" timems="93.695" contextid="3607" timestamp="2020-09-11T10:26:44.506">
  <scavenger-info tenureage="3" tenuremask="7ff8" tiltratio="82" />
  <memory-copied type="nursery" objects="4923766" bytes="132135224" bytesdiscarded="256360" />
  <memory-copied type="tenure" objects="959034" bytes="25789928" bytesdiscarded="38320" />
  <ownableSynchronizers candidates="3810" cleared="3323" />
  <references type="soft" candidates="455" cleared="0" enqueued="0" dynamicThreshold="18" maxThreshold="32" />
  <references type="weak" candidates="113" cleared="112" enqueued="0" />
</gc-op>
<gc-end id="3611" type="scavenge" contextid="3607" durationms="94.679" usertimems="742.905" systemtimems="0.000" timestamp="2020-09-11T10:26:44.507" activeThreads="8">
  <mem-info id="3612" free="1645109064" total="2821586944" percent="58">
    <mem type="nursery" free="648382976" total="939524096" percent="69">
      <mem type="allocate" free="648382976" total="780861440" percent="83" />
      <mem type="survivor" free="0" total="158662656" percent="0" />
    </mem>
    <mem type="tenure" free="996726088" total="1882062848" percent="52" macro-fragmented="0">
      <mem type="soa" free="864981320" total="1750318080" percent="49" />
      <mem type="loa" free="131744768" total="131744768" percent="100" />
    </mem>
    <remembered-set count="39608" />
  </mem-info>
</gc-end>
<cycle-end id="3613" type="scavenge" contextid="3607" timestamp="2020-09-11T10:26:44.509" />
<allocation-satisfied id="3614" threadId="0000000000856800" bytesRequested="48" />
<af-end id="3615" timestamp="2020-09-11T10:26:44.509" threadId="0000000000857180" success="true" from="nursery"/>
<exclusive-end id="3616" timestamp="2020-09-11T10:26:44.509" durationms="97.922" />

<exclusive-start id="3617" timestamp="2020-09-11T10:26:46.255" intervalms="1843.800">
  <response-info timems="0.289" idlems="0.289" threads="0" lastid="0000000000785E00" lastname="Group1.Backend.CompositeBackend{Tier1}.1" />
</exclusive-start>
<af-start id="3618" threadId="0000000000786780" totalBytesRequested="88" timestamp="2020-09-11T10:26:46.256" intervalms="1843.595" type="nursery" />
<cycle-start id="3619" type="scavenge" contextid="0" timestamp="2020-09-11T10:26:46.256" intervalms="1843.576" />
<gc-start id="3620" type="scavenge" contextid="3619" timestamp="2020-09-11T10:26:46.256">
  <mem-info id="3621" free="996726088" total="2821586944" percent="35">
    <mem type="nursery" free="0" total="939524096" percent="0">
      <mem type="allocate" free="0" total="780861440" percent="0" />
      <mem type="survivor" free="0" total="158662656" percent="0" />
    </mem>
    <mem type="tenure" free="996726088" total="1882062848" percent="52">
      <mem type="soa" free="864981320" total="1750318080" percent="49" />
      <mem type="loa" free="131744768" total="131744768" percent="100" />
    </mem>
    <remembered-set count="191148" />
  </mem-info>
</gc-start>
<allocation-stats totalBytes="648098080" >
  <allocated-bytes non-tlh="39530888" tlh="608567192" />
  <largest-consumer threadName="Group1.Backend.CompositeBackend{Tier1}.3" threadId="0000000000856800" bytes="88929520" />
</allocation-stats>
<gc-op id="3622" type="scavenge" timems="114.301" contextid="3619" timestamp="2020-09-11T10:26:46.371">
  <scavenger-info tenureage="3" tenuremask="7ff8" tiltratio="83" />
  <memory-copied type="nursery" objects="3834222" bytes="102908448" bytesdiscarded="268112" />
  <memory-copied type="tenure" objects="1953600" bytes="52494448" bytesdiscarded="72232" />
  <ownableSynchronizers candidates="2928" cleared="2477" />
  <references type="soft" candidates="342" cleared="0" enqueued="0" dynamicThreshold="18" maxThreshold="32" />
  <references type="weak" candidates="113" cleared="113" enqueued="0" />
</gc-op>
<gc-end id="3623" type="scavenge" contextid="3619" durationms="115.365" usertimems="831.239" systemtimems="10.012" timestamp="2020-09-11T10:26:46.371" activeThreads="8">
  <mem-info id="3624" free="1624156616" total="2821586944" percent="57">
    <mem type="nursery" free="679704064" total="939524096" percent="72">
      <mem type="allocate" free="679704064" total="782958592" percent="86" />
      <mem type="survivor" free="0" total="156565504" percent="0" />
    </mem>
    <mem type="tenure" free="944452552" total="1882062848" percent="50" macro-fragmented="0">
      <mem type="soa" free="812707784" total="1750318080" percent="46" />
      <mem type="loa" free="131744768" total="131744768" percent="100" />
    </mem>
    <remembered-set count="29584" />
  </mem-info>
</gc-end>
<cycle-end id="3625" type="scavenge" contextid="3619" timestamp="2020-09-11T10:26:46.373" />
<allocation-satisfied id="3626" threadId="0000000000785E00" bytesRequested="88" />
<af-end id="3627" timestamp="2020-09-11T10:26:46.373" threadId="0000000000786780" success="true" from="nursery"/>
<exclusive-end id="3628" timestamp="2020-09-11T10:26:46.373" durationms="117.853" />

<exclusive-start id="3629" timestamp="2020-09-11T10:26:48.364" intervalms="2109.348">
  <response-info timems="0.792" idlems="0.792" threads="0" lastid="0000000000843D00" lastname="Group1.Backend.CompositeBackend{Tier1}.6" />
</exclusive-start>
<af-start id="3630" threadId="0000000000844680" totalBytesRequested="1032" timestamp="2020-09-11T10:26:48.365" intervalms="2109.532" type="nursery" />
<cycle-start id="3631" type="scavenge" contextid="0" timestamp="2020-09-11T10:26:48.365" intervalms="2109.585" />
<gc-start id="3632" type="scavenge" contextid="3631" timestamp="2020-09-11T10:26:48.366">
  <mem-info id="3633" free="944452552" total="2821586944" percent="33">
    <mem type="nursery" free="0" total="939524096" percent="0">
      <mem type="allocate" free="0" total="782958592" percent="0" />
      <mem type="survivor" free="0" total="156565504" percent="0" />
    </mem>
    <mem type="tenure" free="944452552" total="1882062848" percent="50">
      <mem type="soa" free="812707784" total="1750318080" percent="46" />
      <mem type="loa" free="131744768" total="131744768" percent="100" />
    </mem>
    <remembered-set count="192643" />
  </mem-info>
</gc-start>
<allocation-stats totalBytes="679385448" >
  <allocated-bytes non-tlh="29803280" tlh="649582168" />
  <largest-consumer threadName="Group1.Backend.CompositeBackend{Tier1}.2" threadId="00000000007F6F00" bytes="96130368" />
</allocation-stats>
<gc-op id="3634" type="scavenge" timems="109.681" contextid="3631" timestamp="2020-09-11T10:26:48.476">
  <scavenger-info tenureage="3" tenuremask="7ff8" tiltratio="83" />
  <memory-copied type="nursery" objects="3885206" bytes="104250720" bytesdiscarded="229192" />
  <memory-copied type="tenure" objects="1085224" bytes="29159864" bytesdiscarded="80864" />
  <ownableSynchronizers candidates="4235" cleared="3849" />
  <references type="soft" candidates="367" cleared="0" enqueued="0" dynamicThreshold="18" maxThreshold="32" />
  <references type="weak" candidates="119" cleared="118" enqueued="0" />
</gc-op>
<gc-end id="3635" type="scavenge" contextid="3631" durationms="110.634" usertimems="846.001" systemtimems="8.536" timestamp="2020-09-11T10:26:48.476" activeThreads="8">
  <mem-info id="3636" free="1601261824" total="2821586944" percent="56">
    <mem type="nursery" free="686056960" total="939524096" percent="73">
      <mem type="allocate" free="686056960" total="790626304" percent="86" />
      <mem type="survivor" free="0" total="148897792" percent="0" />
    </mem>
    <mem type="tenure" free="915204864" total="1882062848" percent="48" macro-fragmented="0">
      <mem type="soa" free="783460096" total="1750318080" percent="44" />
      <mem type="loa" free="131744768" total="131744768" percent="100" />
    </mem>
    <remembered-set count="28054" />
  </mem-info>
</gc-end>
<cycle-end id="3637" type="scavenge" contextid="3631" timestamp="2020-09-11T10:26:48.478" />
<allocation-satisfied id="3638" threadId="0000000000843D00" bytesRequested="1032" />
<af-end id="3639" timestamp="2020-09-11T10:26:48.478" threadId="0000000000844680" success="true" from="nursery"/>
<exclusive-end id="3640" timestamp="2020-09-11T10:26:48.478" durationms="113.508" />

<exclusive-start id="3641" timestamp="2020-09-11T10:26:50.474" intervalms="2109.051">
  <response-info timems="1.408" idlems="1.408" threads="0" lastid="0000000000A5BB00" lastname="Group1.Backend.CompositeBackend{Tier3}.7" />
</exclusive-start>
<af-start id="3642" threadId="0000000000A5C480" totalBytesRequested="536" timestamp="2020-09-11T10:26:50.474" intervalms="2109.017" type="nursery" />
<cycle-start id="3643" type="scavenge" contextid="0" timestamp="2020-09-11T10:26:50.474" intervalms="2108.981" />
<gc-start id="3644" type="scavenge" contextid="3643" timestamp="2020-09-11T10:26:50.475">
  <mem-info id="3645" free="915204864" total="2821586944" percent="32">
    <mem type="nursery" free="0" total="939524096" percent="0">
      <mem type="allocate" free="0" total="790626304" percent="0" />
      <mem type="survivor" free="0" total="148897792" percent="0" />
    </mem>
    <mem type="tenure" free="915204864" total="1882062848" percent="48">
      <mem type="soa" free="783460096" total="1750318080" percent="44" />
      <mem type="loa" free="131744768" total="131744768" percent="100" />
    </mem>
    <remembered-set count="190662" />
  </mem-info>
</gc-start>
<allocation-stats totalBytes="685734328" >
  <allocated-bytes non-tlh="31423416" tlh="654310912" />
  <largest-consumer threadName="Group1.Backend.CompositeBackend{Tier1}.8" threadId="0000000000837900" bytes="97587320" />
</allocation-stats>
<gc-op id="3646" type="scavenge" timems="113.692" contextid="3643" timestamp="2020-09-11T10:26:50.589">
  <scavenger-info tenureage="3" tenuremask="7ff8" tiltratio="84" />
  <memory-copied type="nursery" objects="4072220" bytes="108548912" bytesdiscarded="245656" />
  <memory-copied type="tenure" objects="1042689" bytes="28031304" bytesdiscarded="71576" />
  <ownableSynchronizers candidates="3791" cleared="3429" />
  <references type="soft" candidates="324" cleared="0" enqueued="0" dynamicThreshold="18" maxThreshold="32" />
  <references type="weak" candidates="108" cleared="107" enqueued="0" />
</gc-op>
<gc-end id="3647" type="scavenge" contextid="3643" durationms="114.977" usertimems="782.655" systemtimems="0.000" timestamp="2020-09-11T10:26:50.590" activeThreads="8">
  <mem-info id="3648" free="1573214312" total="2821586944" percent="55">
    <mem type="nursery" free="686274040" total="939524096" percent="73">
      <mem type="allocate" free="686274040" total="795148288" percent="86" />
      <mem type="survivor" free="0" total="144375808" percent="0" />
    </mem>
    <mem type="tenure" free="886940272" total="1882062848" percent="47" macro-fragmented="0">
      <mem type="soa" free="755195504" total="1750318080" percent="43" />
      <mem type="loa" free="131744768" total="131744768" percent="100" />
    </mem>
    <remembered-set count="27613" />
  </mem-info>
</gc-end>
<cycle-end id="3649" type="scavenge" contextid="3643" timestamp="2020-09-11T10:26:50.591" />
<allocation-satisfied id="3650" threadId="0000000000A5BB00" bytesRequested="536" />
<af-end id="3651" timestamp="2020-09-11T10:26:50.591" threadId="0000000000A5C480" success="true" from="nursery"/>
<exclusive-end id="3652" timestamp="2020-09-11T10:26:50.591" durationms="117.634" />

<exclusive-start id="3653" timestamp="2020-09-11T10:26:52.572" intervalms="2098.906">
  <response-info timems="0.459" idlems="0.459" threads="0" lastid="0000000000843D00" lastname="Group1.Backend.CompositeBackend{Tier1}.6" />
</exclusive-start>
<af-start id="3654" threadId="0000000000844680" totalBytesRequested="1032" timestamp="2020-09-11T10:26:52.573" intervalms="2098.898" type="nursery" />
<cycle-start id="3655" type="scavenge" contextid="0" timestamp="2020-09-11T10:26:52.573" intervalms="2098.936" />
<gc-start id="3656" type="scavenge" contextid="3655" timestamp="2020-09-11T10:26:52.574">
  <mem-info id="3657" free="886940272" total="2821586944" percent="31">
    <mem type="nursery" free="0" total="939524096" percent="0">
      <mem type="allocate" free="0" total="795148288" percent="0" />
      <mem type="survivor" free="0" total="144375808" percent="0" />
    </mem>
    <mem type="tenure" free="886940272" total="1882062848" percent="47">
      <mem type="soa" free="755195504" total="1750318080" percent="43" />
      <mem type="loa" free="131744768" total="131744768" percent="100" />
    </mem>
    <remembered-set count="191275" />
  </mem-info>
</gc-start>
<allocation-stats totalBytes="685951352" >
  <allocated-bytes non-tlh="29953576" tlh="655997776" />
  <largest-consumer threadName="Group1.Backend.CompositeBackend{Tier1}.6" threadId="0000000000843D00" bytes="92744584" />
</allocation-stats>
<gc-op id="3658" type="scavenge" timems="104.893" contextid="3655" timestamp="2020-09-11T10:26:52.679">
  <scavenger-info tenureage="3" tenuremask="7ff8" tiltratio="84" />
  <memory-copied type="nursery" objects="4194702" bytes="112160776" bytesdiscarded="156512" />
  <memory-copied type="tenure" objects="952310" bytes="25598616" bytesdiscarded="52240" />
  <ownableSynchronizers candidates="4168" cleared="3828" />
  <references type="soft" candidates="317" cleared="0" enqueued="0" dynamicThreshold="18" maxThreshold="32" />
  <references type="weak" candidates="117" cleared="117" enqueued="0" />
</gc-op>
<gc-end id="3659" type="scavenge" contextid="3655" durationms="105.985" usertimems="789.147" systemtimems="2.406" timestamp="2020-09-11T10:26:52.680" activeThreads="8">
  <mem-info id="3660" free="1546970312" total="2821586944" percent="54">
    <mem type="nursery" free="685631736" total="939524096" percent="72">
      <mem type="allocate" free="685631736" total="798031872" percent="85" />
      <mem type="survivor" free="0" total="141492224" percent="0" />
    </mem>
    <mem type="tenure" free="861338576" total="1882062848" percent="45" macro-fragmented="0">
      <mem type="soa" free="729593808" total="1750318080" percent="41" />
      <mem type="loa" free="131744768" total="131744768" percent="100" />
    </mem>
    <remembered-set count="27685" />
  </mem-info>
</gc-end>
<cycle-end id="3661" type="scavenge" contextid="3655" timestamp="2020-09-11T10:26:52.683" />
<allocation-satisfied id="3662" threadId="0000000000843D00" bytesRequested="1032" />
<af-end id="3663" timestamp="2020-09-11T10:26:52.683" threadId="0000000000844680" success="true" from="nursery"/>
<exclusive-end id="3664" timestamp="2020-09-11T10:26:52.683" durationms="110.697" />

<exclusive-start id="3665" timestamp="2020-09-11T10:26:54.588" intervalms="2015.285">
  <response-info timems="3.860" idlems="3.860" threads="0" lastid="00000000007F6F00" lastname="Group1.Backend.CompositeBackend{Tier1}.2" />
</exclusive-start>
<af-start id="3666" threadId="00000000007F7880" totalBytesRequested="56" timestamp="2020-09-11T10:26:54.589" intervalms="2015.536" type="nursery" />
<cycle-start id="3667" type="scavenge" contextid="0" timestamp="2020-09-11T10:26:54.589" intervalms="2015.522" />
<gc-start id="3668" type="scavenge" contextid="3667" timestamp="2020-09-11T10:26:54.589">
  <mem-info id="3669" free="861338576" total="2821586944" percent="30">
    <mem type="nursery" free="0" total="939524096" percent="0">
      <mem type="allocate" free="0" total="798031872" percent="0" />
      <mem type="survivor" free="0" total="141492224" percent="0" />
    </mem>
    <mem type="tenure" free="861338576" total="1882062848" percent="45">
      <mem type="soa" free="729593808" total="1750318080" percent="41" />
      <mem type="loa" free="131744768" total="131744768" percent="100" />
    </mem>
    <remembered-set count="186289" />
  </mem-info>
</gc-start>
<allocation-stats totalBytes="685316248" >
  <allocated-bytes non-tlh="39293776" tlh="646022472" />
  <largest-consumer threadName="Group1.Backend.CompositeBackend{Tier1}.1" threadId="0000000000785E00" bytes="91716688" />
</allocation-stats>
<gc-op id="3670" type="scavenge" timems="112.381" contextid="3667" timestamp="2020-09-11T10:26:54.702">
  <scavenger-info tenureage="3" tenuremask="7ff8" tiltratio="84" />
  <memory-copied type="nursery" objects="4235001" bytes="112576456" bytesdiscarded="390592" />
  <memory-copied type="tenure" objects="1111201" bytes="29898304" bytesdiscarded="83864" />
  <ownableSynchronizers candidates="3704" cleared="3361" />
  <references type="soft" candidates="269" cleared="0" enqueued="0" dynamicThreshold="18" maxThreshold="32" />
  <references type="weak" candidates="118" cleared="118" enqueued="0" />
</gc-op>
<gc-end id="3671" type="scavenge" contextid="3667" durationms="113.615" usertimems="877.241" systemtimems="5.285" timestamp="2020-09-11T10:26:54.703" activeThreads="8">
  <mem-info id="3672" free="1519258984" total="2821586944" percent="53">
    <mem type="nursery" free="688001016" total="939524096" percent="73">
      <mem type="allocate" free="688001016" total="801046528" percent="85" />
      <mem type="survivor" free="0" total="138477568" percent="0" />
    </mem>
    <mem type="tenure" free="831257968" total="1882062848" percent="44" macro-fragmented="0">
      <mem type="soa" free="699513200" total="1750318080" percent="39" />
      <mem type="loa" free="131744768" total="131744768" percent="100" />
    </mem>
    <remembered-set count="28498" />
  </mem-info>
</gc-end>
<cycle-end id="3673" type="scavenge" contextid="3667" timestamp="2020-09-11T10:26:54.705" />
<allocation-satisfied id="3674" threadId="00000000007F6F00" bytesRequested="56" />
<af-end id="3675" timestamp="2020-09-11T10:26:54.705" threadId="00000000007F7880" success="true" from="nursery"/>
<exclusive-end id="3676" timestamp="2020-09-11T10:26:54.706" durationms="117.817" />

<exclusive-start id="3677" timestamp="2020-09-11T10:26:56.724" intervalms="2136.606">
  <response-info timems="1.634" idlems="1.625" threads="1" lastid="0000000000843D00" lastname="Group1.Backend.CompositeBackend{Tier1}.6" />
</exclusive-start>
<af-start id="3678" threadId="0000000000857180" totalBytesRequested="32" timestamp="2020-09-11T10:26:56.725" intervalms="2136.616" type="nursery" />
<cycle-start id="3679" type="scavenge" contextid="0" timestamp="2020-09-11T10:26:56.725" intervalms="2136.598" />
<gc-start id="3680" type="scavenge" contextid="3679" timestamp="2020-09-11T10:26:56.726">
  <mem-info id="3681" free="831257968" total="2821586944" percent="29">
    <mem type="nursery" free="0" total="939524096" percent="0">
      <mem type="allocate" free="0" total="801046528" percent="0" />
      <mem type="survivor" free="0" total="138477568" percent="0" />
    </mem>
    <mem type="tenure" free="831257968" total="1882062848" percent="44">
      <mem type="soa" free="699513200" total="1750318080" percent="39" />
      <mem type="loa" free="131744768" total="131744768" percent="100" />
    </mem>
    <remembered-set count="194733" />
  </mem-info>
</gc-start>
<allocation-stats totalBytes="687656720" >
  <allocated-bytes non-tlh="30679072" tlh="656977648" />
  <largest-consumer threadName="Group1.Backend.CompositeBackend{Tier1}.2" threadId="00000000007F6F00" bytes="94676832" />
</allocation-stats>
<gc-op id="3682" type="scavenge" timems="126.951" contextid="3679" timestamp="2020-09-11T10:26:56.853">
  <scavenger-info tenureage="3" tenuremask="7ff8" tiltratio="85" />
  <memory-copied type="nursery" objects="4075445" bytes="109244520" bytesdiscarded="179960" />
  <memory-copied type="tenure" objects="1094764" bytes="29448456" bytesdiscarded="72416" />
  <ownableSynchronizers candidates="3855" cleared="3558" />
  <references type="soft" candidates="259" cleared="0" enqueued="0" dynamicThreshold="18" maxThreshold="32" />
  <references type="weak" candidates="98" cleared="98" enqueued="0" />
</gc-op>
<gc-end id="3683" type="scavenge" contextid="3679" durationms="128.279" usertimems="961.340" systemtimems="14.384" timestamp="2020-09-11T10:26:56.854" activeThreads="8">
  <mem-info id="3684" free="1495889200" total="2821586944" percent="53">
    <mem type="nursery" free="694025472" total="939524096" percent="73">
      <mem type="allocate" free="694025472" total="803536896" percent="86" />
      <mem type="survivor" free="0" total="135987200" percent="0" />
    </mem>
    <mem type="tenure" free="801863728" total="1882062848" percent="42" macro-fragmented="0">
      <mem type="soa" free="670118960" total="1750318080" percent="38" />
      <mem type="loa" free="131744768" total="131744768" percent="100" />
    </mem>
    <remembered-set count="30320" />
  </mem-info>
</gc-end>
<cycle-end id="3685" type="scavenge" contextid="3679" timestamp="2020-09-11T10:26:56.856" />
<allocation-satisfied id="3686" threadId="0000000000856800" bytesRequested="32" />
<af-end id="3687" timestamp="2020-09-11T10:26:56.856" threadId="0000000000857180" success="true" from="nursery"/>
<exclusive-end id="3688" timestamp="2020-09-11T10:26:56.856" durationms="131.587" />

<exclusive-start id="3689" timestamp="2020-09-11T10:26:58.849" intervalms="2124.447">
  <response-info timems="0.536" idlems="0.536" threads="0" lastid="0000000000837900" lastname="Group1.Backend.CompositeBackend{Tier1}.8" />
</exclusive-start>
<af-start id="3690" threadId="0000000000838280" totalBytesRequested="16" timestamp="2020-09-11T10:26:58.849" intervalms="2124.113" type="nursery" />
<cycle-start id="3691" type="scavenge" contextid="0" timestamp="2020-09-11T10:26:58.850" intervalms="2124.088" />
<gc-start id="3692" type="scavenge" contextid="3691" timestamp="2020-09-11T10:26:58.850">
  <mem-info id="3693" free="801863728" total="2821586944" percent="28">
    <mem type="nursery" free="0" total="939524096" percent="0">
      <mem type="allocate" free="0" total="803536896" percent="0" />
      <mem type="survivor" free="0" total="135987200" percent="0" />
    </mem>
    <mem type="tenure" free="801863728" total="1882062848" percent="42">
      <mem type="soa" free="670118960" total="1750318080" percent="38" />
      <mem type="loa" free="131744768" total="131744768" percent="100" />
    </mem>
    <remembered-set count="193638" />
  </mem-info>
</gc-start>
<allocation-stats totalBytes="693692576" >
  <allocated-bytes non-tlh="32381864" tlh="661310712" />
  <largest-consumer threadName="Group1.Backend.CompositeBackend{Tier1}.1" threadId="0000000000785E00" bytes="94539016" />
</allocation-stats>
<gc-op id="3694" type="scavenge" timems="87.900" contextid="3691" timestamp="2020-09-11T10:26:58.938">
  <scavenger-info tenureage="3" tenuremask="7ff8" tiltratio="85" />
  <memory-copied type="nursery" objects="4085505" bytes="109506576" bytesdiscarded="192048" />
  <memory-copied type="tenure" objects="1098646" bytes="29564200" bytesdiscarded="67608" />
  <ownableSynchronizers candidates="4395" cleared="4096" />
  <references type="soft" candidates="265" cleared="0" enqueued="0" dynamicThreshold="18" maxThreshold="32" />
  <references type="weak" candidates="133" cleared="133" enqueued="0" />
</gc-op>
<gc-end id="3695" type="scavenge" contextid="3691" durationms="88.963" usertimems="673.989" systemtimems="0.000" timestamp="2020-09-11T10:26:58.939" activeThreads="8">
  <mem-info id="3696" free="1468369624" total="2821586944" percent="52">
    <mem type="nursery" free="696305664" total="939524096" percent="74">
      <mem type="allocate" free="696305664" total="806092800" percent="86" />
      <mem type="survivor" free="0" total="133431296" percent="0" />
    </mem>
    <mem type="tenure" free="772063960" total="1882062848" percent="41" macro-fragmented="0">
      <mem type="soa" free="640319192" total="1750318080" percent="36" />
      <mem type="loa" free="131744768" total="131744768" percent="100" />
    </mem>
    <remembered-set count="32067" />
  </mem-info>
</gc-end>
<cycle-end id="3697" type="scavenge" contextid="3691" timestamp="2020-09-11T10:26:58.940" />
<allocation-satisfied id="3698" threadId="0000000000837900" bytesRequested="16" />
<af-end id="3699" timestamp="2020-09-11T10:26:58.940" threadId="0000000000838280" success="true" from="nursery"/>
<exclusive-end id="3700" timestamp="2020-09-11T10:26:58.940" durationms="91.483" />

</verbosegc>

