<?xml version="1.0" ?>

<verbosegc xmlns="http://www.ibm.com/j9/verbosegc" version="c1dd04cca_CMPRSS">

!@: MM_VerboseWriterFileLoggingSynchronous::openFile

!@: After Trigger

<exclusive-start id="4910" timestamp="2020-09-11T10:30:27.627" intervalms="2007.853">
  <response-info timems="0.377" idlems="0.377" threads="0" lastid="0000000000854300" lastname="Group1.Backend.CompositeBackend{Tier1}.7" />
</exclusive-start>
<af-start id="4911" threadId="0000000000854C80" totalBytesRequested="32" timestamp="2020-09-11T10:30:27.627" intervalms="2007.912" type="nursery" />
<cycle-start id="4912" type="scavenge" contextid="0" timestamp="2020-09-11T10:30:27.627" intervalms="2007.880" />
<gc-start id="4913" type="scavenge" contextid="4912" timestamp="2020-09-11T10:30:27.628">
  <mem-info id="4914" free="654718856" total="2821586944" percent="23">
    <mem type="nursery" free="0" total="939524096" percent="0">
      <mem type="allocate" free="0" total="804257792" percent="0" />
      <mem type="survivor" free="0" total="135266304" percent="0" />
    </mem>
    <mem type="tenure" free="654718856" total="1882062848" percent="34">
      <mem type="soa" free="579435400" total="1806779392" percent="32" />
      <mem type="loa" free="75283456" total="75283456" percent="100" />
    </mem>
    <remembered-set count="186747" />
  </mem-info>
</gc-start>
<allocation-stats totalBytes="686708528" >
  <allocated-bytes non-tlh="39734552" tlh="646973976" />
  <largest-consumer threadName="Group1.Backend.CompositeBackend{Tier1}.7" threadId="0000000000854300" bytes="92418808" />
</allocation-stats>
<gc-op id="4915" type="scavenge" timems="130.196" contextid="4912" timestamp="2020-09-11T10:30:27.758">
  <scavenger-info tenureage="3" tenuremask="7ff8" tiltratio="85" />
  <memory-copied type="nursery" objects="4677887" bytes="122957632" bytesdiscarded="289928" />
  <memory-copied type="tenure" objects="1091565" bytes="29341736" bytesdiscarded="100904" />
  <ownableSynchronizers candidates="3728" cleared="3487" />
  <references type="soft" candidates="170" cleared="0" enqueued="0" dynamicThreshold="17" maxThreshold="32" />
  <references type="weak" candidates="110" cleared="109" enqueued="0" />
</gc-op>
<gc-end id="4916" type="scavenge" contextid="4912" durationms="131.061" usertimems="982.858" systemtimems="0.000" timestamp="2020-09-11T10:30:27.759" activeThreads="8">
  <mem-info id="4917" free="1298838128" total="2821586944" percent="46">
    <mem type="nursery" free="673589648" total="939524096" percent="71">
      <mem type="allocate" free="673589648" total="796917760" percent="84" />
      <mem type="survivor" free="0" total="142606336" percent="0" />
    </mem>
    <mem type="tenure" free="625248480" total="1882062848" percent="33" macro-fragmented="0">
      <mem type="soa" free="549965024" total="1806779392" percent="30" />
      <mem type="loa" free="75283456" total="75283456" percent="100" />
    </mem>
    <remembered-set count="27138" />
  </mem-info>
</gc-end>
<cycle-end id="4918" type="scavenge" contextid="4912" timestamp="2020-09-11T10:30:27.760" />
<allocation-satisfied id="4919" threadId="0000000000854300" bytesRequested="32" />
<af-end id="4920" timestamp="2020-09-11T10:30:27.760" threadId="0000000000854C80" success="true" from="nursery"/>
<exclusive-end id="4921" timestamp="2020-09-11T10:30:27.760" durationms="133.516" />

<exclusive-start id="4922" timestamp="2020-09-11T10:30:29.763" intervalms="2136.930">
  <response-info timems="1.255" idlems="1.255" threads="0" lastid="00000000007F6F00" lastname="Group1.Backend.CompositeBackend{Tier1}.2" />
</exclusive-start>
<af-start id="4923" threadId="00000000007F7880" totalBytesRequested="24" timestamp="2020-09-11T10:30:29.764" intervalms="2136.766" type="nursery" />
<cycle-start id="4924" type="scavenge" contextid="0" timestamp="2020-09-11T10:30:29.764" intervalms="2136.770" />
<gc-start id="4925" type="scavenge" contextid="4924" timestamp="2020-09-11T10:30:29.765">
  <mem-info id="4926" free="625248480" total="2821586944" percent="22">
    <mem type="nursery" free="0" total="939524096" percent="0">
      <mem type="allocate" free="0" total="796917760" percent="0" />
      <mem type="survivor" free="0" total="142606336" percent="0" />
    </mem>
    <mem type="tenure" free="625248480" total="1882062848" percent="33">
      <mem type="soa" free="549965024" total="1806779392" percent="30" />
      <mem type="loa" free="75283456" total="75283456" percent="100" />
    </mem>
    <remembered-set count="191280" />
  </mem-info>
</gc-start>
<allocation-stats totalBytes="673266024" >
  <allocated-bytes non-tlh="26376776" tlh="646889248" />
  <largest-consumer threadName="Group1.Backend.CompositeBackend{Tier1}.4" threadId="0000000000842600" bytes="97055440" />
</allocation-stats>
<gc-op id="4927" type="scavenge" timems="108.703" contextid="4924" timestamp="2020-09-11T10:30:29.873">
  <scavenger-info tenureage="3" tenuremask="7ff8" tiltratio="84" />
  <memory-copied type="nursery" objects="4263614" bytes="113620808" bytesdiscarded="188168" />
  <memory-copied type="tenure" objects="1048921" bytes="28220000" bytesdiscarded="100736" />
  <ownableSynchronizers candidates="5159" cleared="4896" />
  <references type="soft" candidates="180" cleared="0" enqueued="0" dynamicThreshold="17" maxThreshold="32" />
  <references type="weak" candidates="119" cleared="118" enqueued="0" />
</gc-op>
<gc-end id="4928" type="scavenge" contextid="4924" durationms="109.536" usertimems="798.279" systemtimems="0.000" timestamp="2020-09-11T10:30:29.874" activeThreads="8">
  <mem-info id="4929" free="1280814856" total="2821586944" percent="45">
    <mem type="nursery" free="684004600" total="939524096" percent="72">
      <mem type="allocate" free="684004600" total="797900800" percent="85" />
      <mem type="survivor" free="0" total="141623296" percent="0" />
    </mem>
    <mem type="tenure" free="596810256" total="1882062848" percent="31" macro-fragmented="0">
      <mem type="soa" free="521526800" total="1806779392" percent="28" />
      <mem type="loa" free="75283456" total="75283456" percent="100" />
    </mem>
    <remembered-set count="29124" />
  </mem-info>
</gc-end>
<cycle-end id="4930" type="scavenge" contextid="4924" timestamp="2020-09-11T10:30:29.875" />
<allocation-satisfied id="4931" threadId="00000000007F6F00" bytesRequested="24" />
<af-end id="4932" timestamp="2020-09-11T10:30:29.875" threadId="00000000007F7880" success="true" from="nursery"/>
<exclusive-end id="4933" timestamp="2020-09-11T10:30:29.875" durationms="111.791" />

<exclusive-start id="4934" timestamp="2020-09-11T10:30:31.794" intervalms="2030.068">
  <response-info timems="0.285" idlems="0.285" threads="0" lastid="0000000000842600" lastname="Group1.Backend.CompositeBackend{Tier1}.4" />
</exclusive-start>
<af-start id="4935" threadId="0000000000842F80" totalBytesRequested="784" timestamp="2020-09-11T10:30:31.794" intervalms="2030.177" type="nursery" />
<cycle-start id="4936" type="scavenge" contextid="0" timestamp="2020-09-11T10:30:31.794" intervalms="2030.219" />
<gc-start id="4937" type="scavenge" contextid="4936" timestamp="2020-09-11T10:30:31.795">
  <mem-info id="4938" free="596810256" total="2821586944" percent="21">
    <mem type="nursery" free="0" total="939524096" percent="0">
      <mem type="allocate" free="0" total="797900800" percent="0" />
      <mem type="survivor" free="0" total="141623296" percent="0" />
    </mem>
    <mem type="tenure" free="596810256" total="1882062848" percent="31">
      <mem type="soa" free="521526800" total="1806779392" percent="28" />
      <mem type="loa" free="75283456" total="75283456" percent="100" />
    </mem>
    <remembered-set count="190985" />
  </mem-info>
</gc-start>
<allocation-stats totalBytes="683684280" >
  <allocated-bytes non-tlh="34766192" tlh="648918088" />
  <largest-consumer threadName="Group1.Backend.CompositeBackend{Tier1}.4" threadId="0000000000842600" bytes="89608392" />
</allocation-stats>
<gc-op id="4939" type="scavenge" timems="92.491" contextid="4936" timestamp="2020-09-11T10:30:31.887">
  <scavenger-info tenureage="3" tenuremask="7ff8" tiltratio="84" />
  <memory-copied type="nursery" objects="4082735" bytes="109438192" bytesdiscarded="424760" />
  <memory-copied type="tenure" objects="1140766" bytes="30682520" bytesdiscarded="107040" />
  <ownableSynchronizers candidates="4650" cleared="4362" />
  <references type="soft" candidates="195" cleared="0" enqueued="0" dynamicThreshold="17" maxThreshold="32" />
  <references type="weak" candidates="122" cleared="122" enqueued="0" />
</gc-op>
<gc-end id="4940" type="scavenge" contextid="4936" durationms="93.370" usertimems="725.968" systemtimems="0.000" timestamp="2020-09-11T10:30:31.888" activeThreads="8">
  <mem-info id="4941" free="1256889648" total="2821586944" percent="44">
    <mem type="nursery" free="690835200" total="939524096" percent="73">
      <mem type="allocate" free="690835200" total="800784384" percent="86" />
      <mem type="survivor" free="0" total="138739712" percent="0" />
    </mem>
    <mem type="tenure" free="566054448" total="1882062848" percent="30" macro-fragmented="0">
      <mem type="soa" free="490770992" total="1806779392" percent="27" />
      <mem type="loa" free="75283456" total="75283456" percent="100" />
    </mem>
    <remembered-set count="29363" />
  </mem-info>
</gc-end>
<cycle-end id="4942" type="scavenge" contextid="4936" timestamp="2020-09-11T10:30:31.889" />
<allocation-satisfied id="4943" threadId="0000000000842600" bytesRequested="784" />
<af-end id="4944" timestamp="2020-09-11T10:30:31.889" threadId="0000000000842F80" success="true" from="nursery"/>
<exclusive-end id="4945" timestamp="2020-09-11T10:30:31.889" durationms="95.796" />

<exclusive-start id="4946" timestamp="2020-09-11T10:30:33.934" intervalms="2140.470">
  <response-info timems="2.172" idlems="2.172" threads="0" lastid="0000000000785E00" lastname="Group1.Backend.CompositeBackend{Tier1}.1" />
</exclusive-start>
<af-start id="4947" threadId="0000000000786780" totalBytesRequested="16" timestamp="2020-09-11T10:30:33.935" intervalms="2140.774" type="nursery" />
<cycle-start id="4948" type="scavenge" contextid="0" timestamp="2020-09-11T10:30:33.935" intervalms="2140.870" />
<gc-start id="4949" type="scavenge" contextid="4948" timestamp="2020-09-11T10:30:33.936">
  <mem-info id="4950" free="566054448" total="2821586944" percent="20">
    <mem type="nursery" free="0" total="939524096" percent="0">
      <mem type="allocate" free="0" total="800784384" percent="0" />
      <mem type="survivor" free="0" total="138739712" percent="0" />
    </mem>
    <mem type="tenure" free="566054448" total="1882062848" percent="30">
      <mem type="soa" free="490770992" total="1806779392" percent="27" />
      <mem type="loa" free="75283456" total="75283456" percent="100" />
    </mem>
    <remembered-set count="195265" />
  </mem-info>
</gc-start>
<allocation-stats totalBytes="690496864" >
  <allocated-bytes non-tlh="27988544" tlh="662508320" />
  <largest-consumer threadName="Group1.Backend.CompositeBackend{Tier1}.3" threadId="0000000000856800" bytes="114586456" />
</allocation-stats>
<gc-op id="4951" type="scavenge" timems="142.089" contextid="4948" timestamp="2020-09-11T10:30:34.078">
  <scavenger-info tenureage="3" tenuremask="7ff8" tiltratio="85" />
  <memory-copied type="nursery" objects="4344744" bytes="115605064" bytesdiscarded="183136" />
  <memory-copied type="tenure" objects="1054789" bytes="28358536" bytesdiscarded="69672" />
  <ownableSynchronizers candidates="3978" cleared="3688" />
  <references type="soft" candidates="201" cleared="0" enqueued="0" dynamicThreshold="17" maxThreshold="32" />
  <references type="weak" candidates="106" cleared="106" enqueued="0" />
</gc-op>
<gc-end id="4952" type="scavenge" contextid="4948" durationms="143.540" usertimems="1015.788" systemtimems="7.666" timestamp="2020-09-11T10:30:34.079" activeThreads="8">
  <mem-info id="4953" free="1222955376" total="2821586944" percent="43">
    <mem type="nursery" free="685363616" total="939524096" percent="72">
      <mem type="allocate" free="685363616" total="801243136" percent="85" />
      <mem type="survivor" free="0" total="138280960" percent="0" />
    </mem>
    <mem type="tenure" free="537591760" total="1882062848" percent="28" macro-fragmented="0">
      <mem type="soa" free="462308304" total="1806779392" percent="25" />
      <mem type="loa" free="75283456" total="75283456" percent="100" />
    </mem>
    <remembered-set count="31343" />
  </mem-info>
</gc-end>
<cycle-end id="4954" type="scavenge" contextid="4948" timestamp="2020-09-11T10:30:34.084" />
<allocation-satisfied id="4955" threadId="0000000000785E00" bytesRequested="16" />
<af-end id="4956" timestamp="2020-09-11T10:30:34.084" threadId="0000000000786780" success="true" from="nursery"/>
<exclusive-end id="4957" timestamp="2020-09-11T10:30:34.084" durationms="150.220" />

<exclusive-start id="4958" timestamp="2020-09-11T10:30:35.949" intervalms="2014.944">
  <response-info timems="0.414" idlems="0.333" threads="2" lastid="0000000000842600" lastname="Group1.Backend.CompositeBackend{Tier1}.4" />
</exclusive-start>
<af-start id="4959" threadId="0000000000843A80" totalBytesRequested="304" timestamp="2020-09-11T10:30:35.950" intervalms="2014.836" type="nursery" />
<cycle-start id="4960" type="scavenge" contextid="0" timestamp="2020-09-11T10:30:35.950" intervalms="2014.733" />
<gc-start id="4961" type="scavenge" contextid="4960" timestamp="2020-09-11T10:30:35.950">
  <mem-info id="4962" free="537591760" total="2821586944" percent="19">
    <mem type="nursery" free="0" total="939524096" percent="0">
      <mem type="allocate" free="0" total="801243136" percent="0" />
      <mem type="survivor" free="0" total="138280960" percent="0" />
    </mem>
    <mem type="tenure" free="537591760" total="1882062848" percent="28">
      <mem type="soa" free="462308304" total="1806779392" percent="25" />
      <mem type="loa" free="75283456" total="75283456" percent="100" />
    </mem>
    <remembered-set count="190361" />
  </mem-info>
</gc-start>
<allocation-stats totalBytes="685049856" >
  <allocated-bytes non-tlh="38456472" tlh="646593384" />
  <largest-consumer threadName="Group1.Backend.CompositeBackend{Tier1}.4" threadId="0000000000842600" bytes="96753640" />
</allocation-stats>
<gc-op id="4963" type="scavenge" timems="106.230" contextid="4960" timestamp="2020-09-11T10:30:36.057">
  <scavenger-info tenureage="3" tenuremask="7ff8" tiltratio="85" />
  <memory-copied type="nursery" objects="4211588" bytes="111991392" bytesdiscarded="235360" />
  <memory-copied type="tenure" objects="1113979" bytes="29964384" bytesdiscarded="100800" />
  <ownableSynchronizers candidates="4051" cleared="3756" />
  <references type="soft" candidates="197" cleared="0" enqueued="0" dynamicThreshold="17" maxThreshold="32" />
  <references type="weak" candidates="122" cleared="122" enqueued="0" />
</gc-op>
<gc-end id="4964" type="scavenge" contextid="4960" durationms="107.524" usertimems="831.475" systemtimems="0.000" timestamp="2020-09-11T10:30:36.058" activeThreads="8">
  <mem-info id="4965" free="1198236632" total="2821586944" percent="42">
    <mem type="nursery" free="690708440" total="939524096" percent="73">
      <mem type="allocate" free="690708440" total="803012608" percent="86" />
      <mem type="survivor" free="0" total="136511488" percent="0" />
    </mem>
    <mem type="tenure" free="507528192" total="1882062848" percent="26" macro-fragmented="0">
      <mem type="soa" free="432244736" total="1806779392" percent="23" />
      <mem type="loa" free="75283456" total="75283456" percent="100" />
    </mem>
    <remembered-set count="32010" />
  </mem-info>
</gc-end>
<cycle-end id="4966" type="scavenge" contextid="4960" timestamp="2020-09-11T10:30:36.059" />
<allocation-satisfied id="4967" threadId="0000000000843100" bytesRequested="304" />
<af-end id="4968" timestamp="2020-09-11T10:30:36.059" threadId="0000000000843A80" success="true" from="nursery"/>
<exclusive-end id="4969" timestamp="2020-09-11T10:30:36.059" durationms="110.090" />

<exclusive-start id="4970" timestamp="2020-09-11T10:30:37.966" intervalms="2017.319">
  <response-info timems="0.671" idlems="0.448" threads="1" lastid="0000000000843100" lastname="Group1.Backend.CompositeBackend{Tier1}.5" />
</exclusive-start>
<af-start id="4971" threadId="0000000000A58880" totalBytesRequested="32" timestamp="2020-09-11T10:30:37.967" intervalms="2017.029" type="nursery" />
<cycle-start id="4972" type="scavenge" contextid="0" timestamp="2020-09-11T10:30:37.967" intervalms="2016.992" />
<gc-start id="4973" type="scavenge" contextid="4972" timestamp="2020-09-11T10:30:37.967">
  <mem-info id="4974" free="507528192" total="2821586944" percent="17">
    <mem type="nursery" free="0" total="939524096" percent="0">
      <mem type="allocate" free="0" total="803012608" percent="0" />
      <mem type="survivor" free="0" total="136511488" percent="0" />
    </mem>
    <mem type="tenure" free="507528192" total="1882062848" percent="26">
      <mem type="soa" free="432244736" total="1806779392" percent="23" />
      <mem type="loa" free="75283456" total="75283456" percent="100" />
    </mem>
    <remembered-set count="194132" />
  </mem-info>
</gc-start>
<allocation-stats totalBytes="690383424" >
  <allocated-bytes non-tlh="34446800" tlh="655936624" />
  <largest-consumer threadName="Group1.Backend.CompositeBackend{Tier1}.4" threadId="0000000000842600" bytes="108803552" />
</allocation-stats>
<gc-op id="4975" type="scavenge" timems="108.263" contextid="4972" timestamp="2020-09-11T10:30:38.076">
  <scavenger-info tenureage="3" tenuremask="7ff8" tiltratio="85" />
  <memory-copied type="nursery" objects="4019341" bytes="108049232" bytesdiscarded="178128" />
  <memory-copied type="tenure" objects="1071846" bytes="28816440" bytesdiscarded="113392" />
  <ownableSynchronizers candidates="3494" cleared="3222" />
  <references type="soft" candidates="190" cleared="0" enqueued="0" dynamicThreshold="17" maxThreshold="32" />
  <references type="weak" candidates="132" cleared="132" enqueued="0" />
</gc-op>
<gc-end id="4976" type="scavenge" contextid="4972" durationms="109.066" usertimems="767.714" systemtimems="0.000" timestamp="2020-09-11T10:30:38.076" activeThreads="8">
  <mem-info id="4977" free="1175402488" total="2821586944" percent="41">
    <mem type="nursery" free="696864960" total="939524096" percent="74">
      <mem type="allocate" free="696864960" total="805175296" percent="86" />
      <mem type="survivor" free="0" total="134348800" percent="0" />
    </mem>
    <mem type="tenure" free="478537528" total="1882062848" percent="25" macro-fragmented="0">
      <mem type="soa" free="403254072" total="1806779392" percent="22" />
      <mem type="loa" free="75283456" total="75283456" percent="100" />
    </mem>
    <remembered-set count="31137" />
  </mem-info>
</gc-end>
<cycle-end id="4978" type="scavenge" contextid="4972" timestamp="2020-09-11T10:30:38.077" />
<allocation-satisfied id="4979" threadId="0000000000A57F00" bytesRequested="32" />
<af-end id="4980" timestamp="2020-09-11T10:30:38.077" threadId="0000000000A58880" success="true" from="nursery"/>
<exclusive-end id="4981" timestamp="2020-09-11T10:30:38.077" durationms="111.078" />

<exclusive-start id="4982" timestamp="2020-09-11T10:30:40.166" intervalms="2199.972">
  <response-info timems="2.972" idlems="2.972" threads="0" lastid="0000000000843D00" lastname="Group1.Backend.CompositeBackend{Tier1}.6" />
</exclusive-start>
<af-start id="4983" threadId="0000000000844680" totalBytesRequested="16" timestamp="2020-09-11T10:30:40.167" intervalms="2199.942" type="nursery" />
<cycle-start id="4984" type="scavenge" contextid="0" timestamp="2020-09-11T10:30:40.167" intervalms="2199.934" />
<gc-start id="4985" type="scavenge" contextid="4984" timestamp="2020-09-11T10:30:40.167">
  <mem-info id="4986" free="478537528" total="2821586944" percent="16">
    <mem type="nursery" free="0" total="939524096" percent="0">
      <mem type="allocate" free="0" total="805175296" percent="0" />
      <mem type="survivor" free="0" total="134348800" percent="0" />
    </mem>
    <mem type="tenure" free="478537528" total="1882062848" percent="25">
      <mem type="soa" free="403254072" total="1806779392" percent="22" />
      <mem type="loa" free="75283456" total="75283456" percent="100" />
    </mem>
    <remembered-set count="195464" />
  </mem-info>
</gc-start>
<allocation-stats totalBytes="696537448" >
  <allocated-bytes non-tlh="30130432" tlh="666407016" />
  <largest-consumer threadName="Group1.Backend.CompositeBackend{Tier1}.1" threadId="0000000000785E00" bytes="93213952" />
</allocation-stats>
<gc-op id="4987" type="scavenge" timems="112.150" contextid="4984" timestamp="2020-09-11T10:30:40.279">
  <scavenger-info tenureage="3" tenuremask="7ff8" tiltratio="85" />
  <memory-copied type="nursery" objects="4192649" bytes="111905928" bytesdiscarded="176608" />
  <memory-copied type="tenure" objects="1126562" bytes="30263488" bytesdiscarded="110376" />
  <ownableSynchronizers candidates="3942" cleared="3688" />
  <references type="soft" candidates="185" cleared="0" enqueued="0" dynamicThreshold="17" maxThreshold="32" />
  <references type="weak" candidates="113" cleared="113" enqueued="0" />
</gc-op>
<gc-end id="4988" type="scavenge" contextid="4984" durationms="113.102" usertimems="820.624" systemtimems="2.358" timestamp="2020-09-11T10:30:40.280" activeThreads="8">
  <mem-info id="4989" free="1142184536" total="2821586944" percent="40">
    <mem type="nursery" free="693989880" total="939524096" percent="73">
      <mem type="allocate" free="693989880" total="806158336" percent="86" />
      <mem type="survivor" free="0" total="133365760" percent="0" />
    </mem>
    <mem type="tenure" free="448194656" total="1882062848" percent="23" macro-fragmented="0">
      <mem type="soa" free="372911200" total="1806779392" percent="20" />
      <mem type="loa" free="75283456" total="75283456" percent="100" />
    </mem>
    <remembered-set count="29128" />
  </mem-info>
</gc-end>
<cycle-end id="4990" type="scavenge" contextid="4984" timestamp="2020-09-11T10:30:40.282" />
<allocation-satisfied id="4991" threadId="0000000000843D00" bytesRequested="16" />
<af-end id="4992" timestamp="2020-09-11T10:30:40.282" threadId="0000000000844680" success="true" from="nursery"/>
<exclusive-end id="4993" timestamp="2020-09-11T10:30:40.282" durationms="115.454" />

<exclusive-start id="4994" timestamp="2020-09-11T10:30:42.289" intervalms="2122.631">
  <response-info timems="0.465" idlems="0.465" threads="0" lastid="0000000000856800" lastname="Group1.Backend.CompositeBackend{Tier1}.3" />
</exclusive-start>
<af-start id="4995" threadId="0000000000857180" totalBytesRequested="16" timestamp="2020-09-11T10:30:42.290" intervalms="2122.772" type="nursery" />
<cycle-start id="4996" type="scavenge" contextid="0" timestamp="2020-09-11T10:30:42.290" intervalms="2122.789" />
<gc-start id="4997" type="scavenge" contextid="4996" timestamp="2020-09-11T10:30:42.290">
  <mem-info id="4998" free="448194656" total="2821586944" percent="15">
    <mem type="nursery" free="0" total="939524096" percent="0">
      <mem type="allocate" free="0" total="806158336" percent="0" />
      <mem type="survivor" free="0" total="133365760" percent="0" />
    </mem>
    <mem type="tenure" free="448194656" total="1882062848" percent="23">
      <mem type="soa" free="372911200" total="1806779392" percent="20" />
      <mem type="loa" free="75283456" total="75283456" percent="100" />
    </mem>
    <remembered-set count="193095" />
  </mem-info>
</gc-start>
<allocation-stats totalBytes="693662920" >
  <allocated-bytes non-tlh="31140616" tlh="662522304" />
  <largest-consumer threadName="Group1.Backend.CompositeBackend{Tier1}.3" threadId="0000000000856800" bytes="97543096" />
</allocation-stats>
<gc-op id="4999" type="scavenge" timems="112.283" contextid="4996" timestamp="2020-09-11T10:30:42.402">
  <scavenger-info tenureage="3" tenuremask="7ff8" tiltratio="85" />
  <memory-copied type="nursery" objects="4179519" bytes="111910760" bytesdiscarded="143904" />
  <memory-copied type="tenure" objects="1050393" bytes="28244656" bytesdiscarded="99848" />
  <ownableSynchronizers candidates="4289" cleared="4024" />
  <references type="soft" candidates="182" cleared="0" enqueued="0" dynamicThreshold="17" maxThreshold="32" />
  <references type="weak" candidates="113" cleared="113" enqueued="0" />
</gc-op>
<gc-end id="5000" type="scavenge" contextid="4996" durationms="113.114" usertimems="821.085" systemtimems="2.170" timestamp="2020-09-11T10:30:42.403" activeThreads="8">
  <mem-info id="5001" free="1115360896" total="2821586944" percent="39">
    <mem type="nursery" free="695587272" total="939524096" percent="74">
      <mem type="allocate" free="695587272" total="807731200" percent="86" />
      <mem type="survivor" free="0" total="131792896" percent="0" />
    </mem>
    <mem type="tenure" free="419773624" total="1882062848" percent="22" macro-fragmented="0">
      <mem type="soa" free="344490168" total="1806779392" percent="19" />
      <mem type="loa" free="75283456" total="75283456" percent="100" />
    </mem>
    <remembered-set count="29468" />
  </mem-info>
</gc-end>
<cycle-end id="5002" type="scavenge" contextid="4996" timestamp="2020-09-11T10:30:42.404" />
<allocation-satisfied id="5003" threadId="0000000000856800" bytesRequested="16" />
<af-end id="5004" timestamp="2020-09-11T10:30:42.404" threadId="0000000000857180" success="true" from="nursery"/>
<exclusive-end id="5005" timestamp="2020-09-11T10:30:42.404" durationms="115.432" />

<exclusive-start id="5006" timestamp="2020-09-11T10:30:44.301" intervalms="2012.603">
  <response-info timems="5.778" idlems="5.778" threads="0" lastid="0000000000843100" lastname="Group1.Backend.CompositeBackend{Tier1}.5" />
</exclusive-start>
<af-start id="5007" threadId="0000000000843A80" totalBytesRequested="16" timestamp="2020-09-11T10:30:44.302" intervalms="2012.551" type="nursery" />
<cycle-start id="5008" type="scavenge" contextid="0" timestamp="2020-09-11T10:30:44.302" intervalms="2012.555" />
<gc-start id="5009" type="scavenge" contextid="5008" timestamp="2020-09-11T10:30:44.303">
  <mem-info id="5010" free="419773624" total="2821586944" percent="14">
    <mem type="nursery" free="0" total="939524096" percent="0">
      <mem type="allocate" free="0" total="807731200" percent="0" />
      <mem type="survivor" free="0" total="131792896" percent="0" />
    </mem>
    <mem type="tenure" free="419773624" total="1882062848" percent="22">
      <mem type="soa" free="344490168" total="1806779392" percent="19" />
      <mem type="loa" free="75283456" total="75283456" percent="100" />
    </mem>
    <remembered-set count="191430" />
  </mem-info>
</gc-start>
<allocation-stats totalBytes="695269800" >
  <allocated-bytes non-tlh="38802672" tlh="656467128" />
  <largest-consumer threadName="Group1.Backend.CompositeBackend{Tier1}.7" threadId="0000000000854300" bytes="103449880" />
</allocation-stats>
<gc-op id="5011" type="scavenge" timems="126.863" contextid="5008" timestamp="2020-09-11T10:30:44.430">
  <scavenger-info tenureage="3" tenuremask="7ff8" tiltratio="85" />
  <memory-copied type="nursery" objects="4120780" bytes="110611416" bytesdiscarded="181544" />
  <memory-copied type="tenure" objects="1080992" bytes="29174696" bytesdiscarded="130408" />
  <ownableSynchronizers candidates="3879" cleared="3620" />
  <references type="soft" candidates="169" cleared="0" enqueued="0" dynamicThreshold="17" maxThreshold="32" />
  <references type="weak" candidates="132" cleared="132" enqueued="0" />
</gc-op>
<gc-end id="5012" type="scavenge" contextid="5008" durationms="127.732" usertimems="903.401" systemtimems="18.547" timestamp="2020-09-11T10:30:44.430" activeThreads="8">
  <mem-info id="5013" free="1088644992" total="2821586944" percent="38">
    <mem type="nursery" free="698163456" total="939524096" percent="74">
      <mem type="allocate" free="698163456" total="809041920" percent="86" />
      <mem type="survivor" free="0" total="130482176" percent="0" />
    </mem>
    <mem type="tenure" free="390481536" total="1882062848" percent="20" macro-fragmented="0">
      <mem type="soa" free="315198080" total="1806779392" percent="17" />
      <mem type="loa" free="75283456" total="75283456" percent="100" />
    </mem>
    <remembered-set count="28985" />
  </mem-info>
</gc-end>
<cycle-end id="5014" type="scavenge" contextid="5008" timestamp="2020-09-11T10:30:44.431" />
<allocation-satisfied id="5015" threadId="0000000000843100" bytesRequested="16" />
<af-end id="5016" timestamp="2020-09-11T10:30:44.432" threadId="0000000000843A80" success="true" from="nursery"/>
<exclusive-end id="5017" timestamp="2020-09-11T10:30:44.432" durationms="130.048" />

<exclusive-start id="5018" timestamp="2020-09-11T10:30:46.513" intervalms="2211.074">
  <response-info timems="0.457" idlems="0.457" threads="0" lastid="00000000007F6F00" lastname="Group1.Backend.CompositeBackend{Tier1}.2" />
</exclusive-start>
<af-start id="5019" threadId="00000000007F7880" totalBytesRequested="304" timestamp="2020-09-11T10:30:46.513" intervalms="2211.011" type="nursery" />
<cycle-start id="5020" type="scavenge" contextid="0" timestamp="2020-09-11T10:30:46.513" intervalms="2211.001" />
<gc-start id="5021" type="scavenge" contextid="5020" timestamp="2020-09-11T10:30:46.514">
  <mem-info id="5022" free="390481536" total="2821586944" percent="13">
    <mem type="nursery" free="0" total="939524096" percent="0">
      <mem type="allocate" free="0" total="809041920" percent="0" />
      <mem type="survivor" free="0" total="130482176" percent="0" />
    </mem>
    <mem type="tenure" free="390481536" total="1882062848" percent="20">
      <mem type="soa" free="315198080" total="1806779392" percent="17" />
      <mem type="loa" free="75283456" total="75283456" percent="100" />
    </mem>
    <remembered-set count="196084" />
  </mem-info>
</gc-start>
<allocation-stats totalBytes="697809344" >
  <allocated-bytes non-tlh="25434600" tlh="672374744" />
  <largest-consumer threadName="Group1.Backend.CompositeBackend{Tier1}.3" threadId="0000000000856800" bytes="136194160" />
</allocation-stats>
<gc-op id="5023" type="scavenge" timems="106.866" contextid="5020" timestamp="2020-09-11T10:30:46.621">
  <scavenger-info tenureage="3" tenuremask="7ff8" tiltratio="86" />
  <memory-copied type="nursery" objects="4339487" bytes="115929064" bytesdiscarded="160088" />
  <memory-copied type="tenure" objects="1099349" bytes="29576664" bytesdiscarded="130296" />
  <ownableSynchronizers candidates="3948" cleared="3689" />
  <references type="soft" candidates="164" cleared="0" enqueued="0" dynamicThreshold="17" maxThreshold="32" />
  <references type="weak" candidates="113" cleared="113" enqueued="0" />
</gc-op>
<gc-end id="5024" type="scavenge" contextid="5020" durationms="108.307" usertimems="780.528" systemtimems="1.049" timestamp="2020-09-11T10:30:46.622" activeThreads="8">
  <mem-info id="5025" free="1049431496" total="2821586944" percent="37">
    <mem type="nursery" free="688607976" total="939524096" percent="73">
      <mem type="allocate" free="688607976" total="804782080" percent="85" />
      <mem type="survivor" free="0" total="134742016" percent="0" />
    </mem>
    <mem type="tenure" free="360823520" total="1882062848" percent="19" macro-fragmented="0">
      <mem type="soa" free="285540064" total="1806779392" percent="15" />
      <mem type="loa" free="75283456" total="75283456" percent="100" />
    </mem>
    <remembered-set count="30364" />
  </mem-info>
</gc-end>
<cycle-end id="5026" type="scavenge" contextid="5020" timestamp="2020-09-11T10:30:46.623" />
<allocation-satisfied id="5027" threadId="00000000007F6F00" bytesRequested="304" />
<af-end id="5028" timestamp="2020-09-11T10:30:46.623" threadId="00000000007F7880" success="true" from="nursery"/>
<exclusive-end id="5029" timestamp="2020-09-11T10:30:46.623" durationms="110.752" />

<exclusive-start id="5030" timestamp="2020-09-11T10:30:48.572" intervalms="2059.092">
  <response-info timems="0.802" idlems="0.802" threads="0" lastid="0000000000856800" lastname="Group1.Backend.CompositeBackend{Tier1}.3" />
</exclusive-start>
<af-start id="5031" threadId="0000000000857180" totalBytesRequested="266544" timestamp="2020-09-11T10:30:48.572" intervalms="2059.246" type="nursery" />
<cycle-start id="5032" type="scavenge" contextid="0" timestamp="2020-09-11T10:30:48.573" intervalms="2059.265" />
<gc-start id="5033" type="scavenge" contextid="5032" timestamp="2020-09-11T10:30:48.573">
  <mem-info id="5034" free="361050232" total="2821586944" percent="12">
    <mem type="nursery" free="226712" total="939524096" percent="0">
      <mem type="allocate" free="226712" total="804782080" percent="0" />
      <mem type="survivor" free="0" total="134742016" percent="0" />
    </mem>
    <mem type="tenure" free="360823520" total="1882062848" percent="19">
      <mem type="soa" free="285540064" total="1806779392" percent="15" />
      <mem type="loa" free="75283456" total="75283456" percent="100" />
    </mem>
    <remembered-set count="192001" />
  </mem-info>
</gc-start>
<allocation-stats totalBytes="688053736" >
  <allocated-bytes non-tlh="36719952" tlh="651333784" />
  <largest-consumer threadName="Group1.Backend.CompositeBackend{Tier1}.1" threadId="0000000000785E00" bytes="94957456" />
</allocation-stats>
<gc-op id="5035" type="scavenge" timems="116.144" contextid="5032" timestamp="2020-09-11T10:30:48.689">
  <scavenger-info tenureage="3" tenuremask="7ff8" tiltratio="85" />
  <memory-copied type="nursery" objects="4327496" bytes="115181160" bytesdiscarded="131792" />
  <memory-copied type="tenure" objects="1114040" bytes="29975160" bytesdiscarded="133832" />
  <ownableSynchronizers candidates="3744" cleared="3487" />
  <references type="soft" candidates="171" cleared="0" enqueued="0" dynamicThreshold="17" maxThreshold="32" />
  <references type="weak" candidates="127" cleared="127" enqueued="0" />
</gc-op>
<gc-end id="5036" type="scavenge" contextid="5032" durationms="116.997" usertimems="878.787" systemtimems="0.000" timestamp="2020-09-11T10:30:48.690" activeThreads="8">
  <mem-info id="5037" free="1021118016" total="2821586944" percent="36">
    <mem type="nursery" free="690371784" total="939524096" percent="73">
      <mem type="allocate" free="690371784" total="805765120" percent="85" />
      <mem type="survivor" free="0" total="133758976" percent="0" />
    </mem>
    <mem type="tenure" free="330746232" total="1882062848" percent="17" macro-fragmented="0">
      <mem type="soa" free="255462776" total="1806779392" percent="14" />
      <mem type="loa" free="75283456" total="75283456" percent="100" />
    </mem>
    <remembered-set count="31229" />
  </mem-info>
</gc-end>
<cycle-end id="5038" type="scavenge" contextid="5032" timestamp="2020-09-11T10:30:48.691" />
<allocation-satisfied id="5039" threadId="0000000000856800" bytesRequested="266544" />
<af-end id="5040" timestamp="2020-09-11T10:30:48.691" threadId="0000000000857180" success="true" from="nursery"/>
<exclusive-end id="5041" timestamp="2020-09-11T10:30:48.691" durationms="119.158" />

<exclusive-start id="5042" timestamp="2020-09-11T10:30:50.673" intervalms="2100.985">
  <response-info timems="0.893" idlems="0.893" threads="0" lastid="00000000007F6F00" lastname="Group1.Backend.CompositeBackend{Tier1}.2" />
</exclusive-start>
<af-start id="5043" threadId="00000000007F7880" totalBytesRequested="262152" timestamp="2020-09-11T10:30:50.674" intervalms="2101.066" type="nursery" />
<cycle-start id="5044" type="scavenge" contextid="0" timestamp="2020-09-11T10:30:50.674" intervalms="2101.072" />
<gc-start id="5045" type="scavenge" contextid="5044" timestamp="2020-09-11T10:30:50.674">
  <mem-info id="5046" free="330987024" total="2821586944" percent="11">
    <mem type="nursery" free="240792" total="939524096" percent="0">
      <mem type="allocate" free="240792" total="805765120" percent="0" />
      <mem type="survivor" free="0" total="133758976" percent="0" />
    </mem>
    <mem type="tenure" free="330746232" total="1882062848" percent="17">
      <mem type="soa" free="255462776" total="1806779392" percent="14" />
      <mem type="loa" free="75283456" total="75283456" percent="100" />
    </mem>
    <remembered-set count="194500" />
  </mem-info>
</gc-start>
<allocation-stats totalBytes="689804296" >
  <allocated-bytes non-tlh="32991968" tlh="656812328" />
  <largest-consumer threadName="Group1.Backend.CompositeBackend{Tier1}.6" threadId="0000000000843D00" bytes="94052264" />
</allocation-stats>
<gc-op id="5047" type="scavenge" timems="141.093" contextid="5044" timestamp="2020-09-11T10:30:50.815">
  <scavenger-info tenureage="3" tenuremask="7ff8" tiltratio="85" />
  <memory-copied type="nursery" objects="4575273" bytes="120812944" bytesdiscarded="242880" />
  <memory-copied type="tenure" objects="1090425" bytes="29280752" bytesdiscarded="121864" />
  <ownableSynchronizers candidates="3864" cleared="3620" />
  <references type="soft" candidates="179" cleared="0" enqueued="0" dynamicThreshold="17" maxThreshold="32" />
  <references type="weak" candidates="118" cleared="118" enqueued="0" />
</gc-op>
<gc-end id="5048" type="scavenge" contextid="5044" durationms="142.590" usertimems="1018.864" systemtimems="5.966" timestamp="2020-09-11T10:30:50.816" activeThreads="8">
  <mem-info id="5049" free="979710216" total="2821586944" percent="34">
    <mem type="nursery" free="678333400" total="939524096" percent="72">
      <mem type="allocate" free="678333400" total="799473664" percent="84" />
      <mem type="survivor" free="0" total="140050432" percent="0" />
    </mem>
    <mem type="tenure" free="301376816" total="1882062848" percent="16" macro-fragmented="0">
      <mem type="soa" free="226093360" total="1806779392" percent="12" />
      <mem type="loa" free="75283456" total="75283456" percent="100" />
    </mem>
    <remembered-set count="30023" />
  </mem-info>
</gc-end>
<cycle-end id="5050" type="scavenge" contextid="5044" timestamp="2020-09-11T10:30:50.819" />
<allocation-satisfied id="5051" threadId="00000000007F6F00" bytesRequested="262152" />
<af-end id="5052" timestamp="2020-09-11T10:30:50.819" threadId="00000000007F7880" success="true" from="nursery"/>
<exclusive-end id="5053" timestamp="2020-09-11T10:30:50.819" durationms="146.026" />

<exclusive-start id="5054" timestamp="2020-09-11T10:30:52.753" intervalms="2080.484">
  <response-info timems="1.740" idlems="1.740" threads="0" lastid="0000000000837900" lastname="Group1.Backend.CompositeBackend{Tier1}.8" />
</exclusive-start>
<af-start id="5055" threadId="0000000000838280" totalBytesRequested="24" timestamp="2020-09-11T10:30:52.754" intervalms="2080.309" type="nursery" />
<cycle-start id="5056" type="scavenge" contextid="0" timestamp="2020-09-11T10:30:52.754" intervalms="2080.281" />
<gc-start id="5057" type="scavenge" contextid="5056" timestamp="2020-09-11T10:30:52.754">
  <mem-info id="5058" free="301376816" total="2821586944" percent="10">
    <mem type="nursery" free="0" total="939524096" percent="0">
      <mem type="allocate" free="0" total="799473664" percent="0" />
      <mem type="survivor" free="0" total="140050432" percent="0" />
    </mem>
    <mem type="tenure" free="301376816" total="1882062848" percent="16">
      <mem type="soa" free="226093360" total="1806779392" percent="12" />
      <mem type="loa" free="75283456" total="75283456" percent="100" />
    </mem>
    <remembered-set count="193090" />
  </mem-info>
</gc-start>
<allocation-stats totalBytes="678010936" >
  <allocated-bytes non-tlh="29205992" tlh="648804944" />
  <largest-consumer threadName="Group1.Backend.CompositeBackend{Tier1}.5" threadId="0000000000843100" bytes="95598752" />
</allocation-stats>
<gc-op id="5059" type="scavenge" timems="103.114" contextid="5056" timestamp="2020-09-11T10:30:52.857">
  <scavenger-info tenureage="3" tenuremask="7ff8" tiltratio="85" />
  <memory-copied type="nursery" objects="4103143" bytes="109956360" bytesdiscarded="183040" />
  <memory-copied type="tenure" objects="1152324" bytes="30998256" bytesdiscarded="146712" />
  <ownableSynchronizers candidates="4958" cleared="4694" />
  <references type="soft" candidates="194" cleared="0" enqueued="0" dynamicThreshold="17" maxThreshold="32" />
  <references type="weak" candidates="107" cleared="107" enqueued="0" />
</gc-op>
<gc-end id="5060" type="scavenge" contextid="5056" durationms="103.958" usertimems="759.801" systemtimems="0.000" timestamp="2020-09-11T10:30:52.858" activeThreads="8">
  <mem-info id="5061" free="960360448" total="2821586944" percent="34">
    <mem type="nursery" free="690166272" total="939524096" percent="73">
      <mem type="allocate" free="690166272" total="800391168" percent="86" />
      <mem type="survivor" free="0" total="139132928" percent="0" />
    </mem>
    <mem type="tenure" free="270194176" total="1882062848" percent="14" macro-fragmented="0">
      <mem type="soa" free="194910720" total="1806779392" percent="10" />
      <mem type="loa" free="75283456" total="75283456" percent="100" />
    </mem>
    <remembered-set count="31039" />
  </mem-info>
</gc-end>
<cycle-end id="5062" type="scavenge" contextid="5056" timestamp="2020-09-11T10:30:52.859" />
<allocation-satisfied id="5063" threadId="0000000000837900" bytesRequested="24" />
<af-end id="5064" timestamp="2020-09-11T10:30:52.859" threadId="0000000000838280" success="true" from="nursery"/>
<exclusive-end id="5065" timestamp="2020-09-11T10:30:52.859" durationms="106.390" />

<exclusive-start id="5066" timestamp="2020-09-11T10:30:54.870" intervalms="2116.658">
  <response-info timems="3.234" idlems="3.234" threads="0" lastid="0000000000842600" lastname="Group1.Backend.CompositeBackend{Tier1}.4" />
</exclusive-start>
<af-start id="5067" threadId="0000000000842F80" totalBytesRequested="24" timestamp="2020-09-11T10:30:54.871" intervalms="2116.899" type="nursery" />
<cycle-start id="5068" type="scavenge" contextid="0" timestamp="2020-09-11T10:30:54.871" intervalms="2116.935" />
<gc-start id="5069" type="scavenge" contextid="5068" timestamp="2020-09-11T10:30:54.871">
  <mem-info id="5070" free="270194176" total="2821586944" percent="9">
    <mem type="nursery" free="0" total="939524096" percent="0">
      <mem type="allocate" free="0" total="800391168" percent="0" />
      <mem type="survivor" free="0" total="139132928" percent="0" />
    </mem>
    <mem type="tenure" free="270194176" total="1882062848" percent="14">
      <mem type="soa" free="194910720" total="1806779392" percent="10" />
      <mem type="loa" free="75283456" total="75283456" percent="100" />
    </mem>
    <remembered-set count="195470" />
  </mem-info>
</gc-start>
<allocation-stats totalBytes="689842504" >
  <allocated-bytes non-tlh="33248256" tlh="656594248" />
  <largest-consumer threadName="Group1.Backend.CompositeBackend{Tier1}.1" threadId="0000000000785E00" bytes="100302672" />
</allocation-stats>
<gc-op id="5071" type="scavenge" timems="127.063" contextid="5068" timestamp="2020-09-11T10:30:54.998">
  <scavenger-info tenureage="3" tenuremask="7ff8" tiltratio="85" />
  <memory-copied type="nursery" objects="4138062" bytes="110894888" bytesdiscarded="144992" />
  <memory-copied type="tenure" objects="1060975" bytes="28503400" bytesdiscarded="133512" />
  <ownableSynchronizers candidates="3323" cleared="3051" />
  <references type="soft" candidates="189" cleared="0" enqueued="0" dynamicThreshold="17" maxThreshold="32" />
  <references type="weak" candidates="122" cleared="122" enqueued="0" />
</gc-op>
<gc-end id="5072" type="scavenge" contextid="5068" durationms="127.965" usertimems="943.743" systemtimems="8.780" timestamp="2020-09-11T10:30:54.999" activeThreads="8">
  <mem-info id="5073" free="933591288" total="2821586944" percent="33">
    <mem type="nursery" free="692013312" total="939524096" percent="73">
      <mem type="allocate" free="692013312" total="803143680" percent="86" />
      <mem type="survivor" free="0" total="136380416" percent="0" />
    </mem>
    <mem type="tenure" free="241577976" total="1882062848" percent="12" macro-fragmented="0">
      <mem type="soa" free="166294520" total="1806779392" percent="9" />
      <mem type="loa" free="75283456" total="75283456" percent="100" />
    </mem>
    <remembered-set count="31234" />
  </mem-info>
</gc-end>
<cycle-end id="5074" type="scavenge" contextid="5068" timestamp="2020-09-11T10:30:55.000" />
<allocation-satisfied id="5075" threadId="0000000000842600" bytesRequested="24" />
<af-end id="5076" timestamp="2020-09-11T10:30:55.000" threadId="0000000000842F80" success="true" from="nursery"/>
<exclusive-end id="5077" timestamp="2020-09-11T10:30:55.000" durationms="130.579" />

<exclusive-start id="5078" timestamp="2020-09-11T10:30:56.924" intervalms="2054.126">
  <response-info timems="2.110" idlems="2.110" threads="0" lastid="0000000000785E00" lastname="Group1.Backend.CompositeBackend{Tier1}.1" />
</exclusive-start>
<af-start id="5079" threadId="0000000000786780" totalBytesRequested="112" timestamp="2020-09-11T10:30:56.925" intervalms="2053.948" type="nursery" />
<cycle-start id="5080" type="scavenge" contextid="0" timestamp="2020-09-11T10:30:56.925" intervalms="2054.263" />
<gc-start id="5081" type="scavenge" contextid="5080" timestamp="2020-09-11T10:30:56.925">
  <mem-info id="5082" free="241577976" total="2821586944" percent="8">
    <mem type="nursery" free="0" total="939524096" percent="0">
      <mem type="allocate" free="0" total="803143680" percent="0" />
      <mem type="survivor" free="0" total="136380416" percent="0" />
    </mem>
    <mem type="tenure" free="241577976" total="1882062848" percent="12">
      <mem type="soa" free="166294520" total="1806779392" percent="9" />
      <mem type="loa" free="75283456" total="75283456" percent="100" />
    </mem>
    <remembered-set count="192189" />
  </mem-info>
</gc-start>
<allocation-stats totalBytes="691704680" >
  <allocated-bytes non-tlh="36285600" tlh="655419080" />
  <largest-consumer threadName="Group1.Backend.CompositeBackend{Tier1}.8" threadId="0000000000837900" bytes="105304240" />
</allocation-stats>
<gc-op id="5083" type="scavenge" timems="174.995" contextid="5080" timestamp="2020-09-11T10:30:57.101">
  <scavenger-info tenureage="3" tenuremask="7ff8" tiltratio="85" />
  <memory-copied type="nursery" objects="4487995" bytes="118888672" bytesdiscarded="164384" />
  <memory-copied type="tenure" objects="1094329" bytes="29419928" bytesdiscarded="160704" />
  <ownableSynchronizers candidates="4181" cleared="3922" />
  <references type="soft" candidates="191" cleared="0" enqueued="0" dynamicThreshold="17" maxThreshold="32" />
  <references type="weak" candidates="122" cleared="122" enqueued="0" />
</gc-op>
<gc-end id="5084" type="scavenge" contextid="5080" durationms="176.084" usertimems="1186.274" systemtimems="25.387" timestamp="2020-09-11T10:30:57.101" activeThreads="8">
  <mem-info id="5085" free="891486920" total="2821586944" percent="31">
    <mem type="nursery" free="679414704" total="939524096" percent="72">
      <mem type="allocate" free="679414704" total="798556160" percent="85" />
      <mem type="survivor" free="0" total="140967936" percent="0" />
    </mem>
    <mem type="tenure" free="212072216" total="1882062848" percent="11" macro-fragmented="0">
      <mem type="soa" free="136788760" total="1806779392" percent="7" />
      <mem type="loa" free="75283456" total="75283456" percent="100" />
    </mem>
    <remembered-set count="31405" />
  </mem-info>
</gc-end>
<cycle-end id="5086" type="scavenge" contextid="5080" timestamp="2020-09-11T10:30:57.103" />
<allocation-satisfied id="5087" threadId="0000000000785E00" bytesRequested="112" />
<af-end id="5088" timestamp="2020-09-11T10:30:57.103" threadId="0000000000786780" success="true" from="nursery"/>
<exclusive-end id="5089" timestamp="2020-09-11T10:30:57.103" durationms="178.954" />

<exclusive-start id="5090" timestamp="2020-09-11T10:30:58.994" intervalms="2069.833">
  <response-info timems="1.632" idlems="1.632" threads="0" lastid="0000000000785E00" lastname="Group1.Backend.CompositeBackend{Tier1}.1" />
</exclusive-start>
<af-start id="5091" threadId="0000000000786780" totalBytesRequested="1032" timestamp="2020-09-11T10:30:58.994" intervalms="2069.762" type="nursery" />
<cycle-start id="5092" type="scavenge" contextid="0" timestamp="2020-09-11T10:30:58.995" intervalms="2069.412" />
<gc-start id="5093" type="scavenge" contextid="5092" timestamp="2020-09-11T10:30:58.995">
  <mem-info id="5094" free="212072216" total="2821586944" percent="7">
    <mem type="nursery" free="0" total="939524096" percent="0">
      <mem type="allocate" free="0" total="798556160" percent="0" />
      <mem type="survivor" free="0" total="140967936" percent="0" />
    </mem>
    <mem type="tenure" free="212072216" total="1882062848" percent="11">
      <mem type="soa" free="136788760" total="1806779392" percent="7" />
      <mem type="loa" free="75283456" total="75283456" percent="100" />
    </mem>
    <remembered-set count="193980" />
  </mem-info>
</gc-start>
<allocation-stats totalBytes="679069864" >
  <allocated-bytes non-tlh="29019296" tlh="650050568" />
  <largest-consumer threadName="Group1.Backend.CompositeBackend{Tier1}.4" threadId="0000000000842600" bytes="93900464" />
</allocation-stats>
<gc-op id="5095" type="scavenge" timems="164.910" contextid="5092" timestamp="2020-09-11T10:30:59.160">
  <scavenger-info tenureage="3" tenuremask="7ff8" tiltratio="84" />
  <memory-copied type="nursery" objects="4010741" bytes="107696328" bytesdiscarded="146736" />
  <memory-copied type="tenure" objects="1082073" bytes="29083256" bytesdiscarded="161768" />
  <ownableSynchronizers candidates="4033" cleared="3759" />
  <references type="soft" candidates="206" cleared="0" enqueued="0" dynamicThreshold="17" maxThreshold="32" />
  <references type="weak" candidates="124" cleared="123" enqueued="0" />
</gc-op>
<gc-end id="5096" type="scavenge" contextid="5092" durationms="166.389" usertimems="1218.443" systemtimems="35.357" timestamp="2020-09-11T10:30:59.161" activeThreads="8">
  <mem-info id="5097" free="875037944" total="2821586944" percent="31">
    <mem type="nursery" free="692206592" total="939524096" percent="73">
      <mem type="allocate" free="692206592" total="800129024" percent="86" />
      <mem type="survivor" free="0" total="139395072" percent="0" />
    </mem>
    <mem type="tenure" free="182831352" total="1882062848" percent="9" macro-fragmented="0">
      <mem type="soa" free="107547896" total="1806779392" percent="5" />
      <mem type="loa" free="75283456" total="75283456" percent="100" />
    </mem>
    <remembered-set count="30673" />
  </mem-info>
</gc-end>
<cycle-end id="5098" type="scavenge" contextid="5092" timestamp="2020-09-11T10:30:59.163" />
<allocation-satisfied id="5099" threadId="0000000000785E00" bytesRequested="1032" />
<af-end id="5100" timestamp="2020-09-11T10:30:59.163" threadId="0000000000786780" success="true" from="nursery"/>
<exclusive-end id="5101" timestamp="2020-09-11T10:30:59.163" durationms="169.636" />

<exclusive-start id="5102" timestamp="2020-09-11T10:31:01.117" intervalms="2123.394">
  <response-info timems="1.214" idlems="0.450" threads="2" lastid="0000000000856800" lastname="Group1.Backend.CompositeBackend{Tier1}.3" />
</exclusive-start>
<af-start id="5103" threadId="0000000000786780" totalBytesRequested="120" timestamp="2020-09-11T10:31:01.118" intervalms="2123.398" type="nursery" />
<cycle-start id="5104" type="scavenge" contextid="0" timestamp="2020-09-11T10:31:01.118" intervalms="2123.432" />
<gc-start id="5105" type="scavenge" contextid="5104" timestamp="2020-09-11T10:31:01.118">
  <mem-info id="5106" free="182831352" total="2821586944" percent="6">
    <mem type="nursery" free="0" total="939524096" percent="0">
      <mem type="allocate" free="0" total="800129024" percent="0" />
      <mem type="survivor" free="0" total="139395072" percent="0" />
    </mem>
    <mem type="tenure" free="182831352" total="1882062848" percent="9">
      <mem type="soa" free="107547896" total="1806779392" percent="5" />
      <mem type="loa" free="75283456" total="75283456" percent="100" />
    </mem>
    <remembered-set count="195233" />
  </mem-info>
</gc-start>
<allocation-stats totalBytes="691857952" >
  <allocated-bytes non-tlh="31000064" tlh="660857888" />
  <largest-consumer threadName="Group1.Backend.CompositeBackend{Tier1}.5" threadId="0000000000843100" bytes="99356344" />
</allocation-stats>
<gc-op id="5107" type="scavenge" timems="129.226" contextid="5104" timestamp="2020-09-11T10:31:01.248">
  <scavenger-info tenureage="3" tenuremask="7ff8" tiltratio="85" />
  <memory-copied type="nursery" objects="4052431" bytes="108794128" bytesdiscarded="297992" />
  <memory-copied type="tenure" objects="1089975" bytes="29288880" bytesdiscarded="156360" />
  <ownableSynchronizers candidates="4758" cleared="4492" />
  <references type="soft" candidates="203" cleared="0" enqueued="0" dynamicThreshold="17" maxThreshold="32" />
  <references type="weak" candidates="108" cleared="108" enqueued="0" />
</gc-op>
<gc-end id="5108" type="scavenge" contextid="5104" durationms="130.357" usertimems="926.346" systemtimems="16.582" timestamp="2020-09-11T10:31:01.249" activeThreads="8">
  <mem-info id="5109" free="847496120" total="2821586944" percent="30">
    <mem type="nursery" free="694163712" total="939524096" percent="73">
      <mem type="allocate" free="694163712" total="803340288" percent="86" />
      <mem type="survivor" free="0" total="136183808" percent="0" />
    </mem>
    <mem type="tenure" free="153332408" total="1882062848" percent="8" macro-fragmented="0">
      <mem type="soa" free="78048952" total="1806779392" percent="4" />
      <mem type="loa" free="75283456" total="75283456" percent="100" />
    </mem>
    <remembered-set count="28796" />
  </mem-info>
</gc-end>
<cycle-end id="5110" type="scavenge" contextid="5104" timestamp="2020-09-11T10:31:01.250" />
<allocation-satisfied id="5111" threadId="0000000000785E00" bytesRequested="120" />
<af-end id="5112" timestamp="2020-09-11T10:31:01.250" threadId="0000000000786780" success="true" from="nursery"/>
<exclusive-end id="5113" timestamp="2020-09-11T10:31:01.250" durationms="132.891" />

<exclusive-start id="5114" timestamp="2020-09-11T10:31:03.199" intervalms="2081.534">
  <response-info timems="0.416" idlems="0.416" threads="0" lastid="0000000000856800" lastname="Group1.Backend.CompositeBackend{Tier1}.3" />
</exclusive-start>
<af-start id="5115" threadId="0000000000857180" totalBytesRequested="664" timestamp="2020-09-11T10:31:03.200" intervalms="2081.706" type="nursery" />
<cycle-start id="5116" type="scavenge" contextid="0" timestamp="2020-09-11T10:31:03.200" intervalms="2081.701" />
<gc-start id="5117" type="scavenge" contextid="5116" timestamp="2020-09-11T10:31:03.200">
  <mem-info id="5118" free="153332408" total="2821586944" percent="5">
    <mem type="nursery" free="0" total="939524096" percent="0">
      <mem type="allocate" free="0" total="803340288" percent="0" />
      <mem type="survivor" free="0" total="136183808" percent="0" />
    </mem>
    <mem type="tenure" free="153332408" total="1882062848" percent="8">
      <mem type="soa" free="78048952" total="1806779392" percent="4" />
      <mem type="loa" free="75283456" total="75283456" percent="100" />
    </mem>
    <remembered-set count="189859" />
  </mem-info>
</gc-start>
<allocation-stats totalBytes="693841592" >
  <allocated-bytes non-tlh="35806328" tlh="658035264" />
  <largest-consumer threadName="Group1.Backend.CompositeBackend{Tier1}.3" threadId="0000000000856800" bytes="92515248" />
</allocation-stats>
<gc-op id="5119" type="scavenge" timems="123.110" contextid="5116" timestamp="2020-09-11T10:31:03.323">
  <scavenger-info tenureage="3" tenuremask="7ff8" tiltratio="85" />
  <memory-copied type="nursery" objects="4085091" bytes="109679248" bytesdiscarded="129392" />
  <memory-copied type="tenure" objects="1060560" bytes="28509680" bytesdiscarded="104264" />
  <ownableSynchronizers candidates="4097" cleared="3821" />
  <references type="soft" candidates="198" cleared="0" enqueued="0" dynamicThreshold="17" maxThreshold="32" />
  <references type="weak" candidates="118" cleared="118" enqueued="0" />
</gc-op>
<gc-end id="5120" type="scavenge" contextid="5116" durationms="124.542" usertimems="902.407" systemtimems="11.140" timestamp="2020-09-11T10:31:03.324" activeThreads="8">
  <mem-info id="5121" free="820544024" total="2821586944" percent="29">
    <mem type="nursery" free="695937536" total="939524096" percent="74">
      <mem type="allocate" free="695937536" total="805830656" percent="86" />
      <mem type="survivor" free="0" total="133693440" percent="0" />
    </mem>
    <mem type="tenure" free="124606488" total="1882062848" percent="6" macro-fragmented="0">
      <mem type="soa" free="49323032" total="1806779392" percent="2" />
      <mem type="loa" free="75283456" total="75283456" percent="100" />
    </mem>
    <remembered-set count="27925" />
  </mem-info>
</gc-end>
<cycle-end id="5122" type="scavenge" contextid="5116" timestamp="2020-09-11T10:31:03.326" />
<allocation-satisfied id="5123" threadId="0000000000856800" bytesRequested="664" />
<af-end id="5124" timestamp="2020-09-11T10:31:03.326" threadId="0000000000857180" success="true" from="nursery"/>
<exclusive-end id="5125" timestamp="2020-09-11T10:31:03.326" durationms="127.311" />

<exclusive-start id="5126" timestamp="2020-09-11T10:31:05.305" intervalms="2105.667">
  <response-info timems="0.413" idlems="0.413" threads="0" lastid="0000000000A57F00" lastname="Group1.Backend.CompositeBackend{Tier3}.6" />
</exclusive-start>
<af-start id="5127" threadId="0000000000A58880" totalBytesRequested="16" timestamp="2020-09-11T10:31:05.305" intervalms="2105.650" type="nursery" />
<cycle-start id="5128" type="scavenge" contextid="0" timestamp="2020-09-11T10:31:05.305" intervalms="2105.613" />
<gc-start id="5129" type="scavenge" contextid="5128" timestamp="2020-09-11T10:31:05.306">
  <mem-info id="5130" free="124606488" total="2821586944" percent="4">
    <mem type="nursery" free="0" total="939524096" percent="0">
      <mem type="allocate" free="0" total="805830656" percent="0" />
      <mem type="survivor" free="0" total="133693440" percent="0" />
    </mem>
    <mem type="tenure" free="124606488" total="1882062848" percent="6">
      <mem type="soa" free="49323032" total="1806779392" percent="2" />
      <mem type="loa" free="75283456" total="75283456" percent="100" />
    </mem>
    <remembered-set count="194122" />
  </mem-info>
</gc-start>
<allocation-stats totalBytes="695592984" >
  <allocated-bytes non-tlh="31437704" tlh="664155280" />
  <largest-consumer threadName="Group1.Backend.CompositeBackend{Tier1}.1" threadId="0000000000785E00" bytes="97708040" />
</allocation-stats>
<gc-op id="5131" type="scavenge" timems="132.793" contextid="5128" timestamp="2020-09-11T10:31:05.438">
  <scavenger-info tenureage="3" tenuremask="7ff8" tiltratio="85" />
  <memory-copied type="nursery" objects="4270033" bytes="113702464" bytesdiscarded="281600" />
  <memory-copied type="tenure" objects="1094021" bytes="29416400" bytesdiscarded="50736" />
  <ownableSynchronizers candidates="4438" cleared="4157" />
  <references type="soft" candidates="175" cleared="0" enqueued="0" dynamicThreshold="17" maxThreshold="32" />
  <references type="weak" candidates="113" cleared="113" enqueued="0" />
</gc-op>
<gc-end id="5132" type="scavenge" contextid="5128" durationms="133.643" usertimems="964.816" systemtimems="11.050" timestamp="2020-09-11T10:31:05.439" activeThreads="8">
  <mem-info id="5133" free="787224720" total="2821586944" percent="27">
    <mem type="nursery" free="692083936" total="939524096" percent="73">
      <mem type="allocate" free="692083936" total="806158336" percent="85" />
      <mem type="survivor" free="0" total="133365760" percent="0" />
    </mem>
    <mem type="tenure" free="95140784" total="1882062848" percent="5" macro-fragmented="0">
      <mem type="soa" free="19857328" total="1806779392" percent="1" />
      <mem type="loa" free="75283456" total="75283456" percent="100" />
    </mem>
    <remembered-set count="30226" />
  </mem-info>
</gc-end>
<cycle-end id="5134" type="scavenge" contextid="5128" timestamp="2020-09-11T10:31:05.440" />
<allocation-satisfied id="5135" threadId="0000000000A57F00" bytesRequested="16" />
<af-end id="5136" timestamp="2020-09-11T10:31:05.440" threadId="0000000000A58880" success="true" from="nursery"/>
<exclusive-end id="5137" timestamp="2020-09-11T10:31:05.440" durationms="135.800" />

<exclusive-start id="5138" timestamp="2020-09-11T10:31:07.417" intervalms="2112.390">
  <response-info timems="2.699" idlems="2.699" threads="0" lastid="0000000000837900" lastname="Group1.Backend.CompositeBackend{Tier1}.8" />
</exclusive-start>
<af-start id="5139" threadId="0000000000838280" totalBytesRequested="16" timestamp="2020-09-11T10:31:07.417" intervalms="2112.268" type="nursery" />
<percolate-collect id="5140" from="nursery" to="global" reason="prevent tenure expand" timestamp="2020-09-11T10:31:07.418"/>
<cycle-start id="5141" type="global" contextid="0" timestamp="2020-09-11T10:31:07.418" intervalms="68008.467" />
<gc-start id="5142" type="global" contextid="5141" timestamp="2020-09-11T10:31:07.418">
  <mem-info id="5143" free="95140784" total="2821586944" percent="3">
    <mem type="nursery" free="0" total="939524096" percent="0">
      <mem type="allocate" free="0" total="806158336" percent="0" />
      <mem type="survivor" free="0" total="133365760" percent="0" />
    </mem>
    <mem type="tenure" free="95140784" total="1882062848" percent="5">
      <mem type="soa" free="19857328" total="1806779392" percent="1" />
      <mem type="loa" free="75283456" total="75283456" percent="100" />
    </mem>
    <remembered-set count="195043" />
  </mem-info>
</gc-start>
<allocation-stats totalBytes="691748520" >
  <allocated-bytes non-tlh="31935768" tlh="659812752" />
  <largest-consumer threadName="Group1.Backend.CompositeBackend{Tier1}.1" threadId="0000000000785E00" bytes="100720496" />
</allocation-stats>
<heap-resize id="5144" type="loa contract" space="tenure" amount="18821120" count="1" timems="0.000" reason="contract underutilized loa" timestamp="2020-09-11T10:31:07.418" />
<gc-op id="5145" type="mark" timems="610.559" contextid="5141" timestamp="2020-09-11T10:31:08.029">
  <trace-info objectcount="31118818" scancount="30138344" scanbytes="823650652" />
  <finalization candidates="150" enqueued="0" />
  <ownableSynchronizers candidates="592788" cleared="5046" />
  <references type="soft" candidates="719216" cleared="1070" enqueued="1064" dynamicThreshold="17" maxThreshold="32" />
  <references type="weak" candidates="4405" cleared="112" enqueued="0" />
  <references type="phantom" candidates="108" cleared="0" enqueued="0" />
  <stringconstants candidates="11118" cleared="5"  />
</gc-op>
<gc-op id="5146" type="sweep" timems="14.942" contextid="5141" timestamp="2020-09-11T10:31:08.044" />
<gc-end id="5147" type="global" contextid="5141" durationms="626.524" usertimems="4764.909" systemtimems="0.000" timestamp="2020-09-11T10:31:08.044" activeThreads="8">
  <mem-info id="5148" free="1648858160" total="2821586944" percent="58">
    <mem type="nursery" free="608337288" total="939524096" percent="64">
      <mem type="allocate" free="608337288" total="806158336" percent="75" />
      <mem type="survivor" free="0" total="133365760" percent="0" />
    </mem>
    <mem type="tenure" free="1040520872" total="1882062848" percent="55" micro-fragmented="85749009" macro-fragmented="0">
      <mem type="soa" free="984058536" total="1825600512" percent="53" />
      <mem type="loa" free="56462336" total="56462336" percent="100" />
    </mem>
    <pending-finalizers system="0" default="0" reference="1064" classloader="0" />
    <remembered-set count="189467" />
  </mem-info>
</gc-end>
<cycle-end id="5149" type="global" contextid="5141" timestamp="2020-09-11T10:31:08.045" />
<allocation-satisfied id="5150" threadId="0000000000837900" bytesRequested="16" />
<af-end id="5151" timestamp="2020-09-11T10:31:08.045" threadId="0000000000838280" success="true" from="nursery"/>
<exclusive-end id="5152" timestamp="2020-09-11T10:31:08.046" durationms="628.907" />

<exclusive-start id="5153" timestamp="2020-09-11T10:31:08.957" intervalms="1540.511">
  <response-info timems="0.437" idlems="0.437" threads="0" lastid="0000000000837900" lastname="Group1.Backend.CompositeBackend{Tier1}.8" />
</exclusive-start>
<af-start id="5154" threadId="0000000000838280" totalBytesRequested="524296" timestamp="2020-09-11T10:31:08.958" intervalms="1540.480" type="nursery" />
<cycle-start id="5155" type="scavenge" contextid="0" timestamp="2020-09-11T10:31:08.958" intervalms="3652.745" />
<gc-start id="5156" type="scavenge" contextid="5155" timestamp="2020-09-11T10:31:08.958">
  <mem-info id="5157" free="1126857256" total="2821586944" percent="39">
    <mem type="nursery" free="86336432" total="939524096" percent="9">
      <mem type="allocate" free="86336432" total="806158336" percent="10" />
      <mem type="survivor" free="0" total="133365760" percent="0" />
    </mem>
    <mem type="tenure" free="1040520824" total="1882062848" percent="55">
      <mem type="soa" free="984058488" total="1825600512" percent="53" />
      <mem type="loa" free="56462336" total="56462336" percent="100" />
    </mem>
    <remembered-set count="238413" />
  </mem-info>
</gc-start>
<allocation-stats totalBytes="520192816" >
  <allocated-bytes non-tlh="30160200" tlh="490032616" />
  <largest-consumer threadName="Group1.Backend.CompositeBackend{Tier1}.2" threadId="00000000007F6F00" bytes="77362392" />
</allocation-stats>
<gc-op id="5158" type="scavenge" timems="115.575" contextid="5155" timestamp="2020-09-11T10:31:09.074">
  <scavenger-info tenureage="3" tenuremask="7ff8" tiltratio="85" />
  <memory-copied type="nursery" objects="4995873" bytes="133197224" bytesdiscarded="37856" />
  <memory-copied type="tenure" objects="1073365" bytes="28806728" bytesdiscarded="78960" />
  <copy-failed type="nursery" objects="28964" bytes="717560" />
  <ownableSynchronizers candidates="1178140" cleared="1177824" />
  <references type="soft" candidates="218" cleared="0" enqueued="0" dynamicThreshold="17" maxThreshold="32" />
  <references type="weak" candidates="113" cleared="112" enqueued="0" />
</gc-op>
<gc-end id="5159" type="scavenge" contextid="5155" durationms="116.525" usertimems="900.697" systemtimems="0.000" timestamp="2020-09-11T10:31:09.075" activeThreads="8">
  <mem-info id="5160" free="1645067576" total="2821586944" percent="58">
    <mem type="nursery" free="633470976" total="939524096" percent="67">
      <mem type="allocate" free="633470976" total="766836736" percent="82" />
      <mem type="survivor" free="0" total="172687360" percent="0" />
    </mem>
    <mem type="tenure" free="1011596600" total="1882062848" percent="53" macro-fragmented="0">
      <mem type="soa" free="955134264" total="1825600512" percent="52" />
      <mem type="loa" free="56462336" total="56462336" percent="100" />
    </mem>
    <remembered-set count="40703" />
  </mem-info>
</gc-end>
<cycle-end id="5161" type="scavenge" contextid="5155" timestamp="2020-09-11T10:31:09.076" />
<allocation-satisfied id="5162" threadId="0000000000837900" bytesRequested="524296" />
<af-end id="5163" timestamp="2020-09-11T10:31:09.076" threadId="0000000000838280" success="true" from="nursery"/>
<exclusive-end id="5164" timestamp="2020-09-11T10:31:09.076" durationms="118.786" />

<exclusive-start id="5165" timestamp="2020-09-11T10:31:10.981" intervalms="2023.278">
  <response-info timems="8.577" idlems="8.577" threads="0" lastid="0000000000837900" lastname="Group1.Backend.CompositeBackend{Tier1}.8" />
</exclusive-start>
<af-start id="5166" threadId="0000000000838280" totalBytesRequested="344" timestamp="2020-09-11T10:31:10.981" intervalms="2023.528" type="nursery" />
<cycle-start id="5167" type="scavenge" contextid="0" timestamp="2020-09-11T10:31:10.982" intervalms="2023.593" />
<gc-start id="5168" type="scavenge" contextid="5167" timestamp="2020-09-11T10:31:10.982">
  <mem-info id="5169" free="1011596600" total="2821586944" percent="35">
    <mem type="nursery" free="0" total="939524096" percent="0">
      <mem type="allocate" free="0" total="766836736" percent="0" />
      <mem type="survivor" free="0" total="172687360" percent="0" />
    </mem>
    <mem type="tenure" free="1011596600" total="1882062848" percent="53">
      <mem type="soa" free="955134264" total="1825600512" percent="52" />
      <mem type="loa" free="56462336" total="56462336" percent="100" />
    </mem>
    <remembered-set count="199720" />
  </mem-info>
</gc-start>
<allocation-stats totalBytes="633155720" >
  <allocated-bytes non-tlh="25254016" tlh="607901704" />
  <largest-consumer threadName="Group1.Backend.CompositeBackend{Tier1}.7" threadId="0000000000854300" bytes="102434520" />
</allocation-stats>
<gc-op id="5170" type="scavenge" timems="150.592" contextid="5167" timestamp="2020-09-11T10:31:11.133">
  <scavenger-info tenureage="3" tenuremask="7ff8" tiltratio="81" />
  <memory-copied type="nursery" objects="4823726" bytes="129505040" bytesdiscarded="250120" />
  <memory-copied type="tenure" objects="994322" bytes="26759224" bytesdiscarded="73864" />
  <ownableSynchronizers candidates="3090" cleared="2815" />
  <references type="soft" candidates="206" cleared="0" enqueued="0" dynamicThreshold="17" maxThreshold="32" />
  <references type="weak" candidates="105" cleared="103" enqueued="0" />
</gc-op>
<gc-end id="5171" type="scavenge" contextid="5167" durationms="151.644" usertimems="1064.941" systemtimems="17.518" timestamp="2020-09-11T10:31:11.133" activeThreads="8">
  <mem-info id="5172" free="1626168336" total="2821586944" percent="57">
    <mem type="nursery" free="641593856" total="939524096" percent="68">
      <mem type="allocate" free="641593856" total="771424256" percent="83" />
      <mem type="survivor" free="0" total="168099840" percent="0" />
    </mem>
    <mem type="tenure" free="984574480" total="1882062848" percent="52" macro-fragmented="0">
      <mem type="soa" free="928112144" total="1825600512" percent="50" />
      <mem type="loa" free="56462336" total="56462336" percent="100" />
    </mem>
    <remembered-set count="41590" />
  </mem-info>
</gc-end>
<cycle-end id="5173" type="scavenge" contextid="5167" timestamp="2020-09-11T10:31:11.135" />
<allocation-satisfied id="5174" threadId="0000000000837900" bytesRequested="344" />
<af-end id="5175" timestamp="2020-09-11T10:31:11.135" threadId="0000000000838280" success="true" from="nursery"/>
<exclusive-end id="5176" timestamp="2020-09-11T10:31:11.135" durationms="154.772" />

<exclusive-start id="5177" timestamp="2020-09-11T10:31:12.917" intervalms="1936.004">
  <response-info timems="1.873" idlems="1.873" threads="0" lastid="0000000000842600" lastname="Group1.Backend.CompositeBackend{Tier1}.4" />
</exclusive-start>
<af-start id="5178" threadId="0000000000842F80" totalBytesRequested="262152" timestamp="2020-09-11T10:31:12.917" intervalms="1935.740" type="nursery" />
<cycle-start id="5179" type="scavenge" contextid="0" timestamp="2020-09-11T10:31:12.917" intervalms="1935.694" />
<gc-start id="5180" type="scavenge" contextid="5179" timestamp="2020-09-11T10:31:12.918">
  <mem-info id="5181" free="984790752" total="2821586944" percent="34">
    <mem type="nursery" free="216272" total="939524096" percent="0">
      <mem type="allocate" free="216272" total="771424256" percent="0" />
      <mem type="survivor" free="0" total="168099840" percent="0" />
    </mem>
    <mem type="tenure" free="984574480" total="1882062848" percent="52">
      <mem type="soa" free="928112144" total="1825600512" percent="50" />
      <mem type="loa" free="56462336" total="56462336" percent="100" />
    </mem>
    <remembered-set count="199766" />
  </mem-info>
</gc-start>
<allocation-stats totalBytes="641080320" >
  <allocated-bytes non-tlh="28179104" tlh="612901216" />
  <largest-consumer threadName="Group1.Backend.CompositeBackend{Tier1}.7" threadId="0000000000854300" bytes="116340896" />
</allocation-stats>
<gc-op id="5182" type="scavenge" timems="140.132" contextid="5179" timestamp="2020-09-11T10:31:13.058">
  <scavenger-info tenureage="3" tenuremask="7ff8" tiltratio="82" />
  <memory-copied type="nursery" objects="5002131" bytes="133223088" bytesdiscarded="232168" />
  <memory-copied type="tenure" objects="1068435" bytes="28700088" bytesdiscarded="101344" />
  <ownableSynchronizers candidates="4031" cleared="3755" />
  <references type="soft" candidates="209" cleared="0" enqueued="0" dynamicThreshold="17" maxThreshold="32" />
  <references type="weak" candidates="90" cleared="90" enqueued="0" />
</gc-op>
<gc-end id="5183" type="scavenge" contextid="5179" durationms="147.023" usertimems="1026.874" systemtimems="20.156" timestamp="2020-09-11T10:31:13.065" activeThreads="8">
  <mem-info id="5184" free="1605270552" total="2821586944" percent="56">
    <mem type="nursery" free="649610736" total="939524096" percent="69">
      <mem type="allocate" free="649610736" total="783155200" percent="82" />
      <mem type="survivor" free="0" total="156368896" percent="0" />
    </mem>
    <mem type="tenure" free="955659816" total="1882062848" percent="50" macro-fragmented="0">
      <mem type="soa" free="899197480" total="1825600512" percent="49" />
      <mem type="loa" free="56462336" total="56462336" percent="100" />
    </mem>
    <remembered-set count="37797" />
  </mem-info>
</gc-end>
<cycle-end id="5185" type="scavenge" contextid="5179" timestamp="2020-09-11T10:31:13.066" />
<allocation-satisfied id="5186" threadId="0000000000842600" bytesRequested="262152" />
<af-end id="5187" timestamp="2020-09-11T10:31:13.067" threadId="0000000000842F80" success="true" from="nursery"/>
<exclusive-end id="5188" timestamp="2020-09-11T10:31:13.067" durationms="150.105" />

<exclusive-start id="5189" timestamp="2020-09-11T10:31:14.826" intervalms="1909.935">
  <response-info timems="0.373" idlems="0.373" threads="0" lastid="0000000000854300" lastname="Group1.Backend.CompositeBackend{Tier1}.7" />
</exclusive-start>
<af-start id="5190" threadId="0000000000854C80" totalBytesRequested="524296" timestamp="2020-09-11T10:31:14.827" intervalms="1909.936" type="nursery" />
<cycle-start id="5191" type="scavenge" contextid="0" timestamp="2020-09-11T10:31:14.827" intervalms="1909.928" />
<gc-start id="5192" type="scavenge" contextid="5191" timestamp="2020-09-11T10:31:14.828">
  <mem-info id="5193" free="955711848" total="2821586944" percent="33">
    <mem type="nursery" free="52032" total="939524096" percent="0">
      <mem type="allocate" free="52032" total="783155200" percent="0" />
      <mem type="survivor" free="0" total="156368896" percent="0" />
    </mem>
    <mem type="tenure" free="955659816" total="1882062848" percent="50">
      <mem type="soa" free="899197480" total="1825600512" percent="49" />
      <mem type="loa" free="56462336" total="56462336" percent="100" />
    </mem>
    <remembered-set count="193342" />
  </mem-info>
</gc-start>
<allocation-stats totalBytes="649267912" >
  <allocated-bytes non-tlh="34146992" tlh="615120920" />
  <largest-consumer threadName="Group1.Backend.CompositeBackend{Tier1}.1" threadId="0000000000785E00" bytes="99735912" />
</allocation-stats>
<gc-op id="5194" type="scavenge" timems="112.845" contextid="5191" timestamp="2020-09-11T10:31:14.940">
  <scavenger-info tenureage="3" tenuremask="7ff8" tiltratio="83" />
  <memory-copied type="nursery" objects="4276120" bytes="112717264" bytesdiscarded="275424" />
  <memory-copied type="tenure" objects="1838643" bytes="49416384" bytesdiscarded="93088" />
  <ownableSynchronizers candidates="4096" cleared="3822" />
  <references type="soft" candidates="163" cleared="0" enqueued="0" dynamicThreshold="17" maxThreshold="32" />
  <references type="weak" candidates="107" cleared="107" enqueued="0" />
</gc-op>
<gc-end id="5195" type="scavenge" contextid="5191" durationms="114.033" usertimems="860.026" systemtimems="0.000" timestamp="2020-09-11T10:31:14.941" activeThreads="8">
  <mem-info id="5196" free="1577857544" total="2821586944" percent="55">
    <mem type="nursery" free="671522192" total="939524096" percent="71">
      <mem type="allocate" free="671522192" total="784596992" percent="85" />
      <mem type="survivor" free="0" total="154927104" percent="0" />
    </mem>
    <mem type="tenure" free="906335352" total="1882062848" percent="48" macro-fragmented="0">
      <mem type="soa" free="849873016" total="1825600512" percent="46" />
      <mem type="loa" free="56462336" total="56462336" percent="100" />
    </mem>
    <remembered-set count="28820" />
  </mem-info>
</gc-end>
<cycle-end id="5197" type="scavenge" contextid="5191" timestamp="2020-09-11T10:31:14.943" />
<allocation-satisfied id="5198" threadId="0000000000854300" bytesRequested="524296" />
<af-end id="5199" timestamp="2020-09-11T10:31:14.943" threadId="0000000000854C80" success="true" from="nursery"/>
<exclusive-end id="5200" timestamp="2020-09-11T10:31:14.943" durationms="116.363" />

<exclusive-start id="5201" timestamp="2020-09-11T10:31:16.883" intervalms="2056.917">
  <response-info timems="0.376" idlems="0.376" threads="0" lastid="0000000000842600" lastname="Group1.Backend.CompositeBackend{Tier1}.4" />
</exclusive-start>
<af-start id="5202" threadId="0000000000842F80" totalBytesRequested="16" timestamp="2020-09-11T10:31:16.884" intervalms="2056.846" type="nursery" />
<cycle-start id="5203" type="scavenge" contextid="0" timestamp="2020-09-11T10:31:16.884" intervalms="2056.854" />
<gc-start id="5204" type="scavenge" contextid="5203" timestamp="2020-09-11T10:31:16.884">
  <mem-info id="5205" free="906335352" total="2821586944" percent="32">
    <mem type="nursery" free="0" total="939524096" percent="0">
      <mem type="allocate" free="0" total="784596992" percent="0" />
      <mem type="survivor" free="0" total="154927104" percent="0" />
    </mem>
    <mem type="tenure" free="906335352" total="1882062848" percent="48">
      <mem type="soa" free="849873016" total="1825600512" percent="46" />
      <mem type="loa" free="56462336" total="56462336" percent="100" />
    </mem>
    <remembered-set count="190504" />
  </mem-info>
</gc-start>
<allocation-stats totalBytes="671211224" >
  <allocated-bytes non-tlh="32026240" tlh="639184984" />
  <largest-consumer threadName="Group1.Backend.CompositeBackend{Tier1}.6" threadId="0000000000843D00" bytes="89570992" />
</allocation-stats>
<gc-op id="5206" type="scavenge" timems="96.594" contextid="5203" timestamp="2020-09-11T10:31:16.981">
  <scavenger-info tenureage="3" tenuremask="7ff8" tiltratio="83" />
  <memory-copied type="nursery" objects="3939993" bytes="105666432" bytesdiscarded="270648" />
  <memory-copied type="tenure" objects="1073852" bytes="28860296" bytesdiscarded="104848" />
  <ownableSynchronizers candidates="2982" cleared="2752" />
  <references type="soft" candidates="175" cleared="0" enqueued="0" dynamicThreshold="17" maxThreshold="32" />
  <references type="weak" candidates="113" cleared="113" enqueued="0" />
</gc-op>
<gc-end id="5207" type="scavenge" contextid="5203" durationms="97.454" usertimems="697.950" systemtimems="6.366" timestamp="2020-09-11T10:31:16.982" activeThreads="8">
  <mem-info id="5208" free="1561593000" total="2821586944" percent="55">
    <mem type="nursery" free="684273888" total="939524096" percent="72">
      <mem type="allocate" free="684273888" total="790298624" percent="86" />
      <mem type="survivor" free="0" total="149225472" percent="0" />
    </mem>
    <mem type="tenure" free="877319112" total="1882062848" percent="46" macro-fragmented="0">
      <mem type="soa" free="820856776" total="1825600512" percent="44" />
      <mem type="loa" free="56462336" total="56462336" percent="100" />
    </mem>
    <remembered-set count="29607" />
  </mem-info>
</gc-end>
<cycle-end id="5209" type="scavenge" contextid="5203" timestamp="2020-09-11T10:31:16.984" />
<allocation-satisfied id="5210" threadId="0000000000842600" bytesRequested="16" />
<af-end id="5211" timestamp="2020-09-11T10:31:16.984" threadId="0000000000842F80" success="true" from="nursery"/>
<exclusive-end id="5212" timestamp="2020-09-11T10:31:16.984" durationms="100.502" />

<exclusive-start id="5213" timestamp="2020-09-11T10:31:18.938" intervalms="2054.876">
  <response-info timems="0.448" idlems="0.448" threads="0" lastid="00000000007F6F00" lastname="Group1.Backend.CompositeBackend{Tier1}.2" />
</exclusive-start>
<af-start id="5214" threadId="00000000007F7880" totalBytesRequested="16" timestamp="2020-09-11T10:31:18.939" intervalms="2055.008" type="nursery" />
<cycle-start id="5215" type="scavenge" contextid="0" timestamp="2020-09-11T10:31:18.939" intervalms="2054.995" />
<gc-start id="5216" type="scavenge" contextid="5215" timestamp="2020-09-11T10:31:18.940">
  <mem-info id="5217" free="877319112" total="2821586944" percent="31">
    <mem type="nursery" free="0" total="939524096" percent="0">
      <mem type="allocate" free="0" total="790298624" percent="0" />
      <mem type="survivor" free="0" total="149225472" percent="0" />
    </mem>
    <mem type="tenure" free="877319112" total="1882062848" percent="46">
      <mem type="soa" free="820856776" total="1825600512" percent="44" />
      <mem type="loa" free="56462336" total="56462336" percent="100" />
    </mem>
    <remembered-set count="191876" />
  </mem-info>
</gc-start>
<allocation-stats totalBytes="683951048" >
  <allocated-bytes non-tlh="31223616" tlh="652727432" />
  <largest-consumer threadName="Group1.Backend.CompositeBackend{Tier1}.4" threadId="0000000000842600" bytes="111699120" />
</allocation-stats>
<gc-op id="5218" type="scavenge" timems="101.906" contextid="5215" timestamp="2020-09-11T10:31:19.042">
  <scavenger-info tenureage="3" tenuremask="7ff8" tiltratio="84" />
  <memory-copied type="nursery" objects="4070086" bytes="108443040" bytesdiscarded="198696" />
  <memory-copied type="tenure" objects="1055273" bytes="28492120" bytesdiscarded="126000" />
  <ownableSynchronizers candidates="3861" cleared="3618" />
  <references type="soft" candidates="171" cleared="0" enqueued="0" dynamicThreshold="17" maxThreshold="32" />
  <references type="weak" candidates="116" cleared="116" enqueued="0" />
</gc-op>
<gc-end id="5219" type="scavenge" contextid="5215" durationms="103.081" usertimems="720.913" systemtimems="6.759" timestamp="2020-09-11T10:31:19.043" activeThreads="8">
  <mem-info id="5220" free="1535154392" total="2821586944" percent="54">
    <mem type="nursery" free="686494016" total="939524096" percent="73">
      <mem type="allocate" free="686494016" total="795213824" percent="86" />
      <mem type="survivor" free="0" total="144310272" percent="0" />
    </mem>
    <mem type="tenure" free="848660376" total="1882062848" percent="45" macro-fragmented="0">
      <mem type="soa" free="792198040" total="1825600512" percent="43" />
      <mem type="loa" free="56462336" total="56462336" percent="100" />
    </mem>
    <remembered-set count="29393" />
  </mem-info>
</gc-end>
<cycle-end id="5221" type="scavenge" contextid="5215" timestamp="2020-09-11T10:31:19.044" />
<allocation-satisfied id="5222" threadId="00000000007F6F00" bytesRequested="16" />
<af-end id="5223" timestamp="2020-09-11T10:31:19.044" threadId="00000000007F7880" success="true" from="nursery"/>
<exclusive-end id="5224" timestamp="2020-09-11T10:31:19.044" durationms="106.230" />

<exclusive-start id="5225" timestamp="2020-09-11T10:31:21.042" intervalms="2103.846">
  <response-info timems="0.405" idlems="0.405" threads="0" lastid="0000000000842600" lastname="Group1.Backend.CompositeBackend{Tier1}.4" />
</exclusive-start>
<af-start id="5226" threadId="0000000000842F80" totalBytesRequested="16" timestamp="2020-09-11T10:31:21.043" intervalms="2103.836" type="nursery" />
<cycle-start id="5227" type="scavenge" contextid="0" timestamp="2020-09-11T10:31:21.043" intervalms="2103.869" />
<gc-start id="5228" type="scavenge" contextid="5227" timestamp="2020-09-11T10:31:21.043">
  <mem-info id="5229" free="848660376" total="2821586944" percent="30">
    <mem type="nursery" free="0" total="939524096" percent="0">
      <mem type="allocate" free="0" total="795213824" percent="0" />
      <mem type="survivor" free="0" total="144310272" percent="0" />
    </mem>
    <mem type="tenure" free="848660376" total="1882062848" percent="45">
      <mem type="soa" free="792198040" total="1825600512" percent="43" />
      <mem type="loa" free="56462336" total="56462336" percent="100" />
    </mem>
    <remembered-set count="192152" />
  </mem-info>
</gc-start>
<allocation-stats totalBytes="686163416" >
  <allocated-bytes non-tlh="29940520" tlh="656222896" />
  <largest-consumer threadName="Group1.Backend.CompositeBackend{Tier1}.4" threadId="0000000000842600" bytes="86383152" />
</allocation-stats>
<gc-op id="5230" type="scavenge" timems="97.127" contextid="5227" timestamp="2020-09-11T10:31:21.141">
  <scavenger-info tenureage="3" tenuremask="7ff8" tiltratio="84" />
  <memory-copied type="nursery" objects="4264630" bytes="113385256" bytesdiscarded="131464" />
  <memory-copied type="tenure" objects="987934" bytes="26556608" bytesdiscarded="83200" />
  <ownableSynchronizers candidates="3994" cleared="3755" />
  <references type="soft" candidates="182" cleared="0" enqueued="0" dynamicThreshold="17" maxThreshold="32" />
  <references type="weak" candidates="112" cleared="112" enqueued="0" />
</gc-op>
<gc-end id="5231" type="scavenge" contextid="5227" durationms="98.125" usertimems="705.130" systemtimems="0.000" timestamp="2020-09-11T10:31:21.141" activeThreads="8">
  <mem-info id="5232" free="1506050208" total="2821586944" percent="53">
    <mem type="nursery" free="683974360" total="939524096" percent="72">
      <mem type="allocate" free="683974360" total="797573120" percent="85" />
      <mem type="survivor" free="0" total="141950976" percent="0" />
    </mem>
    <mem type="tenure" free="822075848" total="1882062848" percent="43" macro-fragmented="0">
      <mem type="soa" free="765613512" total="1825600512" percent="41" />
      <mem type="loa" free="56462336" total="56462336" percent="100" />
    </mem>
    <remembered-set count="28852" />
  </mem-info>
</gc-end>
<cycle-end id="5233" type="scavenge" contextid="5227" timestamp="2020-09-11T10:31:21.142" />
<allocation-satisfied id="5234" threadId="0000000000842600" bytesRequested="16" />
<af-end id="5235" timestamp="2020-09-11T10:31:21.142" threadId="0000000000842F80" success="true" from="nursery"/>
<exclusive-end id="5236" timestamp="2020-09-11T10:31:21.142" durationms="100.333" />

<exclusive-start id="5237" timestamp="2020-09-11T10:31:23.138" intervalms="2096.338">
  <response-info timems="0.492" idlems="0.249" threads="1" lastid="0000000000856800" lastname="Group1.Backend.CompositeBackend{Tier1}.3" />
</exclusive-start>
<af-start id="5238" threadId="0000000000838280" totalBytesRequested="264" timestamp="2020-09-11T10:31:23.139" intervalms="2096.373" type="nursery" />
<cycle-start id="5239" type="scavenge" contextid="0" timestamp="2020-09-11T10:31:23.139" intervalms="2096.350" />
<gc-start id="5240" type="scavenge" contextid="5239" timestamp="2020-09-11T10:31:23.140">
  <mem-info id="5241" free="822075848" total="2821586944" percent="29">
    <mem type="nursery" free="0" total="939524096" percent="0">
      <mem type="allocate" free="0" total="797573120" percent="0" />
      <mem type="survivor" free="0" total="141950976" percent="0" />
    </mem>
    <mem type="tenure" free="822075848" total="1882062848" percent="43">
      <mem type="soa" free="765613512" total="1825600512" percent="41" />
      <mem type="loa" free="56462336" total="56462336" percent="100" />
    </mem>
    <remembered-set count="192344" />
  </mem-info>
</gc-start>
<allocation-stats totalBytes="683661208" >
  <allocated-bytes non-tlh="32873864" tlh="650787344" />
  <largest-consumer threadName="Group1.Backend.CompositeBackend{Tier1}.6" threadId="0000000000843D00" bytes="94646936" />
</allocation-stats>
<gc-op id="5242" type="scavenge" timems="103.251" contextid="5239" timestamp="2020-09-11T10:31:23.243">
  <scavenger-info tenureage="3" tenuremask="7ff8" tiltratio="84" />
  <memory-copied type="nursery" objects="4055665" bytes="108859800" bytesdiscarded="143560" />
  <memory-copied type="tenure" objects="1060830" bytes="28526136" bytesdiscarded="98728" />
  <ownableSynchronizers candidates="3312" cleared="3085" />
  <references type="soft" candidates="183" cleared="0" enqueued="0" dynamicThreshold="17" maxThreshold="32" />
  <references type="weak" candidates="117" cleared="117" enqueued="0" />
</gc-op>
<gc-end id="5243" type="scavenge" contextid="5239" durationms="104.532" usertimems="759.737" systemtimems="0.000" timestamp="2020-09-11T10:31:23.244" activeThreads="8">
  <mem-info id="5244" free="1485002600" total="2821586944" percent="52">
    <mem type="nursery" free="691499520" total="939524096" percent="73">
      <mem type="allocate" free="691499520" total="800587776" percent="86" />
      <mem type="survivor" free="0" total="138936320" percent="0" />
    </mem>
    <mem type="tenure" free="793503080" total="1882062848" percent="42" macro-fragmented="0">
      <mem type="soa" free="737040744" total="1825600512" percent="40" />
      <mem type="loa" free="56462336" total="56462336" percent="100" />
    </mem>
    <remembered-set count="29645" />
  </mem-info>
</gc-end>
<cycle-end id="5245" type="scavenge" contextid="5239" timestamp="2020-09-11T10:31:23.249" />
<allocation-satisfied id="5246" threadId="0000000000837900" bytesRequested="264" />
<af-end id="5247" timestamp="2020-09-11T10:31:23.250" threadId="0000000000838280" success="true" from="nursery"/>
<exclusive-end id="5248" timestamp="2020-09-11T10:31:23.250" durationms="111.288" />

<exclusive-start id="5249" timestamp="2020-09-11T10:31:25.235" intervalms="2096.234">
  <response-info timems="1.448" idlems="1.448" threads="0" lastid="0000000000843D00" lastname="Group1.Backend.CompositeBackend{Tier1}.6" />
</exclusive-start>
<af-start id="5250" threadId="0000000000844680" totalBytesRequested="48" timestamp="2020-09-11T10:31:25.235" intervalms="2096.211" type="nursery" />
<cycle-start id="5251" type="scavenge" contextid="0" timestamp="2020-09-11T10:31:25.236" intervalms="2096.212" />
<gc-start id="5252" type="scavenge" contextid="5251" timestamp="2020-09-11T10:31:25.236">
  <mem-info id="5253" free="793503080" total="2821586944" percent="28">
    <mem type="nursery" free="0" total="939524096" percent="0">
      <mem type="allocate" free="0" total="800587776" percent="0" />
      <mem type="survivor" free="0" total="138936320" percent="0" />
    </mem>
    <mem type="tenure" free="793503080" total="1882062848" percent="42">
      <mem type="soa" free="737040744" total="1825600512" percent="40" />
      <mem type="loa" free="56462336" total="56462336" percent="100" />
    </mem>
    <remembered-set count="193285" />
  </mem-info>
</gc-start>
<allocation-stats totalBytes="691163536" >
  <allocated-bytes non-tlh="33672992" tlh="657490544" />
  <largest-consumer threadName="Group1.Backend.CompositeBackend{Tier1}.4" threadId="0000000000842600" bytes="91757568" />
</allocation-stats>
<gc-op id="5254" type="scavenge" timems="116.035" contextid="5251" timestamp="2020-09-11T10:31:25.352">
  <scavenger-info tenureage="3" tenuremask="7ff8" tiltratio="85" />
  <memory-copied type="nursery" objects="4075051" bytes="109371912" bytesdiscarded="280464" />
  <memory-copied type="tenure" objects="1076568" bytes="28936848" bytesdiscarded="97464" />
  <ownableSynchronizers candidates="3719" cleared="3486" />
  <references type="soft" candidates="178" cleared="0" enqueued="0" dynamicThreshold="17" maxThreshold="32" />
  <references type="weak" candidates="113" cleared="113" enqueued="0" />
</gc-op>
<gc-end id="5255" type="scavenge" contextid="5251" durationms="116.940" usertimems="865.792" systemtimems="14.210" timestamp="2020-09-11T10:31:25.353" activeThreads="8">
  <mem-info id="5256" free="1458496048" total="2821586944" percent="51">
    <mem type="nursery" free="693996288" total="939524096" percent="73">
      <mem type="allocate" free="693996288" total="803733504" percent="86" />
      <mem type="survivor" free="0" total="135790592" percent="0" />
    </mem>
    <mem type="tenure" free="764499760" total="1882062848" percent="40" macro-fragmented="0">
      <mem type="soa" free="708037424" total="1825600512" percent="38" />
      <mem type="loa" free="56462336" total="56462336" percent="100" />
    </mem>
    <remembered-set count="30367" />
  </mem-info>
</gc-end>
<cycle-end id="5257" type="scavenge" contextid="5251" timestamp="2020-09-11T10:31:25.354" />
<allocation-satisfied id="5258" threadId="0000000000843D00" bytesRequested="48" />
<af-end id="5259" timestamp="2020-09-11T10:31:25.354" threadId="0000000000844680" success="true" from="nursery"/>
<exclusive-end id="5260" timestamp="2020-09-11T10:31:25.354" durationms="119.435" />

<exclusive-start id="5261" timestamp="2020-09-11T10:31:27.355" intervalms="2120.779">
  <response-info timems="0.875" idlems="0.875" threads="0" lastid="0000000000856800" lastname="Group1.Backend.CompositeBackend{Tier1}.3" />
</exclusive-start>
<af-start id="5262" threadId="0000000000857180" totalBytesRequested="16" timestamp="2020-09-11T10:31:27.356" intervalms="2120.689" type="nursery" />
<cycle-start id="5263" type="scavenge" contextid="0" timestamp="2020-09-11T10:31:27.356" intervalms="2120.684" />
<gc-start id="5264" type="scavenge" contextid="5263" timestamp="2020-09-11T10:31:27.357">
  <mem-info id="5265" free="764499760" total="2821586944" percent="27">
    <mem type="nursery" free="0" total="939524096" percent="0">
      <mem type="allocate" free="0" total="803733504" percent="0" />
      <mem type="survivor" free="0" total="135790592" percent="0" />
    </mem>
    <mem type="tenure" free="764499760" total="1882062848" percent="40">
      <mem type="soa" free="708037424" total="1825600512" percent="38" />
      <mem type="loa" free="56462336" total="56462336" percent="100" />
    </mem>
    <remembered-set count="196417" />
  </mem-info>
</gc-start>
<allocation-stats totalBytes="693680312" >
  <allocated-bytes non-tlh="31480384" tlh="662199928" />
  <largest-consumer threadName="Group1.Backend.CompositeBackend{Tier1}.8" threadId="0000000000837900" bytes="92370768" />
</allocation-stats>
<gc-op id="5266" type="scavenge" timems="119.140" contextid="5263" timestamp="2020-09-11T10:31:27.476">
  <scavenger-info tenureage="3" tenuremask="7ff8" tiltratio="85" />
  <memory-copied type="nursery" objects="4321084" bytes="115287528" bytesdiscarded="138184" />
  <memory-copied type="tenure" objects="1106407" bytes="29766360" bytesdiscarded="100312" />
  <ownableSynchronizers candidates="3607" cleared="3360" />
  <references type="soft" candidates="189" cleared="0" enqueued="0" dynamicThreshold="17" maxThreshold="32" />
  <references type="weak" candidates="107" cleared="107" enqueued="0" />
</gc-op>
<gc-end id="5267" type="scavenge" contextid="5263" durationms="120.040" usertimems="897.152" systemtimems="4.800" timestamp="2020-09-11T10:31:27.476" activeThreads="8">
  <mem-info id="5268" free="1422789856" total="2821586944" percent="50">
    <mem type="nursery" free="688217976" total="939524096" percent="73">
      <mem type="allocate" free="688217976" total="803733504" percent="85" />
      <mem type="survivor" free="0" total="135790592" percent="0" />
    </mem>
    <mem type="tenure" free="734571880" total="1882062848" percent="39" macro-fragmented="0">
      <mem type="soa" free="678109544" total="1825600512" percent="37" />
      <mem type="loa" free="56462336" total="56462336" percent="100" />
    </mem>
    <remembered-set count="33016" />
  </mem-info>
</gc-end>
<cycle-end id="5269" type="scavenge" contextid="5263" timestamp="2020-09-11T10:31:27.477" />
<allocation-satisfied id="5270" threadId="0000000000856800" bytesRequested="16" />
<af-end id="5271" timestamp="2020-09-11T10:31:27.478" threadId="0000000000857180" success="true" from="nursery"/>
<exclusive-end id="5272" timestamp="2020-09-11T10:31:27.478" durationms="122.103" />

<exclusive-start id="5273" timestamp="2020-09-11T10:31:29.375" intervalms="2019.845">
  <response-info timems="0.775" idlems="0.775" threads="0" lastid="0000000000854300" lastname="Group1.Backend.CompositeBackend{Tier1}.7" />
</exclusive-start>
<af-start id="5274" threadId="0000000000854C80" totalBytesRequested="1032" timestamp="2020-09-11T10:31:29.376" intervalms="2019.808" type="nursery" />
<cycle-start id="5275" type="scavenge" contextid="0" timestamp="2020-09-11T10:31:29.376" intervalms="2019.794" />
<gc-start id="5276" type="scavenge" contextid="5275" timestamp="2020-09-11T10:31:29.376">
  <mem-info id="5277" free="734571880" total="2821586944" percent="26">
    <mem type="nursery" free="0" total="939524096" percent="0">
      <mem type="allocate" free="0" total="803733504" percent="0" />
      <mem type="survivor" free="0" total="135790592" percent="0" />
    </mem>
    <mem type="tenure" free="734571880" total="1882062848" percent="39">
      <mem type="soa" free="678109544" total="1825600512" percent="37" />
      <mem type="loa" free="56462336" total="56462336" percent="100" />
    </mem>
    <remembered-set count="193480" />
  </mem-info>
</gc-start>
<allocation-stats totalBytes="687904176" >
  <allocated-bytes non-tlh="39027832" tlh="648876344" />
  <largest-consumer threadName="Group1.Backend.CompositeBackend{Tier1}.7" threadId="0000000000854300" bytes="122448112" />
</allocation-stats>
<gc-op id="5278" type="scavenge" timems="109.478" contextid="5275" timestamp="2020-09-11T10:31:29.486">
  <scavenger-info tenureage="3" tenuremask="7ff8" tiltratio="85" />
  <memory-copied type="nursery" objects="4071010" bytes="109164352" bytesdiscarded="178120" />
  <memory-copied type="tenure" objects="1093757" bytes="29394408" bytesdiscarded="97344" />
  <ownableSynchronizers candidates="4424" cleared="4161" />
  <references type="soft" candidates="189" cleared="0" enqueued="0" dynamicThreshold="17" maxThreshold="32" />
  <references type="weak" candidates="133" cleared="132" enqueued="0" />
</gc-op>
<gc-end id="5279" type="scavenge" contextid="5275" durationms="110.302" usertimems="808.821" systemtimems="0.198" timestamp="2020-09-11T10:31:29.486" activeThreads="8">
  <mem-info id="5280" free="1400685640" total="2821586944" percent="49">
    <mem type="nursery" free="695615744" total="939524096" percent="74">
      <mem type="allocate" free="695615744" total="805044224" percent="86" />
      <mem type="survivor" free="0" total="134479872" percent="0" />
    </mem>
    <mem type="tenure" free="705069896" total="1882062848" percent="37" macro-fragmented="0">
      <mem type="soa" free="648607560" total="1825600512" percent="35" />
      <mem type="loa" free="56462336" total="56462336" percent="100" />
    </mem>
    <remembered-set count="32825" />
  </mem-info>
</gc-end>
<cycle-end id="5281" type="scavenge" contextid="5275" timestamp="2020-09-11T10:31:29.488" />
<allocation-satisfied id="5282" threadId="0000000000854300" bytesRequested="1032" />
<af-end id="5283" timestamp="2020-09-11T10:31:29.488" threadId="0000000000854C80" success="true" from="nursery"/>
<exclusive-end id="5284" timestamp="2020-09-11T10:31:29.488" durationms="112.407" />

<exclusive-start id="5285" timestamp="2020-09-11T10:31:31.544" intervalms="2168.985">
  <response-info timems="0.743" idlems="0.518" threads="1" lastid="0000000000837900" lastname="Group1.Backend.CompositeBackend{Tier1}.8" />
</exclusive-start>
<af-start id="5286" threadId="0000000000A51080" totalBytesRequested="56" timestamp="2020-09-11T10:31:31.545" intervalms="2169.179" type="nursery" />
<cycle-start id="5287" type="scavenge" contextid="0" timestamp="2020-09-11T10:31:31.545" intervalms="2169.211" />
<gc-start id="5288" type="scavenge" contextid="5287" timestamp="2020-09-11T10:31:31.546">
  <mem-info id="5289" free="705069896" total="2821586944" percent="24">
    <mem type="nursery" free="0" total="939524096" percent="0">
      <mem type="allocate" free="0" total="805044224" percent="0" />
      <mem type="survivor" free="0" total="134479872" percent="0" />
    </mem>
    <mem type="tenure" free="705069896" total="1882062848" percent="37">
      <mem type="soa" free="648607560" total="1825600512" percent="35" />
      <mem type="loa" free="56462336" total="56462336" percent="100" />
    </mem>
    <remembered-set count="200083" />
  </mem-info>
</gc-start>
<allocation-stats totalBytes="695260608" >
  <allocated-bytes non-tlh="28022832" tlh="667237776" />
  <largest-consumer threadName="Group1.Backend.CompositeBackend{Tier1}.1" threadId="0000000000785E00" bytes="110126368" />
</allocation-stats>
<gc-op id="5290" type="scavenge" timems="116.771" contextid="5287" timestamp="2020-09-11T10:31:31.663">
  <scavenger-info tenureage="3" tenuremask="7ff8" tiltratio="85" />
  <memory-copied type="nursery" objects="4288267" bytes="114084328" bytesdiscarded="175600" />
  <memory-copied type="tenure" objects="1097121" bytes="29469728" bytesdiscarded="101336" />
  <ownableSynchronizers candidates="4565" cleared="4289" />
  <references type="soft" candidates="186" cleared="0" enqueued="0" dynamicThreshold="17" maxThreshold="32" />
  <references type="weak" candidates="107" cleared="106" enqueued="0" />
</gc-op>
<gc-end id="5291" type="scavenge" contextid="5287" durationms="117.720" usertimems="837.921" systemtimems="0.000" timestamp="2020-09-11T10:31:31.663" activeThreads="8">
  <mem-info id="5292" free="1366369808" total="2821586944" percent="48">
    <mem type="nursery" free="690962672" total="939524096" percent="73">
      <mem type="allocate" free="690962672" total="805306368" percent="85" />
      <mem type="survivor" free="0" total="134217728" percent="0" />
    </mem>
    <mem type="tenure" free="675407136" total="1882062848" percent="35" macro-fragmented="0">
      <mem type="soa" free="618944800" total="1825600512" percent="33" />
      <mem type="loa" free="56462336" total="56462336" percent="100" />
    </mem>
    <remembered-set count="33440" />
  </mem-info>
</gc-end>
<cycle-end id="5293" type="scavenge" contextid="5287" timestamp="2020-09-11T10:31:31.664" />
<allocation-satisfied id="5294" threadId="0000000000A50700" bytesRequested="56" />
<af-end id="5295" timestamp="2020-09-11T10:31:31.664" threadId="0000000000A51080" success="true" from="nursery"/>
<exclusive-end id="5296" timestamp="2020-09-11T10:31:31.665" durationms="120.412" />

<exclusive-start id="5297" timestamp="2020-09-11T10:31:33.619" intervalms="2074.652">
  <response-info timems="1.388" idlems="0.833" threads="1" lastid="0000000000843100" lastname="Group1.Backend.CompositeBackend{Tier1}.5" />
</exclusive-start>
<af-start id="5298" threadId="0000000000857180" totalBytesRequested="16" timestamp="2020-09-11T10:31:33.620" intervalms="2074.715" type="nursery" />
<cycle-start id="5299" type="scavenge" contextid="0" timestamp="2020-09-11T10:31:33.620" intervalms="2074.721" />
<gc-start id="5300" type="scavenge" contextid="5299" timestamp="2020-09-11T10:31:33.620">
  <mem-info id="5301" free="675407136" total="2821586944" percent="23">
    <mem type="nursery" free="0" total="939524096" percent="0">
      <mem type="allocate" free="0" total="805306368" percent="0" />
      <mem type="survivor" free="0" total="134217728" percent="0" />
    </mem>
    <mem type="tenure" free="675407136" total="1882062848" percent="35">
      <mem type="soa" free="618944800" total="1825600512" percent="33" />
      <mem type="loa" free="56462336" total="56462336" percent="100" />
    </mem>
    <remembered-set count="195484" />
  </mem-info>
</gc-start>
<allocation-stats totalBytes="690652880" >
  <allocated-bytes non-tlh="33421312" tlh="657231568" />
  <largest-consumer threadName="Group1.Backend.CompositeBackend{Tier1}.2" threadId="00000000007F6F00" bytes="122648296" />
</allocation-stats>
<gc-op id="5302" type="scavenge" timems="141.270" contextid="5299" timestamp="2020-09-11T10:31:33.762">
  <scavenger-info tenureage="3" tenuremask="7ff8" tiltratio="85" />
  <memory-copied type="nursery" objects="4543931" bytes="119967312" bytesdiscarded="218784" />
  <memory-copied type="tenure" objects="1125303" bytes="30227552" bytesdiscarded="127296" />
  <ownableSynchronizers candidates="3638" cleared="3356" />
  <references type="soft" candidates="178" cleared="0" enqueued="0" dynamicThreshold="17" maxThreshold="32" />
  <references type="weak" candidates="117" cleared="117" enqueued="0" />
</gc-op>
<gc-end id="5303" type="scavenge" contextid="5299" durationms="142.259" usertimems="1049.217" systemtimems="12.401" timestamp="2020-09-11T10:31:33.762" activeThreads="8">
  <mem-info id="5304" free="1324789504" total="2821586944" percent="46">
    <mem type="nursery" free="679598056" total="939524096" percent="72">
      <mem type="allocate" free="679598056" total="799866880" percent="84" />
      <mem type="survivor" free="0" total="139657216" percent="0" />
    </mem>
    <mem type="tenure" free="645191448" total="1882062848" percent="34" macro-fragmented="0">
      <mem type="soa" free="588729112" total="1825600512" percent="32" />
      <mem type="loa" free="56462336" total="56462336" percent="100" />
    </mem>
    <remembered-set count="32027" />
  </mem-info>
</gc-end>
<cycle-end id="5305" type="scavenge" contextid="5299" timestamp="2020-09-11T10:31:33.764" />
<allocation-satisfied id="5306" threadId="0000000000856800" bytesRequested="16" />
<af-end id="5307" timestamp="2020-09-11T10:31:33.764" threadId="0000000000857180" success="true" from="nursery"/>
<exclusive-end id="5308" timestamp="2020-09-11T10:31:33.764" durationms="144.972" />

<exclusive-start id="5309" timestamp="2020-09-11T10:31:35.613" intervalms="1994.526">
  <response-info timems="0.530" idlems="0.530" threads="0" lastid="0000000000837900" lastname="Group1.Backend.CompositeBackend{Tier1}.8" />
</exclusive-start>
<af-start id="5310" threadId="0000000000838280" totalBytesRequested="16" timestamp="2020-09-11T10:31:35.614" intervalms="1994.521" type="nursery" />
<cycle-start id="5311" type="scavenge" contextid="0" timestamp="2020-09-11T10:31:35.615" intervalms="1994.562" />
<gc-start id="5312" type="scavenge" contextid="5311" timestamp="2020-09-11T10:31:35.615">
  <mem-info id="5313" free="645191448" total="2821586944" percent="22">
    <mem type="nursery" free="0" total="939524096" percent="0">
      <mem type="allocate" free="0" total="799866880" percent="0" />
      <mem type="survivor" free="0" total="139657216" percent="0" />
    </mem>
    <mem type="tenure" free="645191448" total="1882062848" percent="34">
      <mem type="soa" free="588729112" total="1825600512" percent="32" />
      <mem type="loa" free="56462336" total="56462336" percent="100" />
    </mem>
    <remembered-set count="192250" />
  </mem-info>
</gc-start>
<allocation-stats totalBytes="679280224" >
  <allocated-bytes non-tlh="35369512" tlh="643910712" />
  <largest-consumer threadName="Group1.Backend.CompositeBackend{Tier1}.3" threadId="0000000000856800" bytes="111378848" />
</allocation-stats>
<gc-op id="5314" type="scavenge" timems="100.853" contextid="5311" timestamp="2020-09-11T10:31:35.716">
  <scavenger-info tenureage="3" tenuremask="7ff8" tiltratio="85" />
  <memory-copied type="nursery" objects="4263190" bytes="113914392" bytesdiscarded="188728" />
  <memory-copied type="tenure" objects="1047405" bytes="28131464" bytesdiscarded="95968" />
  <ownableSynchronizers candidates="3414" cleared="3150" />
  <references type="soft" candidates="182" cleared="0" enqueued="0" dynamicThreshold="17" maxThreshold="32" />
  <references type="weak" candidates="129" cleared="128" enqueued="0" />
</gc-op>
<gc-end id="5315" type="scavenge" contextid="5311" durationms="101.874" usertimems="757.389" systemtimems="5.465" timestamp="2020-09-11T10:31:35.717" activeThreads="8">
  <mem-info id="5316" free="1303628776" total="2821586944" percent="46">
    <mem type="nursery" free="686729968" total="939524096" percent="73">
      <mem type="allocate" free="686729968" total="800915456" percent="85" />
      <mem type="survivor" free="0" total="138608640" percent="0" />
    </mem>
    <mem type="tenure" free="616898808" total="1882062848" percent="32" macro-fragmented="0">
      <mem type="soa" free="560436472" total="1825600512" percent="30" />
      <mem type="loa" free="56462336" total="56462336" percent="100" />
    </mem>
    <remembered-set count="30964" />
  </mem-info>
</gc-end>
<cycle-end id="5317" type="scavenge" contextid="5311" timestamp="2020-09-11T10:31:35.718" />
<allocation-satisfied id="5318" threadId="0000000000837900" bytesRequested="16" />
<af-end id="5319" timestamp="2020-09-11T10:31:35.718" threadId="0000000000838280" success="true" from="nursery"/>
<exclusive-end id="5320" timestamp="2020-09-11T10:31:35.718" durationms="104.297" />

<exclusive-start id="5321" timestamp="2020-09-11T10:31:37.775" intervalms="2161.121">
  <response-info timems="5.697" idlems="5.678" threads="1" lastid="0000000000843100" lastname="Group1.Backend.CompositeBackend{Tier1}.5" />
</exclusive-start>
<af-start id="5322" threadId="0000000000786780" totalBytesRequested="32" timestamp="2020-09-11T10:31:37.775" intervalms="2160.893" type="nursery" />
<cycle-start id="5323" type="scavenge" contextid="0" timestamp="2020-09-11T10:31:37.775" intervalms="2160.831" />
<gc-start id="5324" type="scavenge" contextid="5323" timestamp="2020-09-11T10:31:37.776">
  <mem-info id="5325" free="616898808" total="2821586944" percent="21">
    <mem type="nursery" free="0" total="939524096" percent="0">
      <mem type="allocate" free="0" total="800915456" percent="0" />
      <mem type="survivor" free="0" total="138608640" percent="0" />
    </mem>
    <mem type="tenure" free="616898808" total="1882062848" percent="32">
      <mem type="soa" free="560436472" total="1825600512" percent="30" />
      <mem type="loa" free="56462336" total="56462336" percent="100" />
    </mem>
    <remembered-set count="195112" />
  </mem-info>
</gc-start>
<allocation-stats totalBytes="686380120" >
  <allocated-bytes non-tlh="27123472" tlh="659256648" />
  <largest-consumer threadName="Group1.Backend.CompositeBackend{Tier1}.2" threadId="00000000007F6F00" bytes="140041208" />
</allocation-stats>
<gc-op id="5326" type="scavenge" timems="155.128" contextid="5323" timestamp="2020-09-11T10:31:37.931">
  <scavenger-info tenureage="3" tenuremask="7ff8" tiltratio="85" />
  <memory-copied type="nursery" objects="4506258" bytes="119160072" bytesdiscarded="158272" />
  <memory-copied type="tenure" objects="1132939" bytes="30435064" bytesdiscarded="108096" />
  <ownableSynchronizers candidates="3955" cleared="3695" />
  <references type="soft" candidates="210" cleared="0" enqueued="0" dynamicThreshold="17" maxThreshold="32" />
  <references type="weak" candidates="113" cleared="113" enqueued="0" />
</gc-op>
<gc-end id="5327" type="scavenge" contextid="5323" durationms="156.373" usertimems="1036.860" systemtimems="14.705" timestamp="2020-09-11T10:31:37.932" activeThreads="8">
  <mem-info id="5328" free="1267247936" total="2821586944" percent="44">
    <mem type="nursery" free="680918520" total="939524096" percent="72">
      <mem type="allocate" free="680918520" total="800325632" percent="85" />
      <mem type="survivor" free="0" total="139198464" percent="0" />
    </mem>
    <mem type="tenure" free="586329416" total="1882062848" percent="31" macro-fragmented="0">
      <mem type="soa" free="529867080" total="1825600512" percent="29" />
      <mem type="loa" free="56462336" total="56462336" percent="100" />
    </mem>
    <remembered-set count="28644" />
  </mem-info>
</gc-end>
<cycle-end id="5329" type="scavenge" contextid="5323" timestamp="2020-09-11T10:31:37.934" />
<allocation-satisfied id="5330" threadId="0000000000785E00" bytesRequested="32" />
<af-end id="5331" timestamp="2020-09-11T10:31:37.934" threadId="0000000000786780" success="true" from="nursery"/>
<exclusive-end id="5332" timestamp="2020-09-11T10:31:37.934" durationms="159.775" />

<exclusive-start id="5333" timestamp="2020-09-11T10:31:39.777" intervalms="2002.681">
  <response-info timems="0.457" idlems="0.457" threads="0" lastid="0000000000843D00" lastname="Group1.Backend.CompositeBackend{Tier1}.6" />
</exclusive-start>
<af-start id="5334" threadId="0000000000844680" totalBytesRequested="24" timestamp="2020-09-11T10:31:39.778" intervalms="2002.701" type="nursery" />
<cycle-start id="5335" type="scavenge" contextid="0" timestamp="2020-09-11T10:31:39.778" intervalms="2002.706" />
<gc-start id="5336" type="scavenge" contextid="5335" timestamp="2020-09-11T10:31:39.778">
  <mem-info id="5337" free="586329416" total="2821586944" percent="20">
    <mem type="nursery" free="0" total="939524096" percent="0">
      <mem type="allocate" free="0" total="800325632" percent="0" />
      <mem type="survivor" free="0" total="139198464" percent="0" />
    </mem>
    <mem type="tenure" free="586329416" total="1882062848" percent="31">
      <mem type="soa" free="529867080" total="1825600512" percent="29" />
      <mem type="loa" free="56462336" total="56462336" percent="100" />
    </mem>
    <remembered-set count="187397" />
  </mem-info>
</gc-start>
<allocation-stats totalBytes="680588456" >
  <allocated-bytes non-tlh="38121456" tlh="642467000" />
  <largest-consumer threadName="Group1.Backend.CompositeBackend{Tier1}.7" threadId="0000000000854300" bytes="135824016" />
</allocation-stats>
<gc-op id="5338" type="scavenge" timems="107.274" contextid="5335" timestamp="2020-09-11T10:31:39.886">
  <scavenger-info tenureage="3" tenuremask="7ff8" tiltratio="85" />
  <memory-copied type="nursery" objects="4083399" bytes="109525512" bytesdiscarded="135976" />
  <memory-copied type="tenure" objects="1093983" bytes="29408688" bytesdiscarded="130760" />
  <ownableSynchronizers candidates="3400" cleared="3152" />
  <references type="soft" candidates="200" cleared="0" enqueued="0" dynamicThreshold="17" maxThreshold="32" />
  <references type="weak" candidates="124" cleared="123" enqueued="0" />
</gc-op>
<gc-end id="5339" type="scavenge" contextid="5335" durationms="108.227" usertimems="775.021" systemtimems="0.000" timestamp="2020-09-11T10:31:39.886" activeThreads="8">
  <mem-info id="5340" free="1248545192" total="2821586944" percent="44">
    <mem type="nursery" free="691694080" total="939524096" percent="73">
      <mem type="allocate" free="691694080" total="801439744" percent="86" />
      <mem type="survivor" free="0" total="138084352" percent="0" />
    </mem>
    <mem type="tenure" free="556851112" total="1882062848" percent="29" macro-fragmented="0">
      <mem type="soa" free="500388776" total="1825600512" percent="27" />
      <mem type="loa" free="56462336" total="56462336" percent="100" />
    </mem>
    <remembered-set count="27222" />
  </mem-info>
</gc-end>
<cycle-end id="5341" type="scavenge" contextid="5335" timestamp="2020-09-11T10:31:39.888" />
<allocation-satisfied id="5342" threadId="0000000000843D00" bytesRequested="24" />
<af-end id="5343" timestamp="2020-09-11T10:31:39.888" threadId="0000000000844680" success="true" from="nursery"/>
<exclusive-end id="5344" timestamp="2020-09-11T10:31:39.888" durationms="110.854" />

<exclusive-start id="5345" timestamp="2020-09-11T10:31:41.911" intervalms="2133.976">
  <response-info timems="0.413" idlems="0.413" threads="0" lastid="0000000000843100" lastname="Group1.Backend.CompositeBackend{Tier1}.5" />
</exclusive-start>
<af-start id="5346" threadId="0000000000843A80" totalBytesRequested="24" timestamp="2020-09-11T10:31:41.912" intervalms="2134.066" type="nursery" />
<cycle-start id="5347" type="scavenge" contextid="0" timestamp="2020-09-11T10:31:41.912" intervalms="2134.057" />
<gc-start id="5348" type="scavenge" contextid="5347" timestamp="2020-09-11T10:31:41.912">
  <mem-info id="5349" free="556851112" total="2821586944" percent="19">
    <mem type="nursery" free="0" total="939524096" percent="0">
      <mem type="allocate" free="0" total="801439744" percent="0" />
      <mem type="survivor" free="0" total="138084352" percent="0" />
    </mem>
    <mem type="tenure" free="556851112" total="1882062848" percent="29">
      <mem type="soa" free="500388776" total="1825600512" percent="27" />
      <mem type="loa" free="56462336" total="56462336" percent="100" />
    </mem>
    <remembered-set count="192554" />
  </mem-info>
</gc-start>
<allocation-stats totalBytes="691358416" >
  <allocated-bytes non-tlh="28349240" tlh="663009176" />
  <largest-consumer threadName="Group1.Backend.CompositeBackend{Tier1}.6" threadId="0000000000843D00" bytes="100807160" />
</allocation-stats>
<gc-op id="5350" type="scavenge" timems="125.165" contextid="5347" timestamp="2020-09-11T10:31:42.038">
  <scavenger-info tenureage="3" tenuremask="7ff8" tiltratio="85" />
  <memory-copied type="nursery" objects="4363315" bytes="116157760" bytesdiscarded="395592" />
  <memory-copied type="tenure" objects="1069518" bytes="28773256" bytesdiscarded="104320" />
  <ownableSynchronizers candidates="4074" cleared="3823" />
  <references type="soft" candidates="203" cleared="0" enqueued="0" dynamicThreshold="17" maxThreshold="32" />
  <references type="weak" candidates="93" cleared="93" enqueued="0" />
</gc-op>
<gc-end id="5351" type="scavenge" contextid="5347" durationms="126.304" usertimems="908.189" systemtimems="7.198" timestamp="2020-09-11T10:31:42.039" activeThreads="8">
  <mem-info id="5352" free="1212922400" total="2821586944" percent="42">
    <mem type="nursery" free="684925216" total="939524096" percent="72">
      <mem type="allocate" free="684925216" total="801570816" percent="85" />
      <mem type="survivor" free="0" total="137953280" percent="0" />
    </mem>
    <mem type="tenure" free="527997184" total="1882062848" percent="28" macro-fragmented="0">
      <mem type="soa" free="471534848" total="1825600512" percent="25" />
      <mem type="loa" free="56462336" total="56462336" percent="100" />
    </mem>
    <remembered-set count="28742" />
  </mem-info>
</gc-end>
<cycle-end id="5353" type="scavenge" contextid="5347" timestamp="2020-09-11T10:31:42.043" />
<allocation-satisfied id="5354" threadId="0000000000843100" bytesRequested="24" />
<af-end id="5355" timestamp="2020-09-11T10:31:42.043" threadId="0000000000843A80" success="true" from="nursery"/>
<exclusive-end id="5356" timestamp="2020-09-11T10:31:42.043" durationms="131.639" />

<exclusive-start id="5357" timestamp="2020-09-11T10:31:43.995" intervalms="2084.013">
  <response-info timems="1.318" idlems="1.318" threads="0" lastid="0000000000843D00" lastname="Group1.Backend.CompositeBackend{Tier1}.6" />
</exclusive-start>
<af-start id="5358" threadId="0000000000844680" totalBytesRequested="1032" timestamp="2020-09-11T10:31:43.996" intervalms="2084.018" type="nursery" />
<cycle-start id="5359" type="scavenge" contextid="0" timestamp="2020-09-11T10:31:43.996" intervalms="2084.072" />
<gc-start id="5360" type="scavenge" contextid="5359" timestamp="2020-09-11T10:31:43.997">
  <mem-info id="5361" free="527997184" total="2821586944" percent="18">
    <mem type="nursery" free="0" total="939524096" percent="0">
      <mem type="allocate" free="0" total="801570816" percent="0" />
      <mem type="survivor" free="0" total="137953280" percent="0" />
    </mem>
    <mem type="tenure" free="527997184" total="1882062848" percent="28">
      <mem type="soa" free="471534848" total="1825600512" percent="25" />
      <mem type="loa" free="56462336" total="56462336" percent="100" />
    </mem>
    <remembered-set count="192338" />
  </mem-info>
</gc-start>
<allocation-stats totalBytes="684589536" >
  <allocated-bytes non-tlh="31422504" tlh="653167032" />
  <largest-consumer threadName="Group1.Backend.CompositeBackend{Tier1}.2" threadId="00000000007F6F00" bytes="107223464" />
</allocation-stats>
<gc-op id="5362" type="scavenge" timems="109.732" contextid="5359" timestamp="2020-09-11T10:31:44.106">
  <scavenger-info tenureage="3" tenuremask="7ff8" tiltratio="85" />
  <memory-copied type="nursery" objects="4128136" bytes="110613160" bytesdiscarded="186696" />
  <memory-copied type="tenure" objects="1108406" bytes="29822296" bytesdiscarded="111424" />
  <ownableSynchronizers candidates="4159" cleared="3891" />
  <references type="soft" candidates="179" cleared="0" enqueued="0" dynamicThreshold="17" maxThreshold="32" />
  <references type="weak" candidates="131" cleared="131" enqueued="0" />
</gc-op>
<gc-end id="5363" type="scavenge" contextid="5359" durationms="110.767" usertimems="821.354" systemtimems="0.000" timestamp="2020-09-11T10:31:44.107" activeThreads="8">
  <mem-info id="5364" free="1190291624" total="2821586944" percent="42">
    <mem type="nursery" free="692263928" total="939524096" percent="73">
      <mem type="allocate" free="692263928" total="803143680" percent="86" />
      <mem type="survivor" free="0" total="136380416" percent="0" />
    </mem>
    <mem type="tenure" free="498027696" total="1882062848" percent="26" macro-fragmented="0">
      <mem type="soa" free="441565360" total="1825600512" percent="24" />
      <mem type="loa" free="56462336" total="56462336" percent="100" />
    </mem>
    <remembered-set count="30768" />
  </mem-info>
</gc-end>
<cycle-end id="5365" type="scavenge" contextid="5359" timestamp="2020-09-11T10:31:44.111" />
<allocation-satisfied id="5366" threadId="0000000000843D00" bytesRequested="1032" />
<af-end id="5367" timestamp="2020-09-11T10:31:44.112" threadId="0000000000844680" success="true" from="nursery"/>
<exclusive-end id="5368" timestamp="2020-09-11T10:31:44.112" durationms="116.317" />

<exclusive-start id="5369" timestamp="2020-09-11T10:31:46.050" intervalms="2055.229">
  <response-info timems="0.722" idlems="0.370" threads="1" lastid="0000000000842600" lastname="Group1.Backend.CompositeBackend{Tier1}.4" />
</exclusive-start>
<af-start id="5370" threadId="0000000000844680" totalBytesRequested="16" timestamp="2020-09-11T10:31:46.051" intervalms="2055.183" type="nursery" />
<cycle-start id="5371" type="scavenge" contextid="0" timestamp="2020-09-11T10:31:46.051" intervalms="2055.170" />
<gc-start id="5372" type="scavenge" contextid="5371" timestamp="2020-09-11T10:31:46.052">
  <mem-info id="5373" free="498027696" total="2821586944" percent="17">
    <mem type="nursery" free="0" total="939524096" percent="0">
      <mem type="allocate" free="0" total="803143680" percent="0" />
      <mem type="survivor" free="0" total="136380416" percent="0" />
    </mem>
    <mem type="tenure" free="498027696" total="1882062848" percent="26">
      <mem type="soa" free="441565360" total="1825600512" percent="24" />
      <mem type="loa" free="56462336" total="56462336" percent="100" />
    </mem>
    <remembered-set count="192644" />
  </mem-info>
</gc-start>
<allocation-stats totalBytes="691942496" >
  <allocated-bytes non-tlh="36956288" tlh="654986208" />
  <largest-consumer threadName="Group1.Backend.CompositeBackend{Tier1}.7" threadId="0000000000854300" bytes="92075080" />
</allocation-stats>
<gc-op id="5374" type="scavenge" timems="105.211" contextid="5371" timestamp="2020-09-11T10:31:46.157">
  <scavenger-info tenureage="3" tenuremask="7ff8" tiltratio="85" />
  <memory-copied type="nursery" objects="4142375" bytes="111143440" bytesdiscarded="314680" />
  <memory-copied type="tenure" objects="1057074" bytes="28431376" bytesdiscarded="108568" />
  <ownableSynchronizers candidates="3811" cleared="3555" />
  <references type="soft" candidates="182" cleared="0" enqueued="0" dynamicThreshold="17" maxThreshold="32" />
  <references type="weak" candidates="99" cleared="99" enqueued="0" />
</gc-op>
<gc-end id="5375" type="scavenge" contextid="5371" durationms="106.151" usertimems="832.153" systemtimems="0.000" timestamp="2020-09-11T10:31:46.158" activeThreads="8">
  <mem-info id="5376" free="1163323040" total="2821586944" percent="41">
    <mem type="nursery" free="693831152" total="939524096" percent="73">
      <mem type="allocate" free="693831152" total="805371904" percent="86" />
      <mem type="survivor" free="0" total="134152192" percent="0" />
    </mem>
    <mem type="tenure" free="469491888" total="1882062848" percent="24" macro-fragmented="0">
      <mem type="soa" free="413029552" total="1825600512" percent="22" />
      <mem type="loa" free="56462336" total="56462336" percent="100" />
    </mem>
    <remembered-set count="32659" />
  </mem-info>
</gc-end>
<cycle-end id="5377" type="scavenge" contextid="5371" timestamp="2020-09-11T10:31:46.162" />
<allocation-satisfied id="5378" threadId="0000000000843D00" bytesRequested="16" />
<af-end id="5379" timestamp="2020-09-11T10:31:46.162" threadId="0000000000844680" success="true" from="nursery"/>
<exclusive-end id="5380" timestamp="2020-09-11T10:31:46.162" durationms="111.304" />

<exclusive-start id="5381" timestamp="2020-09-11T10:31:48.102" intervalms="2051.116">
  <response-info timems="0.820" idlems="0.820" threads="0" lastid="0000000000837900" lastname="Group1.Backend.CompositeBackend{Tier1}.8" />
</exclusive-start>
<af-start id="5382" threadId="0000000000838280" totalBytesRequested="131080" timestamp="2020-09-11T10:31:48.102" intervalms="2051.183" type="nursery" />
<cycle-start id="5383" type="scavenge" contextid="0" timestamp="2020-09-11T10:31:48.103" intervalms="2051.163" />
<gc-start id="5384" type="scavenge" contextid="5383" timestamp="2020-09-11T10:31:48.103">
  <mem-info id="5385" free="469491888" total="2821586944" percent="16">
    <mem type="nursery" free="0" total="939524096" percent="0">
      <mem type="allocate" free="0" total="805371904" percent="0" />
      <mem type="survivor" free="0" total="134152192" percent="0" />
    </mem>
    <mem type="tenure" free="469491888" total="1882062848" percent="24">
      <mem type="soa" free="413029552" total="1825600512" percent="22" />
      <mem type="loa" free="56462336" total="56462336" percent="100" />
    </mem>
    <remembered-set count="196845" />
  </mem-info>
</gc-start>
<allocation-stats totalBytes="693494848" >
  <allocated-bytes non-tlh="32721152" tlh="660773696" />
  <largest-consumer threadName="Group1.Backend.CompositeBackend{Tier1}.3" threadId="0000000000856800" bytes="99907136" />
</allocation-stats>
<gc-op id="5386" type="scavenge" timems="124.313" contextid="5383" timestamp="2020-09-11T10:31:48.227">
  <scavenger-info tenureage="3" tenuremask="7ff8" tiltratio="85" />
  <memory-copied type="nursery" objects="4359828" bytes="115962416" bytesdiscarded="278728" />
  <memory-copied type="tenure" objects="1120335" bytes="30120440" bytesdiscarded="118984" />
  <ownableSynchronizers candidates="3948" cleared="3687" />
  <references type="soft" candidates="175" cleared="0" enqueued="0" dynamicThreshold="17" maxThreshold="32" />
  <references type="weak" candidates="127" cleared="127" enqueued="0" />
</gc-op>
<gc-end id="5387" type="scavenge" contextid="5383" durationms="125.496" usertimems="953.170" systemtimems="6.984" timestamp="2020-09-11T10:31:48.228" activeThreads="8">
  <mem-info id="5388" free="1127352280" total="2821586944" percent="39">
    <mem type="nursery" free="688129608" total="939524096" percent="73">
      <mem type="allocate" free="688129608" total="804454400" percent="85" />
      <mem type="survivor" free="0" total="135069696" percent="0" />
    </mem>
    <mem type="tenure" free="439222672" total="1882062848" percent="23" macro-fragmented="0">
      <mem type="soa" free="382760336" total="1825600512" percent="20" />
      <mem type="loa" free="56462336" total="56462336" percent="100" />
    </mem>
    <remembered-set count="33800" />
  </mem-info>
</gc-end>
<cycle-end id="5389" type="scavenge" contextid="5383" timestamp="2020-09-11T10:31:48.233" />
<allocation-satisfied id="5390" threadId="0000000000837900" bytesRequested="131080" />
<af-end id="5391" timestamp="2020-09-11T10:31:48.233" threadId="0000000000838280" success="true" from="nursery"/>
<exclusive-end id="5392" timestamp="2020-09-11T10:31:48.233" durationms="131.741" />

<exclusive-start id="5393" timestamp="2020-09-11T10:31:50.228" intervalms="2126.738">
  <response-info timems="0.280" idlems="0.145" threads="1" lastid="0000000000785E00" lastname="Group1.Backend.CompositeBackend{Tier1}.1" />
</exclusive-start>
<af-start id="5394" threadId="0000000000843A80" totalBytesRequested="16" timestamp="2020-09-11T10:31:50.229" intervalms="2126.646" type="nursery" />
<cycle-start id="5395" type="scavenge" contextid="0" timestamp="2020-09-11T10:31:50.229" intervalms="2126.620" />
<gc-start id="5396" type="scavenge" contextid="5395" timestamp="2020-09-11T10:31:50.229">
  <mem-info id="5397" free="439222672" total="2821586944" percent="15">
    <mem type="nursery" free="0" total="939524096" percent="0">
      <mem type="allocate" free="0" total="804454400" percent="0" />
      <mem type="survivor" free="0" total="135069696" percent="0" />
    </mem>
    <mem type="tenure" free="439222672" total="1882062848" percent="23">
      <mem type="soa" free="382760336" total="1825600512" percent="20" />
      <mem type="loa" free="56462336" total="56462336" percent="100" />
    </mem>
    <remembered-set count="197898" />
  </mem-info>
</gc-start>
<allocation-stats totalBytes="687796160" >
  <allocated-bytes non-tlh="30203104" tlh="657593056" />
  <largest-consumer threadName="Group1.Backend.CompositeBackend{Tier1}.6" threadId="0000000000843D00" bytes="98624352" />
</allocation-stats>
<gc-op id="5398" type="scavenge" timems="107.707" contextid="5395" timestamp="2020-09-11T10:31:50.337">
  <scavenger-info tenureage="3" tenuremask="7ff8" tiltratio="85" />
  <memory-copied type="nursery" objects="4217073" bytes="112605016" bytesdiscarded="162024" />
  <memory-copied type="tenure" objects="1086601" bytes="29174256" bytesdiscarded="117272" />
  <ownableSynchronizers candidates="4356" cleared="4091" />
  <references type="soft" candidates="184" cleared="0" enqueued="0" dynamicThreshold="17" maxThreshold="32" />
  <references type="weak" candidates="107" cleared="107" enqueued="0" />
</gc-op>
<gc-end id="5399" type="scavenge" contextid="5395" durationms="108.620" usertimems="799.328" systemtimems="3.352" timestamp="2020-09-11T10:31:50.338" activeThreads="8">
  <mem-info id="5400" free="1102560224" total="2821586944" percent="39">
    <mem type="nursery" free="692648664" total="939524096" percent="73">
      <mem type="allocate" free="692648664" total="805502976" percent="85" />
      <mem type="survivor" free="0" total="134021120" percent="0" />
    </mem>
    <mem type="tenure" free="409911560" total="1882062848" percent="21" macro-fragmented="0">
      <mem type="soa" free="353449224" total="1825600512" percent="19" />
      <mem type="loa" free="56462336" total="56462336" percent="100" />
    </mem>
    <remembered-set count="31421" />
  </mem-info>
</gc-end>
<cycle-end id="5401" type="scavenge" contextid="5395" timestamp="2020-09-11T10:31:50.339" />
<allocation-satisfied id="5402" threadId="0000000000843100" bytesRequested="16" />
<af-end id="5403" timestamp="2020-09-11T10:31:50.339" threadId="0000000000843A80" success="true" from="nursery"/>
<exclusive-end id="5404" timestamp="2020-09-11T10:31:50.339" durationms="110.703" />

<exclusive-start id="5405" timestamp="2020-09-11T10:31:52.335" intervalms="2106.620">
  <response-info timems="0.768" idlems="0.278" threads="2" lastid="0000000000842600" lastname="Group1.Backend.CompositeBackend{Tier1}.4" />
</exclusive-start>
<af-start id="5406" threadId="0000000000A54C80" totalBytesRequested="80" timestamp="2020-09-11T10:31:52.336" intervalms="2106.721" type="nursery" />
<cycle-start id="5407" type="scavenge" contextid="0" timestamp="2020-09-11T10:31:52.336" intervalms="2106.745" />
<gc-start id="5408" type="scavenge" contextid="5407" timestamp="2020-09-11T10:31:52.336">
  <mem-info id="5409" free="409911560" total="2821586944" percent="14">
    <mem type="nursery" free="0" total="939524096" percent="0">
      <mem type="allocate" free="0" total="805502976" percent="0" />
      <mem type="survivor" free="0" total="134021120" percent="0" />
    </mem>
    <mem type="tenure" free="409911560" total="1882062848" percent="21">
      <mem type="soa" free="353449224" total="1825600512" percent="19" />
      <mem type="loa" free="56462336" total="56462336" percent="100" />
    </mem>
    <remembered-set count="193991" />
  </mem-info>
</gc-start>
<allocation-stats totalBytes="692305208" >
  <allocated-bytes non-tlh="32702656" tlh="659602552" />
  <largest-consumer threadName="Group1.Backend.CompositeBackend{Tier1}.2" threadId="00000000007F6F00" bytes="90998152" />
</allocation-stats>
<gc-op id="5410" type="scavenge" timems="109.504" contextid="5407" timestamp="2020-09-11T10:31:52.446">
  <scavenger-info tenureage="3" tenuremask="7ff8" tiltratio="85" />
  <memory-copied type="nursery" objects="4095853" bytes="109894856" bytesdiscarded="281960" />
  <memory-copied type="tenure" objects="1076134" bytes="29057032" bytesdiscarded="130160" />
  <ownableSynchronizers candidates="3340" cleared="3087" />
  <references type="soft" candidates="195" cleared="0" enqueued="0" dynamicThreshold="17" maxThreshold="32" />
  <references type="weak" candidates="119" cleared="118" enqueued="0" />
</gc-op>
<gc-end id="5411" type="scavenge" contextid="5407" durationms="110.618" usertimems="807.129" systemtimems="0.469" timestamp="2020-09-11T10:31:52.447" activeThreads="8">
  <mem-info id="5412" free="1077555336" total="2821586944" percent="38">
    <mem type="nursery" free="696811008" total="939524096" percent="74">
      <mem type="allocate" free="696811008" total="807075840" percent="86" />
      <mem type="survivor" free="0" total="132448256" percent="0" />
    </mem>
    <mem type="tenure" free="380744328" total="1882062848" percent="20" macro-fragmented="0">
      <mem type="soa" free="324281992" total="1825600512" percent="17" />
      <mem type="loa" free="56462336" total="56462336" percent="100" />
    </mem>
    <remembered-set count="30368" />
  </mem-info>
</gc-end>
<cycle-end id="5413" type="scavenge" contextid="5407" timestamp="2020-09-11T10:31:52.448" />
<allocation-satisfied id="5414" threadId="0000000000A54300" bytesRequested="80" />
<af-end id="5415" timestamp="2020-09-11T10:31:52.448" threadId="0000000000A54C80" success="true" from="nursery"/>
<exclusive-end id="5416" timestamp="2020-09-11T10:31:52.448" durationms="113.533" />

<exclusive-start id="5417" timestamp="2020-09-11T10:31:54.467" intervalms="2131.804">
  <response-info timems="1.058" idlems="1.058" threads="0" lastid="0000000000837900" lastname="Group1.Backend.CompositeBackend{Tier1}.8" />
</exclusive-start>
<af-start id="5418" threadId="0000000000838280" totalBytesRequested="24" timestamp="2020-09-11T10:31:54.468" intervalms="2131.813" type="nursery" />
<cycle-start id="5419" type="scavenge" contextid="0" timestamp="2020-09-11T10:31:54.468" intervalms="2131.857" />
<gc-start id="5420" type="scavenge" contextid="5419" timestamp="2020-09-11T10:31:54.468">
  <mem-info id="5421" free="380744328" total="2821586944" percent="13">
    <mem type="nursery" free="0" total="939524096" percent="0">
      <mem type="allocate" free="0" total="807075840" percent="0" />
      <mem type="survivor" free="0" total="132448256" percent="0" />
    </mem>
    <mem type="tenure" free="380744328" total="1882062848" percent="20">
      <mem type="soa" free="324281992" total="1825600512" percent="17" />
      <mem type="loa" free="56462336" total="56462336" percent="100" />
    </mem>
    <remembered-set count="191931" />
  </mem-info>
</gc-start>
<allocation-stats totalBytes="696482008" >
  <allocated-bytes non-tlh="34168648" tlh="662313360" />
  <largest-consumer threadName="Group1.Backend.CompositeBackend{Tier1}.5" threadId="0000000000843100" bytes="92485920" />
</allocation-stats>
<gc-op id="5422" type="scavenge" timems="115.745" contextid="5419" timestamp="2020-09-11T10:31:54.584">
  <scavenger-info tenureage="3" tenuremask="7ff8" tiltratio="85" />
  <memory-copied type="nursery" objects="4291410" bytes="114270072" bytesdiscarded="292208" />
  <memory-copied type="tenure" objects="1101357" bytes="29596824" bytesdiscarded="138616" />
  <ownableSynchronizers candidates="4480" cleared="4222" />
  <references type="soft" candidates="191" cleared="0" enqueued="0" dynamicThreshold="17" maxThreshold="32" />
  <references type="weak" candidates="103" cleared="102" enqueued="0" />
</gc-op>
<gc-end id="5423" type="scavenge" contextid="5419" durationms="116.969" usertimems="907.037" systemtimems="0.000" timestamp="2020-09-11T10:31:54.585" activeThreads="8">
  <mem-info id="5424" free="1043096584" total="2821586944" percent="36">
    <mem type="nursery" free="692040984" total="939524096" percent="73">
      <mem type="allocate" free="692040984" total="806682624" percent="85" />
      <mem type="survivor" free="0" total="132841472" percent="0" />
    </mem>
    <mem type="tenure" free="351055600" total="1882062848" percent="18" macro-fragmented="0">
      <mem type="soa" free="294593264" total="1825600512" percent="16" />
      <mem type="loa" free="56462336" total="56462336" percent="100" />
    </mem>
    <remembered-set count="28439" />
  </mem-info>
</gc-end>
<cycle-end id="5425" type="scavenge" contextid="5419" timestamp="2020-09-11T10:31:54.587" />
<allocation-satisfied id="5426" threadId="0000000000837900" bytesRequested="24" />
<af-end id="5427" timestamp="2020-09-11T10:31:54.587" threadId="0000000000838280" success="true" from="nursery"/>
<exclusive-end id="5428" timestamp="2020-09-11T10:31:54.587" durationms="120.523" />

<exclusive-start id="5429" timestamp="2020-09-11T10:31:56.567" intervalms="2100.243">
  <response-info timems="0.532" idlems="0.532" threads="0" lastid="0000000000842600" lastname="Group1.Backend.CompositeBackend{Tier1}.4" />
</exclusive-start>
<af-start id="5430" threadId="0000000000842F80" totalBytesRequested="65544" timestamp="2020-09-11T10:31:56.568" intervalms="2100.155" type="nursery" />
<cycle-start id="5431" type="scavenge" contextid="0" timestamp="2020-09-11T10:31:56.568" intervalms="2100.099" />
<gc-start id="5432" type="scavenge" contextid="5431" timestamp="2020-09-11T10:31:56.568">
  <mem-info id="5433" free="351055600" total="2821586944" percent="12">
    <mem type="nursery" free="0" total="939524096" percent="0">
      <mem type="allocate" free="0" total="806682624" percent="0" />
      <mem type="survivor" free="0" total="132841472" percent="0" />
    </mem>
    <mem type="tenure" free="351055600" total="1882062848" percent="18">
      <mem type="soa" free="294593264" total="1825600512" percent="16" />
      <mem type="loa" free="56462336" total="56462336" percent="100" />
    </mem>
    <remembered-set count="191262" />
  </mem-info>
</gc-start>
<allocation-stats totalBytes="691719448" >
  <allocated-bytes non-tlh="33549464" tlh="658169984" />
  <largest-consumer threadName="Group1.Backend.CompositeBackend{Tier1}.2" threadId="00000000007F6F00" bytes="95990600" />
</allocation-stats>
<gc-op id="5434" type="scavenge" timems="118.527" contextid="5431" timestamp="2020-09-11T10:31:56.687">
  <scavenger-info tenureage="3" tenuremask="7ff8" tiltratio="85" />
  <memory-copied type="nursery" objects="4404556" bytes="116651184" bytesdiscarded="212384" />
  <memory-copied type="tenure" objects="1100647" bytes="29577712" bytesdiscarded="136176" />
  <ownableSynchronizers candidates="3877" cleared="3620" />
  <references type="soft" candidates="172" cleared="0" enqueued="0" dynamicThreshold="17" maxThreshold="32" />
  <references type="weak" candidates="117" cleared="117" enqueued="0" />
</gc-op>
<gc-end id="5435" type="scavenge" contextid="5431" durationms="120.547" usertimems="904.525" systemtimems="11.633" timestamp="2020-09-11T10:31:56.689" activeThreads="8">
  <mem-info id="5436" free="1010711264" total="2821586944" percent="35">
    <mem type="nursery" free="689345272" total="939524096" percent="73">
      <mem type="allocate" free="689345272" total="806289408" percent="85" />
      <mem type="survivor" free="0" total="133234688" percent="0" />
    </mem>
    <mem type="tenure" free="321365992" total="1882062848" percent="17" macro-fragmented="0">
      <mem type="soa" free="264903656" total="1825600512" percent="14" />
      <mem type="loa" free="56462336" total="56462336" percent="100" />
    </mem>
    <remembered-set count="28148" />
  </mem-info>
</gc-end>
<cycle-end id="5437" type="scavenge" contextid="5431" timestamp="2020-09-11T10:31:56.690" />
<allocation-satisfied id="5438" threadId="0000000000842600" bytesRequested="65544" />
<af-end id="5439" timestamp="2020-09-11T10:31:56.690" threadId="0000000000842F80" success="true" from="nursery"/>
<exclusive-end id="5440" timestamp="2020-09-11T10:31:56.690" durationms="123.463" />

<exclusive-start id="5441" timestamp="2020-09-11T10:31:58.627" intervalms="2059.870">
  <response-info timems="0.913" idlems="0.913" threads="0" lastid="0000000000856800" lastname="Group1.Backend.CompositeBackend{Tier1}.3" />
</exclusive-start>
<af-start id="5442" threadId="0000000000857180" totalBytesRequested="32" timestamp="2020-09-11T10:31:58.628" intervalms="2059.946" type="nursery" />
<cycle-start id="5443" type="scavenge" contextid="0" timestamp="2020-09-11T10:31:58.628" intervalms="2059.975" />
<gc-start id="5444" type="scavenge" contextid="5443" timestamp="2020-09-11T10:31:58.628">
  <mem-info id="5445" free="321365992" total="2821586944" percent="11">
    <mem type="nursery" free="0" total="939524096" percent="0">
      <mem type="allocate" free="0" total="806289408" percent="0" />
      <mem type="survivor" free="0" total="133234688" percent="0" />
    </mem>
    <mem type="tenure" free="321365992" total="1882062848" percent="17">
      <mem type="soa" free="264903656" total="1825600512" percent="14" />
      <mem type="loa" free="56462336" total="56462336" percent="100" />
    </mem>
    <remembered-set count="192098" />
  </mem-info>
</gc-start>
<allocation-stats totalBytes="689017256" >
  <allocated-bytes non-tlh="29982808" tlh="659034448" />
  <largest-consumer threadName="Group1.Backend.CompositeBackend{Tier1}.7" threadId="0000000000854300" bytes="102525960" />
</allocation-stats>
<gc-op id="5446" type="scavenge" timems="111.152" contextid="5443" timestamp="2020-09-11T10:31:58.739">
  <scavenger-info tenureage="3" tenuremask="7ff8" tiltratio="85" />
  <memory-copied type="nursery" objects="4420644" bytes="116928920" bytesdiscarded="177280" />
  <memory-copied type="tenure" objects="1088340" bytes="29266760" bytesdiscarded="135736" />
  <ownableSynchronizers candidates="4150" cleared="3892" />
  <references type="soft" candidates="173" cleared="0" enqueued="0" dynamicThreshold="17" maxThreshold="32" />
  <references type="weak" candidates="113" cleared="113" enqueued="0" />
</gc-op>
<gc-end id="5447" type="scavenge" contextid="5443" durationms="112.319" usertimems="841.922" systemtimems="0.193" timestamp="2020-09-11T10:31:58.740" activeThreads="8">
  <mem-info id="5448" free="982583016" total="2821586944" percent="34">
    <mem type="nursery" free="690671600" total="939524096" percent="73">
      <mem type="allocate" free="690671600" total="807862272" percent="85" />
      <mem type="survivor" free="0" total="131661824" percent="0" />
    </mem>
    <mem type="tenure" free="291911416" total="1882062848" percent="15" macro-fragmented="0">
      <mem type="soa" free="235449080" total="1825600512" percent="12" />
      <mem type="loa" free="56462336" total="56462336" percent="100" />
    </mem>
    <remembered-set count="29735" />
  </mem-info>
</gc-end>
<cycle-end id="5449" type="scavenge" contextid="5443" timestamp="2020-09-11T10:31:58.745" />
<allocation-satisfied id="5450" threadId="0000000000856800" bytesRequested="32" />
<af-end id="5451" timestamp="2020-09-11T10:31:58.745" threadId="0000000000857180" success="true" from="nursery"/>
<exclusive-end id="5452" timestamp="2020-09-11T10:31:58.745" durationms="118.255" />

<exclusive-start id="5453" timestamp="2020-09-11T10:32:00.722" intervalms="2095.385">
  <response-info timems="0.493" idlems="0.493" threads="0" lastid="00000000007F6F00" lastname="Group1.Backend.CompositeBackend{Tier1}.2" />
</exclusive-start>
<af-start id="5454" threadId="00000000007F7880" totalBytesRequested="24" timestamp="2020-09-11T10:32:00.723" intervalms="2095.234" type="nursery" />
<cycle-start id="5455" type="scavenge" contextid="0" timestamp="2020-09-11T10:32:00.723" intervalms="2095.191" />
<gc-start id="5456" type="scavenge" contextid="5455" timestamp="2020-09-11T10:32:00.723">
  <mem-info id="5457" free="291911416" total="2821586944" percent="10">
    <mem type="nursery" free="0" total="939524096" percent="0">
      <mem type="allocate" free="0" total="807862272" percent="0" />
      <mem type="survivor" free="0" total="131661824" percent="0" />
    </mem>
    <mem type="tenure" free="291911416" total="1882062848" percent="15">
      <mem type="soa" free="235449080" total="1825600512" percent="12" />
      <mem type="loa" free="56462336" total="56462336" percent="100" />
    </mem>
    <remembered-set count="192637" />
  </mem-info>
</gc-start>
<allocation-stats totalBytes="690340792" >
  <allocated-bytes non-tlh="33285544" tlh="657055248" />
  <largest-consumer threadName="Group1.Backend.CompositeBackend{Tier1}.3" threadId="0000000000856800" bytes="102340112" />
</allocation-stats>
<gc-op id="5458" type="scavenge" timems="133.560" contextid="5455" timestamp="2020-09-11T10:32:00.857">
  <scavenger-info tenureage="3" tenuremask="7ff8" tiltratio="85" />
  <memory-copied type="nursery" objects="4466123" bytes="117960904" bytesdiscarded="259712" />
  <memory-copied type="tenure" objects="1092233" bytes="29370040" bytesdiscarded="141592" />
  <ownableSynchronizers candidates="3742" cleared="3485" />
  <references type="soft" candidates="170" cleared="0" enqueued="0" dynamicThreshold="17" maxThreshold="32" />
  <references type="weak" candidates="118" cleared="118" enqueued="0" />
</gc-op>
<gc-end id="5459" type="scavenge" contextid="5455" durationms="134.796" usertimems="988.062" systemtimems="1.473" timestamp="2020-09-11T10:32:00.858" activeThreads="8">
  <mem-info id="5460" free="950654440" total="2821586944" percent="33">
    <mem type="nursery" free="688246240" total="939524096" percent="73">
      <mem type="allocate" free="688246240" total="806551552" percent="85" />
      <mem type="survivor" free="0" total="132972544" percent="0" />
    </mem>
    <mem type="tenure" free="262408200" total="1882062848" percent="13" macro-fragmented="0">
      <mem type="soa" free="205945864" total="1825600512" percent="11" />
      <mem type="loa" free="56462336" total="56462336" percent="100" />
    </mem>
    <remembered-set count="29901" />
  </mem-info>
</gc-end>
<cycle-end id="5461" type="scavenge" contextid="5455" timestamp="2020-09-11T10:32:00.862" />
<allocation-satisfied id="5462" threadId="00000000007F6F00" bytesRequested="24" />
<af-end id="5463" timestamp="2020-09-11T10:32:00.862" threadId="00000000007F7880" success="true" from="nursery"/>
<exclusive-end id="5464" timestamp="2020-09-11T10:32:00.862" durationms="139.838" />

<exclusive-start id="5465" timestamp="2020-09-11T10:32:02.762" intervalms="2039.956">
  <response-info timems="0.923" idlems="0.481" threads="1" lastid="00000000007F6F00" lastname="Group1.Backend.CompositeBackend{Tier1}.2" />
</exclusive-start>
<af-start id="5466" threadId="0000000000844680" totalBytesRequested="40" timestamp="2020-09-11T10:32:02.763" intervalms="2039.985" type="nursery" />
<cycle-start id="5467" type="scavenge" contextid="0" timestamp="2020-09-11T10:32:02.763" intervalms="2039.979" />
<gc-start id="5468" type="scavenge" contextid="5467" timestamp="2020-09-11T10:32:02.763">
  <mem-info id="5469" free="262408200" total="2821586944" percent="9">
    <mem type="nursery" free="0" total="939524096" percent="0">
      <mem type="allocate" free="0" total="806551552" percent="0" />
      <mem type="survivor" free="0" total="132972544" percent="0" />
    </mem>
    <mem type="tenure" free="262408200" total="1882062848" percent="13">
      <mem type="soa" free="205945864" total="1825600512" percent="11" />
      <mem type="loa" free="56462336" total="56462336" percent="100" />
    </mem>
    <remembered-set count="192469" />
  </mem-info>
</gc-start>
<allocation-stats totalBytes="687933440" >
  <allocated-bytes non-tlh="35603408" tlh="652330032" />
  <largest-consumer threadName="Group1.Backend.CompositeBackend{Tier1}.3" threadId="0000000000856800" bytes="104176936" />
</allocation-stats>
<gc-op id="5470" type="scavenge" timems="142.731" contextid="5467" timestamp="2020-09-11T10:32:02.906">
  <scavenger-info tenureage="3" tenuremask="7ff8" tiltratio="85" />
  <memory-copied type="nursery" objects="4127561" bytes="110625288" bytesdiscarded="198824" />
  <memory-copied type="tenure" objects="1088110" bytes="29256440" bytesdiscarded="147864" />
  <ownableSynchronizers candidates="3393" cleared="3151" />
  <references type="soft" candidates="186" cleared="0" enqueued="0" dynamicThreshold="17" maxThreshold="32" />
  <references type="weak" candidates="117" cleared="117" enqueued="0" />
</gc-op>
<gc-end id="5471" type="scavenge" contextid="5467" durationms="144.132" usertimems="946.221" systemtimems="9.844" timestamp="2020-09-11T10:32:02.907" activeThreads="8">
  <mem-info id="5472" free="928781184" total="2821586944" percent="32">
    <mem type="nursery" free="695773440" total="939524096" percent="74">
      <mem type="allocate" free="695773440" total="806682624" percent="86" />
      <mem type="survivor" free="0" total="132841472" percent="0" />
    </mem>
    <mem type="tenure" free="233007744" total="1882062848" percent="12" macro-fragmented="0">
      <mem type="soa" free="176545408" total="1825600512" percent="9" />
      <mem type="loa" free="56462336" total="56462336" percent="100" />
    </mem>
    <remembered-set count="29911" />
  </mem-info>
</gc-end>
<cycle-end id="5473" type="scavenge" contextid="5467" timestamp="2020-09-11T10:32:02.922" />
<allocation-satisfied id="5474" threadId="0000000000843D00" bytesRequested="40" />
<af-end id="5475" timestamp="2020-09-11T10:32:02.922" threadId="0000000000844680" success="true" from="nursery"/>
<exclusive-end id="5476" timestamp="2020-09-11T10:32:02.922" durationms="159.908" />

<exclusive-start id="5477" timestamp="2020-09-11T10:32:04.900" intervalms="2137.838">
  <response-info timems="0.416" idlems="0.416" threads="0" lastid="0000000000854300" lastname="Group1.Backend.CompositeBackend{Tier1}.7" />
</exclusive-start>
<af-start id="5478" threadId="0000000000854C80" totalBytesRequested="32" timestamp="2020-09-11T10:32:04.901" intervalms="2137.886" type="nursery" />
<cycle-start id="5479" type="scavenge" contextid="0" timestamp="2020-09-11T10:32:04.901" intervalms="2137.918" />
<gc-start id="5480" type="scavenge" contextid="5479" timestamp="2020-09-11T10:32:04.901">
  <mem-info id="5481" free="233007744" total="2821586944" percent="8">
    <mem type="nursery" free="0" total="939524096" percent="0">
      <mem type="allocate" free="0" total="806682624" percent="0" />
      <mem type="survivor" free="0" total="132841472" percent="0" />
    </mem>
    <mem type="tenure" free="233007744" total="1882062848" percent="12">
      <mem type="soa" free="176545408" total="1825600512" percent="9" />
      <mem type="loa" free="56462336" total="56462336" percent="100" />
    </mem>
    <remembered-set count="194062" />
  </mem-info>
</gc-start>
<allocation-stats totalBytes="695433096" >
  <allocated-bytes non-tlh="30255736" tlh="665177360" />
  <largest-consumer threadName="Group1.Backend.CompositeBackend{Tier1}.1" threadId="0000000000785E00" bytes="109645712" />
</allocation-stats>
<gc-op id="5482" type="scavenge" timems="94.693" contextid="5479" timestamp="2020-09-11T10:32:04.996">
  <scavenger-info tenureage="3" tenuremask="7ff8" tiltratio="85" />
  <memory-copied type="nursery" objects="4296876" bytes="114198152" bytesdiscarded="480800" />
  <memory-copied type="tenure" objects="1110614" bytes="29871256" bytesdiscarded="156496" />
  <ownableSynchronizers candidates="3658" cleared="3419" />
  <references type="soft" candidates="171" cleared="0" enqueued="0" dynamicThreshold="17" maxThreshold="32" />
  <references type="weak" candidates="122" cleared="122" enqueued="0" />
</gc-op>
<gc-end id="5483" type="scavenge" contextid="5479" durationms="95.753" usertimems="724.504" systemtimems="0.000" timestamp="2020-09-11T10:32:04.997" activeThreads="8">
  <mem-info id="5484" free="895110352" total="2821586944" percent="31">
    <mem type="nursery" free="692109048" total="939524096" percent="73">
      <mem type="allocate" free="692109048" total="806879232" percent="85" />
      <mem type="survivor" free="0" total="132644864" percent="0" />
    </mem>
    <mem type="tenure" free="203001304" total="1882062848" percent="10" macro-fragmented="0">
      <mem type="soa" free="146538968" total="1825600512" percent="8" />
      <mem type="loa" free="56462336" total="56462336" percent="100" />
    </mem>
    <remembered-set count="30241" />
  </mem-info>
</gc-end>
<cycle-end id="5485" type="scavenge" contextid="5479" timestamp="2020-09-11T10:32:04.998" />
<allocation-satisfied id="5486" threadId="0000000000854300" bytesRequested="32" />
<af-end id="5487" timestamp="2020-09-11T10:32:04.998" threadId="0000000000854C80" success="true" from="nursery"/>
<exclusive-end id="5488" timestamp="2020-09-11T10:32:04.998" durationms="97.799" />

<exclusive-start id="5489" timestamp="2020-09-11T10:32:07.036" intervalms="2136.318">
  <response-info timems="1.246" idlems="0.639" threads="1" lastid="0000000000843D00" lastname="Group1.Backend.CompositeBackend{Tier1}.6" />
</exclusive-start>
<af-start id="5490" threadId="0000000000854C80" totalBytesRequested="664" timestamp="2020-09-11T10:32:07.037" intervalms="2136.380" type="nursery" />
<cycle-start id="5491" type="scavenge" contextid="0" timestamp="2020-09-11T10:32:07.037" intervalms="2136.381" />
<gc-start id="5492" type="scavenge" contextid="5491" timestamp="2020-09-11T10:32:07.038">
  <mem-info id="5493" free="203001304" total="2821586944" percent="7">
    <mem type="nursery" free="0" total="939524096" percent="0">
      <mem type="allocate" free="0" total="806879232" percent="0" />
      <mem type="survivor" free="0" total="132644864" percent="0" />
    </mem>
    <mem type="tenure" free="203001304" total="1882062848" percent="10">
      <mem type="soa" free="146538968" total="1825600512" percent="8" />
      <mem type="loa" free="56462336" total="56462336" percent="100" />
    </mem>
    <remembered-set count="195292" />
  </mem-info>
</gc-start>
<allocation-stats totalBytes="691764560" >
  <allocated-bytes non-tlh="29116472" tlh="662648088" />
  <largest-consumer threadName="Group1.Backend.CompositeBackend{Tier1}.5" threadId="0000000000843100" bytes="91770520" />
</allocation-stats>
<gc-op id="5494" type="scavenge" timems="105.319" contextid="5491" timestamp="2020-09-11T10:32:07.143">
  <scavenger-info tenureage="3" tenuremask="7ff8" tiltratio="85" />
  <memory-copied type="nursery" objects="4084249" bytes="109631368" bytesdiscarded="195936" />
  <memory-copied type="tenure" objects="1076177" bytes="28928120" bytesdiscarded="139656" />
  <ownableSynchronizers candidates="4800" cleared="4558" />
  <references type="soft" candidates="175" cleared="0" enqueued="0" dynamicThreshold="17" maxThreshold="32" />
  <references type="weak" candidates="122" cleared="122" enqueued="0" />
</gc-op>
<gc-end id="5495" type="scavenge" contextid="5491" durationms="106.747" usertimems="762.061" systemtimems="0.000" timestamp="2020-09-11T10:32:07.144" activeThreads="8">
  <mem-info id="5496" free="871776464" total="2821586944" percent="30">
    <mem type="nursery" free="697887488" total="939524096" percent="74">
      <mem type="allocate" free="697887488" total="807796736" percent="86" />
      <mem type="survivor" free="0" total="131727360" percent="0" />
    </mem>
    <mem type="tenure" free="173888976" total="1882062848" percent="9" macro-fragmented="0">
      <mem type="soa" free="117426640" total="1825600512" percent="6" />
      <mem type="loa" free="56462336" total="56462336" percent="100" />
    </mem>
    <remembered-set count="29738" />
  </mem-info>
</gc-end>
<cycle-end id="5497" type="scavenge" contextid="5491" timestamp="2020-09-11T10:32:07.146" />
<allocation-satisfied id="5498" threadId="0000000000854300" bytesRequested="664" />
<af-end id="5499" timestamp="2020-09-11T10:32:07.146" threadId="0000000000854C80" success="true" from="nursery"/>
<exclusive-end id="5500" timestamp="2020-09-11T10:32:07.146" durationms="109.237" />

<exclusive-start id="5501" timestamp="2020-09-11T10:32:09.140" intervalms="2103.785">
  <response-info timems="0.922" idlems="0.328" threads="15" lastid="0000000000811B00" lastname="Group1.TxInjector.CompositeTxInjector.I.driver.probe.5" />
</exclusive-start>
<af-start id="5502" threadId="0000000000857180" totalBytesRequested="16" timestamp="2020-09-11T10:32:09.141" intervalms="2103.841" type="nursery" />
<cycle-start id="5503" type="scavenge" contextid="0" timestamp="2020-09-11T10:32:09.141" intervalms="2103.839" />
<gc-start id="5504" type="scavenge" contextid="5503" timestamp="2020-09-11T10:32:09.141">
  <mem-info id="5505" free="173888976" total="2821586944" percent="6">
    <mem type="nursery" free="0" total="939524096" percent="0">
      <mem type="allocate" free="0" total="807796736" percent="0" />
      <mem type="survivor" free="0" total="131727360" percent="0" />
    </mem>
    <mem type="tenure" free="173888976" total="1882062848" percent="9">
      <mem type="soa" free="117426640" total="1825600512" percent="6" />
      <mem type="loa" free="56462336" total="56462336" percent="100" />
    </mem>
    <remembered-set count="191705" />
  </mem-info>
</gc-start>
<allocation-stats totalBytes="697562360" >
  <allocated-bytes non-tlh="37197232" tlh="660365128" />
  <largest-consumer threadName="Group1.Backend.CompositeBackend{Tier1}.3" threadId="0000000000856800" bytes="103031096" />
</allocation-stats>
<gc-op id="5506" type="scavenge" timems="97.297" contextid="5503" timestamp="2020-09-11T10:32:09.239">
  <scavenger-info tenureage="3" tenuremask="7ff8" tiltratio="85" />
  <memory-copied type="nursery" objects="4077313" bytes="109464184" bytesdiscarded="187864" />
  <memory-copied type="tenure" objects="1092911" bytes="29365312" bytesdiscarded="136344" />
  <ownableSynchronizers candidates="3247" cleared="3015" />
  <references type="soft" candidates="157" cleared="0" enqueued="0" dynamicThreshold="17" maxThreshold="32" />
  <references type="weak" candidates="108" cleared="108" enqueued="0" />
</gc-op>
<gc-end id="5507" type="scavenge" contextid="5503" durationms="98.401" usertimems="703.792" systemtimems="0.000" timestamp="2020-09-11T10:32:09.240" activeThreads="8">
  <mem-info id="5508" free="844313088" total="2821586944" percent="29">
    <mem type="nursery" free="699896064" total="939524096" percent="74">
      <mem type="allocate" free="699896064" total="809631744" percent="86" />
      <mem type="survivor" free="0" total="129892352" percent="0" />
    </mem>
    <mem type="tenure" free="144417024" total="1882062848" percent="7" macro-fragmented="0">
      <mem type="soa" free="87954688" total="1825600512" percent="4" />
      <mem type="loa" free="56462336" total="56462336" percent="100" />
    </mem>
    <remembered-set count="28976" />
  </mem-info>
</gc-end>
<cycle-end id="5509" type="scavenge" contextid="5503" timestamp="2020-09-11T10:32:09.241" />
<allocation-satisfied id="5510" threadId="0000000000856800" bytesRequested="16" />
<af-end id="5511" timestamp="2020-09-11T10:32:09.241" threadId="0000000000857180" success="true" from="nursery"/>
<exclusive-end id="5512" timestamp="2020-09-11T10:32:09.241" durationms="100.798" />

<exclusive-start id="5513" timestamp="2020-09-11T10:32:11.259" intervalms="2118.624">
  <response-info timems="0.421" idlems="0.421" threads="0" lastid="0000000000837900" lastname="Group1.Backend.CompositeBackend{Tier1}.8" />
</exclusive-start>
<af-start id="5514" threadId="0000000000838280" totalBytesRequested="1032" timestamp="2020-09-11T10:32:11.260" intervalms="2118.538" type="nursery" />
<cycle-start id="5515" type="scavenge" contextid="0" timestamp="2020-09-11T10:32:11.260" intervalms="2118.552" />
<gc-start id="5516" type="scavenge" contextid="5515" timestamp="2020-09-11T10:32:11.260">
  <mem-info id="5517" free="144417024" total="2821586944" percent="5">
    <mem type="nursery" free="0" total="939524096" percent="0">
      <mem type="allocate" free="0" total="809631744" percent="0" />
      <mem type="survivor" free="0" total="129892352" percent="0" />
    </mem>
    <mem type="tenure" free="144417024" total="1882062848" percent="7">
      <mem type="soa" free="87954688" total="1825600512" percent="4" />
      <mem type="loa" free="56462336" total="56462336" percent="100" />
    </mem>
    <remembered-set count="194492" />
  </mem-info>
</gc-start>
<allocation-stats totalBytes="699574584" >
  <allocated-bytes non-tlh="32136688" tlh="667437896" />
  <largest-consumer threadName="Group1.Backend.CompositeBackend{Tier1}.3" threadId="0000000000856800" bytes="111159480" />
</allocation-stats>
<gc-op id="5518" type="scavenge" timems="101.054" contextid="5515" timestamp="2020-09-11T10:32:11.361">
  <scavenger-info tenureage="3" tenuremask="7ff8" tiltratio="86" />
  <memory-copied type="nursery" objects="4195025" bytes="112288352" bytesdiscarded="259776" />
  <memory-copied type="tenure" objects="1099265" bytes="29562520" bytesdiscarded="142544" />
  <ownableSynchronizers candidates="3942" cleared="3692" />
  <references type="soft" candidates="175" cleared="0" enqueued="0" dynamicThreshold="17" maxThreshold="32" />
  <references type="weak" candidates="113" cleared="113" enqueued="0" />
</gc-op>
<gc-end id="5519" type="scavenge" contextid="5515" durationms="102.225" usertimems="787.960" systemtimems="0.000" timestamp="2020-09-11T10:32:11.362" activeThreads="8">
  <mem-info id="5520" free="811736088" total="2821586944" percent="28">
    <mem type="nursery" free="697125368" total="939524096" percent="74">
      <mem type="allocate" free="697125368" total="809762816" percent="86" />
      <mem type="survivor" free="0" total="129761280" percent="0" />
    </mem>
    <mem type="tenure" free="114610720" total="1882062848" percent="6" macro-fragmented="0">
      <mem type="soa" free="58148384" total="1825600512" percent="3" />
      <mem type="loa" free="56462336" total="56462336" percent="100" />
    </mem>
    <remembered-set count="31285" />
  </mem-info>
</gc-end>
<cycle-end id="5521" type="scavenge" contextid="5515" timestamp="2020-09-11T10:32:11.363" />
<allocation-satisfied id="5522" threadId="0000000000837900" bytesRequested="1032" />
<af-end id="5523" timestamp="2020-09-11T10:32:11.363" threadId="0000000000838280" success="true" from="nursery"/>
<exclusive-end id="5524" timestamp="2020-09-11T10:32:11.363" durationms="104.549" />

<exclusive-start id="5525" timestamp="2020-09-11T10:32:13.365" intervalms="2106.260">
  <response-info timems="0.351" idlems="0.351" threads="0" lastid="00000000007F6F00" lastname="Group1.Backend.CompositeBackend{Tier1}.2" />
</exclusive-start>
<af-start id="5526" threadId="00000000007F7880" totalBytesRequested="120" timestamp="2020-09-11T10:32:13.366" intervalms="2106.387" type="nursery" />
<cycle-start id="5527" type="scavenge" contextid="0" timestamp="2020-09-11T10:32:13.366" intervalms="2106.414" />
<gc-start id="5528" type="scavenge" contextid="5527" timestamp="2020-09-11T10:32:13.366">
  <mem-info id="5529" free="114610720" total="2821586944" percent="4">
    <mem type="nursery" free="0" total="939524096" percent="0">
      <mem type="allocate" free="0" total="809762816" percent="0" />
      <mem type="survivor" free="0" total="129761280" percent="0" />
    </mem>
    <mem type="tenure" free="114610720" total="1882062848" percent="6">
      <mem type="soa" free="58148384" total="1825600512" percent="3" />
      <mem type="loa" free="56462336" total="56462336" percent="100" />
    </mem>
    <remembered-set count="193861" />
  </mem-info>
</gc-start>
<allocation-stats totalBytes="696797864" >
  <allocated-bytes non-tlh="35817368" tlh="660980496" />
  <largest-consumer threadName="Group1.Backend.CompositeBackend{Tier1}.1" threadId="0000000000785E00" bytes="97721488" />
</allocation-stats>
<gc-op id="5530" type="scavenge" timems="103.495" contextid="5527" timestamp="2020-09-11T10:32:13.470">
  <scavenger-info tenureage="3" tenuremask="7ff8" tiltratio="86" />
  <memory-copied type="nursery" objects="4295395" bytes="114441992" bytesdiscarded="221832" />
  <memory-copied type="tenure" objects="1099220" bytes="29547304" bytesdiscarded="24272" />
  <ownableSynchronizers candidates="3808" cleared="3554" />
  <references type="soft" candidates="188" cleared="0" enqueued="0" dynamicThreshold="17" maxThreshold="32" />
  <references type="weak" candidates="117" cleared="117" enqueued="0" />
</gc-op>
<gc-end id="5531" type="scavenge" contextid="5527" durationms="105.062" usertimems="789.373" systemtimems="0.000" timestamp="2020-09-11T10:32:13.471" activeThreads="8">
  <mem-info id="5532" free="779165192" total="2821586944" percent="27">
    <mem type="nursery" free="694354520" total="939524096" percent="73">
      <mem type="allocate" free="694354520" total="809107456" percent="85" />
      <mem type="survivor" free="0" total="130416640" percent="0" />
    </mem>
    <mem type="tenure" free="84810672" total="1882062848" percent="4" macro-fragmented="0">
      <mem type="soa" free="28348336" total="1825600512" percent="1" />
      <mem type="loa" free="56462336" total="56462336" percent="100" />
    </mem>
    <remembered-set count="30916" />
  </mem-info>
</gc-end>
<cycle-end id="5533" type="scavenge" contextid="5527" timestamp="2020-09-11T10:32:13.473" />
<allocation-satisfied id="5534" threadId="00000000007F6F00" bytesRequested="120" />
<af-end id="5535" timestamp="2020-09-11T10:32:13.473" threadId="00000000007F7880" success="true" from="nursery"/>
<exclusive-end id="5536" timestamp="2020-09-11T10:32:13.473" durationms="107.573" />

<exclusive-start id="5537" timestamp="2020-09-11T10:32:15.462" intervalms="2097.443">
  <response-info timems="0.468" idlems="0.468" threads="0" lastid="0000000000785E00" lastname="Group1.Backend.CompositeBackend{Tier1}.1" />
</exclusive-start>
<af-start id="5538" threadId="0000000000786780" totalBytesRequested="120" timestamp="2020-09-11T10:32:15.463" intervalms="2097.311" type="nursery" />
<percolate-collect id="5539" from="nursery" to="global" reason="prevent tenure expand" timestamp="2020-09-11T10:32:15.463"/>
<cycle-start id="5540" type="global" contextid="0" timestamp="2020-09-11T10:32:15.463" intervalms="68045.806" />
<gc-start id="5541" type="global" contextid="5540" timestamp="2020-09-11T10:32:15.464">
  <mem-info id="5542" free="84810672" total="2821586944" percent="3">
    <mem type="nursery" free="0" total="939524096" percent="0">
      <mem type="allocate" free="0" total="809107456" percent="0" />
      <mem type="survivor" free="0" total="130416640" percent="0" />
    </mem>
    <mem type="tenure" free="84810672" total="1882062848" percent="4">
      <mem type="soa" free="28348336" total="1825600512" percent="1" />
      <mem type="loa" free="56462336" total="56462336" percent="100" />
    </mem>
    <remembered-set count="194218" />
  </mem-info>
</gc-start>
<allocation-stats totalBytes="694026968" >
  <allocated-bytes non-tlh="30163512" tlh="663863456" />
  <largest-consumer threadName="Group1.Backend.CompositeBackend{Tier1}.3" threadId="0000000000856800" bytes="90917864" />
</allocation-stats>
<heap-resize id="5543" type="loa contract" space="tenure" amount="18820096" count="1" timems="0.000" reason="contract underutilized loa" timestamp="2020-09-11T10:32:15.464" />
<gc-op id="5544" type="mark" timems="568.017" contextid="5540" timestamp="2020-09-11T10:32:16.032">
  <trace-info objectcount="31070006" scancount="30090156" scanbytes="822986592" />
  <finalization candidates="150" enqueued="0" />
  <ownableSynchronizers candidates="594020" cleared="5941" />
  <references type="soft" candidates="720111" cleared="469" enqueued="454" dynamicThreshold="17" maxThreshold="32" />
  <references type="weak" candidates="4417" cleared="123" enqueued="0" />
  <references type="phantom" candidates="108" cleared="0" enqueued="0" />
  <stringconstants candidates="11114" cleared="141"  />
</gc-op>
<gc-op id="5545" type="sweep" timems="13.369" contextid="5540" timestamp="2020-09-11T10:32:16.046" />
<gc-end id="5546" type="global" contextid="5540" durationms="582.799" usertimems="4372.954" systemtimems="0.000" timestamp="2020-09-11T10:32:16.046" activeThreads="8">
  <mem-info id="5547" free="1647667640" total="2821586944" percent="58">
    <mem type="nursery" free="616265080" total="939524096" percent="65">
      <mem type="allocate" free="616265080" total="809107456" percent="76" />
      <mem type="survivor" free="0" total="130416640" percent="0" />
    </mem>
    <mem type="tenure" free="1031402560" total="1882062848" percent="54" micro-fragmented="91105596" macro-fragmented="0">
      <mem type="soa" free="993760320" total="1844420608" percent="53" />
      <mem type="loa" free="37642240" total="37642240" percent="100" />
    </mem>
    <pending-finalizers system="0" default="0" reference="454" classloader="0" />
    <remembered-set count="188728" />
  </mem-info>
</gc-end>
<cycle-end id="5548" type="global" contextid="5540" timestamp="2020-09-11T10:32:16.048" />
<allocation-satisfied id="5549" threadId="0000000000785E00" bytesRequested="120" />
<af-end id="5550" timestamp="2020-09-11T10:32:16.048" threadId="0000000000786780" success="true" from="nursery"/>
<exclusive-end id="5551" timestamp="2020-09-11T10:32:16.048" durationms="585.133" />

<exclusive-start id="5552" timestamp="2020-09-11T10:32:17.371" intervalms="1908.771">
  <response-info timems="0.505" idlems="0.505" threads="0" lastid="0000000000842600" lastname="Group1.Backend.CompositeBackend{Tier1}.4" />
</exclusive-start>
<af-start id="5553" threadId="0000000000842F80" totalBytesRequested="24" timestamp="2020-09-11T10:32:17.372" intervalms="1908.801" type="nursery" />
<cycle-start id="5554" type="scavenge" contextid="0" timestamp="2020-09-11T10:32:17.372" intervalms="4006.057" />
<gc-start id="5555" type="scavenge" contextid="5554" timestamp="2020-09-11T10:32:17.373">
  <mem-info id="5556" free="1031402512" total="2821586944" percent="36">
    <mem type="nursery" free="0" total="939524096" percent="0">
      <mem type="allocate" free="0" total="809107456" percent="0" />
      <mem type="survivor" free="0" total="130416640" percent="0" />
    </mem>
    <mem type="tenure" free="1031402512" total="1882062848" percent="54">
      <mem type="soa" free="993760272" total="1844420608" percent="53" />
      <mem type="loa" free="37642240" total="37642240" percent="100" />
    </mem>
    <remembered-set count="246807" />
  </mem-info>
</gc-start>
<allocation-stats totalBytes="614096576" >
  <allocated-bytes non-tlh="27379800" tlh="586716776" />
  <largest-consumer threadName="Group1.Backend.CompositeBackend{Tier1}.5" threadId="0000000000843100" bytes="86494992" />
</allocation-stats>
<gc-op id="5557" type="scavenge" timems="118.800" contextid="5554" timestamp="2020-09-11T10:32:17.491">
  <scavenger-info tenureage="3" tenuremask="7ff8" tiltratio="86" />
  <memory-copied type="nursery" objects="4842011" bytes="130224360" bytesdiscarded="42736" />
  <memory-copied type="tenure" objects="1265438" bytes="33660296" bytesdiscarded="129600" />
  <copy-failed type="nursery" objects="284485" bytes="7289776" />
  <ownableSynchronizers candidates="1179453" cleared="1179150" />
  <references type="soft" candidates="233" cleared="0" enqueued="0" dynamicThreshold="17" maxThreshold="32" />
  <references type="weak" candidates="108" cleared="108" enqueued="0" />
</gc-op>
<gc-end id="5558" type="scavenge" contextid="5554" durationms="119.948" usertimems="929.158" systemtimems="0.000" timestamp="2020-09-11T10:32:17.492" activeThreads="8">
  <mem-info id="5559" free="1626747712" total="2821586944" percent="57">
    <mem type="nursery" free="629211136" total="939524096" percent="66">
      <mem type="allocate" free="629211136" total="759627776" percent="82" />
      <mem type="survivor" free="0" total="179896320" percent="0" />
    </mem>
    <mem type="tenure" free="997536576" total="1882062848" percent="53" macro-fragmented="0">
      <mem type="soa" free="959894336" total="1844420608" percent="52" />
      <mem type="loa" free="37642240" total="37642240" percent="100" />
    </mem>
    <remembered-set count="41808" />
  </mem-info>
</gc-end>
<cycle-end id="5560" type="scavenge" contextid="5554" timestamp="2020-09-11T10:32:17.493" />
<allocation-satisfied id="5561" threadId="0000000000842600" bytesRequested="24" />
<af-end id="5562" timestamp="2020-09-11T10:32:17.494" threadId="0000000000842F80" success="true" from="nursery"/>
<exclusive-end id="5563" timestamp="2020-09-11T10:32:17.494" durationms="122.298" />

<exclusive-start id="5564" timestamp="2020-09-11T10:32:19.213" intervalms="1841.704">
  <response-info timems="0.537" idlems="0.406" threads="1" lastid="0000000000785E00" lastname="Group1.Backend.CompositeBackend{Tier1}.1" />
</exclusive-start>
<af-start id="5565" threadId="0000000000857180" totalBytesRequested="24" timestamp="2020-09-11T10:32:19.214" intervalms="1841.592" type="nursery" />
<cycle-start id="5566" type="scavenge" contextid="0" timestamp="2020-09-11T10:32:19.214" intervalms="1841.794" />
<gc-start id="5567" type="scavenge" contextid="5566" timestamp="2020-09-11T10:32:19.214">
  <mem-info id="5568" free="997536576" total="2821586944" percent="35">
    <mem type="nursery" free="0" total="939524096" percent="0">
      <mem type="allocate" free="0" total="759627776" percent="0" />
      <mem type="survivor" free="0" total="179896320" percent="0" />
    </mem>
    <mem type="tenure" free="997536576" total="1882062848" percent="53">
      <mem type="soa" free="959894336" total="1844420608" percent="52" />
      <mem type="loa" free="37642240" total="37642240" percent="100" />
    </mem>
    <remembered-set count="192755" />
  </mem-info>
</gc-start>
<allocation-stats totalBytes="628921744" >
  <allocated-bytes non-tlh="36862496" tlh="592059248" />
  <largest-consumer threadName="Group1.Backend.CompositeBackend{Tier1}.3" threadId="0000000000856800" bytes="85419624" />
</allocation-stats>
<gc-op id="5569" type="scavenge" timems="108.203" contextid="5566" timestamp="2020-09-11T10:32:19.323">
  <scavenger-info tenureage="3" tenuremask="7ff8" tiltratio="80" />
  <memory-copied type="nursery" objects="4749474" bytes="127800600" bytesdiscarded="211928" />
  <memory-copied type="tenure" objects="959125" bytes="25858328" bytesdiscarded="76360" />
  <ownableSynchronizers candidates="3568" cleared="3282" />
  <references type="soft" candidates="217" cleared="0" enqueued="0" dynamicThreshold="17" maxThreshold="32" />
  <references type="weak" candidates="118" cleared="118" enqueued="0" />
</gc-op>
<gc-end id="5570" type="scavenge" contextid="5566" durationms="109.126" usertimems="798.818" systemtimems="0.000" timestamp="2020-09-11T10:32:19.323" activeThreads="8">
  <mem-info id="5571" free="1608105496" total="2821586944" percent="56">
    <mem type="nursery" free="636715008" total="939524096" percent="67">
      <mem type="allocate" free="636715008" total="764805120" percent="83" />
      <mem type="survivor" free="0" total="174718976" percent="0" />
    </mem>
    <mem type="tenure" free="971390488" total="1882062848" percent="51" macro-fragmented="0">
      <mem type="soa" free="933748248" total="1844420608" percent="50" />
      <mem type="loa" free="37642240" total="37642240" percent="100" />
    </mem>
    <remembered-set count="38516" />
  </mem-info>
</gc-end>
<cycle-end id="5572" type="scavenge" contextid="5566" timestamp="2020-09-11T10:32:19.324" />
<allocation-satisfied id="5573" threadId="0000000000856800" bytesRequested="24" />
<af-end id="5574" timestamp="2020-09-11T10:32:19.325" threadId="0000000000857180" success="true" from="nursery"/>
<exclusive-end id="5575" timestamp="2020-09-11T10:32:19.325" durationms="111.638" />

<exclusive-start id="5576" timestamp="2020-09-11T10:32:21.161" intervalms="1947.570">
  <response-info timems="0.718" idlems="0.718" threads="0" lastid="0000000000785E00" lastname="Group1.Backend.CompositeBackend{Tier1}.1" />
</exclusive-start>
<af-start id="5577" threadId="0000000000786780" totalBytesRequested="24" timestamp="2020-09-11T10:32:21.161" intervalms="1947.632" type="nursery" />
<cycle-start id="5578" type="scavenge" contextid="0" timestamp="2020-09-11T10:32:21.161" intervalms="1947.482" />
<gc-start id="5579" type="scavenge" contextid="5578" timestamp="2020-09-11T10:32:21.162">
  <mem-info id="5580" free="971390488" total="2821586944" percent="34">
    <mem type="nursery" free="0" total="939524096" percent="0">
      <mem type="allocate" free="0" total="764805120" percent="0" />
      <mem type="survivor" free="0" total="174718976" percent="0" />
    </mem>
    <mem type="tenure" free="971390488" total="1882062848" percent="51">
      <mem type="soa" free="933748248" total="1844420608" percent="50" />
      <mem type="loa" free="37642240" total="37642240" percent="100" />
    </mem>
    <remembered-set count="196274" />
  </mem-info>
</gc-start>
<allocation-stats totalBytes="636402144" >
  <allocated-bytes non-tlh="25210960" tlh="611191184" />
  <largest-consumer threadName="Group1.Backend.CompositeBackend{Tier1}.5" threadId="0000000000843100" bytes="92561080" />
</allocation-stats>
<gc-op id="5581" type="scavenge" timems="102.508" contextid="5578" timestamp="2020-09-11T10:32:21.264">
  <scavenger-info tenureage="3" tenuremask="7ff8" tiltratio="81" />
  <memory-copied type="nursery" objects="4941113" bytes="132630136" bytesdiscarded="233632" />
  <memory-copied type="tenure" objects="924039" bytes="24924320" bytesdiscarded="93992" />
  <ownableSynchronizers candidates="3618" cleared="3351" />
  <references type="soft" candidates="192" cleared="0" enqueued="0" dynamicThreshold="17" maxThreshold="32" />
  <references type="weak" candidates="109" cleared="107" enqueued="0" />
</gc-op>
<gc-end id="5582" type="scavenge" contextid="5578" durationms="103.371" usertimems="804.727" systemtimems="0.000" timestamp="2020-09-11T10:32:21.265" activeThreads="8">
  <mem-info id="5583" free="1582414984" total="2821586944" percent="56">
    <mem type="nursery" free="635985312" total="939524096" percent="67">
      <mem type="allocate" free="635985312" total="768933888" percent="82" />
      <mem type="survivor" free="0" total="170590208" percent="0" />
    </mem>
    <mem type="tenure" free="946429672" total="1882062848" percent="50" macro-fragmented="0">
      <mem type="soa" free="908787432" total="1844420608" percent="49" />
      <mem type="loa" free="37642240" total="37642240" percent="100" />
    </mem>
    <remembered-set count="36183" />
  </mem-info>
</gc-end>
<cycle-end id="5584" type="scavenge" contextid="5578" timestamp="2020-09-11T10:32:21.266" />
<allocation-satisfied id="5585" threadId="0000000000785E00" bytesRequested="24" />
<af-end id="5586" timestamp="2020-09-11T10:32:21.266" threadId="0000000000786780" success="true" from="nursery"/>
<exclusive-end id="5587" timestamp="2020-09-11T10:32:21.266" durationms="105.669" />

<exclusive-start id="5588" timestamp="2020-09-11T10:32:23.023" intervalms="1862.082">
  <response-info timems="0.417" idlems="0.417" threads="0" lastid="0000000000785E00" lastname="Group1.Backend.CompositeBackend{Tier1}.1" />
</exclusive-start>
<af-start id="5589" threadId="0000000000786780" totalBytesRequested="32" timestamp="2020-09-11T10:32:23.023" intervalms="1862.051" type="nursery" />
<cycle-start id="5590" type="scavenge" contextid="0" timestamp="2020-09-11T10:32:23.023" intervalms="1861.996" />
<gc-start id="5591" type="scavenge" contextid="5590" timestamp="2020-09-11T10:32:23.024">
  <mem-info id="5592" free="946429672" total="2821586944" percent="33">
    <mem type="nursery" free="0" total="939524096" percent="0">
      <mem type="allocate" free="0" total="768933888" percent="0" />
      <mem type="survivor" free="0" total="170590208" percent="0" />
    </mem>
    <mem type="tenure" free="946429672" total="1882062848" percent="50">
      <mem type="soa" free="908787432" total="1844420608" percent="49" />
      <mem type="loa" free="37642240" total="37642240" percent="100" />
    </mem>
    <remembered-set count="188691" />
  </mem-info>
</gc-start>
<allocation-stats totalBytes="635683640" >
  <allocated-bytes non-tlh="36104704" tlh="599578936" />
  <largest-consumer threadName="Group1.Backend.CompositeBackend{Tier1}.4" threadId="0000000000842600" bytes="93047520" />
</allocation-stats>
<gc-op id="5593" type="scavenge" timems="94.356" contextid="5590" timestamp="2020-09-11T10:32:23.118">
  <scavenger-info tenureage="3" tenuremask="7ff8" tiltratio="81" />
  <memory-copied type="nursery" objects="3695585" bytes="99364704" bytesdiscarded="263488" />
  <memory-copied type="tenure" objects="1983359" bytes="53506704" bytesdiscarded="130880" />
  <ownableSynchronizers candidates="3752" cleared="3486" />
  <references type="soft" candidates="147" cleared="0" enqueued="0" dynamicThreshold="17" maxThreshold="32" />
  <references type="weak" candidates="109" cleared="108" enqueued="0" />
</gc-op>
<gc-end id="5594" type="scavenge" contextid="5590" durationms="95.157" usertimems="737.925" systemtimems="0.000" timestamp="2020-09-11T10:32:23.119" activeThreads="8">
  <mem-info id="5595" free="1566532560" total="2821586944" percent="55">
    <mem type="nursery" free="673624544" total="939524096" percent="71">
      <mem type="allocate" free="673624544" total="773324800" percent="87" />
      <mem type="survivor" free="0" total="166199296" percent="0" />
    </mem>
    <mem type="tenure" free="892908016" total="1882062848" percent="47" macro-fragmented="0">
      <mem type="soa" free="855265776" total="1844420608" percent="46" />
      <mem type="loa" free="37642240" total="37642240" percent="100" />
    </mem>
    <remembered-set count="26991" />
  </mem-info>
</gc-end>
<cycle-end id="5596" type="scavenge" contextid="5590" timestamp="2020-09-11T10:32:23.120" />
<allocation-satisfied id="5597" threadId="0000000000785E00" bytesRequested="32" />
<af-end id="5598" timestamp="2020-09-11T10:32:23.120" threadId="0000000000786780" success="true" from="nursery"/>
<exclusive-end id="5599" timestamp="2020-09-11T10:32:23.120" durationms="97.364" />

<exclusive-start id="5600" timestamp="2020-09-11T10:32:25.148" intervalms="2125.441">
  <response-info timems="0.740" idlems="0.740" threads="0" lastid="0000000000843100" lastname="Group1.Backend.CompositeBackend{Tier1}.5" />
</exclusive-start>
<af-start id="5601" threadId="0000000000843A80" totalBytesRequested="16" timestamp="2020-09-11T10:32:25.149" intervalms="2125.561" type="nursery" />
<cycle-start id="5602" type="scavenge" contextid="0" timestamp="2020-09-11T10:32:25.149" intervalms="2125.568" />
<gc-start id="5603" type="scavenge" contextid="5602" timestamp="2020-09-11T10:32:25.149">
  <mem-info id="5604" free="892908016" total="2821586944" percent="31">
    <mem type="nursery" free="0" total="939524096" percent="0">
      <mem type="allocate" free="0" total="773324800" percent="0" />
      <mem type="survivor" free="0" total="166199296" percent="0" />
    </mem>
    <mem type="tenure" free="892908016" total="1882062848" percent="47">
      <mem type="soa" free="855265776" total="1844420608" percent="46" />
      <mem type="loa" free="37642240" total="37642240" percent="100" />
    </mem>
    <remembered-set count="191389" />
  </mem-info>
</gc-start>
<allocation-stats totalBytes="673303328" >
  <allocated-bytes non-tlh="26568512" tlh="646734816" />
  <largest-consumer threadName="Group1.Backend.CompositeBackend{Tier1}.4" threadId="0000000000842600" bytes="93136168" />
</allocation-stats>
<gc-op id="5605" type="scavenge" timems="91.848" contextid="5602" timestamp="2020-09-11T10:32:25.241">
  <scavenger-info tenureage="3" tenuremask="7ff8" tiltratio="82" />
  <memory-copied type="nursery" objects="3872648" bytes="104122216" bytesdiscarded="181632" />
  <memory-copied type="tenure" objects="970922" bytes="26105472" bytesdiscarded="84968" />
  <ownableSynchronizers candidates="3459" cleared="3223" />
  <references type="soft" candidates="149" cleared="0" enqueued="0" dynamicThreshold="17" maxThreshold="32" />
  <references type="weak" candidates="113" cleared="113" enqueued="0" />
</gc-op>
<gc-end id="5606" type="scavenge" contextid="5602" durationms="92.927" usertimems="687.854" systemtimems="0.000" timestamp="2020-09-11T10:32:25.242" activeThreads="8">
  <mem-info id="5607" free="1544444568" total="2821586944" percent="54">
    <mem type="nursery" free="677783152" total="939524096" percent="72">
      <mem type="allocate" free="677783152" total="782172160" percent="86" />
      <mem type="survivor" free="0" total="157351936" percent="0" />
    </mem>
    <mem type="tenure" free="866661416" total="1882062848" percent="46" macro-fragmented="0">
      <mem type="soa" free="829019176" total="1844420608" percent="44" />
      <mem type="loa" free="37642240" total="37642240" percent="100" />
    </mem>
    <remembered-set count="28101" />
  </mem-info>
</gc-end>
<cycle-end id="5608" type="scavenge" contextid="5602" timestamp="2020-09-11T10:32:25.243" />
<allocation-satisfied id="5609" threadId="0000000000843100" bytesRequested="16" />
<af-end id="5610" timestamp="2020-09-11T10:32:25.243" threadId="0000000000843A80" success="true" from="nursery"/>
<exclusive-end id="5611" timestamp="2020-09-11T10:32:25.243" durationms="95.471" />

<exclusive-start id="5612" timestamp="2020-09-11T10:32:27.205" intervalms="2057.328">
  <response-info timems="0.405" idlems="0.405" threads="0" lastid="0000000000843100" lastname="Group1.Backend.CompositeBackend{Tier1}.5" />
</exclusive-start>
<af-start id="5613" threadId="0000000000843A80" totalBytesRequested="304" timestamp="2020-09-11T10:32:27.206" intervalms="2057.231" type="nursery" />
<cycle-start id="5614" type="scavenge" contextid="0" timestamp="2020-09-11T10:32:27.206" intervalms="2057.226" />
<gc-start id="5615" type="scavenge" contextid="5614" timestamp="2020-09-11T10:32:27.207">
  <mem-info id="5616" free="866661416" total="2821586944" percent="30">
    <mem type="nursery" free="0" total="939524096" percent="0">
      <mem type="allocate" free="0" total="782172160" percent="0" />
      <mem type="survivor" free="0" total="157351936" percent="0" />
    </mem>
    <mem type="tenure" free="866661416" total="1882062848" percent="46">
      <mem type="soa" free="829019176" total="1844420608" percent="44" />
      <mem type="loa" free="37642240" total="37642240" percent="100" />
    </mem>
    <remembered-set count="188433" />
  </mem-info>
</gc-start>
<allocation-stats totalBytes="677481472" >
  <allocated-bytes non-tlh="34527544" tlh="642953928" />
  <largest-consumer threadName="Group1.Backend.CompositeBackend{Tier1}.1" threadId="0000000000785E00" bytes="117525256" />
</allocation-stats>
<gc-op id="5617" type="scavenge" timems="107.590" contextid="5614" timestamp="2020-09-11T10:32:27.314">
  <scavenger-info tenureage="3" tenuremask="7ff8" tiltratio="83" />
  <memory-copied type="nursery" objects="4146645" bytes="110272504" bytesdiscarded="210768" />
  <memory-copied type="tenure" objects="1039593" bytes="28097056" bytesdiscarded="114968" />
  <ownableSynchronizers candidates="3660" cleared="3421" />
  <references type="soft" candidates="168" cleared="0" enqueued="0" dynamicThreshold="17" maxThreshold="32" />
  <references type="weak" candidates="103" cleared="103" enqueued="0" />
</gc-op>
<gc-end id="5618" type="scavenge" contextid="5614" durationms="108.842" usertimems="776.403" systemtimems="0.000" timestamp="2020-09-11T10:32:27.315" activeThreads="8">
  <mem-info id="5619" free="1515437792" total="2821586944" percent="53">
    <mem type="nursery" free="676980648" total="939524096" percent="72">
      <mem type="allocate" free="676980648" total="787546112" percent="85" />
      <mem type="survivor" free="0" total="151977984" percent="0" />
    </mem>
    <mem type="tenure" free="838457144" total="1882062848" percent="44" macro-fragmented="0">
      <mem type="soa" free="800814904" total="1844420608" percent="43" />
      <mem type="loa" free="37642240" total="37642240" percent="100" />
    </mem>
    <remembered-set count="30303" />
  </mem-info>
</gc-end>
<cycle-end id="5620" type="scavenge" contextid="5614" timestamp="2020-09-11T10:32:27.317" />
<allocation-satisfied id="5621" threadId="0000000000843100" bytesRequested="304" />
<af-end id="5622" timestamp="2020-09-11T10:32:27.317" threadId="0000000000843A80" success="true" from="nursery"/>
<exclusive-end id="5623" timestamp="2020-09-11T10:32:27.317" durationms="111.332" />

<exclusive-start id="5624" timestamp="2020-09-11T10:32:29.193" intervalms="1988.029">
  <response-info timems="0.790" idlems="0.790" threads="0" lastid="00000000007F6F00" lastname="Group1.Backend.CompositeBackend{Tier1}.2" />
</exclusive-start>
<af-start id="5625" threadId="00000000007F7880" totalBytesRequested="944" timestamp="2020-09-11T10:32:29.194" intervalms="1987.915" type="nursery" />
<cycle-start id="5626" type="scavenge" contextid="0" timestamp="2020-09-11T10:32:29.194" intervalms="1987.901" />
<gc-start id="5627" type="scavenge" contextid="5626" timestamp="2020-09-11T10:32:29.194">
  <mem-info id="5628" free="838457144" total="2821586944" percent="29">
    <mem type="nursery" free="0" total="939524096" percent="0">
      <mem type="allocate" free="0" total="787546112" percent="0" />
      <mem type="survivor" free="0" total="151977984" percent="0" />
    </mem>
    <mem type="tenure" free="838457144" total="1882062848" percent="44">
      <mem type="soa" free="800814904" total="1844420608" percent="43" />
      <mem type="loa" free="37642240" total="37642240" percent="100" />
    </mem>
    <remembered-set count="191489" />
  </mem-info>
</gc-start>
<allocation-stats totalBytes="676651984" >
  <allocated-bytes non-tlh="34498592" tlh="642153392" />
  <largest-consumer threadName="Group1.Backend.CompositeBackend{Tier1}.8" threadId="0000000000837900" bytes="98516208" />
</allocation-stats>
<gc-op id="5629" type="scavenge" timems="87.753" contextid="5626" timestamp="2020-09-11T10:32:29.282">
  <scavenger-info tenureage="3" tenuremask="7ff8" tiltratio="83" />
  <memory-copied type="nursery" objects="4012195" bytes="107662920" bytesdiscarded="239312" />
  <memory-copied type="tenure" objects="973528" bytes="26171120" bytesdiscarded="104352" />
  <ownableSynchronizers candidates="4618" cleared="4359" />
  <references type="soft" candidates="175" cleared="0" enqueued="0" dynamicThreshold="17" maxThreshold="32" />
  <references type="weak" candidates="117" cleared="117" enqueued="0" />
</gc-op>
<gc-end id="5630" type="scavenge" contextid="5626" durationms="88.623" usertimems="663.873" systemtimems="0.000" timestamp="2020-09-11T10:32:29.283" activeThreads="8">
  <mem-info id="5631" free="1497371704" total="2821586944" percent="53">
    <mem type="nursery" free="685262336" total="939524096" percent="72">
      <mem type="allocate" free="685262336" total="793247744" percent="86" />
      <mem type="survivor" free="0" total="146276352" percent="0" />
    </mem>
    <mem type="tenure" free="812109368" total="1882062848" percent="43" macro-fragmented="0">
      <mem type="soa" free="774467128" total="1844420608" percent="41" />
      <mem type="loa" free="37642240" total="37642240" percent="100" />
    </mem>
    <remembered-set count="31490" />
  </mem-info>
</gc-end>
<cycle-end id="5632" type="scavenge" contextid="5626" timestamp="2020-09-11T10:32:29.284" />
<allocation-satisfied id="5633" threadId="00000000007F6F00" bytesRequested="944" />
<af-end id="5634" timestamp="2020-09-11T10:32:29.284" threadId="00000000007F7880" success="true" from="nursery"/>
<exclusive-end id="5635" timestamp="2020-09-11T10:32:29.284" durationms="90.733" />

<exclusive-start id="5636" timestamp="2020-09-11T10:32:31.261" intervalms="2067.406">
  <response-info timems="0.385" idlems="0.385" threads="0" lastid="0000000000785E00" lastname="Group1.Backend.CompositeBackend{Tier1}.1" />
</exclusive-start>
<af-start id="5637" threadId="0000000000786780" totalBytesRequested="24" timestamp="2020-09-11T10:32:31.261" intervalms="2067.470" type="nursery" />
<cycle-start id="5638" type="scavenge" contextid="0" timestamp="2020-09-11T10:32:31.262" intervalms="2067.517" />
<gc-start id="5639" type="scavenge" contextid="5638" timestamp="2020-09-11T10:32:31.262">
  <mem-info id="5640" free="812109368" total="2821586944" percent="28">
    <mem type="nursery" free="0" total="939524096" percent="0">
      <mem type="allocate" free="0" total="793247744" percent="0" />
      <mem type="survivor" free="0" total="146276352" percent="0" />
    </mem>
    <mem type="tenure" free="812109368" total="1882062848" percent="43">
      <mem type="soa" free="774467128" total="1844420608" percent="41" />
      <mem type="loa" free="37642240" total="37642240" percent="100" />
    </mem>
    <remembered-set count="194401" />
  </mem-info>
</gc-start>
<allocation-stats totalBytes="684960696" >
  <allocated-bytes non-tlh="32873320" tlh="652087376" />
  <largest-consumer threadName="Group1.Backend.CompositeBackend{Tier1}.4" threadId="0000000000842600" bytes="87557920" />
</allocation-stats>
<gc-op id="5641" type="scavenge" timems="107.472" contextid="5638" timestamp="2020-09-11T10:32:31.369">
  <scavenger-info tenureage="3" tenuremask="7ff8" tiltratio="84" />
  <memory-copied type="nursery" objects="4226843" bytes="112561752" bytesdiscarded="201560" />
  <memory-copied type="tenure" objects="1110812" bytes="29870448" bytesdiscarded="109592" />
  <ownableSynchronizers candidates="4291" cleared="4023" />
  <references type="soft" candidates="174" cleared="0" enqueued="0" dynamicThreshold="17" maxThreshold="32" />
  <references type="weak" candidates="109" cleared="108" enqueued="0" />
</gc-op>
<gc-end id="5642" type="scavenge" contextid="5638" durationms="108.319" usertimems="773.506" systemtimems="0.000" timestamp="2020-09-11T10:32:31.370" activeThreads="8">
  <mem-info id="5643" free="1465521888" total="2821586944" percent="51">
    <mem type="nursery" free="683346328" total="939524096" percent="72">
      <mem type="allocate" free="683346328" total="796196864" percent="85" />
      <mem type="survivor" free="0" total="143327232" percent="0" />
    </mem>
    <mem type="tenure" free="782175560" total="1882062848" percent="41" macro-fragmented="0">
      <mem type="soa" free="744533320" total="1844420608" percent="40" />
      <mem type="loa" free="37642240" total="37642240" percent="100" />
    </mem>
    <remembered-set count="32055" />
  </mem-info>
</gc-end>
<cycle-end id="5644" type="scavenge" contextid="5638" timestamp="2020-09-11T10:32:31.371" />
<allocation-satisfied id="5645" threadId="0000000000785E00" bytesRequested="24" />
<af-end id="5646" timestamp="2020-09-11T10:32:31.371" threadId="0000000000786780" success="true" from="nursery"/>
<exclusive-end id="5647" timestamp="2020-09-11T10:32:31.371" durationms="110.500" />

<exclusive-start id="5648" timestamp="2020-09-11T10:32:33.362" intervalms="2101.364">
  <response-info timems="0.451" idlems="0.342" threads="1" lastid="0000000000854300" lastname="Group1.Backend.CompositeBackend{Tier1}.7" />
</exclusive-start>
<af-start id="5649" threadId="0000000000838280" totalBytesRequested="120" timestamp="2020-09-11T10:32:33.363" intervalms="2101.761" type="nursery" />
<cycle-start id="5650" type="scavenge" contextid="0" timestamp="2020-09-11T10:32:33.363" intervalms="2101.821" />
<gc-start id="5651" type="scavenge" contextid="5650" timestamp="2020-09-11T10:32:33.364">
  <mem-info id="5652" free="782175560" total="2821586944" percent="27">
    <mem type="nursery" free="0" total="939524096" percent="0">
      <mem type="allocate" free="0" total="796196864" percent="0" />
      <mem type="survivor" free="0" total="143327232" percent="0" />
    </mem>
    <mem type="tenure" free="782175560" total="1882062848" percent="41">
      <mem type="soa" free="744533320" total="1844420608" percent="40" />
      <mem type="loa" free="37642240" total="37642240" percent="100" />
    </mem>
    <remembered-set count="193891" />
  </mem-info>
</gc-start>
<allocation-stats totalBytes="683020024" >
  <allocated-bytes non-tlh="32364400" tlh="650655624" />
  <largest-consumer threadName="Group1.Backend.CompositeBackend{Tier1}.8" threadId="0000000000837900" bytes="95186752" />
</allocation-stats>
<gc-op id="5653" type="scavenge" timems="94.445" contextid="5650" timestamp="2020-09-11T10:32:33.458">
  <scavenger-info tenureage="3" tenuremask="7ff8" tiltratio="84" />
  <memory-copied type="nursery" objects="4018366" bytes="107801976" bytesdiscarded="189448" />
  <memory-copied type="tenure" objects="1071949" bytes="28793632" bytesdiscarded="103672" />
  <ownableSynchronizers candidates="4649" cleared="4374" />
  <references type="soft" candidates="167" cleared="0" enqueued="0" dynamicThreshold="17" maxThreshold="32" />
  <references type="weak" candidates="128" cleared="126" enqueued="0" />
</gc-op>
<gc-end id="5654" type="scavenge" contextid="5650" durationms="95.338" usertimems="706.506" systemtimems="0.921" timestamp="2020-09-11T10:32:33.459" activeThreads="8">
  <mem-info id="5655" free="1444833016" total="2821586944" percent="51">
    <mem type="nursery" free="691524864" total="939524096" percent="73">
      <mem type="allocate" free="691524864" total="799604736" percent="86" />
      <mem type="survivor" free="0" total="139919360" percent="0" />
    </mem>
    <mem type="tenure" free="753308152" total="1882062848" percent="40" macro-fragmented="0">
      <mem type="soa" free="715665912" total="1844420608" percent="38" />
      <mem type="loa" free="37642240" total="37642240" percent="100" />
    </mem>
    <remembered-set count="30886" />
  </mem-info>
</gc-end>
<cycle-end id="5656" type="scavenge" contextid="5650" timestamp="2020-09-11T10:32:33.460" />
<allocation-satisfied id="5657" threadId="0000000000837900" bytesRequested="120" />
<af-end id="5658" timestamp="2020-09-11T10:32:33.460" threadId="0000000000838280" success="true" from="nursery"/>
<exclusive-end id="5659" timestamp="2020-09-11T10:32:33.460" durationms="97.971" />

<exclusive-start id="5660" timestamp="2020-09-11T10:32:35.459" intervalms="2097.156">
  <response-info timems="0.469" idlems="0.252" threads="1" lastid="0000000000785E00" lastname="Group1.Backend.CompositeBackend{Tier1}.1" />
</exclusive-start>
<af-start id="5661" threadId="0000000000844680" totalBytesRequested="16" timestamp="2020-09-11T10:32:35.460" intervalms="2096.893" type="nursery" />
<cycle-start id="5662" type="scavenge" contextid="0" timestamp="2020-09-11T10:32:35.460" intervalms="2096.805" />
<gc-start id="5663" type="scavenge" contextid="5662" timestamp="2020-09-11T10:32:35.461">
  <mem-info id="5664" free="753308152" total="2821586944" percent="26">
    <mem type="nursery" free="0" total="939524096" percent="0">
      <mem type="allocate" free="0" total="799604736" percent="0" />
      <mem type="survivor" free="0" total="139919360" percent="0" />
    </mem>
    <mem type="tenure" free="753308152" total="1882062848" percent="40">
      <mem type="soa" free="715665912" total="1844420608" percent="38" />
      <mem type="loa" free="37642240" total="37642240" percent="100" />
    </mem>
    <remembered-set count="194846" />
  </mem-info>
</gc-start>
<allocation-stats totalBytes="691170280" >
  <allocated-bytes non-tlh="28328640" tlh="662841640" />
  <largest-consumer threadName="Group1.Backend.CompositeBackend{Tier1}.1" threadId="0000000000785E00" bytes="103338632" />
</allocation-stats>
<gc-op id="5665" type="scavenge" timems="102.099" contextid="5662" timestamp="2020-09-11T10:32:35.563">
  <scavenger-info tenureage="3" tenuremask="7ff8" tiltratio="85" />
  <memory-copied type="nursery" objects="4075265" bytes="109341424" bytesdiscarded="191256" />
  <memory-copied type="tenure" objects="1065580" bytes="28632424" bytesdiscarded="88608" />
  <ownableSynchronizers candidates="3464" cleared="3200" />
  <references type="soft" candidates="160" cleared="0" enqueued="0" dynamicThreshold="17" maxThreshold="32" />
  <references type="weak" candidates="118" cleared="118" enqueued="0" />
</gc-op>
<gc-end id="5666" type="scavenge" contextid="5662" durationms="103.318" usertimems="729.715" systemtimems="0.000" timestamp="2020-09-11T10:32:35.564" activeThreads="8">
  <mem-info id="5667" free="1417610664" total="2821586944" percent="50">
    <mem type="nursery" free="693136112" total="939524096" percent="73">
      <mem type="allocate" free="693136112" total="802750464" percent="86" />
      <mem type="survivor" free="0" total="136773632" percent="0" />
    </mem>
    <mem type="tenure" free="724474552" total="1882062848" percent="38" macro-fragmented="0">
      <mem type="soa" free="686832312" total="1844420608" percent="37" />
      <mem type="loa" free="37642240" total="37642240" percent="100" />
    </mem>
    <remembered-set count="29432" />
  </mem-info>
</gc-end>
<cycle-end id="5668" type="scavenge" contextid="5662" timestamp="2020-09-11T10:32:35.565" />
<allocation-satisfied id="5669" threadId="0000000000843D00" bytesRequested="16" />
<af-end id="5670" timestamp="2020-09-11T10:32:35.565" threadId="0000000000844680" success="true" from="nursery"/>
<exclusive-end id="5671" timestamp="2020-09-11T10:32:35.565" durationms="105.950" />

<exclusive-start id="5672" timestamp="2020-09-11T10:32:37.622" intervalms="2162.434">
  <response-info timems="0.848" idlems="0.848" threads="0" lastid="0000000000842600" lastname="Group1.Backend.CompositeBackend{Tier1}.4" />
</exclusive-start>
<af-start id="5673" threadId="0000000000842F80" totalBytesRequested="131080" timestamp="2020-09-11T10:32:37.623" intervalms="2162.455" type="nursery" />
<cycle-start id="5674" type="scavenge" contextid="0" timestamp="2020-09-11T10:32:37.623" intervalms="2162.455" />
<gc-start id="5675" type="scavenge" contextid="5674" timestamp="2020-09-11T10:32:37.623">
  <mem-info id="5676" free="724474552" total="2821586944" percent="25">
    <mem type="nursery" free="0" total="939524096" percent="0">
      <mem type="allocate" free="0" total="802750464" percent="0" />
      <mem type="survivor" free="0" total="136773632" percent="0" />
    </mem>
    <mem type="tenure" free="724474552" total="1882062848" percent="38">
      <mem type="soa" free="686832312" total="1844420608" percent="37" />
      <mem type="loa" free="37642240" total="37642240" percent="100" />
    </mem>
    <remembered-set count="193220" />
  </mem-info>
</gc-start>
<allocation-stats totalBytes="692791224" >
  <allocated-bytes non-tlh="32549560" tlh="660241664" />
  <largest-consumer threadName="Group1.Backend.CompositeBackend{Tier1}.4" threadId="0000000000842600" bytes="90742760" />
</allocation-stats>
<gc-op id="5677" type="scavenge" timems="119.049" contextid="5674" timestamp="2020-09-11T10:32:37.742">
  <scavenger-info tenureage="3" tenuremask="7ff8" tiltratio="85" />
  <memory-copied type="nursery" objects="4326785" bytes="115604792" bytesdiscarded="445600" />
  <memory-copied type="tenure" objects="1091234" bytes="29324784" bytesdiscarded="103376" />
  <ownableSynchronizers candidates="4011" cleared="3755" />
  <references type="soft" candidates="168" cleared="0" enqueued="0" dynamicThreshold="17" maxThreshold="32" />
  <references type="weak" candidates="117" cleared="117" enqueued="0" />
</gc-op>
<gc-end id="5678" type="scavenge" contextid="5674" durationms="120.055" usertimems="886.466" systemtimems="0.654" timestamp="2020-09-11T10:32:37.743" activeThreads="8">
  <mem-info id="5679" free="1381795968" total="2821586944" percent="48">
    <mem type="nursery" free="686814016" total="939524096" percent="73">
      <mem type="allocate" free="686814016" total="802947072" percent="85" />
      <mem type="survivor" free="0" total="136577024" percent="0" />
    </mem>
    <mem type="tenure" free="694981952" total="1882062848" percent="36" macro-fragmented="0">
      <mem type="soa" free="657339712" total="1844420608" percent="35" />
      <mem type="loa" free="37642240" total="37642240" percent="100" />
    </mem>
    <remembered-set count="28789" />
  </mem-info>
</gc-end>
<cycle-end id="5680" type="scavenge" contextid="5674" timestamp="2020-09-11T10:32:37.744" />
<allocation-satisfied id="5681" threadId="0000000000842600" bytesRequested="131080" />
<af-end id="5682" timestamp="2020-09-11T10:32:37.744" threadId="0000000000842F80" success="true" from="nursery"/>
<exclusive-end id="5683" timestamp="2020-09-11T10:32:37.744" durationms="122.356" />

<exclusive-start id="5684" timestamp="2020-09-11T10:32:39.706" intervalms="2083.982">
  <response-info timems="0.558" idlems="0.558" threads="0" lastid="0000000000842600" lastname="Group1.Backend.CompositeBackend{Tier1}.4" />
</exclusive-start>
<af-start id="5685" threadId="0000000000842F80" totalBytesRequested="32" timestamp="2020-09-11T10:32:39.707" intervalms="2083.983" type="nursery" />
<cycle-start id="5686" type="scavenge" contextid="0" timestamp="2020-09-11T10:32:39.707" intervalms="2083.998" />
<gc-start id="5687" type="scavenge" contextid="5686" timestamp="2020-09-11T10:32:39.707">
  <mem-info id="5688" free="694981952" total="2821586944" percent="24">
    <mem type="nursery" free="0" total="939524096" percent="0">
      <mem type="allocate" free="0" total="802947072" percent="0" />
      <mem type="survivor" free="0" total="136577024" percent="0" />
    </mem>
    <mem type="tenure" free="694981952" total="1882062848" percent="36">
      <mem type="soa" free="657339712" total="1844420608" percent="35" />
      <mem type="loa" free="37642240" total="37642240" percent="100" />
    </mem>
    <remembered-set count="191008" />
  </mem-info>
</gc-start>
<allocation-stats totalBytes="686481096" >
  <allocated-bytes non-tlh="33564920" tlh="652916176" />
  <largest-consumer threadName="Group1.Backend.CompositeBackend{Tier1}.4" threadId="0000000000842600" bytes="113961360" />
</allocation-stats>
<gc-op id="5689" type="scavenge" timems="113.217" contextid="5686" timestamp="2020-09-11T10:32:39.820">
  <scavenger-info tenureage="3" tenuremask="7ff8" tiltratio="85" />
  <memory-copied type="nursery" objects="4134892" bytes="110867888" bytesdiscarded="239104" />
  <memory-copied type="tenure" objects="1065591" bytes="28656832" bytesdiscarded="104512" />
  <ownableSynchronizers candidates="4367" cleared="4091" />
  <references type="soft" candidates="172" cleared="0" enqueued="0" dynamicThreshold="17" maxThreshold="32" />
  <references type="weak" candidates="98" cleared="98" enqueued="0" />
</gc-op>
<gc-end id="5690" type="scavenge" contextid="5686" durationms="114.278" usertimems="823.839" systemtimems="0.771" timestamp="2020-09-11T10:32:39.821" activeThreads="8">
  <mem-info id="5691" free="1359540848" total="2821586944" percent="48">
    <mem type="nursery" free="693197824" total="939524096" percent="73">
      <mem type="allocate" free="693197824" total="804388864" percent="86" />
      <mem type="survivor" free="0" total="135135232" percent="0" />
    </mem>
    <mem type="tenure" free="666343024" total="1882062848" percent="35" macro-fragmented="0">
      <mem type="soa" free="628700784" total="1844420608" percent="34" />
      <mem type="loa" free="37642240" total="37642240" percent="100" />
    </mem>
    <remembered-set count="29100" />
  </mem-info>
</gc-end>
<cycle-end id="5692" type="scavenge" contextid="5686" timestamp="2020-09-11T10:32:39.823" />
<allocation-satisfied id="5693" threadId="0000000000842600" bytesRequested="32" />
<af-end id="5694" timestamp="2020-09-11T10:32:39.823" threadId="0000000000842F80" success="true" from="nursery"/>
<exclusive-end id="5695" timestamp="2020-09-11T10:32:39.823" durationms="116.971" />

<exclusive-start id="5696" timestamp="2020-09-11T10:32:41.737" intervalms="2031.066">
  <response-info timems="0.532" idlems="0.532" threads="0" lastid="0000000000843100" lastname="Group1.Backend.CompositeBackend{Tier1}.5" />
</exclusive-start>
<af-start id="5697" threadId="0000000000843A80" totalBytesRequested="131080" timestamp="2020-09-11T10:32:41.738" intervalms="2031.001" type="nursery" />
<cycle-start id="5698" type="scavenge" contextid="0" timestamp="2020-09-11T10:32:41.738" intervalms="2030.988" />
<gc-start id="5699" type="scavenge" contextid="5698" timestamp="2020-09-11T10:32:41.738">
  <mem-info id="5700" free="666423016" total="2821586944" percent="23">
    <mem type="nursery" free="79992" total="939524096" percent="0">
      <mem type="allocate" free="79992" total="804388864" percent="0" />
      <mem type="survivor" free="0" total="135135232" percent="0" />
    </mem>
    <mem type="tenure" free="666343024" total="1882062848" percent="35">
      <mem type="soa" free="628700784" total="1844420608" percent="34" />
      <mem type="loa" free="37642240" total="37642240" percent="100" />
    </mem>
    <remembered-set count="192948" />
  </mem-info>
</gc-start>
<allocation-stats totalBytes="692790304" >
  <allocated-bytes non-tlh="31755080" tlh="661035224" />
  <largest-consumer threadName="Group1.Backend.CompositeBackend{Tier1}.7" threadId="0000000000854300" bytes="89594920" />
</allocation-stats>
<gc-op id="5701" type="scavenge" timems="109.430" contextid="5698" timestamp="2020-09-11T10:32:41.848">
  <scavenger-info tenureage="3" tenuremask="7ff8" tiltratio="85" />
  <memory-copied type="nursery" objects="4388451" bytes="116622944" bytesdiscarded="170160" />
  <memory-copied type="tenure" objects="1114370" bytes="29975512" bytesdiscarded="124968" />
  <ownableSynchronizers candidates="4295" cleared="4028" />
  <references type="soft" candidates="213" cleared="0" enqueued="0" dynamicThreshold="17" maxThreshold="32" />
  <references type="weak" candidates="108" cleared="108" enqueued="0" />
</gc-op>
<gc-end id="5702" type="scavenge" contextid="5698" durationms="110.331" usertimems="823.573" systemtimems="0.000" timestamp="2020-09-11T10:32:41.848" activeThreads="8">
  <mem-info id="5703" free="1322198832" total="2821586944" percent="46">
    <mem type="nursery" free="685935160" total="939524096" percent="73">
      <mem type="allocate" free="685935160" total="802816000" percent="85" />
      <mem type="survivor" free="0" total="136708096" percent="0" />
    </mem>
    <mem type="tenure" free="636263672" total="1882062848" percent="33" macro-fragmented="0">
      <mem type="soa" free="598621432" total="1844420608" percent="32" />
      <mem type="loa" free="37642240" total="37642240" percent="100" />
    </mem>
    <remembered-set count="30888" />
  </mem-info>
</gc-end>
<cycle-end id="5704" type="scavenge" contextid="5698" timestamp="2020-09-11T10:32:41.849" />
<allocation-satisfied id="5705" threadId="0000000000843100" bytesRequested="131080" />
<af-end id="5706" timestamp="2020-09-11T10:32:41.849" threadId="0000000000843A80" success="true" from="nursery"/>
<exclusive-end id="5707" timestamp="2020-09-11T10:32:41.849" durationms="112.614" />

<exclusive-start id="5708" timestamp="2020-09-11T10:32:43.782" intervalms="2045.316">
  <response-info timems="10.760" idlems="10.760" threads="0" lastid="0000000000843D00" lastname="Group1.Backend.CompositeBackend{Tier1}.6" />
</exclusive-start>
<af-start id="5709" threadId="0000000000844680" totalBytesRequested="16" timestamp="2020-09-11T10:32:43.783" intervalms="2045.350" type="nursery" />
<cycle-start id="5710" type="scavenge" contextid="0" timestamp="2020-09-11T10:32:43.783" intervalms="2045.344" />
<gc-start id="5711" type="scavenge" contextid="5710" timestamp="2020-09-11T10:32:43.783">
  <mem-info id="5712" free="636263672" total="2821586944" percent="22">
    <mem type="nursery" free="0" total="939524096" percent="0">
      <mem type="allocate" free="0" total="802816000" percent="0" />
      <mem type="survivor" free="0" total="136708096" percent="0" />
    </mem>
    <mem type="tenure" free="636263672" total="1882062848" percent="33">
      <mem type="soa" free="598621432" total="1844420608" percent="32" />
      <mem type="loa" free="37642240" total="37642240" percent="100" />
    </mem>
    <remembered-set count="191104" />
  </mem-info>
</gc-start>
<allocation-stats totalBytes="685616720" >
  <allocated-bytes non-tlh="38092136" tlh="647524584" />
  <largest-consumer threadName="Group1.Backend.CompositeBackend{Tier1}.5" threadId="0000000000843100" bytes="106703008" />
</allocation-stats>
<gc-op id="5713" type="scavenge" timems="107.664" contextid="5710" timestamp="2020-09-11T10:32:43.891">
  <scavenger-info tenureage="3" tenuremask="7ff8" tiltratio="85" />
  <memory-copied type="nursery" objects="4269424" bytes="113399256" bytesdiscarded="234944" />
  <memory-copied type="tenure" objects="1117186" bytes="30023800" bytesdiscarded="113352" />
  <ownableSynchronizers candidates="3759" cleared="3486" />
  <references type="soft" candidates="185" cleared="0" enqueued="0" dynamicThreshold="17" maxThreshold="32" />
  <references type="weak" candidates="127" cleared="127" enqueued="0" />
</gc-op>
<gc-end id="5714" type="scavenge" contextid="5710" durationms="108.717" usertimems="851.672" systemtimems="0.000" timestamp="2020-09-11T10:32:43.892" activeThreads="8">
  <mem-info id="5715" free="1296316984" total="2821586944" percent="45">
    <mem type="nursery" free="690276600" total="939524096" percent="73">
      <mem type="allocate" free="690276600" total="803995648" percent="85" />
      <mem type="survivor" free="0" total="135528448" percent="0" />
    </mem>
    <mem type="tenure" free="606040384" total="1882062848" percent="32" macro-fragmented="0">
      <mem type="soa" free="568398144" total="1844420608" percent="30" />
      <mem type="loa" free="37642240" total="37642240" percent="100" />
    </mem>
    <remembered-set count="30609" />
  </mem-info>
</gc-end>
<cycle-end id="5716" type="scavenge" contextid="5710" timestamp="2020-09-11T10:32:43.893" />
<allocation-satisfied id="5717" threadId="0000000000843D00" bytesRequested="16" />
<af-end id="5718" timestamp="2020-09-11T10:32:43.893" threadId="0000000000844680" success="true" from="nursery"/>
<exclusive-end id="5719" timestamp="2020-09-11T10:32:43.893" durationms="110.961" />

<exclusive-start id="5720" timestamp="2020-09-11T10:32:45.922" intervalms="2139.618">
  <response-info timems="0.962" idlems="0.672" threads="1" lastid="0000000000843100" lastname="Group1.Backend.CompositeBackend{Tier1}.5" />
</exclusive-start>
<af-start id="5721" threadId="00000000008D0A80" totalBytesRequested="536" timestamp="2020-09-11T10:32:45.923" intervalms="2139.696" type="nursery" />
<cycle-start id="5722" type="scavenge" contextid="0" timestamp="2020-09-11T10:32:45.923" intervalms="2139.721" />
<gc-start id="5723" type="scavenge" contextid="5722" timestamp="2020-09-11T10:32:45.923">
  <mem-info id="5724" free="606040384" total="2821586944" percent="21">
    <mem type="nursery" free="0" total="939524096" percent="0">
      <mem type="allocate" free="0" total="803995648" percent="0" />
      <mem type="survivor" free="0" total="135528448" percent="0" />
    </mem>
    <mem type="tenure" free="606040384" total="1882062848" percent="32">
      <mem type="soa" free="568398144" total="1844420608" percent="30" />
      <mem type="loa" free="37642240" total="37642240" percent="100" />
    </mem>
    <remembered-set count="197067" />
  </mem-info>
</gc-start>
<allocation-stats totalBytes="689941792" >
  <allocated-bytes non-tlh="28404144" tlh="661537648" />
  <largest-consumer threadName="Group1.Backend.CompositeBackend{Tier1}.1" threadId="0000000000785E00" bytes="88111448" />
</allocation-stats>
<gc-op id="5725" type="scavenge" timems="108.006" contextid="5722" timestamp="2020-09-11T10:32:46.031">
  <scavenger-info tenureage="3" tenuremask="7ff8" tiltratio="85" />
  <memory-copied type="nursery" objects="4253618" bytes="113941832" bytesdiscarded="187416" />
  <memory-copied type="tenure" objects="1088217" bytes="29253232" bytesdiscarded="107968" />
  <ownableSynchronizers candidates="4293" cleared="4021" />
  <references type="soft" candidates="182" cleared="0" enqueued="0" dynamicThreshold="17" maxThreshold="32" />
  <references type="weak" candidates="109" cleared="109" enqueued="0" />
</gc-op>
<gc-end id="5726" type="scavenge" contextid="5722" durationms="109.333" usertimems="782.170" systemtimems="0.000" timestamp="2020-09-11T10:32:46.032" activeThreads="8">
  <mem-info id="5727" free="1267963008" total="2821586944" percent="44">
    <mem type="nursery" free="691279568" total="939524096" percent="73">
      <mem type="allocate" free="691279568" total="805502976" percent="85" />
      <mem type="survivor" free="0" total="134021120" percent="0" />
    </mem>
    <mem type="tenure" free="576683440" total="1882062848" percent="30" macro-fragmented="0">
      <mem type="soa" free="539041200" total="1844420608" percent="29" />
      <mem type="loa" free="37642240" total="37642240" percent="100" />
    </mem>
    <remembered-set count="32031" />
  </mem-info>
</gc-end>
<cycle-end id="5728" type="scavenge" contextid="5722" timestamp="2020-09-11T10:32:46.033" />
<allocation-satisfied id="5729" threadId="00000000008D0100" bytesRequested="536" />
<af-end id="5730" timestamp="2020-09-11T10:32:46.034" threadId="00000000008D0A80" success="true" from="nursery"/>
<exclusive-end id="5731" timestamp="2020-09-11T10:32:46.034" durationms="111.852" />

<exclusive-start id="5732" timestamp="2020-09-11T10:32:48.051" intervalms="2128.801">
  <response-info timems="0.448" idlems="0.448" threads="0" lastid="00000000007F6F00" lastname="Group1.Backend.CompositeBackend{Tier1}.2" />
</exclusive-start>
<af-start id="5733" threadId="00000000007F7880" totalBytesRequested="48" timestamp="2020-09-11T10:32:48.051" intervalms="2128.586" type="nursery" />
<cycle-start id="5734" type="scavenge" contextid="0" timestamp="2020-09-11T10:32:48.051" intervalms="2128.570" />
<gc-start id="5735" type="scavenge" contextid="5734" timestamp="2020-09-11T10:32:48.052">
  <mem-info id="5736" free="576683440" total="2821586944" percent="20">
    <mem type="nursery" free="0" total="939524096" percent="0">
      <mem type="allocate" free="0" total="805502976" percent="0" />
      <mem type="survivor" free="0" total="134021120" percent="0" />
    </mem>
    <mem type="tenure" free="576683440" total="1882062848" percent="30">
      <mem type="soa" free="539041200" total="1844420608" percent="29" />
      <mem type="loa" free="37642240" total="37642240" percent="100" />
    </mem>
    <remembered-set count="196560" />
  </mem-info>
</gc-start>
<allocation-stats totalBytes="690938344" >
  <allocated-bytes non-tlh="30491208" tlh="660447136" />
  <largest-consumer threadName="Group1.Backend.CompositeBackend{Tier1}.6" threadId="0000000000843D00" bytes="88703296" />
</allocation-stats>
<gc-op id="5737" type="scavenge" timems="98.666" contextid="5734" timestamp="2020-09-11T10:32:48.150">
  <scavenger-info tenureage="3" tenuremask="7ff8" tiltratio="85" />
  <memory-copied type="nursery" objects="4195290" bytes="112161760" bytesdiscarded="289640" />
  <memory-copied type="tenure" objects="1089816" bytes="29289144" bytesdiscarded="126408" />
  <ownableSynchronizers candidates="4221" cleared="3954" />
  <references type="soft" candidates="153" cleared="0" enqueued="0" dynamicThreshold="17" maxThreshold="32" />
  <references type="weak" candidates="103" cleared="103" enqueued="0" />
</gc-op>
<gc-end id="5738" type="scavenge" contextid="5734" durationms="99.583" usertimems="704.515" systemtimems="0.000" timestamp="2020-09-11T10:32:48.151" activeThreads="8">
  <mem-info id="5739" free="1241570576" total="2821586944" percent="44">
    <mem type="nursery" free="694213872" total="939524096" percent="73">
      <mem type="allocate" free="694213872" total="806748160" percent="86" />
      <mem type="survivor" free="0" total="132775936" percent="0" />
    </mem>
    <mem type="tenure" free="547356704" total="1882062848" percent="29" macro-fragmented="0">
      <mem type="soa" free="509714464" total="1844420608" percent="27" />
      <mem type="loa" free="37642240" total="37642240" percent="100" />
    </mem>
    <remembered-set count="31730" />
  </mem-info>
</gc-end>
<cycle-end id="5740" type="scavenge" contextid="5734" timestamp="2020-09-11T10:32:48.152" />
<allocation-satisfied id="5741" threadId="00000000007F6F00" bytesRequested="48" />
<af-end id="5742" timestamp="2020-09-11T10:32:48.152" threadId="00000000007F7880" success="true" from="nursery"/>
<exclusive-end id="5743" timestamp="2020-09-11T10:32:48.152" durationms="101.958" />

<exclusive-start id="5744" timestamp="2020-09-11T10:32:50.132" intervalms="2081.095">
  <response-info timems="0.429" idlems="0.429" threads="0" lastid="0000000000856800" lastname="Group1.Backend.CompositeBackend{Tier1}.3" />
</exclusive-start>
<af-start id="5745" threadId="0000000000857180" totalBytesRequested="32" timestamp="2020-09-11T10:32:50.132" intervalms="2081.153" type="nursery" />
<cycle-start id="5746" type="scavenge" contextid="0" timestamp="2020-09-11T10:32:50.133" intervalms="2081.217" />
<gc-start id="5747" type="scavenge" contextid="5746" timestamp="2020-09-11T10:32:50.133">
  <mem-info id="5748" free="547356704" total="2821586944" percent="19">
    <mem type="nursery" free="0" total="939524096" percent="0">
      <mem type="allocate" free="0" total="806748160" percent="0" />
      <mem type="survivor" free="0" total="132775936" percent="0" />
    </mem>
    <mem type="tenure" free="547356704" total="1882062848" percent="29">
      <mem type="soa" free="509714464" total="1844420608" percent="27" />
      <mem type="loa" free="37642240" total="37642240" percent="100" />
    </mem>
    <remembered-set count="193951" />
  </mem-info>
</gc-start>
<allocation-stats totalBytes="693865672" >
  <allocated-bytes non-tlh="36234544" tlh="657631128" />
  <largest-consumer threadName="Group1.Backend.CompositeBackend{Tier1}.3" threadId="0000000000856800" bytes="102361704" />
</allocation-stats>
<gc-op id="5749" type="scavenge" timems="103.038" contextid="5746" timestamp="2020-09-11T10:32:50.236">
  <scavenger-info tenureage="3" tenuremask="7ff8" tiltratio="85" />
  <memory-copied type="nursery" objects="4080004" bytes="109502920" bytesdiscarded="534664" />
  <memory-copied type="tenure" objects="1042756" bytes="27995592" bytesdiscarded="108272" />
  <ownableSynchronizers candidates="4353" cleared="4092" />
  <references type="soft" candidates="191" cleared="0" enqueued="0" dynamicThreshold="17" maxThreshold="32" />
  <references type="weak" candidates="112" cleared="112" enqueued="0" />
</gc-op>
<gc-end id="5750" type="scavenge" contextid="5746" durationms="104.254" usertimems="764.054" systemtimems="1.840" timestamp="2020-09-11T10:32:50.237" activeThreads="8">
  <mem-info id="5751" free="1217336792" total="2821586944" percent="43">
    <mem type="nursery" free="698068736" total="939524096" percent="74">
      <mem type="allocate" free="698068736" total="808189952" percent="86" />
      <mem type="survivor" free="0" total="131334144" percent="0" />
    </mem>
    <mem type="tenure" free="519268056" total="1882062848" percent="27" macro-fragmented="0">
      <mem type="soa" free="481625816" total="1844420608" percent="26" />
      <mem type="loa" free="37642240" total="37642240" percent="100" />
    </mem>
    <remembered-set count="30415" />
  </mem-info>
</gc-end>
<cycle-end id="5752" type="scavenge" contextid="5746" timestamp="2020-09-11T10:32:50.241" />
<allocation-satisfied id="5753" threadId="0000000000856800" bytesRequested="32" />
<af-end id="5754" timestamp="2020-09-11T10:32:50.241" threadId="0000000000857180" success="true" from="nursery"/>
<exclusive-end id="5755" timestamp="2020-09-11T10:32:50.241" durationms="109.866" />

<exclusive-start id="5756" timestamp="2020-09-11T10:32:52.303" intervalms="2170.943">
  <response-info timems="0.455" idlems="0.455" threads="0" lastid="0000000000856800" lastname="Group1.Backend.CompositeBackend{Tier1}.3" />
</exclusive-start>
<af-start id="5757" threadId="0000000000857180" totalBytesRequested="24" timestamp="2020-09-11T10:32:52.303" intervalms="2171.045" type="nursery" />
<cycle-start id="5758" type="scavenge" contextid="0" timestamp="2020-09-11T10:32:52.304" intervalms="2170.988" />
<gc-start id="5759" type="scavenge" contextid="5758" timestamp="2020-09-11T10:32:52.304">
  <mem-info id="5760" free="519268056" total="2821586944" percent="18">
    <mem type="nursery" free="0" total="939524096" percent="0">
      <mem type="allocate" free="0" total="808189952" percent="0" />
      <mem type="survivor" free="0" total="131334144" percent="0" />
    </mem>
    <mem type="tenure" free="519268056" total="1882062848" percent="27">
      <mem type="soa" free="481625816" total="1844420608" percent="26" />
      <mem type="loa" free="37642240" total="37642240" percent="100" />
    </mem>
    <remembered-set count="197532" />
  </mem-info>
</gc-start>
<allocation-stats totalBytes="697725416" >
  <allocated-bytes non-tlh="24949432" tlh="672775984" />
  <largest-consumer threadName="Group1.Backend.CompositeBackend{Tier1}.3" threadId="0000000000856800" bytes="122642296" />
</allocation-stats>
<gc-op id="5761" type="scavenge" timems="114.273" contextid="5758" timestamp="2020-09-11T10:32:52.418">
  <scavenger-info tenureage="3" tenuremask="7ff8" tiltratio="86" />
  <memory-copied type="nursery" objects="4276882" bytes="113873752" bytesdiscarded="278056" />
  <memory-copied type="tenure" objects="1116666" bytes="30007048" bytesdiscarded="124088" />
  <ownableSynchronizers candidates="4288" cleared="4022" />
  <references type="soft" candidates="187" cleared="0" enqueued="0" dynamicThreshold="17" maxThreshold="32" />
  <references type="weak" candidates="112" cleared="112" enqueued="0" />
</gc-op>
<gc-end id="5762" type="scavenge" contextid="5758" durationms="115.677" usertimems="840.106" systemtimems="2.943" timestamp="2020-09-11T10:32:52.419" activeThreads="8">
  <mem-info id="5763" free="1182055864" total="2821586944" percent="41">
    <mem type="nursery" free="693028320" total="939524096" percent="73">
      <mem type="allocate" free="693028320" total="807272448" percent="85" />
      <mem type="survivor" free="0" total="132251648" percent="0" />
    </mem>
    <mem type="tenure" free="489027544" total="1882062848" percent="25" macro-fragmented="0">
      <mem type="soa" free="451385304" total="1844420608" percent="24" />
      <mem type="loa" free="37642240" total="37642240" percent="100" />
    </mem>
    <remembered-set count="30925" />
  </mem-info>
</gc-end>
<cycle-end id="5764" type="scavenge" contextid="5758" timestamp="2020-09-11T10:32:52.424" />
<allocation-satisfied id="5765" threadId="0000000000856800" bytesRequested="24" />
<af-end id="5766" timestamp="2020-09-11T10:32:52.424" threadId="0000000000857180" success="true" from="nursery"/>
<exclusive-end id="5767" timestamp="2020-09-11T10:32:52.424" durationms="121.754" />

<exclusive-start id="5768" timestamp="2020-09-11T10:32:54.391" intervalms="2088.825">
  <response-info timems="1.532" idlems="1.532" threads="0" lastid="0000000000854300" lastname="Group1.Backend.CompositeBackend{Tier1}.7" />
</exclusive-start>
<af-start id="5769" threadId="0000000000854C80" totalBytesRequested="32" timestamp="2020-09-11T10:32:54.392" intervalms="2088.743" type="nursery" />
<cycle-start id="5770" type="scavenge" contextid="0" timestamp="2020-09-11T10:32:54.392" intervalms="2088.723" />
<gc-start id="5771" type="scavenge" contextid="5770" timestamp="2020-09-11T10:32:54.393">
  <mem-info id="5772" free="489027544" total="2821586944" percent="17">
    <mem type="nursery" free="0" total="939524096" percent="0">
      <mem type="allocate" free="0" total="807272448" percent="0" />
      <mem type="survivor" free="0" total="132251648" percent="0" />
    </mem>
    <mem type="tenure" free="489027544" total="1882062848" percent="25">
      <mem type="soa" free="451385304" total="1844420608" percent="24" />
      <mem type="loa" free="37642240" total="37642240" percent="100" />
    </mem>
    <remembered-set count="192810" />
  </mem-info>
</gc-start>
<allocation-stats totalBytes="692695848" >
  <allocated-bytes non-tlh="37773288" tlh="654922560" />
  <largest-consumer threadName="Group1.Backend.CompositeBackend{Tier1}.4" threadId="0000000000842600" bytes="98963840" />
</allocation-stats>
<gc-op id="5773" type="scavenge" timems="103.977" contextid="5770" timestamp="2020-09-11T10:32:54.497">
  <scavenger-info tenureage="3" tenuremask="7ff8" tiltratio="85" />
  <memory-copied type="nursery" objects="4115565" bytes="110419488" bytesdiscarded="383544" />
  <memory-copied type="tenure" objects="1099725" bytes="29564648" bytesdiscarded="116856" />
  <ownableSynchronizers candidates="4018" cleared="3754" />
  <references type="soft" candidates="188" cleared="0" enqueued="0" dynamicThreshold="17" maxThreshold="32" />
  <references type="weak" candidates="113" cleared="113" enqueued="0" />
</gc-op>
<gc-end id="5774" type="scavenge" contextid="5770" durationms="105.043" usertimems="773.601" systemtimems="0.000" timestamp="2020-09-11T10:32:54.497" activeThreads="8">
  <mem-info id="5775" free="1156698056" total="2821586944" percent="40">
    <mem type="nursery" free="697297664" total="939524096" percent="74">
      <mem type="allocate" free="697297664" total="808189952" percent="86" />
      <mem type="survivor" free="0" total="131334144" percent="0" />
    </mem>
    <mem type="tenure" free="459400392" total="1882062848" percent="24" macro-fragmented="0">
      <mem type="soa" free="421758152" total="1844420608" percent="22" />
      <mem type="loa" free="37642240" total="37642240" percent="100" />
    </mem>
    <remembered-set count="31452" />
  </mem-info>
</gc-end>
<cycle-end id="5776" type="scavenge" contextid="5770" timestamp="2020-09-11T10:32:54.502" />
<allocation-satisfied id="5777" threadId="0000000000854300" bytesRequested="32" />
<af-end id="5778" timestamp="2020-09-11T10:32:54.502" threadId="0000000000854C80" success="true" from="nursery"/>
<exclusive-end id="5779" timestamp="2020-09-11T10:32:54.502" durationms="110.192" />

<exclusive-start id="5780" timestamp="2020-09-11T10:32:56.435" intervalms="2043.622">
  <response-info timems="0.497" idlems="0.497" threads="0" lastid="0000000000843100" lastname="Group1.Backend.CompositeBackend{Tier1}.5" />
</exclusive-start>
<af-start id="5781" threadId="0000000000843A80" totalBytesRequested="664" timestamp="2020-09-11T10:32:56.436" intervalms="2043.523" type="nursery" />
<cycle-start id="5782" type="scavenge" contextid="0" timestamp="2020-09-11T10:32:56.436" intervalms="2043.517" />
<gc-start id="5783" type="scavenge" contextid="5782" timestamp="2020-09-11T10:32:56.436">
  <mem-info id="5784" free="459400392" total="2821586944" percent="16">
    <mem type="nursery" free="0" total="939524096" percent="0">
      <mem type="allocate" free="0" total="808189952" percent="0" />
      <mem type="survivor" free="0" total="131334144" percent="0" />
    </mem>
    <mem type="tenure" free="459400392" total="1882062848" percent="24">
      <mem type="soa" free="421758152" total="1844420608" percent="22" />
      <mem type="loa" free="37642240" total="37642240" percent="100" />
    </mem>
    <remembered-set count="193817" />
  </mem-info>
</gc-start>
<allocation-stats totalBytes="696972608" >
  <allocated-bytes non-tlh="35237720" tlh="661734888" />
  <largest-consumer threadName="Group1.Backend.CompositeBackend{Tier1}.7" threadId="0000000000854300" bytes="87741920" />
</allocation-stats>
<gc-op id="5785" type="scavenge" timems="96.585" contextid="5782" timestamp="2020-09-11T10:32:56.533">
  <scavenger-info tenureage="3" tenuremask="7ff8" tiltratio="86" />
  <memory-copied type="nursery" objects="4119721" bytes="110628280" bytesdiscarded="218552" />
  <memory-copied type="tenure" objects="1079385" bytes="29004440" bytesdiscarded="117984" />
  <ownableSynchronizers candidates="4297" cleared="4025" />
  <references type="soft" candidates="172" cleared="0" enqueued="0" dynamicThreshold="17" maxThreshold="32" />
  <references type="weak" candidates="117" cleared="117" enqueued="0" />
</gc-op>
<gc-end id="5786" type="scavenge" contextid="5782" durationms="97.493" usertimems="725.575" systemtimems="0.000" timestamp="2020-09-11T10:32:56.533" activeThreads="8">
  <mem-info id="5787" free="1129025840" total="2821586944" percent="40">
    <mem type="nursery" free="698703280" total="939524096" percent="74">
      <mem type="allocate" free="698703280" total="809631744" percent="86" />
      <mem type="survivor" free="0" total="129892352" percent="0" />
    </mem>
    <mem type="tenure" free="430322560" total="1882062848" percent="22" macro-fragmented="0">
      <mem type="soa" free="392680320" total="1844420608" percent="21" />
      <mem type="loa" free="37642240" total="37642240" percent="100" />
    </mem>
    <remembered-set count="30777" />
  </mem-info>
</gc-end>
<cycle-end id="5788" type="scavenge" contextid="5782" timestamp="2020-09-11T10:32:56.537" />
<allocation-satisfied id="5789" threadId="0000000000843100" bytesRequested="664" />
<af-end id="5790" timestamp="2020-09-11T10:32:56.537" threadId="0000000000843A80" success="true" from="nursery"/>
<exclusive-end id="5791" timestamp="2020-09-11T10:32:56.537" durationms="102.428" />

<exclusive-start id="5792" timestamp="2020-09-11T10:32:58.613" intervalms="2178.266">
  <response-info timems="0.540" idlems="0.540" threads="0" lastid="0000000000843D00" lastname="Group1.Backend.CompositeBackend{Tier1}.6" />
</exclusive-start>
<af-start id="5793" threadId="0000000000844680" totalBytesRequested="267264" timestamp="2020-09-11T10:32:58.614" intervalms="2178.409" type="nursery" />
<cycle-start id="5794" type="scavenge" contextid="0" timestamp="2020-09-11T10:32:58.614" intervalms="2178.440" />
<gc-start id="5795" type="scavenge" contextid="5794" timestamp="2020-09-11T10:32:58.615">
  <mem-info id="5796" free="430322560" total="2821586944" percent="15">
    <mem type="nursery" free="0" total="939524096" percent="0">
      <mem type="allocate" free="0" total="809631744" percent="0" />
      <mem type="survivor" free="0" total="129892352" percent="0" />
    </mem>
    <mem type="tenure" free="430322560" total="1882062848" percent="22">
      <mem type="soa" free="392680320" total="1844420608" percent="21" />
      <mem type="loa" free="37642240" total="37642240" percent="100" />
    </mem>
    <remembered-set count="193985" />
  </mem-info>
</gc-start>
<allocation-stats totalBytes="698351984" >
  <allocated-bytes non-tlh="33812392" tlh="664539592" />
  <largest-consumer threadName="Group1.Backend.CompositeBackend{Tier1}.3" threadId="0000000000856800" bytes="98987456" />
</allocation-stats>
<gc-op id="5797" type="scavenge" timems="122.030" contextid="5794" timestamp="2020-09-11T10:32:58.737">
  <scavenger-info tenureage="3" tenuremask="7ff8" tiltratio="86" />
  <memory-copied type="nursery" objects="4385840" bytes="116642488" bytesdiscarded="296104" />
  <memory-copied type="tenure" objects="1146815" bytes="30845232" bytesdiscarded="111968" />
  <ownableSynchronizers candidates="3477" cleared="3220" />
  <references type="soft" candidates="184" cleared="0" enqueued="0" dynamicThreshold="17" maxThreshold="32" />
  <references type="weak" candidates="117" cleared="117" enqueued="0" />
</gc-op>
<gc-end id="5798" type="scavenge" contextid="5794" durationms="123.029" usertimems="938.393" systemtimems="16.722" timestamp="2020-09-11T10:32:58.737" activeThreads="8">
  <mem-info id="5799" free="1085945592" total="2821586944" percent="38">
    <mem type="nursery" free="686579936" total="939524096" percent="73">
      <mem type="allocate" free="686579936" total="803602432" percent="85" />
      <mem type="survivor" free="0" total="135921664" percent="0" />
    </mem>
    <mem type="tenure" free="399365656" total="1882062848" percent="21" macro-fragmented="0">
      <mem type="soa" free="361723416" total="1844420608" percent="19" />
      <mem type="loa" free="37642240" total="37642240" percent="100" />
    </mem>
    <remembered-set count="31324" />
  </mem-info>
</gc-end>
<cycle-end id="5800" type="scavenge" contextid="5794" timestamp="2020-09-11T10:32:58.741" />
<allocation-satisfied id="5801" threadId="0000000000843D00" bytesRequested="267264" />
<af-end id="5802" timestamp="2020-09-11T10:32:58.741" threadId="0000000000844680" success="true" from="nursery"/>
<exclusive-end id="5803" timestamp="2020-09-11T10:32:58.741" durationms="128.168" />

<exclusive-start id="5804" timestamp="2020-09-11T10:33:00.678" intervalms="2064.854">
  <response-info timems="1.745" idlems="1.745" threads="0" lastid="0000000000854300" lastname="Group1.Backend.CompositeBackend{Tier1}.7" />
</exclusive-start>
<af-start id="5805" threadId="0000000000854C80" totalBytesRequested="40" timestamp="2020-09-11T10:33:00.679" intervalms="2064.751" type="nursery" />
<cycle-start id="5806" type="scavenge" contextid="0" timestamp="2020-09-11T10:33:00.679" intervalms="2064.722" />
<gc-start id="5807" type="scavenge" contextid="5806" timestamp="2020-09-11T10:33:00.679">
  <mem-info id="5808" free="399365656" total="2821586944" percent="14">
    <mem type="nursery" free="0" total="939524096" percent="0">
      <mem type="allocate" free="0" total="803602432" percent="0" />
      <mem type="survivor" free="0" total="135921664" percent="0" />
    </mem>
    <mem type="tenure" free="399365656" total="1882062848" percent="21">
      <mem type="soa" free="361723416" total="1844420608" percent="19" />
      <mem type="loa" free="37642240" total="37642240" percent="100" />
    </mem>
    <remembered-set count="196653" />
  </mem-info>
</gc-start>
<allocation-stats totalBytes="686230792" >
  <allocated-bytes non-tlh="27005304" tlh="659225488" />
  <largest-consumer threadName="Group1.Backend.CompositeBackend{Tier1}.3" threadId="0000000000856800" bytes="91010640" />
</allocation-stats>
<gc-op id="5809" type="scavenge" timems="179.217" contextid="5806" timestamp="2020-09-11T10:33:00.859">
  <scavenger-info tenureage="3" tenuremask="7ff8" tiltratio="85" />
  <memory-copied type="nursery" objects="4677491" bytes="122910480" bytesdiscarded="447768" />
  <memory-copied type="tenure" objects="1091170" bytes="29319296" bytesdiscarded="131304" />
  <ownableSynchronizers candidates="4775" cleared="4496" />
  <references type="soft" candidates="195" cleared="0" enqueued="0" dynamicThreshold="17" maxThreshold="32" />
  <references type="weak" candidates="104" cleared="102" enqueued="0" />
</gc-op>
<gc-end id="5810" type="scavenge" contextid="5806" durationms="180.632" usertimems="1273.651" systemtimems="23.938" timestamp="2020-09-11T10:33:00.860" activeThreads="8">
  <mem-info id="5811" free="1043010792" total="2821586944" percent="36">
    <mem type="nursery" free="673144824" total="939524096" percent="71">
      <mem type="allocate" free="673144824" total="796590080" percent="84" />
      <mem type="survivor" free="0" total="142934016" percent="0" />
    </mem>
    <mem type="tenure" free="369865968" total="1882062848" percent="19" macro-fragmented="0">
      <mem type="soa" free="332223728" total="1844420608" percent="18" />
      <mem type="loa" free="37642240" total="37642240" percent="100" />
    </mem>
    <remembered-set count="31728" />
  </mem-info>
</gc-end>
<cycle-end id="5812" type="scavenge" contextid="5806" timestamp="2020-09-11T10:33:00.865" />
<allocation-satisfied id="5813" threadId="0000000000854300" bytesRequested="40" />
<af-end id="5814" timestamp="2020-09-11T10:33:00.865" threadId="0000000000854C80" success="true" from="nursery"/>
<exclusive-end id="5815" timestamp="2020-09-11T10:33:00.865" durationms="186.879" />

<exclusive-start id="5816" timestamp="2020-09-11T10:33:02.686" intervalms="2007.580">
  <response-info timems="0.544" idlems="0.370" threads="1" lastid="0000000000842600" lastname="Group1.Backend.CompositeBackend{Tier1}.4" />
</exclusive-start>
<af-start id="5817" threadId="0000000000844680" totalBytesRequested="32" timestamp="2020-09-11T10:33:02.686" intervalms="2007.696" type="nursery" />
<cycle-start id="5818" type="scavenge" contextid="0" timestamp="2020-09-11T10:33:02.687" intervalms="2007.732" />
<gc-start id="5819" type="scavenge" contextid="5818" timestamp="2020-09-11T10:33:02.687">
  <mem-info id="5820" free="369865968" total="2821586944" percent="13">
    <mem type="nursery" free="0" total="939524096" percent="0">
      <mem type="allocate" free="0" total="796590080" percent="0" />
      <mem type="survivor" free="0" total="142934016" percent="0" />
    </mem>
    <mem type="tenure" free="369865968" total="1882062848" percent="19">
      <mem type="soa" free="332223728" total="1844420608" percent="18" />
      <mem type="loa" free="37642240" total="37642240" percent="100" />
    </mem>
    <remembered-set count="192057" />
  </mem-info>
</gc-start>
<allocation-stats totalBytes="672826968" >
  <allocated-bytes non-tlh="31237192" tlh="641589776" />
  <largest-consumer threadName="Group1.Backend.CompositeBackend{Tier1}.4" threadId="0000000000842600" bytes="97294728" />
</allocation-stats>
<gc-op id="5821" type="scavenge" timems="134.904" contextid="5818" timestamp="2020-09-11T10:33:02.822">
  <scavenger-info tenureage="3" tenuremask="7ff8" tiltratio="84" />
  <memory-copied type="nursery" objects="4306937" bytes="114627416" bytesdiscarded="233368" />
  <memory-copied type="tenure" objects="1085382" bytes="29289424" bytesdiscarded="141160" />
  <ownableSynchronizers candidates="4527" cleared="4230" />
  <references type="soft" candidates="207" cleared="0" enqueued="0" dynamicThreshold="17" maxThreshold="32" />
  <references type="weak" candidates="128" cleared="128" enqueued="0" />
</gc-op>
<gc-end id="5822" type="scavenge" contextid="5818" durationms="135.897" usertimems="952.790" systemtimems="11.509" timestamp="2020-09-11T10:33:02.823" activeThreads="8">
  <mem-info id="5823" free="1023148096" total="2821586944" percent="36">
    <mem type="nursery" free="682695936" total="939524096" percent="72">
      <mem type="allocate" free="682695936" total="797638656" percent="85" />
      <mem type="survivor" free="0" total="141885440" percent="0" />
    </mem>
    <mem type="tenure" free="340452160" total="1882062848" percent="18" macro-fragmented="0">
      <mem type="soa" free="302809920" total="1844420608" percent="16" />
      <mem type="loa" free="37642240" total="37642240" percent="100" />
    </mem>
    <remembered-set count="31174" />
  </mem-info>
</gc-end>
<cycle-end id="5824" type="scavenge" contextid="5818" timestamp="2020-09-11T10:33:02.824" />
<allocation-satisfied id="5825" threadId="0000000000843D00" bytesRequested="32" />
<af-end id="5826" timestamp="2020-09-11T10:33:02.824" threadId="0000000000844680" success="true" from="nursery"/>
<exclusive-end id="5827" timestamp="2020-09-11T10:33:02.824" durationms="138.580" />

<exclusive-start id="5828" timestamp="2020-09-11T10:33:04.765" intervalms="2078.938">
  <response-info timems="0.740" idlems="0.740" threads="0" lastid="0000000000843100" lastname="Group1.Backend.CompositeBackend{Tier1}.5" />
</exclusive-start>
<af-start id="5829" threadId="0000000000843A80" totalBytesRequested="16" timestamp="2020-09-11T10:33:04.765" intervalms="2078.839" type="nursery" />
<cycle-start id="5830" type="scavenge" contextid="0" timestamp="2020-09-11T10:33:04.765" intervalms="2078.802" />
<gc-start id="5831" type="scavenge" contextid="5830" timestamp="2020-09-11T10:33:04.766">
  <mem-info id="5832" free="340452160" total="2821586944" percent="12">
    <mem type="nursery" free="0" total="939524096" percent="0">
      <mem type="allocate" free="0" total="797638656" percent="0" />
      <mem type="survivor" free="0" total="141885440" percent="0" />
    </mem>
    <mem type="tenure" free="340452160" total="1882062848" percent="18">
      <mem type="soa" free="302809920" total="1844420608" percent="16" />
      <mem type="loa" free="37642240" total="37642240" percent="100" />
    </mem>
    <remembered-set count="193481" />
  </mem-info>
</gc-start>
<allocation-stats totalBytes="682385328" >
  <allocated-bytes non-tlh="33305752" tlh="649079576" />
  <largest-consumer threadName="Group1.Backend.CompositeBackend{Tier1}.6" threadId="0000000000843D00" bytes="103451200" />
</allocation-stats>
<gc-op id="5833" type="scavenge" timems="122.962" contextid="5830" timestamp="2020-09-11T10:33:04.889">
  <scavenger-info tenureage="3" tenuremask="7ff8" tiltratio="84" />
  <memory-copied type="nursery" objects="4660797" bytes="122513624" bytesdiscarded="183144" />
  <memory-copied type="tenure" objects="1098585" bytes="29530032" bytesdiscarded="147104" />
  <ownableSynchronizers candidates="4244" cleared="3955" />
  <references type="soft" candidates="190" cleared="0" enqueued="0" dynamicThreshold="17" maxThreshold="32" />
  <references type="weak" candidates="103" cleared="103" enqueued="0" />
</gc-op>
<gc-end id="5834" type="scavenge" contextid="5830" durationms="123.813" usertimems="945.865" systemtimems="0.361" timestamp="2020-09-11T10:33:04.889" activeThreads="8">
  <mem-info id="5835" free="982317568" total="2821586944" percent="34">
    <mem type="nursery" free="671510488" total="939524096" percent="71">
      <mem type="allocate" free="671510488" total="794296320" percent="84" />
      <mem type="survivor" free="0" total="145227776" percent="0" />
    </mem>
    <mem type="tenure" free="310807080" total="1882062848" percent="16" macro-fragmented="0">
      <mem type="soa" free="273164840" total="1844420608" percent="14" />
      <mem type="loa" free="37642240" total="37642240" percent="100" />
    </mem>
    <remembered-set count="30971" />
  </mem-info>
</gc-end>
<cycle-end id="5836" type="scavenge" contextid="5830" timestamp="2020-09-11T10:33:04.891" />
<allocation-satisfied id="5837" threadId="0000000000843100" bytesRequested="16" />
<af-end id="5838" timestamp="2020-09-11T10:33:04.891" threadId="0000000000843A80" success="true" from="nursery"/>
<exclusive-end id="5839" timestamp="2020-09-11T10:33:04.891" durationms="125.960" />

<exclusive-start id="5840" timestamp="2020-09-11T10:33:06.778" intervalms="2012.941">
  <response-info timems="0.494" idlems="0.483" threads="1" lastid="0000000000854300" lastname="Group1.Backend.CompositeBackend{Tier1}.7" />
</exclusive-start>
<af-start id="5841" threadId="0000000000857180" totalBytesRequested="32" timestamp="2020-09-11T10:33:06.778" intervalms="2013.019" type="nursery" />
<cycle-start id="5842" type="scavenge" contextid="0" timestamp="2020-09-11T10:33:06.779" intervalms="2013.027" />
<gc-start id="5843" type="scavenge" contextid="5842" timestamp="2020-09-11T10:33:06.779">
  <mem-info id="5844" free="310807080" total="2821586944" percent="11">
    <mem type="nursery" free="0" total="939524096" percent="0">
      <mem type="allocate" free="0" total="794296320" percent="0" />
      <mem type="survivor" free="0" total="145227776" percent="0" />
    </mem>
    <mem type="tenure" free="310807080" total="1882062848" percent="16">
      <mem type="soa" free="273164840" total="1844420608" percent="14" />
      <mem type="loa" free="37642240" total="37642240" percent="100" />
    </mem>
    <remembered-set count="188693" />
  </mem-info>
</gc-start>
<allocation-stats totalBytes="671196488" >
  <allocated-bytes non-tlh="36645368" tlh="634551120" />
  <largest-consumer threadName="Group1.Backend.CompositeBackend{Tier1}.8" threadId="0000000000837900" bytes="95371008" />
</allocation-stats>
<gc-op id="5845" type="scavenge" timems="111.940" contextid="5842" timestamp="2020-09-11T10:33:06.891">
  <scavenger-info tenureage="3" tenuremask="7ff8" tiltratio="84" />
  <memory-copied type="nursery" objects="4031250" bytes="108050088" bytesdiscarded="233240" />
  <memory-copied type="tenure" objects="1133001" bytes="30460816" bytesdiscarded="133840" />
  <ownableSynchronizers candidates="3781" cleared="3488" />
  <references type="soft" candidates="167" cleared="0" enqueued="0" dynamicThreshold="17" maxThreshold="32" />
  <references type="weak" candidates="117" cleared="117" enqueued="0" />
</gc-op>
<gc-end id="5846" type="scavenge" contextid="5842" durationms="113.112" usertimems="825.732" systemtimems="0.000" timestamp="2020-09-11T10:33:06.892" activeThreads="8">
  <mem-info id="5847" free="967740440" total="2821586944" percent="34">
    <mem type="nursery" free="687501312" total="939524096" percent="73">
      <mem type="allocate" free="687501312" total="795869184" percent="86" />
      <mem type="survivor" free="0" total="143654912" percent="0" />
    </mem>
    <mem type="tenure" free="280239128" total="1882062848" percent="14" macro-fragmented="0">
      <mem type="soa" free="242596888" total="1844420608" percent="13" />
      <mem type="loa" free="37642240" total="37642240" percent="100" />
    </mem>
    <remembered-set count="29057" />
  </mem-info>
</gc-end>
<cycle-end id="5848" type="scavenge" contextid="5842" timestamp="2020-09-11T10:33:06.895" />
<allocation-satisfied id="5849" threadId="0000000000856800" bytesRequested="32" />
<af-end id="5850" timestamp="2020-09-11T10:33:06.896" threadId="0000000000857180" success="true" from="nursery"/>
<exclusive-end id="5851" timestamp="2020-09-11T10:33:06.896" durationms="117.997" />

<exclusive-start id="5852" timestamp="2020-09-11T10:33:08.834" intervalms="2056.755">
  <response-info timems="0.537" idlems="0.537" threads="0" lastid="0000000000A3D700" lastname="Group1.Backend.CompositeBackend{Tier3}.2" />
</exclusive-start>
<af-start id="5853" threadId="0000000000A3E080" totalBytesRequested="32" timestamp="2020-09-11T10:33:08.835" intervalms="2056.848" type="nursery" />
<cycle-start id="5854" type="scavenge" contextid="0" timestamp="2020-09-11T10:33:08.835" intervalms="2056.906" />
<gc-start id="5855" type="scavenge" contextid="5854" timestamp="2020-09-11T10:33:08.836">
  <mem-info id="5856" free="280239128" total="2821586944" percent="9">
    <mem type="nursery" free="0" total="939524096" percent="0">
      <mem type="allocate" free="0" total="795869184" percent="0" />
      <mem type="survivor" free="0" total="143654912" percent="0" />
    </mem>
    <mem type="tenure" free="280239128" total="1882062848" percent="14">
      <mem type="soa" free="242596888" total="1844420608" percent="13" />
      <mem type="loa" free="37642240" total="37642240" percent="100" />
    </mem>
    <remembered-set count="190195" />
  </mem-info>
</gc-start>
<allocation-stats totalBytes="687196048" >
  <allocated-bytes non-tlh="33877744" tlh="653318304" />
  <largest-consumer threadName="Group1.Backend.CompositeBackend{Tier1}.5" threadId="0000000000843100" bytes="112597576" />
</allocation-stats>
<gc-op id="5857" type="scavenge" timems="110.608" contextid="5854" timestamp="2020-09-11T10:33:08.946">
  <scavenger-info tenureage="3" tenuremask="7ff8" tiltratio="84" />
  <memory-copied type="nursery" objects="4045737" bytes="108409488" bytesdiscarded="169064" />
  <memory-copied type="tenure" objects="1073605" bytes="28866128" bytesdiscarded="134488" />
  <ownableSynchronizers candidates="4365" cleared="4089" />
  <references type="soft" candidates="158" cleared="0" enqueued="0" dynamicThreshold="17" maxThreshold="32" />
  <references type="weak" candidates="114" cleared="113" enqueued="0" />
</gc-op>
<gc-end id="5858" type="scavenge" contextid="5854" durationms="111.665" usertimems="763.210" systemtimems="0.000" timestamp="2020-09-11T10:33:08.947" activeThreads="8">
  <mem-info id="5859" free="942825136" total="2821586944" percent="33">
    <mem type="nursery" free="691594240" total="939524096" percent="73">
      <mem type="allocate" free="691594240" total="800260096" percent="86" />
      <mem type="survivor" free="0" total="139264000" percent="0" />
    </mem>
    <mem type="tenure" free="251230896" total="1882062848" percent="13" macro-fragmented="0">
      <mem type="soa" free="213588656" total="1844420608" percent="11" />
      <mem type="loa" free="37642240" total="37642240" percent="100" />
    </mem>
    <remembered-set count="29610" />
  </mem-info>
</gc-end>
<cycle-end id="5860" type="scavenge" contextid="5854" timestamp="2020-09-11T10:33:08.948" />
<allocation-satisfied id="5861" threadId="0000000000A3D700" bytesRequested="32" />
<af-end id="5862" timestamp="2020-09-11T10:33:08.948" threadId="0000000000A3E080" success="true" from="nursery"/>
<exclusive-end id="5863" timestamp="2020-09-11T10:33:08.948" durationms="113.943" />

<exclusive-start id="5864" timestamp="2020-09-11T10:33:10.973" intervalms="2138.649">
  <response-info timems="0.598" idlems="0.598" threads="0" lastid="0000000000837900" lastname="Group1.Backend.CompositeBackend{Tier1}.8" />
</exclusive-start>
<af-start id="5865" threadId="0000000000838280" totalBytesRequested="1032" timestamp="2020-09-11T10:33:10.974" intervalms="2138.590" type="nursery" />
<cycle-start id="5866" type="scavenge" contextid="0" timestamp="2020-09-11T10:33:10.974" intervalms="2138.547" />
<gc-start id="5867" type="scavenge" contextid="5866" timestamp="2020-09-11T10:33:10.974">
  <mem-info id="5868" free="251230896" total="2821586944" percent="8">
    <mem type="nursery" free="0" total="939524096" percent="0">
      <mem type="allocate" free="0" total="800260096" percent="0" />
      <mem type="survivor" free="0" total="139264000" percent="0" />
    </mem>
    <mem type="tenure" free="251230896" total="1882062848" percent="13">
      <mem type="soa" free="213588656" total="1844420608" percent="11" />
      <mem type="loa" free="37642240" total="37642240" percent="100" />
    </mem>
    <remembered-set count="195516" />
  </mem-info>
</gc-start>
<allocation-stats totalBytes="691257784" >
  <allocated-bytes non-tlh="26829216" tlh="664428568" />
  <largest-consumer threadName="Group1.Backend.CompositeBackend{Tier1}.5" threadId="0000000000843100" bytes="127074024" />
</allocation-stats>
<gc-op id="5869" type="scavenge" timems="105.834" contextid="5866" timestamp="2020-09-11T10:33:11.080">
  <scavenger-info tenureage="3" tenuremask="7ff8" tiltratio="85" />
  <memory-copied type="nursery" objects="4000627" bytes="107433392" bytesdiscarded="296184" />
  <memory-copied type="tenure" objects="1089562" bytes="29280432" bytesdiscarded="150144" />
  <ownableSynchronizers candidates="4212" cleared="3954" />
  <references type="soft" candidates="157" cleared="0" enqueued="0" dynamicThreshold="17" maxThreshold="32" />
  <references type="weak" candidates="122" cleared="122" enqueued="0" />
</gc-op>
<gc-end id="5870" type="scavenge" contextid="5866" durationms="106.979" usertimems="808.576" systemtimems="0.000" timestamp="2020-09-11T10:33:11.081" activeThreads="8">
  <mem-info id="5871" free="917815664" total="2821586944" percent="32">
    <mem type="nursery" free="695987200" total="939524096" percent="74">
      <mem type="allocate" free="695987200" total="803799040" percent="86" />
      <mem type="survivor" free="0" total="135725056" percent="0" />
    </mem>
    <mem type="tenure" free="221828464" total="1882062848" percent="11" macro-fragmented="0">
      <mem type="soa" free="184186224" total="1844420608" percent="9" />
      <mem type="loa" free="37642240" total="37642240" percent="100" />
    </mem>
    <remembered-set count="28991" />
  </mem-info>
</gc-end>
<cycle-end id="5872" type="scavenge" contextid="5866" timestamp="2020-09-11T10:33:11.082" />
<allocation-satisfied id="5873" threadId="0000000000837900" bytesRequested="1032" />
<af-end id="5874" timestamp="2020-09-11T10:33:11.083" threadId="0000000000838280" success="true" from="nursery"/>
<exclusive-end id="5875" timestamp="2020-09-11T10:33:11.083" durationms="109.526" />

<exclusive-start id="5876" timestamp="2020-09-11T10:33:12.984" intervalms="2011.040">
  <response-info timems="0.583" idlems="0.574" threads="1" lastid="0000000000842600" lastname="Group1.Backend.CompositeBackend{Tier1}.4" />
</exclusive-start>
<af-start id="5877" threadId="0000000000786780" totalBytesRequested="72" timestamp="2020-09-11T10:33:12.985" intervalms="2011.012" type="nursery" />
<cycle-start id="5878" type="scavenge" contextid="0" timestamp="2020-09-11T10:33:12.985" intervalms="2010.999" />
<gc-start id="5879" type="scavenge" contextid="5878" timestamp="2020-09-11T10:33:12.985">
  <mem-info id="5880" free="221828464" total="2821586944" percent="7">
    <mem type="nursery" free="0" total="939524096" percent="0">
      <mem type="allocate" free="0" total="803799040" percent="0" />
      <mem type="survivor" free="0" total="135725056" percent="0" />
    </mem>
    <mem type="tenure" free="221828464" total="1882062848" percent="11">
      <mem type="soa" free="184186224" total="1844420608" percent="9" />
      <mem type="loa" free="37642240" total="37642240" percent="100" />
    </mem>
    <remembered-set count="190392" />
  </mem-info>
</gc-start>
<allocation-stats totalBytes="695674320" >
  <allocated-bytes non-tlh="40318968" tlh="655355352" />
  <largest-consumer threadName="Group1.Backend.CompositeBackend{Tier1}.2" threadId="00000000007F6F00" bytes="104744792" />
</allocation-stats>
<gc-op id="5881" type="scavenge" timems="104.045" contextid="5878" timestamp="2020-09-11T10:33:13.089">
  <scavenger-info tenureage="3" tenuremask="7ff8" tiltratio="85" />
  <memory-copied type="nursery" objects="4018669" bytes="107866800" bytesdiscarded="224704" />
  <memory-copied type="tenure" objects="1047761" bytes="28175312" bytesdiscarded="161776" />
  <ownableSynchronizers candidates="3882" cleared="3623" />
  <references type="soft" candidates="170" cleared="0" enqueued="0" dynamicThreshold="17" maxThreshold="32" />
  <references type="weak" candidates="114" cleared="113" enqueued="0" />
</gc-op>
<gc-end id="5882" type="scavenge" contextid="5878" durationms="104.941" usertimems="808.113" systemtimems="9.019" timestamp="2020-09-11T10:33:13.090" activeThreads="8">
  <mem-info id="5883" free="891975320" total="2821586944" percent="31">
    <mem type="nursery" free="698513664" total="939524096" percent="74">
      <mem type="allocate" free="698513664" total="806682624" percent="86" />
      <mem type="survivor" free="0" total="132841472" percent="0" />
    </mem>
    <mem type="tenure" free="193461656" total="1882062848" percent="10" macro-fragmented="0">
      <mem type="soa" free="155819416" total="1844420608" percent="8" />
      <mem type="loa" free="37642240" total="37642240" percent="100" />
    </mem>
    <remembered-set count="30333" />
  </mem-info>
</gc-end>
<cycle-end id="5884" type="scavenge" contextid="5878" timestamp="2020-09-11T10:33:13.092" />
<allocation-satisfied id="5885" threadId="0000000000785E00" bytesRequested="72" />
<af-end id="5886" timestamp="2020-09-11T10:33:13.092" threadId="0000000000786780" success="true" from="nursery"/>
<exclusive-end id="5887" timestamp="2020-09-11T10:33:13.092" durationms="108.275" />

<exclusive-start id="5888" timestamp="2020-09-11T10:33:15.173" intervalms="2189.321">
  <response-info timems="0.386" idlems="0.386" threads="0" lastid="0000000000843D00" lastname="Group1.Backend.CompositeBackend{Tier1}.6" />
</exclusive-start>
<af-start id="5889" threadId="0000000000844680" totalBytesRequested="267016" timestamp="2020-09-11T10:33:15.174" intervalms="2189.235" type="nursery" />
<cycle-start id="5890" type="scavenge" contextid="0" timestamp="2020-09-11T10:33:15.174" intervalms="2189.242" />
<gc-start id="5891" type="scavenge" contextid="5890" timestamp="2020-09-11T10:33:15.175">
  <mem-info id="5892" free="193461656" total="2821586944" percent="6">
    <mem type="nursery" free="0" total="939524096" percent="0">
      <mem type="allocate" free="0" total="806682624" percent="0" />
      <mem type="survivor" free="0" total="132841472" percent="0" />
    </mem>
    <mem type="tenure" free="193461656" total="1882062848" percent="10">
      <mem type="soa" free="155819416" total="1844420608" percent="8" />
      <mem type="loa" free="37642240" total="37642240" percent="100" />
    </mem>
    <remembered-set count="197495" />
  </mem-info>
</gc-start>
<allocation-stats totalBytes="698154440" >
  <allocated-bytes non-tlh="25807080" tlh="672347360" />
  <largest-consumer threadName="Group1.Backend.CompositeBackend{Tier1}.6" threadId="0000000000843D00" bytes="108042216" />
</allocation-stats>
<gc-op id="5893" type="scavenge" timems="118.786" contextid="5890" timestamp="2020-09-11T10:33:15.293">
  <scavenger-info tenureage="3" tenuremask="7ff8" tiltratio="85" />
  <memory-copied type="nursery" objects="4389642" bytes="116553080" bytesdiscarded="512008" />
  <memory-copied type="tenure" objects="1061440" bytes="28537696" bytesdiscarded="154880" />
  <ownableSynchronizers candidates="4291" cleared="4024" />
  <references type="soft" candidates="170" cleared="0" enqueued="0" dynamicThreshold="17" maxThreshold="32" />
  <references type="weak" candidates="113" cleared="113" enqueued="0" />
</gc-op>
<gc-end id="5894" type="scavenge" contextid="5890" durationms="119.628" usertimems="919.656" systemtimems="0.000" timestamp="2020-09-11T10:33:15.294" activeThreads="8">
  <mem-info id="5895" free="848337360" total="2821586944" percent="30">
    <mem type="nursery" free="683565040" total="939524096" percent="72">
      <mem type="allocate" free="683565040" total="800718848" percent="85" />
      <mem type="survivor" free="0" total="138805248" percent="0" />
    </mem>
    <mem type="tenure" free="164772320" total="1882062848" percent="8" macro-fragmented="0">
      <mem type="soa" free="127130080" total="1844420608" percent="6" />
      <mem type="loa" free="37642240" total="37642240" percent="100" />
    </mem>
    <remembered-set count="31640" />
  </mem-info>
</gc-end>
<cycle-end id="5896" type="scavenge" contextid="5890" timestamp="2020-09-11T10:33:15.295" />
<allocation-satisfied id="5897" threadId="0000000000843D00" bytesRequested="267016" />
<af-end id="5898" timestamp="2020-09-11T10:33:15.295" threadId="0000000000844680" success="true" from="nursery"/>
<exclusive-end id="5899" timestamp="2020-09-11T10:33:15.295" durationms="121.911" />

<exclusive-start id="5900" timestamp="2020-09-11T10:33:17.313" intervalms="2140.008">
  <response-info timems="0.807" idlems="0.807" threads="0" lastid="0000000000854300" lastname="Group1.Backend.CompositeBackend{Tier1}.7" />
</exclusive-start>
<af-start id="5901" threadId="0000000000854C80" totalBytesRequested="400" timestamp="2020-09-11T10:33:17.314" intervalms="2140.000" type="nursery" />
<cycle-start id="5902" type="scavenge" contextid="0" timestamp="2020-09-11T10:33:17.314" intervalms="2139.995" />
<gc-start id="5903" type="scavenge" contextid="5902" timestamp="2020-09-11T10:33:17.315">
  <mem-info id="5904" free="164772320" total="2821586944" percent="5">
    <mem type="nursery" free="0" total="939524096" percent="0">
      <mem type="allocate" free="0" total="800718848" percent="0" />
      <mem type="survivor" free="0" total="138805248" percent="0" />
    </mem>
    <mem type="tenure" free="164772320" total="1882062848" percent="8">
      <mem type="soa" free="127130080" total="1844420608" percent="6" />
      <mem type="loa" free="37642240" total="37642240" percent="100" />
    </mem>
    <remembered-set count="195500" />
  </mem-info>
</gc-start>
<allocation-stats totalBytes="683217952" >
  <allocated-bytes non-tlh="30092680" tlh="653125272" />
  <largest-consumer threadName="Group1.Backend.CompositeBackend{Tier1}.4" threadId="0000000000842600" bytes="90456848" />
</allocation-stats>
<gc-op id="5905" type="scavenge" timems="104.517" contextid="5902" timestamp="2020-09-11T10:33:17.419">
  <scavenger-info tenureage="3" tenuremask="7ff8" tiltratio="85" />
  <memory-copied type="nursery" objects="4108629" bytes="110276704" bytesdiscarded="261048" />
  <memory-copied type="tenure" objects="1115437" bytes="29980872" bytesdiscarded="137512" />
  <ownableSynchronizers candidates="4226" cleared="3957" />
  <references type="soft" candidates="183" cleared="0" enqueued="0" dynamicThreshold="17" maxThreshold="32" />
  <references type="weak" candidates="118" cleared="118" enqueued="0" />
</gc-op>
<gc-end id="5906" type="scavenge" contextid="5902" durationms="105.604" usertimems="820.025" systemtimems="0.000" timestamp="2020-09-11T10:33:17.420" activeThreads="8">
  <mem-info id="5907" free="826323600" total="2821586944" percent="29">
    <mem type="nursery" free="691730688" total="939524096" percent="73">
      <mem type="allocate" free="691730688" total="802357248" percent="86" />
      <mem type="survivor" free="0" total="137166848" percent="0" />
    </mem>
    <mem type="tenure" free="134592912" total="1882062848" percent="7" macro-fragmented="0">
      <mem type="soa" free="96950672" total="1844420608" percent="5" />
      <mem type="loa" free="37642240" total="37642240" percent="100" />
    </mem>
    <remembered-set count="32089" />
  </mem-info>
</gc-end>
<cycle-end id="5908" type="scavenge" contextid="5902" timestamp="2020-09-11T10:33:17.421" />
<allocation-satisfied id="5909" threadId="0000000000854300" bytesRequested="400" />
<af-end id="5910" timestamp="2020-09-11T10:33:17.421" threadId="0000000000854C80" success="true" from="nursery"/>
<exclusive-end id="5911" timestamp="2020-09-11T10:33:17.421" durationms="107.791" />

<exclusive-start id="5912" timestamp="2020-09-11T10:33:19.357" intervalms="2044.119">
  <response-info timems="0.508" idlems="0.331" threads="2" lastid="0000000000843100" lastname="Group1.Backend.CompositeBackend{Tier1}.5" />
</exclusive-start>
<af-start id="5913" threadId="0000000000854C80" totalBytesRequested="24" timestamp="2020-09-11T10:33:19.358" intervalms="2044.245" type="nursery" />
<cycle-start id="5914" type="scavenge" contextid="0" timestamp="2020-09-11T10:33:19.358" intervalms="2044.278" />
<gc-start id="5915" type="scavenge" contextid="5914" timestamp="2020-09-11T10:33:19.359">
  <mem-info id="5916" free="134592912" total="2821586944" percent="4">
    <mem type="nursery" free="0" total="939524096" percent="0">
      <mem type="allocate" free="0" total="802357248" percent="0" />
      <mem type="survivor" free="0" total="137166848" percent="0" />
    </mem>
    <mem type="tenure" free="134592912" total="1882062848" percent="7">
      <mem type="soa" free="96950672" total="1844420608" percent="5" />
      <mem type="loa" free="37642240" total="37642240" percent="100" />
    </mem>
    <remembered-set count="192752" />
  </mem-info>
</gc-start>
<allocation-stats totalBytes="691410464" >
  <allocated-bytes non-tlh="38403608" tlh="653006856" />
  <largest-consumer threadName="Group1.Backend.CompositeBackend{Tier1}.4" threadId="0000000000842600" bytes="86531160" />
</allocation-stats>
<gc-op id="5917" type="scavenge" timems="110.306" contextid="5914" timestamp="2020-09-11T10:33:19.469">
  <scavenger-info tenureage="3" tenuremask="7ff8" tiltratio="85" />
  <memory-copied type="nursery" objects="4342637" bytes="115617960" bytesdiscarded="212160" />
  <memory-copied type="tenure" objects="1055644" bytes="28351480" bytesdiscarded="115784" />
  <ownableSynchronizers candidates="3407" cleared="3150" />
  <references type="soft" candidates="171" cleared="0" enqueued="0" dynamicThreshold="17" maxThreshold="32" />
  <references type="weak" candidates="113" cleared="113" enqueued="0" />
</gc-op>
<gc-end id="5918" type="scavenge" contextid="5914" durationms="111.398" usertimems="851.177" systemtimems="0.000" timestamp="2020-09-11T10:33:19.470" activeThreads="8">
  <mem-info id="5919" free="793830176" total="2821586944" percent="28">
    <mem type="nursery" free="687750992" total="939524096" percent="73">
      <mem type="allocate" free="687750992" total="803667968" percent="85" />
      <mem type="survivor" free="0" total="135856128" percent="0" />
    </mem>
    <mem type="tenure" free="106079184" total="1882062848" percent="5" macro-fragmented="0">
      <mem type="soa" free="68436944" total="1844420608" percent="3" />
      <mem type="loa" free="37642240" total="37642240" percent="100" />
    </mem>
    <remembered-set count="30500" />
  </mem-info>
</gc-end>
<cycle-end id="5920" type="scavenge" contextid="5914" timestamp="2020-09-11T10:33:19.471" />
<allocation-satisfied id="5921" threadId="0000000000854300" bytesRequested="24" />
<af-end id="5922" timestamp="2020-09-11T10:33:19.471" threadId="0000000000854C80" success="true" from="nursery"/>
<exclusive-end id="5923" timestamp="2020-09-11T10:33:19.471" durationms="113.701" />

<exclusive-start id="5924" timestamp="2020-09-11T10:33:21.434" intervalms="2076.224">
  <response-info timems="1.828" idlems="1.828" threads="0" lastid="0000000000854300" lastname="Group1.Backend.CompositeBackend{Tier1}.7" />
</exclusive-start>
<af-start id="5925" threadId="0000000000854C80" totalBytesRequested="72" timestamp="2020-09-11T10:33:21.434" intervalms="2076.168" type="nursery" />
<cycle-start id="5926" type="scavenge" contextid="0" timestamp="2020-09-11T10:33:21.435" intervalms="2076.129" />
<gc-start id="5927" type="scavenge" contextid="5926" timestamp="2020-09-11T10:33:21.435">
  <mem-info id="5928" free="106079184" total="2821586944" percent="3">
    <mem type="nursery" free="0" total="939524096" percent="0">
      <mem type="allocate" free="0" total="803667968" percent="0" />
      <mem type="survivor" free="0" total="135856128" percent="0" />
    </mem>
    <mem type="tenure" free="106079184" total="1882062848" percent="5">
      <mem type="soa" free="68436944" total="1844420608" percent="3" />
      <mem type="loa" free="37642240" total="37642240" percent="100" />
    </mem>
    <remembered-set count="194610" />
  </mem-info>
</gc-start>
<allocation-stats totalBytes="687404768" >
  <allocated-bytes non-tlh="30578560" tlh="656826208" />
  <largest-consumer threadName="Group1.Backend.CompositeBackend{Tier1}.4" threadId="0000000000842600" bytes="90768480" />
</allocation-stats>
<gc-op id="5929" type="scavenge" timems="106.314" contextid="5926" timestamp="2020-09-11T10:33:21.541">
  <scavenger-info tenureage="3" tenuremask="7ff8" tiltratio="85" />
  <memory-copied type="nursery" objects="4181479" bytes="111643232" bytesdiscarded="193792" />
  <memory-copied type="tenure" objects="1137175" bytes="30586592" bytesdiscarded="71480" />
  <ownableSynchronizers candidates="3457" cleared="3216" />
  <references type="soft" candidates="146" cleared="0" enqueued="0" dynamicThreshold="17" maxThreshold="32" />
  <references type="weak" candidates="113" cleared="113" enqueued="0" />
</gc-op>
<gc-end id="5930" type="scavenge" contextid="5926" durationms="107.376" usertimems="832.039" systemtimems="3.510" timestamp="2020-09-11T10:33:21.542" activeThreads="8">
  <mem-info id="5931" free="768351584" total="2821586944" percent="27">
    <mem type="nursery" free="693053680" total="939524096" percent="73">
      <mem type="allocate" free="693053680" total="804978688" percent="86" />
      <mem type="survivor" free="0" total="134545408" percent="0" />
    </mem>
    <mem type="tenure" free="75297904" total="1882062848" percent="4" macro-fragmented="0">
      <mem type="soa" free="37655664" total="1844420608" percent="2" />
      <mem type="loa" free="37642240" total="37642240" percent="100" />
    </mem>
    <remembered-set count="30858" />
  </mem-info>
</gc-end>
<cycle-end id="5932" type="scavenge" contextid="5926" timestamp="2020-09-11T10:33:21.543" />
<allocation-satisfied id="5933" threadId="0000000000854300" bytesRequested="72" />
<af-end id="5934" timestamp="2020-09-11T10:33:21.543" threadId="0000000000854C80" success="true" from="nursery"/>
<exclusive-end id="5935" timestamp="2020-09-11T10:33:21.543" durationms="109.762" />

<exclusive-start id="5936" timestamp="2020-09-11T10:33:23.591" intervalms="2157.619">
  <response-info timems="0.896" idlems="0.896" threads="0" lastid="0000000000843100" lastname="Group1.Backend.CompositeBackend{Tier1}.5" />
</exclusive-start>
<af-start id="5937" threadId="0000000000843A80" totalBytesRequested="24" timestamp="2020-09-11T10:33:23.592" intervalms="2157.551" type="nursery" />
<cycle-start id="5938" type="scavenge" contextid="0" timestamp="2020-09-11T10:33:23.592" intervalms="2157.559" />
<gc-start id="5939" type="scavenge" contextid="5938" timestamp="2020-09-11T10:33:23.593">
  <mem-info id="5940" free="75297904" total="2821586944" percent="2">
    <mem type="nursery" free="0" total="939524096" percent="0">
      <mem type="allocate" free="0" total="804978688" percent="0" />
      <mem type="survivor" free="0" total="134545408" percent="0" />
    </mem>
    <mem type="tenure" free="75297904" total="1882062848" percent="4">
      <mem type="soa" free="37655664" total="1844420608" percent="2" />
      <mem type="loa" free="37642240" total="37642240" percent="100" />
    </mem>
    <remembered-set count="194713" />
  </mem-info>
</gc-start>
<allocation-stats totalBytes="692708976" >
  <allocated-bytes non-tlh="31358736" tlh="661350240" />
  <largest-consumer threadName="Group1.Backend.CompositeBackend{Tier1}.4" threadId="0000000000842600" bytes="86923568" />
</allocation-stats>
<gc-op id="5941" type="scavenge" timems="107.887" contextid="5938" timestamp="2020-09-11T10:33:23.700">
  <scavenger-info tenureage="3" tenuremask="7ff8" tiltratio="85" />
  <memory-copied type="nursery" objects="4132320" bytes="110590384" bytesdiscarded="176560" />
  <memory-copied type="tenure" objects="1104390" bytes="29688992" bytesdiscarded="7960" />
  <ownableSynchronizers candidates="4194" cleared="3956" />
  <references type="soft" candidates="140" cleared="0" enqueued="0" dynamicThreshold="17" maxThreshold="32" />
  <references type="weak" candidates="123" cleared="123" enqueued="0" />
</gc-op>
<gc-end id="5942" type="scavenge" contextid="5938" durationms="109.051" usertimems="823.204" systemtimems="13.497" timestamp="2020-09-11T10:33:23.701" activeThreads="8">
  <mem-info id="5943" free="741407344" total="2821586944" percent="26">
    <mem type="nursery" free="696029952" total="939524096" percent="74">
      <mem type="allocate" free="696029952" total="806879232" percent="86" />
      <mem type="survivor" free="0" total="132644864" percent="0" />
    </mem>
    <mem type="tenure" free="45377392" total="1882062848" percent="2" macro-fragmented="0">
      <mem type="soa" free="7735152" total="1844420608" percent="0" />
      <mem type="loa" free="37642240" total="37642240" percent="100" />
    </mem>
    <remembered-set count="31221" />
  </mem-info>
</gc-end>
<cycle-end id="5944" type="scavenge" contextid="5938" timestamp="2020-09-11T10:33:23.703" />
<allocation-satisfied id="5945" threadId="0000000000843100" bytesRequested="24" />
<af-end id="5946" timestamp="2020-09-11T10:33:23.703" threadId="0000000000843A80" success="true" from="nursery"/>
<exclusive-end id="5947" timestamp="2020-09-11T10:33:23.703" durationms="111.566" />

<exclusive-start id="5948" timestamp="2020-09-11T10:33:25.628" intervalms="2036.771">
  <response-info timems="7.547" idlems="7.547" threads="0" lastid="0000000000785E00" lastname="Group1.Backend.CompositeBackend{Tier1}.1" />
</exclusive-start>
<af-start id="5949" threadId="0000000000786780" totalBytesRequested="16" timestamp="2020-09-11T10:33:25.629" intervalms="2036.857" type="nursery" />
<percolate-collect id="5950" from="nursery" to="global" reason="prevent tenure expand" timestamp="2020-09-11T10:33:25.629"/>
<cycle-start id="5951" type="global" contextid="0" timestamp="2020-09-11T10:33:25.629" intervalms="70165.640" />
<gc-start id="5952" type="global" contextid="5951" timestamp="2020-09-11T10:33:25.629">
  <mem-info id="5953" free="45377392" total="2821586944" percent="1">
    <mem type="nursery" free="0" total="939524096" percent="0">
      <mem type="allocate" free="0" total="806879232" percent="0" />
      <mem type="survivor" free="0" total="132644864" percent="0" />
    </mem>
    <mem type="tenure" free="45377392" total="1882062848" percent="2">
      <mem type="soa" free="7735152" total="1844420608" percent="0" />
      <mem type="loa" free="37642240" total="37642240" percent="100" />
    </mem>
    <remembered-set count="193790" />
  </mem-info>
</gc-start>
<allocation-stats totalBytes="695717456" >
  <allocated-bytes non-tlh="34242912" tlh="661474544" />
  <largest-consumer threadName="Group1.Backend.CompositeBackend{Tier1}.4" threadId="0000000000842600" bytes="90716176" />
</allocation-stats>
<heap-resize id="5954" type="loa contract" space="tenure" amount="18821120" count="1" timems="0.000" reason="contract underutilized loa" timestamp="2020-09-11T10:33:25.629" />
<gc-op id="5955" type="mark" timems="624.871" contextid="5951" timestamp="2020-09-11T10:33:26.254">
  <trace-info objectcount="31226544" scancount="30246428" scanbytes="825839664" />
  <finalization candidates="150" enqueued="0" />
  <ownableSynchronizers candidates="594397" cleared="5973" />
  <references type="soft" candidates="721596" cleared="24" enqueued="15" dynamicThreshold="17" maxThreshold="32" />
  <references type="weak" candidates="4410" cleared="117" enqueued="0" />
  <references type="phantom" candidates="108" cleared="0" enqueued="0" />
  <stringconstants candidates="10974" cleared="280"  />
</gc-op>
<gc-op id="5956" type="sweep" timems="21.137" contextid="5951" timestamp="2020-09-11T10:33:26.276" />
<gc-end id="5957" type="global" contextid="5951" durationms="647.514" usertimems="4609.119" systemtimems="9.976" timestamp="2020-09-11T10:33:26.277" activeThreads="8">
  <mem-info id="5958" free="1633318112" total="2821586944" percent="57">
    <mem type="nursery" free="609891128" total="939524096" percent="64">
      <mem type="allocate" free="609891128" total="806879232" percent="75" />
      <mem type="survivor" free="0" total="132644864" percent="0" />
    </mem>
    <mem type="tenure" free="1023426984" total="1882062848" percent="54" micro-fragmented="95495986" macro-fragmented="0">
      <mem type="soa" free="1004605864" total="1863241728" percent="53" />
      <mem type="loa" free="18821120" total="18821120" percent="100" />
    </mem>
    <pending-finalizers system="0" default="0" reference="15" classloader="0" />
    <remembered-set count="188344" />
  </mem-info>
</gc-end>
<cycle-end id="5959" type="global" contextid="5951" timestamp="2020-09-11T10:33:26.278" />
<allocation-satisfied id="5960" threadId="0000000000785E00" bytesRequested="16" />
<af-end id="5961" timestamp="2020-09-11T10:33:26.278" threadId="0000000000786780" success="true" from="nursery"/>
<exclusive-end id="5962" timestamp="2020-09-11T10:33:26.278" durationms="649.695" />

<exclusive-start id="5963" timestamp="2020-09-11T10:33:27.556" intervalms="1928.389">
  <response-info timems="2.381" idlems="2.381" threads="0" lastid="0000000000854300" lastname="Group1.Backend.CompositeBackend{Tier1}.7" />
</exclusive-start>
<af-start id="5964" threadId="0000000000854C80" totalBytesRequested="1032" timestamp="2020-09-11T10:33:27.557" intervalms="1928.501" type="nursery" />
<cycle-start id="5965" type="scavenge" contextid="0" timestamp="2020-09-11T10:33:27.558" intervalms="3965.358" />
<gc-start id="5966" type="scavenge" contextid="5965" timestamp="2020-09-11T10:33:27.558">
  <mem-info id="5967" free="1023426936" total="2821586944" percent="36">
    <mem type="nursery" free="0" total="939524096" percent="0">
      <mem type="allocate" free="0" total="806879232" percent="0" />
      <mem type="survivor" free="0" total="132644864" percent="0" />
    </mem>
    <mem type="tenure" free="1023426936" total="1882062848" percent="54">
      <mem type="soa" free="1004605816" total="1863241728" percent="53" />
      <mem type="loa" free="18821120" total="18821120" percent="100" />
    </mem>
    <remembered-set count="245498" />
  </mem-info>
</gc-start>
<allocation-stats totalBytes="607537208" >
  <allocated-bytes non-tlh="28408776" tlh="579128432" />
  <largest-consumer threadName="Group1.Backend.CompositeBackend{Tier1}.2" threadId="00000000007F6F00" bytes="81592744" />
</allocation-stats>
<gc-op id="5968" type="scavenge" timems="139.389" contextid="5965" timestamp="2020-09-11T10:33:27.697">
  <scavenger-info tenureage="3" tenuremask="7ff8" tiltratio="85" />
  <memory-copied type="nursery" objects="4925915" bytes="132458448" bytesdiscarded="45624" />
  <memory-copied type="tenure" objects="1147618" bytes="30484088" bytesdiscarded="89120" />
  <copy-failed type="nursery" objects="191072" bytes="4795128" />
  <ownableSynchronizers candidates="1180183" cleared="1179892" />
  <references type="soft" candidates="177" cleared="0" enqueued="0" dynamicThreshold="17" maxThreshold="32" />
  <references type="weak" candidates="123" cleared="122" enqueued="0" />
</gc-op>
<gc-end id="5969" type="scavenge" contextid="5965" durationms="140.553" usertimems="1100.626" systemtimems="0.000" timestamp="2020-09-11T10:33:27.698" activeThreads="8">
  <mem-info id="5970" free="1616005888" total="2821586944" percent="57">
    <mem type="nursery" free="623247360" total="939524096" percent="66">
      <mem type="allocate" free="623247360" total="755892224" percent="82" />
      <mem type="survivor" free="0" total="183631872" percent="0" />
    </mem>
    <mem type="tenure" free="992758528" total="1882062848" percent="52" macro-fragmented="0">
      <mem type="soa" free="973937408" total="1863241728" percent="52" />
      <mem type="loa" free="18821120" total="18821120" percent="100" />
    </mem>
    <remembered-set count="40172" />
  </mem-info>
</gc-end>
<cycle-end id="5971" type="scavenge" contextid="5965" timestamp="2020-09-11T10:33:27.699" />
<allocation-satisfied id="5972" threadId="0000000000854300" bytesRequested="1032" />
<af-end id="5973" timestamp="2020-09-11T10:33:27.699" threadId="0000000000854C80" success="true" from="nursery"/>
<exclusive-end id="5974" timestamp="2020-09-11T10:33:27.700" durationms="143.214" />

<exclusive-start id="5975" timestamp="2020-09-11T10:33:29.429" intervalms="1872.536">
  <response-info timems="1.703" idlems="1.703" threads="0" lastid="0000000000842600" lastname="Group1.Backend.CompositeBackend{Tier1}.4" />
</exclusive-start>
<af-start id="5976" threadId="0000000000842F80" totalBytesRequested="16" timestamp="2020-09-11T10:33:29.430" intervalms="1872.376" type="nursery" />
<cycle-start id="5977" type="scavenge" contextid="0" timestamp="2020-09-11T10:33:29.430" intervalms="1872.383" />
<gc-start id="5978" type="scavenge" contextid="5977" timestamp="2020-09-11T10:33:29.430">
  <mem-info id="5979" free="992758528" total="2821586944" percent="35">
    <mem type="nursery" free="0" total="939524096" percent="0">
      <mem type="allocate" free="0" total="755892224" percent="0" />
      <mem type="survivor" free="0" total="183631872" percent="0" />
    </mem>
    <mem type="tenure" free="992758528" total="1882062848" percent="52">
      <mem type="soa" free="973937408" total="1863241728" percent="52" />
      <mem type="loa" free="18821120" total="18821120" percent="100" />
    </mem>
    <remembered-set count="195112" />
  </mem-info>
</gc-start>
<allocation-stats totalBytes="622956456" >
  <allocated-bytes non-tlh="31677256" tlh="591279200" />
  <largest-consumer threadName="Group1.Backend.CompositeBackend{Tier1}.4" threadId="0000000000842600" bytes="83453352" />
</allocation-stats>
<gc-op id="5980" type="scavenge" timems="119.576" contextid="5977" timestamp="2020-09-11T10:33:29.550">
  <scavenger-info tenureage="3" tenuremask="7ff8" tiltratio="80" />
  <memory-copied type="nursery" objects="4971079" bytes="132929040" bytesdiscarded="192408" />
  <memory-copied type="tenure" objects="973861" bytes="26277088" bytesdiscarded="81984" />
  <ownableSynchronizers candidates="2907" cleared="2679" />
  <references type="soft" candidates="181" cleared="0" enqueued="0" dynamicThreshold="17" maxThreshold="32" />
  <references type="weak" candidates="105" cleared="103" enqueued="0" />
</gc-op>
<gc-end id="5981" type="scavenge" contextid="5977" durationms="120.759" usertimems="916.924" systemtimems="9.401" timestamp="2020-09-11T10:33:29.551" activeThreads="8">
  <mem-info id="5982" free="1594812864" total="2821586944" percent="56">
    <mem type="nursery" free="628663032" total="939524096" percent="66">
      <mem type="allocate" free="628663032" total="761856000" percent="82" />
      <mem type="survivor" free="0" total="177668096" percent="0" />
    </mem>
    <mem type="tenure" free="966149832" total="1882062848" percent="51" macro-fragmented="0">
      <mem type="soa" free="947328712" total="1863241728" percent="50" />
      <mem type="loa" free="18821120" total="18821120" percent="100" />
    </mem>
    <remembered-set count="39974" />
  </mem-info>
</gc-end>
<cycle-end id="5983" type="scavenge" contextid="5977" timestamp="2020-09-11T10:33:29.552" />
<allocation-satisfied id="5984" threadId="0000000000842600" bytesRequested="16" />
<af-end id="5985" timestamp="2020-09-11T10:33:29.552" threadId="0000000000842F80" success="true" from="nursery"/>
<exclusive-end id="5986" timestamp="2020-09-11T10:33:29.552" durationms="123.009" />

<exclusive-start id="5987" timestamp="2020-09-11T10:33:31.224" intervalms="1794.542">
  <response-info timems="0.533" idlems="0.533" threads="0" lastid="0000000000837900" lastname="Group1.Backend.CompositeBackend{Tier1}.8" />
</exclusive-start>
<af-start id="5988" threadId="0000000000838280" totalBytesRequested="16" timestamp="2020-09-11T10:33:31.224" intervalms="1794.726" type="nursery" />
<cycle-start id="5989" type="scavenge" contextid="0" timestamp="2020-09-11T10:33:31.225" intervalms="1794.744" />
<gc-start id="5990" type="scavenge" contextid="5989" timestamp="2020-09-11T10:33:31.225">
  <mem-info id="5991" free="966149832" total="2821586944" percent="34">
    <mem type="nursery" free="0" total="939524096" percent="0">
      <mem type="allocate" free="0" total="761856000" percent="0" />
      <mem type="survivor" free="0" total="177668096" percent="0" />
    </mem>
    <mem type="tenure" free="966149832" total="1882062848" percent="51">
      <mem type="soa" free="947328712" total="1863241728" percent="50" />
      <mem type="loa" free="18821120" total="18821120" percent="100" />
    </mem>
    <remembered-set count="191900" />
  </mem-info>
</gc-start>
<allocation-stats totalBytes="628366560" >
  <allocated-bytes non-tlh="35570904" tlh="592795656" />
  <largest-consumer threadName="Group1.Backend.CompositeBackend{Tier1}.4" threadId="0000000000842600" bytes="93094456" />
</allocation-stats>
<gc-op id="5992" type="scavenge" timems="117.528" contextid="5989" timestamp="2020-09-11T10:33:31.343">
  <scavenger-info tenureage="3" tenuremask="7ff8" tiltratio="81" />
  <memory-copied type="nursery" objects="4797901" bytes="128804552" bytesdiscarded="172504" />
  <memory-copied type="tenure" objects="978514" bytes="26389528" bytesdiscarded="100384" />
  <ownableSynchronizers candidates="3594" cleared="3353" />
  <references type="soft" candidates="183" cleared="0" enqueued="0" dynamicThreshold="17" maxThreshold="32" />
  <references type="weak" candidates="123" cleared="123" enqueued="0" />
</gc-op>
<gc-end id="5993" type="scavenge" contextid="5989" durationms="119.022" usertimems="866.932" systemtimems="0.000" timestamp="2020-09-11T10:33:31.344" activeThreads="8">
  <mem-info id="5994" free="1578365000" total="2821586944" percent="55">
    <mem type="nursery" free="638569720" total="939524096" percent="67">
      <mem type="allocate" free="638569720" total="767623168" percent="83" />
      <mem type="survivor" free="0" total="171900928" percent="0" />
    </mem>
    <mem type="tenure" free="939795280" total="1882062848" percent="49" macro-fragmented="0">
      <mem type="soa" free="920974160" total="1863241728" percent="49" />
      <mem type="loa" free="18821120" total="18821120" percent="100" />
    </mem>
    <remembered-set count="38700" />
  </mem-info>
</gc-end>
<cycle-end id="5995" type="scavenge" contextid="5989" timestamp="2020-09-11T10:33:31.345" />
<allocation-satisfied id="5996" threadId="0000000000837900" bytesRequested="16" />
<af-end id="5997" timestamp="2020-09-11T10:33:31.345" threadId="0000000000838280" success="true" from="nursery"/>
<exclusive-end id="5998" timestamp="2020-09-11T10:33:31.345" durationms="121.906" />

<exclusive-start id="5999" timestamp="2020-09-11T10:33:33.202" intervalms="1978.777">
  <response-info timems="0.428" idlems="0.428" threads="0" lastid="0000000000854300" lastname="Group1.Backend.CompositeBackend{Tier1}.7" />
</exclusive-start>
<af-start id="6000" threadId="0000000000854C80" totalBytesRequested="16" timestamp="2020-09-11T10:33:33.203" intervalms="1978.922" type="nursery" />
<cycle-start id="6001" type="scavenge" contextid="0" timestamp="2020-09-11T10:33:33.204" intervalms="1978.923" />
<gc-start id="6002" type="scavenge" contextid="6001" timestamp="2020-09-11T10:33:33.204">
  <mem-info id="6003" free="939795280" total="2821586944" percent="33">
    <mem type="nursery" free="0" total="939524096" percent="0">
      <mem type="allocate" free="0" total="767623168" percent="0" />
      <mem type="survivor" free="0" total="171900928" percent="0" />
    </mem>
    <mem type="tenure" free="939795280" total="1882062848" percent="49">
      <mem type="soa" free="920974160" total="1863241728" percent="49" />
      <mem type="loa" free="18821120" total="18821120" percent="100" />
    </mem>
    <remembered-set count="196849" />
  </mem-info>
</gc-start>
<allocation-stats totalBytes="638262800" >
  <allocated-bytes non-tlh="27835856" tlh="610426944" />
  <largest-consumer threadName="Group1.Backend.CompositeBackend{Tier1}.6" threadId="0000000000843D00" bytes="85371720" />
</allocation-stats>
<gc-op id="6004" type="scavenge" timems="119.109" contextid="6001" timestamp="2020-09-11T10:33:33.323">
  <scavenger-info tenureage="3" tenuremask="7ff8" tiltratio="81" />
  <memory-copied type="nursery" objects="3812490" bytes="102239128" bytesdiscarded="376768" />
  <memory-copied type="tenure" objects="1970101" bytes="53115560" bytesdiscarded="113760" />
  <ownableSynchronizers candidates="4085" cleared="3822" />
  <references type="soft" candidates="145" cleared="0" enqueued="0" dynamicThreshold="17" maxThreshold="32" />
  <references type="weak" candidates="113" cleared="112" enqueued="0" />
</gc-op>
<gc-end id="6005" type="scavenge" contextid="6001" durationms="120.739" usertimems="834.859" systemtimems="4.290" timestamp="2020-09-11T10:33:33.324" activeThreads="8">
  <mem-info id="6006" free="1557153720" total="2821586944" percent="55">
    <mem type="nursery" free="670430120" total="939524096" percent="71">
      <mem type="allocate" free="670430120" total="773128192" percent="86" />
      <mem type="survivor" free="0" total="166395904" percent="0" />
    </mem>
    <mem type="tenure" free="886723600" total="1882062848" percent="47" macro-fragmented="0">
      <mem type="soa" free="867902480" total="1863241728" percent="46" />
      <mem type="loa" free="18821120" total="18821120" percent="100" />
    </mem>
    <remembered-set count="29500" />
  </mem-info>
</gc-end>
<cycle-end id="6007" type="scavenge" contextid="6001" timestamp="2020-09-11T10:33:33.326" />
<allocation-satisfied id="6008" threadId="0000000000854300" bytesRequested="16" />
<af-end id="6009" timestamp="2020-09-11T10:33:33.326" threadId="0000000000854C80" success="true" from="nursery"/>
<exclusive-end id="6010" timestamp="2020-09-11T10:33:33.326" durationms="124.057" />

<exclusive-start id="6011" timestamp="2020-09-11T10:33:35.259" intervalms="2057.097">
  <response-info timems="2.829" idlems="1.529" threads="1" lastid="0000000000843D00" lastname="Group1.Backend.CompositeBackend{Tier1}.6" />
</exclusive-start>
<af-start id="6012" threadId="0000000000A51080" totalBytesRequested="536" timestamp="2020-09-11T10:33:35.260" intervalms="2056.780" type="nursery" />
<cycle-start id="6013" type="scavenge" contextid="0" timestamp="2020-09-11T10:33:35.260" intervalms="2056.760" />
<gc-start id="6014" type="scavenge" contextid="6013" timestamp="2020-09-11T10:33:35.261">
  <mem-info id="6015" free="886723600" total="2821586944" percent="31">
    <mem type="nursery" free="0" total="939524096" percent="0">
      <mem type="allocate" free="0" total="773128192" percent="0" />
      <mem type="survivor" free="0" total="166395904" percent="0" />
    </mem>
    <mem type="tenure" free="886723600" total="1882062848" percent="47">
      <mem type="soa" free="867902480" total="1863241728" percent="46" />
      <mem type="loa" free="18821120" total="18821120" percent="100" />
    </mem>
    <remembered-set count="191355" />
  </mem-info>
</gc-start>
<allocation-stats totalBytes="670110864" >
  <allocated-bytes non-tlh="30781968" tlh="639328896" />
  <largest-consumer threadName="Group1.Backend.CompositeBackend{Tier1}.7" threadId="0000000000854300" bytes="90874160" />
</allocation-stats>
<gc-op id="6016" type="scavenge" timems="108.891" contextid="6013" timestamp="2020-09-11T10:33:35.370">
  <scavenger-info tenureage="3" tenuremask="7ff8" tiltratio="82" />
  <memory-copied type="nursery" objects="4044847" bytes="108053216" bytesdiscarded="343224" />
  <memory-copied type="tenure" objects="1011958" bytes="27177472" bytesdiscarded="117056" />
  <ownableSynchronizers candidates="4396" cleared="4156" />
  <references type="soft" candidates="157" cleared="0" enqueued="0" dynamicThreshold="17" maxThreshold="32" />
  <references type="weak" candidates="103" cleared="103" enqueued="0" />
</gc-op>
<gc-end id="6017" type="scavenge" contextid="6013" durationms="109.761" usertimems="822.656" systemtimems="2.334" timestamp="2020-09-11T10:33:35.370" activeThreads="8">
  <mem-info id="6018" free="1531746688" total="2821586944" percent="54">
    <mem type="nursery" free="672445528" total="939524096" percent="71">
      <mem type="allocate" free="672445528" total="780926976" percent="86" />
      <mem type="survivor" free="0" total="158597120" percent="0" />
    </mem>
    <mem type="tenure" free="859301160" total="1882062848" percent="45" macro-fragmented="0">
      <mem type="soa" free="840480040" total="1863241728" percent="45" />
      <mem type="loa" free="18821120" total="18821120" percent="100" />
    </mem>
    <remembered-set count="29092" />
  </mem-info>
</gc-end>
<cycle-end id="6019" type="scavenge" contextid="6013" timestamp="2020-09-11T10:33:35.371" />
<allocation-satisfied id="6020" threadId="0000000000A50700" bytesRequested="536" />
<af-end id="6021" timestamp="2020-09-11T10:33:35.371" threadId="0000000000A51080" success="true" from="nursery"/>
<exclusive-end id="6022" timestamp="2020-09-11T10:33:35.371" durationms="111.883" />

<exclusive-start id="6023" timestamp="2020-09-11T10:33:37.310" intervalms="2050.382">
  <response-info timems="0.497" idlems="0.497" threads="0" lastid="0000000000842600" lastname="Group1.Backend.CompositeBackend{Tier1}.4" />
</exclusive-start>
<af-start id="6024" threadId="0000000000842F80" totalBytesRequested="24" timestamp="2020-09-11T10:33:37.310" intervalms="2050.321" type="nursery" />
<cycle-start id="6025" type="scavenge" contextid="0" timestamp="2020-09-11T10:33:37.311" intervalms="2050.301" />
<gc-start id="6026" type="scavenge" contextid="6025" timestamp="2020-09-11T10:33:37.311">
  <mem-info id="6027" free="859301160" total="2821586944" percent="30">
    <mem type="nursery" free="0" total="939524096" percent="0">
      <mem type="allocate" free="0" total="780926976" percent="0" />
      <mem type="survivor" free="0" total="158597120" percent="0" />
    </mem>
    <mem type="tenure" free="859301160" total="1882062848" percent="45">
      <mem type="soa" free="840480040" total="1863241728" percent="45" />
      <mem type="loa" free="18821120" total="18821120" percent="100" />
    </mem>
    <remembered-set count="189726" />
  </mem-info>
</gc-start>
<allocation-stats totalBytes="672130056" >
  <allocated-bytes non-tlh="31583416" tlh="640546640" />
  <largest-consumer threadName="Group1.Backend.CompositeBackend{Tier1}.8" threadId="0000000000837900" bytes="92301552" />
</allocation-stats>
<gc-op id="6028" type="scavenge" timems="101.814" contextid="6025" timestamp="2020-09-11T10:33:37.413">
  <scavenger-info tenureage="3" tenuremask="7ff8" tiltratio="83" />
  <memory-copied type="nursery" objects="3969015" bytes="106626608" bytesdiscarded="133536" />
  <memory-copied type="tenure" objects="968875" bytes="26036384" bytesdiscarded="88240" />
  <ownableSynchronizers candidates="3708" cleared="3454" />
  <references type="soft" candidates="180" cleared="0" enqueued="0" dynamicThreshold="17" maxThreshold="32" />
  <references type="weak" candidates="127" cleared="127" enqueued="0" />
</gc-op>
<gc-end id="6029" type="scavenge" contextid="6025" durationms="102.633" usertimems="797.691" systemtimems="0.000" timestamp="2020-09-11T10:33:37.413" activeThreads="8">
  <mem-info id="6030" free="1514710680" total="2821586944" percent="53">
    <mem type="nursery" free="681551568" total="939524096" percent="72">
      <mem type="allocate" free="681551568" total="788398080" percent="86" />
      <mem type="survivor" free="0" total="151126016" percent="0" />
    </mem>
    <mem type="tenure" free="833159112" total="1882062848" percent="44" macro-fragmented="0">
      <mem type="soa" free="814337992" total="1863241728" percent="43" />
      <mem type="loa" free="18821120" total="18821120" percent="100" />
    </mem>
    <remembered-set count="29686" />
  </mem-info>
</gc-end>
<cycle-end id="6031" type="scavenge" contextid="6025" timestamp="2020-09-11T10:33:37.415" />
<allocation-satisfied id="6032" threadId="0000000000842600" bytesRequested="24" />
<af-end id="6033" timestamp="2020-09-11T10:33:37.415" threadId="0000000000842F80" success="true" from="nursery"/>
<exclusive-end id="6034" timestamp="2020-09-11T10:33:37.415" durationms="104.879" />

<exclusive-start id="6035" timestamp="2020-09-11T10:33:39.374" intervalms="2064.276">
  <response-info timems="0.559" idlems="0.559" threads="0" lastid="0000000000842600" lastname="Group1.Backend.CompositeBackend{Tier1}.4" />
</exclusive-start>
<af-start id="6036" threadId="0000000000842F80" totalBytesRequested="32" timestamp="2020-09-11T10:33:39.375" intervalms="2064.692" type="nursery" />
<cycle-start id="6037" type="scavenge" contextid="0" timestamp="2020-09-11T10:33:39.375" intervalms="2064.766" />
<gc-start id="6038" type="scavenge" contextid="6037" timestamp="2020-09-11T10:33:39.376">
  <mem-info id="6039" free="833159112" total="2821586944" percent="29">
    <mem type="nursery" free="0" total="939524096" percent="0">
      <mem type="allocate" free="0" total="788398080" percent="0" />
      <mem type="survivor" free="0" total="151126016" percent="0" />
    </mem>
    <mem type="tenure" free="833159112" total="1882062848" percent="44">
      <mem type="soa" free="814337992" total="1863241728" percent="43" />
      <mem type="loa" free="18821120" total="18821120" percent="100" />
    </mem>
    <remembered-set count="190524" />
  </mem-info>
</gc-start>
<allocation-stats totalBytes="681212200" >
  <allocated-bytes non-tlh="33734344" tlh="647477856" />
  <largest-consumer threadName="Group1.Backend.CompositeBackend{Tier1}.1" threadId="0000000000785E00" bytes="96744144" />
</allocation-stats>
<gc-op id="6040" type="scavenge" timems="113.289" contextid="6037" timestamp="2020-09-11T10:33:39.489">
  <scavenger-info tenureage="3" tenuremask="7ff8" tiltratio="83" />
  <memory-copied type="nursery" objects="4019640" bytes="107847256" bytesdiscarded="170296" />
  <memory-copied type="tenure" objects="1030138" bytes="27817872" bytesdiscarded="103312" />
  <ownableSynchronizers candidates="4052" cleared="3790" />
  <references type="soft" candidates="176" cleared="0" enqueued="0" dynamicThreshold="17" maxThreshold="32" />
  <references type="weak" candidates="113" cleared="113" enqueued="0" />
</gc-op>
<gc-end id="6041" type="scavenge" contextid="6037" durationms="114.860" usertimems="808.388" systemtimems="3.537" timestamp="2020-09-11T10:33:39.490" activeThreads="8">
  <mem-info id="6042" free="1491367432" total="2821586944" percent="52">
    <mem type="nursery" free="686124800" total="939524096" percent="73">
      <mem type="allocate" free="686124800" total="794230784" percent="86" />
      <mem type="survivor" free="0" total="145293312" percent="0" />
    </mem>
    <mem type="tenure" free="805242632" total="1882062848" percent="42" macro-fragmented="0">
      <mem type="soa" free="786421512" total="1863241728" percent="42" />
      <mem type="loa" free="18821120" total="18821120" percent="100" />
    </mem>
    <remembered-set count="29566" />
  </mem-info>
</gc-end>
<cycle-end id="6043" type="scavenge" contextid="6037" timestamp="2020-09-11T10:33:39.494" />
<allocation-satisfied id="6044" threadId="0000000000842600" bytesRequested="32" />
<af-end id="6045" timestamp="2020-09-11T10:33:39.494" threadId="0000000000842F80" success="true" from="nursery"/>
<exclusive-end id="6046" timestamp="2020-09-11T10:33:39.494" durationms="119.957" />

<exclusive-start id="6047" timestamp="2020-09-11T10:33:41.440" intervalms="2065.779">
  <response-info timems="0.851" idlems="0.851" threads="0" lastid="0000000000837900" lastname="Group1.Backend.CompositeBackend{Tier1}.8" />
</exclusive-start>
<af-start id="6048" threadId="0000000000838280" totalBytesRequested="120" timestamp="2020-09-11T10:33:41.441" intervalms="2065.459" type="nursery" />
<cycle-start id="6049" type="scavenge" contextid="0" timestamp="2020-09-11T10:33:41.441" intervalms="2065.399" />
<gc-start id="6050" type="scavenge" contextid="6049" timestamp="2020-09-11T10:33:41.441">
  <mem-info id="6051" free="805242632" total="2821586944" percent="28">
    <mem type="nursery" free="0" total="939524096" percent="0">
      <mem type="allocate" free="0" total="794230784" percent="0" />
      <mem type="survivor" free="0" total="145293312" percent="0" />
    </mem>
    <mem type="tenure" free="805242632" total="1882062848" percent="42">
      <mem type="soa" free="786421512" total="1863241728" percent="42" />
      <mem type="loa" free="18821120" total="18821120" percent="100" />
    </mem>
    <remembered-set count="190702" />
  </mem-info>
</gc-start>
<allocation-stats totalBytes="685808768" >
  <allocated-bytes non-tlh="33197472" tlh="652611296" />
  <largest-consumer threadName="Group1.Backend.CompositeBackend{Tier1}.4" threadId="0000000000842600" bytes="104086512" />
</allocation-stats>
<gc-op id="6052" type="scavenge" timems="113.289" contextid="6049" timestamp="2020-09-11T10:33:41.554">
  <scavenger-info tenureage="3" tenuremask="7ff8" tiltratio="84" />
  <memory-copied type="nursery" objects="4008614" bytes="107544488" bytesdiscarded="143632" />
  <memory-copied type="tenure" objects="1095502" bytes="29436520" bytesdiscarded="109576" />
  <ownableSynchronizers candidates="3676" cleared="3420" />
  <references type="soft" candidates="179" cleared="0" enqueued="0" dynamicThreshold="17" maxThreshold="32" />
  <references type="weak" candidates="120" cleared="118" enqueued="0" />
</gc-op>
<gc-end id="6053" type="scavenge" contextid="6049" durationms="114.847" usertimems="821.568" systemtimems="2.478" timestamp="2020-09-11T10:33:41.556" activeThreads="8">
  <mem-info id="6054" free="1466928376" total="2821586944" percent="51">
    <mem type="nursery" free="691313920" total="939524096" percent="73">
      <mem type="allocate" free="691313920" total="799080448" percent="86" />
      <mem type="survivor" free="0" total="140443648" percent="0" />
    </mem>
    <mem type="tenure" free="775614456" total="1882062848" percent="41" macro-fragmented="0">
      <mem type="soa" free="756793336" total="1863241728" percent="40" />
      <mem type="loa" free="18821120" total="18821120" percent="100" />
    </mem>
    <remembered-set count="27971" />
  </mem-info>
</gc-end>
<cycle-end id="6055" type="scavenge" contextid="6049" timestamp="2020-09-11T10:33:41.558" />
<allocation-satisfied id="6056" threadId="0000000000837900" bytesRequested="120" />
<af-end id="6057" timestamp="2020-09-11T10:33:41.558" threadId="0000000000838280" success="true" from="nursery"/>
<exclusive-end id="6058" timestamp="2020-09-11T10:33:41.558" durationms="117.784" />

<exclusive-start id="6059" timestamp="2020-09-11T10:33:43.574" intervalms="2134.294">
  <response-info timems="5.383" idlems="5.383" threads="0" lastid="0000000000843100" lastname="Group1.Backend.CompositeBackend{Tier1}.5" />
</exclusive-start>
<af-start id="6060" threadId="0000000000843A80" totalBytesRequested="520" timestamp="2020-09-11T10:33:43.575" intervalms="2134.458" type="nursery" />
<cycle-start id="6061" type="scavenge" contextid="0" timestamp="2020-09-11T10:33:43.575" intervalms="2134.488" />
<gc-start id="6062" type="scavenge" contextid="6061" timestamp="2020-09-11T10:33:43.576">
  <mem-info id="6063" free="775614456" total="2821586944" percent="27">
    <mem type="nursery" free="0" total="939524096" percent="0">
      <mem type="allocate" free="0" total="799080448" percent="0" />
      <mem type="survivor" free="0" total="140443648" percent="0" />
    </mem>
    <mem type="tenure" free="775614456" total="1882062848" percent="41">
      <mem type="soa" free="756793336" total="1863241728" percent="40" />
      <mem type="loa" free="18821120" total="18821120" percent="100" />
    </mem>
    <remembered-set count="193885" />
  </mem-info>
</gc-start>
<allocation-stats totalBytes="690981808" >
  <allocated-bytes non-tlh="27939152" tlh="663042656" />
  <largest-consumer threadName="Group1.Backend.CompositeBackend{Tier1}.7" threadId="0000000000854300" bytes="100614800" />
</allocation-stats>
<gc-op id="6064" type="scavenge" timems="111.135" contextid="6061" timestamp="2020-09-11T10:33:43.687">
  <scavenger-info tenureage="3" tenuremask="7ff8" tiltratio="85" />
  <memory-copied type="nursery" objects="4124908" bytes="110485680" bytesdiscarded="138368" />
  <memory-copied type="tenure" objects="1071952" bytes="28815832" bytesdiscarded="102472" />
  <ownableSynchronizers candidates="4208" cleared="3955" />
  <references type="soft" candidates="177" cleared="0" enqueued="0" dynamicThreshold="17" maxThreshold="32" />
  <references type="weak" candidates="109" cleared="109" enqueued="0" />
</gc-op>
<gc-end id="6065" type="scavenge" contextid="6061" durationms="112.447" usertimems="787.760" systemtimems="7.748" timestamp="2020-09-11T10:33:43.688" activeThreads="8">
  <mem-info id="6066" free="1437829224" total="2821586944" percent="50">
    <mem type="nursery" free="691058688" total="939524096" percent="73">
      <mem type="allocate" free="691058688" total="801767424" percent="86" />
      <mem type="survivor" free="0" total="137756672" percent="0" />
    </mem>
    <mem type="tenure" free="746770536" total="1882062848" percent="39" macro-fragmented="0">
      <mem type="soa" free="727949416" total="1863241728" percent="39" />
      <mem type="loa" free="18821120" total="18821120" percent="100" />
    </mem>
    <remembered-set count="29330" />
  </mem-info>
</gc-end>
<cycle-end id="6067" type="scavenge" contextid="6061" timestamp="2020-09-11T10:33:43.689" />
<allocation-satisfied id="6068" threadId="0000000000843100" bytesRequested="520" />
<af-end id="6069" timestamp="2020-09-11T10:33:43.689" threadId="0000000000843A80" success="true" from="nursery"/>
<exclusive-end id="6070" timestamp="2020-09-11T10:33:43.689" durationms="115.139" />

<exclusive-start id="6071" timestamp="2020-09-11T10:33:45.638" intervalms="2063.914">
  <response-info timems="3.767" idlems="2.018" threads="1" lastid="0000000000843100" lastname="Group1.Backend.CompositeBackend{Tier1}.5" />
</exclusive-start>
<af-start id="6072" threadId="0000000000A4D580" totalBytesRequested="536" timestamp="2020-09-11T10:33:45.639" intervalms="2063.712" type="nursery" />
<cycle-start id="6073" type="scavenge" contextid="0" timestamp="2020-09-11T10:33:45.639" intervalms="2063.680" />
<gc-start id="6074" type="scavenge" contextid="6073" timestamp="2020-09-11T10:33:45.639">
  <mem-info id="6075" free="746770536" total="2821586944" percent="26">
    <mem type="nursery" free="0" total="939524096" percent="0">
      <mem type="allocate" free="0" total="801767424" percent="0" />
      <mem type="survivor" free="0" total="137756672" percent="0" />
    </mem>
    <mem type="tenure" free="746770536" total="1882062848" percent="39">
      <mem type="soa" free="727949416" total="1863241728" percent="39" />
      <mem type="loa" free="18821120" total="18821120" percent="100" />
    </mem>
    <remembered-set count="191707" />
  </mem-info>
</gc-start>
<allocation-stats totalBytes="690736112" >
  <allocated-bytes non-tlh="35063152" tlh="655672960" />
  <largest-consumer threadName="Group1.Backend.CompositeBackend{Tier1}.7" threadId="0000000000854300" bytes="95172264" />
</allocation-stats>
<gc-op id="6076" type="scavenge" timems="111.062" contextid="6073" timestamp="2020-09-11T10:33:45.750">
  <scavenger-info tenureage="3" tenuremask="7ff8" tiltratio="85" />
  <memory-copied type="nursery" objects="4107529" bytes="110121152" bytesdiscarded="311024" />
  <memory-copied type="tenure" objects="1075825" bytes="28950720" bytesdiscarded="85048" />
  <ownableSynchronizers candidates="4148" cleared="3889" />
  <references type="soft" candidates="178" cleared="0" enqueued="0" dynamicThreshold="17" maxThreshold="32" />
  <references type="weak" candidates="99" cleared="97" enqueued="0" />
</gc-op>
<gc-end id="6077" type="scavenge" contextid="6073" durationms="111.945" usertimems="767.151" systemtimems="6.117" timestamp="2020-09-11T10:33:45.751" activeThreads="8">
  <mem-info id="6078" free="1411668424" total="2821586944" percent="50">
    <mem type="nursery" free="694070272" total="939524096" percent="73">
      <mem type="allocate" free="694070272" total="804585472" percent="86" />
      <mem type="survivor" free="0" total="134938624" percent="0" />
    </mem>
    <mem type="tenure" free="717598152" total="1882062848" percent="38" macro-fragmented="0">
      <mem type="soa" free="698777032" total="1863241728" percent="37" />
      <mem type="loa" free="18821120" total="18821120" percent="100" />
    </mem>
    <remembered-set count="31280" />
  </mem-info>
</gc-end>
<cycle-end id="6079" type="scavenge" contextid="6073" timestamp="2020-09-11T10:33:45.752" />
<allocation-satisfied id="6080" threadId="0000000000A4CC00" bytesRequested="536" />
<af-end id="6081" timestamp="2020-09-11T10:33:45.752" threadId="0000000000A4D580" success="true" from="nursery"/>
<exclusive-end id="6082" timestamp="2020-09-11T10:33:45.752" durationms="114.150" />

<exclusive-start id="6083" timestamp="2020-09-11T10:33:47.750" intervalms="2111.977">
  <response-info timems="0.719" idlems="0.719" threads="0" lastid="0000000000854300" lastname="Group1.Backend.CompositeBackend{Tier1}.7" />
</exclusive-start>
<af-start id="6084" threadId="0000000000854C80" totalBytesRequested="524296" timestamp="2020-09-11T10:33:47.751" intervalms="2111.967" type="nursery" />
<cycle-start id="6085" type="scavenge" contextid="0" timestamp="2020-09-11T10:33:47.751" intervalms="2111.961" />
<gc-start id="6086" type="scavenge" contextid="6085" timestamp="2020-09-11T10:33:47.751">
  <mem-info id="6087" free="717874176" total="2821586944" percent="25">
    <mem type="nursery" free="276024" total="939524096" percent="0">
      <mem type="allocate" free="276024" total="804585472" percent="0" />
      <mem type="survivor" free="0" total="134938624" percent="0" />
    </mem>
    <mem type="tenure" free="717598152" total="1882062848" percent="38">
      <mem type="soa" free="698777032" total="1863241728" percent="37" />
      <mem type="loa" free="18821120" total="18821120" percent="100" />
    </mem>
    <remembered-set count="195226" />
  </mem-info>
</gc-start>
<allocation-stats totalBytes="693470944" >
  <allocated-bytes non-tlh="33813960" tlh="659656984" />
  <largest-consumer threadName="Group1.Backend.CompositeBackend{Tier1}.6" threadId="0000000000843D00" bytes="93867240" />
</allocation-stats>
<gc-op id="6088" type="scavenge" timems="115.395" contextid="6085" timestamp="2020-09-11T10:33:47.867">
  <scavenger-info tenureage="3" tenuremask="7ff8" tiltratio="85" />
  <memory-copied type="nursery" objects="4315472" bytes="114714008" bytesdiscarded="141464" />
  <memory-copied type="tenure" objects="1066432" bytes="28661792" bytesdiscarded="93480" />
  <ownableSynchronizers candidates="3683" cleared="3424" />
  <references type="soft" candidates="198" cleared="0" enqueued="0" dynamicThreshold="17" maxThreshold="32" />
  <references type="weak" candidates="118" cleared="118" enqueued="0" />
</gc-op>
<gc-end id="6089" type="scavenge" contextid="6085" durationms="116.285" usertimems="859.155" systemtimems="0.000" timestamp="2020-09-11T10:33:47.867" activeThreads="8">
  <mem-info id="6090" free="1379638352" total="2821586944" percent="48">
    <mem type="nursery" free="690691064" total="939524096" percent="73">
      <mem type="allocate" free="690691064" total="805634048" percent="85" />
      <mem type="survivor" free="0" total="133890048" percent="0" />
    </mem>
    <mem type="tenure" free="688947288" total="1882062848" percent="36" macro-fragmented="0">
      <mem type="soa" free="670126168" total="1863241728" percent="35" />
      <mem type="loa" free="18821120" total="18821120" percent="100" />
    </mem>
    <remembered-set count="31969" />
  </mem-info>
</gc-end>
<cycle-end id="6091" type="scavenge" contextid="6085" timestamp="2020-09-11T10:33:47.869" />
<allocation-satisfied id="6092" threadId="0000000000854300" bytesRequested="524296" />
<af-end id="6093" timestamp="2020-09-11T10:33:47.869" threadId="0000000000854C80" success="true" from="nursery"/>
<exclusive-end id="6094" timestamp="2020-09-11T10:33:47.869" durationms="118.593" />

<exclusive-start id="6095" timestamp="2020-09-11T10:33:49.744" intervalms="1993.843">
  <response-info timems="0.435" idlems="0.435" threads="0" lastid="0000000000854300" lastname="Group1.Backend.CompositeBackend{Tier1}.7" />
</exclusive-start>
<af-start id="6096" threadId="0000000000854C80" totalBytesRequested="16" timestamp="2020-09-11T10:33:49.745" intervalms="1993.836" type="nursery" />
<cycle-start id="6097" type="scavenge" contextid="0" timestamp="2020-09-11T10:33:49.745" intervalms="1993.832" />
<gc-start id="6098" type="scavenge" contextid="6097" timestamp="2020-09-11T10:33:49.745">
  <mem-info id="6099" free="688947288" total="2821586944" percent="24">
    <mem type="nursery" free="0" total="939524096" percent="0">
      <mem type="allocate" free="0" total="805634048" percent="0" />
      <mem type="survivor" free="0" total="133890048" percent="0" />
    </mem>
    <mem type="tenure" free="688947288" total="1882062848" percent="36">
      <mem type="soa" free="670126168" total="1863241728" percent="35" />
      <mem type="loa" free="18821120" total="18821120" percent="100" />
    </mem>
    <remembered-set count="193393" />
  </mem-info>
</gc-start>
<allocation-stats totalBytes="690366768" >
  <allocated-bytes non-tlh="34404880" tlh="655961888" />
  <largest-consumer threadName="Group1.Backend.CompositeBackend{Tier1}.4" threadId="0000000000842600" bytes="89362120" />
</allocation-stats>
<gc-op id="6100" type="scavenge" timems="125.677" contextid="6097" timestamp="2020-09-11T10:33:49.871">
  <scavenger-info tenureage="3" tenuremask="7ff8" tiltratio="85" />
  <memory-copied type="nursery" objects="4764064" bytes="124681760" bytesdiscarded="237944" />
  <memory-copied type="tenure" objects="1136609" bytes="30549744" bytesdiscarded="114352" />
  <ownableSynchronizers candidates="4970" cleared="4693" />
  <references type="soft" candidates="178" cleared="0" enqueued="0" dynamicThreshold="17" maxThreshold="32" />
  <references type="weak" candidates="103" cleared="103" enqueued="0" />
</gc-op>
<gc-end id="6101" type="scavenge" contextid="6097" durationms="126.741" usertimems="966.596" systemtimems="0.000" timestamp="2020-09-11T10:33:49.872" activeThreads="8">
  <mem-info id="6102" free="1325449464" total="2821586944" percent="46">
    <mem type="nursery" free="667063192" total="939524096" percent="71">
      <mem type="allocate" free="667063192" total="792068096" percent="84" />
      <mem type="survivor" free="0" total="147456000" percent="0" />
    </mem>
    <mem type="tenure" free="658386272" total="1882062848" percent="34" macro-fragmented="0">
      <mem type="soa" free="639565152" total="1863241728" percent="34" />
      <mem type="loa" free="18821120" total="18821120" percent="100" />
    </mem>
    <remembered-set count="31610" />
  </mem-info>
</gc-end>
<cycle-end id="6103" type="scavenge" contextid="6097" timestamp="2020-09-11T10:33:49.873" />
<allocation-satisfied id="6104" threadId="0000000000854300" bytesRequested="16" />
<af-end id="6105" timestamp="2020-09-11T10:33:49.873" threadId="0000000000854C80" success="true" from="nursery"/>
<exclusive-end id="6106" timestamp="2020-09-11T10:33:49.873" durationms="128.861" />

<exclusive-start id="6107" timestamp="2020-09-11T10:33:51.838" intervalms="2094.387">
  <response-info timems="0.649" idlems="0.649" threads="0" lastid="0000000000837900" lastname="Group1.Backend.CompositeBackend{Tier1}.8" />
</exclusive-start>
<af-start id="6108" threadId="0000000000838280" totalBytesRequested="24" timestamp="2020-09-11T10:33:51.839" intervalms="2094.482" type="nursery" />
<cycle-start id="6109" type="scavenge" contextid="0" timestamp="2020-09-11T10:33:51.839" intervalms="2094.573" />
<gc-start id="6110" type="scavenge" contextid="6109" timestamp="2020-09-11T10:33:51.840">
  <mem-info id="6111" free="658386272" total="2821586944" percent="23">
    <mem type="nursery" free="0" total="939524096" percent="0">
      <mem type="allocate" free="0" total="792068096" percent="0" />
      <mem type="survivor" free="0" total="147456000" percent="0" />
    </mem>
    <mem type="tenure" free="658386272" total="1882062848" percent="34">
      <mem type="soa" free="639565152" total="1863241728" percent="34" />
      <mem type="loa" free="18821120" total="18821120" percent="100" />
    </mem>
    <remembered-set count="193348" />
  </mem-info>
</gc-start>
<allocation-stats totalBytes="666752280" >
  <allocated-bytes non-tlh="31558992" tlh="635193288" />
  <largest-consumer threadName="Group1.Backend.CompositeBackend{Tier1}.6" threadId="0000000000843D00" bytes="107958744" />
</allocation-stats>
<gc-op id="6112" type="scavenge" timems="105.278" contextid="6109" timestamp="2020-09-11T10:33:51.945">
  <scavenger-info tenureage="3" tenuremask="7ff8" tiltratio="84" />
  <memory-copied type="nursery" objects="4093256" bytes="109669912" bytesdiscarded="213976" />
  <memory-copied type="tenure" objects="1079675" bytes="29021864" bytesdiscarded="103144" />
  <ownableSynchronizers candidates="3901" cleared="3623" />
  <references type="soft" candidates="186" cleared="0" enqueued="0" dynamicThreshold="17" maxThreshold="32" />
  <references type="weak" candidates="109" cleared="109" enqueued="0" />
</gc-op>
<gc-end id="6113" type="scavenge" contextid="6109" durationms="106.644" usertimems="776.873" systemtimems="0.970" timestamp="2020-09-11T10:33:51.946" activeThreads="8">
  <mem-info id="6114" free="1312897744" total="2821586944" percent="46">
    <mem type="nursery" free="683670272" total="939524096" percent="72">
      <mem type="allocate" free="683670272" total="793640960" percent="86" />
      <mem type="survivor" free="0" total="145883136" percent="0" />
    </mem>
    <mem type="tenure" free="629227472" total="1882062848" percent="33" macro-fragmented="0">
      <mem type="soa" free="610406352" total="1863241728" percent="32" />
      <mem type="loa" free="18821120" total="18821120" percent="100" />
    </mem>
    <remembered-set count="31405" />
  </mem-info>
</gc-end>
<cycle-end id="6115" type="scavenge" contextid="6109" timestamp="2020-09-11T10:33:51.948" />
<allocation-satisfied id="6116" threadId="0000000000837900" bytesRequested="24" />
<af-end id="6117" timestamp="2020-09-11T10:33:51.948" threadId="0000000000838280" success="true" from="nursery"/>
<exclusive-end id="6118" timestamp="2020-09-11T10:33:51.948" durationms="109.966" />

</verbosegc>

