<?xml version="1.0" ?>

<verbosegc xmlns="http://www.ibm.com/j9/verbosegc" version="c1dd04cca_CMPRSS">

!@: MM_VerboseWriterFileLoggingSynchronous::openFile

!@: After Trigger

<exclusive-start id="3701" timestamp="2020-09-11T10:27:01.001" intervalms="2152.220">
  <response-info timems="0.730" idlems="0.369" threads="1" lastid="0000000000837900" lastname="Group1.Backend.CompositeBackend{Tier1}.8" />
</exclusive-start>
<af-start id="3702" threadId="0000000000842F80" totalBytesRequested="120" timestamp="2020-09-11T10:27:01.002" intervalms="2152.479" type="nursery" />
<cycle-start id="3703" type="scavenge" contextid="0" timestamp="2020-09-11T10:27:01.002" intervalms="2152.495" />
<gc-start id="3704" type="scavenge" contextid="3703" timestamp="2020-09-11T10:27:01.002">
  <mem-info id="3705" free="772063960" total="2821586944" percent="27">
    <mem type="nursery" free="0" total="939524096" percent="0">
      <mem type="allocate" free="0" total="806092800" percent="0" />
      <mem type="survivor" free="0" total="133431296" percent="0" />
    </mem>
    <mem type="tenure" free="772063960" total="1882062848" percent="41">
      <mem type="soa" free="640319192" total="1750318080" percent="36" />
      <mem type="loa" free="131744768" total="131744768" percent="100" />
    </mem>
    <remembered-set count="198905" />
  </mem-info>
</gc-start>
<allocation-stats totalBytes="695961680" >
  <allocated-bytes non-tlh="28130592" tlh="667831088" />
  <largest-consumer threadName="Group1.Backend.CompositeBackend{Tier1}.7" threadId="0000000000854300" bytes="95735712" />
</allocation-stats>
<gc-op id="3706" type="scavenge" timems="99.262" contextid="3703" timestamp="2020-09-11T10:27:01.102">
  <scavenger-info tenureage="3" tenuremask="7ff8" tiltratio="85" />
  <memory-copied type="nursery" objects="4204702" bytes="112555016" bytesdiscarded="271088" />
  <memory-copied type="tenure" objects="1017989" bytes="27361592" bytesdiscarded="67488" />
  <ownableSynchronizers candidates="3236" cleared="2953" />
  <references type="soft" candidates="239" cleared="0" enqueued="0" dynamicThreshold="18" maxThreshold="32" />
  <references type="weak" candidates="111" cleared="111" enqueued="0" />
</gc-op>
<gc-end id="3707" type="scavenge" contextid="3703" durationms="100.455" usertimems="777.473" systemtimems="0.000" timestamp="2020-09-11T10:27:01.103" activeThreads="8">
  <mem-info id="3708" free="1438602096" total="2821586944" percent="50">
    <mem type="nursery" free="693969144" total="939524096" percent="73">
      <mem type="allocate" free="693969144" total="806879232" percent="86" />
      <mem type="survivor" free="0" total="132644864" percent="0" />
    </mem>
    <mem type="tenure" free="744632952" total="1882062848" percent="39" macro-fragmented="0">
      <mem type="soa" free="612888184" total="1750318080" percent="35" />
      <mem type="loa" free="131744768" total="131744768" percent="100" />
    </mem>
    <remembered-set count="32019" />
  </mem-info>
</gc-end>
<cycle-end id="3709" type="scavenge" contextid="3703" timestamp="2020-09-11T10:27:01.104" />
<allocation-satisfied id="3710" threadId="0000000000842600" bytesRequested="120" />
<af-end id="3711" timestamp="2020-09-11T10:27:01.104" threadId="0000000000842F80" success="true" from="nursery"/>
<exclusive-end id="3712" timestamp="2020-09-11T10:27:01.104" durationms="103.306" />

<exclusive-start id="3713" timestamp="2020-09-11T10:27:03.064" intervalms="2063.106">
  <response-info timems="0.467" idlems="0.467" threads="0" lastid="0000000000837900" lastname="Group1.Backend.CompositeBackend{Tier1}.8" />
</exclusive-start>
<af-start id="3714" threadId="0000000000838280" totalBytesRequested="16" timestamp="2020-09-11T10:27:03.065" intervalms="2062.950" type="nursery" />
<cycle-start id="3715" type="scavenge" contextid="0" timestamp="2020-09-11T10:27:03.065" intervalms="2062.967" />
<gc-start id="3716" type="scavenge" contextid="3715" timestamp="2020-09-11T10:27:03.065">
  <mem-info id="3717" free="744632952" total="2821586944" percent="26">
    <mem type="nursery" free="0" total="939524096" percent="0">
      <mem type="allocate" free="0" total="806879232" percent="0" />
      <mem type="survivor" free="0" total="132644864" percent="0" />
    </mem>
    <mem type="tenure" free="744632952" total="1882062848" percent="39">
      <mem type="soa" free="612888184" total="1750318080" percent="35" />
      <mem type="loa" free="131744768" total="131744768" percent="100" />
    </mem>
    <remembered-set count="192997" />
  </mem-info>
</gc-start>
<allocation-stats totalBytes="693665016" >
  <allocated-bytes non-tlh="37060536" tlh="656604480" />
  <largest-consumer threadName="Group1.Backend.CompositeBackend{Tier1}.7" threadId="0000000000854300" bytes="87141392" />
</allocation-stats>
<gc-op id="3718" type="scavenge" timems="99.208" contextid="3715" timestamp="2020-09-11T10:27:03.165">
  <scavenger-info tenureage="3" tenuremask="7ff8" tiltratio="85" />
  <memory-copied type="nursery" objects="4061143" bytes="109173304" bytesdiscarded="154448" />
  <memory-copied type="tenure" objects="1107658" bytes="29768488" bytesdiscarded="77424" />
  <ownableSynchronizers candidates="3838" cleared="3559" />
  <references type="soft" candidates="240" cleared="0" enqueued="0" dynamicThreshold="18" maxThreshold="32" />
  <references type="weak" candidates="118" cleared="118" enqueued="0" />
</gc-op>
<gc-end id="3719" type="scavenge" contextid="3715" durationms="100.636" usertimems="780.018" systemtimems="0.000" timestamp="2020-09-11T10:27:03.166" activeThreads="8">
  <mem-info id="3720" free="1413572816" total="2821586944" percent="50">
    <mem type="nursery" free="698779104" total="939524096" percent="74">
      <mem type="allocate" free="698779104" total="808189952" percent="86" />
      <mem type="survivor" free="0" total="131334144" percent="0" />
    </mem>
    <mem type="tenure" free="714793712" total="1882062848" percent="37" macro-fragmented="0">
      <mem type="soa" free="583048944" total="1750318080" percent="33" />
      <mem type="loa" free="131744768" total="131744768" percent="100" />
    </mem>
    <remembered-set count="30827" />
  </mem-info>
</gc-end>
<cycle-end id="3721" type="scavenge" contextid="3715" timestamp="2020-09-11T10:27:03.168" />
<allocation-satisfied id="3722" threadId="0000000000837900" bytesRequested="16" />
<af-end id="3723" timestamp="2020-09-11T10:27:03.168" threadId="0000000000838280" success="true" from="nursery"/>
<exclusive-end id="3724" timestamp="2020-09-11T10:27:03.168" durationms="103.933" />

<exclusive-start id="3725" timestamp="2020-09-11T10:27:05.210" intervalms="2145.611">
  <response-info timems="2.154" idlems="2.154" threads="0" lastid="0000000000854300" lastname="Group1.Backend.CompositeBackend{Tier1}.7" />
</exclusive-start>
<af-start id="3726" threadId="0000000000854C80" totalBytesRequested="32" timestamp="2020-09-11T10:27:05.211" intervalms="2145.657" type="nursery" />
<cycle-start id="3727" type="scavenge" contextid="0" timestamp="2020-09-11T10:27:05.211" intervalms="2145.696" />
<gc-start id="3728" type="scavenge" contextid="3727" timestamp="2020-09-11T10:27:05.211">
  <mem-info id="3729" free="714793712" total="2821586944" percent="25">
    <mem type="nursery" free="0" total="939524096" percent="0">
      <mem type="allocate" free="0" total="808189952" percent="0" />
      <mem type="survivor" free="0" total="131334144" percent="0" />
    </mem>
    <mem type="tenure" free="714793712" total="1882062848" percent="37">
      <mem type="soa" free="583048944" total="1750318080" percent="33" />
      <mem type="loa" free="131744768" total="131744768" percent="100" />
    </mem>
    <remembered-set count="195431" />
  </mem-info>
</gc-start>
<allocation-stats totalBytes="698454632" >
  <allocated-bytes non-tlh="34806144" tlh="663648488" />
  <largest-consumer threadName="Group1.Backend.CompositeBackend{Tier1}.8" threadId="0000000000837900" bytes="86472864" />
</allocation-stats>
<gc-op id="3730" type="scavenge" timems="124.299" contextid="3727" timestamp="2020-09-11T10:27:05.335">
  <scavenger-info tenureage="3" tenuremask="7ff8" tiltratio="86" />
  <memory-copied type="nursery" objects="4113981" bytes="110545880" bytesdiscarded="172488" />
  <memory-copied type="tenure" objects="1082957" bytes="29125384" bytesdiscarded="64104" />
  <ownableSynchronizers candidates="4470" cleared="4168" />
  <references type="soft" candidates="236" cleared="0" enqueued="0" dynamicThreshold="18" maxThreshold="32" />
  <references type="weak" candidates="122" cleared="122" enqueued="0" />
</gc-op>
<gc-end id="3731" type="scavenge" contextid="3727" durationms="126.343" usertimems="897.688" systemtimems="3.871" timestamp="2020-09-11T10:27:05.337" activeThreads="8">
  <mem-info id="3732" free="1384247976" total="2821586944" percent="49">
    <mem type="nursery" free="698564768" total="939524096" percent="74">
      <mem type="allocate" free="698564768" total="809369600" percent="86" />
      <mem type="survivor" free="0" total="130154496" percent="0" />
    </mem>
    <mem type="tenure" free="685683208" total="1882062848" percent="36" macro-fragmented="0">
      <mem type="soa" free="553938440" total="1750318080" percent="31" />
      <mem type="loa" free="131744768" total="131744768" percent="100" />
    </mem>
    <remembered-set count="31392" />
  </mem-info>
</gc-end>
<cycle-end id="3733" type="scavenge" contextid="3727" timestamp="2020-09-11T10:27:05.339" />
<allocation-satisfied id="3734" threadId="0000000000854300" bytesRequested="32" />
<af-end id="3735" timestamp="2020-09-11T10:27:05.339" threadId="0000000000854C80" success="true" from="nursery"/>
<exclusive-end id="3736" timestamp="2020-09-11T10:27:05.339" durationms="129.471" />

<exclusive-start id="3737" timestamp="2020-09-11T10:27:07.334" intervalms="2124.337">
  <response-info timems="0.438" idlems="0.438" threads="0" lastid="0000000000842600" lastname="Group1.Backend.CompositeBackend{Tier1}.4" />
</exclusive-start>
<af-start id="3738" threadId="0000000000842F80" totalBytesRequested="16" timestamp="2020-09-11T10:27:07.335" intervalms="2124.401" type="nursery" />
<cycle-start id="3739" type="scavenge" contextid="0" timestamp="2020-09-11T10:27:07.335" intervalms="2124.355" />
<gc-start id="3740" type="scavenge" contextid="3739" timestamp="2020-09-11T10:27:07.335">
  <mem-info id="3741" free="685683208" total="2821586944" percent="24">
    <mem type="nursery" free="0" total="939524096" percent="0">
      <mem type="allocate" free="0" total="809369600" percent="0" />
      <mem type="survivor" free="0" total="130154496" percent="0" />
    </mem>
    <mem type="tenure" free="685683208" total="1882062848" percent="36">
      <mem type="soa" free="553938440" total="1750318080" percent="31" />
      <mem type="loa" free="131744768" total="131744768" percent="100" />
    </mem>
    <remembered-set count="197412" />
  </mem-info>
</gc-start>
<allocation-stats totalBytes="698230688" >
  <allocated-bytes non-tlh="29686880" tlh="668543808" />
  <largest-consumer threadName="Group1.Backend.CompositeBackend{Tier1}.4" threadId="0000000000842600" bytes="91335568" />
</allocation-stats>
<gc-op id="3742" type="scavenge" timems="108.048" contextid="3739" timestamp="2020-09-11T10:27:07.444">
  <scavenger-info tenureage="3" tenuremask="7ff8" tiltratio="86" />
  <memory-copied type="nursery" objects="4188295" bytes="112150128" bytesdiscarded="139440" />
  <memory-copied type="tenure" objects="1128718" bytes="30333376" bytesdiscarded="102080" />
  <ownableSynchronizers candidates="4484" cleared="4169" />
  <references type="soft" candidates="276" cleared="0" enqueued="0" dynamicThreshold="18" maxThreshold="32" />
  <references type="weak" candidates="99" cleared="99" enqueued="0" />
</gc-op>
<gc-end id="3743" type="scavenge" contextid="3739" durationms="109.364" usertimems="842.432" systemtimems="0.106" timestamp="2020-09-11T10:27:07.445" activeThreads="8">
  <mem-info id="3744" free="1352776344" total="2821586944" percent="47">
    <mem type="nursery" free="697579616" total="939524096" percent="74">
      <mem type="allocate" free="697579616" total="809959424" percent="86" />
      <mem type="survivor" free="0" total="129564672" percent="0" />
    </mem>
    <mem type="tenure" free="655196728" total="1882062848" percent="34" macro-fragmented="0">
      <mem type="soa" free="523451960" total="1750318080" percent="29" />
      <mem type="loa" free="131744768" total="131744768" percent="100" />
    </mem>
    <remembered-set count="30870" />
  </mem-info>
</gc-end>
<cycle-end id="3745" type="scavenge" contextid="3739" timestamp="2020-09-11T10:27:07.446" />
<allocation-satisfied id="3746" threadId="0000000000842600" bytesRequested="16" />
<af-end id="3747" timestamp="2020-09-11T10:27:07.446" threadId="0000000000842F80" success="true" from="nursery"/>
<exclusive-end id="3748" timestamp="2020-09-11T10:27:07.446" durationms="112.101" />

<exclusive-start id="3749" timestamp="2020-09-11T10:27:09.367" intervalms="2032.572">
  <response-info timems="0.563" idlems="0.563" threads="0" lastid="0000000000837900" lastname="Group1.Backend.CompositeBackend{Tier1}.8" />
</exclusive-start>
<af-start id="3750" threadId="0000000000838280" totalBytesRequested="112" timestamp="2020-09-11T10:27:09.367" intervalms="2032.338" type="nursery" />
<cycle-start id="3751" type="scavenge" contextid="0" timestamp="2020-09-11T10:27:09.367" intervalms="2032.368" />
<gc-start id="3752" type="scavenge" contextid="3751" timestamp="2020-09-11T10:27:09.368">
  <mem-info id="3753" free="655196728" total="2821586944" percent="23">
    <mem type="nursery" free="0" total="939524096" percent="0">
      <mem type="allocate" free="0" total="809959424" percent="0" />
      <mem type="survivor" free="0" total="129564672" percent="0" />
    </mem>
    <mem type="tenure" free="655196728" total="1882062848" percent="34">
      <mem type="soa" free="523451960" total="1750318080" percent="29" />
      <mem type="loa" free="131744768" total="131744768" percent="100" />
    </mem>
    <remembered-set count="192733" />
  </mem-info>
</gc-start>
<allocation-stats totalBytes="697263104" >
  <allocated-bytes non-tlh="36833896" tlh="660429208" />
  <largest-consumer threadName="Group1.Backend.CompositeBackend{Tier1}.6" threadId="0000000000843D00" bytes="95004632" />
</allocation-stats>
<gc-op id="3754" type="scavenge" timems="111.871" contextid="3751" timestamp="2020-09-11T10:27:09.480">
  <scavenger-info tenureage="3" tenuremask="7ff8" tiltratio="86" />
  <memory-copied type="nursery" objects="4148842" bytes="111330264" bytesdiscarded="225264" />
  <memory-copied type="tenure" objects="1063569" bytes="28721832" bytesdiscarded="79232" />
  <ownableSynchronizers candidates="4570" cleared="4230" />
  <references type="soft" candidates="294" cleared="0" enqueued="0" dynamicThreshold="18" maxThreshold="32" />
  <references type="weak" candidates="128" cleared="128" enqueued="0" />
</gc-op>
<gc-end id="3755" type="scavenge" contextid="3751" durationms="112.954" usertimems="788.322" systemtimems="0.000" timestamp="2020-09-11T10:27:09.481" activeThreads="8">
  <mem-info id="3756" free="1325469456" total="2821586944" percent="46">
    <mem type="nursery" free="699100928" total="939524096" percent="74">
      <mem type="allocate" free="699100928" total="810745856" percent="86" />
      <mem type="survivor" free="0" total="128778240" percent="0" />
    </mem>
    <mem type="tenure" free="626368528" total="1882062848" percent="33" macro-fragmented="0">
      <mem type="soa" free="494623760" total="1750318080" percent="28" />
      <mem type="loa" free="131744768" total="131744768" percent="100" />
    </mem>
    <remembered-set count="31541" />
  </mem-info>
</gc-end>
<cycle-end id="3757" type="scavenge" contextid="3751" timestamp="2020-09-11T10:27:09.485" />
<allocation-satisfied id="3758" threadId="0000000000837900" bytesRequested="112" />
<af-end id="3759" timestamp="2020-09-11T10:27:09.485" threadId="0000000000838280" success="true" from="nursery"/>
<exclusive-end id="3760" timestamp="2020-09-11T10:27:09.485" durationms="118.017" />

<exclusive-start id="3761" timestamp="2020-09-11T10:27:11.545" intervalms="2178.526">
  <response-info timems="1.026" idlems="0.701" threads="1" lastid="0000000000854300" lastname="Group1.Backend.CompositeBackend{Tier1}.7" />
</exclusive-start>
<af-start id="3762" threadId="0000000000A54C80" totalBytesRequested="16" timestamp="2020-09-11T10:27:11.546" intervalms="2178.700" type="nursery" />
<cycle-start id="3763" type="scavenge" contextid="0" timestamp="2020-09-11T10:27:11.546" intervalms="2178.701" />
<gc-start id="3764" type="scavenge" contextid="3763" timestamp="2020-09-11T10:27:11.547">
  <mem-info id="3765" free="626368528" total="2821586944" percent="22">
    <mem type="nursery" free="0" total="939524096" percent="0">
      <mem type="allocate" free="0" total="810745856" percent="0" />
      <mem type="survivor" free="0" total="128778240" percent="0" />
    </mem>
    <mem type="tenure" free="626368528" total="1882062848" percent="33">
      <mem type="soa" free="494623760" total="1750318080" percent="28" />
      <mem type="loa" free="131744768" total="131744768" percent="100" />
    </mem>
    <remembered-set count="196060" />
  </mem-info>
</gc-start>
<allocation-stats totalBytes="698783496" >
  <allocated-bytes non-tlh="30554152" tlh="668229344" />
  <largest-consumer threadName="Group1.Backend.CompositeBackend{Tier1}.7" threadId="0000000000854300" bytes="94160344" />
</allocation-stats>
<gc-op id="3766" type="scavenge" timems="125.652" contextid="3763" timestamp="2020-09-11T10:27:11.672">
  <scavenger-info tenureage="3" tenuremask="7ff8" tiltratio="86" />
  <memory-copied type="nursery" objects="4408413" bytes="117264968" bytesdiscarded="140152" />
  <memory-copied type="tenure" objects="1107667" bytes="29770248" bytesdiscarded="78456" />
  <ownableSynchronizers candidates="4248" cleared="3896" />
  <references type="soft" candidates="297" cleared="0" enqueued="0" dynamicThreshold="18" maxThreshold="32" />
  <references type="weak" candidates="97" cleared="97" enqueued="0" />
</gc-op>
<gc-end id="3767" type="scavenge" contextid="3763" durationms="127.265" usertimems="985.577" systemtimems="8.058" timestamp="2020-09-11T10:27:11.674" activeThreads="8">
  <mem-info id="3768" free="1282487136" total="2821586944" percent="45">
    <mem type="nursery" free="685850864" total="939524096" percent="72">
      <mem type="allocate" free="685850864" total="803340288" percent="85" />
      <mem type="survivor" free="0" total="136183808" percent="0" />
    </mem>
    <mem type="tenure" free="596636272" total="1882062848" percent="31" macro-fragmented="0">
      <mem type="soa" free="464891504" total="1750318080" percent="26" />
      <mem type="loa" free="131744768" total="131744768" percent="100" />
    </mem>
    <remembered-set count="30429" />
  </mem-info>
</gc-end>
<cycle-end id="3769" type="scavenge" contextid="3763" timestamp="2020-09-11T10:27:11.681" />
<allocation-satisfied id="3770" threadId="0000000000A54300" bytesRequested="16" />
<af-end id="3771" timestamp="2020-09-11T10:27:11.681" threadId="0000000000A54C80" success="true" from="nursery"/>
<exclusive-end id="3772" timestamp="2020-09-11T10:27:11.681" durationms="136.087" />

<exclusive-start id="3773" timestamp="2020-09-11T10:27:13.609" intervalms="2064.152">
  <response-info timems="0.527" idlems="0.527" threads="0" lastid="0000000000842600" lastname="Group1.Backend.CompositeBackend{Tier1}.4" />
</exclusive-start>
<af-start id="3774" threadId="0000000000842F80" totalBytesRequested="16" timestamp="2020-09-11T10:27:13.610" intervalms="2064.050" type="nursery" />
<cycle-start id="3775" type="scavenge" contextid="0" timestamp="2020-09-11T10:27:13.610" intervalms="2064.010" />
<gc-start id="3776" type="scavenge" contextid="3775" timestamp="2020-09-11T10:27:13.611">
  <mem-info id="3777" free="596636272" total="2821586944" percent="21">
    <mem type="nursery" free="0" total="939524096" percent="0">
      <mem type="allocate" free="0" total="803340288" percent="0" />
      <mem type="survivor" free="0" total="136183808" percent="0" />
    </mem>
    <mem type="tenure" free="596636272" total="1882062848" percent="31">
      <mem type="soa" free="464891504" total="1750318080" percent="26" />
      <mem type="loa" free="131744768" total="131744768" percent="100" />
    </mem>
    <remembered-set count="192842" />
  </mem-info>
</gc-start>
<allocation-stats totalBytes="685533352" >
  <allocated-bytes non-tlh="33035248" tlh="652498104" />
  <largest-consumer threadName="Group1.Backend.CompositeBackend{Tier1}.8" threadId="0000000000837900" bytes="106593864" />
</allocation-stats>
<gc-op id="3778" type="scavenge" timems="120.341" contextid="3775" timestamp="2020-09-11T10:27:13.731">
  <scavenger-info tenureage="3" tenuremask="7ff8" tiltratio="85" />
  <memory-copied type="nursery" objects="4349081" bytes="115164608" bytesdiscarded="480424" />
  <memory-copied type="tenure" objects="1140454" bytes="30658536" bytesdiscarded="90512" />
  <ownableSynchronizers candidates="3899" cleared="3562" />
  <references type="soft" candidates="286" cleared="0" enqueued="0" dynamicThreshold="18" maxThreshold="32" />
  <references type="weak" candidates="118" cleared="118" enqueued="0" />
</gc-op>
<gc-end id="3779" type="scavenge" contextid="3775" durationms="121.406" usertimems="920.859" systemtimems="0.000" timestamp="2020-09-11T10:27:13.732" activeThreads="8">
  <mem-info id="3780" free="1254464952" total="2821586944" percent="44">
    <mem type="nursery" free="688595952" total="939524096" percent="73">
      <mem type="allocate" free="688595952" total="804323328" percent="85" />
      <mem type="survivor" free="0" total="135200768" percent="0" />
    </mem>
    <mem type="tenure" free="565869000" total="1882062848" percent="30" macro-fragmented="0">
      <mem type="soa" free="434124232" total="1750318080" percent="24" />
      <mem type="loa" free="131744768" total="131744768" percent="100" />
    </mem>
    <remembered-set count="29763" />
  </mem-info>
</gc-end>
<cycle-end id="3781" type="scavenge" contextid="3775" timestamp="2020-09-11T10:27:13.733" />
<allocation-satisfied id="3782" threadId="0000000000842600" bytesRequested="16" />
<af-end id="3783" timestamp="2020-09-11T10:27:13.733" threadId="0000000000842F80" success="true" from="nursery"/>
<exclusive-end id="3784" timestamp="2020-09-11T10:27:13.733" durationms="123.983" />

<exclusive-start id="3785" timestamp="2020-09-11T10:27:15.739" intervalms="2130.122">
  <response-info timems="0.630" idlems="0.630" threads="0" lastid="0000000000837900" lastname="Group1.Backend.CompositeBackend{Tier1}.8" />
</exclusive-start>
<af-start id="3786" threadId="0000000000838280" totalBytesRequested="16" timestamp="2020-09-11T10:27:15.740" intervalms="2130.172" type="nursery" />
<cycle-start id="3787" type="scavenge" contextid="0" timestamp="2020-09-11T10:27:15.740" intervalms="2130.206" />
<gc-start id="3788" type="scavenge" contextid="3787" timestamp="2020-09-11T10:27:15.741">
  <mem-info id="3789" free="565869000" total="2821586944" percent="20">
    <mem type="nursery" free="0" total="939524096" percent="0">
      <mem type="allocate" free="0" total="804323328" percent="0" />
      <mem type="survivor" free="0" total="135200768" percent="0" />
    </mem>
    <mem type="tenure" free="565869000" total="1882062848" percent="30">
      <mem type="soa" free="434124232" total="1750318080" percent="24" />
      <mem type="loa" free="131744768" total="131744768" percent="100" />
    </mem>
    <remembered-set count="194964" />
  </mem-info>
</gc-start>
<allocation-stats totalBytes="688273288" >
  <allocated-bytes non-tlh="28182760" tlh="660090528" />
  <largest-consumer threadName="Group1.Backend.CompositeBackend{Tier1}.8" threadId="0000000000837900" bytes="87582840" />
</allocation-stats>
<gc-op id="3790" type="scavenge" timems="101.371" contextid="3787" timestamp="2020-09-11T10:27:15.842">
  <scavenger-info tenureage="3" tenuremask="7ff8" tiltratio="85" />
  <memory-copied type="nursery" objects="4153634" bytes="111388984" bytesdiscarded="235264" />
  <memory-copied type="tenure" objects="1068319" bytes="28722824" bytesdiscarded="93256" />
  <ownableSynchronizers candidates="3536" cleared="3226" />
  <references type="soft" candidates="279" cleared="0" enqueued="0" dynamicThreshold="18" maxThreshold="32" />
  <references type="weak" candidates="127" cleared="127" enqueued="0" />
</gc-op>
<gc-end id="3791" type="scavenge" contextid="3787" durationms="102.745" usertimems="744.186" systemtimems="0.000" timestamp="2020-09-11T10:27:15.843" activeThreads="8">
  <mem-info id="3792" free="1230880992" total="2821586944" percent="43">
    <mem type="nursery" free="693856768" total="939524096" percent="73">
      <mem type="allocate" free="693856768" total="805568512" percent="86" />
      <mem type="survivor" free="0" total="133955584" percent="0" />
    </mem>
    <mem type="tenure" free="537024224" total="1882062848" percent="28" macro-fragmented="0">
      <mem type="soa" free="405279456" total="1750318080" percent="23" />
      <mem type="loa" free="131744768" total="131744768" percent="100" />
    </mem>
    <remembered-set count="30655" />
  </mem-info>
</gc-end>
<cycle-end id="3793" type="scavenge" contextid="3787" timestamp="2020-09-11T10:27:15.845" />
<allocation-satisfied id="3794" threadId="0000000000837900" bytesRequested="16" />
<af-end id="3795" timestamp="2020-09-11T10:27:15.845" threadId="0000000000838280" success="true" from="nursery"/>
<exclusive-end id="3796" timestamp="2020-09-11T10:27:15.845" durationms="105.716" />

<exclusive-start id="3797" timestamp="2020-09-11T10:27:17.877" intervalms="2138.070">
  <response-info timems="0.440" idlems="0.224" threads="1" lastid="0000000000854300" lastname="Group1.Backend.CompositeBackend{Tier1}.7" />
</exclusive-start>
<af-start id="3798" threadId="0000000000857180" totalBytesRequested="16" timestamp="2020-09-11T10:27:17.878" intervalms="2138.047" type="nursery" />
<cycle-start id="3799" type="scavenge" contextid="0" timestamp="2020-09-11T10:27:17.878" intervalms="2138.061" />
<gc-start id="3800" type="scavenge" contextid="3799" timestamp="2020-09-11T10:27:17.879">
  <mem-info id="3801" free="537024224" total="2821586944" percent="19">
    <mem type="nursery" free="0" total="939524096" percent="0">
      <mem type="allocate" free="0" total="805568512" percent="0" />
      <mem type="survivor" free="0" total="133955584" percent="0" />
    </mem>
    <mem type="tenure" free="537024224" total="1882062848" percent="28">
      <mem type="soa" free="405279456" total="1750318080" percent="23" />
      <mem type="loa" free="131744768" total="131744768" percent="100" />
    </mem>
    <remembered-set count="193543" />
  </mem-info>
</gc-start>
<allocation-stats totalBytes="693524016" >
  <allocated-bytes non-tlh="36459560" tlh="657064456" />
  <largest-consumer threadName="Group1.Backend.CompositeBackend{Tier1}.2" threadId="00000000007F6F00" bytes="96471360" />
</allocation-stats>
<gc-op id="3802" type="scavenge" timems="100.095" contextid="3799" timestamp="2020-09-11T10:27:17.979">
  <scavenger-info tenureage="3" tenuremask="7ff8" tiltratio="85" />
  <memory-copied type="nursery" objects="4150490" bytes="111255240" bytesdiscarded="225264" />
  <memory-copied type="tenure" objects="1108503" bytes="29802200" bytesdiscarded="89904" />
  <ownableSynchronizers candidates="2971" cleared="2686" />
  <references type="soft" candidates="263" cleared="0" enqueued="0" dynamicThreshold="18" maxThreshold="32" />
  <references type="weak" candidates="108" cleared="108" enqueued="0" />
</gc-op>
<gc-end id="3803" type="scavenge" contextid="3799" durationms="101.094" usertimems="722.612" systemtimems="4.700" timestamp="2020-09-11T10:27:17.980" activeThreads="8">
  <mem-info id="3804" free="1203017656" total="2821586944" percent="42">
    <mem type="nursery" free="695834624" total="939524096" percent="74">
      <mem type="allocate" free="695834624" total="807403520" percent="86" />
      <mem type="survivor" free="0" total="132120576" percent="0" />
    </mem>
    <mem type="tenure" free="507183032" total="1882062848" percent="26" macro-fragmented="0">
      <mem type="soa" free="375438264" total="1750318080" percent="21" />
      <mem type="loa" free="131744768" total="131744768" percent="100" />
    </mem>
    <remembered-set count="29881" />
  </mem-info>
</gc-end>
<cycle-end id="3805" type="scavenge" contextid="3799" timestamp="2020-09-11T10:27:17.982" />
<allocation-satisfied id="3806" threadId="0000000000856800" bytesRequested="16" />
<af-end id="3807" timestamp="2020-09-11T10:27:17.982" threadId="0000000000857180" success="true" from="nursery"/>
<exclusive-end id="3808" timestamp="2020-09-11T10:27:17.982" durationms="104.203" />

<exclusive-start id="3809" timestamp="2020-09-11T10:27:19.945" intervalms="2067.211">
  <response-info timems="0.607" idlems="0.602" threads="1" lastid="0000000000842600" lastname="Group1.Backend.CompositeBackend{Tier1}.4" />
</exclusive-start>
<af-start id="3810" threadId="0000000000786780" totalBytesRequested="136" timestamp="2020-09-11T10:27:19.945" intervalms="2067.119" type="nursery" />
<cycle-start id="3811" type="scavenge" contextid="0" timestamp="2020-09-11T10:27:19.946" intervalms="2067.062" />
<gc-start id="3812" type="scavenge" contextid="3811" timestamp="2020-09-11T10:27:19.946">
  <mem-info id="3813" free="507183032" total="2821586944" percent="17">
    <mem type="nursery" free="0" total="939524096" percent="0">
      <mem type="allocate" free="0" total="807403520" percent="0" />
      <mem type="survivor" free="0" total="132120576" percent="0" />
    </mem>
    <mem type="tenure" free="507183032" total="1882062848" percent="26">
      <mem type="soa" free="375438264" total="1750318080" percent="21" />
      <mem type="loa" free="131744768" total="131744768" percent="100" />
    </mem>
    <remembered-set count="193050" />
  </mem-info>
</gc-start>
<allocation-stats totalBytes="695488848" >
  <allocated-bytes non-tlh="33506096" tlh="661982752" />
  <largest-consumer threadName="Group1.Backend.CompositeBackend{Tier1}.8" threadId="0000000000837900" bytes="95084144" />
</allocation-stats>
<gc-op id="3814" type="scavenge" timems="88.074" contextid="3811" timestamp="2020-09-11T10:27:20.034">
  <scavenger-info tenureage="3" tenuremask="7ff8" tiltratio="85" />
  <memory-copied type="nursery" objects="4071366" bytes="109367448" bytesdiscarded="141024" />
  <memory-copied type="tenure" objects="1080176" bytes="29037288" bytesdiscarded="85648" />
  <ownableSynchronizers candidates="4460" cleared="4168" />
  <references type="soft" candidates="266" cleared="0" enqueued="0" dynamicThreshold="18" maxThreshold="32" />
  <references type="weak" candidates="137" cleared="137" enqueued="0" />
</gc-op>
<gc-end id="3815" type="scavenge" contextid="3811" durationms="89.002" usertimems="688.513" systemtimems="0.000" timestamp="2020-09-11T10:27:20.035" activeThreads="8">
  <mem-info id="3816" free="1177338984" total="2821586944" percent="41">
    <mem type="nursery" free="699323392" total="939524096" percent="74">
      <mem type="allocate" free="699323392" total="808910848" percent="86" />
      <mem type="survivor" free="0" total="130613248" percent="0" />
    </mem>
    <mem type="tenure" free="478015592" total="1882062848" percent="25" macro-fragmented="0">
      <mem type="soa" free="346270824" total="1750318080" percent="19" />
      <mem type="loa" free="131744768" total="131744768" percent="100" />
    </mem>
    <remembered-set count="29889" />
  </mem-info>
</gc-end>
<cycle-end id="3817" type="scavenge" contextid="3811" timestamp="2020-09-11T10:27:20.036" />
<allocation-satisfied id="3818" threadId="0000000000785E00" bytesRequested="136" />
<af-end id="3819" timestamp="2020-09-11T10:27:20.036" threadId="0000000000786780" success="true" from="nursery"/>
<exclusive-end id="3820" timestamp="2020-09-11T10:27:20.036" durationms="91.327" />

<exclusive-start id="3821" timestamp="2020-09-11T10:27:22.000" intervalms="2054.881">
  <response-info timems="5.910" idlems="5.910" threads="0" lastid="0000000000843100" lastname="Group1.Backend.CompositeBackend{Tier1}.5" />
</exclusive-start>
<af-start id="3822" threadId="0000000000843A80" totalBytesRequested="120" timestamp="2020-09-11T10:27:22.000" intervalms="2055.071" type="nursery" />
<cycle-start id="3823" type="scavenge" contextid="0" timestamp="2020-09-11T10:27:22.001" intervalms="2055.107" />
<gc-start id="3824" type="scavenge" contextid="3823" timestamp="2020-09-11T10:27:22.001">
  <mem-info id="3825" free="478015328" total="2821586944" percent="16">
    <mem type="nursery" free="0" total="939524096" percent="0">
      <mem type="allocate" free="0" total="808910848" percent="0" />
      <mem type="survivor" free="0" total="130613248" percent="0" />
    </mem>
    <mem type="tenure" free="478015328" total="1882062848" percent="25">
      <mem type="soa" free="346270560" total="1750318080" percent="19" />
      <mem type="loa" free="131744768" total="131744768" percent="100" />
    </mem>
    <remembered-set count="192954" />
  </mem-info>
</gc-start>
<allocation-stats totalBytes="698988936" >
  <allocated-bytes non-tlh="35009520" tlh="663979416" />
  <largest-consumer threadName="Group1.Backend.CompositeBackend{Tier1}.5" threadId="0000000000843100" bytes="104223528" />
</allocation-stats>
<gc-op id="3826" type="scavenge" timems="136.587" contextid="3823" timestamp="2020-09-11T10:27:22.138">
  <scavenger-info tenureage="3" tenuremask="7ff8" tiltratio="86" />
  <memory-copied type="nursery" objects="4238765" bytes="112944592" bytesdiscarded="415080" />
  <memory-copied type="tenure" objects="1130541" bytes="30420488" bytesdiscarded="98312" />
  <ownableSynchronizers candidates="3786" cleared="3495" />
  <references type="soft" candidates="266" cleared="0" enqueued="0" dynamicThreshold="18" maxThreshold="32" />
  <references type="weak" candidates="124" cleared="123" enqueued="0" />
</gc-op>
<gc-end id="3827" type="scavenge" contextid="3823" durationms="137.953" usertimems="972.455" systemtimems="16.492" timestamp="2020-09-11T10:27:22.139" activeThreads="8">
  <mem-info id="3828" free="1143075608" total="2821586944" percent="40">
    <mem type="nursery" free="695472224" total="939524096" percent="74">
      <mem type="allocate" free="695472224" total="808910848" percent="85" />
      <mem type="survivor" free="0" total="130613248" percent="0" />
    </mem>
    <mem type="tenure" free="447603384" total="1882062848" percent="23" macro-fragmented="0">
      <mem type="soa" free="315858616" total="1750318080" percent="18" />
      <mem type="loa" free="131744768" total="131744768" percent="100" />
    </mem>
    <remembered-set count="31821" />
  </mem-info>
</gc-end>
<cycle-end id="3829" type="scavenge" contextid="3823" timestamp="2020-09-11T10:27:22.140" />
<allocation-satisfied id="3830" threadId="0000000000843100" bytesRequested="120" />
<af-end id="3831" timestamp="2020-09-11T10:27:22.141" threadId="0000000000843A80" success="true" from="nursery"/>
<exclusive-end id="3832" timestamp="2020-09-11T10:27:22.141" durationms="140.988" />

<exclusive-start id="3833" timestamp="2020-09-11T10:27:24.158" intervalms="2158.780">
  <response-info timems="0.594" idlems="0.594" threads="0" lastid="0000000000843100" lastname="Group1.Backend.CompositeBackend{Tier1}.5" />
</exclusive-start>
<af-start id="3834" threadId="0000000000843A80" totalBytesRequested="266672" timestamp="2020-09-11T10:27:24.159" intervalms="2158.723" type="nursery" />
<cycle-start id="3835" type="scavenge" contextid="0" timestamp="2020-09-11T10:27:24.159" intervalms="2158.710" />
<gc-start id="3836" type="scavenge" contextid="3835" timestamp="2020-09-11T10:27:24.160">
  <mem-info id="3837" free="447789560" total="2821586944" percent="15">
    <mem type="nursery" free="186176" total="939524096" percent="0">
      <mem type="allocate" free="186176" total="808910848" percent="0" />
      <mem type="survivor" free="0" total="130613248" percent="0" />
    </mem>
    <mem type="tenure" free="447603384" total="1882062848" percent="23">
      <mem type="soa" free="315858616" total="1750318080" percent="18" />
      <mem type="loa" free="131744768" total="131744768" percent="100" />
    </mem>
    <remembered-set count="197222" />
  </mem-info>
</gc-start>
<allocation-stats totalBytes="694938280" >
  <allocated-bytes non-tlh="31435040" tlh="663503240" />
  <largest-consumer threadName="Group1.Backend.CompositeBackend{Tier1}.5" threadId="0000000000843100" bytes="119625480" />
</allocation-stats>
<gc-op id="3838" type="scavenge" timems="121.019" contextid="3835" timestamp="2020-09-11T10:27:24.281">
  <scavenger-info tenureage="3" tenuremask="7ff8" tiltratio="86" />
  <memory-copied type="nursery" objects="4386113" bytes="116986656" bytesdiscarded="162936" />
  <memory-copied type="tenure" objects="1090131" bytes="29310912" bytesdiscarded="97728" />
  <ownableSynchronizers candidates="3801" cleared="3496" />
  <references type="soft" candidates="281" cleared="0" enqueued="0" dynamicThreshold="18" maxThreshold="32" />
  <references type="weak" candidates="107" cleared="107" enqueued="0" />
</gc-op>
<gc-end id="3839" type="scavenge" contextid="3835" durationms="122.041" usertimems="904.944" systemtimems="9.647" timestamp="2020-09-11T10:27:24.282" activeThreads="8">
  <mem-info id="3840" free="1105833000" total="2821586944" percent="39">
    <mem type="nursery" free="687677240" total="939524096" percent="73">
      <mem type="allocate" free="687677240" total="804913152" percent="85" />
      <mem type="survivor" free="0" total="134610944" percent="0" />
    </mem>
    <mem type="tenure" free="418155760" total="1882062848" percent="22" macro-fragmented="0">
      <mem type="soa" free="286410992" total="1750318080" percent="16" />
      <mem type="loa" free="131744768" total="131744768" percent="100" />
    </mem>
    <remembered-set count="31577" />
  </mem-info>
</gc-end>
<cycle-end id="3841" type="scavenge" contextid="3835" timestamp="2020-09-11T10:27:24.283" />
<allocation-satisfied id="3842" threadId="0000000000843100" bytesRequested="266672" />
<af-end id="3843" timestamp="2020-09-11T10:27:24.283" threadId="0000000000843A80" success="true" from="nursery"/>
<exclusive-end id="3844" timestamp="2020-09-11T10:27:24.283" durationms="124.414" />

<exclusive-start id="3845" timestamp="2020-09-11T10:27:26.306" intervalms="2147.704">
  <response-info timems="3.193" idlems="3.193" threads="0" lastid="0000000000843D00" lastname="Group1.Backend.CompositeBackend{Tier1}.6" />
</exclusive-start>
<af-start id="3846" threadId="0000000000844680" totalBytesRequested="266720" timestamp="2020-09-11T10:27:26.307" intervalms="2147.742" type="nursery" />
<cycle-start id="3847" type="scavenge" contextid="0" timestamp="2020-09-11T10:27:26.307" intervalms="2147.769" />
<gc-start id="3848" type="scavenge" contextid="3847" timestamp="2020-09-11T10:27:26.307">
  <mem-info id="3849" free="418236880" total="2821586944" percent="14">
    <mem type="nursery" free="81232" total="939524096" percent="0">
      <mem type="allocate" free="81232" total="804913152" percent="0" />
      <mem type="survivor" free="0" total="134610944" percent="0" />
    </mem>
    <mem type="tenure" free="418155648" total="1882062848" percent="22">
      <mem type="soa" free="286410880" total="1750318080" percent="16" />
      <mem type="loa" free="131744768" total="131744768" percent="100" />
    </mem>
    <remembered-set count="196150" />
  </mem-info>
</gc-start>
<allocation-stats totalBytes="687271576" >
  <allocated-bytes non-tlh="33193152" tlh="654078424" />
  <largest-consumer threadName="Group1.Backend.CompositeBackend{Tier1}.5" threadId="0000000000843100" bytes="101163232" />
</allocation-stats>
<gc-op id="3850" type="scavenge" timems="134.696" contextid="3847" timestamp="2020-09-11T10:27:26.442">
  <scavenger-info tenureage="3" tenuremask="7ff8" tiltratio="85" />
  <memory-copied type="nursery" objects="4324263" bytes="115172848" bytesdiscarded="224768" />
  <memory-copied type="tenure" objects="1077679" bytes="28960608" bytesdiscarded="111400" />
  <ownableSynchronizers candidates="3473" cleared="3158" />
  <references type="soft" candidates="252" cleared="0" enqueued="0" dynamicThreshold="18" maxThreshold="32" />
  <references type="weak" candidates="113" cleared="113" enqueued="0" />
</gc-op>
<gc-end id="3851" type="scavenge" contextid="3847" durationms="136.029" usertimems="990.086" systemtimems="8.111" timestamp="2020-09-11T10:27:26.443" activeThreads="8">
  <mem-info id="3852" free="1079261992" total="2821586944" percent="38">
    <mem type="nursery" free="690147608" total="939524096" percent="73">
      <mem type="allocate" free="690147608" total="805634048" percent="85" />
      <mem type="survivor" free="0" total="133890048" percent="0" />
    </mem>
    <mem type="tenure" free="389114384" total="1882062848" percent="20" macro-fragmented="0">
      <mem type="soa" free="257369616" total="1750318080" percent="14" />
      <mem type="loa" free="131744768" total="131744768" percent="100" />
    </mem>
    <remembered-set count="32176" />
  </mem-info>
</gc-end>
<cycle-end id="3853" type="scavenge" contextid="3847" timestamp="2020-09-11T10:27:26.445" />
<allocation-satisfied id="3854" threadId="0000000000843D00" bytesRequested="266720" />
<af-end id="3855" timestamp="2020-09-11T10:27:26.445" threadId="0000000000844680" success="true" from="nursery"/>
<exclusive-end id="3856" timestamp="2020-09-11T10:27:26.445" durationms="139.219" />

<exclusive-start id="3857" timestamp="2020-09-11T10:27:28.358" intervalms="2051.631">
  <response-info timems="6.793" idlems="6.793" threads="0" lastid="0000000000856800" lastname="Group1.Backend.CompositeBackend{Tier1}.3" />
</exclusive-start>
<af-start id="3858" threadId="0000000000857180" totalBytesRequested="32" timestamp="2020-09-11T10:27:28.359" intervalms="2051.750" type="nursery" />
<cycle-start id="3859" type="scavenge" contextid="0" timestamp="2020-09-11T10:27:28.359" intervalms="2051.759" />
<gc-start id="3860" type="scavenge" contextid="3859" timestamp="2020-09-11T10:27:28.359">
  <mem-info id="3861" free="389114384" total="2821586944" percent="13">
    <mem type="nursery" free="0" total="939524096" percent="0">
      <mem type="allocate" free="0" total="805634048" percent="0" />
      <mem type="survivor" free="0" total="133890048" percent="0" />
    </mem>
    <mem type="tenure" free="389114384" total="1882062848" percent="20">
      <mem type="soa" free="257369616" total="1750318080" percent="14" />
      <mem type="loa" free="131744768" total="131744768" percent="100" />
    </mem>
    <remembered-set count="193204" />
  </mem-info>
</gc-start>
<allocation-stats totalBytes="689813344" >
  <allocated-bytes non-tlh="39763496" tlh="650049848" />
  <largest-consumer threadName="Group1.Backend.CompositeBackend{Tier1}.3" threadId="0000000000856800" bytes="89644440" />
</allocation-stats>
<gc-op id="3862" type="scavenge" timems="112.748" contextid="3859" timestamp="2020-09-11T10:27:28.472">
  <scavenger-info tenureage="3" tenuremask="7ff8" tiltratio="85" />
  <memory-copied type="nursery" objects="4120583" bytes="111014056" bytesdiscarded="326672" />
  <memory-copied type="tenure" objects="1082801" bytes="29116912" bytesdiscarded="99384" />
  <ownableSynchronizers candidates="4334" cleared="4029" />
  <references type="soft" candidates="251" cleared="0" enqueued="0" dynamicThreshold="18" maxThreshold="32" />
  <references type="weak" candidates="127" cleared="127" enqueued="0" />
</gc-op>
<gc-end id="3863" type="scavenge" contextid="3859" durationms="114.113" usertimems="853.860" systemtimems="2.630" timestamp="2020-09-11T10:27:28.473" activeThreads="8">
  <mem-info id="3864" free="1055029728" total="2821586944" percent="37">
    <mem type="nursery" free="695189752" total="939524096" percent="73">
      <mem type="allocate" free="695189752" total="806617088" percent="86" />
      <mem type="survivor" free="0" total="132907008" percent="0" />
    </mem>
    <mem type="tenure" free="359839976" total="1882062848" percent="19" macro-fragmented="0">
      <mem type="soa" free="228095208" total="1750318080" percent="13" />
      <mem type="loa" free="131744768" total="131744768" percent="100" />
    </mem>
    <remembered-set count="31998" />
  </mem-info>
</gc-end>
<cycle-end id="3865" type="scavenge" contextid="3859" timestamp="2020-09-11T10:27:28.475" />
<allocation-satisfied id="3866" threadId="0000000000856800" bytesRequested="32" />
<af-end id="3867" timestamp="2020-09-11T10:27:28.475" threadId="0000000000857180" success="true" from="nursery"/>
<exclusive-end id="3868" timestamp="2020-09-11T10:27:28.475" durationms="117.253" />

<exclusive-start id="3869" timestamp="2020-09-11T10:27:30.637" intervalms="2279.737">
  <response-info timems="1.464" idlems="1.464" threads="0" lastid="0000000000856800" lastname="Group1.Backend.CompositeBackend{Tier1}.3" />
</exclusive-start>
<af-start id="3870" threadId="0000000000857180" totalBytesRequested="1032" timestamp="2020-09-11T10:27:30.638" intervalms="2279.735" type="nursery" />
<cycle-start id="3871" type="scavenge" contextid="0" timestamp="2020-09-11T10:27:30.639" intervalms="2279.719" />
<gc-start id="3872" type="scavenge" contextid="3871" timestamp="2020-09-11T10:27:30.639">
  <mem-info id="3873" free="359839976" total="2821586944" percent="12">
    <mem type="nursery" free="0" total="939524096" percent="0">
      <mem type="allocate" free="0" total="806617088" percent="0" />
      <mem type="survivor" free="0" total="132907008" percent="0" />
    </mem>
    <mem type="tenure" free="359839976" total="1882062848" percent="19">
      <mem type="soa" free="228095208" total="1750318080" percent="13" />
      <mem type="loa" free="131744768" total="131744768" percent="100" />
    </mem>
    <remembered-set count="203090" />
  </mem-info>
</gc-start>
<allocation-stats totalBytes="694792088" >
  <allocated-bytes non-tlh="17978168" tlh="676813920" />
  <largest-consumer threadName="Group1.Backend.CompositeBackend{Tier1}.5" threadId="0000000000843100" bytes="97156448" />
</allocation-stats>
<gc-op id="3874" type="scavenge" timems="160.798" contextid="3871" timestamp="2020-09-11T10:27:30.800">
  <scavenger-info tenureage="3" tenuremask="7ff8" tiltratio="85" />
  <memory-copied type="nursery" objects="4423992" bytes="118275328" bytesdiscarded="259448" />
  <memory-copied type="tenure" objects="1099635" bytes="29554784" bytesdiscarded="117208" />
  <ownableSynchronizers candidates="4641" cleared="4308" />
  <references type="soft" candidates="265" cleared="0" enqueued="0" dynamicThreshold="18" maxThreshold="32" />
  <references type="weak" candidates="107" cleared="107" enqueued="0" />
</gc-op>
<gc-end id="3875" type="scavenge" contextid="3871" durationms="162.068" usertimems="1073.414" systemtimems="17.639" timestamp="2020-09-11T10:27:30.801" activeThreads="8">
  <mem-info id="3876" free="1012055992" total="2821586944" percent="35">
    <mem type="nursery" free="681832424" total="939524096" percent="72">
      <mem type="allocate" free="681832424" total="800456704" percent="85" />
      <mem type="survivor" free="0" total="139067392" percent="0" />
    </mem>
    <mem type="tenure" free="330223568" total="1882062848" percent="17" macro-fragmented="0">
      <mem type="soa" free="198478800" total="1750318080" percent="11" />
      <mem type="loa" free="131744768" total="131744768" percent="100" />
    </mem>
    <remembered-set count="32389" />
  </mem-info>
</gc-end>
<cycle-end id="3877" type="scavenge" contextid="3871" timestamp="2020-09-11T10:27:30.802" />
<allocation-satisfied id="3878" threadId="0000000000856800" bytesRequested="1032" />
<af-end id="3879" timestamp="2020-09-11T10:27:30.802" threadId="0000000000857180" success="true" from="nursery"/>
<exclusive-end id="3880" timestamp="2020-09-11T10:27:30.802" durationms="164.837" />

<exclusive-start id="3881" timestamp="2020-09-11T10:27:32.574" intervalms="1936.369">
  <response-info timems="0.449" idlems="0.235" threads="1" lastid="0000000000854300" lastname="Group1.Backend.CompositeBackend{Tier1}.7" />
</exclusive-start>
<af-start id="3882" threadId="0000000000838280" totalBytesRequested="264" timestamp="2020-09-11T10:27:32.574" intervalms="1936.083" type="nursery" />
<cycle-start id="3883" type="scavenge" contextid="0" timestamp="2020-09-11T10:27:32.575" intervalms="1936.045" />
<gc-start id="3884" type="scavenge" contextid="3883" timestamp="2020-09-11T10:27:32.575">
  <mem-info id="3885" free="330223568" total="2821586944" percent="11">
    <mem type="nursery" free="0" total="939524096" percent="0">
      <mem type="allocate" free="0" total="800456704" percent="0" />
      <mem type="survivor" free="0" total="139067392" percent="0" />
    </mem>
    <mem type="tenure" free="330223568" total="1882062848" percent="17">
      <mem type="soa" free="198478800" total="1750318080" percent="11" />
      <mem type="loa" free="131744768" total="131744768" percent="100" />
    </mem>
    <remembered-set count="190255" />
  </mem-info>
</gc-start>
<allocation-stats totalBytes="681513040" >
  <allocated-bytes non-tlh="41757040" tlh="639756000" />
  <largest-consumer threadName="Group1.Backend.CompositeBackend{Tier1}.1" threadId="0000000000785E00" bytes="94981944" />
</allocation-stats>
<gc-op id="3886" type="scavenge" timems="103.504" contextid="3883" timestamp="2020-09-11T10:27:32.678">
  <scavenger-info tenureage="3" tenuremask="7ff8" tiltratio="85" />
  <memory-copied type="nursery" objects="4127511" bytes="111139072" bytesdiscarded="259600" />
  <memory-copied type="tenure" objects="1134690" bytes="30474216" bytesdiscarded="116040" />
  <ownableSynchronizers candidates="3897" cleared="3563" />
  <references type="soft" candidates="286" cleared="0" enqueued="0" dynamicThreshold="18" maxThreshold="32" />
  <references type="weak" candidates="127" cleared="127" enqueued="0" />
</gc-op>
<gc-end id="3887" type="scavenge" contextid="3883" durationms="104.709" usertimems="744.816" systemtimems="0.621" timestamp="2020-09-11T10:27:32.679" activeThreads="8">
  <mem-info id="3888" free="989862736" total="2821586944" percent="35">
    <mem type="nursery" free="690292472" total="939524096" percent="73">
      <mem type="allocate" free="690292472" total="801767424" percent="86" />
      <mem type="survivor" free="0" total="137756672" percent="0" />
    </mem>
    <mem type="tenure" free="299570264" total="1882062848" percent="15" macro-fragmented="0">
      <mem type="soa" free="167825496" total="1750318080" percent="9" />
      <mem type="loa" free="131744768" total="131744768" percent="100" />
    </mem>
    <remembered-set count="31305" />
  </mem-info>
</gc-end>
<cycle-end id="3889" type="scavenge" contextid="3883" timestamp="2020-09-11T10:27:32.682" />
<allocation-satisfied id="3890" threadId="0000000000837900" bytesRequested="264" />
<af-end id="3891" timestamp="2020-09-11T10:27:32.682" threadId="0000000000838280" success="true" from="nursery"/>
<exclusive-end id="3892" timestamp="2020-09-11T10:27:32.682" durationms="108.142" />

<exclusive-start id="3893" timestamp="2020-09-11T10:27:34.712" intervalms="2137.869">
  <response-info timems="0.462" idlems="0.462" threads="0" lastid="0000000000785E00" lastname="Group1.Backend.CompositeBackend{Tier1}.1" />
</exclusive-start>
<af-start id="3894" threadId="0000000000786780" totalBytesRequested="16" timestamp="2020-09-11T10:27:34.713" intervalms="2138.033" type="nursery" />
<cycle-start id="3895" type="scavenge" contextid="0" timestamp="2020-09-11T10:27:34.713" intervalms="2138.066" />
<gc-start id="3896" type="scavenge" contextid="3895" timestamp="2020-09-11T10:27:34.713">
  <mem-info id="3897" free="299570264" total="2821586944" percent="10">
    <mem type="nursery" free="0" total="939524096" percent="0">
      <mem type="allocate" free="0" total="801767424" percent="0" />
      <mem type="survivor" free="0" total="137756672" percent="0" />
    </mem>
    <mem type="tenure" free="299570264" total="1882062848" percent="15">
      <mem type="soa" free="167825496" total="1750318080" percent="9" />
      <mem type="loa" free="131744768" total="131744768" percent="100" />
    </mem>
    <remembered-set count="195333" />
  </mem-info>
</gc-start>
<allocation-stats totalBytes="689967000" >
  <allocated-bytes non-tlh="31790896" tlh="658176104" />
  <largest-consumer threadName="Group1.Backend.CompositeBackend{Tier1}.1" threadId="0000000000785E00" bytes="100422328" />
</allocation-stats>
<gc-op id="3898" type="scavenge" timems="107.045" contextid="3895" timestamp="2020-09-11T10:27:34.820">
  <scavenger-info tenureage="3" tenuremask="7ff8" tiltratio="85" />
  <memory-copied type="nursery" objects="4174655" bytes="111879024" bytesdiscarded="145064" />
  <memory-copied type="tenure" objects="1080144" bytes="29533416" bytesdiscarded="106592" />
  <ownableSynchronizers candidates="3773" cleared="3429" />
  <references type="soft" candidates="297" cleared="0" enqueued="0" dynamicThreshold="18" maxThreshold="32" />
  <references type="weak" candidates="118" cleared="117" enqueued="0" />
</gc-op>
<gc-end id="3899" type="scavenge" contextid="3895" durationms="108.085" usertimems="787.051" systemtimems="1.248" timestamp="2020-09-11T10:27:34.821" activeThreads="8">
  <mem-info id="3900" free="962018224" total="2821586944" percent="34">
    <mem type="nursery" free="691950080" total="939524096" percent="73">
      <mem type="allocate" free="691950080" total="804061184" percent="86" />
      <mem type="survivor" free="0" total="135462912" percent="0" />
    </mem>
    <mem type="tenure" free="270068144" total="1882062848" percent="14" macro-fragmented="0">
      <mem type="soa" free="138323376" total="1750318080" percent="7" />
      <mem type="loa" free="131744768" total="131744768" percent="100" />
    </mem>
    <remembered-set count="31840" />
  </mem-info>
</gc-end>
<cycle-end id="3901" type="scavenge" contextid="3895" timestamp="2020-09-11T10:27:34.823" />
<allocation-satisfied id="3902" threadId="0000000000785E00" bytesRequested="16" />
<af-end id="3903" timestamp="2020-09-11T10:27:34.823" threadId="0000000000786780" success="true" from="nursery"/>
<exclusive-end id="3904" timestamp="2020-09-11T10:27:34.823" durationms="111.337" />

<exclusive-start id="3905" timestamp="2020-09-11T10:27:36.758" intervalms="2046.188">
  <response-info timems="0.696" idlems="0.696" threads="0" lastid="00000000007F6F00" lastname="Group1.Backend.CompositeBackend{Tier1}.2" />
</exclusive-start>
<af-start id="3906" threadId="00000000007F7880" totalBytesRequested="32" timestamp="2020-09-11T10:27:36.759" intervalms="2046.213" type="nursery" />
<cycle-start id="3907" type="scavenge" contextid="0" timestamp="2020-09-11T10:27:36.759" intervalms="2046.213" />
<gc-start id="3908" type="scavenge" contextid="3907" timestamp="2020-09-11T10:27:36.759">
  <mem-info id="3909" free="270068144" total="2821586944" percent="9">
    <mem type="nursery" free="0" total="939524096" percent="0">
      <mem type="allocate" free="0" total="804061184" percent="0" />
      <mem type="survivor" free="0" total="135462912" percent="0" />
    </mem>
    <mem type="tenure" free="270068144" total="1882062848" percent="14">
      <mem type="soa" free="138323376" total="1750318080" percent="7" />
      <mem type="loa" free="131744768" total="131744768" percent="100" />
    </mem>
    <remembered-set count="193442" />
  </mem-info>
</gc-start>
<allocation-stats totalBytes="691625840" >
  <allocated-bytes non-tlh="33763136" tlh="657862704" />
  <largest-consumer threadName="Group1.Backend.CompositeBackend{Tier1}.4" threadId="0000000000842600" bytes="104233136" />
</allocation-stats>
<gc-op id="3910" type="scavenge" timems="126.025" contextid="3907" timestamp="2020-09-11T10:27:36.885">
  <scavenger-info tenureage="3" tenuremask="7ff8" tiltratio="85" />
  <memory-copied type="nursery" objects="4310900" bytes="114697896" bytesdiscarded="371976" />
  <memory-copied type="tenure" objects="1198436" bytes="32237536" bytesdiscarded="137712" />
  <ownableSynchronizers candidates="4018" cleared="3690" />
  <references type="soft" candidates="254" cleared="0" enqueued="0" dynamicThreshold="18" maxThreshold="32" />
  <references type="weak" candidates="122" cleared="122" enqueued="0" />
</gc-op>
<gc-end id="3911" type="scavenge" contextid="3907" durationms="127.001" usertimems="911.011" systemtimems="1.901" timestamp="2020-09-11T10:27:36.886" activeThreads="8">
  <mem-info id="3912" free="927383928" total="2821586944" percent="32">
    <mem type="nursery" free="689687928" total="939524096" percent="73">
      <mem type="allocate" free="689687928" total="804847616" percent="85" />
      <mem type="survivor" free="0" total="134676480" percent="0" />
    </mem>
    <mem type="tenure" free="237696000" total="1882062848" percent="12" macro-fragmented="0">
      <mem type="soa" free="105951232" total="1750318080" percent="6" />
      <mem type="loa" free="131744768" total="131744768" percent="100" />
    </mem>
    <remembered-set count="31240" />
  </mem-info>
</gc-end>
<cycle-end id="3913" type="scavenge" contextid="3907" timestamp="2020-09-11T10:27:36.889" />
<allocation-satisfied id="3914" threadId="00000000007F6F00" bytesRequested="32" />
<af-end id="3915" timestamp="2020-09-11T10:27:36.889" threadId="00000000007F7880" success="true" from="nursery"/>
<exclusive-end id="3916" timestamp="2020-09-11T10:27:36.889" durationms="131.438" />

<exclusive-start id="3917" timestamp="2020-09-11T10:27:38.931" intervalms="2173.110">
  <response-info timems="10.487" idlems="10.487" threads="0" lastid="0000000000843100" lastname="Group1.Backend.CompositeBackend{Tier1}.5" />
</exclusive-start>
<af-start id="3918" threadId="0000000000843A80" totalBytesRequested="524296" timestamp="2020-09-11T10:27:38.932" intervalms="2173.078" type="nursery" />
<cycle-start id="3919" type="scavenge" contextid="0" timestamp="2020-09-11T10:27:38.932" intervalms="2173.238" />
<gc-start id="3920" type="scavenge" contextid="3919" timestamp="2020-09-11T10:27:38.933">
  <mem-info id="3921" free="237912416" total="2821586944" percent="8">
    <mem type="nursery" free="216416" total="939524096" percent="0">
      <mem type="allocate" free="216416" total="804847616" percent="0" />
      <mem type="survivor" free="0" total="134676480" percent="0" />
    </mem>
    <mem type="tenure" free="237696000" total="1882062848" percent="12">
      <mem type="soa" free="105951232" total="1750318080" percent="6" />
      <mem type="loa" free="131744768" total="131744768" percent="100" />
    </mem>
    <remembered-set count="196482" />
  </mem-info>
</gc-start>
<allocation-stats totalBytes="689128696" >
  <allocated-bytes non-tlh="27305224" tlh="661823472" />
  <largest-consumer threadName="Group1.Backend.CompositeBackend{Tier1}.4" threadId="0000000000842600" bytes="105062880" />
</allocation-stats>
<gc-op id="3922" type="scavenge" timems="110.126" contextid="3919" timestamp="2020-09-11T10:27:39.043">
  <scavenger-info tenureage="3" tenuremask="7ff8" tiltratio="85" />
  <memory-copied type="nursery" objects="4514822" bytes="119419576" bytesdiscarded="142672" />
  <memory-copied type="tenure" objects="1014530" bytes="27236880" bytesdiscarded="88904" />
  <ownableSynchronizers candidates="4805" cleared="4497" />
  <references type="soft" candidates="250" cleared="0" enqueued="0" dynamicThreshold="18" maxThreshold="32" />
  <references type="weak" candidates="117" cleared="117" enqueued="0" />
</gc-op>
<gc-end id="3923" type="scavenge" contextid="3919" durationms="111.584" usertimems="830.683" systemtimems="1.931" timestamp="2020-09-11T10:27:39.044" activeThreads="8">
  <mem-info id="3924" free="892018752" total="2821586944" percent="31">
    <mem type="nursery" free="681652968" total="939524096" percent="72">
      <mem type="allocate" free="681652968" total="801308672" percent="85" />
      <mem type="survivor" free="0" total="138215424" percent="0" />
    </mem>
    <mem type="tenure" free="210365784" total="1882062848" percent="11" macro-fragmented="0">
      <mem type="soa" free="78621016" total="1750318080" percent="4" />
      <mem type="loa" free="131744768" total="131744768" percent="100" />
    </mem>
    <remembered-set count="29184" />
  </mem-info>
</gc-end>
<cycle-end id="3925" type="scavenge" contextid="3919" timestamp="2020-09-11T10:27:39.048" />
<allocation-satisfied id="3926" threadId="0000000000843100" bytesRequested="524296" />
<af-end id="3927" timestamp="2020-09-11T10:27:39.048" threadId="0000000000843A80" success="true" from="nursery"/>
<exclusive-end id="3928" timestamp="2020-09-11T10:27:39.048" durationms="116.978" />

<exclusive-start id="3929" timestamp="2020-09-11T10:27:40.995" intervalms="2063.794">
  <response-info timems="0.553" idlems="0.553" threads="0" lastid="0000000000843D00" lastname="Group1.Backend.CompositeBackend{Tier1}.6" />
</exclusive-start>
<af-start id="3930" threadId="0000000000844680" totalBytesRequested="24" timestamp="2020-09-11T10:27:40.995" intervalms="2063.612" type="nursery" />
<cycle-start id="3931" type="scavenge" contextid="0" timestamp="2020-09-11T10:27:40.996" intervalms="2063.415" />
<gc-start id="3932" type="scavenge" contextid="3931" timestamp="2020-09-11T10:27:40.996">
  <mem-info id="3933" free="210365784" total="2821586944" percent="7">
    <mem type="nursery" free="0" total="939524096" percent="0">
      <mem type="allocate" free="0" total="801308672" percent="0" />
      <mem type="survivor" free="0" total="138215424" percent="0" />
    </mem>
    <mem type="tenure" free="210365784" total="1882062848" percent="11">
      <mem type="soa" free="78621016" total="1750318080" percent="4" />
      <mem type="loa" free="131744768" total="131744768" percent="100" />
    </mem>
    <remembered-set count="190262" />
  </mem-info>
</gc-start>
<allocation-stats totalBytes="681323464" >
  <allocated-bytes non-tlh="34469792" tlh="646853672" />
  <largest-consumer threadName="Group1.Backend.CompositeBackend{Tier1}.6" threadId="0000000000843D00" bytes="89562768" />
</allocation-stats>
<gc-op id="3934" type="scavenge" timems="118.347" contextid="3931" timestamp="2020-09-11T10:27:41.114">
  <scavenger-info tenureage="3" tenuremask="7ff8" tiltratio="85" />
  <memory-copied type="nursery" objects="4248514" bytes="113347744" bytesdiscarded="195496" />
  <memory-copied type="tenure" objects="1098549" bytes="29526368" bytesdiscarded="89944" />
  <ownableSynchronizers candidates="3873" cleared="3563" />
  <references type="soft" candidates="250" cleared="0" enqueued="0" dynamicThreshold="18" maxThreshold="32" />
  <references type="weak" candidates="98" cleared="98" enqueued="0" />
</gc-op>
<gc-end id="3935" type="scavenge" contextid="3931" durationms="119.592" usertimems="852.710" systemtimems="3.993" timestamp="2020-09-11T10:27:41.115" activeThreads="8">
  <mem-info id="3936" free="869347152" total="2821586944" percent="30">
    <mem type="nursery" free="688603584" total="939524096" percent="73">
      <mem type="allocate" free="688603584" total="802226176" percent="85" />
      <mem type="survivor" free="0" total="137297920" percent="0" />
    </mem>
    <mem type="tenure" free="180743568" total="1882062848" percent="9" macro-fragmented="0">
      <mem type="soa" free="48998800" total="1750318080" percent="2" />
      <mem type="loa" free="131744768" total="131744768" percent="100" />
    </mem>
    <remembered-set count="28189" />
  </mem-info>
</gc-end>
<cycle-end id="3937" type="scavenge" contextid="3931" timestamp="2020-09-11T10:27:41.117" />
<allocation-satisfied id="3938" threadId="0000000000843D00" bytesRequested="24" />
<af-end id="3939" timestamp="2020-09-11T10:27:41.117" threadId="0000000000844680" success="true" from="nursery"/>
<exclusive-end id="3940" timestamp="2020-09-11T10:27:41.117" durationms="122.464" />

<exclusive-start id="3941" timestamp="2020-09-11T10:27:43.070" intervalms="2075.749">
  <response-info timems="6.388" idlems="6.388" threads="0" lastid="0000000000854300" lastname="Group1.Backend.CompositeBackend{Tier1}.7" />
</exclusive-start>
<af-start id="3942" threadId="0000000000854C80" totalBytesRequested="520" timestamp="2020-09-11T10:27:43.071" intervalms="2075.889" type="nursery" />
<cycle-start id="3943" type="scavenge" contextid="0" timestamp="2020-09-11T10:27:43.071" intervalms="2075.925" />
<gc-start id="3944" type="scavenge" contextid="3943" timestamp="2020-09-11T10:27:43.072">
  <mem-info id="3945" free="180743568" total="2821586944" percent="6">
    <mem type="nursery" free="0" total="939524096" percent="0">
      <mem type="allocate" free="0" total="802226176" percent="0" />
      <mem type="survivor" free="0" total="137297920" percent="0" />
    </mem>
    <mem type="tenure" free="180743568" total="1882062848" percent="9">
      <mem type="soa" free="48998800" total="1750318080" percent="2" />
      <mem type="loa" free="131744768" total="131744768" percent="100" />
    </mem>
    <remembered-set count="192084" />
  </mem-info>
</gc-start>
<allocation-stats totalBytes="688286880" >
  <allocated-bytes non-tlh="31879808" tlh="656407072" />
  <largest-consumer threadName="Group1.Backend.CompositeBackend{Tier1}.7" threadId="0000000000854300" bytes="114799080" />
</allocation-stats>
<gc-op id="3946" type="scavenge" timems="121.502" contextid="3943" timestamp="2020-09-11T10:27:43.193">
  <scavenger-info tenureage="3" tenuremask="7ff8" tiltratio="85" />
  <memory-copied type="nursery" objects="4266573" bytes="113756376" bytesdiscarded="355416" />
  <memory-copied type="tenure" objects="1098751" bytes="29676784" bytesdiscarded="134432" />
  <ownableSynchronizers candidates="4703" cleared="4372" />
  <references type="soft" candidates="287" cleared="0" enqueued="0" dynamicThreshold="18" maxThreshold="32" />
  <references type="weak" candidates="107" cleared="107" enqueued="0" />
</gc-op>
<gc-end id="3947" type="scavenge" contextid="3943" durationms="122.906" usertimems="930.575" systemtimems="1.214" timestamp="2020-09-11T10:27:43.195" activeThreads="8">
  <mem-info id="3948" free="840885464" total="2821586944" percent="29">
    <mem type="nursery" free="689932800" total="939524096" percent="73">
      <mem type="allocate" free="689932800" total="804126720" percent="85" />
      <mem type="survivor" free="0" total="135397376" percent="0" />
    </mem>
    <mem type="tenure" free="150952664" total="1882062848" percent="8" macro-fragmented="0">
      <mem type="soa" free="19207896" total="1750318080" percent="1" />
      <mem type="loa" free="131744768" total="131744768" percent="100" />
    </mem>
    <remembered-set count="30283" />
  </mem-info>
</gc-end>
<cycle-end id="3949" type="scavenge" contextid="3943" timestamp="2020-09-11T10:27:43.196" />
<allocation-satisfied id="3950" threadId="0000000000854300" bytesRequested="520" />
<af-end id="3951" timestamp="2020-09-11T10:27:43.196" threadId="0000000000854C80" success="true" from="nursery"/>
<exclusive-end id="3952" timestamp="2020-09-11T10:27:43.197" durationms="126.392" />

<exclusive-start id="3953" timestamp="2020-09-11T10:27:45.063" intervalms="1992.710">
  <response-info timems="0.296" idlems="0.296" threads="0" lastid="0000000000837900" lastname="Group1.Backend.CompositeBackend{Tier1}.8" />
</exclusive-start>
<af-start id="3954" threadId="0000000000838280" totalBytesRequested="131080" timestamp="2020-09-11T10:27:45.064" intervalms="1992.717" type="nursery" />
<percolate-collect id="3955" from="nursery" to="global" reason="prevent tenure expand" timestamp="2020-09-11T10:27:45.064"/>
<cycle-start id="3956" type="global" contextid="0" timestamp="2020-09-11T10:27:45.064" intervalms="66379.030" />
<gc-start id="3957" type="global" contextid="3956" timestamp="2020-09-11T10:27:45.065">
  <mem-info id="3958" free="150992808" total="2821586944" percent="5">
    <mem type="nursery" free="40144" total="939524096" percent="0">
      <mem type="allocate" free="40144" total="804126720" percent="0" />
      <mem type="survivor" free="0" total="135397376" percent="0" />
    </mem>
    <mem type="tenure" free="150952664" total="1882062848" percent="8">
      <mem type="soa" free="19207896" total="1750318080" percent="1" />
      <mem type="loa" free="131744768" total="131744768" percent="100" />
    </mem>
    <remembered-set count="190188" />
  </mem-info>
</gc-start>
<allocation-stats totalBytes="689593096" >
  <allocated-bytes non-tlh="40787248" tlh="648805848" />
  <largest-consumer threadName="Group1.Backend.CompositeBackend{Tier1}.7" threadId="0000000000854300" bytes="104998408" />
</allocation-stats>
<heap-resize id="3959" type="loa contract" space="tenure" amount="18820096" count="1" timems="0.000" reason="contract underutilized loa" timestamp="2020-09-11T10:27:45.065" />
<gc-op id="3960" type="mark" timems="537.043" contextid="3956" timestamp="2020-09-11T10:27:45.602">
  <trace-info objectcount="30882145" scancount="29902843" scanbytes="817036996" />
  <finalization candidates="148" enqueued="0" />
  <ownableSynchronizers candidates="590197" cleared="5042" />
  <references type="soft" candidates="711461" cleared="0" enqueued="0" dynamicThreshold="18" maxThreshold="32" />
  <references type="weak" candidates="4410" cleared="118" enqueued="0" />
  <references type="phantom" candidates="108" cleared="0" enqueued="0" />
  <stringconstants candidates="11118" cleared="1"  />
</gc-op>
<gc-op id="3961" type="sweep" timems="12.139" contextid="3956" timestamp="2020-09-11T10:27:45.614" />
<gc-end id="3962" type="global" contextid="3956" durationms="550.143" usertimems="4206.267" systemtimems="0.000" timestamp="2020-09-11T10:27:45.615" activeThreads="8">
  <mem-info id="3963" free="1682647696" total="2821586944" percent="59">
    <mem type="nursery" free="615088424" total="939524096" percent="65">
      <mem type="allocate" free="615088424" total="804126720" percent="76" />
      <mem type="survivor" free="0" total="135397376" percent="0" />
    </mem>
    <mem type="tenure" free="1067559272" total="1882062848" percent="56" micro-fragmented="65208663" macro-fragmented="2592282">
      <mem type="soa" free="954634600" total="1769138176" percent="53" />
      <mem type="loa" free="112924672" total="112924672" percent="100" />
    </mem>
    <remembered-set count="184705" />
  </mem-info>
</gc-end>
<cycle-end id="3964" type="global" contextid="3956" timestamp="2020-09-11T10:27:45.615" />
<allocation-satisfied id="3965" threadId="0000000000837900" bytesRequested="131080" />
<af-end id="3966" timestamp="2020-09-11T10:27:45.616" threadId="0000000000838280" success="true" from="nursery"/>
<exclusive-end id="3967" timestamp="2020-09-11T10:27:45.616" durationms="552.340" />

<exclusive-start id="3968" timestamp="2020-09-11T10:27:46.968" intervalms="1905.089">
  <response-info timems="0.545" idlems="0.545" threads="0" lastid="0000000000854300" lastname="Group1.Backend.CompositeBackend{Tier1}.7" />
</exclusive-start>
<af-start id="3969" threadId="0000000000854C80" totalBytesRequested="524296" timestamp="2020-09-11T10:27:46.969" intervalms="1905.190" type="nursery" />
<cycle-start id="3970" type="scavenge" contextid="0" timestamp="2020-09-11T10:27:46.969" intervalms="3897.883" />
<gc-start id="3971" type="scavenge" contextid="3970" timestamp="2020-09-11T10:27:46.970">
  <mem-info id="3972" free="1081741432" total="2821586944" percent="38">
    <mem type="nursery" free="14182968" total="939524096" percent="1">
      <mem type="allocate" free="14182968" total="804126720" percent="1" />
      <mem type="survivor" free="0" total="135397376" percent="0" />
    </mem>
    <mem type="tenure" free="1067558464" total="1882062848" percent="56">
      <mem type="soa" free="954633792" total="1769138176" percent="53" />
      <mem type="loa" free="112924672" total="112924672" percent="100" />
    </mem>
    <remembered-set count="243376" />
  </mem-info>
</gc-start>
<allocation-stats totalBytes="598651280" >
  <allocated-bytes non-tlh="26214688" tlh="572436592" />
  <largest-consumer threadName="Group1.Backend.CompositeBackend{Tier1}.3" threadId="0000000000856800" bytes="75283528" />
</allocation-stats>
<gc-op id="3973" type="scavenge" timems="120.788" contextid="3970" timestamp="2020-09-11T10:27:47.091">
  <scavenger-info tenureage="3" tenuremask="7ff8" tiltratio="85" />
  <memory-copied type="nursery" objects="5042929" bytes="134939976" bytesdiscarded="175240" />
  <memory-copied type="tenure" objects="1038884" bytes="27952448" bytesdiscarded="43152" />
  <ownableSynchronizers candidates="1173477" cleared="1173064" />
  <references type="soft" candidates="360" cleared="0" enqueued="0" dynamicThreshold="18" maxThreshold="32" />
  <references type="weak" candidates="110" cleared="110" enqueued="0" />
</gc-op>
<gc-end id="3974" type="scavenge" contextid="3970" durationms="121.708" usertimems="926.997" systemtimems="5.125" timestamp="2020-09-11T10:27:47.091" activeThreads="8">
  <mem-info id="3975" free="1676555640" total="2821586944" percent="59">
    <mem type="nursery" free="637283320" total="939524096" percent="67">
      <mem type="allocate" free="637283320" total="772538368" percent="82" />
      <mem type="survivor" free="0" total="166985728" percent="0" />
    </mem>
    <mem type="tenure" free="1039272320" total="1882062848" percent="55" macro-fragmented="0">
      <mem type="soa" free="926347648" total="1769138176" percent="52" />
      <mem type="loa" free="112924672" total="112924672" percent="100" />
    </mem>
    <remembered-set count="40043" />
  </mem-info>
</gc-end>
<cycle-end id="3976" type="scavenge" contextid="3970" timestamp="2020-09-11T10:27:47.092" />
<allocation-satisfied id="3977" threadId="0000000000854300" bytesRequested="524296" />
<af-end id="3978" timestamp="2020-09-11T10:27:47.092" threadId="0000000000854C80" success="true" from="nursery"/>
<exclusive-end id="3979" timestamp="2020-09-11T10:27:47.092" durationms="124.203" />

<exclusive-start id="3980" timestamp="2020-09-11T10:27:48.854" intervalms="1885.463">
  <response-info timems="0.829" idlems="0.829" threads="0" lastid="0000000000856800" lastname="Group1.Backend.CompositeBackend{Tier1}.3" />
</exclusive-start>
<af-start id="3981" threadId="0000000000857180" totalBytesRequested="16" timestamp="2020-09-11T10:27:48.854" intervalms="1885.240" type="nursery" />
<cycle-start id="3982" type="scavenge" contextid="0" timestamp="2020-09-11T10:27:48.855" intervalms="1885.230" />
<gc-start id="3983" type="scavenge" contextid="3982" timestamp="2020-09-11T10:27:48.855">
  <mem-info id="3984" free="1039272320" total="2821586944" percent="36">
    <mem type="nursery" free="0" total="939524096" percent="0">
      <mem type="allocate" free="0" total="772538368" percent="0" />
      <mem type="survivor" free="0" total="166985728" percent="0" />
    </mem>
    <mem type="tenure" free="1039272320" total="1882062848" percent="55">
      <mem type="soa" free="926347648" total="1769138176" percent="52" />
      <mem type="loa" free="112924672" total="112924672" percent="100" />
    </mem>
    <remembered-set count="195538" />
  </mem-info>
</gc-start>
<allocation-stats totalBytes="636992408" >
  <allocated-bytes non-tlh="31597624" tlh="605394784" />
  <largest-consumer threadName="Group1.Backend.CompositeBackend{Tier1}.4" threadId="0000000000842600" bytes="94536232" />
</allocation-stats>
<gc-op id="3985" type="scavenge" timems="115.530" contextid="3982" timestamp="2020-09-11T10:27:48.970">
  <scavenger-info tenureage="3" tenuremask="7ff8" tiltratio="82" />
  <memory-copied type="nursery" objects="5179503" bytes="137797512" bytesdiscarded="209520" />
  <memory-copied type="tenure" objects="979790" bytes="26340616" bytesdiscarded="62520" />
  <ownableSynchronizers candidates="3411" cleared="3022" />
  <references type="soft" candidates="329" cleared="0" enqueued="0" dynamicThreshold="18" maxThreshold="32" />
  <references type="weak" candidates="103" cleared="103" enqueued="0" />
</gc-op>
<gc-end id="3986" type="scavenge" contextid="3982" durationms="116.421" usertimems="856.936" systemtimems="0.000" timestamp="2020-09-11T10:27:48.971" activeThreads="8">
  <mem-info id="3987" free="1654934288" total="2821586944" percent="58">
    <mem type="nursery" free="641982200" total="939524096" percent="68">
      <mem type="allocate" free="641982200" total="780075008" percent="82" />
      <mem type="survivor" free="0" total="159449088" percent="0" />
    </mem>
    <mem type="tenure" free="1012952088" total="1882062848" percent="53" macro-fragmented="5375358">
      <mem type="soa" free="900027416" total="1769138176" percent="50" />
      <mem type="loa" free="112924672" total="112924672" percent="100" />
    </mem>
    <remembered-set count="39052" />
  </mem-info>
</gc-end>
<cycle-end id="3988" type="scavenge" contextid="3982" timestamp="2020-09-11T10:27:48.973" />
<allocation-satisfied id="3989" threadId="0000000000856800" bytesRequested="16" />
<af-end id="3990" timestamp="2020-09-11T10:27:48.973" threadId="0000000000857180" success="true" from="nursery"/>
<exclusive-end id="3991" timestamp="2020-09-11T10:27:48.973" durationms="118.840" />

<exclusive-start id="3992" timestamp="2020-09-11T10:27:50.803" intervalms="1949.573">
  <response-info timems="0.369" idlems="0.369" threads="0" lastid="0000000000843D00" lastname="Group1.Backend.CompositeBackend{Tier1}.6" />
</exclusive-start>
<af-start id="3993" threadId="0000000000844680" totalBytesRequested="24" timestamp="2020-09-11T10:27:50.804" intervalms="1949.525" type="nursery" />
<cycle-start id="3994" type="scavenge" contextid="0" timestamp="2020-09-11T10:27:50.804" intervalms="1949.521" />
<gc-start id="3995" type="scavenge" contextid="3994" timestamp="2020-09-11T10:27:50.804">
  <mem-info id="3996" free="1012952088" total="2821586944" percent="35">
    <mem type="nursery" free="0" total="939524096" percent="0">
      <mem type="allocate" free="0" total="780075008" percent="0" />
      <mem type="survivor" free="0" total="159449088" percent="0" />
    </mem>
    <mem type="tenure" free="1012952088" total="1882062848" percent="53">
      <mem type="soa" free="900027416" total="1769138176" percent="50" />
      <mem type="loa" free="112924672" total="112924672" percent="100" />
    </mem>
    <remembered-set count="194968" />
  </mem-info>
</gc-start>
<allocation-stats totalBytes="641664704" >
  <allocated-bytes non-tlh="30140224" tlh="611524480" />
  <largest-consumer threadName="Group1.Backend.CompositeBackend{Tier1}.1" threadId="0000000000785E00" bytes="94592728" />
</allocation-stats>
<gc-op id="3997" type="scavenge" timems="132.765" contextid="3994" timestamp="2020-09-11T10:27:50.937">
  <scavenger-info tenureage="3" tenuremask="7ff8" tiltratio="83" />
  <memory-copied type="nursery" objects="5070736" bytes="135223176" bytesdiscarded="265360" />
  <memory-copied type="tenure" objects="1032221" bytes="27726464" bytesdiscarded="79184" />
  <ownableSynchronizers candidates="3671" cleared="3293" />
  <references type="soft" candidates="306" cleared="0" enqueued="0" dynamicThreshold="18" maxThreshold="32" />
  <references type="weak" candidates="123" cleared="123" enqueued="0" />
</gc-op>
<gc-end id="3998" type="scavenge" contextid="3994" durationms="133.700" usertimems="924.519" systemtimems="10.850" timestamp="2020-09-11T10:27:50.938" activeThreads="8">
  <mem-info id="3999" free="1630606120" total="2821586944" percent="57">
    <mem type="nursery" free="645486832" total="939524096" percent="68">
      <mem type="allocate" free="645486832" total="781058048" percent="82" />
      <mem type="survivor" free="0" total="158466048" percent="0" />
    </mem>
    <mem type="tenure" free="985119288" total="1882062848" percent="52" macro-fragmented="868149">
      <mem type="soa" free="872194616" total="1769138176" percent="49" />
      <mem type="loa" free="112924672" total="112924672" percent="100" />
    </mem>
    <remembered-set count="36530" />
  </mem-info>
</gc-end>
<cycle-end id="4000" type="scavenge" contextid="3994" timestamp="2020-09-11T10:27:50.939" />
<allocation-satisfied id="4001" threadId="0000000000843D00" bytesRequested="24" />
<af-end id="4002" timestamp="2020-09-11T10:27:50.939" threadId="0000000000844680" success="true" from="nursery"/>
<exclusive-end id="4003" timestamp="2020-09-11T10:27:50.939" durationms="135.843" />

<exclusive-start id="4004" timestamp="2020-09-11T10:27:52.825" intervalms="2021.769">
  <response-info timems="1.102" idlems="1.102" threads="0" lastid="0000000000843D00" lastname="Group1.Backend.CompositeBackend{Tier1}.6" />
</exclusive-start>
<af-start id="4005" threadId="0000000000844680" totalBytesRequested="56" timestamp="2020-09-11T10:27:52.826" intervalms="2021.800" type="nursery" />
<cycle-start id="4006" type="scavenge" contextid="0" timestamp="2020-09-11T10:27:52.826" intervalms="2021.798" />
<gc-start id="4007" type="scavenge" contextid="4006" timestamp="2020-09-11T10:27:52.826">
  <mem-info id="4008" free="985119288" total="2821586944" percent="34">
    <mem type="nursery" free="0" total="939524096" percent="0">
      <mem type="allocate" free="0" total="781058048" percent="0" />
      <mem type="survivor" free="0" total="158466048" percent="0" />
    </mem>
    <mem type="tenure" free="985119288" total="1882062848" percent="52">
      <mem type="soa" free="872194616" total="1769138176" percent="49" />
      <mem type="loa" free="112924672" total="112924672" percent="100" />
    </mem>
    <remembered-set count="195198" />
  </mem-info>
</gc-start>
<allocation-stats totalBytes="645163392" >
  <allocated-bytes non-tlh="27883840" tlh="617279552" />
  <largest-consumer threadName="Group1.Backend.CompositeBackend{Tier1}.6" threadId="0000000000843D00" bytes="89433504" />
</allocation-stats>
<gc-op id="4009" type="scavenge" timems="139.492" contextid="4006" timestamp="2020-09-11T10:27:52.966">
  <scavenger-info tenureage="3" tenuremask="7ff8" tiltratio="83" />
  <memory-copied type="nursery" objects="4134852" bytes="109633224" bytesdiscarded="210888" />
  <memory-copied type="tenure" objects="1990798" bytes="53467520" bytesdiscarded="88304" />
  <ownableSynchronizers candidates="3442" cleared="3092" />
  <references type="soft" candidates="242" cleared="0" enqueued="0" dynamicThreshold="18" maxThreshold="32" />
  <references type="weak" candidates="113" cleared="112" enqueued="0" />
</gc-op>
<gc-end id="4010" type="scavenge" contextid="4006" durationms="140.984" usertimems="1050.263" systemtimems="5.481" timestamp="2020-09-11T10:27:52.967" activeThreads="8">
  <mem-info id="4011" free="1604115880" total="2821586944" percent="56">
    <mem type="nursery" free="672571640" total="939524096" percent="71">
      <mem type="allocate" free="672571640" total="782499840" percent="85" />
      <mem type="survivor" free="0" total="157024256" percent="0" />
    </mem>
    <mem type="tenure" free="931544240" total="1882062848" percent="49" macro-fragmented="3145752">
      <mem type="soa" free="818619568" total="1769138176" percent="46" />
      <mem type="loa" free="112924672" total="112924672" percent="100" />
    </mem>
    <remembered-set count="25845" />
  </mem-info>
</gc-end>
<cycle-end id="4012" type="scavenge" contextid="4006" timestamp="2020-09-11T10:27:52.969" />
<allocation-satisfied id="4013" threadId="0000000000843D00" bytesRequested="56" />
<af-end id="4014" timestamp="2020-09-11T10:27:52.969" threadId="0000000000844680" success="true" from="nursery"/>
<exclusive-end id="4015" timestamp="2020-09-11T10:27:52.969" durationms="143.772" />

<exclusive-start id="4016" timestamp="2020-09-11T10:27:54.895" intervalms="2069.590">
  <response-info timems="8.417" idlems="8.417" threads="0" lastid="0000000000843D00" lastname="Group1.Backend.CompositeBackend{Tier1}.6" />
</exclusive-start>
<af-start id="4017" threadId="0000000000844680" totalBytesRequested="72" timestamp="2020-09-11T10:27:54.896" intervalms="2069.737" type="nursery" />
<cycle-start id="4018" type="scavenge" contextid="0" timestamp="2020-09-11T10:27:54.896" intervalms="2069.755" />
<gc-start id="4019" type="scavenge" contextid="4018" timestamp="2020-09-11T10:27:54.896">
  <mem-info id="4020" free="931544240" total="2821586944" percent="33">
    <mem type="nursery" free="0" total="939524096" percent="0">
      <mem type="allocate" free="0" total="782499840" percent="0" />
      <mem type="survivor" free="0" total="157024256" percent="0" />
    </mem>
    <mem type="tenure" free="931544240" total="1882062848" percent="49">
      <mem type="soa" free="818619568" total="1769138176" percent="46" />
      <mem type="loa" free="112924672" total="112924672" percent="100" />
    </mem>
    <remembered-set count="187378" />
  </mem-info>
</gc-start>
<allocation-stats totalBytes="672252992" >
  <allocated-bytes non-tlh="33727216" tlh="638525776" />
  <largest-consumer threadName="Group1.Backend.CompositeBackend{Tier1}.6" threadId="0000000000843D00" bytes="100499064" />
</allocation-stats>
<gc-op id="4021" type="scavenge" timems="104.127" contextid="4018" timestamp="2020-09-11T10:27:55.000">
  <scavenger-info tenureage="3" tenuremask="7ff8" tiltratio="83" />
  <memory-copied type="nursery" objects="4051501" bytes="111618264" bytesdiscarded="225880" />
  <memory-copied type="tenure" objects="1015050" bytes="27297288" bytesdiscarded="85832" />
  <ownableSynchronizers candidates="4188" cleared="3900" />
  <references type="soft" candidates="273" cleared="0" enqueued="0" dynamicThreshold="18" maxThreshold="32" />
  <references type="weak" candidates="123" cleared="122" enqueued="0" />
</gc-op>
<gc-end id="4022" type="scavenge" contextid="4018" durationms="105.684" usertimems="763.612" systemtimems="10.229" timestamp="2020-09-11T10:27:55.002" activeThreads="8">
  <mem-info id="4023" free="1580589232" total="2821586944" percent="56">
    <mem type="nursery" free="676529128" total="939524096" percent="72">
      <mem type="allocate" free="676529128" total="788463616" percent="85" />
      <mem type="survivor" free="0" total="151060480" percent="0" />
    </mem>
    <mem type="tenure" free="904060104" total="1882062848" percent="48" macro-fragmented="0">
      <mem type="soa" free="791135432" total="1769138176" percent="44" />
      <mem type="loa" free="112924672" total="112924672" percent="100" />
    </mem>
    <remembered-set count="26684" />
  </mem-info>
</gc-end>
<cycle-end id="4024" type="scavenge" contextid="4018" timestamp="2020-09-11T10:27:55.003" />
<allocation-satisfied id="4025" threadId="0000000000843D00" bytesRequested="72" />
<af-end id="4026" timestamp="2020-09-11T10:27:55.003" threadId="0000000000844680" success="true" from="nursery"/>
<exclusive-end id="4027" timestamp="2020-09-11T10:27:55.003" durationms="108.319" />

<exclusive-start id="4028" timestamp="2020-09-11T10:27:56.886" intervalms="1991.801">
  <response-info timems="0.643" idlems="0.643" threads="0" lastid="00000000007F6F00" lastname="Group1.Backend.CompositeBackend{Tier1}.2" />
</exclusive-start>
<af-start id="4029" threadId="00000000007F7880" totalBytesRequested="266912" timestamp="2020-09-11T10:27:56.887" intervalms="1991.651" type="nursery" />
<cycle-start id="4030" type="scavenge" contextid="0" timestamp="2020-09-11T10:27:56.887" intervalms="1991.636" />
<gc-start id="4031" type="scavenge" contextid="4030" timestamp="2020-09-11T10:27:56.888">
  <mem-info id="4032" free="904154568" total="2821586944" percent="32">
    <mem type="nursery" free="94464" total="939524096" percent="0">
      <mem type="allocate" free="94464" total="788463616" percent="0" />
      <mem type="survivor" free="0" total="151060480" percent="0" />
    </mem>
    <mem type="tenure" free="904060104" total="1882062848" percent="48">
      <mem type="soa" free="791135432" total="1769138176" percent="44" />
      <mem type="loa" free="112924672" total="112924672" percent="100" />
    </mem>
    <remembered-set count="185237" />
  </mem-info>
</gc-start>
<allocation-stats totalBytes="676107784" >
  <allocated-bytes non-tlh="37184560" tlh="638923224" />
  <largest-consumer threadName="Group1.Backend.CompositeBackend{Tier1}.3" threadId="0000000000856800" bytes="101718632" />
</allocation-stats>
<gc-op id="4033" type="scavenge" timems="107.555" contextid="4030" timestamp="2020-09-11T10:27:56.995">
  <scavenger-info tenureage="3" tenuremask="7ff8" tiltratio="83" />
  <memory-copied type="nursery" objects="4291837" bytes="117181752" bytesdiscarded="120360" />
  <memory-copied type="tenure" objects="1043232" bytes="28060976" bytesdiscarded="83296" />
  <ownableSynchronizers candidates="4624" cleared="4301" />
  <references type="soft" candidates="272" cleared="0" enqueued="0" dynamicThreshold="18" maxThreshold="32" />
  <references type="weak" candidates="109" cleared="109" enqueued="0" />
</gc-op>
<gc-end id="4034" type="scavenge" contextid="4030" durationms="109.156" usertimems="843.866" systemtimems="0.000" timestamp="2020-09-11T10:27:56.997" activeThreads="8">
  <mem-info id="4035" free="1549703808" total="2821586944" percent="54">
    <mem type="nursery" free="673762104" total="939524096" percent="71">
      <mem type="allocate" free="673762104" total="791150592" percent="85" />
      <mem type="survivor" free="0" total="148373504" percent="0" />
    </mem>
    <mem type="tenure" free="875941704" total="1882062848" percent="46" macro-fragmented="2160235">
      <mem type="soa" free="763017032" total="1769138176" percent="43" />
      <mem type="loa" free="112924672" total="112924672" percent="100" />
    </mem>
    <remembered-set count="26976" />
  </mem-info>
</gc-end>
<cycle-end id="4036" type="scavenge" contextid="4030" timestamp="2020-09-11T10:27:56.998" />
<allocation-satisfied id="4037" threadId="00000000007F6F00" bytesRequested="266912" />
<af-end id="4038" timestamp="2020-09-11T10:27:56.999" threadId="00000000007F7880" success="true" from="nursery"/>
<exclusive-end id="4039" timestamp="2020-09-11T10:27:56.999" durationms="112.199" />

<exclusive-start id="4040" timestamp="2020-09-11T10:27:58.926" intervalms="2039.884">
  <response-info timems="0.484" idlems="0.246" threads="1" lastid="00000000007F6F00" lastname="Group1.Backend.CompositeBackend{Tier1}.2" />
</exclusive-start>
<af-start id="4041" threadId="0000000000786780" totalBytesRequested="16" timestamp="2020-09-11T10:27:58.927" intervalms="2040.096" type="nursery" />
<cycle-start id="4042" type="scavenge" contextid="0" timestamp="2020-09-11T10:27:58.927" intervalms="2040.127" />
<gc-start id="4043" type="scavenge" contextid="4042" timestamp="2020-09-11T10:27:58.928">
  <mem-info id="4044" free="875941704" total="2821586944" percent="31">
    <mem type="nursery" free="0" total="939524096" percent="0">
      <mem type="allocate" free="0" total="791150592" percent="0" />
      <mem type="survivor" free="0" total="148373504" percent="0" />
    </mem>
    <mem type="tenure" free="875941704" total="1882062848" percent="46">
      <mem type="soa" free="763017032" total="1769138176" percent="43" />
      <mem type="loa" free="112924672" total="112924672" percent="100" />
    </mem>
    <remembered-set count="188366" />
  </mem-info>
</gc-start>
<allocation-stats totalBytes="673422888" >
  <allocated-bytes non-tlh="32557760" tlh="640865128" />
  <largest-consumer threadName="Group1.Backend.CompositeBackend{Tier1}.1" threadId="0000000000785E00" bytes="90856336" />
</allocation-stats>
<gc-op id="4045" type="scavenge" timems="116.935" contextid="4042" timestamp="2020-09-11T10:27:59.045">
  <scavenger-info tenureage="3" tenuremask="7ff8" tiltratio="84" />
  <memory-copied type="nursery" objects="4179410" bytes="114228392" bytesdiscarded="301024" />
  <memory-copied type="tenure" objects="1054830" bytes="28387120" bytesdiscarded="72360" />
  <ownableSynchronizers candidates="2655" cleared="2353" />
  <references type="soft" candidates="253" cleared="0" enqueued="0" dynamicThreshold="18" maxThreshold="32" />
  <references type="weak" candidates="128" cleared="128" enqueued="0" />
</gc-op>
<gc-end id="4046" type="scavenge" contextid="4042" durationms="118.130" usertimems="886.231" systemtimems="3.238" timestamp="2020-09-11T10:27:59.046" activeThreads="8">
  <mem-info id="4047" free="1527405016" total="2821586944" percent="54">
    <mem type="nursery" free="679945944" total="939524096" percent="72">
      <mem type="allocate" free="679945944" total="794558464" percent="85" />
      <mem type="survivor" free="0" total="144965632" percent="0" />
    </mem>
    <mem type="tenure" free="847459072" total="1882062848" percent="45" macro-fragmented="2160235">
      <mem type="soa" free="734534400" total="1769138176" percent="41" />
      <mem type="loa" free="112924672" total="112924672" percent="100" />
    </mem>
    <remembered-set count="28766" />
  </mem-info>
</gc-end>
<cycle-end id="4048" type="scavenge" contextid="4042" timestamp="2020-09-11T10:27:59.047" />
<allocation-satisfied id="4049" threadId="0000000000785E00" bytesRequested="16" />
<af-end id="4050" timestamp="2020-09-11T10:27:59.047" threadId="0000000000786780" success="true" from="nursery"/>
<exclusive-end id="4051" timestamp="2020-09-11T10:27:59.047" durationms="120.925" />

<exclusive-start id="4052" timestamp="2020-09-11T10:28:00.965" intervalms="2038.836">
  <response-info timems="0.392" idlems="0.392" threads="0" lastid="0000000000785E00" lastname="Group1.Backend.CompositeBackend{Tier1}.1" />
</exclusive-start>
<af-start id="4053" threadId="0000000000786780" totalBytesRequested="16" timestamp="2020-09-11T10:28:00.966" intervalms="2038.681" type="nursery" />
<cycle-start id="4054" type="scavenge" contextid="0" timestamp="2020-09-11T10:28:00.966" intervalms="2038.659" />
<gc-start id="4055" type="scavenge" contextid="4054" timestamp="2020-09-11T10:28:00.966">
  <mem-info id="4056" free="847459072" total="2821586944" percent="30">
    <mem type="nursery" free="0" total="939524096" percent="0">
      <mem type="allocate" free="0" total="794558464" percent="0" />
      <mem type="survivor" free="0" total="144965632" percent="0" />
    </mem>
    <mem type="tenure" free="847459072" total="1882062848" percent="45">
      <mem type="soa" free="734534400" total="1769138176" percent="41" />
      <mem type="loa" free="112924672" total="112924672" percent="100" />
    </mem>
    <remembered-set count="190548" />
  </mem-info>
</gc-start>
<allocation-stats totalBytes="679609712" >
  <allocated-bytes non-tlh="31301104" tlh="648308608" />
  <largest-consumer threadName="Group1.Backend.CompositeBackend{Tier1}.5" threadId="0000000000843100" bytes="93115928" />
</allocation-stats>
<gc-op id="4057" type="scavenge" timems="111.048" contextid="4054" timestamp="2020-09-11T10:28:01.078">
  <scavenger-info tenureage="3" tenuremask="7ff8" tiltratio="84" />
  <memory-copied type="nursery" objects="3951918" bytes="106060384" bytesdiscarded="250480" />
  <memory-copied type="tenure" objects="1136370" bytes="33557552" bytesdiscarded="87168" />
  <ownableSynchronizers candidates="3599" cleared="3294" />
  <references type="soft" candidates="250" cleared="0" enqueued="0" dynamicThreshold="18" maxThreshold="32" />
  <references type="weak" candidates="122" cleared="122" enqueued="0" />
</gc-op>
<gc-end id="4058" type="scavenge" contextid="4054" durationms="112.202" usertimems="809.123" systemtimems="16.323" timestamp="2020-09-11T10:28:01.078" activeThreads="8">
  <mem-info id="4059" free="1505491600" total="2821586944" percent="53">
    <mem type="nursery" free="691576832" total="939524096" percent="73">
      <mem type="allocate" free="691576832" total="797966336" percent="86" />
      <mem type="survivor" free="0" total="141557760" percent="0" />
    </mem>
    <mem type="tenure" free="813914768" total="1882062848" percent="43" macro-fragmented="1310760">
      <mem type="soa" free="700990096" total="1769138176" percent="39" />
      <mem type="loa" free="112924672" total="112924672" percent="100" />
    </mem>
    <remembered-set count="32722" />
  </mem-info>
</gc-end>
<cycle-end id="4060" type="scavenge" contextid="4054" timestamp="2020-09-11T10:28:01.080" />
<allocation-satisfied id="4061" threadId="0000000000785E00" bytesRequested="16" />
<af-end id="4062" timestamp="2020-09-11T10:28:01.080" threadId="0000000000786780" success="true" from="nursery"/>
<exclusive-end id="4063" timestamp="2020-09-11T10:28:01.080" durationms="114.367" />

<exclusive-start id="4064" timestamp="2020-09-11T10:28:03.124" intervalms="2159.207">
  <response-info timems="0.315" idlems="0.161" threads="1" lastid="00000000007F6F00" lastname="Group1.Backend.CompositeBackend{Tier1}.2" />
</exclusive-start>
<af-start id="4065" threadId="0000000000786780" totalBytesRequested="24" timestamp="2020-09-11T10:28:03.125" intervalms="2159.093" type="nursery" />
<cycle-start id="4066" type="scavenge" contextid="0" timestamp="2020-09-11T10:28:03.125" intervalms="2159.083" />
<gc-start id="4067" type="scavenge" contextid="4066" timestamp="2020-09-11T10:28:03.125">
  <mem-info id="4068" free="813914768" total="2821586944" percent="28">
    <mem type="nursery" free="0" total="939524096" percent="0">
      <mem type="allocate" free="0" total="797966336" percent="0" />
      <mem type="survivor" free="0" total="141557760" percent="0" />
    </mem>
    <mem type="tenure" free="813914768" total="1882062848" percent="43">
      <mem type="soa" free="700990096" total="1769138176" percent="39" />
      <mem type="loa" free="112924672" total="112924672" percent="100" />
    </mem>
    <remembered-set count="198774" />
  </mem-info>
</gc-start>
<allocation-stats totalBytes="691252864" >
  <allocated-bytes non-tlh="29482536" tlh="661770328" />
  <largest-consumer threadName="Group1.Backend.CompositeBackend{Tier1}.6" threadId="0000000000843D00" bytes="121787728" />
</allocation-stats>
<gc-op id="4069" type="scavenge" timems="117.267" contextid="4066" timestamp="2020-09-11T10:28:03.243">
  <scavenger-info tenureage="3" tenuremask="7ff8" tiltratio="84" />
  <memory-copied type="nursery" objects="4359128" bytes="115484952" bytesdiscarded="212648" />
  <memory-copied type="tenure" objects="1063418" bytes="28566840" bytesdiscarded="87576" />
  <ownableSynchronizers candidates="4204" cleared="3899" />
  <references type="soft" candidates="268" cleared="0" enqueued="0" dynamicThreshold="18" maxThreshold="32" />
  <references type="weak" candidates="118" cleared="118" enqueued="0" />
</gc-op>
<gc-end id="4070" type="scavenge" contextid="4066" durationms="118.365" usertimems="915.958" systemtimems="1.711" timestamp="2020-09-11T10:28:03.244" activeThreads="8">
  <mem-info id="4071" free="1467731560" total="2821586944" percent="52">
    <mem type="nursery" free="682512160" total="939524096" percent="72">
      <mem type="allocate" free="682512160" total="798294016" percent="85" />
      <mem type="survivor" free="0" total="141230080" percent="0" />
    </mem>
    <mem type="tenure" free="785219400" total="1882062848" percent="41" macro-fragmented="3732887">
      <mem type="soa" free="672294728" total="1769138176" percent="38" />
      <mem type="loa" free="112924672" total="112924672" percent="100" />
    </mem>
    <remembered-set count="33476" />
  </mem-info>
</gc-end>
<cycle-end id="4072" type="scavenge" contextid="4066" timestamp="2020-09-11T10:28:03.245" />
<allocation-satisfied id="4073" threadId="0000000000785E00" bytesRequested="24" />
<af-end id="4074" timestamp="2020-09-11T10:28:03.245" threadId="0000000000786780" success="true" from="nursery"/>
<exclusive-end id="4075" timestamp="2020-09-11T10:28:03.245" durationms="120.673" />

<exclusive-start id="4076" timestamp="2020-09-11T10:28:05.179" intervalms="2055.087">
  <response-info timems="1.152" idlems="0.720" threads="1" lastid="0000000000A39B00" lastname="Group1.Backend.CompositeBackend{Tier3}.1" />
</exclusive-start>
<af-start id="4077" threadId="0000000000A5C480" totalBytesRequested="16" timestamp="2020-09-11T10:28:05.180" intervalms="2055.259" type="nursery" />
<cycle-start id="4078" type="scavenge" contextid="0" timestamp="2020-09-11T10:28:05.180" intervalms="2055.280" />
<gc-start id="4079" type="scavenge" contextid="4078" timestamp="2020-09-11T10:28:05.181">
  <mem-info id="4080" free="785219400" total="2821586944" percent="27">
    <mem type="nursery" free="0" total="939524096" percent="0">
      <mem type="allocate" free="0" total="798294016" percent="0" />
      <mem type="survivor" free="0" total="141230080" percent="0" />
    </mem>
    <mem type="tenure" free="785219400" total="1882062848" percent="41">
      <mem type="soa" free="672294728" total="1769138176" percent="38" />
      <mem type="loa" free="112924672" total="112924672" percent="100" />
    </mem>
    <remembered-set count="193895" />
  </mem-info>
</gc-start>
<allocation-stats totalBytes="682192752" >
  <allocated-bytes non-tlh="35074208" tlh="647118544" />
  <largest-consumer threadName="Group1.Backend.CompositeBackend{Tier1}.6" threadId="0000000000843D00" bytes="105676552" />
</allocation-stats>
<gc-op id="4081" type="scavenge" timems="103.565" contextid="4078" timestamp="2020-09-11T10:28:05.284">
  <scavenger-info tenureage="3" tenuremask="7ff8" tiltratio="84" />
  <memory-copied type="nursery" objects="4051622" bytes="108707056" bytesdiscarded="195104" />
  <memory-copied type="tenure" objects="1071338" bytes="28769088" bytesdiscarded="74808" />
  <ownableSynchronizers candidates="4198" cleared="3900" />
  <references type="soft" candidates="285" cleared="0" enqueued="0" dynamicThreshold="18" maxThreshold="32" />
  <references type="weak" candidates="129" cleared="127" enqueued="0" />
</gc-op>
<gc-end id="4082" type="scavenge" contextid="4078" durationms="106.466" usertimems="771.269" systemtimems="1.256" timestamp="2020-09-11T10:28:05.287" activeThreads="8">
  <mem-info id="4083" free="1448024424" total="2821586944" percent="51">
    <mem type="nursery" free="691668736" total="939524096" percent="73">
      <mem type="allocate" free="691668736" total="800653312" percent="86" />
      <mem type="survivor" free="0" total="138870784" percent="0" />
    </mem>
    <mem type="tenure" free="756355688" total="1882062848" percent="40" macro-fragmented="290741">
      <mem type="soa" free="643431016" total="1769138176" percent="36" />
      <mem type="loa" free="112924672" total="112924672" percent="100" />
    </mem>
    <remembered-set count="32340" />
  </mem-info>
</gc-end>
<cycle-end id="4084" type="scavenge" contextid="4078" timestamp="2020-09-11T10:28:05.288" />
<allocation-satisfied id="4085" threadId="0000000000A5BB00" bytesRequested="16" />
<af-end id="4086" timestamp="2020-09-11T10:28:05.288" threadId="0000000000A5C480" success="true" from="nursery"/>
<exclusive-end id="4087" timestamp="2020-09-11T10:28:05.288" durationms="108.773" />

<exclusive-start id="4088" timestamp="2020-09-11T10:28:07.242" intervalms="2062.648">
  <response-info timems="0.521" idlems="0.521" threads="0" lastid="0000000000843100" lastname="Group1.Backend.CompositeBackend{Tier1}.5" />
</exclusive-start>
<af-start id="4089" threadId="0000000000843A80" totalBytesRequested="120" timestamp="2020-09-11T10:28:07.243" intervalms="2063.143" type="nursery" />
<cycle-start id="4090" type="scavenge" contextid="0" timestamp="2020-09-11T10:28:07.244" intervalms="2063.216" />
<gc-start id="4091" type="scavenge" contextid="4090" timestamp="2020-09-11T10:28:07.244">
  <mem-info id="4092" free="756355688" total="2821586944" percent="26">
    <mem type="nursery" free="0" total="939524096" percent="0">
      <mem type="allocate" free="0" total="800653312" percent="0" />
      <mem type="survivor" free="0" total="138870784" percent="0" />
    </mem>
    <mem type="tenure" free="756355688" total="1882062848" percent="40">
      <mem type="soa" free="643431016" total="1769138176" percent="36" />
      <mem type="loa" free="112924672" total="112924672" percent="100" />
    </mem>
    <remembered-set count="194789" />
  </mem-info>
</gc-start>
<allocation-stats totalBytes="691342848" >
  <allocated-bytes non-tlh="32174016" tlh="659168832" />
  <largest-consumer threadName="Group1.Backend.CompositeBackend{Tier1}.1" threadId="0000000000785E00" bytes="89378808" />
</allocation-stats>
<gc-op id="4093" type="scavenge" timems="126.121" contextid="4090" timestamp="2020-09-11T10:28:07.370">
  <scavenger-info tenureage="3" tenuremask="7ff8" tiltratio="85" />
  <memory-copied type="nursery" objects="4465038" bytes="118067936" bytesdiscarded="261488" />
  <memory-copied type="tenure" objects="1084331" bytes="29135872" bytesdiscarded="87592" />
  <ownableSynchronizers candidates="3812" cleared="3493" />
  <references type="soft" candidates="273" cleared="0" enqueued="0" dynamicThreshold="18" maxThreshold="32" />
  <references type="weak" candidates="88" cleared="88" enqueued="0" />
</gc-op>
<gc-end id="4094" type="scavenge" contextid="4090" durationms="127.335" usertimems="933.125" systemtimems="16.410" timestamp="2020-09-11T10:28:07.371" activeThreads="8">
  <mem-info id="4095" free="1406274264" total="2821586944" percent="49">
    <mem type="nursery" free="679156344" total="939524096" percent="72">
      <mem type="allocate" free="679156344" total="797573120" percent="85" />
      <mem type="survivor" free="0" total="141950976" percent="0" />
    </mem>
    <mem type="tenure" free="727117920" total="1882062848" percent="38" macro-fragmented="868149">
      <mem type="soa" free="614193248" total="1769138176" percent="34" />
      <mem type="loa" free="112924672" total="112924672" percent="100" />
    </mem>
    <remembered-set count="31223" />
  </mem-info>
</gc-end>
<cycle-end id="4096" type="scavenge" contextid="4090" timestamp="2020-09-11T10:28:07.372" />
<allocation-satisfied id="4097" threadId="0000000000843100" bytesRequested="120" />
<af-end id="4098" timestamp="2020-09-11T10:28:07.372" threadId="0000000000843A80" success="true" from="nursery"/>
<exclusive-end id="4099" timestamp="2020-09-11T10:28:07.372" durationms="130.055" />

<exclusive-start id="4100" timestamp="2020-09-11T10:28:09.365" intervalms="2122.507">
  <response-info timems="0.947" idlems="0.947" threads="0" lastid="00000000007F6F00" lastname="Group1.Backend.CompositeBackend{Tier1}.2" />
</exclusive-start>
<af-start id="4101" threadId="00000000007F7880" totalBytesRequested="24" timestamp="2020-09-11T10:28:09.366" intervalms="2122.086" type="nursery" />
<cycle-start id="4102" type="scavenge" contextid="0" timestamp="2020-09-11T10:28:09.366" intervalms="2122.040" />
<gc-start id="4103" type="scavenge" contextid="4102" timestamp="2020-09-11T10:28:09.366">
  <mem-info id="4104" free="727117920" total="2821586944" percent="25">
    <mem type="nursery" free="0" total="939524096" percent="0">
      <mem type="allocate" free="0" total="797573120" percent="0" />
      <mem type="survivor" free="0" total="141950976" percent="0" />
    </mem>
    <mem type="tenure" free="727117920" total="1882062848" percent="38">
      <mem type="soa" free="614193248" total="1769138176" percent="34" />
      <mem type="loa" free="112924672" total="112924672" percent="100" />
    </mem>
    <remembered-set count="192188" />
  </mem-info>
</gc-start>
<allocation-stats totalBytes="678826784" >
  <allocated-bytes non-tlh="29739088" tlh="649087696" />
  <largest-consumer threadName="Group1.Backend.CompositeBackend{Tier1}.6" threadId="0000000000843D00" bytes="101659048" />
</allocation-stats>
<gc-op id="4105" type="scavenge" timems="144.466" contextid="4102" timestamp="2020-09-11T10:28:09.511">
  <scavenger-info tenureage="3" tenuremask="7ff8" tiltratio="84" />
  <memory-copied type="nursery" objects="4453475" bytes="117382056" bytesdiscarded="165560" />
  <memory-copied type="tenure" objects="1120023" bytes="30070696" bytesdiscarded="91480" />
  <ownableSynchronizers candidates="4444" cleared="4103" />
  <references type="soft" candidates="284" cleared="0" enqueued="0" dynamicThreshold="18" maxThreshold="32" />
  <references type="weak" candidates="130" cleared="128" enqueued="0" />
</gc-op>
<gc-end id="4106" type="scavenge" contextid="4102" durationms="145.739" usertimems="1051.088" systemtimems="13.602" timestamp="2020-09-11T10:28:09.512" activeThreads="8">
  <mem-info id="4107" free="1378905232" total="2821586944" percent="48">
    <mem type="nursery" free="681838032" total="939524096" percent="72">
      <mem type="allocate" free="681838032" total="799473664" percent="85" />
      <mem type="survivor" free="0" total="140050432" percent="0" />
    </mem>
    <mem type="tenure" free="697067200" total="1882062848" percent="37" macro-fragmented="0">
      <mem type="soa" free="584142528" total="1769138176" percent="33" />
      <mem type="loa" free="112924672" total="112924672" percent="100" />
    </mem>
    <remembered-set count="28429" />
  </mem-info>
</gc-end>
<cycle-end id="4108" type="scavenge" contextid="4102" timestamp="2020-09-11T10:28:09.513" />
<allocation-satisfied id="4109" threadId="00000000007F6F00" bytesRequested="24" />
<af-end id="4110" timestamp="2020-09-11T10:28:09.513" threadId="00000000007F7880" success="true" from="nursery"/>
<exclusive-end id="4111" timestamp="2020-09-11T10:28:09.513" durationms="148.248" />

<exclusive-start id="4112" timestamp="2020-09-11T10:28:11.406" intervalms="2041.179">
  <response-info timems="0.567" idlems="0.567" threads="0" lastid="0000000000843D00" lastname="Group1.Backend.CompositeBackend{Tier1}.6" />
</exclusive-start>
<af-start id="4113" threadId="0000000000844680" totalBytesRequested="24" timestamp="2020-09-11T10:28:11.407" intervalms="2040.994" type="nursery" />
<cycle-start id="4114" type="scavenge" contextid="0" timestamp="2020-09-11T10:28:11.407" intervalms="2040.948" />
<gc-start id="4115" type="scavenge" contextid="4114" timestamp="2020-09-11T10:28:11.407">
  <mem-info id="4116" free="697067200" total="2821586944" percent="24">
    <mem type="nursery" free="0" total="939524096" percent="0">
      <mem type="allocate" free="0" total="799473664" percent="0" />
      <mem type="survivor" free="0" total="140050432" percent="0" />
    </mem>
    <mem type="tenure" free="697067200" total="1882062848" percent="37">
      <mem type="soa" free="584142528" total="1769138176" percent="33" />
      <mem type="loa" free="112924672" total="112924672" percent="100" />
    </mem>
    <remembered-set count="191321" />
  </mem-info>
</gc-start>
<allocation-stats totalBytes="681509096" >
  <allocated-bytes non-tlh="34242552" tlh="647266544" />
  <largest-consumer threadName="Group1.Backend.CompositeBackend{Tier1}.8" threadId="0000000000837900" bytes="90492056" />
</allocation-stats>
<gc-op id="4117" type="scavenge" timems="113.049" contextid="4114" timestamp="2020-09-11T10:28:11.520">
  <scavenger-info tenureage="3" tenuremask="7ff8" tiltratio="85" />
  <memory-copied type="nursery" objects="4241636" bytes="112997760" bytesdiscarded="149880" />
  <memory-copied type="tenure" objects="1071612" bytes="28819480" bytesdiscarded="100536" />
  <ownableSynchronizers candidates="4844" cleared="4499" />
  <references type="soft" candidates="274" cleared="0" enqueued="0" dynamicThreshold="18" maxThreshold="32" />
  <references type="weak" candidates="112" cleared="112" enqueued="0" />
</gc-op>
<gc-end id="4118" type="scavenge" contextid="4114" durationms="114.067" usertimems="800.436" systemtimems="0.000" timestamp="2020-09-11T10:28:11.521" activeThreads="8">
  <mem-info id="4119" free="1355935064" total="2821586944" percent="48">
    <mem type="nursery" free="687939320" total="939524096" percent="73">
      <mem type="allocate" free="687939320" total="801177600" percent="85" />
      <mem type="survivor" free="0" total="138346496" percent="0" />
    </mem>
    <mem type="tenure" free="667995744" total="1882062848" percent="35" macro-fragmented="3732887">
      <mem type="soa" free="555071072" total="1769138176" percent="31" />
      <mem type="loa" free="112924672" total="112924672" percent="100" />
    </mem>
    <remembered-set count="28586" />
  </mem-info>
</gc-end>
<cycle-end id="4120" type="scavenge" contextid="4114" timestamp="2020-09-11T10:28:11.522" />
<allocation-satisfied id="4121" threadId="0000000000843D00" bytesRequested="24" />
<af-end id="4122" timestamp="2020-09-11T10:28:11.522" threadId="0000000000844680" success="true" from="nursery"/>
<exclusive-end id="4123" timestamp="2020-09-11T10:28:11.522" durationms="116.255" />

<exclusive-start id="4124" timestamp="2020-09-11T10:28:13.480" intervalms="2074.055">
  <response-info timems="2.279" idlems="2.279" threads="0" lastid="00000000007F6F00" lastname="Group1.Backend.CompositeBackend{Tier1}.2" />
</exclusive-start>
<af-start id="4125" threadId="00000000007F7880" totalBytesRequested="32" timestamp="2020-09-11T10:28:13.482" intervalms="2075.465" type="nursery" />
<cycle-start id="4126" type="scavenge" contextid="0" timestamp="2020-09-11T10:28:13.483" intervalms="2075.908" />
<gc-start id="4127" type="scavenge" contextid="4126" timestamp="2020-09-11T10:28:13.483">
  <mem-info id="4128" free="667995744" total="2821586944" percent="23">
    <mem type="nursery" free="0" total="939524096" percent="0">
      <mem type="allocate" free="0" total="801177600" percent="0" />
      <mem type="survivor" free="0" total="138346496" percent="0" />
    </mem>
    <mem type="tenure" free="667995744" total="1882062848" percent="35">
      <mem type="soa" free="555071072" total="1769138176" percent="31" />
      <mem type="loa" free="112924672" total="112924672" percent="100" />
    </mem>
    <remembered-set count="192454" />
  </mem-info>
</gc-start>
<allocation-stats totalBytes="687612200" >
  <allocated-bytes non-tlh="29247584" tlh="658364616" />
  <largest-consumer threadName="Group1.Backend.CompositeBackend{Tier1}.8" threadId="0000000000837900" bytes="120645864" />
</allocation-stats>
<gc-op id="4129" type="scavenge" timems="126.691" contextid="4126" timestamp="2020-09-11T10:28:13.610">
  <scavenger-info tenureage="3" tenuremask="7ff8" tiltratio="85" />
  <memory-copied type="nursery" objects="4125227" bytes="110422320" bytesdiscarded="123608" />
  <memory-copied type="tenure" objects="1095403" bytes="29448256" bytesdiscarded="94992" />
  <ownableSynchronizers candidates="4913" cleared="4566" />
  <references type="soft" candidates="289" cleared="0" enqueued="0" dynamicThreshold="18" maxThreshold="32" />
  <references type="weak" candidates="107" cleared="107" enqueued="0" />
</gc-op>
<gc-end id="4130" type="scavenge" contextid="4126" durationms="127.987" usertimems="952.990" systemtimems="13.443" timestamp="2020-09-11T10:28:13.611" activeThreads="8">
  <mem-info id="4131" free="1331539216" total="2821586944" percent="47">
    <mem type="nursery" free="692909768" total="939524096" percent="73">
      <mem type="allocate" free="692909768" total="803536896" percent="86" />
      <mem type="survivor" free="0" total="135987200" percent="0" />
    </mem>
    <mem type="tenure" free="638629448" total="1882062848" percent="33" macro-fragmented="0">
      <mem type="soa" free="525704776" total="1769138176" percent="29" />
      <mem type="loa" free="112924672" total="112924672" percent="100" />
    </mem>
    <remembered-set count="29612" />
  </mem-info>
</gc-end>
<cycle-end id="4132" type="scavenge" contextid="4126" timestamp="2020-09-11T10:28:13.612" />
<allocation-satisfied id="4133" threadId="00000000007F6F00" bytesRequested="32" />
<af-end id="4134" timestamp="2020-09-11T10:28:13.612" threadId="00000000007F7880" success="true" from="nursery"/>
<exclusive-end id="4135" timestamp="2020-09-11T10:28:13.612" durationms="132.456" />

<exclusive-start id="4136" timestamp="2020-09-11T10:28:15.626" intervalms="2146.382">
  <response-info timems="0.352" idlems="0.345" threads="1" lastid="0000000000843100" lastname="Group1.Backend.CompositeBackend{Tier1}.5" />
</exclusive-start>
<af-start id="4137" threadId="0000000000786780" totalBytesRequested="24" timestamp="2020-09-11T10:28:15.627" intervalms="2144.949" type="nursery" />
<cycle-start id="4138" type="scavenge" contextid="0" timestamp="2020-09-11T10:28:15.627" intervalms="2144.504" />
<gc-start id="4139" type="scavenge" contextid="4138" timestamp="2020-09-11T10:28:15.627">
  <mem-info id="4140" free="638629448" total="2821586944" percent="22">
    <mem type="nursery" free="0" total="939524096" percent="0">
      <mem type="allocate" free="0" total="803536896" percent="0" />
      <mem type="survivor" free="0" total="135987200" percent="0" />
    </mem>
    <mem type="tenure" free="638629448" total="1882062848" percent="33">
      <mem type="soa" free="525704776" total="1769138176" percent="29" />
      <mem type="loa" free="112924672" total="112924672" percent="100" />
    </mem>
    <remembered-set count="195908" />
  </mem-info>
</gc-start>
<allocation-stats totalBytes="692568520" >
  <allocated-bytes non-tlh="31515152" tlh="661053368" />
  <largest-consumer threadName="Group1.Backend.CompositeBackend{Tier1}.5" threadId="0000000000843100" bytes="100272080" />
</allocation-stats>
<gc-op id="4141" type="scavenge" timems="103.783" contextid="4138" timestamp="2020-09-11T10:28:15.731">
  <scavenger-info tenureage="3" tenuremask="7ff8" tiltratio="85" />
  <memory-copied type="nursery" objects="4196697" bytes="112403712" bytesdiscarded="176152" />
  <memory-copied type="tenure" objects="1064703" bytes="28655928" bytesdiscarded="94224" />
  <ownableSynchronizers candidates="4594" cleared="4231" />
  <references type="soft" candidates="271" cleared="0" enqueued="0" dynamicThreshold="18" maxThreshold="32" />
  <references type="weak" candidates="117" cleared="117" enqueued="0" />
</gc-op>
<gc-end id="4142" type="scavenge" contextid="4138" durationms="105.069" usertimems="759.845" systemtimems="0.000" timestamp="2020-09-11T10:28:15.732" activeThreads="8">
  <mem-info id="4143" free="1302232616" total="2821586944" percent="46">
    <mem type="nursery" free="692444880" total="939524096" percent="73">
      <mem type="allocate" free="692444880" total="805109760" percent="86" />
      <mem type="survivor" free="0" total="134414336" percent="0" />
    </mem>
    <mem type="tenure" free="609787736" total="1882062848" percent="32" macro-fragmented="0">
      <mem type="soa" free="496863064" total="1769138176" percent="28" />
      <mem type="loa" free="112924672" total="112924672" percent="100" />
    </mem>
    <remembered-set count="33038" />
  </mem-info>
</gc-end>
<cycle-end id="4144" type="scavenge" contextid="4138" timestamp="2020-09-11T10:28:15.734" />
<allocation-satisfied id="4145" threadId="0000000000785E00" bytesRequested="24" />
<af-end id="4146" timestamp="2020-09-11T10:28:15.734" threadId="0000000000786780" success="true" from="nursery"/>
<exclusive-end id="4147" timestamp="2020-09-11T10:28:15.734" durationms="107.600" />

<exclusive-start id="4148" timestamp="2020-09-11T10:28:17.722" intervalms="2095.839">
  <response-info timems="3.255" idlems="3.255" threads="0" lastid="00000000007F6F00" lastname="Group1.Backend.CompositeBackend{Tier1}.2" />
</exclusive-start>
<af-start id="4149" threadId="00000000007F7880" totalBytesRequested="664" timestamp="2020-09-11T10:28:17.723" intervalms="2095.924" type="nursery" />
<cycle-start id="4150" type="scavenge" contextid="0" timestamp="2020-09-11T10:28:17.723" intervalms="2095.937" />
<gc-start id="4151" type="scavenge" contextid="4150" timestamp="2020-09-11T10:28:17.723">
  <mem-info id="4152" free="609787736" total="2821586944" percent="21">
    <mem type="nursery" free="0" total="939524096" percent="0">
      <mem type="allocate" free="0" total="805109760" percent="0" />
      <mem type="survivor" free="0" total="134414336" percent="0" />
    </mem>
    <mem type="tenure" free="609787736" total="1882062848" percent="32">
      <mem type="soa" free="496863064" total="1769138176" percent="28" />
      <mem type="loa" free="112924672" total="112924672" percent="100" />
    </mem>
    <remembered-set count="196874" />
  </mem-info>
</gc-start>
<allocation-stats totalBytes="692119600" >
  <allocated-bytes non-tlh="33709000" tlh="658410600" />
  <largest-consumer threadName="Group1.Backend.CompositeBackend{Tier1}.1" threadId="0000000000785E00" bytes="98536992" />
</allocation-stats>
<gc-op id="4153" type="scavenge" timems="123.096" contextid="4150" timestamp="2020-09-11T10:28:17.846">
  <scavenger-info tenureage="3" tenuremask="7ff8" tiltratio="85" />
  <memory-copied type="nursery" objects="4593574" bytes="121636960" bytesdiscarded="272680" />
  <memory-copied type="tenure" objects="1073587" bytes="28849200" bytesdiscarded="98648" />
  <ownableSynchronizers candidates="4046" cleared="3698" />
  <references type="soft" candidates="282" cleared="0" enqueued="0" dynamicThreshold="18" maxThreshold="32" />
  <references type="weak" candidates="109" cleared="109" enqueued="0" />
</gc-op>
<gc-end id="4154" type="scavenge" contextid="4150" durationms="124.225" usertimems="883.917" systemtimems="0.000" timestamp="2020-09-11T10:28:17.847" activeThreads="8">
  <mem-info id="4155" free="1254249128" total="2821586944" percent="44">
    <mem type="nursery" free="673350184" total="939524096" percent="71">
      <mem type="allocate" free="673350184" total="795344896" percent="84" />
      <mem type="survivor" free="0" total="144179200" percent="0" />
    </mem>
    <mem type="tenure" free="580898944" total="1882062848" percent="30" macro-fragmented="1572888">
      <mem type="soa" free="467974272" total="1769138176" percent="26" />
      <mem type="loa" free="112924672" total="112924672" percent="100" />
    </mem>
    <remembered-set count="33380" />
  </mem-info>
</gc-end>
<cycle-end id="4156" type="scavenge" contextid="4150" timestamp="2020-09-11T10:28:17.849" />
<allocation-satisfied id="4157" threadId="00000000007F6F00" bytesRequested="664" />
<af-end id="4158" timestamp="2020-09-11T10:28:17.849" threadId="00000000007F7880" success="true" from="nursery"/>
<exclusive-end id="4159" timestamp="2020-09-11T10:28:17.849" durationms="126.749" />

<exclusive-start id="4160" timestamp="2020-09-11T10:28:19.712" intervalms="1990.166">
  <response-info timems="0.624" idlems="0.624" threads="0" lastid="00000000007F6F00" lastname="Group1.Backend.CompositeBackend{Tier1}.2" />
</exclusive-start>
<af-start id="4161" threadId="00000000007F7880" totalBytesRequested="16" timestamp="2020-09-11T10:28:19.713" intervalms="1990.350" type="nursery" />
<cycle-start id="4162" type="scavenge" contextid="0" timestamp="2020-09-11T10:28:19.713" intervalms="1990.365" />
<gc-start id="4163" type="scavenge" contextid="4162" timestamp="2020-09-11T10:28:19.714">
  <mem-info id="4164" free="580898944" total="2821586944" percent="20">
    <mem type="nursery" free="0" total="939524096" percent="0">
      <mem type="allocate" free="0" total="795344896" percent="0" />
      <mem type="survivor" free="0" total="144179200" percent="0" />
    </mem>
    <mem type="tenure" free="580898944" total="1882062848" percent="30">
      <mem type="soa" free="467974272" total="1769138176" percent="26" />
      <mem type="loa" free="112924672" total="112924672" percent="100" />
    </mem>
    <remembered-set count="192943" />
  </mem-info>
</gc-start>
<allocation-stats totalBytes="673046816" >
  <allocated-bytes non-tlh="35809688" tlh="637237128" />
  <largest-consumer threadName="Group1.Backend.CompositeBackend{Tier1}.3" threadId="0000000000856800" bytes="96354096" />
</allocation-stats>
<gc-op id="4165" type="scavenge" timems="108.977" contextid="4162" timestamp="2020-09-11T10:28:19.823">
  <scavenger-info tenureage="3" tenuremask="7ff8" tiltratio="84" />
  <memory-copied type="nursery" objects="4139225" bytes="110906528" bytesdiscarded="241672" />
  <memory-copied type="tenure" objects="1084533" bytes="29279840" bytesdiscarded="86616" />
  <ownableSynchronizers candidates="3971" cleared="3631" />
  <references type="soft" candidates="275" cleared="0" enqueued="0" dynamicThreshold="18" maxThreshold="32" />
  <references type="weak" candidates="114" cleared="113" enqueued="0" />
</gc-op>
<gc-end id="4166" type="scavenge" contextid="4162" durationms="110.419" usertimems="717.052" systemtimems="0.000" timestamp="2020-09-11T10:28:19.824" activeThreads="8">
  <mem-info id="4167" free="1237140392" total="2821586944" percent="43">
    <mem type="nursery" free="685685248" total="939524096" percent="72">
      <mem type="allocate" free="685685248" total="796917760" percent="86" />
      <mem type="survivor" free="0" total="142606336" percent="0" />
    </mem>
    <mem type="tenure" free="551455144" total="1882062848" percent="29" macro-fragmented="3145752">
      <mem type="soa" free="438530472" total="1769138176" percent="24" />
      <mem type="loa" free="112924672" total="112924672" percent="100" />
    </mem>
    <remembered-set count="31987" />
  </mem-info>
</gc-end>
<cycle-end id="4168" type="scavenge" contextid="4162" timestamp="2020-09-11T10:28:19.825" />
<allocation-satisfied id="4169" threadId="00000000007F6F00" bytesRequested="16" />
<af-end id="4170" timestamp="2020-09-11T10:28:19.826" threadId="00000000007F7880" success="true" from="nursery"/>
<exclusive-end id="4171" timestamp="2020-09-11T10:28:19.826" durationms="113.286" />

<exclusive-start id="4172" timestamp="2020-09-11T10:28:21.819" intervalms="2106.459">
  <response-info timems="0.535" idlems="0.535" threads="0" lastid="00000000007F6F00" lastname="Group1.Backend.CompositeBackend{Tier1}.2" />
</exclusive-start>
<af-start id="4173" threadId="00000000007F7880" totalBytesRequested="32" timestamp="2020-09-11T10:28:21.819" intervalms="2106.162" type="nursery" />
<cycle-start id="4174" type="scavenge" contextid="0" timestamp="2020-09-11T10:28:21.819" intervalms="2106.130" />
<gc-start id="4175" type="scavenge" contextid="4174" timestamp="2020-09-11T10:28:21.820">
  <mem-info id="4176" free="551455144" total="2821586944" percent="19">
    <mem type="nursery" free="0" total="939524096" percent="0">
      <mem type="allocate" free="0" total="796917760" percent="0" />
      <mem type="survivor" free="0" total="142606336" percent="0" />
    </mem>
    <mem type="tenure" free="551455144" total="1882062848" percent="29">
      <mem type="soa" free="438530472" total="1769138176" percent="24" />
      <mem type="loa" free="112924672" total="112924672" percent="100" />
    </mem>
    <remembered-set count="193646" />
  </mem-info>
</gc-start>
<allocation-stats totalBytes="685367656" >
  <allocated-bytes non-tlh="32221624" tlh="653146032" />
  <largest-consumer threadName="Group1.Backend.CompositeBackend{Tier1}.3" threadId="0000000000856800" bytes="98812280" />
</allocation-stats>
<gc-op id="4177" type="scavenge" timems="112.740" contextid="4174" timestamp="2020-09-11T10:28:21.933">
  <scavenger-info tenureage="3" tenuremask="7ff8" tiltratio="84" />
  <memory-copied type="nursery" objects="4147118" bytes="111629664" bytesdiscarded="240936" />
  <memory-copied type="tenure" objects="1116210" bytes="29981064" bytesdiscarded="100888" />
  <ownableSynchronizers candidates="4578" cleared="4234" />
  <references type="soft" candidates="287" cleared="0" enqueued="0" dynamicThreshold="18" maxThreshold="32" />
  <references type="weak" candidates="128" cleared="128" enqueued="0" />
</gc-op>
<gc-end id="4178" type="scavenge" contextid="4174" durationms="114.035" usertimems="822.600" systemtimems="1.345" timestamp="2020-09-11T10:28:21.934" activeThreads="8">
  <mem-info id="4179" free="1209772200" total="2821586944" percent="42">
    <mem type="nursery" free="688301304" total="939524096" percent="73">
      <mem type="allocate" free="688301304" total="800260096" percent="86" />
      <mem type="survivor" free="0" total="139264000" percent="0" />
    </mem>
    <mem type="tenure" free="521470896" total="1882062848" percent="27" macro-fragmented="0">
      <mem type="soa" free="408546224" total="1769138176" percent="23" />
      <mem type="loa" free="112924672" total="112924672" percent="100" />
    </mem>
    <remembered-set count="29388" />
  </mem-info>
</gc-end>
<cycle-end id="4180" type="scavenge" contextid="4174" timestamp="2020-09-11T10:28:21.936" />
<allocation-satisfied id="4181" threadId="00000000007F6F00" bytesRequested="32" />
<af-end id="4182" timestamp="2020-09-11T10:28:21.936" threadId="00000000007F7880" success="true" from="nursery"/>
<exclusive-end id="4183" timestamp="2020-09-11T10:28:21.936" durationms="116.877" />

<exclusive-start id="4184" timestamp="2020-09-11T10:28:23.911" intervalms="2092.418">
  <response-info timems="13.682" idlems="13.682" threads="0" lastid="0000000000837900" lastname="Group1.Backend.CompositeBackend{Tier1}.8" />
</exclusive-start>
<af-start id="4185" threadId="0000000000838280" totalBytesRequested="16" timestamp="2020-09-11T10:28:23.912" intervalms="2092.573" type="nursery" />
<cycle-start id="4186" type="scavenge" contextid="0" timestamp="2020-09-11T10:28:23.912" intervalms="2092.586" />
<gc-start id="4187" type="scavenge" contextid="4186" timestamp="2020-09-11T10:28:23.912">
  <mem-info id="4188" free="521470896" total="2821586944" percent="18">
    <mem type="nursery" free="0" total="939524096" percent="0">
      <mem type="allocate" free="0" total="800260096" percent="0" />
      <mem type="survivor" free="0" total="139264000" percent="0" />
    </mem>
    <mem type="tenure" free="521470896" total="1882062848" percent="27">
      <mem type="soa" free="408546224" total="1769138176" percent="23" />
      <mem type="loa" free="112924672" total="112924672" percent="100" />
    </mem>
    <remembered-set count="192302" />
  </mem-info>
</gc-start>
<allocation-stats totalBytes="687976752" >
  <allocated-bytes non-tlh="30781256" tlh="657195496" />
  <largest-consumer threadName="Group1.Backend.CompositeBackend{Tier1}.3" threadId="0000000000856800" bytes="95705616" />
</allocation-stats>
<gc-op id="4189" type="scavenge" timems="198.442" contextid="4186" timestamp="2020-09-11T10:28:24.111">
  <scavenger-info tenureage="3" tenuremask="7ff8" tiltratio="85" />
  <memory-copied type="nursery" objects="4456603" bytes="119004336" bytesdiscarded="129008" />
  <memory-copied type="tenure" objects="1121328" bytes="30123224" bytesdiscarded="112360" />
  <ownableSynchronizers candidates="4372" cleared="4030" />
  <references type="soft" candidates="281" cleared="0" enqueued="0" dynamicThreshold="18" maxThreshold="32" />
  <references type="weak" candidates="108" cleared="108" enqueued="0" />
</gc-op>
<gc-end id="4190" type="scavenge" contextid="4186" durationms="199.579" usertimems="1381.657" systemtimems="43.781" timestamp="2020-09-11T10:28:24.112" activeThreads="8">
  <mem-info id="4191" free="1170288128" total="2821586944" percent="41">
    <mem type="nursery" free="679200976" total="939524096" percent="72">
      <mem type="allocate" free="679200976" total="798425088" percent="85" />
      <mem type="survivor" free="0" total="141099008" percent="0" />
    </mem>
    <mem type="tenure" free="491087152" total="1882062848" percent="26" macro-fragmented="0">
      <mem type="soa" free="378162480" total="1769138176" percent="21" />
      <mem type="loa" free="112924672" total="112924672" percent="100" />
    </mem>
    <remembered-set count="28463" />
  </mem-info>
</gc-end>
<cycle-end id="4192" type="scavenge" contextid="4186" timestamp="2020-09-11T10:28:24.114" />
<allocation-satisfied id="4193" threadId="0000000000837900" bytesRequested="16" />
<af-end id="4194" timestamp="2020-09-11T10:28:24.114" threadId="0000000000838280" success="true" from="nursery"/>
<exclusive-end id="4195" timestamp="2020-09-11T10:28:24.114" durationms="202.506" />

<exclusive-start id="4196" timestamp="2020-09-11T10:28:25.943" intervalms="2032.095">
  <response-info timems="1.487" idlems="1.487" threads="0" lastid="0000000000843100" lastname="Group1.Backend.CompositeBackend{Tier1}.5" />
</exclusive-start>
<af-start id="4197" threadId="0000000000843A80" totalBytesRequested="32" timestamp="2020-09-11T10:28:25.944" intervalms="2032.493" type="nursery" />
<cycle-start id="4198" type="scavenge" contextid="0" timestamp="2020-09-11T10:28:25.945" intervalms="2032.534" />
<gc-start id="4199" type="scavenge" contextid="4198" timestamp="2020-09-11T10:28:25.945">
  <mem-info id="4200" free="491087152" total="2821586944" percent="17">
    <mem type="nursery" free="0" total="939524096" percent="0">
      <mem type="allocate" free="0" total="798425088" percent="0" />
      <mem type="survivor" free="0" total="141099008" percent="0" />
    </mem>
    <mem type="tenure" free="491087152" total="1882062848" percent="26">
      <mem type="soa" free="378162480" total="1769138176" percent="21" />
      <mem type="loa" free="112924672" total="112924672" percent="100" />
    </mem>
    <remembered-set count="191035" />
  </mem-info>
</gc-start>
<allocation-stats totalBytes="678849384" >
  <allocated-bytes non-tlh="31276744" tlh="647572640" />
  <largest-consumer threadName="Group1.Backend.CompositeBackend{Tier1}.5" threadId="0000000000843100" bytes="86252728" />
</allocation-stats>
<gc-op id="4201" type="scavenge" timems="135.209" contextid="4198" timestamp="2020-09-11T10:28:26.080">
  <scavenger-info tenureage="3" tenuremask="7ff8" tiltratio="84" />
  <memory-copied type="nursery" objects="4330197" bytes="115835712" bytesdiscarded="158752" />
  <memory-copied type="tenure" objects="1059100" bytes="28474064" bytesdiscarded="93992" />
  <ownableSynchronizers candidates="4311" cleared="3966" />
  <references type="soft" candidates="279" cleared="0" enqueued="0" dynamicThreshold="18" maxThreshold="32" />
  <references type="weak" candidates="127" cleared="127" enqueued="0" />
</gc-op>
<gc-end id="4202" type="scavenge" contextid="4198" durationms="137.552" usertimems="1027.588" systemtimems="16.347" timestamp="2020-09-11T10:28:26.082" activeThreads="8">
  <mem-info id="4203" free="1146590544" total="2821586944" percent="40">
    <mem type="nursery" free="683921376" total="939524096" percent="72">
      <mem type="allocate" free="683921376" total="799997952" percent="85" />
      <mem type="survivor" free="0" total="139526144" percent="0" />
    </mem>
    <mem type="tenure" free="462669168" total="1882062848" percent="24" macro-fragmented="0">
      <mem type="soa" free="349744496" total="1769138176" percent="19" />
      <mem type="loa" free="112924672" total="112924672" percent="100" />
    </mem>
    <remembered-set count="30188" />
  </mem-info>
</gc-end>
<cycle-end id="4204" type="scavenge" contextid="4198" timestamp="2020-09-11T10:28:26.084" />
<allocation-satisfied id="4205" threadId="0000000000843100" bytesRequested="32" />
<af-end id="4206" timestamp="2020-09-11T10:28:26.085" threadId="0000000000843A80" success="true" from="nursery"/>
<exclusive-end id="4207" timestamp="2020-09-11T10:28:26.085" durationms="141.376" />

<exclusive-start id="4208" timestamp="2020-09-11T10:28:28.043" intervalms="2099.482">
  <response-info timems="1.441" idlems="1.441" threads="0" lastid="0000000000785E00" lastname="Group1.Backend.CompositeBackend{Tier1}.1" />
</exclusive-start>
<af-start id="4209" threadId="0000000000786780" totalBytesRequested="48" timestamp="2020-09-11T10:28:28.043" intervalms="2098.973" type="nursery" />
<cycle-start id="4210" type="scavenge" contextid="0" timestamp="2020-09-11T10:28:28.044" intervalms="2098.933" />
<gc-start id="4211" type="scavenge" contextid="4210" timestamp="2020-09-11T10:28:28.044">
  <mem-info id="4212" free="462669168" total="2821586944" percent="16">
    <mem type="nursery" free="0" total="939524096" percent="0">
      <mem type="allocate" free="0" total="799997952" percent="0" />
      <mem type="survivor" free="0" total="139526144" percent="0" />
    </mem>
    <mem type="tenure" free="462669168" total="1882062848" percent="24">
      <mem type="soa" free="349744496" total="1769138176" percent="19" />
      <mem type="loa" free="112924672" total="112924672" percent="100" />
    </mem>
    <remembered-set count="194224" />
  </mem-info>
</gc-start>
<allocation-stats totalBytes="683589008" >
  <allocated-bytes non-tlh="34638368" tlh="648950640" />
  <largest-consumer threadName="Group1.Backend.CompositeBackend{Tier1}.8" threadId="0000000000837900" bytes="125071216" />
</allocation-stats>
<gc-op id="4213" type="scavenge" timems="103.277" contextid="4210" timestamp="2020-09-11T10:28:28.147">
  <scavenger-info tenureage="3" tenuremask="7ff8" tiltratio="85" />
  <memory-copied type="nursery" objects="4032674" bytes="108187392" bytesdiscarded="182808" />
  <memory-copied type="tenure" objects="1091956" bytes="29880600" bytesdiscarded="107080" />
  <ownableSynchronizers candidates="4183" cleared="3834" />
  <references type="soft" candidates="275" cleared="0" enqueued="0" dynamicThreshold="18" maxThreshold="32" />
  <references type="weak" candidates="92" cleared="92" enqueued="0" />
</gc-op>
<gc-end id="4214" type="scavenge" contextid="4210" durationms="104.409" usertimems="771.005" systemtimems="0.603" timestamp="2020-09-11T10:28:28.148" activeThreads="8">
  <mem-info id="4215" free="1126131744" total="2821586944" percent="39">
    <mem type="nursery" free="693447680" total="939524096" percent="73">
      <mem type="allocate" free="693447680" total="801898496" percent="86" />
      <mem type="survivor" free="0" total="137625600" percent="0" />
    </mem>
    <mem type="tenure" free="432684064" total="1882062848" percent="22" macro-fragmented="0">
      <mem type="soa" free="319759392" total="1769138176" percent="18" />
      <mem type="loa" free="112924672" total="112924672" percent="100" />
    </mem>
    <remembered-set count="32613" />
  </mem-info>
</gc-end>
<cycle-end id="4216" type="scavenge" contextid="4210" timestamp="2020-09-11T10:28:28.150" />
<allocation-satisfied id="4217" threadId="0000000000785E00" bytesRequested="48" />
<af-end id="4218" timestamp="2020-09-11T10:28:28.151" threadId="0000000000786780" success="true" from="nursery"/>
<exclusive-end id="4219" timestamp="2020-09-11T10:28:28.151" durationms="107.842" />

<exclusive-start id="4220" timestamp="2020-09-11T10:28:30.067" intervalms="2024.197">
  <response-info timems="0.390" idlems="0.390" threads="0" lastid="0000000000854300" lastname="Group1.Backend.CompositeBackend{Tier1}.7" />
</exclusive-start>
<af-start id="4221" threadId="0000000000854C80" totalBytesRequested="520" timestamp="2020-09-11T10:28:30.068" intervalms="2024.252" type="nursery" />
<cycle-start id="4222" type="scavenge" contextid="0" timestamp="2020-09-11T10:28:30.068" intervalms="2024.256" />
<gc-start id="4223" type="scavenge" contextid="4222" timestamp="2020-09-11T10:28:30.068">
  <mem-info id="4224" free="432684064" total="2821586944" percent="15">
    <mem type="nursery" free="0" total="939524096" percent="0">
      <mem type="allocate" free="0" total="801898496" percent="0" />
      <mem type="survivor" free="0" total="137625600" percent="0" />
    </mem>
    <mem type="tenure" free="432684064" total="1882062848" percent="22">
      <mem type="soa" free="319759392" total="1769138176" percent="18" />
      <mem type="loa" free="112924672" total="112924672" percent="100" />
    </mem>
    <remembered-set count="194326" />
  </mem-info>
</gc-start>
<allocation-stats totalBytes="693139024" >
  <allocated-bytes non-tlh="37278280" tlh="655860744" />
  <largest-consumer threadName="Group1.Backend.CompositeBackend{Tier1}.4" threadId="0000000000842600" bytes="97693240" />
</allocation-stats>
<gc-op id="4225" type="scavenge" timems="108.819" contextid="4222" timestamp="2020-09-11T10:28:30.177">
  <scavenger-info tenureage="3" tenuremask="7ff8" tiltratio="85" />
  <memory-copied type="nursery" objects="3997964" bytes="107243128" bytesdiscarded="182864" />
  <memory-copied type="tenure" objects="1094672" bytes="29440416" bytesdiscarded="133744" />
  <ownableSynchronizers candidates="4084" cleared="3757" />
  <references type="soft" candidates="256" cleared="0" enqueued="0" dynamicThreshold="18" maxThreshold="32" />
  <references type="weak" candidates="127" cleared="127" enqueued="0" />
</gc-op>
<gc-end id="4226" type="scavenge" contextid="4222" durationms="109.878" usertimems="827.412" systemtimems="5.554" timestamp="2020-09-11T10:28:30.178" activeThreads="8">
  <mem-info id="4227" free="1100817808" total="2821586944" percent="39">
    <mem type="nursery" free="697669120" total="939524096" percent="74">
      <mem type="allocate" free="697669120" total="805175296" percent="86" />
      <mem type="survivor" free="0" total="134348800" percent="0" />
    </mem>
    <mem type="tenure" free="403148688" total="1882062848" percent="21" macro-fragmented="0">
      <mem type="soa" free="290224016" total="1769138176" percent="16" />
      <mem type="loa" free="112924672" total="112924672" percent="100" />
    </mem>
    <remembered-set count="33522" />
  </mem-info>
</gc-end>
<cycle-end id="4228" type="scavenge" contextid="4222" timestamp="2020-09-11T10:28:30.180" />
<allocation-satisfied id="4229" threadId="0000000000854300" bytesRequested="520" />
<af-end id="4230" timestamp="2020-09-11T10:28:30.180" threadId="0000000000854C80" success="true" from="nursery"/>
<exclusive-end id="4231" timestamp="2020-09-11T10:28:30.180" durationms="112.855" />

<exclusive-start id="4232" timestamp="2020-09-11T10:28:32.279" intervalms="2211.990">
  <response-info timems="0.877" idlems="0.877" threads="0" lastid="0000000000843D00" lastname="Group1.Backend.CompositeBackend{Tier1}.6" />
</exclusive-start>
<af-start id="4233" threadId="0000000000844680" totalBytesRequested="16" timestamp="2020-09-11T10:28:32.280" intervalms="2212.022" type="nursery" />
<cycle-start id="4234" type="scavenge" contextid="0" timestamp="2020-09-11T10:28:32.280" intervalms="2212.260" />
<gc-start id="4235" type="scavenge" contextid="4234" timestamp="2020-09-11T10:28:32.280">
  <mem-info id="4236" free="403148688" total="2821586944" percent="14">
    <mem type="nursery" free="0" total="939524096" percent="0">
      <mem type="allocate" free="0" total="805175296" percent="0" />
      <mem type="survivor" free="0" total="134348800" percent="0" />
    </mem>
    <mem type="tenure" free="403148688" total="1882062848" percent="21">
      <mem type="soa" free="290224016" total="1769138176" percent="16" />
      <mem type="loa" free="112924672" total="112924672" percent="100" />
    </mem>
    <remembered-set count="201265" />
  </mem-info>
</gc-start>
<allocation-stats totalBytes="697331024" >
  <allocated-bytes non-tlh="26184312" tlh="671146712" />
  <largest-consumer threadName="Group1.Backend.CompositeBackend{Tier1}.4" threadId="0000000000842600" bytes="118566392" />
</allocation-stats>
<gc-op id="4237" type="scavenge" timems="103.671" contextid="4234" timestamp="2020-09-11T10:28:32.384">
  <scavenger-info tenureage="3" tenuremask="7ff8" tiltratio="85" />
  <memory-copied type="nursery" objects="4121335" bytes="110593112" bytesdiscarded="159304" />
  <memory-copied type="tenure" objects="1069654" bytes="28720968" bytesdiscarded="125960" />
  <ownableSynchronizers candidates="3808" cleared="3493" />
  <references type="soft" candidates="270" cleared="0" enqueued="0" dynamicThreshold="18" maxThreshold="32" />
  <references type="weak" candidates="118" cleared="118" enqueued="0" />
</gc-op>
<gc-end id="4238" type="scavenge" contextid="4234" durationms="104.757" usertimems="745.104" systemtimems="5.459" timestamp="2020-09-11T10:28:32.385" activeThreads="8">
  <mem-info id="4239" free="1070050552" total="2821586944" percent="37">
    <mem type="nursery" free="695706112" total="939524096" percent="74">
      <mem type="allocate" free="695706112" total="806551552" percent="86" />
      <mem type="survivor" free="0" total="132972544" percent="0" />
    </mem>
    <mem type="tenure" free="374344440" total="1882062848" percent="19" macro-fragmented="0">
      <mem type="soa" free="261419768" total="1769138176" percent="14" />
      <mem type="loa" free="112924672" total="112924672" percent="100" />
    </mem>
    <remembered-set count="32128" />
  </mem-info>
</gc-end>
<cycle-end id="4240" type="scavenge" contextid="4234" timestamp="2020-09-11T10:28:32.388" />
<allocation-satisfied id="4241" threadId="0000000000843D00" bytesRequested="16" />
<af-end id="4242" timestamp="2020-09-11T10:28:32.388" threadId="0000000000844680" success="true" from="nursery"/>
<exclusive-end id="4243" timestamp="2020-09-11T10:28:32.388" durationms="108.866" />

<exclusive-start id="4244" timestamp="2020-09-11T10:28:34.439" intervalms="2160.578">
  <response-info timems="0.488" idlems="0.488" threads="0" lastid="0000000000854300" lastname="Group1.Backend.CompositeBackend{Tier1}.7" />
</exclusive-start>
<af-start id="4245" threadId="0000000000854C80" totalBytesRequested="16" timestamp="2020-09-11T10:28:34.440" intervalms="2160.459" type="nursery" />
<cycle-start id="4246" type="scavenge" contextid="0" timestamp="2020-09-11T10:28:34.440" intervalms="2160.212" />
<gc-start id="4247" type="scavenge" contextid="4246" timestamp="2020-09-11T10:28:34.441">
  <mem-info id="4248" free="374344440" total="2821586944" percent="13">
    <mem type="nursery" free="0" total="939524096" percent="0">
      <mem type="allocate" free="0" total="806551552" percent="0" />
      <mem type="survivor" free="0" total="132972544" percent="0" />
    </mem>
    <mem type="tenure" free="374344440" total="1882062848" percent="19">
      <mem type="soa" free="261419768" total="1769138176" percent="14" />
      <mem type="loa" free="112924672" total="112924672" percent="100" />
    </mem>
    <remembered-set count="195039" />
  </mem-info>
</gc-start>
<allocation-stats totalBytes="695379328" >
  <allocated-bytes non-tlh="33328288" tlh="662051040" />
  <largest-consumer threadName="Group1.Backend.CompositeBackend{Tier1}.7" threadId="0000000000854300" bytes="101434152" />
</allocation-stats>
<gc-op id="4249" type="scavenge" timems="119.981" contextid="4246" timestamp="2020-09-11T10:28:34.561">
  <scavenger-info tenureage="3" tenuremask="7ff8" tiltratio="85" />
  <memory-copied type="nursery" objects="4151501" bytes="111363088" bytesdiscarded="166656" />
  <memory-copied type="tenure" objects="1089565" bytes="29257072" bytesdiscarded="128128" />
  <ownableSynchronizers candidates="2905" cleared="2621" />
  <references type="soft" candidates="249" cleared="0" enqueued="0" dynamicThreshold="18" maxThreshold="32" />
  <references type="weak" candidates="126" cleared="126" enqueued="0" />
</gc-op>
<gc-end id="4250" type="scavenge" contextid="4246" durationms="120.956" usertimems="854.273" systemtimems="1.479" timestamp="2020-09-11T10:28:34.561" activeThreads="8">
  <mem-info id="4251" free="1041329472" total="2821586944" percent="36">
    <mem type="nursery" free="696373760" total="939524096" percent="74">
      <mem type="allocate" free="696373760" total="807993344" percent="86" />
      <mem type="survivor" free="0" total="131530752" percent="0" />
    </mem>
    <mem type="tenure" free="344955712" total="1882062848" percent="18" macro-fragmented="1800196">
      <mem type="soa" free="232031040" total="1769138176" percent="13" />
      <mem type="loa" free="112924672" total="112924672" percent="100" />
    </mem>
    <remembered-set count="30071" />
  </mem-info>
</gc-end>
<cycle-end id="4252" type="scavenge" contextid="4246" timestamp="2020-09-11T10:28:34.563" />
<allocation-satisfied id="4253" threadId="0000000000854300" bytesRequested="16" />
<af-end id="4254" timestamp="2020-09-11T10:28:34.563" threadId="0000000000854C80" success="true" from="nursery"/>
<exclusive-end id="4255" timestamp="2020-09-11T10:28:34.563" durationms="123.449" />

<exclusive-start id="4256" timestamp="2020-09-11T10:28:36.566" intervalms="2126.389">
  <response-info timems="6.266" idlems="3.861" threads="1" lastid="0000000000837900" lastname="Group1.Backend.CompositeBackend{Tier1}.8" />
</exclusive-start>
<af-start id="4257" threadId="0000000000A54C80" totalBytesRequested="16" timestamp="2020-09-11T10:28:36.567" intervalms="2126.765" type="nursery" />
<cycle-start id="4258" type="scavenge" contextid="0" timestamp="2020-09-11T10:28:36.567" intervalms="2126.771" />
<gc-start id="4259" type="scavenge" contextid="4258" timestamp="2020-09-11T10:28:36.567">
  <mem-info id="4260" free="344955712" total="2821586944" percent="12">
    <mem type="nursery" free="0" total="939524096" percent="0">
      <mem type="allocate" free="0" total="807993344" percent="0" />
      <mem type="survivor" free="0" total="131530752" percent="0" />
    </mem>
    <mem type="tenure" free="344955712" total="1882062848" percent="18">
      <mem type="soa" free="232031040" total="1769138176" percent="13" />
      <mem type="loa" free="112924672" total="112924672" percent="100" />
    </mem>
    <remembered-set count="192911" />
  </mem-info>
</gc-start>
<allocation-stats totalBytes="696053664" >
  <allocated-bytes non-tlh="33384784" tlh="662668880" />
  <largest-consumer threadName="Group1.Backend.CompositeBackend{Tier1}.7" threadId="0000000000854300" bytes="104028400" />
</allocation-stats>
<gc-op id="4261" type="scavenge" timems="135.543" contextid="4258" timestamp="2020-09-11T10:28:36.703">
  <scavenger-info tenureage="3" tenuremask="7ff8" tiltratio="86" />
  <memory-copied type="nursery" objects="4179028" bytes="112135032" bytesdiscarded="201264" />
  <memory-copied type="tenure" objects="1050478" bytes="28225680" bytesdiscarded="127016" />
  <ownableSynchronizers candidates="3419" cleared="3157" />
  <references type="soft" candidates="259" cleared="0" enqueued="0" dynamicThreshold="18" maxThreshold="32" />
  <references type="weak" candidates="102" cleared="102" enqueued="0" />
</gc-op>
<gc-end id="4262" type="scavenge" contextid="4258" durationms="137.105" usertimems="975.265" systemtimems="18.824" timestamp="2020-09-11T10:28:36.704" activeThreads="8">
  <mem-info id="4263" free="1013230800" total="2821586944" percent="35">
    <mem type="nursery" free="696624384" total="939524096" percent="74">
      <mem type="allocate" free="696624384" total="809041920" percent="86" />
      <mem type="survivor" free="0" total="130482176" percent="0" />
    </mem>
    <mem type="tenure" free="316606416" total="1882062848" percent="16" macro-fragmented="0">
      <mem type="soa" free="203681744" total="1769138176" percent="11" />
      <mem type="loa" free="112924672" total="112924672" percent="100" />
    </mem>
    <remembered-set count="28431" />
  </mem-info>
</gc-end>
<cycle-end id="4264" type="scavenge" contextid="4258" timestamp="2020-09-11T10:28:36.707" />
<allocation-satisfied id="4265" threadId="0000000000A54300" bytesRequested="16" />
<af-end id="4266" timestamp="2020-09-11T10:28:36.707" threadId="0000000000A54C80" success="true" from="nursery"/>
<exclusive-end id="4267" timestamp="2020-09-11T10:28:36.707" durationms="140.888" />

<exclusive-start id="4268" timestamp="2020-09-11T10:28:38.592" intervalms="2025.929">
  <response-info timems="0.436" idlems="0.436" threads="0" lastid="00000000007F6F00" lastname="Group1.Backend.CompositeBackend{Tier1}.2" />
</exclusive-start>
<af-start id="4269" threadId="00000000007F7880" totalBytesRequested="24" timestamp="2020-09-11T10:28:38.593" intervalms="2025.670" type="nursery" />
<cycle-start id="4270" type="scavenge" contextid="0" timestamp="2020-09-11T10:28:38.593" intervalms="2025.678" />
<gc-start id="4271" type="scavenge" contextid="4270" timestamp="2020-09-11T10:28:38.593">
  <mem-info id="4272" free="316606416" total="2821586944" percent="11">
    <mem type="nursery" free="0" total="939524096" percent="0">
      <mem type="allocate" free="0" total="809041920" percent="0" />
      <mem type="survivor" free="0" total="130482176" percent="0" />
    </mem>
    <mem type="tenure" free="316606416" total="1882062848" percent="16">
      <mem type="soa" free="203681744" total="1769138176" percent="11" />
      <mem type="loa" free="112924672" total="112924672" percent="100" />
    </mem>
    <remembered-set count="190549" />
  </mem-info>
</gc-start>
<allocation-stats totalBytes="696290336" >
  <allocated-bytes non-tlh="34762376" tlh="661527960" />
  <largest-consumer threadName="Group1.Backend.CompositeBackend{Tier1}.7" threadId="0000000000854300" bytes="111693200" />
</allocation-stats>
<gc-op id="4273" type="scavenge" timems="119.928" contextid="4270" timestamp="2020-09-11T10:28:38.713">
  <scavenger-info tenureage="3" tenuremask="7ff8" tiltratio="86" />
  <memory-copied type="nursery" objects="4353700" bytes="115409128" bytesdiscarded="158632" />
  <memory-copied type="tenure" objects="1147968" bytes="30878816" bytesdiscarded="131296" />
  <ownableSynchronizers candidates="4317" cleared="4033" />
  <references type="soft" candidates="255" cleared="0" enqueued="0" dynamicThreshold="18" maxThreshold="32" />
  <references type="weak" candidates="116" cleared="114" enqueued="0" />
</gc-op>
<gc-end id="4274" type="scavenge" contextid="4270" durationms="120.853" usertimems="918.722" systemtimems="11.880" timestamp="2020-09-11T10:28:38.714" activeThreads="8">
  <mem-info id="4275" free="977020432" total="2821586944" percent="34">
    <mem type="nursery" free="691426008" total="939524096" percent="73">
      <mem type="allocate" free="691426008" total="807075840" percent="85" />
      <mem type="survivor" free="0" total="132448256" percent="0" />
    </mem>
    <mem type="tenure" free="285594424" total="1882062848" percent="15" macro-fragmented="0">
      <mem type="soa" free="172669752" total="1769138176" percent="9" />
      <mem type="loa" free="112924672" total="112924672" percent="100" />
    </mem>
    <remembered-set count="28915" />
  </mem-info>
</gc-end>
<cycle-end id="4276" type="scavenge" contextid="4270" timestamp="2020-09-11T10:28:38.716" />
<allocation-satisfied id="4277" threadId="00000000007F6F00" bytesRequested="24" />
<af-end id="4278" timestamp="2020-09-11T10:28:38.716" threadId="00000000007F7880" success="true" from="nursery"/>
<exclusive-end id="4279" timestamp="2020-09-11T10:28:38.716" durationms="123.908" />

<exclusive-start id="4280" timestamp="2020-09-11T10:28:40.770" intervalms="2177.943">
  <response-info timems="3.379" idlems="3.379" threads="0" lastid="0000000000837900" lastname="Group1.Backend.CompositeBackend{Tier1}.8" />
</exclusive-start>
<af-start id="4281" threadId="0000000000838280" totalBytesRequested="16" timestamp="2020-09-11T10:28:40.771" intervalms="2177.960" type="nursery" />
<cycle-start id="4282" type="scavenge" contextid="0" timestamp="2020-09-11T10:28:40.771" intervalms="2177.978" />
<gc-start id="4283" type="scavenge" contextid="4282" timestamp="2020-09-11T10:28:40.771">
  <mem-info id="4284" free="285594424" total="2821586944" percent="10">
    <mem type="nursery" free="0" total="939524096" percent="0">
      <mem type="allocate" free="0" total="807075840" percent="0" />
      <mem type="survivor" free="0" total="132448256" percent="0" />
    </mem>
    <mem type="tenure" free="285594424" total="1882062848" percent="15">
      <mem type="soa" free="172669752" total="1769138176" percent="9" />
      <mem type="loa" free="112924672" total="112924672" percent="100" />
    </mem>
    <remembered-set count="195407" />
  </mem-info>
</gc-start>
<allocation-stats totalBytes="691052096" >
  <allocated-bytes non-tlh="26970800" tlh="664081296" />
  <largest-consumer threadName="Group1.Backend.CompositeBackend{Tier1}.4" threadId="0000000000842600" bytes="96952176" />
</allocation-stats>
<gc-op id="4285" type="scavenge" timems="123.259" contextid="4282" timestamp="2020-09-11T10:28:40.894">
  <scavenger-info tenureage="3" tenuremask="7ff8" tiltratio="85" />
  <memory-copied type="nursery" objects="4485880" bytes="118962928" bytesdiscarded="232872" />
  <memory-copied type="tenure" objects="1097105" bytes="29499544" bytesdiscarded="152344" />
  <ownableSynchronizers candidates="3159" cleared="2888" />
  <references type="soft" candidates="253" cleared="0" enqueued="0" dynamicThreshold="18" maxThreshold="32" />
  <references type="weak" candidates="108" cleared="108" enqueued="0" />
</gc-op>
<gc-end id="4286" type="scavenge" contextid="4282" durationms="124.140" usertimems="970.275" systemtimems="4.914" timestamp="2020-09-11T10:28:40.895" activeThreads="8">
  <mem-info id="4287" free="939865920" total="2821586944" percent="33">
    <mem type="nursery" free="683923000" total="939524096" percent="72">
      <mem type="allocate" free="683923000" total="803209216" percent="85" />
      <mem type="survivor" free="0" total="136314880" percent="0" />
    </mem>
    <mem type="tenure" free="255942920" total="1882062848" percent="13" macro-fragmented="2160235">
      <mem type="soa" free="143018248" total="1769138176" percent="8" />
      <mem type="loa" free="112924672" total="112924672" percent="100" />
    </mem>
    <remembered-set count="29729" />
  </mem-info>
</gc-end>
<cycle-end id="4288" type="scavenge" contextid="4282" timestamp="2020-09-11T10:28:40.896" />
<allocation-satisfied id="4289" threadId="0000000000837900" bytesRequested="16" />
<af-end id="4290" timestamp="2020-09-11T10:28:40.896" threadId="0000000000838280" success="true" from="nursery"/>
<exclusive-end id="4291" timestamp="2020-09-11T10:28:40.896" durationms="126.484" />

<exclusive-start id="4292" timestamp="2020-09-11T10:28:42.733" intervalms="1962.790">
  <response-info timems="0.434" idlems="0.434" threads="0" lastid="00000000007F6F00" lastname="Group1.Backend.CompositeBackend{Tier1}.2" />
</exclusive-start>
<af-start id="4293" threadId="00000000007F7880" totalBytesRequested="32" timestamp="2020-09-11T10:28:42.733" intervalms="1962.726" type="nursery" />
<cycle-start id="4294" type="scavenge" contextid="0" timestamp="2020-09-11T10:28:42.733" intervalms="1962.693" />
<gc-start id="4295" type="scavenge" contextid="4294" timestamp="2020-09-11T10:28:42.734">
  <mem-info id="4296" free="255942920" total="2821586944" percent="9">
    <mem type="nursery" free="0" total="939524096" percent="0">
      <mem type="allocate" free="0" total="803209216" percent="0" />
      <mem type="survivor" free="0" total="136314880" percent="0" />
    </mem>
    <mem type="tenure" free="255942920" total="1882062848" percent="13">
      <mem type="soa" free="143018248" total="1769138176" percent="8" />
      <mem type="loa" free="112924672" total="112924672" percent="100" />
    </mem>
    <remembered-set count="188060" />
  </mem-info>
</gc-start>
<allocation-stats totalBytes="683607448" >
  <allocated-bytes non-tlh="41279136" tlh="642328312" />
  <largest-consumer threadName="Group1.Backend.CompositeBackend{Tier1}.1" threadId="0000000000785E00" bytes="98709856" />
</allocation-stats>
<gc-op id="4297" type="scavenge" timems="114.101" contextid="4294" timestamp="2020-09-11T10:28:42.848">
  <scavenger-info tenureage="3" tenuremask="7ff8" tiltratio="85" />
  <memory-copied type="nursery" objects="4301921" bytes="114447184" bytesdiscarded="148936" />
  <memory-copied type="tenure" objects="1110908" bytes="29877880" bytesdiscarded="144720" />
  <ownableSynchronizers candidates="3855" cleared="3563" />
  <references type="soft" candidates="259" cleared="0" enqueued="0" dynamicThreshold="18" maxThreshold="32" />
  <references type="weak" candidates="118" cleared="118" enqueued="0" />
</gc-op>
<gc-end id="4298" type="scavenge" contextid="4294" durationms="115.226" usertimems="888.931" systemtimems="9.433" timestamp="2020-09-11T10:28:42.849" activeThreads="8">
  <mem-info id="4299" free="915104176" total="2821586944" percent="32">
    <mem type="nursery" free="689186032" total="939524096" percent="73">
      <mem type="allocate" free="689186032" total="803864576" percent="85" />
      <mem type="survivor" free="0" total="135659520" percent="0" />
    </mem>
    <mem type="tenure" free="225918144" total="1882062848" percent="12" macro-fragmented="0">
      <mem type="soa" free="112993472" total="1769138176" percent="6" />
      <mem type="loa" free="112924672" total="112924672" percent="100" />
    </mem>
    <remembered-set count="30931" />
  </mem-info>
</gc-end>
<cycle-end id="4300" type="scavenge" contextid="4294" timestamp="2020-09-11T10:28:42.850" />
<allocation-satisfied id="4301" threadId="00000000007F6F00" bytesRequested="32" />
<af-end id="4302" timestamp="2020-09-11T10:28:42.850" threadId="00000000007F7880" success="true" from="nursery"/>
<exclusive-end id="4303" timestamp="2020-09-11T10:28:42.850" durationms="117.478" />

<exclusive-start id="4304" timestamp="2020-09-11T10:28:44.822" intervalms="2089.762">
  <response-info timems="0.438" idlems="0.438" threads="0" lastid="0000000000837900" lastname="Group1.Backend.CompositeBackend{Tier1}.8" />
</exclusive-start>
<af-start id="4305" threadId="0000000000838280" totalBytesRequested="16" timestamp="2020-09-11T10:28:44.823" intervalms="2089.834" type="nursery" />
<cycle-start id="4306" type="scavenge" contextid="0" timestamp="2020-09-11T10:28:44.823" intervalms="2089.874" />
<gc-start id="4307" type="scavenge" contextid="4306" timestamp="2020-09-11T10:28:44.824">
  <mem-info id="4308" free="225918144" total="2821586944" percent="8">
    <mem type="nursery" free="0" total="939524096" percent="0">
      <mem type="allocate" free="0" total="803864576" percent="0" />
      <mem type="survivor" free="0" total="135659520" percent="0" />
    </mem>
    <mem type="tenure" free="225918144" total="1882062848" percent="12">
      <mem type="soa" free="112993472" total="1769138176" percent="6" />
      <mem type="loa" free="112924672" total="112924672" percent="100" />
    </mem>
    <remembered-set count="193802" />
  </mem-info>
</gc-start>
<allocation-stats totalBytes="688870608" >
  <allocated-bytes non-tlh="33638328" tlh="655232280" />
  <largest-consumer threadName="Group1.Backend.CompositeBackend{Tier1}.6" threadId="0000000000843D00" bytes="90916344" />
</allocation-stats>
<gc-op id="4309" type="scavenge" timems="137.569" contextid="4306" timestamp="2020-09-11T10:28:44.961">
  <scavenger-info tenureage="3" tenuremask="7ff8" tiltratio="85" />
  <memory-copied type="nursery" objects="4365232" bytes="115910720" bytesdiscarded="154944" />
  <memory-copied type="tenure" objects="1090554" bytes="29307576" bytesdiscarded="138376" />
  <ownableSynchronizers candidates="3372" cleared="3087" />
  <references type="soft" candidates="236" cleared="0" enqueued="0" dynamicThreshold="18" maxThreshold="32" />
  <references type="weak" candidates="118" cleared="118" enqueued="0" />
</gc-op>
<gc-end id="4310" type="scavenge" contextid="4306" durationms="138.539" usertimems="1027.901" systemtimems="6.163" timestamp="2020-09-11T10:28:44.962" activeThreads="8">
  <mem-info id="4311" free="884956720" total="2821586944" percent="31">
    <mem type="nursery" free="688496976" total="939524096" percent="73">
      <mem type="allocate" free="688496976" total="804651008" percent="85" />
      <mem type="survivor" free="0" total="134873088" percent="0" />
    </mem>
    <mem type="tenure" free="196459744" total="1882062848" percent="10" macro-fragmented="0">
      <mem type="soa" free="83535072" total="1769138176" percent="4" />
      <mem type="loa" free="112924672" total="112924672" percent="100" />
    </mem>
    <remembered-set count="30412" />
  </mem-info>
</gc-end>
<cycle-end id="4312" type="scavenge" contextid="4306" timestamp="2020-09-11T10:28:44.963" />
<allocation-satisfied id="4313" threadId="0000000000837900" bytesRequested="16" />
<af-end id="4314" timestamp="2020-09-11T10:28:44.963" threadId="0000000000838280" success="true" from="nursery"/>
<exclusive-end id="4315" timestamp="2020-09-11T10:28:44.963" durationms="140.878" />

<exclusive-start id="4316" timestamp="2020-09-11T10:28:46.925" intervalms="2102.343">
  <response-info timems="0.627" idlems="0.627" threads="0" lastid="0000000000785E00" lastname="Group1.Backend.CompositeBackend{Tier1}.1" />
</exclusive-start>
<af-start id="4317" threadId="0000000000786780" totalBytesRequested="48" timestamp="2020-09-11T10:28:46.926" intervalms="2102.709" type="nursery" />
<cycle-start id="4318" type="scavenge" contextid="0" timestamp="2020-09-11T10:28:46.926" intervalms="2102.676" />
<gc-start id="4319" type="scavenge" contextid="4318" timestamp="2020-09-11T10:28:46.926">
  <mem-info id="4320" free="196459744" total="2821586944" percent="6">
    <mem type="nursery" free="0" total="939524096" percent="0">
      <mem type="allocate" free="0" total="804651008" percent="0" />
      <mem type="survivor" free="0" total="134873088" percent="0" />
    </mem>
    <mem type="tenure" free="196459744" total="1882062848" percent="10">
      <mem type="soa" free="83535072" total="1769138176" percent="4" />
      <mem type="loa" free="112924672" total="112924672" percent="100" />
    </mem>
    <remembered-set count="192678" />
  </mem-info>
</gc-start>
<allocation-stats totalBytes="688149160" >
  <allocated-bytes non-tlh="32804096" tlh="655345064" />
  <largest-consumer threadName="Group1.Backend.CompositeBackend{Tier1}.2" threadId="00000000007F6F00" bytes="85808968" />
</allocation-stats>
<gc-op id="4321" type="scavenge" timems="119.643" contextid="4318" timestamp="2020-09-11T10:28:47.046">
  <scavenger-info tenureage="3" tenuremask="7ff8" tiltratio="85" />
  <memory-copied type="nursery" objects="4144192" bytes="110368568" bytesdiscarded="230208" />
  <memory-copied type="tenure" objects="1137726" bytes="30594928" bytesdiscarded="66632" />
  <ownableSynchronizers candidates="2946" cleared="2689" />
  <references type="soft" candidates="243" cleared="0" enqueued="0" dynamicThreshold="18" maxThreshold="32" />
  <references type="weak" candidates="116" cleared="116" enqueued="0" />
</gc-op>
<gc-end id="4322" type="scavenge" contextid="4318" durationms="120.751" usertimems="896.163" systemtimems="10.752" timestamp="2020-09-11T10:28:47.047" activeThreads="8">
  <mem-info id="4323" free="860665432" total="2821586944" percent="30">
    <mem type="nursery" free="695013368" total="939524096" percent="73">
      <mem type="allocate" free="695013368" total="805699584" percent="86" />
      <mem type="survivor" free="0" total="133824512" percent="0" />
    </mem>
    <mem type="tenure" free="165652064" total="1882062848" percent="8" macro-fragmented="0">
      <mem type="soa" free="52727392" total="1769138176" percent="2" />
      <mem type="loa" free="112924672" total="112924672" percent="100" />
    </mem>
    <remembered-set count="29941" />
  </mem-info>
</gc-end>
<cycle-end id="4324" type="scavenge" contextid="4318" timestamp="2020-09-11T10:28:47.048" />
<allocation-satisfied id="4325" threadId="0000000000785E00" bytesRequested="48" />
<af-end id="4326" timestamp="2020-09-11T10:28:47.048" threadId="0000000000786780" success="true" from="nursery"/>
<exclusive-end id="4327" timestamp="2020-09-11T10:28:47.048" durationms="123.574" />

<exclusive-start id="4328" timestamp="2020-09-11T10:28:49.054" intervalms="2129.220">
  <response-info timems="12.382" idlems="12.382" threads="0" lastid="0000000000785E00" lastname="Group1.Backend.CompositeBackend{Tier1}.1" />
</exclusive-start>
<af-start id="4329" threadId="0000000000786780" totalBytesRequested="1032" timestamp="2020-09-11T10:28:49.055" intervalms="2128.789" type="nursery" />
<cycle-start id="4330" type="scavenge" contextid="0" timestamp="2020-09-11T10:28:49.055" intervalms="2128.819" />
<gc-start id="4331" type="scavenge" contextid="4330" timestamp="2020-09-11T10:28:49.055">
  <mem-info id="4332" free="165652064" total="2821586944" percent="5">
    <mem type="nursery" free="0" total="939524096" percent="0">
      <mem type="allocate" free="0" total="805699584" percent="0" />
      <mem type="survivor" free="0" total="133824512" percent="0" />
    </mem>
    <mem type="tenure" free="165652064" total="1882062848" percent="8">
      <mem type="soa" free="52727392" total="1769138176" percent="2" />
      <mem type="loa" free="112924672" total="112924672" percent="100" />
    </mem>
    <remembered-set count="193879" />
  </mem-info>
</gc-start>
<allocation-stats totalBytes="694676496" >
  <allocated-bytes non-tlh="31856920" tlh="662819576" />
  <largest-consumer threadName="Group1.Backend.CompositeBackend{Tier1}.1" threadId="0000000000785E00" bytes="94311944" />
</allocation-stats>
<gc-op id="4333" type="scavenge" timems="108.129" contextid="4330" timestamp="2020-09-11T10:28:49.163">
  <scavenger-info tenureage="3" tenuremask="7ff8" tiltratio="85" />
  <memory-copied type="nursery" objects="4480825" bytes="119013384" bytesdiscarded="168808" />
  <memory-copied type="tenure" objects="1035015" bytes="27789592" bytesdiscarded="29928" />
  <ownableSynchronizers candidates="4044" cleared="3765" />
  <references type="soft" candidates="250" cleared="0" enqueued="0" dynamicThreshold="18" maxThreshold="32" />
  <references type="weak" candidates="93" cleared="93" enqueued="0" />
</gc-op>
<gc-end id="4334" type="scavenge" contextid="4330" durationms="109.487" usertimems="844.733" systemtimems="0.000" timestamp="2020-09-11T10:28:49.164" activeThreads="8">
  <mem-info id="4335" free="816891848" total="2821586944" percent="28">
    <mem type="nursery" free="679093240" total="939524096" percent="72">
      <mem type="allocate" free="679093240" total="798359552" percent="85" />
      <mem type="survivor" free="0" total="141164544" percent="0" />
    </mem>
    <mem type="tenure" free="137798608" total="1882062848" percent="7" macro-fragmented="0">
      <mem type="soa" free="24873936" total="1769138176" percent="1" />
      <mem type="loa" free="112924672" total="112924672" percent="100" />
    </mem>
    <remembered-set count="28983" />
  </mem-info>
</gc-end>
<cycle-end id="4336" type="scavenge" contextid="4330" timestamp="2020-09-11T10:28:49.166" />
<allocation-satisfied id="4337" threadId="0000000000785E00" bytesRequested="1032" />
<af-end id="4338" timestamp="2020-09-11T10:28:49.166" threadId="0000000000786780" success="true" from="nursery"/>
<exclusive-end id="4339" timestamp="2020-09-11T10:28:49.167" durationms="112.783" />

<exclusive-start id="4340" timestamp="2020-09-11T10:28:51.151" intervalms="2097.586">
  <response-info timems="3.991" idlems="3.991" threads="0" lastid="00000000007F6F00" lastname="Group1.Backend.CompositeBackend{Tier1}.2" />
</exclusive-start>
<af-start id="4341" threadId="00000000007F7880" totalBytesRequested="16" timestamp="2020-09-11T10:28:51.152" intervalms="2097.525" type="nursery" />
<percolate-collect id="4342" from="nursery" to="global" reason="prevent tenure expand" timestamp="2020-09-11T10:28:51.152"/>
<cycle-start id="4343" type="global" contextid="0" timestamp="2020-09-11T10:28:51.152" intervalms="66088.103" />
<gc-start id="4344" type="global" contextid="4343" timestamp="2020-09-11T10:28:51.153">
  <mem-info id="4345" free="137798608" total="2821586944" percent="4">
    <mem type="nursery" free="0" total="939524096" percent="0">
      <mem type="allocate" free="0" total="798359552" percent="0" />
      <mem type="survivor" free="0" total="141164544" percent="0" />
    </mem>
    <mem type="tenure" free="137798608" total="1882062848" percent="7">
      <mem type="soa" free="24873936" total="1769138176" percent="1" />
      <mem type="loa" free="112924672" total="112924672" percent="100" />
    </mem>
    <remembered-set count="192893" />
  </mem-info>
</gc-start>
<allocation-stats totalBytes="678766256" >
  <allocated-bytes non-tlh="27075912" tlh="651690344" />
  <largest-consumer threadName="Group1.Backend.CompositeBackend{Tier1}.4" threadId="0000000000842600" bytes="94246360" />
</allocation-stats>
<heap-resize id="4346" type="loa contract" space="tenure" amount="18821120" count="1" timems="0.000" reason="contract underutilized loa" timestamp="2020-09-11T10:28:51.153" />
<gc-op id="4347" type="mark" timems="583.889" contextid="4343" timestamp="2020-09-11T10:28:51.737">
  <trace-info objectcount="30752577" scancount="29772943" scanbytes="815735436" />
  <finalization candidates="148" enqueued="0" />
  <ownableSynchronizers candidates="591873" cleared="5677" />
  <references type="soft" candidates="714278" cleared="0" enqueued="0" dynamicThreshold="18" maxThreshold="32" />
  <references type="weak" candidates="4395" cleared="103" enqueued="0" />
  <references type="phantom" candidates="108" cleared="0" enqueued="0" />
  <stringconstants candidates="11118" cleared="1"  />
</gc-op>
<gc-op id="4348" type="sweep" timems="12.156" contextid="4343" timestamp="2020-09-11T10:28:51.749" />
<gc-end id="4349" type="global" contextid="4343" durationms="597.150" usertimems="4447.690" systemtimems="0.000" timestamp="2020-09-11T10:28:51.750" activeThreads="8">
  <mem-info id="4350" free="1667520384" total="2821586944" percent="59">
    <mem type="nursery" free="610069848" total="939524096" percent="64">
      <mem type="allocate" free="610069848" total="798359552" percent="76" />
      <mem type="survivor" free="0" total="141164544" percent="0" />
    </mem>
    <mem type="tenure" free="1057450536" total="1882062848" percent="56" micro-fragmented="73212063" macro-fragmented="2160235">
      <mem type="soa" free="963346984" total="1787959296" percent="53" />
      <mem type="loa" free="94103552" total="94103552" percent="100" />
    </mem>
    <remembered-set count="187158" />
  </mem-info>
</gc-end>
<cycle-end id="4351" type="global" contextid="4343" timestamp="2020-09-11T10:28:51.754" />
<allocation-satisfied id="4352" threadId="00000000007F6F00" bytesRequested="16" />
<af-end id="4353" timestamp="2020-09-11T10:28:51.754" threadId="00000000007F7880" success="true" from="nursery"/>
<exclusive-end id="4354" timestamp="2020-09-11T10:28:51.754" durationms="602.648" />

<exclusive-start id="4355" timestamp="2020-09-11T10:28:52.987" intervalms="1835.166">
  <response-info timems="6.893" idlems="6.893" threads="0" lastid="0000000000854300" lastname="Group1.Backend.CompositeBackend{Tier1}.7" />
</exclusive-start>
<af-start id="4356" threadId="0000000000854C80" totalBytesRequested="24" timestamp="2020-09-11T10:28:52.987" intervalms="1835.159" type="nursery" />
<cycle-start id="4357" type="scavenge" contextid="0" timestamp="2020-09-11T10:28:52.987" intervalms="3932.641" />
<gc-start id="4358" type="scavenge" contextid="4357" timestamp="2020-09-11T10:28:52.988">
  <mem-info id="4359" free="1057450488" total="2821586944" percent="37">
    <mem type="nursery" free="0" total="939524096" percent="0">
      <mem type="allocate" free="0" total="798359552" percent="0" />
      <mem type="survivor" free="0" total="141164544" percent="0" />
    </mem>
    <mem type="tenure" free="1057450488" total="1882062848" percent="56">
      <mem type="soa" free="963346936" total="1787959296" percent="53" />
      <mem type="loa" free="94103552" total="94103552" percent="100" />
    </mem>
    <remembered-set count="239795" />
  </mem-info>
</gc-start>
<allocation-stats totalBytes="607923896" >
  <allocated-bytes non-tlh="36542328" tlh="571381568" />
  <largest-consumer threadName="Group1.Backend.CompositeBackend{Tier1}.8" threadId="0000000000837900" bytes="97471480" />
</allocation-stats>
<gc-op id="4360" type="scavenge" timems="138.354" contextid="4357" timestamp="2020-09-11T10:28:53.126">
  <scavenger-info tenureage="3" tenuremask="7ff8" tiltratio="84" />
  <memory-copied type="nursery" objects="4997807" bytes="134239216" bytesdiscarded="271392" />
  <memory-copied type="tenure" objects="1014756" bytes="27296496" bytesdiscarded="47264" />
  <finalization candidates="2" enqueued="0" />
  <ownableSynchronizers candidates="1175327" cleared="1174966" />
  <references type="soft" candidates="352" cleared="0" enqueued="0" dynamicThreshold="17" maxThreshold="32" />
  <references type="weak" candidates="120" cleared="118" enqueued="0" />
</gc-op>
<gc-end id="4361" type="scavenge" contextid="4357" durationms="139.701" usertimems="1011.983" systemtimems="5.195" timestamp="2020-09-11T10:28:53.127" activeThreads="8">
  <mem-info id="4362" free="1672662176" total="2821586944" percent="59">
    <mem type="nursery" free="642669784" total="939524096" percent="68">
      <mem type="allocate" free="642669784" total="777322496" percent="82" />
      <mem type="survivor" free="0" total="162201600" percent="0" />
    </mem>
    <mem type="tenure" free="1029992392" total="1882062848" percent="54" macro-fragmented="3732887">
      <mem type="soa" free="935888840" total="1787959296" percent="52" />
      <mem type="loa" free="94103552" total="94103552" percent="100" />
    </mem>
    <remembered-set count="35722" />
  </mem-info>
</gc-end>
<cycle-end id="4363" type="scavenge" contextid="4357" timestamp="2020-09-11T10:28:53.129" />
<allocation-satisfied id="4364" threadId="0000000000854300" bytesRequested="24" />
<af-end id="4365" timestamp="2020-09-11T10:28:53.129" threadId="0000000000854C80" success="true" from="nursery"/>
<exclusive-end id="4366" timestamp="2020-09-11T10:28:53.129" durationms="142.221" />

<exclusive-start id="4367" timestamp="2020-09-11T10:28:54.905" intervalms="1918.878">
  <response-info timems="0.519" idlems="0.519" threads="0" lastid="0000000000856800" lastname="Group1.Backend.CompositeBackend{Tier1}.3" />
</exclusive-start>
<af-start id="4368" threadId="0000000000857180" totalBytesRequested="120" timestamp="2020-09-11T10:28:54.906" intervalms="1918.885" type="nursery" />
<cycle-start id="4369" type="scavenge" contextid="0" timestamp="2020-09-11T10:28:54.906" intervalms="1918.901" />
<gc-start id="4370" type="scavenge" contextid="4369" timestamp="2020-09-11T10:28:54.907">
  <mem-info id="4371" free="1029992392" total="2821586944" percent="36">
    <mem type="nursery" free="0" total="939524096" percent="0">
      <mem type="allocate" free="0" total="777322496" percent="0" />
      <mem type="survivor" free="0" total="162201600" percent="0" />
    </mem>
    <mem type="tenure" free="1029992392" total="1882062848" percent="54">
      <mem type="soa" free="935888840" total="1787959296" percent="52" />
      <mem type="loa" free="94103552" total="94103552" percent="100" />
    </mem>
    <remembered-set count="193552" />
  </mem-info>
</gc-start>
<allocation-stats totalBytes="642365776" >
  <allocated-bytes non-tlh="30520224" tlh="611845552" />
  <largest-consumer threadName="Group1.Backend.CompositeBackend{Tier1}.8" threadId="0000000000837900" bytes="115911672" />
</allocation-stats>
<gc-op id="4372" type="scavenge" timems="122.584" contextid="4369" timestamp="2020-09-11T10:28:55.029">
  <scavenger-info tenureage="3" tenuremask="7ff8" tiltratio="82" />
  <memory-copied type="nursery" objects="5273700" bytes="140578136" bytesdiscarded="235448" />
  <memory-copied type="tenure" objects="1009958" bytes="27156176" bytesdiscarded="70120" />
  <finalization candidates="2" enqueued="0" />
  <ownableSynchronizers candidates="3818" cleared="3433" />
  <references type="soft" candidates="362" cleared="0" enqueued="0" dynamicThreshold="17" maxThreshold="32" />
  <references type="weak" candidates="105" cleared="104" enqueued="0" />
</gc-op>
<gc-end id="4373" type="scavenge" contextid="4369" durationms="123.539" usertimems="906.340" systemtimems="0.000" timestamp="2020-09-11T10:28:55.030" activeThreads="8">
  <mem-info id="4374" free="1637367424" total="2821586944" percent="58">
    <mem type="nursery" free="634520448" total="939524096" percent="67">
      <mem type="allocate" free="634520448" total="775421952" percent="81" />
      <mem type="survivor" free="0" total="164102144" percent="0" />
    </mem>
    <mem type="tenure" free="1002846976" total="1882062848" percent="53" macro-fragmented="0">
      <mem type="soa" free="908743424" total="1787959296" percent="50" />
      <mem type="loa" free="94103552" total="94103552" percent="100" />
    </mem>
    <remembered-set count="35623" />
  </mem-info>
</gc-end>
<cycle-end id="4375" type="scavenge" contextid="4369" timestamp="2020-09-11T10:28:55.032" />
<allocation-satisfied id="4376" threadId="0000000000856800" bytesRequested="120" />
<af-end id="4377" timestamp="2020-09-11T10:28:55.032" threadId="0000000000857180" success="true" from="nursery"/>
<exclusive-end id="4378" timestamp="2020-09-11T10:28:55.032" durationms="126.147" />

<exclusive-start id="4379" timestamp="2020-09-11T10:28:56.891" intervalms="1985.090">
  <response-info timems="0.494" idlems="0.252" threads="1" lastid="00000000007F6F00" lastname="Group1.Backend.CompositeBackend{Tier1}.2" />
</exclusive-start>
<af-start id="4380" threadId="0000000000786780" totalBytesRequested="1032" timestamp="2020-09-11T10:28:56.891" intervalms="1985.351" type="nursery" />
<cycle-start id="4381" type="scavenge" contextid="0" timestamp="2020-09-11T10:28:56.892" intervalms="1985.389" />
<gc-start id="4382" type="scavenge" contextid="4381" timestamp="2020-09-11T10:28:56.892">
  <mem-info id="4383" free="1002846976" total="2821586944" percent="35">
    <mem type="nursery" free="0" total="939524096" percent="0">
      <mem type="allocate" free="0" total="775421952" percent="0" />
      <mem type="survivor" free="0" total="164102144" percent="0" />
    </mem>
    <mem type="tenure" free="1002846976" total="1882062848" percent="53">
      <mem type="soa" free="908743424" total="1787959296" percent="50" />
      <mem type="loa" free="94103552" total="94103552" percent="100" />
    </mem>
    <remembered-set count="194570" />
  </mem-info>
</gc-start>
<allocation-stats totalBytes="634219232" >
  <allocated-bytes non-tlh="26476592" tlh="607742640" />
  <largest-consumer threadName="Group1.Backend.CompositeBackend{Tier1}.8" threadId="0000000000837900" bytes="89069648" />
</allocation-stats>
<gc-op id="4384" type="scavenge" timems="111.465" contextid="4381" timestamp="2020-09-11T10:28:57.004">
  <scavenger-info tenureage="3" tenuremask="7ff8" tiltratio="82" />
  <memory-copied type="nursery" objects="5002448" bytes="134110800" bytesdiscarded="244136" />
  <memory-copied type="tenure" objects="1019201" bytes="27392944" bytesdiscarded="75016" />
  <finalization candidates="2" enqueued="0" />
  <ownableSynchronizers candidates="3895" cleared="3494" />
  <references type="soft" candidates="361" cleared="0" enqueued="0" dynamicThreshold="17" maxThreshold="32" />
  <references type="weak" candidates="99" cleared="98" enqueued="0" />
</gc-op>
<gc-end id="4385" type="scavenge" contextid="4381" durationms="112.704" usertimems="794.344" systemtimems="16.362" timestamp="2020-09-11T10:28:57.005" activeThreads="8">
  <mem-info id="4386" free="1617570360" total="2821586944" percent="57">
    <mem type="nursery" free="642291704" total="939524096" percent="68">
      <mem type="allocate" free="642291704" total="776732672" percent="82" />
      <mem type="survivor" free="0" total="162791424" percent="0" />
    </mem>
    <mem type="tenure" free="975278656" total="1882062848" percent="51" macro-fragmented="0">
      <mem type="soa" free="881175104" total="1787959296" percent="49" />
      <mem type="loa" free="94103552" total="94103552" percent="100" />
    </mem>
    <remembered-set count="35372" />
  </mem-info>
</gc-end>
<cycle-end id="4387" type="scavenge" contextid="4381" timestamp="2020-09-11T10:28:57.006" />
<allocation-satisfied id="4388" threadId="0000000000785E00" bytesRequested="1032" />
<af-end id="4389" timestamp="2020-09-11T10:28:57.006" threadId="0000000000786780" success="true" from="nursery"/>
<exclusive-end id="4390" timestamp="2020-09-11T10:28:57.006" durationms="115.545" />

<exclusive-start id="4391" timestamp="2020-09-11T10:28:58.859" intervalms="1968.861">
  <response-info timems="4.073" idlems="4.073" threads="0" lastid="0000000000842600" lastname="Group1.Backend.CompositeBackend{Tier1}.4" />
</exclusive-start>
<af-start id="4392" threadId="0000000000842F80" totalBytesRequested="16" timestamp="2020-09-11T10:28:58.860" intervalms="1968.595" type="nursery" />
<cycle-start id="4393" type="scavenge" contextid="0" timestamp="2020-09-11T10:28:58.860" intervalms="1968.544" />
<gc-start id="4394" type="scavenge" contextid="4393" timestamp="2020-09-11T10:28:58.861">
  <mem-info id="4395" free="975278656" total="2821586944" percent="34">
    <mem type="nursery" free="0" total="939524096" percent="0">
      <mem type="allocate" free="0" total="776732672" percent="0" />
      <mem type="survivor" free="0" total="162791424" percent="0" />
    </mem>
    <mem type="tenure" free="975278656" total="1882062848" percent="51">
      <mem type="soa" free="881175104" total="1787959296" percent="49" />
      <mem type="loa" free="94103552" total="94103552" percent="100" />
    </mem>
    <remembered-set count="192497" />
  </mem-info>
</gc-start>
<allocation-stats totalBytes="641983392" >
  <allocated-bytes non-tlh="29479848" tlh="612503544" />
  <largest-consumer threadName="Group1.Backend.CompositeBackend{Tier1}.7" threadId="0000000000854300" bytes="106964336" />
</allocation-stats>
<gc-op id="4396" type="scavenge" timems="128.163" contextid="4393" timestamp="2020-09-11T10:28:58.989">
  <scavenger-info tenureage="3" tenuremask="7ff8" tiltratio="82" />
  <memory-copied type="nursery" objects="4109418" bytes="109202792" bytesdiscarded="295544" />
  <memory-copied type="tenure" objects="2000035" bytes="53803112" bytesdiscarded="100784" />
  <finalization candidates="2" enqueued="0" />
  <ownableSynchronizers candidates="4363" cleared="3963" />
  <references type="soft" candidates="256" cleared="0" enqueued="0" dynamicThreshold="17" maxThreshold="32" />
  <references type="weak" candidates="113" cleared="113" enqueued="0" />
</gc-op>
<gc-end id="4397" type="scavenge" contextid="4393" durationms="129.430" usertimems="928.298" systemtimems="1.714" timestamp="2020-09-11T10:28:58.990" activeThreads="8">
  <mem-info id="4398" free="1591080192" total="2821586944" percent="56">
    <mem type="nursery" free="669642456" total="939524096" percent="71">
      <mem type="allocate" free="669642456" total="779223040" percent="85" />
      <mem type="survivor" free="0" total="160301056" percent="0" />
    </mem>
    <mem type="tenure" free="921437736" total="1882062848" percent="48" macro-fragmented="0">
      <mem type="soa" free="827334184" total="1787959296" percent="46" />
      <mem type="loa" free="94103552" total="94103552" percent="100" />
    </mem>
    <remembered-set count="28939" />
  </mem-info>
</gc-end>
<cycle-end id="4399" type="scavenge" contextid="4393" timestamp="2020-09-11T10:28:58.992" />
<allocation-satisfied id="4400" threadId="0000000000842600" bytesRequested="16" />
<af-end id="4401" timestamp="2020-09-11T10:28:58.992" threadId="0000000000842F80" success="true" from="nursery"/>
<exclusive-end id="4402" timestamp="2020-09-11T10:28:58.992" durationms="133.015" />

<exclusive-start id="4403" timestamp="2020-09-11T10:29:00.897" intervalms="2037.196">
  <response-info timems="0.857" idlems="0.691" threads="1" lastid="00000000007F6F00" lastname="Group1.Backend.CompositeBackend{Tier1}.2" />
</exclusive-start>
<af-start id="4404" threadId="0000000000857180" totalBytesRequested="520" timestamp="2020-09-11T10:29:00.897" intervalms="2037.312" type="nursery" />
<cycle-start id="4405" type="scavenge" contextid="0" timestamp="2020-09-11T10:29:00.898" intervalms="2037.346" />
<gc-start id="4406" type="scavenge" contextid="4405" timestamp="2020-09-11T10:29:00.898">
  <mem-info id="4407" free="921437736" total="2821586944" percent="32">
    <mem type="nursery" free="0" total="939524096" percent="0">
      <mem type="allocate" free="0" total="779223040" percent="0" />
      <mem type="survivor" free="0" total="160301056" percent="0" />
    </mem>
    <mem type="tenure" free="921437736" total="1882062848" percent="48">
      <mem type="soa" free="827334184" total="1787959296" percent="46" />
      <mem type="loa" free="94103552" total="94103552" percent="100" />
    </mem>
    <remembered-set count="189808" />
  </mem-info>
</gc-start>
<allocation-stats totalBytes="669331416" >
  <allocated-bytes non-tlh="30644824" tlh="638686592" />
  <largest-consumer threadName="Group1.Backend.CompositeBackend{Tier1}.7" threadId="0000000000854300" bytes="118026136" />
</allocation-stats>
<gc-op id="4408" type="scavenge" timems="104.974" contextid="4405" timestamp="2020-09-11T10:29:01.004">
  <scavenger-info tenureage="3" tenuremask="7ff8" tiltratio="82" />
  <memory-copied type="nursery" objects="4023613" bytes="107676520" bytesdiscarded="135904" />
  <memory-copied type="tenure" objects="1042715" bytes="28026112" bytesdiscarded="92176" />
  <ownableSynchronizers candidates="3807" cleared="3493" />
  <references type="soft" candidates="242" cleared="0" enqueued="0" dynamicThreshold="17" maxThreshold="32" />
  <references type="weak" candidates="107" cleared="107" enqueued="0" />
</gc-op>
<gc-end id="4409" type="scavenge" contextid="4405" durationms="106.179" usertimems="754.720" systemtimems="0.000" timestamp="2020-09-11T10:29:01.004" activeThreads="8">
  <mem-info id="4410" free="1572110616" total="2821586944" percent="55">
    <mem type="nursery" free="678923768" total="939524096" percent="72">
      <mem type="allocate" free="678923768" total="786825216" percent="86" />
      <mem type="survivor" free="0" total="152698880" percent="0" />
    </mem>
    <mem type="tenure" free="893186848" total="1882062848" percent="47" macro-fragmented="0">
      <mem type="soa" free="799083296" total="1787959296" percent="44" />
      <mem type="loa" free="94103552" total="94103552" percent="100" />
    </mem>
    <remembered-set count="28697" />
  </mem-info>
</gc-end>
<cycle-end id="4411" type="scavenge" contextid="4405" timestamp="2020-09-11T10:29:01.006" />
<allocation-satisfied id="4412" threadId="0000000000856800" bytesRequested="520" />
<af-end id="4413" timestamp="2020-09-11T10:29:01.006" threadId="0000000000857180" success="true" from="nursery"/>
<exclusive-end id="4414" timestamp="2020-09-11T10:29:01.006" durationms="109.096" />

<exclusive-start id="4415" timestamp="2020-09-11T10:29:02.905" intervalms="2008.441">
  <response-info timems="2.842" idlems="2.842" threads="0" lastid="0000000000843D00" lastname="Group1.Backend.CompositeBackend{Tier1}.6" />
</exclusive-start>
<af-start id="4416" threadId="0000000000844680" totalBytesRequested="32" timestamp="2020-09-11T10:29:02.906" intervalms="2008.320" type="nursery" />
<cycle-start id="4417" type="scavenge" contextid="0" timestamp="2020-09-11T10:29:02.906" intervalms="2008.287" />
<gc-start id="4418" type="scavenge" contextid="4417" timestamp="2020-09-11T10:29:02.906">
  <mem-info id="4419" free="893186848" total="2821586944" percent="31">
    <mem type="nursery" free="0" total="939524096" percent="0">
      <mem type="allocate" free="0" total="786825216" percent="0" />
      <mem type="survivor" free="0" total="152698880" percent="0" />
    </mem>
    <mem type="tenure" free="893186848" total="1882062848" percent="47">
      <mem type="soa" free="799083296" total="1787959296" percent="44" />
      <mem type="loa" free="94103552" total="94103552" percent="100" />
    </mem>
    <remembered-set count="189441" />
  </mem-info>
</gc-start>
<allocation-stats totalBytes="678596056" >
  <allocated-bytes non-tlh="34528344" tlh="644067712" />
  <largest-consumer threadName="Group1.Backend.CompositeBackend{Tier1}.1" threadId="0000000000785E00" bytes="88844328" />
</allocation-stats>
<gc-op id="4420" type="scavenge" timems="110.022" contextid="4417" timestamp="2020-09-11T10:29:03.016">
  <scavenger-info tenureage="3" tenuremask="7ff8" tiltratio="83" />
  <memory-copied type="nursery" objects="4227809" bytes="112964664" bytesdiscarded="204192" />
  <memory-copied type="tenure" objects="1038688" bytes="27917584" bytesdiscarded="95904" />
  <ownableSynchronizers candidates="3661" cleared="3359" />
  <references type="soft" candidates="232" cleared="0" enqueued="0" dynamicThreshold="17" maxThreshold="32" />
  <references type="weak" candidates="112" cleared="112" enqueued="0" />
</gc-op>
<gc-end id="4421" type="scavenge" contextid="4417" durationms="110.965" usertimems="847.784" systemtimems="2.794" timestamp="2020-09-11T10:29:03.017" activeThreads="8">
  <mem-info id="4422" free="1542813288" total="2821586944" percent="54">
    <mem type="nursery" free="677629048" total="939524096" percent="72">
      <mem type="allocate" free="677629048" total="790888448" percent="85" />
      <mem type="survivor" free="0" total="148635648" percent="0" />
    </mem>
    <mem type="tenure" free="865184240" total="1882062848" percent="45" macro-fragmented="0">
      <mem type="soa" free="771080688" total="1787959296" percent="43" />
      <mem type="loa" free="94103552" total="94103552" percent="100" />
    </mem>
    <remembered-set count="28212" />
  </mem-info>
</gc-end>
<cycle-end id="4423" type="scavenge" contextid="4417" timestamp="2020-09-11T10:29:03.018" />
<allocation-satisfied id="4424" threadId="0000000000843D00" bytesRequested="32" />
<af-end id="4425" timestamp="2020-09-11T10:29:03.018" threadId="0000000000844680" success="true" from="nursery"/>
<exclusive-end id="4426" timestamp="2020-09-11T10:29:03.018" durationms="113.255" />

<exclusive-start id="4427" timestamp="2020-09-11T10:29:05.018" intervalms="2112.556">
  <response-info timems="0.779" idlems="0.579" threads="1" lastid="00000000007F6F00" lastname="Group1.Backend.CompositeBackend{Tier1}.2" />
</exclusive-start>
<af-start id="4428" threadId="0000000000843A80" totalBytesRequested="24" timestamp="2020-09-11T10:29:05.019" intervalms="2112.934" type="nursery" />
<cycle-start id="4429" type="scavenge" contextid="0" timestamp="2020-09-11T10:29:05.019" intervalms="2112.961" />
<gc-start id="4430" type="scavenge" contextid="4429" timestamp="2020-09-11T10:29:05.019">
  <mem-info id="4431" free="865184240" total="2821586944" percent="30">
    <mem type="nursery" free="0" total="939524096" percent="0">
      <mem type="allocate" free="0" total="790888448" percent="0" />
      <mem type="survivor" free="0" total="148635648" percent="0" />
    </mem>
    <mem type="tenure" free="865184240" total="1882062848" percent="45">
      <mem type="soa" free="771080688" total="1787959296" percent="43" />
      <mem type="loa" free="94103552" total="94103552" percent="100" />
    </mem>
    <remembered-set count="191505" />
  </mem-info>
</gc-start>
<allocation-stats totalBytes="677271688" >
  <allocated-bytes non-tlh="28009608" tlh="649262080" />
  <largest-consumer threadName="Group1.Backend.CompositeBackend{Tier1}.7" threadId="0000000000854300" bytes="119716856" />
</allocation-stats>
<gc-op id="4432" type="scavenge" timems="112.252" contextid="4429" timestamp="2020-09-11T10:29:05.132">
  <scavenger-info tenureage="3" tenuremask="7ff8" tiltratio="84" />
  <memory-copied type="nursery" objects="3989755" bytes="107101504" bytesdiscarded="179080" />
  <memory-copied type="tenure" objects="1026389" bytes="27595960" bytesdiscarded="88776" />
  <ownableSynchronizers candidates="4893" cleared="4571" />
  <references type="soft" candidates="254" cleared="0" enqueued="0" dynamicThreshold="17" maxThreshold="32" />
  <references type="weak" candidates="106" cleared="106" enqueued="0" />
</gc-op>
<gc-end id="4433" type="scavenge" contextid="4429" durationms="114.134" usertimems="821.817" systemtimems="7.630" timestamp="2020-09-11T10:29:05.133" activeThreads="8">
  <mem-info id="4434" free="1525421792" total="2821586944" percent="54">
    <mem type="nursery" free="687917568" total="939524096" percent="73">
      <mem type="allocate" free="687917568" total="795279360" percent="86" />
      <mem type="survivor" free="0" total="144244736" percent="0" />
    </mem>
    <mem type="tenure" free="837504224" total="1882062848" percent="44" macro-fragmented="0">
      <mem type="soa" free="743400672" total="1787959296" percent="41" />
      <mem type="loa" free="94103552" total="94103552" percent="100" />
    </mem>
    <remembered-set count="30229" />
  </mem-info>
</gc-end>
<cycle-end id="4435" type="scavenge" contextid="4429" timestamp="2020-09-11T10:29:05.146" />
<allocation-satisfied id="4436" threadId="0000000000843100" bytesRequested="24" />
<af-end id="4437" timestamp="2020-09-11T10:29:05.146" threadId="0000000000843A80" success="true" from="nursery"/>
<exclusive-end id="4438" timestamp="2020-09-11T10:29:05.146" durationms="128.564" />

<exclusive-start id="4439" timestamp="2020-09-11T10:29:07.050" intervalms="2031.991">
  <response-info timems="0.483" idlems="0.483" threads="0" lastid="0000000000842600" lastname="Group1.Backend.CompositeBackend{Tier1}.4" />
</exclusive-start>
<af-start id="4440" threadId="0000000000842F80" totalBytesRequested="120" timestamp="2020-09-11T10:29:07.050" intervalms="2031.618" type="nursery" />
<cycle-start id="4441" type="scavenge" contextid="0" timestamp="2020-09-11T10:29:07.051" intervalms="2031.684" />
<gc-start id="4442" type="scavenge" contextid="4441" timestamp="2020-09-11T10:29:07.051">
  <mem-info id="4443" free="837504224" total="2821586944" percent="29">
    <mem type="nursery" free="0" total="939524096" percent="0">
      <mem type="allocate" free="0" total="795279360" percent="0" />
      <mem type="survivor" free="0" total="144244736" percent="0" />
    </mem>
    <mem type="tenure" free="837504224" total="1882062848" percent="44">
      <mem type="soa" free="743400672" total="1787959296" percent="41" />
      <mem type="loa" free="94103552" total="94103552" percent="100" />
    </mem>
    <remembered-set count="189456" />
  </mem-info>
</gc-start>
<allocation-stats totalBytes="687588848" >
  <allocated-bytes non-tlh="36472728" tlh="651116120" />
  <largest-consumer threadName="Group1.Backend.CompositeBackend{Tier1}.7" threadId="0000000000854300" bytes="110964128" />
</allocation-stats>
<gc-op id="4444" type="scavenge" timems="116.789" contextid="4441" timestamp="2020-09-11T10:29:07.168">
  <scavenger-info tenureage="3" tenuremask="7ff8" tiltratio="84" />
  <memory-copied type="nursery" objects="4334113" bytes="114509656" bytesdiscarded="221360" />
  <memory-copied type="tenure" objects="1065617" bytes="28650912" bytesdiscarded="98488" />
  <ownableSynchronizers candidates="4415" cleared="4095" />
  <references type="soft" candidates="247" cleared="0" enqueued="0" dynamicThreshold="17" maxThreshold="32" />
  <references type="weak" candidates="123" cleared="123" enqueued="0" />
</gc-op>
<gc-end id="4445" type="scavenge" contextid="4441" durationms="117.832" usertimems="840.030" systemtimems="0.000" timestamp="2020-09-11T10:29:07.169" activeThreads="8">
  <mem-info id="4446" free="1490802968" total="2821586944" percent="52">
    <mem type="nursery" free="682041320" total="939524096" percent="72">
      <mem type="allocate" free="682041320" total="796852224" percent="85" />
      <mem type="survivor" free="0" total="142671872" percent="0" />
    </mem>
    <mem type="tenure" free="808761648" total="1882062848" percent="42" macro-fragmented="2160235">
      <mem type="soa" free="714658096" total="1787959296" percent="39" />
      <mem type="loa" free="94103552" total="94103552" percent="100" />
    </mem>
    <remembered-set count="28809" />
  </mem-info>
</gc-end>
<cycle-end id="4447" type="scavenge" contextid="4441" timestamp="2020-09-11T10:29:07.170" />
<allocation-satisfied id="4448" threadId="0000000000842600" bytesRequested="120" />
<af-end id="4449" timestamp="2020-09-11T10:29:07.170" threadId="0000000000842F80" success="true" from="nursery"/>
<exclusive-end id="4450" timestamp="2020-09-11T10:29:07.170" durationms="120.307" />

<exclusive-start id="4451" timestamp="2020-09-11T10:29:09.166" intervalms="2116.480">
  <response-info timems="0.415" idlems="0.415" threads="0" lastid="0000000000856800" lastname="Group1.Backend.CompositeBackend{Tier1}.3" />
</exclusive-start>
<af-start id="4452" threadId="0000000000857180" totalBytesRequested="112" timestamp="2020-09-11T10:29:09.167" intervalms="2116.546" type="nursery" />
<cycle-start id="4453" type="scavenge" contextid="0" timestamp="2020-09-11T10:29:09.167" intervalms="2116.670" />
<gc-start id="4454" type="scavenge" contextid="4453" timestamp="2020-09-11T10:29:09.168">
  <mem-info id="4455" free="808761648" total="2821586944" percent="28">
    <mem type="nursery" free="0" total="939524096" percent="0">
      <mem type="allocate" free="0" total="796852224" percent="0" />
      <mem type="survivor" free="0" total="142671872" percent="0" />
    </mem>
    <mem type="tenure" free="808761648" total="1882062848" percent="42">
      <mem type="soa" free="714658096" total="1787959296" percent="39" />
      <mem type="loa" free="94103552" total="94103552" percent="100" />
    </mem>
    <remembered-set count="193109" />
  </mem-info>
</gc-start>
<allocation-stats totalBytes="681698848" >
  <allocated-bytes non-tlh="29869720" tlh="651829128" />
  <largest-consumer threadName="Group1.Backend.CompositeBackend{Tier1}.3" threadId="0000000000856800" bytes="131768488" />
</allocation-stats>
<gc-op id="4456" type="scavenge" timems="99.420" contextid="4453" timestamp="2020-09-11T10:29:09.267">
  <scavenger-info tenureage="3" tenuremask="7ff8" tiltratio="84" />
  <memory-copied type="nursery" objects="4054688" bytes="108841048" bytesdiscarded="197704" />
  <memory-copied type="tenure" objects="1059823" bytes="28494344" bytesdiscarded="78336" />
  <ownableSynchronizers candidates="4027" cleared="3696" />
  <references type="soft" candidates="260" cleared="0" enqueued="0" dynamicThreshold="17" maxThreshold="32" />
  <references type="weak" candidates="117" cleared="117" enqueued="0" />
</gc-op>
<gc-end id="4457" type="scavenge" contextid="4453" durationms="100.716" usertimems="719.309" systemtimems="2.533" timestamp="2020-09-11T10:29:09.268" activeThreads="8">
  <mem-info id="4458" free="1470737400" total="2821586944" percent="52">
    <mem type="nursery" free="690611456" total="939524096" percent="73">
      <mem type="allocate" free="690611456" total="799735808" percent="86" />
      <mem type="survivor" free="0" total="139788288" percent="0" />
    </mem>
    <mem type="tenure" free="780125944" total="1882062848" percent="41" macro-fragmented="0">
      <mem type="soa" free="686022392" total="1787959296" percent="38" />
      <mem type="loa" free="94103552" total="94103552" percent="100" />
    </mem>
    <remembered-set count="29102" />
  </mem-info>
</gc-end>
<cycle-end id="4459" type="scavenge" contextid="4453" timestamp="2020-09-11T10:29:09.270" />
<allocation-satisfied id="4460" threadId="0000000000856800" bytesRequested="112" />
<af-end id="4461" timestamp="2020-09-11T10:29:09.270" threadId="0000000000857180" success="true" from="nursery"/>
<exclusive-end id="4462" timestamp="2020-09-11T10:29:09.270" durationms="104.074" />

<exclusive-start id="4463" timestamp="2020-09-11T10:29:11.244" intervalms="2078.014">
  <response-info timems="0.479" idlems="0.479" threads="0" lastid="0000000000842600" lastname="Group1.Backend.CompositeBackend{Tier1}.4" />
</exclusive-start>
<af-start id="4464" threadId="0000000000842F80" totalBytesRequested="80" timestamp="2020-09-11T10:29:11.245" intervalms="2078.197" type="nursery" />
<cycle-start id="4465" type="scavenge" contextid="0" timestamp="2020-09-11T10:29:11.245" intervalms="2078.113" />
<gc-start id="4466" type="scavenge" contextid="4465" timestamp="2020-09-11T10:29:11.246">
  <mem-info id="4467" free="780125944" total="2821586944" percent="27">
    <mem type="nursery" free="0" total="939524096" percent="0">
      <mem type="allocate" free="0" total="799735808" percent="0" />
      <mem type="survivor" free="0" total="139788288" percent="0" />
    </mem>
    <mem type="tenure" free="780125944" total="1882062848" percent="41">
      <mem type="soa" free="686022392" total="1787959296" percent="38" />
      <mem type="loa" free="94103552" total="94103552" percent="100" />
    </mem>
    <remembered-set count="190435" />
  </mem-info>
</gc-start>
<allocation-stats totalBytes="690298984" >
  <allocated-bytes non-tlh="35786352" tlh="654512632" />
  <largest-consumer threadName="Group1.Backend.CompositeBackend{Tier1}.3" threadId="0000000000856800" bytes="120570216" />
</allocation-stats>
<gc-op id="4468" type="scavenge" timems="92.500" contextid="4465" timestamp="2020-09-11T10:29:11.338">
  <scavenger-info tenureage="3" tenuremask="7ff8" tiltratio="85" />
  <memory-copied type="nursery" objects="4029430" bytes="108156208" bytesdiscarded="298920" />
  <memory-copied type="tenure" objects="1104332" bytes="29699792" bytesdiscarded="85344" />
  <ownableSynchronizers candidates="3213" cleared="2891" />
  <references type="soft" candidates="255" cleared="0" enqueued="0" dynamicThreshold="17" maxThreshold="32" />
  <references type="weak" candidates="134" cleared="133" enqueued="0" />
</gc-op>
<gc-end id="4469" type="scavenge" contextid="4465" durationms="93.464" usertimems="703.107" systemtimems="0.000" timestamp="2020-09-11T10:29:11.339" activeThreads="8">
  <mem-info id="4470" free="1445137736" total="2821586944" percent="51">
    <mem type="nursery" free="694734848" total="939524096" percent="73">
      <mem type="allocate" free="694734848" total="803274752" percent="86" />
      <mem type="survivor" free="0" total="136249344" percent="0" />
    </mem>
    <mem type="tenure" free="750402888" total="1882062848" percent="39" macro-fragmented="0">
      <mem type="soa" free="656299336" total="1787959296" percent="36" />
      <mem type="loa" free="94103552" total="94103552" percent="100" />
    </mem>
    <remembered-set count="29537" />
  </mem-info>
</gc-end>
<cycle-end id="4471" type="scavenge" contextid="4465" timestamp="2020-09-11T10:29:11.340" />
<allocation-satisfied id="4472" threadId="0000000000842600" bytesRequested="80" />
<af-end id="4473" timestamp="2020-09-11T10:29:11.340" threadId="0000000000842F80" success="true" from="nursery"/>
<exclusive-end id="4474" timestamp="2020-09-11T10:29:11.340" durationms="96.207" />

<exclusive-start id="4475" timestamp="2020-09-11T10:29:13.343" intervalms="2098.676">
  <response-info timems="7.268" idlems="7.268" threads="0" lastid="0000000000854300" lastname="Group1.Backend.CompositeBackend{Tier1}.7" />
</exclusive-start>
<af-start id="4476" threadId="0000000000854C80" totalBytesRequested="1032" timestamp="2020-09-11T10:29:13.344" intervalms="2098.727" type="nursery" />
<cycle-start id="4477" type="scavenge" contextid="0" timestamp="2020-09-11T10:29:13.344" intervalms="2098.615" />
<gc-start id="4478" type="scavenge" contextid="4477" timestamp="2020-09-11T10:29:13.344">
  <mem-info id="4479" free="750402888" total="2821586944" percent="26">
    <mem type="nursery" free="0" total="939524096" percent="0">
      <mem type="allocate" free="0" total="803274752" percent="0" />
      <mem type="survivor" free="0" total="136249344" percent="0" />
    </mem>
    <mem type="tenure" free="750402888" total="1882062848" percent="39">
      <mem type="soa" free="656299336" total="1787959296" percent="36" />
      <mem type="loa" free="94103552" total="94103552" percent="100" />
    </mem>
    <remembered-set count="190675" />
  </mem-info>
</gc-start>
<allocation-stats totalBytes="694398504" >
  <allocated-bytes non-tlh="35482872" tlh="658915632" />
  <largest-consumer threadName="Group1.Backend.CompositeBackend{Tier1}.8" threadId="0000000000837900" bytes="95516520" />
</allocation-stats>
<gc-op id="4480" type="scavenge" timems="122.712" contextid="4477" timestamp="2020-09-11T10:29:13.467">
  <scavenger-info tenureage="3" tenuremask="7ff8" tiltratio="85" />
  <memory-copied type="nursery" objects="4036870" bytes="108350048" bytesdiscarded="253616" />
  <memory-copied type="tenure" objects="1064431" bytes="28608208" bytesdiscarded="80880" />
  <ownableSynchronizers candidates="3588" cleared="3293" />
  <references type="soft" candidates="255" cleared="0" enqueued="0" dynamicThreshold="17" maxThreshold="32" />
  <references type="weak" candidates="122" cleared="122" enqueued="0" />
</gc-op>
<gc-end id="4481" type="scavenge" contextid="4477" durationms="124.337" usertimems="868.615" systemtimems="17.862" timestamp="2020-09-11T10:29:13.468" activeThreads="8">
  <mem-info id="4482" free="1419174880" total="2821586944" percent="50">
    <mem type="nursery" free="697533440" total="939524096" percent="74">
      <mem type="allocate" free="697533440" total="806223872" percent="86" />
      <mem type="survivor" free="0" total="133300224" percent="0" />
    </mem>
    <mem type="tenure" free="721641440" total="1882062848" percent="38" macro-fragmented="0">
      <mem type="soa" free="627537888" total="1787959296" percent="35" />
      <mem type="loa" free="94103552" total="94103552" percent="100" />
    </mem>
    <remembered-set count="29146" />
  </mem-info>
</gc-end>
<cycle-end id="4483" type="scavenge" contextid="4477" timestamp="2020-09-11T10:29:13.470" />
<allocation-satisfied id="4484" threadId="0000000000854300" bytesRequested="1032" />
<af-end id="4485" timestamp="2020-09-11T10:29:13.470" threadId="0000000000854C80" success="true" from="nursery"/>
<exclusive-end id="4486" timestamp="2020-09-11T10:29:13.470" durationms="127.274" />

<exclusive-start id="4487" timestamp="2020-09-11T10:29:15.512" intervalms="2168.726">
  <response-info timems="1.209" idlems="1.209" threads="0" lastid="0000000000856800" lastname="Group1.Backend.CompositeBackend{Tier1}.3" />
</exclusive-start>
<af-start id="4488" threadId="0000000000857180" totalBytesRequested="16" timestamp="2020-09-11T10:29:15.513" intervalms="2168.874" type="nursery" />
<cycle-start id="4489" type="scavenge" contextid="0" timestamp="2020-09-11T10:29:15.513" intervalms="2168.916" />
<gc-start id="4490" type="scavenge" contextid="4489" timestamp="2020-09-11T10:29:15.513">
  <mem-info id="4491" free="721641440" total="2821586944" percent="25">
    <mem type="nursery" free="0" total="939524096" percent="0">
      <mem type="allocate" free="0" total="806223872" percent="0" />
      <mem type="survivor" free="0" total="133300224" percent="0" />
    </mem>
    <mem type="tenure" free="721641440" total="1882062848" percent="38">
      <mem type="soa" free="627537888" total="1787959296" percent="35" />
      <mem type="loa" free="94103552" total="94103552" percent="100" />
    </mem>
    <remembered-set count="195236" />
  </mem-info>
</gc-start>
<allocation-stats totalBytes="697190384" >
  <allocated-bytes non-tlh="27811720" tlh="669378664" />
  <largest-consumer threadName="Group1.Backend.CompositeBackend{Tier1}.1" threadId="0000000000785E00" bytes="91136664" />
</allocation-stats>
<gc-op id="4492" type="scavenge" timems="120.482" contextid="4489" timestamp="2020-09-11T10:29:15.634">
  <scavenger-info tenureage="3" tenuremask="7ff8" tiltratio="85" />
  <memory-copied type="nursery" objects="4228399" bytes="112550968" bytesdiscarded="179552" />
  <memory-copied type="tenure" objects="1084997" bytes="29172728" bytesdiscarded="89352" />
  <ownableSynchronizers candidates="4693" cleared="4373" />
  <references type="soft" candidates="256" cleared="0" enqueued="0" dynamicThreshold="17" maxThreshold="32" />
  <references type="weak" candidates="117" cleared="117" enqueued="0" />
</gc-op>
<gc-end id="4493" type="scavenge" contextid="4489" durationms="122.011" usertimems="865.711" systemtimems="11.544" timestamp="2020-09-11T10:29:15.635" activeThreads="8">
  <mem-info id="4494" free="1386304328" total="2821586944" percent="49">
    <mem type="nursery" free="693933304" total="939524096" percent="73">
      <mem type="allocate" free="693933304" total="806748160" percent="86" />
      <mem type="survivor" free="0" total="132775936" percent="0" />
    </mem>
    <mem type="tenure" free="692371024" total="1882062848" percent="36" macro-fragmented="0">
      <mem type="soa" free="598267472" total="1787959296" percent="33" />
      <mem type="loa" free="94103552" total="94103552" percent="100" />
    </mem>
    <remembered-set count="29647" />
  </mem-info>
</gc-end>
<cycle-end id="4495" type="scavenge" contextid="4489" timestamp="2020-09-11T10:29:15.636" />
<allocation-satisfied id="4496" threadId="0000000000856800" bytesRequested="16" />
<af-end id="4497" timestamp="2020-09-11T10:29:15.637" threadId="0000000000857180" success="true" from="nursery"/>
<exclusive-end id="4498" timestamp="2020-09-11T10:29:15.637" durationms="125.446" />

<exclusive-start id="4499" timestamp="2020-09-11T10:29:17.556" intervalms="2044.526">
  <response-info timems="0.454" idlems="0.329" threads="1" lastid="0000000000785E00" lastname="Group1.Backend.CompositeBackend{Tier1}.1" />
</exclusive-start>
<af-start id="4500" threadId="00000000007F7880" totalBytesRequested="16" timestamp="2020-09-11T10:29:17.557" intervalms="2044.223" type="nursery" />
<cycle-start id="4501" type="scavenge" contextid="0" timestamp="2020-09-11T10:29:17.557" intervalms="2044.170" />
<gc-start id="4502" type="scavenge" contextid="4501" timestamp="2020-09-11T10:29:17.557">
  <mem-info id="4503" free="692371024" total="2821586944" percent="24">
    <mem type="nursery" free="0" total="939524096" percent="0">
      <mem type="allocate" free="0" total="806748160" percent="0" />
      <mem type="survivor" free="0" total="132775936" percent="0" />
    </mem>
    <mem type="tenure" free="692371024" total="1882062848" percent="36">
      <mem type="soa" free="598267472" total="1787959296" percent="33" />
      <mem type="loa" free="94103552" total="94103552" percent="100" />
    </mem>
    <remembered-set count="192860" />
  </mem-info>
</gc-start>
<allocation-stats totalBytes="693600184" >
  <allocated-bytes non-tlh="35099704" tlh="658500480" />
  <largest-consumer threadName="Group1.Backend.CompositeBackend{Tier1}.8" threadId="0000000000837900" bytes="104573824" />
</allocation-stats>
<gc-op id="4504" type="scavenge" timems="104.338" contextid="4501" timestamp="2020-09-11T10:29:17.662">
  <scavenger-info tenureage="3" tenuremask="7ff8" tiltratio="85" />
  <memory-copied type="nursery" objects="4140809" bytes="111027184" bytesdiscarded="169272" />
  <memory-copied type="tenure" objects="1051300" bytes="28263336" bytesdiscarded="97184" />
  <ownableSynchronizers candidates="3531" cleared="3224" />
  <references type="soft" candidates="254" cleared="0" enqueued="0" dynamicThreshold="17" maxThreshold="32" />
  <references type="weak" candidates="103" cleared="103" enqueued="0" />
</gc-op>
<gc-end id="4505" type="scavenge" contextid="4501" durationms="105.419" usertimems="756.793" systemtimems="0.000" timestamp="2020-09-11T10:29:17.663" activeThreads="8">
  <mem-info id="4506" free="1360862312" total="2821586944" percent="48">
    <mem type="nursery" free="696780288" total="939524096" percent="74">
      <mem type="allocate" free="696780288" total="808058880" percent="86" />
      <mem type="survivor" free="0" total="131465216" percent="0" />
    </mem>
    <mem type="tenure" free="664082024" total="1882062848" percent="35" macro-fragmented="0">
      <mem type="soa" free="569978472" total="1787959296" percent="31" />
      <mem type="loa" free="94103552" total="94103552" percent="100" />
    </mem>
    <remembered-set count="29981" />
  </mem-info>
</gc-end>
<cycle-end id="4507" type="scavenge" contextid="4501" timestamp="2020-09-11T10:29:17.664" />
<allocation-satisfied id="4508" threadId="00000000007F6F00" bytesRequested="16" />
<af-end id="4509" timestamp="2020-09-11T10:29:17.664" threadId="00000000007F7880" success="true" from="nursery"/>
<exclusive-end id="4510" timestamp="2020-09-11T10:29:17.664" durationms="107.717" />

<exclusive-start id="4511" timestamp="2020-09-11T10:29:19.685" intervalms="2128.451">
  <response-info timems="0.556" idlems="0.556" threads="0" lastid="0000000000843100" lastname="Group1.Backend.CompositeBackend{Tier1}.5" />
</exclusive-start>
<af-start id="4512" threadId="0000000000843A80" totalBytesRequested="16" timestamp="2020-09-11T10:29:19.685" intervalms="2128.357" type="nursery" />
<cycle-start id="4513" type="scavenge" contextid="0" timestamp="2020-09-11T10:29:19.685" intervalms="2128.339" />
<gc-start id="4514" type="scavenge" contextid="4513" timestamp="2020-09-11T10:29:19.686">
  <mem-info id="4515" free="664082024" total="2821586944" percent="23">
    <mem type="nursery" free="0" total="939524096" percent="0">
      <mem type="allocate" free="0" total="808058880" percent="0" />
      <mem type="survivor" free="0" total="131465216" percent="0" />
    </mem>
    <mem type="tenure" free="664082024" total="1882062848" percent="35">
      <mem type="soa" free="569978472" total="1787959296" percent="31" />
      <mem type="loa" free="94103552" total="94103552" percent="100" />
    </mem>
    <remembered-set count="194831" />
  </mem-info>
</gc-start>
<allocation-stats totalBytes="696449024" >
  <allocated-bytes non-tlh="33326192" tlh="663122832" />
  <largest-consumer threadName="Group1.Backend.CompositeBackend{Tier1}.8" threadId="0000000000837900" bytes="103641376" />
</allocation-stats>
<gc-op id="4516" type="scavenge" timems="97.186" contextid="4513" timestamp="2020-09-11T10:29:19.783">
  <scavenger-info tenureage="3" tenuremask="7ff8" tiltratio="86" />
  <memory-copied type="nursery" objects="4189991" bytes="112276304" bytesdiscarded="175440" />
  <memory-copied type="tenure" objects="1082931" bytes="29114272" bytesdiscarded="98544" />
  <ownableSynchronizers candidates="3419" cleared="3097" />
  <references type="soft" candidates="278" cleared="0" enqueued="0" dynamicThreshold="17" maxThreshold="32" />
  <references type="weak" candidates="105" cleared="103" enqueued="0" />
</gc-op>
<gc-end id="4517" type="scavenge" contextid="4513" durationms="98.376" usertimems="706.804" systemtimems="0.000" timestamp="2020-09-11T10:29:19.784" activeThreads="8">
  <mem-info id="4518" free="1331269328" total="2821586944" percent="47">
    <mem type="nursery" free="696373504" total="939524096" percent="74">
      <mem type="allocate" free="696373504" total="808910848" percent="86" />
      <mem type="survivor" free="0" total="130613248" percent="0" />
    </mem>
    <mem type="tenure" free="634895824" total="1882062848" percent="33" macro-fragmented="0">
      <mem type="soa" free="540792272" total="1787959296" percent="30" />
      <mem type="loa" free="94103552" total="94103552" percent="100" />
    </mem>
    <remembered-set count="31825" />
  </mem-info>
</gc-end>
<cycle-end id="4519" type="scavenge" contextid="4513" timestamp="2020-09-11T10:29:19.785" />
<allocation-satisfied id="4520" threadId="0000000000843100" bytesRequested="16" />
<af-end id="4521" timestamp="2020-09-11T10:29:19.785" threadId="0000000000843A80" success="true" from="nursery"/>
<exclusive-end id="4522" timestamp="2020-09-11T10:29:19.785" durationms="100.961" />

<exclusive-start id="4523" timestamp="2020-09-11T10:29:21.750" intervalms="2065.554">
  <response-info timems="0.920" idlems="0.614" threads="1" lastid="0000000000785E00" lastname="Group1.Backend.CompositeBackend{Tier1}.1" />
</exclusive-start>
<af-start id="4524" threadId="0000000000A54C80" totalBytesRequested="80" timestamp="2020-09-11T10:29:21.751" intervalms="2065.485" type="nursery" />
<cycle-start id="4525" type="scavenge" contextid="0" timestamp="2020-09-11T10:29:21.751" intervalms="2065.484" />
<gc-start id="4526" type="scavenge" contextid="4525" timestamp="2020-09-11T10:29:21.751">
  <mem-info id="4527" free="634895824" total="2821586944" percent="22">
    <mem type="nursery" free="0" total="939524096" percent="0">
      <mem type="allocate" free="0" total="808910848" percent="0" />
      <mem type="survivor" free="0" total="130613248" percent="0" />
    </mem>
    <mem type="tenure" free="634895824" total="1882062848" percent="33">
      <mem type="soa" free="540792272" total="1787959296" percent="30" />
      <mem type="loa" free="94103552" total="94103552" percent="100" />
    </mem>
    <remembered-set count="195225" />
  </mem-info>
</gc-start>
<allocation-stats totalBytes="696035520" >
  <allocated-bytes non-tlh="34521448" tlh="661514072" />
  <largest-consumer threadName="Group1.Backend.CompositeBackend{Tier1}.3" threadId="0000000000856800" bytes="86922344" />
</allocation-stats>
<gc-op id="4528" type="scavenge" timems="122.349" contextid="4525" timestamp="2020-09-11T10:29:21.874">
  <scavenger-info tenureage="3" tenuremask="7ff8" tiltratio="86" />
  <memory-copied type="nursery" objects="4634589" bytes="122428952" bytesdiscarded="166056" />
  <memory-copied type="tenure" objects="1129078" bytes="30365816" bytesdiscarded="100560" />
  <ownableSynchronizers candidates="4230" cleared="3898" />
  <references type="soft" candidates="269" cleared="0" enqueued="0" dynamicThreshold="17" maxThreshold="32" />
  <references type="weak" candidates="114" cleared="113" enqueued="0" />
</gc-op>
<gc-end id="4529" type="scavenge" contextid="4525" durationms="123.176" usertimems="892.250" systemtimems="5.705" timestamp="2020-09-11T10:29:21.874" activeThreads="8">
  <mem-info id="4530" free="1276268680" total="2821586944" percent="45">
    <mem type="nursery" free="671874992" total="939524096" percent="71">
      <mem type="allocate" free="671874992" total="794558464" percent="84" />
      <mem type="survivor" free="0" total="144965632" percent="0" />
    </mem>
    <mem type="tenure" free="604393688" total="1882062848" percent="32" macro-fragmented="0">
      <mem type="soa" free="510290136" total="1787959296" percent="28" />
      <mem type="loa" free="94103552" total="94103552" percent="100" />
    </mem>
    <remembered-set count="31867" />
  </mem-info>
</gc-end>
<cycle-end id="4531" type="scavenge" contextid="4525" timestamp="2020-09-11T10:29:21.875" />
<allocation-satisfied id="4532" threadId="0000000000A54300" bytesRequested="80" />
<af-end id="4533" timestamp="2020-09-11T10:29:21.875" threadId="0000000000A54C80" success="true" from="nursery"/>
<exclusive-end id="4534" timestamp="2020-09-11T10:29:21.875" durationms="125.167" />

<exclusive-start id="4535" timestamp="2020-09-11T10:29:23.851" intervalms="2100.589">
  <response-info timems="2.473" idlems="2.473" threads="0" lastid="0000000000854300" lastname="Group1.Backend.CompositeBackend{Tier1}.7" />
</exclusive-start>
<af-start id="4536" threadId="0000000000854C80" totalBytesRequested="32" timestamp="2020-09-11T10:29:23.851" intervalms="2100.694" type="nursery" />
<cycle-start id="4537" type="scavenge" contextid="0" timestamp="2020-09-11T10:29:23.852" intervalms="2100.774" />
<gc-start id="4538" type="scavenge" contextid="4537" timestamp="2020-09-11T10:29:23.852">
  <mem-info id="4539" free="604393688" total="2821586944" percent="21">
    <mem type="nursery" free="0" total="939524096" percent="0">
      <mem type="allocate" free="0" total="794558464" percent="0" />
      <mem type="survivor" free="0" total="144965632" percent="0" />
    </mem>
    <mem type="tenure" free="604393688" total="1882062848" percent="32">
      <mem type="soa" free="510290136" total="1787959296" percent="28" />
      <mem type="loa" free="94103552" total="94103552" percent="100" />
    </mem>
    <remembered-set count="194650" />
  </mem-info>
</gc-start>
<allocation-stats totalBytes="671543632" >
  <allocated-bytes non-tlh="27205696" tlh="644337936" />
  <largest-consumer threadName="Group1.Backend.CompositeBackend{Tier1}.5" threadId="0000000000843100" bytes="119271512" />
</allocation-stats>
<gc-op id="4540" type="scavenge" timems="121.985" contextid="4537" timestamp="2020-09-11T10:29:23.974">
  <scavenger-info tenureage="3" tenuremask="7ff8" tiltratio="84" />
  <memory-copied type="nursery" objects="4269688" bytes="113720560" bytesdiscarded="310840" />
  <memory-copied type="tenure" objects="1096673" bytes="29474360" bytesdiscarded="111728" />
  <ownableSynchronizers candidates="4353" cleared="4033" />
  <references type="soft" candidates="266" cleared="0" enqueued="0" dynamicThreshold="17" maxThreshold="32" />
  <references type="weak" candidates="124" cleared="123" enqueued="0" />
</gc-op>
<gc-end id="4541" type="scavenge" contextid="4537" durationms="122.911" usertimems="902.670" systemtimems="4.949" timestamp="2020-09-11T10:29:23.975" activeThreads="8">
  <mem-info id="4542" free="1256886096" total="2821586944" percent="44">
    <mem type="nursery" free="682010104" total="939524096" percent="72">
      <mem type="allocate" free="682010104" total="796131328" percent="85" />
      <mem type="survivor" free="0" total="143392768" percent="0" />
    </mem>
    <mem type="tenure" free="574875992" total="1882062848" percent="30" macro-fragmented="0">
      <mem type="soa" free="480772440" total="1787959296" percent="26" />
      <mem type="loa" free="94103552" total="94103552" percent="100" />
    </mem>
    <remembered-set count="31735" />
  </mem-info>
</gc-end>
<cycle-end id="4543" type="scavenge" contextid="4537" timestamp="2020-09-11T10:29:23.976" />
<allocation-satisfied id="4544" threadId="0000000000854300" bytesRequested="32" />
<af-end id="4545" timestamp="2020-09-11T10:29:23.976" threadId="0000000000854C80" success="true" from="nursery"/>
<exclusive-end id="4546" timestamp="2020-09-11T10:29:23.976" durationms="125.192" />

<exclusive-start id="4547" timestamp="2020-09-11T10:29:25.921" intervalms="2070.361">
  <response-info timems="0.687" idlems="0.687" threads="0" lastid="0000000000854300" lastname="Group1.Backend.CompositeBackend{Tier1}.7" />
</exclusive-start>
<af-start id="4548" threadId="0000000000854C80" totalBytesRequested="16" timestamp="2020-09-11T10:29:25.922" intervalms="2070.359" type="nursery" />
<cycle-start id="4549" type="scavenge" contextid="0" timestamp="2020-09-11T10:29:25.922" intervalms="2070.401" />
<gc-start id="4550" type="scavenge" contextid="4549" timestamp="2020-09-11T10:29:25.922">
  <mem-info id="4551" free="574875992" total="2821586944" percent="20">
    <mem type="nursery" free="0" total="939524096" percent="0">
      <mem type="allocate" free="0" total="796131328" percent="0" />
      <mem type="survivor" free="0" total="143392768" percent="0" />
    </mem>
    <mem type="tenure" free="574875992" total="1882062848" percent="30">
      <mem type="soa" free="480772440" total="1787959296" percent="26" />
      <mem type="loa" free="94103552" total="94103552" percent="100" />
    </mem>
    <remembered-set count="192756" />
  </mem-info>
</gc-start>
<allocation-stats totalBytes="681689264" >
  <allocated-bytes non-tlh="33106152" tlh="648583112" />
  <largest-consumer threadName="Group1.Backend.CompositeBackend{Tier1}.7" threadId="0000000000854300" bytes="112872520" />
</allocation-stats>
<gc-op id="4552" type="scavenge" timems="152.429" contextid="4549" timestamp="2020-09-11T10:29:26.075">
  <scavenger-info tenureage="3" tenuremask="7ff8" tiltratio="84" />
  <memory-copied type="nursery" objects="4462818" bytes="117858048" bytesdiscarded="244672" />
  <memory-copied type="tenure" objects="1099137" bytes="29531776" bytesdiscarded="81336" />
  <ownableSynchronizers candidates="4422" cleared="4066" />
  <references type="soft" candidates="268" cleared="0" enqueued="0" dynamicThreshold="17" maxThreshold="32" />
  <references type="weak" candidates="113" cleared="113" enqueued="0" />
</gc-op>
<gc-end id="4553" type="scavenge" contextid="4549" durationms="153.365" usertimems="1039.268" systemtimems="15.347" timestamp="2020-09-11T10:29:26.076" activeThreads="8">
  <mem-info id="4554" free="1224405224" total="2821586944" percent="43">
    <mem type="nursery" free="679314824" total="939524096" percent="72">
      <mem type="allocate" free="679314824" total="797507584" percent="85" />
      <mem type="survivor" free="0" total="142016512" percent="0" />
    </mem>
    <mem type="tenure" free="545090400" total="1882062848" percent="28" macro-fragmented="0">
      <mem type="soa" free="450986848" total="1787959296" percent="25" />
      <mem type="loa" free="94103552" total="94103552" percent="100" />
    </mem>
    <remembered-set count="30500" />
  </mem-info>
</gc-end>
<cycle-end id="4555" type="scavenge" contextid="4549" timestamp="2020-09-11T10:29:26.077" />
<allocation-satisfied id="4556" threadId="0000000000854300" bytesRequested="16" />
<af-end id="4557" timestamp="2020-09-11T10:29:26.077" threadId="0000000000854C80" success="true" from="nursery"/>
<exclusive-end id="4558" timestamp="2020-09-11T10:29:26.077" durationms="156.095" />

<exclusive-start id="4559" timestamp="2020-09-11T10:29:27.931" intervalms="2009.868">
  <response-info timems="2.845" idlems="2.845" threads="0" lastid="0000000000854300" lastname="Group1.Backend.CompositeBackend{Tier1}.7" />
</exclusive-start>
<af-start id="4560" threadId="0000000000854C80" totalBytesRequested="16" timestamp="2020-09-11T10:29:27.932" intervalms="2010.086" type="nursery" />
<cycle-start id="4561" type="scavenge" contextid="0" timestamp="2020-09-11T10:29:27.932" intervalms="2010.031" />
<gc-start id="4562" type="scavenge" contextid="4561" timestamp="2020-09-11T10:29:27.932">
  <mem-info id="4563" free="545090400" total="2821586944" percent="19">
    <mem type="nursery" free="0" total="939524096" percent="0">
      <mem type="allocate" free="0" total="797507584" percent="0" />
      <mem type="survivor" free="0" total="142016512" percent="0" />
    </mem>
    <mem type="tenure" free="545090400" total="1882062848" percent="28">
      <mem type="soa" free="450986848" total="1787959296" percent="25" />
      <mem type="loa" free="94103552" total="94103552" percent="100" />
    </mem>
    <remembered-set count="190959" />
  </mem-info>
</gc-start>
<allocation-stats totalBytes="678992600" >
  <allocated-bytes non-tlh="36156160" tlh="642836440" />
  <largest-consumer threadName="Group1.Backend.CompositeBackend{Tier1}.2" threadId="00000000007F6F00" bytes="106091272" />
</allocation-stats>
<gc-op id="4564" type="scavenge" timems="113.310" contextid="4561" timestamp="2020-09-11T10:29:28.046">
  <scavenger-info tenureage="3" tenuremask="7ff8" tiltratio="84" />
  <memory-copied type="nursery" objects="4371484" bytes="115917448" bytesdiscarded="455416" />
  <memory-copied type="tenure" objects="1103237" bytes="29628896" bytesdiscarded="96752" />
  <ownableSynchronizers candidates="4268" cleared="3929" />
  <references type="soft" candidates="255" cleared="0" enqueued="0" dynamicThreshold="17" maxThreshold="32" />
  <references type="weak" candidates="113" cleared="113" enqueued="0" />
</gc-op>
<gc-end id="4565" type="scavenge" contextid="4561" durationms="114.317" usertimems="877.832" systemtimems="2.162" timestamp="2020-09-11T10:29:28.047" activeThreads="8">
  <mem-info id="4566" free="1198472384" total="2821586944" percent="42">
    <mem type="nursery" free="683011880" total="939524096" percent="72">
      <mem type="allocate" free="683011880" total="799473664" percent="85" />
      <mem type="survivor" free="0" total="140050432" percent="0" />
    </mem>
    <mem type="tenure" free="515460504" total="1882062848" percent="27" macro-fragmented="0">
      <mem type="soa" free="421356952" total="1787959296" percent="23" />
      <mem type="loa" free="94103552" total="94103552" percent="100" />
    </mem>
    <remembered-set count="29593" />
  </mem-info>
</gc-end>
<cycle-end id="4567" type="scavenge" contextid="4561" timestamp="2020-09-11T10:29:28.048" />
<allocation-satisfied id="4568" threadId="0000000000854300" bytesRequested="16" />
<af-end id="4569" timestamp="2020-09-11T10:29:28.048" threadId="0000000000854C80" success="true" from="nursery"/>
<exclusive-end id="4570" timestamp="2020-09-11T10:29:28.048" durationms="116.696" />

<exclusive-start id="4571" timestamp="2020-09-11T10:29:30.025" intervalms="2093.991">
  <response-info timems="0.451" idlems="0.451" threads="0" lastid="0000000000837900" lastname="Group1.Backend.CompositeBackend{Tier1}.8" />
</exclusive-start>
<af-start id="4572" threadId="0000000000838280" totalBytesRequested="24" timestamp="2020-09-11T10:29:30.025" intervalms="2093.659" type="nursery" />
<cycle-start id="4573" type="scavenge" contextid="0" timestamp="2020-09-11T10:29:30.026" intervalms="2093.595" />
<gc-start id="4574" type="scavenge" contextid="4573" timestamp="2020-09-11T10:29:30.026">
  <mem-info id="4575" free="515460504" total="2821586944" percent="18">
    <mem type="nursery" free="0" total="939524096" percent="0">
      <mem type="allocate" free="0" total="799473664" percent="0" />
      <mem type="survivor" free="0" total="140050432" percent="0" />
    </mem>
    <mem type="tenure" free="515460504" total="1882062848" percent="27">
      <mem type="soa" free="421356952" total="1787959296" percent="23" />
      <mem type="loa" free="94103552" total="94103552" percent="100" />
    </mem>
    <remembered-set count="194550" />
  </mem-info>
</gc-start>
<allocation-stats totalBytes="682662984" >
  <allocated-bytes non-tlh="27649896" tlh="655013088" />
  <largest-consumer threadName="Group1.Backend.CompositeBackend{Tier1}.2" threadId="00000000007F6F00" bytes="125637032" />
</allocation-stats>
<gc-op id="4576" type="scavenge" timems="108.711" contextid="4573" timestamp="2020-09-11T10:29:30.135">
  <scavenger-info tenureage="3" tenuremask="7ff8" tiltratio="85" />
  <memory-copied type="nursery" objects="4178035" bytes="111688464" bytesdiscarded="231896" />
  <memory-copied type="tenure" objects="1102310" bytes="29652728" bytesdiscarded="103888" />
  <ownableSynchronizers candidates="3881" cleared="3557" />
  <references type="soft" candidates="243" cleared="0" enqueued="0" dynamicThreshold="17" maxThreshold="32" />
  <references type="weak" candidates="117" cleared="117" enqueued="0" />
</gc-op>
<gc-end id="4577" type="scavenge" contextid="4573" durationms="109.651" usertimems="835.086" systemtimems="8.104" timestamp="2020-09-11T10:29:30.135" activeThreads="8">
  <mem-info id="4578" free="1175266792" total="2821586944" percent="41">
    <mem type="nursery" free="689503384" total="939524096" percent="73">
      <mem type="allocate" free="689503384" total="801505280" percent="86" />
      <mem type="survivor" free="0" total="138018816" percent="0" />
    </mem>
    <mem type="tenure" free="485763408" total="1882062848" percent="25" macro-fragmented="0">
      <mem type="soa" free="391659856" total="1787959296" percent="21" />
      <mem type="loa" free="94103552" total="94103552" percent="100" />
    </mem>
    <remembered-set count="32223" />
  </mem-info>
</gc-end>
<cycle-end id="4579" type="scavenge" contextid="4573" timestamp="2020-09-11T10:29:30.137" />
<allocation-satisfied id="4580" threadId="0000000000837900" bytesRequested="24" />
<af-end id="4581" timestamp="2020-09-11T10:29:30.137" threadId="0000000000838280" success="true" from="nursery"/>
<exclusive-end id="4582" timestamp="2020-09-11T10:29:30.137" durationms="112.386" />

<exclusive-start id="4583" timestamp="2020-09-11T10:29:32.116" intervalms="2090.780">
  <response-info timems="0.484" idlems="0.484" threads="0" lastid="0000000000837900" lastname="Group1.Backend.CompositeBackend{Tier1}.8" />
</exclusive-start>
<af-start id="4584" threadId="0000000000838280" totalBytesRequested="32" timestamp="2020-09-11T10:29:32.116" intervalms="2090.996" type="nursery" />
<cycle-start id="4585" type="scavenge" contextid="0" timestamp="2020-09-11T10:29:32.117" intervalms="2091.011" />
<gc-start id="4586" type="scavenge" contextid="4585" timestamp="2020-09-11T10:29:32.117">
  <mem-info id="4587" free="485763408" total="2821586944" percent="17">
    <mem type="nursery" free="0" total="939524096" percent="0">
      <mem type="allocate" free="0" total="801505280" percent="0" />
      <mem type="survivor" free="0" total="138018816" percent="0" />
    </mem>
    <mem type="tenure" free="485763408" total="1882062848" percent="25">
      <mem type="soa" free="391659856" total="1787959296" percent="21" />
      <mem type="loa" free="94103552" total="94103552" percent="100" />
    </mem>
    <remembered-set count="195476" />
  </mem-info>
</gc-start>
<allocation-stats totalBytes="689182368" >
  <allocated-bytes non-tlh="35549480" tlh="653632888" />
  <largest-consumer threadName="Group1.Backend.CompositeBackend{Tier1}.2" threadId="00000000007F6F00" bytes="118373136" />
</allocation-stats>
<gc-op id="4588" type="scavenge" timems="90.863" contextid="4585" timestamp="2020-09-11T10:29:32.208">
  <scavenger-info tenureage="3" tenuremask="7ff8" tiltratio="85" />
  <memory-copied type="nursery" objects="4049252" bytes="108666216" bytesdiscarded="258032" />
  <memory-copied type="tenure" objects="1050227" bytes="28344608" bytesdiscarded="98656" />
  <ownableSynchronizers candidates="4094" cleared="3768" />
  <references type="soft" candidates="250" cleared="0" enqueued="0" dynamicThreshold="17" maxThreshold="32" />
  <references type="weak" candidates="118" cleared="118" enqueued="0" />
</gc-op>
<gc-end id="4589" type="scavenge" contextid="4585" durationms="91.691" usertimems="695.196" systemtimems="7.862" timestamp="2020-09-11T10:29:32.208" activeThreads="8">
  <mem-info id="4590" free="1152300312" total="2821586944" percent="40">
    <mem type="nursery" free="695119104" total="939524096" percent="73">
      <mem type="allocate" free="695119104" total="804126720" percent="86" />
      <mem type="survivor" free="0" total="135397376" percent="0" />
    </mem>
    <mem type="tenure" free="457181208" total="1882062848" percent="24" macro-fragmented="0">
      <mem type="soa" free="363077656" total="1787959296" percent="20" />
      <mem type="loa" free="94103552" total="94103552" percent="100" />
    </mem>
    <remembered-set count="30988" />
  </mem-info>
</gc-end>
<cycle-end id="4591" type="scavenge" contextid="4585" timestamp="2020-09-11T10:29:32.210" />
<allocation-satisfied id="4592" threadId="0000000000837900" bytesRequested="32" />
<af-end id="4593" timestamp="2020-09-11T10:29:32.210" threadId="0000000000838280" success="true" from="nursery"/>
<exclusive-end id="4594" timestamp="2020-09-11T10:29:32.210" durationms="93.936" />

<exclusive-start id="4595" timestamp="2020-09-11T10:29:34.303" intervalms="2186.981">
  <response-info timems="0.373" idlems="0.373" threads="0" lastid="0000000000854300" lastname="Group1.Backend.CompositeBackend{Tier1}.7" />
</exclusive-start>
<af-start id="4596" threadId="0000000000854C80" totalBytesRequested="16" timestamp="2020-09-11T10:29:34.303" intervalms="2186.782" type="nursery" />
<cycle-start id="4597" type="scavenge" contextid="0" timestamp="2020-09-11T10:29:34.303" intervalms="2186.768" />
<gc-start id="4598" type="scavenge" contextid="4597" timestamp="2020-09-11T10:29:34.304">
  <mem-info id="4599" free="457181208" total="2821586944" percent="16">
    <mem type="nursery" free="0" total="939524096" percent="0">
      <mem type="allocate" free="0" total="804126720" percent="0" />
      <mem type="survivor" free="0" total="135397376" percent="0" />
    </mem>
    <mem type="tenure" free="457181208" total="1882062848" percent="24">
      <mem type="soa" free="363077656" total="1787959296" percent="20" />
      <mem type="loa" free="94103552" total="94103552" percent="100" />
    </mem>
    <remembered-set count="198229" />
  </mem-info>
</gc-start>
<allocation-stats totalBytes="694778520" >
  <allocated-bytes non-tlh="28061032" tlh="666717488" />
  <largest-consumer threadName="Group1.Backend.CompositeBackend{Tier1}.2" threadId="00000000007F6F00" bytes="121074920" />
</allocation-stats>
<gc-op id="4600" type="scavenge" timems="103.323" contextid="4597" timestamp="2020-09-11T10:29:34.407">
  <scavenger-info tenureage="3" tenuremask="7ff8" tiltratio="85" />
  <memory-copied type="nursery" objects="4353412" bytes="115725360" bytesdiscarded="166240" />
  <memory-copied type="tenure" objects="1061060" bytes="28517824" bytesdiscarded="105568" />
  <ownableSynchronizers candidates="3455" cleared="3156" />
  <references type="soft" candidates="258" cleared="0" enqueued="0" dynamicThreshold="17" maxThreshold="32" />
  <references type="weak" candidates="97" cleared="97" enqueued="0" />
</gc-op>
<gc-end id="4601" type="scavenge" contextid="4597" durationms="104.119" usertimems="760.575" systemtimems="0.000" timestamp="2020-09-11T10:29:34.408" activeThreads="8">
  <mem-info id="4602" free="1115103144" total="2821586944" percent="39">
    <mem type="nursery" free="686440440" total="939524096" percent="73">
      <mem type="allocate" free="686440440" total="802422784" percent="85" />
      <mem type="survivor" free="0" total="137101312" percent="0" />
    </mem>
    <mem type="tenure" free="428662704" total="1882062848" percent="22" macro-fragmented="0">
      <mem type="soa" free="334559152" total="1787959296" percent="18" />
      <mem type="loa" free="94103552" total="94103552" percent="100" />
    </mem>
    <remembered-set count="31246" />
  </mem-info>
</gc-end>
<cycle-end id="4603" type="scavenge" contextid="4597" timestamp="2020-09-11T10:29:34.409" />
<allocation-satisfied id="4604" threadId="0000000000854300" bytesRequested="16" />
<af-end id="4605" timestamp="2020-09-11T10:29:34.409" threadId="0000000000854C80" success="true" from="nursery"/>
<exclusive-end id="4606" timestamp="2020-09-11T10:29:34.409" durationms="106.350" />

<exclusive-start id="4607" timestamp="2020-09-11T10:29:36.363" intervalms="2059.920">
  <response-info timems="0.440" idlems="0.440" threads="0" lastid="0000000000842600" lastname="Group1.Backend.CompositeBackend{Tier1}.4" />
</exclusive-start>
<af-start id="4608" threadId="0000000000842F80" totalBytesRequested="16" timestamp="2020-09-11T10:29:36.363" intervalms="2060.063" type="nursery" />
<cycle-start id="4609" type="scavenge" contextid="0" timestamp="2020-09-11T10:29:36.363" intervalms="2060.079" />
<gc-start id="4610" type="scavenge" contextid="4609" timestamp="2020-09-11T10:29:36.364">
  <mem-info id="4611" free="428662704" total="2821586944" percent="15">
    <mem type="nursery" free="0" total="939524096" percent="0">
      <mem type="allocate" free="0" total="802422784" percent="0" />
      <mem type="survivor" free="0" total="137101312" percent="0" />
    </mem>
    <mem type="tenure" free="428662704" total="1882062848" percent="22">
      <mem type="soa" free="334559152" total="1787959296" percent="18" />
      <mem type="loa" free="94103552" total="94103552" percent="100" />
    </mem>
    <remembered-set count="191039" />
  </mem-info>
</gc-start>
<allocation-stats totalBytes="686113080" >
  <allocated-bytes non-tlh="37060888" tlh="649052192" />
  <largest-consumer threadName="Group1.Backend.CompositeBackend{Tier1}.4" threadId="0000000000842600" bytes="87385480" />
</allocation-stats>
<gc-op id="4612" type="scavenge" timems="107.580" contextid="4609" timestamp="2020-09-11T10:29:36.471">
  <scavenger-info tenureage="3" tenuremask="7ff8" tiltratio="85" />
  <memory-copied type="nursery" objects="4505587" bytes="119380256" bytesdiscarded="218576" />
  <memory-copied type="tenure" objects="1098205" bytes="29512336" bytesdiscarded="126376" />
  <ownableSynchronizers candidates="4125" cleared="3827" />
  <references type="soft" candidates="276" cleared="0" enqueued="0" dynamicThreshold="17" maxThreshold="32" />
  <references type="weak" candidates="118" cleared="118" enqueued="0" />
</gc-op>
<gc-end id="4613" type="scavenge" contextid="4609" durationms="108.372" usertimems="832.654" systemtimems="0.000" timestamp="2020-09-11T10:29:36.472" activeThreads="8">
  <mem-info id="4614" free="1081151400" total="2821586944" percent="38">
    <mem type="nursery" free="682147152" total="939524096" percent="72">
      <mem type="allocate" free="682147152" total="801832960" percent="85" />
      <mem type="survivor" free="0" total="137691136" percent="0" />
    </mem>
    <mem type="tenure" free="399004248" total="1882062848" percent="21" macro-fragmented="0">
      <mem type="soa" free="304900696" total="1787959296" percent="17" />
      <mem type="loa" free="94103552" total="94103552" percent="100" />
    </mem>
    <remembered-set count="29788" />
  </mem-info>
</gc-end>
<cycle-end id="4615" type="scavenge" contextid="4609" timestamp="2020-09-11T10:29:36.473" />
<allocation-satisfied id="4616" threadId="0000000000842600" bytesRequested="16" />
<af-end id="4617" timestamp="2020-09-11T10:29:36.473" threadId="0000000000842F80" success="true" from="nursery"/>
<exclusive-end id="4618" timestamp="2020-09-11T10:29:36.473" durationms="110.665" />

<exclusive-start id="4619" timestamp="2020-09-11T10:29:38.400" intervalms="2037.640">
  <response-info timems="0.412" idlems="0.412" threads="0" lastid="0000000000785E00" lastname="Group1.Backend.CompositeBackend{Tier1}.1" />
</exclusive-start>
<af-start id="4620" threadId="0000000000786780" totalBytesRequested="120" timestamp="2020-09-11T10:29:38.401" intervalms="2037.648" type="nursery" />
<cycle-start id="4621" type="scavenge" contextid="0" timestamp="2020-09-11T10:29:38.401" intervalms="2037.662" />
<gc-start id="4622" type="scavenge" contextid="4621" timestamp="2020-09-11T10:29:38.401">
  <mem-info id="4623" free="399004248" total="2821586944" percent="14">
    <mem type="nursery" free="0" total="939524096" percent="0">
      <mem type="allocate" free="0" total="801832960" percent="0" />
      <mem type="survivor" free="0" total="137691136" percent="0" />
    </mem>
    <mem type="tenure" free="399004248" total="1882062848" percent="21">
      <mem type="soa" free="304900696" total="1787959296" percent="17" />
      <mem type="loa" free="94103552" total="94103552" percent="100" />
    </mem>
    <remembered-set count="190696" />
  </mem-info>
</gc-start>
<allocation-stats totalBytes="681817192" >
  <allocated-bytes non-tlh="33543408" tlh="648273784" />
  <largest-consumer threadName="Group1.Backend.CompositeBackend{Tier1}.1" threadId="0000000000785E00" bytes="91218816" />
</allocation-stats>
<gc-op id="4624" type="scavenge" timems="103.037" contextid="4621" timestamp="2020-09-11T10:29:38.505">
  <scavenger-info tenureage="3" tenuremask="7ff8" tiltratio="85" />
  <memory-copied type="nursery" objects="4264168" bytes="113615984" bytesdiscarded="341032" />
  <memory-copied type="tenure" objects="1093447" bytes="29391328" bytesdiscarded="149328" />
  <ownableSynchronizers candidates="4640" cleared="4306" />
  <references type="soft" candidates="270" cleared="0" enqueued="0" dynamicThreshold="17" maxThreshold="32" />
  <references type="weak" candidates="133" cleared="133" enqueued="0" />
</gc-op>
<gc-end id="4625" type="scavenge" contextid="4621" durationms="103.953" usertimems="746.498" systemtimems="0.000" timestamp="2020-09-11T10:29:38.505" activeThreads="8">
  <mem-info id="4626" free="1058079104" total="2821586944" percent="37">
    <mem type="nursery" free="688573944" total="939524096" percent="73">
      <mem type="allocate" free="688573944" total="802619392" percent="85" />
      <mem type="survivor" free="0" total="136904704" percent="0" />
    </mem>
    <mem type="tenure" free="369505160" total="1882062848" percent="19" macro-fragmented="0">
      <mem type="soa" free="275401608" total="1787959296" percent="15" />
      <mem type="loa" free="94103552" total="94103552" percent="100" />
    </mem>
    <remembered-set count="29011" />
  </mem-info>
</gc-end>
<cycle-end id="4627" type="scavenge" contextid="4621" timestamp="2020-09-11T10:29:38.506" />
<allocation-satisfied id="4628" threadId="0000000000785E00" bytesRequested="120" />
<af-end id="4629" timestamp="2020-09-11T10:29:38.506" threadId="0000000000786780" success="true" from="nursery"/>
<exclusive-end id="4630" timestamp="2020-09-11T10:29:38.506" durationms="106.310" />

<exclusive-start id="4631" timestamp="2020-09-11T10:29:40.544" intervalms="2143.910">
  <response-info timems="0.447" idlems="0.447" threads="0" lastid="0000000000856800" lastname="Group1.Backend.CompositeBackend{Tier1}.3" />
</exclusive-start>
<af-start id="4632" threadId="0000000000857180" totalBytesRequested="266440" timestamp="2020-09-11T10:29:40.545" intervalms="2143.888" type="nursery" />
<cycle-start id="4633" type="scavenge" contextid="0" timestamp="2020-09-11T10:29:40.545" intervalms="2143.875" />
<gc-start id="4634" type="scavenge" contextid="4633" timestamp="2020-09-11T10:29:40.545">
  <mem-info id="4635" free="369630632" total="2821586944" percent="13">
    <mem type="nursery" free="125472" total="939524096" percent="0">
      <mem type="allocate" free="125472" total="802619392" percent="0" />
      <mem type="survivor" free="0" total="136904704" percent="0" />
    </mem>
    <mem type="tenure" free="369505160" total="1882062848" percent="19">
      <mem type="soa" free="275401608" total="1787959296" percent="15" />
      <mem type="loa" free="94103552" total="94103552" percent="100" />
    </mem>
    <remembered-set count="194371" />
  </mem-info>
</gc-start>
<allocation-stats totalBytes="688130064" >
  <allocated-bytes non-tlh="28189656" tlh="659940408" />
  <largest-consumer threadName="Group1.Backend.CompositeBackend{Tier1}.3" threadId="0000000000856800" bytes="96424864" />
</allocation-stats>
<gc-op id="4636" type="scavenge" timems="96.911" contextid="4633" timestamp="2020-09-11T10:29:40.642">
  <scavenger-info tenureage="3" tenuremask="7ff8" tiltratio="85" />
  <memory-copied type="nursery" objects="4408737" bytes="116326928" bytesdiscarded="247744" />
  <memory-copied type="tenure" objects="1149655" bytes="30895328" bytesdiscarded="136880" />
  <ownableSynchronizers candidates="4336" cleared="4025" />
  <references type="soft" candidates="261" cleared="0" enqueued="0" dynamicThreshold="17" maxThreshold="32" />
  <references type="weak" candidates="126" cleared="126" enqueued="0" />
</gc-op>
<gc-end id="4637" type="scavenge" contextid="4633" durationms="98.002" usertimems="765.298" systemtimems="0.000" timestamp="2020-09-11T10:29:40.643" activeThreads="8">
  <mem-info id="4638" free="1025132384" total="2821586944" percent="36">
    <mem type="nursery" free="686682608" total="939524096" percent="73">
      <mem type="allocate" free="686682608" total="803340288" percent="85" />
      <mem type="survivor" free="0" total="136183808" percent="0" />
    </mem>
    <mem type="tenure" free="338449776" total="1882062848" percent="17" macro-fragmented="0">
      <mem type="soa" free="244346224" total="1787959296" percent="13" />
      <mem type="loa" free="94103552" total="94103552" percent="100" />
    </mem>
    <remembered-set count="29869" />
  </mem-info>
</gc-end>
<cycle-end id="4639" type="scavenge" contextid="4633" timestamp="2020-09-11T10:29:40.644" />
<allocation-satisfied id="4640" threadId="0000000000856800" bytesRequested="266440" />
<af-end id="4641" timestamp="2020-09-11T10:29:40.644" threadId="0000000000857180" success="true" from="nursery"/>
<exclusive-end id="4642" timestamp="2020-09-11T10:29:40.644" durationms="100.299" />

<exclusive-start id="4643" timestamp="2020-09-11T10:29:42.646" intervalms="2101.430">
  <response-info timems="7.215" idlems="7.215" threads="0" lastid="00000000007F6F00" lastname="Group1.Backend.CompositeBackend{Tier1}.2" />
</exclusive-start>
<af-start id="4644" threadId="00000000007F7880" totalBytesRequested="16" timestamp="2020-09-11T10:29:42.646" intervalms="2101.426" type="nursery" />
<cycle-start id="4645" type="scavenge" contextid="0" timestamp="2020-09-11T10:29:42.647" intervalms="2101.493" />
<gc-start id="4646" type="scavenge" contextid="4645" timestamp="2020-09-11T10:29:42.647">
  <mem-info id="4647" free="338449776" total="2821586944" percent="11">
    <mem type="nursery" free="0" total="939524096" percent="0">
      <mem type="allocate" free="0" total="803340288" percent="0" />
      <mem type="survivor" free="0" total="136183808" percent="0" />
    </mem>
    <mem type="tenure" free="338449776" total="1882062848" percent="17">
      <mem type="soa" free="244346224" total="1787959296" percent="13" />
      <mem type="loa" free="94103552" total="94103552" percent="100" />
    </mem>
    <remembered-set count="194902" />
  </mem-info>
</gc-start>
<allocation-stats totalBytes="686375696" >
  <allocated-bytes non-tlh="32099408" tlh="654276288" />
  <largest-consumer threadName="Group1.Backend.CompositeBackend{Tier1}.4" threadId="0000000000842600" bytes="105990000" />
</allocation-stats>
<gc-op id="4648" type="scavenge" timems="137.522" contextid="4645" timestamp="2020-09-11T10:29:42.784">
  <scavenger-info tenureage="3" tenuremask="7ff8" tiltratio="85" />
  <memory-copied type="nursery" objects="4489097" bytes="119101912" bytesdiscarded="262408" />
  <memory-copied type="tenure" objects="1044212" bytes="28074120" bytesdiscarded="127168" />
  <ownableSynchronizers candidates="4303" cleared="3966" />
  <references type="soft" candidates="261" cleared="0" enqueued="0" dynamicThreshold="17" maxThreshold="32" />
  <references type="weak" candidates="118" cleared="118" enqueued="0" />
</gc-op>
<gc-end id="4649" type="scavenge" contextid="4645" durationms="138.813" usertimems="893.048" systemtimems="7.739" timestamp="2020-09-11T10:29:42.785" activeThreads="8">
  <mem-info id="4650" free="993910576" total="2821586944" percent="35">
    <mem type="nursery" free="683629544" total="939524096" percent="72">
      <mem type="allocate" free="683629544" total="803078144" percent="85" />
      <mem type="survivor" free="0" total="136445952" percent="0" />
    </mem>
    <mem type="tenure" free="310281032" total="1882062848" percent="16" macro-fragmented="0">
      <mem type="soa" free="216177480" total="1787959296" percent="12" />
      <mem type="loa" free="94103552" total="94103552" percent="100" />
    </mem>
    <remembered-set count="30606" />
  </mem-info>
</gc-end>
<cycle-end id="4651" type="scavenge" contextid="4645" timestamp="2020-09-11T10:29:42.787" />
<allocation-satisfied id="4652" threadId="00000000007F6F00" bytesRequested="16" />
<af-end id="4653" timestamp="2020-09-11T10:29:42.787" threadId="00000000007F7880" success="true" from="nursery"/>
<exclusive-end id="4654" timestamp="2020-09-11T10:29:42.787" durationms="141.156" />

<exclusive-start id="4655" timestamp="2020-09-11T10:29:44.700" intervalms="2054.533">
  <response-info timems="10.095" idlems="10.095" threads="0" lastid="0000000000837900" lastname="Group1.Backend.CompositeBackend{Tier1}.8" />
</exclusive-start>
<af-start id="4656" threadId="0000000000838280" totalBytesRequested="16" timestamp="2020-09-11T10:29:44.701" intervalms="2055.160" type="nursery" />
<cycle-start id="4657" type="scavenge" contextid="0" timestamp="2020-09-11T10:29:44.702" intervalms="2055.155" />
<gc-start id="4658" type="scavenge" contextid="4657" timestamp="2020-09-11T10:29:44.702">
  <mem-info id="4659" free="310281032" total="2821586944" percent="10">
    <mem type="nursery" free="0" total="939524096" percent="0">
      <mem type="allocate" free="0" total="803078144" percent="0" />
      <mem type="survivor" free="0" total="136445952" percent="0" />
    </mem>
    <mem type="tenure" free="310281032" total="1882062848" percent="16">
      <mem type="soa" free="216177480" total="1787959296" percent="12" />
      <mem type="loa" free="94103552" total="94103552" percent="100" />
    </mem>
    <remembered-set count="191831" />
  </mem-info>
</gc-start>
<allocation-stats totalBytes="683320120" >
  <allocated-bytes non-tlh="35253576" tlh="648066544" />
  <largest-consumer threadName="Group1.Backend.CompositeBackend{Tier1}.4" threadId="0000000000842600" bytes="92355048" />
</allocation-stats>
<gc-op id="4660" type="scavenge" timems="104.885" contextid="4657" timestamp="2020-09-11T10:29:44.807">
  <scavenger-info tenureage="3" tenuremask="7ff8" tiltratio="85" />
  <memory-copied type="nursery" objects="4124281" bytes="110530056" bytesdiscarded="169888" />
  <memory-copied type="tenure" objects="1091710" bytes="29370448" bytesdiscarded="140648" />
  <ownableSynchronizers candidates="3890" cleared="3559" />
  <references type="soft" candidates="248" cleared="0" enqueued="0" dynamicThreshold="17" maxThreshold="32" />
  <references type="weak" candidates="113" cleared="113" enqueued="0" />
</gc-op>
<gc-end id="4661" type="scavenge" contextid="4657" durationms="106.147" usertimems="821.994" systemtimems="2.731" timestamp="2020-09-11T10:29:44.808" activeThreads="8">
  <mem-info id="4662" free="973644752" total="2821586944" percent="34">
    <mem type="nursery" free="692883968" total="939524096" percent="73">
      <mem type="allocate" free="692883968" total="803667968" percent="86" />
      <mem type="survivor" free="0" total="135856128" percent="0" />
    </mem>
    <mem type="tenure" free="280760784" total="1882062848" percent="14" macro-fragmented="0">
      <mem type="soa" free="186657232" total="1787959296" percent="10" />
      <mem type="loa" free="94103552" total="94103552" percent="100" />
    </mem>
    <remembered-set count="31769" />
  </mem-info>
</gc-end>
<cycle-end id="4663" type="scavenge" contextid="4657" timestamp="2020-09-11T10:29:44.809" />
<allocation-satisfied id="4664" threadId="0000000000837900" bytesRequested="16" />
<af-end id="4665" timestamp="2020-09-11T10:29:44.809" threadId="0000000000838280" success="true" from="nursery"/>
<exclusive-end id="4666" timestamp="2020-09-11T10:29:44.809" durationms="109.060" />

<exclusive-start id="4667" timestamp="2020-09-11T10:29:46.782" intervalms="2081.518">
  <response-info timems="0.562" idlems="0.321" threads="1" lastid="0000000000785E00" lastname="Group1.Backend.CompositeBackend{Tier1}.1" />
</exclusive-start>
<af-start id="4668" threadId="0000000000A3E080" totalBytesRequested="16" timestamp="2020-09-11T10:29:46.782" intervalms="2080.793" type="nursery" />
<cycle-start id="4669" type="scavenge" contextid="0" timestamp="2020-09-11T10:29:46.782" intervalms="2080.721" />
<gc-start id="4670" type="scavenge" contextid="4669" timestamp="2020-09-11T10:29:46.783">
  <mem-info id="4671" free="280760784" total="2821586944" percent="9">
    <mem type="nursery" free="0" total="939524096" percent="0">
      <mem type="allocate" free="0" total="803667968" percent="0" />
      <mem type="survivor" free="0" total="135856128" percent="0" />
    </mem>
    <mem type="tenure" free="280760784" total="1882062848" percent="14">
      <mem type="soa" free="186657232" total="1787959296" percent="10" />
      <mem type="loa" free="94103552" total="94103552" percent="100" />
    </mem>
    <remembered-set count="195211" />
  </mem-info>
</gc-start>
<allocation-stats totalBytes="692560384" >
  <allocated-bytes non-tlh="35299640" tlh="657260744" />
  <largest-consumer threadName="Group1.Backend.CompositeBackend{Tier1}.4" threadId="0000000000842600" bytes="93778792" />
</allocation-stats>
<gc-op id="4672" type="scavenge" timems="106.220" contextid="4669" timestamp="2020-09-11T10:29:46.889">
  <scavenger-info tenureage="3" tenuremask="7ff8" tiltratio="85" />
  <memory-copied type="nursery" objects="4104556" bytes="109984288" bytesdiscarded="178168" />
  <memory-copied type="tenure" objects="1135646" bytes="30518304" bytesdiscarded="131640" />
  <ownableSynchronizers candidates="3849" cleared="3555" />
  <references type="soft" candidates="243" cleared="0" enqueued="0" dynamicThreshold="17" maxThreshold="32" />
  <references type="weak" candidates="118" cleared="118" enqueued="0" />
</gc-op>
<gc-end id="4673" type="scavenge" contextid="4669" durationms="107.095" usertimems="752.924" systemtimems="0.291" timestamp="2020-09-11T10:29:46.890" activeThreads="8">
  <mem-info id="4674" free="945959056" total="2821586944" percent="33">
    <mem type="nursery" free="695843328" total="939524096" percent="74">
      <mem type="allocate" free="695843328" total="806092800" percent="86" />
      <mem type="survivor" free="0" total="133431296" percent="0" />
    </mem>
    <mem type="tenure" free="250115728" total="1882062848" percent="13" macro-fragmented="0">
      <mem type="soa" free="156012176" total="1787959296" percent="8" />
      <mem type="loa" free="94103552" total="94103552" percent="100" />
    </mem>
    <remembered-set count="32208" />
  </mem-info>
</gc-end>
<cycle-end id="4675" type="scavenge" contextid="4669" timestamp="2020-09-11T10:29:46.891" />
<allocation-satisfied id="4676" threadId="0000000000A3D700" bytesRequested="16" />
<af-end id="4677" timestamp="2020-09-11T10:29:46.891" threadId="0000000000A3E080" success="true" from="nursery"/>
<exclusive-end id="4678" timestamp="2020-09-11T10:29:46.891" durationms="109.209" />

<exclusive-start id="4679" timestamp="2020-09-11T10:29:48.887" intervalms="2105.285">
  <response-info timems="2.717" idlems="2.528" threads="1" lastid="00000000007F6F00" lastname="Group1.Backend.CompositeBackend{Tier1}.2" />
</exclusive-start>
<af-start id="4680" threadId="0000000000842F80" totalBytesRequested="16" timestamp="2020-09-11T10:29:48.888" intervalms="2105.353" type="nursery" />
<cycle-start id="4681" type="scavenge" contextid="0" timestamp="2020-09-11T10:29:48.888" intervalms="2105.360" />
<gc-start id="4682" type="scavenge" contextid="4681" timestamp="2020-09-11T10:29:48.888">
  <mem-info id="4683" free="250115728" total="2821586944" percent="8">
    <mem type="nursery" free="0" total="939524096" percent="0">
      <mem type="allocate" free="0" total="806092800" percent="0" />
      <mem type="survivor" free="0" total="133431296" percent="0" />
    </mem>
    <mem type="tenure" free="250115728" total="1882062848" percent="13">
      <mem type="soa" free="156012176" total="1787959296" percent="8" />
      <mem type="loa" free="94103552" total="94103552" percent="100" />
    </mem>
    <remembered-set count="197330" />
  </mem-info>
</gc-start>
<allocation-stats totalBytes="695520016" >
  <allocated-bytes non-tlh="31909968" tlh="663610048" />
  <largest-consumer threadName="Group1.Backend.CompositeBackend{Tier1}.7" threadId="0000000000854300" bytes="92385240" />
</allocation-stats>
<gc-op id="4684" type="scavenge" timems="113.066" contextid="4681" timestamp="2020-09-11T10:29:49.001">
  <scavenger-info tenureage="3" tenuremask="7ff8" tiltratio="85" />
  <memory-copied type="nursery" objects="4145637" bytes="111072856" bytesdiscarded="112416" />
  <memory-copied type="tenure" objects="1104078" bytes="29653224" bytesdiscarded="135144" />
  <ownableSynchronizers candidates="3573" cleared="3289" />
  <references type="soft" candidates="214" cleared="0" enqueued="0" dynamicThreshold="17" maxThreshold="32" />
  <references type="weak" candidates="113" cleared="113" enqueued="0" />
</gc-op>
<gc-end id="4685" type="scavenge" contextid="4681" durationms="113.904" usertimems="807.132" systemtimems="15.290" timestamp="2020-09-11T10:29:49.002" activeThreads="8">
  <mem-info id="4686" free="916637104" total="2821586944" percent="32">
    <mem type="nursery" free="696323072" total="939524096" percent="74">
      <mem type="allocate" free="696323072" total="807600128" percent="86" />
      <mem type="survivor" free="0" total="131923968" percent="0" />
    </mem>
    <mem type="tenure" free="220314032" total="1882062848" percent="11" macro-fragmented="0">
      <mem type="soa" free="126210480" total="1787959296" percent="7" />
      <mem type="loa" free="94103552" total="94103552" percent="100" />
    </mem>
    <remembered-set count="31402" />
  </mem-info>
</gc-end>
<cycle-end id="4687" type="scavenge" contextid="4681" timestamp="2020-09-11T10:29:49.003" />
<allocation-satisfied id="4688" threadId="0000000000842600" bytesRequested="16" />
<af-end id="4689" timestamp="2020-09-11T10:29:49.003" threadId="0000000000842F80" success="true" from="nursery"/>
<exclusive-end id="4690" timestamp="2020-09-11T10:29:49.003" durationms="116.272" />

<exclusive-start id="4691" timestamp="2020-09-11T10:29:50.988" intervalms="2100.645">
  <response-info timems="0.501" idlems="0.501" threads="0" lastid="0000000000854300" lastname="Group1.Backend.CompositeBackend{Tier1}.7" />
</exclusive-start>
<af-start id="4692" threadId="0000000000854C80" totalBytesRequested="1032" timestamp="2020-09-11T10:29:50.988" intervalms="2100.631" type="nursery" />
<cycle-start id="4693" type="scavenge" contextid="0" timestamp="2020-09-11T10:29:50.988" intervalms="2100.649" />
<gc-start id="4694" type="scavenge" contextid="4693" timestamp="2020-09-11T10:29:50.989">
  <mem-info id="4695" free="220314032" total="2821586944" percent="7">
    <mem type="nursery" free="0" total="939524096" percent="0">
      <mem type="allocate" free="0" total="807600128" percent="0" />
      <mem type="survivor" free="0" total="131923968" percent="0" />
    </mem>
    <mem type="tenure" free="220314032" total="1882062848" percent="11">
      <mem type="soa" free="126210480" total="1787959296" percent="7" />
      <mem type="loa" free="94103552" total="94103552" percent="100" />
    </mem>
    <remembered-set count="195884" />
  </mem-info>
</gc-start>
<allocation-stats totalBytes="695992760" >
  <allocated-bytes non-tlh="33000952" tlh="662991808" />
  <largest-consumer threadName="Group1.Backend.CompositeBackend{Tier1}.5" threadId="0000000000843100" bytes="109728224" />
</allocation-stats>
<gc-op id="4696" type="scavenge" timems="85.754" contextid="4693" timestamp="2020-09-11T10:29:51.074">
  <scavenger-info tenureage="3" tenuremask="7ff8" tiltratio="85" />
  <memory-copied type="nursery" objects="4070718" bytes="109279256" bytesdiscarded="189320" />
  <memory-copied type="tenure" objects="1076006" bytes="28931144" bytesdiscarded="120528" />
  <ownableSynchronizers candidates="4395" cleared="4103" />
  <references type="soft" candidates="226" cleared="0" enqueued="0" dynamicThreshold="17" maxThreshold="32" />
  <references type="weak" candidates="117" cleared="117" enqueued="0" />
</gc-op>
<gc-end id="4697" type="scavenge" contextid="4693" durationms="86.621" usertimems="676.578" systemtimems="0.000" timestamp="2020-09-11T10:29:51.075" activeThreads="8">
  <mem-info id="4698" free="890811128" total="2821586944" percent="31">
    <mem type="nursery" free="699557632" total="939524096" percent="74">
      <mem type="allocate" free="699557632" total="809107456" percent="86" />
      <mem type="survivor" free="0" total="130416640" percent="0" />
    </mem>
    <mem type="tenure" free="191253496" total="1882062848" percent="10" macro-fragmented="0">
      <mem type="soa" free="97149944" total="1787959296" percent="5" />
      <mem type="loa" free="94103552" total="94103552" percent="100" />
    </mem>
    <remembered-set count="32356" />
  </mem-info>
</gc-end>
<cycle-end id="4699" type="scavenge" contextid="4693" timestamp="2020-09-11T10:29:51.076" />
<allocation-satisfied id="4700" threadId="0000000000854300" bytesRequested="1032" />
<af-end id="4701" timestamp="2020-09-11T10:29:51.076" threadId="0000000000854C80" success="true" from="nursery"/>
<exclusive-end id="4702" timestamp="2020-09-11T10:29:51.076" durationms="88.810" />

<exclusive-start id="4703" timestamp="2020-09-11T10:29:53.093" intervalms="2105.544">
  <response-info timems="0.540" idlems="0.540" threads="0" lastid="0000000000842600" lastname="Group1.Backend.CompositeBackend{Tier1}.4" />
</exclusive-start>
<af-start id="4704" threadId="0000000000842F80" totalBytesRequested="16" timestamp="2020-09-11T10:29:53.094" intervalms="2105.616" type="nursery" />
<cycle-start id="4705" type="scavenge" contextid="0" timestamp="2020-09-11T10:29:53.094" intervalms="2105.601" />
<gc-start id="4706" type="scavenge" contextid="4705" timestamp="2020-09-11T10:29:53.094">
  <mem-info id="4707" free="191253496" total="2821586944" percent="6">
    <mem type="nursery" free="0" total="939524096" percent="0">
      <mem type="allocate" free="0" total="809107456" percent="0" />
      <mem type="survivor" free="0" total="130416640" percent="0" />
    </mem>
    <mem type="tenure" free="191253496" total="1882062848" percent="10">
      <mem type="soa" free="97149944" total="1787959296" percent="5" />
      <mem type="loa" free="94103552" total="94103552" percent="100" />
    </mem>
    <remembered-set count="194894" />
  </mem-info>
</gc-start>
<allocation-stats totalBytes="699223040" >
  <allocated-bytes non-tlh="33817192" tlh="665405848" />
  <largest-consumer threadName="Group1.Backend.CompositeBackend{Tier1}.6" threadId="0000000000843D00" bytes="120363808" />
</allocation-stats>
<gc-op id="4708" type="scavenge" timems="127.581" contextid="4705" timestamp="2020-09-11T10:29:53.222">
  <scavenger-info tenureage="3" tenuremask="7ff8" tiltratio="86" />
  <memory-copied type="nursery" objects="4430505" bytes="117420296" bytesdiscarded="240528" />
  <memory-copied type="tenure" objects="1086699" bytes="29204008" bytesdiscarded="136720" />
  <ownableSynchronizers candidates="3517" cleared="3226" />
  <references type="soft" candidates="243" cleared="0" enqueued="0" dynamicThreshold="17" maxThreshold="32" />
  <references type="weak" candidates="119" cleared="118" enqueued="0" />
</gc-op>
<gc-end id="4709" type="scavenge" contextid="4705" durationms="128.687" usertimems="938.691" systemtimems="0.000" timestamp="2020-09-11T10:29:53.223" activeThreads="8">
  <mem-info id="4710" free="845062176" total="2821586944" percent="29">
    <mem type="nursery" free="683171544" total="939524096" percent="72">
      <mem type="allocate" free="683171544" total="800915456" percent="85" />
      <mem type="survivor" free="0" total="138608640" percent="0" />
    </mem>
    <mem type="tenure" free="161890632" total="1882062848" percent="8" macro-fragmented="0">
      <mem type="soa" free="67787080" total="1787959296" percent="3" />
      <mem type="loa" free="94103552" total="94103552" percent="100" />
    </mem>
    <remembered-set count="31420" />
  </mem-info>
</gc-end>
<cycle-end id="4711" type="scavenge" contextid="4705" timestamp="2020-09-11T10:29:53.224" />
<allocation-satisfied id="4712" threadId="0000000000842600" bytesRequested="16" />
<af-end id="4713" timestamp="2020-09-11T10:29:53.224" threadId="0000000000842F80" success="true" from="nursery"/>
<exclusive-end id="4714" timestamp="2020-09-11T10:29:53.224" durationms="131.031" />

<exclusive-start id="4715" timestamp="2020-09-11T10:29:55.266" intervalms="2172.823">
  <response-info timems="0.479" idlems="0.244" threads="1" lastid="0000000000843100" lastname="Group1.Backend.CompositeBackend{Tier1}.5" />
</exclusive-start>
<af-start id="4716" threadId="00000000007F7880" totalBytesRequested="1032" timestamp="2020-09-11T10:29:55.267" intervalms="2172.791" type="nursery" />
<cycle-start id="4717" type="scavenge" contextid="0" timestamp="2020-09-11T10:29:55.267" intervalms="2172.783" />
<gc-start id="4718" type="scavenge" contextid="4717" timestamp="2020-09-11T10:29:55.267">
  <mem-info id="4719" free="161890632" total="2821586944" percent="5">
    <mem type="nursery" free="0" total="939524096" percent="0">
      <mem type="allocate" free="0" total="800915456" percent="0" />
      <mem type="survivor" free="0" total="138608640" percent="0" />
    </mem>
    <mem type="tenure" free="161890632" total="1882062848" percent="8">
      <mem type="soa" free="67787080" total="1787959296" percent="3" />
      <mem type="loa" free="94103552" total="94103552" percent="100" />
    </mem>
    <remembered-set count="194870" />
  </mem-info>
</gc-start>
<allocation-stats totalBytes="682844800" >
  <allocated-bytes non-tlh="30631008" tlh="652213792" />
  <largest-consumer threadName="Group1.Backend.CompositeBackend{Tier1}.8" threadId="0000000000837900" bytes="122181072" />
</allocation-stats>
<gc-op id="4720" type="scavenge" timems="122.050" contextid="4717" timestamp="2020-09-11T10:29:55.389">
  <scavenger-info tenureage="3" tenuremask="7ff8" tiltratio="85" />
  <memory-copied type="nursery" objects="4681925" bytes="123559576" bytesdiscarded="184600" />
  <memory-copied type="tenure" objects="1114771" bytes="29942656" bytesdiscarded="120368" />
  <ownableSynchronizers candidates="3460" cleared="3161" />
  <references type="soft" candidates="274" cleared="0" enqueued="0" dynamicThreshold="17" maxThreshold="32" />
  <references type="weak" candidates="108" cleared="108" enqueued="0" />
</gc-op>
<gc-end id="4721" type="scavenge" contextid="4717" durationms="122.895" usertimems="891.353" systemtimems="1.977" timestamp="2020-09-11T10:29:55.390" activeThreads="8">
  <mem-info id="4722" free="803427376" total="2821586944" percent="28">
    <mem type="nursery" free="671708816" total="939524096" percent="71">
      <mem type="allocate" free="671708816" total="795541504" percent="84" />
      <mem type="survivor" free="0" total="143982592" percent="0" />
    </mem>
    <mem type="tenure" free="131718560" total="1882062848" percent="6" macro-fragmented="0">
      <mem type="soa" free="37615008" total="1787959296" percent="2" />
      <mem type="loa" free="94103552" total="94103552" percent="100" />
    </mem>
    <remembered-set count="29347" />
  </mem-info>
</gc-end>
<cycle-end id="4723" type="scavenge" contextid="4717" timestamp="2020-09-11T10:29:55.391" />
<allocation-satisfied id="4724" threadId="00000000007F6F00" bytesRequested="1032" />
<af-end id="4725" timestamp="2020-09-11T10:29:55.391" threadId="00000000007F7880" success="true" from="nursery"/>
<exclusive-end id="4726" timestamp="2020-09-11T10:29:55.391" durationms="125.243" />

<exclusive-start id="4727" timestamp="2020-09-11T10:29:57.229" intervalms="1962.808">
  <response-info timems="0.502" idlems="0.502" threads="0" lastid="0000000000842600" lastname="Group1.Backend.CompositeBackend{Tier1}.4" />
</exclusive-start>
<af-start id="4728" threadId="0000000000842F80" totalBytesRequested="400" timestamp="2020-09-11T10:29:57.229" intervalms="1962.728" type="nursery" />
<cycle-start id="4729" type="scavenge" contextid="0" timestamp="2020-09-11T10:29:57.230" intervalms="1962.752" />
<gc-start id="4730" type="scavenge" contextid="4729" timestamp="2020-09-11T10:29:57.230">
  <mem-info id="4731" free="131718560" total="2821586944" percent="4">
    <mem type="nursery" free="0" total="939524096" percent="0">
      <mem type="allocate" free="0" total="795541504" percent="0" />
      <mem type="survivor" free="0" total="143982592" percent="0" />
    </mem>
    <mem type="tenure" free="131718560" total="1882062848" percent="6">
      <mem type="soa" free="37615008" total="1787959296" percent="2" />
      <mem type="loa" free="94103552" total="94103552" percent="100" />
    </mem>
    <remembered-set count="188830" />
  </mem-info>
</gc-start>
<allocation-stats totalBytes="671405224" >
  <allocated-bytes non-tlh="33900728" tlh="637504496" />
  <largest-consumer threadName="Group1.Backend.CompositeBackend{Tier1}.6" threadId="0000000000843D00" bytes="92090152" />
</allocation-stats>
<gc-op id="4732" type="scavenge" timems="96.913" contextid="4729" timestamp="2020-09-11T10:29:57.327">
  <scavenger-info tenureage="3" tenuremask="7ff8" tiltratio="84" />
  <memory-copied type="nursery" objects="4051060" bytes="108732000" bytesdiscarded="284552" />
  <memory-copied type="tenure" objects="1107586" bytes="29771232" bytesdiscarded="9312" />
  <ownableSynchronizers candidates="3668" cleared="3359" />
  <references type="soft" candidates="244" cleared="0" enqueued="0" dynamicThreshold="17" maxThreshold="32" />
  <references type="weak" candidates="142" cleared="142" enqueued="0" />
</gc-op>
<gc-end id="4733" type="scavenge" contextid="4729" durationms="97.761" usertimems="702.129" systemtimems="2.445" timestamp="2020-09-11T10:29:57.327" activeThreads="8">
  <mem-info id="4734" free="789252512" total="2821586944" percent="27">
    <mem type="nursery" free="687555840" total="939524096" percent="73">
      <mem type="allocate" free="687555840" total="796655616" percent="86" />
      <mem type="survivor" free="0" total="142868480" percent="0" />
    </mem>
    <mem type="tenure" free="101696672" total="1882062848" percent="5" macro-fragmented="0">
      <mem type="soa" free="7593120" total="1787959296" percent="0" />
      <mem type="loa" free="94103552" total="94103552" percent="100" />
    </mem>
    <remembered-set count="28202" />
  </mem-info>
</gc-end>
<cycle-end id="4735" type="scavenge" contextid="4729" timestamp="2020-09-11T10:29:57.329" />
<allocation-satisfied id="4736" threadId="0000000000842600" bytesRequested="400" />
<af-end id="4737" timestamp="2020-09-11T10:29:57.329" threadId="0000000000842F80" success="true" from="nursery"/>
<exclusive-end id="4738" timestamp="2020-09-11T10:29:57.329" durationms="100.205" />

<exclusive-start id="4739" timestamp="2020-09-11T10:29:59.408" intervalms="2179.423">
  <response-info timems="0.725" idlems="0.722" threads="1" lastid="0000000000843D00" lastname="Group1.Backend.CompositeBackend{Tier1}.6" />
</exclusive-start>
<af-start id="4740" threadId="0000000000857180" totalBytesRequested="32" timestamp="2020-09-11T10:29:59.409" intervalms="2179.587" type="nursery" />
<percolate-collect id="4741" from="nursery" to="global" reason="prevent tenure expand" timestamp="2020-09-11T10:29:59.409"/>
<cycle-start id="4742" type="global" contextid="0" timestamp="2020-09-11T10:29:59.409" intervalms="68256.847" />
<gc-start id="4743" type="global" contextid="4742" timestamp="2020-09-11T10:29:59.410">
  <mem-info id="4744" free="101696672" total="2821586944" percent="3">
    <mem type="nursery" free="0" total="939524096" percent="0">
      <mem type="allocate" free="0" total="796655616" percent="0" />
      <mem type="survivor" free="0" total="142868480" percent="0" />
    </mem>
    <mem type="tenure" free="101696672" total="1882062848" percent="5">
      <mem type="soa" free="7593120" total="1787959296" percent="0" />
      <mem type="loa" free="94103552" total="94103552" percent="100" />
    </mem>
    <remembered-set count="195679" />
  </mem-info>
</gc-start>
<allocation-stats totalBytes="687195192" >
  <allocated-bytes non-tlh="25864560" tlh="661330632" />
  <largest-consumer threadName="Group1.Backend.CompositeBackend{Tier1}.3" threadId="0000000000856800" bytes="99247896" />
</allocation-stats>
<heap-resize id="4745" type="loa contract" space="tenure" amount="18820096" count="1" timems="0.000" reason="contract underutilized loa" timestamp="2020-09-11T10:29:59.410" />
<gc-op id="4746" type="mark" timems="658.288" contextid="4742" timestamp="2020-09-11T10:30:00.068">
  <trace-info objectcount="30957492" scancount="29977103" scanbytes="820408568" />
  <finalization candidates="150" enqueued="0" />
  <ownableSynchronizers candidates="592877" cleared="5613" />
  <references type="soft" candidates="717084" cleared="0" enqueued="0" dynamicThreshold="17" maxThreshold="32" />
  <references type="weak" candidates="4400" cleared="107" enqueued="0" />
  <references type="phantom" candidates="108" cleared="0" enqueued="0" />
  <stringconstants candidates="11118" cleared="1"  />
</gc-op>
<gc-op id="4747" type="sweep" timems="16.766" contextid="4742" timestamp="2020-09-11T10:30:00.085" />
<gc-end id="4748" type="global" contextid="4742" durationms="676.070" usertimems="4866.143" systemtimems="0.000" timestamp="2020-09-11T10:30:00.085" activeThreads="8">
  <mem-info id="4749" free="1650099384" total="2821586944" percent="58">
    <mem type="nursery" free="602128504" total="939524096" percent="64">
      <mem type="allocate" free="602128504" total="796655616" percent="75" />
      <mem type="survivor" free="0" total="142868480" percent="0" />
    </mem>
    <mem type="tenure" free="1047970880" total="1882062848" percent="55" micro-fragmented="78005511" macro-fragmented="0">
      <mem type="soa" free="972687424" total="1806779392" percent="53" />
      <mem type="loa" free="75283456" total="75283456" percent="100" />
    </mem>
    <remembered-set count="189902" />
  </mem-info>
</gc-end>
<cycle-end id="4750" type="global" contextid="4742" timestamp="2020-09-11T10:30:00.087" />
<allocation-satisfied id="4751" threadId="0000000000856800" bytesRequested="32" />
<af-end id="4752" timestamp="2020-09-11T10:30:00.087" threadId="0000000000857180" success="true" from="nursery"/>
<exclusive-end id="4753" timestamp="2020-09-11T10:30:00.087" durationms="678.857" />

<exclusive-start id="4754" timestamp="2020-09-11T10:30:01.149" intervalms="1741.349">
  <response-info timems="0.370" idlems="0.370" threads="0" lastid="0000000000842600" lastname="Group1.Backend.CompositeBackend{Tier1}.4" />
</exclusive-start>
<af-start id="4755" threadId="0000000000842F80" totalBytesRequested="218840" timestamp="2020-09-11T10:30:01.150" intervalms="1741.172" type="nursery" />
<cycle-start id="4756" type="scavenge" contextid="0" timestamp="2020-09-11T10:30:01.150" intervalms="3920.740" />
<gc-start id="4757" type="scavenge" contextid="4756" timestamp="2020-09-11T10:30:01.151">
  <mem-info id="4758" free="1085396496" total="2821586944" percent="38">
    <mem type="nursery" free="37425664" total="939524096" percent="3">
      <mem type="allocate" free="37425664" total="796655616" percent="4" />
      <mem type="survivor" free="0" total="142868480" percent="0" />
    </mem>
    <mem type="tenure" free="1047970832" total="1882062848" percent="55">
      <mem type="soa" free="972687376" total="1806779392" percent="53" />
      <mem type="loa" free="75283456" total="75283456" percent="100" />
    </mem>
    <remembered-set count="241769" />
  </mem-info>
</gc-start>
<allocation-stats totalBytes="562376392" >
  <allocated-bytes non-tlh="29475088" tlh="532901304" />
  <largest-consumer threadName="Group1.Backend.CompositeBackend{Tier1}.1" threadId="0000000000785E00" bytes="75137680" />
</allocation-stats>
<gc-op id="4759" type="scavenge" timems="145.840" contextid="4756" timestamp="2020-09-11T10:30:01.296">
  <scavenger-info tenureage="3" tenuremask="7ff8" tiltratio="84" />
  <memory-copied type="nursery" objects="5090387" bytes="136602640" bytesdiscarded="492384" />
  <memory-copied type="tenure" objects="1001632" bytes="26929720" bytesdiscarded="47952" />
  <ownableSynchronizers candidates="1177385" cleared="1177023" />
  <references type="soft" candidates="317" cleared="0" enqueued="0" dynamicThreshold="17" maxThreshold="32" />
  <references type="weak" candidates="104" cleared="103" enqueued="0" />
</gc-op>
<gc-end id="4760" type="scavenge" contextid="4756" durationms="147.442" usertimems="1128.640" systemtimems="6.851" timestamp="2020-09-11T10:30:01.298" activeThreads="8">
  <mem-info id="4761" free="1647117880" total="2821586944" percent="58">
    <mem type="nursery" free="626321696" total="939524096" percent="66">
      <mem type="allocate" free="626321696" total="763559936" percent="82" />
      <mem type="survivor" free="0" total="175964160" percent="0" />
    </mem>
    <mem type="tenure" free="1020796184" total="1882062848" percent="54" macro-fragmented="0">
      <mem type="soa" free="945512728" total="1806779392" percent="52" />
      <mem type="loa" free="75283456" total="75283456" percent="100" />
    </mem>
    <remembered-set count="38260" />
  </mem-info>
</gc-end>
<cycle-end id="4762" type="scavenge" contextid="4756" timestamp="2020-09-11T10:30:01.299" />
<allocation-satisfied id="4763" threadId="0000000000842600" bytesRequested="218840" />
<af-end id="4764" timestamp="2020-09-11T10:30:01.299" threadId="0000000000842F80" success="true" from="nursery"/>
<exclusive-end id="4765" timestamp="2020-09-11T10:30:01.299" durationms="149.999" />

<exclusive-start id="4766" timestamp="2020-09-11T10:30:02.961" intervalms="1811.512">
  <response-info timems="0.669" idlems="0.437" threads="1" lastid="0000000000843D00" lastname="Group1.Backend.CompositeBackend{Tier1}.6" />
</exclusive-start>
<af-start id="4767" threadId="0000000000A51080" totalBytesRequested="16" timestamp="2020-09-11T10:30:02.962" intervalms="1811.498" type="nursery" />
<cycle-start id="4768" type="scavenge" contextid="0" timestamp="2020-09-11T10:30:02.962" intervalms="1811.487" />
<gc-start id="4769" type="scavenge" contextid="4768" timestamp="2020-09-11T10:30:02.962">
  <mem-info id="4770" free="1020796184" total="2821586944" percent="36">
    <mem type="nursery" free="0" total="939524096" percent="0">
      <mem type="allocate" free="0" total="763559936" percent="0" />
      <mem type="survivor" free="0" total="175964160" percent="0" />
    </mem>
    <mem type="tenure" free="1020796184" total="1882062848" percent="54">
      <mem type="soa" free="945512728" total="1806779392" percent="52" />
      <mem type="loa" free="75283456" total="75283456" percent="100" />
    </mem>
    <remembered-set count="190806" />
  </mem-info>
</gc-start>
<allocation-stats totalBytes="626029280" >
  <allocated-bytes non-tlh="34882736" tlh="591146544" />
  <largest-consumer threadName="Group1.Backend.CompositeBackend{Tier1}.2" threadId="00000000007F6F00" bytes="80280368" />
</allocation-stats>
<gc-op id="4771" type="scavenge" timems="118.516" contextid="4768" timestamp="2020-09-11T10:30:03.081">
  <scavenger-info tenureage="3" tenuremask="7ff8" tiltratio="81" />
  <memory-copied type="nursery" objects="5179135" bytes="137636120" bytesdiscarded="260808" />
  <memory-copied type="tenure" objects="1031159" bytes="27720400" bytesdiscarded="67248" />
  <ownableSynchronizers candidates="2689" cleared="2350" />
  <references type="soft" candidates="285" cleared="0" enqueued="0" dynamicThreshold="17" maxThreshold="32" />
  <references type="weak" candidates="113" cleared="113" enqueued="0" />
</gc-op>
<gc-end id="4772" type="scavenge" contextid="4768" durationms="119.256" usertimems="881.726" systemtimems="0.000" timestamp="2020-09-11T10:30:03.081" activeThreads="8">
  <mem-info id="4773" free="1635221864" total="2821586944" percent="57">
    <mem type="nursery" free="642104376" total="939524096" percent="68">
      <mem type="allocate" free="642104376" total="780075008" percent="82" />
      <mem type="survivor" free="0" total="159449088" percent="0" />
    </mem>
    <mem type="tenure" free="993117488" total="1882062848" percent="52" macro-fragmented="0">
      <mem type="soa" free="917834032" total="1806779392" percent="50" />
      <mem type="loa" free="75283456" total="75283456" percent="100" />
    </mem>
    <remembered-set count="38645" />
  </mem-info>
</gc-end>
<cycle-end id="4774" type="scavenge" contextid="4768" timestamp="2020-09-11T10:30:03.082" />
<allocation-satisfied id="4775" threadId="0000000000A50700" bytesRequested="16" />
<af-end id="4776" timestamp="2020-09-11T10:30:03.082" threadId="0000000000A51080" success="true" from="nursery"/>
<exclusive-end id="4777" timestamp="2020-09-11T10:30:03.082" durationms="121.437" />

<exclusive-start id="4778" timestamp="2020-09-11T10:30:04.897" intervalms="1935.765">
  <response-info timems="0.376" idlems="0.161" threads="2" lastid="0000000000854300" lastname="Group1.Backend.CompositeBackend{Tier1}.7" />
</exclusive-start>
<af-start id="4779" threadId="0000000000A3E080" totalBytesRequested="16" timestamp="2020-09-11T10:30:04.898" intervalms="1935.943" type="nursery" />
<cycle-start id="4780" type="scavenge" contextid="0" timestamp="2020-09-11T10:30:04.898" intervalms="1935.959" />
<gc-start id="4781" type="scavenge" contextid="4780" timestamp="2020-09-11T10:30:04.898">
  <mem-info id="4782" free="993117488" total="2821586944" percent="35">
    <mem type="nursery" free="0" total="939524096" percent="0">
      <mem type="allocate" free="0" total="780075008" percent="0" />
      <mem type="survivor" free="0" total="159449088" percent="0" />
    </mem>
    <mem type="tenure" free="993117488" total="1882062848" percent="52">
      <mem type="soa" free="917834032" total="1806779392" percent="50" />
      <mem type="loa" free="75283456" total="75283456" percent="100" />
    </mem>
    <remembered-set count="196444" />
  </mem-info>
</gc-start>
<allocation-stats totalBytes="641796056" >
  <allocated-bytes non-tlh="31067280" tlh="610728776" />
  <largest-consumer threadName="Group1.Backend.CompositeBackend{Tier1}.4" threadId="0000000000842600" bytes="91043592" />
</allocation-stats>
<gc-op id="4783" type="scavenge" timems="103.946" contextid="4780" timestamp="2020-09-11T10:30:05.002">
  <scavenger-info tenureage="3" tenuremask="7ff8" tiltratio="83" />
  <memory-copied type="nursery" objects="5040929" bytes="134300312" bytesdiscarded="127072" />
  <memory-copied type="tenure" objects="992931" bytes="26685912" bytesdiscarded="75840" />
  <ownableSynchronizers candidates="3349" cleared="3022" />
  <references type="soft" candidates="286" cleared="0" enqueued="0" dynamicThreshold="17" maxThreshold="32" />
  <references type="weak" candidates="123" cleared="123" enqueued="0" />
</gc-op>
<gc-end id="4784" type="scavenge" contextid="4780" durationms="104.889" usertimems="810.610" systemtimems="1.326" timestamp="2020-09-11T10:30:05.003" activeThreads="8">
  <mem-info id="4785" free="1612940792" total="2821586944" percent="57">
    <mem type="nursery" free="646610304" total="939524096" percent="68">
      <mem type="allocate" free="646610304" total="781123584" percent="82" />
      <mem type="survivor" free="0" total="158400512" percent="0" />
    </mem>
    <mem type="tenure" free="966330488" total="1882062848" percent="51" macro-fragmented="0">
      <mem type="soa" free="891047032" total="1806779392" percent="49" />
      <mem type="loa" free="75283456" total="75283456" percent="100" />
    </mem>
    <remembered-set count="39060" />
  </mem-info>
</gc-end>
<cycle-end id="4786" type="scavenge" contextid="4780" timestamp="2020-09-11T10:30:05.004" />
<allocation-satisfied id="4787" threadId="0000000000A3D700" bytesRequested="16" />
<af-end id="4788" timestamp="2020-09-11T10:30:05.004" threadId="0000000000A3E080" success="true" from="nursery"/>
<exclusive-end id="4789" timestamp="2020-09-11T10:30:05.004" durationms="107.199" />

<exclusive-start id="4790" timestamp="2020-09-11T10:30:06.946" intervalms="2049.046">
  <response-info timems="0.930" idlems="0.930" threads="0" lastid="00000000007F6F00" lastname="Group1.Backend.CompositeBackend{Tier1}.2" />
</exclusive-start>
<af-start id="4791" threadId="00000000007F7880" totalBytesRequested="24" timestamp="2020-09-11T10:30:06.946" intervalms="2048.830" type="nursery" />
<cycle-start id="4792" type="scavenge" contextid="0" timestamp="2020-09-11T10:30:06.947" intervalms="2048.808" />
<gc-start id="4793" type="scavenge" contextid="4792" timestamp="2020-09-11T10:30:06.947">
  <mem-info id="4794" free="966330488" total="2821586944" percent="34">
    <mem type="nursery" free="0" total="939524096" percent="0">
      <mem type="allocate" free="0" total="781123584" percent="0" />
      <mem type="survivor" free="0" total="158400512" percent="0" />
    </mem>
    <mem type="tenure" free="966330488" total="1882062848" percent="51">
      <mem type="soa" free="891047032" total="1806779392" percent="49" />
      <mem type="loa" free="75283456" total="75283456" percent="100" />
    </mem>
    <remembered-set count="198218" />
  </mem-info>
</gc-start>
<allocation-stats totalBytes="646297736" >
  <allocated-bytes non-tlh="26313424" tlh="619984312" />
  <largest-consumer threadName="Group1.Backend.CompositeBackend{Tier1}.2" threadId="00000000007F6F00" bytes="86232472" />
</allocation-stats>
<gc-op id="4795" type="scavenge" timems="133.187" contextid="4792" timestamp="2020-09-11T10:30:07.080">
  <scavenger-info tenureage="3" tenuremask="7ff8" tiltratio="83" />
  <memory-copied type="nursery" objects="3857026" bytes="103287272" bytesdiscarded="202176" />
  <memory-copied type="tenure" objects="1995399" bytes="53606872" bytesdiscarded="96200" />
  <ownableSynchronizers candidates="3534" cleared="3220" />
  <references type="soft" candidates="194" cleared="0" enqueued="0" dynamicThreshold="17" maxThreshold="32" />
  <references type="weak" candidates="98" cleared="98" enqueued="0" />
</gc-op>
<gc-end id="4796" type="scavenge" contextid="4792" durationms="134.221" usertimems="936.127" systemtimems="4.963" timestamp="2020-09-11T10:30:07.081" activeThreads="8">
  <mem-info id="4797" free="1591648416" total="2821586944" percent="56">
    <mem type="nursery" free="679130584" total="939524096" percent="72">
      <mem type="allocate" free="679130584" total="782696448" percent="86" />
      <mem type="survivor" free="0" total="156827648" percent="0" />
    </mem>
    <mem type="tenure" free="912517832" total="1882062848" percent="48" macro-fragmented="0">
      <mem type="soa" free="837234376" total="1806779392" percent="46" />
      <mem type="loa" free="75283456" total="75283456" percent="100" />
    </mem>
    <remembered-set count="28401" />
  </mem-info>
</gc-end>
<cycle-end id="4798" type="scavenge" contextid="4792" timestamp="2020-09-11T10:30:07.082" />
<allocation-satisfied id="4799" threadId="00000000007F6F00" bytesRequested="24" />
<af-end id="4800" timestamp="2020-09-11T10:30:07.082" threadId="00000000007F7880" success="true" from="nursery"/>
<exclusive-end id="4801" timestamp="2020-09-11T10:30:07.082" durationms="136.439" />

<exclusive-start id="4802" timestamp="2020-09-11T10:30:08.943" intervalms="1996.998">
  <response-info timems="0.373" idlems="0.373" threads="0" lastid="0000000000856800" lastname="Group1.Backend.CompositeBackend{Tier1}.3" />
</exclusive-start>
<af-start id="4803" threadId="0000000000857180" totalBytesRequested="16" timestamp="2020-09-11T10:30:08.943" intervalms="1997.016" type="nursery" />
<cycle-start id="4804" type="scavenge" contextid="0" timestamp="2020-09-11T10:30:08.944" intervalms="1997.022" />
<gc-start id="4805" type="scavenge" contextid="4804" timestamp="2020-09-11T10:30:08.944">
  <mem-info id="4806" free="912517832" total="2821586944" percent="32">
    <mem type="nursery" free="0" total="939524096" percent="0">
      <mem type="allocate" free="0" total="782696448" percent="0" />
      <mem type="survivor" free="0" total="156827648" percent="0" />
    </mem>
    <mem type="tenure" free="912517832" total="1882062848" percent="48">
      <mem type="soa" free="837234376" total="1806779392" percent="46" />
      <mem type="loa" free="75283456" total="75283456" percent="100" />
    </mem>
    <remembered-set count="187214" />
  </mem-info>
</gc-start>
<allocation-stats totalBytes="678800248" >
  <allocated-bytes non-tlh="36221872" tlh="642578376" />
  <largest-consumer threadName="Group1.Backend.CompositeBackend{Tier1}.5" threadId="0000000000843100" bytes="104194088" />
</allocation-stats>
<gc-op id="4807" type="scavenge" timems="112.290" contextid="4804" timestamp="2020-09-11T10:30:09.056">
  <scavenger-info tenureage="3" tenuremask="7ff8" tiltratio="83" />
  <memory-copied type="nursery" objects="3877510" bytes="104189616" bytesdiscarded="296512" />
  <memory-copied type="tenure" objects="969865" bytes="26181880" bytesdiscarded="84696" />
  <ownableSynchronizers candidates="4890" cleared="4632" />
  <references type="soft" candidates="213" cleared="0" enqueued="0" dynamicThreshold="17" maxThreshold="32" />
  <references type="weak" candidates="128" cleared="128" enqueued="0" />
</gc-op>
<gc-end id="4808" type="scavenge" contextid="4804" durationms="113.158" usertimems="817.483" systemtimems="15.485" timestamp="2020-09-11T10:30:09.057" activeThreads="8">
  <mem-info id="4809" free="1572018448" total="2821586944" percent="55">
    <mem type="nursery" free="685932032" total="939524096" percent="73">
      <mem type="allocate" free="685932032" total="790495232" percent="86" />
      <mem type="survivor" free="0" total="149028864" percent="0" />
    </mem>
    <mem type="tenure" free="886086416" total="1882062848" percent="47" macro-fragmented="0">
      <mem type="soa" free="810802960" total="1806779392" percent="44" />
      <mem type="loa" free="75283456" total="75283456" percent="100" />
    </mem>
    <remembered-set count="26722" />
  </mem-info>
</gc-end>
<cycle-end id="4810" type="scavenge" contextid="4804" timestamp="2020-09-11T10:30:09.058" />
<allocation-satisfied id="4811" threadId="0000000000856800" bytesRequested="16" />
<af-end id="4812" timestamp="2020-09-11T10:30:09.058" threadId="0000000000857180" success="true" from="nursery"/>
<exclusive-end id="4813" timestamp="2020-09-11T10:30:09.058" durationms="115.631" />

<exclusive-start id="4814" timestamp="2020-09-11T10:30:11.066" intervalms="2123.169">
  <response-info timems="9.869" idlems="9.869" threads="0" lastid="0000000000856800" lastname="Group1.Backend.CompositeBackend{Tier1}.3" />
</exclusive-start>
<af-start id="4815" threadId="0000000000857180" totalBytesRequested="24" timestamp="2020-09-11T10:30:11.067" intervalms="2123.514" type="nursery" />
<cycle-start id="4816" type="scavenge" contextid="0" timestamp="2020-09-11T10:30:11.067" intervalms="2123.627" />
<gc-start id="4817" type="scavenge" contextid="4816" timestamp="2020-09-11T10:30:11.068">
  <mem-info id="4818" free="886086416" total="2821586944" percent="31">
    <mem type="nursery" free="0" total="939524096" percent="0">
      <mem type="allocate" free="0" total="790495232" percent="0" />
      <mem type="survivor" free="0" total="149028864" percent="0" />
    </mem>
    <mem type="tenure" free="886086416" total="1882062848" percent="47">
      <mem type="soa" free="810802960" total="1806779392" percent="44" />
      <mem type="loa" free="75283456" total="75283456" percent="100" />
    </mem>
    <remembered-set count="187306" />
  </mem-info>
</gc-start>
<allocation-stats totalBytes="685613040" >
  <allocated-bytes non-tlh="31205712" tlh="654407328" />
  <largest-consumer threadName="Group1.Backend.CompositeBackend{Tier1}.1" threadId="0000000000785E00" bytes="101468848" />
</allocation-stats>
<gc-op id="4819" type="scavenge" timems="150.835" contextid="4816" timestamp="2020-09-11T10:30:11.218">
  <scavenger-info tenureage="3" tenuremask="7ff8" tiltratio="84" />
  <memory-copied type="nursery" objects="4544632" bytes="120129352" bytesdiscarded="229864" />
  <memory-copied type="tenure" objects="1044916" bytes="28092672" bytesdiscarded="87976" />
  <ownableSynchronizers candidates="3446" cleared="3162" />
  <references type="soft" candidates="233" cleared="0" enqueued="0" dynamicThreshold="17" maxThreshold="32" />
  <references type="weak" candidates="114" cleared="114" enqueued="0" />
</gc-op>
<gc-end id="4820" type="scavenge" contextid="4816" durationms="151.994" usertimems="1125.783" systemtimems="14.369" timestamp="2020-09-11T10:30:11.219" activeThreads="8">
  <mem-info id="4821" free="1527414280" total="2821586944" percent="54">
    <mem type="nursery" free="669399792" total="939524096" percent="71">
      <mem type="allocate" free="669399792" total="789839872" percent="84" />
      <mem type="survivor" free="0" total="149684224" percent="0" />
    </mem>
    <mem type="tenure" free="858014488" total="1882062848" percent="45" macro-fragmented="0">
      <mem type="soa" free="782731032" total="1806779392" percent="43" />
      <mem type="loa" free="75283456" total="75283456" percent="100" />
    </mem>
    <remembered-set count="26980" />
  </mem-info>
</gc-end>
<cycle-end id="4822" type="scavenge" contextid="4816" timestamp="2020-09-11T10:30:11.221" />
<allocation-satisfied id="4823" threadId="0000000000856800" bytesRequested="24" />
<af-end id="4824" timestamp="2020-09-11T10:30:11.222" threadId="0000000000857180" success="true" from="nursery"/>
<exclusive-end id="4825" timestamp="2020-09-11T10:30:11.222" durationms="155.645" />

<exclusive-start id="4826" timestamp="2020-09-11T10:30:13.113" intervalms="2046.626">
  <response-info timems="0.629" idlems="0.629" threads="0" lastid="0000000000843100" lastname="Group1.Backend.CompositeBackend{Tier1}.5" />
</exclusive-start>
<af-start id="4827" threadId="0000000000843A80" totalBytesRequested="16" timestamp="2020-09-11T10:30:13.113" intervalms="2046.388" type="nursery" />
<cycle-start id="4828" type="scavenge" contextid="0" timestamp="2020-09-11T10:30:13.113" intervalms="2046.288" />
<gc-start id="4829" type="scavenge" contextid="4828" timestamp="2020-09-11T10:30:13.114">
  <mem-info id="4830" free="858014488" total="2821586944" percent="30">
    <mem type="nursery" free="0" total="939524096" percent="0">
      <mem type="allocate" free="0" total="789839872" percent="0" />
      <mem type="survivor" free="0" total="149684224" percent="0" />
    </mem>
    <mem type="tenure" free="858014488" total="1882062848" percent="45">
      <mem type="soa" free="782731032" total="1806779392" percent="43" />
      <mem type="loa" free="75283456" total="75283456" percent="100" />
    </mem>
    <remembered-set count="189008" />
  </mem-info>
</gc-start>
<allocation-stats totalBytes="669070224" >
  <allocated-bytes non-tlh="30979880" tlh="638090344" />
  <largest-consumer threadName="Group1.Backend.CompositeBackend{Tier1}.4" threadId="0000000000842600" bytes="101452272" />
</allocation-stats>
<gc-op id="4831" type="scavenge" timems="148.605" contextid="4828" timestamp="2020-09-11T10:30:13.262">
  <scavenger-info tenureage="3" tenuremask="7ff8" tiltratio="84" />
  <memory-copied type="nursery" objects="4180260" bytes="112145600" bytesdiscarded="153320" />
  <memory-copied type="tenure" objects="1059167" bytes="28502136" bytesdiscarded="90552" />
  <ownableSynchronizers candidates="4397" cleared="4095" />
  <references type="soft" candidates="239" cleared="0" enqueued="0" dynamicThreshold="17" maxThreshold="32" />
  <references type="weak" candidates="122" cleared="122" enqueued="0" />
</gc-op>
<gc-end id="4832" type="scavenge" contextid="4828" durationms="150.127" usertimems="1124.860" systemtimems="13.203" timestamp="2020-09-11T10:30:13.264" activeThreads="8">
  <mem-info id="4833" free="1509902840" total="2821586944" percent="53">
    <mem type="nursery" free="680472904" total="939524096" percent="72">
      <mem type="allocate" free="680472904" total="792854528" percent="85" />
      <mem type="survivor" free="0" total="146669568" percent="0" />
    </mem>
    <mem type="tenure" free="829429936" total="1882062848" percent="44" macro-fragmented="0">
      <mem type="soa" free="754146480" total="1806779392" percent="41" />
      <mem type="loa" free="75283456" total="75283456" percent="100" />
    </mem>
    <remembered-set count="28571" />
  </mem-info>
</gc-end>
<cycle-end id="4834" type="scavenge" contextid="4828" timestamp="2020-09-11T10:30:13.266" />
<allocation-satisfied id="4835" threadId="0000000000843100" bytesRequested="16" />
<af-end id="4836" timestamp="2020-09-11T10:30:13.266" threadId="0000000000843A80" success="true" from="nursery"/>
<exclusive-end id="4837" timestamp="2020-09-11T10:30:13.266" durationms="153.150" />

<exclusive-start id="4838" timestamp="2020-09-11T10:30:15.109" intervalms="1996.730">
  <response-info timems="0.848" idlems="0.848" threads="0" lastid="00000000007F6F00" lastname="Group1.Backend.CompositeBackend{Tier1}.2" />
</exclusive-start>
<af-start id="4839" threadId="00000000007F7880" totalBytesRequested="24" timestamp="2020-09-11T10:30:15.110" intervalms="1996.714" type="nursery" />
<cycle-start id="4840" type="scavenge" contextid="0" timestamp="2020-09-11T10:30:15.110" intervalms="1996.696" />
<gc-start id="4841" type="scavenge" contextid="4840" timestamp="2020-09-11T10:30:15.110">
  <mem-info id="4842" free="829429936" total="2821586944" percent="29">
    <mem type="nursery" free="0" total="939524096" percent="0">
      <mem type="allocate" free="0" total="792854528" percent="0" />
      <mem type="survivor" free="0" total="146669568" percent="0" />
    </mem>
    <mem type="tenure" free="829429936" total="1882062848" percent="44">
      <mem type="soa" free="754146480" total="1806779392" percent="41" />
      <mem type="loa" free="75283456" total="75283456" percent="100" />
    </mem>
    <remembered-set count="188010" />
  </mem-info>
</gc-start>
<allocation-stats totalBytes="680159920" >
  <allocated-bytes non-tlh="36097200" tlh="644062720" />
  <largest-consumer threadName="Group1.Backend.CompositeBackend{Tier1}.7" threadId="0000000000854300" bytes="104521208" />
</allocation-stats>
<gc-op id="4843" type="scavenge" timems="150.331" contextid="4840" timestamp="2020-09-11T10:30:15.261">
  <scavenger-info tenureage="3" tenuremask="7ff8" tiltratio="84" />
  <memory-copied type="nursery" objects="4294269" bytes="114359232" bytesdiscarded="334128" />
  <memory-copied type="tenure" objects="1065687" bytes="28674672" bytesdiscarded="85408" />
  <ownableSynchronizers candidates="4685" cleared="4361" />
  <references type="soft" candidates="234" cleared="0" enqueued="0" dynamicThreshold="17" maxThreshold="32" />
  <references type="weak" candidates="113" cleared="113" enqueued="0" />
</gc-op>
<gc-end id="4844" type="scavenge" contextid="4840" durationms="151.401" usertimems="1128.368" systemtimems="12.520" timestamp="2020-09-11T10:30:15.262" activeThreads="8">
  <mem-info id="4845" free="1482011336" total="2821586944" percent="52">
    <mem type="nursery" free="681293672" total="939524096" percent="72">
      <mem type="allocate" free="681293672" total="796065792" percent="85" />
      <mem type="survivor" free="0" total="143458304" percent="0" />
    </mem>
    <mem type="tenure" free="800717664" total="1882062848" percent="42" macro-fragmented="0">
      <mem type="soa" free="725434208" total="1806779392" percent="40" />
      <mem type="loa" free="75283456" total="75283456" percent="100" />
    </mem>
    <remembered-set count="30475" />
  </mem-info>
</gc-end>
<cycle-end id="4846" type="scavenge" contextid="4840" timestamp="2020-09-11T10:30:15.263" />
<allocation-satisfied id="4847" threadId="00000000007F6F00" bytesRequested="24" />
<af-end id="4848" timestamp="2020-09-11T10:30:15.264" threadId="00000000007F7880" success="true" from="nursery"/>
<exclusive-end id="4849" timestamp="2020-09-11T10:30:15.264" durationms="154.281" />

<exclusive-start id="4850" timestamp="2020-09-11T10:30:17.268" intervalms="2159.139">
  <response-info timems="0.815" idlems="0.815" threads="0" lastid="0000000000842600" lastname="Group1.Backend.CompositeBackend{Tier1}.4" />
</exclusive-start>
<af-start id="4851" threadId="0000000000842F80" totalBytesRequested="16" timestamp="2020-09-11T10:30:17.269" intervalms="2159.285" type="nursery" />
<cycle-start id="4852" type="scavenge" contextid="0" timestamp="2020-09-11T10:30:17.270" intervalms="2159.365" />
<gc-start id="4853" type="scavenge" contextid="4852" timestamp="2020-09-11T10:30:17.270">
  <mem-info id="4854" free="800717664" total="2821586944" percent="28">
    <mem type="nursery" free="0" total="939524096" percent="0">
      <mem type="allocate" free="0" total="796065792" percent="0" />
      <mem type="survivor" free="0" total="143458304" percent="0" />
    </mem>
    <mem type="tenure" free="800717664" total="1882062848" percent="42">
      <mem type="soa" free="725434208" total="1806779392" percent="40" />
      <mem type="loa" free="75283456" total="75283456" percent="100" />
    </mem>
    <remembered-set count="198594" />
  </mem-info>
</gc-start>
<allocation-stats totalBytes="680954272" >
  <allocated-bytes non-tlh="24001592" tlh="656952680" />
  <largest-consumer threadName="Group1.Backend.CompositeBackend{Tier1}.3" threadId="0000000000856800" bytes="100299800" />
</allocation-stats>
<gc-op id="4855" type="scavenge" timems="125.402" contextid="4852" timestamp="2020-09-11T10:30:17.395">
  <scavenger-info tenureage="3" tenuremask="7ff8" tiltratio="84" />
  <memory-copied type="nursery" objects="4255382" bytes="113200144" bytesdiscarded="165080" />
  <memory-copied type="tenure" objects="1076610" bytes="28950800" bytesdiscarded="85592" />
  <ownableSynchronizers candidates="4948" cleared="4630" />
  <references type="soft" candidates="216" cleared="0" enqueued="0" dynamicThreshold="17" maxThreshold="32" />
  <references type="weak" candidates="108" cleared="107" enqueued="0" />
</gc-op>
<gc-end id="4856" type="scavenge" contextid="4852" durationms="126.529" usertimems="920.133" systemtimems="7.525" timestamp="2020-09-11T10:30:17.396" activeThreads="8">
  <mem-info id="4857" free="1457415368" total="2821586944" percent="51">
    <mem type="nursery" free="685689592" total="939524096" percent="72">
      <mem type="allocate" free="685689592" total="799145984" percent="85" />
      <mem type="survivor" free="0" total="140378112" percent="0" />
    </mem>
    <mem type="tenure" free="771725776" total="1882062848" percent="41" macro-fragmented="0">
      <mem type="soa" free="696442320" total="1806779392" percent="38" />
      <mem type="loa" free="75283456" total="75283456" percent="100" />
    </mem>
    <remembered-set count="31392" />
  </mem-info>
</gc-end>
<cycle-end id="4858" type="scavenge" contextid="4852" timestamp="2020-09-11T10:30:17.398" />
<allocation-satisfied id="4859" threadId="0000000000842600" bytesRequested="16" />
<af-end id="4860" timestamp="2020-09-11T10:30:17.398" threadId="0000000000842F80" success="true" from="nursery"/>
<exclusive-end id="4861" timestamp="2020-09-11T10:30:17.398" durationms="129.174" />

<exclusive-start id="4862" timestamp="2020-09-11T10:30:19.329" intervalms="2060.745">
  <response-info timems="7.550" idlems="7.550" threads="0" lastid="0000000000843100" lastname="Group1.Backend.CompositeBackend{Tier1}.5" />
</exclusive-start>
<af-start id="4863" threadId="0000000000843A80" totalBytesRequested="24" timestamp="2020-09-11T10:30:19.330" intervalms="2060.681" type="nursery" />
<cycle-start id="4864" type="scavenge" contextid="0" timestamp="2020-09-11T10:30:19.330" intervalms="2060.639" />
<gc-start id="4865" type="scavenge" contextid="4864" timestamp="2020-09-11T10:30:19.330">
  <mem-info id="4866" free="771725776" total="2821586944" percent="27">
    <mem type="nursery" free="0" total="939524096" percent="0">
      <mem type="allocate" free="0" total="799145984" percent="0" />
      <mem type="survivor" free="0" total="140378112" percent="0" />
    </mem>
    <mem type="tenure" free="771725776" total="1882062848" percent="41">
      <mem type="soa" free="696442320" total="1806779392" percent="38" />
      <mem type="loa" free="75283456" total="75283456" percent="100" />
    </mem>
    <remembered-set count="193124" />
  </mem-info>
</gc-start>
<allocation-stats totalBytes="685352152" >
  <allocated-bytes non-tlh="34845304" tlh="650506848" />
  <largest-consumer threadName="Group1.Backend.CompositeBackend{Tier1}.1" threadId="0000000000785E00" bytes="113884928" />
</allocation-stats>
<gc-op id="4867" type="scavenge" timems="147.905" contextid="4864" timestamp="2020-09-11T10:30:19.478">
  <scavenger-info tenureage="3" tenuremask="7ff8" tiltratio="85" />
  <memory-copied type="nursery" objects="4215976" bytes="112392008" bytesdiscarded="224552" />
  <memory-copied type="tenure" objects="1078825" bytes="29023944" bytesdiscarded="84640" />
  <ownableSynchronizers candidates="4140" cleared="3824" />
  <references type="soft" candidates="219" cleared="0" enqueued="0" dynamicThreshold="17" maxThreshold="32" />
  <references type="weak" candidates="104" cleared="104" enqueued="0" />
</gc-op>
<gc-end id="4868" type="scavenge" contextid="4864" durationms="149.022" usertimems="1034.441" systemtimems="9.415" timestamp="2020-09-11T10:30:19.479" activeThreads="8">
  <mem-info id="4869" free="1431748464" total="2821586944" percent="50">
    <mem type="nursery" free="689129712" total="939524096" percent="73">
      <mem type="allocate" free="689129712" total="801832960" percent="85" />
      <mem type="survivor" free="0" total="137691136" percent="0" />
    </mem>
    <mem type="tenure" free="742618752" total="1882062848" percent="39" macro-fragmented="0">
      <mem type="soa" free="667335296" total="1806779392" percent="36" />
      <mem type="loa" free="75283456" total="75283456" percent="100" />
    </mem>
    <remembered-set count="32580" />
  </mem-info>
</gc-end>
<cycle-end id="4870" type="scavenge" contextid="4864" timestamp="2020-09-11T10:30:19.481" />
<allocation-satisfied id="4871" threadId="0000000000843100" bytesRequested="24" />
<af-end id="4872" timestamp="2020-09-11T10:30:19.481" threadId="0000000000843A80" success="true" from="nursery"/>
<exclusive-end id="4873" timestamp="2020-09-11T10:30:19.481" durationms="151.547" />

<exclusive-start id="4874" timestamp="2020-09-11T10:30:21.417" intervalms="2087.650">
  <response-info timems="0.788" idlems="0.788" threads="0" lastid="0000000000843100" lastname="Group1.Backend.CompositeBackend{Tier1}.5" />
</exclusive-start>
<af-start id="4875" threadId="0000000000843A80" totalBytesRequested="24" timestamp="2020-09-11T10:30:21.418" intervalms="2087.884" type="nursery" />
<cycle-start id="4876" type="scavenge" contextid="0" timestamp="2020-09-11T10:30:21.418" intervalms="2087.912" />
<gc-start id="4877" type="scavenge" contextid="4876" timestamp="2020-09-11T10:30:21.418">
  <mem-info id="4878" free="742618752" total="2821586944" percent="26">
    <mem type="nursery" free="0" total="939524096" percent="0">
      <mem type="allocate" free="0" total="801832960" percent="0" />
      <mem type="survivor" free="0" total="137691136" percent="0" />
    </mem>
    <mem type="tenure" free="742618752" total="1882062848" percent="39">
      <mem type="soa" free="667335296" total="1806779392" percent="36" />
      <mem type="loa" free="75283456" total="75283456" percent="100" />
    </mem>
    <remembered-set count="195854" />
  </mem-info>
</gc-start>
<allocation-stats totalBytes="688802752" >
  <allocated-bytes non-tlh="33103088" tlh="655699664" />
  <largest-consumer threadName="Group1.Backend.CompositeBackend{Tier1}.6" threadId="0000000000843D00" bytes="131993896" />
</allocation-stats>
<gc-op id="4879" type="scavenge" timems="118.835" contextid="4876" timestamp="2020-09-11T10:30:21.537">
  <scavenger-info tenureage="3" tenuremask="7ff8" tiltratio="85" />
  <memory-copied type="nursery" objects="4255926" bytes="113481936" bytesdiscarded="180744" />
  <memory-copied type="tenure" objects="1034026" bytes="27776144" bytesdiscarded="83472" />
  <ownableSynchronizers candidates="3855" cleared="3556" />
  <references type="soft" candidates="205" cleared="0" enqueued="0" dynamicThreshold="17" maxThreshold="32" />
  <references type="weak" candidates="103" cleared="103" enqueued="0" />
</gc-op>
<gc-end id="4880" type="scavenge" contextid="4876" durationms="119.956" usertimems="865.482" systemtimems="3.315" timestamp="2020-09-11T10:30:21.538" activeThreads="8">
  <mem-info id="4881" free="1404715784" total="2821586944" percent="49">
    <mem type="nursery" free="689980920" total="939524096" percent="73">
      <mem type="allocate" free="689980920" total="803733504" percent="85" />
      <mem type="survivor" free="0" total="135790592" percent="0" />
    </mem>
    <mem type="tenure" free="714734864" total="1882062848" percent="37" macro-fragmented="0">
      <mem type="soa" free="639451408" total="1806779392" percent="35" />
      <mem type="loa" free="75283456" total="75283456" percent="100" />
    </mem>
    <remembered-set count="31703" />
  </mem-info>
</gc-end>
<cycle-end id="4882" type="scavenge" contextid="4876" timestamp="2020-09-11T10:30:21.540" />
<allocation-satisfied id="4883" threadId="0000000000843100" bytesRequested="24" />
<af-end id="4884" timestamp="2020-09-11T10:30:21.540" threadId="0000000000843A80" success="true" from="nursery"/>
<exclusive-end id="4885" timestamp="2020-09-11T10:30:21.540" durationms="122.972" />

<exclusive-start id="4886" timestamp="2020-09-11T10:30:23.501" intervalms="2083.681">
  <response-info timems="0.782" idlems="0.782" threads="0" lastid="0000000000856800" lastname="Group1.Backend.CompositeBackend{Tier1}.3" />
</exclusive-start>
<af-start id="4887" threadId="0000000000857180" totalBytesRequested="266496" timestamp="2020-09-11T10:30:23.501" intervalms="2083.401" type="nursery" />
<cycle-start id="4888" type="scavenge" contextid="0" timestamp="2020-09-11T10:30:23.501" intervalms="2083.400" />
<gc-start id="4889" type="scavenge" contextid="4888" timestamp="2020-09-11T10:30:23.502">
  <mem-info id="4890" free="714843912" total="2821586944" percent="25">
    <mem type="nursery" free="109048" total="939524096" percent="0">
      <mem type="allocate" free="109048" total="803733504" percent="0" />
      <mem type="survivor" free="0" total="135790592" percent="0" />
    </mem>
    <mem type="tenure" free="714734864" total="1882062848" percent="37">
      <mem type="soa" free="639451408" total="1806779392" percent="35" />
      <mem type="loa" free="75283456" total="75283456" percent="100" />
    </mem>
    <remembered-set count="191810" />
  </mem-info>
</gc-start>
<allocation-stats totalBytes="689560792" >
  <allocated-bytes non-tlh="34868224" tlh="654692568" />
  <largest-consumer threadName="Group1.Backend.CompositeBackend{Tier1}.7" threadId="0000000000854300" bytes="93353832" />
</allocation-stats>
<gc-op id="4891" type="scavenge" timems="114.978" contextid="4888" timestamp="2020-09-11T10:30:23.617">
  <scavenger-info tenureage="3" tenuremask="7ff8" tiltratio="85" />
  <memory-copied type="nursery" objects="4245012" bytes="112998912" bytesdiscarded="174264" />
  <memory-copied type="tenure" objects="1164877" bytes="31300336" bytesdiscarded="100200" />
  <ownableSynchronizers candidates="3627" cleared="3352" />
  <references type="soft" candidates="187" cleared="0" enqueued="0" dynamicThreshold="17" maxThreshold="32" />
  <references type="weak" candidates="126" cleared="126" enqueued="0" />
</gc-op>
<gc-end id="4892" type="scavenge" contextid="4888" durationms="116.478" usertimems="878.735" systemtimems="10.152" timestamp="2020-09-11T10:30:23.618" activeThreads="8">
  <mem-info id="4893" free="1375495832" total="2821586944" percent="48">
    <mem type="nursery" free="692185336" total="939524096" percent="73">
      <mem type="allocate" free="692185336" total="805437440" percent="85" />
      <mem type="survivor" free="0" total="134086656" percent="0" />
    </mem>
    <mem type="tenure" free="683310496" total="1882062848" percent="36" macro-fragmented="0">
      <mem type="soa" free="608027040" total="1806779392" percent="33" />
      <mem type="loa" free="75283456" total="75283456" percent="100" />
    </mem>
    <remembered-set count="29590" />
  </mem-info>
</gc-end>
<cycle-end id="4894" type="scavenge" contextid="4888" timestamp="2020-09-11T10:30:23.620" />
<allocation-satisfied id="4895" threadId="0000000000856800" bytesRequested="266496" />
<af-end id="4896" timestamp="2020-09-11T10:30:23.620" threadId="0000000000857180" success="true" from="nursery"/>
<exclusive-end id="4897" timestamp="2020-09-11T10:30:23.620" durationms="119.530" />

<exclusive-start id="4898" timestamp="2020-09-11T10:30:25.619" intervalms="2118.175">
  <response-info timems="0.325" idlems="0.306" threads="1" lastid="0000000000A3D700" lastname="Group1.Backend.CompositeBackend{Tier3}.2" />
</exclusive-start>
<af-start id="4899" threadId="0000000000843A80" totalBytesRequested="16" timestamp="2020-09-11T10:30:25.619" intervalms="2118.147" type="nursery" />
<cycle-start id="4900" type="scavenge" contextid="0" timestamp="2020-09-11T10:30:25.620" intervalms="2118.121" />
<gc-start id="4901" type="scavenge" contextid="4900" timestamp="2020-09-11T10:30:25.620">
  <mem-info id="4902" free="683310496" total="2821586944" percent="24">
    <mem type="nursery" free="0" total="939524096" percent="0">
      <mem type="allocate" free="0" total="805437440" percent="0" />
      <mem type="survivor" free="0" total="134086656" percent="0" />
    </mem>
    <mem type="tenure" free="683310496" total="1882062848" percent="36">
      <mem type="soa" free="608027040" total="1806779392" percent="33" />
      <mem type="loa" free="75283456" total="75283456" percent="100" />
    </mem>
    <remembered-set count="194476" />
  </mem-info>
</gc-start>
<allocation-stats totalBytes="691860464" >
  <allocated-bytes non-tlh="29501384" tlh="662359080" />
  <largest-consumer threadName="Group1.Backend.CompositeBackend{Tier1}.5" threadId="0000000000843100" bytes="116296872" />
</allocation-stats>
<gc-op id="4903" type="scavenge" timems="108.079" contextid="4900" timestamp="2020-09-11T10:30:25.728">
  <scavenger-info tenureage="3" tenuremask="7ff8" tiltratio="85" />
  <memory-copied type="nursery" objects="4409578" bytes="116995200" bytesdiscarded="150944" />
  <memory-copied type="tenure" objects="1065661" bytes="28632024" bytesdiscarded="91928" />
  <ownableSynchronizers candidates="4071" cleared="3820" />
  <references type="soft" candidates="172" cleared="0" enqueued="0" dynamicThreshold="17" maxThreshold="32" />
  <references type="weak" candidates="107" cleared="107" enqueued="0" />
</gc-op>
<gc-end id="4904" type="scavenge" contextid="4900" durationms="109.359" usertimems="772.720" systemtimems="0.000" timestamp="2020-09-11T10:30:25.729" activeThreads="8">
  <mem-info id="4905" free="1341745768" total="2821586944" percent="47">
    <mem type="nursery" free="687026912" total="939524096" percent="73">
      <mem type="allocate" free="687026912" total="804257792" percent="85" />
      <mem type="survivor" free="0" total="135266304" percent="0" />
    </mem>
    <mem type="tenure" free="654718856" total="1882062848" percent="34" macro-fragmented="0">
      <mem type="soa" free="579435400" total="1806779392" percent="32" />
      <mem type="loa" free="75283456" total="75283456" percent="100" />
    </mem>
    <remembered-set count="28497" />
  </mem-info>
</gc-end>
<cycle-end id="4906" type="scavenge" contextid="4900" timestamp="2020-09-11T10:30:25.730" />
<allocation-satisfied id="4907" threadId="0000000000843100" bytesRequested="16" />
<af-end id="4908" timestamp="2020-09-11T10:30:25.730" threadId="0000000000843A80" success="true" from="nursery"/>
<exclusive-end id="4909" timestamp="2020-09-11T10:30:25.730" durationms="111.519" />

</verbosegc>

