<?xml version="1.0" ?>

<verbosegc xmlns="http://www.ibm.com/j9/verbosegc" version="c1dd04cca_CMPRSS">

!@: MM_VerboseWriterFileLoggingSynchronous::openFile

!@: Before Trigger

<exclusive-start id="2495" timestamp="2020-09-11T09:56:39.786" intervalms="1950.270">
  <response-info timems="0.464" idlems="0.464" threads="0" lastid="000000000089C800" lastname="Group1.Backend.CompositeBackend{Tier1}.7" />
</exclusive-start>
!@: handleInitialized
<initialized id="2496" timestamp="2020-09-11T09:56:39.786">
  <attribute name="gcPolicy" value="-Xgcpolicy:gencon" />
  <attribute name="maxHeapSize" value="0xe0000000" />
  <attribute name="initialHeapSize" value="0x800000" />
  <attribute name="compressedRefs" value="true" />
  <attribute name="compressedRefsDisplacement" value="0x0" />
  <attribute name="compressedRefsShift" value="0x0" />
  <attribute name="pageSize" value="0x1000" />
  <attribute name="pageType" value="not used" />
  <attribute name="requestedPageSize" value="0x1000" />
  <attribute name="requestedPageType" value="not used" />
  <attribute name="gcthreads" value="8" />
  <attribute name="packetListSplit" value="1" />
  <attribute name="cacheListSplit" value="1" />
  <attribute name="splitFreeListSplitAmount" value="1" />
  <attribute name="numaNodes" value="0" />
  <system>
    <attribute name="physicalMemory" value="16818696192" />
    <attribute name="numCPUs" value="8" />
    <attribute name="architecture" value="amd64" />
    <attribute name="os" value="Linux" />
    <attribute name="osVersion" value="4.15.0-101-generic" />
  </system>
  <vmargs>
    <vmarg name="-Xoptionsfile=/root/code/openj9-openjdk-jdk11/build/linux-x86_64-normal-server-release/jdk/lib/options.default" />
    <vmarg name="-Xlockword:mode=default,noLockword=java/lang/String,noLockword=java/util/MapEntry,noLockword=java/util/HashMap$Entry,noLockword..." />
    <vmarg name="-Xjcl:jclse29" />
    <vmarg name="-Dcom.ibm.oti.vm.bootstrap.library.path=/root/code/openj9-openjdk-jdk11/build/linux-x86_64-normal-server-release/jdk/lib/compre..." />
    <vmarg name="-Dsun.boot.library.path=/root/code/openj9-openjdk-jdk11/build/linux-x86_64-normal-server-release/jdk/lib/compressedrefs:/root/c..." />
    <vmarg name="-Djava.library.path=/root/code/openj9-openjdk-jdk11/build/linux-x86_64-normal-server-release/jdk/lib/compressedrefs:/root/code/..." />
    <vmarg name="-Djava.home=/root/code/openj9-openjdk-jdk11/build/linux-x86_64-normal-server-release/jdk" />
    <vmarg name="-Duser.dir=/root/specjbb2015" />
    <vmarg name="-verbose:gc" />
    <vmarg name="-Xmx3584M" />
    <vmarg name="-Xgc:noConcurrentMark" />
    <vmarg name="-Xtgc:parallel" />
    <vmarg name="-XX:-UseGCStartupHints" />
    <vmarg name="-Xgcpolicy:gencon" />
    <vmarg name="-Xverbosegclog:testOutput,5,100" />
    <vmarg name="-Djava.class.path=/root/specjbb2015/specjbb2015.jar" />
    <vmarg name="-Dsun.java.command=/root/specjbb2015/specjbb2015.jar -m COMPOSITE" />
    <vmarg name="-Dsun.java.launcher=SUN_STANDARD" />
    <vmarg name="-Dsun.java.launcher.pid=1347" />
  </vmargs>
</initialized>

!@: After Trigger

<exclusive-start id="2495" timestamp="2020-09-11T09:56:39.786" intervalms="1950.270">
  <response-info timems="0.464" idlems="0.464" threads="0" lastid="000000000089C800" lastname="Group1.Backend.CompositeBackend{Tier1}.7" />
</exclusive-start>
!@: handleInitialized
<initialized id="2496" timestamp="2020-09-11T09:56:39.786">
  <attribute name="gcPolicy" value="-Xgcpolicy:gencon" />
  <attribute name="maxHeapSize" value="0xe0000000" />
  <attribute name="initialHeapSize" value="0x800000" />
  <attribute name="compressedRefs" value="true" />
  <attribute name="compressedRefsDisplacement" value="0x0" />
  <attribute name="compressedRefsShift" value="0x0" />
  <attribute name="pageSize" value="0x1000" />
  <attribute name="pageType" value="not used" />
  <attribute name="requestedPageSize" value="0x1000" />
  <attribute name="requestedPageType" value="not used" />
  <attribute name="gcthreads" value="8" />
  <attribute name="packetListSplit" value="1" />
  <attribute name="cacheListSplit" value="1" />
  <attribute name="splitFreeListSplitAmount" value="1" />
  <attribute name="numaNodes" value="0" />
  <system>
    <attribute name="physicalMemory" value="16818696192" />
    <attribute name="numCPUs" value="8" />
    <attribute name="architecture" value="amd64" />
    <attribute name="os" value="Linux" />
    <attribute name="osVersion" value="4.15.0-101-generic" />
  </system>
  <vmargs>
    <vmarg name="-Xoptionsfile=/root/code/openj9-openjdk-jdk11/build/linux-x86_64-normal-server-release/jdk/lib/options.default" />
    <vmarg name="-Xlockword:mode=default,noLockword=java/lang/String,noLockword=java/util/MapEntry,noLockword=java/util/HashMap$Entry,noLockword..." />
    <vmarg name="-Xjcl:jclse29" />
    <vmarg name="-Dcom.ibm.oti.vm.bootstrap.library.path=/root/code/openj9-openjdk-jdk11/build/linux-x86_64-normal-server-release/jdk/lib/compre..." />
    <vmarg name="-Dsun.boot.library.path=/root/code/openj9-openjdk-jdk11/build/linux-x86_64-normal-server-release/jdk/lib/compressedrefs:/root/c..." />
    <vmarg name="-Djava.library.path=/root/code/openj9-openjdk-jdk11/build/linux-x86_64-normal-server-release/jdk/lib/compressedrefs:/root/code/..." />
    <vmarg name="-Djava.home=/root/code/openj9-openjdk-jdk11/build/linux-x86_64-normal-server-release/jdk" />
    <vmarg name="-Duser.dir=/root/specjbb2015" />
    <vmarg name="-verbose:gc" />
    <vmarg name="-Xmx3584M" />
    <vmarg name="-Xgc:noConcurrentMark" />
    <vmarg name="-Xtgc:parallel" />
    <vmarg name="-XX:-UseGCStartupHints" />
    <vmarg name="-Xgcpolicy:gencon" />
    <vmarg name="-Xverbosegclog:testOutput,5,100" />
    <vmarg name="-Djava.class.path=/root/specjbb2015/specjbb2015.jar" />
    <vmarg name="-Dsun.java.command=/root/specjbb2015/specjbb2015.jar -m COMPOSITE" />
    <vmarg name="-Dsun.java.launcher=SUN_STANDARD" />
    <vmarg name="-Dsun.java.launcher.pid=1347" />
  </vmargs>
<af-start id="2497" threadId="000000000089D180" totalBytesRequested="16" timestamp="2020-09-11T09:56:39.787" intervalms="1950.616" type="nursery" />
<cycle-start id="2498" type="scavenge" contextid="0" timestamp="2020-09-11T09:56:39.787" intervalms="1950.614" />
<gc-start id="2499" type="scavenge" contextid="2498" timestamp="2020-09-11T09:56:39.788">
  <mem-info id="2500" free="971723320" total="2760835072" percent="35">
    <mem type="nursery" free="0" total="939524096" percent="0">
      <mem type="allocate" free="0" total="771227648" percent="0" />
      <mem type="survivor" free="0" total="168296448" percent="0" />
    </mem>
    <mem type="tenure" free="971723320" total="1821310976" percent="53">
      <mem type="soa" free="862444088" total="1712031744" percent="50" />
      <mem type="loa" free="109279232" total="109279232" percent="100" />
    </mem>
    <remembered-set count="194490" />
  </mem-info>
</gc-start>
<allocation-stats totalBytes="644163560" >
  <allocated-bytes non-tlh="32314920" tlh="611848640" />
  <largest-consumer threadName="Group1.Backend.CompositeBackend{Tier1}.4" threadId="000000000086B200" bytes="90320448" />
</allocation-stats>
<gc-op id="2501" type="scavenge" timems="108.099" contextid="2498" timestamp="2020-09-11T09:56:39.896">
  <scavenger-info tenureage="3" tenuremask="7ff8" tiltratio="82" />
  <memory-copied type="nursery" objects="4045683" bytes="107917608" bytesdiscarded="236656" />
  <memory-copied type="tenure" objects="1848978" bytes="50353576" bytesdiscarded="58272" />
  <ownableSynchronizers candidates="7483" cleared="6060" />
  <references type="soft" candidates="975" cleared="0" enqueued="0" dynamicThreshold="18" maxThreshold="32" />
  <references type="weak" candidates="103" cleared="103" enqueued="0" />
</gc-op>
<gc-end id="2502" type="scavenge" contextid="2498" durationms="109.276" usertimems="800.354" systemtimems="0.000" timestamp="2020-09-11T09:56:39.897" activeThreads="8">
  <mem-info id="2503" free="1589713984" total="2760835072" percent="57">
    <mem type="nursery" free="668303056" total="939524096" percent="71">
      <mem type="allocate" free="668303056" total="776536064" percent="86" />
      <mem type="survivor" free="0" total="162988032" percent="0" />
    </mem>
    <mem type="tenure" free="921410928" total="1821310976" percent="50" macro-fragmented="524304">
      <mem type="soa" free="812131696" total="1712031744" percent="47" />
      <mem type="loa" free="109279232" total="109279232" percent="100" />
    </mem>
    <remembered-set count="29414" />
  </mem-info>
</gc-end>
<cycle-end id="2504" type="scavenge" contextid="2498" timestamp="2020-09-11T09:56:39.898" />
<allocation-satisfied id="2505" threadId="000000000089C800" bytesRequested="16" />
<af-end id="2506" timestamp="2020-09-11T09:56:39.898" threadId="000000000089D180" success="true" from="nursery"/>
<exclusive-end id="2507" timestamp="2020-09-11T09:56:39.898" durationms="111.789" />

<exclusive-start id="2508" timestamp="2020-09-11T09:56:41.834" intervalms="2047.632">
  <response-info timems="0.283" idlems="0.144" threads="1" lastid="000000000086B200" lastname="Group1.Backend.CompositeBackend{Tier1}.4" />
</exclusive-start>
<af-start id="2509" threadId="000000000078B480" totalBytesRequested="16" timestamp="2020-09-11T09:56:41.834" intervalms="2047.157" type="nursery" />
<cycle-start id="2510" type="scavenge" contextid="0" timestamp="2020-09-11T09:56:41.834" intervalms="2047.141" />
<gc-start id="2511" type="scavenge" contextid="2510" timestamp="2020-09-11T09:56:41.835">
  <mem-info id="2512" free="921410928" total="2760835072" percent="33">
    <mem type="nursery" free="0" total="939524096" percent="0">
      <mem type="allocate" free="0" total="776536064" percent="0" />
      <mem type="survivor" free="0" total="162988032" percent="0" />
    </mem>
    <mem type="tenure" free="921410928" total="1821310976" percent="50">
      <mem type="soa" free="812131696" total="1712031744" percent="47" />
      <mem type="loa" free="109279232" total="109279232" percent="100" />
    </mem>
    <remembered-set count="189893" />
  </mem-info>
</gc-start>
<allocation-stats totalBytes="667979568" >
  <allocated-bytes non-tlh="30471144" tlh="637508424" />
  <largest-consumer threadName="Group1.Backend.CompositeBackend{Tier1}.4" threadId="000000000086B200" bytes="117237576" />
</allocation-stats>
<gc-op id="2513" type="scavenge" timems="84.192" contextid="2510" timestamp="2020-09-11T09:56:41.919">
  <scavenger-info tenureage="3" tenuremask="7ff8" tiltratio="82" />
  <memory-copied type="nursery" objects="3867208" bytes="103962600" bytesdiscarded="157072" />
  <memory-copied type="tenure" objects="1039491" bytes="27951792" bytesdiscarded="33064" />
  <ownableSynchronizers candidates="6392" cleared="5130" />
  <references type="soft" candidates="958" cleared="0" enqueued="0" dynamicThreshold="18" maxThreshold="32" />
  <references type="weak" candidates="124" cleared="123" enqueued="0" />
</gc-op>
<gc-end id="2514" type="scavenge" contextid="2510" durationms="85.086" usertimems="609.980" systemtimems="0.000" timestamp="2020-09-11T09:56:41.920" activeThreads="8">
  <mem-info id="2515" free="1574140288" total="2760835072" percent="57">
    <mem type="nursery" free="680720784" total="939524096" percent="72">
      <mem type="allocate" free="680720784" total="784924672" percent="86" />
      <mem type="survivor" free="0" total="154599424" percent="0" />
    </mem>
    <mem type="tenure" free="893419504" total="1821310976" percent="49" macro-fragmented="723458">
      <mem type="soa" free="784140272" total="1712031744" percent="45" />
      <mem type="loa" free="109279232" total="109279232" percent="100" />
    </mem>
    <remembered-set count="29512" />
  </mem-info>
</gc-end>
<cycle-end id="2516" type="scavenge" contextid="2510" timestamp="2020-09-11T09:56:41.921" />
<allocation-satisfied id="2517" threadId="000000000078AB00" bytesRequested="16" />
<af-end id="2518" timestamp="2020-09-11T09:56:41.921" threadId="000000000078B480" success="true" from="nursery"/>
<exclusive-end id="2519" timestamp="2020-09-11T09:56:41.921" durationms="87.117" />

<exclusive-start id="2520" timestamp="2020-09-11T09:56:43.886" intervalms="2052.526">
  <response-info timems="0.382" idlems="0.382" threads="0" lastid="000000000085F900" lastname="Group1.Backend.CompositeBackend{Tier1}.3" />
</exclusive-start>
<af-start id="2521" threadId="0000000000860280" totalBytesRequested="24" timestamp="2020-09-11T09:56:43.887" intervalms="2052.529" type="nursery" />
<cycle-start id="2522" type="scavenge" contextid="0" timestamp="2020-09-11T09:56:43.887" intervalms="2052.532" />
<gc-start id="2523" type="scavenge" contextid="2522" timestamp="2020-09-11T09:56:43.887">
  <mem-info id="2524" free="893419504" total="2760835072" percent="32">
    <mem type="nursery" free="0" total="939524096" percent="0">
      <mem type="allocate" free="0" total="784924672" percent="0" />
      <mem type="survivor" free="0" total="154599424" percent="0" />
    </mem>
    <mem type="tenure" free="893419504" total="1821310976" percent="49">
      <mem type="soa" free="784140272" total="1712031744" percent="45" />
      <mem type="loa" free="109279232" total="109279232" percent="100" />
    </mem>
    <remembered-set count="191349" />
  </mem-info>
</gc-start>
<allocation-stats totalBytes="680407576" >
  <allocated-bytes non-tlh="32700112" tlh="647707464" />
  <largest-consumer threadName="Group1.Backend.CompositeBackend{Tier1}.5" threadId="000000000087A000" bytes="102341128" />
</allocation-stats>
<gc-op id="2525" type="scavenge" timems="89.713" contextid="2522" timestamp="2020-09-11T09:56:43.977">
  <scavenger-info tenureage="3" tenuremask="7ff8" tiltratio="83" />
  <memory-copied type="nursery" objects="4089843" bytes="109319504" bytesdiscarded="313696" />
  <memory-copied type="tenure" objects="1028779" bytes="27669648" bytesdiscarded="42984" />
  <ownableSynchronizers candidates="6501" cleared="5264" />
  <references type="soft" candidates="910" cleared="0" enqueued="0" dynamicThreshold="18" maxThreshold="32" />
  <references type="weak" candidates="117" cleared="117" enqueued="0" />
</gc-op>
<gc-end id="2526" type="scavenge" contextid="2522" durationms="90.615" usertimems="638.583" systemtimems="0.000" timestamp="2020-09-11T09:56:43.978" activeThreads="8">
  <mem-info id="2527" free="1545988848" total="2760835072" percent="55">
    <mem type="nursery" free="680448176" total="939524096" percent="72">
      <mem type="allocate" free="680448176" total="790167552" percent="86" />
      <mem type="survivor" free="0" total="149356544" percent="0" />
    </mem>
    <mem type="tenure" free="865540672" total="1821310976" percent="47" macro-fragmented="0">
      <mem type="soa" free="756261440" total="1712031744" percent="44" />
      <mem type="loa" free="109279232" total="109279232" percent="100" />
    </mem>
    <remembered-set count="30829" />
  </mem-info>
</gc-end>
<cycle-end id="2528" type="scavenge" contextid="2522" timestamp="2020-09-11T09:56:43.979" />
<allocation-satisfied id="2529" threadId="000000000085F900" bytesRequested="24" />
<af-end id="2530" timestamp="2020-09-11T09:56:43.979" threadId="0000000000860280" success="true" from="nursery"/>
<exclusive-end id="2531" timestamp="2020-09-11T09:56:43.979" durationms="92.641" />

<exclusive-start id="2532" timestamp="2020-09-11T09:56:45.913" intervalms="2026.528">
  <response-info timems="0.437" idlems="0.437" threads="0" lastid="000000000086B200" lastname="Group1.Backend.CompositeBackend{Tier1}.4" />
</exclusive-start>
<af-start id="2533" threadId="000000000086BB80" totalBytesRequested="16" timestamp="2020-09-11T09:56:45.913" intervalms="2026.447" type="nursery" />
<cycle-start id="2534" type="scavenge" contextid="0" timestamp="2020-09-11T09:56:45.913" intervalms="2026.454" />
<gc-start id="2535" type="scavenge" contextid="2534" timestamp="2020-09-11T09:56:45.914">
  <mem-info id="2536" free="865540672" total="2760835072" percent="31">
    <mem type="nursery" free="0" total="939524096" percent="0">
      <mem type="allocate" free="0" total="790167552" percent="0" />
      <mem type="survivor" free="0" total="149356544" percent="0" />
    </mem>
    <mem type="tenure" free="865540672" total="1821310976" percent="47">
      <mem type="soa" free="756261440" total="1712031744" percent="44" />
      <mem type="loa" free="109279232" total="109279232" percent="100" />
    </mem>
    <remembered-set count="190364" />
  </mem-info>
</gc-start>
<allocation-stats totalBytes="680142208" >
  <allocated-bytes non-tlh="34994352" tlh="645147856" />
  <largest-consumer threadName="Group1.Backend.CompositeBackend{Tier1}.1" threadId="000000000078AB00" bytes="106721736" />
</allocation-stats>
<gc-op id="2537" type="scavenge" timems="91.987" contextid="2534" timestamp="2020-09-11T09:56:46.006">
  <scavenger-info tenureage="3" tenuremask="7ff8" tiltratio="84" />
  <memory-copied type="nursery" objects="4150276" bytes="110644360" bytesdiscarded="247576" />
  <memory-copied type="tenure" objects="1042394" bytes="28022800" bytesdiscarded="47592" />
  <ownableSynchronizers candidates="8062" cleared="6830" />
  <references type="soft" candidates="947" cleared="0" enqueued="0" dynamicThreshold="18" maxThreshold="32" />
  <references type="weak" candidates="117" cleared="117" enqueued="0" />
</gc-op>
<gc-end id="2538" type="scavenge" contextid="2534" durationms="92.943" usertimems="675.822" systemtimems="0.570" timestamp="2020-09-11T09:56:46.007" activeThreads="8">
  <mem-info id="2539" free="1521389056" total="2760835072" percent="55">
    <mem type="nursery" free="683975584" total="939524096" percent="72">
      <mem type="allocate" free="683975584" total="794951680" percent="86" />
      <mem type="survivor" free="0" total="144572416" percent="0" />
    </mem>
    <mem type="tenure" free="837413472" total="1821310976" percent="45" macro-fragmented="0">
      <mem type="soa" free="728134240" total="1712031744" percent="42" />
      <mem type="loa" free="109279232" total="109279232" percent="100" />
    </mem>
    <remembered-set count="30036" />
  </mem-info>
</gc-end>
<cycle-end id="2540" type="scavenge" contextid="2534" timestamp="2020-09-11T09:56:46.008" />
<allocation-satisfied id="2541" threadId="000000000086B200" bytesRequested="16" />
<af-end id="2542" timestamp="2020-09-11T09:56:46.008" threadId="000000000086BB80" success="true" from="nursery"/>
<exclusive-end id="2543" timestamp="2020-09-11T09:56:46.008" durationms="95.283" />

<exclusive-start id="2544" timestamp="2020-09-11T09:56:48.002" intervalms="2089.649">
  <response-info timems="0.442" idlems="0.442" threads="0" lastid="000000000088D900" lastname="Group1.Backend.CompositeBackend{Tier1}.6" />
</exclusive-start>
<af-start id="2545" threadId="000000000088E280" totalBytesRequested="16" timestamp="2020-09-11T09:56:48.003" intervalms="2089.654" type="nursery" />
<cycle-start id="2546" type="scavenge" contextid="0" timestamp="2020-09-11T09:56:48.003" intervalms="2089.636" />
<gc-start id="2547" type="scavenge" contextid="2546" timestamp="2020-09-11T09:56:48.003">
  <mem-info id="2548" free="837413472" total="2760835072" percent="30">
    <mem type="nursery" free="0" total="939524096" percent="0">
      <mem type="allocate" free="0" total="794951680" percent="0" />
      <mem type="survivor" free="0" total="144572416" percent="0" />
    </mem>
    <mem type="tenure" free="837413472" total="1821310976" percent="45">
      <mem type="soa" free="728134240" total="1712031744" percent="42" />
      <mem type="loa" free="109279232" total="109279232" percent="100" />
    </mem>
    <remembered-set count="192286" />
  </mem-info>
</gc-start>
<allocation-stats totalBytes="683658768" >
  <allocated-bytes non-tlh="32442504" tlh="651216264" />
  <largest-consumer threadName="Group1.Backend.CompositeBackend{Tier1}.8" threadId="000000000084FB00" bytes="102944960" />
</allocation-stats>
<gc-op id="2549" type="scavenge" timems="88.761" contextid="2546" timestamp="2020-09-11T09:56:48.092">
  <scavenger-info tenureage="3" tenuremask="7ff8" tiltratio="84" />
  <memory-copied type="nursery" objects="4222554" bytes="112549576" bytesdiscarded="204024" />
  <memory-copied type="tenure" objects="1053806" bytes="28475648" bytesdiscarded="35384" />
  <ownableSynchronizers candidates="6710" cleared="5522" />
  <references type="soft" candidates="961" cleared="0" enqueued="0" dynamicThreshold="18" maxThreshold="32" />
  <references type="weak" candidates="127" cleared="127" enqueued="0" />
</gc-op>
<gc-end id="2550" type="scavenge" contextid="2546" durationms="89.648" usertimems="646.303" systemtimems="0.000" timestamp="2020-09-11T09:56:48.093" activeThreads="8">
  <mem-info id="2551" free="1494434512" total="2760835072" percent="54">
    <mem type="nursery" free="685386680" total="939524096" percent="72">
      <mem type="allocate" free="685386680" total="798228480" percent="85" />
      <mem type="survivor" free="0" total="141295616" percent="0" />
    </mem>
    <mem type="tenure" free="809047832" total="1821310976" percent="44" macro-fragmented="5375358">
      <mem type="soa" free="699768600" total="1712031744" percent="40" />
      <mem type="loa" free="109279232" total="109279232" percent="100" />
    </mem>
    <remembered-set count="30170" />
  </mem-info>
</gc-end>
<cycle-end id="2552" type="scavenge" contextid="2546" timestamp="2020-09-11T09:56:48.096" />
<allocation-satisfied id="2553" threadId="000000000088D900" bytesRequested="16" />
<af-end id="2554" timestamp="2020-09-11T09:56:48.096" threadId="000000000088E280" success="true" from="nursery"/>
<exclusive-end id="2555" timestamp="2020-09-11T09:56:48.096" durationms="93.893" />

<exclusive-start id="2556" timestamp="2020-09-11T09:56:50.110" intervalms="2107.444">
  <response-info timems="0.459" idlems="0.443" threads="1" lastid="000000000087A000" lastname="Group1.Backend.CompositeBackend{Tier1}.5" />
</exclusive-start>
<af-start id="2557" threadId="0000000000860280" totalBytesRequested="16" timestamp="2020-09-11T09:56:50.110" intervalms="2107.527" type="nursery" />
<cycle-start id="2558" type="scavenge" contextid="0" timestamp="2020-09-11T09:56:50.111" intervalms="2107.541" />
<gc-start id="2559" type="scavenge" contextid="2558" timestamp="2020-09-11T09:56:50.111">
  <mem-info id="2560" free="809047832" total="2760835072" percent="29">
    <mem type="nursery" free="0" total="939524096" percent="0">
      <mem type="allocate" free="0" total="798228480" percent="0" />
      <mem type="survivor" free="0" total="141295616" percent="0" />
    </mem>
    <mem type="tenure" free="809047832" total="1821310976" percent="44">
      <mem type="soa" free="699768600" total="1712031744" percent="40" />
      <mem type="loa" free="109279232" total="109279232" percent="100" />
    </mem>
    <remembered-set count="193883" />
  </mem-info>
</gc-start>
<allocation-stats totalBytes="685045672" >
  <allocated-bytes non-tlh="31654224" tlh="653391448" />
  <largest-consumer threadName="Group1.Backend.CompositeBackend{Tier1}.7" threadId="000000000089C800" bytes="91099408" />
</allocation-stats>
<gc-op id="2561" type="scavenge" timems="91.434" contextid="2558" timestamp="2020-09-11T09:56:50.202">
  <scavenger-info tenureage="3" tenuremask="7ff8" tiltratio="84" />
  <memory-copied type="nursery" objects="4055126" bytes="108864712" bytesdiscarded="270224" />
  <memory-copied type="tenure" objects="1088452" bytes="29250080" bytesdiscarded="56808" />
  <ownableSynchronizers candidates="7443" cleared="6189" />
  <references type="soft" candidates="1003" cleared="0" enqueued="0" dynamicThreshold="18" maxThreshold="32" />
  <references type="weak" candidates="114" cleared="113" enqueued="0" />
</gc-op>
<gc-end id="2562" type="scavenge" contextid="2558" durationms="92.256" usertimems="715.277" systemtimems="1.096" timestamp="2020-09-11T09:56:50.203" activeThreads="8">
  <mem-info id="2563" free="1471723664" total="2760835072" percent="53">
    <mem type="nursery" free="692016640" total="939524096" percent="73">
      <mem type="allocate" free="692016640" total="801243136" percent="86" />
      <mem type="survivor" free="0" total="138280960" percent="0" />
    </mem>
    <mem type="tenure" free="779707024" total="1821310976" percent="42" macro-fragmented="0">
      <mem type="soa" free="670427792" total="1712031744" percent="39" />
      <mem type="loa" free="109279232" total="109279232" percent="100" />
    </mem>
    <remembered-set count="29763" />
  </mem-info>
</gc-end>
<cycle-end id="2564" type="scavenge" contextid="2558" timestamp="2020-09-11T09:56:50.206" />
<allocation-satisfied id="2565" threadId="000000000085F900" bytesRequested="16" />
<af-end id="2566" timestamp="2020-09-11T09:56:50.206" threadId="0000000000860280" success="true" from="nursery"/>
<exclusive-end id="2567" timestamp="2020-09-11T09:56:50.206" durationms="96.566" />

<exclusive-start id="2568" timestamp="2020-09-11T09:56:52.220" intervalms="2110.276">
  <response-info timems="0.609" idlems="0.609" threads="0" lastid="000000000087A000" lastname="Group1.Backend.CompositeBackend{Tier1}.5" />
</exclusive-start>
<af-start id="2569" threadId="000000000087A980" totalBytesRequested="1032" timestamp="2020-09-11T09:56:52.221" intervalms="2110.411" type="nursery" />
<cycle-start id="2570" type="scavenge" contextid="0" timestamp="2020-09-11T09:56:52.221" intervalms="2110.421" />
<gc-start id="2571" type="scavenge" contextid="2570" timestamp="2020-09-11T09:56:52.221">
  <mem-info id="2572" free="779707024" total="2760835072" percent="28">
    <mem type="nursery" free="0" total="939524096" percent="0">
      <mem type="allocate" free="0" total="801243136" percent="0" />
      <mem type="survivor" free="0" total="138280960" percent="0" />
    </mem>
    <mem type="tenure" free="779707024" total="1821310976" percent="42">
      <mem type="soa" free="670427792" total="1712031744" percent="39" />
      <mem type="loa" free="109279232" total="109279232" percent="100" />
    </mem>
    <remembered-set count="193335" />
  </mem-info>
</gc-start>
<allocation-stats totalBytes="691682016" >
  <allocated-bytes non-tlh="33048808" tlh="658633208" />
  <largest-consumer threadName="Group1.Backend.CompositeBackend{Tier1}.3" threadId="000000000085F900" bytes="106339832" />
</allocation-stats>
<gc-op id="2573" type="scavenge" timems="91.304" contextid="2570" timestamp="2020-09-11T09:56:52.313">
  <scavenger-info tenureage="3" tenuremask="7ff8" tiltratio="85" />
  <memory-copied type="nursery" objects="4117832" bytes="110454152" bytesdiscarded="173416" />
  <memory-copied type="tenure" objects="1044606" bytes="28101760" bytesdiscarded="41928" />
  <ownableSynchronizers candidates="5186" cleared="3989" />
  <references type="soft" candidates="873" cleared="0" enqueued="0" dynamicThreshold="18" maxThreshold="32" />
  <references type="weak" candidates="117" cleared="117" enqueued="0" />
</gc-op>
<gc-end id="2574" type="scavenge" contextid="2570" durationms="92.324" usertimems="676.706" systemtimems="4.359" timestamp="2020-09-11T09:56:52.314" activeThreads="8">
  <mem-info id="2575" free="1444763080" total="2760835072" percent="52">
    <mem type="nursery" free="693090304" total="939524096" percent="73">
      <mem type="allocate" free="693090304" total="803799040" percent="86" />
      <mem type="survivor" free="0" total="135725056" percent="0" />
    </mem>
    <mem type="tenure" free="751672776" total="1821310976" percent="41" macro-fragmented="0">
      <mem type="soa" free="642393544" total="1712031744" percent="37" />
      <mem type="loa" free="109279232" total="109279232" percent="100" />
    </mem>
    <remembered-set count="30128" />
  </mem-info>
</gc-end>
<cycle-end id="2576" type="scavenge" contextid="2570" timestamp="2020-09-11T09:56:52.314" />
<allocation-satisfied id="2577" threadId="000000000087A000" bytesRequested="1032" />
<af-end id="2578" timestamp="2020-09-11T09:56:52.315" threadId="000000000087A980" success="true" from="nursery"/>
<exclusive-end id="2579" timestamp="2020-09-11T09:56:52.315" durationms="94.539" />

<exclusive-start id="2580" timestamp="2020-09-11T09:56:54.351" intervalms="2130.643">
  <response-info timems="0.278" idlems="0.278" threads="0" lastid="000000000084FB00" lastname="Group1.Backend.CompositeBackend{Tier1}.8" />
</exclusive-start>
<af-start id="2581" threadId="0000000000850480" totalBytesRequested="96" timestamp="2020-09-11T09:56:54.351" intervalms="2130.472" type="nursery" />
<cycle-start id="2582" type="scavenge" contextid="0" timestamp="2020-09-11T09:56:54.352" intervalms="2130.489" />
<gc-start id="2583" type="scavenge" contextid="2582" timestamp="2020-09-11T09:56:54.352">
  <mem-info id="2584" free="751672776" total="2760835072" percent="27">
    <mem type="nursery" free="0" total="939524096" percent="0">
      <mem type="allocate" free="0" total="803799040" percent="0" />
      <mem type="survivor" free="0" total="135725056" percent="0" />
    </mem>
    <mem type="tenure" free="751672776" total="1821310976" percent="41">
      <mem type="soa" free="642393544" total="1712031744" percent="37" />
      <mem type="loa" free="109279232" total="109279232" percent="100" />
    </mem>
    <remembered-set count="195489" />
  </mem-info>
</gc-start>
<allocation-stats totalBytes="692760464" >
  <allocated-bytes non-tlh="28994408" tlh="663766056" />
  <largest-consumer threadName="Group1.Backend.CompositeBackend{Tier1}.7" threadId="000000000089C800" bytes="90414576" />
</allocation-stats>
<gc-op id="2585" type="scavenge" timems="93.404" contextid="2582" timestamp="2020-09-11T09:56:54.445">
  <scavenger-info tenureage="3" tenuremask="7ff8" tiltratio="85" />
  <memory-copied type="nursery" objects="4346817" bytes="115634096" bytesdiscarded="291224" />
  <memory-copied type="tenure" objects="1068556" bytes="28740736" bytesdiscarded="44792" />
  <ownableSynchronizers candidates="7675" cleared="6478" />
  <references type="soft" candidates="924" cleared="0" enqueued="0" dynamicThreshold="18" maxThreshold="32" />
  <references type="weak" candidates="103" cleared="103" enqueued="0" />
</gc-op>
<gc-end id="2586" type="scavenge" contextid="2582" durationms="94.761" usertimems="683.505" systemtimems="0.238" timestamp="2020-09-11T09:56:54.446" activeThreads="8">
  <mem-info id="2587" free="1410888120" total="2760835072" percent="51">
    <mem type="nursery" free="688115168" total="939524096" percent="73">
      <mem type="allocate" free="688115168" total="804126720" percent="85" />
      <mem type="survivor" free="0" total="135397376" percent="0" />
    </mem>
    <mem type="tenure" free="722772952" total="1821310976" percent="39" macro-fragmented="0">
      <mem type="soa" free="613493720" total="1712031744" percent="35" />
      <mem type="loa" free="109279232" total="109279232" percent="100" />
    </mem>
    <remembered-set count="31652" />
  </mem-info>
</gc-end>
<cycle-end id="2588" type="scavenge" contextid="2582" timestamp="2020-09-11T09:56:54.447" />
<allocation-satisfied id="2589" threadId="000000000084FB00" bytesRequested="96" />
<af-end id="2590" timestamp="2020-09-11T09:56:54.447" threadId="0000000000850480" success="true" from="nursery"/>
<exclusive-end id="2591" timestamp="2020-09-11T09:56:54.448" durationms="97.160" />

<exclusive-start id="2592" timestamp="2020-09-11T09:56:56.415" intervalms="2063.928">
  <response-info timems="0.459" idlems="0.459" threads="0" lastid="00000000007C9200" lastname="Group1.Backend.CompositeBackend{Tier1}.2" />
</exclusive-start>
<af-start id="2593" threadId="00000000007C9B80" totalBytesRequested="219536" timestamp="2020-09-11T09:56:56.415" intervalms="2063.997" type="nursery" />
<cycle-start id="2594" type="scavenge" contextid="0" timestamp="2020-09-11T09:56:56.415" intervalms="2063.969" />
<gc-start id="2595" type="scavenge" contextid="2594" timestamp="2020-09-11T09:56:56.416">
  <mem-info id="2596" free="722835896" total="2760835072" percent="26">
    <mem type="nursery" free="62944" total="939524096" percent="0">
      <mem type="allocate" free="62944" total="804126720" percent="0" />
      <mem type="survivor" free="0" total="135397376" percent="0" />
    </mem>
    <mem type="tenure" free="722772952" total="1821310976" percent="39">
      <mem type="soa" free="613493720" total="1712031744" percent="35" />
      <mem type="loa" free="109279232" total="109279232" percent="100" />
    </mem>
    <remembered-set count="194419" />
  </mem-info>
</gc-start>
<allocation-stats totalBytes="687713040" >
  <allocated-bytes non-tlh="38434816" tlh="649278224" />
  <largest-consumer threadName="Group1.Backend.CompositeBackend{Tier1}.7" threadId="000000000089C800" bytes="118127560" />
</allocation-stats>
<gc-op id="2597" type="scavenge" timems="90.907" contextid="2594" timestamp="2020-09-11T09:56:56.507">
  <scavenger-info tenureage="3" tenuremask="7ff8" tiltratio="85" />
  <memory-copied type="nursery" objects="4253585" bytes="113794960" bytesdiscarded="251168" />
  <memory-copied type="tenure" objects="1097559" bytes="29514072" bytesdiscarded="43856" />
  <ownableSynchronizers candidates="6284" cleared="5118" />
  <references type="soft" candidates="887" cleared="0" enqueued="0" dynamicThreshold="18" maxThreshold="32" />
  <references type="weak" candidates="127" cleared="127" enqueued="0" />
</gc-op>
<gc-end id="2598" type="scavenge" contextid="2594" durationms="92.010" usertimems="701.983" systemtimems="1.806" timestamp="2020-09-11T09:56:56.508" activeThreads="8">
  <mem-info id="2599" free="1384465752" total="2760835072" percent="50">
    <mem type="nursery" free="691175672" total="939524096" percent="73">
      <mem type="allocate" free="691175672" total="805306368" percent="85" />
      <mem type="survivor" free="0" total="134217728" percent="0" />
    </mem>
    <mem type="tenure" free="693290080" total="1821310976" percent="38" macro-fragmented="0">
      <mem type="soa" free="584010848" total="1712031744" percent="34" />
      <mem type="loa" free="109279232" total="109279232" percent="100" />
    </mem>
    <remembered-set count="32870" />
  </mem-info>
</gc-end>
<cycle-end id="2600" type="scavenge" contextid="2594" timestamp="2020-09-11T09:56:56.509" />
<allocation-satisfied id="2601" threadId="00000000007C9200" bytesRequested="219536" />
<af-end id="2602" timestamp="2020-09-11T09:56:56.509" threadId="00000000007C9B80" success="true" from="nursery"/>
<exclusive-end id="2603" timestamp="2020-09-11T09:56:56.509" durationms="94.220" />

<exclusive-start id="2604" timestamp="2020-09-11T09:56:58.520" intervalms="2104.962">
  <response-info timems="0.337" idlems="0.320" threads="2" lastid="00000000007C9200" lastname="Group1.Backend.CompositeBackend{Tier1}.2" />
</exclusive-start>
<af-start id="2605" threadId="000000000078B480" totalBytesRequested="16" timestamp="2020-09-11T09:56:58.520" intervalms="2104.966" type="nursery" />
<cycle-start id="2606" type="scavenge" contextid="0" timestamp="2020-09-11T09:56:58.520" intervalms="2104.988" />
<gc-start id="2607" type="scavenge" contextid="2606" timestamp="2020-09-11T09:56:58.521">
  <mem-info id="2608" free="693290080" total="2760835072" percent="25">
    <mem type="nursery" free="0" total="939524096" percent="0">
      <mem type="allocate" free="0" total="805306368" percent="0" />
      <mem type="survivor" free="0" total="134217728" percent="0" />
    </mem>
    <mem type="tenure" free="693290080" total="1821310976" percent="38">
      <mem type="soa" free="584010848" total="1712031744" percent="34" />
      <mem type="loa" free="109279232" total="109279232" percent="100" />
    </mem>
    <remembered-set count="196231" />
  </mem-info>
</gc-start>
<allocation-stats totalBytes="690836248" >
  <allocated-bytes non-tlh="32950512" tlh="657885736" />
  <largest-consumer threadName="Group1.Backend.CompositeBackend{Tier1}.8" threadId="000000000084FB00" bytes="86921016" />
</allocation-stats>
<gc-op id="2609" type="scavenge" timems="90.515" contextid="2606" timestamp="2020-09-11T09:56:58.611">
  <scavenger-info tenureage="3" tenuremask="7ff8" tiltratio="85" />
  <memory-copied type="nursery" objects="4151729" bytes="111272920" bytesdiscarded="186256" />
  <memory-copied type="tenure" objects="1097727" bytes="29525040" bytesdiscarded="44216" />
  <ownableSynchronizers candidates="5102" cleared="4060" />
  <references type="soft" candidates="881" cleared="0" enqueued="0" dynamicThreshold="18" maxThreshold="32" />
  <references type="weak" candidates="128" cleared="128" enqueued="0" />
</gc-op>
<gc-end id="2610" type="scavenge" contextid="2606" durationms="91.459" usertimems="685.510" systemtimems="3.856" timestamp="2020-09-11T09:56:58.612" activeThreads="8">
  <mem-info id="2611" free="1358668464" total="2760835072" percent="49">
    <mem type="nursery" free="695067392" total="939524096" percent="73">
      <mem type="allocate" free="695067392" total="806617088" percent="86" />
      <mem type="survivor" free="0" total="132907008" percent="0" />
    </mem>
    <mem type="tenure" free="663601072" total="1821310976" percent="36" macro-fragmented="0">
      <mem type="soa" free="554321840" total="1712031744" percent="32" />
      <mem type="loa" free="109279232" total="109279232" percent="100" />
    </mem>
    <remembered-set count="32805" />
  </mem-info>
</gc-end>
<cycle-end id="2612" type="scavenge" contextid="2606" timestamp="2020-09-11T09:56:58.615" />
<allocation-satisfied id="2613" threadId="000000000078AB00" bytesRequested="16" />
<af-end id="2614" timestamp="2020-09-11T09:56:58.615" threadId="000000000078B480" success="true" from="nursery"/>
<exclusive-end id="2615" timestamp="2020-09-11T09:56:58.615" durationms="95.814" />

<exclusive-start id="2616" timestamp="2020-09-11T09:57:00.578" intervalms="2058.787">
  <response-info timems="0.488" idlems="0.259" threads="1" lastid="000000000085F900" lastname="Group1.Backend.CompositeBackend{Tier1}.3" />
</exclusive-start>
<af-start id="2617" threadId="000000000087A980" totalBytesRequested="32" timestamp="2020-09-11T09:57:00.579" intervalms="2058.798" type="nursery" />
<cycle-start id="2618" type="scavenge" contextid="0" timestamp="2020-09-11T09:57:00.579" intervalms="2058.777" />
<gc-start id="2619" type="scavenge" contextid="2618" timestamp="2020-09-11T09:57:00.580">
  <mem-info id="2620" free="663601072" total="2760835072" percent="24">
    <mem type="nursery" free="0" total="939524096" percent="0">
      <mem type="allocate" free="0" total="806617088" percent="0" />
      <mem type="survivor" free="0" total="132907008" percent="0" />
    </mem>
    <mem type="tenure" free="663601072" total="1821310976" percent="36">
      <mem type="soa" free="554321840" total="1712031744" percent="32" />
      <mem type="loa" free="109279232" total="109279232" percent="100" />
    </mem>
    <remembered-set count="196154" />
  </mem-info>
</gc-start>
<allocation-stats totalBytes="694728272" >
  <allocated-bytes non-tlh="33341656" tlh="661386616" />
  <largest-consumer threadName="Group1.Backend.CompositeBackend{Tier1}.8" threadId="000000000084FB00" bytes="87745352" />
</allocation-stats>
<gc-op id="2621" type="scavenge" timems="107.097" contextid="2618" timestamp="2020-09-11T09:57:00.687">
  <scavenger-info tenureage="3" tenuremask="7ff8" tiltratio="85" />
  <memory-copied type="nursery" objects="4749933" bytes="124849576" bytesdiscarded="221640" />
  <memory-copied type="tenure" objects="1127241" bytes="30311896" bytesdiscarded="58488" />
  <ownableSynchronizers candidates="5296" cleared="4268" />
  <references type="soft" candidates="787" cleared="0" enqueued="0" dynamicThreshold="18" maxThreshold="32" />
  <references type="weak" candidates="117" cleared="117" enqueued="0" />
</gc-op>
<gc-end id="2622" type="scavenge" contextid="2618" durationms="108.146" usertimems="797.111" systemtimems="0.000" timestamp="2020-09-11T09:57:00.688" activeThreads="8">
  <mem-info id="2623" free="1297119784" total="2760835072" percent="46">
    <mem type="nursery" free="663761168" total="939524096" percent="70">
      <mem type="allocate" free="663761168" total="788922368" percent="84" />
      <mem type="survivor" free="0" total="150601728" percent="0" />
    </mem>
    <mem type="tenure" free="633358616" total="1821310976" percent="34" macro-fragmented="3732887">
      <mem type="soa" free="524079384" total="1712031744" percent="30" />
      <mem type="loa" free="109279232" total="109279232" percent="100" />
    </mem>
    <remembered-set count="32352" />
  </mem-info>
</gc-end>
<cycle-end id="2624" type="scavenge" contextid="2618" timestamp="2020-09-11T09:57:00.691" />
<allocation-satisfied id="2625" threadId="000000000087A000" bytesRequested="32" />
<af-end id="2626" timestamp="2020-09-11T09:57:00.691" threadId="000000000087A980" success="true" from="nursery"/>
<exclusive-end id="2627" timestamp="2020-09-11T09:57:00.691" durationms="112.341" />

<exclusive-start id="2628" timestamp="2020-09-11T09:57:02.726" intervalms="2147.521">
  <response-info timems="0.544" idlems="0.384" threads="1" lastid="000000000084FB00" lastname="Group1.Backend.CompositeBackend{Tier1}.8" />
</exclusive-start>
<af-start id="2629" threadId="0000000000A13880" totalBytesRequested="48" timestamp="2020-09-11T09:57:02.726" intervalms="2147.397" type="nursery" />
<cycle-start id="2630" type="scavenge" contextid="0" timestamp="2020-09-11T09:57:02.727" intervalms="2147.386" />
<gc-start id="2631" type="scavenge" contextid="2630" timestamp="2020-09-11T09:57:02.727">
  <mem-info id="2632" free="633358616" total="2760835072" percent="22">
    <mem type="nursery" free="0" total="939524096" percent="0">
      <mem type="allocate" free="0" total="788922368" percent="0" />
      <mem type="survivor" free="0" total="150601728" percent="0" />
    </mem>
    <mem type="tenure" free="633358616" total="1821310976" percent="34">
      <mem type="soa" free="524079384" total="1712031744" percent="30" />
      <mem type="loa" free="109279232" total="109279232" percent="100" />
    </mem>
    <remembered-set count="195419" />
  </mem-info>
</gc-start>
<allocation-stats totalBytes="663439128" >
  <allocated-bytes non-tlh="27707296" tlh="635731832" />
  <largest-consumer threadName="Group1.Backend.CompositeBackend{Tier1}.1" threadId="000000000078AB00" bytes="80308384" />
</allocation-stats>
<gc-op id="2633" type="scavenge" timems="88.889" contextid="2630" timestamp="2020-09-11T09:57:02.816">
  <scavenger-info tenureage="3" tenuremask="7ff8" tiltratio="83" />
  <memory-copied type="nursery" objects="4033158" bytes="108303784" bytesdiscarded="388928" />
  <memory-copied type="tenure" objects="1083805" bytes="29109184" bytesdiscarded="58696" />
  <ownableSynchronizers candidates="5443" cleared="4536" />
  <references type="soft" candidates="745" cleared="0" enqueued="0" dynamicThreshold="18" maxThreshold="32" />
  <references type="weak" candidates="113" cleared="113" enqueued="0" />
</gc-op>
<gc-end id="2634" type="scavenge" contextid="2630" durationms="89.954" usertimems="677.936" systemtimems="0.000" timestamp="2020-09-11T09:57:02.817" activeThreads="8">
  <mem-info id="2635" free="1286413448" total="2760835072" percent="46">
    <mem type="nursery" free="682246144" total="939524096" percent="72">
      <mem type="allocate" free="682246144" total="791019520" percent="86" />
      <mem type="survivor" free="0" total="148504576" percent="0" />
    </mem>
    <mem type="tenure" free="604167304" total="1821310976" percent="33" macro-fragmented="1572888">
      <mem type="soa" free="494888072" total="1712031744" percent="28" />
      <mem type="loa" free="109279232" total="109279232" percent="100" />
    </mem>
    <remembered-set count="30840" />
  </mem-info>
</gc-end>
<cycle-end id="2636" type="scavenge" contextid="2630" timestamp="2020-09-11T09:57:02.820" />
<allocation-satisfied id="2637" threadId="0000000000A12F00" bytesRequested="48" />
<af-end id="2638" timestamp="2020-09-11T09:57:02.820" threadId="0000000000A13880" success="true" from="nursery"/>
<exclusive-end id="2639" timestamp="2020-09-11T09:57:02.820" durationms="94.131" />

<exclusive-start id="2640" timestamp="2020-09-11T09:57:04.736" intervalms="2009.825">
  <response-info timems="0.535" idlems="0.535" threads="0" lastid="000000000078AB00" lastname="Group1.Backend.CompositeBackend{Tier1}.1" />
</exclusive-start>
<af-start id="2641" threadId="000000000078B480" totalBytesRequested="24" timestamp="2020-09-11T09:57:04.737" intervalms="2010.028" type="nursery" />
<cycle-start id="2642" type="scavenge" contextid="0" timestamp="2020-09-11T09:57:04.737" intervalms="2010.062" />
<gc-start id="2643" type="scavenge" contextid="2642" timestamp="2020-09-11T09:57:04.737">
  <mem-info id="2644" free="604167304" total="2760835072" percent="21">
    <mem type="nursery" free="0" total="939524096" percent="0">
      <mem type="allocate" free="0" total="791019520" percent="0" />
      <mem type="survivor" free="0" total="148504576" percent="0" />
    </mem>
    <mem type="tenure" free="604167304" total="1821310976" percent="33">
      <mem type="soa" free="494888072" total="1712031744" percent="28" />
      <mem type="loa" free="109279232" total="109279232" percent="100" />
    </mem>
    <remembered-set count="193069" />
  </mem-info>
</gc-start>
<allocation-stats totalBytes="681913672" >
  <allocated-bytes non-tlh="32431288" tlh="649482384" />
  <largest-consumer threadName="Group1.Backend.CompositeBackend{Tier1}.1" threadId="000000000078AB00" bytes="94104520" />
</allocation-stats>
<gc-op id="2645" type="scavenge" timems="93.572" contextid="2642" timestamp="2020-09-11T09:57:04.831">
  <scavenger-info tenureage="3" tenuremask="7ff8" tiltratio="84" />
  <memory-copied type="nursery" objects="4069467" bytes="109209680" bytesdiscarded="204320" />
  <memory-copied type="tenure" objects="1100432" bytes="29592992" bytesdiscarded="65008" />
  <ownableSynchronizers candidates="4751" cleared="3928" />
  <references type="soft" candidates="756" cleared="0" enqueued="0" dynamicThreshold="18" maxThreshold="32" />
  <references type="weak" candidates="103" cleared="103" enqueued="0" />
</gc-op>
<gc-end id="2646" type="scavenge" contextid="2642" durationms="94.824" usertimems="663.724" systemtimems="2.155" timestamp="2020-09-11T09:57:04.832" activeThreads="8">
  <mem-info id="2647" free="1261114608" total="2760835072" percent="45">
    <mem type="nursery" free="686571768" total="939524096" percent="73">
      <mem type="allocate" free="686571768" total="796065792" percent="86" />
      <mem type="survivor" free="0" total="143458304" percent="0" />
    </mem>
    <mem type="tenure" free="574542840" total="1821310976" percent="31" macro-fragmented="0">
      <mem type="soa" free="465263608" total="1712031744" percent="27" />
      <mem type="loa" free="109279232" total="109279232" percent="100" />
    </mem>
    <remembered-set count="31625" />
  </mem-info>
</gc-end>
<cycle-end id="2648" type="scavenge" contextid="2642" timestamp="2020-09-11T09:57:04.835" />
<allocation-satisfied id="2649" threadId="000000000078AB00" bytesRequested="24" />
<af-end id="2650" timestamp="2020-09-11T09:57:04.835" threadId="000000000078B480" success="true" from="nursery"/>
<exclusive-end id="2651" timestamp="2020-09-11T09:57:04.835" durationms="99.356" />

<exclusive-start id="2652" timestamp="2020-09-11T09:57:06.868" intervalms="2132.286">
  <response-info timems="0.486" idlems="0.486" threads="0" lastid="000000000084FB00" lastname="Group1.Backend.CompositeBackend{Tier1}.8" />
</exclusive-start>
<af-start id="2653" threadId="0000000000850480" totalBytesRequested="784" timestamp="2020-09-11T09:57:06.869" intervalms="2132.240" type="nursery" />
<cycle-start id="2654" type="scavenge" contextid="0" timestamp="2020-09-11T09:57:06.869" intervalms="2132.214" />
<gc-start id="2655" type="scavenge" contextid="2654" timestamp="2020-09-11T09:57:06.869">
  <mem-info id="2656" free="574542840" total="2760835072" percent="20">
    <mem type="nursery" free="0" total="939524096" percent="0">
      <mem type="allocate" free="0" total="796065792" percent="0" />
      <mem type="survivor" free="0" total="143458304" percent="0" />
    </mem>
    <mem type="tenure" free="574542840" total="1821310976" percent="31">
      <mem type="soa" free="465263608" total="1712031744" percent="27" />
      <mem type="loa" free="109279232" total="109279232" percent="100" />
    </mem>
    <remembered-set count="196214" />
  </mem-info>
</gc-start>
<allocation-stats totalBytes="686244320" >
  <allocated-bytes non-tlh="32509048" tlh="653735272" />
  <largest-consumer threadName="Group1.Backend.CompositeBackend{Tier1}.6" threadId="000000000088D900" bytes="96179608" />
</allocation-stats>
<gc-op id="2657" type="scavenge" timems="96.050" contextid="2654" timestamp="2020-09-11T09:57:06.965">
  <scavenger-info tenureage="3" tenuremask="7ff8" tiltratio="84" />
  <memory-copied type="nursery" objects="4053207" bytes="108793600" bytesdiscarded="159184" />
  <memory-copied type="tenure" objects="1097251" bytes="29500200" bytesdiscarded="68064" />
  <ownableSynchronizers candidates="5098" cleared="4282" />
  <references type="soft" candidates="748" cleared="0" enqueued="0" dynamicThreshold="18" maxThreshold="32" />
  <references type="weak" candidates="118" cleared="118" enqueued="0" />
</gc-op>
<gc-end id="2658" type="scavenge" contextid="2654" durationms="96.998" usertimems="701.656" systemtimems="1.376" timestamp="2020-09-11T09:57:06.966" activeThreads="8">
  <mem-info id="2659" free="1236159784" total="2760835072" percent="44">
    <mem type="nursery" free="691222528" total="939524096" percent="73">
      <mem type="allocate" free="691222528" total="800260096" percent="86" />
      <mem type="survivor" free="0" total="139264000" percent="0" />
    </mem>
    <mem type="tenure" free="544937256" total="1821310976" percent="29" macro-fragmented="116842">
      <mem type="soa" free="435658024" total="1712031744" percent="25" />
      <mem type="loa" free="109279232" total="109279232" percent="100" />
    </mem>
    <remembered-set count="30767" />
  </mem-info>
</gc-end>
<cycle-end id="2660" type="scavenge" contextid="2654" timestamp="2020-09-11T09:57:06.967" />
<allocation-satisfied id="2661" threadId="000000000084FB00" bytesRequested="784" />
<af-end id="2662" timestamp="2020-09-11T09:57:06.967" threadId="0000000000850480" success="true" from="nursery"/>
<exclusive-end id="2663" timestamp="2020-09-11T09:57:06.967" durationms="99.020" />

<exclusive-start id="2664" timestamp="2020-09-11T09:57:08.903" intervalms="2034.886">
  <response-info timems="0.313" idlems="0.313" threads="0" lastid="000000000084FB00" lastname="Group1.Backend.CompositeBackend{Tier1}.8" />
</exclusive-start>
<af-start id="2665" threadId="0000000000850480" totalBytesRequested="120" timestamp="2020-09-11T09:57:08.903" intervalms="2034.734" type="nursery" />
<cycle-start id="2666" type="scavenge" contextid="0" timestamp="2020-09-11T09:57:08.904" intervalms="2034.732" />
<gc-start id="2667" type="scavenge" contextid="2666" timestamp="2020-09-11T09:57:08.904">
  <mem-info id="2668" free="544937256" total="2760835072" percent="19">
    <mem type="nursery" free="0" total="939524096" percent="0">
      <mem type="allocate" free="0" total="800260096" percent="0" />
      <mem type="survivor" free="0" total="139264000" percent="0" />
    </mem>
    <mem type="tenure" free="544937256" total="1821310976" percent="29">
      <mem type="soa" free="435658024" total="1712031744" percent="25" />
      <mem type="loa" free="109279232" total="109279232" percent="100" />
    </mem>
    <remembered-set count="192049" />
  </mem-info>
</gc-start>
<allocation-stats totalBytes="690878496" >
  <allocated-bytes non-tlh="37224672" tlh="653653824" />
  <largest-consumer threadName="Group1.Backend.CompositeBackend{Tier1}.3" threadId="000000000085F900" bytes="108364184" />
</allocation-stats>
<gc-op id="2669" type="scavenge" timems="119.831" contextid="2666" timestamp="2020-09-11T09:57:09.024">
  <scavenger-info tenureage="3" tenuremask="7ff8" tiltratio="85" />
  <memory-copied type="nursery" objects="4264215" bytes="113668248" bytesdiscarded="165888" />
  <memory-copied type="tenure" objects="1084340" bytes="29156112" bytesdiscarded="53344" />
  <ownableSynchronizers candidates="5439" cleared="4624" />
  <references type="soft" candidates="772" cleared="0" enqueued="0" dynamicThreshold="18" maxThreshold="32" />
  <references type="weak" candidates="128" cleared="128" enqueued="0" />
</gc-op>
<gc-end id="2670" type="scavenge" contextid="2666" durationms="120.895" usertimems="828.742" systemtimems="11.638" timestamp="2020-09-11T09:57:09.025" activeThreads="8">
  <mem-info id="2671" free="1203370920" total="2760835072" percent="43">
    <mem type="nursery" free="687652600" total="939524096" percent="73">
      <mem type="allocate" free="687652600" total="801570816" percent="85" />
      <mem type="survivor" free="0" total="137953280" percent="0" />
    </mem>
    <mem type="tenure" free="515718320" total="1821310976" percent="28" macro-fragmented="0">
      <mem type="soa" free="406439088" total="1712031744" percent="23" />
      <mem type="loa" free="109279232" total="109279232" percent="100" />
    </mem>
    <remembered-set count="30722" />
  </mem-info>
</gc-end>
<cycle-end id="2672" type="scavenge" contextid="2666" timestamp="2020-09-11T09:57:09.026" />
<allocation-satisfied id="2673" threadId="000000000084FB00" bytesRequested="120" />
<af-end id="2674" timestamp="2020-09-11T09:57:09.026" threadId="0000000000850480" success="true" from="nursery"/>
<exclusive-end id="2675" timestamp="2020-09-11T09:57:09.026" durationms="122.779" />

<exclusive-start id="2676" timestamp="2020-09-11T09:57:11.010" intervalms="2107.257">
  <response-info timems="0.483" idlems="0.483" threads="0" lastid="000000000088D900" lastname="Group1.Backend.CompositeBackend{Tier1}.6" />
</exclusive-start>
<af-start id="2677" threadId="000000000088E280" totalBytesRequested="104" timestamp="2020-09-11T09:57:11.011" intervalms="2107.257" type="nursery" />
<cycle-start id="2678" type="scavenge" contextid="0" timestamp="2020-09-11T09:57:11.011" intervalms="2107.249" />
<gc-start id="2679" type="scavenge" contextid="2678" timestamp="2020-09-11T09:57:11.011">
  <mem-info id="2680" free="515718320" total="2760835072" percent="18">
    <mem type="nursery" free="0" total="939524096" percent="0">
      <mem type="allocate" free="0" total="801570816" percent="0" />
      <mem type="survivor" free="0" total="137953280" percent="0" />
    </mem>
    <mem type="tenure" free="515718320" total="1821310976" percent="28">
      <mem type="soa" free="406439088" total="1712031744" percent="23" />
      <mem type="loa" free="109279232" total="109279232" percent="100" />
    </mem>
    <remembered-set count="193615" />
  </mem-info>
</gc-start>
<allocation-stats totalBytes="687332600" >
  <allocated-bytes non-tlh="33935120" tlh="653397480" />
  <largest-consumer threadName="Group1.Backend.CompositeBackend{Tier1}.1" threadId="000000000078AB00" bytes="89285288" />
</allocation-stats>
<gc-op id="2681" type="scavenge" timems="92.314" contextid="2678" timestamp="2020-09-11T09:57:11.104">
  <scavenger-info tenureage="3" tenuremask="7ff8" tiltratio="85" />
  <memory-copied type="nursery" objects="4085012" bytes="109668904" bytesdiscarded="137368" />
  <memory-copied type="tenure" objects="1072652" bytes="28839304" bytesdiscarded="71880" />
  <ownableSynchronizers candidates="4660" cleared="3893" />
  <references type="soft" candidates="760" cleared="0" enqueued="0" dynamicThreshold="18" maxThreshold="32" />
  <references type="weak" candidates="123" cleared="123" enqueued="0" />
</gc-op>
<gc-end id="2682" type="scavenge" contextid="2678" durationms="93.238" usertimems="650.978" systemtimems="6.092" timestamp="2020-09-11T09:57:11.104" activeThreads="8">
  <mem-info id="2683" free="1180646672" total="2760835072" percent="42">
    <mem type="nursery" free="693773312" total="939524096" percent="73">
      <mem type="allocate" free="693773312" total="803667968" percent="86" />
      <mem type="survivor" free="0" total="135856128" percent="0" />
    </mem>
    <mem type="tenure" free="486873360" total="1821310976" percent="26" macro-fragmented="0">
      <mem type="soa" free="377594128" total="1712031744" percent="22" />
      <mem type="loa" free="109279232" total="109279232" percent="100" />
    </mem>
    <remembered-set count="30413" />
  </mem-info>
</gc-end>
<cycle-end id="2684" type="scavenge" contextid="2678" timestamp="2020-09-11T09:57:11.105" />
<allocation-satisfied id="2685" threadId="000000000088D900" bytesRequested="104" />
<af-end id="2686" timestamp="2020-09-11T09:57:11.105" threadId="000000000088E280" success="true" from="nursery"/>
<exclusive-end id="2687" timestamp="2020-09-11T09:57:11.105" durationms="95.160" />

<exclusive-start id="2688" timestamp="2020-09-11T09:57:13.222" intervalms="2212.029">
  <response-info timems="0.726" idlems="0.367" threads="1" lastid="00000000007C9200" lastname="Group1.Backend.CompositeBackend{Tier1}.2" />
</exclusive-start>
<af-start id="2689" threadId="0000000000850480" totalBytesRequested="24" timestamp="2020-09-11T09:57:13.223" intervalms="2212.108" type="nursery" />
<cycle-start id="2690" type="scavenge" contextid="0" timestamp="2020-09-11T09:57:13.223" intervalms="2212.136" />
<gc-start id="2691" type="scavenge" contextid="2690" timestamp="2020-09-11T09:57:13.224">
  <mem-info id="2692" free="486873096" total="2760835072" percent="17">
    <mem type="nursery" free="0" total="939524096" percent="0">
      <mem type="allocate" free="0" total="803667968" percent="0" />
      <mem type="survivor" free="0" total="135856128" percent="0" />
    </mem>
    <mem type="tenure" free="486873096" total="1821310976" percent="26">
      <mem type="soa" free="377593864" total="1712031744" percent="22" />
      <mem type="loa" free="109279232" total="109279232" percent="100" />
    </mem>
    <remembered-set count="198032" />
  </mem-info>
</gc-start>
<allocation-stats totalBytes="693423048" >
  <allocated-bytes non-tlh="26190016" tlh="667233032" />
  <largest-consumer threadName="Group1.Backend.CompositeBackend{Tier1}.2" threadId="00000000007C9200" bytes="89179896" />
</allocation-stats>
<gc-op id="2693" type="scavenge" timems="94.932" contextid="2690" timestamp="2020-09-11T09:57:13.318">
  <scavenger-info tenureage="3" tenuremask="7ff8" tiltratio="85" />
  <memory-copied type="nursery" objects="4139921" bytes="111070728" bytesdiscarded="182424" />
  <memory-copied type="tenure" objects="1104099" bytes="29676264" bytesdiscarded="67288" />
  <ownableSynchronizers candidates="4750" cleared="3995" />
  <references type="soft" candidates="753" cleared="0" enqueued="0" dynamicThreshold="18" maxThreshold="32" />
  <references type="weak" candidates="112" cleared="112" enqueued="0" />
</gc-op>
<gc-end id="2694" type="scavenge" contextid="2690" durationms="95.952" usertimems="725.406" systemtimems="2.565" timestamp="2020-09-11T09:57:13.319" activeThreads="8">
  <mem-info id="2695" free="1151475768" total="2760835072" percent="41">
    <mem type="nursery" free="694296320" total="939524096" percent="73">
      <mem type="allocate" free="694296320" total="805634048" percent="86" />
      <mem type="survivor" free="0" total="133890048" percent="0" />
    </mem>
    <mem type="tenure" free="457179448" total="1821310976" percent="25" macro-fragmented="0">
      <mem type="soa" free="347900216" total="1712031744" percent="20" />
      <mem type="loa" free="109279232" total="109279232" percent="100" />
    </mem>
    <remembered-set count="31167" />
  </mem-info>
</gc-end>
<cycle-end id="2696" type="scavenge" contextid="2690" timestamp="2020-09-11T09:57:13.320" />
<allocation-satisfied id="2697" threadId="000000000084FB00" bytesRequested="24" />
<af-end id="2698" timestamp="2020-09-11T09:57:13.320" threadId="0000000000850480" success="true" from="nursery"/>
<exclusive-end id="2699" timestamp="2020-09-11T09:57:13.320" durationms="97.791" />

<exclusive-start id="2700" timestamp="2020-09-11T09:57:15.333" intervalms="2110.548">
  <response-info timems="0.289" idlems="0.289" threads="0" lastid="000000000088D900" lastname="Group1.Backend.CompositeBackend{Tier1}.6" />
</exclusive-start>
<af-start id="2701" threadId="000000000088E280" totalBytesRequested="16" timestamp="2020-09-11T09:57:15.333" intervalms="2110.486" type="nursery" />
<cycle-start id="2702" type="scavenge" contextid="0" timestamp="2020-09-11T09:57:15.333" intervalms="2110.457" />
<gc-start id="2703" type="scavenge" contextid="2702" timestamp="2020-09-11T09:57:15.334">
  <mem-info id="2704" free="457179448" total="2760835072" percent="16">
    <mem type="nursery" free="0" total="939524096" percent="0">
      <mem type="allocate" free="0" total="805634048" percent="0" />
      <mem type="survivor" free="0" total="133890048" percent="0" />
    </mem>
    <mem type="tenure" free="457179448" total="1821310976" percent="25">
      <mem type="soa" free="347900216" total="1712031744" percent="20" />
      <mem type="loa" free="109279232" total="109279232" percent="100" />
    </mem>
    <remembered-set count="195741" />
  </mem-info>
</gc-start>
<allocation-stats totalBytes="693941216" >
  <allocated-bytes non-tlh="33457888" tlh="660483328" />
  <largest-consumer threadName="Group1.Backend.CompositeBackend{Tier1}.5" threadId="000000000087A000" bytes="91290216" />
</allocation-stats>
<gc-op id="2705" type="scavenge" timems="105.192" contextid="2702" timestamp="2020-09-11T09:57:15.439">
  <scavenger-info tenureage="3" tenuremask="7ff8" tiltratio="85" />
  <memory-copied type="nursery" objects="4580301" bytes="120929872" bytesdiscarded="130304" />
  <memory-copied type="tenure" objects="1068458" bytes="28725512" bytesdiscarded="78336" />
  <ownableSynchronizers candidates="4116" cleared="3400" />
  <references type="soft" candidates="684" cleared="0" enqueued="0" dynamicThreshold="18" maxThreshold="32" />
  <references type="weak" candidates="112" cleared="112" enqueued="0" />
</gc-op>
<gc-end id="2706" type="scavenge" contextid="2702" durationms="106.190" usertimems="824.258" systemtimems="1.837" timestamp="2020-09-11T09:57:15.440" activeThreads="8">
  <mem-info id="2707" free="1102744584" total="2760835072" percent="39">
    <mem type="nursery" free="674393840" total="939524096" percent="71">
      <mem type="allocate" free="674393840" total="795541504" percent="84" />
      <mem type="survivor" free="0" total="143982592" percent="0" />
    </mem>
    <mem type="tenure" free="428350744" total="1821310976" percent="23" macro-fragmented="0">
      <mem type="soa" free="319071512" total="1712031744" percent="18" />
      <mem type="loa" free="109279232" total="109279232" percent="100" />
    </mem>
    <remembered-set count="32164" />
  </mem-info>
</gc-end>
<cycle-end id="2708" type="scavenge" contextid="2702" timestamp="2020-09-11T09:57:15.442" />
<allocation-satisfied id="2709" threadId="000000000088D900" bytesRequested="16" />
<af-end id="2710" timestamp="2020-09-11T09:57:15.442" threadId="000000000088E280" success="true" from="nursery"/>
<exclusive-end id="2711" timestamp="2020-09-11T09:57:15.442" durationms="109.447" />

<exclusive-start id="2712" timestamp="2020-09-11T09:57:17.311" intervalms="1978.125">
  <response-info timems="0.550" idlems="0.550" threads="0" lastid="000000000089C800" lastname="Group1.Backend.CompositeBackend{Tier1}.7" />
</exclusive-start>
<af-start id="2713" threadId="000000000089D180" totalBytesRequested="24" timestamp="2020-09-11T09:57:17.312" intervalms="1978.279" type="nursery" />
<cycle-start id="2714" type="scavenge" contextid="0" timestamp="2020-09-11T09:57:17.312" intervalms="1978.296" />
<gc-start id="2715" type="scavenge" contextid="2714" timestamp="2020-09-11T09:57:17.313">
  <mem-info id="2716" free="428350744" total="2760835072" percent="15">
    <mem type="nursery" free="0" total="939524096" percent="0">
      <mem type="allocate" free="0" total="795541504" percent="0" />
      <mem type="survivor" free="0" total="143982592" percent="0" />
    </mem>
    <mem type="tenure" free="428350744" total="1821310976" percent="23">
      <mem type="soa" free="319071512" total="1712031744" percent="18" />
      <mem type="loa" free="109279232" total="109279232" percent="100" />
    </mem>
    <remembered-set count="191828" />
  </mem-info>
</gc-start>
<allocation-stats totalBytes="674072808" >
  <allocated-bytes non-tlh="37808800" tlh="636264008" />
  <largest-consumer threadName="Group1.Backend.CompositeBackend{Tier1}.7" threadId="000000000089C800" bytes="128870728" />
</allocation-stats>
<gc-op id="2717" type="scavenge" timems="90.943" contextid="2714" timestamp="2020-09-11T09:57:17.403">
  <scavenger-info tenureage="3" tenuremask="7ff8" tiltratio="84" />
  <memory-copied type="nursery" objects="4266606" bytes="113798120" bytesdiscarded="199736" />
  <memory-copied type="tenure" objects="1084250" bytes="29173312" bytesdiscarded="89952" />
  <ownableSynchronizers candidates="4630" cleared="3944" />
  <references type="soft" candidates="682" cleared="0" enqueued="0" dynamicThreshold="18" maxThreshold="32" />
  <references type="weak" candidates="108" cleared="108" enqueued="0" />
</gc-op>
<gc-end id="2718" type="scavenge" contextid="2714" durationms="92.174" usertimems="696.313" systemtimems="11.958" timestamp="2020-09-11T09:57:17.404" activeThreads="8">
  <mem-info id="2719" free="1082308096" total="2760835072" percent="39">
    <mem type="nursery" free="683168624" total="939524096" percent="72">
      <mem type="allocate" free="683168624" total="797245440" percent="85" />
      <mem type="survivor" free="0" total="142278656" percent="0" />
    </mem>
    <mem type="tenure" free="399139472" total="1821310976" percent="21" macro-fragmented="0">
      <mem type="soa" free="289860240" total="1712031744" percent="16" />
      <mem type="loa" free="109279232" total="109279232" percent="100" />
    </mem>
    <remembered-set count="33547" />
  </mem-info>
</gc-end>
<cycle-end id="2720" type="scavenge" contextid="2714" timestamp="2020-09-11T09:57:17.407" />
<allocation-satisfied id="2721" threadId="000000000089C800" bytesRequested="24" />
<af-end id="2722" timestamp="2020-09-11T09:57:17.407" threadId="000000000089D180" success="true" from="nursery"/>
<exclusive-end id="2723" timestamp="2020-09-11T09:57:17.407" durationms="95.735" />

<exclusive-start id="2724" timestamp="2020-09-11T09:57:19.445" intervalms="2134.419">
  <response-info timems="0.345" idlems="0.199" threads="1" lastid="000000000087A000" lastname="Group1.Backend.CompositeBackend{Tier1}.5" />
</exclusive-start>
<af-start id="2725" threadId="000000000086BB80" totalBytesRequested="32" timestamp="2020-09-11T09:57:19.446" intervalms="2134.226" type="nursery" />
<cycle-start id="2726" type="scavenge" contextid="0" timestamp="2020-09-11T09:57:19.446" intervalms="2134.223" />
<gc-start id="2727" type="scavenge" contextid="2726" timestamp="2020-09-11T09:57:19.446">
  <mem-info id="2728" free="399139472" total="2760835072" percent="14">
    <mem type="nursery" free="0" total="939524096" percent="0">
      <mem type="allocate" free="0" total="797245440" percent="0" />
      <mem type="survivor" free="0" total="142278656" percent="0" />
    </mem>
    <mem type="tenure" free="399139472" total="1821310976" percent="21">
      <mem type="soa" free="289860240" total="1712031744" percent="16" />
      <mem type="loa" free="109279232" total="109279232" percent="100" />
    </mem>
    <remembered-set count="197705" />
  </mem-info>
</gc-start>
<allocation-stats totalBytes="682838648" >
  <allocated-bytes non-tlh="28494688" tlh="654343960" />
  <largest-consumer threadName="Group1.Backend.CompositeBackend{Tier1}.5" threadId="000000000087A000" bytes="83845528" />
</allocation-stats>
<gc-op id="2729" type="scavenge" timems="110.216" contextid="2726" timestamp="2020-09-11T09:57:19.557">
  <scavenger-info tenureage="3" tenuremask="7ff8" tiltratio="84" />
  <memory-copied type="nursery" objects="4261564" bytes="113449536" bytesdiscarded="171912" />
  <memory-copied type="tenure" objects="1178834" bytes="31706320" bytesdiscarded="101136" />
  <ownableSynchronizers candidates="4347" cleared="3672" />
  <references type="soft" candidates="666" cleared="0" enqueued="0" dynamicThreshold="18" maxThreshold="32" />
  <references type="weak" candidates="113" cleared="113" enqueued="0" />
</gc-op>
<gc-end id="2730" type="scavenge" contextid="2726" durationms="111.878" usertimems="774.486" systemtimems="0.000" timestamp="2020-09-11T09:57:19.558" activeThreads="8">
  <mem-info id="2731" free="1053833120" total="2760835072" percent="38">
    <mem type="nursery" free="686484792" total="939524096" percent="73">
      <mem type="allocate" free="686484792" total="800194560" percent="85" />
      <mem type="survivor" free="0" total="139329536" percent="0" />
    </mem>
    <mem type="tenure" free="367348328" total="1821310976" percent="20" macro-fragmented="868149">
      <mem type="soa" free="258069096" total="1712031744" percent="15" />
      <mem type="loa" free="109279232" total="109279232" percent="100" />
    </mem>
    <remembered-set count="33145" />
  </mem-info>
</gc-end>
<cycle-end id="2732" type="scavenge" contextid="2726" timestamp="2020-09-11T09:57:19.559" />
<allocation-satisfied id="2733" threadId="000000000086B200" bytesRequested="32" />
<af-end id="2734" timestamp="2020-09-11T09:57:19.559" threadId="000000000086BB80" success="true" from="nursery"/>
<exclusive-end id="2735" timestamp="2020-09-11T09:57:19.559" durationms="114.045" />

<exclusive-start id="2736" timestamp="2020-09-11T09:57:21.519" intervalms="2074.068">
  <response-info timems="0.385" idlems="0.385" threads="0" lastid="000000000078AB00" lastname="Group1.Backend.CompositeBackend{Tier1}.1" />
</exclusive-start>
<af-start id="2737" threadId="000000000078B480" totalBytesRequested="3176" timestamp="2020-09-11T09:57:21.520" intervalms="2074.076" type="nursery" />
<cycle-start id="2738" type="scavenge" contextid="0" timestamp="2020-09-11T09:57:21.520" intervalms="2074.066" />
<gc-start id="2739" type="scavenge" contextid="2738" timestamp="2020-09-11T09:57:21.521">
  <mem-info id="2740" free="367348216" total="2760835072" percent="13">
    <mem type="nursery" free="0" total="939524096" percent="0">
      <mem type="allocate" free="0" total="800194560" percent="0" />
      <mem type="survivor" free="0" total="139329536" percent="0" />
    </mem>
    <mem type="tenure" free="367348216" total="1821310976" percent="20">
      <mem type="soa" free="258068984" total="1712031744" percent="15" />
      <mem type="loa" free="109279232" total="109279232" percent="100" />
    </mem>
    <remembered-set count="194527" />
  </mem-info>
</gc-start>
<allocation-stats totalBytes="686168040" >
  <allocated-bytes non-tlh="33879232" tlh="652288808" />
  <largest-consumer threadName="Group1.Backend.CompositeBackend{Tier1}.3" threadId="000000000085F900" bytes="88761016" />
</allocation-stats>
<gc-op id="2741" type="scavenge" timems="112.155" contextid="2738" timestamp="2020-09-11T09:57:21.633">
  <scavenger-info tenureage="3" tenuremask="7ff8" tiltratio="85" />
  <memory-copied type="nursery" objects="4594046" bytes="120999328" bytesdiscarded="164216" />
  <memory-copied type="tenure" objects="1111307" bytes="29974504" bytesdiscarded="105984" />
  <ownableSynchronizers candidates="4706" cleared="4012" />
  <references type="soft" candidates="697" cleared="0" enqueued="0" dynamicThreshold="18" maxThreshold="32" />
  <references type="weak" candidates="107" cleared="107" enqueued="0" />
</gc-op>
<gc-end id="2742" type="scavenge" contextid="2738" durationms="113.246" usertimems="794.454" systemtimems="1.071" timestamp="2020-09-11T09:57:21.634" activeThreads="8">
  <mem-info id="2743" free="1012455864" total="2760835072" percent="36">
    <mem type="nursery" free="675208968" total="939524096" percent="71">
      <mem type="allocate" free="675208968" total="796459008" percent="84" />
      <mem type="survivor" free="0" total="143065088" percent="0" />
    </mem>
    <mem type="tenure" free="337246896" total="1821310976" percent="18" macro-fragmented="0">
      <mem type="soa" free="227967664" total="1712031744" percent="13" />
      <mem type="loa" free="109279232" total="109279232" percent="100" />
    </mem>
    <remembered-set count="29438" />
  </mem-info>
</gc-end>
<cycle-end id="2744" type="scavenge" contextid="2738" timestamp="2020-09-11T09:57:21.636" />
<allocation-satisfied id="2745" threadId="000000000078AB00" bytesRequested="3176" />
<af-end id="2746" timestamp="2020-09-11T09:57:21.636" threadId="000000000078B480" success="true" from="nursery"/>
<exclusive-end id="2747" timestamp="2020-09-11T09:57:21.636" durationms="116.523" />

<exclusive-start id="2748" timestamp="2020-09-11T09:57:23.615" intervalms="2095.845">
  <response-info timems="0.746" idlems="0.668" threads="1" lastid="000000000089C800" lastname="Group1.Backend.CompositeBackend{Tier1}.7" />
</exclusive-start>
<af-start id="2749" threadId="0000000000860280" totalBytesRequested="10008" timestamp="2020-09-11T09:57:23.616" intervalms="2096.299" type="nursery" />
<cycle-start id="2750" type="scavenge" contextid="0" timestamp="2020-09-11T09:57:23.616" intervalms="2096.379" />
<gc-start id="2751" type="scavenge" contextid="2750" timestamp="2020-09-11T09:57:23.617">
  <mem-info id="2752" free="337246896" total="2760835072" percent="12">
    <mem type="nursery" free="0" total="939524096" percent="0">
      <mem type="allocate" free="0" total="796459008" percent="0" />
      <mem type="survivor" free="0" total="143065088" percent="0" />
    </mem>
    <mem type="tenure" free="337246896" total="1821310976" percent="18">
      <mem type="soa" free="227967664" total="1712031744" percent="13" />
      <mem type="loa" free="109279232" total="109279232" percent="100" />
    </mem>
    <remembered-set count="191393" />
  </mem-info>
</gc-start>
<allocation-stats totalBytes="674860592" >
  <allocated-bytes non-tlh="31785960" tlh="643074632" />
  <largest-consumer threadName="Group1.Backend.CompositeBackend{Tier1}.1" threadId="000000000078AB00" bytes="96771600" />
</allocation-stats>
<gc-op id="2753" type="scavenge" timems="109.299" contextid="2750" timestamp="2020-09-11T09:57:23.726">
  <scavenger-info tenureage="3" tenuremask="7ff8" tiltratio="84" />
  <memory-copied type="nursery" objects="4135253" bytes="110871880" bytesdiscarded="170808" />
  <memory-copied type="tenure" objects="1037862" bytes="27886784" bytesdiscarded="107880" />
  <ownableSynchronizers candidates="4928" cleared="4216" />
  <references type="soft" candidates="705" cleared="0" enqueued="0" dynamicThreshold="18" maxThreshold="32" />
  <references type="weak" candidates="117" cleared="117" enqueued="0" />
</gc-op>
<gc-end id="2754" type="scavenge" contextid="2750" durationms="110.568" usertimems="782.615" systemtimems="0.000" timestamp="2020-09-11T09:57:23.727" activeThreads="8">
  <mem-info id="2755" free="996113520" total="2760835072" percent="36">
    <mem type="nursery" free="686834432" total="939524096" percent="73">
      <mem type="allocate" free="686834432" total="797966336" percent="86" />
      <mem type="survivor" free="0" total="141557760" percent="0" />
    </mem>
    <mem type="tenure" free="309279088" total="1821310976" percent="16" macro-fragmented="0">
      <mem type="soa" free="199999856" total="1712031744" percent="11" />
      <mem type="loa" free="109279232" total="109279232" percent="100" />
    </mem>
    <remembered-set count="28324" />
  </mem-info>
</gc-end>
<cycle-end id="2756" type="scavenge" contextid="2750" timestamp="2020-09-11T09:57:23.729" />
<allocation-satisfied id="2757" threadId="000000000085F900" bytesRequested="10008" />
<af-end id="2758" timestamp="2020-09-11T09:57:23.729" threadId="0000000000860280" success="true" from="nursery"/>
<exclusive-end id="2759" timestamp="2020-09-11T09:57:23.729" durationms="114.031" />

<exclusive-start id="2760" timestamp="2020-09-11T09:57:25.777" intervalms="2162.072">
  <response-info timems="1.312" idlems="1.312" threads="0" lastid="000000000087A000" lastname="Group1.Backend.CompositeBackend{Tier1}.5" />
</exclusive-start>
<af-start id="2761" threadId="000000000087A980" totalBytesRequested="32" timestamp="2020-09-11T09:57:25.778" intervalms="2161.809" type="nursery" />
<cycle-start id="2762" type="scavenge" contextid="0" timestamp="2020-09-11T09:57:25.778" intervalms="2161.746" />
<gc-start id="2763" type="scavenge" contextid="2762" timestamp="2020-09-11T09:57:25.779">
  <mem-info id="2764" free="309279088" total="2760835072" percent="11">
    <mem type="nursery" free="0" total="939524096" percent="0">
      <mem type="allocate" free="0" total="797966336" percent="0" />
      <mem type="survivor" free="0" total="141557760" percent="0" />
    </mem>
    <mem type="tenure" free="309279088" total="1821310976" percent="16">
      <mem type="soa" free="199999856" total="1712031744" percent="11" />
      <mem type="loa" free="109279232" total="109279232" percent="100" />
    </mem>
    <remembered-set count="194430" />
  </mem-info>
</gc-start>
<allocation-stats totalBytes="686501632" >
  <allocated-bytes non-tlh="26596000" tlh="659905632" />
  <largest-consumer threadName="Group1.Backend.CompositeBackend{Tier1}.4" threadId="000000000086B200" bytes="84832248" />
</allocation-stats>
<gc-op id="2765" type="scavenge" timems="110.065" contextid="2762" timestamp="2020-09-11T09:57:25.889">
  <scavenger-info tenureage="3" tenuremask="7ff8" tiltratio="84" />
  <memory-copied type="nursery" objects="4071956" bytes="109382008" bytesdiscarded="197072" />
  <memory-copied type="tenure" objects="1093886" bytes="29424384" bytesdiscarded="96152" />
  <ownableSynchronizers candidates="4514" cleared="3808" />
  <references type="soft" candidates="710" cleared="0" enqueued="0" dynamicThreshold="18" maxThreshold="32" />
  <references type="weak" candidates="128" cleared="127" enqueued="0" />
</gc-op>
<gc-end id="2766" type="scavenge" contextid="2762" durationms="111.156" usertimems="817.740" systemtimems="2.926" timestamp="2020-09-11T09:57:25.890" activeThreads="8">
  <mem-info id="2767" free="971585760" total="2760835072" percent="35">
    <mem type="nursery" free="691776256" total="939524096" percent="73">
      <mem type="allocate" free="691776256" total="801439744" percent="86" />
      <mem type="survivor" free="0" total="138084352" percent="0" />
    </mem>
    <mem type="tenure" free="279809504" total="1821310976" percent="15" macro-fragmented="0">
      <mem type="soa" free="170530272" total="1712031744" percent="9" />
      <mem type="loa" free="109279232" total="109279232" percent="100" />
    </mem>
    <remembered-set count="30163" />
  </mem-info>
</gc-end>
<cycle-end id="2768" type="scavenge" contextid="2762" timestamp="2020-09-11T09:57:25.891" />
<allocation-satisfied id="2769" threadId="000000000087A000" bytesRequested="32" />
<af-end id="2770" timestamp="2020-09-11T09:57:25.891" threadId="000000000087A980" success="true" from="nursery"/>
<exclusive-end id="2771" timestamp="2020-09-11T09:57:25.891" durationms="113.589" />

<exclusive-start id="2772" timestamp="2020-09-11T09:57:27.778" intervalms="2000.515">
  <response-info timems="0.532" idlems="0.532" threads="0" lastid="00000000007C9200" lastname="Group1.Backend.CompositeBackend{Tier1}.2" />
</exclusive-start>
<af-start id="2773" threadId="00000000007C9B80" totalBytesRequested="48" timestamp="2020-09-11T09:57:27.778" intervalms="2000.422" type="nursery" />
<cycle-start id="2774" type="scavenge" contextid="0" timestamp="2020-09-11T09:57:27.779" intervalms="2000.413" />
<gc-start id="2775" type="scavenge" contextid="2774" timestamp="2020-09-11T09:57:27.779">
  <mem-info id="2776" free="279809504" total="2760835072" percent="10">
    <mem type="nursery" free="0" total="939524096" percent="0">
      <mem type="allocate" free="0" total="801439744" percent="0" />
      <mem type="survivor" free="0" total="138084352" percent="0" />
    </mem>
    <mem type="tenure" free="279809504" total="1821310976" percent="15">
      <mem type="soa" free="170530272" total="1712031744" percent="9" />
      <mem type="loa" free="109279232" total="109279232" percent="100" />
    </mem>
    <remembered-set count="190945" />
  </mem-info>
</gc-start>
<allocation-stats totalBytes="691454040" >
  <allocated-bytes non-tlh="40475168" tlh="650978872" />
  <largest-consumer threadName="Group1.Backend.CompositeBackend{Tier1}.4" threadId="000000000086B200" bytes="84307016" />
</allocation-stats>
<gc-op id="2777" type="scavenge" timems="115.221" contextid="2774" timestamp="2020-09-11T09:57:27.894">
  <scavenger-info tenureage="3" tenuremask="7ff8" tiltratio="85" />
  <memory-copied type="nursery" objects="4421276" bytes="116750312" bytesdiscarded="241768" />
  <memory-copied type="tenure" objects="1084734" bytes="29178136" bytesdiscarded="94440" />
  <ownableSynchronizers candidates="4592" cleared="3876" />
  <references type="soft" candidates="701" cleared="0" enqueued="0" dynamicThreshold="18" maxThreshold="32" />
  <references type="weak" candidates="118" cleared="118" enqueued="0" />
</gc-op>
<gc-end id="2778" type="scavenge" contextid="2774" durationms="116.247" usertimems="836.072" systemtimems="14.331" timestamp="2020-09-11T09:57:27.895" activeThreads="8">
  <mem-info id="2779" free="934103360" total="2760835072" percent="33">
    <mem type="nursery" free="683581928" total="939524096" percent="72">
      <mem type="allocate" free="683581928" total="800653312" percent="85" />
      <mem type="survivor" free="0" total="138870784" percent="0" />
    </mem>
    <mem type="tenure" free="250521432" total="1821310976" percent="13" macro-fragmented="0">
      <mem type="soa" free="141242200" total="1712031744" percent="8" />
      <mem type="loa" free="109279232" total="109279232" percent="100" />
    </mem>
    <remembered-set count="31432" />
  </mem-info>
</gc-end>
<cycle-end id="2780" type="scavenge" contextid="2774" timestamp="2020-09-11T09:57:27.896" />
<allocation-satisfied id="2781" threadId="00000000007C9200" bytesRequested="48" />
<af-end id="2782" timestamp="2020-09-11T09:57:27.896" threadId="00000000007C9B80" success="true" from="nursery"/>
<exclusive-end id="2783" timestamp="2020-09-11T09:57:27.896" durationms="118.365" />

<exclusive-start id="2784" timestamp="2020-09-11T09:57:29.860" intervalms="2082.019">
  <response-info timems="0.430" idlems="0.217" threads="1" lastid="000000000084FB00" lastname="Group1.Backend.CompositeBackend{Tier1}.8" />
</exclusive-start>
<af-start id="2785" threadId="000000000089D180" totalBytesRequested="24" timestamp="2020-09-11T09:57:29.860" intervalms="2082.017" type="nursery" />
<cycle-start id="2786" type="scavenge" contextid="0" timestamp="2020-09-11T09:57:29.861" intervalms="2082.013" />
<gc-start id="2787" type="scavenge" contextid="2786" timestamp="2020-09-11T09:57:29.861">
  <mem-info id="2788" free="250521432" total="2760835072" percent="9">
    <mem type="nursery" free="0" total="939524096" percent="0">
      <mem type="allocate" free="0" total="800653312" percent="0" />
      <mem type="survivor" free="0" total="138870784" percent="0" />
    </mem>
    <mem type="tenure" free="250521432" total="1821310976" percent="13">
      <mem type="soa" free="141242200" total="1712031744" percent="8" />
      <mem type="loa" free="109279232" total="109279232" percent="100" />
    </mem>
    <remembered-set count="194212" />
  </mem-info>
</gc-start>
<allocation-stats totalBytes="683250136" >
  <allocated-bytes non-tlh="34464440" tlh="648785696" />
  <largest-consumer threadName="Group1.Backend.CompositeBackend{Tier1}.7" threadId="000000000089C800" bytes="96819840" />
</allocation-stats>
<gc-op id="2789" type="scavenge" timems="98.757" contextid="2786" timestamp="2020-09-11T09:57:29.960">
  <scavenger-info tenureage="3" tenuremask="7ff8" tiltratio="85" />
  <memory-copied type="nursery" objects="4323807" bytes="114719912" bytesdiscarded="187160" />
  <memory-copied type="tenure" objects="1091496" bytes="29365936" bytesdiscarded="76832" />
  <ownableSynchronizers candidates="5153" cleared="4420" />
  <references type="soft" candidates="729" cleared="0" enqueued="0" dynamicThreshold="18" maxThreshold="32" />
  <references type="weak" candidates="123" cleared="123" enqueued="0" />
</gc-op>
<gc-end id="2790" type="scavenge" contextid="2786" durationms="99.767" usertimems="773.275" systemtimems="7.240" timestamp="2020-09-11T09:57:29.961" activeThreads="8">
  <mem-info id="2791" free="908400712" total="2760835072" percent="32">
    <mem type="nursery" free="687302128" total="939524096" percent="73">
      <mem type="allocate" free="687302128" total="802291712" percent="85" />
      <mem type="survivor" free="0" total="137232384" percent="0" />
    </mem>
    <mem type="tenure" free="221098584" total="1821310976" percent="12" macro-fragmented="0">
      <mem type="soa" free="111819352" total="1712031744" percent="6" />
      <mem type="loa" free="109279232" total="109279232" percent="100" />
    </mem>
    <remembered-set count="33238" />
  </mem-info>
</gc-end>
<cycle-end id="2792" type="scavenge" contextid="2786" timestamp="2020-09-11T09:57:29.962" />
<allocation-satisfied id="2793" threadId="000000000089C800" bytesRequested="24" />
<af-end id="2794" timestamp="2020-09-11T09:57:29.962" threadId="000000000089D180" success="true" from="nursery"/>
<exclusive-end id="2795" timestamp="2020-09-11T09:57:29.962" durationms="101.838" />

<exclusive-start id="2796" timestamp="2020-09-11T09:57:31.982" intervalms="2122.633">
  <response-info timems="1.452" idlems="1.452" threads="0" lastid="000000000089C800" lastname="Group1.Backend.CompositeBackend{Tier1}.7" />
</exclusive-start>
<af-start id="2797" threadId="000000000089D180" totalBytesRequested="784" timestamp="2020-09-11T09:57:31.983" intervalms="2122.674" type="nursery" />
<cycle-start id="2798" type="scavenge" contextid="0" timestamp="2020-09-11T09:57:31.983" intervalms="2122.727" />
<gc-start id="2799" type="scavenge" contextid="2798" timestamp="2020-09-11T09:57:31.984">
  <mem-info id="2800" free="221098584" total="2760835072" percent="8">
    <mem type="nursery" free="0" total="939524096" percent="0">
      <mem type="allocate" free="0" total="802291712" percent="0" />
      <mem type="survivor" free="0" total="137232384" percent="0" />
    </mem>
    <mem type="tenure" free="221098584" total="1821310976" percent="12">
      <mem type="soa" free="111819352" total="1712031744" percent="6" />
      <mem type="loa" free="109279232" total="109279232" percent="100" />
    </mem>
    <remembered-set count="197601" />
  </mem-info>
</gc-start>
<allocation-stats totalBytes="686955888" >
  <allocated-bytes non-tlh="29908136" tlh="657047752" />
  <largest-consumer threadName="Group1.Backend.CompositeBackend{Tier1}.5" threadId="000000000087A000" bytes="86987520" />
</allocation-stats>
<gc-op id="2801" type="scavenge" timems="108.648" contextid="2798" timestamp="2020-09-11T09:57:32.092">
  <scavenger-info tenureage="3" tenuremask="7ff8" tiltratio="85" />
  <memory-copied type="nursery" objects="4252999" bytes="113288952" bytesdiscarded="268408" />
  <memory-copied type="tenure" objects="1139249" bytes="30629824" bytesdiscarded="61904" />
  <ownableSynchronizers candidates="5020" cleared="4284" />
  <references type="soft" candidates="750" cleared="0" enqueued="0" dynamicThreshold="18" maxThreshold="32" />
  <references type="weak" candidates="112" cleared="112" enqueued="0" />
</gc-op>
<gc-end id="2802" type="scavenge" contextid="2798" durationms="110.008" usertimems="837.450" systemtimems="0.117" timestamp="2020-09-11T09:57:32.094" activeThreads="8">
  <mem-info id="2803" free="880368264" total="2760835072" percent="31">
    <mem type="nursery" free="690349952" total="939524096" percent="73">
      <mem type="allocate" free="690349952" total="803995648" percent="85" />
      <mem type="survivor" free="0" total="135528448" percent="0" />
    </mem>
    <mem type="tenure" free="190018312" total="1821310976" percent="10" macro-fragmented="0">
      <mem type="soa" free="80739080" total="1712031744" percent="4" />
      <mem type="loa" free="109279232" total="109279232" percent="100" />
    </mem>
    <remembered-set count="33570" />
  </mem-info>
</gc-end>
<cycle-end id="2804" type="scavenge" contextid="2798" timestamp="2020-09-11T09:57:32.095" />
<allocation-satisfied id="2805" threadId="000000000089C800" bytesRequested="784" />
<af-end id="2806" timestamp="2020-09-11T09:57:32.095" threadId="000000000089D180" success="true" from="nursery"/>
<exclusive-end id="2807" timestamp="2020-09-11T09:57:32.096" durationms="113.105" />

<exclusive-start id="2808" timestamp="2020-09-11T09:57:34.117" intervalms="2134.552">
  <response-info timems="2.944" idlems="2.944" threads="0" lastid="000000000089C800" lastname="Group1.Backend.CompositeBackend{Tier1}.7" />
</exclusive-start>
<af-start id="2809" threadId="000000000089D180" totalBytesRequested="24" timestamp="2020-09-11T09:57:34.118" intervalms="2134.658" type="nursery" />
<cycle-start id="2810" type="scavenge" contextid="0" timestamp="2020-09-11T09:57:34.118" intervalms="2134.637" />
<gc-start id="2811" type="scavenge" contextid="2810" timestamp="2020-09-11T09:57:34.118">
  <mem-info id="2812" free="190018312" total="2760835072" percent="6">
    <mem type="nursery" free="0" total="939524096" percent="0">
      <mem type="allocate" free="0" total="803995648" percent="0" />
      <mem type="survivor" free="0" total="135528448" percent="0" />
    </mem>
    <mem type="tenure" free="190018312" total="1821310976" percent="10">
      <mem type="soa" free="80739080" total="1712031744" percent="4" />
      <mem type="loa" free="109279232" total="109279232" percent="100" />
    </mem>
    <remembered-set count="198162" />
  </mem-info>
</gc-start>
<allocation-stats totalBytes="690008840" >
  <allocated-bytes non-tlh="28770864" tlh="661237976" />
  <largest-consumer threadName="Group1.Backend.CompositeBackend{Tier1}.8" threadId="000000000084FB00" bytes="91202808" />
</allocation-stats>
<gc-op id="2813" type="scavenge" timems="78.789" contextid="2810" timestamp="2020-09-11T09:57:34.197">
  <scavenger-info tenureage="3" tenuremask="7ff8" tiltratio="85" />
  <memory-copied type="nursery" objects="4154430" bytes="111486600" bytesdiscarded="197168" />
  <memory-copied type="tenure" objects="1036651" bytes="27824120" bytesdiscarded="29416" />
  <ownableSynchronizers candidates="4118" cleared="3400" />
  <references type="soft" candidates="744" cleared="0" enqueued="0" dynamicThreshold="18" maxThreshold="32" />
  <references type="weak" candidates="112" cleared="112" enqueued="0" />
</gc-op>
<gc-end id="2814" type="scavenge" contextid="2810" durationms="79.714" usertimems="624.330" systemtimems="0.000" timestamp="2020-09-11T09:57:34.198" activeThreads="8">
  <mem-info id="2815" free="856367848" total="2760835072" percent="31">
    <mem type="nursery" free="693988096" total="939524096" percent="73">
      <mem type="allocate" free="693988096" total="805765120" percent="86" />
      <mem type="survivor" free="0" total="133758976" percent="0" />
    </mem>
    <mem type="tenure" free="162379752" total="1821310976" percent="8" macro-fragmented="0">
      <mem type="soa" free="53100520" total="1712031744" percent="3" />
      <mem type="loa" free="109279232" total="109279232" percent="100" />
    </mem>
    <remembered-set count="30003" />
  </mem-info>
</gc-end>
<cycle-end id="2816" type="scavenge" contextid="2810" timestamp="2020-09-11T09:57:34.199" />
<allocation-satisfied id="2817" threadId="000000000089C800" bytesRequested="24" />
<af-end id="2818" timestamp="2020-09-11T09:57:34.199" threadId="000000000089D180" success="true" from="nursery"/>
<exclusive-end id="2819" timestamp="2020-09-11T09:57:34.199" durationms="81.940" />

<exclusive-start id="2820" timestamp="2020-09-11T09:57:36.164" intervalms="2046.727">
  <response-info timems="4.107" idlems="4.107" threads="0" lastid="000000000086B200" lastname="Group1.Backend.CompositeBackend{Tier1}.4" />
</exclusive-start>
<af-start id="2821" threadId="000000000086BB80" totalBytesRequested="24" timestamp="2020-09-11T09:57:36.164" intervalms="2046.653" type="nursery" />
<cycle-start id="2822" type="scavenge" contextid="0" timestamp="2020-09-11T09:57:36.165" intervalms="2046.641" />
<gc-start id="2823" type="scavenge" contextid="2822" timestamp="2020-09-11T09:57:36.165">
  <mem-info id="2824" free="162379752" total="2760835072" percent="5">
    <mem type="nursery" free="0" total="939524096" percent="0">
      <mem type="allocate" free="0" total="805765120" percent="0" />
      <mem type="survivor" free="0" total="133758976" percent="0" />
    </mem>
    <mem type="tenure" free="162379752" total="1821310976" percent="8">
      <mem type="soa" free="53100520" total="1712031744" percent="3" />
      <mem type="loa" free="109279232" total="109279232" percent="100" />
    </mem>
    <remembered-set count="190069" />
  </mem-info>
</gc-start>
<allocation-stats totalBytes="693677736" >
  <allocated-bytes non-tlh="36816088" tlh="656861648" />
  <largest-consumer threadName="Group1.Backend.CompositeBackend{Tier1}.7" threadId="000000000089C800" bytes="98288232" />
</allocation-stats>
<gc-op id="2825" type="scavenge" timems="109.290" contextid="2822" timestamp="2020-09-11T09:57:36.274">
  <scavenger-info tenureage="3" tenuremask="7ff8" tiltratio="85" />
  <memory-copied type="nursery" objects="4137529" bytes="111046072" bytesdiscarded="183624" />
  <memory-copied type="tenure" objects="1080526" bytes="29028216" bytesdiscarded="25976" />
  <ownableSynchronizers candidates="4238" cleared="3536" />
  <references type="soft" candidates="691" cleared="0" enqueued="0" dynamicThreshold="18" maxThreshold="32" />
  <references type="weak" candidates="114" cleared="112" enqueued="0" />
</gc-op>
<gc-end id="2826" type="scavenge" contextid="2822" durationms="110.242" usertimems="787.555" systemtimems="9.879" timestamp="2020-09-11T09:57:36.275" activeThreads="8">
  <mem-info id="2827" free="829467224" total="2760835072" percent="30">
    <mem type="nursery" free="696225280" total="939524096" percent="74">
      <mem type="allocate" free="696225280" total="807534592" percent="86" />
      <mem type="survivor" free="0" total="131989504" percent="0" />
    </mem>
    <mem type="tenure" free="133241944" total="1821310976" percent="7" macro-fragmented="0">
      <mem type="soa" free="23962712" total="1712031744" percent="1" />
      <mem type="loa" free="109279232" total="109279232" percent="100" />
    </mem>
    <remembered-set count="28284" />
  </mem-info>
</gc-end>
<cycle-end id="2828" type="scavenge" contextid="2822" timestamp="2020-09-11T09:57:36.276" />
<allocation-satisfied id="2829" threadId="000000000086B200" bytesRequested="24" />
<af-end id="2830" timestamp="2020-09-11T09:57:36.276" threadId="000000000086BB80" success="true" from="nursery"/>
<exclusive-end id="2831" timestamp="2020-09-11T09:57:36.276" durationms="112.812" />

<exclusive-start id="2832" timestamp="2020-09-11T09:57:38.312" intervalms="2148.155">
  <response-info timems="2.560" idlems="2.370" threads="1" lastid="000000000085F900" lastname="Group1.Backend.CompositeBackend{Tier1}.3" />
</exclusive-start>
<af-start id="2833" threadId="0000000000850480" totalBytesRequested="256" timestamp="2020-09-11T09:57:38.313" intervalms="2148.706" type="nursery" />
<percolate-collect id="2834" from="nursery" to="global" reason="prevent tenure expand" timestamp="2020-09-11T09:57:38.313"/>
<cycle-start id="2835" type="global" contextid="0" timestamp="2020-09-11T09:57:38.313" intervalms="65827.615" />
<gc-start id="2836" type="global" contextid="2835" timestamp="2020-09-11T09:57:38.314">
  <mem-info id="2837" free="133241944" total="2760835072" percent="4">
    <mem type="nursery" free="0" total="939524096" percent="0">
      <mem type="allocate" free="0" total="807534592" percent="0" />
      <mem type="survivor" free="0" total="131989504" percent="0" />
    </mem>
    <mem type="tenure" free="133241944" total="1821310976" percent="7">
      <mem type="soa" free="23962712" total="1712031744" percent="1" />
      <mem type="loa" free="109279232" total="109279232" percent="100" />
    </mem>
    <remembered-set count="191145" />
  </mem-info>
</gc-start>
<allocation-stats totalBytes="695898560" >
  <allocated-bytes non-tlh="36631768" tlh="659266792" />
  <largest-consumer threadName="Group1.Backend.CompositeBackend{Tier1}.8" threadId="000000000084FB00" bytes="96314120" />
</allocation-stats>
<gc-op id="2838" type="mark" timems="541.507" contextid="2835" timestamp="2020-09-11T09:57:38.855">
  <trace-info objectcount="30456747" scancount="29477736" scanbytes="807046948" />
  <finalization candidates="145" enqueued="0" />
  <ownableSynchronizers candidates="583390" cleared="5248" />
  <references type="soft" candidates="699590" cleared="0" enqueued="0" dynamicThreshold="18" maxThreshold="32" />
  <references type="weak" candidates="4419" cleared="132" enqueued="0" />
  <references type="phantom" candidates="107" cleared="0" enqueued="0" />
  <stringconstants candidates="11150" cleared="1"  />
</gc-op>
<gc-op id="2839" type="sweep" timems="13.868" contextid="2835" timestamp="2020-09-11T09:57:38.869" />
<gc-end id="2840" type="global" contextid="2835" durationms="556.601" usertimems="4177.606" systemtimems="22.176" timestamp="2020-09-11T09:57:38.870" activeThreads="8">
  <mem-info id="2841" free="1657576024" total="2760835072" percent="60">
    <mem type="nursery" free="615637848" total="939524096" percent="65">
      <mem type="allocate" free="615637848" total="807534592" percent="76" />
      <mem type="survivor" free="0" total="131989504" percent="0" />
    </mem>
    <mem type="tenure" free="1041938176" total="1821310976" percent="57" micro-fragmented="41005940" macro-fragmented="0">
      <mem type="soa" free="932658944" total="1712031744" percent="54" />
      <mem type="loa" free="109279232" total="109279232" percent="100" />
    </mem>
    <remembered-set count="185357" />
  </mem-info>
</gc-end>
<cycle-end id="2842" type="global" contextid="2835" timestamp="2020-09-11T09:57:38.871" />
<allocation-satisfied id="2843" threadId="000000000084FB00" bytesRequested="256" />
<af-end id="2844" timestamp="2020-09-11T09:57:38.871" threadId="0000000000850480" success="true" from="nursery"/>
<exclusive-end id="2845" timestamp="2020-09-11T09:57:38.871" durationms="559.356" />

<exclusive-start id="2846" timestamp="2020-09-11T09:57:40.242" intervalms="1929.995">
  <response-info timems="0.559" idlems="0.559" threads="0" lastid="000000000086B200" lastname="Group1.Backend.CompositeBackend{Tier1}.4" />
</exclusive-start>
<af-start id="2847" threadId="000000000086BB80" totalBytesRequested="1896" timestamp="2020-09-11T09:57:40.242" intervalms="1929.310" type="nursery" />
<cycle-start id="2848" type="scavenge" contextid="0" timestamp="2020-09-11T09:57:40.243" intervalms="4078.022" />
<gc-start id="2849" type="scavenge" contextid="2848" timestamp="2020-09-11T09:57:40.243">
  <mem-info id="2850" free="1041936616" total="2760835072" percent="37">
    <mem type="nursery" free="0" total="939524096" percent="0">
      <mem type="allocate" free="0" total="807534592" percent="0" />
      <mem type="survivor" free="0" total="131989504" percent="0" />
    </mem>
    <mem type="tenure" free="1041936616" total="1821310976" percent="57">
      <mem type="soa" free="932657384" total="1712031744" percent="54" />
      <mem type="loa" free="109279232" total="109279232" percent="100" />
    </mem>
    <remembered-set count="244173" />
  </mem-info>
</gc-start>
<allocation-stats totalBytes="613266808" >
  <allocated-bytes non-tlh="26654984" tlh="586611824" />
  <largest-consumer threadName="Group1.Backend.CompositeBackend{Tier1}.8" threadId="000000000084FB00" bytes="98348496" />
</allocation-stats>
<gc-op id="2851" type="scavenge" timems="146.499" contextid="2848" timestamp="2020-09-11T09:57:40.390">
  <scavenger-info tenureage="3" tenuremask="7ff8" tiltratio="85" />
  <memory-copied type="nursery" objects="4899128" bytes="131802056" bytesdiscarded="44184" />
  <memory-copied type="tenure" objects="1244252" bytes="33104208" bytesdiscarded="54048" />
  <copy-failed type="nursery" objects="233238" bytes="5929848" />
  <ownableSynchronizers candidates="1159087" cleared="1158274" />
  <references type="soft" candidates="852" cleared="0" enqueued="0" dynamicThreshold="18" maxThreshold="32" />
  <references type="weak" candidates="118" cleared="117" enqueued="0" />
</gc-op>
<gc-end id="2852" type="scavenge" contextid="2848" durationms="147.514" usertimems="1053.296" systemtimems="7.210" timestamp="2020-09-11T09:57:40.390" activeThreads="8">
  <mem-info id="2853" free="1632134128" total="2760835072" percent="59">
    <mem type="nursery" free="623378432" total="939524096" percent="66">
      <mem type="allocate" free="623378432" total="755367936" percent="82" />
      <mem type="survivor" free="0" total="184156160" percent="0" />
    </mem>
    <mem type="tenure" free="1008755696" total="1821310976" percent="55" macro-fragmented="0">
      <mem type="soa" free="899476464" total="1712031744" percent="52" />
      <mem type="loa" free="109279232" total="109279232" percent="100" />
    </mem>
    <remembered-set count="38486" />
  </mem-info>
</gc-end>
<cycle-end id="2854" type="scavenge" contextid="2848" timestamp="2020-09-11T09:57:40.391" />
<allocation-satisfied id="2855" threadId="000000000086B200" bytesRequested="1896" />
<af-end id="2856" timestamp="2020-09-11T09:57:40.391" threadId="000000000086BB80" success="true" from="nursery"/>
<exclusive-end id="2857" timestamp="2020-09-11T09:57:40.391" durationms="149.584" />

<exclusive-start id="2858" timestamp="2020-09-11T09:57:42.117" intervalms="1875.309">
  <response-info timems="0.431" idlems="0.431" threads="0" lastid="000000000088D900" lastname="Group1.Backend.CompositeBackend{Tier1}.6" />
</exclusive-start>
<af-start id="2859" threadId="000000000088E280" totalBytesRequested="136" timestamp="2020-09-11T09:57:42.118" intervalms="1875.406" type="nursery" />
<cycle-start id="2860" type="scavenge" contextid="0" timestamp="2020-09-11T09:57:42.118" intervalms="1875.399" />
<gc-start id="2861" type="scavenge" contextid="2860" timestamp="2020-09-11T09:57:42.118">
  <mem-info id="2862" free="1008755696" total="2760835072" percent="36">
    <mem type="nursery" free="0" total="939524096" percent="0">
      <mem type="allocate" free="0" total="755367936" percent="0" />
      <mem type="survivor" free="0" total="184156160" percent="0" />
    </mem>
    <mem type="tenure" free="1008755696" total="1821310976" percent="55">
      <mem type="soa" free="899476464" total="1712031744" percent="52" />
      <mem type="loa" free="109279232" total="109279232" percent="100" />
    </mem>
    <remembered-set count="194834" />
  </mem-info>
</gc-start>
<allocation-stats totalBytes="623070448" >
  <allocated-bytes non-tlh="29713424" tlh="593357024" />
  <largest-consumer threadName="Group1.Backend.CompositeBackend{Tier1}.8" threadId="000000000084FB00" bytes="113617616" />
</allocation-stats>
<gc-op id="2863" type="scavenge" timems="109.281" contextid="2860" timestamp="2020-09-11T09:57:42.228">
  <scavenger-info tenureage="3" tenuremask="7ff8" tiltratio="80" />
  <memory-copied type="nursery" objects="4797523" bytes="128966560" bytesdiscarded="103808" />
  <memory-copied type="tenure" objects="1043987" bytes="28165104" bytesdiscarded="59128" />
  <ownableSynchronizers candidates="3709" cleared="3001" />
  <references type="soft" candidates="797" cleared="0" enqueued="0" dynamicThreshold="18" maxThreshold="32" />
  <references type="weak" candidates="104" cleared="104" enqueued="0" />
</gc-op>
<gc-end id="2864" type="scavenge" contextid="2860" durationms="110.211" usertimems="809.694" systemtimems="0.578" timestamp="2020-09-11T09:57:42.228" activeThreads="8">
  <mem-info id="2865" free="1612489504" total="2760835072" percent="58">
    <mem type="nursery" free="632177920" total="939524096" percent="67">
      <mem type="allocate" free="632177920" total="761331712" percent="83" />
      <mem type="survivor" free="0" total="178192384" percent="0" />
    </mem>
    <mem type="tenure" free="980311584" total="1821310976" percent="53" macro-fragmented="0">
      <mem type="soa" free="871032352" total="1712031744" percent="50" />
      <mem type="loa" free="109279232" total="109279232" percent="100" />
    </mem>
    <remembered-set count="40587" />
  </mem-info>
</gc-end>
<cycle-end id="2866" type="scavenge" contextid="2860" timestamp="2020-09-11T09:57:42.229" />
<allocation-satisfied id="2867" threadId="000000000088D900" bytesRequested="136" />
<af-end id="2868" timestamp="2020-09-11T09:57:42.229" threadId="000000000088E280" success="true" from="nursery"/>
<exclusive-end id="2869" timestamp="2020-09-11T09:57:42.229" durationms="112.288" />

<exclusive-start id="2870" timestamp="2020-09-11T09:57:44.046" intervalms="1928.639">
  <response-info timems="0.611" idlems="0.611" threads="0" lastid="000000000086B200" lastname="Group1.Backend.CompositeBackend{Tier1}.4" />
</exclusive-start>
<af-start id="2871" threadId="000000000086BB80" totalBytesRequested="16" timestamp="2020-09-11T09:57:44.046" intervalms="1928.580" type="nursery" />
<cycle-start id="2872" type="scavenge" contextid="0" timestamp="2020-09-11T09:57:44.047" intervalms="1928.582" />
<gc-start id="2873" type="scavenge" contextid="2872" timestamp="2020-09-11T09:57:44.047">
  <mem-info id="2874" free="980311584" total="2760835072" percent="35">
    <mem type="nursery" free="0" total="939524096" percent="0">
      <mem type="allocate" free="0" total="761331712" percent="0" />
      <mem type="survivor" free="0" total="178192384" percent="0" />
    </mem>
    <mem type="tenure" free="980311584" total="1821310976" percent="53">
      <mem type="soa" free="871032352" total="1712031744" percent="50" />
      <mem type="loa" free="109279232" total="109279232" percent="100" />
    </mem>
    <remembered-set count="196620" />
  </mem-info>
</gc-start>
<allocation-stats totalBytes="631888936" >
  <allocated-bytes non-tlh="30212200" tlh="601676736" />
  <largest-consumer threadName="Group1.Backend.CompositeBackend{Tier1}.8" threadId="000000000084FB00" bytes="114221488" />
</allocation-stats>
<gc-op id="2875" type="scavenge" timems="137.831" contextid="2872" timestamp="2020-09-11T09:57:44.185">
  <scavenger-info tenureage="3" tenuremask="7ff8" tiltratio="81" />
  <memory-copied type="nursery" objects="4896854" bytes="130680520" bytesdiscarded="275136" />
  <memory-copied type="tenure" objects="988213" bytes="26637264" bytesdiscarded="72600" />
  <ownableSynchronizers candidates="4504" cleared="3797" />
  <references type="soft" candidates="772" cleared="0" enqueued="0" dynamicThreshold="18" maxThreshold="32" />
  <references type="weak" candidates="114" cleared="114" enqueued="0" />
</gc-op>
<gc-end id="2876" type="scavenge" contextid="2872" durationms="138.793" usertimems="1045.831" systemtimems="16.344" timestamp="2020-09-11T09:57:44.186" activeThreads="8">
  <mem-info id="2877" free="1589844472" total="2760835072" percent="57">
    <mem type="nursery" free="636257776" total="939524096" percent="67">
      <mem type="allocate" free="636257776" total="767295488" percent="82" />
      <mem type="survivor" free="0" total="172228608" percent="0" />
    </mem>
    <mem type="tenure" free="953586696" total="1821310976" percent="52" macro-fragmented="0">
      <mem type="soa" free="844307464" total="1712031744" percent="49" />
      <mem type="loa" free="109279232" total="109279232" percent="100" />
    </mem>
    <remembered-set count="40944" />
  </mem-info>
</gc-end>
<cycle-end id="2878" type="scavenge" contextid="2872" timestamp="2020-09-11T09:57:44.186" />
<allocation-satisfied id="2879" threadId="000000000086B200" bytesRequested="16" />
<af-end id="2880" timestamp="2020-09-11T09:57:44.187" threadId="000000000086BB80" success="true" from="nursery"/>
<exclusive-end id="2881" timestamp="2020-09-11T09:57:44.187" durationms="140.744" />

<exclusive-start id="2882" timestamp="2020-09-11T09:57:46.027" intervalms="1981.311">
  <response-info timems="0.749" idlems="0.749" threads="0" lastid="000000000078AB00" lastname="Group1.Backend.CompositeBackend{Tier1}.1" />
</exclusive-start>
<af-start id="2883" threadId="000000000078B480" totalBytesRequested="16" timestamp="2020-09-11T09:57:46.028" intervalms="1981.457" type="nursery" />
<cycle-start id="2884" type="scavenge" contextid="0" timestamp="2020-09-11T09:57:46.028" intervalms="1981.485" />
<gc-start id="2885" type="scavenge" contextid="2884" timestamp="2020-09-11T09:57:46.028">
  <mem-info id="2886" free="953586696" total="2760835072" percent="34">
    <mem type="nursery" free="0" total="939524096" percent="0">
      <mem type="allocate" free="0" total="767295488" percent="0" />
      <mem type="survivor" free="0" total="172228608" percent="0" />
    </mem>
    <mem type="tenure" free="953586696" total="1821310976" percent="52">
      <mem type="soa" free="844307464" total="1712031744" percent="49" />
      <mem type="loa" free="109279232" total="109279232" percent="100" />
    </mem>
    <remembered-set count="199385" />
  </mem-info>
</gc-start>
<allocation-stats totalBytes="635940680" >
  <allocated-bytes non-tlh="27301264" tlh="608639416" />
  <largest-consumer threadName="Group1.Backend.CompositeBackend{Tier1}.8" threadId="000000000084FB00" bytes="102348744" />
</allocation-stats>
<gc-op id="2887" type="scavenge" timems="101.614" contextid="2884" timestamp="2020-09-11T09:57:46.130">
  <scavenger-info tenureage="3" tenuremask="7ff8" tiltratio="81" />
  <memory-copied type="nursery" objects="3781332" bytes="101470656" bytesdiscarded="199312" />
  <memory-copied type="tenure" objects="1897509" bytes="51201112" bytesdiscarded="73008" />
  <ownableSynchronizers candidates="4785" cleared="4062" />
  <references type="soft" candidates="561" cleared="0" enqueued="0" dynamicThreshold="18" maxThreshold="32" />
  <references type="weak" candidates="109" cleared="109" enqueued="0" />
</gc-op>
<gc-end id="2888" type="scavenge" contextid="2884" durationms="102.713" usertimems="783.854" systemtimems="3.916" timestamp="2020-09-11T09:57:46.131" activeThreads="8">
  <mem-info id="2889" free="1572755120" total="2760835072" percent="56">
    <mem type="nursery" free="670719744" total="939524096" percent="71">
      <mem type="allocate" free="670719744" total="772472832" percent="86" />
      <mem type="survivor" free="0" total="167051264" percent="0" />
    </mem>
    <mem type="tenure" free="902035376" total="1821310976" percent="49" macro-fragmented="0">
      <mem type="soa" free="792756144" total="1712031744" percent="46" />
      <mem type="loa" free="109279232" total="109279232" percent="100" />
    </mem>
    <remembered-set count="30441" />
  </mem-info>
</gc-end>
<cycle-end id="2890" type="scavenge" contextid="2884" timestamp="2020-09-11T09:57:46.132" />
<allocation-satisfied id="2891" threadId="000000000078AB00" bytesRequested="16" />
<af-end id="2892" timestamp="2020-09-11T09:57:46.132" threadId="000000000078B480" success="true" from="nursery"/>
<exclusive-end id="2893" timestamp="2020-09-11T09:57:46.132" durationms="104.910" />

<exclusive-start id="2894" timestamp="2020-09-11T09:57:48.039" intervalms="2011.550">
  <response-info timems="0.694" idlems="0.459" threads="2" lastid="00000000007C9200" lastname="Group1.Backend.CompositeBackend{Tier1}.2" />
</exclusive-start>
<af-start id="2895" threadId="000000000086BB80" totalBytesRequested="32" timestamp="2020-09-11T09:57:48.039" intervalms="2011.488" type="nursery" />
<cycle-start id="2896" type="scavenge" contextid="0" timestamp="2020-09-11T09:57:48.040" intervalms="2011.473" />
<gc-start id="2897" type="scavenge" contextid="2896" timestamp="2020-09-11T09:57:48.040">
  <mem-info id="2898" free="902035376" total="2760835072" percent="32">
    <mem type="nursery" free="0" total="939524096" percent="0">
      <mem type="allocate" free="0" total="772472832" percent="0" />
      <mem type="survivor" free="0" total="167051264" percent="0" />
    </mem>
    <mem type="tenure" free="902035376" total="1821310976" percent="49">
      <mem type="soa" free="792756144" total="1712031744" percent="46" />
      <mem type="loa" free="109279232" total="109279232" percent="100" />
    </mem>
    <remembered-set count="189050" />
  </mem-info>
</gc-start>
<allocation-stats totalBytes="670373224" >
  <allocated-bytes non-tlh="37113400" tlh="633259824" />
  <largest-consumer threadName="Group1.Backend.CompositeBackend{Tier1}.6" threadId="000000000088D900" bytes="93018712" />
</allocation-stats>
<gc-op id="2899" type="scavenge" timems="89.535" contextid="2896" timestamp="2020-09-11T09:57:48.129">
  <scavenger-info tenureage="3" tenuremask="7ff8" tiltratio="82" />
  <memory-copied type="nursery" objects="3853041" bytes="103375688" bytesdiscarded="174376" />
  <memory-copied type="tenure" objects="1005493" bytes="27011000" bytesdiscarded="42704" />
  <ownableSynchronizers candidates="2880" cleared="2374" />
  <references type="soft" candidates="513" cleared="0" enqueued="0" dynamicThreshold="18" maxThreshold="32" />
  <references type="weak" candidates="97" cleared="97" enqueued="0" />
</gc-op>
<gc-end id="2900" type="scavenge" contextid="2896" durationms="90.576" usertimems="697.592" systemtimems="0.000" timestamp="2020-09-11T09:57:48.130" activeThreads="8">
  <mem-info id="2901" free="1553503360" total="2760835072" percent="56">
    <mem type="nursery" free="678668544" total="939524096" percent="72">
      <mem type="allocate" free="678668544" total="782303232" percent="86" />
      <mem type="survivor" free="0" total="157220864" percent="0" />
    </mem>
    <mem type="tenure" free="874834816" total="1821310976" percent="48" macro-fragmented="0">
      <mem type="soa" free="765555584" total="1712031744" percent="44" />
      <mem type="loa" free="109279232" total="109279232" percent="100" />
    </mem>
    <remembered-set count="28446" />
  </mem-info>
</gc-end>
<cycle-end id="2902" type="scavenge" contextid="2896" timestamp="2020-09-11T09:57:48.131" />
<allocation-satisfied id="2903" threadId="000000000086B200" bytesRequested="32" />
<af-end id="2904" timestamp="2020-09-11T09:57:48.131" threadId="000000000086BB80" success="true" from="nursery"/>
<exclusive-end id="2905" timestamp="2020-09-11T09:57:48.131" durationms="92.811" />

<exclusive-start id="2906" timestamp="2020-09-11T09:57:50.171" intervalms="2132.390">
  <response-info timems="4.392" idlems="4.392" threads="0" lastid="000000000078AB00" lastname="Group1.Backend.CompositeBackend{Tier1}.1" />
</exclusive-start>
<af-start id="2907" threadId="000000000078B480" totalBytesRequested="16" timestamp="2020-09-11T09:57:50.172" intervalms="2132.384" type="nursery" />
<cycle-start id="2908" type="scavenge" contextid="0" timestamp="2020-09-11T09:57:50.172" intervalms="2132.357" />
<gc-start id="2909" type="scavenge" contextid="2908" timestamp="2020-09-11T09:57:50.172">
  <mem-info id="2910" free="874834816" total="2760835072" percent="31">
    <mem type="nursery" free="0" total="939524096" percent="0">
      <mem type="allocate" free="0" total="782303232" percent="0" />
      <mem type="survivor" free="0" total="157220864" percent="0" />
    </mem>
    <mem type="tenure" free="874834816" total="1821310976" percent="48">
      <mem type="soa" free="765555584" total="1712031744" percent="44" />
      <mem type="loa" free="109279232" total="109279232" percent="100" />
    </mem>
    <remembered-set count="191915" />
  </mem-info>
</gc-start>
<allocation-stats totalBytes="678328888" >
  <allocated-bytes non-tlh="27737640" tlh="650591248" />
  <largest-consumer threadName="Group1.Backend.CompositeBackend{Tier1}.2" threadId="00000000007C9200" bytes="93410888" />
</allocation-stats>
<gc-op id="2911" type="scavenge" timems="116.857" contextid="2908" timestamp="2020-09-11T09:57:50.289">
  <scavenger-info tenureage="3" tenuremask="7ff8" tiltratio="83" />
  <memory-copied type="nursery" objects="3972543" bytes="106575904" bytesdiscarded="134968" />
  <memory-copied type="tenure" objects="1010451" bytes="27170424" bytesdiscarded="49912" />
  <ownableSynchronizers candidates="4930" cleared="4395" />
  <references type="soft" candidates="512" cleared="0" enqueued="0" dynamicThreshold="18" maxThreshold="32" />
  <references type="weak" candidates="108" cleared="107" enqueued="0" />
</gc-op>
<gc-end id="2912" type="scavenge" contextid="2908" durationms="117.679" usertimems="795.731" systemtimems="24.624" timestamp="2020-09-11T09:57:50.290" activeThreads="8">
  <mem-info id="2913" free="1530343600" total="2760835072" percent="55">
    <mem type="nursery" free="682327040" total="939524096" percent="72">
      <mem type="allocate" free="682327040" total="789118976" percent="86" />
      <mem type="survivor" free="0" total="150405120" percent="0" />
    </mem>
    <mem type="tenure" free="848016560" total="1821310976" percent="46" macro-fragmented="0">
      <mem type="soa" free="738737328" total="1712031744" percent="43" />
      <mem type="loa" free="109279232" total="109279232" percent="100" />
    </mem>
    <remembered-set count="28066" />
  </mem-info>
</gc-end>
<cycle-end id="2914" type="scavenge" contextid="2908" timestamp="2020-09-11T09:57:50.291" />
<allocation-satisfied id="2915" threadId="000000000078AB00" bytesRequested="16" />
<af-end id="2916" timestamp="2020-09-11T09:57:50.291" threadId="000000000078B480" success="true" from="nursery"/>
<exclusive-end id="2917" timestamp="2020-09-11T09:57:50.291" durationms="119.797" />

<exclusive-start id="2918" timestamp="2020-09-11T09:57:52.068" intervalms="1897.175">
  <response-info timems="0.378" idlems="0.371" threads="2" lastid="000000000088D900" lastname="Group1.Backend.CompositeBackend{Tier1}.6" />
</exclusive-start>
<af-start id="2919" threadId="000000000086BB80" totalBytesRequested="664" timestamp="2020-09-11T09:57:52.069" intervalms="1897.070" type="nursery" />
<cycle-start id="2920" type="scavenge" contextid="0" timestamp="2020-09-11T09:57:52.069" intervalms="1897.069" />
<gc-start id="2921" type="scavenge" contextid="2920" timestamp="2020-09-11T09:57:52.069">
  <mem-info id="2922" free="848016560" total="2760835072" percent="30">
    <mem type="nursery" free="0" total="939524096" percent="0">
      <mem type="allocate" free="0" total="789118976" percent="0" />
      <mem type="survivor" free="0" total="150405120" percent="0" />
    </mem>
    <mem type="tenure" free="848016560" total="1821310976" percent="46">
      <mem type="soa" free="738737328" total="1712031744" percent="43" />
      <mem type="loa" free="109279232" total="109279232" percent="100" />
    </mem>
    <remembered-set count="186440" />
  </mem-info>
</gc-start>
<allocation-stats totalBytes="682022360" >
  <allocated-bytes non-tlh="39216344" tlh="642806016" />
  <largest-consumer threadName="Group1.Backend.CompositeBackend{Tier1}.1" threadId="000000000078AB00" bytes="96906704" />
</allocation-stats>
<gc-op id="2923" type="scavenge" timems="94.187" contextid="2920" timestamp="2020-09-11T09:57:52.164">
  <scavenger-info tenureage="3" tenuremask="7ff8" tiltratio="83" />
  <memory-copied type="nursery" objects="3986296" bytes="107107576" bytesdiscarded="168640" />
  <memory-copied type="tenure" objects="1029713" bytes="27680600" bytesdiscarded="65880" />
  <ownableSynchronizers candidates="3898" cleared="3385" />
  <references type="soft" candidates="463" cleared="0" enqueued="0" dynamicThreshold="18" maxThreshold="32" />
  <references type="weak" candidates="123" cleared="123" enqueued="0" />
</gc-op>
<gc-end id="2924" type="scavenge" contextid="2920" durationms="95.022" usertimems="686.593" systemtimems="5.344" timestamp="2020-09-11T09:57:52.164" activeThreads="8">
  <mem-info id="2925" free="1507953056" total="2760835072" percent="54">
    <mem type="nursery" free="687719264" total="939524096" percent="73">
      <mem type="allocate" free="687719264" total="795082752" percent="86" />
      <mem type="survivor" free="0" total="144441344" percent="0" />
    </mem>
    <mem type="tenure" free="820233792" total="1821310976" percent="45" macro-fragmented="0">
      <mem type="soa" free="710954560" total="1712031744" percent="41" />
      <mem type="loa" free="109279232" total="109279232" percent="100" />
    </mem>
    <remembered-set count="27350" />
  </mem-info>
</gc-end>
<cycle-end id="2926" type="scavenge" contextid="2920" timestamp="2020-09-11T09:57:52.165" />
<allocation-satisfied id="2927" threadId="000000000086B200" bytesRequested="664" />
<af-end id="2928" timestamp="2020-09-11T09:57:52.165" threadId="000000000086BB80" success="true" from="nursery"/>
<exclusive-end id="2929" timestamp="2020-09-11T09:57:52.165" durationms="96.913" />

<exclusive-start id="2930" timestamp="2020-09-11T09:57:54.160" intervalms="2091.761">
  <response-info timems="0.660" idlems="0.660" threads="0" lastid="000000000087A000" lastname="Group1.Backend.CompositeBackend{Tier1}.5" />
</exclusive-start>
<af-start id="2931" threadId="000000000087A980" totalBytesRequested="24" timestamp="2020-09-11T09:57:54.161" intervalms="2091.786" type="nursery" />
<cycle-start id="2932" type="scavenge" contextid="0" timestamp="2020-09-11T09:57:54.161" intervalms="2091.826" />
<gc-start id="2933" type="scavenge" contextid="2932" timestamp="2020-09-11T09:57:54.161">
  <mem-info id="2934" free="820233792" total="2760835072" percent="29">
    <mem type="nursery" free="0" total="939524096" percent="0">
      <mem type="allocate" free="0" total="795082752" percent="0" />
      <mem type="survivor" free="0" total="144441344" percent="0" />
    </mem>
    <mem type="tenure" free="820233792" total="1821310976" percent="45">
      <mem type="soa" free="710954560" total="1712031744" percent="41" />
      <mem type="loa" free="109279232" total="109279232" percent="100" />
    </mem>
    <remembered-set count="190816" />
  </mem-info>
</gc-start>
<allocation-stats totalBytes="687378368" >
  <allocated-bytes non-tlh="31468088" tlh="655910280" />
  <largest-consumer threadName="Group1.Backend.CompositeBackend{Tier1}.8" threadId="000000000084FB00" bytes="87996272" />
</allocation-stats>
<gc-op id="2935" type="scavenge" timems="96.322" contextid="2932" timestamp="2020-09-11T09:57:54.257">
  <scavenger-info tenureage="3" tenuremask="7ff8" tiltratio="84" />
  <memory-copied type="nursery" objects="4046777" bytes="108690104" bytesdiscarded="154744" />
  <memory-copied type="tenure" objects="1045685" bytes="28113256" bytesdiscarded="49400" />
  <ownableSynchronizers candidates="4140" cleared="3654" />
  <references type="soft" candidates="525" cleared="0" enqueued="0" dynamicThreshold="18" maxThreshold="32" />
  <references type="weak" candidates="115" cleared="113" enqueued="0" />
</gc-op>
<gc-end id="2936" type="scavenge" contextid="2932" durationms="97.098" usertimems="693.922" systemtimems="0.000" timestamp="2020-09-11T09:57:54.258" activeThreads="8">
  <mem-info id="2937" free="1482435184" total="2760835072" percent="53">
    <mem type="nursery" free="690353120" total="939524096" percent="73">
      <mem type="allocate" free="690353120" total="799277056" percent="86" />
      <mem type="survivor" free="0" total="140247040" percent="0" />
    </mem>
    <mem type="tenure" free="792082064" total="1821310976" percent="43" macro-fragmented="0">
      <mem type="soa" free="682802832" total="1712031744" percent="39" />
      <mem type="loa" free="109279232" total="109279232" percent="100" />
    </mem>
    <remembered-set count="28837" />
  </mem-info>
</gc-end>
<cycle-end id="2938" type="scavenge" contextid="2932" timestamp="2020-09-11T09:57:54.259" />
<allocation-satisfied id="2939" threadId="000000000087A000" bytesRequested="24" />
<af-end id="2940" timestamp="2020-09-11T09:57:54.259" threadId="000000000087A980" success="true" from="nursery"/>
<exclusive-end id="2941" timestamp="2020-09-11T09:57:54.259" durationms="98.991" />

<exclusive-start id="2942" timestamp="2020-09-11T09:57:56.349" intervalms="2188.891">
  <response-info timems="1.318" idlems="1.318" threads="0" lastid="000000000088D900" lastname="Group1.Backend.CompositeBackend{Tier1}.6" />
</exclusive-start>
<af-start id="2943" threadId="000000000088E280" totalBytesRequested="520" timestamp="2020-09-11T09:57:56.350" intervalms="2188.930" type="nursery" />
<cycle-start id="2944" type="scavenge" contextid="0" timestamp="2020-09-11T09:57:56.350" intervalms="2188.894" />
<gc-start id="2945" type="scavenge" contextid="2944" timestamp="2020-09-11T09:57:56.350">
  <mem-info id="2946" free="792082064" total="2760835072" percent="28">
    <mem type="nursery" free="0" total="939524096" percent="0">
      <mem type="allocate" free="0" total="799277056" percent="0" />
      <mem type="survivor" free="0" total="140247040" percent="0" />
    </mem>
    <mem type="tenure" free="792082064" total="1821310976" percent="43">
      <mem type="soa" free="682802832" total="1712031744" percent="39" />
      <mem type="loa" free="109279232" total="109279232" percent="100" />
    </mem>
    <remembered-set count="193935" />
  </mem-info>
</gc-start>
<allocation-stats totalBytes="690029344" >
  <allocated-bytes non-tlh="32883016" tlh="657146328" />
  <largest-consumer threadName="Group1.Backend.CompositeBackend{Tier1}.8" threadId="000000000084FB00" bytes="101524232" />
</allocation-stats>
<gc-op id="2947" type="scavenge" timems="110.071" contextid="2944" timestamp="2020-09-11T09:57:56.460">
  <scavenger-info tenureage="3" tenuremask="7ff8" tiltratio="85" />
  <memory-copied type="nursery" objects="4320002" bytes="114903616" bytesdiscarded="121600" />
  <memory-copied type="tenure" objects="1105333" bytes="29744192" bytesdiscarded="59032" />
  <finalization candidates="1" enqueued="0" />
  <ownableSynchronizers candidates="4111" cleared="3587" />
  <references type="soft" candidates="502" cleared="0" enqueued="0" dynamicThreshold="18" maxThreshold="32" />
  <references type="weak" candidates="111" cleared="111" enqueued="0" />
</gc-op>
<gc-end id="2948" type="scavenge" contextid="2944" durationms="111.091" usertimems="831.979" systemtimems="11.844" timestamp="2020-09-11T09:57:56.461" activeThreads="8">
  <mem-info id="2949" free="1447280752" total="2760835072" percent="52">
    <mem type="nursery" free="685085024" total="939524096" percent="72">
      <mem type="allocate" free="685085024" total="800194560" percent="85" />
      <mem type="survivor" free="0" total="139329536" percent="0" />
    </mem>
    <mem type="tenure" free="762195728" total="1821310976" percent="41" macro-fragmented="0">
      <mem type="soa" free="652916496" total="1712031744" percent="38" />
      <mem type="loa" free="109279232" total="109279232" percent="100" />
    </mem>
    <remembered-set count="31160" />
  </mem-info>
</gc-end>
<cycle-end id="2950" type="scavenge" contextid="2944" timestamp="2020-09-11T09:57:56.462" />
<allocation-satisfied id="2951" threadId="000000000088D900" bytesRequested="520" />
<af-end id="2952" timestamp="2020-09-11T09:57:56.462" threadId="000000000088E280" success="true" from="nursery"/>
<exclusive-end id="2953" timestamp="2020-09-11T09:57:56.462" durationms="113.228" />

<exclusive-start id="2954" timestamp="2020-09-11T09:57:58.492" intervalms="2143.124">
  <response-info timems="0.605" idlems="0.605" threads="0" lastid="0000000000A0EE00" lastname="Group1.Backend.CompositeBackend{Tier3}.1" />
</exclusive-start>
<af-start id="2955" threadId="0000000000A0F780" totalBytesRequested="112" timestamp="2020-09-11T09:57:58.493" intervalms="2143.128" type="nursery" />
<cycle-start id="2956" type="scavenge" contextid="0" timestamp="2020-09-11T09:57:58.493" intervalms="2143.128" />
<gc-start id="2957" type="scavenge" contextid="2956" timestamp="2020-09-11T09:57:58.493">
  <mem-info id="2958" free="762195728" total="2760835072" percent="27">
    <mem type="nursery" free="0" total="939524096" percent="0">
      <mem type="allocate" free="0" total="800194560" percent="0" />
      <mem type="survivor" free="0" total="139329536" percent="0" />
    </mem>
    <mem type="tenure" free="762195728" total="1821310976" percent="41">
      <mem type="soa" free="652916496" total="1712031744" percent="38" />
      <mem type="loa" free="109279232" total="109279232" percent="100" />
    </mem>
    <remembered-set count="197113" />
  </mem-info>
</gc-start>
<allocation-stats totalBytes="684751752" >
  <allocated-bytes non-tlh="28966888" tlh="655784864" />
  <largest-consumer threadName="Group1.Backend.CompositeBackend{Tier1}.8" threadId="000000000084FB00" bytes="114316512" />
</allocation-stats>
<gc-op id="2959" type="scavenge" timems="108.678" contextid="2956" timestamp="2020-09-11T09:57:58.602">
  <scavenger-info tenureage="3" tenuremask="7ff8" tiltratio="85" />
  <memory-copied type="nursery" objects="4276086" bytes="114410936" bytesdiscarded="340968" />
  <memory-copied type="tenure" objects="1039747" bytes="28099416" bytesdiscarded="51160" />
  <finalization candidates="1" enqueued="0" />
  <ownableSynchronizers candidates="3819" cleared="3320" />
  <references type="soft" candidates="521" cleared="0" enqueued="0" dynamicThreshold="18" maxThreshold="32" />
  <references type="weak" candidates="118" cleared="118" enqueued="0" />
</gc-op>
<gc-end id="2960" type="scavenge" contextid="2956" durationms="109.519" usertimems="773.233" systemtimems="3.254" timestamp="2020-09-11T09:57:58.603" activeThreads="8">
  <mem-info id="2961" free="1421539648" total="2760835072" percent="51">
    <mem type="nursery" free="687450616" total="939524096" percent="73">
      <mem type="allocate" free="687450616" total="802291712" percent="85" />
      <mem type="survivor" free="0" total="137232384" percent="0" />
    </mem>
    <mem type="tenure" free="734089032" total="1821310976" percent="40" macro-fragmented="0">
      <mem type="soa" free="624809800" total="1712031744" percent="36" />
      <mem type="loa" free="109279232" total="109279232" percent="100" />
    </mem>
    <remembered-set count="32892" />
  </mem-info>
</gc-end>
<cycle-end id="2962" type="scavenge" contextid="2956" timestamp="2020-09-11T09:57:58.604" />
<allocation-satisfied id="2963" threadId="0000000000A0EE00" bytesRequested="112" />
<af-end id="2964" timestamp="2020-09-11T09:57:58.604" threadId="0000000000A0F780" success="true" from="nursery"/>
<exclusive-end id="2965" timestamp="2020-09-11T09:57:58.604" durationms="111.729" />

<exclusive-start id="2966" timestamp="2020-09-11T09:58:00.555" intervalms="2062.933">
  <response-info timems="7.875" idlems="7.875" threads="0" lastid="000000000087A000" lastname="Group1.Backend.CompositeBackend{Tier1}.5" />
</exclusive-start>
<af-start id="2967" threadId="000000000087A980" totalBytesRequested="32" timestamp="2020-09-11T09:58:00.556" intervalms="2063.054" type="nursery" />
<cycle-start id="2968" type="scavenge" contextid="0" timestamp="2020-09-11T09:58:00.556" intervalms="2063.085" />
<gc-start id="2969" type="scavenge" contextid="2968" timestamp="2020-09-11T09:58:00.556">
  <mem-info id="2970" free="734089032" total="2760835072" percent="26">
    <mem type="nursery" free="0" total="939524096" percent="0">
      <mem type="allocate" free="0" total="802291712" percent="0" />
      <mem type="survivor" free="0" total="137232384" percent="0" />
    </mem>
    <mem type="tenure" free="734089032" total="1821310976" percent="40">
      <mem type="soa" free="624809800" total="1712031744" percent="36" />
      <mem type="loa" free="109279232" total="109279232" percent="100" />
    </mem>
    <remembered-set count="194668" />
  </mem-info>
</gc-start>
<allocation-stats totalBytes="687157776" >
  <allocated-bytes non-tlh="34680456" tlh="652477320" />
  <largest-consumer threadName="Group1.Backend.CompositeBackend{Tier1}.3" threadId="000000000085F900" bytes="105428368" />
</allocation-stats>
<gc-op id="2971" type="scavenge" timems="91.406" contextid="2968" timestamp="2020-09-11T09:58:00.648">
  <scavenger-info tenureage="3" tenuremask="7ff8" tiltratio="85" />
  <memory-copied type="nursery" objects="4187400" bytes="112223320" bytesdiscarded="277904" />
  <memory-copied type="tenure" objects="1079174" bytes="29000632" bytesdiscarded="54840" />
  <finalization candidates="1" enqueued="0" />
  <ownableSynchronizers candidates="4165" cleared="3656" />
  <references type="soft" candidates="520" cleared="0" enqueued="0" dynamicThreshold="18" maxThreshold="32" />
  <references type="weak" candidates="118" cleared="118" enqueued="0" />
</gc-op>
<gc-end id="2972" type="scavenge" contextid="2968" durationms="92.235" usertimems="695.680" systemtimems="13.555" timestamp="2020-09-11T09:58:00.648" activeThreads="8">
  <mem-info id="2973" free="1396608656" total="2760835072" percent="50">
    <mem type="nursery" free="691537920" total="939524096" percent="73">
      <mem type="allocate" free="691537920" total="804126720" percent="85" />
      <mem type="survivor" free="0" total="135397376" percent="0" />
    </mem>
    <mem type="tenure" free="705070736" total="1821310976" percent="38" macro-fragmented="0">
      <mem type="soa" free="595791504" total="1712031744" percent="34" />
      <mem type="loa" free="109279232" total="109279232" percent="100" />
    </mem>
    <remembered-set count="31867" />
  </mem-info>
</gc-end>
<cycle-end id="2974" type="scavenge" contextid="2968" timestamp="2020-09-11T09:58:00.649" />
<allocation-satisfied id="2975" threadId="000000000087A000" bytesRequested="32" />
<af-end id="2976" timestamp="2020-09-11T09:58:00.649" threadId="000000000087A980" success="true" from="nursery"/>
<exclusive-end id="2977" timestamp="2020-09-11T09:58:00.649" durationms="94.504" />

<exclusive-start id="2978" timestamp="2020-09-11T09:58:02.647" intervalms="2092.550">
  <response-info timems="0.413" idlems="0.413" threads="0" lastid="000000000088D900" lastname="Group1.Backend.CompositeBackend{Tier1}.6" />
</exclusive-start>
<af-start id="2979" threadId="000000000088E280" totalBytesRequested="1032" timestamp="2020-09-11T09:58:02.648" intervalms="2092.349" type="nursery" />
<cycle-start id="2980" type="scavenge" contextid="0" timestamp="2020-09-11T09:58:02.648" intervalms="2092.312" />
<gc-start id="2981" type="scavenge" contextid="2980" timestamp="2020-09-11T09:58:02.649">
  <mem-info id="2982" free="705070736" total="2760835072" percent="25">
    <mem type="nursery" free="0" total="939524096" percent="0">
      <mem type="allocate" free="0" total="804126720" percent="0" />
      <mem type="survivor" free="0" total="135397376" percent="0" />
    </mem>
    <mem type="tenure" free="705070736" total="1821310976" percent="38">
      <mem type="soa" free="595791504" total="1712031744" percent="34" />
      <mem type="loa" free="109279232" total="109279232" percent="100" />
    </mem>
    <remembered-set count="194557" />
  </mem-info>
</gc-start>
<allocation-stats totalBytes="691198792" >
  <allocated-bytes non-tlh="33536496" tlh="657662296" />
  <largest-consumer threadName="Group1.Backend.CompositeBackend{Tier1}.2" threadId="00000000007C9200" bytes="97942096" />
</allocation-stats>
<gc-op id="2983" type="scavenge" timems="94.806" contextid="2980" timestamp="2020-09-11T09:58:02.743">
  <scavenger-info tenureage="3" tenuremask="7ff8" tiltratio="85" />
  <memory-copied type="nursery" objects="4156642" bytes="111445560" bytesdiscarded="172904" />
  <memory-copied type="tenure" objects="1109263" bytes="29808312" bytesdiscarded="49648" />
  <finalization candidates="1" enqueued="0" />
  <ownableSynchronizers candidates="4308" cleared="3790" />
  <references type="soft" candidates="524" cleared="0" enqueued="0" dynamicThreshold="18" maxThreshold="32" />
  <references type="weak" candidates="99" cleared="97" enqueued="0" />
</gc-op>
<gc-end id="2984" type="scavenge" contextid="2980" durationms="95.717" usertimems="719.267" systemtimems="4.267" timestamp="2020-09-11T09:58:02.744" activeThreads="8">
  <mem-info id="2985" free="1369440856" total="2760835072" percent="49">
    <mem type="nursery" free="694321664" total="939524096" percent="73">
      <mem type="allocate" free="694321664" total="806027264" percent="86" />
      <mem type="survivor" free="0" total="133496832" percent="0" />
    </mem>
    <mem type="tenure" free="675119192" total="1821310976" percent="37" macro-fragmented="0">
      <mem type="soa" free="565839960" total="1712031744" percent="33" />
      <mem type="loa" free="109279232" total="109279232" percent="100" />
    </mem>
    <remembered-set count="30565" />
  </mem-info>
</gc-end>
<cycle-end id="2986" type="scavenge" contextid="2980" timestamp="2020-09-11T09:58:02.745" />
<allocation-satisfied id="2987" threadId="000000000088D900" bytesRequested="1032" />
<af-end id="2988" timestamp="2020-09-11T09:58:02.745" threadId="000000000088E280" success="true" from="nursery"/>
<exclusive-end id="2989" timestamp="2020-09-11T09:58:02.745" durationms="97.597" />

<exclusive-start id="2990" timestamp="2020-09-11T09:58:04.744" intervalms="2096.201">
  <response-info timems="6.855" idlems="6.837" threads="2" lastid="000000000088D900" lastname="Group1.Backend.CompositeBackend{Tier1}.6" />
</exclusive-start>
<af-start id="2991" threadId="0000000000860280" totalBytesRequested="32" timestamp="2020-09-11T09:58:04.744" intervalms="2096.165" type="nursery" />
<cycle-start id="2992" type="scavenge" contextid="0" timestamp="2020-09-11T09:58:04.744" intervalms="2096.193" />
<gc-start id="2993" type="scavenge" contextid="2992" timestamp="2020-09-11T09:58:04.745">
  <mem-info id="2994" free="675119192" total="2760835072" percent="24">
    <mem type="nursery" free="0" total="939524096" percent="0">
      <mem type="allocate" free="0" total="806027264" percent="0" />
      <mem type="survivor" free="0" total="133496832" percent="0" />
    </mem>
    <mem type="tenure" free="675119192" total="1821310976" percent="37">
      <mem type="soa" free="565839960" total="1712031744" percent="33" />
      <mem type="loa" free="109279232" total="109279232" percent="100" />
    </mem>
    <remembered-set count="193498" />
  </mem-info>
</gc-start>
<allocation-stats totalBytes="693973616" >
  <allocated-bytes non-tlh="33379864" tlh="660593752" />
  <largest-consumer threadName="Group1.Backend.CompositeBackend{Tier1}.7" threadId="000000000089C800" bytes="95125856" />
</allocation-stats>
<gc-op id="2995" type="scavenge" timems="93.772" contextid="2992" timestamp="2020-09-11T09:58:04.839">
  <scavenger-info tenureage="3" tenuremask="7ff8" tiltratio="85" />
  <memory-copied type="nursery" objects="4048264" bytes="108748280" bytesdiscarded="176360" />
  <memory-copied type="tenure" objects="1134318" bytes="30500816" bytesdiscarded="56488" />
  <ownableSynchronizers candidates="4328" cleared="3805" />
  <references type="soft" candidates="517" cleared="0" enqueued="0" dynamicThreshold="18" maxThreshold="32" />
  <references type="weak" candidates="116" cleared="116" enqueued="0" />
</gc-op>
<gc-end id="2996" type="scavenge" contextid="2992" durationms="94.791" usertimems="675.967" systemtimems="3.562" timestamp="2020-09-11T09:58:04.839" activeThreads="8">
  <mem-info id="2997" free="1343488152" total="2760835072" percent="48">
    <mem type="nursery" free="698790656" total="939524096" percent="74">
      <mem type="allocate" free="698790656" total="807796736" percent="86" />
      <mem type="survivor" free="0" total="131727360" percent="0" />
    </mem>
    <mem type="tenure" free="644697496" total="1821310976" percent="35" macro-fragmented="0">
      <mem type="soa" free="535418264" total="1712031744" percent="31" />
      <mem type="loa" free="109279232" total="109279232" percent="100" />
    </mem>
    <remembered-set count="28878" />
  </mem-info>
</gc-end>
<cycle-end id="2998" type="scavenge" contextid="2992" timestamp="2020-09-11T09:58:04.840" />
<allocation-satisfied id="2999" threadId="000000000085F900" bytesRequested="32" />
<af-end id="3000" timestamp="2020-09-11T09:58:04.840" threadId="0000000000860280" success="true" from="nursery"/>
<exclusive-end id="3001" timestamp="2020-09-11T09:58:04.841" durationms="96.844" />

<exclusive-start id="3002" timestamp="2020-09-11T09:58:06.880" intervalms="2136.172">
  <response-info timems="0.413" idlems="0.413" threads="0" lastid="00000000007C9200" lastname="Group1.Backend.CompositeBackend{Tier1}.2" />
</exclusive-start>
<af-start id="3003" threadId="00000000007C9B80" totalBytesRequested="16" timestamp="2020-09-11T09:58:06.881" intervalms="2136.326" type="nursery" />
<cycle-start id="3004" type="scavenge" contextid="0" timestamp="2020-09-11T09:58:06.881" intervalms="2136.299" />
<gc-start id="3005" type="scavenge" contextid="3004" timestamp="2020-09-11T09:58:06.881">
  <mem-info id="3006" free="644697496" total="2760835072" percent="23">
    <mem type="nursery" free="0" total="939524096" percent="0">
      <mem type="allocate" free="0" total="807796736" percent="0" />
      <mem type="survivor" free="0" total="131727360" percent="0" />
    </mem>
    <mem type="tenure" free="644697496" total="1821310976" percent="35">
      <mem type="soa" free="535418264" total="1712031744" percent="31" />
      <mem type="loa" free="109279232" total="109279232" percent="100" />
    </mem>
    <remembered-set count="193101" />
  </mem-info>
</gc-start>
<allocation-stats totalBytes="698456720" >
  <allocated-bytes non-tlh="32515160" tlh="665941560" />
  <largest-consumer threadName="Group1.Backend.CompositeBackend{Tier1}.1" threadId="000000000078AB00" bytes="97831256" />
</allocation-stats>
<gc-op id="3007" type="scavenge" timems="92.479" contextid="3004" timestamp="2020-09-11T09:58:06.974">
  <scavenger-info tenureage="3" tenuremask="7ff8" tiltratio="85" />
  <memory-copied type="nursery" objects="4264408" bytes="113846784" bytesdiscarded="214400" />
  <memory-copied type="tenure" objects="1084881" bytes="29173832" bytesdiscarded="69728" />
  <ownableSynchronizers candidates="4903" cleared="4358" />
  <references type="soft" candidates="512" cleared="0" enqueued="0" dynamicThreshold="18" maxThreshold="32" />
  <references type="weak" candidates="113" cleared="112" enqueued="0" />
</gc-op>
<gc-end id="3008" type="scavenge" contextid="3004" durationms="93.391" usertimems="696.348" systemtimems="0.000" timestamp="2020-09-11T09:58:06.974" activeThreads="8">
  <mem-info id="3009" free="1307756384" total="2760835072" percent="47">
    <mem type="nursery" free="692403192" total="939524096" percent="73">
      <mem type="allocate" free="692403192" total="806551552" percent="85" />
      <mem type="survivor" free="0" total="132972544" percent="0" />
    </mem>
    <mem type="tenure" free="615353192" total="1821310976" percent="33" macro-fragmented="0">
      <mem type="soa" free="506073960" total="1712031744" percent="29" />
      <mem type="loa" free="109279232" total="109279232" percent="100" />
    </mem>
    <remembered-set count="28904" />
  </mem-info>
</gc-end>
<cycle-end id="3010" type="scavenge" contextid="3004" timestamp="2020-09-11T09:58:06.976" />
<allocation-satisfied id="3011" threadId="00000000007C9200" bytesRequested="16" />
<af-end id="3012" timestamp="2020-09-11T09:58:06.977" threadId="00000000007C9B80" success="true" from="nursery"/>
<exclusive-end id="3013" timestamp="2020-09-11T09:58:06.977" durationms="96.731" />

<exclusive-start id="3014" timestamp="2020-09-11T09:58:08.990" intervalms="2110.159">
  <response-info timems="0.498" idlems="0.498" threads="0" lastid="000000000086B200" lastname="Group1.Backend.CompositeBackend{Tier1}.4" />
</exclusive-start>
<af-start id="3015" threadId="000000000086BB80" totalBytesRequested="16" timestamp="2020-09-11T09:58:08.991" intervalms="2110.176" type="nursery" />
<cycle-start id="3016" type="scavenge" contextid="0" timestamp="2020-09-11T09:58:08.991" intervalms="2110.217" />
<gc-start id="3017" type="scavenge" contextid="3016" timestamp="2020-09-11T09:58:08.992">
  <mem-info id="3018" free="615353192" total="2760835072" percent="22">
    <mem type="nursery" free="0" total="939524096" percent="0">
      <mem type="allocate" free="0" total="806551552" percent="0" />
      <mem type="survivor" free="0" total="132972544" percent="0" />
    </mem>
    <mem type="tenure" free="615353192" total="1821310976" percent="33">
      <mem type="soa" free="506073960" total="1712031744" percent="29" />
      <mem type="loa" free="109279232" total="109279232" percent="100" />
    </mem>
    <remembered-set count="193466" />
  </mem-info>
</gc-start>
<allocation-stats totalBytes="692055112" >
  <allocated-bytes non-tlh="32582488" tlh="659472624" />
  <largest-consumer threadName="Group1.Backend.CompositeBackend{Tier1}.5" threadId="000000000087A000" bytes="94434792" />
</allocation-stats>
<gc-op id="3019" type="scavenge" timems="88.795" contextid="3016" timestamp="2020-09-11T09:58:09.081">
  <scavenger-info tenureage="3" tenuremask="7ff8" tiltratio="85" />
  <memory-copied type="nursery" objects="4144864" bytes="111276336" bytesdiscarded="173184" />
  <memory-copied type="tenure" objects="1082789" bytes="29129208" bytesdiscarded="82096" />
  <ownableSynchronizers candidates="4289" cleared="3741" />
  <references type="soft" candidates="524" cleared="0" enqueued="0" dynamicThreshold="18" maxThreshold="32" />
  <references type="weak" candidates="127" cleared="127" enqueued="0" />
</gc-op>
<gc-end id="3020" type="scavenge" contextid="3016" durationms="89.710" usertimems="676.843" systemtimems="0.000" timestamp="2020-09-11T09:58:09.081" activeThreads="8">
  <mem-info id="3021" free="1282436600" total="2760835072" percent="46">
    <mem type="nursery" free="696127488" total="939524096" percent="74">
      <mem type="allocate" free="696127488" total="807665664" percent="86" />
      <mem type="survivor" free="0" total="131858432" percent="0" />
    </mem>
    <mem type="tenure" free="586309112" total="1821310976" percent="32" macro-fragmented="0">
      <mem type="soa" free="477029880" total="1712031744" percent="27" />
      <mem type="loa" free="109279232" total="109279232" percent="100" />
    </mem>
    <remembered-set count="30306" />
  </mem-info>
</gc-end>
<cycle-end id="3022" type="scavenge" contextid="3016" timestamp="2020-09-11T09:58:09.082" />
<allocation-satisfied id="3023" threadId="000000000086B200" bytesRequested="16" />
<af-end id="3024" timestamp="2020-09-11T09:58:09.082" threadId="000000000086BB80" success="true" from="nursery"/>
<exclusive-end id="3025" timestamp="2020-09-11T09:58:09.082" durationms="92.309" />

<exclusive-start id="3026" timestamp="2020-09-11T09:58:11.139" intervalms="2148.831">
  <response-info timems="0.731" idlems="0.731" threads="0" lastid="000000000089C800" lastname="Group1.Backend.CompositeBackend{Tier1}.7" />
</exclusive-start>
<af-start id="3027" threadId="000000000089D180" totalBytesRequested="520" timestamp="2020-09-11T09:58:11.139" intervalms="2148.670" type="nursery" />
<cycle-start id="3028" type="scavenge" contextid="0" timestamp="2020-09-11T09:58:11.140" intervalms="2148.622" />
<gc-start id="3029" type="scavenge" contextid="3028" timestamp="2020-09-11T09:58:11.140">
  <mem-info id="3030" free="586309112" total="2760835072" percent="21">
    <mem type="nursery" free="0" total="939524096" percent="0">
      <mem type="allocate" free="0" total="807665664" percent="0" />
      <mem type="survivor" free="0" total="131858432" percent="0" />
    </mem>
    <mem type="tenure" free="586309112" total="1821310976" percent="32">
      <mem type="soa" free="477029880" total="1712031744" percent="27" />
      <mem type="loa" free="109279232" total="109279232" percent="100" />
    </mem>
    <remembered-set count="197372" />
  </mem-info>
</gc-start>
<allocation-stats totalBytes="695802080" >
  <allocated-bytes non-tlh="30959544" tlh="664842536" />
  <largest-consumer threadName="Group1.Backend.CompositeBackend{Tier1}.2" threadId="00000000007C9200" bytes="87055504" />
</allocation-stats>
<gc-op id="3031" type="scavenge" timems="102.629" contextid="3028" timestamp="2020-09-11T09:58:11.243">
  <scavenger-info tenureage="3" tenuremask="7ff8" tiltratio="85" />
  <memory-copied type="nursery" objects="4205401" bytes="112741864" bytesdiscarded="144288" />
  <memory-copied type="tenure" objects="1093443" bytes="29413840" bytesdiscarded="70992" />
  <ownableSynchronizers candidates="3658" cleared="3121" />
  <references type="soft" candidates="538" cleared="0" enqueued="0" dynamicThreshold="18" maxThreshold="32" />
  <references type="weak" candidates="118" cleared="117" enqueued="0" />
</gc-op>
<gc-end id="3032" type="scavenge" contextid="3028" durationms="103.671" usertimems="729.249" systemtimems="0.000" timestamp="2020-09-11T09:58:11.243" activeThreads="8">
  <mem-info id="3033" free="1252240224" total="2760835072" percent="45">
    <mem type="nursery" free="695471616" total="939524096" percent="74">
      <mem type="allocate" free="695471616" total="808452096" percent="86" />
      <mem type="survivor" free="0" total="131072000" percent="0" />
    </mem>
    <mem type="tenure" free="556768608" total="1821310976" percent="30" macro-fragmented="0">
      <mem type="soa" free="447489376" total="1712031744" percent="26" />
      <mem type="loa" free="109279232" total="109279232" percent="100" />
    </mem>
    <remembered-set count="32187" />
  </mem-info>
</gc-end>
<cycle-end id="3034" type="scavenge" contextid="3028" timestamp="2020-09-11T09:58:11.244" />
<allocation-satisfied id="3035" threadId="000000000089C800" bytesRequested="520" />
<af-end id="3036" timestamp="2020-09-11T09:58:11.244" threadId="000000000089D180" success="true" from="nursery"/>
<exclusive-end id="3037" timestamp="2020-09-11T09:58:11.245" durationms="105.873" />

<exclusive-start id="3038" timestamp="2020-09-11T09:58:13.305" intervalms="2165.761">
  <response-info timems="0.300" idlems="0.300" threads="0" lastid="00000000007C9200" lastname="Group1.Backend.CompositeBackend{Tier1}.2" />
</exclusive-start>
<af-start id="3039" threadId="00000000007C9B80" totalBytesRequested="267216" timestamp="2020-09-11T09:58:13.305" intervalms="2165.729" type="nursery" />
<cycle-start id="3040" type="scavenge" contextid="0" timestamp="2020-09-11T09:58:13.305" intervalms="2165.721" />
<gc-start id="3041" type="scavenge" contextid="3040" timestamp="2020-09-11T09:58:13.306">
  <mem-info id="3042" free="556789984" total="2760835072" percent="20">
    <mem type="nursery" free="21376" total="939524096" percent="0">
      <mem type="allocate" free="21376" total="808452096" percent="0" />
      <mem type="survivor" free="0" total="131072000" percent="0" />
    </mem>
    <mem type="tenure" free="556768608" total="1821310976" percent="30">
      <mem type="soa" free="447489376" total="1712031744" percent="26" />
      <mem type="loa" free="109279232" total="109279232" percent="100" />
    </mem>
    <remembered-set count="195395" />
  </mem-info>
</gc-start>
<allocation-stats totalBytes="695126720" >
  <allocated-bytes non-tlh="36412032" tlh="658714688" />
  <largest-consumer threadName="Group1.Backend.CompositeBackend{Tier1}.5" threadId="000000000087A000" bytes="93101792" />
</allocation-stats>
<gc-op id="3043" type="scavenge" timems="103.086" contextid="3040" timestamp="2020-09-11T09:58:13.409">
  <scavenger-info tenureage="3" tenuremask="7ff8" tiltratio="86" />
  <memory-copied type="nursery" objects="4375490" bytes="116417424" bytesdiscarded="245120" />
  <memory-copied type="tenure" objects="1112358" bytes="29929952" bytesdiscarded="89080" />
  <ownableSynchronizers candidates="3505" cleared="2983" />
  <references type="soft" candidates="523" cleared="0" enqueued="0" dynamicThreshold="18" maxThreshold="32" />
  <references type="weak" candidates="116" cleared="116" enqueued="0" />
</gc-op>
<gc-end id="3044" type="scavenge" contextid="3040" durationms="103.921" usertimems="793.538" systemtimems="0.000" timestamp="2020-09-11T09:58:13.409" activeThreads="8">
  <mem-info id="3045" free="1215697200" total="2760835072" percent="44">
    <mem type="nursery" free="688955432" total="939524096" percent="73">
      <mem type="allocate" free="688955432" total="805699584" percent="85" />
      <mem type="survivor" free="0" total="133824512" percent="0" />
    </mem>
    <mem type="tenure" free="526741768" total="1821310976" percent="28" macro-fragmented="0">
      <mem type="soa" free="417462536" total="1712031744" percent="24" />
      <mem type="loa" free="109279232" total="109279232" percent="100" />
    </mem>
    <remembered-set count="33494" />
  </mem-info>
</gc-end>
<cycle-end id="3046" type="scavenge" contextid="3040" timestamp="2020-09-11T09:58:13.410" />
<allocation-satisfied id="3047" threadId="00000000007C9200" bytesRequested="267216" />
<af-end id="3048" timestamp="2020-09-11T09:58:13.410" threadId="00000000007C9B80" success="true" from="nursery"/>
<exclusive-end id="3049" timestamp="2020-09-11T09:58:13.410" durationms="105.744" />

<exclusive-start id="3050" timestamp="2020-09-11T09:58:15.341" intervalms="2036.894">
  <response-info timems="0.221" idlems="0.221" threads="0" lastid="000000000078AB00" lastname="Group1.Backend.CompositeBackend{Tier1}.1" />
</exclusive-start>
<af-start id="3051" threadId="000000000078B480" totalBytesRequested="664" timestamp="2020-09-11T09:58:15.342" intervalms="2036.927" type="nursery" />
<cycle-start id="3052" type="scavenge" contextid="0" timestamp="2020-09-11T09:58:15.342" intervalms="2036.930" />
<gc-start id="3053" type="scavenge" contextid="3052" timestamp="2020-09-11T09:58:15.343">
  <mem-info id="3054" free="526741768" total="2760835072" percent="19">
    <mem type="nursery" free="0" total="939524096" percent="0">
      <mem type="allocate" free="0" total="805699584" percent="0" />
      <mem type="survivor" free="0" total="133824512" percent="0" />
    </mem>
    <mem type="tenure" free="526741768" total="1821310976" percent="28">
      <mem type="soa" free="417462536" total="1712031744" percent="24" />
      <mem type="loa" free="109279232" total="109279232" percent="100" />
    </mem>
    <remembered-set count="196327" />
  </mem-info>
</gc-start>
<allocation-stats totalBytes="688634352" >
  <allocated-bytes non-tlh="33887744" tlh="654746608" />
  <largest-consumer threadName="Group1.Backend.CompositeBackend{Tier1}.6" threadId="000000000088D900" bytes="94695200" />
</allocation-stats>
<gc-op id="3055" type="scavenge" timems="96.225" contextid="3052" timestamp="2020-09-11T09:58:15.439">
  <scavenger-info tenureage="3" tenuremask="7ff8" tiltratio="85" />
  <memory-copied type="nursery" objects="4150000" bytes="111246120" bytesdiscarded="180760" />
  <memory-copied type="tenure" objects="1102289" bytes="29626672" bytesdiscarded="78944" />
  <ownableSynchronizers candidates="4165" cleared="3658" />
  <references type="soft" candidates="518" cleared="0" enqueued="0" dynamicThreshold="18" maxThreshold="32" />
  <references type="weak" candidates="119" cleared="118" enqueued="0" />
</gc-op>
<gc-end id="3056" type="scavenge" contextid="3052" durationms="97.231" usertimems="756.127" systemtimems="0.079" timestamp="2020-09-11T09:58:15.440" activeThreads="8">
  <mem-info id="3057" free="1191905112" total="2760835072" percent="43">
    <mem type="nursery" free="694846720" total="939524096" percent="73">
      <mem type="allocate" free="694846720" total="806354944" percent="86" />
      <mem type="survivor" free="0" total="133169152" percent="0" />
    </mem>
    <mem type="tenure" free="497058392" total="1821310976" percent="27" macro-fragmented="0">
      <mem type="soa" free="387779160" total="1712031744" percent="22" />
      <mem type="loa" free="109279232" total="109279232" percent="100" />
    </mem>
    <remembered-set count="33317" />
  </mem-info>
</gc-end>
<cycle-end id="3058" type="scavenge" contextid="3052" timestamp="2020-09-11T09:58:15.440" />
<allocation-satisfied id="3059" threadId="000000000078AB00" bytesRequested="664" />
<af-end id="3060" timestamp="2020-09-11T09:58:15.441" threadId="000000000078B480" success="true" from="nursery"/>
<exclusive-end id="3061" timestamp="2020-09-11T09:58:15.441" durationms="99.073" />

<exclusive-start id="3062" timestamp="2020-09-11T09:58:17.501" intervalms="2159.515">
  <response-info timems="0.511" idlems="0.511" threads="0" lastid="000000000086B200" lastname="Group1.Backend.CompositeBackend{Tier1}.4" />
</exclusive-start>
<af-start id="3063" threadId="000000000086BB80" totalBytesRequested="16" timestamp="2020-09-11T09:58:17.502" intervalms="2159.667" type="nursery" />
<cycle-start id="3064" type="scavenge" contextid="0" timestamp="2020-09-11T09:58:17.502" intervalms="2159.684" />
<gc-start id="3065" type="scavenge" contextid="3064" timestamp="2020-09-11T09:58:17.502">
  <mem-info id="3066" free="497058392" total="2760835072" percent="18">
    <mem type="nursery" free="0" total="939524096" percent="0">
      <mem type="allocate" free="0" total="806354944" percent="0" />
      <mem type="survivor" free="0" total="133169152" percent="0" />
    </mem>
    <mem type="tenure" free="497058392" total="1821310976" percent="27">
      <mem type="soa" free="387779160" total="1712031744" percent="22" />
      <mem type="loa" free="109279232" total="109279232" percent="100" />
    </mem>
    <remembered-set count="198033" />
  </mem-info>
</gc-start>
<allocation-stats totalBytes="694512512" >
  <allocated-bytes non-tlh="29941552" tlh="664570960" />
  <largest-consumer threadName="Group1.Backend.CompositeBackend{Tier1}.4" threadId="000000000086B200" bytes="98766208" />
</allocation-stats>
<gc-op id="3067" type="scavenge" timems="100.056" contextid="3064" timestamp="2020-09-11T09:58:17.602">
  <scavenger-info tenureage="3" tenuremask="7ff8" tiltratio="85" />
  <memory-copied type="nursery" objects="4125629" bytes="110557712" bytesdiscarded="150456" />
  <memory-copied type="tenure" objects="1154521" bytes="31022096" bytesdiscarded="97120" />
  <ownableSynchronizers candidates="4864" cleared="4332" />
  <references type="soft" candidates="534" cleared="0" enqueued="0" dynamicThreshold="18" maxThreshold="32" />
  <references type="weak" candidates="137" cleared="137" enqueued="0" />
</gc-op>
<gc-end id="3068" type="scavenge" contextid="3064" durationms="101.137" usertimems="711.573" systemtimems="0.000" timestamp="2020-09-11T09:58:17.603" activeThreads="8">
  <mem-info id="3069" free="1163164480" total="2760835072" percent="42">
    <mem type="nursery" free="697264128" total="939524096" percent="74">
      <mem type="allocate" free="697264128" total="808058880" percent="86" />
      <mem type="survivor" free="0" total="131465216" percent="0" />
    </mem>
    <mem type="tenure" free="465900352" total="1821310976" percent="25" macro-fragmented="0">
      <mem type="soa" free="356621120" total="1712031744" percent="20" />
      <mem type="loa" free="109279232" total="109279232" percent="100" />
    </mem>
    <remembered-set count="31461" />
  </mem-info>
</gc-end>
<cycle-end id="3070" type="scavenge" contextid="3064" timestamp="2020-09-11T09:58:17.605" />
<allocation-satisfied id="3071" threadId="000000000086B200" bytesRequested="16" />
<af-end id="3072" timestamp="2020-09-11T09:58:17.605" threadId="000000000086BB80" success="true" from="nursery"/>
<exclusive-end id="3073" timestamp="2020-09-11T09:58:17.605" durationms="103.622" />

<exclusive-start id="3074" timestamp="2020-09-11T09:58:19.542" intervalms="2040.864">
  <response-info timems="0.778" idlems="0.778" threads="0" lastid="000000000087A000" lastname="Group1.Backend.CompositeBackend{Tier1}.5" />
</exclusive-start>
<af-start id="3075" threadId="000000000087A980" totalBytesRequested="16" timestamp="2020-09-11T09:58:19.542" intervalms="2040.728" type="nursery" />
<cycle-start id="3076" type="scavenge" contextid="0" timestamp="2020-09-11T09:58:19.543" intervalms="2040.719" />
<gc-start id="3077" type="scavenge" contextid="3076" timestamp="2020-09-11T09:58:19.543">
  <mem-info id="3078" free="465900352" total="2760835072" percent="16">
    <mem type="nursery" free="0" total="939524096" percent="0">
      <mem type="allocate" free="0" total="808058880" percent="0" />
      <mem type="survivor" free="0" total="131465216" percent="0" />
    </mem>
    <mem type="tenure" free="465900352" total="1821310976" percent="25">
      <mem type="soa" free="356621120" total="1712031744" percent="20" />
      <mem type="loa" free="109279232" total="109279232" percent="100" />
    </mem>
    <remembered-set count="195040" />
  </mem-info>
</gc-start>
<allocation-stats totalBytes="696933664" >
  <allocated-bytes non-tlh="35434616" tlh="661499048" />
  <largest-consumer threadName="Group1.Backend.CompositeBackend{Tier1}.8" threadId="000000000084FB00" bytes="93208464" />
</allocation-stats>
<gc-op id="3079" type="scavenge" timems="97.544" contextid="3076" timestamp="2020-09-11T09:58:19.640">
  <scavenger-info tenureage="3" tenuremask="7ff8" tiltratio="86" />
  <memory-copied type="nursery" objects="4366098" bytes="116449904" bytesdiscarded="151904" />
  <memory-copied type="tenure" objects="1075545" bytes="28881344" bytesdiscarded="66528" />
  <ownableSynchronizers candidates="4941" cleared="4392" />
  <references type="soft" candidates="531" cleared="0" enqueued="0" dynamicThreshold="18" maxThreshold="32" />
  <references type="weak" candidates="114" cleared="113" enqueued="0" />
</gc-op>
<gc-end id="3080" type="scavenge" contextid="3076" durationms="98.443" usertimems="729.356" systemtimems="0.000" timestamp="2020-09-11T09:58:19.641" activeThreads="8">
  <mem-info id="3081" free="1123928712" total="2760835072" percent="40">
    <mem type="nursery" free="686911672" total="939524096" percent="73">
      <mem type="allocate" free="686911672" total="803602432" percent="85" />
      <mem type="survivor" free="0" total="135921664" percent="0" />
    </mem>
    <mem type="tenure" free="437017040" total="1821310976" percent="23" macro-fragmented="0">
      <mem type="soa" free="327737808" total="1712031744" percent="19" />
      <mem type="loa" free="109279232" total="109279232" percent="100" />
    </mem>
    <remembered-set count="30387" />
  </mem-info>
</gc-end>
<cycle-end id="3082" type="scavenge" contextid="3076" timestamp="2020-09-11T09:58:19.642" />
<allocation-satisfied id="3083" threadId="000000000087A000" bytesRequested="16" />
<af-end id="3084" timestamp="2020-09-11T09:58:19.642" threadId="000000000087A980" success="true" from="nursery"/>
<exclusive-end id="3085" timestamp="2020-09-11T09:58:19.642" durationms="100.191" />

<exclusive-start id="3086" timestamp="2020-09-11T09:58:21.717" intervalms="2175.325">
  <response-info timems="0.385" idlems="0.170" threads="2" lastid="000000000078AB00" lastname="Group1.Backend.CompositeBackend{Tier1}.1" />
</exclusive-start>
<af-start id="3087" threadId="000000000087A980" totalBytesRequested="32" timestamp="2020-09-11T09:58:21.718" intervalms="2175.357" type="nursery" />
<cycle-start id="3088" type="scavenge" contextid="0" timestamp="2020-09-11T09:58:21.718" intervalms="2175.379" />
<gc-start id="3089" type="scavenge" contextid="3088" timestamp="2020-09-11T09:58:21.718">
  <mem-info id="3090" free="437017040" total="2760835072" percent="15">
    <mem type="nursery" free="0" total="939524096" percent="0">
      <mem type="allocate" free="0" total="803602432" percent="0" />
      <mem type="survivor" free="0" total="135921664" percent="0" />
    </mem>
    <mem type="tenure" free="437017040" total="1821310976" percent="23">
      <mem type="soa" free="327737808" total="1712031744" percent="19" />
      <mem type="loa" free="109279232" total="109279232" percent="100" />
    </mem>
    <remembered-set count="196173" />
  </mem-info>
</gc-start>
<allocation-stats totalBytes="686578328" >
  <allocated-bytes non-tlh="31325824" tlh="655252504" />
  <largest-consumer threadName="Group1.Backend.CompositeBackend{Tier1}.8" threadId="000000000084FB00" bytes="84482392" />
</allocation-stats>
<gc-op id="3091" type="scavenge" timems="86.898" contextid="3088" timestamp="2020-09-11T09:58:21.805">
  <scavenger-info tenureage="3" tenuremask="7ff8" tiltratio="85" />
  <memory-copied type="nursery" objects="4181464" bytes="111950056" bytesdiscarded="467312" />
  <memory-copied type="tenure" objects="1079366" bytes="29020728" bytesdiscarded="83328" />
  <ownableSynchronizers candidates="4913" cleared="4331" />
  <references type="soft" candidates="544" cleared="0" enqueued="0" dynamicThreshold="18" maxThreshold="32" />
  <references type="weak" candidates="119" cleared="118" enqueued="0" />
</gc-op>
<gc-end id="3092" type="scavenge" contextid="3088" durationms="87.818" usertimems="673.472" systemtimems="0.000" timestamp="2020-09-11T09:58:21.806" activeThreads="8">
  <mem-info id="3093" free="1100050296" total="2760835072" percent="39">
    <mem type="nursery" free="692217336" total="939524096" percent="73">
      <mem type="allocate" free="692217336" total="804716544" percent="86" />
      <mem type="survivor" free="0" total="134807552" percent="0" />
    </mem>
    <mem type="tenure" free="407832960" total="1821310976" percent="22" macro-fragmented="0">
      <mem type="soa" free="298553728" total="1712031744" percent="17" />
      <mem type="loa" free="109279232" total="109279232" percent="100" />
    </mem>
    <remembered-set count="32444" />
  </mem-info>
</gc-end>
<cycle-end id="3094" type="scavenge" contextid="3088" timestamp="2020-09-11T09:58:21.807" />
<allocation-satisfied id="3095" threadId="000000000087A000" bytesRequested="32" />
<af-end id="3096" timestamp="2020-09-11T09:58:21.807" threadId="000000000087A980" success="true" from="nursery"/>
<exclusive-end id="3097" timestamp="2020-09-11T09:58:21.807" durationms="89.694" />

<exclusive-start id="3098" timestamp="2020-09-11T09:58:23.745" intervalms="2027.406">
  <response-info timems="2.676" idlems="2.603" threads="1" lastid="000000000078AB00" lastname="Group1.Backend.CompositeBackend{Tier1}.1" />
</exclusive-start>
<af-start id="3099" threadId="000000000088E280" totalBytesRequested="16" timestamp="2020-09-11T09:58:23.745" intervalms="2027.328" type="nursery" />
<cycle-start id="3100" type="scavenge" contextid="0" timestamp="2020-09-11T09:58:23.745" intervalms="2027.299" />
<gc-start id="3101" type="scavenge" contextid="3100" timestamp="2020-09-11T09:58:23.746">
  <mem-info id="3102" free="407832960" total="2760835072" percent="14">
    <mem type="nursery" free="0" total="939524096" percent="0">
      <mem type="allocate" free="0" total="804716544" percent="0" />
      <mem type="survivor" free="0" total="134807552" percent="0" />
    </mem>
    <mem type="tenure" free="407832960" total="1821310976" percent="22">
      <mem type="soa" free="298553728" total="1712031744" percent="17" />
      <mem type="loa" free="109279232" total="109279232" percent="100" />
    </mem>
    <remembered-set count="196811" />
  </mem-info>
</gc-start>
<allocation-stats totalBytes="691898064" >
  <allocated-bytes non-tlh="32493224" tlh="659404840" />
  <largest-consumer threadName="Group1.Backend.CompositeBackend{Tier1}.8" threadId="000000000084FB00" bytes="92333552" />
</allocation-stats>
<gc-op id="3103" type="scavenge" timems="93.627" contextid="3100" timestamp="2020-09-11T09:58:23.839">
  <scavenger-info tenureage="3" tenuremask="7ff8" tiltratio="85" />
  <memory-copied type="nursery" objects="4087943" bytes="109691352" bytesdiscarded="145328" />
  <memory-copied type="tenure" objects="1121342" bytes="30159992" bytesdiscarded="84112" />
  <ownableSynchronizers candidates="4244" cleared="3658" />
  <references type="soft" candidates="530" cleared="0" enqueued="0" dynamicThreshold="18" maxThreshold="32" />
  <references type="weak" candidates="104" cleared="104" enqueued="0" />
</gc-op>
<gc-end id="3104" type="scavenge" contextid="3100" durationms="94.489" usertimems="658.221" systemtimems="0.000" timestamp="2020-09-11T09:58:23.840" activeThreads="8">
  <mem-info id="3105" free="1074295688" total="2760835072" percent="38">
    <mem type="nursery" free="696633088" total="939524096" percent="74">
      <mem type="allocate" free="696633088" total="806551552" percent="86" />
      <mem type="survivor" free="0" total="132972544" percent="0" />
    </mem>
    <mem type="tenure" free="377662600" total="1821310976" percent="20" macro-fragmented="0">
      <mem type="soa" free="268383368" total="1712031744" percent="15" />
      <mem type="loa" free="109279232" total="109279232" percent="100" />
    </mem>
    <remembered-set count="33487" />
  </mem-info>
</gc-end>
<cycle-end id="3106" type="scavenge" contextid="3100" timestamp="2020-09-11T09:58:23.844" />
<allocation-satisfied id="3107" threadId="000000000088D900" bytesRequested="16" />
<af-end id="3108" timestamp="2020-09-11T09:58:23.844" threadId="000000000088E280" success="true" from="nursery"/>
<exclusive-end id="3109" timestamp="2020-09-11T09:58:23.844" durationms="99.299" />

<exclusive-start id="3110" timestamp="2020-09-11T09:58:25.938" intervalms="2192.930">
  <response-info timems="0.656" idlems="0.656" threads="0" lastid="000000000078AB00" lastname="Group1.Backend.CompositeBackend{Tier1}.1" />
</exclusive-start>
<af-start id="3111" threadId="000000000078B480" totalBytesRequested="32" timestamp="2020-09-11T09:58:25.939" intervalms="2193.322" type="nursery" />
<cycle-start id="3112" type="scavenge" contextid="0" timestamp="2020-09-11T09:58:25.939" intervalms="2193.386" />
<gc-start id="3113" type="scavenge" contextid="3112" timestamp="2020-09-11T09:58:25.939">
  <mem-info id="3114" free="377662600" total="2760835072" percent="13">
    <mem type="nursery" free="0" total="939524096" percent="0">
      <mem type="allocate" free="0" total="806551552" percent="0" />
      <mem type="survivor" free="0" total="132972544" percent="0" />
    </mem>
    <mem type="tenure" free="377662600" total="1821310976" percent="20">
      <mem type="soa" free="268383368" total="1712031744" percent="15" />
      <mem type="loa" free="109279232" total="109279232" percent="100" />
    </mem>
    <remembered-set count="196978" />
  </mem-info>
</gc-start>
<allocation-stats totalBytes="696286448" >
  <allocated-bytes non-tlh="33386048" tlh="662900400" />
  <largest-consumer threadName="Group1.Backend.CompositeBackend{Tier1}.8" threadId="000000000084FB00" bytes="119165752" />
</allocation-stats>
<gc-op id="3115" type="scavenge" timems="110.019" contextid="3112" timestamp="2020-09-11T09:58:26.049">
  <scavenger-info tenureage="3" tenuremask="7ff8" tiltratio="85" />
  <memory-copied type="nursery" objects="4120480" bytes="110695144" bytesdiscarded="124768" />
  <memory-copied type="tenure" objects="1097337" bytes="29498560" bytesdiscarded="69272" />
  <ownableSynchronizers candidates="4209" cleared="3654" />
  <references type="soft" candidates="543" cleared="0" enqueued="0" dynamicThreshold="18" maxThreshold="32" />
  <references type="weak" candidates="118" cleared="117" enqueued="0" />
</gc-op>
<gc-end id="3116" type="scavenge" contextid="3112" durationms="110.925" usertimems="852.259" systemtimems="3.341" timestamp="2020-09-11T09:58:26.050" activeThreads="8">
  <mem-info id="3117" free="1045343616" total="2760835072" percent="37">
    <mem type="nursery" free="697215152" total="939524096" percent="74">
      <mem type="allocate" free="697215152" total="808124416" percent="86" />
      <mem type="survivor" free="0" total="131399680" percent="0" />
    </mem>
    <mem type="tenure" free="348128464" total="1821310976" percent="19" macro-fragmented="0">
      <mem type="soa" free="238849232" total="1712031744" percent="13" />
      <mem type="loa" free="109279232" total="109279232" percent="100" />
    </mem>
    <remembered-set count="33035" />
  </mem-info>
</gc-end>
<cycle-end id="3118" type="scavenge" contextid="3112" timestamp="2020-09-11T09:58:26.053" />
<allocation-satisfied id="3119" threadId="000000000078AB00" bytesRequested="32" />
<af-end id="3120" timestamp="2020-09-11T09:58:26.053" threadId="000000000078B480" success="true" from="nursery"/>
<exclusive-end id="3121" timestamp="2020-09-11T09:58:26.053" durationms="115.541" />

<exclusive-start id="3122" timestamp="2020-09-11T09:58:28.037" intervalms="2099.645">
  <response-info timems="0.332" idlems="0.332" threads="0" lastid="000000000089C800" lastname="Group1.Backend.CompositeBackend{Tier1}.7" />
</exclusive-start>
<af-start id="3123" threadId="000000000089D180" totalBytesRequested="1032" timestamp="2020-09-11T09:58:28.038" intervalms="2099.251" type="nursery" />
<cycle-start id="3124" type="scavenge" contextid="0" timestamp="2020-09-11T09:58:28.038" intervalms="2099.186" />
<gc-start id="3125" type="scavenge" contextid="3124" timestamp="2020-09-11T09:58:28.038">
  <mem-info id="3126" free="348128464" total="2760835072" percent="12">
    <mem type="nursery" free="0" total="939524096" percent="0">
      <mem type="allocate" free="0" total="808124416" percent="0" />
      <mem type="survivor" free="0" total="131399680" percent="0" />
    </mem>
    <mem type="tenure" free="348128464" total="1821310976" percent="19">
      <mem type="soa" free="238849232" total="1712031744" percent="13" />
      <mem type="loa" free="109279232" total="109279232" percent="100" />
    </mem>
    <remembered-set count="196716" />
  </mem-info>
</gc-start>
<allocation-stats totalBytes="696853616" >
  <allocated-bytes non-tlh="31607208" tlh="665246408" />
  <largest-consumer threadName="Group1.Backend.CompositeBackend{Tier1}.8" threadId="000000000084FB00" bytes="133466504" />
</allocation-stats>
<gc-op id="3127" type="scavenge" timems="104.351" contextid="3124" timestamp="2020-09-11T09:58:28.143">
  <scavenger-info tenureage="3" tenuremask="7ff8" tiltratio="86" />
  <memory-copied type="nursery" objects="4307024" bytes="115483680" bytesdiscarded="656464" />
  <memory-copied type="tenure" objects="1106741" bytes="29726064" bytesdiscarded="95440" />
  <ownableSynchronizers candidates="4851" cleared="4270" />
  <references type="soft" candidates="556" cleared="0" enqueued="0" dynamicThreshold="18" maxThreshold="32" />
  <references type="weak" candidates="122" cleared="122" enqueued="0" />
</gc-op>
<gc-end id="3128" type="scavenge" contextid="3124" durationms="105.110" usertimems="814.256" systemtimems="7.024" timestamp="2020-09-11T09:58:28.143" activeThreads="8">
  <mem-info id="3129" free="1007568072" total="2760835072" percent="36">
    <mem type="nursery" free="689208432" total="939524096" percent="73">
      <mem type="allocate" free="689208432" total="805437440" percent="85" />
      <mem type="survivor" free="0" total="134086656" percent="0" />
    </mem>
    <mem type="tenure" free="318359640" total="1821310976" percent="17" macro-fragmented="0">
      <mem type="soa" free="209080408" total="1712031744" percent="12" />
      <mem type="loa" free="109279232" total="109279232" percent="100" />
    </mem>
    <remembered-set count="30681" />
  </mem-info>
</gc-end>
<cycle-end id="3130" type="scavenge" contextid="3124" timestamp="2020-09-11T09:58:28.146" />
<allocation-satisfied id="3131" threadId="000000000089C800" bytesRequested="1032" />
<af-end id="3132" timestamp="2020-09-11T09:58:28.146" threadId="000000000089D180" success="true" from="nursery"/>
<exclusive-end id="3133" timestamp="2020-09-11T09:58:28.146" durationms="109.242" />

<exclusive-start id="3134" timestamp="2020-09-11T09:58:30.090" intervalms="2053.133">
  <response-info timems="0.367" idlems="0.146" threads="2" lastid="000000000088D900" lastname="Group1.Backend.CompositeBackend{Tier1}.6" />
</exclusive-start>
<af-start id="3135" threadId="0000000000A9E880" totalBytesRequested="1032" timestamp="2020-09-11T09:58:30.091" intervalms="2053.222" type="nursery" />
<cycle-start id="3136" type="scavenge" contextid="0" timestamp="2020-09-11T09:58:30.091" intervalms="2053.238" />
<gc-start id="3137" type="scavenge" contextid="3136" timestamp="2020-09-11T09:58:30.091">
  <mem-info id="3138" free="318359640" total="2760835072" percent="11">
    <mem type="nursery" free="0" total="939524096" percent="0">
      <mem type="allocate" free="0" total="805437440" percent="0" />
      <mem type="survivor" free="0" total="134086656" percent="0" />
    </mem>
    <mem type="tenure" free="318359640" total="1821310976" percent="17">
      <mem type="soa" free="209080408" total="1712031744" percent="12" />
      <mem type="loa" free="109279232" total="109279232" percent="100" />
    </mem>
    <remembered-set count="193494" />
  </mem-info>
</gc-start>
<allocation-stats totalBytes="688881664" >
  <allocated-bytes non-tlh="34825656" tlh="654056008" />
  <largest-consumer threadName="Group1.Backend.CompositeBackend{Tier1}.2" threadId="00000000007C9200" bytes="101162736" />
</allocation-stats>
<gc-op id="3139" type="scavenge" timems="111.869" contextid="3136" timestamp="2020-09-11T09:58:30.203">
  <scavenger-info tenureage="3" tenuremask="7ff8" tiltratio="85" />
  <memory-copied type="nursery" objects="4339246" bytes="115984096" bytesdiscarded="405520" />
  <memory-copied type="tenure" objects="1100251" bytes="29565288" bytesdiscarded="80080" />
  <ownableSynchronizers candidates="4920" cleared="4333" />
  <references type="soft" candidates="565" cleared="0" enqueued="0" dynamicThreshold="18" maxThreshold="32" />
  <references type="weak" candidates="118" cleared="118" enqueued="0" />
</gc-op>
<gc-end id="3140" type="scavenge" contextid="3136" durationms="112.681" usertimems="878.171" systemtimems="2.335" timestamp="2020-09-11T09:58:30.204" activeThreads="8">
  <mem-info id="3141" free="980473048" total="2760835072" percent="35">
    <mem type="nursery" free="691841560" total="939524096" percent="73">
      <mem type="allocate" free="691841560" total="808321024" percent="85" />
      <mem type="survivor" free="0" total="131203072" percent="0" />
    </mem>
    <mem type="tenure" free="288631488" total="1821310976" percent="15" macro-fragmented="0">
      <mem type="soa" free="179352256" total="1712031744" percent="10" />
      <mem type="loa" free="109279232" total="109279232" percent="100" />
    </mem>
    <remembered-set count="29823" />
  </mem-info>
</gc-end>
<cycle-end id="3142" type="scavenge" contextid="3136" timestamp="2020-09-11T09:58:30.207" />
<allocation-satisfied id="3143" threadId="0000000000A9DF00" bytesRequested="1032" />
<af-end id="3144" timestamp="2020-09-11T09:58:30.207" threadId="0000000000A9E880" success="true" from="nursery"/>
<exclusive-end id="3145" timestamp="2020-09-11T09:58:30.207" durationms="116.960" />

<exclusive-start id="3146" timestamp="2020-09-11T09:58:32.226" intervalms="2135.708">
  <response-info timems="1.138" idlems="1.138" threads="0" lastid="000000000078AB00" lastname="Group1.Backend.CompositeBackend{Tier1}.1" />
</exclusive-start>
<af-start id="3147" threadId="000000000078B480" totalBytesRequested="16" timestamp="2020-09-11T09:58:32.227" intervalms="2135.680" type="nursery" />
<cycle-start id="3148" type="scavenge" contextid="0" timestamp="2020-09-11T09:58:32.227" intervalms="2135.673" />
<gc-start id="3149" type="scavenge" contextid="3148" timestamp="2020-09-11T09:58:32.227">
  <mem-info id="3150" free="288631488" total="2760835072" percent="10">
    <mem type="nursery" free="0" total="939524096" percent="0">
      <mem type="allocate" free="0" total="808321024" percent="0" />
      <mem type="survivor" free="0" total="131203072" percent="0" />
    </mem>
    <mem type="tenure" free="288631488" total="1821310976" percent="15">
      <mem type="soa" free="179352256" total="1712031744" percent="10" />
      <mem type="loa" free="109279232" total="109279232" percent="100" />
    </mem>
    <remembered-set count="193881" />
  </mem-info>
</gc-start>
<allocation-stats totalBytes="691479536" >
  <allocated-bytes non-tlh="28428040" tlh="663051496" />
  <largest-consumer threadName="Group1.Backend.CompositeBackend{Tier1}.2" threadId="00000000007C9200" bytes="111149568" />
</allocation-stats>
<gc-op id="3151" type="scavenge" timems="102.037" contextid="3148" timestamp="2020-09-11T09:58:32.329">
  <scavenger-info tenureage="3" tenuremask="7ff8" tiltratio="86" />
  <memory-copied type="nursery" objects="4125039" bytes="110652024" bytesdiscarded="200664" />
  <memory-copied type="tenure" objects="1101757" bytes="29750280" bytesdiscarded="87408" />
  <ownableSynchronizers candidates="5017" cleared="4405" />
  <references type="soft" candidates="605" cleared="0" enqueued="0" dynamicThreshold="18" maxThreshold="32" />
  <references type="weak" candidates="117" cleared="117" enqueued="0" />
</gc-op>
<gc-end id="3152" type="scavenge" contextid="3148" durationms="102.852" usertimems="750.604" systemtimems="11.007" timestamp="2020-09-11T09:58:32.330" activeThreads="8">
  <mem-info id="3153" free="956487800" total="2760835072" percent="34">
    <mem type="nursery" free="697649408" total="939524096" percent="74">
      <mem type="allocate" free="697649408" total="808583168" percent="86" />
      <mem type="survivor" free="0" total="130940928" percent="0" />
    </mem>
    <mem type="tenure" free="258838392" total="1821310976" percent="14" macro-fragmented="0">
      <mem type="soa" free="149559160" total="1712031744" percent="8" />
      <mem type="loa" free="109279232" total="109279232" percent="100" />
    </mem>
    <remembered-set count="30610" />
  </mem-info>
</gc-end>
<cycle-end id="3154" type="scavenge" contextid="3148" timestamp="2020-09-11T09:58:32.331" />
<allocation-satisfied id="3155" threadId="000000000078AB00" bytesRequested="16" />
<af-end id="3156" timestamp="2020-09-11T09:58:32.331" threadId="000000000078B480" success="true" from="nursery"/>
<exclusive-end id="3157" timestamp="2020-09-11T09:58:32.331" durationms="105.177" />

<exclusive-start id="3158" timestamp="2020-09-11T09:58:34.333" intervalms="2106.904">
  <response-info timems="0.584" idlems="0.296" threads="1" lastid="000000000078AB00" lastname="Group1.Backend.CompositeBackend{Tier1}.1" />
</exclusive-start>
<af-start id="3159" threadId="000000000088E280" totalBytesRequested="24" timestamp="2020-09-11T09:58:34.334" intervalms="2107.025" type="nursery" />
<cycle-start id="3160" type="scavenge" contextid="0" timestamp="2020-09-11T09:58:34.334" intervalms="2107.064" />
<gc-start id="3161" type="scavenge" contextid="3160" timestamp="2020-09-11T09:58:34.334">
  <mem-info id="3162" free="258838392" total="2760835072" percent="9">
    <mem type="nursery" free="0" total="939524096" percent="0">
      <mem type="allocate" free="0" total="808583168" percent="0" />
      <mem type="survivor" free="0" total="130940928" percent="0" />
    </mem>
    <mem type="tenure" free="258838392" total="1821310976" percent="14">
      <mem type="soa" free="149559160" total="1712031744" percent="8" />
      <mem type="loa" free="109279232" total="109279232" percent="100" />
    </mem>
    <remembered-set count="193308" />
  </mem-info>
</gc-start>
<allocation-stats totalBytes="697315056" >
  <allocated-bytes non-tlh="36472024" tlh="660843032" />
  <largest-consumer threadName="Group1.Backend.CompositeBackend{Tier1}.5" threadId="000000000087A000" bytes="94542112" />
</allocation-stats>
<gc-op id="3163" type="scavenge" timems="109.204" contextid="3160" timestamp="2020-09-11T09:58:34.444">
  <scavenger-info tenureage="3" tenuremask="7ff8" tiltratio="86" />
  <memory-copied type="nursery" objects="4266869" bytes="113730840" bytesdiscarded="216416" />
  <memory-copied type="tenure" objects="1116932" bytes="30033992" bytesdiscarded="86248" />
  <ownableSynchronizers candidates="3270" cleared="2701" />
  <references type="soft" candidates="532" cleared="0" enqueued="0" dynamicThreshold="18" maxThreshold="32" />
  <references type="weak" candidates="123" cleared="123" enqueued="0" />
</gc-op>
<gc-end id="3164" type="scavenge" contextid="3160" durationms="110.091" usertimems="800.473" systemtimems="1.912" timestamp="2020-09-11T09:58:34.444" activeThreads="8">
  <mem-info id="3165" free="923197280" total="2760835072" percent="33">
    <mem type="nursery" free="694552312" total="939524096" percent="73">
      <mem type="allocate" free="694552312" total="808583168" percent="85" />
      <mem type="survivor" free="0" total="130940928" percent="0" />
    </mem>
    <mem type="tenure" free="228644968" total="1821310976" percent="12" macro-fragmented="0">
      <mem type="soa" free="119365736" total="1712031744" percent="6" />
      <mem type="loa" free="109279232" total="109279232" percent="100" />
    </mem>
    <remembered-set count="30733" />
  </mem-info>
</gc-end>
<cycle-end id="3166" type="scavenge" contextid="3160" timestamp="2020-09-11T09:58:34.445" />
<allocation-satisfied id="3167" threadId="000000000088D900" bytesRequested="24" />
<af-end id="3168" timestamp="2020-09-11T09:58:34.445" threadId="000000000088E280" success="true" from="nursery"/>
<exclusive-end id="3169" timestamp="2020-09-11T09:58:34.445" durationms="112.514" />

<exclusive-start id="3170" timestamp="2020-09-11T09:58:36.488" intervalms="2154.788">
  <response-info timems="1.417" idlems="1.417" threads="0" lastid="000000000088D900" lastname="Group1.Backend.CompositeBackend{Tier1}.6" />
</exclusive-start>
<af-start id="3171" threadId="000000000088E280" totalBytesRequested="10008" timestamp="2020-09-11T09:58:36.488" intervalms="2154.629" type="nursery" />
<cycle-start id="3172" type="scavenge" contextid="0" timestamp="2020-09-11T09:58:36.488" intervalms="2154.598" />
<gc-start id="3173" type="scavenge" contextid="3172" timestamp="2020-09-11T09:58:36.489">
  <mem-info id="3174" free="228644968" total="2760835072" percent="8">
    <mem type="nursery" free="0" total="939524096" percent="0">
      <mem type="allocate" free="0" total="808583168" percent="0" />
      <mem type="survivor" free="0" total="130940928" percent="0" />
    </mem>
    <mem type="tenure" free="228644968" total="1821310976" percent="12">
      <mem type="soa" free="119365736" total="1712031744" percent="6" />
      <mem type="loa" free="109279232" total="109279232" percent="100" />
    </mem>
    <remembered-set count="195775" />
  </mem-info>
</gc-start>
<allocation-stats totalBytes="694200840" >
  <allocated-bytes non-tlh="31919248" tlh="662281592" />
  <largest-consumer threadName="Group1.Backend.CompositeBackend{Tier1}.6" threadId="000000000088D900" bytes="90012056" />
</allocation-stats>
<gc-op id="3175" type="scavenge" timems="119.133" contextid="3172" timestamp="2020-09-11T09:58:36.608">
  <scavenger-info tenureage="3" tenuremask="7ff8" tiltratio="86" />
  <memory-copied type="nursery" objects="4536931" bytes="120382792" bytesdiscarded="287184" />
  <memory-copied type="tenure" objects="1080213" bytes="29040400" bytesdiscarded="93920" />
  <ownableSynchronizers candidates="3975" cleared="3448" />
  <references type="soft" candidates="495" cleared="0" enqueued="0" dynamicThreshold="18" maxThreshold="32" />
  <references type="weak" candidates="98" cleared="98" enqueued="0" />
</gc-op>
<gc-end id="3176" type="scavenge" contextid="3172" durationms="119.971" usertimems="927.020" systemtimems="3.548" timestamp="2020-09-11T09:58:36.609" activeThreads="8">
  <mem-info id="3177" free="878286992" total="2760835072" percent="31">
    <mem type="nursery" free="678714488" total="939524096" percent="72">
      <mem type="allocate" free="678714488" total="799473664" percent="84" />
      <mem type="survivor" free="0" total="140050432" percent="0" />
    </mem>
    <mem type="tenure" free="199572504" total="1821310976" percent="10" macro-fragmented="0">
      <mem type="soa" free="90293272" total="1712031744" percent="5" />
      <mem type="loa" free="109279232" total="109279232" percent="100" />
    </mem>
    <remembered-set count="30981" />
  </mem-info>
</gc-end>
<cycle-end id="3178" type="scavenge" contextid="3172" timestamp="2020-09-11T09:58:36.612" />
<allocation-satisfied id="3179" threadId="000000000088D900" bytesRequested="10008" />
<af-end id="3180" timestamp="2020-09-11T09:58:36.612" threadId="000000000088E280" success="true" from="nursery"/>
<exclusive-end id="3181" timestamp="2020-09-11T09:58:36.612" durationms="124.772" />

<exclusive-start id="3182" timestamp="2020-09-11T09:58:38.532" intervalms="2044.277">
  <response-info timems="0.594" idlems="0.594" threads="0" lastid="000000000078AB00" lastname="Group1.Backend.CompositeBackend{Tier1}.1" />
</exclusive-start>
<af-start id="3183" threadId="000000000078B480" totalBytesRequested="16" timestamp="2020-09-11T09:58:38.533" intervalms="2044.305" type="nursery" />
<cycle-start id="3184" type="scavenge" contextid="0" timestamp="2020-09-11T09:58:38.533" intervalms="2044.296" />
<gc-start id="3185" type="scavenge" contextid="3184" timestamp="2020-09-11T09:58:38.533">
  <mem-info id="3186" free="199572504" total="2760835072" percent="7">
    <mem type="nursery" free="0" total="939524096" percent="0">
      <mem type="allocate" free="0" total="799473664" percent="0" />
      <mem type="survivor" free="0" total="140050432" percent="0" />
    </mem>
    <mem type="tenure" free="199572504" total="1821310976" percent="10">
      <mem type="soa" free="90293272" total="1712031744" percent="5" />
      <mem type="loa" free="109279232" total="109279232" percent="100" />
    </mem>
    <remembered-set count="194400" />
  </mem-info>
</gc-start>
<allocation-stats totalBytes="678376080" >
  <allocated-bytes non-tlh="31397248" tlh="646978832" />
  <largest-consumer threadName="Group1.Backend.CompositeBackend{Tier1}.3" threadId="000000000085F900" bytes="99087816" />
</allocation-stats>
<gc-op id="3187" type="scavenge" timems="106.961" contextid="3184" timestamp="2020-09-11T09:58:38.640">
  <scavenger-info tenureage="3" tenuremask="7ff8" tiltratio="85" />
  <memory-copied type="nursery" objects="4159888" bytes="111472640" bytesdiscarded="408720" />
  <memory-copied type="tenure" objects="1105765" bytes="29749984" bytesdiscarded="112616" />
  <ownableSynchronizers candidates="4553" cleared="4055" />
  <references type="soft" candidates="444" cleared="0" enqueued="0" dynamicThreshold="18" maxThreshold="32" />
  <references type="weak" candidates="127" cleared="127" enqueued="0" />
</gc-op>
<gc-end id="3188" type="scavenge" contextid="3184" durationms="107.831" usertimems="825.379" systemtimems="3.555" timestamp="2020-09-11T09:58:38.641" activeThreads="8">
  <mem-info id="3189" free="858256832" total="2760835072" percent="31">
    <mem type="nursery" free="688553216" total="939524096" percent="73">
      <mem type="allocate" free="688553216" total="800522240" percent="86" />
      <mem type="survivor" free="0" total="139001856" percent="0" />
    </mem>
    <mem type="tenure" free="169703616" total="1821310976" percent="9" macro-fragmented="0">
      <mem type="soa" free="60424384" total="1712031744" percent="3" />
      <mem type="loa" free="109279232" total="109279232" percent="100" />
    </mem>
    <remembered-set count="32247" />
  </mem-info>
</gc-end>
<cycle-end id="3190" type="scavenge" contextid="3184" timestamp="2020-09-11T09:58:38.644" />
<allocation-satisfied id="3191" threadId="000000000078AB00" bytesRequested="16" />
<af-end id="3192" timestamp="2020-09-11T09:58:38.644" threadId="000000000078B480" success="true" from="nursery"/>
<exclusive-end id="3193" timestamp="2020-09-11T09:58:38.644" durationms="112.235" />

<exclusive-start id="3194" timestamp="2020-09-11T09:58:40.604" intervalms="2072.109">
  <response-info timems="0.591" idlems="0.591" threads="0" lastid="000000000088D900" lastname="Group1.Backend.CompositeBackend{Tier1}.6" />
</exclusive-start>
<af-start id="3195" threadId="000000000088E280" totalBytesRequested="168" timestamp="2020-09-11T09:58:40.605" intervalms="2072.551" type="nursery" />
<cycle-start id="3196" type="scavenge" contextid="0" timestamp="2020-09-11T09:58:40.605" intervalms="2072.566" />
<gc-start id="3197" type="scavenge" contextid="3196" timestamp="2020-09-11T09:58:40.606">
  <mem-info id="3198" free="169703616" total="2760835072" percent="6">
    <mem type="nursery" free="0" total="939524096" percent="0">
      <mem type="allocate" free="0" total="800522240" percent="0" />
      <mem type="survivor" free="0" total="139001856" percent="0" />
    </mem>
    <mem type="tenure" free="169703616" total="1821310976" percent="9">
      <mem type="soa" free="60424384" total="1712031744" percent="3" />
      <mem type="loa" free="109279232" total="109279232" percent="100" />
    </mem>
    <remembered-set count="193889" />
  </mem-info>
</gc-start>
<allocation-stats totalBytes="688208792" >
  <allocated-bytes non-tlh="36103224" tlh="652105568" />
  <largest-consumer threadName="Group1.Backend.CompositeBackend{Tier1}.3" threadId="000000000085F900" bytes="112708504" />
</allocation-stats>
<gc-op id="3199" type="scavenge" timems="112.418" contextid="3196" timestamp="2020-09-11T09:58:40.718">
  <scavenger-info tenureage="3" tenuremask="7ff8" tiltratio="85" />
  <memory-copied type="nursery" objects="4359514" bytes="115990248" bytesdiscarded="131704" />
  <memory-copied type="tenure" objects="1090694" bytes="29309272" bytesdiscarded="108760" />
  <ownableSynchronizers candidates="4016" cleared="3576" />
  <references type="soft" candidates="458" cleared="0" enqueued="0" dynamicThreshold="18" maxThreshold="32" />
  <references type="weak" candidates="127" cleared="127" enqueued="0" />
</gc-op>
<gc-end id="3200" type="scavenge" contextid="3196" durationms="113.498" usertimems="839.352" systemtimems="2.815" timestamp="2020-09-11T09:58:40.719" activeThreads="8">
  <mem-info id="3201" free="825379120" total="2760835072" percent="29">
    <mem type="nursery" free="685098656" total="939524096" percent="72">
      <mem type="allocate" free="685098656" total="801308672" percent="85" />
      <mem type="survivor" free="0" total="138215424" percent="0" />
    </mem>
    <mem type="tenure" free="140280464" total="1821310976" percent="7" macro-fragmented="0">
      <mem type="soa" free="31001232" total="1712031744" percent="1" />
      <mem type="loa" free="109279232" total="109279232" percent="100" />
    </mem>
    <remembered-set count="31389" />
  </mem-info>
</gc-end>
<cycle-end id="3202" type="scavenge" contextid="3196" timestamp="2020-09-11T09:58:40.720" />
<allocation-satisfied id="3203" threadId="000000000088D900" bytesRequested="168" />
<af-end id="3204" timestamp="2020-09-11T09:58:40.720" threadId="000000000088E280" success="true" from="nursery"/>
<exclusive-end id="3205" timestamp="2020-09-11T09:58:40.720" durationms="115.931" />

<exclusive-start id="3206" timestamp="2020-09-11T09:58:42.755" intervalms="2151.176">
  <response-info timems="0.622" idlems="0.622" threads="0" lastid="000000000078AB00" lastname="Group1.Backend.CompositeBackend{Tier1}.1" />
</exclusive-start>
<af-start id="3207" threadId="000000000078B480" totalBytesRequested="664" timestamp="2020-09-11T09:58:42.756" intervalms="2150.834" type="nursery" />
<cycle-start id="3208" type="scavenge" contextid="0" timestamp="2020-09-11T09:58:42.756" intervalms="2150.827" />
<gc-start id="3209" type="scavenge" contextid="3208" timestamp="2020-09-11T09:58:42.756">
  <mem-info id="3210" free="140280464" total="2760835072" percent="5">
    <mem type="nursery" free="0" total="939524096" percent="0">
      <mem type="allocate" free="0" total="801308672" percent="0" />
      <mem type="survivor" free="0" total="138215424" percent="0" />
    </mem>
    <mem type="tenure" free="140280464" total="1821310976" percent="7">
      <mem type="soa" free="31001232" total="1712031744" percent="1" />
      <mem type="loa" free="109279232" total="109279232" percent="100" />
    </mem>
    <remembered-set count="198398" />
  </mem-info>
</gc-start>
<allocation-stats totalBytes="684753072" >
  <allocated-bytes non-tlh="24613504" tlh="660139568" />
  <largest-consumer threadName="Group1.Backend.CompositeBackend{Tier1}.6" threadId="000000000088D900" bytes="101308264" />
</allocation-stats>
<gc-op id="3211" type="scavenge" timems="99.506" contextid="3208" timestamp="2020-09-11T09:58:42.856">
  <scavenger-info tenureage="3" tenuremask="7ff8" tiltratio="85" />
  <memory-copied type="nursery" objects="4070414" bytes="109280600" bytesdiscarded="206184" />
  <memory-copied type="tenure" objects="1117656" bytes="30029144" bytesdiscarded="53120" />
  <ownableSynchronizers candidates="4722" cleared="4249" />
  <references type="soft" candidates="438" cleared="0" enqueued="0" dynamicThreshold="18" maxThreshold="32" />
  <references type="weak" candidates="109" cleared="108" enqueued="0" />
</gc-op>
<gc-end id="3212" type="scavenge" contextid="3208" durationms="100.480" usertimems="677.894" systemtimems="14.100" timestamp="2020-09-11T09:58:42.857" activeThreads="8">
  <mem-info id="3213" free="803099120" total="2760835072" percent="29">
    <mem type="nursery" free="693375744" total="939524096" percent="73">
      <mem type="allocate" free="693375744" total="802947072" percent="86" />
      <mem type="survivor" free="0" total="136577024" percent="0" />
    </mem>
    <mem type="tenure" free="109723376" total="1821310976" percent="6" macro-fragmented="0">
      <mem type="soa" free="444144" total="1712031744" percent="0" />
      <mem type="loa" free="109279232" total="109279232" percent="100" />
    </mem>
    <remembered-set count="31041" />
  </mem-info>
</gc-end>
<cycle-end id="3214" type="scavenge" contextid="3208" timestamp="2020-09-11T09:58:42.858" />
<allocation-satisfied id="3215" threadId="000000000078AB00" bytesRequested="664" />
<af-end id="3216" timestamp="2020-09-11T09:58:42.858" threadId="000000000078B480" success="true" from="nursery"/>
<exclusive-end id="3217" timestamp="2020-09-11T09:58:42.858" durationms="102.922" />

<exclusive-start id="3218" timestamp="2020-09-11T09:58:44.771" intervalms="2015.789">
  <response-info timems="0.440" idlems="0.440" threads="0" lastid="00000000007C9200" lastname="Group1.Backend.CompositeBackend{Tier1}.2" />
</exclusive-start>
<af-start id="3219" threadId="00000000007C9B80" totalBytesRequested="131080" timestamp="2020-09-11T09:58:44.772" intervalms="2015.851" type="nursery" />
<percolate-collect id="3220" from="nursery" to="global" reason="prevent tenure expand" timestamp="2020-09-11T09:58:44.772"/>
<cycle-start id="3221" type="global" contextid="0" timestamp="2020-09-11T09:58:44.772" intervalms="66458.596" />
<gc-start id="3222" type="global" contextid="3221" timestamp="2020-09-11T09:58:44.772">
  <mem-info id="3223" free="109723376" total="2760835072" percent="3">
    <mem type="nursery" free="0" total="939524096" percent="0">
      <mem type="allocate" free="0" total="802947072" percent="0" />
      <mem type="survivor" free="0" total="136577024" percent="0" />
    </mem>
    <mem type="tenure" free="109723376" total="1821310976" percent="6">
      <mem type="soa" free="444144" total="1712031744" percent="0" />
      <mem type="loa" free="109279232" total="109279232" percent="100" />
    </mem>
    <remembered-set count="191402" />
  </mem-info>
</gc-start>
<allocation-stats totalBytes="693056016" >
  <allocated-bytes non-tlh="36590472" tlh="656465544" />
  <largest-consumer threadName="Group1.Backend.CompositeBackend{Tier1}.1" threadId="000000000078AB00" bytes="106429192" />
</allocation-stats>
<gc-op id="3224" type="mark" timems="540.199" contextid="3221" timestamp="2020-09-11T09:58:45.313">
  <trace-info objectcount="31015448" scancount="30036513" scanbytes="819819456" />
  <finalization candidates="146" enqueued="0" />
  <ownableSynchronizers candidates="587001" cleared="5300" />
  <references type="soft" candidates="705055" cleared="0" enqueued="0" dynamicThreshold="18" maxThreshold="32" />
  <references type="weak" candidates="4399" cleared="113" enqueued="0" />
  <references type="phantom" candidates="107" cleared="0" enqueued="0" />
  <stringconstants candidates="11150" cleared="1"  />
</gc-op>
<gc-op id="3225" type="sweep" timems="12.477" contextid="3221" timestamp="2020-09-11T09:58:45.325" />
<gc-end id="3226" type="global" contextid="3221" durationms="553.809" usertimems="4303.739" systemtimems="0.000" timestamp="2020-09-11T09:58:45.326" activeThreads="8">
  <mem-info id="3227" free="1633939216" total="2760835072" percent="59">
    <mem type="nursery" free="605552032" total="939524096" percent="64">
      <mem type="allocate" free="605552032" total="802947072" percent="75" />
      <mem type="survivor" free="0" total="136577024" percent="0" />
    </mem>
    <mem type="tenure" free="1028387184" total="1821310976" percent="56" micro-fragmented="48633010" macro-fragmented="0">
      <mem type="soa" free="919107952" total="1712031744" percent="53" />
      <mem type="loa" free="109279232" total="109279232" percent="100" />
    </mem>
    <remembered-set count="185714" />
  </mem-info>
</gc-end>
<cycle-end id="3228" type="global" contextid="3221" timestamp="2020-09-11T09:58:45.327" />
<allocation-satisfied id="3229" threadId="00000000007C9200" bytesRequested="131080" />
<af-end id="3230" timestamp="2020-09-11T09:58:45.327" threadId="00000000007C9B80" success="true" from="nursery"/>
<exclusive-end id="3231" timestamp="2020-09-11T09:58:45.327" durationms="555.928" />

<exclusive-start id="3232" timestamp="2020-09-11T09:58:46.653" intervalms="1882.091">
  <response-info timems="0.567" idlems="0.552" threads="1" lastid="000000000088D900" lastname="Group1.Backend.CompositeBackend{Tier1}.6" />
</exclusive-start>
<af-start id="3233" threadId="00000000007C9B80" totalBytesRequested="24" timestamp="2020-09-11T09:58:46.654" intervalms="1881.909" type="nursery" />
<cycle-start id="3234" type="scavenge" contextid="0" timestamp="2020-09-11T09:58:46.654" intervalms="3897.744" />
<gc-start id="3235" type="scavenge" contextid="3234" timestamp="2020-09-11T09:58:46.654">
  <mem-info id="3236" free="1028385624" total="2760835072" percent="37">
    <mem type="nursery" free="0" total="939524096" percent="0">
      <mem type="allocate" free="0" total="802947072" percent="0" />
      <mem type="survivor" free="0" total="136577024" percent="0" />
    </mem>
    <mem type="tenure" free="1028385624" total="1821310976" percent="56">
      <mem type="soa" free="919106392" total="1712031744" percent="53" />
      <mem type="loa" free="109279232" total="109279232" percent="100" />
    </mem>
    <remembered-set count="242469" />
  </mem-info>
</gc-start>
<allocation-stats totalBytes="603365264" >
  <allocated-bytes non-tlh="31465176" tlh="571900088" />
  <largest-consumer threadName="Group1.Backend.CompositeBackend{Tier1}.2" threadId="00000000007C9200" bytes="85602040" />
</allocation-stats>
<gc-op id="3237" type="scavenge" timems="148.703" contextid="3234" timestamp="2020-09-11T09:58:46.803">
  <scavenger-info tenureage="3" tenuremask="7ff8" tiltratio="85" />
  <memory-copied type="nursery" objects="5001489" bytes="134320608" bytesdiscarded="277640" />
  <memory-copied type="tenure" objects="1004429" bytes="26999920" bytesdiscarded="32896" />
  <ownableSynchronizers candidates="1166922" cleared="1166339" />
  <references type="soft" candidates="534" cleared="0" enqueued="0" dynamicThreshold="18" maxThreshold="32" />
  <references type="weak" candidates="114" cleared="113" enqueued="0" />
</gc-op>
<gc-end id="3238" type="scavenge" contextid="3234" durationms="150.136" usertimems="1061.216" systemtimems="15.527" timestamp="2020-09-11T09:58:46.804" activeThreads="8">
  <mem-info id="3239" free="1635757640" total="2760835072" percent="59">
    <mem type="nursery" free="634650880" total="939524096" percent="67">
      <mem type="allocate" free="634650880" total="769392640" percent="82" />
      <mem type="survivor" free="0" total="170131456" percent="0" />
    </mem>
    <mem type="tenure" free="1001106760" total="1821310976" percent="54" macro-fragmented="0">
      <mem type="soa" free="891827528" total="1712031744" percent="52" />
      <mem type="loa" free="109279232" total="109279232" percent="100" />
    </mem>
    <remembered-set count="38454" />
  </mem-info>
</gc-end>
<cycle-end id="3240" type="scavenge" contextid="3234" timestamp="2020-09-11T09:58:46.805" />
<allocation-satisfied id="3241" threadId="00000000007C9200" bytesRequested="24" />
<af-end id="3242" timestamp="2020-09-11T09:58:46.805" threadId="00000000007C9B80" success="true" from="nursery"/>
<exclusive-end id="3243" timestamp="2020-09-11T09:58:46.805" durationms="151.908" />

<exclusive-start id="3244" timestamp="2020-09-11T09:58:48.643" intervalms="1990.172">
  <response-info timems="0.700" idlems="0.400" threads="2" lastid="00000000007C9200" lastname="Group1.Backend.CompositeBackend{Tier1}.2" />
</exclusive-start>
<af-start id="3245" threadId="000000000078B480" totalBytesRequested="1032" timestamp="2020-09-11T09:58:48.644" intervalms="1990.351" type="nursery" />
<cycle-start id="3246" type="scavenge" contextid="0" timestamp="2020-09-11T09:58:48.644" intervalms="1990.420" />
<gc-start id="3247" type="scavenge" contextid="3246" timestamp="2020-09-11T09:58:48.645">
  <mem-info id="3248" free="1001106760" total="2760835072" percent="36">
    <mem type="nursery" free="0" total="939524096" percent="0">
      <mem type="allocate" free="0" total="769392640" percent="0" />
      <mem type="survivor" free="0" total="170131456" percent="0" />
    </mem>
    <mem type="tenure" free="1001106760" total="1821310976" percent="54">
      <mem type="soa" free="891827528" total="1712031744" percent="52" />
      <mem type="loa" free="109279232" total="109279232" percent="100" />
    </mem>
    <remembered-set count="196588" />
  </mem-info>
</gc-start>
<allocation-stats totalBytes="634343872" >
  <allocated-bytes non-tlh="29340960" tlh="605002912" />
  <largest-consumer threadName="Group1.Backend.CompositeBackend{Tier1}.4" threadId="000000000086B200" bytes="81823944" />
</allocation-stats>
<gc-op id="3249" type="scavenge" timems="99.421" contextid="3246" timestamp="2020-09-11T09:58:48.744">
  <scavenger-info tenureage="3" tenuremask="7ff8" tiltratio="81" />
  <memory-copied type="nursery" objects="4961446" bytes="133322008" bytesdiscarded="168016" />
  <memory-copied type="tenure" objects="987808" bytes="26538184" bytesdiscarded="55840" />
  <ownableSynchronizers candidates="3594" cleared="3041" />
  <references type="soft" candidates="523" cleared="0" enqueued="0" dynamicThreshold="18" maxThreshold="32" />
  <references type="weak" candidates="108" cleared="107" enqueued="0" />
</gc-op>
<gc-end id="3250" type="scavenge" contextid="3246" durationms="100.524" usertimems="743.626" systemtimems="6.356" timestamp="2020-09-11T09:58:48.745" activeThreads="8">
  <mem-info id="3251" free="1625918504" total="2760835072" percent="58">
    <mem type="nursery" free="651544576" total="939524096" percent="69">
      <mem type="allocate" free="651544576" total="785121280" percent="82" />
      <mem type="survivor" free="0" total="154402816" percent="0" />
    </mem>
    <mem type="tenure" free="974373928" total="1821310976" percent="53" macro-fragmented="0">
      <mem type="soa" free="865094696" total="1712031744" percent="50" />
      <mem type="loa" free="109279232" total="109279232" percent="100" />
    </mem>
    <remembered-set count="37246" />
  </mem-info>
</gc-end>
<cycle-end id="3252" type="scavenge" contextid="3246" timestamp="2020-09-11T09:58:48.746" />
<allocation-satisfied id="3253" threadId="000000000078AB00" bytesRequested="1032" />
<af-end id="3254" timestamp="2020-09-11T09:58:48.746" threadId="000000000078B480" success="true" from="nursery"/>
<exclusive-end id="3255" timestamp="2020-09-11T09:58:48.747" durationms="103.282" />

<exclusive-start id="3256" timestamp="2020-09-11T09:58:50.582" intervalms="1938.200">
  <response-info timems="0.327" idlems="0.327" threads="0" lastid="000000000084FB00" lastname="Group1.Backend.CompositeBackend{Tier1}.8" />
</exclusive-start>
<af-start id="3257" threadId="0000000000850480" totalBytesRequested="213776" timestamp="2020-09-11T09:58:50.582" intervalms="1938.046" type="nursery" />
<cycle-start id="3258" type="scavenge" contextid="0" timestamp="2020-09-11T09:58:50.582" intervalms="1937.979" />
<gc-start id="3259" type="scavenge" contextid="3258" timestamp="2020-09-11T09:58:50.583">
  <mem-info id="3260" free="974505416" total="2760835072" percent="35">
    <mem type="nursery" free="131488" total="939524096" percent="0">
      <mem type="allocate" free="131488" total="785121280" percent="0" />
      <mem type="survivor" free="0" total="154402816" percent="0" />
    </mem>
    <mem type="tenure" free="974373928" total="1821310976" percent="53">
      <mem type="soa" free="865094696" total="1712031744" percent="50" />
      <mem type="loa" free="109279232" total="109279232" percent="100" />
    </mem>
    <remembered-set count="193526" />
  </mem-info>
</gc-start>
<allocation-stats totalBytes="651093032" >
  <allocated-bytes non-tlh="34441312" tlh="616651720" />
  <largest-consumer threadName="Group1.Backend.CompositeBackend{Tier1}.3" threadId="000000000085F900" bytes="92616352" />
</allocation-stats>
<gc-op id="3261" type="scavenge" timems="99.790" contextid="3258" timestamp="2020-09-11T09:58:50.682">
  <scavenger-info tenureage="3" tenuremask="7ff8" tiltratio="83" />
  <memory-copied type="nursery" objects="5051550" bytes="135267400" bytesdiscarded="509336" />
  <memory-copied type="tenure" objects="1047620" bytes="28175368" bytesdiscarded="66800" />
  <ownableSynchronizers candidates="3629" cleared="3100" />
  <references type="soft" candidates="499" cleared="0" enqueued="0" dynamicThreshold="18" maxThreshold="32" />
  <references type="weak" candidates="118" cleared="118" enqueued="0" />
</gc-op>
<gc-end id="3262" type="scavenge" contextid="3258" durationms="100.721" usertimems="789.602" systemtimems="0.000" timestamp="2020-09-11T09:58:50.683" activeThreads="8">
  <mem-info id="3263" free="1595989064" total="2760835072" percent="57">
    <mem type="nursery" free="649785848" total="939524096" percent="69">
      <mem type="allocate" free="649785848" total="785645568" percent="82" />
      <mem type="survivor" free="0" total="153878528" percent="0" />
    </mem>
    <mem type="tenure" free="946203216" total="1821310976" percent="51" macro-fragmented="0">
      <mem type="soa" free="836923984" total="1712031744" percent="48" />
      <mem type="loa" free="109279232" total="109279232" percent="100" />
    </mem>
    <remembered-set count="36681" />
  </mem-info>
</gc-end>
<cycle-end id="3264" type="scavenge" contextid="3258" timestamp="2020-09-11T09:58:50.684" />
<allocation-satisfied id="3265" threadId="000000000084FB00" bytesRequested="213776" />
<af-end id="3266" timestamp="2020-09-11T09:58:50.684" threadId="0000000000850480" success="true" from="nursery"/>
<exclusive-end id="3267" timestamp="2020-09-11T09:58:50.684" durationms="102.647" />

<exclusive-start id="3268" timestamp="2020-09-11T09:58:52.561" intervalms="1979.684">
  <response-info timems="0.469" idlems="0.469" threads="0" lastid="000000000084FB00" lastname="Group1.Backend.CompositeBackend{Tier1}.8" />
</exclusive-start>
<af-start id="3269" threadId="0000000000850480" totalBytesRequested="664" timestamp="2020-09-11T09:58:52.562" intervalms="1979.809" type="nursery" />
<cycle-start id="3270" type="scavenge" contextid="0" timestamp="2020-09-11T09:58:52.562" intervalms="1979.856" />
<gc-start id="3271" type="scavenge" contextid="3270" timestamp="2020-09-11T09:58:52.563">
  <mem-info id="3272" free="946203216" total="2760835072" percent="34">
    <mem type="nursery" free="0" total="939524096" percent="0">
      <mem type="allocate" free="0" total="785645568" percent="0" />
      <mem type="survivor" free="0" total="153878528" percent="0" />
    </mem>
    <mem type="tenure" free="946203216" total="1821310976" percent="51">
      <mem type="soa" free="836923984" total="1712031744" percent="48" />
      <mem type="loa" free="109279232" total="109279232" percent="100" />
    </mem>
    <remembered-set count="196670" />
  </mem-info>
</gc-start>
<allocation-stats totalBytes="649472712" >
  <allocated-bytes non-tlh="29744784" tlh="619727928" />
  <largest-consumer threadName="Group1.Backend.CompositeBackend{Tier1}.3" threadId="000000000085F900" bytes="93311880" />
</allocation-stats>
<gc-op id="3273" type="scavenge" timems="104.337" contextid="3270" timestamp="2020-09-11T09:58:52.667">
  <scavenger-info tenureage="3" tenuremask="7ff8" tiltratio="83" />
  <memory-copied type="nursery" objects="4158888" bytes="110622696" bytesdiscarded="322352" />
  <memory-copied type="tenure" objects="1972389" bytes="53032488" bytesdiscarded="89656" />
  <ownableSynchronizers candidates="3869" cleared="3369" />
  <references type="soft" candidates="348" cleared="0" enqueued="0" dynamicThreshold="18" maxThreshold="32" />
  <references type="weak" candidates="92" cleared="92" enqueued="0" />
</gc-op>
<gc-end id="3274" type="scavenge" contextid="3270" durationms="105.191" usertimems="776.733" systemtimems="0.000" timestamp="2020-09-11T09:58:52.668" activeThreads="8">
  <mem-info id="3275" free="1568178112" total="2760835072" percent="56">
    <mem type="nursery" free="675140296" total="939524096" percent="71">
      <mem type="allocate" free="675140296" total="786169856" percent="85" />
      <mem type="survivor" free="0" total="153354240" percent="0" />
    </mem>
    <mem type="tenure" free="893037816" total="1821310976" percent="49" macro-fragmented="0">
      <mem type="soa" free="783758584" total="1712031744" percent="45" />
      <mem type="loa" free="109279232" total="109279232" percent="100" />
    </mem>
    <remembered-set count="28962" />
  </mem-info>
</gc-end>
<cycle-end id="3276" type="scavenge" contextid="3270" timestamp="2020-09-11T09:58:52.669" />
<allocation-satisfied id="3277" threadId="000000000084FB00" bytesRequested="664" />
<af-end id="3278" timestamp="2020-09-11T09:58:52.669" threadId="0000000000850480" success="true" from="nursery"/>
<exclusive-end id="3279" timestamp="2020-09-11T09:58:52.670" durationms="108.435" />

<exclusive-start id="3280" timestamp="2020-09-11T09:58:54.635" intervalms="2073.690">
  <response-info timems="0.399" idlems="0.399" threads="0" lastid="000000000086B200" lastname="Group1.Backend.CompositeBackend{Tier1}.4" />
</exclusive-start>
<af-start id="3281" threadId="000000000086BB80" totalBytesRequested="24" timestamp="2020-09-11T09:58:54.635" intervalms="2073.489" type="nursery" />
<cycle-start id="3282" type="scavenge" contextid="0" timestamp="2020-09-11T09:58:54.636" intervalms="2073.445" />
<gc-start id="3283" type="scavenge" contextid="3282" timestamp="2020-09-11T09:58:54.636">
  <mem-info id="3284" free="893037816" total="2760835072" percent="32">
    <mem type="nursery" free="0" total="939524096" percent="0">
      <mem type="allocate" free="0" total="786169856" percent="0" />
      <mem type="survivor" free="0" total="153354240" percent="0" />
    </mem>
    <mem type="tenure" free="893037816" total="1821310976" percent="49">
      <mem type="soa" free="783758584" total="1712031744" percent="45" />
      <mem type="loa" free="109279232" total="109279232" percent="100" />
    </mem>
    <remembered-set count="192599" />
  </mem-info>
</gc-start>
<allocation-stats totalBytes="674809288" >
  <allocated-bytes non-tlh="30340496" tlh="644468792" />
  <largest-consumer threadName="Group1.Backend.CompositeBackend{Tier1}.5" threadId="000000000087A000" bytes="86692920" />
</allocation-stats>
<gc-op id="3285" type="scavenge" timems="93.592" contextid="3282" timestamp="2020-09-11T09:58:54.730">
  <scavenger-info tenureage="3" tenuremask="7ff8" tiltratio="83" />
  <memory-copied type="nursery" objects="4009909" bytes="107417392" bytesdiscarded="209536" />
  <memory-copied type="tenure" objects="1055422" bytes="28374752" bytesdiscarded="53352" />
  <ownableSynchronizers candidates="3986" cleared="3592" />
  <references type="soft" candidates="356" cleared="0" enqueued="0" dynamicThreshold="18" maxThreshold="32" />
  <references type="weak" candidates="127" cleared="127" enqueued="0" />
</gc-op>
<gc-end id="3286" type="scavenge" contextid="3282" durationms="94.360" usertimems="701.614" systemtimems="8.291" timestamp="2020-09-11T09:58:54.730" activeThreads="8">
  <mem-info id="3287" free="1548883328" total="2760835072" percent="56">
    <mem type="nursery" free="684285952" total="939524096" percent="72">
      <mem type="allocate" free="684285952" total="792002560" percent="86" />
      <mem type="survivor" free="0" total="147521536" percent="0" />
    </mem>
    <mem type="tenure" free="864597376" total="1821310976" percent="47" macro-fragmented="0">
      <mem type="soa" free="755318144" total="1712031744" percent="44" />
      <mem type="loa" free="109279232" total="109279232" percent="100" />
    </mem>
    <remembered-set count="30562" />
  </mem-info>
</gc-end>
<cycle-end id="3288" type="scavenge" contextid="3282" timestamp="2020-09-11T09:58:54.731" />
<allocation-satisfied id="3289" threadId="000000000086B200" bytesRequested="24" />
<af-end id="3290" timestamp="2020-09-11T09:58:54.731" threadId="000000000086BB80" success="true" from="nursery"/>
<exclusive-end id="3291" timestamp="2020-09-11T09:58:54.731" durationms="96.510" />

<exclusive-start id="3292" timestamp="2020-09-11T09:58:56.661" intervalms="2025.760">
  <response-info timems="1.258" idlems="1.258" threads="0" lastid="000000000089C800" lastname="Group1.Backend.CompositeBackend{Tier1}.7" />
</exclusive-start>
<af-start id="3293" threadId="000000000089D180" totalBytesRequested="32" timestamp="2020-09-11T09:58:56.661" intervalms="2025.907" type="nursery" />
<cycle-start id="3294" type="scavenge" contextid="0" timestamp="2020-09-11T09:58:56.662" intervalms="2025.912" />
<gc-start id="3295" type="scavenge" contextid="3294" timestamp="2020-09-11T09:58:56.662">
  <mem-info id="3296" free="864597376" total="2760835072" percent="31">
    <mem type="nursery" free="0" total="939524096" percent="0">
      <mem type="allocate" free="0" total="792002560" percent="0" />
      <mem type="survivor" free="0" total="147521536" percent="0" />
    </mem>
    <mem type="tenure" free="864597376" total="1821310976" percent="47">
      <mem type="soa" free="755318144" total="1712031744" percent="44" />
      <mem type="loa" free="109279232" total="109279232" percent="100" />
    </mem>
    <remembered-set count="192149" />
  </mem-info>
</gc-start>
<allocation-stats totalBytes="683955720" >
  <allocated-bytes non-tlh="34401360" tlh="649554360" />
  <largest-consumer threadName="Group1.Backend.CompositeBackend{Tier1}.3" threadId="000000000085F900" bytes="88645872" />
</allocation-stats>
<gc-op id="3297" type="scavenge" timems="113.275" contextid="3294" timestamp="2020-09-11T09:58:56.775">
  <scavenger-info tenureage="3" tenuremask="7ff8" tiltratio="84" />
  <memory-copied type="nursery" objects="4282908" bytes="114201880" bytesdiscarded="154968" />
  <memory-copied type="tenure" objects="1009887" bytes="27147344" bytesdiscarded="46760" />
  <ownableSynchronizers candidates="3932" cleared="3556" />
  <references type="soft" candidates="373" cleared="0" enqueued="0" dynamicThreshold="18" maxThreshold="32" />
  <references type="weak" candidates="108" cleared="108" enqueued="0" />
</gc-op>
<gc-end id="3298" type="scavenge" contextid="3294" durationms="114.742" usertimems="870.009" systemtimems="2.771" timestamp="2020-09-11T09:58:56.776" activeThreads="8">
  <mem-info id="3299" free="1517421496" total="2760835072" percent="54">
    <mem type="nursery" free="679992760" total="939524096" percent="72">
      <mem type="allocate" free="679992760" total="794427392" percent="85" />
      <mem type="survivor" free="0" total="145096704" percent="0" />
    </mem>
    <mem type="tenure" free="837428736" total="1821310976" percent="45" macro-fragmented="0">
      <mem type="soa" free="728149504" total="1712031744" percent="42" />
      <mem type="loa" free="109279232" total="109279232" percent="100" />
    </mem>
    <remembered-set count="30844" />
  </mem-info>
</gc-end>
<cycle-end id="3300" type="scavenge" contextid="3294" timestamp="2020-09-11T09:58:56.777" />
<allocation-satisfied id="3301" threadId="000000000089C800" bytesRequested="32" />
<af-end id="3302" timestamp="2020-09-11T09:58:56.777" threadId="000000000089D180" success="true" from="nursery"/>
<exclusive-end id="3303" timestamp="2020-09-11T09:58:56.777" durationms="116.669" />

<exclusive-start id="3304" timestamp="2020-09-11T09:58:58.777" intervalms="2116.247">
  <response-info timems="0.778" idlems="0.778" threads="0" lastid="000000000087A000" lastname="Group1.Backend.CompositeBackend{Tier1}.5" />
</exclusive-start>
<af-start id="3305" threadId="000000000087A980" totalBytesRequested="664" timestamp="2020-09-11T09:58:58.778" intervalms="2116.477" type="nursery" />
<cycle-start id="3306" type="scavenge" contextid="0" timestamp="2020-09-11T09:58:58.778" intervalms="2116.503" />
<gc-start id="3307" type="scavenge" contextid="3306" timestamp="2020-09-11T09:58:58.778">
  <mem-info id="3308" free="837428736" total="2760835072" percent="30">
    <mem type="nursery" free="0" total="939524096" percent="0">
      <mem type="allocate" free="0" total="794427392" percent="0" />
      <mem type="survivor" free="0" total="145096704" percent="0" />
    </mem>
    <mem type="tenure" free="837428736" total="1821310976" percent="45">
      <mem type="soa" free="728149504" total="1712031744" percent="42" />
      <mem type="loa" free="109279232" total="109279232" percent="100" />
    </mem>
    <remembered-set count="194925" />
  </mem-info>
</gc-start>
<allocation-stats totalBytes="679660088" >
  <allocated-bytes non-tlh="28676912" tlh="650983176" />
  <largest-consumer threadName="Group1.Backend.CompositeBackend{Tier1}.2" threadId="00000000007C9200" bytes="96929784" />
</allocation-stats>
<gc-op id="3309" type="scavenge" timems="97.412" contextid="3306" timestamp="2020-09-11T09:58:58.876">
  <scavenger-info tenureage="3" tenuremask="7ff8" tiltratio="84" />
  <memory-copied type="nursery" objects="4035534" bytes="108302536" bytesdiscarded="172976" />
  <memory-copied type="tenure" objects="1055819" bytes="28383768" bytesdiscarded="64304" />
  <ownableSynchronizers candidates="4522" cleared="4114" />
  <references type="soft" candidates="404" cleared="0" enqueued="0" dynamicThreshold="18" maxThreshold="32" />
  <references type="weak" candidates="107" cleared="107" enqueued="0" />
</gc-op>
<gc-end id="3310" type="scavenge" contextid="3306" durationms="98.450" usertimems="742.788" systemtimems="5.104" timestamp="2020-09-11T09:58:58.877" activeThreads="8">
  <mem-info id="3311" free="1498010096" total="2760835072" percent="54">
    <mem type="nursery" free="689276928" total="939524096" percent="73">
      <mem type="allocate" free="689276928" total="797835264" percent="86" />
      <mem type="survivor" free="0" total="141688832" percent="0" />
    </mem>
    <mem type="tenure" free="808733168" total="1821310976" percent="44" macro-fragmented="0">
      <mem type="soa" free="699453936" total="1712031744" percent="40" />
      <mem type="loa" free="109279232" total="109279232" percent="100" />
    </mem>
    <remembered-set count="31900" />
  </mem-info>
</gc-end>
<cycle-end id="3312" type="scavenge" contextid="3306" timestamp="2020-09-11T09:58:58.878" />
<allocation-satisfied id="3313" threadId="000000000087A000" bytesRequested="664" />
<af-end id="3314" timestamp="2020-09-11T09:58:58.878" threadId="000000000087A980" success="true" from="nursery"/>
<exclusive-end id="3315" timestamp="2020-09-11T09:58:58.878" durationms="100.934" />

<exclusive-start id="3316" timestamp="2020-09-11T09:59:00.841" intervalms="2064.032">
  <response-info timems="1.833" idlems="1.833" threads="0" lastid="000000000085F900" lastname="Group1.Backend.CompositeBackend{Tier1}.3" />
</exclusive-start>
<af-start id="3317" threadId="0000000000860280" totalBytesRequested="16" timestamp="2020-09-11T09:59:00.842" intervalms="2063.812" type="nursery" />
<cycle-start id="3318" type="scavenge" contextid="0" timestamp="2020-09-11T09:59:00.842" intervalms="2063.784" />
<gc-start id="3319" type="scavenge" contextid="3318" timestamp="2020-09-11T09:59:00.842">
  <mem-info id="3320" free="808733168" total="2760835072" percent="29">
    <mem type="nursery" free="0" total="939524096" percent="0">
      <mem type="allocate" free="0" total="797835264" percent="0" />
      <mem type="survivor" free="0" total="141688832" percent="0" />
    </mem>
    <mem type="tenure" free="808733168" total="1821310976" percent="44">
      <mem type="soa" free="699453936" total="1712031744" percent="40" />
      <mem type="loa" free="109279232" total="109279232" percent="100" />
    </mem>
    <remembered-set count="193915" />
  </mem-info>
</gc-start>
<allocation-stats totalBytes="688941480" >
  <allocated-bytes non-tlh="35611392" tlh="653330088" />
  <largest-consumer threadName="Group1.Backend.CompositeBackend{Tier1}.4" threadId="000000000086B200" bytes="86850256" />
</allocation-stats>
<gc-op id="3321" type="scavenge" timems="109.291" contextid="3318" timestamp="2020-09-11T09:59:00.951">
  <scavenger-info tenureage="3" tenuremask="7ff8" tiltratio="84" />
  <memory-copied type="nursery" objects="4412902" bytes="116998960" bytesdiscarded="147856" />
  <memory-copied type="tenure" objects="1091418" bytes="29320584" bytesdiscarded="55504" />
  <ownableSynchronizers candidates="3511" cleared="3102" />
  <references type="soft" candidates="380" cleared="0" enqueued="0" dynamicThreshold="18" maxThreshold="32" />
  <references type="weak" candidates="128" cleared="128" enqueued="0" />
</gc-op>
<gc-end id="3322" type="scavenge" contextid="3318" durationms="110.165" usertimems="804.343" systemtimems="0.862" timestamp="2020-09-11T09:59:00.952" activeThreads="8">
  <mem-info id="3323" free="1460303152" total="2760835072" percent="52">
    <mem type="nursery" free="680798960" total="939524096" percent="72">
      <mem type="allocate" free="680798960" total="798031872" percent="85" />
      <mem type="survivor" free="0" total="141492224" percent="0" />
    </mem>
    <mem type="tenure" free="779504192" total="1821310976" percent="42" macro-fragmented="0">
      <mem type="soa" free="670224960" total="1712031744" percent="39" />
      <mem type="loa" free="109279232" total="109279232" percent="100" />
    </mem>
    <remembered-set count="30916" />
  </mem-info>
</gc-end>
<cycle-end id="3324" type="scavenge" contextid="3318" timestamp="2020-09-11T09:59:00.953" />
<allocation-satisfied id="3325" threadId="000000000085F900" bytesRequested="16" />
<af-end id="3326" timestamp="2020-09-11T09:59:00.953" threadId="0000000000860280" success="true" from="nursery"/>
<exclusive-end id="3327" timestamp="2020-09-11T09:59:00.953" durationms="112.044" />

<exclusive-start id="3328" timestamp="2020-09-11T09:59:02.907" intervalms="2065.830">
  <response-info timems="0.324" idlems="0.218" threads="1" lastid="000000000088D900" lastname="Group1.Backend.CompositeBackend{Tier1}.6" />
</exclusive-start>
<af-start id="3329" threadId="0000000000850480" totalBytesRequested="16" timestamp="2020-09-11T09:59:02.907" intervalms="2065.691" type="nursery" />
<cycle-start id="3330" type="scavenge" contextid="0" timestamp="2020-09-11T09:59:02.907" intervalms="2065.680" />
<gc-start id="3331" type="scavenge" contextid="3330" timestamp="2020-09-11T09:59:02.908">
  <mem-info id="3332" free="779504192" total="2760835072" percent="28">
    <mem type="nursery" free="0" total="939524096" percent="0">
      <mem type="allocate" free="0" total="798031872" percent="0" />
      <mem type="survivor" free="0" total="141492224" percent="0" />
    </mem>
    <mem type="tenure" free="779504192" total="1821310976" percent="42">
      <mem type="soa" free="670224960" total="1712031744" percent="39" />
      <mem type="loa" free="109279232" total="109279232" percent="100" />
    </mem>
    <remembered-set count="192281" />
  </mem-info>
</gc-start>
<allocation-stats totalBytes="680469632" >
  <allocated-bytes non-tlh="33422968" tlh="647046664" />
  <largest-consumer threadName="Group1.Backend.CompositeBackend{Tier1}.8" threadId="000000000084FB00" bytes="84622696" />
</allocation-stats>
<gc-op id="3333" type="scavenge" timems="95.964" contextid="3330" timestamp="2020-09-11T09:59:03.004">
  <scavenger-info tenureage="3" tenuremask="7ff8" tiltratio="84" />
  <memory-copied type="nursery" objects="4047507" bytes="108738888" bytesdiscarded="143280" />
  <memory-copied type="tenure" objects="1074620" bytes="28875760" bytesdiscarded="55512" />
  <ownableSynchronizers candidates="4806" cleared="4382" />
  <references type="soft" candidates="385" cleared="0" enqueued="0" dynamicThreshold="18" maxThreshold="32" />
  <references type="weak" candidates="128" cleared="128" enqueued="0" />
</gc-op>
<gc-end id="3334" type="scavenge" contextid="3330" durationms="96.719" usertimems="693.814" systemtimems="0.000" timestamp="2020-09-11T09:59:03.004" activeThreads="8">
  <mem-info id="3335" free="1441813176" total="2760835072" percent="52">
    <mem type="nursery" free="691162880" total="939524096" percent="73">
      <mem type="allocate" free="691162880" total="800129024" percent="86" />
      <mem type="survivor" free="0" total="139395072" percent="0" />
    </mem>
    <mem type="tenure" free="750650296" total="1821310976" percent="41" macro-fragmented="0">
      <mem type="soa" free="641371064" total="1712031744" percent="37" />
      <mem type="loa" free="109279232" total="109279232" percent="100" />
    </mem>
    <remembered-set count="30074" />
  </mem-info>
</gc-end>
<cycle-end id="3336" type="scavenge" contextid="3330" timestamp="2020-09-11T09:59:03.008" />
<allocation-satisfied id="3337" threadId="000000000084FB00" bytesRequested="16" />
<af-end id="3338" timestamp="2020-09-11T09:59:03.008" threadId="0000000000850480" success="true" from="nursery"/>
<exclusive-end id="3339" timestamp="2020-09-11T09:59:03.008" durationms="101.659" />

<exclusive-start id="3340" timestamp="2020-09-11T09:59:05.060" intervalms="2153.359">
  <response-info timems="0.287" idlems="0.287" threads="0" lastid="000000000085F900" lastname="Group1.Backend.CompositeBackend{Tier1}.3" />
</exclusive-start>
<af-start id="3341" threadId="0000000000860280" totalBytesRequested="266632" timestamp="2020-09-11T09:59:05.061" intervalms="2153.524" type="nursery" />
<cycle-start id="3342" type="scavenge" contextid="0" timestamp="2020-09-11T09:59:05.061" intervalms="2153.545" />
<gc-start id="3343" type="scavenge" contextid="3342" timestamp="2020-09-11T09:59:05.061">
  <mem-info id="3344" free="750895920" total="2760835072" percent="27">
    <mem type="nursery" free="245624" total="939524096" percent="0">
      <mem type="allocate" free="245624" total="800129024" percent="0" />
      <mem type="survivor" free="0" total="139395072" percent="0" />
    </mem>
    <mem type="tenure" free="750650296" total="1821310976" percent="41">
      <mem type="soa" free="641371064" total="1712031744" percent="37" />
      <mem type="loa" free="109279232" total="109279232" percent="100" />
    </mem>
    <remembered-set count="193486" />
  </mem-info>
</gc-start>
<allocation-stats totalBytes="690596568" >
  <allocated-bytes non-tlh="32198536" tlh="658398032" />
  <largest-consumer threadName="Group1.Backend.CompositeBackend{Tier1}.8" threadId="000000000084FB00" bytes="109949480" />
</allocation-stats>
<gc-op id="3345" type="scavenge" timems="95.400" contextid="3342" timestamp="2020-09-11T09:59:05.157">
  <scavenger-info tenureage="3" tenuremask="7ff8" tiltratio="85" />
  <memory-copied type="nursery" objects="4258952" bytes="113544176" bytesdiscarded="143080" />
  <memory-copied type="tenure" objects="1104124" bytes="29675608" bytesdiscarded="70664" />
  <ownableSynchronizers candidates="3516" cleared="3101" />
  <references type="soft" candidates="369" cleared="0" enqueued="0" dynamicThreshold="18" maxThreshold="32" />
  <references type="weak" candidates="118" cleared="118" enqueued="0" />
</gc-op>
<gc-end id="3346" type="scavenge" contextid="3342" durationms="96.167" usertimems="714.955" systemtimems="0.000" timestamp="2020-09-11T09:59:05.157" activeThreads="8">
  <mem-info id="3347" free="1408368984" total="2760835072" percent="51">
    <mem type="nursery" free="687729984" total="939524096" percent="73">
      <mem type="allocate" free="687729984" total="801505280" percent="85" />
      <mem type="survivor" free="0" total="138018816" percent="0" />
    </mem>
    <mem type="tenure" free="720639000" total="1821310976" percent="39" macro-fragmented="0">
      <mem type="soa" free="611359768" total="1712031744" percent="35" />
      <mem type="loa" free="109279232" total="109279232" percent="100" />
    </mem>
    <remembered-set count="30251" />
  </mem-info>
</gc-end>
<cycle-end id="3348" type="scavenge" contextid="3342" timestamp="2020-09-11T09:59:05.158" />
<allocation-satisfied id="3349" threadId="000000000085F900" bytesRequested="266632" />
<af-end id="3350" timestamp="2020-09-11T09:59:05.158" threadId="0000000000860280" success="true" from="nursery"/>
<exclusive-end id="3351" timestamp="2020-09-11T09:59:05.158" durationms="98.066" />

<exclusive-start id="3352" timestamp="2020-09-11T09:59:07.233" intervalms="2172.774">
  <response-info timems="0.285" idlems="0.285" threads="0" lastid="000000000088D900" lastname="Group1.Backend.CompositeBackend{Tier1}.6" />
</exclusive-start>
<af-start id="3353" threadId="000000000088E280" totalBytesRequested="32" timestamp="2020-09-11T09:59:07.234" intervalms="2172.641" type="nursery" />
<cycle-start id="3354" type="scavenge" contextid="0" timestamp="2020-09-11T09:59:07.234" intervalms="2172.621" />
<gc-start id="3355" type="scavenge" contextid="3354" timestamp="2020-09-11T09:59:07.234">
  <mem-info id="3356" free="720638208" total="2760835072" percent="26">
    <mem type="nursery" free="0" total="939524096" percent="0">
      <mem type="allocate" free="0" total="801505280" percent="0" />
      <mem type="survivor" free="0" total="138018816" percent="0" />
    </mem>
    <mem type="tenure" free="720638208" total="1821310976" percent="39">
      <mem type="soa" free="611358976" total="1712031744" percent="35" />
      <mem type="loa" free="109279232" total="109279232" percent="100" />
    </mem>
    <remembered-set count="197780" />
  </mem-info>
</gc-start>
<allocation-stats totalBytes="687413384" >
  <allocated-bytes non-tlh="27022288" tlh="660391096" />
  <largest-consumer threadName="Group1.Backend.CompositeBackend{Tier1}.4" threadId="000000000086B200" bytes="101310264" />
</allocation-stats>
<gc-op id="3357" type="scavenge" timems="94.980" contextid="3354" timestamp="2020-09-11T09:59:07.329">
  <scavenger-info tenureage="3" tenuremask="7ff8" tiltratio="85" />
  <memory-copied type="nursery" objects="4129460" bytes="110804648" bytesdiscarded="142536" />
  <memory-copied type="tenure" objects="1072482" bytes="28955368" bytesdiscarded="63328" />
  <ownableSynchronizers candidates="3642" cleared="3242" />
  <references type="soft" candidates="411" cleared="0" enqueued="0" dynamicThreshold="18" maxThreshold="32" />
  <references type="weak" candidates="117" cleared="112" enqueued="1" />
</gc-op>
<gc-end id="3358" type="scavenge" contextid="3354" durationms="95.800" usertimems="693.328" systemtimems="3.770" timestamp="2020-09-11T09:59:07.330" activeThreads="8">
  <mem-info id="3359" free="1384331360" total="2760835072" percent="50">
    <mem type="nursery" free="692637440" total="939524096" percent="73">
      <mem type="allocate" free="692637440" total="803667968" percent="86" />
      <mem type="survivor" free="0" total="135856128" percent="0" />
    </mem>
    <mem type="tenure" free="691693920" total="1821310976" percent="37" macro-fragmented="0">
      <mem type="soa" free="582414688" total="1712031744" percent="34" />
      <mem type="loa" free="109279232" total="109279232" percent="100" />
    </mem>
    <pending-finalizers system="0" default="0" reference="1" classloader="0" />
    <remembered-set count="31705" />
  </mem-info>
</gc-end>
<cycle-end id="3360" type="scavenge" contextid="3354" timestamp="2020-09-11T09:59:07.330" />
<allocation-satisfied id="3361" threadId="000000000088D900" bytesRequested="32" />
<af-end id="3362" timestamp="2020-09-11T09:59:07.331" threadId="000000000088E280" success="true" from="nursery"/>
<exclusive-end id="3363" timestamp="2020-09-11T09:59:07.331" durationms="97.632" />

<exclusive-start id="3364" timestamp="2020-09-11T09:59:09.271" intervalms="2037.865">
  <response-info timems="0.547" idlems="0.547" threads="0" lastid="000000000085F900" lastname="Group1.Backend.CompositeBackend{Tier1}.3" />
</exclusive-start>
<af-start id="3365" threadId="0000000000860280" totalBytesRequested="1032" timestamp="2020-09-11T09:59:09.271" intervalms="2037.897" type="nursery" />
<cycle-start id="3366" type="scavenge" contextid="0" timestamp="2020-09-11T09:59:09.272" intervalms="2037.948" />
<gc-start id="3367" type="scavenge" contextid="3366" timestamp="2020-09-11T09:59:09.272">
  <mem-info id="3368" free="691693920" total="2760835072" percent="25">
    <mem type="nursery" free="0" total="939524096" percent="0">
      <mem type="allocate" free="0" total="803667968" percent="0" />
      <mem type="survivor" free="0" total="135856128" percent="0" />
    </mem>
    <mem type="tenure" free="691693920" total="1821310976" percent="37">
      <mem type="soa" free="582414688" total="1712031744" percent="34" />
      <mem type="loa" free="109279232" total="109279232" percent="100" />
    </mem>
    <remembered-set count="192912" />
  </mem-info>
</gc-start>
<allocation-stats totalBytes="692307360" >
  <allocated-bytes non-tlh="37159040" tlh="655148320" />
  <largest-consumer threadName="Group1.Backend.CompositeBackend{Tier1}.1" threadId="000000000078AB00" bytes="102044592" />
</allocation-stats>
<gc-op id="3369" type="scavenge" timems="87.126" contextid="3366" timestamp="2020-09-11T09:59:09.359">
  <scavenger-info tenureage="3" tenuremask="7ff8" tiltratio="85" />
  <memory-copied type="nursery" objects="4112565" bytes="110265928" bytesdiscarded="249584" />
  <memory-copied type="tenure" objects="1079255" bytes="29015656" bytesdiscarded="64448" />
  <ownableSynchronizers candidates="4547" cleared="4116" />
  <references type="soft" candidates="418" cleared="0" enqueued="0" dynamicThreshold="18" maxThreshold="32" />
  <references type="weak" candidates="114" cleared="108" enqueued="0" />
</gc-op>
<gc-end id="3370" type="scavenge" contextid="3366" durationms="87.985" usertimems="677.392" systemtimems="2.381" timestamp="2020-09-11T09:59:09.360" activeThreads="8">
  <mem-info id="3371" free="1357919136" total="2760835072" percent="49">
    <mem type="nursery" free="695432192" total="939524096" percent="74">
      <mem type="allocate" free="695432192" total="806027264" percent="86" />
      <mem type="survivor" free="0" total="133496832" percent="0" />
    </mem>
    <mem type="tenure" free="662486944" total="1821310976" percent="36" macro-fragmented="0">
      <mem type="soa" free="553207712" total="1712031744" percent="32" />
      <mem type="loa" free="109279232" total="109279232" percent="100" />
    </mem>
    <remembered-set count="32362" />
  </mem-info>
</gc-end>
<cycle-end id="3372" type="scavenge" contextid="3366" timestamp="2020-09-11T09:59:09.361" />
<allocation-satisfied id="3373" threadId="000000000085F900" bytesRequested="1032" />
<af-end id="3374" timestamp="2020-09-11T09:59:09.361" threadId="0000000000860280" success="true" from="nursery"/>
<exclusive-end id="3375" timestamp="2020-09-11T09:59:09.361" durationms="89.965" />

<exclusive-start id="3376" timestamp="2020-09-11T09:59:11.364" intervalms="2092.758">
  <response-info timems="0.483" idlems="0.483" threads="0" lastid="000000000078AB00" lastname="Group1.Backend.CompositeBackend{Tier1}.1" />
</exclusive-start>
<af-start id="3377" threadId="000000000078B480" totalBytesRequested="16" timestamp="2020-09-11T09:59:11.364" intervalms="2092.726" type="nursery" />
<cycle-start id="3378" type="scavenge" contextid="0" timestamp="2020-09-11T09:59:11.364" intervalms="2092.682" />
<gc-start id="3379" type="scavenge" contextid="3378" timestamp="2020-09-11T09:59:11.365">
  <mem-info id="3380" free="662486944" total="2760835072" percent="23">
    <mem type="nursery" free="0" total="939524096" percent="0">
      <mem type="allocate" free="0" total="806027264" percent="0" />
      <mem type="survivor" free="0" total="133496832" percent="0" />
    </mem>
    <mem type="tenure" free="662486944" total="1821310976" percent="36">
      <mem type="soa" free="553207712" total="1712031744" percent="32" />
      <mem type="loa" free="109279232" total="109279232" percent="100" />
    </mem>
    <remembered-set count="195730" />
  </mem-info>
</gc-start>
<allocation-stats totalBytes="695078648" >
  <allocated-bytes non-tlh="34551096" tlh="660527552" />
  <largest-consumer threadName="Group1.Backend.CompositeBackend{Tier1}.7" threadId="000000000089C800" bytes="89382864" />
</allocation-stats>
<gc-op id="3381" type="scavenge" timems="111.417" contextid="3378" timestamp="2020-09-11T09:59:11.476">
  <scavenger-info tenureage="3" tenuremask="7ff8" tiltratio="85" />
  <memory-copied type="nursery" objects="4509761" bytes="120165856" bytesdiscarded="297072" />
  <memory-copied type="tenure" objects="1101514" bytes="29600336" bytesdiscarded="65360" />
  <ownableSynchronizers candidates="4606" cleared="4179" />
  <references type="soft" candidates="424" cleared="0" enqueued="0" dynamicThreshold="18" maxThreshold="32" />
  <references type="weak" candidates="117" cleared="112" enqueued="0" />
</gc-op>
<gc-end id="3382" type="scavenge" contextid="3378" durationms="112.507" usertimems="794.746" systemtimems="3.234" timestamp="2020-09-11T09:59:11.477" activeThreads="8">
  <mem-info id="3383" free="1308791936" total="2760835072" percent="47">
    <mem type="nursery" free="675716200" total="939524096" percent="71">
      <mem type="allocate" free="675716200" total="796262400" percent="84" />
      <mem type="survivor" free="0" total="143261696" percent="0" />
    </mem>
    <mem type="tenure" free="633075736" total="1821310976" percent="34" macro-fragmented="0">
      <mem type="soa" free="523796504" total="1712031744" percent="30" />
      <mem type="loa" free="109279232" total="109279232" percent="100" />
    </mem>
    <remembered-set count="31965" />
  </mem-info>
</gc-end>
<cycle-end id="3384" type="scavenge" contextid="3378" timestamp="2020-09-11T09:59:11.478" />
<allocation-satisfied id="3385" threadId="000000000078AB00" bytesRequested="16" />
<af-end id="3386" timestamp="2020-09-11T09:59:11.478" threadId="000000000078B480" success="true" from="nursery"/>
<exclusive-end id="3387" timestamp="2020-09-11T09:59:11.478" durationms="114.702" />

<exclusive-start id="3388" timestamp="2020-09-11T09:59:13.482" intervalms="2118.519">
  <response-info timems="0.393" idlems="0.205" threads="1" lastid="000000000078AB00" lastname="Group1.Backend.CompositeBackend{Tier1}.1" />
</exclusive-start>
<af-start id="3389" threadId="000000000086BB80" totalBytesRequested="944" timestamp="2020-09-11T09:59:13.483" intervalms="2118.594" type="nursery" />
<cycle-start id="3390" type="scavenge" contextid="0" timestamp="2020-09-11T09:59:13.483" intervalms="2118.601" />
<gc-start id="3391" type="scavenge" contextid="3390" timestamp="2020-09-11T09:59:13.483">
  <mem-info id="3392" free="633075736" total="2760835072" percent="22">
    <mem type="nursery" free="0" total="939524096" percent="0">
      <mem type="allocate" free="0" total="796262400" percent="0" />
      <mem type="survivor" free="0" total="143261696" percent="0" />
    </mem>
    <mem type="tenure" free="633075736" total="1821310976" percent="34">
      <mem type="soa" free="523796504" total="1712031744" percent="30" />
      <mem type="loa" free="109279232" total="109279232" percent="100" />
    </mem>
    <remembered-set count="196238" />
  </mem-info>
</gc-start>
<allocation-stats totalBytes="675387272" >
  <allocated-bytes non-tlh="27646544" tlh="647740728" />
  <largest-consumer threadName="Group1.Backend.CompositeBackend{Tier1}.4" threadId="000000000086B200" bytes="93095728" />
</allocation-stats>
<gc-op id="3393" type="scavenge" timems="96.192" contextid="3390" timestamp="2020-09-11T09:59:13.579">
  <scavenger-info tenureage="3" tenuremask="7ff8" tiltratio="84" />
  <memory-copied type="nursery" objects="4123794" bytes="110509384" bytesdiscarded="139176" />
  <memory-copied type="tenure" objects="1116173" bytes="29991144" bytesdiscarded="76192" />
  <ownableSynchronizers candidates="3730" cleared="3303" />
  <references type="soft" candidates="378" cleared="0" enqueued="0" dynamicThreshold="18" maxThreshold="32" />
  <references type="weak" candidates="117" cleared="117" enqueued="0" />
</gc-op>
<gc-end id="3394" type="scavenge" contextid="3390" durationms="97.138" usertimems="749.752" systemtimems="3.789" timestamp="2020-09-11T09:59:13.580" activeThreads="8">
  <mem-info id="3395" free="1290065616" total="2760835072" percent="46">
    <mem type="nursery" free="687229184" total="939524096" percent="73">
      <mem type="allocate" free="687229184" total="797966336" percent="86" />
      <mem type="survivor" free="0" total="141557760" percent="0" />
    </mem>
    <mem type="tenure" free="602836432" total="1821310976" percent="33" macro-fragmented="0">
      <mem type="soa" free="493557200" total="1712031744" percent="28" />
      <mem type="loa" free="109279232" total="109279232" percent="100" />
    </mem>
    <remembered-set count="31494" />
  </mem-info>
</gc-end>
<cycle-end id="3396" type="scavenge" contextid="3390" timestamp="2020-09-11T09:59:13.581" />
<allocation-satisfied id="3397" threadId="000000000086B200" bytesRequested="944" />
<af-end id="3398" timestamp="2020-09-11T09:59:13.581" threadId="000000000086BB80" success="true" from="nursery"/>
<exclusive-end id="3399" timestamp="2020-09-11T09:59:13.581" durationms="99.083" />

<exclusive-start id="3400" timestamp="2020-09-11T09:59:15.521" intervalms="2038.492">
  <response-info timems="1.458" idlems="1.458" threads="0" lastid="00000000007C9200" lastname="Group1.Backend.CompositeBackend{Tier1}.2" />
</exclusive-start>
<af-start id="3401" threadId="00000000007C9B80" totalBytesRequested="32" timestamp="2020-09-11T09:59:15.521" intervalms="2038.442" type="nursery" />
<cycle-start id="3402" type="scavenge" contextid="0" timestamp="2020-09-11T09:59:15.521" intervalms="2038.429" />
<gc-start id="3403" type="scavenge" contextid="3402" timestamp="2020-09-11T09:59:15.522">
  <mem-info id="3404" free="602836432" total="2760835072" percent="21">
    <mem type="nursery" free="0" total="939524096" percent="0">
      <mem type="allocate" free="0" total="797966336" percent="0" />
      <mem type="survivor" free="0" total="141557760" percent="0" />
    </mem>
    <mem type="tenure" free="602836432" total="1821310976" percent="33">
      <mem type="soa" free="493557200" total="1712031744" percent="28" />
      <mem type="loa" free="109279232" total="109279232" percent="100" />
    </mem>
    <remembered-set count="192637" />
  </mem-info>
</gc-start>
<allocation-stats totalBytes="686881992" >
  <allocated-bytes non-tlh="34855128" tlh="652026864" />
  <largest-consumer threadName="Group1.Backend.CompositeBackend{Tier1}.7" threadId="000000000089C800" bytes="97156664" />
</allocation-stats>
<gc-op id="3405" type="scavenge" timems="86.502" contextid="3402" timestamp="2020-09-11T09:59:15.608">
  <scavenger-info tenureage="3" tenuremask="7ff8" tiltratio="84" />
  <memory-copied type="nursery" objects="4319045" bytes="114850464" bytesdiscarded="151408" />
  <memory-copied type="tenure" objects="1062733" bytes="28564328" bytesdiscarded="88888" />
  <ownableSynchronizers candidates="4206" cleared="3775" />
  <references type="soft" candidates="365" cleared="0" enqueued="0" dynamicThreshold="18" maxThreshold="32" />
  <references type="weak" candidates="113" cleared="113" enqueued="0" />
</gc-op>
<gc-end id="3406" type="scavenge" contextid="3402" durationms="87.370" usertimems="678.235" systemtimems="4.245" timestamp="2020-09-11T09:59:15.609" activeThreads="8">
  <mem-info id="3407" free="1258734360" total="2760835072" percent="45">
    <mem type="nursery" free="684516824" total="939524096" percent="72">
      <mem type="allocate" free="684516824" total="799604736" percent="85" />
      <mem type="survivor" free="0" total="139919360" percent="0" />
    </mem>
    <mem type="tenure" free="574217536" total="1821310976" percent="31" macro-fragmented="0">
      <mem type="soa" free="464938304" total="1712031744" percent="27" />
      <mem type="loa" free="109279232" total="109279232" percent="100" />
    </mem>
    <remembered-set count="30658" />
  </mem-info>
</gc-end>
<cycle-end id="3408" type="scavenge" contextid="3402" timestamp="2020-09-11T09:59:15.610" />
<allocation-satisfied id="3409" threadId="00000000007C9200" bytesRequested="32" />
<af-end id="3410" timestamp="2020-09-11T09:59:15.610" threadId="00000000007C9B80" success="true" from="nursery"/>
<exclusive-end id="3411" timestamp="2020-09-11T09:59:15.610" durationms="89.223" />

<exclusive-start id="3412" timestamp="2020-09-11T09:59:17.648" intervalms="2127.001">
  <response-info timems="0.388" idlems="0.388" threads="0" lastid="000000000089C800" lastname="Group1.Backend.CompositeBackend{Tier1}.7" />
</exclusive-start>
<af-start id="3413" threadId="000000000089D180" totalBytesRequested="24" timestamp="2020-09-11T09:59:17.648" intervalms="2127.031" type="nursery" />
<cycle-start id="3414" type="scavenge" contextid="0" timestamp="2020-09-11T09:59:17.648" intervalms="2127.076" />
<gc-start id="3415" type="scavenge" contextid="3414" timestamp="2020-09-11T09:59:17.649">
  <mem-info id="3416" free="574217536" total="2760835072" percent="20">
    <mem type="nursery" free="0" total="939524096" percent="0">
      <mem type="allocate" free="0" total="799604736" percent="0" />
      <mem type="survivor" free="0" total="139919360" percent="0" />
    </mem>
    <mem type="tenure" free="574217536" total="1821310976" percent="31">
      <mem type="soa" free="464938304" total="1712031744" percent="27" />
      <mem type="loa" free="109279232" total="109279232" percent="100" />
    </mem>
    <remembered-set count="195507" />
  </mem-info>
</gc-start>
<allocation-stats totalBytes="684185912" >
  <allocated-bytes non-tlh="29068040" tlh="655117872" />
  <largest-consumer threadName="Group1.Backend.CompositeBackend{Tier1}.3" threadId="000000000085F900" bytes="83724248" />
</allocation-stats>
<gc-op id="3417" type="scavenge" timems="91.283" contextid="3414" timestamp="2020-09-11T09:59:17.740">
  <scavenger-info tenureage="3" tenuremask="7ff8" tiltratio="85" />
  <memory-copied type="nursery" objects="4053610" bytes="108877280" bytesdiscarded="213736" />
  <memory-copied type="tenure" objects="1095245" bytes="29434976" bytesdiscarded="75072" />
  <ownableSynchronizers candidates="4665" cleared="4245" />
  <references type="soft" candidates="361" cleared="0" enqueued="0" dynamicThreshold="18" maxThreshold="32" />
  <references type="weak" candidates="126" cleared="126" enqueued="0" />
</gc-op>
<gc-end id="3418" type="scavenge" contextid="3414" durationms="92.335" usertimems="701.887" systemtimems="0.259" timestamp="2020-09-11T09:59:17.741" activeThreads="8">
  <mem-info id="3419" free="1237336928" total="2760835072" percent="44">
    <mem type="nursery" free="692661760" total="939524096" percent="73">
      <mem type="allocate" free="692661760" total="801832960" percent="86" />
      <mem type="survivor" free="0" total="137691136" percent="0" />
    </mem>
    <mem type="tenure" free="544675168" total="1821310976" percent="29" macro-fragmented="0">
      <mem type="soa" free="435395936" total="1712031744" percent="25" />
      <mem type="loa" free="109279232" total="109279232" percent="100" />
    </mem>
    <remembered-set count="30241" />
  </mem-info>
</gc-end>
<cycle-end id="3420" type="scavenge" contextid="3414" timestamp="2020-09-11T09:59:17.742" />
<allocation-satisfied id="3421" threadId="000000000089C800" bytesRequested="24" />
<af-end id="3422" timestamp="2020-09-11T09:59:17.742" threadId="000000000089D180" success="true" from="nursery"/>
<exclusive-end id="3423" timestamp="2020-09-11T09:59:17.742" durationms="94.710" />

<exclusive-start id="3424" timestamp="2020-09-11T09:59:19.736" intervalms="2088.281">
  <response-info timems="0.583" idlems="0.583" threads="0" lastid="00000000007C9200" lastname="Group1.Backend.CompositeBackend{Tier1}.2" />
</exclusive-start>
<af-start id="3425" threadId="00000000007C9B80" totalBytesRequested="120" timestamp="2020-09-11T09:59:19.737" intervalms="2088.546" type="nursery" />
<cycle-start id="3426" type="scavenge" contextid="0" timestamp="2020-09-11T09:59:19.737" intervalms="2088.563" />
<gc-start id="3427" type="scavenge" contextid="3426" timestamp="2020-09-11T09:59:19.737">
  <mem-info id="3428" free="544675168" total="2760835072" percent="19">
    <mem type="nursery" free="0" total="939524096" percent="0">
      <mem type="allocate" free="0" total="801832960" percent="0" />
      <mem type="survivor" free="0" total="137691136" percent="0" />
    </mem>
    <mem type="tenure" free="544675168" total="1821310976" percent="29">
      <mem type="soa" free="435395936" total="1712031744" percent="25" />
      <mem type="loa" free="109279232" total="109279232" percent="100" />
    </mem>
    <remembered-set count="192944" />
  </mem-info>
</gc-start>
<allocation-stats totalBytes="692310032" >
  <allocated-bytes non-tlh="36289176" tlh="656020856" />
  <largest-consumer threadName="Group1.Backend.CompositeBackend{Tier1}.4" threadId="000000000086B200" bytes="92150280" />
</allocation-stats>
<gc-op id="3429" type="scavenge" timems="88.875" contextid="3426" timestamp="2020-09-11T09:59:19.826">
  <scavenger-info tenureage="3" tenuremask="7ff8" tiltratio="85" />
  <memory-copied type="nursery" objects="4137518" bytes="111147776" bytesdiscarded="175176" />
  <memory-copied type="tenure" objects="1115191" bytes="29994360" bytesdiscarded="80712" />
  <ownableSynchronizers candidates="4195" cleared="3777" />
  <references type="soft" candidates="380" cleared="0" enqueued="0" dynamicThreshold="18" maxThreshold="32" />
  <references type="weak" candidates="102" cleared="102" enqueued="0" />
</gc-op>
<gc-end id="3430" type="scavenge" contextid="3426" durationms="90.044" usertimems="688.856" systemtimems="1.369" timestamp="2020-09-11T09:59:19.827" activeThreads="8">
  <mem-info id="3431" free="1207243416" total="2760835072" percent="43">
    <mem type="nursery" free="692591624" total="939524096" percent="73">
      <mem type="allocate" free="692591624" total="803995648" percent="86" />
      <mem type="survivor" free="0" total="135528448" percent="0" />
    </mem>
    <mem type="tenure" free="514651792" total="1821310976" percent="28" macro-fragmented="0">
      <mem type="soa" free="405372560" total="1712031744" percent="23" />
      <mem type="loa" free="109279232" total="109279232" percent="100" />
    </mem>
    <remembered-set count="30618" />
  </mem-info>
</gc-end>
<cycle-end id="3432" type="scavenge" contextid="3426" timestamp="2020-09-11T09:59:19.828" />
<allocation-satisfied id="3433" threadId="00000000007C9200" bytesRequested="120" />
<af-end id="3434" timestamp="2020-09-11T09:59:19.828" threadId="00000000007C9B80" success="true" from="nursery"/>
<exclusive-end id="3435" timestamp="2020-09-11T09:59:19.828" durationms="92.374" />

<exclusive-start id="3436" timestamp="2020-09-11T09:59:21.753" intervalms="2017.471">
  <response-info timems="1.151" idlems="1.151" threads="0" lastid="000000000078AB00" lastname="Group1.Backend.CompositeBackend{Tier1}.1" />
</exclusive-start>
<af-start id="3437" threadId="000000000078B480" totalBytesRequested="16" timestamp="2020-09-11T09:59:21.754" intervalms="2017.254" type="nursery" />
<cycle-start id="3438" type="scavenge" contextid="0" timestamp="2020-09-11T09:59:21.754" intervalms="2017.201" />
<gc-start id="3439" type="scavenge" contextid="3438" timestamp="2020-09-11T09:59:21.754">
  <mem-info id="3440" free="514651792" total="2760835072" percent="18">
    <mem type="nursery" free="0" total="939524096" percent="0">
      <mem type="allocate" free="0" total="803995648" percent="0" />
      <mem type="survivor" free="0" total="135528448" percent="0" />
    </mem>
    <mem type="tenure" free="514651792" total="1821310976" percent="28">
      <mem type="soa" free="405372560" total="1712031744" percent="23" />
      <mem type="loa" free="109279232" total="109279232" percent="100" />
    </mem>
    <remembered-set count="190918" />
  </mem-info>
</gc-start>
<allocation-stats totalBytes="692260776" >
  <allocated-bytes non-tlh="35760904" tlh="656499872" />
  <largest-consumer threadName="Group1.Backend.CompositeBackend{Tier1}.3" threadId="000000000085F900" bytes="94988536" />
</allocation-stats>
<gc-op id="3441" type="scavenge" timems="91.278" contextid="3438" timestamp="2020-09-11T09:59:21.846">
  <scavenger-info tenureage="3" tenuremask="7ff8" tiltratio="85" />
  <memory-copied type="nursery" objects="4262172" bytes="113476336" bytesdiscarded="257864" />
  <memory-copied type="tenure" objects="1067751" bytes="28714544" bytesdiscarded="84432" />
  <ownableSynchronizers candidates="4063" cleared="3640" />
  <references type="soft" candidates="366" cleared="0" enqueued="0" dynamicThreshold="18" maxThreshold="32" />
  <references type="weak" candidates="128" cleared="128" enqueued="0" />
</gc-op>
<gc-end id="3442" type="scavenge" contextid="3438" durationms="92.163" usertimems="699.966" systemtimems="0.000" timestamp="2020-09-11T09:59:21.846" activeThreads="8">
  <mem-info id="3443" free="1177218304" total="2760835072" percent="42">
    <mem type="nursery" free="691294448" total="939524096" percent="73">
      <mem type="allocate" free="691294448" total="805109760" percent="85" />
      <mem type="survivor" free="0" total="134414336" percent="0" />
    </mem>
    <mem type="tenure" free="485923856" total="1821310976" percent="26" macro-fragmented="0">
      <mem type="soa" free="376644624" total="1712031744" percent="21" />
      <mem type="loa" free="109279232" total="109279232" percent="100" />
    </mem>
    <remembered-set count="30046" />
  </mem-info>
</gc-end>
<cycle-end id="3444" type="scavenge" contextid="3438" timestamp="2020-09-11T09:59:21.847" />
<allocation-satisfied id="3445" threadId="000000000078AB00" bytesRequested="16" />
<af-end id="3446" timestamp="2020-09-11T09:59:21.847" threadId="000000000078B480" success="true" from="nursery"/>
<exclusive-end id="3447" timestamp="2020-09-11T09:59:21.847" durationms="94.078" />

<exclusive-start id="3448" timestamp="2020-09-11T09:59:23.917" intervalms="2163.383">
  <response-info timems="0.372" idlems="0.372" threads="0" lastid="00000000007C9200" lastname="Group1.Backend.CompositeBackend{Tier1}.2" />
</exclusive-start>
<af-start id="3449" threadId="00000000007C9B80" totalBytesRequested="80" timestamp="2020-09-11T09:59:23.917" intervalms="2163.320" type="nursery" />
<cycle-start id="3450" type="scavenge" contextid="0" timestamp="2020-09-11T09:59:23.917" intervalms="2163.324" />
<gc-start id="3451" type="scavenge" contextid="3450" timestamp="2020-09-11T09:59:23.918">
  <mem-info id="3452" free="485923856" total="2760835072" percent="17">
    <mem type="nursery" free="0" total="939524096" percent="0">
      <mem type="allocate" free="0" total="805109760" percent="0" />
      <mem type="survivor" free="0" total="134414336" percent="0" />
    </mem>
    <mem type="tenure" free="485923856" total="1821310976" percent="26">
      <mem type="soa" free="376644624" total="1712031744" percent="21" />
      <mem type="loa" free="109279232" total="109279232" percent="100" />
    </mem>
    <remembered-set count="195096" />
  </mem-info>
</gc-start>
<allocation-stats totalBytes="690955072" >
  <allocated-bytes non-tlh="30028464" tlh="660926608" />
  <largest-consumer threadName="Group1.Backend.CompositeBackend{Tier1}.2" threadId="00000000007C9200" bytes="88307072" />
</allocation-stats>
<gc-op id="3453" type="scavenge" timems="96.266" contextid="3450" timestamp="2020-09-11T09:59:24.014">
  <scavenger-info tenureage="3" tenuremask="7ff8" tiltratio="85" />
  <memory-copied type="nursery" objects="4049185" bytes="108715424" bytesdiscarded="118648" />
  <memory-copied type="tenure" objects="1113573" bytes="29941720" bytesdiscarded="109032" />
  <ownableSynchronizers candidates="5307" cleared="4854" />
  <references type="soft" candidates="391" cleared="0" enqueued="0" dynamicThreshold="18" maxThreshold="32" />
  <references type="weak" candidates="108" cleared="108" enqueued="0" />
</gc-op>
<gc-end id="3454" type="scavenge" contextid="3450" durationms="97.386" usertimems="724.131" systemtimems="0.670" timestamp="2020-09-11T09:59:24.015" activeThreads="8">
  <mem-info id="3455" free="1153538144" total="2760835072" percent="41">
    <mem type="nursery" free="697628416" total="939524096" percent="74">
      <mem type="allocate" free="697628416" total="806551552" percent="86" />
      <mem type="survivor" free="0" total="132972544" percent="0" />
    </mem>
    <mem type="tenure" free="455909728" total="1821310976" percent="25" macro-fragmented="0">
      <mem type="soa" free="346630496" total="1712031744" percent="20" />
      <mem type="loa" free="109279232" total="109279232" percent="100" />
    </mem>
    <remembered-set count="29420" />
  </mem-info>
</gc-end>
<cycle-end id="3456" type="scavenge" contextid="3450" timestamp="2020-09-11T09:59:24.016" />
<allocation-satisfied id="3457" threadId="00000000007C9200" bytesRequested="80" />
<af-end id="3458" timestamp="2020-09-11T09:59:24.016" threadId="00000000007C9B80" success="true" from="nursery"/>
<exclusive-end id="3459" timestamp="2020-09-11T09:59:24.016" durationms="99.323" />

<exclusive-start id="3460" timestamp="2020-09-11T09:59:26.057" intervalms="2139.872">
  <response-info timems="1.307" idlems="1.307" threads="0" lastid="000000000087A000" lastname="Group1.Backend.CompositeBackend{Tier1}.5" />
</exclusive-start>
<af-start id="3461" threadId="000000000087A980" totalBytesRequested="16" timestamp="2020-09-11T09:59:26.057" intervalms="2139.915" type="nursery" />
<cycle-start id="3462" type="scavenge" contextid="0" timestamp="2020-09-11T09:59:26.057" intervalms="2139.907" />
<gc-start id="3463" type="scavenge" contextid="3462" timestamp="2020-09-11T09:59:26.058">
  <mem-info id="3464" free="455909728" total="2760835072" percent="16">
    <mem type="nursery" free="0" total="939524096" percent="0">
      <mem type="allocate" free="0" total="806551552" percent="0" />
      <mem type="survivor" free="0" total="132972544" percent="0" />
    </mem>
    <mem type="tenure" free="455909728" total="1821310976" percent="25">
      <mem type="soa" free="346630496" total="1712031744" percent="20" />
      <mem type="loa" free="109279232" total="109279232" percent="100" />
    </mem>
    <remembered-set count="193014" />
  </mem-info>
</gc-start>
<allocation-stats totalBytes="697310944" >
  <allocated-bytes non-tlh="34510200" tlh="662800744" />
  <largest-consumer threadName="Group1.Backend.CompositeBackend{Tier1}.5" threadId="000000000087A000" bytes="102098320" />
</allocation-stats>
<gc-op id="3465" type="scavenge" timems="106.009" contextid="3462" timestamp="2020-09-11T09:59:26.164">
  <scavenger-info tenureage="3" tenuremask="7ff8" tiltratio="85" />
  <memory-copied type="nursery" objects="4202958" bytes="112648240" bytesdiscarded="155072" />
  <memory-copied type="tenure" objects="1069587" bytes="28746288" bytesdiscarded="82120" />
  <ownableSynchronizers candidates="4831" cleared="4376" />
  <references type="soft" candidates="378" cleared="0" enqueued="0" dynamicThreshold="18" maxThreshold="32" />
  <references type="weak" candidates="133" cleared="133" enqueued="0" />
</gc-op>
<gc-end id="3466" type="scavenge" contextid="3462" durationms="107.137" usertimems="764.423" systemtimems="0.000" timestamp="2020-09-11T09:59:26.165" activeThreads="8">
  <mem-info id="3467" free="1121282960" total="2760835072" percent="40">
    <mem type="nursery" free="694183928" total="939524096" percent="73">
      <mem type="allocate" free="694183928" total="807075840" percent="86" />
      <mem type="survivor" free="0" total="132448256" percent="0" />
    </mem>
    <mem type="tenure" free="427099032" total="1821310976" percent="23" macro-fragmented="0">
      <mem type="soa" free="317819800" total="1712031744" percent="18" />
      <mem type="loa" free="109279232" total="109279232" percent="100" />
    </mem>
    <remembered-set count="29675" />
  </mem-info>
</gc-end>
<cycle-end id="3468" type="scavenge" contextid="3462" timestamp="2020-09-11T09:59:26.168" />
<allocation-satisfied id="3469" threadId="000000000087A000" bytesRequested="16" />
<af-end id="3470" timestamp="2020-09-11T09:59:26.168" threadId="000000000087A980" success="true" from="nursery"/>
<exclusive-end id="3471" timestamp="2020-09-11T09:59:26.168" durationms="111.294" />

<exclusive-start id="3472" timestamp="2020-09-11T09:59:28.123" intervalms="2066.815">
  <response-info timems="0.325" idlems="0.191" threads="1" lastid="000000000086B200" lastname="Group1.Backend.CompositeBackend{Tier1}.4" />
</exclusive-start>
<af-start id="3473" threadId="000000000087A980" totalBytesRequested="208" timestamp="2020-09-11T09:59:28.124" intervalms="2066.817" type="nursery" />
<cycle-start id="3474" type="scavenge" contextid="0" timestamp="2020-09-11T09:59:28.124" intervalms="2066.823" />
<gc-start id="3475" type="scavenge" contextid="3474" timestamp="2020-09-11T09:59:28.125">
  <mem-info id="3476" free="427099032" total="2760835072" percent="15">
    <mem type="nursery" free="0" total="939524096" percent="0">
      <mem type="allocate" free="0" total="807075840" percent="0" />
      <mem type="survivor" free="0" total="132448256" percent="0" />
    </mem>
    <mem type="tenure" free="427099032" total="1821310976" percent="23">
      <mem type="soa" free="317819800" total="1712031744" percent="18" />
      <mem type="loa" free="109279232" total="109279232" percent="100" />
    </mem>
    <remembered-set count="193553" />
  </mem-info>
</gc-start>
<allocation-stats totalBytes="693845120" >
  <allocated-bytes non-tlh="35210368" tlh="658634752" />
  <largest-consumer threadName="Group1.Backend.CompositeBackend{Tier1}.3" threadId="000000000085F900" bytes="94261768" />
</allocation-stats>
<gc-op id="3477" type="scavenge" timems="95.818" contextid="3474" timestamp="2020-09-11T09:59:28.220">
  <scavenger-info tenureage="3" tenuremask="7ff8" tiltratio="85" />
  <memory-copied type="nursery" objects="4299627" bytes="114573824" bytesdiscarded="136424" />
  <memory-copied type="tenure" objects="1077299" bytes="28983464" bytesdiscarded="86840" />
  <ownableSynchronizers candidates="2965" cleared="2558" />
  <references type="soft" candidates="356" cleared="0" enqueued="0" dynamicThreshold="18" maxThreshold="32" />
  <references type="weak" candidates="124" cleared="124" enqueued="0" />
</gc-op>
<gc-end id="3478" type="scavenge" contextid="3474" durationms="96.982" usertimems="681.259" systemtimems="4.939" timestamp="2020-09-11T09:59:28.221" activeThreads="8">
  <mem-info id="3479" free="1091880192" total="2760835072" percent="39">
    <mem type="nursery" free="693847544" total="939524096" percent="73">
      <mem type="allocate" free="693847544" total="808648704" percent="85" />
      <mem type="survivor" free="0" total="130875392" percent="0" />
    </mem>
    <mem type="tenure" free="398032648" total="1821310976" percent="21" macro-fragmented="0">
      <mem type="soa" free="288753416" total="1712031744" percent="16" />
      <mem type="loa" free="109279232" total="109279232" percent="100" />
    </mem>
    <remembered-set count="30996" />
  </mem-info>
</gc-end>
<cycle-end id="3480" type="scavenge" contextid="3474" timestamp="2020-09-11T09:59:28.222" />
<allocation-satisfied id="3481" threadId="000000000087A000" bytesRequested="208" />
<af-end id="3482" timestamp="2020-09-11T09:59:28.222" threadId="000000000087A980" success="true" from="nursery"/>
<exclusive-end id="3483" timestamp="2020-09-11T09:59:28.223" durationms="99.268" />

<exclusive-start id="3484" timestamp="2020-09-11T09:59:30.261" intervalms="2138.117">
  <response-info timems="0.433" idlems="0.428" threads="1" lastid="000000000087A000" lastname="Group1.Backend.CompositeBackend{Tier1}.5" />
</exclusive-start>
<af-start id="3485" threadId="0000000000860280" totalBytesRequested="24" timestamp="2020-09-11T09:59:30.262" intervalms="2138.125" type="nursery" />
<cycle-start id="3486" type="scavenge" contextid="0" timestamp="2020-09-11T09:59:30.262" intervalms="2138.167" />
<gc-start id="3487" type="scavenge" contextid="3486" timestamp="2020-09-11T09:59:30.263">
  <mem-info id="3488" free="398032648" total="2760835072" percent="14">
    <mem type="nursery" free="0" total="939524096" percent="0">
      <mem type="allocate" free="0" total="808648704" percent="0" />
      <mem type="survivor" free="0" total="130875392" percent="0" />
    </mem>
    <mem type="tenure" free="398032648" total="1821310976" percent="21">
      <mem type="soa" free="288753416" total="1712031744" percent="16" />
      <mem type="loa" free="109279232" total="109279232" percent="100" />
    </mem>
    <remembered-set count="196934" />
  </mem-info>
</gc-start>
<allocation-stats totalBytes="693507048" >
  <allocated-bytes non-tlh="30139112" tlh="663367936" />
  <largest-consumer threadName="Group1.Backend.CompositeBackend{Tier1}.8" threadId="000000000084FB00" bytes="140276288" />
</allocation-stats>
<gc-op id="3489" type="scavenge" timems="99.275" contextid="3486" timestamp="2020-09-11T09:59:30.362">
  <scavenger-info tenureage="3" tenuremask="7ff8" tiltratio="86" />
  <memory-copied type="nursery" objects="4147349" bytes="111115776" bytesdiscarded="113560" />
  <memory-copied type="tenure" objects="1120100" bytes="30134856" bytesdiscarded="93768" />
  <ownableSynchronizers candidates="4598" cleared="4177" />
  <references type="soft" candidates="334" cleared="0" enqueued="0" dynamicThreshold="18" maxThreshold="32" />
  <references type="weak" candidates="131" cleared="131" enqueued="0" />
</gc-op>
<gc-end id="3490" type="scavenge" contextid="3486" durationms="100.426" usertimems="719.541" systemtimems="0.000" timestamp="2020-09-11T09:59:30.363" activeThreads="8">
  <mem-info id="3491" free="1065753656" total="2760835072" percent="38">
    <mem type="nursery" free="697794304" total="939524096" percent="74">
      <mem type="allocate" free="697794304" total="809107456" percent="86" />
      <mem type="survivor" free="0" total="130416640" percent="0" />
    </mem>
    <mem type="tenure" free="367959352" total="1821310976" percent="20" macro-fragmented="0">
      <mem type="soa" free="258680120" total="1712031744" percent="15" />
      <mem type="loa" free="109279232" total="109279232" percent="100" />
    </mem>
    <remembered-set count="33111" />
  </mem-info>
</gc-end>
<cycle-end id="3492" type="scavenge" contextid="3486" timestamp="2020-09-11T09:59:30.364" />
<allocation-satisfied id="3493" threadId="000000000085F900" bytesRequested="24" />
<af-end id="3494" timestamp="2020-09-11T09:59:30.364" threadId="0000000000860280" success="true" from="nursery"/>
<exclusive-end id="3495" timestamp="2020-09-11T09:59:30.364" durationms="102.646" />

<exclusive-start id="3496" timestamp="2020-09-11T09:59:32.395" intervalms="2133.192">
  <response-info timems="0.454" idlems="0.454" threads="0" lastid="000000000089C800" lastname="Group1.Backend.CompositeBackend{Tier1}.7" />
</exclusive-start>
<af-start id="3497" threadId="000000000089D180" totalBytesRequested="16" timestamp="2020-09-11T09:59:32.395" intervalms="2133.211" type="nursery" />
<cycle-start id="3498" type="scavenge" contextid="0" timestamp="2020-09-11T09:59:32.396" intervalms="2133.176" />
<gc-start id="3499" type="scavenge" contextid="3498" timestamp="2020-09-11T09:59:32.396">
  <mem-info id="3500" free="367959352" total="2760835072" percent="13">
    <mem type="nursery" free="0" total="939524096" percent="0">
      <mem type="allocate" free="0" total="809107456" percent="0" />
      <mem type="survivor" free="0" total="130416640" percent="0" />
    </mem>
    <mem type="tenure" free="367959352" total="1821310976" percent="20">
      <mem type="soa" free="258680120" total="1712031744" percent="15" />
      <mem type="loa" free="109279232" total="109279232" percent="100" />
    </mem>
    <remembered-set count="196534" />
  </mem-info>
</gc-start>
<allocation-stats totalBytes="697460912" >
  <allocated-bytes non-tlh="33932648" tlh="663528264" />
  <largest-consumer threadName="Group1.Backend.CompositeBackend{Tier1}.3" threadId="000000000085F900" bytes="143444712" />
</allocation-stats>
<gc-op id="3501" type="scavenge" timems="112.305" contextid="3498" timestamp="2020-09-11T09:59:32.508">
  <scavenger-info tenureage="3" tenuremask="7ff8" tiltratio="86" />
  <memory-copied type="nursery" objects="4283401" bytes="114079808" bytesdiscarded="133648" />
  <memory-copied type="tenure" objects="1090885" bytes="29318520" bytesdiscarded="96376" />
  <ownableSynchronizers candidates="4854" cleared="4449" />
  <references type="soft" candidates="348" cleared="0" enqueued="0" dynamicThreshold="18" maxThreshold="32" />
  <references type="weak" candidates="123" cleared="123" enqueued="0" />
</gc-op>
<gc-end id="3502" type="scavenge" contextid="3498" durationms="113.235" usertimems="799.502" systemtimems="12.976" timestamp="2020-09-11T09:59:32.509" activeThreads="8">
  <mem-info id="3503" free="1032730368" total="2760835072" percent="37">
    <mem type="nursery" free="694218976" total="939524096" percent="73">
      <mem type="allocate" free="694218976" total="808517632" percent="85" />
      <mem type="survivor" free="0" total="131006464" percent="0" />
    </mem>
    <mem type="tenure" free="338511392" total="1821310976" percent="18" macro-fragmented="0">
      <mem type="soa" free="229232160" total="1712031744" percent="13" />
      <mem type="loa" free="109279232" total="109279232" percent="100" />
    </mem>
    <remembered-set count="32548" />
  </mem-info>
</gc-end>
<cycle-end id="3504" type="scavenge" contextid="3498" timestamp="2020-09-11T09:59:32.510" />
<allocation-satisfied id="3505" threadId="000000000089C800" bytesRequested="16" />
<af-end id="3506" timestamp="2020-09-11T09:59:32.510" threadId="000000000089D180" success="true" from="nursery"/>
<exclusive-end id="3507" timestamp="2020-09-11T09:59:32.510" durationms="115.703" />

<exclusive-start id="3508" timestamp="2020-09-11T09:59:34.490" intervalms="2094.980">
  <response-info timems="0.493" idlems="0.493" threads="0" lastid="000000000088D900" lastname="Group1.Backend.CompositeBackend{Tier1}.6" />
</exclusive-start>
<af-start id="3509" threadId="000000000088E280" totalBytesRequested="120" timestamp="2020-09-11T09:59:34.490" intervalms="2094.873" type="nursery" />
<cycle-start id="3510" type="scavenge" contextid="0" timestamp="2020-09-11T09:59:34.490" intervalms="2094.853" />
<gc-start id="3511" type="scavenge" contextid="3510" timestamp="2020-09-11T09:59:34.491">
  <mem-info id="3512" free="338511392" total="2760835072" percent="12">
    <mem type="nursery" free="0" total="939524096" percent="0">
      <mem type="allocate" free="0" total="808517632" percent="0" />
      <mem type="survivor" free="0" total="131006464" percent="0" />
    </mem>
    <mem type="tenure" free="338511392" total="1821310976" percent="18">
      <mem type="soa" free="229232160" total="1712031744" percent="13" />
      <mem type="loa" free="109279232" total="109279232" percent="100" />
    </mem>
    <remembered-set count="196116" />
  </mem-info>
</gc-start>
<allocation-stats totalBytes="693882160" >
  <allocated-bytes non-tlh="33067136" tlh="660815024" />
  <largest-consumer threadName="Group1.Backend.CompositeBackend{Tier1}.3" threadId="000000000085F900" bytes="117527040" />
</allocation-stats>
<gc-op id="3513" type="scavenge" timems="93.641" contextid="3510" timestamp="2020-09-11T09:59:34.584">
  <scavenger-info tenureage="3" tenuremask="7ff8" tiltratio="86" />
  <memory-copied type="nursery" objects="4180378" bytes="112030496" bytesdiscarded="191736" />
  <memory-copied type="tenure" objects="1101173" bytes="29582280" bytesdiscarded="121832" />
  <ownableSynchronizers candidates="4376" cleared="3976" />
  <references type="soft" candidates="389" cleared="0" enqueued="0" dynamicThreshold="18" maxThreshold="32" />
  <references type="weak" candidates="110" cleared="110" enqueued="0" />
</gc-op>
<gc-end id="3514" type="scavenge" contextid="3510" durationms="94.482" usertimems="687.055" systemtimems="2.087" timestamp="2020-09-11T09:59:34.585" activeThreads="8">
  <mem-info id="3515" free="1005712528" total="2760835072" percent="36">
    <mem type="nursery" free="696863744" total="939524096" percent="74">
      <mem type="allocate" free="696863744" total="809172992" percent="86" />
      <mem type="survivor" free="0" total="130351104" percent="0" />
    </mem>
    <mem type="tenure" free="308848784" total="1821310976" percent="16" macro-fragmented="0">
      <mem type="soa" free="199569552" total="1712031744" percent="11" />
      <mem type="loa" free="109279232" total="109279232" percent="100" />
    </mem>
    <remembered-set count="31677" />
  </mem-info>
</gc-end>
<cycle-end id="3516" type="scavenge" contextid="3510" timestamp="2020-09-11T09:59:34.586" />
<allocation-satisfied id="3517" threadId="000000000088D900" bytesRequested="120" />
<af-end id="3518" timestamp="2020-09-11T09:59:34.586" threadId="000000000088E280" success="true" from="nursery"/>
<exclusive-end id="3519" timestamp="2020-09-11T09:59:34.586" durationms="96.201" />

<exclusive-start id="3520" timestamp="2020-09-11T09:59:36.549" intervalms="2059.070">
  <response-info timems="5.277" idlems="5.277" threads="0" lastid="000000000085F900" lastname="Group1.Backend.CompositeBackend{Tier1}.3" />
</exclusive-start>
<af-start id="3521" threadId="0000000000860280" totalBytesRequested="664" timestamp="2020-09-11T09:59:36.550" intervalms="2059.282" type="nursery" />
<cycle-start id="3522" type="scavenge" contextid="0" timestamp="2020-09-11T09:59:36.550" intervalms="2059.319" />
<gc-start id="3523" type="scavenge" contextid="3522" timestamp="2020-09-11T09:59:36.550">
  <mem-info id="3524" free="308848784" total="2760835072" percent="11">
    <mem type="nursery" free="0" total="939524096" percent="0">
      <mem type="allocate" free="0" total="809172992" percent="0" />
      <mem type="survivor" free="0" total="130351104" percent="0" />
    </mem>
    <mem type="tenure" free="308848784" total="1821310976" percent="16">
      <mem type="soa" free="199569552" total="1712031744" percent="11" />
      <mem type="loa" free="109279232" total="109279232" percent="100" />
    </mem>
    <remembered-set count="193650" />
  </mem-info>
</gc-start>
<allocation-stats totalBytes="696549992" >
  <allocated-bytes non-tlh="35055128" tlh="661494864" />
  <largest-consumer threadName="Group1.Backend.CompositeBackend{Tier1}.3" threadId="000000000085F900" bytes="120431152" />
</allocation-stats>
<gc-op id="3525" type="scavenge" timems="107.154" contextid="3522" timestamp="2020-09-11T09:59:36.657">
  <scavenger-info tenureage="3" tenuremask="7ff8" tiltratio="86" />
  <memory-copied type="nursery" objects="4375238" bytes="116366448" bytesdiscarded="181024" />
  <memory-copied type="tenure" objects="1125570" bytes="30244744" bytesdiscarded="124368" />
  <ownableSynchronizers candidates="4085" cleared="3642" />
  <references type="soft" candidates="408" cleared="0" enqueued="0" dynamicThreshold="18" maxThreshold="32" />
  <references type="weak" candidates="127" cleared="127" enqueued="0" />
</gc-op>
<gc-end id="3526" type="scavenge" contextid="3522" durationms="108.003" usertimems="776.630" systemtimems="0.776" timestamp="2020-09-11T09:59:36.658" activeThreads="8">
  <mem-info id="3527" free="967199256" total="2760835072" percent="35">
    <mem type="nursery" free="688668872" total="939524096" percent="73">
      <mem type="allocate" free="688668872" total="805306368" percent="85" />
      <mem type="survivor" free="0" total="134217728" percent="0" />
    </mem>
    <mem type="tenure" free="278530384" total="1821310976" percent="15" macro-fragmented="0">
      <mem type="soa" free="169251152" total="1712031744" percent="9" />
      <mem type="loa" free="109279232" total="109279232" percent="100" />
    </mem>
    <remembered-set count="30917" />
  </mem-info>
</gc-end>
<cycle-end id="3528" type="scavenge" contextid="3522" timestamp="2020-09-11T09:59:36.659" />
<allocation-satisfied id="3529" threadId="000000000085F900" bytesRequested="664" />
<af-end id="3530" timestamp="2020-09-11T09:59:36.659" threadId="0000000000860280" success="true" from="nursery"/>
<exclusive-end id="3531" timestamp="2020-09-11T09:59:36.659" durationms="110.095" />

<exclusive-start id="3532" timestamp="2020-09-11T09:59:38.662" intervalms="2113.421">
  <response-info timems="3.709" idlems="3.709" threads="0" lastid="000000000088D900" lastname="Group1.Backend.CompositeBackend{Tier1}.6" />
</exclusive-start>
<af-start id="3533" threadId="000000000088E280" totalBytesRequested="16" timestamp="2020-09-11T09:59:38.663" intervalms="2113.237" type="nursery" />
<cycle-start id="3534" type="scavenge" contextid="0" timestamp="2020-09-11T09:59:38.663" intervalms="2113.216" />
<gc-start id="3535" type="scavenge" contextid="3534" timestamp="2020-09-11T09:59:38.663">
  <mem-info id="3536" free="278530384" total="2760835072" percent="10">
    <mem type="nursery" free="0" total="939524096" percent="0">
      <mem type="allocate" free="0" total="805306368" percent="0" />
      <mem type="survivor" free="0" total="134217728" percent="0" />
    </mem>
    <mem type="tenure" free="278530384" total="1821310976" percent="15">
      <mem type="soa" free="169251152" total="1712031744" percent="9" />
      <mem type="loa" free="109279232" total="109279232" percent="100" />
    </mem>
    <remembered-set count="195118" />
  </mem-info>
</gc-start>
<allocation-stats totalBytes="688329416" >
  <allocated-bytes non-tlh="30016616" tlh="658312800" />
  <largest-consumer threadName="Group1.Backend.CompositeBackend{Tier1}.8" threadId="000000000084FB00" bytes="120460152" />
</allocation-stats>
<gc-op id="3537" type="scavenge" timems="100.426" contextid="3534" timestamp="2020-09-11T09:59:38.764">
  <scavenger-info tenureage="3" tenuremask="7ff8" tiltratio="85" />
  <memory-copied type="nursery" objects="4055807" bytes="109016112" bytesdiscarded="230088" />
  <memory-copied type="tenure" objects="1090171" bytes="29309232" bytesdiscarded="127152" />
  <ownableSynchronizers candidates="5182" cleared="4720" />
  <references type="soft" candidates="432" cleared="0" enqueued="0" dynamicThreshold="18" maxThreshold="32" />
  <references type="weak" candidates="108" cleared="108" enqueued="0" />
</gc-op>
<gc-end id="3538" type="scavenge" contextid="3534" durationms="101.277" usertimems="745.319" systemtimems="0.000" timestamp="2020-09-11T09:59:38.764" activeThreads="8">
  <mem-info id="3539" free="945777656" total="2760835072" percent="34">
    <mem type="nursery" free="696701664" total="939524096" percent="74">
      <mem type="allocate" free="696701664" total="806027264" percent="86" />
      <mem type="survivor" free="0" total="133496832" percent="0" />
    </mem>
    <mem type="tenure" free="249075992" total="1821310976" percent="13" macro-fragmented="0">
      <mem type="soa" free="139796760" total="1712031744" percent="8" />
      <mem type="loa" free="109279232" total="109279232" percent="100" />
    </mem>
    <remembered-set count="30769" />
  </mem-info>
</gc-end>
<cycle-end id="3540" type="scavenge" contextid="3534" timestamp="2020-09-11T09:59:38.765" />
<allocation-satisfied id="3541" threadId="000000000088D900" bytesRequested="16" />
<af-end id="3542" timestamp="2020-09-11T09:59:38.765" threadId="000000000088E280" success="true" from="nursery"/>
<exclusive-end id="3543" timestamp="2020-09-11T09:59:38.765" durationms="103.158" />

<exclusive-start id="3544" timestamp="2020-09-11T09:59:40.804" intervalms="2142.145">
  <response-info timems="0.408" idlems="0.208" threads="2" lastid="000000000085F900" lastname="Group1.Backend.CompositeBackend{Tier1}.3" />
</exclusive-start>
<af-start id="3545" threadId="000000000087A980" totalBytesRequested="16" timestamp="2020-09-11T09:59:40.805" intervalms="2142.218" type="nursery" />
<cycle-start id="3546" type="scavenge" contextid="0" timestamp="2020-09-11T09:59:40.805" intervalms="2142.216" />
<gc-start id="3547" type="scavenge" contextid="3546" timestamp="2020-09-11T09:59:40.805">
  <mem-info id="3548" free="249075992" total="2760835072" percent="9">
    <mem type="nursery" free="0" total="939524096" percent="0">
      <mem type="allocate" free="0" total="806027264" percent="0" />
      <mem type="survivor" free="0" total="133496832" percent="0" />
    </mem>
    <mem type="tenure" free="249075992" total="1821310976" percent="13">
      <mem type="soa" free="139796760" total="1712031744" percent="8" />
      <mem type="loa" free="109279232" total="109279232" percent="100" />
    </mem>
    <remembered-set count="194871" />
  </mem-info>
</gc-start>
<allocation-stats totalBytes="696361496" >
  <allocated-bytes non-tlh="32360344" tlh="664001152" />
  <largest-consumer threadName="Group1.Backend.CompositeBackend{Tier1}.5" threadId="000000000087A000" bytes="125850696" />
</allocation-stats>
<gc-op id="3549" type="scavenge" timems="97.243" contextid="3546" timestamp="2020-09-11T09:59:40.903">
  <scavenger-info tenureage="3" tenuremask="7ff8" tiltratio="85" />
  <memory-copied type="nursery" objects="4222690" bytes="112760952" bytesdiscarded="125864" />
  <memory-copied type="tenure" objects="1100451" bytes="29572944" bytesdiscarded="124944" />
  <ownableSynchronizers candidates="4690" cleared="4228" />
  <references type="soft" candidates="448" cleared="0" enqueued="0" dynamicThreshold="18" maxThreshold="32" />
  <references type="weak" candidates="113" cleared="113" enqueued="0" />
</gc-op>
<gc-end id="3550" type="scavenge" contextid="3546" durationms="98.159" usertimems="730.969" systemtimems="3.942" timestamp="2020-09-11T09:59:40.903" activeThreads="8">
  <mem-info id="3551" free="913035272" total="2760835072" percent="33">
    <mem type="nursery" free="693646024" total="939524096" percent="73">
      <mem type="allocate" free="693646024" total="806617088" percent="85" />
      <mem type="survivor" free="0" total="132907008" percent="0" />
    </mem>
    <mem type="tenure" free="219389248" total="1821310976" percent="12" macro-fragmented="0">
      <mem type="soa" free="110110016" total="1712031744" percent="6" />
      <mem type="loa" free="109279232" total="109279232" percent="100" />
    </mem>
    <remembered-set count="31027" />
  </mem-info>
</gc-end>
<cycle-end id="3552" type="scavenge" contextid="3546" timestamp="2020-09-11T09:59:40.904" />
<allocation-satisfied id="3553" threadId="000000000087A000" bytesRequested="16" />
<af-end id="3554" timestamp="2020-09-11T09:59:40.904" threadId="000000000087A980" success="true" from="nursery"/>
<exclusive-end id="3555" timestamp="2020-09-11T09:59:40.904" durationms="100.177" />

<exclusive-start id="3556" timestamp="2020-09-11T09:59:42.860" intervalms="2055.940">
  <response-info timems="1.487" idlems="1.487" threads="0" lastid="000000000088D900" lastname="Group1.Backend.CompositeBackend{Tier1}.6" />
</exclusive-start>
<af-start id="3557" threadId="000000000088E280" totalBytesRequested="16" timestamp="2020-09-11T09:59:42.861" intervalms="2055.999" type="nursery" />
<cycle-start id="3558" type="scavenge" contextid="0" timestamp="2020-09-11T09:59:42.861" intervalms="2056.006" />
<gc-start id="3559" type="scavenge" contextid="3558" timestamp="2020-09-11T09:59:42.861">
  <mem-info id="3560" free="219389248" total="2760835072" percent="7">
    <mem type="nursery" free="0" total="939524096" percent="0">
      <mem type="allocate" free="0" total="806617088" percent="0" />
      <mem type="survivor" free="0" total="132907008" percent="0" />
    </mem>
    <mem type="tenure" free="219389248" total="1821310976" percent="12">
      <mem type="soa" free="110110016" total="1712031744" percent="6" />
      <mem type="loa" free="109279232" total="109279232" percent="100" />
    </mem>
    <remembered-set count="193393" />
  </mem-info>
</gc-start>
<allocation-stats totalBytes="693319880" >
  <allocated-bytes non-tlh="36439760" tlh="656880120" />
  <largest-consumer threadName="Group1.Backend.CompositeBackend{Tier1}.8" threadId="000000000084FB00" bytes="108080280" />
</allocation-stats>
<gc-op id="3561" type="scavenge" timems="100.238" contextid="3558" timestamp="2020-09-11T09:59:42.962">
  <scavenger-info tenureage="3" tenuremask="7ff8" tiltratio="85" />
  <memory-copied type="nursery" objects="4090659" bytes="109745512" bytesdiscarded="141680" />
  <memory-copied type="tenure" objects="1072728" bytes="28966168" bytesdiscarded="138560" />
  <ownableSynchronizers candidates="4614" cleared="4135" />
  <references type="soft" candidates="455" cleared="0" enqueued="0" dynamicThreshold="18" maxThreshold="32" />
  <references type="weak" candidates="132" cleared="132" enqueued="0" />
</gc-op>
<gc-end id="3562" type="scavenge" contextid="3558" durationms="101.086" usertimems="715.739" systemtimems="3.806" timestamp="2020-09-11T09:59:42.962" activeThreads="8">
  <mem-info id="3563" free="888212296" total="2760835072" percent="32">
    <mem type="nursery" free="697956600" total="939524096" percent="74">
      <mem type="allocate" free="697956600" total="807927808" percent="86" />
      <mem type="survivor" free="0" total="131596288" percent="0" />
    </mem>
    <mem type="tenure" free="190255696" total="1821310976" percent="10" macro-fragmented="0">
      <mem type="soa" free="80976464" total="1712031744" percent="4" />
      <mem type="loa" free="109279232" total="109279232" percent="100" />
    </mem>
    <remembered-set count="30381" />
  </mem-info>
</gc-end>
<cycle-end id="3564" type="scavenge" contextid="3558" timestamp="2020-09-11T09:59:42.963" />
<allocation-satisfied id="3565" threadId="000000000088D900" bytesRequested="16" />
<af-end id="3566" timestamp="2020-09-11T09:59:42.963" threadId="000000000088E280" success="true" from="nursery"/>
<exclusive-end id="3567" timestamp="2020-09-11T09:59:42.964" durationms="103.407" />

<exclusive-start id="3568" timestamp="2020-09-11T09:59:44.999" intervalms="2139.163">
  <response-info timems="0.303" idlems="0.171" threads="1" lastid="000000000088D900" lastname="Group1.Backend.CompositeBackend{Tier1}.6" />
</exclusive-start>
<af-start id="3569" threadId="0000000000860280" totalBytesRequested="16" timestamp="2020-09-11T09:59:45.000" intervalms="2138.965" type="nursery" />
<cycle-start id="3570" type="scavenge" contextid="0" timestamp="2020-09-11T09:59:45.000" intervalms="2138.944" />
<gc-start id="3571" type="scavenge" contextid="3570" timestamp="2020-09-11T09:59:45.000">
  <mem-info id="3572" free="190255696" total="2760835072" percent="6">
    <mem type="nursery" free="0" total="939524096" percent="0">
      <mem type="allocate" free="0" total="807927808" percent="0" />
      <mem type="survivor" free="0" total="131596288" percent="0" />
    </mem>
    <mem type="tenure" free="190255696" total="1821310976" percent="10">
      <mem type="soa" free="80976464" total="1712031744" percent="4" />
      <mem type="loa" free="109279232" total="109279232" percent="100" />
    </mem>
    <remembered-set count="194582" />
  </mem-info>
</gc-start>
<allocation-stats totalBytes="697606736" >
  <allocated-bytes non-tlh="33340832" tlh="664265904" />
  <largest-consumer threadName="Group1.Backend.CompositeBackend{Tier1}.8" threadId="000000000084FB00" bytes="101542168" />
</allocation-stats>
<gc-op id="3573" type="scavenge" timems="95.185" contextid="3570" timestamp="2020-09-11T09:59:45.096">
  <scavenger-info tenureage="3" tenuremask="7ff8" tiltratio="85" />
  <memory-copied type="nursery" objects="4120130" bytes="110503904" bytesdiscarded="221392" />
  <memory-copied type="tenure" objects="1101052" bytes="29595344" bytesdiscarded="98520" />
  <ownableSynchronizers candidates="4164" cleared="3701" />
  <references type="soft" candidates="402" cleared="0" enqueued="0" dynamicThreshold="18" maxThreshold="32" />
  <references type="weak" candidates="128" cleared="128" enqueued="0" />
</gc-op>
<gc-end id="3574" type="scavenge" contextid="3570" durationms="96.016" usertimems="707.065" systemtimems="2.968" timestamp="2020-09-11T09:59:45.096" activeThreads="8">
  <mem-info id="3575" free="859110992" total="2760835072" percent="31">
    <mem type="nursery" free="698556152" total="939524096" percent="74">
      <mem type="allocate" free="698556152" total="809369600" percent="86" />
      <mem type="survivor" free="0" total="130154496" percent="0" />
    </mem>
    <mem type="tenure" free="160554840" total="1821310976" percent="8" macro-fragmented="0">
      <mem type="soa" free="51275608" total="1712031744" percent="2" />
      <mem type="loa" free="109279232" total="109279232" percent="100" />
    </mem>
    <remembered-set count="29869" />
  </mem-info>
</gc-end>
<cycle-end id="3576" type="scavenge" contextid="3570" timestamp="2020-09-11T09:59:45.097" />
<allocation-satisfied id="3577" threadId="000000000085F900" bytesRequested="16" />
<af-end id="3578" timestamp="2020-09-11T09:59:45.097" threadId="0000000000860280" success="true" from="nursery"/>
<exclusive-end id="3579" timestamp="2020-09-11T09:59:45.097" durationms="97.821" />

<exclusive-start id="3580" timestamp="2020-09-11T09:59:47.194" intervalms="2194.178">
  <response-info timems="0.381" idlems="0.381" threads="0" lastid="000000000085F900" lastname="Group1.Backend.CompositeBackend{Tier1}.3" />
</exclusive-start>
<af-start id="3581" threadId="0000000000860280" totalBytesRequested="16" timestamp="2020-09-11T09:59:47.194" intervalms="2194.210" type="nursery" />
<cycle-start id="3582" type="scavenge" contextid="0" timestamp="2020-09-11T09:59:47.194" intervalms="2194.223" />
<gc-start id="3583" type="scavenge" contextid="3582" timestamp="2020-09-11T09:59:47.195">
  <mem-info id="3584" free="160554840" total="2760835072" percent="5">
    <mem type="nursery" free="0" total="939524096" percent="0">
      <mem type="allocate" free="0" total="809369600" percent="0" />
      <mem type="survivor" free="0" total="130154496" percent="0" />
    </mem>
    <mem type="tenure" free="160554840" total="1821310976" percent="8">
      <mem type="soa" free="51275608" total="1712031744" percent="2" />
      <mem type="loa" free="109279232" total="109279232" percent="100" />
    </mem>
    <remembered-set count="197063" />
  </mem-info>
</gc-start>
<allocation-stats totalBytes="698229584" >
  <allocated-bytes non-tlh="28261392" tlh="669968192" />
  <largest-consumer threadName="Group1.Backend.CompositeBackend{Tier1}.7" threadId="000000000089C800" bytes="101458176" />
</allocation-stats>
<gc-op id="3585" type="scavenge" timems="103.041" contextid="3582" timestamp="2020-09-11T09:59:47.298">
  <scavenger-info tenureage="3" tenuremask="7ff8" tiltratio="86" />
  <memory-copied type="nursery" objects="4334729" bytes="115552768" bytesdiscarded="163208" />
  <memory-copied type="tenure" objects="1089430" bytes="29282336" bytesdiscarded="65776" />
  <ownableSynchronizers candidates="4756" cleared="4312" />
  <references type="soft" candidates="384" cleared="0" enqueued="0" dynamicThreshold="18" maxThreshold="32" />
  <references type="weak" candidates="113" cleared="112" enqueued="0" />
</gc-op>
<gc-end id="3586" type="scavenge" contextid="3582" durationms="103.852" usertimems="743.799" systemtimems="0.000" timestamp="2020-09-11T09:59:47.298" activeThreads="8">
  <mem-info id="3587" free="820792928" total="2760835072" percent="29">
    <mem type="nursery" free="689571576" total="939524096" percent="73">
      <mem type="allocate" free="689571576" total="805371904" percent="85" />
      <mem type="survivor" free="0" total="134152192" percent="0" />
    </mem>
    <mem type="tenure" free="131221352" total="1821310976" percent="7" macro-fragmented="0">
      <mem type="soa" free="21942120" total="1712031744" percent="1" />
      <mem type="loa" free="109279232" total="109279232" percent="100" />
    </mem>
    <remembered-set count="30384" />
  </mem-info>
</gc-end>
<cycle-end id="3588" type="scavenge" contextid="3582" timestamp="2020-09-11T09:59:47.300" />
<allocation-satisfied id="3589" threadId="000000000085F900" bytesRequested="16" />
<af-end id="3590" timestamp="2020-09-11T09:59:47.300" threadId="0000000000860280" success="true" from="nursery"/>
<exclusive-end id="3591" timestamp="2020-09-11T09:59:47.300" durationms="106.032" />

<exclusive-start id="3592" timestamp="2020-09-11T09:59:49.317" intervalms="2123.622">
  <response-info timems="0.324" idlems="0.324" threads="0" lastid="000000000085F900" lastname="Group1.Backend.CompositeBackend{Tier1}.3" />
</exclusive-start>
<af-start id="3593" threadId="0000000000860280" totalBytesRequested="16" timestamp="2020-09-11T09:59:49.318" intervalms="2123.646" type="nursery" />
<percolate-collect id="3594" from="nursery" to="global" reason="prevent tenure expand" timestamp="2020-09-11T09:59:49.318"/>
<cycle-start id="3595" type="global" contextid="0" timestamp="2020-09-11T09:59:49.318" intervalms="64545.965" />
<gc-start id="3596" type="global" contextid="3595" timestamp="2020-09-11T09:59:49.318">
  <mem-info id="3597" free="131221352" total="2760835072" percent="4">
    <mem type="nursery" free="0" total="939524096" percent="0">
      <mem type="allocate" free="0" total="805371904" percent="0" />
      <mem type="survivor" free="0" total="134152192" percent="0" />
    </mem>
    <mem type="tenure" free="131221352" total="1821310976" percent="7">
      <mem type="soa" free="21942120" total="1712031744" percent="1" />
      <mem type="loa" free="109279232" total="109279232" percent="100" />
    </mem>
    <remembered-set count="193726" />
  </mem-info>
</gc-start>
<allocation-stats totalBytes="689261216" >
  <allocated-bytes non-tlh="33142616" tlh="656118600" />
  <largest-consumer threadName="Group1.Backend.CompositeBackend{Tier1}.7" threadId="000000000089C800" bytes="114915688" />
</allocation-stats>
<heap-resize id="3598" type="loa contract" space="tenure" amount="18212864" count="1" timems="0.000" reason="contract underutilized loa" timestamp="2020-09-11T09:59:49.318" />
<gc-op id="3599" type="mark" timems="505.143" contextid="3595" timestamp="2020-09-11T09:59:49.824">
  <trace-info objectcount="30841368" scancount="29861518" scanbytes="815686112" />
  <finalization candidates="146" enqueued="0" />
  <ownableSynchronizers candidates="588954" cleared="5081" />
  <references type="soft" candidates="709019" cleared="0" enqueued="0" dynamicThreshold="18" maxThreshold="32" />
  <references type="weak" candidates="4396" cleared="103" enqueued="0" />
  <references type="phantom" candidates="107" cleared="0" enqueued="0" />
  <stringconstants candidates="11155" cleared="1"  />
</gc-op>
<gc-op id="3600" type="sweep" timems="10.513" contextid="3595" timestamp="2020-09-11T09:59:49.834" />
<gc-end id="3601" type="global" contextid="3595" durationms="516.537" usertimems="3975.522" systemtimems="15.561" timestamp="2020-09-11T09:59:49.835" activeThreads="8">
  <mem-info id="3602" free="1628401800" total="2760835072" percent="58">
    <mem type="nursery" free="606809160" total="939524096" percent="64">
      <mem type="allocate" free="606809160" total="805371904" percent="75" />
      <mem type="survivor" free="0" total="134152192" percent="0" />
    </mem>
    <mem type="tenure" free="1021592640" total="1821310976" percent="56" micro-fragmented="56496116" macro-fragmented="0">
      <mem type="soa" free="930526272" total="1730244608" percent="53" />
      <mem type="loa" free="91066368" total="91066368" percent="100" />
    </mem>
    <remembered-set count="187969" />
  </mem-info>
</gc-end>
<cycle-end id="3603" type="global" contextid="3595" timestamp="2020-09-11T09:59:49.835" />
<allocation-satisfied id="3604" threadId="000000000085F900" bytesRequested="16" />
<af-end id="3605" timestamp="2020-09-11T09:59:49.835" threadId="0000000000860280" success="true" from="nursery"/>
<exclusive-end id="3606" timestamp="2020-09-11T09:59:49.835" durationms="518.250" />

<exclusive-start id="3607" timestamp="2020-09-11T09:59:50.956" intervalms="1638.944">
  <response-info timems="0.480" idlems="0.480" threads="0" lastid="000000000089C800" lastname="Group1.Backend.CompositeBackend{Tier1}.7" />
</exclusive-start>
<af-start id="3608" threadId="000000000089D180" totalBytesRequested="524296" timestamp="2020-09-11T09:59:50.957" intervalms="1639.096" type="nursery" />
<cycle-start id="3609" type="scavenge" contextid="0" timestamp="2020-09-11T09:59:50.957" intervalms="3762.774" />
<gc-start id="3610" type="scavenge" contextid="3609" timestamp="2020-09-11T09:59:50.957">
  <mem-info id="3611" free="1071650176" total="2760835072" percent="38">
    <mem type="nursery" free="50059096" total="939524096" percent="5">
      <mem type="allocate" free="50059096" total="805371904" percent="6" />
      <mem type="survivor" free="0" total="134152192" percent="0" />
    </mem>
    <mem type="tenure" free="1021591080" total="1821310976" percent="56">
      <mem type="soa" free="930524712" total="1730244608" percent="53" />
      <mem type="loa" free="91066368" total="91066368" percent="100" />
    </mem>
    <remembered-set count="239594" />
  </mem-info>
</gc-start>
<allocation-stats totalBytes="554737112" >
  <allocated-bytes non-tlh="28826976" tlh="525910136" />
  <largest-consumer threadName="Group1.Backend.CompositeBackend{Tier1}.7" threadId="000000000089C800" bytes="95118816" />
</allocation-stats>
<gc-op id="3612" type="scavenge" timems="109.929" contextid="3609" timestamp="2020-09-11T09:59:51.067">
  <scavenger-info tenureage="3" tenuremask="7ff8" tiltratio="85" />
  <memory-copied type="nursery" objects="4995896" bytes="133972072" bytesdiscarded="42176" />
  <memory-copied type="tenure" objects="1174368" bytes="31253912" bytesdiscarded="54544" />
  <copy-failed type="nursery" objects="171078" bytes="4288672" />
  <ownableSynchronizers candidates="1169744" cleared="1169241" />
  <references type="soft" candidates="317" cleared="0" enqueued="0" dynamicThreshold="17" maxThreshold="32" />
  <references type="weak" candidates="109" cleared="109" enqueued="0" />
</gc-op>
<gc-end id="3613" type="scavenge" contextid="3609" durationms="110.784" usertimems="863.908" systemtimems="0.000" timestamp="2020-09-11T09:59:51.068" activeThreads="8">
  <mem-info id="3614" free="1615300512" total="2760835072" percent="58">
    <mem type="nursery" free="625082368" total="939524096" percent="66">
      <mem type="allocate" free="625082368" total="759234560" percent="82" />
      <mem type="survivor" free="0" total="180289536" percent="0" />
    </mem>
    <mem type="tenure" free="990218144" total="1821310976" percent="54" macro-fragmented="0">
      <mem type="soa" free="899151776" total="1730244608" percent="51" />
      <mem type="loa" free="91066368" total="91066368" percent="100" />
    </mem>
    <remembered-set count="41096" />
  </mem-info>
</gc-end>
<cycle-end id="3615" type="scavenge" contextid="3609" timestamp="2020-09-11T09:59:51.069" />
<allocation-satisfied id="3616" threadId="000000000089C800" bytesRequested="524296" />
<af-end id="3617" timestamp="2020-09-11T09:59:51.069" threadId="000000000089D180" success="true" from="nursery"/>
<exclusive-end id="3618" timestamp="2020-09-11T09:59:51.069" durationms="112.894" />

<exclusive-start id="3619" timestamp="2020-09-11T09:59:52.885" intervalms="1928.472">
  <response-info timems="0.419" idlems="0.419" threads="0" lastid="000000000085F900" lastname="Group1.Backend.CompositeBackend{Tier1}.3" />
</exclusive-start>
<af-start id="3620" threadId="0000000000860280" totalBytesRequested="208" timestamp="2020-09-11T09:59:52.885" intervalms="1928.403" type="nursery" />
<cycle-start id="3621" type="scavenge" contextid="0" timestamp="2020-09-11T09:59:52.885" intervalms="1928.368" />
<gc-start id="3622" type="scavenge" contextid="3621" timestamp="2020-09-11T09:59:52.886">
  <mem-info id="3623" free="990218144" total="2760835072" percent="35">
    <mem type="nursery" free="0" total="939524096" percent="0">
      <mem type="allocate" free="0" total="759234560" percent="0" />
      <mem type="survivor" free="0" total="180289536" percent="0" />
    </mem>
    <mem type="tenure" free="990218144" total="1821310976" percent="54">
      <mem type="soa" free="899151776" total="1730244608" percent="51" />
      <mem type="loa" free="91066368" total="91066368" percent="100" />
    </mem>
    <remembered-set count="195345" />
  </mem-info>
</gc-start>
<allocation-stats totalBytes="624780200" >
  <allocated-bytes non-tlh="30769880" tlh="594010320" />
  <largest-consumer threadName="Group1.Backend.CompositeBackend{Tier1}.3" threadId="000000000085F900" bytes="96561448" />
</allocation-stats>
<gc-op id="3624" type="scavenge" timems="94.182" contextid="3621" timestamp="2020-09-11T09:59:52.980">
  <scavenger-info tenureage="3" tenuremask="7ff8" tiltratio="80" />
  <memory-copied type="nursery" objects="4816382" bytes="129553256" bytesdiscarded="268584" />
  <memory-copied type="tenure" objects="1001929" bytes="27023744" bytesdiscarded="62120" />
  <ownableSynchronizers candidates="4075" cleared="3773" />
  <references type="soft" candidates="369" cleared="0" enqueued="0" dynamicThreshold="17" maxThreshold="32" />
  <references type="weak" candidates="113" cleared="113" enqueued="0" />
</gc-op>
<gc-end id="3625" type="scavenge" contextid="3621" durationms="95.050" usertimems="656.528" systemtimems="21.579" timestamp="2020-09-11T09:59:52.981" activeThreads="8">
  <mem-info id="3626" free="1597387736" total="2760835072" percent="57">
    <mem type="nursery" free="634380544" total="939524096" percent="67">
      <mem type="allocate" free="634380544" total="764280832" percent="83" />
      <mem type="survivor" free="0" total="175243264" percent="0" />
    </mem>
    <mem type="tenure" free="963007192" total="1821310976" percent="52" macro-fragmented="0">
      <mem type="soa" free="871940824" total="1730244608" percent="50" />
      <mem type="loa" free="91066368" total="91066368" percent="100" />
    </mem>
    <remembered-set count="39623" />
  </mem-info>
</gc-end>
<cycle-end id="3627" type="scavenge" contextid="3621" timestamp="2020-09-11T09:59:52.982" />
<allocation-satisfied id="3628" threadId="000000000085F900" bytesRequested="208" />
<af-end id="3629" timestamp="2020-09-11T09:59:52.982" threadId="0000000000860280" success="true" from="nursery"/>
<exclusive-end id="3630" timestamp="2020-09-11T09:59:52.982" durationms="97.013" />

<exclusive-start id="3631" timestamp="2020-09-11T09:59:54.716" intervalms="1831.740">
  <response-info timems="0.299" idlems="0.299" threads="0" lastid="000000000087A000" lastname="Group1.Backend.CompositeBackend{Tier1}.5" />
</exclusive-start>
<af-start id="3632" threadId="000000000087A980" totalBytesRequested="784" timestamp="2020-09-11T09:59:54.717" intervalms="1831.632" type="nursery" />
<cycle-start id="3633" type="scavenge" contextid="0" timestamp="2020-09-11T09:59:54.717" intervalms="1831.640" />
<gc-start id="3634" type="scavenge" contextid="3633" timestamp="2020-09-11T09:59:54.717">
  <mem-info id="3635" free="963007192" total="2760835072" percent="34">
    <mem type="nursery" free="0" total="939524096" percent="0">
      <mem type="allocate" free="0" total="764280832" percent="0" />
      <mem type="survivor" free="0" total="175243264" percent="0" />
    </mem>
    <mem type="tenure" free="963007192" total="1821310976" percent="52">
      <mem type="soa" free="871940824" total="1730244608" percent="50" />
      <mem type="loa" free="91066368" total="91066368" percent="100" />
    </mem>
    <remembered-set count="192444" />
  </mem-info>
</gc-start>
<allocation-stats totalBytes="634078288" >
  <allocated-bytes non-tlh="35722424" tlh="598355864" />
  <largest-consumer threadName="Group1.Backend.CompositeBackend{Tier1}.2" threadId="00000000007C9200" bytes="90231856" />
</allocation-stats>
<gc-op id="3636" type="scavenge" timems="94.973" contextid="3633" timestamp="2020-09-11T09:59:54.812">
  <scavenger-info tenureage="3" tenuremask="7ff8" tiltratio="81" />
  <memory-copied type="nursery" objects="4674685" bytes="125697992" bytesdiscarded="187416" />
  <memory-copied type="tenure" objects="1026909" bytes="27686856" bytesdiscarded="72832" />
  <ownableSynchronizers candidates="2938" cleared="2626" />
  <references type="soft" candidates="368" cleared="0" enqueued="0" dynamicThreshold="17" maxThreshold="32" />
  <references type="weak" candidates="138" cleared="137" enqueued="0" />
</gc-op>
<gc-end id="3637" type="scavenge" contextid="3633" durationms="95.768" usertimems="710.772" systemtimems="4.214" timestamp="2020-09-11T09:59:54.813" activeThreads="8">
  <mem-info id="3638" free="1579497608" total="2760835072" percent="57">
    <mem type="nursery" free="644352768" total="939524096" percent="68">
      <mem type="allocate" free="644352768" total="770310144" percent="83" />
      <mem type="survivor" free="0" total="169213952" percent="0" />
    </mem>
    <mem type="tenure" free="935144840" total="1821310976" percent="51" macro-fragmented="0">
      <mem type="soa" free="844078472" total="1730244608" percent="48" />
      <mem type="loa" free="91066368" total="91066368" percent="100" />
    </mem>
    <remembered-set count="36474" />
  </mem-info>
</gc-end>
<cycle-end id="3639" type="scavenge" contextid="3633" timestamp="2020-09-11T09:59:54.814" />
<allocation-satisfied id="3640" threadId="000000000087A000" bytesRequested="784" />
<af-end id="3641" timestamp="2020-09-11T09:59:54.814" threadId="000000000087A980" success="true" from="nursery"/>
<exclusive-end id="3642" timestamp="2020-09-11T09:59:54.814" durationms="97.546" />

<exclusive-start id="3643" timestamp="2020-09-11T09:59:56.709" intervalms="1992.381">
  <response-info timems="0.423" idlems="0.423" threads="0" lastid="000000000078AB00" lastname="Group1.Backend.CompositeBackend{Tier1}.1" />
</exclusive-start>
<af-start id="3644" threadId="000000000078B480" totalBytesRequested="664" timestamp="2020-09-11T09:59:56.709" intervalms="1992.372" type="nursery" />
<cycle-start id="3645" type="scavenge" contextid="0" timestamp="2020-09-11T09:59:56.709" intervalms="1992.357" />
<gc-start id="3646" type="scavenge" contextid="3645" timestamp="2020-09-11T09:59:56.710">
  <mem-info id="3647" free="935144840" total="2760835072" percent="33">
    <mem type="nursery" free="0" total="939524096" percent="0">
      <mem type="allocate" free="0" total="770310144" percent="0" />
      <mem type="survivor" free="0" total="169213952" percent="0" />
    </mem>
    <mem type="tenure" free="935144840" total="1821310976" percent="51">
      <mem type="soa" free="844078472" total="1730244608" percent="48" />
      <mem type="loa" free="91066368" total="91066368" percent="100" />
    </mem>
    <remembered-set count="196596" />
  </mem-info>
</gc-start>
<allocation-stats totalBytes="644038240" >
  <allocated-bytes non-tlh="26065440" tlh="617972800" />
  <largest-consumer threadName="Group1.Backend.CompositeBackend{Tier1}.6" threadId="000000000088D900" bytes="118477792" />
</allocation-stats>
<gc-op id="3648" type="scavenge" timems="96.858" contextid="3645" timestamp="2020-09-11T09:59:56.807">
  <scavenger-info tenureage="3" tenuremask="7ff8" tiltratio="81" />
  <memory-copied type="nursery" objects="3779955" bytes="101510400" bytesdiscarded="279616" />
  <memory-copied type="tenure" objects="1890408" bytes="50950760" bytesdiscarded="100136" />
  <ownableSynchronizers candidates="4554" cleared="4178" />
  <references type="soft" candidates="353" cleared="0" enqueued="0" dynamicThreshold="17" maxThreshold="32" />
  <references type="weak" candidates="107" cleared="107" enqueued="0" />
</gc-op>
<gc-end id="3649" type="scavenge" contextid="3645" durationms="98.280" usertimems="676.065" systemtimems="0.000" timestamp="2020-09-11T09:59:56.808" activeThreads="8">
  <mem-info id="3650" free="1558146096" total="2760835072" percent="56">
    <mem type="nursery" free="674143488" total="939524096" percent="71">
      <mem type="allocate" free="674143488" total="776011776" percent="86" />
      <mem type="survivor" free="0" total="163512320" percent="0" />
    </mem>
    <mem type="tenure" free="884002608" total="1821310976" percent="48" macro-fragmented="0">
      <mem type="soa" free="792936240" total="1730244608" percent="45" />
      <mem type="loa" free="91066368" total="91066368" percent="100" />
    </mem>
    <remembered-set count="26815" />
  </mem-info>
</gc-end>
<cycle-end id="3651" type="scavenge" contextid="3645" timestamp="2020-09-11T09:59:56.809" />
<allocation-satisfied id="3652" threadId="000000000078AB00" bytesRequested="664" />
<af-end id="3653" timestamp="2020-09-11T09:59:56.809" threadId="000000000078B480" success="true" from="nursery"/>
<exclusive-end id="3654" timestamp="2020-09-11T09:59:56.809" durationms="100.102" />

<exclusive-start id="3655" timestamp="2020-09-11T09:59:58.703" intervalms="1994.295">
  <response-info timems="0.523" idlems="0.523" threads="0" lastid="000000000087A000" lastname="Group1.Backend.CompositeBackend{Tier1}.5" />
</exclusive-start>
<af-start id="3656" threadId="000000000087A980" totalBytesRequested="1032" timestamp="2020-09-11T09:59:58.704" intervalms="1994.560" type="nursery" />
<cycle-start id="3657" type="scavenge" contextid="0" timestamp="2020-09-11T09:59:58.704" intervalms="1994.576" />
<gc-start id="3658" type="scavenge" contextid="3657" timestamp="2020-09-11T09:59:58.704">
  <mem-info id="3659" free="884002608" total="2760835072" percent="32">
    <mem type="nursery" free="0" total="939524096" percent="0">
      <mem type="allocate" free="0" total="776011776" percent="0" />
      <mem type="survivor" free="0" total="163512320" percent="0" />
    </mem>
    <mem type="tenure" free="884002608" total="1821310976" percent="48">
      <mem type="soa" free="792936240" total="1730244608" percent="45" />
      <mem type="loa" free="91066368" total="91066368" percent="100" />
    </mem>
    <remembered-set count="187651" />
  </mem-info>
</gc-start>
<allocation-stats totalBytes="673821792" >
  <allocated-bytes non-tlh="34612600" tlh="639209192" />
  <largest-consumer threadName="Group1.Backend.CompositeBackend{Tier1}.2" threadId="00000000007C9200" bytes="90266032" />
</allocation-stats>
<gc-op id="3660" type="scavenge" timems="84.754" contextid="3657" timestamp="2020-09-11T09:59:58.789">
  <scavenger-info tenureage="3" tenuremask="7ff8" tiltratio="82" />
  <memory-copied type="nursery" objects="4022432" bytes="107103688" bytesdiscarded="162800" />
  <memory-copied type="tenure" objects="1028477" bytes="27672704" bytesdiscarded="61808" />
  <ownableSynchronizers candidates="4246" cleared="3844" />
  <references type="soft" candidates="360" cleared="0" enqueued="0" dynamicThreshold="17" maxThreshold="32" />
  <references type="weak" candidates="119" cleared="118" enqueued="0" />
</gc-op>
<gc-end id="3661" type="scavenge" contextid="3657" durationms="85.556" usertimems="660.689" systemtimems="1.819" timestamp="2020-09-11T09:59:58.790" activeThreads="8">
  <mem-info id="3662" free="1532376368" total="2760835072" percent="55">
    <mem type="nursery" free="676074224" total="939524096" percent="71">
      <mem type="allocate" free="676074224" total="783417344" percent="86" />
      <mem type="survivor" free="0" total="156106752" percent="0" />
    </mem>
    <mem type="tenure" free="856302144" total="1821310976" percent="47" macro-fragmented="0">
      <mem type="soa" free="765235776" total="1730244608" percent="44" />
      <mem type="loa" free="91066368" total="91066368" percent="100" />
    </mem>
    <remembered-set count="30384" />
  </mem-info>
</gc-end>
<cycle-end id="3663" type="scavenge" contextid="3657" timestamp="2020-09-11T09:59:58.791" />
<allocation-satisfied id="3664" threadId="000000000087A000" bytesRequested="1032" />
<af-end id="3665" timestamp="2020-09-11T09:59:58.791" threadId="000000000087A980" success="true" from="nursery"/>
<exclusive-end id="3666" timestamp="2020-09-11T09:59:58.791" durationms="87.689" />

<exclusive-start id="3667" timestamp="2020-09-11T10:00:00.829" intervalms="2126.198">
  <response-info timems="2.319" idlems="2.319" threads="0" lastid="000000000084FB00" lastname="Group1.Backend.CompositeBackend{Tier1}.8" />
</exclusive-start>
<af-start id="3668" threadId="0000000000850480" totalBytesRequested="524296" timestamp="2020-09-11T10:00:00.830" intervalms="2126.101" type="nursery" />
<cycle-start id="3669" type="scavenge" contextid="0" timestamp="2020-09-11T10:00:00.830" intervalms="2126.146" />
<gc-start id="3670" type="scavenge" contextid="3669" timestamp="2020-09-11T10:00:00.831">
  <mem-info id="3671" free="856425304" total="2760835072" percent="31">
    <mem type="nursery" free="123160" total="939524096" percent="0">
      <mem type="allocate" free="123160" total="783417344" percent="0" />
      <mem type="survivor" free="0" total="156106752" percent="0" />
    </mem>
    <mem type="tenure" free="856302144" total="1821310976" percent="47">
      <mem type="soa" free="765235776" total="1730244608" percent="44" />
      <mem type="loa" free="91066368" total="91066368" percent="100" />
    </mem>
    <remembered-set count="192771" />
  </mem-info>
</gc-start>
<allocation-stats totalBytes="675612864" >
  <allocated-bytes non-tlh="30704088" tlh="644908776" />
  <largest-consumer threadName="Group1.Backend.CompositeBackend{Tier1}.3" threadId="000000000085F900" bytes="116405960" />
</allocation-stats>
<gc-op id="3672" type="scavenge" timems="102.136" contextid="3669" timestamp="2020-09-11T10:00:00.933">
  <scavenger-info tenureage="3" tenuremask="7ff8" tiltratio="83" />
  <memory-copied type="nursery" objects="4106943" bytes="109259784" bytesdiscarded="160760" />
  <memory-copied type="tenure" objects="963813" bytes="25904176" bytesdiscarded="60912" />
  <ownableSynchronizers candidates="3416" cleared="3036" />
  <references type="soft" candidates="400" cleared="0" enqueued="0" dynamicThreshold="17" maxThreshold="32" />
  <references type="weak" candidates="123" cleared="123" enqueued="0" />
</gc-op>
<gc-end id="3673" type="scavenge" contextid="3669" durationms="103.006" usertimems="767.030" systemtimems="0.000" timestamp="2020-09-11T10:00:00.933" activeThreads="8">
  <mem-info id="3674" free="1510565640" total="2760835072" percent="54">
    <mem type="nursery" free="680206328" total="939524096" percent="72">
      <mem type="allocate" free="680206328" total="789708800" percent="86" />
      <mem type="survivor" free="0" total="149815296" percent="0" />
    </mem>
    <mem type="tenure" free="830359312" total="1821310976" percent="45" macro-fragmented="0">
      <mem type="soa" free="739292944" total="1730244608" percent="42" />
      <mem type="loa" free="91066368" total="91066368" percent="100" />
    </mem>
    <remembered-set count="31740" />
  </mem-info>
</gc-end>
<cycle-end id="3675" type="scavenge" contextid="3669" timestamp="2020-09-11T10:00:00.934" />
<allocation-satisfied id="3676" threadId="000000000084FB00" bytesRequested="524296" />
<af-end id="3677" timestamp="2020-09-11T10:00:00.935" threadId="0000000000850480" success="true" from="nursery"/>
<exclusive-end id="3678" timestamp="2020-09-11T10:00:00.935" durationms="105.377" />

<exclusive-start id="3679" timestamp="2020-09-11T10:00:02.934" intervalms="2104.852">
  <response-info timems="0.515" idlems="0.360" threads="1" lastid="00000000007C9200" lastname="Group1.Backend.CompositeBackend{Tier1}.2" />
</exclusive-start>
<af-start id="3680" threadId="0000000000ABD680" totalBytesRequested="16" timestamp="2020-09-11T10:00:02.935" intervalms="2104.669" type="nursery" />
<cycle-start id="3681" type="scavenge" contextid="0" timestamp="2020-09-11T10:00:02.935" intervalms="2104.616" />
<gc-start id="3682" type="scavenge" contextid="3681" timestamp="2020-09-11T10:00:02.935">
  <mem-info id="3683" free="830359312" total="2760835072" percent="30">
    <mem type="nursery" free="0" total="939524096" percent="0">
      <mem type="allocate" free="0" total="789708800" percent="0" />
      <mem type="survivor" free="0" total="149815296" percent="0" />
    </mem>
    <mem type="tenure" free="830359312" total="1821310976" percent="45">
      <mem type="soa" free="739292944" total="1730244608" percent="42" />
      <mem type="loa" free="91066368" total="91066368" percent="100" />
    </mem>
    <remembered-set count="194915" />
  </mem-info>
</gc-start>
<allocation-stats totalBytes="679873728" >
  <allocated-bytes non-tlh="30791928" tlh="649081800" />
  <largest-consumer threadName="Group1.Backend.CompositeBackend{Tier1}.1" threadId="000000000078AB00" bytes="102136368" />
</allocation-stats>
<gc-op id="3684" type="scavenge" timems="92.225" contextid="3681" timestamp="2020-09-11T10:00:03.027">
  <scavenger-info tenureage="3" tenuremask="7ff8" tiltratio="84" />
  <memory-copied type="nursery" objects="4003860" bytes="107450432" bytesdiscarded="148344" />
  <memory-copied type="tenure" objects="1061654" bytes="28531016" bytesdiscarded="58544" />
  <ownableSynchronizers candidates="5060" cleared="4641" />
  <references type="soft" candidates="391" cleared="0" enqueued="0" dynamicThreshold="17" maxThreshold="32" />
  <references type="weak" candidates="118" cleared="118" enqueued="0" />
</gc-op>
<gc-end id="3685" type="scavenge" contextid="3681" durationms="93.130" usertimems="690.447" systemtimems="0.675" timestamp="2020-09-11T10:00:03.028" activeThreads="8">
  <mem-info id="3686" free="1489224248" total="2760835072" percent="53">
    <mem type="nursery" free="687528704" total="939524096" percent="73">
      <mem type="allocate" free="687528704" total="795213824" percent="86" />
      <mem type="survivor" free="0" total="144310272" percent="0" />
    </mem>
    <mem type="tenure" free="801695544" total="1821310976" percent="44" macro-fragmented="0">
      <mem type="soa" free="710629176" total="1730244608" percent="41" />
      <mem type="loa" free="91066368" total="91066368" percent="100" />
    </mem>
    <remembered-set count="31708" />
  </mem-info>
</gc-end>
<cycle-end id="3687" type="scavenge" contextid="3681" timestamp="2020-09-11T10:00:03.029" />
<allocation-satisfied id="3688" threadId="0000000000ABCD00" bytesRequested="16" />
<af-end id="3689" timestamp="2020-09-11T10:00:03.029" threadId="0000000000ABD680" success="true" from="nursery"/>
<exclusive-end id="3690" timestamp="2020-09-11T10:00:03.029" durationms="95.058" />

<exclusive-start id="3691" timestamp="2020-09-11T10:00:05.114" intervalms="2180.062">
  <response-info timems="0.589" idlems="0.298" threads="1" lastid="000000000086B200" lastname="Group1.Backend.CompositeBackend{Tier1}.4" />
</exclusive-start>
<af-start id="3692" threadId="000000000089D180" totalBytesRequested="56" timestamp="2020-09-11T10:00:05.115" intervalms="2180.230" type="nursery" />
<cycle-start id="3693" type="scavenge" contextid="0" timestamp="2020-09-11T10:00:05.115" intervalms="2180.233" />
<gc-start id="3694" type="scavenge" contextid="3693" timestamp="2020-09-11T10:00:05.115">
  <mem-info id="3695" free="801695544" total="2760835072" percent="29">
    <mem type="nursery" free="0" total="939524096" percent="0">
      <mem type="allocate" free="0" total="795213824" percent="0" />
      <mem type="survivor" free="0" total="144310272" percent="0" />
    </mem>
    <mem type="tenure" free="801695544" total="1821310976" percent="44">
      <mem type="soa" free="710629176" total="1730244608" percent="41" />
      <mem type="loa" free="91066368" total="91066368" percent="100" />
    </mem>
    <remembered-set count="196607" />
  </mem-info>
</gc-start>
<allocation-stats totalBytes="687191896" >
  <allocated-bytes non-tlh="28125696" tlh="659066200" />
  <largest-consumer threadName="Group1.Backend.CompositeBackend{Tier1}.6" threadId="000000000088D900" bytes="120909024" />
</allocation-stats>
<gc-op id="3696" type="scavenge" timems="93.849" contextid="3693" timestamp="2020-09-11T10:00:05.209">
  <scavenger-info tenureage="3" tenuremask="7ff8" tiltratio="84" />
  <memory-copied type="nursery" objects="4109356" bytes="110290384" bytesdiscarded="188696" />
  <memory-copied type="tenure" objects="1039843" bytes="27920016" bytesdiscarded="77400" />
  <ownableSynchronizers candidates="3880" cleared="3497" />
  <references type="soft" candidates="337" cleared="0" enqueued="0" dynamicThreshold="17" maxThreshold="32" />
  <references type="weak" candidates="112" cleared="112" enqueued="0" />
</gc-op>
<gc-end id="3697" type="scavenge" contextid="3693" durationms="94.798" usertimems="715.963" systemtimems="5.415" timestamp="2020-09-11T10:00:05.210" activeThreads="8">
  <mem-info id="3698" free="1461843688" total="2760835072" percent="52">
    <mem type="nursery" free="688115968" total="939524096" percent="73">
      <mem type="allocate" free="688115968" total="798687232" percent="86" />
      <mem type="survivor" free="0" total="140836864" percent="0" />
    </mem>
    <mem type="tenure" free="773727720" total="1821310976" percent="42" macro-fragmented="0">
      <mem type="soa" free="682661352" total="1730244608" percent="39" />
      <mem type="loa" free="91066368" total="91066368" percent="100" />
    </mem>
    <remembered-set count="30002" />
  </mem-info>
</gc-end>
<cycle-end id="3699" type="scavenge" contextid="3693" timestamp="2020-09-11T10:00:05.211" />
<allocation-satisfied id="3700" threadId="000000000089C800" bytesRequested="56" />
<af-end id="3701" timestamp="2020-09-11T10:00:05.211" threadId="000000000089D180" success="true" from="nursery"/>
<exclusive-end id="3702" timestamp="2020-09-11T10:00:05.211" durationms="97.017" />

</verbosegc>

