<?xml version="1.0" ?>

<verbosegc xmlns="http://www.ibm.com/j9/verbosegc" version="c1dd04cca_CMPRSS">

!@: MM_VerboseWriterFileLoggingSynchronous::openFile

!@: Before Trigger

<exclusive-start id="3703" timestamp="2020-09-11T10:00:07.228" intervalms="2113.530">
  <response-info timems="0.333" idlems="0.333" threads="0" lastid="000000000078AB00" lastname="Group1.Backend.CompositeBackend{Tier1}.1" />
</exclusive-start>
!@: handleInitialized
<initialized id="3704" timestamp="2020-09-11T10:00:07.228">
  <attribute name="gcPolicy" value="-Xgcpolicy:gencon" />
  <attribute name="maxHeapSize" value="0xe0000000" />
  <attribute name="initialHeapSize" value="0x800000" />
  <attribute name="compressedRefs" value="true" />
  <attribute name="compressedRefsDisplacement" value="0x0" />
  <attribute name="compressedRefsShift" value="0x0" />
  <attribute name="pageSize" value="0x1000" />
  <attribute name="pageType" value="not used" />
  <attribute name="requestedPageSize" value="0x1000" />
  <attribute name="requestedPageType" value="not used" />
  <attribute name="gcthreads" value="8" />
  <attribute name="packetListSplit" value="1" />
  <attribute name="cacheListSplit" value="1" />
  <attribute name="splitFreeListSplitAmount" value="1" />
  <attribute name="numaNodes" value="0" />
  <system>
    <attribute name="physicalMemory" value="16818696192" />
    <attribute name="numCPUs" value="8" />
    <attribute name="architecture" value="amd64" />
    <attribute name="os" value="Linux" />
    <attribute name="osVersion" value="4.15.0-101-generic" />
  </system>
  <vmargs>
    <vmarg name="-Xoptionsfile=/root/code/openj9-openjdk-jdk11/build/linux-x86_64-normal-server-release/jdk/lib/options.default" />
    <vmarg name="-Xlockword:mode=default,noLockword=java/lang/String,noLockword=java/util/MapEntry,noLockword=java/util/HashMap$Entry,noLockword..." />
    <vmarg name="-Xjcl:jclse29" />
    <vmarg name="-Dcom.ibm.oti.vm.bootstrap.library.path=/root/code/openj9-openjdk-jdk11/build/linux-x86_64-normal-server-release/jdk/lib/compre..." />
    <vmarg name="-Dsun.boot.library.path=/root/code/openj9-openjdk-jdk11/build/linux-x86_64-normal-server-release/jdk/lib/compressedrefs:/root/c..." />
    <vmarg name="-Djava.library.path=/root/code/openj9-openjdk-jdk11/build/linux-x86_64-normal-server-release/jdk/lib/compressedrefs:/root/code/..." />
    <vmarg name="-Djava.home=/root/code/openj9-openjdk-jdk11/build/linux-x86_64-normal-server-release/jdk" />
    <vmarg name="-Duser.dir=/root/specjbb2015" />
    <vmarg name="-verbose:gc" />
    <vmarg name="-Xmx3584M" />
    <vmarg name="-Xgc:noConcurrentMark" />
    <vmarg name="-Xtgc:parallel" />
    <vmarg name="-XX:-UseGCStartupHints" />
    <vmarg name="-Xgcpolicy:gencon" />
    <vmarg name="-Xverbosegclog:testOutput,5,100" />
    <vmarg name="-Djava.class.path=/root/specjbb2015/specjbb2015.jar" />
    <vmarg name="-Dsun.java.command=/root/specjbb2015/specjbb2015.jar -m COMPOSITE" />
    <vmarg name="-Dsun.java.launcher=SUN_STANDARD" />
    <vmarg name="-Dsun.java.launcher.pid=1347" />
  </vmargs>
</initialized>

!@: After Trigger

<af-start id="3705" threadId="000000000078B480" totalBytesRequested="520" timestamp="2020-09-11T10:00:07.229" intervalms="2113.699" type="nursery" />
<cycle-start id="3706" type="scavenge" contextid="0" timestamp="2020-09-11T10:00:07.229" intervalms="2113.742" />
<gc-start id="3707" type="scavenge" contextid="3706" timestamp="2020-09-11T10:00:07.229">
  <mem-info id="3708" free="773727720" total="2760835072" percent="28">
    <mem type="nursery" free="0" total="939524096" percent="0">
      <mem type="allocate" free="0" total="798687232" percent="0" />
      <mem type="survivor" free="0" total="140836864" percent="0" />
    </mem>
    <mem type="tenure" free="773727720" total="1821310976" percent="42">
      <mem type="soa" free="682661352" total="1730244608" percent="39" />
      <mem type="loa" free="91066368" total="91066368" percent="100" />
    </mem>
    <remembered-set count="192254" />
  </mem-info>
</gc-start>
<allocation-stats totalBytes="687780496" >
  <allocated-bytes non-tlh="31524744" tlh="656255752" />
  <largest-consumer threadName="Group1.Backend.CompositeBackend{Tier1}.7" threadId="000000000089C800" bytes="100655664" />
</allocation-stats>
<gc-op id="3709" type="scavenge" timems="83.634" contextid="3706" timestamp="2020-09-11T10:00:07.313">
  <scavenger-info tenureage="3" tenuremask="7ff8" tiltratio="85" />
  <memory-copied type="nursery" objects="4157658" bytes="111568216" bytesdiscarded="211256" />
  <memory-copied type="tenure" objects="1063311" bytes="28575800" bytesdiscarded="74392" />
  <ownableSynchronizers candidates="4678" cleared="4290" />
  <references type="soft" candidates="320" cleared="0" enqueued="0" dynamicThreshold="17" maxThreshold="32" />
  <references type="weak" candidates="104" cleared="103" enqueued="0" />
</gc-op>
<gc-end id="3710" type="scavenge" contextid="3706" durationms="84.468" usertimems="642.208" systemtimems="0.000" timestamp="2020-09-11T10:00:07.313" activeThreads="8">
  <mem-info id="3711" free="1434831056" total="2760835072" percent="51">
    <mem type="nursery" free="689709312" total="939524096" percent="73">
      <mem type="allocate" free="689709312" total="801570816" percent="86" />
      <mem type="survivor" free="0" total="137953280" percent="0" />
    </mem>
    <mem type="tenure" free="745121744" total="1821310976" percent="40" macro-fragmented="0">
      <mem type="soa" free="654055376" total="1730244608" percent="37" />
      <mem type="loa" free="91066368" total="91066368" percent="100" />
    </mem>
    <remembered-set count="28852" />
  </mem-info>
</gc-end>
<cycle-end id="3712" type="scavenge" contextid="3706" timestamp="2020-09-11T10:00:07.314" />
<allocation-satisfied id="3713" threadId="000000000078AB00" bytesRequested="520" />
<af-end id="3714" timestamp="2020-09-11T10:00:07.315" threadId="000000000078B480" success="true" from="nursery"/>
<exclusive-end id="3715" timestamp="2020-09-11T10:00:07.315" durationms="86.869" />

<exclusive-start id="3716" timestamp="2020-09-11T10:00:09.253" intervalms="2025.446">
  <response-info timems="0.499" idlems="0.499" threads="0" lastid="000000000088D900" lastname="Group1.Backend.CompositeBackend{Tier1}.6" />
</exclusive-start>
<af-start id="3717" threadId="000000000088E280" totalBytesRequested="24" timestamp="2020-09-11T10:00:09.254" intervalms="2025.299" type="nursery" />
<cycle-start id="3718" type="scavenge" contextid="0" timestamp="2020-09-11T10:00:09.254" intervalms="2025.256" />
<gc-start id="3719" type="scavenge" contextid="3718" timestamp="2020-09-11T10:00:09.254">
  <mem-info id="3720" free="745121744" total="2760835072" percent="26">
    <mem type="nursery" free="0" total="939524096" percent="0">
      <mem type="allocate" free="0" total="801570816" percent="0" />
      <mem type="survivor" free="0" total="137953280" percent="0" />
    </mem>
    <mem type="tenure" free="745121744" total="1821310976" percent="40">
      <mem type="soa" free="654055376" total="1730244608" percent="37" />
      <mem type="loa" free="91066368" total="91066368" percent="100" />
    </mem>
    <remembered-set count="189828" />
  </mem-info>
</gc-start>
<allocation-stats totalBytes="689379448" >
  <allocated-bytes non-tlh="33434952" tlh="655944496" />
  <largest-consumer threadName="Group1.Backend.CompositeBackend{Tier1}.1" threadId="000000000078AB00" bytes="103845624" />
</allocation-stats>
<gc-op id="3721" type="scavenge" timems="95.697" contextid="3718" timestamp="2020-09-11T10:00:09.350">
  <scavenger-info tenureage="3" tenuremask="7ff8" tiltratio="85" />
  <memory-copied type="nursery" objects="4121732" bytes="110595656" bytesdiscarded="137528" />
  <memory-copied type="tenure" objects="1095280" bytes="29458224" bytesdiscarded="69072" />
  <ownableSynchronizers candidates="4185" cleared="3785" />
  <references type="soft" candidates="310" cleared="0" enqueued="0" dynamicThreshold="17" maxThreshold="32" />
  <references type="weak" candidates="103" cleared="103" enqueued="0" />
</gc-op>
<gc-end id="3722" type="scavenge" contextid="3718" durationms="96.710" usertimems="685.669" systemtimems="0.000" timestamp="2020-09-11T10:00:09.351" activeThreads="8">
  <mem-info id="3723" free="1408989680" total="2760835072" percent="51">
    <mem type="nursery" free="693379072" total="939524096" percent="73">
      <mem type="allocate" free="693379072" total="804192256" percent="86" />
      <mem type="survivor" free="0" total="135331840" percent="0" />
    </mem>
    <mem type="tenure" free="715610608" total="1821310976" percent="39" macro-fragmented="0">
      <mem type="soa" free="624544240" total="1730244608" percent="36" />
      <mem type="loa" free="91066368" total="91066368" percent="100" />
    </mem>
    <remembered-set count="27879" />
  </mem-info>
</gc-end>
<cycle-end id="3724" type="scavenge" contextid="3718" timestamp="2020-09-11T10:00:09.352" />
<allocation-satisfied id="3725" threadId="000000000088D900" bytesRequested="24" />
<af-end id="3726" timestamp="2020-09-11T10:00:09.352" threadId="000000000088E280" success="true" from="nursery"/>
<exclusive-end id="3727" timestamp="2020-09-11T10:00:09.352" durationms="99.055" />

<exclusive-start id="3728" timestamp="2020-09-11T10:00:11.329" intervalms="2075.849">
  <response-info timems="0.331" idlems="0.331" threads="0" lastid="000000000087A000" lastname="Group1.Backend.CompositeBackend{Tier1}.5" />
</exclusive-start>
<af-start id="3729" threadId="000000000087A980" totalBytesRequested="32" timestamp="2020-09-11T10:00:11.330" intervalms="2075.701" type="nursery" />
<cycle-start id="3730" type="scavenge" contextid="0" timestamp="2020-09-11T10:00:11.330" intervalms="2075.765" />
<gc-start id="3731" type="scavenge" contextid="3730" timestamp="2020-09-11T10:00:11.330">
  <mem-info id="3732" free="715610608" total="2760835072" percent="25">
    <mem type="nursery" free="0" total="939524096" percent="0">
      <mem type="allocate" free="0" total="804192256" percent="0" />
      <mem type="survivor" free="0" total="135331840" percent="0" />
    </mem>
    <mem type="tenure" free="715610608" total="1821310976" percent="39">
      <mem type="soa" free="624544240" total="1730244608" percent="36" />
      <mem type="loa" free="91066368" total="91066368" percent="100" />
    </mem>
    <remembered-set count="190823" />
  </mem-info>
</gc-start>
<allocation-stats totalBytes="693040112" >
  <allocated-bytes non-tlh="34170608" tlh="658869504" />
  <largest-consumer threadName="Group1.Backend.CompositeBackend{Tier1}.5" threadId="000000000087A000" bytes="103741248" />
</allocation-stats>
<gc-op id="3733" type="scavenge" timems="98.871" contextid="3730" timestamp="2020-09-11T10:00:11.429">
  <scavenger-info tenureage="3" tenuremask="7ff8" tiltratio="85" />
  <memory-copied type="nursery" objects="4205423" bytes="112458024" bytesdiscarded="162496" />
  <memory-copied type="tenure" objects="1139926" bytes="30667400" bytesdiscarded="73688" />
  <ownableSynchronizers candidates="4051" cleared="3697" />
  <references type="soft" candidates="303" cleared="0" enqueued="0" dynamicThreshold="17" maxThreshold="32" />
  <references type="weak" candidates="129" cleared="128" enqueued="0" />
</gc-op>
<gc-end id="3734" type="scavenge" contextid="3730" durationms="99.773" usertimems="726.975" systemtimems="1.025" timestamp="2020-09-11T10:00:11.430" activeThreads="8">
  <mem-info id="3735" free="1377588856" total="2760835072" percent="49">
    <mem type="nursery" free="692928672" total="939524096" percent="73">
      <mem type="allocate" free="692928672" total="805634048" percent="86" />
      <mem type="survivor" free="0" total="133890048" percent="0" />
    </mem>
    <mem type="tenure" free="684660184" total="1821310976" percent="37" macro-fragmented="0">
      <mem type="soa" free="593593816" total="1730244608" percent="34" />
      <mem type="loa" free="91066368" total="91066368" percent="100" />
    </mem>
    <remembered-set count="29392" />
  </mem-info>
</gc-end>
<cycle-end id="3736" type="scavenge" contextid="3730" timestamp="2020-09-11T10:00:11.431" />
<allocation-satisfied id="3737" threadId="000000000087A000" bytesRequested="32" />
<af-end id="3738" timestamp="2020-09-11T10:00:11.431" threadId="000000000087A980" success="true" from="nursery"/>
<exclusive-end id="3739" timestamp="2020-09-11T10:00:11.431" durationms="101.643" />

<exclusive-start id="3740" timestamp="2020-09-11T10:00:13.452" intervalms="2122.586">
  <response-info timems="0.325" idlems="0.325" threads="0" lastid="000000000086B200" lastname="Group1.Backend.CompositeBackend{Tier1}.4" />
</exclusive-start>
<af-start id="3741" threadId="000000000086BB80" totalBytesRequested="32" timestamp="2020-09-11T10:00:13.452" intervalms="2122.552" type="nursery" />
<cycle-start id="3742" type="scavenge" contextid="0" timestamp="2020-09-11T10:00:13.452" intervalms="2122.492" />
<gc-start id="3743" type="scavenge" contextid="3742" timestamp="2020-09-11T10:00:13.453">
  <mem-info id="3744" free="684660184" total="2760835072" percent="24">
    <mem type="nursery" free="0" total="939524096" percent="0">
      <mem type="allocate" free="0" total="805634048" percent="0" />
      <mem type="survivor" free="0" total="133890048" percent="0" />
    </mem>
    <mem type="tenure" free="684660184" total="1821310976" percent="37">
      <mem type="soa" free="593593816" total="1730244608" percent="34" />
      <mem type="loa" free="91066368" total="91066368" percent="100" />
    </mem>
    <remembered-set count="193222" />
  </mem-info>
</gc-start>
<allocation-stats totalBytes="692601528" >
  <allocated-bytes non-tlh="36148272" tlh="656453256" />
  <largest-consumer threadName="Group1.Backend.CompositeBackend{Tier1}.5" threadId="000000000087A000" bytes="102211336" />
</allocation-stats>
<gc-op id="3745" type="scavenge" timems="93.302" contextid="3742" timestamp="2020-09-11T10:00:13.546">
  <scavenger-info tenureage="3" tenuremask="7ff8" tiltratio="85" />
  <memory-copied type="nursery" objects="4078220" bytes="109451872" bytesdiscarded="203544" />
  <memory-copied type="tenure" objects="1100573" bytes="29600016" bytesdiscarded="75744" />
  <ownableSynchronizers candidates="4049" cleared="3695" />
  <references type="soft" candidates="272" cleared="0" enqueued="0" dynamicThreshold="17" maxThreshold="32" />
  <references type="weak" candidates="122" cleared="122" enqueued="0" />
</gc-op>
<gc-end id="3746" type="scavenge" contextid="3742" durationms="94.210" usertimems="710.698" systemtimems="1.196" timestamp="2020-09-11T10:00:13.547" activeThreads="8">
  <mem-info id="3747" free="1352520760" total="2760835072" percent="48">
    <mem type="nursery" free="697466544" total="939524096" percent="74">
      <mem type="allocate" free="697466544" total="807206912" percent="86" />
      <mem type="survivor" free="0" total="132317184" percent="0" />
    </mem>
    <mem type="tenure" free="655054216" total="1821310976" percent="35" macro-fragmented="0">
      <mem type="soa" free="563987848" total="1730244608" percent="32" />
      <mem type="loa" free="91066368" total="91066368" percent="100" />
    </mem>
    <remembered-set count="31214" />
  </mem-info>
</gc-end>
<cycle-end id="3748" type="scavenge" contextid="3742" timestamp="2020-09-11T10:00:13.548" />
<allocation-satisfied id="3749" threadId="000000000086B200" bytesRequested="32" />
<af-end id="3750" timestamp="2020-09-11T10:00:13.548" threadId="000000000086BB80" success="true" from="nursery"/>
<exclusive-end id="3751" timestamp="2020-09-11T10:00:13.548" durationms="96.128" />

<exclusive-start id="3752" timestamp="2020-09-11T10:00:15.569" intervalms="2117.025">
  <response-info timems="0.452" idlems="0.452" threads="0" lastid="000000000084FB00" lastname="Group1.Backend.CompositeBackend{Tier1}.8" />
</exclusive-start>
<af-start id="3753" threadId="0000000000850480" totalBytesRequested="16" timestamp="2020-09-11T10:00:15.569" intervalms="2117.144" type="nursery" />
<cycle-start id="3754" type="scavenge" contextid="0" timestamp="2020-09-11T10:00:15.569" intervalms="2117.134" />
<gc-start id="3755" type="scavenge" contextid="3754" timestamp="2020-09-11T10:00:15.570">
  <mem-info id="3756" free="655054216" total="2760835072" percent="23">
    <mem type="nursery" free="0" total="939524096" percent="0">
      <mem type="allocate" free="0" total="807206912" percent="0" />
      <mem type="survivor" free="0" total="132317184" percent="0" />
    </mem>
    <mem type="tenure" free="655054216" total="1821310976" percent="35">
      <mem type="soa" free="563987848" total="1730244608" percent="32" />
      <mem type="loa" free="91066368" total="91066368" percent="100" />
    </mem>
    <remembered-set count="197733" />
  </mem-info>
</gc-start>
<allocation-stats totalBytes="697132720" >
  <allocated-bytes non-tlh="32130952" tlh="665001768" />
  <largest-consumer threadName="Group1.Backend.CompositeBackend{Tier1}.4" threadId="000000000086B200" bytes="92370568" />
</allocation-stats>
<gc-op id="3757" type="scavenge" timems="99.292" contextid="3754" timestamp="2020-09-11T10:00:15.669">
  <scavenger-info tenureage="3" tenuremask="7ff8" tiltratio="85" />
  <memory-copied type="nursery" objects="4337809" bytes="115537296" bytesdiscarded="158512" />
  <memory-copied type="tenure" objects="1061308" bytes="28550088" bytesdiscarded="75008" />
  <ownableSynchronizers candidates="4496" cleared="4165" />
  <references type="soft" candidates="265" cleared="0" enqueued="0" dynamicThreshold="17" maxThreshold="32" />
  <references type="weak" candidates="113" cleared="113" enqueued="0" />
</gc-op>
<gc-end id="3758" type="scavenge" contextid="3754" durationms="100.124" usertimems="740.861" systemtimems="0.000" timestamp="2020-09-11T10:00:15.670" activeThreads="8">
  <mem-info id="3759" free="1314793472" total="2760835072" percent="47">
    <mem type="nursery" free="688274648" total="939524096" percent="73">
      <mem type="allocate" free="688274648" total="804061184" percent="85" />
      <mem type="survivor" free="0" total="135462912" percent="0" />
    </mem>
    <mem type="tenure" free="626518824" total="1821310976" percent="34" macro-fragmented="0">
      <mem type="soa" free="535452456" total="1730244608" percent="30" />
      <mem type="loa" free="91066368" total="91066368" percent="100" />
    </mem>
    <remembered-set count="33250" />
  </mem-info>
</gc-end>
<cycle-end id="3760" type="scavenge" contextid="3754" timestamp="2020-09-11T10:00:15.671" />
<allocation-satisfied id="3761" threadId="000000000084FB00" bytesRequested="16" />
<af-end id="3762" timestamp="2020-09-11T10:00:15.671" threadId="0000000000850480" success="true" from="nursery"/>
<exclusive-end id="3763" timestamp="2020-09-11T10:00:15.671" durationms="102.121" />

<exclusive-start id="3764" timestamp="2020-09-11T10:00:17.728" intervalms="2158.989">
  <response-info timems="0.707" idlems="0.601" threads="1" lastid="00000000007C9200" lastname="Group1.Backend.CompositeBackend{Tier1}.2" />
</exclusive-start>
<af-start id="3765" threadId="000000000089D180" totalBytesRequested="16" timestamp="2020-09-11T10:00:17.728" intervalms="2159.019" type="nursery" />
<cycle-start id="3766" type="scavenge" contextid="0" timestamp="2020-09-11T10:00:17.728" intervalms="2159.053" />
<gc-start id="3767" type="scavenge" contextid="3766" timestamp="2020-09-11T10:00:17.729">
  <mem-info id="3768" free="626518824" total="2760835072" percent="22">
    <mem type="nursery" free="0" total="939524096" percent="0">
      <mem type="allocate" free="0" total="804061184" percent="0" />
      <mem type="survivor" free="0" total="135462912" percent="0" />
    </mem>
    <mem type="tenure" free="626518824" total="1821310976" percent="34">
      <mem type="soa" free="535452456" total="1730244608" percent="30" />
      <mem type="loa" free="91066368" total="91066368" percent="100" />
    </mem>
    <remembered-set count="197102" />
  </mem-info>
</gc-start>
<allocation-stats totalBytes="687932200" >
  <allocated-bytes non-tlh="29372040" tlh="658560160" />
  <largest-consumer threadName="Group1.Backend.CompositeBackend{Tier1}.3" threadId="000000000085F900" bytes="102968264" />
</allocation-stats>
<gc-op id="3769" type="scavenge" timems="86.338" contextid="3766" timestamp="2020-09-11T10:00:17.815">
  <scavenger-info tenureage="3" tenuremask="7ff8" tiltratio="85" />
  <memory-copied type="nursery" objects="4078415" bytes="109524192" bytesdiscarded="174792" />
  <memory-copied type="tenure" objects="1093773" bytes="29525432" bytesdiscarded="74640" />
  <ownableSynchronizers candidates="4754" cleared="4429" />
  <references type="soft" candidates="260" cleared="0" enqueued="0" dynamicThreshold="17" maxThreshold="32" />
  <references type="weak" candidates="118" cleared="117" enqueued="0" />
</gc-op>
<gc-end id="3770" type="scavenge" contextid="3766" durationms="87.368" usertimems="668.860" systemtimems="0.264" timestamp="2020-09-11T10:00:17.816" activeThreads="8">
  <mem-info id="3771" free="1292295224" total="2760835072" percent="46">
    <mem type="nursery" free="695460608" total="939524096" percent="74">
      <mem type="allocate" free="695460608" total="805240832" percent="86" />
      <mem type="survivor" free="0" total="134283264" percent="0" />
    </mem>
    <mem type="tenure" free="596834616" total="1821310976" percent="32" macro-fragmented="0">
      <mem type="soa" free="505768248" total="1730244608" percent="29" />
      <mem type="loa" free="91066368" total="91066368" percent="100" />
    </mem>
    <remembered-set count="32771" />
  </mem-info>
</gc-end>
<cycle-end id="3772" type="scavenge" contextid="3766" timestamp="2020-09-11T10:00:17.817" />
<allocation-satisfied id="3773" threadId="000000000089C800" bytesRequested="16" />
<af-end id="3774" timestamp="2020-09-11T10:00:17.817" threadId="000000000089D180" success="true" from="nursery"/>
<exclusive-end id="3775" timestamp="2020-09-11T10:00:17.817" durationms="89.537" />

<exclusive-start id="3776" timestamp="2020-09-11T10:00:19.729" intervalms="2001.092">
  <response-info timems="0.390" idlems="0.390" threads="0" lastid="000000000086B200" lastname="Group1.Backend.CompositeBackend{Tier1}.4" />
</exclusive-start>
<af-start id="3777" threadId="000000000086BB80" totalBytesRequested="267600" timestamp="2020-09-11T10:00:19.729" intervalms="2001.024" type="nursery" />
<cycle-start id="3778" type="scavenge" contextid="0" timestamp="2020-09-11T10:00:19.729" intervalms="2000.994" />
<gc-start id="3779" type="scavenge" contextid="3778" timestamp="2020-09-11T10:00:19.730">
  <mem-info id="3780" free="597064528" total="2760835072" percent="21">
    <mem type="nursery" free="229912" total="939524096" percent="0">
      <mem type="allocate" free="229912" total="805240832" percent="0" />
      <mem type="survivor" free="0" total="134283264" percent="0" />
    </mem>
    <mem type="tenure" free="596834616" total="1821310976" percent="32">
      <mem type="soa" free="505768248" total="1730244608" percent="29" />
      <mem type="loa" free="91066368" total="91066368" percent="100" />
    </mem>
    <remembered-set count="193081" />
  </mem-info>
</gc-start>
<allocation-stats totalBytes="694915464" >
  <allocated-bytes non-tlh="37736952" tlh="657178512" />
  <largest-consumer threadName="Group1.Backend.CompositeBackend{Tier1}.4" threadId="000000000086B200" bytes="95480584" />
</allocation-stats>
<gc-op id="3781" type="scavenge" timems="109.036" contextid="3778" timestamp="2020-09-11T10:00:19.839">
  <scavenger-info tenureage="3" tenuremask="7ff8" tiltratio="85" />
  <memory-copied type="nursery" objects="4571235" bytes="121129880" bytesdiscarded="222776" />
  <memory-copied type="tenure" objects="1089569" bytes="29287768" bytesdiscarded="91424" />
  <ownableSynchronizers candidates="4015" cleared="3694" />
  <references type="soft" candidates="250" cleared="0" enqueued="0" dynamicThreshold="17" maxThreshold="32" />
  <references type="weak" candidates="103" cleared="103" enqueued="0" />
</gc-op>
<gc-end id="3782" type="scavenge" contextid="3778" durationms="110.095" usertimems="842.024" systemtimems="0.000" timestamp="2020-09-11T10:00:19.840" activeThreads="8">
  <mem-info id="3783" free="1239796880" total="2760835072" percent="44">
    <mem type="nursery" free="672274576" total="939524096" percent="71">
      <mem type="allocate" free="672274576" total="793706496" percent="84" />
      <mem type="survivor" free="0" total="145817600" percent="0" />
    </mem>
    <mem type="tenure" free="567522304" total="1821310976" percent="31" macro-fragmented="0">
      <mem type="soa" free="476455936" total="1730244608" percent="27" />
      <mem type="loa" free="91066368" total="91066368" percent="100" />
    </mem>
    <remembered-set count="30926" />
  </mem-info>
</gc-end>
<cycle-end id="3784" type="scavenge" contextid="3778" timestamp="2020-09-11T10:00:19.841" />
<allocation-satisfied id="3785" threadId="000000000086B200" bytesRequested="267600" />
<af-end id="3786" timestamp="2020-09-11T10:00:19.841" threadId="000000000086BB80" success="true" from="nursery"/>
<exclusive-end id="3787" timestamp="2020-09-11T10:00:19.841" durationms="112.057" />

<exclusive-start id="3788" timestamp="2020-09-11T10:00:21.812" intervalms="2083.565">
  <response-info timems="0.606" idlems="0.606" threads="0" lastid="000000000088D900" lastname="Group1.Backend.CompositeBackend{Tier1}.6" />
</exclusive-start>
<af-start id="3789" threadId="000000000088E280" totalBytesRequested="520" timestamp="2020-09-11T10:00:21.813" intervalms="2083.782" type="nursery" />
<cycle-start id="3790" type="scavenge" contextid="0" timestamp="2020-09-11T10:00:21.813" intervalms="2083.798" />
<gc-start id="3791" type="scavenge" contextid="3790" timestamp="2020-09-11T10:00:21.814">
  <mem-info id="3792" free="567522304" total="2760835072" percent="20">
    <mem type="nursery" free="0" total="939524096" percent="0">
      <mem type="allocate" free="0" total="793706496" percent="0" />
      <mem type="survivor" free="0" total="145817600" percent="0" />
    </mem>
    <mem type="tenure" free="567522304" total="1821310976" percent="31">
      <mem type="soa" free="476455936" total="1730244608" percent="27" />
      <mem type="loa" free="91066368" total="91066368" percent="100" />
    </mem>
    <remembered-set count="194275" />
  </mem-info>
</gc-start>
<allocation-stats totalBytes="671955872" >
  <allocated-bytes non-tlh="30188592" tlh="641767280" />
  <largest-consumer threadName="Group1.Backend.CompositeBackend{Tier1}.1" threadId="000000000078AB00" bytes="90527016" />
</allocation-stats>
<gc-op id="3793" type="scavenge" timems="91.859" contextid="3790" timestamp="2020-09-11T10:00:21.906">
  <scavenger-info tenureage="3" tenuremask="7ff8" tiltratio="84" />
  <memory-copied type="nursery" objects="4030433" bytes="108225744" bytesdiscarded="114888" />
  <memory-copied type="tenure" objects="1131615" bytes="30400416" bytesdiscarded="95056" />
  <ownableSynchronizers candidates="3717" cleared="3406" />
  <references type="soft" candidates="224" cleared="0" enqueued="0" dynamicThreshold="17" maxThreshold="32" />
  <references type="weak" candidates="109" cleared="109" enqueued="0" />
</gc-op>
<gc-end id="3794" type="scavenge" contextid="3790" durationms="92.840" usertimems="691.095" systemtimems="0.000" timestamp="2020-09-11T10:00:21.906" activeThreads="8">
  <mem-info id="3795" free="1224408496" total="2760835072" percent="44">
    <mem type="nursery" free="687314176" total="939524096" percent="73">
      <mem type="allocate" free="687314176" total="795738112" percent="86" />
      <mem type="survivor" free="0" total="143785984" percent="0" />
    </mem>
    <mem type="tenure" free="537094320" total="1821310976" percent="29" macro-fragmented="0">
      <mem type="soa" free="446027952" total="1730244608" percent="25" />
      <mem type="loa" free="91066368" total="91066368" percent="100" />
    </mem>
    <remembered-set count="29551" />
  </mem-info>
</gc-end>
<cycle-end id="3796" type="scavenge" contextid="3790" timestamp="2020-09-11T10:00:21.910" />
<allocation-satisfied id="3797" threadId="000000000088D900" bytesRequested="520" />
<af-end id="3798" timestamp="2020-09-11T10:00:21.910" threadId="000000000088E280" success="true" from="nursery"/>
<exclusive-end id="3799" timestamp="2020-09-11T10:00:21.910" durationms="98.228" />

<exclusive-start id="3800" timestamp="2020-09-11T10:00:23.947" intervalms="2134.746">
  <response-info timems="0.275" idlems="0.147" threads="1" lastid="000000000087A000" lastname="Group1.Backend.CompositeBackend{Tier1}.5" />
</exclusive-start>
<af-start id="3801" threadId="000000000078B480" totalBytesRequested="16" timestamp="2020-09-11T10:00:23.948" intervalms="2134.558" type="nursery" />
<cycle-start id="3802" type="scavenge" contextid="0" timestamp="2020-09-11T10:00:23.948" intervalms="2134.560" />
<gc-start id="3803" type="scavenge" contextid="3802" timestamp="2020-09-11T10:00:23.948">
  <mem-info id="3804" free="537094320" total="2760835072" percent="19">
    <mem type="nursery" free="0" total="939524096" percent="0">
      <mem type="allocate" free="0" total="795738112" percent="0" />
      <mem type="survivor" free="0" total="143785984" percent="0" />
    </mem>
    <mem type="tenure" free="537094320" total="1821310976" percent="29">
      <mem type="soa" free="446027952" total="1730244608" percent="25" />
      <mem type="loa" free="91066368" total="91066368" percent="100" />
    </mem>
    <remembered-set count="194373" />
  </mem-info>
</gc-start>
<allocation-stats totalBytes="686981992" >
  <allocated-bytes non-tlh="30018816" tlh="656963176" />
  <largest-consumer threadName="Group1.Backend.CompositeBackend{Tier1}.7" threadId="000000000089C800" bytes="99568976" />
</allocation-stats>
<gc-op id="3805" type="scavenge" timems="94.085" contextid="3802" timestamp="2020-09-11T10:00:24.042">
  <scavenger-info tenureage="3" tenuremask="7ff8" tiltratio="84" />
  <memory-copied type="nursery" objects="4072568" bytes="109317792" bytesdiscarded="121224" />
  <memory-copied type="tenure" objects="1084889" bytes="29178440" bytesdiscarded="89936" />
  <ownableSynchronizers candidates="4157" cleared="3848" />
  <references type="soft" candidates="247" cleared="0" enqueued="0" dynamicThreshold="17" maxThreshold="32" />
  <references type="weak" candidates="117" cleared="117" enqueued="0" />
</gc-op>
<gc-end id="3806" type="scavenge" contextid="3802" durationms="95.024" usertimems="726.401" systemtimems="0.000" timestamp="2020-09-11T10:00:24.043" activeThreads="8">
  <mem-info id="3807" free="1197965464" total="2760835072" percent="43">
    <mem type="nursery" free="690210560" total="939524096" percent="73">
      <mem type="allocate" free="690210560" total="799735808" percent="86" />
      <mem type="survivor" free="0" total="139788288" percent="0" />
    </mem>
    <mem type="tenure" free="507754904" total="1821310976" percent="27" macro-fragmented="0">
      <mem type="soa" free="416688536" total="1730244608" percent="24" />
      <mem type="loa" free="91066368" total="91066368" percent="100" />
    </mem>
    <remembered-set count="30631" />
  </mem-info>
</gc-end>
<cycle-end id="3808" type="scavenge" contextid="3802" timestamp="2020-09-11T10:00:24.047" />
<allocation-satisfied id="3809" threadId="000000000078AB00" bytesRequested="16" />
<af-end id="3810" timestamp="2020-09-11T10:00:24.047" threadId="000000000078B480" success="true" from="nursery"/>
<exclusive-end id="3811" timestamp="2020-09-11T10:00:24.047" durationms="99.859" />

<exclusive-start id="3812" timestamp="2020-09-11T10:00:26.064" intervalms="2117.239">
  <response-info timems="0.610" idlems="0.442" threads="1" lastid="00000000007C9200" lastname="Group1.Backend.CompositeBackend{Tier1}.2" />
</exclusive-start>
<af-start id="3813" threadId="0000000000A9E880" totalBytesRequested="80" timestamp="2020-09-11T10:00:26.065" intervalms="2117.368" type="nursery" />
<cycle-start id="3814" type="scavenge" contextid="0" timestamp="2020-09-11T10:00:26.065" intervalms="2117.363" />
<gc-start id="3815" type="scavenge" contextid="3814" timestamp="2020-09-11T10:00:26.066">
  <mem-info id="3816" free="507754904" total="2760835072" percent="18">
    <mem type="nursery" free="0" total="939524096" percent="0">
      <mem type="allocate" free="0" total="799735808" percent="0" />
      <mem type="survivor" free="0" total="139788288" percent="0" />
    </mem>
    <mem type="tenure" free="507754904" total="1821310976" percent="27">
      <mem type="soa" free="416688536" total="1730244608" percent="24" />
      <mem type="loa" free="91066368" total="91066368" percent="100" />
    </mem>
    <remembered-set count="195027" />
  </mem-info>
</gc-start>
<allocation-stats totalBytes="689870776" >
  <allocated-bytes non-tlh="31794624" tlh="658076152" />
  <largest-consumer threadName="Group1.Backend.CompositeBackend{Tier1}.5" threadId="000000000087A000" bytes="98993448" />
</allocation-stats>
<gc-op id="3817" type="scavenge" timems="98.467" contextid="3814" timestamp="2020-09-11T10:00:26.164">
  <scavenger-info tenureage="3" tenuremask="7ff8" tiltratio="85" />
  <memory-copied type="nursery" objects="4117584" bytes="110523480" bytesdiscarded="172568" />
  <memory-copied type="tenure" objects="1073032" bytes="28840808" bytesdiscarded="105584" />
  <ownableSynchronizers candidates="4272" cleared="3964" />
  <references type="soft" candidates="263" cleared="0" enqueued="0" dynamicThreshold="17" maxThreshold="32" />
  <references type="weak" candidates="109" cleared="108" enqueued="0" />
</gc-op>
<gc-end id="3818" type="scavenge" contextid="3814" durationms="99.463" usertimems="692.467" systemtimems="0.000" timestamp="2020-09-11T10:00:26.165" activeThreads="8">
  <mem-info id="3819" free="1170727336" total="2760835072" percent="42">
    <mem type="nursery" free="691899392" total="939524096" percent="73">
      <mem type="allocate" free="691899392" total="802684928" percent="86" />
      <mem type="survivor" free="0" total="136839168" percent="0" />
    </mem>
    <mem type="tenure" free="478827944" total="1821310976" percent="26" macro-fragmented="0">
      <mem type="soa" free="387761576" total="1730244608" percent="22" />
      <mem type="loa" free="91066368" total="91066368" percent="100" />
    </mem>
    <remembered-set count="31033" />
  </mem-info>
</gc-end>
<cycle-end id="3820" type="scavenge" contextid="3814" timestamp="2020-09-11T10:00:26.168" />
<allocation-satisfied id="3821" threadId="0000000000A9DF00" bytesRequested="80" />
<af-end id="3822" timestamp="2020-09-11T10:00:26.168" threadId="0000000000A9E880" success="true" from="nursery"/>
<exclusive-end id="3823" timestamp="2020-09-11T10:00:26.168" durationms="104.219" />

<exclusive-start id="3824" timestamp="2020-09-11T10:00:28.109" intervalms="2044.401">
  <response-info timems="2.646" idlems="2.646" threads="0" lastid="00000000007C9200" lastname="Group1.Backend.CompositeBackend{Tier1}.2" />
</exclusive-start>
<af-start id="3825" threadId="00000000007C9B80" totalBytesRequested="32" timestamp="2020-09-11T10:00:28.109" intervalms="2044.265" type="nursery" />
<cycle-start id="3826" type="scavenge" contextid="0" timestamp="2020-09-11T10:00:28.109" intervalms="2044.260" />
<gc-start id="3827" type="scavenge" contextid="3826" timestamp="2020-09-11T10:00:28.110">
  <mem-info id="3828" free="478827944" total="2760835072" percent="17">
    <mem type="nursery" free="0" total="939524096" percent="0">
      <mem type="allocate" free="0" total="802684928" percent="0" />
      <mem type="survivor" free="0" total="136839168" percent="0" />
    </mem>
    <mem type="tenure" free="478827944" total="1821310976" percent="26">
      <mem type="soa" free="387761576" total="1730244608" percent="22" />
      <mem type="loa" free="91066368" total="91066368" percent="100" />
    </mem>
    <remembered-set count="194177" />
  </mem-info>
</gc-start>
<allocation-stats totalBytes="691571648" >
  <allocated-bytes non-tlh="34364768" tlh="657206880" />
  <largest-consumer threadName="Group1.Backend.CompositeBackend{Tier1}.5" threadId="000000000087A000" bytes="105599032" />
</allocation-stats>
<gc-op id="3829" type="scavenge" timems="107.959" contextid="3826" timestamp="2020-09-11T10:00:28.218">
  <scavenger-info tenureage="3" tenuremask="7ff8" tiltratio="85" />
  <memory-copied type="nursery" objects="4292261" bytes="114322224" bytesdiscarded="363024" />
  <memory-copied type="tenure" objects="1092671" bytes="29382928" bytesdiscarded="100880" />
  <ownableSynchronizers candidates="3479" cleared="3165" />
  <references type="soft" candidates="291" cleared="0" enqueued="0" dynamicThreshold="17" maxThreshold="32" />
  <references type="weak" candidates="109" cleared="109" enqueued="0" />
</gc-op>
<gc-end id="3830" type="scavenge" contextid="3826" durationms="108.820" usertimems="797.097" systemtimems="3.844" timestamp="2020-09-11T10:00:28.218" activeThreads="8">
  <mem-info id="3831" free="1138145928" total="2760835072" percent="41">
    <mem type="nursery" free="688827120" total="939524096" percent="73">
      <mem type="allocate" free="688827120" total="803602432" percent="85" />
      <mem type="survivor" free="0" total="135921664" percent="0" />
    </mem>
    <mem type="tenure" free="449318808" total="1821310976" percent="24" macro-fragmented="0">
      <mem type="soa" free="358252440" total="1730244608" percent="20" />
      <mem type="loa" free="91066368" total="91066368" percent="100" />
    </mem>
    <remembered-set count="31595" />
  </mem-info>
</gc-end>
<cycle-end id="3832" type="scavenge" contextid="3826" timestamp="2020-09-11T10:00:28.222" />
<allocation-satisfied id="3833" threadId="00000000007C9200" bytesRequested="32" />
<af-end id="3834" timestamp="2020-09-11T10:00:28.222" threadId="00000000007C9B80" success="true" from="nursery"/>
<exclusive-end id="3835" timestamp="2020-09-11T10:00:28.222" durationms="113.340" />

<exclusive-start id="3836" timestamp="2020-09-11T10:00:30.246" intervalms="2137.074">
  <response-info timems="0.399" idlems="0.399" threads="0" lastid="000000000087A000" lastname="Group1.Backend.CompositeBackend{Tier1}.5" />
</exclusive-start>
<af-start id="3837" threadId="000000000087A980" totalBytesRequested="16" timestamp="2020-09-11T10:00:30.246" intervalms="2137.029" type="nursery" />
<cycle-start id="3838" type="scavenge" contextid="0" timestamp="2020-09-11T10:00:30.246" intervalms="2137.024" />
<gc-start id="3839" type="scavenge" contextid="3838" timestamp="2020-09-11T10:00:30.247">
  <mem-info id="3840" free="449318808" total="2760835072" percent="16">
    <mem type="nursery" free="0" total="939524096" percent="0">
      <mem type="allocate" free="0" total="803602432" percent="0" />
      <mem type="survivor" free="0" total="135921664" percent="0" />
    </mem>
    <mem type="tenure" free="449318808" total="1821310976" percent="24">
      <mem type="soa" free="358252440" total="1730244608" percent="20" />
      <mem type="loa" free="91066368" total="91066368" percent="100" />
    </mem>
    <remembered-set count="192584" />
  </mem-info>
</gc-start>
<allocation-stats totalBytes="688507384" >
  <allocated-bytes non-tlh="34747960" tlh="653759424" />
  <largest-consumer threadName="Group1.Backend.CompositeBackend{Tier1}.5" threadId="000000000087A000" bytes="100421920" />
</allocation-stats>
<gc-op id="3841" type="scavenge" timems="104.554" contextid="3838" timestamp="2020-09-11T10:00:30.351">
  <scavenger-info tenureage="3" tenuremask="7ff8" tiltratio="85" />
  <memory-copied type="nursery" objects="4287993" bytes="113961536" bytesdiscarded="198744" />
  <memory-copied type="tenure" objects="1126152" bytes="30287952" bytesdiscarded="95592" />
  <ownableSynchronizers candidates="4626" cleared="4279" />
  <references type="soft" candidates="266" cleared="0" enqueued="0" dynamicThreshold="17" maxThreshold="32" />
  <references type="weak" candidates="127" cleared="127" enqueued="0" />
</gc-op>
<gc-end id="3842" type="scavenge" contextid="3838" durationms="105.447" usertimems="782.913" systemtimems="1.920" timestamp="2020-09-11T10:00:30.352" activeThreads="8">
  <mem-info id="3843" free="1109935312" total="2760835072" percent="40">
    <mem type="nursery" free="690934008" total="939524096" percent="73">
      <mem type="allocate" free="690934008" total="805175296" percent="85" />
      <mem type="survivor" free="0" total="134348800" percent="0" />
    </mem>
    <mem type="tenure" free="419001304" total="1821310976" percent="23" macro-fragmented="0">
      <mem type="soa" free="327934936" total="1730244608" percent="18" />
      <mem type="loa" free="91066368" total="91066368" percent="100" />
    </mem>
    <remembered-set count="31247" />
  </mem-info>
</gc-end>
<cycle-end id="3844" type="scavenge" contextid="3838" timestamp="2020-09-11T10:00:30.356" />
<allocation-satisfied id="3845" threadId="000000000087A000" bytesRequested="16" />
<af-end id="3846" timestamp="2020-09-11T10:00:30.356" threadId="000000000087A980" success="true" from="nursery"/>
<exclusive-end id="3847" timestamp="2020-09-11T10:00:30.356" durationms="110.104" />

<exclusive-start id="3848" timestamp="2020-09-11T10:00:32.285" intervalms="2039.608">
  <response-info timems="1.029" idlems="1.029" threads="0" lastid="000000000086B200" lastname="Group1.Backend.CompositeBackend{Tier1}.4" />
</exclusive-start>
<af-start id="3849" threadId="000000000086BB80" totalBytesRequested="24" timestamp="2020-09-11T10:00:32.286" intervalms="2039.846" type="nursery" />
<cycle-start id="3850" type="scavenge" contextid="0" timestamp="2020-09-11T10:00:32.286" intervalms="2039.867" />
<gc-start id="3851" type="scavenge" contextid="3850" timestamp="2020-09-11T10:00:32.287">
  <mem-info id="3852" free="419001304" total="2760835072" percent="15">
    <mem type="nursery" free="0" total="939524096" percent="0">
      <mem type="allocate" free="0" total="805175296" percent="0" />
      <mem type="survivor" free="0" total="134348800" percent="0" />
    </mem>
    <mem type="tenure" free="419001304" total="1821310976" percent="23">
      <mem type="soa" free="327934936" total="1730244608" percent="18" />
      <mem type="loa" free="91066368" total="91066368" percent="100" />
    </mem>
    <remembered-set count="192623" />
  </mem-info>
</gc-start>
<allocation-stats totalBytes="690600104" >
  <allocated-bytes non-tlh="35244512" tlh="655355592" />
  <largest-consumer threadName="Group1.Backend.CompositeBackend{Tier1}.6" threadId="000000000088D900" bytes="115791192" />
</allocation-stats>
<gc-op id="3853" type="scavenge" timems="96.407" contextid="3850" timestamp="2020-09-11T10:00:32.383">
  <scavenger-info tenureage="3" tenuremask="7ff8" tiltratio="85" />
  <memory-copied type="nursery" objects="4241833" bytes="113015256" bytesdiscarded="235256" />
  <memory-copied type="tenure" objects="1096471" bytes="29464072" bytesdiscarded="105856" />
  <ownableSynchronizers candidates="3982" cleared="3650" />
  <references type="soft" candidates="271" cleared="0" enqueued="0" dynamicThreshold="17" maxThreshold="32" />
  <references type="weak" candidates="127" cleared="127" enqueued="0" />
</gc-op>
<gc-end id="3854" type="scavenge" contextid="3850" durationms="97.367" usertimems="726.111" systemtimems="0.000" timestamp="2020-09-11T10:00:32.384" activeThreads="8">
  <mem-info id="3855" free="1082461976" total="2760835072" percent="39">
    <mem type="nursery" free="693154808" total="939524096" percent="73">
      <mem type="allocate" free="693154808" total="806486016" percent="85" />
      <mem type="survivor" free="0" total="133038080" percent="0" />
    </mem>
    <mem type="tenure" free="389307168" total="1821310976" percent="21" macro-fragmented="0">
      <mem type="soa" free="298240800" total="1730244608" percent="17" />
      <mem type="loa" free="91066368" total="91066368" percent="100" />
    </mem>
    <remembered-set count="29669" />
  </mem-info>
</gc-end>
<cycle-end id="3856" type="scavenge" contextid="3850" timestamp="2020-09-11T10:00:32.387" />
<allocation-satisfied id="3857" threadId="000000000086B200" bytesRequested="24" />
<af-end id="3858" timestamp="2020-09-11T10:00:32.387" threadId="000000000086BB80" success="true" from="nursery"/>
<exclusive-end id="3859" timestamp="2020-09-11T10:00:32.387" durationms="102.013" />

<exclusive-start id="3860" timestamp="2020-09-11T10:00:34.424" intervalms="2139.207">
  <response-info timems="0.446" idlems="0.446" threads="0" lastid="00000000007C9200" lastname="Group1.Backend.CompositeBackend{Tier1}.2" />
</exclusive-start>
<af-start id="3861" threadId="00000000007C9B80" totalBytesRequested="16" timestamp="2020-09-11T10:00:34.425" intervalms="2138.999" type="nursery" />
<cycle-start id="3862" type="scavenge" contextid="0" timestamp="2020-09-11T10:00:34.425" intervalms="2138.974" />
<gc-start id="3863" type="scavenge" contextid="3862" timestamp="2020-09-11T10:00:34.426">
  <mem-info id="3864" free="389307168" total="2760835072" percent="14">
    <mem type="nursery" free="0" total="939524096" percent="0">
      <mem type="allocate" free="0" total="806486016" percent="0" />
      <mem type="survivor" free="0" total="133038080" percent="0" />
    </mem>
    <mem type="tenure" free="389307168" total="1821310976" percent="21">
      <mem type="soa" free="298240800" total="1730244608" percent="17" />
      <mem type="loa" free="91066368" total="91066368" percent="100" />
    </mem>
    <remembered-set count="195287" />
  </mem-info>
</gc-start>
<allocation-stats totalBytes="692826280" >
  <allocated-bytes non-tlh="28740424" tlh="664085856" />
  <largest-consumer threadName="Group1.Backend.CompositeBackend{Tier1}.6" threadId="000000000088D900" bytes="126502032" />
</allocation-stats>
<gc-op id="3865" type="scavenge" timems="115.231" contextid="3862" timestamp="2020-09-11T10:00:34.541">
  <scavenger-info tenureage="3" tenuremask="7ff8" tiltratio="85" />
  <memory-copied type="nursery" objects="4325984" bytes="115602312" bytesdiscarded="128768" />
  <memory-copied type="tenure" objects="1098916" bytes="29525072" bytesdiscarded="116432" />
  <ownableSynchronizers candidates="4306" cleared="3966" />
  <references type="soft" candidates="265" cleared="0" enqueued="0" dynamicThreshold="17" maxThreshold="32" />
  <references type="weak" candidates="114" cleared="114" enqueued="0" />
</gc-op>
<gc-end id="3866" type="scavenge" contextid="3862" durationms="116.452" usertimems="849.479" systemtimems="5.342" timestamp="2020-09-11T10:00:34.542" activeThreads="8">
  <mem-info id="3867" free="1050965264" total="2760835072" percent="38">
    <mem type="nursery" free="691191792" total="939524096" percent="73">
      <mem type="allocate" free="691191792" total="807010304" percent="85" />
      <mem type="survivor" free="0" total="132513792" percent="0" />
    </mem>
    <mem type="tenure" free="359773472" total="1821310976" percent="19" macro-fragmented="0">
      <mem type="soa" free="268707104" total="1730244608" percent="15" />
      <mem type="loa" free="91066368" total="91066368" percent="100" />
    </mem>
    <remembered-set count="29398" />
  </mem-info>
</gc-end>
<cycle-end id="3868" type="scavenge" contextid="3862" timestamp="2020-09-11T10:00:34.550" />
<allocation-satisfied id="3869" threadId="00000000007C9200" bytesRequested="16" />
<af-end id="3870" timestamp="2020-09-11T10:00:34.550" threadId="00000000007C9B80" success="true" from="nursery"/>
<exclusive-end id="3871" timestamp="2020-09-11T10:00:34.550" durationms="125.385" />

<exclusive-start id="3872" timestamp="2020-09-11T10:00:36.528" intervalms="2103.717">
  <response-info timems="0.603" idlems="0.603" threads="0" lastid="000000000084FB00" lastname="Group1.Backend.CompositeBackend{Tier1}.8" />
</exclusive-start>
<af-start id="3873" threadId="0000000000850480" totalBytesRequested="65544" timestamp="2020-09-11T10:00:36.529" intervalms="2103.987" type="nursery" />
<cycle-start id="3874" type="scavenge" contextid="0" timestamp="2020-09-11T10:00:36.529" intervalms="2103.996" />
<gc-start id="3875" type="scavenge" contextid="3874" timestamp="2020-09-11T10:00:36.530">
  <mem-info id="3876" free="359773472" total="2760835072" percent="13">
    <mem type="nursery" free="0" total="939524096" percent="0">
      <mem type="allocate" free="0" total="807010304" percent="0" />
      <mem type="survivor" free="0" total="132513792" percent="0" />
    </mem>
    <mem type="tenure" free="359773472" total="1821310976" percent="19">
      <mem type="soa" free="268707104" total="1730244608" percent="15" />
      <mem type="loa" free="91066368" total="91066368" percent="100" />
    </mem>
    <remembered-set count="193866" />
  </mem-info>
</gc-start>
<allocation-stats totalBytes="690860528" >
  <allocated-bytes non-tlh="32594112" tlh="658266416" />
  <largest-consumer threadName="Group1.Backend.CompositeBackend{Tier1}.8" threadId="000000000084FB00" bytes="97415400" />
</allocation-stats>
<gc-op id="3877" type="scavenge" timems="115.348" contextid="3874" timestamp="2020-09-11T10:00:36.645">
  <scavenger-info tenureage="3" tenuremask="7ff8" tiltratio="85" />
  <memory-copied type="nursery" objects="4180136" bytes="112421304" bytesdiscarded="368576" />
  <memory-copied type="tenure" objects="1087901" bytes="29257704" bytesdiscarded="98000" />
  <ownableSynchronizers candidates="4550" cleared="4211" />
  <references type="soft" candidates="263" cleared="0" enqueued="0" dynamicThreshold="17" maxThreshold="32" />
  <references type="weak" candidates="115" cleared="114" enqueued="0" />
</gc-op>
<gc-end id="3878" type="scavenge" contextid="3874" durationms="116.582" usertimems="821.052" systemtimems="7.082" timestamp="2020-09-11T10:00:36.646" activeThreads="8">
  <mem-info id="3879" free="1025162520" total="2760835072" percent="37">
    <mem type="nursery" free="694722040" total="939524096" percent="73">
      <mem type="allocate" free="694722040" total="807600128" percent="86" />
      <mem type="survivor" free="0" total="131923968" percent="0" />
    </mem>
    <mem type="tenure" free="330440480" total="1821310976" percent="18" macro-fragmented="0">
      <mem type="soa" free="239374112" total="1730244608" percent="13" />
      <mem type="loa" free="91066368" total="91066368" percent="100" />
    </mem>
    <remembered-set count="30734" />
  </mem-info>
</gc-end>
<cycle-end id="3880" type="scavenge" contextid="3874" timestamp="2020-09-11T10:00:36.652" />
<allocation-satisfied id="3881" threadId="000000000084FB00" bytesRequested="65544" />
<af-end id="3882" timestamp="2020-09-11T10:00:36.652" threadId="0000000000850480" success="true" from="nursery"/>
<exclusive-end id="3883" timestamp="2020-09-11T10:00:36.652" durationms="123.487" />

<exclusive-start id="3884" timestamp="2020-09-11T10:00:38.612" intervalms="2084.241">
  <response-info timems="0.307" idlems="0.307" threads="0" lastid="000000000078AB00" lastname="Group1.Backend.CompositeBackend{Tier1}.1" />
</exclusive-start>
<af-start id="3885" threadId="000000000078B480" totalBytesRequested="656" timestamp="2020-09-11T10:00:38.613" intervalms="2084.241" type="nursery" />
<cycle-start id="3886" type="scavenge" contextid="0" timestamp="2020-09-11T10:00:38.614" intervalms="2084.271" />
<gc-start id="3887" type="scavenge" contextid="3886" timestamp="2020-09-11T10:00:38.614">
  <mem-info id="3888" free="330440480" total="2760835072" percent="11">
    <mem type="nursery" free="0" total="939524096" percent="0">
      <mem type="allocate" free="0" total="807600128" percent="0" />
      <mem type="survivor" free="0" total="131923968" percent="0" />
    </mem>
    <mem type="tenure" free="330440480" total="1821310976" percent="18">
      <mem type="soa" free="239374112" total="1730244608" percent="13" />
      <mem type="loa" free="91066368" total="91066368" percent="100" />
    </mem>
    <remembered-set count="193679" />
  </mem-info>
</gc-start>
<allocation-stats totalBytes="694410792" >
  <allocated-bytes non-tlh="36751304" tlh="657659488" />
  <largest-consumer threadName="Group1.Backend.CompositeBackend{Tier1}.5" threadId="000000000087A000" bytes="96990808" />
</allocation-stats>
<gc-op id="3889" type="scavenge" timems="117.163" contextid="3886" timestamp="2020-09-11T10:00:38.731">
  <scavenger-info tenureage="3" tenuremask="7ff8" tiltratio="85" />
  <memory-copied type="nursery" objects="4187679" bytes="112691096" bytesdiscarded="158680" />
  <memory-copied type="tenure" objects="1074086" bytes="28878448" bytesdiscarded="105128" />
  <ownableSynchronizers candidates="3438" cleared="3112" />
  <references type="soft" candidates="266" cleared="0" enqueued="0" dynamicThreshold="17" maxThreshold="32" />
  <references type="weak" candidates="112" cleared="112" enqueued="0" />
</gc-op>
<gc-end id="3890" type="scavenge" contextid="3886" durationms="118.150" usertimems="837.967" systemtimems="22.981" timestamp="2020-09-11T10:00:38.732" activeThreads="8">
  <mem-info id="3891" free="997282296" total="2760835072" percent="36">
    <mem type="nursery" free="695709944" total="939524096" percent="74">
      <mem type="allocate" free="695709944" total="808648704" percent="86" />
      <mem type="survivor" free="0" total="130875392" percent="0" />
    </mem>
    <mem type="tenure" free="301572352" total="1821310976" percent="16" macro-fragmented="0">
      <mem type="soa" free="210505984" total="1730244608" percent="12" />
      <mem type="loa" free="91066368" total="91066368" percent="100" />
    </mem>
    <remembered-set count="31233" />
  </mem-info>
</gc-end>
<cycle-end id="3892" type="scavenge" contextid="3886" timestamp="2020-09-11T10:00:38.733" />
<allocation-satisfied id="3893" threadId="000000000078AB00" bytesRequested="656" />
<af-end id="3894" timestamp="2020-09-11T10:00:38.733" threadId="000000000078B480" success="true" from="nursery"/>
<exclusive-end id="3895" timestamp="2020-09-11T10:00:38.733" durationms="120.413" />

<exclusive-start id="3896" timestamp="2020-09-11T10:00:40.840" intervalms="2227.918">
  <response-info timems="0.514" idlems="0.514" threads="0" lastid="000000000085F900" lastname="Group1.Backend.CompositeBackend{Tier1}.3" />
</exclusive-start>
<af-start id="3897" threadId="0000000000860280" totalBytesRequested="1032" timestamp="2020-09-11T10:00:40.841" intervalms="2227.768" type="nursery" />
<cycle-start id="3898" type="scavenge" contextid="0" timestamp="2020-09-11T10:00:40.841" intervalms="2227.751" />
<gc-start id="3899" type="scavenge" contextid="3898" timestamp="2020-09-11T10:00:40.842">
  <mem-info id="3900" free="301572352" total="2760835072" percent="10">
    <mem type="nursery" free="0" total="939524096" percent="0">
      <mem type="allocate" free="0" total="808648704" percent="0" />
      <mem type="survivor" free="0" total="130875392" percent="0" />
    </mem>
    <mem type="tenure" free="301572352" total="1821310976" percent="16">
      <mem type="soa" free="210505984" total="1730244608" percent="12" />
      <mem type="loa" free="91066368" total="91066368" percent="100" />
    </mem>
    <remembered-set count="199808" />
  </mem-info>
</gc-start>
<allocation-stats totalBytes="695355536" >
  <allocated-bytes non-tlh="23132152" tlh="672223384" />
  <largest-consumer threadName="Group1.Backend.CompositeBackend{Tier1}.7" threadId="000000000089C800" bytes="93084720" />
</allocation-stats>
<gc-op id="3901" type="scavenge" timems="109.265" contextid="3898" timestamp="2020-09-11T10:00:40.951">
  <scavenger-info tenureage="3" tenuremask="7ff8" tiltratio="86" />
  <memory-copied type="nursery" objects="4212060" bytes="112782784" bytesdiscarded="202352" />
  <memory-copied type="tenure" objects="1125249" bytes="30748328" bytesdiscarded="134920" />
  <ownableSynchronizers candidates="3805" cleared="3493" />
  <references type="soft" candidates="257" cleared="0" enqueued="0" dynamicThreshold="17" maxThreshold="32" />
  <references type="weak" candidates="117" cleared="116" enqueued="0" />
</gc-op>
<gc-end id="3902" type="scavenge" contextid="3898" durationms="110.190" usertimems="789.277" systemtimems="1.802" timestamp="2020-09-11T10:00:40.952" activeThreads="8">
  <mem-info id="3903" free="967130744" total="2760835072" percent="35">
    <mem type="nursery" free="696493304" total="939524096" percent="74">
      <mem type="allocate" free="696493304" total="809566208" percent="86" />
      <mem type="survivor" free="0" total="129957888" percent="0" />
    </mem>
    <mem type="tenure" free="270637440" total="1821310976" percent="14" macro-fragmented="0">
      <mem type="soa" free="179571072" total="1730244608" percent="10" />
      <mem type="loa" free="91066368" total="91066368" percent="100" />
    </mem>
    <remembered-set count="32776" />
  </mem-info>
</gc-end>
<cycle-end id="3904" type="scavenge" contextid="3898" timestamp="2020-09-11T10:00:40.953" />
<allocation-satisfied id="3905" threadId="000000000085F900" bytesRequested="1032" />
<af-end id="3906" timestamp="2020-09-11T10:00:40.953" threadId="0000000000860280" success="true" from="nursery"/>
<exclusive-end id="3907" timestamp="2020-09-11T10:00:40.953" durationms="112.308" />

<exclusive-start id="3908" timestamp="2020-09-11T10:00:42.847" intervalms="2006.963">
  <response-info timems="0.751" idlems="0.391" threads="1" lastid="000000000078AB00" lastname="Group1.Backend.CompositeBackend{Tier1}.1" />
</exclusive-start>
<af-start id="3909" threadId="000000000086BB80" totalBytesRequested="32" timestamp="2020-09-11T10:00:42.848" intervalms="2006.866" type="nursery" />
<cycle-start id="3910" type="scavenge" contextid="0" timestamp="2020-09-11T10:00:42.848" intervalms="2006.864" />
<gc-start id="3911" type="scavenge" contextid="3910" timestamp="2020-09-11T10:00:42.849">
  <mem-info id="3912" free="270637440" total="2760835072" percent="9">
    <mem type="nursery" free="0" total="939524096" percent="0">
      <mem type="allocate" free="0" total="809566208" percent="0" />
      <mem type="survivor" free="0" total="129957888" percent="0" />
    </mem>
    <mem type="tenure" free="270637440" total="1821310976" percent="14">
      <mem type="soa" free="179571072" total="1730244608" percent="10" />
      <mem type="loa" free="91066368" total="91066368" percent="100" />
    </mem>
    <remembered-set count="192512" />
  </mem-info>
</gc-start>
<allocation-stats totalBytes="696165416" >
  <allocated-bytes non-tlh="41034288" tlh="655131128" />
  <largest-consumer threadName="Group1.Backend.CompositeBackend{Tier1}.7" threadId="000000000089C800" bytes="124639576" />
</allocation-stats>
<gc-op id="3913" type="scavenge" timems="107.183" contextid="3910" timestamp="2020-09-11T10:00:42.956">
  <scavenger-info tenureage="3" tenuremask="7ff8" tiltratio="86" />
  <memory-copied type="nursery" objects="4231589" bytes="112719592" bytesdiscarded="150888" />
  <memory-copied type="tenure" objects="1093365" bytes="29370440" bytesdiscarded="112896" />
  <ownableSynchronizers candidates="3915" cleared="3624" />
  <references type="soft" candidates="258" cleared="0" enqueued="0" dynamicThreshold="17" maxThreshold="32" />
  <references type="weak" candidates="108" cleared="108" enqueued="0" />
</gc-op>
<gc-end id="3914" type="scavenge" contextid="3910" durationms="108.860" usertimems="805.187" systemtimems="13.541" timestamp="2020-09-11T10:00:42.957" activeThreads="8">
  <mem-info id="3915" free="938561152" total="2760835072" percent="33">
    <mem type="nursery" free="697335544" total="939524096" percent="74">
      <mem type="allocate" free="697335544" total="810287104" percent="86" />
      <mem type="survivor" free="0" total="129236992" percent="0" />
    </mem>
    <mem type="tenure" free="241225608" total="1821310976" percent="13" macro-fragmented="0">
      <mem type="soa" free="150159240" total="1730244608" percent="8" />
      <mem type="loa" free="91066368" total="91066368" percent="100" />
    </mem>
    <remembered-set count="30786" />
  </mem-info>
</gc-end>
<cycle-end id="3916" type="scavenge" contextid="3910" timestamp="2020-09-11T10:00:42.958" />
<allocation-satisfied id="3917" threadId="000000000086B200" bytesRequested="32" />
<af-end id="3918" timestamp="2020-09-11T10:00:42.958" threadId="000000000086BB80" success="true" from="nursery"/>
<exclusive-end id="3919" timestamp="2020-09-11T10:00:42.959" durationms="111.294" />

<exclusive-start id="3920" timestamp="2020-09-11T10:00:45.006" intervalms="2158.884">
  <response-info timems="0.777" idlems="0.647" threads="1" lastid="000000000085F900" lastname="Group1.Backend.CompositeBackend{Tier1}.3" />
</exclusive-start>
<af-start id="3921" threadId="000000000086BB80" totalBytesRequested="120" timestamp="2020-09-11T10:00:45.007" intervalms="2158.986" type="nursery" />
<cycle-start id="3922" type="scavenge" contextid="0" timestamp="2020-09-11T10:00:45.007" intervalms="2158.984" />
<gc-start id="3923" type="scavenge" contextid="3922" timestamp="2020-09-11T10:00:45.007">
  <mem-info id="3924" free="241225608" total="2760835072" percent="8">
    <mem type="nursery" free="0" total="939524096" percent="0">
      <mem type="allocate" free="0" total="810287104" percent="0" />
      <mem type="survivor" free="0" total="129236992" percent="0" />
    </mem>
    <mem type="tenure" free="241225608" total="1821310976" percent="13">
      <mem type="soa" free="150159240" total="1730244608" percent="8" />
      <mem type="loa" free="91066368" total="91066368" percent="100" />
    </mem>
    <remembered-set count="196198" />
  </mem-info>
</gc-start>
<allocation-stats totalBytes="696985808" >
  <allocated-bytes non-tlh="34382232" tlh="662603576" />
  <largest-consumer threadName="Group1.Backend.CompositeBackend{Tier1}.4" threadId="000000000086B200" bytes="109579960" />
</allocation-stats>
<gc-op id="3925" type="scavenge" timems="100.565" contextid="3922" timestamp="2020-09-11T10:00:45.108">
  <scavenger-info tenureage="3" tenuremask="7ff8" tiltratio="86" />
  <memory-copied type="nursery" objects="4135867" bytes="111116104" bytesdiscarded="124904" />
  <memory-copied type="tenure" objects="1090381" bytes="29307976" bytesdiscarded="105768" />
  <ownableSynchronizers candidates="3860" cleared="3565" />
  <references type="soft" candidates="258" cleared="0" enqueued="0" dynamicThreshold="17" maxThreshold="32" />
  <references type="weak" candidates="108" cleared="108" enqueued="0" />
</gc-op>
<gc-end id="3926" type="scavenge" contextid="3922" durationms="101.494" usertimems="772.900" systemtimems="0.000" timestamp="2020-09-11T10:00:45.109" activeThreads="8">
  <mem-info id="3927" free="911369456" total="2760835072" percent="33">
    <mem type="nursery" free="699543776" total="939524096" percent="74">
      <mem type="allocate" free="699543776" total="810876928" percent="86" />
      <mem type="survivor" free="0" total="128647168" percent="0" />
    </mem>
    <mem type="tenure" free="211825680" total="1821310976" percent="11" macro-fragmented="0">
      <mem type="soa" free="120759312" total="1730244608" percent="6" />
      <mem type="loa" free="91066368" total="91066368" percent="100" />
    </mem>
    <remembered-set count="31732" />
  </mem-info>
</gc-end>
<cycle-end id="3928" type="scavenge" contextid="3922" timestamp="2020-09-11T10:00:45.110" />
<allocation-satisfied id="3929" threadId="000000000086B200" bytesRequested="120" />
<af-end id="3930" timestamp="2020-09-11T10:00:45.110" threadId="000000000086BB80" success="true" from="nursery"/>
<exclusive-end id="3931" timestamp="2020-09-11T10:00:45.110" durationms="103.514" />

<exclusive-start id="3932" timestamp="2020-09-11T10:00:47.248" intervalms="2241.438">
  <response-info timems="0.491" idlems="0.483" threads="1" lastid="000000000086B200" lastname="Group1.Backend.CompositeBackend{Tier1}.4" />
</exclusive-start>
<af-start id="3933" threadId="0000000000860280" totalBytesRequested="1032" timestamp="2020-09-11T10:00:47.248" intervalms="2241.300" type="nursery" />
<cycle-start id="3934" type="scavenge" contextid="0" timestamp="2020-09-11T10:00:47.248" intervalms="2241.316" />
<gc-start id="3935" type="scavenge" contextid="3934" timestamp="2020-09-11T10:00:47.249">
  <mem-info id="3936" free="211825680" total="2760835072" percent="7">
    <mem type="nursery" free="0" total="939524096" percent="0">
      <mem type="allocate" free="0" total="810876928" percent="0" />
      <mem type="survivor" free="0" total="128647168" percent="0" />
    </mem>
    <mem type="tenure" free="211825680" total="1821310976" percent="11">
      <mem type="soa" free="120759312" total="1730244608" percent="6" />
      <mem type="loa" free="91066368" total="91066368" percent="100" />
    </mem>
    <remembered-set count="200929" />
  </mem-info>
</gc-start>
<allocation-stats totalBytes="699192360" >
  <allocated-bytes non-tlh="21303560" tlh="677888800" />
  <largest-consumer threadName="Group1.Backend.CompositeBackend{Tier1}.5" threadId="000000000087A000" bytes="128128248" />
</allocation-stats>
<gc-op id="3937" type="scavenge" timems="108.292" contextid="3934" timestamp="2020-09-11T10:00:47.357">
  <scavenger-info tenureage="3" tenuremask="7ff8" tiltratio="86" />
  <memory-copied type="nursery" objects="4315365" bytes="115480944" bytesdiscarded="467680" />
  <memory-copied type="tenure" objects="1169089" bytes="31439896" bytesdiscarded="127360" />
  <ownableSynchronizers candidates="5308" cleared="4975" />
  <references type="soft" candidates="288" cleared="0" enqueued="0" dynamicThreshold="17" maxThreshold="32" />
  <references type="weak" candidates="97" cleared="97" enqueued="0" />
</gc-op>
<gc-end id="3938" type="scavenge" contextid="3934" durationms="109.310" usertimems="819.956" systemtimems="4.429" timestamp="2020-09-11T10:00:47.358" activeThreads="8">
  <mem-info id="3939" free="870528416" total="2760835072" percent="31">
    <mem type="nursery" free="690320032" total="939524096" percent="73">
      <mem type="allocate" free="690320032" total="806354944" percent="85" />
      <mem type="survivor" free="0" total="133169152" percent="0" />
    </mem>
    <mem type="tenure" free="180208384" total="1821310976" percent="9" macro-fragmented="0">
      <mem type="soa" free="89142016" total="1730244608" percent="5" />
      <mem type="loa" free="91066368" total="91066368" percent="100" />
    </mem>
    <remembered-set count="32325" />
  </mem-info>
</gc-end>
<cycle-end id="3940" type="scavenge" contextid="3934" timestamp="2020-09-11T10:00:47.359" />
<allocation-satisfied id="3941" threadId="000000000085F900" bytesRequested="1032" />
<af-end id="3942" timestamp="2020-09-11T10:00:47.359" threadId="0000000000860280" success="true" from="nursery"/>
<exclusive-end id="3943" timestamp="2020-09-11T10:00:47.359" durationms="111.536" />

<exclusive-start id="3944" timestamp="2020-09-11T10:00:49.153" intervalms="1905.026">
  <response-info timems="9.579" idlems="9.579" threads="0" lastid="000000000089C800" lastname="Group1.Backend.CompositeBackend{Tier1}.7" />
</exclusive-start>
<af-start id="3945" threadId="000000000089D180" totalBytesRequested="16" timestamp="2020-09-11T10:00:49.153" intervalms="1904.989" type="nursery" />
<cycle-start id="3946" type="scavenge" contextid="0" timestamp="2020-09-11T10:00:49.153" intervalms="1904.954" />
<gc-start id="3947" type="scavenge" contextid="3946" timestamp="2020-09-11T10:00:49.154">
  <mem-info id="3948" free="180208384" total="2760835072" percent="6">
    <mem type="nursery" free="0" total="939524096" percent="0">
      <mem type="allocate" free="0" total="806354944" percent="0" />
      <mem type="survivor" free="0" total="133169152" percent="0" />
    </mem>
    <mem type="tenure" free="180208384" total="1821310976" percent="9">
      <mem type="soa" free="89142016" total="1730244608" percent="5" />
      <mem type="loa" free="91066368" total="91066368" percent="100" />
    </mem>
    <remembered-set count="188082" />
  </mem-info>
</gc-start>
<allocation-stats totalBytes="690020344" >
  <allocated-bytes non-tlh="45013464" tlh="645006880" />
  <largest-consumer threadName="Group1.Backend.CompositeBackend{Tier1}.5" threadId="000000000087A000" bytes="112177216" />
</allocation-stats>
<gc-op id="3949" type="scavenge" timems="82.994" contextid="3946" timestamp="2020-09-11T10:00:49.237">
  <scavenger-info tenureage="3" tenuremask="7ff8" tiltratio="85" />
  <memory-copied type="nursery" objects="4142075" bytes="111245848" bytesdiscarded="126152" />
  <memory-copied type="tenure" objects="1029877" bytes="27689744" bytesdiscarded="118192" />
  <ownableSynchronizers candidates="4243" cleared="3898" />
  <references type="soft" candidates="303" cleared="0" enqueued="0" dynamicThreshold="17" maxThreshold="32" />
  <references type="weak" candidates="118" cleared="118" enqueued="0" />
</gc-op>
<gc-end id="3950" type="scavenge" contextid="3946" durationms="83.900" usertimems="616.056" systemtimems="0.000" timestamp="2020-09-11T10:00:49.237" activeThreads="8">
  <mem-info id="3951" free="847789368" total="2760835072" percent="30">
    <mem type="nursery" free="695686064" total="939524096" percent="74">
      <mem type="allocate" free="695686064" total="807141376" percent="86" />
      <mem type="survivor" free="0" total="132382720" percent="0" />
    </mem>
    <mem type="tenure" free="152103304" total="1821310976" percent="8" macro-fragmented="0">
      <mem type="soa" free="61036936" total="1730244608" percent="3" />
      <mem type="loa" free="91066368" total="91066368" percent="100" />
    </mem>
    <remembered-set count="30526" />
  </mem-info>
</gc-end>
<cycle-end id="3952" type="scavenge" contextid="3946" timestamp="2020-09-11T10:00:49.238" />
<allocation-satisfied id="3953" threadId="000000000089C800" bytesRequested="16" />
<af-end id="3954" timestamp="2020-09-11T10:00:49.238" threadId="000000000089D180" success="true" from="nursery"/>
<exclusive-end id="3955" timestamp="2020-09-11T10:00:49.238" durationms="85.765" />

<exclusive-start id="3956" timestamp="2020-09-11T10:00:51.375" intervalms="2222.772">
  <response-info timems="0.531" idlems="0.275" threads="1" lastid="000000000087A000" lastname="Group1.Backend.CompositeBackend{Tier1}.5" />
</exclusive-start>
<af-start id="3957" threadId="0000000000850480" totalBytesRequested="24" timestamp="2020-09-11T10:00:51.376" intervalms="2223.004" type="nursery" />
<cycle-start id="3958" type="scavenge" contextid="0" timestamp="2020-09-11T10:00:51.376" intervalms="2223.034" />
<gc-start id="3959" type="scavenge" contextid="3958" timestamp="2020-09-11T10:00:51.377">
  <mem-info id="3960" free="152103304" total="2760835072" percent="5">
    <mem type="nursery" free="0" total="939524096" percent="0">
      <mem type="allocate" free="0" total="807141376" percent="0" />
      <mem type="survivor" free="0" total="132382720" percent="0" />
    </mem>
    <mem type="tenure" free="152103304" total="1821310976" percent="8">
      <mem type="soa" free="61036936" total="1730244608" percent="3" />
      <mem type="loa" free="91066368" total="91066368" percent="100" />
    </mem>
    <remembered-set count="194737" />
  </mem-info>
</gc-start>
<allocation-stats totalBytes="695341520" >
  <allocated-bytes non-tlh="31297544" tlh="664043976" />
  <largest-consumer threadName="Group1.Backend.CompositeBackend{Tier1}.8" threadId="000000000084FB00" bytes="108125352" />
</allocation-stats>
<gc-op id="3961" type="scavenge" timems="120.034" contextid="3958" timestamp="2020-09-11T10:00:51.497">
  <scavenger-info tenureage="3" tenuremask="7ff8" tiltratio="85" />
  <memory-copied type="nursery" objects="4116713" bytes="110452088" bytesdiscarded="174016" />
  <memory-copied type="tenure" objects="1137885" bytes="30699768" bytesdiscarded="26320" />
  <ownableSynchronizers candidates="4733" cleared="4366" />
  <references type="soft" candidates="288" cleared="0" enqueued="0" dynamicThreshold="17" maxThreshold="32" />
  <references type="weak" candidates="123" cleared="123" enqueued="0" />
</gc-op>
<gc-end id="3962" type="scavenge" contextid="3958" durationms="120.920" usertimems="806.067" systemtimems="25.957" timestamp="2020-09-11T10:00:51.498" activeThreads="8">
  <mem-info id="3963" free="819287272" total="2760835072" percent="29">
    <mem type="nursery" free="698002432" total="939524096" percent="74">
      <mem type="allocate" free="698002432" total="808714240" percent="86" />
      <mem type="survivor" free="0" total="130809856" percent="0" />
    </mem>
    <mem type="tenure" free="121284840" total="1821310976" percent="6" macro-fragmented="0">
      <mem type="soa" free="30218472" total="1730244608" percent="1" />
      <mem type="loa" free="91066368" total="91066368" percent="100" />
    </mem>
    <remembered-set count="29055" />
  </mem-info>
</gc-end>
<cycle-end id="3964" type="scavenge" contextid="3958" timestamp="2020-09-11T10:00:51.499" />
<allocation-satisfied id="3965" threadId="000000000084FB00" bytesRequested="24" />
<af-end id="3966" timestamp="2020-09-11T10:00:51.499" threadId="0000000000850480" success="true" from="nursery"/>
<exclusive-end id="3967" timestamp="2020-09-11T10:00:51.499" durationms="123.725" />

<exclusive-start id="3968" timestamp="2020-09-11T10:00:53.426" intervalms="2050.815">
  <response-info timems="0.308" idlems="0.308" threads="0" lastid="000000000086B200" lastname="Group1.Backend.CompositeBackend{Tier1}.4" />
</exclusive-start>
<af-start id="3969" threadId="000000000086BB80" totalBytesRequested="56" timestamp="2020-09-11T10:00:53.427" intervalms="2050.864" type="nursery" />
<cycle-start id="3970" type="scavenge" contextid="0" timestamp="2020-09-11T10:00:53.427" intervalms="2050.880" />
<gc-start id="3971" type="scavenge" contextid="3970" timestamp="2020-09-11T10:00:53.428">
  <mem-info id="3972" free="121284840" total="2760835072" percent="4">
    <mem type="nursery" free="0" total="939524096" percent="0">
      <mem type="allocate" free="0" total="808714240" percent="0" />
      <mem type="survivor" free="0" total="130809856" percent="0" />
    </mem>
    <mem type="tenure" free="121284840" total="1821310976" percent="6">
      <mem type="soa" free="30218472" total="1730244608" percent="1" />
      <mem type="loa" free="91066368" total="91066368" percent="100" />
    </mem>
    <remembered-set count="193113" />
  </mem-info>
</gc-start>
<allocation-stats totalBytes="697664136" >
  <allocated-bytes non-tlh="32821984" tlh="664842152" />
  <largest-consumer threadName="Group1.Backend.CompositeBackend{Tier1}.8" threadId="000000000084FB00" bytes="101100728" />
</allocation-stats>
<gc-op id="3973" type="scavenge" timems="105.127" contextid="3970" timestamp="2020-09-11T10:00:53.533">
  <scavenger-info tenureage="3" tenuremask="7ff8" tiltratio="86" />
  <memory-copied type="nursery" objects="4628850" bytes="121782592" bytesdiscarded="166456" />
  <memory-copied type="tenure" objects="1158809" bytes="31184992" bytesdiscarded="25744" />
  <ownableSynchronizers candidates="4411" cleared="4035" />
  <references type="soft" candidates="271" cleared="0" enqueued="0" dynamicThreshold="17" maxThreshold="32" />
  <references type="weak" candidates="114" cleared="113" enqueued="0" />
  <heap-resize type="expand" space="tenure" amount="1048576" count="1" timems="0.238" reason="continue current collection" />
</gc-op>
<gc-end id="3974" type="scavenge" contextid="3970" durationms="106.690" usertimems="812.639" systemtimems="0.000" timestamp="2020-09-11T10:00:53.534" activeThreads="8">
  <mem-info id="3975" free="763118408" total="2761883648" percent="27">
    <mem type="nursery" free="671999816" total="939524096" percent="71">
      <mem type="allocate" free="671999816" total="794034176" percent="84" />
      <mem type="survivor" free="0" total="145489920" percent="0" />
    </mem>
    <mem type="tenure" free="91118592" total="1822359552" percent="5" macro-fragmented="655400">
      <mem type="soa" free="0" total="1731240960" percent="0" />
      <mem type="loa" free="91118592" total="91118592" percent="100" />
    </mem>
    <remembered-set count="30454" />
  </mem-info>
</gc-end>
<cycle-end id="3976" type="scavenge" contextid="3970" timestamp="2020-09-11T10:00:53.535" />
<allocation-satisfied id="3977" threadId="000000000086B200" bytesRequested="56" />
<af-end id="3978" timestamp="2020-09-11T10:00:53.535" threadId="000000000086BB80" success="true" from="nursery"/>
<exclusive-end id="3979" timestamp="2020-09-11T10:00:53.535" durationms="109.236" />

<exclusive-start id="3980" timestamp="2020-09-11T10:00:55.486" intervalms="2059.395">
  <response-info timems="6.335" idlems="6.335" threads="0" lastid="000000000089C800" lastname="Group1.Backend.CompositeBackend{Tier1}.7" />
</exclusive-start>
<af-start id="3981" threadId="000000000089D180" totalBytesRequested="16" timestamp="2020-09-11T10:00:55.486" intervalms="2059.128" type="nursery" />
<percolate-collect id="3982" from="nursery" to="global" reason="prevent tenure expand" timestamp="2020-09-11T10:00:55.486"/>
<cycle-start id="3983" type="global" contextid="0" timestamp="2020-09-11T10:00:55.487" intervalms="66168.554" />
<gc-start id="3984" type="global" contextid="3983" timestamp="2020-09-11T10:00:55.487">
  <mem-info id="3985" free="91118592" total="2761883648" percent="3">
    <mem type="nursery" free="0" total="939524096" percent="0">
      <mem type="allocate" free="0" total="794034176" percent="0" />
      <mem type="survivor" free="0" total="145489920" percent="0" />
    </mem>
    <mem type="tenure" free="91118592" total="1822359552" percent="5">
      <mem type="soa" free="0" total="1731240960" percent="0" />
      <mem type="loa" free="91118592" total="91118592" percent="100" />
    </mem>
    <remembered-set count="193355" />
  </mem-info>
</gc-start>
<allocation-stats totalBytes="671657336" >
  <allocated-bytes non-tlh="30634040" tlh="641023296" />
  <largest-consumer threadName="Group1.Backend.CompositeBackend{Tier1}.4" threadId="000000000086B200" bytes="97659456" />
</allocation-stats>
<heap-resize id="3986" type="loa contract" space="tenure" amount="18224128" count="1" timems="0.000" reason="contract underutilized loa" timestamp="2020-09-11T10:00:55.487" />
<gc-op id="3987" type="mark" timems="488.480" contextid="3983" timestamp="2020-09-11T10:00:55.976">
  <trace-info objectcount="30780123" scancount="29799562" scanbytes="814715560" />
  <finalization candidates="146" enqueued="0" />
  <ownableSynchronizers candidates="590340" cleared="5132" />
  <references type="soft" candidates="712113" cleared="0" enqueued="0" dynamicThreshold="17" maxThreshold="32" />
  <references type="weak" candidates="4409" cleared="118" enqueued="0" />
  <references type="phantom" candidates="107" cleared="0" enqueued="0" />
  <stringconstants candidates="11155" cleared="1"  />
</gc-op>
<gc-op id="3988" type="sweep" timems="12.113" contextid="3983" timestamp="2020-09-11T10:00:55.988" />
<gc-end id="3989" type="global" contextid="3983" durationms="501.516" usertimems="3701.307" systemtimems="19.918" timestamp="2020-09-11T10:00:55.988" activeThreads="8">
  <mem-info id="3990" free="1610548856" total="2761883648" percent="58">
    <mem type="nursery" free="602631496" total="939524096" percent="64">
      <mem type="allocate" free="602631496" total="794034176" percent="75" />
      <mem type="survivor" free="0" total="145489920" percent="0" />
    </mem>
    <mem type="tenure" free="1007917360" total="1822359552" percent="55" micro-fragmented="64077377" macro-fragmented="8388640">
      <mem type="soa" free="935022896" total="1749465088" percent="53" />
      <mem type="loa" free="72894464" total="72894464" percent="100" />
    </mem>
    <remembered-set count="187615" />
  </mem-info>
</gc-end>
<cycle-end id="3991" type="global" contextid="3983" timestamp="2020-09-11T10:00:55.989" />
<allocation-satisfied id="3992" threadId="000000000089C800" bytesRequested="16" />
<af-end id="3993" timestamp="2020-09-11T10:00:55.989" threadId="000000000089D180" success="true" from="nursery"/>
<exclusive-end id="3994" timestamp="2020-09-11T10:00:55.989" durationms="503.302" />

<exclusive-start id="3995" timestamp="2020-09-11T10:00:57.397" intervalms="1910.848">
  <response-info timems="3.356" idlems="3.356" threads="0" lastid="000000000088D900" lastname="Group1.Backend.CompositeBackend{Tier1}.6" />
</exclusive-start>
<af-start id="3996" threadId="000000000088E280" totalBytesRequested="131080" timestamp="2020-09-11T10:00:57.397" intervalms="1910.933" type="nursery" />
<cycle-start id="3997" type="scavenge" contextid="0" timestamp="2020-09-11T10:00:57.397" intervalms="3970.023" />
<gc-start id="3998" type="scavenge" contextid="3997" timestamp="2020-09-11T10:00:57.398">
  <mem-info id="3999" free="1011222248" total="2761883648" percent="36">
    <mem type="nursery" free="3306448" total="939524096" percent="0">
      <mem type="allocate" free="3306448" total="794034176" percent="0" />
      <mem type="survivor" free="0" total="145489920" percent="0" />
    </mem>
    <mem type="tenure" free="1007915800" total="1822359552" percent="55">
      <mem type="soa" free="935021336" total="1749465088" percent="53" />
      <mem type="loa" free="72894464" total="72894464" percent="100" />
    </mem>
    <remembered-set count="245317" />
  </mem-info>
</gc-start>
<allocation-stats totalBytes="596996128" >
  <allocated-bytes non-tlh="25172744" tlh="571823384" />
  <largest-consumer threadName="Group1.Backend.CompositeBackend{Tier1}.5" threadId="000000000087A000" bytes="91719168" />
</allocation-stats>
<gc-op id="4000" type="scavenge" timems="135.953" contextid="3997" timestamp="2020-09-11T10:00:57.534">
  <scavenger-info tenureage="3" tenuremask="7ff8" tiltratio="84" />
  <memory-copied type="nursery" objects="5294531" bytes="140811920" bytesdiscarded="177016" />
  <memory-copied type="tenure" objects="917696" bytes="24662912" bytesdiscarded="26312" />
  <ownableSynchronizers candidates="1173580" cleared="1173155" />
  <references type="soft" candidates="365" cleared="0" enqueued="0" dynamicThreshold="17" maxThreshold="32" />
  <references type="weak" candidates="108" cleared="108" enqueued="0" />
</gc-op>
<gc-end id="4001" type="scavenge" contextid="3997" durationms="137.006" usertimems="1033.668" systemtimems="7.162" timestamp="2020-09-11T10:00:57.535" activeThreads="8">
  <mem-info id="4002" free="1608843016" total="2761883648" percent="58">
    <mem type="nursery" free="626027760" total="939524096" percent="66">
      <mem type="allocate" free="626027760" total="767164416" percent="81" />
      <mem type="survivor" free="0" total="172359680" percent="0" />
    </mem>
    <mem type="tenure" free="982815256" total="1822359552" percent="53" macro-fragmented="0">
      <mem type="soa" free="909920792" total="1749465088" percent="52" />
      <mem type="loa" free="72894464" total="72894464" percent="100" />
    </mem>
    <remembered-set count="39470" />
  </mem-info>
</gc-end>
<cycle-end id="4003" type="scavenge" contextid="3997" timestamp="2020-09-11T10:00:57.536" />
<allocation-satisfied id="4004" threadId="000000000088D900" bytesRequested="131080" />
<af-end id="4005" timestamp="2020-09-11T10:00:57.536" threadId="000000000088E280" success="true" from="nursery"/>
<exclusive-end id="4006" timestamp="2020-09-11T10:00:57.536" durationms="139.100" />

<exclusive-start id="4007" timestamp="2020-09-11T10:00:59.178" intervalms="1781.976">
  <response-info timems="14.803" idlems="14.803" threads="0" lastid="00000000007C9200" lastname="Group1.Backend.CompositeBackend{Tier1}.2" />
</exclusive-start>
<af-start id="4008" threadId="00000000007C9B80" totalBytesRequested="24" timestamp="2020-09-11T10:00:59.179" intervalms="1782.138" type="nursery" />
<cycle-start id="4009" type="scavenge" contextid="0" timestamp="2020-09-11T10:00:59.180" intervalms="1782.149" />
<gc-start id="4010" type="scavenge" contextid="4009" timestamp="2020-09-11T10:00:59.180">
  <mem-info id="4011" free="982815256" total="2761883648" percent="35">
    <mem type="nursery" free="0" total="939524096" percent="0">
      <mem type="allocate" free="0" total="767164416" percent="0" />
      <mem type="survivor" free="0" total="172359680" percent="0" />
    </mem>
    <mem type="tenure" free="982815256" total="1822359552" percent="53">
      <mem type="soa" free="909920792" total="1749465088" percent="52" />
      <mem type="loa" free="72894464" total="72894464" percent="100" />
    </mem>
    <remembered-set count="191359" />
  </mem-info>
</gc-start>
<allocation-stats totalBytes="625747344" >
  <allocated-bytes non-tlh="36550472" tlh="589196872" />
  <largest-consumer threadName="Group1.Backend.CompositeBackend{Tier1}.7" threadId="000000000089C800" bytes="96295024" />
</allocation-stats>
<gc-op id="4012" type="scavenge" timems="128.820" contextid="4009" timestamp="2020-09-11T10:00:59.309">
  <scavenger-info tenureage="3" tenuremask="7ff8" tiltratio="81" />
  <memory-copied type="nursery" objects="4927840" bytes="132170000" bytesdiscarded="169672" />
  <memory-copied type="tenure" objects="1027435" bytes="27625432" bytesdiscarded="92912" />
  <ownableSynchronizers candidates="3167" cleared="2758" />
  <references type="soft" candidates="368" cleared="0" enqueued="0" dynamicThreshold="17" maxThreshold="32" />
  <references type="weak" candidates="112" cleared="112" enqueued="0" />
</gc-op>
<gc-end id="4013" type="scavenge" contextid="4009" durationms="129.649" usertimems="940.053" systemtimems="31.650" timestamp="2020-09-11T10:00:59.309" activeThreads="8">
  <mem-info id="4014" free="1592792792" total="2761883648" percent="57">
    <mem type="nursery" free="637704192" total="939524096" percent="67">
      <mem type="allocate" free="637704192" total="770113536" percent="82" />
      <mem type="survivor" free="0" total="169410560" percent="0" />
    </mem>
    <mem type="tenure" free="955088600" total="1822359552" percent="52" macro-fragmented="0">
      <mem type="soa" free="882194136" total="1749465088" percent="50" />
      <mem type="loa" free="72894464" total="72894464" percent="100" />
    </mem>
    <remembered-set count="40048" />
  </mem-info>
</gc-end>
<cycle-end id="4015" type="scavenge" contextid="4009" timestamp="2020-09-11T10:00:59.310" />
<allocation-satisfied id="4016" threadId="00000000007C9200" bytesRequested="24" />
<af-end id="4017" timestamp="2020-09-11T10:00:59.310" threadId="00000000007C9B80" success="true" from="nursery"/>
<exclusive-end id="4018" timestamp="2020-09-11T10:00:59.311" durationms="132.139" />

<exclusive-start id="4019" timestamp="2020-09-11T10:01:01.090" intervalms="1911.492">
  <response-info timems="0.447" idlems="0.232" threads="1" lastid="000000000086B200" lastname="Group1.Backend.CompositeBackend{Tier1}.4" />
</exclusive-start>
<af-start id="4020" threadId="000000000087A980" totalBytesRequested="120" timestamp="2020-09-11T10:01:01.091" intervalms="1911.226" type="nursery" />
<cycle-start id="4021" type="scavenge" contextid="0" timestamp="2020-09-11T10:01:01.091" intervalms="1911.212" />
<gc-start id="4022" type="scavenge" contextid="4021" timestamp="2020-09-11T10:01:01.091">
  <mem-info id="4023" free="955088600" total="2761883648" percent="34">
    <mem type="nursery" free="0" total="939524096" percent="0">
      <mem type="allocate" free="0" total="770113536" percent="0" />
      <mem type="survivor" free="0" total="169410560" percent="0" />
    </mem>
    <mem type="tenure" free="955088600" total="1822359552" percent="52">
      <mem type="soa" free="882194136" total="1749465088" percent="50" />
      <mem type="loa" free="72894464" total="72894464" percent="100" />
    </mem>
    <remembered-set count="195762" />
  </mem-info>
</gc-start>
<allocation-stats totalBytes="637404352" >
  <allocated-bytes non-tlh="31158504" tlh="606245848" />
  <largest-consumer threadName="Group1.Backend.CompositeBackend{Tier1}.8" threadId="000000000084FB00" bytes="90088848" />
</allocation-stats>
<gc-op id="4024" type="scavenge" timems="106.010" contextid="4021" timestamp="2020-09-11T10:01:01.197">
  <scavenger-info tenureage="3" tenuremask="7ff8" tiltratio="81" />
  <memory-copied type="nursery" objects="4888868" bytes="134213608" bytesdiscarded="263800" />
  <memory-copied type="tenure" objects="1032391" bytes="27732232" bytesdiscarded="66536" />
  <ownableSynchronizers candidates="3834" cleared="3433" />
  <references type="soft" candidates="372" cleared="0" enqueued="0" dynamicThreshold="17" maxThreshold="32" />
  <references type="weak" candidates="113" cleared="113" enqueued="0" />
</gc-op>
<gc-end id="4025" type="scavenge" contextid="4021" durationms="106.843" usertimems="815.140" systemtimems="1.025" timestamp="2020-09-11T10:01:01.198" activeThreads="8">
  <mem-info id="4026" free="1566376864" total="2761883648" percent="56">
    <mem type="nursery" free="638893032" total="939524096" percent="68">
      <mem type="allocate" free="638893032" total="773455872" percent="82" />
      <mem type="survivor" free="0" total="166068224" percent="0" />
    </mem>
    <mem type="tenure" free="927483832" total="1822359552" percent="50" macro-fragmented="0">
      <mem type="soa" free="854589368" total="1749465088" percent="48" />
      <mem type="loa" free="72894464" total="72894464" percent="100" />
    </mem>
    <remembered-set count="37088" />
  </mem-info>
</gc-end>
<cycle-end id="4027" type="scavenge" contextid="4021" timestamp="2020-09-11T10:01:01.198" />
<allocation-satisfied id="4028" threadId="000000000087A000" bytesRequested="120" />
<af-end id="4029" timestamp="2020-09-11T10:01:01.199" threadId="000000000087A980" success="true" from="nursery"/>
<exclusive-end id="4030" timestamp="2020-09-11T10:01:01.199" durationms="108.551" />

<exclusive-start id="4031" timestamp="2020-09-11T10:01:03.035" intervalms="1945.098">
  <response-info timems="0.455" idlems="0.455" threads="0" lastid="000000000078AB00" lastname="Group1.Backend.CompositeBackend{Tier1}.1" />
</exclusive-start>
<af-start id="4032" threadId="000000000078B480" totalBytesRequested="40" timestamp="2020-09-11T10:01:03.036" intervalms="1945.231" type="nursery" />
<cycle-start id="4033" type="scavenge" contextid="0" timestamp="2020-09-11T10:01:03.036" intervalms="1945.253" />
<gc-start id="4034" type="scavenge" contextid="4033" timestamp="2020-09-11T10:01:03.036">
  <mem-info id="4035" free="927483832" total="2761883648" percent="33">
    <mem type="nursery" free="0" total="939524096" percent="0">
      <mem type="allocate" free="0" total="773455872" percent="0" />
      <mem type="survivor" free="0" total="166068224" percent="0" />
    </mem>
    <mem type="tenure" free="927483832" total="1822359552" percent="50">
      <mem type="soa" free="854589368" total="1749465088" percent="48" />
      <mem type="loa" free="72894464" total="72894464" percent="100" />
    </mem>
    <remembered-set count="190105" />
  </mem-info>
</gc-start>
<allocation-stats totalBytes="638595656" >
  <allocated-bytes non-tlh="34827512" tlh="603768144" />
  <largest-consumer threadName="Group1.Backend.CompositeBackend{Tier1}.7" threadId="000000000089C800" bytes="95537576" />
</allocation-stats>
<gc-op id="4036" type="scavenge" timems="110.091" contextid="4033" timestamp="2020-09-11T10:01:03.146">
  <scavenger-info tenureage="3" tenuremask="7ff8" tiltratio="82" />
  <memory-copied type="nursery" objects="3773749" bytes="104296480" bytesdiscarded="178640" />
  <memory-copied type="tenure" objects="2015227" bytes="54152624" bytesdiscarded="104984" />
  <ownableSynchronizers candidates="3741" cleared="3360" />
  <references type="soft" candidates="260" cleared="0" enqueued="0" dynamicThreshold="17" maxThreshold="32" />
  <references type="weak" candidates="108" cleared="108" enqueued="0" />
</gc-op>
<gc-end id="4037" type="scavenge" contextid="4033" durationms="110.983" usertimems="782.889" systemtimems="6.431" timestamp="2020-09-11T10:01:03.147" activeThreads="8">
  <mem-info id="4038" free="1545187752" total="2761883648" percent="55">
    <mem type="nursery" free="672044520" total="939524096" percent="71">
      <mem type="allocate" free="672044520" total="776601600" percent="86" />
      <mem type="survivor" free="0" total="162922496" percent="0" />
    </mem>
    <mem type="tenure" free="873143232" total="1822359552" percent="47" macro-fragmented="1048608">
      <mem type="soa" free="800248768" total="1749465088" percent="45" />
      <mem type="loa" free="72894464" total="72894464" percent="100" />
    </mem>
    <remembered-set count="26226" />
  </mem-info>
</gc-end>
<cycle-end id="4039" type="scavenge" contextid="4033" timestamp="2020-09-11T10:01:03.148" />
<allocation-satisfied id="4040" threadId="000000000078AB00" bytesRequested="40" />
<af-end id="4041" timestamp="2020-09-11T10:01:03.148" threadId="000000000078B480" success="true" from="nursery"/>
<exclusive-end id="4042" timestamp="2020-09-11T10:01:03.148" durationms="112.979" />

<exclusive-start id="4043" timestamp="2020-09-11T10:01:05.149" intervalms="2114.015">
  <response-info timems="0.347" idlems="0.347" threads="0" lastid="000000000084FB00" lastname="Group1.Backend.CompositeBackend{Tier1}.8" />
</exclusive-start>
<af-start id="4044" threadId="0000000000850480" totalBytesRequested="16" timestamp="2020-09-11T10:01:05.150" intervalms="2113.842" type="nursery" />
<cycle-start id="4045" type="scavenge" contextid="0" timestamp="2020-09-11T10:01:05.150" intervalms="2113.812" />
<gc-start id="4046" type="scavenge" contextid="4045" timestamp="2020-09-11T10:01:05.150">
  <mem-info id="4047" free="873143232" total="2761883648" percent="31">
    <mem type="nursery" free="0" total="939524096" percent="0">
      <mem type="allocate" free="0" total="776601600" percent="0" />
      <mem type="survivor" free="0" total="162922496" percent="0" />
    </mem>
    <mem type="tenure" free="873143232" total="1822359552" percent="47">
      <mem type="soa" free="800248768" total="1749465088" percent="45" />
      <mem type="loa" free="72894464" total="72894464" percent="100" />
    </mem>
    <remembered-set count="191039" />
  </mem-info>
</gc-start>
<allocation-stats totalBytes="671705920" >
  <allocated-bytes non-tlh="23618480" tlh="648087440" />
  <largest-consumer threadName="Group1.Backend.CompositeBackend{Tier1}.4" threadId="000000000086B200" bytes="88610528" />
</allocation-stats>
<gc-op id="4048" type="scavenge" timems="89.319" contextid="4045" timestamp="2020-09-11T10:01:05.239">
  <scavenger-info tenureage="3" tenuremask="7ff8" tiltratio="82" />
  <memory-copied type="nursery" objects="3951531" bytes="109003984" bytesdiscarded="114344" />
  <memory-copied type="tenure" objects="970134" bytes="26069800" bytesdiscarded="54136" />
  <ownableSynchronizers candidates="5303" cleared="4973" />
  <references type="soft" candidates="268" cleared="0" enqueued="0" dynamicThreshold="17" maxThreshold="32" />
  <references type="weak" candidates="103" cleared="103" enqueued="0" />
</gc-op>
<gc-end id="4049" type="scavenge" contextid="4045" durationms="90.079" usertimems="668.769" systemtimems="2.609" timestamp="2020-09-11T10:01:05.240" activeThreads="8">
  <mem-info id="4050" free="1521376344" total="2761883648" percent="55">
    <mem type="nursery" free="674477544" total="939524096" percent="71">
      <mem type="allocate" free="674477544" total="783679488" percent="86" />
      <mem type="survivor" free="0" total="155844608" percent="0" />
    </mem>
    <mem type="tenure" free="846898800" total="1822359552" percent="46" macro-fragmented="418667">
      <mem type="soa" free="774004336" total="1749465088" percent="44" />
      <mem type="loa" free="72894464" total="72894464" percent="100" />
    </mem>
    <remembered-set count="26656" />
  </mem-info>
</gc-end>
<cycle-end id="4051" type="scavenge" contextid="4045" timestamp="2020-09-11T10:01:05.241" />
<allocation-satisfied id="4052" threadId="000000000084FB00" bytesRequested="16" />
<af-end id="4053" timestamp="2020-09-11T10:01:05.241" threadId="0000000000850480" success="true" from="nursery"/>
<exclusive-end id="4054" timestamp="2020-09-11T10:01:05.241" durationms="91.674" />

<exclusive-start id="4055" timestamp="2020-09-11T10:01:07.136" intervalms="1987.230">
  <response-info timems="0.537" idlems="0.537" threads="0" lastid="000000000085F900" lastname="Group1.Backend.CompositeBackend{Tier1}.3" />
</exclusive-start>
<af-start id="4056" threadId="0000000000860280" totalBytesRequested="32" timestamp="2020-09-11T10:01:07.137" intervalms="1987.398" type="nursery" />
<cycle-start id="4057" type="scavenge" contextid="0" timestamp="2020-09-11T10:01:07.137" intervalms="1987.420" />
<gc-start id="4058" type="scavenge" contextid="4057" timestamp="2020-09-11T10:01:07.138">
  <mem-info id="4059" free="846898800" total="2761883648" percent="30">
    <mem type="nursery" free="0" total="939524096" percent="0">
      <mem type="allocate" free="0" total="783679488" percent="0" />
      <mem type="survivor" free="0" total="155844608" percent="0" />
    </mem>
    <mem type="tenure" free="846898800" total="1822359552" percent="46">
      <mem type="soa" free="774004336" total="1749465088" percent="44" />
      <mem type="loa" free="72894464" total="72894464" percent="100" />
    </mem>
    <remembered-set count="186857" />
  </mem-info>
</gc-start>
<allocation-stats totalBytes="674160512" >
  <allocated-bytes non-tlh="34362400" tlh="639798112" />
  <largest-consumer threadName="Group1.Backend.CompositeBackend{Tier1}.8" threadId="000000000084FB00" bytes="87883592" />
</allocation-stats>
<gc-op id="4060" type="scavenge" timems="100.125" contextid="4057" timestamp="2020-09-11T10:01:07.238">
  <scavenger-info tenureage="3" tenuremask="7ff8" tiltratio="83" />
  <memory-copied type="nursery" objects="3966319" bytes="106414976" bytesdiscarded="189168" />
  <memory-copied type="tenure" objects="1070339" bytes="31794840" bytesdiscarded="65616" />
  <ownableSynchronizers candidates="3541" cleared="3220" />
  <references type="soft" candidates="223" cleared="0" enqueued="0" dynamicThreshold="17" maxThreshold="32" />
  <references type="weak" candidates="126" cleared="126" enqueued="0" />
</gc-op>
<gc-end id="4061" type="scavenge" contextid="4057" durationms="101.223" usertimems="716.940" systemtimems="0.000" timestamp="2020-09-11T10:01:07.239" activeThreads="8">
  <mem-info id="4062" free="1498809824" total="2761883648" percent="54">
    <mem type="nursery" free="683736832" total="939524096" percent="72">
      <mem type="allocate" free="683736832" total="790429696" percent="86" />
      <mem type="survivor" free="0" total="149094400" percent="0" />
    </mem>
    <mem type="tenure" free="815072992" total="1822359552" percent="44" macro-fragmented="0">
      <mem type="soa" free="742178528" total="1749465088" percent="42" />
      <mem type="loa" free="72894464" total="72894464" percent="100" />
    </mem>
    <remembered-set count="31458" />
  </mem-info>
</gc-end>
<cycle-end id="4063" type="scavenge" contextid="4057" timestamp="2020-09-11T10:01:07.240" />
<allocation-satisfied id="4064" threadId="000000000085F900" bytesRequested="32" />
<af-end id="4065" timestamp="2020-09-11T10:01:07.240" threadId="0000000000860280" success="true" from="nursery"/>
<exclusive-end id="4066" timestamp="2020-09-11T10:01:07.240" durationms="103.582" />

<exclusive-start id="4067" timestamp="2020-09-11T10:01:09.284" intervalms="2147.541">
  <response-info timems="0.320" idlems="0.320" threads="0" lastid="000000000084FB00" lastname="Group1.Backend.CompositeBackend{Tier1}.8" />
</exclusive-start>
<af-start id="4068" threadId="0000000000850480" totalBytesRequested="48" timestamp="2020-09-11T10:01:09.284" intervalms="2147.374" type="nursery" />
<cycle-start id="4069" type="scavenge" contextid="0" timestamp="2020-09-11T10:01:09.285" intervalms="2147.359" />
<gc-start id="4070" type="scavenge" contextid="4069" timestamp="2020-09-11T10:01:09.285">
  <mem-info id="4071" free="815072992" total="2761883648" percent="29">
    <mem type="nursery" free="0" total="939524096" percent="0">
      <mem type="allocate" free="0" total="790429696" percent="0" />
      <mem type="survivor" free="0" total="149094400" percent="0" />
    </mem>
    <mem type="tenure" free="815072992" total="1822359552" percent="44">
      <mem type="soa" free="742178528" total="1749465088" percent="42" />
      <mem type="loa" free="72894464" total="72894464" percent="100" />
    </mem>
    <remembered-set count="195588" />
  </mem-info>
</gc-start>
<allocation-stats totalBytes="683407304" >
  <allocated-bytes non-tlh="31089272" tlh="652318032" />
  <largest-consumer threadName="Group1.Backend.CompositeBackend{Tier1}.8" threadId="000000000084FB00" bytes="119331960" />
</allocation-stats>
<gc-op id="4072" type="scavenge" timems="94.761" contextid="4069" timestamp="2020-09-11T10:01:09.380">
  <scavenger-info tenureage="3" tenuremask="7ff8" tiltratio="84" />
  <memory-copied type="nursery" objects="4118172" bytes="110369920" bytesdiscarded="337856" />
  <memory-copied type="tenure" objects="969952" bytes="26087576" bytesdiscarded="64576" />
  <ownableSynchronizers candidates="4690" cleared="4365" />
  <references type="soft" candidates="233" cleared="0" enqueued="0" dynamicThreshold="17" maxThreshold="32" />
  <references type="weak" candidates="117" cleared="117" enqueued="0" />
</gc-op>
<gc-end id="4073" type="scavenge" contextid="4069" durationms="95.504" usertimems="685.740" systemtimems="1.927" timestamp="2020-09-11T10:01:09.380" activeThreads="8">
  <mem-info id="4074" free="1472530048" total="2761883648" percent="53">
    <mem type="nursery" free="683833856" total="939524096" percent="72">
      <mem type="allocate" free="683833856" total="794624000" percent="86" />
      <mem type="survivor" free="0" total="144900096" percent="0" />
    </mem>
    <mem type="tenure" free="788696192" total="1822359552" percent="43" macro-fragmented="3732887">
      <mem type="soa" free="715801728" total="1749465088" percent="40" />
      <mem type="loa" free="72894464" total="72894464" percent="100" />
    </mem>
    <remembered-set count="33069" />
  </mem-info>
</gc-end>
<cycle-end id="4075" type="scavenge" contextid="4069" timestamp="2020-09-11T10:01:09.381" />
<allocation-satisfied id="4076" threadId="000000000084FB00" bytesRequested="48" />
<af-end id="4077" timestamp="2020-09-11T10:01:09.381" threadId="0000000000850480" success="true" from="nursery"/>
<exclusive-end id="4078" timestamp="2020-09-11T10:01:09.382" durationms="98.155" />

<exclusive-start id="4079" timestamp="2020-09-11T10:01:11.349" intervalms="2065.246">
  <response-info timems="1.738" idlems="1.738" threads="0" lastid="00000000007C9200" lastname="Group1.Backend.CompositeBackend{Tier1}.2" />
</exclusive-start>
<af-start id="4080" threadId="00000000007C9B80" totalBytesRequested="16" timestamp="2020-09-11T10:01:11.350" intervalms="2065.269" type="nursery" />
<cycle-start id="4081" type="scavenge" contextid="0" timestamp="2020-09-11T10:01:11.350" intervalms="2065.260" />
<gc-start id="4082" type="scavenge" contextid="4081" timestamp="2020-09-11T10:01:11.350">
  <mem-info id="4083" free="788696192" total="2761883648" percent="28">
    <mem type="nursery" free="0" total="939524096" percent="0">
      <mem type="allocate" free="0" total="794624000" percent="0" />
      <mem type="survivor" free="0" total="144900096" percent="0" />
    </mem>
    <mem type="tenure" free="788696192" total="1822359552" percent="43">
      <mem type="soa" free="715801728" total="1749465088" percent="40" />
      <mem type="loa" free="72894464" total="72894464" percent="100" />
    </mem>
    <remembered-set count="194803" />
  </mem-info>
</gc-start>
<allocation-stats totalBytes="683512432" >
  <allocated-bytes non-tlh="32990336" tlh="650522096" />
  <largest-consumer threadName="Group1.Backend.CompositeBackend{Tier1}.2" threadId="00000000007C9200" bytes="104683096" />
</allocation-stats>
<gc-op id="4084" type="scavenge" timems="100.435" contextid="4081" timestamp="2020-09-11T10:01:11.451">
  <scavenger-info tenureage="3" tenuremask="7ff8" tiltratio="84" />
  <memory-copied type="nursery" objects="4120120" bytes="110212824" bytesdiscarded="143808" />
  <memory-copied type="tenure" objects="1140582" bytes="30652000" bytesdiscarded="68152" />
  <ownableSynchronizers candidates="4575" cleared="4233" />
  <references type="soft" candidates="238" cleared="0" enqueued="0" dynamicThreshold="17" maxThreshold="32" />
  <references type="weak" candidates="127" cleared="127" enqueued="0" />
</gc-op>
<gc-end id="4085" type="scavenge" contextid="4081" durationms="101.329" usertimems="740.255" systemtimems="12.167" timestamp="2020-09-11T10:01:11.451" activeThreads="8">
  <mem-info id="4086" free="1446510464" total="2761883648" percent="52">
    <mem type="nursery" free="688445176" total="939524096" percent="73">
      <mem type="allocate" free="688445176" total="798883840" percent="86" />
      <mem type="survivor" free="0" total="140640256" percent="0" />
    </mem>
    <mem type="tenure" free="758065288" total="1822359552" percent="41" macro-fragmented="4194336">
      <mem type="soa" free="685170824" total="1749465088" percent="39" />
      <mem type="loa" free="72894464" total="72894464" percent="100" />
    </mem>
    <remembered-set count="32510" />
  </mem-info>
</gc-end>
<cycle-end id="4087" type="scavenge" contextid="4081" timestamp="2020-09-11T10:01:11.452" />
<allocation-satisfied id="4088" threadId="00000000007C9200" bytesRequested="16" />
<af-end id="4089" timestamp="2020-09-11T10:01:11.452" threadId="00000000007C9B80" success="true" from="nursery"/>
<exclusive-end id="4090" timestamp="2020-09-11T10:01:11.452" durationms="103.116" />

<exclusive-start id="4091" timestamp="2020-09-11T10:01:13.392" intervalms="2042.598">
  <response-info timems="0.812" idlems="0.812" threads="0" lastid="000000000085F900" lastname="Group1.Backend.CompositeBackend{Tier1}.3" />
</exclusive-start>
<af-start id="4092" threadId="0000000000860280" totalBytesRequested="56" timestamp="2020-09-11T10:01:13.392" intervalms="2042.589" type="nursery" />
<cycle-start id="4093" type="scavenge" contextid="0" timestamp="2020-09-11T10:01:13.392" intervalms="2042.621" />
<gc-start id="4094" type="scavenge" contextid="4093" timestamp="2020-09-11T10:01:13.393">
  <mem-info id="4095" free="758065288" total="2761883648" percent="27">
    <mem type="nursery" free="0" total="939524096" percent="0">
      <mem type="allocate" free="0" total="798883840" percent="0" />
      <mem type="survivor" free="0" total="140640256" percent="0" />
    </mem>
    <mem type="tenure" free="758065288" total="1822359552" percent="41">
      <mem type="soa" free="685170824" total="1749465088" percent="39" />
      <mem type="loa" free="72894464" total="72894464" percent="100" />
    </mem>
    <remembered-set count="193833" />
  </mem-info>
</gc-start>
<allocation-stats totalBytes="688117976" >
  <allocated-bytes non-tlh="36686432" tlh="651431544" />
  <largest-consumer threadName="Group1.Backend.CompositeBackend{Tier1}.3" threadId="000000000085F900" bytes="89691712" />
</allocation-stats>
<gc-op id="4096" type="scavenge" timems="110.250" contextid="4093" timestamp="2020-09-11T10:01:13.503">
  <scavenger-info tenureage="3" tenuremask="7ff8" tiltratio="85" />
  <memory-copied type="nursery" objects="4360976" bytes="115626344" bytesdiscarded="125016" />
  <memory-copied type="tenure" objects="1062605" bytes="28555024" bytesdiscarded="76080" />
  <ownableSynchronizers candidates="4639" cleared="4304" />
  <references type="soft" candidates="291" cleared="0" enqueued="0" dynamicThreshold="17" maxThreshold="32" />
  <references type="weak" candidates="112" cleared="112" enqueued="0" />
</gc-op>
<gc-end id="4097" type="scavenge" contextid="4093" durationms="111.067" usertimems="836.740" systemtimems="7.375" timestamp="2020-09-11T10:01:13.504" activeThreads="8">
  <mem-info id="4098" free="1413483296" total="2761883648" percent="51">
    <mem type="nursery" free="684097656" total="939524096" percent="72">
      <mem type="allocate" free="684097656" total="799932416" percent="85" />
      <mem type="survivor" free="0" total="139591680" percent="0" />
    </mem>
    <mem type="tenure" free="729385640" total="1822359552" percent="40" macro-fragmented="393240">
      <mem type="soa" free="656491176" total="1749465088" percent="37" />
      <mem type="loa" free="72894464" total="72894464" percent="100" />
    </mem>
    <remembered-set count="32094" />
  </mem-info>
</gc-end>
<cycle-end id="4099" type="scavenge" contextid="4093" timestamp="2020-09-11T10:01:13.504" />
<allocation-satisfied id="4100" threadId="000000000085F900" bytesRequested="56" />
<af-end id="4101" timestamp="2020-09-11T10:01:13.505" threadId="0000000000860280" success="true" from="nursery"/>
<exclusive-end id="4102" timestamp="2020-09-11T10:01:13.505" durationms="112.842" />

<exclusive-start id="4103" timestamp="2020-09-11T10:01:15.478" intervalms="2085.980">
  <response-info timems="0.320" idlems="0.320" threads="0" lastid="000000000084FB00" lastname="Group1.Backend.CompositeBackend{Tier1}.8" />
</exclusive-start>
<af-start id="4104" threadId="0000000000850480" totalBytesRequested="32" timestamp="2020-09-11T10:01:15.478" intervalms="2086.028" type="nursery" />
<cycle-start id="4105" type="scavenge" contextid="0" timestamp="2020-09-11T10:01:15.479" intervalms="2086.080" />
<gc-start id="4106" type="scavenge" contextid="4105" timestamp="2020-09-11T10:01:15.479">
  <mem-info id="4107" free="729385640" total="2761883648" percent="26">
    <mem type="nursery" free="0" total="939524096" percent="0">
      <mem type="allocate" free="0" total="799932416" percent="0" />
      <mem type="survivor" free="0" total="139591680" percent="0" />
    </mem>
    <mem type="tenure" free="729385640" total="1822359552" percent="40">
      <mem type="soa" free="656491176" total="1749465088" percent="37" />
      <mem type="loa" free="72894464" total="72894464" percent="100" />
    </mem>
    <remembered-set count="195116" />
  </mem-info>
</gc-start>
<allocation-stats totalBytes="683770624" >
  <allocated-bytes non-tlh="30231832" tlh="653538792" />
  <largest-consumer threadName="Group1.Backend.CompositeBackend{Tier1}.5" threadId="000000000087A000" bytes="97403296" />
</allocation-stats>
<gc-op id="4108" type="scavenge" timems="88.746" contextid="4105" timestamp="2020-09-11T10:01:15.568">
  <scavenger-info tenureage="3" tenuremask="7ff8" tiltratio="85" />
  <memory-copied type="nursery" objects="4102628" bytes="109972368" bytesdiscarded="175760" />
  <memory-copied type="tenure" objects="1096967" bytes="29453112" bytesdiscarded="77928" />
  <ownableSynchronizers candidates="4182" cleared="3829" />
  <references type="soft" candidates="287" cleared="0" enqueued="0" dynamicThreshold="17" maxThreshold="32" />
  <references type="weak" candidates="109" cleared="109" enqueued="0" />
</gc-op>
<gc-end id="4109" type="scavenge" contextid="4105" durationms="89.757" usertimems="662.190" systemtimems="3.717" timestamp="2020-09-11T10:01:15.568" activeThreads="8">
  <mem-info id="4110" free="1391769256" total="2761883648" percent="50">
    <mem type="nursery" free="691661312" total="939524096" percent="73">
      <mem type="allocate" free="691661312" total="801898496" percent="86" />
      <mem type="survivor" free="0" total="137625600" percent="0" />
    </mem>
    <mem type="tenure" free="700107944" total="1822359552" percent="38" macro-fragmented="0">
      <mem type="soa" free="627213480" total="1749465088" percent="35" />
      <mem type="loa" free="72894464" total="72894464" percent="100" />
    </mem>
    <remembered-set count="29780" />
  </mem-info>
</gc-end>
<cycle-end id="4111" type="scavenge" contextid="4105" timestamp="2020-09-11T10:01:15.569" />
<allocation-satisfied id="4112" threadId="000000000084FB00" bytesRequested="32" />
<af-end id="4113" timestamp="2020-09-11T10:01:15.569" threadId="0000000000850480" success="true" from="nursery"/>
<exclusive-end id="4114" timestamp="2020-09-11T10:01:15.569" durationms="91.617" />

<exclusive-start id="4115" timestamp="2020-09-11T10:01:17.512" intervalms="2034.278">
  <response-info timems="0.318" idlems="0.318" threads="0" lastid="000000000085F900" lastname="Group1.Backend.CompositeBackend{Tier1}.3" />
</exclusive-start>
<af-start id="4116" threadId="0000000000860280" totalBytesRequested="266872" timestamp="2020-09-11T10:01:17.513" intervalms="2034.213" type="nursery" />
<cycle-start id="4117" type="scavenge" contextid="0" timestamp="2020-09-11T10:01:17.513" intervalms="2034.135" />
<gc-start id="4118" type="scavenge" contextid="4117" timestamp="2020-09-11T10:01:17.513">
  <mem-info id="4119" free="700149360" total="2761883648" percent="25">
    <mem type="nursery" free="41416" total="939524096" percent="0">
      <mem type="allocate" free="41416" total="801898496" percent="0" />
      <mem type="survivor" free="0" total="137625600" percent="0" />
    </mem>
    <mem type="tenure" free="700107944" total="1822359552" percent="38">
      <mem type="soa" free="627213480" total="1749465088" percent="35" />
      <mem type="loa" free="72894464" total="72894464" percent="100" />
    </mem>
    <remembered-set count="191947" />
  </mem-info>
</gc-start>
<allocation-stats totalBytes="691288096" >
  <allocated-bytes non-tlh="35211320" tlh="656076776" />
  <largest-consumer threadName="Group1.Backend.CompositeBackend{Tier1}.8" threadId="000000000084FB00" bytes="97562800" />
</allocation-stats>
<gc-op id="4120" type="scavenge" timems="112.767" contextid="4117" timestamp="2020-09-11T10:01:17.626">
  <scavenger-info tenureage="3" tenuremask="7ff8" tiltratio="85" />
  <memory-copied type="nursery" objects="4312441" bytes="114746360" bytesdiscarded="165064" />
  <memory-copied type="tenure" objects="1056885" bytes="28405776" bytesdiscarded="72400" />
  <ownableSynchronizers candidates="4741" cleared="4372" />
  <references type="soft" candidates="310" cleared="0" enqueued="0" dynamicThreshold="17" maxThreshold="32" />
  <references type="weak" candidates="117" cleared="117" enqueued="0" />
</gc-op>
<gc-end id="4121" type="scavenge" contextid="4117" durationms="113.825" usertimems="862.908" systemtimems="14.082" timestamp="2020-09-11T10:01:17.627" activeThreads="8">
  <mem-info id="4122" free="1359169208" total="2761883648" percent="49">
    <mem type="nursery" free="687687552" total="939524096" percent="73">
      <mem type="allocate" free="687687552" total="802684928" percent="85" />
      <mem type="survivor" free="0" total="136839168" percent="0" />
    </mem>
    <mem type="tenure" free="671481656" total="1822359552" percent="36" macro-fragmented="1572888">
      <mem type="soa" free="598587192" total="1749465088" percent="34" />
      <mem type="loa" free="72894464" total="72894464" percent="100" />
    </mem>
    <remembered-set count="30462" />
  </mem-info>
</gc-end>
<cycle-end id="4123" type="scavenge" contextid="4117" timestamp="2020-09-11T10:01:17.627" />
<allocation-satisfied id="4124" threadId="000000000085F900" bytesRequested="266872" />
<af-end id="4125" timestamp="2020-09-11T10:01:17.628" threadId="0000000000860280" success="true" from="nursery"/>
<exclusive-end id="4126" timestamp="2020-09-11T10:01:17.628" durationms="115.597" />

<exclusive-start id="4127" timestamp="2020-09-11T10:01:19.601" intervalms="2089.240">
  <response-info timems="0.356" idlems="0.242" threads="1" lastid="000000000087A000" lastname="Group1.Backend.CompositeBackend{Tier1}.5" />
</exclusive-start>
<af-start id="4128" threadId="00000000007C9B80" totalBytesRequested="10008" timestamp="2020-09-11T10:01:19.602" intervalms="2089.365" type="nursery" />
<cycle-start id="4129" type="scavenge" contextid="0" timestamp="2020-09-11T10:01:19.602" intervalms="2089.362" />
<gc-start id="4130" type="scavenge" contextid="4129" timestamp="2020-09-11T10:01:19.602">
  <mem-info id="4131" free="671481656" total="2761883648" percent="24">
    <mem type="nursery" free="0" total="939524096" percent="0">
      <mem type="allocate" free="0" total="802684928" percent="0" />
      <mem type="survivor" free="0" total="136839168" percent="0" />
    </mem>
    <mem type="tenure" free="671481656" total="1822359552" percent="36">
      <mem type="soa" free="598587192" total="1749465088" percent="34" />
      <mem type="loa" free="72894464" total="72894464" percent="100" />
    </mem>
    <remembered-set count="194282" />
  </mem-info>
</gc-start>
<allocation-stats totalBytes="687341952" >
  <allocated-bytes non-tlh="30657976" tlh="656683976" />
  <largest-consumer threadName="Group1.Backend.CompositeBackend{Tier1}.3" threadId="000000000085F900" bytes="85842776" />
</allocation-stats>
<gc-op id="4132" type="scavenge" timems="99.613" contextid="4129" timestamp="2020-09-11T10:01:19.702">
  <scavenger-info tenureage="3" tenuremask="7ff8" tiltratio="85" />
  <memory-copied type="nursery" objects="4125492" bytes="110543344" bytesdiscarded="366864" />
  <memory-copied type="tenure" objects="1086258" bytes="29201200" bytesdiscarded="85912" />
  <ownableSynchronizers candidates="4936" cleared="4566" />
  <references type="soft" candidates="292" cleared="0" enqueued="0" dynamicThreshold="17" maxThreshold="32" />
  <references type="weak" candidates="114" cleared="113" enqueued="0" />
</gc-op>
<gc-end id="4133" type="scavenge" contextid="4129" durationms="100.609" usertimems="735.039" systemtimems="5.938" timestamp="2020-09-11T10:01:19.703" activeThreads="8">
  <mem-info id="4134" free="1335563912" total="2761883648" percent="48">
    <mem type="nursery" free="693323520" total="939524096" percent="73">
      <mem type="allocate" free="693323520" total="804323328" percent="86" />
      <mem type="survivor" free="0" total="135200768" percent="0" />
    </mem>
    <mem type="tenure" free="642240392" total="1822359552" percent="35" macro-fragmented="1250136">
      <mem type="soa" free="569345928" total="1749465088" percent="32" />
      <mem type="loa" free="72894464" total="72894464" percent="100" />
    </mem>
    <remembered-set count="30647" />
  </mem-info>
</gc-end>
<cycle-end id="4135" type="scavenge" contextid="4129" timestamp="2020-09-11T10:01:19.704" />
<allocation-satisfied id="4136" threadId="00000000007C9200" bytesRequested="10008" />
<af-end id="4137" timestamp="2020-09-11T10:01:19.704" threadId="00000000007C9B80" success="true" from="nursery"/>
<exclusive-end id="4138" timestamp="2020-09-11T10:01:19.704" durationms="102.673" />

<exclusive-start id="4139" timestamp="2020-09-11T10:01:21.724" intervalms="2122.620">
  <response-info timems="0.302" idlems="0.302" threads="0" lastid="000000000085F900" lastname="Group1.Backend.CompositeBackend{Tier1}.3" />
</exclusive-start>
<af-start id="4140" threadId="0000000000860280" totalBytesRequested="24" timestamp="2020-09-11T10:01:21.724" intervalms="2122.592" type="nursery" />
<cycle-start id="4141" type="scavenge" contextid="0" timestamp="2020-09-11T10:01:21.725" intervalms="2122.631" />
<gc-start id="4142" type="scavenge" contextid="4141" timestamp="2020-09-11T10:01:21.725">
  <mem-info id="4143" free="642240392" total="2761883648" percent="23">
    <mem type="nursery" free="0" total="939524096" percent="0">
      <mem type="allocate" free="0" total="804323328" percent="0" />
      <mem type="survivor" free="0" total="135200768" percent="0" />
    </mem>
    <mem type="tenure" free="642240392" total="1822359552" percent="35">
      <mem type="soa" free="569345928" total="1749465088" percent="32" />
      <mem type="loa" free="72894464" total="72894464" percent="100" />
    </mem>
    <remembered-set count="195432" />
  </mem-info>
</gc-start>
<allocation-stats totalBytes="692985192" >
  <allocated-bytes non-tlh="30541688" tlh="662443504" />
  <largest-consumer threadName="Group1.Backend.CompositeBackend{Tier1}.3" threadId="000000000085F900" bytes="102565872" />
</allocation-stats>
<gc-op id="4144" type="scavenge" timems="95.073" contextid="4141" timestamp="2020-09-11T10:01:21.820">
  <scavenger-info tenureage="3" tenuremask="7ff8" tiltratio="85" />
  <memory-copied type="nursery" objects="4026283" bytes="108255544" bytesdiscarded="165920" />
  <memory-copied type="tenure" objects="1106488" bytes="29773392" bytesdiscarded="78776" />
  <ownableSynchronizers candidates="4660" cleared="4300" />
  <references type="soft" candidates="303" cleared="0" enqueued="0" dynamicThreshold="17" maxThreshold="32" />
  <references type="weak" candidates="118" cleared="118" enqueued="0" />
</gc-op>
<gc-end id="4145" type="scavenge" contextid="4141" durationms="96.063" usertimems="707.226" systemtimems="10.446" timestamp="2020-09-11T10:01:21.821" activeThreads="8">
  <mem-info id="4146" free="1310632688" total="2761883648" percent="47">
    <mem type="nursery" free="698110944" total="939524096" percent="74">
      <mem type="allocate" free="698110944" total="806617088" percent="86" />
      <mem type="survivor" free="0" total="132907008" percent="0" />
    </mem>
    <mem type="tenure" free="612521744" total="1822359552" percent="33" macro-fragmented="0">
      <mem type="soa" free="539627280" total="1749465088" percent="30" />
      <mem type="loa" free="72894464" total="72894464" percent="100" />
    </mem>
    <remembered-set count="32244" />
  </mem-info>
</gc-end>
<cycle-end id="4147" type="scavenge" contextid="4141" timestamp="2020-09-11T10:01:21.822" />
<allocation-satisfied id="4148" threadId="000000000085F900" bytesRequested="24" />
<af-end id="4149" timestamp="2020-09-11T10:01:21.822" threadId="0000000000860280" success="true" from="nursery"/>
<exclusive-end id="4150" timestamp="2020-09-11T10:01:21.822" durationms="97.954" />

<exclusive-start id="4151" timestamp="2020-09-11T10:01:23.796" intervalms="2072.613">
  <response-info timems="0.510" idlems="0.510" threads="0" lastid="000000000078AB00" lastname="Group1.Backend.CompositeBackend{Tier1}.1" />
</exclusive-start>
<af-start id="4152" threadId="000000000078B480" totalBytesRequested="32" timestamp="2020-09-11T10:01:23.797" intervalms="2072.483" type="nursery" />
<cycle-start id="4153" type="scavenge" contextid="0" timestamp="2020-09-11T10:01:23.797" intervalms="2072.437" />
<gc-start id="4154" type="scavenge" contextid="4153" timestamp="2020-09-11T10:01:23.797">
  <mem-info id="4155" free="612521744" total="2761883648" percent="22">
    <mem type="nursery" free="0" total="939524096" percent="0">
      <mem type="allocate" free="0" total="806617088" percent="0" />
      <mem type="survivor" free="0" total="132907008" percent="0" />
    </mem>
    <mem type="tenure" free="612521744" total="1822359552" percent="33">
      <mem type="soa" free="539627280" total="1749465088" percent="30" />
      <mem type="loa" free="72894464" total="72894464" percent="100" />
    </mem>
    <remembered-set count="195287" />
  </mem-info>
</gc-start>
<allocation-stats totalBytes="697770400" >
  <allocated-bytes non-tlh="37058064" tlh="660712336" />
  <largest-consumer threadName="Group1.Backend.CompositeBackend{Tier1}.7" threadId="000000000089C800" bytes="92184368" />
</allocation-stats>
<gc-op id="4156" type="scavenge" timems="96.775" contextid="4153" timestamp="2020-09-11T10:01:23.894">
  <scavenger-info tenureage="3" tenuremask="7ff8" tiltratio="85" />
  <memory-copied type="nursery" objects="4063833" bytes="109252840" bytesdiscarded="156896" />
  <memory-copied type="tenure" objects="1077242" bytes="28949216" bytesdiscarded="78192" />
  <ownableSynchronizers candidates="4537" cleared="4166" />
  <references type="soft" candidates="277" cleared="0" enqueued="0" dynamicThreshold="17" maxThreshold="32" />
  <references type="weak" candidates="117" cleared="117" enqueued="0" />
</gc-op>
<gc-end id="4157" type="scavenge" contextid="4153" durationms="97.534" usertimems="682.684" systemtimems="4.692" timestamp="2020-09-11T10:01:23.895" activeThreads="8">
  <mem-info id="4158" free="1282378168" total="2761883648" percent="46">
    <mem type="nursery" free="698959840" total="939524096" percent="74">
      <mem type="allocate" free="698959840" total="808452096" percent="86" />
      <mem type="survivor" free="0" total="131072000" percent="0" />
    </mem>
    <mem type="tenure" free="583418328" total="1822359552" percent="32" macro-fragmented="0">
      <mem type="soa" free="510523864" total="1749465088" percent="29" />
      <mem type="loa" free="72894464" total="72894464" percent="100" />
    </mem>
    <remembered-set count="32505" />
  </mem-info>
</gc-end>
<cycle-end id="4159" type="scavenge" contextid="4153" timestamp="2020-09-11T10:01:23.896" />
<allocation-satisfied id="4160" threadId="000000000078AB00" bytesRequested="32" />
<af-end id="4161" timestamp="2020-09-11T10:01:23.896" threadId="000000000078B480" success="true" from="nursery"/>
<exclusive-end id="4162" timestamp="2020-09-11T10:01:23.896" durationms="99.176" />

<exclusive-start id="4163" timestamp="2020-09-11T10:01:26.033" intervalms="2236.265">
  <response-info timems="0.303" idlems="0.303" threads="0" lastid="000000000085F900" lastname="Group1.Backend.CompositeBackend{Tier1}.3" />
</exclusive-start>
<af-start id="4164" threadId="0000000000860280" totalBytesRequested="96" timestamp="2020-09-11T10:01:26.033" intervalms="2236.281" type="nursery" />
<cycle-start id="4165" type="scavenge" contextid="0" timestamp="2020-09-11T10:01:26.033" intervalms="2236.288" />
<gc-start id="4166" type="scavenge" contextid="4165" timestamp="2020-09-11T10:01:26.034">
  <mem-info id="4167" free="583418328" total="2761883648" percent="21">
    <mem type="nursery" free="0" total="939524096" percent="0">
      <mem type="allocate" free="0" total="808452096" percent="0" />
      <mem type="survivor" free="0" total="131072000" percent="0" />
    </mem>
    <mem type="tenure" free="583418328" total="1822359552" percent="32">
      <mem type="soa" free="510523864" total="1749465088" percent="29" />
      <mem type="loa" free="72894464" total="72894464" percent="100" />
    </mem>
    <remembered-set count="200293" />
  </mem-info>
</gc-start>
<allocation-stats totalBytes="698625056" >
  <allocated-bytes non-tlh="26311488" tlh="672313568" />
  <largest-consumer threadName="Group1.Backend.CompositeBackend{Tier1}.3" threadId="000000000085F900" bytes="97220128" />
</allocation-stats>
<gc-op id="4168" type="scavenge" timems="118.011" contextid="4165" timestamp="2020-09-11T10:01:26.152">
  <scavenger-info tenureage="3" tenuremask="7ff8" tiltratio="86" />
  <memory-copied type="nursery" objects="4165693" bytes="111909992" bytesdiscarded="546224" />
  <memory-copied type="tenure" objects="1088477" bytes="29262264" bytesdiscarded="111176" />
  <ownableSynchronizers candidates="4096" cleared="3758" />
  <references type="soft" candidates="266" cleared="0" enqueued="0" dynamicThreshold="17" maxThreshold="32" />
  <references type="weak" candidates="112" cleared="112" enqueued="0" />
</gc-op>
<gc-end id="4169" type="scavenge" contextid="4165" durationms="118.758" usertimems="837.249" systemtimems="23.966" timestamp="2020-09-11T10:01:26.152" activeThreads="8">
  <mem-info id="4170" free="1250570880" total="2761883648" percent="45">
    <mem type="nursery" free="696492256" total="939524096" percent="74">
      <mem type="allocate" free="696492256" total="809041920" percent="86" />
      <mem type="survivor" free="0" total="130482176" percent="0" />
    </mem>
    <mem type="tenure" free="554078624" total="1822359552" percent="30" macro-fragmented="0">
      <mem type="soa" free="481184160" total="1749465088" percent="27" />
      <mem type="loa" free="72894464" total="72894464" percent="100" />
    </mem>
    <remembered-set count="32543" />
  </mem-info>
</gc-end>
<cycle-end id="4171" type="scavenge" contextid="4165" timestamp="2020-09-11T10:01:26.153" />
<allocation-satisfied id="4172" threadId="000000000085F900" bytesRequested="96" />
<af-end id="4173" timestamp="2020-09-11T10:01:26.153" threadId="0000000000860280" success="true" from="nursery"/>
<exclusive-end id="4174" timestamp="2020-09-11T10:01:26.153" durationms="120.565" />

<exclusive-start id="4175" timestamp="2020-09-11T10:01:28.115" intervalms="2082.210">
  <response-info timems="0.337" idlems="0.179" threads="1" lastid="000000000078AB00" lastname="Group1.Backend.CompositeBackend{Tier1}.1" />
</exclusive-start>
<af-start id="4176" threadId="00000000007C9B80" totalBytesRequested="32" timestamp="2020-09-11T10:01:28.115" intervalms="2082.179" type="nursery" />
<cycle-start id="4177" type="scavenge" contextid="0" timestamp="2020-09-11T10:01:28.116" intervalms="2082.178" />
<gc-start id="4178" type="scavenge" contextid="4177" timestamp="2020-09-11T10:01:28.116">
  <mem-info id="4179" free="554078624" total="2761883648" percent="20">
    <mem type="nursery" free="0" total="939524096" percent="0">
      <mem type="allocate" free="0" total="809041920" percent="0" />
      <mem type="survivor" free="0" total="130482176" percent="0" />
    </mem>
    <mem type="tenure" free="554078624" total="1822359552" percent="30">
      <mem type="soa" free="481184160" total="1749465088" percent="27" />
      <mem type="loa" free="72894464" total="72894464" percent="100" />
    </mem>
    <remembered-set count="194075" />
  </mem-info>
</gc-start>
<allocation-stats totalBytes="696171592" >
  <allocated-bytes non-tlh="37529200" tlh="658642392" />
  <largest-consumer threadName="Group1.Backend.CompositeBackend{Tier1}.2" threadId="00000000007C9200" bytes="97001560" />
</allocation-stats>
<gc-op id="4180" type="scavenge" timems="113.572" contextid="4177" timestamp="2020-09-11T10:01:28.229">
  <scavenger-info tenureage="3" tenuremask="7ff8" tiltratio="86" />
  <memory-copied type="nursery" objects="4329303" bytes="115211560" bytesdiscarded="153248" />
  <memory-copied type="tenure" objects="1109668" bytes="29972504" bytesdiscarded="102392" />
  <ownableSynchronizers candidates="4020" cleared="3694" />
  <references type="soft" candidates="251" cleared="0" enqueued="0" dynamicThreshold="17" maxThreshold="32" />
  <references type="weak" candidates="119" cleared="118" enqueued="0" />
</gc-op>
<gc-end id="4181" type="scavenge" contextid="4177" durationms="114.375" usertimems="877.794" systemtimems="6.421" timestamp="2020-09-11T10:01:28.230" activeThreads="8">
  <mem-info id="4182" free="1215702528" total="2761883648" percent="44">
    <mem type="nursery" free="691754488" total="939524096" percent="73">
      <mem type="allocate" free="691754488" total="807206912" percent="85" />
      <mem type="survivor" free="0" total="132317184" percent="0" />
    </mem>
    <mem type="tenure" free="523948040" total="1822359552" percent="28" macro-fragmented="2160235">
      <mem type="soa" free="451053576" total="1749465088" percent="25" />
      <mem type="loa" free="72894464" total="72894464" percent="100" />
    </mem>
    <remembered-set count="32368" />
  </mem-info>
</gc-end>
<cycle-end id="4183" type="scavenge" contextid="4177" timestamp="2020-09-11T10:01:28.231" />
<allocation-satisfied id="4184" threadId="00000000007C9200" bytesRequested="32" />
<af-end id="4185" timestamp="2020-09-11T10:01:28.231" threadId="00000000007C9B80" success="true" from="nursery"/>
<exclusive-end id="4186" timestamp="2020-09-11T10:01:28.231" durationms="116.183" />

<exclusive-start id="4187" timestamp="2020-09-11T10:01:30.210" intervalms="2094.754">
  <response-info timems="3.855" idlems="3.855" threads="0" lastid="000000000087A000" lastname="Group1.Backend.CompositeBackend{Tier1}.5" />
</exclusive-start>
<af-start id="4188" threadId="000000000087A980" totalBytesRequested="1032" timestamp="2020-09-11T10:01:30.210" intervalms="2094.784" type="nursery" />
<cycle-start id="4189" type="scavenge" contextid="0" timestamp="2020-09-11T10:01:30.210" intervalms="2094.789" />
<gc-start id="4190" type="scavenge" contextid="4189" timestamp="2020-09-11T10:01:30.211">
  <mem-info id="4191" free="523948040" total="2761883648" percent="18">
    <mem type="nursery" free="0" total="939524096" percent="0">
      <mem type="allocate" free="0" total="807206912" percent="0" />
      <mem type="survivor" free="0" total="132317184" percent="0" />
    </mem>
    <mem type="tenure" free="523948040" total="1822359552" percent="28">
      <mem type="soa" free="451053576" total="1749465088" percent="25" />
      <mem type="loa" free="72894464" total="72894464" percent="100" />
    </mem>
    <remembered-set count="197429" />
  </mem-info>
</gc-start>
<allocation-stats totalBytes="691410512" >
  <allocated-bytes non-tlh="30733288" tlh="660677224" />
  <largest-consumer threadName="Group1.Backend.CompositeBackend{Tier1}.5" threadId="000000000087A000" bytes="101867712" />
</allocation-stats>
<gc-op id="4192" type="scavenge" timems="98.364" contextid="4189" timestamp="2020-09-11T10:01:30.309">
  <scavenger-info tenureage="3" tenuremask="7ff8" tiltratio="85" />
  <memory-copied type="nursery" objects="4166954" bytes="111745064" bytesdiscarded="131992" />
  <memory-copied type="tenure" objects="1102425" bytes="29612864" bytesdiscarded="100856" />
  <ownableSynchronizers candidates="3302" cleared="3005" />
  <references type="soft" candidates="243" cleared="0" enqueued="0" dynamicThreshold="17" maxThreshold="32" />
  <references type="weak" candidates="103" cleared="103" enqueued="0" />
</gc-op>
<gc-end id="4193" type="scavenge" contextid="4189" durationms="99.235" usertimems="774.285" systemtimems="0.000" timestamp="2020-09-11T10:01:30.310" activeThreads="8">
  <mem-info id="4194" free="1190217928" total="2761883648" percent="43">
    <mem type="nursery" free="695903232" total="939524096" percent="74">
      <mem type="allocate" free="695903232" total="807862272" percent="86" />
      <mem type="survivor" free="0" total="131661824" percent="0" />
    </mem>
    <mem type="tenure" free="494314696" total="1822359552" percent="27" macro-fragmented="0">
      <mem type="soa" free="421420232" total="1749465088" percent="24" />
      <mem type="loa" free="72894464" total="72894464" percent="100" />
    </mem>
    <remembered-set count="31114" />
  </mem-info>
</gc-end>
<cycle-end id="4195" type="scavenge" contextid="4189" timestamp="2020-09-11T10:01:30.311" />
<allocation-satisfied id="4196" threadId="000000000087A000" bytesRequested="1032" />
<af-end id="4197" timestamp="2020-09-11T10:01:30.311" threadId="000000000087A980" success="true" from="nursery"/>
<exclusive-end id="4198" timestamp="2020-09-11T10:01:30.311" durationms="100.986" />

<exclusive-start id="4199" timestamp="2020-09-11T10:01:32.303" intervalms="2093.037">
  <response-info timems="0.404" idlems="0.404" threads="0" lastid="000000000087A000" lastname="Group1.Backend.CompositeBackend{Tier1}.5" />
</exclusive-start>
<af-start id="4200" threadId="000000000087A980" totalBytesRequested="16" timestamp="2020-09-11T10:01:32.303" intervalms="2093.037" type="nursery" />
<cycle-start id="4201" type="scavenge" contextid="0" timestamp="2020-09-11T10:01:32.303" intervalms="2093.028" />
<gc-start id="4202" type="scavenge" contextid="4201" timestamp="2020-09-11T10:01:32.304">
  <mem-info id="4203" free="494314696" total="2761883648" percent="17">
    <mem type="nursery" free="0" total="939524096" percent="0">
      <mem type="allocate" free="0" total="807862272" percent="0" />
      <mem type="survivor" free="0" total="131661824" percent="0" />
    </mem>
    <mem type="tenure" free="494314696" total="1822359552" percent="27">
      <mem type="soa" free="421420232" total="1749465088" percent="24" />
      <mem type="loa" free="72894464" total="72894464" percent="100" />
    </mem>
    <remembered-set count="193688" />
  </mem-info>
</gc-start>
<allocation-stats totalBytes="695574920" >
  <allocated-bytes non-tlh="35387800" tlh="660187120" />
  <largest-consumer threadName="Group1.Backend.CompositeBackend{Tier1}.5" threadId="000000000087A000" bytes="133715080" />
</allocation-stats>
<gc-op id="4204" type="scavenge" timems="111.503" contextid="4201" timestamp="2020-09-11T10:01:32.415">
  <scavenger-info tenureage="3" tenuremask="7ff8" tiltratio="85" />
  <memory-copied type="nursery" objects="4584370" bytes="121620568" bytesdiscarded="130968" />
  <memory-copied type="tenure" objects="1152380" bytes="30978176" bytesdiscarded="98040" />
  <ownableSynchronizers candidates="4017" cleared="3718" />
  <references type="soft" candidates="262" cleared="0" enqueued="0" dynamicThreshold="17" maxThreshold="32" />
  <references type="weak" candidates="108" cleared="108" enqueued="0" />
</gc-op>
<gc-end id="4205" type="scavenge" contextid="4201" durationms="112.241" usertimems="867.004" systemtimems="12.143" timestamp="2020-09-11T10:01:32.416" activeThreads="8">
  <mem-info id="4206" free="1136637176" total="2761883648" percent="41">
    <mem type="nursery" free="673512032" total="939524096" percent="71">
      <mem type="allocate" free="673512032" total="795344896" percent="84" />
      <mem type="survivor" free="0" total="144179200" percent="0" />
    </mem>
    <mem type="tenure" free="463125144" total="1822359552" percent="25" macro-fragmented="0">
      <mem type="soa" free="390230680" total="1749465088" percent="22" />
      <mem type="loa" free="72894464" total="72894464" percent="100" />
    </mem>
    <remembered-set count="32022" />
  </mem-info>
</gc-end>
<cycle-end id="4207" type="scavenge" contextid="4201" timestamp="2020-09-11T10:01:32.417" />
<allocation-satisfied id="4208" threadId="000000000087A000" bytesRequested="16" />
<af-end id="4209" timestamp="2020-09-11T10:01:32.417" threadId="000000000087A980" success="true" from="nursery"/>
<exclusive-end id="4210" timestamp="2020-09-11T10:01:32.417" durationms="113.977" />

<exclusive-start id="4211" timestamp="2020-09-11T10:01:34.354" intervalms="2051.006">
  <response-info timems="0.832" idlems="0.832" threads="0" lastid="000000000086B200" lastname="Group1.Backend.CompositeBackend{Tier1}.4" />
</exclusive-start>
<af-start id="4212" threadId="000000000086BB80" totalBytesRequested="32" timestamp="2020-09-11T10:01:34.354" intervalms="2051.013" type="nursery" />
<cycle-start id="4213" type="scavenge" contextid="0" timestamp="2020-09-11T10:01:34.354" intervalms="2051.011" />
<gc-start id="4214" type="scavenge" contextid="4213" timestamp="2020-09-11T10:01:34.355">
  <mem-info id="4215" free="463125144" total="2761883648" percent="16">
    <mem type="nursery" free="0" total="939524096" percent="0">
      <mem type="allocate" free="0" total="795344896" percent="0" />
      <mem type="survivor" free="0" total="144179200" percent="0" />
    </mem>
    <mem type="tenure" free="463125144" total="1822359552" percent="25">
      <mem type="soa" free="390230680" total="1749465088" percent="22" />
      <mem type="loa" free="72894464" total="72894464" percent="100" />
    </mem>
    <remembered-set count="192973" />
  </mem-info>
</gc-start>
<allocation-stats totalBytes="673182656" >
  <allocated-bytes non-tlh="33327256" tlh="639855400" />
  <largest-consumer threadName="Group1.Backend.CompositeBackend{Tier1}.5" threadId="000000000087A000" bytes="107138672" />
</allocation-stats>
<gc-op id="4216" type="scavenge" timems="88.766" contextid="4213" timestamp="2020-09-11T10:01:34.443">
  <scavenger-info tenureage="3" tenuremask="7ff8" tiltratio="84" />
  <memory-copied type="nursery" objects="4312552" bytes="115239392" bytesdiscarded="299424" />
  <memory-copied type="tenure" objects="1085639" bytes="29177256" bytesdiscarded="123584" />
  <ownableSynchronizers candidates="4894" cleared="4570" />
  <references type="soft" candidates="280" cleared="0" enqueued="0" dynamicThreshold="17" maxThreshold="32" />
  <references type="weak" candidates="119" cleared="118" enqueued="0" />
</gc-op>
<gc-end id="4217" type="scavenge" contextid="4213" durationms="89.661" usertimems="680.392" systemtimems="0.000" timestamp="2020-09-11T10:01:34.444" activeThreads="8">
  <mem-info id="4218" free="1115020416" total="2761883648" percent="40">
    <mem type="nursery" free="681297600" total="939524096" percent="72">
      <mem type="allocate" free="681297600" total="796917760" percent="85" />
      <mem type="survivor" free="0" total="142606336" percent="0" />
    </mem>
    <mem type="tenure" free="433722816" total="1822359552" percent="23" macro-fragmented="0">
      <mem type="soa" free="360828352" total="1749465088" percent="20" />
      <mem type="loa" free="72894464" total="72894464" percent="100" />
    </mem>
    <remembered-set count="31004" />
  </mem-info>
</gc-end>
<cycle-end id="4219" type="scavenge" contextid="4213" timestamp="2020-09-11T10:01:34.445" />
<allocation-satisfied id="4220" threadId="000000000086B200" bytesRequested="32" />
<af-end id="4221" timestamp="2020-09-11T10:01:34.445" threadId="000000000086BB80" success="true" from="nursery"/>
<exclusive-end id="4222" timestamp="2020-09-11T10:01:34.445" durationms="91.361" />

<exclusive-start id="4223" timestamp="2020-09-11T10:01:36.497" intervalms="2142.865">
  <response-info timems="2.078" idlems="2.078" threads="0" lastid="000000000084FB00" lastname="Group1.Backend.CompositeBackend{Tier1}.8" />
</exclusive-start>
<af-start id="4224" threadId="0000000000850480" totalBytesRequested="24" timestamp="2020-09-11T10:01:36.497" intervalms="2142.861" type="nursery" />
<cycle-start id="4225" type="scavenge" contextid="0" timestamp="2020-09-11T10:01:36.497" intervalms="2142.881" />
<gc-start id="4226" type="scavenge" contextid="4225" timestamp="2020-09-11T10:01:36.498">
  <mem-info id="4227" free="433722816" total="2761883648" percent="15">
    <mem type="nursery" free="0" total="939524096" percent="0">
      <mem type="allocate" free="0" total="796917760" percent="0" />
      <mem type="survivor" free="0" total="142606336" percent="0" />
    </mem>
    <mem type="tenure" free="433722816" total="1822359552" percent="23">
      <mem type="soa" free="360828352" total="1749465088" percent="20" />
      <mem type="loa" free="72894464" total="72894464" percent="100" />
    </mem>
    <remembered-set count="195896" />
  </mem-info>
</gc-start>
<allocation-stats totalBytes="680952944" >
  <allocated-bytes non-tlh="27574184" tlh="653378760" />
  <largest-consumer threadName="Group1.Backend.CompositeBackend{Tier1}.6" threadId="000000000088D900" bytes="98926304" />
</allocation-stats>
<gc-op id="4228" type="scavenge" timems="146.286" contextid="4225" timestamp="2020-09-11T10:01:36.644">
  <scavenger-info tenureage="3" tenuremask="7ff8" tiltratio="84" />
  <memory-copied type="nursery" objects="4127072" bytes="111101128" bytesdiscarded="287376" />
  <memory-copied type="tenure" objects="1112612" bytes="29910496" bytesdiscarded="110704" />
  <ownableSynchronizers candidates="4294" cleared="3963" />
  <references type="soft" candidates="284" cleared="0" enqueued="0" dynamicThreshold="17" maxThreshold="32" />
  <references type="weak" candidates="118" cleared="118" enqueued="0" />
</gc-op>
<gc-end id="4229" type="scavenge" contextid="4225" durationms="147.106" usertimems="981.143" systemtimems="32.802" timestamp="2020-09-11T10:01:36.645" activeThreads="8">
  <mem-info id="4230" free="1092090952" total="2761883648" percent="39">
    <mem type="nursery" free="688127480" total="939524096" percent="73">
      <mem type="allocate" free="688127480" total="799604736" percent="86" />
      <mem type="survivor" free="0" total="139919360" percent="0" />
    </mem>
    <mem type="tenure" free="403963472" total="1822359552" percent="22" macro-fragmented="0">
      <mem type="soa" free="331069008" total="1749465088" percent="18" />
      <mem type="loa" free="72894464" total="72894464" percent="100" />
    </mem>
    <remembered-set count="30873" />
  </mem-info>
</gc-end>
<cycle-end id="4231" type="scavenge" contextid="4225" timestamp="2020-09-11T10:01:36.645" />
<allocation-satisfied id="4232" threadId="000000000084FB00" bytesRequested="24" />
<af-end id="4233" timestamp="2020-09-11T10:01:36.645" threadId="0000000000850480" success="true" from="nursery"/>
<exclusive-end id="4234" timestamp="2020-09-11T10:01:36.645" durationms="148.809" />

<exclusive-start id="4235" timestamp="2020-09-11T10:01:38.527" intervalms="2030.581">
  <response-info timems="0.281" idlems="0.281" threads="0" lastid="0000000000948D00" lastname="Group1.TxInjector.CompositeTxInjector.I.driver.probe.27" />
</exclusive-start>
<af-start id="4236" threadId="0000000000949680" totalBytesRequested="16" timestamp="2020-09-11T10:01:38.528" intervalms="2030.613" type="nursery" />
<cycle-start id="4237" type="scavenge" contextid="0" timestamp="2020-09-11T10:01:38.528" intervalms="2030.610" />
<gc-start id="4238" type="scavenge" contextid="4237" timestamp="2020-09-11T10:01:38.528">
  <mem-info id="4239" free="403963472" total="2761883648" percent="14">
    <mem type="nursery" free="0" total="939524096" percent="0">
      <mem type="allocate" free="0" total="799604736" percent="0" />
      <mem type="survivor" free="0" total="139919360" percent="0" />
    </mem>
    <mem type="tenure" free="403963472" total="1822359552" percent="22">
      <mem type="soa" free="331069008" total="1749465088" percent="18" />
      <mem type="loa" free="72894464" total="72894464" percent="100" />
    </mem>
    <remembered-set count="192719" />
  </mem-info>
</gc-start>
<allocation-stats totalBytes="687808760" >
  <allocated-bytes non-tlh="34747704" tlh="653061056" />
  <largest-consumer threadName="Group1.Backend.CompositeBackend{Tier1}.4" threadId="000000000086B200" bytes="109255312" />
</allocation-stats>
<gc-op id="4240" type="scavenge" timems="151.685" contextid="4237" timestamp="2020-09-11T10:01:38.680">
  <scavenger-info tenureage="3" tenuremask="7ff8" tiltratio="85" />
  <memory-copied type="nursery" objects="4110230" bytes="110183664" bytesdiscarded="180696" />
  <memory-copied type="tenure" objects="1092620" bytes="29861440" bytesdiscarded="116184" />
  <ownableSynchronizers candidates="4802" cleared="4437" />
  <references type="soft" candidates="271" cleared="0" enqueued="0" dynamicThreshold="17" maxThreshold="32" />
  <references type="weak" candidates="112" cleared="112" enqueued="0" />
</gc-op>
<gc-end id="4241" type="scavenge" contextid="4237" durationms="152.418" usertimems="1086.417" systemtimems="47.408" timestamp="2020-09-11T10:01:38.680" activeThreads="8">
  <mem-info id="4242" free="1066161408" total="2761883648" percent="38">
    <mem type="nursery" free="692233472" total="939524096" percent="73">
      <mem type="allocate" free="692233472" total="802684928" percent="86" />
      <mem type="survivor" free="0" total="136839168" percent="0" />
    </mem>
    <mem type="tenure" free="373927936" total="1822359552" percent="20" macro-fragmented="0">
      <mem type="soa" free="301033472" total="1749465088" percent="17" />
      <mem type="loa" free="72894464" total="72894464" percent="100" />
    </mem>
    <remembered-set count="29972" />
  </mem-info>
</gc-end>
<cycle-end id="4243" type="scavenge" contextid="4237" timestamp="2020-09-11T10:01:38.681" />
<allocation-satisfied id="4244" threadId="0000000000948D00" bytesRequested="16" />
<af-end id="4245" timestamp="2020-09-11T10:01:38.681" threadId="0000000000949680" success="true" from="nursery"/>
<exclusive-end id="4246" timestamp="2020-09-11T10:01:38.681" durationms="154.091" />

<exclusive-start id="4247" timestamp="2020-09-11T10:01:40.547" intervalms="2020.117">
  <response-info timems="0.406" idlems="0.406" threads="0" lastid="000000000085F900" lastname="Group1.Backend.CompositeBackend{Tier1}.3" />
</exclusive-start>
<af-start id="4248" threadId="0000000000860280" totalBytesRequested="16" timestamp="2020-09-11T10:01:40.548" intervalms="2020.304" type="nursery" />
<cycle-start id="4249" type="scavenge" contextid="0" timestamp="2020-09-11T10:01:40.548" intervalms="2020.341" />
<gc-start id="4250" type="scavenge" contextid="4249" timestamp="2020-09-11T10:01:40.549">
  <mem-info id="4251" free="373927936" total="2761883648" percent="13">
    <mem type="nursery" free="0" total="939524096" percent="0">
      <mem type="allocate" free="0" total="802684928" percent="0" />
      <mem type="survivor" free="0" total="136839168" percent="0" />
    </mem>
    <mem type="tenure" free="373927936" total="1822359552" percent="20">
      <mem type="soa" free="301033472" total="1749465088" percent="17" />
      <mem type="loa" free="72894464" total="72894464" percent="100" />
    </mem>
    <remembered-set count="190689" />
  </mem-info>
</gc-start>
<allocation-stats totalBytes="691922600" >
  <allocated-bytes non-tlh="36160744" tlh="655761856" />
  <largest-consumer threadName="Group1.Backend.CompositeBackend{Tier1}.4" threadId="000000000086B200" bytes="95099872" />
</allocation-stats>
<gc-op id="4252" type="scavenge" timems="122.902" contextid="4249" timestamp="2020-09-11T10:01:40.672">
  <scavenger-info tenureage="3" tenuremask="7ff8" tiltratio="85" />
  <memory-copied type="nursery" objects="4211235" bytes="112576520" bytesdiscarded="144576" />
  <memory-copied type="tenure" objects="1068323" bytes="28718992" bytesdiscarded="96896" />
  <ownableSynchronizers candidates="4526" cleared="4164" />
  <references type="soft" candidates="274" cleared="0" enqueued="0" dynamicThreshold="17" maxThreshold="32" />
  <references type="weak" candidates="124" cleared="123" enqueued="0" />
</gc-op>
<gc-end id="4253" type="scavenge" contextid="4249" durationms="123.794" usertimems="912.345" systemtimems="14.550" timestamp="2020-09-11T10:01:40.672" activeThreads="8">
  <mem-info id="4254" free="1036624792" total="2761883648" percent="37">
    <mem type="nursery" free="691513080" total="939524096" percent="73">
      <mem type="allocate" free="691513080" total="804323328" percent="85" />
      <mem type="survivor" free="0" total="135200768" percent="0" />
    </mem>
    <mem type="tenure" free="345111712" total="1822359552" percent="18" macro-fragmented="0">
      <mem type="soa" free="272217248" total="1749465088" percent="15" />
      <mem type="loa" free="72894464" total="72894464" percent="100" />
    </mem>
    <remembered-set count="30333" />
  </mem-info>
</gc-end>
<cycle-end id="4255" type="scavenge" contextid="4249" timestamp="2020-09-11T10:01:40.673" />
<allocation-satisfied id="4256" threadId="000000000085F900" bytesRequested="16" />
<af-end id="4257" timestamp="2020-09-11T10:01:40.673" threadId="0000000000860280" success="true" from="nursery"/>
<exclusive-end id="4258" timestamp="2020-09-11T10:01:40.673" durationms="125.786" />

<exclusive-start id="4259" timestamp="2020-09-11T10:01:42.750" intervalms="2202.798">
  <response-info timems="0.289" idlems="0.289" threads="0" lastid="000000000087A000" lastname="Group1.Backend.CompositeBackend{Tier1}.5" />
</exclusive-start>
<af-start id="4260" threadId="000000000087A980" totalBytesRequested="16" timestamp="2020-09-11T10:01:42.751" intervalms="2202.594" type="nursery" />
<cycle-start id="4261" type="scavenge" contextid="0" timestamp="2020-09-11T10:01:42.751" intervalms="2202.538" />
<gc-start id="4262" type="scavenge" contextid="4261" timestamp="2020-09-11T10:01:42.751">
  <mem-info id="4263" free="345111712" total="2761883648" percent="12">
    <mem type="nursery" free="0" total="939524096" percent="0">
      <mem type="allocate" free="0" total="804323328" percent="0" />
      <mem type="survivor" free="0" total="135200768" percent="0" />
    </mem>
    <mem type="tenure" free="345111712" total="1822359552" percent="18">
      <mem type="soa" free="272217248" total="1749465088" percent="15" />
      <mem type="loa" free="72894464" total="72894464" percent="100" />
    </mem>
    <remembered-set count="197188" />
  </mem-info>
</gc-start>
<allocation-stats totalBytes="691184152" >
  <allocated-bytes non-tlh="25672824" tlh="665511328" />
  <largest-consumer threadName="Group1.Backend.CompositeBackend{Tier1}.5" threadId="000000000087A000" bytes="90400464" />
</allocation-stats>
<gc-op id="4264" type="scavenge" timems="87.829" contextid="4261" timestamp="2020-09-11T10:01:42.839">
  <scavenger-info tenureage="3" tenuremask="7ff8" tiltratio="85" />
  <memory-copied type="nursery" objects="4114340" bytes="110041504" bytesdiscarded="129952" />
  <memory-copied type="tenure" objects="1134252" bytes="30496864" bytesdiscarded="116920" />
  <ownableSynchronizers candidates="4195" cleared="3836" />
  <references type="soft" candidates="297" cleared="0" enqueued="0" dynamicThreshold="17" maxThreshold="32" />
  <references type="weak" candidates="106" cleared="106" enqueued="0" />
</gc-op>
<gc-end id="4265" type="scavenge" contextid="4261" durationms="88.648" usertimems="674.841" systemtimems="3.321" timestamp="2020-09-11T10:01:42.840" activeThreads="8">
  <mem-info id="4266" free="1010490976" total="2761883648" percent="36">
    <mem type="nursery" free="695902200" total="939524096" percent="74">
      <mem type="allocate" free="695902200" total="806158336" percent="86" />
      <mem type="survivor" free="0" total="133365760" percent="0" />
    </mem>
    <mem type="tenure" free="314588776" total="1822359552" percent="17" macro-fragmented="0">
      <mem type="soa" free="241694312" total="1749465088" percent="13" />
      <mem type="loa" free="72894464" total="72894464" percent="100" />
    </mem>
    <remembered-set count="30909" />
  </mem-info>
</gc-end>
<cycle-end id="4267" type="scavenge" contextid="4261" timestamp="2020-09-11T10:01:42.840" />
<allocation-satisfied id="4268" threadId="000000000087A000" bytesRequested="16" />
<af-end id="4269" timestamp="2020-09-11T10:01:42.840" threadId="000000000087A980" success="true" from="nursery"/>
<exclusive-end id="4270" timestamp="2020-09-11T10:01:42.840" durationms="90.257" />

<exclusive-start id="4271" timestamp="2020-09-11T10:01:44.759" intervalms="2008.916">
  <response-info timems="0.291" idlems="0.291" threads="0" lastid="000000000078AB00" lastname="Group1.Backend.CompositeBackend{Tier1}.1" />
</exclusive-start>
<af-start id="4272" threadId="000000000078B480" totalBytesRequested="16" timestamp="2020-09-11T10:01:44.760" intervalms="2008.904" type="nursery" />
<cycle-start id="4273" type="scavenge" contextid="0" timestamp="2020-09-11T10:01:44.760" intervalms="2008.915" />
<gc-start id="4274" type="scavenge" contextid="4273" timestamp="2020-09-11T10:01:44.760">
  <mem-info id="4275" free="314588776" total="2761883648" percent="11">
    <mem type="nursery" free="0" total="939524096" percent="0">
      <mem type="allocate" free="0" total="806158336" percent="0" />
      <mem type="survivor" free="0" total="133365760" percent="0" />
    </mem>
    <mem type="tenure" free="314588776" total="1822359552" percent="17">
      <mem type="soa" free="241694312" total="1749465088" percent="13" />
      <mem type="loa" free="72894464" total="72894464" percent="100" />
    </mem>
    <remembered-set count="190199" />
  </mem-info>
</gc-start>
<allocation-stats totalBytes="695588560" >
  <allocated-bytes non-tlh="40789992" tlh="654798568" />
  <largest-consumer threadName="Group1.Backend.CompositeBackend{Tier1}.4" threadId="000000000086B200" bytes="87974040" />
</allocation-stats>
<gc-op id="4276" type="scavenge" timems="105.832" contextid="4273" timestamp="2020-09-11T10:01:44.866">
  <scavenger-info tenureage="3" tenuremask="7ff8" tiltratio="85" />
  <memory-copied type="nursery" objects="4158050" bytes="110717576" bytesdiscarded="217648" />
  <memory-copied type="tenure" objects="1064818" bytes="28629952" bytesdiscarded="106184" />
  <ownableSynchronizers candidates="4519" cleared="4163" />
  <references type="soft" candidates="289" cleared="0" enqueued="0" dynamicThreshold="17" maxThreshold="32" />
  <references type="weak" candidates="123" cleared="123" enqueued="0" />
</gc-op>
<gc-end id="4277" type="scavenge" contextid="4273" durationms="106.805" usertimems="785.291" systemtimems="4.310" timestamp="2020-09-11T10:01:44.867" activeThreads="8">
  <mem-info id="4278" free="982685592" total="2761883648" percent="35">
    <mem type="nursery" free="696849144" total="939524096" percent="74">
      <mem type="allocate" free="696849144" total="807862272" percent="86" />
      <mem type="survivor" free="0" total="131661824" percent="0" />
    </mem>
    <mem type="tenure" free="285836448" total="1822359552" percent="15" macro-fragmented="0">
      <mem type="soa" free="212941984" total="1749465088" percent="12" />
      <mem type="loa" free="72894464" total="72894464" percent="100" />
    </mem>
    <remembered-set count="30467" />
  </mem-info>
</gc-end>
<cycle-end id="4279" type="scavenge" contextid="4273" timestamp="2020-09-11T10:01:44.868" />
<allocation-satisfied id="4280" threadId="000000000078AB00" bytesRequested="16" />
<af-end id="4281" timestamp="2020-09-11T10:01:44.868" threadId="000000000078B480" success="true" from="nursery"/>
<exclusive-end id="4282" timestamp="2020-09-11T10:01:44.868" durationms="108.628" />

<exclusive-start id="4283" timestamp="2020-09-11T10:01:47.004" intervalms="2245.443">
  <response-info timems="0.864" idlems="0.864" threads="0" lastid="0000000000A12F00" lastname="Group1.Backend.CompositeBackend{Tier3}.2" />
</exclusive-start>
<af-start id="4284" threadId="0000000000A13880" totalBytesRequested="16" timestamp="2020-09-11T10:01:47.005" intervalms="2245.440" type="nursery" />
<cycle-start id="4285" type="scavenge" contextid="0" timestamp="2020-09-11T10:01:47.005" intervalms="2245.591" />
<gc-start id="4286" type="scavenge" contextid="4285" timestamp="2020-09-11T10:01:47.006">
  <mem-info id="4287" free="285836448" total="2761883648" percent="10">
    <mem type="nursery" free="0" total="939524096" percent="0">
      <mem type="allocate" free="0" total="807862272" percent="0" />
      <mem type="survivor" free="0" total="131661824" percent="0" />
    </mem>
    <mem type="tenure" free="285836448" total="1822359552" percent="15">
      <mem type="soa" free="212941984" total="1749465088" percent="12" />
      <mem type="loa" free="72894464" total="72894464" percent="100" />
    </mem>
    <remembered-set count="198032" />
  </mem-info>
</gc-start>
<allocation-stats totalBytes="696506304" >
  <allocated-bytes non-tlh="27464576" tlh="669041728" />
  <largest-consumer threadName="Group1.Backend.CompositeBackend{Tier1}.4" threadId="000000000086B200" bytes="98909552" />
</allocation-stats>
<gc-op id="4288" type="scavenge" timems="88.593" contextid="4285" timestamp="2020-09-11T10:01:47.094">
  <scavenger-info tenureage="3" tenuremask="7ff8" tiltratio="85" />
  <memory-copied type="nursery" objects="4144590" bytes="111230752" bytesdiscarded="196000" />
  <memory-copied type="tenure" objects="1049713" bytes="28212696" bytesdiscarded="109624" />
  <ownableSynchronizers candidates="3622" cleared="3292" />
  <references type="soft" candidates="272" cleared="0" enqueued="0" dynamicThreshold="17" maxThreshold="32" />
  <references type="weak" candidates="109" cleared="107" enqueued="0" />
</gc-op>
<gc-end id="4289" type="scavenge" contextid="4285" durationms="89.483" usertimems="693.480" systemtimems="3.732" timestamp="2020-09-11T10:01:47.095" activeThreads="8">
  <mem-info id="4290" free="955173224" total="2761883648" percent="34">
    <mem type="nursery" free="697654016" total="939524096" percent="74">
      <mem type="allocate" free="697654016" total="809172992" percent="86" />
      <mem type="survivor" free="0" total="130351104" percent="0" />
    </mem>
    <mem type="tenure" free="257519208" total="1822359552" percent="14" macro-fragmented="0">
      <mem type="soa" free="184624744" total="1749465088" percent="10" />
      <mem type="loa" free="72894464" total="72894464" percent="100" />
    </mem>
    <remembered-set count="30906" />
  </mem-info>
</gc-end>
<cycle-end id="4291" type="scavenge" contextid="4285" timestamp="2020-09-11T10:01:47.096" />
<allocation-satisfied id="4292" threadId="0000000000A12F00" bytesRequested="16" />
<af-end id="4293" timestamp="2020-09-11T10:01:47.096" threadId="0000000000A13880" success="true" from="nursery"/>
<exclusive-end id="4294" timestamp="2020-09-11T10:01:47.096" durationms="91.490" />

<exclusive-start id="4295" timestamp="2020-09-11T10:01:49.052" intervalms="2047.417">
  <response-info timems="0.370" idlems="0.370" threads="0" lastid="000000000078AB00" lastname="Group1.Backend.CompositeBackend{Tier1}.1" />
</exclusive-start>
<af-start id="4296" threadId="000000000078B480" totalBytesRequested="524296" timestamp="2020-09-11T10:01:49.053" intervalms="2047.517" type="nursery" />
<cycle-start id="4297" type="scavenge" contextid="0" timestamp="2020-09-11T10:01:49.053" intervalms="2047.368" />
<gc-start id="4298" type="scavenge" contextid="4297" timestamp="2020-09-11T10:01:49.053">
  <mem-info id="4299" free="257870160" total="2761883648" percent="9">
    <mem type="nursery" free="350952" total="939524096" percent="0">
      <mem type="allocate" free="350952" total="809172992" percent="0" />
      <mem type="survivor" free="0" total="130351104" percent="0" />
    </mem>
    <mem type="tenure" free="257519208" total="1822359552" percent="14">
      <mem type="soa" free="184624744" total="1749465088" percent="10" />
      <mem type="loa" free="72894464" total="72894464" percent="100" />
    </mem>
    <remembered-set count="195410" />
  </mem-info>
</gc-start>
<allocation-stats totalBytes="696954656" >
  <allocated-bytes non-tlh="31781472" tlh="665173184" />
  <largest-consumer threadName="Group1.Backend.CompositeBackend{Tier1}.7" threadId="000000000089C800" bytes="95486648" />
</allocation-stats>
<gc-op id="4300" type="scavenge" timems="169.346" contextid="4297" timestamp="2020-09-11T10:01:49.222">
  <scavenger-info tenureage="3" tenuremask="7ff8" tiltratio="86" />
  <memory-copied type="nursery" objects="4271669" bytes="113648400" bytesdiscarded="274968" />
  <memory-copied type="tenure" objects="1134980" bytes="30517968" bytesdiscarded="132168" />
  <ownableSynchronizers candidates="4163" cleared="3832" />
  <references type="soft" candidates="252" cleared="0" enqueued="0" dynamicThreshold="17" maxThreshold="32" />
  <references type="weak" candidates="108" cleared="108" enqueued="0" />
</gc-op>
<gc-end id="4301" type="scavenge" contextid="4297" durationms="170.132" usertimems="1209.714" systemtimems="32.213" timestamp="2020-09-11T10:01:49.223" activeThreads="8">
  <mem-info id="4302" free="922301216" total="2761883648" percent="33">
    <mem type="nursery" free="695422968" total="939524096" percent="74">
      <mem type="allocate" free="695422968" total="809435136" percent="85" />
      <mem type="survivor" free="0" total="130088960" percent="0" />
    </mem>
    <mem type="tenure" free="226878248" total="1822359552" percent="12" macro-fragmented="0">
      <mem type="soa" free="153983784" total="1749465088" percent="8" />
      <mem type="loa" free="72894464" total="72894464" percent="100" />
    </mem>
    <remembered-set count="31028" />
  </mem-info>
</gc-end>
<cycle-end id="4303" type="scavenge" contextid="4297" timestamp="2020-09-11T10:01:49.224" />
<allocation-satisfied id="4304" threadId="000000000078AB00" bytesRequested="524296" />
<af-end id="4305" timestamp="2020-09-11T10:01:49.224" threadId="000000000078B480" success="true" from="nursery"/>
<exclusive-end id="4306" timestamp="2020-09-11T10:01:49.224" durationms="171.874" />

<exclusive-start id="4307" timestamp="2020-09-11T10:01:51.075" intervalms="2023.527">
  <response-info timems="0.356" idlems="0.356" threads="0" lastid="000000000084FB00" lastname="Group1.Backend.CompositeBackend{Tier1}.8" />
</exclusive-start>
<af-start id="4308" threadId="0000000000850480" totalBytesRequested="120" timestamp="2020-09-11T10:01:51.076" intervalms="2023.580" type="nursery" />
<cycle-start id="4309" type="scavenge" contextid="0" timestamp="2020-09-11T10:01:51.076" intervalms="2023.574" />
<gc-start id="4310" type="scavenge" contextid="4309" timestamp="2020-09-11T10:01:51.077">
  <mem-info id="4311" free="226878248" total="2761883648" percent="8">
    <mem type="nursery" free="0" total="939524096" percent="0">
      <mem type="allocate" free="0" total="809435136" percent="0" />
      <mem type="survivor" free="0" total="130088960" percent="0" />
    </mem>
    <mem type="tenure" free="226878248" total="1822359552" percent="12">
      <mem type="soa" free="153983784" total="1749465088" percent="8" />
      <mem type="loa" free="72894464" total="72894464" percent="100" />
    </mem>
    <remembered-set count="192940" />
  </mem-info>
</gc-start>
<allocation-stats totalBytes="695103208" >
  <allocated-bytes non-tlh="38793536" tlh="656309672" />
  <largest-consumer threadName="Group1.Backend.CompositeBackend{Tier1}.8" threadId="000000000084FB00" bytes="99961040" />
</allocation-stats>
<gc-op id="4312" type="scavenge" timems="96.411" contextid="4309" timestamp="2020-09-11T10:01:51.173">
  <scavenger-info tenureage="3" tenuremask="7ff8" tiltratio="86" />
  <memory-copied type="nursery" objects="4138394" bytes="111032024" bytesdiscarded="205568" />
  <memory-copied type="tenure" objects="1057204" bytes="28395592" bytesdiscarded="132768" />
  <ownableSynchronizers candidates="3673" cleared="3362" />
  <references type="soft" candidates="262" cleared="0" enqueued="0" dynamicThreshold="17" maxThreshold="32" />
  <references type="weak" candidates="133" cleared="133" enqueued="0" />
</gc-op>
<gc-end id="4313" type="scavenge" contextid="4309" durationms="97.221" usertimems="694.638" systemtimems="16.032" timestamp="2020-09-11T10:01:51.174" activeThreads="8">
  <mem-info id="4314" free="896911912" total="2761883648" percent="32">
    <mem type="nursery" free="698633984" total="939524096" percent="74">
      <mem type="allocate" free="698633984" total="809959424" percent="86" />
      <mem type="survivor" free="0" total="129564672" percent="0" />
    </mem>
    <mem type="tenure" free="198277928" total="1822359552" percent="10" macro-fragmented="0">
      <mem type="soa" free="125383464" total="1749465088" percent="7" />
      <mem type="loa" free="72894464" total="72894464" percent="100" />
    </mem>
    <remembered-set count="31242" />
  </mem-info>
</gc-end>
<cycle-end id="4315" type="scavenge" contextid="4309" timestamp="2020-09-11T10:01:51.175" />
<allocation-satisfied id="4316" threadId="000000000084FB00" bytesRequested="120" />
<af-end id="4317" timestamp="2020-09-11T10:01:51.175" threadId="0000000000850480" success="true" from="nursery"/>
<exclusive-end id="4318" timestamp="2020-09-11T10:01:51.175" durationms="99.321" />

<exclusive-start id="4319" timestamp="2020-09-11T10:01:53.327" intervalms="2252.106">
  <response-info timems="1.605" idlems="1.605" threads="0" lastid="0000000000A9DF00" lastname="Group1.Backend.CompositeBackend{Tier3}.5" />
</exclusive-start>
<af-start id="4320" threadId="0000000000A9E880" totalBytesRequested="536" timestamp="2020-09-11T10:01:53.328" intervalms="2252.089" type="nursery" />
<cycle-start id="4321" type="scavenge" contextid="0" timestamp="2020-09-11T10:01:53.328" intervalms="2252.090" />
<gc-start id="4322" type="scavenge" contextid="4321" timestamp="2020-09-11T10:01:53.329">
  <mem-info id="4323" free="198277928" total="2761883648" percent="7">
    <mem type="nursery" free="0" total="939524096" percent="0">
      <mem type="allocate" free="0" total="809959424" percent="0" />
      <mem type="survivor" free="0" total="129564672" percent="0" />
    </mem>
    <mem type="tenure" free="198277928" total="1822359552" percent="10">
      <mem type="soa" free="125383464" total="1749465088" percent="7" />
      <mem type="loa" free="72894464" total="72894464" percent="100" />
    </mem>
    <remembered-set count="197542" />
  </mem-info>
</gc-start>
<allocation-stats totalBytes="698280296" >
  <allocated-bytes non-tlh="29352384" tlh="668927912" />
  <largest-consumer threadName="Group1.Backend.CompositeBackend{Tier1}.1" threadId="000000000078AB00" bytes="87247592" />
</allocation-stats>
<gc-op id="4324" type="scavenge" timems="103.826" contextid="4321" timestamp="2020-09-11T10:01:53.433">
  <scavenger-info tenureage="3" tenuremask="7ff8" tiltratio="86" />
  <memory-copied type="nursery" objects="4133539" bytes="110850288" bytesdiscarded="388784" />
  <memory-copied type="tenure" objects="1151858" bytes="30961896" bytesdiscarded="153024" />
  <ownableSynchronizers candidates="3186" cleared="2891" />
  <references type="soft" candidates="279" cleared="0" enqueued="0" dynamicThreshold="17" maxThreshold="32" />
  <references type="weak" candidates="123" cleared="122" enqueued="0" />
</gc-op>
<gc-end id="4325" type="scavenge" contextid="4321" durationms="104.672" usertimems="769.428" systemtimems="2.698" timestamp="2020-09-11T10:01:53.433" activeThreads="8">
  <mem-info id="4326" free="866911976" total="2761883648" percent="31">
    <mem type="nursery" free="699683328" total="939524096" percent="74">
      <mem type="allocate" free="699683328" total="811008000" percent="86" />
      <mem type="survivor" free="0" total="128516096" percent="0" />
    </mem>
    <mem type="tenure" free="167228648" total="1822359552" percent="9" macro-fragmented="0">
      <mem type="soa" free="94334184" total="1749465088" percent="5" />
      <mem type="loa" free="72894464" total="72894464" percent="100" />
    </mem>
    <remembered-set count="31142" />
  </mem-info>
</gc-end>
<cycle-end id="4327" type="scavenge" contextid="4321" timestamp="2020-09-11T10:01:53.434" />
<allocation-satisfied id="4328" threadId="0000000000A9DF00" bytesRequested="536" />
<af-end id="4329" timestamp="2020-09-11T10:01:53.434" threadId="0000000000A9E880" success="true" from="nursery"/>
<exclusive-end id="4330" timestamp="2020-09-11T10:01:53.434" durationms="106.557" />

<exclusive-start id="4331" timestamp="2020-09-11T10:01:55.463" intervalms="2135.418">
  <response-info timems="0.247" idlems="0.247" threads="0" lastid="000000000088D900" lastname="Group1.Backend.CompositeBackend{Tier1}.6" />
</exclusive-start>
<af-start id="4332" threadId="000000000088E280" totalBytesRequested="16" timestamp="2020-09-11T10:01:55.464" intervalms="2135.391" type="nursery" />
<cycle-start id="4333" type="scavenge" contextid="0" timestamp="2020-09-11T10:01:55.464" intervalms="2135.404" />
<gc-start id="4334" type="scavenge" contextid="4333" timestamp="2020-09-11T10:01:55.464">
  <mem-info id="4335" free="167228648" total="2761883648" percent="6">
    <mem type="nursery" free="0" total="939524096" percent="0">
      <mem type="allocate" free="0" total="811008000" percent="0" />
      <mem type="survivor" free="0" total="128516096" percent="0" />
    </mem>
    <mem type="tenure" free="167228648" total="1822359552" percent="9">
      <mem type="soa" free="94334184" total="1749465088" percent="5" />
      <mem type="loa" free="72894464" total="72894464" percent="100" />
    </mem>
    <remembered-set count="195752" />
  </mem-info>
</gc-start>
<allocation-stats totalBytes="699369248" >
  <allocated-bytes non-tlh="30536960" tlh="668832288" />
  <largest-consumer threadName="Group1.Backend.CompositeBackend{Tier1}.4" threadId="000000000086B200" bytes="96620672" />
</allocation-stats>
<gc-op id="4336" type="scavenge" timems="98.043" contextid="4333" timestamp="2020-09-11T10:01:55.562">
  <scavenger-info tenureage="3" tenuremask="7ff8" tiltratio="86" />
  <memory-copied type="nursery" objects="4312253" bytes="114679200" bytesdiscarded="362464" />
  <memory-copied type="tenure" objects="1111018" bytes="29871496" bytesdiscarded="135784" />
  <ownableSynchronizers candidates="3714" cleared="3423" />
  <references type="soft" candidates="261" cleared="0" enqueued="0" dynamicThreshold="17" maxThreshold="32" />
  <references type="weak" candidates="122" cleared="122" enqueued="0" />
</gc-op>
<gc-end id="4337" type="scavenge" contextid="4333" durationms="98.859" usertimems="721.441" systemtimems="3.714" timestamp="2020-09-11T10:01:55.563" activeThreads="8">
  <mem-info id="4338" free="829773064" total="2761883648" percent="30">
    <mem type="nursery" free="692468984" total="939524096" percent="73">
      <mem type="allocate" free="692468984" total="807600128" percent="85" />
      <mem type="survivor" free="0" total="131923968" percent="0" />
    </mem>
    <mem type="tenure" free="137304080" total="1822359552" percent="7" macro-fragmented="0">
      <mem type="soa" free="64409616" total="1749465088" percent="3" />
      <mem type="loa" free="72894464" total="72894464" percent="100" />
    </mem>
    <remembered-set count="30448" />
  </mem-info>
</gc-end>
<cycle-end id="4339" type="scavenge" contextid="4333" timestamp="2020-09-11T10:01:55.563" />
<allocation-satisfied id="4340" threadId="000000000088D900" bytesRequested="16" />
<af-end id="4341" timestamp="2020-09-11T10:01:55.563" threadId="000000000088E280" success="true" from="nursery"/>
<exclusive-end id="4342" timestamp="2020-09-11T10:01:55.563" durationms="100.593" />

<exclusive-start id="4343" timestamp="2020-09-11T10:01:57.507" intervalms="2044.605">
  <response-info timems="0.317" idlems="0.317" threads="0" lastid="000000000084FB00" lastname="Group1.Backend.CompositeBackend{Tier1}.8" />
</exclusive-start>
<af-start id="4344" threadId="0000000000850480" totalBytesRequested="524296" timestamp="2020-09-11T10:01:57.508" intervalms="2044.528" type="nursery" />
<cycle-start id="4345" type="scavenge" contextid="0" timestamp="2020-09-11T10:01:57.508" intervalms="2044.544" />
<gc-start id="4346" type="scavenge" contextid="4345" timestamp="2020-09-11T10:01:57.509">
  <mem-info id="4347" free="137804400" total="2761883648" percent="4">
    <mem type="nursery" free="500320" total="939524096" percent="0">
      <mem type="allocate" free="500320" total="807600128" percent="0" />
      <mem type="survivor" free="0" total="131923968" percent="0" />
    </mem>
    <mem type="tenure" free="137304080" total="1822359552" percent="7">
      <mem type="soa" free="64409616" total="1749465088" percent="3" />
      <mem type="loa" free="72894464" total="72894464" percent="100" />
    </mem>
    <remembered-set count="190302" />
  </mem-info>
</gc-start>
<allocation-stats totalBytes="691656224" >
  <allocated-bytes non-tlh="35111416" tlh="656544808" />
  <largest-consumer threadName="Group1.Backend.CompositeBackend{Tier1}.2" threadId="00000000007C9200" bytes="115123616" />
</allocation-stats>
<gc-op id="4348" type="scavenge" timems="113.322" contextid="4345" timestamp="2020-09-11T10:01:57.622">
  <scavenger-info tenureage="3" tenuremask="7ff8" tiltratio="85" />
  <memory-copied type="nursery" objects="4733117" bytes="124523064" bytesdiscarded="164960" />
  <memory-copied type="tenure" objects="1057885" bytes="28427512" bytesdiscarded="95832" />
  <ownableSynchronizers candidates="3976" cleared="3695" />
  <references type="soft" candidates="246" cleared="0" enqueued="0" dynamicThreshold="17" maxThreshold="32" />
  <references type="weak" candidates="103" cleared="103" enqueued="0" />
</gc-op>
<gc-end id="4349" type="scavenge" contextid="4345" durationms="114.150" usertimems="885.466" systemtimems="8.097" timestamp="2020-09-11T10:01:57.623" activeThreads="8">
  <mem-info id="4350" free="776629680" total="2761883648" percent="28">
    <mem type="nursery" free="667946744" total="939524096" percent="71">
      <mem type="allocate" free="667946744" total="792723456" percent="84" />
      <mem type="survivor" free="0" total="146800640" percent="0" />
    </mem>
    <mem type="tenure" free="108682936" total="1822359552" percent="5" macro-fragmented="0">
      <mem type="soa" free="35788472" total="1749465088" percent="2" />
      <mem type="loa" free="72894464" total="72894464" percent="100" />
    </mem>
    <remembered-set count="28662" />
  </mem-info>
</gc-end>
<cycle-end id="4351" type="scavenge" contextid="4345" timestamp="2020-09-11T10:01:57.623" />
<allocation-satisfied id="4352" threadId="000000000084FB00" bytesRequested="524296" />
<af-end id="4353" timestamp="2020-09-11T10:01:57.623" threadId="0000000000850480" success="true" from="nursery"/>
<exclusive-end id="4354" timestamp="2020-09-11T10:01:57.623" durationms="115.886" />

<exclusive-start id="4355" timestamp="2020-09-11T10:01:59.562" intervalms="2054.991">
  <response-info timems="0.663" idlems="0.663" threads="0" lastid="000000000086B200" lastname="Group1.Backend.CompositeBackend{Tier1}.4" />
</exclusive-start>
<af-start id="4356" threadId="000000000086BB80" totalBytesRequested="112" timestamp="2020-09-11T10:01:59.563" intervalms="2055.077" type="nursery" />
<cycle-start id="4357" type="scavenge" contextid="0" timestamp="2020-09-11T10:01:59.563" intervalms="2055.077" />
<gc-start id="4358" type="scavenge" contextid="4357" timestamp="2020-09-11T10:01:59.564">
  <mem-info id="4359" free="108682936" total="2761883648" percent="3">
    <mem type="nursery" free="0" total="939524096" percent="0">
      <mem type="allocate" free="0" total="792723456" percent="0" />
      <mem type="survivor" free="0" total="146800640" percent="0" />
    </mem>
    <mem type="tenure" free="108682936" total="1822359552" percent="5">
      <mem type="soa" free="35788472" total="1749465088" percent="2" />
      <mem type="loa" free="72894464" total="72894464" percent="100" />
    </mem>
    <remembered-set count="188753" />
  </mem-info>
</gc-start>
<allocation-stats totalBytes="667643720" >
  <allocated-bytes non-tlh="31291008" tlh="636352712" />
  <largest-consumer threadName="Group1.Backend.CompositeBackend{Tier1}.1" threadId="000000000078AB00" bytes="91669160" />
</allocation-stats>
<gc-op id="4360" type="scavenge" timems="120.543" contextid="4357" timestamp="2020-09-11T10:01:59.684">
  <scavenger-info tenureage="3" tenuremask="7ff8" tiltratio="84" />
  <memory-copied type="nursery" objects="4272889" bytes="113917592" bytesdiscarded="188376" />
  <memory-copied type="tenure" objects="1137909" bytes="30597480" bytesdiscarded="87248" />
  <ownableSynchronizers candidates="3362" cleared="3090" />
  <references type="soft" candidates="248" cleared="0" enqueued="0" dynamicThreshold="17" maxThreshold="32" />
  <references type="weak" candidates="97" cleared="97" enqueued="0" />
</gc-op>
<gc-end id="4361" type="scavenge" contextid="4357" durationms="121.554" usertimems="871.219" systemtimems="16.549" timestamp="2020-09-11T10:01:59.685" activeThreads="8">
  <mem-info id="4362" free="757703656" total="2761883648" percent="27">
    <mem type="nursery" free="679973064" total="939524096" percent="72">
      <mem type="allocate" free="679973064" total="794165248" percent="85" />
      <mem type="survivor" free="0" total="145358848" percent="0" />
    </mem>
    <mem type="tenure" free="77730592" total="1822359552" percent="4" macro-fragmented="27735676">
      <mem type="soa" free="4836128" total="1749465088" percent="0" />
      <mem type="loa" free="72894464" total="72894464" percent="100" />
    </mem>
    <remembered-set count="26938" />
  </mem-info>
</gc-end>
<cycle-end id="4363" type="scavenge" contextid="4357" timestamp="2020-09-11T10:01:59.686" />
<allocation-satisfied id="4364" threadId="000000000086B200" bytesRequested="112" />
<af-end id="4365" timestamp="2020-09-11T10:01:59.686" threadId="000000000086BB80" success="true" from="nursery"/>
<exclusive-end id="4366" timestamp="2020-09-11T10:01:59.686" durationms="123.588" />

<exclusive-start id="4367" timestamp="2020-09-11T10:02:01.567" intervalms="2004.874">
  <response-info timems="0.390" idlems="0.390" threads="0" lastid="00000000007C9200" lastname="Group1.Backend.CompositeBackend{Tier1}.2" />
</exclusive-start>
<af-start id="4368" threadId="00000000007C9B80" totalBytesRequested="32" timestamp="2020-09-11T10:02:01.568" intervalms="2004.841" type="nursery" />
<percolate-collect id="4369" from="nursery" to="global" reason="prevent tenure expand" timestamp="2020-09-11T10:02:01.568"/>
<cycle-start id="4370" type="global" contextid="0" timestamp="2020-09-11T10:02:01.568" intervalms="66081.661" />
<gc-start id="4371" type="global" contextid="4370" timestamp="2020-09-11T10:02:01.569">
  <mem-info id="4372" free="77730592" total="2761883648" percent="2">
    <mem type="nursery" free="0" total="939524096" percent="0">
      <mem type="allocate" free="0" total="794165248" percent="0" />
      <mem type="survivor" free="0" total="145358848" percent="0" />
    </mem>
    <mem type="tenure" free="77730592" total="1822359552" percent="4">
      <mem type="soa" free="4836128" total="1749465088" percent="0" />
      <mem type="loa" free="72894464" total="72894464" percent="100" />
    </mem>
    <remembered-set count="186946" />
  </mem-info>
</gc-start>
<allocation-stats totalBytes="679655824" >
  <allocated-bytes non-tlh="36037512" tlh="643618312" />
  <largest-consumer threadName="Group1.Backend.CompositeBackend{Tier1}.1" threadId="000000000078AB00" bytes="89234904" />
</allocation-stats>
<heap-resize id="4373" type="loa contract" space="tenure" amount="18223104" count="1" timems="0.000" reason="contract underutilized loa" timestamp="2020-09-11T10:02:01.569" />
<gc-op id="4374" type="mark" timems="486.266" contextid="4370" timestamp="2020-09-11T10:02:02.055">
  <trace-info objectcount="31379306" scancount="30398611" scanbytes="829345364" />
  <finalization candidates="146" enqueued="0" />
  <ownableSynchronizers candidates="591152" cleared="4872" />
  <references type="soft" candidates="714964" cleared="905" enqueued="893" dynamicThreshold="17" maxThreshold="32" />
  <references type="weak" candidates="4404" cleared="113" enqueued="0" />
  <references type="phantom" candidates="107" cleared="0" enqueued="0" />
  <stringconstants candidates="11155" cleared="7"  />
</gc-op>
<gc-op id="4375" type="sweep" timems="13.481" contextid="4370" timestamp="2020-09-11T10:02:02.069" />
<gc-end id="4376" type="global" contextid="4370" durationms="500.650" usertimems="3696.784" systemtimems="99.294" timestamp="2020-09-11T10:02:02.069" activeThreads="8">
  <mem-info id="4377" free="1584418640" total="2761883648" percent="57">
    <mem type="nursery" free="589042096" total="939524096" percent="62">
      <mem type="allocate" free="589042096" total="794165248" percent="74" />
      <mem type="survivor" free="0" total="145358848" percent="0" />
    </mem>
    <mem type="tenure" free="995376544" total="1822359552" percent="54" micro-fragmented="71540819" macro-fragmented="3145752">
      <mem type="soa" free="940705184" total="1767688192" percent="53" />
      <mem type="loa" free="54671360" total="54671360" percent="100" />
    </mem>
    <pending-finalizers system="0" default="0" reference="893" classloader="0" />
    <remembered-set count="181561" />
  </mem-info>
</gc-end>
<cycle-end id="4378" type="global" contextid="4370" timestamp="2020-09-11T10:02:02.070" />
<allocation-satisfied id="4379" threadId="00000000007C9200" bytesRequested="32" />
<af-end id="4380" timestamp="2020-09-11T10:02:02.070" threadId="00000000007C9B80" success="true" from="nursery"/>
<exclusive-end id="4381" timestamp="2020-09-11T10:02:02.070" durationms="502.339" />

<exclusive-start id="4382" timestamp="2020-09-11T10:02:03.282" intervalms="1714.281">
  <response-info timems="0.321" idlems="0.321" threads="0" lastid="000000000086B200" lastname="Group1.Backend.CompositeBackend{Tier1}.4" />
</exclusive-start>
<af-start id="4383" threadId="000000000086BB80" totalBytesRequested="524296" timestamp="2020-09-11T10:02:03.282" intervalms="1714.316" type="nursery" />
<cycle-start id="4384" type="scavenge" contextid="0" timestamp="2020-09-11T10:02:03.282" intervalms="3719.137" />
<gc-start id="4385" type="scavenge" contextid="4384" timestamp="2020-09-11T10:02:03.283">
  <mem-info id="4386" free="1021035592" total="2761883648" percent="36">
    <mem type="nursery" free="25659096" total="939524096" percent="2">
      <mem type="allocate" free="25659096" total="794165248" percent="3" />
      <mem type="survivor" free="0" total="145358848" percent="0" />
    </mem>
    <mem type="tenure" free="995376496" total="1822359552" percent="54">
      <mem type="soa" free="940705136" total="1767688192" percent="53" />
      <mem type="loa" free="54671360" total="54671360" percent="100" />
    </mem>
    <remembered-set count="238228" />
  </mem-info>
</gc-start>
<allocation-stats totalBytes="561142288" >
  <allocated-bytes non-tlh="27089520" tlh="534052768" />
  <largest-consumer threadName="Group1.Backend.CompositeBackend{Tier1}.1" threadId="000000000078AB00" bytes="91275744" />
</allocation-stats>
<gc-op id="4387" type="scavenge" timems="139.230" contextid="4384" timestamp="2020-09-11T10:02:03.422">
  <scavenger-info tenureage="3" tenuremask="7ff8" tiltratio="84" />
  <memory-copied type="nursery" objects="5091979" bytes="135615192" bytesdiscarded="311080" />
  <memory-copied type="tenure" objects="1029739" bytes="27701632" bytesdiscarded="47040" />
  <ownableSynchronizers candidates="1176121" cleared="1175772" />
  <references type="soft" candidates="328" cleared="0" enqueued="0" dynamicThreshold="17" maxThreshold="32" />
  <references type="weak" candidates="103" cleared="103" enqueued="0" />
</gc-op>
<gc-end id="4388" type="scavenge" contextid="4384" durationms="140.058" usertimems="1057.856" systemtimems="23.651" timestamp="2020-09-11T10:02:03.423" activeThreads="8">
  <mem-info id="4389" free="1600947944" total="2761883648" percent="57">
    <mem type="nursery" free="633392368" total="939524096" percent="67">
      <mem type="allocate" free="633392368" total="769458176" percent="82" />
      <mem type="survivor" free="0" total="170065920" percent="0" />
    </mem>
    <mem type="tenure" free="967555576" total="1822359552" percent="53" macro-fragmented="436311">
      <mem type="soa" free="912884216" total="1767688192" percent="51" />
      <mem type="loa" free="54671360" total="54671360" percent="100" />
    </mem>
    <remembered-set count="37570" />
  </mem-info>
</gc-end>
<cycle-end id="4390" type="scavenge" contextid="4384" timestamp="2020-09-11T10:02:03.424" />
<allocation-satisfied id="4391" threadId="000000000086B200" bytesRequested="524296" />
<af-end id="4392" timestamp="2020-09-11T10:02:03.424" threadId="000000000086BB80" success="true" from="nursery"/>
<exclusive-end id="4393" timestamp="2020-09-11T10:02:03.424" durationms="142.019" />

<exclusive-start id="4394" timestamp="2020-09-11T10:02:05.233" intervalms="1951.621">
  <response-info timems="0.581" idlems="0.394" threads="1" lastid="000000000086B200" lastname="Group1.Backend.CompositeBackend{Tier1}.4" />
</exclusive-start>
<af-start id="4395" threadId="0000000000984380" totalBytesRequested="24" timestamp="2020-09-11T10:02:05.234" intervalms="1951.515" type="nursery" />
<cycle-start id="4396" type="scavenge" contextid="0" timestamp="2020-09-11T10:02:05.234" intervalms="1951.496" />
<gc-start id="4397" type="scavenge" contextid="4396" timestamp="2020-09-11T10:02:05.234">
  <mem-info id="4398" free="967555576" total="2761883648" percent="35">
    <mem type="nursery" free="0" total="939524096" percent="0">
      <mem type="allocate" free="0" total="769458176" percent="0" />
      <mem type="survivor" free="0" total="170065920" percent="0" />
    </mem>
    <mem type="tenure" free="967555576" total="1822359552" percent="53">
      <mem type="soa" free="912884216" total="1767688192" percent="51" />
      <mem type="loa" free="54671360" total="54671360" percent="100" />
    </mem>
    <remembered-set count="194695" />
  </mem-info>
</gc-start>
<allocation-stats totalBytes="633086088" >
  <allocated-bytes non-tlh="28893896" tlh="604192192" />
  <largest-consumer threadName="Group1.Backend.CompositeBackend{Tier1}.1" threadId="000000000078AB00" bytes="95201696" />
</allocation-stats>
<gc-op id="4399" type="scavenge" timems="105.211" contextid="4396" timestamp="2020-09-11T10:02:05.339">
  <scavenger-info tenureage="3" tenuremask="7ff8" tiltratio="81" />
  <memory-copied type="nursery" objects="4978494" bytes="133521112" bytesdiscarded="231256" />
  <memory-copied type="tenure" objects="1003213" bytes="26976832" bytesdiscarded="86360" />
  <ownableSynchronizers candidates="4056" cleared="3695" />
  <references type="soft" candidates="333" cleared="0" enqueued="0" dynamicThreshold="17" maxThreshold="32" />
  <references type="weak" candidates="100" cleared="99" enqueued="0" />
</gc-op>
<gc-end id="4400" type="scavenge" contextid="4396" durationms="105.957" usertimems="816.672" systemtimems="1.974" timestamp="2020-09-11T10:02:05.340" activeThreads="8">
  <mem-info id="4401" free="1590294552" total="2761883648" percent="57">
    <mem type="nursery" free="650179488" total="939524096" percent="69">
      <mem type="allocate" free="650179488" total="784007168" percent="82" />
      <mem type="survivor" free="0" total="155516928" percent="0" />
    </mem>
    <mem type="tenure" free="940115064" total="1822359552" percent="51" macro-fragmented="313452">
      <mem type="soa" free="885443704" total="1767688192" percent="50" />
      <mem type="loa" free="54671360" total="54671360" percent="100" />
    </mem>
    <remembered-set count="38632" />
  </mem-info>
</gc-end>
<cycle-end id="4402" type="scavenge" contextid="4396" timestamp="2020-09-11T10:02:05.341" />
<allocation-satisfied id="4403" threadId="0000000000983A00" bytesRequested="24" />
<af-end id="4404" timestamp="2020-09-11T10:02:05.341" threadId="0000000000984380" success="true" from="nursery"/>
<exclusive-end id="4405" timestamp="2020-09-11T10:02:05.341" durationms="107.582" />

<exclusive-start id="4406" timestamp="2020-09-11T10:02:07.290" intervalms="2056.443">
  <response-info timems="5.823" idlems="5.823" threads="0" lastid="00000000007C9200" lastname="Group1.Backend.CompositeBackend{Tier1}.2" />
</exclusive-start>
<af-start id="4407" threadId="00000000007C9B80" totalBytesRequested="16" timestamp="2020-09-11T10:02:07.290" intervalms="2056.419" type="nursery" />
<cycle-start id="4408" type="scavenge" contextid="0" timestamp="2020-09-11T10:02:07.290" intervalms="2056.441" />
<gc-start id="4409" type="scavenge" contextid="4408" timestamp="2020-09-11T10:02:07.291">
  <mem-info id="4410" free="940115064" total="2761883648" percent="34">
    <mem type="nursery" free="0" total="939524096" percent="0">
      <mem type="allocate" free="0" total="784007168" percent="0" />
      <mem type="survivor" free="0" total="155516928" percent="0" />
    </mem>
    <mem type="tenure" free="940115064" total="1822359552" percent="51">
      <mem type="soa" free="885443704" total="1767688192" percent="50" />
      <mem type="loa" free="54671360" total="54671360" percent="100" />
    </mem>
    <remembered-set count="199023" />
  </mem-info>
</gc-start>
<allocation-stats totalBytes="649848432" >
  <allocated-bytes non-tlh="26390776" tlh="623457656" />
  <largest-consumer threadName="Group1.Backend.CompositeBackend{Tier1}.8" threadId="000000000084FB00" bytes="92573912" />
</allocation-stats>
<gc-op id="4411" type="scavenge" timems="109.515" contextid="4408" timestamp="2020-09-11T10:02:07.400">
  <scavenger-info tenureage="3" tenuremask="7ff8" tiltratio="83" />
  <memory-copied type="nursery" objects="4890819" bytes="131182192" bytesdiscarded="141200" />
  <memory-copied type="tenure" objects="973796" bytes="26187448" bytesdiscarded="71128" />
  <ownableSynchronizers candidates="3846" cleared="3492" />
  <references type="soft" candidates="306" cleared="0" enqueued="0" dynamicThreshold="17" maxThreshold="32" />
  <references type="weak" candidates="108" cleared="108" enqueued="0" />
</gc-op>
<gc-end id="4412" type="scavenge" contextid="4408" durationms="110.240" usertimems="817.394" systemtimems="11.461" timestamp="2020-09-11T10:02:07.401" activeThreads="8">
  <mem-info id="4413" free="1567723432" total="2761883648" percent="56">
    <mem type="nursery" free="653782784" total="939524096" percent="69">
      <mem type="allocate" free="653782784" total="785186816" percent="83" />
      <mem type="survivor" free="0" total="154337280" percent="0" />
    </mem>
    <mem type="tenure" free="913940648" total="1822359552" percent="50" macro-fragmented="2219068">
      <mem type="soa" free="859269288" total="1767688192" percent="48" />
      <mem type="loa" free="54671360" total="54671360" percent="100" />
    </mem>
    <remembered-set count="37994" />
  </mem-info>
</gc-end>
<cycle-end id="4414" type="scavenge" contextid="4408" timestamp="2020-09-11T10:02:07.402" />
<allocation-satisfied id="4415" threadId="00000000007C9200" bytesRequested="16" />
<af-end id="4416" timestamp="2020-09-11T10:02:07.402" threadId="00000000007C9B80" success="true" from="nursery"/>
<exclusive-end id="4417" timestamp="2020-09-11T10:02:07.402" durationms="111.939" />

<exclusive-start id="4418" timestamp="2020-09-11T10:02:09.244" intervalms="1954.212">
  <response-info timems="0.963" idlems="0.486" threads="1" lastid="000000000085F900" lastname="Group1.Backend.CompositeBackend{Tier1}.3" />
</exclusive-start>
<af-start id="4419" threadId="000000000088E280" totalBytesRequested="656" timestamp="2020-09-11T10:02:09.245" intervalms="1954.438" type="nursery" />
<cycle-start id="4420" type="scavenge" contextid="0" timestamp="2020-09-11T10:02:09.245" intervalms="1954.441" />
<gc-start id="4421" type="scavenge" contextid="4420" timestamp="2020-09-11T10:02:09.245">
  <mem-info id="4422" free="913940648" total="2761883648" percent="33">
    <mem type="nursery" free="0" total="939524096" percent="0">
      <mem type="allocate" free="0" total="785186816" percent="0" />
      <mem type="survivor" free="0" total="154337280" percent="0" />
    </mem>
    <mem type="tenure" free="913940648" total="1822359552" percent="50">
      <mem type="soa" free="859269288" total="1767688192" percent="48" />
      <mem type="loa" free="54671360" total="54671360" percent="100" />
    </mem>
    <remembered-set count="194602" />
  </mem-info>
</gc-start>
<allocation-stats totalBytes="653461848" >
  <allocated-bytes non-tlh="32952576" tlh="620509272" />
  <largest-consumer threadName="Group1.Backend.CompositeBackend{Tier1}.7" threadId="000000000089C800" bytes="98047720" />
</allocation-stats>
<gc-op id="4423" type="scavenge" timems="130.856" contextid="4420" timestamp="2020-09-11T10:02:09.376">
  <scavenger-info tenureage="3" tenuremask="7ff8" tiltratio="83" />
  <memory-copied type="nursery" objects="4114903" bytes="109568008" bytesdiscarded="305680" />
  <memory-copied type="tenure" objects="1931393" bytes="51884816" bytesdiscarded="96384" />
  <ownableSynchronizers candidates="4553" cleared="4169" />
  <references type="soft" candidates="245" cleared="0" enqueued="0" dynamicThreshold="17" maxThreshold="32" />
  <references type="weak" candidates="98" cleared="98" enqueued="0" />
</gc-op>
<gc-end id="4424" type="scavenge" contextid="4420" durationms="131.740" usertimems="946.458" systemtimems="16.929" timestamp="2020-09-11T10:02:09.377" activeThreads="8">
  <mem-info id="4425" free="1538838704" total="2761883648" percent="55">
    <mem type="nursery" free="676678984" total="939524096" percent="72">
      <mem type="allocate" free="676678984" total="786628608" percent="86" />
      <mem type="survivor" free="0" total="152895488" percent="0" />
    </mem>
    <mem type="tenure" free="862159720" total="1822359552" percent="47" macro-fragmented="3145752">
      <mem type="soa" free="807488360" total="1767688192" percent="45" />
      <mem type="loa" free="54671360" total="54671360" percent="100" />
    </mem>
    <remembered-set count="27694" />
  </mem-info>
</gc-end>
<cycle-end id="4426" type="scavenge" contextid="4420" timestamp="2020-09-11T10:02:09.378" />
<allocation-satisfied id="4427" threadId="000000000088D900" bytesRequested="656" />
<af-end id="4428" timestamp="2020-09-11T10:02:09.378" threadId="000000000088E280" success="true" from="nursery"/>
<exclusive-end id="4429" timestamp="2020-09-11T10:02:09.378" durationms="133.746" />

<exclusive-start id="4430" timestamp="2020-09-11T10:02:11.237" intervalms="1992.693">
  <response-info timems="0.325" idlems="0.325" threads="0" lastid="000000000085F900" lastname="Group1.Backend.CompositeBackend{Tier1}.3" />
</exclusive-start>
<af-start id="4431" threadId="0000000000860280" totalBytesRequested="16" timestamp="2020-09-11T10:02:11.237" intervalms="1992.540" type="nursery" />
<cycle-start id="4432" type="scavenge" contextid="0" timestamp="2020-09-11T10:02:11.237" intervalms="1992.526" />
<gc-start id="4433" type="scavenge" contextid="4432" timestamp="2020-09-11T10:02:11.238">
  <mem-info id="4434" free="862159720" total="2761883648" percent="31">
    <mem type="nursery" free="0" total="939524096" percent="0">
      <mem type="allocate" free="0" total="786628608" percent="0" />
      <mem type="survivor" free="0" total="152895488" percent="0" />
    </mem>
    <mem type="tenure" free="862159720" total="1822359552" percent="47">
      <mem type="soa" free="807488360" total="1767688192" percent="45" />
      <mem type="loa" free="54671360" total="54671360" percent="100" />
    </mem>
    <remembered-set count="187508" />
  </mem-info>
</gc-start>
<allocation-stats totalBytes="676359432" >
  <allocated-bytes non-tlh="35830616" tlh="640528816" />
  <largest-consumer threadName="Group1.Backend.CompositeBackend{Tier1}.5" threadId="000000000087A000" bytes="90296152" />
</allocation-stats>
<gc-op id="4435" type="scavenge" timems="104.597" contextid="4432" timestamp="2020-09-11T10:02:11.342">
  <scavenger-info tenureage="3" tenuremask="7ff8" tiltratio="83" />
  <memory-copied type="nursery" objects="3930652" bytes="105430928" bytesdiscarded="161392" />
  <memory-copied type="tenure" objects="1042524" bytes="28014552" bytesdiscarded="72568" />
  <ownableSynchronizers candidates="4319" cleared="3986" />
  <references type="soft" candidates="265" cleared="0" enqueued="0" dynamicThreshold="17" maxThreshold="32" />
  <references type="weak" candidates="117" cleared="117" enqueued="0" />
</gc-op>
<gc-end id="4436" type="scavenge" contextid="4432" durationms="105.685" usertimems="761.385" systemtimems="8.849" timestamp="2020-09-11T10:02:11.343" activeThreads="8">
  <mem-info id="4437" free="1520963680" total="2761883648" percent="55">
    <mem type="nursery" free="686988032" total="939524096" percent="73">
      <mem type="allocate" free="686988032" total="792657920" percent="86" />
      <mem type="survivor" free="0" total="146866176" percent="0" />
    </mem>
    <mem type="tenure" free="833975648" total="1822359552" percent="45" macro-fragmented="0">
      <mem type="soa" free="779304288" total="1767688192" percent="44" />
      <mem type="loa" free="54671360" total="54671360" percent="100" />
    </mem>
    <remembered-set count="27748" />
  </mem-info>
</gc-end>
<cycle-end id="4438" type="scavenge" contextid="4432" timestamp="2020-09-11T10:02:11.344" />
<allocation-satisfied id="4439" threadId="000000000085F900" bytesRequested="16" />
<af-end id="4440" timestamp="2020-09-11T10:02:11.344" threadId="0000000000860280" success="true" from="nursery"/>
<exclusive-end id="4441" timestamp="2020-09-11T10:02:11.344" durationms="107.476" />

<exclusive-start id="4442" timestamp="2020-09-11T10:02:13.324" intervalms="2087.575">
  <response-info timems="2.021" idlems="2.021" threads="0" lastid="00000000007C9200" lastname="Group1.Backend.CompositeBackend{Tier1}.2" />
</exclusive-start>
<af-start id="4443" threadId="00000000007C9B80" totalBytesRequested="96" timestamp="2020-09-11T10:02:13.325" intervalms="2087.554" type="nursery" />
<cycle-start id="4444" type="scavenge" contextid="0" timestamp="2020-09-11T10:02:13.325" intervalms="2087.549" />
<gc-start id="4445" type="scavenge" contextid="4444" timestamp="2020-09-11T10:02:13.325">
  <mem-info id="4446" free="833975648" total="2761883648" percent="30">
    <mem type="nursery" free="0" total="939524096" percent="0">
      <mem type="allocate" free="0" total="792657920" percent="0" />
      <mem type="survivor" free="0" total="146866176" percent="0" />
    </mem>
    <mem type="tenure" free="833975648" total="1822359552" percent="45">
      <mem type="soa" free="779304288" total="1767688192" percent="44" />
      <mem type="loa" free="54671360" total="54671360" percent="100" />
    </mem>
    <remembered-set count="190177" />
  </mem-info>
</gc-start>
<allocation-stats totalBytes="686664808" >
  <allocated-bytes non-tlh="34861728" tlh="651803080" />
  <largest-consumer threadName="Group1.Backend.CompositeBackend{Tier1}.6" threadId="000000000088D900" bytes="86809136" />
</allocation-stats>
<gc-op id="4447" type="scavenge" timems="106.870" contextid="4444" timestamp="2020-09-11T10:02:13.432">
  <scavenger-info tenureage="3" tenuremask="7ff8" tiltratio="84" />
  <memory-copied type="nursery" objects="3970512" bytes="106499776" bytesdiscarded="230472" />
  <memory-copied type="tenure" objects="1073634" bytes="28890512" bytesdiscarded="88408" />
  <ownableSynchronizers candidates="3949" cleared="3613" />
  <references type="soft" candidates="292" cleared="0" enqueued="0" dynamicThreshold="17" maxThreshold="32" />
  <references type="weak" candidates="122" cleared="122" enqueued="0" />
</gc-op>
<gc-end id="4448" type="scavenge" contextid="4444" durationms="107.973" usertimems="749.657" systemtimems="4.955" timestamp="2020-09-11T10:02:13.433" activeThreads="8">
  <mem-info id="4449" free="1496278224" total="2761883648" percent="54">
    <mem type="nursery" free="691153664" total="939524096" percent="73">
      <mem type="allocate" free="691153664" total="797966336" percent="86" />
      <mem type="survivor" free="0" total="141557760" percent="0" />
    </mem>
    <mem type="tenure" free="805124560" total="1822359552" percent="44" macro-fragmented="0">
      <mem type="soa" free="750453200" total="1767688192" percent="42" />
      <mem type="loa" free="54671360" total="54671360" percent="100" />
    </mem>
    <remembered-set count="28979" />
  </mem-info>
</gc-end>
<cycle-end id="4450" type="scavenge" contextid="4444" timestamp="2020-09-11T10:02:13.434" />
<allocation-satisfied id="4451" threadId="00000000007C9200" bytesRequested="96" />
<af-end id="4452" timestamp="2020-09-11T10:02:13.434" threadId="00000000007C9B80" success="true" from="nursery"/>
<exclusive-end id="4453" timestamp="2020-09-11T10:02:13.434" durationms="109.826" />

<exclusive-start id="4454" timestamp="2020-09-11T10:02:15.456" intervalms="2132.305">
  <response-info timems="0.483" idlems="0.483" threads="0" lastid="000000000085F900" lastname="Group1.Backend.CompositeBackend{Tier1}.3" />
</exclusive-start>
<af-start id="4455" threadId="0000000000860280" totalBytesRequested="24" timestamp="2020-09-11T10:02:15.457" intervalms="2132.269" type="nursery" />
<cycle-start id="4456" type="scavenge" contextid="0" timestamp="2020-09-11T10:02:15.457" intervalms="2132.288" />
<gc-start id="4457" type="scavenge" contextid="4456" timestamp="2020-09-11T10:02:15.457">
  <mem-info id="4458" free="805124560" total="2761883648" percent="29">
    <mem type="nursery" free="0" total="939524096" percent="0">
      <mem type="allocate" free="0" total="797966336" percent="0" />
      <mem type="survivor" free="0" total="141557760" percent="0" />
    </mem>
    <mem type="tenure" free="805124560" total="1822359552" percent="44">
      <mem type="soa" free="750453200" total="1767688192" percent="42" />
      <mem type="loa" free="54671360" total="54671360" percent="100" />
    </mem>
    <remembered-set count="193466" />
  </mem-info>
</gc-start>
<allocation-stats totalBytes="690805880" >
  <allocated-bytes non-tlh="30025088" tlh="660780792" />
  <largest-consumer threadName="Group1.Backend.CompositeBackend{Tier1}.3" threadId="000000000085F900" bytes="100563776" />
</allocation-stats>
<gc-op id="4459" type="scavenge" timems="116.653" contextid="4456" timestamp="2020-09-11T10:02:15.574">
  <scavenger-info tenureage="3" tenuremask="7ff8" tiltratio="84" />
  <memory-copied type="nursery" objects="4098685" bytes="109872264" bytesdiscarded="217640" />
  <memory-copied type="tenure" objects="1030093" bytes="27695800" bytesdiscarded="85392" />
  <ownableSynchronizers candidates="4190" cleared="3834" />
  <references type="soft" candidates="296" cleared="0" enqueued="0" dynamicThreshold="17" maxThreshold="32" />
  <references type="weak" candidates="117" cleared="117" enqueued="0" />
</gc-op>
<gc-end id="4460" type="scavenge" contextid="4456" durationms="117.468" usertimems="834.665" systemtimems="10.516" timestamp="2020-09-11T10:02:15.575" activeThreads="8">
  <mem-info id="4461" free="1468062816" total="2761883648" percent="53">
    <mem type="nursery" free="690737408" total="939524096" percent="73">
      <mem type="allocate" free="690737408" total="800915456" percent="86" />
      <mem type="survivor" free="0" total="138608640" percent="0" />
    </mem>
    <mem type="tenure" free="777325408" total="1822359552" percent="42" macro-fragmented="0">
      <mem type="soa" free="722654048" total="1767688192" percent="40" />
      <mem type="loa" free="54671360" total="54671360" percent="100" />
    </mem>
    <remembered-set count="29154" />
  </mem-info>
</gc-end>
<cycle-end id="4462" type="scavenge" contextid="4456" timestamp="2020-09-11T10:02:15.577" />
<allocation-satisfied id="4463" threadId="000000000085F900" bytesRequested="24" />
<af-end id="4464" timestamp="2020-09-11T10:02:15.577" threadId="0000000000860280" success="true" from="nursery"/>
<exclusive-end id="4465" timestamp="2020-09-11T10:02:15.577" durationms="120.233" />

<exclusive-start id="4466" timestamp="2020-09-11T10:02:17.514" intervalms="2057.105">
  <response-info timems="0.279" idlems="0.142" threads="1" lastid="000000000089C800" lastname="Group1.Backend.CompositeBackend{Tier1}.7" />
</exclusive-start>
<af-start id="4467" threadId="000000000078B480" totalBytesRequested="32" timestamp="2020-09-11T10:02:17.514" intervalms="2057.069" type="nursery" />
<cycle-start id="4468" type="scavenge" contextid="0" timestamp="2020-09-11T10:02:17.514" intervalms="2057.052" />
<gc-start id="4469" type="scavenge" contextid="4468" timestamp="2020-09-11T10:02:17.515">
  <mem-info id="4470" free="777325408" total="2761883648" percent="28">
    <mem type="nursery" free="0" total="939524096" percent="0">
      <mem type="allocate" free="0" total="800915456" percent="0" />
      <mem type="survivor" free="0" total="138608640" percent="0" />
    </mem>
    <mem type="tenure" free="777325408" total="1822359552" percent="42">
      <mem type="soa" free="722654048" total="1767688192" percent="40" />
      <mem type="loa" free="54671360" total="54671360" percent="100" />
    </mem>
    <remembered-set count="193059" />
  </mem-info>
</gc-start>
<allocation-stats totalBytes="690417048" >
  <allocated-bytes non-tlh="31391872" tlh="659025176" />
  <largest-consumer threadName="Group1.Backend.CompositeBackend{Tier1}.2" threadId="00000000007C9200" bytes="92623760" />
</allocation-stats>
<gc-op id="4471" type="scavenge" timems="108.614" contextid="4468" timestamp="2020-09-11T10:02:17.623">
  <scavenger-info tenureage="3" tenuremask="7ff8" tiltratio="85" />
  <memory-copied type="nursery" objects="4155257" bytes="111408736" bytesdiscarded="245552" />
  <memory-copied type="tenure" objects="1036766" bytes="27874656" bytesdiscarded="69640" />
  <ownableSynchronizers candidates="3900" cleared="3561" />
  <references type="soft" candidates="279" cleared="0" enqueued="0" dynamicThreshold="17" maxThreshold="32" />
  <references type="weak" candidates="132" cleared="132" enqueued="0" />
</gc-op>
<gc-end id="4472" type="scavenge" contextid="4468" durationms="109.484" usertimems="764.788" systemtimems="0.517" timestamp="2020-09-11T10:02:17.624" activeThreads="8">
  <mem-info id="4473" free="1440857536" total="2761883648" percent="52">
    <mem type="nursery" free="691531520" total="939524096" percent="73">
      <mem type="allocate" free="691531520" total="803274752" percent="86" />
      <mem type="survivor" free="0" total="136249344" percent="0" />
    </mem>
    <mem type="tenure" free="749326016" total="1822359552" percent="41" macro-fragmented="0">
      <mem type="soa" free="694654656" total="1767688192" percent="39" />
      <mem type="loa" free="54671360" total="54671360" percent="100" />
    </mem>
    <remembered-set count="29803" />
  </mem-info>
</gc-end>
<cycle-end id="4474" type="scavenge" contextid="4468" timestamp="2020-09-11T10:02:17.625" />
<allocation-satisfied id="4475" threadId="000000000078AB00" bytesRequested="32" />
<af-end id="4476" timestamp="2020-09-11T10:02:17.625" threadId="000000000078B480" success="true" from="nursery"/>
<exclusive-end id="4477" timestamp="2020-09-11T10:02:17.625" durationms="111.473" />

<exclusive-start id="4478" timestamp="2020-09-11T10:02:19.657" intervalms="2143.462">
  <response-info timems="0.254" idlems="0.254" threads="0" lastid="000000000088D900" lastname="Group1.Backend.CompositeBackend{Tier1}.6" />
</exclusive-start>
<af-start id="4479" threadId="000000000088E280" totalBytesRequested="1032" timestamp="2020-09-11T10:02:19.658" intervalms="2143.557" type="nursery" />
<cycle-start id="4480" type="scavenge" contextid="0" timestamp="2020-09-11T10:02:19.658" intervalms="2143.571" />
<gc-start id="4481" type="scavenge" contextid="4480" timestamp="2020-09-11T10:02:19.658">
  <mem-info id="4482" free="749326016" total="2761883648" percent="27">
    <mem type="nursery" free="0" total="939524096" percent="0">
      <mem type="allocate" free="0" total="803274752" percent="0" />
      <mem type="survivor" free="0" total="136249344" percent="0" />
    </mem>
    <mem type="tenure" free="749326016" total="1822359552" percent="41">
      <mem type="soa" free="694654656" total="1767688192" percent="39" />
      <mem type="loa" free="54671360" total="54671360" percent="100" />
    </mem>
    <remembered-set count="192749" />
  </mem-info>
</gc-start>
<allocation-stats totalBytes="691205160" >
  <allocated-bytes non-tlh="31562712" tlh="659642448" />
  <largest-consumer threadName="Group1.Backend.CompositeBackend{Tier1}.6" threadId="000000000088D900" bytes="97581192" />
</allocation-stats>
<gc-op id="4483" type="scavenge" timems="95.926" contextid="4480" timestamp="2020-09-11T10:02:19.754">
  <scavenger-info tenureage="3" tenuremask="7ff8" tiltratio="85" />
  <memory-copied type="nursery" objects="4069193" bytes="109277144" bytesdiscarded="241656" />
  <memory-copied type="tenure" objects="1075321" bytes="28921024" bytesdiscarded="86856" />
  <ownableSynchronizers candidates="3408" cleared="3093" />
  <references type="soft" candidates="268" cleared="0" enqueued="0" dynamicThreshold="17" maxThreshold="32" />
  <references type="weak" candidates="106" cleared="106" enqueued="0" />
</gc-op>
<gc-end id="4484" type="scavenge" contextid="4480" durationms="96.823" usertimems="733.588" systemtimems="0.000" timestamp="2020-09-11T10:02:19.755" activeThreads="8">
  <mem-info id="4485" free="1416219520" total="2761883648" percent="51">
    <mem type="nursery" free="695970304" total="939524096" percent="74">
      <mem type="allocate" free="695970304" total="805568512" percent="86" />
      <mem type="survivor" free="0" total="133955584" percent="0" />
    </mem>
    <mem type="tenure" free="720249216" total="1822359552" percent="39" macro-fragmented="0">
      <mem type="soa" free="665577856" total="1767688192" percent="37" />
      <mem type="loa" free="54671360" total="54671360" percent="100" />
    </mem>
    <remembered-set count="29497" />
  </mem-info>
</gc-end>
<cycle-end id="4486" type="scavenge" contextid="4480" timestamp="2020-09-11T10:02:19.756" />
<allocation-satisfied id="4487" threadId="000000000088D900" bytesRequested="1032" />
<af-end id="4488" timestamp="2020-09-11T10:02:19.756" threadId="000000000088E280" success="true" from="nursery"/>
<exclusive-end id="4489" timestamp="2020-09-11T10:02:19.756" durationms="98.893" />

<exclusive-start id="4490" timestamp="2020-09-11T10:02:21.709" intervalms="2052.327">
  <response-info timems="0.281" idlems="0.281" threads="0" lastid="000000000087A000" lastname="Group1.Backend.CompositeBackend{Tier1}.5" />
</exclusive-start>
<af-start id="4491" threadId="000000000087A980" totalBytesRequested="1032" timestamp="2020-09-11T10:02:21.710" intervalms="2052.321" type="nursery" />
<cycle-start id="4492" type="scavenge" contextid="0" timestamp="2020-09-11T10:02:21.710" intervalms="2052.313" />
<gc-start id="4493" type="scavenge" contextid="4492" timestamp="2020-09-11T10:02:21.710">
  <mem-info id="4494" free="720249216" total="2761883648" percent="26">
    <mem type="nursery" free="0" total="939524096" percent="0">
      <mem type="allocate" free="0" total="805568512" percent="0" />
      <mem type="survivor" free="0" total="133955584" percent="0" />
    </mem>
    <mem type="tenure" free="720249216" total="1822359552" percent="39">
      <mem type="soa" free="665577856" total="1767688192" percent="37" />
      <mem type="loa" free="54671360" total="54671360" percent="100" />
    </mem>
    <remembered-set count="189332" />
  </mem-info>
</gc-start>
<allocation-stats totalBytes="695655544" >
  <allocated-bytes non-tlh="37564664" tlh="658090880" />
  <largest-consumer threadName="Group1.Backend.CompositeBackend{Tier1}.1" threadId="000000000078AB00" bytes="91607232" />
</allocation-stats>
<gc-op id="4495" type="scavenge" timems="98.732" contextid="4492" timestamp="2020-09-11T10:02:21.809">
  <scavenger-info tenureage="3" tenuremask="7ff8" tiltratio="85" />
  <memory-copied type="nursery" objects="4012732" bytes="107773608" bytesdiscarded="276680" />
  <memory-copied type="tenure" objects="1106016" bytes="29734112" bytesdiscarded="96280" />
  <ownableSynchronizers candidates="4197" cleared="3891" />
  <references type="soft" candidates="240" cleared="0" enqueued="0" dynamicThreshold="17" maxThreshold="32" />
  <references type="weak" candidates="124" cleared="121" enqueued="0" />
</gc-op>
<gc-end id="4496" type="scavenge" contextid="4492" durationms="99.561" usertimems="709.222" systemtimems="4.870" timestamp="2020-09-11T10:02:21.810" activeThreads="8">
  <mem-info id="4497" free="1390058256" total="2761883648" percent="50">
    <mem type="nursery" free="699734016" total="939524096" percent="74">
      <mem type="allocate" free="699734016" total="807862272" percent="86" />
      <mem type="survivor" free="0" total="131661824" percent="0" />
    </mem>
    <mem type="tenure" free="690324240" total="1822359552" percent="37" macro-fragmented="0">
      <mem type="soa" free="635652880" total="1767688192" percent="35" />
      <mem type="loa" free="54671360" total="54671360" percent="100" />
    </mem>
    <remembered-set count="29139" />
  </mem-info>
</gc-end>
<cycle-end id="4498" type="scavenge" contextid="4492" timestamp="2020-09-11T10:02:21.814" />
<allocation-satisfied id="4499" threadId="000000000087A000" bytesRequested="1032" />
<af-end id="4500" timestamp="2020-09-11T10:02:21.814" threadId="000000000087A980" success="true" from="nursery"/>
<exclusive-end id="4501" timestamp="2020-09-11T10:02:21.814" durationms="104.228" />

<exclusive-start id="4502" timestamp="2020-09-11T10:02:23.863" intervalms="2153.415">
  <response-info timems="9.100" idlems="9.100" threads="0" lastid="000000000085F900" lastname="Group1.Backend.CompositeBackend{Tier1}.3" />
</exclusive-start>
<af-start id="4503" threadId="0000000000860280" totalBytesRequested="784" timestamp="2020-09-11T10:02:23.863" intervalms="2153.379" type="nursery" />
<cycle-start id="4504" type="scavenge" contextid="0" timestamp="2020-09-11T10:02:23.864" intervalms="2153.395" />
<gc-start id="4505" type="scavenge" contextid="4504" timestamp="2020-09-11T10:02:23.864">
  <mem-info id="4506" free="690324240" total="2761883648" percent="24">
    <mem type="nursery" free="0" total="939524096" percent="0">
      <mem type="allocate" free="0" total="807862272" percent="0" />
      <mem type="survivor" free="0" total="131661824" percent="0" />
    </mem>
    <mem type="tenure" free="690324240" total="1822359552" percent="37">
      <mem type="soa" free="635652880" total="1767688192" percent="35" />
      <mem type="loa" free="54671360" total="54671360" percent="100" />
    </mem>
    <remembered-set count="194649" />
  </mem-info>
</gc-start>
<allocation-stats totalBytes="699404776" >
  <allocated-bytes non-tlh="31132416" tlh="668272360" />
  <largest-consumer threadName="Group1.Backend.CompositeBackend{Tier1}.4" threadId="000000000086B200" bytes="96003528" />
</allocation-stats>
<gc-op id="4507" type="scavenge" timems="91.179" contextid="4504" timestamp="2020-09-11T10:02:23.955">
  <scavenger-info tenureage="3" tenuremask="7ff8" tiltratio="85" />
  <memory-copied type="nursery" objects="4065325" bytes="109160544" bytesdiscarded="196800" />
  <memory-copied type="tenure" objects="1096762" bytes="29484632" bytesdiscarded="88032" />
  <ownableSynchronizers candidates="4408" cleared="4101" />
  <references type="soft" candidates="256" cleared="0" enqueued="0" dynamicThreshold="17" maxThreshold="32" />
  <references type="weak" candidates="121" cleared="119" enqueued="0" />
</gc-op>
<gc-end id="4508" type="scavenge" contextid="4504" durationms="91.974" usertimems="685.292" systemtimems="0.000" timestamp="2020-09-11T10:02:23.956" activeThreads="8">
  <mem-info id="4509" free="1360669648" total="2761883648" percent="49">
    <mem type="nursery" free="699991296" total="939524096" percent="74">
      <mem type="allocate" free="699991296" total="809435136" percent="86" />
      <mem type="survivor" free="0" total="130088960" percent="0" />
    </mem>
    <mem type="tenure" free="660678352" total="1822359552" percent="36" macro-fragmented="0">
      <mem type="soa" free="606006992" total="1767688192" percent="34" />
      <mem type="loa" free="54671360" total="54671360" percent="100" />
    </mem>
    <remembered-set count="29424" />
  </mem-info>
</gc-end>
<cycle-end id="4510" type="scavenge" contextid="4504" timestamp="2020-09-11T10:02:23.957" />
<allocation-satisfied id="4511" threadId="000000000085F900" bytesRequested="784" />
<af-end id="4512" timestamp="2020-09-11T10:02:23.957" threadId="0000000000860280" success="true" from="nursery"/>
<exclusive-end id="4513" timestamp="2020-09-11T10:02:23.957" durationms="93.774" />

<exclusive-start id="4514" timestamp="2020-09-11T10:02:25.973" intervalms="2110.615">
  <response-info timems="4.857" idlems="2.433" threads="1" lastid="000000000088D900" lastname="Group1.Backend.CompositeBackend{Tier1}.6" />
</exclusive-start>
<af-start id="4515" threadId="000000000086BB80" totalBytesRequested="16" timestamp="2020-09-11T10:02:25.974" intervalms="2110.770" type="nursery" />
<cycle-start id="4516" type="scavenge" contextid="0" timestamp="2020-09-11T10:02:25.974" intervalms="2110.790" />
<gc-start id="4517" type="scavenge" contextid="4516" timestamp="2020-09-11T10:02:25.975">
  <mem-info id="4518" free="660678352" total="2761883648" percent="23">
    <mem type="nursery" free="0" total="939524096" percent="0">
      <mem type="allocate" free="0" total="809435136" percent="0" />
      <mem type="survivor" free="0" total="130088960" percent="0" />
    </mem>
    <mem type="tenure" free="660678352" total="1822359552" percent="36">
      <mem type="soa" free="606006992" total="1767688192" percent="34" />
      <mem type="loa" free="54671360" total="54671360" percent="100" />
    </mem>
    <remembered-set count="193091" />
  </mem-info>
</gc-start>
<allocation-stats totalBytes="699659800" >
  <allocated-bytes non-tlh="34108224" tlh="665551576" />
  <largest-consumer threadName="Group1.Backend.CompositeBackend{Tier1}.5" threadId="000000000087A000" bytes="96550608" />
</allocation-stats>
<gc-op id="4519" type="scavenge" timems="147.902" contextid="4516" timestamp="2020-09-11T10:02:26.123">
  <scavenger-info tenureage="3" tenuremask="7ff8" tiltratio="86" />
  <memory-copied type="nursery" objects="4175792" bytes="111707632" bytesdiscarded="149760" />
  <memory-copied type="tenure" objects="1083108" bytes="29127544" bytesdiscarded="95160" />
  <ownableSynchronizers candidates="4286" cleared="3966" />
  <references type="soft" candidates="271" cleared="0" enqueued="0" dynamicThreshold="17" maxThreshold="32" />
  <references type="weak" candidates="127" cleared="127" enqueued="0" />
</gc-op>
<gc-end id="4520" type="scavenge" contextid="4516" durationms="148.858" usertimems="1001.535" systemtimems="14.448" timestamp="2020-09-11T10:02:26.123" activeThreads="8">
  <mem-info id="4521" free="1329519176" total="2761883648" percent="48">
    <mem type="nursery" free="697949176" total="939524096" percent="74">
      <mem type="allocate" free="697949176" total="809893888" percent="86" />
      <mem type="survivor" free="0" total="129630208" percent="0" />
    </mem>
    <mem type="tenure" free="631570000" total="1822359552" percent="34" macro-fragmented="0">
      <mem type="soa" free="576898640" total="1767688192" percent="32" />
      <mem type="loa" free="54671360" total="54671360" percent="100" />
    </mem>
    <remembered-set count="30034" />
  </mem-info>
</gc-end>
<cycle-end id="4522" type="scavenge" contextid="4516" timestamp="2020-09-11T10:02:26.124" />
<allocation-satisfied id="4523" threadId="000000000086B200" bytesRequested="16" />
<af-end id="4524" timestamp="2020-09-11T10:02:26.124" threadId="000000000086BB80" success="true" from="nursery"/>
<exclusive-end id="4525" timestamp="2020-09-11T10:02:26.124" durationms="150.889" />

<exclusive-start id="4526" timestamp="2020-09-11T10:02:28.102" intervalms="2128.422">
  <response-info timems="0.367" idlems="0.367" threads="0" lastid="000000000089C800" lastname="Group1.Backend.CompositeBackend{Tier1}.7" />
</exclusive-start>
<af-start id="4527" threadId="000000000089D180" totalBytesRequested="24" timestamp="2020-09-11T10:02:28.102" intervalms="2128.272" type="nursery" />
<cycle-start id="4528" type="scavenge" contextid="0" timestamp="2020-09-11T10:02:28.103" intervalms="2128.248" />
<gc-start id="4529" type="scavenge" contextid="4528" timestamp="2020-09-11T10:02:28.103">
  <mem-info id="4530" free="631570000" total="2761883648" percent="22">
    <mem type="nursery" free="0" total="939524096" percent="0">
      <mem type="allocate" free="0" total="809893888" percent="0" />
      <mem type="survivor" free="0" total="129630208" percent="0" />
    </mem>
    <mem type="tenure" free="631570000" total="1822359552" percent="34">
      <mem type="soa" free="576898640" total="1767688192" percent="32" />
      <mem type="loa" free="54671360" total="54671360" percent="100" />
    </mem>
    <remembered-set count="195328" />
  </mem-info>
</gc-start>
<allocation-stats totalBytes="697617184" >
  <allocated-bytes non-tlh="30908496" tlh="666708688" />
  <largest-consumer threadName="Group1.Backend.CompositeBackend{Tier1}.5" threadId="000000000087A000" bytes="128396456" />
</allocation-stats>
<gc-op id="4531" type="scavenge" timems="139.181" contextid="4528" timestamp="2020-09-11T10:02:28.242">
  <scavenger-info tenureage="3" tenuremask="7ff8" tiltratio="86" />
  <memory-copied type="nursery" objects="4381842" bytes="116995728" bytesdiscarded="197432" />
  <memory-copied type="tenure" objects="1060656" bytes="28515048" bytesdiscarded="84144" />
  <ownableSynchronizers candidates="3690" cleared="3363" />
  <references type="soft" candidates="283" cleared="0" enqueued="0" dynamicThreshold="17" maxThreshold="32" />
  <references type="weak" candidates="123" cleared="123" enqueued="0" />
</gc-op>
<gc-end id="4532" type="scavenge" contextid="4528" durationms="141.036" usertimems="1002.064" systemtimems="9.588" timestamp="2020-09-11T10:02:28.244" activeThreads="8">
  <mem-info id="4533" free="1289695232" total="2761883648" percent="46">
    <mem type="nursery" free="686711280" total="939524096" percent="73">
      <mem type="allocate" free="686711280" total="803995648" percent="85" />
      <mem type="survivor" free="0" total="135528448" percent="0" />
    </mem>
    <mem type="tenure" free="602983952" total="1822359552" percent="33" macro-fragmented="0">
      <mem type="soa" free="548312592" total="1767688192" percent="31" />
      <mem type="loa" free="54671360" total="54671360" percent="100" />
    </mem>
    <remembered-set count="31155" />
  </mem-info>
</gc-end>
<cycle-end id="4534" type="scavenge" contextid="4528" timestamp="2020-09-11T10:02:28.246" />
<allocation-satisfied id="4535" threadId="000000000089C800" bytesRequested="24" />
<af-end id="4536" timestamp="2020-09-11T10:02:28.246" threadId="000000000089D180" success="true" from="nursery"/>
<exclusive-end id="4537" timestamp="2020-09-11T10:02:28.246" durationms="143.947" />

<exclusive-start id="4538" timestamp="2020-09-11T10:02:30.323" intervalms="2221.469">
  <response-info timems="10.785" idlems="10.785" threads="0" lastid="000000000078AB00" lastname="Group1.Backend.CompositeBackend{Tier1}.1" />
</exclusive-start>
<af-start id="4539" threadId="000000000078B480" totalBytesRequested="40" timestamp="2020-09-11T10:02:30.324" intervalms="2221.750" type="nursery" />
<cycle-start id="4540" type="scavenge" contextid="0" timestamp="2020-09-11T10:02:30.324" intervalms="2221.774" />
<gc-start id="4541" type="scavenge" contextid="4540" timestamp="2020-09-11T10:02:30.325">
  <mem-info id="4542" free="602983952" total="2761883648" percent="21">
    <mem type="nursery" free="0" total="939524096" percent="0">
      <mem type="allocate" free="0" total="803995648" percent="0" />
      <mem type="survivor" free="0" total="135528448" percent="0" />
    </mem>
    <mem type="tenure" free="602983952" total="1822359552" percent="33">
      <mem type="soa" free="548312592" total="1767688192" percent="31" />
      <mem type="loa" free="54671360" total="54671360" percent="100" />
    </mem>
    <remembered-set count="196520" />
  </mem-info>
</gc-start>
<allocation-stats totalBytes="686361808" >
  <allocated-bytes non-tlh="28104576" tlh="658257232" />
  <largest-consumer threadName="Group1.Backend.CompositeBackend{Tier1}.8" threadId="000000000084FB00" bytes="100214960" />
</allocation-stats>
<gc-op id="4543" type="scavenge" timems="107.796" contextid="4540" timestamp="2020-09-11T10:02:30.433">
  <scavenger-info tenureage="3" tenuremask="7ff8" tiltratio="85" />
  <memory-copied type="nursery" objects="4160633" bytes="111716864" bytesdiscarded="150200" />
  <memory-copied type="tenure" objects="1146375" bytes="30816736" bytesdiscarded="94344" />
  <finalization candidates="1" enqueued="0" />
  <ownableSynchronizers candidates="4167" cleared="3830" />
  <references type="soft" candidates="270" cleared="0" enqueued="0" dynamicThreshold="17" maxThreshold="32" />
  <references type="weak" candidates="115" cleared="113" enqueued="0" />
</gc-op>
<gc-end id="4544" type="scavenge" contextid="4540" durationms="108.931" usertimems="818.754" systemtimems="16.212" timestamp="2020-09-11T10:02:30.433" activeThreads="8">
  <mem-info id="4545" free="1265028304" total="2761883648" percent="45">
    <mem type="nursery" free="692958672" total="939524096" percent="73">
      <mem type="allocate" free="692958672" total="804913152" percent="86" />
      <mem type="survivor" free="0" total="134610944" percent="0" />
    </mem>
    <mem type="tenure" free="572069632" total="1822359552" percent="31" macro-fragmented="0">
      <mem type="soa" free="517398272" total="1767688192" percent="29" />
      <mem type="loa" free="54671360" total="54671360" percent="100" />
    </mem>
    <remembered-set count="30995" />
  </mem-info>
</gc-end>
<cycle-end id="4546" type="scavenge" contextid="4540" timestamp="2020-09-11T10:02:30.436" />
<allocation-satisfied id="4547" threadId="000000000078AB00" bytesRequested="40" />
<af-end id="4548" timestamp="2020-09-11T10:02:30.436" threadId="000000000078B480" success="true" from="nursery"/>
<exclusive-end id="4549" timestamp="2020-09-11T10:02:30.436" durationms="112.868" />

<exclusive-start id="4550" timestamp="2020-09-11T10:02:32.363" intervalms="2039.285">
  <response-info timems="0.468" idlems="0.468" threads="0" lastid="000000000085F900" lastname="Group1.Backend.CompositeBackend{Tier1}.3" />
</exclusive-start>
<af-start id="4551" threadId="0000000000860280" totalBytesRequested="16" timestamp="2020-09-11T10:02:32.363" intervalms="2039.022" type="nursery" />
<cycle-start id="4552" type="scavenge" contextid="0" timestamp="2020-09-11T10:02:32.363" intervalms="2038.981" />
<gc-start id="4553" type="scavenge" contextid="4552" timestamp="2020-09-11T10:02:32.364">
  <mem-info id="4554" free="572069632" total="2761883648" percent="20">
    <mem type="nursery" free="0" total="939524096" percent="0">
      <mem type="allocate" free="0" total="804913152" percent="0" />
      <mem type="survivor" free="0" total="134610944" percent="0" />
    </mem>
    <mem type="tenure" free="572069632" total="1822359552" percent="31">
      <mem type="soa" free="517398272" total="1767688192" percent="29" />
      <mem type="loa" free="54671360" total="54671360" percent="100" />
    </mem>
    <remembered-set count="194375" />
  </mem-info>
</gc-start>
<allocation-stats totalBytes="692624640" >
  <allocated-bytes non-tlh="34898160" tlh="657726480" />
  <largest-consumer threadName="Group1.Backend.CompositeBackend{Tier1}.1" threadId="000000000078AB00" bytes="117214648" />
</allocation-stats>
<gc-op id="4555" type="scavenge" timems="125.069" contextid="4552" timestamp="2020-09-11T10:02:32.489">
  <scavenger-info tenureage="3" tenuremask="7ff8" tiltratio="85" />
  <memory-copied type="nursery" objects="4380711" bytes="116753872" bytesdiscarded="143776" />
  <memory-copied type="tenure" objects="1074794" bytes="28895648" bytesdiscarded="107768" />
  <finalization candidates="1" enqueued="0" />
  <ownableSynchronizers candidates="4781" cleared="4437" />
  <references type="soft" candidates="266" cleared="0" enqueued="0" dynamicThreshold="17" maxThreshold="32" />
  <references type="weak" candidates="117" cleared="117" enqueued="0" />
</gc-op>
<gc-end id="4556" type="scavenge" contextid="4552" durationms="125.960" usertimems="904.171" systemtimems="3.208" timestamp="2020-09-11T10:02:32.489" activeThreads="8">
  <mem-info id="4557" free="1229603768" total="2761883648" percent="44">
    <mem type="nursery" free="686490312" total="939524096" percent="73">
      <mem type="allocate" free="686490312" total="803471360" percent="85" />
      <mem type="survivor" free="0" total="136052736" percent="0" />
    </mem>
    <mem type="tenure" free="543113456" total="1822359552" percent="29" macro-fragmented="0">
      <mem type="soa" free="488442096" total="1767688192" percent="27" />
      <mem type="loa" free="54671360" total="54671360" percent="100" />
    </mem>
    <remembered-set count="32005" />
  </mem-info>
</gc-end>
<cycle-end id="4558" type="scavenge" contextid="4552" timestamp="2020-09-11T10:02:32.490" />
<allocation-satisfied id="4559" threadId="000000000085F900" bytesRequested="16" />
<af-end id="4560" timestamp="2020-09-11T10:02:32.490" threadId="0000000000860280" success="true" from="nursery"/>
<exclusive-end id="4561" timestamp="2020-09-11T10:02:32.491" durationms="128.082" />

<exclusive-start id="4562" timestamp="2020-09-11T10:02:34.407" intervalms="2044.331">
  <response-info timems="0.484" idlems="0.245" threads="1" lastid="000000000087A000" lastname="Group1.Backend.CompositeBackend{Tier1}.5" />
</exclusive-start>
<af-start id="4563" threadId="0000000000860280" totalBytesRequested="16" timestamp="2020-09-11T10:02:34.408" intervalms="2044.397" type="nursery" />
<cycle-start id="4564" type="scavenge" contextid="0" timestamp="2020-09-11T10:02:34.408" intervalms="2044.447" />
<gc-start id="4565" type="scavenge" contextid="4564" timestamp="2020-09-11T10:02:34.408">
  <mem-info id="4566" free="543113456" total="2761883648" percent="19">
    <mem type="nursery" free="0" total="939524096" percent="0">
      <mem type="allocate" free="0" total="803471360" percent="0" />
      <mem type="survivor" free="0" total="136052736" percent="0" />
    </mem>
    <mem type="tenure" free="543113456" total="1822359552" percent="29">
      <mem type="soa" free="488442096" total="1767688192" percent="27" />
      <mem type="loa" free="54671360" total="54671360" percent="100" />
    </mem>
    <remembered-set count="195461" />
  </mem-info>
</gc-start>
<allocation-stats totalBytes="686152584" >
  <allocated-bytes non-tlh="32228672" tlh="653923912" />
  <largest-consumer threadName="Group1.Backend.CompositeBackend{Tier1}.1" threadId="000000000078AB00" bytes="107692912" />
</allocation-stats>
<gc-op id="4567" type="scavenge" timems="115.797" contextid="4564" timestamp="2020-09-11T10:02:34.524">
  <scavenger-info tenureage="3" tenuremask="7ff8" tiltratio="85" />
  <memory-copied type="nursery" objects="4119040" bytes="110559616" bytesdiscarded="169296" />
  <memory-copied type="tenure" objects="1130810" bytes="30388016" bytesdiscarded="103048" />
  <finalization candidates="1" enqueued="0" />
  <ownableSynchronizers candidates="4302" cleared="3962" />
  <references type="soft" candidates="267" cleared="0" enqueued="0" dynamicThreshold="17" maxThreshold="32" />
  <references type="weak" candidates="128" cleared="128" enqueued="0" />
</gc-op>
<gc-end id="4568" type="scavenge" contextid="4564" durationms="116.700" usertimems="842.630" systemtimems="2.898" timestamp="2020-09-11T10:02:34.525" activeThreads="8">
  <mem-info id="4569" free="1206300704" total="2761883648" percent="43">
    <mem type="nursery" free="693705984" total="939524096" percent="73">
      <mem type="allocate" free="693705984" total="804519936" percent="86" />
      <mem type="survivor" free="0" total="135004160" percent="0" />
    </mem>
    <mem type="tenure" free="512594720" total="1822359552" percent="28" macro-fragmented="0">
      <mem type="soa" free="457923360" total="1767688192" percent="25" />
      <mem type="loa" free="54671360" total="54671360" percent="100" />
    </mem>
    <remembered-set count="31885" />
  </mem-info>
</gc-end>
<cycle-end id="4570" type="scavenge" contextid="4564" timestamp="2020-09-11T10:02:34.526" />
<allocation-satisfied id="4571" threadId="000000000085F900" bytesRequested="16" />
<af-end id="4572" timestamp="2020-09-11T10:02:34.526" threadId="0000000000860280" success="true" from="nursery"/>
<exclusive-end id="4573" timestamp="2020-09-11T10:02:34.526" durationms="118.737" />

<exclusive-start id="4574" timestamp="2020-09-11T10:02:36.485" intervalms="2078.037">
  <response-info timems="1.214" idlems="1.214" threads="0" lastid="00000000007C9200" lastname="Group1.Backend.CompositeBackend{Tier1}.2" />
</exclusive-start>
<af-start id="4575" threadId="00000000007C9B80" totalBytesRequested="656" timestamp="2020-09-11T10:02:36.486" intervalms="2078.041" type="nursery" />
<cycle-start id="4576" type="scavenge" contextid="0" timestamp="2020-09-11T10:02:36.486" intervalms="2078.005" />
<gc-start id="4577" type="scavenge" contextid="4576" timestamp="2020-09-11T10:02:36.486">
  <mem-info id="4578" free="512594720" total="2761883648" percent="18">
    <mem type="nursery" free="0" total="939524096" percent="0">
      <mem type="allocate" free="0" total="804519936" percent="0" />
      <mem type="survivor" free="0" total="135004160" percent="0" />
    </mem>
    <mem type="tenure" free="512594720" total="1822359552" percent="28">
      <mem type="soa" free="457923360" total="1767688192" percent="25" />
      <mem type="loa" free="54671360" total="54671360" percent="100" />
    </mem>
    <remembered-set count="193724" />
  </mem-info>
</gc-start>
<allocation-stats totalBytes="693386160" >
  <allocated-bytes non-tlh="35704232" tlh="657681928" />
  <largest-consumer threadName="Group1.Backend.CompositeBackend{Tier1}.2" threadId="00000000007C9200" bytes="92992168" />
</allocation-stats>
<gc-op id="4579" type="scavenge" timems="123.438" contextid="4576" timestamp="2020-09-11T10:02:36.610">
  <scavenger-info tenureage="3" tenuremask="7ff8" tiltratio="85" />
  <memory-copied type="nursery" objects="4324054" bytes="114816896" bytesdiscarded="269056" />
  <memory-copied type="tenure" objects="1108848" bytes="29969112" bytesdiscarded="106736" />
  <finalization candidates="1" enqueued="0" />
  <ownableSynchronizers candidates="3489" cleared="3160" />
  <references type="soft" candidates="268" cleared="0" enqueued="0" dynamicThreshold="17" maxThreshold="32" />
  <references type="weak" candidates="100" cleared="99" enqueued="0" />
</gc-op>
<gc-end id="4580" type="scavenge" contextid="4576" durationms="124.257" usertimems="954.367" systemtimems="12.140" timestamp="2020-09-11T10:02:36.610" activeThreads="8">
  <mem-info id="4581" free="1172236176" total="2761883648" percent="42">
    <mem type="nursery" free="689673976" total="939524096" percent="73">
      <mem type="allocate" free="689673976" total="804847616" percent="85" />
      <mem type="survivor" free="0" total="134676480" percent="0" />
    </mem>
    <mem type="tenure" free="482562200" total="1822359552" percent="26" macro-fragmented="0">
      <mem type="soa" free="427890840" total="1767688192" percent="24" />
      <mem type="loa" free="54671360" total="54671360" percent="100" />
    </mem>
    <remembered-set count="32621" />
  </mem-info>
</gc-end>
<cycle-end id="4582" type="scavenge" contextid="4576" timestamp="2020-09-11T10:02:36.611" />
<allocation-satisfied id="4583" threadId="00000000007C9200" bytesRequested="656" />
<af-end id="4584" timestamp="2020-09-11T10:02:36.611" threadId="00000000007C9B80" success="true" from="nursery"/>
<exclusive-end id="4585" timestamp="2020-09-11T10:02:36.611" durationms="126.099" />

<exclusive-start id="4586" timestamp="2020-09-11T10:02:38.617" intervalms="2132.444">
  <response-info timems="0.426" idlems="0.426" threads="0" lastid="000000000087A000" lastname="Group1.Backend.CompositeBackend{Tier1}.5" />
</exclusive-start>
<af-start id="4587" threadId="000000000087A980" totalBytesRequested="1032" timestamp="2020-09-11T10:02:38.618" intervalms="2132.516" type="nursery" />
<cycle-start id="4588" type="scavenge" contextid="0" timestamp="2020-09-11T10:02:38.618" intervalms="2132.514" />
<gc-start id="4589" type="scavenge" contextid="4588" timestamp="2020-09-11T10:02:38.619">
  <mem-info id="4590" free="482562200" total="2761883648" percent="17">
    <mem type="nursery" free="0" total="939524096" percent="0">
      <mem type="allocate" free="0" total="804847616" percent="0" />
      <mem type="survivor" free="0" total="134676480" percent="0" />
    </mem>
    <mem type="tenure" free="482562200" total="1822359552" percent="26">
      <mem type="soa" free="427890840" total="1767688192" percent="24" />
      <mem type="loa" free="54671360" total="54671360" percent="100" />
    </mem>
    <remembered-set count="196512" />
  </mem-info>
</gc-start>
<allocation-stats totalBytes="689347328" >
  <allocated-bytes non-tlh="30475240" tlh="658872088" />
  <largest-consumer threadName="Group1.Backend.CompositeBackend{Tier1}.2" threadId="00000000007C9200" bytes="123987896" />
</allocation-stats>
<gc-op id="4591" type="scavenge" timems="108.765" contextid="4588" timestamp="2020-09-11T10:02:38.727">
  <scavenger-info tenureage="3" tenuremask="7ff8" tiltratio="85" />
  <memory-copied type="nursery" objects="4169314" bytes="111766168" bytesdiscarded="131880" />
  <memory-copied type="tenure" objects="1090650" bytes="29299824" bytesdiscarded="126088" />
  <ownableSynchronizers candidates="4706" cleared="4367" />
  <references type="soft" candidates="262" cleared="0" enqueued="0" dynamicThreshold="17" maxThreshold="32" />
  <references type="weak" candidates="114" cleared="114" enqueued="0" />
</gc-op>
<gc-end id="4592" type="scavenge" contextid="4588" durationms="110.073" usertimems="793.664" systemtimems="0.851" timestamp="2020-09-11T10:02:38.729" activeThreads="8">
  <mem-info id="4593" free="1147189776" total="2761883648" percent="41">
    <mem type="nursery" free="694036736" total="939524096" percent="73">
      <mem type="allocate" free="694036736" total="806027264" percent="86" />
      <mem type="survivor" free="0" total="133496832" percent="0" />
    </mem>
    <mem type="tenure" free="453153040" total="1822359552" percent="24" macro-fragmented="0">
      <mem type="soa" free="398481680" total="1767688192" percent="22" />
      <mem type="loa" free="54671360" total="54671360" percent="100" />
    </mem>
    <remembered-set count="30184" />
  </mem-info>
</gc-end>
<cycle-end id="4594" type="scavenge" contextid="4588" timestamp="2020-09-11T10:02:38.730" />
<allocation-satisfied id="4595" threadId="000000000087A000" bytesRequested="1032" />
<af-end id="4596" timestamp="2020-09-11T10:02:38.730" threadId="000000000087A980" success="true" from="nursery"/>
<exclusive-end id="4597" timestamp="2020-09-11T10:02:38.730" durationms="112.404" />

<exclusive-start id="4598" timestamp="2020-09-11T10:02:40.645" intervalms="2027.287">
  <response-info timems="1.125" idlems="0.678" threads="1" lastid="000000000084FB00" lastname="Group1.Backend.CompositeBackend{Tier1}.8" />
</exclusive-start>
<af-start id="4599" threadId="00000000008CAB80" totalBytesRequested="32" timestamp="2020-09-11T10:02:40.645" intervalms="2027.115" type="nursery" />
<cycle-start id="4600" type="scavenge" contextid="0" timestamp="2020-09-11T10:02:40.645" intervalms="2027.099" />
<gc-start id="4601" type="scavenge" contextid="4600" timestamp="2020-09-11T10:02:40.646">
  <mem-info id="4602" free="453153040" total="2761883648" percent="16">
    <mem type="nursery" free="0" total="939524096" percent="0">
      <mem type="allocate" free="0" total="806027264" percent="0" />
      <mem type="survivor" free="0" total="133496832" percent="0" />
    </mem>
    <mem type="tenure" free="453153040" total="1822359552" percent="24">
      <mem type="soa" free="398481680" total="1767688192" percent="22" />
      <mem type="loa" free="54671360" total="54671360" percent="100" />
    </mem>
    <remembered-set count="190195" />
  </mem-info>
</gc-start>
<allocation-stats totalBytes="693710832" >
  <allocated-bytes non-tlh="38856864" tlh="654853968" />
  <largest-consumer threadName="Group1.Backend.CompositeBackend{Tier1}.2" threadId="00000000007C9200" bytes="129995328" />
</allocation-stats>
<gc-op id="4603" type="scavenge" timems="107.230" contextid="4600" timestamp="2020-09-11T10:02:40.753">
  <scavenger-info tenureage="3" tenuremask="7ff8" tiltratio="85" />
  <memory-copied type="nursery" objects="4133578" bytes="110775152" bytesdiscarded="162384" />
  <memory-copied type="tenure" objects="1103042" bytes="29641432" bytesdiscarded="101720" />
  <ownableSynchronizers candidates="4099" cleared="3767" />
  <references type="soft" candidates="276" cleared="0" enqueued="0" dynamicThreshold="17" maxThreshold="32" />
  <references type="weak" candidates="148" cleared="147" enqueued="0" />
</gc-op>
<gc-end id="4604" type="scavenge" contextid="4600" durationms="108.092" usertimems="795.577" systemtimems="19.317" timestamp="2020-09-11T10:02:40.754" activeThreads="8">
  <mem-info id="4605" free="1120039776" total="2761883648" percent="40">
    <mem type="nursery" free="696638976" total="939524096" percent="74">
      <mem type="allocate" free="696638976" total="807665664" percent="86" />
      <mem type="survivor" free="0" total="131858432" percent="0" />
    </mem>
    <mem type="tenure" free="423400800" total="1822359552" percent="23" macro-fragmented="0">
      <mem type="soa" free="368729440" total="1767688192" percent="20" />
      <mem type="loa" free="54671360" total="54671360" percent="100" />
    </mem>
    <remembered-set count="28653" />
  </mem-info>
</gc-end>
<cycle-end id="4606" type="scavenge" contextid="4600" timestamp="2020-09-11T10:02:40.754" />
<allocation-satisfied id="4607" threadId="00000000008CA200" bytesRequested="32" />
<af-end id="4608" timestamp="2020-09-11T10:02:40.754" threadId="00000000008CAB80" success="true" from="nursery"/>
<exclusive-end id="4609" timestamp="2020-09-11T10:02:40.754" durationms="109.803" />

<exclusive-start id="4610" timestamp="2020-09-11T10:02:42.855" intervalms="2210.474">
  <response-info timems="0.337" idlems="0.317" threads="1" lastid="000000000088D900" lastname="Group1.Backend.CompositeBackend{Tier1}.6" />
</exclusive-start>
<af-start id="4611" threadId="00000000007C9B80" totalBytesRequested="32" timestamp="2020-09-11T10:02:42.856" intervalms="2210.506" type="nursery" />
<cycle-start id="4612" type="scavenge" contextid="0" timestamp="2020-09-11T10:02:42.856" intervalms="2210.539" />
<gc-start id="4613" type="scavenge" contextid="4612" timestamp="2020-09-11T10:02:42.856">
  <mem-info id="4614" free="423400800" total="2761883648" percent="15">
    <mem type="nursery" free="0" total="939524096" percent="0">
      <mem type="allocate" free="0" total="807665664" percent="0" />
      <mem type="survivor" free="0" total="131858432" percent="0" />
    </mem>
    <mem type="tenure" free="423400800" total="1822359552" percent="23">
      <mem type="soa" free="368729440" total="1767688192" percent="20" />
      <mem type="loa" free="54671360" total="54671360" percent="100" />
    </mem>
    <remembered-set count="195403" />
  </mem-info>
</gc-start>
<allocation-stats totalBytes="696283744" >
  <allocated-bytes non-tlh="26127352" tlh="670156392" />
  <largest-consumer threadName="Group1.Backend.CompositeBackend{Tier1}.2" threadId="00000000007C9200" bytes="109254312" />
</allocation-stats>
<gc-op id="4615" type="scavenge" timems="93.049" contextid="4612" timestamp="2020-09-11T10:02:42.949">
  <scavenger-info tenureage="3" tenuremask="7ff8" tiltratio="85" />
  <memory-copied type="nursery" objects="4107132" bytes="110299000" bytesdiscarded="143176" />
  <memory-copied type="tenure" objects="1064377" bytes="28611536" bytesdiscarded="99120" />
  <ownableSynchronizers candidates="4093" cleared="3763" />
  <references type="soft" candidates="273" cleared="0" enqueued="0" dynamicThreshold="17" maxThreshold="32" />
  <references type="weak" candidates="94" cleared="93" enqueued="0" />
</gc-op>
<gc-end id="4616" type="scavenge" contextid="4612" durationms="93.827" usertimems="717.536" systemtimems="2.523" timestamp="2020-09-11T10:02:42.950" activeThreads="8">
  <mem-info id="4617" free="1093413960" total="2761883648" percent="39">
    <mem type="nursery" free="698708736" total="939524096" percent="74">
      <mem type="allocate" free="698708736" total="809238528" percent="86" />
      <mem type="survivor" free="0" total="130285568" percent="0" />
    </mem>
    <mem type="tenure" free="394705224" total="1822359552" percent="21" macro-fragmented="0">
      <mem type="soa" free="340033864" total="1767688192" percent="19" />
      <mem type="loa" free="54671360" total="54671360" percent="100" />
    </mem>
    <remembered-set count="28228" />
  </mem-info>
</gc-end>
<cycle-end id="4618" type="scavenge" contextid="4612" timestamp="2020-09-11T10:02:42.951" />
<allocation-satisfied id="4619" threadId="00000000007C9200" bytesRequested="32" />
<af-end id="4620" timestamp="2020-09-11T10:02:42.951" threadId="00000000007C9B80" success="true" from="nursery"/>
<exclusive-end id="4621" timestamp="2020-09-11T10:02:42.951" durationms="95.587" />

<exclusive-start id="4622" timestamp="2020-09-11T10:02:44.998" intervalms="2142.749">
  <response-info timems="0.345" idlems="0.345" threads="0" lastid="000000000088D900" lastname="Group1.Backend.CompositeBackend{Tier1}.6" />
</exclusive-start>
<af-start id="4623" threadId="000000000088E280" totalBytesRequested="131080" timestamp="2020-09-11T10:02:44.999" intervalms="2142.747" type="nursery" />
<cycle-start id="4624" type="scavenge" contextid="0" timestamp="2020-09-11T10:02:44.999" intervalms="2142.752" />
<gc-start id="4625" type="scavenge" contextid="4624" timestamp="2020-09-11T10:02:44.999">
  <mem-info id="4626" free="394748032" total="2761883648" percent="14">
    <mem type="nursery" free="42808" total="939524096" percent="0">
      <mem type="allocate" free="42808" total="809238528" percent="0" />
      <mem type="survivor" free="0" total="130285568" percent="0" />
    </mem>
    <mem type="tenure" free="394705224" total="1822359552" percent="21">
      <mem type="soa" free="340033864" total="1767688192" percent="19" />
      <mem type="loa" free="54671360" total="54671360" percent="100" />
    </mem>
    <remembered-set count="191129" />
  </mem-info>
</gc-start>
<allocation-stats totalBytes="698342440" >
  <allocated-bytes non-tlh="35215880" tlh="663126560" />
  <largest-consumer threadName="Group1.Backend.CompositeBackend{Tier1}.2" threadId="00000000007C9200" bytes="117523032" />
</allocation-stats>
<gc-op id="4627" type="scavenge" timems="104.715" contextid="4624" timestamp="2020-09-11T10:02:45.104">
  <scavenger-info tenureage="3" tenuremask="7ff8" tiltratio="86" />
  <memory-copied type="nursery" objects="4689696" bytes="123367072" bytesdiscarded="219520" />
  <memory-copied type="tenure" objects="1103755" bytes="29695584" bytesdiscarded="121048" />
  <ownableSynchronizers candidates="3636" cleared="3296" />
  <references type="soft" candidates="280" cleared="0" enqueued="0" dynamicThreshold="17" maxThreshold="32" />
  <references type="weak" candidates="107" cleared="107" enqueued="0" />
</gc-op>
<gc-end id="4628" type="scavenge" contextid="4624" durationms="105.496" usertimems="816.082" systemtimems="0.000" timestamp="2020-09-11T10:02:45.104" activeThreads="8">
  <mem-info id="4629" free="1032462456" total="2761883648" percent="37">
    <mem type="nursery" free="667543616" total="939524096" percent="71">
      <mem type="allocate" free="667543616" total="791216128" percent="84" />
      <mem type="survivor" free="0" total="148307968" percent="0" />
    </mem>
    <mem type="tenure" free="364918840" total="1822359552" percent="20" macro-fragmented="0">
      <mem type="soa" free="310247480" total="1767688192" percent="17" />
      <mem type="loa" free="54671360" total="54671360" percent="100" />
    </mem>
    <remembered-set count="30188" />
  </mem-info>
</gc-end>
<cycle-end id="4630" type="scavenge" contextid="4624" timestamp="2020-09-11T10:02:45.105" />
<allocation-satisfied id="4631" threadId="000000000088D900" bytesRequested="131080" />
<af-end id="4632" timestamp="2020-09-11T10:02:45.105" threadId="000000000088E280" success="true" from="nursery"/>
<exclusive-end id="4633" timestamp="2020-09-11T10:02:45.105" durationms="107.287" />

<exclusive-start id="4634" timestamp="2020-09-11T10:02:47.003" intervalms="2005.509">
  <response-info timems="0.283" idlems="0.213" threads="1" lastid="000000000078AB00" lastname="Group1.Backend.CompositeBackend{Tier1}.1" />
</exclusive-start>
<af-start id="4635" threadId="000000000089D180" totalBytesRequested="266888" timestamp="2020-09-11T10:02:47.004" intervalms="2005.508" type="nursery" />
<cycle-start id="4636" type="scavenge" contextid="0" timestamp="2020-09-11T10:02:47.004" intervalms="2005.471" />
<gc-start id="4637" type="scavenge" contextid="4636" timestamp="2020-09-11T10:02:47.004">
  <mem-info id="4638" free="364918840" total="2761883648" percent="13">
    <mem type="nursery" free="0" total="939524096" percent="0">
      <mem type="allocate" free="0" total="791216128" percent="0" />
      <mem type="survivor" free="0" total="148307968" percent="0" />
    </mem>
    <mem type="tenure" free="364918840" total="1822359552" percent="20">
      <mem type="soa" free="310247480" total="1767688192" percent="17" />
      <mem type="loa" free="54671360" total="54671360" percent="100" />
    </mem>
    <remembered-set count="192257" />
  </mem-info>
</gc-start>
<allocation-stats totalBytes="667218336" >
  <allocated-bytes non-tlh="33051656" tlh="634166680" />
  <largest-consumer threadName="Group1.Backend.CompositeBackend{Tier1}.2" threadId="00000000007C9200" bytes="104240864" />
</allocation-stats>
<gc-op id="4639" type="scavenge" timems="105.038" contextid="4636" timestamp="2020-09-11T10:02:47.110">
  <scavenger-info tenureage="3" tenuremask="7ff8" tiltratio="84" />
  <memory-copied type="nursery" objects="4339749" bytes="115576440" bytesdiscarded="238984" />
  <memory-copied type="tenure" objects="1055637" bytes="28377272" bytesdiscarded="111656" />
  <ownableSynchronizers candidates="4231" cleared="3899" />
  <references type="soft" candidates="265" cleared="0" enqueued="0" dynamicThreshold="17" maxThreshold="32" />
  <references type="weak" candidates="118" cleared="118" enqueued="0" />
</gc-op>
<gc-end id="4640" type="scavenge" contextid="4636" durationms="105.891" usertimems="814.164" systemtimems="3.582" timestamp="2020-09-11T10:02:47.110" activeThreads="8">
  <mem-info id="4641" free="1013816208" total="2761883648" percent="36">
    <mem type="nursery" free="677346920" total="939524096" percent="72">
      <mem type="allocate" free="677346920" total="793247744" percent="85" />
      <mem type="survivor" free="0" total="146276352" percent="0" />
    </mem>
    <mem type="tenure" free="336469288" total="1822359552" percent="18" macro-fragmented="0">
      <mem type="soa" free="281797928" total="1767688192" percent="15" />
      <mem type="loa" free="54671360" total="54671360" percent="100" />
    </mem>
    <remembered-set count="30954" />
  </mem-info>
</gc-end>
<cycle-end id="4642" type="scavenge" contextid="4636" timestamp="2020-09-11T10:02:47.111" />
<allocation-satisfied id="4643" threadId="000000000089C800" bytesRequested="266888" />
<af-end id="4644" timestamp="2020-09-11T10:02:47.111" threadId="000000000089D180" success="true" from="nursery"/>
<exclusive-end id="4645" timestamp="2020-09-11T10:02:47.111" durationms="107.829" />

<exclusive-start id="4646" timestamp="2020-09-11T10:02:49.051" intervalms="2048.056">
  <response-info timems="1.090" idlems="0.785" threads="1" lastid="000000000089C800" lastname="Group1.Backend.CompositeBackend{Tier1}.7" />
</exclusive-start>
<af-start id="4647" threadId="0000000000A4A680" totalBytesRequested="48" timestamp="2020-09-11T10:02:49.052" intervalms="2048.220" type="nursery" />
<cycle-start id="4648" type="scavenge" contextid="0" timestamp="2020-09-11T10:02:49.053" intervalms="2048.350" />
<gc-start id="4649" type="scavenge" contextid="4648" timestamp="2020-09-11T10:02:49.055">
  <mem-info id="4650" free="336469288" total="2761883648" percent="12">
    <mem type="nursery" free="0" total="939524096" percent="0">
      <mem type="allocate" free="0" total="793247744" percent="0" />
      <mem type="survivor" free="0" total="146276352" percent="0" />
    </mem>
    <mem type="tenure" free="336469288" total="1822359552" percent="18">
      <mem type="soa" free="281797928" total="1767688192" percent="15" />
      <mem type="loa" free="54671360" total="54671360" percent="100" />
    </mem>
    <remembered-set count="193584" />
  </mem-info>
</gc-start>
<allocation-stats totalBytes="677021304" >
  <allocated-bytes non-tlh="30417008" tlh="646604296" />
  <largest-consumer threadName="Group1.Backend.CompositeBackend{Tier1}.5" threadId="000000000087A000" bytes="120262968" />
</allocation-stats>
<gc-op id="4651" type="scavenge" timems="108.620" contextid="4648" timestamp="2020-09-11T10:02:49.164">
  <scavenger-info tenureage="3" tenuremask="7ff8" tiltratio="84" />
  <memory-copied type="nursery" objects="4055908" bytes="108797344" bytesdiscarded="331896" />
  <memory-copied type="tenure" objects="1158286" bytes="31149232" bytesdiscarded="124504" />
  <ownableSynchronizers candidates="4632" cleared="4300" />
  <references type="soft" candidates="267" cleared="0" enqueued="0" dynamicThreshold="17" maxThreshold="32" />
  <references type="weak" candidates="127" cleared="127" enqueued="0" />
</gc-op>
<gc-end id="4652" type="scavenge" contextid="4648" durationms="109.613" usertimems="735.956" systemtimems="0.376" timestamp="2020-09-11T10:02:49.165" activeThreads="8">
  <mem-info id="4653" free="992534384" total="2761883648" percent="35">
    <mem type="nursery" free="687373568" total="939524096" percent="73">
      <mem type="allocate" free="687373568" total="796590080" percent="86" />
      <mem type="survivor" free="0" total="142934016" percent="0" />
    </mem>
    <mem type="tenure" free="305160816" total="1822359552" percent="16" macro-fragmented="0">
      <mem type="soa" free="250489456" total="1767688192" percent="14" />
      <mem type="loa" free="54671360" total="54671360" percent="100" />
    </mem>
    <remembered-set count="32742" />
  </mem-info>
</gc-end>
<cycle-end id="4654" type="scavenge" contextid="4648" timestamp="2020-09-11T10:02:49.166" />
<allocation-satisfied id="4655" threadId="0000000000A49D00" bytesRequested="48" />
<af-end id="4656" timestamp="2020-09-11T10:02:49.166" threadId="0000000000A4A680" success="true" from="nursery"/>
<exclusive-end id="4657" timestamp="2020-09-11T10:02:49.166" durationms="114.450" />

<exclusive-start id="4658" timestamp="2020-09-11T10:02:51.208" intervalms="2156.547">
  <response-info timems="5.717" idlems="2.962" threads="1" lastid="000000000085F900" lastname="Group1.Backend.CompositeBackend{Tier1}.3" />
</exclusive-start>
<af-start id="4659" threadId="0000000000982C80" totalBytesRequested="24" timestamp="2020-09-11T10:02:51.209" intervalms="2156.358" type="nursery" />
<cycle-start id="4660" type="scavenge" contextid="0" timestamp="2020-09-11T10:02:51.209" intervalms="2156.232" />
<gc-start id="4661" type="scavenge" contextid="4660" timestamp="2020-09-11T10:02:51.209">
  <mem-info id="4662" free="305160816" total="2761883648" percent="11">
    <mem type="nursery" free="0" total="939524096" percent="0">
      <mem type="allocate" free="0" total="796590080" percent="0" />
      <mem type="survivor" free="0" total="142934016" percent="0" />
    </mem>
    <mem type="tenure" free="305160816" total="1822359552" percent="16">
      <mem type="soa" free="250489456" total="1767688192" percent="14" />
      <mem type="loa" free="54671360" total="54671360" percent="100" />
    </mem>
    <remembered-set count="197749" />
  </mem-info>
</gc-start>
<allocation-stats totalBytes="687045888" >
  <allocated-bytes non-tlh="30936824" tlh="656109064" />
  <largest-consumer threadName="Group1.Backend.CompositeBackend{Tier1}.1" threadId="000000000078AB00" bytes="103940488" />
</allocation-stats>
<gc-op id="4663" type="scavenge" timems="96.417" contextid="4660" timestamp="2020-09-11T10:02:51.305">
  <scavenger-info tenureage="3" tenuremask="7ff8" tiltratio="84" />
  <memory-copied type="nursery" objects="4068705" bytes="109046248" bytesdiscarded="313376" />
  <memory-copied type="tenure" objects="1107367" bytes="29752688" bytesdiscarded="118560" />
  <ownableSynchronizers candidates="4697" cleared="4363" />
  <references type="soft" candidates="238" cleared="0" enqueued="0" dynamicThreshold="17" maxThreshold="32" />
  <references type="weak" candidates="108" cleared="107" enqueued="0" />
</gc-op>
<gc-end id="4664" type="scavenge" contextid="4660" durationms="97.217" usertimems="739.307" systemtimems="0.469" timestamp="2020-09-11T10:02:51.306" activeThreads="8">
  <mem-info id="4665" free="966515752" total="2761883648" percent="34">
    <mem type="nursery" free="691212544" total="939524096" percent="73">
      <mem type="allocate" free="691212544" total="800653312" percent="86" />
      <mem type="survivor" free="0" total="138870784" percent="0" />
    </mem>
    <mem type="tenure" free="275303208" total="1822359552" percent="15" macro-fragmented="0">
      <mem type="soa" free="220631848" total="1767688192" percent="12" />
      <mem type="loa" free="54671360" total="54671360" percent="100" />
    </mem>
    <remembered-set count="33204" />
  </mem-info>
</gc-end>
<cycle-end id="4666" type="scavenge" contextid="4660" timestamp="2020-09-11T10:02:51.307" />
<allocation-satisfied id="4667" threadId="0000000000982300" bytesRequested="24" />
<af-end id="4668" timestamp="2020-09-11T10:02:51.307" threadId="0000000000982C80" success="true" from="nursery"/>
<exclusive-end id="4669" timestamp="2020-09-11T10:02:51.307" durationms="98.981" />

<exclusive-start id="4670" timestamp="2020-09-11T10:02:53.242" intervalms="2033.565">
  <response-info timems="0.471" idlems="0.471" threads="0" lastid="000000000086B200" lastname="Group1.Backend.CompositeBackend{Tier1}.4" />
</exclusive-start>
<af-start id="4671" threadId="000000000086BB80" totalBytesRequested="10008" timestamp="2020-09-11T10:02:53.242" intervalms="2033.780" type="nursery" />
<cycle-start id="4672" type="scavenge" contextid="0" timestamp="2020-09-11T10:02:53.243" intervalms="2033.789" />
<gc-start id="4673" type="scavenge" contextid="4672" timestamp="2020-09-11T10:02:53.243">
  <mem-info id="4674" free="275303208" total="2761883648" percent="9">
    <mem type="nursery" free="0" total="939524096" percent="0">
      <mem type="allocate" free="0" total="800653312" percent="0" />
      <mem type="survivor" free="0" total="138870784" percent="0" />
    </mem>
    <mem type="tenure" free="275303208" total="1822359552" percent="15">
      <mem type="soa" free="220631848" total="1767688192" percent="12" />
      <mem type="loa" free="54671360" total="54671360" percent="100" />
    </mem>
    <remembered-set count="194500" />
  </mem-info>
</gc-start>
<allocation-stats totalBytes="690869432" >
  <allocated-bytes non-tlh="35767736" tlh="655101696" />
  <largest-consumer threadName="Group1.Backend.CompositeBackend{Tier1}.8" threadId="000000000084FB00" bytes="91560168" />
</allocation-stats>
<gc-op id="4675" type="scavenge" timems="95.113" contextid="4672" timestamp="2020-09-11T10:02:53.338">
  <scavenger-info tenureage="3" tenuremask="7ff8" tiltratio="85" />
  <memory-copied type="nursery" objects="4059708" bytes="108847944" bytesdiscarded="116008" />
  <memory-copied type="tenure" objects="1066315" bytes="28633000" bytesdiscarded="131240" />
  <ownableSynchronizers candidates="4375" cleared="4032" />
  <references type="soft" candidates="254" cleared="0" enqueued="0" dynamicThreshold="17" maxThreshold="32" />
  <references type="weak" candidates="118" cleared="118" enqueued="0" />
</gc-op>
<gc-end id="4676" type="scavenge" contextid="4672" durationms="95.938" usertimems="682.370" systemtimems="0.269" timestamp="2020-09-11T10:02:53.339" activeThreads="8">
  <mem-info id="4677" free="941480008" total="2761883648" percent="34">
    <mem type="nursery" free="694951936" total="939524096" percent="73">
      <mem type="allocate" free="694951936" total="803995648" percent="86" />
      <mem type="survivor" free="0" total="135528448" percent="0" />
    </mem>
    <mem type="tenure" free="246528072" total="1822359552" percent="13" macro-fragmented="0">
      <mem type="soa" free="191856712" total="1767688192" percent="10" />
      <mem type="loa" free="54671360" total="54671360" percent="100" />
    </mem>
    <remembered-set count="32041" />
  </mem-info>
</gc-end>
<cycle-end id="4678" type="scavenge" contextid="4672" timestamp="2020-09-11T10:02:53.339" />
<allocation-satisfied id="4679" threadId="000000000086B200" bytesRequested="10008" />
<af-end id="4680" timestamp="2020-09-11T10:02:53.339" threadId="000000000086BB80" success="true" from="nursery"/>
<exclusive-end id="4681" timestamp="2020-09-11T10:02:53.339" durationms="97.919" />

<exclusive-start id="4682" timestamp="2020-09-11T10:02:55.347" intervalms="2105.117">
  <response-info timems="0.972" idlems="0.972" threads="0" lastid="0000000000A0EE00" lastname="Group1.Backend.CompositeBackend{Tier3}.1" />
</exclusive-start>
<af-start id="4683" threadId="0000000000A0F780" totalBytesRequested="16" timestamp="2020-09-11T10:02:55.347" intervalms="2105.068" type="nursery" />
<cycle-start id="4684" type="scavenge" contextid="0" timestamp="2020-09-11T10:02:55.348" intervalms="2105.076" />
<gc-start id="4685" type="scavenge" contextid="4684" timestamp="2020-09-11T10:02:55.348">
  <mem-info id="4686" free="246528072" total="2761883648" percent="8">
    <mem type="nursery" free="0" total="939524096" percent="0">
      <mem type="allocate" free="0" total="803995648" percent="0" />
      <mem type="survivor" free="0" total="135528448" percent="0" />
    </mem>
    <mem type="tenure" free="246528072" total="1822359552" percent="13">
      <mem type="soa" free="191856712" total="1767688192" percent="10" />
      <mem type="loa" free="54671360" total="54671360" percent="100" />
    </mem>
    <remembered-set count="196226" />
  </mem-info>
</gc-start>
<allocation-stats totalBytes="694602152" >
  <allocated-bytes non-tlh="29514224" tlh="665087928" />
  <largest-consumer threadName="Group1.Backend.CompositeBackend{Tier1}.3" threadId="000000000085F900" bytes="93689216" />
</allocation-stats>
<gc-op id="4687" type="scavenge" timems="121.298" contextid="4684" timestamp="2020-09-11T10:02:55.469">
  <scavenger-info tenureage="3" tenuremask="7ff8" tiltratio="85" />
  <memory-copied type="nursery" objects="4342608" bytes="115639264" bytesdiscarded="169808" />
  <memory-copied type="tenure" objects="1056580" bytes="28393728" bytesdiscarded="121592" />
  <ownableSynchronizers candidates="4549" cleared="4198" />
  <references type="soft" candidates="254" cleared="0" enqueued="0" dynamicThreshold="17" maxThreshold="32" />
  <references type="weak" candidates="108" cleared="107" enqueued="0" />
</gc-op>
<gc-end id="4688" type="scavenge" contextid="4684" durationms="122.268" usertimems="869.175" systemtimems="1.631" timestamp="2020-09-11T10:02:55.470" activeThreads="8">
  <mem-info id="4689" free="904804160" total="2761883648" percent="32">
    <mem type="nursery" free="686791592" total="939524096" percent="73">
      <mem type="allocate" free="686791592" total="802684928" percent="85" />
      <mem type="survivor" free="0" total="136839168" percent="0" />
    </mem>
    <mem type="tenure" free="218012568" total="1822359552" percent="11" macro-fragmented="0">
      <mem type="soa" free="163341208" total="1767688192" percent="9" />
      <mem type="loa" free="54671360" total="54671360" percent="100" />
    </mem>
    <remembered-set count="31834" />
  </mem-info>
</gc-end>
<cycle-end id="4690" type="scavenge" contextid="4684" timestamp="2020-09-11T10:02:55.471" />
<allocation-satisfied id="4691" threadId="0000000000A0EE00" bytesRequested="16" />
<af-end id="4692" timestamp="2020-09-11T10:02:55.471" threadId="0000000000A0F780" success="true" from="nursery"/>
<exclusive-end id="4693" timestamp="2020-09-11T10:02:55.471" durationms="124.542" />

<exclusive-start id="4694" timestamp="2020-09-11T10:02:57.457" intervalms="2110.731">
  <response-info timems="0.258" idlems="0.258" threads="0" lastid="000000000084FB00" lastname="Group1.Backend.CompositeBackend{Tier1}.8" />
</exclusive-start>
<af-start id="4695" threadId="0000000000850480" totalBytesRequested="217872" timestamp="2020-09-11T10:02:57.458" intervalms="2110.634" type="nursery" />
<cycle-start id="4696" type="scavenge" contextid="0" timestamp="2020-09-11T10:02:57.458" intervalms="2110.613" />
<gc-start id="4697" type="scavenge" contextid="4696" timestamp="2020-09-11T10:02:57.459">
  <mem-info id="4698" free="218056488" total="2761883648" percent="7">
    <mem type="nursery" free="43920" total="939524096" percent="0">
      <mem type="allocate" free="43920" total="802684928" percent="0" />
      <mem type="survivor" free="0" total="136839168" percent="0" />
    </mem>
    <mem type="tenure" free="218012568" total="1822359552" percent="11">
      <mem type="soa" free="163341208" total="1767688192" percent="9" />
      <mem type="loa" free="54671360" total="54671360" percent="100" />
    </mem>
    <remembered-set count="194921" />
  </mem-info>
</gc-start>
<allocation-stats totalBytes="686422048" >
  <allocated-bytes non-tlh="30731344" tlh="655690704" />
  <largest-consumer threadName="Group1.Backend.CompositeBackend{Tier1}.1" threadId="000000000078AB00" bytes="112901528" />
</allocation-stats>
<gc-op id="4699" type="scavenge" timems="104.821" contextid="4696" timestamp="2020-09-11T10:02:57.563">
  <scavenger-info tenureage="3" tenuremask="7ff8" tiltratio="85" />
  <memory-copied type="nursery" objects="4239974" bytes="113505016" bytesdiscarded="195312" />
  <memory-copied type="tenure" objects="1111724" bytes="29849936" bytesdiscarded="140904" />
  <ownableSynchronizers candidates="4746" cleared="4400" />
  <references type="soft" candidates="265" cleared="0" enqueued="0" dynamicThreshold="17" maxThreshold="32" />
  <references type="weak" candidates="117" cleared="117" enqueued="0" />
</gc-op>
<gc-end id="4700" type="scavenge" contextid="4696" durationms="105.700" usertimems="782.065" systemtimems="4.699" timestamp="2020-09-11T10:02:57.564" activeThreads="8">
  <mem-info id="4701" free="878370200" total="2761883648" percent="31">
    <mem type="nursery" free="690338552" total="939524096" percent="73">
      <mem type="allocate" free="690338552" total="804126720" percent="85" />
      <mem type="survivor" free="0" total="135397376" percent="0" />
    </mem>
    <mem type="tenure" free="188031648" total="1822359552" percent="10" macro-fragmented="0">
      <mem type="soa" free="133360288" total="1767688192" percent="7" />
      <mem type="loa" free="54671360" total="54671360" percent="100" />
    </mem>
    <remembered-set count="29023" />
  </mem-info>
</gc-end>
<cycle-end id="4702" type="scavenge" contextid="4696" timestamp="2020-09-11T10:02:57.565" />
<allocation-satisfied id="4703" threadId="000000000084FB00" bytesRequested="217872" />
<af-end id="4704" timestamp="2020-09-11T10:02:57.565" threadId="0000000000850480" success="true" from="nursery"/>
<exclusive-end id="4705" timestamp="2020-09-11T10:02:57.565" durationms="107.604" />

<exclusive-start id="4706" timestamp="2020-09-11T10:02:59.446" intervalms="1988.150">
  <response-info timems="0.527" idlems="0.279" threads="1" lastid="000000000085F900" lastname="Group1.Backend.CompositeBackend{Tier1}.3" />
</exclusive-start>
<af-start id="4707" threadId="000000000088E280" totalBytesRequested="16" timestamp="2020-09-11T10:02:59.446" intervalms="1988.152" type="nursery" />
<cycle-start id="4708" type="scavenge" contextid="0" timestamp="2020-09-11T10:02:59.446" intervalms="1988.171" />
<gc-start id="4709" type="scavenge" contextid="4708" timestamp="2020-09-11T10:02:59.447">
  <mem-info id="4710" free="188031648" total="2761883648" percent="6">
    <mem type="nursery" free="0" total="939524096" percent="0">
      <mem type="allocate" free="0" total="804126720" percent="0" />
      <mem type="survivor" free="0" total="135397376" percent="0" />
    </mem>
    <mem type="tenure" free="188031648" total="1822359552" percent="10">
      <mem type="soa" free="133360288" total="1767688192" percent="7" />
      <mem type="loa" free="54671360" total="54671360" percent="100" />
    </mem>
    <remembered-set count="186991" />
  </mem-info>
</gc-start>
<allocation-stats totalBytes="690020584" >
  <allocated-bytes non-tlh="42869192" tlh="647151392" />
  <largest-consumer threadName="Group1.Backend.CompositeBackend{Tier1}.1" threadId="000000000078AB00" bytes="89747968" />
</allocation-stats>
<gc-op id="4711" type="scavenge" timems="100.622" contextid="4708" timestamp="2020-09-11T10:02:59.547">
  <scavenger-info tenureage="3" tenuremask="7ff8" tiltratio="85" />
  <memory-copied type="nursery" objects="4268646" bytes="113712120" bytesdiscarded="147696" />
  <memory-copied type="tenure" objects="1056723" bytes="28409848" bytesdiscarded="130296" />
  <ownableSynchronizers candidates="3284" cleared="2957" />
  <references type="soft" candidates="242" cleared="0" enqueued="0" dynamicThreshold="17" maxThreshold="32" />
  <references type="weak" candidates="128" cleared="127" enqueued="0" />
</gc-op>
<gc-end id="4712" type="scavenge" contextid="4708" durationms="101.475" usertimems="743.247" systemtimems="0.000" timestamp="2020-09-11T10:02:59.548" activeThreads="8">
  <mem-info id="4713" free="851246656" total="2761883648" percent="30">
    <mem type="nursery" free="691758584" total="939524096" percent="73">
      <mem type="allocate" free="691758584" total="805699584" percent="85" />
      <mem type="survivor" free="0" total="133824512" percent="0" />
    </mem>
    <mem type="tenure" free="159488072" total="1822359552" percent="8" macro-fragmented="0">
      <mem type="soa" free="104816712" total="1767688192" percent="5" />
      <mem type="loa" free="54671360" total="54671360" percent="100" />
    </mem>
    <remembered-set count="28304" />
  </mem-info>
</gc-end>
<cycle-end id="4714" type="scavenge" contextid="4708" timestamp="2020-09-11T10:02:59.551" />
<allocation-satisfied id="4715" threadId="000000000088D900" bytesRequested="16" />
<af-end id="4716" timestamp="2020-09-11T10:02:59.551" threadId="000000000088E280" success="true" from="nursery"/>
<exclusive-end id="4717" timestamp="2020-09-11T10:02:59.551" durationms="105.569" />

<exclusive-start id="4718" timestamp="2020-09-11T10:03:01.645" intervalms="2199.875">
  <response-info timems="0.288" idlems="0.288" threads="0" lastid="000000000085F900" lastname="Group1.Backend.CompositeBackend{Tier1}.3" />
</exclusive-start>
<af-start id="4719" threadId="0000000000860280" totalBytesRequested="16" timestamp="2020-09-11T10:03:01.646" intervalms="2199.803" type="nursery" />
<cycle-start id="4720" type="scavenge" contextid="0" timestamp="2020-09-11T10:03:01.646" intervalms="2199.786" />
<gc-start id="4721" type="scavenge" contextid="4720" timestamp="2020-09-11T10:03:01.646">
  <mem-info id="4722" free="159488072" total="2761883648" percent="5">
    <mem type="nursery" free="0" total="939524096" percent="0">
      <mem type="allocate" free="0" total="805699584" percent="0" />
      <mem type="survivor" free="0" total="133824512" percent="0" />
    </mem>
    <mem type="tenure" free="159488072" total="1822359552" percent="8">
      <mem type="soa" free="104816712" total="1767688192" percent="5" />
      <mem type="loa" free="54671360" total="54671360" percent="100" />
    </mem>
    <remembered-set count="195562" />
  </mem-info>
</gc-start>
<allocation-stats totalBytes="691420088" >
  <allocated-bytes non-tlh="26903368" tlh="664516720" />
  <largest-consumer threadName="Group1.Backend.CompositeBackend{Tier1}.3" threadId="000000000085F900" bytes="93870184" />
</allocation-stats>
<gc-op id="4723" type="scavenge" timems="97.457" contextid="4720" timestamp="2020-09-11T10:03:01.744">
  <scavenger-info tenureage="3" tenuremask="7ff8" tiltratio="85" />
  <memory-copied type="nursery" objects="4033702" bytes="108284456" bytesdiscarded="167592" />
  <memory-copied type="tenure" objects="1123425" bytes="30232408" bytesdiscarded="155744" />
  <ownableSynchronizers candidates="3475" cleared="3172" />
  <references type="soft" candidates="233" cleared="0" enqueued="0" dynamicThreshold="17" maxThreshold="32" />
  <references type="weak" candidates="119" cleared="118" enqueued="0" />
</gc-op>
<gc-end id="4724" type="scavenge" contextid="4720" durationms="98.274" usertimems="698.123" systemtimems="0.000" timestamp="2020-09-11T10:03:01.745" activeThreads="8">
  <mem-info id="4725" free="827497288" total="2761883648" percent="29">
    <mem type="nursery" free="698475512" total="939524096" percent="74">
      <mem type="allocate" free="698475512" total="807010304" percent="86" />
      <mem type="survivor" free="0" total="132513792" percent="0" />
    </mem>
    <mem type="tenure" free="129021776" total="1822359552" percent="7" macro-fragmented="0">
      <mem type="soa" free="74350416" total="1767688192" percent="4" />
      <mem type="loa" free="54671360" total="54671360" percent="100" />
    </mem>
    <remembered-set count="29978" />
  </mem-info>
</gc-end>
<cycle-end id="4726" type="scavenge" contextid="4720" timestamp="2020-09-11T10:03:01.749" />
<allocation-satisfied id="4727" threadId="000000000085F900" bytesRequested="16" />
<af-end id="4728" timestamp="2020-09-11T10:03:01.749" threadId="0000000000860280" success="true" from="nursery"/>
<exclusive-end id="4729" timestamp="2020-09-11T10:03:01.749" durationms="103.601" />

<exclusive-start id="4730" timestamp="2020-09-11T10:03:03.749" intervalms="2103.382">
  <response-info timems="1.031" idlems="1.031" threads="0" lastid="000000000078AB00" lastname="Group1.Backend.CompositeBackend{Tier1}.1" />
</exclusive-start>
<af-start id="4731" threadId="000000000078B480" totalBytesRequested="131080" timestamp="2020-09-11T10:03:03.750" intervalms="2103.625" type="nursery" />
<cycle-start id="4732" type="scavenge" contextid="0" timestamp="2020-09-11T10:03:03.750" intervalms="2103.661" />
<gc-start id="4733" type="scavenge" contextid="4732" timestamp="2020-09-11T10:03:03.750">
  <mem-info id="4734" free="129149344" total="2761883648" percent="4">
    <mem type="nursery" free="127568" total="939524096" percent="0">
      <mem type="allocate" free="127568" total="807010304" percent="0" />
      <mem type="survivor" free="0" total="132513792" percent="0" />
    </mem>
    <mem type="tenure" free="129021776" total="1822359552" percent="7">
      <mem type="soa" free="74350416" total="1767688192" percent="4" />
      <mem type="loa" free="54671360" total="54671360" percent="100" />
    </mem>
    <remembered-set count="194275" />
  </mem-info>
</gc-start>
<allocation-stats totalBytes="698010512" >
  <allocated-bytes non-tlh="34918824" tlh="663091688" />
  <largest-consumer threadName="Group1.Backend.CompositeBackend{Tier1}.8" threadId="000000000084FB00" bytes="99646144" />
</allocation-stats>
<gc-op id="4735" type="scavenge" timems="111.122" contextid="4732" timestamp="2020-09-11T10:03:03.861">
  <scavenger-info tenureage="3" tenuremask="7ff8" tiltratio="85" />
  <memory-copied type="nursery" objects="4077853" bytes="109250952" bytesdiscarded="177000" />
  <memory-copied type="tenure" objects="1104468" bytes="29710896" bytesdiscarded="59008" />
  <ownableSynchronizers candidates="4465" cleared="4164" />
  <references type="soft" candidates="238" cleared="0" enqueued="0" dynamicThreshold="17" maxThreshold="32" />
  <references type="weak" candidates="117" cleared="117" enqueued="0" />
</gc-op>
<gc-end id="4736" type="scavenge" contextid="4732" durationms="112.204" usertimems="844.549" systemtimems="17.334" timestamp="2020-09-11T10:03:03.862" activeThreads="8">
  <mem-info id="4737" free="798520376" total="2761883648" percent="28">
    <mem type="nursery" free="699269624" total="939524096" percent="74">
      <mem type="allocate" free="699269624" total="808779776" percent="86" />
      <mem type="survivor" free="0" total="130744320" percent="0" />
    </mem>
    <mem type="tenure" free="99250752" total="1822359552" percent="5" macro-fragmented="0">
      <mem type="soa" free="44579392" total="1767688192" percent="2" />
      <mem type="loa" free="54671360" total="54671360" percent="100" />
    </mem>
    <remembered-set count="31712" />
  </mem-info>
</gc-end>
<cycle-end id="4738" type="scavenge" contextid="4732" timestamp="2020-09-11T10:03:03.867" />
<allocation-satisfied id="4739" threadId="000000000078AB00" bytesRequested="131080" />
<af-end id="4740" timestamp="2020-09-11T10:03:03.867" threadId="000000000078B480" success="true" from="nursery"/>
<exclusive-end id="4741" timestamp="2020-09-11T10:03:03.867" durationms="118.382" />

<exclusive-start id="4742" timestamp="2020-09-11T10:03:05.873" intervalms="2123.892">
  <response-info timems="0.560" idlems="0.263" threads="2" lastid="00000000007C9200" lastname="Group1.Backend.CompositeBackend{Tier1}.2" />
</exclusive-start>
<af-start id="4743" threadId="000000000089D180" totalBytesRequested="32" timestamp="2020-09-11T10:03:05.873" intervalms="2123.671" type="nursery" />
<cycle-start id="4744" type="scavenge" contextid="0" timestamp="2020-09-11T10:03:05.873" intervalms="2123.646" />
<gc-start id="4745" type="scavenge" contextid="4744" timestamp="2020-09-11T10:03:05.874">
  <mem-info id="4746" free="99250752" total="2761883648" percent="3">
    <mem type="nursery" free="0" total="939524096" percent="0">
      <mem type="allocate" free="0" total="808779776" percent="0" />
      <mem type="survivor" free="0" total="130744320" percent="0" />
    </mem>
    <mem type="tenure" free="99250752" total="1822359552" percent="5">
      <mem type="soa" free="44579392" total="1767688192" percent="2" />
      <mem type="loa" free="54671360" total="54671360" percent="100" />
    </mem>
    <remembered-set count="196938" />
  </mem-info>
</gc-start>
<allocation-stats totalBytes="698934784" >
  <allocated-bytes non-tlh="30367176" tlh="668567608" />
  <largest-consumer threadName="Group1.Backend.CompositeBackend{Tier1}.4" threadId="000000000086B200" bytes="91036088" />
</allocation-stats>
<gc-op id="4747" type="scavenge" timems="103.127" contextid="4744" timestamp="2020-09-11T10:03:05.977">
  <scavenger-info tenureage="3" tenuremask="7ff8" tiltratio="86" />
  <memory-copied type="nursery" objects="4151048" bytes="111534240" bytesdiscarded="156768" />
  <memory-copied type="tenure" objects="1031531" bytes="27719872" bytesdiscarded="28344" />
  <ownableSynchronizers candidates="4636" cleared="4345" />
  <references type="soft" candidates="234" cleared="0" enqueued="0" dynamicThreshold="17" maxThreshold="32" />
  <references type="weak" candidates="108" cleared="108" enqueued="0" />
</gc-op>
<gc-end id="4748" type="scavenge" contextid="4744" durationms="103.981" usertimems="783.805" systemtimems="0.000" timestamp="2020-09-11T10:03:05.978" activeThreads="8">
  <mem-info id="4749" free="768817264" total="2761883648" percent="27">
    <mem type="nursery" free="697654240" total="939524096" percent="74">
      <mem type="allocate" free="697654240" total="809435136" percent="86" />
      <mem type="survivor" free="0" total="130088960" percent="0" />
    </mem>
    <mem type="tenure" free="71163024" total="1822359552" percent="3" macro-fragmented="0">
      <mem type="soa" free="16491664" total="1767688192" percent="0" />
      <mem type="loa" free="54671360" total="54671360" percent="100" />
    </mem>
    <remembered-set count="32044" />
  </mem-info>
</gc-end>
<cycle-end id="4750" type="scavenge" contextid="4744" timestamp="2020-09-11T10:03:05.979" />
<allocation-satisfied id="4751" threadId="000000000089C800" bytesRequested="32" />
<af-end id="4752" timestamp="2020-09-11T10:03:05.979" threadId="000000000089D180" success="true" from="nursery"/>
<exclusive-end id="4753" timestamp="2020-09-11T10:03:05.979" durationms="105.990" />

<exclusive-start id="4754" timestamp="2020-09-11T10:03:07.988" intervalms="2114.932">
  <response-info timems="7.427" idlems="7.427" threads="0" lastid="000000000086B200" lastname="Group1.Backend.CompositeBackend{Tier1}.4" />
</exclusive-start>
<af-start id="4755" threadId="000000000086BB80" totalBytesRequested="32" timestamp="2020-09-11T10:03:07.988" intervalms="2115.131" type="nursery" />
<percolate-collect id="4756" from="nursery" to="global" reason="prevent tenure expand" timestamp="2020-09-11T10:03:07.989"/>
<cycle-start id="4757" type="global" contextid="0" timestamp="2020-09-11T10:03:07.989" intervalms="66420.459" />
<gc-start id="4758" type="global" contextid="4757" timestamp="2020-09-11T10:03:07.989">
  <mem-info id="4759" free="71163024" total="2761883648" percent="2">
    <mem type="nursery" free="0" total="939524096" percent="0">
      <mem type="allocate" free="0" total="809435136" percent="0" />
      <mem type="survivor" free="0" total="130088960" percent="0" />
    </mem>
    <mem type="tenure" free="71163024" total="1822359552" percent="3">
      <mem type="soa" free="16491664" total="1767688192" percent="0" />
      <mem type="loa" free="54671360" total="54671360" percent="100" />
    </mem>
    <remembered-set count="196170" />
  </mem-info>
</gc-start>
<allocation-stats totalBytes="697288208" >
  <allocated-bytes non-tlh="33323928" tlh="663964280" />
  <largest-consumer threadName="Group1.Backend.CompositeBackend{Tier1}.6" threadId="000000000088D900" bytes="95686808" />
</allocation-stats>
<heap-resize id="4760" type="loa contract" space="tenure" amount="18224128" count="1" timems="0.000" reason="contract underutilized loa" timestamp="2020-09-11T10:03:07.989" />
<gc-op id="4761" type="mark" timems="558.468" contextid="4757" timestamp="2020-09-11T10:03:08.548">
  <trace-info objectcount="30933220" scancount="29953178" scanbytes="819616972" />
  <finalization candidates="147" enqueued="0" />
  <ownableSynchronizers candidates="592565" cleared="5232" />
  <references type="soft" candidates="716804" cleared="1001" enqueued="999" dynamicThreshold="17" maxThreshold="32" />
  <references type="weak" candidates="4405" cleared="114" enqueued="0" />
  <references type="phantom" candidates="107" cleared="0" enqueued="0" />
  <stringconstants candidates="11149" cleared="7"  />
</gc-op>
<gc-op id="4762" type="sweep" timems="13.747" contextid="4757" timestamp="2020-09-11T10:03:08.561" />
<gc-end id="4763" type="global" contextid="4757" durationms="573.193" usertimems="4351.688" systemtimems="1.904" timestamp="2020-09-11T10:03:08.562" activeThreads="8">
  <mem-info id="4764" free="1606896160" total="2761883648" percent="58">
    <mem type="nursery" free="615624416" total="939524096" percent="65">
      <mem type="allocate" free="615624416" total="809435136" percent="76" />
      <mem type="survivor" free="0" total="130088960" percent="0" />
    </mem>
    <mem type="tenure" free="991271744" total="1822359552" percent="54" micro-fragmented="77391155" macro-fragmented="0">
      <mem type="soa" free="954824512" total="1785912320" percent="53" />
      <mem type="loa" free="36447232" total="36447232" percent="100" />
    </mem>
    <pending-finalizers system="0" default="0" reference="999" classloader="0" />
    <remembered-set count="190535" />
  </mem-info>
</gc-end>
<cycle-end id="4765" type="global" contextid="4757" timestamp="2020-09-11T10:03:08.563" />
<allocation-satisfied id="4766" threadId="000000000086B200" bytesRequested="32" />
<af-end id="4767" timestamp="2020-09-11T10:03:08.563" threadId="000000000086BB80" success="true" from="nursery"/>
<exclusive-end id="4768" timestamp="2020-09-11T10:03:08.563" durationms="575.154" />

<exclusive-start id="4769" timestamp="2020-09-11T10:03:09.700" intervalms="1711.938">
  <response-info timems="1.086" idlems="1.086" threads="0" lastid="000000000088D900" lastname="Group1.Backend.CompositeBackend{Tier1}.6" />
</exclusive-start>
<af-start id="4770" threadId="000000000088E280" totalBytesRequested="524296" timestamp="2020-09-11T10:03:09.700" intervalms="1711.983" type="nursery" />
<cycle-start id="4771" type="scavenge" contextid="0" timestamp="2020-09-11T10:03:09.701" intervalms="3827.161" />
<gc-start id="4772" type="scavenge" contextid="4771" timestamp="2020-09-11T10:03:09.701">
  <mem-info id="4773" free="1048645128" total="2761883648" percent="37">
    <mem type="nursery" free="57374184" total="939524096" percent="6">
      <mem type="allocate" free="57374184" total="809435136" percent="7" />
      <mem type="survivor" free="0" total="130088960" percent="0" />
    </mem>
    <mem type="tenure" free="991270944" total="1822359552" percent="54">
      <mem type="soa" free="954823712" total="1785912320" percent="53" />
      <mem type="loa" free="36447232" total="36447232" percent="100" />
    </mem>
    <remembered-set count="242096" />
  </mem-info>
</gc-start>
<allocation-stats totalBytes="556224008" >
  <allocated-bytes non-tlh="28631968" tlh="527592040" />
  <largest-consumer threadName="Group1.Backend.CompositeBackend{Tier1}.5" threadId="000000000087A000" bytes="86579744" />
</allocation-stats>
<gc-op id="4774" type="scavenge" timems="148.305" contextid="4771" timestamp="2020-09-11T10:03:09.849">
  <scavenger-info tenureage="3" tenuremask="7ff8" tiltratio="86" />
  <memory-copied type="nursery" objects="4844562" bytes="129916872" bytesdiscarded="39712" />
  <memory-copied type="tenure" objects="1312893" bytes="35091032" bytesdiscarded="122512" />
  <copy-failed type="nursery" objects="275542" bytes="7215240" />
  <ownableSynchronizers candidates="1177543" cleared="1177195" />
  <references type="soft" candidates="233" cleared="0" enqueued="0" dynamicThreshold="17" maxThreshold="32" />
  <references type="weak" candidates="98" cleared="97" enqueued="0" />
</gc-op>
<gc-end id="4775" type="scavenge" contextid="4771" durationms="149.328" usertimems="1135.167" systemtimems="12.683" timestamp="2020-09-11T10:03:09.850" activeThreads="8">
  <mem-info id="4776" free="1583053440" total="2761883648" percent="57">
    <mem type="nursery" free="627113984" total="939524096" percent="66">
      <mem type="allocate" free="627113984" total="757202944" percent="82" />
      <mem type="survivor" free="0" total="182321152" percent="0" />
    </mem>
    <mem type="tenure" free="955939456" total="1822359552" percent="52" macro-fragmented="0">
      <mem type="soa" free="919492224" total="1785912320" percent="51" />
      <mem type="loa" free="36447232" total="36447232" percent="100" />
    </mem>
    <remembered-set count="42216" />
  </mem-info>
</gc-end>
<cycle-end id="4777" type="scavenge" contextid="4771" timestamp="2020-09-11T10:03:09.851" />
<allocation-satisfied id="4778" threadId="000000000088D900" bytesRequested="524296" />
<af-end id="4779" timestamp="2020-09-11T10:03:09.851" threadId="000000000088E280" success="true" from="nursery"/>
<exclusive-end id="4780" timestamp="2020-09-11T10:03:09.851" durationms="151.688" />

<exclusive-start id="4781" timestamp="2020-09-11T10:03:11.553" intervalms="1853.371">
  <response-info timems="0.262" idlems="0.262" threads="0" lastid="000000000085F900" lastname="Group1.Backend.CompositeBackend{Tier1}.3" />
</exclusive-start>
<af-start id="4782" threadId="0000000000860280" totalBytesRequested="32" timestamp="2020-09-11T10:03:11.554" intervalms="1853.204" type="nursery" />
<cycle-start id="4783" type="scavenge" contextid="0" timestamp="2020-09-11T10:03:11.554" intervalms="1853.166" />
<gc-start id="4784" type="scavenge" contextid="4783" timestamp="2020-09-11T10:03:11.554">
  <mem-info id="4785" free="955939456" total="2761883648" percent="34">
    <mem type="nursery" free="0" total="939524096" percent="0">
      <mem type="allocate" free="0" total="757202944" percent="0" />
      <mem type="survivor" free="0" total="182321152" percent="0" />
    </mem>
    <mem type="tenure" free="955939456" total="1822359552" percent="52">
      <mem type="soa" free="919492224" total="1785912320" percent="51" />
      <mem type="loa" free="36447232" total="36447232" percent="100" />
    </mem>
    <remembered-set count="194785" />
  </mem-info>
</gc-start>
<allocation-stats totalBytes="626832864" >
  <allocated-bytes non-tlh="33807896" tlh="593024968" />
  <largest-consumer threadName="Group1.Backend.CompositeBackend{Tier1}.5" threadId="000000000087A000" bytes="88939184" />
</allocation-stats>
<gc-op id="4786" type="scavenge" timems="114.349" contextid="4783" timestamp="2020-09-11T10:03:11.668">
  <scavenger-info tenureage="3" tenuremask="7ff8" tiltratio="80" />
  <memory-copied type="nursery" objects="4983701" bytes="132992040" bytesdiscarded="138944" />
  <memory-copied type="tenure" objects="957037" bytes="25799760" bytesdiscarded="72160" />
  <ownableSynchronizers candidates="3330" cleared="3088" />
  <references type="soft" candidates="227" cleared="0" enqueued="0" dynamicThreshold="17" maxThreshold="32" />
  <references type="weak" candidates="117" cleared="117" enqueued="0" />
</gc-op>
<gc-end id="4787" type="scavenge" contextid="4783" durationms="115.149" usertimems="823.522" systemtimems="2.693" timestamp="2020-09-11T10:03:11.669" activeThreads="8">
  <mem-info id="4788" free="1559703016" total="2761883648" percent="56">
    <mem type="nursery" free="629759864" total="939524096" percent="67">
      <mem type="allocate" free="629759864" total="762970112" percent="82" />
      <mem type="survivor" free="0" total="176553984" percent="0" />
    </mem>
    <mem type="tenure" free="929943152" total="1822359552" percent="51" macro-fragmented="0">
      <mem type="soa" free="893495920" total="1785912320" percent="50" />
      <mem type="loa" free="36447232" total="36447232" percent="100" />
    </mem>
    <remembered-set count="39576" />
  </mem-info>
</gc-end>
<cycle-end id="4789" type="scavenge" contextid="4783" timestamp="2020-09-11T10:03:11.670" />
<allocation-satisfied id="4790" threadId="000000000085F900" bytesRequested="32" />
<af-end id="4791" timestamp="2020-09-11T10:03:11.670" threadId="0000000000860280" success="true" from="nursery"/>
<exclusive-end id="4792" timestamp="2020-09-11T10:03:11.670" durationms="116.891" />

<exclusive-start id="4793" timestamp="2020-09-11T10:03:13.395" intervalms="1842.483">
  <response-info timems="0.331" idlems="0.331" threads="0" lastid="000000000086B200" lastname="Group1.Backend.CompositeBackend{Tier1}.4" />
</exclusive-start>
<af-start id="4794" threadId="000000000086BB80" totalBytesRequested="16" timestamp="2020-09-11T10:03:13.396" intervalms="1842.388" type="nursery" />
<cycle-start id="4795" type="scavenge" contextid="0" timestamp="2020-09-11T10:03:13.396" intervalms="1842.383" />
<gc-start id="4796" type="scavenge" contextid="4795" timestamp="2020-09-11T10:03:13.396">
  <mem-info id="4797" free="929943152" total="2761883648" percent="33">
    <mem type="nursery" free="0" total="939524096" percent="0">
      <mem type="allocate" free="0" total="762970112" percent="0" />
      <mem type="survivor" free="0" total="176553984" percent="0" />
    </mem>
    <mem type="tenure" free="929943152" total="1822359552" percent="51">
      <mem type="soa" free="893495920" total="1785912320" percent="50" />
      <mem type="loa" free="36447232" total="36447232" percent="100" />
    </mem>
    <remembered-set count="191688" />
  </mem-info>
</gc-start>
<allocation-stats totalBytes="629471616" >
  <allocated-bytes non-tlh="32948888" tlh="596522728" />
  <largest-consumer threadName="Group1.Backend.CompositeBackend{Tier1}.5" threadId="000000000087A000" bytes="92825280" />
</allocation-stats>
<gc-op id="4798" type="scavenge" timems="106.599" contextid="4795" timestamp="2020-09-11T10:03:13.503">
  <scavenger-info tenureage="3" tenuremask="7ff8" tiltratio="81" />
  <memory-copied type="nursery" objects="5059870" bytes="133889536" bytesdiscarded="156064" />
  <memory-copied type="tenure" objects="995892" bytes="26843536" bytesdiscarded="93424" />
  <ownableSynchronizers candidates="3991" cleared="3754" />
  <references type="soft" candidates="217" cleared="0" enqueued="0" dynamicThreshold="17" maxThreshold="32" />
  <references type="weak" candidates="123" cleared="123" enqueued="0" />
</gc-op>
<gc-end id="4799" type="scavenge" contextid="4795" durationms="107.676" usertimems="835.721" systemtimems="5.974" timestamp="2020-09-11T10:03:13.504" activeThreads="8">
  <mem-info id="4800" free="1537011264" total="2761883648" percent="55">
    <mem type="nursery" free="633961704" total="939524096" percent="67">
      <mem type="allocate" free="633961704" total="768081920" percent="82" />
      <mem type="survivor" free="0" total="171442176" percent="0" />
    </mem>
    <mem type="tenure" free="903049560" total="1822359552" percent="49" macro-fragmented="0">
      <mem type="soa" free="866602328" total="1785912320" percent="48" />
      <mem type="loa" free="36447232" total="36447232" percent="100" />
    </mem>
    <remembered-set count="36418" />
  </mem-info>
</gc-end>
<cycle-end id="4801" type="scavenge" contextid="4795" timestamp="2020-09-11T10:03:13.505" />
<allocation-satisfied id="4802" threadId="000000000086B200" bytesRequested="16" />
<af-end id="4803" timestamp="2020-09-11T10:03:13.505" threadId="000000000086BB80" success="true" from="nursery"/>
<exclusive-end id="4804" timestamp="2020-09-11T10:03:13.505" durationms="109.651" />

<exclusive-start id="4805" timestamp="2020-09-11T10:03:15.419" intervalms="2023.413">
  <response-info timems="0.843" idlems="0.843" threads="0" lastid="000000000084FB00" lastname="Group1.Backend.CompositeBackend{Tier1}.8" />
</exclusive-start>
<af-start id="4806" threadId="0000000000850480" totalBytesRequested="344" timestamp="2020-09-11T10:03:15.420" intervalms="2023.470" type="nursery" />
<cycle-start id="4807" type="scavenge" contextid="0" timestamp="2020-09-11T10:03:15.420" intervalms="2023.463" />
<gc-start id="4808" type="scavenge" contextid="4807" timestamp="2020-09-11T10:03:15.420">
  <mem-info id="4809" free="903049560" total="2761883648" percent="32">
    <mem type="nursery" free="0" total="939524096" percent="0">
      <mem type="allocate" free="0" total="768081920" percent="0" />
      <mem type="survivor" free="0" total="171442176" percent="0" />
    </mem>
    <mem type="tenure" free="903049560" total="1822359552" percent="49">
      <mem type="soa" free="866602328" total="1785912320" percent="48" />
      <mem type="loa" free="36447232" total="36447232" percent="100" />
    </mem>
    <remembered-set count="196275" />
  </mem-info>
</gc-start>
<allocation-stats totalBytes="633638080" >
  <allocated-bytes non-tlh="25347624" tlh="608290456" />
  <largest-consumer threadName="Group1.Backend.CompositeBackend{Tier1}.5" threadId="000000000087A000" bytes="97027704" />
</allocation-stats>
<gc-op id="4810" type="scavenge" timems="107.623" contextid="4807" timestamp="2020-09-11T10:03:15.528">
  <scavenger-info tenureage="3" tenuremask="7ff8" tiltratio="81" />
  <memory-copied type="nursery" objects="3795539" bytes="101740000" bytesdiscarded="182000" />
  <memory-copied type="tenure" objects="1867113" bytes="50340456" bytesdiscarded="113624" />
  <ownableSynchronizers candidates="3463" cleared="3219" />
  <references type="soft" candidates="178" cleared="0" enqueued="0" dynamicThreshold="17" maxThreshold="32" />
  <references type="weak" candidates="113" cleared="112" enqueued="0" />
</gc-op>
<gc-end id="4811" type="scavenge" contextid="4807" durationms="108.520" usertimems="806.249" systemtimems="5.751" timestamp="2020-09-11T10:03:15.528" activeThreads="8">
  <mem-info id="4812" free="1522940464" total="2761883648" percent="55">
    <mem type="nursery" free="670338304" total="939524096" percent="71">
      <mem type="allocate" free="670338304" total="772341760" percent="86" />
      <mem type="survivor" free="0" total="167182336" percent="0" />
    </mem>
    <mem type="tenure" free="852602160" total="1822359552" percent="46" macro-fragmented="0">
      <mem type="soa" free="816154928" total="1785912320" percent="45" />
      <mem type="loa" free="36447232" total="36447232" percent="100" />
    </mem>
    <remembered-set count="27612" />
  </mem-info>
</gc-end>
<cycle-end id="4813" type="scavenge" contextid="4807" timestamp="2020-09-11T10:03:15.529" />
<allocation-satisfied id="4814" threadId="000000000084FB00" bytesRequested="344" />
<af-end id="4815" timestamp="2020-09-11T10:03:15.530" threadId="0000000000850480" success="true" from="nursery"/>
<exclusive-end id="4816" timestamp="2020-09-11T10:03:15.530" durationms="110.889" />

<exclusive-start id="4817" timestamp="2020-09-11T10:03:17.391" intervalms="1971.955">
  <response-info timems="0.387" idlems="0.387" threads="0" lastid="000000000086B200" lastname="Group1.Backend.CompositeBackend{Tier1}.4" />
</exclusive-start>
<af-start id="4818" threadId="000000000086BB80" totalBytesRequested="131080" timestamp="2020-09-11T10:03:17.392" intervalms="1972.456" type="nursery" />
<cycle-start id="4819" type="scavenge" contextid="0" timestamp="2020-09-11T10:03:17.392" intervalms="1972.498" />
<gc-start id="4820" type="scavenge" contextid="4819" timestamp="2020-09-11T10:03:17.393">
  <mem-info id="4821" free="852620896" total="2761883648" percent="30">
    <mem type="nursery" free="18736" total="939524096" percent="0">
      <mem type="allocate" free="18736" total="772341760" percent="0" />
      <mem type="survivor" free="0" total="167182336" percent="0" />
    </mem>
    <mem type="tenure" free="852602160" total="1822359552" percent="46">
      <mem type="soa" free="816154928" total="1785912320" percent="45" />
      <mem type="loa" free="36447232" total="36447232" percent="100" />
    </mem>
    <remembered-set count="187444" />
  </mem-info>
</gc-start>
<allocation-stats totalBytes="670015136" >
  <allocated-bytes non-tlh="33461200" tlh="636553936" />
  <largest-consumer threadName="Group1.Backend.CompositeBackend{Tier1}.7" threadId="000000000089C800" bytes="89375696" />
</allocation-stats>
<gc-op id="4822" type="scavenge" timems="110.604" contextid="4819" timestamp="2020-09-11T10:03:17.503">
  <scavenger-info tenureage="3" tenuremask="7ff8" tiltratio="82" />
  <memory-copied type="nursery" objects="4198163" bytes="111883784" bytesdiscarded="228448" />
  <memory-copied type="tenure" objects="1010469" bytes="27160616" bytesdiscarded="88888" />
  <ownableSynchronizers candidates="3315" cleared="3085" />
  <references type="soft" candidates="169" cleared="0" enqueued="0" dynamicThreshold="17" maxThreshold="32" />
  <references type="weak" candidates="108" cleared="108" enqueued="0" />
</gc-op>
<gc-end id="4823" type="scavenge" contextid="4819" durationms="111.470" usertimems="817.273" systemtimems="5.833" timestamp="2020-09-11T10:03:17.504" activeThreads="8">
  <mem-info id="4824" free="1491564608" total="2761883648" percent="54">
    <mem type="nursery" free="666242200" total="939524096" percent="70">
      <mem type="allocate" free="666242200" total="778436608" percent="85" />
      <mem type="survivor" free="0" total="161087488" percent="0" />
    </mem>
    <mem type="tenure" free="825322408" total="1822359552" percent="45" macro-fragmented="0">
      <mem type="soa" free="788875176" total="1785912320" percent="44" />
      <mem type="loa" free="36447232" total="36447232" percent="100" />
    </mem>
    <remembered-set count="27914" />
  </mem-info>
</gc-end>
<cycle-end id="4825" type="scavenge" contextid="4819" timestamp="2020-09-11T10:03:17.505" />
<allocation-satisfied id="4826" threadId="000000000086B200" bytesRequested="131080" />
<af-end id="4827" timestamp="2020-09-11T10:03:17.505" threadId="000000000086BB80" success="true" from="nursery"/>
<exclusive-end id="4828" timestamp="2020-09-11T10:03:17.505" durationms="113.913" />

<exclusive-start id="4829" timestamp="2020-09-11T10:03:19.505" intervalms="2113.978">
  <response-info timems="0.292" idlems="0.292" threads="0" lastid="000000000084FB00" lastname="Group1.Backend.CompositeBackend{Tier1}.8" />
</exclusive-start>
<af-start id="4830" threadId="0000000000850480" totalBytesRequested="656" timestamp="2020-09-11T10:03:19.506" intervalms="2113.555" type="nursery" />
<cycle-start id="4831" type="scavenge" contextid="0" timestamp="2020-09-11T10:03:19.506" intervalms="2113.523" />
<gc-start id="4832" type="scavenge" contextid="4831" timestamp="2020-09-11T10:03:19.506">
  <mem-info id="4833" free="825322408" total="2761883648" percent="29">
    <mem type="nursery" free="0" total="939524096" percent="0">
      <mem type="allocate" free="0" total="778436608" percent="0" />
      <mem type="survivor" free="0" total="161087488" percent="0" />
    </mem>
    <mem type="tenure" free="825322408" total="1822359552" percent="45">
      <mem type="soa" free="788875176" total="1785912320" percent="44" />
      <mem type="loa" free="36447232" total="36447232" percent="100" />
    </mem>
    <remembered-set count="191599" />
  </mem-info>
</gc-start>
<allocation-stats totalBytes="665916000" >
  <allocated-bytes non-tlh="24980568" tlh="640935432" />
  <largest-consumer threadName="Group1.Backend.CompositeBackend{Tier1}.7" threadId="000000000089C800" bytes="81116608" />
</allocation-stats>
<gc-op id="4834" type="scavenge" timems="112.491" contextid="4831" timestamp="2020-09-11T10:03:19.619">
  <scavenger-info tenureage="3" tenuremask="7ff8" tiltratio="82" />
  <memory-copied type="nursery" objects="4612135" bytes="120790088" bytesdiscarded="185560" />
  <memory-copied type="tenure" objects="959838" bytes="25824040" bytesdiscarded="80728" />
  <ownableSynchronizers candidates="5009" cleared="4759" />
  <references type="soft" candidates="175" cleared="0" enqueued="0" dynamicThreshold="17" maxThreshold="32" />
  <references type="weak" candidates="94" cleared="93" enqueued="0" />
</gc-op>
<gc-end id="4835" type="scavenge" contextid="4831" durationms="113.468" usertimems="866.326" systemtimems="0.000" timestamp="2020-09-11T10:03:19.619" activeThreads="8">
  <mem-info id="4836" free="1460014032" total="2761883648" percent="52">
    <mem type="nursery" free="660518640" total="939524096" percent="70">
      <mem type="allocate" free="660518640" total="781582336" percent="84" />
      <mem type="survivor" free="0" total="157941760" percent="0" />
    </mem>
    <mem type="tenure" free="799495392" total="1822359552" percent="43" macro-fragmented="0">
      <mem type="soa" free="763048160" total="1785912320" percent="42" />
      <mem type="loa" free="36447232" total="36447232" percent="100" />
    </mem>
    <remembered-set count="30290" />
  </mem-info>
</gc-end>
<cycle-end id="4837" type="scavenge" contextid="4831" timestamp="2020-09-11T10:03:19.620" />
<allocation-satisfied id="4838" threadId="000000000084FB00" bytesRequested="656" />
<af-end id="4839" timestamp="2020-09-11T10:03:19.620" threadId="0000000000850480" success="true" from="nursery"/>
<exclusive-end id="4840" timestamp="2020-09-11T10:03:19.620" durationms="115.543" />

<exclusive-start id="4841" timestamp="2020-09-11T10:03:21.494" intervalms="1989.339">
  <response-info timems="0.498" idlems="0.498" threads="0" lastid="0000000000ABCD00" lastname="Group1.Backend.CompositeBackend{Tier3}.6" />
</exclusive-start>
<af-start id="4842" threadId="0000000000ABD680" totalBytesRequested="16" timestamp="2020-09-11T10:03:21.495" intervalms="1989.417" type="nursery" />
<cycle-start id="4843" type="scavenge" contextid="0" timestamp="2020-09-11T10:03:21.495" intervalms="1989.434" />
<gc-start id="4844" type="scavenge" contextid="4843" timestamp="2020-09-11T10:03:21.496">
  <mem-info id="4845" free="799495392" total="2761883648" percent="28">
    <mem type="nursery" free="0" total="939524096" percent="0">
      <mem type="allocate" free="0" total="781582336" percent="0" />
      <mem type="survivor" free="0" total="157941760" percent="0" />
    </mem>
    <mem type="tenure" free="799495392" total="1822359552" percent="43">
      <mem type="soa" free="763048160" total="1785912320" percent="42" />
      <mem type="loa" free="36447232" total="36447232" percent="100" />
    </mem>
    <remembered-set count="188559" />
  </mem-info>
</gc-start>
<allocation-stats totalBytes="660201976" >
  <allocated-bytes non-tlh="34981640" tlh="625220336" />
  <largest-consumer threadName="Group1.Backend.CompositeBackend{Tier1}.2" threadId="00000000007C9200" bytes="81488496" />
</allocation-stats>
<gc-op id="4846" type="scavenge" timems="100.675" contextid="4843" timestamp="2020-09-11T10:03:21.596">
  <scavenger-info tenureage="3" tenuremask="7ff8" tiltratio="83" />
  <memory-copied type="nursery" objects="4016835" bytes="107684008" bytesdiscarded="322312" />
  <memory-copied type="tenure" objects="1062819" bytes="28562728" bytesdiscarded="92184" />
  <ownableSynchronizers candidates="4013" cleared="3757" />
  <references type="soft" candidates="186" cleared="0" enqueued="0" dynamicThreshold="17" maxThreshold="32" />
  <references type="weak" candidates="123" cleared="123" enqueued="0" />
</gc-op>
<gc-end id="4847" type="scavenge" contextid="4843" durationms="101.945" usertimems="774.564" systemtimems="9.037" timestamp="2020-09-11T10:03:21.597" activeThreads="8">
  <mem-info id="4848" free="1448795400" total="2761883648" percent="52">
    <mem type="nursery" free="678015232" total="939524096" percent="72">
      <mem type="allocate" free="678015232" total="786104320" percent="86" />
      <mem type="survivor" free="0" total="153419776" percent="0" />
    </mem>
    <mem type="tenure" free="770780168" total="1822359552" percent="42" macro-fragmented="0">
      <mem type="soa" free="734332936" total="1785912320" percent="41" />
      <mem type="loa" free="36447232" total="36447232" percent="100" />
    </mem>
    <remembered-set count="29624" />
  </mem-info>
</gc-end>
<cycle-end id="4849" type="scavenge" contextid="4843" timestamp="2020-09-11T10:03:21.598" />
<allocation-satisfied id="4850" threadId="0000000000ABCD00" bytesRequested="16" />
<af-end id="4851" timestamp="2020-09-11T10:03:21.599" threadId="0000000000ABD680" success="true" from="nursery"/>
<exclusive-end id="4852" timestamp="2020-09-11T10:03:21.599" durationms="104.396" />

<exclusive-start id="4853" timestamp="2020-09-11T10:03:23.499" intervalms="2005.059">
  <response-info timems="0.536" idlems="0.381" threads="1" lastid="000000000078AB00" lastname="Group1.Backend.CompositeBackend{Tier1}.1" />
</exclusive-start>
<af-start id="4854" threadId="000000000087A980" totalBytesRequested="56" timestamp="2020-09-11T10:03:23.500" intervalms="2004.951" type="nursery" />
<cycle-start id="4855" type="scavenge" contextid="0" timestamp="2020-09-11T10:03:23.500" intervalms="2004.928" />
<gc-start id="4856" type="scavenge" contextid="4855" timestamp="2020-09-11T10:03:23.500">
  <mem-info id="4857" free="770780168" total="2761883648" percent="27">
    <mem type="nursery" free="0" total="939524096" percent="0">
      <mem type="allocate" free="0" total="786104320" percent="0" />
      <mem type="survivor" free="0" total="153419776" percent="0" />
    </mem>
    <mem type="tenure" free="770780168" total="1822359552" percent="42">
      <mem type="soa" free="734332936" total="1785912320" percent="41" />
      <mem type="loa" free="36447232" total="36447232" percent="100" />
    </mem>
    <remembered-set count="187091" />
  </mem-info>
</gc-start>
<allocation-stats totalBytes="677704056" >
  <allocated-bytes non-tlh="38513360" tlh="639190696" />
  <largest-consumer threadName="Group1.Backend.CompositeBackend{Tier1}.3" threadId="000000000085F900" bytes="83853096" />
</allocation-stats>
<gc-op id="4858" type="scavenge" timems="113.832" contextid="4855" timestamp="2020-09-11T10:03:23.614">
  <scavenger-info tenureage="3" tenuremask="7ff8" tiltratio="83" />
  <memory-copied type="nursery" objects="4217761" bytes="112314664" bytesdiscarded="148640" />
  <memory-copied type="tenure" objects="1060596" bytes="28514096" bytesdiscarded="85608" />
  <ownableSynchronizers candidates="4575" cleared="4295" />
  <references type="soft" candidates="201" cleared="0" enqueued="0" dynamicThreshold="17" maxThreshold="32" />
  <references type="weak" candidates="129" cleared="126" enqueued="0" />
</gc-op>
<gc-end id="4859" type="scavenge" contextid="4855" durationms="114.708" usertimems="847.783" systemtimems="18.865" timestamp="2020-09-11T10:03:23.615" activeThreads="8">
  <mem-info id="4860" free="1420295616" total="2761883648" percent="51">
    <mem type="nursery" free="678080720" total="939524096" percent="72">
      <mem type="allocate" free="678080720" total="790626304" percent="85" />
      <mem type="survivor" free="0" total="148897792" percent="0" />
    </mem>
    <mem type="tenure" free="742214896" total="1822359552" percent="40" macro-fragmented="0">
      <mem type="soa" free="705767664" total="1785912320" percent="39" />
      <mem type="loa" free="36447232" total="36447232" percent="100" />
    </mem>
    <remembered-set count="28576" />
  </mem-info>
</gc-end>
<cycle-end id="4861" type="scavenge" contextid="4855" timestamp="2020-09-11T10:03:23.616" />
<allocation-satisfied id="4862" threadId="000000000087A000" bytesRequested="56" />
<af-end id="4863" timestamp="2020-09-11T10:03:23.616" threadId="000000000087A980" success="true" from="nursery"/>
<exclusive-end id="4864" timestamp="2020-09-11T10:03:23.616" durationms="116.725" />

<exclusive-start id="4865" timestamp="2020-09-11T10:03:25.570" intervalms="2071.182">
  <response-info timems="0.319" idlems="0.319" threads="0" lastid="000000000087A000" lastname="Group1.Backend.CompositeBackend{Tier1}.5" />
</exclusive-start>
<af-start id="4866" threadId="000000000087A980" totalBytesRequested="131080" timestamp="2020-09-11T10:03:25.571" intervalms="2071.112" type="nursery" />
<cycle-start id="4867" type="scavenge" contextid="0" timestamp="2020-09-11T10:03:25.571" intervalms="2071.114" />
<gc-start id="4868" type="scavenge" contextid="4867" timestamp="2020-09-11T10:03:25.571">
  <mem-info id="4869" free="742214896" total="2761883648" percent="26">
    <mem type="nursery" free="0" total="939524096" percent="0">
      <mem type="allocate" free="0" total="790626304" percent="0" />
      <mem type="survivor" free="0" total="148897792" percent="0" />
    </mem>
    <mem type="tenure" free="742214896" total="1822359552" percent="40">
      <mem type="soa" free="705767664" total="1785912320" percent="39" />
      <mem type="loa" free="36447232" total="36447232" percent="100" />
    </mem>
    <remembered-set count="190727" />
  </mem-info>
</gc-start>
<allocation-stats totalBytes="677751032" >
  <allocated-bytes non-tlh="30390976" tlh="647360056" />
  <largest-consumer threadName="Group1.Backend.CompositeBackend{Tier1}.2" threadId="00000000007C9200" bytes="82968136" />
</allocation-stats>
<gc-op id="4870" type="scavenge" timems="110.773" contextid="4867" timestamp="2020-09-11T10:03:25.682">
  <scavenger-info tenureage="3" tenuremask="7ff8" tiltratio="84" />
  <memory-copied type="nursery" objects="4431400" bytes="117143528" bytesdiscarded="158320" />
  <memory-copied type="tenure" objects="1115383" bytes="29998768" bytesdiscarded="95200" />
  <ownableSynchronizers candidates="3783" cleared="3489" />
  <references type="soft" candidates="211" cleared="0" enqueued="0" dynamicThreshold="17" maxThreshold="32" />
  <references type="weak" candidates="98" cleared="98" enqueued="0" />
</gc-op>
<gc-end id="4871" type="scavenge" contextid="4867" durationms="111.726" usertimems="835.610" systemtimems="1.177" timestamp="2020-09-11T10:03:25.683" activeThreads="8">
  <mem-info id="4872" free="1387558544" total="2761883648" percent="50">
    <mem type="nursery" free="675659720" total="939524096" percent="71">
      <mem type="allocate" free="675659720" total="793051136" percent="85" />
      <mem type="survivor" free="0" total="146472960" percent="0" />
    </mem>
    <mem type="tenure" free="711898824" total="1822359552" percent="39" macro-fragmented="0">
      <mem type="soa" free="675451592" total="1785912320" percent="37" />
      <mem type="loa" free="36447232" total="36447232" percent="100" />
    </mem>
    <remembered-set count="28028" />
  </mem-info>
</gc-end>
<cycle-end id="4873" type="scavenge" contextid="4867" timestamp="2020-09-11T10:03:25.684" />
<allocation-satisfied id="4874" threadId="000000000087A000" bytesRequested="131080" />
<af-end id="4875" timestamp="2020-09-11T10:03:25.684" threadId="000000000087A980" success="true" from="nursery"/>
<exclusive-end id="4876" timestamp="2020-09-11T10:03:25.684" durationms="113.652" />

<exclusive-start id="4877" timestamp="2020-09-11T10:03:27.599" intervalms="2028.511">
  <response-info timems="0.392" idlems="0.392" threads="0" lastid="000000000086B200" lastname="Group1.Backend.CompositeBackend{Tier1}.4" />
</exclusive-start>
<af-start id="4878" threadId="000000000086BB80" totalBytesRequested="16" timestamp="2020-09-11T10:03:27.600" intervalms="2028.577" type="nursery" />
<cycle-start id="4879" type="scavenge" contextid="0" timestamp="2020-09-11T10:03:27.600" intervalms="2028.583" />
<gc-start id="4880" type="scavenge" contextid="4879" timestamp="2020-09-11T10:03:27.600">
  <mem-info id="4881" free="711898824" total="2761883648" percent="25">
    <mem type="nursery" free="0" total="939524096" percent="0">
      <mem type="allocate" free="0" total="793051136" percent="0" />
      <mem type="survivor" free="0" total="146472960" percent="0" />
    </mem>
    <mem type="tenure" free="711898824" total="1822359552" percent="39">
      <mem type="soa" free="675451592" total="1785912320" percent="37" />
      <mem type="loa" free="36447232" total="36447232" percent="100" />
    </mem>
    <remembered-set count="188767" />
  </mem-info>
</gc-start>
<allocation-stats totalBytes="675331792" >
  <allocated-bytes non-tlh="32925792" tlh="642406000" />
  <largest-consumer threadName="Group1.Backend.CompositeBackend{Tier1}.6" threadId="000000000088D900" bytes="85310776" />
</allocation-stats>
<gc-op id="4882" type="scavenge" timems="103.792" contextid="4879" timestamp="2020-09-11T10:03:27.704">
  <scavenger-info tenureage="3" tenuremask="7ff8" tiltratio="84" />
  <memory-copied type="nursery" objects="4247353" bytes="113008680" bytesdiscarded="206064" />
  <memory-copied type="tenure" objects="1056223" bytes="28394912" bytesdiscarded="96376" />
  <ownableSynchronizers candidates="4245" cleared="3959" />
  <references type="soft" candidates="218" cleared="0" enqueued="0" dynamicThreshold="17" maxThreshold="32" />
  <references type="weak" candidates="107" cleared="107" enqueued="0" />
</gc-op>
<gc-end id="4883" type="scavenge" contextid="4879" durationms="104.920" usertimems="752.829" systemtimems="0.000" timestamp="2020-09-11T10:03:27.705" activeThreads="8">
  <mem-info id="4884" free="1366443920" total="2761883648" percent="49">
    <mem type="nursery" free="682829680" total="939524096" percent="72">
      <mem type="allocate" free="682829680" total="796131328" percent="85" />
      <mem type="survivor" free="0" total="143392768" percent="0" />
    </mem>
    <mem type="tenure" free="683614240" total="1822359552" percent="37" macro-fragmented="0">
      <mem type="soa" free="647167008" total="1785912320" percent="36" />
      <mem type="loa" free="36447232" total="36447232" percent="100" />
    </mem>
    <remembered-set count="27967" />
  </mem-info>
</gc-end>
<cycle-end id="4885" type="scavenge" contextid="4879" timestamp="2020-09-11T10:03:27.706" />
<allocation-satisfied id="4886" threadId="000000000086B200" bytesRequested="16" />
<af-end id="4887" timestamp="2020-09-11T10:03:27.706" threadId="000000000086BB80" success="true" from="nursery"/>
<exclusive-end id="4888" timestamp="2020-09-11T10:03:27.706" durationms="107.005" />

<exclusive-start id="4889" timestamp="2020-09-11T10:03:29.781" intervalms="2182.398">
  <response-info timems="0.276" idlems="0.276" threads="0" lastid="000000000088D900" lastname="Group1.Backend.CompositeBackend{Tier1}.6" />
</exclusive-start>
<af-start id="4890" threadId="000000000088E280" totalBytesRequested="24" timestamp="2020-09-11T10:03:29.782" intervalms="2182.340" type="nursery" />
<cycle-start id="4891" type="scavenge" contextid="0" timestamp="2020-09-11T10:03:29.782" intervalms="2182.364" />
<gc-start id="4892" type="scavenge" contextid="4891" timestamp="2020-09-11T10:03:29.782">
  <mem-info id="4893" free="683614240" total="2761883648" percent="24">
    <mem type="nursery" free="0" total="939524096" percent="0">
      <mem type="allocate" free="0" total="796131328" percent="0" />
      <mem type="survivor" free="0" total="143392768" percent="0" />
    </mem>
    <mem type="tenure" free="683614240" total="1822359552" percent="37">
      <mem type="soa" free="647167008" total="1785912320" percent="36" />
      <mem type="loa" free="36447232" total="36447232" percent="100" />
    </mem>
    <remembered-set count="193871" />
  </mem-info>
</gc-start>
<allocation-stats totalBytes="682495928" >
  <allocated-bytes non-tlh="25493000" tlh="657002928" />
  <largest-consumer threadName="Group1.Backend.CompositeBackend{Tier1}.1" threadId="000000000078AB00" bytes="92334824" />
</allocation-stats>
<gc-op id="4894" type="scavenge" timems="107.107" contextid="4891" timestamp="2020-09-11T10:03:29.890">
  <scavenger-info tenureage="3" tenuremask="7ff8" tiltratio="84" />
  <memory-copied type="nursery" objects="4222331" bytes="112593728" bytesdiscarded="223696" />
  <memory-copied type="tenure" objects="1020918" bytes="27452712" bytesdiscarded="100600" />
  <ownableSynchronizers candidates="3496" cleared="3220" />
  <references type="soft" candidates="201" cleared="0" enqueued="0" dynamicThreshold="17" maxThreshold="32" />
  <references type="weak" candidates="102" cleared="102" enqueued="0" />
</gc-op>
<gc-end id="4895" type="scavenge" contextid="4891" durationms="107.920" usertimems="842.605" systemtimems="1.161" timestamp="2020-09-11T10:03:29.890" activeThreads="8">
  <mem-info id="4896" free="1342671416" total="2761883648" percent="48">
    <mem type="nursery" free="686572536" total="939524096" percent="73">
      <mem type="allocate" free="686572536" total="799473664" percent="85" />
      <mem type="survivor" free="0" total="140050432" percent="0" />
    </mem>
    <mem type="tenure" free="656098880" total="1822359552" percent="36" macro-fragmented="0">
      <mem type="soa" free="619651648" total="1785912320" percent="34" />
      <mem type="loa" free="36447232" total="36447232" percent="100" />
    </mem>
    <remembered-set count="29162" />
  </mem-info>
</gc-end>
<cycle-end id="4897" type="scavenge" contextid="4891" timestamp="2020-09-11T10:03:29.891" />
<allocation-satisfied id="4898" threadId="000000000088D900" bytesRequested="24" />
<af-end id="4899" timestamp="2020-09-11T10:03:29.891" threadId="000000000088E280" success="true" from="nursery"/>
<exclusive-end id="4900" timestamp="2020-09-11T10:03:29.891" durationms="110.168" />

<exclusive-start id="4901" timestamp="2020-09-11T10:03:31.828" intervalms="2046.984">
  <response-info timems="0.350" idlems="0.350" threads="0" lastid="000000000085F900" lastname="Group1.Backend.CompositeBackend{Tier1}.3" />
</exclusive-start>
<af-start id="4902" threadId="0000000000860280" totalBytesRequested="120" timestamp="2020-09-11T10:03:31.829" intervalms="2047.045" type="nursery" />
<cycle-start id="4903" type="scavenge" contextid="0" timestamp="2020-09-11T10:03:31.829" intervalms="2047.024" />
<gc-start id="4904" type="scavenge" contextid="4903" timestamp="2020-09-11T10:03:31.829">
  <mem-info id="4905" free="656098880" total="2761883648" percent="23">
    <mem type="nursery" free="0" total="939524096" percent="0">
      <mem type="allocate" free="0" total="799473664" percent="0" />
      <mem type="survivor" free="0" total="140050432" percent="0" />
    </mem>
    <mem type="tenure" free="656098880" total="1822359552" percent="36">
      <mem type="soa" free="619651648" total="1785912320" percent="34" />
      <mem type="loa" free="36447232" total="36447232" percent="100" />
    </mem>
    <remembered-set count="192559" />
  </mem-info>
</gc-start>
<allocation-stats totalBytes="686255688" >
  <allocated-bytes non-tlh="33611688" tlh="652644000" />
  <largest-consumer threadName="Group1.Backend.CompositeBackend{Tier1}.1" threadId="000000000078AB00" bytes="95421568" />
</allocation-stats>
<gc-op id="4906" type="scavenge" timems="102.713" contextid="4903" timestamp="2020-09-11T10:03:31.932">
  <scavenger-info tenureage="3" tenuremask="7ff8" tiltratio="85" />
  <memory-copied type="nursery" objects="4067823" bytes="109211616" bytesdiscarded="151592" />
  <memory-copied type="tenure" objects="1090288" bytes="29322080" bytesdiscarded="110016" />
  <ownableSynchronizers candidates="2517" cleared="2279" />
  <references type="soft" candidates="190" cleared="0" enqueued="0" dynamicThreshold="17" maxThreshold="32" />
  <references type="weak" candidates="109" cleared="107" enqueued="0" />
</gc-op>
<gc-end id="4907" type="scavenge" contextid="4903" durationms="103.606" usertimems="796.784" systemtimems="7.192" timestamp="2020-09-11T10:03:31.933" activeThreads="8">
  <mem-info id="4908" free="1319343832" total="2761883648" percent="47">
    <mem type="nursery" free="692778496" total="939524096" percent="73">
      <mem type="allocate" free="692778496" total="802226176" percent="86" />
      <mem type="survivor" free="0" total="137297920" percent="0" />
    </mem>
    <mem type="tenure" free="626565336" total="1822359552" percent="34" macro-fragmented="0">
      <mem type="soa" free="590118104" total="1785912320" percent="33" />
      <mem type="loa" free="36447232" total="36447232" percent="100" />
    </mem>
    <remembered-set count="30351" />
  </mem-info>
</gc-end>
<cycle-end id="4909" type="scavenge" contextid="4903" timestamp="2020-09-11T10:03:31.934" />
<allocation-satisfied id="4910" threadId="000000000085F900" bytesRequested="120" />
<af-end id="4911" timestamp="2020-09-11T10:03:31.934" threadId="0000000000860280" success="true" from="nursery"/>
<exclusive-end id="4912" timestamp="2020-09-11T10:03:31.934" durationms="105.579" />

</verbosegc>

