<?xml version="1.0" ?>

<verbosegc xmlns="http://www.ibm.com/j9/verbosegc" version="c1dd04cca_CMPRSS">

!@: MM_VerboseWriterFileLoggingSynchronous::openFile

!@: Before Trigger

<exclusive-start id="1275" timestamp="2020-09-11T09:53:28.750" intervalms="129.108">
  <response-info timems="0.240" idlems="0.216" threads="2" lastid="00000000007FB900" lastname="ForkJoinPool-10-worker-11" />
</exclusive-start>
!@: handleInitialized
<initialized id="1276" timestamp="2020-09-11T09:53:28.750">
  <attribute name="gcPolicy" value="-Xgcpolicy:gencon" />
  <attribute name="maxHeapSize" value="0xe0000000" />
  <attribute name="initialHeapSize" value="0x800000" />
  <attribute name="compressedRefs" value="true" />
  <attribute name="compressedRefsDisplacement" value="0x0" />
  <attribute name="compressedRefsShift" value="0x0" />
  <attribute name="pageSize" value="0x1000" />
  <attribute name="pageType" value="not used" />
  <attribute name="requestedPageSize" value="0x1000" />
  <attribute name="requestedPageType" value="not used" />
  <attribute name="gcthreads" value="8" />
  <attribute name="packetListSplit" value="1" />
  <attribute name="cacheListSplit" value="1" />
  <attribute name="splitFreeListSplitAmount" value="1" />
  <attribute name="numaNodes" value="0" />
  <system>
    <attribute name="physicalMemory" value="16818696192" />
    <attribute name="numCPUs" value="8" />
    <attribute name="architecture" value="amd64" />
    <attribute name="os" value="Linux" />
    <attribute name="osVersion" value="4.15.0-101-generic" />
  </system>
  <vmargs>
    <vmarg name="-Xoptionsfile=/root/code/openj9-openjdk-jdk11/build/linux-x86_64-normal-server-release/jdk/lib/options.default" />
    <vmarg name="-Xlockword:mode=default,noLockword=java/lang/String,noLockword=java/util/MapEntry,noLockword=java/util/HashMap$Entry,noLockword..." />
    <vmarg name="-Xjcl:jclse29" />
    <vmarg name="-Dcom.ibm.oti.vm.bootstrap.library.path=/root/code/openj9-openjdk-jdk11/build/linux-x86_64-normal-server-release/jdk/lib/compre..." />
    <vmarg name="-Dsun.boot.library.path=/root/code/openj9-openjdk-jdk11/build/linux-x86_64-normal-server-release/jdk/lib/compressedrefs:/root/c..." />
    <vmarg name="-Djava.library.path=/root/code/openj9-openjdk-jdk11/build/linux-x86_64-normal-server-release/jdk/lib/compressedrefs:/root/code/..." />
    <vmarg name="-Djava.home=/root/code/openj9-openjdk-jdk11/build/linux-x86_64-normal-server-release/jdk" />
    <vmarg name="-Duser.dir=/root/specjbb2015" />
    <vmarg name="-verbose:gc" />
    <vmarg name="-Xmx3584M" />
    <vmarg name="-Xgc:noConcurrentMark" />
    <vmarg name="-Xtgc:parallel" />
    <vmarg name="-XX:-UseGCStartupHints" />
    <vmarg name="-Xgcpolicy:gencon" />
    <vmarg name="-Xverbosegclog:testOutput,5,100" />
    <vmarg name="-Djava.class.path=/root/specjbb2015/specjbb2015.jar" />
    <vmarg name="-Dsun.java.command=/root/specjbb2015/specjbb2015.jar -m COMPOSITE" />
    <vmarg name="-Dsun.java.launcher=SUN_STANDARD" />
    <vmarg name="-Dsun.java.launcher.pid=1347" />
  </vmargs>
</initialized>

!@: After Trigger

<af-start id="1277" threadId="00000000007F4A80" totalBytesRequested="16" timestamp="2020-09-11T09:53:28.750" intervalms="129.334" type="nursery" />
<cycle-start id="1278" type="scavenge" contextid="0" timestamp="2020-09-11T09:53:28.750" intervalms="129.332" />
<gc-start id="1279" type="scavenge" contextid="1278" timestamp="2020-09-11T09:53:28.750">
  <mem-info id="1280" free="23563008" total="805896192" percent="2">
    <mem type="nursery" free="0" total="427425792" percent="0">
      <mem type="allocate" free="0" total="213712896" percent="0" />
      <mem type="survivor" free="0" total="213712896" percent="0" />
    </mem>
    <mem type="tenure" free="23563008" total="378470400" percent="6">
      <mem type="soa" free="854784" total="355762176" percent="0" />
      <mem type="loa" free="22708224" total="22708224" percent="100" />
    </mem>
    <remembered-set count="1447" />
  </mem-info>
</gc-start>
<allocation-stats totalBytes="101075008" >
  <allocated-bytes non-tlh="711440" tlh="100363568" />
  <largest-consumer threadName="ForkJoinPool-10-worker-1" threadId="00000000007DE100" bytes="20932208" />
</allocation-stats>
<gc-op id="1281" type="scavenge" timems="108.389" contextid="1278" timestamp="2020-09-11T09:53:28.859">
  <scavenger-info tenureage="1" tenuremask="fffe" tiltratio="50" />
  <memory-copied type="nursery" objects="3134022" bytes="87350360" bytesdiscarded="126576" />
  <memory-copied type="tenure" objects="4047528" bytes="112253680" bytesdiscarded="23032" />
  <heap-resize type="expand" space="tenure" amount="118489088" count="113" timems="18.801" reason="continue current collection" />
</gc-op>
<heap-resize id="1282" type="expand" space="nursery" amount="165937152" count="1" timems="0.041" reason="excessive time being spent scavenging" timestamp="2020-09-11T09:53:28.859" />
<gc-end id="1283" type="scavenge" contextid="1278" durationms="108.834" usertimems="843.478" systemtimems="2.529" timestamp="2020-09-11T09:53:28.859" activeThreads="8">
  <mem-info id="1284" free="298427704" total="1090322432" percent="27">
    <mem type="nursery" free="268514616" total="593362944" percent="45">
      <mem type="allocate" free="268514616" total="355991552" percent="75" />
      <mem type="survivor" free="0" total="237371392" percent="0" />
    </mem>
    <mem type="tenure" free="29913088" total="496959488" percent="6">
      <mem type="soa" free="95232" total="467141632" percent="0" />
      <mem type="loa" free="29817856" total="29817856" percent="100" />
    </mem>
    <remembered-set count="982" />
  </mem-info>
</gc-end>
<cycle-end id="1285" type="scavenge" contextid="1278" timestamp="2020-09-11T09:53:28.860" />
<allocation-satisfied id="1286" threadId="00000000007F4100" bytesRequested="16" />
<af-end id="1287" timestamp="2020-09-11T09:53:28.860" threadId="00000000007F4A80" success="true" from="nursery"/>
<exclusive-end id="1288" timestamp="2020-09-11T09:53:28.860" durationms="110.011" />

<exclusive-start id="1289" timestamp="2020-09-11T09:53:28.966" intervalms="216.365">
  <response-info timems="0.160" idlems="0.160" threads="0" lastid="0000000000792300" lastname="ForkJoinPool-3-worker-5" />
</exclusive-start>
<af-start id="1290" threadId="0000000000792C80" totalBytesRequested="24" timestamp="2020-09-11T09:53:28.966" intervalms="216.106" type="nursery" />
<cycle-start id="1291" type="scavenge" contextid="0" timestamp="2020-09-11T09:53:28.966" intervalms="216.109" />
<gc-start id="1292" type="scavenge" contextid="1291" timestamp="2020-09-11T09:53:28.967">
  <mem-info id="1293" free="29913048" total="1090322432" percent="2">
    <mem type="nursery" free="0" total="593362944" percent="0">
      <mem type="allocate" free="0" total="355991552" percent="0" />
      <mem type="survivor" free="0" total="237371392" percent="0" />
    </mem>
    <mem type="tenure" free="29913048" total="496959488" percent="6">
      <mem type="soa" free="95192" total="467141632" percent="0" />
      <mem type="loa" free="29817856" total="29817856" percent="100" />
    </mem>
    <remembered-set count="997" />
  </mem-info>
</gc-start>
<allocation-stats totalBytes="268433024" >
  <allocated-bytes non-tlh="3230408" tlh="265202616" />
  <largest-consumer threadName="ForkJoinPool-3-worker-5" threadId="0000000000792300" bytes="29709384" />
</allocation-stats>
<gc-op id="1294" type="scavenge" timems="166.943" contextid="1291" timestamp="2020-09-11T09:53:29.133">
  <scavenger-info tenureage="1" tenuremask="7ffe" tiltratio="59" />
  <memory-copied type="nursery" objects="7493016" bytes="207663288" bytesdiscarded="171608" />
  <memory-copied type="tenure" objects="3133996" bytes="87335952" bytesdiscarded="20368" />
  <finalization candidates="2" enqueued="0" />
  <references type="weak" candidates="7" cleared="0" enqueued="0" />
  <heap-resize type="expand" space="tenure" amount="93323264" count="89" timems="16.831" reason="continue current collection" />
</gc-op>
<heap-resize id="1295" type="expand" space="nursery" amount="176291840" count="1" timems="0.325" reason="excessive time being spent scavenging" timestamp="2020-09-11T09:53:29.134" />
<gc-end id="1296" type="scavenge" contextid="1291" durationms="167.681" usertimems="1258.014" systemtimems="45.760" timestamp="2020-09-11T09:53:29.134" activeThreads="8">
  <mem-info id="1297" free="212607720" total="1359937536" percent="15">
    <mem type="nursery" free="176992488" total="769654784" percent="22">
      <mem type="allocate" free="176992488" total="384827392" percent="45" />
      <mem type="survivor" free="0" total="384827392" percent="0" />
    </mem>
    <mem type="tenure" free="35615232" total="590282752" percent="6">
      <mem type="soa" free="198144" total="554865664" percent="0" />
      <mem type="loa" free="35417088" total="35417088" percent="100" />
    </mem>
    <remembered-set count="699" />
  </mem-info>
</gc-end>
<cycle-end id="1298" type="scavenge" contextid="1291" timestamp="2020-09-11T09:53:29.135" />
<allocation-satisfied id="1299" threadId="0000000000792300" bytesRequested="24" />
<af-end id="1300" timestamp="2020-09-11T09:53:29.135" threadId="0000000000792C80" success="true" from="nursery"/>
<exclusive-end id="1301" timestamp="2020-09-11T09:53:29.135" durationms="168.878" />

<exclusive-start id="1302" timestamp="2020-09-11T09:53:29.432" intervalms="465.635">
  <response-info timems="0.914" idlems="0.914" threads="0" lastid="0000000000792300" lastname="ForkJoinPool-3-worker-5" />
</exclusive-start>
<af-start id="1303" threadId="0000000000792C80" totalBytesRequested="56" timestamp="2020-09-11T09:53:29.432" intervalms="465.692" type="nursery" />
<percolate-collect id="1304" from="nursery" to="global" reason="met projected tenure max free" timestamp="2020-09-11T09:53:29.432"/>
<cycle-start id="1305" type="global" contextid="0" timestamp="2020-09-11T09:53:29.432" intervalms="1041.352" />
<gc-start id="1306" type="global" contextid="1305" timestamp="2020-09-11T09:53:29.432">
  <mem-info id="1307" free="35615232" total="1359937536" percent="2">
    <mem type="nursery" free="0" total="769654784" percent="0">
      <mem type="allocate" free="0" total="384827392" percent="0" />
      <mem type="survivor" free="0" total="384827392" percent="0" />
    </mem>
    <mem type="tenure" free="35615232" total="590282752" percent="6">
      <mem type="soa" free="198144" total="554865664" percent="0" />
      <mem type="loa" free="35417088" total="35417088" percent="100" />
    </mem>
    <remembered-set count="702" />
  </mem-info>
</gc-start>
<allocation-stats totalBytes="176979632" >
  <allocated-bytes non-tlh="10697240" tlh="166282392" />
  <largest-consumer threadName="ForkJoinPool-3-worker-5" threadId="0000000000792300" bytes="84293896" />
</allocation-stats>
<gc-op id="1308" type="mark" timems="248.982" contextid="1305" timestamp="2020-09-11T09:53:29.681">
  <trace-info objectcount="22170361" scancount="22085017" scanbytes="626432040" />
  <finalization candidates="92" enqueued="1" />
  <ownableSynchronizers candidates="96" cleared="0" />
  <references type="soft" candidates="4571" cleared="0" enqueued="0" dynamicThreshold="9" maxThreshold="32" />
  <references type="weak" candidates="2963" cleared="0" enqueued="0" />
  <references type="phantom" candidates="103" cleared="0" enqueued="0" />
  <stringconstants candidates="9187" cleared="0"  />
</gc-op>
<gc-op id="1309" type="sweep" timems="5.408" contextid="1305" timestamp="2020-09-11T09:53:29.687" />
<gc-end id="1310" type="global" contextid="1305" durationms="254.866" usertimems="1929.545" systemtimems="11.092" timestamp="2020-09-11T09:53:29.687" activeThreads="8">
  <mem-info id="1311" free="199821544" total="1359937536" percent="14">
    <mem type="nursery" free="10725072" total="769654784" percent="1">
      <mem type="allocate" free="10725072" total="384827392" percent="2" />
      <mem type="survivor" free="0" total="384827392" percent="0" />
    </mem>
    <mem type="tenure" free="189096472" total="590282752" percent="32" micro-fragmented="164190" macro-fragmented="0">
      <mem type="soa" free="153679384" total="554865664" percent="27" />
      <mem type="loa" free="35417088" total="35417088" percent="100" />
    </mem>
    <pending-finalizers system="1" default="0" reference="0" classloader="0" />
    <remembered-set count="619" />
  </mem-info>
</gc-end>
<cycle-end id="1312" type="global" contextid="1305" timestamp="2020-09-11T09:53:29.688" />
<allocation-satisfied id="1313" threadId="0000000000792300" bytesRequested="56" />
<af-end id="1314" timestamp="2020-09-11T09:53:29.688" threadId="0000000000792C80" success="true" from="nursery"/>
<exclusive-end id="1315" timestamp="2020-09-11T09:53:29.688" durationms="256.020" />

<exclusive-start id="1316" timestamp="2020-09-11T09:53:29.694" intervalms="262.712">
  <response-info timems="0.184" idlems="0.184" threads="0" lastid="0000000000799A00" lastname="ForkJoinPool-3-worker-9" />
</exclusive-start>
<af-start id="1317" threadId="000000000079A380" totalBytesRequested="24" timestamp="2020-09-11T09:53:29.695" intervalms="262.824" type="nursery" />
<cycle-start id="1318" type="scavenge" contextid="0" timestamp="2020-09-11T09:53:29.695" intervalms="728.532" />
<gc-start id="1319" type="scavenge" contextid="1318" timestamp="2020-09-11T09:53:29.695">
  <mem-info id="1320" free="189096472" total="1359937536" percent="13">
    <mem type="nursery" free="0" total="769654784" percent="0">
      <mem type="allocate" free="0" total="384827392" percent="0" />
      <mem type="survivor" free="0" total="384827392" percent="0" />
    </mem>
    <mem type="tenure" free="189096472" total="590282752" percent="32">
      <mem type="soa" free="153679384" total="554865664" percent="27" />
      <mem type="loa" free="35417088" total="35417088" percent="100" />
    </mem>
    <remembered-set count="619" />
  </mem-info>
</gc-start>
<allocation-stats totalBytes="10720984" >
  <allocated-bytes non-tlh="426904" tlh="10294080" />
  <largest-consumer threadName="ForkJoinPool-3-worker-5" threadId="0000000000792300" bytes="4621320" />
</allocation-stats>
<gc-op id="1321" type="scavenge" timems="136.559" contextid="1318" timestamp="2020-09-11T09:53:29.832">
  <scavenger-info tenureage="1" tenuremask="fffe" tiltratio="50" />
  <memory-copied type="nursery" objects="1664148" bytes="47326024" bytesdiscarded="532400" />
  <memory-copied type="tenure" objects="7373358" bytes="203937344" bytesdiscarded="85936" />
  <finalization candidates="3" enqueued="0" />
  <ownableSynchronizers candidates="192" cleared="192" />
  <heap-resize type="expand" space="tenure" amount="54525952" count="52" timems="8.714" reason="continue current collection" />
</gc-op>
<heap-resize id="1322" type="expand" space="nursery" amount="69861376" count="1" timems="0.035" reason="excessive time being spent scavenging" timestamp="2020-09-11T09:53:29.832" />
<gc-end id="1323" type="scavenge" contextid="1318" durationms="137.395" usertimems="1028.154" systemtimems="15.879" timestamp="2020-09-11T09:53:29.832" activeThreads="8">
  <mem-info id="1324" free="495254760" total="1484324864" percent="33">
    <mem type="nursery" free="455785704" total="839516160" percent="54">
      <mem type="allocate" free="455785704" total="503644160" percent="90" />
      <mem type="survivor" free="0" total="335872000" percent="0" />
    </mem>
    <mem type="tenure" free="39469056" total="644808704" percent="6">
      <mem type="soa" free="780288" total="606119936" percent="0" />
      <mem type="loa" free="38688768" total="38688768" percent="100" />
    </mem>
    <remembered-set count="566" />
  </mem-info>
</gc-end>
<cycle-end id="1325" type="scavenge" contextid="1318" timestamp="2020-09-11T09:53:29.833" />
<allocation-satisfied id="1326" threadId="0000000000799A00" bytesRequested="24" />
<af-end id="1327" timestamp="2020-09-11T09:53:29.833" threadId="000000000079A380" success="true" from="nursery"/>
<exclusive-end id="1328" timestamp="2020-09-11T09:53:29.833" durationms="138.951" />

<exclusive-start id="1329" timestamp="2020-09-11T09:53:30.151" intervalms="456.911">
  <response-info timems="0.209" idlems="0.209" threads="0" lastid="0000000000799A00" lastname="ForkJoinPool-3-worker-9" />
</exclusive-start>
<af-start id="1330" threadId="000000000079A380" totalBytesRequested="16" timestamp="2020-09-11T09:53:30.152" intervalms="456.808" type="nursery" />
<cycle-start id="1331" type="scavenge" contextid="0" timestamp="2020-09-11T09:53:30.152" intervalms="456.819" />
<gc-start id="1332" type="scavenge" contextid="1331" timestamp="2020-09-11T09:53:30.152">
  <mem-info id="1333" free="39468968" total="1484324864" percent="2">
    <mem type="nursery" free="0" total="839516160" percent="0">
      <mem type="allocate" free="0" total="503644160" percent="0" />
      <mem type="survivor" free="0" total="335872000" percent="0" />
    </mem>
    <mem type="tenure" free="39468968" total="644808704" percent="6">
      <mem type="soa" free="780200" total="606119936" percent="0" />
      <mem type="loa" free="38688768" total="38688768" percent="100" />
    </mem>
    <remembered-set count="569" />
  </mem-info>
</gc-start>
<allocation-stats totalBytes="455745760" >
  <allocated-bytes non-tlh="28428304" tlh="427317456" />
  <largest-consumer threadName="ForkJoinPool-3-worker-7" threadId="0000000000795E00" bytes="177765384" />
</allocation-stats>
<gc-op id="1334" type="scavenge" timems="174.124" contextid="1331" timestamp="2020-09-11T09:53:30.326">
  <scavenger-info tenureage="2" tenuremask="fffc" tiltratio="59" />
  <memory-copied type="nursery" objects="5939973" bytes="184651944" bytesdiscarded="145232" />
  <finalization candidates="1" enqueued="0" />
  <ownableSynchronizers candidates="24635" cleared="0" />
  <references type="soft" candidates="24635" cleared="0" enqueued="0" dynamicThreshold="10" maxThreshold="32" />
</gc-op>
<heap-resize id="1335" type="expand" space="nursery" amount="100007936" count="1" timems="0.553" reason="excessive time being spent scavenging" timestamp="2020-09-11T09:53:30.327" />
<gc-end id="1336" type="scavenge" contextid="1331" durationms="175.461" usertimems="1275.436" systemtimems="16.821" timestamp="2020-09-11T09:53:30.327" activeThreads="8">
  <mem-info id="1337" free="403142528" total="1584332800" percent="25">
    <mem type="nursery" free="363673560" total="939524096" percent="38">
      <mem type="allocate" free="363673560" total="548470784" percent="66" />
      <mem type="survivor" free="0" total="391053312" percent="0" />
    </mem>
    <mem type="tenure" free="39468968" total="644808704" percent="6">
      <mem type="soa" free="780200" total="606119936" percent="0" />
      <mem type="loa" free="38688768" total="38688768" percent="100" />
    </mem>
    <remembered-set count="566" />
  </mem-info>
</gc-end>
<cycle-end id="1338" type="scavenge" contextid="1331" timestamp="2020-09-11T09:53:30.328" />
<allocation-satisfied id="1339" threadId="0000000000799A00" bytesRequested="16" />
<af-end id="1340" timestamp="2020-09-11T09:53:30.328" threadId="000000000079A380" success="true" from="nursery"/>
<exclusive-end id="1341" timestamp="2020-09-11T09:53:30.328" durationms="176.988" />

<exclusive-start id="1342" timestamp="2020-09-11T09:53:30.621" intervalms="469.916">
  <response-info timems="0.153" idlems="0.148" threads="1" lastid="0000000000799A00" lastname="ForkJoinPool-3-worker-9" />
</exclusive-start>
<af-start id="1343" threadId="0000000000796780" totalBytesRequested="24" timestamp="2020-09-11T09:53:30.622" intervalms="469.895" type="nursery" />
<cycle-start id="1344" type="scavenge" contextid="0" timestamp="2020-09-11T09:53:30.622" intervalms="469.863" />
<gc-start id="1345" type="scavenge" contextid="1344" timestamp="2020-09-11T09:53:30.622">
  <mem-info id="1346" free="39468240" total="1584332800" percent="2">
    <mem type="nursery" free="0" total="939524096" percent="0">
      <mem type="allocate" free="0" total="548470784" percent="0" />
      <mem type="survivor" free="0" total="391053312" percent="0" />
    </mem>
    <mem type="tenure" free="39468240" total="644808704" percent="6">
      <mem type="soa" free="779472" total="606119936" percent="0" />
      <mem type="loa" free="38688768" total="38688768" percent="100" />
    </mem>
    <remembered-set count="599" />
  </mem-info>
</gc-start>
<allocation-stats totalBytes="363646408" >
  <allocated-bytes non-tlh="20629672" tlh="343016736" />
  <largest-consumer threadName="ForkJoinPool-3-worker-7" threadId="0000000000795E00" bytes="145401280" />
</allocation-stats>
<gc-op id="1347" type="scavenge" timems="171.167" contextid="1344" timestamp="2020-09-11T09:53:30.793">
  <scavenger-info tenureage="1" tenuremask="7ffe" tiltratio="58" />
  <memory-copied type="nursery" objects="3257656" bytes="90917984" bytesdiscarded="330904" />
  <memory-copied type="tenure" objects="3931311" bytes="115279840" bytesdiscarded="12288" />
  <finalization candidates="1" enqueued="0" />
  <ownableSynchronizers candidates="200010" cleared="0" />
  <references type="soft" candidates="175365" cleared="0" enqueued="0" dynamicThreshold="10" maxThreshold="32" />
  <references type="weak" candidates="145" cleared="94" enqueued="63" />
  <heap-resize type="expand" space="tenure" amount="122683392" count="117" timems="17.811" reason="continue current collection" />
</gc-op>
<gc-end id="1348" type="scavenge" contextid="1344" durationms="171.564" usertimems="1306.715" systemtimems="19.628" timestamp="2020-09-11T09:53:30.793" activeThreads="8">
  <mem-info id="1349" free="573702360" total="1707016192" percent="33">
    <mem type="nursery" free="526886616" total="939524096" percent="56">
      <mem type="allocate" free="526886616" total="618135552" percent="85" />
      <mem type="survivor" free="0" total="321388544" percent="0" />
    </mem>
    <mem type="tenure" free="46815744" total="767492096" percent="6">
      <mem type="soa" free="765440" total="721441792" percent="0" />
      <mem type="loa" free="46050304" total="46050304" percent="100" />
    </mem>
    <pending-finalizers system="0" default="0" reference="63" classloader="0" />
    <remembered-set count="6680" />
  </mem-info>
</gc-end>
<cycle-end id="1350" type="scavenge" contextid="1344" timestamp="2020-09-11T09:53:30.794" />
<allocation-satisfied id="1351" threadId="0000000000795E00" bytesRequested="24" />
<af-end id="1352" timestamp="2020-09-11T09:53:30.794" threadId="0000000000796780" success="true" from="nursery"/>
<exclusive-end id="1353" timestamp="2020-09-11T09:53:30.794" durationms="173.252" />

<exclusive-start id="1354" timestamp="2020-09-11T09:53:30.950" intervalms="329.187">
  <response-info timems="0.138" idlems="0.138" threads="0" lastid="0000000000764400" lastname="Controller" />
</exclusive-start>
<sys-start reason="explicit" id="1355" timestamp="2020-09-11T09:53:30.951" intervalms="2200.769" />
<cycle-start id="1356" type="global" contextid="0" timestamp="2020-09-11T09:53:30.951" intervalms="1518.567" />
<gc-start id="1357" type="global" contextid="1356" timestamp="2020-09-11T09:53:30.951">
  <mem-info id="1358" free="490755656" total="1707016192" percent="28">
    <mem type="nursery" free="443947640" total="939524096" percent="47">
      <mem type="allocate" free="443947640" total="618135552" percent="71" />
      <mem type="survivor" free="0" total="321388544" percent="0" />
    </mem>
    <mem type="tenure" free="46808016" total="767492096" percent="6">
      <mem type="soa" free="757712" total="721441792" percent="0" />
      <mem type="loa" free="46050304" total="46050304" percent="100" />
    </mem>
    <remembered-set count="6956" />
  </mem-info>
</gc-start>
<allocation-stats totalBytes="82939560" >
  <allocated-bytes non-tlh="7920272" tlh="75019288" />
  <largest-consumer threadName="ForkJoinPool-3-worker-9" threadId="0000000000799A00" bytes="35787952" />
</allocation-stats>
<gc-op id="1359" type="mark" timems="26.924" contextid="1356" timestamp="2020-09-11T09:53:30.978">
  <trace-info objectcount="1868137" scancount="1849189" scanbytes="66581864" />
  <finalization candidates="91" enqueued="0" />
  <ownableSynchronizers candidates="200109" cleared="200034" />
  <references type="soft" candidates="4617" cleared="0" enqueued="0" dynamicThreshold="10" maxThreshold="32" />
  <references type="weak" candidates="3105" cleared="48" enqueued="38" />
  <references type="phantom" candidates="103" cleared="0" enqueued="0" />
  <stringconstants candidates="9286" cleared="6"  />
</gc-op>
<gc-op id="1360" type="classunload" timems="0.037" contextid="1356" timestamp="2020-09-11T09:53:30.978">
  <classunload-info classloadercandidates="101" classloadersunloaded="0" classesunloaded="0" anonymousclassesunloaded="0" quiescems="0.000" setupms="0.035" scanms="0.001" postms="0.001" />
</gc-op>
<gc-op id="1361" type="sweep" timems="2.307" contextid="1356" timestamp="2020-09-11T09:53:30.980" />
<mem-info id="1362" free="1299718864" total="1707016192" percent="76">
  <mem type="nursery" free="617878544" total="939524096" percent="65">
    <mem type="allocate" free="617878544" total="618135552" percent="99" />
    <mem type="survivor" free="0" total="321388544" percent="0" />
  </mem>
  <mem type="tenure" free="681840320" total="767492096" percent="88" micro-fragmented="9733" macro-fragmented="0">
    <mem type="soa" free="635790016" total="721441792" percent="88" />
    <mem type="loa" free="46050304" total="46050304" percent="100" />
  </mem>
  <pending-finalizers system="0" default="0" reference="38" classloader="0" />
  <remembered-set count="707" />
</mem-info>
<gc-op id="1363" type="compact" timems="133.012" contextid="1356" timestamp="2020-09-11T09:53:31.114">
  <compact-info movecount="1854762" movebytes="84835424" reason="compact on aggressive collection" />
</gc-op>
<gc-end id="1364" type="global" contextid="1356" durationms="163.117" usertimems="550.442" systemtimems="8.422" timestamp="2020-09-11T09:53:31.114" activeThreads="8">
  <mem-info id="1365" free="1299807712" total="1707016192" percent="76">
    <mem type="nursery" free="617933616" total="939524096" percent="65">
      <mem type="allocate" free="617933616" total="618135552" percent="99" />
      <mem type="survivor" free="0" total="321388544" percent="0" />
    </mem>
    <mem type="tenure" free="681874096" total="767492096" percent="88">
      <mem type="soa" free="635823792" total="721441792" percent="88" />
      <mem type="loa" free="46050304" total="46050304" percent="100" />
    </mem>
    <pending-finalizers system="0" default="0" reference="38" classloader="0" />
    <remembered-set count="707" />
  </mem-info>
</gc-end>
<cycle-end id="1366" type="global" contextid="1356" timestamp="2020-09-11T09:53:31.114" />
<sys-end id="1367" timestamp="2020-09-11T09:53:31.114" />
<exclusive-end id="1368" timestamp="2020-09-11T09:53:31.114" durationms="163.938" />

<exclusive-start id="1369" timestamp="2020-09-11T09:53:31.530" intervalms="579.610">
  <response-info timems="0.190" idlems="0.190" threads="0" lastid="00000000007DED00" lastname="ForkJoinPool-14-worker-13" />
</exclusive-start>
<af-start id="1370" threadId="00000000007DF680" totalBytesRequested="24" timestamp="2020-09-11T09:53:31.530" intervalms="908.760" type="nursery" />
<cycle-start id="1371" type="scavenge" contextid="0" timestamp="2020-09-11T09:53:31.530" intervalms="908.762" />
<gc-start id="1372" type="scavenge" contextid="1371" timestamp="2020-09-11T09:53:31.531">
  <mem-info id="1373" free="681874096" total="1707016192" percent="39">
    <mem type="nursery" free="0" total="939524096" percent="0">
      <mem type="allocate" free="0" total="618135552" percent="0" />
      <mem type="survivor" free="0" total="321388544" percent="0" />
    </mem>
    <mem type="tenure" free="681874096" total="767492096" percent="88">
      <mem type="soa" free="635823792" total="721441792" percent="88" />
      <mem type="loa" free="46050304" total="46050304" percent="100" />
    </mem>
    <remembered-set count="781" />
  </mem-info>
</gc-start>
<allocation-stats totalBytes="617661208" >
  <allocated-bytes non-tlh="11829800" tlh="605831408" />
  <largest-consumer threadName="ForkJoinPool-3-worker-5" threadId="0000000000792300" bytes="102397416" />
</allocation-stats>
<gc-op id="1374" type="scavenge" timems="251.470" contextid="1371" timestamp="2020-09-11T09:53:31.782">
  <scavenger-info tenureage="1" tenuremask="7ffe" tiltratio="65" />
  <memory-copied type="nursery" objects="11061969" bytes="321328816" bytesdiscarded="51720" />
  <memory-copied type="tenure" objects="3701219" bytes="102556040" bytesdiscarded="59480" />
  <copy-failed type="nursery" objects="3701021" bytes="102547904" />
  <ownableSynchronizers candidates="192" cleared="146" />
  <references type="soft" candidates="46" cleared="0" enqueued="0" dynamicThreshold="28" maxThreshold="32" />
  <references type="weak" candidates="95" cleared="0" enqueued="0" />
</gc-op>
<gc-end id="1375" type="scavenge" contextid="1371" durationms="251.831" usertimems="1931.174" systemtimems="12.204" timestamp="2020-09-11T09:53:31.782" activeThreads="8">
  <mem-info id="1376" free="727552280" total="1707016192" percent="42">
    <mem type="nursery" free="148373504" total="939524096" percent="15">
      <mem type="allocate" free="148373504" total="469762048" percent="31" />
      <mem type="survivor" free="0" total="469762048" percent="0" />
    </mem>
    <mem type="tenure" free="579178776" total="767492096" percent="75">
      <mem type="soa" free="533128472" total="721441792" percent="73" />
      <mem type="loa" free="46050304" total="46050304" percent="100" />
    </mem>
    <remembered-set count="19674" />
  </mem-info>
</gc-end>
<cycle-end id="1377" type="scavenge" contextid="1371" timestamp="2020-09-11T09:53:31.783" />
<allocation-satisfied id="1378" threadId="00000000007DED00" bytesRequested="24" />
<af-end id="1379" timestamp="2020-09-11T09:53:31.783" threadId="00000000007DF680" success="true" from="nursery"/>
<exclusive-end id="1380" timestamp="2020-09-11T09:53:31.783" durationms="253.057" />

<exclusive-start id="1381" timestamp="2020-09-11T09:53:31.806" intervalms="275.713">
  <response-info timems="0.178" idlems="0.103" threads="1" lastid="0000000000763300" lastname="ForkJoinPool-14-worker-9" />
</exclusive-start>
<af-start id="1382" threadId="0000000000782280" totalBytesRequested="32" timestamp="2020-09-11T09:53:31.806" intervalms="275.670" type="nursery" />
<cycle-start id="1383" type="scavenge" contextid="0" timestamp="2020-09-11T09:53:31.806" intervalms="275.662" />
<gc-start id="1384" type="scavenge" contextid="1383" timestamp="2020-09-11T09:53:31.806">
  <mem-info id="1385" free="579178776" total="1707016192" percent="33">
    <mem type="nursery" free="0" total="939524096" percent="0">
      <mem type="allocate" free="0" total="469762048" percent="0" />
      <mem type="survivor" free="0" total="469762048" percent="0" />
    </mem>
    <mem type="tenure" free="579178776" total="767492096" percent="75">
      <mem type="soa" free="533128472" total="721441792" percent="73" />
      <mem type="loa" free="46050304" total="46050304" percent="100" />
    </mem>
    <remembered-set count="19674" />
  </mem-info>
</gc-start>
<allocation-stats totalBytes="148328384" >
  <allocated-bytes non-tlh="24" tlh="148328360" />
  <largest-consumer threadName="ForkJoinPool-14-worker-15" threadId="0000000000761E00" bytes="25648736" />
</allocation-stats>
<gc-op id="1386" type="scavenge" timems="199.989" contextid="1383" timestamp="2020-09-11T09:53:32.006">
  <scavenger-info tenureage="1" tenuremask="fffe" tiltratio="50" />
  <memory-copied type="nursery" objects="4475085" bytes="125031808" bytesdiscarded="252032" />
  <memory-copied type="tenure" objects="11061930" bytes="321327120" bytesdiscarded="68800" />
  <ownableSynchronizers candidates="46" cleared="0" />
</gc-op>
<gc-end id="1387" type="scavenge" contextid="1383" durationms="200.353" usertimems="1573.534" systemtimems="7.872" timestamp="2020-09-11T09:53:32.006" activeThreads="8">
  <mem-info id="1388" free="602005016" total="1707016192" percent="35">
    <mem type="nursery" free="344478208" total="939524096" percent="36">
      <mem type="allocate" free="344478208" total="469762048" percent="73" />
      <mem type="survivor" free="0" total="469762048" percent="0" />
    </mem>
    <mem type="tenure" free="257526808" total="767492096" percent="33">
      <mem type="soa" free="211476504" total="721441792" percent="29" />
      <mem type="loa" free="46050304" total="46050304" percent="100" />
    </mem>
    <remembered-set count="13457" />
  </mem-info>
</gc-end>
<cycle-end id="1389" type="scavenge" contextid="1383" timestamp="2020-09-11T09:53:32.007" />
<allocation-satisfied id="1390" threadId="0000000000781900" bytesRequested="32" />
<af-end id="1391" timestamp="2020-09-11T09:53:32.007" threadId="0000000000782280" success="true" from="nursery"/>
<exclusive-end id="1392" timestamp="2020-09-11T09:53:32.007" durationms="201.283" />

<exclusive-start id="1393" timestamp="2020-09-11T09:53:32.202" intervalms="395.762">
  <response-info timems="0.178" idlems="0.178" threads="0" lastid="0000000000792300" lastname="ForkJoinPool-3-worker-5" />
</exclusive-start>
<af-start id="1394" threadId="0000000000792C80" totalBytesRequested="524296" timestamp="2020-09-11T09:53:32.202" intervalms="395.843" type="nursery" />
<cycle-start id="1395" type="scavenge" contextid="0" timestamp="2020-09-11T09:53:32.202" intervalms="395.853" />
<gc-start id="1396" type="scavenge" contextid="1395" timestamp="2020-09-11T09:53:32.202">
  <mem-info id="1397" free="257709248" total="1707016192" percent="15">
    <mem type="nursery" free="182440" total="939524096" percent="0">
      <mem type="allocate" free="182440" total="469762048" percent="0" />
      <mem type="survivor" free="0" total="469762048" percent="0" />
    </mem>
    <mem type="tenure" free="257526808" total="767492096" percent="33">
      <mem type="soa" free="211476504" total="721441792" percent="29" />
      <mem type="loa" free="46050304" total="46050304" percent="100" />
    </mem>
    <remembered-set count="78100" />
  </mem-info>
</gc-start>
<allocation-stats totalBytes="344235776" >
  <allocated-bytes non-tlh="17860952" tlh="326374824" />
  <largest-consumer threadName="ForkJoinPool-3-worker-9" threadId="0000000000799A00" bytes="85270912" />
</allocation-stats>
<gc-op id="1398" type="scavenge" timems="163.362" contextid="1395" timestamp="2020-09-11T09:53:32.365">
  <scavenger-info tenureage="1" tenuremask="fffe" tiltratio="50" />
  <memory-copied type="nursery" objects="5707362" bytes="159259688" bytesdiscarded="142968" />
  <memory-copied type="tenure" objects="4475049" bytes="125027832" bytesdiscarded="25992" />
</gc-op>
<gc-end id="1399" type="scavenge" contextid="1395" durationms="163.767" usertimems="1282.546" systemtimems="14.076" timestamp="2020-09-11T09:53:32.366" activeThreads="8">
  <mem-info id="1400" free="442512464" total="1707016192" percent="25">
    <mem type="nursery" free="310359352" total="939524096" percent="33">
      <mem type="allocate" free="310359352" total="469762048" percent="66" />
      <mem type="survivor" free="0" total="469762048" percent="0" />
    </mem>
    <mem type="tenure" free="132153112" total="767492096" percent="17">
      <mem type="soa" free="86102808" total="721441792" percent="11" />
      <mem type="loa" free="46050304" total="46050304" percent="100" />
    </mem>
    <remembered-set count="10046" />
  </mem-info>
</gc-end>
<cycle-end id="1401" type="scavenge" contextid="1395" timestamp="2020-09-11T09:53:32.366" />
<allocation-satisfied id="1402" threadId="0000000000792300" bytesRequested="524296" />
<af-end id="1403" timestamp="2020-09-11T09:53:32.366" threadId="0000000000792C80" success="true" from="nursery"/>
<exclusive-end id="1404" timestamp="2020-09-11T09:53:32.366" durationms="164.862" />

<exclusive-start id="1405" timestamp="2020-09-11T09:53:32.546" intervalms="344.647">
  <response-info timems="0.197" idlems="0.164" threads="1" lastid="0000000000792300" lastname="ForkJoinPool-3-worker-5" />
</exclusive-start>
<af-start id="1406" threadId="0000000000796780" totalBytesRequested="24" timestamp="2020-09-11T09:53:32.546" intervalms="344.657" type="nursery" />
<percolate-collect id="1407" from="nursery" to="global" reason="prevent tenure expand" timestamp="2020-09-11T09:53:32.547"/>
<cycle-start id="1408" type="global" contextid="0" timestamp="2020-09-11T09:53:32.547" intervalms="1595.870" />
<gc-start id="1409" type="global" contextid="1408" timestamp="2020-09-11T09:53:32.547">
  <mem-info id="1410" free="132153112" total="1707016192" percent="7">
    <mem type="nursery" free="0" total="939524096" percent="0">
      <mem type="allocate" free="0" total="469762048" percent="0" />
      <mem type="survivor" free="0" total="469762048" percent="0" />
    </mem>
    <mem type="tenure" free="132153112" total="767492096" percent="17">
      <mem type="soa" free="86102808" total="721441792" percent="11" />
      <mem type="loa" free="46050304" total="46050304" percent="100" />
    </mem>
    <remembered-set count="10060" />
  </mem-info>
</gc-start>
<allocation-stats totalBytes="310331936" >
  <allocated-bytes non-tlh="14375728" tlh="295956208" />
  <largest-consumer threadName="ForkJoinPool-3-worker-7" threadId="0000000000795E00" bytes="114444960" />
</allocation-stats>
<gc-op id="1411" type="mark" timems="291.399" contextid="1408" timestamp="2020-09-11T09:53:32.838">
  <trace-info objectcount="23748610" scancount="23590014" scanbytes="663990732" />
  <finalization candidates="91" enqueued="0" />
  <ownableSynchronizers candidates="120" cleared="6" />
  <references type="soft" candidates="4617" cleared="0" enqueued="0" dynamicThreshold="28" maxThreshold="32" />
  <references type="weak" candidates="3073" cleared="0" enqueued="0" />
  <references type="phantom" candidates="103" cleared="0" enqueued="0" />
  <stringconstants candidates="9280" cleared="0"  />
</gc-op>
<gc-op id="1412" type="sweep" timems="9.283" contextid="1408" timestamp="2020-09-11T09:53:32.848" />
<gc-end id="1413" type="global" contextid="1408" durationms="301.208" usertimems="2320.496" systemtimems="14.602" timestamp="2020-09-11T09:53:32.848" activeThreads="8">
  <mem-info id="1414" free="321887312" total="1707016192" percent="18">
    <mem type="nursery" free="43182672" total="939524096" percent="4">
      <mem type="allocate" free="43182672" total="469762048" percent="9" />
      <mem type="survivor" free="0" total="469762048" percent="0" />
    </mem>
    <mem type="tenure" free="278704640" total="767492096" percent="36" micro-fragmented="170375" macro-fragmented="0">
      <mem type="soa" free="232654336" total="721441792" percent="32" />
      <mem type="loa" free="46050304" total="46050304" percent="100" />
    </mem>
    <remembered-set count="620" />
  </mem-info>
</gc-end>
<cycle-end id="1415" type="global" contextid="1408" timestamp="2020-09-11T09:53:32.848" />
<allocation-satisfied id="1416" threadId="0000000000795E00" bytesRequested="24" />
<af-end id="1417" timestamp="2020-09-11T09:53:32.848" threadId="0000000000796780" success="true" from="nursery"/>
<exclusive-end id="1418" timestamp="2020-09-11T09:53:32.848" durationms="302.067" />

<exclusive-start id="1419" timestamp="2020-09-11T09:53:32.880" intervalms="333.962">
  <response-info timems="0.140" idlems="0.140" threads="0" lastid="0000000000795E00" lastname="ForkJoinPool-3-worker-7" />
</exclusive-start>
<af-start id="1420" threadId="0000000000796780" totalBytesRequested="1048584" timestamp="2020-09-11T09:53:32.880" intervalms="333.936" type="nursery" />
<cycle-start id="1421" type="scavenge" contextid="0" timestamp="2020-09-11T09:53:32.880" intervalms="678.596" />
<gc-start id="1422" type="scavenge" contextid="1421" timestamp="2020-09-11T09:53:32.881">
  <mem-info id="1423" free="282998072" total="1707016192" percent="16">
    <mem type="nursery" free="4293432" total="939524096" percent="0">
      <mem type="allocate" free="4293432" total="469762048" percent="0" />
      <mem type="survivor" free="0" total="469762048" percent="0" />
    </mem>
    <mem type="tenure" free="278704640" total="767492096" percent="36">
      <mem type="soa" free="232654336" total="721441792" percent="32" />
      <mem type="loa" free="46050304" total="46050304" percent="100" />
    </mem>
    <remembered-set count="620" />
  </mem-info>
</gc-start>
<allocation-stats totalBytes="38877512" >
  <allocated-bytes non-tlh="4409824" tlh="34467688" />
  <largest-consumer threadName="ForkJoinPool-3-worker-9" threadId="0000000000799A00" bytes="16080472" />
</allocation-stats>
<gc-op id="1424" type="scavenge" timems="148.849" contextid="1421" timestamp="2020-09-11T09:53:33.029">
  <scavenger-info tenureage="1" tenuremask="7ffe" tiltratio="50" />
  <memory-copied type="nursery" objects="3005324" bytes="84864792" bytesdiscarded="163224" />
  <memory-copied type="tenure" objects="4810044" bytes="129059648" bytesdiscarded="33384" />
  <ownableSynchronizers candidates="228" cleared="227" />
</gc-op>
<gc-end id="1425" type="scavenge" contextid="1421" durationms="149.320" usertimems="1161.723" systemtimems="3.079" timestamp="2020-09-11T09:53:33.030" activeThreads="8">
  <mem-info id="1426" free="533901080" total="1707016192" percent="31">
    <mem type="nursery" free="384733968" total="939524096" percent="40">
      <mem type="allocate" free="384733968" total="469762048" percent="81" />
      <mem type="survivor" free="0" total="469762048" percent="0" />
    </mem>
    <mem type="tenure" free="149167112" total="767492096" percent="19" macro-fragmented="348889">
      <mem type="soa" free="103116808" total="721441792" percent="14" />
      <mem type="loa" free="46050304" total="46050304" percent="100" />
    </mem>
    <remembered-set count="3522" />
  </mem-info>
</gc-end>
<cycle-end id="1427" type="scavenge" contextid="1421" timestamp="2020-09-11T09:53:33.030" />
<allocation-satisfied id="1428" threadId="0000000000795E00" bytesRequested="1048584" />
<af-end id="1429" timestamp="2020-09-11T09:53:33.030" threadId="0000000000796780" success="true" from="nursery"/>
<exclusive-end id="1430" timestamp="2020-09-11T09:53:33.030" durationms="150.371" />

<exclusive-start id="1431" timestamp="2020-09-11T09:53:33.296" intervalms="416.128">
  <response-info timems="0.912" idlems="0.912" threads="0" lastid="0000000000795E00" lastname="ForkJoinPool-3-worker-7" />
</exclusive-start>
<af-start id="1432" threadId="0000000000796780" totalBytesRequested="24" timestamp="2020-09-11T09:53:33.297" intervalms="416.133" type="nursery" />
<cycle-start id="1433" type="scavenge" contextid="0" timestamp="2020-09-11T09:53:33.297" intervalms="416.128" />
<gc-start id="1434" type="scavenge" contextid="1433" timestamp="2020-09-11T09:53:33.297">
  <mem-info id="1435" free="149167112" total="1707016192" percent="8">
    <mem type="nursery" free="0" total="939524096" percent="0">
      <mem type="allocate" free="0" total="469762048" percent="0" />
      <mem type="survivor" free="0" total="469762048" percent="0" />
    </mem>
    <mem type="tenure" free="149167112" total="767492096" percent="19">
      <mem type="soa" free="103116808" total="721441792" percent="14" />
      <mem type="loa" free="46050304" total="46050304" percent="100" />
    </mem>
    <remembered-set count="3524" />
  </mem-info>
</gc-start>
<allocation-stats totalBytes="384697320" >
  <allocated-bytes non-tlh="23230632" tlh="361466688" />
  <largest-consumer threadName="ForkJoinPool-3-worker-5" threadId="0000000000792300" bytes="150910736" />
</allocation-stats>
<gc-op id="1436" type="scavenge" timems="132.648" contextid="1433" timestamp="2020-09-11T09:53:33.429">
  <scavenger-info tenureage="1" tenuremask="7ffe" tiltratio="50" />
  <memory-copied type="nursery" objects="3699600" bytes="111278904" bytesdiscarded="376648" />
  <memory-copied type="tenure" objects="2435760" bytes="71760464" bytesdiscarded="8648" />
  <ownableSynchronizers candidates="200007" cleared="0" />
  <references type="soft" candidates="200000" cleared="0" enqueued="0" dynamicThreshold="11" maxThreshold="32" />
</gc-op>
<gc-end id="1437" type="scavenge" contextid="1433" durationms="133.432" usertimems="1042.688" systemtimems="0.427" timestamp="2020-09-11T09:53:33.430" activeThreads="8">
  <mem-info id="1438" free="435746096" total="1707016192" percent="25">
    <mem type="nursery" free="358106448" total="939524096" percent="38">
      <mem type="allocate" free="358106448" total="469762048" percent="76" />
      <mem type="survivor" free="0" total="469762048" percent="0" />
    </mem>
    <mem type="tenure" free="77639648" total="767492096" percent="10" macro-fragmented="23113062">
      <mem type="soa" free="31589344" total="721441792" percent="4" />
      <mem type="loa" free="46050304" total="46050304" percent="100" />
    </mem>
    <remembered-set count="548" />
  </mem-info>
</gc-end>
<cycle-end id="1439" type="scavenge" contextid="1433" timestamp="2020-09-11T09:53:33.431" />
<allocation-satisfied id="1440" threadId="0000000000795E00" bytesRequested="24" />
<af-end id="1441" timestamp="2020-09-11T09:53:33.432" threadId="0000000000796780" success="true" from="nursery"/>
<exclusive-end id="1442" timestamp="2020-09-11T09:53:33.432" durationms="135.309" />

<exclusive-start id="1443" timestamp="2020-09-11T09:53:39.934" intervalms="6637.805">
  <response-info timems="0.174" idlems="0.174" threads="0" lastid="000000000084FB00" lastname="Group1.Backend.CompositeBackend{Tier1}.8" />
</exclusive-start>
<af-start id="1444" threadId="0000000000850480" totalBytesRequested="16" timestamp="2020-09-11T09:53:39.935" intervalms="6638.011" type="nursery" />
<cycle-start id="1445" type="scavenge" contextid="0" timestamp="2020-09-11T09:53:39.935" intervalms="6638.066" />
<gc-start id="1446" type="scavenge" contextid="1445" timestamp="2020-09-11T09:53:39.935">
  <mem-info id="1447" free="77498616" total="1707016192" percent="4">
    <mem type="nursery" free="0" total="939524096" percent="0">
      <mem type="allocate" free="0" total="469762048" percent="0" />
      <mem type="survivor" free="0" total="469762048" percent="0" />
    </mem>
    <mem type="tenure" free="77498616" total="767492096" percent="10">
      <mem type="soa" free="31448312" total="721441792" percent="4" />
      <mem type="loa" free="46050304" total="46050304" percent="100" />
    </mem>
    <remembered-set count="3403" />
  </mem-info>
</gc-start>
<allocation-stats totalBytes="358132432" >
  <allocated-bytes non-tlh="17517024" tlh="340615408" />
  <largest-consumer threadName="ForkJoinPool-3-worker-7" threadId="0000000000795E00" bytes="96029448" />
</allocation-stats>
<gc-op id="1448" type="scavenge" timems="118.125" contextid="1445" timestamp="2020-09-11T09:53:40.053">
  <scavenger-info tenureage="1" tenuremask="7ffe" tiltratio="50" />
  <memory-copied type="nursery" objects="1590572" bytes="40321944" bytesdiscarded="189552" />
  <memory-copied type="tenure" objects="3497172" bytes="103469992" bytesdiscarded="10848" />
  <finalization candidates="13" enqueued="5" />
  <ownableSynchronizers candidates="227584" cleared="24438" />
  <references type="soft" candidates="42782" cleared="0" enqueued="0" dynamicThreshold="11" maxThreshold="32" />
  <references type="weak" candidates="274" cleared="67" enqueued="63" />
  <references type="phantom" candidates="2" cleared="0" enqueued="0" />
  <heap-resize type="expand" space="tenure" amount="77594624" count="74" timems="12.839" reason="continue current collection" />
</gc-op>
<gc-end id="1449" type="scavenge" contextid="1445" durationms="118.999" usertimems="875.612" systemtimems="32.512" timestamp="2020-09-11T09:53:40.054" activeThreads="8">
  <mem-info id="1450" free="539277032" total="1784610816" percent="30">
    <mem type="nursery" free="487679208" total="939524096" percent="51">
      <mem type="allocate" free="487679208" total="528220160" percent="92" />
      <mem type="survivor" free="0" total="411303936" percent="0" />
    </mem>
    <mem type="tenure" free="51597824" total="845086720" percent="6" macro-fragmented="0">
      <mem type="soa" free="892416" total="794381312" percent="0" />
      <mem type="loa" free="50705408" total="50705408" percent="100" />
    </mem>
    <pending-finalizers system="5" default="0" reference="63" classloader="0" />
    <remembered-set count="9910" />
  </mem-info>
</gc-end>
<cycle-end id="1451" type="scavenge" contextid="1445" timestamp="2020-09-11T09:53:40.056" />
<allocation-satisfied id="1452" threadId="000000000084FB00" bytesRequested="16" />
<af-end id="1453" timestamp="2020-09-11T09:53:40.056" threadId="0000000000850480" success="true" from="nursery"/>
<exclusive-end id="1454" timestamp="2020-09-11T09:53:40.056" durationms="121.565" />

<exclusive-start id="1455" timestamp="2020-09-11T09:53:45.465" intervalms="5531.337">
  <response-info timems="5.156" idlems="5.011" threads="1" lastid="00000000007C9200" lastname="Group1.Backend.CompositeBackend{Tier1}.2" />
</exclusive-start>
<af-start id="1456" threadId="000000000078B480" totalBytesRequested="40" timestamp="2020-09-11T09:53:45.466" intervalms="5531.582" type="nursery" />
<cycle-start id="1457" type="scavenge" contextid="0" timestamp="2020-09-11T09:53:45.466" intervalms="5531.827" />
<gc-start id="1458" type="scavenge" contextid="1457" timestamp="2020-09-11T09:53:45.467">
  <mem-info id="1459" free="51519504" total="1784610816" percent="2">
    <mem type="nursery" free="0" total="939524096" percent="0">
      <mem type="allocate" free="0" total="528220160" percent="0" />
      <mem type="survivor" free="0" total="411303936" percent="0" />
    </mem>
    <mem type="tenure" free="51519504" total="845086720" percent="6">
      <mem type="soa" free="814096" total="794381312" percent="0" />
      <mem type="loa" free="50705408" total="50705408" percent="100" />
    </mem>
    <remembered-set count="107819" />
  </mem-info>
</gc-start>
<allocation-stats totalBytes="487431496" >
  <allocated-bytes non-tlh="5707304" tlh="481724192" />
  <largest-consumer threadName="Group1.Backend.CompositeBackend{Tier1}.7" threadId="000000000089C800" bytes="73006560" />
</allocation-stats>
<gc-op id="1460" type="scavenge" timems="112.968" contextid="1457" timestamp="2020-09-11T09:53:45.580">
  <scavenger-info tenureage="2" tenuremask="7ffc" tiltratio="56" />
  <memory-copied type="nursery" objects="2644022" bytes="69644256" bytesdiscarded="157080" />
  <finalization candidates="37" enqueued="1" />
  <ownableSynchronizers candidates="93806" cleared="80800" />
  <references type="soft" candidates="122475" cleared="0" enqueued="0" dynamicThreshold="11" maxThreshold="32" />
  <references type="weak" candidates="834" cleared="400" enqueued="344" />
  <references type="phantom" candidates="4" cleared="0" enqueued="0" />
</gc-op>
<gc-end id="1461" type="scavenge" contextid="1457" durationms="113.811" usertimems="565.036" systemtimems="5.948" timestamp="2020-09-11T09:53:45.581" activeThreads="8">
  <mem-info id="1462" free="569958248" total="1784610816" percent="31">
    <mem type="nursery" free="518438744" total="939524096" percent="55">
      <mem type="allocate" free="518438744" total="588316672" percent="88" />
      <mem type="survivor" free="0" total="351207424" percent="0" />
    </mem>
    <mem type="tenure" free="51519504" total="845086720" percent="6" macro-fragmented="0">
      <mem type="soa" free="814096" total="794381312" percent="0" />
      <mem type="loa" free="50705408" total="50705408" percent="100" />
    </mem>
    <pending-finalizers system="1" default="0" reference="344" classloader="0" />
    <remembered-set count="10983" />
  </mem-info>
</gc-end>
<cycle-end id="1463" type="scavenge" contextid="1457" timestamp="2020-09-11T09:53:45.584" />
<allocation-satisfied id="1464" threadId="000000000078AB00" bytesRequested="40" />
<af-end id="1465" timestamp="2020-09-11T09:53:45.584" threadId="000000000078B480" success="true" from="nursery"/>
<exclusive-end id="1466" timestamp="2020-09-11T09:53:45.584" durationms="118.635" />

<exclusive-start id="1467" timestamp="2020-09-11T09:53:49.203" intervalms="3738.016">
  <response-info timems="0.341" idlems="0.341" threads="0" lastid="000000000085F900" lastname="Group1.Backend.CompositeBackend{Tier1}.3" />
</exclusive-start>
<af-start id="1468" threadId="0000000000860280" totalBytesRequested="16" timestamp="2020-09-11T09:53:49.204" intervalms="3738.098" type="nursery" />
<cycle-start id="1469" type="scavenge" contextid="0" timestamp="2020-09-11T09:53:49.204" intervalms="3737.943" />
<gc-start id="1470" type="scavenge" contextid="1469" timestamp="2020-09-11T09:53:49.205">
  <mem-info id="1471" free="51519288" total="1784610816" percent="2">
    <mem type="nursery" free="0" total="939524096" percent="0">
      <mem type="allocate" free="0" total="588316672" percent="0" />
      <mem type="survivor" free="0" total="351207424" percent="0" />
    </mem>
    <mem type="tenure" free="51519288" total="845086720" percent="6">
      <mem type="soa" free="813880" total="794381312" percent="0" />
      <mem type="loa" free="50705408" total="50705408" percent="100" />
    </mem>
    <remembered-set count="110855" />
  </mem-info>
</gc-start>
<allocation-stats totalBytes="518112624" >
  <allocated-bytes non-tlh="13167296" tlh="504945328" />
  <largest-consumer threadName="Group1.Backend.CompositeBackend{Tier1}.4" threadId="000000000086B200" bytes="78831992" />
</allocation-stats>
<gc-op id="1472" type="scavenge" timems="107.172" contextid="1469" timestamp="2020-09-11T09:53:49.313">
  <scavenger-info tenureage="2" tenuremask="7ffc" tiltratio="62" />
  <memory-copied type="nursery" objects="2283562" bytes="62018112" bytesdiscarded="286360" />
  <memory-copied type="tenure" objects="1501046" bytes="37828648" bytesdiscarded="3768" />
  <finalization candidates="36" enqueued="0" />
  <ownableSynchronizers candidates="107810" cleared="84530" />
  <references type="soft" candidates="119833" cleared="0" enqueued="0" dynamicThreshold="11" maxThreshold="32" />
  <references type="weak" candidates="350" cleared="25" enqueued="0" />
  <references type="phantom" candidates="2" cleared="0" enqueued="0" />
  <heap-resize type="expand" space="tenure" amount="39845888" count="38" timems="10.261" reason="continue current collection" />
</gc-op>
<gc-end id="1473" type="scavenge" contextid="1469" durationms="108.141" usertimems="669.700" systemtimems="23.911" timestamp="2020-09-11T09:53:49.313" activeThreads="8">
  <mem-info id="1474" free="633792072" total="1824456704" percent="34">
    <mem type="nursery" free="580521288" total="939524096" percent="61">
      <mem type="allocate" free="580521288" total="642908160" percent="90" />
      <mem type="survivor" free="0" total="296615936" percent="0" />
    </mem>
    <mem type="tenure" free="53270784" total="884932608" percent="6" macro-fragmented="27735676">
      <mem type="soa" free="174336" total="831836160" percent="0" />
      <mem type="loa" free="53096448" total="53096448" percent="100" />
    </mem>
    <remembered-set count="11669" />
  </mem-info>
</gc-end>
<cycle-end id="1475" type="scavenge" contextid="1469" timestamp="2020-09-11T09:53:49.319" />
<allocation-satisfied id="1476" threadId="000000000085F900" bytesRequested="16" />
<af-end id="1477" timestamp="2020-09-11T09:53:49.319" threadId="0000000000860280" success="true" from="nursery"/>
<exclusive-end id="1478" timestamp="2020-09-11T09:53:49.319" durationms="116.006" />

<exclusive-start id="1479" timestamp="2020-09-11T09:53:52.594" intervalms="3390.728">
  <response-info timems="0.261" idlems="0.261" threads="0" lastid="000000000085F900" lastname="Group1.Backend.CompositeBackend{Tier1}.3" />
</exclusive-start>
<af-start id="1480" threadId="0000000000860280" totalBytesRequested="664" timestamp="2020-09-11T09:53:52.595" intervalms="3390.512" type="nursery" />
<cycle-start id="1481" type="scavenge" contextid="0" timestamp="2020-09-11T09:53:52.595" intervalms="3390.447" />
<gc-start id="1482" type="scavenge" contextid="1481" timestamp="2020-09-11T09:53:52.595">
  <mem-info id="1483" free="53269928" total="1824456704" percent="2">
    <mem type="nursery" free="0" total="939524096" percent="0">
      <mem type="allocate" free="0" total="642908160" percent="0" />
      <mem type="survivor" free="0" total="296615936" percent="0" />
    </mem>
    <mem type="tenure" free="53269928" total="884932608" percent="6">
      <mem type="soa" free="173480" total="831836160" percent="0" />
      <mem type="loa" free="53096448" total="53096448" percent="100" />
    </mem>
    <remembered-set count="120208" />
  </mem-info>
</gc-start>
<allocation-stats totalBytes="580145992" >
  <allocated-bytes non-tlh="16680208" tlh="563465784" />
  <largest-consumer threadName="Group1.Backend.CompositeBackend{Tier1}.3" threadId="000000000085F900" bytes="115301664" />
</allocation-stats>
<gc-op id="1484" type="scavenge" timems="71.484" contextid="1481" timestamp="2020-09-11T09:53:52.667">
  <scavenger-info tenureage="3" tenuremask="7ff8" tiltratio="68" />
  <memory-copied type="nursery" objects="3137401" bytes="85654376" bytesdiscarded="148784" />
  <finalization candidates="28" enqueued="0" />
  <ownableSynchronizers candidates="126667" cleared="95023" />
  <references type="soft" candidates="146446" cleared="0" enqueued="0" dynamicThreshold="11" maxThreshold="32" />
  <references type="weak" candidates="534" cleared="135" enqueued="100" />
  <references type="phantom" candidates="2" cleared="0" enqueued="0" />
</gc-op>
<gc-end id="1485" type="scavenge" contextid="1481" durationms="72.478" usertimems="529.740" systemtimems="3.548" timestamp="2020-09-11T09:53:52.668" activeThreads="8">
  <mem-info id="1486" free="645125560" total="1824456704" percent="35">
    <mem type="nursery" free="591855632" total="939524096" percent="62">
      <mem type="allocate" free="591855632" total="677773312" percent="87" />
      <mem type="survivor" free="0" total="261750784" percent="0" />
    </mem>
    <mem type="tenure" free="53269928" total="884932608" percent="6" macro-fragmented="0">
      <mem type="soa" free="173480" total="831836160" percent="0" />
      <mem type="loa" free="53096448" total="53096448" percent="100" />
    </mem>
    <pending-finalizers system="0" default="0" reference="100" classloader="0" />
    <remembered-set count="12149" />
  </mem-info>
</gc-end>
<cycle-end id="1487" type="scavenge" contextid="1481" timestamp="2020-09-11T09:53:52.707" />
<allocation-satisfied id="1488" threadId="000000000085F900" bytesRequested="664" />
<af-end id="1489" timestamp="2020-09-11T09:53:52.707" threadId="0000000000860280" success="true" from="nursery"/>
<exclusive-end id="1490" timestamp="2020-09-11T09:53:52.707" durationms="112.873" />

<exclusive-start id="1491" timestamp="2020-09-11T09:53:55.490" intervalms="2895.467">
  <response-info timems="0.476" idlems="0.476" threads="0" lastid="000000000089C800" lastname="Group1.Backend.CompositeBackend{Tier1}.7" />
</exclusive-start>
<af-start id="1492" threadId="000000000089D180" totalBytesRequested="256664" timestamp="2020-09-11T09:53:55.490" intervalms="2895.640" type="nursery" />
<cycle-start id="1493" type="scavenge" contextid="0" timestamp="2020-09-11T09:53:55.491" intervalms="2895.655" />
<gc-start id="1494" type="scavenge" contextid="1493" timestamp="2020-09-11T09:53:55.491">
  <mem-info id="1495" free="53269928" total="1824456704" percent="2">
    <mem type="nursery" free="0" total="939524096" percent="0">
      <mem type="allocate" free="0" total="677773312" percent="0" />
      <mem type="survivor" free="0" total="261750784" percent="0" />
    </mem>
    <mem type="tenure" free="53269928" total="884932608" percent="6">
      <mem type="soa" free="173480" total="831836160" percent="0" />
      <mem type="loa" free="53096448" total="53096448" percent="100" />
    </mem>
    <remembered-set count="122176" />
  </mem-info>
</gc-start>
<allocation-stats totalBytes="591483128" >
  <allocated-bytes non-tlh="14165744" tlh="577317384" />
  <largest-consumer threadName="Group1.Backend.CompositeBackend{Tier1}.7" threadId="000000000089C800" bytes="91986960" />
</allocation-stats>
<gc-op id="1496" type="scavenge" timems="93.159" contextid="1493" timestamp="2020-09-11T09:53:55.584">
  <scavenger-info tenureage="3" tenuremask="7ff8" tiltratio="72" />
  <memory-copied type="nursery" objects="3307193" bytes="88489216" bytesdiscarded="164696" />
  <memory-copied type="tenure" objects="992205" bytes="27494440" bytesdiscarded="4488" />
  <finalization candidates="31" enqueued="2" />
  <ownableSynchronizers candidates="142054" cleared="98472" />
  <references type="soft" candidates="86089" cleared="0" enqueued="0" dynamicThreshold="11" maxThreshold="32" />
  <references type="weak" candidates="438" cleared="156" enqueued="126" />
  <heap-resize type="expand" space="tenure" amount="29360128" count="28" timems="9.314" reason="continue current collection" />
</gc-op>
<gc-end id="1497" type="scavenge" contextid="1493" durationms="94.111" usertimems="697.541" systemtimems="12.889" timestamp="2020-09-11T09:53:55.585" activeThreads="8">
  <mem-info id="1498" free="676034144" total="1853816832" percent="36">
    <mem type="nursery" free="620916832" total="939524096" percent="66">
      <mem type="allocate" free="620916832" total="709689344" percent="87" />
      <mem type="survivor" free="0" total="229834752" percent="0" />
    </mem>
    <mem type="tenure" free="55117312" total="914292736" percent="6" macro-fragmented="0">
      <mem type="soa" free="259584" total="859435008" percent="0" />
      <mem type="loa" free="54857728" total="54857728" percent="100" />
    </mem>
    <pending-finalizers system="2" default="0" reference="126" classloader="0" />
    <remembered-set count="29037" />
  </mem-info>
</gc-end>
<cycle-end id="1499" type="scavenge" contextid="1493" timestamp="2020-09-11T09:53:55.601" />
<allocation-satisfied id="1500" threadId="000000000089C800" bytesRequested="256664" />
<af-end id="1501" timestamp="2020-09-11T09:53:55.601" threadId="000000000089D180" success="true" from="nursery"/>
<exclusive-end id="1502" timestamp="2020-09-11T09:53:55.601" durationms="111.799" />

<exclusive-start id="1503" timestamp="2020-09-11T09:53:58.205" intervalms="2715.870">
  <response-info timems="0.528" idlems="0.528" threads="0" lastid="000000000088D900" lastname="Group1.Backend.CompositeBackend{Tier1}.6" />
</exclusive-start>
<af-start id="1504" threadId="000000000088E280" totalBytesRequested="32" timestamp="2020-09-11T09:53:58.206" intervalms="2716.037" type="nursery" />
<cycle-start id="1505" type="scavenge" contextid="0" timestamp="2020-09-11T09:53:58.207" intervalms="2716.071" />
<gc-start id="1506" type="scavenge" contextid="1505" timestamp="2020-09-11T09:53:58.208">
  <mem-info id="1507" free="55117312" total="1853816832" percent="2">
    <mem type="nursery" free="0" total="939524096" percent="0">
      <mem type="allocate" free="0" total="709689344" percent="0" />
      <mem type="survivor" free="0" total="229834752" percent="0" />
    </mem>
    <mem type="tenure" free="55117312" total="914292736" percent="6">
      <mem type="soa" free="259584" total="859435008" percent="0" />
      <mem type="loa" free="54857728" total="54857728" percent="100" />
    </mem>
    <remembered-set count="143524" />
  </mem-info>
</gc-start>
<allocation-stats totalBytes="620520760" >
  <allocated-bytes non-tlh="21210120" tlh="599310640" />
  <largest-consumer threadName="Group1.Backend.CompositeBackend{Tier1}.5" threadId="000000000087A000" bytes="93148304" />
</allocation-stats>
<gc-op id="1508" type="scavenge" timems="99.709" contextid="1505" timestamp="2020-09-11T09:53:58.308">
  <scavenger-info tenureage="3" tenuremask="7ff8" tiltratio="75" />
  <memory-copied type="nursery" objects="3195670" bytes="87327168" bytesdiscarded="223848" />
  <memory-copied type="tenure" objects="873235" bytes="23426400" bytesdiscarded="6128" />
  <finalization candidates="1" enqueued="0" />
  <ownableSynchronizers candidates="147787" cleared="101723" />
  <references type="soft" candidates="61946" cleared="0" enqueued="0" dynamicThreshold="11" maxThreshold="32" />
  <references type="weak" candidates="485" cleared="174" enqueued="144" />
  <heap-resize type="expand" space="tenure" amount="25165824" count="24" timems="10.868" reason="continue current collection" />
</gc-op>
<gc-end id="1509" type="scavenge" contextid="1505" durationms="101.976" usertimems="692.002" systemtimems="16.205" timestamp="2020-09-11T09:53:58.310" activeThreads="8">
  <mem-info id="1510" free="705075328" total="1878982656" percent="37">
    <mem type="nursery" free="648096896" total="939524096" percent="68">
      <mem type="allocate" free="648096896" total="735772672" percent="88" />
      <mem type="survivor" free="0" total="203751424" percent="0" />
    </mem>
    <mem type="tenure" free="56978432" total="939458560" percent="6" macro-fragmented="0">
      <mem type="soa" free="610304" total="883090432" percent="0" />
      <mem type="loa" free="56368128" total="56368128" percent="100" />
    </mem>
    <pending-finalizers system="0" default="0" reference="144" classloader="0" />
    <remembered-set count="25152" />
  </mem-info>
</gc-end>
<cycle-end id="1511" type="scavenge" contextid="1505" timestamp="2020-09-11T09:53:58.315" />
<allocation-satisfied id="1512" threadId="000000000088D900" bytesRequested="32" />
<af-end id="1513" timestamp="2020-09-11T09:53:58.315" threadId="000000000088E280" success="true" from="nursery"/>
<exclusive-end id="1514" timestamp="2020-09-11T09:53:58.315" durationms="109.469" />

<exclusive-start id="1515" timestamp="2020-09-11T09:54:00.424" intervalms="2218.487">
  <response-info timems="0.635" idlems="0.514" threads="1" lastid="000000000087A000" lastname="Group1.Backend.CompositeBackend{Tier1}.5" />
</exclusive-start>
<af-start id="1516" threadId="0000000000850480" totalBytesRequested="120" timestamp="2020-09-11T09:54:00.425" intervalms="2218.272" type="nursery" />
<cycle-start id="1517" type="scavenge" contextid="0" timestamp="2020-09-11T09:54:00.425" intervalms="2218.222" />
<gc-start id="1518" type="scavenge" contextid="1517" timestamp="2020-09-11T09:54:00.425">
  <mem-info id="1519" free="56978304" total="1878982656" percent="3">
    <mem type="nursery" free="0" total="939524096" percent="0">
      <mem type="allocate" free="0" total="735772672" percent="0" />
      <mem type="survivor" free="0" total="203751424" percent="0" />
    </mem>
    <mem type="tenure" free="56978304" total="939458560" percent="6">
      <mem type="soa" free="610176" total="883090432" percent="0" />
      <mem type="loa" free="56368128" total="56368128" percent="100" />
    </mem>
    <remembered-set count="141299" />
  </mem-info>
</gc-start>
<allocation-stats totalBytes="647696224" >
  <allocated-bytes non-tlh="21784624" tlh="625911600" />
  <largest-consumer threadName="Group1.Backend.CompositeBackend{Tier1}.7" threadId="000000000089C800" bytes="99135624" />
</allocation-stats>
<gc-op id="1520" type="scavenge" timems="95.637" contextid="1517" timestamp="2020-09-11T09:54:00.521">
  <scavenger-info tenureage="3" tenuremask="7ff8" tiltratio="78" />
  <memory-copied type="nursery" objects="3455226" bytes="93437664" bytesdiscarded="166224" />
  <memory-copied type="tenure" objects="932921" bytes="25197304" bytesdiscarded="8552" />
  <finalization candidates="1" enqueued="0" />
  <ownableSynchronizers candidates="152628" cleared="104214" />
  <references type="soft" candidates="49317" cleared="0" enqueued="0" dynamicThreshold="11" maxThreshold="32" />
  <references type="weak" candidates="338" cleared="35" enqueued="0" />
  <heap-resize type="expand" space="tenure" amount="27262976" count="26" timems="8.162" reason="continue current collection" />
</gc-op>
<gc-end id="1521" type="scavenge" contextid="1517" durationms="96.753" usertimems="681.017" systemtimems="0.036" timestamp="2020-09-11T09:54:00.522" activeThreads="8">
  <mem-info id="1522" free="719320480" total="1906245632" percent="37">
    <mem type="nursery" free="660525216" total="939524096" percent="70">
      <mem type="allocate" free="660525216" total="754253824" percent="87" />
      <mem type="survivor" free="0" total="185270272" percent="0" />
    </mem>
    <mem type="tenure" free="58795264" total="966721536" percent="6" macro-fragmented="19260884">
      <mem type="soa" free="791808" total="908718080" percent="0" />
      <mem type="loa" free="58003456" total="58003456" percent="100" />
    </mem>
    <remembered-set count="23690" />
  </mem-info>
</gc-end>
<cycle-end id="1523" type="scavenge" contextid="1517" timestamp="2020-09-11T09:54:00.526" />
<allocation-satisfied id="1524" threadId="000000000084FB00" bytesRequested="120" />
<af-end id="1525" timestamp="2020-09-11T09:54:00.526" threadId="0000000000850480" success="true" from="nursery"/>
<exclusive-end id="1526" timestamp="2020-09-11T09:54:00.526" durationms="101.770" />

<exclusive-start id="1527" timestamp="2020-09-11T09:54:02.785" intervalms="2361.404">
  <response-info timems="0.668" idlems="0.668" threads="0" lastid="000000000089C800" lastname="Group1.Backend.CompositeBackend{Tier1}.7" />
</exclusive-start>
<af-start id="1528" threadId="000000000089D180" totalBytesRequested="112" timestamp="2020-09-11T09:54:02.786" intervalms="2361.346" type="nursery" />
<cycle-start id="1529" type="scavenge" contextid="0" timestamp="2020-09-11T09:54:02.786" intervalms="2361.344" />
<gc-start id="1530" type="scavenge" contextid="1529" timestamp="2020-09-11T09:54:02.787">
  <mem-info id="1531" free="58795264" total="1906245632" percent="3">
    <mem type="nursery" free="0" total="939524096" percent="0">
      <mem type="allocate" free="0" total="754253824" percent="0" />
      <mem type="survivor" free="0" total="185270272" percent="0" />
    </mem>
    <mem type="tenure" free="58795264" total="966721536" percent="6">
      <mem type="soa" free="791808" total="908718080" percent="0" />
      <mem type="loa" free="58003456" total="58003456" percent="100" />
    </mem>
    <remembered-set count="141671" />
  </mem-info>
</gc-start>
<allocation-stats totalBytes="660146088" >
  <allocated-bytes non-tlh="24088600" tlh="636057488" />
  <largest-consumer threadName="Group1.Backend.CompositeBackend{Tier1}.8" threadId="000000000084FB00" bytes="106892056" />
</allocation-stats>
<gc-op id="1532" type="scavenge" timems="105.218" contextid="1529" timestamp="2020-09-11T09:54:02.892">
  <scavenger-info tenureage="3" tenuremask="fff8" tiltratio="80" />
  <memory-copied type="nursery" objects="3270856" bytes="89389056" bytesdiscarded="229016" />
  <memory-copied type="tenure" objects="930059" bytes="25202728" bytesdiscarded="7800" />
  <finalization candidates="1" enqueued="0" />
  <ownableSynchronizers candidates="154858" cleared="105204" />
  <references type="soft" candidates="42899" cleared="0" enqueued="0" dynamicThreshold="11" maxThreshold="32" />
  <references type="weak" candidates="334" cleared="40" enqueued="0" />
  <heap-resize type="expand" space="tenure" amount="26214400" count="25" timems="10.456" reason="continue current collection" />
</gc-op>
<gc-end id="1533" type="scavenge" contextid="1529" durationms="106.561" usertimems="729.097" systemtimems="18.313" timestamp="2020-09-11T09:54:02.893" activeThreads="8">
  <mem-info id="1534" free="740418624" total="1932460032" percent="38">
    <mem type="nursery" free="680630336" total="939524096" percent="72">
      <mem type="allocate" free="680630336" total="770375680" percent="88" />
      <mem type="survivor" free="0" total="169148416" percent="0" />
    </mem>
    <mem type="tenure" free="59788288" total="992935936" percent="6" macro-fragmented="0">
      <mem type="soa" free="211968" total="933359616" percent="0" />
      <mem type="loa" free="59576320" total="59576320" percent="100" />
    </mem>
    <remembered-set count="25246" />
  </mem-info>
</gc-end>
<cycle-end id="1535" type="scavenge" contextid="1529" timestamp="2020-09-11T09:54:02.898" />
<allocation-satisfied id="1536" threadId="000000000089C800" bytesRequested="112" />
<af-end id="1537" timestamp="2020-09-11T09:54:02.898" threadId="000000000089D180" success="true" from="nursery"/>
<exclusive-end id="1538" timestamp="2020-09-11T09:54:02.898" durationms="113.155" />

<exclusive-start id="1539" timestamp="2020-09-11T09:54:04.950" intervalms="2164.315">
  <response-info timems="2.243" idlems="2.243" threads="0" lastid="000000000084FB00" lastname="Group1.Backend.CompositeBackend{Tier1}.8" />
</exclusive-start>
<af-start id="1540" threadId="0000000000850480" totalBytesRequested="48" timestamp="2020-09-11T09:54:04.950" intervalms="2164.362" type="nursery" />
<cycle-start id="1541" type="scavenge" contextid="0" timestamp="2020-09-11T09:54:04.951" intervalms="2164.362" />
<gc-start id="1542" type="scavenge" contextid="1541" timestamp="2020-09-11T09:54:04.951">
  <mem-info id="1543" free="59788288" total="1932460032" percent="3">
    <mem type="nursery" free="0" total="939524096" percent="0">
      <mem type="allocate" free="0" total="770375680" percent="0" />
      <mem type="survivor" free="0" total="169148416" percent="0" />
    </mem>
    <mem type="tenure" free="59788288" total="992935936" percent="6">
      <mem type="soa" free="211968" total="933359616" percent="0" />
      <mem type="loa" free="59576320" total="59576320" percent="100" />
    </mem>
    <remembered-set count="146272" />
  </mem-info>
</gc-start>
<allocation-stats totalBytes="680217008" >
  <allocated-bytes non-tlh="20476240" tlh="659740768" />
  <largest-consumer threadName="Group1.Backend.CompositeBackend{Tier1}.8" threadId="000000000084FB00" bytes="99901152" />
</allocation-stats>
<gc-op id="1544" type="scavenge" timems="97.597" contextid="1541" timestamp="2020-09-11T09:54:05.049">
  <scavenger-info tenureage="3" tenuremask="fff8" tiltratio="81" />
  <memory-copied type="nursery" objects="3331439" bytes="90488056" bytesdiscarded="301928" />
  <memory-copied type="tenure" objects="962903" bytes="26808912" bytesdiscarded="8056" />
  <ownableSynchronizers candidates="161020" cleared="109956" />
  <references type="soft" candidates="39314" cleared="0" enqueued="0" dynamicThreshold="11" maxThreshold="32" />
  <references type="weak" candidates="343" cleared="40" enqueued="0" />
  <heap-resize type="expand" space="tenure" amount="28311552" count="27" timems="8.910" reason="continue current collection" />
</gc-op>
<gc-end id="1545" type="scavenge" contextid="1541" durationms="98.704" usertimems="688.326" systemtimems="9.432" timestamp="2020-09-11T09:54:05.050" activeThreads="8">
  <mem-info id="1546" free="754071456" total="1960771584" percent="38">
    <mem type="nursery" free="692756384" total="939524096" percent="73">
      <mem type="allocate" free="692756384" total="783679488" percent="88" />
      <mem type="survivor" free="0" total="155844608" percent="0" />
    </mem>
    <mem type="tenure" free="61315072" total="1021247488" percent="6" macro-fragmented="0">
      <mem type="soa" free="39936" total="959972352" percent="0" />
      <mem type="loa" free="61275136" total="61275136" percent="100" />
    </mem>
    <remembered-set count="28217" />
  </mem-info>
</gc-end>
<cycle-end id="1547" type="scavenge" contextid="1541" timestamp="2020-09-11T09:54:05.057" />
<allocation-satisfied id="1548" threadId="000000000084FB00" bytesRequested="48" />
<af-end id="1549" timestamp="2020-09-11T09:54:05.057" threadId="0000000000850480" success="true" from="nursery"/>
<exclusive-end id="1550" timestamp="2020-09-11T09:54:05.057" durationms="107.640" />

<exclusive-start id="1551" timestamp="2020-09-11T09:54:07.103" intervalms="2153.179">
  <response-info timems="1.983" idlems="1.983" threads="0" lastid="000000000085F900" lastname="Group1.Backend.CompositeBackend{Tier1}.3" />
</exclusive-start>
<af-start id="1552" threadId="0000000000860280" totalBytesRequested="16" timestamp="2020-09-11T09:54:07.104" intervalms="2153.231" type="nursery" />
<cycle-start id="1553" type="scavenge" contextid="0" timestamp="2020-09-11T09:54:07.104" intervalms="2153.245" />
<gc-start id="1554" type="scavenge" contextid="1553" timestamp="2020-09-11T09:54:07.104">
  <mem-info id="1555" free="61315072" total="1960771584" percent="3">
    <mem type="nursery" free="0" total="939524096" percent="0">
      <mem type="allocate" free="0" total="783679488" percent="0" />
      <mem type="survivor" free="0" total="155844608" percent="0" />
    </mem>
    <mem type="tenure" free="61315072" total="1021247488" percent="6">
      <mem type="soa" free="39936" total="959972352" percent="0" />
      <mem type="loa" free="61275136" total="61275136" percent="100" />
    </mem>
    <remembered-set count="150709" />
  </mem-info>
</gc-start>
<allocation-stats totalBytes="692345744" >
  <allocated-bytes non-tlh="21069360" tlh="671276384" />
  <largest-consumer threadName="Group1.Backend.CompositeBackend{Tier1}.2" threadId="00000000007C9200" bytes="107952944" />
</allocation-stats>
<gc-op id="1556" type="scavenge" timems="90.258" contextid="1553" timestamp="2020-09-11T09:54:07.195">
  <scavenger-info tenureage="3" tenuremask="fff8" tiltratio="83" />
  <memory-copied type="nursery" objects="3441210" bytes="94504328" bytesdiscarded="125168" />
  <memory-copied type="tenure" objects="962766" bytes="26205304" bytesdiscarded="5800" />
  <ownableSynchronizers candidates="165990" cleared="113520" />
  <references type="soft" candidates="37616" cleared="0" enqueued="0" dynamicThreshold="11" maxThreshold="32" />
  <references type="weak" candidates="298" cleared="35" enqueued="0" />
  <heap-resize type="expand" space="tenure" amount="28311552" count="27" timems="7.915" reason="continue current collection" />
</gc-op>
<gc-end id="1557" type="scavenge" contextid="1553" durationms="91.252" usertimems="671.881" systemtimems="4.282" timestamp="2020-09-11T09:54:07.195" activeThreads="8">
  <mem-info id="1558" free="761288056" total="1989083136" percent="38">
    <mem type="nursery" free="698023800" total="939524096" percent="74">
      <mem type="allocate" free="698023800" total="792788992" percent="88" />
      <mem type="survivor" free="0" total="146735104" percent="0" />
    </mem>
    <mem type="tenure" free="63264256" total="1049559040" percent="6" macro-fragmented="27735676">
      <mem type="soa" free="290304" total="986585088" percent="0" />
      <mem type="loa" free="62973952" total="62973952" percent="100" />
    </mem>
    <remembered-set count="26660" />
  </mem-info>
</gc-end>
<cycle-end id="1559" type="scavenge" contextid="1553" timestamp="2020-09-11T09:54:07.200" />
<allocation-satisfied id="1560" threadId="000000000085F900" bytesRequested="16" />
<af-end id="1561" timestamp="2020-09-11T09:54:07.200" threadId="0000000000860280" success="true" from="nursery"/>
<exclusive-end id="1562" timestamp="2020-09-11T09:54:07.200" durationms="97.245" />

<exclusive-start id="1563" timestamp="2020-09-11T09:54:09.083" intervalms="1979.925">
  <response-info timems="0.241" idlems="0.241" threads="0" lastid="000000000086B200" lastname="Group1.Backend.CompositeBackend{Tier1}.4" />
</exclusive-start>
<af-start id="1564" threadId="000000000086BB80" totalBytesRequested="3176" timestamp="2020-09-11T09:54:09.083" intervalms="1979.818" type="nursery" />
<cycle-start id="1565" type="scavenge" contextid="0" timestamp="2020-09-11T09:54:09.084" intervalms="1979.817" />
<gc-start id="1566" type="scavenge" contextid="1565" timestamp="2020-09-11T09:54:09.084">
  <mem-info id="1567" free="63264256" total="1989083136" percent="3">
    <mem type="nursery" free="0" total="939524096" percent="0">
      <mem type="allocate" free="0" total="792788992" percent="0" />
      <mem type="survivor" free="0" total="146735104" percent="0" />
    </mem>
    <mem type="tenure" free="63264256" total="1049559040" percent="6">
      <mem type="soa" free="290304" total="986585088" percent="0" />
      <mem type="loa" free="62973952" total="62973952" percent="100" />
    </mem>
    <remembered-set count="146639" />
  </mem-info>
</gc-start>
<allocation-stats totalBytes="697589240" >
  <allocated-bytes non-tlh="26210720" tlh="671378520" />
  <largest-consumer threadName="Group1.Backend.CompositeBackend{Tier1}.3" threadId="000000000085F900" bytes="129182696" />
</allocation-stats>
<gc-op id="1568" type="scavenge" timems="83.616" contextid="1565" timestamp="2020-09-11T09:54:09.168">
  <scavenger-info tenureage="3" tenuremask="fff8" tiltratio="84" />
  <memory-copied type="nursery" objects="3456289" bytes="95098264" bytesdiscarded="128200" />
  <memory-copied type="tenure" objects="968648" bytes="26243064" bytesdiscarded="7680" />
  <ownableSynchronizers candidates="161657" cleared="108620" />
  <references type="soft" candidates="36057" cleared="0" enqueued="0" dynamicThreshold="11" maxThreshold="32" />
  <references type="weak" candidates="525" cleared="85" enqueued="35" />
  <heap-resize type="expand" space="tenure" amount="28311552" count="27" timems="8.366" reason="continue current collection" />
</gc-op>
<gc-end id="1569" type="scavenge" contextid="1565" durationms="84.686" usertimems="616.107" systemtimems="5.522" timestamp="2020-09-11T09:54:09.169" activeThreads="8">
  <mem-info id="1570" free="770570712" total="2017394688" percent="38">
    <mem type="nursery" free="705290456" total="939524096" percent="75">
      <mem type="allocate" free="705290456" total="800653312" percent="88" />
      <mem type="survivor" free="0" total="138870784" percent="0" />
    </mem>
    <mem type="tenure" free="65280256" total="1077870592" percent="6" macro-fragmented="27735676">
      <mem type="soa" free="607488" total="1013197824" percent="0" />
      <mem type="loa" free="64672768" total="64672768" percent="100" />
    </mem>
    <pending-finalizers system="0" default="0" reference="35" classloader="0" />
    <remembered-set count="24124" />
  </mem-info>
</gc-end>
<cycle-end id="1571" type="scavenge" contextid="1565" timestamp="2020-09-11T09:54:09.176" />
<allocation-satisfied id="1572" threadId="000000000086B200" bytesRequested="3176" />
<af-end id="1573" timestamp="2020-09-11T09:54:09.176" threadId="000000000086BB80" success="true" from="nursery"/>
<exclusive-end id="1574" timestamp="2020-09-11T09:54:09.176" durationms="92.909" />

<exclusive-start id="1575" timestamp="2020-09-11T09:54:10.948" intervalms="1865.149">
  <response-info timems="0.290" idlems="0.207" threads="1" lastid="000000000088D900" lastname="Group1.Backend.CompositeBackend{Tier1}.6" />
</exclusive-start>
<af-start id="1576" threadId="000000000089D180" totalBytesRequested="48" timestamp="2020-09-11T09:54:10.949" intervalms="1865.101" type="nursery" />
<cycle-start id="1577" type="scavenge" contextid="0" timestamp="2020-09-11T09:54:10.949" intervalms="1865.084" />
<gc-start id="1578" type="scavenge" contextid="1577" timestamp="2020-09-11T09:54:10.949">
  <mem-info id="1579" free="65280256" total="2017394688" percent="3">
    <mem type="nursery" free="0" total="939524096" percent="0">
      <mem type="allocate" free="0" total="800653312" percent="0" />
      <mem type="survivor" free="0" total="138870784" percent="0" />
    </mem>
    <mem type="tenure" free="65280256" total="1077870592" percent="6">
      <mem type="soa" free="607488" total="1013197824" percent="0" />
      <mem type="loa" free="64672768" total="64672768" percent="100" />
    </mem>
    <remembered-set count="147668" />
  </mem-info>
</gc-start>
<allocation-stats totalBytes="704865608" >
  <allocated-bytes non-tlh="25279016" tlh="679586592" />
  <largest-consumer threadName="Group1.Backend.CompositeBackend{Tier1}.3" threadId="000000000085F900" bytes="110099568" />
</allocation-stats>
<gc-op id="1580" type="scavenge" timems="92.957" contextid="1577" timestamp="2020-09-11T09:54:11.042">
  <scavenger-info tenureage="3" tenuremask="7ff8" tiltratio="85" />
  <memory-copied type="nursery" objects="3473678" bytes="95168168" bytesdiscarded="190648" />
  <memory-copied type="tenure" objects="1004671" bytes="27570904" bytesdiscarded="9064" />
  <ownableSynchronizers candidates="167424" cleared="113420" />
  <references type="soft" candidates="35166" cleared="0" enqueued="0" dynamicThreshold="11" maxThreshold="32" />
  <references type="weak" candidates="306" cleared="30" enqueued="0" />
  <heap-resize type="expand" space="tenure" amount="29360128" count="28" timems="7.946" reason="continue current collection" />
</gc-op>
<gc-end id="1581" type="scavenge" contextid="1577" durationms="94.220" usertimems="706.758" systemtimems="6.708" timestamp="2020-09-11T09:54:11.043" activeThreads="8">
  <mem-info id="1582" free="778674784" total="2046754816" percent="38">
    <mem type="nursery" free="711580256" total="939524096" percent="75">
      <mem type="allocate" free="711580256" total="807075840" percent="88" />
      <mem type="survivor" free="0" total="132448256" percent="0" />
    </mem>
    <mem type="tenure" free="67094528" total="1107230720" percent="6" macro-fragmented="27735676">
      <mem type="soa" free="660480" total="1040796672" percent="0" />
      <mem type="loa" free="66434048" total="66434048" percent="100" />
    </mem>
    <remembered-set count="23458" />
  </mem-info>
</gc-end>
<cycle-end id="1583" type="scavenge" contextid="1577" timestamp="2020-09-11T09:54:11.047" />
<allocation-satisfied id="1584" threadId="000000000089C800" bytesRequested="48" />
<af-end id="1585" timestamp="2020-09-11T09:54:11.047" threadId="000000000089D180" success="true" from="nursery"/>
<exclusive-end id="1586" timestamp="2020-09-11T09:54:11.047" durationms="99.113" />

<exclusive-start id="1587" timestamp="2020-09-11T09:54:12.838" intervalms="1890.034">
  <response-info timems="0.470" idlems="0.470" threads="0" lastid="000000000086B200" lastname="Group1.Backend.CompositeBackend{Tier1}.4" />
</exclusive-start>
<af-start id="1588" threadId="000000000086BB80" totalBytesRequested="264" timestamp="2020-09-11T09:54:12.839" intervalms="1890.178" type="nursery" />
<cycle-start id="1589" type="scavenge" contextid="0" timestamp="2020-09-11T09:54:12.839" intervalms="1890.191" />
<gc-start id="1590" type="scavenge" contextid="1589" timestamp="2020-09-11T09:54:12.840">
  <mem-info id="1591" free="67094528" total="2046754816" percent="3">
    <mem type="nursery" free="0" total="939524096" percent="0">
      <mem type="allocate" free="0" total="807075840" percent="0" />
      <mem type="survivor" free="0" total="132448256" percent="0" />
    </mem>
    <mem type="tenure" free="67094528" total="1107230720" percent="6">
      <mem type="soa" free="660480" total="1040796672" percent="0" />
      <mem type="loa" free="66434048" total="66434048" percent="100" />
    </mem>
    <remembered-set count="148309" />
  </mem-info>
</gc-start>
<allocation-stats totalBytes="711168160" >
  <allocated-bytes non-tlh="22563000" tlh="688605160" />
  <largest-consumer threadName="Group1.Backend.CompositeBackend{Tier1}.6" threadId="000000000088D900" bytes="129247088" />
</allocation-stats>
<gc-op id="1592" type="scavenge" timems="80.756" contextid="1589" timestamp="2020-09-11T09:54:12.920">
  <scavenger-info tenureage="3" tenuremask="7ff8" tiltratio="85" />
  <memory-copied type="nursery" objects="3473317" bytes="94227616" bytesdiscarded="196200" />
  <memory-copied type="tenure" objects="1044810" bytes="29481384" bytesdiscarded="8104" />
  <ownableSynchronizers candidates="169926" cleared="115286" />
  <references type="soft" candidates="34339" cleared="0" enqueued="0" dynamicThreshold="11" maxThreshold="32" />
  <references type="weak" candidates="322" cleared="30" enqueued="0" />
  <heap-resize type="expand" space="tenure" amount="31457280" count="30" timems="8.377" reason="continue current collection" />
</gc-op>
<gc-end id="1593" type="scavenge" contextid="1589" durationms="81.748" usertimems="580.666" systemtimems="12.276" timestamp="2020-09-11T09:54:12.921" activeThreads="8">
  <mem-info id="1594" free="786743032" total="2078212096" percent="37">
    <mem type="nursery" free="717691384" total="939524096" percent="76">
      <mem type="allocate" free="717691384" total="812253184" percent="88" />
      <mem type="survivor" free="0" total="127270912" percent="0" />
    </mem>
    <mem type="tenure" free="69051648" total="1138688000" percent="6" macro-fragmented="0">
      <mem type="soa" free="730368" total="1070366720" percent="0" />
      <mem type="loa" free="68321280" total="68321280" percent="100" />
    </mem>
    <remembered-set count="27303" />
  </mem-info>
</gc-end>
<cycle-end id="1595" type="scavenge" contextid="1589" timestamp="2020-09-11T09:54:12.923" />
<allocation-satisfied id="1596" threadId="000000000086B200" bytesRequested="264" />
<af-end id="1597" timestamp="2020-09-11T09:54:12.924" threadId="000000000086BB80" success="true" from="nursery"/>
<exclusive-end id="1598" timestamp="2020-09-11T09:54:12.924" durationms="85.600" />

<exclusive-start id="1599" timestamp="2020-09-11T09:54:14.599" intervalms="1760.835">
  <response-info timems="9.140" idlems="9.140" threads="0" lastid="000000000085F900" lastname="Group1.Backend.CompositeBackend{Tier1}.3" />
</exclusive-start>
<af-start id="1600" threadId="0000000000860280" totalBytesRequested="40" timestamp="2020-09-11T09:54:14.600" intervalms="1760.895" type="nursery" />
<cycle-start id="1601" type="scavenge" contextid="0" timestamp="2020-09-11T09:54:14.600" intervalms="1760.935" />
<gc-start id="1602" type="scavenge" contextid="1601" timestamp="2020-09-11T09:54:14.600">
  <mem-info id="1603" free="69051648" total="2078212096" percent="3">
    <mem type="nursery" free="0" total="939524096" percent="0">
      <mem type="allocate" free="0" total="812253184" percent="0" />
      <mem type="survivor" free="0" total="127270912" percent="0" />
    </mem>
    <mem type="tenure" free="69051648" total="1138688000" percent="6">
      <mem type="soa" free="730368" total="1070366720" percent="0" />
      <mem type="loa" free="68321280" total="68321280" percent="100" />
    </mem>
    <remembered-set count="152252" />
  </mem-info>
</gc-start>
<allocation-stats totalBytes="717274344" >
  <allocated-bytes non-tlh="24830296" tlh="692444048" />
  <largest-consumer threadName="Group1.Backend.CompositeBackend{Tier1}.6" threadId="000000000088D900" bytes="119258912" />
</allocation-stats>
<gc-op id="1604" type="scavenge" timems="114.507" contextid="1601" timestamp="2020-09-11T09:54:14.715">
  <scavenger-info tenureage="3" tenuremask="7ff8" tiltratio="86" />
  <memory-copied type="nursery" objects="4009196" bytes="106647320" bytesdiscarded="340848" />
  <memory-copied type="tenure" objects="976546" bytes="26617248" bytesdiscarded="9784" />
  <ownableSynchronizers candidates="168447" cleared="113768" />
  <references type="soft" candidates="34105" cleared="0" enqueued="0" dynamicThreshold="11" maxThreshold="32" />
  <references type="weak" candidates="320" cleared="30" enqueued="0" />
  <heap-resize type="expand" space="tenure" amount="28311552" count="27" timems="8.977" reason="continue current collection" />
</gc-op>
<gc-end id="1605" type="scavenge" contextid="1601" durationms="115.876" usertimems="835.583" systemtimems="8.399" timestamp="2020-09-11T09:54:14.716" activeThreads="8">
  <mem-info id="1606" free="770975048" total="2106523648" percent="36">
    <mem type="nursery" free="700209224" total="939524096" percent="74">
      <mem type="allocate" free="700209224" total="807337984" percent="86" />
      <mem type="survivor" free="0" total="132186112" percent="0" />
    </mem>
    <mem type="tenure" free="70765824" total="1166999552" percent="6" macro-fragmented="0">
      <mem type="soa" free="745728" total="1096979456" percent="0" />
      <mem type="loa" free="70020096" total="70020096" percent="100" />
    </mem>
    <remembered-set count="29188" />
  </mem-info>
</gc-end>
<cycle-end id="1607" type="scavenge" contextid="1601" timestamp="2020-09-11T09:54:14.722" />
<allocation-satisfied id="1608" threadId="000000000085F900" bytesRequested="40" />
<af-end id="1609" timestamp="2020-09-11T09:54:14.723" threadId="0000000000860280" success="true" from="nursery"/>
<exclusive-end id="1610" timestamp="2020-09-11T09:54:14.723" durationms="123.803" />

<exclusive-start id="1611" timestamp="2020-09-11T09:54:16.308" intervalms="1709.555">
  <response-info timems="0.404" idlems="0.404" threads="0" lastid="000000000078AB00" lastname="Group1.Backend.CompositeBackend{Tier1}.1" />
</exclusive-start>
<af-start id="1612" threadId="000000000078B480" totalBytesRequested="16" timestamp="2020-09-11T09:54:16.309" intervalms="1709.481" type="nursery" />
<cycle-start id="1613" type="scavenge" contextid="0" timestamp="2020-09-11T09:54:16.309" intervalms="1709.467" />
<gc-start id="1614" type="scavenge" contextid="1613" timestamp="2020-09-11T09:54:16.310">
  <mem-info id="1615" free="70765824" total="2106523648" percent="3">
    <mem type="nursery" free="0" total="939524096" percent="0">
      <mem type="allocate" free="0" total="807337984" percent="0" />
      <mem type="survivor" free="0" total="132186112" percent="0" />
    </mem>
    <mem type="tenure" free="70765824" total="1166999552" percent="6">
      <mem type="soa" free="745728" total="1096979456" percent="0" />
      <mem type="loa" free="70020096" total="70020096" percent="100" />
    </mem>
    <remembered-set count="156428" />
  </mem-info>
</gc-start>
<allocation-stats totalBytes="699769200" >
  <allocated-bytes non-tlh="21265368" tlh="678503832" />
  <largest-consumer threadName="Group1.Backend.CompositeBackend{Tier1}.6" threadId="000000000088D900" bytes="120813024" />
</allocation-stats>
<gc-op id="1616" type="scavenge" timems="103.057" contextid="1613" timestamp="2020-09-11T09:54:16.413">
  <scavenger-info tenureage="3" tenuremask="7ff8" tiltratio="85" />
  <memory-copied type="nursery" objects="3602112" bytes="99519680" bytesdiscarded="96584" />
  <memory-copied type="tenure" objects="1024907" bytes="27724224" bytesdiscarded="9560" />
  <ownableSynchronizers candidates="172663" cleared="116968" />
  <references type="soft" candidates="33899" cleared="0" enqueued="0" dynamicThreshold="11" maxThreshold="32" />
  <references type="weak" candidates="304" cleared="30" enqueued="0" />
  <heap-resize type="expand" space="tenure" amount="29360128" count="28" timems="7.537" reason="continue current collection" />
</gc-op>
<gc-end id="1617" type="scavenge" contextid="1613" durationms="104.020" usertimems="729.343" systemtimems="0.500" timestamp="2020-09-11T09:54:16.414" activeThreads="8">
  <mem-info id="1618" free="782494184" total="2135883776" percent="36">
    <mem type="nursery" free="710136808" total="939524096" percent="75">
      <mem type="allocate" free="710136808" total="809893888" percent="87" />
      <mem type="survivor" free="0" total="129630208" percent="0" />
    </mem>
    <mem type="tenure" free="72357376" total="1196359680" percent="6" macro-fragmented="242284">
      <mem type="soa" free="574976" total="1124577280" percent="0" />
      <mem type="loa" free="71782400" total="71782400" percent="100" />
    </mem>
    <remembered-set count="29200" />
  </mem-info>
</gc-end>
<cycle-end id="1619" type="scavenge" contextid="1613" timestamp="2020-09-11T09:54:16.416" />
<allocation-satisfied id="1620" threadId="000000000078AB00" bytesRequested="16" />
<af-end id="1621" timestamp="2020-09-11T09:54:16.416" threadId="000000000078B480" success="true" from="nursery"/>
<exclusive-end id="1622" timestamp="2020-09-11T09:54:16.416" durationms="107.532" />

<exclusive-start id="1623" timestamp="2020-09-11T09:54:17.853" intervalms="1544.485">
  <response-info timems="0.368" idlems="0.368" threads="0" lastid="000000000088D900" lastname="Group1.Backend.CompositeBackend{Tier1}.6" />
</exclusive-start>
<af-start id="1624" threadId="000000000088E280" totalBytesRequested="520" timestamp="2020-09-11T09:54:17.854" intervalms="1544.436" type="nursery" />
<cycle-start id="1625" type="scavenge" contextid="0" timestamp="2020-09-11T09:54:17.854" intervalms="1544.426" />
<gc-start id="1626" type="scavenge" contextid="1625" timestamp="2020-09-11T09:54:17.854">
  <mem-info id="1627" free="72357320" total="2135883776" percent="3">
    <mem type="nursery" free="0" total="939524096" percent="0">
      <mem type="allocate" free="0" total="809893888" percent="0" />
      <mem type="survivor" free="0" total="129630208" percent="0" />
    </mem>
    <mem type="tenure" free="72357320" total="1196359680" percent="6">
      <mem type="soa" free="574920" total="1124577280" percent="0" />
      <mem type="loa" free="71782400" total="71782400" percent="100" />
    </mem>
    <remembered-set count="152165" />
  </mem-info>
</gc-start>
<allocation-stats totalBytes="709735896" >
  <allocated-bytes non-tlh="33030088" tlh="676705808" />
  <largest-consumer threadName="Group1.Backend.CompositeBackend{Tier1}.6" threadId="000000000088D900" bytes="134016416" />
</allocation-stats>
<gc-op id="1628" type="scavenge" timems="101.976" contextid="1625" timestamp="2020-09-11T09:54:17.956">
  <scavenger-info tenureage="3" tenuremask="7ff8" tiltratio="86" />
  <memory-copied type="nursery" objects="3527264" bytes="97465096" bytesdiscarded="265096" />
  <memory-copied type="tenure" objects="1041801" bytes="28442784" bytesdiscarded="7688" />
  <ownableSynchronizers candidates="162924" cleared="107893" />
  <references type="soft" candidates="32755" cleared="0" enqueued="0" dynamicThreshold="11" maxThreshold="32" />
  <references type="weak" candidates="599" cleared="283" enqueued="228" />
  <heap-resize type="expand" space="tenure" amount="30408704" count="29" timems="8.257" reason="continue current collection" />
</gc-op>
<gc-end id="1629" type="scavenge" contextid="1625" durationms="103.203" usertimems="699.010" systemtimems="4.299" timestamp="2020-09-11T09:54:17.957" activeThreads="8">
  <mem-info id="1630" free="789916576" total="2166292480" percent="36">
    <mem type="nursery" free="715630752" total="939524096" percent="76">
      <mem type="allocate" free="715630752" total="813498368" percent="87" />
      <mem type="survivor" free="0" total="126025728" percent="0" />
    </mem>
    <mem type="tenure" free="74285824" total="1226768384" percent="6" macro-fragmented="0">
      <mem type="soa" free="679680" total="1153162240" percent="0" />
      <mem type="loa" free="73606144" total="73606144" percent="100" />
    </mem>
    <pending-finalizers system="0" default="0" reference="228" classloader="0" />
    <remembered-set count="30845" />
  </mem-info>
</gc-end>
<cycle-end id="1631" type="scavenge" contextid="1625" timestamp="2020-09-11T09:54:17.961" />
<allocation-satisfied id="1632" threadId="000000000088D900" bytesRequested="520" />
<af-end id="1633" timestamp="2020-09-11T09:54:17.961" threadId="000000000088E280" success="true" from="nursery"/>
<exclusive-end id="1634" timestamp="2020-09-11T09:54:17.961" durationms="108.332" />

<exclusive-start id="1635" timestamp="2020-09-11T09:54:19.395" intervalms="1542.065">
  <response-info timems="0.521" idlems="0.521" threads="0" lastid="00000000007C9200" lastname="Group1.Backend.CompositeBackend{Tier1}.2" />
</exclusive-start>
<af-start id="1636" threadId="00000000007C9B80" totalBytesRequested="40" timestamp="2020-09-11T09:54:19.396" intervalms="1542.146" type="nursery" />
<percolate-collect id="1637" from="nursery" to="global" reason="met projected tenure max free" timestamp="2020-09-11T09:54:19.396"/>
<cycle-start id="1638" type="global" contextid="0" timestamp="2020-09-11T09:54:19.396" intervalms="46849.474" />
<gc-start id="1639" type="global" contextid="1638" timestamp="2020-09-11T09:54:19.397">
  <mem-info id="1640" free="74285824" total="2166292480" percent="3">
    <mem type="nursery" free="0" total="939524096" percent="0">
      <mem type="allocate" free="0" total="813498368" percent="0" />
      <mem type="survivor" free="0" total="126025728" percent="0" />
    </mem>
    <mem type="tenure" free="74285824" total="1226768384" percent="6">
      <mem type="soa" free="679680" total="1153162240" percent="0" />
      <mem type="loa" free="73606144" total="73606144" percent="100" />
    </mem>
    <remembered-set count="155295" />
  </mem-info>
</gc-start>
<allocation-stats totalBytes="715236072" >
  <allocated-bytes non-tlh="27307336" tlh="687928736" />
  <largest-consumer threadName="Group1.Backend.CompositeBackend{Tier1}.6" threadId="000000000088D900" bytes="107863472" />
</allocation-stats>
<gc-op id="1641" type="mark" timems="497.462" contextid="1638" timestamp="2020-09-11T09:54:19.894">
  <trace-info objectcount="29577489" scancount="28619373" scanbytes="786296892" />
  <finalization candidates="128" enqueued="0" />
  <ownableSynchronizers candidates="518271" cleared="111260" />
  <references type="soft" candidates="558456" cleared="0" enqueued="0" dynamicThreshold="11" maxThreshold="32" />
  <references type="weak" candidates="4696" cleared="637" enqueued="588" />
  <references type="phantom" candidates="107" cleared="0" enqueued="0" />
  <stringconstants candidates="11115" cleared="19"  />
</gc-op>
<gc-op id="1642" type="sweep" timems="8.719" contextid="1638" timestamp="2020-09-11T09:54:19.903" />
<gc-end id="1643" type="global" contextid="1638" durationms="507.240" usertimems="3679.246" systemtimems="30.338" timestamp="2020-09-11T09:54:19.904" activeThreads="8">
  <mem-info id="1644" free="1134332968" total="2166292480" percent="52">
    <mem type="nursery" free="629603560" total="939524096" percent="67">
      <mem type="allocate" free="629603560" total="813498368" percent="77" />
      <mem type="survivor" free="0" total="126025728" percent="0" />
    </mem>
    <mem type="tenure" free="504729408" total="1226768384" percent="41" micro-fragmented="3985501" macro-fragmented="140211">
      <mem type="soa" free="431123264" total="1153162240" percent="37" />
      <mem type="loa" free="73606144" total="73606144" percent="100" />
    </mem>
    <pending-finalizers system="0" default="0" reference="588" classloader="0" />
    <remembered-set count="137146" />
  </mem-info>
</gc-end>
<cycle-end id="1645" type="global" contextid="1638" timestamp="2020-09-11T09:54:19.906" />
<allocation-satisfied id="1646" threadId="00000000007C9200" bytesRequested="40" />
<af-end id="1647" timestamp="2020-09-11T09:54:19.906" threadId="00000000007C9B80" success="true" from="nursery"/>
<exclusive-end id="1648" timestamp="2020-09-11T09:54:19.906" durationms="510.953" />

<exclusive-start id="1649" timestamp="2020-09-11T09:54:20.853" intervalms="1457.849">
  <response-info timems="0.560" idlems="0.560" threads="0" lastid="000000000086B200" lastname="Group1.Backend.CompositeBackend{Tier1}.4" />
</exclusive-start>
<af-start id="1650" threadId="000000000086BB80" totalBytesRequested="262152" timestamp="2020-09-11T09:54:20.854" intervalms="1457.862" type="nursery" />
<cycle-start id="1651" type="scavenge" contextid="0" timestamp="2020-09-11T09:54:20.854" intervalms="3000.010" />
<gc-start id="1652" type="scavenge" contextid="1651" timestamp="2020-09-11T09:54:20.854">
  <mem-info id="1653" free="510988184" total="2166292480" percent="23">
    <mem type="nursery" free="6258824" total="939524096" percent="0">
      <mem type="allocate" free="6258824" total="813498368" percent="0" />
      <mem type="survivor" free="0" total="126025728" percent="0" />
    </mem>
    <mem type="tenure" free="504729360" total="1226768384" percent="41">
      <mem type="soa" free="431123216" total="1153162240" percent="37" />
      <mem type="loa" free="73606144" total="73606144" percent="100" />
    </mem>
    <remembered-set count="183483" />
  </mem-info>
</gc-start>
<allocation-stats totalBytes="619141296" >
  <allocated-bytes non-tlh="17885680" tlh="601255616" />
  <largest-consumer threadName="Group1.Backend.CompositeBackend{Tier1}.1" threadId="000000000078AB00" bytes="96059904" />
</allocation-stats>
<gc-op id="1654" type="scavenge" timems="140.247" contextid="1651" timestamp="2020-09-11T09:54:20.995">
  <scavenger-info tenureage="3" tenuremask="7ff8" tiltratio="86" />
  <memory-copied type="nursery" objects="4504123" bytes="125839440" bytesdiscarded="33952" />
  <memory-copied type="tenure" objects="1094182" bytes="30026328" bytesdiscarded="61416" />
  <copy-failed type="nursery" objects="133300" bytes="4086376" />
  <ownableSynchronizers candidates="922025" cleared="855817" />
  <references type="soft" candidates="35873" cleared="0" enqueued="0" dynamicThreshold="13" maxThreshold="32" />
  <references type="weak" candidates="338" cleared="20" enqueued="0" />
</gc-op>
<gc-end id="1655" type="scavenge" contextid="1651" durationms="141.119" usertimems="1042.328" systemtimems="4.846" timestamp="2020-09-11T09:54:20.995" activeThreads="8">
  <mem-info id="1656" free="1106097640" total="2166292480" percent="51">
    <mem type="nursery" free="631570432" total="939524096" percent="67">
      <mem type="allocate" free="631570432" total="757596160" percent="83" />
      <mem type="survivor" free="0" total="181927936" percent="0" />
    </mem>
    <mem type="tenure" free="474527208" total="1226768384" percent="38" macro-fragmented="0">
      <mem type="soa" free="400921064" total="1153162240" percent="34" />
      <mem type="loa" free="73606144" total="73606144" percent="100" />
    </mem>
    <remembered-set count="34656" />
  </mem-info>
</gc-end>
<cycle-end id="1657" type="scavenge" contextid="1651" timestamp="2020-09-11T09:54:20.997" />
<allocation-satisfied id="1658" threadId="000000000086B200" bytesRequested="262152" />
<af-end id="1659" timestamp="2020-09-11T09:54:20.997" threadId="000000000086BB80" success="true" from="nursery"/>
<exclusive-end id="1660" timestamp="2020-09-11T09:54:20.997" durationms="144.609" />

<exclusive-start id="1661" timestamp="2020-09-11T09:54:22.420" intervalms="1567.419">
  <response-info timems="0.571" idlems="0.571" threads="0" lastid="000000000086B200" lastname="Group1.Backend.CompositeBackend{Tier1}.4" />
</exclusive-start>
<af-start id="1662" threadId="000000000086BB80" totalBytesRequested="520" timestamp="2020-09-11T09:54:22.421" intervalms="1567.383" type="nursery" />
<cycle-start id="1663" type="scavenge" contextid="0" timestamp="2020-09-11T09:54:22.421" intervalms="1567.378" />
<gc-start id="1664" type="scavenge" contextid="1663" timestamp="2020-09-11T09:54:22.422">
  <mem-info id="1665" free="474526720" total="2166292480" percent="21">
    <mem type="nursery" free="0" total="939524096" percent="0">
      <mem type="allocate" free="0" total="757596160" percent="0" />
      <mem type="survivor" free="0" total="181927936" percent="0" />
    </mem>
    <mem type="tenure" free="474526720" total="1226768384" percent="38">
      <mem type="soa" free="400920576" total="1153162240" percent="34" />
      <mem type="loa" free="73606144" total="73606144" percent="100" />
    </mem>
    <remembered-set count="159646" />
  </mem-info>
</gc-start>
<allocation-stats totalBytes="631201208" >
  <allocated-bytes non-tlh="18222352" tlh="612978856" />
  <largest-consumer threadName="Group1.Backend.CompositeBackend{Tier1}.4" threadId="000000000086B200" bytes="90949408" />
</allocation-stats>
<gc-op id="1666" type="scavenge" timems="112.240" contextid="1663" timestamp="2020-09-11T09:54:22.534">
  <scavenger-info tenureage="3" tenuremask="7ff8" tiltratio="80" />
  <memory-copied type="nursery" objects="4440510" bytes="122806808" bytesdiscarded="433760" />
  <memory-copied type="tenure" objects="988015" bytes="28633952" bytesdiscarded="62928" />
  <finalization candidates="3" enqueued="0" />
  <ownableSynchronizers candidates="141558" cleared="91147" />
  <references type="soft" candidates="34657" cleared="0" enqueued="0" dynamicThreshold="13" maxThreshold="32" />
  <references type="weak" candidates="664" cleared="326" enqueued="270" />
</gc-op>
<gc-end id="1667" type="scavenge" contextid="1663" durationms="113.372" usertimems="772.965" systemtimems="5.525" timestamp="2020-09-11T09:54:22.535" activeThreads="8">
  <mem-info id="1668" free="1087290464" total="2166292480" percent="50">
    <mem type="nursery" free="641516936" total="939524096" percent="68">
      <mem type="allocate" free="641516936" total="764870656" percent="83" />
      <mem type="survivor" free="0" total="174653440" percent="0" />
    </mem>
    <mem type="tenure" free="445773528" total="1226768384" percent="36" macro-fragmented="3145752">
      <mem type="soa" free="372167384" total="1153162240" percent="32" />
      <mem type="loa" free="73606144" total="73606144" percent="100" />
    </mem>
    <pending-finalizers system="0" default="0" reference="270" classloader="0" />
    <remembered-set count="33569" />
  </mem-info>
</gc-end>
<cycle-end id="1669" type="scavenge" contextid="1663" timestamp="2020-09-11T09:54:22.538" />
<allocation-satisfied id="1670" threadId="000000000086B200" bytesRequested="520" />
<af-end id="1671" timestamp="2020-09-11T09:54:22.538" threadId="000000000086BB80" success="true" from="nursery"/>
<exclusive-end id="1672" timestamp="2020-09-11T09:54:22.538" durationms="118.115" />

<exclusive-start id="1673" timestamp="2020-09-11T09:54:23.959" intervalms="1538.371">
  <response-info timems="1.452" idlems="1.452" threads="0" lastid="000000000087A000" lastname="Group1.Backend.CompositeBackend{Tier1}.5" />
</exclusive-start>
<af-start id="1674" threadId="000000000087A980" totalBytesRequested="16" timestamp="2020-09-11T09:54:23.959" intervalms="1538.230" type="nursery" />
<cycle-start id="1675" type="scavenge" contextid="0" timestamp="2020-09-11T09:54:23.959" intervalms="1538.204" />
<gc-start id="1676" type="scavenge" contextid="1675" timestamp="2020-09-11T09:54:23.960">
  <mem-info id="1677" free="445773528" total="2166292480" percent="20">
    <mem type="nursery" free="0" total="939524096" percent="0">
      <mem type="allocate" free="0" total="764870656" percent="0" />
      <mem type="survivor" free="0" total="174653440" percent="0" />
    </mem>
    <mem type="tenure" free="445773528" total="1226768384" percent="36">
      <mem type="soa" free="372167384" total="1153162240" percent="32" />
      <mem type="loa" free="73606144" total="73606144" percent="100" />
    </mem>
    <remembered-set count="161127" />
  </mem-info>
</gc-start>
<allocation-stats totalBytes="641149072" >
  <allocated-bytes non-tlh="28325416" tlh="612823656" />
  <largest-consumer threadName="Group1.Backend.CompositeBackend{Tier1}.5" threadId="000000000087A000" bytes="88521176" />
</allocation-stats>
<gc-op id="1678" type="scavenge" timems="110.734" contextid="1675" timestamp="2020-09-11T09:54:24.071">
  <scavenger-info tenureage="3" tenuremask="7ff8" tiltratio="81" />
  <memory-copied type="nursery" objects="4497316" bytes="123993112" bytesdiscarded="544792" />
  <memory-copied type="tenure" objects="893045" bytes="24191976" bytesdiscarded="62656" />
  <finalization candidates="3" enqueued="0" />
  <ownableSynchronizers candidates="126966" cleared="77780" />
  <references type="soft" candidates="33098" cleared="0" enqueued="0" dynamicThreshold="13" maxThreshold="32" />
  <references type="weak" candidates="386" cleared="44" enqueued="0" />
</gc-op>
<gc-end id="1679" type="scavenge" contextid="1675" durationms="111.869" usertimems="805.945" systemtimems="7.156" timestamp="2020-09-11T09:54:24.072" activeThreads="8">
  <mem-info id="1680" free="1068500704" total="2166292480" percent="49">
    <mem type="nursery" free="647096456" total="939524096" percent="68">
      <mem type="allocate" free="647096456" total="771751936" percent="83" />
      <mem type="survivor" free="0" total="167772160" percent="0" />
    </mem>
    <mem type="tenure" free="421404248" total="1226768384" percent="34" macro-fragmented="0">
      <mem type="soa" free="347798104" total="1153162240" percent="30" />
      <mem type="loa" free="73606144" total="73606144" percent="100" />
    </mem>
    <remembered-set count="31110" />
  </mem-info>
</gc-end>
<cycle-end id="1681" type="scavenge" contextid="1675" timestamp="2020-09-11T09:54:24.074" />
<allocation-satisfied id="1682" threadId="000000000087A000" bytesRequested="16" />
<af-end id="1683" timestamp="2020-09-11T09:54:24.074" threadId="000000000087A980" success="true" from="nursery"/>
<exclusive-end id="1684" timestamp="2020-09-11T09:54:24.074" durationms="115.395" />

<exclusive-start id="1685" timestamp="2020-09-11T09:54:25.528" intervalms="1569.112">
  <response-info timems="1.108" idlems="1.108" threads="0" lastid="0000000000A2D200" lastname="Group1.TxInjector.CompositeTxInjector.I.driver.probe.63" />
</exclusive-start>
<af-start id="1686" threadId="0000000000A2DB80" totalBytesRequested="32" timestamp="2020-09-11T09:54:25.528" intervalms="1569.096" type="nursery" />
<cycle-start id="1687" type="scavenge" contextid="0" timestamp="2020-09-11T09:54:25.528" intervalms="1569.108" />
<gc-start id="1688" type="scavenge" contextid="1687" timestamp="2020-09-11T09:54:25.529">
  <mem-info id="1689" free="421404208" total="2166292480" percent="19">
    <mem type="nursery" free="0" total="939524096" percent="0">
      <mem type="allocate" free="0" total="771751936" percent="0" />
      <mem type="survivor" free="0" total="167772160" percent="0" />
    </mem>
    <mem type="tenure" free="421404208" total="1226768384" percent="34">
      <mem type="soa" free="347798064" total="1153162240" percent="30" />
      <mem type="loa" free="73606144" total="73606144" percent="100" />
    </mem>
    <remembered-set count="165035" />
  </mem-info>
</gc-start>
<allocation-stats totalBytes="646730864" >
  <allocated-bytes non-tlh="24850616" tlh="621880248" />
  <largest-consumer threadName="Group1.Backend.CompositeBackend{Tier1}.5" threadId="000000000087A000" bytes="110709544" />
</allocation-stats>
<gc-op id="1690" type="scavenge" timems="123.918" contextid="1687" timestamp="2020-09-11T09:54:25.653">
  <scavenger-info tenureage="3" tenuremask="7ff8" tiltratio="82" />
  <memory-copied type="nursery" objects="3512278" bytes="94816216" bytesdiscarded="276616" />
  <memory-copied type="tenure" objects="1942272" bytes="55400320" bytesdiscarded="76312" />
  <finalization candidates="5" enqueued="0" />
  <ownableSynchronizers candidates="123930" cleared="75439" />
  <references type="soft" candidates="23116" cleared="0" enqueued="0" dynamicThreshold="13" maxThreshold="32" />
  <references type="weak" candidates="429" cleared="67" enqueued="0" />
</gc-op>
<gc-end id="1691" type="scavenge" contextid="1687" durationms="124.889" usertimems="865.756" systemtimems="7.207" timestamp="2020-09-11T09:54:25.654" activeThreads="8">
  <mem-info id="1692" free="1048280608" total="2166292480" percent="48">
    <mem type="nursery" free="682306984" total="939524096" percent="72">
      <mem type="allocate" free="682306984" total="777519104" percent="87" />
      <mem type="survivor" free="0" total="162004992" percent="0" />
    </mem>
    <mem type="tenure" free="365973624" total="1226768384" percent="29" macro-fragmented="1800196">
      <mem type="soa" free="293940368" total="1153162240" percent="25" />
      <mem type="loa" free="72033256" total="73606144" percent="97" />
    </mem>
    <remembered-set count="27017" />
  </mem-info>
</gc-end>
<cycle-end id="1693" type="scavenge" contextid="1687" timestamp="2020-09-11T09:54:25.657" />
<allocation-satisfied id="1694" threadId="0000000000A2D200" bytesRequested="32" />
<af-end id="1695" timestamp="2020-09-11T09:54:25.657" threadId="0000000000A2DB80" success="true" from="nursery"/>
<exclusive-end id="1696" timestamp="2020-09-11T09:54:25.657" durationms="129.303" />

<exclusive-start id="1697" timestamp="2020-09-11T09:54:27.371" intervalms="1843.207">
  <response-info timems="0.470" idlems="0.470" threads="0" lastid="000000000086B200" lastname="Group1.Backend.CompositeBackend{Tier1}.4" />
</exclusive-start>
<af-start id="1698" threadId="000000000086BB80" totalBytesRequested="96" timestamp="2020-09-11T09:54:27.371" intervalms="1843.244" type="nursery" />
<cycle-start id="1699" type="scavenge" contextid="0" timestamp="2020-09-11T09:54:27.372" intervalms="1843.237" />
<gc-start id="1700" type="scavenge" contextid="1699" timestamp="2020-09-11T09:54:27.372">
  <mem-info id="1701" free="365972760" total="2166292480" percent="16">
    <mem type="nursery" free="0" total="939524096" percent="0">
      <mem type="allocate" free="0" total="777519104" percent="0" />
      <mem type="survivor" free="0" total="162004992" percent="0" />
    </mem>
    <mem type="tenure" free="365972760" total="1226768384" percent="29">
      <mem type="soa" free="293939504" total="1153162240" percent="25" />
      <mem type="loa" free="72033256" total="73606144" percent="97" />
    </mem>
    <remembered-set count="170571" />
  </mem-info>
</gc-start>
<allocation-stats totalBytes="681924152" >
  <allocated-bytes non-tlh="23978752" tlh="657945400" />
  <largest-consumer threadName="Group1.Backend.CompositeBackend{Tier1}.5" threadId="000000000087A000" bytes="134127208" />
</allocation-stats>
<gc-op id="1702" type="scavenge" timems="98.116" contextid="1699" timestamp="2020-09-11T09:54:27.470">
  <scavenger-info tenureage="3" tenuremask="7ff8" tiltratio="82" />
  <memory-copied type="nursery" objects="3636416" bytes="98038848" bytesdiscarded="297448" />
  <memory-copied type="tenure" objects="966998" bytes="26352408" bytesdiscarded="33256" />
  <finalization candidates="5" enqueued="0" />
  <ownableSynchronizers candidates="112983" cleared="74348" />
  <references type="soft" candidates="21535" cleared="0" enqueued="0" dynamicThreshold="13" maxThreshold="32" />
  <references type="weak" candidates="183" cleared="83" enqueued="0" />
</gc-op>
<gc-end id="1703" type="scavenge" contextid="1699" durationms="99.090" usertimems="699.084" systemtimems="0.000" timestamp="2020-09-11T09:54:27.471" activeThreads="8">
  <mem-info id="1704" free="1028283752" total="2166292480" percent="47">
    <mem type="nursery" free="688761056" total="939524096" percent="73">
      <mem type="allocate" free="688761056" total="787218432" percent="87" />
      <mem type="survivor" free="0" total="152305664" percent="0" />
    </mem>
    <mem type="tenure" free="339522696" total="1226768384" percent="27" macro-fragmented="2621480">
      <mem type="soa" free="267489440" total="1153162240" percent="23" />
      <mem type="loa" free="72033256" total="73606144" percent="97" />
    </mem>
    <remembered-set count="28611" />
  </mem-info>
</gc-end>
<cycle-end id="1705" type="scavenge" contextid="1699" timestamp="2020-09-11T09:54:27.474" />
<allocation-satisfied id="1706" threadId="000000000086B200" bytesRequested="96" />
<af-end id="1707" timestamp="2020-09-11T09:54:27.475" threadId="000000000086BB80" success="true" from="nursery"/>
<exclusive-end id="1708" timestamp="2020-09-11T09:54:27.475" durationms="103.689" />

<exclusive-start id="1709" timestamp="2020-09-11T09:54:29.111" intervalms="1740.196">
  <response-info timems="0.773" idlems="0.773" threads="0" lastid="000000000089C800" lastname="Group1.Backend.CompositeBackend{Tier1}.7" />
</exclusive-start>
<af-start id="1710" threadId="000000000089D180" totalBytesRequested="1848" timestamp="2020-09-11T09:54:29.112" intervalms="1740.205" type="nursery" />
<cycle-start id="1711" type="scavenge" contextid="0" timestamp="2020-09-11T09:54:29.112" intervalms="1740.246" />
<gc-start id="1712" type="scavenge" contextid="1711" timestamp="2020-09-11T09:54:29.112">
  <mem-info id="1713" free="339521832" total="2166292480" percent="15">
    <mem type="nursery" free="0" total="939524096" percent="0">
      <mem type="allocate" free="0" total="787218432" percent="0" />
      <mem type="survivor" free="0" total="152305664" percent="0" />
    </mem>
    <mem type="tenure" free="339521832" total="1226768384" percent="27">
      <mem type="soa" free="267488576" total="1153162240" percent="23" />
      <mem type="loa" free="72033256" total="73606144" percent="97" />
    </mem>
    <remembered-set count="171370" />
  </mem-info>
</gc-start>
<allocation-stats totalBytes="688392248" >
  <allocated-bytes non-tlh="31665032" tlh="656727216" />
  <largest-consumer threadName="Group1.Backend.CompositeBackend{Tier1}.5" threadId="000000000087A000" bytes="121358016" />
</allocation-stats>
<gc-op id="1714" type="scavenge" timems="88.224" contextid="1711" timestamp="2020-09-11T09:54:29.201">
  <scavenger-info tenureage="3" tenuremask="7ff8" tiltratio="83" />
  <memory-copied type="nursery" objects="3751294" bytes="101199512" bytesdiscarded="372456" />
  <memory-copied type="tenure" objects="946892" bytes="25605368" bytesdiscarded="38840" />
  <finalization candidates="3" enqueued="0" />
  <ownableSynchronizers candidates="102477" cleared="66793" />
  <references type="soft" candidates="20444" cleared="0" enqueued="0" dynamicThreshold="13" maxThreshold="32" />
  <references type="weak" candidates="207" cleared="100" enqueued="0" />
</gc-op>
<gc-end id="1715" type="scavenge" contextid="1711" durationms="89.106" usertimems="682.273" systemtimems="3.641" timestamp="2020-09-11T09:54:29.201" activeThreads="8">
  <mem-info id="1716" free="1006397128" total="2166292480" percent="46">
    <mem type="nursery" free="692607472" total="939524096" percent="73">
      <mem type="allocate" free="692607472" total="794296320" percent="87" />
      <mem type="survivor" free="0" total="145227776" percent="0" />
    </mem>
    <mem type="tenure" free="313789656" total="1226768384" percent="25" macro-fragmented="0">
      <mem type="soa" free="241756400" total="1153162240" percent="20" />
      <mem type="loa" free="72033256" total="73606144" percent="97" />
    </mem>
    <remembered-set count="30460" />
  </mem-info>
</gc-end>
<cycle-end id="1717" type="scavenge" contextid="1711" timestamp="2020-09-11T09:54:29.204" />
<allocation-satisfied id="1718" threadId="000000000089C800" bytesRequested="1848" />
<af-end id="1719" timestamp="2020-09-11T09:54:29.204" threadId="000000000089D180" success="true" from="nursery"/>
<exclusive-end id="1720" timestamp="2020-09-11T09:54:29.204" durationms="93.261" />

<exclusive-start id="1721" timestamp="2020-09-11T09:54:30.940" intervalms="1829.128">
  <response-info timems="0.700" idlems="0.692" threads="1" lastid="000000000089C800" lastname="Group1.Backend.CompositeBackend{Tier1}.7" />
</exclusive-start>
<af-start id="1722" threadId="000000000086BB80" totalBytesRequested="40" timestamp="2020-09-11T09:54:30.941" intervalms="1829.316" type="nursery" />
<cycle-start id="1723" type="scavenge" contextid="0" timestamp="2020-09-11T09:54:30.941" intervalms="1829.306" />
<gc-start id="1724" type="scavenge" contextid="1723" timestamp="2020-09-11T09:54:30.942">
  <mem-info id="1725" free="313789656" total="2166292480" percent="14">
    <mem type="nursery" free="0" total="939524096" percent="0">
      <mem type="allocate" free="0" total="794296320" percent="0" />
      <mem type="survivor" free="0" total="145227776" percent="0" />
    </mem>
    <mem type="tenure" free="313789656" total="1226768384" percent="25">
      <mem type="soa" free="241756400" total="1153162240" percent="20" />
      <mem type="loa" free="72033256" total="73606144" percent="97" />
    </mem>
    <remembered-set count="176303" />
  </mem-info>
</gc-start>
<allocation-stats totalBytes="692229960" >
  <allocated-bytes non-tlh="31549432" tlh="660680528" />
  <largest-consumer threadName="Group1.Backend.CompositeBackend{Tier1}.5" threadId="000000000087A000" bytes="106806272" />
</allocation-stats>
<gc-op id="1726" type="scavenge" timems="93.287" contextid="1723" timestamp="2020-09-11T09:54:31.035">
  <scavenger-info tenureage="3" tenuremask="7ff8" tiltratio="84" />
  <memory-copied type="nursery" objects="3834795" bytes="103420824" bytesdiscarded="301800" />
  <memory-copied type="tenure" objects="1001551" bytes="27161352" bytesdiscarded="35248" />
  <finalization candidates="4" enqueued="0" />
  <ownableSynchronizers candidates="96217" cleared="62402" />
  <references type="soft" candidates="19201" cleared="0" enqueued="0" dynamicThreshold="13" maxThreshold="32" />
  <references type="weak" candidates="212" cleared="124" enqueued="0" />
</gc-op>
<gc-end id="1727" type="scavenge" contextid="1723" durationms="94.214" usertimems="699.240" systemtimems="0.000" timestamp="2020-09-11T09:54:31.036" activeThreads="8">
  <mem-info id="1728" free="982442600" total="2166292480" percent="45">
    <mem type="nursery" free="695830528" total="939524096" percent="74">
      <mem type="allocate" free="695830528" total="799670272" percent="87" />
      <mem type="survivor" free="0" total="139853824" percent="0" />
    </mem>
    <mem type="tenure" free="286612072" total="1226768384" percent="23" macro-fragmented="0">
      <mem type="soa" free="214578816" total="1153162240" percent="18" />
      <mem type="loa" free="72033256" total="73606144" percent="97" />
    </mem>
    <remembered-set count="30803" />
  </mem-info>
</gc-end>
<cycle-end id="1729" type="scavenge" contextid="1723" timestamp="2020-09-11T09:54:31.040" />
<allocation-satisfied id="1730" threadId="000000000086B200" bytesRequested="40" />
<af-end id="1731" timestamp="2020-09-11T09:54:31.040" threadId="000000000086BB80" success="true" from="nursery"/>
<exclusive-end id="1732" timestamp="2020-09-11T09:54:31.040" durationms="99.484" />

<exclusive-start id="1733" timestamp="2020-09-11T09:54:32.912" intervalms="1972.045">
  <response-info timems="0.210" idlems="0.202" threads="1" lastid="000000000089C800" lastname="Group1.Backend.CompositeBackend{Tier1}.7" />
</exclusive-start>
<af-start id="1734" threadId="00000000007C9B80" totalBytesRequested="40" timestamp="2020-09-11T09:54:32.913" intervalms="1971.826" type="nursery" />
<cycle-start id="1735" type="scavenge" contextid="0" timestamp="2020-09-11T09:54:32.913" intervalms="1971.804" />
<gc-start id="1736" type="scavenge" contextid="1735" timestamp="2020-09-11T09:54:32.914">
  <mem-info id="1737" free="286612072" total="2166292480" percent="13">
    <mem type="nursery" free="0" total="939524096" percent="0">
      <mem type="allocate" free="0" total="799670272" percent="0" />
      <mem type="survivor" free="0" total="139853824" percent="0" />
    </mem>
    <mem type="tenure" free="286612072" total="1226768384" percent="23">
      <mem type="soa" free="214578816" total="1153162240" percent="18" />
      <mem type="loa" free="72033256" total="73606144" percent="97" />
    </mem>
    <remembered-set count="182712" />
  </mem-info>
</gc-start>
<allocation-stats totalBytes="695430304" >
  <allocated-bytes non-tlh="25522104" tlh="669908200" />
  <largest-consumer threadName="Group1.Backend.CompositeBackend{Tier1}.7" threadId="000000000089C800" bytes="115583448" />
</allocation-stats>
<gc-op id="1738" type="scavenge" timems="92.164" contextid="1735" timestamp="2020-09-11T09:54:33.006">
  <scavenger-info tenureage="3" tenuremask="7ff8" tiltratio="85" />
  <memory-copied type="nursery" objects="3907191" bytes="105296416" bytesdiscarded="381400" />
  <memory-copied type="tenure" objects="1086072" bytes="29386216" bytesdiscarded="46080" />
  <finalization candidates="3" enqueued="0" />
  <ownableSynchronizers candidates="90295" cleared="58509" />
  <references type="soft" candidates="17682" cleared="0" enqueued="0" dynamicThreshold="13" maxThreshold="32" />
  <references type="weak" candidates="164" cleared="112" enqueued="0" />
</gc-op>
<gc-end id="1739" type="scavenge" contextid="1735" durationms="93.472" usertimems="726.402" systemtimems="2.500" timestamp="2020-09-11T09:54:33.007" activeThreads="8">
  <mem-info id="1740" free="954975200" total="2166292480" percent="44">
    <mem type="nursery" free="697871864" total="939524096" percent="74">
      <mem type="allocate" free="697871864" total="803667968" percent="86" />
      <mem type="survivor" free="0" total="135856128" percent="0" />
    </mem>
    <mem type="tenure" free="257103336" total="1226768384" percent="20" macro-fragmented="1250136">
      <mem type="soa" free="185070080" total="1153162240" percent="16" />
      <mem type="loa" free="72033256" total="73606144" percent="97" />
    </mem>
    <remembered-set count="31393" />
  </mem-info>
</gc-end>
<cycle-end id="1741" type="scavenge" contextid="1735" timestamp="2020-09-11T09:54:33.011" />
<allocation-satisfied id="1742" threadId="00000000007C9200" bytesRequested="40" />
<af-end id="1743" timestamp="2020-09-11T09:54:33.011" threadId="00000000007C9B80" success="true" from="nursery"/>
<exclusive-end id="1744" timestamp="2020-09-11T09:54:33.011" durationms="99.213" />

<exclusive-start id="1745" timestamp="2020-09-11T09:54:34.880" intervalms="1967.531">
  <response-info timems="0.716" idlems="0.716" threads="0" lastid="000000000086B200" lastname="Group1.Backend.CompositeBackend{Tier1}.4" />
</exclusive-start>
<af-start id="1746" threadId="000000000086BB80" totalBytesRequested="24" timestamp="2020-09-11T09:54:34.880" intervalms="1967.654" type="nursery" />
<cycle-start id="1747" type="scavenge" contextid="0" timestamp="2020-09-11T09:54:34.881" intervalms="1967.677" />
<gc-start id="1748" type="scavenge" contextid="1747" timestamp="2020-09-11T09:54:34.881">
  <mem-info id="1749" free="257103336" total="2166292480" percent="11">
    <mem type="nursery" free="0" total="939524096" percent="0">
      <mem type="allocate" free="0" total="803667968" percent="0" />
      <mem type="survivor" free="0" total="135856128" percent="0" />
    </mem>
    <mem type="tenure" free="257103336" total="1226768384" percent="20">
      <mem type="soa" free="185070080" total="1153162240" percent="16" />
      <mem type="loa" free="72033256" total="73606144" percent="97" />
    </mem>
    <remembered-set count="186194" />
  </mem-info>
</gc-start>
<allocation-stats totalBytes="697487424" >
  <allocated-bytes non-tlh="30005784" tlh="667481640" />
  <largest-consumer threadName="Group1.Backend.CompositeBackend{Tier1}.4" threadId="000000000086B200" bytes="111646776" />
</allocation-stats>
<gc-op id="1750" type="scavenge" timems="105.246" contextid="1747" timestamp="2020-09-11T09:54:34.987">
  <scavenger-info tenureage="3" tenuremask="7ff8" tiltratio="85" />
  <memory-copied type="nursery" objects="4090734" bytes="109695104" bytesdiscarded="287688" />
  <memory-copied type="tenure" objects="1050851" bytes="28407008" bytesdiscarded="65272" />
  <finalization candidates="3" enqueued="0" />
  <ownableSynchronizers candidates="79289" cleared="50424" />
  <references type="soft" candidates="16115" cleared="0" enqueued="0" dynamicThreshold="13" maxThreshold="32" />
  <references type="weak" candidates="151" cleared="112" enqueued="0" />
</gc-op>
<gc-end id="1751" type="scavenge" contextid="1747" durationms="106.161" usertimems="821.895" systemtimems="0.015" timestamp="2020-09-11T09:54:34.987" activeThreads="8">
  <mem-info id="1752" free="923756688" total="2166292480" percent="42">
    <mem type="nursery" free="695143376" total="939524096" percent="73">
      <mem type="allocate" free="695143376" total="805240832" percent="86" />
      <mem type="survivor" free="0" total="134283264" percent="0" />
    </mem>
    <mem type="tenure" free="228613312" total="1226768384" percent="18" macro-fragmented="0">
      <mem type="soa" free="156580056" total="1153162240" percent="13" />
      <mem type="loa" free="72033256" total="73606144" percent="97" />
    </mem>
    <remembered-set count="32645" />
  </mem-info>
</gc-end>
<cycle-end id="1753" type="scavenge" contextid="1747" timestamp="2020-09-11T09:54:34.990" />
<allocation-satisfied id="1754" threadId="000000000086B200" bytesRequested="24" />
<af-end id="1755" timestamp="2020-09-11T09:54:34.990" threadId="000000000086BB80" success="true" from="nursery"/>
<exclusive-end id="1756" timestamp="2020-09-11T09:54:34.990" durationms="110.467" />

<exclusive-start id="1757" timestamp="2020-09-11T09:54:36.787" intervalms="1907.657">
  <response-info timems="1.025" idlems="1.025" threads="0" lastid="00000000007C9200" lastname="Group1.Backend.CompositeBackend{Tier1}.2" />
</exclusive-start>
<af-start id="1758" threadId="00000000007C9B80" totalBytesRequested="131080" timestamp="2020-09-11T09:54:36.788" intervalms="1907.639" type="nursery" />
<cycle-start id="1759" type="scavenge" contextid="0" timestamp="2020-09-11T09:54:36.788" intervalms="1907.657" />
<gc-start id="1760" type="scavenge" contextid="1759" timestamp="2020-09-11T09:54:36.789">
  <mem-info id="1761" free="228613312" total="2166292480" percent="10">
    <mem type="nursery" free="0" total="939524096" percent="0">
      <mem type="allocate" free="0" total="805240832" percent="0" />
      <mem type="survivor" free="0" total="134283264" percent="0" />
    </mem>
    <mem type="tenure" free="228613312" total="1226768384" percent="18">
      <mem type="soa" free="156580056" total="1153162240" percent="13" />
      <mem type="loa" free="72033256" total="73606144" percent="97" />
    </mem>
    <remembered-set count="182796" />
  </mem-info>
</gc-start>
<allocation-stats totalBytes="694782120" >
  <allocated-bytes non-tlh="36047376" tlh="658734744" />
  <largest-consumer threadName="Group1.Backend.CompositeBackend{Tier1}.5" threadId="000000000087A000" bytes="122555496" />
</allocation-stats>
<gc-op id="1762" type="scavenge" timems="102.565" contextid="1759" timestamp="2020-09-11T09:54:36.892">
  <scavenger-info tenureage="3" tenuremask="7ff8" tiltratio="85" />
  <memory-copied type="nursery" objects="4224572" bytes="112670696" bytesdiscarded="161216" />
  <memory-copied type="tenure" objects="1057282" bytes="28600576" bytesdiscarded="33920" />
  <finalization candidates="2" enqueued="0" />
  <ownableSynchronizers candidates="72533" cleared="46167" />
  <references type="soft" candidates="14582" cleared="0" enqueued="0" dynamicThreshold="13" maxThreshold="32" />
  <references type="weak" candidates="146" cleared="132" enqueued="0" />
</gc-op>
<gc-end id="1763" type="scavenge" contextid="1759" durationms="103.468" usertimems="795.190" systemtimems="0.000" timestamp="2020-09-11T09:54:36.892" activeThreads="8">
  <mem-info id="1764" free="896131712" total="2166292480" percent="41">
    <mem type="nursery" free="696102360" total="939524096" percent="74">
      <mem type="allocate" free="696102360" total="809041920" percent="86" />
      <mem type="survivor" free="0" total="130482176" percent="0" />
    </mem>
    <mem type="tenure" free="200029352" total="1226768384" percent="16" macro-fragmented="1310760">
      <mem type="soa" free="127996096" total="1153162240" percent="11" />
      <mem type="loa" free="72033256" total="73606144" percent="97" />
    </mem>
    <remembered-set count="32902" />
  </mem-info>
</gc-end>
<cycle-end id="1765" type="scavenge" contextid="1759" timestamp="2020-09-11T09:54:36.895" />
<allocation-satisfied id="1766" threadId="00000000007C9200" bytesRequested="131080" />
<af-end id="1767" timestamp="2020-09-11T09:54:36.895" threadId="00000000007C9B80" success="true" from="nursery"/>
<exclusive-end id="1768" timestamp="2020-09-11T09:54:36.895" durationms="107.462" />

<exclusive-start id="1769" timestamp="2020-09-11T09:54:38.796" intervalms="2008.198">
  <response-info timems="0.704" idlems="0.704" threads="0" lastid="000000000084FB00" lastname="Group1.Backend.CompositeBackend{Tier1}.8" />
</exclusive-start>
<af-start id="1770" threadId="0000000000850480" totalBytesRequested="1032" timestamp="2020-09-11T09:54:38.796" intervalms="2008.098" type="nursery" />
<cycle-start id="1771" type="scavenge" contextid="0" timestamp="2020-09-11T09:54:38.796" intervalms="2008.060" />
<gc-start id="1772" type="scavenge" contextid="1771" timestamp="2020-09-11T09:54:38.797">
  <mem-info id="1773" free="200029352" total="2166292480" percent="9">
    <mem type="nursery" free="0" total="939524096" percent="0">
      <mem type="allocate" free="0" total="809041920" percent="0" />
      <mem type="survivor" free="0" total="130482176" percent="0" />
    </mem>
    <mem type="tenure" free="200029352" total="1226768384" percent="16">
      <mem type="soa" free="127996096" total="1153162240" percent="11" />
      <mem type="loa" free="72033256" total="73606144" percent="97" />
    </mem>
    <remembered-set count="188218" />
  </mem-info>
</gc-start>
<allocation-stats totalBytes="695732192" >
  <allocated-bytes non-tlh="32797056" tlh="662935136" />
  <largest-consumer threadName="Group1.Backend.CompositeBackend{Tier1}.5" threadId="000000000087A000" bytes="140953344" />
</allocation-stats>
<gc-op id="1774" type="scavenge" timems="111.964" contextid="1771" timestamp="2020-09-11T09:54:38.909">
  <scavenger-info tenureage="3" tenuremask="7ff8" tiltratio="86" />
  <memory-copied type="nursery" objects="4484409" bytes="119670568" bytesdiscarded="368912" />
  <memory-copied type="tenure" objects="1125717" bytes="30359784" bytesdiscarded="43568" />
  <finalization candidates="2" enqueued="0" />
  <ownableSynchronizers candidates="65811" cleared="41910" />
  <references type="soft" candidates="13013" cleared="0" enqueued="0" dynamicThreshold="13" maxThreshold="32" />
  <references type="weak" candidates="125" cleared="111" enqueued="0" />
</gc-op>
<gc-end id="1775" type="scavenge" contextid="1771" durationms="112.858" usertimems="871.500" systemtimems="0.000" timestamp="2020-09-11T09:54:38.910" activeThreads="8">
  <mem-info id="1776" free="849460624" total="2166292480" percent="39">
    <mem type="nursery" free="679784640" total="939524096" percent="72">
      <mem type="allocate" free="679784640" total="799932416" percent="84" />
      <mem type="survivor" free="0" total="139591680" percent="0" />
    </mem>
    <mem type="tenure" free="169675984" total="1226768384" percent="13" macro-fragmented="0">
      <mem type="soa" free="97642728" total="1153162240" percent="8" />
      <mem type="loa" free="72033256" total="73606144" percent="97" />
    </mem>
    <remembered-set count="32788" />
  </mem-info>
</gc-end>
<cycle-end id="1777" type="scavenge" contextid="1771" timestamp="2020-09-11T09:54:38.912" />
<allocation-satisfied id="1778" threadId="000000000084FB00" bytesRequested="1032" />
<af-end id="1779" timestamp="2020-09-11T09:54:38.912" threadId="0000000000850480" success="true" from="nursery"/>
<exclusive-end id="1780" timestamp="2020-09-11T09:54:38.912" durationms="116.354" />

<exclusive-start id="1781" timestamp="2020-09-11T09:54:40.769" intervalms="1973.376">
  <response-info timems="0.641" idlems="0.641" threads="0" lastid="000000000087A000" lastname="Group1.Backend.CompositeBackend{Tier1}.5" />
</exclusive-start>
<af-start id="1782" threadId="000000000087A980" totalBytesRequested="32" timestamp="2020-09-11T09:54:40.770" intervalms="1973.387" type="nursery" />
<cycle-start id="1783" type="scavenge" contextid="0" timestamp="2020-09-11T09:54:40.770" intervalms="1973.373" />
<gc-start id="1784" type="scavenge" contextid="1783" timestamp="2020-09-11T09:54:40.770">
  <mem-info id="1785" free="169675552" total="2166292480" percent="7">
    <mem type="nursery" free="0" total="939524096" percent="0">
      <mem type="allocate" free="0" total="799932416" percent="0" />
      <mem type="survivor" free="0" total="139591680" percent="0" />
    </mem>
    <mem type="tenure" free="169675552" total="1226768384" percent="13">
      <mem type="soa" free="97642296" total="1153162240" percent="8" />
      <mem type="loa" free="72033256" total="73606144" percent="97" />
    </mem>
    <remembered-set count="188830" />
  </mem-info>
</gc-start>
<allocation-stats totalBytes="679427272" >
  <allocated-bytes non-tlh="27789664" tlh="651637608" />
  <largest-consumer threadName="Group1.Backend.CompositeBackend{Tier1}.7" threadId="000000000089C800" bytes="101814936" />
</allocation-stats>
<gc-op id="1786" type="scavenge" timems="93.462" contextid="1783" timestamp="2020-09-11T09:54:40.864">
  <scavenger-info tenureage="3" tenuremask="7ff8" tiltratio="85" />
  <memory-copied type="nursery" objects="4023001" bytes="108758768" bytesdiscarded="206952" />
  <memory-copied type="tenure" objects="1139827" bytes="30741216" bytesdiscarded="54544" />
  <finalization candidates="3" enqueued="0" />
  <ownableSynchronizers candidates="61742" cleared="40095" />
  <references type="soft" candidates="12048" cleared="0" enqueued="0" dynamicThreshold="13" maxThreshold="32" />
  <references type="weak" candidates="145" cleared="131" enqueued="0" />
</gc-op>
<gc-end id="1787" type="scavenge" contextid="1783" durationms="94.416" usertimems="735.460" systemtimems="2.606" timestamp="2020-09-11T09:54:40.865" activeThreads="8">
  <mem-info id="1788" free="830769384" total="2166292480" percent="38">
    <mem type="nursery" free="691908592" total="939524096" percent="73">
      <mem type="allocate" free="691908592" total="800980992" percent="86" />
      <mem type="survivor" free="0" total="138543104" percent="0" />
    </mem>
    <mem type="tenure" free="138860792" total="1226768384" percent="11" macro-fragmented="0">
      <mem type="soa" free="66827536" total="1153162240" percent="5" />
      <mem type="loa" free="72033256" total="73606144" percent="97" />
    </mem>
    <remembered-set count="31753" />
  </mem-info>
</gc-end>
<cycle-end id="1789" type="scavenge" contextid="1783" timestamp="2020-09-11T09:54:40.868" />
<allocation-satisfied id="1790" threadId="000000000087A000" bytesRequested="32" />
<af-end id="1791" timestamp="2020-09-11T09:54:40.868" threadId="000000000087A980" success="true" from="nursery"/>
<exclusive-end id="1792" timestamp="2020-09-11T09:54:40.868" durationms="99.083" />

<exclusive-start id="1793" timestamp="2020-09-11T09:54:42.804" intervalms="2034.762">
  <response-info timems="0.279" idlems="0.279" threads="0" lastid="0000000000A72A00" lastname="Group1.Backend.CompositeBackend{Tier3}.4" />
</exclusive-start>
<af-start id="1794" threadId="0000000000A73380" totalBytesRequested="16" timestamp="2020-09-11T09:54:42.804" intervalms="2034.753" type="nursery" />
<cycle-start id="1795" type="scavenge" contextid="0" timestamp="2020-09-11T09:54:42.805" intervalms="2034.767" />
<gc-start id="1796" type="scavenge" contextid="1795" timestamp="2020-09-11T09:54:42.805">
  <mem-info id="1797" free="138860792" total="2166292480" percent="6">
    <mem type="nursery" free="0" total="939524096" percent="0">
      <mem type="allocate" free="0" total="800980992" percent="0" />
      <mem type="survivor" free="0" total="138543104" percent="0" />
    </mem>
    <mem type="tenure" free="138860792" total="1226768384" percent="11">
      <mem type="soa" free="66827536" total="1153162240" percent="5" />
      <mem type="loa" free="72033256" total="73606144" percent="97" />
    </mem>
    <remembered-set count="187876" />
  </mem-info>
</gc-start>
<allocation-stats totalBytes="691535536" >
  <allocated-bytes non-tlh="31273656" tlh="660261880" />
  <largest-consumer threadName="Group1.Backend.CompositeBackend{Tier1}.7" threadId="000000000089C800" bytes="100664728" />
</allocation-stats>
<gc-op id="1798" type="scavenge" timems="91.292" contextid="1795" timestamp="2020-09-11T09:54:42.897">
  <scavenger-info tenureage="3" tenuremask="7ff8" tiltratio="85" />
  <memory-copied type="nursery" objects="4076667" bytes="110243104" bytesdiscarded="304312" />
  <memory-copied type="tenure" objects="1072277" bytes="28891168" bytesdiscarded="69120" />
  <finalization candidates="3" enqueued="0" />
  <ownableSynchronizers candidates="56902" cleared="36894" />
  <references type="soft" candidates="11173" cleared="0" enqueued="0" dynamicThreshold="13" maxThreshold="32" />
  <references type="weak" candidates="127" cleared="109" enqueued="0" />
</gc-op>
<gc-end id="1799" type="scavenge" contextid="1795" durationms="92.237" usertimems="696.786" systemtimems="1.898" timestamp="2020-09-11T09:54:42.898" activeThreads="8">
  <mem-info id="1800" free="802890664" total="2166292480" percent="37">
    <mem type="nursery" free="693015544" total="939524096" percent="73">
      <mem type="allocate" free="693015544" total="803667968" percent="86" />
      <mem type="survivor" free="0" total="135856128" percent="0" />
    </mem>
    <mem type="tenure" free="109875120" total="1226768384" percent="8" macro-fragmented="0">
      <mem type="soa" free="37841864" total="1153162240" percent="3" />
      <mem type="loa" free="72033256" total="73606144" percent="97" />
    </mem>
    <remembered-set count="30880" />
  </mem-info>
</gc-end>
<cycle-end id="1801" type="scavenge" contextid="1795" timestamp="2020-09-11T09:54:42.902" />
<allocation-satisfied id="1802" threadId="0000000000A72A00" bytesRequested="16" />
<af-end id="1803" timestamp="2020-09-11T09:54:42.902" threadId="0000000000A73380" success="true" from="nursery"/>
<exclusive-end id="1804" timestamp="2020-09-11T09:54:42.902" durationms="98.208" />

<exclusive-start id="1805" timestamp="2020-09-11T09:54:44.833" intervalms="2029.714">
  <response-info timems="0.277" idlems="0.141" threads="1" lastid="000000000087A000" lastname="Group1.Backend.CompositeBackend{Tier1}.5" />
</exclusive-start>
<af-start id="1806" threadId="000000000078B480" totalBytesRequested="1032" timestamp="2020-09-11T09:54:44.834" intervalms="2029.714" type="nursery" />
<cycle-start id="1807" type="scavenge" contextid="0" timestamp="2020-09-11T09:54:44.834" intervalms="2029.695" />
<gc-start id="1808" type="scavenge" contextid="1807" timestamp="2020-09-11T09:54:44.835">
  <mem-info id="1809" free="109875120" total="2166292480" percent="5">
    <mem type="nursery" free="0" total="939524096" percent="0">
      <mem type="allocate" free="0" total="803667968" percent="0" />
      <mem type="survivor" free="0" total="135856128" percent="0" />
    </mem>
    <mem type="tenure" free="109875120" total="1226768384" percent="8">
      <mem type="soa" free="37841864" total="1153162240" percent="3" />
      <mem type="loa" free="72033256" total="73606144" percent="97" />
    </mem>
    <remembered-set count="186619" />
  </mem-info>
</gc-start>
<allocation-stats totalBytes="692655216" >
  <allocated-bytes non-tlh="31962048" tlh="660693168" />
  <largest-consumer threadName="Group1.Backend.CompositeBackend{Tier1}.6" threadId="000000000088D900" bytes="105326984" />
</allocation-stats>
<gc-op id="1810" type="scavenge" timems="86.594" contextid="1807" timestamp="2020-09-11T09:54:44.921">
  <scavenger-info tenureage="3" tenuremask="7ff8" tiltratio="85" />
  <memory-copied type="nursery" objects="4076672" bytes="110224224" bytesdiscarded="210280" />
  <memory-copied type="tenure" objects="1112301" bytes="29972904" bytesdiscarded="101024" />
  <finalization candidates="4" enqueued="0" />
  <ownableSynchronizers candidates="53691" cleared="35030" />
  <references type="soft" candidates="10523" cleared="0" enqueued="0" dynamicThreshold="13" maxThreshold="32" />
  <references type="weak" candidates="139" cleared="120" enqueued="0" />
</gc-op>
<gc-end id="1811" type="scavenge" contextid="1807" durationms="87.529" usertimems="686.229" systemtimems="0.000" timestamp="2020-09-11T09:54:44.922" activeThreads="8">
  <mem-info id="1812" free="775455192" total="2166292480" percent="35">
    <mem type="nursery" free="695620344" total="939524096" percent="74">
      <mem type="allocate" free="695620344" total="806158336" percent="86" />
      <mem type="survivor" free="0" total="133365760" percent="0" />
    </mem>
    <mem type="tenure" free="79834848" total="1226768384" percent="6" macro-fragmented="27735676">
      <mem type="soa" free="7801592" total="1153162240" percent="0" />
      <mem type="loa" free="72033256" total="73606144" percent="97" />
    </mem>
    <remembered-set count="30359" />
  </mem-info>
</gc-end>
<cycle-end id="1813" type="scavenge" contextid="1807" timestamp="2020-09-11T09:54:44.927" />
<allocation-satisfied id="1814" threadId="000000000078AB00" bytesRequested="1032" />
<af-end id="1815" timestamp="2020-09-11T09:54:44.927" threadId="000000000078B480" success="true" from="nursery"/>
<exclusive-end id="1816" timestamp="2020-09-11T09:54:44.927" durationms="93.245" />

<exclusive-start id="1817" timestamp="2020-09-11T09:54:46.994" intervalms="2160.178">
  <response-info timems="0.505" idlems="0.266" threads="1" lastid="0000000000021200" lastname="JIT Compilation Thread-001" />
</exclusive-start>
<af-start id="1818" threadId="000000000078B480" totalBytesRequested="16" timestamp="2020-09-11T09:54:46.994" intervalms="2160.181" type="nursery" />
<cycle-start id="1819" type="scavenge" contextid="0" timestamp="2020-09-11T09:54:46.994" intervalms="2160.215" />
<gc-start id="1820" type="scavenge" contextid="1819" timestamp="2020-09-11T09:54:46.995">
  <mem-info id="1821" free="79834848" total="2166292480" percent="3">
    <mem type="nursery" free="0" total="939524096" percent="0">
      <mem type="allocate" free="0" total="806158336" percent="0" />
      <mem type="survivor" free="0" total="133365760" percent="0" />
    </mem>
    <mem type="tenure" free="79834848" total="1226768384" percent="6">
      <mem type="soa" free="7801592" total="1153162240" percent="0" />
      <mem type="loa" free="72033256" total="73606144" percent="97" />
    </mem>
    <remembered-set count="194887" />
  </mem-info>
</gc-start>
<allocation-stats totalBytes="695232928" >
  <allocated-bytes non-tlh="22130264" tlh="673102664" />
  <largest-consumer threadName="Group1.Backend.CompositeBackend{Tier1}.1" threadId="000000000078AB00" bytes="104520472" />
</allocation-stats>
<gc-op id="1822" type="scavenge" timems="105.433" contextid="1819" timestamp="2020-09-11T09:54:47.101">
  <scavenger-info tenureage="3" tenuremask="7ff8" tiltratio="85" />
  <memory-copied type="nursery" objects="4162716" bytes="111936728" bytesdiscarded="156936" />
  <memory-copied type="tenure" objects="1109978" bytes="30459432" bytesdiscarded="45392" />
  <finalization candidates="3" enqueued="0" />
  <ownableSynchronizers candidates="51095" cleared="33462" />
  <references type="soft" candidates="9906" cleared="0" enqueued="0" dynamicThreshold="13" maxThreshold="32" />
  <references type="weak" candidates="99" cleared="90" enqueued="0" />
  <heap-resize type="expand" space="tenure" amount="26214400" count="25" timems="8.005" reason="continue current collection" />
</gc-op>
<gc-end id="1823" type="scavenge" contextid="1819" durationms="106.347" usertimems="743.515" systemtimems="0.603" timestamp="2020-09-11T09:54:47.101" activeThreads="8">
  <mem-info id="1824" free="770380544" total="2192506880" percent="35">
    <mem type="nursery" free="695134720" total="939524096" percent="73">
      <mem type="allocate" free="695134720" total="807337984" percent="86" />
      <mem type="survivor" free="0" total="132186112" percent="0" />
    </mem>
    <mem type="tenure" free="75245824" total="1252982784" percent="6" macro-fragmented="0">
      <mem type="soa" free="66816" total="1177803776" percent="0" />
      <mem type="loa" free="75179008" total="75179008" percent="100" />
    </mem>
    <remembered-set count="32807" />
  </mem-info>
</gc-end>
<cycle-end id="1825" type="scavenge" contextid="1819" timestamp="2020-09-11T09:54:47.102" />
<allocation-satisfied id="1826" threadId="000000000078AB00" bytesRequested="16" />
<af-end id="1827" timestamp="2020-09-11T09:54:47.102" threadId="000000000078B480" success="true" from="nursery"/>
<exclusive-end id="1828" timestamp="2020-09-11T09:54:47.102" durationms="108.866" />

<exclusive-start id="1829" timestamp="2020-09-11T09:54:48.976" intervalms="1982.459">
  <response-info timems="0.317" idlems="0.167" threads="1" lastid="000000000086B200" lastname="Group1.Backend.CompositeBackend{Tier1}.4" />
</exclusive-start>
<af-start id="1830" threadId="0000000000850480" totalBytesRequested="664" timestamp="2020-09-11T09:54:48.977" intervalms="1982.477" type="nursery" />
<cycle-start id="1831" type="scavenge" contextid="0" timestamp="2020-09-11T09:54:48.977" intervalms="1982.488" />
<gc-start id="1832" type="scavenge" contextid="1831" timestamp="2020-09-11T09:54:48.978">
  <mem-info id="1833" free="75245824" total="2192506880" percent="3">
    <mem type="nursery" free="0" total="939524096" percent="0">
      <mem type="allocate" free="0" total="807337984" percent="0" />
      <mem type="survivor" free="0" total="132186112" percent="0" />
    </mem>
    <mem type="tenure" free="75245824" total="1252982784" percent="6">
      <mem type="soa" free="66816" total="1177803776" percent="0" />
      <mem type="loa" free="75179008" total="75179008" percent="100" />
    </mem>
    <remembered-set count="189127" />
  </mem-info>
</gc-start>
<allocation-stats totalBytes="694776296" >
  <allocated-bytes non-tlh="38766552" tlh="656009744" />
  <largest-consumer threadName="Group1.Backend.CompositeBackend{Tier1}.1" threadId="000000000078AB00" bytes="120993504" />
</allocation-stats>
<gc-op id="1834" type="scavenge" timems="99.379" contextid="1831" timestamp="2020-09-11T09:54:49.077">
  <scavenger-info tenureage="3" tenuremask="7ff8" tiltratio="85" />
  <memory-copied type="nursery" objects="4128973" bytes="110976008" bytesdiscarded="247600" />
  <memory-copied type="tenure" objects="1092422" bytes="29463592" bytesdiscarded="10432" />
  <finalization candidates="1" enqueued="0" />
  <ownableSynchronizers candidates="44557" cleared="28346" />
  <references type="soft" candidates="9092" cleared="0" enqueued="0" dynamicThreshold="13" maxThreshold="32" />
  <references type="weak" candidates="132" cleared="132" enqueued="0" />
  <heap-resize type="expand" space="tenure" amount="31457280" count="30" timems="10.766" reason="continue current collection" />
</gc-op>
<gc-end id="1835" type="scavenge" contextid="1831" durationms="100.674" usertimems="769.272" systemtimems="2.243" timestamp="2020-09-11T09:54:49.078" activeThreads="8">
  <mem-info id="1836" free="774707712" total="2223964160" percent="34">
    <mem type="nursery" free="697389568" total="939524096" percent="74">
      <mem type="allocate" free="697389568" total="808714240" percent="86" />
      <mem type="survivor" free="0" total="130809856" percent="0" />
    </mem>
    <mem type="tenure" free="77318144" total="1284440064" percent="6" macro-fragmented="0">
      <mem type="soa" free="250880" total="1207372800" percent="0" />
      <mem type="loa" free="77067264" total="77067264" percent="100" />
    </mem>
    <remembered-set count="34143" />
  </mem-info>
</gc-end>
<cycle-end id="1837" type="scavenge" contextid="1831" timestamp="2020-09-11T09:54:49.080" />
<allocation-satisfied id="1838" threadId="000000000084FB00" bytesRequested="664" />
<af-end id="1839" timestamp="2020-09-11T09:54:49.080" threadId="0000000000850480" success="true" from="nursery"/>
<exclusive-end id="1840" timestamp="2020-09-11T09:54:49.081" durationms="104.422" />

<exclusive-start id="1841" timestamp="2020-09-11T09:54:50.995" intervalms="2019.203">
  <response-info timems="2.283" idlems="2.136" threads="1" lastid="000000000085F900" lastname="Group1.Backend.CompositeBackend{Tier1}.3" />
</exclusive-start>
<af-start id="1842" threadId="000000000089D180" totalBytesRequested="520" timestamp="2020-09-11T09:54:50.996" intervalms="2019.373" type="nursery" />
<cycle-start id="1843" type="scavenge" contextid="0" timestamp="2020-09-11T09:54:50.996" intervalms="2019.368" />
<gc-start id="1844" type="scavenge" contextid="1843" timestamp="2020-09-11T09:54:50.997">
  <mem-info id="1845" free="77317784" total="2223964160" percent="3">
    <mem type="nursery" free="0" total="939524096" percent="0">
      <mem type="allocate" free="0" total="808714240" percent="0" />
      <mem type="survivor" free="0" total="130809856" percent="0" />
    </mem>
    <mem type="tenure" free="77317784" total="1284440064" percent="6">
      <mem type="soa" free="250520" total="1207372800" percent="0" />
      <mem type="loa" free="77067264" total="77067264" percent="100" />
    </mem>
    <remembered-set count="193008" />
  </mem-info>
</gc-start>
<allocation-stats totalBytes="697002272" >
  <allocated-bytes non-tlh="29917384" tlh="667084888" />
  <largest-consumer threadName="Group1.Backend.CompositeBackend{Tier1}.1" threadId="000000000078AB00" bytes="114767584" />
</allocation-stats>
<gc-op id="1846" type="scavenge" timems="109.669" contextid="1843" timestamp="2020-09-11T09:54:51.107">
  <scavenger-info tenureage="3" tenuremask="7ff8" tiltratio="86" />
  <memory-copied type="nursery" objects="4143961" bytes="111341104" bytesdiscarded="255952" />
  <memory-copied type="tenure" objects="1105025" bytes="29777888" bytesdiscarded="10144" />
  <finalization candidates="5" enqueued="0" />
  <ownableSynchronizers candidates="43281" cleared="28133" />
  <references type="soft" candidates="8454" cleared="0" enqueued="0" dynamicThreshold="13" maxThreshold="32" />
  <references type="weak" candidates="126" cleared="126" enqueued="0" />
  <heap-resize type="expand" space="tenure" amount="32505856" count="31" timems="9.518" reason="continue current collection" />
</gc-op>
<gc-end id="1847" type="scavenge" contextid="1843" durationms="111.262" usertimems="793.761" systemtimems="18.154" timestamp="2020-09-11T09:54:51.108" activeThreads="8">
  <mem-info id="1848" free="778083584" total="2256470016" percent="34">
    <mem type="nursery" free="698128128" total="939524096" percent="74">
      <mem type="allocate" free="698128128" total="809828352" percent="86" />
      <mem type="survivor" free="0" total="129695744" percent="0" />
    </mem>
    <mem type="tenure" free="79955456" total="1316945920" percent="6" macro-fragmented="0">
      <mem type="soa" free="938496" total="1237928960" percent="0" />
      <mem type="loa" free="79016960" total="79016960" percent="100" />
    </mem>
    <remembered-set count="34501" />
  </mem-info>
</gc-end>
<cycle-end id="1849" type="scavenge" contextid="1843" timestamp="2020-09-11T09:54:51.112" />
<allocation-satisfied id="1850" threadId="000000000089C800" bytesRequested="520" />
<af-end id="1851" timestamp="2020-09-11T09:54:51.112" threadId="000000000089D180" success="true" from="nursery"/>
<exclusive-end id="1852" timestamp="2020-09-11T09:54:51.112" durationms="116.408" />

<exclusive-start id="1853" timestamp="2020-09-11T09:54:53.074" intervalms="2078.961">
  <response-info timems="0.424" idlems="0.424" threads="0" lastid="000000000084FB00" lastname="Group1.Backend.CompositeBackend{Tier1}.8" />
</exclusive-start>
<af-start id="1854" threadId="0000000000850480" totalBytesRequested="24" timestamp="2020-09-11T09:54:53.075" intervalms="2078.837" type="nursery" />
<cycle-start id="1855" type="scavenge" contextid="0" timestamp="2020-09-11T09:54:53.075" intervalms="2078.805" />
<gc-start id="1856" type="scavenge" contextid="1855" timestamp="2020-09-11T09:54:53.076">
  <mem-info id="1857" free="79955192" total="2256470016" percent="3">
    <mem type="nursery" free="0" total="939524096" percent="0">
      <mem type="allocate" free="0" total="809828352" percent="0" />
      <mem type="survivor" free="0" total="129695744" percent="0" />
    </mem>
    <mem type="tenure" free="79955192" total="1316945920" percent="6">
      <mem type="soa" free="938232" total="1237928960" percent="0" />
      <mem type="loa" free="79016960" total="79016960" percent="100" />
    </mem>
    <remembered-set count="193624" />
  </mem-info>
</gc-start>
<allocation-stats totalBytes="697771936" >
  <allocated-bytes non-tlh="32201056" tlh="665570880" />
  <largest-consumer threadName="Group1.Backend.CompositeBackend{Tier1}.3" threadId="000000000085F900" bytes="97613680" />
</allocation-stats>
<gc-op id="1858" type="scavenge" timems="110.985" contextid="1855" timestamp="2020-09-11T09:54:53.187">
  <scavenger-info tenureage="3" tenuremask="7ff8" tiltratio="86" />
  <memory-copied type="nursery" objects="4168955" bytes="111657504" bytesdiscarded="143064" />
  <memory-copied type="tenure" objects="1173024" bytes="31589176" bytesdiscarded="11016" />
  <finalization candidates="4" enqueued="0" />
  <ownableSynchronizers candidates="38984" cleared="25047" />
  <references type="soft" candidates="7662" cleared="0" enqueued="0" dynamicThreshold="13" maxThreshold="32" />
  <references type="weak" candidates="103" cleared="103" enqueued="0" />
  <heap-resize type="expand" space="tenure" amount="33554432" count="32" timems="8.402" reason="continue current collection" />
</gc-op>
<gc-end id="1859" type="scavenge" contextid="1855" durationms="112.029" usertimems="824.960" systemtimems="16.879" timestamp="2020-09-11T09:54:53.188" activeThreads="8">
  <mem-info id="1860" free="780674296" total="2290024448" percent="34">
    <mem type="nursery" free="698777080" total="939524096" percent="74">
      <mem type="allocate" free="698777080" total="810680320" percent="86" />
      <mem type="survivor" free="0" total="128843776" percent="0" />
    </mem>
    <mem type="tenure" free="81897216" total="1350500352" percent="6" macro-fragmented="0">
      <mem type="soa" free="867072" total="1269470208" percent="0" />
      <mem type="loa" free="81030144" total="81030144" percent="100" />
    </mem>
    <remembered-set count="33970" />
  </mem-info>
</gc-end>
<cycle-end id="1861" type="scavenge" contextid="1855" timestamp="2020-09-11T09:54:53.189" />
<allocation-satisfied id="1862" threadId="000000000084FB00" bytesRequested="24" />
<af-end id="1863" timestamp="2020-09-11T09:54:53.189" threadId="0000000000850480" success="true" from="nursery"/>
<exclusive-end id="1864" timestamp="2020-09-11T09:54:53.189" durationms="114.945" />

<exclusive-start id="1865" timestamp="2020-09-11T09:54:55.084" intervalms="2010.214">
  <response-info timems="0.624" idlems="0.624" threads="0" lastid="000000000087A000" lastname="Group1.Backend.CompositeBackend{Tier1}.5" />
</exclusive-start>
<af-start id="1866" threadId="000000000087A980" totalBytesRequested="664" timestamp="2020-09-11T09:54:55.085" intervalms="2010.142" type="nursery" />
<cycle-start id="1867" type="scavenge" contextid="0" timestamp="2020-09-11T09:54:55.085" intervalms="2010.134" />
<gc-start id="1868" type="scavenge" contextid="1867" timestamp="2020-09-11T09:54:55.086">
  <mem-info id="1869" free="81897216" total="2290024448" percent="3">
    <mem type="nursery" free="0" total="939524096" percent="0">
      <mem type="allocate" free="0" total="810680320" percent="0" />
      <mem type="survivor" free="0" total="128843776" percent="0" />
    </mem>
    <mem type="tenure" free="81897216" total="1350500352" percent="6">
      <mem type="soa" free="867072" total="1269470208" percent="0" />
      <mem type="loa" free="81030144" total="81030144" percent="100" />
    </mem>
    <remembered-set count="192987" />
  </mem-info>
</gc-start>
<allocation-stats totalBytes="698401592" >
  <allocated-bytes non-tlh="34426744" tlh="663974848" />
  <largest-consumer threadName="Group1.Backend.CompositeBackend{Tier1}.3" threadId="000000000085F900" bytes="120530312" />
</allocation-stats>
<gc-op id="1870" type="scavenge" timems="98.671" contextid="1867" timestamp="2020-09-11T09:54:55.185">
  <scavenger-info tenureage="3" tenuremask="7ff8" tiltratio="86" />
  <memory-copied type="nursery" objects="4094745" bytes="110025640" bytesdiscarded="186376" />
  <memory-copied type="tenure" objects="1087703" bytes="29265224" bytesdiscarded="6720" />
  <finalization candidates="4" enqueued="0" />
  <ownableSynchronizers candidates="36116" cleared="23397" />
  <references type="soft" candidates="7213" cleared="0" enqueued="0" dynamicThreshold="13" maxThreshold="32" />
  <references type="weak" candidates="110" cleared="110" enqueued="0" />
  <heap-resize type="expand" space="tenure" amount="30408704" count="29" timems="9.076" reason="continue current collection" />
</gc-op>
<gc-end id="1871" type="scavenge" contextid="1867" durationms="99.819" usertimems="740.167" systemtimems="16.425" timestamp="2020-09-11T09:54:55.186" activeThreads="8">
  <mem-info id="1872" free="784107520" total="2320433152" percent="33">
    <mem type="nursery" free="701152768" total="939524096" percent="74">
      <mem type="allocate" free="701152768" total="811466752" percent="86" />
      <mem type="survivor" free="0" total="128057344" percent="0" />
    </mem>
    <mem type="tenure" free="82954752" total="1380909056" percent="6" macro-fragmented="23113062">
      <mem type="soa" free="99840" total="1298054144" percent="0" />
      <mem type="loa" free="82854912" total="82854912" percent="100" />
    </mem>
    <remembered-set count="32405" />
  </mem-info>
</gc-end>
<cycle-end id="1873" type="scavenge" contextid="1867" timestamp="2020-09-11T09:54:55.187" />
<allocation-satisfied id="1874" threadId="000000000087A000" bytesRequested="664" />
<af-end id="1875" timestamp="2020-09-11T09:54:55.187" threadId="000000000087A980" success="true" from="nursery"/>
<exclusive-end id="1876" timestamp="2020-09-11T09:54:55.187" durationms="102.417" />

<exclusive-start id="1877" timestamp="2020-09-11T09:54:57.171" intervalms="2086.327">
  <response-info timems="0.514" idlems="0.514" threads="0" lastid="000000000088D900" lastname="Group1.Backend.CompositeBackend{Tier1}.6" />
</exclusive-start>
<af-start id="1878" threadId="000000000088E280" totalBytesRequested="24" timestamp="2020-09-11T09:54:57.172" intervalms="2086.483" type="nursery" />
<cycle-start id="1879" type="scavenge" contextid="0" timestamp="2020-09-11T09:54:57.172" intervalms="2086.515" />
<gc-start id="1880" type="scavenge" contextid="1879" timestamp="2020-09-11T09:54:57.172">
  <mem-info id="1881" free="82953176" total="2320433152" percent="3">
    <mem type="nursery" free="0" total="939524096" percent="0">
      <mem type="allocate" free="0" total="811466752" percent="0" />
      <mem type="survivor" free="0" total="128057344" percent="0" />
    </mem>
    <mem type="tenure" free="82953176" total="1380909056" percent="6">
      <mem type="soa" free="98264" total="1298054144" percent="0" />
      <mem type="loa" free="82854912" total="82854912" percent="100" />
    </mem>
    <remembered-set count="193276" />
  </mem-info>
</gc-start>
<allocation-stats totalBytes="700760592" >
  <allocated-bytes non-tlh="27746176" tlh="673014416" />
  <largest-consumer threadName="Group1.Backend.CompositeBackend{Tier1}.5" threadId="000000000087A000" bytes="95178056" />
</allocation-stats>
<gc-op id="1882" type="scavenge" timems="100.056" contextid="1879" timestamp="2020-09-11T09:54:57.273">
  <scavenger-info tenureage="3" tenuremask="7ff8" tiltratio="86" />
  <memory-copied type="nursery" objects="4156353" bytes="111716488" bytesdiscarded="273736" />
  <memory-copied type="tenure" objects="1107228" bytes="29847408" bytesdiscarded="10072" />
  <finalization candidates="4" enqueued="0" />
  <ownableSynchronizers candidates="35922" cleared="23760" />
  <references type="soft" candidates="6786" cleared="0" enqueued="0" dynamicThreshold="13" maxThreshold="32" />
  <references type="weak" candidates="121" cleared="121" enqueued="0" />
  <heap-resize type="expand" space="tenure" amount="32505856" count="31" timems="9.347" reason="continue current collection" />
</gc-op>
<gc-end id="1883" type="scavenge" contextid="1879" durationms="101.165" usertimems="739.373" systemtimems="14.675" timestamp="2020-09-11T09:54:57.273" activeThreads="8">
  <mem-info id="1884" free="785007248" total="2352939008" percent="33">
    <mem type="nursery" free="699574416" total="939524096" percent="74">
      <mem type="allocate" free="699574416" total="811663360" percent="86" />
      <mem type="survivor" free="0" total="127860736" percent="0" />
    </mem>
    <mem type="tenure" free="85432832" total="1413414912" percent="6" macro-fragmented="0">
      <mem type="soa" free="627200" total="1328609280" percent="0" />
      <mem type="loa" free="84805632" total="84805632" percent="100" />
    </mem>
    <remembered-set count="32099" />
  </mem-info>
</gc-end>
<cycle-end id="1885" type="scavenge" contextid="1879" timestamp="2020-09-11T09:54:57.276" />
<allocation-satisfied id="1886" threadId="000000000088D900" bytesRequested="24" />
<af-end id="1887" timestamp="2020-09-11T09:54:57.276" threadId="000000000088E280" success="true" from="nursery"/>
<exclusive-end id="1888" timestamp="2020-09-11T09:54:57.276" durationms="105.257" />

<exclusive-start id="1889" timestamp="2020-09-11T09:54:59.189" intervalms="2018.344">
  <response-info timems="0.664" idlems="0.664" threads="0" lastid="000000000084FB00" lastname="Group1.Backend.CompositeBackend{Tier1}.8" />
</exclusive-start>
<af-start id="1890" threadId="0000000000850480" totalBytesRequested="32" timestamp="2020-09-11T09:54:59.190" intervalms="2018.206" type="nursery" />
<cycle-start id="1891" type="scavenge" contextid="0" timestamp="2020-09-11T09:54:59.190" intervalms="2018.177" />
<gc-start id="1892" type="scavenge" contextid="1891" timestamp="2020-09-11T09:54:59.191">
  <mem-info id="1893" free="85432832" total="2352939008" percent="3">
    <mem type="nursery" free="0" total="939524096" percent="0">
      <mem type="allocate" free="0" total="811663360" percent="0" />
      <mem type="survivor" free="0" total="127860736" percent="0" />
    </mem>
    <mem type="tenure" free="85432832" total="1413414912" percent="6">
      <mem type="soa" free="627200" total="1328609280" percent="0" />
      <mem type="loa" free="84805632" total="84805632" percent="100" />
    </mem>
    <remembered-set count="190435" />
  </mem-info>
</gc-start>
<allocation-stats totalBytes="699188424" >
  <allocated-bytes non-tlh="33521008" tlh="665667416" />
  <largest-consumer threadName="Group1.Backend.CompositeBackend{Tier1}.1" threadId="000000000078AB00" bytes="126873664" />
</allocation-stats>
<gc-op id="1894" type="scavenge" timems="92.564" contextid="1891" timestamp="2020-09-11T09:54:59.283">
  <scavenger-info tenureage="3" tenuremask="7ff8" tiltratio="86" />
  <memory-copied type="nursery" objects="4120388" bytes="110851584" bytesdiscarded="179576" />
  <memory-copied type="tenure" objects="1094319" bytes="29464448" bytesdiscarded="10696" />
  <ownableSynchronizers candidates="30621" cleared="19503" />
  <references type="soft" candidates="6277" cleared="0" enqueued="0" dynamicThreshold="13" maxThreshold="32" />
  <references type="weak" candidates="117" cleared="117" enqueued="0" />
  <heap-resize type="expand" space="tenure" amount="31457280" count="30" timems="7.591" reason="continue current collection" />
</gc-op>
<gc-end id="1895" type="scavenge" contextid="1891" durationms="93.602" usertimems="720.852" systemtimems="6.794" timestamp="2020-09-11T09:54:59.284" activeThreads="8">
  <mem-info id="1896" free="788649440" total="2384396288" percent="33">
    <mem type="nursery" free="701064160" total="939524096" percent="74">
      <mem type="allocate" free="701064160" total="812187648" percent="86" />
      <mem type="survivor" free="0" total="127336448" percent="0" />
    </mem>
    <mem type="tenure" free="87585280" total="1444872192" percent="6" macro-fragmented="0">
      <mem type="soa" free="892416" total="1358179328" percent="0" />
      <mem type="loa" free="86692864" total="86692864" percent="100" />
    </mem>
    <remembered-set count="31568" />
  </mem-info>
</gc-end>
<cycle-end id="1897" type="scavenge" contextid="1891" timestamp="2020-09-11T09:54:59.285" />
<allocation-satisfied id="1898" threadId="000000000084FB00" bytesRequested="32" />
<af-end id="1899" timestamp="2020-09-11T09:54:59.285" threadId="0000000000850480" success="true" from="nursery"/>
<exclusive-end id="1900" timestamp="2020-09-11T09:54:59.285" durationms="96.293" />

<exclusive-start id="1901" timestamp="2020-09-11T09:55:01.262" intervalms="2072.713">
  <response-info timems="0.292" idlems="0.168" threads="1" lastid="000000000087A000" lastname="Group1.Backend.CompositeBackend{Tier1}.5" />
</exclusive-start>
<af-start id="1902" threadId="000000000078B480" totalBytesRequested="16" timestamp="2020-09-11T09:55:01.263" intervalms="2072.831" type="nursery" />
<cycle-start id="1903" type="scavenge" contextid="0" timestamp="2020-09-11T09:55:01.263" intervalms="2072.859" />
<gc-start id="1904" type="scavenge" contextid="1903" timestamp="2020-09-11T09:55:01.264">
  <mem-info id="1905" free="87585280" total="2384396288" percent="3">
    <mem type="nursery" free="0" total="939524096" percent="0">
      <mem type="allocate" free="0" total="812187648" percent="0" />
      <mem type="survivor" free="0" total="127336448" percent="0" />
    </mem>
    <mem type="tenure" free="87585280" total="1444872192" percent="6">
      <mem type="soa" free="892416" total="1358179328" percent="0" />
      <mem type="loa" free="86692864" total="86692864" percent="100" />
    </mem>
    <remembered-set count="192326" />
  </mem-info>
</gc-start>
<allocation-stats totalBytes="700660792" >
  <allocated-bytes non-tlh="33289344" tlh="667371448" />
  <largest-consumer threadName="Group1.Backend.CompositeBackend{Tier1}.3" threadId="000000000085F900" bytes="100013072" />
</allocation-stats>
<gc-op id="1906" type="scavenge" timems="91.352" contextid="1903" timestamp="2020-09-11T09:55:01.355">
  <scavenger-info tenureage="3" tenuremask="7ff8" tiltratio="86" />
  <memory-copied type="nursery" objects="4178667" bytes="112111048" bytesdiscarded="205640" />
  <memory-copied type="tenure" objects="1111173" bytes="29925840" bytesdiscarded="7080" />
  <finalization candidates="1" enqueued="0" />
  <ownableSynchronizers candidates="29727" cleared="19305" />
  <references type="soft" candidates="5904" cleared="0" enqueued="0" dynamicThreshold="13" maxThreshold="32" />
  <references type="weak" candidates="132" cleared="126" enqueued="0" />
  <heap-resize type="expand" space="tenure" amount="31457280" count="30" timems="8.421" reason="continue current collection" />
</gc-op>
<gc-end id="1907" type="scavenge" contextid="1903" durationms="92.489" usertimems="709.614" systemtimems="9.754" timestamp="2020-09-11T09:55:01.356" activeThreads="8">
  <mem-info id="1908" free="789270696" total="2415853568" percent="32">
    <mem type="nursery" free="700040104" total="939524096" percent="74">
      <mem type="allocate" free="700040104" total="812449792" percent="86" />
      <mem type="survivor" free="0" total="127074304" percent="0" />
    </mem>
    <mem type="tenure" free="89230592" total="1476329472" percent="6" macro-fragmented="0">
      <mem type="soa" free="650496" total="1387749376" percent="0" />
      <mem type="loa" free="88580096" total="88580096" percent="100" />
    </mem>
    <remembered-set count="31905" />
  </mem-info>
</gc-end>
<cycle-end id="1909" type="scavenge" contextid="1903" timestamp="2020-09-11T09:55:01.357" />
<allocation-satisfied id="1910" threadId="000000000078AB00" bytesRequested="16" />
<af-end id="1911" timestamp="2020-09-11T09:55:01.357" threadId="000000000078B480" success="true" from="nursery"/>
<exclusive-end id="1912" timestamp="2020-09-11T09:55:01.357" durationms="95.524" />

<exclusive-start id="1913" timestamp="2020-09-11T09:55:03.333" intervalms="2070.945">
  <response-info timems="0.304" idlems="0.295" threads="1" lastid="000000000086B200" lastname="Group1.Backend.CompositeBackend{Tier1}.4" />
</exclusive-start>
<af-start id="1914" threadId="0000000000860280" totalBytesRequested="24" timestamp="2020-09-11T09:55:03.333" intervalms="2070.847" type="nursery" />
<cycle-start id="1915" type="scavenge" contextid="0" timestamp="2020-09-11T09:55:03.334" intervalms="2070.842" />
<gc-start id="1916" type="scavenge" contextid="1915" timestamp="2020-09-11T09:55:03.334">
  <mem-info id="1917" free="89230592" total="2415853568" percent="3">
    <mem type="nursery" free="0" total="939524096" percent="0">
      <mem type="allocate" free="0" total="812449792" percent="0" />
      <mem type="survivor" free="0" total="127074304" percent="0" />
    </mem>
    <mem type="tenure" free="89230592" total="1476329472" percent="6">
      <mem type="soa" free="650496" total="1387749376" percent="0" />
      <mem type="loa" free="88580096" total="88580096" percent="100" />
    </mem>
    <remembered-set count="192981" />
  </mem-info>
</gc-start>
<allocation-stats totalBytes="699647288" >
  <allocated-bytes non-tlh="32990672" tlh="666656616" />
  <largest-consumer threadName="Group1.Backend.CompositeBackend{Tier1}.6" threadId="000000000088D900" bytes="94440608" />
</allocation-stats>
<gc-op id="1918" type="scavenge" timems="135.221" contextid="1915" timestamp="2020-09-11T09:55:03.469">
  <scavenger-info tenureage="3" tenuremask="7ff8" tiltratio="86" />
  <memory-copied type="nursery" objects="4304576" bytes="114727136" bytesdiscarded="216504" />
  <memory-copied type="tenure" objects="1143363" bytes="30950184" bytesdiscarded="11656" />
  <finalization candidates="1" enqueued="0" />
  <ownableSynchronizers candidates="27456" cleared="17721" />
  <references type="soft" candidates="5362" cleared="0" enqueued="0" dynamicThreshold="13" maxThreshold="32" />
  <references type="weak" candidates="113" cleared="107" enqueued="0" />
  <heap-resize type="expand" space="tenure" amount="32505856" count="31" timems="13.186" reason="continue current collection" />
</gc-op>
<gc-end id="1919" type="scavenge" contextid="1915" durationms="136.183" usertimems="969.265" systemtimems="18.319" timestamp="2020-09-11T09:55:03.470" activeThreads="8">
  <mem-info id="1920" free="784562584" total="2448359424" percent="32">
    <mem type="nursery" free="693939096" total="939524096" percent="73">
      <mem type="allocate" free="693939096" total="808976384" percent="85" />
      <mem type="survivor" free="0" total="130547712" percent="0" />
    </mem>
    <mem type="tenure" free="90623488" total="1508835328" percent="6" macro-fragmented="868149">
      <mem type="soa" free="92672" total="1418304512" percent="0" />
      <mem type="loa" free="90530816" total="90530816" percent="100" />
    </mem>
    <remembered-set count="33939" />
  </mem-info>
</gc-end>
<cycle-end id="1921" type="scavenge" contextid="1915" timestamp="2020-09-11T09:55:03.471" />
<allocation-satisfied id="1922" threadId="000000000085F900" bytesRequested="24" />
<af-end id="1923" timestamp="2020-09-11T09:55:03.471" threadId="0000000000860280" success="true" from="nursery"/>
<exclusive-end id="1924" timestamp="2020-09-11T09:55:03.471" durationms="138.638" />

<exclusive-start id="1925" timestamp="2020-09-11T09:55:05.398" intervalms="2065.375">
  <response-info timems="0.589" idlems="0.589" threads="0" lastid="000000000088D900" lastname="Group1.Backend.CompositeBackend{Tier1}.6" />
</exclusive-start>
<af-start id="1926" threadId="000000000088E280" totalBytesRequested="16" timestamp="2020-09-11T09:55:05.399" intervalms="2065.536" type="nursery" />
<cycle-start id="1927" type="scavenge" contextid="0" timestamp="2020-09-11T09:55:05.399" intervalms="2065.527" />
<gc-start id="1928" type="scavenge" contextid="1927" timestamp="2020-09-11T09:55:05.400">
  <mem-info id="1929" free="90623488" total="2448359424" percent="3">
    <mem type="nursery" free="0" total="939524096" percent="0">
      <mem type="allocate" free="0" total="808976384" percent="0" />
      <mem type="survivor" free="0" total="130547712" percent="0" />
    </mem>
    <mem type="tenure" free="90623488" total="1508835328" percent="6">
      <mem type="soa" free="92672" total="1418304512" percent="0" />
      <mem type="loa" free="90530816" total="90530816" percent="100" />
    </mem>
    <remembered-set count="195971" />
  </mem-info>
</gc-start>
<allocation-stats totalBytes="693538048" >
  <allocated-bytes non-tlh="28653920" tlh="664884128" />
  <largest-consumer threadName="Group1.Backend.CompositeBackend{Tier1}.6" threadId="000000000088D900" bytes="97444000" />
</allocation-stats>
<gc-op id="1930" type="scavenge" timems="121.214" contextid="1927" timestamp="2020-09-11T09:55:05.521">
  <scavenger-info tenureage="3" tenuremask="7ff8" tiltratio="86" />
  <memory-copied type="nursery" objects="4290586" bytes="114142144" bytesdiscarded="201024" />
  <memory-copied type="tenure" objects="1092846" bytes="29433376" bytesdiscarded="11928" />
  <finalization candidates="1" enqueued="0" />
  <ownableSynchronizers candidates="26724" cleared="17721" />
  <references type="soft" candidates="5197" cleared="0" enqueued="0" dynamicThreshold="13" maxThreshold="32" />
  <references type="weak" candidates="105" cleared="99" enqueued="0" />
  <heap-resize type="expand" space="tenure" amount="31457280" count="30" timems="11.456" reason="continue current collection" />
</gc-op>
<gc-end id="1931" type="scavenge" contextid="1927" durationms="122.471" usertimems="888.888" systemtimems="32.933" timestamp="2020-09-11T09:55:05.522" activeThreads="8">
  <mem-info id="1932" free="787699448" total="2479816704" percent="31">
    <mem type="nursery" free="694931960" total="939524096" percent="73">
      <mem type="allocate" free="694931960" total="809369600" percent="85" />
      <mem type="survivor" free="0" total="130154496" percent="0" />
    </mem>
    <mem type="tenure" free="92767488" total="1540292608" percent="6" macro-fragmented="19260884">
      <mem type="soa" free="349440" total="1447874560" percent="0" />
      <mem type="loa" free="92418048" total="92418048" percent="100" />
    </mem>
    <remembered-set count="35497" />
  </mem-info>
</gc-end>
<cycle-end id="1933" type="scavenge" contextid="1927" timestamp="2020-09-11T09:55:05.523" />
<allocation-satisfied id="1934" threadId="000000000088D900" bytesRequested="16" />
<af-end id="1935" timestamp="2020-09-11T09:55:05.524" threadId="000000000088E280" success="true" from="nursery"/>
<exclusive-end id="1936" timestamp="2020-09-11T09:55:05.524" durationms="125.361" />

<exclusive-start id="1937" timestamp="2020-09-11T09:55:07.330" intervalms="1931.364">
  <response-info timems="1.996" idlems="1.018" threads="1" lastid="000000000085F900" lastname="Group1.Backend.CompositeBackend{Tier1}.3" />
</exclusive-start>
<af-start id="1938" threadId="000000000086BB80" totalBytesRequested="16" timestamp="2020-09-11T09:55:07.331" intervalms="1931.639" type="nursery" />
<cycle-start id="1939" type="scavenge" contextid="0" timestamp="2020-09-11T09:55:07.331" intervalms="1931.723" />
<gc-start id="1940" type="scavenge" contextid="1939" timestamp="2020-09-11T09:55:07.331">
  <mem-info id="1941" free="92767488" total="2479816704" percent="3">
    <mem type="nursery" free="0" total="939524096" percent="0">
      <mem type="allocate" free="0" total="809369600" percent="0" />
      <mem type="survivor" free="0" total="130154496" percent="0" />
    </mem>
    <mem type="tenure" free="92767488" total="1540292608" percent="6">
      <mem type="soa" free="349440" total="1447874560" percent="0" />
      <mem type="loa" free="92418048" total="92418048" percent="100" />
    </mem>
    <remembered-set count="192368" />
  </mem-info>
</gc-start>
<allocation-stats totalBytes="694552584" >
  <allocated-bytes non-tlh="36804600" tlh="657747984" />
  <largest-consumer threadName="Group1.Backend.CompositeBackend{Tier1}.3" threadId="000000000085F900" bytes="97798008" />
</allocation-stats>
<gc-op id="1942" type="scavenge" timems="134.060" contextid="1939" timestamp="2020-09-11T09:55:07.465">
  <scavenger-info tenureage="3" tenuremask="7ff8" tiltratio="86" />
  <memory-copied type="nursery" objects="4680849" bytes="122953912" bytesdiscarded="223672" />
  <memory-copied type="tenure" objects="1122038" bytes="30216984" bytesdiscarded="10800" />
  <finalization candidates="1" enqueued="0" />
  <ownableSynchronizers candidates="23546" cleared="15081" />
  <references type="soft" candidates="4794" cleared="0" enqueued="0" dynamicThreshold="13" maxThreshold="32" />
  <references type="weak" candidates="114" cleared="113" enqueued="0" />
  <heap-resize type="expand" space="tenure" amount="32505856" count="31" timems="9.846" reason="continue current collection" />
</gc-op>
<gc-end id="1943" type="scavenge" contextid="1939" durationms="135.179" usertimems="1012.806" systemtimems="18.057" timestamp="2020-09-11T09:55:07.466" activeThreads="8">
  <mem-info id="1944" free="767182152" total="2512322560" percent="30">
    <mem type="nursery" free="672143176" total="939524096" percent="71">
      <mem type="allocate" free="672143176" total="795410432" percent="84" />
      <mem type="survivor" free="0" total="144113664" percent="0" />
    </mem>
    <mem type="tenure" free="95038976" total="1572798464" percent="6" macro-fragmented="0">
      <mem type="soa" free="670208" total="1478429696" percent="0" />
      <mem type="loa" free="94368768" total="94368768" percent="100" />
    </mem>
    <remembered-set count="34271" />
  </mem-info>
</gc-end>
<cycle-end id="1945" type="scavenge" contextid="1939" timestamp="2020-09-11T09:55:07.468" />
<allocation-satisfied id="1946" threadId="000000000086B200" bytesRequested="16" />
<af-end id="1947" timestamp="2020-09-11T09:55:07.468" threadId="000000000086BB80" success="true" from="nursery"/>
<exclusive-end id="1948" timestamp="2020-09-11T09:55:07.468" durationms="138.495" />

<exclusive-start id="1949" timestamp="2020-09-11T09:55:09.427" intervalms="2097.235">
  <response-info timems="0.221" idlems="0.221" threads="0" lastid="000000000089C800" lastname="Group1.Backend.CompositeBackend{Tier1}.7" />
</exclusive-start>
<af-start id="1950" threadId="000000000089D180" totalBytesRequested="56" timestamp="2020-09-11T09:55:09.428" intervalms="2096.895" type="nursery" />
<cycle-start id="1951" type="scavenge" contextid="0" timestamp="2020-09-11T09:55:09.428" intervalms="2096.802" />
<gc-start id="1952" type="scavenge" contextid="1951" timestamp="2020-09-11T09:55:09.428">
  <mem-info id="1953" free="95038976" total="2512322560" percent="3">
    <mem type="nursery" free="0" total="939524096" percent="0">
      <mem type="allocate" free="0" total="795410432" percent="0" />
      <mem type="survivor" free="0" total="144113664" percent="0" />
    </mem>
    <mem type="tenure" free="95038976" total="1572798464" percent="6">
      <mem type="soa" free="670208" total="1478429696" percent="0" />
      <mem type="loa" free="94368768" total="94368768" percent="100" />
    </mem>
    <remembered-set count="195790" />
  </mem-info>
</gc-start>
<allocation-stats totalBytes="671759088" >
  <allocated-bytes non-tlh="24299264" tlh="647459824" />
  <largest-consumer threadName="Group1.Backend.CompositeBackend{Tier1}.7" threadId="000000000089C800" bytes="93398744" />
</allocation-stats>
<gc-op id="1954" type="scavenge" timems="110.990" contextid="1951" timestamp="2020-09-11T09:55:09.539">
  <scavenger-info tenureage="3" tenuremask="7ff8" tiltratio="84" />
  <memory-copied type="nursery" objects="4082342" bytes="109545760" bytesdiscarded="149960" />
  <memory-copied type="tenure" objects="1103774" bytes="29681296" bytesdiscarded="13112" />
  <ownableSynchronizers candidates="21868" cleared="14042" />
  <references type="soft" candidates="4462" cleared="0" enqueued="0" dynamicThreshold="13" maxThreshold="32" />
  <references type="weak" candidates="128" cleared="125" enqueued="0" />
  <heap-resize type="expand" space="tenure" amount="31457280" count="30" timems="9.947" reason="continue current collection" />
</gc-op>
<gc-end id="1955" type="scavenge" contextid="1951" durationms="111.987" usertimems="811.935" systemtimems="14.827" timestamp="2020-09-11T09:55:09.540" activeThreads="8">
  <mem-info id="1956" free="783423744" total="2543779840" percent="30">
    <mem type="nursery" free="686864640" total="939524096" percent="73">
      <mem type="allocate" free="686864640" total="796655616" percent="86" />
      <mem type="survivor" free="0" total="142868480" percent="0" />
    </mem>
    <mem type="tenure" free="96559104" total="1604255744" percent="6" macro-fragmented="868149">
      <mem type="soa" free="303104" total="1507999744" percent="0" />
      <mem type="loa" free="96256000" total="96256000" percent="100" />
    </mem>
    <remembered-set count="32988" />
  </mem-info>
</gc-end>
<cycle-end id="1957" type="scavenge" contextid="1951" timestamp="2020-09-11T09:55:09.541" />
<allocation-satisfied id="1958" threadId="000000000089C800" bytesRequested="56" />
<af-end id="1959" timestamp="2020-09-11T09:55:09.541" threadId="000000000089D180" success="true" from="nursery"/>
<exclusive-end id="1960" timestamp="2020-09-11T09:55:09.541" durationms="114.128" />

<exclusive-start id="1961" timestamp="2020-09-11T09:55:11.387" intervalms="1960.536">
  <response-info timems="0.348" idlems="0.343" threads="1" lastid="000000000084FB00" lastname="Group1.Backend.CompositeBackend{Tier1}.8" />
</exclusive-start>
<af-start id="1962" threadId="00000000007C9B80" totalBytesRequested="32" timestamp="2020-09-11T09:55:11.388" intervalms="1960.530" type="nursery" />
<cycle-start id="1963" type="scavenge" contextid="0" timestamp="2020-09-11T09:55:11.388" intervalms="1960.565" />
<gc-start id="1964" type="scavenge" contextid="1963" timestamp="2020-09-11T09:55:11.389">
  <mem-info id="1965" free="96559104" total="2543779840" percent="3">
    <mem type="nursery" free="0" total="939524096" percent="0">
      <mem type="allocate" free="0" total="796655616" percent="0" />
      <mem type="survivor" free="0" total="142868480" percent="0" />
    </mem>
    <mem type="tenure" free="96559104" total="1604255744" percent="6">
      <mem type="soa" free="303104" total="1507999744" percent="0" />
      <mem type="loa" free="96256000" total="96256000" percent="100" />
    </mem>
    <remembered-set count="189624" />
  </mem-info>
</gc-start>
<allocation-stats totalBytes="686472640" >
  <allocated-bytes non-tlh="33549568" tlh="652923072" />
  <largest-consumer threadName="Group1.Backend.CompositeBackend{Tier1}.2" threadId="00000000007C9200" bytes="93241560" />
</allocation-stats>
<gc-op id="1966" type="scavenge" timems="125.427" contextid="1963" timestamp="2020-09-11T09:55:11.514">
  <scavenger-info tenureage="3" tenuremask="7ff8" tiltratio="84" />
  <memory-copied type="nursery" objects="4435053" bytes="117171424" bytesdiscarded="176952" />
  <memory-copied type="tenure" objects="1129062" bytes="30349984" bytesdiscarded="9384" />
  <ownableSynchronizers candidates="22678" cleared="15163" />
  <references type="soft" candidates="4219" cleared="0" enqueued="0" dynamicThreshold="13" maxThreshold="32" />
  <references type="weak" candidates="103" cleared="103" enqueued="0" />
  <heap-resize type="expand" space="tenure" amount="32505856" count="31" timems="9.275" reason="continue current collection" />
</gc-op>
<gc-end id="1967" type="scavenge" contextid="1963" durationms="126.412" usertimems="934.156" systemtimems="2.436" timestamp="2020-09-11T09:55:11.515" activeThreads="8">
  <mem-info id="1968" free="778631144" total="2576285696" percent="30">
    <mem type="nursery" free="679872488" total="939524096" percent="72">
      <mem type="allocate" free="679872488" total="797310976" percent="85" />
      <mem type="survivor" free="0" total="142213120" percent="0" />
    </mem>
    <mem type="tenure" free="98758656" total="1636761600" percent="6" macro-fragmented="290741">
      <mem type="soa" free="552960" total="1538555904" percent="0" />
      <mem type="loa" free="98205696" total="98205696" percent="100" />
    </mem>
    <remembered-set count="30519" />
  </mem-info>
</gc-end>
<cycle-end id="1969" type="scavenge" contextid="1963" timestamp="2020-09-11T09:55:11.516" />
<allocation-satisfied id="1970" threadId="00000000007C9200" bytesRequested="32" />
<af-end id="1971" timestamp="2020-09-11T09:55:11.516" threadId="00000000007C9B80" success="true" from="nursery"/>
<exclusive-end id="1972" timestamp="2020-09-11T09:55:11.516" durationms="129.046" />

<exclusive-start id="1973" timestamp="2020-09-11T09:55:13.365" intervalms="1977.868">
  <response-info timems="0.346" idlems="0.346" threads="0" lastid="000000000089C800" lastname="Group1.Backend.CompositeBackend{Tier1}.7" />
</exclusive-start>
<af-start id="1974" threadId="000000000089D180" totalBytesRequested="16" timestamp="2020-09-11T09:55:13.366" intervalms="1977.706" type="nursery" />
<cycle-start id="1975" type="scavenge" contextid="0" timestamp="2020-09-11T09:55:13.366" intervalms="1977.669" />
<gc-start id="1976" type="scavenge" contextid="1975" timestamp="2020-09-11T09:55:13.366">
  <mem-info id="1977" free="98758656" total="2576285696" percent="3">
    <mem type="nursery" free="0" total="939524096" percent="0">
      <mem type="allocate" free="0" total="797310976" percent="0" />
      <mem type="survivor" free="0" total="142213120" percent="0" />
    </mem>
    <mem type="tenure" free="98758656" total="1636761600" percent="6">
      <mem type="soa" free="552960" total="1538555904" percent="0" />
      <mem type="loa" free="98205696" total="98205696" percent="100" />
    </mem>
    <remembered-set count="187226" />
  </mem-info>
</gc-start>
<allocation-stats totalBytes="679482040" >
  <allocated-bytes non-tlh="33022168" tlh="646459872" />
  <largest-consumer threadName="Group1.Backend.CompositeBackend{Tier1}.1" threadId="000000000078AB00" bytes="93021832" />
</allocation-stats>
<gc-op id="1978" type="scavenge" timems="97.775" contextid="1975" timestamp="2020-09-11T09:55:13.464">
  <scavenger-info tenureage="3" tenuremask="7ff8" tiltratio="84" />
  <memory-copied type="nursery" objects="4017214" bytes="107837184" bytesdiscarded="189016" />
  <memory-copied type="tenure" objects="1048109" bytes="28203784" bytesdiscarded="8480" />
  <ownableSynchronizers candidates="19982" cleared="13035" />
  <references type="soft" candidates="4052" cleared="0" enqueued="0" dynamicThreshold="13" maxThreshold="32" />
  <references type="weak" candidates="115" cleared="115" enqueued="0" />
  <heap-resize type="expand" space="tenure" amount="29360128" count="28" timems="7.645" reason="continue current collection" />
</gc-op>
<gc-end id="1979" type="scavenge" contextid="1975" durationms="98.883" usertimems="722.716" systemtimems="12.237" timestamp="2020-09-11T09:55:13.465" activeThreads="8">
  <mem-info id="1980" free="791373824" total="2605645824" percent="30">
    <mem type="nursery" free="691358464" total="939524096" percent="73">
      <mem type="allocate" free="691358464" total="799473664" percent="86" />
      <mem type="survivor" free="0" total="140050432" percent="0" />
    </mem>
    <mem type="tenure" free="100015360" total="1666121728" percent="6" macro-fragmented="0">
      <mem type="soa" free="47360" total="1566153728" percent="0" />
      <mem type="loa" free="99968000" total="99968000" percent="100" />
    </mem>
    <remembered-set count="29674" />
  </mem-info>
</gc-end>
<cycle-end id="1981" type="scavenge" contextid="1975" timestamp="2020-09-11T09:55:13.466" />
<allocation-satisfied id="1982" threadId="000000000089C800" bytesRequested="16" />
<af-end id="1983" timestamp="2020-09-11T09:55:13.466" threadId="000000000089D180" success="true" from="nursery"/>
<exclusive-end id="1984" timestamp="2020-09-11T09:55:13.466" durationms="100.914" />

<exclusive-start id="1985" timestamp="2020-09-11T09:55:15.413" intervalms="2048.134">
  <response-info timems="0.472" idlems="0.472" threads="0" lastid="000000000084FB00" lastname="Group1.Backend.CompositeBackend{Tier1}.8" />
</exclusive-start>
<af-start id="1986" threadId="0000000000850480" totalBytesRequested="16" timestamp="2020-09-11T09:55:15.414" intervalms="2048.337" type="nursery" />
<cycle-start id="1987" type="scavenge" contextid="0" timestamp="2020-09-11T09:55:15.414" intervalms="2048.422" />
<gc-start id="1988" type="scavenge" contextid="1987" timestamp="2020-09-11T09:55:15.415">
  <mem-info id="1989" free="100015360" total="2605645824" percent="3">
    <mem type="nursery" free="0" total="939524096" percent="0">
      <mem type="allocate" free="0" total="799473664" percent="0" />
      <mem type="survivor" free="0" total="140050432" percent="0" />
    </mem>
    <mem type="tenure" free="100015360" total="1666121728" percent="6">
      <mem type="soa" free="47360" total="1566153728" percent="0" />
      <mem type="loa" free="99968000" total="99968000" percent="100" />
    </mem>
    <remembered-set count="189083" />
  </mem-info>
</gc-start>
<allocation-stats totalBytes="690959360" >
  <allocated-bytes non-tlh="32584448" tlh="658374912" />
  <largest-consumer threadName="Group1.Backend.CompositeBackend{Tier1}.7" threadId="000000000089C800" bytes="85072920" />
</allocation-stats>
<gc-op id="1990" type="scavenge" timems="116.002" contextid="1987" timestamp="2020-09-11T09:55:15.531">
  <scavenger-info tenureage="3" tenuremask="7ff8" tiltratio="85" />
  <memory-copied type="nursery" objects="4135196" bytes="110573504" bytesdiscarded="213552" />
  <memory-copied type="tenure" objects="1119727" bytes="30153696" bytesdiscarded="10088" />
  <ownableSynchronizers candidates="18330" cleared="11781" />
  <references type="soft" candidates="3831" cleared="0" enqueued="0" dynamicThreshold="13" maxThreshold="32" />
  <references type="weak" candidates="123" cleared="123" enqueued="0" />
  <heap-resize type="expand" space="tenure" amount="32505856" count="31" timems="9.514" reason="continue current collection" />
</gc-op>
<gc-end id="1991" type="scavenge" contextid="1987" durationms="117.099" usertimems="845.796" systemtimems="13.188" timestamp="2020-09-11T09:55:15.532" activeThreads="8">
  <mem-info id="1992" free="793495792" total="2638151680" percent="30">
    <mem type="nursery" free="691217136" total="939524096" percent="73">
      <mem type="allocate" free="691217136" total="802095104" percent="86" />
      <mem type="survivor" free="0" total="137428992" percent="0" />
    </mem>
    <mem type="tenure" free="102278656" total="1698627584" percent="6" macro-fragmented="0">
      <mem type="soa" free="360960" total="1596709888" percent="0" />
      <mem type="loa" free="101917696" total="101917696" percent="100" />
    </mem>
    <remembered-set count="30001" />
  </mem-info>
</gc-end>
<cycle-end id="1993" type="scavenge" contextid="1987" timestamp="2020-09-11T09:55:15.534" />
<allocation-satisfied id="1994" threadId="000000000084FB00" bytesRequested="16" />
<af-end id="1995" timestamp="2020-09-11T09:55:15.534" threadId="0000000000850480" success="true" from="nursery"/>
<exclusive-end id="1996" timestamp="2020-09-11T09:55:15.534" durationms="120.308" />

<exclusive-start id="1997" timestamp="2020-09-11T09:55:17.391" intervalms="1977.649">
  <response-info timems="0.379" idlems="0.379" threads="0" lastid="000000000078AB00" lastname="Group1.Backend.CompositeBackend{Tier1}.1" />
</exclusive-start>
<af-start id="1998" threadId="000000000078B480" totalBytesRequested="16" timestamp="2020-09-11T09:55:17.392" intervalms="1977.574" type="nursery" />
<cycle-start id="1999" type="scavenge" contextid="0" timestamp="2020-09-11T09:55:17.392" intervalms="1977.525" />
<gc-start id="2000" type="scavenge" contextid="1999" timestamp="2020-09-11T09:55:17.393">
  <mem-info id="2001" free="102278656" total="2638151680" percent="3">
    <mem type="nursery" free="0" total="939524096" percent="0">
      <mem type="allocate" free="0" total="802095104" percent="0" />
      <mem type="survivor" free="0" total="137428992" percent="0" />
    </mem>
    <mem type="tenure" free="102278656" total="1698627584" percent="6">
      <mem type="soa" free="360960" total="1596709888" percent="0" />
      <mem type="loa" free="101917696" total="101917696" percent="100" />
    </mem>
    <remembered-set count="190454" />
  </mem-info>
</gc-start>
<allocation-stats totalBytes="690824144" >
  <allocated-bytes non-tlh="30894272" tlh="659929872" />
  <largest-consumer threadName="Group1.Backend.CompositeBackend{Tier1}.1" threadId="000000000078AB00" bytes="88473872" />
</allocation-stats>
<gc-op id="2002" type="scavenge" timems="101.856" contextid="1999" timestamp="2020-09-11T09:55:17.495">
  <scavenger-info tenureage="3" tenuremask="7ff8" tiltratio="85" />
  <memory-copied type="nursery" objects="4425942" bytes="117076904" bytesdiscarded="171952" />
  <memory-copied type="tenure" objects="1051305" bytes="28296328" bytesdiscarded="8024" />
  <ownableSynchronizers candidates="18723" cleared="12375" />
  <references type="soft" candidates="3575" cleared="0" enqueued="0" dynamicThreshold="13" maxThreshold="32" />
  <references type="weak" candidates="118" cleared="118" enqueued="0" />
  <heap-resize type="expand" space="tenure" amount="30408704" count="29" timems="8.176" reason="continue current collection" />
</gc-op>
<gc-end id="2003" type="scavenge" contextid="1999" durationms="103.080" usertimems="789.893" systemtimems="0.000" timestamp="2020-09-11T09:55:17.496" activeThreads="8">
  <mem-info id="2004" free="788260568" total="2668560384" percent="29">
    <mem type="nursery" free="683968216" total="939524096" percent="72">
      <mem type="allocate" free="683968216" total="801308672" percent="85" />
      <mem type="survivor" free="0" total="138215424" percent="0" />
    </mem>
    <mem type="tenure" free="104292352" total="1729036288" percent="6" macro-fragmented="0">
      <mem type="soa" free="549888" total="1625293824" percent="0" />
      <mem type="loa" free="103742464" total="103742464" percent="100" />
    </mem>
    <remembered-set count="30759" />
  </mem-info>
</gc-end>
<cycle-end id="2005" type="scavenge" contextid="1999" timestamp="2020-09-11T09:55:17.497" />
<allocation-satisfied id="2006" threadId="000000000078AB00" bytesRequested="16" />
<af-end id="2007" timestamp="2020-09-11T09:55:17.497" threadId="000000000078B480" success="true" from="nursery"/>
<exclusive-end id="2008" timestamp="2020-09-11T09:55:17.497" durationms="105.792" />

<exclusive-start id="2009" timestamp="2020-09-11T09:55:19.510" intervalms="2118.998">
  <response-info timems="0.708" idlems="0.708" threads="0" lastid="000000000086B200" lastname="Group1.Backend.CompositeBackend{Tier1}.4" />
</exclusive-start>
<af-start id="2010" threadId="000000000086BB80" totalBytesRequested="1032" timestamp="2020-09-11T09:55:19.511" intervalms="2118.896" type="nursery" />
<cycle-start id="2011" type="scavenge" contextid="0" timestamp="2020-09-11T09:55:19.511" intervalms="2118.860" />
<gc-start id="2012" type="scavenge" contextid="2011" timestamp="2020-09-11T09:55:19.511">
  <mem-info id="2013" free="104292352" total="2668560384" percent="3">
    <mem type="nursery" free="0" total="939524096" percent="0">
      <mem type="allocate" free="0" total="801308672" percent="0" />
      <mem type="survivor" free="0" total="138215424" percent="0" />
    </mem>
    <mem type="tenure" free="104292352" total="1729036288" percent="6">
      <mem type="soa" free="549888" total="1625293824" percent="0" />
      <mem type="loa" free="103742464" total="103742464" percent="100" />
    </mem>
    <remembered-set count="193598" />
  </mem-info>
</gc-start>
<allocation-stats totalBytes="683586144" >
  <allocated-bytes non-tlh="29531680" tlh="654054464" />
  <largest-consumer threadName="Group1.Backend.CompositeBackend{Tier1}.7" threadId="000000000089C800" bytes="86817800" />
</allocation-stats>
<gc-op id="2014" type="scavenge" timems="93.429" contextid="2011" timestamp="2020-09-11T09:55:19.605">
  <scavenger-info tenureage="3" tenuremask="7ff8" tiltratio="85" />
  <memory-copied type="nursery" objects="4096113" bytes="109876632" bytesdiscarded="227200" />
  <memory-copied type="tenure" objects="1057021" bytes="28457440" bytesdiscarded="6368" />
  <ownableSynchronizers candidates="15240" cleared="9570" />
  <references type="soft" candidates="3260" cleared="0" enqueued="0" dynamicThreshold="13" maxThreshold="32" />
  <references type="weak" candidates="123" cleared="123" enqueued="0" />
  <heap-resize type="expand" space="tenure" amount="30408704" count="29" timems="7.792" reason="continue current collection" />
</gc-op>
<gc-end id="2015" type="scavenge" contextid="2011" durationms="94.382" usertimems="709.071" systemtimems="4.303" timestamp="2020-09-11T09:55:19.606" activeThreads="8">
  <mem-info id="2016" free="798772992" total="2698969088" percent="29">
    <mem type="nursery" free="692486912" total="939524096" percent="73">
      <mem type="allocate" free="692486912" total="802684928" percent="86" />
      <mem type="survivor" free="0" total="136839168" percent="0" />
    </mem>
    <mem type="tenure" free="106286080" total="1759444992" percent="6" macro-fragmented="0">
      <mem type="soa" free="718848" total="1653877760" percent="0" />
      <mem type="loa" free="105567232" total="105567232" percent="100" />
    </mem>
    <remembered-set count="33048" />
  </mem-info>
</gc-end>
<cycle-end id="2017" type="scavenge" contextid="2011" timestamp="2020-09-11T09:55:19.607" />
<allocation-satisfied id="2018" threadId="000000000086B200" bytesRequested="1032" />
<af-end id="2019" timestamp="2020-09-11T09:55:19.607" threadId="000000000086BB80" success="true" from="nursery"/>
<exclusive-end id="2020" timestamp="2020-09-11T09:55:19.607" durationms="96.722" />

<exclusive-start id="2021" timestamp="2020-09-11T09:55:21.485" intervalms="1975.051">
  <response-info timems="0.339" idlems="0.339" threads="0" lastid="000000000085F900" lastname="Group1.Backend.CompositeBackend{Tier1}.3" />
</exclusive-start>
<af-start id="2022" threadId="0000000000860280" totalBytesRequested="16" timestamp="2020-09-11T09:55:21.486" intervalms="1975.096" type="nursery" />
<cycle-start id="2023" type="scavenge" contextid="0" timestamp="2020-09-11T09:55:21.486" intervalms="1975.101" />
<gc-start id="2024" type="scavenge" contextid="2023" timestamp="2020-09-11T09:55:21.486">
  <mem-info id="2025" free="106286080" total="2698969088" percent="3">
    <mem type="nursery" free="0" total="939524096" percent="0">
      <mem type="allocate" free="0" total="802684928" percent="0" />
      <mem type="survivor" free="0" total="136839168" percent="0" />
    </mem>
    <mem type="tenure" free="106286080" total="1759444992" percent="6">
      <mem type="soa" free="718848" total="1653877760" percent="0" />
      <mem type="loa" free="105567232" total="105567232" percent="100" />
    </mem>
    <remembered-set count="192958" />
  </mem-info>
</gc-start>
<allocation-stats totalBytes="692076920" >
  <allocated-bytes non-tlh="33850160" tlh="658226760" />
  <largest-consumer threadName="Group1.Backend.CompositeBackend{Tier1}.3" threadId="000000000085F900" bytes="93020872" />
</allocation-stats>
<gc-op id="2026" type="scavenge" timems="100.141" contextid="2023" timestamp="2020-09-11T09:55:21.586">
  <scavenger-info tenureage="3" tenuremask="7ff8" tiltratio="85" />
  <memory-copied type="nursery" objects="4286587" bytes="113867592" bytesdiscarded="165872" />
  <memory-copied type="tenure" objects="1091136" bytes="29373664" bytesdiscarded="8336" />
  <ownableSynchronizers candidates="14562" cleared="9339" />
  <references type="soft" candidates="3041" cleared="0" enqueued="0" dynamicThreshold="13" maxThreshold="32" />
  <references type="weak" candidates="103" cleared="103" enqueued="0" />
  <heap-resize type="expand" space="tenure" amount="31457280" count="30" timems="9.088" reason="continue current collection" />
</gc-op>
<gc-end id="2027" type="scavenge" contextid="2023" durationms="101.055" usertimems="776.888" systemtimems="0.000" timestamp="2020-09-11T09:55:21.587" activeThreads="8">
  <mem-info id="2028" free="797909496" total="2730426368" percent="29">
    <mem type="nursery" free="689540344" total="939524096" percent="73">
      <mem type="allocate" free="689540344" total="803667968" percent="85" />
      <mem type="survivor" free="0" total="135856128" percent="0" />
    </mem>
    <mem type="tenure" free="108369152" total="1790902272" percent="6" macro-fragmented="0">
      <mem type="soa" free="914688" total="1683447808" percent="0" />
      <mem type="loa" free="107454464" total="107454464" percent="100" />
    </mem>
    <remembered-set count="33351" />
  </mem-info>
</gc-end>
<cycle-end id="2029" type="scavenge" contextid="2023" timestamp="2020-09-11T09:55:21.588" />
<allocation-satisfied id="2030" threadId="000000000085F900" bytesRequested="16" />
<af-end id="2031" timestamp="2020-09-11T09:55:21.588" threadId="0000000000860280" success="true" from="nursery"/>
<exclusive-end id="2032" timestamp="2020-09-11T09:55:21.589" durationms="103.632" />

<exclusive-start id="2033" timestamp="2020-09-11T09:55:23.533" intervalms="2048.452">
  <response-info timems="0.328" idlems="0.328" threads="0" lastid="000000000086B200" lastname="Group1.Backend.CompositeBackend{Tier1}.4" />
</exclusive-start>
<af-start id="2034" threadId="000000000086BB80" totalBytesRequested="32" timestamp="2020-09-11T09:55:23.534" intervalms="2048.499" type="nursery" />
<cycle-start id="2035" type="scavenge" contextid="0" timestamp="2020-09-11T09:55:23.534" intervalms="2048.499" />
<gc-start id="2036" type="scavenge" contextid="2035" timestamp="2020-09-11T09:55:23.535">
  <mem-info id="2037" free="108369152" total="2730426368" percent="3">
    <mem type="nursery" free="0" total="939524096" percent="0">
      <mem type="allocate" free="0" total="803667968" percent="0" />
      <mem type="survivor" free="0" total="135856128" percent="0" />
    </mem>
    <mem type="tenure" free="108369152" total="1790902272" percent="6">
      <mem type="soa" free="914688" total="1683447808" percent="0" />
      <mem type="loa" free="107454464" total="107454464" percent="100" />
    </mem>
    <remembered-set count="193584" />
  </mem-info>
</gc-start>
<allocation-stats totalBytes="689144720" >
  <allocated-bytes non-tlh="34097384" tlh="655047336" />
  <largest-consumer threadName="Group1.Backend.CompositeBackend{Tier1}.4" threadId="000000000086B200" bytes="89774056" />
</allocation-stats>
<gc-op id="2038" type="scavenge" timems="105.980" contextid="2035" timestamp="2020-09-11T09:55:23.641">
  <scavenger-info tenureage="3" tenuremask="7ff8" tiltratio="85" />
  <memory-copied type="nursery" objects="4081596" bytes="109448480" bytesdiscarded="272832" />
  <memory-copied type="tenure" objects="1074793" bytes="28901928" bytesdiscarded="12040" />
  <ownableSynchronizers candidates="14342" cleared="9405" />
  <references type="soft" candidates="2769" cleared="0" enqueued="0" dynamicThreshold="13" maxThreshold="32" />
  <references type="weak" candidates="109" cleared="109" enqueued="0" />
  <heap-resize type="expand" space="tenure" amount="30408704" count="29" timems="9.504" reason="continue current collection" />
</gc-op>
<gc-end id="2039" type="scavenge" contextid="2035" durationms="106.872" usertimems="790.255" systemtimems="19.513" timestamp="2020-09-11T09:55:23.641" activeThreads="8">
  <mem-info id="2040" free="804998656" total="2760835072" percent="29">
    <mem type="nursery" free="695491584" total="939524096" percent="74">
      <mem type="allocate" free="695491584" total="805306368" percent="86" />
      <mem type="survivor" free="0" total="134217728" percent="0" />
    </mem>
    <mem type="tenure" free="109507072" total="1821310976" percent="6" macro-fragmented="0">
      <mem type="soa" free="227840" total="1712031744" percent="0" />
      <mem type="loa" free="109279232" total="109279232" percent="100" />
    </mem>
    <remembered-set count="32075" />
  </mem-info>
</gc-end>
<cycle-end id="2041" type="scavenge" contextid="2035" timestamp="2020-09-11T09:55:23.645" />
<allocation-satisfied id="2042" threadId="000000000086B200" bytesRequested="32" />
<af-end id="2043" timestamp="2020-09-11T09:55:23.645" threadId="000000000086BB80" success="true" from="nursery"/>
<exclusive-end id="2044" timestamp="2020-09-11T09:55:23.645" durationms="111.700" />

<exclusive-start id="2045" timestamp="2020-09-11T09:55:25.606" intervalms="2072.389">
  <response-info timems="0.468" idlems="0.260" threads="1" lastid="0000000000967400" lastname="Group1.TxInjector.CompositeTxInjector.I.driver.probe.32" />
</exclusive-start>
<af-start id="2046" threadId="00000000007C9B80" totalBytesRequested="48" timestamp="2020-09-11T09:55:25.606" intervalms="2072.306" type="nursery" />
<percolate-collect id="2047" from="nursery" to="global" reason="met projected tenure max free" timestamp="2020-09-11T09:55:25.607"/>
<cycle-start id="2048" type="global" contextid="0" timestamp="2020-09-11T09:55:25.607" intervalms="66210.681" />
<gc-start id="2049" type="global" contextid="2048" timestamp="2020-09-11T09:55:25.607">
  <mem-info id="2050" free="109507072" total="2760835072" percent="3">
    <mem type="nursery" free="0" total="939524096" percent="0">
      <mem type="allocate" free="0" total="805306368" percent="0" />
      <mem type="survivor" free="0" total="134217728" percent="0" />
    </mem>
    <mem type="tenure" free="109507072" total="1821310976" percent="6">
      <mem type="soa" free="227840" total="1712031744" percent="0" />
      <mem type="loa" free="109279232" total="109279232" percent="100" />
    </mem>
    <remembered-set count="192967" />
  </mem-info>
</gc-start>
<allocation-stats totalBytes="695117936" >
  <allocated-bytes non-tlh="33733768" tlh="661384168" />
  <largest-consumer threadName="Group1.Backend.CompositeBackend{Tier1}.7" threadId="000000000089C800" bytes="92471752" />
</allocation-stats>
<gc-op id="2051" type="mark" timems="498.329" contextid="2048" timestamp="2020-09-11T09:55:26.105">
  <trace-info objectcount="30202683" scancount="29226157" scanbytes="799548760" />
  <finalization candidates="145" enqueued="0" />
  <ownableSynchronizers candidates="562954" cleared="9405" />
  <references type="soft" candidates="672721" cleared="0" enqueued="0" dynamicThreshold="13" maxThreshold="32" />
  <references type="weak" candidates="4401" cleared="122" enqueued="0" />
  <references type="phantom" candidates="107" cleared="0" enqueued="0" />
  <stringconstants candidates="11146" cleared="18"  />
</gc-op>
<gc-op id="2052" type="classunload" timems="2.758" contextid="2048" timestamp="2020-09-11T09:55:26.108">
  <classunload-info classloadercandidates="188" classloadersunloaded="17" classesunloaded="20" anonymousclassesunloaded="3" quiescems="0.000" setupms="2.668" scanms="0.070" postms="0.020" />
</gc-op>
<gc-op id="2053" type="sweep" timems="10.230" contextid="2048" timestamp="2020-09-11T09:55:26.118" />
<gc-end id="2054" type="global" contextid="2048" durationms="512.255" usertimems="3849.390" systemtimems="20.984" timestamp="2020-09-11T09:55:26.119" activeThreads="8">
  <mem-info id="2055" free="1686654960" total="2760835072" percent="61">
    <mem type="nursery" free="610673424" total="939524096" percent="64">
      <mem type="allocate" free="610673424" total="805306368" percent="75" />
      <mem type="survivor" free="0" total="134217728" percent="0" />
    </mem>
    <mem type="tenure" free="1075981536" total="1821310976" percent="59" micro-fragmented="16983147" macro-fragmented="2621480">
      <mem type="soa" free="966702304" total="1712031744" percent="56" />
      <mem type="loa" free="109279232" total="109279232" percent="100" />
    </mem>
    <remembered-set count="187013" />
  </mem-info>
</gc-end>
<cycle-end id="2056" type="global" contextid="2048" timestamp="2020-09-11T09:55:26.121" />
<allocation-satisfied id="2057" threadId="00000000007C9200" bytesRequested="48" />
<af-end id="2058" timestamp="2020-09-11T09:55:26.121" threadId="00000000007C9B80" success="true" from="nursery"/>
<exclusive-end id="2059" timestamp="2020-09-11T09:55:26.121" durationms="515.271" />

<exclusive-start id="2060" timestamp="2020-09-11T09:55:27.284" intervalms="1677.785">
  <response-info timems="1.392" idlems="1.392" threads="0" lastid="000000000084FB00" lastname="Group1.Backend.CompositeBackend{Tier1}.8" />
</exclusive-start>
<af-start id="2061" threadId="0000000000850480" totalBytesRequested="524296" timestamp="2020-09-11T09:55:27.284" intervalms="1677.972" type="nursery" />
<cycle-start id="2062" type="scavenge" contextid="0" timestamp="2020-09-11T09:55:27.285" intervalms="3750.279" />
<gc-start id="2063" type="scavenge" contextid="2062" timestamp="2020-09-11T09:55:27.286">
  <mem-info id="2064" free="1123119600" total="2760835072" percent="40">
    <mem type="nursery" free="47138864" total="939524096" percent="5">
      <mem type="allocate" free="47138864" total="805306368" percent="5" />
      <mem type="survivor" free="0" total="134217728" percent="0" />
    </mem>
    <mem type="tenure" free="1075980736" total="1821310976" percent="59">
      <mem type="soa" free="966701504" total="1712031744" percent="56" />
      <mem type="loa" free="109279232" total="109279232" percent="100" />
    </mem>
    <remembered-set count="239783" />
  </mem-info>
</gc-start>
<allocation-stats totalBytes="561145832" >
  <allocated-bytes non-tlh="22533360" tlh="538612472" />
  <largest-consumer threadName="Group1.Backend.CompositeBackend{Tier1}.4" threadId="000000000086B200" bytes="83523392" />
</allocation-stats>
<gc-op id="2065" type="scavenge" timems="135.640" contextid="2062" timestamp="2020-09-11T09:55:27.421">
  <scavenger-info tenureage="3" tenuremask="7ff8" tiltratio="85" />
  <memory-copied type="nursery" objects="5054324" bytes="134040680" bytesdiscarded="38304" />
  <memory-copied type="tenure" objects="1300456" bytes="34950040" bytesdiscarded="34768" />
  <copy-failed type="nursery" objects="291340" bytes="7822144" />
  <ownableSynchronizers candidates="1111405" cleared="1105872" />
  <references type="soft" candidates="3000" cleared="0" enqueued="0" dynamicThreshold="18" maxThreshold="32" />
  <references type="weak" candidates="98" cleared="98" enqueued="0" />
</gc-op>
<gc-end id="2066" type="scavenge" contextid="2062" durationms="136.568" usertimems="1057.174" systemtimems="4.618" timestamp="2020-09-11T09:55:27.422" activeThreads="8">
  <mem-info id="2067" free="1651037560" total="2760835072" percent="59">
    <mem type="nursery" free="610074624" total="939524096" percent="64">
      <mem type="allocate" free="610074624" total="744292352" percent="81" />
      <mem type="survivor" free="0" total="195231744" percent="0" />
    </mem>
    <mem type="tenure" free="1040962936" total="1821310976" percent="57" macro-fragmented="0">
      <mem type="soa" free="931683704" total="1712031744" percent="54" />
      <mem type="loa" free="109279232" total="109279232" percent="100" />
    </mem>
    <remembered-set count="39628" />
  </mem-info>
</gc-end>
<cycle-end id="2068" type="scavenge" contextid="2062" timestamp="2020-09-11T09:55:27.423" />
<allocation-satisfied id="2069" threadId="000000000084FB00" bytesRequested="524296" />
<af-end id="2070" timestamp="2020-09-11T09:55:27.423" threadId="0000000000850480" success="true" from="nursery"/>
<exclusive-end id="2071" timestamp="2020-09-11T09:55:27.423" durationms="139.611" />

<exclusive-start id="2072" timestamp="2020-09-11T09:55:29.113" intervalms="1829.457">
  <response-info timems="0.239" idlems="0.239" threads="0" lastid="000000000078AB00" lastname="Group1.Backend.CompositeBackend{Tier1}.1" />
</exclusive-start>
<af-start id="2073" threadId="000000000078B480" totalBytesRequested="10008" timestamp="2020-09-11T09:55:29.114" intervalms="1829.271" type="nursery" />
<cycle-start id="2074" type="scavenge" contextid="0" timestamp="2020-09-11T09:55:29.114" intervalms="1829.267" />
<gc-start id="2075" type="scavenge" contextid="2074" timestamp="2020-09-11T09:55:29.114">
  <mem-info id="2076" free="1040962936" total="2760835072" percent="37">
    <mem type="nursery" free="0" total="939524096" percent="0">
      <mem type="allocate" free="0" total="744292352" percent="0" />
      <mem type="survivor" free="0" total="195231744" percent="0" />
    </mem>
    <mem type="tenure" free="1040962936" total="1821310976" percent="57">
      <mem type="soa" free="931683704" total="1712031744" percent="54" />
      <mem type="loa" free="109279232" total="109279232" percent="100" />
    </mem>
    <remembered-set count="189490" />
  </mem-info>
</gc-start>
<allocation-stats totalBytes="609746856" >
  <allocated-bytes non-tlh="28048352" tlh="581698504" />
  <largest-consumer threadName="Group1.Backend.CompositeBackend{Tier1}.2" threadId="00000000007C9200" bytes="89997504" />
</allocation-stats>
<gc-op id="2077" type="scavenge" timems="99.705" contextid="2074" timestamp="2020-09-11T09:55:29.214">
  <scavenger-info tenureage="3" tenuremask="7ff8" tiltratio="79" />
  <memory-copied type="nursery" objects="4654627" bytes="125043848" bytesdiscarded="187624" />
  <memory-copied type="tenure" objects="931718" bytes="25058928" bytesdiscarded="34496" />
  <ownableSynchronizers candidates="14189" cleared="8943" />
  <references type="soft" candidates="3050" cleared="0" enqueued="0" dynamicThreshold="18" maxThreshold="32" />
  <references type="weak" candidates="119" cleared="119" enqueued="0" />
</gc-op>
<gc-end id="2078" type="scavenge" contextid="2074" durationms="100.517" usertimems="736.868" systemtimems="0.000" timestamp="2020-09-11T09:55:29.215" activeThreads="8">
  <mem-info id="2079" free="1641875688" total="2760835072" percent="59">
    <mem type="nursery" free="626248448" total="939524096" percent="66">
      <mem type="allocate" free="626248448" total="751566848" percent="83" />
      <mem type="survivor" free="0" total="187957248" percent="0" />
    </mem>
    <mem type="tenure" free="1015627240" total="1821310976" percent="55" macro-fragmented="2621480">
      <mem type="soa" free="906348008" total="1712031744" percent="52" />
      <mem type="loa" free="109279232" total="109279232" percent="100" />
    </mem>
    <remembered-set count="37302" />
  </mem-info>
</gc-end>
<cycle-end id="2080" type="scavenge" contextid="2074" timestamp="2020-09-11T09:55:29.216" />
<allocation-satisfied id="2081" threadId="000000000078AB00" bytesRequested="10008" />
<af-end id="2082" timestamp="2020-09-11T09:55:29.216" threadId="000000000078B480" success="true" from="nursery"/>
<exclusive-end id="2083" timestamp="2020-09-11T09:55:29.216" durationms="103.316" />

<exclusive-start id="2084" timestamp="2020-09-11T09:55:30.936" intervalms="1822.604">
  <response-info timems="0.405" idlems="0.205" threads="1" lastid="00000000007C9200" lastname="Group1.Backend.CompositeBackend{Tier1}.2" />
</exclusive-start>
<af-start id="2085" threadId="0000000000860280" totalBytesRequested="32" timestamp="2020-09-11T09:55:30.936" intervalms="1822.612" type="nursery" />
<cycle-start id="2086" type="scavenge" contextid="0" timestamp="2020-09-11T09:55:30.937" intervalms="1822.685" />
<gc-start id="2087" type="scavenge" contextid="2086" timestamp="2020-09-11T09:55:30.937">
  <mem-info id="2088" free="1015627240" total="2760835072" percent="36">
    <mem type="nursery" free="0" total="939524096" percent="0">
      <mem type="allocate" free="0" total="751566848" percent="0" />
      <mem type="survivor" free="0" total="187957248" percent="0" />
    </mem>
    <mem type="tenure" free="1015627240" total="1821310976" percent="55">
      <mem type="soa" free="906348008" total="1712031744" percent="52" />
      <mem type="loa" free="109279232" total="109279232" percent="100" />
    </mem>
    <remembered-set count="187974" />
  </mem-info>
</gc-start>
<allocation-stats totalBytes="625894960" >
  <allocated-bytes non-tlh="31438896" tlh="594456064" />
  <largest-consumer threadName="Group1.Backend.CompositeBackend{Tier1}.3" threadId="000000000085F900" bytes="85130024" />
</allocation-stats>
<gc-op id="2089" type="scavenge" timems="97.348" contextid="2086" timestamp="2020-09-11T09:55:31.034">
  <scavenger-info tenureage="3" tenuremask="7ff8" tiltratio="79" />
  <memory-copied type="nursery" objects="4603623" bytes="123831416" bytesdiscarded="168296" />
  <memory-copied type="tenure" objects="943592" bytes="25385032" bytesdiscarded="37344" />
  <ownableSynchronizers candidates="13514" cleared="8382" />
  <references type="soft" candidates="3030" cleared="0" enqueued="0" dynamicThreshold="18" maxThreshold="32" />
  <references type="weak" candidates="104" cleared="104" enqueued="0" />
</gc-op>
<gc-end id="2090" type="scavenge" contextid="2086" durationms="98.528" usertimems="750.120" systemtimems="6.664" timestamp="2020-09-11T09:55:31.035" activeThreads="8">
  <mem-info id="2091" free="1627098232" total="2760835072" percent="58">
    <mem type="nursery" free="637049296" total="939524096" percent="67">
      <mem type="allocate" free="637049296" total="761135104" percent="83" />
      <mem type="survivor" free="0" total="178388992" percent="0" />
    </mem>
    <mem type="tenure" free="990048936" total="1821310976" percent="54" macro-fragmented="0">
      <mem type="soa" free="880769704" total="1712031744" percent="51" />
      <mem type="loa" free="109279232" total="109279232" percent="100" />
    </mem>
    <remembered-set count="35734" />
  </mem-info>
</gc-end>
<cycle-end id="2092" type="scavenge" contextid="2086" timestamp="2020-09-11T09:55:31.037" />
<allocation-satisfied id="2093" threadId="000000000085F900" bytesRequested="32" />
<af-end id="2094" timestamp="2020-09-11T09:55:31.037" threadId="0000000000860280" success="true" from="nursery"/>
<exclusive-end id="2095" timestamp="2020-09-11T09:55:31.037" durationms="101.616" />

<exclusive-start id="2096" timestamp="2020-09-11T09:55:32.798" intervalms="1862.312">
  <response-info timems="3.377" idlems="2.289" threads="2" lastid="000000000086B200" lastname="Group1.Backend.CompositeBackend{Tier1}.4" />
</exclusive-start>
<af-start id="2097" threadId="0000000000ABD680" totalBytesRequested="16" timestamp="2020-09-11T09:55:32.799" intervalms="1862.293" type="nursery" />
<cycle-start id="2098" type="scavenge" contextid="0" timestamp="2020-09-11T09:55:32.799" intervalms="1862.213" />
<gc-start id="2099" type="scavenge" contextid="2098" timestamp="2020-09-11T09:55:32.799">
  <mem-info id="2100" free="990048936" total="2760835072" percent="35">
    <mem type="nursery" free="0" total="939524096" percent="0">
      <mem type="allocate" free="0" total="761135104" percent="0" />
      <mem type="survivor" free="0" total="178388992" percent="0" />
    </mem>
    <mem type="tenure" free="990048936" total="1821310976" percent="54">
      <mem type="soa" free="880769704" total="1712031744" percent="51" />
      <mem type="loa" free="109279232" total="109279232" percent="100" />
    </mem>
    <remembered-set count="189058" />
  </mem-info>
</gc-start>
<allocation-stats totalBytes="636667280" >
  <allocated-bytes non-tlh="31174344" tlh="605492936" />
  <largest-consumer threadName="Group1.Backend.CompositeBackend{Tier1}.6" threadId="000000000088D900" bytes="83288040" />
</allocation-stats>
<gc-op id="2101" type="scavenge" timems="91.523" contextid="2098" timestamp="2020-09-11T09:55:32.891">
  <scavenger-info tenureage="3" tenuremask="7ff8" tiltratio="81" />
  <memory-copied type="nursery" objects="3631891" bytes="97735528" bytesdiscarded="156456" />
  <memory-copied type="tenure" objects="1892632" bytes="50921736" bytesdiscarded="42096" />
  <ownableSynchronizers candidates="13350" cleared="8349" />
  <references type="soft" candidates="2498" cleared="0" enqueued="0" dynamicThreshold="18" maxThreshold="32" />
  <references type="weak" candidates="113" cleared="112" enqueued="0" />
</gc-op>
<gc-end id="2102" type="scavenge" contextid="2098" durationms="92.640" usertimems="707.849" systemtimems="0.000" timestamp="2020-09-11T09:55:32.892" activeThreads="8">
  <mem-info id="2103" free="1610253296" total="2760835072" percent="58">
    <mem type="nursery" free="671092704" total="939524096" percent="71">
      <mem type="allocate" free="671092704" total="769064960" percent="87" />
      <mem type="survivor" free="0" total="170459136" percent="0" />
    </mem>
    <mem type="tenure" free="939160592" total="1821310976" percent="51" macro-fragmented="0">
      <mem type="soa" free="829881360" total="1712031744" percent="48" />
      <mem type="loa" free="109279232" total="109279232" percent="100" />
    </mem>
    <remembered-set count="26943" />
  </mem-info>
</gc-end>
<cycle-end id="2104" type="scavenge" contextid="2098" timestamp="2020-09-11T09:55:32.893" />
<allocation-satisfied id="2105" threadId="0000000000ABCD00" bytesRequested="16" />
<af-end id="2106" timestamp="2020-09-11T09:55:32.893" threadId="0000000000ABD680" success="true" from="nursery"/>
<exclusive-end id="2107" timestamp="2020-09-11T09:55:32.894" durationms="95.753" />

<exclusive-start id="2108" timestamp="2020-09-11T09:55:34.868" intervalms="2070.286">
  <response-info timems="0.688" idlems="0.449" threads="1" lastid="000000000089C800" lastname="Group1.Backend.CompositeBackend{Tier1}.7" />
</exclusive-start>
<af-start id="2109" threadId="0000000000850480" totalBytesRequested="16" timestamp="2020-09-11T09:55:34.869" intervalms="2070.447" type="nursery" />
<cycle-start id="2110" type="scavenge" contextid="0" timestamp="2020-09-11T09:55:34.869" intervalms="2070.455" />
<gc-start id="2111" type="scavenge" contextid="2110" timestamp="2020-09-11T09:55:34.870">
  <mem-info id="2112" free="939160592" total="2760835072" percent="34">
    <mem type="nursery" free="0" total="939524096" percent="0">
      <mem type="allocate" free="0" total="769064960" percent="0" />
      <mem type="survivor" free="0" total="170459136" percent="0" />
    </mem>
    <mem type="tenure" free="939160592" total="1821310976" percent="51">
      <mem type="soa" free="829881360" total="1712031744" percent="48" />
      <mem type="loa" free="109279232" total="109279232" percent="100" />
    </mem>
    <remembered-set count="188128" />
  </mem-info>
</gc-start>
<allocation-stats totalBytes="670707216" >
  <allocated-bytes non-tlh="27411400" tlh="643295816" />
  <largest-consumer threadName="Group1.Backend.CompositeBackend{Tier1}.2" threadId="00000000007C9200" bytes="102904184" />
</allocation-stats>
<gc-op id="2113" type="scavenge" timems="89.568" contextid="2110" timestamp="2020-09-11T09:55:34.959">
  <scavenger-info tenureage="3" tenuremask="7ff8" tiltratio="81" />
  <memory-copied type="nursery" objects="3906987" bytes="105112392" bytesdiscarded="181656" />
  <memory-copied type="tenure" objects="961632" bytes="25904440" bytesdiscarded="16392" />
  <ownableSynchronizers candidates="11883" cleared="7821" />
  <references type="soft" candidates="2382" cleared="0" enqueued="0" dynamicThreshold="18" maxThreshold="32" />
  <references type="weak" candidates="102" cleared="102" enqueued="0" />
</gc-op>
<gc-end id="2114" type="scavenge" contextid="2110" durationms="90.724" usertimems="671.717" systemtimems="0.000" timestamp="2020-09-11T09:55:34.960" activeThreads="8">
  <mem-info id="2115" free="1585675168" total="2760835072" percent="57">
    <mem type="nursery" free="672596136" total="939524096" percent="71">
      <mem type="allocate" free="672596136" total="777977856" percent="86" />
      <mem type="survivor" free="0" total="161546240" percent="0" />
    </mem>
    <mem type="tenure" free="913079032" total="1821310976" percent="50" macro-fragmented="0">
      <mem type="soa" free="803799800" total="1712031744" percent="46" />
      <mem type="loa" free="109279232" total="109279232" percent="100" />
    </mem>
    <remembered-set count="30154" />
  </mem-info>
</gc-end>
<cycle-end id="2116" type="scavenge" contextid="2110" timestamp="2020-09-11T09:55:34.962" />
<allocation-satisfied id="2117" threadId="000000000084FB00" bytesRequested="16" />
<af-end id="2118" timestamp="2020-09-11T09:55:34.962" threadId="0000000000850480" success="true" from="nursery"/>
<exclusive-end id="2119" timestamp="2020-09-11T09:55:34.963" durationms="94.245" />

<exclusive-start id="2120" timestamp="2020-09-11T09:55:36.802" intervalms="1933.360">
  <response-info timems="3.903" idlems="3.903" threads="0" lastid="000000000078AB00" lastname="Group1.Backend.CompositeBackend{Tier1}.1" />
</exclusive-start>
<af-start id="2121" threadId="000000000078B480" totalBytesRequested="32" timestamp="2020-09-11T09:55:36.802" intervalms="1933.199" type="nursery" />
<cycle-start id="2122" type="scavenge" contextid="0" timestamp="2020-09-11T09:55:36.802" intervalms="1933.205" />
<gc-start id="2123" type="scavenge" contextid="2122" timestamp="2020-09-11T09:55:36.803">
  <mem-info id="2124" free="913079032" total="2760835072" percent="33">
    <mem type="nursery" free="0" total="939524096" percent="0">
      <mem type="allocate" free="0" total="777977856" percent="0" />
      <mem type="survivor" free="0" total="161546240" percent="0" />
    </mem>
    <mem type="tenure" free="913079032" total="1821310976" percent="50">
      <mem type="soa" free="803799800" total="1712031744" percent="46" />
      <mem type="loa" free="109279232" total="109279232" percent="100" />
    </mem>
    <remembered-set count="187777" />
  </mem-info>
</gc-start>
<allocation-stats totalBytes="672216112" >
  <allocated-bytes non-tlh="35835912" tlh="636380200" />
  <largest-consumer threadName="Group1.Backend.CompositeBackend{Tier1}.3" threadId="000000000085F900" bytes="100377424" />
</allocation-stats>
<gc-op id="2125" type="scavenge" timems="91.310" contextid="2122" timestamp="2020-09-11T09:55:36.894">
  <scavenger-info tenureage="3" tenuremask="7ff8" tiltratio="82" />
  <memory-copied type="nursery" objects="3853646" bytes="103494896" bytesdiscarded="264304" />
  <memory-copied type="tenure" objects="1002604" bytes="27108384" bytesdiscarded="26400" />
  <ownableSynchronizers candidates="12524" cleared="8514" />
  <references type="soft" candidates="2403" cleared="0" enqueued="0" dynamicThreshold="18" maxThreshold="32" />
  <references type="weak" candidates="114" cleared="112" enqueued="0" />
</gc-op>
<gc-end id="2126" type="scavenge" contextid="2122" durationms="92.197" usertimems="703.962" systemtimems="1.972" timestamp="2020-09-11T09:55:36.895" activeThreads="8">
  <mem-info id="2127" free="1568911800" total="2760835072" percent="56">
    <mem type="nursery" free="682852864" total="939524096" percent="72">
      <mem type="allocate" free="682852864" total="786694144" percent="86" />
      <mem type="survivor" free="0" total="152829952" percent="0" />
    </mem>
    <mem type="tenure" free="886058936" total="1821310976" percent="48" macro-fragmented="868149">
      <mem type="soa" free="776779704" total="1712031744" percent="45" />
      <mem type="loa" free="109279232" total="109279232" percent="100" />
    </mem>
    <remembered-set count="31442" />
  </mem-info>
</gc-end>
<cycle-end id="2128" type="scavenge" contextid="2122" timestamp="2020-09-11T09:55:36.898" />
<allocation-satisfied id="2129" threadId="000000000078AB00" bytesRequested="32" />
<af-end id="2130" timestamp="2020-09-11T09:55:36.898" threadId="000000000078B480" success="true" from="nursery"/>
<exclusive-end id="2131" timestamp="2020-09-11T09:55:36.898" durationms="96.543" />

<exclusive-start id="2132" timestamp="2020-09-11T09:55:38.819" intervalms="2017.801">
  <response-info timems="0.392" idlems="0.392" threads="0" lastid="000000000086B200" lastname="Group1.Backend.CompositeBackend{Tier1}.4" />
</exclusive-start>
<af-start id="2133" threadId="000000000086BB80" totalBytesRequested="16" timestamp="2020-09-11T09:55:38.820" intervalms="2017.795" type="nursery" />
<cycle-start id="2134" type="scavenge" contextid="0" timestamp="2020-09-11T09:55:38.820" intervalms="2017.795" />
<gc-start id="2135" type="scavenge" contextid="2134" timestamp="2020-09-11T09:55:38.821">
  <mem-info id="2136" free="886057560" total="2760835072" percent="32">
    <mem type="nursery" free="0" total="939524096" percent="0">
      <mem type="allocate" free="0" total="786694144" percent="0" />
      <mem type="survivor" free="0" total="152829952" percent="0" />
    </mem>
    <mem type="tenure" free="886057560" total="1821310976" percent="48">
      <mem type="soa" free="776778328" total="1712031744" percent="45" />
      <mem type="loa" free="109279232" total="109279232" percent="100" />
    </mem>
    <remembered-set count="192128" />
  </mem-info>
</gc-start>
<allocation-stats totalBytes="682463976" >
  <allocated-bytes non-tlh="30001968" tlh="652462008" />
  <largest-consumer threadName="Group1.Backend.CompositeBackend{Tier1}.1" threadId="000000000078AB00" bytes="84019864" />
</allocation-stats>
<gc-op id="2137" type="scavenge" timems="102.207" contextid="2134" timestamp="2020-09-11T09:55:38.923">
  <scavenger-info tenureage="3" tenuremask="7ff8" tiltratio="83" />
  <memory-copied type="nursery" objects="4012864" bytes="107678160" bytesdiscarded="186072" />
  <memory-copied type="tenure" objects="991466" bytes="26680152" bytesdiscarded="29720" />
  <ownableSynchronizers candidates="13709" cleared="9702" />
  <references type="soft" candidates="2405" cleared="0" enqueued="0" dynamicThreshold="18" maxThreshold="32" />
  <references type="weak" candidates="130" cleared="123" enqueued="1" />
</gc-op>
<gc-end id="2138" type="scavenge" contextid="2134" durationms="103.191" usertimems="780.469" systemtimems="4.615" timestamp="2020-09-11T09:55:38.924" activeThreads="8">
  <mem-info id="2139" free="1543372568" total="2760835072" percent="55">
    <mem type="nursery" free="684248056" total="939524096" percent="72">
      <mem type="allocate" free="684248056" total="792199168" percent="86" />
      <mem type="survivor" free="0" total="147324928" percent="0" />
    </mem>
    <mem type="tenure" free="859124512" total="1821310976" percent="47" macro-fragmented="0">
      <mem type="soa" free="749845280" total="1712031744" percent="43" />
      <mem type="loa" free="109279232" total="109279232" percent="100" />
    </mem>
    <pending-finalizers system="0" default="0" reference="1" classloader="0" />
    <remembered-set count="32371" />
  </mem-info>
</gc-end>
<cycle-end id="2140" type="scavenge" contextid="2134" timestamp="2020-09-11T09:55:38.926" />
<allocation-satisfied id="2141" threadId="000000000086B200" bytesRequested="16" />
<af-end id="2142" timestamp="2020-09-11T09:55:38.926" threadId="000000000086BB80" success="true" from="nursery"/>
<exclusive-end id="2143" timestamp="2020-09-11T09:55:38.926" durationms="106.617" />

<exclusive-start id="2144" timestamp="2020-09-11T09:55:40.871" intervalms="2051.051">
  <response-info timems="0.347" idlems="0.347" threads="0" lastid="000000000084FB00" lastname="Group1.Backend.CompositeBackend{Tier1}.8" />
</exclusive-start>
<af-start id="2145" threadId="0000000000850480" totalBytesRequested="267096" timestamp="2020-09-11T09:55:40.871" intervalms="2051.052" type="nursery" />
<cycle-start id="2146" type="scavenge" contextid="0" timestamp="2020-09-11T09:55:40.871" intervalms="2051.035" />
<gc-start id="2147" type="scavenge" contextid="2146" timestamp="2020-09-11T09:55:40.872">
  <mem-info id="2148" free="859198464" total="2760835072" percent="31">
    <mem type="nursery" free="75200" total="939524096" percent="0">
      <mem type="allocate" free="75200" total="792199168" percent="0" />
      <mem type="survivor" free="0" total="147324928" percent="0" />
    </mem>
    <mem type="tenure" free="859123264" total="1821310976" percent="47">
      <mem type="soa" free="749844032" total="1712031744" percent="43" />
      <mem type="loa" free="109279232" total="109279232" percent="100" />
    </mem>
    <remembered-set count="193958" />
  </mem-info>
</gc-start>
<allocation-stats totalBytes="683768864" >
  <allocated-bytes non-tlh="28171032" tlh="655597832" />
  <largest-consumer threadName="Group1.Backend.CompositeBackend{Tier1}.2" threadId="00000000007C9200" bytes="88017752" />
</allocation-stats>
<gc-op id="2149" type="scavenge" timems="107.291" contextid="2146" timestamp="2020-09-11T09:55:40.979">
  <scavenger-info tenureage="3" tenuremask="7ff8" tiltratio="84" />
  <memory-copied type="nursery" objects="4179381" bytes="111093992" bytesdiscarded="125768" />
  <memory-copied type="tenure" objects="1098019" bytes="29537736" bytesdiscarded="27176" />
  <ownableSynchronizers candidates="16982" cleared="13038" />
  <references type="soft" candidates="2288" cleared="0" enqueued="0" dynamicThreshold="18" maxThreshold="32" />
  <references type="weak" candidates="100" cleared="93" enqueued="0" />
</gc-op>
<gc-end id="2150" type="scavenge" contextid="2146" durationms="108.168" usertimems="783.566" systemtimems="0.835" timestamp="2020-09-11T09:55:40.980" activeThreads="8">
  <mem-info id="2151" free="1514351328" total="2760835072" percent="54">
    <mem type="nursery" free="684690160" total="939524096" percent="72">
      <mem type="allocate" free="684690160" total="796000256" percent="86" />
      <mem type="survivor" free="0" total="143523840" percent="0" />
    </mem>
    <mem type="tenure" free="829661168" total="1821310976" percent="45" macro-fragmented="0">
      <mem type="soa" free="720381936" total="1712031744" percent="42" />
      <mem type="loa" free="109279232" total="109279232" percent="100" />
    </mem>
    <remembered-set count="31836" />
  </mem-info>
</gc-end>
<cycle-end id="2152" type="scavenge" contextid="2146" timestamp="2020-09-11T09:55:40.982" />
<allocation-satisfied id="2153" threadId="000000000084FB00" bytesRequested="267096" />
<af-end id="2154" timestamp="2020-09-11T09:55:40.982" threadId="0000000000850480" success="true" from="nursery"/>
<exclusive-end id="2155" timestamp="2020-09-11T09:55:40.982" durationms="111.451" />

<exclusive-start id="2156" timestamp="2020-09-11T09:55:42.898" intervalms="2027.849">
  <response-info timems="0.511" idlems="0.511" threads="0" lastid="000000000084FB00" lastname="Group1.Backend.CompositeBackend{Tier1}.8" />
</exclusive-start>
<af-start id="2157" threadId="0000000000850480" totalBytesRequested="16" timestamp="2020-09-11T09:55:42.899" intervalms="2028.086" type="nursery" />
<cycle-start id="2158" type="scavenge" contextid="0" timestamp="2020-09-11T09:55:42.899" intervalms="2028.114" />
<gc-start id="2159" type="scavenge" contextid="2158" timestamp="2020-09-11T09:55:42.900">
  <mem-info id="2160" free="829661168" total="2760835072" percent="30">
    <mem type="nursery" free="0" total="939524096" percent="0">
      <mem type="allocate" free="0" total="796000256" percent="0" />
      <mem type="survivor" free="0" total="143523840" percent="0" />
    </mem>
    <mem type="tenure" free="829661168" total="1821310976" percent="45">
      <mem type="soa" free="720381936" total="1712031744" percent="42" />
      <mem type="loa" free="109279232" total="109279232" percent="100" />
    </mem>
    <remembered-set count="190761" />
  </mem-info>
</gc-start>
<allocation-stats totalBytes="684305304" >
  <allocated-bytes non-tlh="30650080" tlh="653655224" />
  <largest-consumer threadName="Group1.Backend.CompositeBackend{Tier1}.1" threadId="000000000078AB00" bytes="97916016" />
</allocation-stats>
<gc-op id="2161" type="scavenge" timems="114.550" contextid="2158" timestamp="2020-09-11T09:55:43.015">
  <scavenger-info tenureage="3" tenuremask="7ff8" tiltratio="84" />
  <memory-copied type="nursery" objects="4199488" bytes="111812696" bytesdiscarded="143344" />
  <memory-copied type="tenure" objects="1047132" bytes="28144680" bytesdiscarded="21960" />
  <ownableSynchronizers candidates="16296" cleared="12378" />
  <references type="soft" candidates="2085" cleared="0" enqueued="0" dynamicThreshold="18" maxThreshold="32" />
  <references type="weak" candidates="131" cleared="124" enqueued="0" />
</gc-op>
<gc-end id="2162" type="scavenge" contextid="2158" durationms="115.708" usertimems="848.772" systemtimems="12.417" timestamp="2020-09-11T09:55:43.016" activeThreads="8">
  <mem-info id="2163" free="1488927496" total="2760835072" percent="53">
    <mem type="nursery" free="687492856" total="939524096" percent="73">
      <mem type="allocate" free="687492856" total="799539200" percent="85" />
      <mem type="survivor" free="0" total="139984896" percent="0" />
    </mem>
    <mem type="tenure" free="801434640" total="1821310976" percent="44" macro-fragmented="0">
      <mem type="soa" free="692155408" total="1712031744" percent="40" />
      <mem type="loa" free="109279232" total="109279232" percent="100" />
    </mem>
    <remembered-set count="29764" />
  </mem-info>
</gc-end>
<cycle-end id="2164" type="scavenge" contextid="2158" timestamp="2020-09-11T09:55:43.017" />
<allocation-satisfied id="2165" threadId="000000000084FB00" bytesRequested="16" />
<af-end id="2166" timestamp="2020-09-11T09:55:43.017" threadId="0000000000850480" success="true" from="nursery"/>
<exclusive-end id="2167" timestamp="2020-09-11T09:55:43.017" durationms="119.039" />

<exclusive-start id="2168" timestamp="2020-09-11T09:55:44.836" intervalms="1938.136">
  <response-info timems="0.544" idlems="0.544" threads="0" lastid="00000000007C9200" lastname="Group1.Backend.CompositeBackend{Tier1}.2" />
</exclusive-start>
<af-start id="2169" threadId="00000000007C9B80" totalBytesRequested="32" timestamp="2020-09-11T09:55:44.837" intervalms="1938.176" type="nursery" />
<cycle-start id="2170" type="scavenge" contextid="0" timestamp="2020-09-11T09:55:44.838" intervalms="1938.184" />
<gc-start id="2171" type="scavenge" contextid="2170" timestamp="2020-09-11T09:55:44.838">
  <mem-info id="2172" free="801434640" total="2760835072" percent="29">
    <mem type="nursery" free="0" total="939524096" percent="0">
      <mem type="allocate" free="0" total="799539200" percent="0" />
      <mem type="survivor" free="0" total="139984896" percent="0" />
    </mem>
    <mem type="tenure" free="801434640" total="1821310976" percent="44">
      <mem type="soa" free="692155408" total="1712031744" percent="40" />
      <mem type="loa" free="109279232" total="109279232" percent="100" />
    </mem>
    <remembered-set count="188040" />
  </mem-info>
</gc-start>
<allocation-stats totalBytes="687076336" >
  <allocated-bytes non-tlh="34951168" tlh="652125168" />
  <largest-consumer threadName="Group1.Backend.CompositeBackend{Tier1}.1" threadId="000000000078AB00" bytes="99347048" />
</allocation-stats>
<gc-op id="2173" type="scavenge" timems="112.644" contextid="2170" timestamp="2020-09-11T09:55:44.951">
  <scavenger-info tenureage="3" tenuremask="7ff8" tiltratio="85" />
  <memory-copied type="nursery" objects="4148319" bytes="110536792" bytesdiscarded="289088" />
  <memory-copied type="tenure" objects="1088507" bytes="29283072" bytesdiscarded="24560" />
  <ownableSynchronizers candidates="16367" cleared="12564" />
  <references type="soft" candidates="1898" cleared="0" enqueued="0" dynamicThreshold="18" maxThreshold="32" />
  <references type="weak" candidates="117" cleared="117" enqueued="0" />
</gc-op>
<gc-end id="2174" type="scavenge" contextid="2170" durationms="113.597" usertimems="796.516" systemtimems="0.523" timestamp="2020-09-11T09:55:44.951" activeThreads="8">
  <mem-info id="2175" free="1463828920" total="2760835072" percent="53">
    <mem type="nursery" free="691574008" total="939524096" percent="73">
      <mem type="allocate" free="691574008" total="802488320" percent="86" />
      <mem type="survivor" free="0" total="137035776" percent="0" />
    </mem>
    <mem type="tenure" free="772254912" total="1821310976" percent="42" macro-fragmented="0">
      <mem type="soa" free="662975680" total="1712031744" percent="38" />
      <mem type="loa" free="109279232" total="109279232" percent="100" />
    </mem>
    <remembered-set count="29140" />
  </mem-info>
</gc-end>
<cycle-end id="2176" type="scavenge" contextid="2170" timestamp="2020-09-11T09:55:44.954" />
<allocation-satisfied id="2177" threadId="00000000007C9200" bytesRequested="32" />
<af-end id="2178" timestamp="2020-09-11T09:55:44.954" threadId="00000000007C9B80" success="true" from="nursery"/>
<exclusive-end id="2179" timestamp="2020-09-11T09:55:44.954" durationms="117.813" />

<exclusive-start id="2180" timestamp="2020-09-11T09:55:46.871" intervalms="2034.614">
  <response-info timems="0.519" idlems="0.519" threads="0" lastid="000000000078AB00" lastname="Group1.Backend.CompositeBackend{Tier1}.1" />
</exclusive-start>
<af-start id="2181" threadId="000000000078B480" totalBytesRequested="32" timestamp="2020-09-11T09:55:46.872" intervalms="2034.421" type="nursery" />
<cycle-start id="2182" type="scavenge" contextid="0" timestamp="2020-09-11T09:55:46.872" intervalms="2034.428" />
<gc-start id="2183" type="scavenge" contextid="2182" timestamp="2020-09-11T09:55:46.873">
  <mem-info id="2184" free="772254912" total="2760835072" percent="27">
    <mem type="nursery" free="0" total="939524096" percent="0">
      <mem type="allocate" free="0" total="802488320" percent="0" />
      <mem type="survivor" free="0" total="137035776" percent="0" />
    </mem>
    <mem type="tenure" free="772254912" total="1821310976" percent="42">
      <mem type="soa" free="662975680" total="1712031744" percent="38" />
      <mem type="loa" free="109279232" total="109279232" percent="100" />
    </mem>
    <remembered-set count="189253" />
  </mem-info>
</gc-start>
<allocation-stats totalBytes="691190952" >
  <allocated-bytes non-tlh="34819768" tlh="656371184" />
  <largest-consumer threadName="Group1.Backend.CompositeBackend{Tier1}.4" threadId="000000000086B200" bytes="96906392" />
</allocation-stats>
<gc-op id="2185" type="scavenge" timems="98.459" contextid="2182" timestamp="2020-09-11T09:55:46.972">
  <scavenger-info tenureage="3" tenuremask="7ff8" tiltratio="85" />
  <memory-copied type="nursery" objects="4099549" bytes="109383584" bytesdiscarded="292592" />
  <memory-copied type="tenure" objects="1097753" bytes="29550592" bytesdiscarded="31640" />
  <ownableSynchronizers candidates="17008" cleared="13278" />
  <references type="soft" candidates="1910" cleared="0" enqueued="0" dynamicThreshold="18" maxThreshold="32" />
  <references type="weak" candidates="118" cleared="118" enqueued="0" />
</gc-op>
<gc-end id="2186" type="scavenge" contextid="2182" durationms="99.335" usertimems="707.343" systemtimems="5.559" timestamp="2020-09-11T09:55:46.972" activeThreads="8">
  <mem-info id="2187" free="1437863472" total="2760835072" percent="52">
    <mem type="nursery" free="695343608" total="939524096" percent="74">
      <mem type="allocate" free="695343608" total="805109760" percent="86" />
      <mem type="survivor" free="0" total="134414336" percent="0" />
    </mem>
    <mem type="tenure" free="742519864" total="1821310976" percent="40" macro-fragmented="0">
      <mem type="soa" free="633240632" total="1712031744" percent="36" />
      <mem type="loa" free="109279232" total="109279232" percent="100" />
    </mem>
    <remembered-set count="28955" />
  </mem-info>
</gc-end>
<cycle-end id="2188" type="scavenge" contextid="2182" timestamp="2020-09-11T09:55:46.974" />
<allocation-satisfied id="2189" threadId="000000000078AB00" bytesRequested="32" />
<af-end id="2190" timestamp="2020-09-11T09:55:46.974" threadId="000000000078B480" success="true" from="nursery"/>
<exclusive-end id="2191" timestamp="2020-09-11T09:55:46.974" durationms="103.001" />

<exclusive-start id="2192" timestamp="2020-09-11T09:55:48.989" intervalms="2117.976">
  <response-info timems="0.464" idlems="0.464" threads="0" lastid="000000000089C800" lastname="Group1.Backend.CompositeBackend{Tier1}.7" />
</exclusive-start>
<af-start id="2193" threadId="000000000089D180" totalBytesRequested="16" timestamp="2020-09-11T09:55:48.990" intervalms="2117.929" type="nursery" />
<cycle-start id="2194" type="scavenge" contextid="0" timestamp="2020-09-11T09:55:48.990" intervalms="2117.930" />
<gc-start id="2195" type="scavenge" contextid="2194" timestamp="2020-09-11T09:55:48.990">
  <mem-info id="2196" free="742519864" total="2760835072" percent="26">
    <mem type="nursery" free="0" total="939524096" percent="0">
      <mem type="allocate" free="0" total="805109760" percent="0" />
      <mem type="survivor" free="0" total="134414336" percent="0" />
    </mem>
    <mem type="tenure" free="742519864" total="1821310976" percent="40">
      <mem type="soa" free="633240632" total="1712031744" percent="36" />
      <mem type="loa" free="109279232" total="109279232" percent="100" />
    </mem>
    <remembered-set count="192948" />
  </mem-info>
</gc-start>
<allocation-stats totalBytes="694947760" >
  <allocated-bytes non-tlh="29139072" tlh="665808688" />
  <largest-consumer threadName="Group1.Backend.CompositeBackend{Tier1}.1" threadId="000000000078AB00" bytes="91389520" />
</allocation-stats>
<gc-op id="2197" type="scavenge" timems="99.554" contextid="2194" timestamp="2020-09-11T09:55:49.090">
  <scavenger-info tenureage="3" tenuremask="7ff8" tiltratio="85" />
  <memory-copied type="nursery" objects="4143765" bytes="110544232" bytesdiscarded="232392" />
  <memory-copied type="tenure" objects="1066933" bytes="28744176" bytesdiscarded="29640" />
  <ownableSynchronizers candidates="15270" cleared="11678" />
  <references type="soft" candidates="1881" cleared="0" enqueued="0" dynamicThreshold="18" maxThreshold="32" />
  <references type="weak" candidates="127" cleared="127" enqueued="0" />
</gc-op>
<gc-end id="2198" type="scavenge" contextid="2194" durationms="100.544" usertimems="768.999" systemtimems="2.303" timestamp="2020-09-11T09:55:49.091" activeThreads="8">
  <mem-info id="2199" free="1409794424" total="2760835072" percent="51">
    <mem type="nursery" free="696071416" total="939524096" percent="74">
      <mem type="allocate" free="696071416" total="806944768" percent="86" />
      <mem type="survivor" free="0" total="132579328" percent="0" />
    </mem>
    <mem type="tenure" free="713723008" total="1821310976" percent="39" macro-fragmented="0">
      <mem type="soa" free="604443776" total="1712031744" percent="35" />
      <mem type="loa" free="109279232" total="109279232" percent="100" />
    </mem>
    <remembered-set count="30893" />
  </mem-info>
</gc-end>
<cycle-end id="2200" type="scavenge" contextid="2194" timestamp="2020-09-11T09:55:49.092" />
<allocation-satisfied id="2201" threadId="000000000089C800" bytesRequested="16" />
<af-end id="2202" timestamp="2020-09-11T09:55:49.092" threadId="000000000089D180" success="true" from="nursery"/>
<exclusive-end id="2203" timestamp="2020-09-11T09:55:49.092" durationms="102.521" />

<exclusive-start id="2204" timestamp="2020-09-11T09:55:51.036" intervalms="2047.021">
  <response-info timems="0.476" idlems="0.242" threads="1" lastid="000000000089C800" lastname="Group1.Backend.CompositeBackend{Tier1}.7" />
</exclusive-start>
<af-start id="2205" threadId="000000000078B480" totalBytesRequested="32" timestamp="2020-09-11T09:55:51.037" intervalms="2047.051" type="nursery" />
<cycle-start id="2206" type="scavenge" contextid="0" timestamp="2020-09-11T09:55:51.037" intervalms="2047.022" />
<gc-start id="2207" type="scavenge" contextid="2206" timestamp="2020-09-11T09:55:51.037">
  <mem-info id="2208" free="713723008" total="2760835072" percent="25">
    <mem type="nursery" free="0" total="939524096" percent="0">
      <mem type="allocate" free="0" total="806944768" percent="0" />
      <mem type="survivor" free="0" total="132579328" percent="0" />
    </mem>
    <mem type="tenure" free="713723008" total="1821310976" percent="39">
      <mem type="soa" free="604443776" total="1712031744" percent="35" />
      <mem type="loa" free="109279232" total="109279232" percent="100" />
    </mem>
    <remembered-set count="195362" />
  </mem-info>
</gc-start>
<allocation-stats totalBytes="695641408" >
  <allocated-bytes non-tlh="31039120" tlh="664602288" />
  <largest-consumer threadName="Group1.Backend.CompositeBackend{Tier1}.4" threadId="000000000086B200" bytes="99944944" />
</allocation-stats>
<gc-op id="2209" type="scavenge" timems="118.501" contextid="2206" timestamp="2020-09-11T09:55:51.156">
  <scavenger-info tenureage="3" tenuremask="7ff8" tiltratio="85" />
  <memory-copied type="nursery" objects="4086030" bytes="109697368" bytesdiscarded="191568" />
  <memory-copied type="tenure" objects="1050387" bytes="28274272" bytesdiscarded="24760" />
  <ownableSynchronizers candidates="13704" cleared="10272" />
  <references type="soft" candidates="1791" cleared="0" enqueued="0" dynamicThreshold="18" maxThreshold="32" />
  <references type="weak" candidates="118" cleared="118" enqueued="0" />
</gc-op>
<gc-end id="2210" type="scavenge" contextid="2206" durationms="119.467" usertimems="889.277" systemtimems="13.576" timestamp="2020-09-11T09:55:51.157" activeThreads="8">
  <mem-info id="2211" free="1384202520" total="2760835072" percent="50">
    <mem type="nursery" free="698729728" total="939524096" percent="74">
      <mem type="allocate" free="698729728" total="808714240" percent="86" />
      <mem type="survivor" free="0" total="130809856" percent="0" />
    </mem>
    <mem type="tenure" free="685472792" total="1821310976" percent="37" macro-fragmented="0">
      <mem type="soa" free="576193560" total="1712031744" percent="33" />
      <mem type="loa" free="109279232" total="109279232" percent="100" />
    </mem>
    <remembered-set count="32916" />
  </mem-info>
</gc-end>
<cycle-end id="2212" type="scavenge" contextid="2206" timestamp="2020-09-11T09:55:51.158" />
<allocation-satisfied id="2213" threadId="000000000078AB00" bytesRequested="32" />
<af-end id="2214" timestamp="2020-09-11T09:55:51.159" threadId="000000000078B480" success="true" from="nursery"/>
<exclusive-end id="2215" timestamp="2020-09-11T09:55:51.159" durationms="122.509" />

<exclusive-start id="2216" timestamp="2020-09-11T09:55:53.140" intervalms="2104.223">
  <response-info timems="0.367" idlems="0.367" threads="0" lastid="000000000087A000" lastname="Group1.Backend.CompositeBackend{Tier1}.5" />
</exclusive-start>
<af-start id="2217" threadId="000000000087A980" totalBytesRequested="215160" timestamp="2020-09-11T09:55:53.141" intervalms="2104.266" type="nursery" />
<cycle-start id="2218" type="scavenge" contextid="0" timestamp="2020-09-11T09:55:53.141" intervalms="2104.255" />
<gc-start id="2219" type="scavenge" contextid="2218" timestamp="2020-09-11T09:55:53.142">
  <mem-info id="2220" free="685683360" total="2760835072" percent="24">
    <mem type="nursery" free="210568" total="939524096" percent="0">
      <mem type="allocate" free="210568" total="808714240" percent="0" />
      <mem type="survivor" free="0" total="130809856" percent="0" />
    </mem>
    <mem type="tenure" free="685472792" total="1821310976" percent="37">
      <mem type="soa" free="576193560" total="1712031744" percent="33" />
      <mem type="loa" free="109279232" total="109279232" percent="100" />
    </mem>
    <remembered-set count="196670" />
  </mem-info>
</gc-start>
<allocation-stats totalBytes="698115296" >
  <allocated-bytes non-tlh="30887544" tlh="667227752" />
  <largest-consumer threadName="Group1.Backend.CompositeBackend{Tier1}.4" threadId="000000000086B200" bytes="109793480" />
</allocation-stats>
<gc-op id="2221" type="scavenge" timems="106.539" contextid="2218" timestamp="2020-09-11T09:55:53.248">
  <scavenger-info tenureage="3" tenuremask="7ff8" tiltratio="86" />
  <memory-copied type="nursery" objects="4354608" bytes="116891928" bytesdiscarded="135560" />
  <memory-copied type="tenure" objects="1062908" bytes="28598440" bytesdiscarded="24960" />
  <ownableSynchronizers candidates="12541" cleared="9360" />
  <references type="soft" candidates="1615" cleared="0" enqueued="0" dynamicThreshold="18" maxThreshold="32" />
  <references type="weak" candidates="132" cleared="131" enqueued="0" />
</gc-op>
<gc-end id="2222" type="scavenge" contextid="2218" durationms="107.443" usertimems="734.477" systemtimems="0.000" timestamp="2020-09-11T09:55:53.249" activeThreads="8">
  <mem-info id="2223" free="1341922008" total="2760835072" percent="48">
    <mem type="nursery" free="685042576" total="939524096" percent="72">
      <mem type="allocate" free="685042576" total="802160640" percent="85" />
      <mem type="survivor" free="0" total="137363456" percent="0" />
    </mem>
    <mem type="tenure" free="656879432" total="1821310976" percent="36" macro-fragmented="0">
      <mem type="soa" free="547600200" total="1712031744" percent="31" />
      <mem type="loa" free="109279232" total="109279232" percent="100" />
    </mem>
    <remembered-set count="33144" />
  </mem-info>
</gc-end>
<cycle-end id="2224" type="scavenge" contextid="2218" timestamp="2020-09-11T09:55:53.250" />
<allocation-satisfied id="2225" threadId="000000000087A000" bytesRequested="215160" />
<af-end id="2226" timestamp="2020-09-11T09:55:53.250" threadId="000000000087A980" success="true" from="nursery"/>
<exclusive-end id="2227" timestamp="2020-09-11T09:55:53.250" durationms="109.677" />

<exclusive-start id="2228" timestamp="2020-09-11T09:55:55.189" intervalms="2048.198">
  <response-info timems="0.492" idlems="0.492" threads="0" lastid="000000000084FB00" lastname="Group1.Backend.CompositeBackend{Tier1}.8" />
</exclusive-start>
<af-start id="2229" threadId="0000000000850480" totalBytesRequested="24" timestamp="2020-09-11T09:55:55.189" intervalms="2048.252" type="nursery" />
<cycle-start id="2230" type="scavenge" contextid="0" timestamp="2020-09-11T09:55:55.189" intervalms="2048.258" />
<gc-start id="2231" type="scavenge" contextid="2230" timestamp="2020-09-11T09:55:55.190">
  <mem-info id="2232" free="656879432" total="2760835072" percent="23">
    <mem type="nursery" free="0" total="939524096" percent="0">
      <mem type="allocate" free="0" total="802160640" percent="0" />
      <mem type="survivor" free="0" total="137363456" percent="0" />
    </mem>
    <mem type="tenure" free="656879432" total="1821310976" percent="36">
      <mem type="soa" free="547600200" total="1712031744" percent="31" />
      <mem type="loa" free="109279232" total="109279232" percent="100" />
    </mem>
    <remembered-set count="194551" />
  </mem-info>
</gc-start>
<allocation-stats totalBytes="684639760" >
  <allocated-bytes non-tlh="30685200" tlh="653954560" />
  <largest-consumer threadName="Group1.Backend.CompositeBackend{Tier1}.5" threadId="000000000087A000" bytes="104206256" />
</allocation-stats>
<gc-op id="2233" type="scavenge" timems="97.465" contextid="2230" timestamp="2020-09-11T09:55:55.287">
  <scavenger-info tenureage="3" tenuremask="7ff8" tiltratio="85" />
  <memory-copied type="nursery" objects="4163058" bytes="111505928" bytesdiscarded="432920" />
  <memory-copied type="tenure" objects="1108602" bytes="29830560" bytesdiscarded="42784" />
  <ownableSynchronizers candidates="14163" cleared="11160" />
  <references type="soft" candidates="1582" cleared="0" enqueued="0" dynamicThreshold="18" maxThreshold="32" />
  <references type="weak" candidates="111" cleared="111" enqueued="0" />
</gc-op>
<gc-end id="2234" type="scavenge" contextid="2230" durationms="98.677" usertimems="712.022" systemtimems="0.000" timestamp="2020-09-11T09:55:55.288" activeThreads="8">
  <mem-info id="2235" free="1318392328" total="2760835072" percent="47">
    <mem type="nursery" free="691382520" total="939524096" percent="73">
      <mem type="allocate" free="691382520" total="803405824" percent="86" />
      <mem type="survivor" free="0" total="136118272" percent="0" />
    </mem>
    <mem type="tenure" free="627009808" total="1821310976" percent="34" macro-fragmented="0">
      <mem type="soa" free="517730576" total="1712031744" percent="30" />
      <mem type="loa" free="109279232" total="109279232" percent="100" />
    </mem>
    <remembered-set count="32864" />
  </mem-info>
</gc-end>
<cycle-end id="2236" type="scavenge" contextid="2230" timestamp="2020-09-11T09:55:55.290" />
<allocation-satisfied id="2237" threadId="000000000084FB00" bytesRequested="24" />
<af-end id="2238" timestamp="2020-09-11T09:55:55.290" threadId="0000000000850480" success="true" from="nursery"/>
<exclusive-end id="2239" timestamp="2020-09-11T09:55:55.290" durationms="101.222" />

<exclusive-start id="2240" timestamp="2020-09-11T09:55:57.377" intervalms="2188.471">
  <response-info timems="0.301" idlems="0.301" threads="0" lastid="000000000078AB00" lastname="Group1.Backend.CompositeBackend{Tier1}.1" />
</exclusive-start>
<af-start id="2241" threadId="000000000078B480" totalBytesRequested="16" timestamp="2020-09-11T09:55:57.378" intervalms="2188.299" type="nursery" />
<cycle-start id="2242" type="scavenge" contextid="0" timestamp="2020-09-11T09:55:57.378" intervalms="2188.288" />
<gc-start id="2243" type="scavenge" contextid="2242" timestamp="2020-09-11T09:55:57.378">
  <mem-info id="2244" free="627009808" total="2760835072" percent="22">
    <mem type="nursery" free="0" total="939524096" percent="0">
      <mem type="allocate" free="0" total="803405824" percent="0" />
      <mem type="survivor" free="0" total="136118272" percent="0" />
    </mem>
    <mem type="tenure" free="627009808" total="1821310976" percent="34">
      <mem type="soa" free="517730576" total="1712031744" percent="30" />
      <mem type="loa" free="109279232" total="109279232" percent="100" />
    </mem>
    <remembered-set count="196578" />
  </mem-info>
</gc-start>
<allocation-stats totalBytes="690991856" >
  <allocated-bytes non-tlh="28275552" tlh="662716304" />
  <largest-consumer threadName="Group1.Backend.CompositeBackend{Tier1}.5" threadId="000000000087A000" bytes="95191568" />
</allocation-stats>
<gc-op id="2245" type="scavenge" timems="99.418" contextid="2242" timestamp="2020-09-11T09:55:57.477">
  <scavenger-info tenureage="3" tenuremask="7ff8" tiltratio="85" />
  <memory-copied type="nursery" objects="4418272" bytes="117486280" bytesdiscarded="195448" />
  <memory-copied type="tenure" objects="1107662" bytes="29796832" bytesdiscarded="35480" />
  <ownableSynchronizers candidates="12676" cleared="9848" />
  <references type="soft" candidates="1555" cleared="0" enqueued="0" dynamicThreshold="18" maxThreshold="32" />
  <references type="weak" candidates="93" cleared="93" enqueued="0" />
</gc-op>
<gc-end id="2246" type="scavenge" contextid="2242" durationms="100.395" usertimems="725.843" systemtimems="0.000" timestamp="2020-09-11T09:55:57.478" activeThreads="8">
  <mem-info id="2247" free="1281084800" total="2760835072" percent="46">
    <mem type="nursery" free="683861560" total="939524096" percent="72">
      <mem type="allocate" free="683861560" total="801636352" percent="85" />
      <mem type="survivor" free="0" total="137887744" percent="0" />
    </mem>
    <mem type="tenure" free="597223240" total="1821310976" percent="32" macro-fragmented="0">
      <mem type="soa" free="487944008" total="1712031744" percent="28" />
      <mem type="loa" free="109279232" total="109279232" percent="100" />
    </mem>
    <remembered-set count="30850" />
  </mem-info>
</gc-end>
<cycle-end id="2248" type="scavenge" contextid="2242" timestamp="2020-09-11T09:55:57.480" />
<allocation-satisfied id="2249" threadId="000000000078AB00" bytesRequested="16" />
<af-end id="2250" timestamp="2020-09-11T09:55:57.480" threadId="000000000078B480" success="true" from="nursery"/>
<exclusive-end id="2251" timestamp="2020-09-11T09:55:57.480" durationms="103.356" />

<exclusive-start id="2252" timestamp="2020-09-11T09:55:59.296" intervalms="1918.668">
  <response-info timems="0.335" idlems="0.335" threads="0" lastid="000000000086B200" lastname="Group1.Backend.CompositeBackend{Tier1}.4" />
</exclusive-start>
<af-start id="2253" threadId="000000000086BB80" totalBytesRequested="1888" timestamp="2020-09-11T09:55:59.296" intervalms="1918.682" type="nursery" />
<cycle-start id="2254" type="scavenge" contextid="0" timestamp="2020-09-11T09:55:59.296" intervalms="1918.700" />
<gc-start id="2255" type="scavenge" contextid="2254" timestamp="2020-09-11T09:55:59.297">
  <mem-info id="2256" free="597223240" total="2760835072" percent="21">
    <mem type="nursery" free="0" total="939524096" percent="0">
      <mem type="allocate" free="0" total="801636352" percent="0" />
      <mem type="survivor" free="0" total="137887744" percent="0" />
    </mem>
    <mem type="tenure" free="597223240" total="1821310976" percent="32">
      <mem type="soa" free="487944008" total="1712031744" percent="28" />
      <mem type="loa" free="109279232" total="109279232" percent="100" />
    </mem>
    <remembered-set count="186032" />
  </mem-info>
</gc-start>
<allocation-stats totalBytes="683467320" >
  <allocated-bytes non-tlh="39895856" tlh="643571464" />
  <largest-consumer threadName="Group1.Backend.CompositeBackend{Tier1}.3" threadId="000000000085F900" bytes="90399640" />
</allocation-stats>
<gc-op id="2257" type="scavenge" timems="85.347" contextid="2254" timestamp="2020-09-11T09:55:59.382">
  <scavenger-info tenureage="3" tenuremask="7ff8" tiltratio="85" />
  <memory-copied type="nursery" objects="4033142" bytes="108289272" bytesdiscarded="178208" />
  <memory-copied type="tenure" objects="1112332" bytes="29912656" bytesdiscarded="44096" />
  <ownableSynchronizers candidates="12810" cleared="10019" />
  <references type="soft" candidates="1600" cleared="0" enqueued="0" dynamicThreshold="18" maxThreshold="32" />
  <references type="weak" candidates="113" cleared="113" enqueued="0" />
</gc-op>
<gc-end id="2258" type="scavenge" contextid="2254" durationms="86.169" usertimems="607.805" systemtimems="0.000" timestamp="2020-09-11T09:55:59.383" activeThreads="8">
  <mem-info id="2259" free="1261578760" total="2760835072" percent="45">
    <mem type="nursery" free="694332416" total="939524096" percent="73">
      <mem type="allocate" free="694332416" total="802881536" percent="86" />
      <mem type="survivor" free="0" total="136642560" percent="0" />
    </mem>
    <mem type="tenure" free="567246344" total="1821310976" percent="31" macro-fragmented="0">
      <mem type="soa" free="457967112" total="1712031744" percent="26" />
      <mem type="loa" free="109279232" total="109279232" percent="100" />
    </mem>
    <remembered-set count="28670" />
  </mem-info>
</gc-end>
<cycle-end id="2260" type="scavenge" contextid="2254" timestamp="2020-09-11T09:55:59.384" />
<allocation-satisfied id="2261" threadId="000000000086B200" bytesRequested="1888" />
<af-end id="2262" timestamp="2020-09-11T09:55:59.384" threadId="000000000086BB80" success="true" from="nursery"/>
<exclusive-end id="2263" timestamp="2020-09-11T09:55:59.384" durationms="88.631" />

<exclusive-start id="2264" timestamp="2020-09-11T09:56:01.354" intervalms="2058.755">
  <response-info timems="0.341" idlems="0.341" threads="0" lastid="000000000085F900" lastname="Group1.Backend.CompositeBackend{Tier1}.3" />
</exclusive-start>
<af-start id="2265" threadId="0000000000860280" totalBytesRequested="32" timestamp="2020-09-11T09:56:01.355" intervalms="2058.830" type="nursery" />
<cycle-start id="2266" type="scavenge" contextid="0" timestamp="2020-09-11T09:56:01.355" intervalms="2058.848" />
<gc-start id="2267" type="scavenge" contextid="2266" timestamp="2020-09-11T09:56:01.356">
  <mem-info id="2268" free="567246344" total="2760835072" percent="20">
    <mem type="nursery" free="0" total="939524096" percent="0">
      <mem type="allocate" free="0" total="802881536" percent="0" />
      <mem type="survivor" free="0" total="136642560" percent="0" />
    </mem>
    <mem type="tenure" free="567246344" total="1821310976" percent="31">
      <mem type="soa" free="457967112" total="1712031744" percent="26" />
      <mem type="loa" free="109279232" total="109279232" percent="100" />
    </mem>
    <remembered-set count="192604" />
  </mem-info>
</gc-start>
<allocation-stats totalBytes="693938992" >
  <allocated-bytes non-tlh="30490928" tlh="663448064" />
  <largest-consumer threadName="Group1.Backend.CompositeBackend{Tier1}.3" threadId="000000000085F900" bytes="95984368" />
</allocation-stats>
<gc-op id="2269" type="scavenge" timems="97.274" contextid="2266" timestamp="2020-09-11T09:56:01.453">
  <scavenger-info tenureage="3" tenuremask="7ff8" tiltratio="85" />
  <memory-copied type="nursery" objects="4343260" bytes="115559632" bytesdiscarded="297232" />
  <memory-copied type="tenure" objects="1097746" bytes="29562456" bytesdiscarded="46416" />
  <ownableSynchronizers candidates="13155" cleared="10323" />
  <references type="soft" candidates="1558" cleared="0" enqueued="0" dynamicThreshold="18" maxThreshold="32" />
  <references type="weak" candidates="118" cleared="118" enqueued="0" />
</gc-op>
<gc-end id="2270" type="scavenge" contextid="2266" durationms="98.120" usertimems="748.561" systemtimems="0.000" timestamp="2020-09-11T09:56:01.454" activeThreads="8">
  <mem-info id="2271" free="1223885376" total="2760835072" percent="44">
    <mem type="nursery" free="686149608" total="939524096" percent="73">
      <mem type="allocate" free="686149608" total="802095104" percent="85" />
      <mem type="survivor" free="0" total="137428992" percent="0" />
    </mem>
    <mem type="tenure" free="537735768" total="1821310976" percent="29" macro-fragmented="0">
      <mem type="soa" free="428456536" total="1712031744" percent="25" />
      <mem type="loa" free="109279232" total="109279232" percent="100" />
    </mem>
    <remembered-set count="30669" />
  </mem-info>
</gc-end>
<cycle-end id="2272" type="scavenge" contextid="2266" timestamp="2020-09-11T09:56:01.455" />
<allocation-satisfied id="2273" threadId="000000000085F900" bytesRequested="32" />
<af-end id="2274" timestamp="2020-09-11T09:56:01.455" threadId="0000000000860280" success="true" from="nursery"/>
<exclusive-end id="2275" timestamp="2020-09-11T09:56:01.455" durationms="100.331" />

<exclusive-start id="2276" timestamp="2020-09-11T09:56:03.410" intervalms="2055.871">
  <response-info timems="0.420" idlems="0.223" threads="1" lastid="00000000007C9200" lastname="Group1.Backend.CompositeBackend{Tier1}.2" />
</exclusive-start>
<af-start id="2277" threadId="000000000087A980" totalBytesRequested="304" timestamp="2020-09-11T09:56:03.411" intervalms="2055.898" type="nursery" />
<cycle-start id="2278" type="scavenge" contextid="0" timestamp="2020-09-11T09:56:03.411" intervalms="2055.869" />
<gc-start id="2279" type="scavenge" contextid="2278" timestamp="2020-09-11T09:56:03.411">
  <mem-info id="2280" free="537735768" total="2760835072" percent="19">
    <mem type="nursery" free="0" total="939524096" percent="0">
      <mem type="allocate" free="0" total="802095104" percent="0" />
      <mem type="survivor" free="0" total="137428992" percent="0" />
    </mem>
    <mem type="tenure" free="537735768" total="1821310976" percent="29">
      <mem type="soa" free="428456536" total="1712031744" percent="25" />
      <mem type="loa" free="109279232" total="109279232" percent="100" />
    </mem>
    <remembered-set count="193252" />
  </mem-info>
</gc-start>
<allocation-stats totalBytes="685767296" >
  <allocated-bytes non-tlh="33494320" tlh="652272976" />
  <largest-consumer threadName="Group1.Backend.CompositeBackend{Tier1}.5" threadId="000000000087A000" bytes="111485280" />
</allocation-stats>
<gc-op id="2281" type="scavenge" timems="93.537" contextid="2278" timestamp="2020-09-11T09:56:03.505">
  <scavenger-info tenureage="3" tenuremask="7ff8" tiltratio="85" />
  <memory-copied type="nursery" objects="4008809" bytes="107528608" bytesdiscarded="157544" />
  <memory-copied type="tenure" objects="1125667" bytes="30320496" bytesdiscarded="34144" />
  <ownableSynchronizers candidates="11495" cleared="8836" />
  <references type="soft" candidates="1512" cleared="0" enqueued="0" dynamicThreshold="18" maxThreshold="32" />
  <references type="weak" candidates="128" cleared="128" enqueued="0" />
</gc-op>
<gc-end id="2282" type="scavenge" contextid="2278" durationms="94.519" usertimems="702.854" systemtimems="6.310" timestamp="2020-09-11T09:56:03.506" activeThreads="8">
  <mem-info id="2283" free="1203300768" total="2760835072" percent="43">
    <mem type="nursery" free="695957760" total="939524096" percent="74">
      <mem type="allocate" free="695957760" total="803733504" percent="86" />
      <mem type="survivor" free="0" total="135790592" percent="0" />
    </mem>
    <mem type="tenure" free="507343008" total="1821310976" percent="27" macro-fragmented="0">
      <mem type="soa" free="398063776" total="1712031744" percent="23" />
      <mem type="loa" free="109279232" total="109279232" percent="100" />
    </mem>
    <remembered-set count="32088" />
  </mem-info>
</gc-end>
<cycle-end id="2284" type="scavenge" contextid="2278" timestamp="2020-09-11T09:56:03.508" />
<allocation-satisfied id="2285" threadId="000000000087A000" bytesRequested="304" />
<af-end id="2286" timestamp="2020-09-11T09:56:03.508" threadId="000000000087A980" success="true" from="nursery"/>
<exclusive-end id="2287" timestamp="2020-09-11T09:56:03.508" durationms="97.932" />

<exclusive-start id="2288" timestamp="2020-09-11T09:56:05.487" intervalms="2076.372">
  <response-info timems="0.359" idlems="0.183" threads="1" lastid="000000000087A000" lastname="Group1.Backend.CompositeBackend{Tier1}.5" />
</exclusive-start>
<af-start id="2289" threadId="0000000000860280" totalBytesRequested="32" timestamp="2020-09-11T09:56:05.487" intervalms="2076.329" type="nursery" />
<cycle-start id="2290" type="scavenge" contextid="0" timestamp="2020-09-11T09:56:05.487" intervalms="2076.326" />
<gc-start id="2291" type="scavenge" contextid="2290" timestamp="2020-09-11T09:56:05.488">
  <mem-info id="2292" free="507343008" total="2760835072" percent="18">
    <mem type="nursery" free="0" total="939524096" percent="0">
      <mem type="allocate" free="0" total="803733504" percent="0" />
      <mem type="survivor" free="0" total="135790592" percent="0" />
    </mem>
    <mem type="tenure" free="507343008" total="1821310976" percent="27">
      <mem type="soa" free="398063776" total="1712031744" percent="23" />
      <mem type="loa" free="109279232" total="109279232" percent="100" />
    </mem>
    <remembered-set count="196753" />
  </mem-info>
</gc-start>
<allocation-stats totalBytes="695563168" >
  <allocated-bytes non-tlh="31203688" tlh="664359480" />
  <largest-consumer threadName="Group1.Backend.CompositeBackend{Tier1}.5" threadId="000000000087A000" bytes="91358440" />
</allocation-stats>
<gc-op id="2293" type="scavenge" timems="92.369" contextid="2290" timestamp="2020-09-11T09:56:05.581">
  <scavenger-info tenureage="3" tenuremask="7ff8" tiltratio="85" />
  <memory-copied type="nursery" objects="4140573" bytes="111161888" bytesdiscarded="129192" />
  <memory-copied type="tenure" objects="993859" bytes="26746984" bytesdiscarded="24384" />
  <ownableSynchronizers candidates="12645" cleared="9984" />
  <references type="soft" candidates="1503" cleared="0" enqueued="0" dynamicThreshold="18" maxThreshold="32" />
  <references type="weak" candidates="108" cleared="108" enqueued="0" />
</gc-op>
<gc-end id="2294" type="scavenge" contextid="2290" durationms="93.248" usertimems="660.841" systemtimems="3.585" timestamp="2020-09-11T09:56:05.581" activeThreads="8">
  <mem-info id="2295" free="1174339024" total="2760835072" percent="42">
    <mem type="nursery" free="693787536" total="939524096" percent="73">
      <mem type="allocate" free="693787536" total="805175296" percent="86" />
      <mem type="survivor" free="0" total="134348800" percent="0" />
    </mem>
    <mem type="tenure" free="480551488" total="1821310976" percent="26" macro-fragmented="0">
      <mem type="soa" free="371272256" total="1712031744" percent="21" />
      <mem type="loa" free="109279232" total="109279232" percent="100" />
    </mem>
    <remembered-set count="34467" />
  </mem-info>
</gc-end>
<cycle-end id="2296" type="scavenge" contextid="2290" timestamp="2020-09-11T09:56:05.585" />
<allocation-satisfied id="2297" threadId="000000000085F900" bytesRequested="32" />
<af-end id="2298" timestamp="2020-09-11T09:56:05.585" threadId="0000000000860280" success="true" from="nursery"/>
<exclusive-end id="2299" timestamp="2020-09-11T09:56:05.585" durationms="98.200" />

<exclusive-start id="2300" timestamp="2020-09-11T09:56:07.518" intervalms="2031.389">
  <response-info timems="1.561" idlems="1.561" threads="0" lastid="000000000084FB00" lastname="Group1.Backend.CompositeBackend{Tier1}.8" />
</exclusive-start>
<af-start id="2301" threadId="0000000000850480" totalBytesRequested="131080" timestamp="2020-09-11T09:56:07.519" intervalms="2031.457" type="nursery" />
<cycle-start id="2302" type="scavenge" contextid="0" timestamp="2020-09-11T09:56:07.519" intervalms="2031.462" />
<gc-start id="2303" type="scavenge" contextid="2302" timestamp="2020-09-11T09:56:07.519">
  <mem-info id="2304" free="480611400" total="2760835072" percent="17">
    <mem type="nursery" free="59912" total="939524096" percent="0">
      <mem type="allocate" free="59912" total="805175296" percent="0" />
      <mem type="survivor" free="0" total="134348800" percent="0" />
    </mem>
    <mem type="tenure" free="480551488" total="1821310976" percent="26">
      <mem type="soa" free="371272256" total="1712031744" percent="21" />
      <mem type="loa" free="109279232" total="109279232" percent="100" />
    </mem>
    <remembered-set count="196116" />
  </mem-info>
</gc-start>
<allocation-stats totalBytes="693367616" >
  <allocated-bytes non-tlh="33885400" tlh="659482216" />
  <largest-consumer threadName="Group1.Backend.CompositeBackend{Tier1}.3" threadId="000000000085F900" bytes="97226816" />
</allocation-stats>
<gc-op id="2305" type="scavenge" timems="109.914" contextid="2302" timestamp="2020-09-11T09:56:07.629">
  <scavenger-info tenureage="3" tenuremask="7ff8" tiltratio="85" />
  <memory-copied type="nursery" objects="4730375" bytes="124176424" bytesdiscarded="256960" />
  <memory-copied type="tenure" objects="1115426" bytes="30004528" bytesdiscarded="40888" />
  <ownableSynchronizers candidates="10780" cleared="8282" />
  <references type="soft" candidates="1426" cleared="0" enqueued="0" dynamicThreshold="18" maxThreshold="32" />
  <references type="weak" candidates="122" cleared="122" enqueued="0" />
</gc-op>
<gc-end id="2306" type="scavenge" contextid="2302" durationms="110.902" usertimems="844.829" systemtimems="0.000" timestamp="2020-09-11T09:56:07.630" activeThreads="8">
  <mem-info id="2307" free="1115687616" total="2760835072" percent="40">
    <mem type="nursery" free="665184840" total="939524096" percent="70">
      <mem type="allocate" free="665184840" total="789708800" percent="84" />
      <mem type="survivor" free="0" total="149815296" percent="0" />
    </mem>
    <mem type="tenure" free="450502776" total="1821310976" percent="24" macro-fragmented="0">
      <mem type="soa" free="341223544" total="1712031744" percent="19" />
      <mem type="loa" free="109279232" total="109279232" percent="100" />
    </mem>
    <remembered-set count="34530" />
  </mem-info>
</gc-end>
<cycle-end id="2308" type="scavenge" contextid="2302" timestamp="2020-09-11T09:56:07.634" />
<allocation-satisfied id="2309" threadId="000000000084FB00" bytesRequested="131080" />
<af-end id="2310" timestamp="2020-09-11T09:56:07.634" threadId="0000000000850480" success="true" from="nursery"/>
<exclusive-end id="2311" timestamp="2020-09-11T09:56:07.634" durationms="115.748" />

<exclusive-start id="2312" timestamp="2020-09-11T09:56:09.636" intervalms="2117.623">
  <response-info timems="0.373" idlems="0.373" threads="0" lastid="000000000086B200" lastname="Group1.Backend.CompositeBackend{Tier1}.4" />
</exclusive-start>
<af-start id="2313" threadId="000000000086BB80" totalBytesRequested="32" timestamp="2020-09-11T09:56:09.636" intervalms="2117.696" type="nursery" />
<cycle-start id="2314" type="scavenge" contextid="0" timestamp="2020-09-11T09:56:09.637" intervalms="2117.714" />
<gc-start id="2315" type="scavenge" contextid="2314" timestamp="2020-09-11T09:56:09.637">
  <mem-info id="2316" free="450502776" total="2760835072" percent="16">
    <mem type="nursery" free="0" total="939524096" percent="0">
      <mem type="allocate" free="0" total="789708800" percent="0" />
      <mem type="survivor" free="0" total="149815296" percent="0" />
    </mem>
    <mem type="tenure" free="450502776" total="1821310976" percent="24">
      <mem type="soa" free="341223544" total="1712031744" percent="19" />
      <mem type="loa" free="109279232" total="109279232" percent="100" />
    </mem>
    <remembered-set count="195902" />
  </mem-info>
</gc-start>
<allocation-stats totalBytes="664776736" >
  <allocated-bytes non-tlh="27787088" tlh="636989648" />
  <largest-consumer threadName="Group1.Backend.CompositeBackend{Tier1}.4" threadId="000000000086B200" bytes="116029752" />
</allocation-stats>
<gc-op id="2317" type="scavenge" timems="92.427" contextid="2314" timestamp="2020-09-11T09:56:09.729">
  <scavenger-info tenureage="3" tenuremask="7ff8" tiltratio="84" />
  <memory-copied type="nursery" objects="4016035" bytes="108003840" bytesdiscarded="266736" />
  <memory-copied type="tenure" objects="1091540" bytes="29349712" bytesdiscarded="28688" />
  <ownableSynchronizers candidates="11526" cleared="9142" />
  <references type="soft" candidates="1447" cleared="0" enqueued="0" dynamicThreshold="18" maxThreshold="32" />
  <references type="weak" candidates="113" cleared="113" enqueued="0" />
</gc-op>
<gc-end id="2318" type="scavenge" contextid="2314" durationms="93.350" usertimems="662.697" systemtimems="2.118" timestamp="2020-09-11T09:56:09.730" activeThreads="8">
  <mem-info id="2319" free="1104462960" total="2760835072" percent="40">
    <mem type="nursery" free="683512768" total="939524096" percent="72">
      <mem type="allocate" free="683512768" total="791871488" percent="86" />
      <mem type="survivor" free="0" total="147652608" percent="0" />
    </mem>
    <mem type="tenure" free="420950192" total="1821310976" percent="23" macro-fragmented="0">
      <mem type="soa" free="311670960" total="1712031744" percent="18" />
      <mem type="loa" free="109279232" total="109279232" percent="100" />
    </mem>
    <remembered-set count="32795" />
  </mem-info>
</gc-end>
<cycle-end id="2320" type="scavenge" contextid="2314" timestamp="2020-09-11T09:56:09.735" />
<allocation-satisfied id="2321" threadId="000000000086B200" bytesRequested="32" />
<af-end id="2322" timestamp="2020-09-11T09:56:09.735" threadId="000000000086BB80" success="true" from="nursery"/>
<exclusive-end id="2323" timestamp="2020-09-11T09:56:09.735" durationms="99.044" />

<exclusive-start id="2324" timestamp="2020-09-11T09:56:11.604" intervalms="1968.731">
  <response-info timems="0.466" idlems="0.466" threads="0" lastid="000000000084FB00" lastname="Group1.Backend.CompositeBackend{Tier1}.8" />
</exclusive-start>
<af-start id="2325" threadId="0000000000850480" totalBytesRequested="48" timestamp="2020-09-11T09:56:11.605" intervalms="1968.542" type="nursery" />
<cycle-start id="2326" type="scavenge" contextid="0" timestamp="2020-09-11T09:56:11.605" intervalms="1968.538" />
<gc-start id="2327" type="scavenge" contextid="2326" timestamp="2020-09-11T09:56:11.606">
  <mem-info id="2328" free="420950192" total="2760835072" percent="15">
    <mem type="nursery" free="0" total="939524096" percent="0">
      <mem type="allocate" free="0" total="791871488" percent="0" />
      <mem type="survivor" free="0" total="147652608" percent="0" />
    </mem>
    <mem type="tenure" free="420950192" total="1821310976" percent="23">
      <mem type="soa" free="311670960" total="1712031744" percent="18" />
      <mem type="loa" free="109279232" total="109279232" percent="100" />
    </mem>
    <remembered-set count="193778" />
  </mem-info>
</gc-start>
<allocation-stats totalBytes="683120520" >
  <allocated-bytes non-tlh="31409112" tlh="651711408" />
  <largest-consumer threadName="Group1.Backend.CompositeBackend{Tier1}.4" threadId="000000000086B200" bytes="101068856" />
</allocation-stats>
<gc-op id="2329" type="scavenge" timems="92.936" contextid="2326" timestamp="2020-09-11T09:56:11.699">
  <scavenger-info tenureage="3" tenuremask="7ff8" tiltratio="84" />
  <memory-copied type="nursery" objects="4091872" bytes="109702896" bytesdiscarded="189592" />
  <memory-copied type="tenure" objects="1110272" bytes="29976648" bytesdiscarded="21288" />
  <ownableSynchronizers candidates="11230" cleared="8888" />
  <references type="soft" candidates="1388" cleared="0" enqueued="0" dynamicThreshold="18" maxThreshold="32" />
  <references type="weak" candidates="127" cleared="127" enqueued="0" />
</gc-op>
<gc-end id="2330" type="scavenge" contextid="2326" durationms="93.955" usertimems="675.256" systemtimems="6.386" timestamp="2020-09-11T09:56:11.700" activeThreads="8">
  <mem-info id="2331" free="1077518056" total="2760835072" percent="39">
    <mem type="nursery" free="686406656" total="939524096" percent="73">
      <mem type="allocate" free="686406656" total="796393472" percent="86" />
      <mem type="survivor" free="0" total="143130624" percent="0" />
    </mem>
    <mem type="tenure" free="391111400" total="1821310976" percent="21" macro-fragmented="0">
      <mem type="soa" free="281832168" total="1712031744" percent="16" />
      <mem type="loa" free="109279232" total="109279232" percent="100" />
    </mem>
    <remembered-set count="30817" />
  </mem-info>
</gc-end>
<cycle-end id="2332" type="scavenge" contextid="2326" timestamp="2020-09-11T09:56:11.701" />
<allocation-satisfied id="2333" threadId="000000000084FB00" bytesRequested="48" />
<af-end id="2334" timestamp="2020-09-11T09:56:11.701" threadId="0000000000850480" success="true" from="nursery"/>
<exclusive-end id="2335" timestamp="2020-09-11T09:56:11.701" durationms="96.731" />

<exclusive-start id="2336" timestamp="2020-09-11T09:56:13.599" intervalms="1994.431">
  <response-info timems="0.424" idlems="0.424" threads="0" lastid="000000000087A000" lastname="Group1.Backend.CompositeBackend{Tier1}.5" />
</exclusive-start>
<af-start id="2337" threadId="000000000087A980" totalBytesRequested="40" timestamp="2020-09-11T09:56:13.600" intervalms="1994.503" type="nursery" />
<cycle-start id="2338" type="scavenge" contextid="0" timestamp="2020-09-11T09:56:13.600" intervalms="1994.494" />
<gc-start id="2339" type="scavenge" contextid="2338" timestamp="2020-09-11T09:56:13.600">
  <mem-info id="2340" free="391111400" total="2760835072" percent="14">
    <mem type="nursery" free="0" total="939524096" percent="0">
      <mem type="allocate" free="0" total="796393472" percent="0" />
      <mem type="survivor" free="0" total="143130624" percent="0" />
    </mem>
    <mem type="tenure" free="391111400" total="1821310976" percent="21">
      <mem type="soa" free="281832168" total="1712031744" percent="16" />
      <mem type="loa" free="109279232" total="109279232" percent="100" />
    </mem>
    <remembered-set count="189086" />
  </mem-info>
</gc-start>
<allocation-stats totalBytes="686026160" >
  <allocated-bytes non-tlh="36809952" tlh="649216208" />
  <largest-consumer threadName="Group1.Backend.CompositeBackend{Tier1}.1" threadId="000000000078AB00" bytes="89652784" />
</allocation-stats>
<gc-op id="2341" type="scavenge" timems="101.925" contextid="2338" timestamp="2020-09-11T09:56:13.702">
  <scavenger-info tenureage="3" tenuremask="7ff8" tiltratio="84" />
  <memory-copied type="nursery" objects="4436183" bytes="117097416" bytesdiscarded="191520" />
  <memory-copied type="tenure" objects="1076415" bytes="28927712" bytesdiscarded="35920" />
  <ownableSynchronizers candidates="10840" cleared="8620" />
  <references type="soft" candidates="1378" cleared="0" enqueued="0" dynamicThreshold="18" maxThreshold="32" />
  <references type="weak" candidates="122" cleared="122" enqueued="0" />
</gc-op>
<gc-end id="2342" type="scavenge" contextid="2338" durationms="102.984" usertimems="738.825" systemtimems="4.399" timestamp="2020-09-11T09:56:13.703" activeThreads="8">
  <mem-info id="2343" free="1041863736" total="2760835072" percent="37">
    <mem type="nursery" free="679735280" total="939524096" percent="72">
      <mem type="allocate" free="679735280" total="797114368" percent="85" />
      <mem type="survivor" free="0" total="142409728" percent="0" />
    </mem>
    <mem type="tenure" free="362128456" total="1821310976" percent="19" macro-fragmented="0">
      <mem type="soa" free="252849224" total="1712031744" percent="14" />
      <mem type="loa" free="109279232" total="109279232" percent="100" />
    </mem>
    <remembered-set count="28488" />
  </mem-info>
</gc-end>
<cycle-end id="2344" type="scavenge" contextid="2338" timestamp="2020-09-11T09:56:13.706" />
<allocation-satisfied id="2345" threadId="000000000087A000" bytesRequested="40" />
<af-end id="2346" timestamp="2020-09-11T09:56:13.706" threadId="000000000087A980" success="true" from="nursery"/>
<exclusive-end id="2347" timestamp="2020-09-11T09:56:13.706" durationms="106.773" />

<exclusive-start id="2348" timestamp="2020-09-11T09:56:15.737" intervalms="2138.425">
  <response-info timems="0.686" idlems="0.686" threads="0" lastid="000000000078AB00" lastname="Group1.Backend.CompositeBackend{Tier1}.1" />
</exclusive-start>
<af-start id="2349" threadId="000000000078B480" totalBytesRequested="120" timestamp="2020-09-11T09:56:15.738" intervalms="2138.485" type="nursery" />
<cycle-start id="2350" type="scavenge" contextid="0" timestamp="2020-09-11T09:56:15.738" intervalms="2138.488" />
<gc-start id="2351" type="scavenge" contextid="2350" timestamp="2020-09-11T09:56:15.739">
  <mem-info id="2352" free="362128456" total="2760835072" percent="13">
    <mem type="nursery" free="0" total="939524096" percent="0">
      <mem type="allocate" free="0" total="797114368" percent="0" />
      <mem type="survivor" free="0" total="142409728" percent="0" />
    </mem>
    <mem type="tenure" free="362128456" total="1821310976" percent="19">
      <mem type="soa" free="252849224" total="1712031744" percent="14" />
      <mem type="loa" free="109279232" total="109279232" percent="100" />
    </mem>
    <remembered-set count="191761" />
  </mem-info>
</gc-start>
<allocation-stats totalBytes="679339592" >
  <allocated-bytes non-tlh="26470008" tlh="652869584" />
  <largest-consumer threadName="Group1.Backend.CompositeBackend{Tier1}.2" threadId="00000000007C9200" bytes="100634736" />
</allocation-stats>
<gc-op id="2353" type="scavenge" timems="82.692" contextid="2350" timestamp="2020-09-11T09:56:15.821">
  <scavenger-info tenureage="3" tenuremask="7ff8" tiltratio="84" />
  <memory-copied type="nursery" objects="3979000" bytes="106925752" bytesdiscarded="244352" />
  <memory-copied type="tenure" objects="1098676" bytes="29567712" bytesdiscarded="51200" />
  <ownableSynchronizers candidates="11772" cleared="9488" />
  <references type="soft" candidates="1386" cleared="0" enqueued="0" dynamicThreshold="18" maxThreshold="32" />
  <references type="weak" candidates="127" cleared="127" enqueued="0" />
</gc-op>
<gc-end id="2354" type="scavenge" contextid="2350" durationms="83.577" usertimems="630.372" systemtimems="0.000" timestamp="2020-09-11T09:56:15.822" activeThreads="8">
  <mem-info id="2355" free="1024722984" total="2760835072" percent="37">
    <mem type="nursery" free="692153856" total="939524096" percent="73">
      <mem type="allocate" free="692153856" total="799408128" percent="86" />
      <mem type="survivor" free="0" total="140115968" percent="0" />
    </mem>
    <mem type="tenure" free="332569128" total="1821310976" percent="18" macro-fragmented="0">
      <mem type="soa" free="223289896" total="1712031744" percent="13" />
      <mem type="loa" free="109279232" total="109279232" percent="100" />
    </mem>
    <remembered-set count="29204" />
  </mem-info>
</gc-end>
<cycle-end id="2356" type="scavenge" contextid="2350" timestamp="2020-09-11T09:56:15.824" />
<allocation-satisfied id="2357" threadId="000000000078AB00" bytesRequested="120" />
<af-end id="2358" timestamp="2020-09-11T09:56:15.824" threadId="000000000078B480" success="true" from="nursery"/>
<exclusive-end id="2359" timestamp="2020-09-11T09:56:15.825" durationms="87.262" />

<exclusive-start id="2360" timestamp="2020-09-11T09:56:17.828" intervalms="2090.422">
  <response-info timems="0.733" idlems="0.733" threads="0" lastid="000000000078AB00" lastname="Group1.Backend.CompositeBackend{Tier1}.1" />
</exclusive-start>
<af-start id="2361" threadId="000000000078B480" totalBytesRequested="16" timestamp="2020-09-11T09:56:17.829" intervalms="2090.504" type="nursery" />
<cycle-start id="2362" type="scavenge" contextid="0" timestamp="2020-09-11T09:56:17.829" intervalms="2090.544" />
<gc-start id="2363" type="scavenge" contextid="2362" timestamp="2020-09-11T09:56:17.829">
  <mem-info id="2364" free="332569128" total="2760835072" percent="12">
    <mem type="nursery" free="0" total="939524096" percent="0">
      <mem type="allocate" free="0" total="799408128" percent="0" />
      <mem type="survivor" free="0" total="140115968" percent="0" />
    </mem>
    <mem type="tenure" free="332569128" total="1821310976" percent="18">
      <mem type="soa" free="223289896" total="1712031744" percent="13" />
      <mem type="loa" free="109279232" total="109279232" percent="100" />
    </mem>
    <remembered-set count="191648" />
  </mem-info>
</gc-start>
<allocation-stats totalBytes="691786848" >
  <allocated-bytes non-tlh="34281384" tlh="657505464" />
  <largest-consumer threadName="Group1.Backend.CompositeBackend{Tier1}.1" threadId="000000000078AB00" bytes="109578392" />
</allocation-stats>
<gc-op id="2365" type="scavenge" timems="107.229" contextid="2362" timestamp="2020-09-11T09:56:17.937">
  <scavenger-info tenureage="3" tenuremask="7ff8" tiltratio="85" />
  <memory-copied type="nursery" objects="4405445" bytes="116713976" bytesdiscarded="159312" />
  <memory-copied type="tenure" objects="1090313" bytes="29363272" bytesdiscarded="54744" />
  <ownableSynchronizers candidates="9368" cleared="7220" />
  <references type="soft" candidates="1315" cleared="0" enqueued="0" dynamicThreshold="18" maxThreshold="32" />
  <references type="weak" candidates="113" cleared="113" enqueued="0" />
</gc-op>
<gc-end id="2366" type="scavenge" contextid="2362" durationms="108.475" usertimems="821.505" systemtimems="4.888" timestamp="2020-09-11T09:56:17.938" activeThreads="8">
  <mem-info id="2367" free="984241040" total="2760835072" percent="35">
    <mem type="nursery" free="681138456" total="939524096" percent="72">
      <mem type="allocate" free="681138456" total="798097408" percent="85" />
      <mem type="survivor" free="0" total="141426688" percent="0" />
    </mem>
    <mem type="tenure" free="303102584" total="1821310976" percent="16" macro-fragmented="0">
      <mem type="soa" free="193823352" total="1712031744" percent="11" />
      <mem type="loa" free="109279232" total="109279232" percent="100" />
    </mem>
    <remembered-set count="31452" />
  </mem-info>
</gc-end>
<cycle-end id="2368" type="scavenge" contextid="2362" timestamp="2020-09-11T09:56:17.940" />
<allocation-satisfied id="2369" threadId="000000000078AB00" bytesRequested="16" />
<af-end id="2370" timestamp="2020-09-11T09:56:17.940" threadId="000000000078B480" success="true" from="nursery"/>
<exclusive-end id="2371" timestamp="2020-09-11T09:56:17.940" durationms="112.344" />

<exclusive-start id="2372" timestamp="2020-09-11T09:56:19.798" intervalms="1970.096">
  <response-info timems="0.459" idlems="0.459" threads="0" lastid="000000000087A000" lastname="Group1.Backend.CompositeBackend{Tier1}.5" />
</exclusive-start>
<af-start id="2373" threadId="000000000087A980" totalBytesRequested="24" timestamp="2020-09-11T09:56:19.798" intervalms="1969.909" type="nursery" />
<cycle-start id="2374" type="scavenge" contextid="0" timestamp="2020-09-11T09:56:19.799" intervalms="1969.869" />
<gc-start id="2375" type="scavenge" contextid="2374" timestamp="2020-09-11T09:56:19.799">
  <mem-info id="2376" free="303102584" total="2760835072" percent="10">
    <mem type="nursery" free="0" total="939524096" percent="0">
      <mem type="allocate" free="0" total="798097408" percent="0" />
      <mem type="survivor" free="0" total="141426688" percent="0" />
    </mem>
    <mem type="tenure" free="303102584" total="1821310976" percent="16">
      <mem type="soa" free="193823352" total="1712031744" percent="11" />
      <mem type="loa" free="109279232" total="109279232" percent="100" />
    </mem>
    <remembered-set count="193056" />
  </mem-info>
</gc-start>
<allocation-stats totalBytes="680752832" >
  <allocated-bytes non-tlh="34321416" tlh="646431416" />
  <largest-consumer threadName="Group1.Backend.CompositeBackend{Tier1}.8" threadId="000000000084FB00" bytes="115599832" />
</allocation-stats>
<gc-op id="2377" type="scavenge" timems="88.396" contextid="2374" timestamp="2020-09-11T09:56:19.888">
  <scavenger-info tenureage="3" tenuremask="7ff8" tiltratio="84" />
  <memory-copied type="nursery" objects="4029771" bytes="108227824" bytesdiscarded="199976" />
  <memory-copied type="tenure" objects="1050824" bytes="28264072" bytesdiscarded="52080" />
  <ownableSynchronizers candidates="9257" cleared="7254" />
  <references type="soft" candidates="1257" cleared="0" enqueued="0" dynamicThreshold="18" maxThreshold="32" />
  <references type="weak" candidates="112" cleared="112" enqueued="0" />
</gc-op>
<gc-end id="2378" type="scavenge" contextid="2374" durationms="89.337" usertimems="700.998" systemtimems="2.011" timestamp="2020-09-11T09:56:19.888" activeThreads="8">
  <mem-info id="2379" free="966587960" total="2760835072" percent="35">
    <mem type="nursery" free="691747840" total="939524096" percent="73">
      <mem type="allocate" free="691747840" total="800260096" percent="86" />
      <mem type="survivor" free="0" total="139264000" percent="0" />
    </mem>
    <mem type="tenure" free="274840120" total="1821310976" percent="15" macro-fragmented="0">
      <mem type="soa" free="165560888" total="1712031744" percent="9" />
      <mem type="loa" free="109279232" total="109279232" percent="100" />
    </mem>
    <remembered-set count="31723" />
  </mem-info>
</gc-end>
<cycle-end id="2380" type="scavenge" contextid="2374" timestamp="2020-09-11T09:56:19.890" />
<allocation-satisfied id="2381" threadId="000000000087A000" bytesRequested="24" />
<af-end id="2382" timestamp="2020-09-11T09:56:19.890" threadId="000000000087A980" success="true" from="nursery"/>
<exclusive-end id="2383" timestamp="2020-09-11T09:56:19.890" durationms="91.899" />

<exclusive-start id="2384" timestamp="2020-09-11T09:56:21.912" intervalms="2114.434">
  <response-info timems="0.348" idlems="0.129" threads="2" lastid="000000000078AB00" lastname="Group1.Backend.CompositeBackend{Tier1}.1" />
</exclusive-start>
<af-start id="2385" threadId="0000000000850480" totalBytesRequested="664" timestamp="2020-09-11T09:56:21.913" intervalms="2114.576" type="nursery" />
<cycle-start id="2386" type="scavenge" contextid="0" timestamp="2020-09-11T09:56:21.913" intervalms="2114.574" />
<gc-start id="2387" type="scavenge" contextid="2386" timestamp="2020-09-11T09:56:21.913">
  <mem-info id="2388" free="274840120" total="2760835072" percent="9">
    <mem type="nursery" free="0" total="939524096" percent="0">
      <mem type="allocate" free="0" total="800260096" percent="0" />
      <mem type="survivor" free="0" total="139264000" percent="0" />
    </mem>
    <mem type="tenure" free="274840120" total="1821310976" percent="15">
      <mem type="soa" free="165560888" total="1712031744" percent="9" />
      <mem type="loa" free="109279232" total="109279232" percent="100" />
    </mem>
    <remembered-set count="196004" />
  </mem-info>
</gc-start>
<allocation-stats totalBytes="691374296" >
  <allocated-bytes non-tlh="32670768" tlh="658703528" />
  <largest-consumer threadName="Group1.Backend.CompositeBackend{Tier1}.4" threadId="000000000086B200" bytes="118344792" />
</allocation-stats>
<gc-op id="2389" type="scavenge" timems="117.163" contextid="2386" timestamp="2020-09-11T09:56:22.031">
  <scavenger-info tenureage="3" tenuremask="7ff8" tiltratio="85" />
  <memory-copied type="nursery" objects="4191385" bytes="111759032" bytesdiscarded="228616" />
  <memory-copied type="tenure" objects="1112841" bytes="29957872" bytesdiscarded="46904" />
  <ownableSynchronizers candidates="9417" cleared="7526" />
  <references type="soft" candidates="1167" cleared="0" enqueued="0" dynamicThreshold="18" maxThreshold="32" />
  <references type="weak" candidates="103" cleared="103" enqueued="0" />
</gc-op>
<gc-end id="2390" type="scavenge" contextid="2386" durationms="119.011" usertimems="918.433" systemtimems="8.895" timestamp="2020-09-11T09:56:22.032" activeThreads="8">
  <mem-info id="2391" free="934920032" total="2760835072" percent="33">
    <mem type="nursery" free="690216952" total="939524096" percent="73">
      <mem type="allocate" free="690216952" total="802291712" percent="86" />
      <mem type="survivor" free="0" total="137232384" percent="0" />
    </mem>
    <mem type="tenure" free="244703080" total="1821310976" percent="13" macro-fragmented="0">
      <mem type="soa" free="135423848" total="1712031744" percent="7" />
      <mem type="loa" free="109279232" total="109279232" percent="100" />
    </mem>
    <remembered-set count="33725" />
  </mem-info>
</gc-end>
<cycle-end id="2392" type="scavenge" contextid="2386" timestamp="2020-09-11T09:56:22.034" />
<allocation-satisfied id="2393" threadId="000000000084FB00" bytesRequested="664" />
<af-end id="2394" timestamp="2020-09-11T09:56:22.034" threadId="0000000000850480" success="true" from="nursery"/>
<exclusive-end id="2395" timestamp="2020-09-11T09:56:22.034" durationms="121.689" />

<exclusive-start id="2396" timestamp="2020-09-11T09:56:24.024" intervalms="2111.381">
  <response-info timems="1.324" idlems="0.452" threads="2" lastid="000000000084FB00" lastname="Group1.Backend.CompositeBackend{Tier1}.8" />
</exclusive-start>
<af-start id="2397" threadId="00000000007C9B80" totalBytesRequested="24" timestamp="2020-09-11T09:56:24.025" intervalms="2111.990" type="nursery" />
<cycle-start id="2398" type="scavenge" contextid="0" timestamp="2020-09-11T09:56:24.025" intervalms="2112.135" />
<gc-start id="2399" type="scavenge" contextid="2398" timestamp="2020-09-11T09:56:24.026">
  <mem-info id="2400" free="244703080" total="2760835072" percent="8">
    <mem type="nursery" free="0" total="939524096" percent="0">
      <mem type="allocate" free="0" total="802291712" percent="0" />
      <mem type="survivor" free="0" total="137232384" percent="0" />
    </mem>
    <mem type="tenure" free="244703080" total="1821310976" percent="13">
      <mem type="soa" free="135423848" total="1712031744" percent="7" />
      <mem type="loa" free="109279232" total="109279232" percent="100" />
    </mem>
    <remembered-set count="198685" />
  </mem-info>
</gc-start>
<allocation-stats totalBytes="689856336" >
  <allocated-bytes non-tlh="28380648" tlh="661475688" />
  <largest-consumer threadName="Group1.Backend.CompositeBackend{Tier1}.4" threadId="000000000086B200" bytes="126844328" />
</allocation-stats>
<gc-op id="2401" type="scavenge" timems="107.375" contextid="2398" timestamp="2020-09-11T09:56:24.133">
  <scavenger-info tenureage="3" tenuremask="7ff8" tiltratio="85" />
  <memory-copied type="nursery" objects="4089467" bytes="109763144" bytesdiscarded="178664" />
  <memory-copied type="tenure" objects="1093679" bytes="29403160" bytesdiscarded="66464" />
  <ownableSynchronizers candidates="10665" cleared="8852" />
  <references type="soft" candidates="1234" cleared="0" enqueued="0" dynamicThreshold="18" maxThreshold="32" />
  <references type="weak" candidates="109" cleared="108" enqueued="0" />
</gc-op>
<gc-end id="2402" type="scavenge" contextid="2398" durationms="108.722" usertimems="757.990" systemtimems="7.077" timestamp="2020-09-11T09:56:24.134" activeThreads="8">
  <mem-info id="2403" free="910039816" total="2760835072" percent="32">
    <mem type="nursery" free="694681344" total="939524096" percent="73">
      <mem type="allocate" free="694681344" total="804716544" percent="86" />
      <mem type="survivor" free="0" total="134807552" percent="0" />
    </mem>
    <mem type="tenure" free="215358472" total="1821310976" percent="11" macro-fragmented="0">
      <mem type="soa" free="106079240" total="1712031744" percent="6" />
      <mem type="loa" free="109279232" total="109279232" percent="100" />
    </mem>
    <remembered-set count="33667" />
  </mem-info>
</gc-end>
<cycle-end id="2404" type="scavenge" contextid="2398" timestamp="2020-09-11T09:56:24.136" />
<allocation-satisfied id="2405" threadId="00000000007C9200" bytesRequested="24" />
<af-end id="2406" timestamp="2020-09-11T09:56:24.136" threadId="00000000007C9B80" success="true" from="nursery"/>
<exclusive-end id="2407" timestamp="2020-09-11T09:56:24.136" durationms="112.745" />

<exclusive-start id="2408" timestamp="2020-09-11T09:56:26.186" intervalms="2162.646">
  <response-info timems="0.621" idlems="0.621" threads="0" lastid="000000000088D900" lastname="Group1.Backend.CompositeBackend{Tier1}.6" />
</exclusive-start>
<af-start id="2409" threadId="000000000088E280" totalBytesRequested="24" timestamp="2020-09-11T09:56:26.187" intervalms="2162.008" type="nursery" />
<cycle-start id="2410" type="scavenge" contextid="0" timestamp="2020-09-11T09:56:26.187" intervalms="2161.883" />
<gc-start id="2411" type="scavenge" contextid="2410" timestamp="2020-09-11T09:56:26.188">
  <mem-info id="2412" free="215358472" total="2760835072" percent="7">
    <mem type="nursery" free="0" total="939524096" percent="0">
      <mem type="allocate" free="0" total="804716544" percent="0" />
      <mem type="survivor" free="0" total="134807552" percent="0" />
    </mem>
    <mem type="tenure" free="215358472" total="1821310976" percent="11">
      <mem type="soa" free="106079240" total="1712031744" percent="6" />
      <mem type="loa" free="109279232" total="109279232" percent="100" />
    </mem>
    <remembered-set count="199123" />
  </mem-info>
</gc-start>
<allocation-stats totalBytes="694331800" >
  <allocated-bytes non-tlh="27920648" tlh="666411152" />
  <largest-consumer threadName="Group1.Backend.CompositeBackend{Tier1}.6" threadId="000000000088D900" bytes="107819064" />
</allocation-stats>
<gc-op id="2413" type="scavenge" timems="95.878" contextid="2410" timestamp="2020-09-11T09:56:26.284">
  <scavenger-info tenureage="3" tenuremask="7ff8" tiltratio="85" />
  <memory-copied type="nursery" objects="4146234" bytes="111269520" bytesdiscarded="114816" />
  <memory-copied type="tenure" objects="1065889" bytes="28651816" bytesdiscarded="64864" />
  <ownableSynchronizers candidates="8891" cleared="7104" />
  <references type="soft" candidates="1241" cleared="0" enqueued="0" dynamicThreshold="18" maxThreshold="32" />
  <references type="weak" candidates="102" cleared="102" enqueued="0" />
</gc-op>
<gc-end id="2414" type="scavenge" contextid="2410" durationms="97.021" usertimems="683.463" systemtimems="3.152" timestamp="2020-09-11T09:56:26.285" activeThreads="8">
  <mem-info id="2415" free="881512840" total="2760835072" percent="31">
    <mem type="nursery" free="694886656" total="939524096" percent="73">
      <mem type="allocate" free="694886656" total="806354944" percent="86" />
      <mem type="survivor" free="0" total="133169152" percent="0" />
    </mem>
    <mem type="tenure" free="186626184" total="1821310976" percent="10" macro-fragmented="0">
      <mem type="soa" free="77346952" total="1712031744" percent="4" />
      <mem type="loa" free="109279232" total="109279232" percent="100" />
    </mem>
    <remembered-set count="33000" />
  </mem-info>
</gc-end>
<cycle-end id="2416" type="scavenge" contextid="2410" timestamp="2020-09-11T09:56:26.287" />
<allocation-satisfied id="2417" threadId="000000000088D900" bytesRequested="24" />
<af-end id="2418" timestamp="2020-09-11T09:56:26.287" threadId="000000000088E280" success="true" from="nursery"/>
<exclusive-end id="2419" timestamp="2020-09-11T09:56:26.287" durationms="100.986" />

<exclusive-start id="2420" timestamp="2020-09-11T09:56:28.204" intervalms="2017.801">
  <response-info timems="0.373" idlems="0.189" threads="1" lastid="000000000086B200" lastname="Group1.Backend.CompositeBackend{Tier1}.4" />
</exclusive-start>
<af-start id="2421" threadId="000000000088E280" totalBytesRequested="16" timestamp="2020-09-11T09:56:28.205" intervalms="2017.661" type="nursery" />
<cycle-start id="2422" type="scavenge" contextid="0" timestamp="2020-09-11T09:56:28.205" intervalms="2017.651" />
<gc-start id="2423" type="scavenge" contextid="2422" timestamp="2020-09-11T09:56:28.205">
  <mem-info id="2424" free="186626184" total="2760835072" percent="6">
    <mem type="nursery" free="0" total="939524096" percent="0">
      <mem type="allocate" free="0" total="806354944" percent="0" />
      <mem type="survivor" free="0" total="133169152" percent="0" />
    </mem>
    <mem type="tenure" free="186626184" total="1821310976" percent="10">
      <mem type="soa" free="77346952" total="1712031744" percent="4" />
      <mem type="loa" free="109279232" total="109279232" percent="100" />
    </mem>
    <remembered-set count="191930" />
  </mem-info>
</gc-start>
<allocation-stats totalBytes="694553760" >
  <allocated-bytes non-tlh="39580840" tlh="654972920" />
  <largest-consumer threadName="Group1.Backend.CompositeBackend{Tier1}.5" threadId="000000000087A000" bytes="114730920" />
</allocation-stats>
<gc-op id="2425" type="scavenge" timems="97.735" contextid="2422" timestamp="2020-09-11T09:56:28.303">
  <scavenger-info tenureage="3" tenuremask="7ff8" tiltratio="85" />
  <memory-copied type="nursery" objects="4126786" bytes="111232384" bytesdiscarded="362440" />
  <memory-copied type="tenure" objects="1088947" bytes="29267224" bytesdiscarded="69416" />
  <ownableSynchronizers candidates="9898" cleared="8076" />
  <references type="soft" candidates="1251" cleared="0" enqueued="0" dynamicThreshold="18" maxThreshold="32" />
  <references type="weak" candidates="117" cleared="117" enqueued="0" />
</gc-op>
<gc-end id="2426" type="scavenge" contextid="2422" durationms="98.720" usertimems="695.260" systemtimems="0.000" timestamp="2020-09-11T09:56:28.304" activeThreads="8">
  <mem-info id="2427" free="853676392" total="2760835072" percent="30">
    <mem type="nursery" free="696382712" total="939524096" percent="74">
      <mem type="allocate" free="696382712" total="808058880" percent="86" />
      <mem type="survivor" free="0" total="131465216" percent="0" />
    </mem>
    <mem type="tenure" free="157293680" total="1821310976" percent="8" macro-fragmented="0">
      <mem type="soa" free="48014448" total="1712031744" percent="2" />
      <mem type="loa" free="109279232" total="109279232" percent="100" />
    </mem>
    <remembered-set count="30380" />
  </mem-info>
</gc-end>
<cycle-end id="2428" type="scavenge" contextid="2422" timestamp="2020-09-11T09:56:28.307" />
<allocation-satisfied id="2429" threadId="000000000088D900" bytesRequested="16" />
<af-end id="2430" timestamp="2020-09-11T09:56:28.307" threadId="000000000088E280" success="true" from="nursery"/>
<exclusive-end id="2431" timestamp="2020-09-11T09:56:28.307" durationms="102.856" />

<exclusive-start id="2432" timestamp="2020-09-11T09:56:30.355" intervalms="2151.100">
  <response-info timems="0.652" idlems="0.652" threads="0" lastid="000000000089C800" lastname="Group1.Backend.CompositeBackend{Tier1}.7" />
</exclusive-start>
<af-start id="2433" threadId="000000000089D180" totalBytesRequested="524296" timestamp="2020-09-11T09:56:30.356" intervalms="2151.191" type="nursery" />
<cycle-start id="2434" type="scavenge" contextid="0" timestamp="2020-09-11T09:56:30.356" intervalms="2151.173" />
<gc-start id="2435" type="scavenge" contextid="2434" timestamp="2020-09-11T09:56:30.357">
  <mem-info id="2436" free="157293680" total="2760835072" percent="5">
    <mem type="nursery" free="0" total="939524096" percent="0">
      <mem type="allocate" free="0" total="808058880" percent="0" />
      <mem type="survivor" free="0" total="131465216" percent="0" />
    </mem>
    <mem type="tenure" free="157293680" total="1821310976" percent="8">
      <mem type="soa" free="48014448" total="1712031744" percent="2" />
      <mem type="loa" free="109279232" total="109279232" percent="100" />
    </mem>
    <remembered-set count="195257" />
  </mem-info>
</gc-start>
<allocation-stats totalBytes="696040728" >
  <allocated-bytes non-tlh="32751400" tlh="663289328" />
  <largest-consumer threadName="Group1.Backend.CompositeBackend{Tier1}.5" threadId="000000000087A000" bytes="109764080" />
</allocation-stats>
<gc-op id="2437" type="scavenge" timems="93.204" contextid="2434" timestamp="2020-09-11T09:56:30.450">
  <scavenger-info tenureage="3" tenuremask="7ff8" tiltratio="86" />
  <memory-copied type="nursery" objects="4307842" bytes="115505344" bytesdiscarded="264448" />
  <memory-copied type="tenure" objects="1110028" bytes="29861072" bytesdiscarded="92424" />
  <ownableSynchronizers candidates="7792" cleared="6052" />
  <references type="soft" candidates="1136" cleared="0" enqueued="0" dynamicThreshold="18" maxThreshold="32" />
  <references type="weak" candidates="107" cleared="107" enqueued="0" />
</gc-op>
<gc-end id="2438" type="scavenge" contextid="2434" durationms="94.137" usertimems="700.212" systemtimems="1.056" timestamp="2020-09-11T09:56:30.451" activeThreads="8">
  <mem-info id="2439" free="817434264" total="2760835072" percent="29">
    <mem type="nursery" free="690038504" total="939524096" percent="73">
      <mem type="allocate" free="690038504" total="805896192" percent="85" />
      <mem type="survivor" free="0" total="133627904" percent="0" />
    </mem>
    <mem type="tenure" free="127395760" total="1821310976" percent="6" macro-fragmented="0">
      <mem type="soa" free="18116528" total="1712031744" percent="1" />
      <mem type="loa" free="109279232" total="109279232" percent="100" />
    </mem>
    <remembered-set count="31297" />
  </mem-info>
</gc-end>
<cycle-end id="2440" type="scavenge" contextid="2434" timestamp="2020-09-11T09:56:30.452" />
<allocation-satisfied id="2441" threadId="000000000089C800" bytesRequested="524296" />
<af-end id="2442" timestamp="2020-09-11T09:56:30.452" threadId="000000000089D180" success="true" from="nursery"/>
<exclusive-end id="2443" timestamp="2020-09-11T09:56:30.452" durationms="96.659" />

<exclusive-start id="2444" timestamp="2020-09-11T09:56:32.485" intervalms="2129.907">
  <response-info timems="0.353" idlems="0.353" threads="0" lastid="000000000088D900" lastname="Group1.Backend.CompositeBackend{Tier1}.6" />
</exclusive-start>
<af-start id="2445" threadId="000000000088E280" totalBytesRequested="664" timestamp="2020-09-11T09:56:32.486" intervalms="2129.791" type="nursery" />
<percolate-collect id="2446" from="nursery" to="global" reason="prevent tenure expand" timestamp="2020-09-11T09:56:32.486"/>
<cycle-start id="2447" type="global" contextid="0" timestamp="2020-09-11T09:56:32.486" intervalms="66879.160" />
<gc-start id="2448" type="global" contextid="2447" timestamp="2020-09-11T09:56:32.486">
  <mem-info id="2449" free="127395760" total="2760835072" percent="4">
    <mem type="nursery" free="0" total="939524096" percent="0">
      <mem type="allocate" free="0" total="805896192" percent="0" />
      <mem type="survivor" free="0" total="133627904" percent="0" />
    </mem>
    <mem type="tenure" free="127395760" total="1821310976" percent="6">
      <mem type="soa" free="18116528" total="1712031744" percent="1" />
      <mem type="loa" free="109279232" total="109279232" percent="100" />
    </mem>
    <remembered-set count="197363" />
  </mem-info>
</gc-start>
<allocation-stats totalBytes="689716664" >
  <allocated-bytes non-tlh="29772064" tlh="659944600" />
  <largest-consumer threadName="Group1.Backend.CompositeBackend{Tier1}.4" threadId="000000000086B200" bytes="112830536" />
</allocation-stats>
<gc-op id="2450" type="mark" timems="496.298" contextid="2447" timestamp="2020-09-11T09:56:32.982">
  <trace-info objectcount="30706365" scancount="29727802" scanbytes="812323396" />
  <finalization candidates="145" enqueued="0" />
  <ownableSynchronizers candidates="582946" cleared="11378" />
  <references type="soft" candidates="691071" cleared="0" enqueued="0" dynamicThreshold="18" maxThreshold="32" />
  <references type="weak" candidates="4386" cleared="99" enqueued="0" />
  <references type="phantom" candidates="107" cleared="0" enqueued="0" />
  <stringconstants candidates="11148" cleared="5"  />
</gc-op>
<gc-op id="2451" type="classunload" timems="1.973" contextid="2447" timestamp="2020-09-11T09:56:32.985">
  <classunload-info classloadercandidates="181" classloadersunloaded="4" classesunloaded="4" anonymousclassesunloaded="0" quiescems="0.000" setupms="1.915" scanms="0.045" postms="0.013" />
</gc-op>
<gc-op id="2452" type="sweep" timems="9.507" contextid="2447" timestamp="2020-09-11T09:56:32.994" />
<gc-end id="2453" type="global" contextid="2447" durationms="508.948" usertimems="3914.339" systemtimems="0.000" timestamp="2020-09-11T09:56:32.995" activeThreads="8">
  <mem-info id="2454" free="1652309352" total="2760835072" percent="59">
    <mem type="nursery" free="594535976" total="939524096" percent="63">
      <mem type="allocate" free="594535976" total="805896192" percent="73" />
      <mem type="survivor" free="0" total="133627904" percent="0" />
    </mem>
    <mem type="tenure" free="1057773376" total="1821310976" percent="58" micro-fragmented="30767482" macro-fragmented="0">
      <mem type="soa" free="948494144" total="1712031744" percent="55" />
      <mem type="loa" free="109279232" total="109279232" percent="100" />
    </mem>
    <remembered-set count="190967" />
  </mem-info>
</gc-end>
<cycle-end id="2455" type="global" contextid="2447" timestamp="2020-09-11T09:56:32.997" />
<allocation-satisfied id="2456" threadId="000000000088D900" bytesRequested="664" />
<af-end id="2457" timestamp="2020-09-11T09:56:32.997" threadId="000000000088E280" success="true" from="nursery"/>
<exclusive-end id="2458" timestamp="2020-09-11T09:56:32.997" durationms="511.973" />

<exclusive-start id="2459" timestamp="2020-09-11T09:56:34.041" intervalms="1555.870">
  <response-info timems="0.767" idlems="0.767" threads="0" lastid="000000000086B200" lastname="Group1.Backend.CompositeBackend{Tier1}.4" />
</exclusive-start>
<af-start id="2460" threadId="000000000086BB80" totalBytesRequested="267424" timestamp="2020-09-11T09:56:34.042" intervalms="1555.947" type="nursery" />
<cycle-start id="2461" type="scavenge" contextid="0" timestamp="2020-09-11T09:56:34.042" intervalms="3685.738" />
<gc-start id="2462" type="scavenge" contextid="2461" timestamp="2020-09-11T09:56:34.042">
  <mem-info id="2463" free="1132708024" total="2760835072" percent="41">
    <mem type="nursery" free="74936208" total="939524096" percent="7">
      <mem type="allocate" free="74936208" total="805896192" percent="9" />
      <mem type="survivor" free="0" total="133627904" percent="0" />
    </mem>
    <mem type="tenure" free="1057771816" total="1821310976" percent="58">
      <mem type="soa" free="948492584" total="1712031744" percent="55" />
      <mem type="loa" free="109279232" total="109279232" percent="100" />
    </mem>
    <remembered-set count="238107" />
  </mem-info>
</gc-start>
<allocation-stats totalBytes="517638976" >
  <allocated-bytes non-tlh="33108040" tlh="484530936" />
  <largest-consumer threadName="Group1.Backend.CompositeBackend{Tier1}.4" threadId="000000000086B200" bytes="82620232" />
</allocation-stats>
<gc-op id="2464" type="scavenge" timems="122.116" contextid="2461" timestamp="2020-09-11T09:56:34.164">
  <scavenger-info tenureage="3" tenuremask="7ff8" tiltratio="85" />
  <memory-copied type="nursery" objects="4956438" bytes="133445320" bytesdiscarded="46512" />
  <memory-copied type="tenure" objects="1216417" bytes="32453720" bytesdiscarded="28640" />
  <copy-failed type="nursery" objects="174550" bytes="4417336" />
  <ownableSynchronizers candidates="1146820" cleared="1144956" />
  <references type="soft" candidates="637" cleared="0" enqueued="0" dynamicThreshold="18" maxThreshold="32" />
  <references type="weak" candidates="103" cleared="103" enqueued="0" />
</gc-op>
<gc-end id="2465" type="scavenge" contextid="2461" durationms="123.305" usertimems="885.803" systemtimems="6.435" timestamp="2020-09-11T09:56:34.165" activeThreads="8">
  <mem-info id="2466" free="1651608504" total="2760835072" percent="59">
    <mem type="nursery" free="626393088" total="939524096" percent="66">
      <mem type="allocate" free="626393088" total="760020992" percent="82" />
      <mem type="survivor" free="0" total="179503104" percent="0" />
    </mem>
    <mem type="tenure" free="1025215416" total="1821310976" percent="56" macro-fragmented="0">
      <mem type="soa" free="915936184" total="1712031744" percent="53" />
      <mem type="loa" free="109279232" total="109279232" percent="100" />
    </mem>
    <remembered-set count="40223" />
  </mem-info>
</gc-end>
<cycle-end id="2467" type="scavenge" contextid="2461" timestamp="2020-09-11T09:56:34.166" />
<allocation-satisfied id="2468" threadId="000000000086B200" bytesRequested="267424" />
<af-end id="2469" timestamp="2020-09-11T09:56:34.166" threadId="000000000086BB80" success="true" from="nursery"/>
<exclusive-end id="2470" timestamp="2020-09-11T09:56:34.166" durationms="125.140" />

<exclusive-start id="2471" timestamp="2020-09-11T09:56:35.933" intervalms="1891.877">
  <response-info timems="0.870" idlems="0.492" threads="1" lastid="000000000087AC00" lastname="Group1.TxInjector.CompositeTxInjector.I.driver.probe.9" />
</exclusive-start>
<af-start id="2472" threadId="000000000087A980" totalBytesRequested="16" timestamp="2020-09-11T09:56:35.934" intervalms="1891.962" type="nursery" />
<cycle-start id="2473" type="scavenge" contextid="0" timestamp="2020-09-11T09:56:35.934" intervalms="1891.996" />
<gc-start id="2474" type="scavenge" contextid="2473" timestamp="2020-09-11T09:56:35.934">
  <mem-info id="2475" free="1025215416" total="2760835072" percent="37">
    <mem type="nursery" free="0" total="939524096" percent="0">
      <mem type="allocate" free="0" total="760020992" percent="0" />
      <mem type="survivor" free="0" total="179503104" percent="0" />
    </mem>
    <mem type="tenure" free="1025215416" total="1821310976" percent="56">
      <mem type="soa" free="915936184" total="1712031744" percent="53" />
      <mem type="loa" free="109279232" total="109279232" percent="100" />
    </mem>
    <remembered-set count="196854" />
  </mem-info>
</gc-start>
<allocation-stats totalBytes="626093960" >
  <allocated-bytes non-tlh="27022632" tlh="599071328" />
  <largest-consumer threadName="Group1.Backend.CompositeBackend{Tier1}.5" threadId="000000000087A000" bytes="103837192" />
</allocation-stats>
<gc-op id="2476" type="scavenge" timems="126.473" contextid="2473" timestamp="2020-09-11T09:56:36.061">
  <scavenger-info tenureage="3" tenuremask="7ff8" tiltratio="80" />
  <memory-copied type="nursery" objects="4749011" bytes="128216520" bytesdiscarded="216744" />
  <memory-copied type="tenure" objects="954494" bytes="26266416" bytesdiscarded="44440" />
  <ownableSynchronizers candidates="6873" cleared="5586" />
  <references type="soft" candidates="738" cleared="0" enqueued="0" dynamicThreshold="18" maxThreshold="32" />
  <references type="weak" candidates="114" cleared="113" enqueued="0" />
</gc-op>
<gc-end id="2477" type="scavenge" contextid="2473" durationms="127.731" usertimems="872.812" systemtimems="13.781" timestamp="2020-09-11T09:56:36.062" activeThreads="8">
  <mem-info id="2478" free="1635320992" total="2760835072" percent="59">
    <mem type="nursery" free="636552696" total="939524096" percent="67">
      <mem type="allocate" free="636552696" total="765067264" percent="83" />
      <mem type="survivor" free="0" total="174456832" percent="0" />
    </mem>
    <mem type="tenure" free="998768296" total="1821310976" percent="54" macro-fragmented="5242920">
      <mem type="soa" free="889489064" total="1712031744" percent="51" />
      <mem type="loa" free="109279232" total="109279232" percent="100" />
    </mem>
    <remembered-set count="40171" />
  </mem-info>
</gc-end>
<cycle-end id="2479" type="scavenge" contextid="2473" timestamp="2020-09-11T09:56:36.063" />
<allocation-satisfied id="2480" threadId="000000000087A000" bytesRequested="16" />
<af-end id="2481" timestamp="2020-09-11T09:56:36.063" threadId="000000000087A980" success="true" from="nursery"/>
<exclusive-end id="2482" timestamp="2020-09-11T09:56:36.063" durationms="129.892" />

<exclusive-start id="2483" timestamp="2020-09-11T09:56:37.836" intervalms="1902.923">
  <response-info timems="0.354" idlems="0.354" threads="0" lastid="000000000086B200" lastname="Group1.Backend.CompositeBackend{Tier1}.4" />
</exclusive-start>
<af-start id="2484" threadId="000000000086BB80" totalBytesRequested="16" timestamp="2020-09-11T09:56:37.837" intervalms="1902.969" type="nursery" />
<cycle-start id="2485" type="scavenge" contextid="0" timestamp="2020-09-11T09:56:37.837" intervalms="1902.954" />
<gc-start id="2486" type="scavenge" contextid="2485" timestamp="2020-09-11T09:56:37.837">
  <mem-info id="2487" free="998768296" total="2760835072" percent="36">
    <mem type="nursery" free="0" total="939524096" percent="0">
      <mem type="allocate" free="0" total="765067264" percent="0" />
      <mem type="survivor" free="0" total="174456832" percent="0" />
    </mem>
    <mem type="tenure" free="998768296" total="1821310976" percent="54">
      <mem type="soa" free="889489064" total="1712031744" percent="51" />
      <mem type="loa" free="109279232" total="109279232" percent="100" />
    </mem>
    <remembered-set count="196288" />
  </mem-info>
</gc-start>
<allocation-stats totalBytes="636258400" >
  <allocated-bytes non-tlh="28561736" tlh="607696664" />
  <largest-consumer threadName="Group1.Backend.CompositeBackend{Tier1}.6" threadId="000000000088D900" bytes="100340160" />
</allocation-stats>
<gc-op id="2488" type="scavenge" timems="103.250" contextid="2485" timestamp="2020-09-11T09:56:37.940">
  <scavenger-info tenureage="3" tenuremask="7ff8" tiltratio="81" />
  <memory-copied type="nursery" objects="4687718" bytes="126531136" bytesdiscarded="144488" />
  <memory-copied type="tenure" objects="994524" bytes="26789568" bytesdiscarded="52824" />
  <ownableSynchronizers candidates="7660" cleared="6324" />
  <references type="soft" candidates="904" cleared="0" enqueued="0" dynamicThreshold="18" maxThreshold="32" />
  <references type="weak" candidates="114" cleared="113" enqueued="0" />
</gc-op>
<gc-end id="2489" type="scavenge" contextid="2485" durationms="104.449" usertimems="714.769" systemtimems="20.372" timestamp="2020-09-11T09:56:37.941" activeThreads="8">
  <mem-info id="2490" free="1616195888" total="2760835072" percent="58">
    <mem type="nursery" free="644472568" total="939524096" percent="68">
      <mem type="allocate" free="644472568" total="771227648" percent="83" />
      <mem type="survivor" free="0" total="168296448" percent="0" />
    </mem>
    <mem type="tenure" free="971723320" total="1821310976" percent="53" macro-fragmented="6450429">
      <mem type="soa" free="862444088" total="1712031744" percent="50" />
      <mem type="loa" free="109279232" total="109279232" percent="100" />
    </mem>
    <remembered-set count="37561" />
  </mem-info>
</gc-end>
<cycle-end id="2491" type="scavenge" contextid="2485" timestamp="2020-09-11T09:56:37.942" />
<allocation-satisfied id="2492" threadId="000000000086B200" bytesRequested="16" />
<af-end id="2493" timestamp="2020-09-11T09:56:37.942" threadId="000000000086BB80" success="true" from="nursery"/>
<exclusive-end id="2494" timestamp="2020-09-11T09:56:37.942" durationms="106.513" />

</verbosegc>

