<?xml version="1.0" ?>

<verbosegc xmlns="http://www.ibm.com/j9/verbosegc" version="c1dd04cca_CMPRSS">

!@: MM_VerboseWriterFileLoggingSynchronous::openFile

!@: Before Trigger

!@: After Trigger

!@: handleInitialized
<initialized id="1" timestamp="2020-09-11T09:53:23.670">
  <attribute name="gcPolicy" value="-Xgcpolicy:gencon" />
  <attribute name="maxHeapSize" value="0xe0000000" />
  <attribute name="initialHeapSize" value="0x800000" />
  <attribute name="compressedRefs" value="true" />
  <attribute name="compressedRefsDisplacement" value="0x0" />
  <attribute name="compressedRefsShift" value="0x0" />
  <attribute name="pageSize" value="0x1000" />
  <attribute name="pageType" value="not used" />
  <attribute name="requestedPageSize" value="0x1000" />
  <attribute name="requestedPageType" value="not used" />
  <attribute name="gcthreads" value="8" />
  <attribute name="packetListSplit" value="1" />
  <attribute name="cacheListSplit" value="1" />
  <attribute name="splitFreeListSplitAmount" value="1" />
  <attribute name="numaNodes" value="0" />
  <system>
    <attribute name="physicalMemory" value="16818696192" />
    <attribute name="numCPUs" value="8" />
    <attribute name="architecture" value="amd64" />
    <attribute name="os" value="Linux" />
    <attribute name="osVersion" value="4.15.0-101-generic" />
  </system>
  <vmargs>
    <vmarg name="-Xoptionsfile=/root/code/openj9-openjdk-jdk11/build/linux-x86_64-normal-server-release/jdk/lib/options.default" />
    <vmarg name="-Xlockword:mode=default,noLockword=java/lang/String,noLockword=java/util/MapEntry,noLockword=java/util/HashMap$Entry,noLockword..." />
    <vmarg name="-Xjcl:jclse29" />
    <vmarg name="-Dcom.ibm.oti.vm.bootstrap.library.path=/root/code/openj9-openjdk-jdk11/build/linux-x86_64-normal-server-release/jdk/lib/compre..." />
    <vmarg name="-Dsun.boot.library.path=/root/code/openj9-openjdk-jdk11/build/linux-x86_64-normal-server-release/jdk/lib/compressedrefs:/root/c..." />
    <vmarg name="-Djava.library.path=/root/code/openj9-openjdk-jdk11/build/linux-x86_64-normal-server-release/jdk/lib/compressedrefs:/root/code/..." />
    <vmarg name="-Djava.home=/root/code/openj9-openjdk-jdk11/build/linux-x86_64-normal-server-release/jdk" />
    <vmarg name="-Duser.dir=/root/specjbb2015" />
    <vmarg name="-verbose:gc" />
    <vmarg name="-Xmx3584M" />
    <vmarg name="-Xgc:noConcurrentMark" />
    <vmarg name="-Xtgc:parallel" />
    <vmarg name="-XX:-UseGCStartupHints" />
    <vmarg name="-Xgcpolicy:gencon" />
    <vmarg name="-Xverbosegclog:testOutput,5,100" />
    <vmarg name="-Djava.class.path=/root/specjbb2015/specjbb2015.jar" />
    <vmarg name="-Dsun.java.command=/root/specjbb2015/specjbb2015.jar -m COMPOSITE" />
    <vmarg name="-Dsun.java.launcher=SUN_STANDARD" />
    <vmarg name="-Dsun.java.launcher.pid=1347" />
  </vmargs>
</initialized>

<exclusive-start id="2" timestamp="2020-09-11T09:53:23.948" intervalms="278.125">
  <response-info timems="4.077" idlems="4.077" threads="0" lastid="0000000000019A00" lastname="main" />
</exclusive-start>
<af-start id="3" threadId="000000000001A380" totalBytesRequested="8200" timestamp="2020-09-11T09:53:23.948" intervalms="278.284" type="nursery" />
<cycle-start id="4" type="scavenge" contextid="0" timestamp="2020-09-11T09:53:23.948" intervalms="278.350" />
<gc-start id="5" type="scavenge" contextid="4" timestamp="2020-09-11T09:53:23.948">
  <mem-info id="6" free="6201712" total="8388608" percent="73">
    <mem type="nursery" free="0" total="2097152" percent="0">
      <mem type="allocate" free="0" total="1048576" percent="0" />
      <mem type="survivor" free="0" total="1048576" percent="0" />
    </mem>
    <mem type="tenure" free="6201712" total="6291456" percent="98">
      <mem type="soa" free="5886320" total="5976064" percent="98" />
      <mem type="loa" free="315392" total="315392" percent="100" />
    </mem>
    <remembered-set count="1253" />
  </mem-info>
</gc-start>
<allocation-stats totalBytes="1134800" >
  <allocated-bytes non-tlh="122528" tlh="1012272" />
  <largest-consumer threadName="main" threadId="0000000000019A00" bytes="1134800" />
</allocation-stats>
<gc-op id="7" type="scavenge" timems="2.026" contextid="4" timestamp="2020-09-11T09:53:23.950">
  <scavenger-info tenureage="2" tenuremask="fffc" tiltratio="50" />
  <memory-copied type="nursery" objects="5228" bytes="259928" bytesdiscarded="2152" />
  <finalization candidates="13" enqueued="0" />
  <ownableSynchronizers candidates="1" cleared="0" />
  <references type="soft" candidates="2" cleared="0" enqueued="0" dynamicThreshold="32" maxThreshold="32" />
  <references type="weak" candidates="458" cleared="204" enqueued="133" />
  <references type="phantom" candidates="7" cleared="0" enqueued="0" />
</gc-op>
<gc-end id="8" type="scavenge" contextid="4" durationms="2.134" usertimems="0.000" systemtimems="2.127" timestamp="2020-09-11T09:53:23.950" activeThreads="1">
  <mem-info id="9" free="6987632" total="8388608" percent="83">
    <mem type="nursery" free="785920" total="2097152" percent="37">
      <mem type="allocate" free="785920" total="1048576" percent="74" />
      <mem type="survivor" free="0" total="1048576" percent="0" />
    </mem>
    <mem type="tenure" free="6201712" total="6291456" percent="98">
      <mem type="soa" free="5886320" total="5976064" percent="98" />
      <mem type="loa" free="315392" total="315392" percent="100" />
    </mem>
    <pending-finalizers system="0" default="0" reference="133" classloader="0" />
    <remembered-set count="1253" />
  </mem-info>
</gc-end>
<cycle-end id="10" type="scavenge" contextid="4" timestamp="2020-09-11T09:53:23.951" />
<allocation-satisfied id="11" threadId="0000000000019A00" bytesRequested="8200" />
<af-end id="12" timestamp="2020-09-11T09:53:23.951" threadId="000000000001A380" success="true" from="nursery"/>
<exclusive-end id="13" timestamp="2020-09-11T09:53:23.951" durationms="2.612" />

<exclusive-start id="14" timestamp="2020-09-11T09:53:24.032" intervalms="84.200">
  <response-info timems="0.090" idlems="0.090" threads="0" lastid="0000000000019A00" lastname="main" />
</exclusive-start>
<af-start id="15" threadId="000000000001A380" totalBytesRequested="40" timestamp="2020-09-11T09:53:24.032" intervalms="84.138" type="nursery" />
<cycle-start id="16" type="scavenge" contextid="0" timestamp="2020-09-11T09:53:24.032" intervalms="84.104" />
<gc-start id="17" type="scavenge" contextid="16" timestamp="2020-09-11T09:53:24.032">
  <mem-info id="18" free="6187016" total="8388608" percent="73">
    <mem type="nursery" free="0" total="2097152" percent="0">
      <mem type="allocate" free="0" total="1048576" percent="0" />
      <mem type="survivor" free="0" total="1048576" percent="0" />
    </mem>
    <mem type="tenure" free="6187016" total="6291456" percent="98">
      <mem type="soa" free="5871624" total="5976064" percent="98" />
      <mem type="loa" free="315392" total="315392" percent="100" />
    </mem>
    <pending-finalizers system="0" default="0" reference="133" classloader="0" />
    <remembered-set count="1460" />
  </mem-info>
</gc-start>
<allocation-stats totalBytes="800424" >
  <allocated-bytes non-tlh="22896" tlh="777528" />
  <largest-consumer threadName="main" threadId="0000000000019A00" bytes="800424" />
</allocation-stats>
<gc-op id="19" type="scavenge" timems="2.167" contextid="16" timestamp="2020-09-11T09:53:24.035">
  <scavenger-info tenureage="6" tenuremask="7fc0" tiltratio="50" />
  <memory-copied type="nursery" objects="7218" bytes="347960" bytesdiscarded="61776" />
  <finalization candidates="22" enqueued="0" />
  <ownableSynchronizers candidates="3" cleared="2" />
  <references type="soft" candidates="2" cleared="0" enqueued="0" dynamicThreshold="32" maxThreshold="32" />
  <references type="weak" candidates="397" cleared="33" enqueued="16" />
  <references type="phantom" candidates="7" cleared="0" enqueued="0" />
</gc-op>
<gc-end id="20" type="scavenge" contextid="16" durationms="2.281" usertimems="0.000" systemtimems="2.274" timestamp="2020-09-11T09:53:24.035" activeThreads="1">
  <mem-info id="21" free="6825216" total="8388608" percent="81">
    <mem type="nursery" free="638200" total="2097152" percent="30">
      <mem type="allocate" free="638200" total="1048576" percent="60" />
      <mem type="survivor" free="0" total="1048576" percent="0" />
    </mem>
    <mem type="tenure" free="6187016" total="6291456" percent="98">
      <mem type="soa" free="5871624" total="5976064" percent="98" />
      <mem type="loa" free="315392" total="315392" percent="100" />
    </mem>
    <pending-finalizers system="0" default="0" reference="149" classloader="0" />
    <remembered-set count="1460" />
  </mem-info>
</gc-end>
<cycle-end id="22" type="scavenge" contextid="16" timestamp="2020-09-11T09:53:24.035" />
<allocation-satisfied id="23" threadId="0000000000019A00" bytesRequested="40" />
<af-end id="24" timestamp="2020-09-11T09:53:24.035" threadId="000000000001A380" success="true" from="nursery"/>
<exclusive-end id="25" timestamp="2020-09-11T09:53:24.035" durationms="2.737" />

<exclusive-start id="26" timestamp="2020-09-11T09:53:24.071" intervalms="38.753">
  <response-info timems="0.053" idlems="0.053" threads="0" lastid="0000000000019A00" lastname="main" />
</exclusive-start>
<af-start id="27" threadId="000000000001A380" totalBytesRequested="88" timestamp="2020-09-11T09:53:24.071" intervalms="38.741" type="nursery" />
<cycle-start id="28" type="scavenge" contextid="0" timestamp="2020-09-11T09:53:24.071" intervalms="38.739" />
<gc-start id="29" type="scavenge" contextid="28" timestamp="2020-09-11T09:53:24.071">
  <mem-info id="30" free="6181624" total="8388608" percent="73">
    <mem type="nursery" free="0" total="2097152" percent="0">
      <mem type="allocate" free="0" total="1048576" percent="0" />
      <mem type="survivor" free="0" total="1048576" percent="0" />
    </mem>
    <mem type="tenure" free="6181624" total="6291456" percent="98">
      <mem type="soa" free="5866232" total="5976064" percent="98" />
      <mem type="loa" free="315392" total="315392" percent="100" />
    </mem>
    <pending-finalizers system="0" default="0" reference="149" classloader="0" />
    <remembered-set count="1538" />
  </mem-info>
</gc-start>
<allocation-stats totalBytes="643120" >
  <allocated-bytes non-tlh="5432" tlh="637688" />
  <largest-consumer threadName="main" threadId="0000000000019A00" bytes="643120" />
</allocation-stats>
<gc-op id="31" type="scavenge" timems="2.350" contextid="28" timestamp="2020-09-11T09:53:24.073">
  <scavenger-info tenureage="2" tenuremask="7fe4" tiltratio="50" />
  <memory-copied type="nursery" objects="3885" bytes="163872" bytesdiscarded="98648" />
  <memory-copied type="tenure" objects="5169" bytes="257496" bytesdiscarded="0" />
  <finalization candidates="25" enqueued="0" />
  <ownableSynchronizers candidates="2" cleared="2" />
  <references type="weak" candidates="193" cleared="21" enqueued="10" />
</gc-op>
<gc-end id="32" type="scavenge" contextid="28" durationms="2.456" usertimems="4.097" systemtimems="0.000" timestamp="2020-09-11T09:53:24.074" activeThreads="1">
  <mem-info id="33" free="6704888" total="8388608" percent="79">
    <mem type="nursery" free="785920" total="2097152" percent="37">
      <mem type="allocate" free="785920" total="1048576" percent="74" />
      <mem type="survivor" free="0" total="1048576" percent="0" />
    </mem>
    <mem type="tenure" free="5918968" total="6291456" percent="94">
      <mem type="soa" free="5603576" total="5976064" percent="93" />
      <mem type="loa" free="315392" total="315392" percent="100" />
    </mem>
    <pending-finalizers system="0" default="0" reference="159" classloader="0" />
    <remembered-set count="932" />
  </mem-info>
</gc-end>
<cycle-end id="34" type="scavenge" contextid="28" timestamp="2020-09-11T09:53:24.074" />
<allocation-satisfied id="35" threadId="0000000000019A00" bytesRequested="88" />
<af-end id="36" timestamp="2020-09-11T09:53:24.074" threadId="000000000001A380" success="true" from="nursery"/>
<exclusive-end id="37" timestamp="2020-09-11T09:53:24.074" durationms="2.902" />

<exclusive-start id="38" timestamp="2020-09-11T09:53:24.153" intervalms="82.492">
  <response-info timems="0.069" idlems="0.069" threads="0" lastid="0000000000019A00" lastname="main" />
</exclusive-start>
<af-start id="39" threadId="000000000001A380" totalBytesRequested="48" timestamp="2020-09-11T09:53:24.153" intervalms="82.515" type="nursery" />
<cycle-start id="40" type="scavenge" contextid="0" timestamp="2020-09-11T09:53:24.154" intervalms="82.516" />
<gc-start id="41" type="scavenge" contextid="40" timestamp="2020-09-11T09:53:24.154">
  <mem-info id="42" free="5913208" total="8388608" percent="70">
    <mem type="nursery" free="0" total="2097152" percent="0">
      <mem type="allocate" free="0" total="1048576" percent="0" />
      <mem type="survivor" free="0" total="1048576" percent="0" />
    </mem>
    <mem type="tenure" free="5913208" total="6291456" percent="93">
      <mem type="soa" free="5597816" total="5976064" percent="93" />
      <mem type="loa" free="315392" total="315392" percent="100" />
    </mem>
    <pending-finalizers system="0" default="0" reference="159" classloader="0" />
    <remembered-set count="1054" />
  </mem-info>
</gc-start>
<allocation-stats totalBytes="789640" >
  <allocated-bytes non-tlh="5848" tlh="783792" />
  <largest-consumer threadName="main" threadId="0000000000019A00" bytes="789640" />
</allocation-stats>
<gc-op id="43" type="scavenge" timems="2.547" contextid="40" timestamp="2020-09-11T09:53:24.156">
  <scavenger-info tenureage="5" tenuremask="7fe0" tiltratio="50" />
  <memory-copied type="nursery" objects="8811" bytes="333712" bytesdiscarded="59360" />
  <finalization candidates="12" enqueued="0" />
  <ownableSynchronizers candidates="1" cleared="0" />
  <references type="weak" candidates="172" cleared="0" enqueued="0" />
  <references type="phantom" candidates="1" cleared="0" enqueued="0" />
</gc-op>
<gc-end id="44" type="scavenge" contextid="40" durationms="2.628" usertimems="2.172" systemtimems="0.449" timestamp="2020-09-11T09:53:24.156" activeThreads="1">
  <mem-info id="45" free="6567800" total="8388608" percent="78">
    <mem type="nursery" free="654592" total="2097152" percent="31">
      <mem type="allocate" free="654592" total="1048576" percent="62" />
      <mem type="survivor" free="0" total="1048576" percent="0" />
    </mem>
    <mem type="tenure" free="5913208" total="6291456" percent="93">
      <mem type="soa" free="5597816" total="5976064" percent="93" />
      <mem type="loa" free="315392" total="315392" percent="100" />
    </mem>
    <pending-finalizers system="0" default="0" reference="159" classloader="0" />
    <remembered-set count="973" />
  </mem-info>
</gc-end>
<cycle-end id="46" type="scavenge" contextid="40" timestamp="2020-09-11T09:53:24.156" />
<allocation-satisfied id="47" threadId="0000000000019A00" bytesRequested="48" />
<af-end id="48" timestamp="2020-09-11T09:53:24.157" threadId="000000000001A380" success="true" from="nursery"/>
<exclusive-end id="49" timestamp="2020-09-11T09:53:24.157" durationms="3.136" />

<exclusive-start id="50" timestamp="2020-09-11T09:53:24.174" intervalms="20.751">
  <response-info timems="0.076" idlems="0.076" threads="0" lastid="0000000000019A00" lastname="main" />
</exclusive-start>
<af-start id="51" threadId="000000000001A380" totalBytesRequested="16" timestamp="2020-09-11T09:53:24.174" intervalms="20.738" type="nursery" />
<cycle-start id="52" type="scavenge" contextid="0" timestamp="2020-09-11T09:53:24.174" intervalms="20.743" />
<gc-start id="53" type="scavenge" contextid="52" timestamp="2020-09-11T09:53:24.174">
  <mem-info id="54" free="5913208" total="8388608" percent="70">
    <mem type="nursery" free="0" total="2097152" percent="0">
      <mem type="allocate" free="0" total="1048576" percent="0" />
      <mem type="survivor" free="0" total="1048576" percent="0" />
    </mem>
    <mem type="tenure" free="5913208" total="6291456" percent="93">
      <mem type="soa" free="5597816" total="5976064" percent="93" />
      <mem type="loa" free="315392" total="315392" percent="100" />
    </mem>
    <pending-finalizers system="0" default="0" reference="159" classloader="0" />
    <remembered-set count="974" />
  </mem-info>
</gc-start>
<allocation-stats totalBytes="654240" >
  <allocated-bytes non-tlh="48" tlh="654192" />
  <largest-consumer threadName="main" threadId="0000000000019A00" bytes="654240" />
</allocation-stats>
<gc-op id="55" type="scavenge" timems="2.413" contextid="52" timestamp="2020-09-11T09:53:24.177">
  <scavenger-info tenureage="4" tenuremask="7ff0" tiltratio="50" />
  <memory-copied type="nursery" objects="9697" bytes="385736" bytesdiscarded="7816" />
  <finalization candidates="12" enqueued="0" />
  <ownableSynchronizers candidates="2" cleared="1" />
  <references type="weak" candidates="172" cleared="0" enqueued="0" />
  <references type="phantom" candidates="1" cleared="0" enqueued="0" />
</gc-op>
<heap-resize id="56" type="expand" space="nursery" amount="262144" count="1" timems="0.037" reason="excessive time being spent scavenging" timestamp="2020-09-11T09:53:24.177" />
<gc-end id="57" type="scavenge" contextid="52" durationms="2.571" usertimems="4.830" systemtimems="0.128" timestamp="2020-09-11T09:53:24.177" activeThreads="1">
  <mem-info id="58" free="6698872" total="8650752" percent="77">
    <mem type="nursery" free="785664" total="2359296" percent="33">
      <mem type="allocate" free="785664" total="1179648" percent="66" />
      <mem type="survivor" free="0" total="1179648" percent="0" />
    </mem>
    <mem type="tenure" free="5913208" total="6291456" percent="93">
      <mem type="soa" free="5597816" total="5976064" percent="93" />
      <mem type="loa" free="315392" total="315392" percent="100" />
    </mem>
    <pending-finalizers system="0" default="0" reference="159" classloader="0" />
    <remembered-set count="953" />
  </mem-info>
</gc-end>
<cycle-end id="59" type="scavenge" contextid="52" timestamp="2020-09-11T09:53:24.177" />
<allocation-satisfied id="60" threadId="0000000000019A00" bytesRequested="16" />
<af-end id="61" timestamp="2020-09-11T09:53:24.177" threadId="000000000001A380" success="true" from="nursery"/>
<exclusive-end id="62" timestamp="2020-09-11T09:53:24.177" durationms="3.025" />

<exclusive-start id="63" timestamp="2020-09-11T09:53:24.199" intervalms="24.650">
  <response-info timems="0.074" idlems="0.074" threads="0" lastid="0000000000019A00" lastname="main" />
</exclusive-start>
<af-start id="64" threadId="000000000001A380" totalBytesRequested="8200" timestamp="2020-09-11T09:53:24.199" intervalms="24.652" type="nursery" />
<cycle-start id="65" type="scavenge" contextid="0" timestamp="2020-09-11T09:53:24.199" intervalms="24.648" />
<gc-start id="66" type="scavenge" contextid="65" timestamp="2020-09-11T09:53:24.199">
  <mem-info id="67" free="5913208" total="8650752" percent="68">
    <mem type="nursery" free="0" total="2359296" percent="0">
      <mem type="allocate" free="0" total="1179648" percent="0" />
      <mem type="survivor" free="0" total="1179648" percent="0" />
    </mem>
    <mem type="tenure" free="5913208" total="6291456" percent="93">
      <mem type="soa" free="5597816" total="5976064" percent="93" />
      <mem type="loa" free="315392" total="315392" percent="100" />
    </mem>
    <pending-finalizers system="0" default="0" reference="159" classloader="0" />
    <remembered-set count="954" />
  </mem-info>
</gc-start>
<allocation-stats totalBytes="782704" >
  <allocated-bytes non-tlh="16" tlh="782688" />
  <largest-consumer threadName="main" threadId="0000000000019A00" bytes="782704" />
</allocation-stats>
<gc-op id="68" type="scavenge" timems="2.933" contextid="65" timestamp="2020-09-11T09:53:24.202">
  <scavenger-info tenureage="3" tenuremask="7ff8" tiltratio="50" />
  <memory-copied type="nursery" objects="7966" bytes="305504" bytesdiscarded="88176" />
  <memory-copied type="tenure" objects="3641" bytes="153968" bytesdiscarded="8" />
  <finalization candidates="12" enqueued="0" />
  <ownableSynchronizers candidates="2" cleared="1" />
  <references type="phantom" candidates="1" cleared="0" enqueued="0" />
</gc-op>
<heap-resize id="69" type="expand" space="nursery" amount="131072" count="1" timems="0.033" reason="excessive time being spent scavenging" timestamp="2020-09-11T09:53:24.202" />
<gc-end id="70" type="scavenge" contextid="65" durationms="3.109" usertimems="3.393" systemtimems="0.000" timestamp="2020-09-11T09:53:24.202" activeThreads="1">
  <mem-info id="71" free="6690160" total="8781824" percent="76">
    <mem type="nursery" free="1047808" total="2490368" percent="42">
      <mem type="allocate" free="1047808" total="1441792" percent="72" />
      <mem type="survivor" free="0" total="1048576" percent="0" />
    </mem>
    <mem type="tenure" free="5642352" total="6291456" percent="89">
      <mem type="soa" free="5326960" total="5976064" percent="89" />
      <mem type="loa" free="315392" total="315392" percent="100" />
    </mem>
    <pending-finalizers system="0" default="0" reference="159" classloader="0" />
    <remembered-set count="80" />
  </mem-info>
</gc-end>
<cycle-end id="72" type="scavenge" contextid="65" timestamp="2020-09-11T09:53:24.202" />
<allocation-satisfied id="73" threadId="0000000000019A00" bytesRequested="8200" />
<af-end id="74" timestamp="2020-09-11T09:53:24.202" threadId="000000000001A380" success="true" from="nursery"/>
<exclusive-end id="75" timestamp="2020-09-11T09:53:24.202" durationms="3.552" />

<exclusive-start id="76" timestamp="2020-09-11T09:53:24.322" intervalms="122.842">
  <response-info timems="0.050" idlems="0.050" threads="0" lastid="00000000001E3500" lastname="(unnamed thread)" />
</exclusive-start>
<af-start id="77" threadId="00000000001E3E80" totalBytesRequested="32" timestamp="2020-09-11T09:53:24.322" intervalms="122.899" type="nursery" />
<cycle-start id="78" type="scavenge" contextid="0" timestamp="2020-09-11T09:53:24.322" intervalms="122.913" />
<gc-start id="79" type="scavenge" contextid="78" timestamp="2020-09-11T09:53:24.322">
  <mem-info id="80" free="5631888" total="8781824" percent="64">
    <mem type="nursery" free="0" total="2490368" percent="0">
      <mem type="allocate" free="0" total="1441792" percent="0" />
      <mem type="survivor" free="0" total="1048576" percent="0" />
    </mem>
    <mem type="tenure" free="5631888" total="6291456" percent="89">
      <mem type="soa" free="5316496" total="5976064" percent="88" />
      <mem type="loa" free="315392" total="315392" percent="100" />
    </mem>
    <remembered-set count="448" />
  </mem-info>
</gc-start>
<allocation-stats totalBytes="1057344" >
  <allocated-bytes non-tlh="18664" tlh="1038680" />
  <largest-consumer threadName="main" threadId="0000000000019A00" bytes="1009576" />
</allocation-stats>
<gc-op id="81" type="scavenge" timems="1.644" contextid="78" timestamp="2020-09-11T09:53:24.324">
  <scavenger-info tenureage="3" tenuremask="7ff8" tiltratio="57" />
  <memory-copied type="nursery" objects="3824" bytes="158424" bytesdiscarded="104032" />
  <memory-copied type="tenure" objects="3541" bytes="123432" bytesdiscarded="0" />
  <finalization candidates="1" enqueued="0" />
  <ownableSynchronizers candidates="2" cleared="2" />
  <references type="weak" candidates="114" cleared="41" enqueued="24" />
</gc-op>
<gc-end id="82" type="scavenge" contextid="78" durationms="1.766" usertimems="1.512" systemtimems="0.247" timestamp="2020-09-11T09:53:24.324" activeThreads="1">
  <mem-info id="83" free="6876304" total="8781824" percent="78">
    <mem type="nursery" free="1375744" total="2490368" percent="55">
      <mem type="allocate" free="1375744" total="1638400" percent="83" />
      <mem type="survivor" free="0" total="851968" percent="0" />
    </mem>
    <mem type="tenure" free="5500560" total="6291456" percent="87">
      <mem type="soa" free="5185168" total="5976064" percent="86" />
      <mem type="loa" free="315392" total="315392" percent="100" />
    </mem>
    <pending-finalizers system="0" default="0" reference="24" classloader="0" />
    <remembered-set count="447" />
  </mem-info>
</gc-end>
<cycle-end id="84" type="scavenge" contextid="78" timestamp="2020-09-11T09:53:24.324" />
<allocation-satisfied id="85" threadId="00000000001E3500" bytesRequested="32" />
<af-end id="86" timestamp="2020-09-11T09:53:24.324" threadId="00000000001E3E80" success="true" from="nursery"/>
<exclusive-end id="87" timestamp="2020-09-11T09:53:24.324" durationms="2.297" />

<exclusive-start id="88" timestamp="2020-09-11T09:53:24.430" intervalms="108.733">
  <response-info timems="0.051" idlems="0.051" threads="0" lastid="0000000000019A00" lastname="main" />
</exclusive-start>
<af-start id="89" threadId="000000000001A380" totalBytesRequested="29240" timestamp="2020-09-11T09:53:24.430" intervalms="108.698" type="nursery" />
<cycle-start id="90" type="scavenge" contextid="0" timestamp="2020-09-11T09:53:24.431" intervalms="108.685" />
<gc-start id="91" type="scavenge" contextid="90" timestamp="2020-09-11T09:53:24.431">
  <mem-info id="92" free="5463648" total="8781824" percent="62">
    <mem type="nursery" free="0" total="2490368" percent="0">
      <mem type="allocate" free="0" total="1638400" percent="0" />
      <mem type="survivor" free="0" total="851968" percent="0" />
    </mem>
    <mem type="tenure" free="5463648" total="6291456" percent="86">
      <mem type="soa" free="5148256" total="5976064" percent="86" />
      <mem type="loa" free="315392" total="315392" percent="100" />
    </mem>
    <remembered-set count="1144" />
  </mem-info>
</gc-start>
<allocation-stats totalBytes="1361176" >
  <allocated-bytes non-tlh="439128" tlh="922048" />
  <largest-consumer threadName="main" threadId="0000000000019A00" bytes="1284856" />
</allocation-stats>
<gc-op id="93" type="scavenge" timems="1.700" contextid="90" timestamp="2020-09-11T09:53:24.432">
  <scavenger-info tenureage="4" tenuremask="7ff0" tiltratio="65" />
  <memory-copied type="nursery" objects="5557" bytes="667744" bytesdiscarded="48888" />
  <finalization candidates="1" enqueued="0" />
  <references type="soft" candidates="44" cleared="0" enqueued="0" dynamicThreshold="32" maxThreshold="32" />
  <references type="weak" candidates="232" cleared="111" enqueued="80" />
  <references type="phantom" candidates="36" cleared="0" enqueued="0" />
</gc-op>
<gc-end id="94" type="scavenge" contextid="90" durationms="1.841" usertimems="7.333" systemtimems="0.566" timestamp="2020-09-11T09:53:24.432" activeThreads="4">
  <mem-info id="95" free="5991864" total="8781824" percent="68">
    <mem type="nursery" free="528216" total="2490368" percent="21">
      <mem type="allocate" free="528216" total="1245184" percent="42" />
      <mem type="survivor" free="0" total="1245184" percent="0" />
    </mem>
    <mem type="tenure" free="5463648" total="6291456" percent="86">
      <mem type="soa" free="5148256" total="5976064" percent="86" />
      <mem type="loa" free="315392" total="315392" percent="100" />
    </mem>
    <pending-finalizers system="0" default="0" reference="80" classloader="0" />
    <remembered-set count="1139" />
  </mem-info>
</gc-end>
<cycle-end id="96" type="scavenge" contextid="90" timestamp="2020-09-11T09:53:24.433" />
<allocation-satisfied id="97" threadId="0000000000019A00" bytesRequested="29240" />
<af-end id="98" timestamp="2020-09-11T09:53:24.433" threadId="000000000001A380" success="true" from="nursery"/>
<exclusive-end id="99" timestamp="2020-09-11T09:53:24.433" durationms="2.305" />

<exclusive-start id="100" timestamp="2020-09-11T09:53:24.445" intervalms="14.820">
  <response-info timems="0.079" idlems="0.079" threads="0" lastid="0000000000019A00" lastname="main" />
</exclusive-start>
<af-start id="101" threadId="000000000001A380" totalBytesRequested="73304" timestamp="2020-09-11T09:53:24.445" intervalms="14.809" type="nursery" />
<cycle-start id="102" type="scavenge" contextid="0" timestamp="2020-09-11T09:53:24.445" intervalms="14.808" />
<gc-start id="103" type="scavenge" contextid="102" timestamp="2020-09-11T09:53:24.445">
  <mem-info id="104" free="5508536" total="8781824" percent="62">
    <mem type="nursery" free="44888" total="2490368" percent="1">
      <mem type="allocate" free="44888" total="1245184" percent="3" />
      <mem type="survivor" free="0" total="1245184" percent="0" />
    </mem>
    <mem type="tenure" free="5463648" total="6291456" percent="86">
      <mem type="soa" free="5148256" total="5976064" percent="86" />
      <mem type="loa" free="315392" total="315392" percent="100" />
    </mem>
    <remembered-set count="1140" />
  </mem-info>
</gc-start>
<allocation-stats totalBytes="481624" >
  <allocated-bytes non-tlh="159440" tlh="322184" />
  <largest-consumer threadName="main" threadId="0000000000019A00" bytes="481624" />
</allocation-stats>
<gc-op id="105" type="scavenge" timems="3.181" contextid="102" timestamp="2020-09-11T09:53:24.449">
  <scavenger-info tenureage="3" tenuremask="7ff8" tiltratio="50" />
  <memory-copied type="nursery" objects="5471" bytes="983352" bytesdiscarded="61392" />
  <memory-copied type="tenure" objects="470" bytes="30424" bytesdiscarded="16" />
  <finalization candidates="1" enqueued="0" />
  <references type="soft" candidates="44" cleared="0" enqueued="0" dynamicThreshold="32" maxThreshold="32" />
  <references type="weak" candidates="121" cleared="0" enqueued="0" />
  <references type="phantom" candidates="72" cleared="0" enqueued="0" />
</gc-op>
<heap-resize id="106" type="expand" space="nursery" amount="262144" count="1" timems="0.033" reason="excessive time being spent scavenging" timestamp="2020-09-11T09:53:24.449" />
<gc-end id="107" type="scavenge" contextid="102" durationms="3.352" usertimems="5.358" systemtimems="0.000" timestamp="2020-09-11T09:53:24.449" activeThreads="4">
  <mem-info id="108" free="5699592" total="9043968" percent="63">
    <mem type="nursery" free="331176" total="2752512" percent="12">
      <mem type="allocate" free="331176" total="1376256" percent="24" />
      <mem type="survivor" free="0" total="1376256" percent="0" />
    </mem>
    <mem type="tenure" free="5368416" total="6291456" percent="85">
      <mem type="soa" free="5053024" total="5976064" percent="84" />
      <mem type="loa" free="315392" total="315392" percent="100" />
    </mem>
    <remembered-set count="889" />
  </mem-info>
</gc-end>
<cycle-end id="109" type="scavenge" contextid="102" timestamp="2020-09-11T09:53:24.449" />
<allocation-satisfied id="110" threadId="0000000000019A00" bytesRequested="73304" />
<af-end id="111" timestamp="2020-09-11T09:53:24.449" threadId="000000000001A380" success="true" from="nursery"/>
<exclusive-end id="112" timestamp="2020-09-11T09:53:24.449" durationms="3.817" />

<exclusive-start id="113" timestamp="2020-09-11T09:53:24.474" intervalms="28.547">
  <response-info timems="0.045" idlems="0.045" threads="0" lastid="0000000000019A00" lastname="main" />
</exclusive-start>
<af-start id="114" threadId="000000000001A380" totalBytesRequested="80" timestamp="2020-09-11T09:53:24.474" intervalms="28.552" type="nursery" />
<cycle-start id="115" type="scavenge" contextid="0" timestamp="2020-09-11T09:53:24.474" intervalms="28.554" />
<gc-start id="116" type="scavenge" contextid="115" timestamp="2020-09-11T09:53:24.474">
  <mem-info id="117" free="5357832" total="9043968" percent="59">
    <mem type="nursery" free="0" total="2752512" percent="0">
      <mem type="allocate" free="0" total="1376256" percent="0" />
      <mem type="survivor" free="0" total="1376256" percent="0" />
    </mem>
    <mem type="tenure" free="5357832" total="6291456" percent="85">
      <mem type="soa" free="5042440" total="5976064" percent="84" />
      <mem type="loa" free="315392" total="315392" percent="100" />
    </mem>
    <remembered-set count="1068" />
  </mem-info>
</gc-start>
<allocation-stats totalBytes="341616" >
  <allocated-bytes non-tlh="83888" tlh="257728" />
  <largest-consumer threadName="main" threadId="0000000000019A00" bytes="341616" />
</allocation-stats>
<gc-op id="118" type="scavenge" timems="1.655" contextid="115" timestamp="2020-09-11T09:53:24.476">
  <scavenger-info tenureage="2" tenuremask="7ffc" tiltratio="50" />
  <memory-copied type="nursery" objects="1759" bytes="539160" bytesdiscarded="70128" />
  <memory-copied type="tenure" objects="5008" bytes="634424" bytesdiscarded="816" />
  <finalization candidates="24" enqueued="0" />
  <ownableSynchronizers candidates="1" cleared="0" />
  <references type="soft" candidates="3" cleared="0" enqueued="0" dynamicThreshold="32" maxThreshold="32" />
  <references type="weak" candidates="262" cleared="121" enqueued="88" />
  <references type="phantom" candidates="43" cleared="1" enqueued="1" />
</gc-op>
<gc-end id="119" type="scavenge" contextid="115" durationms="1.766" usertimems="6.022" systemtimems="1.062" timestamp="2020-09-11T09:53:24.476" activeThreads="4">
  <mem-info id="120" free="5556144" total="9043968" percent="61">
    <mem type="nursery" free="766832" total="2752512" percent="27">
      <mem type="allocate" free="766832" total="1376256" percent="55" />
      <mem type="survivor" free="0" total="1376256" percent="0" />
    </mem>
    <mem type="tenure" free="4789312" total="6291456" percent="76">
      <mem type="soa" free="4473920" total="5976064" percent="74" />
      <mem type="loa" free="315392" total="315392" percent="100" />
    </mem>
    <pending-finalizers system="0" default="0" reference="89" classloader="0" />
    <remembered-set count="264" />
  </mem-info>
</gc-end>
<cycle-end id="121" type="scavenge" contextid="115" timestamp="2020-09-11T09:53:24.476" />
<allocation-satisfied id="122" threadId="0000000000019A00" bytesRequested="80" />
<af-end id="123" timestamp="2020-09-11T09:53:24.476" threadId="000000000001A380" success="true" from="nursery"/>
<exclusive-end id="124" timestamp="2020-09-11T09:53:24.476" durationms="2.186" />

<exclusive-start id="125" timestamp="2020-09-11T09:53:24.528" intervalms="54.259">
  <response-info timems="0.053" idlems="0.053" threads="0" lastid="0000000000019A00" lastname="main" />
</exclusive-start>
<af-start id="126" threadId="000000000001A380" totalBytesRequested="1848" timestamp="2020-09-11T09:53:24.528" intervalms="54.254" type="nursery" />
<cycle-start id="127" type="scavenge" contextid="0" timestamp="2020-09-11T09:53:24.528" intervalms="54.253" />
<gc-start id="128" type="scavenge" contextid="127" timestamp="2020-09-11T09:53:24.528">
  <mem-info id="129" free="4771880" total="9043968" percent="52">
    <mem type="nursery" free="0" total="2752512" percent="0">
      <mem type="allocate" free="0" total="1376256" percent="0" />
      <mem type="survivor" free="0" total="1376256" percent="0" />
    </mem>
    <mem type="tenure" free="4771880" total="6291456" percent="75">
      <mem type="soa" free="4456488" total="5976064" percent="74" />
      <mem type="loa" free="315392" total="315392" percent="100" />
    </mem>
    <remembered-set count="529" />
  </mem-info>
</gc-start>
<allocation-stats totalBytes="781712" >
  <allocated-bytes non-tlh="163616" tlh="618096" />
  <largest-consumer threadName="main" threadId="0000000000019A00" bytes="777616" />
</allocation-stats>
<gc-op id="130" type="scavenge" timems="2.174" contextid="127" timestamp="2020-09-11T09:53:24.530">
  <scavenger-info tenureage="1" tenuremask="7ffe" tiltratio="50" />
  <memory-copied type="nursery" objects="1442" bytes="77000" bytesdiscarded="26072" />
  <memory-copied type="tenure" objects="1643" bytes="526352" bytesdiscarded="368" />
  <finalization candidates="28" enqueued="0" />
  <ownableSynchronizers candidates="1" cleared="0" />
  <references type="soft" candidates="17" cleared="0" enqueued="0" dynamicThreshold="32" maxThreshold="32" />
  <references type="weak" candidates="118" cleared="77" enqueued="70" />
</gc-op>
<gc-end id="131" type="scavenge" contextid="127" durationms="2.326" usertimems="3.323" systemtimems="0.000" timestamp="2020-09-11T09:53:24.530" activeThreads="4">
  <mem-info id="132" free="5517728" total="9043968" percent="61">
    <mem type="nursery" free="1403896" total="2752512" percent="51">
      <mem type="allocate" free="1403896" total="1507328" percent="93" />
      <mem type="survivor" free="0" total="1245184" percent="0" />
    </mem>
    <mem type="tenure" free="4113832" total="6291456" percent="65">
      <mem type="soa" free="3798440" total="5976064" percent="63" />
      <mem type="loa" free="315392" total="315392" percent="100" />
    </mem>
    <pending-finalizers system="0" default="0" reference="70" classloader="0" />
    <remembered-set count="495" />
  </mem-info>
</gc-end>
<cycle-end id="133" type="scavenge" contextid="127" timestamp="2020-09-11T09:53:24.531" />
<allocation-satisfied id="134" threadId="0000000000019A00" bytesRequested="1848" />
<af-end id="135" timestamp="2020-09-11T09:53:24.531" threadId="000000000001A380" success="true" from="nursery"/>
<exclusive-end id="136" timestamp="2020-09-11T09:53:24.531" durationms="3.099" />

<exclusive-start id="137" timestamp="2020-09-11T09:53:24.648" intervalms="120.187">
  <response-info timems="0.069" idlems="0.069" threads="0" lastid="0000000000019A00" lastname="main" />
</exclusive-start>
<af-start id="138" threadId="000000000001A380" totalBytesRequested="1032" timestamp="2020-09-11T09:53:24.648" intervalms="120.205" type="nursery" />
<cycle-start id="139" type="scavenge" contextid="0" timestamp="2020-09-11T09:53:24.648" intervalms="120.210" />
<gc-start id="140" type="scavenge" contextid="139" timestamp="2020-09-11T09:53:24.648">
  <mem-info id="141" free="4030168" total="9043968" percent="44">
    <mem type="nursery" free="0" total="2752512" percent="0">
      <mem type="allocate" free="0" total="1507328" percent="0" />
      <mem type="survivor" free="0" total="1245184" percent="0" />
    </mem>
    <mem type="tenure" free="4030168" total="6291456" percent="64">
      <mem type="soa" free="3714776" total="5976064" percent="62" />
      <mem type="loa" free="315392" total="315392" percent="100" />
    </mem>
    <remembered-set count="1580" />
  </mem-info>
</gc-start>
<allocation-stats totalBytes="1485608" >
  <allocated-bytes non-tlh="85512" tlh="1400096" />
  <largest-consumer threadName="main" threadId="0000000000019A00" bytes="1481512" />
</allocation-stats>
<gc-op id="142" type="scavenge" timems="2.934" contextid="139" timestamp="2020-09-11T09:53:24.651">
  <scavenger-info tenureage="2" tenuremask="7ffc" tiltratio="54" />
  <memory-copied type="nursery" objects="6024" bytes="242496" bytesdiscarded="49472" />
  <finalization candidates="11" enqueued="0" />
  <references type="soft" candidates="291" cleared="0" enqueued="0" dynamicThreshold="32" maxThreshold="32" />
  <references type="weak" candidates="335" cleared="212" enqueued="200" />
  <references type="phantom" candidates="1" cleared="0" enqueued="0" />
</gc-op>
<gc-end id="143" type="scavenge" contextid="139" durationms="3.051" usertimems="5.570" systemtimems="0.845" timestamp="2020-09-11T09:53:24.651" activeThreads="4">
  <mem-info id="144" free="5374152" total="9043968" percent="59">
    <mem type="nursery" free="1343984" total="2752512" percent="48">
      <mem type="allocate" free="1343984" total="1638400" percent="82" />
      <mem type="survivor" free="0" total="1114112" percent="0" />
    </mem>
    <mem type="tenure" free="4030168" total="6291456" percent="64">
      <mem type="soa" free="3714776" total="5976064" percent="62" />
      <mem type="loa" free="315392" total="315392" percent="100" />
    </mem>
    <pending-finalizers system="0" default="0" reference="200" classloader="0" />
    <remembered-set count="1406" />
  </mem-info>
</gc-end>
<cycle-end id="145" type="scavenge" contextid="139" timestamp="2020-09-11T09:53:24.652" />
<allocation-satisfied id="146" threadId="0000000000019A00" bytesRequested="1032" />
<af-end id="147" timestamp="2020-09-11T09:53:24.652" threadId="000000000001A380" success="true" from="nursery"/>
<exclusive-end id="148" timestamp="2020-09-11T09:53:24.652" durationms="3.547" />

<exclusive-start id="149" timestamp="2020-09-11T09:53:24.740" intervalms="91.470">
  <response-info timems="0.062" idlems="0.062" threads="0" lastid="0000000000019A00" lastname="main" />
</exclusive-start>
<af-start id="150" threadId="000000000001A380" totalBytesRequested="144" timestamp="2020-09-11T09:53:24.740" intervalms="91.468" type="nursery" />
<cycle-start id="151" type="scavenge" contextid="0" timestamp="2020-09-11T09:53:24.740" intervalms="91.473" />
<gc-start id="152" type="scavenge" contextid="151" timestamp="2020-09-11T09:53:24.740">
  <mem-info id="153" free="4008992" total="9043968" percent="44">
    <mem type="nursery" free="0" total="2752512" percent="0">
      <mem type="allocate" free="0" total="1638400" percent="0" />
      <mem type="survivor" free="0" total="1114112" percent="0" />
    </mem>
    <mem type="tenure" free="4008992" total="6291456" percent="63">
      <mem type="soa" free="3693600" total="5976064" percent="61" />
      <mem type="loa" free="315392" total="315392" percent="100" />
    </mem>
    <remembered-set count="1651" />
  </mem-info>
</gc-start>
<allocation-stats totalBytes="1363560" >
  <allocated-bytes non-tlh="38600" tlh="1324960" />
  <largest-consumer threadName="main" threadId="0000000000019A00" bytes="1351728" />
</allocation-stats>
<gc-op id="154" type="scavenge" timems="3.005" contextid="151" timestamp="2020-09-11T09:53:24.743">
  <scavenger-info tenureage="2" tenuremask="7ffc" tiltratio="59" />
  <memory-copied type="nursery" objects="5482" bytes="219808" bytesdiscarded="88848" />
  <memory-copied type="tenure" objects="1218" bytes="68168" bytesdiscarded="224" />
  <finalization candidates="13" enqueued="1" />
  <references type="soft" candidates="282" cleared="0" enqueued="0" dynamicThreshold="32" maxThreshold="32" />
  <references type="weak" candidates="242" cleared="148" enqueued="146" />
  <references type="phantom" candidates="3" cleared="1" enqueued="1" />
</gc-op>
<gc-end id="155" type="scavenge" contextid="151" durationms="3.172" usertimems="10.984" systemtimems="0.000" timestamp="2020-09-11T09:53:24.743" activeThreads="4">
  <mem-info id="156" free="5445624" total="9043968" percent="60">
    <mem type="nursery" free="1524200" total="2752512" percent="55">
      <mem type="allocate" free="1524200" total="1835008" percent="83" />
      <mem type="survivor" free="0" total="917504" percent="0" />
    </mem>
    <mem type="tenure" free="3921424" total="6291456" percent="62">
      <mem type="soa" free="3606032" total="5976064" percent="60" />
      <mem type="loa" free="315392" total="315392" percent="100" />
    </mem>
    <pending-finalizers system="1" default="0" reference="147" classloader="0" />
    <remembered-set count="1400" />
  </mem-info>
</gc-end>
<cycle-end id="157" type="scavenge" contextid="151" timestamp="2020-09-11T09:53:24.743" />
<allocation-satisfied id="158" threadId="0000000000019A00" bytesRequested="144" />
<af-end id="159" timestamp="2020-09-11T09:53:24.743" threadId="000000000001A380" success="true" from="nursery"/>
<exclusive-end id="160" timestamp="2020-09-11T09:53:24.743" durationms="3.750" />

<exclusive-start id="161" timestamp="2020-09-11T09:53:24.791" intervalms="51.532">
  <response-info timems="0.063" idlems="0.063" threads="0" lastid="0000000000019A00" lastname="main" />
</exclusive-start>
<af-start id="162" threadId="000000000001A380" totalBytesRequested="320" timestamp="2020-09-11T09:53:24.791" intervalms="51.510" type="nursery" />
<cycle-start id="163" type="scavenge" contextid="0" timestamp="2020-09-11T09:53:24.791" intervalms="51.499" />
<gc-start id="164" type="scavenge" contextid="163" timestamp="2020-09-11T09:53:24.791">
  <mem-info id="165" free="3901624" total="9043968" percent="43">
    <mem type="nursery" free="0" total="2752512" percent="0">
      <mem type="allocate" free="0" total="1835008" percent="0" />
      <mem type="survivor" free="0" total="917504" percent="0" />
    </mem>
    <mem type="tenure" free="3901624" total="6291456" percent="62">
      <mem type="soa" free="3586232" total="5976064" percent="60" />
      <mem type="loa" free="315392" total="315392" percent="100" />
    </mem>
    <remembered-set count="1645" />
  </mem-info>
</gc-start>
<allocation-stats totalBytes="1541120" >
  <allocated-bytes non-tlh="19944" tlh="1521176" />
  <largest-consumer threadName="main" threadId="0000000000019A00" bytes="1532928" />
</allocation-stats>
<gc-op id="166" type="scavenge" timems="2.362" contextid="163" timestamp="2020-09-11T09:53:24.794">
  <scavenger-info tenureage="2" tenuremask="7ffc" tiltratio="66" />
  <memory-copied type="nursery" objects="2455" bytes="117272" bytesdiscarded="65576" />
  <memory-copied type="tenure" objects="4167" bytes="149088" bytesdiscarded="16" />
  <finalization candidates="7" enqueued="0" />
  <ownableSynchronizers candidates="1" cleared="0" />
  <references type="soft" candidates="10" cleared="0" enqueued="0" dynamicThreshold="32" maxThreshold="32" />
  <references type="weak" candidates="418" cleared="228" enqueued="197" />
  <references type="phantom" candidates="2" cleared="0" enqueued="0" />
</gc-op>
<gc-end id="167" type="scavenge" contextid="163" durationms="2.496" usertimems="6.522" systemtimems="0.332" timestamp="2020-09-11T09:53:24.794" activeThreads="4">
  <mem-info id="168" free="5595816" total="9043968" percent="61">
    <mem type="nursery" free="1783032" total="2752512" percent="64">
      <mem type="allocate" free="1783032" total="1966080" percent="90" />
      <mem type="survivor" free="0" total="786432" percent="0" />
    </mem>
    <mem type="tenure" free="3812784" total="6291456" percent="60">
      <mem type="soa" free="3497392" total="5976064" percent="58" />
      <mem type="loa" free="315392" total="315392" percent="100" />
    </mem>
    <pending-finalizers system="0" default="0" reference="197" classloader="0" />
    <remembered-set count="567" />
  </mem-info>
</gc-end>
<cycle-end id="169" type="scavenge" contextid="163" timestamp="2020-09-11T09:53:24.794" />
<allocation-satisfied id="170" threadId="0000000000019A00" bytesRequested="320" />
<af-end id="171" timestamp="2020-09-11T09:53:24.794" threadId="000000000001A380" success="true" from="nursery"/>
<exclusive-end id="172" timestamp="2020-09-11T09:53:24.794" durationms="2.972" />

<exclusive-start id="173" timestamp="2020-09-11T09:53:24.833" intervalms="42.087">
  <response-info timems="0.047" idlems="0.047" threads="0" lastid="0000000000019A00" lastname="main" />
</exclusive-start>
<af-start id="174" threadId="000000000001A380" totalBytesRequested="35872" timestamp="2020-09-11T09:53:24.833" intervalms="42.087" type="nursery" />
<cycle-start id="175" type="scavenge" contextid="0" timestamp="2020-09-11T09:53:24.833" intervalms="42.085" />
<gc-start id="176" type="scavenge" contextid="175" timestamp="2020-09-11T09:53:24.833">
  <mem-info id="177" free="3796264" total="9043968" percent="41">
    <mem type="nursery" free="0" total="2752512" percent="0">
      <mem type="allocate" free="0" total="1966080" percent="0" />
      <mem type="survivor" free="0" total="786432" percent="0" />
    </mem>
    <mem type="tenure" free="3796264" total="6291456" percent="60">
      <mem type="soa" free="3480872" total="5976064" percent="58" />
      <mem type="loa" free="315392" total="315392" percent="100" />
    </mem>
    <remembered-set count="730" />
  </mem-info>
</gc-start>
<allocation-stats totalBytes="1757064" >
  <allocated-bytes non-tlh="16840" tlh="1740224" />
  <largest-consumer threadName="main" threadId="0000000000019A00" bytes="1752968" />
</allocation-stats>
<gc-op id="178" type="scavenge" timems="1.196" contextid="175" timestamp="2020-09-11T09:53:24.835">
  <scavenger-info tenureage="3" tenuremask="7ff8" tiltratio="71" />
  <memory-copied type="nursery" objects="2725" bytes="195000" bytesdiscarded="54232" />
  <finalization candidates="1" enqueued="0" />
  <ownableSynchronizers candidates="1" cleared="0" />
  <references type="soft" candidates="12" cleared="0" enqueued="0" dynamicThreshold="32" maxThreshold="32" />
  <references type="weak" candidates="359" cleared="149" enqueued="149" />
  <references type="phantom" candidates="3" cleared="0" enqueued="0" />
</gc-op>
<gc-end id="179" type="scavenge" contextid="175" durationms="1.314" usertimems="1.994" systemtimems="0.283" timestamp="2020-09-11T09:53:24.835" activeThreads="4">
  <mem-info id="180" free="5578240" total="9043968" percent="61">
    <mem type="nursery" free="1781976" total="2752512" percent="64">
      <mem type="allocate" free="1781976" total="2031616" percent="87" />
      <mem type="survivor" free="0" total="720896" percent="0" />
    </mem>
    <mem type="tenure" free="3796264" total="6291456" percent="60">
      <mem type="soa" free="3480872" total="5976064" percent="58" />
      <mem type="loa" free="315392" total="315392" percent="100" />
    </mem>
    <pending-finalizers system="0" default="0" reference="149" classloader="0" />
    <remembered-set count="576" />
  </mem-info>
</gc-end>
<cycle-end id="181" type="scavenge" contextid="175" timestamp="2020-09-11T09:53:24.835" />
<allocation-satisfied id="182" threadId="0000000000019A00" bytesRequested="35872" />
<af-end id="183" timestamp="2020-09-11T09:53:24.835" threadId="000000000001A380" success="true" from="nursery"/>
<exclusive-end id="184" timestamp="2020-09-11T09:53:24.835" durationms="1.714" />

<exclusive-start id="185" timestamp="2020-09-11T09:53:24.941" intervalms="107.392">
  <response-info timems="0.131" idlems="0.131" threads="0" lastid="0000000000019A00" lastname="main" />
</exclusive-start>
<af-start id="186" threadId="000000000001A380" totalBytesRequested="2432" timestamp="2020-09-11T09:53:24.941" intervalms="107.437" type="nursery" />
<cycle-start id="187" type="scavenge" contextid="0" timestamp="2020-09-11T09:53:24.941" intervalms="107.445" />
<gc-start id="188" type="scavenge" contextid="187" timestamp="2020-09-11T09:53:24.941">
  <mem-info id="189" free="3757640" total="9043968" percent="41">
    <mem type="nursery" free="0" total="2752512" percent="0">
      <mem type="allocate" free="0" total="2031616" percent="0" />
      <mem type="survivor" free="0" total="720896" percent="0" />
    </mem>
    <mem type="tenure" free="3757640" total="6291456" percent="59">
      <mem type="soa" free="3442248" total="5976064" percent="57" />
      <mem type="loa" free="315392" total="315392" percent="100" />
    </mem>
    <remembered-set count="1159" />
  </mem-info>
</gc-start>
<allocation-stats totalBytes="1807312" >
  <allocated-bytes non-tlh="74496" tlh="1732816" />
  <largest-consumer threadName="main" threadId="0000000000019A00" bytes="1732544" />
</allocation-stats>
<gc-op id="190" type="scavenge" timems="3.410" contextid="187" timestamp="2020-09-11T09:53:24.944">
  <scavenger-info tenureage="4" tenuremask="7ff0" tiltratio="73" />
  <memory-copied type="nursery" objects="5383" bytes="239656" bytesdiscarded="13240" />
  <finalization candidates="7" enqueued="3" />
  <ownableSynchronizers candidates="1" cleared="0" />
  <references type="soft" candidates="22" cleared="0" enqueued="0" dynamicThreshold="32" maxThreshold="32" />
  <references type="weak" candidates="724" cleared="256" enqueued="191" />
  <references type="phantom" candidates="6" cleared="0" enqueued="0" />
</gc-op>
<gc-end id="191" type="scavenge" contextid="187" durationms="3.606" usertimems="0.000" systemtimems="5.418" timestamp="2020-09-11T09:53:24.945" activeThreads="4">
  <mem-info id="192" free="5601352" total="9043968" percent="61">
    <mem type="nursery" free="1843712" total="2752512" percent="66">
      <mem type="allocate" free="1843712" total="2097152" percent="87" />
      <mem type="survivor" free="0" total="655360" percent="0" />
    </mem>
    <mem type="tenure" free="3757640" total="6291456" percent="59">
      <mem type="soa" free="3442248" total="5976064" percent="57" />
      <mem type="loa" free="315392" total="315392" percent="100" />
    </mem>
    <pending-finalizers system="3" default="0" reference="191" classloader="0" />
    <remembered-set count="1004" />
  </mem-info>
</gc-end>
<cycle-end id="193" type="scavenge" contextid="187" timestamp="2020-09-11T09:53:24.945" />
<allocation-satisfied id="194" threadId="0000000000019A00" bytesRequested="2432" />
<af-end id="195" timestamp="2020-09-11T09:53:24.945" threadId="000000000001A380" success="true" from="nursery"/>
<exclusive-end id="196" timestamp="2020-09-11T09:53:24.945" durationms="4.624" />

<exclusive-start id="197" timestamp="2020-09-11T09:53:24.978" intervalms="37.433">
  <response-info timems="0.076" idlems="0.076" threads="0" lastid="0000000000019A00" lastname="main" />
</exclusive-start>
<af-start id="198" threadId="000000000001A380" totalBytesRequested="4104" timestamp="2020-09-11T09:53:24.978" intervalms="37.438" type="nursery" />
<cycle-start id="199" type="scavenge" contextid="0" timestamp="2020-09-11T09:53:24.978" intervalms="37.454" />
<gc-start id="200" type="scavenge" contextid="199" timestamp="2020-09-11T09:53:24.978">
  <mem-info id="201" free="3757640" total="9043968" percent="41">
    <mem type="nursery" free="0" total="2752512" percent="0">
      <mem type="allocate" free="0" total="2097152" percent="0" />
      <mem type="survivor" free="0" total="655360" percent="0" />
    </mem>
    <mem type="tenure" free="3757640" total="6291456" percent="59">
      <mem type="soa" free="3442248" total="5976064" percent="57" />
      <mem type="loa" free="315392" total="315392" percent="100" />
    </mem>
    <remembered-set count="1010" />
  </mem-info>
</gc-start>
<allocation-stats totalBytes="1814024" >
  <allocated-bytes non-tlh="2432" tlh="1811592" />
  <largest-consumer threadName="main" threadId="0000000000019A00" bytes="1809928" />
</allocation-stats>
<gc-op id="202" type="scavenge" timems="2.559" contextid="199" timestamp="2020-09-11T09:53:24.981">
  <scavenger-info tenureage="4" tenuremask="7ff0" tiltratio="76" />
  <memory-copied type="nursery" objects="4996" bytes="207088" bytesdiscarded="54296" />
  <memory-copied type="tenure" objects="766" bytes="49648" bytesdiscarded="0" />
  <finalization candidates="4" enqueued="0" />
  <ownableSynchronizers candidates="1" cleared="0" />
  <references type="soft" candidates="14" cleared="0" enqueued="0" dynamicThreshold="32" maxThreshold="32" />
  <references type="weak" candidates="456" cleared="0" enqueued="0" />
  <references type="phantom" candidates="4" cleared="0" enqueued="0" />
</gc-op>
<heap-resize id="203" type="expand" space="nursery" amount="131072" count="1" timems="0.034" reason="excessive time being spent scavenging" timestamp="2020-09-11T09:53:24.981" />
<gc-end id="204" type="scavenge" contextid="199" durationms="2.766" usertimems="3.569" systemtimems="0.509" timestamp="2020-09-11T09:53:24.981" activeThreads="4">
  <mem-info id="205" free="5683776" total="9175040" percent="61">
    <mem type="nursery" free="1966336" total="2883584" percent="68">
      <mem type="allocate" free="1966336" total="2228224" percent="88" />
      <mem type="survivor" free="0" total="655360" percent="0" />
    </mem>
    <mem type="tenure" free="3717440" total="6291456" percent="59">
      <mem type="soa" free="3402048" total="5976064" percent="56" />
      <mem type="loa" free="315392" total="315392" percent="100" />
    </mem>
    <remembered-set count="797" />
  </mem-info>
</gc-end>
<cycle-end id="206" type="scavenge" contextid="199" timestamp="2020-09-11T09:53:24.982" />
<allocation-satisfied id="207" threadId="0000000000019A00" bytesRequested="4104" />
<af-end id="208" timestamp="2020-09-11T09:53:24.982" threadId="000000000001A380" success="true" from="nursery"/>
<exclusive-end id="209" timestamp="2020-09-11T09:53:24.982" durationms="3.765" />

<exclusive-start id="210" timestamp="2020-09-11T09:53:25.006" intervalms="28.383">
  <response-info timems="0.103" idlems="0.103" threads="0" lastid="0000000000019A00" lastname="main" />
</exclusive-start>
<af-start id="211" threadId="000000000001A380" totalBytesRequested="1064" timestamp="2020-09-11T09:53:25.007" intervalms="28.370" type="nursery" />
<cycle-start id="212" type="scavenge" contextid="0" timestamp="2020-09-11T09:53:25.007" intervalms="28.355" />
<gc-start id="213" type="scavenge" contextid="212" timestamp="2020-09-11T09:53:25.007">
  <mem-info id="214" free="3717440" total="9175040" percent="40">
    <mem type="nursery" free="0" total="2883584" percent="0">
      <mem type="allocate" free="0" total="2228224" percent="0" />
      <mem type="survivor" free="0" total="655360" percent="0" />
    </mem>
    <mem type="tenure" free="3717440" total="6291456" percent="59">
      <mem type="soa" free="3402048" total="5976064" percent="56" />
      <mem type="loa" free="315392" total="315392" percent="100" />
    </mem>
    <remembered-set count="797" />
  </mem-info>
</gc-start>
<allocation-stats totalBytes="1941416" >
  <allocated-bytes non-tlh="4104" tlh="1937312" />
  <largest-consumer threadName="main" threadId="0000000000019A00" bytes="1941416" />
</allocation-stats>
<gc-op id="215" type="scavenge" timems="2.478" contextid="212" timestamp="2020-09-11T09:53:25.009">
  <scavenger-info tenureage="4" tenuremask="7ff0" tiltratio="77" />
  <memory-copied type="nursery" objects="4593" bytes="200376" bytesdiscarded="158688" />
  <memory-copied type="tenure" objects="1072" bytes="43616" bytesdiscarded="144" />
  <finalization candidates="3" enqueued="0" />
  <ownableSynchronizers candidates="1" cleared="0" />
  <references type="soft" candidates="12" cleared="0" enqueued="0" dynamicThreshold="32" maxThreshold="32" />
  <references type="weak" candidates="278" cleared="0" enqueued="0" />
  <references type="phantom" candidates="4" cleared="0" enqueued="0" />
</gc-op>
<heap-resize id="216" type="expand" space="nursery" amount="131072" count="1" timems="0.030" reason="excessive time being spent scavenging" timestamp="2020-09-11T09:53:25.010" />
<gc-end id="217" type="scavenge" contextid="212" durationms="2.660" usertimems="4.825" systemtimems="0.000" timestamp="2020-09-11T09:53:25.010" activeThreads="4">
  <mem-info id="218" free="5719872" total="9306112" percent="61">
    <mem type="nursery" free="2065408" total="3014656" percent="68">
      <mem type="allocate" free="2065408" total="2424832" percent="85" />
      <mem type="survivor" free="0" total="589824" percent="0" />
    </mem>
    <mem type="tenure" free="3654464" total="6291456" percent="58">
      <mem type="soa" free="3339072" total="5976064" percent="55" />
      <mem type="loa" free="315392" total="315392" percent="100" />
    </mem>
    <remembered-set count="252" />
  </mem-info>
</gc-end>
<cycle-end id="219" type="scavenge" contextid="212" timestamp="2020-09-11T09:53:25.010" />
<allocation-satisfied id="220" threadId="0000000000019A00" bytesRequested="1064" />
<af-end id="221" timestamp="2020-09-11T09:53:25.010" threadId="000000000001A380" success="true" from="nursery"/>
<exclusive-end id="222" timestamp="2020-09-11T09:53:25.010" durationms="3.736" />

<exclusive-start id="223" timestamp="2020-09-11T09:53:25.029" intervalms="22.240">
  <response-info timems="0.210" idlems="0.210" threads="0" lastid="0000000000019A00" lastname="main" />
</exclusive-start>
<af-start id="224" threadId="000000000001A380" totalBytesRequested="4104" timestamp="2020-09-11T09:53:25.029" intervalms="22.194" type="nursery" />
<cycle-start id="225" type="scavenge" contextid="0" timestamp="2020-09-11T09:53:25.029" intervalms="22.183" />
<gc-start id="226" type="scavenge" contextid="225" timestamp="2020-09-11T09:53:25.029">
  <mem-info id="227" free="3654464" total="9306112" percent="39">
    <mem type="nursery" free="0" total="3014656" percent="0">
      <mem type="allocate" free="0" total="2424832" percent="0" />
      <mem type="survivor" free="0" total="589824" percent="0" />
    </mem>
    <mem type="tenure" free="3654464" total="6291456" percent="58">
      <mem type="soa" free="3339072" total="5976064" percent="55" />
      <mem type="loa" free="315392" total="315392" percent="100" />
    </mem>
    <remembered-set count="252" />
  </mem-info>
</gc-start>
<allocation-stats totalBytes="2011288" >
  <allocated-bytes non-tlh="1064" tlh="2010224" />
  <largest-consumer threadName="main" threadId="0000000000019A00" bytes="2011288" />
</allocation-stats>
<gc-op id="228" type="scavenge" timems="2.190" contextid="225" timestamp="2020-09-11T09:53:25.031">
  <scavenger-info tenureage="2" tenuremask="7fcc" tiltratio="80" />
  <memory-copied type="nursery" objects="1503" bytes="72008" bytesdiscarded="38416" />
  <memory-copied type="tenure" objects="3677" bytes="155680" bytesdiscarded="208" />
  <finalization candidates="3" enqueued="0" />
  <references type="soft" candidates="2" cleared="0" enqueued="0" dynamicThreshold="32" maxThreshold="32" />
  <references type="weak" candidates="18" cleared="0" enqueued="0" />
</gc-op>
<heap-resize id="229" type="expand" space="nursery" amount="262144" count="1" timems="0.019" reason="excessive time being spent scavenging" timestamp="2020-09-11T09:53:25.031" />
<gc-end id="230" type="scavenge" contextid="225" durationms="2.313" usertimems="2.917" systemtimems="0.412" timestamp="2020-09-11T09:53:25.031" activeThreads="4">
  <mem-info id="231" free="6177344" total="9568256" percent="64">
    <mem type="nursery" free="2641920" total="3276800" percent="80">
      <mem type="allocate" free="2641920" total="2752512" percent="95" />
      <mem type="survivor" free="0" total="524288" percent="0" />
    </mem>
    <mem type="tenure" free="3535424" total="6291456" percent="56">
      <mem type="soa" free="3220032" total="5976064" percent="53" />
      <mem type="loa" free="315392" total="315392" percent="100" />
    </mem>
    <remembered-set count="168" />
  </mem-info>
</gc-end>
<cycle-end id="232" type="scavenge" contextid="225" timestamp="2020-09-11T09:53:25.032" />
<allocation-satisfied id="233" threadId="0000000000019A00" bytesRequested="4104" />
<af-end id="234" timestamp="2020-09-11T09:53:25.032" threadId="000000000001A380" success="true" from="nursery"/>
<exclusive-end id="235" timestamp="2020-09-11T09:53:25.032" durationms="3.107" />

<exclusive-start id="236" timestamp="2020-09-11T09:53:25.052" intervalms="23.489">
  <response-info timems="0.081" idlems="0.081" threads="0" lastid="0000000000019A00" lastname="main" />
</exclusive-start>
<af-start id="237" threadId="000000000001A380" totalBytesRequested="864" timestamp="2020-09-11T09:53:25.052" intervalms="23.502" type="nursery" />
<cycle-start id="238" type="scavenge" contextid="0" timestamp="2020-09-11T09:53:25.052" intervalms="23.507" />
<gc-start id="239" type="scavenge" contextid="238" timestamp="2020-09-11T09:53:25.052">
  <mem-info id="240" free="3535424" total="9568256" percent="36">
    <mem type="nursery" free="0" total="3276800" percent="0">
      <mem type="allocate" free="0" total="2752512" percent="0" />
      <mem type="survivor" free="0" total="524288" percent="0" />
    </mem>
    <mem type="tenure" free="3535424" total="6291456" percent="56">
      <mem type="soa" free="3220032" total="5976064" percent="53" />
      <mem type="loa" free="315392" total="315392" percent="100" />
    </mem>
    <remembered-set count="192" />
  </mem-info>
</gc-start>
<allocation-stats totalBytes="2585160" >
  <allocated-bytes non-tlh="4104" tlh="2581056" />
  <largest-consumer threadName="main" threadId="0000000000019A00" bytes="2585160" />
</allocation-stats>
<gc-op id="241" type="scavenge" timems="1.320" contextid="238" timestamp="2020-09-11T09:53:25.054">
  <scavenger-info tenureage="5" tenuremask="7fa0" tiltratio="84" />
  <memory-copied type="nursery" objects="2076" bytes="109144" bytesdiscarded="33704" />
  <memory-copied type="tenure" objects="244" bytes="7648" bytesdiscarded="24" />
</gc-op>
<gc-end id="242" type="scavenge" contextid="238" durationms="1.450" usertimems="2.570" systemtimems="0.361" timestamp="2020-09-11T09:53:25.054" activeThreads="4">
  <mem-info id="243" free="6252352" total="9568256" percent="65">
    <mem type="nursery" free="2740736" total="3276800" percent="83">
      <mem type="allocate" free="2740736" total="2883584" percent="95" />
      <mem type="survivor" free="0" total="393216" percent="0" />
    </mem>
    <mem type="tenure" free="3511616" total="6291456" percent="55">
      <mem type="soa" free="3196224" total="5976064" percent="53" />
      <mem type="loa" free="315392" total="315392" percent="100" />
    </mem>
    <remembered-set count="119" />
  </mem-info>
</gc-end>
<cycle-end id="244" type="scavenge" contextid="238" timestamp="2020-09-11T09:53:25.055" />
<allocation-satisfied id="245" threadId="0000000000019A00" bytesRequested="864" />
<af-end id="246" timestamp="2020-09-11T09:53:25.055" threadId="000000000001A380" success="true" from="nursery"/>
<exclusive-end id="247" timestamp="2020-09-11T09:53:25.055" durationms="2.411" />

<exclusive-start id="248" timestamp="2020-09-11T09:53:25.073" intervalms="21.257">
  <response-info timems="0.185" idlems="0.185" threads="0" lastid="0000000000019A00" lastname="main" />
</exclusive-start>
<af-start id="249" threadId="000000000001A380" totalBytesRequested="9824" timestamp="2020-09-11T09:53:25.074" intervalms="21.356" type="nursery" />
<cycle-start id="250" type="scavenge" contextid="0" timestamp="2020-09-11T09:53:25.074" intervalms="21.379" />
<gc-start id="251" type="scavenge" contextid="250" timestamp="2020-09-11T09:53:25.074">
  <mem-info id="252" free="3511616" total="9568256" percent="36">
    <mem type="nursery" free="0" total="3276800" percent="0">
      <mem type="allocate" free="0" total="2883584" percent="0" />
      <mem type="survivor" free="0" total="393216" percent="0" />
    </mem>
    <mem type="tenure" free="3511616" total="6291456" percent="55">
      <mem type="soa" free="3196224" total="5976064" percent="53" />
      <mem type="loa" free="315392" total="315392" percent="100" />
    </mem>
    <remembered-set count="127" />
  </mem-info>
</gc-start>
<allocation-stats totalBytes="2672064" >
  <allocated-bytes non-tlh="864" tlh="2671200" />
  <largest-consumer threadName="main" threadId="0000000000019A00" bytes="2672064" />
</allocation-stats>
<gc-op id="253" type="scavenge" timems="1.539" contextid="250" timestamp="2020-09-11T09:53:25.075">
  <scavenger-info tenureage="2" tenuremask="7f0c" tiltratio="88" />
  <memory-copied type="nursery" objects="1524" bytes="83920" bytesdiscarded="35120" />
  <memory-copied type="tenure" objects="1256" bytes="64216" bytesdiscarded="128" />
</gc-op>
<heap-resize id="254" type="expand" space="nursery" amount="262144" count="1" timems="0.029" reason="excessive time being spent scavenging" timestamp="2020-09-11T09:53:25.075" />
<gc-end id="255" type="scavenge" contextid="250" durationms="1.702" usertimems="2.510" systemtimems="0.357" timestamp="2020-09-11T09:53:25.075" activeThreads="4">
  <mem-info id="256" free="6466880" total="9830400" percent="65">
    <mem type="nursery" free="3026688" total="3538944" percent="85">
      <mem type="allocate" free="3026688" total="3145728" percent="96" />
      <mem type="survivor" free="0" total="393216" percent="0" />
    </mem>
    <mem type="tenure" free="3440192" total="6291456" percent="54">
      <mem type="soa" free="3124800" total="5976064" percent="52" />
      <mem type="loa" free="315392" total="315392" percent="100" />
    </mem>
    <remembered-set count="129" />
  </mem-info>
</gc-end>
<cycle-end id="257" type="scavenge" contextid="250" timestamp="2020-09-11T09:53:25.076" />
<allocation-satisfied id="258" threadId="0000000000019A00" bytesRequested="9824" />
<af-end id="259" timestamp="2020-09-11T09:53:25.076" threadId="000000000001A380" success="true" from="nursery"/>
<exclusive-end id="260" timestamp="2020-09-11T09:53:25.076" durationms="2.760" />

<exclusive-start id="261" timestamp="2020-09-11T09:53:25.091" intervalms="17.600">
  <response-info timems="0.115" idlems="0.115" threads="0" lastid="0000000000019A00" lastname="main" />
</exclusive-start>
<af-start id="262" threadId="000000000001A380" totalBytesRequested="1544" timestamp="2020-09-11T09:53:25.091" intervalms="17.533" type="nursery" />
<cycle-start id="263" type="scavenge" contextid="0" timestamp="2020-09-11T09:53:25.091" intervalms="17.515" />
<gc-start id="264" type="scavenge" contextid="263" timestamp="2020-09-11T09:53:25.091">
  <mem-info id="265" free="3440192" total="9830400" percent="34">
    <mem type="nursery" free="0" total="3538944" percent="0">
      <mem type="allocate" free="0" total="3145728" percent="0" />
      <mem type="survivor" free="0" total="393216" percent="0" />
    </mem>
    <mem type="tenure" free="3440192" total="6291456" percent="54">
      <mem type="soa" free="3124800" total="5976064" percent="52" />
      <mem type="loa" free="315392" total="315392" percent="100" />
    </mem>
    <remembered-set count="147" />
  </mem-info>
</gc-start>
<allocation-stats totalBytes="2946128" >
  <allocated-bytes non-tlh="92712" tlh="2853416" />
  <largest-consumer threadName="main" threadId="0000000000019A00" bytes="2946128" />
</allocation-stats>
<gc-op id="266" type="scavenge" timems="1.589" contextid="263" timestamp="2020-09-11T09:53:25.093">
  <scavenger-info tenureage="9" tenuremask="7e00" tiltratio="88" />
  <memory-copied type="nursery" objects="2202" bytes="110488" bytesdiscarded="34656" />
</gc-op>
<heap-resize id="267" type="expand" space="nursery" amount="262144" count="1" timems="0.020" reason="excessive time being spent scavenging" timestamp="2020-09-11T09:53:25.093" />
<gc-end id="268" type="scavenge" contextid="263" durationms="1.720" usertimems="2.619" systemtimems="0.000" timestamp="2020-09-11T09:53:25.093" activeThreads="4">
  <mem-info id="269" free="6637384" total="10092544" percent="65">
    <mem type="nursery" free="3197192" total="3801088" percent="84">
      <mem type="allocate" free="3197192" total="3342336" percent="95" />
      <mem type="survivor" free="0" total="458752" percent="0" />
    </mem>
    <mem type="tenure" free="3440192" total="6291456" percent="54">
      <mem type="soa" free="3124800" total="5976064" percent="52" />
      <mem type="loa" free="315392" total="315392" percent="100" />
    </mem>
    <remembered-set count="141" />
  </mem-info>
</gc-end>
<cycle-end id="270" type="scavenge" contextid="263" timestamp="2020-09-11T09:53:25.094" />
<allocation-satisfied id="271" threadId="0000000000019A00" bytesRequested="1544" />
<af-end id="272" timestamp="2020-09-11T09:53:25.094" threadId="000000000001A380" success="true" from="nursery"/>
<exclusive-end id="273" timestamp="2020-09-11T09:53:25.094" durationms="2.613" />

<exclusive-start id="274" timestamp="2020-09-11T09:53:25.107" intervalms="15.742">
  <response-info timems="0.096" idlems="0.096" threads="0" lastid="0000000000019A00" lastname="main" />
</exclusive-start>
<af-start id="275" threadId="000000000001A380" totalBytesRequested="1568" timestamp="2020-09-11T09:53:25.107" intervalms="15.735" type="nursery" />
<cycle-start id="276" type="scavenge" contextid="0" timestamp="2020-09-11T09:53:25.107" intervalms="15.735" />
<gc-start id="277" type="scavenge" contextid="276" timestamp="2020-09-11T09:53:25.107">
  <mem-info id="278" free="3440192" total="10092544" percent="34">
    <mem type="nursery" free="0" total="3801088" percent="0">
      <mem type="allocate" free="0" total="3342336" percent="0" />
      <mem type="survivor" free="0" total="458752" percent="0" />
    </mem>
    <mem type="tenure" free="3440192" total="6291456" percent="54">
      <mem type="soa" free="3124800" total="5976064" percent="52" />
      <mem type="loa" free="315392" total="315392" percent="100" />
    </mem>
    <remembered-set count="152" />
  </mem-info>
</gc-start>
<allocation-stats totalBytes="3135480" >
  <allocated-bytes non-tlh="184448" tlh="2951032" />
  <largest-consumer threadName="main" threadId="0000000000019A00" bytes="3135480" />
</allocation-stats>
<gc-op id="279" type="scavenge" timems="0.911" contextid="276" timestamp="2020-09-11T09:53:25.108">
  <scavenger-info tenureage="3" tenuremask="fff8" tiltratio="87" />
  <memory-copied type="nursery" objects="2310" bytes="112952" bytesdiscarded="29896" />
  <memory-copied type="tenure" objects="816" bytes="40680" bytesdiscarded="8" />
</gc-op>
<gc-end id="280" type="scavenge" contextid="276" durationms="1.033" usertimems="1.255" systemtimems="0.175" timestamp="2020-09-11T09:53:25.108" activeThreads="4">
  <mem-info id="281" free="6681408" total="10092544" percent="66">
    <mem type="nursery" free="3265024" total="3801088" percent="85">
      <mem type="allocate" free="3265024" total="3407872" percent="95" />
      <mem type="survivor" free="0" total="393216" percent="0" />
    </mem>
    <mem type="tenure" free="3416384" total="6291456" percent="54">
      <mem type="soa" free="3100992" total="5976064" percent="51" />
      <mem type="loa" free="315392" total="315392" percent="100" />
    </mem>
    <remembered-set count="120" />
  </mem-info>
</gc-end>
<cycle-end id="282" type="scavenge" contextid="276" timestamp="2020-09-11T09:53:25.109" />
<allocation-satisfied id="283" threadId="0000000000019A00" bytesRequested="1568" />
<af-end id="284" timestamp="2020-09-11T09:53:25.109" threadId="000000000001A380" success="true" from="nursery"/>
<exclusive-end id="285" timestamp="2020-09-11T09:53:25.109" durationms="1.789" />

<exclusive-start id="286" timestamp="2020-09-11T09:53:25.120" intervalms="13.510">
  <response-info timems="0.221" idlems="0.221" threads="0" lastid="0000000000019A00" lastname="main" />
</exclusive-start>
<af-start id="287" threadId="000000000001A380" totalBytesRequested="3912" timestamp="2020-09-11T09:53:25.120" intervalms="13.503" type="nursery" />
<cycle-start id="288" type="scavenge" contextid="0" timestamp="2020-09-11T09:53:25.120" intervalms="13.495" />
<gc-start id="289" type="scavenge" contextid="288" timestamp="2020-09-11T09:53:25.121">
  <mem-info id="290" free="3416344" total="10092544" percent="33">
    <mem type="nursery" free="0" total="3801088" percent="0">
      <mem type="allocate" free="0" total="3407872" percent="0" />
      <mem type="survivor" free="0" total="393216" percent="0" />
    </mem>
    <mem type="tenure" free="3416344" total="6291456" percent="54">
      <mem type="soa" free="3100952" total="5976064" percent="51" />
      <mem type="loa" free="315392" total="315392" percent="100" />
    </mem>
    <remembered-set count="143" />
  </mem-info>
</gc-start>
<allocation-stats totalBytes="3157456" >
  <allocated-bytes non-tlh="1857816" tlh="1299640" />
  <largest-consumer threadName="main" threadId="0000000000019A00" bytes="3157456" />
</allocation-stats>
<gc-op id="291" type="scavenge" timems="0.822" contextid="288" timestamp="2020-09-11T09:53:25.121">
  <scavenger-info tenureage="3" tenuremask="7808" tiltratio="89" />
  <memory-copied type="nursery" objects="2135" bytes="116216" bytesdiscarded="29456" />
  <memory-copied type="tenure" objects="704" bytes="34112" bytesdiscarded="16" />
  <references type="soft" candidates="1" cleared="0" enqueued="0" dynamicThreshold="32" maxThreshold="32" />
  <references type="weak" candidates="4" cleared="4" enqueued="4" />
  <references type="phantom" candidates="4" cleared="0" enqueued="0" />
</gc-op>
<heap-resize id="292" type="expand" space="nursery" amount="262144" count="1" timems="0.037" reason="excessive time being spent scavenging" timestamp="2020-09-11T09:53:25.121" />
<gc-end id="293" type="scavenge" contextid="288" durationms="0.978" usertimems="1.187" systemtimems="0.167" timestamp="2020-09-11T09:53:25.122" activeThreads="4">
  <mem-info id="294" free="6827520" total="10354688" percent="65">
    <mem type="nursery" free="3458792" total="4063232" percent="85">
      <mem type="allocate" free="3458792" total="3604480" percent="95" />
      <mem type="survivor" free="0" total="458752" percent="0" />
    </mem>
    <mem type="tenure" free="3368728" total="6291456" percent="53">
      <mem type="soa" free="3053336" total="5976064" percent="51" />
      <mem type="loa" free="315392" total="315392" percent="100" />
    </mem>
    <pending-finalizers system="0" default="0" reference="4" classloader="0" />
    <remembered-set count="169" />
  </mem-info>
</gc-end>
<cycle-end id="295" type="scavenge" contextid="288" timestamp="2020-09-11T09:53:25.122" />
<allocation-satisfied id="296" threadId="0000000000019A00" bytesRequested="3912" />
<af-end id="297" timestamp="2020-09-11T09:53:25.122" threadId="000000000001A380" success="true" from="nursery"/>
<exclusive-end id="298" timestamp="2020-09-11T09:53:25.122" durationms="1.489" />

<exclusive-start id="299" timestamp="2020-09-11T09:53:25.134" intervalms="13.198">
  <response-info timems="0.094" idlems="0.094" threads="0" lastid="0000000000019A00" lastname="main" />
</exclusive-start>
<af-start id="300" threadId="000000000001A380" totalBytesRequested="2888" timestamp="2020-09-11T09:53:25.134" intervalms="13.201" type="nursery" />
<cycle-start id="301" type="scavenge" contextid="0" timestamp="2020-09-11T09:53:25.134" intervalms="13.205" />
<gc-start id="302" type="scavenge" contextid="301" timestamp="2020-09-11T09:53:25.134">
  <mem-info id="303" free="3368728" total="10354688" percent="32">
    <mem type="nursery" free="0" total="4063232" percent="0">
      <mem type="allocate" free="0" total="3604480" percent="0" />
      <mem type="survivor" free="0" total="458752" percent="0" />
    </mem>
    <mem type="tenure" free="3368728" total="6291456" percent="53">
      <mem type="soa" free="3053336" total="5976064" percent="51" />
      <mem type="loa" free="315392" total="315392" percent="100" />
    </mem>
    <remembered-set count="173" />
  </mem-info>
</gc-start>
<allocation-stats totalBytes="3413608" >
  <allocated-bytes non-tlh="280792" tlh="3132816" />
  <largest-consumer threadName="main" threadId="0000000000019A00" bytes="3413608" />
</allocation-stats>
<gc-op id="304" type="scavenge" timems="0.814" contextid="301" timestamp="2020-09-11T09:53:25.135">
  <scavenger-info tenureage="3" tenuremask="7008" tiltratio="88" />
  <memory-copied type="nursery" objects="2221" bytes="121120" bytesdiscarded="45520" />
  <memory-copied type="tenure" objects="680" bytes="33384" bytesdiscarded="56" />
  <references type="soft" candidates="1" cleared="0" enqueued="0" dynamicThreshold="32" maxThreshold="32" />
  <references type="phantom" candidates="4" cleared="0" enqueued="0" />
</gc-op>
<gc-end id="305" type="scavenge" contextid="301" durationms="0.936" usertimems="1.524" systemtimems="0.148" timestamp="2020-09-11T09:53:25.135" activeThreads="4">
  <mem-info id="306" free="6782744" total="10354688" percent="65">
    <mem type="nursery" free="3437824" total="4063232" percent="84">
      <mem type="allocate" free="3437824" total="3604480" percent="95" />
      <mem type="survivor" free="0" total="458752" percent="0" />
    </mem>
    <mem type="tenure" free="3344920" total="6291456" percent="53">
      <mem type="soa" free="3029528" total="5976064" percent="50" />
      <mem type="loa" free="315392" total="315392" percent="100" />
    </mem>
    <remembered-set count="142" />
  </mem-info>
</gc-end>
<cycle-end id="307" type="scavenge" contextid="301" timestamp="2020-09-11T09:53:25.135" />
<allocation-satisfied id="308" threadId="0000000000019A00" bytesRequested="2888" />
<af-end id="309" timestamp="2020-09-11T09:53:25.135" threadId="000000000001A380" success="true" from="nursery"/>
<exclusive-end id="310" timestamp="2020-09-11T09:53:25.135" durationms="1.414" />

<exclusive-start id="311" timestamp="2020-09-11T09:53:25.149" intervalms="15.273">
  <response-info timems="2.041" idlems="2.041" threads="0" lastid="0000000000019A00" lastname="main" />
</exclusive-start>
<af-start id="312" threadId="000000000001A380" totalBytesRequested="2456" timestamp="2020-09-11T09:53:25.149" intervalms="15.274" type="nursery" />
<cycle-start id="313" type="scavenge" contextid="0" timestamp="2020-09-11T09:53:25.149" intervalms="15.276" />
<gc-start id="314" type="scavenge" contextid="313" timestamp="2020-09-11T09:53:25.149">
  <mem-info id="315" free="3344920" total="10354688" percent="32">
    <mem type="nursery" free="0" total="4063232" percent="0">
      <mem type="allocate" free="0" total="3604480" percent="0" />
      <mem type="survivor" free="0" total="458752" percent="0" />
    </mem>
    <mem type="tenure" free="3344920" total="6291456" percent="53">
      <mem type="soa" free="3029528" total="5976064" percent="50" />
      <mem type="loa" free="315392" total="315392" percent="100" />
    </mem>
    <remembered-set count="144" />
  </mem-info>
</gc-start>
<allocation-stats totalBytes="3370512" >
  <allocated-bytes non-tlh="2888" tlh="3367624" />
  <largest-consumer threadName="main" threadId="0000000000019A00" bytes="3370512" />
</allocation-stats>
<gc-op id="316" type="scavenge" timems="0.912" contextid="313" timestamp="2020-09-11T09:53:25.150">
  <scavenger-info tenureage="3" tenuremask="6008" tiltratio="88" />
  <memory-copied type="nursery" objects="2211" bytes="117984" bytesdiscarded="24848" />
  <memory-copied type="tenure" objects="924" bytes="43464" bytesdiscarded="64" />
  <references type="soft" candidates="1" cleared="0" enqueued="0" dynamicThreshold="32" maxThreshold="32" />
  <references type="phantom" candidates="4" cleared="0" enqueued="0" />
</gc-op>
<heap-resize id="317" type="expand" space="nursery" amount="262144" count="1" timems="0.042" reason="excessive time being spent scavenging" timestamp="2020-09-11T09:53:25.150" />
<gc-end id="318" type="scavenge" contextid="313" durationms="1.072" usertimems="1.284" systemtimems="0.179" timestamp="2020-09-11T09:53:25.150" activeThreads="4">
  <mem-info id="319" free="6955544" total="10616832" percent="65">
    <mem type="nursery" free="3658240" total="4325376" percent="84">
      <mem type="allocate" free="3658240" total="3801088" percent="96" />
      <mem type="survivor" free="0" total="524288" percent="0" />
    </mem>
    <mem type="tenure" free="3297304" total="6291456" percent="52">
      <mem type="soa" free="2981912" total="5976064" percent="49" />
      <mem type="loa" free="315392" total="315392" percent="100" />
    </mem>
    <remembered-set count="90" />
  </mem-info>
</gc-end>
<cycle-end id="320" type="scavenge" contextid="313" timestamp="2020-09-11T09:53:25.150" />
<allocation-satisfied id="321" threadId="0000000000019A00" bytesRequested="2456" />
<af-end id="322" timestamp="2020-09-11T09:53:25.150" threadId="000000000001A380" success="true" from="nursery"/>
<exclusive-end id="323" timestamp="2020-09-11T09:53:25.150" durationms="1.468" />

<exclusive-start id="324" timestamp="2020-09-11T09:53:25.161" intervalms="12.437">
  <response-info timems="0.110" idlems="0.110" threads="0" lastid="0000000000019A00" lastname="main" />
</exclusive-start>
<af-start id="325" threadId="000000000001A380" totalBytesRequested="4104" timestamp="2020-09-11T09:53:25.161" intervalms="12.430" type="nursery" />
<cycle-start id="326" type="scavenge" contextid="0" timestamp="2020-09-11T09:53:25.161" intervalms="12.432" />
<gc-start id="327" type="scavenge" contextid="326" timestamp="2020-09-11T09:53:25.161">
  <mem-info id="328" free="3297304" total="10616832" percent="31">
    <mem type="nursery" free="0" total="4325376" percent="0">
      <mem type="allocate" free="0" total="3801088" percent="0" />
      <mem type="survivor" free="0" total="524288" percent="0" />
    </mem>
    <mem type="tenure" free="3297304" total="6291456" percent="52">
      <mem type="soa" free="2981912" total="5976064" percent="49" />
      <mem type="loa" free="315392" total="315392" percent="100" />
    </mem>
    <remembered-set count="91" />
  </mem-info>
</gc-start>
<allocation-stats totalBytes="3575296" >
  <allocated-bytes non-tlh="2456" tlh="3572840" />
  <largest-consumer threadName="main" threadId="0000000000019A00" bytes="3575296" />
</allocation-stats>
<gc-op id="329" type="scavenge" timems="0.946" contextid="326" timestamp="2020-09-11T09:53:25.162">
  <scavenger-info tenureage="14" tenuremask="4000" tiltratio="87" />
  <memory-copied type="nursery" objects="3266" bytes="170416" bytesdiscarded="20032" />
  <references type="soft" candidates="1" cleared="0" enqueued="0" dynamicThreshold="32" maxThreshold="32" />
  <references type="phantom" candidates="4" cleared="0" enqueued="0" />
</gc-op>
<gc-end id="330" type="scavenge" contextid="326" durationms="1.043" usertimems="1.667" systemtimems="0.000" timestamp="2020-09-11T09:53:25.162" activeThreads="5">
  <mem-info id="331" free="6973464" total="10616832" percent="65">
    <mem type="nursery" free="3676160" total="4325376" percent="84">
      <mem type="allocate" free="3676160" total="3866624" percent="95" />
      <mem type="survivor" free="0" total="458752" percent="0" />
    </mem>
    <mem type="tenure" free="3297304" total="6291456" percent="52">
      <mem type="soa" free="2981912" total="5976064" percent="49" />
      <mem type="loa" free="315392" total="315392" percent="100" />
    </mem>
    <remembered-set count="91" />
  </mem-info>
</gc-end>
<cycle-end id="332" type="scavenge" contextid="326" timestamp="2020-09-11T09:53:25.163" />
<allocation-satisfied id="333" threadId="0000000000019A00" bytesRequested="4104" />
<af-end id="334" timestamp="2020-09-11T09:53:25.163" threadId="000000000001A380" success="true" from="nursery"/>
<exclusive-end id="335" timestamp="2020-09-11T09:53:25.163" durationms="1.551" />

<exclusive-start id="336" timestamp="2020-09-11T09:53:25.175" intervalms="13.299">
  <response-info timems="0.127" idlems="0.127" threads="0" lastid="0000000000019A00" lastname="main" />
</exclusive-start>
<af-start id="337" threadId="000000000001A380" totalBytesRequested="4104" timestamp="2020-09-11T09:53:25.175" intervalms="13.305" type="nursery" />
<cycle-start id="338" type="scavenge" contextid="0" timestamp="2020-09-11T09:53:25.175" intervalms="13.303" />
<gc-start id="339" type="scavenge" contextid="338" timestamp="2020-09-11T09:53:25.175">
  <mem-info id="340" free="3297304" total="10616832" percent="31">
    <mem type="nursery" free="0" total="4325376" percent="0">
      <mem type="allocate" free="0" total="3866624" percent="0" />
      <mem type="survivor" free="0" total="458752" percent="0" />
    </mem>
    <mem type="tenure" free="3297304" total="6291456" percent="52">
      <mem type="soa" free="2981912" total="5976064" percent="49" />
      <mem type="loa" free="315392" total="315392" percent="100" />
    </mem>
    <remembered-set count="93" />
  </mem-info>
</gc-start>
<allocation-stats totalBytes="3564000" >
  <allocated-bytes non-tlh="4104" tlh="3559896" />
  <largest-consumer threadName="main" threadId="0000000000019A00" bytes="3564000" />
</allocation-stats>
<gc-op id="341" type="scavenge" timems="1.252" contextid="338" timestamp="2020-09-11T09:53:25.176">
  <scavenger-info tenureage="3" tenuremask="4008" tiltratio="89" />
  <memory-copied type="nursery" objects="3287" bytes="169088" bytesdiscarded="21360" />
  <memory-copied type="tenure" objects="784" bytes="39792" bytesdiscarded="80" />
  <references type="soft" candidates="1" cleared="0" enqueued="0" dynamicThreshold="32" maxThreshold="32" />
  <references type="phantom" candidates="4" cleared="0" enqueued="0" />
</gc-op>
<heap-resize id="342" type="expand" space="nursery" amount="262144" count="1" timems="0.036" reason="excessive time being spent scavenging" timestamp="2020-09-11T09:53:25.176" />
<gc-end id="343" type="scavenge" contextid="338" durationms="1.410" usertimems="4.642" systemtimems="0.327" timestamp="2020-09-11T09:53:25.176" activeThreads="5">
  <mem-info id="344" free="7146264" total="10878976" percent="65">
    <mem type="nursery" free="3872768" total="4587520" percent="84">
      <mem type="allocate" free="3872768" total="4063232" percent="95" />
      <mem type="survivor" free="0" total="524288" percent="0" />
    </mem>
    <mem type="tenure" free="3273496" total="6291456" percent="52">
      <mem type="soa" free="2958104" total="5976064" percent="49" />
      <mem type="loa" free="315392" total="315392" percent="100" />
    </mem>
    <remembered-set count="120" />
  </mem-info>
</gc-end>
<cycle-end id="345" type="scavenge" contextid="338" timestamp="2020-09-11T09:53:25.176" />
<allocation-satisfied id="346" threadId="0000000000019A00" bytesRequested="4104" />
<af-end id="347" timestamp="2020-09-11T09:53:25.176" threadId="000000000001A380" success="true" from="nursery"/>
<exclusive-end id="348" timestamp="2020-09-11T09:53:25.176" durationms="1.798" />

<exclusive-start id="349" timestamp="2020-09-11T09:53:25.188" intervalms="13.864">
  <response-info timems="0.141" idlems="0.141" threads="0" lastid="0000000000019A00" lastname="main" />
</exclusive-start>
<af-start id="350" threadId="000000000001A380" totalBytesRequested="792" timestamp="2020-09-11T09:53:25.189" intervalms="13.908" type="nursery" />
<cycle-start id="351" type="scavenge" contextid="0" timestamp="2020-09-11T09:53:25.189" intervalms="13.921" />
<gc-start id="352" type="scavenge" contextid="351" timestamp="2020-09-11T09:53:25.189">
  <mem-info id="353" free="3273496" total="10878976" percent="30">
    <mem type="nursery" free="0" total="4587520" percent="0">
      <mem type="allocate" free="0" total="4063232" percent="0" />
      <mem type="survivor" free="0" total="524288" percent="0" />
    </mem>
    <mem type="tenure" free="3273496" total="6291456" percent="52">
      <mem type="soa" free="2958104" total="5976064" percent="49" />
      <mem type="loa" free="315392" total="315392" percent="100" />
    </mem>
    <remembered-set count="122" />
  </mem-info>
</gc-start>
<allocation-stats totalBytes="3753744" >
  <allocated-bytes non-tlh="10288" tlh="3743456" />
  <largest-consumer threadName="main" threadId="0000000000019A00" bytes="3753744" />
</allocation-stats>
<gc-op id="354" type="scavenge" timems="1.585" contextid="351" timestamp="2020-09-11T09:53:25.190">
  <scavenger-info tenureage="2" tenuremask="4024" tiltratio="88" />
  <memory-copied type="nursery" objects="2724" bytes="154968" bytesdiscarded="13240" />
  <memory-copied type="tenure" objects="1480" bytes="75904" bytesdiscarded="304" />
  <references type="phantom" candidates="2" cleared="0" enqueued="0" />
</gc-op>
<heap-resize id="355" type="expand" space="nursery" amount="262144" count="1" timems="0.027" reason="excessive time being spent scavenging" timestamp="2020-09-11T09:53:25.190" />
<gc-end id="356" type="scavenge" contextid="351" durationms="1.889" usertimems="3.783" systemtimems="0.522" timestamp="2020-09-11T09:53:25.191" activeThreads="5">
  <mem-info id="357" free="7357904" total="11141120" percent="66">
    <mem type="nursery" free="4157160" total="4849664" percent="85">
      <mem type="allocate" free="4157160" total="4325376" percent="96" />
      <mem type="survivor" free="0" total="524288" percent="0" />
    </mem>
    <mem type="tenure" free="3200744" total="6291456" percent="50">
      <mem type="soa" free="2885352" total="5976064" percent="48" />
      <mem type="loa" free="315392" total="315392" percent="100" />
    </mem>
    <remembered-set count="123" />
  </mem-info>
</gc-end>
<cycle-end id="358" type="scavenge" contextid="351" timestamp="2020-09-11T09:53:25.191" />
<allocation-satisfied id="359" threadId="0000000000019A00" bytesRequested="792" />
<af-end id="360" timestamp="2020-09-11T09:53:25.191" threadId="000000000001A380" success="true" from="nursery"/>
<exclusive-end id="361" timestamp="2020-09-11T09:53:25.191" durationms="2.458" />

<exclusive-start id="362" timestamp="2020-09-11T09:53:25.204" intervalms="15.142">
  <response-info timems="0.100" idlems="0.100" threads="0" lastid="0000000000019A00" lastname="main" />
</exclusive-start>
<af-start id="363" threadId="000000000001A380" totalBytesRequested="4096" timestamp="2020-09-11T09:53:25.204" intervalms="15.107" type="nursery" />
<cycle-start id="364" type="scavenge" contextid="0" timestamp="2020-09-11T09:53:25.204" intervalms="15.105" />
<gc-start id="365" type="scavenge" contextid="364" timestamp="2020-09-11T09:53:25.204">
  <mem-info id="366" free="3200744" total="11141120" percent="28">
    <mem type="nursery" free="0" total="4849664" percent="0">
      <mem type="allocate" free="0" total="4325376" percent="0" />
      <mem type="survivor" free="0" total="524288" percent="0" />
    </mem>
    <mem type="tenure" free="3200744" total="6291456" percent="50">
      <mem type="soa" free="2885352" total="5976064" percent="48" />
      <mem type="loa" free="315392" total="315392" percent="100" />
    </mem>
    <remembered-set count="123" />
  </mem-info>
</gc-start>
<allocation-stats totalBytes="4067072" >
  <allocated-bytes non-tlh="792" tlh="4066280" />
  <largest-consumer threadName="main" threadId="0000000000019A00" bytes="4067072" />
</allocation-stats>
<gc-op id="367" type="scavenge" timems="1.357" contextid="364" timestamp="2020-09-11T09:53:25.205">
  <scavenger-info tenureage="4" tenuremask="4010" tiltratio="89" />
  <memory-copied type="nursery" objects="2835" bytes="162304" bytesdiscarded="14352" />
  <memory-copied type="tenure" objects="886" bytes="45848" bytesdiscarded="8" />
  <references type="phantom" candidates="2" cleared="0" enqueued="0" />
</gc-op>
<heap-resize id="368" type="expand" space="nursery" amount="262144" count="1" timems="0.025" reason="excessive time being spent scavenging" timestamp="2020-09-11T09:53:25.205" />
<gc-end id="369" type="scavenge" contextid="364" durationms="1.514" usertimems="2.567" systemtimems="0.000" timestamp="2020-09-11T09:53:25.205" activeThreads="5">
  <mem-info id="370" free="7498448" total="11403264" percent="65">
    <mem type="nursery" free="4345320" total="5111808" percent="85">
      <mem type="allocate" free="4345320" total="4521984" percent="96" />
      <mem type="survivor" free="0" total="589824" percent="0" />
    </mem>
    <mem type="tenure" free="3153128" total="6291456" percent="50">
      <mem type="soa" free="2837736" total="5976064" percent="47" />
      <mem type="loa" free="315392" total="315392" percent="100" />
    </mem>
    <remembered-set count="96" />
  </mem-info>
</gc-end>
<cycle-end id="371" type="scavenge" contextid="364" timestamp="2020-09-11T09:53:25.206" />
<allocation-satisfied id="372" threadId="0000000000019A00" bytesRequested="4096" />
<af-end id="373" timestamp="2020-09-11T09:53:25.206" threadId="000000000001A380" success="true" from="nursery"/>
<exclusive-end id="374" timestamp="2020-09-11T09:53:25.206" durationms="2.011" />

<exclusive-start id="375" timestamp="2020-09-11T09:53:25.218" intervalms="14.369">
  <response-info timems="0.091" idlems="0.091" threads="0" lastid="0000000000019A00" lastname="main" />
</exclusive-start>
<af-start id="376" threadId="000000000001A380" totalBytesRequested="4104" timestamp="2020-09-11T09:53:25.218" intervalms="14.343" type="nursery" />
<cycle-start id="377" type="scavenge" contextid="0" timestamp="2020-09-11T09:53:25.218" intervalms="14.329" />
<gc-start id="378" type="scavenge" contextid="377" timestamp="2020-09-11T09:53:25.218">
  <mem-info id="379" free="3153128" total="11403264" percent="27">
    <mem type="nursery" free="0" total="5111808" percent="0">
      <mem type="allocate" free="0" total="4521984" percent="0" />
      <mem type="survivor" free="0" total="589824" percent="0" />
    </mem>
    <mem type="tenure" free="3153128" total="6291456" percent="50">
      <mem type="soa" free="2837736" total="5976064" percent="47" />
      <mem type="loa" free="315392" total="315392" percent="100" />
    </mem>
    <remembered-set count="98" />
  </mem-info>
</gc-start>
<allocation-stats totalBytes="4172440" >
  <allocated-bytes non-tlh="4096" tlh="4168344" />
  <largest-consumer threadName="main" threadId="0000000000019A00" bytes="4172440" />
</allocation-stats>
<gc-op id="380" type="scavenge" timems="1.031" contextid="377" timestamp="2020-09-11T09:53:25.219">
  <scavenger-info tenureage="3" tenuremask="4008" tiltratio="88" />
  <memory-copied type="nursery" objects="3165" bytes="174664" bytesdiscarded="39600" />
  <memory-copied type="tenure" objects="809" bytes="39488" bytesdiscarded="40" />
  <references type="phantom" candidates="2" cleared="0" enqueued="0" />
</gc-op>
<gc-end id="381" type="scavenge" contextid="377" durationms="1.134" usertimems="1.577" systemtimems="0.131" timestamp="2020-09-11T09:53:25.219" activeThreads="5">
  <mem-info id="382" free="7478760" total="11403264" percent="65">
    <mem type="nursery" free="4373248" total="5111808" percent="85">
      <mem type="allocate" free="4373248" total="4587520" percent="95" />
      <mem type="survivor" free="0" total="524288" percent="0" />
    </mem>
    <mem type="tenure" free="3105512" total="6291456" percent="49">
      <mem type="soa" free="2790120" total="5976064" percent="46" />
      <mem type="loa" free="315392" total="315392" percent="100" />
    </mem>
    <remembered-set count="86" />
  </mem-info>
</gc-end>
<cycle-end id="383" type="scavenge" contextid="377" timestamp="2020-09-11T09:53:25.219" />
<allocation-satisfied id="384" threadId="0000000000019A00" bytesRequested="4104" />
<af-end id="385" timestamp="2020-09-11T09:53:25.219" threadId="000000000001A380" success="true" from="nursery"/>
<exclusive-end id="386" timestamp="2020-09-11T09:53:25.219" durationms="1.601" />

<exclusive-start id="387" timestamp="2020-09-11T09:53:25.232" intervalms="14.318">
  <response-info timems="0.075" idlems="0.075" threads="0" lastid="0000000000019A00" lastname="main" />
</exclusive-start>
<af-start id="388" threadId="000000000001A380" totalBytesRequested="4104" timestamp="2020-09-11T09:53:25.232" intervalms="14.313" type="nursery" />
<cycle-start id="389" type="scavenge" contextid="0" timestamp="2020-09-11T09:53:25.232" intervalms="14.312" />
<gc-start id="390" type="scavenge" contextid="389" timestamp="2020-09-11T09:53:25.232">
  <mem-info id="391" free="3105512" total="11403264" percent="27">
    <mem type="nursery" free="0" total="5111808" percent="0">
      <mem type="allocate" free="0" total="4587520" percent="0" />
      <mem type="survivor" free="0" total="524288" percent="0" />
    </mem>
    <mem type="tenure" free="3105512" total="6291456" percent="49">
      <mem type="soa" free="2790120" total="5976064" percent="46" />
      <mem type="loa" free="315392" total="315392" percent="100" />
    </mem>
    <remembered-set count="97" />
  </mem-info>
</gc-start>
<allocation-stats totalBytes="4247288" >
  <allocated-bytes non-tlh="4104" tlh="4243184" />
  <largest-consumer threadName="main" threadId="0000000000019A00" bytes="4247288" />
</allocation-stats>
<gc-op id="392" type="scavenge" timems="1.159" contextid="389" timestamp="2020-09-11T09:53:25.234">
  <scavenger-info tenureage="3" tenuremask="4008" tiltratio="89" />
  <memory-copied type="nursery" objects="2906" bytes="151264" bytesdiscarded="46104" />
  <memory-copied type="tenure" objects="846" bytes="42216" bytesdiscarded="16" />
  <references type="phantom" candidates="2" cleared="0" enqueued="0" />
</gc-op>
<heap-resize id="393" type="expand" space="nursery" amount="393216" count="1" timems="0.029" reason="excessive time being spent scavenging" timestamp="2020-09-11T09:53:25.234" />
<gc-end id="394" type="scavenge" contextid="389" durationms="1.318" usertimems="2.235" systemtimems="0.214" timestamp="2020-09-11T09:53:25.234" activeThreads="5">
  <mem-info id="395" free="7799528" total="11796480" percent="66">
    <mem type="nursery" free="4717824" total="5505024" percent="85">
      <mem type="allocate" free="4717824" total="4915200" percent="95" />
      <mem type="survivor" free="0" total="589824" percent="0" />
    </mem>
    <mem type="tenure" free="3081704" total="6291456" percent="48">
      <mem type="soa" free="2766312" total="5976064" percent="46" />
      <mem type="loa" free="315392" total="315392" percent="100" />
    </mem>
    <remembered-set count="266" />
  </mem-info>
</gc-end>
<cycle-end id="396" type="scavenge" contextid="389" timestamp="2020-09-11T09:53:25.234" />
<allocation-satisfied id="397" threadId="0000000000019A00" bytesRequested="4104" />
<af-end id="398" timestamp="2020-09-11T09:53:25.234" threadId="000000000001A380" success="true" from="nursery"/>
<exclusive-end id="399" timestamp="2020-09-11T09:53:25.234" durationms="1.752" />

<exclusive-start id="400" timestamp="2020-09-11T09:53:25.248" intervalms="15.598">
  <response-info timems="0.079" idlems="0.079" threads="0" lastid="0000000000019A00" lastname="main" />
</exclusive-start>
<af-start id="401" threadId="000000000001A380" totalBytesRequested="4104" timestamp="2020-09-11T09:53:25.248" intervalms="15.609" type="nursery" />
<cycle-start id="402" type="scavenge" contextid="0" timestamp="2020-09-11T09:53:25.248" intervalms="15.611" />
<gc-start id="403" type="scavenge" contextid="402" timestamp="2020-09-11T09:53:25.248">
  <mem-info id="404" free="3081704" total="11796480" percent="26">
    <mem type="nursery" free="0" total="5505024" percent="0">
      <mem type="allocate" free="0" total="4915200" percent="0" />
      <mem type="survivor" free="0" total="589824" percent="0" />
    </mem>
    <mem type="tenure" free="3081704" total="6291456" percent="48">
      <mem type="soa" free="2766312" total="5976064" percent="46" />
      <mem type="loa" free="315392" total="315392" percent="100" />
    </mem>
    <remembered-set count="289" />
  </mem-info>
</gc-start>
<allocation-stats totalBytes="4617600" >
  <allocated-bytes non-tlh="4104" tlh="4613496" />
  <largest-consumer threadName="main" threadId="0000000000019A00" bytes="4617600" />
</allocation-stats>
<gc-op id="405" type="scavenge" timems="1.271" contextid="402" timestamp="2020-09-11T09:53:25.249">
  <scavenger-info tenureage="14" tenuremask="4000" tiltratio="89" />
  <memory-copied type="nursery" objects="3910" bytes="186936" bytesdiscarded="51136" />
  <references type="phantom" candidates="2" cleared="0" enqueued="0" />
</gc-op>
<heap-resize id="406" type="expand" space="nursery" amount="262144" count="1" timems="0.029" reason="excessive time being spent scavenging" timestamp="2020-09-11T09:53:25.249" />
<gc-end id="407" type="scavenge" contextid="402" durationms="1.414" usertimems="2.899" systemtimems="0.000" timestamp="2020-09-11T09:53:25.249" activeThreads="5">
  <mem-info id="408" free="7955432" total="12058624" percent="65">
    <mem type="nursery" free="4873728" total="5767168" percent="84">
      <mem type="allocate" free="4873728" total="5111808" percent="95" />
      <mem type="survivor" free="0" total="655360" percent="0" />
    </mem>
    <mem type="tenure" free="3081704" total="6291456" percent="48">
      <mem type="soa" free="2766312" total="5976064" percent="46" />
      <mem type="loa" free="315392" total="315392" percent="100" />
    </mem>
    <remembered-set count="279" />
  </mem-info>
</gc-end>
<cycle-end id="409" type="scavenge" contextid="402" timestamp="2020-09-11T09:53:25.250" />
<allocation-satisfied id="410" threadId="0000000000019A00" bytesRequested="4104" />
<af-end id="411" timestamp="2020-09-11T09:53:25.250" threadId="000000000001A380" success="true" from="nursery"/>
<exclusive-end id="412" timestamp="2020-09-11T09:53:25.250" durationms="1.885" />

<exclusive-start id="413" timestamp="2020-09-11T09:53:25.263" intervalms="15.519">
  <response-info timems="0.093" idlems="0.093" threads="0" lastid="0000000000019A00" lastname="main" />
</exclusive-start>
<af-start id="414" threadId="000000000001A380" totalBytesRequested="45432" timestamp="2020-09-11T09:53:25.263" intervalms="15.510" type="nursery" />
<cycle-start id="415" type="scavenge" contextid="0" timestamp="2020-09-11T09:53:25.263" intervalms="15.507" />
<gc-start id="416" type="scavenge" contextid="415" timestamp="2020-09-11T09:53:25.264">
  <mem-info id="417" free="3081656" total="12058624" percent="25">
    <mem type="nursery" free="0" total="5767168" percent="0">
      <mem type="allocate" free="0" total="5111808" percent="0" />
      <mem type="survivor" free="0" total="655360" percent="0" />
    </mem>
    <mem type="tenure" free="3081656" total="6291456" percent="48">
      <mem type="soa" free="2766264" total="5976064" percent="46" />
      <mem type="loa" free="315392" total="315392" percent="100" />
    </mem>
    <remembered-set count="293" />
  </mem-info>
</gc-start>
<allocation-stats totalBytes="4739312" >
  <allocated-bytes non-tlh="4152" tlh="4735160" />
  <largest-consumer threadName="main" threadId="0000000000019A00" bytes="4739312" />
</allocation-stats>
<gc-op id="418" type="scavenge" timems="1.261" contextid="415" timestamp="2020-09-11T09:53:25.265">
  <scavenger-info tenureage="3" tenuremask="4018" tiltratio="88" />
  <memory-copied type="nursery" objects="3294" bytes="171472" bytesdiscarded="41704" />
  <memory-copied type="tenure" objects="2042" bytes="106096" bytesdiscarded="152" />
  <references type="phantom" candidates="2" cleared="0" enqueued="0" />
</gc-op>
<heap-resize id="419" type="expand" space="nursery" amount="262144" count="1" timems="0.028" reason="excessive time being spent scavenging" timestamp="2020-09-11T09:53:25.265" />
<gc-end id="420" type="scavenge" contextid="415" durationms="1.417" usertimems="2.672" systemtimems="0.000" timestamp="2020-09-11T09:53:25.265" activeThreads="5">
  <mem-info id="421" free="8171000" total="12320768" percent="66">
    <mem type="nursery" free="5160768" total="6029312" percent="85">
      <mem type="allocate" free="5160768" total="5373952" percent="96" />
      <mem type="survivor" free="0" total="655360" percent="0" />
    </mem>
    <mem type="tenure" free="3010232" total="6291456" percent="47">
      <mem type="soa" free="2694840" total="5976064" percent="45" />
      <mem type="loa" free="315392" total="315392" percent="100" />
    </mem>
    <remembered-set count="301" />
  </mem-info>
</gc-end>
<cycle-end id="422" type="scavenge" contextid="415" timestamp="2020-09-11T09:53:25.265" />
<allocation-satisfied id="423" threadId="0000000000019A00" bytesRequested="45432" />
<af-end id="424" timestamp="2020-09-11T09:53:25.265" threadId="000000000001A380" success="true" from="nursery"/>
<exclusive-end id="425" timestamp="2020-09-11T09:53:25.265" durationms="1.858" />

<exclusive-start id="426" timestamp="2020-09-11T09:53:25.280" intervalms="16.277">
  <response-info timems="0.099" idlems="0.099" threads="0" lastid="0000000000019A00" lastname="main" />
</exclusive-start>
<af-start id="427" threadId="000000000001A380" totalBytesRequested="11640" timestamp="2020-09-11T09:53:25.280" intervalms="16.298" type="nursery" />
<cycle-start id="428" type="scavenge" contextid="0" timestamp="2020-09-11T09:53:25.280" intervalms="16.304" />
<gc-start id="429" type="scavenge" contextid="428" timestamp="2020-09-11T09:53:25.280">
  <mem-info id="430" free="3010232" total="12320768" percent="24">
    <mem type="nursery" free="0" total="6029312" percent="0">
      <mem type="allocate" free="0" total="5373952" percent="0" />
      <mem type="survivor" free="0" total="655360" percent="0" />
    </mem>
    <mem type="tenure" free="3010232" total="6291456" percent="47">
      <mem type="soa" free="2694840" total="5976064" percent="45" />
      <mem type="loa" free="315392" total="315392" percent="100" />
    </mem>
    <remembered-set count="304" />
  </mem-info>
</gc-start>
<allocation-stats totalBytes="4874352" >
  <allocated-bytes non-tlh="254976" tlh="4619376" />
  <largest-consumer threadName="main" threadId="0000000000019A00" bytes="4874352" />
</allocation-stats>
<gc-op id="431" type="scavenge" timems="1.327" contextid="428" timestamp="2020-09-11T09:53:25.281">
  <scavenger-info tenureage="14" tenuremask="4000" tiltratio="89" />
  <memory-copied type="nursery" objects="4281" bytes="207088" bytesdiscarded="7176" />
  <references type="phantom" candidates="2" cleared="0" enqueued="0" />
</gc-op>
<heap-resize id="432" type="expand" space="nursery" amount="262144" count="1" timems="0.020" reason="excessive time being spent scavenging" timestamp="2020-09-11T09:53:25.281" />
<gc-end id="433" type="scavenge" contextid="428" durationms="1.477" usertimems="2.815" systemtimems="0.000" timestamp="2020-09-11T09:53:25.281" activeThreads="5">
  <mem-info id="434" free="8366520" total="12582912" percent="66">
    <mem type="nursery" free="5356288" total="6291456" percent="85">
      <mem type="allocate" free="5356288" total="5570560" percent="96" />
      <mem type="survivor" free="0" total="720896" percent="0" />
    </mem>
    <mem type="tenure" free="3010232" total="6291456" percent="47">
      <mem type="soa" free="2694840" total="5976064" percent="45" />
      <mem type="loa" free="315392" total="315392" percent="100" />
    </mem>
    <remembered-set count="304" />
  </mem-info>
</gc-end>
<cycle-end id="435" type="scavenge" contextid="428" timestamp="2020-09-11T09:53:25.282" />
<allocation-satisfied id="436" threadId="0000000000019A00" bytesRequested="11640" />
<af-end id="437" timestamp="2020-09-11T09:53:25.282" threadId="000000000001A380" success="true" from="nursery"/>
<exclusive-end id="438" timestamp="2020-09-11T09:53:25.282" durationms="2.046" />

<exclusive-start id="439" timestamp="2020-09-11T09:53:25.298" intervalms="18.314">
  <response-info timems="0.127" idlems="0.127" threads="0" lastid="0000000000019A00" lastname="main" />
</exclusive-start>
<af-start id="440" threadId="000000000001A380" totalBytesRequested="18392" timestamp="2020-09-11T09:53:25.298" intervalms="18.333" type="nursery" />
<cycle-start id="441" type="scavenge" contextid="0" timestamp="2020-09-11T09:53:25.298" intervalms="18.333" />
<gc-start id="442" type="scavenge" contextid="441" timestamp="2020-09-11T09:53:25.298">
  <mem-info id="443" free="3010232" total="12582912" percent="23">
    <mem type="nursery" free="0" total="6291456" percent="0">
      <mem type="allocate" free="0" total="5570560" percent="0" />
      <mem type="survivor" free="0" total="720896" percent="0" />
    </mem>
    <mem type="tenure" free="3010232" total="6291456" percent="47">
      <mem type="soa" free="2694840" total="5976064" percent="45" />
      <mem type="loa" free="315392" total="315392" percent="100" />
    </mem>
    <remembered-set count="304" />
  </mem-info>
</gc-start>
<allocation-stats totalBytes="5047600" >
  <allocated-bytes non-tlh="274128" tlh="4773472" />
  <largest-consumer threadName="main" threadId="0000000000019A00" bytes="5047600" />
</allocation-stats>
<gc-op id="444" type="scavenge" timems="1.466" contextid="441" timestamp="2020-09-11T09:53:25.300">
  <scavenger-info tenureage="3" tenuremask="4018" tiltratio="88" />
  <memory-copied type="nursery" objects="3046" bytes="153832" bytesdiscarded="12816" />
  <memory-copied type="tenure" objects="1808" bytes="76712" bytesdiscarded="88" />
  <references type="phantom" candidates="2" cleared="0" enqueued="0" />
</gc-op>
<heap-resize id="445" type="expand" space="nursery" amount="262144" count="1" timems="0.022" reason="excessive time being spent scavenging" timestamp="2020-09-11T09:53:25.300" />
<gc-end id="446" type="scavenge" contextid="441" durationms="1.613" usertimems="2.861" systemtimems="0.264" timestamp="2020-09-11T09:53:25.300" activeThreads="6">
  <mem-info id="447" free="8604856" total="12845056" percent="66">
    <mem type="nursery" free="5666048" total="6553600" percent="86">
      <mem type="allocate" free="5666048" total="5832704" percent="97" />
      <mem type="survivor" free="0" total="720896" percent="0" />
    </mem>
    <mem type="tenure" free="2938808" total="6291456" percent="46">
      <mem type="soa" free="2623416" total="5976064" percent="43" />
      <mem type="loa" free="315392" total="315392" percent="100" />
    </mem>
    <remembered-set count="121" />
  </mem-info>
</gc-end>
<cycle-end id="448" type="scavenge" contextid="441" timestamp="2020-09-11T09:53:25.300" />
<allocation-satisfied id="449" threadId="0000000000019A00" bytesRequested="18392" />
<af-end id="450" timestamp="2020-09-11T09:53:25.300" threadId="000000000001A380" success="true" from="nursery"/>
<exclusive-end id="451" timestamp="2020-09-11T09:53:25.300" durationms="2.156" />

<exclusive-start id="452" timestamp="2020-09-11T09:53:25.317" intervalms="19.405">
  <response-info timems="0.091" idlems="0.091" threads="0" lastid="0000000000019A00" lastname="main" />
</exclusive-start>
<af-start id="453" threadId="000000000001A380" totalBytesRequested="5152" timestamp="2020-09-11T09:53:25.317" intervalms="19.379" type="nursery" />
<cycle-start id="454" type="scavenge" contextid="0" timestamp="2020-09-11T09:53:25.317" intervalms="19.375" />
<gc-start id="455" type="scavenge" contextid="454" timestamp="2020-09-11T09:53:25.318">
  <mem-info id="456" free="2938808" total="12845056" percent="22">
    <mem type="nursery" free="0" total="6553600" percent="0">
      <mem type="allocate" free="0" total="5832704" percent="0" />
      <mem type="survivor" free="0" total="720896" percent="0" />
    </mem>
    <mem type="tenure" free="2938808" total="6291456" percent="46">
      <mem type="soa" free="2623416" total="5976064" percent="43" />
      <mem type="loa" free="315392" total="315392" percent="100" />
    </mem>
    <remembered-set count="132" />
  </mem-info>
</gc-start>
<allocation-stats totalBytes="5519648" >
  <allocated-bytes non-tlh="64576" tlh="5455072" />
  <largest-consumer threadName="main" threadId="0000000000019A00" bytes="5519648" />
</allocation-stats>
<gc-op id="457" type="scavenge" timems="1.998" contextid="454" timestamp="2020-09-11T09:53:25.320">
  <scavenger-info tenureage="3" tenuremask="4008" tiltratio="89" />
  <memory-copied type="nursery" objects="2935" bytes="141120" bytesdiscarded="25528" />
  <memory-copied type="tenure" objects="1437" bytes="64096" bytesdiscarded="8" />
  <references type="phantom" candidates="2" cleared="0" enqueued="0" />
</gc-op>
<heap-resize id="458" type="expand" space="nursery" amount="393216" count="1" timems="0.020" reason="excessive time being spent scavenging" timestamp="2020-09-11T09:53:25.320" />
<gc-end id="459" type="scavenge" contextid="454" durationms="2.152" usertimems="3.882" systemtimems="0.216" timestamp="2020-09-11T09:53:25.320" activeThreads="6">
  <mem-info id="460" free="8935096" total="13238272" percent="67">
    <mem type="nursery" free="6059264" total="6946816" percent="87">
      <mem type="allocate" free="6059264" total="6225920" percent="97" />
      <mem type="survivor" free="0" total="720896" percent="0" />
    </mem>
    <mem type="tenure" free="2875832" total="6291456" percent="45">
      <mem type="soa" free="2560440" total="5976064" percent="42" />
      <mem type="loa" free="315392" total="315392" percent="100" />
    </mem>
    <remembered-set count="121" />
  </mem-info>
</gc-end>
<cycle-end id="461" type="scavenge" contextid="454" timestamp="2020-09-11T09:53:25.320" />
<allocation-satisfied id="462" threadId="0000000000019A00" bytesRequested="5152" />
<af-end id="463" timestamp="2020-09-11T09:53:25.320" threadId="000000000001A380" success="true" from="nursery"/>
<exclusive-end id="464" timestamp="2020-09-11T09:53:25.320" durationms="2.694" />

<exclusive-start id="465" timestamp="2020-09-11T09:53:25.339" intervalms="21.228">
  <response-info timems="0.074" idlems="0.074" threads="0" lastid="0000000000019A00" lastname="main" />
</exclusive-start>
<af-start id="466" threadId="000000000001A380" totalBytesRequested="34048" timestamp="2020-09-11T09:53:25.339" intervalms="21.242" type="nursery" />
<cycle-start id="467" type="scavenge" contextid="0" timestamp="2020-09-11T09:53:25.339" intervalms="21.245" />
<gc-start id="468" type="scavenge" contextid="467" timestamp="2020-09-11T09:53:25.339">
  <mem-info id="469" free="2875832" total="13238272" percent="21">
    <mem type="nursery" free="0" total="6946816" percent="0">
      <mem type="allocate" free="0" total="6225920" percent="0" />
      <mem type="survivor" free="0" total="720896" percent="0" />
    </mem>
    <mem type="tenure" free="2875832" total="6291456" percent="45">
      <mem type="soa" free="2560440" total="5976064" percent="42" />
      <mem type="loa" free="315392" total="315392" percent="100" />
    </mem>
    <remembered-set count="138" />
  </mem-info>
</gc-start>
<allocation-stats totalBytes="5950608" >
  <allocated-bytes non-tlh="5152" tlh="5945456" />
  <largest-consumer threadName="main" threadId="0000000000019A00" bytes="5950608" />
</allocation-stats>
<gc-op id="470" type="scavenge" timems="1.634" contextid="467" timestamp="2020-09-11T09:53:25.340">
  <scavenger-info tenureage="3" tenuremask="4008" tiltratio="89" />
  <memory-copied type="nursery" objects="3716" bytes="193984" bytesdiscarded="44088" />
  <memory-copied type="tenure" objects="988" bytes="45112" bytesdiscarded="80" />
  <references type="phantom" candidates="2" cleared="0" enqueued="0" />
</gc-op>
<gc-end id="471" type="scavenge" contextid="467" durationms="1.747" usertimems="0.409" systemtimems="2.986" timestamp="2020-09-11T09:53:25.341" activeThreads="6">
  <mem-info id="472" free="8816056" total="13238272" percent="66">
    <mem type="nursery" free="5987840" total="6946816" percent="86">
      <mem type="allocate" free="5987840" total="6225920" percent="96" />
      <mem type="survivor" free="0" total="720896" percent="0" />
    </mem>
    <mem type="tenure" free="2828216" total="6291456" percent="44">
      <mem type="soa" free="2512824" total="5976064" percent="42" />
      <mem type="loa" free="315392" total="315392" percent="100" />
    </mem>
    <remembered-set count="123" />
  </mem-info>
</gc-end>
<cycle-end id="473" type="scavenge" contextid="467" timestamp="2020-09-11T09:53:25.341" />
<allocation-satisfied id="474" threadId="0000000000019A00" bytesRequested="34048" />
<af-end id="475" timestamp="2020-09-11T09:53:25.341" threadId="000000000001A380" success="true" from="nursery"/>
<exclusive-end id="476" timestamp="2020-09-11T09:53:25.341" durationms="2.352" />

<exclusive-start id="477" timestamp="2020-09-11T09:53:25.357" intervalms="18.618">
  <response-info timems="0.091" idlems="0.091" threads="0" lastid="0000000000019A00" lastname="main" />
</exclusive-start>
<af-start id="478" threadId="000000000001A380" totalBytesRequested="4152" timestamp="2020-09-11T09:53:25.357" intervalms="18.617" type="nursery" />
<cycle-start id="479" type="scavenge" contextid="0" timestamp="2020-09-11T09:53:25.357" intervalms="18.620" />
<gc-start id="480" type="scavenge" contextid="479" timestamp="2020-09-11T09:53:25.357">
  <mem-info id="481" free="2828216" total="13238272" percent="21">
    <mem type="nursery" free="0" total="6946816" percent="0">
      <mem type="allocate" free="0" total="6225920" percent="0" />
      <mem type="survivor" free="0" total="720896" percent="0" />
    </mem>
    <mem type="tenure" free="2828216" total="6291456" percent="44">
      <mem type="soa" free="2512824" total="5976064" percent="42" />
      <mem type="loa" free="315392" total="315392" percent="100" />
    </mem>
    <remembered-set count="124" />
  </mem-info>
</gc-start>
<allocation-stats totalBytes="5727016" >
  <allocated-bytes non-tlh="34048" tlh="5692968" />
  <largest-consumer threadName="main" threadId="0000000000019A00" bytes="5727016" />
</allocation-stats>
<gc-op id="482" type="scavenge" timems="2.045" contextid="479" timestamp="2020-09-11T09:53:25.359">
  <scavenger-info tenureage="14" tenuremask="4000" tiltratio="89" />
  <memory-copied type="nursery" objects="4987" bytes="242952" bytesdiscarded="42736" />
  <references type="phantom" candidates="2" cleared="0" enqueued="0" />
</gc-op>
<heap-resize id="483" type="expand" space="nursery" amount="524288" count="1" timems="0.020" reason="excessive time being spent scavenging" timestamp="2020-09-11T09:53:25.360" />
<gc-end id="484" type="scavenge" contextid="479" durationms="2.178" usertimems="3.298" systemtimems="0.442" timestamp="2020-09-11T09:53:25.360" activeThreads="6">
  <mem-info id="485" free="9227192" total="13762560" percent="67">
    <mem type="nursery" free="6398976" total="7471104" percent="85">
      <mem type="allocate" free="6398976" total="6684672" percent="95" />
      <mem type="survivor" free="0" total="786432" percent="0" />
    </mem>
    <mem type="tenure" free="2828216" total="6291456" percent="44">
      <mem type="soa" free="2512824" total="5976064" percent="42" />
      <mem type="loa" free="315392" total="315392" percent="100" />
    </mem>
    <remembered-set count="124" />
  </mem-info>
</gc-end>
<cycle-end id="486" type="scavenge" contextid="479" timestamp="2020-09-11T09:53:25.360" />
<allocation-satisfied id="487" threadId="0000000000019A00" bytesRequested="4152" />
<af-end id="488" timestamp="2020-09-11T09:53:25.360" threadId="000000000001A380" success="true" from="nursery"/>
<exclusive-end id="489" timestamp="2020-09-11T09:53:25.360" durationms="2.756" />

<exclusive-start id="490" timestamp="2020-09-11T09:53:25.378" intervalms="21.257">
  <response-info timems="0.098" idlems="0.098" threads="0" lastid="0000000000019A00" lastname="main" />
</exclusive-start>
<af-start id="491" threadId="000000000001A380" totalBytesRequested="18208" timestamp="2020-09-11T09:53:25.379" intervalms="21.247" type="nursery" />
<cycle-start id="492" type="scavenge" contextid="0" timestamp="2020-09-11T09:53:25.379" intervalms="21.241" />
<gc-start id="493" type="scavenge" contextid="492" timestamp="2020-09-11T09:53:25.379">
  <mem-info id="494" free="2828112" total="13762560" percent="20">
    <mem type="nursery" free="0" total="7471104" percent="0">
      <mem type="allocate" free="0" total="6684672" percent="0" />
      <mem type="survivor" free="0" total="786432" percent="0" />
    </mem>
    <mem type="tenure" free="2828112" total="6291456" percent="44">
      <mem type="soa" free="2512720" total="5976064" percent="42" />
      <mem type="loa" free="315392" total="315392" percent="100" />
    </mem>
    <remembered-set count="135" />
  </mem-info>
</gc-start>
<allocation-stats totalBytes="6137968" >
  <allocated-bytes non-tlh="4256" tlh="6133712" />
  <largest-consumer threadName="main" threadId="0000000000019A00" bytes="6137968" />
</allocation-stats>
<gc-op id="495" type="scavenge" timems="1.459" contextid="492" timestamp="2020-09-11T09:53:25.380">
  <scavenger-info tenureage="3" tenuremask="4018" tiltratio="89" />
  <memory-copied type="nursery" objects="4474" bytes="256128" bytesdiscarded="33728" />
  <memory-copied type="tenure" objects="1898" bytes="84576" bytesdiscarded="176" />
  <references type="phantom" candidates="2" cleared="0" enqueued="0" />
</gc-op>
<gc-end id="496" type="scavenge" contextid="492" durationms="1.567" usertimems="2.940" systemtimems="0.000" timestamp="2020-09-11T09:53:25.380" activeThreads="6">
  <mem-info id="497" free="9127688" total="13762560" percent="66">
    <mem type="nursery" free="6394808" total="7471104" percent="85">
      <mem type="allocate" free="6394808" total="6684672" percent="95" />
      <mem type="survivor" free="0" total="786432" percent="0" />
    </mem>
    <mem type="tenure" free="2732880" total="6291456" percent="43">
      <mem type="soa" free="2417488" total="5976064" percent="40" />
      <mem type="loa" free="315392" total="315392" percent="100" />
    </mem>
    <remembered-set count="102" />
  </mem-info>
</gc-end>
<cycle-end id="498" type="scavenge" contextid="492" timestamp="2020-09-11T09:53:25.380" />
<allocation-satisfied id="499" threadId="0000000000019A00" bytesRequested="18208" />
<af-end id="500" timestamp="2020-09-11T09:53:25.380" threadId="000000000001A380" success="true" from="nursery"/>
<exclusive-end id="501" timestamp="2020-09-11T09:53:25.380" durationms="2.004" />

<exclusive-start id="502" timestamp="2020-09-11T09:53:25.399" intervalms="21.011">
  <response-info timems="0.086" idlems="0.086" threads="0" lastid="0000000000019A00" lastname="main" />
</exclusive-start>
<af-start id="503" threadId="000000000001A380" totalBytesRequested="4104" timestamp="2020-09-11T09:53:25.400" intervalms="21.003" type="nursery" />
<cycle-start id="504" type="scavenge" contextid="0" timestamp="2020-09-11T09:53:25.400" intervalms="21.004" />
<gc-start id="505" type="scavenge" contextid="504" timestamp="2020-09-11T09:53:25.400">
  <mem-info id="506" free="2732672" total="13762560" percent="19">
    <mem type="nursery" free="0" total="7471104" percent="0">
      <mem type="allocate" free="0" total="6684672" percent="0" />
      <mem type="survivor" free="0" total="786432" percent="0" />
    </mem>
    <mem type="tenure" free="2732672" total="6291456" percent="43">
      <mem type="soa" free="2417280" total="5976064" percent="40" />
      <mem type="loa" free="315392" total="315392" percent="100" />
    </mem>
    <remembered-set count="122" />
  </mem-info>
</gc-start>
<allocation-stats totalBytes="6252032" >
  <allocated-bytes non-tlh="104632" tlh="6147400" />
  <largest-consumer threadName="main" threadId="0000000000019A00" bytes="6252032" />
</allocation-stats>
<gc-op id="507" type="scavenge" timems="2.648" contextid="504" timestamp="2020-09-11T09:53:25.402">
  <scavenger-info tenureage="14" tenuremask="4000" tiltratio="89" />
  <memory-copied type="nursery" objects="5795" bytes="288968" bytesdiscarded="3632" />
  <references type="phantom" candidates="2" cleared="0" enqueued="0" />
</gc-op>
<heap-resize id="508" type="expand" space="nursery" amount="524288" count="1" timems="0.030" reason="excessive time being spent scavenging" timestamp="2020-09-11T09:53:25.402" />
<gc-end id="509" type="scavenge" contextid="504" durationms="2.795" usertimems="0.444" systemtimems="3.638" timestamp="2020-09-11T09:53:25.402" activeThreads="6">
  <mem-info id="510" free="9583488" total="14286848" percent="67">
    <mem type="nursery" free="6850816" total="7995392" percent="85">
      <mem type="allocate" free="6850816" total="7143424" percent="95" />
      <mem type="survivor" free="0" total="851968" percent="0" />
    </mem>
    <mem type="tenure" free="2732672" total="6291456" percent="43">
      <mem type="soa" free="2417280" total="5976064" percent="40" />
      <mem type="loa" free="315392" total="315392" percent="100" />
    </mem>
    <remembered-set count="115" />
  </mem-info>
</gc-end>
<cycle-end id="511" type="scavenge" contextid="504" timestamp="2020-09-11T09:53:25.403" />
<allocation-satisfied id="512" threadId="0000000000019A00" bytesRequested="4104" />
<af-end id="513" timestamp="2020-09-11T09:53:25.403" threadId="000000000001A380" success="true" from="nursery"/>
<exclusive-end id="514" timestamp="2020-09-11T09:53:25.403" durationms="3.182" />

<exclusive-start id="515" timestamp="2020-09-11T09:53:25.424" intervalms="24.797">
  <response-info timems="0.088" idlems="0.088" threads="0" lastid="0000000000019A00" lastname="main" />
</exclusive-start>
<af-start id="516" threadId="000000000001A380" totalBytesRequested="4104" timestamp="2020-09-11T09:53:25.424" intervalms="24.816" type="nursery" />
<cycle-start id="517" type="scavenge" contextid="0" timestamp="2020-09-11T09:53:25.424" intervalms="24.819" />
<gc-start id="518" type="scavenge" contextid="517" timestamp="2020-09-11T09:53:25.424">
  <mem-info id="519" free="2732672" total="14286848" percent="19">
    <mem type="nursery" free="0" total="7995392" percent="0">
      <mem type="allocate" free="0" total="7143424" percent="0" />
      <mem type="survivor" free="0" total="851968" percent="0" />
    </mem>
    <mem type="tenure" free="2732672" total="6291456" percent="43">
      <mem type="soa" free="2417280" total="5976064" percent="40" />
      <mem type="loa" free="315392" total="315392" percent="100" />
    </mem>
    <remembered-set count="145" />
  </mem-info>
</gc-start>
<allocation-stats totalBytes="6650064" >
  <allocated-bytes non-tlh="4104" tlh="6645960" />
  <largest-consumer threadName="main" threadId="0000000000019A00" bytes="6650064" />
</allocation-stats>
<gc-op id="520" type="scavenge" timems="1.655" contextid="517" timestamp="2020-09-11T09:53:25.426">
  <scavenger-info tenureage="3" tenuremask="4018" tiltratio="89" />
  <memory-copied type="nursery" objects="4349" bytes="217232" bytesdiscarded="44648" />
  <memory-copied type="tenure" objects="3047" bytes="149792" bytesdiscarded="272" />
  <references type="phantom" candidates="2" cleared="0" enqueued="0" />
</gc-op>
<gc-end id="521" type="scavenge" contextid="517" durationms="1.758" usertimems="5.519" systemtimems="0.000" timestamp="2020-09-11T09:53:25.426" activeThreads="6">
  <mem-info id="522" free="9479808" total="14286848" percent="66">
    <mem type="nursery" free="6881536" total="7995392" percent="86">
      <mem type="allocate" free="6881536" total="7143424" percent="96" />
      <mem type="survivor" free="0" total="851968" percent="0" />
    </mem>
    <mem type="tenure" free="2598272" total="6291456" percent="41">
      <mem type="soa" free="2282880" total="5976064" percent="38" />
      <mem type="loa" free="315392" total="315392" percent="100" />
    </mem>
    <remembered-set count="130" />
  </mem-info>
</gc-end>
<cycle-end id="523" type="scavenge" contextid="517" timestamp="2020-09-11T09:53:25.426" />
<allocation-satisfied id="524" threadId="0000000000019A00" bytesRequested="4104" />
<af-end id="525" timestamp="2020-09-11T09:53:25.426" threadId="000000000001A380" success="true" from="nursery"/>
<exclusive-end id="526" timestamp="2020-09-11T09:53:25.426" durationms="2.250" />

<exclusive-start id="527" timestamp="2020-09-11T09:53:25.446" intervalms="21.936">
  <response-info timems="0.110" idlems="0.110" threads="0" lastid="0000000000019A00" lastname="main" />
</exclusive-start>
<af-start id="528" threadId="000000000001A380" totalBytesRequested="4104" timestamp="2020-09-11T09:53:25.446" intervalms="21.931" type="nursery" />
<cycle-start id="529" type="scavenge" contextid="0" timestamp="2020-09-11T09:53:25.446" intervalms="21.931" />
<gc-start id="530" type="scavenge" contextid="529" timestamp="2020-09-11T09:53:25.446">
  <mem-info id="531" free="2598272" total="14286848" percent="18">
    <mem type="nursery" free="0" total="7995392" percent="0">
      <mem type="allocate" free="0" total="7143424" percent="0" />
      <mem type="survivor" free="0" total="851968" percent="0" />
    </mem>
    <mem type="tenure" free="2598272" total="6291456" percent="41">
      <mem type="soa" free="2282880" total="5976064" percent="38" />
      <mem type="loa" free="315392" total="315392" percent="100" />
    </mem>
    <remembered-set count="140" />
  </mem-info>
</gc-start>
<allocation-stats totalBytes="6628856" >
  <allocated-bytes non-tlh="4104" tlh="6624752" />
  <largest-consumer threadName="main" threadId="0000000000019A00" bytes="6628856" />
</allocation-stats>
<gc-op id="532" type="scavenge" timems="3.120" contextid="529" timestamp="2020-09-11T09:53:25.450">
  <scavenger-info tenureage="3" tenuremask="4008" tiltratio="89" />
  <memory-copied type="nursery" objects="4713" bytes="238984" bytesdiscarded="46704" />
  <memory-copied type="tenure" objects="1329" bytes="69864" bytesdiscarded="168" />
  <references type="phantom" candidates="2" cleared="0" enqueued="0" />
</gc-op>
<heap-resize id="533" type="expand" space="nursery" amount="655360" count="1" timems="0.029" reason="excessive time being spent scavenging" timestamp="2020-09-11T09:53:25.450" />
<gc-end id="534" type="scavenge" contextid="529" durationms="3.304" usertimems="5.221" systemtimems="0.319" timestamp="2020-09-11T09:53:25.450" activeThreads="6">
  <mem-info id="535" free="9974400" total="14942208" percent="66">
    <mem type="nursery" free="7447552" total="8650752" percent="86">
      <mem type="allocate" free="7447552" total="7733248" percent="96" />
      <mem type="survivor" free="0" total="917504" percent="0" />
    </mem>
    <mem type="tenure" free="2526848" total="6291456" percent="40">
      <mem type="soa" free="2211456" total="5976064" percent="37" />
      <mem type="loa" free="315392" total="315392" percent="100" />
    </mem>
    <remembered-set count="107" />
  </mem-info>
</gc-end>
<cycle-end id="536" type="scavenge" contextid="529" timestamp="2020-09-11T09:53:25.450" />
<allocation-satisfied id="537" threadId="0000000000019A00" bytesRequested="4104" />
<af-end id="538" timestamp="2020-09-11T09:53:25.450" threadId="000000000001A380" success="true" from="nursery"/>
<exclusive-end id="539" timestamp="2020-09-11T09:53:25.450" durationms="3.812" />

<exclusive-start id="540" timestamp="2020-09-11T09:53:25.607" intervalms="160.666">
  <response-info timems="0.055" idlems="0.055" threads="0" lastid="0000000000019A00" lastname="main" />
</exclusive-start>
<af-start id="541" threadId="000000000001A380" totalBytesRequested="15368" timestamp="2020-09-11T09:53:25.607" intervalms="160.639" type="nursery" />
<cycle-start id="542" type="scavenge" contextid="0" timestamp="2020-09-11T09:53:25.607" intervalms="160.635" />
<gc-start id="543" type="scavenge" contextid="542" timestamp="2020-09-11T09:53:25.607">
  <mem-info id="544" free="2518128" total="14942208" percent="16">
    <mem type="nursery" free="0" total="8650752" percent="0">
      <mem type="allocate" free="0" total="7733248" percent="0" />
      <mem type="survivor" free="0" total="917504" percent="0" />
    </mem>
    <mem type="tenure" free="2518128" total="6291456" percent="40">
      <mem type="soa" free="2202736" total="5976064" percent="36" />
      <mem type="loa" free="315392" total="315392" percent="100" />
    </mem>
    <remembered-set count="264" />
  </mem-info>
</gc-start>
<allocation-stats totalBytes="7445576" >
  <allocated-bytes non-tlh="193064" tlh="7252512" />
  <largest-consumer threadName="main" threadId="0000000000019A00" bytes="7445576" />
</allocation-stats>
<gc-op id="545" type="scavenge" timems="2.047" contextid="542" timestamp="2020-09-11T09:53:25.609">
  <scavenger-info tenureage="2" tenuremask="400c" tiltratio="89" />
  <memory-copied type="nursery" objects="3318" bytes="192544" bytesdiscarded="52576" />
  <memory-copied type="tenure" objects="2910" bytes="136824" bytesdiscarded="280" />
  <finalization candidates="2" enqueued="0" />
  <references type="soft" candidates="31" cleared="0" enqueued="0" dynamicThreshold="32" maxThreshold="32" />
  <references type="weak" candidates="51" cleared="14" enqueued="9" />
  <references type="phantom" candidates="2" cleared="0" enqueued="0" />
</gc-op>
<gc-end id="546" type="scavenge" contextid="542" durationms="2.170" usertimems="3.918" systemtimems="0.000" timestamp="2020-09-11T09:53:25.609" activeThreads="7">
  <mem-info id="547" free="9863272" total="14942208" percent="66">
    <mem type="nursery" free="7487992" total="8650752" percent="86">
      <mem type="allocate" free="7487992" total="7733248" percent="96" />
      <mem type="survivor" free="0" total="917504" percent="0" />
    </mem>
    <mem type="tenure" free="2375280" total="6291456" percent="37">
      <mem type="soa" free="2059888" total="5976064" percent="34" />
      <mem type="loa" free="315392" total="315392" percent="100" />
    </mem>
    <pending-finalizers system="0" default="0" reference="9" classloader="0" />
    <remembered-set count="243" />
  </mem-info>
</gc-end>
<cycle-end id="548" type="scavenge" contextid="542" timestamp="2020-09-11T09:53:25.609" />
<allocation-satisfied id="549" threadId="0000000000019A00" bytesRequested="15368" />
<af-end id="550" timestamp="2020-09-11T09:53:25.609" threadId="000000000001A380" success="true" from="nursery"/>
<exclusive-end id="551" timestamp="2020-09-11T09:53:25.609" durationms="2.592" />

<exclusive-start id="552" timestamp="2020-09-11T09:53:25.794" intervalms="187.028">
  <response-info timems="0.067" idlems="0.067" threads="0" lastid="0000000000019A00" lastname="main" />
</exclusive-start>
<af-start id="553" threadId="000000000001A380" totalBytesRequested="5144" timestamp="2020-09-11T09:53:25.794" intervalms="187.074" type="nursery" />
<cycle-start id="554" type="scavenge" contextid="0" timestamp="2020-09-11T09:53:25.794" intervalms="187.084" />
<gc-start id="555" type="scavenge" contextid="554" timestamp="2020-09-11T09:53:25.794">
  <mem-info id="556" free="2171304" total="14942208" percent="14">
    <mem type="nursery" free="0" total="8650752" percent="0">
      <mem type="allocate" free="0" total="7733248" percent="0" />
      <mem type="survivor" free="0" total="917504" percent="0" />
    </mem>
    <mem type="tenure" free="2171304" total="6291456" percent="34">
      <mem type="soa" free="1855912" total="5976064" percent="31" />
      <mem type="loa" free="315392" total="315392" percent="100" />
    </mem>
    <remembered-set count="3396" />
  </mem-info>
</gc-start>
<allocation-stats totalBytes="7672856" >
  <allocated-bytes non-tlh="219344" tlh="7453512" />
  <largest-consumer threadName="main" threadId="0000000000019A00" bytes="7631896" />
</allocation-stats>
<gc-op id="557" type="scavenge" timems="3.945" contextid="554" timestamp="2020-09-11T09:53:25.798">
  <scavenger-info tenureage="2" tenuremask="4004" tiltratio="89" />
  <memory-copied type="nursery" objects="12269" bytes="539888" bytesdiscarded="63160" />
  <memory-copied type="tenure" objects="1694" bytes="91648" bytesdiscarded="176" />
  <finalization candidates="13" enqueued="6" />
  <ownableSynchronizers candidates="9" cleared="0" />
  <references type="soft" candidates="63" cleared="0" enqueued="0" dynamicThreshold="32" maxThreshold="32" />
  <references type="weak" candidates="1148" cleared="803" enqueued="730" />
  <references type="phantom" candidates="5" cleared="1" enqueued="1" />
</gc-op>
<gc-end id="558" type="scavenge" contextid="554" durationms="4.161" usertimems="8.428" systemtimems="0.573" timestamp="2020-09-11T09:53:25.798" activeThreads="7">
  <mem-info id="559" free="9213408" total="14942208" percent="61">
    <mem type="nursery" free="7128888" total="8650752" percent="82">
      <mem type="allocate" free="7128888" total="7733248" percent="92" />
      <mem type="survivor" free="0" total="917504" percent="0" />
    </mem>
    <mem type="tenure" free="2084520" total="6291456" percent="33">
      <mem type="soa" free="1769128" total="5976064" percent="29" />
      <mem type="loa" free="315392" total="315392" percent="100" />
    </mem>
    <pending-finalizers system="1" default="5" reference="731" classloader="0" />
    <remembered-set count="3376" />
  </mem-info>
</gc-end>
<cycle-end id="560" type="scavenge" contextid="554" timestamp="2020-09-11T09:53:25.799" />
<allocation-satisfied id="561" threadId="0000000000019A00" bytesRequested="5144" />
<af-end id="562" timestamp="2020-09-11T09:53:25.799" threadId="000000000001A380" success="true" from="nursery"/>
<exclusive-end id="563" timestamp="2020-09-11T09:53:25.799" durationms="4.954" />

<exclusive-start id="564" timestamp="2020-09-11T09:53:25.971" intervalms="177.083">
  <response-info timems="0.071" idlems="0.071" threads="0" lastid="0000000000019A00" lastname="main" />
</exclusive-start>
<af-start id="565" threadId="000000000001A380" totalBytesRequested="5544" timestamp="2020-09-11T09:53:25.971" intervalms="177.098" type="nursery" />
<cycle-start id="566" type="scavenge" contextid="0" timestamp="2020-09-11T09:53:25.971" intervalms="177.096" />
<gc-start id="567" type="scavenge" contextid="566" timestamp="2020-09-11T09:53:25.971">
  <mem-info id="568" free="1968808" total="14942208" percent="13">
    <mem type="nursery" free="0" total="8650752" percent="0">
      <mem type="allocate" free="0" total="7733248" percent="0" />
      <mem type="survivor" free="0" total="917504" percent="0" />
    </mem>
    <mem type="tenure" free="1968808" total="6291456" percent="31">
      <mem type="soa" free="1653416" total="5976064" percent="27" />
      <mem type="loa" free="315392" total="315392" percent="100" />
    </mem>
    <remembered-set count="5191" />
  </mem-info>
</gc-start>
<allocation-stats totalBytes="7233376" >
  <allocated-bytes non-tlh="120856" tlh="7112520" />
  <largest-consumer threadName="main" threadId="0000000000019A00" bytes="7221544" />
</allocation-stats>
<gc-op id="569" type="scavenge" timems="4.065" contextid="566" timestamp="2020-09-11T09:53:25.975">
  <scavenger-info tenureage="14" tenuremask="4000" tiltratio="89" />
  <memory-copied type="nursery" objects="21108" bytes="871632" bytesdiscarded="44440" />
  <memory-copied type="tenure" objects="4635" bytes="96032" bytesdiscarded="32" />
  <copy-failed type="nursery" objects="4635" bytes="96032" />
  <finalization candidates="9" enqueued="0" />
  <ownableSynchronizers candidates="9" cleared="0" />
  <references type="soft" candidates="2290" cleared="0" enqueued="0" dynamicThreshold="32" maxThreshold="32" />
  <references type="weak" candidates="1348" cleared="691" enqueued="592" />
  <references type="phantom" candidates="12" cleared="4" enqueued="4" />
</gc-op>
<gc-end id="570" type="scavenge" contextid="566" durationms="4.276" usertimems="11.233" systemtimems="0.000" timestamp="2020-09-11T09:53:25.976" activeThreads="7">
  <mem-info id="571" free="8018600" total="14942208" percent="53">
    <mem type="nursery" free="6160384" total="8650752" percent="71">
      <mem type="allocate" free="6160384" total="7077888" percent="87" />
      <mem type="survivor" free="0" total="1572864" percent="0" />
    </mem>
    <mem type="tenure" free="1858216" total="6291456" percent="29">
      <mem type="soa" free="1542824" total="5976064" percent="25" />
      <mem type="loa" free="315392" total="315392" percent="100" />
    </mem>
    <pending-finalizers system="0" default="0" reference="596" classloader="0" />
    <remembered-set count="5164" />
  </mem-info>
</gc-end>
<cycle-end id="572" type="scavenge" contextid="566" timestamp="2020-09-11T09:53:25.976" />
<allocation-satisfied id="573" threadId="0000000000019A00" bytesRequested="5544" />
<af-end id="574" timestamp="2020-09-11T09:53:25.976" threadId="000000000001A380" success="true" from="nursery"/>
<exclusive-end id="575" timestamp="2020-09-11T09:53:25.976" durationms="5.012" />

<exclusive-start id="576" timestamp="2020-09-11T09:53:26.000" intervalms="28.550">
  <response-info timems="0.096" idlems="0.096" threads="0" lastid="0000000000019A00" lastname="main" />
</exclusive-start>
<af-start id="577" threadId="000000000001A380" totalBytesRequested="4104" timestamp="2020-09-11T09:53:26.000" intervalms="28.556" type="nursery" />
<cycle-start id="578" type="scavenge" contextid="0" timestamp="2020-09-11T09:53:26.000" intervalms="28.554" />
<gc-start id="579" type="scavenge" contextid="578" timestamp="2020-09-11T09:53:26.000">
  <mem-info id="580" free="1851352" total="14942208" percent="12">
    <mem type="nursery" free="0" total="8650752" percent="0">
      <mem type="allocate" free="0" total="7077888" percent="0" />
      <mem type="survivor" free="0" total="1572864" percent="0" />
    </mem>
    <mem type="tenure" free="1851352" total="6291456" percent="29">
      <mem type="soa" free="1535960" total="5976064" percent="25" />
      <mem type="loa" free="315392" total="315392" percent="100" />
    </mem>
    <remembered-set count="5239" />
  </mem-info>
</gc-start>
<allocation-stats totalBytes="6120784" >
  <allocated-bytes non-tlh="12408" tlh="6108376" />
  <largest-consumer threadName="main" threadId="0000000000019A00" bytes="6100696" />
</allocation-stats>
<gc-op id="581" type="scavenge" timems="3.219" contextid="578" timestamp="2020-09-11T09:53:26.003">
  <scavenger-info tenureage="3" tenuremask="fff8" tiltratio="81" />
  <memory-copied type="nursery" objects="18641" bytes="760912" bytesdiscarded="73584" />
  <memory-copied type="tenure" objects="1586" bytes="75472" bytesdiscarded="8" />
  <finalization candidates="9" enqueued="0" />
  <ownableSynchronizers candidates="9" cleared="0" />
  <references type="soft" candidates="2259" cleared="0" enqueued="0" dynamicThreshold="32" maxThreshold="32" />
  <references type="weak" candidates="677" cleared="56" enqueued="56" />
  <references type="phantom" candidates="9" cleared="0" enqueued="0" />
</gc-op>
<heap-resize id="582" type="expand" space="nursery" amount="524288" count="1" timems="0.038" reason="excessive time being spent scavenging" timestamp="2020-09-11T09:53:26.003" />
<gc-end id="583" type="scavenge" contextid="578" durationms="3.459" usertimems="5.666" systemtimems="3.869" timestamp="2020-09-11T09:53:26.003" activeThreads="7">
  <mem-info id="584" free="8435912" total="15466496" percent="54">
    <mem type="nursery" free="6700528" total="9175040" percent="73">
      <mem type="allocate" free="6700528" total="7536640" percent="88" />
      <mem type="survivor" free="0" total="1638400" percent="0" />
    </mem>
    <mem type="tenure" free="1735384" total="6291456" percent="27">
      <mem type="soa" free="1419992" total="5976064" percent="23" />
      <mem type="loa" free="315392" total="315392" percent="100" />
    </mem>
    <pending-finalizers system="0" default="0" reference="56" classloader="0" />
    <remembered-set count="2232" />
  </mem-info>
</gc-end>
<cycle-end id="585" type="scavenge" contextid="578" timestamp="2020-09-11T09:53:26.003" />
<allocation-satisfied id="586" threadId="0000000000019A00" bytesRequested="4104" />
<af-end id="587" timestamp="2020-09-11T09:53:26.003" threadId="000000000001A380" success="true" from="nursery"/>
<exclusive-end id="588" timestamp="2020-09-11T09:53:26.003" durationms="3.986" />

<exclusive-start id="589" timestamp="2020-09-11T09:53:26.055" intervalms="55.202">
  <response-info timems="0.060" idlems="0.060" threads="0" lastid="0000000000019A00" lastname="main" />
</exclusive-start>
<af-start id="590" threadId="000000000001A380" totalBytesRequested="4272" timestamp="2020-09-11T09:53:26.055" intervalms="55.167" type="nursery" />
<cycle-start id="591" type="scavenge" contextid="0" timestamp="2020-09-11T09:53:26.055" intervalms="55.162" />
<gc-start id="592" type="scavenge" contextid="591" timestamp="2020-09-11T09:53:26.055">
  <mem-info id="593" free="1704016" total="15466496" percent="11">
    <mem type="nursery" free="0" total="9175040" percent="0">
      <mem type="allocate" free="0" total="7536640" percent="0" />
      <mem type="survivor" free="0" total="1638400" percent="0" />
    </mem>
    <mem type="tenure" free="1704016" total="6291456" percent="27">
      <mem type="soa" free="1388624" total="5976064" percent="23" />
      <mem type="loa" free="315392" total="315392" percent="100" />
    </mem>
    <remembered-set count="2552" />
  </mem-info>
</gc-start>
<allocation-stats totalBytes="6670256" >
  <allocated-bytes non-tlh="35472" tlh="6634784" />
  <largest-consumer threadName="main" threadId="0000000000019A00" bytes="6670256" />
</allocation-stats>
<gc-op id="594" type="scavenge" timems="3.834" contextid="591" timestamp="2020-09-11T09:53:26.059">
  <scavenger-info tenureage="3" tenuremask="ffe8" tiltratio="82" />
  <memory-copied type="nursery" objects="11615" bytes="429312" bytesdiscarded="152344" />
  <memory-copied type="tenure" objects="7783" bytes="367400" bytesdiscarded="1192" />
  <finalization candidates="7" enqueued="0" />
  <ownableSynchronizers candidates="9" cleared="0" />
  <references type="soft" candidates="2230" cleared="0" enqueued="0" dynamicThreshold="32" maxThreshold="32" />
  <references type="weak" candidates="592" cleared="276" enqueued="276" />
  <references type="phantom" candidates="6" cleared="0" enqueued="0" />
</gc-op>
<gc-end id="595" type="scavenge" contextid="591" durationms="4.009" usertimems="10.637" systemtimems="0.292" timestamp="2020-09-11T09:53:26.059" activeThreads="7">
  <mem-info id="596" free="8535832" total="15466496" percent="55">
    <mem type="nursery" free="7216584" total="9175040" percent="78">
      <mem type="allocate" free="7216584" total="7798784" percent="92" />
      <mem type="survivor" free="0" total="1376256" percent="0" />
    </mem>
    <mem type="tenure" free="1319248" total="6291456" percent="20">
      <mem type="soa" free="1003856" total="5976064" percent="16" />
      <mem type="loa" free="315392" total="315392" percent="100" />
    </mem>
    <pending-finalizers system="0" default="0" reference="276" classloader="0" />
    <remembered-set count="1015" />
  </mem-info>
</gc-end>
<cycle-end id="597" type="scavenge" contextid="591" timestamp="2020-09-11T09:53:26.059" />
<allocation-satisfied id="598" threadId="0000000000019A00" bytesRequested="4272" />
<af-end id="599" timestamp="2020-09-11T09:53:26.059" threadId="000000000001A380" success="true" from="nursery"/>
<exclusive-end id="600" timestamp="2020-09-11T09:53:26.059" durationms="4.490" />

<exclusive-start id="601" timestamp="2020-09-11T09:53:26.134" intervalms="79.006">
  <response-info timems="0.063" idlems="0.063" threads="0" lastid="0000000000019A00" lastname="main" />
</exclusive-start>
<af-start id="602" threadId="000000000001A380" totalBytesRequested="15560" timestamp="2020-09-11T09:53:26.134" intervalms="79.017" type="nursery" />
<cycle-start id="603" type="scavenge" contextid="0" timestamp="2020-09-11T09:53:26.134" intervalms="79.030" />
<gc-start id="604" type="scavenge" contextid="603" timestamp="2020-09-11T09:53:26.134">
  <mem-info id="605" free="1266296" total="15466496" percent="8">
    <mem type="nursery" free="0" total="9175040" percent="0">
      <mem type="allocate" free="0" total="7798784" percent="0" />
      <mem type="survivor" free="0" total="1376256" percent="0" />
    </mem>
    <mem type="tenure" free="1266296" total="6291456" percent="20">
      <mem type="soa" free="950904" total="5976064" percent="15" />
      <mem type="loa" free="315392" total="315392" percent="100" />
    </mem>
    <remembered-set count="1551" />
  </mem-info>
</gc-start>
<allocation-stats totalBytes="7187032" >
  <allocated-bytes non-tlh="57224" tlh="7129808" />
  <largest-consumer threadName="main" threadId="0000000000019A00" bytes="7187032" />
</allocation-stats>
<gc-op id="606" type="scavenge" timems="3.652" contextid="603" timestamp="2020-09-11T09:53:26.138">
  <scavenger-info tenureage="3" tenuremask="ffe8" tiltratio="85" />
  <memory-copied type="nursery" objects="2150" bytes="124840" bytesdiscarded="74560" />
  <memory-copied type="tenure" objects="10369" bytes="358328" bytesdiscarded="1112" />
  <finalization candidates="2" enqueued="0" />
  <references type="soft" candidates="4" cleared="0" enqueued="0" dynamicThreshold="32" maxThreshold="32" />
  <references type="weak" candidates="499" cleared="493" enqueued="493" />
  <references type="phantom" candidates="6" cleared="2" enqueued="2" />
</gc-op>
<gc-end id="607" type="scavenge" contextid="603" durationms="3.851" usertimems="10.068" systemtimems="0.219" timestamp="2020-09-11T09:53:26.138" activeThreads="7">
  <mem-info id="608" free="8775240" total="15466496" percent="56">
    <mem type="nursery" free="7795672" total="9175040" percent="84">
      <mem type="allocate" free="7795672" total="7995392" percent="97" />
      <mem type="survivor" free="0" total="1179648" percent="0" />
    </mem>
    <mem type="tenure" free="979568" total="6291456" percent="15">
      <mem type="soa" free="664176" total="5976064" percent="11" />
      <mem type="loa" free="315392" total="315392" percent="100" />
    </mem>
    <pending-finalizers system="0" default="0" reference="495" classloader="0" />
    <remembered-set count="1053" />
  </mem-info>
</gc-end>
<cycle-end id="609" type="scavenge" contextid="603" timestamp="2020-09-11T09:53:26.138" />
<allocation-satisfied id="610" threadId="0000000000019A00" bytesRequested="15560" />
<af-end id="611" timestamp="2020-09-11T09:53:26.138" threadId="000000000001A380" success="true" from="nursery"/>
<exclusive-end id="612" timestamp="2020-09-11T09:53:26.138" durationms="4.522" />

<exclusive-start id="613" timestamp="2020-09-11T09:53:26.201" intervalms="67.528">
  <response-info timems="0.028" idlems="0.028" threads="0" lastid="0000000000019A00" lastname="main" />
</exclusive-start>
<af-start id="614" threadId="000000000001A380" totalBytesRequested="856" timestamp="2020-09-11T09:53:26.201" intervalms="67.518" type="nursery" />
<cycle-start id="615" type="scavenge" contextid="0" timestamp="2020-09-11T09:53:26.201" intervalms="67.506" />
<gc-start id="616" type="scavenge" contextid="615" timestamp="2020-09-11T09:53:26.201">
  <mem-info id="617" free="924312" total="15466496" percent="5">
    <mem type="nursery" free="0" total="9175040" percent="0">
      <mem type="allocate" free="0" total="7995392" percent="0" />
      <mem type="survivor" free="0" total="1179648" percent="0" />
    </mem>
    <mem type="tenure" free="924312" total="6291456" percent="14">
      <mem type="soa" free="608920" total="5976064" percent="10" />
      <mem type="loa" free="315392" total="315392" percent="100" />
    </mem>
    <remembered-set count="1620" />
  </mem-info>
</gc-start>
<allocation-stats totalBytes="7720968" >
  <allocated-bytes non-tlh="153704" tlh="7567264" />
  <largest-consumer threadName="main" threadId="0000000000019A00" bytes="7716872" />
</allocation-stats>
<gc-op id="618" type="scavenge" timems="2.504" contextid="615" timestamp="2020-09-11T09:53:26.204">
  <scavenger-info tenureage="3" tenuremask="ffe8" tiltratio="87" />
  <memory-copied type="nursery" objects="2173" bytes="102056" bytesdiscarded="24616" />
  <memory-copied type="tenure" objects="300" bytes="25816" bytesdiscarded="0" />
  <references type="soft" candidates="7" cleared="0" enqueued="0" dynamicThreshold="32" maxThreshold="32" />
  <references type="weak" candidates="525" cleared="507" enqueued="507" />
  <references type="phantom" candidates="4" cleared="1" enqueued="1" />
</gc-op>
<gc-end id="619" type="scavenge" contextid="615" durationms="2.635" usertimems="4.638" systemtimems="0.563" timestamp="2020-09-11T09:53:26.204" activeThreads="7">
  <mem-info id="620" free="8965744" total="15466496" percent="57">
    <mem type="nursery" free="8065240" total="9175040" percent="87">
      <mem type="allocate" free="8065240" total="8192000" percent="98" />
      <mem type="survivor" free="0" total="983040" percent="0" />
    </mem>
    <mem type="tenure" free="900504" total="6291456" percent="14">
      <mem type="soa" free="585112" total="5976064" percent="9" />
      <mem type="loa" free="315392" total="315392" percent="100" />
    </mem>
    <pending-finalizers system="0" default="0" reference="508" classloader="0" />
    <remembered-set count="1307" />
  </mem-info>
</gc-end>
<cycle-end id="621" type="scavenge" contextid="615" timestamp="2020-09-11T09:53:26.204" />
<allocation-satisfied id="622" threadId="0000000000019A00" bytesRequested="856" />
<af-end id="623" timestamp="2020-09-11T09:53:26.204" threadId="000000000001A380" success="true" from="nursery"/>
<exclusive-end id="624" timestamp="2020-09-11T09:53:26.204" durationms="3.194" />

<exclusive-start id="625" timestamp="2020-09-11T09:53:26.232" intervalms="30.902">
  <response-info timems="0.061" idlems="0.061" threads="0" lastid="0000000000019A00" lastname="main" />
</exclusive-start>
<af-start id="626" threadId="000000000001A380" totalBytesRequested="856" timestamp="2020-09-11T09:53:26.232" intervalms="30.907" type="nursery" />
<cycle-start id="627" type="scavenge" contextid="0" timestamp="2020-09-11T09:53:26.232" intervalms="30.908" />
<gc-start id="628" type="scavenge" contextid="627" timestamp="2020-09-11T09:53:26.232">
  <mem-info id="629" free="881256" total="15466496" percent="5">
    <mem type="nursery" free="0" total="9175040" percent="0">
      <mem type="allocate" free="0" total="8192000" percent="0" />
      <mem type="survivor" free="0" total="983040" percent="0" />
    </mem>
    <mem type="tenure" free="881256" total="6291456" percent="14">
      <mem type="soa" free="565864" total="5976064" percent="9" />
      <mem type="loa" free="315392" total="315392" percent="100" />
    </mem>
    <remembered-set count="1525" />
  </mem-info>
</gc-start>
<allocation-stats totalBytes="8013864" >
  <allocated-bytes non-tlh="2059216" tlh="5954648" />
  <largest-consumer threadName="main" threadId="0000000000019A00" bytes="8009768" />
</allocation-stats>
<gc-op id="630" type="scavenge" timems="1.704" contextid="627" timestamp="2020-09-11T09:53:26.234">
  <scavenger-info tenureage="3" tenuremask="ffe8" tiltratio="89" />
  <memory-copied type="nursery" objects="1441" bytes="92208" bytesdiscarded="100280" />
  <memory-copied type="tenure" objects="100" bytes="2776" bytesdiscarded="0" />
  <references type="soft" candidates="7" cleared="0" enqueued="0" dynamicThreshold="32" maxThreshold="32" />
  <references type="weak" candidates="192" cleared="177" enqueued="177" />
  <references type="phantom" candidates="9" cleared="1" enqueued="1" />
</gc-op>
<heap-resize id="631" type="expand" space="nursery" amount="393216" count="1" timems="0.027" reason="excessive time being spent scavenging" timestamp="2020-09-11T09:53:26.234" />
<gc-end id="632" type="scavenge" contextid="627" durationms="1.861" usertimems="3.053" systemtimems="0.049" timestamp="2020-09-11T09:53:26.234" activeThreads="7">
  <mem-info id="633" free="9273896" total="15859712" percent="58">
    <mem type="nursery" free="8392640" total="9568256" percent="87">
      <mem type="allocate" free="8392640" total="8585216" percent="97" />
      <mem type="survivor" free="0" total="983040" percent="0" />
    </mem>
    <mem type="tenure" free="881256" total="6291456" percent="14">
      <mem type="soa" free="565864" total="5976064" percent="9" />
      <mem type="loa" free="315392" total="315392" percent="100" />
    </mem>
    <pending-finalizers system="0" default="0" reference="178" classloader="0" />
    <remembered-set count="1003" />
  </mem-info>
</gc-end>
<cycle-end id="634" type="scavenge" contextid="627" timestamp="2020-09-11T09:53:26.234" />
<allocation-satisfied id="635" threadId="0000000000019A00" bytesRequested="856" />
<af-end id="636" timestamp="2020-09-11T09:53:26.235" threadId="000000000001A380" success="true" from="nursery"/>
<exclusive-end id="637" timestamp="2020-09-11T09:53:26.235" durationms="2.385" />

<exclusive-start id="638" timestamp="2020-09-11T09:53:26.251" intervalms="18.558">
  <response-info timems="0.100" idlems="0.100" threads="0" lastid="0000000000019A00" lastname="main" />
</exclusive-start>
<af-start id="639" threadId="000000000001A380" totalBytesRequested="2128" timestamp="2020-09-11T09:53:26.251" intervalms="18.563" type="nursery" />
<cycle-start id="640" type="scavenge" contextid="0" timestamp="2020-09-11T09:53:26.251" intervalms="18.564" />
<gc-start id="641" type="scavenge" contextid="640" timestamp="2020-09-11T09:53:26.251">
  <mem-info id="642" free="881256" total="15859712" percent="5">
    <mem type="nursery" free="0" total="9568256" percent="0">
      <mem type="allocate" free="0" total="8585216" percent="0" />
      <mem type="survivor" free="0" total="983040" percent="0" />
    </mem>
    <mem type="tenure" free="881256" total="6291456" percent="14">
      <mem type="soa" free="565864" total="5976064" percent="9" />
      <mem type="loa" free="315392" total="315392" percent="100" />
    </mem>
    <remembered-set count="1006" />
  </mem-info>
</gc-start>
<allocation-stats totalBytes="8292616" >
  <allocated-bytes non-tlh="437720" tlh="7854896" />
  <largest-consumer threadName="main" threadId="0000000000019A00" bytes="8288520" />
</allocation-stats>
<gc-op id="643" type="scavenge" timems="1.398" contextid="640" timestamp="2020-09-11T09:53:26.252">
  <scavenger-info tenureage="5" tenuremask="ffe0" tiltratio="89" />
  <memory-copied type="nursery" objects="934" bytes="65072" bytesdiscarded="6264" />
  <references type="soft" candidates="7" cleared="0" enqueued="0" dynamicThreshold="32" maxThreshold="32" />
  <references type="weak" candidates="15" cleared="0" enqueued="0" />
  <references type="phantom" candidates="8" cleared="0" enqueued="0" />
</gc-op>
<gc-end id="644" type="scavenge" contextid="640" durationms="1.512" usertimems="3.281" systemtimems="0.000" timestamp="2020-09-11T09:53:26.252" activeThreads="7">
  <mem-info id="645" free="9395048" total="15859712" percent="59">
    <mem type="nursery" free="8513792" total="9568256" percent="88">
      <mem type="allocate" free="8513792" total="8585216" percent="99" />
      <mem type="survivor" free="0" total="983040" percent="0" />
    </mem>
    <mem type="tenure" free="881256" total="6291456" percent="14">
      <mem type="soa" free="565864" total="5976064" percent="9" />
      <mem type="loa" free="315392" total="315392" percent="100" />
    </mem>
    <remembered-set count="478" />
  </mem-info>
</gc-end>
<cycle-end id="646" type="scavenge" contextid="640" timestamp="2020-09-11T09:53:26.253" />
<allocation-satisfied id="647" threadId="0000000000019A00" bytesRequested="2128" />
<af-end id="648" timestamp="2020-09-11T09:53:26.253" threadId="000000000001A380" success="true" from="nursery"/>
<exclusive-end id="649" timestamp="2020-09-11T09:53:26.253" durationms="2.036" />

<exclusive-start id="650" timestamp="2020-09-11T09:53:26.268" intervalms="16.981">
  <response-info timems="0.074" idlems="0.074" threads="0" lastid="0000000000019A00" lastname="main" />
</exclusive-start>
<af-start id="651" threadId="000000000001A380" totalBytesRequested="5312" timestamp="2020-09-11T09:53:26.268" intervalms="16.982" type="nursery" />
<cycle-start id="652" type="scavenge" contextid="0" timestamp="2020-09-11T09:53:26.268" intervalms="16.982" />
<gc-start id="653" type="scavenge" contextid="652" timestamp="2020-09-11T09:53:26.268">
  <mem-info id="654" free="881256" total="15859712" percent="5">
    <mem type="nursery" free="0" total="9568256" percent="0">
      <mem type="allocate" free="0" total="8585216" percent="0" />
      <mem type="survivor" free="0" total="983040" percent="0" />
    </mem>
    <mem type="tenure" free="881256" total="6291456" percent="14">
      <mem type="soa" free="565864" total="5976064" percent="9" />
      <mem type="loa" free="315392" total="315392" percent="100" />
    </mem>
    <remembered-set count="479" />
  </mem-info>
</gc-start>
<allocation-stats totalBytes="8255688" >
  <allocated-bytes non-tlh="2128" tlh="8253560" />
  <largest-consumer threadName="main" threadId="0000000000019A00" bytes="8255688" />
</allocation-stats>
<gc-op id="655" type="scavenge" timems="1.347" contextid="652" timestamp="2020-09-11T09:53:26.269">
  <scavenger-info tenureage="3" tenuremask="fff8" tiltratio="89" />
  <memory-copied type="nursery" objects="423" bytes="55832" bytesdiscarded="6136" />
  <memory-copied type="tenure" objects="529" bytes="25680" bytesdiscarded="16" />
  <references type="soft" candidates="2" cleared="0" enqueued="0" dynamicThreshold="32" maxThreshold="32" />
  <references type="phantom" candidates="5" cleared="0" enqueued="0" />
</gc-op>
<heap-resize id="656" type="expand" space="nursery" amount="524288" count="1" timems="0.022" reason="excessive time being spent scavenging" timestamp="2020-09-11T09:53:26.269" />
<gc-end id="657" type="scavenge" contextid="652" durationms="1.486" usertimems="3.042" systemtimems="0.000" timestamp="2020-09-11T09:53:26.269" activeThreads="7">
  <mem-info id="658" free="9824072" total="16384000" percent="59">
    <mem type="nursery" free="8981984" total="10092544" percent="88">
      <mem type="allocate" free="8981984" total="9043968" percent="99" />
      <mem type="survivor" free="0" total="1048576" percent="0" />
    </mem>
    <mem type="tenure" free="842088" total="6291456" percent="13">
      <mem type="soa" free="526696" total="5976064" percent="8" />
      <mem type="loa" free="315392" total="315392" percent="100" />
    </mem>
    <remembered-set count="203" />
  </mem-info>
</gc-end>
<cycle-end id="659" type="scavenge" contextid="652" timestamp="2020-09-11T09:53:26.270" />
<allocation-satisfied id="660" threadId="0000000000019A00" bytesRequested="5312" />
<af-end id="661" timestamp="2020-09-11T09:53:26.270" threadId="000000000001A380" success="true" from="nursery"/>
<exclusive-end id="662" timestamp="2020-09-11T09:53:26.270" durationms="1.972" />

<exclusive-start id="663" timestamp="2020-09-11T09:53:26.285" intervalms="17.628">
  <response-info timems="0.085" idlems="0.085" threads="0" lastid="0000000000019A00" lastname="main" />
</exclusive-start>
<af-start id="664" threadId="000000000001A380" totalBytesRequested="4440" timestamp="2020-09-11T09:53:26.285" intervalms="17.640" type="nursery" />
<cycle-start id="665" type="scavenge" contextid="0" timestamp="2020-09-11T09:53:26.286" intervalms="17.643" />
<gc-start id="666" type="scavenge" contextid="665" timestamp="2020-09-11T09:53:26.286">
  <mem-info id="667" free="842088" total="16384000" percent="5">
    <mem type="nursery" free="0" total="10092544" percent="0">
      <mem type="allocate" free="0" total="9043968" percent="0" />
      <mem type="survivor" free="0" total="1048576" percent="0" />
    </mem>
    <mem type="tenure" free="842088" total="6291456" percent="13">
      <mem type="soa" free="526696" total="5976064" percent="8" />
      <mem type="loa" free="315392" total="315392" percent="100" />
    </mem>
    <remembered-set count="203" />
  </mem-info>
</gc-start>
<allocation-stats totalBytes="8780400" >
  <allocated-bytes non-tlh="5312" tlh="8775088" />
  <largest-consumer threadName="main" threadId="0000000000019A00" bytes="8780400" />
</allocation-stats>
<gc-op id="668" type="scavenge" timems="0.765" contextid="665" timestamp="2020-09-11T09:53:26.286">
  <scavenger-info tenureage="3" tenuremask="ffc8" tiltratio="89" />
  <memory-copied type="nursery" objects="133" bytes="28032" bytesdiscarded="29584" />
  <memory-copied type="tenure" objects="290" bytes="24856" bytesdiscarded="488" />
  <references type="phantom" candidates="2" cleared="0" enqueued="0" />
</gc-op>
<gc-end id="669" type="scavenge" contextid="665" durationms="0.876" usertimems="1.882" systemtimems="0.000" timestamp="2020-09-11T09:53:26.286" activeThreads="7">
  <mem-info id="670" free="9828432" total="16384000" percent="59">
    <mem type="nursery" free="8986344" total="10092544" percent="89">
      <mem type="allocate" free="8986344" total="9043968" percent="99" />
      <mem type="survivor" free="0" total="1048576" percent="0" />
    </mem>
    <mem type="tenure" free="842088" total="6291456" percent="13">
      <mem type="soa" free="526696" total="5976064" percent="8" />
      <mem type="loa" free="315392" total="315392" percent="100" />
    </mem>
    <remembered-set count="182" />
  </mem-info>
</gc-end>
<cycle-end id="671" type="scavenge" contextid="665" timestamp="2020-09-11T09:53:26.287" />
<allocation-satisfied id="672" threadId="0000000000019A00" bytesRequested="4440" />
<af-end id="673" timestamp="2020-09-11T09:53:26.287" threadId="000000000001A380" success="true" from="nursery"/>
<exclusive-end id="674" timestamp="2020-09-11T09:53:26.287" durationms="1.419" />

<exclusive-start id="675" timestamp="2020-09-11T09:53:26.304" intervalms="18.596">
  <response-info timems="0.078" idlems="0.078" threads="0" lastid="0000000000019A00" lastname="main" />
</exclusive-start>
<af-start id="676" threadId="000000000001A380" totalBytesRequested="4104" timestamp="2020-09-11T09:53:26.304" intervalms="18.577" type="nursery" />
<cycle-start id="677" type="scavenge" contextid="0" timestamp="2020-09-11T09:53:26.304" intervalms="18.570" />
<gc-start id="678" type="scavenge" contextid="677" timestamp="2020-09-11T09:53:26.304">
  <mem-info id="679" free="842088" total="16384000" percent="5">
    <mem type="nursery" free="0" total="10092544" percent="0">
      <mem type="allocate" free="0" total="9043968" percent="0" />
      <mem type="survivor" free="0" total="1048576" percent="0" />
    </mem>
    <mem type="tenure" free="842088" total="6291456" percent="13">
      <mem type="soa" free="526696" total="5976064" percent="8" />
      <mem type="loa" free="315392" total="315392" percent="100" />
    </mem>
    <remembered-set count="183" />
  </mem-info>
</gc-start>
<allocation-stats totalBytes="8837632" >
  <allocated-bytes non-tlh="126984" tlh="8710648" />
  <largest-consumer threadName="main" threadId="0000000000019A00" bytes="8837632" />
</allocation-stats>
<gc-op id="680" type="scavenge" timems="0.736" contextid="677" timestamp="2020-09-11T09:53:26.305">
  <scavenger-info tenureage="3" tenuremask="ffe8" tiltratio="89" />
  <memory-copied type="nursery" objects="61" bytes="4184" bytesdiscarded="43424" />
  <memory-copied type="tenure" objects="1" bytes="520" bytesdiscarded="0" />
  <references type="phantom" candidates="2" cleared="0" enqueued="0" />
</gc-op>
<gc-end id="681" type="scavenge" contextid="677" durationms="0.855" usertimems="2.833" systemtimems="0.000" timestamp="2020-09-11T09:53:26.305" activeThreads="7">
  <mem-info id="682" free="9838440" total="16384000" percent="60">
    <mem type="nursery" free="8996352" total="10092544" percent="89">
      <mem type="allocate" free="8996352" total="9043968" percent="99" />
      <mem type="survivor" free="0" total="1048576" percent="0" />
    </mem>
    <mem type="tenure" free="842088" total="6291456" percent="13">
      <mem type="soa" free="526696" total="5976064" percent="8" />
      <mem type="loa" free="315392" total="315392" percent="100" />
    </mem>
    <remembered-set count="181" />
  </mem-info>
</gc-end>
<cycle-end id="683" type="scavenge" contextid="677" timestamp="2020-09-11T09:53:26.305" />
<allocation-satisfied id="684" threadId="0000000000019A00" bytesRequested="4104" />
<af-end id="685" timestamp="2020-09-11T09:53:26.305" threadId="000000000001A380" success="true" from="nursery"/>
<exclusive-end id="686" timestamp="2020-09-11T09:53:26.305" durationms="1.341" />

<exclusive-start id="687" timestamp="2020-09-11T09:53:26.322" intervalms="18.197">
  <response-info timems="0.095" idlems="0.095" threads="0" lastid="0000000000019A00" lastname="main" />
</exclusive-start>
<af-start id="688" threadId="000000000001A380" totalBytesRequested="4104" timestamp="2020-09-11T09:53:26.322" intervalms="18.210" type="nursery" />
<cycle-start id="689" type="scavenge" contextid="0" timestamp="2020-09-11T09:53:26.322" intervalms="18.216" />
<gc-start id="690" type="scavenge" contextid="689" timestamp="2020-09-11T09:53:26.322">
  <mem-info id="691" free="842088" total="16384000" percent="5">
    <mem type="nursery" free="0" total="10092544" percent="0">
      <mem type="allocate" free="0" total="9043968" percent="0" />
      <mem type="survivor" free="0" total="1048576" percent="0" />
    </mem>
    <mem type="tenure" free="842088" total="6291456" percent="13">
      <mem type="soa" free="526696" total="5976064" percent="8" />
      <mem type="loa" free="315392" total="315392" percent="100" />
    </mem>
    <remembered-set count="182" />
  </mem-info>
</gc-start>
<allocation-stats totalBytes="8750752" >
  <allocated-bytes non-tlh="96208" tlh="8654544" />
  <largest-consumer threadName="main" threadId="0000000000019A00" bytes="8750752" />
</allocation-stats>
<gc-op id="692" type="scavenge" timems="0.743" contextid="689" timestamp="2020-09-11T09:53:26.323">
  <scavenger-info tenureage="5" tenuremask="ffe0" tiltratio="89" />
  <memory-copied type="nursery" objects="48" bytes="3960" bytesdiscarded="43648" />
  <references type="phantom" candidates="2" cleared="0" enqueued="0" />
</gc-op>
<gc-end id="693" type="scavenge" contextid="689" durationms="0.843" usertimems="2.360" systemtimems="0.000" timestamp="2020-09-11T09:53:26.323" activeThreads="7">
  <mem-info id="694" free="9838440" total="16384000" percent="60">
    <mem type="nursery" free="8996352" total="10092544" percent="89">
      <mem type="allocate" free="8996352" total="9043968" percent="99" />
      <mem type="survivor" free="0" total="1048576" percent="0" />
    </mem>
    <mem type="tenure" free="842088" total="6291456" percent="13">
      <mem type="soa" free="526696" total="5976064" percent="8" />
      <mem type="loa" free="315392" total="315392" percent="100" />
    </mem>
    <remembered-set count="181" />
  </mem-info>
</gc-end>
<cycle-end id="695" type="scavenge" contextid="689" timestamp="2020-09-11T09:53:26.323" />
<allocation-satisfied id="696" threadId="0000000000019A00" bytesRequested="4104" />
<af-end id="697" timestamp="2020-09-11T09:53:26.324" threadId="000000000001A380" success="true" from="nursery"/>
<exclusive-end id="698" timestamp="2020-09-11T09:53:26.324" durationms="1.411" />

<exclusive-start id="699" timestamp="2020-09-11T09:53:26.342" intervalms="19.414">
  <response-info timems="0.093" idlems="0.093" threads="0" lastid="0000000000019A00" lastname="main" />
</exclusive-start>
<af-start id="700" threadId="000000000001A380" totalBytesRequested="31816" timestamp="2020-09-11T09:53:26.342" intervalms="19.429" type="nursery" />
<cycle-start id="701" type="scavenge" contextid="0" timestamp="2020-09-11T09:53:26.342" intervalms="19.431" />
<gc-start id="702" type="scavenge" contextid="701" timestamp="2020-09-11T09:53:26.342">
  <mem-info id="703" free="842088" total="16384000" percent="5">
    <mem type="nursery" free="0" total="10092544" percent="0">
      <mem type="allocate" free="0" total="9043968" percent="0" />
      <mem type="survivor" free="0" total="1048576" percent="0" />
    </mem>
    <mem type="tenure" free="842088" total="6291456" percent="13">
      <mem type="soa" free="526696" total="5976064" percent="8" />
      <mem type="loa" free="315392" total="315392" percent="100" />
    </mem>
    <remembered-set count="181" />
  </mem-info>
</gc-start>
<allocation-stats totalBytes="8549632" >
  <allocated-bytes non-tlh="428928" tlh="8120704" />
  <largest-consumer threadName="main" threadId="0000000000019A00" bytes="8549632" />
</allocation-stats>
<gc-op id="704" type="scavenge" timems="0.842" contextid="701" timestamp="2020-09-11T09:53:26.343">
  <scavenger-info tenureage="3" tenuremask="fff8" tiltratio="89" />
  <memory-copied type="nursery" objects="48" bytes="62288" bytesdiscarded="43712" />
  <references type="phantom" candidates="2" cleared="0" enqueued="0" />
</gc-op>
<gc-end id="705" type="scavenge" contextid="701" durationms="0.947" usertimems="2.489" systemtimems="0.000" timestamp="2020-09-11T09:53:26.343" activeThreads="7">
  <mem-info id="706" free="9780048" total="16384000" percent="59">
    <mem type="nursery" free="8937960" total="10092544" percent="88">
      <mem type="allocate" free="8937960" total="9043968" percent="98" />
      <mem type="survivor" free="0" total="1048576" percent="0" />
    </mem>
    <mem type="tenure" free="842088" total="6291456" percent="13">
      <mem type="soa" free="526696" total="5976064" percent="8" />
      <mem type="loa" free="315392" total="315392" percent="100" />
    </mem>
    <remembered-set count="181" />
  </mem-info>
</gc-end>
<cycle-end id="707" type="scavenge" contextid="701" timestamp="2020-09-11T09:53:26.343" />
<allocation-satisfied id="708" threadId="0000000000019A00" bytesRequested="31816" />
<af-end id="709" timestamp="2020-09-11T09:53:26.343" threadId="000000000001A380" success="true" from="nursery"/>
<exclusive-end id="710" timestamp="2020-09-11T09:53:26.343" durationms="1.538" />

<exclusive-start id="711" timestamp="2020-09-11T09:53:26.361" intervalms="19.382">
  <response-info timems="0.093" idlems="0.093" threads="0" lastid="0000000000019A00" lastname="main" />
</exclusive-start>
<af-start id="712" threadId="000000000001A380" totalBytesRequested="8216" timestamp="2020-09-11T09:53:26.361" intervalms="19.363" type="nursery" />
<cycle-start id="713" type="scavenge" contextid="0" timestamp="2020-09-11T09:53:26.361" intervalms="19.360" />
<gc-start id="714" type="scavenge" contextid="713" timestamp="2020-09-11T09:53:26.361">
  <mem-info id="715" free="842088" total="16384000" percent="5">
    <mem type="nursery" free="0" total="10092544" percent="0">
      <mem type="allocate" free="0" total="9043968" percent="0" />
      <mem type="survivor" free="0" total="1048576" percent="0" />
    </mem>
    <mem type="tenure" free="842088" total="6291456" percent="13">
      <mem type="soa" free="526696" total="5976064" percent="8" />
      <mem type="loa" free="315392" total="315392" percent="100" />
    </mem>
    <remembered-set count="182" />
  </mem-info>
</gc-start>
<allocation-stats totalBytes="8787184" >
  <allocated-bytes non-tlh="31816" tlh="8755368" />
  <largest-consumer threadName="main" threadId="0000000000019A00" bytes="8787184" />
</allocation-stats>
<gc-op id="716" type="scavenge" timems="0.822" contextid="713" timestamp="2020-09-11T09:53:26.362">
  <scavenger-info tenureage="3" tenuremask="fff8" tiltratio="89" />
  <memory-copied type="nursery" objects="39" bytes="14624" bytesdiscarded="32984" />
  <references type="phantom" candidates="2" cleared="0" enqueued="0" />
</gc-op>
<gc-end id="717" type="scavenge" contextid="713" durationms="0.937" usertimems="2.062" systemtimems="0.241" timestamp="2020-09-11T09:53:26.362" activeThreads="7">
  <mem-info id="718" free="9838440" total="16384000" percent="60">
    <mem type="nursery" free="8996352" total="10092544" percent="89">
      <mem type="allocate" free="8996352" total="9043968" percent="99" />
      <mem type="survivor" free="0" total="1048576" percent="0" />
    </mem>
    <mem type="tenure" free="842088" total="6291456" percent="13">
      <mem type="soa" free="526696" total="5976064" percent="8" />
      <mem type="loa" free="315392" total="315392" percent="100" />
    </mem>
    <remembered-set count="181" />
  </mem-info>
</gc-end>
<cycle-end id="719" type="scavenge" contextid="713" timestamp="2020-09-11T09:53:26.362" />
<allocation-satisfied id="720" threadId="0000000000019A00" bytesRequested="8216" />
<af-end id="721" timestamp="2020-09-11T09:53:26.362" threadId="000000000001A380" success="true" from="nursery"/>
<exclusive-end id="722" timestamp="2020-09-11T09:53:26.362" durationms="1.469" />

<exclusive-start id="723" timestamp="2020-09-11T09:53:26.378" intervalms="17.442">
  <response-info timems="0.079" idlems="0.079" threads="0" lastid="0000000000019A00" lastname="main" />
</exclusive-start>
<af-start id="724" threadId="000000000001A380" totalBytesRequested="24472" timestamp="2020-09-11T09:53:26.378" intervalms="17.420" type="nursery" />
<cycle-start id="725" type="scavenge" contextid="0" timestamp="2020-09-11T09:53:26.378" intervalms="17.417" />
<gc-start id="726" type="scavenge" contextid="725" timestamp="2020-09-11T09:53:26.379">
  <mem-info id="727" free="842088" total="16384000" percent="5">
    <mem type="nursery" free="0" total="10092544" percent="0">
      <mem type="allocate" free="0" total="9043968" percent="0" />
      <mem type="survivor" free="0" total="1048576" percent="0" />
    </mem>
    <mem type="tenure" free="842088" total="6291456" percent="13">
      <mem type="soa" free="526696" total="5976064" percent="8" />
      <mem type="loa" free="315392" total="315392" percent="100" />
    </mem>
    <remembered-set count="182" />
  </mem-info>
</gc-start>
<allocation-stats totalBytes="8722424" >
  <allocated-bytes non-tlh="8216" tlh="8714208" />
  <largest-consumer threadName="main" threadId="0000000000019A00" bytes="8722424" />
</allocation-stats>
<gc-op id="728" type="scavenge" timems="0.780" contextid="725" timestamp="2020-09-11T09:53:26.379">
  <scavenger-info tenureage="4" tenuremask="fff0" tiltratio="89" />
  <memory-copied type="nursery" objects="98" bytes="59896" bytesdiscarded="35960" />
  <references type="phantom" candidates="2" cleared="0" enqueued="0" />
</gc-op>
<gc-end id="729" type="scavenge" contextid="725" durationms="0.885" usertimems="2.276" systemtimems="0.000" timestamp="2020-09-11T09:53:26.379" activeThreads="7">
  <mem-info id="730" free="9790192" total="16384000" percent="59">
    <mem type="nursery" free="8948104" total="10092544" percent="88">
      <mem type="allocate" free="8948104" total="9043968" percent="98" />
      <mem type="survivor" free="0" total="1048576" percent="0" />
    </mem>
    <mem type="tenure" free="842088" total="6291456" percent="13">
      <mem type="soa" free="526696" total="5976064" percent="8" />
      <mem type="loa" free="315392" total="315392" percent="100" />
    </mem>
    <remembered-set count="181" />
  </mem-info>
</gc-end>
<cycle-end id="731" type="scavenge" contextid="725" timestamp="2020-09-11T09:53:26.380" />
<allocation-satisfied id="732" threadId="0000000000019A00" bytesRequested="24472" />
<af-end id="733" timestamp="2020-09-11T09:53:26.380" threadId="000000000001A380" success="true" from="nursery"/>
<exclusive-end id="734" timestamp="2020-09-11T09:53:26.380" durationms="1.300" />

<exclusive-start id="735" timestamp="2020-09-11T09:53:26.397" intervalms="18.419">
  <response-info timems="0.094" idlems="0.094" threads="0" lastid="0000000000019A00" lastname="main" />
</exclusive-start>
<af-start id="736" threadId="000000000001A380" totalBytesRequested="13312" timestamp="2020-09-11T09:53:26.397" intervalms="18.443" type="nursery" />
<cycle-start id="737" type="scavenge" contextid="0" timestamp="2020-09-11T09:53:26.397" intervalms="18.447" />
<gc-start id="738" type="scavenge" contextid="737" timestamp="2020-09-11T09:53:26.397">
  <mem-info id="739" free="842088" total="16384000" percent="5">
    <mem type="nursery" free="0" total="10092544" percent="0">
      <mem type="allocate" free="0" total="9043968" percent="0" />
      <mem type="survivor" free="0" total="1048576" percent="0" />
    </mem>
    <mem type="tenure" free="842088" total="6291456" percent="13">
      <mem type="soa" free="526696" total="5976064" percent="8" />
      <mem type="loa" free="315392" total="315392" percent="100" />
    </mem>
    <remembered-set count="182" />
  </mem-info>
</gc-start>
<allocation-stats totalBytes="8601632" >
  <allocated-bytes non-tlh="24472" tlh="8577160" />
  <largest-consumer threadName="main" threadId="0000000000019A00" bytes="8601632" />
</allocation-stats>
<gc-op id="740" type="scavenge" timems="0.859" contextid="737" timestamp="2020-09-11T09:53:26.398">
  <scavenger-info tenureage="3" tenuremask="fff8" tiltratio="89" />
  <memory-copied type="nursery" objects="107" bytes="22992" bytesdiscarded="24616" />
  <references type="phantom" candidates="2" cleared="0" enqueued="0" />
</gc-op>
<heap-resize id="741" type="expand" space="nursery" amount="393216" count="1" timems="0.033" reason="excessive time being spent scavenging" timestamp="2020-09-11T09:53:26.398" />
<gc-end id="742" type="scavenge" contextid="737" durationms="1.006" usertimems="2.089" systemtimems="0.243" timestamp="2020-09-11T09:53:26.398" activeThreads="7">
  <mem-info id="743" free="10166120" total="16777216" percent="60">
    <mem type="nursery" free="9324032" total="10485760" percent="88">
      <mem type="allocate" free="9324032" total="9371648" percent="99" />
      <mem type="survivor" free="0" total="1114112" percent="0" />
    </mem>
    <mem type="tenure" free="842088" total="6291456" percent="13">
      <mem type="soa" free="526696" total="5976064" percent="8" />
      <mem type="loa" free="315392" total="315392" percent="100" />
    </mem>
    <remembered-set count="181" />
  </mem-info>
</gc-end>
<cycle-end id="744" type="scavenge" contextid="737" timestamp="2020-09-11T09:53:26.398" />
<allocation-satisfied id="745" threadId="0000000000019A00" bytesRequested="13312" />
<af-end id="746" timestamp="2020-09-11T09:53:26.398" threadId="000000000001A380" success="true" from="nursery"/>
<exclusive-end id="747" timestamp="2020-09-11T09:53:26.398" durationms="1.456" />

<exclusive-start id="748" timestamp="2020-09-11T09:53:26.418" intervalms="20.846">
  <response-info timems="0.132" idlems="0.132" threads="0" lastid="0000000000019A00" lastname="main" />
</exclusive-start>
<af-start id="749" threadId="000000000001A380" totalBytesRequested="4104" timestamp="2020-09-11T09:53:26.418" intervalms="20.863" type="nursery" />
<cycle-start id="750" type="scavenge" contextid="0" timestamp="2020-09-11T09:53:26.418" intervalms="20.861" />
<gc-start id="751" type="scavenge" contextid="750" timestamp="2020-09-11T09:53:26.418">
  <mem-info id="752" free="842088" total="16777216" percent="5">
    <mem type="nursery" free="0" total="10485760" percent="0">
      <mem type="allocate" free="0" total="9371648" percent="0" />
      <mem type="survivor" free="0" total="1114112" percent="0" />
    </mem>
    <mem type="tenure" free="842088" total="6291456" percent="13">
      <mem type="soa" free="526696" total="5976064" percent="8" />
      <mem type="loa" free="315392" total="315392" percent="100" />
    </mem>
    <remembered-set count="182" />
  </mem-info>
</gc-start>
<allocation-stats totalBytes="9071496" >
  <allocated-bytes non-tlh="55720" tlh="9015776" />
  <largest-consumer threadName="main" threadId="0000000000019A00" bytes="9071496" />
</allocation-stats>
<gc-op id="753" type="scavenge" timems="0.722" contextid="750" timestamp="2020-09-11T09:53:26.419">
  <scavenger-info tenureage="3" tenuremask="fff8" tiltratio="89" />
  <memory-copied type="nursery" objects="107" bytes="7360" bytesdiscarded="40248" />
  <references type="phantom" candidates="2" cleared="0" enqueued="0" />
</gc-op>
<gc-end id="754" type="scavenge" contextid="750" durationms="0.831" usertimems="4.095" systemtimems="0.173" timestamp="2020-09-11T09:53:26.419" activeThreads="8">
  <mem-info id="755" free="10231656" total="16777216" percent="60">
    <mem type="nursery" free="9389568" total="10485760" percent="89">
      <mem type="allocate" free="9389568" total="9437184" percent="99" />
      <mem type="survivor" free="0" total="1048576" percent="0" />
    </mem>
    <mem type="tenure" free="842088" total="6291456" percent="13">
      <mem type="soa" free="526696" total="5976064" percent="8" />
      <mem type="loa" free="315392" total="315392" percent="100" />
    </mem>
    <remembered-set count="181" />
  </mem-info>
</gc-end>
<cycle-end id="756" type="scavenge" contextid="750" timestamp="2020-09-11T09:53:26.419" />
<allocation-satisfied id="757" threadId="0000000000019A00" bytesRequested="4104" />
<af-end id="758" timestamp="2020-09-11T09:53:26.419" threadId="000000000001A380" success="true" from="nursery"/>
<exclusive-end id="759" timestamp="2020-09-11T09:53:26.419" durationms="1.391" />

<exclusive-start id="760" timestamp="2020-09-11T09:53:26.437" intervalms="19.166">
  <response-info timems="0.100" idlems="0.100" threads="0" lastid="0000000000019A00" lastname="main" />
</exclusive-start>
<af-start id="761" threadId="000000000001A380" totalBytesRequested="4104" timestamp="2020-09-11T09:53:26.437" intervalms="19.149" type="nursery" />
<cycle-start id="762" type="scavenge" contextid="0" timestamp="2020-09-11T09:53:26.437" intervalms="19.151" />
<gc-start id="763" type="scavenge" contextid="762" timestamp="2020-09-11T09:53:26.437">
  <mem-info id="764" free="842088" total="16777216" percent="5">
    <mem type="nursery" free="0" total="10485760" percent="0">
      <mem type="allocate" free="0" total="9437184" percent="0" />
      <mem type="survivor" free="0" total="1048576" percent="0" />
    </mem>
    <mem type="tenure" free="842088" total="6291456" percent="13">
      <mem type="soa" free="526696" total="5976064" percent="8" />
      <mem type="loa" free="315392" total="315392" percent="100" />
    </mem>
    <remembered-set count="182" />
  </mem-info>
</gc-start>
<allocation-stats totalBytes="9221312" >
  <allocated-bytes non-tlh="4104" tlh="9217208" />
  <largest-consumer threadName="main" threadId="0000000000019A00" bytes="9221312" />
</allocation-stats>
<gc-op id="765" type="scavenge" timems="0.906" contextid="762" timestamp="2020-09-11T09:53:26.438">
  <scavenger-info tenureage="14" tenuremask="4000" tiltratio="90" />
  <memory-copied type="nursery" objects="110" bytes="10624" bytesdiscarded="36984" />
  <references type="phantom" candidates="2" cleared="0" enqueued="0" />
</gc-op>
<gc-end id="766" type="scavenge" contextid="762" durationms="1.019" usertimems="3.033" systemtimems="0.352" timestamp="2020-09-11T09:53:26.438" activeThreads="8">
  <mem-info id="767" free="10231656" total="16777216" percent="60">
    <mem type="nursery" free="9389568" total="10485760" percent="89">
      <mem type="allocate" free="9389568" total="9437184" percent="99" />
      <mem type="survivor" free="0" total="1048576" percent="0" />
    </mem>
    <mem type="tenure" free="842088" total="6291456" percent="13">
      <mem type="soa" free="526696" total="5976064" percent="8" />
      <mem type="loa" free="315392" total="315392" percent="100" />
    </mem>
    <remembered-set count="181" />
  </mem-info>
</gc-end>
<cycle-end id="768" type="scavenge" contextid="762" timestamp="2020-09-11T09:53:26.438" />
<allocation-satisfied id="769" threadId="0000000000019A00" bytesRequested="4104" />
<af-end id="770" timestamp="2020-09-11T09:53:26.438" threadId="000000000001A380" success="true" from="nursery"/>
<exclusive-end id="771" timestamp="2020-09-11T09:53:26.438" durationms="1.549" />

<exclusive-start id="772" timestamp="2020-09-11T09:53:26.585" intervalms="147.763">
  <response-info timems="0.067" idlems="0.067" threads="0" lastid="0000000000019A00" lastname="main" />
</exclusive-start>
<af-start id="773" threadId="000000000001A380" totalBytesRequested="14312" timestamp="2020-09-11T09:53:26.585" intervalms="147.755" type="nursery" />
<cycle-start id="774" type="scavenge" contextid="0" timestamp="2020-09-11T09:53:26.585" intervalms="147.751" />
<gc-start id="775" type="scavenge" contextid="774" timestamp="2020-09-11T09:53:26.585">
  <mem-info id="776" free="802128" total="16777216" percent="4">
    <mem type="nursery" free="0" total="10485760" percent="0">
      <mem type="allocate" free="0" total="9437184" percent="0" />
      <mem type="survivor" free="0" total="1048576" percent="0" />
    </mem>
    <mem type="tenure" free="802128" total="6291456" percent="12">
      <mem type="soa" free="486736" total="5976064" percent="8" />
      <mem type="loa" free="315392" total="315392" percent="100" />
    </mem>
    <remembered-set count="2054" />
  </mem-info>
</gc-start>
<allocation-stats totalBytes="9384672" >
  <allocated-bytes non-tlh="44064" tlh="9340608" />
  <largest-consumer threadName="main" threadId="0000000000019A00" bytes="9384672" />
</allocation-stats>
<gc-op id="777" type="scavenge" timems="3.027" contextid="774" timestamp="2020-09-11T09:53:26.588">
  <scavenger-info tenureage="14" tenuremask="4000" tiltratio="90" />
  <memory-copied type="nursery" objects="5510" bytes="185976" bytesdiscarded="75776" />
  <references type="soft" candidates="102" cleared="0" enqueued="0" dynamicThreshold="32" maxThreshold="32" />
  <references type="weak" candidates="259" cleared="220" enqueued="214" />
  <references type="phantom" candidates="3" cleared="1" enqueued="1" />
</gc-op>
<gc-end id="778" type="scavenge" contextid="774" durationms="3.161" usertimems="7.601" systemtimems="0.881" timestamp="2020-09-11T09:53:26.588" activeThreads="8">
  <mem-info id="779" free="9977424" total="16777216" percent="59">
    <mem type="nursery" free="9175296" total="10485760" percent="87">
      <mem type="allocate" free="9175296" total="9437184" percent="97" />
      <mem type="survivor" free="0" total="1048576" percent="0" />
    </mem>
    <mem type="tenure" free="802128" total="6291456" percent="12">
      <mem type="soa" free="486736" total="5976064" percent="8" />
      <mem type="loa" free="315392" total="315392" percent="100" />
    </mem>
    <pending-finalizers system="0" default="0" reference="215" classloader="0" />
    <remembered-set count="2022" />
  </mem-info>
</gc-end>
<cycle-end id="780" type="scavenge" contextid="774" timestamp="2020-09-11T09:53:26.588" />
<allocation-satisfied id="781" threadId="0000000000019A00" bytesRequested="14312" />
<af-end id="782" timestamp="2020-09-11T09:53:26.588" threadId="000000000001A380" success="true" from="nursery"/>
<exclusive-end id="783" timestamp="2020-09-11T09:53:26.588" durationms="3.773" />

<exclusive-start id="784" timestamp="2020-09-11T09:53:26.770" intervalms="185.269">
  <response-info timems="0.059" idlems="0.059" threads="0" lastid="0000000000019A00" lastname="main" />
</exclusive-start>
<af-start id="785" threadId="000000000001A380" totalBytesRequested="4104" timestamp="2020-09-11T09:53:26.770" intervalms="185.276" type="nursery" />
<cycle-start id="786" type="scavenge" contextid="0" timestamp="2020-09-11T09:53:26.770" intervalms="185.275" />
<gc-start id="787" type="scavenge" contextid="786" timestamp="2020-09-11T09:53:26.770">
  <mem-info id="788" free="702768" total="16777216" percent="4">
    <mem type="nursery" free="0" total="10485760" percent="0">
      <mem type="allocate" free="0" total="9437184" percent="0" />
      <mem type="survivor" free="0" total="1048576" percent="0" />
    </mem>
    <mem type="tenure" free="702768" total="6291456" percent="11">
      <mem type="soa" free="387376" total="5976064" percent="6" />
      <mem type="loa" free="315392" total="315392" percent="100" />
    </mem>
    <remembered-set count="3229" />
  </mem-info>
</gc-start>
<allocation-stats totalBytes="9217480" >
  <allocated-bytes non-tlh="113672" tlh="9103808" />
  <largest-consumer threadName="main" threadId="0000000000019A00" bytes="9213384" />
</allocation-stats>
<gc-op id="789" type="scavenge" timems="5.450" contextid="786" timestamp="2020-09-11T09:53:26.776">
  <scavenger-info tenureage="3" tenuremask="fff8" tiltratio="90" />
  <memory-copied type="nursery" objects="24871" bytes="843000" bytesdiscarded="91656" />
  <references type="soft" candidates="1406" cleared="0" enqueued="0" dynamicThreshold="32" maxThreshold="32" />
  <references type="weak" candidates="700" cleared="626" enqueued="622" />
  <references type="phantom" candidates="3" cleared="1" enqueued="1" />
</gc-op>
<gc-end id="790" type="scavenge" contextid="786" durationms="5.570" usertimems="13.247" systemtimems="1.017" timestamp="2020-09-11T09:53:26.776" activeThreads="8">
  <mem-info id="791" free="8811312" total="16777216" percent="52">
    <mem type="nursery" free="8108544" total="10485760" percent="77">
      <mem type="allocate" free="8108544" total="9043968" percent="89" />
      <mem type="survivor" free="0" total="1441792" percent="0" />
    </mem>
    <mem type="tenure" free="702768" total="6291456" percent="11">
      <mem type="soa" free="387376" total="5976064" percent="6" />
      <mem type="loa" free="315392" total="315392" percent="100" />
    </mem>
    <pending-finalizers system="0" default="0" reference="623" classloader="0" />
    <remembered-set count="3206" />
  </mem-info>
</gc-end>
<cycle-end id="792" type="scavenge" contextid="786" timestamp="2020-09-11T09:53:26.776" />
<allocation-satisfied id="793" threadId="0000000000019A00" bytesRequested="4104" />
<af-end id="794" timestamp="2020-09-11T09:53:26.776" threadId="000000000001A380" success="true" from="nursery"/>
<exclusive-end id="795" timestamp="2020-09-11T09:53:26.776" durationms="6.339" />

<exclusive-start id="796" timestamp="2020-09-11T09:53:26.792" intervalms="22.445">
  <response-info timems="0.091" idlems="0.091" threads="0" lastid="0000000000019A00" lastname="main" />
</exclusive-start>
<af-start id="797" threadId="000000000001A380" totalBytesRequested="1584" timestamp="2020-09-11T09:53:26.792" intervalms="22.442" type="nursery" />
<cycle-start id="798" type="scavenge" contextid="0" timestamp="2020-09-11T09:53:26.792" intervalms="22.446" />
<gc-start id="799" type="scavenge" contextid="798" timestamp="2020-09-11T09:53:26.793">
  <mem-info id="800" free="702768" total="16777216" percent="4">
    <mem type="nursery" free="0" total="10485760" percent="0">
      <mem type="allocate" free="0" total="9043968" percent="0" />
      <mem type="survivor" free="0" total="1441792" percent="0" />
    </mem>
    <mem type="tenure" free="702768" total="6291456" percent="11">
      <mem type="soa" free="387376" total="5976064" percent="6" />
      <mem type="loa" free="315392" total="315392" percent="100" />
    </mem>
    <remembered-set count="3210" />
  </mem-info>
</gc-start>
<allocation-stats totalBytes="7966616" >
  <allocated-bytes non-tlh="86992" tlh="7879624" />
  <largest-consumer threadName="main" threadId="0000000000019A00" bytes="7962520" />
</allocation-stats>
<gc-op id="801" type="scavenge" timems="3.483" contextid="798" timestamp="2020-09-11T09:53:26.796">
  <scavenger-info tenureage="3" tenuremask="fff8" tiltratio="86" />
  <memory-copied type="nursery" objects="22952" bytes="770664" bytesdiscarded="60440" />
  <references type="soft" candidates="1406" cleared="0" enqueued="0" dynamicThreshold="32" maxThreshold="32" />
  <references type="weak" candidates="74" cleared="0" enqueued="0" />
  <references type="phantom" candidates="2" cleared="0" enqueued="0" />
</gc-op>
<heap-resize id="802" type="expand" space="nursery" amount="1048576" count="1" timems="0.039" reason="excessive time being spent scavenging" timestamp="2020-09-11T09:53:26.796" />
<gc-end id="803" type="scavenge" contextid="798" durationms="3.680" usertimems="7.354" systemtimems="0.822" timestamp="2020-09-11T09:53:26.796" activeThreads="8">
  <mem-info id="804" free="10225712" total="17825792" percent="57">
    <mem type="nursery" free="9522944" total="11534336" percent="82">
      <mem type="allocate" free="9522944" total="10354688" percent="91" />
      <mem type="survivor" free="0" total="1179648" percent="0" />
    </mem>
    <mem type="tenure" free="702768" total="6291456" percent="11">
      <mem type="soa" free="387376" total="5976064" percent="6" />
      <mem type="loa" free="315392" total="315392" percent="100" />
    </mem>
    <remembered-set count="2888" />
  </mem-info>
</gc-end>
<cycle-end id="805" type="scavenge" contextid="798" timestamp="2020-09-11T09:53:26.796" />
<allocation-satisfied id="806" threadId="0000000000019A00" bytesRequested="1584" />
<af-end id="807" timestamp="2020-09-11T09:53:26.797" threadId="000000000001A380" success="true" from="nursery"/>
<exclusive-end id="808" timestamp="2020-09-11T09:53:26.797" durationms="4.295" />

<exclusive-start id="809" timestamp="2020-09-11T09:53:26.814" intervalms="21.667">
  <response-info timems="0.100" idlems="0.100" threads="0" lastid="0000000000019A00" lastname="main" />
</exclusive-start>
<af-start id="810" threadId="000000000001A380" totalBytesRequested="4104" timestamp="2020-09-11T09:53:26.814" intervalms="21.668" type="nursery" />
<cycle-start id="811" type="scavenge" contextid="0" timestamp="2020-09-11T09:53:26.814" intervalms="21.667" />
<gc-start id="812" type="scavenge" contextid="811" timestamp="2020-09-11T09:53:26.814">
  <mem-info id="813" free="702768" total="17825792" percent="3">
    <mem type="nursery" free="0" total="11534336" percent="0">
      <mem type="allocate" free="0" total="10354688" percent="0" />
      <mem type="survivor" free="0" total="1179648" percent="0" />
    </mem>
    <mem type="tenure" free="702768" total="6291456" percent="11">
      <mem type="soa" free="387376" total="5976064" percent="6" />
      <mem type="loa" free="315392" total="315392" percent="100" />
    </mem>
    <remembered-set count="2895" />
  </mem-info>
</gc-start>
<allocation-stats totalBytes="9357656" >
  <allocated-bytes non-tlh="2317576" tlh="7040080" />
  <largest-consumer threadName="main" threadId="0000000000019A00" bytes="9357656" />
</allocation-stats>
<gc-op id="814" type="scavenge" timems="4.238" contextid="811" timestamp="2020-09-11T09:53:26.818">
  <scavenger-info tenureage="3" tenuremask="fff8" tiltratio="89" />
  <memory-copied type="nursery" objects="18337" bytes="654032" bytesdiscarded="90384" />
  <memory-copied type="tenure" objects="4801" bytes="137240" bytesdiscarded="640" />
  <references type="soft" candidates="1305" cleared="0" enqueued="0" dynamicThreshold="32" maxThreshold="32" />
  <references type="weak" candidates="38" cleared="0" enqueued="0" />
  <references type="phantom" candidates="5" cleared="0" enqueued="0" />
</gc-op>
<heap-resize id="815" type="expand" space="nursery" amount="1048576" count="1" timems="0.031" reason="excessive time being spent scavenging" timestamp="2020-09-11T09:53:26.819" />
<gc-end id="816" type="scavenge" contextid="811" durationms="4.410" usertimems="10.266" systemtimems="0.000" timestamp="2020-09-11T09:53:26.819" activeThreads="8">
  <mem-info id="817" free="11063344" total="18874368" percent="58">
    <mem type="nursery" free="10527232" total="12582912" percent="83">
      <mem type="allocate" free="10527232" total="11272192" percent="93" />
      <mem type="survivor" free="0" total="1310720" percent="0" />
    </mem>
    <mem type="tenure" free="536112" total="6291456" percent="8">
      <mem type="soa" free="220720" total="5976064" percent="3" />
      <mem type="loa" free="315392" total="315392" percent="100" />
    </mem>
    <remembered-set count="619" />
  </mem-info>
</gc-end>
<cycle-end id="818" type="scavenge" contextid="811" timestamp="2020-09-11T09:53:26.819" />
<allocation-satisfied id="819" threadId="0000000000019A00" bytesRequested="4104" />
<af-end id="820" timestamp="2020-09-11T09:53:26.819" threadId="000000000001A380" success="true" from="nursery"/>
<exclusive-end id="821" timestamp="2020-09-11T09:53:26.819" durationms="4.970" />

<exclusive-start id="822" timestamp="2020-09-11T09:53:26.839" intervalms="24.846">
  <response-info timems="0.114" idlems="0.114" threads="0" lastid="0000000000019A00" lastname="main" />
</exclusive-start>
<af-start id="823" threadId="000000000001A380" totalBytesRequested="1080" timestamp="2020-09-11T09:53:26.839" intervalms="24.840" type="nursery" />
<cycle-start id="824" type="scavenge" contextid="0" timestamp="2020-09-11T09:53:26.839" intervalms="24.840" />
<gc-start id="825" type="scavenge" contextid="824" timestamp="2020-09-11T09:53:26.839">
  <mem-info id="826" free="536112" total="18874368" percent="2">
    <mem type="nursery" free="0" total="12582912" percent="0">
      <mem type="allocate" free="0" total="11272192" percent="0" />
      <mem type="survivor" free="0" total="1310720" percent="0" />
    </mem>
    <mem type="tenure" free="536112" total="6291456" percent="8">
      <mem type="soa" free="220720" total="5976064" percent="3" />
      <mem type="loa" free="315392" total="315392" percent="100" />
    </mem>
    <remembered-set count="620" />
  </mem-info>
</gc-start>
<allocation-stats totalBytes="10328720" >
  <allocated-bytes non-tlh="4104" tlh="10324616" />
  <largest-consumer threadName="main" threadId="0000000000019A00" bytes="10328720" />
</allocation-stats>
<gc-op id="827" type="scavenge" timems="2.809" contextid="824" timestamp="2020-09-11T09:53:26.842">
  <scavenger-info tenureage="3" tenuremask="ffe8" tiltratio="89" />
  <memory-copied type="nursery" objects="221" bytes="24776" bytesdiscarded="61992" />
  <memory-copied type="tenure" objects="18139" bytes="624864" bytesdiscarded="472" />
  <references type="soft" candidates="1" cleared="0" enqueued="0" dynamicThreshold="32" maxThreshold="32" />
  <references type="phantom" candidates="4" cleared="0" enqueued="0" />
  <heap-resize type="expand" space="tenure" amount="458752" count="7" timems="0.219" reason="continue current collection" />
</gc-op>
<heap-resize id="828" type="expand" space="nursery" amount="786432" count="1" timems="0.018" reason="excessive time being spent scavenging" timestamp="2020-09-11T09:53:26.842" />
<gc-end id="829" type="scavenge" contextid="824" durationms="2.968" usertimems="4.388" systemtimems="3.558" timestamp="2020-09-11T09:53:26.842" activeThreads="8">
  <mem-info id="830" free="12178688" total="20119552" percent="60">
    <mem type="nursery" free="11840768" total="13369344" percent="88">
      <mem type="allocate" free="11840768" total="11927552" percent="99" />
      <mem type="survivor" free="0" total="1441792" percent="0" />
    </mem>
    <mem type="tenure" free="337920" total="6750208" percent="5">
      <mem type="soa" free="0" total="6412288" percent="0" />
      <mem type="loa" free="337920" total="337920" percent="100" />
    </mem>
    <remembered-set count="165" />
  </mem-info>
</gc-end>
<cycle-end id="831" type="scavenge" contextid="824" timestamp="2020-09-11T09:53:26.843" />
<allocation-satisfied id="832" threadId="0000000000019A00" bytesRequested="1080" />
<af-end id="833" timestamp="2020-09-11T09:53:26.843" threadId="000000000001A380" success="true" from="nursery"/>
<exclusive-end id="834" timestamp="2020-09-11T09:53:26.843" durationms="3.820" />

<exclusive-start id="835" timestamp="2020-09-11T09:53:26.865" intervalms="26.620">
  <response-info timems="0.107" idlems="0.107" threads="0" lastid="0000000000019A00" lastname="main" />
</exclusive-start>
<af-start id="836" threadId="000000000001A380" totalBytesRequested="5576" timestamp="2020-09-11T09:53:26.866" intervalms="26.630" type="nursery" />
<percolate-collect id="837" from="nursery" to="global" reason="prevent tenure expand" timestamp="2020-09-11T09:53:26.866"/>
<cycle-start id="838" type="global" contextid="0" timestamp="2020-09-11T09:53:26.866" intervalms="3195.756" />
<gc-start id="839" type="global" contextid="838" timestamp="2020-09-11T09:53:26.866">
  <mem-info id="840" free="337920" total="20119552" percent="1">
    <mem type="nursery" free="0" total="13369344" percent="0">
      <mem type="allocate" free="0" total="11927552" percent="0" />
      <mem type="survivor" free="0" total="1441792" percent="0" />
    </mem>
    <mem type="tenure" free="337920" total="6750208" percent="5">
      <mem type="soa" free="0" total="6412288" percent="0" />
      <mem type="loa" free="337920" total="337920" percent="100" />
    </mem>
    <remembered-set count="166" />
  </mem-info>
</gc-start>
<allocation-stats totalBytes="11518904" >
  <allocated-bytes non-tlh="1080" tlh="11517824" />
  <largest-consumer threadName="main" threadId="0000000000019A00" bytes="11518904" />
</allocation-stats>
<gc-op id="841" type="mark" timems="8.446" contextid="838" timestamp="2020-09-11T09:53:26.874">
  <trace-info objectcount="97204" scancount="80404" scanbytes="2612644" />
  <finalization candidates="73" enqueued="0" />
  <ownableSynchronizers candidates="11" cleared="0" />
  <references type="soft" candidates="4072" cleared="0" enqueued="0" dynamicThreshold="32" maxThreshold="32" />
  <references type="weak" candidates="2023" cleared="75" enqueued="38" />
  <references type="phantom" candidates="103" cleared="0" enqueued="0" />
  <stringconstants candidates="8839" cleared="60"  />
</gc-op>
<gc-op id="842" type="classunload" timems="0.007" contextid="838" timestamp="2020-09-11T09:53:26.874">
  <classunload-info classloadercandidates="23" classloadersunloaded="0" classesunloaded="0" anonymousclassesunloaded="0" quiescems="0.000" setupms="0.006" scanms="0.001" postms="0.000" />
</gc-op>
<gc-op id="843" type="sweep" timems="2.248" contextid="838" timestamp="2020-09-11T09:53:26.877" />
<heap-resize id="844" type="expand" space="tenure" amount="1048576" count="1" timems="0.041" reason="insufficient free space following gc" timestamp="2020-09-11T09:53:26.877" />
<gc-end id="845" type="global" contextid="838" durationms="10.984" usertimems="31.953" systemtimems="3.542" timestamp="2020-09-11T09:53:26.877" activeThreads="8">
  <mem-info id="846" free="14901472" total="21168128" percent="70">
    <mem type="nursery" free="11876856" total="13369344" percent="88">
      <mem type="allocate" free="11876856" total="11927552" percent="99" />
      <mem type="survivor" free="0" total="1441792" percent="0" />
    </mem>
    <mem type="tenure" free="3024616" total="7798784" percent="38" micro-fragmented="25662" macro-fragmented="0">
      <mem type="soa" free="2634472" total="7408640" percent="35" />
      <mem type="loa" free="390144" total="390144" percent="100" />
    </mem>
    <pending-finalizers system="0" default="0" reference="38" classloader="0" />
    <remembered-set count="165" />
  </mem-info>
</gc-end>
<cycle-end id="847" type="global" contextid="838" timestamp="2020-09-11T09:53:26.877" />
<allocation-satisfied id="848" threadId="0000000000019A00" bytesRequested="5576" />
<af-end id="849" timestamp="2020-09-11T09:53:26.877" threadId="000000000001A380" success="true" from="nursery"/>
<exclusive-end id="850" timestamp="2020-09-11T09:53:26.877" durationms="11.485" />

<exclusive-start id="851" timestamp="2020-09-11T09:53:26.899" intervalms="33.592">
  <response-info timems="0.076" idlems="0.076" threads="0" lastid="0000000000019A00" lastname="main" />
</exclusive-start>
<af-start id="852" threadId="000000000001A380" totalBytesRequested="3848" timestamp="2020-09-11T09:53:26.899" intervalms="33.593" type="nursery" />
<cycle-start id="853" type="scavenge" contextid="0" timestamp="2020-09-11T09:53:26.899" intervalms="60.222" />
<gc-start id="854" type="scavenge" contextid="853" timestamp="2020-09-11T09:53:26.899">
  <mem-info id="855" free="3024616" total="21168128" percent="14">
    <mem type="nursery" free="0" total="13369344" percent="0">
      <mem type="allocate" free="0" total="11927552" percent="0" />
      <mem type="survivor" free="0" total="1441792" percent="0" />
    </mem>
    <mem type="tenure" free="3024616" total="7798784" percent="38">
      <mem type="soa" free="2634472" total="7408640" percent="35" />
      <mem type="loa" free="390144" total="390144" percent="100" />
    </mem>
    <remembered-set count="205" />
  </mem-info>
</gc-start>
<allocation-stats totalBytes="11618392" >
  <allocated-bytes non-tlh="105128" tlh="11513264" />
  <largest-consumer threadName="main" threadId="0000000000019A00" bytes="11614296" />
</allocation-stats>
<gc-op id="856" type="scavenge" timems="1.522" contextid="853" timestamp="2020-09-11T09:53:26.901">
  <scavenger-info tenureage="3" tenuremask="ffe8" tiltratio="89" />
  <memory-copied type="nursery" objects="167" bytes="24360" bytesdiscarded="38600" />
  <memory-copied type="tenure" objects="2" bytes="1040" bytesdiscarded="0" />
  <ownableSynchronizers candidates="22" cleared="22" />
  <references type="soft" candidates="1" cleared="0" enqueued="0" dynamicThreshold="12" maxThreshold="32" />
  <references type="phantom" candidates="4" cleared="0" enqueued="0" />
</gc-op>
<gc-end id="857" type="scavenge" contextid="853" durationms="1.636" usertimems="0.000" systemtimems="3.587" timestamp="2020-09-11T09:53:26.901" activeThreads="8">
  <mem-info id="858" free="14952624" total="21168128" percent="70">
    <mem type="nursery" free="11930112" total="13369344" percent="89">
      <mem type="allocate" free="11930112" total="11993088" percent="99" />
      <mem type="survivor" free="0" total="1376256" percent="0" />
    </mem>
    <mem type="tenure" free="3022512" total="7798784" percent="38">
      <mem type="soa" free="2632368" total="7408640" percent="35" />
      <mem type="loa" free="390144" total="390144" percent="100" />
    </mem>
    <remembered-set count="200" />
  </mem-info>
</gc-end>
<cycle-end id="859" type="scavenge" contextid="853" timestamp="2020-09-11T09:53:26.901" />
<allocation-satisfied id="860" threadId="0000000000019A00" bytesRequested="3848" />
<af-end id="861" timestamp="2020-09-11T09:53:26.901" threadId="000000000001A380" success="true" from="nursery"/>
<exclusive-end id="862" timestamp="2020-09-11T09:53:26.901" durationms="2.527" />

<exclusive-start id="863" timestamp="2020-09-11T09:53:26.924" intervalms="25.201">
  <response-info timems="0.087" idlems="0.087" threads="0" lastid="0000000000019A00" lastname="main" />
</exclusive-start>
<af-start id="864" threadId="000000000001A380" totalBytesRequested="17696" timestamp="2020-09-11T09:53:26.924" intervalms="25.193" type="nursery" />
<cycle-start id="865" type="scavenge" contextid="0" timestamp="2020-09-11T09:53:26.924" intervalms="25.195" />
<gc-start id="866" type="scavenge" contextid="865" timestamp="2020-09-11T09:53:26.924">
  <mem-info id="867" free="3022464" total="21168128" percent="14">
    <mem type="nursery" free="0" total="13369344" percent="0">
      <mem type="allocate" free="0" total="11993088" percent="0" />
      <mem type="survivor" free="0" total="1376256" percent="0" />
    </mem>
    <mem type="tenure" free="3022464" total="7798784" percent="38">
      <mem type="soa" free="2632320" total="7408640" percent="35" />
      <mem type="loa" free="390144" total="390144" percent="100" />
    </mem>
    <remembered-set count="202" />
  </mem-info>
</gc-start>
<allocation-stats totalBytes="11457032" >
  <allocated-bytes non-tlh="452128" tlh="11004904" />
  <largest-consumer threadName="main" threadId="0000000000019A00" bytes="11457032" />
</allocation-stats>
<gc-op id="868" type="scavenge" timems="1.420" contextid="865" timestamp="2020-09-11T09:53:26.926">
  <scavenger-info tenureage="3" tenuremask="ffe8" tiltratio="89" />
  <memory-copied type="nursery" objects="49" bytes="32664" bytesdiscarded="43176" />
  <memory-copied type="tenure" objects="104" bytes="13632" bytesdiscarded="136" />
  <references type="phantom" candidates="2" cleared="0" enqueued="0" />
</gc-op>
<gc-end id="869" type="scavenge" contextid="865" durationms="1.545" usertimems="2.994" systemtimems="0.336" timestamp="2020-09-11T09:53:26.926" activeThreads="8">
  <mem-info id="870" free="14925256" total="21168128" percent="70">
    <mem type="nursery" free="11917240" total="13369344" percent="89">
      <mem type="allocate" free="11917240" total="11993088" percent="99" />
      <mem type="survivor" free="0" total="1376256" percent="0" />
    </mem>
    <mem type="tenure" free="3008016" total="7798784" percent="38">
      <mem type="soa" free="2617872" total="7408640" percent="35" />
      <mem type="loa" free="390144" total="390144" percent="100" />
    </mem>
    <remembered-set count="203" />
  </mem-info>
</gc-end>
<cycle-end id="871" type="scavenge" contextid="865" timestamp="2020-09-11T09:53:26.927" />
<allocation-satisfied id="872" threadId="0000000000019A00" bytesRequested="17696" />
<af-end id="873" timestamp="2020-09-11T09:53:26.927" threadId="000000000001A380" success="true" from="nursery"/>
<exclusive-end id="874" timestamp="2020-09-11T09:53:26.927" durationms="2.451" />

<exclusive-start id="875" timestamp="2020-09-11T09:53:26.951" intervalms="26.337">
  <response-info timems="0.084" idlems="0.084" threads="0" lastid="0000000000019A00" lastname="main" />
</exclusive-start>
<af-start id="876" threadId="000000000001A380" totalBytesRequested="13400" timestamp="2020-09-11T09:53:26.951" intervalms="26.356" type="nursery" />
<cycle-start id="877" type="scavenge" contextid="0" timestamp="2020-09-11T09:53:26.951" intervalms="26.358" />
<gc-start id="878" type="scavenge" contextid="877" timestamp="2020-09-11T09:53:26.951">
  <mem-info id="879" free="3008016" total="21168128" percent="14">
    <mem type="nursery" free="0" total="13369344" percent="0">
      <mem type="allocate" free="0" total="11993088" percent="0" />
      <mem type="survivor" free="0" total="1376256" percent="0" />
    </mem>
    <mem type="tenure" free="3008016" total="7798784" percent="38">
      <mem type="soa" free="2617872" total="7408640" percent="35" />
      <mem type="loa" free="390144" total="390144" percent="100" />
    </mem>
    <remembered-set count="204" />
  </mem-info>
</gc-start>
<allocation-stats totalBytes="11593064" >
  <allocated-bytes non-tlh="17696" tlh="11575368" />
  <largest-consumer threadName="main" threadId="0000000000019A00" bytes="11593064" />
</allocation-stats>
<gc-op id="880" type="scavenge" timems="1.196" contextid="877" timestamp="2020-09-11T09:53:26.952">
  <scavenger-info tenureage="3" tenuremask="ffe8" tiltratio="89" />
  <memory-copied type="nursery" objects="41" bytes="15088" bytesdiscarded="32520" />
  <references type="phantom" candidates="2" cleared="0" enqueued="0" />
</gc-op>
<gc-end id="881" type="scavenge" contextid="877" durationms="1.308" usertimems="2.674" systemtimems="0.298" timestamp="2020-09-11T09:53:26.952" activeThreads="8">
  <mem-info id="882" free="14953488" total="21168128" percent="70">
    <mem type="nursery" free="11945472" total="13369344" percent="89">
      <mem type="allocate" free="11945472" total="11993088" percent="99" />
      <mem type="survivor" free="0" total="1376256" percent="0" />
    </mem>
    <mem type="tenure" free="3008016" total="7798784" percent="38">
      <mem type="soa" free="2617872" total="7408640" percent="35" />
      <mem type="loa" free="390144" total="390144" percent="100" />
    </mem>
    <remembered-set count="165" />
  </mem-info>
</gc-end>
<cycle-end id="883" type="scavenge" contextid="877" timestamp="2020-09-11T09:53:26.953" />
<allocation-satisfied id="884" threadId="0000000000019A00" bytesRequested="13400" />
<af-end id="885" timestamp="2020-09-11T09:53:26.953" threadId="000000000001A380" success="true" from="nursery"/>
<exclusive-end id="886" timestamp="2020-09-11T09:53:26.953" durationms="2.273" />

<exclusive-start id="887" timestamp="2020-09-11T09:53:26.974" intervalms="23.315">
  <response-info timems="0.094" idlems="0.094" threads="0" lastid="0000000000019A00" lastname="main" />
</exclusive-start>
<af-start id="888" threadId="000000000001A380" totalBytesRequested="2576" timestamp="2020-09-11T09:53:26.974" intervalms="23.287" type="nursery" />
<cycle-start id="889" type="scavenge" contextid="0" timestamp="2020-09-11T09:53:26.974" intervalms="23.286" />
<gc-start id="890" type="scavenge" contextid="889" timestamp="2020-09-11T09:53:26.974">
  <mem-info id="891" free="3008016" total="21168128" percent="14">
    <mem type="nursery" free="0" total="13369344" percent="0">
      <mem type="allocate" free="0" total="11993088" percent="0" />
      <mem type="survivor" free="0" total="1376256" percent="0" />
    </mem>
    <mem type="tenure" free="3008016" total="7798784" percent="38">
      <mem type="soa" free="2617872" total="7408640" percent="35" />
      <mem type="loa" free="390144" total="390144" percent="100" />
    </mem>
    <remembered-set count="166" />
  </mem-info>
</gc-start>
<allocation-stats totalBytes="11617792" >
  <allocated-bytes non-tlh="13400" tlh="11604392" />
  <largest-consumer threadName="main" threadId="0000000000019A00" bytes="11617792" />
</allocation-stats>
<gc-op id="892" type="scavenge" timems="1.992" contextid="889" timestamp="2020-09-11T09:53:26.976">
  <scavenger-info tenureage="3" tenuremask="fff8" tiltratio="89" />
  <memory-copied type="nursery" objects="99" bytes="17112" bytesdiscarded="30496" />
  <memory-copied type="tenure" objects="1" bytes="520" bytesdiscarded="352" />
  <references type="phantom" candidates="2" cleared="0" enqueued="0" />
</gc-op>
<heap-resize id="893" type="expand" space="nursery" amount="786432" count="1" timems="0.026" reason="excessive time being spent scavenging" timestamp="2020-09-11T09:53:26.976" />
<gc-end id="894" type="scavenge" contextid="889" durationms="2.143" usertimems="4.644" systemtimems="0.520" timestamp="2020-09-11T09:53:26.976" activeThreads="8">
  <mem-info id="895" free="15608848" total="21954560" percent="71">
    <mem type="nursery" free="12600832" total="14155776" percent="89">
      <mem type="allocate" free="12600832" total="12648448" percent="99" />
      <mem type="survivor" free="0" total="1507328" percent="0" />
    </mem>
    <mem type="tenure" free="3008016" total="7798784" percent="38">
      <mem type="soa" free="2617872" total="7408640" percent="35" />
      <mem type="loa" free="390144" total="390144" percent="100" />
    </mem>
    <remembered-set count="163" />
  </mem-info>
</gc-end>
<cycle-end id="896" type="scavenge" contextid="889" timestamp="2020-09-11T09:53:26.977" />
<allocation-satisfied id="897" threadId="0000000000019A00" bytesRequested="2576" />
<af-end id="898" timestamp="2020-09-11T09:53:26.977" threadId="000000000001A380" success="true" from="nursery"/>
<exclusive-end id="899" timestamp="2020-09-11T09:53:26.977" durationms="2.745" />

<exclusive-start id="900" timestamp="2020-09-11T09:53:27.002" intervalms="27.729">
  <response-info timems="0.107" idlems="0.107" threads="0" lastid="0000000000019A00" lastname="main" />
</exclusive-start>
<af-start id="901" threadId="000000000001A380" totalBytesRequested="4544" timestamp="2020-09-11T09:53:27.002" intervalms="27.739" type="nursery" />
<cycle-start id="902" type="scavenge" contextid="0" timestamp="2020-09-11T09:53:27.002" intervalms="27.737" />
<gc-start id="903" type="scavenge" contextid="902" timestamp="2020-09-11T09:53:27.002">
  <mem-info id="904" free="3008016" total="21954560" percent="13">
    <mem type="nursery" free="0" total="14155776" percent="0">
      <mem type="allocate" free="0" total="12648448" percent="0" />
      <mem type="survivor" free="0" total="1507328" percent="0" />
    </mem>
    <mem type="tenure" free="3008016" total="7798784" percent="38">
      <mem type="soa" free="2617872" total="7408640" percent="35" />
      <mem type="loa" free="390144" total="390144" percent="100" />
    </mem>
    <remembered-set count="164" />
  </mem-info>
</gc-start>
<allocation-stats totalBytes="12263560" >
  <allocated-bytes non-tlh="88792" tlh="12174768" />
  <largest-consumer threadName="main" threadId="0000000000019A00" bytes="12263560" />
</allocation-stats>
<gc-op id="905" type="scavenge" timems="1.341" contextid="902" timestamp="2020-09-11T09:53:27.003">
  <scavenger-info tenureage="3" tenuremask="ffe8" tiltratio="89" />
  <memory-copied type="nursery" objects="108" bytes="15920" bytesdiscarded="31688" />
  <references type="phantom" candidates="2" cleared="0" enqueued="0" />
</gc-op>
<gc-end id="906" type="scavenge" contextid="902" durationms="1.463" usertimems="3.798" systemtimems="0.428" timestamp="2020-09-11T09:53:27.003" activeThreads="8">
  <mem-info id="907" free="15674384" total="21954560" percent="71">
    <mem type="nursery" free="12666368" total="14155776" percent="89">
      <mem type="allocate" free="12666368" total="12713984" percent="99" />
      <mem type="survivor" free="0" total="1441792" percent="0" />
    </mem>
    <mem type="tenure" free="3008016" total="7798784" percent="38">
      <mem type="soa" free="2617872" total="7408640" percent="35" />
      <mem type="loa" free="390144" total="390144" percent="100" />
    </mem>
    <remembered-set count="163" />
  </mem-info>
</gc-end>
<cycle-end id="908" type="scavenge" contextid="902" timestamp="2020-09-11T09:53:27.004" />
<allocation-satisfied id="909" threadId="0000000000019A00" bytesRequested="4544" />
<af-end id="910" timestamp="2020-09-11T09:53:27.004" threadId="000000000001A380" success="true" from="nursery"/>
<exclusive-end id="911" timestamp="2020-09-11T09:53:27.004" durationms="2.244" />

<exclusive-start id="912" timestamp="2020-09-11T09:53:27.028" intervalms="26.497">
  <response-info timems="0.110" idlems="0.110" threads="0" lastid="0000000000019A00" lastname="main" />
</exclusive-start>
<af-start id="913" threadId="000000000001A380" totalBytesRequested="4104" timestamp="2020-09-11T09:53:27.028" intervalms="26.733" type="nursery" />
<cycle-start id="914" type="scavenge" contextid="0" timestamp="2020-09-11T09:53:27.028" intervalms="26.738" />
<gc-start id="915" type="scavenge" contextid="914" timestamp="2020-09-11T09:53:27.029">
  <mem-info id="916" free="3008016" total="21954560" percent="13">
    <mem type="nursery" free="0" total="14155776" percent="0">
      <mem type="allocate" free="0" total="12713984" percent="0" />
      <mem type="survivor" free="0" total="1441792" percent="0" />
    </mem>
    <mem type="tenure" free="3008016" total="7798784" percent="38">
      <mem type="soa" free="2617872" total="7408640" percent="35" />
      <mem type="loa" free="390144" total="390144" percent="100" />
    </mem>
    <remembered-set count="164" />
  </mem-info>
</gc-start>
<allocation-stats totalBytes="12396064" >
  <allocated-bytes non-tlh="4544" tlh="12391520" />
  <largest-consumer threadName="main" threadId="0000000000019A00" bytes="12396064" />
</allocation-stats>
<gc-op id="917" type="scavenge" timems="1.327" contextid="914" timestamp="2020-09-11T09:53:27.030">
  <scavenger-info tenureage="3" tenuremask="fff8" tiltratio="89" />
  <memory-copied type="nursery" objects="110" bytes="10632" bytesdiscarded="13168" />
  <references type="phantom" candidates="2" cleared="0" enqueued="0" />
</gc-op>
<gc-end id="918" type="scavenge" contextid="914" durationms="1.431" usertimems="3.228" systemtimems="0.013" timestamp="2020-09-11T09:53:27.030" activeThreads="8">
  <mem-info id="919" free="15698192" total="21954560" percent="71">
    <mem type="nursery" free="12690176" total="14155776" percent="89">
      <mem type="allocate" free="12690176" total="12713984" percent="99" />
      <mem type="survivor" free="0" total="1441792" percent="0" />
    </mem>
    <mem type="tenure" free="3008016" total="7798784" percent="38">
      <mem type="soa" free="2617872" total="7408640" percent="35" />
      <mem type="loa" free="390144" total="390144" percent="100" />
    </mem>
    <remembered-set count="163" />
  </mem-info>
</gc-end>
<cycle-end id="920" type="scavenge" contextid="914" timestamp="2020-09-11T09:53:27.030" />
<allocation-satisfied id="921" threadId="0000000000019A00" bytesRequested="4104" />
<af-end id="922" timestamp="2020-09-11T09:53:27.030" threadId="000000000001A380" success="true" from="nursery"/>
<exclusive-end id="923" timestamp="2020-09-11T09:53:27.030" durationms="2.453" />

<exclusive-start id="924" timestamp="2020-09-11T09:53:27.130" intervalms="102.003">
  <response-info timems="0.093" idlems="0.093" threads="0" lastid="0000000000019A00" lastname="main" />
</exclusive-start>
<af-start id="925" threadId="000000000001A380" totalBytesRequested="16777224" timestamp="2020-09-11T09:53:27.130" intervalms="101.836" type="nursery" />
<cycle-start id="926" type="scavenge" contextid="0" timestamp="2020-09-11T09:53:27.130" intervalms="101.842" />
<gc-start id="927" type="scavenge" contextid="926" timestamp="2020-09-11T09:53:27.130">
  <mem-info id="928" free="7893344" total="21954560" percent="35">
    <mem type="nursery" free="4915960" total="14155776" percent="34">
      <mem type="allocate" free="4915960" total="12713984" percent="38" />
      <mem type="survivor" free="0" total="1441792" percent="0" />
    </mem>
    <mem type="tenure" free="2977384" total="7798784" percent="38">
      <mem type="soa" free="2587240" total="7408640" percent="34" />
      <mem type="loa" free="390144" total="390144" percent="100" />
    </mem>
    <remembered-set count="657" />
  </mem-info>
</gc-start>
<allocation-stats totalBytes="7794512" >
  <allocated-bytes non-tlh="30320" tlh="7764192" />
  <largest-consumer threadName="main" threadId="0000000000019A00" bytes="7572264" />
</allocation-stats>
<gc-op id="929" type="scavenge" timems="3.185" contextid="926" timestamp="2020-09-11T09:53:27.134">
  <scavenger-info tenureage="3" tenuremask="fff8" tiltratio="89" />
  <memory-copied type="nursery" objects="12207" bytes="450480" bytesdiscarded="101976" />
  <finalization candidates="13" enqueued="1" />
  <ownableSynchronizers candidates="12" cleared="5" />
  <references type="soft" candidates="15" cleared="0" enqueued="0" dynamicThreshold="12" maxThreshold="32" />
  <references type="weak" candidates="1125" cleared="453" enqueued="324" />
  <references type="phantom" candidates="2" cleared="0" enqueued="0" />
</gc-op>
<gc-end id="930" type="scavenge" contextid="926" durationms="3.398" usertimems="8.456" systemtimems="0.027" timestamp="2020-09-11T09:53:27.134" activeThreads="8">
  <mem-info id="931" free="15136344" total="21954560" percent="68">
    <mem type="nursery" free="12158960" total="14155776" percent="85">
      <mem type="allocate" free="12158960" total="12713984" percent="95" />
      <mem type="survivor" free="0" total="1441792" percent="0" />
    </mem>
    <mem type="tenure" free="2977384" total="7798784" percent="38">
      <mem type="soa" free="2587240" total="7408640" percent="34" />
      <mem type="loa" free="390144" total="390144" percent="100" />
    </mem>
    <pending-finalizers system="1" default="0" reference="324" classloader="0" />
    <remembered-set count="628" />
  </mem-info>
</gc-end>
<cycle-end id="932" type="scavenge" contextid="926" timestamp="2020-09-11T09:53:27.134" />
<cycle-start id="933" type="global" contextid="0" timestamp="2020-09-11T09:53:27.135" intervalms="268.952" />
<gc-start id="934" type="global" contextid="933" timestamp="2020-09-11T09:53:27.135">
  <mem-info id="935" free="15136344" total="21954560" percent="68">
    <mem type="nursery" free="12158960" total="14155776" percent="85">
      <mem type="allocate" free="12158960" total="12713984" percent="95" />
      <mem type="survivor" free="0" total="1441792" percent="0" />
    </mem>
    <mem type="tenure" free="2977384" total="7798784" percent="38">
      <mem type="soa" free="2587240" total="7408640" percent="34" />
      <mem type="loa" free="390144" total="390144" percent="100" />
    </mem>
    <pending-finalizers system="1" default="0" reference="324" classloader="0" />
    <remembered-set count="628" />
  </mem-info>
</gc-start>
<allocation-stats totalBytes="0" >
  <allocated-bytes non-tlh="0" tlh="0" />
</allocation-stats>
<heap-resize id="936" type="loa expand" space="tenure" amount="77824" count="1" timems="0.000" reason="expand on failed allocate" timestamp="2020-09-11T09:53:27.135" />
<gc-op id="937" type="mark" timems="8.539" contextid="933" timestamp="2020-09-11T09:53:27.143">
  <trace-info objectcount="109229" scancount="92069" scanbytes="3006928" />
  <finalization candidates="85" enqueued="0" />
  <ownableSynchronizers candidates="18" cleared="0" />
  <references type="soft" candidates="4086" cleared="0" enqueued="0" dynamicThreshold="12" maxThreshold="32" />
  <references type="weak" candidates="2620" cleared="40" enqueued="20" />
  <references type="phantom" candidates="101" cleared="0" enqueued="0" />
  <stringconstants candidates="8915" cleared="19"  />
</gc-op>
<gc-op id="938" type="classunload" timems="0.007" contextid="933" timestamp="2020-09-11T09:53:27.143">
  <classunload-info classloadercandidates="28" classloadersunloaded="0" classesunloaded="0" anonymousclassesunloaded="0" quiescems="0.000" setupms="0.006" scanms="0.000" postms="0.001" />
</gc-op>
<gc-op id="939" type="sweep" timems="1.475" contextid="933" timestamp="2020-09-11T09:53:27.145" />
<mem-info id="940" free="15261968" total="21954560" percent="69">
  <mem type="nursery" free="12261112" total="14155776" percent="86">
    <mem type="allocate" free="12261112" total="12713984" percent="96" />
    <mem type="survivor" free="0" total="1441792" percent="0" />
  </mem>
  <mem type="tenure" free="3000856" total="7798784" percent="38" micro-fragmented="62925" macro-fragmented="0">
    <mem type="soa" free="2532888" total="7330816" percent="34" />
    <mem type="loa" free="467968" total="467968" percent="100" />
  </mem>
  <pending-finalizers system="1" default="0" reference="344" classloader="0" />
  <remembered-set count="572" />
</mem-info>
<gc-op id="941" type="compact" timems="43.725" contextid="933" timestamp="2020-09-11T09:53:27.188">
  <compact-info movecount="108041" movebytes="5127384" reason="compact to meet allocation" />
</gc-op>
<heap-resize id="942" type="expand" space="tenure" amount="23003136" count="1" timems="0.221" reason="satisfy allocation request" timestamp="2020-09-11T09:53:27.189" />
<gc-end id="943" type="global" contextid="933" durationms="54.626" usertimems="89.705" systemtimems="0.221" timestamp="2020-09-11T09:53:27.189" activeThreads="8">
  <mem-info id="944" free="21548896" total="44957696" percent="47">
    <mem type="nursery" free="12265400" total="14155776" percent="86">
      <mem type="allocate" free="12265400" total="12713984" percent="96" />
      <mem type="survivor" free="0" total="1441792" percent="0" />
    </mem>
    <mem type="tenure" free="9283496" total="30801920" percent="30">
      <mem type="soa" free="7435176" total="28953600" percent="25" />
      <mem type="loa" free="1848320" total="1848320" percent="100" />
    </mem>
    <pending-finalizers system="1" default="0" reference="344" classloader="0" />
    <remembered-set count="572" />
  </mem-info>
</gc-end>
<cycle-end id="945" type="global" contextid="933" timestamp="2020-09-11T09:53:27.189" />
<allocation-satisfied id="946" threadId="0000000000019A00" bytesRequested="16777224" />
<af-end id="947" timestamp="2020-09-11T09:53:27.192" threadId="000000000001A380" success="true" from="tenure-soa"/>
<exclusive-end id="948" timestamp="2020-09-11T09:53:27.192" durationms="62.275" />

<exclusive-start id="949" timestamp="2020-09-11T09:53:27.270" intervalms="140.385">
  <response-info timems="0.124" idlems="0.124" threads="0" lastid="0000000000792300" lastname="ForkJoinPool-3-worker-5" />
</exclusive-start>
<af-start id="950" threadId="0000000000792C80" totalBytesRequested="24" timestamp="2020-09-11T09:53:27.271" intervalms="140.431" type="nursery" />
<percolate-collect id="951" from="nursery" to="global" reason="met projected tenure max free" timestamp="2020-09-11T09:53:27.271"/>
<cycle-start id="952" type="global" contextid="0" timestamp="2020-09-11T09:53:27.271" intervalms="136.242" />
<gc-start id="953" type="global" contextid="952" timestamp="2020-09-11T09:53:27.271">
  <mem-info id="954" free="9257800" total="44957696" percent="20">
    <mem type="nursery" free="0" total="14155776" percent="0">
      <mem type="allocate" free="0" total="12713984" percent="0" />
      <mem type="survivor" free="0" total="1441792" percent="0" />
    </mem>
    <mem type="tenure" free="9257800" total="30801920" percent="30">
      <mem type="soa" free="7409480" total="28953600" percent="25" />
      <mem type="loa" free="1848320" total="1848320" percent="100" />
    </mem>
    <remembered-set count="1012" />
  </mem-info>
</gc-start>
<allocation-stats totalBytes="29063904" >
  <allocated-bytes non-tlh="19873360" tlh="9190544" />
  <largest-consumer threadName="main" threadId="0000000000019A00" bytes="17098184" />
</allocation-stats>
<gc-op id="955" type="mark" timems="8.349" contextid="952" timestamp="2020-09-11T09:53:27.279">
  <trace-info objectcount="267819" scancount="212517" scanbytes="9107796" />
  <finalization candidates="89" enqueued="1" />
  <ownableSynchronizers candidates="72" cleared="0" />
  <references type="soft" candidates="4371" cleared="0" enqueued="0" dynamicThreshold="9" maxThreshold="32" />
  <references type="weak" candidates="3008" cleared="111" enqueued="75" />
  <references type="phantom" candidates="101" cleared="0" enqueued="0" />
  <stringconstants candidates="9125" cleared="3"  />
</gc-op>
<gc-op id="956" type="classunload" timems="0.017" contextid="952" timestamp="2020-09-11T09:53:27.279">
  <classunload-info classloadercandidates="69" classloadersunloaded="0" classesunloaded="0" anonymousclassesunloaded="0" quiescems="0.000" setupms="0.015" scanms="0.001" postms="0.001" />
</gc-op>
<gc-op id="957" type="sweep" timems="0.908" contextid="952" timestamp="2020-09-11T09:53:27.280" />
<gc-end id="958" type="global" contextid="952" durationms="9.625" usertimems="55.791" systemtimems="0.000" timestamp="2020-09-11T09:53:27.280" activeThreads="8">
  <mem-info id="959" free="10833192" total="44957696" percent="24">
    <mem type="nursery" free="1573336" total="14155776" percent="11">
      <mem type="allocate" free="1573336" total="12713984" percent="12" />
      <mem type="survivor" free="0" total="1441792" percent="0" />
    </mem>
    <mem type="tenure" free="9259856" total="30801920" percent="30" micro-fragmented="0" macro-fragmented="0">
      <mem type="soa" free="7411536" total="28953600" percent="25" />
      <mem type="loa" free="1848320" total="1848320" percent="100" />
    </mem>
    <pending-finalizers system="1" default="0" reference="75" classloader="0" />
    <remembered-set count="989" />
  </mem-info>
</gc-end>
<cycle-end id="960" type="global" contextid="952" timestamp="2020-09-11T09:53:27.281" />
<allocation-satisfied id="961" threadId="0000000000792300" bytesRequested="24" />
<af-end id="962" timestamp="2020-09-11T09:53:27.281" threadId="0000000000792C80" success="true" from="nursery"/>
<exclusive-end id="963" timestamp="2020-09-11T09:53:27.281" durationms="10.222" />

<exclusive-start id="964" timestamp="2020-09-11T09:53:27.284" intervalms="13.384">
  <response-info timems="0.181" idlems="0.181" threads="0" lastid="0000000000795E00" lastname="ForkJoinPool-3-worker-7" />
</exclusive-start>
<af-start id="965" threadId="0000000000796780" totalBytesRequested="16" timestamp="2020-09-11T09:53:27.284" intervalms="13.446" type="nursery" />
<cycle-start id="966" type="scavenge" contextid="0" timestamp="2020-09-11T09:53:27.284" intervalms="153.978" />
<gc-start id="967" type="scavenge" contextid="966" timestamp="2020-09-11T09:53:27.284">
  <mem-info id="968" free="9259616" total="44957696" percent="20">
    <mem type="nursery" free="0" total="14155776" percent="0">
      <mem type="allocate" free="0" total="12713984" percent="0" />
      <mem type="survivor" free="0" total="1441792" percent="0" />
    </mem>
    <mem type="tenure" free="9259616" total="30801920" percent="30">
      <mem type="soa" free="7411296" total="28953600" percent="25" />
      <mem type="loa" free="1848320" total="1848320" percent="100" />
    </mem>
    <remembered-set count="992" />
  </mem-info>
</gc-start>
<allocation-stats totalBytes="1567376" >
  <allocated-bytes non-tlh="8464" tlh="1558912" />
  <largest-consumer threadName="ForkJoinPool-3-worker-9" threadId="0000000000799A00" bytes="535528" />
</allocation-stats>
<gc-op id="969" type="scavenge" timems="10.921" contextid="966" timestamp="2020-09-11T09:53:27.295">
  <scavenger-info tenureage="3" tenuremask="fff8" tiltratio="89" />
  <memory-copied type="nursery" objects="28089" bytes="1433288" bytesdiscarded="616" />
  <memory-copied type="tenure" objects="171045" bytes="7974232" bytesdiscarded="1152" />
  <copy-failed type="nursery" objects="171046" bytes="7978808" />
  <finalization candidates="15" enqueued="0" />
  <ownableSynchronizers candidates="83" cleared="22" />
  <references type="weak" candidates="87" cleared="0" enqueued="0" />
  <references type="phantom" candidates="2" cleared="0" enqueued="0" />
  <heap-resize type="expand" space="tenure" amount="786432" count="12" timems="0.314" reason="continue current collection" />
</gc-op>
<heap-resize id="970" type="expand" space="nursery" amount="655360" count="1" timems="0.031" reason="excessive time being spent scavenging" timestamp="2020-09-11T09:53:27.296" />
<gc-end id="971" type="scavenge" contextid="966" durationms="11.397" usertimems="51.510" systemtimems="2.074" timestamp="2020-09-11T09:53:27.296" activeThreads="8">
  <mem-info id="972" free="7874048" total="46399488" percent="16">
    <mem type="nursery" free="5963776" total="14811136" percent="40">
      <mem type="allocate" free="5963776" total="7405568" percent="80" />
      <mem type="survivor" free="0" total="7405568" percent="0" />
    </mem>
    <mem type="tenure" free="1910272" total="31588352" percent="6">
      <mem type="soa" free="14848" total="29692928" percent="0" />
      <mem type="loa" free="1895424" total="1895424" percent="100" />
    </mem>
    <remembered-set count="6640" />
  </mem-info>
</gc-end>
<cycle-end id="973" type="scavenge" contextid="966" timestamp="2020-09-11T09:53:27.296" />
<allocation-satisfied id="974" threadId="0000000000795E00" bytesRequested="16" />
<af-end id="975" timestamp="2020-09-11T09:53:27.296" threadId="0000000000796780" success="true" from="nursery"/>
<exclusive-end id="976" timestamp="2020-09-11T09:53:27.296" durationms="12.502" />

<exclusive-start id="977" timestamp="2020-09-11T09:53:27.307" intervalms="22.905">
  <response-info timems="0.115" idlems="0.115" threads="0" lastid="0000000000792300" lastname="ForkJoinPool-3-worker-5" />
</exclusive-start>
<af-start id="978" threadId="0000000000792C80" totalBytesRequested="24" timestamp="2020-09-11T09:53:27.307" intervalms="22.952" type="nursery" />
<cycle-start id="979" type="scavenge" contextid="0" timestamp="2020-09-11T09:53:27.307" intervalms="22.872" />
<gc-start id="980" type="scavenge" contextid="979" timestamp="2020-09-11T09:53:27.308">
  <mem-info id="981" free="1909584" total="46399488" percent="4">
    <mem type="nursery" free="0" total="14811136" percent="0">
      <mem type="allocate" free="0" total="7405568" percent="0" />
      <mem type="survivor" free="0" total="7405568" percent="0" />
    </mem>
    <mem type="tenure" free="1909584" total="31588352" percent="6">
      <mem type="soa" free="14160" total="29692928" percent="0" />
      <mem type="loa" free="1895424" total="1895424" percent="100" />
    </mem>
    <remembered-set count="9603" />
  </mem-info>
</gc-start>
<allocation-stats totalBytes="5963632" >
  <allocated-bytes non-tlh="704" tlh="5962928" />
  <largest-consumer threadName="ForkJoinPool-3-worker-9" threadId="0000000000799A00" bytes="1634048" />
</allocation-stats>
<gc-op id="982" type="scavenge" timems="4.960" contextid="979" timestamp="2020-09-11T09:53:27.313">
  <scavenger-info tenureage="3" tenuremask="fff8" tiltratio="50" />
  <memory-copied type="nursery" objects="135085" bytes="4827480" bytesdiscarded="154792" />
  <finalization candidates="1" enqueued="0" />
  <ownableSynchronizers candidates="61" cleared="0" />
  <references type="soft" candidates="17" cleared="0" enqueued="0" dynamicThreshold="9" maxThreshold="32" />
  <references type="weak" candidates="97" cleared="0" enqueued="0" />
  <references type="phantom" candidates="2" cleared="0" enqueued="0" />
</gc-op>
<heap-resize id="983" type="expand" space="nursery" amount="2359296" count="1" timems="0.061" reason="excessive time being spent scavenging" timestamp="2020-09-11T09:53:27.313" />
<gc-end id="984" type="scavenge" contextid="979" durationms="5.328" usertimems="33.604" systemtimems="0.000" timestamp="2020-09-11T09:53:27.313" activeThreads="8">
  <mem-info id="985" free="5504840" total="48758784" percent="11">
    <mem type="nursery" free="3595256" total="17170432" percent="20">
      <mem type="allocate" free="3595256" total="8585216" percent="41" />
      <mem type="survivor" free="0" total="8585216" percent="0" />
    </mem>
    <mem type="tenure" free="1909584" total="31588352" percent="6">
      <mem type="soa" free="14160" total="29692928" percent="0" />
      <mem type="loa" free="1895424" total="1895424" percent="100" />
    </mem>
    <remembered-set count="7672" />
  </mem-info>
</gc-end>
<cycle-end id="986" type="scavenge" contextid="979" timestamp="2020-09-11T09:53:27.313" />
<allocation-satisfied id="987" threadId="0000000000792300" bytesRequested="24" />
<af-end id="988" timestamp="2020-09-11T09:53:27.313" threadId="0000000000792C80" success="true" from="nursery"/>
<exclusive-end id="989" timestamp="2020-09-11T09:53:27.313" durationms="6.579" />

<exclusive-start id="990" timestamp="2020-09-11T09:53:27.319" intervalms="11.855">
  <response-info timems="0.195" idlems="0.195" threads="0" lastid="0000000000799A00" lastname="ForkJoinPool-3-worker-9" />
</exclusive-start>
<af-start id="991" threadId="000000000079A380" totalBytesRequested="72" timestamp="2020-09-11T09:53:27.319" intervalms="11.833" type="nursery" />
<cycle-start id="992" type="scavenge" contextid="0" timestamp="2020-09-11T09:53:27.319" intervalms="11.829" />
<gc-start id="993" type="scavenge" contextid="992" timestamp="2020-09-11T09:53:27.319">
  <mem-info id="994" free="1908976" total="48758784" percent="3">
    <mem type="nursery" free="0" total="17170432" percent="0">
      <mem type="allocate" free="0" total="8585216" percent="0" />
      <mem type="survivor" free="0" total="8585216" percent="0" />
    </mem>
    <mem type="tenure" free="1908976" total="31588352" percent="6">
      <mem type="soa" free="13552" total="29692928" percent="0" />
      <mem type="loa" free="1895424" total="1895424" percent="100" />
    </mem>
    <remembered-set count="8188" />
  </mem-info>
</gc-start>
<allocation-stats totalBytes="3595248" >
  <allocated-bytes non-tlh="632" tlh="3594616" />
  <largest-consumer threadName="ForkJoinPool-3-worker-5" threadId="0000000000792300" bytes="1334160" />
</allocation-stats>
<gc-op id="995" type="scavenge" timems="7.569" contextid="992" timestamp="2020-09-11T09:53:27.327">
  <scavenger-info tenureage="3" tenuremask="fff8" tiltratio="50" />
  <memory-copied type="nursery" objects="185646" bytes="6387360" bytesdiscarded="90496" />
  <memory-copied type="tenure" objects="3312" bytes="122504" bytesdiscarded="104" />
  <finalization candidates="1" enqueued="0" />
  <ownableSynchronizers candidates="61" cleared="0" />
  <references type="soft" candidates="32" cleared="0" enqueued="0" dynamicThreshold="9" maxThreshold="32" />
  <references type="weak" candidates="31" cleared="0" enqueued="0" />
  <heap-resize type="expand" space="tenure" amount="262144" count="2" timems="0.208" reason="continue current collection" />
</gc-op>
<heap-resize id="996" type="expand" space="nursery" amount="4194304" count="1" timems="0.039" reason="excessive time being spent scavenging" timestamp="2020-09-11T09:53:27.327" />
<gc-end id="997" type="scavenge" contextid="992" durationms="8.054" usertimems="40.020" systemtimems="0.000" timestamp="2020-09-11T09:53:27.327" activeThreads="8">
  <mem-info id="998" free="6110704" total="53215232" percent="11">
    <mem type="nursery" free="4198896" total="21364736" percent="19">
      <mem type="allocate" free="4198896" total="10682368" percent="39" />
      <mem type="survivor" free="0" total="10682368" percent="0" />
    </mem>
    <mem type="tenure" free="1911808" total="31850496" percent="6">
      <mem type="soa" free="0" total="29938688" percent="0" />
      <mem type="loa" free="1911808" total="1911808" percent="100" />
    </mem>
    <remembered-set count="7892" />
  </mem-info>
</gc-end>
<cycle-end id="999" type="scavenge" contextid="992" timestamp="2020-09-11T09:53:27.330" />
<allocation-satisfied id="1000" threadId="0000000000799A00" bytesRequested="72" />
<af-end id="1001" timestamp="2020-09-11T09:53:27.330" threadId="000000000079A380" success="true" from="nursery"/>
<exclusive-end id="1002" timestamp="2020-09-11T09:53:27.330" durationms="11.878" />

<exclusive-start id="1003" timestamp="2020-09-11T09:53:27.337" intervalms="18.029">
  <response-info timems="0.172" idlems="0.172" threads="0" lastid="0000000000760800" lastname="RunDataWriter.1" />
</exclusive-start>
<af-start id="1004" threadId="0000000000761180" totalBytesRequested="88" timestamp="2020-09-11T09:53:27.337" intervalms="17.930" type="tenure" />
<cycle-start id="1005" type="global" contextid="0" timestamp="2020-09-11T09:53:27.337" intervalms="66.127" />
<gc-start id="1006" type="global" contextid="1005" timestamp="2020-09-11T09:53:27.337">
  <mem-info id="1007" free="2657704" total="53215232" percent="4">
    <mem type="nursery" free="745896" total="21364736" percent="3">
      <mem type="allocate" free="745896" total="10682368" percent="6" />
      <mem type="survivor" free="0" total="10682368" percent="0" />
    </mem>
    <mem type="tenure" free="1911808" total="31850496" percent="6">
      <mem type="soa" free="0" total="29938688" percent="0" />
      <mem type="loa" free="1911808" total="1911808" percent="100" />
    </mem>
    <remembered-set count="8340" />
  </mem-info>
</gc-start>
<allocation-stats totalBytes="3451648" >
  <allocated-bytes non-tlh="72" tlh="3451576" />
  <largest-consumer threadName="ForkJoinPool-3-worker-5" threadId="0000000000792300" bytes="1290112" />
</allocation-stats>
<gc-op id="1008" type="mark" timems="11.242" contextid="1005" timestamp="2020-09-11T09:53:27.348">
  <trace-info objectcount="509047" scancount="406522" scanbytes="14389608" />
  <finalization candidates="88" enqueued="0" />
  <ownableSynchronizers candidates="72" cleared="0" />
  <references type="soft" candidates="4413" cleared="0" enqueued="0" dynamicThreshold="9" maxThreshold="32" />
  <references type="weak" candidates="2915" cleared="1" enqueued="1" />
  <references type="phantom" candidates="101" cleared="0" enqueued="0" />
  <stringconstants candidates="9133" cleared="1"  />
</gc-op>
<gc-op id="1009" type="classunload" timems="0.010" contextid="1005" timestamp="2020-09-11T09:53:27.348">
  <classunload-info classloadercandidates="75" classloadersunloaded="0" classesunloaded="0" anonymousclassesunloaded="0" quiescems="0.000" setupms="0.009" scanms="0.001" postms="0.000" />
</gc-op>
<gc-op id="1010" type="sweep" timems="1.116" contextid="1005" timestamp="2020-09-11T09:53:27.350" />
<heap-resize id="1011" type="expand" space="tenure" amount="11141120" count="1" timems="0.373" reason="insufficient free space following gc" timestamp="2020-09-11T09:53:27.350" />
<gc-end id="1012" type="global" contextid="1005" durationms="13.157" usertimems="68.594" systemtimems="0.485" timestamp="2020-09-11T09:53:27.350" activeThreads="8">
  <mem-info id="1013" free="14371816" total="64356352" percent="22">
    <mem type="nursery" free="1028232" total="21364736" percent="4">
      <mem type="allocate" free="1028232" total="10682368" percent="9" />
      <mem type="survivor" free="0" total="10682368" percent="0" />
    </mem>
    <mem type="tenure" free="13343584" total="42991616" percent="31" micro-fragmented="0" macro-fragmented="0">
      <mem type="soa" free="10763104" total="40411136" percent="26" />
      <mem type="loa" free="2580480" total="2580480" percent="100" />
    </mem>
    <pending-finalizers system="0" default="0" reference="1" classloader="0" />
    <remembered-set count="8336" />
  </mem-info>
</gc-end>
<cycle-end id="1014" type="global" contextid="1005" timestamp="2020-09-11T09:53:27.350" />
<allocation-satisfied id="1015" threadId="0000000000760800" bytesRequested="88" />
<af-end id="1016" timestamp="2020-09-11T09:53:27.350" threadId="0000000000761180" success="true" from="tenure-soa"/>
<exclusive-end id="1017" timestamp="2020-09-11T09:53:27.350" durationms="13.745" />

<exclusive-start id="1018" timestamp="2020-09-11T09:53:27.352" intervalms="15.573">
  <response-info timems="0.173" idlems="0.173" threads="0" lastid="0000000000795E00" lastname="ForkJoinPool-3-worker-7" />
</exclusive-start>
<af-start id="1019" threadId="0000000000796780" totalBytesRequested="32" timestamp="2020-09-11T09:53:27.352" intervalms="15.625" type="nursery" />
<cycle-start id="1020" type="scavenge" contextid="0" timestamp="2020-09-11T09:53:27.353" intervalms="33.566" />
<gc-start id="1021" type="scavenge" contextid="1020" timestamp="2020-09-11T09:53:27.353">
  <mem-info id="1022" free="13343192" total="64356352" percent="20">
    <mem type="nursery" free="0" total="21364736" percent="0">
      <mem type="allocate" free="0" total="10682368" percent="0" />
      <mem type="survivor" free="0" total="10682368" percent="0" />
    </mem>
    <mem type="tenure" free="13343192" total="42991616" percent="31">
      <mem type="soa" free="10762712" total="40411136" percent="26" />
      <mem type="loa" free="2580480" total="2580480" percent="100" />
    </mem>
    <remembered-set count="8454" />
  </mem-info>
</gc-start>
<allocation-stats totalBytes="1028432" >
  <allocated-bytes non-tlh="66024" tlh="962408" />
  <largest-consumer threadName="ForkJoinPool-3-worker-5" threadId="0000000000792300" bytes="316128" />
</allocation-stats>
<gc-op id="1023" type="scavenge" timems="7.254" contextid="1020" timestamp="2020-09-11T09:53:27.360">
  <scavenger-info tenureage="5" tenuremask="ffe0" tiltratio="50" />
  <memory-copied type="nursery" objects="254602" bytes="8541392" bytesdiscarded="132056" />
  <finalization candidates="1" enqueued="0" />
  <ownableSynchronizers candidates="144" cleared="90" />
  <references type="soft" candidates="42" cleared="0" enqueued="0" dynamicThreshold="9" maxThreshold="32" />
  <references type="weak" candidates="36" cleared="1" enqueued="1" />
</gc-op>
<heap-resize id="1024" type="expand" space="nursery" amount="2359296" count="1" timems="0.064" reason="excessive time being spent scavenging" timestamp="2020-09-11T09:53:27.360" />
<gc-end id="1025" type="scavenge" contextid="1020" durationms="7.655" usertimems="42.191" systemtimems="1.444" timestamp="2020-09-11T09:53:27.360" activeThreads="8">
  <mem-info id="1026" free="16525952" total="66715648" percent="24">
    <mem type="nursery" free="3182760" total="23724032" percent="13">
      <mem type="allocate" free="3182760" total="11862016" percent="26" />
      <mem type="survivor" free="0" total="11862016" percent="0" />
    </mem>
    <mem type="tenure" free="13343192" total="42991616" percent="31">
      <mem type="soa" free="10762712" total="40411136" percent="26" />
      <mem type="loa" free="2580480" total="2580480" percent="100" />
    </mem>
    <pending-finalizers system="0" default="0" reference="1" classloader="0" />
    <remembered-set count="8450" />
  </mem-info>
</gc-end>
<cycle-end id="1027" type="scavenge" contextid="1020" timestamp="2020-09-11T09:53:27.361" />
<allocation-satisfied id="1028" threadId="0000000000795E00" bytesRequested="32" />
<af-end id="1029" timestamp="2020-09-11T09:53:27.361" threadId="0000000000796780" success="true" from="nursery"/>
<exclusive-end id="1030" timestamp="2020-09-11T09:53:27.361" durationms="8.840" />

<exclusive-start id="1031" timestamp="2020-09-11T09:53:27.365" intervalms="12.932">
  <response-info timems="0.300" idlems="0.300" threads="0" lastid="0000000000799A00" lastname="ForkJoinPool-3-worker-9" />
</exclusive-start>
<af-start id="1032" threadId="000000000079A380" totalBytesRequested="65544" timestamp="2020-09-11T09:53:27.365" intervalms="12.833" type="nursery" />
<cycle-start id="1033" type="scavenge" contextid="0" timestamp="2020-09-11T09:53:27.365" intervalms="12.836" />
<gc-start id="1034" type="scavenge" contextid="1033" timestamp="2020-09-11T09:53:27.366">
  <mem-info id="1035" free="13395616" total="66715648" percent="20">
    <mem type="nursery" free="53416" total="23724032" percent="0">
      <mem type="allocate" free="53416" total="11862016" percent="0" />
      <mem type="survivor" free="0" total="11862016" percent="0" />
    </mem>
    <mem type="tenure" free="13342200" total="42991616" percent="31">
      <mem type="soa" free="10761720" total="40411136" percent="26" />
      <mem type="loa" free="2580480" total="2580480" percent="100" />
    </mem>
    <remembered-set count="8771" />
  </mem-info>
</gc-start>
<allocation-stats totalBytes="3129528" >
  <allocated-bytes non-tlh="1024" tlh="3128504" />
  <largest-consumer threadName="MapReducer.1" threadId="000000000075EC00" bytes="1232864" />
</allocation-stats>
<gc-op id="1036" type="scavenge" timems="8.409" contextid="1033" timestamp="2020-09-11T09:53:27.374">
  <scavenger-info tenureage="3" tenuremask="fff8" tiltratio="50" />
  <memory-copied type="nursery" objects="184015" bytes="5811000" bytesdiscarded="273768" />
  <memory-copied type="tenure" objects="131759" bytes="4636928" bytesdiscarded="816" />
  <finalization candidates="1" enqueued="0" />
  <ownableSynchronizers candidates="54" cleared="0" />
  <references type="soft" candidates="50" cleared="0" enqueued="0" dynamicThreshold="9" maxThreshold="32" />
  <references type="weak" candidates="11" cleared="1" enqueued="1" />
</gc-op>
<heap-resize id="1037" type="expand" space="nursery" amount="7208960" count="1" timems="0.047" reason="excessive time being spent scavenging" timestamp="2020-09-11T09:53:27.374" />
<gc-end id="1038" type="scavenge" contextid="1033" durationms="8.848" usertimems="47.811" systemtimems="7.294" timestamp="2020-09-11T09:53:27.374" activeThreads="8">
  <mem-info id="1039" free="17891824" total="73924608" percent="24">
    <mem type="nursery" free="9381512" total="30932992" percent="30">
      <mem type="allocate" free="9381512" total="15466496" percent="60" />
      <mem type="survivor" free="0" total="15466496" percent="0" />
    </mem>
    <mem type="tenure" free="8510312" total="42991616" percent="19">
      <mem type="soa" free="5929832" total="40411136" percent="14" />
      <mem type="loa" free="2580480" total="2580480" percent="100" />
    </mem>
    <pending-finalizers system="0" default="0" reference="1" classloader="0" />
    <remembered-set count="3782" />
  </mem-info>
</gc-end>
<cycle-end id="1040" type="scavenge" contextid="1033" timestamp="2020-09-11T09:53:27.375" />
<allocation-satisfied id="1041" threadId="0000000000799A00" bytesRequested="65544" />
<af-end id="1042" timestamp="2020-09-11T09:53:27.375" threadId="000000000079A380" success="true" from="nursery"/>
<exclusive-end id="1043" timestamp="2020-09-11T09:53:27.375" durationms="9.769" />

<exclusive-start id="1044" timestamp="2020-09-11T09:53:27.387" intervalms="21.572">
  <response-info timems="0.152" idlems="0.118" threads="1" lastid="000000000075EC00" lastname="MapReducer.1" />
</exclusive-start>
<af-start id="1045" threadId="0000000000796780" totalBytesRequested="64" timestamp="2020-09-11T09:53:27.387" intervalms="21.671" type="nursery" />
<cycle-start id="1046" type="scavenge" contextid="0" timestamp="2020-09-11T09:53:27.387" intervalms="21.649" />
<gc-start id="1047" type="scavenge" contextid="1046" timestamp="2020-09-11T09:53:27.387">
  <mem-info id="1048" free="8509544" total="73924608" percent="11">
    <mem type="nursery" free="0" total="30932992" percent="0">
      <mem type="allocate" free="0" total="15466496" percent="0" />
      <mem type="survivor" free="0" total="15466496" percent="0" />
    </mem>
    <mem type="tenure" free="8509544" total="42991616" percent="19">
      <mem type="soa" free="5929064" total="40411136" percent="14" />
      <mem type="loa" free="2580480" total="2580480" percent="100" />
    </mem>
    <remembered-set count="7277" />
  </mem-info>
</gc-start>
<allocation-stats totalBytes="9381464" >
  <allocated-bytes non-tlh="262944" tlh="9118520" />
  <largest-consumer threadName="MapReducer.1" threadId="000000000075EC00" bytes="3012224" />
</allocation-stats>
<gc-op id="1049" type="scavenge" timems="11.788" contextid="1046" timestamp="2020-09-11T09:53:27.399">
  <scavenger-info tenureage="2" tenuremask="ffcc" tiltratio="50" />
  <memory-copied type="nursery" objects="226291" bytes="7421872" bytesdiscarded="281336" />
  <memory-copied type="tenure" objects="122821" bytes="3815440" bytesdiscarded="256" />
  <references type="soft" candidates="56" cleared="0" enqueued="0" dynamicThreshold="9" maxThreshold="32" />
  <references type="weak" candidates="11" cleared="1" enqueued="1" />
</gc-op>
<heap-resize id="1050" type="expand" space="nursery" amount="7340032" count="1" timems="0.068" reason="excessive time being spent scavenging" timestamp="2020-09-11T09:53:27.399" />
<gc-end id="1051" type="scavenge" contextid="1046" durationms="12.336" usertimems="60.992" systemtimems="4.866" timestamp="2020-09-11T09:53:27.400" activeThreads="8">
  <mem-info id="1052" free="19737792" total="81264640" percent="24">
    <mem type="nursery" free="15233632" total="38273024" percent="39">
      <mem type="allocate" free="15233632" total="22937600" percent="66" />
      <mem type="survivor" free="0" total="15335424" percent="0" />
    </mem>
    <mem type="tenure" free="4504160" total="42991616" percent="10">
      <mem type="soa" free="1923680" total="40411136" percent="4" />
      <mem type="loa" free="2580480" total="2580480" percent="100" />
    </mem>
    <pending-finalizers system="0" default="0" reference="1" classloader="0" />
    <remembered-set count="3781" />
  </mem-info>
</gc-end>
<cycle-end id="1053" type="scavenge" contextid="1046" timestamp="2020-09-11T09:53:27.400" />
<allocation-satisfied id="1054" threadId="0000000000795E00" bytesRequested="64" />
<af-end id="1055" timestamp="2020-09-11T09:53:27.400" threadId="0000000000796780" success="true" from="nursery"/>
<exclusive-end id="1056" timestamp="2020-09-11T09:53:27.400" durationms="13.309" />

<exclusive-start id="1057" timestamp="2020-09-11T09:53:27.421" intervalms="34.246">
  <response-info timems="0.106" idlems="0.038" threads="2" lastid="0000000000760800" lastname="RunDataWriter.1" />
</exclusive-start>
<af-start id="1058" threadId="0000000000792C80" totalBytesRequested="24" timestamp="2020-09-11T09:53:27.421" intervalms="34.265" type="nursery" />
<cycle-start id="1059" type="scavenge" contextid="0" timestamp="2020-09-11T09:53:27.421" intervalms="34.261" />
<gc-start id="1060" type="scavenge" contextid="1059" timestamp="2020-09-11T09:53:27.421">
  <mem-info id="1061" free="4501376" total="81264640" percent="5">
    <mem type="nursery" free="0" total="38273024" percent="0">
      <mem type="allocate" free="0" total="22937600" percent="0" />
      <mem type="survivor" free="0" total="15335424" percent="0" />
    </mem>
    <mem type="tenure" free="4501376" total="42991616" percent="10">
      <mem type="soa" free="1920896" total="40411136" percent="4" />
      <mem type="loa" free="2580480" total="2580480" percent="100" />
    </mem>
    <remembered-set count="7680" />
  </mem-info>
</gc-start>
<allocation-stats totalBytes="15230592" >
  <allocated-bytes non-tlh="218256" tlh="15012336" />
  <largest-consumer threadName="MapReducer.1" threadId="000000000075EC00" bytes="5210112" />
</allocation-stats>
<gc-op id="1062" type="scavenge" timems="13.368" contextid="1059" timestamp="2020-09-11T09:53:27.435">
  <scavenger-info tenureage="2" tenuremask="ffe4" tiltratio="59" />
  <memory-copied type="nursery" objects="461467" bytes="14933712" bytesdiscarded="190080" />
  <memory-copied type="tenure" objects="61180" bytes="1905536" bytesdiscarded="200" />
  <references type="soft" candidates="82" cleared="0" enqueued="0" dynamicThreshold="9" maxThreshold="32" />
  <references type="weak" candidates="28" cleared="1" enqueued="1" />
  <references type="phantom" candidates="2" cleared="0" enqueued="0" />
</gc-op>
<heap-resize id="1063" type="expand" space="nursery" amount="7077888" count="1" timems="0.048" reason="excessive time being spent scavenging" timestamp="2020-09-11T09:53:27.435" />
<gc-end id="1064" type="scavenge" contextid="1059" durationms="13.875" usertimems="94.915" systemtimems="0.000" timestamp="2020-09-11T09:53:27.435" activeThreads="8">
  <mem-info id="1065" free="10131136" total="88342528" percent="11">
    <mem type="nursery" free="7550656" total="45350912" percent="16">
      <mem type="allocate" free="7550656" total="22675456" percent="33" />
      <mem type="survivor" free="0" total="22675456" percent="0" />
    </mem>
    <mem type="tenure" free="2580480" total="42991616" percent="6">
      <mem type="soa" free="0" total="40411136" percent="0" />
      <mem type="loa" free="2580480" total="2580480" percent="100" />
    </mem>
    <pending-finalizers system="0" default="0" reference="1" classloader="0" />
    <remembered-set count="6473" />
  </mem-info>
</gc-end>
<cycle-end id="1066" type="scavenge" contextid="1059" timestamp="2020-09-11T09:53:27.436" />
<allocation-satisfied id="1067" threadId="0000000000792300" bytesRequested="24" />
<af-end id="1068" timestamp="2020-09-11T09:53:27.436" threadId="0000000000792C80" success="true" from="nursery"/>
<exclusive-end id="1069" timestamp="2020-09-11T09:53:27.436" durationms="14.882" />

<exclusive-start id="1070" timestamp="2020-09-11T09:53:27.436" intervalms="15.489">
  <response-info timems="0.148" idlems="0.069" threads="2" lastid="0000000000795E00" lastname="ForkJoinPool-3-worker-7" />
</exclusive-start>
<af-start id="1071" threadId="0000000000761180" totalBytesRequested="88" timestamp="2020-09-11T09:53:27.437" intervalms="15.264" type="tenure" />
<cycle-start id="1072" type="global" contextid="0" timestamp="2020-09-11T09:53:27.437" intervalms="99.651" />
<gc-start id="1073" type="global" contextid="1072" timestamp="2020-09-11T09:53:27.437">
  <mem-info id="1074" free="9840296" total="88342528" percent="11">
    <mem type="nursery" free="7259816" total="45350912" percent="16">
      <mem type="allocate" free="7259816" total="22675456" percent="32" />
      <mem type="survivor" free="0" total="22675456" percent="0" />
    </mem>
    <mem type="tenure" free="2580480" total="42991616" percent="6">
      <mem type="soa" free="0" total="40411136" percent="0" />
      <mem type="loa" free="2580480" total="2580480" percent="100" />
    </mem>
    <remembered-set count="6504" />
  </mem-info>
</gc-start>
<allocation-stats totalBytes="290840" >
  <allocated-bytes non-tlh="24" tlh="290816" />
  <largest-consumer threadName="ForkJoinPool-3-worker-5" threadId="0000000000792300" bytes="65560" />
</allocation-stats>
<gc-op id="1075" type="mark" timems="16.530" contextid="1072" timestamp="2020-09-11T09:53:27.453">
  <trace-info objectcount="1051556" scancount="875428" scanbytes="28037860" />
  <finalization candidates="88" enqueued="0" />
  <ownableSynchronizers candidates="72" cleared="0" />
  <references type="soft" candidates="4524" cleared="0" enqueued="0" dynamicThreshold="9" maxThreshold="32" />
  <references type="weak" candidates="2947" cleared="1" enqueued="1" />
  <references type="phantom" candidates="103" cleared="0" enqueued="0" />
  <stringconstants candidates="9170" cleared="2"  />
</gc-op>
<gc-op id="1076" type="classunload" timems="0.020" contextid="1072" timestamp="2020-09-11T09:53:27.453">
  <classunload-info classloadercandidates="88" classloadersunloaded="0" classesunloaded="0" anonymousclassesunloaded="0" quiescems="0.000" setupms="0.017" scanms="0.002" postms="0.001" />
</gc-op>
<gc-op id="1077" type="sweep" timems="0.880" contextid="1072" timestamp="2020-09-11T09:53:27.454" />
<heap-resize id="1078" type="expand" space="tenure" amount="17367040" count="1" timems="0.270" reason="insufficient free space following gc" timestamp="2020-09-11T09:53:27.455" />
<gc-end id="1079" type="global" contextid="1072" durationms="18.099" usertimems="87.508" systemtimems="24.001" timestamp="2020-09-11T09:53:27.455" activeThreads="8">
  <mem-info id="1080" free="28165176" total="105709568" percent="26">
    <mem type="nursery" free="7620664" total="45350912" percent="16">
      <mem type="allocate" free="7620664" total="22675456" percent="33" />
      <mem type="survivor" free="0" total="22675456" percent="0" />
    </mem>
    <mem type="tenure" free="20544512" total="60358656" percent="34" micro-fragmented="768" macro-fragmented="0">
      <mem type="soa" free="16922624" total="56736768" percent="29" />
      <mem type="loa" free="3621888" total="3621888" percent="100" />
    </mem>
    <pending-finalizers system="0" default="0" reference="1" classloader="0" />
    <remembered-set count="6496" />
  </mem-info>
</gc-end>
<cycle-end id="1081" type="global" contextid="1072" timestamp="2020-09-11T09:53:27.455" />
<allocation-satisfied id="1082" threadId="0000000000760800" bytesRequested="88" />
<af-end id="1083" timestamp="2020-09-11T09:53:27.455" threadId="0000000000761180" success="true" from="tenure-soa"/>
<exclusive-end id="1084" timestamp="2020-09-11T09:53:27.455" durationms="18.544" />

<exclusive-start id="1085" timestamp="2020-09-11T09:53:27.465" intervalms="28.248">
  <response-info timems="0.190" idlems="0.168" threads="1" lastid="0000000000760800" lastname="RunDataWriter.1" />
</exclusive-start>
<af-start id="1086" threadId="0000000000792C80" totalBytesRequested="24" timestamp="2020-09-11T09:53:27.465" intervalms="28.394" type="nursery" />
<cycle-start id="1087" type="scavenge" contextid="0" timestamp="2020-09-11T09:53:27.465" intervalms="43.655" />
<gc-start id="1088" type="scavenge" contextid="1087" timestamp="2020-09-11T09:53:27.465">
  <mem-info id="1089" free="20544152" total="105709568" percent="19">
    <mem type="nursery" free="0" total="45350912" percent="0">
      <mem type="allocate" free="0" total="22675456" percent="0" />
      <mem type="survivor" free="0" total="22675456" percent="0" />
    </mem>
    <mem type="tenure" free="20544152" total="60358656" percent="34">
      <mem type="soa" free="16922264" total="56736768" percent="29" />
      <mem type="loa" free="3621888" total="3621888" percent="100" />
    </mem>
    <remembered-set count="8062" />
  </mem-info>
</gc-start>
<allocation-stats totalBytes="7619800" >
  <allocated-bytes non-tlh="56672" tlh="7563128" />
  <largest-consumer threadName="MapReducer.1" threadId="000000000075EC00" bytes="2564672" />
</allocation-stats>
<gc-op id="1090" type="scavenge" timems="14.294" contextid="1087" timestamp="2020-09-11T09:53:27.479">
  <scavenger-info tenureage="4" tenuremask="fff0" tiltratio="50" />
  <memory-copied type="nursery" objects="609821" bytes="19550360" bytesdiscarded="163992" />
  <ownableSynchronizers candidates="144" cleared="144" />
  <references type="soft" candidates="83" cleared="0" enqueued="0" dynamicThreshold="10" maxThreshold="32" />
  <references type="weak" candidates="28" cleared="0" enqueued="0" />
  <references type="phantom" candidates="2" cleared="0" enqueued="0" />
</gc-op>
<heap-resize id="1091" type="expand" space="nursery" amount="7077888" count="1" timems="0.383" reason="excessive time being spent scavenging" timestamp="2020-09-11T09:53:27.480" />
<gc-end id="1092" type="scavenge" contextid="1087" durationms="15.020" usertimems="90.483" systemtimems="0.000" timestamp="2020-09-11T09:53:27.480" activeThreads="8">
  <mem-info id="1093" free="27043784" total="112787456" percent="23">
    <mem type="nursery" free="6499632" total="52428800" percent="12">
      <mem type="allocate" free="6499632" total="26214400" percent="24" />
      <mem type="survivor" free="0" total="26214400" percent="0" />
    </mem>
    <mem type="tenure" free="20544152" total="60358656" percent="34">
      <mem type="soa" free="16922264" total="56736768" percent="29" />
      <mem type="loa" free="3621888" total="3621888" percent="100" />
    </mem>
    <remembered-set count="8052" />
  </mem-info>
</gc-end>
<cycle-end id="1094" type="scavenge" contextid="1087" timestamp="2020-09-11T09:53:27.481" />
<allocation-satisfied id="1095" threadId="0000000000792300" bytesRequested="24" />
<af-end id="1096" timestamp="2020-09-11T09:53:27.481" threadId="0000000000792C80" success="true" from="nursery"/>
<exclusive-end id="1097" timestamp="2020-09-11T09:53:27.481" durationms="15.900" />

<exclusive-start id="1098" timestamp="2020-09-11T09:53:27.488" intervalms="23.165">
  <response-info timems="0.160" idlems="0.160" threads="0" lastid="0000000000795E00" lastname="ForkJoinPool-3-worker-7" />
</exclusive-start>
<af-start id="1099" threadId="0000000000796780" totalBytesRequested="48" timestamp="2020-09-11T09:53:27.488" intervalms="23.249" type="nursery" />
<cycle-start id="1100" type="scavenge" contextid="0" timestamp="2020-09-11T09:53:27.488" intervalms="23.255" />
<gc-start id="1101" type="scavenge" contextid="1100" timestamp="2020-09-11T09:53:27.488">
  <mem-info id="1102" free="20542488" total="112787456" percent="18">
    <mem type="nursery" free="0" total="52428800" percent="0">
      <mem type="allocate" free="0" total="26214400" percent="0" />
      <mem type="survivor" free="0" total="26214400" percent="0" />
    </mem>
    <mem type="tenure" free="20542488" total="60358656" percent="34">
      <mem type="soa" free="16920600" total="56736768" percent="29" />
      <mem type="loa" free="3621888" total="3621888" percent="100" />
    </mem>
    <remembered-set count="10591" />
  </mem-info>
</gc-start>
<allocation-stats totalBytes="6500568" >
  <allocated-bytes non-tlh="390328" tlh="6110240" />
  <largest-consumer threadName="ForkJoinPool-3-worker-5" threadId="0000000000792300" bytes="2190704" />
</allocation-stats>
<gc-op id="1103" type="scavenge" timems="16.411" contextid="1100" timestamp="2020-09-11T09:53:27.505">
  <scavenger-info tenureage="2" tenuremask="fffc" tiltratio="50" />
  <memory-copied type="nursery" objects="247908" bytes="8089224" bytesdiscarded="326440" />
  <memory-copied type="tenure" objects="461440" bytes="14678856" bytesdiscarded="1024" />
  <ownableSynchronizers candidates="16" cleared="0" />
  <references type="soft" candidates="39" cleared="0" enqueued="0" dynamicThreshold="10" maxThreshold="32" />
  <references type="weak" candidates="9" cleared="1" enqueued="1" />
</gc-op>
<heap-resize id="1104" type="expand" space="nursery" amount="16908288" count="1" timems="0.053" reason="excessive time being spent scavenging" timestamp="2020-09-11T09:53:27.505" />
<gc-end id="1105" type="scavenge" contextid="1100" durationms="16.936" usertimems="92.843" systemtimems="12.362" timestamp="2020-09-11T09:53:27.505" activeThreads="8">
  <mem-info id="1106" free="32823416" total="129695744" percent="25">
    <mem type="nursery" free="27432256" total="69337088" percent="39">
      <mem type="allocate" free="27432256" total="35848192" percent="76" />
      <mem type="survivor" free="0" total="33488896" percent="0" />
    </mem>
    <mem type="tenure" free="5391160" total="60358656" percent="8">
      <mem type="soa" free="1769272" total="56736768" percent="3" />
      <mem type="loa" free="3621888" total="3621888" percent="100" />
    </mem>
    <pending-finalizers system="0" default="0" reference="1" classloader="0" />
    <remembered-set count="5973" />
  </mem-info>
</gc-end>
<cycle-end id="1107" type="scavenge" contextid="1100" timestamp="2020-09-11T09:53:27.506" />
<allocation-satisfied id="1108" threadId="0000000000795E00" bytesRequested="48" />
<af-end id="1109" timestamp="2020-09-11T09:53:27.506" threadId="0000000000796780" success="true" from="nursery"/>
<exclusive-end id="1110" timestamp="2020-09-11T09:53:27.506" durationms="18.347" />

<exclusive-start id="1111" timestamp="2020-09-11T09:53:27.519" intervalms="31.575">
  <response-info timems="0.440" idlems="0.440" threads="0" lastid="000000000075EC00" lastname="MapReducer.1" />
</exclusive-start>
<af-start id="1112" threadId="000000000075F580" totalBytesRequested="32" timestamp="2020-09-11T09:53:27.520" intervalms="31.541" type="nursery" />
<cycle-start id="1113" type="scavenge" contextid="0" timestamp="2020-09-11T09:53:27.520" intervalms="31.564" />
<gc-start id="1114" type="scavenge" contextid="1113" timestamp="2020-09-11T09:53:27.520">
  <mem-info id="1115" free="5390760" total="129695744" percent="4">
    <mem type="nursery" free="0" total="69337088" percent="0">
      <mem type="allocate" free="0" total="35848192" percent="0" />
      <mem type="survivor" free="0" total="33488896" percent="0" />
    </mem>
    <mem type="tenure" free="5390760" total="60358656" percent="8">
      <mem type="soa" free="1768872" total="56736768" percent="3" />
      <mem type="loa" free="3621888" total="3621888" percent="100" />
    </mem>
    <remembered-set count="13192" />
  </mem-info>
</gc-start>
<allocation-stats totalBytes="27431512" >
  <allocated-bytes non-tlh="4887232" tlh="22544280" />
  <largest-consumer threadName="MapReducer.1" threadId="000000000075EC00" bytes="19537760" />
</allocation-stats>
<gc-op id="1116" type="scavenge" timems="16.475" contextid="1113" timestamp="2020-09-11T09:53:27.536">
  <scavenger-info tenureage="2" tenuremask="ffe4" tiltratio="51" />
  <memory-copied type="nursery" objects="663434" bytes="26167920" bytesdiscarded="241952" />
  <memory-copied type="tenure" objects="148373" bytes="4656088" bytesdiscarded="368" />
  <ownableSynchronizers candidates="21" cleared="0" />
  <references type="soft" candidates="46" cleared="0" enqueued="0" dynamicThreshold="10" maxThreshold="32" />
  <references type="weak" candidates="10" cleared="1" enqueued="1" />
  <heap-resize type="expand" space="tenure" amount="3145728" count="12" timems="0.624" reason="continue current collection" />
</gc-op>
<heap-resize id="1117" type="expand" space="nursery" amount="17956864" count="1" timems="0.049" reason="excessive time being spent scavenging" timestamp="2020-09-11T09:53:27.537" />
<gc-end id="1118" type="scavenge" contextid="1113" durationms="16.932" usertimems="117.664" systemtimems="0.047" timestamp="2020-09-11T09:53:27.537" activeThreads="8">
  <mem-info id="1119" free="21062112" total="150798336" percent="13">
    <mem type="nursery" free="17236960" total="87293952" percent="19">
      <mem type="allocate" free="17236960" total="43646976" percent="39" />
      <mem type="survivor" free="0" total="43646976" percent="0" />
    </mem>
    <mem type="tenure" free="3825152" total="63504384" percent="6">
      <mem type="soa" free="14848" total="59694080" percent="0" />
      <mem type="loa" free="3810304" total="3810304" percent="100" />
    </mem>
    <pending-finalizers system="0" default="0" reference="1" classloader="0" />
    <remembered-set count="5491" />
  </mem-info>
</gc-end>
<cycle-end id="1120" type="scavenge" contextid="1113" timestamp="2020-09-11T09:53:27.537" />
<allocation-satisfied id="1121" threadId="000000000075EC00" bytesRequested="32" />
<af-end id="1122" timestamp="2020-09-11T09:53:27.537" threadId="000000000075F580" success="true" from="nursery"/>
<exclusive-end id="1123" timestamp="2020-09-11T09:53:27.537" durationms="17.983" />

<exclusive-start id="1124" timestamp="2020-09-11T09:53:27.544" intervalms="24.565">
  <response-info timems="0.199" idlems="0.199" threads="0" lastid="0000000000795E00" lastname="ForkJoinPool-3-worker-7" />
</exclusive-start>
<af-start id="1125" threadId="0000000000796780" totalBytesRequested="48" timestamp="2020-09-11T09:53:27.544" intervalms="24.563" type="nursery" />
<cycle-start id="1126" type="scavenge" contextid="0" timestamp="2020-09-11T09:53:27.544" intervalms="24.535" />
<gc-start id="1127" type="scavenge" contextid="1126" timestamp="2020-09-11T09:53:27.545">
  <mem-info id="1128" free="3825152" total="150798336" percent="2">
    <mem type="nursery" free="0" total="87293952" percent="0">
      <mem type="allocate" free="0" total="43646976" percent="0" />
      <mem type="survivor" free="0" total="43646976" percent="0" />
    </mem>
    <mem type="tenure" free="3825152" total="63504384" percent="6">
      <mem type="soa" free="14848" total="59694080" percent="0" />
      <mem type="loa" free="3810304" total="3810304" percent="100" />
    </mem>
    <remembered-set count="6800" />
  </mem-info>
</gc-start>
<allocation-stats totalBytes="17236400" >
  <allocated-bytes non-tlh="168688" tlh="17067712" />
  <largest-consumer threadName="MapReducer.1" threadId="000000000075EC00" bytes="13365504" />
</allocation-stats>
<gc-op id="1129" type="scavenge" timems="25.939" contextid="1126" timestamp="2020-09-11T09:53:27.570">
  <scavenger-info tenureage="2" tenuremask="fff4" tiltratio="50" />
  <memory-copied type="nursery" objects="1028225" bytes="37652808" bytesdiscarded="365936" />
  <memory-copied type="tenure" objects="99514" bytes="3432712" bytesdiscarded="200" />
  <ownableSynchronizers candidates="21" cleared="0" />
  <references type="soft" candidates="10" cleared="0" enqueued="0" dynamicThreshold="10" maxThreshold="32" />
  <references type="weak" candidates="2" cleared="0" enqueued="0" />
  <heap-resize type="expand" space="tenure" amount="3932160" count="12" timems="4.195" reason="continue current collection" />
</gc-op>
<heap-resize id="1130" type="expand" space="nursery" amount="11141120" count="1" timems="0.123" reason="excessive time being spent scavenging" timestamp="2020-09-11T09:53:27.571" />
<gc-end id="1131" type="scavenge" contextid="1126" durationms="26.436" usertimems="161.456" systemtimems="5.485" timestamp="2020-09-11T09:53:27.571" activeThreads="8">
  <mem-info id="1132" free="15468592" total="165871616" percent="9">
    <mem type="nursery" free="11198768" total="98435072" percent="11">
      <mem type="allocate" free="11198768" total="49217536" percent="22" />
      <mem type="survivor" free="0" total="49217536" percent="0" />
    </mem>
    <mem type="tenure" free="4269824" total="67436544" percent="6">
      <mem type="soa" free="222976" total="63389696" percent="0" />
      <mem type="loa" free="4046848" total="4046848" percent="100" />
    </mem>
    <remembered-set count="5377" />
  </mem-info>
</gc-end>
<cycle-end id="1133" type="scavenge" contextid="1126" timestamp="2020-09-11T09:53:27.572" />
<allocation-satisfied id="1134" threadId="0000000000795E00" bytesRequested="48" />
<af-end id="1135" timestamp="2020-09-11T09:53:27.572" threadId="0000000000796780" success="true" from="nursery"/>
<exclusive-end id="1136" timestamp="2020-09-11T09:53:27.572" durationms="28.045" />

<exclusive-start id="1137" timestamp="2020-09-11T09:53:27.593" intervalms="49.427">
  <response-info timems="0.384" idlems="0.301" threads="1" lastid="0000000000795E00" lastname="ForkJoinPool-3-worker-7" />
</exclusive-start>
<af-start id="1138" threadId="000000000075F580" totalBytesRequested="32" timestamp="2020-09-11T09:53:27.594" intervalms="49.396" type="nursery" />
<cycle-start id="1139" type="scavenge" contextid="0" timestamp="2020-09-11T09:53:27.594" intervalms="49.396" />
<gc-start id="1140" type="scavenge" contextid="1139" timestamp="2020-09-11T09:53:27.594">
  <mem-info id="1141" free="4269824" total="165871616" percent="2">
    <mem type="nursery" free="0" total="98435072" percent="0">
      <mem type="allocate" free="0" total="49217536" percent="0" />
      <mem type="survivor" free="0" total="49217536" percent="0" />
    </mem>
    <mem type="tenure" free="4269824" total="67436544" percent="6">
      <mem type="soa" free="222976" total="63389696" percent="0" />
      <mem type="loa" free="4046848" total="4046848" percent="100" />
    </mem>
    <remembered-set count="9170" />
  </mem-info>
</gc-start>
<allocation-stats totalBytes="11197808" >
  <allocated-bytes non-tlh="48" tlh="11197760" />
  <largest-consumer threadName="ForkJoinPool-3-worker-9" threadId="0000000000799A00" bytes="3751480" />
</allocation-stats>
<gc-op id="1142" type="scavenge" timems="28.220" contextid="1139" timestamp="2020-09-11T09:53:27.622">
  <scavenger-info tenureage="2" tenuremask="fff4" tiltratio="50" />
  <memory-copied type="nursery" objects="672624" bytes="21329656" bytesdiscarded="326872" />
  <memory-copied type="tenure" objects="563910" bytes="22734824" bytesdiscarded="520" />
  <ownableSynchronizers candidates="5" cleared="0" />
  <heap-resize type="expand" space="tenure" amount="23986176" count="72" timems="4.284" reason="continue current collection" />
</gc-op>
<heap-resize id="1143" type="expand" space="nursery" amount="26476544" count="1" timems="0.025" reason="excessive time being spent scavenging" timestamp="2020-09-11T09:53:27.622" />
<gc-end id="1144" type="scavenge" contextid="1139" durationms="28.588" usertimems="201.836" systemtimems="11.432" timestamp="2020-09-11T09:53:27.622" activeThreads="8">
  <mem-info id="1145" free="46284848" total="216334336" percent="21">
    <mem type="nursery" free="40799280" total="124911616" percent="32">
      <mem type="allocate" free="40799280" total="62455808" percent="65" />
      <mem type="survivor" free="0" total="62455808" percent="0" />
    </mem>
    <mem type="tenure" free="5485568" total="91422720" percent="6">
      <mem type="soa" free="0" total="85937152" percent="0" />
      <mem type="loa" free="5485568" total="5485568" percent="100" />
    </mem>
    <remembered-set count="6970" />
  </mem-info>
</gc-end>
<cycle-end id="1146" type="scavenge" contextid="1139" timestamp="2020-09-11T09:53:27.623" />
<allocation-satisfied id="1147" threadId="000000000075EC00" bytesRequested="32" />
<af-end id="1148" timestamp="2020-09-11T09:53:27.623" threadId="000000000075F580" success="true" from="nursery"/>
<exclusive-end id="1149" timestamp="2020-09-11T09:53:27.623" durationms="29.495" />

<exclusive-start id="1150" timestamp="2020-09-11T09:53:27.668" intervalms="74.109">
  <response-info timems="0.153" idlems="0.153" threads="0" lastid="0000000000795E00" lastname="ForkJoinPool-3-worker-7" />
</exclusive-start>
<af-start id="1151" threadId="0000000000796780" totalBytesRequested="48" timestamp="2020-09-11T09:53:27.668" intervalms="74.114" type="nursery" />
<cycle-start id="1152" type="scavenge" contextid="0" timestamp="2020-09-11T09:53:27.668" intervalms="74.121" />
<gc-start id="1153" type="scavenge" contextid="1152" timestamp="2020-09-11T09:53:27.668">
  <mem-info id="1154" free="5485568" total="216334336" percent="2">
    <mem type="nursery" free="0" total="124911616" percent="0">
      <mem type="allocate" free="0" total="62455808" percent="0" />
      <mem type="survivor" free="0" total="62455808" percent="0" />
    </mem>
    <mem type="tenure" free="5485568" total="91422720" percent="6">
      <mem type="soa" free="0" total="85937152" percent="0" />
      <mem type="loa" free="5485568" total="5485568" percent="100" />
    </mem>
    <remembered-set count="28723" />
  </mem-info>
</gc-start>
<allocation-stats totalBytes="40795704" >
  <allocated-bytes non-tlh="2369824" tlh="38425880" />
  <largest-consumer threadName="ForkJoinPool-3-worker-5" threadId="0000000000792300" bytes="14573856" />
</allocation-stats>
<gc-op id="1155" type="scavenge" timems="29.907" contextid="1152" timestamp="2020-09-11T09:53:27.698">
  <scavenger-info tenureage="2" tenuremask="fff4" tiltratio="50" />
  <memory-copied type="nursery" objects="842189" bytes="28030872" bytesdiscarded="303680" />
  <memory-copied type="tenure" objects="464307" bytes="14749104" bytesdiscarded="192" />
  <ownableSynchronizers candidates="2" cleared="0" />
  <heap-resize type="expand" space="tenure" amount="15597568" count="34" timems="3.174" reason="continue current collection" />
</gc-op>
<heap-resize id="1156" type="expand" space="nursery" amount="23986176" count="1" timems="0.288" reason="excessive time being spent scavenging" timestamp="2020-09-11T09:53:27.698" />
<gc-end id="1157" type="scavenge" contextid="1152" durationms="30.561" usertimems="224.931" systemtimems="10.022" timestamp="2020-09-11T09:53:27.698" activeThreads="8">
  <mem-info id="1158" free="67437088" total="255918080" percent="26">
    <mem type="nursery" free="60925472" total="148897792" percent="40">
      <mem type="allocate" free="60925472" total="89260032" percent="68" />
      <mem type="survivor" free="0" total="59637760" percent="0" />
    </mem>
    <mem type="tenure" free="6511616" total="107020288" percent="6">
      <mem type="soa" free="90112" total="100598784" percent="0" />
      <mem type="loa" free="6421504" total="6421504" percent="100" />
    </mem>
    <remembered-set count="11939" />
  </mem-info>
</gc-end>
<cycle-end id="1159" type="scavenge" contextid="1152" timestamp="2020-09-11T09:53:27.699" />
<allocation-satisfied id="1160" threadId="0000000000795E00" bytesRequested="48" />
<af-end id="1161" timestamp="2020-09-11T09:53:27.699" threadId="0000000000796780" success="true" from="nursery"/>
<exclusive-end id="1162" timestamp="2020-09-11T09:53:27.699" durationms="31.537" />

<exclusive-start id="1163" timestamp="2020-09-11T09:53:27.779" intervalms="111.106">
  <response-info timems="0.171" idlems="0.171" threads="0" lastid="0000000000795E00" lastname="ForkJoinPool-3-worker-7" />
</exclusive-start>
<af-start id="1164" threadId="0000000000796780" totalBytesRequested="24" timestamp="2020-09-11T09:53:27.779" intervalms="111.101" type="nursery" />
<percolate-collect id="1165" from="nursery" to="global" reason="met projected tenure max free" timestamp="2020-09-11T09:53:27.779"/>
<cycle-start id="1166" type="global" contextid="0" timestamp="2020-09-11T09:53:27.779" intervalms="342.403" />
<gc-start id="1167" type="global" contextid="1166" timestamp="2020-09-11T09:53:27.779">
  <mem-info id="1168" free="6511616" total="255918080" percent="2">
    <mem type="nursery" free="0" total="148897792" percent="0">
      <mem type="allocate" free="0" total="89260032" percent="0" />
      <mem type="survivor" free="0" total="59637760" percent="0" />
    </mem>
    <mem type="tenure" free="6511616" total="107020288" percent="6">
      <mem type="soa" free="90112" total="100598784" percent="0" />
      <mem type="loa" free="6421504" total="6421504" percent="100" />
    </mem>
    <remembered-set count="26276" />
  </mem-info>
</gc-start>
<allocation-stats totalBytes="60918984" >
  <allocated-bytes non-tlh="806336" tlh="60112648" />
  <largest-consumer threadName="ForkJoinPool-3-worker-5" threadId="0000000000792300" bytes="26295360" />
</allocation-stats>
<gc-op id="1169" type="mark" timems="48.170" contextid="1166" timestamp="2020-09-11T09:53:27.827">
  <trace-info objectcount="3958361" scancount="3298275" scanbytes="100578908" />
  <finalization candidates="88" enqueued="0" />
  <ownableSynchronizers candidates="95" cleared="0" />
  <references type="soft" candidates="4571" cleared="0" enqueued="0" dynamicThreshold="10" maxThreshold="32" />
  <references type="weak" candidates="2956" cleared="0" enqueued="0" />
  <references type="phantom" candidates="103" cleared="0" enqueued="0" />
  <stringconstants candidates="9188" cleared="1"  />
</gc-op>
<gc-op id="1170" type="classunload" timems="0.013" contextid="1166" timestamp="2020-09-11T09:53:27.827">
  <classunload-info classloadercandidates="94" classloadersunloaded="0" classesunloaded="0" anonymousclassesunloaded="0" quiescems="0.000" setupms="0.011" scanms="0.001" postms="0.001" />
</gc-op>
<gc-op id="1171" type="sweep" timems="1.744" contextid="1166" timestamp="2020-09-11T09:53:27.829" />
<heap-resize id="1172" type="expand" space="tenure" amount="34144256" count="1" timems="0.258" reason="insufficient free space following gc" timestamp="2020-09-11T09:53:27.830" />
<gc-end id="1173" type="global" contextid="1166" durationms="50.575" usertimems="377.108" systemtimems="0.000" timestamp="2020-09-11T09:53:27.830" activeThreads="8">
  <mem-info id="1174" free="43305480" total="290062336" percent="14">
    <mem type="nursery" free="924152" total="148897792" percent="0">
      <mem type="allocate" free="924152" total="89260032" percent="1" />
      <mem type="survivor" free="0" total="59637760" percent="0" />
    </mem>
    <mem type="tenure" free="42381328" total="141164544" percent="30" micro-fragmented="2304" macro-fragmented="0">
      <mem type="soa" free="33910800" total="132694016" percent="25" />
      <mem type="loa" free="8470528" total="8470528" percent="100" />
    </mem>
    <remembered-set count="26269" />
  </mem-info>
</gc-end>
<cycle-end id="1175" type="global" contextid="1166" timestamp="2020-09-11T09:53:27.830" />
<allocation-satisfied id="1176" threadId="0000000000795E00" bytesRequested="24" />
<af-end id="1177" timestamp="2020-09-11T09:53:27.830" threadId="0000000000796780" success="true" from="nursery"/>
<exclusive-end id="1178" timestamp="2020-09-11T09:53:27.830" durationms="51.790" />

<exclusive-start id="1179" timestamp="2020-09-11T09:53:27.832" intervalms="52.962">
  <response-info timems="0.102" idlems="0.102" threads="0" lastid="0000000000795E00" lastname="ForkJoinPool-3-worker-7" />
</exclusive-start>
<af-start id="1180" threadId="0000000000796780" totalBytesRequested="16" timestamp="2020-09-11T09:53:27.832" intervalms="52.801" type="nursery" />
<cycle-start id="1181" type="scavenge" contextid="0" timestamp="2020-09-11T09:53:27.832" intervalms="163.892" />
<gc-start id="1182" type="scavenge" contextid="1181" timestamp="2020-09-11T09:53:27.832">
  <mem-info id="1183" free="42381328" total="290062336" percent="14">
    <mem type="nursery" free="0" total="148897792" percent="0">
      <mem type="allocate" free="0" total="89260032" percent="0" />
      <mem type="survivor" free="0" total="59637760" percent="0" />
    </mem>
    <mem type="tenure" free="42381328" total="141164544" percent="30">
      <mem type="soa" free="33910800" total="132694016" percent="25" />
      <mem type="loa" free="8470528" total="8470528" percent="100" />
    </mem>
    <remembered-set count="26472" />
  </mem-info>
</gc-start>
<allocation-stats totalBytes="923968" >
  <allocated-bytes non-tlh="24" tlh="923944" />
  <largest-consumer threadName="ForkJoinPool-3-worker-5" threadId="0000000000792300" bytes="342856" />
</allocation-stats>
<gc-op id="1184" type="scavenge" timems="33.176" contextid="1181" timestamp="2020-09-11T09:53:27.865">
  <scavenger-info tenureage="2" tenuremask="7ffc" tiltratio="59" />
  <memory-copied type="nursery" objects="1437377" bytes="45786424" bytesdiscarded="164752" />
  <memory-copied type="tenure" objects="208314" bytes="6411840" bytesdiscarded="496" />
  <ownableSynchronizers candidates="190" cleared="188" />
</gc-op>
<heap-resize id="1185" type="expand" space="nursery" amount="13762560" count="1" timems="0.077" reason="excessive time being spent scavenging" timestamp="2020-09-11T09:53:27.865" />
<gc-end id="1186" type="scavenge" contextid="1181" durationms="33.624" usertimems="259.024" systemtimems="0.141" timestamp="2020-09-11T09:53:27.865" activeThreads="8">
  <mem-info id="1187" free="79585816" total="303824896" percent="26">
    <mem type="nursery" free="43964216" total="162660352" percent="27">
      <mem type="allocate" free="43964216" total="89915392" percent="48" />
      <mem type="survivor" free="0" total="72744960" percent="0" />
    </mem>
    <mem type="tenure" free="35621600" total="141164544" percent="25">
      <mem type="soa" free="27151072" total="132694016" percent="20" />
      <mem type="loa" free="8470528" total="8470528" percent="100" />
    </mem>
    <remembered-set count="28055" />
  </mem-info>
</gc-end>
<cycle-end id="1188" type="scavenge" contextid="1181" timestamp="2020-09-11T09:53:27.866" />
<allocation-satisfied id="1189" threadId="0000000000795E00" bytesRequested="16" />
<af-end id="1190" timestamp="2020-09-11T09:53:27.866" threadId="0000000000796780" success="true" from="nursery"/>
<exclusive-end id="1191" timestamp="2020-09-11T09:53:27.866" durationms="34.334" />

<exclusive-start id="1192" timestamp="2020-09-11T09:53:27.921" intervalms="89.911">
  <response-info timems="1.653" idlems="1.650" threads="1" lastid="0000000000799A00" lastname="ForkJoinPool-3-worker-9" />
</exclusive-start>
<af-start id="1193" threadId="0000000000796780" totalBytesRequested="16" timestamp="2020-09-11T09:53:27.922" intervalms="90.060" type="nursery" />
<cycle-start id="1194" type="scavenge" contextid="0" timestamp="2020-09-11T09:53:27.922" intervalms="90.063" />
<gc-start id="1195" type="scavenge" contextid="1194" timestamp="2020-09-11T09:53:27.922">
  <mem-info id="1196" free="35621600" total="303824896" percent="11">
    <mem type="nursery" free="0" total="162660352" percent="0">
      <mem type="allocate" free="0" total="89915392" percent="0" />
      <mem type="survivor" free="0" total="72744960" percent="0" />
    </mem>
    <mem type="tenure" free="35621600" total="141164544" percent="25">
      <mem type="soa" free="27151072" total="132694016" percent="20" />
      <mem type="loa" free="8470528" total="8470528" percent="100" />
    </mem>
    <remembered-set count="43849" />
  </mem-info>
</gc-start>
<allocation-stats totalBytes="43958888" >
  <allocated-bytes non-tlh="3714920" tlh="40243968" />
  <largest-consumer threadName="ForkJoinPool-3-worker-7" threadId="0000000000795E00" bytes="15982472" />
</allocation-stats>
<gc-op id="1197" type="scavenge" timems="46.121" contextid="1194" timestamp="2020-09-11T09:53:27.968">
  <scavenger-info tenureage="2" tenuremask="7ffc" tiltratio="55" />
  <memory-copied type="nursery" objects="1446935" bytes="47390864" bytesdiscarded="429872" />
  <memory-copied type="tenure" objects="633860" bytes="19508368" bytesdiscarded="1696" />
  <ownableSynchronizers candidates="2" cleared="0" />
</gc-op>
<heap-resize id="1198" type="expand" space="nursery" amount="35389440" count="1" timems="0.043" reason="excessive time being spent scavenging" timestamp="2020-09-11T09:53:27.968" />
<gc-end id="1199" type="scavenge" contextid="1194" durationms="46.623" usertimems="353.579" systemtimems="4.798" timestamp="2020-09-11T09:53:27.968" activeThreads="8">
  <mem-info id="1200" free="96669968" total="339214336" percent="28">
    <mem type="nursery" free="80564288" total="198049792" percent="40">
      <mem type="allocate" free="80564288" total="128385024" percent="62" />
      <mem type="survivor" free="0" total="69664768" percent="0" />
    </mem>
    <mem type="tenure" free="16105680" total="141164544" percent="11">
      <mem type="soa" free="7635152" total="132694016" percent="5" />
      <mem type="loa" free="8470528" total="8470528" percent="100" />
    </mem>
    <remembered-set count="25737" />
  </mem-info>
</gc-end>
<cycle-end id="1201" type="scavenge" contextid="1194" timestamp="2020-09-11T09:53:27.969" />
<allocation-satisfied id="1202" threadId="0000000000795E00" bytesRequested="16" />
<af-end id="1203" timestamp="2020-09-11T09:53:27.969" threadId="0000000000796780" success="true" from="nursery"/>
<exclusive-end id="1204" timestamp="2020-09-11T09:53:27.969" durationms="47.943" />

<exclusive-start id="1205" timestamp="2020-09-11T09:53:28.108" intervalms="186.456">
  <response-info timems="0.192" idlems="0.192" threads="0" lastid="0000000000799A00" lastname="ForkJoinPool-3-worker-9" />
</exclusive-start>
<af-start id="1206" threadId="000000000079A380" totalBytesRequested="56" timestamp="2020-09-11T09:53:28.108" intervalms="186.492" type="nursery" />
<cycle-start id="1207" type="scavenge" contextid="0" timestamp="2020-09-11T09:53:28.108" intervalms="186.510" />
<gc-start id="1208" type="scavenge" contextid="1207" timestamp="2020-09-11T09:53:28.109">
  <mem-info id="1209" free="16105680" total="339214336" percent="4">
    <mem type="nursery" free="0" total="198049792" percent="0">
      <mem type="allocate" free="0" total="128385024" percent="0" />
      <mem type="survivor" free="0" total="69664768" percent="0" />
    </mem>
    <mem type="tenure" free="16105680" total="141164544" percent="11">
      <mem type="soa" free="7635152" total="132694016" percent="5" />
      <mem type="loa" free="8470528" total="8470528" percent="100" />
    </mem>
    <remembered-set count="41643" />
  </mem-info>
</gc-start>
<allocation-stats totalBytes="80494168" >
  <allocated-bytes non-tlh="2885368" tlh="77608800" />
  <largest-consumer threadName="ForkJoinPool-3-worker-7" threadId="0000000000795E00" bytes="40736112" />
</allocation-stats>
<gc-op id="1210" type="scavenge" timems="69.985" contextid="1207" timestamp="2020-09-11T09:53:28.179">
  <scavenger-info tenureage="1" tenuremask="7ffe" tiltratio="64" />
  <memory-copied type="nursery" objects="1723825" bytes="53113248" bytesdiscarded="231768" />
  <memory-copied type="tenure" objects="1446925" bytes="46788640" bytesdiscarded="6720" />
  <heap-resize type="expand" space="tenure" amount="41811968" count="58" timems="8.291" reason="continue current collection" />
</gc-op>
<heap-resize id="1211" type="expand" space="nursery" amount="31719424" count="1" timems="0.062" reason="excessive time being spent scavenging" timestamp="2020-09-11T09:53:28.179" />
<gc-end id="1212" type="scavenge" contextid="1207" durationms="70.845" usertimems="523.827" systemtimems="3.955" timestamp="2020-09-11T09:53:28.179" activeThreads="8">
  <mem-info id="1213" free="113318664" total="412745728" percent="27">
    <mem type="nursery" free="102040840" total="229769216" percent="44">
      <mem type="allocate" free="102040840" total="155385856" percent="65" />
      <mem type="survivor" free="0" total="74383360" percent="0" />
    </mem>
    <mem type="tenure" free="11277824" total="182976512" percent="6">
      <mem type="soa" free="298496" total="171997184" percent="0" />
      <mem type="loa" free="10979328" total="10979328" percent="100" />
    </mem>
    <remembered-set count="39158" />
  </mem-info>
</gc-end>
<cycle-end id="1214" type="scavenge" contextid="1207" timestamp="2020-09-11T09:53:28.180" />
<allocation-satisfied id="1215" threadId="0000000000799A00" bytesRequested="56" />
<af-end id="1216" timestamp="2020-09-11T09:53:28.180" threadId="000000000079A380" success="true" from="nursery"/>
<exclusive-end id="1217" timestamp="2020-09-11T09:53:28.180" durationms="71.890" />

<exclusive-start id="1218" timestamp="2020-09-11T09:53:28.263" intervalms="154.646">
  <response-info timems="1.938" idlems="1.340" threads="3" lastid="00000000007FF500" lastname="ForkJoinPool-10-worker-15" />
</exclusive-start>
<af-start id="1219" threadId="00000000007FC280" totalBytesRequested="16" timestamp="2020-09-11T09:53:28.263" intervalms="154.701" type="nursery" />
<cycle-start id="1220" type="scavenge" contextid="0" timestamp="2020-09-11T09:53:28.263" intervalms="154.692" />
<gc-start id="1221" type="scavenge" contextid="1220" timestamp="2020-09-11T09:53:28.263">
  <mem-info id="1222" free="11277736" total="412745728" percent="2">
    <mem type="nursery" free="0" total="229769216" percent="0">
      <mem type="allocate" free="0" total="155385856" percent="0" />
      <mem type="survivor" free="0" total="74383360" percent="0" />
    </mem>
    <mem type="tenure" free="11277736" total="182976512" percent="6">
      <mem type="soa" free="298408" total="171997184" percent="0" />
      <mem type="loa" free="10979328" total="10979328" percent="100" />
    </mem>
    <remembered-set count="59037" />
  </mem-info>
</gc-start>
<allocation-stats totalBytes="101990328" >
  <allocated-bytes non-tlh="2667280" tlh="99323048" />
  <largest-consumer threadName="ForkJoinPool-3-worker-9" threadId="0000000000799A00" bytes="22115624" />
</allocation-stats>
<gc-op id="1223" type="scavenge" timems="81.627" contextid="1220" timestamp="2020-09-11T09:53:28.345">
  <scavenger-info tenureage="1" tenuremask="fffe" tiltratio="67" />
  <memory-copied type="nursery" objects="2506722" bytes="73978216" bytesdiscarded="405040" />
  <memory-copied type="tenure" objects="1998856" bytes="60813336" bytesdiscarded="11312" />
  <copy-failed type="nursery" objects="275071" bytes="7885280" />
  <ownableSynchronizers candidates="1" cleared="0" />
  <heap-resize type="expand" space="tenure" amount="65011712" count="62" timems="10.396" reason="continue current collection" />
</gc-op>
<heap-resize id="1224" type="expand" space="nursery" amount="55181312" count="1" timems="0.053" reason="excessive time being spent scavenging" timestamp="2020-09-11T09:53:28.345" />
<gc-end id="1225" type="scavenge" contextid="1220" durationms="82.415" usertimems="625.234" systemtimems="10.247" timestamp="2020-09-11T09:53:28.346" activeThreads="8">
  <mem-info id="1226" free="83385600" total="532938752" percent="15">
    <mem type="nursery" free="68091904" total="284950528" percent="23">
      <mem type="allocate" free="68091904" total="142475264" percent="47" />
      <mem type="survivor" free="0" total="142475264" percent="0" />
    </mem>
    <mem type="tenure" free="15293696" total="247988224" percent="6">
      <mem type="soa" free="413952" total="233108480" percent="0" />
      <mem type="loa" free="14879744" total="14879744" percent="100" />
    </mem>
    <remembered-set count="17350" />
  </mem-info>
</gc-end>
<cycle-end id="1227" type="scavenge" contextid="1220" timestamp="2020-09-11T09:53:28.346" />
<allocation-satisfied id="1228" threadId="00000000007FB900" bytesRequested="16" />
<af-end id="1229" timestamp="2020-09-11T09:53:28.346" threadId="00000000007FC280" success="true" from="nursery"/>
<exclusive-end id="1230" timestamp="2020-09-11T09:53:28.346" durationms="83.418" />

<exclusive-start id="1231" timestamp="2020-09-11T09:53:28.390" intervalms="127.811">
  <response-info timems="0.592" idlems="0.537" threads="3" lastid="00000000007E1100" lastname="ForkJoinPool-10-worker-3" />
</exclusive-start>
<af-start id="1232" threadId="00000000007F0E80" totalBytesRequested="32" timestamp="2020-09-11T09:53:28.391" intervalms="127.745" type="nursery" />
<percolate-collect id="1233" from="nursery" to="global" reason="met projected tenure max free" timestamp="2020-09-11T09:53:28.391"/>
<cycle-start id="1234" type="global" contextid="0" timestamp="2020-09-11T09:53:28.391" intervalms="611.799" />
<gc-start id="1235" type="global" contextid="1234" timestamp="2020-09-11T09:53:28.391">
  <mem-info id="1236" free="15293696" total="532938752" percent="2">
    <mem type="nursery" free="0" total="284950528" percent="0">
      <mem type="allocate" free="0" total="142475264" percent="0" />
      <mem type="survivor" free="0" total="142475264" percent="0" />
    </mem>
    <mem type="tenure" free="15293696" total="247988224" percent="6">
      <mem type="soa" free="413952" total="233108480" percent="0" />
      <mem type="loa" free="14879744" total="14879744" percent="100" />
    </mem>
    <remembered-set count="58303" />
  </mem-info>
</gc-start>
<allocation-stats totalBytes="68043904" >
  <allocated-bytes non-tlh="2307992" tlh="65735912" />
  <largest-consumer threadName="ForkJoinPool-10-worker-15" threadId="00000000007FF500" bytes="15152280" />
</allocation-stats>
<gc-op id="1237" type="mark" timems="123.791" contextid="1234" timestamp="2020-09-11T09:53:28.515">
  <trace-info objectcount="10630571" scancount="9021375" scanbytes="252760232" />
  <finalization candidates="88" enqueued="0" />
  <ownableSynchronizers candidates="96" cleared="0" />
  <references type="soft" candidates="4571" cleared="0" enqueued="0" dynamicThreshold="9" maxThreshold="32" />
  <references type="weak" candidates="2956" cleared="0" enqueued="0" />
  <references type="phantom" candidates="103" cleared="0" enqueued="0" />
  <stringconstants candidates="9187" cleared="0"  />
</gc-op>
<gc-op id="1238" type="sweep" timems="3.352" contextid="1234" timestamp="2020-09-11T09:53:28.518" />
<heap-resize id="1239" type="expand" space="tenure" amount="69664768" count="1" timems="0.523" reason="insufficient free space following gc" timestamp="2020-09-11T09:53:28.519" />
<gc-end id="1240" type="global" contextid="1234" durationms="128.200" usertimems="940.633" systemtimems="0.806" timestamp="2020-09-11T09:53:28.519" activeThreads="8">
  <mem-info id="1241" free="99259712" total="602603520" percent="16">
    <mem type="nursery" free="3936696" total="284950528" percent="1">
      <mem type="allocate" free="3936696" total="142475264" percent="2" />
      <mem type="survivor" free="0" total="142475264" percent="0" />
    </mem>
    <mem type="tenure" free="95323016" total="317652992" percent="30" micro-fragmented="2857919" macro-fragmented="0">
      <mem type="soa" free="76263304" total="298593280" percent="25" />
      <mem type="loa" free="19059712" total="19059712" percent="100" />
    </mem>
    <remembered-set count="37695" />
  </mem-info>
</gc-end>
<cycle-end id="1242" type="global" contextid="1234" timestamp="2020-09-11T09:53:28.519" />
<allocation-satisfied id="1243" threadId="00000000007F0500" bytesRequested="32" />
<af-end id="1244" timestamp="2020-09-11T09:53:28.519" threadId="00000000007F0E80" success="true" from="nursery"/>
<exclusive-end id="1245" timestamp="2020-09-11T09:53:28.519" durationms="128.912" />

<exclusive-start id="1246" timestamp="2020-09-11T09:53:28.520" intervalms="129.987">
  <response-info timems="0.213" idlems="0.168" threads="2" lastid="00000000007C9200" lastname="Group1.TxInjector.CompositeTxInjector.I.driver.tokens.1.quartz" />
</exclusive-start>
<af-start id="1247" threadId="00000000007FFE80" totalBytesRequested="32" timestamp="2020-09-11T09:53:28.521" intervalms="130.125" type="nursery" />
<cycle-start id="1248" type="scavenge" contextid="0" timestamp="2020-09-11T09:53:28.521" intervalms="257.878" />
<gc-start id="1249" type="scavenge" contextid="1248" timestamp="2020-09-11T09:53:28.521">
  <mem-info id="1250" free="95323016" total="602603520" percent="15">
    <mem type="nursery" free="0" total="284950528" percent="0">
      <mem type="allocate" free="0" total="142475264" percent="0" />
      <mem type="survivor" free="0" total="142475264" percent="0" />
    </mem>
    <mem type="tenure" free="95323016" total="317652992" percent="30">
      <mem type="soa" free="76263304" total="298593280" percent="25" />
      <mem type="loa" free="19059712" total="19059712" percent="100" />
    </mem>
    <remembered-set count="37695" />
  </mem-info>
</gc-start>
<allocation-stats totalBytes="3932952" >
  <allocated-bytes non-tlh="32" tlh="3932920" />
  <largest-consumer threadName="ForkJoinPool-10-worker-15" threadId="00000000007FF500" bytes="1138792" />
</allocation-stats>
<gc-op id="1251" type="scavenge" timems="76.970" contextid="1248" timestamp="2020-09-11T09:53:28.598">
  <scavenger-info tenureage="1" tenuremask="fffe" tiltratio="50" />
  <memory-copied type="nursery" objects="2127077" bytes="61470664" bytesdiscarded="140120" />
  <memory-copied type="tenure" objects="2449840" bytes="70740872" bytesdiscarded="75632" />
  <ownableSynchronizers candidates="192" cleared="191" />
</gc-op>
<heap-resize id="1252" type="expand" space="nursery" amount="41418752" count="1" timems="0.058" reason="excessive time being spent scavenging" timestamp="2020-09-11T09:53:28.598" />
<gc-end id="1253" type="scavenge" contextid="1248" durationms="77.590" usertimems="573.226" systemtimems="15.934" timestamp="2020-09-11T09:53:28.599" activeThreads="8">
  <mem-info id="1254" free="154566008" total="644022272" percent="24">
    <mem type="nursery" free="130213088" total="326369280" percent="39">
      <mem type="allocate" free="130213088" total="191823872" percent="67" />
      <mem type="survivor" free="0" total="134545408" percent="0" />
    </mem>
    <mem type="tenure" free="24352920" total="317652992" percent="7">
      <mem type="soa" free="5293208" total="298593280" percent="1" />
      <mem type="loa" free="19059712" total="19059712" percent="100" />
    </mem>
    <remembered-set count="1580" />
  </mem-info>
</gc-end>
<cycle-end id="1255" type="scavenge" contextid="1248" timestamp="2020-09-11T09:53:28.599" />
<allocation-satisfied id="1256" threadId="00000000007FF500" bytesRequested="32" />
<af-end id="1257" timestamp="2020-09-11T09:53:28.599" threadId="00000000007FFE80" success="true" from="nursery"/>
<exclusive-end id="1258" timestamp="2020-09-11T09:53:28.599" durationms="78.799" />

<exclusive-start id="1259" timestamp="2020-09-11T09:53:28.605" intervalms="84.388">
  <response-info timems="0.378" idlems="0.306" threads="1" lastid="00000000007E1100" lastname="ForkJoinPool-10-worker-3" />
</exclusive-start>
<event id="1260" timestamp="2020-09-11T09:53:28.605">
  <warning details="exclusive access acquired to satisfy allocation" />
</event>
<exclusive-end id="1261" timestamp="2020-09-11T09:53:28.605" durationms="0.292" />

<exclusive-start id="1262" timestamp="2020-09-11T09:53:28.621" intervalms="15.796">
  <response-info timems="0.166" idlems="0.166" threads="0" lastid="00000000007FF500" lastname="ForkJoinPool-10-worker-15" />
</exclusive-start>
<af-start id="1263" threadId="00000000007FFE80" totalBytesRequested="24" timestamp="2020-09-11T09:53:28.621" intervalms="100.074" type="nursery" />
<cycle-start id="1264" type="scavenge" contextid="0" timestamp="2020-09-11T09:53:28.621" intervalms="100.066" />
<gc-start id="1265" type="scavenge" contextid="1264" timestamp="2020-09-11T09:53:28.621">
  <mem-info id="1266" free="24352920" total="644022272" percent="3">
    <mem type="nursery" free="0" total="326369280" percent="0">
      <mem type="allocate" free="0" total="191823872" percent="0" />
      <mem type="survivor" free="0" total="134545408" percent="0" />
    </mem>
    <mem type="tenure" free="24352920" total="317652992" percent="7">
      <mem type="soa" free="5293208" total="298593280" percent="1" />
      <mem type="loa" free="19059712" total="19059712" percent="100" />
    </mem>
    <remembered-set count="2015" />
  </mem-info>
</gc-start>
<allocation-stats totalBytes="130161824" >
  <allocated-bytes non-tlh="189752" tlh="129972072" />
  <largest-consumer threadName="ForkJoinPool-10-worker-7" threadId="00000000007F0500" bytes="24371096" />
</allocation-stats>
<gc-op id="1267" type="scavenge" timems="100.288" contextid="1264" timestamp="2020-09-11T09:53:28.721">
  <scavenger-info tenureage="1" tenuremask="fffe" tiltratio="58" />
  <memory-copied type="nursery" objects="4047552" bytes="112446632" bytesdiscarded="152176" />
  <memory-copied type="tenure" objects="2127052" bytes="61341112" bytesdiscarded="14544" />
  <heap-resize type="expand" space="tenure" amount="60817408" count="58" timems="9.925" reason="continue current collection" />
</gc-op>
<heap-resize id="1268" type="expand" space="nursery" amount="101056512" count="1" timems="0.070" reason="excessive time being spent scavenging" timestamp="2020-09-11T09:53:28.722" />
<gc-end id="1269" type="scavenge" contextid="1264" durationms="100.830" usertimems="767.342" systemtimems="12.791" timestamp="2020-09-11T09:53:28.722" activeThreads="8">
  <mem-info id="1270" free="124677096" total="805896192" percent="15">
    <mem type="nursery" free="101114088" total="427425792" percent="23">
      <mem type="allocate" free="101114088" total="213712896" percent="47" />
      <mem type="survivor" free="0" total="213712896" percent="0" />
    </mem>
    <mem type="tenure" free="23563008" total="378470400" percent="6">
      <mem type="soa" free="854784" total="355762176" percent="0" />
      <mem type="loa" free="22708224" total="22708224" percent="100" />
    </mem>
    <remembered-set count="1156" />
  </mem-info>
</gc-end>
<cycle-end id="1271" type="scavenge" contextid="1264" timestamp="2020-09-11T09:53:28.722" />
<allocation-satisfied id="1272" threadId="00000000007FF500" bytesRequested="24" />
<af-end id="1273" timestamp="2020-09-11T09:53:28.722" threadId="00000000007FFE80" success="true" from="nursery"/>
<exclusive-end id="1274" timestamp="2020-09-11T09:53:28.722" durationms="101.808" />

</verbosegc>

