<?xml version="1.0" ?>

<verbosegc xmlns="http://www.ibm.com/j9/verbosegc" version="c1dd04cca_CMPRSS">

!@: MM_VerboseWriterFileLoggingSynchronous::openFile

!@: Before Trigger

<exclusive-start id="6124" timestamp="2020-09-12T18:58:34.933" intervalms="2132.541">
  <response-info timems="3.937" idlems="3.937" threads="0" lastid="00000000007F7500" lastname="Group1.Backend.CompositeBackend{Tier1}.2" />
</exclusive-start>
!@: handleInitialized
<initialized id="6125" timestamp="2020-09-12T18:58:34.933">
  <attribute name="gcPolicy" value="-Xgcpolicy:gencon" />
  <attribute name="maxHeapSize" value="0xe0000000" />
  <attribute name="initialHeapSize" value="0x800000" />
  <attribute name="compressedRefs" value="true" />
  <attribute name="compressedRefsDisplacement" value="0x0" />
  <attribute name="compressedRefsShift" value="0x0" />
  <attribute name="pageSize" value="0x1000" />
  <attribute name="pageType" value="not used" />
  <attribute name="requestedPageSize" value="0x1000" />
  <attribute name="requestedPageType" value="not used" />
  <attribute name="gcthreads" value="8" />
  <attribute name="packetListSplit" value="1" />
  <attribute name="cacheListSplit" value="1" />
  <attribute name="splitFreeListSplitAmount" value="1" />
  <attribute name="numaNodes" value="0" />
  <system>
    <attribute name="physicalMemory" value="16818675712" />
    <attribute name="numCPUs" value="8" />
    <attribute name="architecture" value="amd64" />
    <attribute name="os" value="Linux" />
    <attribute name="osVersion" value="4.15.0-117-generic" />
  </system>
  <vmargs>
    <vmarg name="-Xoptionsfile=/root/code/openj9-openjdk-jdk11/build/linux-x86_64-normal-server-release/jdk/lib/options.default" />
    <vmarg name="-Xlockword:mode=default,noLockword=java/lang/String,noLockword=java/util/MapEntry,noLockword=java/util/HashMap$Entry,noLockword..." />
    <vmarg name="-Xjcl:jclse29" />
    <vmarg name="-Dcom.ibm.oti.vm.bootstrap.library.path=/root/code/openj9-openjdk-jdk11/build/linux-x86_64-normal-server-release/jdk/lib/compre..." />
    <vmarg name="-Dsun.boot.library.path=/root/code/openj9-openjdk-jdk11/build/linux-x86_64-normal-server-release/jdk/lib/compressedrefs:/root/c..." />
    <vmarg name="-Djava.library.path=/root/code/openj9-openjdk-jdk11/build/linux-x86_64-normal-server-release/jdk/lib/compressedrefs:/root/code/..." />
    <vmarg name="-Djava.home=/root/code/openj9-openjdk-jdk11/build/linux-x86_64-normal-server-release/jdk" />
    <vmarg name="-Duser.dir=/root/specjbb2015" />
    <vmarg name="-verbose:gc" />
    <vmarg name="-Xmx3584M" />
    <vmarg name="-Xgc:noConcurrentMark" />
    <vmarg name="-Xtgc:parallel" />
    <vmarg name="-XX:-UseGCStartupHints" />
    <vmarg name="-Xgcpolicy:gencon" />
    <vmarg name="-Xverbosegclog:testOutput,5,100" />
    <vmarg name="-Djava.class.path=/root/specjbb2015/specjbb2015.jar" />
    <vmarg name="-Dsun.java.command=/root/specjbb2015/specjbb2015.jar -m COMPOSITE" />
    <vmarg name="-Dsun.java.launcher=SUN_STANDARD" />
    <vmarg name="-Dsun.java.launcher.pid=7998" />
  </vmargs>
</initialized>

!@: After Trigger

<af-start id="6126" threadId="00000000007F7E80" totalBytesRequested="16" timestamp="2020-09-12T18:58:34.934" intervalms="2132.933" type="nursery" />
<cycle-start id="6127" type="scavenge" contextid="0" timestamp="2020-09-12T18:58:34.934" intervalms="2132.923" />
<gc-start id="6128" type="scavenge" contextid="6127" timestamp="2020-09-12T18:58:34.934">
  <mem-info id="6129" free="421505880" total="2911895552" percent="14">
    <mem type="nursery" free="0" total="939524096" percent="0">
      <mem type="allocate" free="0" total="798097408" percent="0" />
      <mem type="survivor" free="0" total="141426688" percent="0" />
    </mem>
    <mem type="tenure" free="421505880" total="1972371456" percent="21">
      <mem type="soa" free="401781592" total="1952647168" percent="20" />
      <mem type="loa" free="19724288" total="19724288" percent="100" />
    </mem>
    <remembered-set count="193694" />
  </mem-info>
</gc-start>
<allocation-stats totalBytes="686485592" >
  <allocated-bytes non-tlh="28861680" tlh="657623912" />
  <largest-consumer threadName="Group1.Backend.CompositeBackend{Tier1}.3" threadId="0000000000847B00" bytes="97324640" />
</allocation-stats>
<gc-op id="6130" type="scavenge" timems="136.075" contextid="6127" timestamp="2020-09-12T18:58:35.070">
  <scavenger-info tenureage="3" tenuremask="7ff8" tiltratio="84" />
  <memory-copied type="nursery" objects="4211918" bytes="112121360" bytesdiscarded="144640" />
  <memory-copied type="tenure" objects="1142489" bytes="30678608" bytesdiscarded="117368" />
  <ownableSynchronizers candidates="4500" cleared="4232" />
  <references type="soft" candidates="163" cleared="0" enqueued="0" dynamicThreshold="18" maxThreshold="32" />
  <references type="weak" candidates="118" cleared="118" enqueued="0" />
</gc-op>
<gc-end id="6131" type="scavenge" contextid="6127" durationms="137.213" usertimems="917.698" systemtimems="15.170" timestamp="2020-09-12T18:58:35.071" activeThreads="8">
  <mem-info id="6132" free="1079271888" total="2911895552" percent="37">
    <mem type="nursery" free="688696280" total="939524096" percent="73">
      <mem type="allocate" free="688696280" total="801046528" percent="85" />
      <mem type="survivor" free="0" total="138477568" percent="0" />
    </mem>
    <mem type="tenure" free="390575608" total="1972371456" percent="19" macro-fragmented="0">
      <mem type="soa" free="370851320" total="1952647168" percent="18" />
      <mem type="loa" free="19724288" total="19724288" percent="100" />
    </mem>
    <remembered-set count="28165" />
  </mem-info>
</gc-end>
<cycle-end id="6133" type="scavenge" contextid="6127" timestamp="2020-09-12T18:58:35.073" />
<allocation-satisfied id="6134" threadId="00000000007F7500" bytesRequested="16" />
<af-end id="6135" timestamp="2020-09-12T18:58:35.073" threadId="00000000007F7E80" success="true" from="nursery"/>
<exclusive-end id="6136" timestamp="2020-09-12T18:58:35.073" durationms="140.274" />

<exclusive-start id="6137" timestamp="2020-09-12T18:58:36.996" intervalms="2063.837">
  <response-info timems="0.411" idlems="0.220" threads="1" lastid="00000000008AAD00" lastname="Group1.Backend.CompositeBackend{Tier1}.7" />
</exclusive-start>
<af-start id="6138" threadId="0000000000874180" totalBytesRequested="136" timestamp="2020-09-12T18:58:36.997" intervalms="2063.349" type="nursery" />
<cycle-start id="6139" type="scavenge" contextid="0" timestamp="2020-09-12T18:58:36.997" intervalms="2063.326" />
<gc-start id="6140" type="scavenge" contextid="6139" timestamp="2020-09-12T18:58:36.997">
  <mem-info id="6141" free="390575608" total="2911895552" percent="13">
    <mem type="nursery" free="0" total="939524096" percent="0">
      <mem type="allocate" free="0" total="801046528" percent="0" />
      <mem type="survivor" free="0" total="138477568" percent="0" />
    </mem>
    <mem type="tenure" free="390575608" total="1972371456" percent="19">
      <mem type="soa" free="370851320" total="1952647168" percent="18" />
      <mem type="loa" free="19724288" total="19724288" percent="100" />
    </mem>
    <remembered-set count="190988" />
  </mem-info>
</gc-start>
<allocation-stats totalBytes="688357288" >
  <allocated-bytes non-tlh="32085704" tlh="656271584" />
  <largest-consumer threadName="Group1.Backend.CompositeBackend{Tier1}.3" threadId="0000000000847B00" bytes="87879296" />
</allocation-stats>
<gc-op id="6142" type="scavenge" timems="104.650" contextid="6139" timestamp="2020-09-12T18:58:37.102">
  <scavenger-info tenureage="3" tenuremask="7ff8" tiltratio="85" />
  <memory-copied type="nursery" objects="4026881" bytes="108021008" bytesdiscarded="160440" />
  <memory-copied type="tenure" objects="1066374" bytes="28658720" bytesdiscarded="121880" />
  <ownableSynchronizers candidates="4153" cleared="3890" />
  <references type="soft" candidates="192" cleared="0" enqueued="0" dynamicThreshold="18" maxThreshold="32" />
  <references type="weak" candidates="127" cleared="127" enqueued="0" />
</gc-op>
<gc-end id="6143" type="scavenge" contextid="6139" durationms="105.702" usertimems="781.526" systemtimems="18.813" timestamp="2020-09-12T18:58:37.103" activeThreads="8">
  <mem-info id="6144" free="1057157976" total="2911895552" percent="36">
    <mem type="nursery" free="695335936" total="939524096" percent="74">
      <mem type="allocate" free="695335936" total="803602432" percent="86" />
      <mem type="survivor" free="0" total="135921664" percent="0" />
    </mem>
    <mem type="tenure" free="361822040" total="1972371456" percent="18" macro-fragmented="0">
      <mem type="soa" free="342097752" total="1952647168" percent="17" />
      <mem type="loa" free="19724288" total="19724288" percent="100" />
    </mem>
    <remembered-set count="28364" />
  </mem-info>
</gc-end>
<cycle-end id="6145" type="scavenge" contextid="6139" timestamp="2020-09-12T18:58:37.104" />
<allocation-satisfied id="6146" threadId="0000000000873800" bytesRequested="136" />
<af-end id="6147" timestamp="2020-09-12T18:58:37.105" threadId="0000000000874180" success="true" from="nursery"/>
<exclusive-end id="6148" timestamp="2020-09-12T18:58:37.105" durationms="108.180" />

<exclusive-start id="6149" timestamp="2020-09-12T18:58:39.100" intervalms="2103.893">
  <response-info timems="1.011" idlems="1.011" threads="0" lastid="00000000008A0000" lastname="Group1.Backend.CompositeBackend{Tier1}.6" />
</exclusive-start>
<af-start id="6150" threadId="00000000008A0980" totalBytesRequested="120" timestamp="2020-09-12T18:58:39.101" intervalms="2103.921" type="nursery" />
<cycle-start id="6151" type="scavenge" contextid="0" timestamp="2020-09-12T18:58:39.101" intervalms="2103.928" />
<gc-start id="6152" type="scavenge" contextid="6151" timestamp="2020-09-12T18:58:39.101">
  <mem-info id="6153" free="361822040" total="2911895552" percent="12">
    <mem type="nursery" free="0" total="939524096" percent="0">
      <mem type="allocate" free="0" total="803602432" percent="0" />
      <mem type="survivor" free="0" total="135921664" percent="0" />
    </mem>
    <mem type="tenure" free="361822040" total="1972371456" percent="18">
      <mem type="soa" free="342097752" total="1952647168" percent="17" />
      <mem type="loa" free="19724288" total="19724288" percent="100" />
    </mem>
    <remembered-set count="192460" />
  </mem-info>
</gc-start>
<allocation-stats totalBytes="694990976" >
  <allocated-bytes non-tlh="32470944" tlh="662520032" />
  <largest-consumer threadName="Group1.Backend.CompositeBackend{Tier1}.1" threadId="0000000000781D00" bytes="100171040" />
</allocation-stats>
<gc-op id="6154" type="scavenge" timems="122.630" contextid="6151" timestamp="2020-09-12T18:58:39.224">
  <scavenger-info tenureage="3" tenuremask="7ff8" tiltratio="85" />
  <memory-copied type="nursery" objects="4267534" bytes="114414192" bytesdiscarded="380560" />
  <memory-copied type="tenure" objects="1013886" bytes="27261520" bytesdiscarded="116680" />
  <ownableSynchronizers candidates="4945" cleared="4644" />
  <references type="soft" candidates="203" cleared="0" enqueued="0" dynamicThreshold="18" maxThreshold="32" />
  <references type="weak" candidates="122" cleared="122" enqueued="0" />
</gc-op>
<gc-end id="6155" type="scavenge" contextid="6151" durationms="123.501" usertimems="910.633" systemtimems="0.000" timestamp="2020-09-12T18:58:39.225" activeThreads="8">
  <mem-info id="6156" free="1023330904" total="2911895552" percent="35">
    <mem type="nursery" free="688848480" total="939524096" percent="73">
      <mem type="allocate" free="688848480" total="803733504" percent="85" />
      <mem type="survivor" free="0" total="135790592" percent="0" />
    </mem>
    <mem type="tenure" free="334482424" total="1972371456" percent="16" macro-fragmented="0">
      <mem type="soa" free="314758136" total="1952647168" percent="16" />
      <mem type="loa" free="19724288" total="19724288" percent="100" />
    </mem>
    <remembered-set count="28986" />
  </mem-info>
</gc-end>
<cycle-end id="6157" type="scavenge" contextid="6151" timestamp="2020-09-12T18:58:39.226" />
<allocation-satisfied id="6158" threadId="00000000008A0000" bytesRequested="120" />
<af-end id="6159" timestamp="2020-09-12T18:58:39.226" threadId="00000000008A0980" success="true" from="nursery"/>
<exclusive-end id="6160" timestamp="2020-09-12T18:58:39.226" durationms="126.163" />

<exclusive-start id="6161" timestamp="2020-09-12T18:58:41.230" intervalms="2129.921">
  <response-info timems="4.866" idlems="4.866" threads="0" lastid="00000000008AAD00" lastname="Group1.Backend.CompositeBackend{Tier1}.7" />
</exclusive-start>
<af-start id="6162" threadId="00000000008AB680" totalBytesRequested="32" timestamp="2020-09-12T18:58:41.231" intervalms="2130.132" type="nursery" />
<cycle-start id="6163" type="scavenge" contextid="0" timestamp="2020-09-12T18:58:41.231" intervalms="2130.217" />
<gc-start id="6164" type="scavenge" contextid="6163" timestamp="2020-09-12T18:58:41.232">
  <mem-info id="6165" free="334482424" total="2911895552" percent="11">
    <mem type="nursery" free="0" total="939524096" percent="0">
      <mem type="allocate" free="0" total="803733504" percent="0" />
      <mem type="survivor" free="0" total="135790592" percent="0" />
    </mem>
    <mem type="tenure" free="334482424" total="1972371456" percent="16">
      <mem type="soa" free="314758136" total="1952647168" percent="16" />
      <mem type="loa" free="19724288" total="19724288" percent="100" />
    </mem>
    <remembered-set count="193197" />
  </mem-info>
</gc-start>
<allocation-stats totalBytes="688510024" >
  <allocated-bytes non-tlh="30157160" tlh="658352864" />
  <largest-consumer threadName="Group1.Backend.CompositeBackend{Tier1}.5" threadId="0000000000873800" bytes="103143856" />
</allocation-stats>
<gc-op id="6166" type="scavenge" timems="146.177" contextid="6163" timestamp="2020-09-12T18:58:41.378">
  <scavenger-info tenureage="3" tenuremask="7ff8" tiltratio="85" />
  <memory-copied type="nursery" objects="4073545" bytes="109378496" bytesdiscarded="140064" />
  <memory-copied type="tenure" objects="1085707" bytes="29209912" bytesdiscarded="113280" />
  <ownableSynchronizers candidates="4800" cleared="4481" />
  <references type="soft" candidates="208" cleared="0" enqueued="0" dynamicThreshold="18" maxThreshold="32" />
  <references type="weak" candidates="112" cleared="112" enqueued="0" />
</gc-op>
<gc-end id="6167" type="scavenge" contextid="6163" durationms="147.101" usertimems="983.290" systemtimems="20.265" timestamp="2020-09-12T18:58:41.379" activeThreads="8">
  <mem-info id="6168" free="1000789232" total="2911895552" percent="34">
    <mem type="nursery" free="695641856" total="939524096" percent="74">
      <mem type="allocate" free="695641856" total="805240832" percent="86" />
      <mem type="survivor" free="0" total="134283264" percent="0" />
    </mem>
    <mem type="tenure" free="305147376" total="1972371456" percent="15" macro-fragmented="0">
      <mem type="soa" free="285423088" total="1952647168" percent="14" />
      <mem type="loa" free="19724288" total="19724288" percent="100" />
    </mem>
    <remembered-set count="30208" />
  </mem-info>
</gc-end>
<cycle-end id="6169" type="scavenge" contextid="6163" timestamp="2020-09-12T18:58:41.380" />
<allocation-satisfied id="6170" threadId="00000000008AAD00" bytesRequested="32" />
<af-end id="6171" timestamp="2020-09-12T18:58:41.380" threadId="00000000008AB680" success="true" from="nursery"/>
<exclusive-end id="6172" timestamp="2020-09-12T18:58:41.380" durationms="149.963" />

<exclusive-start id="6173" timestamp="2020-09-12T18:58:43.349" intervalms="2119.043">
  <response-info timems="0.406" idlems="0.220" threads="1" lastid="0000000000781D00" lastname="Group1.Backend.CompositeBackend{Tier1}.1" />
</exclusive-start>
<af-start id="6174" threadId="0000000000848480" totalBytesRequested="1032" timestamp="2020-09-12T18:58:43.350" intervalms="2118.837" type="nursery" />
<cycle-start id="6175" type="scavenge" contextid="0" timestamp="2020-09-12T18:58:43.350" intervalms="2118.755" />
<gc-start id="6176" type="scavenge" contextid="6175" timestamp="2020-09-12T18:58:43.350">
  <mem-info id="6177" free="305147376" total="2911895552" percent="10">
    <mem type="nursery" free="0" total="939524096" percent="0">
      <mem type="allocate" free="0" total="805240832" percent="0" />
      <mem type="survivor" free="0" total="134283264" percent="0" />
    </mem>
    <mem type="tenure" free="305147376" total="1972371456" percent="15">
      <mem type="soa" free="285423088" total="1952647168" percent="14" />
      <mem type="loa" free="19724288" total="19724288" percent="100" />
    </mem>
    <remembered-set count="196231" />
  </mem-info>
</gc-start>
<allocation-stats totalBytes="695304728" >
  <allocated-bytes non-tlh="31474520" tlh="663830208" />
  <largest-consumer threadName="Group1.Backend.CompositeBackend{Tier1}.4" threadId="000000000082C800" bytes="93285392" />
</allocation-stats>
<gc-op id="6178" type="scavenge" timems="98.695" contextid="6175" timestamp="2020-09-12T18:58:43.449">
  <scavenger-info tenureage="3" tenuremask="7ff8" tiltratio="85" />
  <memory-copied type="nursery" objects="4101920" bytes="110068560" bytesdiscarded="166856" />
  <memory-copied type="tenure" objects="1103220" bytes="29667344" bytesdiscarded="121856" />
  <ownableSynchronizers candidates="3934" cleared="3638" />
  <references type="soft" candidates="190" cleared="0" enqueued="0" dynamicThreshold="18" maxThreshold="32" />
  <references type="weak" candidates="99" cleared="98" enqueued="0" />
</gc-op>
<gc-end id="6179" type="scavenge" contextid="6175" durationms="99.807" usertimems="744.278" systemtimems="0.000" timestamp="2020-09-12T18:58:43.450" activeThreads="8">
  <mem-info id="6180" free="972359280" total="2911895552" percent="33">
    <mem type="nursery" free="696953856" total="939524096" percent="74">
      <mem type="allocate" free="696953856" total="807272448" percent="86" />
      <mem type="survivor" free="0" total="132251648" percent="0" />
    </mem>
    <mem type="tenure" free="275405424" total="1972371456" percent="13" macro-fragmented="0">
      <mem type="soa" free="255681136" total="1952647168" percent="13" />
      <mem type="loa" free="19724288" total="19724288" percent="100" />
    </mem>
    <remembered-set count="31905" />
  </mem-info>
</gc-end>
<cycle-end id="6181" type="scavenge" contextid="6175" timestamp="2020-09-12T18:58:43.451" />
<allocation-satisfied id="6182" threadId="0000000000847B00" bytesRequested="1032" />
<af-end id="6183" timestamp="2020-09-12T18:58:43.452" threadId="0000000000848480" success="true" from="nursery"/>
<exclusive-end id="6184" timestamp="2020-09-12T18:58:43.452" durationms="102.339" />

<exclusive-start id="6185" timestamp="2020-09-12T18:58:45.404" intervalms="2055.000">
  <response-info timems="4.401" idlems="4.401" threads="0" lastid="0000000000873800" lastname="Group1.Backend.CompositeBackend{Tier1}.5" />
</exclusive-start>
<af-start id="6186" threadId="0000000000874180" totalBytesRequested="144" timestamp="2020-09-12T18:58:45.405" intervalms="2055.117" type="nursery" />
<cycle-start id="6187" type="scavenge" contextid="0" timestamp="2020-09-12T18:58:45.405" intervalms="2055.149" />
<gc-start id="6188" type="scavenge" contextid="6187" timestamp="2020-09-12T18:58:45.406">
  <mem-info id="6189" free="275405424" total="2911895552" percent="9">
    <mem type="nursery" free="0" total="939524096" percent="0">
      <mem type="allocate" free="0" total="807272448" percent="0" />
      <mem type="survivor" free="0" total="132251648" percent="0" />
    </mem>
    <mem type="tenure" free="275405424" total="1972371456" percent="13">
      <mem type="soa" free="255681136" total="1952647168" percent="13" />
      <mem type="loa" free="19724288" total="19724288" percent="100" />
    </mem>
    <remembered-set count="191599" />
  </mem-info>
</gc-start>
<allocation-stats totalBytes="696639744" >
  <allocated-bytes non-tlh="37000776" tlh="659638968" />
  <largest-consumer threadName="Group1.Backend.CompositeBackend{Tier1}.8" threadId="00000000008AF400" bytes="89748208" />
</allocation-stats>
<gc-op id="6190" type="scavenge" timems="152.069" contextid="6187" timestamp="2020-09-12T18:58:45.558">
  <scavenger-info tenureage="3" tenuremask="7ff8" tiltratio="85" />
  <memory-copied type="nursery" objects="4253328" bytes="113105624" bytesdiscarded="182744" />
  <memory-copied type="tenure" objects="1098373" bytes="29519680" bytesdiscarded="124480" />
  <ownableSynchronizers candidates="3084" cleared="2802" />
  <references type="soft" candidates="185" cleared="0" enqueued="0" dynamicThreshold="18" maxThreshold="32" />
  <references type="weak" candidates="143" cleared="143" enqueued="0" />
</gc-op>
<gc-end id="6191" type="scavenge" contextid="6187" durationms="153.306" usertimems="1045.790" systemtimems="33.786" timestamp="2020-09-12T18:58:45.559" activeThreads="8">
  <mem-info id="6192" free="940135712" total="2911895552" percent="32">
    <mem type="nursery" free="694362360" total="939524096" percent="73">
      <mem type="allocate" free="694362360" total="807731200" percent="85" />
      <mem type="survivor" free="0" total="131792896" percent="0" />
    </mem>
    <mem type="tenure" free="245773352" total="1972371456" percent="12" macro-fragmented="0">
      <mem type="soa" free="226049064" total="1952647168" percent="11" />
      <mem type="loa" free="19724288" total="19724288" percent="100" />
    </mem>
    <remembered-set count="30795" />
  </mem-info>
</gc-end>
<cycle-end id="6193" type="scavenge" contextid="6187" timestamp="2020-09-12T18:58:45.560" />
<allocation-satisfied id="6194" threadId="0000000000873800" bytesRequested="144" />
<af-end id="6195" timestamp="2020-09-12T18:58:45.560" threadId="0000000000874180" success="true" from="nursery"/>
<exclusive-end id="6196" timestamp="2020-09-12T18:58:45.560" durationms="155.966" />

<exclusive-start id="6197" timestamp="2020-09-12T18:58:47.625" intervalms="2220.463">
  <response-info timems="0.831" idlems="0.831" threads="0" lastid="00000000008A0000" lastname="Group1.Backend.CompositeBackend{Tier1}.6" />
</exclusive-start>
<af-start id="6198" threadId="00000000008A0980" totalBytesRequested="16" timestamp="2020-09-12T18:58:47.625" intervalms="2220.351" type="nursery" />
<cycle-start id="6199" type="scavenge" contextid="0" timestamp="2020-09-12T18:58:47.625" intervalms="2220.321" />
<gc-start id="6200" type="scavenge" contextid="6199" timestamp="2020-09-12T18:58:47.626">
  <mem-info id="6201" free="245773352" total="2911895552" percent="8">
    <mem type="nursery" free="0" total="939524096" percent="0">
      <mem type="allocate" free="0" total="807731200" percent="0" />
      <mem type="survivor" free="0" total="131792896" percent="0" />
    </mem>
    <mem type="tenure" free="245773352" total="1972371456" percent="12">
      <mem type="soa" free="226049064" total="1952647168" percent="11" />
      <mem type="loa" free="19724288" total="19724288" percent="100" />
    </mem>
    <remembered-set count="197440" />
  </mem-info>
</gc-start>
<allocation-stats totalBytes="694030752" >
  <allocated-bytes non-tlh="28335512" tlh="665695240" />
  <largest-consumer threadName="Group1.Backend.CompositeBackend{Tier1}.1" threadId="0000000000781D00" bytes="94689264" />
</allocation-stats>
<gc-op id="6202" type="scavenge" timems="123.234" contextid="6199" timestamp="2020-09-12T18:58:47.749">
  <scavenger-info tenureage="3" tenuremask="7ff8" tiltratio="85" />
  <memory-copied type="nursery" objects="4515471" bytes="119426416" bytesdiscarded="304264" />
  <memory-copied type="tenure" objects="1088463" bytes="29248600" bytesdiscarded="126552" />
  <ownableSynchronizers candidates="4438" cleared="4159" />
  <references type="soft" candidates="174" cleared="0" enqueued="0" dynamicThreshold="18" maxThreshold="32" />
  <references type="weak" candidates="108" cleared="108" enqueued="0" />
</gc-op>
<gc-end id="6203" type="scavenge" contextid="6199" durationms="124.350" usertimems="931.793" systemtimems="15.287" timestamp="2020-09-12T18:58:47.750" activeThreads="8">
  <mem-info id="6204" free="897047624" total="2911895552" percent="30">
    <mem type="nursery" free="680633576" total="939524096" percent="72">
      <mem type="allocate" free="680633576" total="800456704" percent="85" />
      <mem type="survivor" free="0" total="139067392" percent="0" />
    </mem>
    <mem type="tenure" free="216414048" total="1972371456" percent="10" macro-fragmented="0">
      <mem type="soa" free="196689760" total="1952647168" percent="10" />
      <mem type="loa" free="19724288" total="19724288" percent="100" />
    </mem>
    <remembered-set count="31148" />
  </mem-info>
</gc-end>
<cycle-end id="6205" type="scavenge" contextid="6199" timestamp="2020-09-12T18:58:47.751" />
<allocation-satisfied id="6206" threadId="00000000008A0000" bytesRequested="16" />
<af-end id="6207" timestamp="2020-09-12T18:58:47.751" threadId="00000000008A0980" success="true" from="nursery"/>
<exclusive-end id="6208" timestamp="2020-09-12T18:58:47.751" durationms="126.610" />

<exclusive-start id="6209" timestamp="2020-09-12T18:58:49.617" intervalms="1992.720">
  <response-info timems="0.277" idlems="0.277" threads="0" lastid="000000000082C800" lastname="Group1.Backend.CompositeBackend{Tier1}.4" />
</exclusive-start>
<af-start id="6210" threadId="000000000082D180" totalBytesRequested="24" timestamp="2020-09-12T18:58:49.618" intervalms="1992.782" type="nursery" />
<cycle-start id="6211" type="scavenge" contextid="0" timestamp="2020-09-12T18:58:49.618" intervalms="1992.769" />
<gc-start id="6212" type="scavenge" contextid="6211" timestamp="2020-09-12T18:58:49.619">
  <mem-info id="6213" free="216414048" total="2911895552" percent="7">
    <mem type="nursery" free="0" total="939524096" percent="0">
      <mem type="allocate" free="0" total="800456704" percent="0" />
      <mem type="survivor" free="0" total="139067392" percent="0" />
    </mem>
    <mem type="tenure" free="216414048" total="1972371456" percent="10">
      <mem type="soa" free="196689760" total="1952647168" percent="10" />
      <mem type="loa" free="19724288" total="19724288" percent="100" />
    </mem>
    <remembered-set count="191513" />
  </mem-info>
</gc-start>
<allocation-stats totalBytes="680325240" >
  <allocated-bytes non-tlh="37202928" tlh="643122312" />
  <largest-consumer threadName="Group1.Backend.CompositeBackend{Tier1}.3" threadId="0000000000847B00" bytes="87448352" />
</allocation-stats>
<gc-op id="6214" type="scavenge" timems="114.675" contextid="6211" timestamp="2020-09-12T18:58:49.733">
  <scavenger-info tenureage="3" tenuremask="7ff8" tiltratio="85" />
  <memory-copied type="nursery" objects="4027325" bytes="108162920" bytesdiscarded="501312" />
  <memory-copied type="tenure" objects="1118957" bytes="30069128" bytesdiscarded="176904" />
  <ownableSynchronizers candidates="4152" cleared="3891" />
  <references type="soft" candidates="191" cleared="0" enqueued="0" dynamicThreshold="18" maxThreshold="32" />
  <references type="weak" candidates="138" cleared="137" enqueued="0" />
</gc-op>
<gc-end id="6215" type="scavenge" contextid="6211" durationms="115.809" usertimems="862.409" systemtimems="0.000" timestamp="2020-09-12T18:58:49.734" activeThreads="8">
  <mem-info id="6216" free="878927224" total="2911895552" percent="30">
    <mem type="nursery" free="692753360" total="939524096" percent="73">
      <mem type="allocate" free="692753360" total="801505280" percent="86" />
      <mem type="survivor" free="0" total="138018816" percent="0" />
    </mem>
    <mem type="tenure" free="186173864" total="1972371456" percent="9" macro-fragmented="0">
      <mem type="soa" free="166449576" total="1952647168" percent="8" />
      <mem type="loa" free="19724288" total="19724288" percent="100" />
    </mem>
    <remembered-set count="31130" />
  </mem-info>
</gc-end>
<cycle-end id="6217" type="scavenge" contextid="6211" timestamp="2020-09-12T18:58:49.736" />
<allocation-satisfied id="6218" threadId="000000000082C800" bytesRequested="24" />
<af-end id="6219" timestamp="2020-09-12T18:58:49.736" threadId="000000000082D180" success="true" from="nursery"/>
<exclusive-end id="6220" timestamp="2020-09-12T18:58:49.736" durationms="118.388" />

<exclusive-start id="6221" timestamp="2020-09-12T18:58:51.703" intervalms="2085.861">
  <response-info timems="2.961" idlems="2.961" threads="0" lastid="00000000008A0000" lastname="Group1.Backend.CompositeBackend{Tier1}.6" />
</exclusive-start>
<af-start id="6222" threadId="00000000008A0980" totalBytesRequested="24" timestamp="2020-09-12T18:58:51.704" intervalms="2085.860" type="nursery" />
<cycle-start id="6223" type="scavenge" contextid="0" timestamp="2020-09-12T18:58:51.704" intervalms="2086.143" />
<gc-start id="6224" type="scavenge" contextid="6223" timestamp="2020-09-12T18:58:51.705">
  <mem-info id="6225" free="186173864" total="2911895552" percent="6">
    <mem type="nursery" free="0" total="939524096" percent="0">
      <mem type="allocate" free="0" total="801505280" percent="0" />
      <mem type="survivor" free="0" total="138018816" percent="0" />
    </mem>
    <mem type="tenure" free="186173864" total="1972371456" percent="9">
      <mem type="soa" free="166449576" total="1952647168" percent="8" />
      <mem type="loa" free="19724288" total="19724288" percent="100" />
    </mem>
    <remembered-set count="194258" />
  </mem-info>
</gc-start>
<allocation-stats totalBytes="692420472" >
  <allocated-bytes non-tlh="31394512" tlh="661025960" />
  <largest-consumer threadName="Group1.Backend.CompositeBackend{Tier1}.7" threadId="00000000008AAD00" bytes="90336264" />
</allocation-stats>
<gc-op id="6226" type="scavenge" timems="91.297" contextid="6223" timestamp="2020-09-12T18:58:51.796">
  <scavenger-info tenureage="3" tenuremask="7ff8" tiltratio="85" />
  <memory-copied type="nursery" objects="4083959" bytes="109650768" bytesdiscarded="174936" />
  <memory-copied type="tenure" objects="1050092" bytes="28237088" bytesdiscarded="177416" />
  <ownableSynchronizers candidates="4565" cleared="4292" />
  <references type="soft" candidates="190" cleared="0" enqueued="0" dynamicThreshold="18" maxThreshold="32" />
  <references type="weak" candidates="113" cleared="113" enqueued="0" />
</gc-op>
<gc-end id="6227" type="scavenge" contextid="6223" durationms="92.350" usertimems="699.930" systemtimems="2.798" timestamp="2020-09-12T18:58:51.797" activeThreads="8">
  <mem-info id="6228" free="852122728" total="2911895552" percent="29">
    <mem type="nursery" free="694286784" total="939524096" percent="73">
      <mem type="allocate" free="694286784" total="804192256" percent="86" />
      <mem type="survivor" free="0" total="135331840" percent="0" />
    </mem>
    <mem type="tenure" free="157835944" total="1972371456" percent="8" macro-fragmented="0">
      <mem type="soa" free="138111656" total="1952647168" percent="7" />
      <mem type="loa" free="19724288" total="19724288" percent="100" />
    </mem>
    <remembered-set count="32416" />
  </mem-info>
</gc-end>
<cycle-end id="6229" type="scavenge" contextid="6223" timestamp="2020-09-12T18:58:51.798" />
<allocation-satisfied id="6230" threadId="00000000008A0000" bytesRequested="24" />
<af-end id="6231" timestamp="2020-09-12T18:58:51.798" threadId="00000000008A0980" success="true" from="nursery"/>
<exclusive-end id="6232" timestamp="2020-09-12T18:58:51.799" durationms="95.623" />

<exclusive-start id="6233" timestamp="2020-09-12T18:58:53.848" intervalms="2145.159">
  <response-info timems="1.303" idlems="1.303" threads="0" lastid="000000000082C800" lastname="Group1.Backend.CompositeBackend{Tier1}.4" />
</exclusive-start>
<af-start id="6234" threadId="000000000082D180" totalBytesRequested="262152" timestamp="2020-09-12T18:58:53.849" intervalms="2145.204" type="nursery" />
<cycle-start id="6235" type="scavenge" contextid="0" timestamp="2020-09-12T18:58:53.849" intervalms="2144.976" />
<gc-start id="6236" type="scavenge" contextid="6235" timestamp="2020-09-12T18:58:53.850">
  <mem-info id="6237" free="157858904" total="2911895552" percent="5">
    <mem type="nursery" free="22960" total="939524096" percent="0">
      <mem type="allocate" free="22960" total="804192256" percent="0" />
      <mem type="survivor" free="0" total="135331840" percent="0" />
    </mem>
    <mem type="tenure" free="157835944" total="1972371456" percent="8">
      <mem type="soa" free="138111656" total="1952647168" percent="7" />
      <mem type="loa" free="19724288" total="19724288" percent="100" />
    </mem>
    <remembered-set count="195223" />
  </mem-info>
</gc-start>
<allocation-stats totalBytes="693925240" >
  <allocated-bytes non-tlh="32046840" tlh="661878400" />
  <largest-consumer threadName="Group1.Backend.CompositeBackend{Tier1}.7" threadId="00000000008AAD00" bytes="99085384" />
</allocation-stats>
<gc-op id="6238" type="scavenge" timems="122.709" contextid="6235" timestamp="2020-09-12T18:58:53.973">
  <scavenger-info tenureage="3" tenuremask="7ff8" tiltratio="85" />
  <memory-copied type="nursery" objects="4116282" bytes="110280648" bytesdiscarded="262248" />
  <memory-copied type="tenure" objects="1137466" bytes="30554880" bytesdiscarded="159168" />
  <ownableSynchronizers candidates="3080" cleared="2814" />
  <references type="soft" candidates="167" cleared="0" enqueued="0" dynamicThreshold="18" maxThreshold="32" />
  <references type="weak" candidates="123" cleared="123" enqueued="0" />
</gc-op>
<gc-end id="6239" type="scavenge" contextid="6235" durationms="124.442" usertimems="903.302" systemtimems="1.646" timestamp="2020-09-12T18:58:53.974" activeThreads="8">
  <mem-info id="6240" free="822923352" total="2911895552" percent="28">
    <mem type="nursery" free="695796408" total="939524096" percent="74">
      <mem type="allocate" free="695796408" total="806420480" percent="86" />
      <mem type="survivor" free="0" total="133103616" percent="0" />
    </mem>
    <mem type="tenure" free="127126944" total="1972371456" percent="6" macro-fragmented="0">
      <mem type="soa" free="107402656" total="1952647168" percent="5" />
      <mem type="loa" free="19724288" total="19724288" percent="100" />
    </mem>
    <remembered-set count="29888" />
  </mem-info>
</gc-end>
<cycle-end id="6241" type="scavenge" contextid="6235" timestamp="2020-09-12T18:58:53.976" />
<allocation-satisfied id="6242" threadId="000000000082C800" bytesRequested="262152" />
<af-end id="6243" timestamp="2020-09-12T18:58:53.976" threadId="000000000082D180" success="true" from="nursery"/>
<exclusive-end id="6244" timestamp="2020-09-12T18:58:53.976" durationms="127.696" />

<exclusive-start id="6245" timestamp="2020-09-12T18:58:55.913" intervalms="2064.582">
  <response-info timems="8.739" idlems="8.739" threads="0" lastid="00000000008E1B00" lastname="Group1.TxInjector.CompositeTxInjector.I.driver.probe.15" />
</exclusive-start>
<af-start id="6246" threadId="00000000008E2480" totalBytesRequested="32" timestamp="2020-09-12T18:58:55.914" intervalms="2064.610" type="nursery" />
<cycle-start id="6247" type="scavenge" contextid="0" timestamp="2020-09-12T18:58:55.914" intervalms="2064.612" />
<gc-start id="6248" type="scavenge" contextid="6247" timestamp="2020-09-12T18:58:55.914">
  <mem-info id="6249" free="127126944" total="2911895552" percent="4">
    <mem type="nursery" free="0" total="939524096" percent="0">
      <mem type="allocate" free="0" total="806420480" percent="0" />
      <mem type="survivor" free="0" total="133103616" percent="0" />
    </mem>
    <mem type="tenure" free="127126944" total="1972371456" percent="6">
      <mem type="soa" free="107402656" total="1952647168" percent="5" />
      <mem type="loa" free="19724288" total="19724288" percent="100" />
    </mem>
    <remembered-set count="192205" />
  </mem-info>
</gc-start>
<allocation-stats totalBytes="695478128" >
  <allocated-bytes non-tlh="34552488" tlh="660925640" />
  <largest-consumer threadName="Group1.Backend.CompositeBackend{Tier1}.8" threadId="00000000008AF400" bytes="130031424" />
</allocation-stats>
<gc-op id="6250" type="scavenge" timems="132.713" contextid="6247" timestamp="2020-09-12T18:58:56.047">
  <scavenger-info tenureage="3" tenuremask="7ff8" tiltratio="85" />
  <memory-copied type="nursery" objects="4319432" bytes="114979000" bytesdiscarded="299640" />
  <memory-copied type="tenure" objects="1049784" bytes="28331224" bytesdiscarded="114984" />
  <ownableSynchronizers candidates="3869" cleared="3621" />
  <references type="soft" candidates="162" cleared="0" enqueued="0" dynamicThreshold="18" maxThreshold="32" />
  <references type="weak" candidates="124" cleared="123" enqueued="0" />
</gc-op>
<gc-end id="6251" type="scavenge" contextid="6247" durationms="134.141" usertimems="927.879" systemtimems="11.001" timestamp="2020-09-12T18:58:56.048" activeThreads="8">
  <mem-info id="6252" free="788889440" total="2911895552" percent="27">
    <mem type="nursery" free="690273360" total="939524096" percent="73">
      <mem type="allocate" free="690273360" total="805634048" percent="85" />
      <mem type="survivor" free="0" total="133890048" percent="0" />
    </mem>
    <mem type="tenure" free="98616080" total="1972371456" percent="4" macro-fragmented="0">
      <mem type="soa" free="78891792" total="1952647168" percent="4" />
      <mem type="loa" free="19724288" total="19724288" percent="100" />
    </mem>
    <remembered-set count="29535" />
  </mem-info>
</gc-end>
<cycle-end id="6253" type="scavenge" contextid="6247" timestamp="2020-09-12T18:58:56.050" />
<allocation-satisfied id="6254" threadId="00000000008E1B00" bytesRequested="32" />
<af-end id="6255" timestamp="2020-09-12T18:58:56.050" threadId="00000000008E2480" success="true" from="nursery"/>
<exclusive-end id="6256" timestamp="2020-09-12T18:58:56.050" durationms="137.233" />

<exclusive-start id="6257" timestamp="2020-09-12T18:58:58.032" intervalms="2119.161">
  <response-info timems="0.702" idlems="0.600" threads="1" lastid="0000000000873800" lastname="Group1.Backend.CompositeBackend{Tier1}.5" />
</exclusive-start>
<af-start id="6258" threadId="000000000082D180" totalBytesRequested="16" timestamp="2020-09-12T18:58:58.033" intervalms="2119.315" type="nursery" />
<cycle-start id="6259" type="scavenge" contextid="0" timestamp="2020-09-12T18:58:58.033" intervalms="2119.304" />
<gc-start id="6260" type="scavenge" contextid="6259" timestamp="2020-09-12T18:58:58.034">
  <mem-info id="6261" free="98616080" total="2911895552" percent="3">
    <mem type="nursery" free="0" total="939524096" percent="0">
      <mem type="allocate" free="0" total="805634048" percent="0" />
      <mem type="survivor" free="0" total="133890048" percent="0" />
    </mem>
    <mem type="tenure" free="98616080" total="1972371456" percent="4">
      <mem type="soa" free="78891792" total="1952647168" percent="4" />
      <mem type="loa" free="19724288" total="19724288" percent="100" />
    </mem>
    <remembered-set count="194571" />
  </mem-info>
</gc-start>
<allocation-stats totalBytes="689904392" >
  <allocated-bytes non-tlh="30460088" tlh="659444304" />
  <largest-consumer threadName="Group1.Backend.CompositeBackend{Tier1}.3" threadId="0000000000847B00" bytes="121168728" />
</allocation-stats>
<gc-op id="6262" type="scavenge" timems="101.706" contextid="6259" timestamp="2020-09-12T18:58:58.135">
  <scavenger-info tenureage="3" tenuremask="7ff8" tiltratio="85" />
  <memory-copied type="nursery" objects="4153719" bytes="111432072" bytesdiscarded="609928" />
  <memory-copied type="tenure" objects="1098326" bytes="29531232" bytesdiscarded="109032" />
  <ownableSynchronizers candidates="3523" cleared="3286" />
  <references type="soft" candidates="153" cleared="0" enqueued="0" dynamicThreshold="18" maxThreshold="32" />
  <references type="weak" candidates="109" cleared="108" enqueued="0" />
</gc-op>
<gc-end id="6263" type="scavenge" contextid="6259" durationms="102.611" usertimems="764.924" systemtimems="7.007" timestamp="2020-09-12T18:58:58.136" activeThreads="8">
  <mem-info id="6264" free="763117888" total="2911895552" percent="26">
    <mem type="nursery" free="694552168" total="939524096" percent="73">
      <mem type="allocate" free="694552168" total="806682624" percent="86" />
      <mem type="survivor" free="0" total="132841472" percent="0" />
    </mem>
    <mem type="tenure" free="68565720" total="1972371456" percent="3" macro-fragmented="0">
      <mem type="soa" free="48841432" total="1952647168" percent="2" />
      <mem type="loa" free="19724288" total="19724288" percent="100" />
    </mem>
    <remembered-set count="29722" />
  </mem-info>
</gc-end>
<cycle-end id="6265" type="scavenge" contextid="6259" timestamp="2020-09-12T18:58:58.138" />
<allocation-satisfied id="6266" threadId="000000000082C800" bytesRequested="16" />
<af-end id="6267" timestamp="2020-09-12T18:58:58.138" threadId="000000000082D180" success="true" from="nursery"/>
<exclusive-end id="6268" timestamp="2020-09-12T18:58:58.138" durationms="106.139" />

<exclusive-start id="6269" timestamp="2020-09-12T18:59:00.054" intervalms="2022.280">
  <response-info timems="0.695" idlems="0.399" threads="1" lastid="00000000008AF400" lastname="Group1.Backend.CompositeBackend{Tier1}.8" />
</exclusive-start>
<af-start id="6270" threadId="00000000008AB680" totalBytesRequested="10008" timestamp="2020-09-12T18:59:00.055" intervalms="2022.134" type="nursery" />
<cycle-start id="6271" type="scavenge" contextid="0" timestamp="2020-09-12T18:59:00.055" intervalms="2022.127" />
<gc-start id="6272" type="scavenge" contextid="6271" timestamp="2020-09-12T18:59:00.056">
  <mem-info id="6273" free="68565720" total="2911895552" percent="2">
    <mem type="nursery" free="0" total="939524096" percent="0">
      <mem type="allocate" free="0" total="806682624" percent="0" />
      <mem type="survivor" free="0" total="132841472" percent="0" />
    </mem>
    <mem type="tenure" free="68565720" total="1972371456" percent="3">
      <mem type="soa" free="48841432" total="1952647168" percent="2" />
      <mem type="loa" free="19724288" total="19724288" percent="100" />
    </mem>
    <remembered-set count="189558" />
  </mem-info>
</gc-start>
<allocation-stats totalBytes="694225016" >
  <allocated-bytes non-tlh="39349384" tlh="654875632" />
  <largest-consumer threadName="Group1.Backend.CompositeBackend{Tier1}.1" threadId="0000000000781D00" bytes="103377720" />
</allocation-stats>
<gc-op id="6274" type="scavenge" timems="96.274" contextid="6271" timestamp="2020-09-12T18:59:00.152">
  <scavenger-info tenureage="3" tenuremask="7ff8" tiltratio="85" />
  <memory-copied type="nursery" objects="4102517" bytes="109940600" bytesdiscarded="188328" />
  <memory-copied type="tenure" objects="1115994" bytes="30014880" bytesdiscarded="28936" />
  <ownableSynchronizers candidates="4742" cleared="4495" />
  <references type="soft" candidates="184" cleared="0" enqueued="0" dynamicThreshold="18" maxThreshold="32" />
  <references type="weak" candidates="127" cleared="127" enqueued="0" />
</gc-op>
<gc-end id="6275" type="scavenge" contextid="6271" durationms="97.336" usertimems="752.680" systemtimems="5.818" timestamp="2020-09-12T18:59:00.153" activeThreads="8">
  <mem-info id="6276" free="736749784" total="2911895552" percent="25">
    <mem type="nursery" free="698041344" total="939524096" percent="74">
      <mem type="allocate" free="698041344" total="808255488" percent="86" />
      <mem type="survivor" free="0" total="131268608" percent="0" />
    </mem>
    <mem type="tenure" free="38708440" total="1972371456" percent="1" macro-fragmented="0">
      <mem type="soa" free="18984152" total="1952647168" percent="0" />
      <mem type="loa" free="19724288" total="19724288" percent="100" />
    </mem>
    <remembered-set count="30057" />
  </mem-info>
</gc-end>
<cycle-end id="6277" type="scavenge" contextid="6271" timestamp="2020-09-12T18:59:00.159" />
<allocation-satisfied id="6278" threadId="00000000008AAD00" bytesRequested="10008" />
<af-end id="6279" timestamp="2020-09-12T18:59:00.159" threadId="00000000008AB680" success="true" from="nursery"/>
<exclusive-end id="6280" timestamp="2020-09-12T18:59:00.159" durationms="104.882" />

<exclusive-start id="6281" timestamp="2020-09-12T18:59:02.203" intervalms="2148.840">
  <response-info timems="0.497" idlems="0.489" threads="1" lastid="00000000008AF400" lastname="Group1.Backend.CompositeBackend{Tier1}.8" />
</exclusive-start>
<af-start id="6282" threadId="00000000008A0980" totalBytesRequested="16" timestamp="2020-09-12T18:59:02.204" intervalms="2148.763" type="nursery" />
<percolate-collect id="6283" from="nursery" to="global" reason="prevent tenure expand" timestamp="2020-09-12T18:59:02.204"/>
<cycle-start id="6284" type="global" contextid="0" timestamp="2020-09-12T18:59:02.204" intervalms="76523.950" />
<gc-start id="6285" type="global" contextid="6284" timestamp="2020-09-12T18:59:02.205">
  <mem-info id="6286" free="38708440" total="2911895552" percent="1">
    <mem type="nursery" free="0" total="939524096" percent="0">
      <mem type="allocate" free="0" total="808255488" percent="0" />
      <mem type="survivor" free="0" total="131268608" percent="0" />
    </mem>
    <mem type="tenure" free="38708440" total="1972371456" percent="1">
      <mem type="soa" free="18984152" total="1952647168" percent="0" />
      <mem type="loa" free="19724288" total="19724288" percent="100" />
    </mem>
    <remembered-set count="198745" />
  </mem-info>
</gc-start>
<allocation-stats totalBytes="697683984" >
  <allocated-bytes non-tlh="26286704" tlh="671397280" />
  <largest-consumer threadName="Group1.Backend.CompositeBackend{Tier1}.5" threadId="0000000000873800" bytes="122149168" />
</allocation-stats>
<gc-op id="6287" type="mark" timems="577.371" contextid="6284" timestamp="2020-09-12T18:59:02.782">
  <trace-info objectcount="31323855" scancount="30343973" scanbytes="828161456" />
  <finalization candidates="150" enqueued="0" />
  <ownableSynchronizers candidates="595125" cleared="6338" />
  <references type="soft" candidates="723623" cleared="446" enqueued="431" dynamicThreshold="18" maxThreshold="32" />
  <references type="weak" candidates="4380" cleared="93" enqueued="0" />
  <references type="phantom" candidates="106" cleared="0" enqueued="0" />
  <stringconstants candidates="11053" cleared="1"  />
</gc-op>
<gc-op id="6288" type="sweep" timems="17.020" contextid="6284" timestamp="2020-09-12T18:59:02.799" />
<gc-end id="6289" type="global" contextid="6284" durationms="595.508" usertimems="4537.932" systemtimems="5.154" timestamp="2020-09-12T18:59:02.800" activeThreads="8">
  <mem-info id="6290" free="1717445392" total="2911895552" percent="58">
    <mem type="nursery" free="610765584" total="939524096" percent="65">
      <mem type="allocate" free="610765584" total="808255488" percent="75" />
      <mem type="survivor" free="0" total="131268608" percent="0" />
    </mem>
    <mem type="tenure" free="1106679808" total="1972371456" percent="56" micro-fragmented="103706582" macro-fragmented="0">
      <mem type="soa" free="1086955520" total="1952647168" percent="55" />
      <mem type="loa" free="19724288" total="19724288" percent="100" />
    </mem>
    <pending-finalizers system="0" default="0" reference="431" classloader="0" />
    <remembered-set count="193068" />
  </mem-info>
</gc-end>
<cycle-end id="6291" type="global" contextid="6284" timestamp="2020-09-12T18:59:02.801" />
<allocation-satisfied id="6292" threadId="00000000008A0000" bytesRequested="16" />
<af-end id="6293" timestamp="2020-09-12T18:59:02.801" threadId="00000000008A0980" success="true" from="nursery"/>
<exclusive-end id="6294" timestamp="2020-09-12T18:59:02.801" durationms="598.022" />

<exclusive-start id="6295" timestamp="2020-09-12T18:59:03.971" intervalms="1767.592">
  <response-info timems="0.391" idlems="0.391" threads="0" lastid="0000000000781D00" lastname="Group1.Backend.CompositeBackend{Tier1}.1" />
</exclusive-start>
<af-start id="6296" threadId="0000000000782680" totalBytesRequested="524296" timestamp="2020-09-12T18:59:03.972" intervalms="1767.519" type="nursery" />
<cycle-start id="6297" type="scavenge" contextid="0" timestamp="2020-09-12T18:59:03.972" intervalms="3916.253" />
<gc-start id="6298" type="scavenge" contextid="6297" timestamp="2020-09-12T18:59:03.972">
  <mem-info id="6299" free="1142245464" total="2911895552" percent="39">
    <mem type="nursery" free="35565704" total="939524096" percent="3">
      <mem type="allocate" free="35565704" total="808255488" percent="4" />
      <mem type="survivor" free="0" total="131268608" percent="0" />
    </mem>
    <mem type="tenure" free="1106679760" total="1972371456" percent="56">
      <mem type="soa" free="1086955472" total="1952647168" percent="55" />
      <mem type="loa" free="19724288" total="19724288" percent="100" />
    </mem>
    <remembered-set count="244354" />
  </mem-info>
</gc-start>
<allocation-stats totalBytes="573058824" >
  <allocated-bytes non-tlh="30976184" tlh="542082640" />
  <largest-consumer threadName="Group1.Backend.CompositeBackend{Tier1}.5" threadId="0000000000873800" bytes="91872272" />
</allocation-stats>
<gc-op id="6300" type="scavenge" timems="147.949" contextid="6297" timestamp="2020-09-12T18:59:04.120">
  <scavenger-info tenureage="3" tenuremask="7ff8" tiltratio="86" />
  <memory-copied type="nursery" objects="4901434" bytes="131089672" bytesdiscarded="40952" />
  <memory-copied type="tenure" objects="1337841" bytes="35612280" bytesdiscarded="125848" />
  <copy-failed type="nursery" objects="344498" bytes="8943744" />
  <ownableSynchronizers candidates="1180228" cleared="1179889" />
  <references type="soft" candidates="208" cleared="0" enqueued="0" dynamicThreshold="17" maxThreshold="32" />
  <references type="weak" candidates="88" cleared="88" enqueued="0" />
</gc-op>
<gc-end id="6301" type="scavenge" contextid="6297" durationms="149.290" usertimems="1077.534" systemtimems="22.659" timestamp="2020-09-12T18:59:04.121" activeThreads="8">
  <mem-info id="6302" free="1688315384" total="2911895552" percent="57">
    <mem type="nursery" free="617676800" total="939524096" percent="65">
      <mem type="allocate" free="617676800" total="748945408" percent="82" />
      <mem type="survivor" free="0" total="190578688" percent="0" />
    </mem>
    <mem type="tenure" free="1070638584" total="1972371456" percent="54" macro-fragmented="0">
      <mem type="soa" free="1050914296" total="1952647168" percent="53" />
      <mem type="loa" free="19724288" total="19724288" percent="100" />
    </mem>
    <remembered-set count="40779" />
  </mem-info>
</gc-end>
<cycle-end id="6303" type="scavenge" contextid="6297" timestamp="2020-09-12T18:59:04.123" />
<allocation-satisfied id="6304" threadId="0000000000781D00" bytesRequested="524296" />
<af-end id="6305" timestamp="2020-09-12T18:59:04.123" threadId="0000000000782680" success="true" from="nursery"/>
<exclusive-end id="6306" timestamp="2020-09-12T18:59:04.123" durationms="151.864" />

<exclusive-start id="6307" timestamp="2020-09-12T18:59:05.846" intervalms="1875.122">
  <response-info timems="0.391" idlems="0.391" threads="0" lastid="0000000000873800" lastname="Group1.Backend.CompositeBackend{Tier1}.5" />
</exclusive-start>
<af-start id="6308" threadId="0000000000874180" totalBytesRequested="24" timestamp="2020-09-12T18:59:05.847" intervalms="1875.090" type="nursery" />
<cycle-start id="6309" type="scavenge" contextid="0" timestamp="2020-09-12T18:59:05.847" intervalms="1875.087" />
<gc-start id="6310" type="scavenge" contextid="6309" timestamp="2020-09-12T18:59:05.847">
  <mem-info id="6311" free="1070638584" total="2911895552" percent="36">
    <mem type="nursery" free="0" total="939524096" percent="0">
      <mem type="allocate" free="0" total="748945408" percent="0" />
      <mem type="survivor" free="0" total="190578688" percent="0" />
    </mem>
    <mem type="tenure" free="1070638584" total="1972371456" percent="54">
      <mem type="soa" free="1050914296" total="1952647168" percent="53" />
      <mem type="loa" free="19724288" total="19724288" percent="100" />
    </mem>
    <remembered-set count="193826" />
  </mem-info>
</gc-start>
<allocation-stats totalBytes="617389744" >
  <allocated-bytes non-tlh="30481928" tlh="586907816" />
  <largest-consumer threadName="Group1.Backend.CompositeBackend{Tier1}.5" threadId="0000000000873800" bytes="95882192" />
</allocation-stats>
<gc-op id="6312" type="scavenge" timems="120.800" contextid="6309" timestamp="2020-09-12T18:59:05.968">
  <scavenger-info tenureage="3" tenuremask="7ff8" tiltratio="79" />
  <memory-copied type="nursery" objects="5053916" bytes="134072488" bytesdiscarded="177088" />
  <memory-copied type="tenure" objects="957985" bytes="25847096" bytesdiscarded="97488" />
  <ownableSynchronizers candidates="3467" cleared="3217" />
  <references type="soft" candidates="213" cleared="0" enqueued="0" dynamicThreshold="17" maxThreshold="32" />
  <references type="weak" candidates="108" cleared="108" enqueued="0" />
</gc-op>
<gc-end id="6313" type="scavenge" contextid="6309" durationms="121.944" usertimems="897.805" systemtimems="0.000" timestamp="2020-09-12T18:59:05.969" activeThreads="8">
  <mem-info id="6314" free="1666051224" total="2911895552" percent="57">
    <mem type="nursery" free="621372120" total="939524096" percent="66">
      <mem type="allocate" free="621372120" total="755695616" percent="82" />
      <mem type="survivor" free="0" total="183828480" percent="0" />
    </mem>
    <mem type="tenure" free="1044679104" total="1972371456" percent="52" macro-fragmented="0">
      <mem type="soa" free="1024954816" total="1952647168" percent="52" />
      <mem type="loa" free="19724288" total="19724288" percent="100" />
    </mem>
    <remembered-set count="39714" />
  </mem-info>
</gc-end>
<cycle-end id="6315" type="scavenge" contextid="6309" timestamp="2020-09-12T18:59:05.970" />
<allocation-satisfied id="6316" threadId="0000000000873800" bytesRequested="24" />
<af-end id="6317" timestamp="2020-09-12T18:59:05.970" threadId="0000000000874180" success="true" from="nursery"/>
<exclusive-end id="6318" timestamp="2020-09-12T18:59:05.970" durationms="124.353" />

<exclusive-start id="6319" timestamp="2020-09-12T18:59:07.742" intervalms="1896.344">
  <response-info timems="0.240" idlems="0.240" threads="0" lastid="000000000082C800" lastname="Group1.Backend.CompositeBackend{Tier1}.4" />
</exclusive-start>
<af-start id="6320" threadId="000000000082D180" totalBytesRequested="32" timestamp="2020-09-12T18:59:07.743" intervalms="1896.319" type="nursery" />
<cycle-start id="6321" type="scavenge" contextid="0" timestamp="2020-09-12T18:59:07.743" intervalms="1896.317" />
<gc-start id="6322" type="scavenge" contextid="6321" timestamp="2020-09-12T18:59:07.743">
  <mem-info id="6323" free="1044679104" total="2911895552" percent="35">
    <mem type="nursery" free="0" total="939524096" percent="0">
      <mem type="allocate" free="0" total="755695616" percent="0" />
      <mem type="survivor" free="0" total="183828480" percent="0" />
    </mem>
    <mem type="tenure" free="1044679104" total="1972371456" percent="52">
      <mem type="soa" free="1024954816" total="1952647168" percent="52" />
      <mem type="loa" free="19724288" total="19724288" percent="100" />
    </mem>
    <remembered-set count="193884" />
  </mem-info>
</gc-start>
<allocation-stats totalBytes="621078768" >
  <allocated-bytes non-tlh="29665720" tlh="591413048" />
  <largest-consumer threadName="Group1.Backend.CompositeBackend{Tier1}.3" threadId="0000000000847B00" bytes="107246920" />
</allocation-stats>
<gc-op id="6324" type="scavenge" timems="92.449" contextid="6321" timestamp="2020-09-12T18:59:07.836">
  <scavenger-info tenureage="3" tenuremask="7ff8" tiltratio="80" />
  <memory-copied type="nursery" objects="4700900" bytes="126274040" bytesdiscarded="181592" />
  <memory-copied type="tenure" objects="914963" bytes="24672960" bytesdiscarded="115632" />
  <ownableSynchronizers candidates="3509" cleared="3221" />
  <references type="soft" candidates="213" cleared="0" enqueued="0" dynamicThreshold="17" maxThreshold="32" />
  <references type="weak" candidates="124" cleared="123" enqueued="0" />
</gc-op>
<gc-end id="6325" type="scavenge" contextid="6321" durationms="93.481" usertimems="663.604" systemtimems="0.000" timestamp="2020-09-12T18:59:07.837" activeThreads="8">
  <mem-info id="6326" free="1655766256" total="2911895552" percent="56">
    <mem type="nursery" free="635917824" total="939524096" percent="67">
      <mem type="allocate" free="635917824" total="762445824" percent="83" />
      <mem type="survivor" free="0" total="177078272" percent="0" />
    </mem>
    <mem type="tenure" free="1019848432" total="1972371456" percent="51" macro-fragmented="0">
      <mem type="soa" free="1000124144" total="1952647168" percent="51" />
      <mem type="loa" free="19724288" total="19724288" percent="100" />
    </mem>
    <remembered-set count="38033" />
  </mem-info>
</gc-end>
<cycle-end id="6327" type="scavenge" contextid="6321" timestamp="2020-09-12T18:59:07.838" />
<allocation-satisfied id="6328" threadId="000000000082C800" bytesRequested="32" />
<af-end id="6329" timestamp="2020-09-12T18:59:07.838" threadId="000000000082D180" success="true" from="nursery"/>
<exclusive-end id="6330" timestamp="2020-09-12T18:59:07.838" durationms="95.764" />

<exclusive-start id="6331" timestamp="2020-09-12T18:59:09.651" intervalms="1908.636">
  <response-info timems="0.695" idlems="0.468" threads="2" lastid="0000000000873800" lastname="Group1.Backend.CompositeBackend{Tier1}.5" />
</exclusive-start>
<af-start id="6332" threadId="00000000008D5780" totalBytesRequested="32" timestamp="2020-09-12T18:59:09.652" intervalms="1908.743" type="nursery" />
<cycle-start id="6333" type="scavenge" contextid="0" timestamp="2020-09-12T18:59:09.652" intervalms="1908.759" />
<gc-start id="6334" type="scavenge" contextid="6333" timestamp="2020-09-12T18:59:09.652">
  <mem-info id="6335" free="1019848432" total="2911895552" percent="35">
    <mem type="nursery" free="0" total="939524096" percent="0">
      <mem type="allocate" free="0" total="762445824" percent="0" />
      <mem type="survivor" free="0" total="177078272" percent="0" />
    </mem>
    <mem type="tenure" free="1019848432" total="1972371456" percent="51">
      <mem type="soa" free="1000124144" total="1952647168" percent="51" />
      <mem type="loa" free="19724288" total="19724288" percent="100" />
    </mem>
    <remembered-set count="196550" />
  </mem-info>
</gc-start>
<allocation-stats totalBytes="635618752" >
  <allocated-bytes non-tlh="29649768" tlh="605968984" />
  <largest-consumer threadName="Group1.Backend.CompositeBackend{Tier1}.8" threadId="00000000008AF400" bytes="101889304" />
</allocation-stats>
<gc-op id="6336" type="scavenge" timems="99.809" contextid="6333" timestamp="2020-09-12T18:59:09.752">
  <scavenger-info tenureage="3" tenuremask="7ff8" tiltratio="81" />
  <memory-copied type="nursery" objects="3762576" bytes="100905280" bytesdiscarded="425480" />
  <memory-copied type="tenure" objects="1913441" bytes="51580144" bytesdiscarded="130840" />
  <ownableSynchronizers candidates="4553" cleared="4246" />
  <references type="soft" candidates="171" cleared="0" enqueued="0" dynamicThreshold="17" maxThreshold="32" />
  <references type="weak" candidates="118" cleared="118" enqueued="0" />
</gc-op>
<gc-end id="6337" type="scavenge" contextid="6333" durationms="100.600" usertimems="773.548" systemtimems="0.000" timestamp="2020-09-12T18:59:09.753" activeThreads="8">
  <mem-info id="6338" free="1636209960" total="2911895552" percent="56">
    <mem type="nursery" free="668110080" total="939524096" percent="71">
      <mem type="allocate" free="668110080" total="769523712" percent="86" />
      <mem type="survivor" free="0" total="170000384" percent="0" />
    </mem>
    <mem type="tenure" free="968099880" total="1972371456" percent="49" macro-fragmented="0">
      <mem type="soa" free="948375592" total="1952647168" percent="48" />
      <mem type="loa" free="19724288" total="19724288" percent="100" />
    </mem>
    <remembered-set count="27912" />
  </mem-info>
</gc-end>
<cycle-end id="6339" type="scavenge" contextid="6333" timestamp="2020-09-12T18:59:09.754" />
<allocation-satisfied id="6340" threadId="00000000008D4E00" bytesRequested="32" />
<af-end id="6341" timestamp="2020-09-12T18:59:09.754" threadId="00000000008D5780" success="true" from="nursery"/>
<exclusive-end id="6342" timestamp="2020-09-12T18:59:09.754" durationms="102.754" />

<exclusive-start id="6343" timestamp="2020-09-12T18:59:11.741" intervalms="2089.825">
  <response-info timems="0.453" idlems="0.453" threads="0" lastid="0000000000847B00" lastname="Group1.Backend.CompositeBackend{Tier1}.3" />
</exclusive-start>
<af-start id="6344" threadId="0000000000848480" totalBytesRequested="16" timestamp="2020-09-12T18:59:11.741" intervalms="2089.745" type="nursery" />
<cycle-start id="6345" type="scavenge" contextid="0" timestamp="2020-09-12T18:59:11.742" intervalms="2089.731" />
<gc-start id="6346" type="scavenge" contextid="6345" timestamp="2020-09-12T18:59:11.742">
  <mem-info id="6347" free="968099880" total="2911895552" percent="33">
    <mem type="nursery" free="0" total="939524096" percent="0">
      <mem type="allocate" free="0" total="769523712" percent="0" />
      <mem type="survivor" free="0" total="170000384" percent="0" />
    </mem>
    <mem type="tenure" free="968099880" total="1972371456" percent="49">
      <mem type="soa" free="948375592" total="1952647168" percent="48" />
      <mem type="loa" free="19724288" total="19724288" percent="100" />
    </mem>
    <remembered-set count="190876" />
  </mem-info>
</gc-start>
<allocation-stats totalBytes="667786928" >
  <allocated-bytes non-tlh="26415176" tlh="641371752" />
  <largest-consumer threadName="Group1.Backend.CompositeBackend{Tier1}.7" threadId="00000000008AAD00" bytes="102069008" />
</allocation-stats>
<gc-op id="6348" type="scavenge" timems="97.383" contextid="6345" timestamp="2020-09-12T18:59:11.839">
  <scavenger-info tenureage="3" tenuremask="7ff8" tiltratio="81" />
  <memory-copied type="nursery" objects="4054575" bytes="107785400" bytesdiscarded="236392" />
  <memory-copied type="tenure" objects="993490" bytes="26714240" bytesdiscarded="85888" />
  <ownableSynchronizers candidates="4497" cleared="4213" />
  <references type="soft" candidates="205" cleared="0" enqueued="0" dynamicThreshold="17" maxThreshold="32" />
  <references type="weak" candidates="113" cleared="113" enqueued="0" />
</gc-op>
<gc-end id="6349" type="scavenge" contextid="6345" durationms="98.224" usertimems="706.487" systemtimems="0.000" timestamp="2020-09-12T18:59:11.840" activeThreads="8">
  <mem-info id="6350" free="1610984776" total="2911895552" percent="55">
    <mem type="nursery" free="669745144" total="939524096" percent="71">
      <mem type="allocate" free="669745144" total="777846784" percent="86" />
      <mem type="survivor" free="0" total="161677312" percent="0" />
    </mem>
    <mem type="tenure" free="941239632" total="1972371456" percent="47" macro-fragmented="0">
      <mem type="soa" free="921515344" total="1952647168" percent="47" />
      <mem type="loa" free="19724288" total="19724288" percent="100" />
    </mem>
    <remembered-set count="29304" />
  </mem-info>
</gc-end>
<cycle-end id="6351" type="scavenge" contextid="6345" timestamp="2020-09-12T18:59:11.843" />
<allocation-satisfied id="6352" threadId="0000000000847B00" bytesRequested="16" />
<af-end id="6353" timestamp="2020-09-12T18:59:11.843" threadId="0000000000848480" success="true" from="nursery"/>
<exclusive-end id="6354" timestamp="2020-09-12T18:59:11.843" durationms="102.350" />

<exclusive-start id="6355" timestamp="2020-09-12T18:59:13.772" intervalms="2030.784">
  <response-info timems="0.450" idlems="0.450" threads="0" lastid="000000000082C800" lastname="Group1.Backend.CompositeBackend{Tier1}.4" />
</exclusive-start>
<af-start id="6356" threadId="000000000082D180" totalBytesRequested="24" timestamp="2020-09-12T18:59:13.772" intervalms="2030.825" type="nursery" />
<cycle-start id="6357" type="scavenge" contextid="0" timestamp="2020-09-12T18:59:13.772" intervalms="2030.839" />
<gc-start id="6358" type="scavenge" contextid="6357" timestamp="2020-09-12T18:59:13.773">
  <mem-info id="6359" free="941239632" total="2911895552" percent="32">
    <mem type="nursery" free="0" total="939524096" percent="0">
      <mem type="allocate" free="0" total="777846784" percent="0" />
      <mem type="survivor" free="0" total="161677312" percent="0" />
    </mem>
    <mem type="tenure" free="941239632" total="1972371456" percent="47">
      <mem type="soa" free="921515344" total="1952647168" percent="47" />
      <mem type="loa" free="19724288" total="19724288" percent="100" />
    </mem>
    <remembered-set count="187397" />
  </mem-info>
</gc-start>
<allocation-stats totalBytes="669431896" >
  <allocated-bytes non-tlh="31870840" tlh="637561056" />
  <largest-consumer threadName="Group1.Backend.CompositeBackend{Tier1}.7" threadId="00000000008AAD00" bytes="104363800" />
</allocation-stats>
<gc-op id="6360" type="scavenge" timems="94.229" contextid="6357" timestamp="2020-09-12T18:59:13.867">
  <scavenger-info tenureage="3" tenuremask="7ff8" tiltratio="82" />
  <memory-copied type="nursery" objects="4051332" bytes="108162416" bytesdiscarded="127272" />
  <memory-copied type="tenure" objects="997948" bytes="26823816" bytesdiscarded="72776" />
  <ownableSynchronizers candidates="4177" cleared="3888" />
  <references type="soft" candidates="186" cleared="0" enqueued="0" dynamicThreshold="17" maxThreshold="32" />
  <references type="weak" candidates="113" cleared="113" enqueued="0" />
</gc-op>
<gc-end id="6361" type="scavenge" contextid="6357" durationms="95.049" usertimems="700.703" systemtimems="1.997" timestamp="2020-09-12T18:59:13.868" activeThreads="8">
  <mem-info id="6362" free="1592081144" total="2911895552" percent="54">
    <mem type="nursery" free="677474808" total="939524096" percent="72">
      <mem type="allocate" free="677474808" total="785842176" percent="86" />
      <mem type="survivor" free="0" total="153681920" percent="0" />
    </mem>
    <mem type="tenure" free="914606336" total="1972371456" percent="46" macro-fragmented="0">
      <mem type="soa" free="894882048" total="1952647168" percent="45" />
      <mem type="loa" free="19724288" total="19724288" percent="100" />
    </mem>
    <remembered-set count="28845" />
  </mem-info>
</gc-end>
<cycle-end id="6363" type="scavenge" contextid="6357" timestamp="2020-09-12T18:59:13.869" />
<allocation-satisfied id="6364" threadId="000000000082C800" bytesRequested="24" />
<af-end id="6365" timestamp="2020-09-12T18:59:13.869" threadId="000000000082D180" success="true" from="nursery"/>
<exclusive-end id="6366" timestamp="2020-09-12T18:59:13.869" durationms="97.497" />

<exclusive-start id="6367" timestamp="2020-09-12T18:59:15.831" intervalms="2059.812">
  <response-info timems="1.086" idlems="1.086" threads="0" lastid="00000000008A0000" lastname="Group1.Backend.CompositeBackend{Tier1}.6" />
</exclusive-start>
<af-start id="6368" threadId="00000000008A0980" totalBytesRequested="328" timestamp="2020-09-12T18:59:15.832" intervalms="2059.950" type="nursery" />
<cycle-start id="6369" type="scavenge" contextid="0" timestamp="2020-09-12T18:59:15.832" intervalms="2060.026" />
<gc-start id="6370" type="scavenge" contextid="6369" timestamp="2020-09-12T18:59:15.833">
  <mem-info id="6371" free="914606336" total="2911895552" percent="31">
    <mem type="nursery" free="0" total="939524096" percent="0">
      <mem type="allocate" free="0" total="785842176" percent="0" />
      <mem type="survivor" free="0" total="153681920" percent="0" />
    </mem>
    <mem type="tenure" free="914606336" total="1972371456" percent="46">
      <mem type="soa" free="894882048" total="1952647168" percent="45" />
      <mem type="loa" free="19724288" total="19724288" percent="100" />
    </mem>
    <remembered-set count="190705" />
  </mem-info>
</gc-start>
<allocation-stats totalBytes="677154328" >
  <allocated-bytes non-tlh="31550232" tlh="645604096" />
  <largest-consumer threadName="Group1.Backend.CompositeBackend{Tier1}.7" threadId="00000000008AAD00" bytes="103634336" />
</allocation-stats>
<gc-op id="6372" type="scavenge" timems="152.773" contextid="6369" timestamp="2020-09-12T18:59:15.986">
  <scavenger-info tenureage="3" tenuremask="7ff8" tiltratio="83" />
  <memory-copied type="nursery" objects="4252777" bytes="113175992" bytesdiscarded="125528" />
  <memory-copied type="tenure" objects="1022872" bytes="27478144" bytesdiscarded="79392" />
  <ownableSynchronizers candidates="4112" cleared="3821" />
  <references type="soft" candidates="164" cleared="0" enqueued="0" dynamicThreshold="17" maxThreshold="32" />
  <references type="weak" candidates="108" cleared="108" enqueued="0" />
</gc-op>
<gc-end id="6373" type="scavenge" contextid="6369" durationms="153.621" usertimems="967.535" systemtimems="10.032" timestamp="2020-09-12T18:59:15.986" activeThreads="8">
  <mem-info id="6374" free="1563656384" total="2911895552" percent="53">
    <mem type="nursery" free="676719528" total="939524096" percent="72">
      <mem type="allocate" free="676719528" total="790102016" percent="85" />
      <mem type="survivor" free="0" total="149422080" percent="0" />
    </mem>
    <mem type="tenure" free="886936856" total="1972371456" percent="44" macro-fragmented="0">
      <mem type="soa" free="867212568" total="1952647168" percent="44" />
      <mem type="loa" free="19724288" total="19724288" percent="100" />
    </mem>
    <remembered-set count="27833" />
  </mem-info>
</gc-end>
<cycle-end id="6375" type="scavenge" contextid="6369" timestamp="2020-09-12T18:59:15.988" />
<allocation-satisfied id="6376" threadId="00000000008A0000" bytesRequested="328" />
<af-end id="6377" timestamp="2020-09-12T18:59:15.988" threadId="00000000008A0980" success="true" from="nursery"/>
<exclusive-end id="6378" timestamp="2020-09-12T18:59:15.988" durationms="156.505" />

<exclusive-start id="6379" timestamp="2020-09-12T18:59:17.874" intervalms="2042.164">
  <response-info timems="2.639" idlems="2.639" threads="0" lastid="000000000082C800" lastname="Group1.Backend.CompositeBackend{Tier1}.4" />
</exclusive-start>
<af-start id="6380" threadId="000000000082D180" totalBytesRequested="24" timestamp="2020-09-12T18:59:17.874" intervalms="2042.123" type="nursery" />
<cycle-start id="6381" type="scavenge" contextid="0" timestamp="2020-09-12T18:59:17.874" intervalms="2042.050" />
<gc-start id="6382" type="scavenge" contextid="6381" timestamp="2020-09-12T18:59:17.875">
  <mem-info id="6383" free="886936856" total="2911895552" percent="30">
    <mem type="nursery" free="0" total="939524096" percent="0">
      <mem type="allocate" free="0" total="790102016" percent="0" />
      <mem type="survivor" free="0" total="149422080" percent="0" />
    </mem>
    <mem type="tenure" free="886936856" total="1972371456" percent="44">
      <mem type="soa" free="867212568" total="1952647168" percent="44" />
      <mem type="loa" free="19724288" total="19724288" percent="100" />
    </mem>
    <remembered-set count="187780" />
  </mem-info>
</gc-start>
<allocation-stats totalBytes="676394752" >
  <allocated-bytes non-tlh="34352424" tlh="642042328" />
  <largest-consumer threadName="Group1.Backend.CompositeBackend{Tier1}.7" threadId="00000000008AAD00" bytes="91044424" />
</allocation-stats>
<gc-op id="6384" type="scavenge" timems="93.133" contextid="6381" timestamp="2020-09-12T18:59:17.968">
  <scavenger-info tenureage="3" tenuremask="7ff8" tiltratio="84" />
  <memory-copied type="nursery" objects="3988213" bytes="106970216" bytesdiscarded="129824" />
  <memory-copied type="tenure" objects="1090799" bytes="29310184" bytesdiscarded="83408" />
  <ownableSynchronizers candidates="3758" cleared="3487" />
  <references type="soft" candidates="130" cleared="0" enqueued="0" dynamicThreshold="17" maxThreshold="32" />
  <references type="weak" candidates="113" cleared="113" enqueued="0" />
</gc-op>
<gc-end id="6385" type="scavenge" contextid="6381" durationms="94.326" usertimems="717.939" systemtimems="0.000" timestamp="2020-09-12T18:59:17.969" activeThreads="8">
  <mem-info id="6386" free="1544814184" total="2911895552" percent="53">
    <mem type="nursery" free="687444992" total="939524096" percent="73">
      <mem type="allocate" free="687444992" total="794624000" percent="86" />
      <mem type="survivor" free="0" total="144900096" percent="0" />
    </mem>
    <mem type="tenure" free="857369192" total="1972371456" percent="43" macro-fragmented="0">
      <mem type="soa" free="837644904" total="1952647168" percent="42" />
      <mem type="loa" free="19724288" total="19724288" percent="100" />
    </mem>
    <remembered-set count="28228" />
  </mem-info>
</gc-end>
<cycle-end id="6387" type="scavenge" contextid="6381" timestamp="2020-09-12T18:59:17.971" />
<allocation-satisfied id="6388" threadId="000000000082C800" bytesRequested="24" />
<af-end id="6389" timestamp="2020-09-12T18:59:17.971" threadId="000000000082D180" success="true" from="nursery"/>
<exclusive-end id="6390" timestamp="2020-09-12T18:59:17.971" durationms="97.343" />

<exclusive-start id="6391" timestamp="2020-09-12T18:59:19.903" intervalms="2029.738">
  <response-info timems="0.298" idlems="0.152" threads="1" lastid="00000000007F7500" lastname="Group1.Backend.CompositeBackend{Tier1}.2" />
</exclusive-start>
<af-start id="6392" threadId="0000000000782680" totalBytesRequested="72" timestamp="2020-09-12T18:59:19.904" intervalms="2029.653" type="nursery" />
<cycle-start id="6393" type="scavenge" contextid="0" timestamp="2020-09-12T18:59:19.904" intervalms="2029.631" />
<gc-start id="6394" type="scavenge" contextid="6393" timestamp="2020-09-12T18:59:19.904">
  <mem-info id="6395" free="857369192" total="2911895552" percent="29">
    <mem type="nursery" free="0" total="939524096" percent="0">
      <mem type="allocate" free="0" total="794624000" percent="0" />
      <mem type="survivor" free="0" total="144900096" percent="0" />
    </mem>
    <mem type="tenure" free="857369192" total="1972371456" percent="43">
      <mem type="soa" free="837644904" total="1952647168" percent="42" />
      <mem type="loa" free="19724288" total="19724288" percent="100" />
    </mem>
    <remembered-set count="192298" />
  </mem-info>
</gc-start>
<allocation-stats totalBytes="687115560" >
  <allocated-bytes non-tlh="31034456" tlh="656081104" />
  <largest-consumer threadName="Group1.Backend.CompositeBackend{Tier1}.3" threadId="0000000000847B00" bytes="104925304" />
</allocation-stats>
<gc-op id="6396" type="scavenge" timems="108.956" contextid="6393" timestamp="2020-09-12T18:59:20.013">
  <scavenger-info tenureage="3" tenuremask="7ff8" tiltratio="84" />
  <memory-copied type="nursery" objects="4439114" bytes="117837824" bytesdiscarded="130472" />
  <memory-copied type="tenure" objects="1056333" bytes="28418144" bytesdiscarded="85888" />
  <ownableSynchronizers candidates="4348" cleared="4091" />
  <references type="soft" candidates="152" cleared="0" enqueued="0" dynamicThreshold="17" maxThreshold="32" />
  <references type="weak" candidates="103" cleared="103" enqueued="0" />
</gc-op>
<gc-end id="6397" type="scavenge" contextid="6393" durationms="109.998" usertimems="853.520" systemtimems="0.000" timestamp="2020-09-12T18:59:20.014" activeThreads="8">
  <mem-info id="6398" free="1506105352" total="2911895552" percent="51">
    <mem type="nursery" free="677161944" total="939524096" percent="72">
      <mem type="allocate" free="677161944" total="795213824" percent="85" />
      <mem type="survivor" free="0" total="144310272" percent="0" />
    </mem>
    <mem type="tenure" free="828943408" total="1972371456" percent="42" macro-fragmented="0">
      <mem type="soa" free="809219120" total="1952647168" percent="41" />
      <mem type="loa" free="19724288" total="19724288" percent="100" />
    </mem>
    <remembered-set count="31215" />
  </mem-info>
</gc-end>
<cycle-end id="6399" type="scavenge" contextid="6393" timestamp="2020-09-12T18:59:20.016" />
<allocation-satisfied id="6400" threadId="0000000000781D00" bytesRequested="72" />
<af-end id="6401" timestamp="2020-09-12T18:59:20.016" threadId="0000000000782680" success="true" from="nursery"/>
<exclusive-end id="6402" timestamp="2020-09-12T18:59:20.016" durationms="112.672" />

<exclusive-start id="6403" timestamp="2020-09-12T18:59:21.977" intervalms="2073.917">
  <response-info timems="0.653" idlems="0.330" threads="1" lastid="0000000000873800" lastname="Group1.Backend.CompositeBackend{Tier1}.5" />
</exclusive-start>
<af-start id="6404" threadId="00000000008AFD80" totalBytesRequested="24" timestamp="2020-09-12T18:59:21.978" intervalms="2073.857" type="nursery" />
<cycle-start id="6405" type="scavenge" contextid="0" timestamp="2020-09-12T18:59:21.978" intervalms="2073.857" />
<gc-start id="6406" type="scavenge" contextid="6405" timestamp="2020-09-12T18:59:21.978">
  <mem-info id="6407" free="828943408" total="2911895552" percent="28">
    <mem type="nursery" free="0" total="939524096" percent="0">
      <mem type="allocate" free="0" total="795213824" percent="0" />
      <mem type="survivor" free="0" total="144310272" percent="0" />
    </mem>
    <mem type="tenure" free="828943408" total="1972371456" percent="42">
      <mem type="soa" free="809219120" total="1952647168" percent="41" />
      <mem type="loa" free="19724288" total="19724288" percent="100" />
    </mem>
    <remembered-set count="193024" />
  </mem-info>
</gc-start>
<allocation-stats totalBytes="676844104" >
  <allocated-bytes non-tlh="32371192" tlh="644472912" />
  <largest-consumer threadName="Group1.Backend.CompositeBackend{Tier1}.7" threadId="00000000008AAD00" bytes="95028712" />
</allocation-stats>
<gc-op id="6408" type="scavenge" timems="118.322" contextid="6405" timestamp="2020-09-12T18:59:22.097">
  <scavenger-info tenureage="3" tenuremask="7ff8" tiltratio="84" />
  <memory-copied type="nursery" objects="4035432" bytes="108142352" bytesdiscarded="149720" />
  <memory-copied type="tenure" objects="1101846" bytes="29624496" bytesdiscarded="87696" />
  <ownableSynchronizers candidates="4150" cleared="3889" />
  <references type="soft" candidates="163" cleared="0" enqueued="0" dynamicThreshold="17" maxThreshold="32" />
  <references type="weak" candidates="113" cleared="113" enqueued="0" />
</gc-op>
<gc-end id="6409" type="scavenge" contextid="6405" durationms="119.378" usertimems="874.966" systemtimems="8.985" timestamp="2020-09-12T18:59:22.098" activeThreads="8">
  <mem-info id="6410" free="1488546264" total="2911895552" percent="51">
    <mem type="nursery" free="689263104" total="939524096" percent="73">
      <mem type="allocate" free="689263104" total="797638656" percent="86" />
      <mem type="survivor" free="0" total="141885440" percent="0" />
    </mem>
    <mem type="tenure" free="799283160" total="1972371456" percent="40" macro-fragmented="0">
      <mem type="soa" free="779558872" total="1952647168" percent="39" />
      <mem type="loa" free="19724288" total="19724288" percent="100" />
    </mem>
    <remembered-set count="31613" />
  </mem-info>
</gc-end>
<cycle-end id="6411" type="scavenge" contextid="6405" timestamp="2020-09-12T18:59:22.099" />
<allocation-satisfied id="6412" threadId="00000000008AF400" bytesRequested="24" />
<af-end id="6413" timestamp="2020-09-12T18:59:22.099" threadId="00000000008AFD80" success="true" from="nursery"/>
<exclusive-end id="6414" timestamp="2020-09-12T18:59:22.099" durationms="121.826" />

<exclusive-start id="6415" timestamp="2020-09-12T18:59:24.017" intervalms="2039.717">
  <response-info timems="0.682" idlems="0.682" threads="0" lastid="0000000000A8B500" lastname="Group1.Backend.CompositeBackend{Tier3}.4" />
</exclusive-start>
<af-start id="6416" threadId="0000000000A8BE80" totalBytesRequested="16" timestamp="2020-09-12T18:59:24.018" intervalms="2039.837" type="nursery" />
<cycle-start id="6417" type="scavenge" contextid="0" timestamp="2020-09-12T18:59:24.018" intervalms="2039.871" />
<gc-start id="6418" type="scavenge" contextid="6417" timestamp="2020-09-12T18:59:24.018">
  <mem-info id="6419" free="799283160" total="2911895552" percent="27">
    <mem type="nursery" free="0" total="939524096" percent="0">
      <mem type="allocate" free="0" total="797638656" percent="0" />
      <mem type="survivor" free="0" total="141885440" percent="0" />
    </mem>
    <mem type="tenure" free="799283160" total="1972371456" percent="40">
      <mem type="soa" free="779558872" total="1952647168" percent="39" />
      <mem type="loa" free="19724288" total="19724288" percent="100" />
    </mem>
    <remembered-set count="192819" />
  </mem-info>
</gc-start>
<allocation-stats totalBytes="688938376" >
  <allocated-bytes non-tlh="33992024" tlh="654946352" />
  <largest-consumer threadName="Group1.Backend.CompositeBackend{Tier1}.5" threadId="0000000000873800" bytes="101281904" />
</allocation-stats>
<gc-op id="6420" type="scavenge" timems="93.930" contextid="6417" timestamp="2020-09-12T18:59:24.112">
  <scavenger-info tenureage="3" tenuremask="7ff8" tiltratio="84" />
  <memory-copied type="nursery" objects="4168845" bytes="111511376" bytesdiscarded="136720" />
  <memory-copied type="tenure" objects="1060262" bytes="28504608" bytesdiscarded="90544" />
  <ownableSynchronizers candidates="4023" cleared="3757" />
  <references type="soft" candidates="169" cleared="0" enqueued="0" dynamicThreshold="17" maxThreshold="32" />
  <references type="weak" candidates="113" cleared="113" enqueued="0" />
</gc-op>
<gc-end id="6421" type="scavenge" contextid="6417" durationms="94.770" usertimems="694.721" systemtimems="0.000" timestamp="2020-09-12T18:59:24.113" activeThreads="8">
  <mem-info id="6422" free="1459128232" total="2911895552" percent="50">
    <mem type="nursery" free="688589816" total="939524096" percent="73">
      <mem type="allocate" free="688589816" total="800325632" percent="86" />
      <mem type="survivor" free="0" total="139198464" percent="0" />
    </mem>
    <mem type="tenure" free="770538416" total="1972371456" percent="39" macro-fragmented="0">
      <mem type="soa" free="750814128" total="1952647168" percent="38" />
      <mem type="loa" free="19724288" total="19724288" percent="100" />
    </mem>
    <remembered-set count="31670" />
  </mem-info>
</gc-end>
<cycle-end id="6423" type="scavenge" contextid="6417" timestamp="2020-09-12T18:59:24.114" />
<allocation-satisfied id="6424" threadId="0000000000A8B500" bytesRequested="16" />
<af-end id="6425" timestamp="2020-09-12T18:59:24.114" threadId="0000000000A8BE80" success="true" from="nursery"/>
<exclusive-end id="6426" timestamp="2020-09-12T18:59:24.114" durationms="96.829" />

<exclusive-start id="6427" timestamp="2020-09-12T18:59:26.088" intervalms="2070.866">
  <response-info timems="0.285" idlems="0.285" threads="0" lastid="00000000008A0000" lastname="Group1.Backend.CompositeBackend{Tier1}.6" />
</exclusive-start>
<af-start id="6428" threadId="00000000008A0980" totalBytesRequested="16" timestamp="2020-09-12T18:59:26.088" intervalms="2070.752" type="nursery" />
<cycle-start id="6429" type="scavenge" contextid="0" timestamp="2020-09-12T18:59:26.089" intervalms="2070.748" />
<gc-start id="6430" type="scavenge" contextid="6429" timestamp="2020-09-12T18:59:26.089">
  <mem-info id="6431" free="770538416" total="2911895552" percent="26">
    <mem type="nursery" free="0" total="939524096" percent="0">
      <mem type="allocate" free="0" total="800325632" percent="0" />
      <mem type="survivor" free="0" total="139198464" percent="0" />
    </mem>
    <mem type="tenure" free="770538416" total="1972371456" percent="39">
      <mem type="soa" free="750814128" total="1952647168" percent="38" />
      <mem type="loa" free="19724288" total="19724288" percent="100" />
    </mem>
    <remembered-set count="191683" />
  </mem-info>
</gc-start>
<allocation-stats totalBytes="688274312" >
  <allocated-bytes non-tlh="38079472" tlh="650194840" />
  <largest-consumer threadName="Group1.Backend.CompositeBackend{Tier1}.5" threadId="0000000000873800" bytes="119939168" />
</allocation-stats>
<gc-op id="6432" type="scavenge" timems="95.010" contextid="6429" timestamp="2020-09-12T18:59:26.184">
  <scavenger-info tenureage="3" tenuremask="7ff8" tiltratio="85" />
  <memory-copied type="nursery" objects="4056463" bytes="108851576" bytesdiscarded="189368" />
  <memory-copied type="tenure" objects="1093944" bytes="29373624" bytesdiscarded="112848" />
  <ownableSynchronizers candidates="3480" cleared="3219" />
  <references type="soft" candidates="166" cleared="0" enqueued="0" dynamicThreshold="17" maxThreshold="32" />
  <references type="weak" candidates="117" cleared="117" enqueued="0" />
</gc-op>
<gc-end id="6433" type="scavenge" contextid="6429" durationms="95.769" usertimems="693.174" systemtimems="0.000" timestamp="2020-09-12T18:59:26.185" activeThreads="8">
  <mem-info id="6434" free="1435272240" total="2911895552" percent="49">
    <mem type="nursery" free="694018504" total="939524096" percent="73">
      <mem type="allocate" free="694018504" total="803143680" percent="86" />
      <mem type="survivor" free="0" total="136380416" percent="0" />
    </mem>
    <mem type="tenure" free="741253736" total="1972371456" percent="37" macro-fragmented="0">
      <mem type="soa" free="721529448" total="1952647168" percent="36" />
      <mem type="loa" free="19724288" total="19724288" percent="100" />
    </mem>
    <remembered-set count="28557" />
  </mem-info>
</gc-end>
<cycle-end id="6435" type="scavenge" contextid="6429" timestamp="2020-09-12T18:59:26.186" />
<allocation-satisfied id="6436" threadId="00000000008A0000" bytesRequested="16" />
<af-end id="6437" timestamp="2020-09-12T18:59:26.186" threadId="00000000008A0980" success="true" from="nursery"/>
<exclusive-end id="6438" timestamp="2020-09-12T18:59:26.186" durationms="98.067" />

<exclusive-start id="6439" timestamp="2020-09-12T18:59:28.241" intervalms="2152.958">
  <response-info timems="0.448" idlems="0.448" threads="0" lastid="00000000008AF400" lastname="Group1.Backend.CompositeBackend{Tier1}.8" />
</exclusive-start>
<af-start id="6440" threadId="00000000008AFD80" totalBytesRequested="267216" timestamp="2020-09-12T18:59:28.241" intervalms="2153.010" type="nursery" />
<cycle-start id="6441" type="scavenge" contextid="0" timestamp="2020-09-12T18:59:28.242" intervalms="2152.982" />
<gc-start id="6442" type="scavenge" contextid="6441" timestamp="2020-09-12T18:59:28.242">
  <mem-info id="6443" free="741313648" total="2911895552" percent="25">
    <mem type="nursery" free="59912" total="939524096" percent="0">
      <mem type="allocate" free="59912" total="803143680" percent="0" />
      <mem type="survivor" free="0" total="136380416" percent="0" />
    </mem>
    <mem type="tenure" free="741253736" total="1972371456" percent="37">
      <mem type="soa" free="721529448" total="1952647168" percent="36" />
      <mem type="loa" free="19724288" total="19724288" percent="100" />
    </mem>
    <remembered-set count="195892" />
  </mem-info>
</gc-start>
<allocation-stats totalBytes="693607736" >
  <allocated-bytes non-tlh="23310328" tlh="670297408" />
  <largest-consumer threadName="Group1.Backend.CompositeBackend{Tier1}.2" threadId="00000000007F7500" bytes="133224064" />
</allocation-stats>
<gc-op id="6444" type="scavenge" timems="103.999" contextid="6441" timestamp="2020-09-12T18:59:28.346">
  <scavenger-info tenureage="3" tenuremask="7ff8" tiltratio="85" />
  <memory-copied type="nursery" objects="4448429" bytes="117929664" bytesdiscarded="556816" />
  <memory-copied type="tenure" objects="1074834" bytes="28883256" bytesdiscarded="81648" />
  <ownableSynchronizers candidates="3667" cleared="3419" />
  <references type="soft" candidates="153" cleared="0" enqueued="0" dynamicThreshold="17" maxThreshold="32" />
  <references type="weak" candidates="108" cleared="108" enqueued="0" />
</gc-op>
<gc-end id="6445" type="scavenge" contextid="6441" durationms="104.921" usertimems="816.692" systemtimems="2.899" timestamp="2020-09-12T18:59:28.347" activeThreads="8">
  <mem-info id="6446" free="1391817056" total="2911895552" percent="47">
    <mem type="nursery" free="679854160" total="939524096" percent="72">
      <mem type="allocate" free="679854160" total="798425088" percent="85" />
      <mem type="survivor" free="0" total="141099008" percent="0" />
    </mem>
    <mem type="tenure" free="711962896" total="1972371456" percent="36" macro-fragmented="0">
      <mem type="soa" free="692238608" total="1952647168" percent="35" />
      <mem type="loa" free="19724288" total="19724288" percent="100" />
    </mem>
    <remembered-set count="29133" />
  </mem-info>
</gc-end>
<cycle-end id="6447" type="scavenge" contextid="6441" timestamp="2020-09-12T18:59:28.348" />
<allocation-satisfied id="6448" threadId="00000000008AF400" bytesRequested="267216" />
<af-end id="6449" timestamp="2020-09-12T18:59:28.348" threadId="00000000008AFD80" success="true" from="nursery"/>
<exclusive-end id="6450" timestamp="2020-09-12T18:59:28.348" durationms="107.345" />

<exclusive-start id="6451" timestamp="2020-09-12T18:59:30.305" intervalms="2064.320">
  <response-info timems="0.512" idlems="0.512" threads="0" lastid="000000000082C800" lastname="Group1.Backend.CompositeBackend{Tier1}.4" />
</exclusive-start>
<af-start id="6452" threadId="000000000082D180" totalBytesRequested="952" timestamp="2020-09-12T18:59:30.306" intervalms="2064.361" type="nursery" />
<cycle-start id="6453" type="scavenge" contextid="0" timestamp="2020-09-12T18:59:30.306" intervalms="2064.381" />
<gc-start id="6454" type="scavenge" contextid="6453" timestamp="2020-09-12T18:59:30.306">
  <mem-info id="6455" free="711962896" total="2911895552" percent="24">
    <mem type="nursery" free="0" total="939524096" percent="0">
      <mem type="allocate" free="0" total="798425088" percent="0" />
      <mem type="survivor" free="0" total="141099008" percent="0" />
    </mem>
    <mem type="tenure" free="711962896" total="1972371456" percent="36">
      <mem type="soa" free="692238608" total="1952647168" percent="35" />
      <mem type="loa" free="19724288" total="19724288" percent="100" />
    </mem>
    <remembered-set count="191408" />
  </mem-info>
</gc-start>
<allocation-stats totalBytes="679519256" >
  <allocated-bytes non-tlh="33149664" tlh="646369592" />
  <largest-consumer threadName="Group1.Backend.CompositeBackend{Tier1}.5" threadId="0000000000873800" bytes="123577312" />
</allocation-stats>
<gc-op id="6456" type="scavenge" timems="97.337" contextid="6453" timestamp="2020-09-12T18:59:30.404">
  <scavenger-info tenureage="3" tenuremask="7ff8" tiltratio="84" />
  <memory-copied type="nursery" objects="4030362" bytes="108232024" bytesdiscarded="106400" />
  <memory-copied type="tenure" objects="1070343" bytes="28910848" bytesdiscarded="98416" />
  <ownableSynchronizers candidates="3179" cleared="2949" />
  <references type="soft" candidates="150" cleared="0" enqueued="0" dynamicThreshold="17" maxThreshold="32" />
  <references type="weak" candidates="129" cleared="128" enqueued="0" />
</gc-op>
<gc-end id="6457" type="scavenge" contextid="6453" durationms="98.526" usertimems="695.065" systemtimems="0.000" timestamp="2020-09-12T18:59:30.405" activeThreads="8">
  <mem-info id="6458" free="1375059216" total="2911895552" percent="47">
    <mem type="nursery" free="691777536" total="939524096" percent="73">
      <mem type="allocate" free="691777536" total="800194560" percent="86" />
      <mem type="survivor" free="0" total="139329536" percent="0" />
    </mem>
    <mem type="tenure" free="683281680" total="1972371456" percent="34" macro-fragmented="0">
      <mem type="soa" free="663557392" total="1952647168" percent="33" />
      <mem type="loa" free="19724288" total="19724288" percent="100" />
    </mem>
    <remembered-set count="29622" />
  </mem-info>
</gc-end>
<cycle-end id="6459" type="scavenge" contextid="6453" timestamp="2020-09-12T18:59:30.407" />
<allocation-satisfied id="6460" threadId="000000000082C800" bytesRequested="952" />
<af-end id="6461" timestamp="2020-09-12T18:59:30.407" threadId="000000000082D180" success="true" from="nursery"/>
<exclusive-end id="6462" timestamp="2020-09-12T18:59:30.407" durationms="101.650" />

<exclusive-start id="6463" timestamp="2020-09-12T18:59:32.374" intervalms="2068.898">
  <response-info timems="0.392" idlems="0.392" threads="0" lastid="000000000082C800" lastname="Group1.Backend.CompositeBackend{Tier1}.4" />
</exclusive-start>
<af-start id="6464" threadId="000000000082D180" totalBytesRequested="32" timestamp="2020-09-12T18:59:32.375" intervalms="2068.838" type="nursery" />
<cycle-start id="6465" type="scavenge" contextid="0" timestamp="2020-09-12T18:59:32.375" intervalms="2068.854" />
<gc-start id="6466" type="scavenge" contextid="6465" timestamp="2020-09-12T18:59:32.375">
  <mem-info id="6467" free="683281680" total="2911895552" percent="23">
    <mem type="nursery" free="0" total="939524096" percent="0">
      <mem type="allocate" free="0" total="800194560" percent="0" />
      <mem type="survivor" free="0" total="139329536" percent="0" />
    </mem>
    <mem type="tenure" free="683281680" total="1972371456" percent="34">
      <mem type="soa" free="663557392" total="1952647168" percent="33" />
      <mem type="loa" free="19724288" total="19724288" percent="100" />
    </mem>
    <remembered-set count="192030" />
  </mem-info>
</gc-start>
<allocation-stats totalBytes="691465656" >
  <allocated-bytes non-tlh="36826992" tlh="654638664" />
  <largest-consumer threadName="Group1.Backend.CompositeBackend{Tier1}.4" threadId="000000000082C800" bytes="93784056" />
</allocation-stats>
<gc-op id="6468" type="scavenge" timems="97.480" contextid="6465" timestamp="2020-09-12T18:59:32.473">
  <scavenger-info tenureage="3" tenuremask="7ff8" tiltratio="85" />
  <memory-copied type="nursery" objects="4062308" bytes="109046736" bytesdiscarded="543184" />
  <memory-copied type="tenure" objects="1050032" bytes="28243024" bytesdiscarded="96560" />
  <ownableSynchronizers candidates="5002" cleared="4743" />
  <references type="soft" candidates="159" cleared="0" enqueued="0" dynamicThreshold="17" maxThreshold="32" />
  <references type="weak" candidates="123" cleared="123" enqueued="0" />
</gc-op>
<gc-end id="6469" type="scavenge" contextid="6465" durationms="98.298" usertimems="708.023" systemtimems="8.091" timestamp="2020-09-12T18:59:32.473" activeThreads="8">
  <mem-info id="6470" free="1348594368" total="2911895552" percent="46">
    <mem type="nursery" free="693799424" total="939524096" percent="73">
      <mem type="allocate" free="693799424" total="803471360" percent="86" />
      <mem type="survivor" free="0" total="136052736" percent="0" />
    </mem>
    <mem type="tenure" free="654794944" total="1972371456" percent="33" macro-fragmented="0">
      <mem type="soa" free="635070656" total="1952647168" percent="32" />
      <mem type="loa" free="19724288" total="19724288" percent="100" />
    </mem>
    <remembered-set count="31486" />
  </mem-info>
</gc-end>
<cycle-end id="6471" type="scavenge" contextid="6465" timestamp="2020-09-12T18:59:32.475" />
<allocation-satisfied id="6472" threadId="000000000082C800" bytesRequested="32" />
<af-end id="6473" timestamp="2020-09-12T18:59:32.475" threadId="000000000082D180" success="true" from="nursery"/>
<exclusive-end id="6474" timestamp="2020-09-12T18:59:32.475" durationms="100.985" />

<exclusive-start id="6475" timestamp="2020-09-12T18:59:34.480" intervalms="2106.206">
  <response-info timems="0.444" idlems="0.444" threads="0" lastid="00000000008AF400" lastname="Group1.Backend.CompositeBackend{Tier1}.8" />
</exclusive-start>
<af-start id="6476" threadId="00000000008AFD80" totalBytesRequested="16" timestamp="2020-09-12T18:59:34.481" intervalms="2106.175" type="nursery" />
<cycle-start id="6477" type="scavenge" contextid="0" timestamp="2020-09-12T18:59:34.481" intervalms="2106.139" />
<gc-start id="6478" type="scavenge" contextid="6477" timestamp="2020-09-12T18:59:34.481">
  <mem-info id="6479" free="654794944" total="2911895552" percent="22">
    <mem type="nursery" free="0" total="939524096" percent="0">
      <mem type="allocate" free="0" total="803471360" percent="0" />
      <mem type="survivor" free="0" total="136052736" percent="0" />
    </mem>
    <mem type="tenure" free="654794944" total="1972371456" percent="33">
      <mem type="soa" free="635070656" total="1952647168" percent="32" />
      <mem type="loa" free="19724288" total="19724288" percent="100" />
    </mem>
    <remembered-set count="196457" />
  </mem-info>
</gc-start>
<allocation-stats totalBytes="693473752" >
  <allocated-bytes non-tlh="32325952" tlh="661147800" />
  <largest-consumer threadName="Group1.Backend.CompositeBackend{Tier1}.2" threadId="00000000007F7500" bytes="122700408" />
</allocation-stats>
<gc-op id="6480" type="scavenge" timems="110.167" contextid="6477" timestamp="2020-09-12T18:59:34.591">
  <scavenger-info tenureage="3" tenuremask="7ff8" tiltratio="85" />
  <memory-copied type="nursery" objects="4205036" bytes="112016760" bytesdiscarded="181448" />
  <memory-copied type="tenure" objects="1151840" bytes="30979416" bytesdiscarded="99816" />
  <ownableSynchronizers candidates="3684" cleared="3438" />
  <references type="soft" candidates="184" cleared="0" enqueued="0" dynamicThreshold="17" maxThreshold="32" />
  <references type="weak" candidates="104" cleared="103" enqueued="0" />
</gc-op>
<gc-end id="6481" type="scavenge" contextid="6477" durationms="110.953" usertimems="828.177" systemtimems="0.000" timestamp="2020-09-12T18:59:34.592" activeThreads="8">
  <mem-info id="6482" free="1316414392" total="2911895552" percent="45">
    <mem type="nursery" free="692628728" total="939524096" percent="73">
      <mem type="allocate" free="692628728" total="804913152" percent="86" />
      <mem type="survivor" free="0" total="134610944" percent="0" />
    </mem>
    <mem type="tenure" free="623785664" total="1972371456" percent="31" macro-fragmented="0">
      <mem type="soa" free="604061376" total="1952647168" percent="30" />
      <mem type="loa" free="19724288" total="19724288" percent="100" />
    </mem>
    <remembered-set count="32992" />
  </mem-info>
</gc-end>
<cycle-end id="6483" type="scavenge" contextid="6477" timestamp="2020-09-12T18:59:34.594" />
<allocation-satisfied id="6484" threadId="00000000008AF400" bytesRequested="16" />
<af-end id="6485" timestamp="2020-09-12T18:59:34.594" threadId="00000000008AFD80" success="true" from="nursery"/>
<exclusive-end id="6486" timestamp="2020-09-12T18:59:34.594" durationms="114.109" />

<exclusive-start id="6487" timestamp="2020-09-12T18:59:36.644" intervalms="2163.972">
  <response-info timems="0.504" idlems="0.504" threads="0" lastid="00000000008AF400" lastname="Group1.Backend.CompositeBackend{Tier1}.8" />
</exclusive-start>
<af-start id="6488" threadId="00000000008AFD80" totalBytesRequested="664" timestamp="2020-09-12T18:59:36.645" intervalms="2164.177" type="nursery" />
<cycle-start id="6489" type="scavenge" contextid="0" timestamp="2020-09-12T18:59:36.645" intervalms="2164.216" />
<gc-start id="6490" type="scavenge" contextid="6489" timestamp="2020-09-12T18:59:36.645">
  <mem-info id="6491" free="623785664" total="2911895552" percent="21">
    <mem type="nursery" free="0" total="939524096" percent="0">
      <mem type="allocate" free="0" total="804913152" percent="0" />
      <mem type="survivor" free="0" total="134610944" percent="0" />
    </mem>
    <mem type="tenure" free="623785664" total="1972371456" percent="31">
      <mem type="soa" free="604061376" total="1952647168" percent="30" />
      <mem type="loa" free="19724288" total="19724288" percent="100" />
    </mem>
    <remembered-set count="198717" />
  </mem-info>
</gc-start>
<allocation-stats totalBytes="692273200" >
  <allocated-bytes non-tlh="29005936" tlh="663267264" />
  <largest-consumer threadName="Group1.Backend.CompositeBackend{Tier1}.4" threadId="000000000082C800" bytes="96736696" />
</allocation-stats>
<gc-op id="6492" type="scavenge" timems="111.906" contextid="6489" timestamp="2020-09-12T18:59:36.757">
  <scavenger-info tenureage="3" tenuremask="7ff8" tiltratio="85" />
  <memory-copied type="nursery" objects="4122644" bytes="110567800" bytesdiscarded="326032" />
  <memory-copied type="tenure" objects="1050468" bytes="28224240" bytesdiscarded="112656" />
  <ownableSynchronizers candidates="3126" cleared="2884" />
  <references type="soft" candidates="186" cleared="0" enqueued="0" dynamicThreshold="17" maxThreshold="32" />
  <references type="weak" candidates="120" cleared="117" enqueued="0" />
</gc-op>
<gc-end id="6493" type="scavenge" contextid="6489" durationms="112.727" usertimems="837.781" systemtimems="8.703" timestamp="2020-09-12T18:59:36.758" activeThreads="8">
  <mem-info id="6494" free="1291162608" total="2911895552" percent="44">
    <mem type="nursery" free="695763712" total="939524096" percent="74">
      <mem type="allocate" free="695763712" total="806748160" percent="86" />
      <mem type="survivor" free="0" total="132775936" percent="0" />
    </mem>
    <mem type="tenure" free="595398896" total="1972371456" percent="30" macro-fragmented="0">
      <mem type="soa" free="575674608" total="1952647168" percent="29" />
      <mem type="loa" free="19724288" total="19724288" percent="100" />
    </mem>
    <remembered-set count="32762" />
  </mem-info>
</gc-end>
<cycle-end id="6495" type="scavenge" contextid="6489" timestamp="2020-09-12T18:59:36.760" />
<allocation-satisfied id="6496" threadId="00000000008AF400" bytesRequested="664" />
<af-end id="6497" timestamp="2020-09-12T18:59:36.760" threadId="00000000008AFD80" success="true" from="nursery"/>
<exclusive-end id="6498" timestamp="2020-09-12T18:59:36.760" durationms="116.247" />

<exclusive-start id="6499" timestamp="2020-09-12T18:59:38.644" intervalms="1999.472">
  <response-info timems="0.510" idlems="0.510" threads="0" lastid="00000000008A0000" lastname="Group1.Backend.CompositeBackend{Tier1}.6" />
</exclusive-start>
<af-start id="6500" threadId="00000000008A0980" totalBytesRequested="1032" timestamp="2020-09-12T18:59:38.644" intervalms="1999.369" type="nursery" />
<cycle-start id="6501" type="scavenge" contextid="0" timestamp="2020-09-12T18:59:38.645" intervalms="1999.349" />
<gc-start id="6502" type="scavenge" contextid="6501" timestamp="2020-09-12T18:59:38.645">
  <mem-info id="6503" free="595398896" total="2911895552" percent="20">
    <mem type="nursery" free="0" total="939524096" percent="0">
      <mem type="allocate" free="0" total="806748160" percent="0" />
      <mem type="survivor" free="0" total="132775936" percent="0" />
    </mem>
    <mem type="tenure" free="595398896" total="1972371456" percent="30">
      <mem type="soa" free="575674608" total="1952647168" percent="29" />
      <mem type="loa" free="19724288" total="19724288" percent="100" />
    </mem>
    <remembered-set count="192751" />
  </mem-info>
</gc-start>
<allocation-stats totalBytes="695441904" >
  <allocated-bytes non-tlh="37799352" tlh="657642552" />
  <largest-consumer threadName="Group1.Backend.CompositeBackend{Tier1}.3" threadId="0000000000847B00" bytes="101948760" />
</allocation-stats>
<gc-op id="6504" type="scavenge" timems="105.867" contextid="6501" timestamp="2020-09-12T18:59:38.751">
  <scavenger-info tenureage="3" tenuremask="7ff8" tiltratio="85" />
  <memory-copied type="nursery" objects="4106432" bytes="110180888" bytesdiscarded="185376" />
  <memory-copied type="tenure" objects="1053943" bytes="28296560" bytesdiscarded="103920" />
  <ownableSynchronizers candidates="3945" cleared="3688" />
  <references type="soft" candidates="175" cleared="0" enqueued="0" dynamicThreshold="17" maxThreshold="32" />
  <references type="weak" candidates="117" cleared="117" enqueued="0" />
</gc-op>
<gc-end id="6505" type="scavenge" contextid="6501" durationms="106.705" usertimems="761.149" systemtimems="7.236" timestamp="2020-09-12T18:59:38.751" activeThreads="8">
  <mem-info id="6506" free="1265163424" total="2911895552" percent="43">
    <mem type="nursery" free="698063872" total="939524096" percent="74">
      <mem type="allocate" free="698063872" total="808517632" percent="86" />
      <mem type="survivor" free="0" total="131006464" percent="0" />
    </mem>
    <mem type="tenure" free="567099552" total="1972371456" percent="28" macro-fragmented="0">
      <mem type="soa" free="547375264" total="1952647168" percent="28" />
      <mem type="loa" free="19724288" total="19724288" percent="100" />
    </mem>
    <remembered-set count="31030" />
  </mem-info>
</gc-end>
<cycle-end id="6507" type="scavenge" contextid="6501" timestamp="2020-09-12T18:59:38.753" />
<allocation-satisfied id="6508" threadId="00000000008A0000" bytesRequested="1032" />
<af-end id="6509" timestamp="2020-09-12T18:59:38.753" threadId="00000000008A0980" success="true" from="nursery"/>
<exclusive-end id="6510" timestamp="2020-09-12T18:59:38.753" durationms="109.280" />

<exclusive-start id="6511" timestamp="2020-09-12T18:59:40.828" intervalms="2184.126">
  <response-info timems="0.321" idlems="0.321" threads="0" lastid="0000000000781D00" lastname="Group1.Backend.CompositeBackend{Tier1}.1" />
</exclusive-start>
<af-start id="6512" threadId="0000000000782680" totalBytesRequested="16" timestamp="2020-09-12T18:59:40.828" intervalms="2184.111" type="nursery" />
<cycle-start id="6513" type="scavenge" contextid="0" timestamp="2020-09-12T18:59:40.829" intervalms="2184.106" />
<gc-start id="6514" type="scavenge" contextid="6513" timestamp="2020-09-12T18:59:40.829">
  <mem-info id="6515" free="567099552" total="2911895552" percent="19">
    <mem type="nursery" free="0" total="939524096" percent="0">
      <mem type="allocate" free="0" total="808517632" percent="0" />
      <mem type="survivor" free="0" total="131006464" percent="0" />
    </mem>
    <mem type="tenure" free="567099552" total="1972371456" percent="28">
      <mem type="soa" free="547375264" total="1952647168" percent="28" />
      <mem type="loa" free="19724288" total="19724288" percent="100" />
    </mem>
    <remembered-set count="195944" />
  </mem-info>
</gc-start>
<allocation-stats totalBytes="697699144" >
  <allocated-bytes non-tlh="32030344" tlh="665668800" />
  <largest-consumer threadName="Group1.Backend.CompositeBackend{Tier1}.6" threadId="00000000008A0000" bytes="119398928" />
</allocation-stats>
<gc-op id="6516" type="scavenge" timems="150.377" contextid="6513" timestamp="2020-09-12T18:59:40.979">
  <scavenger-info tenureage="3" tenuremask="7ff8" tiltratio="86" />
  <memory-copied type="nursery" objects="4372592" bytes="117083248" bytesdiscarded="158576" />
  <memory-copied type="tenure" objects="1116148" bytes="29976496" bytesdiscarded="107880" />
  <ownableSynchronizers candidates="3999" cleared="3757" />
  <references type="soft" candidates="148" cleared="0" enqueued="0" dynamicThreshold="17" maxThreshold="32" />
  <references type="weak" candidates="102" cleared="102" enqueued="0" />
</gc-op>
<gc-end id="6517" type="scavenge" contextid="6513" durationms="151.195" usertimems="1078.167" systemtimems="20.601" timestamp="2020-09-12T18:59:40.980" activeThreads="8">
  <mem-info id="6518" free="1221911808" total="2911895552" percent="41">
    <mem type="nursery" free="684901272" total="939524096" percent="72">
      <mem type="allocate" free="684901272" total="802226176" percent="85" />
      <mem type="survivor" free="0" total="137297920" percent="0" />
    </mem>
    <mem type="tenure" free="537010536" total="1972371456" percent="27" macro-fragmented="0">
      <mem type="soa" free="517286248" total="1952647168" percent="26" />
      <mem type="loa" free="19724288" total="19724288" percent="100" />
    </mem>
    <remembered-set count="29934" />
  </mem-info>
</gc-end>
<cycle-end id="6519" type="scavenge" contextid="6513" timestamp="2020-09-12T18:59:40.981" />
<allocation-satisfied id="6520" threadId="0000000000781D00" bytesRequested="16" />
<af-end id="6521" timestamp="2020-09-12T18:59:40.981" threadId="0000000000782680" success="true" from="nursery"/>
<exclusive-end id="6522" timestamp="2020-09-12T18:59:40.981" durationms="153.623" />

<exclusive-start id="6523" timestamp="2020-09-12T18:59:42.899" intervalms="2070.924">
  <response-info timems="0.486" idlems="0.486" threads="0" lastid="00000000007F7500" lastname="Group1.Backend.CompositeBackend{Tier1}.2" />
</exclusive-start>
<af-start id="6524" threadId="00000000007F7E80" totalBytesRequested="24" timestamp="2020-09-12T18:59:42.899" intervalms="2071.006" type="nursery" />
<cycle-start id="6525" type="scavenge" contextid="0" timestamp="2020-09-12T18:59:42.900" intervalms="2071.027" />
<gc-start id="6526" type="scavenge" contextid="6525" timestamp="2020-09-12T18:59:42.900">
  <mem-info id="6527" free="537010536" total="2911895552" percent="18">
    <mem type="nursery" free="0" total="939524096" percent="0">
      <mem type="allocate" free="0" total="802226176" percent="0" />
      <mem type="survivor" free="0" total="137297920" percent="0" />
    </mem>
    <mem type="tenure" free="537010536" total="1972371456" percent="27">
      <mem type="soa" free="517286248" total="1952647168" percent="26" />
      <mem type="loa" free="19724288" total="19724288" percent="100" />
    </mem>
    <remembered-set count="192026" />
  </mem-info>
</gc-start>
<allocation-stats totalBytes="684559520" >
  <allocated-bytes non-tlh="34181344" tlh="650378176" />
  <largest-consumer threadName="Group1.Backend.CompositeBackend{Tier1}.5" threadId="0000000000873800" bytes="97032400" />
</allocation-stats>
<gc-op id="6528" type="scavenge" timems="117.830" contextid="6525" timestamp="2020-09-12T18:59:43.018">
  <scavenger-info tenureage="3" tenuremask="7ff8" tiltratio="85" />
  <memory-copied type="nursery" objects="4171228" bytes="111856672" bytesdiscarded="138208" />
  <memory-copied type="tenure" objects="1126132" bytes="30284368" bytesdiscarded="112928" />
  <ownableSynchronizers candidates="4140" cleared="3890" />
  <references type="soft" candidates="156" cleared="0" enqueued="0" dynamicThreshold="17" maxThreshold="32" />
  <references type="weak" candidates="117" cleared="117" enqueued="0" />
</gc-op>
<gc-end id="6529" type="scavenge" contextid="6525" durationms="118.834" usertimems="874.168" systemtimems="14.441" timestamp="2020-09-12T18:59:43.019" activeThreads="8">
  <mem-info id="6530" free="1197997304" total="2911895552" percent="41">
    <mem type="nursery" free="691328648" total="939524096" percent="73">
      <mem type="allocate" free="691328648" total="803405824" percent="86" />
      <mem type="survivor" free="0" total="136118272" percent="0" />
    </mem>
    <mem type="tenure" free="506668656" total="1972371456" percent="25" macro-fragmented="0">
      <mem type="soa" free="486944368" total="1952647168" percent="24" />
      <mem type="loa" free="19724288" total="19724288" percent="100" />
    </mem>
    <remembered-set count="30528" />
  </mem-info>
</gc-end>
<cycle-end id="6531" type="scavenge" contextid="6525" timestamp="2020-09-12T18:59:43.020" />
<allocation-satisfied id="6532" threadId="00000000007F7500" bytesRequested="24" />
<af-end id="6533" timestamp="2020-09-12T18:59:43.021" threadId="00000000007F7E80" success="true" from="nursery"/>
<exclusive-end id="6534" timestamp="2020-09-12T18:59:43.021" durationms="121.882" />

<exclusive-start id="6535" timestamp="2020-09-12T18:59:44.984" intervalms="2085.090">
  <response-info timems="0.435" idlems="0.435" threads="0" lastid="00000000008AF400" lastname="Group1.Backend.CompositeBackend{Tier1}.8" />
</exclusive-start>
<af-start id="6536" threadId="00000000008AFD80" totalBytesRequested="96" timestamp="2020-09-12T18:59:44.984" intervalms="2084.957" type="nursery" />
<cycle-start id="6537" type="scavenge" contextid="0" timestamp="2020-09-12T18:59:44.985" intervalms="2084.958" />
<gc-start id="6538" type="scavenge" contextid="6537" timestamp="2020-09-12T18:59:44.985">
  <mem-info id="6539" free="506668656" total="2911895552" percent="17">
    <mem type="nursery" free="0" total="939524096" percent="0">
      <mem type="allocate" free="0" total="803405824" percent="0" />
      <mem type="survivor" free="0" total="136118272" percent="0" />
    </mem>
    <mem type="tenure" free="506668656" total="1972371456" percent="25">
      <mem type="soa" free="486944368" total="1952647168" percent="24" />
      <mem type="loa" free="19724288" total="19724288" percent="100" />
    </mem>
    <remembered-set count="194262" />
  </mem-info>
</gc-start>
<allocation-stats totalBytes="690999688" >
  <allocated-bytes non-tlh="32248656" tlh="658751032" />
  <largest-consumer threadName="Group1.Backend.CompositeBackend{Tier1}.2" threadId="00000000007F7500" bytes="117618368" />
</allocation-stats>
<gc-op id="6540" type="scavenge" timems="118.389" contextid="6537" timestamp="2020-09-12T18:59:45.103">
  <scavenger-info tenureage="3" tenuremask="7ff8" tiltratio="85" />
  <memory-copied type="nursery" objects="4244200" bytes="113310168" bytesdiscarded="205936" />
  <memory-copied type="tenure" objects="1050481" bytes="28254576" bytesdiscarded="109752" />
  <ownableSynchronizers candidates="3540" cleared="3286" />
  <references type="soft" candidates="165" cleared="0" enqueued="0" dynamicThreshold="17" maxThreshold="32" />
  <references type="weak" candidates="108" cleared="108" enqueued="0" />
</gc-op>
<gc-end id="6541" type="scavenge" contextid="6537" durationms="119.348" usertimems="862.841" systemtimems="8.922" timestamp="2020-09-12T18:59:45.104" activeThreads="8">
  <mem-info id="6542" free="1169659424" total="2911895552" percent="40">
    <mem type="nursery" free="691311080" total="939524096" percent="73">
      <mem type="allocate" free="691311080" total="804913152" percent="85" />
      <mem type="survivor" free="0" total="134610944" percent="0" />
    </mem>
    <mem type="tenure" free="478348344" total="1972371456" percent="24" macro-fragmented="0">
      <mem type="soa" free="458624056" total="1952647168" percent="23" />
      <mem type="loa" free="19724288" total="19724288" percent="100" />
    </mem>
    <remembered-set count="31436" />
  </mem-info>
</gc-end>
<cycle-end id="6543" type="scavenge" contextid="6537" timestamp="2020-09-12T18:59:45.112" />
<allocation-satisfied id="6544" threadId="00000000008AF400" bytesRequested="96" />
<af-end id="6545" timestamp="2020-09-12T18:59:45.112" threadId="00000000008AFD80" success="true" from="nursery"/>
<exclusive-end id="6546" timestamp="2020-09-12T18:59:45.112" durationms="128.076" />

<exclusive-start id="6547" timestamp="2020-09-12T18:59:47.031" intervalms="2047.596">
  <response-info timems="4.238" idlems="4.238" threads="0" lastid="000000000082C800" lastname="Group1.Backend.CompositeBackend{Tier1}.4" />
</exclusive-start>
<af-start id="6548" threadId="000000000082D180" totalBytesRequested="16" timestamp="2020-09-12T18:59:47.032" intervalms="2047.594" type="nursery" />
<cycle-start id="6549" type="scavenge" contextid="0" timestamp="2020-09-12T18:59:47.032" intervalms="2047.565" />
<gc-start id="6550" type="scavenge" contextid="6549" timestamp="2020-09-12T18:59:47.033">
  <mem-info id="6551" free="478348344" total="2911895552" percent="16">
    <mem type="nursery" free="0" total="939524096" percent="0">
      <mem type="allocate" free="0" total="804913152" percent="0" />
      <mem type="survivor" free="0" total="134610944" percent="0" />
    </mem>
    <mem type="tenure" free="478348344" total="1972371456" percent="24">
      <mem type="soa" free="458624056" total="1952647168" percent="23" />
      <mem type="loa" free="19724288" total="19724288" percent="100" />
    </mem>
    <remembered-set count="191997" />
  </mem-info>
</gc-start>
<allocation-stats totalBytes="690998360" >
  <allocated-bytes non-tlh="33844568" tlh="657153792" />
  <largest-consumer threadName="Group1.Backend.CompositeBackend{Tier1}.2" threadId="00000000007F7500" bytes="116860072" />
</allocation-stats>
<gc-op id="6552" type="scavenge" timems="108.530" contextid="6549" timestamp="2020-09-12T18:59:47.141">
  <scavenger-info tenureage="3" tenuremask="7ff8" tiltratio="85" />
  <memory-copied type="nursery" objects="4504789" bytes="118920144" bytesdiscarded="208584" />
  <memory-copied type="tenure" objects="1113466" bytes="29915464" bytesdiscarded="105824" />
  <ownableSynchronizers candidates="3880" cleared="3623" />
  <references type="soft" candidates="186" cleared="0" enqueued="0" dynamicThreshold="17" maxThreshold="32" />
  <references type="weak" candidates="123" cleared="123" enqueued="0" />
</gc-op>
<gc-end id="6553" type="scavenge" contextid="6549" durationms="109.580" usertimems="852.200" systemtimems="0.000" timestamp="2020-09-12T18:59:47.142" activeThreads="8">
  <mem-info id="6554" free="1130112432" total="2911895552" percent="38">
    <mem type="nursery" free="681766656" total="939524096" percent="72">
      <mem type="allocate" free="681766656" total="800980992" percent="85" />
      <mem type="survivor" free="0" total="138543104" percent="0" />
    </mem>
    <mem type="tenure" free="448345776" total="1972371456" percent="22" macro-fragmented="0">
      <mem type="soa" free="428621488" total="1952647168" percent="21" />
      <mem type="loa" free="19724288" total="19724288" percent="100" />
    </mem>
    <remembered-set count="28764" />
  </mem-info>
</gc-end>
<cycle-end id="6555" type="scavenge" contextid="6549" timestamp="2020-09-12T18:59:47.144" />
<allocation-satisfied id="6556" threadId="000000000082C800" bytesRequested="16" />
<af-end id="6557" timestamp="2020-09-12T18:59:47.144" threadId="000000000082D180" success="true" from="nursery"/>
<exclusive-end id="6558" timestamp="2020-09-12T18:59:47.144" durationms="112.274" />

<exclusive-start id="6559" timestamp="2020-09-12T18:59:49.093" intervalms="2061.240">
  <response-info timems="0.764" idlems="0.410" threads="1" lastid="00000000008AF400" lastname="Group1.Backend.CompositeBackend{Tier1}.8" />
</exclusive-start>
<af-start id="6560" threadId="0000000000874180" totalBytesRequested="32" timestamp="2020-09-12T18:59:49.093" intervalms="2061.260" type="nursery" />
<cycle-start id="6561" type="scavenge" contextid="0" timestamp="2020-09-12T18:59:49.093" intervalms="2061.292" />
<gc-start id="6562" type="scavenge" contextid="6561" timestamp="2020-09-12T18:59:49.094">
  <mem-info id="6563" free="448345776" total="2911895552" percent="15">
    <mem type="nursery" free="0" total="939524096" percent="0">
      <mem type="allocate" free="0" total="800980992" percent="0" />
      <mem type="survivor" free="0" total="138543104" percent="0" />
    </mem>
    <mem type="tenure" free="448345776" total="1972371456" percent="22">
      <mem type="soa" free="428621488" total="1952647168" percent="21" />
      <mem type="loa" free="19724288" total="19724288" percent="100" />
    </mem>
    <remembered-set count="191844" />
  </mem-info>
</gc-start>
<allocation-stats totalBytes="681431632" >
  <allocated-bytes non-tlh="30690264" tlh="650741368" />
  <largest-consumer threadName="Group1.Backend.CompositeBackend{Tier1}.7" threadId="00000000008AAD00" bytes="96209632" />
</allocation-stats>
<gc-op id="6564" type="scavenge" timems="116.382" contextid="6561" timestamp="2020-09-12T18:59:49.210">
  <scavenger-info tenureage="3" tenuremask="7ff8" tiltratio="85" />
  <memory-copied type="nursery" objects="4410853" bytes="117137568" bytesdiscarded="299928" />
  <memory-copied type="tenure" objects="1080087" bytes="29030776" bytesdiscarded="128000" />
  <ownableSynchronizers candidates="3951" cleared="3691" />
  <references type="soft" candidates="185" cleared="0" enqueued="0" dynamicThreshold="17" maxThreshold="32" />
  <references type="weak" candidates="117" cleared="117" enqueued="0" />
</gc-op>
<gc-end id="6565" type="scavenge" contextid="6561" durationms="117.512" usertimems="857.039" systemtimems="0.543" timestamp="2020-09-12T18:59:49.211" activeThreads="8">
  <mem-info id="6566" free="1103715704" total="2911895552" percent="37">
    <mem type="nursery" free="684504560" total="939524096" percent="72">
      <mem type="allocate" free="684504560" total="802029568" percent="85" />
      <mem type="survivor" free="0" total="137494528" percent="0" />
    </mem>
    <mem type="tenure" free="419211144" total="1972371456" percent="21" macro-fragmented="0">
      <mem type="soa" free="399486856" total="1952647168" percent="20" />
      <mem type="loa" free="19724288" total="19724288" percent="100" />
    </mem>
    <remembered-set count="29269" />
  </mem-info>
</gc-end>
<cycle-end id="6567" type="scavenge" contextid="6561" timestamp="2020-09-12T18:59:49.213" />
<allocation-satisfied id="6568" threadId="0000000000873800" bytesRequested="32" />
<af-end id="6569" timestamp="2020-09-12T18:59:49.213" threadId="0000000000874180" success="true" from="nursery"/>
<exclusive-end id="6570" timestamp="2020-09-12T18:59:49.213" durationms="120.282" />

<exclusive-start id="6571" timestamp="2020-09-12T18:59:51.215" intervalms="2121.964">
  <response-info timems="0.375" idlems="0.375" threads="0" lastid="00000000007F7500" lastname="Group1.Backend.CompositeBackend{Tier1}.2" />
</exclusive-start>
<af-start id="6572" threadId="00000000007F7E80" totalBytesRequested="16" timestamp="2020-09-12T18:59:51.215" intervalms="2121.877" type="nursery" />
<cycle-start id="6573" type="scavenge" contextid="0" timestamp="2020-09-12T18:59:51.215" intervalms="2121.835" />
<gc-start id="6574" type="scavenge" contextid="6573" timestamp="2020-09-12T18:59:51.216">
  <mem-info id="6575" free="419211144" total="2911895552" percent="14">
    <mem type="nursery" free="0" total="939524096" percent="0">
      <mem type="allocate" free="0" total="802029568" percent="0" />
      <mem type="survivor" free="0" total="137494528" percent="0" />
    </mem>
    <mem type="tenure" free="419211144" total="1972371456" percent="21">
      <mem type="soa" free="399486856" total="1952647168" percent="20" />
      <mem type="loa" free="19724288" total="19724288" percent="100" />
    </mem>
    <remembered-set count="192874" />
  </mem-info>
</gc-start>
<allocation-stats totalBytes="684178696" >
  <allocated-bytes non-tlh="31412320" tlh="652766376" />
  <largest-consumer threadName="Group1.Backend.CompositeBackend{Tier1}.5" threadId="0000000000873800" bytes="101629880" />
</allocation-stats>
<gc-op id="6576" type="scavenge" timems="87.373" contextid="6573" timestamp="2020-09-12T18:59:51.303">
  <scavenger-info tenureage="3" tenuremask="7ff8" tiltratio="85" />
  <memory-copied type="nursery" objects="4005302" bytes="107575080" bytesdiscarded="169624" />
  <memory-copied type="tenure" objects="1100338" bytes="29575888" bytesdiscarded="124176" />
  <ownableSynchronizers candidates="3541" cleared="3288" />
  <references type="soft" candidates="195" cleared="0" enqueued="0" dynamicThreshold="17" maxThreshold="32" />
  <references type="weak" candidates="121" cleared="121" enqueued="0" />
</gc-op>
<gc-end id="6577" type="scavenge" contextid="6573" durationms="88.386" usertimems="671.368" systemtimems="0.238" timestamp="2020-09-12T18:59:51.304" activeThreads="8">
  <mem-info id="6578" free="1084994512" total="2911895552" percent="37">
    <mem type="nursery" free="695516160" total="939524096" percent="74">
      <mem type="allocate" free="695516160" total="803340288" percent="86" />
      <mem type="survivor" free="0" total="136183808" percent="0" />
    </mem>
    <mem type="tenure" free="389478352" total="1972371456" percent="19" macro-fragmented="0">
      <mem type="soa" free="369754064" total="1952647168" percent="18" />
      <mem type="loa" free="19724288" total="19724288" percent="100" />
    </mem>
    <remembered-set count="29197" />
  </mem-info>
</gc-end>
<cycle-end id="6579" type="scavenge" contextid="6573" timestamp="2020-09-12T18:59:51.305" />
<allocation-satisfied id="6580" threadId="00000000007F7500" bytesRequested="16" />
<af-end id="6581" timestamp="2020-09-12T18:59:51.305" threadId="00000000007F7E80" success="true" from="nursery"/>
<exclusive-end id="6582" timestamp="2020-09-12T18:59:51.305" durationms="90.783" />

<exclusive-start id="6583" timestamp="2020-09-12T18:59:53.309" intervalms="2094.602">
  <response-info timems="0.828" idlems="0.828" threads="0" lastid="00000000008AF400" lastname="Group1.Backend.CompositeBackend{Tier1}.8" />
</exclusive-start>
<af-start id="6584" threadId="00000000008AFD80" totalBytesRequested="80" timestamp="2020-09-12T18:59:53.310" intervalms="2094.785" type="nursery" />
<cycle-start id="6585" type="scavenge" contextid="0" timestamp="2020-09-12T18:59:53.310" intervalms="2094.806" />
<gc-start id="6586" type="scavenge" contextid="6585" timestamp="2020-09-12T18:59:53.310">
  <mem-info id="6587" free="389478352" total="2911895552" percent="13">
    <mem type="nursery" free="0" total="939524096" percent="0">
      <mem type="allocate" free="0" total="803340288" percent="0" />
      <mem type="survivor" free="0" total="136183808" percent="0" />
    </mem>
    <mem type="tenure" free="389478352" total="1972371456" percent="19">
      <mem type="soa" free="369754064" total="1952647168" percent="18" />
      <mem type="loa" free="19724288" total="19724288" percent="100" />
    </mem>
    <remembered-set count="194447" />
  </mem-info>
</gc-start>
<allocation-stats totalBytes="695174296" >
  <allocated-bytes non-tlh="31541552" tlh="663632744" />
  <largest-consumer threadName="Group1.Backend.CompositeBackend{Tier1}.5" threadId="0000000000873800" bytes="123743320" />
</allocation-stats>
<gc-op id="6588" type="scavenge" timems="104.479" contextid="6585" timestamp="2020-09-12T18:59:53.415">
  <scavenger-info tenureage="3" tenuremask="7ff8" tiltratio="85" />
  <memory-copied type="nursery" objects="4085488" bytes="109685784" bytesdiscarded="342672" />
  <memory-copied type="tenure" objects="1065357" bytes="28655008" bytesdiscarded="115368" />
  <ownableSynchronizers candidates="4157" cleared="3890" />
  <references type="soft" candidates="193" cleared="0" enqueued="0" dynamicThreshold="17" maxThreshold="32" />
  <references type="weak" candidates="107" cleared="107" enqueued="0" />
</gc-op>
<gc-end id="6589" type="scavenge" contextid="6585" durationms="105.557" usertimems="771.287" systemtimems="11.511" timestamp="2020-09-12T18:59:53.416" activeThreads="8">
  <mem-info id="6590" free="1056164248" total="2911895552" percent="36">
    <mem type="nursery" free="695391744" total="939524096" percent="74">
      <mem type="allocate" free="695391744" total="805502976" percent="86" />
      <mem type="survivor" free="0" total="134021120" percent="0" />
    </mem>
    <mem type="tenure" free="360772504" total="1972371456" percent="18" macro-fragmented="0">
      <mem type="soa" free="341048216" total="1952647168" percent="17" />
      <mem type="loa" free="19724288" total="19724288" percent="100" />
    </mem>
    <remembered-set count="31244" />
  </mem-info>
</gc-end>
<cycle-end id="6591" type="scavenge" contextid="6585" timestamp="2020-09-12T18:59:53.418" />
<allocation-satisfied id="6592" threadId="00000000008AF400" bytesRequested="80" />
<af-end id="6593" timestamp="2020-09-12T18:59:53.418" threadId="00000000008AFD80" success="true" from="nursery"/>
<exclusive-end id="6594" timestamp="2020-09-12T18:59:53.418" durationms="108.619" />

<exclusive-start id="6595" timestamp="2020-09-12T18:59:55.382" intervalms="2073.277">
  <response-info timems="0.250" idlems="0.250" threads="0" lastid="0000000000781D00" lastname="Group1.Backend.CompositeBackend{Tier1}.1" />
</exclusive-start>
<af-start id="6596" threadId="0000000000782680" totalBytesRequested="16" timestamp="2020-09-12T18:59:55.383" intervalms="2073.129" type="nursery" />
<cycle-start id="6597" type="scavenge" contextid="0" timestamp="2020-09-12T18:59:55.383" intervalms="2073.104" />
<gc-start id="6598" type="scavenge" contextid="6597" timestamp="2020-09-12T18:59:55.384">
  <mem-info id="6599" free="360772504" total="2911895552" percent="12">
    <mem type="nursery" free="0" total="939524096" percent="0">
      <mem type="allocate" free="0" total="805502976" percent="0" />
      <mem type="survivor" free="0" total="134021120" percent="0" />
    </mem>
    <mem type="tenure" free="360772504" total="1972371456" percent="18">
      <mem type="soa" free="341048216" total="1952647168" percent="17" />
      <mem type="loa" free="19724288" total="19724288" percent="100" />
    </mem>
    <remembered-set count="194949" />
  </mem-info>
</gc-start>
<allocation-stats totalBytes="695059032" >
  <allocated-bytes non-tlh="32587888" tlh="662471144" />
  <largest-consumer threadName="Group1.Backend.CompositeBackend{Tier1}.5" threadId="0000000000873800" bytes="100849032" />
</allocation-stats>
<gc-op id="6600" type="scavenge" timems="111.425" contextid="6597" timestamp="2020-09-12T18:59:55.495">
  <scavenger-info tenureage="3" tenuremask="7ff8" tiltratio="85" />
  <memory-copied type="nursery" objects="4114930" bytes="110244816" bytesdiscarded="260392" />
  <memory-copied type="tenure" objects="1099044" bytes="29541440" bytesdiscarded="117168" />
  <ownableSynchronizers candidates="4437" cleared="4160" />
  <references type="soft" candidates="195" cleared="0" enqueued="0" dynamicThreshold="17" maxThreshold="32" />
  <references type="weak" candidates="132" cleared="132" enqueued="0" />
</gc-op>
<gc-end id="6601" type="scavenge" contextid="6597" durationms="112.378" usertimems="802.169" systemtimems="5.280" timestamp="2020-09-12T18:59:55.496" activeThreads="8">
  <mem-info id="6602" free="1027933088" total="2911895552" percent="35">
    <mem type="nursery" free="696881144" total="939524096" percent="74">
      <mem type="allocate" free="696881144" total="807469056" percent="86" />
      <mem type="survivor" free="0" total="132055040" percent="0" />
    </mem>
    <mem type="tenure" free="331051944" total="1972371456" percent="16" macro-fragmented="0">
      <mem type="soa" free="311327656" total="1952647168" percent="15" />
      <mem type="loa" free="19724288" total="19724288" percent="100" />
    </mem>
    <remembered-set count="31973" />
  </mem-info>
</gc-end>
<cycle-end id="6603" type="scavenge" contextid="6597" timestamp="2020-09-12T18:59:55.497" />
<allocation-satisfied id="6604" threadId="0000000000781D00" bytesRequested="16" />
<af-end id="6605" timestamp="2020-09-12T18:59:55.497" threadId="0000000000782680" success="true" from="nursery"/>
<exclusive-end id="6606" timestamp="2020-09-12T18:59:55.497" durationms="114.765" />

<exclusive-start id="6607" timestamp="2020-09-12T18:59:57.563" intervalms="2180.897">
  <response-info timems="0.287" idlems="0.147" threads="1" lastid="00000000008A0000" lastname="Group1.Backend.CompositeBackend{Tier1}.6" />
</exclusive-start>
<af-start id="6608" threadId="00000000008AFD80" totalBytesRequested="112" timestamp="2020-09-12T18:59:57.564" intervalms="2180.927" type="nursery" />
<cycle-start id="6609" type="scavenge" contextid="0" timestamp="2020-09-12T18:59:57.564" intervalms="2180.932" />
<gc-start id="6610" type="scavenge" contextid="6609" timestamp="2020-09-12T18:59:57.564">
  <mem-info id="6611" free="331051944" total="2911895552" percent="11">
    <mem type="nursery" free="0" total="939524096" percent="0">
      <mem type="allocate" free="0" total="807469056" percent="0" />
      <mem type="survivor" free="0" total="132055040" percent="0" />
    </mem>
    <mem type="tenure" free="331051944" total="1972371456" percent="16">
      <mem type="soa" free="311327656" total="1952647168" percent="15" />
      <mem type="loa" free="19724288" total="19724288" percent="100" />
    </mem>
    <remembered-set count="197314" />
  </mem-info>
</gc-start>
<allocation-stats totalBytes="696551760" >
  <allocated-bytes non-tlh="33170504" tlh="663381256" />
  <largest-consumer threadName="Group1.Backend.CompositeBackend{Tier1}.5" threadId="0000000000873800" bytes="120384848" />
</allocation-stats>
<gc-op id="6612" type="scavenge" timems="94.346" contextid="6609" timestamp="2020-09-12T18:59:57.659">
  <scavenger-info tenureage="3" tenuremask="7ff8" tiltratio="85" />
  <memory-copied type="nursery" objects="4148502" bytes="111142216" bytesdiscarded="333240" />
  <memory-copied type="tenure" objects="1098782" bytes="29540072" bytesdiscarded="118888" />
  <ownableSynchronizers candidates="3956" cleared="3688" />
  <references type="soft" candidates="182" cleared="0" enqueued="0" dynamicThreshold="17" maxThreshold="32" />
  <references type="weak" candidates="112" cleared="112" enqueued="0" />
</gc-op>
<gc-end id="6613" type="scavenge" contextid="6609" durationms="95.140" usertimems="679.496" systemtimems="0.000" timestamp="2020-09-12T18:59:57.659" activeThreads="8">
  <mem-info id="6614" free="998640912" total="2911895552" percent="34">
    <mem type="nursery" free="697214456" total="939524096" percent="74">
      <mem type="allocate" free="697214456" total="808779776" percent="86" />
      <mem type="survivor" free="0" total="130744320" percent="0" />
    </mem>
    <mem type="tenure" free="301426456" total="1972371456" percent="15" macro-fragmented="0">
      <mem type="soa" free="281702168" total="1952647168" percent="14" />
      <mem type="loa" free="19724288" total="19724288" percent="100" />
    </mem>
    <remembered-set count="33090" />
  </mem-info>
</gc-end>
<cycle-end id="6615" type="scavenge" contextid="6609" timestamp="2020-09-12T18:59:57.661" />
<allocation-satisfied id="6616" threadId="00000000008AF400" bytesRequested="112" />
<af-end id="6617" timestamp="2020-09-12T18:59:57.661" threadId="00000000008AFD80" success="true" from="nursery"/>
<exclusive-end id="6618" timestamp="2020-09-12T18:59:57.661" durationms="97.497" />

<exclusive-start id="6619" timestamp="2020-09-12T18:59:59.558" intervalms="1994.860">
  <response-info timems="0.390" idlems="0.390" threads="0" lastid="00000000008AF400" lastname="Group1.Backend.CompositeBackend{Tier1}.8" />
</exclusive-start>
<af-start id="6620" threadId="00000000008AFD80" totalBytesRequested="24" timestamp="2020-09-12T18:59:59.559" intervalms="1994.847" type="nursery" />
<cycle-start id="6621" type="scavenge" contextid="0" timestamp="2020-09-12T18:59:59.559" intervalms="1994.854" />
<gc-start id="6622" type="scavenge" contextid="6621" timestamp="2020-09-12T18:59:59.559">
  <mem-info id="6623" free="301426456" total="2911895552" percent="10">
    <mem type="nursery" free="0" total="939524096" percent="0">
      <mem type="allocate" free="0" total="808779776" percent="0" />
      <mem type="survivor" free="0" total="130744320" percent="0" />
    </mem>
    <mem type="tenure" free="301426456" total="1972371456" percent="15">
      <mem type="soa" free="281702168" total="1952647168" percent="14" />
      <mem type="loa" free="19724288" total="19724288" percent="100" />
    </mem>
    <remembered-set count="192033" />
  </mem-info>
</gc-start>
<allocation-stats totalBytes="696905896" >
  <allocated-bytes non-tlh="42203840" tlh="654702056" />
  <largest-consumer threadName="Group1.Backend.CompositeBackend{Tier1}.3" threadId="0000000000847B00" bytes="108240128" />
</allocation-stats>
<gc-op id="6624" type="scavenge" timems="101.356" contextid="6621" timestamp="2020-09-12T18:59:59.661">
  <scavenger-info tenureage="3" tenuremask="7ff8" tiltratio="86" />
  <memory-copied type="nursery" objects="4046332" bytes="108653128" bytesdiscarded="233240" />
  <memory-copied type="tenure" objects="1113875" bytes="29931616" bytesdiscarded="136432" />
  <ownableSynchronizers candidates="3493" cleared="3217" />
  <references type="soft" candidates="153" cleared="0" enqueued="0" dynamicThreshold="17" maxThreshold="32" />
  <references type="weak" candidates="123" cleared="123" enqueued="0" />
</gc-op>
<gc-end id="6625" type="scavenge" contextid="6621" durationms="102.227" usertimems="773.795" systemtimems="11.273" timestamp="2020-09-12T18:59:59.661" activeThreads="8">
  <mem-info id="6626" free="972387960" total="2911895552" percent="33">
    <mem type="nursery" free="701053360" total="939524096" percent="74">
      <mem type="allocate" free="701053360" total="810024960" percent="86" />
      <mem type="survivor" free="0" total="129499136" percent="0" />
    </mem>
    <mem type="tenure" free="271334600" total="1972371456" percent="13" macro-fragmented="0">
      <mem type="soa" free="251610312" total="1952647168" percent="12" />
      <mem type="loa" free="19724288" total="19724288" percent="100" />
    </mem>
    <remembered-set count="31732" />
  </mem-info>
</gc-end>
<cycle-end id="6627" type="scavenge" contextid="6621" timestamp="2020-09-12T18:59:59.663" />
<allocation-satisfied id="6628" threadId="00000000008AF400" bytesRequested="24" />
<af-end id="6629" timestamp="2020-09-12T18:59:59.663" threadId="00000000008AFD80" success="true" from="nursery"/>
<exclusive-end id="6630" timestamp="2020-09-12T18:59:59.663" durationms="104.735" />

<exclusive-start id="6631" timestamp="2020-09-12T19:00:01.720" intervalms="2161.366">
  <response-info timems="0.628" idlems="0.628" threads="0" lastid="00000000008AAD00" lastname="Group1.Backend.CompositeBackend{Tier1}.7" />
</exclusive-start>
<af-start id="6632" threadId="00000000008AB680" totalBytesRequested="16" timestamp="2020-09-12T19:00:01.720" intervalms="2161.511" type="nursery" />
<cycle-start id="6633" type="scavenge" contextid="0" timestamp="2020-09-12T19:00:01.721" intervalms="2161.515" />
<gc-start id="6634" type="scavenge" contextid="6633" timestamp="2020-09-12T19:00:01.721">
  <mem-info id="6635" free="271334600" total="2911895552" percent="9">
    <mem type="nursery" free="0" total="939524096" percent="0">
      <mem type="allocate" free="0" total="810024960" percent="0" />
      <mem type="survivor" free="0" total="129499136" percent="0" />
    </mem>
    <mem type="tenure" free="271334600" total="1972371456" percent="13">
      <mem type="soa" free="251610312" total="1952647168" percent="12" />
      <mem type="loa" free="19724288" total="19724288" percent="100" />
    </mem>
    <remembered-set count="197640" />
  </mem-info>
</gc-start>
<allocation-stats totalBytes="700713224" >
  <allocated-bytes non-tlh="26758912" tlh="673954312" />
  <largest-consumer threadName="Group1.Backend.CompositeBackend{Tier1}.8" threadId="00000000008AF400" bytes="116456440" />
</allocation-stats>
<gc-op id="6636" type="scavenge" timems="139.710" contextid="6633" timestamp="2020-09-12T19:00:01.861">
  <scavenger-info tenureage="3" tenuremask="7ff8" tiltratio="86" />
  <memory-copied type="nursery" objects="4104619" bytes="110241024" bytesdiscarded="335992" />
  <memory-copied type="tenure" objects="1073462" bytes="28843792" bytesdiscarded="127424" />
  <ownableSynchronizers candidates="4286" cleared="4025" />
  <references type="soft" candidates="154" cleared="0" enqueued="0" dynamicThreshold="17" maxThreshold="32" />
  <references type="weak" candidates="117" cleared="117" enqueued="0" />
</gc-op>
<gc-end id="6637" type="scavenge" contextid="6633" durationms="140.621" usertimems="949.234" systemtimems="28.944" timestamp="2020-09-12T19:00:01.861" activeThreads="8">
  <mem-info id="6638" free="942532488" total="2911895552" percent="32">
    <mem type="nursery" free="700217264" total="939524096" percent="74">
      <mem type="allocate" free="700217264" total="810876928" percent="86" />
      <mem type="survivor" free="0" total="128647168" percent="0" />
    </mem>
    <mem type="tenure" free="242315224" total="1972371456" percent="12" macro-fragmented="0">
      <mem type="soa" free="222590936" total="1952647168" percent="11" />
      <mem type="loa" free="19724288" total="19724288" percent="100" />
    </mem>
    <remembered-set count="31475" />
  </mem-info>
</gc-end>
<cycle-end id="6639" type="scavenge" contextid="6633" timestamp="2020-09-12T19:00:01.863" />
<allocation-satisfied id="6640" threadId="00000000008AAD00" bytesRequested="16" />
<af-end id="6641" timestamp="2020-09-12T19:00:01.863" threadId="00000000008AB680" success="true" from="nursery"/>
<exclusive-end id="6642" timestamp="2020-09-12T19:00:01.863" durationms="143.204" />

<exclusive-start id="6643" timestamp="2020-09-12T19:00:03.897" intervalms="2177.152">
  <response-info timems="1.068" idlems="1.068" threads="0" lastid="0000000000781D00" lastname="Group1.Backend.CompositeBackend{Tier1}.1" />
</exclusive-start>
<af-start id="6644" threadId="0000000000782680" totalBytesRequested="524296" timestamp="2020-09-12T19:00:03.898" intervalms="2177.128" type="nursery" />
<cycle-start id="6645" type="scavenge" contextid="0" timestamp="2020-09-12T19:00:03.898" intervalms="2177.165" />
<gc-start id="6646" type="scavenge" contextid="6645" timestamp="2020-09-12T19:00:03.898">
  <mem-info id="6647" free="242431168" total="2911895552" percent="8">
    <mem type="nursery" free="115944" total="939524096" percent="0">
      <mem type="allocate" free="115944" total="810876928" percent="0" />
      <mem type="survivor" free="0" total="128647168" percent="0" />
    </mem>
    <mem type="tenure" free="242315224" total="1972371456" percent="12">
      <mem type="soa" free="222590936" total="1952647168" percent="11" />
      <mem type="loa" free="19724288" total="19724288" percent="100" />
    </mem>
    <remembered-set count="195557" />
  </mem-info>
</gc-start>
<allocation-stats totalBytes="699756824" >
  <allocated-bytes non-tlh="29450952" tlh="670305872" />
  <largest-consumer threadName="Group1.Backend.CompositeBackend{Tier1}.7" threadId="00000000008AAD00" bytes="118256888" />
</allocation-stats>
<gc-op id="6648" type="scavenge" timems="143.667" contextid="6645" timestamp="2020-09-12T19:00:04.042">
  <scavenger-info tenureage="3" tenuremask="7ff8" tiltratio="86" />
  <memory-copied type="nursery" objects="4594801" bytes="121238536" bytesdiscarded="199296" />
  <memory-copied type="tenure" objects="1104904" bytes="29679152" bytesdiscarded="146608" />
  <ownableSynchronizers candidates="4341" cleared="4089" />
  <references type="soft" candidates="160" cleared="0" enqueued="0" dynamicThreshold="17" maxThreshold="32" />
  <references type="weak" candidates="99" cleared="99" enqueued="0" />
</gc-op>
<gc-end id="6649" type="scavenge" contextid="6645" durationms="144.813" usertimems="983.306" systemtimems="14.427" timestamp="2020-09-12T19:00:04.043" activeThreads="8">
  <mem-info id="6650" free="886257368" total="2911895552" percent="30">
    <mem type="nursery" free="673755872" total="939524096" percent="71">
      <mem type="allocate" free="673755872" total="795279360" percent="84" />
      <mem type="survivor" free="0" total="144244736" percent="0" />
    </mem>
    <mem type="tenure" free="212501496" total="1972371456" percent="10" macro-fragmented="0">
      <mem type="soa" free="192777208" total="1952647168" percent="9" />
      <mem type="loa" free="19724288" total="19724288" percent="100" />
    </mem>
    <remembered-set count="28191" />
  </mem-info>
</gc-end>
<cycle-end id="6651" type="scavenge" contextid="6645" timestamp="2020-09-12T19:00:04.067" />
<allocation-satisfied id="6652" threadId="0000000000781D00" bytesRequested="524296" />
<af-end id="6653" timestamp="2020-09-12T19:00:04.067" threadId="0000000000782680" success="true" from="nursery"/>
<exclusive-end id="6654" timestamp="2020-09-12T19:00:04.067" durationms="170.505" />

<exclusive-start id="6655" timestamp="2020-09-12T19:00:05.885" intervalms="1987.819">
  <response-info timems="0.472" idlems="0.472" threads="0" lastid="00000000008A0000" lastname="Group1.Backend.CompositeBackend{Tier1}.6" />
</exclusive-start>
<af-start id="6656" threadId="00000000008A0980" totalBytesRequested="664" timestamp="2020-09-12T19:00:05.885" intervalms="1987.656" type="nursery" />
<cycle-start id="6657" type="scavenge" contextid="0" timestamp="2020-09-12T19:00:05.885" intervalms="1987.612" />
<gc-start id="6658" type="scavenge" contextid="6657" timestamp="2020-09-12T19:00:05.886">
  <mem-info id="6659" free="212501496" total="2911895552" percent="7">
    <mem type="nursery" free="0" total="939524096" percent="0">
      <mem type="allocate" free="0" total="795279360" percent="0" />
      <mem type="survivor" free="0" total="144244736" percent="0" />
    </mem>
    <mem type="tenure" free="212501496" total="1972371456" percent="10">
      <mem type="soa" free="192777208" total="1952647168" percent="9" />
      <mem type="loa" free="19724288" total="19724288" percent="100" />
    </mem>
    <remembered-set count="187437" />
  </mem-info>
</gc-start>
<allocation-stats totalBytes="673435232" >
  <allocated-bytes non-tlh="35838104" tlh="637597128" />
  <largest-consumer threadName="Group1.Backend.CompositeBackend{Tier1}.3" threadId="0000000000847B00" bytes="128122064" />
</allocation-stats>
<gc-op id="6660" type="scavenge" timems="130.951" contextid="6657" timestamp="2020-09-12T19:00:06.017">
  <scavenger-info tenureage="3" tenuremask="7ff8" tiltratio="84" />
  <memory-copied type="nursery" objects="4557787" bytes="120694096" bytesdiscarded="453288" />
  <memory-copied type="tenure" objects="1046569" bytes="28260848" bytesdiscarded="166680" />
  <ownableSynchronizers candidates="4277" cleared="4021" />
  <references type="soft" candidates="176" cleared="0" enqueued="0" dynamicThreshold="17" maxThreshold="32" />
  <references type="weak" candidates="118" cleared="117" enqueued="0" />
</gc-op>
<gc-end id="6661" type="scavenge" contextid="6657" durationms="132.576" usertimems="933.408" systemtimems="15.238" timestamp="2020-09-12T19:00:06.018" activeThreads="8">
  <mem-info id="6662" free="864960704" total="2911895552" percent="29">
    <mem type="nursery" free="680801024" total="939524096" percent="72">
      <mem type="allocate" free="680801024" total="802029568" percent="84" />
      <mem type="survivor" free="0" total="137494528" percent="0" />
    </mem>
    <mem type="tenure" free="184159680" total="1972371456" percent="9" macro-fragmented="0">
      <mem type="soa" free="164435392" total="1952647168" percent="8" />
      <mem type="loa" free="19724288" total="19724288" percent="100" />
    </mem>
    <remembered-set count="27917" />
  </mem-info>
</gc-end>
<cycle-end id="6663" type="scavenge" contextid="6657" timestamp="2020-09-12T19:00:06.019" />
<allocation-satisfied id="6664" threadId="00000000008A0000" bytesRequested="664" />
<af-end id="6665" timestamp="2020-09-12T19:00:06.019" threadId="00000000008A0980" success="true" from="nursery"/>
<exclusive-end id="6666" timestamp="2020-09-12T19:00:06.020" durationms="135.249" />

<exclusive-start id="6667" timestamp="2020-09-12T19:00:07.943" intervalms="2058.868">
  <response-info timems="0.470" idlems="0.470" threads="0" lastid="00000000008A0000" lastname="Group1.Backend.CompositeBackend{Tier1}.6" />
</exclusive-start>
<af-start id="6668" threadId="00000000008A0980" totalBytesRequested="1032" timestamp="2020-09-12T19:00:07.944" intervalms="2059.000" type="nursery" />
<cycle-start id="6669" type="scavenge" contextid="0" timestamp="2020-09-12T19:00:07.944" intervalms="2059.111" />
<gc-start id="6670" type="scavenge" contextid="6669" timestamp="2020-09-12T19:00:07.945">
  <mem-info id="6671" free="184159680" total="2911895552" percent="6">
    <mem type="nursery" free="0" total="939524096" percent="0">
      <mem type="allocate" free="0" total="802029568" percent="0" />
      <mem type="survivor" free="0" total="137494528" percent="0" />
    </mem>
    <mem type="tenure" free="184159680" total="1972371456" percent="9">
      <mem type="soa" free="164435392" total="1952647168" percent="8" />
      <mem type="loa" free="19724288" total="19724288" percent="100" />
    </mem>
    <remembered-set count="191249" />
  </mem-info>
</gc-start>
<allocation-stats totalBytes="680471312" >
  <allocated-bytes non-tlh="30969408" tlh="649501904" />
  <largest-consumer threadName="Group1.Backend.CompositeBackend{Tier1}.8" threadId="00000000008AF400" bytes="116785344" />
</allocation-stats>
<gc-op id="6672" type="scavenge" timems="90.973" contextid="6669" timestamp="2020-09-12T19:00:08.036">
  <scavenger-info tenureage="3" tenuremask="7ff8" tiltratio="85" />
  <memory-copied type="nursery" objects="4103363" bytes="110019168" bytesdiscarded="413064" />
  <memory-copied type="tenure" objects="1124545" bytes="30270760" bytesdiscarded="180272" />
  <ownableSynchronizers candidates="3742" cleared="3484" />
  <references type="soft" candidates="150" cleared="0" enqueued="0" dynamicThreshold="17" maxThreshold="32" />
  <references type="weak" candidates="109" cleared="108" enqueued="0" />
</gc-op>
<gc-end id="6673" type="scavenge" contextid="6669" durationms="91.762" usertimems="680.399" systemtimems="2.646" timestamp="2020-09-12T19:00:08.036" activeThreads="8">
  <mem-info id="6674" free="845645912" total="2911895552" percent="29">
    <mem type="nursery" free="691970816" total="939524096" percent="73">
      <mem type="allocate" free="691970816" total="802488320" percent="86" />
      <mem type="survivor" free="0" total="137035776" percent="0" />
    </mem>
    <mem type="tenure" free="153675096" total="1972371456" percent="7" macro-fragmented="0">
      <mem type="soa" free="133950808" total="1952647168" percent="6" />
      <mem type="loa" free="19724288" total="19724288" percent="100" />
    </mem>
    <remembered-set count="30329" />
  </mem-info>
</gc-end>
<cycle-end id="6675" type="scavenge" contextid="6669" timestamp="2020-09-12T19:00:08.038" />
<allocation-satisfied id="6676" threadId="00000000008A0000" bytesRequested="1032" />
<af-end id="6677" timestamp="2020-09-12T19:00:08.038" threadId="00000000008A0980" success="true" from="nursery"/>
<exclusive-end id="6678" timestamp="2020-09-12T19:00:08.038" durationms="94.214" />

<exclusive-start id="6679" timestamp="2020-09-12T19:00:10.063" intervalms="2119.326">
  <response-info timems="0.477" idlems="0.477" threads="0" lastid="0000000000781D00" lastname="Group1.Backend.CompositeBackend{Tier1}.1" />
</exclusive-start>
<af-start id="6680" threadId="0000000000782680" totalBytesRequested="48" timestamp="2020-09-12T19:00:10.064" intervalms="2119.344" type="nursery" />
<cycle-start id="6681" type="scavenge" contextid="0" timestamp="2020-09-12T19:00:10.064" intervalms="2119.282" />
<gc-start id="6682" type="scavenge" contextid="6681" timestamp="2020-09-12T19:00:10.064">
  <mem-info id="6683" free="153675096" total="2911895552" percent="5">
    <mem type="nursery" free="0" total="939524096" percent="0">
      <mem type="allocate" free="0" total="802488320" percent="0" />
      <mem type="survivor" free="0" total="137035776" percent="0" />
    </mem>
    <mem type="tenure" free="153675096" total="1972371456" percent="7">
      <mem type="soa" free="133950808" total="1952647168" percent="6" />
      <mem type="loa" free="19724288" total="19724288" percent="100" />
    </mem>
    <remembered-set count="193900" />
  </mem-info>
</gc-start>
<allocation-stats totalBytes="691648128" >
  <allocated-bytes non-tlh="33817400" tlh="657830728" />
  <largest-consumer threadName="Group1.Backend.CompositeBackend{Tier1}.3" threadId="0000000000847B00" bytes="128143632" />
</allocation-stats>
<gc-op id="6684" type="scavenge" timems="132.991" contextid="6681" timestamp="2020-09-12T19:00:10.197">
  <scavenger-info tenureage="3" tenuremask="7ff8" tiltratio="85" />
  <memory-copied type="nursery" objects="4130128" bytes="110289272" bytesdiscarded="191800" />
  <memory-copied type="tenure" objects="1126404" bytes="30288552" bytesdiscarded="158488" />
  <ownableSynchronizers candidates="3529" cleared="3285" />
  <references type="soft" candidates="148" cleared="0" enqueued="0" dynamicThreshold="17" maxThreshold="32" />
  <references type="weak" candidates="132" cleared="132" enqueued="0" />
</gc-op>
<gc-end id="6685" type="scavenge" contextid="6681" durationms="134.754" usertimems="905.956" systemtimems="25.087" timestamp="2020-09-12T19:00:10.199" activeThreads="8">
  <mem-info id="6686" free="817771672" total="2911895552" percent="28">
    <mem type="nursery" free="694542584" total="939524096" percent="73">
      <mem type="allocate" free="694542584" total="805109760" percent="86" />
      <mem type="survivor" free="0" total="134414336" percent="0" />
    </mem>
    <mem type="tenure" free="123229088" total="1972371456" percent="6" macro-fragmented="0">
      <mem type="soa" free="103504800" total="1952647168" percent="5" />
      <mem type="loa" free="19724288" total="19724288" percent="100" />
    </mem>
    <remembered-set count="30783" />
  </mem-info>
</gc-end>
<cycle-end id="6687" type="scavenge" contextid="6681" timestamp="2020-09-12T19:00:10.200" />
<allocation-satisfied id="6688" threadId="0000000000781D00" bytesRequested="48" />
<af-end id="6689" timestamp="2020-09-12T19:00:10.200" threadId="0000000000782680" success="true" from="nursery"/>
<exclusive-end id="6690" timestamp="2020-09-12T19:00:10.200" durationms="137.708" />

<exclusive-start id="6691" timestamp="2020-09-12T19:00:12.120" intervalms="2057.700">
  <response-info timems="0.446" idlems="0.446" threads="0" lastid="0000000000847B00" lastname="Group1.Backend.CompositeBackend{Tier1}.3" />
</exclusive-start>
<af-start id="6692" threadId="0000000000848480" totalBytesRequested="16" timestamp="2020-09-12T19:00:12.121" intervalms="2057.536" type="nursery" />
<cycle-start id="6693" type="scavenge" contextid="0" timestamp="2020-09-12T19:00:12.121" intervalms="2057.485" />
<gc-start id="6694" type="scavenge" contextid="6693" timestamp="2020-09-12T19:00:12.121">
  <mem-info id="6695" free="123229088" total="2911895552" percent="4">
    <mem type="nursery" free="0" total="939524096" percent="0">
      <mem type="allocate" free="0" total="805109760" percent="0" />
      <mem type="survivor" free="0" total="134414336" percent="0" />
    </mem>
    <mem type="tenure" free="123229088" total="1972371456" percent="6">
      <mem type="soa" free="103504800" total="1952647168" percent="5" />
      <mem type="loa" free="19724288" total="19724288" percent="100" />
    </mem>
    <remembered-set count="194114" />
  </mem-info>
</gc-start>
<allocation-stats totalBytes="694206408" >
  <allocated-bytes non-tlh="33032832" tlh="661173576" />
  <largest-consumer threadName="Group1.Backend.CompositeBackend{Tier1}.7" threadId="00000000008AAD00" bytes="113738800" />
</allocation-stats>
<gc-op id="6696" type="scavenge" timems="101.131" contextid="6693" timestamp="2020-09-12T19:00:12.223">
  <scavenger-info tenureage="3" tenuremask="7ff8" tiltratio="85" />
  <memory-copied type="nursery" objects="4206163" bytes="112245272" bytesdiscarded="130008" />
  <memory-copied type="tenure" objects="1068876" bytes="28739256" bytesdiscarded="166408" />
  <ownableSynchronizers candidates="3863" cleared="3622" />
  <references type="soft" candidates="149" cleared="0" enqueued="0" dynamicThreshold="17" maxThreshold="32" />
  <references type="weak" candidates="113" cleared="113" enqueued="0" />
</gc-op>
<gc-end id="6697" type="scavenge" contextid="6693" durationms="101.861" usertimems="726.096" systemtimems="0.098" timestamp="2020-09-12T19:00:12.223" activeThreads="8">
  <mem-info id="6698" free="788297712" total="2911895552" percent="27">
    <mem type="nursery" free="693954040" total="939524096" percent="73">
      <mem type="allocate" free="693954040" total="806420480" percent="86" />
      <mem type="survivor" free="0" total="133103616" percent="0" />
    </mem>
    <mem type="tenure" free="94343672" total="1972371456" percent="4" macro-fragmented="0">
      <mem type="soa" free="74619384" total="1952647168" percent="3" />
      <mem type="loa" free="19724288" total="19724288" percent="100" />
    </mem>
    <remembered-set count="31120" />
  </mem-info>
</gc-end>
<cycle-end id="6699" type="scavenge" contextid="6693" timestamp="2020-09-12T19:00:12.225" />
<allocation-satisfied id="6700" threadId="0000000000847B00" bytesRequested="16" />
<af-end id="6701" timestamp="2020-09-12T19:00:12.225" threadId="0000000000848480" success="true" from="nursery"/>
<exclusive-end id="6702" timestamp="2020-09-12T19:00:12.225" durationms="104.216" />

<exclusive-start id="6703" timestamp="2020-09-12T19:00:14.270" intervalms="2149.467">
  <response-info timems="2.666" idlems="2.658" threads="1" lastid="00000000008AAD00" lastname="Group1.Backend.CompositeBackend{Tier1}.7" />
</exclusive-start>
<af-start id="6704" threadId="00000000007F7E80" totalBytesRequested="24" timestamp="2020-09-12T19:00:14.271" intervalms="2149.492" type="nursery" />
<cycle-start id="6705" type="scavenge" contextid="0" timestamp="2020-09-12T19:00:14.271" intervalms="2149.490" />
<gc-start id="6706" type="scavenge" contextid="6705" timestamp="2020-09-12T19:00:14.271">
  <mem-info id="6707" free="94343672" total="2911895552" percent="3">
    <mem type="nursery" free="0" total="939524096" percent="0">
      <mem type="allocate" free="0" total="806420480" percent="0" />
      <mem type="survivor" free="0" total="133103616" percent="0" />
    </mem>
    <mem type="tenure" free="94343672" total="1972371456" percent="4">
      <mem type="soa" free="74619384" total="1952647168" percent="3" />
      <mem type="loa" free="19724288" total="19724288" percent="100" />
    </mem>
    <remembered-set count="194720" />
  </mem-info>
</gc-start>
<allocation-stats totalBytes="693592112" >
  <allocated-bytes non-tlh="30506632" tlh="663085480" />
  <largest-consumer threadName="Group1.Backend.CompositeBackend{Tier1}.7" threadId="00000000008AAD00" bytes="110422456" />
</allocation-stats>
<gc-op id="6708" type="scavenge" timems="122.508" contextid="6705" timestamp="2020-09-12T19:00:14.393">
  <scavenger-info tenureage="3" tenuremask="7ff8" tiltratio="85" />
  <memory-copied type="nursery" objects="4445012" bytes="117961640" bytesdiscarded="350144" />
  <memory-copied type="tenure" objects="1089887" bytes="29293808" bytesdiscarded="88592" />
  <ownableSynchronizers candidates="3930" cleared="3690" />
  <references type="soft" candidates="183" cleared="0" enqueued="0" dynamicThreshold="17" maxThreshold="32" />
  <references type="weak" candidates="93" cleared="93" enqueued="0" />
</gc-op>
<gc-end id="6709" type="scavenge" contextid="6705" durationms="124.971" usertimems="899.615" systemtimems="9.133" timestamp="2020-09-12T19:00:14.396" activeThreads="8">
  <mem-info id="6710" free="748543288" total="2911895552" percent="25">
    <mem type="nursery" free="683636272" total="939524096" percent="72">
      <mem type="allocate" free="683636272" total="802029568" percent="85" />
      <mem type="survivor" free="0" total="137494528" percent="0" />
    </mem>
    <mem type="tenure" free="64907016" total="1972371456" percent="3" macro-fragmented="0">
      <mem type="soa" free="45182728" total="1952647168" percent="2" />
      <mem type="loa" free="19724288" total="19724288" percent="100" />
    </mem>
    <remembered-set count="29802" />
  </mem-info>
</gc-end>
<cycle-end id="6711" type="scavenge" contextid="6705" timestamp="2020-09-12T19:00:14.397" />
<allocation-satisfied id="6712" threadId="00000000007F7500" bytesRequested="24" />
<af-end id="6713" timestamp="2020-09-12T19:00:14.397" threadId="00000000007F7E80" success="true" from="nursery"/>
<exclusive-end id="6714" timestamp="2020-09-12T19:00:14.397" durationms="127.471" />

<exclusive-start id="6715" timestamp="2020-09-12T19:00:16.344" intervalms="2074.339">
  <response-info timems="0.383" idlems="0.383" threads="0" lastid="00000000008AF400" lastname="Group1.Backend.CompositeBackend{Tier1}.8" />
</exclusive-start>
<af-start id="6716" threadId="00000000008AFD80" totalBytesRequested="131080" timestamp="2020-09-12T19:00:16.345" intervalms="2074.452" type="nursery" />
<cycle-start id="6717" type="scavenge" contextid="0" timestamp="2020-09-12T19:00:16.345" intervalms="2074.462" />
<gc-start id="6718" type="scavenge" contextid="6717" timestamp="2020-09-12T19:00:16.345">
  <mem-info id="6719" free="65033632" total="2911895552" percent="2">
    <mem type="nursery" free="126616" total="939524096" percent="0">
      <mem type="allocate" free="126616" total="802029568" percent="0" />
      <mem type="survivor" free="0" total="137494528" percent="0" />
    </mem>
    <mem type="tenure" free="64907016" total="1972371456" percent="3">
      <mem type="soa" free="45182728" total="1952647168" percent="2" />
      <mem type="loa" free="19724288" total="19724288" percent="100" />
    </mem>
    <remembered-set count="190960" />
  </mem-info>
</gc-start>
<allocation-stats totalBytes="683181376" >
  <allocated-bytes non-tlh="30730136" tlh="652451240" />
  <largest-consumer threadName="Group1.Backend.CompositeBackend{Tier1}.7" threadId="00000000008AAD00" bytes="130535416" />
</allocation-stats>
<gc-op id="6720" type="scavenge" timems="99.960" contextid="6717" timestamp="2020-09-12T19:00:16.445">
  <scavenger-info tenureage="3" tenuremask="7ff8" tiltratio="85" />
  <memory-copied type="nursery" objects="4098778" bytes="109829240" bytesdiscarded="136536" />
  <memory-copied type="tenure" objects="1065498" bytes="28617632" bytesdiscarded="27256" />
  <ownableSynchronizers candidates="4141" cleared="3889" />
  <references type="soft" candidates="180" cleared="0" enqueued="0" dynamicThreshold="17" maxThreshold="32" />
  <references type="weak" candidates="118" cleared="118" enqueued="0" />
</gc-op>
<gc-end id="6721" type="scavenge" contextid="6717" durationms="101.073" usertimems="739.895" systemtimems="6.086" timestamp="2020-09-12T19:00:16.446" activeThreads="8">
  <mem-info id="6722" free="729061680" total="2911895552" percent="25">
    <mem type="nursery" free="693095928" total="939524096" percent="73">
      <mem type="allocate" free="693095928" total="803143680" percent="86" />
      <mem type="survivor" free="0" total="136380416" percent="0" />
    </mem>
    <mem type="tenure" free="35965752" total="1972371456" percent="1" macro-fragmented="0">
      <mem type="soa" free="16241464" total="1952647168" percent="0" />
      <mem type="loa" free="19724288" total="19724288" percent="100" />
    </mem>
    <remembered-set count="28263" />
  </mem-info>
</gc-end>
<cycle-end id="6723" type="scavenge" contextid="6717" timestamp="2020-09-12T19:00:16.448" />
<allocation-satisfied id="6724" threadId="00000000008AF400" bytesRequested="131080" />
<af-end id="6725" timestamp="2020-09-12T19:00:16.448" threadId="00000000008AFD80" success="true" from="nursery"/>
<exclusive-end id="6726" timestamp="2020-09-12T19:00:16.448" durationms="104.041" />

<exclusive-start id="6727" timestamp="2020-09-12T19:00:18.468" intervalms="2124.086">
  <response-info timems="4.529" idlems="4.529" threads="0" lastid="0000000000847B00" lastname="Group1.Backend.CompositeBackend{Tier1}.3" />
</exclusive-start>
<af-start id="6728" threadId="0000000000848480" totalBytesRequested="16" timestamp="2020-09-12T19:00:18.469" intervalms="2123.926" type="nursery" />
<percolate-collect id="6729" from="nursery" to="global" reason="prevent tenure expand" timestamp="2020-09-12T19:00:18.469"/>
<cycle-start id="6730" type="global" contextid="0" timestamp="2020-09-12T19:00:18.469" intervalms="76264.838" />
<gc-start id="6731" type="global" contextid="6730" timestamp="2020-09-12T19:00:18.469">
  <mem-info id="6732" free="35965752" total="2911895552" percent="1">
    <mem type="nursery" free="0" total="939524096" percent="0">
      <mem type="allocate" free="0" total="803143680" percent="0" />
      <mem type="survivor" free="0" total="136380416" percent="0" />
    </mem>
    <mem type="tenure" free="35965752" total="1972371456" percent="1">
      <mem type="soa" free="16241464" total="1952647168" percent="0" />
      <mem type="loa" free="19724288" total="19724288" percent="100" />
    </mem>
    <remembered-set count="189861" />
  </mem-info>
</gc-start>
<allocation-stats totalBytes="692769168" >
  <allocated-bytes non-tlh="33956736" tlh="658812432" />
  <largest-consumer threadName="Group1.Backend.CompositeBackend{Tier1}.3" threadId="0000000000847B00" bytes="127113192" />
</allocation-stats>
<gc-op id="6733" type="mark" timems="598.684" contextid="6730" timestamp="2020-09-12T19:00:19.068">
  <trace-info objectcount="31251857" scancount="30272145" scanbytes="826008028" />
  <finalization candidates="150" enqueued="0" />
  <ownableSynchronizers candidates="595519" cleared="6322" />
  <references type="soft" candidates="725252" cleared="124" enqueued="101" dynamicThreshold="17" maxThreshold="32" />
  <references type="weak" candidates="4390" cleared="104" enqueued="0" />
  <references type="phantom" candidates="106" cleared="0" enqueued="0" />
  <stringconstants candidates="11053" cleared="278"  />
</gc-op>
<gc-op id="6734" type="sweep" timems="11.050" contextid="6730" timestamp="2020-09-12T19:00:19.079" />
<gc-end id="6735" type="global" contextid="6730" durationms="610.886" usertimems="4655.902" systemtimems="36.343" timestamp="2020-09-12T19:00:19.080" activeThreads="8">
  <mem-info id="6736" free="1708385944" total="2911895552" percent="58">
    <mem type="nursery" free="610080360" total="939524096" percent="64">
      <mem type="allocate" free="610080360" total="803143680" percent="75" />
      <mem type="survivor" free="0" total="136380416" percent="0" />
    </mem>
    <mem type="tenure" free="1098305584" total="1972371456" percent="55" micro-fragmented="109858175" macro-fragmented="0">
      <mem type="soa" free="1078581296" total="1952647168" percent="55" />
      <mem type="loa" free="19724288" total="19724288" percent="100" />
    </mem>
    <pending-finalizers system="0" default="0" reference="101" classloader="0" />
    <remembered-set count="184480" />
  </mem-info>
</gc-end>
<cycle-end id="6737" type="global" contextid="6730" timestamp="2020-09-12T19:00:19.081" />
<allocation-satisfied id="6738" threadId="0000000000847B00" bytesRequested="16" />
<af-end id="6739" timestamp="2020-09-12T19:00:19.081" threadId="0000000000848480" success="true" from="nursery"/>
<exclusive-end id="6740" timestamp="2020-09-12T19:00:19.081" durationms="613.094" />

<exclusive-start id="6741" timestamp="2020-09-12T19:00:20.173" intervalms="1704.176">
  <response-info timems="0.474" idlems="0.474" threads="0" lastid="00000000007F7500" lastname="Group1.Backend.CompositeBackend{Tier1}.2" />
</exclusive-start>
<af-start id="6742" threadId="00000000007F7E80" totalBytesRequested="524296" timestamp="2020-09-12T19:00:20.173" intervalms="1704.335" type="nursery" />
<cycle-start id="6743" type="scavenge" contextid="0" timestamp="2020-09-12T19:00:20.173" intervalms="3828.255" />
<gc-start id="6744" type="scavenge" contextid="6743" timestamp="2020-09-12T19:00:20.174">
  <mem-info id="6745" free="1166633032" total="2911895552" percent="40">
    <mem type="nursery" free="68327496" total="939524096" percent="7">
      <mem type="allocate" free="68327496" total="803143680" percent="8" />
      <mem type="survivor" free="0" total="136380416" percent="0" />
    </mem>
    <mem type="tenure" free="1098305536" total="1972371456" percent="55">
      <mem type="soa" free="1078581248" total="1952647168" percent="55" />
      <mem type="loa" free="19724288" total="19724288" percent="100" />
    </mem>
    <remembered-set count="235029" />
  </mem-info>
</gc-start>
<allocation-stats totalBytes="540006664" >
  <allocated-bytes non-tlh="27850088" tlh="512156576" />
  <largest-consumer threadName="Group1.Backend.CompositeBackend{Tier1}.4" threadId="000000000082C800" bytes="74375952" />
</allocation-stats>
<gc-op id="6746" type="scavenge" timems="156.510" contextid="6743" timestamp="2020-09-12T19:00:20.330">
  <scavenger-info tenureage="3" tenuremask="7ff8" tiltratio="85" />
  <memory-copied type="nursery" objects="5173873" bytes="136203432" bytesdiscarded="42680" />
  <memory-copied type="tenure" objects="1441305" bytes="38146376" bytesdiscarded="111920" />
  <copy-failed type="nursery" objects="413002" bytes="10521456" />
  <ownableSynchronizers candidates="1180300" cleared="1179998" />
  <references type="soft" candidates="100" cleared="0" enqueued="0" dynamicThreshold="17" maxThreshold="32" />
  <references type="weak" candidates="93" cleared="93" enqueued="0" />
</gc-op>
<gc-end id="6747" type="scavenge" contextid="6743" durationms="157.457" usertimems="1154.397" systemtimems="12.093" timestamp="2020-09-12T19:00:20.331" activeThreads="8">
  <mem-info id="6748" free="1657282896" total="2911895552" percent="56">
    <mem type="nursery" free="597426176" total="939524096" percent="63">
      <mem type="allocate" free="597426176" total="733806592" percent="81" />
      <mem type="survivor" free="0" total="205717504" percent="0" />
    </mem>
    <mem type="tenure" free="1059856720" total="1972371456" percent="53" macro-fragmented="0">
      <mem type="soa" free="1040132432" total="1952647168" percent="53" />
      <mem type="loa" free="19724288" total="19724288" percent="100" />
    </mem>
    <remembered-set count="38189" />
  </mem-info>
</gc-end>
<cycle-end id="6749" type="scavenge" contextid="6743" timestamp="2020-09-12T19:00:20.332" />
<allocation-satisfied id="6750" threadId="00000000007F7500" bytesRequested="524296" />
<af-end id="6751" timestamp="2020-09-12T19:00:20.333" threadId="00000000007F7E80" success="true" from="nursery"/>
<exclusive-end id="6752" timestamp="2020-09-12T19:00:20.333" durationms="160.088" />

<exclusive-start id="6753" timestamp="2020-09-12T19:00:21.913" intervalms="1740.617">
  <response-info timems="0.326" idlems="0.326" threads="0" lastid="0000000000873800" lastname="Group1.Backend.CompositeBackend{Tier1}.5" />
</exclusive-start>
<af-start id="6754" threadId="0000000000874180" totalBytesRequested="32" timestamp="2020-09-12T19:00:21.914" intervalms="1740.481" type="nursery" />
<cycle-start id="6755" type="scavenge" contextid="0" timestamp="2020-09-12T19:00:21.914" intervalms="1740.484" />
<gc-start id="6756" type="scavenge" contextid="6755" timestamp="2020-09-12T19:00:21.914">
  <mem-info id="6757" free="1059856720" total="2911895552" percent="36">
    <mem type="nursery" free="0" total="939524096" percent="0">
      <mem type="allocate" free="0" total="733806592" percent="0" />
      <mem type="survivor" free="0" total="205717504" percent="0" />
    </mem>
    <mem type="tenure" free="1059856720" total="1972371456" percent="53">
      <mem type="soa" free="1040132432" total="1952647168" percent="53" />
      <mem type="loa" free="19724288" total="19724288" percent="100" />
    </mem>
    <remembered-set count="193628" />
  </mem-info>
</gc-start>
<allocation-stats totalBytes="597120736" >
  <allocated-bytes non-tlh="27622560" tlh="569498176" />
  <largest-consumer threadName="Group1.Backend.CompositeBackend{Tier1}.2" threadId="00000000007F7500" bytes="86929880" />
</allocation-stats>
<gc-op id="6758" type="scavenge" timems="100.569" contextid="6755" timestamp="2020-09-12T19:00:22.015">
  <scavenger-info tenureage="3" tenuremask="7ff8" tiltratio="78" />
  <memory-copied type="nursery" objects="4624616" bytes="124305504" bytesdiscarded="139008" />
  <memory-copied type="tenure" objects="953114" bytes="25716208" bytesdiscarded="106800" />
  <ownableSynchronizers candidates="3028" cleared="2880" />
  <references type="soft" candidates="113" cleared="0" enqueued="0" dynamicThreshold="17" maxThreshold="32" />
  <references type="weak" candidates="108" cleared="108" enqueued="0" />
</gc-op>
<gc-end id="6759" type="scavenge" contextid="6755" durationms="101.324" usertimems="728.046" systemtimems="7.501" timestamp="2020-09-12T19:00:22.015" activeThreads="8">
  <mem-info id="6760" free="1651356912" total="2911895552" percent="56">
    <mem type="nursery" free="617611520" total="939524096" percent="65">
      <mem type="allocate" free="617611520" total="742129664" percent="83" />
      <mem type="survivor" free="0" total="197394432" percent="0" />
    </mem>
    <mem type="tenure" free="1033745392" total="1972371456" percent="52" macro-fragmented="0">
      <mem type="soa" free="1014021104" total="1952647168" percent="51" />
      <mem type="loa" free="19724288" total="19724288" percent="100" />
    </mem>
    <remembered-set count="37720" />
  </mem-info>
</gc-end>
<cycle-end id="6761" type="scavenge" contextid="6755" timestamp="2020-09-12T19:00:22.017" />
<allocation-satisfied id="6762" threadId="0000000000873800" bytesRequested="32" />
<af-end id="6763" timestamp="2020-09-12T19:00:22.017" threadId="0000000000874180" success="true" from="nursery"/>
<exclusive-end id="6764" timestamp="2020-09-12T19:00:22.017" durationms="103.630" />

<exclusive-start id="6765" timestamp="2020-09-12T19:00:23.772" intervalms="1859.101">
  <response-info timems="2.451" idlems="1.230" threads="1" lastid="0000000000847B00" lastname="Group1.Backend.CompositeBackend{Tier1}.3" />
</exclusive-start>
<af-start id="6766" threadId="000000000082D180" totalBytesRequested="32" timestamp="2020-09-12T19:00:23.773" intervalms="1859.206" type="nursery" />
<cycle-start id="6767" type="scavenge" contextid="0" timestamp="2020-09-12T19:00:23.773" intervalms="1859.203" />
<gc-start id="6768" type="scavenge" contextid="6767" timestamp="2020-09-12T19:00:23.773">
  <mem-info id="6769" free="1033745392" total="2911895552" percent="35">
    <mem type="nursery" free="0" total="939524096" percent="0">
      <mem type="allocate" free="0" total="742129664" percent="0" />
      <mem type="survivor" free="0" total="197394432" percent="0" />
    </mem>
    <mem type="tenure" free="1033745392" total="1972371456" percent="52">
      <mem type="soa" free="1014021104" total="1952647168" percent="51" />
      <mem type="loa" free="19724288" total="19724288" percent="100" />
    </mem>
    <remembered-set count="192528" />
  </mem-info>
</gc-start>
<allocation-stats totalBytes="617324216" >
  <allocated-bytes non-tlh="27475720" tlh="589848496" />
  <largest-consumer threadName="Group1.Backend.CompositeBackend{Tier1}.4" threadId="000000000082C800" bytes="96393464" />
</allocation-stats>
<gc-op id="6770" type="scavenge" timems="104.461" contextid="6767" timestamp="2020-09-12T19:00:23.878">
  <scavenger-info tenureage="3" tenuremask="7ff8" tiltratio="78" />
  <memory-copied type="nursery" objects="4595153" bytes="123433760" bytesdiscarded="213304" />
  <memory-copied type="tenure" objects="963800" bytes="26003392" bytesdiscarded="133880" />
  <ownableSynchronizers candidates="3789" cleared="3620" />
  <references type="soft" candidates="141" cleared="0" enqueued="0" dynamicThreshold="17" maxThreshold="32" />
  <references type="weak" candidates="118" cleared="118" enqueued="0" />
</gc-op>
<gc-end id="6771" type="scavenge" contextid="6767" durationms="105.232" usertimems="759.246" systemtimems="3.591" timestamp="2020-09-12T19:00:23.878" activeThreads="8">
  <mem-info id="6772" free="1637609880" total="2911895552" percent="56">
    <mem type="nursery" free="630009344" total="939524096" percent="67">
      <mem type="allocate" free="630009344" total="753729536" percent="83" />
      <mem type="survivor" free="0" total="185794560" percent="0" />
    </mem>
    <mem type="tenure" free="1007600536" total="1972371456" percent="51" macro-fragmented="0">
      <mem type="soa" free="987876248" total="1952647168" percent="50" />
      <mem type="loa" free="19724288" total="19724288" percent="100" />
    </mem>
    <remembered-set count="37428" />
  </mem-info>
</gc-end>
<cycle-end id="6773" type="scavenge" contextid="6767" timestamp="2020-09-12T19:00:23.887" />
<allocation-satisfied id="6774" threadId="000000000082C800" bytesRequested="32" />
<af-end id="6775" timestamp="2020-09-12T19:00:23.887" threadId="000000000082D180" success="true" from="nursery"/>
<exclusive-end id="6776" timestamp="2020-09-12T19:00:23.887" durationms="114.421" />

<exclusive-start id="6777" timestamp="2020-09-12T19:00:25.642" intervalms="1869.891">
  <response-info timems="0.417" idlems="0.417" threads="0" lastid="0000000000A80100" lastname="Group1.Backend.CompositeBackend{Tier3}.3" />
</exclusive-start>
<af-start id="6778" threadId="0000000000A80A80" totalBytesRequested="16" timestamp="2020-09-12T19:00:25.643" intervalms="1869.820" type="nursery" />
<cycle-start id="6779" type="scavenge" contextid="0" timestamp="2020-09-12T19:00:25.643" intervalms="1869.829" />
<gc-start id="6780" type="scavenge" contextid="6779" timestamp="2020-09-12T19:00:25.643">
  <mem-info id="6781" free="1007600536" total="2911895552" percent="34">
    <mem type="nursery" free="0" total="939524096" percent="0">
      <mem type="allocate" free="0" total="753729536" percent="0" />
      <mem type="survivor" free="0" total="185794560" percent="0" />
    </mem>
    <mem type="tenure" free="1007600536" total="1972371456" percent="51">
      <mem type="soa" free="987876248" total="1952647168" percent="50" />
      <mem type="loa" free="19724288" total="19724288" percent="100" />
    </mem>
    <remembered-set count="190467" />
  </mem-info>
</gc-start>
<allocation-stats totalBytes="629711800" >
  <allocated-bytes non-tlh="34058024" tlh="595653776" />
  <largest-consumer threadName="Group1.Backend.CompositeBackend{Tier1}.7" threadId="00000000008AAD00" bytes="86318216" />
</allocation-stats>
<gc-op id="6782" type="scavenge" timems="119.805" contextid="6779" timestamp="2020-09-12T19:00:25.763">
  <scavenger-info tenureage="3" tenuremask="7ff8" tiltratio="80" />
  <memory-copied type="nursery" objects="3806431" bytes="101880856" bytesdiscarded="247232" />
  <memory-copied type="tenure" objects="1824201" bytes="49208280" bytesdiscarded="140496" />
  <ownableSynchronizers candidates="3846" cleared="3622" />
  <references type="soft" candidates="152" cleared="0" enqueued="0" dynamicThreshold="17" maxThreshold="32" />
  <references type="weak" candidates="119" cleared="119" enqueued="0" />
</gc-op>
<gc-end id="6783" type="scavenge" contextid="6779" durationms="120.552" usertimems="888.011" systemtimems="7.683" timestamp="2020-09-12T19:00:25.764" activeThreads="8">
  <mem-info id="6784" free="1619418336" total="2911895552" percent="55">
    <mem type="nursery" free="661023224" total="939524096" percent="70">
      <mem type="allocate" free="661023224" total="763232256" percent="86" />
      <mem type="survivor" free="0" total="176291840" percent="0" />
    </mem>
    <mem type="tenure" free="958395112" total="1972371456" percent="48" macro-fragmented="0">
      <mem type="soa" free="938670824" total="1952647168" percent="48" />
      <mem type="loa" free="19724288" total="19724288" percent="100" />
    </mem>
    <remembered-set count="29466" />
  </mem-info>
</gc-end>
<cycle-end id="6785" type="scavenge" contextid="6779" timestamp="2020-09-12T19:00:25.773" />
<allocation-satisfied id="6786" threadId="0000000000A80100" bytesRequested="16" />
<af-end id="6787" timestamp="2020-09-12T19:00:25.773" threadId="0000000000A80A80" success="true" from="nursery"/>
<exclusive-end id="6788" timestamp="2020-09-12T19:00:25.773" durationms="131.031" />

<exclusive-start id="6789" timestamp="2020-09-12T19:00:27.690" intervalms="2047.994">
  <response-info timems="0.763" idlems="0.763" threads="0" lastid="000000000082C800" lastname="Group1.Backend.CompositeBackend{Tier1}.4" />
</exclusive-start>
<af-start id="6790" threadId="000000000082D180" totalBytesRequested="56" timestamp="2020-09-12T19:00:27.691" intervalms="2047.957" type="nursery" />
<cycle-start id="6791" type="scavenge" contextid="0" timestamp="2020-09-12T19:00:27.691" intervalms="2047.954" />
<gc-start id="6792" type="scavenge" contextid="6791" timestamp="2020-09-12T19:00:27.691">
  <mem-info id="6793" free="958395112" total="2911895552" percent="32">
    <mem type="nursery" free="0" total="939524096" percent="0">
      <mem type="allocate" free="0" total="763232256" percent="0" />
      <mem type="survivor" free="0" total="176291840" percent="0" />
    </mem>
    <mem type="tenure" free="958395112" total="1972371456" percent="48">
      <mem type="soa" free="938670824" total="1952647168" percent="48" />
      <mem type="loa" free="19724288" total="19724288" percent="100" />
    </mem>
    <remembered-set count="192081" />
  </mem-info>
</gc-start>
<allocation-stats totalBytes="660694856" >
  <allocated-bytes non-tlh="27116176" tlh="633578680" />
  <largest-consumer threadName="Group1.Backend.CompositeBackend{Tier1}.1" threadId="0000000000781D00" bytes="103514816" />
</allocation-stats>
<gc-op id="6794" type="scavenge" timems="99.453" contextid="6791" timestamp="2020-09-12T19:00:27.791">
  <scavenger-info tenureage="3" tenuremask="7ff8" tiltratio="81" />
  <memory-copied type="nursery" objects="4177835" bytes="110616632" bytesdiscarded="604592" />
  <memory-copied type="tenure" objects="998521" bytes="26830832" bytesdiscarded="88624" />
  <ownableSynchronizers candidates="3379" cleared="3151" />
  <references type="soft" candidates="160" cleared="0" enqueued="0" dynamicThreshold="17" maxThreshold="32" />
  <references type="weak" candidates="118" cleared="117" enqueued="0" />
</gc-op>
<gc-end id="6795" type="scavenge" contextid="6791" durationms="100.263" usertimems="775.502" systemtimems="0.000" timestamp="2020-09-12T19:00:27.791" activeThreads="8">
  <mem-info id="6796" free="1591927384" total="2911895552" percent="54">
    <mem type="nursery" free="660443488" total="939524096" percent="70">
      <mem type="allocate" free="660443488" total="771751936" percent="85" />
      <mem type="survivor" free="0" total="167772160" percent="0" />
    </mem>
    <mem type="tenure" free="931483896" total="1972371456" percent="47" macro-fragmented="0">
      <mem type="soa" free="911759608" total="1952647168" percent="46" />
      <mem type="loa" free="19724288" total="19724288" percent="100" />
    </mem>
    <remembered-set count="30134" />
  </mem-info>
</gc-end>
<cycle-end id="6797" type="scavenge" contextid="6791" timestamp="2020-09-12T19:00:27.793" />
<allocation-satisfied id="6798" threadId="000000000082C800" bytesRequested="56" />
<af-end id="6799" timestamp="2020-09-12T19:00:27.793" threadId="000000000082D180" success="true" from="nursery"/>
<exclusive-end id="6800" timestamp="2020-09-12T19:00:27.793" durationms="102.662" />

<exclusive-start id="6801" timestamp="2020-09-12T19:00:29.715" intervalms="2024.759">
  <response-info timems="0.456" idlems="0.456" threads="0" lastid="00000000007F7500" lastname="Group1.Backend.CompositeBackend{Tier1}.2" />
</exclusive-start>
<af-start id="6802" threadId="00000000007F7E80" totalBytesRequested="48" timestamp="2020-09-12T19:00:29.715" intervalms="2024.781" type="nursery" />
<cycle-start id="6803" type="scavenge" contextid="0" timestamp="2020-09-12T19:00:29.716" intervalms="2024.779" />
<gc-start id="6804" type="scavenge" contextid="6803" timestamp="2020-09-12T19:00:29.716">
  <mem-info id="6805" free="931483896" total="2911895552" percent="31">
    <mem type="nursery" free="0" total="939524096" percent="0">
      <mem type="allocate" free="0" total="771751936" percent="0" />
      <mem type="survivor" free="0" total="167772160" percent="0" />
    </mem>
    <mem type="tenure" free="931483896" total="1972371456" percent="47">
      <mem type="soa" free="911759608" total="1952647168" percent="46" />
      <mem type="loa" free="19724288" total="19724288" percent="100" />
    </mem>
    <remembered-set count="190186" />
  </mem-info>
</gc-start>
<allocation-stats totalBytes="660116512" >
  <allocated-bytes non-tlh="30542512" tlh="629574000" />
  <largest-consumer threadName="Group1.Backend.CompositeBackend{Tier1}.1" threadId="0000000000781D00" bytes="134986680" />
</allocation-stats>
<gc-op id="6806" type="scavenge" timems="95.323" contextid="6803" timestamp="2020-09-12T19:00:29.811">
  <scavenger-info tenureage="3" tenuremask="7ff8" tiltratio="82" />
  <memory-copied type="nursery" objects="3906706" bytes="104768608" bytesdiscarded="163728" />
  <memory-copied type="tenure" objects="999361" bytes="26840296" bytesdiscarded="83904" />
  <ownableSynchronizers candidates="5023" cleared="4762" />
  <references type="soft" candidates="161" cleared="0" enqueued="0" dynamicThreshold="17" maxThreshold="32" />
  <references type="weak" candidates="122" cleared="122" enqueued="0" />
</gc-op>
<gc-end id="6807" type="scavenge" contextid="6803" durationms="96.206" usertimems="686.319" systemtimems="0.000" timestamp="2020-09-12T19:00:29.812" activeThreads="8">
  <mem-info id="6808" free="1580209624" total="2911895552" percent="54">
    <mem type="nursery" free="675517440" total="939524096" percent="71">
      <mem type="allocate" free="675517440" total="780533760" percent="86" />
      <mem type="survivor" free="0" total="158990336" percent="0" />
    </mem>
    <mem type="tenure" free="904692184" total="1972371456" percent="45" macro-fragmented="0">
      <mem type="soa" free="884967896" total="1952647168" percent="45" />
      <mem type="loa" free="19724288" total="19724288" percent="100" />
    </mem>
    <remembered-set count="30145" />
  </mem-info>
</gc-end>
<cycle-end id="6809" type="scavenge" contextid="6803" timestamp="2020-09-12T19:00:29.813" />
<allocation-satisfied id="6810" threadId="00000000007F7500" bytesRequested="48" />
<af-end id="6811" timestamp="2020-09-12T19:00:29.814" threadId="00000000007F7E80" success="true" from="nursery"/>
<exclusive-end id="6812" timestamp="2020-09-12T19:00:29.814" durationms="98.662" />

<exclusive-start id="6813" timestamp="2020-09-12T19:00:31.710" intervalms="1994.814">
  <response-info timems="0.404" idlems="0.404" threads="0" lastid="00000000008AAD00" lastname="Group1.Backend.CompositeBackend{Tier1}.7" />
</exclusive-start>
<af-start id="6814" threadId="00000000008AB680" totalBytesRequested="16" timestamp="2020-09-12T19:00:31.710" intervalms="1994.821" type="nursery" />
<cycle-start id="6815" type="scavenge" contextid="0" timestamp="2020-09-12T19:00:31.710" intervalms="1994.819" />
<gc-start id="6816" type="scavenge" contextid="6815" timestamp="2020-09-12T19:00:31.711">
  <mem-info id="6817" free="904692184" total="2911895552" percent="31">
    <mem type="nursery" free="0" total="939524096" percent="0">
      <mem type="allocate" free="0" total="780533760" percent="0" />
      <mem type="survivor" free="0" total="158990336" percent="0" />
    </mem>
    <mem type="tenure" free="904692184" total="1972371456" percent="45">
      <mem type="soa" free="884967896" total="1952647168" percent="45" />
      <mem type="loa" free="19724288" total="19724288" percent="100" />
    </mem>
    <remembered-set count="190092" />
  </mem-info>
</gc-start>
<allocation-stats totalBytes="675204696" >
  <allocated-bytes non-tlh="33815888" tlh="641388808" />
  <largest-consumer threadName="Group1.Backend.CompositeBackend{Tier1}.2" threadId="00000000007F7500" bytes="103816720" />
</allocation-stats>
<gc-op id="6818" type="scavenge" timems="92.553" contextid="6815" timestamp="2020-09-12T19:00:31.803">
  <scavenger-info tenureage="3" tenuremask="7ff8" tiltratio="83" />
  <memory-copied type="nursery" objects="3982822" bytes="106814296" bytesdiscarded="181272" />
  <memory-copied type="tenure" objects="979453" bytes="26319360" bytesdiscarded="91016" />
  <ownableSynchronizers candidates="4777" cleared="4495" />
  <references type="soft" candidates="171" cleared="0" enqueued="0" dynamicThreshold="17" maxThreshold="32" />
  <references type="weak" candidates="108" cleared="108" enqueued="0" />
</gc-op>
<gc-end id="6819" type="scavenge" contextid="6815" durationms="93.336" usertimems="727.744" systemtimems="0.000" timestamp="2020-09-12T19:00:31.804" activeThreads="8">
  <mem-info id="6820" free="1559074416" total="2911895552" percent="53">
    <mem type="nursery" free="680862464" total="939524096" percent="72">
      <mem type="allocate" free="680862464" total="787939328" percent="86" />
      <mem type="survivor" free="0" total="151584768" percent="0" />
    </mem>
    <mem type="tenure" free="878211952" total="1972371456" percent="44" macro-fragmented="0">
      <mem type="soa" free="858487664" total="1952647168" percent="43" />
      <mem type="loa" free="19724288" total="19724288" percent="100" />
    </mem>
    <remembered-set count="30050" />
  </mem-info>
</gc-end>
<cycle-end id="6821" type="scavenge" contextid="6815" timestamp="2020-09-12T19:00:31.806" />
<allocation-satisfied id="6822" threadId="00000000008AAD00" bytesRequested="16" />
<af-end id="6823" timestamp="2020-09-12T19:00:31.806" threadId="00000000008AB680" success="true" from="nursery"/>
<exclusive-end id="6824" timestamp="2020-09-12T19:00:31.806" durationms="95.894" />

<exclusive-start id="6825" timestamp="2020-09-12T19:00:33.839" intervalms="2129.594">
  <response-info timems="0.439" idlems="0.439" threads="0" lastid="00000000008A0000" lastname="Group1.Backend.CompositeBackend{Tier1}.6" />
</exclusive-start>
<af-start id="6826" threadId="00000000008A0980" totalBytesRequested="24" timestamp="2020-09-12T19:00:33.840" intervalms="2129.657" type="nursery" />
<cycle-start id="6827" type="scavenge" contextid="0" timestamp="2020-09-12T19:00:33.840" intervalms="2129.655" />
<gc-start id="6828" type="scavenge" contextid="6827" timestamp="2020-09-12T19:00:33.840">
  <mem-info id="6829" free="878211952" total="2911895552" percent="30">
    <mem type="nursery" free="0" total="939524096" percent="0">
      <mem type="allocate" free="0" total="787939328" percent="0" />
      <mem type="survivor" free="0" total="151584768" percent="0" />
    </mem>
    <mem type="tenure" free="878211952" total="1972371456" percent="44">
      <mem type="soa" free="858487664" total="1952647168" percent="43" />
      <mem type="loa" free="19724288" total="19724288" percent="100" />
    </mem>
    <remembered-set count="193039" />
  </mem-info>
</gc-start>
<allocation-stats totalBytes="680523416" >
  <allocated-bytes non-tlh="29526712" tlh="650996704" />
  <largest-consumer threadName="Group1.Backend.CompositeBackend{Tier1}.1" threadId="0000000000781D00" bytes="106063992" />
</allocation-stats>
<gc-op id="6830" type="scavenge" timems="111.000" contextid="6827" timestamp="2020-09-12T19:00:33.952">
  <scavenger-info tenureage="3" tenuremask="7ff8" tiltratio="83" />
  <memory-copied type="nursery" objects="4020416" bytes="107954784" bytesdiscarded="168384" />
  <memory-copied type="tenure" objects="1087478" bytes="29220264" bytesdiscarded="99128" />
  <ownableSynchronizers candidates="4384" cleared="4093" />
  <references type="soft" candidates="178" cleared="0" enqueued="0" dynamicThreshold="17" maxThreshold="32" />
  <references type="weak" candidates="117" cleared="117" enqueued="0" />
</gc-op>
<gc-end id="6831" type="scavenge" contextid="6827" durationms="112.602" usertimems="790.205" systemtimems="11.209" timestamp="2020-09-12T19:00:33.953" activeThreads="8">
  <mem-info id="6832" free="1534632544" total="2911895552" percent="52">
    <mem type="nursery" free="685627792" total="939524096" percent="72">
      <mem type="allocate" free="685627792" total="793837568" percent="86" />
      <mem type="survivor" free="0" total="145686528" percent="0" />
    </mem>
    <mem type="tenure" free="849004752" total="1972371456" percent="43" macro-fragmented="0">
      <mem type="soa" free="829280464" total="1952647168" percent="42" />
      <mem type="loa" free="19724288" total="19724288" percent="100" />
    </mem>
    <remembered-set count="29068" />
  </mem-info>
</gc-end>
<cycle-end id="6833" type="scavenge" contextid="6827" timestamp="2020-09-12T19:00:33.955" />
<allocation-satisfied id="6834" threadId="00000000008A0000" bytesRequested="24" />
<af-end id="6835" timestamp="2020-09-12T19:00:33.955" threadId="00000000008A0980" success="true" from="nursery"/>
<exclusive-end id="6836" timestamp="2020-09-12T19:00:33.955" durationms="115.884" />

<exclusive-start id="6837" timestamp="2020-09-12T19:00:35.897" intervalms="2057.256">
  <response-info timems="0.266" idlems="0.266" threads="0" lastid="00000000007F7500" lastname="Group1.Backend.CompositeBackend{Tier1}.2" />
</exclusive-start>
<af-start id="6838" threadId="00000000007F7E80" totalBytesRequested="16" timestamp="2020-09-12T19:00:35.897" intervalms="2057.225" type="nursery" />
<cycle-start id="6839" type="scavenge" contextid="0" timestamp="2020-09-12T19:00:35.897" intervalms="2057.243" />
<gc-start id="6840" type="scavenge" contextid="6839" timestamp="2020-09-12T19:00:35.898">
  <mem-info id="6841" free="849004752" total="2911895552" percent="29">
    <mem type="nursery" free="0" total="939524096" percent="0">
      <mem type="allocate" free="0" total="793837568" percent="0" />
      <mem type="survivor" free="0" total="145686528" percent="0" />
    </mem>
    <mem type="tenure" free="849004752" total="1972371456" percent="43">
      <mem type="soa" free="829280464" total="1952647168" percent="42" />
      <mem type="loa" free="19724288" total="19724288" percent="100" />
    </mem>
    <remembered-set count="188792" />
  </mem-info>
</gc-start>
<allocation-stats totalBytes="685318584" >
  <allocated-bytes non-tlh="33713168" tlh="651605416" />
  <largest-consumer threadName="Group1.Backend.CompositeBackend{Tier1}.2" threadId="00000000007F7500" bytes="120212336" />
</allocation-stats>
<gc-op id="6842" type="scavenge" timems="92.687" contextid="6839" timestamp="2020-09-12T19:00:35.990">
  <scavenger-info tenureage="3" tenuremask="7ff8" tiltratio="84" />
  <memory-copied type="nursery" objects="4034549" bytes="108321456" bytesdiscarded="337072" />
  <memory-copied type="tenure" objects="1060474" bytes="28501120" bytesdiscarded="103000" />
  <ownableSynchronizers candidates="4328" cleared="4022" />
  <references type="soft" candidates="179" cleared="0" enqueued="0" dynamicThreshold="17" maxThreshold="32" />
  <references type="weak" candidates="119" cleared="118" enqueued="0" />
</gc-op>
<gc-end id="6843" type="scavenge" contextid="6839" durationms="93.504" usertimems="674.132" systemtimems="1.393" timestamp="2020-09-12T19:00:35.991" activeThreads="8">
  <mem-info id="6844" free="1510115704" total="2911895552" percent="51">
    <mem type="nursery" free="689881248" total="939524096" percent="73">
      <mem type="allocate" free="689881248" total="798621696" percent="86" />
      <mem type="survivor" free="0" total="140902400" percent="0" />
    </mem>
    <mem type="tenure" free="820234456" total="1972371456" percent="41" macro-fragmented="0">
      <mem type="soa" free="800510168" total="1952647168" percent="40" />
      <mem type="loa" free="19724288" total="19724288" percent="100" />
    </mem>
    <remembered-set count="28228" />
  </mem-info>
</gc-end>
<cycle-end id="6845" type="scavenge" contextid="6839" timestamp="2020-09-12T19:00:35.992" />
<allocation-satisfied id="6846" threadId="00000000007F7500" bytesRequested="16" />
<af-end id="6847" timestamp="2020-09-12T19:00:35.992" threadId="00000000007F7E80" success="true" from="nursery"/>
<exclusive-end id="6848" timestamp="2020-09-12T19:00:35.992" durationms="95.779" />

<exclusive-start id="6849" timestamp="2020-09-12T19:00:37.922" intervalms="2025.022">
  <response-info timems="0.361" idlems="0.361" threads="0" lastid="0000000000847B00" lastname="Group1.Backend.CompositeBackend{Tier1}.3" />
</exclusive-start>
<af-start id="6850" threadId="0000000000848480" totalBytesRequested="24" timestamp="2020-09-12T19:00:37.922" intervalms="2025.101" type="nursery" />
<cycle-start id="6851" type="scavenge" contextid="0" timestamp="2020-09-12T19:00:37.922" intervalms="2025.101" />
<gc-start id="6852" type="scavenge" contextid="6851" timestamp="2020-09-12T19:00:37.923">
  <mem-info id="6853" free="820234456" total="2911895552" percent="28">
    <mem type="nursery" free="0" total="939524096" percent="0">
      <mem type="allocate" free="0" total="798621696" percent="0" />
      <mem type="survivor" free="0" total="140902400" percent="0" />
    </mem>
    <mem type="tenure" free="820234456" total="1972371456" percent="41">
      <mem type="soa" free="800510168" total="1952647168" percent="40" />
      <mem type="loa" free="19724288" total="19724288" percent="100" />
    </mem>
    <remembered-set count="188085" />
  </mem-info>
</gc-start>
<allocation-stats totalBytes="689562224" >
  <allocated-bytes non-tlh="34926952" tlh="654635272" />
  <largest-consumer threadName="Group1.Backend.CompositeBackend{Tier1}.1" threadId="0000000000781D00" bytes="120225952" />
</allocation-stats>
<gc-op id="6854" type="scavenge" timems="112.682" contextid="6851" timestamp="2020-09-12T19:00:38.035">
  <scavenger-info tenureage="3" tenuremask="7ff8" tiltratio="85" />
  <memory-copied type="nursery" objects="4343902" bytes="115474376" bytesdiscarded="252488" />
  <memory-copied type="tenure" objects="1057979" bytes="28445488" bytesdiscarded="95144" />
  <ownableSynchronizers candidates="4925" cleared="4626" />
  <references type="soft" candidates="168" cleared="0" enqueued="0" dynamicThreshold="17" maxThreshold="32" />
  <references type="weak" candidates="117" cleared="117" enqueued="0" />
</gc-op>
<gc-end id="6855" type="scavenge" contextid="6851" durationms="113.535" usertimems="865.488" systemtimems="10.656" timestamp="2020-09-12T19:00:38.036" activeThreads="8">
  <mem-info id="6856" free="1477329736" total="2911895552" percent="50">
    <mem type="nursery" free="685630512" total="939524096" percent="72">
      <mem type="allocate" free="685630512" total="801439744" percent="85" />
      <mem type="survivor" free="0" total="138084352" percent="0" />
    </mem>
    <mem type="tenure" free="791699224" total="1972371456" percent="40" macro-fragmented="0">
      <mem type="soa" free="771974936" total="1952647168" percent="39" />
      <mem type="loa" free="19724288" total="19724288" percent="100" />
    </mem>
    <remembered-set count="27765" />
  </mem-info>
</gc-end>
<cycle-end id="6857" type="scavenge" contextid="6851" timestamp="2020-09-12T19:00:38.038" />
<allocation-satisfied id="6858" threadId="0000000000847B00" bytesRequested="24" />
<af-end id="6859" timestamp="2020-09-12T19:00:38.038" threadId="0000000000848480" success="true" from="nursery"/>
<exclusive-end id="6860" timestamp="2020-09-12T19:00:38.038" durationms="116.167" />

<exclusive-start id="6861" timestamp="2020-09-12T19:00:39.974" intervalms="2052.536">
  <response-info timems="0.516" idlems="0.273" threads="1" lastid="00000000008AAD00" lastname="Group1.Backend.CompositeBackend{Tier1}.7" />
</exclusive-start>
<af-start id="6862" threadId="00000000008A0980" totalBytesRequested="304" timestamp="2020-09-12T19:00:39.975" intervalms="2052.552" type="nursery" />
<cycle-start id="6863" type="scavenge" contextid="0" timestamp="2020-09-12T19:00:39.975" intervalms="2052.532" />
<gc-start id="6864" type="scavenge" contextid="6863" timestamp="2020-09-12T19:00:39.975">
  <mem-info id="6865" free="791699224" total="2911895552" percent="27">
    <mem type="nursery" free="0" total="939524096" percent="0">
      <mem type="allocate" free="0" total="801439744" percent="0" />
      <mem type="survivor" free="0" total="138084352" percent="0" />
    </mem>
    <mem type="tenure" free="791699224" total="1972371456" percent="40">
      <mem type="soa" free="771974936" total="1952647168" percent="39" />
      <mem type="loa" free="19724288" total="19724288" percent="100" />
    </mem>
    <remembered-set count="189492" />
  </mem-info>
</gc-start>
<allocation-stats totalBytes="685295712" >
  <allocated-bytes non-tlh="32347856" tlh="652947856" />
  <largest-consumer threadName="Group1.Backend.CompositeBackend{Tier1}.3" threadId="0000000000847B00" bytes="115988600" />
</allocation-stats>
<gc-op id="6866" type="scavenge" timems="101.430" contextid="6863" timestamp="2020-09-12T19:00:40.077">
  <scavenger-info tenureage="3" tenuremask="7ff8" tiltratio="85" />
  <memory-copied type="nursery" objects="4048723" bytes="108590504" bytesdiscarded="130112" />
  <memory-copied type="tenure" objects="1108021" bytes="29918616" bytesdiscarded="108440" />
  <ownableSynchronizers candidates="4387" cleared="4093" />
  <references type="soft" candidates="165" cleared="0" enqueued="0" dynamicThreshold="17" maxThreshold="32" />
  <references type="weak" candidates="118" cleared="118" enqueued="0" />
</gc-op>
<gc-end id="6867" type="scavenge" contextid="6863" durationms="102.442" usertimems="740.305" systemtimems="0.000" timestamp="2020-09-12T19:00:40.078" activeThreads="8">
  <mem-info id="6868" free="1456114944" total="2911895552" percent="50">
    <mem type="nursery" free="694403584" total="939524096" percent="73">
      <mem type="allocate" free="694403584" total="803209216" percent="86" />
      <mem type="survivor" free="0" total="136314880" percent="0" />
    </mem>
    <mem type="tenure" free="761711360" total="1972371456" percent="38" macro-fragmented="0">
      <mem type="soa" free="741987072" total="1952647168" percent="37" />
      <mem type="loa" free="19724288" total="19724288" percent="100" />
    </mem>
    <remembered-set count="28105" />
  </mem-info>
</gc-end>
<cycle-end id="6869" type="scavenge" contextid="6863" timestamp="2020-09-12T19:00:40.080" />
<allocation-satisfied id="6870" threadId="00000000008A0000" bytesRequested="304" />
<af-end id="6871" timestamp="2020-09-12T19:00:40.080" threadId="00000000008A0980" success="true" from="nursery"/>
<exclusive-end id="6872" timestamp="2020-09-12T19:00:40.080" durationms="105.515" />

<exclusive-start id="6873" timestamp="2020-09-12T19:00:42.053" intervalms="2078.909">
  <response-info timems="1.578" idlems="1.578" threads="0" lastid="0000000000781D00" lastname="Group1.Backend.CompositeBackend{Tier1}.1" />
</exclusive-start>
<af-start id="6874" threadId="0000000000782680" totalBytesRequested="16" timestamp="2020-09-12T19:00:42.054" intervalms="2078.749" type="nursery" />
<cycle-start id="6875" type="scavenge" contextid="0" timestamp="2020-09-12T19:00:42.054" intervalms="2078.762" />
<gc-start id="6876" type="scavenge" contextid="6875" timestamp="2020-09-12T19:00:42.054">
  <mem-info id="6877" free="761711360" total="2911895552" percent="26">
    <mem type="nursery" free="0" total="939524096" percent="0">
      <mem type="allocate" free="0" total="803209216" percent="0" />
      <mem type="survivor" free="0" total="136314880" percent="0" />
    </mem>
    <mem type="tenure" free="761711360" total="1972371456" percent="38">
      <mem type="soa" free="741987072" total="1952647168" percent="37" />
      <mem type="loa" free="19724288" total="19724288" percent="100" />
    </mem>
    <remembered-set count="189718" />
  </mem-info>
</gc-start>
<allocation-stats totalBytes="694071280" >
  <allocated-bytes non-tlh="37054024" tlh="657017256" />
  <largest-consumer threadName="Group1.Backend.CompositeBackend{Tier1}.5" threadId="0000000000873800" bytes="81255976" />
</allocation-stats>
<gc-op id="6878" type="scavenge" timems="95.137" contextid="6875" timestamp="2020-09-12T19:00:42.149">
  <scavenger-info tenureage="3" tenuremask="7ff8" tiltratio="85" />
  <memory-copied type="nursery" objects="4054950" bytes="108676328" bytesdiscarded="151552" />
  <memory-copied type="tenure" objects="1073149" bytes="28862256" bytesdiscarded="103824" />
  <ownableSynchronizers candidates="2882" cleared="2616" />
  <references type="soft" candidates="165" cleared="0" enqueued="0" dynamicThreshold="17" maxThreshold="32" />
  <references type="weak" candidates="124" cleared="124" enqueued="0" />
</gc-op>
<gc-end id="6879" type="scavenge" contextid="6875" durationms="95.933" usertimems="738.823" systemtimems="0.000" timestamp="2020-09-12T19:00:42.150" activeThreads="8">
  <mem-info id="6880" free="1429733920" total="2911895552" percent="49">
    <mem type="nursery" free="697179648" total="939524096" percent="74">
      <mem type="allocate" free="697179648" total="806092800" percent="86" />
      <mem type="survivor" free="0" total="133431296" percent="0" />
    </mem>
    <mem type="tenure" free="732554272" total="1972371456" percent="37" macro-fragmented="0">
      <mem type="soa" free="712829984" total="1952647168" percent="36" />
      <mem type="loa" free="19724288" total="19724288" percent="100" />
    </mem>
    <remembered-set count="28539" />
  </mem-info>
</gc-end>
<cycle-end id="6881" type="scavenge" contextid="6875" timestamp="2020-09-12T19:00:42.152" />
<allocation-satisfied id="6882" threadId="0000000000781D00" bytesRequested="16" />
<af-end id="6883" timestamp="2020-09-12T19:00:42.152" threadId="0000000000782680" success="true" from="nursery"/>
<exclusive-end id="6884" timestamp="2020-09-12T19:00:42.152" durationms="98.594" />

<exclusive-start id="6885" timestamp="2020-09-12T19:00:44.192" intervalms="2138.601">
  <response-info timems="0.393" idlems="0.207" threads="1" lastid="00000000008A0000" lastname="Group1.Backend.CompositeBackend{Tier1}.6" />
</exclusive-start>
<af-start id="6886" threadId="0000000000874180" totalBytesRequested="664" timestamp="2020-09-12T19:00:44.192" intervalms="2138.592" type="nursery" />
<cycle-start id="6887" type="scavenge" contextid="0" timestamp="2020-09-12T19:00:44.192" intervalms="2138.590" />
<gc-start id="6888" type="scavenge" contextid="6887" timestamp="2020-09-12T19:00:44.193">
  <mem-info id="6889" free="732554272" total="2911895552" percent="25">
    <mem type="nursery" free="0" total="939524096" percent="0">
      <mem type="allocate" free="0" total="806092800" percent="0" />
      <mem type="survivor" free="0" total="133431296" percent="0" />
    </mem>
    <mem type="tenure" free="732554272" total="1972371456" percent="37">
      <mem type="soa" free="712829984" total="1952647168" percent="36" />
      <mem type="loa" free="19724288" total="19724288" percent="100" />
    </mem>
    <remembered-set count="195433" />
  </mem-info>
</gc-start>
<allocation-stats totalBytes="696828696" >
  <allocated-bytes non-tlh="30341264" tlh="666487432" />
  <largest-consumer threadName="Group1.Backend.CompositeBackend{Tier1}.5" threadId="0000000000873800" bytes="125020888" />
</allocation-stats>
<gc-op id="6890" type="scavenge" timems="102.486" contextid="6887" timestamp="2020-09-12T19:00:44.295">
  <scavenger-info tenureage="3" tenuremask="7ff8" tiltratio="85" />
  <memory-copied type="nursery" objects="4348658" bytes="115623728" bytesdiscarded="248576" />
  <memory-copied type="tenure" objects="1065246" bytes="28642168" bytesdiscarded="99688" />
  <ownableSynchronizers candidates="3818" cleared="3555" />
  <references type="soft" candidates="170" cleared="0" enqueued="0" dynamicThreshold="17" maxThreshold="32" />
  <references type="weak" candidates="103" cleared="103" enqueued="0" />
</gc-op>
<gc-end id="6891" type="scavenge" contextid="6887" durationms="103.245" usertimems="793.797" systemtimems="0.000" timestamp="2020-09-12T19:00:44.296" activeThreads="8">
  <mem-info id="6892" free="1390798320" total="2911895552" percent="47">
    <mem type="nursery" free="687046392" total="939524096" percent="73">
      <mem type="allocate" free="687046392" total="803012608" percent="85" />
      <mem type="survivor" free="0" total="136511488" percent="0" />
    </mem>
    <mem type="tenure" free="703751928" total="1972371456" percent="35" macro-fragmented="0">
      <mem type="soa" free="684027640" total="1952647168" percent="35" />
      <mem type="loa" free="19724288" total="19724288" percent="100" />
    </mem>
    <remembered-set count="30488" />
  </mem-info>
</gc-end>
<cycle-end id="6893" type="scavenge" contextid="6887" timestamp="2020-09-12T19:00:44.297" />
<allocation-satisfied id="6894" threadId="0000000000873800" bytesRequested="664" />
<af-end id="6895" timestamp="2020-09-12T19:00:44.297" threadId="0000000000874180" success="true" from="nursery"/>
<exclusive-end id="6896" timestamp="2020-09-12T19:00:44.297" durationms="105.422" />

<exclusive-start id="6897" timestamp="2020-09-12T19:00:46.244" intervalms="2052.140">
  <response-info timems="0.240" idlems="0.240" threads="0" lastid="0000000000847B00" lastname="Group1.Backend.CompositeBackend{Tier1}.3" />
</exclusive-start>
<af-start id="6898" threadId="0000000000848480" totalBytesRequested="1032" timestamp="2020-09-12T19:00:46.244" intervalms="2052.166" type="nursery" />
<cycle-start id="6899" type="scavenge" contextid="0" timestamp="2020-09-12T19:00:46.244" intervalms="2052.160" />
<gc-start id="6900" type="scavenge" contextid="6899" timestamp="2020-09-12T19:00:46.245">
  <mem-info id="6901" free="703751928" total="2911895552" percent="24">
    <mem type="nursery" free="0" total="939524096" percent="0">
      <mem type="allocate" free="0" total="803012608" percent="0" />
      <mem type="survivor" free="0" total="136511488" percent="0" />
    </mem>
    <mem type="tenure" free="703751928" total="1972371456" percent="35">
      <mem type="soa" free="684027640" total="1952647168" percent="35" />
      <mem type="loa" free="19724288" total="19724288" percent="100" />
    </mem>
    <remembered-set count="191431" />
  </mem-info>
</gc-start>
<allocation-stats totalBytes="686710160" >
  <allocated-bytes non-tlh="36518832" tlh="650191328" />
  <largest-consumer threadName="Group1.Backend.CompositeBackend{Tier1}.7" threadId="00000000008AAD00" bytes="100035656" />
</allocation-stats>
<gc-op id="6902" type="scavenge" timems="107.451" contextid="6899" timestamp="2020-09-12T19:00:46.352">
  <scavenger-info tenureage="3" tenuremask="7ff8" tiltratio="85" />
  <memory-copied type="nursery" objects="4034958" bytes="108267848" bytesdiscarded="252496" />
  <memory-copied type="tenure" objects="1070972" bytes="28801416" bytesdiscarded="108776" />
  <ownableSynchronizers candidates="3594" cleared="3352" />
  <references type="soft" candidates="154" cleared="0" enqueued="0" dynamicThreshold="17" maxThreshold="32" />
  <references type="weak" candidates="124" cleared="123" enqueued="0" />
</gc-op>
<gc-end id="6903" type="scavenge" contextid="6899" durationms="108.220" usertimems="753.300" systemtimems="1.843" timestamp="2020-09-12T19:00:46.353" activeThreads="8">
  <mem-info id="6904" free="1370660120" total="2911895552" percent="47">
    <mem type="nursery" free="695791360" total="939524096" percent="74">
      <mem type="allocate" free="695791360" total="804388864" percent="86" />
      <mem type="survivor" free="0" total="135135232" percent="0" />
    </mem>
    <mem type="tenure" free="674868760" total="1972371456" percent="34" macro-fragmented="0">
      <mem type="soa" free="655144472" total="1952647168" percent="33" />
      <mem type="loa" free="19724288" total="19724288" percent="100" />
    </mem>
    <remembered-set count="32074" />
  </mem-info>
</gc-end>
<cycle-end id="6905" type="scavenge" contextid="6899" timestamp="2020-09-12T19:00:46.355" />
<allocation-satisfied id="6906" threadId="0000000000847B00" bytesRequested="1032" />
<af-end id="6907" timestamp="2020-09-12T19:00:46.356" threadId="0000000000848480" success="true" from="nursery"/>
<exclusive-end id="6908" timestamp="2020-09-12T19:00:46.356" durationms="111.817" />

<exclusive-start id="6909" timestamp="2020-09-12T19:00:48.472" intervalms="2228.720">
  <response-info timems="0.505" idlems="0.505" threads="0" lastid="00000000008A0000" lastname="Group1.Backend.CompositeBackend{Tier1}.6" />
</exclusive-start>
<af-start id="6910" threadId="00000000008A0980" totalBytesRequested="112" timestamp="2020-09-12T19:00:48.473" intervalms="2228.733" type="nursery" />
<cycle-start id="6911" type="scavenge" contextid="0" timestamp="2020-09-12T19:00:48.473" intervalms="2228.745" />
<gc-start id="6912" type="scavenge" contextid="6911" timestamp="2020-09-12T19:00:48.474">
  <mem-info id="6913" free="674868760" total="2911895552" percent="23">
    <mem type="nursery" free="0" total="939524096" percent="0">
      <mem type="allocate" free="0" total="804388864" percent="0" />
      <mem type="survivor" free="0" total="135135232" percent="0" />
    </mem>
    <mem type="tenure" free="674868760" total="1972371456" percent="34">
      <mem type="soa" free="655144472" total="1952647168" percent="33" />
      <mem type="loa" free="19724288" total="19724288" percent="100" />
    </mem>
    <remembered-set count="200830" />
  </mem-info>
</gc-start>
<allocation-stats totalBytes="695424816" >
  <allocated-bytes non-tlh="22748824" tlh="672675992" />
  <largest-consumer threadName="Group1.Backend.CompositeBackend{Tier1}.6" threadId="00000000008A0000" bytes="125050904" />
</allocation-stats>
<gc-op id="6914" type="scavenge" timems="99.377" contextid="6911" timestamp="2020-09-12T19:00:48.573">
  <scavenger-info tenureage="3" tenuremask="7ff8" tiltratio="85" />
  <memory-copied type="nursery" objects="4171404" bytes="111911832" bytesdiscarded="265352" />
  <memory-copied type="tenure" objects="1064274" bytes="28594912" bytesdiscarded="117224" />
  <ownableSynchronizers candidates="4665" cleared="4425" />
  <references type="soft" candidates="157" cleared="0" enqueued="0" dynamicThreshold="17" maxThreshold="32" />
  <references type="weak" candidates="103" cleared="103" enqueued="0" />
</gc-op>
<gc-end id="6915" type="scavenge" contextid="6911" durationms="100.229" usertimems="704.263" systemtimems="0.000" timestamp="2020-09-12T19:00:48.574" activeThreads="8">
  <mem-info id="6916" free="1339592320" total="2911895552" percent="46">
    <mem type="nursery" free="693235200" total="939524096" percent="73">
      <mem type="allocate" free="693235200" total="805502976" percent="86" />
      <mem type="survivor" free="0" total="134021120" percent="0" />
    </mem>
    <mem type="tenure" free="646357120" total="1972371456" percent="32" macro-fragmented="0">
      <mem type="soa" free="626632832" total="1952647168" percent="32" />
      <mem type="loa" free="19724288" total="19724288" percent="100" />
    </mem>
    <remembered-set count="32201" />
  </mem-info>
</gc-end>
<cycle-end id="6917" type="scavenge" contextid="6911" timestamp="2020-09-12T19:00:48.578" />
<allocation-satisfied id="6918" threadId="00000000008A0000" bytesRequested="112" />
<af-end id="6919" timestamp="2020-09-12T19:00:48.578" threadId="00000000008A0980" success="true" from="nursery"/>
<exclusive-end id="6920" timestamp="2020-09-12T19:00:48.578" durationms="105.134" />

<exclusive-start id="6921" timestamp="2020-09-12T19:00:50.559" intervalms="2086.510">
  <response-info timems="0.437" idlems="0.437" threads="0" lastid="0000000000781D00" lastname="Group1.Backend.CompositeBackend{Tier1}.1" />
</exclusive-start>
<af-start id="6922" threadId="0000000000782680" totalBytesRequested="120" timestamp="2020-09-12T19:00:50.560" intervalms="2086.471" type="nursery" />
<cycle-start id="6923" type="scavenge" contextid="0" timestamp="2020-09-12T19:00:50.560" intervalms="2086.452" />
<gc-start id="6924" type="scavenge" contextid="6923" timestamp="2020-09-12T19:00:50.560">
  <mem-info id="6925" free="646357120" total="2911895552" percent="22">
    <mem type="nursery" free="0" total="939524096" percent="0">
      <mem type="allocate" free="0" total="805502976" percent="0" />
      <mem type="survivor" free="0" total="134021120" percent="0" />
    </mem>
    <mem type="tenure" free="646357120" total="1972371456" percent="32">
      <mem type="soa" free="626632832" total="1952647168" percent="32" />
      <mem type="loa" free="19724288" total="19724288" percent="100" />
    </mem>
    <remembered-set count="194002" />
  </mem-info>
</gc-start>
<allocation-stats totalBytes="692884912" >
  <allocated-bytes non-tlh="36745840" tlh="656139072" />
  <largest-consumer threadName="Group1.Backend.CompositeBackend{Tier1}.8" threadId="00000000008AF400" bytes="108527352" />
</allocation-stats>
<gc-op id="6926" type="scavenge" timems="103.814" contextid="6923" timestamp="2020-09-12T19:00:50.664">
  <scavenger-info tenureage="3" tenuremask="7ff8" tiltratio="85" />
  <memory-copied type="nursery" objects="4217542" bytes="113191328" bytesdiscarded="133296" />
  <memory-copied type="tenure" objects="1149553" bytes="30873304" bytesdiscarded="127168" />
  <ownableSynchronizers candidates="3805" cleared="3553" />
  <references type="soft" candidates="150" cleared="0" enqueued="0" dynamicThreshold="17" maxThreshold="32" />
  <references type="weak" candidates="109" cleared="108" enqueued="0" />
</gc-op>
<gc-end id="6927" type="scavenge" contextid="6923" durationms="104.575" usertimems="774.995" systemtimems="0.967" timestamp="2020-09-12T19:00:50.664" activeThreads="8">
  <mem-info id="6928" free="1308536696" total="2911895552" percent="44">
    <mem type="nursery" free="693272240" total="939524096" percent="73">
      <mem type="allocate" free="693272240" total="806682624" percent="85" />
      <mem type="survivor" free="0" total="132841472" percent="0" />
    </mem>
    <mem type="tenure" free="615264456" total="1972371456" percent="31" macro-fragmented="0">
      <mem type="soa" free="595540168" total="1952647168" percent="30" />
      <mem type="loa" free="19724288" total="19724288" percent="100" />
    </mem>
    <remembered-set count="30918" />
  </mem-info>
</gc-end>
<cycle-end id="6929" type="scavenge" contextid="6923" timestamp="2020-09-12T19:00:50.666" />
<allocation-satisfied id="6930" threadId="0000000000781D00" bytesRequested="120" />
<af-end id="6931" timestamp="2020-09-12T19:00:50.666" threadId="0000000000782680" success="true" from="nursery"/>
<exclusive-end id="6932" timestamp="2020-09-12T19:00:50.666" durationms="107.257" />

<exclusive-start id="6933" timestamp="2020-09-12T19:00:52.691" intervalms="2132.482">
  <response-info timems="5.415" idlems="5.415" threads="0" lastid="00000000008AF400" lastname="Group1.Backend.CompositeBackend{Tier1}.8" />
</exclusive-start>
<af-start id="6934" threadId="00000000008AFD80" totalBytesRequested="16" timestamp="2020-09-12T19:00:52.692" intervalms="2132.556" type="nursery" />
<cycle-start id="6935" type="scavenge" contextid="0" timestamp="2020-09-12T19:00:52.692" intervalms="2132.596" />
<gc-start id="6936" type="scavenge" contextid="6935" timestamp="2020-09-12T19:00:52.693">
  <mem-info id="6937" free="615264456" total="2911895552" percent="21">
    <mem type="nursery" free="0" total="939524096" percent="0">
      <mem type="allocate" free="0" total="806682624" percent="0" />
      <mem type="survivor" free="0" total="132841472" percent="0" />
    </mem>
    <mem type="tenure" free="615264456" total="1972371456" percent="31">
      <mem type="soa" free="595540168" total="1952647168" percent="30" />
      <mem type="loa" free="19724288" total="19724288" percent="100" />
    </mem>
    <remembered-set count="196051" />
  </mem-info>
</gc-start>
<allocation-stats totalBytes="692935992" >
  <allocated-bytes non-tlh="29326896" tlh="663609096" />
  <largest-consumer threadName="Group1.Backend.CompositeBackend{Tier1}.3" threadId="0000000000847B00" bytes="105412912" />
</allocation-stats>
<gc-op id="6938" type="scavenge" timems="113.155" contextid="6935" timestamp="2020-09-12T19:00:52.806">
  <scavenger-info tenureage="3" tenuremask="7ff8" tiltratio="85" />
  <memory-copied type="nursery" objects="4202708" bytes="112719928" bytesdiscarded="222464" />
  <memory-copied type="tenure" objects="1053546" bytes="28297088" bytesdiscarded="116656" />
  <ownableSynchronizers candidates="4076" cleared="3822" />
  <references type="soft" candidates="168" cleared="0" enqueued="0" dynamicThreshold="17" maxThreshold="32" />
  <references type="weak" candidates="92" cleared="92" enqueued="0" />
</gc-op>
<gc-end id="6939" type="scavenge" contextid="6935" durationms="114.536" usertimems="871.512" systemtimems="12.586" timestamp="2020-09-12T19:00:52.807" activeThreads="8">
  <mem-info id="6940" free="1281758400" total="2911895552" percent="44">
    <mem type="nursery" free="694827264" total="939524096" percent="73">
      <mem type="allocate" free="694827264" total="807862272" percent="86" />
      <mem type="survivor" free="0" total="131661824" percent="0" />
    </mem>
    <mem type="tenure" free="586931136" total="1972371456" percent="29" macro-fragmented="0">
      <mem type="soa" free="567206848" total="1952647168" percent="29" />
      <mem type="loa" free="19724288" total="19724288" percent="100" />
    </mem>
    <remembered-set count="29777" />
  </mem-info>
</gc-end>
<cycle-end id="6941" type="scavenge" contextid="6935" timestamp="2020-09-12T19:00:52.809" />
<allocation-satisfied id="6942" threadId="00000000008AF400" bytesRequested="16" />
<af-end id="6943" timestamp="2020-09-12T19:00:52.809" threadId="00000000008AFD80" success="true" from="nursery"/>
<exclusive-end id="6944" timestamp="2020-09-12T19:00:52.809" durationms="117.225" />

<exclusive-start id="6945" timestamp="2020-09-12T19:00:54.781" intervalms="2089.738">
  <response-info timems="1.716" idlems="1.716" threads="0" lastid="00000000008AF400" lastname="Group1.Backend.CompositeBackend{Tier1}.8" />
</exclusive-start>
<af-start id="6946" threadId="00000000008AFD80" totalBytesRequested="400" timestamp="2020-09-12T19:00:54.782" intervalms="2089.710" type="nursery" />
<cycle-start id="6947" type="scavenge" contextid="0" timestamp="2020-09-12T19:00:54.782" intervalms="2089.683" />
<gc-start id="6948" type="scavenge" contextid="6947" timestamp="2020-09-12T19:00:54.782">
  <mem-info id="6949" free="586931136" total="2911895552" percent="20">
    <mem type="nursery" free="0" total="939524096" percent="0">
      <mem type="allocate" free="0" total="807862272" percent="0" />
      <mem type="survivor" free="0" total="131661824" percent="0" />
    </mem>
    <mem type="tenure" free="586931136" total="1972371456" percent="29">
      <mem type="soa" free="567206848" total="1952647168" percent="29" />
      <mem type="loa" free="19724288" total="19724288" percent="100" />
    </mem>
    <remembered-set count="191101" />
  </mem-info>
</gc-start>
<allocation-stats totalBytes="694505112" >
  <allocated-bytes non-tlh="34419736" tlh="660085376" />
  <largest-consumer threadName="Group1.Backend.CompositeBackend{Tier1}.1" threadId="0000000000781D00" bytes="103613312" />
</allocation-stats>
<gc-op id="6950" type="scavenge" timems="109.000" contextid="6947" timestamp="2020-09-12T19:00:54.891">
  <scavenger-info tenureage="3" tenuremask="7ff8" tiltratio="85" />
  <memory-copied type="nursery" objects="4075235" bytes="109361952" bytesdiscarded="131440" />
  <memory-copied type="tenure" objects="1162983" bytes="31264504" bytesdiscarded="129872" />
  <ownableSynchronizers candidates="4224" cleared="3957" />
  <references type="soft" candidates="167" cleared="0" enqueued="0" dynamicThreshold="17" maxThreshold="32" />
  <references type="weak" candidates="116" cleared="116" enqueued="0" />
</gc-op>
<gc-end id="6951" type="scavenge" contextid="6947" durationms="109.822" usertimems="807.998" systemtimems="6.265" timestamp="2020-09-12T19:00:54.892" activeThreads="8">
  <mem-info id="6952" free="1254998832" total="2911895552" percent="43">
    <mem type="nursery" free="699403256" total="939524096" percent="74">
      <mem type="allocate" free="699403256" total="808976384" percent="86" />
      <mem type="survivor" free="0" total="130547712" percent="0" />
    </mem>
    <mem type="tenure" free="555595576" total="1972371456" percent="28" macro-fragmented="0">
      <mem type="soa" free="535871288" total="1952647168" percent="27" />
      <mem type="loa" free="19724288" total="19724288" percent="100" />
    </mem>
    <remembered-set count="29185" />
  </mem-info>
</gc-end>
<cycle-end id="6953" type="scavenge" contextid="6947" timestamp="2020-09-12T19:00:54.894" />
<allocation-satisfied id="6954" threadId="00000000008AF400" bytesRequested="400" />
<af-end id="6955" timestamp="2020-09-12T19:00:54.894" threadId="00000000008AFD80" success="true" from="nursery"/>
<exclusive-end id="6956" timestamp="2020-09-12T19:00:54.894" durationms="112.499" />

<exclusive-start id="6957" timestamp="2020-09-12T19:00:56.847" intervalms="2065.949">
  <response-info timems="0.645" idlems="0.645" threads="0" lastid="00000000008AAD00" lastname="Group1.Backend.CompositeBackend{Tier1}.7" />
</exclusive-start>
<af-start id="6958" threadId="00000000008AB680" totalBytesRequested="16" timestamp="2020-09-12T19:00:56.848" intervalms="2065.999" type="nursery" />
<cycle-start id="6959" type="scavenge" contextid="0" timestamp="2020-09-12T19:00:56.848" intervalms="2065.994" />
<gc-start id="6960" type="scavenge" contextid="6959" timestamp="2020-09-12T19:00:56.848">
  <mem-info id="6961" free="555595576" total="2911895552" percent="19">
    <mem type="nursery" free="0" total="939524096" percent="0">
      <mem type="allocate" free="0" total="808976384" percent="0" />
      <mem type="survivor" free="0" total="130547712" percent="0" />
    </mem>
    <mem type="tenure" free="555595576" total="1972371456" percent="28">
      <mem type="soa" free="535871288" total="1952647168" percent="27" />
      <mem type="loa" free="19724288" total="19724288" percent="100" />
    </mem>
    <remembered-set count="191958" />
  </mem-info>
</gc-start>
<allocation-stats totalBytes="699071304" >
  <allocated-bytes non-tlh="35392112" tlh="663679192" />
  <largest-consumer threadName="Group1.Backend.CompositeBackend{Tier1}.1" threadId="0000000000781D00" bytes="87312240" />
</allocation-stats>
<gc-op id="6962" type="scavenge" timems="101.406" contextid="6959" timestamp="2020-09-12T19:00:56.950">
  <scavenger-info tenureage="3" tenuremask="7ff8" tiltratio="86" />
  <memory-copied type="nursery" objects="4121409" bytes="110531736" bytesdiscarded="388536" />
  <memory-copied type="tenure" objects="1069529" bytes="28753352" bytesdiscarded="125776" />
  <ownableSynchronizers candidates="3256" cleared="3015" />
  <references type="soft" candidates="154" cleared="0" enqueued="0" dynamicThreshold="17" maxThreshold="32" />
  <references type="weak" candidates="108" cleared="108" enqueued="0" />
</gc-op>
<gc-end id="6963" type="scavenge" contextid="6959" durationms="102.201" usertimems="763.296" systemtimems="9.720" timestamp="2020-09-12T19:00:56.950" activeThreads="8">
  <mem-info id="6964" free="1225637104" total="2911895552" percent="42">
    <mem type="nursery" free="699021312" total="939524096" percent="74">
      <mem type="allocate" free="699021312" total="810024960" percent="86" />
      <mem type="survivor" free="0" total="129499136" percent="0" />
    </mem>
    <mem type="tenure" free="526615792" total="1972371456" percent="26" macro-fragmented="0">
      <mem type="soa" free="506891504" total="1952647168" percent="25" />
      <mem type="loa" free="19724288" total="19724288" percent="100" />
    </mem>
    <remembered-set count="28988" />
  </mem-info>
</gc-end>
<cycle-end id="6965" type="scavenge" contextid="6959" timestamp="2020-09-12T19:00:56.952" />
<allocation-satisfied id="6966" threadId="00000000008AAD00" bytesRequested="16" />
<af-end id="6967" timestamp="2020-09-12T19:00:56.952" threadId="00000000008AB680" success="true" from="nursery"/>
<exclusive-end id="6968" timestamp="2020-09-12T19:00:56.952" durationms="104.472" />

<exclusive-start id="6969" timestamp="2020-09-12T19:00:58.945" intervalms="2097.360">
  <response-info timems="0.423" idlems="0.423" threads="0" lastid="00000000008A0000" lastname="Group1.Backend.CompositeBackend{Tier1}.6" />
</exclusive-start>
<af-start id="6970" threadId="00000000008A0980" totalBytesRequested="1032" timestamp="2020-09-12T19:00:58.945" intervalms="2097.282" type="nursery" />
<cycle-start id="6971" type="scavenge" contextid="0" timestamp="2020-09-12T19:00:58.945" intervalms="2097.277" />
<gc-start id="6972" type="scavenge" contextid="6971" timestamp="2020-09-12T19:00:58.946">
  <mem-info id="6973" free="526615792" total="2911895552" percent="18">
    <mem type="nursery" free="0" total="939524096" percent="0">
      <mem type="allocate" free="0" total="810024960" percent="0" />
      <mem type="survivor" free="0" total="129499136" percent="0" />
    </mem>
    <mem type="tenure" free="526615792" total="1972371456" percent="26">
      <mem type="soa" free="506891504" total="1952647168" percent="25" />
      <mem type="loa" free="19724288" total="19724288" percent="100" />
    </mem>
    <remembered-set count="193583" />
  </mem-info>
</gc-start>
<allocation-stats totalBytes="698693320" >
  <allocated-bytes non-tlh="33311992" tlh="665381328" />
  <largest-consumer threadName="Group1.Backend.CompositeBackend{Tier1}.7" threadId="00000000008AAD00" bytes="96997296" />
</allocation-stats>
<gc-op id="6974" type="scavenge" timems="102.462" contextid="6971" timestamp="2020-09-12T19:00:59.048">
  <scavenger-info tenureage="3" tenuremask="7ff8" tiltratio="86" />
  <memory-copied type="nursery" objects="4154567" bytes="111364136" bytesdiscarded="159256" />
  <memory-copied type="tenure" objects="1110878" bytes="29882024" bytesdiscarded="127536" />
  <ownableSynchronizers candidates="4817" cleared="4559" />
  <references type="soft" candidates="146" cleared="0" enqueued="0" dynamicThreshold="17" maxThreshold="32" />
  <references type="weak" candidates="122" cleared="122" enqueued="0" />
</gc-op>
<gc-end id="6975" type="scavenge" contextid="6971" durationms="103.323" usertimems="746.268" systemtimems="0.450" timestamp="2020-09-12T19:00:59.049" activeThreads="8">
  <mem-info id="6976" free="1195791496" total="2911895552" percent="41">
    <mem type="nursery" free="699202560" total="939524096" percent="74">
      <mem type="allocate" free="699202560" total="810811392" percent="86" />
      <mem type="survivor" free="0" total="128712704" percent="0" />
    </mem>
    <mem type="tenure" free="496588936" total="1972371456" percent="25" macro-fragmented="0">
      <mem type="soa" free="476864648" total="1952647168" percent="24" />
      <mem type="loa" free="19724288" total="19724288" percent="100" />
    </mem>
    <remembered-set count="29338" />
  </mem-info>
</gc-end>
<cycle-end id="6977" type="scavenge" contextid="6971" timestamp="2020-09-12T19:00:59.050" />
<allocation-satisfied id="6978" threadId="00000000008A0000" bytesRequested="1032" />
<af-end id="6979" timestamp="2020-09-12T19:00:59.050" threadId="00000000008A0980" success="true" from="nursery"/>
<exclusive-end id="6980" timestamp="2020-09-12T19:00:59.050" durationms="105.625" />

<exclusive-start id="6981" timestamp="2020-09-12T19:01:01.045" intervalms="2100.942">
  <response-info timems="1.437" idlems="0.835" threads="1" lastid="00000000008A0000" lastname="Group1.Backend.CompositeBackend{Tier1}.6" />
</exclusive-start>
<af-start id="6982" threadId="0000000000A84680" totalBytesRequested="16" timestamp="2020-09-12T19:01:01.046" intervalms="2100.993" type="nursery" />
<cycle-start id="6983" type="scavenge" contextid="0" timestamp="2020-09-12T19:01:01.046" intervalms="2100.997" />
<gc-start id="6984" type="scavenge" contextid="6983" timestamp="2020-09-12T19:01:01.047">
  <mem-info id="6985" free="496588936" total="2911895552" percent="17">
    <mem type="nursery" free="0" total="939524096" percent="0">
      <mem type="allocate" free="0" total="810811392" percent="0" />
      <mem type="survivor" free="0" total="128712704" percent="0" />
    </mem>
    <mem type="tenure" free="496588936" total="1972371456" percent="25">
      <mem type="soa" free="476864648" total="1952647168" percent="24" />
      <mem type="loa" free="19724288" total="19724288" percent="100" />
    </mem>
    <remembered-set count="191909" />
  </mem-info>
</gc-start>
<allocation-stats totalBytes="698866616" >
  <allocated-bytes non-tlh="35245480" tlh="663621136" />
  <largest-consumer threadName="Group1.Backend.CompositeBackend{Tier1}.7" threadId="00000000008AAD00" bytes="123914160" />
</allocation-stats>
<gc-op id="6986" type="scavenge" timems="128.272" contextid="6983" timestamp="2020-09-12T19:01:01.175">
  <scavenger-info tenureage="3" tenuremask="7ff8" tiltratio="86" />
  <memory-copied type="nursery" objects="4155491" bytes="111352896" bytesdiscarded="179968" />
  <memory-copied type="tenure" objects="1086438" bytes="29228168" bytesdiscarded="127528" />
  <ownableSynchronizers candidates="4214" cleared="3955" />
  <references type="soft" candidates="146" cleared="0" enqueued="0" dynamicThreshold="17" maxThreshold="32" />
  <references type="weak" candidates="132" cleared="132" enqueued="0" />
</gc-op>
<gc-end id="6987" type="scavenge" contextid="6983" durationms="129.069" usertimems="930.600" systemtimems="13.459" timestamp="2020-09-12T19:01:01.175" activeThreads="8">
  <mem-info id="6988" free="1167277240" total="2911895552" percent="40">
    <mem type="nursery" free="699979008" total="939524096" percent="74">
      <mem type="allocate" free="699979008" total="811597824" percent="86" />
      <mem type="survivor" free="0" total="127926272" percent="0" />
    </mem>
    <mem type="tenure" free="467298232" total="1972371456" percent="23" macro-fragmented="0">
      <mem type="soa" free="447573944" total="1952647168" percent="22" />
      <mem type="loa" free="19724288" total="19724288" percent="100" />
    </mem>
    <remembered-set count="31004" />
  </mem-info>
</gc-end>
<cycle-end id="6989" type="scavenge" contextid="6983" timestamp="2020-09-12T19:01:01.177" />
<allocation-satisfied id="6990" threadId="0000000000A83D00" bytesRequested="16" />
<af-end id="6991" timestamp="2020-09-12T19:01:01.177" threadId="0000000000A84680" success="true" from="nursery"/>
<exclusive-end id="6992" timestamp="2020-09-12T19:01:01.177" durationms="131.425" />

<exclusive-start id="6993" timestamp="2020-09-12T19:01:03.149" intervalms="2103.732">
  <response-info timems="0.319" idlems="0.166" threads="1" lastid="0000000000781D00" lastname="Group1.Backend.CompositeBackend{Tier1}.1" />
</exclusive-start>
<af-start id="6994" threadId="00000000007F7E80" totalBytesRequested="32" timestamp="2020-09-12T19:01:03.150" intervalms="2103.845" type="nursery" />
<cycle-start id="6995" type="scavenge" contextid="0" timestamp="2020-09-12T19:01:03.150" intervalms="2103.861" />
<gc-start id="6996" type="scavenge" contextid="6995" timestamp="2020-09-12T19:01:03.150">
  <mem-info id="6997" free="467298232" total="2911895552" percent="16">
    <mem type="nursery" free="0" total="939524096" percent="0">
      <mem type="allocate" free="0" total="811597824" percent="0" />
      <mem type="survivor" free="0" total="127926272" percent="0" />
    </mem>
    <mem type="tenure" free="467298232" total="1972371456" percent="23">
      <mem type="soa" free="447573944" total="1952647168" percent="22" />
      <mem type="loa" free="19724288" total="19724288" percent="100" />
    </mem>
    <remembered-set count="196892" />
  </mem-info>
</gc-start>
<allocation-stats totalBytes="699659464" >
  <allocated-bytes non-tlh="31888320" tlh="667771144" />
  <largest-consumer threadName="Group1.Backend.CompositeBackend{Tier1}.4" threadId="000000000082C800" bytes="97890848" />
</allocation-stats>
<gc-op id="6998" type="scavenge" timems="96.396" contextid="6995" timestamp="2020-09-12T19:01:03.247">
  <scavenger-info tenureage="3" tenuremask="7ff8" tiltratio="86" />
  <memory-copied type="nursery" objects="4168383" bytes="111679248" bytesdiscarded="161224" />
  <memory-copied type="tenure" objects="1107470" bytes="29760816" bytesdiscarded="112616" />
  <ownableSynchronizers candidates="3196" cleared="2952" />
  <references type="soft" candidates="158" cleared="0" enqueued="0" dynamicThreshold="17" maxThreshold="32" />
  <references type="weak" candidates="123" cleared="123" enqueued="0" />
</gc-op>
<gc-end id="6999" type="scavenge" contextid="6995" durationms="97.280" usertimems="689.272" systemtimems="0.000" timestamp="2020-09-12T19:01:03.248" activeThreads="8">
  <mem-info id="7000" free="1137525784" total="2911895552" percent="39">
    <mem type="nursery" free="700125952" total="939524096" percent="74">
      <mem type="allocate" free="700125952" total="812056576" percent="86" />
      <mem type="survivor" free="0" total="127467520" percent="0" />
    </mem>
    <mem type="tenure" free="437399832" total="1972371456" percent="22" macro-fragmented="0">
      <mem type="soa" free="417675544" total="1952647168" percent="21" />
      <mem type="loa" free="19724288" total="19724288" percent="100" />
    </mem>
    <remembered-set count="32263" />
  </mem-info>
</gc-end>
<cycle-end id="7001" type="scavenge" contextid="6995" timestamp="2020-09-12T19:01:03.249" />
<allocation-satisfied id="7002" threadId="00000000007F7500" bytesRequested="32" />
<af-end id="7003" timestamp="2020-09-12T19:01:03.249" threadId="00000000007F7E80" success="true" from="nursery"/>
<exclusive-end id="7004" timestamp="2020-09-12T19:01:03.249" durationms="100.201" />

<exclusive-start id="7005" timestamp="2020-09-12T19:01:05.350" intervalms="2200.596">
  <response-info timems="0.499" idlems="0.499" threads="0" lastid="00000000008AF400" lastname="Group1.Backend.CompositeBackend{Tier1}.8" />
</exclusive-start>
<af-start id="7006" threadId="00000000008AFD80" totalBytesRequested="48" timestamp="2020-09-12T19:01:05.350" intervalms="2200.491" type="nursery" />
<cycle-start id="7007" type="scavenge" contextid="0" timestamp="2020-09-12T19:01:05.351" intervalms="2200.472" />
<gc-start id="7008" type="scavenge" contextid="7007" timestamp="2020-09-12T19:01:05.351">
  <mem-info id="7009" free="437399832" total="2911895552" percent="15">
    <mem type="nursery" free="0" total="939524096" percent="0">
      <mem type="allocate" free="0" total="812056576" percent="0" />
      <mem type="survivor" free="0" total="127467520" percent="0" />
    </mem>
    <mem type="tenure" free="437399832" total="1972371456" percent="22">
      <mem type="soa" free="417675544" total="1952647168" percent="21" />
      <mem type="loa" free="19724288" total="19724288" percent="100" />
    </mem>
    <remembered-set count="199606" />
  </mem-info>
</gc-start>
<allocation-stats totalBytes="699767856" >
  <allocated-bytes non-tlh="26783424" tlh="672984432" />
  <largest-consumer threadName="Group1.Backend.CompositeBackend{Tier1}.5" threadId="0000000000873800" bytes="109196408" />
</allocation-stats>
<gc-op id="7010" type="scavenge" timems="99.719" contextid="7007" timestamp="2020-09-12T19:01:05.451">
  <scavenger-info tenureage="3" tenuremask="7ff8" tiltratio="86" />
  <memory-copied type="nursery" objects="4266025" bytes="113692448" bytesdiscarded="196528" />
  <memory-copied type="tenure" objects="1097659" bytes="29483192" bytesdiscarded="122752" />
  <ownableSynchronizers candidates="4630" cleared="4359" />
  <references type="soft" candidates="163" cleared="0" enqueued="0" dynamicThreshold="17" maxThreshold="32" />
  <references type="weak" candidates="108" cleared="108" enqueued="0" />
</gc-op>
<gc-end id="7011" type="scavenge" contextid="7007" durationms="100.508" usertimems="717.546" systemtimems="1.075" timestamp="2020-09-12T19:01:05.451" activeThreads="8">
  <mem-info id="7012" free="1104192856" total="2911895552" percent="37">
    <mem type="nursery" free="696378616" total="939524096" percent="74">
      <mem type="allocate" free="696378616" total="810352640" percent="85" />
      <mem type="survivor" free="0" total="129171456" percent="0" />
    </mem>
    <mem type="tenure" free="407814240" total="1972371456" percent="20" macro-fragmented="0">
      <mem type="soa" free="388089952" total="1952647168" percent="19" />
      <mem type="loa" free="19724288" total="19724288" percent="100" />
    </mem>
    <remembered-set count="32278" />
  </mem-info>
</gc-end>
<cycle-end id="7013" type="scavenge" contextid="7007" timestamp="2020-09-12T19:01:05.462" />
<allocation-satisfied id="7014" threadId="00000000008AF400" bytesRequested="48" />
<af-end id="7015" timestamp="2020-09-12T19:01:05.462" threadId="00000000008AFD80" success="true" from="nursery"/>
<exclusive-end id="7016" timestamp="2020-09-12T19:01:05.462" durationms="112.529" />

<exclusive-start id="7017" timestamp="2020-09-12T19:01:12.399" intervalms="7049.651">
  <response-info timems="0.175" idlems="0.175" threads="0" lastid="000000000079FC00" lastname="ForkJoinPool-3-worker-9" />
</exclusive-start>
<af-start id="7018" threadId="00000000007A0580" totalBytesRequested="720904" timestamp="2020-09-12T19:01:12.400" intervalms="7049.250" type="nursery" />
<cycle-start id="7019" type="scavenge" contextid="0" timestamp="2020-09-12T19:01:12.400" intervalms="7049.182" />
<gc-start id="7020" type="scavenge" contextid="7019" timestamp="2020-09-12T19:01:12.400">
  <mem-info id="7021" free="408494352" total="2911895552" percent="14">
    <mem type="nursery" free="692296" total="939524096" percent="0">
      <mem type="allocate" free="692296" total="810352640" percent="0" />
      <mem type="survivor" free="0" total="129171456" percent="0" />
    </mem>
    <mem type="tenure" free="407802056" total="1972371456" percent="20">
      <mem type="soa" free="388077768" total="1952647168" percent="19" />
      <mem type="loa" free="19724288" total="19724288" percent="100" />
    </mem>
    <remembered-set count="198445" />
  </mem-info>
</gc-start>
<allocation-stats totalBytes="695356296" >
  <allocated-bytes non-tlh="57876864" tlh="637479432" />
  <largest-consumer threadName="ForkJoinPool-3-worker-5" threadId="00000000007AB000" bytes="13306688" />
</allocation-stats>
<gc-op id="7022" type="scavenge" timems="112.673" contextid="7019" timestamp="2020-09-12T19:01:12.513">
  <scavenger-info tenureage="3" tenuremask="7ff8" tiltratio="86" />
  <memory-copied type="nursery" objects="4147261" bytes="122903216" bytesdiscarded="299600" />
  <memory-copied type="tenure" objects="1063148" bytes="28593224" bytesdiscarded="136160" />
  <ownableSynchronizers candidates="3618" cleared="3318" />
  <references type="soft" candidates="362" cleared="0" enqueued="0" dynamicThreshold="17" maxThreshold="32" />
  <references type="weak" candidates="164" cleared="123" enqueued="1" />
</gc-op>
<gc-end id="7023" type="scavenge" contextid="7019" durationms="113.164" usertimems="843.774" systemtimems="5.343" timestamp="2020-09-12T19:01:12.513" activeThreads="8">
  <mem-info id="7024" free="1050908512" total="2911895552" percent="36">
    <mem type="nursery" free="671903408" total="939524096" percent="71">
      <mem type="allocate" free="671903408" total="795279360" percent="84" />
      <mem type="survivor" free="0" total="144244736" percent="0" />
    </mem>
    <mem type="tenure" free="379005104" total="1972371456" percent="19" macro-fragmented="0">
      <mem type="soa" free="359280816" total="1952647168" percent="18" />
      <mem type="loa" free="19724288" total="19724288" percent="100" />
    </mem>
    <pending-finalizers system="0" default="0" reference="1" classloader="0" />
    <remembered-set count="42213" />
  </mem-info>
</gc-end>
<cycle-end id="7025" type="scavenge" contextid="7019" timestamp="2020-09-12T19:01:12.515" />
<allocation-satisfied id="7026" threadId="000000000079FC00" bytesRequested="720904" />
<af-end id="7027" timestamp="2020-09-12T19:01:12.515" threadId="00000000007A0580" success="true" from="nursery"/>
<exclusive-end id="7028" timestamp="2020-09-12T19:01:12.515" durationms="115.270" />

<exclusive-start id="7029" timestamp="2020-09-12T19:01:13.991" intervalms="1591.408">
  <response-info timems="0.877" idlems="0.877" threads="0" lastid="000000000079FC00" lastname="ForkJoinPool-3-worker-9" />
</exclusive-start>
<af-start id="7030" threadId="00000000007A0580" totalBytesRequested="32" timestamp="2020-09-12T19:01:13.991" intervalms="1591.395" type="nursery" />
<cycle-start id="7031" type="scavenge" contextid="0" timestamp="2020-09-12T19:01:13.991" intervalms="1591.391" />
<gc-start id="7032" type="scavenge" contextid="7031" timestamp="2020-09-12T19:01:13.992">
  <mem-info id="7033" free="379002816" total="2911895552" percent="13">
    <mem type="nursery" free="0" total="939524096" percent="0">
      <mem type="allocate" free="0" total="795279360" percent="0" />
      <mem type="survivor" free="0" total="144244736" percent="0" />
    </mem>
    <mem type="tenure" free="379002816" total="1972371456" percent="19">
      <mem type="soa" free="359278528" total="1952647168" percent="18" />
      <mem type="loa" free="19724288" total="19724288" percent="100" />
    </mem>
    <remembered-set count="304905" />
  </mem-info>
</gc-start>
<allocation-stats totalBytes="671878216" >
  <allocated-bytes non-tlh="343255688" tlh="328622528" />
  <largest-consumer threadName="ForkJoinPool-3-worker-5" threadId="00000000007AB000" bytes="227523720" />
</allocation-stats>
<gc-op id="7034" type="scavenge" timems="549.357" contextid="7031" timestamp="2020-09-12T19:01:14.541">
  <scavenger-info tenureage="3" tenuremask="7ff8" tiltratio="84" />
  <memory-copied type="nursery" objects="557248" bytes="141304128" bytesdiscarded="341512" />
  <memory-copied type="tenure" objects="50068" bytes="24924920" bytesdiscarded="3224" />
  <copy-failed type="nursery" objects="3532" bytes="57317160" />
  <copy-failed type="tenure" objects="1" bytes="33619976" />
  <ownableSynchronizers candidates="1067212" cleared="0" />
  <heap-resize type="expand" space="tenure" amount="33685504" count="1" timems="10.300" reason="continue current collection" />
  <warning details="aborted collection due to insufficient free space" />
</gc-op>
<gc-end id="7035" type="scavenge" contextid="7031" durationms="549.722" usertimems="749.932" systemtimems="0.000" timestamp="2020-09-12T19:01:14.541" activeThreads="8">
  <mem-info id="7036" free="387668864" total="2945581056" percent="13">
    <mem type="nursery" free="0" total="939524096" percent="0">
      <mem type="allocate" free="0" total="795279360" percent="0" />
      <mem type="survivor" free="0" total="144244736" percent="0" />
    </mem>
    <mem type="tenure" free="387668864" total="2006056960" percent="19" macro-fragmented="0">
      <mem type="soa" free="367607680" total="1985995776" percent="18" />
      <mem type="loa" free="20061184" total="20061184" percent="100" />
    </mem>
    <remembered-set count="304905" />
  </mem-info>
</gc-end>
<cycle-end id="7037" type="scavenge" contextid="7031" timestamp="2020-09-12T19:01:14.542" />
<percolate-collect id="7038" from="nursery" to="global" reason="failed tenure threshold reached" timestamp="2020-09-12T19:01:14.542"/>
<cycle-start id="7039" type="global" contextid="0" timestamp="2020-09-12T19:01:14.542" intervalms="56073.078" />
<gc-start id="7040" type="global" contextid="7039" timestamp="2020-09-12T19:01:14.542">
  <mem-info id="7041" free="387668864" total="2945581056" percent="13">
    <mem type="nursery" free="0" total="939524096" percent="0">
      <mem type="allocate" free="0" total="795279360" percent="0" />
      <mem type="survivor" free="0" total="144244736" percent="0" />
    </mem>
    <mem type="tenure" free="387668864" total="2006056960" percent="19">
      <mem type="soa" free="367607680" total="1985995776" percent="18" />
      <mem type="loa" free="20061184" total="20061184" percent="100" />
    </mem>
    <remembered-set count="304905" />
  </mem-info>
</gc-start>
<allocation-stats totalBytes="0" >
  <allocated-bytes non-tlh="0" tlh="0" />
</allocation-stats>
<heap-resize id="7042" type="loa expand" space="tenure" amount="20060160" count="1" timems="0.000" reason="expand on failed allocate" timestamp="2020-09-12T19:01:14.542" />
<gc-op id="7043" type="mark" timems="541.007" contextid="7039" timestamp="2020-09-12T19:01:15.083">
  <trace-info objectcount="34051637" scancount="32848206" scanbytes="922805104" />
  <finalization candidates="150" enqueued="0" />
  <ownableSynchronizers candidates="1657707" cleared="1510" />
  <references type="soft" candidates="726570" cleared="135" enqueued="85" dynamicThreshold="17" maxThreshold="32" />
  <references type="weak" candidates="3620" cleared="271" enqueued="271" />
  <references type="phantom" candidates="102" cleared="0" enqueued="0" />
  <stringconstants candidates="10898" cleared="69"  />
</gc-op>
<gc-op id="7044" type="classunload" timems="2.415" contextid="7039" timestamp="2020-09-12T19:01:15.086">
  <classunload-info classloadercandidates="208" classloadersunloaded="46" classesunloaded="46" anonymousclassesunloaded="0" quiescems="0.000" setupms="2.206" scanms="0.165" postms="0.044" />
</gc-op>
<gc-op id="7045" type="sweep" timems="13.476" contextid="7039" timestamp="2020-09-12T19:01:15.099" />
<gc-end id="7046" type="global" contextid="7039" durationms="557.407" usertimems="4222.393" systemtimems="26.754" timestamp="2020-09-12T19:01:15.100" activeThreads="8">
  <mem-info id="7047" free="1428781464" total="2945581056" percent="48">
    <mem type="nursery" free="329384176" total="939524096" percent="35">
      <mem type="allocate" free="329384176" total="795279360" percent="41" />
      <mem type="survivor" free="0" total="144244736" percent="0" />
    </mem>
    <mem type="tenure" free="1099397288" total="2006056960" percent="54" micro-fragmented="114308129" macro-fragmented="423591028">
      <mem type="soa" free="1059275944" total="1965935616" percent="53" />
      <mem type="loa" free="40121344" total="40121344" percent="100" />
    </mem>
    <pending-finalizers system="0" default="0" reference="356" classloader="0" />
    <remembered-set count="303501" />
  </mem-info>
</gc-end>
<cycle-end id="7048" type="global" contextid="7039" timestamp="2020-09-12T19:01:15.100" />
<allocation-satisfied id="7049" threadId="000000000079FC00" bytesRequested="32" />
<af-end id="7050" timestamp="2020-09-12T19:01:15.100" threadId="00000000007A0580" success="true" from="nursery"/>
<exclusive-end id="7051" timestamp="2020-09-12T19:01:15.100" durationms="1109.478" />

<exclusive-start id="7052" timestamp="2020-09-12T19:01:15.374" intervalms="1383.390">
  <response-info timems="0.177" idlems="0.177" threads="0" lastid="000000000079FC00" lastname="ForkJoinPool-3-worker-9" />
</exclusive-start>
<af-start id="7053" threadId="00000000007A0580" totalBytesRequested="74055688" timestamp="2020-09-12T19:01:15.375" intervalms="1383.439" type="nursery" />
<cycle-start id="7054" type="scavenge" contextid="0" timestamp="2020-09-12T19:01:15.375" intervalms="1383.439" />
<gc-start id="7055" type="scavenge" contextid="7054" timestamp="2020-09-12T19:01:15.375">
  <mem-info id="7056" free="1385578392" total="2945581056" percent="47">
    <mem type="nursery" free="286182072" total="939524096" percent="30">
      <mem type="allocate" free="286182072" total="795279360" percent="35" />
      <mem type="survivor" free="0" total="144244736" percent="0" />
    </mem>
    <mem type="tenure" free="1099396320" total="2006056960" percent="54">
      <mem type="soa" free="1059274976" total="1965935616" percent="53" />
      <mem type="loa" free="40121344" total="40121344" percent="100" />
    </mem>
    <remembered-set count="317503" />
  </mem-info>
</gc-start>
<allocation-stats totalBytes="43169296" >
  <allocated-bytes non-tlh="5767456" tlh="37401840" />
  <largest-consumer threadName="ForkJoinPool-3-worker-5" threadId="00000000007AB000" bytes="18583064" />
</allocation-stats>
<gc-op id="7057" type="scavenge" timems="205.203" contextid="7054" timestamp="2020-09-12T19:01:15.580">
  <scavenger-info tenureage="3" tenuremask="7ff8" tiltratio="84" />
  <memory-copied type="nursery" objects="463424" bytes="142388976" bytesdiscarded="1008" />
  <memory-copied type="tenure" objects="6937518" bytes="235142840" bytesdiscarded="482008" />
  <copy-failed type="nursery" objects="5732909" bytes="213401264" />
  <ownableSynchronizers candidates="2419502" cleared="1177970" />
  <references type="soft" candidates="21" cleared="0" enqueued="0" dynamicThreshold="17" maxThreshold="32" />
  <references type="weak" candidates="2" cleared="0" enqueued="0" />
</gc-op>
<gc-end id="7058" type="scavenge" contextid="7054" durationms="205.756" usertimems="1455.316" systemtimems="0.000" timestamp="2020-09-12T19:01:15.580" activeThreads="8">
  <mem-info id="7059" free="1178458920" total="2945581056" percent="40">
    <mem type="nursery" free="325517312" total="939524096" percent="34">
      <mem type="allocate" free="325517312" total="469762048" percent="69" />
      <mem type="survivor" free="0" total="469762048" percent="0" />
    </mem>
    <mem type="tenure" free="852941608" total="2006056960" percent="42" macro-fragmented="683612092">
      <mem type="soa" free="846440240" total="1965935616" percent="43" />
      <mem type="loa" free="6501368" total="40121344" percent="16" />
    </mem>
    <remembered-set count="234415" />
  </mem-info>
</gc-end>
<cycle-end id="7060" type="scavenge" contextid="7054" timestamp="2020-09-12T19:01:15.581" />
<allocation-satisfied id="7061" threadId="000000000079FC00" bytesRequested="74055688" />
<af-end id="7062" timestamp="2020-09-12T19:01:15.590" threadId="00000000007A0580" success="true" from="nursery"/>
<exclusive-end id="7063" timestamp="2020-09-12T19:01:15.590" durationms="215.486" />

<exclusive-start id="7064" timestamp="2020-09-12T19:01:16.527" intervalms="1152.508">
  <response-info timems="0.149" idlems="0.149" threads="0" lastid="000000000079FC00" lastname="ForkJoinPool-3-worker-9" />
</exclusive-start>
<af-start id="7065" threadId="00000000007A0580" totalBytesRequested="16" timestamp="2020-09-12T19:01:16.527" intervalms="1152.473" type="nursery" />
<cycle-start id="7066" type="scavenge" contextid="0" timestamp="2020-09-12T19:01:16.527" intervalms="1152.471" />
<gc-start id="7067" type="scavenge" contextid="7066" timestamp="2020-09-12T19:01:16.527">
  <mem-info id="7068" free="852935552" total="2945581056" percent="28">
    <mem type="nursery" free="0" total="939524096" percent="0">
      <mem type="allocate" free="0" total="469762048" percent="0" />
      <mem type="survivor" free="0" total="469762048" percent="0" />
    </mem>
    <mem type="tenure" free="852935552" total="2006056960" percent="42">
      <mem type="soa" free="846434184" total="1965935616" percent="43" />
      <mem type="loa" free="6501368" total="40121344" percent="16" />
    </mem>
    <remembered-set count="273606" />
  </mem-info>
</gc-start>
<allocation-stats totalBytes="325513976" >
  <allocated-bytes non-tlh="199693432" tlh="125820544" />
  <largest-consumer threadName="ForkJoinPool-3-worker-5" threadId="00000000007AB000" bytes="152111672" />
</allocation-stats>
<gc-op id="7069" type="scavenge" timems="83.710" contextid="7066" timestamp="2020-09-12T19:01:16.611">
  <scavenger-info tenureage="2" tenuremask="7ffc" tiltratio="50" />
  <memory-copied type="nursery" objects="1145742" bytes="267816264" bytesdiscarded="296280" />
  <memory-copied type="tenure" objects="436650" bytes="61375104" bytesdiscarded="22424" />
  <ownableSynchronizers candidates="551549" cleared="0" />
  <references type="soft" candidates="123" cleared="0" enqueued="0" dynamicThreshold="17" maxThreshold="32" />
  <references type="weak" candidates="25" cleared="0" enqueued="0" />
  <heap-resize type="expand" space="tenure" amount="46399488" count="4" timems="0.845" reason="continue current collection" />
</gc-op>
<gc-end id="7070" type="scavenge" contextid="7066" durationms="84.402" usertimems="576.432" systemtimems="30.205" timestamp="2020-09-12T19:01:16.612" activeThreads="8">
  <mem-info id="7071" free="1034841032" total="2991980544" percent="34">
    <mem type="nursery" free="197063536" total="939524096" percent="20">
      <mem type="allocate" free="197063536" total="469762048" percent="41" />
      <mem type="survivor" free="0" total="469762048" percent="0" />
    </mem>
    <mem type="tenure" free="837777496" total="2052456448" percent="40" macro-fragmented="729713153">
      <mem type="soa" free="831014016" total="2011406336" percent="41" />
      <mem type="loa" free="6763480" total="41050112" percent="16" />
    </mem>
    <remembered-set count="27268" />
  </mem-info>
</gc-end>
<cycle-end id="7072" type="scavenge" contextid="7066" timestamp="2020-09-12T19:01:16.613" />
<allocation-satisfied id="7073" threadId="000000000079FC00" bytesRequested="16" />
<af-end id="7074" timestamp="2020-09-12T19:01:16.613" threadId="00000000007A0580" success="true" from="nursery"/>
<exclusive-end id="7075" timestamp="2020-09-12T19:01:16.613" durationms="86.241" />

<exclusive-start id="7076" timestamp="2020-09-12T19:01:16.838" intervalms="311.385">
  <response-info timems="0.246" idlems="0.246" threads="0" lastid="000000000079FC00" lastname="ForkJoinPool-3-worker-9" />
</exclusive-start>
<af-start id="7077" threadId="00000000007A0580" totalBytesRequested="32" timestamp="2020-09-12T19:01:16.838" intervalms="311.370" type="nursery" />
<cycle-start id="7078" type="scavenge" contextid="0" timestamp="2020-09-12T19:01:16.838" intervalms="311.367" />
<gc-start id="7079" type="scavenge" contextid="7078" timestamp="2020-09-12T19:01:16.840">
  <mem-info id="7080" free="837777192" total="2991980544" percent="28">
    <mem type="nursery" free="0" total="939524096" percent="0">
      <mem type="allocate" free="0" total="469762048" percent="0" />
      <mem type="survivor" free="0" total="469762048" percent="0" />
    </mem>
    <mem type="tenure" free="837777192" total="2052456448" percent="40">
      <mem type="soa" free="831013712" total="2011406336" percent="41" />
      <mem type="loa" free="6763480" total="41050112" percent="16" />
    </mem>
    <remembered-set count="49770" />
  </mem-info>
</gc-start>
<allocation-stats totalBytes="197061416" >
  <allocated-bytes non-tlh="161546640" tlh="35514776" />
  <largest-consumer threadName="ForkJoinPool-3-worker-13" threadId="00000000007AEB00" bytes="120946408" />
</allocation-stats>
<gc-op id="7081" type="scavenge" timems="101.070" contextid="7078" timestamp="2020-09-12T19:01:16.941">
  <scavenger-info tenureage="1" tenuremask="7ffe" tiltratio="50" />
  <memory-copied type="nursery" objects="298990" bytes="241862016" bytesdiscarded="127080" />
  <memory-copied type="tenure" objects="1145720" bytes="164725512" bytesdiscarded="36544" />
  <copy-failed type="tenure" objects="1" bytes="74055688" />
  <ownableSynchronizers candidates="603530" cleared="0" />
  <references type="soft" candidates="5" cleared="0" enqueued="0" dynamicThreshold="17" maxThreshold="32" />
  <references type="weak" candidates="2" cleared="0" enqueued="0" />
  <heap-resize type="expand" space="tenure" amount="141426688" count="2" timems="25.698" reason="continue current collection" />
</gc-op>
<gc-end id="7082" type="scavenge" contextid="7078" durationms="101.478" usertimems="469.745" systemtimems="80.841" timestamp="2020-09-12T19:01:16.941" activeThreads="8">
  <mem-info id="7083" free="1041561200" total="3133407232" percent="33">
    <mem type="nursery" free="227033032" total="939524096" percent="24">
      <mem type="allocate" free="227033032" total="469762048" percent="48" />
      <mem type="survivor" free="0" total="469762048" percent="0" />
    </mem>
    <mem type="tenure" free="814528168" total="2193883136" percent="37" macro-fragmented="634092330">
      <mem type="soa" free="793718448" total="2150004736" percent="36" />
      <mem type="loa" free="20809720" total="43878400" percent="47" />
    </mem>
    <remembered-set count="18701" />
  </mem-info>
</gc-end>
<cycle-end id="7084" type="scavenge" contextid="7078" timestamp="2020-09-12T19:01:16.941" />
<allocation-satisfied id="7085" threadId="000000000079FC00" bytesRequested="32" />
<af-end id="7086" timestamp="2020-09-12T19:01:16.942" threadId="00000000007A0580" success="true" from="nursery"/>
<exclusive-end id="7087" timestamp="2020-09-12T19:01:16.942" durationms="103.404" />

<exclusive-start id="7088" timestamp="2020-09-12T19:01:17.893" intervalms="1054.570">
  <response-info timems="0.117" idlems="0.117" threads="0" lastid="00000000007AEB00" lastname="ForkJoinPool-3-worker-13" />
</exclusive-start>
<af-start id="7089" threadId="00000000007AF480" totalBytesRequested="50588760" timestamp="2020-09-12T19:01:17.893" intervalms="1054.585" type="nursery" />
<percolate-collect id="7090" from="nursery" to="global" reason="failed tenure threshold reached" timestamp="2020-09-12T19:01:17.893"/>
<cycle-start id="7091" type="global" contextid="0" timestamp="2020-09-12T19:01:17.893" intervalms="3350.819" />
<gc-start id="7092" type="global" contextid="7091" timestamp="2020-09-12T19:01:17.893">
  <mem-info id="7093" free="829766016" total="3133407232" percent="26">
    <mem type="nursery" free="15237848" total="939524096" percent="1">
      <mem type="allocate" free="15237848" total="469762048" percent="3" />
      <mem type="survivor" free="0" total="469762048" percent="0" />
    </mem>
    <mem type="tenure" free="814528168" total="2193883136" percent="37">
      <mem type="soa" free="793718448" total="2150004736" percent="36" />
      <mem type="loa" free="20809720" total="43878400" percent="47" />
    </mem>
    <remembered-set count="121669" />
  </mem-info>
</gc-start>
<allocation-stats totalBytes="211784840" >
  <allocated-bytes non-tlh="52485360" tlh="159299480" />
  <largest-consumer threadName="ForkJoinPool-3-worker-5" threadId="00000000007AB000" bytes="95702648" />
</allocation-stats>
<heap-resize id="7094" type="loa expand" space="tenure" amount="21938176" count="1" timems="0.000" reason="expand on failed allocate" timestamp="2020-09-12T19:01:17.893" />
<gc-op id="7095" type="mark" timems="652.365" contextid="7091" timestamp="2020-09-12T19:01:18.546">
  <trace-info objectcount="33451105" scancount="32139007" scanbytes="893666588" />
  <finalization candidates="150" enqueued="0" />
  <ownableSynchronizers candidates="2771077" cleared="1440080" />
  <references type="soft" candidates="726564" cleared="0" enqueued="0" dynamicThreshold="17" maxThreshold="32" />
  <references type="weak" candidates="3378" cleared="1" enqueued="1" />
  <references type="phantom" candidates="102" cleared="0" enqueued="0" />
  <stringconstants candidates="10880" cleared="3"  />
</gc-op>
<gc-op id="7096" type="sweep" timems="25.256" contextid="7091" timestamp="2020-09-12T19:01:18.571" />
<heap-resize id="7097" type="contract" space="tenure" amount="65798144" count="1" timems="20.435" reason="insufficient time being spent in gc" timestamp="2020-09-12T19:01:18.592" />
<gc-end id="7098" type="global" contextid="7091" durationms="698.848" usertimems="4920.373" systemtimems="27.932" timestamp="2020-09-12T19:01:18.592" activeThreads="8">
  <mem-info id="7099" free="1232724496" total="3067609088" percent="40">
    <mem type="nursery" free="163705928" total="939524096" percent="17">
      <mem type="allocate" free="163705928" total="469762048" percent="34" />
      <mem type="survivor" free="0" total="469762048" percent="0" />
    </mem>
    <mem type="tenure" free="1069018568" total="2128084992" percent="50" micro-fragmented="116444498" macro-fragmented="356129133">
      <mem type="soa" free="1005193672" total="2064241664" percent="48" />
      <mem type="loa" free="63824896" total="63843328" percent="99" />
    </mem>
    <pending-finalizers system="0" default="0" reference="1" classloader="0" />
    <remembered-set count="121643" />
  </mem-info>
</gc-end>
<cycle-end id="7100" type="global" contextid="7091" timestamp="2020-09-12T19:01:18.593" />
<allocation-satisfied id="7101" threadId="00000000007AEB00" bytesRequested="50588760" />
<af-end id="7102" timestamp="2020-09-12T19:01:18.614" threadId="00000000007AF480" success="true" from="tenure-soa"/>
<exclusive-end id="7103" timestamp="2020-09-12T19:01:18.614" durationms="721.029" />

<exclusive-start id="7104" timestamp="2020-09-12T19:01:20.387" intervalms="2493.906">
  <response-info timems="0.158" idlems="0.158" threads="0" lastid="000000000079FC00" lastname="ForkJoinPool-3-worker-9" />
</exclusive-start>
<af-start id="7105" threadId="00000000007A0580" totalBytesRequested="148111368" timestamp="2020-09-12T19:01:20.387" intervalms="2493.901" type="nursery" />
<cycle-start id="7106" type="scavenge" contextid="0" timestamp="2020-09-12T19:01:20.387" intervalms="3548.491" />
<gc-start id="7107" type="scavenge" contextid="7106" timestamp="2020-09-12T19:01:20.387">
  <mem-info id="7108" free="1063300752" total="3067609088" percent="34">
    <mem type="nursery" free="44870944" total="939524096" percent="4">
      <mem type="allocate" free="44870944" total="469762048" percent="9" />
      <mem type="survivor" free="0" total="469762048" percent="0" />
    </mem>
    <mem type="tenure" free="1018429808" total="2128084992" percent="47">
      <mem type="soa" free="954604912" total="2064241664" percent="46" />
      <mem type="loa" free="63824896" total="63843328" percent="99" />
    </mem>
    <remembered-set count="161443" />
  </mem-info>
</gc-start>
<allocation-stats totalBytes="169275528" >
  <allocated-bytes non-tlh="62123104" tlh="107152424" />
  <largest-consumer threadName="ForkJoinPool-3-worker-9" threadId="000000000079FC00" bytes="118596656" />
</allocation-stats>
<gc-op id="7109" type="scavenge" timems="156.006" contextid="7106" timestamp="2020-09-12T19:01:20.543">
  <scavenger-info tenureage="1" tenuremask="7ffe" tiltratio="50" />
  <memory-copied type="nursery" objects="2174167" bytes="191192312" bytesdiscarded="250848" />
  <memory-copied type="tenure" objects="180877" bytes="118670368" bytesdiscarded="9552" />
  <copy-failed type="tenure" objects="1" bytes="74055688" />
  <ownableSynchronizers candidates="3298666" cleared="2254837" />
  <heap-resize type="expand" space="tenure" amount="141426688" count="2" timems="38.912" reason="continue current collection" />
</gc-op>
<gc-end id="7110" type="scavenge" contextid="7106" durationms="156.782" usertimems="781.786" systemtimems="23.838" timestamp="2020-09-12T19:01:20.544" activeThreads="8">
  <mem-info id="7111" free="1310403840" total="3209035776" percent="40">
    <mem type="nursery" free="269388096" total="939524096" percent="28">
      <mem type="allocate" free="269388096" total="469762048" percent="57" />
      <mem type="survivor" free="0" total="469762048" percent="0" />
    </mem>
    <mem type="tenure" free="1041015744" total="2269511680" percent="45" macro-fragmented="630711584">
      <mem type="soa" free="972929984" total="2201425920" percent="44" />
      <mem type="loa" free="68085760" total="68085760" percent="100" />
    </mem>
    <remembered-set count="82272" />
  </mem-info>
</gc-end>
<cycle-end id="7112" type="scavenge" contextid="7106" timestamp="2020-09-12T19:01:20.545" />
<allocation-satisfied id="7113" threadId="000000000079FC00" bytesRequested="148111368" />
<af-end id="7114" timestamp="2020-09-12T19:01:20.565" threadId="00000000007A0580" success="true" from="nursery"/>
<exclusive-end id="7115" timestamp="2020-09-12T19:01:20.565" durationms="178.835" />

<exclusive-start id="7116" timestamp="2020-09-12T19:01:20.986" intervalms="598.919">
  <response-info timems="0.136" idlems="0.136" threads="0" lastid="000000000079FC00" lastname="ForkJoinPool-3-worker-9" />
</exclusive-start>
<af-start id="7117" threadId="00000000007A0580" totalBytesRequested="16" timestamp="2020-09-12T19:01:20.986" intervalms="598.921" type="nursery" />
<percolate-collect id="7118" from="nursery" to="global" reason="failed tenure threshold reached" timestamp="2020-09-12T19:01:20.986"/>
<cycle-start id="7119" type="global" contextid="0" timestamp="2020-09-12T19:01:20.986" intervalms="3092.824" />
<gc-start id="7120" type="global" contextid="7119" timestamp="2020-09-12T19:01:20.986">
  <mem-info id="7121" free="1041015744" total="3209035776" percent="32">
    <mem type="nursery" free="0" total="939524096" percent="0">
      <mem type="allocate" free="0" total="469762048" percent="0" />
      <mem type="survivor" free="0" total="469762048" percent="0" />
    </mem>
    <mem type="tenure" free="1041015744" total="2269511680" percent="45">
      <mem type="soa" free="972929984" total="2201425920" percent="44" />
      <mem type="loa" free="68085760" total="68085760" percent="100" />
    </mem>
    <remembered-set count="93071" />
  </mem-info>
</gc-start>
<allocation-stats totalBytes="269385584" >
  <allocated-bytes non-tlh="240386072" tlh="28999512" />
  <largest-consumer threadName="ForkJoinPool-3-worker-9" threadId="000000000079FC00" bytes="269385584" />
</allocation-stats>
<heap-resize id="7122" type="loa contract" space="tenure" amount="45389824" count="1" timems="20.435" reason="contract on aggressive gc" timestamp="2020-09-12T19:01:20.986" />
<gc-op id="7123" type="mark" timems="661.421" contextid="7119" timestamp="2020-09-12T19:01:21.648">
  <trace-info objectcount="34720251" scancount="33408637" scanbytes="949546500" />
  <finalization candidates="150" enqueued="0" />
  <ownableSynchronizers candidates="2140453" cleared="199332" />
  <references type="soft" candidates="726564" cleared="200057" enqueued="199929" dynamicThreshold="16" maxThreshold="32" />
  <references type="weak" candidates="3377" cleared="0" enqueued="0" />
  <references type="phantom" candidates="102" cleared="0" enqueued="0" />
  <stringconstants candidates="10877" cleared="94"  />
</gc-op>
<gc-op id="7124" type="classunload" timems="4.442" contextid="7119" timestamp="2020-09-12T19:01:21.652">
  <classunload-info classloadercandidates="178" classloadersunloaded="84" classesunloaded="84" anonymousclassesunloaded="0" quiescems="0.000" setupms="2.733" scanms="1.623" postms="0.086" />
</gc-op>
<gc-op id="7125" type="sweep" timems="16.573" contextid="7119" timestamp="2020-09-12T19:01:21.669" />
<mem-info id="7126" free="1256462280" total="3209035776" percent="39">
  <mem type="nursery" free="94159456" total="939524096" percent="10">
    <mem type="allocate" free="94159456" total="469762048" percent="20" />
    <mem type="survivor" free="0" total="469762048" percent="0" />
  </mem>
  <mem type="tenure" free="1162302824" total="2269511680" percent="51" micro-fragmented="123690556" macro-fragmented="518600598">
    <mem type="soa" free="1139606888" total="2246815744" percent="50" />
    <mem type="loa" free="22695936" total="22695936" percent="100" />
  </mem>
  <pending-finalizers system="0" default="0" reference="199929" classloader="0" />
  <remembered-set count="93053" />
</mem-info>
<gc-op id="7127" type="compact" timems="2889.116" contextid="7119" timestamp="2020-09-12T19:01:24.558">
  <compact-info movecount="34348918" movebytes="1262352280" reason="compact on aggressive collection" />
</gc-op>
<heap-resize id="7128" type="contract" space="tenure" amount="22675456" count="1" timems="1.954" reason="insufficient time being spent in gc" timestamp="2020-09-12T19:01:24.561" />
<gc-end id="7129" type="global" contextid="7119" durationms="3574.618" usertimems="18558.948" systemtimems="11.696" timestamp="2020-09-12T19:01:24.561" activeThreads="8">
  <mem-info id="7130" free="1334524088" total="3186360320" percent="41">
    <mem type="nursery" free="92756032" total="939524096" percent="9">
      <mem type="allocate" free="92756032" total="469762048" percent="19" />
      <mem type="survivor" free="0" total="469762048" percent="0" />
    </mem>
    <mem type="tenure" free="1241768056" total="2246836224" percent="55">
      <mem type="soa" free="1219319928" total="2224367616" percent="54" />
      <mem type="loa" free="22448128" total="22468608" percent="99" />
    </mem>
    <pending-finalizers system="0" default="0" reference="199929" classloader="0" />
    <remembered-set count="93053" />
  </mem-info>
</gc-end>
<cycle-end id="7131" type="global" contextid="7119" timestamp="2020-09-12T19:01:24.561" />
<allocation-satisfied id="7132" threadId="000000000079FC00" bytesRequested="16" />
<af-end id="7133" timestamp="2020-09-12T19:01:24.561" threadId="00000000007A0580" success="true" from="nursery"/>
<exclusive-end id="7134" timestamp="2020-09-12T19:01:24.561" durationms="3575.586" />

<exclusive-start id="7135" timestamp="2020-09-12T19:01:26.568" intervalms="5582.369">
  <response-info timems="0.180" idlems="0.180" threads="0" lastid="000000000079FC00" lastname="ForkJoinPool-3-worker-9" />
</exclusive-start>
<af-start id="7136" threadId="00000000007A0580" totalBytesRequested="32" timestamp="2020-09-12T19:01:26.568" intervalms="5582.386" type="nursery" />
<cycle-start id="7137" type="scavenge" contextid="0" timestamp="2020-09-12T19:01:26.568" intervalms="6181.308" />
<gc-start id="7138" type="scavenge" contextid="7137" timestamp="2020-09-12T19:01:26.569">
  <mem-info id="7139" free="1241744664" total="3186360320" percent="38">
    <mem type="nursery" free="0" total="939524096" percent="0">
      <mem type="allocate" free="0" total="469762048" percent="0" />
      <mem type="survivor" free="0" total="469762048" percent="0" />
    </mem>
    <mem type="tenure" free="1241744664" total="2246836224" percent="55">
      <mem type="soa" free="1219296536" total="2224367616" percent="54" />
      <mem type="loa" free="22448128" total="22468608" percent="99" />
    </mem>
    <remembered-set count="301559" />
  </mem-info>
</gc-start>
<allocation-stats totalBytes="92518560" >
  <allocated-bytes non-tlh="7465112" tlh="85053448" />
  <largest-consumer threadName="ForkJoinPool-3-worker-9" threadId="000000000079FC00" bytes="83305296" />
</allocation-stats>
<gc-op id="7140" type="scavenge" timems="91.022" contextid="7137" timestamp="2020-09-12T19:01:26.660">
  <scavenger-info tenureage="1" tenuremask="7ffe" tiltratio="50" />
  <memory-copied type="nursery" objects="543123" bytes="255628896" bytesdiscarded="178776" />
  <memory-copied type="tenure" objects="2174148" bytes="126067032" bytesdiscarded="8152" />
  <ownableSynchronizers candidates="2779196" cleared="1589110" />
  <references type="soft" candidates="174" cleared="0" enqueued="0" dynamicThreshold="17" maxThreshold="32" />
  <references type="weak" candidates="43" cleared="1" enqueued="1" />
</gc-op>
<gc-end id="7141" type="scavenge" contextid="7137" durationms="92.192" usertimems="655.412" systemtimems="7.281" timestamp="2020-09-12T19:01:26.661" activeThreads="8">
  <mem-info id="7142" free="1334423000" total="3186360320" percent="41">
    <mem type="nursery" free="219019272" total="939524096" percent="23">
      <mem type="allocate" free="219019272" total="475201536" percent="46" />
      <mem type="survivor" free="0" total="464322560" percent="0" />
    </mem>
    <mem type="tenure" free="1115403728" total="2246836224" percent="49" macro-fragmented="9288619">
      <mem type="soa" free="1092955600" total="2224367616" percent="49" />
      <mem type="loa" free="22448128" total="22468608" percent="99" />
    </mem>
    <pending-finalizers system="0" default="0" reference="1" classloader="0" />
    <remembered-set count="206064" />
  </mem-info>
</gc-end>
<cycle-end id="7143" type="scavenge" contextid="7137" timestamp="2020-09-12T19:01:26.662" />
<allocation-satisfied id="7144" threadId="000000000079FC00" bytesRequested="32" />
<af-end id="7145" timestamp="2020-09-12T19:01:26.662" threadId="00000000007A0580" success="true" from="nursery"/>
<exclusive-end id="7146" timestamp="2020-09-12T19:01:26.662" durationms="93.750" />

<exclusive-start id="7147" timestamp="2020-09-12T19:01:27.680" intervalms="1111.681">
  <response-info timems="0.141" idlems="0.141" threads="0" lastid="000000000075E000" lastname="MapReducer.1" />
</exclusive-start>
<af-start id="7148" threadId="000000000075E980" totalBytesRequested="24" timestamp="2020-09-12T19:01:27.680" intervalms="1111.658" type="nursery" />
<cycle-start id="7149" type="scavenge" contextid="0" timestamp="2020-09-12T19:01:27.680" intervalms="1111.655" />
<gc-start id="7150" type="scavenge" contextid="7149" timestamp="2020-09-12T19:01:27.680">
  <mem-info id="7151" free="1115401704" total="3186360320" percent="35">
    <mem type="nursery" free="0" total="939524096" percent="0">
      <mem type="allocate" free="0" total="475201536" percent="0" />
      <mem type="survivor" free="0" total="464322560" percent="0" />
    </mem>
    <mem type="tenure" free="1115401704" total="2246836224" percent="49">
      <mem type="soa" free="1092953576" total="2224367616" percent="49" />
      <mem type="loa" free="22448128" total="22468608" percent="99" />
    </mem>
    <remembered-set count="206235" />
  </mem-info>
</gc-start>
<allocation-stats totalBytes="219015032" >
  <allocated-bytes non-tlh="124889720" tlh="94125312" />
  <largest-consumer threadName="ForkJoinPool-3-worker-9" threadId="000000000079FC00" bytes="161477184" />
</allocation-stats>
<gc-op id="7152" type="scavenge" timems="44.120" contextid="7149" timestamp="2020-09-12T19:01:27.725">
  <scavenger-info tenureage="1" tenuremask="7ffe" tiltratio="50" />
  <memory-copied type="nursery" objects="149319" bytes="126837992" bytesdiscarded="504336" />
  <memory-copied type="tenure" objects="7347" bytes="241373464" bytesdiscarded="8" />
  <ownableSynchronizers candidates="216368" cleared="216368" />
  <references type="soft" candidates="48" cleared="0" enqueued="0" dynamicThreshold="17" maxThreshold="32" />
  <references type="weak" candidates="17" cleared="1" enqueued="1" />
</gc-op>
<gc-end id="7153" type="scavenge" contextid="7149" durationms="44.741" usertimems="202.387" systemtimems="0.643" timestamp="2020-09-12T19:01:27.725" activeThreads="8">
  <mem-info id="7154" free="1257436000" total="3186360320" percent="39">
    <mem type="nursery" free="383444848" total="939524096" percent="40">
      <mem type="allocate" free="383444848" total="510787584" percent="75" />
      <mem type="survivor" free="0" total="428736512" percent="0" />
    </mem>
    <mem type="tenure" free="873991152" total="2246836224" percent="38" macro-fragmented="7740516">
      <mem type="soa" free="851543024" total="2224367616" percent="38" />
      <mem type="loa" free="22448128" total="22468608" percent="99" />
    </mem>
    <pending-finalizers system="0" default="0" reference="1" classloader="0" />
    <remembered-set count="200581" />
  </mem-info>
</gc-end>
<cycle-end id="7155" type="scavenge" contextid="7149" timestamp="2020-09-12T19:01:27.726" />
<allocation-satisfied id="7156" threadId="000000000075E000" bytesRequested="24" />
<af-end id="7157" timestamp="2020-09-12T19:01:27.726" threadId="000000000075E980" success="true" from="nursery"/>
<exclusive-end id="7158" timestamp="2020-09-12T19:01:27.726" durationms="46.934" />

<exclusive-start id="7159" timestamp="2020-09-12T19:01:28.119" intervalms="438.981">
  <response-info timems="0.083" idlems="0.083" threads="0" lastid="0000000000764800" lastname="Controller" />
</exclusive-start>
<sys-start reason="explicit" id="7160" timestamp="2020-09-12T19:01:28.119" intervalms="1000414.190" />
<cycle-start id="7161" type="global" contextid="0" timestamp="2020-09-12T19:01:28.119" intervalms="7132.960" />
<gc-start id="7162" type="global" contextid="7161" timestamp="2020-09-12T19:01:28.119">
  <mem-info id="7163" free="1219769368" total="3186360320" percent="38">
    <mem type="nursery" free="345779440" total="939524096" percent="36">
      <mem type="allocate" free="345779440" total="510787584" percent="67" />
      <mem type="survivor" free="0" total="428736512" percent="0" />
    </mem>
    <mem type="tenure" free="873989928" total="2246836224" percent="38">
      <mem type="soa" free="851541800" total="2224367616" percent="38" />
      <mem type="loa" free="22448128" total="22468608" percent="99" />
    </mem>
    <remembered-set count="400652" />
  </mem-info>
</gc-start>
<allocation-stats totalBytes="37664560" >
  <allocated-bytes non-tlh="6582088" tlh="31082472" />
  <largest-consumer threadName="MapReducer.1" threadId="000000000075E000" bytes="37479464" />
</allocation-stats>
<gc-op id="7164" type="mark" timems="80.604" contextid="7161" timestamp="2020-09-12T19:01:28.200">
  <trace-info objectcount="1882748" scancount="1858997" scanbytes="67452472" />
  <finalization candidates="150" enqueued="0" />
  <ownableSynchronizers candidates="1768337" cleared="1768294" />
  <references type="soft" candidates="2279" cleared="1424" enqueued="712" dynamicThreshold="17" maxThreshold="32" />
  <references type="weak" candidates="3418" cleared="22" enqueued="22" />
  <references type="phantom" candidates="102" cleared="0" enqueued="0" />
  <stringconstants candidates="10860" cleared="481"  />
</gc-op>
<gc-op id="7165" type="classunload" timems="0.054" contextid="7161" timestamp="2020-09-12T19:01:28.200">
  <classunload-info classloadercandidates="128" classloadersunloaded="0" classesunloaded="0" anonymousclassesunloaded="0" quiescems="0.000" setupms="0.052" scanms="0.001" postms="0.001" />
</gc-op>
<gc-op id="7166" type="sweep" timems="3.388" contextid="7161" timestamp="2020-09-12T19:01:28.203" />
<heap-resize id="7167" type="contract" space="tenure" amount="22413312" count="1" timems="0.701" reason="excess free space following gc" timestamp="2020-09-12T19:01:28.205" />
<gc-end id="7168" type="global" contextid="7161" durationms="85.641" usertimems="329.430" systemtimems="8.160" timestamp="2020-09-12T19:01:28.205" activeThreads="8">
  <mem-info id="7169" free="2423739088" total="3163947008" percent="76">
    <mem type="nursery" free="387835712" total="939524096" percent="41">
      <mem type="allocate" free="387835712" total="510787584" percent="75" />
      <mem type="survivor" free="0" total="428736512" percent="0" />
    </mem>
    <mem type="tenure" free="2035903376" total="2224422912" percent="91" micro-fragmented="49891" macro-fragmented="17301528">
      <mem type="soa" free="2013714320" total="2202178560" percent="91" />
      <mem type="loa" free="22189056" total="22244352" percent="99" />
    </mem>
    <pending-finalizers system="0" default="0" reference="734" classloader="0" />
    <remembered-set count="650" />
  </mem-info>
</gc-end>
<cycle-end id="7170" type="global" contextid="7161" timestamp="2020-09-12T19:01:28.205" />
<sys-end id="7171" timestamp="2020-09-12T19:01:28.205" />
<exclusive-end id="7172" timestamp="2020-09-12T19:01:28.205" durationms="86.926" />

<exclusive-start id="7173" timestamp="2020-09-12T19:01:29.105" intervalms="985.977">
  <response-info timems="0.190" idlems="0.190" threads="0" lastid="00000000007AB000" lastname="ForkJoinPool-3-worker-5" />
</exclusive-start>
<af-start id="7174" threadId="00000000007AB980" totalBytesRequested="16" timestamp="2020-09-12T19:01:29.105" intervalms="1424.968" type="nursery" />
<cycle-start id="7175" type="scavenge" contextid="0" timestamp="2020-09-12T19:01:29.105" intervalms="1424.975" />
<gc-start id="7176" type="scavenge" contextid="7175" timestamp="2020-09-12T19:01:29.106">
  <mem-info id="7177" free="2035859368" total="3163947008" percent="64">
    <mem type="nursery" free="0" total="939524096" percent="0">
      <mem type="allocate" free="0" total="510787584" percent="0" />
      <mem type="survivor" free="0" total="428736512" percent="0" />
    </mem>
    <mem type="tenure" free="2035859368" total="2224422912" percent="91">
      <mem type="soa" free="2013670312" total="2202178560" percent="91" />
      <mem type="loa" free="22189056" total="22244352" percent="99" />
    </mem>
    <remembered-set count="1902" />
  </mem-info>
</gc-start>
<allocation-stats totalBytes="387838192" >
  <allocated-bytes non-tlh="54605264" tlh="333232928" />
  <largest-consumer threadName="ForkJoinPool-3-worker-9" threadId="000000000079FC00" bytes="199817960" />
</allocation-stats>
<gc-op id="7178" type="scavenge" timems="102.706" contextid="7175" timestamp="2020-09-12T19:01:29.208">
  <scavenger-info tenureage="1" tenuremask="7ffe" tiltratio="54" />
  <memory-copied type="nursery" objects="3572028" bytes="125864520" bytesdiscarded="168768" />
  <memory-copied type="tenure" objects="1380" bytes="122927184" bytesdiscarded="512" />
  <ownableSynchronizers candidates="239251" cleared="118" />
  <references type="soft" candidates="125085" cleared="0" enqueued="0" dynamicThreshold="29" maxThreshold="32" />
  <references type="weak" candidates="91" cleared="3" enqueued="3" />
</gc-op>
<gc-end id="7179" type="scavenge" contextid="7175" durationms="103.275" usertimems="772.395" systemtimems="0.000" timestamp="2020-09-12T19:01:29.209" activeThreads="8">
  <mem-info id="7180" free="2355009688" total="3163947008" percent="74">
    <mem type="nursery" free="442093440" total="939524096" percent="47">
      <mem type="allocate" free="442093440" total="568131584" percent="77" />
      <mem type="survivor" free="0" total="371392512" percent="0" />
    </mem>
    <mem type="tenure" free="1912916248" total="2224422912" percent="85" macro-fragmented="69001089">
      <mem type="soa" free="1890727192" total="2202178560" percent="85" />
      <mem type="loa" free="22189056" total="22244352" percent="99" />
    </mem>
    <pending-finalizers system="0" default="0" reference="3" classloader="0" />
    <remembered-set count="1760" />
  </mem-info>
</gc-end>
<cycle-end id="7181" type="scavenge" contextid="7175" timestamp="2020-09-12T19:01:29.210" />
<allocation-satisfied id="7182" threadId="00000000007AB000" bytesRequested="16" />
<af-end id="7183" timestamp="2020-09-12T19:01:29.210" threadId="00000000007AB980" success="true" from="nursery"/>
<exclusive-end id="7184" timestamp="2020-09-12T19:01:29.210" durationms="105.756" />

<exclusive-start id="7185" timestamp="2020-09-12T19:01:29.733" intervalms="628.439">
  <response-info timems="0.154" idlems="0.154" threads="0" lastid="00000000007AB000" lastname="ForkJoinPool-3-worker-5" />
</exclusive-start>
<af-start id="7186" threadId="00000000007AB980" totalBytesRequested="2883592" timestamp="2020-09-12T19:01:29.733" intervalms="628.433" type="nursery" />
<cycle-start id="7187" type="scavenge" contextid="0" timestamp="2020-09-12T19:01:29.733" intervalms="628.428" />
<gc-start id="7188" type="scavenge" contextid="7187" timestamp="2020-09-12T19:01:29.734">
  <mem-info id="7189" free="1914533712" total="3163947008" percent="60">
    <mem type="nursery" free="1617672" total="939524096" percent="0">
      <mem type="allocate" free="1617672" total="568131584" percent="0" />
      <mem type="survivor" free="0" total="371392512" percent="0" />
    </mem>
    <mem type="tenure" free="1912916040" total="2224422912" percent="85">
      <mem type="soa" free="1890726984" total="2202178560" percent="85" />
      <mem type="loa" free="22189056" total="22244352" percent="99" />
    </mem>
    <remembered-set count="1765" />
  </mem-info>
</gc-start>
<allocation-stats totalBytes="440452896" >
  <allocated-bytes non-tlh="78905672" tlh="361547224" />
  <largest-consumer threadName="ForkJoinPool-3-worker-13" threadId="00000000007AEB00" bytes="179659496" />
</allocation-stats>
<gc-op id="7190" type="scavenge" timems="134.922" contextid="7187" timestamp="2020-09-12T19:01:29.869">
  <scavenger-info tenureage="1" tenuremask="7ffe" tiltratio="60" />
  <memory-copied type="nursery" objects="3228064" bytes="148358776" bytesdiscarded="539128" />
  <memory-copied type="tenure" objects="3571964" bytes="99911288" bytesdiscarded="12952" />
  <ownableSynchronizers candidates="850081" cleared="0" />
</gc-op>
<gc-end id="7191" type="scavenge" contextid="7187" durationms="135.328" usertimems="1053.276" systemtimems="6.340" timestamp="2020-09-12T19:01:29.869" activeThreads="8">
  <mem-info id="7192" free="2267803328" total="3163947008" percent="71">
    <mem type="nursery" free="455212904" total="939524096" percent="48">
      <mem type="allocate" free="455212904" total="604110848" percent="75" />
      <mem type="survivor" free="0" total="335413248" percent="0" />
    </mem>
    <mem type="tenure" free="1812590424" total="2224422912" percent="81" macro-fragmented="0">
      <mem type="soa" free="1790401368" total="2202178560" percent="81" />
      <mem type="loa" free="22189056" total="22244352" percent="99" />
    </mem>
    <remembered-set count="1737" />
  </mem-info>
</gc-end>
<cycle-end id="7193" type="scavenge" contextid="7187" timestamp="2020-09-12T19:01:29.870" />
<allocation-satisfied id="7194" threadId="00000000007AB000" bytesRequested="2883592" />
<af-end id="7195" timestamp="2020-09-12T19:01:29.870" threadId="00000000007AB980" success="true" from="nursery"/>
<exclusive-end id="7196" timestamp="2020-09-12T19:01:29.870" durationms="137.221" />

<exclusive-start id="7197" timestamp="2020-09-12T19:01:30.418" intervalms="685.015">
  <response-info timems="1.306" idlems="1.306" threads="0" lastid="00000000007AEB00" lastname="ForkJoinPool-3-worker-13" />
</exclusive-start>
<af-start id="7198" threadId="00000000007AF480" totalBytesRequested="16" timestamp="2020-09-12T19:01:30.418" intervalms="685.043" type="nursery" />
<cycle-start id="7199" type="scavenge" contextid="0" timestamp="2020-09-12T19:01:30.418" intervalms="685.042" />
<gc-start id="7200" type="scavenge" contextid="7199" timestamp="2020-09-12T19:01:30.419">
  <mem-info id="7201" free="1812590128" total="3163947008" percent="57">
    <mem type="nursery" free="0" total="939524096" percent="0">
      <mem type="allocate" free="0" total="604110848" percent="0" />
      <mem type="survivor" free="0" total="335413248" percent="0" />
    </mem>
    <mem type="tenure" free="1812590128" total="2224422912" percent="81">
      <mem type="soa" free="1790401072" total="2202178560" percent="81" />
      <mem type="loa" free="22189056" total="22244352" percent="99" />
    </mem>
    <remembered-set count="8618" />
  </mem-info>
</gc-start>
<allocation-stats totalBytes="455189936" >
  <allocated-bytes non-tlh="26214728" tlh="428975208" />
  <largest-consumer threadName="ForkJoinPool-3-worker-5" threadId="00000000007AB000" bytes="183590608" />
</allocation-stats>
<gc-op id="7202" type="scavenge" timems="152.520" contextid="7199" timestamp="2020-09-12T19:01:30.572">
  <scavenger-info tenureage="1" tenuremask="7ffe" tiltratio="64" />
  <memory-copied type="nursery" objects="4270578" bytes="126596648" bytesdiscarded="394512" />
  <memory-copied type="tenure" objects="3228026" bytes="135381936" bytesdiscarded="9520" />
  <ownableSynchronizers candidates="1501622" cleared="0" />
  <references type="soft" candidates="14" cleared="0" enqueued="0" dynamicThreshold="29" maxThreshold="32" />
  <references type="weak" candidates="1" cleared="0" enqueued="0" />
</gc-op>
<gc-end id="7203" type="scavenge" contextid="7199" durationms="152.937" usertimems="1097.310" systemtimems="0.000" timestamp="2020-09-12T19:01:30.572" activeThreads="8">
  <mem-info id="7204" free="2188129464" total="3163947008" percent="69">
    <mem type="nursery" free="511001784" total="939524096" percent="54">
      <mem type="allocate" free="511001784" total="637992960" percent="80" />
      <mem type="survivor" free="0" total="301531136" percent="0" />
    </mem>
    <mem type="tenure" free="1677127680" total="2224422912" percent="75" macro-fragmented="0">
      <mem type="soa" free="1654938624" total="2202178560" percent="75" />
      <mem type="loa" free="22189056" total="22244352" percent="99" />
    </mem>
    <remembered-set count="628" />
  </mem-info>
</gc-end>
<cycle-end id="7205" type="scavenge" contextid="7199" timestamp="2020-09-12T19:01:30.573" />
<allocation-satisfied id="7206" threadId="00000000007AEB00" bytesRequested="16" />
<af-end id="7207" timestamp="2020-09-12T19:01:30.573" threadId="00000000007AF480" success="true" from="nursery"/>
<exclusive-end id="7208" timestamp="2020-09-12T19:01:30.573" durationms="155.242" />

<exclusive-start id="7209" timestamp="2020-09-12T19:01:31.261" intervalms="843.241">
  <response-info timems="0.192" idlems="0.192" threads="0" lastid="000000000079FC00" lastname="ForkJoinPool-3-worker-9" />
</exclusive-start>
<af-start id="7210" threadId="00000000007A0580" totalBytesRequested="16" timestamp="2020-09-12T19:01:31.261" intervalms="843.228" type="nursery" />
<cycle-start id="7211" type="scavenge" contextid="0" timestamp="2020-09-12T19:01:31.262" intervalms="843.227" />
<gc-start id="7212" type="scavenge" contextid="7211" timestamp="2020-09-12T19:01:31.262">
  <mem-info id="7213" free="1677123944" total="3163947008" percent="53">
    <mem type="nursery" free="0" total="939524096" percent="0">
      <mem type="allocate" free="0" total="637992960" percent="0" />
      <mem type="survivor" free="0" total="301531136" percent="0" />
    </mem>
    <mem type="tenure" free="1677123944" total="2224422912" percent="75">
      <mem type="soa" free="1654934888" total="2202178560" percent="75" />
      <mem type="loa" free="22189056" total="22244352" percent="99" />
    </mem>
    <remembered-set count="25949" />
  </mem-info>
</gc-start>
<allocation-stats totalBytes="510979680" >
  <allocated-bytes non-tlh="161693896" tlh="349285784" />
  <largest-consumer threadName="ForkJoinPool-3-worker-9" threadId="000000000079FC00" bytes="238113856" />
</allocation-stats>
<gc-op id="7214" type="scavenge" timems="191.106" contextid="7211" timestamp="2020-09-12T19:01:31.453">
  <scavenger-info tenureage="1" tenuremask="7ffe" tiltratio="67" />
  <memory-copied type="nursery" objects="4470655" bytes="263059296" bytesdiscarded="434272" />
  <memory-copied type="tenure" objects="4270528" bytes="100641296" bytesdiscarded="9328" />
  <ownableSynchronizers candidates="1490334" cleared="0" />
  <references type="soft" candidates="105" cleared="0" enqueued="0" dynamicThreshold="29" maxThreshold="32" />
  <references type="weak" candidates="27" cleared="4" enqueued="4" />
</gc-op>
<gc-end id="7215" type="scavenge" contextid="7211" durationms="191.528" usertimems="1509.260" systemtimems="3.530" timestamp="2020-09-12T19:01:31.453" activeThreads="8">
  <mem-info id="7216" free="1834093336" total="3163947008" percent="57">
    <mem type="nursery" free="257713888" total="939524096" percent="27">
      <mem type="allocate" free="257713888" total="521207808" percent="49" />
      <mem type="survivor" free="0" total="418316288" percent="0" />
    </mem>
    <mem type="tenure" free="1576379448" total="2224422912" percent="70" macro-fragmented="0">
      <mem type="soa" free="1554190392" total="2202178560" percent="70" />
      <mem type="loa" free="22189056" total="22244352" percent="99" />
    </mem>
    <pending-finalizers system="0" default="0" reference="4" classloader="0" />
    <remembered-set count="692" />
  </mem-info>
</gc-end>
<cycle-end id="7217" type="scavenge" contextid="7211" timestamp="2020-09-12T19:01:31.455" />
<allocation-satisfied id="7218" threadId="000000000079FC00" bytesRequested="16" />
<af-end id="7219" timestamp="2020-09-12T19:01:31.455" threadId="00000000007A0580" success="true" from="nursery"/>
<exclusive-end id="7220" timestamp="2020-09-12T19:01:31.455" durationms="193.411" />

<exclusive-start id="7221" timestamp="2020-09-12T19:01:31.958" intervalms="697.278">
  <response-info timems="0.142" idlems="0.142" threads="0" lastid="00000000007AEB00" lastname="ForkJoinPool-3-worker-13" />
</exclusive-start>
<af-start id="7222" threadId="00000000007AF480" totalBytesRequested="24" timestamp="2020-09-12T19:01:31.959" intervalms="697.252" type="nursery" />
<cycle-start id="7223" type="scavenge" contextid="0" timestamp="2020-09-12T19:01:31.959" intervalms="697.263" />
<gc-start id="7224" type="scavenge" contextid="7223" timestamp="2020-09-12T19:01:31.960">
  <mem-info id="7225" free="1576379448" total="3163947008" percent="49">
    <mem type="nursery" free="0" total="939524096" percent="0">
      <mem type="allocate" free="0" total="521207808" percent="0" />
      <mem type="survivor" free="0" total="418316288" percent="0" />
    </mem>
    <mem type="tenure" free="1576379448" total="2224422912" percent="70">
      <mem type="soa" free="1554190392" total="2202178560" percent="70" />
      <mem type="loa" free="22189056" total="22244352" percent="99" />
    </mem>
    <remembered-set count="701" />
  </mem-info>
</gc-start>
<allocation-stats totalBytes="257697912" >
  <allocated-bytes non-tlh="16" tlh="257697896" />
  <largest-consumer threadName="ForkJoinPool-3-worker-9" threadId="000000000079FC00" bytes="136619432" />
</allocation-stats>
<gc-op id="7226" type="scavenge" timems="209.656" contextid="7223" timestamp="2020-09-12T19:01:32.169">
  <scavenger-info tenureage="1" tenuremask="7ffe" tiltratio="55" />
  <memory-copied type="nursery" objects="3637892" bytes="86915064" bytesdiscarded="129288" />
  <memory-copied type="tenure" objects="4470626" bytes="263058304" bytesdiscarded="7096" />
  <ownableSynchronizers candidates="891277" cleared="0" />
</gc-op>
<gc-end id="7227" type="scavenge" contextid="7223" durationms="210.099" usertimems="1636.058" systemtimems="15.592" timestamp="2020-09-12T19:01:32.170" activeThreads="8">
  <mem-info id="7228" free="1772336648" total="3163947008" percent="56">
    <mem type="nursery" free="458870528" total="939524096" percent="48">
      <mem type="allocate" free="458870528" total="545914880" percent="84" />
      <mem type="survivor" free="0" total="393609216" percent="0" />
    </mem>
    <mem type="tenure" free="1313466120" total="2224422912" percent="59" macro-fragmented="1250136">
      <mem type="soa" free="1291277064" total="2202178560" percent="58" />
      <mem type="loa" free="22189056" total="22244352" percent="99" />
    </mem>
    <remembered-set count="630" />
  </mem-info>
</gc-end>
<cycle-end id="7229" type="scavenge" contextid="7223" timestamp="2020-09-12T19:01:32.170" />
<allocation-satisfied id="7230" threadId="00000000007AEB00" bytesRequested="24" />
<af-end id="7231" timestamp="2020-09-12T19:01:32.170" threadId="00000000007AF480" success="true" from="nursery"/>
<exclusive-end id="7232" timestamp="2020-09-12T19:01:32.170" durationms="211.860" />

<exclusive-start id="7233" timestamp="2020-09-12T19:01:32.805" intervalms="846.874">
  <response-info timems="0.182" idlems="0.182" threads="0" lastid="00000000007AB000" lastname="ForkJoinPool-3-worker-5" />
</exclusive-start>
<af-start id="7234" threadId="00000000007AB980" totalBytesRequested="48" timestamp="2020-09-12T19:01:32.806" intervalms="846.920" type="nursery" />
<cycle-start id="7235" type="scavenge" contextid="0" timestamp="2020-09-12T19:01:32.806" intervalms="846.920" />
<gc-start id="7236" type="scavenge" contextid="7235" timestamp="2020-09-12T19:01:32.806">
  <mem-info id="7237" free="1313466120" total="3163947008" percent="41">
    <mem type="nursery" free="0" total="939524096" percent="0">
      <mem type="allocate" free="0" total="545914880" percent="0" />
      <mem type="survivor" free="0" total="393609216" percent="0" />
    </mem>
    <mem type="tenure" free="1313466120" total="2224422912" percent="59">
      <mem type="soa" free="1291277064" total="2202178560" percent="58" />
      <mem type="loa" free="22189056" total="22244352" percent="99" />
    </mem>
    <remembered-set count="641" />
  </mem-info>
</gc-start>
<allocation-stats totalBytes="458828912" >
  <allocated-bytes non-tlh="9788680" tlh="449040232" />
  <largest-consumer threadName="ForkJoinPool-3-worker-9" threadId="000000000079FC00" bytes="187606880" />
</allocation-stats>
<gc-op id="7238" type="scavenge" timems="287.418" contextid="7235" timestamp="2020-09-12T19:01:33.094">
  <scavenger-info tenureage="1" tenuremask="7ffe" tiltratio="58" />
  <memory-copied type="nursery" objects="7840839" bytes="216604784" bytesdiscarded="141632" />
  <memory-copied type="tenure" objects="3530271" bytes="85192984" bytesdiscarded="6944" />
  <ownableSynchronizers candidates="691795" cleared="0" />
  <references type="soft" candidates="200000" cleared="0" enqueued="0" dynamicThreshold="29" maxThreshold="32" />
  <references type="weak" candidates="6" cleared="0" enqueued="0" />
</gc-op>
<gc-end id="7239" type="scavenge" contextid="7235" durationms="287.942" usertimems="2247.282" systemtimems="28.192" timestamp="2020-09-12T19:01:33.094" activeThreads="8">
  <mem-info id="7240" free="1558273528" total="3163947008" percent="49">
    <mem type="nursery" free="330348048" total="939524096" percent="35">
      <mem type="allocate" free="330348048" total="547094528" percent="60" />
      <mem type="survivor" free="0" total="392429568" percent="0" />
    </mem>
    <mem type="tenure" free="1227925480" total="2224422912" percent="55" macro-fragmented="0">
      <mem type="soa" free="1205736424" total="2202178560" percent="54" />
      <mem type="loa" free="22189056" total="22244352" percent="99" />
    </mem>
    <remembered-set count="596" />
  </mem-info>
</gc-end>
<cycle-end id="7241" type="scavenge" contextid="7235" timestamp="2020-09-12T19:01:33.095" />
<allocation-satisfied id="7242" threadId="00000000007AB000" bytesRequested="48" />
<af-end id="7243" timestamp="2020-09-12T19:01:33.095" threadId="00000000007AB980" success="true" from="nursery"/>
<exclusive-end id="7244" timestamp="2020-09-12T19:01:33.095" durationms="289.686" />

<exclusive-start id="7245" timestamp="2020-09-12T19:01:33.370" intervalms="564.370">
  <response-info timems="0.148" idlems="0.148" threads="0" lastid="00000000007AB000" lastname="ForkJoinPool-3-worker-5" />
</exclusive-start>
<af-start id="7246" threadId="00000000007AB980" totalBytesRequested="1048584" timestamp="2020-09-12T19:01:33.370" intervalms="564.335" type="nursery" />
<cycle-start id="7247" type="scavenge" contextid="0" timestamp="2020-09-12T19:01:33.370" intervalms="564.319" />
<gc-start id="7248" type="scavenge" contextid="7247" timestamp="2020-09-12T19:01:33.370">
  <mem-info id="7249" free="1228126184" total="3163947008" percent="38">
    <mem type="nursery" free="200704" total="939524096" percent="0">
      <mem type="allocate" free="200704" total="547094528" percent="0" />
      <mem type="survivor" free="0" total="392429568" percent="0" />
    </mem>
    <mem type="tenure" free="1227925480" total="2224422912" percent="55">
      <mem type="soa" free="1205736424" total="2202178560" percent="54" />
      <mem type="loa" free="22189056" total="22244352" percent="99" />
    </mem>
    <remembered-set count="598" />
  </mem-info>
</gc-start>
<allocation-stats totalBytes="330123344" >
  <allocated-bytes non-tlh="18211344" tlh="311912000" />
  <largest-consumer threadName="ForkJoinPool-3-worker-5" threadId="00000000007AB000" bytes="122474200" />
</allocation-stats>
<gc-op id="7250" type="scavenge" timems="130.210" contextid="7247" timestamp="2020-09-12T19:01:33.500">
  <scavenger-info tenureage="1" tenuremask="7ffe" tiltratio="58" />
  <memory-copied type="nursery" objects="2390045" bytes="52642704" bytesdiscarded="271160" />
  <memory-copied type="tenure" objects="4189359" bytes="101667840" bytesdiscarded="8856" />
  <ownableSynchronizers candidates="589868" cleared="0" />
  <references type="weak" candidates="3" cleared="0" enqueued="0" />
</gc-op>
<gc-end id="7251" type="scavenge" contextid="7247" durationms="130.695" usertimems="1010.561" systemtimems="11.043" timestamp="2020-09-12T19:01:33.501" activeThreads="8">
  <mem-info id="7252" free="1650845184" total="3163947008" percent="52">
    <mem type="nursery" free="524130592" total="939524096" percent="55">
      <mem type="allocate" free="524130592" total="577044480" percent="90" />
      <mem type="survivor" free="0" total="362479616" percent="0" />
    </mem>
    <mem type="tenure" free="1126714592" total="2224422912" percent="50" macro-fragmented="0">
      <mem type="soa" free="1104525536" total="2202178560" percent="50" />
      <mem type="loa" free="22189056" total="22244352" percent="99" />
    </mem>
    <remembered-set count="555" />
  </mem-info>
</gc-end>
<cycle-end id="7253" type="scavenge" contextid="7247" timestamp="2020-09-12T19:01:33.502" />
<allocation-satisfied id="7254" threadId="00000000007AB000" bytesRequested="1048584" />
<af-end id="7255" timestamp="2020-09-12T19:01:33.502" threadId="00000000007AB980" success="true" from="nursery"/>
<exclusive-end id="7256" timestamp="2020-09-12T19:01:33.502" durationms="132.127" />

<exclusive-start id="7257" timestamp="2020-09-12T19:01:37.442" intervalms="4071.925">
  <response-info timems="0.186" idlems="0.186" threads="0" lastid="000000000079FC00" lastname="ForkJoinPool-3-worker-9" />
</exclusive-start>
<af-start id="7258" threadId="00000000007A0580" totalBytesRequested="72" timestamp="2020-09-12T19:01:37.442" intervalms="4071.939" type="nursery" />
<cycle-start id="7259" type="scavenge" contextid="0" timestamp="2020-09-12T19:01:37.442" intervalms="4071.947" />
<gc-start id="7260" type="scavenge" contextid="7259" timestamp="2020-09-12T19:01:37.442">
  <mem-info id="7261" free="1126714592" total="3163947008" percent="35">
    <mem type="nursery" free="0" total="939524096" percent="0">
      <mem type="allocate" free="0" total="577044480" percent="0" />
      <mem type="survivor" free="0" total="362479616" percent="0" />
    </mem>
    <mem type="tenure" free="1126714592" total="2224422912" percent="50">
      <mem type="soa" free="1104525536" total="2202178560" percent="50" />
      <mem type="loa" free="22189056" total="22244352" percent="99" />
    </mem>
    <remembered-set count="77270" />
  </mem-info>
</gc-start>
<allocation-stats totalBytes="523933512" >
  <allocated-bytes non-tlh="109576264" tlh="414357248" />
  <largest-consumer threadName="ForkJoinPool-3-worker-9" threadId="000000000079FC00" bytes="516745408" />
</allocation-stats>
<gc-op id="7262" type="scavenge" timems="240.437" contextid="7259" timestamp="2020-09-12T19:01:37.683">
  <scavenger-info tenureage="2" tenuremask="7ffc" tiltratio="61" />
  <memory-copied type="nursery" objects="10256931" bytes="336926040" bytesdiscarded="199056" />
  <ownableSynchronizers candidates="392489" cleared="0" />
  <references type="weak" candidates="3" cleared="0" enqueued="0" />
</gc-op>
<gc-end id="7263" type="scavenge" contextid="7259" durationms="240.890" usertimems="1916.158" systemtimems="0.000" timestamp="2020-09-12T19:01:37.683" activeThreads="8">
  <mem-info id="7264" free="1259351480" total="3163947008" percent="39">
    <mem type="nursery" free="132636888" total="939524096" percent="14">
      <mem type="allocate" free="132636888" total="469762048" percent="28" />
      <mem type="survivor" free="0" total="469762048" percent="0" />
    </mem>
    <mem type="tenure" free="1126714592" total="2224422912" percent="50" macro-fragmented="0">
      <mem type="soa" free="1104525536" total="2202178560" percent="50" />
      <mem type="loa" free="22189056" total="22244352" percent="99" />
    </mem>
    <remembered-set count="679" />
  </mem-info>
</gc-end>
<cycle-end id="7265" type="scavenge" contextid="7259" timestamp="2020-09-12T19:01:37.684" />
<allocation-satisfied id="7266" threadId="000000000079FC00" bytesRequested="72" />
<af-end id="7267" timestamp="2020-09-12T19:01:37.684" threadId="00000000007A0580" success="true" from="nursery"/>
<exclusive-end id="7268" timestamp="2020-09-12T19:01:37.684" durationms="242.370" />

<exclusive-start id="7269" timestamp="2020-09-12T19:01:38.846" intervalms="1404.110">
  <response-info timems="0.128" idlems="0.128" threads="0" lastid="000000000079FC00" lastname="ForkJoinPool-3-worker-9" />
</exclusive-start>
<af-start id="7270" threadId="00000000007A0580" totalBytesRequested="16" timestamp="2020-09-12T19:01:38.846" intervalms="1404.118" type="nursery" />
<cycle-start id="7271" type="scavenge" contextid="0" timestamp="2020-09-12T19:01:38.846" intervalms="1404.115" />
<gc-start id="7272" type="scavenge" contextid="7271" timestamp="2020-09-12T19:01:38.847">
  <mem-info id="7273" free="1126714592" total="3163947008" percent="35">
    <mem type="nursery" free="0" total="939524096" percent="0">
      <mem type="allocate" free="0" total="469762048" percent="0" />
      <mem type="survivor" free="0" total="469762048" percent="0" />
    </mem>
    <mem type="tenure" free="1126714592" total="2224422912" percent="50">
      <mem type="soa" free="1104525536" total="2202178560" percent="50" />
      <mem type="loa" free="22189056" total="22244352" percent="99" />
    </mem>
    <remembered-set count="689" />
  </mem-info>
</gc-start>
<allocation-stats totalBytes="132629912" >
  <allocated-bytes non-tlh="2883704" tlh="129746208" />
  <largest-consumer threadName="ForkJoinPool-3-worker-9" threadId="000000000079FC00" bytes="132572568" />
</allocation-stats>
<gc-op id="7274" type="scavenge" timems="228.891" contextid="7271" timestamp="2020-09-12T19:01:39.076">
  <scavenger-info tenureage="1" tenuremask="7ffe" tiltratio="50" />
  <memory-copied type="nursery" objects="2683989" bytes="61825024" bytesdiscarded="456464" />
  <memory-copied type="tenure" objects="10247760" bytes="336126008" bytesdiscarded="25504" />
  <ownableSynchronizers candidates="392537" cleared="0" />
</gc-op>
<gc-end id="7275" type="scavenge" contextid="7271" durationms="229.347" usertimems="1804.042" systemtimems="1.612" timestamp="2020-09-12T19:01:39.076" activeThreads="8">
  <mem-info id="7276" free="1198053912" total="3163947008" percent="37">
    <mem type="nursery" free="407480560" total="939524096" percent="43">
      <mem type="allocate" free="407480560" total="469762048" percent="86" />
      <mem type="survivor" free="0" total="469762048" percent="0" />
    </mem>
    <mem type="tenure" free="790573352" total="2224422912" percent="35" macro-fragmented="0">
      <mem type="soa" free="768384296" total="2202178560" percent="34" />
      <mem type="loa" free="22189056" total="22244352" percent="99" />
    </mem>
    <remembered-set count="9697" />
  </mem-info>
</gc-end>
<cycle-end id="7277" type="scavenge" contextid="7271" timestamp="2020-09-12T19:01:39.077" />
<allocation-satisfied id="7278" threadId="000000000079FC00" bytesRequested="16" />
<af-end id="7279" timestamp="2020-09-12T19:01:39.077" threadId="00000000007A0580" success="true" from="nursery"/>
<exclusive-end id="7280" timestamp="2020-09-12T19:01:39.077" durationms="230.816" />

<exclusive-start id="7281" timestamp="2020-09-12T19:01:39.319" intervalms="473.117">
  <response-info timems="0.344" idlems="0.340" threads="2" lastid="0000000000D83500" lastname="ForkJoinPool-18-worker-1" />
</exclusive-start>
<af-start id="7282" threadId="0000000000897580" totalBytesRequested="24" timestamp="2020-09-12T19:01:39.319" intervalms="473.088" type="nursery" />
<cycle-start id="7283" type="scavenge" contextid="0" timestamp="2020-09-12T19:01:39.319" intervalms="473.095" />
<gc-start id="7284" type="scavenge" contextid="7283" timestamp="2020-09-12T19:01:39.319">
  <mem-info id="7285" free="790573352" total="3163947008" percent="24">
    <mem type="nursery" free="0" total="939524096" percent="0">
      <mem type="allocate" free="0" total="469762048" percent="0" />
      <mem type="survivor" free="0" total="469762048" percent="0" />
    </mem>
    <mem type="tenure" free="790573352" total="2224422912" percent="35">
      <mem type="soa" free="768384296" total="2202178560" percent="34" />
      <mem type="loa" free="22189056" total="22244352" percent="99" />
    </mem>
    <remembered-set count="9700" />
  </mem-info>
</gc-start>
<allocation-stats totalBytes="407251664" >
  <allocated-bytes non-tlh="6918856" tlh="400332808" />
  <largest-consumer threadName="ForkJoinPool-3-worker-9" threadId="000000000079FC00" bytes="91003816" />
</allocation-stats>
<gc-op id="7286" type="scavenge" timems="194.890" contextid="7283" timestamp="2020-09-12T19:01:39.514">
  <scavenger-info tenureage="1" tenuremask="7ffe" tiltratio="50" />
  <memory-copied type="nursery" objects="10157048" bytes="281808408" bytesdiscarded="309528" />
  <memory-copied type="tenure" objects="1297358" bytes="34138912" bytesdiscarded="2256" />
  <ownableSynchronizers candidates="64" cleared="64" />
</gc-op>
<gc-end id="7287" type="scavenge" contextid="7283" durationms="195.363" usertimems="1498.515" systemtimems="15.625" timestamp="2020-09-12T19:01:39.515" activeThreads="8">
  <mem-info id="7288" free="943844200" total="3163947008" percent="29">
    <mem type="nursery" free="187644016" total="939524096" percent="19">
      <mem type="allocate" free="187644016" total="469762048" percent="39" />
      <mem type="survivor" free="0" total="469762048" percent="0" />
    </mem>
    <mem type="tenure" free="756200184" total="2224422912" percent="33" macro-fragmented="28835880">
      <mem type="soa" free="734011128" total="2202178560" percent="33" />
      <mem type="loa" free="22189056" total="22244352" percent="99" />
    </mem>
    <remembered-set count="540" />
  </mem-info>
</gc-end>
<cycle-end id="7289" type="scavenge" contextid="7283" timestamp="2020-09-12T19:01:39.516" />
<allocation-satisfied id="7290" threadId="0000000000896C00" bytesRequested="24" />
<af-end id="7291" timestamp="2020-09-12T19:01:39.516" threadId="0000000000897580" success="true" from="nursery"/>
<exclusive-end id="7292" timestamp="2020-09-12T19:01:39.516" durationms="196.711" />

<exclusive-start id="7293" timestamp="2020-09-12T19:01:39.545" intervalms="226.510">
  <response-info timems="0.282" idlems="0.239" threads="1" lastid="0000000000896C00" lastname="ForkJoinPool-18-worker-7" />
</exclusive-start>
<af-start id="7294" threadId="0000000000E22D80" totalBytesRequested="24" timestamp="2020-09-12T19:01:39.546" intervalms="226.543" type="nursery" />
<cycle-start id="7295" type="scavenge" contextid="0" timestamp="2020-09-12T19:01:39.546" intervalms="226.540" />
<gc-start id="7296" type="scavenge" contextid="7295" timestamp="2020-09-12T19:01:39.547">
  <mem-info id="7297" free="756200184" total="3163947008" percent="23">
    <mem type="nursery" free="0" total="939524096" percent="0">
      <mem type="allocate" free="0" total="469762048" percent="0" />
      <mem type="survivor" free="0" total="469762048" percent="0" />
    </mem>
    <mem type="tenure" free="756200184" total="2224422912" percent="33">
      <mem type="soa" free="734011128" total="2202178560" percent="33" />
      <mem type="loa" free="22189056" total="22244352" percent="99" />
    </mem>
    <remembered-set count="549" />
  </mem-info>
</gc-start>
<allocation-stats totalBytes="187588976" >
  <allocated-bytes non-tlh="24" tlh="187588952" />
  <largest-consumer threadName="ForkJoinPool-18-worker-15" threadId="0000000000DAFA00" bytes="41372944" />
</allocation-stats>
<gc-op id="7298" type="scavenge" timems="259.832" contextid="7295" timestamp="2020-09-12T19:01:39.806">
  <scavenger-info tenureage="1" tenuremask="7ffe" tiltratio="50" />
  <memory-copied type="nursery" objects="5823944" bytes="161450784" bytesdiscarded="95704" />
  <memory-copied type="tenure" objects="10157001" bytes="281804568" bytesdiscarded="114864" />
</gc-op>
<gc-end id="7299" type="scavenge" contextid="7295" durationms="260.292" usertimems="2012.305" systemtimems="26.238" timestamp="2020-09-12T19:01:39.807" activeThreads="8">
  <mem-info id="7300" free="782562480" total="3163947008" percent="24">
    <mem type="nursery" free="308215552" total="939524096" percent="32">
      <mem type="allocate" free="308215552" total="469762048" percent="65" />
      <mem type="survivor" free="0" total="469762048" percent="0" />
    </mem>
    <mem type="tenure" free="474346928" total="2224422912" percent="21" macro-fragmented="37019522">
      <mem type="soa" free="452157872" total="2202178560" percent="20" />
      <mem type="loa" free="22189056" total="22244352" percent="99" />
    </mem>
    <remembered-set count="635" />
  </mem-info>
</gc-end>
<cycle-end id="7301" type="scavenge" contextid="7295" timestamp="2020-09-12T19:01:39.807" />
<allocation-satisfied id="7302" threadId="0000000000E22400" bytesRequested="24" />
<af-end id="7303" timestamp="2020-09-12T19:01:39.807" threadId="0000000000E22D80" success="true" from="nursery"/>
<exclusive-end id="7304" timestamp="2020-09-12T19:01:39.807" durationms="261.938" />

<exclusive-start id="7305" timestamp="2020-09-12T19:01:43.137" intervalms="3591.548">
  <response-info timems="5.369" idlems="5.369" threads="0" lastid="0000000000D9F100" lastname="Group1.Backend.CompositeBackend{Tier1}.7" />
</exclusive-start>
<af-start id="7306" threadId="0000000000D9FA80" totalBytesRequested="168" timestamp="2020-09-12T19:01:43.137" intervalms="3591.753" type="nursery" />
<cycle-start id="7307" type="scavenge" contextid="0" timestamp="2020-09-12T19:01:43.138" intervalms="3591.797" />
<gc-start id="7308" type="scavenge" contextid="7307" timestamp="2020-09-12T19:01:43.138">
  <mem-info id="7309" free="474334536" total="3163947008" percent="14">
    <mem type="nursery" free="0" total="939524096" percent="0">
      <mem type="allocate" free="0" total="469762048" percent="0" />
      <mem type="survivor" free="0" total="469762048" percent="0" />
    </mem>
    <mem type="tenure" free="474334536" total="2224422912" percent="21">
      <mem type="soa" free="452145480" total="2202178560" percent="20" />
      <mem type="loa" free="22189056" total="22244352" percent="99" />
    </mem>
    <remembered-set count="68511" />
  </mem-info>
</gc-start>
<allocation-stats totalBytes="308039048" >
  <allocated-bytes non-tlh="7516464" tlh="300522584" />
  <largest-consumer threadName="Group1.Backend.CompositeBackend{Tier1}.8" threadId="00000000009E7A00" bytes="34378096" />
</allocation-stats>
<gc-op id="7310" type="scavenge" timems="177.132" contextid="7307" timestamp="2020-09-12T19:01:43.315">
  <scavenger-info tenureage="1" tenuremask="7ffe" tiltratio="50" />
  <memory-copied type="nursery" objects="3661613" bytes="101302056" bytesdiscarded="169120" />
  <memory-copied type="tenure" objects="5823911" bytes="161447112" bytesdiscarded="35024" />
  <finalization candidates="14" enqueued="0" />
  <ownableSynchronizers candidates="1182" cleared="402" />
  <references type="soft" candidates="771" cleared="0" enqueued="0" dynamicThreshold="29" maxThreshold="32" />
  <references type="weak" candidates="514" cleared="77" enqueued="1" />
  <references type="phantom" candidates="1" cleared="0" enqueued="0" />
</gc-op>
<gc-end id="7311" type="scavenge" contextid="7307" durationms="177.803" usertimems="1267.262" systemtimems="17.962" timestamp="2020-09-12T19:01:43.316" activeThreads="8">
  <mem-info id="7312" free="702427696" total="3163947008" percent="22">
    <mem type="nursery" free="389496808" total="939524096" percent="41">
      <mem type="allocate" free="389496808" total="490995712" percent="79" />
      <mem type="survivor" free="0" total="448528384" percent="0" />
    </mem>
    <mem type="tenure" free="312930888" total="2224422912" percent="14" macro-fragmented="7740516">
      <mem type="soa" free="290741832" total="2202178560" percent="13" />
      <mem type="loa" free="22189056" total="22244352" percent="99" />
    </mem>
    <pending-finalizers system="0" default="0" reference="1" classloader="0" />
    <remembered-set count="32749" />
  </mem-info>
</gc-end>
<cycle-end id="7313" type="scavenge" contextid="7307" timestamp="2020-09-12T19:01:43.318" />
<allocation-satisfied id="7314" threadId="0000000000D9F100" bytesRequested="168" />
<af-end id="7315" timestamp="2020-09-12T19:01:43.318" threadId="0000000000D9FA80" success="true" from="nursery"/>
<exclusive-end id="7316" timestamp="2020-09-12T19:01:43.318" durationms="181.501" />

<exclusive-start id="7317" timestamp="2020-09-12T19:01:43.690" intervalms="552.660">
  <response-info timems="0.935" idlems="0.935" threads="0" lastid="0000000000E1AC00" lastname="Group1.Backend.CompositeBackend{Tier1}.4" />
</exclusive-start>
<af-start id="7318" threadId="0000000000E1B580" totalBytesRequested="152" timestamp="2020-09-12T19:01:43.690" intervalms="552.678" type="nursery" />
<cycle-start id="7319" type="scavenge" contextid="0" timestamp="2020-09-12T19:01:43.690" intervalms="552.671" />
<gc-start id="7320" type="scavenge" contextid="7319" timestamp="2020-09-12T19:01:43.692">
  <mem-info id="7321" free="312930144" total="3163947008" percent="9">
    <mem type="nursery" free="0" total="939524096" percent="0">
      <mem type="allocate" free="0" total="490995712" percent="0" />
      <mem type="survivor" free="0" total="448528384" percent="0" />
    </mem>
    <mem type="tenure" free="312930144" total="2224422912" percent="14">
      <mem type="soa" free="290741088" total="2202178560" percent="13" />
      <mem type="loa" free="22189056" total="22244352" percent="99" />
    </mem>
    <remembered-set count="134007" />
  </mem-info>
</gc-start>
<allocation-stats totalBytes="389244408" >
  <allocated-bytes non-tlh="3185392" tlh="386059016" />
  <largest-consumer threadName="Group1.Backend.CompositeBackend{Tier1}.1" threadId="0000000000E29B00" bytes="61111224" />
</allocation-stats>
<gc-op id="7322" type="scavenge" timems="73.709" contextid="7319" timestamp="2020-09-12T19:01:43.765">
  <scavenger-info tenureage="1" tenuremask="7ffe" tiltratio="52" />
  <memory-copied type="nursery" objects="581724" bytes="14924824" bytesdiscarded="582040" />
  <memory-copied type="tenure" objects="3336076" bytes="93320704" bytesdiscarded="37240" />
  <finalization candidates="16" enqueued="0" />
  <ownableSynchronizers candidates="3132" cleared="1072" />
  <references type="soft" candidates="1280" cleared="0" enqueued="0" dynamicThreshold="29" maxThreshold="32" />
  <references type="weak" candidates="102" cleared="77" enqueued="0" />
</gc-op>
<gc-end id="7323" type="scavenge" contextid="7319" durationms="74.641" usertimems="557.891" systemtimems="0.000" timestamp="2020-09-12T19:01:43.766" activeThreads="8">
  <mem-info id="7324" free="762125680" total="3163947008" percent="24">
    <mem type="nursery" free="542439912" total="939524096" percent="57">
      <mem type="allocate" free="542439912" total="557973504" percent="97" />
      <mem type="survivor" free="0" total="381550592" percent="0" />
    </mem>
    <mem type="tenure" free="219685768" total="2224422912" percent="9" macro-fragmented="0">
      <mem type="soa" free="197496712" total="2202178560" percent="8" />
      <mem type="loa" free="22189056" total="22244352" percent="99" />
    </mem>
    <remembered-set count="39291" />
  </mem-info>
</gc-end>
<cycle-end id="7325" type="scavenge" contextid="7319" timestamp="2020-09-12T19:01:43.767" />
<allocation-satisfied id="7326" threadId="0000000000E1AC00" bytesRequested="152" />
<af-end id="7327" timestamp="2020-09-12T19:01:43.767" threadId="0000000000E1B580" success="true" from="nursery"/>
<exclusive-end id="7328" timestamp="2020-09-12T19:01:43.767" durationms="77.275" />

<exclusive-start id="7329" timestamp="2020-09-12T19:01:44.417" intervalms="727.791">
  <response-info timems="0.528" idlems="0.512" threads="1" lastid="00000000009A9100" lastname="Group1.TxInjector.CompositeTxInjector.I.driver.probe.65" />
</exclusive-start>
<af-start id="7330" threadId="00000000009E8380" totalBytesRequested="80" timestamp="2020-09-12T19:01:44.418" intervalms="727.790" type="nursery" />
<cycle-start id="7331" type="scavenge" contextid="0" timestamp="2020-09-12T19:01:44.418" intervalms="727.799" />
<gc-start id="7332" type="scavenge" contextid="7331" timestamp="2020-09-12T19:01:44.418">
  <mem-info id="7333" free="219684872" total="3163947008" percent="6">
    <mem type="nursery" free="0" total="939524096" percent="0">
      <mem type="allocate" free="0" total="557973504" percent="0" />
      <mem type="survivor" free="0" total="381550592" percent="0" />
    </mem>
    <mem type="tenure" free="219684872" total="2224422912" percent="9">
      <mem type="soa" free="197495816" total="2202178560" percent="8" />
      <mem type="loa" free="22189056" total="22244352" percent="99" />
    </mem>
    <remembered-set count="156907" />
  </mem-info>
</gc-start>
<allocation-stats totalBytes="542109232" >
  <allocated-bytes non-tlh="14566768" tlh="527542464" />
  <largest-consumer threadName="Group1.Backend.CompositeBackend{Tier1}.5" threadId="0000000000E1E800" bytes="77600584" />
</allocation-stats>
<gc-op id="7334" type="scavenge" timems="37.156" contextid="7331" timestamp="2020-09-12T19:01:44.455">
  <scavenger-info tenureage="2" tenuremask="7ffc" tiltratio="59" />
  <memory-copied type="nursery" objects="1053045" bytes="27819808" bytesdiscarded="177944" />
  <finalization candidates="2" enqueued="0" />
  <ownableSynchronizers candidates="3757" cleared="737" />
  <references type="soft" candidates="3011" cleared="0" enqueued="0" dynamicThreshold="29" maxThreshold="32" />
  <references type="weak" candidates="151" cleared="83" enqueued="0" />
</gc-op>
<gc-end id="7335" type="scavenge" contextid="7331" durationms="37.954" usertimems="259.046" systemtimems="2.495" timestamp="2020-09-12T19:01:44.456" activeThreads="8">
  <mem-info id="7336" free="816863472" total="3163947008" percent="25">
    <mem type="nursery" free="597178600" total="939524096" percent="63">
      <mem type="allocate" free="597178600" total="625213440" percent="95" />
      <mem type="survivor" free="0" total="314310656" percent="0" />
    </mem>
    <mem type="tenure" free="219684872" total="2224422912" percent="9" macro-fragmented="1041780">
      <mem type="soa" free="197495816" total="2202178560" percent="8" />
      <mem type="loa" free="22189056" total="22244352" percent="99" />
    </mem>
    <remembered-set count="75836" />
  </mem-info>
</gc-end>
<cycle-end id="7337" type="scavenge" contextid="7331" timestamp="2020-09-12T19:01:44.459" />
<allocation-satisfied id="7338" threadId="00000000009E7A00" bytesRequested="80" />
<af-end id="7339" timestamp="2020-09-12T19:01:44.459" threadId="00000000009E8380" success="true" from="nursery"/>
<exclusive-end id="7340" timestamp="2020-09-12T19:01:44.459" durationms="41.401" />

<exclusive-start id="7341" timestamp="2020-09-12T19:01:45.233" intervalms="815.298">
  <response-info timems="0.258" idlems="0.134" threads="1" lastid="0000000000A9E500" lastname="Group1.Backend.CompositeBackend{Tier1}.6" />
</exclusive-start>
<af-start id="7342" threadId="00000000009C1880" totalBytesRequested="16" timestamp="2020-09-12T19:01:45.233" intervalms="815.345" type="nursery" />
<cycle-start id="7343" type="scavenge" contextid="0" timestamp="2020-09-12T19:01:45.233" intervalms="815.352" />
<gc-start id="7344" type="scavenge" contextid="7343" timestamp="2020-09-12T19:01:45.234">
  <mem-info id="7345" free="219684440" total="3163947008" percent="6">
    <mem type="nursery" free="0" total="939524096" percent="0">
      <mem type="allocate" free="0" total="625213440" percent="0" />
      <mem type="survivor" free="0" total="314310656" percent="0" />
    </mem>
    <mem type="tenure" free="219684440" total="2224422912" percent="9">
      <mem type="soa" free="197495384" total="2202178560" percent="8" />
      <mem type="loa" free="22189056" total="22244352" percent="99" />
    </mem>
    <remembered-set count="190570" />
  </mem-info>
</gc-start>
<allocation-stats totalBytes="596813920" >
  <allocated-bytes non-tlh="9151440" tlh="587662480" />
  <largest-consumer threadName="Group1.Backend.CompositeBackend{Tier1}.4" threadId="0000000000E1AC00" bytes="85504456" />
</allocation-stats>
<gc-op id="7346" type="scavenge" timems="47.357" contextid="7343" timestamp="2020-09-12T19:01:45.281">
  <scavenger-info tenureage="3" tenuremask="7ff8" tiltratio="66" />
  <memory-copied type="nursery" objects="1642531" bytes="43541992" bytesdiscarded="146304" />
  <finalization candidates="3" enqueued="0" />
  <ownableSynchronizers candidates="6479" cleared="1541" />
  <references type="soft" candidates="4912" cleared="0" enqueued="0" dynamicThreshold="29" maxThreshold="32" />
  <references type="weak" candidates="178" cleared="77" enqueued="0" />
</gc-op>
<gc-end id="7347" type="scavenge" contextid="7343" durationms="48.451" usertimems="348.198" systemtimems="2.172" timestamp="2020-09-12T19:01:45.282" activeThreads="8">
  <mem-info id="7348" free="850706464" total="3163947008" percent="26">
    <mem type="nursery" free="631022024" total="939524096" percent="67">
      <mem type="allocate" free="631022024" total="674758656" percent="93" />
      <mem type="survivor" free="0" total="264765440" percent="0" />
    </mem>
    <mem type="tenure" free="219684440" total="2224422912" percent="9" macro-fragmented="0">
      <mem type="soa" free="197495384" total="2202178560" percent="8" />
      <mem type="loa" free="22189056" total="22244352" percent="99" />
    </mem>
    <remembered-set count="102937" />
  </mem-info>
</gc-end>
<cycle-end id="7349" type="scavenge" contextid="7343" timestamp="2020-09-12T19:01:45.286" />
<allocation-satisfied id="7350" threadId="00000000009C0F00" bytesRequested="16" />
<af-end id="7351" timestamp="2020-09-12T19:01:45.286" threadId="00000000009C1880" success="true" from="nursery"/>
<exclusive-end id="7352" timestamp="2020-09-12T19:01:45.286" durationms="53.241" />

</verbosegc>

