<?xml version="1.0" ?>

<verbosegc xmlns="http://www.ibm.com/j9/verbosegc" version="c1dd04cca_CMPRSS">

!@: MM_VerboseWriterFileLoggingSynchronous::openFile

!@: Before Trigger

<exclusive-start id="7353" timestamp="2020-09-12T19:01:46.054" intervalms="820.855">
  <response-info timems="0.439" idlems="0.439" threads="0" lastid="0000000000A9E500" lastname="Group1.Backend.CompositeBackend{Tier1}.6" />
</exclusive-start>
!@: handleInitialized
<initialized id="7354" timestamp="2020-09-12T19:01:46.054">
  <attribute name="gcPolicy" value="-Xgcpolicy:gencon" />
  <attribute name="maxHeapSize" value="0xe0000000" />
  <attribute name="initialHeapSize" value="0x800000" />
  <attribute name="compressedRefs" value="true" />
  <attribute name="compressedRefsDisplacement" value="0x0" />
  <attribute name="compressedRefsShift" value="0x0" />
  <attribute name="pageSize" value="0x1000" />
  <attribute name="pageType" value="not used" />
  <attribute name="requestedPageSize" value="0x1000" />
  <attribute name="requestedPageType" value="not used" />
  <attribute name="gcthreads" value="8" />
  <attribute name="packetListSplit" value="1" />
  <attribute name="cacheListSplit" value="1" />
  <attribute name="splitFreeListSplitAmount" value="1" />
  <attribute name="numaNodes" value="0" />
  <system>
    <attribute name="physicalMemory" value="16818675712" />
    <attribute name="numCPUs" value="8" />
    <attribute name="architecture" value="amd64" />
    <attribute name="os" value="Linux" />
    <attribute name="osVersion" value="4.15.0-117-generic" />
  </system>
  <vmargs>
    <vmarg name="-Xoptionsfile=/root/code/openj9-openjdk-jdk11/build/linux-x86_64-normal-server-release/jdk/lib/options.default" />
    <vmarg name="-Xlockword:mode=default,noLockword=java/lang/String,noLockword=java/util/MapEntry,noLockword=java/util/HashMap$Entry,noLockword..." />
    <vmarg name="-Xjcl:jclse29" />
    <vmarg name="-Dcom.ibm.oti.vm.bootstrap.library.path=/root/code/openj9-openjdk-jdk11/build/linux-x86_64-normal-server-release/jdk/lib/compre..." />
    <vmarg name="-Dsun.boot.library.path=/root/code/openj9-openjdk-jdk11/build/linux-x86_64-normal-server-release/jdk/lib/compressedrefs:/root/c..." />
    <vmarg name="-Djava.library.path=/root/code/openj9-openjdk-jdk11/build/linux-x86_64-normal-server-release/jdk/lib/compressedrefs:/root/code/..." />
    <vmarg name="-Djava.home=/root/code/openj9-openjdk-jdk11/build/linux-x86_64-normal-server-release/jdk" />
    <vmarg name="-Duser.dir=/root/specjbb2015" />
    <vmarg name="-verbose:gc" />
    <vmarg name="-Xmx3584M" />
    <vmarg name="-Xgc:noConcurrentMark" />
    <vmarg name="-Xtgc:parallel" />
    <vmarg name="-XX:-UseGCStartupHints" />
    <vmarg name="-Xgcpolicy:gencon" />
    <vmarg name="-Xverbosegclog:testOutput,5,100" />
    <vmarg name="-Djava.class.path=/root/specjbb2015/specjbb2015.jar" />
    <vmarg name="-Dsun.java.command=/root/specjbb2015/specjbb2015.jar -m COMPOSITE" />
    <vmarg name="-Dsun.java.launcher=SUN_STANDARD" />
    <vmarg name="-Dsun.java.launcher.pid=7998" />
  </vmargs>
</initialized>

!@: After Trigger

<af-start id="7355" threadId="0000000000A9EE80" totalBytesRequested="16" timestamp="2020-09-12T19:01:46.055" intervalms="821.508" type="nursery" />
<cycle-start id="7356" type="scavenge" contextid="0" timestamp="2020-09-12T19:01:46.055" intervalms="821.527" />
<gc-start id="7357" type="scavenge" contextid="7356" timestamp="2020-09-12T19:01:46.055">
  <mem-info id="7358" free="219684440" total="3163947008" percent="6">
    <mem type="nursery" free="0" total="939524096" percent="0">
      <mem type="allocate" free="0" total="674758656" percent="0" />
      <mem type="survivor" free="0" total="264765440" percent="0" />
    </mem>
    <mem type="tenure" free="219684440" total="2224422912" percent="9">
      <mem type="soa" free="197495384" total="2202178560" percent="8" />
      <mem type="loa" free="22189056" total="22244352" percent="99" />
    </mem>
    <remembered-set count="210473" />
  </mem-info>
</gc-start>
<allocation-stats totalBytes="630650864" >
  <allocated-bytes non-tlh="12803640" tlh="617847224" />
  <largest-consumer threadName="Group1.Backend.CompositeBackend{Tier1}.5" threadId="0000000000E1E800" bytes="81166976" />
</allocation-stats>
<gc-op id="7359" type="scavenge" timems="57.636" contextid="7356" timestamp="2020-09-12T19:01:46.113">
  <scavenger-info tenureage="4" tenuremask="7ff0" tiltratio="71" />
  <memory-copied type="nursery" objects="2374372" bytes="62277216" bytesdiscarded="198416" />
  <finalization candidates="3" enqueued="0" />
  <ownableSynchronizers candidates="8026" cleared="1206" />
  <references type="soft" candidates="6776" cleared="0" enqueued="0" dynamicThreshold="29" maxThreshold="32" />
  <references type="weak" candidates="216" cleared="84" enqueued="0" />
</gc-op>
<gc-end id="7360" type="scavenge" contextid="7356" durationms="58.480" usertimems="431.175" systemtimems="5.877" timestamp="2020-09-12T19:01:46.114" activeThreads="8">
  <mem-info id="7361" free="866723832" total="3163947008" percent="27">
    <mem type="nursery" free="647039392" total="939524096" percent="68">
      <mem type="allocate" free="647039392" total="709558272" percent="91" />
      <mem type="survivor" free="0" total="229965824" percent="0" />
    </mem>
    <mem type="tenure" free="219684440" total="2224422912" percent="9" macro-fragmented="0">
      <mem type="soa" free="197495384" total="2202178560" percent="8" />
      <mem type="loa" free="22189056" total="22244352" percent="99" />
    </mem>
    <remembered-set count="123703" />
  </mem-info>
</gc-end>
<cycle-end id="7362" type="scavenge" contextid="7356" timestamp="2020-09-12T19:01:46.120" />
<allocation-satisfied id="7363" threadId="0000000000A9E500" bytesRequested="16" />
<af-end id="7364" timestamp="2020-09-12T19:01:46.121" threadId="0000000000A9EE80" success="true" from="nursery"/>
<exclusive-end id="7365" timestamp="2020-09-12T19:01:46.121" durationms="66.979" />

<exclusive-start id="7366" timestamp="2020-09-12T19:01:46.883" intervalms="829.848">
  <response-info timems="0.712" idlems="0.712" threads="0" lastid="0000000000E1E800" lastname="Group1.Backend.CompositeBackend{Tier1}.5" />
</exclusive-start>
<af-start id="7367" threadId="0000000000E1F180" totalBytesRequested="16" timestamp="2020-09-12T19:01:46.884" intervalms="829.271" type="nursery" />
<cycle-start id="7368" type="scavenge" contextid="0" timestamp="2020-09-12T19:01:46.884" intervalms="829.267" />
<gc-start id="7369" type="scavenge" contextid="7368" timestamp="2020-09-12T19:01:46.884">
  <mem-info id="7370" free="219683624" total="3163947008" percent="6">
    <mem type="nursery" free="0" total="939524096" percent="0">
      <mem type="allocate" free="0" total="709558272" percent="0" />
      <mem type="survivor" free="0" total="229965824" percent="0" />
    </mem>
    <mem type="tenure" free="219683624" total="2224422912" percent="9">
      <mem type="soa" free="197494568" total="2202178560" percent="8" />
      <mem type="loa" free="22189056" total="22244352" percent="99" />
    </mem>
    <remembered-set count="229163" />
  </mem-info>
</gc-start>
<allocation-stats totalBytes="646662536" >
  <allocated-bytes non-tlh="17077536" tlh="629585000" />
  <largest-consumer threadName="Group1.Backend.CompositeBackend{Tier1}.5" threadId="0000000000E1E800" bytes="83279840" />
</allocation-stats>
<gc-op id="7371" type="scavenge" timems="66.721" contextid="7368" timestamp="2020-09-12T19:01:46.951">
  <scavenger-info tenureage="5" tenuremask="7fe0" tiltratio="75" />
  <memory-copied type="nursery" objects="2838578" bytes="75765240" bytesdiscarded="150288" />
  <finalization candidates="3" enqueued="0" />
  <ownableSynchronizers candidates="9852" cleared="1072" />
  <references type="soft" candidates="8720" cleared="0" enqueued="0" dynamicThreshold="29" maxThreshold="32" />
  <references type="weak" candidates="254" cleared="90" enqueued="0" />
</gc-op>
<gc-end id="7372" type="scavenge" contextid="7368" durationms="67.651" usertimems="502.678" systemtimems="1.816" timestamp="2020-09-12T19:01:46.952" activeThreads="8">
  <mem-info id="7373" free="879307304" total="3163947008" percent="27">
    <mem type="nursery" free="659623680" total="939524096" percent="70">
      <mem type="allocate" free="659623680" total="735576064" percent="89" />
      <mem type="survivor" free="0" total="203948032" percent="0" />
    </mem>
    <mem type="tenure" free="219683624" total="2224422912" percent="9" macro-fragmented="0">
      <mem type="soa" free="197494568" total="2202178560" percent="8" />
      <mem type="loa" free="22189056" total="22244352" percent="99" />
    </mem>
    <remembered-set count="140111" />
  </mem-info>
</gc-end>
<cycle-end id="7374" type="scavenge" contextid="7368" timestamp="2020-09-12T19:01:46.953" />
<allocation-satisfied id="7375" threadId="0000000000E1E800" bytesRequested="16" />
<af-end id="7376" timestamp="2020-09-12T19:01:46.953" threadId="0000000000E1F180" success="true" from="nursery"/>
<exclusive-end id="7377" timestamp="2020-09-12T19:01:46.953" durationms="69.239" />

<exclusive-start id="7378" timestamp="2020-09-12T19:01:47.743" intervalms="859.588">
  <response-info timems="1.121" idlems="1.121" threads="0" lastid="0000000000E1AC00" lastname="Group1.Backend.CompositeBackend{Tier1}.4" />
</exclusive-start>
<af-start id="7379" threadId="0000000000E1B580" totalBytesRequested="56" timestamp="2020-09-12T19:01:47.744" intervalms="859.570" type="nursery" />
<cycle-start id="7380" type="scavenge" contextid="0" timestamp="2020-09-12T19:01:47.744" intervalms="859.567" />
<gc-start id="7381" type="scavenge" contextid="7380" timestamp="2020-09-12T19:01:47.744">
  <mem-info id="7382" free="219683624" total="3163947008" percent="6">
    <mem type="nursery" free="0" total="939524096" percent="0">
      <mem type="allocate" free="0" total="735576064" percent="0" />
      <mem type="survivor" free="0" total="203948032" percent="0" />
    </mem>
    <mem type="tenure" free="219683624" total="2224422912" percent="9">
      <mem type="soa" free="197494568" total="2202178560" percent="8" />
      <mem type="loa" free="22189056" total="22244352" percent="99" />
    </mem>
    <remembered-set count="244119" />
  </mem-info>
</gc-start>
<allocation-stats totalBytes="659224328" >
  <allocated-bytes non-tlh="11982552" tlh="647241776" />
  <largest-consumer threadName="Group1.Backend.CompositeBackend{Tier1}.6" threadId="0000000000A9E500" bytes="95810560" />
</allocation-stats>
<gc-op id="7383" type="scavenge" timems="81.646" contextid="7380" timestamp="2020-09-12T19:01:47.826">
  <scavenger-info tenureage="5" tenuremask="7fe0" tiltratio="78" />
  <memory-copied type="nursery" objects="3006432" bytes="80434728" bytesdiscarded="171016" />
  <memory-copied type="tenure" objects="367937" bytes="9593120" bytesdiscarded="3704" />
  <finalization candidates="3" enqueued="0" />
  <ownableSynchronizers candidates="12658" cleared="1876" />
  <references type="soft" candidates="9432" cleared="0" enqueued="0" dynamicThreshold="29" maxThreshold="32" />
  <references type="weak" candidates="257" cleared="94" enqueued="0" />
</gc-op>
<gc-end id="7384" type="scavenge" contextid="7380" durationms="82.657" usertimems="589.022" systemtimems="7.277" timestamp="2020-09-12T19:01:47.827" activeThreads="8">
  <mem-info id="7385" free="886388904" total="3163947008" percent="28">
    <mem type="nursery" free="676613008" total="939524096" percent="72">
      <mem type="allocate" free="676613008" total="757268480" percent="89" />
      <mem type="survivor" free="0" total="182255616" percent="0" />
    </mem>
    <mem type="tenure" free="209775896" total="2224422912" percent="9" macro-fragmented="868149">
      <mem type="soa" free="187586840" total="2202178560" percent="8" />
      <mem type="loa" free="22189056" total="22244352" percent="99" />
    </mem>
    <remembered-set count="118063" />
  </mem-info>
</gc-end>
<cycle-end id="7386" type="scavenge" contextid="7380" timestamp="2020-09-12T19:01:47.828" />
<allocation-satisfied id="7387" threadId="0000000000E1AC00" bytesRequested="56" />
<af-end id="7388" timestamp="2020-09-12T19:01:47.828" threadId="0000000000E1B580" success="true" from="nursery"/>
<exclusive-end id="7389" timestamp="2020-09-12T19:01:47.828" durationms="85.479" />

<exclusive-start id="7390" timestamp="2020-09-12T19:01:48.619" intervalms="875.962">
  <response-info timems="2.942" idlems="2.942" threads="0" lastid="0000000000A9E500" lastname="Group1.Backend.CompositeBackend{Tier1}.6" />
</exclusive-start>
<af-start id="7391" threadId="0000000000A9EE80" totalBytesRequested="80" timestamp="2020-09-12T19:01:48.620" intervalms="876.050" type="nursery" />
<cycle-start id="7392" type="scavenge" contextid="0" timestamp="2020-09-12T19:01:48.620" intervalms="876.064" />
<gc-start id="7393" type="scavenge" contextid="7392" timestamp="2020-09-12T19:01:48.620">
  <mem-info id="7394" free="209775896" total="3163947008" percent="6">
    <mem type="nursery" free="0" total="939524096" percent="0">
      <mem type="allocate" free="0" total="757268480" percent="0" />
      <mem type="survivor" free="0" total="182255616" percent="0" />
    </mem>
    <mem type="tenure" free="209775896" total="2224422912" percent="9">
      <mem type="soa" free="187586840" total="2202178560" percent="8" />
      <mem type="loa" free="22189056" total="22244352" percent="99" />
    </mem>
    <remembered-set count="222373" />
  </mem-info>
</gc-start>
<allocation-stats totalBytes="676192520" >
  <allocated-bytes non-tlh="10842912" tlh="665349608" />
  <largest-consumer threadName="Group1.Backend.CompositeBackend{Tier1}.5" threadId="0000000000E1E800" bytes="94411400" />
</allocation-stats>
<gc-op id="7395" type="scavenge" timems="85.102" contextid="7392" timestamp="2020-09-12T19:01:48.705">
  <scavenger-info tenureage="5" tenuremask="7fe0" tiltratio="80" />
  <memory-copied type="nursery" objects="3058852" bytes="82222168" bytesdiscarded="189888" />
  <memory-copied type="tenure" objects="476543" bytes="12608184" bytesdiscarded="3312" />
  <finalization candidates="1" enqueued="0" />
  <ownableSynchronizers candidates="13440" cleared="1876" />
  <references type="soft" candidates="9747" cleared="0" enqueued="0" dynamicThreshold="29" maxThreshold="32" />
  <references type="weak" candidates="221" cleared="79" enqueued="0" />
</gc-op>
<gc-end id="7396" type="scavenge" contextid="7392" durationms="86.199" usertimems="649.752" systemtimems="11.568" timestamp="2020-09-12T19:01:48.706" activeThreads="8">
  <mem-info id="7397" free="889541472" total="3163947008" percent="28">
    <mem type="nursery" free="692438184" total="939524096" percent="73">
      <mem type="allocate" free="692438184" total="774897664" percent="89" />
      <mem type="survivor" free="0" total="164626432" percent="0" />
    </mem>
    <mem type="tenure" free="197103288" total="2224422912" percent="8" macro-fragmented="0">
      <mem type="soa" free="174914232" total="2202178560" percent="7" />
      <mem type="loa" free="22189056" total="22244352" percent="99" />
    </mem>
    <remembered-set count="93548" />
  </mem-info>
</gc-end>
<cycle-end id="7398" type="scavenge" contextid="7392" timestamp="2020-09-12T19:01:48.707" />
<allocation-satisfied id="7399" threadId="0000000000A9E500" bytesRequested="80" />
<af-end id="7400" timestamp="2020-09-12T19:01:48.707" threadId="0000000000A9EE80" success="true" from="nursery"/>
<exclusive-end id="7401" timestamp="2020-09-12T19:01:48.707" durationms="87.991" />

<exclusive-start id="7402" timestamp="2020-09-12T19:01:49.514" intervalms="894.640">
  <response-info timems="3.111" idlems="3.080" threads="1" lastid="0000000000A9E500" lastname="Group1.Backend.CompositeBackend{Tier1}.6" />
</exclusive-start>
<af-start id="7403" threadId="0000000000E1F180" totalBytesRequested="184" timestamp="2020-09-12T19:01:49.514" intervalms="894.661" type="nursery" />
<cycle-start id="7404" type="scavenge" contextid="0" timestamp="2020-09-12T19:01:49.514" intervalms="894.656" />
<gc-start id="7405" type="scavenge" contextid="7404" timestamp="2020-09-12T19:01:49.515">
  <mem-info id="7406" free="197103072" total="3163947008" percent="6">
    <mem type="nursery" free="0" total="939524096" percent="0">
      <mem type="allocate" free="0" total="774897664" percent="0" />
      <mem type="survivor" free="0" total="164626432" percent="0" />
    </mem>
    <mem type="tenure" free="197103072" total="2224422912" percent="8">
      <mem type="soa" free="174914016" total="2202178560" percent="7" />
      <mem type="loa" free="22189056" total="22244352" percent="99" />
    </mem>
    <remembered-set count="200512" />
  </mem-info>
</gc-start>
<allocation-stats totalBytes="692019472" >
  <allocated-bytes non-tlh="11822856" tlh="680196616" />
  <largest-consumer threadName="Group1.Backend.CompositeBackend{Tier1}.6" threadId="0000000000A9E500" bytes="94058864" />
</allocation-stats>
<gc-op id="7407" type="scavenge" timems="87.118" contextid="7404" timestamp="2020-09-12T19:01:49.602">
  <scavenger-info tenureage="5" tenuremask="ffe0" tiltratio="82" />
  <memory-copied type="nursery" objects="3113637" bytes="83851224" bytesdiscarded="251016" />
  <memory-copied type="tenure" objects="515688" bytes="13856352" bytesdiscarded="5192" />
  <finalization candidates="2" enqueued="0" />
  <ownableSynchronizers candidates="13606" cleared="1608" />
  <references type="soft" candidates="10010" cleared="0" enqueued="0" dynamicThreshold="29" maxThreshold="32" />
  <references type="weak" candidates="215" cleared="81" enqueued="0" />
</gc-op>
<gc-end id="7408" type="scavenge" contextid="7404" durationms="88.064" usertimems="644.481" systemtimems="8.359" timestamp="2020-09-12T19:01:49.603" activeThreads="8">
  <mem-info id="7409" free="887618440" total="3163947008" percent="28">
    <mem type="nursery" free="704509624" total="939524096" percent="74">
      <mem type="allocate" free="704509624" total="788660224" percent="89" />
      <mem type="survivor" free="0" total="150863872" percent="0" />
    </mem>
    <mem type="tenure" free="183108816" total="2224422912" percent="8" macro-fragmented="0">
      <mem type="soa" free="160919760" total="2202178560" percent="7" />
      <mem type="loa" free="22189056" total="22244352" percent="99" />
    </mem>
    <remembered-set count="77638" />
  </mem-info>
</gc-end>
<cycle-end id="7410" type="scavenge" contextid="7404" timestamp="2020-09-12T19:01:49.603" />
<allocation-satisfied id="7411" threadId="0000000000E1E800" bytesRequested="184" />
<af-end id="7412" timestamp="2020-09-12T19:01:49.603" threadId="0000000000E1F180" success="true" from="nursery"/>
<exclusive-end id="7413" timestamp="2020-09-12T19:01:49.603" durationms="89.901" />

<exclusive-start id="7414" timestamp="2020-09-12T19:01:50.460" intervalms="946.469">
  <response-info timems="2.495" idlems="2.495" threads="0" lastid="0000000000A9E500" lastname="Group1.Backend.CompositeBackend{Tier1}.6" />
</exclusive-start>
<af-start id="7415" threadId="0000000000A9EE80" totalBytesRequested="120" timestamp="2020-09-12T19:01:50.461" intervalms="946.467" type="nursery" />
<cycle-start id="7416" type="scavenge" contextid="0" timestamp="2020-09-12T19:01:50.461" intervalms="946.467" />
<gc-start id="7417" type="scavenge" contextid="7416" timestamp="2020-09-12T19:01:50.461">
  <mem-info id="7418" free="183108760" total="3163947008" percent="5">
    <mem type="nursery" free="0" total="939524096" percent="0">
      <mem type="allocate" free="0" total="788660224" percent="0" />
      <mem type="survivor" free="0" total="150863872" percent="0" />
    </mem>
    <mem type="tenure" free="183108760" total="2224422912" percent="8">
      <mem type="soa" free="160919704" total="2202178560" percent="7" />
      <mem type="loa" free="22189056" total="22244352" percent="99" />
    </mem>
    <remembered-set count="181742" />
  </mem-info>
</gc-start>
<allocation-stats totalBytes="704109208" >
  <allocated-bytes non-tlh="19967392" tlh="684141816" />
  <largest-consumer threadName="Group1.Backend.CompositeBackend{Tier1}.6" threadId="0000000000A9E500" bytes="98613528" />
</allocation-stats>
<gc-op id="7419" type="scavenge" timems="114.028" contextid="7416" timestamp="2020-09-12T19:01:50.575">
  <scavenger-info tenureage="5" tenuremask="ffe0" tiltratio="83" />
  <memory-copied type="nursery" objects="3394355" bytes="90349200" bytesdiscarded="141960" />
  <memory-copied type="tenure" objects="515728" bytes="13913424" bytesdiscarded="7016" />
  <finalization candidates="1" enqueued="0" />
  <ownableSynchronizers candidates="13220" cleared="1038" />
  <references type="soft" candidates="10249" cleared="0" enqueued="0" dynamicThreshold="29" maxThreshold="32" />
  <references type="weak" candidates="186" cleared="75" enqueued="0" />
</gc-op>
<gc-end id="7420" type="scavenge" contextid="7416" durationms="115.359" usertimems="818.056" systemtimems="24.570" timestamp="2020-09-12T19:01:50.576" activeThreads="8">
  <mem-info id="7421" free="875880384" total="3163947008" percent="27">
    <mem type="nursery" free="706577960" total="939524096" percent="75">
      <mem type="allocate" free="706577960" total="797114368" percent="88" />
      <mem type="survivor" free="0" total="142409728" percent="0" />
    </mem>
    <mem type="tenure" free="169302424" total="2224422912" percent="7" macro-fragmented="0">
      <mem type="soa" free="147113368" total="2202178560" percent="6" />
      <mem type="loa" free="22189056" total="22244352" percent="99" />
    </mem>
    <remembered-set count="66689" />
  </mem-info>
</gc-end>
<cycle-end id="7422" type="scavenge" contextid="7416" timestamp="2020-09-12T19:01:50.579" />
<allocation-satisfied id="7423" threadId="0000000000A9E500" bytesRequested="120" />
<af-end id="7424" timestamp="2020-09-12T19:01:50.579" threadId="0000000000A9EE80" success="true" from="nursery"/>
<exclusive-end id="7425" timestamp="2020-09-12T19:01:50.579" durationms="119.122" />

<exclusive-start id="7426" timestamp="2020-09-12T19:01:51.397" intervalms="937.181">
  <response-info timems="2.675" idlems="1.510" threads="1" lastid="0000000000A9E500" lastname="Group1.Backend.CompositeBackend{Tier1}.6" />
</exclusive-start>
<af-start id="7427" threadId="00000000009FC880" totalBytesRequested="32" timestamp="2020-09-12T19:01:51.398" intervalms="937.302" type="nursery" />
<cycle-start id="7428" type="scavenge" contextid="0" timestamp="2020-09-12T19:01:51.398" intervalms="937.335" />
<gc-start id="7429" type="scavenge" contextid="7428" timestamp="2020-09-12T19:01:51.399">
  <mem-info id="7430" free="169302424" total="3163947008" percent="5">
    <mem type="nursery" free="0" total="939524096" percent="0">
      <mem type="allocate" free="0" total="797114368" percent="0" />
      <mem type="survivor" free="0" total="142409728" percent="0" />
    </mem>
    <mem type="tenure" free="169302424" total="2224422912" percent="7">
      <mem type="soa" free="147113368" total="2202178560" percent="6" />
      <mem type="loa" free="22189056" total="22244352" percent="99" />
    </mem>
    <remembered-set count="173527" />
  </mem-info>
</gc-start>
<allocation-stats totalBytes="706153528" >
  <allocated-bytes non-tlh="15519416" tlh="690634112" />
  <largest-consumer threadName="Group1.Backend.CompositeBackend{Tier1}.4" threadId="0000000000E1AC00" bytes="111527528" />
</allocation-stats>
<gc-op id="7431" type="scavenge" timems="86.641" contextid="7428" timestamp="2020-09-12T19:01:51.485">
  <scavenger-info tenureage="5" tenuremask="ffe0" tiltratio="84" />
  <memory-copied type="nursery" objects="3299689" bytes="88461104" bytesdiscarded="158880" />
  <memory-copied type="tenure" objects="515776" bytes="13780288" bytesdiscarded="3960" />
  <finalization candidates="1" enqueued="0" />
  <ownableSynchronizers candidates="14581" cleared="2044" />
  <references type="soft" candidates="10526" cleared="0" enqueued="0" dynamicThreshold="29" maxThreshold="32" />
  <references type="weak" candidates="202" cleared="99" enqueued="0" />
</gc-op>
<gc-end id="7432" type="scavenge" contextid="7428" durationms="87.576" usertimems="627.009" systemtimems="15.363" timestamp="2020-09-12T19:01:51.486" activeThreads="8">
  <mem-info id="7433" free="872042512" total="3163947008" percent="27">
    <mem type="nursery" free="716705704" total="939524096" percent="76">
      <mem type="allocate" free="716705704" total="805371904" percent="88" />
      <mem type="survivor" free="0" total="134152192" percent="0" />
    </mem>
    <mem type="tenure" free="155336808" total="2224422912" percent="6" macro-fragmented="0">
      <mem type="soa" free="133147752" total="2202178560" percent="6" />
      <mem type="loa" free="22189056" total="22244352" percent="99" />
    </mem>
    <remembered-set count="58203" />
  </mem-info>
</gc-end>
<cycle-end id="7434" type="scavenge" contextid="7428" timestamp="2020-09-12T19:01:51.488" />
<allocation-satisfied id="7435" threadId="00000000009FBF00" bytesRequested="32" />
<af-end id="7436" timestamp="2020-09-12T19:01:51.488" threadId="00000000009FC880" success="true" from="nursery"/>
<exclusive-end id="7437" timestamp="2020-09-12T19:01:51.489" durationms="91.279" />

<exclusive-start id="7438" timestamp="2020-09-12T19:01:52.414" intervalms="1016.647">
  <response-info timems="9.331" idlems="9.331" threads="0" lastid="0000000000A9E500" lastname="Group1.Backend.CompositeBackend{Tier1}.6" />
</exclusive-start>
<af-start id="7439" threadId="0000000000A9EE80" totalBytesRequested="368" timestamp="2020-09-12T19:01:52.415" intervalms="1016.688" type="nursery" />
<cycle-start id="7440" type="scavenge" contextid="0" timestamp="2020-09-12T19:01:52.415" intervalms="1016.698" />
<gc-start id="7441" type="scavenge" contextid="7440" timestamp="2020-09-12T19:01:52.415">
  <mem-info id="7442" free="155336736" total="3163947008" percent="4">
    <mem type="nursery" free="0" total="939524096" percent="0">
      <mem type="allocate" free="0" total="805371904" percent="0" />
      <mem type="survivor" free="0" total="134152192" percent="0" />
    </mem>
    <mem type="tenure" free="155336736" total="2224422912" percent="6">
      <mem type="soa" free="133147680" total="2202178560" percent="6" />
      <mem type="loa" free="22189056" total="22244352" percent="99" />
    </mem>
    <remembered-set count="165208" />
  </mem-info>
</gc-start>
<allocation-stats totalBytes="716278176" >
  <allocated-bytes non-tlh="13689456" tlh="702588720" />
  <largest-consumer threadName="Group1.Backend.CompositeBackend{Tier1}.8" threadId="00000000009E7A00" bytes="99107600" />
</allocation-stats>
<gc-op id="7443" type="scavenge" timems="123.700" contextid="7440" timestamp="2020-09-12T19:01:52.539">
  <scavenger-info tenureage="5" tenuremask="ffe0" tiltratio="85" />
  <memory-copied type="nursery" objects="3476838" bytes="92727096" bytesdiscarded="134464" />
  <memory-copied type="tenure" objects="520687" bytes="14112048" bytesdiscarded="4440" />
  <finalization candidates="1" enqueued="0" />
  <ownableSynchronizers candidates="14573" cleared="1742" />
  <references type="soft" candidates="10774" cleared="0" enqueued="0" dynamicThreshold="29" maxThreshold="32" />
  <references type="weak" candidates="184" cleared="74" enqueued="0" />
</gc-op>
<gc-end id="7444" type="scavenge" contextid="7440" durationms="125.037" usertimems="836.243" systemtimems="21.102" timestamp="2020-09-12T19:01:52.540" activeThreads="8">
  <mem-info id="7445" free="858981784" total="3163947008" percent="27">
    <mem type="nursery" free="717574264" total="939524096" percent="76">
      <mem type="allocate" free="717574264" total="810483712" percent="88" />
      <mem type="survivor" free="0" total="129040384" percent="0" />
    </mem>
    <mem type="tenure" free="141407520" total="2224422912" percent="6" macro-fragmented="0">
      <mem type="soa" free="119218464" total="2202178560" percent="5" />
      <mem type="loa" free="22189056" total="22244352" percent="99" />
    </mem>
    <remembered-set count="54284" />
  </mem-info>
</gc-end>
<cycle-end id="7446" type="scavenge" contextid="7440" timestamp="2020-09-12T19:01:52.544" />
<allocation-satisfied id="7447" threadId="0000000000A9E500" bytesRequested="368" />
<af-end id="7448" timestamp="2020-09-12T19:01:52.544" threadId="0000000000A9EE80" success="true" from="nursery"/>
<exclusive-end id="7449" timestamp="2020-09-12T19:01:52.544" durationms="129.861" />

<exclusive-start id="7450" timestamp="2020-09-12T19:01:53.320" intervalms="906.483">
  <response-info timems="0.407" idlems="0.407" threads="0" lastid="00000000009C0F00" lastname="Group1.Backend.CompositeBackend{Tier1}.2" />
</exclusive-start>
<af-start id="7451" threadId="00000000009C1880" totalBytesRequested="88" timestamp="2020-09-12T19:01:53.321" intervalms="906.504" type="nursery" />
<cycle-start id="7452" type="scavenge" contextid="0" timestamp="2020-09-12T19:01:53.321" intervalms="906.499" />
<gc-start id="7453" type="scavenge" contextid="7452" timestamp="2020-09-12T19:01:53.322">
  <mem-info id="7454" free="141407520" total="3163947008" percent="4">
    <mem type="nursery" free="0" total="939524096" percent="0">
      <mem type="allocate" free="0" total="810483712" percent="0" />
      <mem type="survivor" free="0" total="129040384" percent="0" />
    </mem>
    <mem type="tenure" free="141407520" total="2224422912" percent="6">
      <mem type="soa" free="119218464" total="2202178560" percent="5" />
      <mem type="loa" free="22189056" total="22244352" percent="99" />
    </mem>
    <remembered-set count="160617" />
  </mem-info>
</gc-start>
<allocation-stats totalBytes="717138176" >
  <allocated-bytes non-tlh="11974104" tlh="705164072" />
  <largest-consumer threadName="Group1.Backend.CompositeBackend{Tier1}.3" threadId="0000000000D7BE00" bytes="89992592" />
</allocation-stats>
<gc-op id="7455" type="scavenge" timems="95.317" contextid="7452" timestamp="2020-09-12T19:01:53.417">
  <scavenger-info tenureage="5" tenuremask="ffe0" tiltratio="86" />
  <memory-copied type="nursery" objects="3764082" bytes="99342952" bytesdiscarded="296816" />
  <memory-copied type="tenure" objects="531918" bytes="14370184" bytesdiscarded="6440" />
  <finalization candidates="1" enqueued="0" />
  <ownableSynchronizers candidates="14945" cleared="1876" />
  <references type="soft" candidates="10958" cleared="0" enqueued="0" dynamicThreshold="29" maxThreshold="32" />
  <references type="weak" candidates="186" cleared="84" enqueued="0" />
</gc-op>
<gc-end id="7456" type="scavenge" contextid="7452" durationms="96.492" usertimems="726.156" systemtimems="9.493" timestamp="2020-09-12T19:01:53.418" activeThreads="8">
  <mem-info id="7457" free="846073336" total="3163947008" percent="26">
    <mem type="nursery" free="719044584" total="939524096" percent="76">
      <mem type="allocate" free="719044584" total="818741248" percent="87" />
      <mem type="survivor" free="0" total="120782848" percent="0" />
    </mem>
    <mem type="tenure" free="127028752" total="2224422912" percent="5" macro-fragmented="0">
      <mem type="soa" free="104839696" total="2202178560" percent="4" />
      <mem type="loa" free="22189056" total="22244352" percent="99" />
    </mem>
    <remembered-set count="51035" />
  </mem-info>
</gc-end>
<cycle-end id="7458" type="scavenge" contextid="7452" timestamp="2020-09-12T19:01:53.419" />
<allocation-satisfied id="7459" threadId="00000000009C0F00" bytesRequested="88" />
<af-end id="7460" timestamp="2020-09-12T19:01:53.419" threadId="00000000009C1880" success="true" from="nursery"/>
<exclusive-end id="7461" timestamp="2020-09-12T19:01:53.419" durationms="98.710" />

<exclusive-start id="7462" timestamp="2020-09-12T19:01:54.245" intervalms="924.908">
  <response-info timems="1.325" idlems="1.325" threads="0" lastid="0000000000D7BE00" lastname="Group1.Backend.CompositeBackend{Tier1}.3" />
</exclusive-start>
<af-start id="7463" threadId="0000000000D7C780" totalBytesRequested="48" timestamp="2020-09-12T19:01:54.246" intervalms="924.895" type="nursery" />
<cycle-start id="7464" type="scavenge" contextid="0" timestamp="2020-09-12T19:01:54.246" intervalms="924.965" />
<gc-start id="7465" type="scavenge" contextid="7464" timestamp="2020-09-12T19:01:54.247">
  <mem-info id="7466" free="127028752" total="3163947008" percent="4">
    <mem type="nursery" free="0" total="939524096" percent="0">
      <mem type="allocate" free="0" total="818741248" percent="0" />
      <mem type="survivor" free="0" total="120782848" percent="0" />
    </mem>
    <mem type="tenure" free="127028752" total="2224422912" percent="5">
      <mem type="soa" free="104839696" total="2202178560" percent="4" />
      <mem type="loa" free="22189056" total="22244352" percent="99" />
    </mem>
    <remembered-set count="158459" />
  </mem-info>
</gc-start>
<allocation-stats totalBytes="718608696" >
  <allocated-bytes non-tlh="13186904" tlh="705421792" />
  <largest-consumer threadName="Group1.Backend.CompositeBackend{Tier1}.6" threadId="0000000000A9E500" bytes="98038304" />
</allocation-stats>
<gc-op id="7467" type="scavenge" timems="108.730" contextid="7464" timestamp="2020-09-12T19:01:54.356">
  <scavenger-info tenureage="5" tenuremask="ffe0" tiltratio="87" />
  <memory-copied type="nursery" objects="3358048" bytes="90924928" bytesdiscarded="261760" />
  <memory-copied type="tenure" objects="562964" bytes="15110528" bytesdiscarded="3736" />
  <finalization candidates="1" enqueued="0" />
  <ownableSynchronizers candidates="15657" cleared="2345" />
  <references type="soft" candidates="11078" cleared="0" enqueued="0" dynamicThreshold="29" maxThreshold="32" />
  <references type="weak" candidates="190" cleared="89" enqueued="0" />
</gc-op>
<gc-end id="7468" type="scavenge" contextid="7464" durationms="110.493" usertimems="723.150" systemtimems="11.276" timestamp="2020-09-12T19:01:54.357" activeThreads="8">
  <mem-info id="7469" free="841266952" total="3163947008" percent="26">
    <mem type="nursery" free="729398520" total="939524096" percent="77">
      <mem type="allocate" free="729398520" total="820641792" percent="88" />
      <mem type="survivor" free="0" total="118882304" percent="0" />
    </mem>
    <mem type="tenure" free="111868432" total="2224422912" percent="5" macro-fragmented="0">
      <mem type="soa" free="89679376" total="2202178560" percent="4" />
      <mem type="loa" free="22189056" total="22244352" percent="99" />
    </mem>
    <remembered-set count="48836" />
  </mem-info>
</gc-end>
<cycle-end id="7470" type="scavenge" contextid="7464" timestamp="2020-09-12T19:01:54.358" />
<allocation-satisfied id="7471" threadId="0000000000D7BE00" bytesRequested="48" />
<af-end id="7472" timestamp="2020-09-12T19:01:54.358" threadId="0000000000D7C780" success="true" from="nursery"/>
<exclusive-end id="7473" timestamp="2020-09-12T19:01:54.358" durationms="113.025" />

<exclusive-start id="7474" timestamp="2020-09-12T19:01:55.208" intervalms="962.821">
  <response-info timems="0.413" idlems="0.413" threads="0" lastid="0000000000E1E800" lastname="Group1.Backend.CompositeBackend{Tier1}.5" />
</exclusive-start>
<af-start id="7475" threadId="0000000000E1F180" totalBytesRequested="208" timestamp="2020-09-12T19:01:55.209" intervalms="962.790" type="nursery" />
<cycle-start id="7476" type="scavenge" contextid="0" timestamp="2020-09-12T19:01:55.209" intervalms="962.745" />
<gc-start id="7477" type="scavenge" contextid="7476" timestamp="2020-09-12T19:01:55.210">
  <mem-info id="7478" free="111868432" total="3163947008" percent="3">
    <mem type="nursery" free="0" total="939524096" percent="0">
      <mem type="allocate" free="0" total="820641792" percent="0" />
      <mem type="survivor" free="0" total="118882304" percent="0" />
    </mem>
    <mem type="tenure" free="111868432" total="2224422912" percent="5">
      <mem type="soa" free="89679376" total="2202178560" percent="4" />
      <mem type="loa" free="22189056" total="22244352" percent="99" />
    </mem>
    <remembered-set count="150782" />
  </mem-info>
</gc-start>
<allocation-stats totalBytes="728938960" >
  <allocated-bytes non-tlh="17935672" tlh="711003288" />
  <largest-consumer threadName="Group1.Backend.CompositeBackend{Tier1}.5" threadId="0000000000E1E800" bytes="94905480" />
</allocation-stats>
<gc-op id="7479" type="scavenge" timems="85.355" contextid="7476" timestamp="2020-09-12T19:01:55.295">
  <scavenger-info tenureage="5" tenuremask="ffe0" tiltratio="87" />
  <memory-copied type="nursery" objects="3353387" bytes="90177536" bytesdiscarded="158464" />
  <memory-copied type="tenure" objects="550181" bytes="14682624" bytesdiscarded="4552" />
  <ownableSynchronizers candidates="14600" cleared="1340" />
  <references type="soft" candidates="11098" cleared="0" enqueued="0" dynamicThreshold="29" maxThreshold="32" />
  <references type="weak" candidates="190" cleared="81" enqueued="0" />
</gc-op>
<gc-end id="7480" type="scavenge" contextid="7476" durationms="86.303" usertimems="616.321" systemtimems="4.323" timestamp="2020-09-12T19:01:55.296" activeThreads="8">
  <mem-info id="7481" free="830555880" total="3163947008" percent="26">
    <mem type="nursery" free="733661912" total="939524096" percent="78">
      <mem type="allocate" free="733661912" total="824049664" percent="89" />
      <mem type="survivor" free="0" total="115474432" percent="0" />
    </mem>
    <mem type="tenure" free="96893968" total="2224422912" percent="4" macro-fragmented="0">
      <mem type="soa" free="74704912" total="2202178560" percent="3" />
      <mem type="loa" free="22189056" total="22244352" percent="99" />
    </mem>
    <remembered-set count="44259" />
  </mem-info>
</gc-end>
<cycle-end id="7482" type="scavenge" contextid="7476" timestamp="2020-09-12T19:01:55.296" />
<allocation-satisfied id="7483" threadId="0000000000E1E800" bytesRequested="208" />
<af-end id="7484" timestamp="2020-09-12T19:01:55.296" threadId="0000000000E1F180" success="true" from="nursery"/>
<exclusive-end id="7485" timestamp="2020-09-12T19:01:55.297" durationms="88.496" />

<exclusive-start id="7486" timestamp="2020-09-12T19:01:56.131" intervalms="923.261">
  <response-info timems="1.112" idlems="1.112" threads="0" lastid="0000000000E29B00" lastname="Group1.Backend.CompositeBackend{Tier1}.1" />
</exclusive-start>
<af-start id="7487" threadId="0000000000E2A480" totalBytesRequested="80" timestamp="2020-09-12T19:01:56.132" intervalms="923.134" type="nursery" />
<cycle-start id="7488" type="scavenge" contextid="0" timestamp="2020-09-12T19:01:56.132" intervalms="923.076" />
<gc-start id="7489" type="scavenge" contextid="7488" timestamp="2020-09-12T19:01:56.133">
  <mem-info id="7490" free="96893968" total="3163947008" percent="3">
    <mem type="nursery" free="0" total="939524096" percent="0">
      <mem type="allocate" free="0" total="824049664" percent="0" />
      <mem type="survivor" free="0" total="115474432" percent="0" />
    </mem>
    <mem type="tenure" free="96893968" total="2224422912" percent="4">
      <mem type="soa" free="74704912" total="2202178560" percent="3" />
      <mem type="loa" free="22189056" total="22244352" percent="99" />
    </mem>
    <remembered-set count="148570" />
  </mem-info>
</gc-start>
<allocation-stats totalBytes="733225552" >
  <allocated-bytes non-tlh="14584200" tlh="718641352" />
  <largest-consumer threadName="Group1.Backend.CompositeBackend{Tier1}.6" threadId="0000000000A9E500" bytes="95742032" />
</allocation-stats>
<gc-op id="7491" type="scavenge" timems="84.008" contextid="7488" timestamp="2020-09-12T19:01:56.217">
  <scavenger-info tenureage="5" tenuremask="7fe0" tiltratio="87" />
  <memory-copied type="nursery" objects="3469544" bytes="92926336" bytesdiscarded="160888" />
  <memory-copied type="tenure" objects="580159" bytes="15565256" bytesdiscarded="4088" />
  <ownableSynchronizers candidates="15107" cleared="1742" />
  <references type="soft" candidates="11083" cleared="0" enqueued="0" dynamicThreshold="29" maxThreshold="32" />
  <references type="weak" candidates="211" cleared="94" enqueued="0" />
</gc-op>
<gc-end id="7492" type="scavenge" contextid="7488" durationms="84.949" usertimems="600.039" systemtimems="7.560" timestamp="2020-09-12T19:01:56.217" activeThreads="8">
  <mem-info id="7493" free="813742032" total="3163947008" percent="25">
    <mem type="nursery" free="732547520" total="939524096" percent="77">
      <mem type="allocate" free="732547520" total="825688064" percent="88" />
      <mem type="survivor" free="0" total="113836032" percent="0" />
    </mem>
    <mem type="tenure" free="81194512" total="2224422912" percent="3" macro-fragmented="0">
      <mem type="soa" free="59005456" total="2202178560" percent="2" />
      <mem type="loa" free="22189056" total="22244352" percent="99" />
    </mem>
    <remembered-set count="41844" />
  </mem-info>
</gc-end>
<cycle-end id="7494" type="scavenge" contextid="7488" timestamp="2020-09-12T19:01:56.218" />
<allocation-satisfied id="7495" threadId="0000000000E29B00" bytesRequested="80" />
<af-end id="7496" timestamp="2020-09-12T19:01:56.218" threadId="0000000000E2A480" success="true" from="nursery"/>
<exclusive-end id="7497" timestamp="2020-09-12T19:01:56.218" durationms="86.734" />

<exclusive-start id="7498" timestamp="2020-09-12T19:01:57.087" intervalms="955.633">
  <response-info timems="0.843" idlems="0.843" threads="0" lastid="00000000009E7A00" lastname="Group1.Backend.CompositeBackend{Tier1}.8" />
</exclusive-start>
<af-start id="7499" threadId="00000000009E8380" totalBytesRequested="16" timestamp="2020-09-12T19:01:57.088" intervalms="955.642" type="nursery" />
<cycle-start id="7500" type="scavenge" contextid="0" timestamp="2020-09-12T19:01:57.088" intervalms="955.671" />
<gc-start id="7501" type="scavenge" contextid="7500" timestamp="2020-09-12T19:01:57.088">
  <mem-info id="7502" free="81194512" total="3163947008" percent="2">
    <mem type="nursery" free="0" total="939524096" percent="0">
      <mem type="allocate" free="0" total="825688064" percent="0" />
      <mem type="survivor" free="0" total="113836032" percent="0" />
    </mem>
    <mem type="tenure" free="81194512" total="2224422912" percent="3">
      <mem type="soa" free="59005456" total="2202178560" percent="2" />
      <mem type="loa" free="22189056" total="22244352" percent="99" />
    </mem>
    <remembered-set count="144079" />
  </mem-info>
</gc-start>
<allocation-stats totalBytes="732089120" >
  <allocated-bytes non-tlh="12112016" tlh="719977104" />
  <largest-consumer threadName="Group1.Backend.CompositeBackend{Tier1}.2" threadId="00000000009C0F00" bytes="114888768" />
</allocation-stats>
<gc-op id="7503" type="scavenge" timems="83.969" contextid="7500" timestamp="2020-09-12T19:01:57.172">
  <scavenger-info tenureage="5" tenuremask="7fe0" tiltratio="87" />
  <memory-copied type="nursery" objects="3676387" bytes="97574440" bytesdiscarded="140912" />
  <memory-copied type="tenure" objects="576194" bytes="15484312" bytesdiscarded="3808" />
  <ownableSynchronizers candidates="14760" cleared="1474" />
  <references type="soft" candidates="11001" cleared="0" enqueued="0" dynamicThreshold="29" maxThreshold="32" />
  <references type="weak" candidates="175" cleared="79" enqueued="0" />
</gc-op>
<gc-end id="7504" type="scavenge" contextid="7500" durationms="84.846" usertimems="551.422" systemtimems="16.491" timestamp="2020-09-12T19:01:57.173" activeThreads="8">
  <mem-info id="7505" free="793368416" total="3163947008" percent="25">
    <mem type="nursery" free="727396952" total="939524096" percent="77">
      <mem type="allocate" free="727396952" total="825163776" percent="88" />
      <mem type="survivor" free="0" total="114360320" percent="0" />
    </mem>
    <mem type="tenure" free="65971464" total="2224422912" percent="2" macro-fragmented="23113062">
      <mem type="soa" free="43782408" total="2202178560" percent="1" />
      <mem type="loa" free="22189056" total="22244352" percent="99" />
    </mem>
    <remembered-set count="39104" />
  </mem-info>
</gc-end>
<cycle-end id="7506" type="scavenge" contextid="7500" timestamp="2020-09-12T19:01:57.174" />
<allocation-satisfied id="7507" threadId="00000000009E7A00" bytesRequested="16" />
<af-end id="7508" timestamp="2020-09-12T19:01:57.174" threadId="00000000009E8380" success="true" from="nursery"/>
<exclusive-end id="7509" timestamp="2020-09-12T19:01:57.174" durationms="87.248" />

<exclusive-start id="7510" timestamp="2020-09-12T19:01:58.051" intervalms="964.104">
  <response-info timems="2.993" idlems="1.601" threads="1" lastid="0000000000E29B00" lastname="Group1.Backend.CompositeBackend{Tier1}.1" />
</exclusive-start>
<af-start id="7511" threadId="00000000008F8B80" totalBytesRequested="368" timestamp="2020-09-12T19:01:58.052" intervalms="964.157" type="nursery" />
<cycle-start id="7512" type="scavenge" contextid="0" timestamp="2020-09-12T19:01:58.052" intervalms="964.146" />
<gc-start id="7513" type="scavenge" contextid="7512" timestamp="2020-09-12T19:01:58.052">
  <mem-info id="7514" free="65971408" total="3163947008" percent="2">
    <mem type="nursery" free="0" total="939524096" percent="0">
      <mem type="allocate" free="0" total="825163776" percent="0" />
      <mem type="survivor" free="0" total="114360320" percent="0" />
    </mem>
    <mem type="tenure" free="65971408" total="2224422912" percent="2">
      <mem type="soa" free="43782352" total="2202178560" percent="1" />
      <mem type="loa" free="22189056" total="22244352" percent="99" />
    </mem>
    <remembered-set count="146489" />
  </mem-info>
</gc-start>
<allocation-stats totalBytes="726945344" >
  <allocated-bytes non-tlh="11672240" tlh="715273104" />
  <largest-consumer threadName="Group1.Backend.CompositeBackend{Tier1}.3" threadId="0000000000D7BE00" bytes="93644792" />
</allocation-stats>
<gc-op id="7515" type="scavenge" timems="96.257" contextid="7512" timestamp="2020-09-12T19:01:58.149">
  <scavenger-info tenureage="5" tenuremask="7fe0" tiltratio="87" />
  <memory-copied type="nursery" objects="3701775" bytes="98451656" bytesdiscarded="228296" />
  <memory-copied type="tenure" objects="578326" bytes="15506936" bytesdiscarded="6936" />
  <ownableSynchronizers candidates="14612" cleared="1273" />
  <references type="soft" candidates="11079" cleared="0" enqueued="0" dynamicThreshold="29" maxThreshold="32" />
  <references type="weak" candidates="164" cleared="84" enqueued="0" />
</gc-op>
<gc-end id="7516" type="scavenge" contextid="7512" durationms="97.247" usertimems="693.210" systemtimems="17.864" timestamp="2020-09-12T19:01:58.149" activeThreads="8">
  <mem-info id="7517" free="779338824" total="3163947008" percent="24">
    <mem type="nursery" free="728921720" total="939524096" percent="77">
      <mem type="allocate" free="728921720" total="827654144" percent="88" />
      <mem type="survivor" free="0" total="111869952" percent="0" />
    </mem>
    <mem type="tenure" free="50417104" total="2224422912" percent="2" macro-fragmented="0">
      <mem type="soa" free="28228048" total="2202178560" percent="1" />
      <mem type="loa" free="22189056" total="22244352" percent="99" />
    </mem>
    <remembered-set count="37666" />
  </mem-info>
</gc-end>
<cycle-end id="7518" type="scavenge" contextid="7512" timestamp="2020-09-12T19:01:58.150" />
<allocation-satisfied id="7519" threadId="00000000008F8200" bytesRequested="368" />
<af-end id="7520" timestamp="2020-09-12T19:01:58.150" threadId="00000000008F8B80" success="true" from="nursery"/>
<exclusive-end id="7521" timestamp="2020-09-12T19:01:58.150" durationms="99.047" />

<exclusive-start id="7522" timestamp="2020-09-12T19:01:58.992" intervalms="940.616">
  <response-info timems="1.221" idlems="1.221" threads="0" lastid="00000000009C0F00" lastname="Group1.Backend.CompositeBackend{Tier1}.2" />
</exclusive-start>
<af-start id="7523" threadId="00000000009C1880" totalBytesRequested="256" timestamp="2020-09-12T19:01:58.994" intervalms="942.607" type="nursery" />
<percolate-collect id="7524" from="nursery" to="global" reason="prevent tenure expand" timestamp="2020-09-12T19:01:58.995"/>
<cycle-start id="7525" type="global" contextid="0" timestamp="2020-09-12T19:01:58.995" intervalms="30876.026" />
<gc-start id="7526" type="global" contextid="7525" timestamp="2020-09-12T19:01:58.995">
  <mem-info id="7527" free="50417104" total="3163947008" percent="1">
    <mem type="nursery" free="0" total="939524096" percent="0">
      <mem type="allocate" free="0" total="827654144" percent="0" />
      <mem type="survivor" free="0" total="111869952" percent="0" />
    </mem>
    <mem type="tenure" free="50417104" total="2224422912" percent="2">
      <mem type="soa" free="28228048" total="2202178560" percent="1" />
      <mem type="loa" free="22189056" total="22244352" percent="99" />
    </mem>
    <remembered-set count="138997" />
  </mem-info>
</gc-start>
<allocation-stats totalBytes="728481424" >
  <allocated-bytes non-tlh="21092768" tlh="707388656" />
  <largest-consumer threadName="Group1.Backend.CompositeBackend{Tier1}.3" threadId="0000000000D7BE00" bytes="110481952" />
</allocation-stats>
<gc-op id="7528" type="mark" timems="559.144" contextid="7525" timestamp="2020-09-12T19:01:59.554">
  <trace-info objectcount="34098831" scancount="32428952" scanbytes="874103376" />
  <finalization candidates="168" enqueued="24" />
  <ownableSynchronizers candidates="3464151" cleared="3036860" />
  <references type="soft" candidates="363739" cleared="0" enqueued="0" dynamicThreshold="29" maxThreshold="32" />
  <references type="weak" candidates="4306" cleared="89" enqueued="0" />
  <references type="phantom" candidates="103" cleared="0" enqueued="0" />
  <stringconstants candidates="10859" cleared="9"  />
</gc-op>
<gc-op id="7529" type="classunload" timems="2.381" contextid="7525" timestamp="2020-09-12T19:01:59.557">
  <classunload-info classloadercandidates="224" classloadersunloaded="6" classesunloaded="6" anonymousclassesunloaded="0" quiescems="0.000" setupms="2.302" scanms="0.064" postms="0.015" />
</gc-op>
<gc-op id="7530" type="sweep" timems="11.347" contextid="7525" timestamp="2020-09-12T19:01:59.569" />
<gc-end id="7531" type="global" contextid="7525" durationms="574.647" usertimems="4195.181" systemtimems="10.951" timestamp="2020-09-12T19:01:59.570" activeThreads="8">
  <mem-info id="7532" free="1815552256" total="3163947008" percent="57">
    <mem type="nursery" free="702584496" total="939524096" percent="74">
      <mem type="allocate" free="702584496" total="827654144" percent="84" />
      <mem type="survivor" free="0" total="111869952" percent="0" />
    </mem>
    <mem type="tenure" free="1112967760" total="2224422912" percent="50" micro-fragmented="9295714" macro-fragmented="0">
      <mem type="soa" free="1090723408" total="2202178560" percent="49" />
      <mem type="loa" free="22244352" total="22244352" percent="100" />
    </mem>
    <pending-finalizers system="0" default="24" reference="0" classloader="0" />
    <remembered-set count="135341" />
  </mem-info>
</gc-end>
<cycle-end id="7533" type="global" contextid="7525" timestamp="2020-09-12T19:01:59.570" />
<allocation-satisfied id="7534" threadId="00000000009C0F00" bytesRequested="256" />
<af-end id="7535" timestamp="2020-09-12T19:01:59.570" threadId="00000000009C1880" success="true" from="nursery"/>
<exclusive-end id="7536" timestamp="2020-09-12T19:01:59.570" durationms="578.543" />

<exclusive-start id="7537" timestamp="2020-09-12T19:02:00.085" intervalms="1093.245">
  <response-info timems="5.021" idlems="5.021" threads="0" lastid="0000000000A9E500" lastname="Group1.Backend.CompositeBackend{Tier1}.6" />
</exclusive-start>
<af-start id="7538" threadId="0000000000A9EE80" totalBytesRequested="16" timestamp="2020-09-12T19:02:00.086" intervalms="1091.239" type="nursery" />
<cycle-start id="7539" type="scavenge" contextid="0" timestamp="2020-09-12T19:02:00.086" intervalms="2033.923" />
<gc-start id="7540" type="scavenge" contextid="7539" timestamp="2020-09-12T19:02:00.087">
  <mem-info id="7541" free="1112967712" total="3163947008" percent="35">
    <mem type="nursery" free="0" total="939524096" percent="0">
      <mem type="allocate" free="0" total="827654144" percent="0" />
      <mem type="survivor" free="0" total="111869952" percent="0" />
    </mem>
    <mem type="tenure" free="1112967712" total="2224422912" percent="50">
      <mem type="soa" free="1090723360" total="2202178560" percent="49" />
      <mem type="loa" free="22244352" total="22244352" percent="100" />
    </mem>
    <remembered-set count="188714" />
  </mem-info>
</gc-start>
<allocation-stats totalBytes="700709472" >
  <allocated-bytes non-tlh="19758208" tlh="680951264" />
  <largest-consumer threadName="Group1.Backend.CompositeBackend{Tier1}.1" threadId="0000000000E29B00" bytes="110677424" />
</allocation-stats>
<gc-op id="7542" type="scavenge" timems="113.869" contextid="7539" timestamp="2020-09-12T19:02:00.200">
  <scavenger-info tenureage="5" tenuremask="7fe0" tiltratio="88" />
  <memory-copied type="nursery" objects="4010539" bytes="106663256" bytesdiscarded="210304" />
  <memory-copied type="tenure" objects="568784" bytes="15533400" bytesdiscarded="5752" />
  <ownableSynchronizers candidates="858598" cleared="843221" />
  <references type="soft" candidates="13052" cleared="0" enqueued="0" dynamicThreshold="16" maxThreshold="32" />
  <references type="weak" candidates="167" cleared="87" enqueued="0" />
</gc-op>
<gc-end id="7543" type="scavenge" contextid="7539" durationms="115.486" usertimems="846.346" systemtimems="14.659" timestamp="2020-09-12T19:02:00.202" activeThreads="8">
  <mem-info id="7544" free="1803968248" total="3163947008" percent="57">
    <mem type="nursery" free="707261368" total="939524096" percent="75">
      <mem type="allocate" free="707261368" total="814219264" percent="86" />
      <mem type="survivor" free="0" total="125304832" percent="0" />
    </mem>
    <mem type="tenure" free="1096706880" total="2224422912" percent="49" macro-fragmented="0">
      <mem type="soa" free="1074462528" total="2202178560" percent="48" />
      <mem type="loa" free="22244352" total="22244352" percent="100" />
    </mem>
    <remembered-set count="41178" />
  </mem-info>
</gc-end>
<cycle-end id="7545" type="scavenge" contextid="7539" timestamp="2020-09-12T19:02:00.203" />
<allocation-satisfied id="7546" threadId="0000000000A9E500" bytesRequested="16" />
<af-end id="7547" timestamp="2020-09-12T19:02:00.203" threadId="0000000000A9EE80" success="true" from="nursery"/>
<exclusive-end id="7548" timestamp="2020-09-12T19:02:00.203" durationms="117.873" />

<exclusive-start id="7549" timestamp="2020-09-12T19:02:00.876" intervalms="791.166">
  <response-info timems="0.263" idlems="0.263" threads="0" lastid="0000000000D7BE00" lastname="Group1.Backend.CompositeBackend{Tier1}.3" />
</exclusive-start>
<af-start id="7550" threadId="0000000000D7C780" totalBytesRequested="120" timestamp="2020-09-12T19:02:00.877" intervalms="791.064" type="nursery" />
<cycle-start id="7551" type="scavenge" contextid="0" timestamp="2020-09-12T19:02:00.877" intervalms="790.965" />
<gc-start id="7552" type="scavenge" contextid="7551" timestamp="2020-09-12T19:02:00.877">
  <mem-info id="7553" free="1096706880" total="3163947008" percent="34">
    <mem type="nursery" free="0" total="939524096" percent="0">
      <mem type="allocate" free="0" total="814219264" percent="0" />
      <mem type="survivor" free="0" total="125304832" percent="0" />
    </mem>
    <mem type="tenure" free="1096706880" total="2224422912" percent="49">
      <mem type="soa" free="1074462528" total="2202178560" percent="48" />
      <mem type="loa" free="22244352" total="22244352" percent="100" />
    </mem>
    <remembered-set count="144566" />
  </mem-info>
</gc-start>
<allocation-stats totalBytes="706843840" >
  <allocated-bytes non-tlh="12469576" tlh="694374264" />
  <largest-consumer threadName="Group1.Backend.CompositeBackend{Tier1}.2" threadId="00000000009C0F00" bytes="104029336" />
</allocation-stats>
<gc-op id="7554" type="scavenge" timems="75.054" contextid="7551" timestamp="2020-09-12T19:02:00.952">
  <scavenger-info tenureage="5" tenuremask="7fe0" tiltratio="86" />
  <memory-copied type="nursery" objects="3789609" bytes="101927752" bytesdiscarded="134872" />
  <memory-copied type="tenure" objects="516572" bytes="13861736" bytesdiscarded="94328" />
  <ownableSynchronizers candidates="17117" cleared="1842" />
  <references type="soft" candidates="13147" cleared="0" enqueued="0" dynamicThreshold="16" maxThreshold="32" />
  <references type="weak" candidates="153" cleared="89" enqueued="0" />
</gc-op>
<gc-end id="7555" type="scavenge" contextid="7551" durationms="76.111" usertimems="585.430" systemtimems="1.788" timestamp="2020-09-12T19:02:00.953" activeThreads="8">
  <mem-info id="7556" free="1796218368" total="3163947008" percent="56">
    <mem type="nursery" free="713227712" total="939524096" percent="75">
      <mem type="allocate" free="713227712" total="815333376" percent="87" />
      <mem type="survivor" free="0" total="124190720" percent="0" />
    </mem>
    <mem type="tenure" free="1082990656" total="2224422912" percent="48" macro-fragmented="5375358">
      <mem type="soa" free="1060746304" total="2202178560" percent="48" />
      <mem type="loa" free="22244352" total="22244352" percent="100" />
    </mem>
    <remembered-set count="39686" />
  </mem-info>
</gc-end>
<cycle-end id="7557" type="scavenge" contextid="7551" timestamp="2020-09-12T19:02:00.954" />
<allocation-satisfied id="7558" threadId="0000000000D7BE00" bytesRequested="120" />
<af-end id="7559" timestamp="2020-09-12T19:02:00.954" threadId="0000000000D7C780" success="true" from="nursery"/>
<exclusive-end id="7560" timestamp="2020-09-12T19:02:00.954" durationms="77.701" />

<exclusive-start id="7561" timestamp="2020-09-12T19:02:01.867" intervalms="990.567">
  <response-info timems="0.285" idlems="0.285" threads="0" lastid="0000000000E1AC00" lastname="Group1.Backend.CompositeBackend{Tier1}.4" />
</exclusive-start>
<af-start id="7562" threadId="0000000000E1B580" totalBytesRequested="200" timestamp="2020-09-12T19:02:01.867" intervalms="990.627" type="nursery" />
<cycle-start id="7563" type="scavenge" contextid="0" timestamp="2020-09-12T19:02:01.868" intervalms="990.624" />
<gc-start id="7564" type="scavenge" contextid="7563" timestamp="2020-09-12T19:02:01.868">
  <mem-info id="7565" free="1082990656" total="3163947008" percent="34">
    <mem type="nursery" free="0" total="939524096" percent="0">
      <mem type="allocate" free="0" total="815333376" percent="0" />
      <mem type="survivor" free="0" total="124190720" percent="0" />
    </mem>
    <mem type="tenure" free="1082990656" total="2224422912" percent="48">
      <mem type="soa" free="1060746304" total="2202178560" percent="48" />
      <mem type="loa" free="22244352" total="22244352" percent="100" />
    </mem>
    <remembered-set count="145697" />
  </mem-info>
</gc-start>
<allocation-stats totalBytes="712802800" >
  <allocated-bytes non-tlh="11281232" tlh="701521568" />
  <largest-consumer threadName="Group1.Backend.CompositeBackend{Tier1}.6" threadId="0000000000A9E500" bytes="92146120" />
</allocation-stats>
<gc-op id="7566" type="scavenge" timems="79.656" contextid="7563" timestamp="2020-09-12T19:02:01.948">
  <scavenger-info tenureage="5" tenuremask="7fe0" tiltratio="86" />
  <memory-copied type="nursery" objects="3805074" bytes="102422176" bytesdiscarded="464976" />
  <memory-copied type="tenure" objects="535641" bytes="14435912" bytesdiscarded="91824" />
  <ownableSynchronizers candidates="17077" cleared="1642" />
  <references type="soft" candidates="13222" cleared="0" enqueued="0" dynamicThreshold="16" maxThreshold="32" />
  <references type="weak" candidates="115" cleared="75" enqueued="0" />
</gc-op>
<gc-end id="7567" type="scavenge" contextid="7563" durationms="80.736" usertimems="578.328" systemtimems="0.000" timestamp="2020-09-12T19:02:01.948" activeThreads="8">
  <mem-info id="7568" free="1782749344" total="3163947008" percent="56">
    <mem type="nursery" free="714170864" total="939524096" percent="76">
      <mem type="allocate" free="714170864" total="817102848" percent="87" />
      <mem type="survivor" free="0" total="122421248" percent="0" />
    </mem>
    <mem type="tenure" free="1068578480" total="2224422912" percent="48" macro-fragmented="1500163">
      <mem type="soa" free="1046334128" total="2202178560" percent="47" />
      <mem type="loa" free="22244352" total="22244352" percent="100" />
    </mem>
    <remembered-set count="40012" />
  </mem-info>
</gc-end>
<cycle-end id="7569" type="scavenge" contextid="7563" timestamp="2020-09-12T19:02:01.949" />
<allocation-satisfied id="7570" threadId="0000000000E1AC00" bytesRequested="200" />
<af-end id="7571" timestamp="2020-09-12T19:02:01.949" threadId="0000000000E1B580" success="true" from="nursery"/>
<exclusive-end id="7572" timestamp="2020-09-12T19:02:01.949" durationms="82.379" />

<exclusive-start id="7573" timestamp="2020-09-12T19:02:02.762" intervalms="895.203">
  <response-info timems="0.311" idlems="0.303" threads="1" lastid="0000000000D9F100" lastname="Group1.Backend.CompositeBackend{Tier1}.7" />
</exclusive-start>
<af-start id="7574" threadId="0000000000E1B580" totalBytesRequested="56" timestamp="2020-09-12T19:02:02.763" intervalms="895.251" type="nursery" />
<cycle-start id="7575" type="scavenge" contextid="0" timestamp="2020-09-12T19:02:02.763" intervalms="895.329" />
<gc-start id="7576" type="scavenge" contextid="7575" timestamp="2020-09-12T19:02:02.763">
  <mem-info id="7577" free="1068578480" total="3163947008" percent="33">
    <mem type="nursery" free="0" total="939524096" percent="0">
      <mem type="allocate" free="0" total="817102848" percent="0" />
      <mem type="survivor" free="0" total="122421248" percent="0" />
    </mem>
    <mem type="tenure" free="1068578480" total="2224422912" percent="48">
      <mem type="soa" free="1046334128" total="2202178560" percent="47" />
      <mem type="loa" free="22244352" total="22244352" percent="100" />
    </mem>
    <remembered-set count="144094" />
  </mem-info>
</gc-start>
<allocation-stats totalBytes="713744096" >
  <allocated-bytes non-tlh="16943376" tlh="696800720" />
  <largest-consumer threadName="Group1.Backend.CompositeBackend{Tier1}.6" threadId="0000000000A9E500" bytes="91488872" />
</allocation-stats>
<gc-op id="7578" type="scavenge" timems="82.329" contextid="7575" timestamp="2020-09-12T19:02:02.846">
  <scavenger-info tenureage="5" tenuremask="7fe0" tiltratio="86" />
  <memory-copied type="nursery" objects="3943560" bytes="105907752" bytesdiscarded="106432" />
  <memory-copied type="tenure" objects="523296" bytes="14030328" bytesdiscarded="72128" />
  <ownableSynchronizers candidates="17587" cleared="2110" />
  <references type="soft" candidates="13298" cleared="0" enqueued="0" dynamicThreshold="16" maxThreshold="32" />
  <references type="weak" candidates="137" cleared="89" enqueued="0" />
</gc-op>
<gc-end id="7579" type="scavenge" contextid="7575" durationms="83.340" usertimems="619.898" systemtimems="0.000" timestamp="2020-09-12T19:02:02.846" activeThreads="8">
  <mem-info id="7580" free="1765128872" total="3163947008" percent="55">
    <mem type="nursery" free="710901240" total="939524096" percent="75">
      <mem type="allocate" free="710901240" total="816971776" percent="87" />
      <mem type="survivor" free="0" total="122552320" percent="0" />
    </mem>
    <mem type="tenure" free="1054227632" total="2224422912" percent="47" macro-fragmented="9288619">
      <mem type="soa" free="1031983280" total="2202178560" percent="46" />
      <mem type="loa" free="22244352" total="22244352" percent="100" />
    </mem>
    <remembered-set count="40119" />
  </mem-info>
</gc-end>
<cycle-end id="7581" type="scavenge" contextid="7575" timestamp="2020-09-12T19:02:02.849" />
<allocation-satisfied id="7582" threadId="0000000000E1AC00" bytesRequested="56" />
<af-end id="7583" timestamp="2020-09-12T19:02:02.849" threadId="0000000000E1B580" success="true" from="nursery"/>
<exclusive-end id="7584" timestamp="2020-09-12T19:02:02.849" durationms="86.957" />

<exclusive-start id="7585" timestamp="2020-09-12T19:02:03.669" intervalms="907.309">
  <response-info timems="1.262" idlems="1.262" threads="0" lastid="0000000000E29B00" lastname="Group1.Backend.CompositeBackend{Tier1}.1" />
</exclusive-start>
<af-start id="7586" threadId="0000000000E2A480" totalBytesRequested="944" timestamp="2020-09-12T19:02:03.670" intervalms="907.310" type="nursery" />
<cycle-start id="7587" type="scavenge" contextid="0" timestamp="2020-09-12T19:02:03.670" intervalms="907.255" />
<gc-start id="7588" type="scavenge" contextid="7587" timestamp="2020-09-12T19:02:03.670">
  <mem-info id="7589" free="1054227632" total="3163947008" percent="33">
    <mem type="nursery" free="0" total="939524096" percent="0">
      <mem type="allocate" free="0" total="816971776" percent="0" />
      <mem type="survivor" free="0" total="122552320" percent="0" />
    </mem>
    <mem type="tenure" free="1054227632" total="2224422912" percent="47">
      <mem type="soa" free="1031983280" total="2202178560" percent="46" />
      <mem type="loa" free="22244352" total="22244352" percent="100" />
    </mem>
    <remembered-set count="137670" />
  </mem-info>
</gc-start>
<allocation-stats totalBytes="710475928" >
  <allocated-bytes non-tlh="14107056" tlh="696368872" />
  <largest-consumer threadName="Group1.Backend.CompositeBackend{Tier1}.4" threadId="0000000000E1AC00" bytes="103729432" />
</allocation-stats>
<gc-op id="7590" type="scavenge" timems="87.383" contextid="7587" timestamp="2020-09-12T19:02:03.758">
  <scavenger-info tenureage="5" tenuremask="7fe0" tiltratio="86" />
  <memory-copied type="nursery" objects="3853634" bytes="103687056" bytesdiscarded="132744" />
  <memory-copied type="tenure" objects="583098" bytes="15601648" bytesdiscarded="12104" />
  <ownableSynchronizers candidates="16887" cleared="1541" />
  <references type="soft" candidates="13018" cleared="0" enqueued="0" dynamicThreshold="16" maxThreshold="32" />
  <references type="weak" candidates="123" cleared="74" enqueued="0" />
</gc-op>
<gc-end id="7591" type="scavenge" contextid="7587" durationms="88.474" usertimems="644.652" systemtimems="9.672" timestamp="2020-09-12T19:02:03.759" activeThreads="8">
  <mem-info id="7592" free="1752435416" total="3163947008" percent="55">
    <mem type="nursery" free="713888512" total="939524096" percent="75">
      <mem type="allocate" free="713888512" total="817758208" percent="87" />
      <mem type="survivor" free="0" total="121765888" percent="0" />
    </mem>
    <mem type="tenure" free="1038546904" total="2224422912" percent="46" macro-fragmented="0">
      <mem type="soa" free="1016302552" total="2202178560" percent="46" />
      <mem type="loa" free="22244352" total="22244352" percent="100" />
    </mem>
    <remembered-set count="39001" />
  </mem-info>
</gc-end>
<cycle-end id="7593" type="scavenge" contextid="7587" timestamp="2020-09-12T19:02:03.759" />
<allocation-satisfied id="7594" threadId="0000000000E29B00" bytesRequested="944" />
<af-end id="7595" timestamp="2020-09-12T19:02:03.760" threadId="0000000000E2A480" success="true" from="nursery"/>
<exclusive-end id="7596" timestamp="2020-09-12T19:02:03.760" durationms="90.343" />

<exclusive-start id="7597" timestamp="2020-09-12T19:02:04.644" intervalms="974.783">
  <response-info timems="10.518" idlems="10.518" threads="0" lastid="000000000088BF00" lastname="Group1.TxInjector.CompositeTxInjector.I.driver.probe.46" />
</exclusive-start>
<af-start id="7598" threadId="000000000088C880" totalBytesRequested="376" timestamp="2020-09-12T19:02:04.645" intervalms="974.867" type="nursery" />
<cycle-start id="7599" type="scavenge" contextid="0" timestamp="2020-09-12T19:02:04.645" intervalms="974.863" />
<gc-start id="7600" type="scavenge" contextid="7599" timestamp="2020-09-12T19:02:04.645">
  <mem-info id="7601" free="1038546904" total="3163947008" percent="32">
    <mem type="nursery" free="0" total="939524096" percent="0">
      <mem type="allocate" free="0" total="817758208" percent="0" />
      <mem type="survivor" free="0" total="121765888" percent="0" />
    </mem>
    <mem type="tenure" free="1038546904" total="2224422912" percent="46">
      <mem type="soa" free="1016302552" total="2202178560" percent="46" />
      <mem type="loa" free="22244352" total="22244352" percent="100" />
    </mem>
    <remembered-set count="144245" />
  </mem-info>
</gc-start>
<allocation-stats totalBytes="713455736" >
  <allocated-bytes non-tlh="10366128" tlh="703089608" />
  <largest-consumer threadName="Group1.Backend.CompositeBackend{Tier1}.3" threadId="0000000000D7BE00" bytes="85774264" />
</allocation-stats>
<gc-op id="7602" type="scavenge" timems="103.327" contextid="7599" timestamp="2020-09-12T19:02:04.749">
  <scavenger-info tenureage="5" tenuremask="7fe0" tiltratio="87" />
  <memory-copied type="nursery" objects="3338228" bytes="90380080" bytesdiscarded="174488" />
  <memory-copied type="tenure" objects="1062588" bytes="28682752" bytesdiscarded="772080" />
  <ownableSynchronizers candidates="16892" cleared="1608" />
  <references type="soft" candidates="10999" cleared="0" enqueued="0" dynamicThreshold="16" maxThreshold="32" />
  <references type="weak" candidates="105" cleared="79" enqueued="0" />
</gc-op>
<gc-end id="7603" type="scavenge" contextid="7599" durationms="104.438" usertimems="782.126" systemtimems="3.650" timestamp="2020-09-12T19:02:04.750" activeThreads="8">
  <mem-info id="7604" free="1737894432" total="3163947008" percent="54">
    <mem type="nursery" free="728265464" total="939524096" percent="77">
      <mem type="allocate" free="728265464" total="818872320" percent="88" />
      <mem type="survivor" free="0" total="120651776" percent="0" />
    </mem>
    <mem type="tenure" free="1009628968" total="2224422912" percent="45" macro-fragmented="0">
      <mem type="soa" free="987384616" total="2202178560" percent="44" />
      <mem type="loa" free="22244352" total="22244352" percent="100" />
    </mem>
    <remembered-set count="33837" />
  </mem-info>
</gc-end>
<cycle-end id="7605" type="scavenge" contextid="7599" timestamp="2020-09-12T19:02:04.750" />
<allocation-satisfied id="7606" threadId="000000000088BF00" bytesRequested="376" />
<af-end id="7607" timestamp="2020-09-12T19:02:04.750" threadId="000000000088C880" success="true" from="nursery"/>
<exclusive-end id="7608" timestamp="2020-09-12T19:02:04.750" durationms="106.403" />

<exclusive-start id="7609" timestamp="2020-09-12T19:02:05.537" intervalms="892.918">
  <response-info timems="0.385" idlems="0.385" threads="0" lastid="0000000000E1E800" lastname="Group1.Backend.CompositeBackend{Tier1}.5" />
</exclusive-start>
<af-start id="7610" threadId="0000000000E1F180" totalBytesRequested="256" timestamp="2020-09-12T19:02:05.538" intervalms="892.845" type="nursery" />
<cycle-start id="7611" type="scavenge" contextid="0" timestamp="2020-09-12T19:02:05.538" intervalms="892.857" />
<gc-start id="7612" type="scavenge" contextid="7611" timestamp="2020-09-12T19:02:05.538">
  <mem-info id="7613" free="1009628968" total="3163947008" percent="31">
    <mem type="nursery" free="0" total="939524096" percent="0">
      <mem type="allocate" free="0" total="818872320" percent="0" />
      <mem type="survivor" free="0" total="120651776" percent="0" />
    </mem>
    <mem type="tenure" free="1009628968" total="2224422912" percent="45">
      <mem type="soa" free="987384616" total="2202178560" percent="44" />
      <mem type="loa" free="22244352" total="22244352" percent="100" />
    </mem>
    <remembered-set count="132895" />
  </mem-info>
</gc-start>
<allocation-stats totalBytes="727853848" >
  <allocated-bytes non-tlh="25421568" tlh="702432280" />
  <largest-consumer threadName="Group1.Backend.CompositeBackend{Tier1}.8" threadId="00000000009E7A00" bytes="97797624" />
</allocation-stats>
<gc-op id="7614" type="scavenge" timems="91.067" contextid="7611" timestamp="2020-09-12T19:02:05.629">
  <scavenger-info tenureage="5" tenuremask="7fe0" tiltratio="87" />
  <memory-copied type="nursery" objects="3604786" bytes="96808056" bytesdiscarded="153328" />
  <memory-copied type="tenure" objects="572740" bytes="15511400" bytesdiscarded="431776" />
  <ownableSynchronizers candidates="14989" cleared="1910" />
  <references type="soft" candidates="10838" cleared="0" enqueued="0" dynamicThreshold="16" maxThreshold="32" />
  <references type="weak" candidates="123" cleared="90" enqueued="0" />
</gc-op>
<gc-end id="7615" type="scavenge" contextid="7611" durationms="92.126" usertimems="680.023" systemtimems="0.000" timestamp="2020-09-12T19:02:05.630" activeThreads="8">
  <mem-info id="7616" free="1716150480" total="3163947008" percent="54">
    <mem type="nursery" free="722912344" total="939524096" percent="76">
      <mem type="allocate" free="722912344" total="819920896" percent="88" />
      <mem type="survivor" free="0" total="119603200" percent="0" />
    </mem>
    <mem type="tenure" free="993238136" total="2224422912" percent="44" macro-fragmented="0">
      <mem type="soa" free="970993784" total="2202178560" percent="44" />
      <mem type="loa" free="22244352" total="22244352" percent="100" />
    </mem>
    <remembered-set count="33472" />
  </mem-info>
</gc-end>
<cycle-end id="7617" type="scavenge" contextid="7611" timestamp="2020-09-12T19:02:05.631" />
<allocation-satisfied id="7618" threadId="0000000000E1E800" bytesRequested="256" />
<af-end id="7619" timestamp="2020-09-12T19:02:05.631" threadId="0000000000E1F180" success="true" from="nursery"/>
<exclusive-end id="7620" timestamp="2020-09-12T19:02:05.631" durationms="94.106" />

<exclusive-start id="7621" timestamp="2020-09-12T19:02:06.488" intervalms="950.759">
  <response-info timems="0.285" idlems="0.285" threads="0" lastid="0000000000E29B00" lastname="Group1.Backend.CompositeBackend{Tier1}.1" />
</exclusive-start>
<af-start id="7622" threadId="0000000000E2A480" totalBytesRequested="168" timestamp="2020-09-12T19:02:06.489" intervalms="951.032" type="nursery" />
<cycle-start id="7623" type="scavenge" contextid="0" timestamp="2020-09-12T19:02:06.489" intervalms="951.064" />
<gc-start id="7624" type="scavenge" contextid="7623" timestamp="2020-09-12T19:02:06.489">
  <mem-info id="7625" free="993238136" total="3163947008" percent="31">
    <mem type="nursery" free="0" total="939524096" percent="0">
      <mem type="allocate" free="0" total="819920896" percent="0" />
      <mem type="survivor" free="0" total="119603200" percent="0" />
    </mem>
    <mem type="tenure" free="993238136" total="2224422912" percent="44">
      <mem type="soa" free="970993784" total="2202178560" percent="44" />
      <mem type="loa" free="22244352" total="22244352" percent="100" />
    </mem>
    <remembered-set count="136597" />
  </mem-info>
</gc-start>
<allocation-stats totalBytes="722470088" >
  <allocated-bytes non-tlh="8800072" tlh="713670016" />
  <largest-consumer threadName="Group1.Backend.CompositeBackend{Tier1}.6" threadId="0000000000A9E500" bytes="96339136" />
</allocation-stats>
<gc-op id="7626" type="scavenge" timems="73.926" contextid="7623" timestamp="2020-09-12T19:02:06.563">
  <scavenger-info tenureage="5" tenuremask="7fe0" tiltratio="87" />
  <memory-copied type="nursery" objects="3335033" bytes="90203288" bytesdiscarded="139800" />
  <memory-copied type="tenure" objects="599148" bytes="16214544" bytesdiscarded="6368" />
  <ownableSynchronizers candidates="14170" cleared="1273" />
  <references type="soft" candidates="10598" cleared="0" enqueued="0" dynamicThreshold="16" maxThreshold="32" />
  <references type="weak" candidates="113" cleared="80" enqueued="0" />
</gc-op>
<gc-end id="7627" type="scavenge" contextid="7623" durationms="74.984" usertimems="517.760" systemtimems="8.840" timestamp="2020-09-12T19:02:06.564" activeThreads="8">
  <mem-info id="7628" free="1708752224" total="3163947008" percent="54">
    <mem type="nursery" free="731757792" total="939524096" percent="77">
      <mem type="allocate" free="731757792" total="822149120" percent="89" />
      <mem type="survivor" free="0" total="117374976" percent="0" />
    </mem>
    <mem type="tenure" free="976994432" total="2224422912" percent="43" macro-fragmented="0">
      <mem type="soa" free="954750080" total="2202178560" percent="43" />
      <mem type="loa" free="22244352" total="22244352" percent="100" />
    </mem>
    <remembered-set count="33726" />
  </mem-info>
</gc-end>
<cycle-end id="7629" type="scavenge" contextid="7623" timestamp="2020-09-12T19:02:06.565" />
<allocation-satisfied id="7630" threadId="0000000000E29B00" bytesRequested="168" />
<af-end id="7631" timestamp="2020-09-12T19:02:06.565" threadId="0000000000E2A480" success="true" from="nursery"/>
<exclusive-end id="7632" timestamp="2020-09-12T19:02:06.565" durationms="77.282" />

<exclusive-start id="7633" timestamp="2020-09-12T19:02:07.478" intervalms="990.796">
  <response-info timems="0.571" idlems="0.564" threads="1" lastid="0000000000E1AC00" lastname="Group1.Backend.CompositeBackend{Tier1}.4" />
</exclusive-start>
<af-start id="7634" threadId="00000000009C1880" totalBytesRequested="96" timestamp="2020-09-12T19:02:07.479" intervalms="990.449" type="nursery" />
<cycle-start id="7635" type="scavenge" contextid="0" timestamp="2020-09-12T19:02:07.479" intervalms="990.397" />
<gc-start id="7636" type="scavenge" contextid="7635" timestamp="2020-09-12T19:02:07.480">
  <mem-info id="7637" free="976994432" total="3163947008" percent="30">
    <mem type="nursery" free="0" total="939524096" percent="0">
      <mem type="allocate" free="0" total="822149120" percent="0" />
      <mem type="survivor" free="0" total="117374976" percent="0" />
    </mem>
    <mem type="tenure" free="976994432" total="2224422912" percent="43">
      <mem type="soa" free="954750080" total="2202178560" percent="43" />
      <mem type="loa" free="22244352" total="22244352" percent="100" />
    </mem>
    <remembered-set count="144195" />
  </mem-info>
</gc-start>
<allocation-stats totalBytes="731307472" >
  <allocated-bytes non-tlh="10596176" tlh="720711296" />
  <largest-consumer threadName="Group1.Backend.CompositeBackend{Tier1}.6" threadId="0000000000A9E500" bytes="103143032" />
</allocation-stats>
<gc-op id="7638" type="scavenge" timems="77.165" contextid="7635" timestamp="2020-09-12T19:02:07.557">
  <scavenger-info tenureage="5" tenuremask="7fe0" tiltratio="87" />
  <memory-copied type="nursery" objects="3433833" bytes="93236120" bytesdiscarded="127960" />
  <memory-copied type="tenure" objects="570662" bytes="15317752" bytesdiscarded="12552" />
  <ownableSynchronizers candidates="14642" cleared="1942" />
  <references type="soft" candidates="10442" cleared="0" enqueued="0" dynamicThreshold="16" maxThreshold="32" />
  <references type="weak" candidates="111" cleared="85" enqueued="0" />
</gc-op>
<gc-end id="7639" type="scavenge" contextid="7635" durationms="78.326" usertimems="547.233" systemtimems="6.952" timestamp="2020-09-12T19:02:07.558" activeThreads="8">
  <mem-info id="7640" free="1692119496" total="3163947008" percent="53">
    <mem type="nursery" free="730633976" total="939524096" percent="77">
      <mem type="allocate" free="730633976" total="824049664" percent="88" />
      <mem type="survivor" free="0" total="115474432" percent="0" />
    </mem>
    <mem type="tenure" free="961485520" total="2224422912" percent="43" macro-fragmented="0">
      <mem type="soa" free="939241168" total="2202178560" percent="42" />
      <mem type="loa" free="22244352" total="22244352" percent="100" />
    </mem>
    <remembered-set count="33019" />
  </mem-info>
</gc-end>
<cycle-end id="7641" type="scavenge" contextid="7635" timestamp="2020-09-12T19:02:07.558" />
<allocation-satisfied id="7642" threadId="00000000009C0F00" bytesRequested="96" />
<af-end id="7643" timestamp="2020-09-12T19:02:07.558" threadId="00000000009C1880" success="true" from="nursery"/>
<exclusive-end id="7644" timestamp="2020-09-12T19:02:07.559" durationms="80.061" />

<exclusive-start id="7645" timestamp="2020-09-12T19:02:08.409" intervalms="930.405">
  <response-info timems="0.498" idlems="0.260" threads="1" lastid="00000000009C0F00" lastname="Group1.Backend.CompositeBackend{Tier1}.2" />
</exclusive-start>
<af-start id="7646" threadId="0000000000E2A480" totalBytesRequested="32" timestamp="2020-09-12T19:02:08.410" intervalms="930.459" type="nursery" />
<cycle-start id="7647" type="scavenge" contextid="0" timestamp="2020-09-12T19:02:08.410" intervalms="930.504" />
<gc-start id="7648" type="scavenge" contextid="7647" timestamp="2020-09-12T19:02:08.410">
  <mem-info id="7649" free="961485520" total="3163947008" percent="30">
    <mem type="nursery" free="0" total="939524096" percent="0">
      <mem type="allocate" free="0" total="824049664" percent="0" />
      <mem type="survivor" free="0" total="115474432" percent="0" />
    </mem>
    <mem type="tenure" free="961485520" total="2224422912" percent="43">
      <mem type="soa" free="939241168" total="2202178560" percent="42" />
      <mem type="loa" free="22244352" total="22244352" percent="100" />
    </mem>
    <remembered-set count="132328" />
  </mem-info>
</gc-start>
<allocation-stats totalBytes="730189584" >
  <allocated-bytes non-tlh="21858504" tlh="708331080" />
  <largest-consumer threadName="Group1.Backend.CompositeBackend{Tier1}.6" threadId="0000000000A9E500" bytes="109063736" />
</allocation-stats>
<gc-op id="7650" type="scavenge" timems="77.870" contextid="7647" timestamp="2020-09-12T19:02:08.488">
  <scavenger-info tenureage="5" tenuremask="7fe0" tiltratio="87" />
  <memory-copied type="nursery" objects="3345577" bytes="90826952" bytesdiscarded="137736" />
  <memory-copied type="tenure" objects="516880" bytes="14024056" bytesdiscarded="2904" />
  <ownableSynchronizers candidates="13382" cleared="1341" />
  <references type="soft" candidates="10004" cleared="0" enqueued="0" dynamicThreshold="16" maxThreshold="32" />
  <references type="weak" candidates="123" cleared="89" enqueued="0" />
</gc-op>
<gc-end id="7651" type="scavenge" contextid="7647" durationms="78.792" usertimems="569.545" systemtimems="7.993" timestamp="2020-09-12T19:02:08.489" activeThreads="8">
  <mem-info id="7652" free="1682741640" total="3163947008" percent="53">
    <mem type="nursery" free="735203048" total="939524096" percent="78">
      <mem type="allocate" free="735203048" total="826212352" percent="88" />
      <mem type="survivor" free="0" total="113311744" percent="0" />
    </mem>
    <mem type="tenure" free="947538592" total="2224422912" percent="42" macro-fragmented="0">
      <mem type="soa" free="925294240" total="2202178560" percent="42" />
      <mem type="loa" free="22244352" total="22244352" percent="100" />
    </mem>
    <remembered-set count="33914" />
  </mem-info>
</gc-end>
<cycle-end id="7653" type="scavenge" contextid="7647" timestamp="2020-09-12T19:02:08.491" />
<allocation-satisfied id="7654" threadId="0000000000E29B00" bytesRequested="32" />
<af-end id="7655" timestamp="2020-09-12T19:02:08.491" threadId="0000000000E2A480" success="true" from="nursery"/>
<exclusive-end id="7656" timestamp="2020-09-12T19:02:08.491" durationms="82.217" />

<exclusive-start id="7657" timestamp="2020-09-12T19:02:09.394" intervalms="985.239">
  <response-info timems="0.385" idlems="0.385" threads="0" lastid="0000000000E1AC00" lastname="Group1.Backend.CompositeBackend{Tier1}.4" />
</exclusive-start>
<af-start id="7658" threadId="0000000000E1B580" totalBytesRequested="32" timestamp="2020-09-12T19:02:09.395" intervalms="985.112" type="nursery" />
<cycle-start id="7659" type="scavenge" contextid="0" timestamp="2020-09-12T19:02:09.395" intervalms="985.071" />
<gc-start id="7660" type="scavenge" contextid="7659" timestamp="2020-09-12T19:02:09.395">
  <mem-info id="7661" free="947538592" total="3163947008" percent="29">
    <mem type="nursery" free="0" total="939524096" percent="0">
      <mem type="allocate" free="0" total="826212352" percent="0" />
      <mem type="survivor" free="0" total="113311744" percent="0" />
    </mem>
    <mem type="tenure" free="947538592" total="2224422912" percent="42">
      <mem type="soa" free="925294240" total="2202178560" percent="42" />
      <mem type="loa" free="22244352" total="22244352" percent="100" />
    </mem>
    <remembered-set count="139307" />
  </mem-info>
</gc-start>
<allocation-stats totalBytes="734772848" >
  <allocated-bytes non-tlh="16894728" tlh="717878120" />
  <largest-consumer threadName="Group1.Backend.CompositeBackend{Tier1}.1" threadId="0000000000E29B00" bytes="110261224" />
</allocation-stats>
<gc-op id="7662" type="scavenge" timems="83.646" contextid="7659" timestamp="2020-09-12T19:02:09.479">
  <scavenger-info tenureage="5" tenuremask="7fe0" tiltratio="87" />
  <memory-copied type="nursery" objects="3332356" bytes="90048472" bytesdiscarded="159696" />
  <memory-copied type="tenure" objects="591323" bytes="16502088" bytesdiscarded="6088" />
  <finalization candidates="1" enqueued="0" />
  <ownableSynchronizers candidates="13710" cleared="2077" />
  <references type="soft" candidates="9381" cleared="0" enqueued="0" dynamicThreshold="16" maxThreshold="32" />
  <references type="weak" candidates="151" cleared="101" enqueued="0" />
</gc-op>
<gc-end id="7663" type="scavenge" contextid="7659" durationms="84.677" usertimems="575.470" systemtimems="6.964" timestamp="2020-09-12T19:02:09.480" activeThreads="8">
  <mem-info id="7664" free="1669361384" total="3163947008" percent="52">
    <mem type="nursery" free="738316272" total="939524096" percent="78">
      <mem type="allocate" free="738316272" total="828571648" percent="89" />
      <mem type="survivor" free="0" total="110952448" percent="0" />
    </mem>
    <mem type="tenure" free="931045112" total="2224422912" percent="41" macro-fragmented="0">
      <mem type="soa" free="908800760" total="2202178560" percent="41" />
      <mem type="loa" free="22244352" total="22244352" percent="100" />
    </mem>
    <remembered-set count="34643" />
  </mem-info>
</gc-end>
<cycle-end id="7665" type="scavenge" contextid="7659" timestamp="2020-09-12T19:02:09.480" />
<allocation-satisfied id="7666" threadId="0000000000E1AC00" bytesRequested="32" />
<af-end id="7667" timestamp="2020-09-12T19:02:09.480" threadId="0000000000E1B580" success="true" from="nursery"/>
<exclusive-end id="7668" timestamp="2020-09-12T19:02:09.481" durationms="86.529" />

<exclusive-start id="7669" timestamp="2020-09-12T19:02:10.360" intervalms="966.331">
  <response-info timems="3.436" idlems="1.946" threads="1" lastid="0000000000D9F100" lastname="Group1.Backend.CompositeBackend{Tier1}.7" />
</exclusive-start>
<af-start id="7670" threadId="000000000097FF80" totalBytesRequested="536" timestamp="2020-09-12T19:02:10.361" intervalms="966.614" type="nursery" />
<cycle-start id="7671" type="scavenge" contextid="0" timestamp="2020-09-12T19:02:10.362" intervalms="966.635" />
<gc-start id="7672" type="scavenge" contextid="7671" timestamp="2020-09-12T19:02:10.362">
  <mem-info id="7673" free="931045112" total="3163947008" percent="29">
    <mem type="nursery" free="0" total="939524096" percent="0">
      <mem type="allocate" free="0" total="828571648" percent="0" />
      <mem type="survivor" free="0" total="110952448" percent="0" />
    </mem>
    <mem type="tenure" free="931045112" total="2224422912" percent="41">
      <mem type="soa" free="908800760" total="2202178560" percent="41" />
      <mem type="loa" free="22244352" total="22244352" percent="100" />
    </mem>
    <remembered-set count="138611" />
  </mem-info>
</gc-start>
<allocation-stats totalBytes="737874224" >
  <allocated-bytes non-tlh="14676152" tlh="723198072" />
  <largest-consumer threadName="Group1.Backend.CompositeBackend{Tier1}.4" threadId="0000000000E1AC00" bytes="99703184" />
</allocation-stats>
<gc-op id="7674" type="scavenge" timems="84.452" contextid="7671" timestamp="2020-09-12T19:02:10.446">
  <scavenger-info tenureage="5" tenuremask="7fe0" tiltratio="88" />
  <memory-copied type="nursery" objects="3357546" bytes="89859640" bytesdiscarded="143072" />
  <memory-copied type="tenure" objects="540600" bytes="14715168" bytesdiscarded="10944" />
  <finalization candidates="1" enqueued="0" />
  <ownableSynchronizers candidates="13123" cleared="2244" />
  <references type="soft" candidates="8798" cleared="0" enqueued="0" dynamicThreshold="16" maxThreshold="32" />
  <references type="weak" candidates="122" cleared="79" enqueued="0" />
</gc-op>
<gc-end id="7675" type="scavenge" contextid="7671" durationms="85.691" usertimems="571.827" systemtimems="14.530" timestamp="2020-09-12T19:02:10.447" activeThreads="8">
  <mem-info id="7676" free="1656583216" total="3163947008" percent="52">
    <mem type="nursery" free="740488440" total="939524096" percent="78">
      <mem type="allocate" free="740488440" total="830537728" percent="89" />
      <mem type="survivor" free="0" total="108986368" percent="0" />
    </mem>
    <mem type="tenure" free="916094776" total="2224422912" percent="41" macro-fragmented="0">
      <mem type="soa" free="893850424" total="2202178560" percent="40" />
      <mem type="loa" free="22244352" total="22244352" percent="100" />
    </mem>
    <remembered-set count="32178" />
  </mem-info>
</gc-end>
<cycle-end id="7677" type="scavenge" contextid="7671" timestamp="2020-09-12T19:02:10.448" />
<allocation-satisfied id="7678" threadId="000000000097F600" bytesRequested="536" />
<af-end id="7679" timestamp="2020-09-12T19:02:10.448" threadId="000000000097FF80" success="true" from="nursery"/>
<exclusive-end id="7680" timestamp="2020-09-12T19:02:10.448" durationms="87.932" />

<exclusive-start id="7681" timestamp="2020-09-12T19:02:11.323" intervalms="962.923">
  <response-info timems="3.936" idlems="1.983" threads="1" lastid="00000000009E7A00" lastname="Group1.Backend.CompositeBackend{Tier1}.8" />
</exclusive-start>
<af-start id="7682" threadId="00000000009C1880" totalBytesRequested="256" timestamp="2020-09-12T19:02:11.324" intervalms="962.732" type="nursery" />
<cycle-start id="7683" type="scavenge" contextid="0" timestamp="2020-09-12T19:02:11.324" intervalms="962.697" />
<gc-start id="7684" type="scavenge" contextid="7683" timestamp="2020-09-12T19:02:11.325">
  <mem-info id="7685" free="916094776" total="3163947008" percent="28">
    <mem type="nursery" free="0" total="939524096" percent="0">
      <mem type="allocate" free="0" total="830537728" percent="0" />
      <mem type="survivor" free="0" total="108986368" percent="0" />
    </mem>
    <mem type="tenure" free="916094776" total="2224422912" percent="41">
      <mem type="soa" free="893850424" total="2202178560" percent="40" />
      <mem type="loa" free="22244352" total="22244352" percent="100" />
    </mem>
    <remembered-set count="138485" />
  </mem-info>
</gc-start>
<allocation-stats totalBytes="740035800" >
  <allocated-bytes non-tlh="11276968" tlh="728758832" />
  <largest-consumer threadName="Group1.Backend.CompositeBackend{Tier1}.6" threadId="0000000000A9E500" bytes="96126784" />
</allocation-stats>
<gc-op id="7686" type="scavenge" timems="74.532" contextid="7683" timestamp="2020-09-12T19:02:11.399">
  <scavenger-info tenureage="5" tenuremask="7fe0" tiltratio="88" />
  <memory-copied type="nursery" objects="3597727" bytes="95909560" bytesdiscarded="136776" />
  <memory-copied type="tenure" objects="563776" bytes="15123280" bytesdiscarded="3688" />
  <finalization candidates="1" enqueued="0" />
  <ownableSynchronizers candidates="11931" cleared="1642" />
  <references type="soft" candidates="8215" cleared="0" enqueued="0" dynamicThreshold="16" maxThreshold="32" />
  <references type="weak" candidates="126" cleared="84" enqueued="0" />
</gc-op>
<gc-end id="7687" type="scavenge" contextid="7683" durationms="75.364" usertimems="549.598" systemtimems="0.000" timestamp="2020-09-12T19:02:11.400" activeThreads="8">
  <mem-info id="7688" free="1631293528" total="3163947008" percent="51">
    <mem type="nursery" free="730237088" total="939524096" percent="77">
      <mem type="allocate" free="730237088" total="826343424" percent="88" />
      <mem type="survivor" free="0" total="113180672" percent="0" />
    </mem>
    <mem type="tenure" free="901056440" total="2224422912" percent="40" macro-fragmented="0">
      <mem type="soa" free="878812088" total="2202178560" percent="39" />
      <mem type="loa" free="22244352" total="22244352" percent="100" />
    </mem>
    <remembered-set count="32121" />
  </mem-info>
</gc-end>
<cycle-end id="7689" type="scavenge" contextid="7683" timestamp="2020-09-12T19:02:11.401" />
<allocation-satisfied id="7690" threadId="00000000009C0F00" bytesRequested="256" />
<af-end id="7691" timestamp="2020-09-12T19:02:11.401" threadId="00000000009C1880" success="true" from="nursery"/>
<exclusive-end id="7692" timestamp="2020-09-12T19:02:11.401" durationms="77.218" />

<exclusive-start id="7693" timestamp="2020-09-12T19:02:12.300" intervalms="976.151">
  <response-info timems="0.356" idlems="0.356" threads="0" lastid="00000000009C0F00" lastname="Group1.Backend.CompositeBackend{Tier1}.2" />
</exclusive-start>
<af-start id="7694" threadId="00000000009C1880" totalBytesRequested="208" timestamp="2020-09-12T19:02:12.300" intervalms="976.065" type="nursery" />
<cycle-start id="7695" type="scavenge" contextid="0" timestamp="2020-09-12T19:02:12.300" intervalms="976.076" />
<gc-start id="7696" type="scavenge" contextid="7695" timestamp="2020-09-12T19:02:12.301">
  <mem-info id="7697" free="901056440" total="3163947008" percent="28">
    <mem type="nursery" free="0" total="939524096" percent="0">
      <mem type="allocate" free="0" total="826343424" percent="0" />
      <mem type="survivor" free="0" total="113180672" percent="0" />
    </mem>
    <mem type="tenure" free="901056440" total="2224422912" percent="40">
      <mem type="soa" free="878812088" total="2202178560" percent="39" />
      <mem type="loa" free="22244352" total="22244352" percent="100" />
    </mem>
    <remembered-set count="134692" />
  </mem-info>
</gc-start>
<allocation-stats totalBytes="729820088" >
  <allocated-bytes non-tlh="17302848" tlh="712517240" />
  <largest-consumer threadName="Group1.Backend.CompositeBackend{Tier1}.8" threadId="00000000009E7A00" bytes="103840632" />
</allocation-stats>
<gc-op id="7698" type="scavenge" timems="72.968" contextid="7695" timestamp="2020-09-12T19:02:12.374">
  <scavenger-info tenureage="5" tenuremask="7fe0" tiltratio="87" />
  <memory-copied type="nursery" objects="3711951" bytes="98187544" bytesdiscarded="140384" />
  <memory-copied type="tenure" objects="621960" bytes="16666520" bytesdiscarded="3624" />
  <finalization candidates="1" enqueued="0" />
  <ownableSynchronizers candidates="10972" cleared="1407" />
  <references type="soft" candidates="7451" cleared="0" enqueued="0" dynamicThreshold="16" maxThreshold="32" />
  <references type="weak" candidates="121" cleared="80" enqueued="0" />
</gc-op>
<gc-end id="7699" type="scavenge" contextid="7695" durationms="73.958" usertimems="542.854" systemtimems="4.823" timestamp="2020-09-12T19:02:12.374" activeThreads="8">
  <mem-info id="7700" free="1612692528" total="3163947008" percent="50">
    <mem type="nursery" free="728483664" total="939524096" percent="77">
      <mem type="allocate" free="728483664" total="826867712" percent="88" />
      <mem type="survivor" free="0" total="112656384" percent="0" />
    </mem>
    <mem type="tenure" free="884208864" total="2224422912" percent="39" macro-fragmented="0">
      <mem type="soa" free="861964512" total="2202178560" percent="39" />
      <mem type="loa" free="22244352" total="22244352" percent="100" />
    </mem>
    <remembered-set count="30929" />
  </mem-info>
</gc-end>
<cycle-end id="7701" type="scavenge" contextid="7695" timestamp="2020-09-12T19:02:12.377" />
<allocation-satisfied id="7702" threadId="00000000009C0F00" bytesRequested="208" />
<af-end id="7703" timestamp="2020-09-12T19:02:12.377" threadId="00000000009C1880" success="true" from="nursery"/>
<exclusive-end id="7704" timestamp="2020-09-12T19:02:12.377" durationms="77.088" />

<exclusive-start id="7705" timestamp="2020-09-12T19:02:13.284" intervalms="984.977">
  <response-info timems="0.488" idlems="0.488" threads="0" lastid="0000000000E1E800" lastname="Group1.Backend.CompositeBackend{Tier1}.5" />
</exclusive-start>
<af-start id="7706" threadId="0000000000E1F180" totalBytesRequested="64" timestamp="2020-09-12T19:02:13.285" intervalms="984.949" type="nursery" />
<cycle-start id="7707" type="scavenge" contextid="0" timestamp="2020-09-12T19:02:13.285" intervalms="984.937" />
<gc-start id="7708" type="scavenge" contextid="7707" timestamp="2020-09-12T19:02:13.286">
  <mem-info id="7709" free="884208864" total="3163947008" percent="27">
    <mem type="nursery" free="0" total="939524096" percent="0">
      <mem type="allocate" free="0" total="826867712" percent="0" />
      <mem type="survivor" free="0" total="112656384" percent="0" />
    </mem>
    <mem type="tenure" free="884208864" total="2224422912" percent="39">
      <mem type="soa" free="861964512" total="2202178560" percent="39" />
      <mem type="loa" free="22244352" total="22244352" percent="100" />
    </mem>
    <remembered-set count="135141" />
  </mem-info>
</gc-start>
<allocation-stats totalBytes="728056336" >
  <allocated-bytes non-tlh="15616304" tlh="712440032" />
  <largest-consumer threadName="Group1.Backend.CompositeBackend{Tier1}.3" threadId="0000000000D7BE00" bytes="116295024" />
</allocation-stats>
<gc-op id="7710" type="scavenge" timems="79.527" contextid="7707" timestamp="2020-09-12T19:02:13.365">
  <scavenger-info tenureage="5" tenuremask="7fe0" tiltratio="88" />
  <memory-copied type="nursery" objects="3562599" bytes="95100928" bytesdiscarded="167320" />
  <memory-copied type="tenure" objects="532955" bytes="14281848" bytesdiscarded="4368" />
  <finalization candidates="1" enqueued="0" />
  <ownableSynchronizers candidates="10091" cleared="1340" />
  <references type="soft" candidates="7125" cleared="0" enqueued="0" dynamicThreshold="16" maxThreshold="32" />
  <references type="weak" candidates="131" cleared="90" enqueued="0" />
</gc-op>
<gc-end id="7711" type="scavenge" contextid="7707" durationms="80.669" usertimems="515.744" systemtimems="0.000" timestamp="2020-09-12T19:02:13.366" activeThreads="8">
  <mem-info id="7712" free="1602199160" total="3163947008" percent="50">
    <mem type="nursery" free="732067232" total="939524096" percent="77">
      <mem type="allocate" free="732067232" total="827392000" percent="88" />
      <mem type="survivor" free="0" total="112132096" percent="0" />
    </mem>
    <mem type="tenure" free="870131928" total="2224422912" percent="39" macro-fragmented="0">
      <mem type="soa" free="847887576" total="2202178560" percent="38" />
      <mem type="loa" free="22244352" total="22244352" percent="100" />
    </mem>
    <remembered-set count="29749" />
  </mem-info>
</gc-end>
<cycle-end id="7713" type="scavenge" contextid="7707" timestamp="2020-09-12T19:02:13.367" />
<allocation-satisfied id="7714" threadId="0000000000E1E800" bytesRequested="64" />
<af-end id="7715" timestamp="2020-09-12T19:02:13.367" threadId="0000000000E1F180" success="true" from="nursery"/>
<exclusive-end id="7716" timestamp="2020-09-12T19:02:13.367" durationms="82.443" />

<exclusive-start id="7717" timestamp="2020-09-12T19:02:14.226" intervalms="941.981">
  <response-info timems="1.744" idlems="1.744" threads="0" lastid="0000000000A9E500" lastname="Group1.Backend.CompositeBackend{Tier1}.6" />
</exclusive-start>
<af-start id="7718" threadId="0000000000A9EE80" totalBytesRequested="192" timestamp="2020-09-12T19:02:14.227" intervalms="942.021" type="nursery" />
<cycle-start id="7719" type="scavenge" contextid="0" timestamp="2020-09-12T19:02:14.227" intervalms="942.033" />
<gc-start id="7720" type="scavenge" contextid="7719" timestamp="2020-09-12T19:02:14.228">
  <mem-info id="7721" free="870131928" total="3163947008" percent="27">
    <mem type="nursery" free="0" total="939524096" percent="0">
      <mem type="allocate" free="0" total="827392000" percent="0" />
      <mem type="survivor" free="0" total="112132096" percent="0" />
    </mem>
    <mem type="tenure" free="870131928" total="2224422912" percent="39">
      <mem type="soa" free="847887576" total="2202178560" percent="38" />
      <mem type="loa" free="22244352" total="22244352" percent="100" />
    </mem>
    <remembered-set count="136019" />
  </mem-info>
</gc-start>
<allocation-stats totalBytes="731629712" >
  <allocated-bytes non-tlh="13649512" tlh="717980200" />
  <largest-consumer threadName="Group1.Backend.CompositeBackend{Tier1}.1" threadId="0000000000E29B00" bytes="96725800" />
</allocation-stats>
<gc-op id="7722" type="scavenge" timems="65.178" contextid="7719" timestamp="2020-09-12T19:02:14.293">
  <scavenger-info tenureage="5" tenuremask="7fe0" tiltratio="88" />
  <memory-copied type="nursery" objects="3365038" bytes="90743240" bytesdiscarded="212336" />
  <memory-copied type="tenure" objects="579710" bytes="15584048" bytesdiscarded="4152" />
  <finalization candidates="1" enqueued="0" />
  <ownableSynchronizers candidates="11042" cleared="2613" />
  <references type="soft" candidates="6754" cleared="0" enqueued="0" dynamicThreshold="16" maxThreshold="32" />
  <references type="weak" candidates="123" cleared="99" enqueued="0" />
</gc-op>
<gc-end id="7723" type="scavenge" contextid="7719" durationms="66.269" usertimems="505.665" systemtimems="0.000" timestamp="2020-09-12T19:02:14.294" activeThreads="8">
  <mem-info id="7724" free="1592065752" total="3163947008" percent="50">
    <mem type="nursery" free="737493504" total="939524096" percent="78">
      <mem type="allocate" free="737493504" total="828506112" percent="89" />
      <mem type="survivor" free="0" total="111017984" percent="0" />
    </mem>
    <mem type="tenure" free="854572248" total="2224422912" percent="38" macro-fragmented="0">
      <mem type="soa" free="832327896" total="2202178560" percent="37" />
      <mem type="loa" free="22244352" total="22244352" percent="100" />
    </mem>
    <remembered-set count="30148" />
  </mem-info>
</gc-end>
<cycle-end id="7725" type="scavenge" contextid="7719" timestamp="2020-09-12T19:02:14.296" />
<allocation-satisfied id="7726" threadId="0000000000A9E500" bytesRequested="192" />
<af-end id="7727" timestamp="2020-09-12T19:02:14.296" threadId="0000000000A9EE80" success="true" from="nursery"/>
<exclusive-end id="7728" timestamp="2020-09-12T19:02:14.296" durationms="69.516" />

<exclusive-start id="7729" timestamp="2020-09-12T19:02:15.230" intervalms="1003.377">
  <response-info timems="0.492" idlems="0.363" threads="1" lastid="0000000000E29B00" lastname="Group1.Backend.CompositeBackend{Tier1}.1" />
</exclusive-start>
<af-start id="7730" threadId="00000000009E8380" totalBytesRequested="16392" timestamp="2020-09-12T19:02:15.231" intervalms="1003.512" type="nursery" />
<cycle-start id="7731" type="scavenge" contextid="0" timestamp="2020-09-12T19:02:15.231" intervalms="1003.555" />
<gc-start id="7732" type="scavenge" contextid="7731" timestamp="2020-09-12T19:02:15.231">
  <mem-info id="7733" free="854572248" total="3163947008" percent="27">
    <mem type="nursery" free="0" total="939524096" percent="0">
      <mem type="allocate" free="0" total="828506112" percent="0" />
      <mem type="survivor" free="0" total="111017984" percent="0" />
    </mem>
    <mem type="tenure" free="854572248" total="2224422912" percent="38">
      <mem type="soa" free="832327896" total="2202178560" percent="37" />
      <mem type="loa" free="22244352" total="22244352" percent="100" />
    </mem>
    <remembered-set count="136713" />
  </mem-info>
</gc-start>
<allocation-stats totalBytes="737038992" >
  <allocated-bytes non-tlh="12274040" tlh="724764952" />
  <largest-consumer threadName="Group1.Backend.CompositeBackend{Tier1}.6" threadId="0000000000A9E500" bytes="104114488" />
</allocation-stats>
<gc-op id="7734" type="scavenge" timems="83.410" contextid="7731" timestamp="2020-09-12T19:02:15.315">
  <scavenger-info tenureage="5" tenuremask="7fe0" tiltratio="88" />
  <memory-copied type="nursery" objects="3586226" bytes="95234296" bytesdiscarded="132280" />
  <memory-copied type="tenure" objects="563865" bytes="15119568" bytesdiscarded="4544" />
  <ownableSynchronizers candidates="9825" cleared="1809" />
  <references type="soft" candidates="6478" cleared="0" enqueued="0" dynamicThreshold="16" maxThreshold="32" />
  <references type="weak" candidates="103" cleared="79" enqueued="0" />
</gc-op>
<gc-end id="7735" type="scavenge" contextid="7731" durationms="84.361" usertimems="550.608" systemtimems="0.000" timestamp="2020-09-12T19:02:15.315" activeThreads="8">
  <mem-info id="7736" free="1572297840" total="3163947008" percent="49">
    <mem type="nursery" free="732959640" total="939524096" percent="78">
      <mem type="allocate" free="732959640" total="828375040" percent="88" />
      <mem type="survivor" free="0" total="111149056" percent="0" />
    </mem>
    <mem type="tenure" free="839338200" total="2224422912" percent="37" macro-fragmented="0">
      <mem type="soa" free="817093848" total="2202178560" percent="37" />
      <mem type="loa" free="22244352" total="22244352" percent="100" />
    </mem>
    <remembered-set count="30852" />
  </mem-info>
</gc-end>
<cycle-end id="7737" type="scavenge" contextid="7731" timestamp="2020-09-12T19:02:15.316" />
<allocation-satisfied id="7738" threadId="00000000009E7A00" bytesRequested="16392" />
<af-end id="7739" timestamp="2020-09-12T19:02:15.316" threadId="00000000009E8380" success="true" from="nursery"/>
<exclusive-end id="7740" timestamp="2020-09-12T19:02:15.316" durationms="86.416" />

<exclusive-start id="7741" timestamp="2020-09-12T19:02:16.215" intervalms="984.922">
  <response-info timems="0.402" idlems="0.402" threads="0" lastid="0000000000A9E500" lastname="Group1.Backend.CompositeBackend{Tier1}.6" />
</exclusive-start>
<af-start id="7742" threadId="0000000000A9EE80" totalBytesRequested="262152" timestamp="2020-09-12T19:02:16.215" intervalms="984.841" type="nursery" />
<cycle-start id="7743" type="scavenge" contextid="0" timestamp="2020-09-12T19:02:16.216" intervalms="984.802" />
<gc-start id="7744" type="scavenge" contextid="7743" timestamp="2020-09-12T19:02:16.216">
  <mem-info id="7745" free="839338200" total="3163947008" percent="26">
    <mem type="nursery" free="0" total="939524096" percent="0">
      <mem type="allocate" free="0" total="828375040" percent="0" />
      <mem type="survivor" free="0" total="111149056" percent="0" />
    </mem>
    <mem type="tenure" free="839338200" total="2224422912" percent="37">
      <mem type="soa" free="817093848" total="2202178560" percent="37" />
      <mem type="loa" free="22244352" total="22244352" percent="100" />
    </mem>
    <remembered-set count="133483" />
  </mem-info>
</gc-start>
<allocation-stats totalBytes="732537984" >
  <allocated-bytes non-tlh="19232040" tlh="713305944" />
  <largest-consumer threadName="Group1.Backend.CompositeBackend{Tier1}.1" threadId="0000000000E29B00" bytes="100583064" />
</allocation-stats>
<gc-op id="7746" type="scavenge" timems="77.331" contextid="7743" timestamp="2020-09-12T19:02:16.293">
  <scavenger-info tenureage="5" tenuremask="7fe0" tiltratio="88" />
  <memory-copied type="nursery" objects="3448939" bytes="91847880" bytesdiscarded="137864" />
  <memory-copied type="tenure" objects="593907" bytes="15944552" bytesdiscarded="3368" />
  <ownableSynchronizers candidates="9680" cleared="2077" />
  <references type="soft" candidates="6092" cleared="0" enqueued="0" dynamicThreshold="16" maxThreshold="32" />
  <references type="weak" candidates="118" cleared="94" enqueued="0" />
</gc-op>
<gc-end id="7747" type="scavenge" contextid="7743" durationms="78.164" usertimems="577.805" systemtimems="0.508" timestamp="2020-09-12T19:02:16.294" activeThreads="8">
  <mem-info id="7748" free="1560373704" total="3163947008" percent="49">
    <mem type="nursery" free="737188848" total="939524096" percent="78">
      <mem type="allocate" free="737188848" total="829227008" percent="88" />
      <mem type="survivor" free="0" total="110297088" percent="0" />
    </mem>
    <mem type="tenure" free="823184856" total="2224422912" percent="37" macro-fragmented="0">
      <mem type="soa" free="800940504" total="2202178560" percent="36" />
      <mem type="loa" free="22244352" total="22244352" percent="100" />
    </mem>
    <remembered-set count="31311" />
  </mem-info>
</gc-end>
<cycle-end id="7749" type="scavenge" contextid="7743" timestamp="2020-09-12T19:02:16.295" />
<allocation-satisfied id="7750" threadId="0000000000A9E500" bytesRequested="262152" />
<af-end id="7751" timestamp="2020-09-12T19:02:16.295" threadId="0000000000A9EE80" success="true" from="nursery"/>
<exclusive-end id="7752" timestamp="2020-09-12T19:02:16.295" durationms="79.927" />

</verbosegc>

