<?xml version="1.0" ?>

<verbosegc xmlns="http://www.ibm.com/j9/verbosegc" version="c1dd04cca_CMPRSS">

!@: MM_VerboseWriterFileLoggingSynchronous::openFile

!@: Before Trigger

<exclusive-start id="2500" timestamp="2020-09-12T18:48:14.296" intervalms="2070.636">
  <response-info timems="0.405" idlems="0.405" threads="0" lastid="0000000000781D00" lastname="Group1.Backend.CompositeBackend{Tier1}.1" />
</exclusive-start>
!@: handleInitialized
<initialized id="2501" timestamp="2020-09-12T18:48:14.296">
  <attribute name="gcPolicy" value="-Xgcpolicy:gencon" />
  <attribute name="maxHeapSize" value="0xe0000000" />
  <attribute name="initialHeapSize" value="0x800000" />
  <attribute name="compressedRefs" value="true" />
  <attribute name="compressedRefsDisplacement" value="0x0" />
  <attribute name="compressedRefsShift" value="0x0" />
  <attribute name="pageSize" value="0x1000" />
  <attribute name="pageType" value="not used" />
  <attribute name="requestedPageSize" value="0x1000" />
  <attribute name="requestedPageType" value="not used" />
  <attribute name="gcthreads" value="8" />
  <attribute name="packetListSplit" value="1" />
  <attribute name="cacheListSplit" value="1" />
  <attribute name="splitFreeListSplitAmount" value="1" />
  <attribute name="numaNodes" value="0" />
  <system>
    <attribute name="physicalMemory" value="16818675712" />
    <attribute name="numCPUs" value="8" />
    <attribute name="architecture" value="amd64" />
    <attribute name="os" value="Linux" />
    <attribute name="osVersion" value="4.15.0-117-generic" />
  </system>
  <vmargs>
    <vmarg name="-Xoptionsfile=/root/code/openj9-openjdk-jdk11/build/linux-x86_64-normal-server-release/jdk/lib/options.default" />
    <vmarg name="-Xlockword:mode=default,noLockword=java/lang/String,noLockword=java/util/MapEntry,noLockword=java/util/HashMap$Entry,noLockword..." />
    <vmarg name="-Xjcl:jclse29" />
    <vmarg name="-Dcom.ibm.oti.vm.bootstrap.library.path=/root/code/openj9-openjdk-jdk11/build/linux-x86_64-normal-server-release/jdk/lib/compre..." />
    <vmarg name="-Dsun.boot.library.path=/root/code/openj9-openjdk-jdk11/build/linux-x86_64-normal-server-release/jdk/lib/compressedrefs:/root/c..." />
    <vmarg name="-Djava.library.path=/root/code/openj9-openjdk-jdk11/build/linux-x86_64-normal-server-release/jdk/lib/compressedrefs:/root/code/..." />
    <vmarg name="-Djava.home=/root/code/openj9-openjdk-jdk11/build/linux-x86_64-normal-server-release/jdk" />
    <vmarg name="-Duser.dir=/root/specjbb2015" />
    <vmarg name="-verbose:gc" />
    <vmarg name="-Xmx3584M" />
    <vmarg name="-Xgc:noConcurrentMark" />
    <vmarg name="-Xtgc:parallel" />
    <vmarg name="-XX:-UseGCStartupHints" />
    <vmarg name="-Xgcpolicy:gencon" />
    <vmarg name="-Xverbosegclog:testOutput,5,100" />
    <vmarg name="-Djava.class.path=/root/specjbb2015/specjbb2015.jar" />
    <vmarg name="-Dsun.java.command=/root/specjbb2015/specjbb2015.jar -m COMPOSITE" />
    <vmarg name="-Dsun.java.launcher=SUN_STANDARD" />
    <vmarg name="-Dsun.java.launcher.pid=7998" />
  </vmargs>
</initialized>

!@: After Trigger

<exclusive-start id="2500" timestamp="2020-09-12T18:48:14.296" intervalms="2070.636">
  <response-info timems="0.405" idlems="0.405" threads="0" lastid="0000000000781D00" lastname="Group1.Backend.CompositeBackend{Tier1}.1" />
</exclusive-start>
!@: handleInitialized
<initialized id="2501" timestamp="2020-09-12T18:48:14.296">
  <attribute name="gcPolicy" value="-Xgcpolicy:gencon" />
  <attribute name="maxHeapSize" value="0xe0000000" />
  <attribute name="initialHeapSize" value="0x800000" />
  <attribute name="compressedRefs" value="true" />
  <attribute name="compressedRefsDisplacement" value="0x0" />
  <attribute name="compressedRefsShift" value="0x0" />
  <attribute name="pageSize" value="0x1000" />
  <attribute name="pageType" value="not used" />
  <attribute name="requestedPageSize" value="0x1000" />
  <attribute name="requestedPageType" value="not used" />
  <attribute name="gcthreads" value="8" />
  <attribute name="packetListSplit" value="1" />
  <attribute name="cacheListSplit" value="1" />
  <attribute name="splitFreeListSplitAmount" value="1" />
  <attribute name="numaNodes" value="0" />
  <system>
    <attribute name="physicalMemory" value="16818675712" />
    <attribute name="numCPUs" value="8" />
    <attribute name="architecture" value="amd64" />
    <attribute name="os" value="Linux" />
    <attribute name="osVersion" value="4.15.0-117-generic" />
  </system>
  <vmargs>
    <vmarg name="-Xoptionsfile=/root/code/openj9-openjdk-jdk11/build/linux-x86_64-normal-server-release/jdk/lib/options.default" />
    <vmarg name="-Xlockword:mode=default,noLockword=java/lang/String,noLockword=java/util/MapEntry,noLockword=java/util/HashMap$Entry,noLockword..." />
    <vmarg name="-Xjcl:jclse29" />
    <vmarg name="-Dcom.ibm.oti.vm.bootstrap.library.path=/root/code/openj9-openjdk-jdk11/build/linux-x86_64-normal-server-release/jdk/lib/compre..." />
    <vmarg name="-Dsun.boot.library.path=/root/code/openj9-openjdk-jdk11/build/linux-x86_64-normal-server-release/jdk/lib/compressedrefs:/root/c..." />
    <vmarg name="-Djava.library.path=/root/code/openj9-openjdk-jdk11/build/linux-x86_64-normal-server-release/jdk/lib/compressedrefs:/root/code/..." />
    <vmarg name="-Djava.home=/root/code/openj9-openjdk-jdk11/build/linux-x86_64-normal-server-release/jdk" />
    <vmarg name="-Duser.dir=/root/specjbb2015" />
    <vmarg name="-verbose:gc" />
    <vmarg name="-Xmx3584M" />
    <vmarg name="-Xgc:noConcurrentMark" />
    <vmarg name="-Xtgc:parallel" />
    <vmarg name="-XX:-UseGCStartupHints" />
    <vmarg name="-Xgcpolicy:gencon" />
    <vmarg name="-Xverbosegclog:testOutput,5,100" />
    <vmarg name="-Djava.class.path=/root/specjbb2015/specjbb2015.jar" />
    <vmarg name="-Dsun.java.command=/root/specjbb2015/specjbb2015.jar -m COMPOSITE" />
    <vmarg name="-Dsun.java.launcher=SUN_STANDARD" />
    <vmarg name="-Dsun.java.launcher.pid=7998" />
  </vmargs>
<af-start id="2502" threadId="0000000000782680" totalBytesRequested="784" timestamp="2020-09-12T18:48:14.297" intervalms="2071.117" type="nursery" />
<cycle-start id="2503" type="scavenge" contextid="0" timestamp="2020-09-12T18:48:14.297" intervalms="2071.136" />
<gc-start id="2504" type="scavenge" contextid="2503" timestamp="2020-09-12T18:48:14.298">
  <mem-info id="2505" free="780988376" total="2911895552" percent="26">
    <mem type="nursery" free="0" total="939524096" percent="0">
      <mem type="allocate" free="0" total="796065792" percent="0" />
      <mem type="survivor" free="0" total="143458304" percent="0" />
    </mem>
    <mem type="tenure" free="780988376" total="1972371456" percent="39">
      <mem type="soa" free="662645720" total="1854028800" percent="35" />
      <mem type="loa" free="118342656" total="118342656" percent="100" />
    </mem>
    <remembered-set count="193365" />
  </mem-info>
</gc-start>
<allocation-stats totalBytes="688963000" >
  <allocated-bytes non-tlh="32981080" tlh="655981920" />
  <largest-consumer threadName="Group1.Backend.CompositeBackend{Tier1}.4" threadId="000000000082C800" bytes="88885048" />
</allocation-stats>
<gc-op id="2506" type="scavenge" timems="94.119" contextid="2503" timestamp="2020-09-12T18:48:14.392">
  <scavenger-info tenureage="3" tenuremask="7ff8" tiltratio="84" />
  <memory-copied type="nursery" objects="4189156" bytes="111703768" bytesdiscarded="634576" />
  <memory-copied type="tenure" objects="1046441" bytes="28146824" bytesdiscarded="35760" />
  <ownableSynchronizers candidates="7519" cleared="6338" />
  <references type="soft" candidates="909" cleared="0" enqueued="0" dynamicThreshold="19" maxThreshold="32" />
  <references type="weak" candidates="127" cleared="127" enqueued="0" />
</gc-op>
<gc-end id="2507" type="scavenge" contextid="2503" durationms="94.939" usertimems="674.186" systemtimems="7.949" timestamp="2020-09-12T18:48:14.392" activeThreads="8">
  <mem-info id="2508" free="1438814800" total="2911895552" percent="49">
    <mem type="nursery" free="686135512" total="939524096" percent="73">
      <mem type="allocate" free="686135512" total="798556160" percent="85" />
      <mem type="survivor" free="0" total="140967936" percent="0" />
    </mem>
    <mem type="tenure" free="752679288" total="1972371456" percent="38" macro-fragmented="2621480">
      <mem type="soa" free="634336632" total="1854028800" percent="34" />
      <mem type="loa" free="118342656" total="118342656" percent="100" />
    </mem>
    <remembered-set count="31088" />
  </mem-info>
</gc-end>
<cycle-end id="2509" type="scavenge" contextid="2503" timestamp="2020-09-12T18:48:14.393" />
<allocation-satisfied id="2510" threadId="0000000000781D00" bytesRequested="784" />
<af-end id="2511" timestamp="2020-09-12T18:48:14.394" threadId="0000000000782680" success="true" from="nursery"/>
<exclusive-end id="2512" timestamp="2020-09-12T18:48:14.394" durationms="97.591" />

<exclusive-start id="2513" timestamp="2020-09-12T18:48:16.329" intervalms="2033.458">
  <response-info timems="0.475" idlems="0.475" threads="0" lastid="000000000082C800" lastname="Group1.Backend.CompositeBackend{Tier1}.4" />
</exclusive-start>
<af-start id="2514" threadId="000000000082D180" totalBytesRequested="24" timestamp="2020-09-12T18:48:16.330" intervalms="2033.224" type="nursery" />
<cycle-start id="2515" type="scavenge" contextid="0" timestamp="2020-09-12T18:48:16.330" intervalms="2033.276" />
<gc-start id="2516" type="scavenge" contextid="2515" timestamp="2020-09-12T18:48:16.331">
  <mem-info id="2517" free="752679288" total="2911895552" percent="25">
    <mem type="nursery" free="0" total="939524096" percent="0">
      <mem type="allocate" free="0" total="798556160" percent="0" />
      <mem type="survivor" free="0" total="140967936" percent="0" />
    </mem>
    <mem type="tenure" free="752679288" total="1972371456" percent="38">
      <mem type="soa" free="634336632" total="1854028800" percent="34" />
      <mem type="loa" free="118342656" total="118342656" percent="100" />
    </mem>
    <remembered-set count="193095" />
  </mem-info>
</gc-start>
<allocation-stats totalBytes="685807808" >
  <allocated-bytes non-tlh="34482184" tlh="651325624" />
  <largest-consumer threadName="Group1.Backend.CompositeBackend{Tier1}.3" threadId="0000000000847B00" bytes="102228784" />
</allocation-stats>
<gc-op id="2518" type="scavenge" timems="97.584" contextid="2515" timestamp="2020-09-12T18:48:16.429">
  <scavenger-info tenureage="3" tenuremask="7ff8" tiltratio="84" />
  <memory-copied type="nursery" objects="4207854" bytes="111982576" bytesdiscarded="154488" />
  <memory-copied type="tenure" objects="1047468" bytes="28166280" bytesdiscarded="35432" />
  <ownableSynchronizers candidates="5442" cleared="4322" />
  <references type="soft" candidates="877" cleared="0" enqueued="0" dynamicThreshold="19" maxThreshold="32" />
  <references type="weak" candidates="102" cleared="102" enqueued="0" />
</gc-op>
<gc-end id="2519" type="scavenge" contextid="2515" durationms="98.652" usertimems="694.381" systemtimems="0.000" timestamp="2020-09-12T18:48:16.429" activeThreads="8">
  <mem-info id="2520" free="1413803544" total="2911895552" percent="48">
    <mem type="nursery" free="689352440" total="939524096" percent="73">
      <mem type="allocate" free="689352440" total="801570816" percent="86" />
      <mem type="survivor" free="0" total="137953280" percent="0" />
    </mem>
    <mem type="tenure" free="724451104" total="1972371456" percent="36" macro-fragmented="0">
      <mem type="soa" free="606108448" total="1854028800" percent="32" />
      <mem type="loa" free="118342656" total="118342656" percent="100" />
    </mem>
    <remembered-set count="31788" />
  </mem-info>
</gc-end>
<cycle-end id="2521" type="scavenge" contextid="2515" timestamp="2020-09-12T18:48:16.431" />
<allocation-satisfied id="2522" threadId="000000000082C800" bytesRequested="24" />
<af-end id="2523" timestamp="2020-09-12T18:48:16.431" threadId="000000000082D180" success="true" from="nursery"/>
<exclusive-end id="2524" timestamp="2020-09-12T18:48:16.431" durationms="101.440" />

<exclusive-start id="2525" timestamp="2020-09-12T18:48:18.464" intervalms="2134.730">
  <response-info timems="2.756" idlems="1.480" threads="1" lastid="00000000008AF400" lastname="Group1.Backend.CompositeBackend{Tier1}.8" />
</exclusive-start>
<af-start id="2526" threadId="0000000000A93A80" totalBytesRequested="16" timestamp="2020-09-12T18:48:18.465" intervalms="2134.455" type="nursery" />
<cycle-start id="2527" type="scavenge" contextid="0" timestamp="2020-09-12T18:48:18.465" intervalms="2134.376" />
<gc-start id="2528" type="scavenge" contextid="2527" timestamp="2020-09-12T18:48:18.465">
  <mem-info id="2529" free="724451104" total="2911895552" percent="24">
    <mem type="nursery" free="0" total="939524096" percent="0">
      <mem type="allocate" free="0" total="801570816" percent="0" />
      <mem type="survivor" free="0" total="137953280" percent="0" />
    </mem>
    <mem type="tenure" free="724451104" total="1972371456" percent="36">
      <mem type="soa" free="606108448" total="1854028800" percent="32" />
      <mem type="loa" free="118342656" total="118342656" percent="100" />
    </mem>
    <remembered-set count="195943" />
  </mem-info>
</gc-start>
<allocation-stats totalBytes="689012088" >
  <allocated-bytes non-tlh="29561456" tlh="659450632" />
  <largest-consumer threadName="Group1.Backend.CompositeBackend{Tier1}.1" threadId="0000000000781D00" bytes="95379160" />
</allocation-stats>
<gc-op id="2530" type="scavenge" timems="95.867" contextid="2527" timestamp="2020-09-12T18:48:18.561">
  <scavenger-info tenureage="3" tenuremask="7ff8" tiltratio="85" />
  <memory-copied type="nursery" objects="4076209" bytes="109434360" bytesdiscarded="384576" />
  <memory-copied type="tenure" objects="1087941" bytes="29259656" bytesdiscarded="35936" />
  <ownableSynchronizers candidates="5831" cleared="4728" />
  <references type="soft" candidates="859" cleared="0" enqueued="0" dynamicThreshold="19" maxThreshold="32" />
  <references type="weak" candidates="128" cleared="127" enqueued="0" />
</gc-op>
<gc-end id="2531" type="scavenge" contextid="2527" durationms="97.154" usertimems="669.708" systemtimems="2.492" timestamp="2020-09-12T18:48:18.562" activeThreads="8">
  <mem-info id="2532" free="1389383128" total="2911895552" percent="47">
    <mem type="nursery" free="694154240" total="939524096" percent="73">
      <mem type="allocate" free="694154240" total="804061184" percent="86" />
      <mem type="survivor" free="0" total="135462912" percent="0" />
    </mem>
    <mem type="tenure" free="695228888" total="1972371456" percent="35" macro-fragmented="0">
      <mem type="soa" free="576886232" total="1854028800" percent="31" />
      <mem type="loa" free="118342656" total="118342656" percent="100" />
    </mem>
    <remembered-set count="32015" />
  </mem-info>
</gc-end>
<cycle-end id="2533" type="scavenge" contextid="2527" timestamp="2020-09-12T18:48:18.563" />
<allocation-satisfied id="2534" threadId="0000000000A93100" bytesRequested="16" />
<af-end id="2535" timestamp="2020-09-12T18:48:18.563" threadId="0000000000A93A80" success="true" from="nursery"/>
<exclusive-end id="2536" timestamp="2020-09-12T18:48:18.563" durationms="99.144" />

<exclusive-start id="2537" timestamp="2020-09-12T18:48:20.572" intervalms="2107.445">
  <response-info timems="0.422" idlems="0.422" threads="0" lastid="0000000000781D00" lastname="Group1.Backend.CompositeBackend{Tier1}.1" />
</exclusive-start>
<af-start id="2538" threadId="0000000000782680" totalBytesRequested="16" timestamp="2020-09-12T18:48:20.572" intervalms="2107.676" type="nursery" />
<cycle-start id="2539" type="scavenge" contextid="0" timestamp="2020-09-12T18:48:20.573" intervalms="2107.713" />
<gc-start id="2540" type="scavenge" contextid="2539" timestamp="2020-09-12T18:48:20.573">
  <mem-info id="2541" free="695228888" total="2911895552" percent="23">
    <mem type="nursery" free="0" total="939524096" percent="0">
      <mem type="allocate" free="0" total="804061184" percent="0" />
      <mem type="survivor" free="0" total="135462912" percent="0" />
    </mem>
    <mem type="tenure" free="695228888" total="1972371456" percent="35">
      <mem type="soa" free="576886232" total="1854028800" percent="31" />
      <mem type="loa" free="118342656" total="118342656" percent="100" />
    </mem>
    <remembered-set count="195956" />
  </mem-info>
</gc-start>
<allocation-stats totalBytes="693821584" >
  <allocated-bytes non-tlh="33840872" tlh="659980712" />
  <largest-consumer threadName="Group1.Backend.CompositeBackend{Tier1}.7" threadId="00000000008AAD00" bytes="88497784" />
</allocation-stats>
<gc-op id="2542" type="scavenge" timems="97.893" contextid="2539" timestamp="2020-09-12T18:48:20.671">
  <scavenger-info tenureage="3" tenuremask="7ff8" tiltratio="85" />
  <memory-copied type="nursery" objects="4312128" bytes="114669600" bytesdiscarded="187736" />
  <memory-copied type="tenure" objects="1096166" bytes="29460528" bytesdiscarded="62608" />
  <ownableSynchronizers candidates="5774" cleared="4730" />
  <references type="soft" candidates="791" cleared="0" enqueued="0" dynamicThreshold="19" maxThreshold="32" />
  <references type="weak" candidates="109" cleared="109" enqueued="0" />
</gc-op>
<gc-end id="2543" type="scavenge" contextid="2539" durationms="98.772" usertimems="751.050" systemtimems="0.000" timestamp="2020-09-12T18:48:20.672" activeThreads="8">
  <mem-info id="2544" free="1355601608" total="2911895552" percent="46">
    <mem type="nursery" free="690031608" total="939524096" percent="73">
      <mem type="allocate" free="690031608" total="804978688" percent="85" />
      <mem type="survivor" free="0" total="134545408" percent="0" />
    </mem>
    <mem type="tenure" free="665570000" total="1972371456" percent="33" macro-fragmented="2097184">
      <mem type="soa" free="547227344" total="1854028800" percent="29" />
      <mem type="loa" free="118342656" total="118342656" percent="100" />
    </mem>
    <remembered-set count="30635" />
  </mem-info>
</gc-end>
<cycle-end id="2545" type="scavenge" contextid="2539" timestamp="2020-09-12T18:48:20.673" />
<allocation-satisfied id="2546" threadId="0000000000781D00" bytesRequested="16" />
<af-end id="2547" timestamp="2020-09-12T18:48:20.673" threadId="0000000000782680" success="true" from="nursery"/>
<exclusive-end id="2548" timestamp="2020-09-12T18:48:20.673" durationms="101.145" />

<exclusive-start id="2549" timestamp="2020-09-12T18:48:22.779" intervalms="2207.384">
  <response-info timems="0.893" idlems="0.893" threads="0" lastid="0000000000781D00" lastname="Group1.Backend.CompositeBackend{Tier1}.1" />
</exclusive-start>
<af-start id="2550" threadId="0000000000782680" totalBytesRequested="520" timestamp="2020-09-12T18:48:22.780" intervalms="2207.136" type="nursery" />
<cycle-start id="2551" type="scavenge" contextid="0" timestamp="2020-09-12T18:48:22.780" intervalms="2207.101" />
<gc-start id="2552" type="scavenge" contextid="2551" timestamp="2020-09-12T18:48:22.780">
  <mem-info id="2553" free="665570000" total="2911895552" percent="22">
    <mem type="nursery" free="0" total="939524096" percent="0">
      <mem type="allocate" free="0" total="804978688" percent="0" />
      <mem type="survivor" free="0" total="134545408" percent="0" />
    </mem>
    <mem type="tenure" free="665570000" total="1972371456" percent="33">
      <mem type="soa" free="547227344" total="1854028800" percent="29" />
      <mem type="loa" free="118342656" total="118342656" percent="100" />
    </mem>
    <remembered-set count="196533" />
  </mem-info>
</gc-start>
<allocation-stats totalBytes="689694648" >
  <allocated-bytes non-tlh="28595568" tlh="661099080" />
  <largest-consumer threadName="Group1.Backend.CompositeBackend{Tier1}.2" threadId="00000000007F7500" bytes="97091424" />
</allocation-stats>
<gc-op id="2554" type="scavenge" timems="104.623" contextid="2551" timestamp="2020-09-12T18:48:22.885">
  <scavenger-info tenureage="3" tenuremask="7ff8" tiltratio="85" />
  <memory-copied type="nursery" objects="4181768" bytes="112184328" bytesdiscarded="286088" />
  <memory-copied type="tenure" objects="1071831" bytes="28811800" bytesdiscarded="44328" />
  <ownableSynchronizers candidates="5750" cleared="4782" />
  <references type="soft" candidates="820" cleared="0" enqueued="0" dynamicThreshold="19" maxThreshold="32" />
  <references type="weak" candidates="113" cleared="113" enqueued="0" />
</gc-op>
<gc-end id="2555" type="scavenge" contextid="2551" durationms="105.456" usertimems="749.992" systemtimems="0.000" timestamp="2020-09-12T18:48:22.885" activeThreads="8">
  <mem-info id="2556" free="1330459024" total="2911895552" percent="45">
    <mem type="nursery" free="693668096" total="939524096" percent="73">
      <mem type="allocate" free="693668096" total="806223872" percent="86" />
      <mem type="survivor" free="0" total="133300224" percent="0" />
    </mem>
    <mem type="tenure" free="636790928" total="1972371456" percent="32" macro-fragmented="1572888">
      <mem type="soa" free="518448272" total="1854028800" percent="27" />
      <mem type="loa" free="118342656" total="118342656" percent="100" />
    </mem>
    <remembered-set count="30877" />
  </mem-info>
</gc-end>
<cycle-end id="2557" type="scavenge" contextid="2551" timestamp="2020-09-12T18:48:22.886" />
<allocation-satisfied id="2558" threadId="0000000000781D00" bytesRequested="520" />
<af-end id="2559" timestamp="2020-09-12T18:48:22.886" threadId="0000000000782680" success="true" from="nursery"/>
<exclusive-end id="2560" timestamp="2020-09-12T18:48:22.886" durationms="107.523" />

<exclusive-start id="2561" timestamp="2020-09-12T18:48:24.864" intervalms="2085.049">
  <response-info timems="0.380" idlems="0.380" threads="0" lastid="0000000000781D00" lastname="Group1.Backend.CompositeBackend{Tier1}.1" />
</exclusive-start>
<af-start id="2562" threadId="0000000000782680" totalBytesRequested="520" timestamp="2020-09-12T18:48:24.865" intervalms="2085.231" type="nursery" />
<cycle-start id="2563" type="scavenge" contextid="0" timestamp="2020-09-12T18:48:24.865" intervalms="2085.337" />
<gc-start id="2564" type="scavenge" contextid="2563" timestamp="2020-09-12T18:48:24.865">
  <mem-info id="2565" free="636790928" total="2911895552" percent="21">
    <mem type="nursery" free="0" total="939524096" percent="0">
      <mem type="allocate" free="0" total="806223872" percent="0" />
      <mem type="survivor" free="0" total="133300224" percent="0" />
    </mem>
    <mem type="tenure" free="636790928" total="1972371456" percent="32">
      <mem type="soa" free="518448272" total="1854028800" percent="27" />
      <mem type="loa" free="118342656" total="118342656" percent="100" />
    </mem>
    <remembered-set count="195471" />
  </mem-info>
</gc-start>
<allocation-stats totalBytes="693332616" >
  <allocated-bytes non-tlh="32022576" tlh="661310040" />
  <largest-consumer threadName="Group1.Backend.CompositeBackend{Tier1}.6" threadId="00000000008A0000" bytes="90398720" />
</allocation-stats>
<gc-op id="2566" type="scavenge" timems="131.216" contextid="2563" timestamp="2020-09-12T18:48:24.997">
  <scavenger-info tenureage="3" tenuremask="7ff8" tiltratio="85" />
  <memory-copied type="nursery" objects="4563344" bytes="120582528" bytesdiscarded="165720" />
  <memory-copied type="tenure" objects="1119041" bytes="30110032" bytesdiscarded="50544" />
  <ownableSynchronizers candidates="6142" cleared="5138" />
  <references type="soft" candidates="832" cleared="0" enqueued="0" dynamicThreshold="19" maxThreshold="32" />
  <references type="weak" candidates="88" cleared="88" enqueued="0" />
</gc-op>
<gc-end id="2567" type="scavenge" contextid="2563" durationms="132.031" usertimems="929.019" systemtimems="10.149" timestamp="2020-09-12T18:48:24.997" activeThreads="8">
  <mem-info id="2568" free="1282967440" total="2911895552" percent="44">
    <mem type="nursery" free="676412864" total="939524096" percent="71">
      <mem type="allocate" free="676412864" total="797245440" percent="84" />
      <mem type="survivor" free="0" total="142278656" percent="0" />
    </mem>
    <mem type="tenure" free="606554576" total="1972371456" percent="30" macro-fragmented="0">
      <mem type="soa" free="488211920" total="1854028800" percent="26" />
      <mem type="loa" free="118342656" total="118342656" percent="100" />
    </mem>
    <remembered-set count="33166" />
  </mem-info>
</gc-end>
<cycle-end id="2569" type="scavenge" contextid="2563" timestamp="2020-09-12T18:48:24.998" />
<allocation-satisfied id="2570" threadId="0000000000781D00" bytesRequested="520" />
<af-end id="2571" timestamp="2020-09-12T18:48:24.998" threadId="0000000000782680" success="true" from="nursery"/>
<exclusive-end id="2572" timestamp="2020-09-12T18:48:24.998" durationms="134.327" />

<exclusive-start id="2573" timestamp="2020-09-12T18:48:26.935" intervalms="2070.820">
  <response-info timems="0.786" idlems="0.786" threads="0" lastid="0000000000847B00" lastname="Group1.Backend.CompositeBackend{Tier1}.3" />
</exclusive-start>
<af-start id="2574" threadId="0000000000848480" totalBytesRequested="16" timestamp="2020-09-12T18:48:26.936" intervalms="2070.734" type="nursery" />
<cycle-start id="2575" type="scavenge" contextid="0" timestamp="2020-09-12T18:48:26.936" intervalms="2070.624" />
<gc-start id="2576" type="scavenge" contextid="2575" timestamp="2020-09-12T18:48:26.936">
  <mem-info id="2577" free="606554576" total="2911895552" percent="20">
    <mem type="nursery" free="0" total="939524096" percent="0">
      <mem type="allocate" free="0" total="797245440" percent="0" />
      <mem type="survivor" free="0" total="142278656" percent="0" />
    </mem>
    <mem type="tenure" free="606554576" total="1972371456" percent="30">
      <mem type="soa" free="488211920" total="1854028800" percent="26" />
      <mem type="loa" free="118342656" total="118342656" percent="100" />
    </mem>
    <remembered-set count="194048" />
  </mem-info>
</gc-start>
<allocation-stats totalBytes="676086992" >
  <allocated-bytes non-tlh="34085320" tlh="642001672" />
  <largest-consumer threadName="Group1.Backend.CompositeBackend{Tier1}.7" threadId="00000000008AAD00" bytes="81216088" />
</allocation-stats>
<gc-op id="2578" type="scavenge" timems="120.925" contextid="2575" timestamp="2020-09-12T18:48:27.057">
  <scavenger-info tenureage="3" tenuremask="7ff8" tiltratio="84" />
  <memory-copied type="nursery" objects="4300662" bytes="114548808" bytesdiscarded="176096" />
  <memory-copied type="tenure" objects="1099169" bytes="29542408" bytesdiscarded="55888" />
  <ownableSynchronizers candidates="5238" cleared="4260" />
  <references type="soft" candidates="812" cleared="0" enqueued="0" dynamicThreshold="19" maxThreshold="32" />
  <references type="weak" candidates="123" cleared="123" enqueued="0" />
</gc-op>
<gc-end id="2579" type="scavenge" contextid="2575" durationms="121.829" usertimems="843.011" systemtimems="15.231" timestamp="2020-09-12T18:48:27.058" activeThreads="8">
  <mem-info id="2580" free="1260991080" total="2911895552" percent="43">
    <mem type="nursery" free="683878392" total="939524096" percent="72">
      <mem type="allocate" free="683878392" total="798687232" percent="85" />
      <mem type="survivor" free="0" total="140836864" percent="0" />
    </mem>
    <mem type="tenure" free="577112688" total="1972371456" percent="29" macro-fragmented="0">
      <mem type="soa" free="458770032" total="1854028800" percent="24" />
      <mem type="loa" free="118342656" total="118342656" percent="100" />
    </mem>
    <remembered-set count="32135" />
  </mem-info>
</gc-end>
<cycle-end id="2581" type="scavenge" contextid="2575" timestamp="2020-09-12T18:48:27.059" />
<allocation-satisfied id="2582" threadId="0000000000847B00" bytesRequested="16" />
<af-end id="2583" timestamp="2020-09-12T18:48:27.059" threadId="0000000000848480" success="true" from="nursery"/>
<exclusive-end id="2584" timestamp="2020-09-12T18:48:27.059" durationms="123.994" />

<exclusive-start id="2585" timestamp="2020-09-12T18:48:28.997" intervalms="2062.353">
  <response-info timems="0.456" idlems="0.456" threads="0" lastid="000000000082C800" lastname="Group1.Backend.CompositeBackend{Tier1}.4" />
</exclusive-start>
<af-start id="2586" threadId="000000000082D180" totalBytesRequested="32" timestamp="2020-09-12T18:48:28.998" intervalms="2062.374" type="nursery" />
<cycle-start id="2587" type="scavenge" contextid="0" timestamp="2020-09-12T18:48:28.998" intervalms="2062.382" />
<gc-start id="2588" type="scavenge" contextid="2587" timestamp="2020-09-12T18:48:28.998">
  <mem-info id="2589" free="577112688" total="2911895552" percent="19">
    <mem type="nursery" free="0" total="939524096" percent="0">
      <mem type="allocate" free="0" total="798687232" percent="0" />
      <mem type="survivor" free="0" total="140836864" percent="0" />
    </mem>
    <mem type="tenure" free="577112688" total="1972371456" percent="29">
      <mem type="soa" free="458770032" total="1854028800" percent="24" />
      <mem type="loa" free="118342656" total="118342656" percent="100" />
    </mem>
    <remembered-set count="193076" />
  </mem-info>
</gc-start>
<allocation-stats totalBytes="683555328" >
  <allocated-bytes non-tlh="34685112" tlh="648870216" />
  <largest-consumer threadName="Group1.Backend.CompositeBackend{Tier1}.3" threadId="0000000000847B00" bytes="86250200" />
</allocation-stats>
<gc-op id="2590" type="scavenge" timems="99.033" contextid="2587" timestamp="2020-09-12T18:48:29.097">
  <scavenger-info tenureage="3" tenuremask="7ff8" tiltratio="85" />
  <memory-copied type="nursery" objects="4236634" bytes="112737648" bytesdiscarded="284192" />
  <memory-copied type="tenure" objects="1137437" bytes="30587280" bytesdiscarded="66184" />
  <ownableSynchronizers candidates="6484" cleared="5490" />
  <references type="soft" candidates="840" cleared="0" enqueued="0" dynamicThreshold="19" maxThreshold="32" />
  <references type="weak" candidates="122" cleared="122" enqueued="0" />
</gc-op>
<gc-end id="2591" type="scavenge" contextid="2587" durationms="100.149" usertimems="755.666" systemtimems="0.000" timestamp="2020-09-12T18:48:29.098" activeThreads="8">
  <mem-info id="2592" free="1234554672" total="2911895552" percent="42">
    <mem type="nursery" free="688070904" total="939524096" percent="73">
      <mem type="allocate" free="688070904" total="801177600" percent="85" />
      <mem type="survivor" free="0" total="138346496" percent="0" />
    </mem>
    <mem type="tenure" free="546483768" total="1972371456" percent="27" macro-fragmented="0">
      <mem type="soa" free="428141112" total="1854028800" percent="23" />
      <mem type="loa" free="118342656" total="118342656" percent="100" />
    </mem>
    <remembered-set count="30843" />
  </mem-info>
</gc-end>
<cycle-end id="2593" type="scavenge" contextid="2587" timestamp="2020-09-12T18:48:29.100" />
<allocation-satisfied id="2594" threadId="000000000082C800" bytesRequested="32" />
<af-end id="2595" timestamp="2020-09-12T18:48:29.100" threadId="000000000082D180" success="true" from="nursery"/>
<exclusive-end id="2596" timestamp="2020-09-12T18:48:29.100" durationms="102.687" />

<exclusive-start id="2597" timestamp="2020-09-12T18:48:31.076" intervalms="2079.098">
  <response-info timems="0.251" idlems="0.186" threads="1" lastid="0000000000847B00" lastname="Group1.Backend.CompositeBackend{Tier1}.3" />
</exclusive-start>
<af-start id="2598" threadId="00000000008AFD80" totalBytesRequested="16" timestamp="2020-09-12T18:48:31.077" intervalms="2079.015" type="nursery" />
<cycle-start id="2599" type="scavenge" contextid="0" timestamp="2020-09-12T18:48:31.077" intervalms="2079.049" />
<gc-start id="2600" type="scavenge" contextid="2599" timestamp="2020-09-12T18:48:31.077">
  <mem-info id="2601" free="546483768" total="2911895552" percent="18">
    <mem type="nursery" free="0" total="939524096" percent="0">
      <mem type="allocate" free="0" total="801177600" percent="0" />
      <mem type="survivor" free="0" total="138346496" percent="0" />
    </mem>
    <mem type="tenure" free="546483768" total="1972371456" percent="27">
      <mem type="soa" free="428141112" total="1854028800" percent="23" />
      <mem type="loa" free="118342656" total="118342656" percent="100" />
    </mem>
    <remembered-set count="193040" />
  </mem-info>
</gc-start>
<allocation-stats totalBytes="687745056" >
  <allocated-bytes non-tlh="36152744" tlh="651592312" />
  <largest-consumer threadName="Group1.Backend.CompositeBackend{Tier1}.6" threadId="00000000008A0000" bytes="100117712" />
</allocation-stats>
<gc-op id="2602" type="scavenge" timems="92.051" contextid="2599" timestamp="2020-09-12T18:48:31.169">
  <scavenger-info tenureage="3" tenuremask="7ff8" tiltratio="85" />
  <memory-copied type="nursery" objects="4091292" bytes="109670936" bytesdiscarded="385248" />
  <memory-copied type="tenure" objects="1114582" bytes="29947488" bytesdiscarded="55032" />
  <ownableSynchronizers candidates="4287" cleared="3396" />
  <references type="soft" candidates="773" cleared="0" enqueued="0" dynamicThreshold="19" maxThreshold="32" />
  <references type="weak" candidates="113" cleared="113" enqueued="0" />
</gc-op>
<gc-end id="2603" type="scavenge" contextid="2599" durationms="92.910" usertimems="706.208" systemtimems="0.980" timestamp="2020-09-12T18:48:31.170" activeThreads="8">
  <mem-info id="2604" free="1210016400" total="2911895552" percent="41">
    <mem type="nursery" free="693458944" total="939524096" percent="73">
      <mem type="allocate" free="693458944" total="803602432" percent="86" />
      <mem type="survivor" free="0" total="135921664" percent="0" />
    </mem>
    <mem type="tenure" free="516557456" total="1972371456" percent="26" macro-fragmented="3145752">
      <mem type="soa" free="398214800" total="1854028800" percent="21" />
      <mem type="loa" free="118342656" total="118342656" percent="100" />
    </mem>
    <remembered-set count="28624" />
  </mem-info>
</gc-end>
<cycle-end id="2605" type="scavenge" contextid="2599" timestamp="2020-09-12T18:48:31.171" />
<allocation-satisfied id="2606" threadId="00000000008AF400" bytesRequested="16" />
<af-end id="2607" timestamp="2020-09-12T18:48:31.171" threadId="00000000008AFD80" success="true" from="nursery"/>
<exclusive-end id="2608" timestamp="2020-09-12T18:48:31.172" durationms="95.304" />

<exclusive-start id="2609" timestamp="2020-09-12T18:48:33.256" intervalms="2179.244">
  <response-info timems="3.599" idlems="3.599" threads="0" lastid="0000000000A9F300" lastname="Group1.Backend.CompositeBackend{Tier3}.7" />
</exclusive-start>
<af-start id="2610" threadId="0000000000A9FC80" totalBytesRequested="536" timestamp="2020-09-12T18:48:33.256" intervalms="2179.348" type="nursery" />
<cycle-start id="2611" type="scavenge" contextid="0" timestamp="2020-09-12T18:48:33.256" intervalms="2179.328" />
<gc-start id="2612" type="scavenge" contextid="2611" timestamp="2020-09-12T18:48:33.257">
  <mem-info id="2613" free="516557456" total="2911895552" percent="17">
    <mem type="nursery" free="0" total="939524096" percent="0">
      <mem type="allocate" free="0" total="803602432" percent="0" />
      <mem type="survivor" free="0" total="135921664" percent="0" />
    </mem>
    <mem type="tenure" free="516557456" total="1972371456" percent="26">
      <mem type="soa" free="398214800" total="1854028800" percent="21" />
      <mem type="loa" free="118342656" total="118342656" percent="100" />
    </mem>
    <remembered-set count="196812" />
  </mem-info>
</gc-start>
<allocation-stats totalBytes="693119184" >
  <allocated-bytes non-tlh="26466128" tlh="666653056" />
  <largest-consumer threadName="Group1.Backend.CompositeBackend{Tier1}.4" threadId="000000000082C800" bytes="88775376" />
</allocation-stats>
<gc-op id="2614" type="scavenge" timems="113.331" contextid="2611" timestamp="2020-09-12T18:48:33.370">
  <scavenger-info tenureage="3" tenuremask="7ff8" tiltratio="85" />
  <memory-copied type="nursery" objects="4086604" bytes="109755048" bytesdiscarded="163248" />
  <memory-copied type="tenure" objects="1054412" bytes="28362440" bytesdiscarded="64328" />
  <ownableSynchronizers candidates="4328" cleared="3536" />
  <references type="soft" candidates="730" cleared="0" enqueued="0" dynamicThreshold="19" maxThreshold="32" />
  <references type="weak" candidates="128" cleared="127" enqueued="0" />
</gc-op>
<gc-end id="2615" type="scavenge" contextid="2611" durationms="114.179" usertimems="815.595" systemtimems="14.362" timestamp="2020-09-12T18:48:33.371" activeThreads="8">
  <mem-info id="2616" free="1184210120" total="2911895552" percent="40">
    <mem type="nursery" free="696156160" total="939524096" percent="74">
      <mem type="allocate" free="696156160" total="806158336" percent="86" />
      <mem type="survivor" free="0" total="133365760" percent="0" />
    </mem>
    <mem type="tenure" free="488053960" total="1972371456" percent="24" macro-fragmented="0">
      <mem type="soa" free="369711304" total="1854028800" percent="19" />
      <mem type="loa" free="118342656" total="118342656" percent="100" />
    </mem>
    <remembered-set count="30838" />
  </mem-info>
</gc-end>
<cycle-end id="2617" type="scavenge" contextid="2611" timestamp="2020-09-12T18:48:33.373" />
<allocation-satisfied id="2618" threadId="0000000000A9F300" bytesRequested="536" />
<af-end id="2619" timestamp="2020-09-12T18:48:33.373" threadId="0000000000A9FC80" success="true" from="nursery"/>
<exclusive-end id="2620" timestamp="2020-09-12T18:48:33.373" durationms="117.356" />

<exclusive-start id="2621" timestamp="2020-09-12T18:48:35.348" intervalms="2092.946">
  <response-info timems="0.645" idlems="0.429" threads="1" lastid="00000000008AAD00" lastname="Group1.Backend.CompositeBackend{Tier1}.7" />
</exclusive-start>
<af-start id="2622" threadId="000000000094F480" totalBytesRequested="16" timestamp="2020-09-12T18:48:35.349" intervalms="2092.842" type="nursery" />
<cycle-start id="2623" type="scavenge" contextid="0" timestamp="2020-09-12T18:48:35.349" intervalms="2092.830" />
<gc-start id="2624" type="scavenge" contextid="2623" timestamp="2020-09-12T18:48:35.350">
  <mem-info id="2625" free="488053960" total="2911895552" percent="16">
    <mem type="nursery" free="0" total="939524096" percent="0">
      <mem type="allocate" free="0" total="806158336" percent="0" />
      <mem type="survivor" free="0" total="133365760" percent="0" />
    </mem>
    <mem type="tenure" free="488053960" total="1972371456" percent="24">
      <mem type="soa" free="369711304" total="1854028800" percent="19" />
      <mem type="loa" free="118342656" total="118342656" percent="100" />
    </mem>
    <remembered-set count="194967" />
  </mem-info>
</gc-start>
<allocation-stats totalBytes="695814184" >
  <allocated-bytes non-tlh="35088872" tlh="660725312" />
  <largest-consumer threadName="Group1.Backend.CompositeBackend{Tier1}.2" threadId="00000000007F7500" bytes="92947232" />
</allocation-stats>
<gc-op id="2626" type="scavenge" timems="103.720" contextid="2623" timestamp="2020-09-12T18:48:35.453">
  <scavenger-info tenureage="3" tenuremask="7ff8" tiltratio="85" />
  <memory-copied type="nursery" objects="4126542" bytes="110923368" bytesdiscarded="225288" />
  <memory-copied type="tenure" objects="1065850" bytes="28670888" bytesdiscarded="64072" />
  <ownableSynchronizers candidates="4841" cleared="4080" />
  <references type="soft" candidates="652" cleared="0" enqueued="0" dynamicThreshold="19" maxThreshold="32" />
  <references type="weak" candidates="114" cleared="114" enqueued="0" />
</gc-op>
<gc-end id="2627" type="scavenge" contextid="2623" durationms="104.615" usertimems="713.156" systemtimems="4.020" timestamp="2020-09-12T18:48:35.454" activeThreads="8">
  <mem-info id="2628" free="1155912624" total="2911895552" percent="39">
    <mem type="nursery" free="696497120" total="939524096" percent="74">
      <mem type="allocate" free="696497120" total="807731200" percent="86" />
      <mem type="survivor" free="0" total="131792896" percent="0" />
    </mem>
    <mem type="tenure" free="459415504" total="1972371456" percent="23" macro-fragmented="0">
      <mem type="soa" free="341072848" total="1854028800" percent="18" />
      <mem type="loa" free="118342656" total="118342656" percent="100" />
    </mem>
    <remembered-set count="32211" />
  </mem-info>
</gc-end>
<cycle-end id="2629" type="scavenge" contextid="2623" timestamp="2020-09-12T18:48:35.455" />
<allocation-satisfied id="2630" threadId="000000000094EB00" bytesRequested="16" />
<af-end id="2631" timestamp="2020-09-12T18:48:35.455" threadId="000000000094F480" success="true" from="nursery"/>
<exclusive-end id="2632" timestamp="2020-09-12T18:48:35.455" durationms="106.802" />

<exclusive-start id="2633" timestamp="2020-09-12T18:48:37.488" intervalms="2139.217">
  <response-info timems="0.386" idlems="0.386" threads="0" lastid="000000000082C800" lastname="Group1.Backend.CompositeBackend{Tier1}.4" />
</exclusive-start>
<af-start id="2634" threadId="000000000082D180" totalBytesRequested="24" timestamp="2020-09-12T18:48:37.488" intervalms="2139.312" type="nursery" />
<cycle-start id="2635" type="scavenge" contextid="0" timestamp="2020-09-12T18:48:37.489" intervalms="2139.320" />
<gc-start id="2636" type="scavenge" contextid="2635" timestamp="2020-09-12T18:48:37.489">
  <mem-info id="2637" free="459415504" total="2911895552" percent="15">
    <mem type="nursery" free="0" total="939524096" percent="0">
      <mem type="allocate" free="0" total="807731200" percent="0" />
      <mem type="survivor" free="0" total="131792896" percent="0" />
    </mem>
    <mem type="tenure" free="459415504" total="1972371456" percent="23">
      <mem type="soa" free="341072848" total="1854028800" percent="18" />
      <mem type="loa" free="118342656" total="118342656" percent="100" />
    </mem>
    <remembered-set count="198011" />
  </mem-info>
</gc-start>
<allocation-stats totalBytes="696170056" >
  <allocated-bytes non-tlh="32535088" tlh="663634968" />
  <largest-consumer threadName="Group1.Backend.CompositeBackend{Tier1}.8" threadId="00000000008AF400" bytes="99759800" />
</allocation-stats>
<gc-op id="2638" type="scavenge" timems="108.851" contextid="2635" timestamp="2020-09-12T18:48:37.598">
  <scavenger-info tenureage="3" tenuremask="7ff8" tiltratio="85" />
  <memory-copied type="nursery" objects="4296429" bytes="114488720" bytesdiscarded="146256" />
  <memory-copied type="tenure" objects="1090897" bytes="29342664" bytesdiscarded="76224" />
  <ownableSynchronizers candidates="5470" cleared="4760" />
  <references type="soft" candidates="716" cleared="0" enqueued="0" dynamicThreshold="19" maxThreshold="32" />
  <references type="weak" candidates="107" cleared="107" enqueued="0" />
</gc-op>
<gc-end id="2639" type="scavenge" contextid="2635" durationms="109.754" usertimems="799.144" systemtimems="13.124" timestamp="2020-09-12T18:48:37.598" activeThreads="8">
  <mem-info id="2640" free="1122562760" total="2911895552" percent="38">
    <mem type="nursery" free="692616120" total="939524096" percent="73">
      <mem type="allocate" free="692616120" total="807337984" percent="85" />
      <mem type="survivor" free="0" total="132186112" percent="0" />
    </mem>
    <mem type="tenure" free="429946640" total="1972371456" percent="21" macro-fragmented="0">
      <mem type="soa" free="311603984" total="1854028800" percent="16" />
      <mem type="loa" free="118342656" total="118342656" percent="100" />
    </mem>
    <remembered-set count="33858" />
  </mem-info>
</gc-end>
<cycle-end id="2641" type="scavenge" contextid="2635" timestamp="2020-09-12T18:48:37.603" />
<allocation-satisfied id="2642" threadId="000000000082C800" bytesRequested="24" />
<af-end id="2643" timestamp="2020-09-12T18:48:37.603" threadId="000000000082D180" success="true" from="nursery"/>
<exclusive-end id="2644" timestamp="2020-09-12T18:48:37.603" durationms="115.228" />

<exclusive-start id="2645" timestamp="2020-09-12T18:48:39.621" intervalms="2133.430">
  <response-info timems="0.440" idlems="0.440" threads="0" lastid="0000000000847B00" lastname="Group1.Backend.CompositeBackend{Tier1}.3" />
</exclusive-start>
<af-start id="2646" threadId="0000000000848480" totalBytesRequested="32" timestamp="2020-09-12T18:48:39.622" intervalms="2133.331" type="nursery" />
<cycle-start id="2647" type="scavenge" contextid="0" timestamp="2020-09-12T18:48:39.622" intervalms="2133.334" />
<gc-start id="2648" type="scavenge" contextid="2647" timestamp="2020-09-12T18:48:39.622">
  <mem-info id="2649" free="429946640" total="2911895552" percent="14">
    <mem type="nursery" free="0" total="939524096" percent="0">
      <mem type="allocate" free="0" total="807337984" percent="0" />
      <mem type="survivor" free="0" total="132186112" percent="0" />
    </mem>
    <mem type="tenure" free="429946640" total="1972371456" percent="21">
      <mem type="soa" free="311603984" total="1854028800" percent="16" />
      <mem type="loa" free="118342656" total="118342656" percent="100" />
    </mem>
    <remembered-set count="199245" />
  </mem-info>
</gc-start>
<allocation-stats totalBytes="692288160" >
  <allocated-bytes non-tlh="34262320" tlh="658025840" />
  <largest-consumer threadName="Group1.Backend.CompositeBackend{Tier1}.6" threadId="00000000008A0000" bytes="86723368" />
</allocation-stats>
<gc-op id="2650" type="scavenge" timems="98.917" contextid="2647" timestamp="2020-09-12T18:48:39.721">
  <scavenger-info tenureage="3" tenuremask="7ff8" tiltratio="85" />
  <memory-copied type="nursery" objects="4131144" bytes="110928144" bytesdiscarded="165256" />
  <memory-copied type="tenure" objects="1137622" bytes="30572976" bytesdiscarded="83520" />
  <ownableSynchronizers candidates="3542" cleared="2856" />
  <references type="soft" candidates="712" cleared="0" enqueued="0" dynamicThreshold="19" maxThreshold="32" />
  <references type="weak" candidates="113" cleared="113" enqueued="0" />
</gc-op>
<gc-end id="2651" type="scavenge" contextid="2647" durationms="100.353" usertimems="766.018" systemtimems="0.000" timestamp="2020-09-12T18:48:39.722" activeThreads="8">
  <mem-info id="2652" free="1096200016" total="2911895552" percent="37">
    <mem type="nursery" free="696942416" total="939524096" percent="74">
      <mem type="allocate" free="696942416" total="808124416" percent="86" />
      <mem type="survivor" free="0" total="131399680" percent="0" />
    </mem>
    <mem type="tenure" free="399257600" total="1972371456" percent="20" macro-fragmented="0">
      <mem type="soa" free="280914944" total="1854028800" percent="15" />
      <mem type="loa" free="118342656" total="118342656" percent="100" />
    </mem>
    <remembered-set count="34957" />
  </mem-info>
</gc-end>
<cycle-end id="2653" type="scavenge" contextid="2647" timestamp="2020-09-12T18:48:39.724" />
<allocation-satisfied id="2654" threadId="0000000000847B00" bytesRequested="32" />
<af-end id="2655" timestamp="2020-09-12T18:48:39.724" threadId="0000000000848480" success="true" from="nursery"/>
<exclusive-end id="2656" timestamp="2020-09-12T18:48:39.724" durationms="102.640" />

<exclusive-start id="2657" timestamp="2020-09-12T18:48:41.607" intervalms="1985.641">
  <response-info timems="0.577" idlems="0.577" threads="0" lastid="00000000008AAD00" lastname="Group1.Backend.CompositeBackend{Tier1}.7" />
</exclusive-start>
<af-start id="2658" threadId="00000000008AB680" totalBytesRequested="16" timestamp="2020-09-12T18:48:41.608" intervalms="1985.792" type="nursery" />
<cycle-start id="2659" type="scavenge" contextid="0" timestamp="2020-09-12T18:48:41.608" intervalms="1985.843" />
<gc-start id="2660" type="scavenge" contextid="2659" timestamp="2020-09-12T18:48:41.608">
  <mem-info id="2661" free="399257600" total="2911895552" percent="13">
    <mem type="nursery" free="0" total="939524096" percent="0">
      <mem type="allocate" free="0" total="808124416" percent="0" />
      <mem type="survivor" free="0" total="131399680" percent="0" />
    </mem>
    <mem type="tenure" free="399257600" total="1972371456" percent="20">
      <mem type="soa" free="280914944" total="1854028800" percent="15" />
      <mem type="loa" free="118342656" total="118342656" percent="100" />
    </mem>
    <remembered-set count="197429" />
  </mem-info>
</gc-start>
<allocation-stats totalBytes="696626464" >
  <allocated-bytes non-tlh="35043272" tlh="661583192" />
  <largest-consumer threadName="Group1.Backend.CompositeBackend{Tier1}.6" threadId="00000000008A0000" bytes="93094088" />
</allocation-stats>
<gc-op id="2662" type="scavenge" timems="163.474" contextid="2659" timestamp="2020-09-12T18:48:41.772">
  <scavenger-info tenureage="3" tenuremask="7ff8" tiltratio="86" />
  <memory-copied type="nursery" objects="4643389" bytes="122749904" bytesdiscarded="177304" />
  <memory-copied type="tenure" objects="1076053" bytes="29037728" bytesdiscarded="92488" />
  <ownableSynchronizers candidates="5072" cleared="4352" />
  <references type="soft" candidates="727" cleared="0" enqueued="0" dynamicThreshold="19" maxThreshold="32" />
  <references type="weak" candidates="105" cleared="104" enqueued="0" />
</gc-op>
<gc-end id="2663" type="scavenge" contextid="2659" durationms="164.813" usertimems="1092.289" systemtimems="20.487" timestamp="2020-09-12T18:48:41.773" activeThreads="8">
  <mem-info id="2664" free="1039761768" total="2911895552" percent="35">
    <mem type="nursery" free="669643240" total="939524096" percent="71">
      <mem type="allocate" free="669643240" total="792657920" percent="84" />
      <mem type="survivor" free="0" total="146866176" percent="0" />
    </mem>
    <mem type="tenure" free="370118528" total="1972371456" percent="18" macro-fragmented="0">
      <mem type="soa" free="251775872" total="1854028800" percent="13" />
      <mem type="loa" free="118342656" total="118342656" percent="100" />
    </mem>
    <remembered-set count="33069" />
  </mem-info>
</gc-end>
<cycle-end id="2665" type="scavenge" contextid="2659" timestamp="2020-09-12T18:48:41.775" />
<allocation-satisfied id="2666" threadId="00000000008AAD00" bytesRequested="16" />
<af-end id="2667" timestamp="2020-09-12T18:48:41.775" threadId="00000000008AB680" success="true" from="nursery"/>
<exclusive-end id="2668" timestamp="2020-09-12T18:48:41.775" durationms="168.131" />

<exclusive-start id="2669" timestamp="2020-09-12T18:48:43.806" intervalms="2199.398">
  <response-info timems="0.258" idlems="0.258" threads="0" lastid="0000000000847B00" lastname="Group1.Backend.CompositeBackend{Tier1}.3" />
</exclusive-start>
<af-start id="2670" threadId="0000000000848480" totalBytesRequested="524296" timestamp="2020-09-12T18:48:43.807" intervalms="2199.214" type="nursery" />
<cycle-start id="2671" type="scavenge" contextid="0" timestamp="2020-09-12T18:48:43.807" intervalms="2199.147" />
<gc-start id="2672" type="scavenge" contextid="2671" timestamp="2020-09-12T18:48:43.807">
  <mem-info id="2673" free="370513840" total="2911895552" percent="12">
    <mem type="nursery" free="395312" total="939524096" percent="0">
      <mem type="allocate" free="395312" total="792657920" percent="0" />
      <mem type="survivor" free="0" total="146866176" percent="0" />
    </mem>
    <mem type="tenure" free="370118528" total="1972371456" percent="18">
      <mem type="soa" free="251775872" total="1854028800" percent="13" />
      <mem type="loa" free="118342656" total="118342656" percent="100" />
    </mem>
    <remembered-set count="195446" />
  </mem-info>
</gc-start>
<allocation-stats totalBytes="668921808" >
  <allocated-bytes non-tlh="27367864" tlh="641553944" />
  <largest-consumer threadName="Group1.Backend.CompositeBackend{Tier1}.3" threadId="0000000000847B00" bytes="113445296" />
</allocation-stats>
<gc-op id="2674" type="scavenge" timems="102.975" contextid="2671" timestamp="2020-09-12T18:48:43.910">
  <scavenger-info tenureage="3" tenuremask="7ff8" tiltratio="84" />
  <memory-copied type="nursery" objects="4247174" bytes="112980936" bytesdiscarded="185528" />
  <memory-copied type="tenure" objects="1123757" bytes="30192720" bytesdiscarded="100608" />
  <ownableSynchronizers candidates="4942" cleared="4216" />
  <references type="soft" candidates="699" cleared="0" enqueued="0" dynamicThreshold="19" maxThreshold="32" />
  <references type="weak" candidates="126" cleared="126" enqueued="0" />
</gc-op>
<gc-end id="2675" type="scavenge" contextid="2671" durationms="103.767" usertimems="783.121" systemtimems="0.000" timestamp="2020-09-12T18:48:43.911" activeThreads="8">
  <mem-info id="2676" free="1021118392" total="2911895552" percent="35">
    <mem type="nursery" free="681244920" total="939524096" percent="72">
      <mem type="allocate" free="681244920" total="794492928" percent="85" />
      <mem type="survivor" free="0" total="145031168" percent="0" />
    </mem>
    <mem type="tenure" free="339873472" total="1972371456" percent="17" macro-fragmented="0">
      <mem type="soa" free="221530816" total="1854028800" percent="11" />
      <mem type="loa" free="118342656" total="118342656" percent="100" />
    </mem>
    <remembered-set count="30485" />
  </mem-info>
</gc-end>
<cycle-end id="2677" type="scavenge" contextid="2671" timestamp="2020-09-12T18:48:43.912" />
<allocation-satisfied id="2678" threadId="0000000000847B00" bytesRequested="524296" />
<af-end id="2679" timestamp="2020-09-12T18:48:43.912" threadId="0000000000848480" success="true" from="nursery"/>
<exclusive-end id="2680" timestamp="2020-09-12T18:48:43.912" durationms="105.905" />

<exclusive-start id="2681" timestamp="2020-09-12T18:48:45.909" intervalms="2103.194">
  <response-info timems="0.480" idlems="0.244" threads="1" lastid="0000000000873800" lastname="Group1.Backend.CompositeBackend{Tier1}.5" />
</exclusive-start>
<af-start id="2682" threadId="00000000008A0980" totalBytesRequested="16" timestamp="2020-09-12T18:48:45.910" intervalms="2103.205" type="nursery" />
<cycle-start id="2683" type="scavenge" contextid="0" timestamp="2020-09-12T18:48:45.910" intervalms="2103.206" />
<gc-start id="2684" type="scavenge" contextid="2683" timestamp="2020-09-12T18:48:45.910">
  <mem-info id="2685" free="339873472" total="2911895552" percent="11">
    <mem type="nursery" free="0" total="939524096" percent="0">
      <mem type="allocate" free="0" total="794492928" percent="0" />
      <mem type="survivor" free="0" total="145031168" percent="0" />
    </mem>
    <mem type="tenure" free="339873472" total="1972371456" percent="17">
      <mem type="soa" free="221530816" total="1854028800" percent="11" />
      <mem type="loa" free="118342656" total="118342656" percent="100" />
    </mem>
    <remembered-set count="194156" />
  </mem-info>
</gc-start>
<allocation-stats totalBytes="680868496" >
  <allocated-bytes non-tlh="30196488" tlh="650672008" />
  <largest-consumer threadName="Group1.Backend.CompositeBackend{Tier1}.6" threadId="00000000008A0000" bytes="92170536" />
</allocation-stats>
<gc-op id="2686" type="scavenge" timems="105.048" contextid="2683" timestamp="2020-09-12T18:48:46.015">
  <scavenger-info tenureage="3" tenuremask="7ff8" tiltratio="84" />
  <memory-copied type="nursery" objects="4331567" bytes="115354656" bytesdiscarded="310696" />
  <memory-copied type="tenure" objects="1109478" bytes="29812992" bytesdiscarded="102680" />
  <ownableSynchronizers candidates="5101" cleared="4413" />
  <references type="soft" candidates="715" cleared="0" enqueued="0" dynamicThreshold="19" maxThreshold="32" />
  <references type="weak" candidates="108" cleared="108" enqueued="0" />
</gc-op>
<gc-end id="2687" type="scavenge" contextid="2683" durationms="105.801" usertimems="826.992" systemtimems="0.509" timestamp="2020-09-12T18:48:46.016" activeThreads="8">
  <mem-info id="2688" free="991343896" total="2911895552" percent="34">
    <mem type="nursery" free="681363704" total="939524096" percent="72">
      <mem type="allocate" free="681363704" total="797114368" percent="85" />
      <mem type="survivor" free="0" total="142409728" percent="0" />
    </mem>
    <mem type="tenure" free="309980192" total="1972371456" percent="15" macro-fragmented="0">
      <mem type="soa" free="191637536" total="1854028800" percent="10" />
      <mem type="loa" free="118342656" total="118342656" percent="100" />
    </mem>
    <remembered-set count="29081" />
  </mem-info>
</gc-end>
<cycle-end id="2689" type="scavenge" contextid="2683" timestamp="2020-09-12T18:48:46.017" />
<allocation-satisfied id="2690" threadId="00000000008A0000" bytesRequested="16" />
<af-end id="2691" timestamp="2020-09-12T18:48:46.018" threadId="00000000008A0980" success="true" from="nursery"/>
<exclusive-end id="2692" timestamp="2020-09-12T18:48:46.018" durationms="108.179" />

<exclusive-start id="2693" timestamp="2020-09-12T18:48:47.967" intervalms="2057.579">
  <response-info timems="0.485" idlems="0.485" threads="0" lastid="000000000082C800" lastname="Group1.Backend.CompositeBackend{Tier1}.4" />
</exclusive-start>
<af-start id="2694" threadId="000000000082D180" totalBytesRequested="24" timestamp="2020-09-12T18:48:47.968" intervalms="2057.565" type="nursery" />
<cycle-start id="2695" type="scavenge" contextid="0" timestamp="2020-09-12T18:48:47.968" intervalms="2057.560" />
<gc-start id="2696" type="scavenge" contextid="2695" timestamp="2020-09-12T18:48:47.968">
  <mem-info id="2697" free="309980192" total="2911895552" percent="10">
    <mem type="nursery" free="0" total="939524096" percent="0">
      <mem type="allocate" free="0" total="797114368" percent="0" />
      <mem type="survivor" free="0" total="142409728" percent="0" />
    </mem>
    <mem type="tenure" free="309980192" total="1972371456" percent="15">
      <mem type="soa" free="191637536" total="1854028800" percent="10" />
      <mem type="loa" free="118342656" total="118342656" percent="100" />
    </mem>
    <remembered-set count="189209" />
  </mem-info>
</gc-start>
<allocation-stats totalBytes="681040264" >
  <allocated-bytes non-tlh="33945056" tlh="647095208" />
  <largest-consumer threadName="Group1.Backend.CompositeBackend{Tier1}.1" threadId="0000000000781D00" bytes="92851000" />
</allocation-stats>
<gc-op id="2698" type="scavenge" timems="157.349" contextid="2695" timestamp="2020-09-12T18:48:48.125">
  <scavenger-info tenureage="3" tenuremask="7ff8" tiltratio="84" />
  <memory-copied type="nursery" objects="4129301" bytes="110807184" bytesdiscarded="176832" />
  <memory-copied type="tenure" objects="1074709" bytes="28887744" bytesdiscarded="85520" />
  <ownableSynchronizers candidates="4372" cleared="3663" />
  <references type="soft" candidates="669" cleared="0" enqueued="0" dynamicThreshold="19" maxThreshold="32" />
  <references type="weak" candidates="109" cleared="107" enqueued="0" />
</gc-op>
<gc-end id="2699" type="scavenge" contextid="2695" durationms="158.202" usertimems="984.417" systemtimems="19.358" timestamp="2020-09-12T18:48:48.126" activeThreads="8">
  <mem-info id="2700" free="969743256" total="2911895552" percent="33">
    <mem type="nursery" free="688733184" total="939524096" percent="73">
      <mem type="allocate" free="688733184" total="799801344" percent="86" />
      <mem type="survivor" free="0" total="139722752" percent="0" />
    </mem>
    <mem type="tenure" free="281010072" total="1972371456" percent="14" macro-fragmented="0">
      <mem type="soa" free="162667416" total="1854028800" percent="8" />
      <mem type="loa" free="118342656" total="118342656" percent="100" />
    </mem>
    <remembered-set count="27203" />
  </mem-info>
</gc-end>
<cycle-end id="2701" type="scavenge" contextid="2695" timestamp="2020-09-12T18:48:48.127" />
<allocation-satisfied id="2702" threadId="000000000082C800" bytesRequested="24" />
<af-end id="2703" timestamp="2020-09-12T18:48:48.127" threadId="000000000082D180" success="true" from="nursery"/>
<exclusive-end id="2704" timestamp="2020-09-12T18:48:48.127" durationms="160.423" />

<exclusive-start id="2705" timestamp="2020-09-12T18:48:50.022" intervalms="2055.328">
  <response-info timems="0.829" idlems="0.829" threads="0" lastid="0000000000847B00" lastname="Group1.Backend.CompositeBackend{Tier1}.3" />
</exclusive-start>
<af-start id="2706" threadId="0000000000848480" totalBytesRequested="1032" timestamp="2020-09-12T18:48:50.023" intervalms="2055.480" type="nursery" />
<cycle-start id="2707" type="scavenge" contextid="0" timestamp="2020-09-12T18:48:50.023" intervalms="2055.501" />
<gc-start id="2708" type="scavenge" contextid="2707" timestamp="2020-09-12T18:48:50.023">
  <mem-info id="2709" free="281010072" total="2911895552" percent="9">
    <mem type="nursery" free="0" total="939524096" percent="0">
      <mem type="allocate" free="0" total="799801344" percent="0" />
      <mem type="survivor" free="0" total="139722752" percent="0" />
    </mem>
    <mem type="tenure" free="281010072" total="1972371456" percent="14">
      <mem type="soa" free="162667416" total="1854028800" percent="8" />
      <mem type="loa" free="118342656" total="118342656" percent="100" />
    </mem>
    <remembered-set count="189646" />
  </mem-info>
</gc-start>
<allocation-stats totalBytes="688409680" >
  <allocated-bytes non-tlh="35162328" tlh="653247352" />
  <largest-consumer threadName="Group1.Backend.CompositeBackend{Tier1}.3" threadId="0000000000847B00" bytes="106024232" />
</allocation-stats>
<gc-op id="2710" type="scavenge" timems="134.781" contextid="2707" timestamp="2020-09-12T18:48:50.158">
  <scavenger-info tenureage="3" tenuremask="7ff8" tiltratio="85" />
  <memory-copied type="nursery" objects="4213790" bytes="112653592" bytesdiscarded="193736" />
  <memory-copied type="tenure" objects="1109641" bytes="29857224" bytesdiscarded="83848" />
  <ownableSynchronizers candidates="5107" cleared="4412" />
  <references type="soft" candidates="650" cleared="0" enqueued="0" dynamicThreshold="19" maxThreshold="32" />
  <references type="weak" candidates="119" cleared="118" enqueued="0" />
</gc-op>
<gc-end id="2711" type="scavenge" contextid="2707" durationms="135.915" usertimems="984.855" systemtimems="15.015" timestamp="2020-09-12T18:48:50.159" activeThreads="8">
  <mem-info id="2712" free="940156168" total="2911895552" percent="32">
    <mem type="nursery" free="689160440" total="939524096" percent="73">
      <mem type="allocate" free="689160440" total="802095104" percent="85" />
      <mem type="survivor" free="0" total="137428992" percent="0" />
    </mem>
    <mem type="tenure" free="250995728" total="1972371456" percent="12" macro-fragmented="0">
      <mem type="soa" free="132653072" total="1854028800" percent="7" />
      <mem type="loa" free="118342656" total="118342656" percent="100" />
    </mem>
    <remembered-set count="29218" />
  </mem-info>
</gc-end>
<cycle-end id="2713" type="scavenge" contextid="2707" timestamp="2020-09-12T18:48:50.160" />
<allocation-satisfied id="2714" threadId="0000000000847B00" bytesRequested="1032" />
<af-end id="2715" timestamp="2020-09-12T18:48:50.160" threadId="0000000000848480" success="true" from="nursery"/>
<exclusive-end id="2716" timestamp="2020-09-12T18:48:50.161" durationms="138.250" />

<exclusive-start id="2717" timestamp="2020-09-12T18:48:52.172" intervalms="2150.228">
  <response-info timems="0.874" idlems="0.874" threads="0" lastid="0000000000873800" lastname="Group1.Backend.CompositeBackend{Tier1}.5" />
</exclusive-start>
<af-start id="2718" threadId="0000000000874180" totalBytesRequested="131080" timestamp="2020-09-12T18:48:52.173" intervalms="2150.185" type="nursery" />
<cycle-start id="2719" type="scavenge" contextid="0" timestamp="2020-09-12T18:48:52.174" intervalms="2150.387" />
<gc-start id="2720" type="scavenge" contextid="2719" timestamp="2020-09-12T18:48:52.174">
  <mem-info id="2721" free="250995728" total="2911895552" percent="8">
    <mem type="nursery" free="0" total="939524096" percent="0">
      <mem type="allocate" free="0" total="802095104" percent="0" />
      <mem type="survivor" free="0" total="137428992" percent="0" />
    </mem>
    <mem type="tenure" free="250995728" total="1972371456" percent="12">
      <mem type="soa" free="132653072" total="1854028800" percent="7" />
      <mem type="loa" free="118342656" total="118342656" percent="100" />
    </mem>
    <remembered-set count="194576" />
  </mem-info>
</gc-start>
<allocation-stats totalBytes="688820488" >
  <allocated-bytes non-tlh="29945376" tlh="658875112" />
  <largest-consumer threadName="Group1.Backend.CompositeBackend{Tier1}.6" threadId="00000000008A0000" bytes="97425272" />
</allocation-stats>
<gc-op id="2722" type="scavenge" timems="118.995" contextid="2719" timestamp="2020-09-12T18:48:52.293">
  <scavenger-info tenureage="3" tenuremask="7ff8" tiltratio="85" />
  <memory-copied type="nursery" objects="4430950" bytes="117677096" bytesdiscarded="283192" />
  <memory-copied type="tenure" objects="1122607" bytes="30202368" bytesdiscarded="79704" />
  <ownableSynchronizers candidates="4440" cleared="3793" />
  <references type="soft" candidates="609" cleared="0" enqueued="0" dynamicThreshold="19" maxThreshold="32" />
  <references type="weak" candidates="102" cleared="102" enqueued="0" />
</gc-op>
<gc-end id="2723" type="scavenge" contextid="2719" durationms="119.761" usertimems="908.359" systemtimems="4.826" timestamp="2020-09-12T18:48:52.293" activeThreads="8">
  <mem-info id="2724" free="904840880" total="2911895552" percent="31">
    <mem type="nursery" free="684042768" total="939524096" percent="72">
      <mem type="allocate" free="684042768" total="802095104" percent="85" />
      <mem type="survivor" free="0" total="137428992" percent="0" />
    </mem>
    <mem type="tenure" free="220798112" total="1972371456" percent="11" macro-fragmented="0">
      <mem type="soa" free="102455456" total="1854028800" percent="5" />
      <mem type="loa" free="118342656" total="118342656" percent="100" />
    </mem>
    <remembered-set count="30713" />
  </mem-info>
</gc-end>
<cycle-end id="2725" type="scavenge" contextid="2719" timestamp="2020-09-12T18:48:52.295" />
<allocation-satisfied id="2726" threadId="0000000000873800" bytesRequested="131080" />
<af-end id="2727" timestamp="2020-09-12T18:48:52.295" threadId="0000000000874180" success="true" from="nursery"/>
<exclusive-end id="2728" timestamp="2020-09-12T18:48:52.295" durationms="122.370" />

<exclusive-start id="2729" timestamp="2020-09-12T18:48:54.223" intervalms="2050.213">
  <response-info timems="0.408" idlems="0.408" threads="0" lastid="0000000000781D00" lastname="Group1.Backend.CompositeBackend{Tier1}.1" />
</exclusive-start>
<af-start id="2730" threadId="0000000000782680" totalBytesRequested="217208" timestamp="2020-09-12T18:48:54.223" intervalms="2050.177" type="nursery" />
<cycle-start id="2731" type="scavenge" contextid="0" timestamp="2020-09-12T18:48:54.223" intervalms="2049.959" />
<gc-start id="2732" type="scavenge" contextid="2731" timestamp="2020-09-12T18:48:54.224">
  <mem-info id="2733" free="220798112" total="2911895552" percent="7">
    <mem type="nursery" free="0" total="939524096" percent="0">
      <mem type="allocate" free="0" total="802095104" percent="0" />
      <mem type="survivor" free="0" total="137428992" percent="0" />
    </mem>
    <mem type="tenure" free="220798112" total="1972371456" percent="11">
      <mem type="soa" free="102455456" total="1854028800" percent="5" />
      <mem type="loa" free="118342656" total="118342656" percent="100" />
    </mem>
    <remembered-set count="194410" />
  </mem-info>
</gc-start>
<allocation-stats totalBytes="683709200" >
  <allocated-bytes non-tlh="32702976" tlh="651006224" />
  <largest-consumer threadName="Group1.Backend.CompositeBackend{Tier1}.7" threadId="00000000008AAD00" bytes="91790984" />
</allocation-stats>
<gc-op id="2734" type="scavenge" timems="107.832" contextid="2731" timestamp="2020-09-12T18:48:54.332">
  <scavenger-info tenureage="3" tenuremask="7ff8" tiltratio="85" />
  <memory-copied type="nursery" objects="4313451" bytes="114652024" bytesdiscarded="263488" />
  <memory-copied type="tenure" objects="1049857" bytes="28253824" bytesdiscarded="22224" />
  <ownableSynchronizers candidates="4285" cleared="3664" />
  <references type="soft" candidates="623" cleared="0" enqueued="0" dynamicThreshold="19" maxThreshold="32" />
  <references type="weak" candidates="112" cleared="112" enqueued="0" />
</gc-op>
<gc-end id="2735" type="scavenge" contextid="2731" durationms="108.643" usertimems="832.819" systemtimems="2.244" timestamp="2020-09-12T18:48:54.332" activeThreads="8">
  <mem-info id="2736" free="880468032" total="2911895552" percent="30">
    <mem type="nursery" free="688215224" total="939524096" percent="73">
      <mem type="allocate" free="688215224" total="803209216" percent="85" />
      <mem type="survivor" free="0" total="136314880" percent="0" />
    </mem>
    <mem type="tenure" free="192252808" total="1972371456" percent="9" macro-fragmented="0">
      <mem type="soa" free="73910152" total="1854028800" percent="3" />
      <mem type="loa" free="118342656" total="118342656" percent="100" />
    </mem>
    <remembered-set count="34177" />
  </mem-info>
</gc-end>
<cycle-end id="2737" type="scavenge" contextid="2731" timestamp="2020-09-12T18:48:54.333" />
<allocation-satisfied id="2738" threadId="0000000000781D00" bytesRequested="217208" />
<af-end id="2739" timestamp="2020-09-12T18:48:54.333" threadId="0000000000782680" success="true" from="nursery"/>
<exclusive-end id="2740" timestamp="2020-09-12T18:48:54.333" durationms="110.712" />

<exclusive-start id="2741" timestamp="2020-09-12T18:48:56.223" intervalms="2000.520">
  <response-info timems="11.821" idlems="11.821" threads="0" lastid="0000000000847B00" lastname="Group1.Backend.CompositeBackend{Tier1}.3" />
</exclusive-start>
<af-start id="2742" threadId="0000000000848480" totalBytesRequested="1832" timestamp="2020-09-12T18:48:56.224" intervalms="2000.621" type="nursery" />
<cycle-start id="2743" type="scavenge" contextid="0" timestamp="2020-09-12T18:48:56.224" intervalms="2000.668" />
<gc-start id="2744" type="scavenge" contextid="2743" timestamp="2020-09-12T18:48:56.225">
  <mem-info id="2745" free="192252808" total="2911895552" percent="6">
    <mem type="nursery" free="0" total="939524096" percent="0">
      <mem type="allocate" free="0" total="803209216" percent="0" />
      <mem type="survivor" free="0" total="136314880" percent="0" />
    </mem>
    <mem type="tenure" free="192252808" total="1972371456" percent="9">
      <mem type="soa" free="73910152" total="1854028800" percent="3" />
      <mem type="loa" free="118342656" total="118342656" percent="100" />
    </mem>
    <remembered-set count="192519" />
  </mem-info>
</gc-start>
<allocation-stats totalBytes="687900496" >
  <allocated-bytes non-tlh="42280856" tlh="645619640" />
  <largest-consumer threadName="Group1.Backend.CompositeBackend{Tier1}.2" threadId="00000000007F7500" bytes="89534176" />
</allocation-stats>
<gc-op id="2746" type="scavenge" timems="102.809" contextid="2743" timestamp="2020-09-12T18:48:56.327">
  <scavenger-info tenureage="3" tenuremask="7ff8" tiltratio="85" />
  <memory-copied type="nursery" objects="4053158" bytes="108616936" bytesdiscarded="225056" />
  <memory-copied type="tenure" objects="1090648" bytes="29305728" bytesdiscarded="27408" />
  <ownableSynchronizers candidates="4100" cleared="3479" />
  <references type="soft" candidates="595" cleared="0" enqueued="0" dynamicThreshold="19" maxThreshold="32" />
  <references type="weak" candidates="124" cleared="124" enqueued="0" />
</gc-op>
<gc-end id="2747" type="scavenge" contextid="2743" durationms="103.559" usertimems="771.212" systemtimems="0.000" timestamp="2020-09-12T18:48:56.328" activeThreads="8">
  <mem-info id="2748" free="858593896" total="2911895552" percent="29">
    <mem type="nursery" free="695864568" total="939524096" percent="74">
      <mem type="allocate" free="695864568" total="804782080" percent="86" />
      <mem type="survivor" free="0" total="134742016" percent="0" />
    </mem>
    <mem type="tenure" free="162729328" total="1972371456" percent="8" macro-fragmented="0">
      <mem type="soa" free="44386672" total="1854028800" percent="2" />
      <mem type="loa" free="118342656" total="118342656" percent="100" />
    </mem>
    <remembered-set count="33533" />
  </mem-info>
</gc-end>
<cycle-end id="2749" type="scavenge" contextid="2743" timestamp="2020-09-12T18:48:56.329" />
<allocation-satisfied id="2750" threadId="0000000000847B00" bytesRequested="1832" />
<af-end id="2751" timestamp="2020-09-12T18:48:56.329" threadId="0000000000848480" success="true" from="nursery"/>
<exclusive-end id="2752" timestamp="2020-09-12T18:48:56.329" durationms="106.029" />

<exclusive-start id="2753" timestamp="2020-09-12T18:48:58.451" intervalms="2227.679">
  <response-info timems="0.295" idlems="0.295" threads="0" lastid="0000000000847B00" lastname="Group1.Backend.CompositeBackend{Tier1}.3" />
</exclusive-start>
<af-start id="2754" threadId="0000000000848480" totalBytesRequested="16" timestamp="2020-09-12T18:48:58.452" intervalms="2227.667" type="nursery" />
<cycle-start id="2755" type="scavenge" contextid="0" timestamp="2020-09-12T18:48:58.452" intervalms="2227.647" />
<gc-start id="2756" type="scavenge" contextid="2755" timestamp="2020-09-12T18:48:58.452">
  <mem-info id="2757" free="162729328" total="2911895552" percent="5">
    <mem type="nursery" free="0" total="939524096" percent="0">
      <mem type="allocate" free="0" total="804782080" percent="0" />
      <mem type="survivor" free="0" total="134742016" percent="0" />
    </mem>
    <mem type="tenure" free="162729328" total="1972371456" percent="8">
      <mem type="soa" free="44386672" total="1854028800" percent="2" />
      <mem type="loa" free="118342656" total="118342656" percent="100" />
    </mem>
    <remembered-set count="201265" />
  </mem-info>
</gc-start>
<allocation-stats totalBytes="695532680" >
  <allocated-bytes non-tlh="27013304" tlh="668519376" />
  <largest-consumer threadName="Group1.Backend.CompositeBackend{Tier1}.5" threadId="0000000000873800" bytes="102170792" />
</allocation-stats>
<gc-op id="2758" type="scavenge" timems="117.494" contextid="2755" timestamp="2020-09-12T18:48:58.570">
  <scavenger-info tenureage="3" tenuremask="7ff8" tiltratio="85" />
  <memory-copied type="nursery" objects="4492967" bytes="118860928" bytesdiscarded="170304" />
  <memory-copied type="tenure" objects="1116428" bytes="29996896" bytesdiscarded="26760" />
  <ownableSynchronizers candidates="3736" cleared="3172" />
  <references type="soft" candidates="594" cleared="0" enqueued="0" dynamicThreshold="19" maxThreshold="32" />
  <references type="weak" candidates="96" cleared="96" enqueued="0" />
</gc-op>
<gc-end id="2759" type="scavenge" contextid="2755" durationms="118.709" usertimems="906.735" systemtimems="5.119" timestamp="2020-09-12T18:48:58.571" activeThreads="8">
  <mem-info id="2760" free="810569552" total="2911895552" percent="27">
    <mem type="nursery" free="677731792" total="939524096" percent="72">
      <mem type="allocate" free="677731792" total="796852224" percent="85" />
      <mem type="survivor" free="0" total="142671872" percent="0" />
    </mem>
    <mem type="tenure" free="132837760" total="1972371456" percent="6" macro-fragmented="0">
      <mem type="soa" free="14495104" total="1854028800" percent="0" />
      <mem type="loa" free="118342656" total="118342656" percent="100" />
    </mem>
    <remembered-set count="32246" />
  </mem-info>
</gc-end>
<cycle-end id="2761" type="scavenge" contextid="2755" timestamp="2020-09-12T18:48:58.572" />
<allocation-satisfied id="2762" threadId="0000000000847B00" bytesRequested="16" />
<af-end id="2763" timestamp="2020-09-12T18:48:58.572" threadId="0000000000848480" success="true" from="nursery"/>
<exclusive-end id="2764" timestamp="2020-09-12T18:48:58.572" durationms="121.453" />

<exclusive-start id="2765" timestamp="2020-09-12T18:49:00.635" intervalms="2184.148">
  <response-info timems="0.362" idlems="0.362" threads="0" lastid="00000000007F7500" lastname="Group1.Backend.CompositeBackend{Tier1}.2" />
</exclusive-start>
<af-start id="2766" threadId="00000000007F7E80" totalBytesRequested="24" timestamp="2020-09-12T18:49:00.636" intervalms="2183.981" type="nursery" />
<percolate-collect id="2767" from="nursery" to="global" reason="prevent tenure expand" timestamp="2020-09-12T18:49:00.636"/>
<cycle-start id="2768" type="global" contextid="0" timestamp="2020-09-12T18:49:00.636" intervalms="76673.543" />
<gc-start id="2769" type="global" contextid="2768" timestamp="2020-09-12T18:49:00.636">
  <mem-info id="2770" free="132837760" total="2911895552" percent="4">
    <mem type="nursery" free="0" total="939524096" percent="0">
      <mem type="allocate" free="0" total="796852224" percent="0" />
      <mem type="survivor" free="0" total="142671872" percent="0" />
    </mem>
    <mem type="tenure" free="132837760" total="1972371456" percent="6">
      <mem type="soa" free="14495104" total="1854028800" percent="0" />
      <mem type="loa" free="118342656" total="118342656" percent="100" />
    </mem>
    <remembered-set count="197858" />
  </mem-info>
</gc-start>
<allocation-stats totalBytes="677362496" >
  <allocated-bytes non-tlh="23511504" tlh="653850992" />
  <largest-consumer threadName="Group1.Backend.CompositeBackend{Tier1}.8" threadId="00000000008AF400" bytes="91262704" />
</allocation-stats>
<gc-op id="2771" type="mark" timems="547.641" contextid="2768" timestamp="2020-09-12T18:49:01.184">
  <trace-info objectcount="30589483" scancount="29610506" scanbytes="810499676" />
  <finalization candidates="148" enqueued="0" />
  <ownableSynchronizers candidates="583015" cleared="5308" />
  <references type="soft" candidates="697315" cleared="0" enqueued="0" dynamicThreshold="19" maxThreshold="32" />
  <references type="weak" candidates="4393" cleared="112" enqueued="0" />
  <references type="phantom" candidates="106" cleared="0" enqueued="0" />
  <stringconstants candidates="11048" cleared="1"  />
</gc-op>
<gc-op id="2772" type="sweep" timems="11.538" contextid="2768" timestamp="2020-09-12T18:49:01.196" />
<gc-end id="2773" type="global" contextid="2768" durationms="560.304" usertimems="4231.060" systemtimems="10.991" timestamp="2020-09-12T18:49:01.196" activeThreads="8">
  <mem-info id="2774" free="1791073064" total="2911895552" percent="61">
    <mem type="nursery" free="599011224" total="939524096" percent="63">
      <mem type="allocate" free="599011224" total="796852224" percent="75" />
      <mem type="survivor" free="0" total="142671872" percent="0" />
    </mem>
    <mem type="tenure" free="1192061840" total="1972371456" percent="60" micro-fragmented="42133060" macro-fragmented="0">
      <mem type="soa" free="1073719184" total="1854028800" percent="57" />
      <mem type="loa" free="118342656" total="118342656" percent="100" />
    </mem>
    <remembered-set count="191764" />
  </mem-info>
</gc-end>
<cycle-end id="2775" type="global" contextid="2768" timestamp="2020-09-12T18:49:01.197" />
<allocation-satisfied id="2776" threadId="00000000007F7500" bytesRequested="24" />
<af-end id="2777" timestamp="2020-09-12T18:49:01.197" threadId="00000000007F7E80" success="true" from="nursery"/>
<exclusive-end id="2778" timestamp="2020-09-12T18:49:01.197" durationms="562.458" />

<exclusive-start id="2779" timestamp="2020-09-12T18:49:02.019" intervalms="1384.344">
  <response-info timems="0.425" idlems="0.425" threads="0" lastid="00000000007F7500" lastname="Group1.Backend.CompositeBackend{Tier1}.2" />
</exclusive-start>
<af-start id="2780" threadId="00000000007F7E80" totalBytesRequested="267672" timestamp="2020-09-12T18:49:02.020" intervalms="1384.474" type="nursery" />
<cycle-start id="2781" type="scavenge" contextid="0" timestamp="2020-09-12T18:49:02.020" intervalms="3568.421" />
<gc-start id="2782" type="scavenge" contextid="2781" timestamp="2020-09-12T18:49:02.021">
  <mem-info id="2783" free="1342304904" total="2911895552" percent="46">
    <mem type="nursery" free="150243160" total="939524096" percent="15">
      <mem type="allocate" free="150243160" total="796852224" percent="18" />
      <mem type="survivor" free="0" total="142671872" percent="0" />
    </mem>
    <mem type="tenure" free="1192061744" total="1972371456" percent="60">
      <mem type="soa" free="1073719088" total="1854028800" percent="57" />
      <mem type="loa" free="118342656" total="118342656" percent="100" />
    </mem>
    <remembered-set count="229923" />
  </mem-info>
</gc-start>
<allocation-stats totalBytes="447450792" >
  <allocated-bytes non-tlh="33561040" tlh="413889752" />
  <largest-consumer threadName="Group1.Backend.CompositeBackend{Tier1}.8" threadId="00000000008AF400" bytes="68468952" />
</allocation-stats>
<gc-op id="2784" type="scavenge" timems="157.398" contextid="2781" timestamp="2020-09-12T18:49:02.178">
  <scavenger-info tenureage="3" tenuremask="7ff8" tiltratio="84" />
  <memory-copied type="nursery" objects="5405600" bytes="142402760" bytesdiscarded="132608" />
  <memory-copied type="tenure" objects="1133334" bytes="30368440" bytesdiscarded="36672" />
  <copy-failed type="nursery" objects="110449" bytes="2903000" />
  <ownableSynchronizers candidates="1157742" cleared="1157058" />
  <references type="soft" candidates="721" cleared="0" enqueued="0" dynamicThreshold="19" maxThreshold="32" />
  <references type="weak" candidates="83" cleared="83" enqueued="0" />
</gc-op>
<gc-end id="2785" type="scavenge" contextid="2781" durationms="158.532" usertimems="1182.043" systemtimems="11.645" timestamp="2020-09-12T18:49:02.179" activeThreads="8">
  <mem-info id="2786" free="1765936016" total="2911895552" percent="60">
    <mem type="nursery" free="604438528" total="939524096" percent="64">
      <mem type="allocate" free="604438528" total="747110400" percent="80" />
      <mem type="survivor" free="0" total="192413696" percent="0" />
    </mem>
    <mem type="tenure" free="1161497488" total="1972371456" percent="58" macro-fragmented="0">
      <mem type="soa" free="1043154832" total="1854028800" percent="56" />
      <mem type="loa" free="118342656" total="118342656" percent="100" />
    </mem>
    <remembered-set count="35079" />
  </mem-info>
</gc-end>
<cycle-end id="2787" type="scavenge" contextid="2781" timestamp="2020-09-12T18:49:02.180" />
<allocation-satisfied id="2788" threadId="00000000007F7500" bytesRequested="267672" />
<af-end id="2789" timestamp="2020-09-12T18:49:02.181" threadId="00000000007F7E80" success="true" from="nursery"/>
<exclusive-end id="2790" timestamp="2020-09-12T18:49:02.181" durationms="161.197" />

<exclusive-start id="2791" timestamp="2020-09-12T18:49:03.757" intervalms="1737.845">
  <response-info timems="0.660" idlems="0.467" threads="2" lastid="0000000000847B00" lastname="Group1.Backend.CompositeBackend{Tier1}.3" />
</exclusive-start>
<af-start id="2792" threadId="0000000000A88280" totalBytesRequested="1032" timestamp="2020-09-12T18:49:03.758" intervalms="1737.723" type="nursery" />
<cycle-start id="2793" type="scavenge" contextid="0" timestamp="2020-09-12T18:49:03.758" intervalms="1737.736" />
<gc-start id="2794" type="scavenge" contextid="2793" timestamp="2020-09-12T18:49:03.758">
  <mem-info id="2795" free="1161497488" total="2911895552" percent="39">
    <mem type="nursery" free="0" total="939524096" percent="0">
      <mem type="allocate" free="0" total="747110400" percent="0" />
      <mem type="survivor" free="0" total="192413696" percent="0" />
    </mem>
    <mem type="tenure" free="1161497488" total="1972371456" percent="58">
      <mem type="soa" free="1043154832" total="1854028800" percent="56" />
      <mem type="loa" free="118342656" total="118342656" percent="100" />
    </mem>
    <remembered-set count="190217" />
  </mem-info>
</gc-start>
<allocation-stats totalBytes="604142016" >
  <allocated-bytes non-tlh="22780400" tlh="581361616" />
  <largest-consumer threadName="Group1.Backend.CompositeBackend{Tier1}.6" threadId="00000000008A0000" bytes="87877160" />
</allocation-stats>
<gc-op id="2796" type="scavenge" timems="104.220" contextid="2793" timestamp="2020-09-12T18:49:03.863">
  <scavenger-info tenureage="3" tenuremask="7ff8" tiltratio="79" />
  <memory-copied type="nursery" objects="4741592" bytes="127367088" bytesdiscarded="146536" />
  <memory-copied type="tenure" objects="946399" bytes="25446432" bytesdiscarded="32248" />
  <ownableSynchronizers candidates="4633" cleared="3938" />
  <references type="soft" candidates="725" cleared="0" enqueued="0" dynamicThreshold="19" maxThreshold="32" />
  <references type="weak" candidates="111" cleared="109" enqueued="0" />
</gc-op>
<gc-end id="2797" type="scavenge" contextid="2793" durationms="105.192" usertimems="794.812" systemtimems="0.000" timestamp="2020-09-12T18:49:03.863" activeThreads="8">
  <mem-info id="2798" free="1761422776" total="2911895552" percent="60">
    <mem type="nursery" free="625486336" total="939524096" percent="66">
      <mem type="allocate" free="625486336" total="753074176" percent="83" />
      <mem type="survivor" free="0" total="186449920" percent="0" />
    </mem>
    <mem type="tenure" free="1135936440" total="1972371456" percent="57" macro-fragmented="0">
      <mem type="soa" free="1017593784" total="1854028800" percent="54" />
      <mem type="loa" free="118342656" total="118342656" percent="100" />
    </mem>
    <remembered-set count="33218" />
  </mem-info>
</gc-end>
<cycle-end id="2799" type="scavenge" contextid="2793" timestamp="2020-09-12T18:49:03.864" />
<allocation-satisfied id="2800" threadId="0000000000A87900" bytesRequested="1032" />
<af-end id="2801" timestamp="2020-09-12T18:49:03.864" threadId="0000000000A88280" success="true" from="nursery"/>
<exclusive-end id="2802" timestamp="2020-09-12T18:49:03.864" durationms="107.108" />

<exclusive-start id="2803" timestamp="2020-09-12T18:49:05.567" intervalms="1809.440">
  <response-info timems="0.421" idlems="0.220" threads="1" lastid="00000000007F7500" lastname="Group1.Backend.CompositeBackend{Tier1}.2" />
</exclusive-start>
<af-start id="2804" threadId="00000000008AFD80" totalBytesRequested="16" timestamp="2020-09-12T18:49:05.567" intervalms="1809.461" type="nursery" />
<cycle-start id="2805" type="scavenge" contextid="0" timestamp="2020-09-12T18:49:05.567" intervalms="1809.448" />
<gc-start id="2806" type="scavenge" contextid="2805" timestamp="2020-09-12T18:49:05.568">
  <mem-info id="2807" free="1135936440" total="2911895552" percent="39">
    <mem type="nursery" free="0" total="939524096" percent="0">
      <mem type="allocate" free="0" total="753074176" percent="0" />
      <mem type="survivor" free="0" total="186449920" percent="0" />
    </mem>
    <mem type="tenure" free="1135936440" total="1972371456" percent="57">
      <mem type="soa" free="1017593784" total="1854028800" percent="54" />
      <mem type="loa" free="118342656" total="118342656" percent="100" />
    </mem>
    <remembered-set count="186342" />
  </mem-info>
</gc-start>
<allocation-stats totalBytes="625216664" >
  <allocated-bytes non-tlh="34876440" tlh="590340224" />
  <largest-consumer threadName="Group1.Backend.CompositeBackend{Tier1}.6" threadId="00000000008A0000" bytes="97724864" />
</allocation-stats>
<gc-op id="2808" type="scavenge" timems="101.188" contextid="2805" timestamp="2020-09-12T18:49:05.669">
  <scavenger-info tenureage="3" tenuremask="7ff8" tiltratio="80" />
  <memory-copied type="nursery" objects="4555812" bytes="122364568" bytesdiscarded="180264" />
  <memory-copied type="tenure" objects="1080035" bytes="29087232" bytesdiscarded="40528" />
  <ownableSynchronizers candidates="3661" cleared="2986" />
  <references type="soft" candidates="712" cleared="0" enqueued="0" dynamicThreshold="19" maxThreshold="32" />
  <references type="weak" candidates="105" cleared="104" enqueued="0" />
</gc-op>
<gc-end id="2809" type="scavenge" contextid="2805" durationms="102.107" usertimems="761.877" systemtimems="0.000" timestamp="2020-09-12T18:49:05.670" activeThreads="8">
  <mem-info id="2810" free="1745918560" total="2911895552" percent="59">
    <mem type="nursery" free="639166976" total="939524096" percent="68">
      <mem type="allocate" free="639166976" total="761790464" percent="83" />
      <mem type="survivor" free="0" total="177733632" percent="0" />
    </mem>
    <mem type="tenure" free="1106751584" total="1972371456" percent="56" macro-fragmented="0">
      <mem type="soa" free="988408928" total="1854028800" percent="53" />
      <mem type="loa" free="118342656" total="118342656" percent="100" />
    </mem>
    <remembered-set count="32683" />
  </mem-info>
</gc-end>
<cycle-end id="2811" type="scavenge" contextid="2805" timestamp="2020-09-12T18:49:05.674" />
<allocation-satisfied id="2812" threadId="00000000008AF400" bytesRequested="16" />
<af-end id="2813" timestamp="2020-09-12T18:49:05.674" threadId="00000000008AFD80" success="true" from="nursery"/>
<exclusive-end id="2814" timestamp="2020-09-12T18:49:05.674" durationms="107.613" />

<exclusive-start id="2815" timestamp="2020-09-12T18:49:07.564" intervalms="1997.036">
  <response-info timems="0.468" idlems="0.468" threads="0" lastid="0000000000781D00" lastname="Group1.Backend.CompositeBackend{Tier1}.1" />
</exclusive-start>
<af-start id="2816" threadId="0000000000782680" totalBytesRequested="16" timestamp="2020-09-12T18:49:07.564" intervalms="1997.100" type="nursery" />
<cycle-start id="2817" type="scavenge" contextid="0" timestamp="2020-09-12T18:49:07.565" intervalms="1997.154" />
<gc-start id="2818" type="scavenge" contextid="2817" timestamp="2020-09-12T18:49:07.565">
  <mem-info id="2819" free="1106751584" total="2911895552" percent="38">
    <mem type="nursery" free="0" total="939524096" percent="0">
      <mem type="allocate" free="0" total="761790464" percent="0" />
      <mem type="survivor" free="0" total="177733632" percent="0" />
    </mem>
    <mem type="tenure" free="1106751584" total="1972371456" percent="56">
      <mem type="soa" free="988408928" total="1854028800" percent="53" />
      <mem type="loa" free="118342656" total="118342656" percent="100" />
    </mem>
    <remembered-set count="191659" />
  </mem-info>
</gc-start>
<allocation-stats totalBytes="638844744" >
  <allocated-bytes non-tlh="28102848" tlh="610741896" />
  <largest-consumer threadName="Group1.Backend.CompositeBackend{Tier1}.8" threadId="00000000008AF400" bytes="117562472" />
</allocation-stats>
<gc-op id="2820" type="scavenge" timems="108.596" contextid="2817" timestamp="2020-09-12T18:49:07.674">
  <scavenger-info tenureage="3" tenuremask="7ff8" tiltratio="81" />
  <memory-copied type="nursery" objects="3753811" bytes="100710312" bytesdiscarded="194328" />
  <memory-copied type="tenure" objects="1765397" bytes="47508880" bytesdiscarded="56224" />
  <ownableSynchronizers candidates="4997" cleared="4275" />
  <references type="soft" candidates="591" cleared="0" enqueued="0" dynamicThreshold="19" maxThreshold="32" />
  <references type="weak" candidates="112" cleared="112" enqueued="0" />
</gc-op>
<gc-end id="2821" type="scavenge" contextid="2817" durationms="109.742" usertimems="826.993" systemtimems="17.521" timestamp="2020-09-12T18:49:07.674" activeThreads="8">
  <mem-info id="2822" free="1728188688" total="2911895552" percent="59">
    <mem type="nursery" free="668929536" total="939524096" percent="71">
      <mem type="allocate" free="668929536" total="769916928" percent="86" />
      <mem type="survivor" free="0" total="169607168" percent="0" />
    </mem>
    <mem type="tenure" free="1059259152" total="1972371456" percent="53" macro-fragmented="0">
      <mem type="soa" free="940916496" total="1854028800" percent="50" />
      <mem type="loa" free="118342656" total="118342656" percent="100" />
    </mem>
    <remembered-set count="29156" />
  </mem-info>
</gc-end>
<cycle-end id="2823" type="scavenge" contextid="2817" timestamp="2020-09-12T18:49:07.686" />
<allocation-satisfied id="2824" threadId="0000000000781D00" bytesRequested="16" />
<af-end id="2825" timestamp="2020-09-12T18:49:07.686" threadId="0000000000782680" success="true" from="nursery"/>
<exclusive-end id="2826" timestamp="2020-09-12T18:49:07.686" durationms="122.191" />

<exclusive-start id="2827" timestamp="2020-09-12T18:49:09.527" intervalms="1962.828">
  <response-info timems="0.829" idlems="0.829" threads="0" lastid="00000000008A0000" lastname="Group1.Backend.CompositeBackend{Tier1}.6" />
</exclusive-start>
<af-start id="2828" threadId="00000000008A0980" totalBytesRequested="16" timestamp="2020-09-12T18:49:09.527" intervalms="1963.072" type="nursery" />
<cycle-start id="2829" type="scavenge" contextid="0" timestamp="2020-09-12T18:49:09.528" intervalms="1963.120" />
<gc-start id="2830" type="scavenge" contextid="2829" timestamp="2020-09-12T18:49:09.528">
  <mem-info id="2831" free="1059259152" total="2911895552" percent="36">
    <mem type="nursery" free="0" total="939524096" percent="0">
      <mem type="allocate" free="0" total="769916928" percent="0" />
      <mem type="survivor" free="0" total="169607168" percent="0" />
    </mem>
    <mem type="tenure" free="1059259152" total="1972371456" percent="53">
      <mem type="soa" free="940916496" total="1854028800" percent="50" />
      <mem type="loa" free="118342656" total="118342656" percent="100" />
    </mem>
    <remembered-set count="186760" />
  </mem-info>
</gc-start>
<allocation-stats totalBytes="668616184" >
  <allocated-bytes non-tlh="36128520" tlh="632487664" />
  <largest-consumer threadName="Group1.Backend.CompositeBackend{Tier1}.8" threadId="00000000008AF400" bytes="120578280" />
</allocation-stats>
<gc-op id="2832" type="scavenge" timems="114.272" contextid="2829" timestamp="2020-09-12T18:49:09.642">
  <scavenger-info tenureage="3" tenuremask="7ff8" tiltratio="81" />
  <memory-copied type="nursery" objects="3867075" bytes="103786000" bytesdiscarded="184704" />
  <memory-copied type="tenure" objects="1020104" bytes="27448424" bytesdiscarded="45120" />
  <ownableSynchronizers candidates="4468" cleared="3850" />
  <references type="soft" candidates="588" cleared="0" enqueued="0" dynamicThreshold="19" maxThreshold="32" />
  <references type="weak" candidates="127" cleared="127" enqueued="0" />
</gc-op>
<gc-end id="2833" type="scavenge" contextid="2829" durationms="115.774" usertimems="884.179" systemtimems="5.907" timestamp="2020-09-12T18:49:09.644" activeThreads="8">
  <mem-info id="2834" free="1707464168" total="2911895552" percent="58">
    <mem type="nursery" free="675887320" total="939524096" percent="71">
      <mem type="allocate" free="675887320" total="779943936" percent="86" />
      <mem type="survivor" free="0" total="159580160" percent="0" />
    </mem>
    <mem type="tenure" free="1031576848" total="1972371456" percent="52" macro-fragmented="0">
      <mem type="soa" free="913234192" total="1854028800" percent="49" />
      <mem type="loa" free="118342656" total="118342656" percent="100" />
    </mem>
    <remembered-set count="30841" />
  </mem-info>
</gc-end>
<cycle-end id="2835" type="scavenge" contextid="2829" timestamp="2020-09-12T18:49:09.646" />
<allocation-satisfied id="2836" threadId="00000000008A0000" bytesRequested="16" />
<af-end id="2837" timestamp="2020-09-12T18:49:09.646" threadId="00000000008A0980" success="true" from="nursery"/>
<exclusive-end id="2838" timestamp="2020-09-12T18:49:09.646" durationms="119.291" />

<exclusive-start id="2839" timestamp="2020-09-12T18:49:11.669" intervalms="2142.122">
  <response-info timems="0.580" idlems="0.580" threads="0" lastid="0000000000A9F300" lastname="Group1.Backend.CompositeBackend{Tier3}.7" />
</exclusive-start>
<af-start id="2840" threadId="0000000000A9FC80" totalBytesRequested="16" timestamp="2020-09-12T18:49:11.669" intervalms="2142.008" type="nursery" />
<cycle-start id="2841" type="scavenge" contextid="0" timestamp="2020-09-12T18:49:11.670" intervalms="2141.922" />
<gc-start id="2842" type="scavenge" contextid="2841" timestamp="2020-09-12T18:49:11.670">
  <mem-info id="2843" free="1031576848" total="2911895552" percent="35">
    <mem type="nursery" free="0" total="939524096" percent="0">
      <mem type="allocate" free="0" total="779943936" percent="0" />
      <mem type="survivor" free="0" total="159580160" percent="0" />
    </mem>
    <mem type="tenure" free="1031576848" total="1972371456" percent="52">
      <mem type="soa" free="913234192" total="1854028800" percent="49" />
      <mem type="loa" free="118342656" total="118342656" percent="100" />
    </mem>
    <remembered-set count="194243" />
  </mem-info>
</gc-start>
<allocation-stats totalBytes="675547144" >
  <allocated-bytes non-tlh="28755864" tlh="646791280" />
  <largest-consumer threadName="Group1.Backend.CompositeBackend{Tier1}.2" threadId="00000000007F7500" bytes="113058608" />
</allocation-stats>
<gc-op id="2844" type="scavenge" timems="96.712" contextid="2841" timestamp="2020-09-12T18:49:11.767">
  <scavenger-info tenureage="3" tenuremask="7ff8" tiltratio="83" />
  <memory-copied type="nursery" objects="3986270" bytes="107098096" bytesdiscarded="162288" />
  <memory-copied type="tenure" objects="960849" bytes="25808176" bytesdiscarded="42408" />
  <ownableSynchronizers candidates="4423" cleared="3820" />
  <references type="soft" candidates="613" cleared="0" enqueued="0" dynamicThreshold="19" maxThreshold="32" />
  <references type="weak" candidates="115" cleared="114" enqueued="0" />
</gc-op>
<gc-end id="2845" type="scavenge" contextid="2841" durationms="97.504" usertimems="716.331" systemtimems="0.000" timestamp="2020-09-12T18:49:11.767" activeThreads="8">
  <mem-info id="2846" free="1685516632" total="2911895552" percent="57">
    <mem type="nursery" free="679736288" total="939524096" percent="72">
      <mem type="allocate" free="679736288" total="787087360" percent="86" />
      <mem type="survivor" free="0" total="152436736" percent="0" />
    </mem>
    <mem type="tenure" free="1005780344" total="1972371456" percent="50" macro-fragmented="0">
      <mem type="soa" free="887437688" total="1854028800" percent="47" />
      <mem type="loa" free="118342656" total="118342656" percent="100" />
    </mem>
    <remembered-set count="28967" />
  </mem-info>
</gc-end>
<cycle-end id="2847" type="scavenge" contextid="2841" timestamp="2020-09-12T18:49:11.768" />
<allocation-satisfied id="2848" threadId="0000000000A9F300" bytesRequested="16" />
<af-end id="2849" timestamp="2020-09-12T18:49:11.768" threadId="0000000000A9FC80" success="true" from="nursery"/>
<exclusive-end id="2850" timestamp="2020-09-12T18:49:11.768" durationms="99.639" />

<exclusive-start id="2851" timestamp="2020-09-12T18:49:13.767" intervalms="2098.674">
  <response-info timems="0.278" idlems="0.278" threads="0" lastid="00000000007F7500" lastname="Group1.Backend.CompositeBackend{Tier1}.2" />
</exclusive-start>
<af-start id="2852" threadId="00000000007F7E80" totalBytesRequested="1032" timestamp="2020-09-12T18:49:13.768" intervalms="2098.513" type="nursery" />
<cycle-start id="2853" type="scavenge" contextid="0" timestamp="2020-09-12T18:49:13.768" intervalms="2098.504" />
<gc-start id="2854" type="scavenge" contextid="2853" timestamp="2020-09-12T18:49:13.768">
  <mem-info id="2855" free="1005780344" total="2911895552" percent="34">
    <mem type="nursery" free="0" total="939524096" percent="0">
      <mem type="allocate" free="0" total="787087360" percent="0" />
      <mem type="survivor" free="0" total="152436736" percent="0" />
    </mem>
    <mem type="tenure" free="1005780344" total="1972371456" percent="50">
      <mem type="soa" free="887437688" total="1854028800" percent="47" />
      <mem type="loa" free="118342656" total="118342656" percent="100" />
    </mem>
    <remembered-set count="190117" />
  </mem-info>
</gc-start>
<allocation-stats totalBytes="679412504" >
  <allocated-bytes non-tlh="30135928" tlh="649276576" />
  <largest-consumer threadName="Group1.Backend.CompositeBackend{Tier1}.5" threadId="0000000000873800" bytes="106091736" />
</allocation-stats>
<gc-op id="2856" type="scavenge" timems="95.411" contextid="2853" timestamp="2020-09-12T18:49:13.864">
  <scavenger-info tenureage="3" tenuremask="7ff8" tiltratio="83" />
  <memory-copied type="nursery" objects="4043184" bytes="108642904" bytesdiscarded="152752" />
  <memory-copied type="tenure" objects="1032366" bytes="27745792" bytesdiscarded="39192" />
  <finalization candidates="1" enqueued="0" />
  <ownableSynchronizers candidates="4195" cleared="3587" />
  <references type="soft" candidates="569" cleared="0" enqueued="0" dynamicThreshold="19" maxThreshold="32" />
  <references type="weak" candidates="124" cleared="124" enqueued="0" />
</gc-op>
<gc-end id="2857" type="scavenge" contextid="2853" durationms="96.224" usertimems="685.707" systemtimems="0.000" timestamp="2020-09-12T18:49:13.864" activeThreads="8">
  <mem-info id="2858" free="1661958016" total="2911895552" percent="57">
    <mem type="nursery" free="684044432" total="939524096" percent="72">
      <mem type="allocate" free="684044432" total="792920064" percent="86" />
      <mem type="survivor" free="0" total="146604032" percent="0" />
    </mem>
    <mem type="tenure" free="977913584" total="1972371456" percent="49" macro-fragmented="0">
      <mem type="soa" free="859570928" total="1854028800" percent="46" />
      <mem type="loa" free="118342656" total="118342656" percent="100" />
    </mem>
    <remembered-set count="27473" />
  </mem-info>
</gc-end>
<cycle-end id="2859" type="scavenge" contextid="2853" timestamp="2020-09-12T18:49:13.866" />
<allocation-satisfied id="2860" threadId="00000000007F7500" bytesRequested="1032" />
<af-end id="2861" timestamp="2020-09-12T18:49:13.866" threadId="00000000007F7E80" success="true" from="nursery"/>
<exclusive-end id="2862" timestamp="2020-09-12T18:49:13.866" durationms="98.253" />

<exclusive-start id="2863" timestamp="2020-09-12T18:49:15.826" intervalms="2058.695">
  <response-info timems="0.448" idlems="0.448" threads="0" lastid="0000000000781D00" lastname="Group1.Backend.CompositeBackend{Tier1}.1" />
</exclusive-start>
<af-start id="2864" threadId="0000000000782680" totalBytesRequested="16" timestamp="2020-09-12T18:49:15.827" intervalms="2058.751" type="nursery" />
<cycle-start id="2865" type="scavenge" contextid="0" timestamp="2020-09-12T18:49:15.827" intervalms="2058.787" />
<gc-start id="2866" type="scavenge" contextid="2865" timestamp="2020-09-12T18:49:15.827">
  <mem-info id="2867" free="977913584" total="2911895552" percent="33">
    <mem type="nursery" free="0" total="939524096" percent="0">
      <mem type="allocate" free="0" total="792920064" percent="0" />
      <mem type="survivor" free="0" total="146604032" percent="0" />
    </mem>
    <mem type="tenure" free="977913584" total="1972371456" percent="49">
      <mem type="soa" free="859570928" total="1854028800" percent="46" />
      <mem type="loa" free="118342656" total="118342656" percent="100" />
    </mem>
    <remembered-set count="188517" />
  </mem-info>
</gc-start>
<allocation-stats totalBytes="683736800" >
  <allocated-bytes non-tlh="36287136" tlh="647449664" />
  <largest-consumer threadName="Group1.Backend.CompositeBackend{Tier1}.3" threadId="0000000000847B00" bytes="87820512" />
</allocation-stats>
<gc-op id="2868" type="scavenge" timems="110.998" contextid="2865" timestamp="2020-09-12T18:49:15.938">
  <scavenger-info tenureage="3" tenuremask="7ff8" tiltratio="84" />
  <memory-copied type="nursery" objects="4294008" bytes="114371376" bytesdiscarded="207736" />
  <memory-copied type="tenure" objects="1042314" bytes="28176672" bytesdiscarded="46104" />
  <finalization candidates="1" enqueued="0" />
  <ownableSynchronizers candidates="4149" cleared="3585" />
  <references type="soft" candidates="536" cleared="0" enqueued="0" dynamicThreshold="19" maxThreshold="32" />
  <references type="weak" candidates="103" cleared="103" enqueued="0" />
</gc-op>
<gc-end id="2869" type="scavenge" contextid="2865" durationms="112.063" usertimems="870.438" systemtimems="1.592" timestamp="2020-09-12T18:49:15.939" activeThreads="8">
  <mem-info id="2870" free="1630517528" total="2911895552" percent="55">
    <mem type="nursery" free="680619912" total="939524096" percent="72">
      <mem type="allocate" free="680619912" total="795279360" percent="85" />
      <mem type="survivor" free="0" total="144244736" percent="0" />
    </mem>
    <mem type="tenure" free="949897616" total="1972371456" percent="48" macro-fragmented="0">
      <mem type="soa" free="831554960" total="1854028800" percent="44" />
      <mem type="loa" free="118342656" total="118342656" percent="100" />
    </mem>
    <remembered-set count="28361" />
  </mem-info>
</gc-end>
<cycle-end id="2871" type="scavenge" contextid="2865" timestamp="2020-09-12T18:49:15.941" />
<allocation-satisfied id="2872" threadId="0000000000781D00" bytesRequested="16" />
<af-end id="2873" timestamp="2020-09-12T18:49:15.941" threadId="0000000000782680" success="true" from="nursery"/>
<exclusive-end id="2874" timestamp="2020-09-12T18:49:15.941" durationms="114.725" />

<exclusive-start id="2875" timestamp="2020-09-12T18:49:17.978" intervalms="2152.085">
  <response-info timems="1.932" idlems="1.932" threads="0" lastid="00000000008AAD00" lastname="Group1.Backend.CompositeBackend{Tier1}.7" />
</exclusive-start>
<af-start id="2876" threadId="00000000008AB680" totalBytesRequested="32" timestamp="2020-09-12T18:49:17.979" intervalms="2152.414" type="nursery" />
<cycle-start id="2877" type="scavenge" contextid="0" timestamp="2020-09-12T18:49:17.979" intervalms="2152.419" />
<gc-start id="2878" type="scavenge" contextid="2877" timestamp="2020-09-12T18:49:17.980">
  <mem-info id="2879" free="949897616" total="2911895552" percent="32">
    <mem type="nursery" free="0" total="939524096" percent="0">
      <mem type="allocate" free="0" total="795279360" percent="0" />
      <mem type="survivor" free="0" total="144244736" percent="0" />
    </mem>
    <mem type="tenure" free="949897616" total="1972371456" percent="48">
      <mem type="soa" free="831554960" total="1854028800" percent="44" />
      <mem type="loa" free="118342656" total="118342656" percent="100" />
    </mem>
    <remembered-set count="194712" />
  </mem-info>
</gc-start>
<allocation-stats totalBytes="680283288" >
  <allocated-bytes non-tlh="26249800" tlh="654033488" />
  <largest-consumer threadName="Group1.Backend.CompositeBackend{Tier1}.5" threadId="0000000000873800" bytes="87209424" />
</allocation-stats>
<gc-op id="2880" type="scavenge" timems="115.161" contextid="2877" timestamp="2020-09-12T18:49:18.095">
  <scavenger-info tenureage="3" tenuremask="7ff8" tiltratio="84" />
  <memory-copied type="nursery" objects="4137478" bytes="110905640" bytesdiscarded="131816" />
  <memory-copied type="tenure" objects="1111702" bytes="29910464" bytesdiscarded="46528" />
  <finalization candidates="1" enqueued="0" />
  <ownableSynchronizers candidates="4324" cleared="3774" />
  <references type="soft" candidates="521" cleared="0" enqueued="0" dynamicThreshold="19" maxThreshold="32" />
  <references type="weak" candidates="107" cleared="107" enqueued="0" />
</gc-op>
<gc-end id="2881" type="scavenge" contextid="2877" durationms="116.664" usertimems="820.434" systemtimems="7.898" timestamp="2020-09-12T18:49:18.096" activeThreads="8">
  <mem-info id="2882" free="1607332600" total="2911895552" percent="55">
    <mem type="nursery" free="687431672" total="939524096" percent="73">
      <mem type="allocate" free="687431672" total="798556160" percent="86" />
      <mem type="survivor" free="0" total="140967936" percent="0" />
    </mem>
    <mem type="tenure" free="919900928" total="1972371456" percent="46" macro-fragmented="0">
      <mem type="soa" free="801558272" total="1854028800" percent="43" />
      <mem type="loa" free="118342656" total="118342656" percent="100" />
    </mem>
    <remembered-set count="30343" />
  </mem-info>
</gc-end>
<cycle-end id="2883" type="scavenge" contextid="2877" timestamp="2020-09-12T18:49:18.099" />
<allocation-satisfied id="2884" threadId="00000000008AAD00" bytesRequested="32" />
<af-end id="2885" timestamp="2020-09-12T18:49:18.099" threadId="00000000008AB680" success="true" from="nursery"/>
<exclusive-end id="2886" timestamp="2020-09-12T18:49:18.099" durationms="120.924" />

<exclusive-start id="2887" timestamp="2020-09-12T18:49:19.964" intervalms="1985.821">
  <response-info timems="1.224" idlems="0.423" threads="2" lastid="00000000008AAD00" lastname="Group1.Backend.CompositeBackend{Tier1}.7" />
</exclusive-start>
<af-start id="2888" threadId="00000000008AFD80" totalBytesRequested="120" timestamp="2020-09-12T18:49:19.965" intervalms="1985.453" type="nursery" />
<cycle-start id="2889" type="scavenge" contextid="0" timestamp="2020-09-12T18:49:19.965" intervalms="1985.455" />
<gc-start id="2890" type="scavenge" contextid="2889" timestamp="2020-09-12T18:49:19.965">
  <mem-info id="2891" free="919900928" total="2911895552" percent="31">
    <mem type="nursery" free="0" total="939524096" percent="0">
      <mem type="allocate" free="0" total="798556160" percent="0" />
      <mem type="survivor" free="0" total="140967936" percent="0" />
    </mem>
    <mem type="tenure" free="919900928" total="1972371456" percent="46">
      <mem type="soa" free="801558272" total="1854028800" percent="43" />
      <mem type="loa" free="118342656" total="118342656" percent="100" />
    </mem>
    <remembered-set count="190497" />
  </mem-info>
</gc-start>
<allocation-stats totalBytes="687111872" >
  <allocated-bytes non-tlh="37416040" tlh="649695832" />
  <largest-consumer threadName="Group1.Backend.CompositeBackend{Tier1}.3" threadId="0000000000847B00" bytes="97820712" />
</allocation-stats>
<gc-op id="2892" type="scavenge" timems="111.543" contextid="2889" timestamp="2020-09-12T18:49:20.077">
  <scavenger-info tenureage="3" tenuremask="7ff8" tiltratio="84" />
  <memory-copied type="nursery" objects="4310870" bytes="114991328" bytesdiscarded="196352" />
  <memory-copied type="tenure" objects="1089838" bytes="29329592" bytesdiscarded="46616" />
  <finalization candidates="1" enqueued="0" />
  <ownableSynchronizers candidates="4332" cleared="3808" />
  <references type="soft" candidates="500" cleared="0" enqueued="0" dynamicThreshold="19" maxThreshold="32" />
  <references type="weak" candidates="118" cleared="118" enqueued="0" />
</gc-op>
<gc-end id="2893" type="scavenge" contextid="2889" durationms="113.074" usertimems="833.540" systemtimems="9.514" timestamp="2020-09-12T18:49:20.078" activeThreads="8">
  <mem-info id="2894" free="1575025232" total="2911895552" percent="54">
    <mem type="nursery" free="684792720" total="939524096" percent="72">
      <mem type="allocate" free="684792720" total="800063488" percent="85" />
      <mem type="survivor" free="0" total="139460608" percent="0" />
    </mem>
    <mem type="tenure" free="890232512" total="1972371456" percent="45" macro-fragmented="0">
      <mem type="soa" free="771889856" total="1854028800" percent="41" />
      <mem type="loa" free="118342656" total="118342656" percent="100" />
    </mem>
    <remembered-set count="32063" />
  </mem-info>
</gc-end>
<cycle-end id="2895" type="scavenge" contextid="2889" timestamp="2020-09-12T18:49:20.080" />
<allocation-satisfied id="2896" threadId="00000000008AF400" bytesRequested="120" />
<af-end id="2897" timestamp="2020-09-12T18:49:20.080" threadId="00000000008AFD80" success="true" from="nursery"/>
<exclusive-end id="2898" timestamp="2020-09-12T18:49:20.080" durationms="116.532" />

<exclusive-start id="2899" timestamp="2020-09-12T18:49:22.077" intervalms="2112.958">
  <response-info timems="0.447" idlems="0.447" threads="0" lastid="0000000000781D00" lastname="Group1.Backend.CompositeBackend{Tier1}.1" />
</exclusive-start>
<af-start id="2900" threadId="0000000000782680" totalBytesRequested="262152" timestamp="2020-09-12T18:49:22.078" intervalms="2112.946" type="nursery" />
<cycle-start id="2901" type="scavenge" contextid="0" timestamp="2020-09-12T18:49:22.078" intervalms="2112.906" />
<gc-start id="2902" type="scavenge" contextid="2901" timestamp="2020-09-12T18:49:22.078">
  <mem-info id="2903" free="890491520" total="2911895552" percent="30">
    <mem type="nursery" free="259008" total="939524096" percent="0">
      <mem type="allocate" free="259008" total="800063488" percent="0" />
      <mem type="survivor" free="0" total="139460608" percent="0" />
    </mem>
    <mem type="tenure" free="890232512" total="1972371456" percent="45">
      <mem type="soa" free="771889856" total="1854028800" percent="41" />
      <mem type="loa" free="118342656" total="118342656" percent="100" />
    </mem>
    <remembered-set count="196061" />
  </mem-info>
</gc-start>
<allocation-stats totalBytes="684195312" >
  <allocated-bytes non-tlh="29878224" tlh="654317088" />
  <largest-consumer threadName="Group1.Backend.CompositeBackend{Tier1}.5" threadId="0000000000873800" bytes="117911368" />
</allocation-stats>
<gc-op id="2904" type="scavenge" timems="110.669" contextid="2901" timestamp="2020-09-12T18:49:22.189">
  <scavenger-info tenureage="3" tenuremask="7ff8" tiltratio="85" />
  <memory-copied type="nursery" objects="4369285" bytes="115705944" bytesdiscarded="243752" />
  <memory-copied type="tenure" objects="1088104" bytes="29249136" bytesdiscarded="36296" />
  <ownableSynchronizers candidates="3982" cleared="3455" />
  <references type="soft" candidates="508" cleared="0" enqueued="0" dynamicThreshold="19" maxThreshold="32" />
  <references type="weak" candidates="112" cleared="112" enqueued="0" />
</gc-op>
<gc-end id="2905" type="scavenge" contextid="2901" durationms="111.592" usertimems="819.479" systemtimems="0.000" timestamp="2020-09-12T18:49:22.189" activeThreads="8">
  <mem-info id="2906" free="1546687128" total="2911895552" percent="53">
    <mem type="nursery" free="685795824" total="939524096" percent="72">
      <mem type="allocate" free="685795824" total="801832960" percent="85" />
      <mem type="survivor" free="0" total="137691136" percent="0" />
    </mem>
    <mem type="tenure" free="860891304" total="1972371456" percent="43" macro-fragmented="0">
      <mem type="soa" free="742548648" total="1854028800" percent="40" />
      <mem type="loa" free="118342656" total="118342656" percent="100" />
    </mem>
    <remembered-set count="31995" />
  </mem-info>
</gc-end>
<cycle-end id="2907" type="scavenge" contextid="2901" timestamp="2020-09-12T18:49:22.191" />
<allocation-satisfied id="2908" threadId="0000000000781D00" bytesRequested="262152" />
<af-end id="2909" timestamp="2020-09-12T18:49:22.191" threadId="0000000000782680" success="true" from="nursery"/>
<exclusive-end id="2910" timestamp="2020-09-12T18:49:22.191" durationms="114.112" />

<exclusive-start id="2911" timestamp="2020-09-12T18:49:24.195" intervalms="2118.267">
  <response-info timems="0.554" idlems="0.370" threads="2" lastid="0000000000847B00" lastname="Group1.Backend.CompositeBackend{Tier1}.3" />
</exclusive-start>
<af-start id="2912" threadId="0000000000782680" totalBytesRequested="520" timestamp="2020-09-12T18:49:24.196" intervalms="2118.272" type="nursery" />
<cycle-start id="2913" type="scavenge" contextid="0" timestamp="2020-09-12T18:49:24.196" intervalms="2118.277" />
<gc-start id="2914" type="scavenge" contextid="2913" timestamp="2020-09-12T18:49:24.196">
  <mem-info id="2915" free="860891304" total="2911895552" percent="29">
    <mem type="nursery" free="0" total="939524096" percent="0">
      <mem type="allocate" free="0" total="801832960" percent="0" />
      <mem type="survivor" free="0" total="137691136" percent="0" />
    </mem>
    <mem type="tenure" free="860891304" total="1972371456" percent="43">
      <mem type="soa" free="742548648" total="1854028800" percent="40" />
      <mem type="loa" free="118342656" total="118342656" percent="100" />
    </mem>
    <remembered-set count="194511" />
  </mem-info>
</gc-start>
<allocation-stats totalBytes="685465352" >
  <allocated-bytes non-tlh="33731584" tlh="651733768" />
  <largest-consumer threadName="Group1.Backend.CompositeBackend{Tier1}.4" threadId="000000000082C800" bytes="106435000" />
</allocation-stats>
<gc-op id="2916" type="scavenge" timems="111.820" contextid="2913" timestamp="2020-09-12T18:49:24.308">
  <scavenger-info tenureage="3" tenuremask="7ff8" tiltratio="85" />
  <memory-copied type="nursery" objects="4252556" bytes="113333032" bytesdiscarded="200304" />
  <memory-copied type="tenure" objects="1124558" bytes="30228144" bytesdiscarded="48544" />
  <ownableSynchronizers candidates="5862" cleared="5279" />
  <references type="soft" candidates="544" cleared="0" enqueued="0" dynamicThreshold="19" maxThreshold="32" />
  <references type="weak" candidates="112" cleared="112" enqueued="0" />
</gc-op>
<gc-end id="2917" type="scavenge" contextid="2913" durationms="112.686" usertimems="855.395" systemtimems="0.066" timestamp="2020-09-12T18:49:24.309" activeThreads="8">
  <mem-info id="2918" free="1520737984" total="2911895552" percent="52">
    <mem type="nursery" free="689848600" total="939524096" percent="73">
      <mem type="allocate" free="689848600" total="803471360" percent="85" />
      <mem type="survivor" free="0" total="136052736" percent="0" />
    </mem>
    <mem type="tenure" free="830889384" total="1972371456" percent="42" macro-fragmented="0">
      <mem type="soa" free="712546728" total="1854028800" percent="38" />
      <mem type="loa" free="118342656" total="118342656" percent="100" />
    </mem>
    <remembered-set count="31592" />
  </mem-info>
</gc-end>
<cycle-end id="2919" type="scavenge" contextid="2913" timestamp="2020-09-12T18:49:24.310" />
<allocation-satisfied id="2920" threadId="0000000000781D00" bytesRequested="520" />
<af-end id="2921" timestamp="2020-09-12T18:49:24.310" threadId="0000000000782680" success="true" from="nursery"/>
<exclusive-end id="2922" timestamp="2020-09-12T18:49:24.310" durationms="115.069" />

<exclusive-start id="2923" timestamp="2020-09-12T18:49:26.355" intervalms="2159.727">
  <response-info timems="1.974" idlems="1.974" threads="0" lastid="00000000007F7500" lastname="Group1.Backend.CompositeBackend{Tier1}.2" />
</exclusive-start>
<af-start id="2924" threadId="00000000007F7E80" totalBytesRequested="24" timestamp="2020-09-12T18:49:26.356" intervalms="2159.710" type="nursery" />
<cycle-start id="2925" type="scavenge" contextid="0" timestamp="2020-09-12T18:49:26.356" intervalms="2159.701" />
<gc-start id="2926" type="scavenge" contextid="2925" timestamp="2020-09-12T18:49:26.356">
  <mem-info id="2927" free="830889384" total="2911895552" percent="28">
    <mem type="nursery" free="0" total="939524096" percent="0">
      <mem type="allocate" free="0" total="803471360" percent="0" />
      <mem type="survivor" free="0" total="136052736" percent="0" />
    </mem>
    <mem type="tenure" free="830889384" total="1972371456" percent="42">
      <mem type="soa" free="712546728" total="1854028800" percent="38" />
      <mem type="loa" free="118342656" total="118342656" percent="100" />
    </mem>
    <remembered-set count="196763" />
  </mem-info>
</gc-start>
<allocation-stats totalBytes="689537400" >
  <allocated-bytes non-tlh="29110304" tlh="660427096" />
  <largest-consumer threadName="Group1.Backend.CompositeBackend{Tier1}.4" threadId="000000000082C800" bytes="111382864" />
</allocation-stats>
<gc-op id="2928" type="scavenge" timems="108.018" contextid="2925" timestamp="2020-09-12T18:49:26.464">
  <scavenger-info tenureage="3" tenuremask="7ff8" tiltratio="85" />
  <memory-copied type="nursery" objects="4248680" bytes="113456400" bytesdiscarded="249560" />
  <memory-copied type="tenure" objects="1049569" bytes="28211728" bytesdiscarded="41936" />
  <ownableSynchronizers candidates="3886" cleared="3318" />
  <references type="soft" candidates="562" cleared="0" enqueued="0" dynamicThreshold="19" maxThreshold="32" />
  <references type="weak" candidates="111" cleared="111" enqueued="0" />
</gc-op>
<gc-end id="2929" type="scavenge" contextid="2925" durationms="109.026" usertimems="805.801" systemtimems="6.782" timestamp="2020-09-12T18:49:26.465" activeThreads="8">
  <mem-info id="2930" free="1494144032" total="2911895552" percent="51">
    <mem type="nursery" free="691451888" total="939524096" percent="73">
      <mem type="allocate" free="691451888" total="805240832" percent="85" />
      <mem type="survivor" free="0" total="134283264" percent="0" />
    </mem>
    <mem type="tenure" free="802692144" total="1972371456" percent="40" macro-fragmented="0">
      <mem type="soa" free="684349488" total="1854028800" percent="36" />
      <mem type="loa" free="118342656" total="118342656" percent="100" />
    </mem>
    <remembered-set count="31478" />
  </mem-info>
</gc-end>
<cycle-end id="2931" type="scavenge" contextid="2925" timestamp="2020-09-12T18:49:26.466" />
<allocation-satisfied id="2932" threadId="00000000007F7500" bytesRequested="24" />
<af-end id="2933" timestamp="2020-09-12T18:49:26.466" threadId="00000000007F7E80" success="true" from="nursery"/>
<exclusive-end id="2934" timestamp="2020-09-12T18:49:26.466" durationms="111.567" />

<exclusive-start id="2935" timestamp="2020-09-12T18:49:28.341" intervalms="1986.297">
  <response-info timems="0.514" idlems="0.371" threads="1" lastid="00000000007F7500" lastname="Group1.Backend.CompositeBackend{Tier1}.2" />
</exclusive-start>
<af-start id="2936" threadId="00000000008D5780" totalBytesRequested="16" timestamp="2020-09-12T18:49:28.342" intervalms="1986.324" type="nursery" />
<cycle-start id="2937" type="scavenge" contextid="0" timestamp="2020-09-12T18:49:28.342" intervalms="1986.363" />
<gc-start id="2938" type="scavenge" contextid="2937" timestamp="2020-09-12T18:49:28.342">
  <mem-info id="2939" free="802692144" total="2911895552" percent="27">
    <mem type="nursery" free="0" total="939524096" percent="0">
      <mem type="allocate" free="0" total="805240832" percent="0" />
      <mem type="survivor" free="0" total="134283264" percent="0" />
    </mem>
    <mem type="tenure" free="802692144" total="1972371456" percent="40">
      <mem type="soa" free="684349488" total="1854028800" percent="36" />
      <mem type="loa" free="118342656" total="118342656" percent="100" />
    </mem>
    <remembered-set count="190562" />
  </mem-info>
</gc-start>
<allocation-stats totalBytes="691136352" >
  <allocated-bytes non-tlh="39893944" tlh="651242408" />
  <largest-consumer threadName="Group1.Backend.CompositeBackend{Tier1}.4" threadId="000000000082C800" bytes="101956576" />
</allocation-stats>
<gc-op id="2940" type="scavenge" timems="112.619" contextid="2937" timestamp="2020-09-12T18:49:28.455">
  <scavenger-info tenureage="3" tenuremask="7ff8" tiltratio="85" />
  <memory-copied type="nursery" objects="4037743" bytes="108422264" bytesdiscarded="366640" />
  <memory-copied type="tenure" objects="1114314" bytes="29952120" bytesdiscarded="46272" />
  <ownableSynchronizers candidates="4649" cleared="4064" />
  <references type="soft" candidates="573" cleared="0" enqueued="0" dynamicThreshold="19" maxThreshold="32" />
  <references type="weak" candidates="113" cleared="113" enqueued="0" />
</gc-op>
<gc-end id="2941" type="scavenge" contextid="2937" durationms="113.850" usertimems="757.140" systemtimems="0.760" timestamp="2020-09-12T18:49:28.456" activeThreads="8">
  <mem-info id="2942" free="1470392632" total="2911895552" percent="50">
    <mem type="nursery" free="697813248" total="939524096" percent="74">
      <mem type="allocate" free="697813248" total="806682624" percent="86" />
      <mem type="survivor" free="0" total="132841472" percent="0" />
    </mem>
    <mem type="tenure" free="772579384" total="1972371456" percent="39" macro-fragmented="0">
      <mem type="soa" free="654236728" total="1854028800" percent="35" />
      <mem type="loa" free="118342656" total="118342656" percent="100" />
    </mem>
    <remembered-set count="30253" />
  </mem-info>
</gc-end>
<cycle-end id="2943" type="scavenge" contextid="2937" timestamp="2020-09-12T18:49:28.458" />
<allocation-satisfied id="2944" threadId="00000000008D4E00" bytesRequested="16" />
<af-end id="2945" timestamp="2020-09-12T18:49:28.458" threadId="00000000008D5780" success="true" from="nursery"/>
<exclusive-end id="2946" timestamp="2020-09-12T18:49:28.458" durationms="117.093" />

<exclusive-start id="2947" timestamp="2020-09-12T18:49:30.466" intervalms="2124.858">
  <response-info timems="0.899" idlems="0.899" threads="0" lastid="00000000008AF400" lastname="Group1.Backend.CompositeBackend{Tier1}.8" />
</exclusive-start>
<af-start id="2948" threadId="00000000008AFD80" totalBytesRequested="664" timestamp="2020-09-12T18:49:30.467" intervalms="2124.919" type="nursery" />
<cycle-start id="2949" type="scavenge" contextid="0" timestamp="2020-09-12T18:49:30.467" intervalms="2124.915" />
<gc-start id="2950" type="scavenge" contextid="2949" timestamp="2020-09-12T18:49:30.467">
  <mem-info id="2951" free="772579384" total="2911895552" percent="26">
    <mem type="nursery" free="0" total="939524096" percent="0">
      <mem type="allocate" free="0" total="806682624" percent="0" />
      <mem type="survivor" free="0" total="132841472" percent="0" />
    </mem>
    <mem type="tenure" free="772579384" total="1972371456" percent="39">
      <mem type="soa" free="654236728" total="1854028800" percent="35" />
      <mem type="loa" free="118342656" total="118342656" percent="100" />
    </mem>
    <remembered-set count="195544" />
  </mem-info>
</gc-start>
<allocation-stats totalBytes="697473928" >
  <allocated-bytes non-tlh="28425656" tlh="669048272" />
  <largest-consumer threadName="Group1.Backend.CompositeBackend{Tier1}.6" threadId="00000000008A0000" bytes="91467568" />
</allocation-stats>
<gc-op id="2952" type="scavenge" timems="119.299" contextid="2949" timestamp="2020-09-12T18:49:30.587">
  <scavenger-info tenureage="3" tenuremask="7ff8" tiltratio="85" />
  <memory-copied type="nursery" objects="4090450" bytes="109834600" bytesdiscarded="172120" />
  <memory-copied type="tenure" objects="1091437" bytes="29341304" bytesdiscarded="46336" />
  <ownableSynchronizers candidates="4515" cleared="3923" />
  <references type="soft" candidates="541" cleared="0" enqueued="0" dynamicThreshold="19" maxThreshold="32" />
  <references type="weak" candidates="123" cleared="123" enqueued="0" />
</gc-op>
<gc-end id="2953" type="scavenge" contextid="2949" durationms="120.164" usertimems="868.372" systemtimems="19.131" timestamp="2020-09-12T18:49:30.587" activeThreads="8">
  <mem-info id="2954" free="1441383344" total="2911895552" percent="49">
    <mem type="nursery" free="698225920" total="939524096" percent="74">
      <mem type="allocate" free="698225920" total="808321024" percent="86" />
      <mem type="survivor" free="0" total="131203072" percent="0" />
    </mem>
    <mem type="tenure" free="743157424" total="1972371456" percent="37" macro-fragmented="0">
      <mem type="soa" free="624814768" total="1854028800" percent="33" />
      <mem type="loa" free="118342656" total="118342656" percent="100" />
    </mem>
    <remembered-set count="29665" />
  </mem-info>
</gc-end>
<cycle-end id="2955" type="scavenge" contextid="2949" timestamp="2020-09-12T18:49:30.589" />
<allocation-satisfied id="2956" threadId="00000000008AF400" bytesRequested="664" />
<af-end id="2957" timestamp="2020-09-12T18:49:30.589" threadId="00000000008AFD80" success="true" from="nursery"/>
<exclusive-end id="2958" timestamp="2020-09-12T18:49:30.589" durationms="123.055" />

<exclusive-start id="2959" timestamp="2020-09-12T18:49:32.693" intervalms="2227.163">
  <response-info timems="1.951" idlems="1.951" threads="0" lastid="0000000000873800" lastname="Group1.Backend.CompositeBackend{Tier1}.5" />
</exclusive-start>
<af-start id="2960" threadId="0000000000874180" totalBytesRequested="32" timestamp="2020-09-12T18:49:32.694" intervalms="2227.120" type="nursery" />
<cycle-start id="2961" type="scavenge" contextid="0" timestamp="2020-09-12T18:49:32.694" intervalms="2227.083" />
<gc-start id="2962" type="scavenge" contextid="2961" timestamp="2020-09-12T18:49:32.694">
  <mem-info id="2963" free="743157424" total="2911895552" percent="25">
    <mem type="nursery" free="0" total="939524096" percent="0">
      <mem type="allocate" free="0" total="808321024" percent="0" />
      <mem type="survivor" free="0" total="131203072" percent="0" />
    </mem>
    <mem type="tenure" free="743157424" total="1972371456" percent="37">
      <mem type="soa" free="624814768" total="1854028800" percent="33" />
      <mem type="loa" free="118342656" total="118342656" percent="100" />
    </mem>
    <remembered-set count="196392" />
  </mem-info>
</gc-start>
<allocation-stats totalBytes="697870464" >
  <allocated-bytes non-tlh="30987624" tlh="666882840" />
  <largest-consumer threadName="Group1.Backend.CompositeBackend{Tier1}.5" threadId="0000000000873800" bytes="102437984" />
</allocation-stats>
<gc-op id="2964" type="scavenge" timems="108.855" contextid="2961" timestamp="2020-09-12T18:49:32.803">
  <scavenger-info tenureage="3" tenuremask="7ff8" tiltratio="86" />
  <memory-copied type="nursery" objects="4135252" bytes="110927088" bytesdiscarded="186776" />
  <memory-copied type="tenure" objects="1094079" bytes="29413288" bytesdiscarded="52824" />
  <ownableSynchronizers candidates="5506" cleared="4937" />
  <references type="soft" candidates="572" cleared="0" enqueued="0" dynamicThreshold="19" maxThreshold="32" />
  <references type="weak" candidates="108" cleared="108" enqueued="0" />
</gc-op>
<gc-end id="2965" type="scavenge" contextid="2961" durationms="109.723" usertimems="823.833" systemtimems="3.059" timestamp="2020-09-12T18:49:32.804" activeThreads="8">
  <mem-info id="2966" free="1411741272" total="2911895552" percent="48">
    <mem type="nursery" free="698228736" total="939524096" percent="74">
      <mem type="allocate" free="698228736" total="809435136" percent="86" />
      <mem type="survivor" free="0" total="130088960" percent="0" />
    </mem>
    <mem type="tenure" free="713512536" total="1972371456" percent="36" macro-fragmented="0">
      <mem type="soa" free="595169880" total="1854028800" percent="32" />
      <mem type="loa" free="118342656" total="118342656" percent="100" />
    </mem>
    <remembered-set count="30423" />
  </mem-info>
</gc-end>
<cycle-end id="2967" type="scavenge" contextid="2961" timestamp="2020-09-12T18:49:32.806" />
<allocation-satisfied id="2968" threadId="0000000000873800" bytesRequested="32" />
<af-end id="2969" timestamp="2020-09-12T18:49:32.806" threadId="0000000000874180" success="true" from="nursery"/>
<exclusive-end id="2970" timestamp="2020-09-12T18:49:32.806" durationms="112.898" />

<exclusive-start id="2971" timestamp="2020-09-12T18:49:34.700" intervalms="2006.360">
  <response-info timems="0.529" idlems="0.529" threads="0" lastid="00000000007F7500" lastname="Group1.Backend.CompositeBackend{Tier1}.2" />
</exclusive-start>
<af-start id="2972" threadId="00000000007F7E80" totalBytesRequested="96" timestamp="2020-09-12T18:49:34.701" intervalms="2006.648" type="nursery" />
<cycle-start id="2973" type="scavenge" contextid="0" timestamp="2020-09-12T18:49:34.701" intervalms="2006.700" />
<gc-start id="2974" type="scavenge" contextid="2973" timestamp="2020-09-12T18:49:34.701">
  <mem-info id="2975" free="713512536" total="2911895552" percent="24">
    <mem type="nursery" free="0" total="939524096" percent="0">
      <mem type="allocate" free="0" total="809435136" percent="0" />
      <mem type="survivor" free="0" total="130088960" percent="0" />
    </mem>
    <mem type="tenure" free="713512536" total="1972371456" percent="36">
      <mem type="soa" free="595169880" total="1854028800" percent="32" />
      <mem type="loa" free="118342656" total="118342656" percent="100" />
    </mem>
    <remembered-set count="191635" />
  </mem-info>
</gc-start>
<allocation-stats totalBytes="697917568" >
  <allocated-bytes non-tlh="36323744" tlh="661593824" />
  <largest-consumer threadName="Group1.Backend.CompositeBackend{Tier1}.8" threadId="00000000008AF400" bytes="127154080" />
</allocation-stats>
<gc-op id="2976" type="scavenge" timems="129.208" contextid="2973" timestamp="2020-09-12T18:49:34.830">
  <scavenger-info tenureage="3" tenuremask="7ff8" tiltratio="86" />
  <memory-copied type="nursery" objects="4216082" bytes="113039680" bytesdiscarded="154400" />
  <memory-copied type="tenure" objects="1047872" bytes="28177392" bytesdiscarded="45136" />
  <ownableSynchronizers candidates="4293" cleared="3719" />
  <references type="soft" candidates="524" cleared="0" enqueued="0" dynamicThreshold="19" maxThreshold="32" />
  <references type="weak" candidates="103" cleared="102" enqueued="0" />
</gc-op>
<gc-end id="2977" type="scavenge" contextid="2973" durationms="130.175" usertimems="923.646" systemtimems="12.184" timestamp="2020-09-12T18:49:34.831" activeThreads="8">
  <mem-info id="2978" free="1382666616" total="2911895552" percent="47">
    <mem type="nursery" free="697008376" total="939524096" percent="74">
      <mem type="allocate" free="697008376" total="810287104" percent="86" />
      <mem type="survivor" free="0" total="129236992" percent="0" />
    </mem>
    <mem type="tenure" free="685658240" total="1972371456" percent="34" macro-fragmented="0">
      <mem type="soa" free="567315584" total="1854028800" percent="30" />
      <mem type="loa" free="118342656" total="118342656" percent="100" />
    </mem>
    <remembered-set count="30880" />
  </mem-info>
</gc-end>
<cycle-end id="2979" type="scavenge" contextid="2973" timestamp="2020-09-12T18:49:34.833" />
<allocation-satisfied id="2980" threadId="00000000007F7500" bytesRequested="96" />
<af-end id="2981" timestamp="2020-09-12T18:49:34.833" threadId="00000000007F7E80" success="true" from="nursery"/>
<exclusive-end id="2982" timestamp="2020-09-12T18:49:34.833" durationms="133.152" />

<exclusive-start id="2983" timestamp="2020-09-12T18:49:36.831" intervalms="2131.399">
  <response-info timems="2.119" idlems="2.119" threads="0" lastid="0000000000A80100" lastname="Group1.Backend.CompositeBackend{Tier3}.3" />
</exclusive-start>
<af-start id="2984" threadId="0000000000A80A80" totalBytesRequested="536" timestamp="2020-09-12T18:49:36.832" intervalms="2131.078" type="nursery" />
<cycle-start id="2985" type="scavenge" contextid="0" timestamp="2020-09-12T18:49:36.832" intervalms="2131.031" />
<gc-start id="2986" type="scavenge" contextid="2985" timestamp="2020-09-12T18:49:36.832">
  <mem-info id="2987" free="685658240" total="2911895552" percent="23">
    <mem type="nursery" free="0" total="939524096" percent="0">
      <mem type="allocate" free="0" total="810287104" percent="0" />
      <mem type="survivor" free="0" total="129236992" percent="0" />
    </mem>
    <mem type="tenure" free="685658240" total="1972371456" percent="34">
      <mem type="soa" free="567315584" total="1854028800" percent="30" />
      <mem type="loa" free="118342656" total="118342656" percent="100" />
    </mem>
    <remembered-set count="194314" />
  </mem-info>
</gc-start>
<allocation-stats totalBytes="696688176" >
  <allocated-bytes non-tlh="35840616" tlh="660847560" />
  <largest-consumer threadName="Group1.Backend.CompositeBackend{Tier1}.6" threadId="00000000008A0000" bytes="96139944" />
</allocation-stats>
<gc-op id="2988" type="scavenge" timems="127.967" contextid="2985" timestamp="2020-09-12T18:49:36.960">
  <scavenger-info tenureage="3" tenuremask="7ff8" tiltratio="86" />
  <memory-copied type="nursery" objects="4140042" bytes="111046336" bytesdiscarded="223416" />
  <memory-copied type="tenure" objects="1109627" bytes="29849416" bytesdiscarded="67320" />
  <ownableSynchronizers candidates="4278" cleared="3721" />
  <references type="soft" candidates="508" cleared="0" enqueued="0" dynamicThreshold="19" maxThreshold="32" />
  <references type="weak" candidates="127" cleared="127" enqueued="0" />
</gc-op>
<gc-end id="2989" type="scavenge" contextid="2985" durationms="128.898" usertimems="887.226" systemtimems="21.783" timestamp="2020-09-12T18:49:36.961" activeThreads="8">
  <mem-info id="2990" free="1355100264" total="2911895552" percent="46">
    <mem type="nursery" free="699460608" total="939524096" percent="74">
      <mem type="allocate" free="699460608" total="810811392" percent="86" />
      <mem type="survivor" free="0" total="128712704" percent="0" />
    </mem>
    <mem type="tenure" free="655639656" total="1972371456" percent="33" macro-fragmented="0">
      <mem type="soa" free="537297000" total="1854028800" percent="28" />
      <mem type="loa" free="118342656" total="118342656" percent="100" />
    </mem>
    <remembered-set count="30951" />
  </mem-info>
</gc-end>
<cycle-end id="2991" type="scavenge" contextid="2985" timestamp="2020-09-12T18:49:36.962" />
<allocation-satisfied id="2992" threadId="0000000000A80100" bytesRequested="536" />
<af-end id="2993" timestamp="2020-09-12T18:49:36.962" threadId="0000000000A80A80" success="true" from="nursery"/>
<exclusive-end id="2994" timestamp="2020-09-12T18:49:36.962" durationms="131.292" />

<exclusive-start id="2995" timestamp="2020-09-12T18:49:39.011" intervalms="2180.436">
  <response-info timems="2.951" idlems="2.951" threads="0" lastid="00000000007F7500" lastname="Group1.Backend.CompositeBackend{Tier1}.2" />
</exclusive-start>
<af-start id="2996" threadId="00000000007F7E80" totalBytesRequested="16" timestamp="2020-09-12T18:49:39.012" intervalms="2180.476" type="nursery" />
<cycle-start id="2997" type="scavenge" contextid="0" timestamp="2020-09-12T18:49:39.012" intervalms="2180.477" />
<gc-start id="2998" type="scavenge" contextid="2997" timestamp="2020-09-12T18:49:39.013">
  <mem-info id="2999" free="655639656" total="2911895552" percent="22">
    <mem type="nursery" free="0" total="939524096" percent="0">
      <mem type="allocate" free="0" total="810811392" percent="0" />
      <mem type="survivor" free="0" total="128712704" percent="0" />
    </mem>
    <mem type="tenure" free="655639656" total="1972371456" percent="33">
      <mem type="soa" free="537297000" total="1854028800" percent="28" />
      <mem type="loa" free="118342656" total="118342656" percent="100" />
    </mem>
    <remembered-set count="198254" />
  </mem-info>
</gc-start>
<allocation-stats totalBytes="699127448" >
  <allocated-bytes non-tlh="27487400" tlh="671640048" />
  <largest-consumer threadName="Group1.Backend.CompositeBackend{Tier1}.2" threadId="00000000007F7500" bytes="112147112" />
</allocation-stats>
<gc-op id="3000" type="scavenge" timems="193.629" contextid="2997" timestamp="2020-09-12T18:49:39.206">
  <scavenger-info tenureage="3" tenuremask="7ff8" tiltratio="86" />
  <memory-copied type="nursery" objects="4872669" bytes="128292264" bytesdiscarded="188256" />
  <memory-copied type="tenure" objects="1154886" bytes="31029992" bytesdiscarded="66624" />
  <ownableSynchronizers candidates="4410" cleared="3856" />
  <references type="soft" candidates="478" cleared="0" enqueued="0" dynamicThreshold="19" maxThreshold="32" />
  <references type="weak" candidates="113" cleared="113" enqueued="0" />
</gc-op>
<gc-end id="3001" type="scavenge" contextid="2997" durationms="194.720" usertimems="1377.068" systemtimems="33.335" timestamp="2020-09-12T18:49:39.207" activeThreads="8">
  <mem-info id="3002" free="1279241536" total="2911895552" percent="43">
    <mem type="nursery" free="654783352" total="939524096" percent="69">
      <mem type="allocate" free="654783352" total="783351808" percent="83" />
      <mem type="survivor" free="0" total="156172288" percent="0" />
    </mem>
    <mem type="tenure" free="624458184" total="1972371456" percent="31" macro-fragmented="0">
      <mem type="soa" free="506115528" total="1854028800" percent="27" />
      <mem type="loa" free="118342656" total="118342656" percent="100" />
    </mem>
    <remembered-set count="31621" />
  </mem-info>
</gc-end>
<cycle-end id="3003" type="scavenge" contextid="2997" timestamp="2020-09-12T18:49:39.209" />
<allocation-satisfied id="3004" threadId="00000000007F7500" bytesRequested="16" />
<af-end id="3005" timestamp="2020-09-12T18:49:39.209" threadId="00000000007F7E80" success="true" from="nursery"/>
<exclusive-end id="3006" timestamp="2020-09-12T18:49:39.209" durationms="197.606" />

<exclusive-start id="3007" timestamp="2020-09-12T18:49:41.026" intervalms="2015.062">
  <response-info timems="0.596" idlems="0.596" threads="0" lastid="000000000082C800" lastname="Group1.Backend.CompositeBackend{Tier1}.4" />
</exclusive-start>
<af-start id="3008" threadId="000000000082D180" totalBytesRequested="24" timestamp="2020-09-12T18:49:41.027" intervalms="2015.020" type="nursery" />
<cycle-start id="3009" type="scavenge" contextid="0" timestamp="2020-09-12T18:49:41.027" intervalms="2015.020" />
<gc-start id="3010" type="scavenge" contextid="3009" timestamp="2020-09-12T18:49:41.028">
  <mem-info id="3011" free="624458184" total="2911895552" percent="21">
    <mem type="nursery" free="0" total="939524096" percent="0">
      <mem type="allocate" free="0" total="783351808" percent="0" />
      <mem type="survivor" free="0" total="156172288" percent="0" />
    </mem>
    <mem type="tenure" free="624458184" total="1972371456" percent="31">
      <mem type="soa" free="506115528" total="1854028800" percent="27" />
      <mem type="loa" free="118342656" total="118342656" percent="100" />
    </mem>
    <remembered-set count="191994" />
  </mem-info>
</gc-start>
<allocation-stats totalBytes="654459616" >
  <allocated-bytes non-tlh="32350832" tlh="622108784" />
  <largest-consumer threadName="Group1.Backend.CompositeBackend{Tier1}.3" threadId="0000000000847B00" bytes="90886680" />
</allocation-stats>
<gc-op id="3012" type="scavenge" timems="148.811" contextid="3009" timestamp="2020-09-12T18:49:41.176">
  <scavenger-info tenureage="3" tenuremask="7ff8" tiltratio="83" />
  <memory-copied type="nursery" objects="4111891" bytes="110233560" bytesdiscarded="186424" />
  <memory-copied type="tenure" objects="1064612" bytes="28652560" bytesdiscarded="54352" />
  <ownableSynchronizers candidates="4025" cleared="3518" />
  <references type="soft" candidates="485" cleared="0" enqueued="0" dynamicThreshold="19" maxThreshold="32" />
  <references type="weak" candidates="119" cleared="118" enqueued="0" />
</gc-op>
<gc-end id="3013" type="scavenge" contextid="3009" durationms="149.660" usertimems="1060.305" systemtimems="19.999" timestamp="2020-09-12T18:49:41.177" activeThreads="8">
  <mem-info id="3014" free="1271172576" total="2911895552" percent="43">
    <mem type="nursery" free="675340032" total="939524096" percent="71">
      <mem type="allocate" free="675340032" total="785842176" percent="85" />
      <mem type="survivor" free="0" total="153681920" percent="0" />
    </mem>
    <mem type="tenure" free="595832544" total="1972371456" percent="30" macro-fragmented="0">
      <mem type="soa" free="477489888" total="1854028800" percent="25" />
      <mem type="loa" free="118342656" total="118342656" percent="100" />
    </mem>
    <remembered-set count="32741" />
  </mem-info>
</gc-end>
<cycle-end id="3015" type="scavenge" contextid="3009" timestamp="2020-09-12T18:49:41.187" />
<allocation-satisfied id="3016" threadId="000000000082C800" bytesRequested="24" />
<af-end id="3017" timestamp="2020-09-12T18:49:41.187" threadId="000000000082D180" success="true" from="nursery"/>
<exclusive-end id="3018" timestamp="2020-09-12T18:49:41.187" durationms="160.747" />

<exclusive-start id="3019" timestamp="2020-09-12T18:49:42.990" intervalms="1963.354">
  <response-info timems="2.297" idlems="2.297" threads="0" lastid="0000000000847B00" lastname="Group1.Backend.CompositeBackend{Tier1}.3" />
</exclusive-start>
<af-start id="3020" threadId="0000000000848480" totalBytesRequested="16" timestamp="2020-09-12T18:49:42.991" intervalms="1963.619" type="nursery" />
<cycle-start id="3021" type="scavenge" contextid="0" timestamp="2020-09-12T18:49:42.991" intervalms="1963.624" />
<gc-start id="3022" type="scavenge" contextid="3021" timestamp="2020-09-12T18:49:42.991">
  <mem-info id="3023" free="595832544" total="2911895552" percent="20">
    <mem type="nursery" free="0" total="939524096" percent="0">
      <mem type="allocate" free="0" total="785842176" percent="0" />
      <mem type="survivor" free="0" total="153681920" percent="0" />
    </mem>
    <mem type="tenure" free="595832544" total="1972371456" percent="30">
      <mem type="soa" free="477489888" total="1854028800" percent="25" />
      <mem type="loa" free="118342656" total="118342656" percent="100" />
    </mem>
    <remembered-set count="192239" />
  </mem-info>
</gc-start>
<allocation-stats totalBytes="675012312" >
  <allocated-bytes non-tlh="35788688" tlh="639223624" />
  <largest-consumer threadName="Group1.Backend.CompositeBackend{Tier1}.3" threadId="0000000000847B00" bytes="98878896" />
</allocation-stats>
<gc-op id="3024" type="scavenge" timems="90.972" contextid="3021" timestamp="2020-09-12T18:49:43.082">
  <scavenger-info tenureage="3" tenuremask="7ff8" tiltratio="83" />
  <memory-copied type="nursery" objects="4065650" bytes="108965656" bytesdiscarded="210640" />
  <memory-copied type="tenure" objects="1112668" bytes="29914616" bytesdiscarded="69528" />
  <ownableSynchronizers candidates="4174" cleared="3657" />
  <references type="soft" candidates="492" cleared="0" enqueued="0" dynamicThreshold="19" maxThreshold="32" />
  <references type="weak" candidates="132" cleared="132" enqueued="0" />
</gc-op>
<gc-end id="3025" type="scavenge" contextid="3021" durationms="91.774" usertimems="697.055" systemtimems="2.529" timestamp="2020-09-12T18:49:43.083" activeThreads="8">
  <mem-info id="3026" free="1248548816" total="2911895552" percent="42">
    <mem type="nursery" free="682611968" total="939524096" percent="72">
      <mem type="allocate" free="682611968" total="791871488" percent="86" />
      <mem type="survivor" free="0" total="147652608" percent="0" />
    </mem>
    <mem type="tenure" free="565936848" total="1972371456" percent="28" macro-fragmented="0">
      <mem type="soa" free="447594192" total="1854028800" percent="24" />
      <mem type="loa" free="118342656" total="118342656" percent="100" />
    </mem>
    <remembered-set count="32025" />
  </mem-info>
</gc-end>
<cycle-end id="3027" type="scavenge" contextid="3021" timestamp="2020-09-12T18:49:43.091" />
<allocation-satisfied id="3028" threadId="0000000000847B00" bytesRequested="16" />
<af-end id="3029" timestamp="2020-09-12T18:49:43.091" threadId="0000000000848480" success="true" from="nursery"/>
<exclusive-end id="3030" timestamp="2020-09-12T18:49:43.091" durationms="101.567" />

<exclusive-start id="3031" timestamp="2020-09-12T18:49:45.113" intervalms="2123.333">
  <response-info timems="0.455" idlems="0.232" threads="1" lastid="0000000000781D00" lastname="Group1.Backend.CompositeBackend{Tier1}.1" />
</exclusive-start>
<af-start id="3032" threadId="00000000008A0980" totalBytesRequested="32" timestamp="2020-09-12T18:49:45.114" intervalms="2123.128" type="nursery" />
<cycle-start id="3033" type="scavenge" contextid="0" timestamp="2020-09-12T18:49:45.114" intervalms="2123.131" />
<gc-start id="3034" type="scavenge" contextid="3033" timestamp="2020-09-12T18:49:45.114">
  <mem-info id="3035" free="565936848" total="2911895552" percent="19">
    <mem type="nursery" free="0" total="939524096" percent="0">
      <mem type="allocate" free="0" total="791871488" percent="0" />
      <mem type="survivor" free="0" total="147652608" percent="0" />
    </mem>
    <mem type="tenure" free="565936848" total="1972371456" percent="28">
      <mem type="soa" free="447594192" total="1854028800" percent="24" />
      <mem type="loa" free="118342656" total="118342656" percent="100" />
    </mem>
    <remembered-set count="194584" />
  </mem-info>
</gc-start>
<allocation-stats totalBytes="682270352" >
  <allocated-bytes non-tlh="31577008" tlh="650693344" />
  <largest-consumer threadName="Group1.Backend.CompositeBackend{Tier1}.4" threadId="000000000082C800" bytes="92096784" />
</allocation-stats>
<gc-op id="3036" type="scavenge" timems="93.401" contextid="3033" timestamp="2020-09-12T18:49:45.208">
  <scavenger-info tenureage="3" tenuremask="7ff8" tiltratio="84" />
  <memory-copied type="nursery" objects="4049301" bytes="108655776" bytesdiscarded="192336" />
  <memory-copied type="tenure" objects="1145589" bytes="30779728" bytesdiscarded="64016" />
  <ownableSynchronizers candidates="4116" cleared="3591" />
  <references type="soft" candidates="500" cleared="0" enqueued="0" dynamicThreshold="19" maxThreshold="32" />
  <references type="weak" candidates="124" cleared="124" enqueued="0" />
</gc-op>
<gc-end id="3037" type="scavenge" contextid="3033" durationms="94.230" usertimems="726.367" systemtimems="0.000" timestamp="2020-09-12T18:49:45.208" activeThreads="8">
  <mem-info id="3038" free="1222918776" total="2911895552" percent="41">
    <mem type="nursery" free="688043936" total="939524096" percent="73">
      <mem type="allocate" free="688043936" total="796983296" percent="86" />
      <mem type="survivor" free="0" total="142540800" percent="0" />
    </mem>
    <mem type="tenure" free="534874840" total="1972371456" percent="27" macro-fragmented="0">
      <mem type="soa" free="416532184" total="1854028800" percent="22" />
      <mem type="loa" free="118342656" total="118342656" percent="100" />
    </mem>
    <remembered-set count="29059" />
  </mem-info>
</gc-end>
<cycle-end id="3039" type="scavenge" contextid="3033" timestamp="2020-09-12T18:49:45.210" />
<allocation-satisfied id="3040" threadId="00000000008A0000" bytesRequested="32" />
<af-end id="3041" timestamp="2020-09-12T18:49:45.210" threadId="00000000008A0980" success="true" from="nursery"/>
<exclusive-end id="3042" timestamp="2020-09-12T18:49:45.210" durationms="96.512" />

<exclusive-start id="3043" timestamp="2020-09-12T18:49:47.200" intervalms="2086.697">
  <response-info timems="0.728" idlems="0.728" threads="0" lastid="0000000000781D00" lastname="Group1.Backend.CompositeBackend{Tier1}.1" />
</exclusive-start>
<af-start id="3044" threadId="0000000000782680" totalBytesRequested="16" timestamp="2020-09-12T18:49:47.201" intervalms="2086.714" type="nursery" />
<cycle-start id="3045" type="scavenge" contextid="0" timestamp="2020-09-12T18:49:47.201" intervalms="2086.712" />
<gc-start id="3046" type="scavenge" contextid="3045" timestamp="2020-09-12T18:49:47.201">
  <mem-info id="3047" free="534874840" total="2911895552" percent="18">
    <mem type="nursery" free="0" total="939524096" percent="0">
      <mem type="allocate" free="0" total="796983296" percent="0" />
      <mem type="survivor" free="0" total="142540800" percent="0" />
    </mem>
    <mem type="tenure" free="534874840" total="1972371456" percent="27">
      <mem type="soa" free="416532184" total="1854028800" percent="22" />
      <mem type="loa" free="118342656" total="118342656" percent="100" />
    </mem>
    <remembered-set count="190284" />
  </mem-info>
</gc-start>
<allocation-stats totalBytes="687715096" >
  <allocated-bytes non-tlh="34794440" tlh="652920656" />
  <largest-consumer threadName="Group1.Backend.CompositeBackend{Tier1}.3" threadId="0000000000847B00" bytes="88078864" />
</allocation-stats>
<gc-op id="3048" type="scavenge" timems="90.609" contextid="3045" timestamp="2020-09-12T18:49:47.292">
  <scavenger-info tenureage="3" tenuremask="7ff8" tiltratio="84" />
  <memory-copied type="nursery" objects="3990020" bytes="107277120" bytesdiscarded="254024" />
  <memory-copied type="tenure" objects="1054713" bytes="28353456" bytesdiscarded="57472" />
  <ownableSynchronizers candidates="4235" cleared="3720" />
  <references type="soft" candidates="511" cleared="0" enqueued="0" dynamicThreshold="19" maxThreshold="32" />
  <references type="weak" candidates="111" cleared="111" enqueued="0" />
</gc-op>
<gc-end id="3049" type="scavenge" contextid="3045" durationms="91.660" usertimems="696.780" systemtimems="0.377" timestamp="2020-09-12T18:49:47.293" activeThreads="8">
  <mem-info id="3050" free="1200082944" total="2911895552" percent="41">
    <mem type="nursery" free="693560656" total="939524096" percent="73">
      <mem type="allocate" free="693560656" total="801177600" percent="86" />
      <mem type="survivor" free="0" total="138346496" percent="0" />
    </mem>
    <mem type="tenure" free="506522288" total="1972371456" percent="25" macro-fragmented="0">
      <mem type="soa" free="388179632" total="1854028800" percent="20" />
      <mem type="loa" free="118342656" total="118342656" percent="100" />
    </mem>
    <remembered-set count="28877" />
  </mem-info>
</gc-end>
<cycle-end id="3051" type="scavenge" contextid="3045" timestamp="2020-09-12T18:49:47.294" />
<allocation-satisfied id="3052" threadId="0000000000781D00" bytesRequested="16" />
<af-end id="3053" timestamp="2020-09-12T18:49:47.294" threadId="0000000000782680" success="true" from="nursery"/>
<exclusive-end id="3054" timestamp="2020-09-12T18:49:47.294" durationms="94.269" />

<exclusive-start id="3055" timestamp="2020-09-12T18:49:49.405" intervalms="2204.934">
  <response-info timems="0.662" idlems="0.503" threads="2" lastid="00000000008A0000" lastname="Group1.Backend.CompositeBackend{Tier1}.6" />
</exclusive-start>
<af-start id="3056" threadId="00000000007F7E80" totalBytesRequested="16" timestamp="2020-09-12T18:49:49.406" intervalms="2205.014" type="nursery" />
<cycle-start id="3057" type="scavenge" contextid="0" timestamp="2020-09-12T18:49:49.406" intervalms="2205.009" />
<gc-start id="3058" type="scavenge" contextid="3057" timestamp="2020-09-12T18:49:49.406">
  <mem-info id="3059" free="506522288" total="2911895552" percent="17">
    <mem type="nursery" free="0" total="939524096" percent="0">
      <mem type="allocate" free="0" total="801177600" percent="0" />
      <mem type="survivor" free="0" total="138346496" percent="0" />
    </mem>
    <mem type="tenure" free="506522288" total="1972371456" percent="25">
      <mem type="soa" free="388179632" total="1854028800" percent="20" />
      <mem type="loa" free="118342656" total="118342656" percent="100" />
    </mem>
    <remembered-set count="195696" />
  </mem-info>
</gc-start>
<allocation-stats totalBytes="693219152" >
  <allocated-bytes non-tlh="24890456" tlh="668328696" />
  <largest-consumer threadName="Group1.Backend.CompositeBackend{Tier1}.8" threadId="00000000008AF400" bytes="105087000" />
</allocation-stats>
<gc-op id="3060" type="scavenge" timems="92.641" contextid="3057" timestamp="2020-09-12T18:49:49.499">
  <scavenger-info tenureage="3" tenuremask="7ff8" tiltratio="85" />
  <memory-copied type="nursery" objects="4256218" bytes="114007792" bytesdiscarded="192752" />
  <memory-copied type="tenure" objects="1042499" bytes="28020720" bytesdiscarded="61616" />
  <ownableSynchronizers candidates="5215" cleared="4663" />
  <references type="soft" candidates="522" cleared="0" enqueued="0" dynamicThreshold="19" maxThreshold="32" />
  <references type="weak" candidates="108" cleared="106" enqueued="0" />
</gc-op>
<gc-end id="3061" type="scavenge" contextid="3057" durationms="93.411" usertimems="721.272" systemtimems="0.000" timestamp="2020-09-12T18:49:49.499" activeThreads="8">
  <mem-info id="3062" free="1166076072" total="2911895552" percent="40">
    <mem type="nursery" free="687478192" total="939524096" percent="73">
      <mem type="allocate" free="687478192" total="801767424" percent="85" />
      <mem type="survivor" free="0" total="137756672" percent="0" />
    </mem>
    <mem type="tenure" free="478597880" total="1972371456" percent="24" macro-fragmented="0">
      <mem type="soa" free="360255224" total="1854028800" percent="19" />
      <mem type="loa" free="118342656" total="118342656" percent="100" />
    </mem>
    <remembered-set count="29053" />
  </mem-info>
</gc-end>
<cycle-end id="3063" type="scavenge" contextid="3057" timestamp="2020-09-12T18:49:49.501" />
<allocation-satisfied id="3064" threadId="00000000007F7500" bytesRequested="16" />
<af-end id="3065" timestamp="2020-09-12T18:49:49.501" threadId="00000000007F7E80" success="true" from="nursery"/>
<exclusive-end id="3066" timestamp="2020-09-12T18:49:49.501" durationms="96.069" />

<exclusive-start id="3067" timestamp="2020-09-12T18:49:51.434" intervalms="2028.730">
  <response-info timems="0.326" idlems="0.096" threads="3" lastid="000000000082C800" lastname="Group1.Backend.CompositeBackend{Tier1}.4" />
</exclusive-start>
<af-start id="3068" threadId="0000000000874180" totalBytesRequested="664" timestamp="2020-09-12T18:49:51.434" intervalms="2028.574" type="nursery" />
<cycle-start id="3069" type="scavenge" contextid="0" timestamp="2020-09-12T18:49:51.434" intervalms="2028.581" />
<gc-start id="3070" type="scavenge" contextid="3069" timestamp="2020-09-12T18:49:51.435">
  <mem-info id="3071" free="478597880" total="2911895552" percent="16">
    <mem type="nursery" free="0" total="939524096" percent="0">
      <mem type="allocate" free="0" total="801767424" percent="0" />
      <mem type="survivor" free="0" total="137756672" percent="0" />
    </mem>
    <mem type="tenure" free="478597880" total="1972371456" percent="24">
      <mem type="soa" free="360255224" total="1854028800" percent="19" />
      <mem type="loa" free="118342656" total="118342656" percent="100" />
    </mem>
    <remembered-set count="191044" />
  </mem-info>
</gc-start>
<allocation-stats totalBytes="687164560" >
  <allocated-bytes non-tlh="35879048" tlh="651285512" />
  <largest-consumer threadName="Group1.Backend.CompositeBackend{Tier1}.7" threadId="00000000008AAD00" bytes="127467608" />
</allocation-stats>
<gc-op id="3072" type="scavenge" timems="124.136" contextid="3069" timestamp="2020-09-12T18:49:51.559">
  <scavenger-info tenureage="3" tenuremask="7ff8" tiltratio="85" />
  <memory-copied type="nursery" objects="4104217" bytes="110168032" bytesdiscarded="213152" />
  <memory-copied type="tenure" objects="1082401" bytes="29243872" bytesdiscarded="75536" />
  <ownableSynchronizers candidates="3420" cleared="2907" />
  <references type="soft" candidates="471" cleared="0" enqueued="0" dynamicThreshold="19" maxThreshold="32" />
  <references type="weak" candidates="128" cleared="128" enqueued="0" />
</gc-op>
<gc-end id="3073" type="scavenge" contextid="3069" durationms="125.087" usertimems="865.404" systemtimems="6.897" timestamp="2020-09-12T18:49:51.560" activeThreads="8">
  <mem-info id="3074" free="1142551952" total="2911895552" percent="39">
    <mem type="nursery" free="693335296" total="939524096" percent="73">
      <mem type="allocate" free="693335296" total="803799040" percent="86" />
      <mem type="survivor" free="0" total="135725056" percent="0" />
    </mem>
    <mem type="tenure" free="449216656" total="1972371456" percent="22" macro-fragmented="0">
      <mem type="soa" free="330874000" total="1854028800" percent="17" />
      <mem type="loa" free="118342656" total="118342656" percent="100" />
    </mem>
    <remembered-set count="29854" />
  </mem-info>
</gc-end>
<cycle-end id="3075" type="scavenge" contextid="3069" timestamp="2020-09-12T18:49:51.561" />
<allocation-satisfied id="3076" threadId="0000000000873800" bytesRequested="664" />
<af-end id="3077" timestamp="2020-09-12T18:49:51.561" threadId="0000000000874180" success="true" from="nursery"/>
<exclusive-end id="3078" timestamp="2020-09-12T18:49:51.561" durationms="127.656" />

<exclusive-start id="3079" timestamp="2020-09-12T18:49:53.519" intervalms="2085.849">
  <response-info timems="1.662" idlems="1.662" threads="0" lastid="000000000082C800" lastname="Group1.Backend.CompositeBackend{Tier1}.4" />
</exclusive-start>
<af-start id="3080" threadId="000000000082D180" totalBytesRequested="24" timestamp="2020-09-12T18:49:53.520" intervalms="2085.844" type="nursery" />
<cycle-start id="3081" type="scavenge" contextid="0" timestamp="2020-09-12T18:49:53.520" intervalms="2085.835" />
<gc-start id="3082" type="scavenge" contextid="3081" timestamp="2020-09-12T18:49:53.520">
  <mem-info id="3083" free="449216656" total="2911895552" percent="15">
    <mem type="nursery" free="0" total="939524096" percent="0">
      <mem type="allocate" free="0" total="803799040" percent="0" />
      <mem type="survivor" free="0" total="135725056" percent="0" />
    </mem>
    <mem type="tenure" free="449216656" total="1972371456" percent="22">
      <mem type="soa" free="330874000" total="1854028800" percent="17" />
      <mem type="loa" free="118342656" total="118342656" percent="100" />
    </mem>
    <remembered-set count="193042" />
  </mem-info>
</gc-start>
<allocation-stats totalBytes="693005776" >
  <allocated-bytes non-tlh="34638632" tlh="658367144" />
  <largest-consumer threadName="Group1.Backend.CompositeBackend{Tier1}.5" threadId="0000000000873800" bytes="86203848" />
</allocation-stats>
<gc-op id="3084" type="scavenge" timems="125.615" contextid="3081" timestamp="2020-09-12T18:49:53.646">
  <scavenger-info tenureage="3" tenuremask="7ff8" tiltratio="85" />
  <memory-copied type="nursery" objects="4132321" bytes="110894840" bytesdiscarded="172368" />
  <memory-copied type="tenure" objects="1067412" bytes="28695040" bytesdiscarded="79720" />
  <ownableSynchronizers candidates="3381" cleared="2908" />
  <references type="soft" candidates="440" cleared="0" enqueued="0" dynamicThreshold="19" maxThreshold="32" />
  <references type="weak" candidates="123" cleared="123" enqueued="0" />
</gc-op>
<gc-end id="3085" type="scavenge" contextid="3081" durationms="126.576" usertimems="875.492" systemtimems="4.373" timestamp="2020-09-12T18:49:53.647" activeThreads="8">
  <mem-info id="3086" free="1115177712" total="2911895552" percent="38">
    <mem type="nursery" free="694742784" total="939524096" percent="73">
      <mem type="allocate" free="694742784" total="805896192" percent="86" />
      <mem type="survivor" free="0" total="133627904" percent="0" />
    </mem>
    <mem type="tenure" free="420434928" total="1972371456" percent="21" macro-fragmented="0">
      <mem type="soa" free="302092272" total="1854028800" percent="16" />
      <mem type="loa" free="118342656" total="118342656" percent="100" />
    </mem>
    <remembered-set count="30219" />
  </mem-info>
</gc-end>
<cycle-end id="3087" type="scavenge" contextid="3081" timestamp="2020-09-12T18:49:53.650" />
<allocation-satisfied id="3088" threadId="000000000082C800" bytesRequested="24" />
<af-end id="3089" timestamp="2020-09-12T18:49:53.650" threadId="000000000082D180" success="true" from="nursery"/>
<exclusive-end id="3090" timestamp="2020-09-12T18:49:53.650" durationms="130.494" />

<exclusive-start id="3091" timestamp="2020-09-12T18:49:55.648" intervalms="2128.382">
  <response-info timems="0.388" idlems="0.388" threads="0" lastid="00000000007F7500" lastname="Group1.Backend.CompositeBackend{Tier1}.2" />
</exclusive-start>
<af-start id="3092" threadId="00000000007F7E80" totalBytesRequested="219760" timestamp="2020-09-12T18:49:55.648" intervalms="2128.379" type="nursery" />
<cycle-start id="3093" type="scavenge" contextid="0" timestamp="2020-09-12T18:49:55.649" intervalms="2128.382" />
<gc-start id="3094" type="scavenge" contextid="3093" timestamp="2020-09-12T18:49:55.649">
  <mem-info id="3095" free="420458824" total="2911895552" percent="14">
    <mem type="nursery" free="23896" total="939524096" percent="0">
      <mem type="allocate" free="23896" total="805896192" percent="0" />
      <mem type="survivor" free="0" total="133627904" percent="0" />
    </mem>
    <mem type="tenure" free="420434928" total="1972371456" percent="21">
      <mem type="soa" free="302092272" total="1854028800" percent="16" />
      <mem type="loa" free="118342656" total="118342656" percent="100" />
    </mem>
    <remembered-set count="194830" />
  </mem-info>
</gc-start>
<allocation-stats totalBytes="694391200" >
  <allocated-bytes non-tlh="35062184" tlh="659329016" />
  <largest-consumer threadName="Group1.Backend.CompositeBackend{Tier1}.5" threadId="0000000000873800" bytes="104910632" />
</allocation-stats>
<gc-op id="3096" type="scavenge" timems="115.147" contextid="3093" timestamp="2020-09-12T18:49:55.764">
  <scavenger-info tenureage="3" tenuremask="7ff8" tiltratio="85" />
  <memory-copied type="nursery" objects="4213761" bytes="112822040" bytesdiscarded="226976" />
  <memory-copied type="tenure" objects="1141240" bytes="30703496" bytesdiscarded="88480" />
  <ownableSynchronizers candidates="4351" cleared="3859" />
  <references type="soft" candidates="446" cleared="0" enqueued="0" dynamicThreshold="19" maxThreshold="32" />
  <references type="weak" candidates="113" cleared="113" enqueued="0" />
</gc-op>
<gc-end id="3097" type="scavenge" contextid="3093" durationms="115.979" usertimems="893.078" systemtimems="1.010" timestamp="2020-09-12T18:49:55.765" activeThreads="8">
  <mem-info id="3098" free="1083446648" total="2911895552" percent="37">
    <mem type="nursery" free="693804792" total="939524096" percent="73">
      <mem type="allocate" free="693804792" total="806944768" percent="85" />
      <mem type="survivor" free="0" total="132579328" percent="0" />
    </mem>
    <mem type="tenure" free="389641856" total="1972371456" percent="19" macro-fragmented="0">
      <mem type="soa" free="271299200" total="1854028800" percent="14" />
      <mem type="loa" free="118342656" total="118342656" percent="100" />
    </mem>
    <remembered-set count="31457" />
  </mem-info>
</gc-end>
<cycle-end id="3099" type="scavenge" contextid="3093" timestamp="2020-09-12T18:49:55.768" />
<allocation-satisfied id="3100" threadId="00000000007F7500" bytesRequested="219760" />
<af-end id="3101" timestamp="2020-09-12T18:49:55.768" threadId="00000000007F7E80" success="true" from="nursery"/>
<exclusive-end id="3102" timestamp="2020-09-12T18:49:55.768" durationms="120.398" />

<exclusive-start id="3103" timestamp="2020-09-12T18:49:57.784" intervalms="2136.064">
  <response-info timems="0.496" idlems="0.496" threads="0" lastid="0000000000873800" lastname="Group1.Backend.CompositeBackend{Tier1}.5" />
</exclusive-start>
<af-start id="3104" threadId="0000000000874180" totalBytesRequested="16" timestamp="2020-09-12T18:49:57.784" intervalms="2136.076" type="nursery" />
<cycle-start id="3105" type="scavenge" contextid="0" timestamp="2020-09-12T18:49:57.785" intervalms="2136.088" />
<gc-start id="3106" type="scavenge" contextid="3105" timestamp="2020-09-12T18:49:57.785">
  <mem-info id="3107" free="389641856" total="2911895552" percent="13">
    <mem type="nursery" free="0" total="939524096" percent="0">
      <mem type="allocate" free="0" total="806944768" percent="0" />
      <mem type="survivor" free="0" total="132579328" percent="0" />
    </mem>
    <mem type="tenure" free="389641856" total="1972371456" percent="19">
      <mem type="soa" free="271299200" total="1854028800" percent="14" />
      <mem type="loa" free="118342656" total="118342656" percent="100" />
    </mem>
    <remembered-set count="194524" />
  </mem-info>
</gc-start>
<allocation-stats totalBytes="693478024" >
  <allocated-bytes non-tlh="32814720" tlh="660663304" />
  <largest-consumer threadName="Group1.Backend.CompositeBackend{Tier1}.8" threadId="00000000008AF400" bytes="100324632" />
</allocation-stats>
<gc-op id="3108" type="scavenge" timems="108.041" contextid="3105" timestamp="2020-09-12T18:49:57.893">
  <scavenger-info tenureage="3" tenuremask="7ff8" tiltratio="85" />
  <memory-copied type="nursery" objects="4455203" bytes="117937464" bytesdiscarded="376152" />
  <memory-copied type="tenure" objects="1091233" bytes="29332240" bytesdiscarded="70696" />
  <ownableSynchronizers candidates="4192" cleared="3724" />
  <references type="soft" candidates="490" cleared="0" enqueued="0" dynamicThreshold="19" maxThreshold="32" />
  <references type="weak" candidates="122" cleared="122" enqueued="0" />
</gc-op>
<gc-end id="3109" type="scavenge" contextid="3105" durationms="109.104" usertimems="853.791" systemtimems="0.000" timestamp="2020-09-12T18:49:57.894" activeThreads="8">
  <mem-info id="3110" free="1044611944" total="2911895552" percent="35">
    <mem type="nursery" free="684357024" total="939524096" percent="72">
      <mem type="allocate" free="684357024" total="802750464" percent="85" />
      <mem type="survivor" free="0" total="136773632" percent="0" />
    </mem>
    <mem type="tenure" free="360254920" total="1972371456" percent="18" macro-fragmented="0">
      <mem type="soa" free="241912264" total="1854028800" percent="13" />
      <mem type="loa" free="118342656" total="118342656" percent="100" />
    </mem>
    <remembered-set count="31993" />
  </mem-info>
</gc-end>
<cycle-end id="3111" type="scavenge" contextid="3105" timestamp="2020-09-12T18:49:57.895" />
<allocation-satisfied id="3112" threadId="0000000000873800" bytesRequested="16" />
<af-end id="3113" timestamp="2020-09-12T18:49:57.895" threadId="0000000000874180" success="true" from="nursery"/>
<exclusive-end id="3114" timestamp="2020-09-12T18:49:57.895" durationms="111.369" />

<exclusive-start id="3115" timestamp="2020-09-12T18:49:59.897" intervalms="2113.660">
  <response-info timems="0.419" idlems="0.419" threads="0" lastid="000000000082C800" lastname="Group1.Backend.CompositeBackend{Tier1}.4" />
</exclusive-start>
<af-start id="3116" threadId="000000000082D180" totalBytesRequested="24" timestamp="2020-09-12T18:49:59.898" intervalms="2113.664" type="nursery" />
<cycle-start id="3117" type="scavenge" contextid="0" timestamp="2020-09-12T18:49:59.898" intervalms="2113.652" />
<gc-start id="3118" type="scavenge" contextid="3117" timestamp="2020-09-12T18:49:59.899">
  <mem-info id="3119" free="360254920" total="2911895552" percent="12">
    <mem type="nursery" free="0" total="939524096" percent="0">
      <mem type="allocate" free="0" total="802750464" percent="0" />
      <mem type="survivor" free="0" total="136773632" percent="0" />
    </mem>
    <mem type="tenure" free="360254920" total="1972371456" percent="18">
      <mem type="soa" free="241912264" total="1854028800" percent="13" />
      <mem type="loa" free="118342656" total="118342656" percent="100" />
    </mem>
    <remembered-set count="196123" />
  </mem-info>
</gc-start>
<allocation-stats totalBytes="684017448" >
  <allocated-bytes non-tlh="29791224" tlh="654226224" />
  <largest-consumer threadName="Group1.Backend.CompositeBackend{Tier1}.3" threadId="0000000000847B00" bytes="89016608" />
</allocation-stats>
<gc-op id="3120" type="scavenge" timems="105.322" contextid="3117" timestamp="2020-09-12T18:50:00.004">
  <scavenger-info tenureage="3" tenuremask="7ff8" tiltratio="85" />
  <memory-copied type="nursery" objects="4150059" bytes="111285112" bytesdiscarded="264856" />
  <memory-copied type="tenure" objects="1078909" bytes="29006064" bytesdiscarded="79128" />
  <ownableSynchronizers candidates="4981" cleared="4463" />
  <references type="soft" candidates="543" cleared="0" enqueued="0" dynamicThreshold="19" maxThreshold="32" />
  <references type="weak" candidates="113" cleared="113" enqueued="0" />
</gc-op>
<gc-end id="3121" type="scavenge" contextid="3117" durationms="106.404" usertimems="743.715" systemtimems="8.356" timestamp="2020-09-12T18:50:00.005" activeThreads="8">
  <mem-info id="3122" free="1023180248" total="2911895552" percent="35">
    <mem type="nursery" free="692034560" total="939524096" percent="73">
      <mem type="allocate" free="692034560" total="803667968" percent="86" />
      <mem type="survivor" free="0" total="135856128" percent="0" />
    </mem>
    <mem type="tenure" free="331145688" total="1972371456" percent="16" macro-fragmented="0">
      <mem type="soa" free="212803032" total="1854028800" percent="11" />
      <mem type="loa" free="118342656" total="118342656" percent="100" />
    </mem>
    <remembered-set count="32780" />
  </mem-info>
</gc-end>
<cycle-end id="3123" type="scavenge" contextid="3117" timestamp="2020-09-12T18:50:00.006" />
<allocation-satisfied id="3124" threadId="000000000082C800" bytesRequested="24" />
<af-end id="3125" timestamp="2020-09-12T18:50:00.006" threadId="000000000082D180" success="true" from="nursery"/>
<exclusive-end id="3126" timestamp="2020-09-12T18:50:00.006" durationms="108.933" />

<exclusive-start id="3127" timestamp="2020-09-12T18:50:01.973" intervalms="2075.641">
  <response-info timems="2.752" idlems="2.752" threads="0" lastid="0000000000847B00" lastname="Group1.Backend.CompositeBackend{Tier1}.3" />
</exclusive-start>
<af-start id="3128" threadId="0000000000848480" totalBytesRequested="16" timestamp="2020-09-12T18:50:01.974" intervalms="2075.653" type="nursery" />
<cycle-start id="3129" type="scavenge" contextid="0" timestamp="2020-09-12T18:50:01.974" intervalms="2075.971" />
<gc-start id="3130" type="scavenge" contextid="3129" timestamp="2020-09-12T18:50:01.974">
  <mem-info id="3131" free="331145688" total="2911895552" percent="11">
    <mem type="nursery" free="0" total="939524096" percent="0">
      <mem type="allocate" free="0" total="803667968" percent="0" />
      <mem type="survivor" free="0" total="135856128" percent="0" />
    </mem>
    <mem type="tenure" free="331145688" total="1972371456" percent="16">
      <mem type="soa" free="212803032" total="1854028800" percent="11" />
      <mem type="loa" free="118342656" total="118342656" percent="100" />
    </mem>
    <remembered-set count="195760" />
  </mem-info>
</gc-start>
<allocation-stats totalBytes="691712520" >
  <allocated-bytes non-tlh="33517864" tlh="658194656" />
  <largest-consumer threadName="Group1.Backend.CompositeBackend{Tier1}.3" threadId="0000000000847B00" bytes="97444608" />
</allocation-stats>
<gc-op id="3132" type="scavenge" timems="107.595" contextid="3129" timestamp="2020-09-12T18:50:02.082">
  <scavenger-info tenureage="3" tenuremask="7ff8" tiltratio="85" />
  <memory-copied type="nursery" objects="4152137" bytes="111298800" bytesdiscarded="209544" />
  <memory-copied type="tenure" objects="1104272" bytes="29650384" bytesdiscarded="93856" />
  <ownableSynchronizers candidates="3900" cleared="3375" />
  <references type="soft" candidates="491" cleared="0" enqueued="0" dynamicThreshold="19" maxThreshold="32" />
  <references type="weak" candidates="127" cleared="127" enqueued="0" />
</gc-op>
<gc-end id="3133" type="scavenge" contextid="3129" durationms="108.643" usertimems="800.170" systemtimems="0.000" timestamp="2020-09-12T18:50:02.083" activeThreads="8">
  <mem-info id="3134" free="995770688" total="2911895552" percent="34">
    <mem type="nursery" free="694302720" total="939524096" percent="73">
      <mem type="allocate" free="694302720" total="805896192" percent="86" />
      <mem type="survivor" free="0" total="133627904" percent="0" />
    </mem>
    <mem type="tenure" free="301467968" total="1972371456" percent="15" macro-fragmented="0">
      <mem type="soa" free="183125312" total="1854028800" percent="9" />
      <mem type="loa" free="118342656" total="118342656" percent="100" />
    </mem>
    <remembered-set count="30399" />
  </mem-info>
</gc-end>
<cycle-end id="3135" type="scavenge" contextid="3129" timestamp="2020-09-12T18:50:02.085" />
<allocation-satisfied id="3136" threadId="0000000000847B00" bytesRequested="16" />
<af-end id="3137" timestamp="2020-09-12T18:50:02.085" threadId="0000000000848480" success="true" from="nursery"/>
<exclusive-end id="3138" timestamp="2020-09-12T18:50:02.085" durationms="111.492" />

<exclusive-start id="3139" timestamp="2020-09-12T18:50:04.107" intervalms="2133.740">
  <response-info timems="0.479" idlems="0.479" threads="0" lastid="00000000008A0000" lastname="Group1.Backend.CompositeBackend{Tier1}.6" />
</exclusive-start>
<af-start id="3140" threadId="00000000008A0980" totalBytesRequested="16" timestamp="2020-09-12T18:50:04.108" intervalms="2133.814" type="nursery" />
<cycle-start id="3141" type="scavenge" contextid="0" timestamp="2020-09-12T18:50:04.108" intervalms="2133.511" />
<gc-start id="3142" type="scavenge" contextid="3141" timestamp="2020-09-12T18:50:04.108">
  <mem-info id="3143" free="301467968" total="2911895552" percent="10">
    <mem type="nursery" free="0" total="939524096" percent="0">
      <mem type="allocate" free="0" total="805896192" percent="0" />
      <mem type="survivor" free="0" total="133627904" percent="0" />
    </mem>
    <mem type="tenure" free="301467968" total="1972371456" percent="15">
      <mem type="soa" free="183125312" total="1854028800" percent="9" />
      <mem type="loa" free="118342656" total="118342656" percent="100" />
    </mem>
    <remembered-set count="195065" />
  </mem-info>
</gc-start>
<allocation-stats totalBytes="693962792" >
  <allocated-bytes non-tlh="32176248" tlh="661786544" />
  <largest-consumer threadName="Group1.Backend.CompositeBackend{Tier1}.1" threadId="0000000000781D00" bytes="106688888" />
</allocation-stats>
<gc-op id="3144" type="scavenge" timems="110.207" contextid="3141" timestamp="2020-09-12T18:50:04.218">
  <scavenger-info tenureage="3" tenuremask="7ff8" tiltratio="85" />
  <memory-copied type="nursery" objects="4375434" bytes="116206488" bytesdiscarded="138272" />
  <memory-copied type="tenure" objects="1094873" bytes="29441088" bytesdiscarded="75976" />
  <ownableSynchronizers candidates="5408" cleared="4865" />
  <references type="soft" candidates="497" cleared="0" enqueued="0" dynamicThreshold="19" maxThreshold="32" />
  <references type="weak" candidates="98" cleared="98" enqueued="0" />
</gc-op>
<gc-end id="3145" type="scavenge" contextid="3141" durationms="111.954" usertimems="789.208" systemtimems="6.129" timestamp="2020-09-12T18:50:04.220" activeThreads="8">
  <mem-info id="3146" free="959613440" total="2911895552" percent="32">
    <mem type="nursery" free="687823096" total="939524096" percent="73">
      <mem type="allocate" free="687823096" total="804257792" percent="85" />
      <mem type="survivor" free="0" total="135266304" percent="0" />
    </mem>
    <mem type="tenure" free="271790344" total="1972371456" percent="13" macro-fragmented="0">
      <mem type="soa" free="153447688" total="1854028800" percent="8" />
      <mem type="loa" free="118342656" total="118342656" percent="100" />
    </mem>
    <remembered-set count="30563" />
  </mem-info>
</gc-end>
<cycle-end id="3147" type="scavenge" contextid="3141" timestamp="2020-09-12T18:50:04.222" />
<allocation-satisfied id="3148" threadId="00000000008A0000" bytesRequested="16" />
<af-end id="3149" timestamp="2020-09-12T18:50:04.222" threadId="00000000008A0980" success="true" from="nursery"/>
<exclusive-end id="3150" timestamp="2020-09-12T18:50:04.222" durationms="115.398" />

<exclusive-start id="3151" timestamp="2020-09-12T18:50:06.167" intervalms="2060.296">
  <response-info timems="0.422" idlems="0.223" threads="1" lastid="0000000000781D00" lastname="Group1.Backend.CompositeBackend{Tier1}.1" />
</exclusive-start>
<af-start id="3152" threadId="00000000008AFD80" totalBytesRequested="120" timestamp="2020-09-12T18:50:06.168" intervalms="2060.170" type="nursery" />
<cycle-start id="3153" type="scavenge" contextid="0" timestamp="2020-09-12T18:50:06.168" intervalms="2060.150" />
<gc-start id="3154" type="scavenge" contextid="3153" timestamp="2020-09-12T18:50:06.168">
  <mem-info id="3155" free="271790344" total="2911895552" percent="9">
    <mem type="nursery" free="0" total="939524096" percent="0">
      <mem type="allocate" free="0" total="804257792" percent="0" />
      <mem type="survivor" free="0" total="135266304" percent="0" />
    </mem>
    <mem type="tenure" free="271790344" total="1972371456" percent="13">
      <mem type="soa" free="153447688" total="1854028800" percent="8" />
      <mem type="loa" free="118342656" total="118342656" percent="100" />
    </mem>
    <remembered-set count="193992" />
  </mem-info>
</gc-start>
<allocation-stats totalBytes="687474616" >
  <allocated-bytes non-tlh="33107032" tlh="654367584" />
  <largest-consumer threadName="Group1.Backend.CompositeBackend{Tier1}.7" threadId="00000000008AAD00" bytes="99614416" />
</allocation-stats>
<gc-op id="3156" type="scavenge" timems="102.521" contextid="3153" timestamp="2020-09-12T18:50:06.271">
  <scavenger-info tenureage="3" tenuremask="7ff8" tiltratio="85" />
  <memory-copied type="nursery" objects="4176309" bytes="111957224" bytesdiscarded="145216" />
  <memory-copied type="tenure" objects="1106159" bytes="29739136" bytesdiscarded="98024" />
  <ownableSynchronizers candidates="4018" cleared="3508" />
  <references type="soft" candidates="459" cleared="0" enqueued="0" dynamicThreshold="19" maxThreshold="32" />
  <references type="weak" candidates="122" cleared="122" enqueued="0" />
</gc-op>
<gc-end id="3157" type="scavenge" contextid="3153" durationms="103.275" usertimems="737.847" systemtimems="4.591" timestamp="2020-09-12T18:50:06.271" activeThreads="8">
  <mem-info id="3158" free="935145600" total="2911895552" percent="32">
    <mem type="nursery" free="693045992" total="939524096" percent="73">
      <mem type="allocate" free="693045992" total="805240832" percent="86" />
      <mem type="survivor" free="0" total="134283264" percent="0" />
    </mem>
    <mem type="tenure" free="242099608" total="1972371456" percent="12" macro-fragmented="0">
      <mem type="soa" free="123756952" total="1854028800" percent="6" />
      <mem type="loa" free="118342656" total="118342656" percent="100" />
    </mem>
    <remembered-set count="30909" />
  </mem-info>
</gc-end>
<cycle-end id="3159" type="scavenge" contextid="3153" timestamp="2020-09-12T18:50:06.273" />
<allocation-satisfied id="3160" threadId="00000000008AF400" bytesRequested="120" />
<af-end id="3161" timestamp="2020-09-12T18:50:06.273" threadId="00000000008AFD80" success="true" from="nursery"/>
<exclusive-end id="3162" timestamp="2020-09-12T18:50:06.273" durationms="106.034" />

<exclusive-start id="3163" timestamp="2020-09-12T18:50:08.335" intervalms="2167.455">
  <response-info timems="0.458" idlems="0.458" threads="0" lastid="00000000008A0000" lastname="Group1.Backend.CompositeBackend{Tier1}.6" />
</exclusive-start>
<af-start id="3164" threadId="00000000008A0980" totalBytesRequested="40" timestamp="2020-09-12T18:50:08.335" intervalms="2167.467" type="nursery" />
<cycle-start id="3165" type="scavenge" contextid="0" timestamp="2020-09-12T18:50:08.335" intervalms="2167.507" />
<gc-start id="3166" type="scavenge" contextid="3165" timestamp="2020-09-12T18:50:08.336">
  <mem-info id="3167" free="242099608" total="2911895552" percent="8">
    <mem type="nursery" free="0" total="939524096" percent="0">
      <mem type="allocate" free="0" total="805240832" percent="0" />
      <mem type="survivor" free="0" total="134283264" percent="0" />
    </mem>
    <mem type="tenure" free="242099608" total="1972371456" percent="12">
      <mem type="soa" free="123756952" total="1854028800" percent="6" />
      <mem type="loa" free="118342656" total="118342656" percent="100" />
    </mem>
    <remembered-set count="195816" />
  </mem-info>
</gc-start>
<allocation-stats totalBytes="692699432" >
  <allocated-bytes non-tlh="31215840" tlh="661483592" />
  <largest-consumer threadName="Group1.Backend.CompositeBackend{Tier1}.7" threadId="00000000008AAD00" bytes="88126848" />
</allocation-stats>
<gc-op id="3168" type="scavenge" timems="121.569" contextid="3165" timestamp="2020-09-12T18:50:08.457">
  <scavenger-info tenureage="3" tenuremask="7ff8" tiltratio="85" />
  <memory-copied type="nursery" objects="4092533" bytes="109872648" bytesdiscarded="153512" />
  <memory-copied type="tenure" objects="1087615" bytes="29243880" bytesdiscarded="93808" />
  <ownableSynchronizers candidates="4174" cleared="3708" />
  <references type="soft" candidates="443" cleared="0" enqueued="0" dynamicThreshold="19" maxThreshold="32" />
  <references type="weak" candidates="111" cleared="111" enqueued="0" />
</gc-op>
<gc-end id="3169" type="scavenge" contextid="3165" durationms="122.430" usertimems="859.009" systemtimems="2.624" timestamp="2020-09-12T18:50:08.458" activeThreads="8">
  <mem-info id="3170" free="909668312" total="2911895552" percent="31">
    <mem type="nursery" free="696899840" total="939524096" percent="74">
      <mem type="allocate" free="696899840" total="807010304" percent="86" />
      <mem type="survivor" free="0" total="132513792" percent="0" />
    </mem>
    <mem type="tenure" free="212768472" total="1972371456" percent="10" macro-fragmented="0">
      <mem type="soa" free="94425816" total="1854028800" percent="5" />
      <mem type="loa" free="118342656" total="118342656" percent="100" />
    </mem>
    <remembered-set count="31410" />
  </mem-info>
</gc-end>
<cycle-end id="3171" type="scavenge" contextid="3165" timestamp="2020-09-12T18:50:08.459" />
<allocation-satisfied id="3172" threadId="00000000008A0000" bytesRequested="40" />
<af-end id="3173" timestamp="2020-09-12T18:50:08.460" threadId="00000000008A0980" success="true" from="nursery"/>
<exclusive-end id="3174" timestamp="2020-09-12T18:50:08.460" durationms="124.940" />

<exclusive-start id="3175" timestamp="2020-09-12T18:50:10.381" intervalms="2046.876">
  <response-info timems="0.693" idlems="0.693" threads="0" lastid="0000000000781D00" lastname="Group1.Backend.CompositeBackend{Tier1}.1" />
</exclusive-start>
<af-start id="3176" threadId="0000000000782680" totalBytesRequested="131080" timestamp="2020-09-12T18:50:10.382" intervalms="2047.183" type="nursery" />
<cycle-start id="3177" type="scavenge" contextid="0" timestamp="2020-09-12T18:50:10.383" intervalms="2047.284" />
<gc-start id="3178" type="scavenge" contextid="3177" timestamp="2020-09-12T18:50:10.383">
  <mem-info id="3179" free="212768472" total="2911895552" percent="7">
    <mem type="nursery" free="0" total="939524096" percent="0">
      <mem type="allocate" free="0" total="807010304" percent="0" />
      <mem type="survivor" free="0" total="132513792" percent="0" />
    </mem>
    <mem type="tenure" free="212768472" total="1972371456" percent="10">
      <mem type="soa" free="94425816" total="1854028800" percent="5" />
      <mem type="loa" free="118342656" total="118342656" percent="100" />
    </mem>
    <remembered-set count="194456" />
  </mem-info>
</gc-start>
<allocation-stats totalBytes="696576456" >
  <allocated-bytes non-tlh="37252304" tlh="659324152" />
  <largest-consumer threadName="Group1.Backend.CompositeBackend{Tier1}.2" threadId="00000000007F7500" bytes="92457864" />
</allocation-stats>
<gc-op id="3180" type="scavenge" timems="131.151" contextid="3177" timestamp="2020-09-12T18:50:10.514">
  <scavenger-info tenureage="3" tenuremask="7ff8" tiltratio="85" />
  <memory-copied type="nursery" objects="4110774" bytes="110096640" bytesdiscarded="173184" />
  <memory-copied type="tenure" objects="1111508" bytes="29890488" bytesdiscarded="98712" />
  <ownableSynchronizers candidates="4649" cleared="4177" />
  <references type="soft" candidates="394" cleared="0" enqueued="0" dynamicThreshold="19" maxThreshold="32" />
  <references type="weak" candidates="122" cleared="122" enqueued="0" />
</gc-op>
<gc-end id="3181" type="scavenge" contextid="3177" durationms="131.932" usertimems="922.305" systemtimems="11.599" timestamp="2020-09-12T18:50:10.515" activeThreads="8">
  <mem-info id="3182" free="881270824" total="2911895552" percent="30">
    <mem type="nursery" free="698492928" total="939524096" percent="74">
      <mem type="allocate" free="698492928" total="808845312" percent="86" />
      <mem type="survivor" free="0" total="130678784" percent="0" />
    </mem>
    <mem type="tenure" free="182777896" total="1972371456" percent="9" macro-fragmented="0">
      <mem type="soa" free="64435240" total="1854028800" percent="3" />
      <mem type="loa" free="118342656" total="118342656" percent="100" />
    </mem>
    <remembered-set count="32457" />
  </mem-info>
</gc-end>
<cycle-end id="3183" type="scavenge" contextid="3177" timestamp="2020-09-12T18:50:10.517" />
<allocation-satisfied id="3184" threadId="0000000000781D00" bytesRequested="131080" />
<af-end id="3185" timestamp="2020-09-12T18:50:10.517" threadId="0000000000782680" success="true" from="nursery"/>
<exclusive-end id="3186" timestamp="2020-09-12T18:50:10.517" durationms="135.982" />

<exclusive-start id="3187" timestamp="2020-09-12T18:50:12.451" intervalms="2069.721">
  <response-info timems="0.625" idlems="0.625" threads="0" lastid="0000000000781D00" lastname="Group1.Backend.CompositeBackend{Tier1}.1" />
</exclusive-start>
<af-start id="3188" threadId="0000000000782680" totalBytesRequested="24" timestamp="2020-09-12T18:50:12.452" intervalms="2069.560" type="nursery" />
<cycle-start id="3189" type="scavenge" contextid="0" timestamp="2020-09-12T18:50:12.452" intervalms="2069.461" />
<gc-start id="3190" type="scavenge" contextid="3189" timestamp="2020-09-12T18:50:12.452">
  <mem-info id="3191" free="182777896" total="2911895552" percent="6">
    <mem type="nursery" free="0" total="939524096" percent="0">
      <mem type="allocate" free="0" total="808845312" percent="0" />
      <mem type="survivor" free="0" total="130678784" percent="0" />
    </mem>
    <mem type="tenure" free="182777896" total="1972371456" percent="9">
      <mem type="soa" free="64435240" total="1854028800" percent="3" />
      <mem type="loa" free="118342656" total="118342656" percent="100" />
    </mem>
    <remembered-set count="194952" />
  </mem-info>
</gc-start>
<allocation-stats totalBytes="698144928" >
  <allocated-bytes non-tlh="36233664" tlh="661911264" />
  <largest-consumer threadName="Group1.Backend.CompositeBackend{Tier1}.7" threadId="00000000008AAD00" bytes="94613360" />
</allocation-stats>
<gc-op id="3192" type="scavenge" timems="126.418" contextid="3189" timestamp="2020-09-12T18:50:12.579">
  <scavenger-info tenureage="3" tenuremask="7ff8" tiltratio="86" />
  <memory-copied type="nursery" objects="4464847" bytes="118680184" bytesdiscarded="130232" />
  <memory-copied type="tenure" objects="1097433" bytes="29490896" bytesdiscarded="99224" />
  <ownableSynchronizers candidates="4133" cleared="3710" />
  <references type="soft" candidates="382" cleared="0" enqueued="0" dynamicThreshold="19" maxThreshold="32" />
  <references type="weak" candidates="128" cleared="128" enqueued="0" />
</gc-op>
<gc-end id="3193" type="scavenge" contextid="3189" durationms="127.205" usertimems="989.257" systemtimems="0.000" timestamp="2020-09-12T18:50:12.580" activeThreads="8">
  <mem-info id="3194" free="833659408" total="2911895552" percent="28">
    <mem type="nursery" free="680448416" total="939524096" percent="72">
      <mem type="allocate" free="680448416" total="799342592" percent="85" />
      <mem type="survivor" free="0" total="140181504" percent="0" />
    </mem>
    <mem type="tenure" free="153210992" total="1972371456" percent="7" macro-fragmented="0">
      <mem type="soa" free="34868336" total="1854028800" percent="1" />
      <mem type="loa" free="118342656" total="118342656" percent="100" />
    </mem>
    <remembered-set count="31856" />
  </mem-info>
</gc-end>
<cycle-end id="3195" type="scavenge" contextid="3189" timestamp="2020-09-12T18:50:12.581" />
<allocation-satisfied id="3196" threadId="0000000000781D00" bytesRequested="24" />
<af-end id="3197" timestamp="2020-09-12T18:50:12.581" threadId="0000000000782680" success="true" from="nursery"/>
<exclusive-end id="3198" timestamp="2020-09-12T18:50:12.581" durationms="129.734" />

<exclusive-start id="3199" timestamp="2020-09-12T18:50:14.609" intervalms="2157.889">
  <response-info timems="3.803" idlems="3.803" threads="0" lastid="00000000008AF400" lastname="Group1.Backend.CompositeBackend{Tier1}.8" />
</exclusive-start>
<af-start id="3200" threadId="00000000008AFD80" totalBytesRequested="16" timestamp="2020-09-12T18:50:14.610" intervalms="2157.746" type="nursery" />
<cycle-start id="3201" type="scavenge" contextid="0" timestamp="2020-09-12T18:50:14.610" intervalms="2157.721" />
<gc-start id="3202" type="scavenge" contextid="3201" timestamp="2020-09-12T18:50:14.610">
  <mem-info id="3203" free="153210992" total="2911895552" percent="5">
    <mem type="nursery" free="0" total="939524096" percent="0">
      <mem type="allocate" free="0" total="799342592" percent="0" />
      <mem type="survivor" free="0" total="140181504" percent="0" />
    </mem>
    <mem type="tenure" free="153210992" total="1972371456" percent="7">
      <mem type="soa" free="34868336" total="1854028800" percent="1" />
      <mem type="loa" free="118342656" total="118342656" percent="100" />
    </mem>
    <remembered-set count="195226" />
  </mem-info>
</gc-start>
<allocation-stats totalBytes="680128240" >
  <allocated-bytes non-tlh="30333152" tlh="649795088" />
  <largest-consumer threadName="Group1.Backend.CompositeBackend{Tier1}.3" threadId="0000000000847B00" bytes="98377384" />
</allocation-stats>
<gc-op id="3204" type="scavenge" timems="100.997" contextid="3201" timestamp="2020-09-12T18:50:14.711">
  <scavenger-info tenureage="3" tenuremask="7ff8" tiltratio="85" />
  <memory-copied type="nursery" objects="4062492" bytes="109018608" bytesdiscarded="160144" />
  <memory-copied type="tenure" objects="1121607" bytes="30147832" bytesdiscarded="90864" />
  <ownableSynchronizers candidates="3996" cleared="3574" />
  <references type="soft" candidates="390" cleared="0" enqueued="0" dynamicThreshold="19" maxThreshold="32" />
  <references type="weak" candidates="132" cleared="132" enqueued="0" />
</gc-op>
<gc-end id="3205" type="scavenge" contextid="3201" durationms="101.795" usertimems="788.573" systemtimems="1.444" timestamp="2020-09-12T18:50:14.712" activeThreads="8">
  <mem-info id="3206" free="814185424" total="2911895552" percent="27">
    <mem type="nursery" free="691515648" total="939524096" percent="73">
      <mem type="allocate" free="691515648" total="800784384" percent="86" />
      <mem type="survivor" free="0" total="138739712" percent="0" />
    </mem>
    <mem type="tenure" free="122669776" total="1972371456" percent="6" macro-fragmented="0">
      <mem type="soa" free="4327120" total="1854028800" percent="0" />
      <mem type="loa" free="118342656" total="118342656" percent="100" />
    </mem>
    <remembered-set count="31253" />
  </mem-info>
</gc-end>
<cycle-end id="3207" type="scavenge" contextid="3201" timestamp="2020-09-12T18:50:14.713" />
<allocation-satisfied id="3208" threadId="00000000008AF400" bytesRequested="16" />
<af-end id="3209" timestamp="2020-09-12T18:50:14.713" threadId="00000000008AFD80" success="true" from="nursery"/>
<exclusive-end id="3210" timestamp="2020-09-12T18:50:14.713" durationms="104.201" />

<exclusive-start id="3211" timestamp="2020-09-12T18:50:16.815" intervalms="2205.891">
  <response-info timems="0.319" idlems="0.319" threads="0" lastid="00000000007F7500" lastname="Group1.Backend.CompositeBackend{Tier1}.2" />
</exclusive-start>
<af-start id="3212" threadId="00000000007F7E80" totalBytesRequested="32" timestamp="2020-09-12T18:50:16.816" intervalms="2205.945" type="nursery" />
<percolate-collect id="3213" from="nursery" to="global" reason="prevent tenure expand" timestamp="2020-09-12T18:50:16.816"/>
<cycle-start id="3214" type="global" contextid="0" timestamp="2020-09-12T18:50:16.816" intervalms="76180.033" />
<gc-start id="3215" type="global" contextid="3214" timestamp="2020-09-12T18:50:16.816">
  <mem-info id="3216" free="122669776" total="2911895552" percent="4">
    <mem type="nursery" free="0" total="939524096" percent="0">
      <mem type="allocate" free="0" total="800784384" percent="0" />
      <mem type="survivor" free="0" total="138739712" percent="0" />
    </mem>
    <mem type="tenure" free="122669776" total="1972371456" percent="6">
      <mem type="soa" free="4327120" total="1854028800" percent="0" />
      <mem type="loa" free="118342656" total="118342656" percent="100" />
    </mem>
    <remembered-set count="198991" />
  </mem-info>
</gc-start>
<allocation-stats totalBytes="691151976" >
  <allocated-bytes non-tlh="24613672" tlh="666538304" />
  <largest-consumer threadName="Group1.Backend.CompositeBackend{Tier1}.2" threadId="00000000007F7500" bytes="98321448" />
</allocation-stats>
<gc-op id="3217" type="mark" timems="484.492" contextid="3214" timestamp="2020-09-12T18:50:17.301">
  <trace-info objectcount="30667579" scancount="29688291" scanbytes="811966116" />
  <finalization candidates="149" enqueued="0" />
  <ownableSynchronizers candidates="586789" cleared="5039" />
  <references type="soft" candidates="703441" cleared="0" enqueued="0" dynamicThreshold="19" maxThreshold="32" />
  <references type="weak" candidates="4389" cleared="108" enqueued="0" />
  <references type="phantom" candidates="106" cleared="0" enqueued="0" />
  <stringconstants candidates="11048" cleared="1"  />
</gc-op>
<gc-op id="3218" type="sweep" timems="10.314" contextid="3214" timestamp="2020-09-12T18:50:17.311" />
<gc-end id="3219" type="global" contextid="3214" durationms="495.889" usertimems="3729.958" systemtimems="0.000" timestamp="2020-09-12T18:50:17.312" activeThreads="8">
  <mem-info id="3220" free="1783056872" total="2911895552" percent="61">
    <mem type="nursery" free="604885480" total="939524096" percent="64">
      <mem type="allocate" free="604885480" total="800784384" percent="75" />
      <mem type="survivor" free="0" total="138739712" percent="0" />
    </mem>
    <mem type="tenure" free="1178171392" total="1972371456" percent="59" micro-fragmented="51179919" macro-fragmented="0">
      <mem type="soa" free="1059828736" total="1854028800" percent="57" />
      <mem type="loa" free="118342656" total="118342656" percent="100" />
    </mem>
    <remembered-set count="192807" />
  </mem-info>
</gc-end>
<cycle-end id="3221" type="global" contextid="3214" timestamp="2020-09-12T18:50:17.319" />
<allocation-satisfied id="3222" threadId="00000000007F7500" bytesRequested="32" />
<af-end id="3223" timestamp="2020-09-12T18:50:17.319" threadId="00000000007F7E80" success="true" from="nursery"/>
<exclusive-end id="3224" timestamp="2020-09-12T18:50:17.319" durationms="504.221" />

<exclusive-start id="3225" timestamp="2020-09-12T18:50:18.523" intervalms="1707.577">
  <response-info timems="0.781" idlems="0.781" threads="0" lastid="00000000008AAD00" lastname="Group1.Backend.CompositeBackend{Tier1}.7" />
</exclusive-start>
<af-start id="3226" threadId="00000000008AB680" totalBytesRequested="524296" timestamp="2020-09-12T18:50:18.523" intervalms="1707.667" type="nursery" />
<cycle-start id="3227" type="scavenge" contextid="0" timestamp="2020-09-12T18:50:18.523" intervalms="3913.601" />
<gc-start id="3228" type="scavenge" contextid="3227" timestamp="2020-09-12T18:50:18.524">
  <mem-info id="3229" free="1198846992" total="2911895552" percent="41">
    <mem type="nursery" free="20675648" total="939524096" percent="2">
      <mem type="allocate" free="20675648" total="800784384" percent="2" />
      <mem type="survivor" free="0" total="138739712" percent="0" />
    </mem>
    <mem type="tenure" free="1178171344" total="1972371456" percent="59">
      <mem type="soa" free="1059828688" total="1854028800" percent="57" />
      <mem type="loa" free="118342656" total="118342656" percent="100" />
    </mem>
    <remembered-set count="241945" />
  </mem-info>
</gc-start>
<allocation-stats totalBytes="582064944" >
  <allocated-bytes non-tlh="38458336" tlh="543606608" />
  <largest-consumer threadName="Group1.Backend.CompositeBackend{Tier1}.4" threadId="000000000082C800" bytes="79051024" />
</allocation-stats>
<gc-op id="3230" type="scavenge" timems="125.137" contextid="3227" timestamp="2020-09-12T18:50:18.649">
  <scavenger-info tenureage="3" tenuremask="7ff8" tiltratio="85" />
  <memory-copied type="nursery" objects="5190480" bytes="138492608" bytesdiscarded="96904" />
  <memory-copied type="tenure" objects="997194" bytes="26775080" bytesdiscarded="44992" />
  <copy-failed type="nursery" objects="2188" bytes="57744" />
  <ownableSynchronizers candidates="1166880" cleared="1166368" />
  <references type="soft" candidates="483" cleared="0" enqueued="0" dynamicThreshold="19" maxThreshold="32" />
  <references type="weak" candidates="113" cleared="113" enqueued="0" />
</gc-op>
<gc-end id="3231" type="scavenge" contextid="3227" durationms="126.158" usertimems="972.975" systemtimems="1.529" timestamp="2020-09-12T18:50:18.650" activeThreads="8">
  <mem-info id="3232" free="1763697240" total="2911895552" percent="60">
    <mem type="nursery" free="612499456" total="939524096" percent="65">
      <mem type="allocate" free="612499456" total="751239168" percent="81" />
      <mem type="survivor" free="0" total="188284928" percent="0" />
    </mem>
    <mem type="tenure" free="1151197784" total="1972371456" percent="58" macro-fragmented="0">
      <mem type="soa" free="1032855128" total="1854028800" percent="55" />
      <mem type="loa" free="118342656" total="118342656" percent="100" />
    </mem>
    <remembered-set count="36573" />
  </mem-info>
</gc-end>
<cycle-end id="3233" type="scavenge" contextid="3227" timestamp="2020-09-12T18:50:18.651" />
<allocation-satisfied id="3234" threadId="00000000008AAD00" bytesRequested="524296" />
<af-end id="3235" timestamp="2020-09-12T18:50:18.651" threadId="00000000008AB680" success="true" from="nursery"/>
<exclusive-end id="3236" timestamp="2020-09-12T18:50:18.651" durationms="128.748" />

<exclusive-start id="3237" timestamp="2020-09-12T18:50:20.314" intervalms="1791.303">
  <response-info timems="0.448" idlems="0.448" threads="0" lastid="0000000000873800" lastname="Group1.Backend.CompositeBackend{Tier1}.5" />
</exclusive-start>
<af-start id="3238" threadId="0000000000874180" totalBytesRequested="32" timestamp="2020-09-12T18:50:20.315" intervalms="1791.408" type="nursery" />
<cycle-start id="3239" type="scavenge" contextid="0" timestamp="2020-09-12T18:50:20.315" intervalms="1791.428" />
<gc-start id="3240" type="scavenge" contextid="3239" timestamp="2020-09-12T18:50:20.315">
  <mem-info id="3241" free="1151197784" total="2911895552" percent="39">
    <mem type="nursery" free="0" total="939524096" percent="0">
      <mem type="allocate" free="0" total="751239168" percent="0" />
      <mem type="survivor" free="0" total="188284928" percent="0" />
    </mem>
    <mem type="tenure" free="1151197784" total="1972371456" percent="58">
      <mem type="soa" free="1032855128" total="1854028800" percent="55" />
      <mem type="loa" free="118342656" total="118342656" percent="100" />
    </mem>
    <remembered-set count="187566" />
  </mem-info>
</gc-start>
<allocation-stats totalBytes="612198664" >
  <allocated-bytes non-tlh="29869536" tlh="582329128" />
  <largest-consumer threadName="Group1.Backend.CompositeBackend{Tier1}.2" threadId="00000000007F7500" bytes="82008504" />
</allocation-stats>
<gc-op id="3242" type="scavenge" timems="116.579" contextid="3239" timestamp="2020-09-12T18:50:20.432">
  <scavenger-info tenureage="3" tenuremask="7ff8" tiltratio="79" />
  <memory-copied type="nursery" objects="4862962" bytes="130797168" bytesdiscarded="177040" />
  <memory-copied type="tenure" objects="1010296" bytes="27161400" bytesdiscarded="34960" />
  <ownableSynchronizers candidates="3154" cleared="2690" />
  <references type="soft" candidates="440" cleared="0" enqueued="0" dynamicThreshold="19" maxThreshold="32" />
  <references type="weak" candidates="127" cleared="127" enqueued="0" />
</gc-op>
<gc-end id="3243" type="scavenge" contextid="3239" durationms="117.616" usertimems="853.612" systemtimems="1.300" timestamp="2020-09-12T18:50:20.433" activeThreads="8">
  <mem-info id="3244" free="1750667432" total="2911895552" percent="60">
    <mem type="nursery" free="626811392" total="939524096" percent="66">
      <mem type="allocate" free="626811392" total="757858304" percent="82" />
      <mem type="survivor" free="0" total="181665792" percent="0" />
    </mem>
    <mem type="tenure" free="1123856040" total="1972371456" percent="56" macro-fragmented="0">
      <mem type="soa" free="1005513384" total="1854028800" percent="54" />
      <mem type="loa" free="118342656" total="118342656" percent="100" />
    </mem>
    <remembered-set count="34566" />
  </mem-info>
</gc-end>
<cycle-end id="3245" type="scavenge" contextid="3239" timestamp="2020-09-12T18:50:20.434" />
<allocation-satisfied id="3246" threadId="0000000000873800" bytesRequested="32" />
<af-end id="3247" timestamp="2020-09-12T18:50:20.434" threadId="0000000000874180" success="true" from="nursery"/>
<exclusive-end id="3248" timestamp="2020-09-12T18:50:20.434" durationms="120.506" />

<exclusive-start id="3249" timestamp="2020-09-12T18:50:22.218" intervalms="1904.532">
  <response-info timems="0.888" idlems="0.888" threads="0" lastid="00000000008A0000" lastname="Group1.Backend.CompositeBackend{Tier1}.6" />
</exclusive-start>
<af-start id="3250" threadId="00000000008A0980" totalBytesRequested="16" timestamp="2020-09-12T18:50:22.219" intervalms="1904.330" type="nursery" />
<cycle-start id="3251" type="scavenge" contextid="0" timestamp="2020-09-12T18:50:22.219" intervalms="1904.345" />
<gc-start id="3252" type="scavenge" contextid="3251" timestamp="2020-09-12T18:50:22.220">
  <mem-info id="3253" free="1123856040" total="2911895552" percent="38">
    <mem type="nursery" free="0" total="939524096" percent="0">
      <mem type="allocate" free="0" total="757858304" percent="0" />
      <mem type="survivor" free="0" total="181665792" percent="0" />
    </mem>
    <mem type="tenure" free="1123856040" total="1972371456" percent="56">
      <mem type="soa" free="1005513384" total="1854028800" percent="54" />
      <mem type="loa" free="118342656" total="118342656" percent="100" />
    </mem>
    <remembered-set count="188951" />
  </mem-info>
</gc-start>
<allocation-stats totalBytes="626494200" >
  <allocated-bytes non-tlh="29417960" tlh="597076240" />
  <largest-consumer threadName="Group1.Backend.CompositeBackend{Tier1}.3" threadId="0000000000847B00" bytes="84286624" />
</allocation-stats>
<gc-op id="3254" type="scavenge" timems="110.114" contextid="3251" timestamp="2020-09-12T18:50:22.330">
  <scavenger-info tenureage="3" tenuremask="7ff8" tiltratio="80" />
  <memory-copied type="nursery" objects="4738341" bytes="127457760" bytesdiscarded="365832" />
  <memory-copied type="tenure" objects="1027504" bytes="27629864" bytesdiscarded="32640" />
  <ownableSynchronizers candidates="3818" cleared="3369" />
  <references type="soft" candidates="420" cleared="0" enqueued="0" dynamicThreshold="19" maxThreshold="32" />
  <references type="weak" candidates="118" cleared="118" enqueued="0" />
</gc-op>
<gc-end id="3255" type="scavenge" contextid="3251" durationms="110.945" usertimems="839.024" systemtimems="5.384" timestamp="2020-09-12T18:50:22.330" activeThreads="8">
  <mem-info id="3256" free="1733247864" total="2911895552" percent="59">
    <mem type="nursery" free="636972512" total="939524096" percent="67">
      <mem type="allocate" free="636972512" total="764870656" percent="83" />
      <mem type="survivor" free="0" total="174653440" percent="0" />
    </mem>
    <mem type="tenure" free="1096275352" total="1972371456" percent="55" macro-fragmented="0">
      <mem type="soa" free="977932696" total="1854028800" percent="52" />
      <mem type="loa" free="118342656" total="118342656" percent="100" />
    </mem>
    <remembered-set count="34013" />
  </mem-info>
</gc-end>
<cycle-end id="3257" type="scavenge" contextid="3251" timestamp="2020-09-12T18:50:22.332" />
<allocation-satisfied id="3258" threadId="00000000008A0000" bytesRequested="16" />
<af-end id="3259" timestamp="2020-09-12T18:50:22.332" threadId="00000000008A0980" success="true" from="nursery"/>
<exclusive-end id="3260" timestamp="2020-09-12T18:50:22.332" durationms="113.712" />

<exclusive-start id="3261" timestamp="2020-09-12T18:50:24.195" intervalms="1976.337">
  <response-info timems="0.889" idlems="0.889" threads="0" lastid="0000000000873800" lastname="Group1.Backend.CompositeBackend{Tier1}.5" />
</exclusive-start>
<af-start id="3262" threadId="0000000000874180" totalBytesRequested="16" timestamp="2020-09-12T18:50:24.195" intervalms="1976.415" type="nursery" />
<cycle-start id="3263" type="scavenge" contextid="0" timestamp="2020-09-12T18:50:24.196" intervalms="1976.412" />
<gc-start id="3264" type="scavenge" contextid="3263" timestamp="2020-09-12T18:50:24.196">
  <mem-info id="3265" free="1096274560" total="2911895552" percent="37">
    <mem type="nursery" free="0" total="939524096" percent="0">
      <mem type="allocate" free="0" total="764870656" percent="0" />
      <mem type="survivor" free="0" total="174653440" percent="0" />
    </mem>
    <mem type="tenure" free="1096274560" total="1972371456" percent="55">
      <mem type="soa" free="977931904" total="1854028800" percent="52" />
      <mem type="loa" free="118342656" total="118342656" percent="100" />
    </mem>
    <remembered-set count="192501" />
  </mem-info>
</gc-start>
<allocation-stats totalBytes="636675496" >
  <allocated-bytes non-tlh="27584848" tlh="609090648" />
  <largest-consumer threadName="Group1.Backend.CompositeBackend{Tier1}.1" threadId="0000000000781D00" bytes="83357368" />
</allocation-stats>
<gc-op id="3266" type="scavenge" timems="114.040" contextid="3263" timestamp="2020-09-12T18:50:24.310">
  <scavenger-info tenureage="3" tenuremask="7ff8" tiltratio="81" />
  <memory-copied type="nursery" objects="3838577" bytes="102950248" bytesdiscarded="193256" />
  <memory-copied type="tenure" objects="2000905" bytes="53924768" bytesdiscarded="79456" />
  <ownableSynchronizers candidates="4438" cleared="3978" />
  <references type="soft" candidates="340" cleared="0" enqueued="0" dynamicThreshold="19" maxThreshold="32" />
  <references type="weak" candidates="115" cleared="109" enqueued="1" />
</gc-op>
<gc-end id="3267" type="scavenge" contextid="3263" durationms="114.916" usertimems="883.477" systemtimems="7.202" timestamp="2020-09-12T18:50:24.311" activeThreads="8">
  <mem-info id="3268" free="1709862008" total="2911895552" percent="58">
    <mem type="nursery" free="667996672" total="939524096" percent="71">
      <mem type="allocate" free="667996672" total="771227648" percent="86" />
      <mem type="survivor" free="0" total="168296448" percent="0" />
    </mem>
    <mem type="tenure" free="1041865336" total="1972371456" percent="52" macro-fragmented="0">
      <mem type="soa" free="923522680" total="1854028800" percent="49" />
      <mem type="loa" free="118342656" total="118342656" percent="100" />
    </mem>
    <pending-finalizers system="0" default="0" reference="1" classloader="0" />
    <remembered-set count="25964" />
  </mem-info>
</gc-end>
<cycle-end id="3269" type="scavenge" contextid="3263" timestamp="2020-09-12T18:50:24.313" />
<allocation-satisfied id="3270" threadId="0000000000873800" bytesRequested="16" />
<af-end id="3271" timestamp="2020-09-12T18:50:24.313" threadId="0000000000874180" success="true" from="nursery"/>
<exclusive-end id="3272" timestamp="2020-09-12T18:50:24.313" durationms="117.902" />

<exclusive-start id="3273" timestamp="2020-09-12T18:50:26.212" intervalms="2017.433">
  <response-info timems="0.370" idlems="0.147" threads="2" lastid="0000000000781D00" lastname="Group1.Backend.CompositeBackend{Tier1}.1" />
</exclusive-start>
<af-start id="3274" threadId="0000000000848480" totalBytesRequested="664" timestamp="2020-09-12T18:50:26.213" intervalms="2017.337" type="nursery" />
<cycle-start id="3275" type="scavenge" contextid="0" timestamp="2020-09-12T18:50:26.213" intervalms="2017.293" />
<gc-start id="3276" type="scavenge" contextid="3275" timestamp="2020-09-12T18:50:26.213">
  <mem-info id="3277" free="1041865336" total="2911895552" percent="35">
    <mem type="nursery" free="0" total="939524096" percent="0">
      <mem type="allocate" free="0" total="771227648" percent="0" />
      <mem type="survivor" free="0" total="168296448" percent="0" />
    </mem>
    <mem type="tenure" free="1041865336" total="1972371456" percent="52">
      <mem type="soa" free="923522680" total="1854028800" percent="49" />
      <mem type="loa" free="118342656" total="118342656" percent="100" />
    </mem>
    <remembered-set count="186021" />
  </mem-info>
</gc-start>
<allocation-stats totalBytes="667661264" >
  <allocated-bytes non-tlh="31480904" tlh="636180360" />
  <largest-consumer threadName="Group1.Backend.CompositeBackend{Tier1}.7" threadId="00000000008AAD00" bytes="115720048" />
</allocation-stats>
<gc-op id="3278" type="scavenge" timems="104.776" contextid="3275" timestamp="2020-09-12T18:50:26.318">
  <scavenger-info tenureage="3" tenuremask="7ff8" tiltratio="82" />
  <memory-copied type="nursery" objects="4035380" bytes="107650912" bytesdiscarded="166904" />
  <memory-copied type="tenure" objects="978952" bytes="26338744" bytesdiscarded="54720" />
  <ownableSynchronizers candidates="4345" cleared="3975" />
  <references type="soft" candidates="382" cleared="0" enqueued="0" dynamicThreshold="19" maxThreshold="32" />
  <references type="weak" candidates="127" cleared="122" enqueued="0" />
</gc-op>
<gc-end id="3279" type="scavenge" contextid="3275" durationms="105.894" usertimems="807.949" systemtimems="7.392" timestamp="2020-09-12T18:50:26.319" activeThreads="8">
  <mem-info id="3280" free="1687475152" total="2911895552" percent="57">
    <mem type="nursery" free="671848360" total="939524096" percent="71">
      <mem type="allocate" free="671848360" total="779747328" percent="86" />
      <mem type="survivor" free="0" total="159776768" percent="0" />
    </mem>
    <mem type="tenure" free="1015626792" total="1972371456" percent="51" macro-fragmented="0">
      <mem type="soa" free="897284136" total="1854028800" percent="48" />
      <mem type="loa" free="118342656" total="118342656" percent="100" />
    </mem>
    <remembered-set count="28995" />
  </mem-info>
</gc-end>
<cycle-end id="3281" type="scavenge" contextid="3275" timestamp="2020-09-12T18:50:26.321" />
<allocation-satisfied id="3282" threadId="0000000000847B00" bytesRequested="664" />
<af-end id="3283" timestamp="2020-09-12T18:50:26.321" threadId="0000000000848480" success="true" from="nursery"/>
<exclusive-end id="3284" timestamp="2020-09-12T18:50:26.321" durationms="108.546" />

<exclusive-start id="3285" timestamp="2020-09-12T18:50:28.229" intervalms="2016.810">
  <response-info timems="2.454" idlems="2.454" threads="0" lastid="0000000000781D00" lastname="Group1.Backend.CompositeBackend{Tier1}.1" />
</exclusive-start>
<af-start id="3286" threadId="0000000000782680" totalBytesRequested="1032" timestamp="2020-09-12T18:50:28.230" intervalms="2016.852" type="nursery" />
<cycle-start id="3287" type="scavenge" contextid="0" timestamp="2020-09-12T18:50:28.230" intervalms="2016.853" />
<gc-start id="3288" type="scavenge" contextid="3287" timestamp="2020-09-12T18:50:28.230">
  <mem-info id="3289" free="1015626792" total="2911895552" percent="34">
    <mem type="nursery" free="0" total="939524096" percent="0">
      <mem type="allocate" free="0" total="779747328" percent="0" />
      <mem type="survivor" free="0" total="159776768" percent="0" />
    </mem>
    <mem type="tenure" free="1015626792" total="1972371456" percent="51">
      <mem type="soa" free="897284136" total="1854028800" percent="48" />
      <mem type="loa" free="118342656" total="118342656" percent="100" />
    </mem>
    <remembered-set count="188588" />
  </mem-info>
</gc-start>
<allocation-stats totalBytes="671517696" >
  <allocated-bytes non-tlh="35406848" tlh="636110848" />
  <largest-consumer threadName="Group1.Backend.CompositeBackend{Tier1}.7" threadId="00000000008AAD00" bytes="97799808" />
</allocation-stats>
<gc-op id="3290" type="scavenge" timems="110.671" contextid="3287" timestamp="2020-09-12T18:50:28.341">
  <scavenger-info tenureage="3" tenuremask="7ff8" tiltratio="82" />
  <memory-copied type="nursery" objects="3882919" bytes="104235488" bytesdiscarded="191848" />
  <memory-copied type="tenure" objects="1017448" bytes="27382096" bytesdiscarded="50024" />
  <ownableSynchronizers candidates="3011" cleared="2629" />
  <references type="soft" candidates="380" cleared="0" enqueued="0" dynamicThreshold="19" maxThreshold="32" />
  <references type="weak" candidates="142" cleared="137" enqueued="0" />
</gc-op>
<gc-end id="3291" type="scavenge" contextid="3287" durationms="111.755" usertimems="791.373" systemtimems="12.573" timestamp="2020-09-12T18:50:28.342" activeThreads="8">
  <mem-info id="3292" free="1671154656" total="2911895552" percent="57">
    <mem type="nursery" free="683042816" total="939524096" percent="72">
      <mem type="allocate" free="683042816" total="787546112" percent="86" />
      <mem type="survivor" free="0" total="151977984" percent="0" />
    </mem>
    <mem type="tenure" free="988111840" total="1972371456" percent="50" macro-fragmented="0">
      <mem type="soa" free="869769184" total="1854028800" percent="46" />
      <mem type="loa" free="118342656" total="118342656" percent="100" />
    </mem>
    <remembered-set count="30941" />
  </mem-info>
</gc-end>
<cycle-end id="3293" type="scavenge" contextid="3287" timestamp="2020-09-12T18:50:28.344" />
<allocation-satisfied id="3294" threadId="0000000000781D00" bytesRequested="1032" />
<af-end id="3295" timestamp="2020-09-12T18:50:28.344" threadId="0000000000782680" success="true" from="nursery"/>
<exclusive-end id="3296" timestamp="2020-09-12T18:50:28.344" durationms="115.140" />

<exclusive-start id="3297" timestamp="2020-09-12T18:50:30.423" intervalms="2194.367">
  <response-info timems="0.464" idlems="0.464" threads="0" lastid="0000000000847B00" lastname="Group1.Backend.CompositeBackend{Tier1}.3" />
</exclusive-start>
<af-start id="3298" threadId="0000000000848480" totalBytesRequested="32" timestamp="2020-09-12T18:50:30.424" intervalms="2194.563" type="nursery" />
<cycle-start id="3299" type="scavenge" contextid="0" timestamp="2020-09-12T18:50:30.425" intervalms="2194.746" />
<gc-start id="3300" type="scavenge" contextid="3299" timestamp="2020-09-12T18:50:30.425">
  <mem-info id="3301" free="988111840" total="2911895552" percent="33">
    <mem type="nursery" free="0" total="939524096" percent="0">
      <mem type="allocate" free="0" total="787546112" percent="0" />
      <mem type="survivor" free="0" total="151977984" percent="0" />
    </mem>
    <mem type="tenure" free="988111840" total="1972371456" percent="50">
      <mem type="soa" free="869769184" total="1854028800" percent="46" />
      <mem type="loa" free="118342656" total="118342656" percent="100" />
    </mem>
    <remembered-set count="197162" />
  </mem-info>
</gc-start>
<allocation-stats totalBytes="682717864" >
  <allocated-bytes non-tlh="26011928" tlh="656705936" />
  <largest-consumer threadName="Group1.Backend.CompositeBackend{Tier1}.8" threadId="00000000008AF400" bytes="89133672" />
</allocation-stats>
<gc-op id="3302" type="scavenge" timems="129.472" contextid="3299" timestamp="2020-09-12T18:50:30.554">
  <scavenger-info tenureage="3" tenuremask="7ff8" tiltratio="83" />
  <memory-copied type="nursery" objects="4014992" bytes="107781168" bytesdiscarded="142584" />
  <memory-copied type="tenure" objects="1032531" bytes="27742368" bytesdiscarded="55992" />
  <ownableSynchronizers candidates="5348" cleared="4923" />
  <references type="soft" candidates="389" cleared="0" enqueued="0" dynamicThreshold="19" maxThreshold="32" />
  <references type="weak" candidates="109" cleared="108" enqueued="0" />
</gc-op>
<gc-end id="3303" type="scavenge" contextid="3299" durationms="130.261" usertimems="967.246" systemtimems="11.136" timestamp="2020-09-12T18:50:30.555" activeThreads="8">
  <mem-info id="3304" free="1645477456" total="2911895552" percent="56">
    <mem type="nursery" free="685041920" total="939524096" percent="72">
      <mem type="allocate" free="685041920" total="793051136" percent="86" />
      <mem type="survivor" free="0" total="146472960" percent="0" />
    </mem>
    <mem type="tenure" free="960435536" total="1972371456" percent="48" macro-fragmented="0">
      <mem type="soa" free="842092880" total="1854028800" percent="45" />
      <mem type="loa" free="118342656" total="118342656" percent="100" />
    </mem>
    <remembered-set count="30816" />
  </mem-info>
</gc-end>
<cycle-end id="3305" type="scavenge" contextid="3299" timestamp="2020-09-12T18:50:30.563" />
<allocation-satisfied id="3306" threadId="0000000000847B00" bytesRequested="32" />
<af-end id="3307" timestamp="2020-09-12T18:50:30.563" threadId="0000000000848480" success="true" from="nursery"/>
<exclusive-end id="3308" timestamp="2020-09-12T18:50:30.563" durationms="139.631" />

<exclusive-start id="3309" timestamp="2020-09-12T18:50:32.364" intervalms="1940.670">
  <response-info timems="1.806" idlems="1.806" threads="0" lastid="0000000000847B00" lastname="Group1.Backend.CompositeBackend{Tier1}.3" />
</exclusive-start>
<af-start id="3310" threadId="0000000000848480" totalBytesRequested="88" timestamp="2020-09-12T18:50:32.365" intervalms="1940.442" type="nursery" />
<cycle-start id="3311" type="scavenge" contextid="0" timestamp="2020-09-12T18:50:32.365" intervalms="1940.295" />
<gc-start id="3312" type="scavenge" contextid="3311" timestamp="2020-09-12T18:50:32.365">
  <mem-info id="3313" free="960435536" total="2911895552" percent="32">
    <mem type="nursery" free="0" total="939524096" percent="0">
      <mem type="allocate" free="0" total="793051136" percent="0" />
      <mem type="survivor" free="0" total="146472960" percent="0" />
    </mem>
    <mem type="tenure" free="960435536" total="1972371456" percent="48">
      <mem type="soa" free="842092880" total="1854028800" percent="45" />
      <mem type="loa" free="118342656" total="118342656" percent="100" />
    </mem>
    <remembered-set count="190117" />
  </mem-info>
</gc-start>
<allocation-stats totalBytes="684728816" >
  <allocated-bytes non-tlh="38458168" tlh="646270648" />
  <largest-consumer threadName="Group1.Backend.CompositeBackend{Tier1}.1" threadId="0000000000781D00" bytes="99138600" />
</allocation-stats>
<gc-op id="3314" type="scavenge" timems="133.147" contextid="3311" timestamp="2020-09-12T18:50:32.498">
  <scavenger-info tenureage="3" tenuremask="7ff8" tiltratio="84" />
  <memory-copied type="nursery" objects="4008881" bytes="107582568" bytesdiscarded="224360" />
  <memory-copied type="tenure" objects="1066701" bytes="28675704" bytesdiscarded="52200" />
  <ownableSynchronizers candidates="4394" cleared="3975" />
  <references type="soft" candidates="384" cleared="0" enqueued="0" dynamicThreshold="19" maxThreshold="32" />
  <references type="weak" candidates="108" cleared="108" enqueued="0" />
</gc-op>
<gc-end id="3315" type="scavenge" contextid="3311" durationms="134.206" usertimems="983.503" systemtimems="20.341" timestamp="2020-09-12T18:50:32.499" activeThreads="8">
  <mem-info id="3316" free="1621890816" total="2911895552" percent="55">
    <mem type="nursery" free="690276608" total="939524096" percent="73">
      <mem type="allocate" free="690276608" total="798162944" percent="86" />
      <mem type="survivor" free="0" total="141361152" percent="0" />
    </mem>
    <mem type="tenure" free="931614208" total="1972371456" percent="47" macro-fragmented="0">
      <mem type="soa" free="813271552" total="1854028800" percent="43" />
      <mem type="loa" free="118342656" total="118342656" percent="100" />
    </mem>
    <remembered-set count="31000" />
  </mem-info>
</gc-end>
<cycle-end id="3317" type="scavenge" contextid="3311" timestamp="2020-09-12T18:50:32.503" />
<allocation-satisfied id="3318" threadId="0000000000847B00" bytesRequested="88" />
<af-end id="3319" timestamp="2020-09-12T18:50:32.503" threadId="0000000000848480" success="true" from="nursery"/>
<exclusive-end id="3320" timestamp="2020-09-12T18:50:32.503" durationms="139.083" />

<exclusive-start id="3321" timestamp="2020-09-12T18:50:34.576" intervalms="2211.902">
  <response-info timems="1.995" idlems="1.995" threads="0" lastid="000000000082C800" lastname="Group1.Backend.CompositeBackend{Tier1}.4" />
</exclusive-start>
<af-start id="3322" threadId="000000000082D180" totalBytesRequested="24" timestamp="2020-09-12T18:50:34.577" intervalms="2212.082" type="nursery" />
<cycle-start id="3323" type="scavenge" contextid="0" timestamp="2020-09-12T18:50:34.577" intervalms="2212.107" />
<gc-start id="3324" type="scavenge" contextid="3323" timestamp="2020-09-12T18:50:34.577">
  <mem-info id="3325" free="931614208" total="2911895552" percent="31">
    <mem type="nursery" free="0" total="939524096" percent="0">
      <mem type="allocate" free="0" total="798162944" percent="0" />
      <mem type="survivor" free="0" total="141361152" percent="0" />
    </mem>
    <mem type="tenure" free="931614208" total="1972371456" percent="47">
      <mem type="soa" free="813271552" total="1854028800" percent="43" />
      <mem type="loa" free="118342656" total="118342656" percent="100" />
    </mem>
    <remembered-set count="196997" />
  </mem-info>
</gc-start>
<allocation-stats totalBytes="689947928" >
  <allocated-bytes non-tlh="27432016" tlh="662515912" />
  <largest-consumer threadName="Group1.Backend.CompositeBackend{Tier1}.5" threadId="0000000000873800" bytes="143806328" />
</allocation-stats>
<gc-op id="3326" type="scavenge" timems="151.553" contextid="3323" timestamp="2020-09-12T18:50:34.729">
  <scavenger-info tenureage="3" tenuremask="7ff8" tiltratio="84" />
  <memory-copied type="nursery" objects="4566197" bytes="121034448" bytesdiscarded="155704" />
  <memory-copied type="tenure" objects="1027893" bytes="27620336" bytesdiscarded="52752" />
  <ownableSynchronizers candidates="3841" cleared="3435" />
  <references type="soft" candidates="403" cleared="0" enqueued="0" dynamicThreshold="19" maxThreshold="32" />
  <references type="weak" candidates="104" cleared="103" enqueued="0" />
</gc-op>
<gc-end id="3327" type="scavenge" contextid="3323" durationms="153.156" usertimems="1108.400" systemtimems="16.920" timestamp="2020-09-12T18:50:34.730" activeThreads="8">
  <mem-info id="3328" free="1573099480" total="2911895552" percent="54">
    <mem type="nursery" free="669476784" total="939524096" percent="71">
      <mem type="allocate" free="669476784" total="790757376" percent="84" />
      <mem type="survivor" free="0" total="148766720" percent="0" />
    </mem>
    <mem type="tenure" free="903622696" total="1972371456" percent="45" macro-fragmented="0">
      <mem type="soa" free="785280040" total="1854028800" percent="42" />
      <mem type="loa" free="118342656" total="118342656" percent="100" />
    </mem>
    <remembered-set count="30906" />
  </mem-info>
</gc-end>
<cycle-end id="3329" type="scavenge" contextid="3323" timestamp="2020-09-12T18:50:34.738" />
<allocation-satisfied id="3330" threadId="000000000082C800" bytesRequested="24" />
<af-end id="3331" timestamp="2020-09-12T18:50:34.738" threadId="000000000082D180" success="true" from="nursery"/>
<exclusive-end id="3332" timestamp="2020-09-12T18:50:34.738" durationms="162.151" />

<exclusive-start id="3333" timestamp="2020-09-12T18:50:36.587" intervalms="2010.610">
  <response-info timems="1.257" idlems="1.257" threads="0" lastid="00000000008AF400" lastname="Group1.Backend.CompositeBackend{Tier1}.8" />
</exclusive-start>
<af-start id="3334" threadId="00000000008AFD80" totalBytesRequested="784" timestamp="2020-09-12T18:50:36.587" intervalms="2010.395" type="nursery" />
<cycle-start id="3335" type="scavenge" contextid="0" timestamp="2020-09-12T18:50:36.587" intervalms="2010.376" />
<gc-start id="3336" type="scavenge" contextid="3335" timestamp="2020-09-12T18:50:36.588">
  <mem-info id="3337" free="903622696" total="2911895552" percent="31">
    <mem type="nursery" free="0" total="939524096" percent="0">
      <mem type="allocate" free="0" total="790757376" percent="0" />
      <mem type="survivor" free="0" total="148766720" percent="0" />
    </mem>
    <mem type="tenure" free="903622696" total="1972371456" percent="45">
      <mem type="soa" free="785280040" total="1854028800" percent="42" />
      <mem type="loa" free="118342656" total="118342656" percent="100" />
    </mem>
    <remembered-set count="190031" />
  </mem-info>
</gc-start>
<allocation-stats totalBytes="669156672" >
  <allocated-bytes non-tlh="36466928" tlh="632689744" />
  <largest-consumer threadName="Group1.Backend.CompositeBackend{Tier1}.8" threadId="00000000008AF400" bytes="106757776" />
</allocation-stats>
<gc-op id="3338" type="scavenge" timems="106.876" contextid="3335" timestamp="2020-09-12T18:50:36.695">
  <scavenger-info tenureage="3" tenuremask="7ff8" tiltratio="84" />
  <memory-copied type="nursery" objects="4006410" bytes="107521112" bytesdiscarded="134040" />
  <memory-copied type="tenure" objects="1134347" bytes="30503392" bytesdiscarded="51048" />
  <ownableSynchronizers candidates="3436" cleared="3029" />
  <references type="soft" candidates="346" cleared="0" enqueued="0" dynamicThreshold="19" maxThreshold="32" />
  <references type="weak" candidates="132" cleared="132" enqueued="0" />
</gc-op>
<gc-end id="3339" type="scavenge" contextid="3335" durationms="107.865" usertimems="768.378" systemtimems="3.296" timestamp="2020-09-12T18:50:36.695" activeThreads="8">
  <mem-info id="3340" free="1558818312" total="2911895552" percent="53">
    <mem type="nursery" free="685639936" total="939524096" percent="72">
      <mem type="allocate" free="685639936" total="793378816" percent="86" />
      <mem type="survivor" free="0" total="146145280" percent="0" />
    </mem>
    <mem type="tenure" free="873178376" total="1972371456" percent="44" macro-fragmented="0">
      <mem type="soa" free="754835720" total="1854028800" percent="40" />
      <mem type="loa" free="118342656" total="118342656" percent="100" />
    </mem>
    <remembered-set count="30742" />
  </mem-info>
</gc-end>
<cycle-end id="3341" type="scavenge" contextid="3335" timestamp="2020-09-12T18:50:36.697" />
<allocation-satisfied id="3342" threadId="00000000008AF400" bytesRequested="784" />
<af-end id="3343" timestamp="2020-09-12T18:50:36.697" threadId="00000000008AFD80" success="true" from="nursery"/>
<exclusive-end id="3344" timestamp="2020-09-12T18:50:36.697" durationms="110.741" />

<exclusive-start id="3345" timestamp="2020-09-12T18:50:38.719" intervalms="2132.693">
  <response-info timems="0.612" idlems="0.612" threads="0" lastid="000000000082C800" lastname="Group1.Backend.CompositeBackend{Tier1}.4" />
</exclusive-start>
<af-start id="3346" threadId="000000000082D180" totalBytesRequested="24" timestamp="2020-09-12T18:50:38.720" intervalms="2132.707" type="nursery" />
<cycle-start id="3347" type="scavenge" contextid="0" timestamp="2020-09-12T18:50:38.720" intervalms="2132.706" />
<gc-start id="3348" type="scavenge" contextid="3347" timestamp="2020-09-12T18:50:38.720">
  <mem-info id="3349" free="873178376" total="2911895552" percent="29">
    <mem type="nursery" free="0" total="939524096" percent="0">
      <mem type="allocate" free="0" total="793378816" percent="0" />
      <mem type="survivor" free="0" total="146145280" percent="0" />
    </mem>
    <mem type="tenure" free="873178376" total="1972371456" percent="44">
      <mem type="soa" free="754835720" total="1854028800" percent="40" />
      <mem type="loa" free="118342656" total="118342656" percent="100" />
    </mem>
    <remembered-set count="195357" />
  </mem-info>
</gc-start>
<allocation-stats totalBytes="685291336" >
  <allocated-bytes non-tlh="29358448" tlh="655932888" />
  <largest-consumer threadName="Group1.Backend.CompositeBackend{Tier1}.1" threadId="0000000000781D00" bytes="89218624" />
</allocation-stats>
<gc-op id="3350" type="scavenge" timems="114.888" contextid="3347" timestamp="2020-09-12T18:50:38.835">
  <scavenger-info tenureage="3" tenuremask="7ff8" tiltratio="84" />
  <memory-copied type="nursery" objects="4100132" bytes="109968248" bytesdiscarded="211656" />
  <memory-copied type="tenure" objects="1042018" bytes="27991816" bytesdiscarded="53856" />
  <ownableSynchronizers candidates="5039" cleared="4649" />
  <references type="soft" candidates="353" cleared="0" enqueued="0" dynamicThreshold="19" maxThreshold="32" />
  <references type="weak" candidates="112" cleared="111" enqueued="0" />
</gc-op>
<gc-end id="3351" type="scavenge" contextid="3347" durationms="116.101" usertimems="807.817" systemtimems="7.939" timestamp="2020-09-12T18:50:38.836" activeThreads="8">
  <mem-info id="3352" free="1532612168" total="2911895552" percent="52">
    <mem type="nursery" free="687181824" total="939524096" percent="73">
      <mem type="allocate" free="687181824" total="797442048" percent="86" />
      <mem type="survivor" free="0" total="142082048" percent="0" />
    </mem>
    <mem type="tenure" free="845430344" total="1972371456" percent="42" macro-fragmented="0">
      <mem type="soa" free="727087688" total="1854028800" percent="39" />
      <mem type="loa" free="118342656" total="118342656" percent="100" />
    </mem>
    <remembered-set count="29889" />
  </mem-info>
</gc-end>
<cycle-end id="3353" type="scavenge" contextid="3347" timestamp="2020-09-12T18:50:38.838" />
<allocation-satisfied id="3354" threadId="000000000082C800" bytesRequested="24" />
<af-end id="3355" timestamp="2020-09-12T18:50:38.838" threadId="000000000082D180" success="true" from="nursery"/>
<exclusive-end id="3356" timestamp="2020-09-12T18:50:38.838" durationms="119.241" />

<exclusive-start id="3357" timestamp="2020-09-12T18:50:40.721" intervalms="2001.381">
  <response-info timems="0.777" idlems="0.777" threads="0" lastid="00000000008AF400" lastname="Group1.Backend.CompositeBackend{Tier1}.8" />
</exclusive-start>
<af-start id="3358" threadId="00000000008AFD80" totalBytesRequested="16" timestamp="2020-09-12T18:50:40.721" intervalms="2001.465" type="nursery" />
<cycle-start id="3359" type="scavenge" contextid="0" timestamp="2020-09-12T18:50:40.721" intervalms="2001.448" />
<gc-start id="3360" type="scavenge" contextid="3359" timestamp="2020-09-12T18:50:40.722">
  <mem-info id="3361" free="845430344" total="2911895552" percent="29">
    <mem type="nursery" free="0" total="939524096" percent="0">
      <mem type="allocate" free="0" total="797442048" percent="0" />
      <mem type="survivor" free="0" total="142082048" percent="0" />
    </mem>
    <mem type="tenure" free="845430344" total="1972371456" percent="42">
      <mem type="soa" free="727087688" total="1854028800" percent="39" />
      <mem type="loa" free="118342656" total="118342656" percent="100" />
    </mem>
    <remembered-set count="190235" />
  </mem-info>
</gc-start>
<allocation-stats totalBytes="686875600" >
  <allocated-bytes non-tlh="36536544" tlh="650339056" />
  <largest-consumer threadName="Group1.Backend.CompositeBackend{Tier1}.1" threadId="0000000000781D00" bytes="92994648" />
</allocation-stats>
<gc-op id="3362" type="scavenge" timems="100.769" contextid="3359" timestamp="2020-09-12T18:50:40.823">
  <scavenger-info tenureage="3" tenuremask="7ff8" tiltratio="84" />
  <memory-copied type="nursery" objects="4244506" bytes="112947824" bytesdiscarded="172448" />
  <memory-copied type="tenure" objects="1134023" bytes="30494824" bytesdiscarded="65360" />
  <ownableSynchronizers candidates="3676" cleared="3302" />
  <references type="soft" candidates="336" cleared="0" enqueued="0" dynamicThreshold="19" maxThreshold="32" />
  <references type="weak" candidates="113" cleared="113" enqueued="0" />
</gc-op>
<gc-end id="3363" type="scavenge" contextid="3359" durationms="101.636" usertimems="773.933" systemtimems="0.000" timestamp="2020-09-12T18:50:40.823" activeThreads="8">
  <mem-info id="3364" free="1501332592" total="2911895552" percent="51">
    <mem type="nursery" free="686669040" total="939524096" percent="73">
      <mem type="allocate" free="686669040" total="799866880" percent="85" />
      <mem type="survivor" free="0" total="139657216" percent="0" />
    </mem>
    <mem type="tenure" free="814663552" total="1972371456" percent="41" macro-fragmented="0">
      <mem type="soa" free="696320896" total="1854028800" percent="37" />
      <mem type="loa" free="118342656" total="118342656" percent="100" />
    </mem>
    <remembered-set count="29149" />
  </mem-info>
</gc-end>
<cycle-end id="3365" type="scavenge" contextid="3359" timestamp="2020-09-12T18:50:40.825" />
<allocation-satisfied id="3366" threadId="00000000008AF400" bytesRequested="16" />
<af-end id="3367" timestamp="2020-09-12T18:50:40.825" threadId="00000000008AFD80" success="true" from="nursery"/>
<exclusive-end id="3368" timestamp="2020-09-12T18:50:40.825" durationms="104.152" />

<exclusive-start id="3369" timestamp="2020-09-12T18:50:42.860" intervalms="2139.876">
  <response-info timems="4.980" idlems="4.980" threads="0" lastid="0000000000873800" lastname="Group1.Backend.CompositeBackend{Tier1}.5" />
</exclusive-start>
<af-start id="3370" threadId="0000000000874180" totalBytesRequested="32" timestamp="2020-09-12T18:50:42.861" intervalms="2139.897" type="nursery" />
<cycle-start id="3371" type="scavenge" contextid="0" timestamp="2020-09-12T18:50:42.861" intervalms="2139.886" />
<gc-start id="3372" type="scavenge" contextid="3371" timestamp="2020-09-12T18:50:42.862">
  <mem-info id="3373" free="814663552" total="2911895552" percent="27">
    <mem type="nursery" free="0" total="939524096" percent="0">
      <mem type="allocate" free="0" total="799866880" percent="0" />
      <mem type="survivor" free="0" total="139657216" percent="0" />
    </mem>
    <mem type="tenure" free="814663552" total="1972371456" percent="41">
      <mem type="soa" free="696320896" total="1854028800" percent="37" />
      <mem type="loa" free="118342656" total="118342656" percent="100" />
    </mem>
    <remembered-set count="192717" />
  </mem-info>
</gc-start>
<allocation-stats totalBytes="686338848" >
  <allocated-bytes non-tlh="32036600" tlh="654302248" />
  <largest-consumer threadName="Group1.Backend.CompositeBackend{Tier1}.2" threadId="00000000007F7500" bytes="110393256" />
</allocation-stats>
<gc-op id="3374" type="scavenge" timems="108.412" contextid="3371" timestamp="2020-09-12T18:50:42.970">
  <scavenger-info tenureage="3" tenuremask="7ff8" tiltratio="85" />
  <memory-copied type="nursery" objects="4104275" bytes="110042280" bytesdiscarded="278064" />
  <memory-copied type="tenure" objects="1046081" bytes="28131984" bytesdiscarded="63368" />
  <ownableSynchronizers candidates="3326" cleared="2962" />
  <references type="soft" candidates="351" cleared="0" enqueued="0" dynamicThreshold="19" maxThreshold="32" />
  <references type="weak" candidates="123" cleared="123" enqueued="0" />
</gc-op>
<gc-end id="3375" type="scavenge" contextid="3371" durationms="109.417" usertimems="790.733" systemtimems="0.012" timestamp="2020-09-12T18:50:42.971" activeThreads="8">
  <mem-info id="3376" free="1478852840" total="2911895552" percent="50">
    <mem type="nursery" free="692086016" total="939524096" percent="73">
      <mem type="allocate" free="692086016" total="802488320" percent="86" />
      <mem type="survivor" free="0" total="137035776" percent="0" />
    </mem>
    <mem type="tenure" free="786766824" total="1972371456" percent="39" macro-fragmented="0">
      <mem type="soa" free="668424168" total="1854028800" percent="36" />
      <mem type="loa" free="118342656" total="118342656" percent="100" />
    </mem>
    <remembered-set count="29918" />
  </mem-info>
</gc-end>
<cycle-end id="3377" type="scavenge" contextid="3371" timestamp="2020-09-12T18:50:42.972" />
<allocation-satisfied id="3378" threadId="0000000000873800" bytesRequested="32" />
<af-end id="3379" timestamp="2020-09-12T18:50:42.972" threadId="0000000000874180" success="true" from="nursery"/>
<exclusive-end id="3380" timestamp="2020-09-12T18:50:42.972" durationms="111.901" />

<exclusive-start id="3381" timestamp="2020-09-12T18:50:44.944" intervalms="2083.034">
  <response-info timems="0.336" idlems="0.336" threads="0" lastid="0000000000781D00" lastname="Group1.Backend.CompositeBackend{Tier1}.1" />
</exclusive-start>
<af-start id="3382" threadId="0000000000782680" totalBytesRequested="131080" timestamp="2020-09-12T18:50:44.944" intervalms="2082.947" type="nursery" />
<cycle-start id="3383" type="scavenge" contextid="0" timestamp="2020-09-12T18:50:44.944" intervalms="2082.959" />
<gc-start id="3384" type="scavenge" contextid="3383" timestamp="2020-09-12T18:50:44.945">
  <mem-info id="3385" free="786775872" total="2911895552" percent="27">
    <mem type="nursery" free="9048" total="939524096" percent="0">
      <mem type="allocate" free="9048" total="802488320" percent="0" />
      <mem type="survivor" free="0" total="137035776" percent="0" />
    </mem>
    <mem type="tenure" free="786766824" total="1972371456" percent="39">
      <mem type="soa" free="668424168" total="1854028800" percent="36" />
      <mem type="loa" free="118342656" total="118342656" percent="100" />
    </mem>
    <remembered-set count="194304" />
  </mem-info>
</gc-start>
<allocation-stats totalBytes="691724208" >
  <allocated-bytes non-tlh="29958472" tlh="661765736" />
  <largest-consumer threadName="Group1.Backend.CompositeBackend{Tier1}.7" threadId="00000000008AAD00" bytes="99403984" />
</allocation-stats>
<gc-op id="3386" type="scavenge" timems="130.498" contextid="3383" timestamp="2020-09-12T18:50:45.075">
  <scavenger-info tenureage="3" tenuremask="7ff8" tiltratio="85" />
  <memory-copied type="nursery" objects="4838525" bytes="127374040" bytesdiscarded="100568" />
  <memory-copied type="tenure" objects="1115502" bytes="29984752" bytesdiscarded="58736" />
  <ownableSynchronizers candidates="5410" cleared="4989" />
  <references type="soft" candidates="361" cleared="0" enqueued="0" dynamicThreshold="19" maxThreshold="32" />
  <references type="weak" candidates="122" cleared="122" enqueued="0" />
</gc-op>
<gc-end id="3387" type="scavenge" contextid="3383" durationms="131.701" usertimems="1004.294" systemtimems="0.000" timestamp="2020-09-12T18:50:45.076" activeThreads="8">
  <mem-info id="3388" free="1411161072" total="2911895552" percent="48">
    <mem type="nursery" free="654874448" total="939524096" percent="69">
      <mem type="allocate" free="654874448" total="782434304" percent="83" />
      <mem type="survivor" free="0" total="157089792" percent="0" />
    </mem>
    <mem type="tenure" free="756286624" total="1972371456" percent="38" macro-fragmented="0">
      <mem type="soa" free="637943968" total="1854028800" percent="34" />
      <mem type="loa" free="118342656" total="118342656" percent="100" />
    </mem>
    <remembered-set count="29777" />
  </mem-info>
</gc-end>
<cycle-end id="3389" type="scavenge" contextid="3383" timestamp="2020-09-12T18:50:45.078" />
<allocation-satisfied id="3390" threadId="0000000000781D00" bytesRequested="131080" />
<af-end id="3391" timestamp="2020-09-12T18:50:45.078" threadId="0000000000782680" success="true" from="nursery"/>
<exclusive-end id="3392" timestamp="2020-09-12T18:50:45.078" durationms="134.386" />

<exclusive-start id="3393" timestamp="2020-09-12T18:50:46.950" intervalms="2006.328">
  <response-info timems="9.695" idlems="9.695" threads="0" lastid="00000000008AAD00" lastname="Group1.Backend.CompositeBackend{Tier1}.7" />
</exclusive-start>
<af-start id="3394" threadId="00000000008AB680" totalBytesRequested="32" timestamp="2020-09-12T18:50:46.951" intervalms="2006.595" type="nursery" />
<cycle-start id="3395" type="scavenge" contextid="0" timestamp="2020-09-12T18:50:46.951" intervalms="2006.706" />
<gc-start id="3396" type="scavenge" contextid="3395" timestamp="2020-09-12T18:50:46.951">
  <mem-info id="3397" free="756286624" total="2911895552" percent="25">
    <mem type="nursery" free="0" total="939524096" percent="0">
      <mem type="allocate" free="0" total="782434304" percent="0" />
      <mem type="survivor" free="0" total="157089792" percent="0" />
    </mem>
    <mem type="tenure" free="756286624" total="1972371456" percent="38">
      <mem type="soa" free="637943968" total="1854028800" percent="34" />
      <mem type="loa" free="118342656" total="118342656" percent="100" />
    </mem>
    <remembered-set count="188458" />
  </mem-info>
</gc-start>
<allocation-stats totalBytes="654546952" >
  <allocated-bytes non-tlh="33549776" tlh="620997176" />
  <largest-consumer threadName="Group1.Backend.CompositeBackend{Tier1}.1" threadId="0000000000781D00" bytes="112654184" />
</allocation-stats>
<gc-op id="3398" type="scavenge" timems="104.474" contextid="3395" timestamp="2020-09-12T18:50:47.056">
  <scavenger-info tenureage="3" tenuremask="7ff8" tiltratio="83" />
  <memory-copied type="nursery" objects="4262619" bytes="113488736" bytesdiscarded="151640" />
  <memory-copied type="tenure" objects="1063444" bytes="28588056" bytesdiscarded="50848" />
  <ownableSynchronizers candidates="4046" cleared="3642" />
  <references type="soft" candidates="388" cleared="0" enqueued="0" dynamicThreshold="19" maxThreshold="32" />
  <references type="weak" candidates="128" cleared="128" enqueued="0" />
</gc-op>
<gc-end id="3399" type="scavenge" contextid="3395" durationms="105.661" usertimems="801.895" systemtimems="0.000" timestamp="2020-09-12T18:50:47.057" activeThreads="8">
  <mem-info id="3400" free="1399407584" total="2911895552" percent="48">
    <mem type="nursery" free="671597040" total="939524096" percent="71">
      <mem type="allocate" free="671597040" total="785317888" percent="85" />
      <mem type="survivor" free="0" total="154206208" percent="0" />
    </mem>
    <mem type="tenure" free="727810544" total="1972371456" percent="36" macro-fragmented="0">
      <mem type="soa" free="609467888" total="1854028800" percent="32" />
      <mem type="loa" free="118342656" total="118342656" percent="100" />
    </mem>
    <remembered-set count="29739" />
  </mem-info>
</gc-end>
<cycle-end id="3401" type="scavenge" contextid="3395" timestamp="2020-09-12T18:50:47.058" />
<allocation-satisfied id="3402" threadId="00000000008AAD00" bytesRequested="32" />
<af-end id="3403" timestamp="2020-09-12T18:50:47.059" threadId="00000000008AB680" success="true" from="nursery"/>
<exclusive-end id="3404" timestamp="2020-09-12T18:50:47.059" durationms="108.719" />

<exclusive-start id="3405" timestamp="2020-09-12T18:50:49.060" intervalms="2110.163">
  <response-info timems="0.594" idlems="0.594" threads="0" lastid="0000000000781D00" lastname="Group1.Backend.CompositeBackend{Tier1}.1" />
</exclusive-start>
<af-start id="3406" threadId="0000000000782680" totalBytesRequested="213728" timestamp="2020-09-12T18:50:49.061" intervalms="2109.920" type="nursery" />
<cycle-start id="3407" type="scavenge" contextid="0" timestamp="2020-09-12T18:50:49.061" intervalms="2109.798" />
<gc-start id="3408" type="scavenge" contextid="3407" timestamp="2020-09-12T18:50:49.061">
  <mem-info id="3409" free="727897128" total="2911895552" percent="24">
    <mem type="nursery" free="86584" total="939524096" percent="0">
      <mem type="allocate" free="86584" total="785317888" percent="0" />
      <mem type="survivor" free="0" total="154206208" percent="0" />
    </mem>
    <mem type="tenure" free="727810544" total="1972371456" percent="36">
      <mem type="soa" free="609467888" total="1854028800" percent="32" />
      <mem type="loa" free="118342656" total="118342656" percent="100" />
    </mem>
    <remembered-set count="192747" />
  </mem-info>
</gc-start>
<allocation-stats totalBytes="671204112" >
  <allocated-bytes non-tlh="30073520" tlh="641130592" />
  <largest-consumer threadName="Group1.Backend.CompositeBackend{Tier1}.1" threadId="0000000000781D00" bytes="91910040" />
</allocation-stats>
<gc-op id="3410" type="scavenge" timems="121.762" contextid="3407" timestamp="2020-09-12T18:50:49.183">
  <scavenger-info tenureage="3" tenuremask="7ff8" tiltratio="83" />
  <memory-copied type="nursery" objects="4196632" bytes="112473584" bytesdiscarded="197832" />
  <memory-copied type="tenure" objects="1115184" bytes="29987832" bytesdiscarded="60280" />
  <ownableSynchronizers candidates="3357" cleared="2963" />
  <references type="soft" candidates="386" cleared="0" enqueued="0" dynamicThreshold="19" maxThreshold="32" />
  <references type="weak" candidates="132" cleared="132" enqueued="0" />
</gc-op>
<gc-end id="3411" type="scavenge" contextid="3407" durationms="123.046" usertimems="885.677" systemtimems="6.808" timestamp="2020-09-12T18:50:49.184" activeThreads="8">
  <mem-info id="3412" free="1375970384" total="2911895552" percent="47">
    <mem type="nursery" free="678000408" total="939524096" percent="72">
      <mem type="allocate" free="678000408" total="790757376" percent="85" />
      <mem type="survivor" free="0" total="148766720" percent="0" />
    </mem>
    <mem type="tenure" free="697969976" total="1972371456" percent="35" macro-fragmented="0">
      <mem type="soa" free="579627320" total="1854028800" percent="31" />
      <mem type="loa" free="118342656" total="118342656" percent="100" />
    </mem>
    <remembered-set count="31395" />
  </mem-info>
</gc-end>
<cycle-end id="3413" type="scavenge" contextid="3407" timestamp="2020-09-12T18:50:49.186" />
<allocation-satisfied id="3414" threadId="0000000000781D00" bytesRequested="213728" />
<af-end id="3415" timestamp="2020-09-12T18:50:49.186" threadId="0000000000782680" success="true" from="nursery"/>
<exclusive-end id="3416" timestamp="2020-09-12T18:50:49.186" durationms="125.864" />

<exclusive-start id="3417" timestamp="2020-09-12T18:50:51.111" intervalms="2051.153">
  <response-info timems="1.926" idlems="0.967" threads="1" lastid="00000000007F7500" lastname="Group1.Backend.CompositeBackend{Tier1}.2" />
</exclusive-start>
<af-start id="3418" threadId="0000000000782680" totalBytesRequested="16" timestamp="2020-09-12T18:50:51.112" intervalms="2051.140" type="nursery" />
<cycle-start id="3419" type="scavenge" contextid="0" timestamp="2020-09-12T18:50:51.112" intervalms="2051.167" />
<gc-start id="3420" type="scavenge" contextid="3419" timestamp="2020-09-12T18:50:51.112">
  <mem-info id="3421" free="697969976" total="2911895552" percent="23">
    <mem type="nursery" free="0" total="939524096" percent="0">
      <mem type="allocate" free="0" total="790757376" percent="0" />
      <mem type="survivor" free="0" total="148766720" percent="0" />
    </mem>
    <mem type="tenure" free="697969976" total="1972371456" percent="35">
      <mem type="soa" free="579627320" total="1854028800" percent="31" />
      <mem type="loa" free="118342656" total="118342656" percent="100" />
    </mem>
    <remembered-set count="193745" />
  </mem-info>
</gc-start>
<allocation-stats totalBytes="677679536" >
  <allocated-bytes non-tlh="30567776" tlh="647111760" />
  <largest-consumer threadName="Group1.Backend.CompositeBackend{Tier1}.8" threadId="00000000008AF400" bytes="91040432" />
</allocation-stats>
<gc-op id="3422" type="scavenge" timems="150.075" contextid="3419" timestamp="2020-09-12T18:50:51.262">
  <scavenger-info tenureage="3" tenuremask="7ff8" tiltratio="84" />
  <memory-copied type="nursery" objects="4065745" bytes="108951168" bytesdiscarded="423960" />
  <memory-copied type="tenure" objects="1122646" bytes="30177944" bytesdiscarded="63112" />
  <ownableSynchronizers candidates="3786" cleared="3374" />
  <references type="soft" candidates="371" cleared="0" enqueued="0" dynamicThreshold="19" maxThreshold="32" />
  <references type="weak" candidates="123" cleared="123" enqueued="0" />
</gc-op>
<gc-end id="3423" type="scavenge" contextid="3419" durationms="151.217" usertimems="1102.515" systemtimems="32.489" timestamp="2020-09-12T18:50:51.263" activeThreads="8">
  <mem-info id="3424" free="1353510872" total="2911895552" percent="46">
    <mem type="nursery" free="685817088" total="939524096" percent="72">
      <mem type="allocate" free="685817088" total="795279360" percent="86" />
      <mem type="survivor" free="0" total="144244736" percent="0" />
    </mem>
    <mem type="tenure" free="667693784" total="1972371456" percent="33" macro-fragmented="0">
      <mem type="soa" free="549351128" total="1854028800" percent="29" />
      <mem type="loa" free="118342656" total="118342656" percent="100" />
    </mem>
    <remembered-set count="31138" />
  </mem-info>
</gc-end>
<cycle-end id="3425" type="scavenge" contextid="3419" timestamp="2020-09-12T18:50:51.265" />
<allocation-satisfied id="3426" threadId="0000000000781D00" bytesRequested="16" />
<af-end id="3427" timestamp="2020-09-12T18:50:51.265" threadId="0000000000782680" success="true" from="nursery"/>
<exclusive-end id="3428" timestamp="2020-09-12T18:50:51.265" durationms="154.166" />

<exclusive-start id="3429" timestamp="2020-09-12T18:50:53.166" intervalms="2054.478">
  <response-info timems="0.747" idlems="0.747" threads="0" lastid="00000000007F7500" lastname="Group1.Backend.CompositeBackend{Tier1}.2" />
</exclusive-start>
<af-start id="3430" threadId="00000000007F7E80" totalBytesRequested="32" timestamp="2020-09-12T18:50:53.166" intervalms="2054.450" type="nursery" />
<cycle-start id="3431" type="scavenge" contextid="0" timestamp="2020-09-12T18:50:53.166" intervalms="2054.442" />
<gc-start id="3432" type="scavenge" contextid="3431" timestamp="2020-09-12T18:50:53.167">
  <mem-info id="3433" free="667693784" total="2911895552" percent="22">
    <mem type="nursery" free="0" total="939524096" percent="0">
      <mem type="allocate" free="0" total="795279360" percent="0" />
      <mem type="survivor" free="0" total="144244736" percent="0" />
    </mem>
    <mem type="tenure" free="667693784" total="1972371456" percent="33">
      <mem type="soa" free="549351128" total="1854028800" percent="29" />
      <mem type="loa" free="118342656" total="118342656" percent="100" />
    </mem>
    <remembered-set count="194449" />
  </mem-info>
</gc-start>
<allocation-stats totalBytes="685489056" >
  <allocated-bytes non-tlh="31360336" tlh="654128720" />
  <largest-consumer threadName="Group1.Backend.CompositeBackend{Tier1}.8" threadId="00000000008AF400" bytes="96064080" />
</allocation-stats>
<gc-op id="3434" type="scavenge" timems="120.230" contextid="3431" timestamp="2020-09-12T18:50:53.287">
  <scavenger-info tenureage="3" tenuremask="7ff8" tiltratio="84" />
  <memory-copied type="nursery" objects="4339702" bytes="115429240" bytesdiscarded="182760" />
  <memory-copied type="tenure" objects="1051661" bytes="28269264" bytesdiscarded="60056" />
  <ownableSynchronizers candidates="3962" cleared="3577" />
  <references type="soft" candidates="371" cleared="0" enqueued="0" dynamicThreshold="19" maxThreshold="32" />
  <references type="weak" candidates="112" cleared="112" enqueued="0" />
</gc-op>
<gc-end id="3435" type="scavenge" contextid="3431" durationms="121.012" usertimems="849.271" systemtimems="1.929" timestamp="2020-09-12T18:50:53.288" activeThreads="8">
  <mem-info id="3436" free="1320468336" total="2911895552" percent="45">
    <mem type="nursery" free="681151096" total="939524096" percent="72">
      <mem type="allocate" free="681151096" total="796852224" percent="85" />
      <mem type="survivor" free="0" total="142671872" percent="0" />
    </mem>
    <mem type="tenure" free="639317240" total="1972371456" percent="32" macro-fragmented="0">
      <mem type="soa" free="520974584" total="1854028800" percent="28" />
      <mem type="loa" free="118342656" total="118342656" percent="100" />
    </mem>
    <remembered-set count="31757" />
  </mem-info>
</gc-end>
<cycle-end id="3437" type="scavenge" contextid="3431" timestamp="2020-09-12T18:50:53.289" />
<allocation-satisfied id="3438" threadId="00000000007F7500" bytesRequested="32" />
<af-end id="3439" timestamp="2020-09-12T18:50:53.289" threadId="00000000007F7E80" success="true" from="nursery"/>
<exclusive-end id="3440" timestamp="2020-09-12T18:50:53.289" durationms="123.739" />

<exclusive-start id="3441" timestamp="2020-09-12T18:50:55.258" intervalms="2092.385">
  <response-info timems="0.336" idlems="0.336" threads="0" lastid="00000000007F7500" lastname="Group1.Backend.CompositeBackend{Tier1}.2" />
</exclusive-start>
<af-start id="3442" threadId="00000000007F7E80" totalBytesRequested="664" timestamp="2020-09-12T18:50:55.259" intervalms="2092.403" type="nursery" />
<cycle-start id="3443" type="scavenge" contextid="0" timestamp="2020-09-12T18:50:55.259" intervalms="2092.417" />
<gc-start id="3444" type="scavenge" contextid="3443" timestamp="2020-09-12T18:50:55.259">
  <mem-info id="3445" free="639317240" total="2911895552" percent="21">
    <mem type="nursery" free="0" total="939524096" percent="0">
      <mem type="allocate" free="0" total="796852224" percent="0" />
      <mem type="survivor" free="0" total="142671872" percent="0" />
    </mem>
    <mem type="tenure" free="639317240" total="1972371456" percent="32">
      <mem type="soa" free="520974584" total="1854028800" percent="28" />
      <mem type="loa" free="118342656" total="118342656" percent="100" />
    </mem>
    <remembered-set count="194635" />
  </mem-info>
</gc-start>
<allocation-stats totalBytes="680815000" >
  <allocated-bytes non-tlh="32361096" tlh="648453904" />
  <largest-consumer threadName="Group1.Backend.CompositeBackend{Tier1}.5" threadId="0000000000873800" bytes="84546576" />
</allocation-stats>
<gc-op id="3446" type="scavenge" timems="119.418" contextid="3443" timestamp="2020-09-12T18:50:55.379">
  <scavenger-info tenureage="3" tenuremask="7ff8" tiltratio="84" />
  <memory-copied type="nursery" objects="4233160" bytes="112562312" bytesdiscarded="178608" />
  <memory-copied type="tenure" objects="1089600" bytes="29269496" bytesdiscarded="71304" />
  <ownableSynchronizers candidates="3876" cleared="3502" />
  <references type="soft" candidates="362" cleared="0" enqueued="0" dynamicThreshold="19" maxThreshold="32" />
  <references type="weak" candidates="121" cleared="121" enqueued="0" />
</gc-op>
<gc-end id="3447" type="scavenge" contextid="3443" durationms="120.327" usertimems="877.949" systemtimems="1.275" timestamp="2020-09-12T18:50:55.379" activeThreads="8">
  <mem-info id="3448" free="1296442648" total="2911895552" percent="44">
    <mem type="nursery" free="686652912" total="939524096" percent="73">
      <mem type="allocate" free="686652912" total="799473664" percent="85" />
      <mem type="survivor" free="0" total="140050432" percent="0" />
    </mem>
    <mem type="tenure" free="609789736" total="1972371456" percent="30" macro-fragmented="0">
      <mem type="soa" free="491447080" total="1854028800" percent="26" />
      <mem type="loa" free="118342656" total="118342656" percent="100" />
    </mem>
    <remembered-set count="30501" />
  </mem-info>
</gc-end>
<cycle-end id="3449" type="scavenge" contextid="3443" timestamp="2020-09-12T18:50:55.381" />
<allocation-satisfied id="3450" threadId="00000000007F7500" bytesRequested="664" />
<af-end id="3451" timestamp="2020-09-12T18:50:55.381" threadId="00000000007F7E80" success="true" from="nursery"/>
<exclusive-end id="3452" timestamp="2020-09-12T18:50:55.381" durationms="123.051" />

<exclusive-start id="3453" timestamp="2020-09-12T18:50:57.332" intervalms="2073.798">
  <response-info timems="0.482" idlems="0.482" threads="0" lastid="00000000008A0000" lastname="Group1.Backend.CompositeBackend{Tier1}.6" />
</exclusive-start>
<af-start id="3454" threadId="00000000008A0980" totalBytesRequested="88" timestamp="2020-09-12T18:50:57.332" intervalms="2073.781" type="nursery" />
<cycle-start id="3455" type="scavenge" contextid="0" timestamp="2020-09-12T18:50:57.333" intervalms="2073.736" />
<gc-start id="3456" type="scavenge" contextid="3455" timestamp="2020-09-12T18:50:57.333">
  <mem-info id="3457" free="609789736" total="2911895552" percent="20">
    <mem type="nursery" free="0" total="939524096" percent="0">
      <mem type="allocate" free="0" total="799473664" percent="0" />
      <mem type="survivor" free="0" total="140050432" percent="0" />
    </mem>
    <mem type="tenure" free="609789736" total="1972371456" percent="30">
      <mem type="soa" free="491447080" total="1854028800" percent="26" />
      <mem type="loa" free="118342656" total="118342656" percent="100" />
    </mem>
    <remembered-set count="193508" />
  </mem-info>
</gc-start>
<allocation-stats totalBytes="686301944" >
  <allocated-bytes non-tlh="33332568" tlh="652969376" />
  <largest-consumer threadName="Group1.Backend.CompositeBackend{Tier1}.5" threadId="0000000000873800" bytes="98572240" />
</allocation-stats>
<gc-op id="3458" type="scavenge" timems="114.131" contextid="3455" timestamp="2020-09-12T18:50:57.447">
  <scavenger-info tenureage="3" tenuremask="7ff8" tiltratio="85" />
  <memory-copied type="nursery" objects="4166739" bytes="112012112" bytesdiscarded="379928" />
  <memory-copied type="tenure" objects="1067397" bytes="28694176" bytesdiscarded="64520" />
  <ownableSynchronizers candidates="3807" cleared="3419" />
  <references type="soft" candidates="351" cleared="0" enqueued="0" dynamicThreshold="19" maxThreshold="32" />
  <references type="weak" candidates="118" cleared="118" enqueued="0" />
</gc-op>
<gc-end id="3459" type="scavenge" contextid="3455" durationms="114.920" usertimems="859.363" systemtimems="5.412" timestamp="2020-09-12T18:50:57.448" activeThreads="8">
  <mem-info id="3460" free="1271063888" total="2911895552" percent="43">
    <mem type="nursery" free="689815080" total="939524096" percent="73">
      <mem type="allocate" free="689815080" total="802291712" percent="85" />
      <mem type="survivor" free="0" total="137232384" percent="0" />
    </mem>
    <mem type="tenure" free="581248808" total="1972371456" percent="29" macro-fragmented="0">
      <mem type="soa" free="462906152" total="1854028800" percent="24" />
      <mem type="loa" free="118342656" total="118342656" percent="100" />
    </mem>
    <remembered-set count="30737" />
  </mem-info>
</gc-end>
<cycle-end id="3461" type="scavenge" contextid="3455" timestamp="2020-09-12T18:50:57.449" />
<allocation-satisfied id="3462" threadId="00000000008A0000" bytesRequested="88" />
<af-end id="3463" timestamp="2020-09-12T18:50:57.449" threadId="00000000008A0980" success="true" from="nursery"/>
<exclusive-end id="3464" timestamp="2020-09-12T18:50:57.449" durationms="117.531" />

<exclusive-start id="3465" timestamp="2020-09-12T18:50:59.392" intervalms="2060.435">
  <response-info timems="0.389" idlems="0.389" threads="0" lastid="0000000000847B00" lastname="Group1.Backend.CompositeBackend{Tier1}.3" />
</exclusive-start>
<af-start id="3466" threadId="0000000000848480" totalBytesRequested="24" timestamp="2020-09-12T18:50:59.393" intervalms="2060.584" type="nursery" />
<cycle-start id="3467" type="scavenge" contextid="0" timestamp="2020-09-12T18:50:59.393" intervalms="2060.606" />
<gc-start id="3468" type="scavenge" contextid="3467" timestamp="2020-09-12T18:50:59.394">
  <mem-info id="3469" free="581248808" total="2911895552" percent="19">
    <mem type="nursery" free="0" total="939524096" percent="0">
      <mem type="allocate" free="0" total="802291712" percent="0" />
      <mem type="survivor" free="0" total="137232384" percent="0" />
    </mem>
    <mem type="tenure" free="581248808" total="1972371456" percent="29">
      <mem type="soa" free="462906152" total="1854028800" percent="24" />
      <mem type="loa" free="118342656" total="118342656" percent="100" />
    </mem>
    <remembered-set count="194104" />
  </mem-info>
</gc-start>
<allocation-stats totalBytes="689487680" >
  <allocated-bytes non-tlh="32625032" tlh="656862648" />
  <largest-consumer threadName="Group1.Backend.CompositeBackend{Tier1}.6" threadId="00000000008A0000" bytes="111465232" />
</allocation-stats>
<gc-op id="3470" type="scavenge" timems="116.266" contextid="3467" timestamp="2020-09-12T18:50:59.510">
  <scavenger-info tenureage="3" tenuremask="7ff8" tiltratio="85" />
  <memory-copied type="nursery" objects="4056796" bytes="109048328" bytesdiscarded="305856" />
  <memory-copied type="tenure" objects="1091370" bytes="29338904" bytesdiscarded="82808" />
  <ownableSynchronizers candidates="3573" cleared="3189" />
  <references type="soft" candidates="345" cleared="0" enqueued="0" dynamicThreshold="19" maxThreshold="32" />
  <references type="weak" candidates="123" cleared="123" enqueued="0" />
</gc-op>
<gc-end id="3471" type="scavenge" contextid="3467" durationms="117.039" usertimems="770.509" systemtimems="0.000" timestamp="2020-09-12T18:50:59.510" activeThreads="8">
  <mem-info id="3472" free="1247065056" total="2911895552" percent="42">
    <mem type="nursery" free="695213952" total="939524096" percent="73">
      <mem type="allocate" free="695213952" total="804651008" percent="86" />
      <mem type="survivor" free="0" total="134873088" percent="0" />
    </mem>
    <mem type="tenure" free="551851104" total="1972371456" percent="27" macro-fragmented="0">
      <mem type="soa" free="433508448" total="1854028800" percent="23" />
      <mem type="loa" free="118342656" total="118342656" percent="100" />
    </mem>
    <remembered-set count="31108" />
  </mem-info>
</gc-end>
<cycle-end id="3473" type="scavenge" contextid="3467" timestamp="2020-09-12T18:50:59.512" />
<allocation-satisfied id="3474" threadId="0000000000847B00" bytesRequested="24" />
<af-end id="3475" timestamp="2020-09-12T18:50:59.512" threadId="0000000000848480" success="true" from="nursery"/>
<exclusive-end id="3476" timestamp="2020-09-12T18:50:59.512" durationms="119.905" />

<exclusive-start id="3477" timestamp="2020-09-12T18:51:01.618" intervalms="2225.714">
  <response-info timems="0.488" idlems="0.488" threads="0" lastid="0000000000781D00" lastname="Group1.Backend.CompositeBackend{Tier1}.1" />
</exclusive-start>
<af-start id="3478" threadId="0000000000782680" totalBytesRequested="16" timestamp="2020-09-12T18:51:01.619" intervalms="2225.525" type="nursery" />
<cycle-start id="3479" type="scavenge" contextid="0" timestamp="2020-09-12T18:51:01.619" intervalms="2225.516" />
<gc-start id="3480" type="scavenge" contextid="3479" timestamp="2020-09-12T18:51:01.619">
  <mem-info id="3481" free="551851104" total="2911895552" percent="18">
    <mem type="nursery" free="0" total="939524096" percent="0">
      <mem type="allocate" free="0" total="804651008" percent="0" />
      <mem type="survivor" free="0" total="134873088" percent="0" />
    </mem>
    <mem type="tenure" free="551851104" total="1972371456" percent="27">
      <mem type="soa" free="433508448" total="1854028800" percent="23" />
      <mem type="loa" free="118342656" total="118342656" percent="100" />
    </mem>
    <remembered-set count="195983" />
  </mem-info>
</gc-start>
<allocation-stats totalBytes="694869504" >
  <allocated-bytes non-tlh="31448896" tlh="663420608" />
  <largest-consumer threadName="Group1.Backend.CompositeBackend{Tier1}.1" threadId="0000000000781D00" bytes="106666680" />
</allocation-stats>
<gc-op id="3482" type="scavenge" timems="116.685" contextid="3479" timestamp="2020-09-12T18:51:01.736">
  <scavenger-info tenureage="3" tenuremask="7ff8" tiltratio="85" />
  <memory-copied type="nursery" objects="4087302" bytes="109832072" bytesdiscarded="190744" />
  <memory-copied type="tenure" objects="1087280" bytes="29223024" bytesdiscarded="84432" />
  <ownableSynchronizers candidates="4009" cleared="3637" />
  <references type="soft" candidates="368" cleared="0" enqueued="0" dynamicThreshold="19" maxThreshold="32" />
  <references type="weak" candidates="122" cleared="122" enqueued="0" />
</gc-op>
<gc-end id="3483" type="scavenge" contextid="3479" durationms="117.485" usertimems="760.159" systemtimems="16.459" timestamp="2020-09-12T18:51:01.736" activeThreads="8">
  <mem-info id="3484" free="1219201224" total="2911895552" percent="41">
    <mem type="nursery" free="696700128" total="939524096" percent="74">
      <mem type="allocate" free="696700128" total="806813696" percent="86" />
      <mem type="survivor" free="0" total="132710400" percent="0" />
    </mem>
    <mem type="tenure" free="522501096" total="1972371456" percent="26" macro-fragmented="0">
      <mem type="soa" free="404158440" total="1854028800" percent="21" />
      <mem type="loa" free="118342656" total="118342656" percent="100" />
    </mem>
    <remembered-set count="31164" />
  </mem-info>
</gc-end>
<cycle-end id="3485" type="scavenge" contextid="3479" timestamp="2020-09-12T18:51:01.738" />
<allocation-satisfied id="3486" threadId="0000000000781D00" bytesRequested="16" />
<af-end id="3487" timestamp="2020-09-12T18:51:01.738" threadId="0000000000782680" success="true" from="nursery"/>
<exclusive-end id="3488" timestamp="2020-09-12T18:51:01.738" durationms="120.264" />

<exclusive-start id="3489" timestamp="2020-09-12T18:51:03.683" intervalms="2065.300">
  <response-info timems="0.685" idlems="0.473" threads="1" lastid="000000000082C800" lastname="Group1.Backend.CompositeBackend{Tier1}.4" />
</exclusive-start>
<af-start id="3490" threadId="00000000008AB680" totalBytesRequested="16" timestamp="2020-09-12T18:51:03.684" intervalms="2065.376" type="nursery" />
<cycle-start id="3491" type="scavenge" contextid="0" timestamp="2020-09-12T18:51:03.684" intervalms="2065.370" />
<gc-start id="3492" type="scavenge" contextid="3491" timestamp="2020-09-12T18:51:03.684">
  <mem-info id="3493" free="522501096" total="2911895552" percent="17">
    <mem type="nursery" free="0" total="939524096" percent="0">
      <mem type="allocate" free="0" total="806813696" percent="0" />
      <mem type="survivor" free="0" total="132710400" percent="0" />
    </mem>
    <mem type="tenure" free="522501096" total="1972371456" percent="26">
      <mem type="soa" free="404158440" total="1854028800" percent="21" />
      <mem type="loa" free="118342656" total="118342656" percent="100" />
    </mem>
    <remembered-set count="193915" />
  </mem-info>
</gc-start>
<allocation-stats totalBytes="696372456" >
  <allocated-bytes non-tlh="36968664" tlh="659403792" />
  <largest-consumer threadName="Group1.Backend.CompositeBackend{Tier1}.1" threadId="0000000000781D00" bytes="104745232" />
</allocation-stats>
<gc-op id="3494" type="scavenge" timems="108.143" contextid="3491" timestamp="2020-09-12T18:51:03.793">
  <scavenger-info tenureage="3" tenuremask="7ff8" tiltratio="85" />
  <memory-copied type="nursery" objects="4115400" bytes="110416240" bytesdiscarded="320176" />
  <memory-copied type="tenure" objects="1088348" bytes="29385088" bytesdiscarded="68624" />
  <ownableSynchronizers candidates="3343" cleared="2971" />
  <references type="soft" candidates="378" cleared="0" enqueued="0" dynamicThreshold="19" maxThreshold="32" />
  <references type="weak" candidates="127" cleared="127" enqueued="0" />
</gc-op>
<gc-end id="3495" type="scavenge" contextid="3491" durationms="108.956" usertimems="778.916" systemtimems="4.344" timestamp="2020-09-12T18:51:03.793" activeThreads="8">
  <mem-info id="3496" free="1190881736" total="2911895552" percent="40">
    <mem type="nursery" free="697690624" total="939524096" percent="74">
      <mem type="allocate" free="697690624" total="808517632" percent="86" />
      <mem type="survivor" free="0" total="131006464" percent="0" />
    </mem>
    <mem type="tenure" free="493191112" total="1972371456" percent="25" macro-fragmented="0">
      <mem type="soa" free="374848456" total="1854028800" percent="20" />
      <mem type="loa" free="118342656" total="118342656" percent="100" />
    </mem>
    <remembered-set count="31087" />
  </mem-info>
</gc-end>
<cycle-end id="3497" type="scavenge" contextid="3491" timestamp="2020-09-12T18:51:03.795" />
<allocation-satisfied id="3498" threadId="00000000008AAD00" bytesRequested="16" />
<af-end id="3499" timestamp="2020-09-12T18:51:03.795" threadId="00000000008AB680" success="true" from="nursery"/>
<exclusive-end id="3500" timestamp="2020-09-12T18:51:03.795" durationms="111.400" />

<exclusive-start id="3501" timestamp="2020-09-12T18:51:05.822" intervalms="2138.964">
  <response-info timems="0.886" idlems="0.886" threads="0" lastid="00000000008AAD00" lastname="Group1.Backend.CompositeBackend{Tier1}.7" />
</exclusive-start>
<af-start id="3502" threadId="00000000008AB680" totalBytesRequested="32" timestamp="2020-09-12T18:51:05.823" intervalms="2138.887" type="nursery" />
<cycle-start id="3503" type="scavenge" contextid="0" timestamp="2020-09-12T18:51:05.823" intervalms="2138.888" />
<gc-start id="3504" type="scavenge" contextid="3503" timestamp="2020-09-12T18:51:05.823">
  <mem-info id="3505" free="493191112" total="2911895552" percent="16">
    <mem type="nursery" free="0" total="939524096" percent="0">
      <mem type="allocate" free="0" total="808517632" percent="0" />
      <mem type="survivor" free="0" total="131006464" percent="0" />
    </mem>
    <mem type="tenure" free="493191112" total="1972371456" percent="25">
      <mem type="soa" free="374848456" total="1854028800" percent="20" />
      <mem type="loa" free="118342656" total="118342656" percent="100" />
    </mem>
    <remembered-set count="195574" />
  </mem-info>
</gc-start>
<allocation-stats totalBytes="697364160" >
  <allocated-bytes non-tlh="31342040" tlh="666022120" />
  <largest-consumer threadName="Group1.Backend.CompositeBackend{Tier1}.1" threadId="0000000000781D00" bytes="111041928" />
</allocation-stats>
<gc-op id="3506" type="scavenge" timems="100.552" contextid="3503" timestamp="2020-09-12T18:51:05.924">
  <scavenger-info tenureage="3" tenuremask="7ff8" tiltratio="86" />
  <memory-copied type="nursery" objects="4157035" bytes="111391392" bytesdiscarded="190648" />
  <memory-copied type="tenure" objects="1076609" bytes="28961200" bytesdiscarded="78040" />
  <ownableSynchronizers candidates="4237" cleared="3845" />
  <references type="soft" candidates="388" cleared="0" enqueued="0" dynamicThreshold="19" maxThreshold="32" />
  <references type="weak" candidates="122" cleared="122" enqueued="0" />
</gc-op>
<gc-end id="3507" type="scavenge" contextid="3503" durationms="101.493" usertimems="708.582" systemtimems="0.000" timestamp="2020-09-12T18:51:05.925" activeThreads="8">
  <mem-info id="3508" free="1161849264" total="2911895552" percent="39">
    <mem type="nursery" free="697835776" total="939524096" percent="74">
      <mem type="allocate" free="697835776" total="809500672" percent="86" />
      <mem type="survivor" free="0" total="130023424" percent="0" />
    </mem>
    <mem type="tenure" free="464013488" total="1972371456" percent="23" macro-fragmented="0">
      <mem type="soa" free="345670832" total="1854028800" percent="18" />
      <mem type="loa" free="118342656" total="118342656" percent="100" />
    </mem>
    <remembered-set count="32267" />
  </mem-info>
</gc-end>
<cycle-end id="3509" type="scavenge" contextid="3503" timestamp="2020-09-12T18:51:05.929" />
<allocation-satisfied id="3510" threadId="00000000008AAD00" bytesRequested="32" />
<af-end id="3511" timestamp="2020-09-12T18:51:05.929" threadId="00000000008AB680" success="true" from="nursery"/>
<exclusive-end id="3512" timestamp="2020-09-12T18:51:05.929" durationms="106.888" />

<exclusive-start id="3513" timestamp="2020-09-12T18:51:07.868" intervalms="2046.084">
  <response-info timems="0.547" idlems="0.547" threads="0" lastid="00000000008AAD00" lastname="Group1.Backend.CompositeBackend{Tier1}.7" />
</exclusive-start>
<af-start id="3514" threadId="00000000008AB680" totalBytesRequested="56" timestamp="2020-09-12T18:51:07.869" intervalms="2046.103" type="nursery" />
<cycle-start id="3515" type="scavenge" contextid="0" timestamp="2020-09-12T18:51:07.869" intervalms="2046.106" />
<gc-start id="3516" type="scavenge" contextid="3515" timestamp="2020-09-12T18:51:07.869">
  <mem-info id="3517" free="464013488" total="2911895552" percent="15">
    <mem type="nursery" free="0" total="939524096" percent="0">
      <mem type="allocate" free="0" total="809500672" percent="0" />
      <mem type="survivor" free="0" total="130023424" percent="0" />
    </mem>
    <mem type="tenure" free="464013488" total="1972371456" percent="23">
      <mem type="soa" free="345670832" total="1854028800" percent="18" />
      <mem type="loa" free="118342656" total="118342656" percent="100" />
    </mem>
    <remembered-set count="193270" />
  </mem-info>
</gc-start>
<allocation-stats totalBytes="697493944" >
  <allocated-bytes non-tlh="36891816" tlh="660602128" />
  <largest-consumer threadName="Group1.Backend.CompositeBackend{Tier1}.7" threadId="00000000008AAD00" bytes="101836072" />
</allocation-stats>
<gc-op id="3518" type="scavenge" timems="114.293" contextid="3515" timestamp="2020-09-12T18:51:07.984">
  <scavenger-info tenureage="3" tenuremask="7ff8" tiltratio="86" />
  <memory-copied type="nursery" objects="4343766" bytes="115701544" bytesdiscarded="276712" />
  <memory-copied type="tenure" objects="1115943" bytes="29994136" bytesdiscarded="88528" />
  <ownableSynchronizers candidates="3892" cleared="3503" />
  <references type="soft" candidates="380" cleared="0" enqueued="0" dynamicThreshold="19" maxThreshold="32" />
  <references type="weak" candidates="118" cleared="118" enqueued="0" />
</gc-op>
<gc-end id="3519" type="scavenge" contextid="3515" durationms="115.098" usertimems="813.776" systemtimems="0.000" timestamp="2020-09-12T18:51:07.984" activeThreads="8">
  <mem-info id="3520" free="1123936032" total="2911895552" percent="38">
    <mem type="nursery" free="689902920" total="939524096" percent="73">
      <mem type="allocate" free="689902920" total="805961728" percent="85" />
      <mem type="survivor" free="0" total="133562368" percent="0" />
    </mem>
    <mem type="tenure" free="434033112" total="1972371456" percent="22" macro-fragmented="0">
      <mem type="soa" free="315690456" total="1854028800" percent="17" />
      <mem type="loa" free="118342656" total="118342656" percent="100" />
    </mem>
    <remembered-set count="30818" />
  </mem-info>
</gc-end>
<cycle-end id="3521" type="scavenge" contextid="3515" timestamp="2020-09-12T18:51:07.987" />
<allocation-satisfied id="3522" threadId="00000000008AAD00" bytesRequested="56" />
<af-end id="3523" timestamp="2020-09-12T18:51:07.987" threadId="00000000008AB680" success="true" from="nursery"/>
<exclusive-end id="3524" timestamp="2020-09-12T18:51:07.987" durationms="118.322" />

<exclusive-start id="3525" timestamp="2020-09-12T18:51:09.988" intervalms="2119.876">
  <response-info timems="0.467" idlems="0.236" threads="1" lastid="00000000008AF400" lastname="Group1.Backend.CompositeBackend{Tier1}.8" />
</exclusive-start>
<af-start id="3526" threadId="00000000008A0980" totalBytesRequested="32" timestamp="2020-09-12T18:51:09.989" intervalms="2119.883" type="nursery" />
<cycle-start id="3527" type="scavenge" contextid="0" timestamp="2020-09-12T18:51:09.989" intervalms="2119.874" />
<gc-start id="3528" type="scavenge" contextid="3527" timestamp="2020-09-12T18:51:09.989">
  <mem-info id="3529" free="434033112" total="2911895552" percent="14">
    <mem type="nursery" free="0" total="939524096" percent="0">
      <mem type="allocate" free="0" total="805961728" percent="0" />
      <mem type="survivor" free="0" total="133562368" percent="0" />
    </mem>
    <mem type="tenure" free="434033112" total="1972371456" percent="22">
      <mem type="soa" free="315690456" total="1854028800" percent="17" />
      <mem type="loa" free="118342656" total="118342656" percent="100" />
    </mem>
    <remembered-set count="194128" />
  </mem-info>
</gc-start>
<allocation-stats totalBytes="689577112" >
  <allocated-bytes non-tlh="33789368" tlh="655787744" />
  <largest-consumer threadName="Group1.Backend.CompositeBackend{Tier1}.6" threadId="00000000008A0000" bytes="106008048" />
</allocation-stats>
<gc-op id="3530" type="scavenge" timems="101.720" contextid="3527" timestamp="2020-09-12T18:51:10.091">
  <scavenger-info tenureage="3" tenuremask="7ff8" tiltratio="85" />
  <memory-copied type="nursery" objects="4136066" bytes="110867208" bytesdiscarded="225312" />
  <memory-copied type="tenure" objects="1093826" bytes="29397384" bytesdiscarded="81912" />
  <ownableSynchronizers candidates="4726" cleared="4314" />
  <references type="soft" candidates="388" cleared="0" enqueued="0" dynamicThreshold="19" maxThreshold="32" />
  <references type="weak" candidates="99" cleared="98" enqueued="0" />
</gc-op>
<gc-end id="3531" type="scavenge" contextid="3527" durationms="102.505" usertimems="778.320" systemtimems="7.221" timestamp="2020-09-12T18:51:10.092" activeThreads="8">
  <mem-info id="3532" free="1100087888" total="2911895552" percent="37">
    <mem type="nursery" free="695569408" total="939524096" percent="74">
      <mem type="allocate" free="695569408" total="806748160" percent="86" />
      <mem type="survivor" free="0" total="132775936" percent="0" />
    </mem>
    <mem type="tenure" free="404518480" total="1972371456" percent="20" macro-fragmented="0">
      <mem type="soa" free="286175824" total="1854028800" percent="15" />
      <mem type="loa" free="118342656" total="118342656" percent="100" />
    </mem>
    <remembered-set count="30105" />
  </mem-info>
</gc-end>
<cycle-end id="3533" type="scavenge" contextid="3527" timestamp="2020-09-12T18:51:10.093" />
<allocation-satisfied id="3534" threadId="00000000008A0000" bytesRequested="32" />
<af-end id="3535" timestamp="2020-09-12T18:51:10.093" threadId="00000000008A0980" success="true" from="nursery"/>
<exclusive-end id="3536" timestamp="2020-09-12T18:51:10.093" durationms="104.797" />

<exclusive-start id="3537" timestamp="2020-09-12T18:51:12.139" intervalms="2150.358">
  <response-info timems="0.438" idlems="0.438" threads="0" lastid="0000000000781D00" lastname="Group1.Backend.CompositeBackend{Tier1}.1" />
</exclusive-start>
<af-start id="3538" threadId="0000000000782680" totalBytesRequested="24" timestamp="2020-09-12T18:51:12.139" intervalms="2150.407" type="nursery" />
<cycle-start id="3539" type="scavenge" contextid="0" timestamp="2020-09-12T18:51:12.139" intervalms="2150.403" />
<gc-start id="3540" type="scavenge" contextid="3539" timestamp="2020-09-12T18:51:12.140">
  <mem-info id="3541" free="404518480" total="2911895552" percent="13">
    <mem type="nursery" free="0" total="939524096" percent="0">
      <mem type="allocate" free="0" total="806748160" percent="0" />
      <mem type="survivor" free="0" total="132775936" percent="0" />
    </mem>
    <mem type="tenure" free="404518480" total="1972371456" percent="20">
      <mem type="soa" free="286175824" total="1854028800" percent="15" />
      <mem type="loa" free="118342656" total="118342656" percent="100" />
    </mem>
    <remembered-set count="196268" />
  </mem-info>
</gc-start>
<allocation-stats totalBytes="695225720" >
  <allocated-bytes non-tlh="28338480" tlh="666887240" />
  <largest-consumer threadName="Group1.Backend.CompositeBackend{Tier1}.7" threadId="00000000008AAD00" bytes="92402672" />
</allocation-stats>
<gc-op id="3542" type="scavenge" timems="120.309" contextid="3539" timestamp="2020-09-12T18:51:12.260">
  <scavenger-info tenureage="3" tenuremask="7ff8" tiltratio="85" />
  <memory-copied type="nursery" objects="4465578" bytes="118590712" bytesdiscarded="199864" />
  <memory-copied type="tenure" objects="1118761" bytes="30058264" bytesdiscarded="87784" />
  <ownableSynchronizers candidates="4415" cleared="3981" />
  <references type="soft" candidates="396" cleared="0" enqueued="0" dynamicThreshold="19" maxThreshold="32" />
  <references type="weak" candidates="117" cleared="117" enqueued="0" />
</gc-op>
<gc-end id="3543" type="scavenge" contextid="3539" durationms="121.331" usertimems="903.720" systemtimems="16.111" timestamp="2020-09-12T18:51:12.261" activeThreads="8">
  <mem-info id="3544" free="1055256600" total="2911895552" percent="36">
    <mem type="nursery" free="680852976" total="939524096" percent="72">
      <mem type="allocate" free="680852976" total="799735808" percent="85" />
      <mem type="survivor" free="0" total="139788288" percent="0" />
    </mem>
    <mem type="tenure" free="374403624" total="1972371456" percent="18" macro-fragmented="0">
      <mem type="soa" free="256060968" total="1854028800" percent="13" />
      <mem type="loa" free="118342656" total="118342656" percent="100" />
    </mem>
    <remembered-set count="30179" />
  </mem-info>
</gc-end>
<cycle-end id="3545" type="scavenge" contextid="3539" timestamp="2020-09-12T18:51:12.263" />
<allocation-satisfied id="3546" threadId="0000000000781D00" bytesRequested="24" />
<af-end id="3547" timestamp="2020-09-12T18:51:12.263" threadId="0000000000782680" success="true" from="nursery"/>
<exclusive-end id="3548" timestamp="2020-09-12T18:51:12.263" durationms="124.414" />

<exclusive-start id="3549" timestamp="2020-09-12T18:51:14.200" intervalms="2061.166">
  <response-info timems="0.458" idlems="0.458" threads="0" lastid="0000000000781D00" lastname="Group1.Backend.CompositeBackend{Tier1}.1" />
</exclusive-start>
<af-start id="3550" threadId="0000000000782680" totalBytesRequested="664" timestamp="2020-09-12T18:51:14.200" intervalms="2061.095" type="nursery" />
<cycle-start id="3551" type="scavenge" contextid="0" timestamp="2020-09-12T18:51:14.200" intervalms="2061.149" />
<gc-start id="3552" type="scavenge" contextid="3551" timestamp="2020-09-12T18:51:14.201">
  <mem-info id="3553" free="374403624" total="2911895552" percent="12">
    <mem type="nursery" free="0" total="939524096" percent="0">
      <mem type="allocate" free="0" total="799735808" percent="0" />
      <mem type="survivor" free="0" total="139788288" percent="0" />
    </mem>
    <mem type="tenure" free="374403624" total="1972371456" percent="18">
      <mem type="soa" free="256060968" total="1854028800" percent="13" />
      <mem type="loa" free="118342656" total="118342656" percent="100" />
    </mem>
    <remembered-set count="192291" />
  </mem-info>
</gc-start>
<allocation-stats totalBytes="680543144" >
  <allocated-bytes non-tlh="32658128" tlh="647885016" />
  <largest-consumer threadName="Group1.Backend.CompositeBackend{Tier1}.1" threadId="0000000000781D00" bytes="105133352" />
</allocation-stats>
<gc-op id="3554" type="scavenge" timems="115.006" contextid="3551" timestamp="2020-09-12T18:51:14.316">
  <scavenger-info tenureage="3" tenuremask="7ff8" tiltratio="85" />
  <memory-copied type="nursery" objects="4381787" bytes="116483104" bytesdiscarded="238584" />
  <memory-copied type="tenure" objects="1074031" bytes="28878296" bytesdiscarded="91072" />
  <ownableSynchronizers candidates="4271" cleared="3842" />
  <references type="soft" candidates="397" cleared="0" enqueued="0" dynamicThreshold="19" maxThreshold="32" />
  <references type="weak" candidates="103" cleared="102" enqueued="0" />
</gc-op>
<gc-end id="3555" type="scavenge" contextid="3551" durationms="116.099" usertimems="822.216" systemtimems="9.757" timestamp="2020-09-12T18:51:14.317" activeThreads="8">
  <mem-info id="3556" free="1029809200" total="2911895552" percent="35">
    <mem type="nursery" free="684365792" total="939524096" percent="72">
      <mem type="allocate" free="684365792" total="801177600" percent="85" />
      <mem type="survivor" free="0" total="138346496" percent="0" />
    </mem>
    <mem type="tenure" free="345443408" total="1972371456" percent="17" macro-fragmented="0">
      <mem type="soa" free="227100752" total="1854028800" percent="12" />
      <mem type="loa" free="118342656" total="118342656" percent="100" />
    </mem>
    <remembered-set count="30287" />
  </mem-info>
</gc-end>
<cycle-end id="3557" type="scavenge" contextid="3551" timestamp="2020-09-12T18:51:14.319" />
<allocation-satisfied id="3558" threadId="0000000000781D00" bytesRequested="664" />
<af-end id="3559" timestamp="2020-09-12T18:51:14.319" threadId="0000000000782680" success="true" from="nursery"/>
<exclusive-end id="3560" timestamp="2020-09-12T18:51:14.319" durationms="119.091" />

<exclusive-start id="3561" timestamp="2020-09-12T18:51:16.277" intervalms="2077.734">
  <response-info timems="0.280" idlems="0.280" threads="0" lastid="00000000008A0000" lastname="Group1.Backend.CompositeBackend{Tier1}.6" />
</exclusive-start>
<af-start id="3562" threadId="00000000008A0980" totalBytesRequested="32" timestamp="2020-09-12T18:51:16.278" intervalms="2077.875" type="nursery" />
<cycle-start id="3563" type="scavenge" contextid="0" timestamp="2020-09-12T18:51:16.278" intervalms="2077.852" />
<gc-start id="3564" type="scavenge" contextid="3563" timestamp="2020-09-12T18:51:16.279">
  <mem-info id="3565" free="345443408" total="2911895552" percent="11">
    <mem type="nursery" free="0" total="939524096" percent="0">
      <mem type="allocate" free="0" total="801177600" percent="0" />
      <mem type="survivor" free="0" total="138346496" percent="0" />
    </mem>
    <mem type="tenure" free="345443408" total="1972371456" percent="17">
      <mem type="soa" free="227100752" total="1854028800" percent="12" />
      <mem type="loa" free="118342656" total="118342656" percent="100" />
    </mem>
    <remembered-set count="192669" />
  </mem-info>
</gc-start>
<allocation-stats totalBytes="684035944" >
  <allocated-bytes non-tlh="35660712" tlh="648375232" />
  <largest-consumer threadName="Group1.Backend.CompositeBackend{Tier1}.5" threadId="0000000000873800" bytes="93787760" />
</allocation-stats>
<gc-op id="3566" type="scavenge" timems="99.453" contextid="3563" timestamp="2020-09-12T18:51:16.378">
  <scavenger-info tenureage="3" tenuremask="7ff8" tiltratio="85" />
  <memory-copied type="nursery" objects="4066888" bytes="109202904" bytesdiscarded="145616" />
  <memory-copied type="tenure" objects="1100248" bytes="29580304" bytesdiscarded="126608" />
  <ownableSynchronizers candidates="3592" cleared="3167" />
  <references type="soft" candidates="371" cleared="0" enqueued="0" dynamicThreshold="19" maxThreshold="32" />
  <references type="weak" candidates="122" cleared="122" enqueued="0" />
</gc-op>
<gc-end id="3567" type="scavenge" contextid="3563" durationms="100.212" usertimems="763.828" systemtimems="2.870" timestamp="2020-09-12T18:51:16.379" activeThreads="8">
  <mem-info id="3568" free="1009014544" total="2911895552" percent="34">
    <mem type="nursery" free="693321984" total="939524096" percent="73">
      <mem type="allocate" free="693321984" total="802750464" percent="86" />
      <mem type="survivor" free="0" total="136773632" percent="0" />
    </mem>
    <mem type="tenure" free="315692560" total="1972371456" percent="16" macro-fragmented="0">
      <mem type="soa" free="197349904" total="1854028800" percent="10" />
      <mem type="loa" free="118342656" total="118342656" percent="100" />
    </mem>
    <remembered-set count="30533" />
  </mem-info>
</gc-end>
<cycle-end id="3569" type="scavenge" contextid="3563" timestamp="2020-09-12T18:51:16.380" />
<allocation-satisfied id="3570" threadId="00000000008A0000" bytesRequested="32" />
<af-end id="3571" timestamp="2020-09-12T18:51:16.380" threadId="00000000008A0980" success="true" from="nursery"/>
<exclusive-end id="3572" timestamp="2020-09-12T18:51:16.380" durationms="102.679" />

<exclusive-start id="3573" timestamp="2020-09-12T18:51:18.394" intervalms="2116.565">
  <response-info timems="0.460" idlems="0.460" threads="0" lastid="0000000000781D00" lastname="Group1.Backend.CompositeBackend{Tier1}.1" />
</exclusive-start>
<af-start id="3574" threadId="0000000000782680" totalBytesRequested="16" timestamp="2020-09-12T18:51:18.395" intervalms="2116.496" type="nursery" />
<cycle-start id="3575" type="scavenge" contextid="0" timestamp="2020-09-12T18:51:18.395" intervalms="2116.480" />
<gc-start id="3576" type="scavenge" contextid="3575" timestamp="2020-09-12T18:51:18.395">
  <mem-info id="3577" free="315692560" total="2911895552" percent="10">
    <mem type="nursery" free="0" total="939524096" percent="0">
      <mem type="allocate" free="0" total="802750464" percent="0" />
      <mem type="survivor" free="0" total="136773632" percent="0" />
    </mem>
    <mem type="tenure" free="315692560" total="1972371456" percent="16">
      <mem type="soa" free="197349904" total="1854028800" percent="10" />
      <mem type="loa" free="118342656" total="118342656" percent="100" />
    </mem>
    <remembered-set count="194642" />
  </mem-info>
</gc-start>
<allocation-stats totalBytes="692983624" >
  <allocated-bytes non-tlh="30774768" tlh="662208856" />
  <largest-consumer threadName="Group1.Backend.CompositeBackend{Tier1}.3" threadId="0000000000847B00" bytes="99743520" />
</allocation-stats>
<gc-op id="3578" type="scavenge" timems="108.735" contextid="3575" timestamp="2020-09-12T18:51:18.504">
  <scavenger-info tenureage="3" tenuremask="7ff8" tiltratio="85" />
  <memory-copied type="nursery" objects="4045870" bytes="108606728" bytesdiscarded="136432" />
  <memory-copied type="tenure" objects="1135838" bytes="30543488" bytesdiscarded="119920" />
  <ownableSynchronizers candidates="3920" cleared="3509" />
  <references type="soft" candidates="367" cleared="0" enqueued="0" dynamicThreshold="19" maxThreshold="32" />
  <references type="weak" candidates="128" cleared="128" enqueued="0" />
</gc-op>
<gc-end id="3579" type="scavenge" contextid="3575" durationms="109.806" usertimems="787.294" systemtimems="0.000" timestamp="2020-09-12T18:51:18.505" activeThreads="8">
  <mem-info id="3580" free="981919896" total="2911895552" percent="33">
    <mem type="nursery" free="696807680" total="939524096" percent="74">
      <mem type="allocate" free="696807680" total="805634048" percent="86" />
      <mem type="survivor" free="0" total="133890048" percent="0" />
    </mem>
    <mem type="tenure" free="285112216" total="1972371456" percent="14" macro-fragmented="0">
      <mem type="soa" free="166769560" total="1854028800" percent="8" />
      <mem type="loa" free="118342656" total="118342656" percent="100" />
    </mem>
    <remembered-set count="30494" />
  </mem-info>
</gc-end>
<cycle-end id="3581" type="scavenge" contextid="3575" timestamp="2020-09-12T18:51:18.507" />
<allocation-satisfied id="3582" threadId="0000000000781D00" bytesRequested="16" />
<af-end id="3583" timestamp="2020-09-12T18:51:18.507" threadId="0000000000782680" success="true" from="nursery"/>
<exclusive-end id="3584" timestamp="2020-09-12T18:51:18.507" durationms="113.105" />

<exclusive-start id="3585" timestamp="2020-09-12T18:51:20.561" intervalms="2166.875">
  <response-info timems="0.334" idlems="0.325" threads="1" lastid="0000000000873800" lastname="Group1.Backend.CompositeBackend{Tier1}.5" />
</exclusive-start>
<af-start id="3586" threadId="000000000082D180" totalBytesRequested="400" timestamp="2020-09-12T18:51:20.561" intervalms="2166.788" type="nursery" />
<cycle-start id="3587" type="scavenge" contextid="0" timestamp="2020-09-12T18:51:20.562" intervalms="2166.790" />
<gc-start id="3588" type="scavenge" contextid="3587" timestamp="2020-09-12T18:51:20.562">
  <mem-info id="3589" free="285112216" total="2911895552" percent="9">
    <mem type="nursery" free="0" total="939524096" percent="0">
      <mem type="allocate" free="0" total="805634048" percent="0" />
      <mem type="survivor" free="0" total="133890048" percent="0" />
    </mem>
    <mem type="tenure" free="285112216" total="1972371456" percent="14">
      <mem type="soa" free="166769560" total="1854028800" percent="8" />
      <mem type="loa" free="118342656" total="118342656" percent="100" />
    </mem>
    <remembered-set count="196622" />
  </mem-info>
</gc-start>
<allocation-stats totalBytes="696453760" >
  <allocated-bytes non-tlh="29871264" tlh="666582496" />
  <largest-consumer threadName="Group1.Backend.CompositeBackend{Tier1}.3" threadId="0000000000847B00" bytes="84858424" />
</allocation-stats>
<gc-op id="3590" type="scavenge" timems="116.782" contextid="3587" timestamp="2020-09-12T18:51:20.679">
  <scavenger-info tenureage="3" tenuremask="7ff8" tiltratio="85" />
  <memory-copied type="nursery" objects="4167719" bytes="111661664" bytesdiscarded="240144" />
  <memory-copied type="tenure" objects="1077374" bytes="28965048" bytesdiscarded="112800" />
  <ownableSynchronizers candidates="4444" cleared="4042" />
  <references type="soft" candidates="366" cleared="0" enqueued="0" dynamicThreshold="19" maxThreshold="32" />
  <references type="weak" candidates="114" cleared="113" enqueued="0" />
</gc-op>
<gc-end id="3591" type="scavenge" contextid="3587" durationms="117.537" usertimems="886.035" systemtimems="6.195" timestamp="2020-09-12T18:51:20.679" activeThreads="8">
  <mem-info id="3592" free="950690504" total="2911895552" percent="32">
    <mem type="nursery" free="694690784" total="939524096" percent="73">
      <mem type="allocate" free="694690784" total="806682624" percent="86" />
      <mem type="survivor" free="0" total="132841472" percent="0" />
    </mem>
    <mem type="tenure" free="255999720" total="1972371456" percent="12" macro-fragmented="0">
      <mem type="soa" free="137657064" total="1854028800" percent="7" />
      <mem type="loa" free="118342656" total="118342656" percent="100" />
    </mem>
    <remembered-set count="32041" />
  </mem-info>
</gc-end>
<cycle-end id="3593" type="scavenge" contextid="3587" timestamp="2020-09-12T18:51:20.681" />
<allocation-satisfied id="3594" threadId="000000000082C800" bytesRequested="400" />
<af-end id="3595" timestamp="2020-09-12T18:51:20.681" threadId="000000000082D180" success="true" from="nursery"/>
<exclusive-end id="3596" timestamp="2020-09-12T18:51:20.681" durationms="120.534" />

<exclusive-start id="3597" timestamp="2020-09-12T18:51:22.629" intervalms="2068.070">
  <response-info timems="0.477" idlems="0.477" threads="0" lastid="00000000007F7500" lastname="Group1.Backend.CompositeBackend{Tier1}.2" />
</exclusive-start>
<af-start id="3598" threadId="00000000007F7E80" totalBytesRequested="16" timestamp="2020-09-12T18:51:22.630" intervalms="2068.085" type="nursery" />
<cycle-start id="3599" type="scavenge" contextid="0" timestamp="2020-09-12T18:51:22.630" intervalms="2068.083" />
<gc-start id="3600" type="scavenge" contextid="3599" timestamp="2020-09-12T18:51:22.630">
  <mem-info id="3601" free="255999720" total="2911895552" percent="8">
    <mem type="nursery" free="0" total="939524096" percent="0">
      <mem type="allocate" free="0" total="806682624" percent="0" />
      <mem type="survivor" free="0" total="132841472" percent="0" />
    </mem>
    <mem type="tenure" free="255999720" total="1972371456" percent="12">
      <mem type="soa" free="137657064" total="1854028800" percent="7" />
      <mem type="loa" free="118342656" total="118342656" percent="100" />
    </mem>
    <remembered-set count="195661" />
  </mem-info>
</gc-start>
<allocation-stats totalBytes="694384992" >
  <allocated-bytes non-tlh="35557072" tlh="658827920" />
  <largest-consumer threadName="Group1.Backend.CompositeBackend{Tier1}.4" threadId="000000000082C800" bytes="91939776" />
</allocation-stats>
<gc-op id="3602" type="scavenge" timems="106.779" contextid="3599" timestamp="2020-09-12T18:51:22.737">
  <scavenger-info tenureage="3" tenuremask="7ff8" tiltratio="85" />
  <memory-copied type="nursery" objects="4155346" bytes="111503496" bytesdiscarded="177704" />
  <memory-copied type="tenure" objects="1074999" bytes="28876736" bytesdiscarded="125984" />
  <ownableSynchronizers candidates="3295" cleared="2905" />
  <references type="soft" candidates="382" cleared="0" enqueued="0" dynamicThreshold="19" maxThreshold="32" />
  <references type="weak" candidates="113" cleared="113" enqueued="0" />
</gc-op>
<gc-end id="3603" type="scavenge" contextid="3599" durationms="107.586" usertimems="822.271" systemtimems="11.249" timestamp="2020-09-12T18:51:22.737" activeThreads="8">
  <mem-info id="3604" free="923589176" total="2911895552" percent="31">
    <mem type="nursery" free="696485376" total="939524096" percent="74">
      <mem type="allocate" free="696485376" total="808255488" percent="86" />
      <mem type="survivor" free="0" total="131268608" percent="0" />
    </mem>
    <mem type="tenure" free="227103800" total="1972371456" percent="11" macro-fragmented="0">
      <mem type="soa" free="108761144" total="1854028800" percent="5" />
      <mem type="loa" free="118342656" total="118342656" percent="100" />
    </mem>
    <remembered-set count="30920" />
  </mem-info>
</gc-end>
<cycle-end id="3605" type="scavenge" contextid="3599" timestamp="2020-09-12T18:51:22.739" />
<allocation-satisfied id="3606" threadId="00000000007F7500" bytesRequested="16" />
<af-end id="3607" timestamp="2020-09-12T18:51:22.739" threadId="00000000007F7E80" success="true" from="nursery"/>
<exclusive-end id="3608" timestamp="2020-09-12T18:51:22.739" durationms="109.969" />

<exclusive-start id="3609" timestamp="2020-09-12T18:51:24.807" intervalms="2178.550">
  <response-info timems="0.527" idlems="0.494" threads="1" lastid="00000000008D4E00" lastname="Group1.Backend.CompositeBackend{Tier3}.8" />
</exclusive-start>
<af-start id="3610" threadId="00000000008A0980" totalBytesRequested="784" timestamp="2020-09-12T18:51:24.808" intervalms="2178.717" type="nursery" />
<cycle-start id="3611" type="scavenge" contextid="0" timestamp="2020-09-12T18:51:24.808" intervalms="2178.735" />
<gc-start id="3612" type="scavenge" contextid="3611" timestamp="2020-09-12T18:51:24.809">
  <mem-info id="3613" free="227103800" total="2911895552" percent="7">
    <mem type="nursery" free="0" total="939524096" percent="0">
      <mem type="allocate" free="0" total="808255488" percent="0" />
      <mem type="survivor" free="0" total="131268608" percent="0" />
    </mem>
    <mem type="tenure" free="227103800" total="1972371456" percent="11">
      <mem type="soa" free="108761144" total="1854028800" percent="5" />
      <mem type="loa" free="118342656" total="118342656" percent="100" />
    </mem>
    <remembered-set count="194977" />
  </mem-info>
</gc-start>
<allocation-stats totalBytes="696141600" >
  <allocated-bytes non-tlh="34722128" tlh="661419472" />
  <largest-consumer threadName="Group1.Backend.CompositeBackend{Tier1}.3" threadId="0000000000847B00" bytes="94069184" />
</allocation-stats>
<gc-op id="3614" type="scavenge" timems="102.177" contextid="3611" timestamp="2020-09-12T18:51:24.911">
  <scavenger-info tenureage="3" tenuremask="7ff8" tiltratio="86" />
  <memory-copied type="nursery" objects="4158067" bytes="111512288" bytesdiscarded="137504" />
  <memory-copied type="tenure" objects="1106076" bytes="29757920" bytesdiscarded="141952" />
  <ownableSynchronizers candidates="3558" cleared="3168" />
  <references type="soft" candidates="362" cleared="0" enqueued="0" dynamicThreshold="19" maxThreshold="32" />
  <references type="weak" candidates="107" cleared="106" enqueued="0" />
</gc-op>
<gc-end id="3615" type="scavenge" contextid="3611" durationms="103.065" usertimems="766.390" systemtimems="0.555" timestamp="2020-09-12T18:51:24.912" activeThreads="8">
  <mem-info id="3616" free="894927640" total="2911895552" percent="30">
    <mem type="nursery" free="697768192" total="939524096" percent="74">
      <mem type="allocate" free="697768192" total="809500672" percent="86" />
      <mem type="survivor" free="0" total="130023424" percent="0" />
    </mem>
    <mem type="tenure" free="197159448" total="1972371456" percent="9" macro-fragmented="0">
      <mem type="soa" free="78816792" total="1854028800" percent="4" />
      <mem type="loa" free="118342656" total="118342656" percent="100" />
    </mem>
    <remembered-set count="31943" />
  </mem-info>
</gc-end>
<cycle-end id="3617" type="scavenge" contextid="3611" timestamp="2020-09-12T18:51:24.913" />
<allocation-satisfied id="3618" threadId="00000000008A0000" bytesRequested="784" />
<af-end id="3619" timestamp="2020-09-12T18:51:24.913" threadId="00000000008A0980" success="true" from="nursery"/>
<exclusive-end id="3620" timestamp="2020-09-12T18:51:24.913" durationms="105.922" />

<exclusive-start id="3621" timestamp="2020-09-12T18:51:26.940" intervalms="2132.588">
  <response-info timems="5.607" idlems="5.607" threads="0" lastid="00000000008AF400" lastname="Group1.Backend.CompositeBackend{Tier1}.8" />
</exclusive-start>
<af-start id="3622" threadId="00000000008AFD80" totalBytesRequested="1032" timestamp="2020-09-12T18:51:26.941" intervalms="2132.476" type="nursery" />
<cycle-start id="3623" type="scavenge" contextid="0" timestamp="2020-09-12T18:51:26.941" intervalms="2132.453" />
<gc-start id="3624" type="scavenge" contextid="3623" timestamp="2020-09-12T18:51:26.941">
  <mem-info id="3625" free="197159448" total="2911895552" percent="6">
    <mem type="nursery" free="0" total="939524096" percent="0">
      <mem type="allocate" free="0" total="809500672" percent="0" />
      <mem type="survivor" free="0" total="130023424" percent="0" />
    </mem>
    <mem type="tenure" free="197159448" total="1972371456" percent="9">
      <mem type="soa" free="78816792" total="1854028800" percent="4" />
      <mem type="loa" free="118342656" total="118342656" percent="100" />
    </mem>
    <remembered-set count="196453" />
  </mem-info>
</gc-start>
<allocation-stats totalBytes="697439784" >
  <allocated-bytes non-tlh="27594368" tlh="669845416" />
  <largest-consumer threadName="Group1.Backend.CompositeBackend{Tier1}.5" threadId="0000000000873800" bytes="103433568" />
</allocation-stats>
<gc-op id="3626" type="scavenge" timems="113.707" contextid="3623" timestamp="2020-09-12T18:51:27.055">
  <scavenger-info tenureage="3" tenuremask="7ff8" tiltratio="86" />
  <memory-copied type="nursery" objects="4560238" bytes="120615832" bytesdiscarded="153216" />
  <memory-copied type="tenure" objects="1123755" bytes="30179440" bytesdiscarded="72552" />
  <ownableSynchronizers candidates="4032" cleared="3641" />
  <references type="soft" candidates="365" cleared="0" enqueued="0" dynamicThreshold="19" maxThreshold="32" />
  <references type="weak" candidates="112" cleared="112" enqueued="0" />
</gc-op>
<gc-end id="3627" type="scavenge" contextid="3623" durationms="114.472" usertimems="887.570" systemtimems="0.000" timestamp="2020-09-12T18:51:27.055" activeThreads="8">
  <mem-info id="3628" free="843164360" total="2911895552" percent="28">
    <mem type="nursery" free="676390192" total="939524096" percent="71">
      <mem type="allocate" free="676390192" total="797245440" percent="84" />
      <mem type="survivor" free="0" total="142278656" percent="0" />
    </mem>
    <mem type="tenure" free="166774168" total="1972371456" percent="8" macro-fragmented="0">
      <mem type="soa" free="48431512" total="1854028800" percent="2" />
      <mem type="loa" free="118342656" total="118342656" percent="100" />
    </mem>
    <remembered-set count="28729" />
  </mem-info>
</gc-end>
<cycle-end id="3629" type="scavenge" contextid="3623" timestamp="2020-09-12T18:51:27.057" />
<allocation-satisfied id="3630" threadId="00000000008AF400" bytesRequested="1032" />
<af-end id="3631" timestamp="2020-09-12T18:51:27.057" threadId="00000000008AFD80" success="true" from="nursery"/>
<exclusive-end id="3632" timestamp="2020-09-12T18:51:27.057" durationms="116.859" />

<exclusive-start id="3633" timestamp="2020-09-12T18:51:28.994" intervalms="2053.924">
  <response-info timems="1.639" idlems="1.639" threads="0" lastid="00000000008AAD00" lastname="Group1.Backend.CompositeBackend{Tier1}.7" />
</exclusive-start>
<af-start id="3634" threadId="00000000008AB680" totalBytesRequested="56" timestamp="2020-09-12T18:51:28.995" intervalms="2054.059" type="nursery" />
<cycle-start id="3635" type="scavenge" contextid="0" timestamp="2020-09-12T18:51:28.995" intervalms="2054.075" />
<gc-start id="3636" type="scavenge" contextid="3635" timestamp="2020-09-12T18:51:28.995">
  <mem-info id="3637" free="166774168" total="2911895552" percent="5">
    <mem type="nursery" free="0" total="939524096" percent="0">
      <mem type="allocate" free="0" total="797245440" percent="0" />
      <mem type="survivor" free="0" total="142278656" percent="0" />
    </mem>
    <mem type="tenure" free="166774168" total="1972371456" percent="8">
      <mem type="soa" free="48431512" total="1854028800" percent="2" />
      <mem type="loa" free="118342656" total="118342656" percent="100" />
    </mem>
    <remembered-set count="188417" />
  </mem-info>
</gc-start>
<allocation-stats totalBytes="676068672" >
  <allocated-bytes non-tlh="37584272" tlh="638484400" />
  <largest-consumer threadName="Group1.Backend.CompositeBackend{Tier1}.7" threadId="00000000008AAD00" bytes="82463136" />
</allocation-stats>
<gc-op id="3638" type="scavenge" timems="101.189" contextid="3635" timestamp="2020-09-12T18:51:29.097">
  <scavenger-info tenureage="3" tenuremask="7ff8" tiltratio="84" />
  <memory-copied type="nursery" objects="4138448" bytes="110986144" bytesdiscarded="169152" />
  <memory-copied type="tenure" objects="1085583" bytes="29195928" bytesdiscarded="61440" />
  <ownableSynchronizers candidates="4025" cleared="3641" />
  <references type="soft" candidates="363" cleared="0" enqueued="0" dynamicThreshold="19" maxThreshold="32" />
  <references type="weak" candidates="108" cleared="108" enqueued="0" />
</gc-op>
<gc-end id="3639" type="scavenge" contextid="3635" durationms="102.086" usertimems="729.501" systemtimems="3.771" timestamp="2020-09-12T18:51:29.097" activeThreads="8">
  <mem-info id="3640" free="824867272" total="2911895552" percent="28">
    <mem type="nursery" free="687448576" total="939524096" percent="73">
      <mem type="allocate" free="687448576" total="798687232" percent="86" />
      <mem type="survivor" free="0" total="140836864" percent="0" />
    </mem>
    <mem type="tenure" free="137418696" total="1972371456" percent="6" macro-fragmented="0">
      <mem type="soa" free="19076040" total="1854028800" percent="1" />
      <mem type="loa" free="118342656" total="118342656" percent="100" />
    </mem>
    <remembered-set count="28629" />
  </mem-info>
</gc-end>
<cycle-end id="3641" type="scavenge" contextid="3635" timestamp="2020-09-12T18:51:29.099" />
<allocation-satisfied id="3642" threadId="00000000008AAD00" bytesRequested="56" />
<af-end id="3643" timestamp="2020-09-12T18:51:29.099" threadId="00000000008AB680" success="true" from="nursery"/>
<exclusive-end id="3644" timestamp="2020-09-12T18:51:29.099" durationms="104.711" />

<exclusive-start id="3645" timestamp="2020-09-12T18:51:31.062" intervalms="2068.303">
  <response-info timems="0.303" idlems="0.303" threads="0" lastid="00000000007F7500" lastname="Group1.Backend.CompositeBackend{Tier1}.2" />
</exclusive-start>
<af-start id="3646" threadId="00000000007F7E80" totalBytesRequested="32" timestamp="2020-09-12T18:51:31.063" intervalms="2068.247" type="nursery" />
<percolate-collect id="3647" from="nursery" to="global" reason="prevent tenure expand" timestamp="2020-09-12T18:51:31.063"/>
<cycle-start id="3648" type="global" contextid="0" timestamp="2020-09-12T18:51:31.063" intervalms="74247.395" />
<gc-start id="3649" type="global" contextid="3648" timestamp="2020-09-12T18:51:31.064">
  <mem-info id="3650" free="137418696" total="2911895552" percent="4">
    <mem type="nursery" free="0" total="939524096" percent="0">
      <mem type="allocate" free="0" total="798687232" percent="0" />
      <mem type="survivor" free="0" total="140836864" percent="0" />
    </mem>
    <mem type="tenure" free="137418696" total="1972371456" percent="6">
      <mem type="soa" free="19076040" total="1854028800" percent="1" />
      <mem type="loa" free="118342656" total="118342656" percent="100" />
    </mem>
    <remembered-set count="191105" />
  </mem-info>
</gc-start>
<allocation-stats totalBytes="687137280" >
  <allocated-bytes non-tlh="33406488" tlh="653730792" />
  <largest-consumer threadName="Group1.Backend.CompositeBackend{Tier1}.3" threadId="0000000000847B00" bytes="93110712" />
</allocation-stats>
<gc-op id="3651" type="mark" timems="559.517" contextid="3648" timestamp="2020-09-12T18:51:31.623">
  <trace-info objectcount="30703670" scancount="29723352" scanbytes="812829860" />
  <finalization candidates="149" enqueued="0" />
  <ownableSynchronizers candidates="589750" cleared="5659" />
  <references type="soft" candidates="707851" cleared="0" enqueued="0" dynamicThreshold="19" maxThreshold="32" />
  <references type="weak" candidates="4403" cleared="117" enqueued="0" />
  <references type="phantom" candidates="106" cleared="0" enqueued="0" />
  <stringconstants candidates="11053" cleared="1"  />
</gc-op>
<gc-op id="3652" type="sweep" timems="10.559" contextid="3648" timestamp="2020-09-12T18:51:31.634" />
<gc-end id="3653" type="global" contextid="3648" durationms="570.974" usertimems="4367.704" systemtimems="0.000" timestamp="2020-09-12T18:51:31.634" activeThreads="8">
  <mem-info id="3654" free="1771313976" total="2911895552" percent="60">
    <mem type="nursery" free="605121456" total="939524096" percent="64">
      <mem type="allocate" free="605121456" total="798687232" percent="75" />
      <mem type="survivor" free="0" total="140836864" percent="0" />
    </mem>
    <mem type="tenure" free="1166192520" total="1972371456" percent="59" micro-fragmented="58772188" macro-fragmented="0">
      <mem type="soa" free="1047849864" total="1854028800" percent="56" />
      <mem type="loa" free="118342656" total="118342656" percent="100" />
    </mem>
    <remembered-set count="185460" />
  </mem-info>
</gc-end>
<cycle-end id="3655" type="global" contextid="3648" timestamp="2020-09-12T18:51:31.636" />
<allocation-satisfied id="3656" threadId="00000000007F7500" bytesRequested="32" />
<af-end id="3657" timestamp="2020-09-12T18:51:31.636" threadId="00000000007F7E80" success="true" from="nursery"/>
<exclusive-end id="3658" timestamp="2020-09-12T18:51:31.636" durationms="573.380" />

<exclusive-start id="3659" timestamp="2020-09-12T18:51:32.814" intervalms="1751.884">
  <response-info timems="0.437" idlems="0.437" threads="0" lastid="00000000008A0000" lastname="Group1.Backend.CompositeBackend{Tier1}.6" />
</exclusive-start>
<af-start id="3660" threadId="00000000008A0980" totalBytesRequested="262152" timestamp="2020-09-12T18:51:32.815" intervalms="1751.760" type="nursery" />
<cycle-start id="3661" type="scavenge" contextid="0" timestamp="2020-09-12T18:51:32.815" intervalms="3820.035" />
<gc-start id="3662" type="scavenge" contextid="3661" timestamp="2020-09-12T18:51:32.815">
  <mem-info id="3663" free="1180519328" total="2911895552" percent="40">
    <mem type="nursery" free="14326856" total="939524096" percent="1">
      <mem type="allocate" free="14326856" total="798687232" percent="1" />
      <mem type="survivor" free="0" total="140836864" percent="0" />
    </mem>
    <mem type="tenure" free="1166192472" total="1972371456" percent="59">
      <mem type="soa" free="1047849816" total="1854028800" percent="56" />
      <mem type="loa" free="118342656" total="118342656" percent="100" />
    </mem>
    <remembered-set count="240486" />
  </mem-info>
</gc-start>
<allocation-stats totalBytes="588503656" >
  <allocated-bytes non-tlh="31159184" tlh="557344472" />
  <largest-consumer threadName="Group1.Backend.CompositeBackend{Tier1}.3" threadId="0000000000847B00" bytes="82420000" />
</allocation-stats>
<gc-op id="3664" type="scavenge" timems="125.262" contextid="3661" timestamp="2020-09-12T18:51:32.941">
  <scavenger-info tenureage="3" tenuremask="7ff8" tiltratio="85" />
  <memory-copied type="nursery" objects="5093187" bytes="136257352" bytesdiscarded="527360" />
  <memory-copied type="tenure" objects="1020182" bytes="27431024" bytesdiscarded="60024" />
  <ownableSynchronizers candidates="1170863" cleared="1170385" />
  <references type="soft" candidates="471" cleared="0" enqueued="0" dynamicThreshold="18" maxThreshold="32" />
  <references type="weak" candidates="103" cleared="103" enqueued="0" />
</gc-op>
<gc-end id="3665" type="scavenge" contextid="3661" durationms="126.072" usertimems="930.771" systemtimems="0.000" timestamp="2020-09-12T18:51:32.941" activeThreads="8">
  <mem-info id="3666" free="1767894248" total="2911895552" percent="60">
    <mem type="nursery" free="629648840" total="939524096" percent="67">
      <mem type="allocate" free="629648840" total="766574592" percent="82" />
      <mem type="survivor" free="0" total="172949504" percent="0" />
    </mem>
    <mem type="tenure" free="1138245408" total="1972371456" percent="57" macro-fragmented="0">
      <mem type="soa" free="1019902752" total="1854028800" percent="55" />
      <mem type="loa" free="118342656" total="118342656" percent="100" />
    </mem>
    <remembered-set count="37055" />
  </mem-info>
</gc-end>
<cycle-end id="3667" type="scavenge" contextid="3661" timestamp="2020-09-12T18:51:32.943" />
<allocation-satisfied id="3668" threadId="00000000008A0000" bytesRequested="262152" />
<af-end id="3669" timestamp="2020-09-12T18:51:32.943" threadId="00000000008A0980" success="true" from="nursery"/>
<exclusive-end id="3670" timestamp="2020-09-12T18:51:32.943" durationms="128.543" />

<exclusive-start id="3671" timestamp="2020-09-12T18:51:34.753" intervalms="1939.033">
  <response-info timems="0.357" idlems="0.357" threads="0" lastid="00000000007F7500" lastname="Group1.Backend.CompositeBackend{Tier1}.2" />
</exclusive-start>
<af-start id="3672" threadId="00000000007F7E80" totalBytesRequested="24" timestamp="2020-09-12T18:51:34.754" intervalms="1939.063" type="nursery" />
<cycle-start id="3673" type="scavenge" contextid="0" timestamp="2020-09-12T18:51:34.754" intervalms="1939.013" />
<gc-start id="3674" type="scavenge" contextid="3673" timestamp="2020-09-12T18:51:34.754">
  <mem-info id="3675" free="1138245408" total="2911895552" percent="39">
    <mem type="nursery" free="0" total="939524096" percent="0">
      <mem type="allocate" free="0" total="766574592" percent="0" />
      <mem type="survivor" free="0" total="172949504" percent="0" />
    </mem>
    <mem type="tenure" free="1138245408" total="1972371456" percent="57">
      <mem type="soa" free="1019902752" total="1854028800" percent="55" />
      <mem type="loa" free="118342656" total="118342656" percent="100" />
    </mem>
    <remembered-set count="193122" />
  </mem-info>
</gc-start>
<allocation-stats totalBytes="629356360" >
  <allocated-bytes non-tlh="29885960" tlh="599470400" />
  <largest-consumer threadName="Group1.Backend.CompositeBackend{Tier1}.1" threadId="0000000000781D00" bytes="94412448" />
</allocation-stats>
<gc-op id="3676" type="scavenge" timems="98.146" contextid="3673" timestamp="2020-09-12T18:51:34.852">
  <scavenger-info tenureage="3" tenuremask="7ff8" tiltratio="81" />
  <memory-copied type="nursery" objects="4878815" bytes="131003424" bytesdiscarded="250872" />
  <memory-copied type="tenure" objects="1050092" bytes="28267712" bytesdiscarded="51440" />
  <ownableSynchronizers candidates="3412" cleared="2956" />
  <references type="soft" candidates="443" cleared="0" enqueued="0" dynamicThreshold="18" maxThreshold="32" />
  <references type="weak" candidates="108" cleared="108" enqueued="0" />
</gc-op>
<gc-end id="3677" type="scavenge" contextid="3673" durationms="98.924" usertimems="759.597" systemtimems="0.000" timestamp="2020-09-12T18:51:34.853" activeThreads="8">
  <mem-info id="3678" free="1749101208" total="2911895552" percent="60">
    <mem type="nursery" free="639310544" total="939524096" percent="68">
      <mem type="allocate" free="639310544" total="770637824" percent="82" />
      <mem type="survivor" free="0" total="168886272" percent="0" />
    </mem>
    <mem type="tenure" free="1109790664" total="1972371456" percent="56" macro-fragmented="0">
      <mem type="soa" free="991448008" total="1854028800" percent="53" />
      <mem type="loa" free="118342656" total="118342656" percent="100" />
    </mem>
    <remembered-set count="39690" />
  </mem-info>
</gc-end>
<cycle-end id="3679" type="scavenge" contextid="3673" timestamp="2020-09-12T18:51:34.854" />
<allocation-satisfied id="3680" threadId="00000000007F7500" bytesRequested="24" />
<af-end id="3681" timestamp="2020-09-12T18:51:34.855" threadId="00000000007F7E80" success="true" from="nursery"/>
<exclusive-end id="3682" timestamp="2020-09-12T18:51:34.855" durationms="101.298" />

<exclusive-start id="3683" timestamp="2020-09-12T18:51:36.818" intervalms="2064.920">
  <response-info timems="0.352" idlems="0.352" threads="0" lastid="000000000082C800" lastname="Group1.Backend.CompositeBackend{Tier1}.4" />
</exclusive-start>
<af-start id="3684" threadId="000000000082D180" totalBytesRequested="65544" timestamp="2020-09-12T18:51:36.819" intervalms="2064.886" type="nursery" />
<cycle-start id="3685" type="scavenge" contextid="0" timestamp="2020-09-12T18:51:36.819" intervalms="2064.883" />
<gc-start id="3686" type="scavenge" contextid="3685" timestamp="2020-09-12T18:51:36.819">
  <mem-info id="3687" free="1109790664" total="2911895552" percent="38">
    <mem type="nursery" free="0" total="939524096" percent="0">
      <mem type="allocate" free="0" total="770637824" percent="0" />
      <mem type="survivor" free="0" total="168886272" percent="0" />
    </mem>
    <mem type="tenure" free="1109790664" total="1972371456" percent="56">
      <mem type="soa" free="991448008" total="1854028800" percent="53" />
      <mem type="loa" free="118342656" total="118342656" percent="100" />
    </mem>
    <remembered-set count="202704" />
  </mem-info>
</gc-start>
<allocation-stats totalBytes="638966088" >
  <allocated-bytes non-tlh="21763544" tlh="617202544" />
  <largest-consumer threadName="Group1.Backend.CompositeBackend{Tier1}.7" threadId="00000000008AAD00" bytes="90168936" />
</allocation-stats>
<gc-op id="3688" type="scavenge" timems="120.559" contextid="3685" timestamp="2020-09-12T18:51:36.940">
  <scavenger-info tenureage="3" tenuremask="7ff8" tiltratio="82" />
  <memory-copied type="nursery" objects="4970542" bytes="132989704" bytesdiscarded="396136" />
  <memory-copied type="tenure" objects="983715" bytes="26433224" bytesdiscarded="54800" />
  <ownableSynchronizers candidates="4615" cleared="4169" />
  <references type="soft" candidates="419" cleared="0" enqueued="0" dynamicThreshold="18" maxThreshold="32" />
  <references type="weak" candidates="97" cleared="97" enqueued="0" />
</gc-op>
<gc-end id="3689" type="scavenge" contextid="3685" durationms="121.559" usertimems="886.630" systemtimems="1.663" timestamp="2020-09-12T18:51:36.941" activeThreads="8">
  <mem-info id="3690" free="1734936296" total="2911895552" percent="59">
    <mem type="nursery" free="651327688" total="939524096" percent="69">
      <mem type="allocate" free="651327688" total="784793600" percent="82" />
      <mem type="survivor" free="0" total="154730496" percent="0" />
    </mem>
    <mem type="tenure" free="1083608608" total="1972371456" percent="54" macro-fragmented="0">
      <mem type="soa" free="965265952" total="1854028800" percent="52" />
      <mem type="loa" free="118342656" total="118342656" percent="100" />
    </mem>
    <remembered-set count="40168" />
  </mem-info>
</gc-end>
<cycle-end id="3691" type="scavenge" contextid="3685" timestamp="2020-09-12T18:51:36.942" />
<allocation-satisfied id="3692" threadId="000000000082C800" bytesRequested="65544" />
<af-end id="3693" timestamp="2020-09-12T18:51:36.942" threadId="000000000082D180" success="true" from="nursery"/>
<exclusive-end id="3694" timestamp="2020-09-12T18:51:36.942" durationms="124.114" />

<exclusive-start id="3695" timestamp="2020-09-12T18:51:38.736" intervalms="1917.772">
  <response-info timems="0.521" idlems="0.514" threads="1" lastid="00000000008AF400" lastname="Group1.Backend.CompositeBackend{Tier1}.8" />
</exclusive-start>
<af-start id="3696" threadId="00000000007F7E80" totalBytesRequested="48" timestamp="2020-09-12T18:51:38.737" intervalms="1917.842" type="nursery" />
<cycle-start id="3697" type="scavenge" contextid="0" timestamp="2020-09-12T18:51:38.737" intervalms="1917.859" />
<gc-start id="3698" type="scavenge" contextid="3697" timestamp="2020-09-12T18:51:38.737">
  <mem-info id="3699" free="1083608608" total="2911895552" percent="37">
    <mem type="nursery" free="0" total="939524096" percent="0">
      <mem type="allocate" free="0" total="784793600" percent="0" />
      <mem type="survivor" free="0" total="154730496" percent="0" />
    </mem>
    <mem type="tenure" free="1083608608" total="1972371456" percent="54">
      <mem type="soa" free="965265952" total="1854028800" percent="52" />
      <mem type="loa" free="118342656" total="118342656" percent="100" />
    </mem>
    <remembered-set count="197149" />
  </mem-info>
</gc-start>
<allocation-stats totalBytes="651018656" >
  <allocated-bytes non-tlh="35344936" tlh="615673720" />
  <largest-consumer threadName="Group1.Backend.CompositeBackend{Tier1}.8" threadId="00000000008AF400" bytes="96796256" />
</allocation-stats>
<gc-op id="3700" type="scavenge" timems="121.132" contextid="3697" timestamp="2020-09-12T18:51:38.858">
  <scavenger-info tenureage="3" tenuremask="7ff8" tiltratio="83" />
  <memory-copied type="nursery" objects="3863688" bytes="103531136" bytesdiscarded="586672" />
  <memory-copied type="tenure" objects="1964713" bytes="52945000" bytesdiscarded="83456" />
  <ownableSynchronizers candidates="2885" cleared="2486" />
  <references type="soft" candidates="258" cleared="0" enqueued="0" dynamicThreshold="18" maxThreshold="32" />
  <references type="weak" candidates="108" cleared="108" enqueued="0" />
</gc-op>
<gc-end id="3701" type="scavenge" contextid="3697" durationms="121.950" usertimems="912.032" systemtimems="0.000" timestamp="2020-09-12T18:51:38.859" activeThreads="8">
  <mem-info id="3702" free="1712057496" total="2911895552" percent="58">
    <mem type="nursery" free="681716992" total="939524096" percent="72">
      <mem type="allocate" free="681716992" total="785907712" percent="86" />
      <mem type="survivor" free="0" total="153616384" percent="0" />
    </mem>
    <mem type="tenure" free="1030340504" total="1972371456" percent="52" macro-fragmented="0">
      <mem type="soa" free="911997848" total="1854028800" percent="49" />
      <mem type="loa" free="118342656" total="118342656" percent="100" />
    </mem>
    <remembered-set count="32285" />
  </mem-info>
</gc-end>
<cycle-end id="3703" type="scavenge" contextid="3697" timestamp="2020-09-12T18:51:38.860" />
<allocation-satisfied id="3704" threadId="00000000007F7500" bytesRequested="48" />
<af-end id="3705" timestamp="2020-09-12T18:51:38.860" threadId="00000000007F7E80" success="true" from="nursery"/>
<exclusive-end id="3706" timestamp="2020-09-12T18:51:38.860" durationms="124.316" />

</verbosegc>

