<?xml version="1.0" ?>

<verbosegc xmlns="http://www.ibm.com/j9/verbosegc" version="c1dd04cca_CMPRSS">

!@: MM_VerboseWriterFileLoggingSynchronous::openFile

!@: Before Trigger

<exclusive-start id="3707" timestamp="2020-09-12T18:51:40.796" intervalms="2059.990">
  <response-info timems="0.260" idlems="0.260" threads="0" lastid="000000000082C800" lastname="Group1.Backend.CompositeBackend{Tier1}.4" />
</exclusive-start>
!@: handleInitialized
<initialized id="3708" timestamp="2020-09-12T18:51:40.796">
  <attribute name="gcPolicy" value="-Xgcpolicy:gencon" />
  <attribute name="maxHeapSize" value="0xe0000000" />
  <attribute name="initialHeapSize" value="0x800000" />
  <attribute name="compressedRefs" value="true" />
  <attribute name="compressedRefsDisplacement" value="0x0" />
  <attribute name="compressedRefsShift" value="0x0" />
  <attribute name="pageSize" value="0x1000" />
  <attribute name="pageType" value="not used" />
  <attribute name="requestedPageSize" value="0x1000" />
  <attribute name="requestedPageType" value="not used" />
  <attribute name="gcthreads" value="8" />
  <attribute name="packetListSplit" value="1" />
  <attribute name="cacheListSplit" value="1" />
  <attribute name="splitFreeListSplitAmount" value="1" />
  <attribute name="numaNodes" value="0" />
  <system>
    <attribute name="physicalMemory" value="16818675712" />
    <attribute name="numCPUs" value="8" />
    <attribute name="architecture" value="amd64" />
    <attribute name="os" value="Linux" />
    <attribute name="osVersion" value="4.15.0-117-generic" />
  </system>
  <vmargs>
    <vmarg name="-Xoptionsfile=/root/code/openj9-openjdk-jdk11/build/linux-x86_64-normal-server-release/jdk/lib/options.default" />
    <vmarg name="-Xlockword:mode=default,noLockword=java/lang/String,noLockword=java/util/MapEntry,noLockword=java/util/HashMap$Entry,noLockword..." />
    <vmarg name="-Xjcl:jclse29" />
    <vmarg name="-Dcom.ibm.oti.vm.bootstrap.library.path=/root/code/openj9-openjdk-jdk11/build/linux-x86_64-normal-server-release/jdk/lib/compre..." />
    <vmarg name="-Dsun.boot.library.path=/root/code/openj9-openjdk-jdk11/build/linux-x86_64-normal-server-release/jdk/lib/compressedrefs:/root/c..." />
    <vmarg name="-Djava.library.path=/root/code/openj9-openjdk-jdk11/build/linux-x86_64-normal-server-release/jdk/lib/compressedrefs:/root/code/..." />
    <vmarg name="-Djava.home=/root/code/openj9-openjdk-jdk11/build/linux-x86_64-normal-server-release/jdk" />
    <vmarg name="-Duser.dir=/root/specjbb2015" />
    <vmarg name="-verbose:gc" />
    <vmarg name="-Xmx3584M" />
    <vmarg name="-Xgc:noConcurrentMark" />
    <vmarg name="-Xtgc:parallel" />
    <vmarg name="-XX:-UseGCStartupHints" />
    <vmarg name="-Xgcpolicy:gencon" />
    <vmarg name="-Xverbosegclog:testOutput,5,100" />
    <vmarg name="-Djava.class.path=/root/specjbb2015/specjbb2015.jar" />
    <vmarg name="-Dsun.java.command=/root/specjbb2015/specjbb2015.jar -m COMPOSITE" />
    <vmarg name="-Dsun.java.launcher=SUN_STANDARD" />
    <vmarg name="-Dsun.java.launcher.pid=7998" />
  </vmargs>
</initialized>

!@: After Trigger

<af-start id="3709" threadId="000000000082D180" totalBytesRequested="56" timestamp="2020-09-12T18:51:40.797" intervalms="2060.313" type="nursery" />
<cycle-start id="3710" type="scavenge" contextid="0" timestamp="2020-09-12T18:51:40.797" intervalms="2060.315" />
<gc-start id="3711" type="scavenge" contextid="3710" timestamp="2020-09-12T18:51:40.797">
  <mem-info id="3712" free="1030340504" total="2911895552" percent="35">
    <mem type="nursery" free="0" total="939524096" percent="0">
      <mem type="allocate" free="0" total="785907712" percent="0" />
      <mem type="survivor" free="0" total="153616384" percent="0" />
    </mem>
    <mem type="tenure" free="1030340504" total="1972371456" percent="52">
      <mem type="soa" free="911997848" total="1854028800" percent="49" />
      <mem type="loa" free="118342656" total="118342656" percent="100" />
    </mem>
    <remembered-set count="194233" />
  </mem-info>
</gc-start>
<allocation-stats totalBytes="681390448" >
  <allocated-bytes non-tlh="32739624" tlh="648650824" />
  <largest-consumer threadName="Group1.Backend.CompositeBackend{Tier1}.8" threadId="00000000008AF400" bytes="96035528" />
</allocation-stats>
<gc-op id="3713" type="scavenge" timems="100.835" contextid="3710" timestamp="2020-09-12T18:51:40.898">
  <scavenger-info tenureage="3" tenuremask="7ff8" tiltratio="83" />
  <memory-copied type="nursery" objects="3980193" bytes="106696120" bytesdiscarded="175640" />
  <memory-copied type="tenure" objects="992475" bytes="26661816" bytesdiscarded="65928" />
  <ownableSynchronizers candidates="4594" cleared="4299" />
  <references type="soft" candidates="252" cleared="0" enqueued="0" dynamicThreshold="18" maxThreshold="32" />
  <references type="weak" candidates="109" cleared="109" enqueued="0" />
</gc-op>
<gc-end id="3714" type="scavenge" contextid="3710" durationms="101.630" usertimems="759.796" systemtimems="2.383" timestamp="2020-09-12T18:51:40.899" activeThreads="8">
  <mem-info id="3715" free="1688874208" total="2911895552" percent="57">
    <mem type="nursery" free="685116416" total="939524096" percent="72">
      <mem type="allocate" free="685116416" total="792068096" percent="86" />
      <mem type="survivor" free="0" total="147456000" percent="0" />
    </mem>
    <mem type="tenure" free="1003757792" total="1972371456" percent="50" macro-fragmented="0">
      <mem type="soa" free="885415136" total="1854028800" percent="47" />
      <mem type="loa" free="118342656" total="118342656" percent="100" />
    </mem>
    <remembered-set count="31297" />
  </mem-info>
</gc-end>
<cycle-end id="3716" type="scavenge" contextid="3710" timestamp="2020-09-12T18:51:40.906" />
<allocation-satisfied id="3717" threadId="000000000082C800" bytesRequested="56" />
<af-end id="3718" timestamp="2020-09-12T18:51:40.906" threadId="000000000082D180" success="true" from="nursery"/>
<exclusive-end id="3719" timestamp="2020-09-12T18:51:40.906" durationms="110.179" />

<exclusive-start id="3720" timestamp="2020-09-12T18:51:42.842" intervalms="2046.146">
  <response-info timems="0.598" idlems="0.592" threads="1" lastid="00000000008AF400" lastname="Group1.Backend.CompositeBackend{Tier1}.8" />
</exclusive-start>
<af-start id="3721" threadId="0000000000874180" totalBytesRequested="24" timestamp="2020-09-12T18:51:42.843" intervalms="2045.812" type="nursery" />
<cycle-start id="3722" type="scavenge" contextid="0" timestamp="2020-09-12T18:51:42.843" intervalms="2045.810" />
<gc-start id="3723" type="scavenge" contextid="3722" timestamp="2020-09-12T18:51:42.843">
  <mem-info id="3724" free="1003757792" total="2911895552" percent="34">
    <mem type="nursery" free="0" total="939524096" percent="0">
      <mem type="allocate" free="0" total="792068096" percent="0" />
      <mem type="survivor" free="0" total="147456000" percent="0" />
    </mem>
    <mem type="tenure" free="1003757792" total="1972371456" percent="50">
      <mem type="soa" free="885415136" total="1854028800" percent="47" />
      <mem type="loa" free="118342656" total="118342656" percent="100" />
    </mem>
    <remembered-set count="190196" />
  </mem-info>
</gc-start>
<allocation-stats totalBytes="684798200" >
  <allocated-bytes non-tlh="37834560" tlh="646963640" />
  <largest-consumer threadName="Group1.Backend.CompositeBackend{Tier1}.2" threadId="00000000007F7500" bytes="88434984" />
</allocation-stats>
<gc-op id="3725" type="scavenge" timems="117.300" contextid="3722" timestamp="2020-09-12T18:51:42.961">
  <scavenger-info tenureage="3" tenuremask="7ff8" tiltratio="84" />
  <memory-copied type="nursery" objects="4144222" bytes="110228776" bytesdiscarded="168544" />
  <memory-copied type="tenure" objects="1089690" bytes="29267416" bytesdiscarded="61632" />
  <ownableSynchronizers candidates="4914" cleared="4574" />
  <references type="soft" candidates="268" cleared="0" enqueued="0" dynamicThreshold="18" maxThreshold="32" />
  <references type="weak" candidates="105" cleared="104" enqueued="0" />
</gc-op>
<gc-end id="3726" type="scavenge" contextid="3722" durationms="118.115" usertimems="837.196" systemtimems="3.897" timestamp="2020-09-12T18:51:42.961" activeThreads="8">
  <mem-info id="3727" free="1660061808" total="2911895552" percent="57">
    <mem type="nursery" free="685588472" total="939524096" percent="72">
      <mem type="allocate" free="685588472" total="796065792" percent="86" />
      <mem type="survivor" free="0" total="143458304" percent="0" />
    </mem>
    <mem type="tenure" free="974473336" total="1972371456" percent="49" macro-fragmented="0">
      <mem type="soa" free="856130680" total="1854028800" percent="46" />
      <mem type="loa" free="118342656" total="118342656" percent="100" />
    </mem>
    <remembered-set count="29356" />
  </mem-info>
</gc-end>
<cycle-end id="3728" type="scavenge" contextid="3722" timestamp="2020-09-12T18:51:42.968" />
<allocation-satisfied id="3729" threadId="0000000000873800" bytesRequested="24" />
<af-end id="3730" timestamp="2020-09-12T18:51:42.968" threadId="0000000000874180" success="true" from="nursery"/>
<exclusive-end id="3731" timestamp="2020-09-12T18:51:42.968" durationms="125.786" />

<exclusive-start id="3732" timestamp="2020-09-12T18:51:44.905" intervalms="2063.217">
  <response-info timems="0.369" idlems="0.369" threads="0" lastid="0000000000873800" lastname="Group1.Backend.CompositeBackend{Tier1}.5" />
</exclusive-start>
<af-start id="3733" threadId="0000000000874180" totalBytesRequested="16" timestamp="2020-09-12T18:51:44.906" intervalms="2063.167" type="nursery" />
<cycle-start id="3734" type="scavenge" contextid="0" timestamp="2020-09-12T18:51:44.906" intervalms="2063.161" />
<gc-start id="3735" type="scavenge" contextid="3734" timestamp="2020-09-12T18:51:44.906">
  <mem-info id="3736" free="974473336" total="2911895552" percent="33">
    <mem type="nursery" free="0" total="939524096" percent="0">
      <mem type="allocate" free="0" total="796065792" percent="0" />
      <mem type="survivor" free="0" total="143458304" percent="0" />
    </mem>
    <mem type="tenure" free="974473336" total="1972371456" percent="49">
      <mem type="soa" free="856130680" total="1854028800" percent="46" />
      <mem type="loa" free="118342656" total="118342656" percent="100" />
    </mem>
    <remembered-set count="193093" />
  </mem-info>
</gc-start>
<allocation-stats totalBytes="685248096" >
  <allocated-bytes non-tlh="28912312" tlh="656335784" />
  <largest-consumer threadName="Group1.Backend.CompositeBackend{Tier1}.4" threadId="000000000082C800" bytes="91746192" />
</allocation-stats>
<gc-op id="3737" type="scavenge" timems="105.957" contextid="3734" timestamp="2020-09-12T18:51:45.012">
  <scavenger-info tenureage="3" tenuremask="7ff8" tiltratio="84" />
  <memory-copied type="nursery" objects="4086740" bytes="109522968" bytesdiscarded="284448" />
  <memory-copied type="tenure" objects="1017704" bytes="27334936" bytesdiscarded="51360" />
  <ownableSynchronizers candidates="4899" cleared="4565" />
  <references type="soft" candidates="283" cleared="0" enqueued="0" dynamicThreshold="18" maxThreshold="32" />
  <references type="weak" candidates="104" cleared="104" enqueued="0" />
</gc-op>
<gc-end id="3738" type="scavenge" contextid="3734" durationms="106.722" usertimems="788.500" systemtimems="0.000" timestamp="2020-09-12T18:51:45.013" activeThreads="8">
  <mem-info id="3739" free="1637267824" total="2911895552" percent="56">
    <mem type="nursery" free="690171136" total="939524096" percent="73">
      <mem type="allocate" free="690171136" total="800063488" percent="86" />
      <mem type="survivor" free="0" total="139460608" percent="0" />
    </mem>
    <mem type="tenure" free="947096688" total="1972371456" percent="48" macro-fragmented="0">
      <mem type="soa" free="828754032" total="1854028800" percent="44" />
      <mem type="loa" free="118342656" total="118342656" percent="100" />
    </mem>
    <remembered-set count="28933" />
  </mem-info>
</gc-end>
<cycle-end id="3740" type="scavenge" contextid="3734" timestamp="2020-09-12T18:51:45.014" />
<allocation-satisfied id="3741" threadId="0000000000873800" bytesRequested="16" />
<af-end id="3742" timestamp="2020-09-12T18:51:45.014" threadId="0000000000874180" success="true" from="nursery"/>
<exclusive-end id="3743" timestamp="2020-09-12T18:51:45.014" durationms="109.028" />

<exclusive-start id="3744" timestamp="2020-09-12T18:51:47.052" intervalms="2146.561">
  <response-info timems="0.505" idlems="0.505" threads="0" lastid="0000000000781D00" lastname="Group1.Backend.CompositeBackend{Tier1}.1" />
</exclusive-start>
<af-start id="3745" threadId="0000000000782680" totalBytesRequested="16" timestamp="2020-09-12T18:51:47.053" intervalms="2146.676" type="nursery" />
<cycle-start id="3746" type="scavenge" contextid="0" timestamp="2020-09-12T18:51:47.053" intervalms="2146.708" />
<gc-start id="3747" type="scavenge" contextid="3746" timestamp="2020-09-12T18:51:47.053">
  <mem-info id="3748" free="947096688" total="2911895552" percent="32">
    <mem type="nursery" free="0" total="939524096" percent="0">
      <mem type="allocate" free="0" total="800063488" percent="0" />
      <mem type="survivor" free="0" total="139460608" percent="0" />
    </mem>
    <mem type="tenure" free="947096688" total="1972371456" percent="48">
      <mem type="soa" free="828754032" total="1854028800" percent="44" />
      <mem type="loa" free="118342656" total="118342656" percent="100" />
    </mem>
    <remembered-set count="193275" />
  </mem-info>
</gc-start>
<allocation-stats totalBytes="689842720" >
  <allocated-bytes non-tlh="30637856" tlh="659204864" />
  <largest-consumer threadName="Group1.Backend.CompositeBackend{Tier1}.1" threadId="0000000000781D00" bytes="104293792" />
</allocation-stats>
<gc-op id="3749" type="scavenge" timems="137.704" contextid="3746" timestamp="2020-09-12T18:51:47.191">
  <scavenger-info tenureage="3" tenuremask="7ff8" tiltratio="85" />
  <memory-copied type="nursery" objects="4176244" bytes="111598672" bytesdiscarded="216408" />
  <memory-copied type="tenure" objects="1091953" bytes="29368608" bytesdiscarded="61776" />
  <ownableSynchronizers candidates="3240" cleared="2893" />
  <references type="soft" candidates="300" cleared="0" enqueued="0" dynamicThreshold="18" maxThreshold="32" />
  <references type="weak" candidates="127" cleared="127" enqueued="0" />
</gc-op>
<gc-end id="3750" type="scavenge" contextid="3746" durationms="138.576" usertimems="902.148" systemtimems="27.791" timestamp="2020-09-12T18:51:47.192" activeThreads="8">
  <mem-info id="3751" free="1608186520" total="2911895552" percent="55">
    <mem type="nursery" free="690585080" total="939524096" percent="73">
      <mem type="allocate" free="690585080" total="802488320" percent="86" />
      <mem type="survivor" free="0" total="137035776" percent="0" />
    </mem>
    <mem type="tenure" free="917601440" total="1972371456" percent="46" macro-fragmented="0">
      <mem type="soa" free="799258784" total="1854028800" percent="43" />
      <mem type="loa" free="118342656" total="118342656" percent="100" />
    </mem>
    <remembered-set count="29417" />
  </mem-info>
</gc-end>
<cycle-end id="3752" type="scavenge" contextid="3746" timestamp="2020-09-12T18:51:47.194" />
<allocation-satisfied id="3753" threadId="0000000000781D00" bytesRequested="16" />
<af-end id="3754" timestamp="2020-09-12T18:51:47.194" threadId="0000000000782680" success="true" from="nursery"/>
<exclusive-end id="3755" timestamp="2020-09-12T18:51:47.194" durationms="141.966" />

<exclusive-start id="3756" timestamp="2020-09-12T18:51:49.093" intervalms="2041.108">
  <response-info timems="1.127" idlems="1.127" threads="0" lastid="0000000000847B00" lastname="Group1.Backend.CompositeBackend{Tier1}.3" />
</exclusive-start>
<af-start id="3757" threadId="0000000000848480" totalBytesRequested="32" timestamp="2020-09-12T18:51:49.094" intervalms="2041.053" type="nursery" />
<cycle-start id="3758" type="scavenge" contextid="0" timestamp="2020-09-12T18:51:49.094" intervalms="2041.030" />
<gc-start id="3759" type="scavenge" contextid="3758" timestamp="2020-09-12T18:51:49.094">
  <mem-info id="3760" free="917601440" total="2911895552" percent="31">
    <mem type="nursery" free="0" total="939524096" percent="0">
      <mem type="allocate" free="0" total="802488320" percent="0" />
      <mem type="survivor" free="0" total="137035776" percent="0" />
    </mem>
    <mem type="tenure" free="917601440" total="1972371456" percent="46">
      <mem type="soa" free="799258784" total="1854028800" percent="43" />
      <mem type="loa" free="118342656" total="118342656" percent="100" />
    </mem>
    <remembered-set count="190685" />
  </mem-info>
</gc-start>
<allocation-stats totalBytes="690277472" >
  <allocated-bytes non-tlh="39327288" tlh="650950184" />
  <largest-consumer threadName="Group1.Backend.CompositeBackend{Tier1}.6" threadId="00000000008A0000" bytes="99147632" />
</allocation-stats>
<gc-op id="3761" type="scavenge" timems="98.040" contextid="3758" timestamp="2020-09-12T18:51:49.192">
  <scavenger-info tenureage="3" tenuremask="7ff8" tiltratio="85" />
  <memory-copied type="nursery" objects="4124590" bytes="110528160" bytesdiscarded="148248" />
  <memory-copied type="tenure" objects="1042638" bytes="28050848" bytesdiscarded="58536" />
  <ownableSynchronizers candidates="4025" cleared="3692" />
  <references type="soft" candidates="263" cleared="0" enqueued="0" dynamicThreshold="18" maxThreshold="32" />
  <references type="weak" candidates="124" cleared="123" enqueued="0" />
</gc-op>
<gc-end id="3762" type="scavenge" contextid="3758" durationms="99.396" usertimems="735.846" systemtimems="0.000" timestamp="2020-09-12T18:51:49.193" activeThreads="8">
  <mem-info id="3763" free="1583508592" total="2911895552" percent="54">
    <mem type="nursery" free="694085888" total="939524096" percent="73">
      <mem type="allocate" free="694085888" total="804847616" percent="86" />
      <mem type="survivor" free="0" total="134676480" percent="0" />
    </mem>
    <mem type="tenure" free="889422704" total="1972371456" percent="45" macro-fragmented="0">
      <mem type="soa" free="771080048" total="1854028800" percent="41" />
      <mem type="loa" free="118342656" total="118342656" percent="100" />
    </mem>
    <remembered-set count="30460" />
  </mem-info>
</gc-end>
<cycle-end id="3764" type="scavenge" contextid="3758" timestamp="2020-09-12T18:51:49.195" />
<allocation-satisfied id="3765" threadId="0000000000847B00" bytesRequested="32" />
<af-end id="3766" timestamp="2020-09-12T18:51:49.195" threadId="0000000000848480" success="true" from="nursery"/>
<exclusive-end id="3767" timestamp="2020-09-12T18:51:49.195" durationms="102.286" />

<exclusive-start id="3768" timestamp="2020-09-12T18:51:51.186" intervalms="2092.783">
  <response-info timems="0.697" idlems="0.697" threads="0" lastid="00000000008D4E00" lastname="Group1.Backend.CompositeBackend{Tier3}.8" />
</exclusive-start>
<af-start id="3769" threadId="00000000008D5780" totalBytesRequested="32" timestamp="2020-09-12T18:51:51.186" intervalms="2092.682" type="nursery" />
<cycle-start id="3770" type="scavenge" contextid="0" timestamp="2020-09-12T18:51:51.186" intervalms="2092.659" />
<gc-start id="3771" type="scavenge" contextid="3770" timestamp="2020-09-12T18:51:51.187">
  <mem-info id="3772" free="889422704" total="2911895552" percent="30">
    <mem type="nursery" free="0" total="939524096" percent="0">
      <mem type="allocate" free="0" total="804847616" percent="0" />
      <mem type="survivor" free="0" total="134676480" percent="0" />
    </mem>
    <mem type="tenure" free="889422704" total="1972371456" percent="45">
      <mem type="soa" free="771080048" total="1854028800" percent="41" />
      <mem type="loa" free="118342656" total="118342656" percent="100" />
    </mem>
    <remembered-set count="195608" />
  </mem-info>
</gc-start>
<allocation-stats totalBytes="693745200" >
  <allocated-bytes non-tlh="33747808" tlh="659997392" />
  <largest-consumer threadName="Group1.Backend.CompositeBackend{Tier1}.3" threadId="0000000000847B00" bytes="93618968" />
</allocation-stats>
<gc-op id="3773" type="scavenge" timems="98.594" contextid="3770" timestamp="2020-09-12T18:51:51.285">
  <scavenger-info tenureage="3" tenuremask="7ff8" tiltratio="85" />
  <memory-copied type="nursery" objects="4355900" bytes="116130200" bytesdiscarded="481496" />
  <memory-copied type="tenure" objects="1112088" bytes="29902232" bytesdiscarded="70560" />
  <ownableSynchronizers candidates="3598" cleared="3295" />
  <references type="soft" candidates="287" cleared="0" enqueued="0" dynamicThreshold="18" maxThreshold="32" />
  <references type="weak" candidates="109" cleared="108" enqueued="0" />
</gc-op>
<gc-end id="3774" type="scavenge" contextid="3770" durationms="99.371" usertimems="781.312" systemtimems="0.000" timestamp="2020-09-12T18:51:51.286" activeThreads="8">
  <mem-info id="3775" free="1546004792" total="2911895552" percent="53">
    <mem type="nursery" free="686769256" total="939524096" percent="73">
      <mem type="allocate" free="686769256" total="803471360" percent="85" />
      <mem type="survivor" free="0" total="136052736" percent="0" />
    </mem>
    <mem type="tenure" free="859235536" total="1972371456" percent="43" macro-fragmented="0">
      <mem type="soa" free="740892880" total="1854028800" percent="39" />
      <mem type="loa" free="118342656" total="118342656" percent="100" />
    </mem>
    <remembered-set count="31584" />
  </mem-info>
</gc-end>
<cycle-end id="3776" type="scavenge" contextid="3770" timestamp="2020-09-12T18:51:51.287" />
<allocation-satisfied id="3777" threadId="00000000008D4E00" bytesRequested="32" />
<af-end id="3778" timestamp="2020-09-12T18:51:51.287" threadId="00000000008D5780" success="true" from="nursery"/>
<exclusive-end id="3779" timestamp="2020-09-12T18:51:51.287" durationms="101.296" />

<exclusive-start id="3780" timestamp="2020-09-12T18:51:53.301" intervalms="2115.713">
  <response-info timems="0.776" idlems="0.506" threads="1" lastid="0000000000873800" lastname="Group1.Backend.CompositeBackend{Tier1}.5" />
</exclusive-start>
<af-start id="3781" threadId="0000000000A8BE80" totalBytesRequested="1032" timestamp="2020-09-12T18:51:53.302" intervalms="2115.843" type="nursery" />
<cycle-start id="3782" type="scavenge" contextid="0" timestamp="2020-09-12T18:51:53.302" intervalms="2115.845" />
<gc-start id="3783" type="scavenge" contextid="3782" timestamp="2020-09-12T18:51:53.303">
  <mem-info id="3784" free="859235536" total="2911895552" percent="29">
    <mem type="nursery" free="0" total="939524096" percent="0">
      <mem type="allocate" free="0" total="803471360" percent="0" />
      <mem type="survivor" free="0" total="136052736" percent="0" />
    </mem>
    <mem type="tenure" free="859235536" total="1972371456" percent="43">
      <mem type="soa" free="740892880" total="1854028800" percent="39" />
      <mem type="loa" free="118342656" total="118342656" percent="100" />
    </mem>
    <remembered-set count="196638" />
  </mem-info>
</gc-start>
<allocation-stats totalBytes="686443800" >
  <allocated-bytes non-tlh="31646256" tlh="654797544" />
  <largest-consumer threadName="Group1.Backend.CompositeBackend{Tier1}.5" threadId="0000000000873800" bytes="96836632" />
</allocation-stats>
<gc-op id="3785" type="scavenge" timems="104.772" contextid="3782" timestamp="2020-09-12T18:51:53.407">
  <scavenger-info tenureage="3" tenuremask="7ff8" tiltratio="85" />
  <memory-copied type="nursery" objects="4045273" bytes="108532600" bytesdiscarded="137272" />
  <memory-copied type="tenure" objects="1099446" bytes="29566024" bytesdiscarded="61376" />
  <ownableSynchronizers candidates="4259" cleared="3963" />
  <references type="soft" candidates="267" cleared="0" enqueued="0" dynamicThreshold="18" maxThreshold="32" />
  <references type="weak" candidates="127" cleared="126" enqueued="0" />
</gc-op>
<gc-end id="3786" type="scavenge" contextid="3782" durationms="105.797" usertimems="759.236" systemtimems="1.009" timestamp="2020-09-12T18:51:53.408" activeThreads="8">
  <mem-info id="3787" free="1525684376" total="2911895552" percent="52">
    <mem type="nursery" free="695901440" total="939524096" percent="74">
      <mem type="allocate" free="695901440" total="804651008" percent="86" />
      <mem type="survivor" free="0" total="134873088" percent="0" />
    </mem>
    <mem type="tenure" free="829782936" total="1972371456" percent="42" macro-fragmented="0">
      <mem type="soa" free="711440280" total="1854028800" percent="38" />
      <mem type="loa" free="118342656" total="118342656" percent="100" />
    </mem>
    <remembered-set count="33978" />
  </mem-info>
</gc-end>
<cycle-end id="3788" type="scavenge" contextid="3782" timestamp="2020-09-12T18:51:53.412" />
<allocation-satisfied id="3789" threadId="0000000000A8B500" bytesRequested="1032" />
<af-end id="3790" timestamp="2020-09-12T18:51:53.412" threadId="0000000000A8BE80" success="true" from="nursery"/>
<exclusive-end id="3791" timestamp="2020-09-12T18:51:53.416" durationms="114.380" />

<exclusive-start id="3792" timestamp="2020-09-12T18:51:55.432" intervalms="2130.889">
  <response-info timems="0.624" idlems="0.624" threads="0" lastid="00000000008AF400" lastname="Group1.Backend.CompositeBackend{Tier1}.8" />
</exclusive-start>
<af-start id="3793" threadId="00000000008AFD80" totalBytesRequested="520" timestamp="2020-09-12T18:51:55.433" intervalms="2130.741" type="nursery" />
<cycle-start id="3794" type="scavenge" contextid="0" timestamp="2020-09-12T18:51:55.433" intervalms="2130.938" />
<gc-start id="3795" type="scavenge" contextid="3794" timestamp="2020-09-12T18:51:55.434">
  <mem-info id="3796" free="829782936" total="2911895552" percent="28">
    <mem type="nursery" free="0" total="939524096" percent="0">
      <mem type="allocate" free="0" total="804651008" percent="0" />
      <mem type="survivor" free="0" total="134873088" percent="0" />
    </mem>
    <mem type="tenure" free="829782936" total="1972371456" percent="42">
      <mem type="soa" free="711440280" total="1854028800" percent="38" />
      <mem type="loa" free="118342656" total="118342656" percent="100" />
    </mem>
    <remembered-set count="198673" />
  </mem-info>
</gc-start>
<allocation-stats totalBytes="695566952" >
  <allocated-bytes non-tlh="31469848" tlh="664097104" />
  <largest-consumer threadName="Group1.Backend.CompositeBackend{Tier1}.4" threadId="000000000082C800" bytes="87755656" />
</allocation-stats>
<gc-op id="3797" type="scavenge" timems="99.051" contextid="3794" timestamp="2020-09-12T18:51:55.533">
  <scavenger-info tenureage="3" tenuremask="7ff8" tiltratio="85" />
  <memory-copied type="nursery" objects="4124029" bytes="110442920" bytesdiscarded="196536" />
  <memory-copied type="tenure" objects="1088274" bytes="29222032" bytesdiscarded="66080" />
  <ownableSynchronizers candidates="4383" cleared="4043" />
  <references type="soft" candidates="320" cleared="0" enqueued="0" dynamicThreshold="18" maxThreshold="32" />
  <references type="weak" candidates="118" cleared="118" enqueued="0" />
</gc-op>
<gc-end id="3798" type="scavenge" contextid="3794" durationms="100.010" usertimems="754.240" systemtimems="7.550" timestamp="2020-09-12T18:51:55.533" activeThreads="8">
  <mem-info id="3799" free="1496094952" total="2911895552" percent="51">
    <mem type="nursery" free="695760120" total="939524096" percent="74">
      <mem type="allocate" free="695760120" total="806486016" percent="86" />
      <mem type="survivor" free="0" total="133038080" percent="0" />
    </mem>
    <mem type="tenure" free="800334832" total="1972371456" percent="40" macro-fragmented="0">
      <mem type="soa" free="681992176" total="1854028800" percent="36" />
      <mem type="loa" free="118342656" total="118342656" percent="100" />
    </mem>
    <remembered-set count="32522" />
  </mem-info>
</gc-end>
<cycle-end id="3800" type="scavenge" contextid="3794" timestamp="2020-09-12T18:51:55.535" />
<allocation-satisfied id="3801" threadId="00000000008AF400" bytesRequested="520" />
<af-end id="3802" timestamp="2020-09-12T18:51:55.535" threadId="00000000008AFD80" success="true" from="nursery"/>
<exclusive-end id="3803" timestamp="2020-09-12T18:51:55.536" durationms="103.250" />

<exclusive-start id="3804" timestamp="2020-09-12T18:51:57.595" intervalms="2162.182">
  <response-info timems="0.731" idlems="0.731" threads="0" lastid="0000000000781D00" lastname="Group1.Backend.CompositeBackend{Tier1}.1" />
</exclusive-start>
<af-start id="3805" threadId="0000000000782680" totalBytesRequested="24" timestamp="2020-09-12T18:51:57.595" intervalms="2162.274" type="nursery" />
<cycle-start id="3806" type="scavenge" contextid="0" timestamp="2020-09-12T18:51:57.595" intervalms="2162.101" />
<gc-start id="3807" type="scavenge" contextid="3806" timestamp="2020-09-12T18:51:57.596">
  <mem-info id="3808" free="800334832" total="2911895552" percent="27">
    <mem type="nursery" free="0" total="939524096" percent="0">
      <mem type="allocate" free="0" total="806486016" percent="0" />
      <mem type="survivor" free="0" total="133038080" percent="0" />
    </mem>
    <mem type="tenure" free="800334832" total="1972371456" percent="40">
      <mem type="soa" free="681992176" total="1854028800" percent="36" />
      <mem type="loa" free="118342656" total="118342656" percent="100" />
    </mem>
    <remembered-set count="198840" />
  </mem-info>
</gc-start>
<allocation-stats totalBytes="695438568" >
  <allocated-bytes non-tlh="29298320" tlh="666140248" />
  <largest-consumer threadName="Group1.Backend.CompositeBackend{Tier1}.1" threadId="0000000000781D00" bytes="90851224" />
</allocation-stats>
<gc-op id="3809" type="scavenge" timems="101.421" contextid="3806" timestamp="2020-09-12T18:51:57.697">
  <scavenger-info tenureage="3" tenuremask="7ff8" tiltratio="85" />
  <memory-copied type="nursery" objects="4151192" bytes="111387760" bytesdiscarded="119080" />
  <memory-copied type="tenure" objects="1095969" bytes="29445712" bytesdiscarded="67928" />
  <ownableSynchronizers candidates="5016" cleared="4642" />
  <references type="soft" candidates="317" cleared="0" enqueued="0" dynamicThreshold="18" maxThreshold="32" />
  <references type="weak" candidates="118" cleared="118" enqueued="0" />
</gc-op>
<gc-end id="3810" type="scavenge" contextid="3806" durationms="102.144" usertimems="755.597" systemtimems="0.000" timestamp="2020-09-12T18:51:57.698" activeThreads="8">
  <mem-info id="3811" free="1467221624" total="2911895552" percent="50">
    <mem type="nursery" free="696328960" total="939524096" percent="74">
      <mem type="allocate" free="696328960" total="807927808" percent="86" />
      <mem type="survivor" free="0" total="131596288" percent="0" />
    </mem>
    <mem type="tenure" free="770892664" total="1972371456" percent="39" macro-fragmented="0">
      <mem type="soa" free="652550008" total="1854028800" percent="35" />
      <mem type="loa" free="118342656" total="118342656" percent="100" />
    </mem>
    <remembered-set count="32642" />
  </mem-info>
</gc-end>
<cycle-end id="3812" type="scavenge" contextid="3806" timestamp="2020-09-12T18:51:57.699" />
<allocation-satisfied id="3813" threadId="0000000000781D00" bytesRequested="24" />
<af-end id="3814" timestamp="2020-09-12T18:51:57.699" threadId="0000000000782680" success="true" from="nursery"/>
<exclusive-end id="3815" timestamp="2020-09-12T18:51:57.700" durationms="105.156" />

<exclusive-start id="3816" timestamp="2020-09-12T18:51:59.739" intervalms="2144.201">
  <response-info timems="0.360" idlems="0.360" threads="0" lastid="00000000008AAD00" lastname="Group1.Backend.CompositeBackend{Tier1}.7" />
</exclusive-start>
<af-start id="3817" threadId="00000000008AB680" totalBytesRequested="32" timestamp="2020-09-12T18:51:59.740" intervalms="2144.536" type="nursery" />
<cycle-start id="3818" type="scavenge" contextid="0" timestamp="2020-09-12T18:51:59.740" intervalms="2144.535" />
<gc-start id="3819" type="scavenge" contextid="3818" timestamp="2020-09-12T18:51:59.740">
  <mem-info id="3820" free="770892664" total="2911895552" percent="26">
    <mem type="nursery" free="0" total="939524096" percent="0">
      <mem type="allocate" free="0" total="807927808" percent="0" />
      <mem type="survivor" free="0" total="131596288" percent="0" />
    </mem>
    <mem type="tenure" free="770892664" total="1972371456" percent="39">
      <mem type="soa" free="652550008" total="1854028800" percent="35" />
      <mem type="loa" free="118342656" total="118342656" percent="100" />
    </mem>
    <remembered-set count="196506" />
  </mem-info>
</gc-start>
<allocation-stats totalBytes="695988336" >
  <allocated-bytes non-tlh="31606096" tlh="664382240" />
  <largest-consumer threadName="Group1.Backend.CompositeBackend{Tier1}.1" threadId="0000000000781D00" bytes="90052552" />
</allocation-stats>
<gc-op id="3821" type="scavenge" timems="91.354" contextid="3818" timestamp="2020-09-12T18:51:59.832">
  <scavenger-info tenureage="3" tenuremask="7ff8" tiltratio="85" />
  <memory-copied type="nursery" objects="4179040" bytes="112104168" bytesdiscarded="277184" />
  <memory-copied type="tenure" objects="1073171" bytes="28825344" bytesdiscarded="79896" />
  <ownableSynchronizers candidates="4357" cleared="3968" />
  <references type="soft" candidates="325" cleared="0" enqueued="0" dynamicThreshold="18" maxThreshold="32" />
  <references type="weak" candidates="118" cleared="117" enqueued="0" />
</gc-op>
<gc-end id="3822" type="scavenge" contextid="3818" durationms="92.118" usertimems="703.139" systemtimems="3.923" timestamp="2020-09-12T18:51:59.832" activeThreads="8">
  <mem-info id="3823" free="1438463672" total="2911895552" percent="49">
    <mem type="nursery" free="696514304" total="939524096" percent="74">
      <mem type="allocate" free="696514304" total="808976384" percent="86" />
      <mem type="survivor" free="0" total="130547712" percent="0" />
    </mem>
    <mem type="tenure" free="741949368" total="1972371456" percent="37" macro-fragmented="0">
      <mem type="soa" free="623606712" total="1854028800" percent="33" />
      <mem type="loa" free="118342656" total="118342656" percent="100" />
    </mem>
    <remembered-set count="30387" />
  </mem-info>
</gc-end>
<cycle-end id="3824" type="scavenge" contextid="3818" timestamp="2020-09-12T18:51:59.834" />
<allocation-satisfied id="3825" threadId="00000000008AAD00" bytesRequested="32" />
<af-end id="3826" timestamp="2020-09-12T18:51:59.834" threadId="00000000008AB680" success="true" from="nursery"/>
<exclusive-end id="3827" timestamp="2020-09-12T18:51:59.834" durationms="95.677" />

<exclusive-start id="3828" timestamp="2020-09-12T18:52:01.882" intervalms="2143.781">
  <response-info timems="0.496" idlems="0.481" threads="1" lastid="00000000008AF400" lastname="Group1.Backend.CompositeBackend{Tier1}.8" />
</exclusive-start>
<af-start id="3829" threadId="00000000008AB680" totalBytesRequested="32" timestamp="2020-09-12T18:52:01.883" intervalms="2143.429" type="nursery" />
<cycle-start id="3830" type="scavenge" contextid="0" timestamp="2020-09-12T18:52:01.883" intervalms="2143.408" />
<gc-start id="3831" type="scavenge" contextid="3830" timestamp="2020-09-12T18:52:01.884">
  <mem-info id="3832" free="741949368" total="2911895552" percent="25">
    <mem type="nursery" free="0" total="939524096" percent="0">
      <mem type="allocate" free="0" total="808976384" percent="0" />
      <mem type="survivor" free="0" total="130547712" percent="0" />
    </mem>
    <mem type="tenure" free="741949368" total="1972371456" percent="37">
      <mem type="soa" free="623606712" total="1854028800" percent="33" />
      <mem type="loa" free="118342656" total="118342656" percent="100" />
    </mem>
    <remembered-set count="195610" />
  </mem-info>
</gc-start>
<allocation-stats totalBytes="696174936" >
  <allocated-bytes non-tlh="29331016" tlh="666843920" />
  <largest-consumer threadName="Group1.Backend.CompositeBackend{Tier1}.4" threadId="000000000082C800" bytes="86302176" />
</allocation-stats>
<gc-op id="3833" type="scavenge" timems="102.869" contextid="3830" timestamp="2020-09-12T18:52:01.986">
  <scavenger-info tenureage="3" tenuremask="7ff8" tiltratio="86" />
  <memory-copied type="nursery" objects="4380316" bytes="116440912" bytesdiscarded="147392" />
  <memory-copied type="tenure" objects="1111009" bytes="29866752" bytesdiscarded="53344" />
  <ownableSynchronizers candidates="3870" cleared="3492" />
  <references type="soft" candidates="278" cleared="0" enqueued="0" dynamicThreshold="18" maxThreshold="32" />
  <references type="weak" candidates="118" cleared="117" enqueued="0" />
</gc-op>
<gc-end id="3834" type="scavenge" contextid="3830" durationms="103.825" usertimems="787.394" systemtimems="3.731" timestamp="2020-09-12T18:52:01.987" activeThreads="8">
  <mem-info id="3835" free="1400468672" total="2911895552" percent="48">
    <mem type="nursery" free="688500984" total="939524096" percent="73">
      <mem type="allocate" free="688500984" total="805175296" percent="85" />
      <mem type="survivor" free="0" total="134348800" percent="0" />
    </mem>
    <mem type="tenure" free="711967688" total="1972371456" percent="36" macro-fragmented="0">
      <mem type="soa" free="593625032" total="1854028800" percent="32" />
      <mem type="loa" free="118342656" total="118342656" percent="100" />
    </mem>
    <remembered-set count="30478" />
  </mem-info>
</gc-end>
<cycle-end id="3836" type="scavenge" contextid="3830" timestamp="2020-09-12T18:52:01.990" />
<allocation-satisfied id="3837" threadId="00000000008AAD00" bytesRequested="32" />
<af-end id="3838" timestamp="2020-09-12T18:52:01.990" threadId="00000000008AB680" success="true" from="nursery"/>
<exclusive-end id="3839" timestamp="2020-09-12T18:52:01.990" durationms="107.378" />

<exclusive-start id="3840" timestamp="2020-09-12T18:52:03.892" intervalms="2009.964">
  <response-info timems="0.478" idlems="0.478" threads="0" lastid="0000000000781D00" lastname="Group1.Backend.CompositeBackend{Tier1}.1" />
</exclusive-start>
<af-start id="3841" threadId="0000000000782680" totalBytesRequested="664" timestamp="2020-09-12T18:52:03.893" intervalms="2010.021" type="nursery" />
<cycle-start id="3842" type="scavenge" contextid="0" timestamp="2020-09-12T18:52:03.893" intervalms="2010.054" />
<gc-start id="3843" type="scavenge" contextid="3842" timestamp="2020-09-12T18:52:03.894">
  <mem-info id="3844" free="711967688" total="2911895552" percent="24">
    <mem type="nursery" free="0" total="939524096" percent="0">
      <mem type="allocate" free="0" total="805175296" percent="0" />
      <mem type="survivor" free="0" total="134348800" percent="0" />
    </mem>
    <mem type="tenure" free="711967688" total="1972371456" percent="36">
      <mem type="soa" free="593625032" total="1854028800" percent="32" />
      <mem type="loa" free="118342656" total="118342656" percent="100" />
    </mem>
    <remembered-set count="190131" />
  </mem-info>
</gc-start>
<allocation-stats totalBytes="688165144" >
  <allocated-bytes non-tlh="40009376" tlh="648155768" />
  <largest-consumer threadName="Group1.Backend.CompositeBackend{Tier1}.7" threadId="00000000008AAD00" bytes="89823552" />
</allocation-stats>
<gc-op id="3845" type="scavenge" timems="93.706" contextid="3842" timestamp="2020-09-12T18:52:03.987">
  <scavenger-info tenureage="3" tenuremask="7ff8" tiltratio="85" />
  <memory-copied type="nursery" objects="4097581" bytes="109876208" bytesdiscarded="140600" />
  <memory-copied type="tenure" objects="1129555" bytes="30361968" bytesdiscarded="71416" />
  <ownableSynchronizers candidates="3898" cleared="3559" />
  <references type="soft" candidates="246" cleared="0" enqueued="0" dynamicThreshold="18" maxThreshold="32" />
  <references type="weak" candidates="119" cleared="118" enqueued="0" />
</gc-op>
<gc-end id="3846" type="scavenge" contextid="3842" durationms="94.519" usertimems="724.351" systemtimems="2.223" timestamp="2020-09-12T18:52:03.988" activeThreads="8">
  <mem-info id="3847" free="1377637888" total="2911895552" percent="47">
    <mem type="nursery" free="695865088" total="939524096" percent="74">
      <mem type="allocate" free="695865088" total="805961728" percent="86" />
      <mem type="survivor" free="0" total="133562368" percent="0" />
    </mem>
    <mem type="tenure" free="681772800" total="1972371456" percent="34" macro-fragmented="0">
      <mem type="soa" free="563430144" total="1854028800" percent="30" />
      <mem type="loa" free="118342656" total="118342656" percent="100" />
    </mem>
    <remembered-set count="29025" />
  </mem-info>
</gc-end>
<cycle-end id="3848" type="scavenge" contextid="3842" timestamp="2020-09-12T18:52:03.990" />
<allocation-satisfied id="3849" threadId="0000000000781D00" bytesRequested="664" />
<af-end id="3850" timestamp="2020-09-12T18:52:03.990" threadId="0000000000782680" success="true" from="nursery"/>
<exclusive-end id="3851" timestamp="2020-09-12T18:52:03.990" durationms="97.271" />

<exclusive-start id="3852" timestamp="2020-09-12T18:52:06.002" intervalms="2109.290">
  <response-info timems="0.374" idlems="0.374" threads="0" lastid="0000000000781D00" lastname="Group1.Backend.CompositeBackend{Tier1}.1" />
</exclusive-start>
<af-start id="3853" threadId="0000000000782680" totalBytesRequested="16" timestamp="2020-09-12T18:52:06.002" intervalms="2109.228" type="nursery" />
<cycle-start id="3854" type="scavenge" contextid="0" timestamp="2020-09-12T18:52:06.003" intervalms="2109.209" />
<gc-start id="3855" type="scavenge" contextid="3854" timestamp="2020-09-12T18:52:06.003">
  <mem-info id="3856" free="681772800" total="2911895552" percent="23">
    <mem type="nursery" free="0" total="939524096" percent="0">
      <mem type="allocate" free="0" total="805961728" percent="0" />
      <mem type="survivor" free="0" total="133562368" percent="0" />
    </mem>
    <mem type="tenure" free="681772800" total="1972371456" percent="34">
      <mem type="soa" free="563430144" total="1854028800" percent="30" />
      <mem type="loa" free="118342656" total="118342656" percent="100" />
    </mem>
    <remembered-set count="191459" />
  </mem-info>
</gc-start>
<allocation-stats totalBytes="695530304" >
  <allocated-bytes non-tlh="33083664" tlh="662446640" />
  <largest-consumer threadName="Group1.Backend.CompositeBackend{Tier1}.4" threadId="000000000082C800" bytes="93757728" />
</allocation-stats>
<gc-op id="3857" type="scavenge" timems="110.109" contextid="3854" timestamp="2020-09-12T18:52:06.113">
  <scavenger-info tenureage="3" tenuremask="7ff8" tiltratio="85" />
  <memory-copied type="nursery" objects="4431655" bytes="117214168" bytesdiscarded="127768" />
  <memory-copied type="tenure" objects="1095375" bytes="29460944" bytesdiscarded="84616" />
  <ownableSynchronizers candidates="4220" cleared="3898" />
  <references type="soft" candidates="255" cleared="0" enqueued="0" dynamicThreshold="18" maxThreshold="32" />
  <references type="weak" candidates="107" cleared="107" enqueued="0" />
</gc-op>
<gc-end id="3858" type="scavenge" contextid="3854" durationms="110.960" usertimems="832.928" systemtimems="0.473" timestamp="2020-09-12T18:52:06.114" activeThreads="8">
  <mem-info id="3859" free="1335821088" total="2911895552" percent="45">
    <mem type="nursery" free="683749592" total="939524096" percent="72">
      <mem type="allocate" free="683749592" total="801177600" percent="85" />
      <mem type="survivor" free="0" total="138346496" percent="0" />
    </mem>
    <mem type="tenure" free="652071496" total="1972371456" percent="33" macro-fragmented="0">
      <mem type="soa" free="533728840" total="1854028800" percent="28" />
      <mem type="loa" free="118342656" total="118342656" percent="100" />
    </mem>
    <remembered-set count="28898" />
  </mem-info>
</gc-end>
<cycle-end id="3860" type="scavenge" contextid="3854" timestamp="2020-09-12T18:52:06.115" />
<allocation-satisfied id="3861" threadId="0000000000781D00" bytesRequested="16" />
<af-end id="3862" timestamp="2020-09-12T18:52:06.115" threadId="0000000000782680" success="true" from="nursery"/>
<exclusive-end id="3863" timestamp="2020-09-12T18:52:06.115" durationms="113.366" />

<exclusive-start id="3864" timestamp="2020-09-12T18:52:08.072" intervalms="2069.948">
  <response-info timems="0.411" idlems="0.411" threads="0" lastid="0000000000847B00" lastname="Group1.Backend.CompositeBackend{Tier1}.3" />
</exclusive-start>
<af-start id="3865" threadId="0000000000848480" totalBytesRequested="24" timestamp="2020-09-12T18:52:08.072" intervalms="2070.055" type="nursery" />
<cycle-start id="3866" type="scavenge" contextid="0" timestamp="2020-09-12T18:52:08.073" intervalms="2070.081" />
<gc-start id="3867" type="scavenge" contextid="3866" timestamp="2020-09-12T18:52:08.073">
  <mem-info id="3868" free="652071496" total="2911895552" percent="22">
    <mem type="nursery" free="0" total="939524096" percent="0">
      <mem type="allocate" free="0" total="801177600" percent="0" />
      <mem type="survivor" free="0" total="138346496" percent="0" />
    </mem>
    <mem type="tenure" free="652071496" total="1972371456" percent="33">
      <mem type="soa" free="533728840" total="1854028800" percent="28" />
      <mem type="loa" free="118342656" total="118342656" percent="100" />
    </mem>
    <remembered-set count="191797" />
  </mem-info>
</gc-start>
<allocation-stats totalBytes="683422464" >
  <allocated-bytes non-tlh="32790216" tlh="650632248" />
  <largest-consumer threadName="Group1.Backend.CompositeBackend{Tier1}.8" threadId="00000000008AF400" bytes="101165456" />
</allocation-stats>
<gc-op id="3869" type="scavenge" timems="96.515" contextid="3866" timestamp="2020-09-12T18:52:08.170">
  <scavenger-info tenureage="3" tenuremask="7ff8" tiltratio="85" />
  <memory-copied type="nursery" objects="4296023" bytes="114227304" bytesdiscarded="135608" />
  <memory-copied type="tenure" objects="1129976" bytes="30385344" bytesdiscarded="74808" />
  <ownableSynchronizers candidates="3453" cleared="3159" />
  <references type="soft" candidates="248" cleared="0" enqueued="0" dynamicThreshold="18" maxThreshold="32" />
  <references type="weak" candidates="107" cleared="107" enqueued="0" />
</gc-op>
<gc-end id="3870" type="scavenge" contextid="3866" durationms="97.558" usertimems="756.758" systemtimems="0.000" timestamp="2020-09-12T18:52:08.170" activeThreads="8">
  <mem-info id="3871" free="1309836856" total="2911895552" percent="44">
    <mem type="nursery" free="688168440" total="939524096" percent="73">
      <mem type="allocate" free="688168440" total="802619392" percent="85" />
      <mem type="survivor" free="0" total="136904704" percent="0" />
    </mem>
    <mem type="tenure" free="621668416" total="1972371456" percent="31" macro-fragmented="0">
      <mem type="soa" free="503325760" total="1854028800" percent="27" />
      <mem type="loa" free="118342656" total="118342656" percent="100" />
    </mem>
    <remembered-set count="28547" />
  </mem-info>
</gc-end>
<cycle-end id="3872" type="scavenge" contextid="3866" timestamp="2020-09-12T18:52:08.174" />
<allocation-satisfied id="3873" threadId="0000000000847B00" bytesRequested="24" />
<af-end id="3874" timestamp="2020-09-12T18:52:08.175" threadId="0000000000848480" success="true" from="nursery"/>
<exclusive-end id="3875" timestamp="2020-09-12T18:52:08.175" durationms="102.845" />

<exclusive-start id="3876" timestamp="2020-09-12T18:52:10.181" intervalms="2108.984">
  <response-info timems="0.634" idlems="0.634" threads="0" lastid="00000000008A0000" lastname="Group1.Backend.CompositeBackend{Tier1}.6" />
</exclusive-start>
<af-start id="3877" threadId="00000000008A0980" totalBytesRequested="24" timestamp="2020-09-12T18:52:10.182" intervalms="2109.132" type="nursery" />
<cycle-start id="3878" type="scavenge" contextid="0" timestamp="2020-09-12T18:52:10.182" intervalms="2109.125" />
<gc-start id="3879" type="scavenge" contextid="3878" timestamp="2020-09-12T18:52:10.182">
  <mem-info id="3880" free="621668416" total="2911895552" percent="21">
    <mem type="nursery" free="0" total="939524096" percent="0">
      <mem type="allocate" free="0" total="802619392" percent="0" />
      <mem type="survivor" free="0" total="136904704" percent="0" />
    </mem>
    <mem type="tenure" free="621668416" total="1972371456" percent="31">
      <mem type="soa" free="503325760" total="1854028800" percent="27" />
      <mem type="loa" free="118342656" total="118342656" percent="100" />
    </mem>
    <remembered-set count="191757" />
  </mem-info>
</gc-start>
<allocation-stats totalBytes="687844160" >
  <allocated-bytes non-tlh="31161808" tlh="656682352" />
  <largest-consumer threadName="Group1.Backend.CompositeBackend{Tier1}.5" threadId="0000000000873800" bytes="86087312" />
</allocation-stats>
<gc-op id="3881" type="scavenge" timems="102.529" contextid="3878" timestamp="2020-09-12T18:52:10.285">
  <scavenger-info tenureage="3" tenuremask="7ff8" tiltratio="85" />
  <memory-copied type="nursery" objects="4246346" bytes="113434976" bytesdiscarded="187032" />
  <memory-copied type="tenure" objects="1046119" bytes="28125480" bytesdiscarded="90384" />
  <ownableSynchronizers candidates="4055" cleared="3759" />
  <references type="soft" candidates="255" cleared="0" enqueued="0" dynamicThreshold="18" maxThreshold="32" />
  <references type="weak" candidates="118" cleared="118" enqueued="0" />
</gc-op>
<gc-end id="3882" type="scavenge" contextid="3878" durationms="103.741" usertimems="778.471" systemtimems="5.402" timestamp="2020-09-12T18:52:10.286" activeThreads="8">
  <mem-info id="3883" free="1284265072" total="2911895552" percent="44">
    <mem type="nursery" free="690673832" total="939524096" percent="73">
      <mem type="allocate" free="690673832" total="804388864" percent="85" />
      <mem type="survivor" free="0" total="135135232" percent="0" />
    </mem>
    <mem type="tenure" free="593591240" total="1972371456" percent="30" macro-fragmented="0">
      <mem type="soa" free="475248584" total="1854028800" percent="25" />
      <mem type="loa" free="118342656" total="118342656" percent="100" />
    </mem>
    <remembered-set count="28901" />
  </mem-info>
</gc-end>
<cycle-end id="3884" type="scavenge" contextid="3878" timestamp="2020-09-12T18:52:10.287" />
<allocation-satisfied id="3885" threadId="00000000008A0000" bytesRequested="24" />
<af-end id="3886" timestamp="2020-09-12T18:52:10.287" threadId="00000000008A0980" success="true" from="nursery"/>
<exclusive-end id="3887" timestamp="2020-09-12T18:52:10.287" durationms="106.526" />

<exclusive-start id="3888" timestamp="2020-09-12T18:52:12.384" intervalms="2203.158">
  <response-info timems="0.460" idlems="0.239" threads="1" lastid="0000000000781D00" lastname="Group1.Backend.CompositeBackend{Tier1}.1" />
</exclusive-start>
<af-start id="3889" threadId="0000000000848480" totalBytesRequested="16" timestamp="2020-09-12T18:52:12.384" intervalms="2202.838" type="nursery" />
<cycle-start id="3890" type="scavenge" contextid="0" timestamp="2020-09-12T18:52:12.385" intervalms="2202.810" />
<gc-start id="3891" type="scavenge" contextid="3890" timestamp="2020-09-12T18:52:12.385">
  <mem-info id="3892" free="593591240" total="2911895552" percent="20">
    <mem type="nursery" free="0" total="939524096" percent="0">
      <mem type="allocate" free="0" total="804388864" percent="0" />
      <mem type="survivor" free="0" total="135135232" percent="0" />
    </mem>
    <mem type="tenure" free="593591240" total="1972371456" percent="30">
      <mem type="soa" free="475248584" total="1854028800" percent="25" />
      <mem type="loa" free="118342656" total="118342656" percent="100" />
    </mem>
    <remembered-set count="195245" />
  </mem-info>
</gc-start>
<allocation-stats totalBytes="690339648" >
  <allocated-bytes non-tlh="28820000" tlh="661519648" />
  <largest-consumer threadName="Group1.Backend.CompositeBackend{Tier1}.1" threadId="0000000000781D00" bytes="93160984" />
</allocation-stats>
<gc-op id="3893" type="scavenge" timems="107.082" contextid="3890" timestamp="2020-09-12T18:52:12.492">
  <scavenger-info tenureage="3" tenuremask="7ff8" tiltratio="85" />
  <memory-copied type="nursery" objects="4094078" bytes="110068544" bytesdiscarded="162784" />
  <memory-copied type="tenure" objects="1082156" bytes="29110280" bytesdiscarded="68728" />
  <ownableSynchronizers candidates="3855" cleared="3559" />
  <references type="soft" candidates="232" cleared="0" enqueued="0" dynamicThreshold="18" maxThreshold="32" />
  <references type="weak" candidates="103" cleared="102" enqueued="0" />
</gc-op>
<gc-end id="3894" type="scavenge" contextid="3890" durationms="108.157" usertimems="784.308" systemtimems="0.000" timestamp="2020-09-12T18:52:12.493" activeThreads="8">
  <mem-info id="3895" free="1260061944" total="2911895552" percent="43">
    <mem type="nursery" free="695710160" total="939524096" percent="74">
      <mem type="allocate" free="695710160" total="806027264" percent="86" />
      <mem type="survivor" free="0" total="133496832" percent="0" />
    </mem>
    <mem type="tenure" free="564351784" total="1972371456" percent="28" macro-fragmented="0">
      <mem type="soa" free="446009128" total="1854028800" percent="24" />
      <mem type="loa" free="118342656" total="118342656" percent="100" />
    </mem>
    <remembered-set count="30234" />
  </mem-info>
</gc-end>
<cycle-end id="3896" type="scavenge" contextid="3890" timestamp="2020-09-12T18:52:12.494" />
<allocation-satisfied id="3897" threadId="0000000000847B00" bytesRequested="16" />
<af-end id="3898" timestamp="2020-09-12T18:52:12.494" threadId="0000000000848480" success="true" from="nursery"/>
<exclusive-end id="3899" timestamp="2020-09-12T18:52:12.494" durationms="110.660" />

<exclusive-start id="3900" timestamp="2020-09-12T18:52:14.446" intervalms="2061.764">
  <response-info timems="2.844" idlems="2.844" threads="0" lastid="0000000000A83D00" lastname="Group1.Backend.CompositeBackend{Tier3}.2" />
</exclusive-start>
<af-start id="3901" threadId="0000000000A84680" totalBytesRequested="16" timestamp="2020-09-12T18:52:14.446" intervalms="2061.933" type="nursery" />
<cycle-start id="3902" type="scavenge" contextid="0" timestamp="2020-09-12T18:52:14.446" intervalms="2061.938" />
<gc-start id="3903" type="scavenge" contextid="3902" timestamp="2020-09-12T18:52:14.447">
  <mem-info id="3904" free="564351784" total="2911895552" percent="19">
    <mem type="nursery" free="0" total="939524096" percent="0">
      <mem type="allocate" free="0" total="806027264" percent="0" />
      <mem type="survivor" free="0" total="133496832" percent="0" />
    </mem>
    <mem type="tenure" free="564351784" total="1972371456" percent="28">
      <mem type="soa" free="446009128" total="1854028800" percent="24" />
      <mem type="loa" free="118342656" total="118342656" percent="100" />
    </mem>
    <remembered-set count="192424" />
  </mem-info>
</gc-start>
<allocation-stats totalBytes="695395664" >
  <allocated-bytes non-tlh="36852136" tlh="658543528" />
  <largest-consumer threadName="Group1.Backend.CompositeBackend{Tier1}.5" threadId="0000000000873800" bytes="97437416" />
</allocation-stats>
<gc-op id="3905" type="scavenge" timems="109.329" contextid="3902" timestamp="2020-09-12T18:52:14.556">
  <scavenger-info tenureage="3" tenuremask="7ff8" tiltratio="85" />
  <memory-copied type="nursery" objects="4084764" bytes="109751336" bytesdiscarded="438464" />
  <memory-copied type="tenure" objects="1092949" bytes="29387520" bytesdiscarded="83224" />
  <ownableSynchronizers candidates="5075" cleared="4768" />
  <references type="soft" candidates="247" cleared="0" enqueued="0" dynamicThreshold="18" maxThreshold="32" />
  <references type="weak" candidates="103" cleared="102" enqueued="0" />
</gc-op>
<gc-end id="3906" type="scavenge" contextid="3902" durationms="110.128" usertimems="763.032" systemtimems="2.527" timestamp="2020-09-12T18:52:14.557" activeThreads="8">
  <mem-info id="3907" free="1232748824" total="2911895552" percent="42">
    <mem type="nursery" free="697785504" total="939524096" percent="74">
      <mem type="allocate" free="697785504" total="808058880" percent="86" />
      <mem type="survivor" free="0" total="131465216" percent="0" />
    </mem>
    <mem type="tenure" free="534963320" total="1972371456" percent="27" macro-fragmented="0">
      <mem type="soa" free="416620664" total="1854028800" percent="22" />
      <mem type="loa" free="118342656" total="118342656" percent="100" />
    </mem>
    <remembered-set count="30895" />
  </mem-info>
</gc-end>
<cycle-end id="3908" type="scavenge" contextid="3902" timestamp="2020-09-12T18:52:14.558" />
<allocation-satisfied id="3909" threadId="0000000000A83D00" bytesRequested="16" />
<af-end id="3910" timestamp="2020-09-12T18:52:14.558" threadId="0000000000A84680" success="true" from="nursery"/>
<exclusive-end id="3911" timestamp="2020-09-12T18:52:14.558" durationms="112.492" />

<exclusive-start id="3912" timestamp="2020-09-12T18:52:16.558" intervalms="2112.303">
  <response-info timems="0.811" idlems="0.811" threads="0" lastid="00000000008AF400" lastname="Group1.Backend.CompositeBackend{Tier1}.8" />
</exclusive-start>
<af-start id="3913" threadId="00000000008AFD80" totalBytesRequested="112" timestamp="2020-09-12T18:52:16.559" intervalms="2112.249" type="nursery" />
<cycle-start id="3914" type="scavenge" contextid="0" timestamp="2020-09-12T18:52:16.559" intervalms="2112.258" />
<gc-start id="3915" type="scavenge" contextid="3914" timestamp="2020-09-12T18:52:16.559">
  <mem-info id="3916" free="534963320" total="2911895552" percent="18">
    <mem type="nursery" free="0" total="939524096" percent="0">
      <mem type="allocate" free="0" total="808058880" percent="0" />
      <mem type="survivor" free="0" total="131465216" percent="0" />
    </mem>
    <mem type="tenure" free="534963320" total="1972371456" percent="27">
      <mem type="soa" free="416620664" total="1854028800" percent="22" />
      <mem type="loa" free="118342656" total="118342656" percent="100" />
    </mem>
    <remembered-set count="194400" />
  </mem-info>
</gc-start>
<allocation-stats totalBytes="697474576" >
  <allocated-bytes non-tlh="33825408" tlh="663649168" />
  <largest-consumer threadName="Group1.Backend.CompositeBackend{Tier1}.5" threadId="0000000000873800" bytes="96910616" />
</allocation-stats>
<gc-op id="3917" type="scavenge" timems="92.136" contextid="3914" timestamp="2020-09-12T18:52:16.651">
  <scavenger-info tenureage="3" tenuremask="7ff8" tiltratio="86" />
  <memory-copied type="nursery" objects="4118409" bytes="110516848" bytesdiscarded="211144" />
  <memory-copied type="tenure" objects="1087927" bytes="29396632" bytesdiscarded="87696" />
  <ownableSynchronizers candidates="3735" cleared="3425" />
  <references type="soft" candidates="242" cleared="0" enqueued="0" dynamicThreshold="18" maxThreshold="32" />
  <references type="weak" candidates="117" cleared="117" enqueued="0" />
</gc-op>
<gc-end id="3918" type="scavenge" contextid="3914" durationms="93.351" usertimems="649.337" systemtimems="0.000" timestamp="2020-09-12T18:52:16.652" activeThreads="8">
  <mem-info id="3919" free="1204063336" total="2911895552" percent="41">
    <mem type="nursery" free="698618880" total="939524096" percent="74">
      <mem type="allocate" free="698618880" total="809435136" percent="86" />
      <mem type="survivor" free="0" total="130088960" percent="0" />
    </mem>
    <mem type="tenure" free="505444456" total="1972371456" percent="25" macro-fragmented="0">
      <mem type="soa" free="387101800" total="1854028800" percent="20" />
      <mem type="loa" free="118342656" total="118342656" percent="100" />
    </mem>
    <remembered-set count="32133" />
  </mem-info>
</gc-end>
<cycle-end id="3920" type="scavenge" contextid="3914" timestamp="2020-09-12T18:52:16.654" />
<allocation-satisfied id="3921" threadId="00000000008AF400" bytesRequested="112" />
<af-end id="3922" timestamp="2020-09-12T18:52:16.654" threadId="00000000008AFD80" success="true" from="nursery"/>
<exclusive-end id="3923" timestamp="2020-09-12T18:52:16.655" durationms="96.800" />

<exclusive-start id="3924" timestamp="2020-09-12T18:52:18.682" intervalms="2123.670">
  <response-info timems="2.991" idlems="2.985" threads="1" lastid="0000000000847B00" lastname="Group1.Backend.CompositeBackend{Tier1}.3" />
</exclusive-start>
<af-start id="3925" threadId="00000000007F7E80" totalBytesRequested="96" timestamp="2020-09-12T18:52:18.682" intervalms="2123.717" type="nursery" />
<cycle-start id="3926" type="scavenge" contextid="0" timestamp="2020-09-12T18:52:18.682" intervalms="2123.742" />
<gc-start id="3927" type="scavenge" contextid="3926" timestamp="2020-09-12T18:52:18.683">
  <mem-info id="3928" free="505444456" total="2911895552" percent="17">
    <mem type="nursery" free="0" total="939524096" percent="0">
      <mem type="allocate" free="0" total="809435136" percent="0" />
      <mem type="survivor" free="0" total="130088960" percent="0" />
    </mem>
    <mem type="tenure" free="505444456" total="1972371456" percent="25">
      <mem type="soa" free="387101800" total="1854028800" percent="20" />
      <mem type="loa" free="118342656" total="118342656" percent="100" />
    </mem>
    <remembered-set count="197696" />
  </mem-info>
</gc-start>
<allocation-stats totalBytes="698288032" >
  <allocated-bytes non-tlh="31311400" tlh="666976632" />
  <largest-consumer threadName="Group1.Backend.CompositeBackend{Tier1}.3" threadId="0000000000847B00" bytes="104076984" />
</allocation-stats>
<gc-op id="3929" type="scavenge" timems="103.343" contextid="3926" timestamp="2020-09-12T18:52:18.786">
  <scavenger-info tenureage="3" tenuremask="7ff8" tiltratio="86" />
  <memory-copied type="nursery" objects="4108623" bytes="110219512" bytesdiscarded="165784" />
  <memory-copied type="tenure" objects="1147420" bytes="30825696" bytesdiscarded="114792" />
  <ownableSynchronizers candidates="4340" cleared="4014" />
  <references type="soft" candidates="257" cleared="0" enqueued="0" dynamicThreshold="18" maxThreshold="32" />
  <references type="weak" candidates="103" cleared="103" enqueued="0" />
</gc-op>
<gc-end id="3930" type="scavenge" contextid="3926" durationms="104.124" usertimems="712.725" systemtimems="17.720" timestamp="2020-09-12T18:52:18.787" activeThreads="8">
  <mem-info id="3931" free="1174739184" total="2911895552" percent="40">
    <mem type="nursery" free="700202752" total="939524096" percent="74">
      <mem type="allocate" free="700202752" total="810680320" percent="86" />
      <mem type="survivor" free="0" total="128843776" percent="0" />
    </mem>
    <mem type="tenure" free="474536432" total="1972371456" percent="24" macro-fragmented="0">
      <mem type="soa" free="356193776" total="1854028800" percent="19" />
      <mem type="loa" free="118342656" total="118342656" percent="100" />
    </mem>
    <remembered-set count="30872" />
  </mem-info>
</gc-end>
<cycle-end id="3932" type="scavenge" contextid="3926" timestamp="2020-09-12T18:52:18.788" />
<allocation-satisfied id="3933" threadId="00000000007F7500" bytesRequested="96" />
<af-end id="3934" timestamp="2020-09-12T18:52:18.788" threadId="00000000007F7E80" success="true" from="nursery"/>
<exclusive-end id="3935" timestamp="2020-09-12T18:52:18.788" durationms="106.821" />

<exclusive-start id="3936" timestamp="2020-09-12T18:52:20.703" intervalms="2021.042">
  <response-info timems="0.270" idlems="0.270" threads="0" lastid="00000000008A0000" lastname="Group1.Backend.CompositeBackend{Tier1}.6" />
</exclusive-start>
<af-start id="3937" threadId="00000000008A0980" totalBytesRequested="1032" timestamp="2020-09-12T18:52:20.703" intervalms="2020.930" type="nursery" />
<cycle-start id="3938" type="scavenge" contextid="0" timestamp="2020-09-12T18:52:20.703" intervalms="2020.893" />
<gc-start id="3939" type="scavenge" contextid="3938" timestamp="2020-09-12T18:52:20.704">
  <mem-info id="3940" free="474536432" total="2911895552" percent="16">
    <mem type="nursery" free="0" total="939524096" percent="0">
      <mem type="allocate" free="0" total="810680320" percent="0" />
      <mem type="survivor" free="0" total="128843776" percent="0" />
    </mem>
    <mem type="tenure" free="474536432" total="1972371456" percent="24">
      <mem type="soa" free="356193776" total="1854028800" percent="19" />
      <mem type="loa" free="118342656" total="118342656" percent="100" />
    </mem>
    <remembered-set count="192742" />
  </mem-info>
</gc-start>
<allocation-stats totalBytes="699881080" >
  <allocated-bytes non-tlh="38052776" tlh="661828304" />
  <largest-consumer threadName="Group1.Backend.CompositeBackend{Tier1}.3" threadId="0000000000847B00" bytes="96250800" />
</allocation-stats>
<gc-op id="3941" type="scavenge" timems="86.072" contextid="3938" timestamp="2020-09-12T18:52:20.790">
  <scavenger-info tenureage="3" tenuremask="7ff8" tiltratio="86" />
  <memory-copied type="nursery" objects="4127521" bytes="111214536" bytesdiscarded="132912" />
  <memory-copied type="tenure" objects="1063312" bytes="28573912" bytesdiscarded="100360" />
  <ownableSynchronizers candidates="4467" cleared="4121" />
  <references type="soft" candidates="260" cleared="0" enqueued="0" dynamicThreshold="18" maxThreshold="32" />
  <references type="weak" candidates="118" cleared="118" enqueued="0" />
</gc-op>
<gc-end id="3942" type="scavenge" contextid="3938" durationms="86.857" usertimems="654.298" systemtimems="0.000" timestamp="2020-09-12T18:52:20.790" activeThreads="8">
  <mem-info id="3943" free="1145705248" total="2911895552" percent="39">
    <mem type="nursery" free="699844344" total="939524096" percent="74">
      <mem type="allocate" free="699844344" total="811270144" percent="86" />
      <mem type="survivor" free="0" total="128253952" percent="0" />
    </mem>
    <mem type="tenure" free="445860904" total="1972371456" percent="22" macro-fragmented="0">
      <mem type="soa" free="327518248" total="1854028800" percent="17" />
      <mem type="loa" free="118342656" total="118342656" percent="100" />
    </mem>
    <remembered-set count="30360" />
  </mem-info>
</gc-end>
<cycle-end id="3944" type="scavenge" contextid="3938" timestamp="2020-09-12T18:52:20.792" />
<allocation-satisfied id="3945" threadId="00000000008A0000" bytesRequested="1032" />
<af-end id="3946" timestamp="2020-09-12T18:52:20.792" threadId="00000000008A0980" success="true" from="nursery"/>
<exclusive-end id="3947" timestamp="2020-09-12T18:52:20.792" durationms="89.254" />

<exclusive-start id="3948" timestamp="2020-09-12T18:52:22.928" intervalms="2225.028">
  <response-info timems="0.529" idlems="0.369" threads="1" lastid="000000000082C800" lastname="Group1.Backend.CompositeBackend{Tier1}.4" />
</exclusive-start>
<af-start id="3949" threadId="0000000000A88280" totalBytesRequested="40" timestamp="2020-09-12T18:52:22.928" intervalms="2225.045" type="nursery" />
<cycle-start id="3950" type="scavenge" contextid="0" timestamp="2020-09-12T18:52:22.928" intervalms="2225.078" />
<gc-start id="3951" type="scavenge" contextid="3950" timestamp="2020-09-12T18:52:22.929">
  <mem-info id="3952" free="445860904" total="2911895552" percent="15">
    <mem type="nursery" free="0" total="939524096" percent="0">
      <mem type="allocate" free="0" total="811270144" percent="0" />
      <mem type="survivor" free="0" total="128253952" percent="0" />
    </mem>
    <mem type="tenure" free="445860904" total="1972371456" percent="22">
      <mem type="soa" free="327518248" total="1854028800" percent="17" />
      <mem type="loa" free="118342656" total="118342656" percent="100" />
    </mem>
    <remembered-set count="196629" />
  </mem-info>
</gc-start>
<allocation-stats totalBytes="699489864" >
  <allocated-bytes non-tlh="31466664" tlh="668023200" />
  <largest-consumer threadName="Group1.Backend.CompositeBackend{Tier1}.2" threadId="00000000007F7500" bytes="116293896" />
</allocation-stats>
<gc-op id="3953" type="scavenge" timems="94.638" contextid="3950" timestamp="2020-09-12T18:52:23.023">
  <scavenger-info tenureage="3" tenuremask="7ff8" tiltratio="86" />
  <memory-copied type="nursery" objects="4186127" bytes="112751512" bytesdiscarded="395648" />
  <memory-copied type="tenure" objects="1087790" bytes="29251904" bytesdiscarded="98216" />
  <ownableSynchronizers candidates="4508" cleared="4168" />
  <references type="soft" candidates="281" cleared="0" enqueued="0" dynamicThreshold="18" maxThreshold="32" />
  <references type="weak" candidates="115" cleared="112" enqueued="0" />
</gc-op>
<gc-end id="3954" type="scavenge" contextid="3950" durationms="95.405" usertimems="667.426" systemtimems="0.000" timestamp="2020-09-12T18:52:23.024" activeThreads="8">
  <mem-info id="3955" free="1114699952" total="2911895552" percent="38">
    <mem type="nursery" free="698232312" total="939524096" percent="74">
      <mem type="allocate" free="698232312" total="811466752" percent="86" />
      <mem type="survivor" free="0" total="128057344" percent="0" />
    </mem>
    <mem type="tenure" free="416467640" total="1972371456" percent="21" macro-fragmented="0">
      <mem type="soa" free="298124984" total="1854028800" percent="16" />
      <mem type="loa" free="118342656" total="118342656" percent="100" />
    </mem>
    <remembered-set count="31770" />
  </mem-info>
</gc-end>
<cycle-end id="3956" type="scavenge" contextid="3950" timestamp="2020-09-12T18:52:23.025" />
<allocation-satisfied id="3957" threadId="0000000000A87900" bytesRequested="40" />
<af-end id="3958" timestamp="2020-09-12T18:52:23.025" threadId="0000000000A88280" success="true" from="nursery"/>
<exclusive-end id="3959" timestamp="2020-09-12T18:52:23.025" durationms="97.569" />

<exclusive-start id="3960" timestamp="2020-09-12T18:52:25.068" intervalms="2140.103">
  <response-info timems="0.445" idlems="0.445" threads="0" lastid="0000000000873800" lastname="Group1.Backend.CompositeBackend{Tier1}.5" />
</exclusive-start>
<af-start id="3961" threadId="0000000000874180" totalBytesRequested="16" timestamp="2020-09-12T18:52:25.069" intervalms="2140.283" type="nursery" />
<cycle-start id="3962" type="scavenge" contextid="0" timestamp="2020-09-12T18:52:25.069" intervalms="2140.273" />
<gc-start id="3963" type="scavenge" contextid="3962" timestamp="2020-09-12T18:52:25.069">
  <mem-info id="3964" free="416467640" total="2911895552" percent="14">
    <mem type="nursery" free="0" total="939524096" percent="0">
      <mem type="allocate" free="0" total="811466752" percent="0" />
      <mem type="survivor" free="0" total="128057344" percent="0" />
    </mem>
    <mem type="tenure" free="416467640" total="1972371456" percent="21">
      <mem type="soa" free="298124984" total="1854028800" percent="16" />
      <mem type="loa" free="118342656" total="118342656" percent="100" />
    </mem>
    <remembered-set count="198183" />
  </mem-info>
</gc-start>
<allocation-stats totalBytes="697876392" >
  <allocated-bytes non-tlh="27443248" tlh="670433144" />
  <largest-consumer threadName="Group1.Backend.CompositeBackend{Tier1}.6" threadId="00000000008A0000" bytes="121535640" />
</allocation-stats>
<gc-op id="3965" type="scavenge" timems="121.672" contextid="3962" timestamp="2020-09-12T18:52:25.191">
  <scavenger-info tenureage="3" tenuremask="7ff8" tiltratio="86" />
  <memory-copied type="nursery" objects="4280225" bytes="115009432" bytesdiscarded="172312" />
  <memory-copied type="tenure" objects="1121796" bytes="30155656" bytesdiscarded="106064" />
  <ownableSynchronizers candidates="3848" cleared="3497" />
  <references type="soft" candidates="289" cleared="0" enqueued="0" dynamicThreshold="18" maxThreshold="32" />
  <references type="weak" candidates="108" cleared="108" enqueued="0" />
</gc-op>
<gc-end id="3966" type="scavenge" contextid="3962" durationms="122.492" usertimems="873.246" systemtimems="10.612" timestamp="2020-09-12T18:52:25.191" activeThreads="8">
  <mem-info id="3967" free="1079725888" total="2911895552" percent="37">
    <mem type="nursery" free="693506800" total="939524096" percent="73">
      <mem type="allocate" free="693506800" total="808779776" percent="85" />
      <mem type="survivor" free="0" total="130744320" percent="0" />
    </mem>
    <mem type="tenure" free="386219088" total="1972371456" percent="19" macro-fragmented="0">
      <mem type="soa" free="267876432" total="1854028800" percent="14" />
      <mem type="loa" free="118342656" total="118342656" percent="100" />
    </mem>
    <remembered-set count="31496" />
  </mem-info>
</gc-end>
<cycle-end id="3968" type="scavenge" contextid="3962" timestamp="2020-09-12T18:52:25.193" />
<allocation-satisfied id="3969" threadId="0000000000873800" bytesRequested="16" />
<af-end id="3970" timestamp="2020-09-12T18:52:25.193" threadId="0000000000874180" success="true" from="nursery"/>
<exclusive-end id="3971" timestamp="2020-09-12T18:52:25.193" durationms="125.685" />

<exclusive-start id="3972" timestamp="2020-09-12T18:52:27.232" intervalms="2164.450">
  <response-info timems="0.741" idlems="0.514" threads="1" lastid="00000000008A0000" lastname="Group1.Backend.CompositeBackend{Tier1}.6" />
</exclusive-start>
<af-start id="3973" threadId="0000000000A88280" totalBytesRequested="24" timestamp="2020-09-12T18:52:27.233" intervalms="2164.301" type="nursery" />
<cycle-start id="3974" type="scavenge" contextid="0" timestamp="2020-09-12T18:52:27.233" intervalms="2164.285" />
<gc-start id="3975" type="scavenge" contextid="3974" timestamp="2020-09-12T18:52:27.233">
  <mem-info id="3976" free="386219088" total="2911895552" percent="13">
    <mem type="nursery" free="0" total="939524096" percent="0">
      <mem type="allocate" free="0" total="808779776" percent="0" />
      <mem type="survivor" free="0" total="130744320" percent="0" />
    </mem>
    <mem type="tenure" free="386219088" total="1972371456" percent="19">
      <mem type="soa" free="267876432" total="1854028800" percent="14" />
      <mem type="loa" free="118342656" total="118342656" percent="100" />
    </mem>
    <remembered-set count="197126" />
  </mem-info>
</gc-start>
<allocation-stats totalBytes="693184992" >
  <allocated-bytes non-tlh="33401328" tlh="659783664" />
  <largest-consumer threadName="Group1.Backend.CompositeBackend{Tier1}.2" threadId="00000000007F7500" bytes="106655040" />
</allocation-stats>
<gc-op id="3977" type="scavenge" timems="111.013" contextid="3974" timestamp="2020-09-12T18:52:27.344">
  <scavenger-info tenureage="3" tenuremask="7ff8" tiltratio="86" />
  <memory-copied type="nursery" objects="4348578" bytes="115645952" bytesdiscarded="199480" />
  <memory-copied type="tenure" objects="1068546" bytes="29226512" bytesdiscarded="108368" />
  <ownableSynchronizers candidates="3479" cleared="3154" />
  <references type="soft" candidates="257" cleared="0" enqueued="0" dynamicThreshold="18" maxThreshold="32" />
  <references type="weak" candidates="97" cleared="96" enqueued="0" />
</gc-op>
<gc-end id="3978" type="scavenge" contextid="3974" durationms="111.933" usertimems="818.001" systemtimems="14.143" timestamp="2020-09-12T18:52:27.345" activeThreads="8">
  <mem-info id="3979" free="1050152768" total="2911895552" percent="36">
    <mem type="nursery" free="693246712" total="939524096" percent="73">
      <mem type="allocate" free="693246712" total="809172992" percent="85" />
      <mem type="survivor" free="0" total="130351104" percent="0" />
    </mem>
    <mem type="tenure" free="356906056" total="1972371456" percent="18" macro-fragmented="0">
      <mem type="soa" free="238563400" total="1854028800" percent="12" />
      <mem type="loa" free="118342656" total="118342656" percent="100" />
    </mem>
    <remembered-set count="32789" />
  </mem-info>
</gc-end>
<cycle-end id="3980" type="scavenge" contextid="3974" timestamp="2020-09-12T18:52:27.347" />
<allocation-satisfied id="3981" threadId="0000000000A87900" bytesRequested="24" />
<af-end id="3982" timestamp="2020-09-12T18:52:27.347" threadId="0000000000A88280" success="true" from="nursery"/>
<exclusive-end id="3983" timestamp="2020-09-12T18:52:27.347" durationms="114.786" />

<exclusive-start id="3984" timestamp="2020-09-12T18:52:29.201" intervalms="1969.284">
  <response-info timems="0.408" idlems="0.408" threads="0" lastid="00000000007F7500" lastname="Group1.Backend.CompositeBackend{Tier1}.2" />
</exclusive-start>
<af-start id="3985" threadId="00000000007F7E80" totalBytesRequested="72" timestamp="2020-09-12T18:52:29.202" intervalms="1969.215" type="nursery" />
<cycle-start id="3986" type="scavenge" contextid="0" timestamp="2020-09-12T18:52:29.202" intervalms="1969.232" />
<gc-start id="3987" type="scavenge" contextid="3986" timestamp="2020-09-12T18:52:29.203">
  <mem-info id="3988" free="356906056" total="2911895552" percent="12">
    <mem type="nursery" free="0" total="939524096" percent="0">
      <mem type="allocate" free="0" total="809172992" percent="0" />
      <mem type="survivor" free="0" total="130351104" percent="0" />
    </mem>
    <mem type="tenure" free="356906056" total="1972371456" percent="18">
      <mem type="soa" free="238563400" total="1854028800" percent="12" />
      <mem type="loa" free="118342656" total="118342656" percent="100" />
    </mem>
    <remembered-set count="192821" />
  </mem-info>
</gc-start>
<allocation-stats totalBytes="692937064" >
  <allocated-bytes non-tlh="38081352" tlh="654855712" />
  <largest-consumer threadName="Group1.Backend.CompositeBackend{Tier1}.2" threadId="00000000007F7500" bytes="124717888" />
</allocation-stats>
<gc-op id="3989" type="scavenge" timems="115.854" contextid="3986" timestamp="2020-09-12T18:52:29.318">
  <scavenger-info tenureage="3" tenuremask="7ff8" tiltratio="86" />
  <memory-copied type="nursery" objects="4622321" bytes="121513352" bytesdiscarded="214352" />
  <memory-copied type="tenure" objects="1122738" bytes="30170624" bytesdiscarded="114936" />
  <ownableSynchronizers candidates="4381" cleared="4075" />
  <references type="soft" candidates="222" cleared="0" enqueued="0" dynamicThreshold="18" maxThreshold="32" />
  <references type="weak" candidates="108" cleared="108" enqueued="0" />
</gc-op>
<gc-end id="3990" type="scavenge" contextid="3986" durationms="116.701" usertimems="883.712" systemtimems="6.073" timestamp="2020-09-12T18:52:29.319" activeThreads="8">
  <mem-info id="3991" free="1004061168" total="2911895552" percent="34">
    <mem type="nursery" free="677472472" total="939524096" percent="72">
      <mem type="allocate" free="677472472" total="799277056" percent="84" />
      <mem type="survivor" free="0" total="140247040" percent="0" />
    </mem>
    <mem type="tenure" free="326588696" total="1972371456" percent="16" macro-fragmented="0">
      <mem type="soa" free="208246040" total="1854028800" percent="11" />
      <mem type="loa" free="118342656" total="118342656" percent="100" />
    </mem>
    <remembered-set count="31779" />
  </mem-info>
</gc-end>
<cycle-end id="3992" type="scavenge" contextid="3986" timestamp="2020-09-12T18:52:29.320" />
<allocation-satisfied id="3993" threadId="00000000007F7500" bytesRequested="72" />
<af-end id="3994" timestamp="2020-09-12T18:52:29.320" threadId="00000000007F7E80" success="true" from="nursery"/>
<exclusive-end id="3995" timestamp="2020-09-12T18:52:29.320" durationms="118.845" />

<exclusive-start id="3996" timestamp="2020-09-12T18:52:31.347" intervalms="2145.806">
  <response-info timems="1.085" idlems="1.085" threads="0" lastid="00000000008AF400" lastname="Group1.Backend.CompositeBackend{Tier1}.8" />
</exclusive-start>
<af-start id="3997" threadId="00000000008AFD80" totalBytesRequested="24" timestamp="2020-09-12T18:52:31.348" intervalms="2145.777" type="nursery" />
<cycle-start id="3998" type="scavenge" contextid="0" timestamp="2020-09-12T18:52:31.348" intervalms="2145.749" />
<gc-start id="3999" type="scavenge" contextid="3998" timestamp="2020-09-12T18:52:31.348">
  <mem-info id="4000" free="326588696" total="2911895552" percent="11">
    <mem type="nursery" free="0" total="939524096" percent="0">
      <mem type="allocate" free="0" total="799277056" percent="0" />
      <mem type="survivor" free="0" total="140247040" percent="0" />
    </mem>
    <mem type="tenure" free="326588696" total="1972371456" percent="16">
      <mem type="soa" free="208246040" total="1854028800" percent="11" />
      <mem type="loa" free="118342656" total="118342656" percent="100" />
    </mem>
    <remembered-set count="194953" />
  </mem-info>
</gc-start>
<allocation-stats totalBytes="677159432" >
  <allocated-bytes non-tlh="30136960" tlh="647022472" />
  <largest-consumer threadName="Group1.Backend.CompositeBackend{Tier1}.5" threadId="0000000000873800" bytes="98033688" />
</allocation-stats>
<gc-op id="4001" type="scavenge" timems="99.824" contextid="3998" timestamp="2020-09-12T18:52:31.448">
  <scavenger-info tenureage="3" tenuremask="7ff8" tiltratio="85" />
  <memory-copied type="nursery" objects="4185337" bytes="111401048" bytesdiscarded="165048" />
  <memory-copied type="tenure" objects="1124649" bytes="30242496" bytesdiscarded="117072" />
  <ownableSynchronizers candidates="4158" cleared="3852" />
  <references type="soft" candidates="234" cleared="0" enqueued="0" dynamicThreshold="18" maxThreshold="32" />
  <references type="weak" candidates="102" cleared="102" enqueued="0" />
</gc-op>
<gc-end id="4002" type="scavenge" contextid="3998" durationms="101.025" usertimems="773.958" systemtimems="6.795" timestamp="2020-09-12T18:52:31.449" activeThreads="8">
  <mem-info id="4003" free="984741200" total="2911895552" percent="33">
    <mem type="nursery" free="688479992" total="939524096" percent="73">
      <mem type="allocate" free="688479992" total="800129024" percent="86" />
      <mem type="survivor" free="0" total="139395072" percent="0" />
    </mem>
    <mem type="tenure" free="296261208" total="1972371456" percent="15" macro-fragmented="0">
      <mem type="soa" free="177918552" total="1854028800" percent="9" />
      <mem type="loa" free="118342656" total="118342656" percent="100" />
    </mem>
    <remembered-set count="32267" />
  </mem-info>
</gc-end>
<cycle-end id="4004" type="scavenge" contextid="3998" timestamp="2020-09-12T18:52:31.461" />
<allocation-satisfied id="4005" threadId="00000000008AF400" bytesRequested="24" />
<af-end id="4006" timestamp="2020-09-12T18:52:31.461" threadId="00000000008AFD80" success="true" from="nursery"/>
<exclusive-end id="4007" timestamp="2020-09-12T18:52:31.461" durationms="113.724" />

<exclusive-start id="4008" timestamp="2020-09-12T18:52:33.437" intervalms="2089.630">
  <response-info timems="1.020" idlems="1.020" threads="0" lastid="0000000000873800" lastname="Group1.Backend.CompositeBackend{Tier1}.5" />
</exclusive-start>
<af-start id="4009" threadId="0000000000874180" totalBytesRequested="32" timestamp="2020-09-12T18:52:33.438" intervalms="2090.013" type="nursery" />
<cycle-start id="4010" type="scavenge" contextid="0" timestamp="2020-09-12T18:52:33.438" intervalms="2090.061" />
<gc-start id="4011" type="scavenge" contextid="4010" timestamp="2020-09-12T18:52:33.438">
  <mem-info id="4012" free="296261208" total="2911895552" percent="10">
    <mem type="nursery" free="0" total="939524096" percent="0">
      <mem type="allocate" free="0" total="800129024" percent="0" />
      <mem type="survivor" free="0" total="139395072" percent="0" />
    </mem>
    <mem type="tenure" free="296261208" total="1972371456" percent="15">
      <mem type="soa" free="177918552" total="1854028800" percent="9" />
      <mem type="loa" free="118342656" total="118342656" percent="100" />
    </mem>
    <remembered-set count="193893" />
  </mem-info>
</gc-start>
<allocation-stats totalBytes="688145472" >
  <allocated-bytes non-tlh="35475688" tlh="652669784" />
  <largest-consumer threadName="Group1.Backend.CompositeBackend{Tier1}.2" threadId="00000000007F7500" bytes="112544248" />
</allocation-stats>
<gc-op id="4013" type="scavenge" timems="114.836" contextid="4010" timestamp="2020-09-12T18:52:33.553">
  <scavenger-info tenureage="3" tenuremask="7ff8" tiltratio="85" />
  <memory-copied type="nursery" objects="4006020" bytes="107560720" bytesdiscarded="182496" />
  <memory-copied type="tenure" objects="1115121" bytes="29942200" bytesdiscarded="115992" />
  <ownableSynchronizers candidates="3309" cleared="3023" />
  <references type="soft" candidates="238" cleared="0" enqueued="0" dynamicThreshold="18" maxThreshold="32" />
  <references type="weak" candidates="128" cleared="128" enqueued="0" />
</gc-op>
<gc-end id="4014" type="scavenge" contextid="4010" durationms="115.776" usertimems="824.898" systemtimems="2.933" timestamp="2020-09-12T18:52:33.554" activeThreads="8">
  <mem-info id="4015" free="961459712" total="2911895552" percent="33">
    <mem type="nursery" free="695185408" total="939524096" percent="73">
      <mem type="allocate" free="695185408" total="803012608" percent="86" />
      <mem type="survivor" free="0" total="136511488" percent="0" />
    </mem>
    <mem type="tenure" free="266274304" total="1972371456" percent="13" macro-fragmented="0">
      <mem type="soa" free="147931648" total="1854028800" percent="7" />
      <mem type="loa" free="118342656" total="118342656" percent="100" />
    </mem>
    <remembered-set count="29227" />
  </mem-info>
</gc-end>
<cycle-end id="4016" type="scavenge" contextid="4010" timestamp="2020-09-12T18:52:33.556" />
<allocation-satisfied id="4017" threadId="0000000000873800" bytesRequested="32" />
<af-end id="4018" timestamp="2020-09-12T18:52:33.556" threadId="0000000000874180" success="true" from="nursery"/>
<exclusive-end id="4019" timestamp="2020-09-12T18:52:33.556" durationms="118.666" />

<exclusive-start id="4020" timestamp="2020-09-12T18:52:35.559" intervalms="2122.100">
  <response-info timems="0.602" idlems="0.602" threads="0" lastid="00000000008AAD00" lastname="Group1.Backend.CompositeBackend{Tier1}.7" />
</exclusive-start>
<af-start id="4021" threadId="00000000008AB680" totalBytesRequested="520" timestamp="2020-09-12T18:52:35.560" intervalms="2121.988" type="nursery" />
<cycle-start id="4022" type="scavenge" contextid="0" timestamp="2020-09-12T18:52:35.560" intervalms="2122.033" />
<gc-start id="4023" type="scavenge" contextid="4022" timestamp="2020-09-12T18:52:35.560">
  <mem-info id="4024" free="266274304" total="2911895552" percent="9">
    <mem type="nursery" free="0" total="939524096" percent="0">
      <mem type="allocate" free="0" total="803012608" percent="0" />
      <mem type="survivor" free="0" total="136511488" percent="0" />
    </mem>
    <mem type="tenure" free="266274304" total="1972371456" percent="13">
      <mem type="soa" free="147931648" total="1854028800" percent="7" />
      <mem type="loa" free="118342656" total="118342656" percent="100" />
    </mem>
    <remembered-set count="194463" />
  </mem-info>
</gc-start>
<allocation-stats totalBytes="694817624" >
  <allocated-bytes non-tlh="29886528" tlh="664931096" />
  <largest-consumer threadName="Group1.Backend.CompositeBackend{Tier1}.4" threadId="000000000082C800" bytes="115000928" />
</allocation-stats>
<gc-op id="4025" type="scavenge" timems="136.926" contextid="4022" timestamp="2020-09-12T18:52:35.697">
  <scavenger-info tenureage="3" tenuremask="7ff8" tiltratio="85" />
  <memory-copied type="nursery" objects="4417286" bytes="117499688" bytesdiscarded="214280" />
  <memory-copied type="tenure" objects="1064350" bytes="28601960" bytesdiscarded="104728" />
  <ownableSynchronizers candidates="4635" cleared="4305" />
  <references type="soft" candidates="282" cleared="0" enqueued="0" dynamicThreshold="18" maxThreshold="32" />
  <references type="weak" candidates="99" cleared="98" enqueued="0" />
</gc-op>
<gc-end id="4026" type="scavenge" contextid="4022" durationms="138.210" usertimems="976.716" systemtimems="15.199" timestamp="2020-09-12T18:52:35.698" activeThreads="8">
  <mem-info id="4027" free="917823768" total="2911895552" percent="31">
    <mem type="nursery" free="680229048" total="939524096" percent="72">
      <mem type="allocate" free="680229048" total="798031872" percent="85" />
      <mem type="survivor" free="0" total="141492224" percent="0" />
    </mem>
    <mem type="tenure" free="237594720" total="1972371456" percent="12" macro-fragmented="786456">
      <mem type="soa" free="119252064" total="1854028800" percent="6" />
      <mem type="loa" free="118342656" total="118342656" percent="100" />
    </mem>
    <remembered-set count="29494" />
  </mem-info>
</gc-end>
<cycle-end id="4028" type="scavenge" contextid="4022" timestamp="2020-09-12T18:52:35.700" />
<allocation-satisfied id="4029" threadId="00000000008AAD00" bytesRequested="520" />
<af-end id="4030" timestamp="2020-09-12T18:52:35.700" threadId="00000000008AB680" success="true" from="nursery"/>
<exclusive-end id="4031" timestamp="2020-09-12T18:52:35.700" durationms="141.211" />

<exclusive-start id="4032" timestamp="2020-09-12T18:52:37.512" intervalms="1952.779">
  <response-info timems="0.554" idlems="0.554" threads="0" lastid="0000000000847B00" lastname="Group1.Backend.CompositeBackend{Tier1}.3" />
</exclusive-start>
<af-start id="4033" threadId="0000000000848480" totalBytesRequested="1032" timestamp="2020-09-12T18:52:37.513" intervalms="1952.743" type="nursery" />
<cycle-start id="4034" type="scavenge" contextid="0" timestamp="2020-09-12T18:52:37.513" intervalms="1952.664" />
<gc-start id="4035" type="scavenge" contextid="4034" timestamp="2020-09-12T18:52:37.513">
  <mem-info id="4036" free="237594720" total="2911895552" percent="8">
    <mem type="nursery" free="0" total="939524096" percent="0">
      <mem type="allocate" free="0" total="798031872" percent="0" />
      <mem type="survivor" free="0" total="141492224" percent="0" />
    </mem>
    <mem type="tenure" free="237594720" total="1972371456" percent="12">
      <mem type="soa" free="119252064" total="1854028800" percent="6" />
      <mem type="loa" free="118342656" total="118342656" percent="100" />
    </mem>
    <remembered-set count="187799" />
  </mem-info>
</gc-start>
<allocation-stats totalBytes="679915728" >
  <allocated-bytes non-tlh="38833024" tlh="641082704" />
  <largest-consumer threadName="Group1.Backend.CompositeBackend{Tier1}.4" threadId="000000000082C800" bytes="119133432" />
</allocation-stats>
<gc-op id="4037" type="scavenge" timems="111.940" contextid="4034" timestamp="2020-09-12T18:52:37.625">
  <scavenger-info tenureage="3" tenuremask="7ff8" tiltratio="84" />
  <memory-copied type="nursery" objects="4024248" bytes="108017376" bytesdiscarded="147448" />
  <memory-copied type="tenure" objects="1099395" bytes="29565688" bytesdiscarded="122936" />
  <ownableSynchronizers candidates="4927" cleared="4571" />
  <references type="soft" candidates="272" cleared="0" enqueued="0" dynamicThreshold="18" maxThreshold="32" />
  <references type="weak" candidates="128" cleared="127" enqueued="0" />
</gc-op>
<gc-end id="4038" type="scavenge" contextid="4034" durationms="113.172" usertimems="769.302" systemtimems="16.056" timestamp="2020-09-12T18:52:37.626" activeThreads="8">
  <mem-info id="4039" free="899651776" total="2911895552" percent="30">
    <mem type="nursery" free="691751424" total="939524096" percent="73">
      <mem type="allocate" free="691751424" total="799997952" percent="86" />
      <mem type="survivor" free="0" total="139526144" percent="0" />
    </mem>
    <mem type="tenure" free="207900352" total="1972371456" percent="10" macro-fragmented="0">
      <mem type="soa" free="89557696" total="1854028800" percent="4" />
      <mem type="loa" free="118342656" total="118342656" percent="100" />
    </mem>
    <remembered-set count="29570" />
  </mem-info>
</gc-end>
<cycle-end id="4040" type="scavenge" contextid="4034" timestamp="2020-09-12T18:52:37.629" />
<allocation-satisfied id="4041" threadId="0000000000847B00" bytesRequested="1032" />
<af-end id="4042" timestamp="2020-09-12T18:52:37.629" threadId="0000000000848480" success="true" from="nursery"/>
<exclusive-end id="4043" timestamp="2020-09-12T18:52:37.629" durationms="116.845" />

<exclusive-start id="4044" timestamp="2020-09-12T18:52:39.690" intervalms="2178.462">
  <response-info timems="0.267" idlems="0.267" threads="0" lastid="000000000082C800" lastname="Group1.Backend.CompositeBackend{Tier1}.4" />
</exclusive-start>
<af-start id="4045" threadId="000000000082D180" totalBytesRequested="16" timestamp="2020-09-12T18:52:39.691" intervalms="2178.392" type="nursery" />
<cycle-start id="4046" type="scavenge" contextid="0" timestamp="2020-09-12T18:52:39.691" intervalms="2178.415" />
<gc-start id="4047" type="scavenge" contextid="4046" timestamp="2020-09-12T18:52:39.691">
  <mem-info id="4048" free="207900352" total="2911895552" percent="7">
    <mem type="nursery" free="0" total="939524096" percent="0">
      <mem type="allocate" free="0" total="799997952" percent="0" />
      <mem type="survivor" free="0" total="139526144" percent="0" />
    </mem>
    <mem type="tenure" free="207900352" total="1972371456" percent="10">
      <mem type="soa" free="89557696" total="1854028800" percent="4" />
      <mem type="loa" free="118342656" total="118342656" percent="100" />
    </mem>
    <remembered-set count="196825" />
  </mem-info>
</gc-start>
<allocation-stats totalBytes="691417096" >
  <allocated-bytes non-tlh="25362096" tlh="666055000" />
  <largest-consumer threadName="Group1.Backend.CompositeBackend{Tier1}.4" threadId="000000000082C800" bytes="151136464" />
</allocation-stats>
<gc-op id="4049" type="scavenge" timems="101.210" contextid="4046" timestamp="2020-09-12T18:52:39.793">
  <scavenger-info tenureage="3" tenuremask="7ff8" tiltratio="85" />
  <memory-copied type="nursery" objects="4372495" bytes="115901352" bytesdiscarded="402496" />
  <memory-copied type="tenure" objects="1069873" bytes="28761968" bytesdiscarded="101280" />
  <ownableSynchronizers candidates="4385" cleared="4034" />
  <references type="soft" candidates="303" cleared="0" enqueued="0" dynamicThreshold="18" maxThreshold="32" />
  <references type="weak" candidates="113" cleared="113" enqueued="0" />
</gc-op>
<gc-end id="4050" type="scavenge" contextid="4046" durationms="102.131" usertimems="757.980" systemtimems="0.000" timestamp="2020-09-12T18:52:39.793" activeThreads="8">
  <mem-info id="4051" free="863286168" total="2911895552" percent="29">
    <mem type="nursery" free="684256496" total="939524096" percent="72">
      <mem type="allocate" free="684256496" total="800653312" percent="85" />
      <mem type="survivor" free="0" total="138870784" percent="0" />
    </mem>
    <mem type="tenure" free="179029672" total="1972371456" percent="9" macro-fragmented="0">
      <mem type="soa" free="60687016" total="1854028800" percent="3" />
      <mem type="loa" free="118342656" total="118342656" percent="100" />
    </mem>
    <remembered-set count="30746" />
  </mem-info>
</gc-end>
<cycle-end id="4052" type="scavenge" contextid="4046" timestamp="2020-09-12T18:52:39.795" />
<allocation-satisfied id="4053" threadId="000000000082C800" bytesRequested="16" />
<af-end id="4054" timestamp="2020-09-12T18:52:39.795" threadId="000000000082D180" success="true" from="nursery"/>
<exclusive-end id="4055" timestamp="2020-09-12T18:52:39.795" durationms="104.870" />

<exclusive-start id="4056" timestamp="2020-09-12T18:52:41.863" intervalms="2172.517">
  <response-info timems="2.594" idlems="2.594" threads="0" lastid="0000000000873800" lastname="Group1.Backend.CompositeBackend{Tier1}.5" />
</exclusive-start>
<af-start id="4057" threadId="0000000000874180" totalBytesRequested="16" timestamp="2020-09-12T18:52:41.864" intervalms="2172.698" type="nursery" />
<cycle-start id="4058" type="scavenge" contextid="0" timestamp="2020-09-12T18:52:41.864" intervalms="2172.701" />
<gc-start id="4059" type="scavenge" contextid="4058" timestamp="2020-09-12T18:52:41.864">
  <mem-info id="4060" free="179029672" total="2911895552" percent="6">
    <mem type="nursery" free="0" total="939524096" percent="0">
      <mem type="allocate" free="0" total="800653312" percent="0" />
      <mem type="survivor" free="0" total="138870784" percent="0" />
    </mem>
    <mem type="tenure" free="179029672" total="1972371456" percent="9">
      <mem type="soa" free="60687016" total="1854028800" percent="3" />
      <mem type="loa" free="118342656" total="118342656" percent="100" />
    </mem>
    <remembered-set count="194957" />
  </mem-info>
</gc-start>
<allocation-stats totalBytes="683938224" >
  <allocated-bytes non-tlh="32093864" tlh="651844360" />
  <largest-consumer threadName="Group1.Backend.CompositeBackend{Tier1}.8" threadId="00000000008AF400" bytes="89332328" />
</allocation-stats>
<gc-op id="4061" type="scavenge" timems="129.875" contextid="4058" timestamp="2020-09-12T18:52:41.994">
  <scavenger-info tenureage="3" tenuremask="7ff8" tiltratio="85" />
  <memory-copied type="nursery" objects="4697763" bytes="123378368" bytesdiscarded="140264" />
  <memory-copied type="tenure" objects="1123284" bytes="30190752" bytesdiscarded="147168" />
  <ownableSynchronizers candidates="3258" cleared="2894" />
  <references type="soft" candidates="308" cleared="0" enqueued="0" dynamicThreshold="18" maxThreshold="32" />
  <references type="weak" candidates="117" cleared="117" enqueued="0" />
</gc-op>
<gc-end id="4062" type="scavenge" contextid="4058" durationms="130.840" usertimems="989.535" systemtimems="2.435" timestamp="2020-09-12T18:52:41.995" activeThreads="8">
  <mem-info id="4063" free="819633440" total="2911895552" percent="28">
    <mem type="nursery" free="670890784" total="939524096" percent="71">
      <mem type="allocate" free="670890784" total="794492928" percent="84" />
      <mem type="survivor" free="0" total="145031168" percent="0" />
    </mem>
    <mem type="tenure" free="148742656" total="1972371456" percent="7" macro-fragmented="0">
      <mem type="soa" free="30400000" total="1854028800" percent="1" />
      <mem type="loa" free="118342656" total="118342656" percent="100" />
    </mem>
    <remembered-set count="31940" />
  </mem-info>
</gc-end>
<cycle-end id="4064" type="scavenge" contextid="4058" timestamp="2020-09-12T18:52:41.997" />
<allocation-satisfied id="4065" threadId="0000000000873800" bytesRequested="16" />
<af-end id="4066" timestamp="2020-09-12T18:52:41.997" threadId="0000000000874180" success="true" from="nursery"/>
<exclusive-end id="4067" timestamp="2020-09-12T18:52:41.997" durationms="134.154" />

<exclusive-start id="4068" timestamp="2020-09-12T18:52:43.813" intervalms="1950.573">
  <response-info timems="0.412" idlems="0.224" threads="1" lastid="000000000082C800" lastname="Group1.Backend.CompositeBackend{Tier1}.4" />
</exclusive-start>
<af-start id="4069" threadId="0000000000782680" totalBytesRequested="16" timestamp="2020-09-12T18:52:43.814" intervalms="1950.290" type="nursery" />
<cycle-start id="4070" type="scavenge" contextid="0" timestamp="2020-09-12T18:52:43.814" intervalms="1950.283" />
<gc-start id="4071" type="scavenge" contextid="4070" timestamp="2020-09-12T18:52:43.814">
  <mem-info id="4072" free="148742656" total="2911895552" percent="5">
    <mem type="nursery" free="0" total="939524096" percent="0">
      <mem type="allocate" free="0" total="794492928" percent="0" />
      <mem type="survivor" free="0" total="145031168" percent="0" />
    </mem>
    <mem type="tenure" free="148742656" total="1972371456" percent="7">
      <mem type="soa" free="30400000" total="1854028800" percent="1" />
      <mem type="loa" free="118342656" total="118342656" percent="100" />
    </mem>
    <remembered-set count="189419" />
  </mem-info>
</gc-start>
<allocation-stats totalBytes="670580944" >
  <allocated-bytes non-tlh="36720632" tlh="633860312" />
  <largest-consumer threadName="Group1.Backend.CompositeBackend{Tier1}.3" threadId="0000000000847B00" bytes="94349448" />
</allocation-stats>
<gc-op id="4073" type="scavenge" timems="96.422" contextid="4070" timestamp="2020-09-12T18:52:43.911">
  <scavenger-info tenureage="3" tenuremask="7ff8" tiltratio="84" />
  <memory-copied type="nursery" objects="4148164" bytes="114061664" bytesdiscarded="444416" />
  <memory-copied type="tenure" objects="1028663" bytes="27650504" bytesdiscarded="25184" />
  <ownableSynchronizers candidates="4048" cleared="3701" />
  <references type="soft" candidates="316" cleared="0" enqueued="0" dynamicThreshold="18" maxThreshold="32" />
  <references type="weak" candidates="113" cleared="113" enqueued="0" />
</gc-op>
<gc-end id="4074" type="scavenge" contextid="4070" durationms="97.698" usertimems="714.372" systemtimems="0.000" timestamp="2020-09-12T18:52:43.912" activeThreads="8">
  <mem-info id="4075" free="801951800" total="2911895552" percent="27">
    <mem type="nursery" free="681287136" total="939524096" percent="72">
      <mem type="allocate" free="681287136" total="795869184" percent="85" />
      <mem type="survivor" free="0" total="143654912" percent="0" />
    </mem>
    <mem type="tenure" free="120664664" total="1972371456" percent="6" macro-fragmented="0">
      <mem type="soa" free="2322008" total="1854028800" percent="0" />
      <mem type="loa" free="118342656" total="118342656" percent="100" />
    </mem>
    <remembered-set count="31307" />
  </mem-info>
</gc-end>
<cycle-end id="4076" type="scavenge" contextid="4070" timestamp="2020-09-12T18:52:43.914" />
<allocation-satisfied id="4077" threadId="0000000000781D00" bytesRequested="16" />
<af-end id="4078" timestamp="2020-09-12T18:52:43.915" threadId="0000000000782680" success="true" from="nursery"/>
<exclusive-end id="4079" timestamp="2020-09-12T18:52:43.915" durationms="101.192" />

<exclusive-start id="4080" timestamp="2020-09-12T18:52:45.822" intervalms="2008.716">
  <response-info timems="1.216" idlems="1.216" threads="0" lastid="00000000007F7500" lastname="Group1.Backend.CompositeBackend{Tier1}.2" />
</exclusive-start>
<af-start id="4081" threadId="00000000007F7E80" totalBytesRequested="16" timestamp="2020-09-12T18:52:45.823" intervalms="2009.231" type="nursery" />
<percolate-collect id="4082" from="nursery" to="global" reason="prevent tenure expand" timestamp="2020-09-12T18:52:45.823"/>
<cycle-start id="4083" type="global" contextid="0" timestamp="2020-09-12T18:52:45.824" intervalms="74760.282" />
<gc-start id="4084" type="global" contextid="4083" timestamp="2020-09-12T18:52:45.824">
  <mem-info id="4085" free="120664664" total="2911895552" percent="4">
    <mem type="nursery" free="0" total="939524096" percent="0">
      <mem type="allocate" free="0" total="795869184" percent="0" />
      <mem type="survivor" free="0" total="143654912" percent="0" />
    </mem>
    <mem type="tenure" free="120664664" total="1972371456" percent="6">
      <mem type="soa" free="2322008" total="1854028800" percent="0" />
      <mem type="loa" free="118342656" total="118342656" percent="100" />
    </mem>
    <remembered-set count="191855" />
  </mem-info>
</gc-start>
<allocation-stats totalBytes="680939432" >
  <allocated-bytes non-tlh="34321680" tlh="646617752" />
  <largest-consumer threadName="Group1.Backend.CompositeBackend{Tier1}.4" threadId="000000000082C800" bytes="94965544" />
</allocation-stats>
<heap-resize id="4086" type="loa contract" space="tenure" amount="19723264" count="1" timems="0.000" reason="contract underutilized loa" timestamp="2020-09-12T18:52:45.824" />
<gc-op id="4087" type="mark" timems="550.947" contextid="4083" timestamp="2020-09-12T18:52:46.375">
  <trace-info objectcount="30968331" scancount="29988500" scanbytes="820459960" />
  <finalization candidates="149" enqueued="0" />
  <ownableSynchronizers candidates="591074" cleared="5692" />
  <references type="soft" candidates="711126" cleared="0" enqueued="0" dynamicThreshold="18" maxThreshold="32" />
  <references type="weak" candidates="4410" cleared="123" enqueued="0" />
  <references type="phantom" candidates="106" cleared="0" enqueued="0" />
  <stringconstants candidates="11053" cleared="1"  />
</gc-op>
<gc-op id="4088" type="sweep" timems="13.933" contextid="4083" timestamp="2020-09-12T18:52:46.389" />
<gc-end id="4089" type="global" contextid="4083" durationms="566.088" usertimems="4191.053" systemtimems="18.267" timestamp="2020-09-12T18:52:46.390" activeThreads="8">
  <mem-info id="4090" free="1752382688" total="2911895552" percent="60">
    <mem type="nursery" free="596040360" total="939524096" percent="63">
      <mem type="allocate" free="596040360" total="795869184" percent="74" />
      <mem type="survivor" free="0" total="143654912" percent="0" />
    </mem>
    <mem type="tenure" free="1156342328" total="1972371456" percent="58" micro-fragmented="68890839" macro-fragmented="0">
      <mem type="soa" free="1057722936" total="1873752064" percent="56" />
      <mem type="loa" free="98619392" total="98619392" percent="100" />
    </mem>
    <remembered-set count="183979" />
  </mem-info>
</gc-end>
<cycle-end id="4091" type="global" contextid="4083" timestamp="2020-09-12T18:52:46.391" />
<allocation-satisfied id="4092" threadId="00000000007F7500" bytesRequested="16" />
<af-end id="4093" timestamp="2020-09-12T18:52:46.391" threadId="00000000007F7E80" success="true" from="nursery"/>
<exclusive-end id="4094" timestamp="2020-09-12T18:52:46.391" durationms="569.198" />

<exclusive-start id="4095" timestamp="2020-09-12T18:52:47.696" intervalms="1873.667">
  <response-info timems="0.566" idlems="0.566" threads="0" lastid="00000000008AAD00" lastname="Group1.Backend.CompositeBackend{Tier1}.7" />
</exclusive-start>
<af-start id="4096" threadId="00000000008AB680" totalBytesRequested="262152" timestamp="2020-09-12T18:52:47.697" intervalms="1873.423" type="nursery" />
<cycle-start id="4097" type="scavenge" contextid="0" timestamp="2020-09-12T18:52:47.697" intervalms="3882.833" />
<gc-start id="4098" type="scavenge" contextid="4097" timestamp="2020-09-12T18:52:47.697">
  <mem-info id="4099" free="1164857424" total="2911895552" percent="40">
    <mem type="nursery" free="8515144" total="939524096" percent="0">
      <mem type="allocate" free="8515144" total="795869184" percent="1" />
      <mem type="survivor" free="0" total="143654912" percent="0" />
    </mem>
    <mem type="tenure" free="1156342280" total="1972371456" percent="58">
      <mem type="soa" free="1057722888" total="1873752064" percent="56" />
      <mem type="loa" free="98619392" total="98619392" percent="100" />
    </mem>
    <remembered-set count="239764" />
  </mem-info>
</gc-start>
<allocation-stats totalBytes="585254224" >
  <allocated-bytes non-tlh="23524352" tlh="561729872" />
  <largest-consumer threadName="Group1.Backend.CompositeBackend{Tier1}.3" threadId="0000000000847B00" bytes="90456640" />
</allocation-stats>
<gc-op id="4100" type="scavenge" timems="125.682" contextid="4097" timestamp="2020-09-12T18:52:47.823">
  <scavenger-info tenureage="3" tenuremask="7ff8" tiltratio="84" />
  <memory-copied type="nursery" objects="5115164" bytes="140145400" bytesdiscarded="537952" />
  <memory-copied type="tenure" objects="1046660" bytes="28129600" bytesdiscarded="72496" />
  <ownableSynchronizers candidates="1174071" cleared="1173655" />
  <references type="soft" candidates="408" cleared="0" enqueued="0" dynamicThreshold="18" maxThreshold="32" />
  <references type="weak" candidates="93" cleared="93" enqueued="0" />
</gc-op>
<gc-end id="4101" type="scavenge" contextid="4097" durationms="126.598" usertimems="981.436" systemtimems="1.352" timestamp="2020-09-12T18:52:47.824" activeThreads="8">
  <mem-info id="4102" free="1748854456" total="2911895552" percent="60">
    <mem type="nursery" free="620951744" total="939524096" percent="66">
      <mem type="allocate" free="620951744" total="761790464" percent="81" />
      <mem type="survivor" free="0" total="177733632" percent="0" />
    </mem>
    <mem type="tenure" free="1127902712" total="1972371456" percent="57" macro-fragmented="1310760">
      <mem type="soa" free="1029283320" total="1873752064" percent="54" />
      <mem type="loa" free="98619392" total="98619392" percent="100" />
    </mem>
    <remembered-set count="34321" />
  </mem-info>
</gc-end>
<cycle-end id="4103" type="scavenge" contextid="4097" timestamp="2020-09-12T18:52:47.825" />
<allocation-satisfied id="4104" threadId="00000000008AAD00" bytesRequested="262152" />
<af-end id="4105" timestamp="2020-09-12T18:52:47.826" threadId="00000000008AB680" success="true" from="nursery"/>
<exclusive-end id="4106" timestamp="2020-09-12T18:52:47.826" durationms="129.914" />

<exclusive-start id="4107" timestamp="2020-09-12T18:52:49.531" intervalms="1835.754">
  <response-info timems="3.696" idlems="3.696" threads="0" lastid="00000000008A0000" lastname="Group1.Backend.CompositeBackend{Tier1}.6" />
</exclusive-start>
<af-start id="4108" threadId="00000000008A0980" totalBytesRequested="217496" timestamp="2020-09-12T18:52:49.532" intervalms="1835.501" type="nursery" />
<cycle-start id="4109" type="scavenge" contextid="0" timestamp="2020-09-12T18:52:49.532" intervalms="1835.313" />
<gc-start id="4110" type="scavenge" contextid="4109" timestamp="2020-09-12T18:52:49.533">
  <mem-info id="4111" free="1127902712" total="2911895552" percent="38">
    <mem type="nursery" free="0" total="939524096" percent="0">
      <mem type="allocate" free="0" total="761790464" percent="0" />
      <mem type="survivor" free="0" total="177733632" percent="0" />
    </mem>
    <mem type="tenure" free="1127902712" total="1972371456" percent="57">
      <mem type="soa" free="1029283320" total="1873752064" percent="54" />
      <mem type="loa" free="98619392" total="98619392" percent="100" />
    </mem>
    <remembered-set count="185916" />
  </mem-info>
</gc-start>
<allocation-stats totalBytes="620658640" >
  <allocated-bytes non-tlh="32560008" tlh="588098632" />
  <largest-consumer threadName="Group1.Backend.CompositeBackend{Tier1}.1" threadId="0000000000781D00" bytes="90764432" />
</allocation-stats>
<gc-op id="4112" type="scavenge" timems="122.318" contextid="4109" timestamp="2020-09-12T18:52:49.655">
  <scavenger-info tenureage="3" tenuremask="7ff8" tiltratio="81" />
  <memory-copied type="nursery" objects="5010601" bytes="137412056" bytesdiscarded="305848" />
  <memory-copied type="tenure" objects="1035822" bytes="27815896" bytesdiscarded="57984" />
  <ownableSynchronizers candidates="3491" cleared="3094" />
  <references type="soft" candidates="378" cleared="0" enqueued="0" dynamicThreshold="18" maxThreshold="32" />
  <references type="weak" candidates="103" cleared="103" enqueued="0" />
</gc-op>
<gc-end id="4113" type="scavenge" contextid="4109" durationms="123.402" usertimems="906.341" systemtimems="6.842" timestamp="2020-09-12T18:52:49.656" activeThreads="8">
  <mem-info id="4114" free="1740691232" total="2911895552" percent="59">
    <mem type="nursery" free="640575024" total="939524096" percent="68">
      <mem type="allocate" free="640575024" total="778371072" percent="82" />
      <mem type="survivor" free="0" total="161153024" percent="0" />
    </mem>
    <mem type="tenure" free="1100116208" total="1972371456" percent="55" macro-fragmented="4479464">
      <mem type="soa" free="1001496816" total="1873752064" percent="53" />
      <mem type="loa" free="98619392" total="98619392" percent="100" />
    </mem>
    <remembered-set count="32035" />
  </mem-info>
</gc-end>
<cycle-end id="4115" type="scavenge" contextid="4109" timestamp="2020-09-12T18:52:49.658" />
<allocation-satisfied id="4116" threadId="00000000008A0000" bytesRequested="217496" />
<af-end id="4117" timestamp="2020-09-12T18:52:49.658" threadId="00000000008A0980" success="true" from="nursery"/>
<exclusive-end id="4118" timestamp="2020-09-12T18:52:49.658" durationms="126.171" />

<exclusive-start id="4119" timestamp="2020-09-12T18:52:51.452" intervalms="1920.348">
  <response-info timems="0.315" idlems="0.288" threads="1" lastid="0000000000A87900" lastname="Group1.Backend.CompositeBackend{Tier3}.1" />
</exclusive-start>
<af-start id="4120" threadId="0000000000782680" totalBytesRequested="32" timestamp="2020-09-12T18:52:51.452" intervalms="1920.271" type="nursery" />
<cycle-start id="4121" type="scavenge" contextid="0" timestamp="2020-09-12T18:52:51.453" intervalms="1920.243" />
<gc-start id="4122" type="scavenge" contextid="4121" timestamp="2020-09-12T18:52:51.453">
  <mem-info id="4123" free="1100116208" total="2911895552" percent="37">
    <mem type="nursery" free="0" total="939524096" percent="0">
      <mem type="allocate" free="0" total="778371072" percent="0" />
      <mem type="survivor" free="0" total="161153024" percent="0" />
    </mem>
    <mem type="tenure" free="1100116208" total="1972371456" percent="55">
      <mem type="soa" free="1001496816" total="1873752064" percent="53" />
      <mem type="loa" free="98619392" total="98619392" percent="100" />
    </mem>
    <remembered-set count="185919" />
  </mem-info>
</gc-start>
<allocation-stats totalBytes="640275504" >
  <allocated-bytes non-tlh="33910432" tlh="606365072" />
  <largest-consumer threadName="Group1.Backend.CompositeBackend{Tier1}.1" threadId="0000000000781D00" bytes="83588016" />
</allocation-stats>
<gc-op id="4124" type="scavenge" timems="124.149" contextid="4121" timestamp="2020-09-12T18:52:51.577">
  <scavenger-info tenureage="3" tenuremask="7ff8" tiltratio="82" />
  <memory-copied type="nursery" objects="4800781" bytes="128996720" bytesdiscarded="185960" />
  <memory-copied type="tenure" objects="1020046" bytes="30443424" bytesdiscarded="69032" />
  <ownableSynchronizers candidates="3410" cleared="3023" />
  <references type="soft" candidates="349" cleared="0" enqueued="0" dynamicThreshold="18" maxThreshold="32" />
  <references type="weak" candidates="127" cleared="127" enqueued="0" />
</gc-op>
<gc-end id="4125" type="scavenge" contextid="4121" durationms="124.918" usertimems="867.474" systemtimems="0.627" timestamp="2020-09-12T18:52:51.578" activeThreads="8">
  <mem-info id="4126" free="1719795056" total="2911895552" percent="59">
    <mem type="nursery" free="650551392" total="939524096" percent="69">
      <mem type="allocate" free="650551392" total="779812864" percent="83" />
      <mem type="survivor" free="0" total="159711232" percent="0" />
    </mem>
    <mem type="tenure" free="1069243664" total="1972371456" percent="54" macro-fragmented="0">
      <mem type="soa" free="970624272" total="1873752064" percent="51" />
      <mem type="loa" free="98619392" total="98619392" percent="100" />
    </mem>
    <remembered-set count="36489" />
  </mem-info>
</gc-end>
<cycle-end id="4127" type="scavenge" contextid="4121" timestamp="2020-09-12T18:52:51.579" />
<allocation-satisfied id="4128" threadId="0000000000781D00" bytesRequested="32" />
<af-end id="4129" timestamp="2020-09-12T18:52:51.580" threadId="0000000000782680" success="true" from="nursery"/>
<exclusive-end id="4130" timestamp="2020-09-12T18:52:51.580" durationms="127.711" />

<exclusive-start id="4131" timestamp="2020-09-12T18:52:53.428" intervalms="1976.528">
  <response-info timems="0.338" idlems="0.338" threads="0" lastid="00000000007F7500" lastname="Group1.Backend.CompositeBackend{Tier1}.2" />
</exclusive-start>
<af-start id="4132" threadId="00000000007F7E80" totalBytesRequested="16" timestamp="2020-09-12T18:52:53.429" intervalms="1976.536" type="nursery" />
<cycle-start id="4133" type="scavenge" contextid="0" timestamp="2020-09-12T18:52:53.429" intervalms="1976.535" />
<gc-start id="4134" type="scavenge" contextid="4133" timestamp="2020-09-12T18:52:53.429">
  <mem-info id="4135" free="1069243664" total="2911895552" percent="36">
    <mem type="nursery" free="0" total="939524096" percent="0">
      <mem type="allocate" free="0" total="779812864" percent="0" />
      <mem type="survivor" free="0" total="159711232" percent="0" />
    </mem>
    <mem type="tenure" free="1069243664" total="1972371456" percent="54">
      <mem type="soa" free="970624272" total="1873752064" percent="51" />
      <mem type="loa" free="98619392" total="98619392" percent="100" />
    </mem>
    <remembered-set count="195960" />
  </mem-info>
</gc-start>
<allocation-stats totalBytes="650242864" >
  <allocated-bytes non-tlh="27289240" tlh="622953624" />
  <largest-consumer threadName="Group1.Backend.CompositeBackend{Tier1}.7" threadId="00000000008AAD00" bytes="81176328" />
</allocation-stats>
<gc-op id="4136" type="scavenge" timems="100.307" contextid="4133" timestamp="2020-09-12T18:52:53.530">
  <scavenger-info tenureage="3" tenuremask="7ff8" tiltratio="83" />
  <memory-copied type="nursery" objects="3911960" bytes="104162696" bytesdiscarded="203656" />
  <memory-copied type="tenure" objects="2034122" bytes="54792352" bytesdiscarded="103224" />
  <ownableSynchronizers candidates="4366" cleared="3968" />
  <references type="soft" candidates="268" cleared="0" enqueued="0" dynamicThreshold="18" maxThreshold="32" />
  <references type="weak" candidates="113" cleared="113" enqueued="0" />
</gc-op>
<gc-end id="4137" type="scavenge" contextid="4133" durationms="101.101" usertimems="772.058" systemtimems="0.000" timestamp="2020-09-12T18:52:53.530" activeThreads="8">
  <mem-info id="4138" free="1692917528" total="2911895552" percent="58">
    <mem type="nursery" free="678445808" total="939524096" percent="72">
      <mem type="allocate" free="678445808" total="782893056" percent="86" />
      <mem type="survivor" free="0" total="156631040" percent="0" />
    </mem>
    <mem type="tenure" free="1014471720" total="1972371456" percent="51" macro-fragmented="2621480">
      <mem type="soa" free="915852328" total="1873752064" percent="48" />
      <mem type="loa" free="98619392" total="98619392" percent="100" />
    </mem>
    <remembered-set count="28590" />
  </mem-info>
</gc-end>
<cycle-end id="4139" type="scavenge" contextid="4133" timestamp="2020-09-12T18:52:53.532" />
<allocation-satisfied id="4140" threadId="00000000007F7500" bytesRequested="16" />
<af-end id="4141" timestamp="2020-09-12T18:52:53.532" threadId="00000000007F7E80" success="true" from="nursery"/>
<exclusive-end id="4142" timestamp="2020-09-12T18:52:53.532" durationms="103.334" />

<exclusive-start id="4143" timestamp="2020-09-12T18:52:55.504" intervalms="2075.233">
  <response-info timems="0.484" idlems="0.484" threads="0" lastid="00000000008AF400" lastname="Group1.Backend.CompositeBackend{Tier1}.8" />
</exclusive-start>
<af-start id="4144" threadId="00000000008AFD80" totalBytesRequested="32" timestamp="2020-09-12T18:52:55.504" intervalms="2075.237" type="nursery" />
<cycle-start id="4145" type="scavenge" contextid="0" timestamp="2020-09-12T18:52:55.504" intervalms="2075.266" />
<gc-start id="4146" type="scavenge" contextid="4145" timestamp="2020-09-12T18:52:55.505">
  <mem-info id="4147" free="1014471720" total="2911895552" percent="34">
    <mem type="nursery" free="0" total="939524096" percent="0">
      <mem type="allocate" free="0" total="782893056" percent="0" />
      <mem type="survivor" free="0" total="156631040" percent="0" />
    </mem>
    <mem type="tenure" free="1014471720" total="1972371456" percent="51">
      <mem type="soa" free="915852328" total="1873752064" percent="48" />
      <mem type="loa" free="98619392" total="98619392" percent="100" />
    </mem>
    <remembered-set count="190096" />
  </mem-info>
</gc-start>
<allocation-stats totalBytes="678115136" >
  <allocated-bytes non-tlh="32911160" tlh="645203976" />
  <largest-consumer threadName="Group1.Backend.CompositeBackend{Tier1}.2" threadId="00000000007F7500" bytes="93652888" />
</allocation-stats>
<gc-op id="4148" type="scavenge" timems="97.321" contextid="4145" timestamp="2020-09-12T18:52:55.602">
  <scavenger-info tenureage="3" tenuremask="7ff8" tiltratio="83" />
  <memory-copied type="nursery" objects="4283861" bytes="113980568" bytesdiscarded="171152" />
  <memory-copied type="tenure" objects="965615" bytes="25957152" bytesdiscarded="76816" />
  <ownableSynchronizers candidates="3591" cleared="3294" />
  <references type="soft" candidates="266" cleared="0" enqueued="0" dynamicThreshold="18" maxThreshold="32" />
  <references type="weak" candidates="118" cleared="118" enqueued="0" />
</gc-op>
<gc-end id="4149" type="scavenge" contextid="4145" durationms="98.192" usertimems="750.422" systemtimems="0.000" timestamp="2020-09-12T18:52:55.603" activeThreads="8">
  <mem-info id="4150" free="1660606200" total="2911895552" percent="57">
    <mem type="nursery" free="672194704" total="939524096" percent="71">
      <mem type="allocate" free="672194704" total="786432000" percent="85" />
      <mem type="survivor" free="0" total="153092096" percent="0" />
    </mem>
    <mem type="tenure" free="988411496" total="1972371456" percent="50" macro-fragmented="4479464">
      <mem type="soa" free="889792104" total="1873752064" percent="47" />
      <mem type="loa" free="98619392" total="98619392" percent="100" />
    </mem>
    <remembered-set count="29628" />
  </mem-info>
</gc-end>
<cycle-end id="4151" type="scavenge" contextid="4145" timestamp="2020-09-12T18:52:55.604" />
<allocation-satisfied id="4152" threadId="00000000008AF400" bytesRequested="32" />
<af-end id="4153" timestamp="2020-09-12T18:52:55.604" threadId="00000000008AFD80" success="true" from="nursery"/>
<exclusive-end id="4154" timestamp="2020-09-12T18:52:55.604" durationms="100.530" />

<exclusive-start id="4155" timestamp="2020-09-12T18:52:57.541" intervalms="2037.807">
  <response-info timems="1.565" idlems="1.565" threads="0" lastid="0000000000873800" lastname="Group1.Backend.CompositeBackend{Tier1}.5" />
</exclusive-start>
<af-start id="4156" threadId="0000000000874180" totalBytesRequested="24" timestamp="2020-09-12T18:52:57.542" intervalms="2037.843" type="nursery" />
<cycle-start id="4157" type="scavenge" contextid="0" timestamp="2020-09-12T18:52:57.542" intervalms="2037.813" />
<gc-start id="4158" type="scavenge" contextid="4157" timestamp="2020-09-12T18:52:57.542">
  <mem-info id="4159" free="988411496" total="2911895552" percent="33">
    <mem type="nursery" free="0" total="939524096" percent="0">
      <mem type="allocate" free="0" total="786432000" percent="0" />
      <mem type="survivor" free="0" total="153092096" percent="0" />
    </mem>
    <mem type="tenure" free="988411496" total="1972371456" percent="50">
      <mem type="soa" free="889792104" total="1873752064" percent="47" />
      <mem type="loa" free="98619392" total="98619392" percent="100" />
    </mem>
    <remembered-set count="191448" />
  </mem-info>
</gc-start>
<allocation-stats totalBytes="671873104" >
  <allocated-bytes non-tlh="32288792" tlh="639584312" />
  <largest-consumer threadName="Group1.Backend.CompositeBackend{Tier1}.1" threadId="0000000000781D00" bytes="93814496" />
</allocation-stats>
<gc-op id="4160" type="scavenge" timems="90.967" contextid="4157" timestamp="2020-09-12T18:52:57.633">
  <scavenger-info tenureage="3" tenuremask="7ff8" tiltratio="83" />
  <memory-copied type="nursery" objects="3978908" bytes="106778736" bytesdiscarded="143224" />
  <memory-copied type="tenure" objects="1005858" bytes="27028208" bytesdiscarded="63624" />
  <ownableSynchronizers candidates="4682" cleared="4365" />
  <references type="soft" candidates="268" cleared="0" enqueued="0" dynamicThreshold="18" maxThreshold="32" />
  <references type="weak" candidates="114" cleared="113" enqueued="0" />
</gc-op>
<gc-end id="4161" type="scavenge" contextid="4157" durationms="91.798" usertimems="669.003" systemtimems="0.000" timestamp="2020-09-12T18:52:57.634" activeThreads="8">
  <mem-info id="4162" free="1645781608" total="2911895552" percent="56">
    <mem type="nursery" free="684536832" total="939524096" percent="72">
      <mem type="allocate" free="684536832" total="791543808" percent="86" />
      <mem type="survivor" free="0" total="147980288" percent="0" />
    </mem>
    <mem type="tenure" free="961244776" total="1972371456" percent="48" macro-fragmented="655400">
      <mem type="soa" free="862625384" total="1873752064" percent="46" />
      <mem type="loa" free="98619392" total="98619392" percent="100" />
    </mem>
    <remembered-set count="29899" />
  </mem-info>
</gc-end>
<cycle-end id="4163" type="scavenge" contextid="4157" timestamp="2020-09-12T18:52:57.636" />
<allocation-satisfied id="4164" threadId="0000000000873800" bytesRequested="24" />
<af-end id="4165" timestamp="2020-09-12T18:52:57.636" threadId="0000000000874180" success="true" from="nursery"/>
<exclusive-end id="4166" timestamp="2020-09-12T18:52:57.636" durationms="94.690" />

<exclusive-start id="4167" timestamp="2020-09-12T18:52:59.659" intervalms="2117.802">
  <response-info timems="7.978" idlems="7.836" threads="1" lastid="00000000007F7500" lastname="Group1.Backend.CompositeBackend{Tier1}.2" />
</exclusive-start>
<af-start id="4168" threadId="00000000008AB680" totalBytesRequested="784" timestamp="2020-09-12T18:52:59.660" intervalms="2117.831" type="nursery" />
<cycle-start id="4169" type="scavenge" contextid="0" timestamp="2020-09-12T18:52:59.660" intervalms="2117.850" />
<gc-start id="4170" type="scavenge" contextid="4169" timestamp="2020-09-12T18:52:59.660">
  <mem-info id="4171" free="961244776" total="2911895552" percent="33">
    <mem type="nursery" free="0" total="939524096" percent="0">
      <mem type="allocate" free="0" total="791543808" percent="0" />
      <mem type="survivor" free="0" total="147980288" percent="0" />
    </mem>
    <mem type="tenure" free="961244776" total="1972371456" percent="48">
      <mem type="soa" free="862625384" total="1873752064" percent="46" />
      <mem type="loa" free="98619392" total="98619392" percent="100" />
    </mem>
    <remembered-set count="191720" />
  </mem-info>
</gc-start>
<allocation-stats totalBytes="684202392" >
  <allocated-bytes non-tlh="33036040" tlh="651166352" />
  <largest-consumer threadName="Group1.Backend.CompositeBackend{Tier1}.7" threadId="00000000008AAD00" bytes="106818400" />
</allocation-stats>
<gc-op id="4172" type="scavenge" timems="104.145" contextid="4169" timestamp="2020-09-12T18:52:59.765">
  <scavenger-info tenureage="3" tenuremask="7ff8" tiltratio="84" />
  <memory-copied type="nursery" objects="4241581" bytes="112974440" bytesdiscarded="143560" />
  <memory-copied type="tenure" objects="1057122" bytes="28421808" bytesdiscarded="75376" />
  <ownableSynchronizers candidates="4576" cleared="4233" />
  <references type="soft" candidates="242" cleared="0" enqueued="0" dynamicThreshold="18" maxThreshold="32" />
  <references type="weak" candidates="108" cleared="108" enqueued="0" />
</gc-op>
<gc-end id="4173" type="scavenge" contextid="4169" durationms="105.121" usertimems="795.956" systemtimems="7.975" timestamp="2020-09-12T18:52:59.765" activeThreads="8">
  <mem-info id="4174" free="1614011440" total="2911895552" percent="55">
    <mem type="nursery" free="681221392" total="939524096" percent="72">
      <mem type="allocate" free="681221392" total="794427392" percent="85" />
      <mem type="survivor" free="0" total="145096704" percent="0" />
    </mem>
    <mem type="tenure" free="932790048" total="1972371456" percent="47" macro-fragmented="6450429">
      <mem type="soa" free="834170656" total="1873752064" percent="44" />
      <mem type="loa" free="98619392" total="98619392" percent="100" />
    </mem>
    <remembered-set count="30704" />
  </mem-info>
</gc-end>
<cycle-end id="4175" type="scavenge" contextid="4169" timestamp="2020-09-12T18:52:59.767" />
<allocation-satisfied id="4176" threadId="00000000008AAD00" bytesRequested="784" />
<af-end id="4177" timestamp="2020-09-12T18:52:59.767" threadId="00000000008AB680" success="true" from="nursery"/>
<exclusive-end id="4178" timestamp="2020-09-12T18:52:59.767" durationms="107.976" />

<exclusive-start id="4179" timestamp="2020-09-12T18:53:01.740" intervalms="2080.946">
  <response-info timems="0.591" idlems="0.394" threads="2" lastid="0000000000A8F100" lastname="Group1.Backend.CompositeBackend{Tier3}.5" />
</exclusive-start>
<af-start id="4180" threadId="0000000000A8BE80" totalBytesRequested="32" timestamp="2020-09-12T18:53:01.741" intervalms="2080.917" type="nursery" />
<cycle-start id="4181" type="scavenge" contextid="0" timestamp="2020-09-12T18:53:01.741" intervalms="2080.911" />
<gc-start id="4182" type="scavenge" contextid="4181" timestamp="2020-09-12T18:53:01.741">
  <mem-info id="4183" free="932790048" total="2911895552" percent="32">
    <mem type="nursery" free="0" total="939524096" percent="0">
      <mem type="allocate" free="0" total="794427392" percent="0" />
      <mem type="survivor" free="0" total="145096704" percent="0" />
    </mem>
    <mem type="tenure" free="932790048" total="1972371456" percent="47">
      <mem type="soa" free="834170656" total="1873752064" percent="44" />
      <mem type="loa" free="98619392" total="98619392" percent="100" />
    </mem>
    <remembered-set count="194155" />
  </mem-info>
</gc-start>
<allocation-stats totalBytes="680880360" >
  <allocated-bytes non-tlh="31932152" tlh="648948208" />
  <largest-consumer threadName="Group1.Backend.CompositeBackend{Tier1}.2" threadId="00000000007F7500" bytes="88688800" />
</allocation-stats>
<gc-op id="4184" type="scavenge" timems="90.683" contextid="4181" timestamp="2020-09-12T18:53:01.832">
  <scavenger-info tenureage="3" tenuremask="7ff8" tiltratio="84" />
  <memory-copied type="nursery" objects="4025726" bytes="107987544" bytesdiscarded="173920" />
  <memory-copied type="tenure" objects="1079981" bytes="29008608" bytesdiscarded="85224" />
  <ownableSynchronizers candidates="3886" cleared="3562" />
  <references type="soft" candidates="250" cleared="0" enqueued="0" dynamicThreshold="18" maxThreshold="32" />
  <references type="weak" candidates="136" cleared="136" enqueued="0" />
</gc-op>
<gc-end id="4185" type="scavenge" contextid="4181" durationms="91.519" usertimems="664.332" systemtimems="0.000" timestamp="2020-09-12T18:53:01.833" activeThreads="8">
  <mem-info id="4186" free="1593372288" total="2911895552" percent="54">
    <mem type="nursery" free="689922560" total="939524096" percent="73">
      <mem type="allocate" free="689922560" total="798162944" percent="86" />
      <mem type="survivor" free="0" total="141361152" percent="0" />
    </mem>
    <mem type="tenure" free="903449728" total="1972371456" percent="45" macro-fragmented="4194336">
      <mem type="soa" free="804830336" total="1873752064" percent="42" />
      <mem type="loa" free="98619392" total="98619392" percent="100" />
    </mem>
    <remembered-set count="31010" />
  </mem-info>
</gc-end>
<cycle-end id="4187" type="scavenge" contextid="4181" timestamp="2020-09-12T18:53:01.834" />
<allocation-satisfied id="4188" threadId="0000000000A8B500" bytesRequested="32" />
<af-end id="4189" timestamp="2020-09-12T18:53:01.834" threadId="0000000000A8BE80" success="true" from="nursery"/>
<exclusive-end id="4190" timestamp="2020-09-12T18:53:01.834" durationms="94.052" />

<exclusive-start id="4191" timestamp="2020-09-12T18:53:03.796" intervalms="2055.859">
  <response-info timems="0.343" idlems="0.343" threads="0" lastid="0000000000847B00" lastname="Group1.Backend.CompositeBackend{Tier1}.3" />
</exclusive-start>
<af-start id="4192" threadId="0000000000848480" totalBytesRequested="16" timestamp="2020-09-12T18:53:03.797" intervalms="2055.874" type="nursery" />
<cycle-start id="4193" type="scavenge" contextid="0" timestamp="2020-09-12T18:53:03.797" intervalms="2056.344" />
<gc-start id="4194" type="scavenge" contextid="4193" timestamp="2020-09-12T18:53:03.798">
  <mem-info id="4195" free="903449728" total="2911895552" percent="31">
    <mem type="nursery" free="0" total="939524096" percent="0">
      <mem type="allocate" free="0" total="798162944" percent="0" />
      <mem type="survivor" free="0" total="141361152" percent="0" />
    </mem>
    <mem type="tenure" free="903449728" total="1972371456" percent="45">
      <mem type="soa" free="804830336" total="1873752064" percent="42" />
      <mem type="loa" free="98619392" total="98619392" percent="100" />
    </mem>
    <remembered-set count="195328" />
  </mem-info>
</gc-start>
<allocation-stats totalBytes="689584928" >
  <allocated-bytes non-tlh="31207408" tlh="658377520" />
  <largest-consumer threadName="Group1.Backend.CompositeBackend{Tier1}.3" threadId="0000000000847B00" bytes="103030728" />
</allocation-stats>
<gc-op id="4196" type="scavenge" timems="102.218" contextid="4193" timestamp="2020-09-12T18:53:03.900">
  <scavenger-info tenureage="3" tenuremask="7ff8" tiltratio="84" />
  <memory-copied type="nursery" objects="4277025" bytes="113847736" bytesdiscarded="292032" />
  <memory-copied type="tenure" objects="1067152" bytes="28701104" bytesdiscarded="75088" />
  <ownableSynchronizers candidates="3196" cleared="2886" />
  <references type="soft" candidates="237" cleared="0" enqueued="0" dynamicThreshold="18" maxThreshold="32" />
  <references type="weak" candidates="108" cleared="108" enqueued="0" />
</gc-op>
<gc-end id="4197" type="scavenge" contextid="4193" durationms="102.980" usertimems="774.511" systemtimems="0.000" timestamp="2020-09-12T18:53:03.900" activeThreads="8">
  <mem-info id="4198" free="1560385536" total="2911895552" percent="53">
    <mem type="nursery" free="685383416" total="939524096" percent="72">
      <mem type="allocate" free="685383416" total="799604736" percent="85" />
      <mem type="survivor" free="0" total="139919360" percent="0" />
    </mem>
    <mem type="tenure" free="875002120" total="1972371456" percent="44" macro-fragmented="0">
      <mem type="soa" free="776382728" total="1873752064" percent="41" />
      <mem type="loa" free="98619392" total="98619392" percent="100" />
    </mem>
    <remembered-set count="31716" />
  </mem-info>
</gc-end>
<cycle-end id="4199" type="scavenge" contextid="4193" timestamp="2020-09-12T18:53:03.904" />
<allocation-satisfied id="4200" threadId="0000000000847B00" bytesRequested="16" />
<af-end id="4201" timestamp="2020-09-12T18:53:03.904" threadId="0000000000848480" success="true" from="nursery"/>
<exclusive-end id="4202" timestamp="2020-09-12T18:53:03.904" durationms="107.747" />

<exclusive-start id="4203" timestamp="2020-09-12T18:53:05.881" intervalms="2085.074">
  <response-info timems="0.402" idlems="0.193" threads="2" lastid="000000000082C800" lastname="Group1.Backend.CompositeBackend{Tier1}.4" />
</exclusive-start>
<af-start id="4204" threadId="00000000008AFD80" totalBytesRequested="264" timestamp="2020-09-12T18:53:05.882" intervalms="2085.046" type="nursery" />
<cycle-start id="4205" type="scavenge" contextid="0" timestamp="2020-09-12T18:53:05.882" intervalms="2084.575" />
<gc-start id="4206" type="scavenge" contextid="4205" timestamp="2020-09-12T18:53:05.882">
  <mem-info id="4207" free="875002120" total="2911895552" percent="30">
    <mem type="nursery" free="0" total="939524096" percent="0">
      <mem type="allocate" free="0" total="799604736" percent="0" />
      <mem type="survivor" free="0" total="139919360" percent="0" />
    </mem>
    <mem type="tenure" free="875002120" total="1972371456" percent="44">
      <mem type="soa" free="776382728" total="1873752064" percent="41" />
      <mem type="loa" free="98619392" total="98619392" percent="100" />
    </mem>
    <remembered-set count="194024" />
  </mem-info>
</gc-start>
<allocation-stats totalBytes="685044704" >
  <allocated-bytes non-tlh="33448656" tlh="651596048" />
  <largest-consumer threadName="Group1.Backend.CompositeBackend{Tier1}.3" threadId="0000000000847B00" bytes="94783216" />
</allocation-stats>
<gc-op id="4208" type="scavenge" timems="114.535" contextid="4205" timestamp="2020-09-12T18:53:05.997">
  <scavenger-info tenureage="3" tenuremask="7ff8" tiltratio="85" />
  <memory-copied type="nursery" objects="4694517" bytes="123286336" bytesdiscarded="145616" />
  <memory-copied type="tenure" objects="1087042" bytes="29223392" bytesdiscarded="66104" />
  <ownableSynchronizers candidates="2627" cleared="2354" />
  <references type="soft" candidates="236" cleared="0" enqueued="0" dynamicThreshold="18" maxThreshold="32" />
  <references type="weak" candidates="115" cleared="115" enqueued="0" />
</gc-op>
<gc-end id="4209" type="scavenge" contextid="4205" durationms="115.407" usertimems="851.418" systemtimems="0.000" timestamp="2020-09-12T18:53:05.997" activeThreads="8">
  <mem-info id="4210" free="1514873808" total="2911895552" percent="52">
    <mem type="nursery" free="669078112" total="939524096" percent="71">
      <mem type="allocate" free="669078112" total="792592384" percent="84" />
      <mem type="survivor" free="0" total="146931712" percent="0" />
    </mem>
    <mem type="tenure" free="845795696" total="1972371456" percent="42" macro-fragmented="4479464">
      <mem type="soa" free="747176304" total="1873752064" percent="39" />
      <mem type="loa" free="98619392" total="98619392" percent="100" />
    </mem>
    <remembered-set count="31777" />
  </mem-info>
</gc-end>
<cycle-end id="4211" type="scavenge" contextid="4205" timestamp="2020-09-12T18:53:05.999" />
<allocation-satisfied id="4212" threadId="00000000008AF400" bytesRequested="264" />
<af-end id="4213" timestamp="2020-09-12T18:53:05.999" threadId="00000000008AFD80" success="true" from="nursery"/>
<exclusive-end id="4214" timestamp="2020-09-12T18:53:05.999" durationms="117.756" />

<exclusive-start id="4215" timestamp="2020-09-12T18:53:07.895" intervalms="2013.840">
  <response-info timems="0.446" idlems="0.349" threads="1" lastid="00000000007F7500" lastname="Group1.Backend.CompositeBackend{Tier1}.2" />
</exclusive-start>
<af-start id="4216" threadId="00000000008A0980" totalBytesRequested="56" timestamp="2020-09-12T18:53:07.896" intervalms="2013.857" type="nursery" />
<cycle-start id="4217" type="scavenge" contextid="0" timestamp="2020-09-12T18:53:07.896" intervalms="2013.864" />
<gc-start id="4218" type="scavenge" contextid="4217" timestamp="2020-09-12T18:53:07.896">
  <mem-info id="4219" free="845795696" total="2911895552" percent="29">
    <mem type="nursery" free="0" total="939524096" percent="0">
      <mem type="allocate" free="0" total="792592384" percent="0" />
      <mem type="survivor" free="0" total="146931712" percent="0" />
    </mem>
    <mem type="tenure" free="845795696" total="1972371456" percent="42">
      <mem type="soa" free="747176304" total="1873752064" percent="39" />
      <mem type="loa" free="98619392" total="98619392" percent="100" />
    </mem>
    <remembered-set count="190212" />
  </mem-info>
</gc-start>
<allocation-stats totalBytes="668767080" >
  <allocated-bytes non-tlh="36784536" tlh="631982544" />
  <largest-consumer threadName="Group1.Backend.CompositeBackend{Tier1}.8" threadId="00000000008AF400" bytes="105760536" />
</allocation-stats>
<gc-op id="4220" type="scavenge" timems="97.142" contextid="4217" timestamp="2020-09-12T18:53:07.993">
  <scavenger-info tenureage="3" tenuremask="7ff8" tiltratio="84" />
  <memory-copied type="nursery" objects="4048381" bytes="108551096" bytesdiscarded="153368" />
  <memory-copied type="tenure" objects="1087955" bytes="29235776" bytesdiscarded="61448" />
  <ownableSynchronizers candidates="3876" cleared="3624" />
  <references type="soft" candidates="224" cleared="0" enqueued="0" dynamicThreshold="18" maxThreshold="32" />
  <references type="weak" candidates="113" cleared="113" enqueued="0" />
</gc-op>
<gc-end id="4221" type="scavenge" contextid="4217" durationms="98.036" usertimems="728.984" systemtimems="10.523" timestamp="2020-09-12T18:53:07.994" activeThreads="8">
  <mem-info id="4222" free="1502008848" total="2911895552" percent="51">
    <mem type="nursery" free="685577728" total="939524096" percent="72">
      <mem type="allocate" free="685577728" total="794361856" percent="86" />
      <mem type="survivor" free="0" total="145162240" percent="0" />
    </mem>
    <mem type="tenure" free="816431120" total="1972371456" percent="41" macro-fragmented="1048608">
      <mem type="soa" free="717811728" total="1873752064" percent="38" />
      <mem type="loa" free="98619392" total="98619392" percent="100" />
    </mem>
    <remembered-set count="30513" />
  </mem-info>
</gc-end>
<cycle-end id="4223" type="scavenge" contextid="4217" timestamp="2020-09-12T18:53:07.995" />
<allocation-satisfied id="4224" threadId="00000000008A0000" bytesRequested="56" />
<af-end id="4225" timestamp="2020-09-12T18:53:07.995" threadId="00000000008A0980" success="true" from="nursery"/>
<exclusive-end id="4226" timestamp="2020-09-12T18:53:07.996" durationms="100.806" />

<exclusive-start id="4227" timestamp="2020-09-12T18:53:10.019" intervalms="2124.209">
  <response-info timems="1.512" idlems="1.512" threads="0" lastid="00000000008A0000" lastname="Group1.Backend.CompositeBackend{Tier1}.6" />
</exclusive-start>
<af-start id="4228" threadId="00000000008A0980" totalBytesRequested="88" timestamp="2020-09-12T18:53:10.020" intervalms="2124.323" type="nursery" />
<cycle-start id="4229" type="scavenge" contextid="0" timestamp="2020-09-12T18:53:10.020" intervalms="2124.315" />
<gc-start id="4230" type="scavenge" contextid="4229" timestamp="2020-09-12T18:53:10.020">
  <mem-info id="4231" free="816431120" total="2911895552" percent="28">
    <mem type="nursery" free="0" total="939524096" percent="0">
      <mem type="allocate" free="0" total="794361856" percent="0" />
      <mem type="survivor" free="0" total="145162240" percent="0" />
    </mem>
    <mem type="tenure" free="816431120" total="1972371456" percent="41">
      <mem type="soa" free="717811728" total="1873752064" percent="38" />
      <mem type="loa" free="98619392" total="98619392" percent="100" />
    </mem>
    <remembered-set count="195087" />
  </mem-info>
</gc-start>
<allocation-stats totalBytes="685247912" >
  <allocated-bytes non-tlh="24501704" tlh="660746208" />
  <largest-consumer threadName="Group1.Backend.CompositeBackend{Tier1}.1" threadId="0000000000781D00" bytes="91788096" />
</allocation-stats>
<gc-op id="4232" type="scavenge" timems="115.822" contextid="4229" timestamp="2020-09-12T18:53:10.136">
  <scavenger-info tenureage="3" tenuremask="7ff8" tiltratio="84" />
  <memory-copied type="nursery" objects="4338099" bytes="115337208" bytesdiscarded="132632" />
  <memory-copied type="tenure" objects="1103100" bytes="29647248" bytesdiscarded="80928" />
  <ownableSynchronizers candidates="4148" cleared="3895" />
  <references type="soft" candidates="239" cleared="0" enqueued="0" dynamicThreshold="18" maxThreshold="32" />
  <references type="weak" candidates="103" cleared="103" enqueued="0" />
</gc-op>
<gc-end id="4233" type="scavenge" contextid="4229" durationms="116.801" usertimems="821.607" systemtimems="7.195" timestamp="2020-09-12T18:53:10.137" activeThreads="8">
  <mem-info id="4234" free="1467001632" total="2911895552" percent="50">
    <mem type="nursery" free="680441584" total="939524096" percent="72">
      <mem type="allocate" free="680441584" total="796000256" percent="85" />
      <mem type="survivor" free="0" total="143523840" percent="0" />
    </mem>
    <mem type="tenure" free="786560048" total="1972371456" percent="39" macro-fragmented="2621480">
      <mem type="soa" free="687940656" total="1873752064" percent="36" />
      <mem type="loa" free="98619392" total="98619392" percent="100" />
    </mem>
    <remembered-set count="29308" />
  </mem-info>
</gc-end>
<cycle-end id="4235" type="scavenge" contextid="4229" timestamp="2020-09-12T18:53:10.138" />
<allocation-satisfied id="4236" threadId="00000000008A0000" bytesRequested="88" />
<af-end id="4237" timestamp="2020-09-12T18:53:10.138" threadId="00000000008A0980" success="true" from="nursery"/>
<exclusive-end id="4238" timestamp="2020-09-12T18:53:10.138" durationms="119.331" />

<exclusive-start id="4239" timestamp="2020-09-12T18:53:12.078" intervalms="2058.913">
  <response-info timems="0.666" idlems="0.666" threads="0" lastid="00000000008AF400" lastname="Group1.Backend.CompositeBackend{Tier1}.8" />
</exclusive-start>
<af-start id="4240" threadId="00000000008AFD80" totalBytesRequested="32" timestamp="2020-09-12T18:53:12.079" intervalms="2058.962" type="nursery" />
<cycle-start id="4241" type="scavenge" contextid="0" timestamp="2020-09-12T18:53:12.079" intervalms="2058.978" />
<gc-start id="4242" type="scavenge" contextid="4241" timestamp="2020-09-12T18:53:12.079">
  <mem-info id="4243" free="786560048" total="2911895552" percent="27">
    <mem type="nursery" free="0" total="939524096" percent="0">
      <mem type="allocate" free="0" total="796000256" percent="0" />
      <mem type="survivor" free="0" total="143523840" percent="0" />
    </mem>
    <mem type="tenure" free="786560048" total="1972371456" percent="39">
      <mem type="soa" free="687940656" total="1873752064" percent="36" />
      <mem type="loa" free="98619392" total="98619392" percent="100" />
    </mem>
    <remembered-set count="191458" />
  </mem-info>
</gc-start>
<allocation-stats totalBytes="680099240" >
  <allocated-bytes non-tlh="33448064" tlh="646651176" />
  <largest-consumer threadName="Group1.Backend.CompositeBackend{Tier1}.8" threadId="00000000008AF400" bytes="89649320" />
</allocation-stats>
<gc-op id="4244" type="scavenge" timems="144.940" contextid="4241" timestamp="2020-09-12T18:53:12.224">
  <scavenger-info tenureage="3" tenuremask="7ff8" tiltratio="84" />
  <memory-copied type="nursery" objects="4696199" bytes="123685136" bytesdiscarded="185152" />
  <memory-copied type="tenure" objects="1095916" bytes="29449024" bytesdiscarded="83816" />
  <ownableSynchronizers candidates="4372" cleared="4095" />
  <references type="soft" candidates="239" cleared="0" enqueued="0" dynamicThreshold="18" maxThreshold="32" />
  <references type="weak" candidates="98" cleared="98" enqueued="0" />
</gc-op>
<gc-end id="4245" type="scavenge" contextid="4241" durationms="146.260" usertimems="1053.075" systemtimems="16.134" timestamp="2020-09-12T18:53:12.225" activeThreads="8">
  <mem-info id="4246" free="1425746024" total="2911895552" percent="48">
    <mem type="nursery" free="668568960" total="939524096" percent="71">
      <mem type="allocate" free="668568960" total="792526848" percent="84" />
      <mem type="survivor" free="0" total="146997248" percent="0" />
    </mem>
    <mem type="tenure" free="757177064" total="1972371456" percent="38" macro-fragmented="1310760">
      <mem type="soa" free="658557672" total="1873752064" percent="35" />
      <mem type="loa" free="98619392" total="98619392" percent="100" />
    </mem>
    <remembered-set count="27690" />
  </mem-info>
</gc-end>
<cycle-end id="4247" type="scavenge" contextid="4241" timestamp="2020-09-12T18:53:12.228" />
<allocation-satisfied id="4248" threadId="00000000008AF400" bytesRequested="32" />
<af-end id="4249" timestamp="2020-09-12T18:53:12.228" threadId="00000000008AFD80" success="true" from="nursery"/>
<exclusive-end id="4250" timestamp="2020-09-12T18:53:12.228" durationms="150.277" />

<exclusive-start id="4251" timestamp="2020-09-12T18:53:14.089" intervalms="2011.294">
  <response-info timems="5.417" idlems="5.417" threads="0" lastid="0000000000781D00" lastname="Group1.Backend.CompositeBackend{Tier1}.1" />
</exclusive-start>
<af-start id="4252" threadId="0000000000782680" totalBytesRequested="24" timestamp="2020-09-12T18:53:14.090" intervalms="2011.139" type="nursery" />
<cycle-start id="4253" type="scavenge" contextid="0" timestamp="2020-09-12T18:53:14.090" intervalms="2011.136" />
<gc-start id="4254" type="scavenge" contextid="4253" timestamp="2020-09-12T18:53:14.090">
  <mem-info id="4255" free="757177064" total="2911895552" percent="26">
    <mem type="nursery" free="0" total="939524096" percent="0">
      <mem type="allocate" free="0" total="792526848" percent="0" />
      <mem type="survivor" free="0" total="146997248" percent="0" />
    </mem>
    <mem type="tenure" free="757177064" total="1972371456" percent="38">
      <mem type="soa" free="658557672" total="1873752064" percent="35" />
      <mem type="loa" free="98619392" total="98619392" percent="100" />
    </mem>
    <remembered-set count="189341" />
  </mem-info>
</gc-start>
<allocation-stats totalBytes="668264728" >
  <allocated-bytes non-tlh="33959424" tlh="634305304" />
  <largest-consumer threadName="Group1.Backend.CompositeBackend{Tier1}.4" threadId="000000000082C800" bytes="83552864" />
</allocation-stats>
<gc-op id="4256" type="scavenge" timems="119.962" contextid="4253" timestamp="2020-09-12T18:53:14.210">
  <scavenger-info tenureage="3" tenuremask="7ff8" tiltratio="84" />
  <memory-copied type="nursery" objects="4311137" bytes="115919768" bytesdiscarded="286256" />
  <memory-copied type="tenure" objects="1036349" bytes="27873648" bytesdiscarded="80760" />
  <ownableSynchronizers candidates="3884" cleared="3568" />
  <references type="soft" candidates="274" cleared="0" enqueued="0" dynamicThreshold="18" maxThreshold="32" />
  <references type="weak" candidates="113" cleared="113" enqueued="0" />
</gc-op>
<gc-end id="4257" type="scavenge" contextid="4253" durationms="121.115" usertimems="896.236" systemtimems="0.412" timestamp="2020-09-12T18:53:14.211" activeThreads="8">
  <mem-info id="4258" free="1407162856" total="2911895552" percent="48">
    <mem type="nursery" free="677874080" total="939524096" percent="72">
      <mem type="allocate" free="677874080" total="794165248" percent="85" />
      <mem type="survivor" free="0" total="145358848" percent="0" />
    </mem>
    <mem type="tenure" free="729288776" total="1972371456" percent="36" macro-fragmented="0">
      <mem type="soa" free="630669384" total="1873752064" percent="33" />
      <mem type="loa" free="98619392" total="98619392" percent="100" />
    </mem>
    <remembered-set count="29848" />
  </mem-info>
</gc-end>
<cycle-end id="4259" type="scavenge" contextid="4253" timestamp="2020-09-12T18:53:14.213" />
<allocation-satisfied id="4260" threadId="0000000000781D00" bytesRequested="24" />
<af-end id="4261" timestamp="2020-09-12T18:53:14.213" threadId="0000000000782680" success="true" from="nursery"/>
<exclusive-end id="4262" timestamp="2020-09-12T18:53:14.213" durationms="124.036" />

<exclusive-start id="4263" timestamp="2020-09-12T18:53:16.162" intervalms="2072.164">
  <response-info timems="0.855" idlems="0.855" threads="0" lastid="0000000000873800" lastname="Group1.Backend.CompositeBackend{Tier1}.5" />
</exclusive-start>
<af-start id="4264" threadId="0000000000874180" totalBytesRequested="32" timestamp="2020-09-12T18:53:16.162" intervalms="2072.293" type="nursery" />
<cycle-start id="4265" type="scavenge" contextid="0" timestamp="2020-09-12T18:53:16.162" intervalms="2072.283" />
<gc-start id="4266" type="scavenge" contextid="4265" timestamp="2020-09-12T18:53:16.163">
  <mem-info id="4267" free="729288776" total="2911895552" percent="25">
    <mem type="nursery" free="0" total="939524096" percent="0">
      <mem type="allocate" free="0" total="794165248" percent="0" />
      <mem type="survivor" free="0" total="145358848" percent="0" />
    </mem>
    <mem type="tenure" free="729288776" total="1972371456" percent="36">
      <mem type="soa" free="630669384" total="1873752064" percent="33" />
      <mem type="loa" free="98619392" total="98619392" percent="100" />
    </mem>
    <remembered-set count="192755" />
  </mem-info>
</gc-start>
<allocation-stats totalBytes="677557824" >
  <allocated-bytes non-tlh="31864264" tlh="645693560" />
  <largest-consumer threadName="Group1.Backend.CompositeBackend{Tier1}.7" threadId="00000000008AAD00" bytes="108290624" />
</allocation-stats>
<gc-op id="4268" type="scavenge" timems="139.870" contextid="4265" timestamp="2020-09-12T18:53:16.303">
  <scavenger-info tenureage="3" tenuremask="7ff8" tiltratio="84" />
  <memory-copied type="nursery" objects="4492571" bytes="118999872" bytesdiscarded="144064" />
  <memory-copied type="tenure" objects="1127047" bytes="30332328" bytesdiscarded="69504" />
  <ownableSynchronizers candidates="3612" cleared="3293" />
  <references type="soft" candidates="274" cleared="0" enqueued="0" dynamicThreshold="18" maxThreshold="32" />
  <references type="weak" candidates="102" cleared="102" enqueued="0" />
</gc-op>
<gc-end id="4269" type="scavenge" contextid="4265" durationms="141.327" usertimems="995.830" systemtimems="11.786" timestamp="2020-09-12T18:53:16.304" activeThreads="8">
  <mem-info id="4270" free="1375628424" total="2911895552" percent="47">
    <mem type="nursery" free="676702744" total="939524096" percent="72">
      <mem type="allocate" free="676702744" total="795934720" percent="85" />
      <mem type="survivor" free="0" total="143589376" percent="0" />
    </mem>
    <mem type="tenure" free="698925680" total="1972371456" percent="35" macro-fragmented="3145752">
      <mem type="soa" free="600306288" total="1873752064" percent="32" />
      <mem type="loa" free="98619392" total="98619392" percent="100" />
    </mem>
    <remembered-set count="32727" />
  </mem-info>
</gc-end>
<cycle-end id="4271" type="scavenge" contextid="4265" timestamp="2020-09-12T18:53:16.306" />
<allocation-satisfied id="4272" threadId="0000000000873800" bytesRequested="32" />
<af-end id="4273" timestamp="2020-09-12T18:53:16.306" threadId="0000000000874180" success="true" from="nursery"/>
<exclusive-end id="4274" timestamp="2020-09-12T18:53:16.306" durationms="144.952" />

<exclusive-start id="4275" timestamp="2020-09-12T18:53:18.224" intervalms="2062.568">
  <response-info timems="1.770" idlems="1.770" threads="0" lastid="000000000082C800" lastname="Group1.Backend.CompositeBackend{Tier1}.4" />
</exclusive-start>
<af-start id="4276" threadId="000000000082D180" totalBytesRequested="664" timestamp="2020-09-12T18:53:18.225" intervalms="2062.621" type="nursery" />
<cycle-start id="4277" type="scavenge" contextid="0" timestamp="2020-09-12T18:53:18.225" intervalms="2062.692" />
<gc-start id="4278" type="scavenge" contextid="4277" timestamp="2020-09-12T18:53:18.225">
  <mem-info id="4279" free="698925680" total="2911895552" percent="24">
    <mem type="nursery" free="0" total="939524096" percent="0">
      <mem type="allocate" free="0" total="795934720" percent="0" />
      <mem type="survivor" free="0" total="143589376" percent="0" />
    </mem>
    <mem type="tenure" free="698925680" total="1972371456" percent="35">
      <mem type="soa" free="600306288" total="1873752064" percent="32" />
      <mem type="loa" free="98619392" total="98619392" percent="100" />
    </mem>
    <remembered-set count="194719" />
  </mem-info>
</gc-start>
<allocation-stats totalBytes="676358400" >
  <allocated-bytes non-tlh="31925416" tlh="644432984" />
  <largest-consumer threadName="Group1.Backend.CompositeBackend{Tier1}.7" threadId="00000000008AAD00" bytes="111609512" />
</allocation-stats>
<gc-op id="4280" type="scavenge" timems="99.507" contextid="4277" timestamp="2020-09-12T18:53:18.325">
  <scavenger-info tenureage="3" tenuremask="7ff8" tiltratio="84" />
  <memory-copied type="nursery" objects="3960183" bytes="106300800" bytesdiscarded="642832" />
  <memory-copied type="tenure" objects="1103564" bytes="30150280" bytesdiscarded="63768" />
  <ownableSynchronizers candidates="3812" cleared="3495" />
  <references type="soft" candidates="286" cleared="0" enqueued="0" dynamicThreshold="18" maxThreshold="32" />
  <references type="weak" candidates="136" cleared="136" enqueued="0" />
</gc-op>
<gc-end id="4281" type="scavenge" contextid="4277" durationms="100.666" usertimems="746.105" systemtimems="3.338" timestamp="2020-09-12T18:53:18.326" activeThreads="8">
  <mem-info id="4282" free="1359398208" total="2911895552" percent="46">
    <mem type="nursery" free="690944768" total="939524096" percent="73">
      <mem type="allocate" free="690944768" total="797966336" percent="86" />
      <mem type="survivor" free="0" total="141557760" percent="0" />
    </mem>
    <mem type="tenure" free="668453440" total="1972371456" percent="33" macro-fragmented="2160235">
      <mem type="soa" free="569834048" total="1873752064" percent="30" />
      <mem type="loa" free="98619392" total="98619392" percent="100" />
    </mem>
    <remembered-set count="31872" />
  </mem-info>
</gc-end>
<cycle-end id="4283" type="scavenge" contextid="4277" timestamp="2020-09-12T18:53:18.328" />
<allocation-satisfied id="4284" threadId="000000000082C800" bytesRequested="664" />
<af-end id="4285" timestamp="2020-09-12T18:53:18.328" threadId="000000000082D180" success="true" from="nursery"/>
<exclusive-end id="4286" timestamp="2020-09-12T18:53:18.328" durationms="103.569" />

<exclusive-start id="4287" timestamp="2020-09-12T18:53:20.236" intervalms="2012.319">
  <response-info timems="4.045" idlems="4.045" threads="0" lastid="00000000008A0000" lastname="Group1.Backend.CompositeBackend{Tier1}.6" />
</exclusive-start>
<af-start id="4288" threadId="00000000008A0980" totalBytesRequested="24" timestamp="2020-09-12T18:53:20.237" intervalms="2012.165" type="nursery" />
<cycle-start id="4289" type="scavenge" contextid="0" timestamp="2020-09-12T18:53:20.237" intervalms="2012.091" />
<gc-start id="4290" type="scavenge" contextid="4289" timestamp="2020-09-12T18:53:20.237">
  <mem-info id="4291" free="668453440" total="2911895552" percent="22">
    <mem type="nursery" free="0" total="939524096" percent="0">
      <mem type="allocate" free="0" total="797966336" percent="0" />
      <mem type="survivor" free="0" total="141557760" percent="0" />
    </mem>
    <mem type="tenure" free="668453440" total="1972371456" percent="33">
      <mem type="soa" free="569834048" total="1873752064" percent="30" />
      <mem type="loa" free="98619392" total="98619392" percent="100" />
    </mem>
    <remembered-set count="191278" />
  </mem-info>
</gc-start>
<allocation-stats totalBytes="690612808" >
  <allocated-bytes non-tlh="38774424" tlh="651838384" />
  <largest-consumer threadName="Group1.Backend.CompositeBackend{Tier1}.1" threadId="0000000000781D00" bytes="95941056" />
</allocation-stats>
<gc-op id="4292" type="scavenge" timems="99.878" contextid="4289" timestamp="2020-09-12T18:53:20.337">
  <scavenger-info tenureage="3" tenuremask="7ff8" tiltratio="84" />
  <memory-copied type="nursery" objects="3971008" bytes="106599272" bytesdiscarded="241160" />
  <memory-copied type="tenure" objects="1069579" bytes="28722624" bytesdiscarded="88608" />
  <ownableSynchronizers candidates="3268" cleared="2960" />
  <references type="soft" candidates="260" cleared="0" enqueued="0" dynamicThreshold="18" maxThreshold="32" />
  <references type="weak" candidates="113" cleared="113" enqueued="0" />
</gc-op>
<gc-end id="4293" type="scavenge" contextid="4289" durationms="100.756" usertimems="728.874" systemtimems="2.471" timestamp="2020-09-12T18:53:20.338" activeThreads="8">
  <mem-info id="4294" free="1335237944" total="2911895552" percent="45">
    <mem type="nursery" free="695440896" total="939524096" percent="74">
      <mem type="allocate" free="695440896" total="802357248" percent="86" />
      <mem type="survivor" free="0" total="137166848" percent="0" />
    </mem>
    <mem type="tenure" free="639797048" total="1972371456" percent="32" macro-fragmented="868149">
      <mem type="soa" free="541177656" total="1873752064" percent="28" />
      <mem type="loa" free="98619392" total="98619392" percent="100" />
    </mem>
    <remembered-set count="30159" />
  </mem-info>
</gc-end>
<cycle-end id="4295" type="scavenge" contextid="4289" timestamp="2020-09-12T18:53:20.340" />
<allocation-satisfied id="4296" threadId="00000000008A0000" bytesRequested="24" />
<af-end id="4297" timestamp="2020-09-12T18:53:20.340" threadId="00000000008A0980" success="true" from="nursery"/>
<exclusive-end id="4298" timestamp="2020-09-12T18:53:20.340" durationms="103.433" />

<exclusive-start id="4299" timestamp="2020-09-12T18:53:22.382" intervalms="2145.489">
  <response-info timems="0.394" idlems="0.394" threads="0" lastid="0000000000781D00" lastname="Group1.Backend.CompositeBackend{Tier1}.1" />
</exclusive-start>
<af-start id="4300" threadId="0000000000782680" totalBytesRequested="16" timestamp="2020-09-12T18:53:22.383" intervalms="2145.446" type="nursery" />
<cycle-start id="4301" type="scavenge" contextid="0" timestamp="2020-09-12T18:53:22.383" intervalms="2145.445" />
<gc-start id="4302" type="scavenge" contextid="4301" timestamp="2020-09-12T18:53:22.383">
  <mem-info id="4303" free="639797048" total="2911895552" percent="21">
    <mem type="nursery" free="0" total="939524096" percent="0">
      <mem type="allocate" free="0" total="802357248" percent="0" />
      <mem type="survivor" free="0" total="137166848" percent="0" />
    </mem>
    <mem type="tenure" free="639797048" total="1972371456" percent="32">
      <mem type="soa" free="541177656" total="1873752064" percent="28" />
      <mem type="loa" free="98619392" total="98619392" percent="100" />
    </mem>
    <remembered-set count="194634" />
  </mem-info>
</gc-start>
<allocation-stats totalBytes="695098712" >
  <allocated-bytes non-tlh="30074144" tlh="665024568" />
  <largest-consumer threadName="Group1.Backend.CompositeBackend{Tier1}.2" threadId="00000000007F7500" bytes="93170664" />
</allocation-stats>
<gc-op id="4304" type="scavenge" timems="100.921" contextid="4301" timestamp="2020-09-12T18:53:22.484">
  <scavenger-info tenureage="3" tenuremask="7ff8" tiltratio="85" />
  <memory-copied type="nursery" objects="4017773" bytes="107842200" bytesdiscarded="638032" />
  <memory-copied type="tenure" objects="1097813" bytes="29498720" bytesdiscarded="80344" />
  <ownableSynchronizers candidates="4404" cleared="4099" />
  <references type="soft" candidates="257" cleared="0" enqueued="0" dynamicThreshold="18" maxThreshold="32" />
  <references type="weak" candidates="117" cleared="117" enqueued="0" />
</gc-op>
<gc-end id="4305" type="scavenge" contextid="4301" durationms="101.927" usertimems="708.274" systemtimems="12.124" timestamp="2020-09-12T18:53:22.485" activeThreads="8">
  <mem-info id="4306" free="1307077080" total="2911895552" percent="44">
    <mem type="nursery" free="696741120" total="939524096" percent="74">
      <mem type="allocate" free="696741120" total="805306368" percent="86" />
      <mem type="survivor" free="0" total="134217728" percent="0" />
    </mem>
    <mem type="tenure" free="610335960" total="1972371456" percent="30" macro-fragmented="2621480">
      <mem type="soa" free="511716568" total="1873752064" percent="27" />
      <mem type="loa" free="98619392" total="98619392" percent="100" />
    </mem>
    <remembered-set count="29577" />
  </mem-info>
</gc-end>
<cycle-end id="4307" type="scavenge" contextid="4301" timestamp="2020-09-12T18:53:22.486" />
<allocation-satisfied id="4308" threadId="0000000000781D00" bytesRequested="16" />
<af-end id="4309" timestamp="2020-09-12T18:53:22.486" threadId="0000000000782680" success="true" from="nursery"/>
<exclusive-end id="4310" timestamp="2020-09-12T18:53:22.487" durationms="104.681" />

<exclusive-start id="4311" timestamp="2020-09-12T18:53:24.549" intervalms="2167.593">
  <response-info timems="0.398" idlems="0.398" threads="0" lastid="0000000000781D00" lastname="Group1.Backend.CompositeBackend{Tier1}.1" />
</exclusive-start>
<af-start id="4312" threadId="0000000000782680" totalBytesRequested="88" timestamp="2020-09-12T18:53:24.550" intervalms="2167.594" type="nursery" />
<cycle-start id="4313" type="scavenge" contextid="0" timestamp="2020-09-12T18:53:24.550" intervalms="2167.585" />
<gc-start id="4314" type="scavenge" contextid="4313" timestamp="2020-09-12T18:53:24.550">
  <mem-info id="4315" free="610335960" total="2911895552" percent="20">
    <mem type="nursery" free="0" total="939524096" percent="0">
      <mem type="allocate" free="0" total="805306368" percent="0" />
      <mem type="survivor" free="0" total="134217728" percent="0" />
    </mem>
    <mem type="tenure" free="610335960" total="1972371456" percent="30">
      <mem type="soa" free="511716568" total="1873752064" percent="27" />
      <mem type="loa" free="98619392" total="98619392" percent="100" />
    </mem>
    <remembered-set count="195211" />
  </mem-info>
</gc-start>
<allocation-stats totalBytes="696397544" >
  <allocated-bytes non-tlh="30920272" tlh="665477272" />
  <largest-consumer threadName="Group1.Backend.CompositeBackend{Tier1}.2" threadId="00000000007F7500" bytes="112267744" />
</allocation-stats>
<gc-op id="4316" type="scavenge" timems="114.020" contextid="4313" timestamp="2020-09-12T18:53:24.665">
  <scavenger-info tenureage="3" tenuremask="7ff8" tiltratio="85" />
  <memory-copied type="nursery" objects="4106263" bytes="110179576" bytesdiscarded="178280" />
  <memory-copied type="tenure" objects="1055930" bytes="28368600" bytesdiscarded="83448" />
  <ownableSynchronizers candidates="3367" cleared="3072" />
  <references type="soft" candidates="226" cleared="0" enqueued="0" dynamicThreshold="18" maxThreshold="32" />
  <references type="weak" candidates="107" cleared="107" enqueued="0" />
</gc-op>
<gc-end id="4317" type="scavenge" contextid="4313" durationms="115.018" usertimems="836.062" systemtimems="15.207" timestamp="2020-09-12T18:53:24.665" activeThreads="8">
  <mem-info id="4318" free="1278244192" total="2911895552" percent="43">
    <mem type="nursery" free="696498328" total="939524096" percent="74">
      <mem type="allocate" free="696498328" total="806944768" percent="86" />
      <mem type="survivor" free="0" total="132579328" percent="0" />
    </mem>
    <mem type="tenure" free="581745864" total="1972371456" percent="29" macro-fragmented="0">
      <mem type="soa" free="483126472" total="1873752064" percent="25" />
      <mem type="loa" free="98619392" total="98619392" percent="100" />
    </mem>
    <remembered-set count="29810" />
  </mem-info>
</gc-end>
<cycle-end id="4319" type="scavenge" contextid="4313" timestamp="2020-09-12T18:53:24.667" />
<allocation-satisfied id="4320" threadId="0000000000781D00" bytesRequested="88" />
<af-end id="4321" timestamp="2020-09-12T18:53:24.667" threadId="0000000000782680" success="true" from="nursery"/>
<exclusive-end id="4322" timestamp="2020-09-12T18:53:24.667" durationms="117.468" />

<exclusive-start id="4323" timestamp="2020-09-12T18:53:26.701" intervalms="2151.911">
  <response-info timems="4.399" idlems="4.399" threads="0" lastid="00000000008A0000" lastname="Group1.Backend.CompositeBackend{Tier1}.6" />
</exclusive-start>
<af-start id="4324" threadId="00000000008A0980" totalBytesRequested="40" timestamp="2020-09-12T18:53:26.702" intervalms="2151.932" type="nursery" />
<cycle-start id="4325" type="scavenge" contextid="0" timestamp="2020-09-12T18:53:26.702" intervalms="2151.944" />
<gc-start id="4326" type="scavenge" contextid="4325" timestamp="2020-09-12T18:53:26.702">
  <mem-info id="4327" free="581745864" total="2911895552" percent="19">
    <mem type="nursery" free="0" total="939524096" percent="0">
      <mem type="allocate" free="0" total="806944768" percent="0" />
      <mem type="survivor" free="0" total="132579328" percent="0" />
    </mem>
    <mem type="tenure" free="581745864" total="1972371456" percent="29">
      <mem type="soa" free="483126472" total="1873752064" percent="25" />
      <mem type="loa" free="98619392" total="98619392" percent="100" />
    </mem>
    <remembered-set count="196864" />
  </mem-info>
</gc-start>
<allocation-stats totalBytes="696164888" >
  <allocated-bytes non-tlh="29390672" tlh="666774216" />
  <largest-consumer threadName="Group1.Backend.CompositeBackend{Tier1}.3" threadId="0000000000847B00" bytes="102497472" />
</allocation-stats>
<gc-op id="4328" type="scavenge" timems="99.266" contextid="4325" timestamp="2020-09-12T18:53:26.802">
  <scavenger-info tenureage="3" tenuremask="7ff8" tiltratio="85" />
  <memory-copied type="nursery" objects="4210519" bytes="112951104" bytesdiscarded="180056" />
  <memory-copied type="tenure" objects="1040178" bytes="27958448" bytesdiscarded="71768" />
  <finalization candidates="1" enqueued="0" />
  <ownableSynchronizers candidates="3800" cleared="3510" />
  <references type="soft" candidates="217" cleared="0" enqueued="0" dynamicThreshold="18" maxThreshold="32" />
  <references type="weak" candidates="105" cleared="104" enqueued="0" />
</gc-op>
<gc-end id="4329" type="scavenge" contextid="4325" durationms="100.407" usertimems="707.806" systemtimems="2.701" timestamp="2020-09-12T18:53:26.803" activeThreads="8">
  <mem-info id="4330" free="1248044592" total="2911895552" percent="42">
    <mem type="nursery" free="694319104" total="939524096" percent="73">
      <mem type="allocate" free="694319104" total="807534592" percent="85" />
      <mem type="survivor" free="0" total="131989504" percent="0" />
    </mem>
    <mem type="tenure" free="553725488" total="1972371456" percent="28" macro-fragmented="3732887">
      <mem type="soa" free="455106096" total="1873752064" percent="24" />
      <mem type="loa" free="98619392" total="98619392" percent="100" />
    </mem>
    <remembered-set count="30462" />
  </mem-info>
</gc-end>
<cycle-end id="4331" type="scavenge" contextid="4325" timestamp="2020-09-12T18:53:26.804" />
<allocation-satisfied id="4332" threadId="00000000008A0000" bytesRequested="40" />
<af-end id="4333" timestamp="2020-09-12T18:53:26.804" threadId="00000000008A0980" success="true" from="nursery"/>
<exclusive-end id="4334" timestamp="2020-09-12T18:53:26.804" durationms="102.753" />

<exclusive-start id="4335" timestamp="2020-09-12T18:53:28.822" intervalms="2120.978">
  <response-info timems="0.432" idlems="0.432" threads="0" lastid="00000000008A0000" lastname="Group1.Backend.CompositeBackend{Tier1}.6" />
</exclusive-start>
<af-start id="4336" threadId="00000000008A0980" totalBytesRequested="48" timestamp="2020-09-12T18:53:28.823" intervalms="2120.964" type="nursery" />
<cycle-start id="4337" type="scavenge" contextid="0" timestamp="2020-09-12T18:53:28.823" intervalms="2120.975" />
<gc-start id="4338" type="scavenge" contextid="4337" timestamp="2020-09-12T18:53:28.823">
  <mem-info id="4339" free="553725488" total="2911895552" percent="19">
    <mem type="nursery" free="0" total="939524096" percent="0">
      <mem type="allocate" free="0" total="807534592" percent="0" />
      <mem type="survivor" free="0" total="131989504" percent="0" />
    </mem>
    <mem type="tenure" free="553725488" total="1972371456" percent="28">
      <mem type="soa" free="455106096" total="1873752064" percent="24" />
      <mem type="loa" free="98619392" total="98619392" percent="100" />
    </mem>
    <remembered-set count="194421" />
  </mem-info>
</gc-start>
<allocation-stats totalBytes="693994584" >
  <allocated-bytes non-tlh="34811104" tlh="659183480" />
  <largest-consumer threadName="Group1.Backend.CompositeBackend{Tier1}.6" threadId="00000000008A0000" bytes="94930288" />
</allocation-stats>
<gc-op id="4340" type="scavenge" timems="99.138" contextid="4337" timestamp="2020-09-12T18:53:28.923">
  <scavenger-info tenureage="3" tenuremask="7ff8" tiltratio="85" />
  <memory-copied type="nursery" objects="4187317" bytes="112263680" bytesdiscarded="213304" />
  <memory-copied type="tenure" objects="1111238" bytes="29876080" bytesdiscarded="87616" />
  <finalization candidates="1" enqueued="0" />
  <ownableSynchronizers candidates="3188" cleared="2894" />
  <references type="soft" candidates="231" cleared="0" enqueued="0" dynamicThreshold="18" maxThreshold="32" />
  <references type="weak" candidates="104" cleared="104" enqueued="0" />
</gc-op>
<gc-end id="4341" type="scavenge" contextid="4337" durationms="99.936" usertimems="713.195" systemtimems="7.296" timestamp="2020-09-12T18:53:28.923" activeThreads="8">
  <mem-info id="4342" free="1219951184" total="2911895552" percent="41">
    <mem type="nursery" free="696090624" total="939524096" percent="74">
      <mem type="allocate" free="696090624" total="808648704" percent="86" />
      <mem type="survivor" free="0" total="130875392" percent="0" />
    </mem>
    <mem type="tenure" free="523860560" total="1972371456" percent="26" macro-fragmented="0">
      <mem type="soa" free="425241168" total="1873752064" percent="22" />
      <mem type="loa" free="98619392" total="98619392" percent="100" />
    </mem>
    <remembered-set count="32224" />
  </mem-info>
</gc-end>
<cycle-end id="4343" type="scavenge" contextid="4337" timestamp="2020-09-12T18:53:28.925" />
<allocation-satisfied id="4344" threadId="00000000008A0000" bytesRequested="48" />
<af-end id="4345" timestamp="2020-09-12T18:53:28.925" threadId="00000000008A0980" success="true" from="nursery"/>
<exclusive-end id="4346" timestamp="2020-09-12T18:53:28.925" durationms="102.883" />

<exclusive-start id="4347" timestamp="2020-09-12T18:53:30.919" intervalms="2097.111">
  <response-info timems="12.695" idlems="12.695" threads="0" lastid="00000000008A0000" lastname="Group1.Backend.CompositeBackend{Tier1}.6" />
</exclusive-start>
<af-start id="4348" threadId="00000000008A0980" totalBytesRequested="208" timestamp="2020-09-12T18:53:30.920" intervalms="2097.128" type="nursery" />
<cycle-start id="4349" type="scavenge" contextid="0" timestamp="2020-09-12T18:53:30.920" intervalms="2097.162" />
<gc-start id="4350" type="scavenge" contextid="4349" timestamp="2020-09-12T18:53:30.921">
  <mem-info id="4351" free="523860560" total="2911895552" percent="17">
    <mem type="nursery" free="0" total="939524096" percent="0">
      <mem type="allocate" free="0" total="808648704" percent="0" />
      <mem type="survivor" free="0" total="130875392" percent="0" />
    </mem>
    <mem type="tenure" free="523860560" total="1972371456" percent="26">
      <mem type="soa" free="425241168" total="1873752064" percent="22" />
      <mem type="loa" free="98619392" total="98619392" percent="100" />
    </mem>
    <remembered-set count="196925" />
  </mem-info>
</gc-start>
<allocation-stats totalBytes="695756568" >
  <allocated-bytes non-tlh="33869264" tlh="661887304" />
  <largest-consumer threadName="Group1.Backend.CompositeBackend{Tier1}.4" threadId="000000000082C800" bytes="87315328" />
</allocation-stats>
<gc-op id="4352" type="scavenge" timems="117.092" contextid="4349" timestamp="2020-09-12T18:53:31.038">
  <scavenger-info tenureage="3" tenuremask="7ff8" tiltratio="86" />
  <memory-copied type="nursery" objects="4326659" bytes="115657648" bytesdiscarded="284824" />
  <memory-copied type="tenure" objects="1114176" bytes="29950336" bytesdiscarded="90368" />
  <finalization candidates="1" enqueued="0" />
  <ownableSynchronizers candidates="3860" cleared="3567" />
  <references type="soft" candidates="269" cleared="0" enqueued="0" dynamicThreshold="18" maxThreshold="32" />
  <references type="weak" candidates="122" cleared="122" enqueued="0" />
</gc-op>
<gc-end id="4353" type="scavenge" contextid="4349" durationms="118.086" usertimems="894.440" systemtimems="2.079" timestamp="2020-09-12T18:53:31.039" activeThreads="8">
  <mem-info id="4354" free="1184450848" total="2911895552" percent="40">
    <mem type="nursery" free="690586784" total="939524096" percent="73">
      <mem type="allocate" free="690586784" total="806617088" percent="85" />
      <mem type="survivor" free="0" total="132907008" percent="0" />
    </mem>
    <mem type="tenure" free="493864064" total="1972371456" percent="25" macro-fragmented="0">
      <mem type="soa" free="395244672" total="1873752064" percent="21" />
      <mem type="loa" free="98619392" total="98619392" percent="100" />
    </mem>
    <remembered-set count="33574" />
  </mem-info>
</gc-end>
<cycle-end id="4355" type="scavenge" contextid="4349" timestamp="2020-09-12T18:53:31.041" />
<allocation-satisfied id="4356" threadId="00000000008A0000" bytesRequested="208" />
<af-end id="4357" timestamp="2020-09-12T18:53:31.041" threadId="00000000008A0980" success="true" from="nursery"/>
<exclusive-end id="4358" timestamp="2020-09-12T18:53:31.041" durationms="121.489" />

<exclusive-start id="4359" timestamp="2020-09-12T18:53:32.993" intervalms="2073.491">
  <response-info timems="0.589" idlems="0.589" threads="0" lastid="00000000008AF400" lastname="Group1.Backend.CompositeBackend{Tier1}.8" />
</exclusive-start>
<af-start id="4360" threadId="00000000008AFD80" totalBytesRequested="32" timestamp="2020-09-12T18:53:32.994" intervalms="2073.532" type="nursery" />
<cycle-start id="4361" type="scavenge" contextid="0" timestamp="2020-09-12T18:53:32.994" intervalms="2073.515" />
<gc-start id="4362" type="scavenge" contextid="4361" timestamp="2020-09-12T18:53:32.994">
  <mem-info id="4363" free="493864064" total="2911895552" percent="16">
    <mem type="nursery" free="0" total="939524096" percent="0">
      <mem type="allocate" free="0" total="806617088" percent="0" />
      <mem type="survivor" free="0" total="132907008" percent="0" />
    </mem>
    <mem type="tenure" free="493864064" total="1972371456" percent="25">
      <mem type="soa" free="395244672" total="1873752064" percent="21" />
      <mem type="loa" free="98619392" total="98619392" percent="100" />
    </mem>
    <remembered-set count="197048" />
  </mem-info>
</gc-start>
<allocation-stats totalBytes="690262016" >
  <allocated-bytes non-tlh="32359240" tlh="657902776" />
  <largest-consumer threadName="Group1.Backend.CompositeBackend{Tier1}.2" threadId="00000000007F7500" bytes="110819912" />
</allocation-stats>
<gc-op id="4364" type="scavenge" timems="114.173" contextid="4361" timestamp="2020-09-12T18:53:33.108">
  <scavenger-info tenureage="3" tenuremask="7ff8" tiltratio="85" />
  <memory-copied type="nursery" objects="4156391" bytes="111470808" bytesdiscarded="244968" />
  <memory-copied type="tenure" objects="1122130" bytes="30166064" bytesdiscarded="109088" />
  <finalization candidates="1" enqueued="0" />
  <ownableSynchronizers candidates="3451" cleared="3157" />
  <references type="soft" candidates="266" cleared="0" enqueued="0" dynamicThreshold="18" maxThreshold="32" />
  <references type="weak" candidates="101" cleared="98" enqueued="0" />
</gc-op>
<gc-end id="4365" type="scavenge" contextid="4361" durationms="115.206" usertimems="842.358" systemtimems="8.731" timestamp="2020-09-12T18:53:33.109" activeThreads="8">
  <mem-info id="4366" free="1159138032" total="2911895552" percent="39">
    <mem type="nursery" free="695536320" total="939524096" percent="74">
      <mem type="allocate" free="695536320" total="807337984" percent="86" />
      <mem type="survivor" free="0" total="132186112" percent="0" />
    </mem>
    <mem type="tenure" free="463601712" total="1972371456" percent="23" macro-fragmented="0">
      <mem type="soa" free="364982320" total="1873752064" percent="19" />
      <mem type="loa" free="98619392" total="98619392" percent="100" />
    </mem>
    <remembered-set count="33285" />
  </mem-info>
</gc-end>
<cycle-end id="4367" type="scavenge" contextid="4361" timestamp="2020-09-12T18:53:33.111" />
<allocation-satisfied id="4368" threadId="00000000008AF400" bytesRequested="32" />
<af-end id="4369" timestamp="2020-09-12T18:53:33.111" threadId="00000000008AFD80" success="true" from="nursery"/>
<exclusive-end id="4370" timestamp="2020-09-12T18:53:33.111" durationms="118.237" />

<exclusive-start id="4371" timestamp="2020-09-12T18:53:35.091" intervalms="2098.403">
  <response-info timems="6.232" idlems="6.232" threads="0" lastid="000000000082C800" lastname="Group1.Backend.CompositeBackend{Tier1}.4" />
</exclusive-start>
<af-start id="4372" threadId="000000000082D180" totalBytesRequested="40" timestamp="2020-09-12T18:53:35.092" intervalms="2098.333" type="nursery" />
<cycle-start id="4373" type="scavenge" contextid="0" timestamp="2020-09-12T18:53:35.092" intervalms="2098.300" />
<gc-start id="4374" type="scavenge" contextid="4373" timestamp="2020-09-12T18:53:35.092">
  <mem-info id="4375" free="463601712" total="2911895552" percent="15">
    <mem type="nursery" free="0" total="939524096" percent="0">
      <mem type="allocate" free="0" total="807337984" percent="0" />
      <mem type="survivor" free="0" total="132186112" percent="0" />
    </mem>
    <mem type="tenure" free="463601712" total="1972371456" percent="23">
      <mem type="soa" free="364982320" total="1873752064" percent="19" />
      <mem type="loa" free="98619392" total="98619392" percent="100" />
    </mem>
    <remembered-set count="194744" />
  </mem-info>
</gc-start>
<allocation-stats totalBytes="695199008" >
  <allocated-bytes non-tlh="33904160" tlh="661294848" />
  <largest-consumer threadName="Group1.Backend.CompositeBackend{Tier1}.5" threadId="0000000000873800" bytes="107225480" />
</allocation-stats>
<gc-op id="4376" type="scavenge" timems="116.786" contextid="4373" timestamp="2020-09-12T18:53:35.209">
  <scavenger-info tenureage="3" tenuremask="7ff8" tiltratio="85" />
  <memory-copied type="nursery" objects="4145348" bytes="111203816" bytesdiscarded="183112" />
  <memory-copied type="tenure" objects="1092833" bytes="29337016" bytesdiscarded="104360" />
  <ownableSynchronizers candidates="3790" cleared="3494" />
  <references type="soft" candidates="258" cleared="0" enqueued="0" dynamicThreshold="18" maxThreshold="32" />
  <references type="weak" candidates="127" cleared="127" enqueued="0" />
</gc-op>
<gc-end id="4377" type="scavenge" contextid="4373" durationms="117.890" usertimems="817.701" systemtimems="5.548" timestamp="2020-09-12T18:53:35.210" activeThreads="8">
  <mem-info id="4378" free="1131379120" total="2911895552" percent="38">
    <mem type="nursery" free="697306720" total="939524096" percent="74">
      <mem type="allocate" free="697306720" total="808779776" percent="86" />
      <mem type="survivor" free="0" total="130744320" percent="0" />
    </mem>
    <mem type="tenure" free="434072400" total="1972371456" percent="22" macro-fragmented="0">
      <mem type="soa" free="335453008" total="1873752064" percent="17" />
      <mem type="loa" free="98619392" total="98619392" percent="100" />
    </mem>
    <remembered-set count="30557" />
  </mem-info>
</gc-end>
<cycle-end id="4379" type="scavenge" contextid="4373" timestamp="2020-09-12T18:53:35.212" />
<allocation-satisfied id="4380" threadId="000000000082C800" bytesRequested="40" />
<af-end id="4381" timestamp="2020-09-12T18:53:35.212" threadId="000000000082D180" success="true" from="nursery"/>
<exclusive-end id="4382" timestamp="2020-09-12T18:53:35.212" durationms="120.691" />

<exclusive-start id="4383" timestamp="2020-09-12T18:53:37.217" intervalms="2125.971">
  <response-info timems="0.443" idlems="0.257" threads="2" lastid="000000000082C800" lastname="Group1.Backend.CompositeBackend{Tier1}.4" />
</exclusive-start>
<af-start id="4384" threadId="00000000007F7E80" totalBytesRequested="184" timestamp="2020-09-12T18:53:37.218" intervalms="2125.962" type="nursery" />
<cycle-start id="4385" type="scavenge" contextid="0" timestamp="2020-09-12T18:53:37.218" intervalms="2125.971" />
<gc-start id="4386" type="scavenge" contextid="4385" timestamp="2020-09-12T18:53:37.218">
  <mem-info id="4387" free="434072400" total="2911895552" percent="14">
    <mem type="nursery" free="0" total="939524096" percent="0">
      <mem type="allocate" free="0" total="808779776" percent="0" />
      <mem type="survivor" free="0" total="130744320" percent="0" />
    </mem>
    <mem type="tenure" free="434072400" total="1972371456" percent="22">
      <mem type="soa" free="335453008" total="1873752064" percent="17" />
      <mem type="loa" free="98619392" total="98619392" percent="100" />
    </mem>
    <remembered-set count="194066" />
  </mem-info>
</gc-start>
<allocation-stats totalBytes="696981176" >
  <allocated-bytes non-tlh="34703960" tlh="662277216" />
  <largest-consumer threadName="Group1.Backend.CompositeBackend{Tier1}.8" threadId="00000000008AF400" bytes="92559168" />
</allocation-stats>
<gc-op id="4388" type="scavenge" timems="113.256" contextid="4385" timestamp="2020-09-12T18:53:37.332">
  <scavenger-info tenureage="3" tenuremask="7ff8" tiltratio="86" />
  <memory-copied type="nursery" objects="4155842" bytes="111652208" bytesdiscarded="158632" />
  <memory-copied type="tenure" objects="1104652" bytes="29799536" bytesdiscarded="96192" />
  <ownableSynchronizers candidates="3790" cleared="3493" />
  <references type="soft" candidates="233" cleared="0" enqueued="0" dynamicThreshold="18" maxThreshold="32" />
  <references type="weak" candidates="112" cleared="112" enqueued="0" />
</gc-op>
<gc-end id="4389" type="scavenge" contextid="4385" durationms="114.113" usertimems="837.824" systemtimems="0.284" timestamp="2020-09-12T18:53:37.332" activeThreads="8">
  <mem-info id="4390" free="1102262520" total="2911895552" percent="37">
    <mem type="nursery" free="697937344" total="939524096" percent="74">
      <mem type="allocate" free="697937344" total="809828352" percent="86" />
      <mem type="survivor" free="0" total="129695744" percent="0" />
    </mem>
    <mem type="tenure" free="404325176" total="1972371456" percent="20" macro-fragmented="0">
      <mem type="soa" free="305705784" total="1873752064" percent="16" />
      <mem type="loa" free="98619392" total="98619392" percent="100" />
    </mem>
    <remembered-set count="29286" />
  </mem-info>
</gc-end>
<cycle-end id="4391" type="scavenge" contextid="4385" timestamp="2020-09-12T18:53:37.334" />
<allocation-satisfied id="4392" threadId="00000000007F7500" bytesRequested="184" />
<af-end id="4393" timestamp="2020-09-12T18:53:37.334" threadId="00000000007F7E80" success="true" from="nursery"/>
<exclusive-end id="4394" timestamp="2020-09-12T18:53:37.334" durationms="116.572" />

<exclusive-start id="4395" timestamp="2020-09-12T18:53:39.361" intervalms="2143.675">
  <response-info timems="5.874" idlems="5.874" threads="0" lastid="00000000007F7500" lastname="Group1.Backend.CompositeBackend{Tier1}.2" />
</exclusive-start>
<af-start id="4396" threadId="00000000007F7E80" totalBytesRequested="16" timestamp="2020-09-12T18:53:39.362" intervalms="2143.811" type="nursery" />
<cycle-start id="4397" type="scavenge" contextid="0" timestamp="2020-09-12T18:53:39.362" intervalms="2143.823" />
<gc-start id="4398" type="scavenge" contextid="4397" timestamp="2020-09-12T18:53:39.362">
  <mem-info id="4399" free="404325176" total="2911895552" percent="13">
    <mem type="nursery" free="0" total="939524096" percent="0">
      <mem type="allocate" free="0" total="809828352" percent="0" />
      <mem type="survivor" free="0" total="129695744" percent="0" />
    </mem>
    <mem type="tenure" free="404325176" total="1972371456" percent="20">
      <mem type="soa" free="305705784" total="1873752064" percent="16" />
      <mem type="loa" free="98619392" total="98619392" percent="100" />
    </mem>
    <remembered-set count="195295" />
  </mem-info>
</gc-start>
<allocation-stats totalBytes="697608320" >
  <allocated-bytes non-tlh="33451480" tlh="664156840" />
  <largest-consumer threadName="Group1.Backend.CompositeBackend{Tier1}.1" threadId="0000000000781D00" bytes="91891832" />
</allocation-stats>
<gc-op id="4400" type="scavenge" timems="114.080" contextid="4397" timestamp="2020-09-12T18:53:39.476">
  <scavenger-info tenureage="3" tenuremask="7ff8" tiltratio="86" />
  <memory-copied type="nursery" objects="4075919" bytes="109440784" bytesdiscarded="129024" />
  <memory-copied type="tenure" objects="1090546" bytes="29304816" bytesdiscarded="99256" />
  <ownableSynchronizers candidates="3858" cleared="3565" />
  <references type="soft" candidates="257" cleared="0" enqueued="0" dynamicThreshold="18" maxThreshold="32" />
  <references type="weak" candidates="113" cleared="113" enqueued="0" />
</gc-op>
<gc-end id="4401" type="scavenge" contextid="4397" durationms="115.113" usertimems="817.667" systemtimems="9.912" timestamp="2020-09-12T18:53:39.477" activeThreads="8">
  <mem-info id="4402" free="1076016880" total="2911895552" percent="36">
    <mem type="nursery" free="701091584" total="939524096" percent="74">
      <mem type="allocate" free="701091584" total="810745856" percent="86" />
      <mem type="survivor" free="0" total="128778240" percent="0" />
    </mem>
    <mem type="tenure" free="374925296" total="1972371456" percent="19" macro-fragmented="1800196">
      <mem type="soa" free="276305904" total="1873752064" percent="14" />
      <mem type="loa" free="98619392" total="98619392" percent="100" />
    </mem>
    <remembered-set count="30222" />
  </mem-info>
</gc-end>
<cycle-end id="4403" type="scavenge" contextid="4397" timestamp="2020-09-12T18:53:39.485" />
<allocation-satisfied id="4404" threadId="00000000007F7500" bytesRequested="16" />
<af-end id="4405" timestamp="2020-09-12T18:53:39.485" threadId="00000000007F7E80" success="true" from="nursery"/>
<exclusive-end id="4406" timestamp="2020-09-12T18:53:39.485" durationms="123.863" />

<exclusive-start id="4407" timestamp="2020-09-12T18:53:41.548" intervalms="2187.254">
  <response-info timems="0.542" idlems="0.294" threads="1" lastid="0000000000781D00" lastname="Group1.Backend.CompositeBackend{Tier1}.1" />
</exclusive-start>
<af-start id="4408" threadId="00000000008AB680" totalBytesRequested="520" timestamp="2020-09-12T18:53:41.549" intervalms="2187.170" type="nursery" />
<cycle-start id="4409" type="scavenge" contextid="0" timestamp="2020-09-12T18:53:41.549" intervalms="2187.185" />
<gc-start id="4410" type="scavenge" contextid="4409" timestamp="2020-09-12T18:53:41.549">
  <mem-info id="4411" free="374925296" total="2911895552" percent="12">
    <mem type="nursery" free="0" total="939524096" percent="0">
      <mem type="allocate" free="0" total="810745856" percent="0" />
      <mem type="survivor" free="0" total="128778240" percent="0" />
    </mem>
    <mem type="tenure" free="374925296" total="1972371456" percent="19">
      <mem type="soa" free="276305904" total="1873752064" percent="14" />
      <mem type="loa" free="98619392" total="98619392" percent="100" />
    </mem>
    <remembered-set count="197317" />
  </mem-info>
</gc-start>
<allocation-stats totalBytes="700739000" >
  <allocated-bytes non-tlh="28500824" tlh="672238176" />
  <largest-consumer threadName="Group1.Backend.CompositeBackend{Tier1}.5" threadId="0000000000873800" bytes="90535480" />
</allocation-stats>
<gc-op id="4412" type="scavenge" timems="102.214" contextid="4409" timestamp="2020-09-12T18:53:41.652">
  <scavenger-info tenureage="3" tenuremask="7ff8" tiltratio="86" />
  <memory-copied type="nursery" objects="4160724" bytes="111639216" bytesdiscarded="206544" />
  <memory-copied type="tenure" objects="1069094" bytes="28775640" bytesdiscarded="112944" />
  <ownableSynchronizers candidates="3873" cleared="3574" />
  <references type="soft" candidates="253" cleared="0" enqueued="0" dynamicThreshold="18" maxThreshold="32" />
  <references type="weak" candidates="127" cleared="127" enqueued="0" />
</gc-op>
<gc-end id="4413" type="scavenge" contextid="4409" durationms="103.042" usertimems="786.671" systemtimems="0.000" timestamp="2020-09-12T18:53:41.652" activeThreads="8">
  <mem-info id="4414" free="1045050640" total="2911895552" percent="35">
    <mem type="nursery" free="699072768" total="939524096" percent="74">
      <mem type="allocate" free="699072768" total="811008000" percent="86" />
      <mem type="survivor" free="0" total="128516096" percent="0" />
    </mem>
    <mem type="tenure" free="345977872" total="1972371456" percent="17" macro-fragmented="0">
      <mem type="soa" free="247358480" total="1873752064" percent="13" />
      <mem type="loa" free="98619392" total="98619392" percent="100" />
    </mem>
    <remembered-set count="33474" />
  </mem-info>
</gc-end>
<cycle-end id="4415" type="scavenge" contextid="4409" timestamp="2020-09-12T18:53:41.655" />
<allocation-satisfied id="4416" threadId="00000000008AAD00" bytesRequested="520" />
<af-end id="4417" timestamp="2020-09-12T18:53:41.655" threadId="00000000008AB680" success="true" from="nursery"/>
<exclusive-end id="4418" timestamp="2020-09-12T18:53:41.655" durationms="106.380" />

<exclusive-start id="4419" timestamp="2020-09-12T18:53:43.593" intervalms="2044.955">
  <response-info timems="0.224" idlems="0.224" threads="0" lastid="00000000008A0000" lastname="Group1.Backend.CompositeBackend{Tier1}.6" />
</exclusive-start>
<af-start id="4420" threadId="00000000008A0980" totalBytesRequested="10008" timestamp="2020-09-12T18:53:43.594" intervalms="2044.971" type="nursery" />
<cycle-start id="4421" type="scavenge" contextid="0" timestamp="2020-09-12T18:53:43.594" intervalms="2044.932" />
<gc-start id="4422" type="scavenge" contextid="4421" timestamp="2020-09-12T18:53:43.594">
  <mem-info id="4423" free="345977872" total="2911895552" percent="11">
    <mem type="nursery" free="0" total="939524096" percent="0">
      <mem type="allocate" free="0" total="811008000" percent="0" />
      <mem type="survivor" free="0" total="128516096" percent="0" />
    </mem>
    <mem type="tenure" free="345977872" total="1972371456" percent="17">
      <mem type="soa" free="247358480" total="1873752064" percent="13" />
      <mem type="loa" free="98619392" total="98619392" percent="100" />
    </mem>
    <remembered-set count="196229" />
  </mem-info>
</gc-start>
<allocation-stats totalBytes="698731448" >
  <allocated-bytes non-tlh="37102880" tlh="661628568" />
  <largest-consumer threadName="Group1.Backend.CompositeBackend{Tier1}.3" threadId="0000000000847B00" bytes="90541408" />
</allocation-stats>
<gc-op id="4424" type="scavenge" timems="103.813" contextid="4421" timestamp="2020-09-12T18:53:43.698">
  <scavenger-info tenureage="3" tenuremask="7ff8" tiltratio="86" />
  <memory-copied type="nursery" objects="4148559" bytes="111299344" bytesdiscarded="213488" />
  <memory-copied type="tenure" objects="1088484" bytes="29247216" bytesdiscarded="115376" />
  <ownableSynchronizers candidates="4194" cleared="3883" />
  <references type="soft" candidates="275" cleared="0" enqueued="0" dynamicThreshold="18" maxThreshold="32" />
  <references type="weak" candidates="122" cleared="122" enqueued="0" />
</gc-op>
<gc-end id="4425" type="scavenge" contextid="4421" durationms="104.739" usertimems="783.795" systemtimems="0.000" timestamp="2020-09-12T18:53:43.699" activeThreads="8">
  <mem-info id="4426" free="1016690312" total="2911895552" percent="34">
    <mem type="nursery" free="700063744" total="939524096" percent="74">
      <mem type="allocate" free="700063744" total="811663360" percent="86" />
      <mem type="survivor" free="0" total="127860736" percent="0" />
    </mem>
    <mem type="tenure" free="316626568" total="1972371456" percent="16" macro-fragmented="0">
      <mem type="soa" free="218007176" total="1873752064" percent="11" />
      <mem type="loa" free="98619392" total="98619392" percent="100" />
    </mem>
    <remembered-set count="33905" />
  </mem-info>
</gc-end>
<cycle-end id="4427" type="scavenge" contextid="4421" timestamp="2020-09-12T18:53:43.700" />
<allocation-satisfied id="4428" threadId="00000000008A0000" bytesRequested="10008" />
<af-end id="4429" timestamp="2020-09-12T18:53:43.701" threadId="00000000008A0980" success="true" from="nursery"/>
<exclusive-end id="4430" timestamp="2020-09-12T18:53:43.701" durationms="107.352" />

<exclusive-start id="4431" timestamp="2020-09-12T18:53:45.736" intervalms="2142.538">
  <response-info timems="0.225" idlems="0.225" threads="0" lastid="00000000008AF400" lastname="Group1.Backend.CompositeBackend{Tier1}.8" />
</exclusive-start>
<af-start id="4432" threadId="00000000008AFD80" totalBytesRequested="24" timestamp="2020-09-12T18:53:45.736" intervalms="2142.464" type="nursery" />
<cycle-start id="4433" type="scavenge" contextid="0" timestamp="2020-09-12T18:53:45.736" intervalms="2142.461" />
<gc-start id="4434" type="scavenge" contextid="4433" timestamp="2020-09-12T18:53:45.737">
  <mem-info id="4435" free="316626568" total="2911895552" percent="10">
    <mem type="nursery" free="0" total="939524096" percent="0">
      <mem type="allocate" free="0" total="811663360" percent="0" />
      <mem type="survivor" free="0" total="127860736" percent="0" />
    </mem>
    <mem type="tenure" free="316626568" total="1972371456" percent="16">
      <mem type="soa" free="218007176" total="1873752064" percent="11" />
      <mem type="loa" free="98619392" total="98619392" percent="100" />
    </mem>
    <remembered-set count="199948" />
  </mem-info>
</gc-start>
<allocation-stats totalBytes="699716248" >
  <allocated-bytes non-tlh="31524400" tlh="668191848" />
  <largest-consumer threadName="Group1.Backend.CompositeBackend{Tier1}.7" threadId="00000000008AAD00" bytes="95045856" />
</allocation-stats>
<gc-op id="4436" type="scavenge" timems="94.085" contextid="4433" timestamp="2020-09-12T18:53:45.831">
  <scavenger-info tenureage="3" tenuremask="7ff8" tiltratio="86" />
  <memory-copied type="nursery" objects="4320253" bytes="115034456" bytesdiscarded="189376" />
  <memory-copied type="tenure" objects="1125456" bytes="30230024" bytesdiscarded="127088" />
  <ownableSynchronizers candidates="4565" cleared="4234" />
  <references type="soft" candidates="268" cleared="0" enqueued="0" dynamicThreshold="18" maxThreshold="32" />
  <references type="weak" candidates="127" cleared="126" enqueued="0" />
</gc-op>
<gc-end id="4437" type="scavenge" contextid="4433" durationms="94.938" usertimems="736.331" systemtimems="0.000" timestamp="2020-09-12T18:53:45.832" activeThreads="8">
  <mem-info id="4438" free="978501824" total="2911895552" percent="33">
    <mem type="nursery" free="692228592" total="939524096" percent="73">
      <mem type="allocate" free="692228592" total="807534592" percent="85" />
      <mem type="survivor" free="0" total="131989504" percent="0" />
    </mem>
    <mem type="tenure" free="286273232" total="1972371456" percent="14" macro-fragmented="348889">
      <mem type="soa" free="187653840" total="1873752064" percent="10" />
      <mem type="loa" free="98619392" total="98619392" percent="100" />
    </mem>
    <remembered-set count="33134" />
  </mem-info>
</gc-end>
<cycle-end id="4439" type="scavenge" contextid="4433" timestamp="2020-09-12T18:53:45.833" />
<allocation-satisfied id="4440" threadId="00000000008AF400" bytesRequested="24" />
<af-end id="4441" timestamp="2020-09-12T18:53:45.833" threadId="00000000008AFD80" success="true" from="nursery"/>
<exclusive-end id="4442" timestamp="2020-09-12T18:53:45.834" durationms="98.019" />

<exclusive-start id="4443" timestamp="2020-09-12T18:53:47.847" intervalms="2111.359">
  <response-info timems="0.492" idlems="0.492" threads="0" lastid="00000000008AAD00" lastname="Group1.Backend.CompositeBackend{Tier1}.7" />
</exclusive-start>
<af-start id="4444" threadId="00000000008AB680" totalBytesRequested="16" timestamp="2020-09-12T18:53:47.848" intervalms="2111.454" type="nursery" />
<cycle-start id="4445" type="scavenge" contextid="0" timestamp="2020-09-12T18:53:47.848" intervalms="2111.451" />
<gc-start id="4446" type="scavenge" contextid="4445" timestamp="2020-09-12T18:53:47.848">
  <mem-info id="4447" free="286273232" total="2911895552" percent="9">
    <mem type="nursery" free="0" total="939524096" percent="0">
      <mem type="allocate" free="0" total="807534592" percent="0" />
      <mem type="survivor" free="0" total="131989504" percent="0" />
    </mem>
    <mem type="tenure" free="286273232" total="1972371456" percent="14">
      <mem type="soa" free="187653840" total="1873752064" percent="10" />
      <mem type="loa" free="98619392" total="98619392" percent="100" />
    </mem>
    <remembered-set count="195944" />
  </mem-info>
</gc-start>
<allocation-stats totalBytes="691894816" >
  <allocated-bytes non-tlh="31144136" tlh="660750680" />
  <largest-consumer threadName="Group1.Backend.CompositeBackend{Tier1}.6" threadId="00000000008A0000" bytes="109168120" />
</allocation-stats>
<gc-op id="4448" type="scavenge" timems="101.766" contextid="4445" timestamp="2020-09-12T18:53:47.950">
  <scavenger-info tenureage="3" tenuremask="7ff8" tiltratio="85" />
  <memory-copied type="nursery" objects="4461698" bytes="118281840" bytesdiscarded="260096" />
  <memory-copied type="tenure" objects="1131992" bytes="30434072" bytesdiscarded="124688" />
  <ownableSynchronizers candidates="4703" cleared="4367" />
  <references type="soft" candidates="260" cleared="0" enqueued="0" dynamicThreshold="18" maxThreshold="32" />
  <references type="weak" candidates="118" cleared="118" enqueued="0" />
</gc-op>
<gc-end id="4449" type="scavenge" contextid="4445" durationms="102.766" usertimems="798.372" systemtimems="0.000" timestamp="2020-09-12T18:53:47.951" activeThreads="8">
  <mem-info id="4450" free="941319592" total="2911895552" percent="32">
    <mem type="nursery" free="685567976" total="939524096" percent="72">
      <mem type="allocate" free="685567976" total="804192256" percent="85" />
      <mem type="survivor" free="0" total="135331840" percent="0" />
    </mem>
    <mem type="tenure" free="255751616" total="1972371456" percent="12" macro-fragmented="0">
      <mem type="soa" free="157132224" total="1873752064" percent="8" />
      <mem type="loa" free="98619392" total="98619392" percent="100" />
    </mem>
    <remembered-set count="32466" />
  </mem-info>
</gc-end>
<cycle-end id="4451" type="scavenge" contextid="4445" timestamp="2020-09-12T18:53:47.952" />
<allocation-satisfied id="4452" threadId="00000000008AAD00" bytesRequested="16" />
<af-end id="4453" timestamp="2020-09-12T18:53:47.952" threadId="00000000008AB680" success="true" from="nursery"/>
<exclusive-end id="4454" timestamp="2020-09-12T18:53:47.952" durationms="105.157" />

<exclusive-start id="4455" timestamp="2020-09-12T18:53:49.910" intervalms="2063.168">
  <response-info timems="0.635" idlems="0.593" threads="1" lastid="0000000000873800" lastname="Group1.Backend.CompositeBackend{Tier1}.5" />
</exclusive-start>
<af-start id="4456" threadId="00000000007F7E80" totalBytesRequested="664" timestamp="2020-09-12T18:53:49.911" intervalms="2063.101" type="nursery" />
<cycle-start id="4457" type="scavenge" contextid="0" timestamp="2020-09-12T18:53:49.911" intervalms="2063.102" />
<gc-start id="4458" type="scavenge" contextid="4457" timestamp="2020-09-12T18:53:49.911">
  <mem-info id="4459" free="255751616" total="2911895552" percent="8">
    <mem type="nursery" free="0" total="939524096" percent="0">
      <mem type="allocate" free="0" total="804192256" percent="0" />
      <mem type="survivor" free="0" total="135331840" percent="0" />
    </mem>
    <mem type="tenure" free="255751616" total="1972371456" percent="12">
      <mem type="soa" free="157132224" total="1873752064" percent="8" />
      <mem type="loa" free="98619392" total="98619392" percent="100" />
    </mem>
    <remembered-set count="194732" />
  </mem-info>
</gc-start>
<allocation-stats totalBytes="685233240" >
  <allocated-bytes non-tlh="35782904" tlh="649450336" />
  <largest-consumer threadName="Group1.Backend.CompositeBackend{Tier1}.3" threadId="0000000000847B00" bytes="93394240" />
</allocation-stats>
<gc-op id="4460" type="scavenge" timems="102.639" contextid="4457" timestamp="2020-09-12T18:53:50.014">
  <scavenger-info tenureage="3" tenuremask="7ff8" tiltratio="85" />
  <memory-copied type="nursery" objects="4440748" bytes="117459328" bytesdiscarded="463536" />
  <memory-copied type="tenure" objects="1084073" bytes="29112840" bytesdiscarded="127016" />
  <ownableSynchronizers candidates="2470" cleared="2152" />
  <references type="soft" candidates="246" cleared="0" enqueued="0" dynamicThreshold="18" maxThreshold="32" />
  <references type="weak" candidates="129" cleared="128" enqueued="0" />
</gc-op>
<gc-end id="4461" type="scavenge" contextid="4457" durationms="103.991" usertimems="806.960" systemtimems="3.950" timestamp="2020-09-12T18:53:50.015" activeThreads="8">
  <mem-info id="4462" free="913324232" total="2911895552" percent="31">
    <mem type="nursery" free="686777832" total="939524096" percent="73">
      <mem type="allocate" free="686777832" total="804782080" percent="85" />
      <mem type="survivor" free="0" total="134742016" percent="0" />
    </mem>
    <mem type="tenure" free="226546400" total="1972371456" percent="11" macro-fragmented="0">
      <mem type="soa" free="127927008" total="1873752064" percent="6" />
      <mem type="loa" free="98619392" total="98619392" percent="100" />
    </mem>
    <remembered-set count="31094" />
  </mem-info>
</gc-end>
<cycle-end id="4463" type="scavenge" contextid="4457" timestamp="2020-09-12T18:53:50.017" />
<allocation-satisfied id="4464" threadId="00000000007F7500" bytesRequested="664" />
<af-end id="4465" timestamp="2020-09-12T18:53:50.018" threadId="00000000007F7E80" success="true" from="nursery"/>
<exclusive-end id="4466" timestamp="2020-09-12T18:53:50.018" durationms="107.285" />

<exclusive-start id="4467" timestamp="2020-09-12T18:53:52.053" intervalms="2142.481">
  <response-info timems="0.215" idlems="0.215" threads="0" lastid="0000000000847B00" lastname="Group1.Backend.CompositeBackend{Tier1}.3" />
</exclusive-start>
<af-start id="4468" threadId="0000000000848480" totalBytesRequested="264" timestamp="2020-09-12T18:53:52.053" intervalms="2142.511" type="nursery" />
<cycle-start id="4469" type="scavenge" contextid="0" timestamp="2020-09-12T18:53:52.054" intervalms="2142.521" />
<gc-start id="4470" type="scavenge" contextid="4469" timestamp="2020-09-12T18:53:52.054">
  <mem-info id="4471" free="226546400" total="2911895552" percent="7">
    <mem type="nursery" free="0" total="939524096" percent="0">
      <mem type="allocate" free="0" total="804782080" percent="0" />
      <mem type="survivor" free="0" total="134742016" percent="0" />
    </mem>
    <mem type="tenure" free="226546400" total="1972371456" percent="11">
      <mem type="soa" free="127927008" total="1873752064" percent="6" />
      <mem type="loa" free="98619392" total="98619392" percent="100" />
    </mem>
    <remembered-set count="195965" />
  </mem-info>
</gc-start>
<allocation-stats totalBytes="686438216" >
  <allocated-bytes non-tlh="27150912" tlh="659287304" />
  <largest-consumer threadName="Group1.Backend.CompositeBackend{Tier1}.7" threadId="00000000008AAD00" bytes="85673128" />
</allocation-stats>
<gc-op id="4472" type="scavenge" timems="95.634" contextid="4469" timestamp="2020-09-12T18:53:52.150">
  <scavenger-info tenureage="3" tenuremask="7ff8" tiltratio="85" />
  <memory-copied type="nursery" objects="4139277" bytes="110979224" bytesdiscarded="279512" />
  <memory-copied type="tenure" objects="1126664" bytes="30269512" bytesdiscarded="137176" />
  <ownableSynchronizers candidates="3101" cleared="2818" />
  <references type="soft" candidates="233" cleared="0" enqueued="0" dynamicThreshold="18" maxThreshold="32" />
  <references type="weak" candidates="123" cleared="122" enqueued="0" />
</gc-op>
<gc-end id="4473" type="scavenge" contextid="4469" durationms="96.807" usertimems="676.652" systemtimems="0.008" timestamp="2020-09-12T18:53:52.151" activeThreads="8">
  <mem-info id="4474" free="890150584" total="2911895552" percent="30">
    <mem type="nursery" free="694024960" total="939524096" percent="73">
      <mem type="allocate" free="694024960" total="805371904" percent="86" />
      <mem type="survivor" free="0" total="134152192" percent="0" />
    </mem>
    <mem type="tenure" free="196125624" total="1972371456" percent="9" macro-fragmented="0">
      <mem type="soa" free="97506232" total="1873752064" percent="5" />
      <mem type="loa" free="98619392" total="98619392" percent="100" />
    </mem>
    <remembered-set count="29637" />
  </mem-info>
</gc-end>
<cycle-end id="4475" type="scavenge" contextid="4469" timestamp="2020-09-12T18:53:52.152" />
<allocation-satisfied id="4476" threadId="0000000000847B00" bytesRequested="264" />
<af-end id="4477" timestamp="2020-09-12T18:53:52.152" threadId="0000000000848480" success="true" from="nursery"/>
<exclusive-end id="4478" timestamp="2020-09-12T18:53:52.152" durationms="99.193" />

<exclusive-start id="4479" timestamp="2020-09-12T18:53:54.091" intervalms="2038.618">
  <response-info timems="4.492" idlems="4.492" threads="0" lastid="0000000000873800" lastname="Group1.Backend.CompositeBackend{Tier1}.5" />
</exclusive-start>
<af-start id="4480" threadId="0000000000874180" totalBytesRequested="1032" timestamp="2020-09-12T18:53:54.092" intervalms="2038.579" type="nursery" />
<cycle-start id="4481" type="scavenge" contextid="0" timestamp="2020-09-12T18:53:54.092" intervalms="2038.596" />
<gc-start id="4482" type="scavenge" contextid="4481" timestamp="2020-09-12T18:53:54.092">
  <mem-info id="4483" free="196125624" total="2911895552" percent="6">
    <mem type="nursery" free="0" total="939524096" percent="0">
      <mem type="allocate" free="0" total="805371904" percent="0" />
      <mem type="survivor" free="0" total="134152192" percent="0" />
    </mem>
    <mem type="tenure" free="196125624" total="1972371456" percent="9">
      <mem type="soa" free="97506232" total="1873752064" percent="5" />
      <mem type="loa" free="98619392" total="98619392" percent="100" />
    </mem>
    <remembered-set count="190197" />
  </mem-info>
</gc-start>
<allocation-stats totalBytes="693700528" >
  <allocated-bytes non-tlh="38168416" tlh="655532112" />
  <largest-consumer threadName="Group1.Backend.CompositeBackend{Tier1}.4" threadId="000000000082C800" bytes="99762488" />
</allocation-stats>
<gc-op id="4484" type="scavenge" timems="118.288" contextid="4481" timestamp="2020-09-12T18:53:54.211">
  <scavenger-info tenureage="3" tenuremask="7ff8" tiltratio="85" />
  <memory-copied type="nursery" objects="4416972" bytes="117388448" bytesdiscarded="411128" />
  <memory-copied type="tenure" objects="1089578" bytes="29324128" bytesdiscarded="120472" />
  <ownableSynchronizers candidates="4039" cleared="3765" />
  <references type="soft" candidates="250" cleared="0" enqueued="0" dynamicThreshold="18" maxThreshold="32" />
  <references type="weak" candidates="104" cleared="103" enqueued="0" />
</gc-op>
<gc-end id="4485" type="scavenge" contextid="4481" durationms="119.188" usertimems="867.327" systemtimems="7.075" timestamp="2020-09-12T18:53:54.212" activeThreads="8">
  <mem-info id="4486" free="850418360" total="2911895552" percent="29">
    <mem type="nursery" free="683881176" total="939524096" percent="72">
      <mem type="allocate" free="683881176" total="801767424" percent="85" />
      <mem type="survivor" free="0" total="137756672" percent="0" />
    </mem>
    <mem type="tenure" free="166537184" total="1972371456" percent="8" macro-fragmented="0">
      <mem type="soa" free="67917792" total="1873752064" percent="3" />
      <mem type="loa" free="98619392" total="98619392" percent="100" />
    </mem>
    <remembered-set count="30303" />
  </mem-info>
</gc-end>
<cycle-end id="4487" type="scavenge" contextid="4481" timestamp="2020-09-12T18:53:54.214" />
<allocation-satisfied id="4488" threadId="0000000000873800" bytesRequested="1032" />
<af-end id="4489" timestamp="2020-09-12T18:53:54.214" threadId="0000000000874180" success="true" from="nursery"/>
<exclusive-end id="4490" timestamp="2020-09-12T18:53:54.214" durationms="122.273" />

<exclusive-start id="4491" timestamp="2020-09-12T18:53:56.141" intervalms="2049.781">
  <response-info timems="0.367" idlems="0.367" threads="0" lastid="0000000000873800" lastname="Group1.Backend.CompositeBackend{Tier1}.5" />
</exclusive-start>
<af-start id="4492" threadId="0000000000874180" totalBytesRequested="24" timestamp="2020-09-12T18:53:56.142" intervalms="2049.808" type="nursery" />
<cycle-start id="4493" type="scavenge" contextid="0" timestamp="2020-09-12T18:53:56.142" intervalms="2049.784" />
<gc-start id="4494" type="scavenge" contextid="4493" timestamp="2020-09-12T18:53:56.142">
  <mem-info id="4495" free="166537184" total="2911895552" percent="5">
    <mem type="nursery" free="0" total="939524096" percent="0">
      <mem type="allocate" free="0" total="801767424" percent="0" />
      <mem type="survivor" free="0" total="137756672" percent="0" />
    </mem>
    <mem type="tenure" free="166537184" total="1972371456" percent="8">
      <mem type="soa" free="67917792" total="1873752064" percent="3" />
      <mem type="loa" free="98619392" total="98619392" percent="100" />
    </mem>
    <remembered-set count="193706" />
  </mem-info>
</gc-start>
<allocation-stats totalBytes="683557472" >
  <allocated-bytes non-tlh="32735256" tlh="650822216" />
  <largest-consumer threadName="Group1.Backend.CompositeBackend{Tier1}.2" threadId="00000000007F7500" bytes="101131216" />
</allocation-stats>
<gc-op id="4496" type="scavenge" timems="107.343" contextid="4493" timestamp="2020-09-12T18:53:56.250">
  <scavenger-info tenureage="3" tenuremask="7ff8" tiltratio="85" />
  <memory-copied type="nursery" objects="4407423" bytes="116879216" bytesdiscarded="163608" />
  <memory-copied type="tenure" objects="1079249" bytes="28991192" bytesdiscarded="91720" />
  <ownableSynchronizers candidates="4263" cleared="3973" />
  <references type="soft" candidates="268" cleared="0" enqueued="0" dynamicThreshold="18" maxThreshold="32" />
  <references type="weak" candidates="123" cleared="123" enqueued="0" />
</gc-op>
<gc-end id="4497" type="scavenge" contextid="4493" durationms="108.154" usertimems="819.345" systemtimems="5.305" timestamp="2020-09-12T18:53:56.250" activeThreads="8">
  <mem-info id="4498" free="823310976" total="2911895552" percent="28">
    <mem type="nursery" free="685878000" total="939524096" percent="73">
      <mem type="allocate" free="685878000" total="803012608" percent="85" />
      <mem type="survivor" free="0" total="136511488" percent="0" />
    </mem>
    <mem type="tenure" free="137432976" total="1972371456" percent="6" macro-fragmented="27735676">
      <mem type="soa" free="38813584" total="1873752064" percent="2" />
      <mem type="loa" free="98619392" total="98619392" percent="100" />
    </mem>
    <remembered-set count="29515" />
  </mem-info>
</gc-end>
<cycle-end id="4499" type="scavenge" contextid="4493" timestamp="2020-09-12T18:53:56.252" />
<allocation-satisfied id="4500" threadId="0000000000873800" bytesRequested="24" />
<af-end id="4501" timestamp="2020-09-12T18:53:56.252" threadId="0000000000874180" success="true" from="nursery"/>
<exclusive-end id="4502" timestamp="2020-09-12T18:53:56.252" durationms="110.624" />

<exclusive-start id="4503" timestamp="2020-09-12T18:53:58.217" intervalms="2075.885">
  <response-info timems="0.972" idlems="0.972" threads="0" lastid="0000000000873800" lastname="Group1.Backend.CompositeBackend{Tier1}.5" />
</exclusive-start>
<af-start id="4504" threadId="0000000000874180" totalBytesRequested="88" timestamp="2020-09-12T18:53:58.218" intervalms="2075.934" type="nursery" />
<cycle-start id="4505" type="scavenge" contextid="0" timestamp="2020-09-12T18:53:58.218" intervalms="2075.951" />
<gc-start id="4506" type="scavenge" contextid="4505" timestamp="2020-09-12T18:53:58.218">
  <mem-info id="4507" free="137432976" total="2911895552" percent="4">
    <mem type="nursery" free="0" total="939524096" percent="0">
      <mem type="allocate" free="0" total="803012608" percent="0" />
      <mem type="survivor" free="0" total="136511488" percent="0" />
    </mem>
    <mem type="tenure" free="137432976" total="1972371456" percent="6">
      <mem type="soa" free="38813584" total="1873752064" percent="2" />
      <mem type="loa" free="98619392" total="98619392" percent="100" />
    </mem>
    <remembered-set count="191772" />
  </mem-info>
</gc-start>
<allocation-stats totalBytes="685565712" >
  <allocated-bytes non-tlh="34652096" tlh="650913616" />
  <largest-consumer threadName="Group1.Backend.CompositeBackend{Tier1}.4" threadId="000000000082C800" bytes="102460880" />
</allocation-stats>
<gc-op id="4508" type="scavenge" timems="89.941" contextid="4505" timestamp="2020-09-12T18:53:58.308">
  <scavenger-info tenureage="3" tenuremask="7ff8" tiltratio="85" />
  <memory-copied type="nursery" objects="4180684" bytes="111363288" bytesdiscarded="156200" />
  <memory-copied type="tenure" objects="1118455" bytes="30092360" bytesdiscarded="55840" />
  <ownableSynchronizers candidates="4553" cleared="4230" />
  <references type="soft" candidates="274" cleared="0" enqueued="0" dynamicThreshold="18" maxThreshold="32" />
  <references type="weak" candidates="131" cleared="131" enqueued="0" />
</gc-op>
<gc-end id="4509" type="scavenge" contextid="4505" durationms="90.786" usertimems="703.211" systemtimems="0.000" timestamp="2020-09-12T18:53:58.309" activeThreads="8">
  <mem-info id="4510" free="799688960" total="2911895552" percent="27">
    <mem type="nursery" free="692529776" total="939524096" percent="73">
      <mem type="allocate" free="692529776" total="804126720" percent="86" />
      <mem type="survivor" free="0" total="135397376" percent="0" />
    </mem>
    <mem type="tenure" free="107159184" total="1972371456" percent="5" macro-fragmented="0">
      <mem type="soa" free="8539792" total="1873752064" percent="0" />
      <mem type="loa" free="98619392" total="98619392" percent="100" />
    </mem>
    <remembered-set count="31888" />
  </mem-info>
</gc-end>
<cycle-end id="4511" type="scavenge" contextid="4505" timestamp="2020-09-12T18:53:58.310" />
<allocation-satisfied id="4512" threadId="0000000000873800" bytesRequested="88" />
<af-end id="4513" timestamp="2020-09-12T18:53:58.311" threadId="0000000000874180" success="true" from="nursery"/>
<exclusive-end id="4514" timestamp="2020-09-12T18:53:58.311" durationms="93.590" />

<exclusive-start id="4515" timestamp="2020-09-12T18:54:00.412" intervalms="2194.886">
  <response-info timems="0.345" idlems="0.145" threads="4" lastid="00000000007F7500" lastname="Group1.Backend.CompositeBackend{Tier1}.2" />
</exclusive-start>
<af-start id="4516" threadId="00000000008D5780" totalBytesRequested="40" timestamp="2020-09-12T18:54:00.413" intervalms="2194.799" type="nursery" />
<percolate-collect id="4517" from="nursery" to="global" reason="prevent tenure expand" timestamp="2020-09-12T18:54:00.413"/>
<cycle-start id="4518" type="global" contextid="0" timestamp="2020-09-12T18:54:00.413" intervalms="74589.182" />
<gc-start id="4519" type="global" contextid="4518" timestamp="2020-09-12T18:54:00.413">
  <mem-info id="4520" free="107159184" total="2911895552" percent="3">
    <mem type="nursery" free="0" total="939524096" percent="0">
      <mem type="allocate" free="0" total="804126720" percent="0" />
      <mem type="survivor" free="0" total="135397376" percent="0" />
    </mem>
    <mem type="tenure" free="107159184" total="1972371456" percent="5">
      <mem type="soa" free="8539792" total="1873752064" percent="0" />
      <mem type="loa" free="98619392" total="98619392" percent="100" />
    </mem>
    <remembered-set count="198264" />
  </mem-info>
</gc-start>
<allocation-stats totalBytes="692176544" >
  <allocated-bytes non-tlh="27241136" tlh="664935408" />
  <largest-consumer threadName="Group1.Backend.CompositeBackend{Tier1}.5" threadId="0000000000873800" bytes="86667136" />
</allocation-stats>
<heap-resize id="4521" type="loa contract" space="tenure" amount="19724288" count="1" timems="0.000" reason="contract underutilized loa" timestamp="2020-09-12T18:54:00.413" />
<gc-op id="4522" type="mark" timems="504.466" contextid="4518" timestamp="2020-09-12T18:54:00.918">
  <trace-info objectcount="30802939" scancount="29823436" scanbytes="816713488" />
  <finalization candidates="150" enqueued="0" />
  <ownableSynchronizers candidates="591200" cleared="4647" />
  <references type="soft" candidates="714176" cleared="0" enqueued="0" dynamicThreshold="18" maxThreshold="32" />
  <references type="weak" candidates="4409" cleared="122" enqueued="0" />
  <references type="phantom" candidates="106" cleared="0" enqueued="0" />
  <stringconstants candidates="11053" cleared="1"  />
</gc-op>
<gc-op id="4523" type="sweep" timems="10.102" contextid="4518" timestamp="2020-09-12T18:54:00.928" />
<gc-end id="4524" type="global" contextid="4518" durationms="515.642" usertimems="3918.411" systemtimems="0.000" timestamp="2020-09-12T18:54:00.929" activeThreads="8">
  <mem-info id="4525" free="1757942952" total="2911895552" percent="60">
    <mem type="nursery" free="617280496" total="939524096" percent="65">
      <mem type="allocate" free="617280496" total="804126720" percent="76" />
      <mem type="survivor" free="0" total="135397376" percent="0" />
    </mem>
    <mem type="tenure" free="1140662456" total="1972371456" percent="57" micro-fragmented="76723700" macro-fragmented="3145752">
      <mem type="soa" free="1061767352" total="1893476352" percent="56" />
      <mem type="loa" free="78895104" total="78895104" percent="100" />
    </mem>
    <remembered-set count="192291" />
  </mem-info>
</gc-end>
<cycle-end id="4526" type="global" contextid="4518" timestamp="2020-09-12T18:54:00.930" />
<allocation-satisfied id="4527" threadId="00000000008D4E00" bytesRequested="40" />
<af-end id="4528" timestamp="2020-09-12T18:54:00.930" threadId="00000000008D5780" success="true" from="nursery"/>
<exclusive-end id="4529" timestamp="2020-09-12T18:54:00.930" durationms="517.858" />

<exclusive-start id="4530" timestamp="2020-09-12T18:54:02.155" intervalms="1743.238">
  <response-info timems="0.474" idlems="0.474" threads="0" lastid="00000000007F7500" lastname="Group1.Backend.CompositeBackend{Tier1}.2" />
</exclusive-start>
<af-start id="4531" threadId="00000000007F7E80" totalBytesRequested="524296" timestamp="2020-09-12T18:54:02.156" intervalms="1743.295" type="nursery" />
<cycle-start id="4532" type="scavenge" contextid="0" timestamp="2020-09-12T18:54:02.156" intervalms="3938.083" />
<gc-start id="4533" type="scavenge" contextid="4532" timestamp="2020-09-12T18:54:02.156">
  <mem-info id="4534" free="1171849840" total="2911895552" percent="40">
    <mem type="nursery" free="31187432" total="939524096" percent="3">
      <mem type="allocate" free="31187432" total="804126720" percent="3" />
      <mem type="survivor" free="0" total="135397376" percent="0" />
    </mem>
    <mem type="tenure" free="1140662408" total="1972371456" percent="57">
      <mem type="soa" free="1061767304" total="1893476352" percent="56" />
      <mem type="loa" free="78895104" total="78895104" percent="100" />
    </mem>
    <remembered-set count="243520" />
  </mem-info>
</gc-start>
<allocation-stats totalBytes="584160232" >
  <allocated-bytes non-tlh="33203384" tlh="550956848" />
  <largest-consumer threadName="Group1.Backend.CompositeBackend{Tier1}.8" threadId="00000000008AF400" bytes="80231480" />
</allocation-stats>
<gc-op id="4535" type="scavenge" timems="123.774" contextid="4532" timestamp="2020-09-12T18:54:02.280">
  <scavenger-info tenureage="3" tenuremask="7ff8" tiltratio="85" />
  <memory-copied type="nursery" objects="5050249" bytes="135204408" bytesdiscarded="44808" />
  <memory-copied type="tenure" objects="1100021" bytes="29204512" bytesdiscarded="85304" />
  <copy-failed type="nursery" objects="131124" bytes="3162408" />
  <ownableSynchronizers candidates="1175862" cleared="1175449" />
  <references type="soft" candidates="270" cleared="0" enqueued="0" dynamicThreshold="18" maxThreshold="32" />
  <references type="weak" candidates="94" cleared="94" enqueued="0" />
</gc-op>
<gc-end id="4536" type="scavenge" contextid="4532" durationms="124.887" usertimems="968.583" systemtimems="6.839" timestamp="2020-09-12T18:54:02.281" activeThreads="8">
  <mem-info id="4537" free="1729839608" total="2911895552" percent="59">
    <mem type="nursery" free="618856448" total="939524096" percent="65">
      <mem type="allocate" free="618856448" total="754253824" percent="82" />
      <mem type="survivor" free="0" total="185270272" percent="0" />
    </mem>
    <mem type="tenure" free="1110983160" total="1972371456" percent="56" macro-fragmented="0">
      <mem type="soa" free="1032088056" total="1893476352" percent="54" />
      <mem type="loa" free="78895104" total="78895104" percent="100" />
    </mem>
    <remembered-set count="39658" />
  </mem-info>
</gc-end>
<cycle-end id="4538" type="scavenge" contextid="4532" timestamp="2020-09-12T18:54:02.283" />
<allocation-satisfied id="4539" threadId="00000000007F7500" bytesRequested="524296" />
<af-end id="4540" timestamp="2020-09-12T18:54:02.283" threadId="00000000007F7E80" success="true" from="nursery"/>
<exclusive-end id="4541" timestamp="2020-09-12T18:54:02.283" durationms="127.612" />

<exclusive-start id="4542" timestamp="2020-09-12T18:54:03.975" intervalms="1819.857">
  <response-info timems="0.465" idlems="0.465" threads="0" lastid="00000000008A0000" lastname="Group1.Backend.CompositeBackend{Tier1}.6" />
</exclusive-start>
<af-start id="4543" threadId="00000000008A0980" totalBytesRequested="16" timestamp="2020-09-12T18:54:03.976" intervalms="1819.869" type="nursery" />
<cycle-start id="4544" type="scavenge" contextid="0" timestamp="2020-09-12T18:54:03.976" intervalms="1819.873" />
<gc-start id="4545" type="scavenge" contextid="4544" timestamp="2020-09-12T18:54:03.976">
  <mem-info id="4546" free="1110983160" total="2911895552" percent="38">
    <mem type="nursery" free="0" total="939524096" percent="0">
      <mem type="allocate" free="0" total="754253824" percent="0" />
      <mem type="survivor" free="0" total="185270272" percent="0" />
    </mem>
    <mem type="tenure" free="1110983160" total="1972371456" percent="56">
      <mem type="soa" free="1032088056" total="1893476352" percent="54" />
      <mem type="loa" free="78895104" total="78895104" percent="100" />
    </mem>
    <remembered-set count="193508" />
  </mem-info>
</gc-start>
<allocation-stats totalBytes="618591856" >
  <allocated-bytes non-tlh="30737776" tlh="587854080" />
  <largest-consumer threadName="Group1.Backend.CompositeBackend{Tier1}.3" threadId="0000000000847B00" bytes="94246200" />
</allocation-stats>
<gc-op id="4547" type="scavenge" timems="111.638" contextid="4544" timestamp="2020-09-12T18:54:04.088">
  <scavenger-info tenureage="3" tenuremask="7ff8" tiltratio="80" />
  <memory-copied type="nursery" objects="5030201" bytes="134364664" bytesdiscarded="150464" />
  <memory-copied type="tenure" objects="983632" bytes="26517296" bytesdiscarded="77152" />
  <ownableSynchronizers candidates="3296" cleared="3023" />
  <references type="soft" candidates="270" cleared="0" enqueued="0" dynamicThreshold="18" maxThreshold="32" />
  <references type="weak" candidates="90" cleared="90" enqueued="0" />
</gc-op>
<gc-end id="4548" type="scavenge" contextid="4544" durationms="112.507" usertimems="819.821" systemtimems="10.635" timestamp="2020-09-12T18:54:04.088" activeThreads="8">
  <mem-info id="4549" free="1710230096" total="2911895552" percent="58">
    <mem type="nursery" free="625754840" total="939524096" percent="66">
      <mem type="allocate" free="625754840" total="760348672" percent="82" />
      <mem type="survivor" free="0" total="179175424" percent="0" />
    </mem>
    <mem type="tenure" free="1084475256" total="1972371456" percent="54" macro-fragmented="0">
      <mem type="soa" free="1005580152" total="1893476352" percent="53" />
      <mem type="loa" free="78895104" total="78895104" percent="100" />
    </mem>
    <remembered-set count="39197" />
  </mem-info>
</gc-end>
<cycle-end id="4550" type="scavenge" contextid="4544" timestamp="2020-09-12T18:54:04.090" />
<allocation-satisfied id="4551" threadId="00000000008A0000" bytesRequested="16" />
<af-end id="4552" timestamp="2020-09-12T18:54:04.090" threadId="00000000008A0980" success="true" from="nursery"/>
<exclusive-end id="4553" timestamp="2020-09-12T18:54:04.090" durationms="115.015" />

<exclusive-start id="4554" timestamp="2020-09-12T18:54:05.958" intervalms="1983.156">
  <response-info timems="11.533" idlems="11.533" threads="0" lastid="0000000000847B00" lastname="Group1.Backend.CompositeBackend{Tier1}.3" />
</exclusive-start>
<af-start id="4555" threadId="0000000000848480" totalBytesRequested="120" timestamp="2020-09-12T18:54:05.959" intervalms="1983.155" type="nursery" />
<cycle-start id="4556" type="scavenge" contextid="0" timestamp="2020-09-12T18:54:05.959" intervalms="1983.146" />
<gc-start id="4557" type="scavenge" contextid="4556" timestamp="2020-09-12T18:54:05.959">
  <mem-info id="4558" free="1084475256" total="2911895552" percent="37">
    <mem type="nursery" free="0" total="939524096" percent="0">
      <mem type="allocate" free="0" total="760348672" percent="0" />
      <mem type="survivor" free="0" total="179175424" percent="0" />
    </mem>
    <mem type="tenure" free="1084475256" total="1972371456" percent="54">
      <mem type="soa" free="1005580152" total="1893476352" percent="53" />
      <mem type="loa" free="78895104" total="78895104" percent="100" />
    </mem>
    <remembered-set count="196052" />
  </mem-info>
</gc-start>
<allocation-stats totalBytes="625441728" >
  <allocated-bytes non-tlh="28422904" tlh="597018824" />
  <largest-consumer threadName="Group1.Backend.CompositeBackend{Tier1}.4" threadId="000000000082C800" bytes="97727464" />
</allocation-stats>
<gc-op id="4559" type="scavenge" timems="137.230" contextid="4556" timestamp="2020-09-12T18:54:06.097">
  <scavenger-info tenureage="3" tenuremask="7ff8" tiltratio="80" />
  <memory-copied type="nursery" objects="5017420" bytes="133795104" bytesdiscarded="169408" />
  <memory-copied type="tenure" objects="964148" bytes="25980976" bytesdiscarded="68560" />
  <ownableSynchronizers candidates="3438" cleared="3160" />
  <references type="soft" candidates="276" cleared="0" enqueued="0" dynamicThreshold="18" maxThreshold="32" />
  <references type="weak" candidates="109" cleared="109" enqueued="0" />
</gc-op>
<gc-end id="4560" type="scavenge" contextid="4556" durationms="138.080" usertimems="993.605" systemtimems="12.187" timestamp="2020-09-12T18:54:06.097" activeThreads="8">
  <mem-info id="4561" free="1690507488" total="2911895552" percent="58">
    <mem type="nursery" free="632005368" total="939524096" percent="67">
      <mem type="allocate" free="632005368" total="766050304" percent="82" />
      <mem type="survivor" free="0" total="173473792" percent="0" />
    </mem>
    <mem type="tenure" free="1058502120" total="1972371456" percent="53" macro-fragmented="0">
      <mem type="soa" free="979607016" total="1893476352" percent="51" />
      <mem type="loa" free="78895104" total="78895104" percent="100" />
    </mem>
    <remembered-set count="37282" />
  </mem-info>
</gc-end>
<cycle-end id="4562" type="scavenge" contextid="4556" timestamp="2020-09-12T18:54:06.099" />
<allocation-satisfied id="4563" threadId="0000000000847B00" bytesRequested="120" />
<af-end id="4564" timestamp="2020-09-12T18:54:06.099" threadId="0000000000848480" success="true" from="nursery"/>
<exclusive-end id="4565" timestamp="2020-09-12T18:54:06.099" durationms="140.527" />

<exclusive-start id="4566" timestamp="2020-09-12T18:54:07.857" intervalms="1898.962">
  <response-info timems="0.386" idlems="0.194" threads="1" lastid="00000000007F7500" lastname="Group1.Backend.CompositeBackend{Tier1}.2" />
</exclusive-start>
<af-start id="4567" threadId="00000000008AB680" totalBytesRequested="32" timestamp="2020-09-12T18:54:07.858" intervalms="1898.916" type="nursery" />
<cycle-start id="4568" type="scavenge" contextid="0" timestamp="2020-09-12T18:54:07.858" intervalms="1898.908" />
<gc-start id="4569" type="scavenge" contextid="4568" timestamp="2020-09-12T18:54:07.858">
  <mem-info id="4570" free="1058502120" total="2911895552" percent="36">
    <mem type="nursery" free="0" total="939524096" percent="0">
      <mem type="allocate" free="0" total="766050304" percent="0" />
      <mem type="survivor" free="0" total="173473792" percent="0" />
    </mem>
    <mem type="tenure" free="1058502120" total="1972371456" percent="53">
      <mem type="soa" free="979607016" total="1893476352" percent="51" />
      <mem type="loa" free="78895104" total="78895104" percent="100" />
    </mem>
    <remembered-set count="193236" />
  </mem-info>
</gc-start>
<allocation-stats totalBytes="631728384" >
  <allocated-bytes non-tlh="30909048" tlh="600819336" />
  <largest-consumer threadName="Group1.Backend.CompositeBackend{Tier1}.8" threadId="00000000008AF400" bytes="83619448" />
</allocation-stats>
<gc-op id="4571" type="scavenge" timems="99.531" contextid="4568" timestamp="2020-09-12T18:54:07.958">
  <scavenger-info tenureage="3" tenuremask="7ff8" tiltratio="81" />
  <memory-copied type="nursery" objects="3795031" bytes="101848784" bytesdiscarded="332424" />
  <memory-copied type="tenure" objects="1943003" bytes="52404224" bytesdiscarded="86632" />
  <ownableSynchronizers candidates="3860" cleared="3564" />
  <references type="soft" candidates="240" cleared="0" enqueued="0" dynamicThreshold="18" maxThreshold="32" />
  <references type="weak" candidates="113" cleared="113" enqueued="0" />
</gc-op>
<gc-end id="4572" type="scavenge" contextid="4568" durationms="100.367" usertimems="749.352" systemtimems="0.000" timestamp="2020-09-12T18:54:07.958" activeThreads="8">
  <mem-info id="4573" free="1674397664" total="2911895552" percent="57">
    <mem type="nursery" free="668511952" total="939524096" percent="71">
      <mem type="allocate" free="668511952" total="770768896" percent="86" />
      <mem type="survivor" free="0" total="168755200" percent="0" />
    </mem>
    <mem type="tenure" free="1005885712" total="1972371456" percent="50" macro-fragmented="0">
      <mem type="soa" free="926990608" total="1893476352" percent="48" />
      <mem type="loa" free="78895104" total="78895104" percent="100" />
    </mem>
    <remembered-set count="28582" />
  </mem-info>
</gc-end>
<cycle-end id="4574" type="scavenge" contextid="4568" timestamp="2020-09-12T18:54:07.960" />
<allocation-satisfied id="4575" threadId="00000000008AAD00" bytesRequested="32" />
<af-end id="4576" timestamp="2020-09-12T18:54:07.960" threadId="00000000008AB680" success="true" from="nursery"/>
<exclusive-end id="4577" timestamp="2020-09-12T18:54:07.960" durationms="102.788" />

<exclusive-start id="4578" timestamp="2020-09-12T18:54:09.957" intervalms="2099.901">
  <response-info timems="0.469" idlems="0.469" threads="0" lastid="00000000008A0000" lastname="Group1.Backend.CompositeBackend{Tier1}.6" />
</exclusive-start>
<af-start id="4579" threadId="00000000008A0980" totalBytesRequested="24" timestamp="2020-09-12T18:54:09.958" intervalms="2100.001" type="nursery" />
<cycle-start id="4580" type="scavenge" contextid="0" timestamp="2020-09-12T18:54:09.958" intervalms="2100.019" />
<gc-start id="4581" type="scavenge" contextid="4580" timestamp="2020-09-12T18:54:09.958">
  <mem-info id="4582" free="1005885712" total="2911895552" percent="34">
    <mem type="nursery" free="0" total="939524096" percent="0">
      <mem type="allocate" free="0" total="770768896" percent="0" />
      <mem type="survivor" free="0" total="168755200" percent="0" />
    </mem>
    <mem type="tenure" free="1005885712" total="1972371456" percent="50">
      <mem type="soa" free="926990608" total="1893476352" percent="48" />
      <mem type="loa" free="78895104" total="78895104" percent="100" />
    </mem>
    <remembered-set count="191530" />
  </mem-info>
</gc-start>
<allocation-stats totalBytes="668173312" >
  <allocated-bytes non-tlh="26296592" tlh="641876720" />
  <largest-consumer threadName="Group1.Backend.CompositeBackend{Tier1}.2" threadId="00000000007F7500" bytes="100801024" />
</allocation-stats>
<gc-op id="4583" type="scavenge" timems="85.149" contextid="4580" timestamp="2020-09-12T18:54:10.043">
  <scavenger-info tenureage="3" tenuremask="7ff8" tiltratio="82" />
  <memory-copied type="nursery" objects="3947828" bytes="105945656" bytesdiscarded="150624" />
  <memory-copied type="tenure" objects="981144" bytes="26356232" bytesdiscarded="80128" />
  <ownableSynchronizers candidates="4269" cleared="3967" />
  <references type="soft" candidates="260" cleared="0" enqueued="0" dynamicThreshold="18" maxThreshold="32" />
  <references type="weak" candidates="109" cleared="109" enqueued="0" />
</gc-op>
<gc-end id="4584" type="scavenge" contextid="4580" durationms="85.935" usertimems="664.360" systemtimems="4.749" timestamp="2020-09-12T18:54:10.044" activeThreads="8">
  <mem-info id="4585" free="1653099632" total="2911895552" percent="56">
    <mem type="nursery" free="673697024" total="939524096" percent="71">
      <mem type="allocate" free="673697024" total="779878400" percent="86" />
      <mem type="survivor" free="0" total="159645696" percent="0" />
    </mem>
    <mem type="tenure" free="979402608" total="1972371456" percent="49" macro-fragmented="0">
      <mem type="soa" free="900507504" total="1893476352" percent="47" />
      <mem type="loa" free="78895104" total="78895104" percent="100" />
    </mem>
    <remembered-set count="28198" />
  </mem-info>
</gc-end>
<cycle-end id="4586" type="scavenge" contextid="4580" timestamp="2020-09-12T18:54:10.045" />
<allocation-satisfied id="4587" threadId="00000000008A0000" bytesRequested="24" />
<af-end id="4588" timestamp="2020-09-12T18:54:10.045" threadId="00000000008A0980" success="true" from="nursery"/>
<exclusive-end id="4589" timestamp="2020-09-12T18:54:10.046" durationms="88.466" />

<exclusive-start id="4590" timestamp="2020-09-12T18:54:12.020" intervalms="2062.745">
  <response-info timems="1.508" idlems="1.251" threads="1" lastid="0000000000847B00" lastname="Group1.Backend.CompositeBackend{Tier1}.3" />
</exclusive-start>
<af-start id="4591" threadId="0000000000A3F380" totalBytesRequested="32" timestamp="2020-09-12T18:54:12.021" intervalms="2062.834" type="nursery" />
<cycle-start id="4592" type="scavenge" contextid="0" timestamp="2020-09-12T18:54:12.021" intervalms="2062.881" />
<gc-start id="4593" type="scavenge" contextid="4592" timestamp="2020-09-12T18:54:12.021">
  <mem-info id="4594" free="979402608" total="2911895552" percent="33">
    <mem type="nursery" free="0" total="939524096" percent="0">
      <mem type="allocate" free="0" total="779878400" percent="0" />
      <mem type="survivor" free="0" total="159645696" percent="0" />
    </mem>
    <mem type="tenure" free="979402608" total="1972371456" percent="49">
      <mem type="soa" free="900507504" total="1893476352" percent="47" />
      <mem type="loa" free="78895104" total="78895104" percent="100" />
    </mem>
    <remembered-set count="191361" />
  </mem-info>
</gc-start>
<allocation-stats totalBytes="673364992" >
  <allocated-bytes non-tlh="27837744" tlh="645527248" />
  <largest-consumer threadName="Group1.Backend.CompositeBackend{Tier1}.4" threadId="000000000082C800" bytes="88901560" />
</allocation-stats>
<gc-op id="4595" type="scavenge" timems="101.737" contextid="4592" timestamp="2020-09-12T18:54:12.123">
  <scavenger-info tenureage="3" tenuremask="7ff8" tiltratio="83" />
  <memory-copied type="nursery" objects="4204785" bytes="111888760" bytesdiscarded="190592" />
  <memory-copied type="tenure" objects="1024006" bytes="27658752" bytesdiscarded="75696" />
  <ownableSynchronizers candidates="3946" cleared="3628" />
  <references type="soft" candidates="276" cleared="0" enqueued="0" dynamicThreshold="18" maxThreshold="32" />
  <references type="weak" candidates="93" cleared="92" enqueued="0" />
</gc-op>
<gc-end id="4596" type="scavenge" contextid="4592" durationms="102.724" usertimems="733.161" systemtimems="0.000" timestamp="2020-09-12T18:54:12.124" activeThreads="8">
  <mem-info id="4597" free="1625035800" total="2911895552" percent="55">
    <mem type="nursery" free="673217272" total="939524096" percent="71">
      <mem type="allocate" free="673217272" total="785383424" percent="85" />
      <mem type="survivor" free="0" total="154140672" percent="0" />
    </mem>
    <mem type="tenure" free="951818528" total="1972371456" percent="48" macro-fragmented="0">
      <mem type="soa" free="872923424" total="1893476352" percent="46" />
      <mem type="loa" free="78895104" total="78895104" percent="100" />
    </mem>
    <remembered-set count="29184" />
  </mem-info>
</gc-end>
<cycle-end id="4598" type="scavenge" contextid="4592" timestamp="2020-09-12T18:54:12.125" />
<allocation-satisfied id="4599" threadId="0000000000A3EA00" bytesRequested="32" />
<af-end id="4600" timestamp="2020-09-12T18:54:12.125" threadId="0000000000A3F380" success="true" from="nursery"/>
<exclusive-end id="4601" timestamp="2020-09-12T18:54:12.125" durationms="105.395" />

<exclusive-start id="4602" timestamp="2020-09-12T18:54:13.961" intervalms="1941.104">
  <response-info timems="0.962" idlems="0.962" threads="0" lastid="00000000008AAD00" lastname="Group1.Backend.CompositeBackend{Tier1}.7" />
</exclusive-start>
<af-start id="4603" threadId="00000000008AB680" totalBytesRequested="32" timestamp="2020-09-12T18:54:13.962" intervalms="1940.903" type="nursery" />
<cycle-start id="4604" type="scavenge" contextid="0" timestamp="2020-09-12T18:54:13.962" intervalms="1940.855" />
<gc-start id="4605" type="scavenge" contextid="4604" timestamp="2020-09-12T18:54:13.962">
  <mem-info id="4606" free="951818528" total="2911895552" percent="32">
    <mem type="nursery" free="0" total="939524096" percent="0">
      <mem type="allocate" free="0" total="785383424" percent="0" />
      <mem type="survivor" free="0" total="154140672" percent="0" />
    </mem>
    <mem type="tenure" free="951818528" total="1972371456" percent="48">
      <mem type="soa" free="872923424" total="1893476352" percent="46" />
      <mem type="loa" free="78895104" total="78895104" percent="100" />
    </mem>
    <remembered-set count="186121" />
  </mem-info>
</gc-start>
<allocation-stats totalBytes="672921600" >
  <allocated-bytes non-tlh="40361224" tlh="632560376" />
  <largest-consumer threadName="Group1.Backend.CompositeBackend{Tier1}.1" threadId="0000000000781D00" bytes="100922672" />
</allocation-stats>
<gc-op id="4607" type="scavenge" timems="97.519" contextid="4604" timestamp="2020-09-12T18:54:14.060">
  <scavenger-info tenureage="3" tenuremask="7ff8" tiltratio="83" />
  <memory-copied type="nursery" objects="4567262" bytes="120393976" bytesdiscarded="522568" />
  <memory-copied type="tenure" objects="1001015" bytes="26901496" bytesdiscarded="70312" />
  <ownableSynchronizers candidates="3136" cleared="2825" />
  <references type="soft" candidates="260" cleared="0" enqueued="0" dynamicThreshold="18" maxThreshold="32" />
  <references type="weak" candidates="123" cleared="123" enqueued="0" />
</gc-op>
<gc-end id="4608" type="scavenge" contextid="4604" durationms="98.601" usertimems="754.018" systemtimems="3.252" timestamp="2020-09-12T18:54:14.060" activeThreads="8">
  <mem-info id="4609" free="1591001304" total="2911895552" percent="54">
    <mem type="nursery" free="666354232" total="939524096" percent="70">
      <mem type="allocate" free="666354232" total="787349504" percent="84" />
      <mem type="survivor" free="0" total="152174592" percent="0" />
    </mem>
    <mem type="tenure" free="924647072" total="1972371456" percent="46" macro-fragmented="0">
      <mem type="soa" free="845751968" total="1893476352" percent="44" />
      <mem type="loa" free="78895104" total="78895104" percent="100" />
    </mem>
    <remembered-set count="29801" />
  </mem-info>
</gc-end>
<cycle-end id="4610" type="scavenge" contextid="4604" timestamp="2020-09-12T18:54:14.062" />
<allocation-satisfied id="4611" threadId="00000000008AAD00" bytesRequested="32" />
<af-end id="4612" timestamp="2020-09-12T18:54:14.062" threadId="00000000008AB680" success="true" from="nursery"/>
<exclusive-end id="4613" timestamp="2020-09-12T18:54:14.062" durationms="101.149" />

<exclusive-start id="4614" timestamp="2020-09-12T18:54:16.022" intervalms="2061.403">
  <response-info timems="0.361" idlems="0.361" threads="0" lastid="0000000000873800" lastname="Group1.Backend.CompositeBackend{Tier1}.5" />
</exclusive-start>
<af-start id="4615" threadId="0000000000874180" totalBytesRequested="32" timestamp="2020-09-12T18:54:16.023" intervalms="2061.352" type="nursery" />
<cycle-start id="4616" type="scavenge" contextid="0" timestamp="2020-09-12T18:54:16.023" intervalms="2061.342" />
<gc-start id="4617" type="scavenge" contextid="4616" timestamp="2020-09-12T18:54:16.023">
  <mem-info id="4618" free="924647072" total="2911895552" percent="31">
    <mem type="nursery" free="0" total="939524096" percent="0">
      <mem type="allocate" free="0" total="787349504" percent="0" />
      <mem type="survivor" free="0" total="152174592" percent="0" />
    </mem>
    <mem type="tenure" free="924647072" total="1972371456" percent="46">
      <mem type="soa" free="845751968" total="1893476352" percent="44" />
      <mem type="loa" free="78895104" total="78895104" percent="100" />
    </mem>
    <remembered-set count="191121" />
  </mem-info>
</gc-start>
<allocation-stats totalBytes="666030776" >
  <allocated-bytes non-tlh="31666528" tlh="634364248" />
  <largest-consumer threadName="Group1.Backend.CompositeBackend{Tier1}.2" threadId="00000000007F7500" bytes="88653896" />
</allocation-stats>
<gc-op id="4619" type="scavenge" timems="113.782" contextid="4616" timestamp="2020-09-12T18:54:16.137">
  <scavenger-info tenureage="3" tenuremask="7ff8" tiltratio="83" />
  <memory-copied type="nursery" objects="4462636" bytes="118191912" bytesdiscarded="156912" />
  <memory-copied type="tenure" objects="1115655" bytes="29992640" bytesdiscarded="98904" />
  <ownableSynchronizers candidates="3379" cleared="3088" />
  <references type="soft" candidates="245" cleared="0" enqueued="0" dynamicThreshold="18" maxThreshold="32" />
  <references type="weak" candidates="108" cleared="108" enqueued="0" />
</gc-op>
<gc-end id="4620" type="scavenge" contextid="4616" durationms="114.720" usertimems="859.805" systemtimems="0.000" timestamp="2020-09-12T18:54:16.138" activeThreads="8">
  <mem-info id="4621" free="1566954040" total="2911895552" percent="53">
    <mem type="nursery" free="672389072" total="939524096" percent="71">
      <mem type="allocate" free="672389072" total="790822912" percent="85" />
      <mem type="survivor" free="0" total="148701184" percent="0" />
    </mem>
    <mem type="tenure" free="894564968" total="1972371456" percent="45" macro-fragmented="0">
      <mem type="soa" free="815669864" total="1893476352" percent="43" />
      <mem type="loa" free="78895104" total="78895104" percent="100" />
    </mem>
    <remembered-set count="29476" />
  </mem-info>
</gc-end>
<cycle-end id="4622" type="scavenge" contextid="4616" timestamp="2020-09-12T18:54:16.139" />
<allocation-satisfied id="4623" threadId="0000000000873800" bytesRequested="32" />
<af-end id="4624" timestamp="2020-09-12T18:54:16.139" threadId="0000000000874180" success="true" from="nursery"/>
<exclusive-end id="4625" timestamp="2020-09-12T18:54:16.139" durationms="116.999" />

<exclusive-start id="4626" timestamp="2020-09-12T18:54:18.082" intervalms="2059.735">
  <response-info timems="0.377" idlems="0.377" threads="0" lastid="00000000007F7500" lastname="Group1.Backend.CompositeBackend{Tier1}.2" />
</exclusive-start>
<af-start id="4627" threadId="00000000007F7E80" totalBytesRequested="24" timestamp="2020-09-12T18:54:18.083" intervalms="2059.935" type="nursery" />
<cycle-start id="4628" type="scavenge" contextid="0" timestamp="2020-09-12T18:54:18.083" intervalms="2060.052" />
<gc-start id="4629" type="scavenge" contextid="4628" timestamp="2020-09-12T18:54:18.083">
  <mem-info id="4630" free="894564968" total="2911895552" percent="30">
    <mem type="nursery" free="0" total="939524096" percent="0">
      <mem type="allocate" free="0" total="790822912" percent="0" />
      <mem type="survivor" free="0" total="148701184" percent="0" />
    </mem>
    <mem type="tenure" free="894564968" total="1972371456" percent="45">
      <mem type="soa" free="815669864" total="1893476352" percent="43" />
      <mem type="loa" free="78895104" total="78895104" percent="100" />
    </mem>
    <remembered-set count="191173" />
  </mem-info>
</gc-start>
<allocation-stats totalBytes="672080904" >
  <allocated-bytes non-tlh="29637712" tlh="642443192" />
  <largest-consumer threadName="Group1.Backend.CompositeBackend{Tier1}.3" threadId="0000000000847B00" bytes="96367112" />
</allocation-stats>
<gc-op id="4631" type="scavenge" timems="128.543" contextid="4628" timestamp="2020-09-12T18:54:18.212">
  <scavenger-info tenureage="3" tenuremask="7ff8" tiltratio="84" />
  <memory-copied type="nursery" objects="4283802" bytes="113562960" bytesdiscarded="320840" />
  <memory-copied type="tenure" objects="1113602" bytes="29944640" bytesdiscarded="78080" />
  <ownableSynchronizers candidates="3074" cleared="2819" />
  <references type="soft" candidates="216" cleared="0" enqueued="0" dynamicThreshold="18" maxThreshold="32" />
  <references type="weak" candidates="122" cleared="122" enqueued="0" />
</gc-op>
<gc-end id="4632" type="scavenge" contextid="4628" durationms="129.616" usertimems="894.377" systemtimems="10.439" timestamp="2020-09-12T18:54:18.213" activeThreads="8">
  <mem-info id="4633" free="1544970360" total="2911895552" percent="53">
    <mem type="nursery" free="680130024" total="939524096" percent="72">
      <mem type="allocate" free="680130024" total="794099712" percent="85" />
      <mem type="survivor" free="0" total="145424384" percent="0" />
    </mem>
    <mem type="tenure" free="864840336" total="1972371456" percent="43" macro-fragmented="0">
      <mem type="soa" free="785945232" total="1893476352" percent="41" />
      <mem type="loa" free="78895104" total="78895104" percent="100" />
    </mem>
    <remembered-set count="30654" />
  </mem-info>
</gc-end>
<cycle-end id="4634" type="scavenge" contextid="4628" timestamp="2020-09-12T18:54:18.214" />
<allocation-satisfied id="4635" threadId="00000000007F7500" bytesRequested="24" />
<af-end id="4636" timestamp="2020-09-12T18:54:18.214" threadId="00000000007F7E80" success="true" from="nursery"/>
<exclusive-end id="4637" timestamp="2020-09-12T18:54:18.214" durationms="132.079" />

<exclusive-start id="4638" timestamp="2020-09-12T18:54:20.169" intervalms="2087.061">
  <response-info timems="0.429" idlems="0.429" threads="0" lastid="000000000082C800" lastname="Group1.Backend.CompositeBackend{Tier1}.4" />
</exclusive-start>
<af-start id="4639" threadId="000000000082D180" totalBytesRequested="32" timestamp="2020-09-12T18:54:20.170" intervalms="2087.009" type="nursery" />
<cycle-start id="4640" type="scavenge" contextid="0" timestamp="2020-09-12T18:54:20.170" intervalms="2086.911" />
<gc-start id="4641" type="scavenge" contextid="4640" timestamp="2020-09-12T18:54:20.170">
  <mem-info id="4642" free="864840336" total="2911895552" percent="29">
    <mem type="nursery" free="0" total="939524096" percent="0">
      <mem type="allocate" free="0" total="794099712" percent="0" />
      <mem type="survivor" free="0" total="145424384" percent="0" />
    </mem>
    <mem type="tenure" free="864840336" total="1972371456" percent="43">
      <mem type="soa" free="785945232" total="1893476352" percent="41" />
      <mem type="loa" free="78895104" total="78895104" percent="100" />
    </mem>
    <remembered-set count="194188" />
  </mem-info>
</gc-start>
<allocation-stats totalBytes="679775912" >
  <allocated-bytes non-tlh="31207936" tlh="648567976" />
  <largest-consumer threadName="Group1.Backend.CompositeBackend{Tier1}.2" threadId="00000000007F7500" bytes="84478944" />
</allocation-stats>
<gc-op id="4643" type="scavenge" timems="91.725" contextid="4640" timestamp="2020-09-12T18:54:20.262">
  <scavenger-info tenureage="3" tenuremask="7ff8" tiltratio="84" />
  <memory-copied type="nursery" objects="4098326" bytes="109790144" bytesdiscarded="216456" />
  <memory-copied type="tenure" objects="1034621" bytes="27789968" bytesdiscarded="64568" />
  <ownableSynchronizers candidates="4781" cleared="4505" />
  <references type="soft" candidates="239" cleared="0" enqueued="0" dynamicThreshold="18" maxThreshold="32" />
  <references type="weak" candidates="107" cleared="107" enqueued="0" />
</gc-op>
<gc-end id="4644" type="scavenge" contextid="4640" durationms="92.772" usertimems="713.199" systemtimems="0.000" timestamp="2020-09-12T18:54:20.263" activeThreads="8">
  <mem-info id="4645" free="1524520328" total="2911895552" percent="52">
    <mem type="nursery" free="687609088" total="939524096" percent="73">
      <mem type="allocate" free="687609088" total="797704192" percent="86" />
      <mem type="survivor" free="0" total="141819904" percent="0" />
    </mem>
    <mem type="tenure" free="836911240" total="1972371456" percent="42" macro-fragmented="0">
      <mem type="soa" free="758016136" total="1893476352" percent="40" />
      <mem type="loa" free="78895104" total="78895104" percent="100" />
    </mem>
    <remembered-set count="29939" />
  </mem-info>
</gc-end>
<cycle-end id="4646" type="scavenge" contextid="4640" timestamp="2020-09-12T18:54:20.264" />
<allocation-satisfied id="4647" threadId="000000000082C800" bytesRequested="32" />
<af-end id="4648" timestamp="2020-09-12T18:54:20.264" threadId="000000000082D180" success="true" from="nursery"/>
<exclusive-end id="4649" timestamp="2020-09-12T18:54:20.264" durationms="95.382" />

<exclusive-start id="4650" timestamp="2020-09-12T18:54:22.264" intervalms="2094.426">
  <response-info timems="0.458" idlems="0.458" threads="0" lastid="00000000008A0000" lastname="Group1.Backend.CompositeBackend{Tier1}.6" />
</exclusive-start>
<af-start id="4651" threadId="00000000008A0980" totalBytesRequested="144" timestamp="2020-09-12T18:54:22.264" intervalms="2094.282" type="nursery" />
<cycle-start id="4652" type="scavenge" contextid="0" timestamp="2020-09-12T18:54:22.264" intervalms="2094.268" />
<gc-start id="4653" type="scavenge" contextid="4652" timestamp="2020-09-12T18:54:22.265">
  <mem-info id="4654" free="836911240" total="2911895552" percent="28">
    <mem type="nursery" free="0" total="939524096" percent="0">
      <mem type="allocate" free="0" total="797704192" percent="0" />
      <mem type="survivor" free="0" total="141819904" percent="0" />
    </mem>
    <mem type="tenure" free="836911240" total="1972371456" percent="42">
      <mem type="soa" free="758016136" total="1893476352" percent="40" />
      <mem type="loa" free="78895104" total="78895104" percent="100" />
    </mem>
    <remembered-set count="193498" />
  </mem-info>
</gc-start>
<allocation-stats totalBytes="687291640" >
  <allocated-bytes non-tlh="30327080" tlh="656964560" />
  <largest-consumer threadName="Group1.Backend.CompositeBackend{Tier1}.8" threadId="00000000008AF400" bytes="86993760" />
</allocation-stats>
<gc-op id="4655" type="scavenge" timems="106.740" contextid="4652" timestamp="2020-09-12T18:54:22.371">
  <scavenger-info tenureage="3" tenuremask="7ff8" tiltratio="84" />
  <memory-copied type="nursery" objects="4103089" bytes="109843408" bytesdiscarded="184720" />
  <memory-copied type="tenure" objects="1058293" bytes="28437176" bytesdiscarded="63200" />
  <ownableSynchronizers candidates="3643" cleared="3359" />
  <references type="soft" candidates="230" cleared="0" enqueued="0" dynamicThreshold="18" maxThreshold="32" />
  <references type="weak" candidates="107" cleared="107" enqueued="0" />
</gc-op>
<gc-end id="4656" type="scavenge" contextid="4652" durationms="107.780" usertimems="800.179" systemtimems="3.269" timestamp="2020-09-12T18:54:22.372" activeThreads="8">
  <mem-info id="4657" free="1499752072" total="2911895552" percent="51">
    <mem type="nursery" free="691331320" total="939524096" percent="73">
      <mem type="allocate" free="691331320" total="801439744" percent="86" />
      <mem type="survivor" free="0" total="138084352" percent="0" />
    </mem>
    <mem type="tenure" free="808420752" total="1972371456" percent="40" macro-fragmented="0">
      <mem type="soa" free="729525648" total="1893476352" percent="38" />
      <mem type="loa" free="78895104" total="78895104" percent="100" />
    </mem>
    <remembered-set count="30079" />
  </mem-info>
</gc-end>
<cycle-end id="4658" type="scavenge" contextid="4652" timestamp="2020-09-12T18:54:22.374" />
<allocation-satisfied id="4659" threadId="00000000008A0000" bytesRequested="144" />
<af-end id="4660" timestamp="2020-09-12T18:54:22.374" threadId="00000000008A0980" success="true" from="nursery"/>
<exclusive-end id="4661" timestamp="2020-09-12T18:54:22.375" durationms="111.017" />

<exclusive-start id="4662" timestamp="2020-09-12T18:54:24.346" intervalms="2082.779">
  <response-info timems="6.205" idlems="6.140" threads="1" lastid="00000000008AF400" lastname="Group1.Backend.CompositeBackend{Tier1}.8" />
</exclusive-start>
<af-start id="4663" threadId="000000000097FF80" totalBytesRequested="32" timestamp="2020-09-12T18:54:24.347" intervalms="2082.744" type="nursery" />
<cycle-start id="4664" type="scavenge" contextid="0" timestamp="2020-09-12T18:54:24.347" intervalms="2082.739" />
<gc-start id="4665" type="scavenge" contextid="4664" timestamp="2020-09-12T18:54:24.347">
  <mem-info id="4666" free="808420752" total="2911895552" percent="27">
    <mem type="nursery" free="0" total="939524096" percent="0">
      <mem type="allocate" free="0" total="801439744" percent="0" />
      <mem type="survivor" free="0" total="138084352" percent="0" />
    </mem>
    <mem type="tenure" free="808420752" total="1972371456" percent="40">
      <mem type="soa" free="729525648" total="1893476352" percent="38" />
      <mem type="loa" free="78895104" total="78895104" percent="100" />
    </mem>
    <remembered-set count="192204" />
  </mem-info>
</gc-start>
<allocation-stats totalBytes="690994104" >
  <allocated-bytes non-tlh="35203528" tlh="655790576" />
  <largest-consumer threadName="Group1.Backend.CompositeBackend{Tier1}.4" threadId="000000000082C800" bytes="88369376" />
</allocation-stats>
<gc-op id="4667" type="scavenge" timems="98.024" contextid="4664" timestamp="2020-09-12T18:54:24.445">
  <scavenger-info tenureage="3" tenuremask="7ff8" tiltratio="85" />
  <memory-copied type="nursery" objects="4039182" bytes="108460928" bytesdiscarded="285192" />
  <memory-copied type="tenure" objects="1090300" bytes="29330696" bytesdiscarded="65496" />
  <ownableSynchronizers candidates="4622" cleared="4303" />
  <references type="soft" candidates="259" cleared="0" enqueued="0" dynamicThreshold="18" maxThreshold="32" />
  <references type="weak" candidates="115" cleared="114" enqueued="0" />
</gc-op>
<gc-end id="4668" type="scavenge" contextid="4664" durationms="98.715" usertimems="705.321" systemtimems="3.179" timestamp="2020-09-12T18:54:24.446" activeThreads="8">
  <mem-info id="4669" free="1474742120" total="2911895552" percent="50">
    <mem type="nursery" free="695626496" total="939524096" percent="74">
      <mem type="allocate" free="695626496" total="804454400" percent="86" />
      <mem type="survivor" free="0" total="135069696" percent="0" />
    </mem>
    <mem type="tenure" free="779115624" total="1972371456" percent="39" macro-fragmented="0">
      <mem type="soa" free="700220520" total="1893476352" percent="36" />
      <mem type="loa" free="78895104" total="78895104" percent="100" />
    </mem>
    <remembered-set count="31348" />
  </mem-info>
</gc-end>
<cycle-end id="4670" type="scavenge" contextid="4664" timestamp="2020-09-12T18:54:24.447" />
<allocation-satisfied id="4671" threadId="000000000097F600" bytesRequested="32" />
<af-end id="4672" timestamp="2020-09-12T18:54:24.447" threadId="000000000097FF80" success="true" from="nursery"/>
<exclusive-end id="4673" timestamp="2020-09-12T18:54:24.447" durationms="100.926" />

<exclusive-start id="4674" timestamp="2020-09-12T18:54:26.467" intervalms="2120.211">
  <response-info timems="0.409" idlems="0.309" threads="1" lastid="0000000000847B00" lastname="Group1.Backend.CompositeBackend{Tier1}.3" />
</exclusive-start>
<af-start id="4675" threadId="00000000008AB680" totalBytesRequested="80" timestamp="2020-09-12T18:54:26.467" intervalms="2120.334" type="nursery" />
<cycle-start id="4676" type="scavenge" contextid="0" timestamp="2020-09-12T18:54:26.467" intervalms="2120.325" />
<gc-start id="4677" type="scavenge" contextid="4676" timestamp="2020-09-12T18:54:26.468">
  <mem-info id="4678" free="779115624" total="2911895552" percent="26">
    <mem type="nursery" free="0" total="939524096" percent="0">
      <mem type="allocate" free="0" total="804454400" percent="0" />
      <mem type="survivor" free="0" total="135069696" percent="0" />
    </mem>
    <mem type="tenure" free="779115624" total="1972371456" percent="39">
      <mem type="soa" free="700220520" total="1893476352" percent="36" />
      <mem type="loa" free="78895104" total="78895104" percent="100" />
    </mem>
    <remembered-set count="196386" />
  </mem-info>
</gc-start>
<allocation-stats totalBytes="695299696" >
  <allocated-bytes non-tlh="30743864" tlh="664555832" />
  <largest-consumer threadName="Group1.Backend.CompositeBackend{Tier1}.1" threadId="0000000000781D00" bytes="99297680" />
</allocation-stats>
<gc-op id="4679" type="scavenge" timems="112.875" contextid="4676" timestamp="2020-09-12T18:54:26.580">
  <scavenger-info tenureage="3" tenuremask="7ff8" tiltratio="85" />
  <memory-copied type="nursery" objects="4315012" bytes="114761960" bytesdiscarded="326072" />
  <memory-copied type="tenure" objects="1083455" bytes="29124096" bytesdiscarded="83024" />
  <ownableSynchronizers candidates="3690" cleared="3357" />
  <references type="soft" candidates="239" cleared="0" enqueued="0" dynamicThreshold="18" maxThreshold="32" />
  <references type="weak" candidates="102" cleared="102" enqueued="0" />
</gc-op>
<gc-end id="4680" type="scavenge" contextid="4676" durationms="113.884" usertimems="827.307" systemtimems="0.296" timestamp="2020-09-12T18:54:26.581" activeThreads="8">
  <mem-info id="4681" free="1438475104" total="2911895552" percent="49">
    <mem type="nursery" free="688820784" total="939524096" percent="73">
      <mem type="allocate" free="688820784" total="803995648" percent="85" />
      <mem type="survivor" free="0" total="135528448" percent="0" />
    </mem>
    <mem type="tenure" free="749654320" total="1972371456" percent="38" macro-fragmented="0">
      <mem type="soa" free="670759216" total="1893476352" percent="35" />
      <mem type="loa" free="78895104" total="78895104" percent="100" />
    </mem>
    <remembered-set count="31709" />
  </mem-info>
</gc-end>
<cycle-end id="4682" type="scavenge" contextid="4676" timestamp="2020-09-12T18:54:26.583" />
<allocation-satisfied id="4683" threadId="00000000008AAD00" bytesRequested="80" />
<af-end id="4684" timestamp="2020-09-12T18:54:26.583" threadId="00000000008AB680" success="true" from="nursery"/>
<exclusive-end id="4685" timestamp="2020-09-12T18:54:26.583" durationms="116.609" />

<exclusive-start id="4686" timestamp="2020-09-12T18:54:28.524" intervalms="2057.227">
  <response-info timems="1.140" idlems="1.140" threads="0" lastid="0000000000781D00" lastname="Group1.Backend.CompositeBackend{Tier1}.1" />
</exclusive-start>
<af-start id="4687" threadId="0000000000782680" totalBytesRequested="16" timestamp="2020-09-12T18:54:28.524" intervalms="2057.175" type="nursery" />
<cycle-start id="4688" type="scavenge" contextid="0" timestamp="2020-09-12T18:54:28.524" intervalms="2057.191" />
<gc-start id="4689" type="scavenge" contextid="4688" timestamp="2020-09-12T18:54:28.525">
  <mem-info id="4690" free="749654320" total="2911895552" percent="25">
    <mem type="nursery" free="0" total="939524096" percent="0">
      <mem type="allocate" free="0" total="803995648" percent="0" />
      <mem type="survivor" free="0" total="135528448" percent="0" />
    </mem>
    <mem type="tenure" free="749654320" total="1972371456" percent="38">
      <mem type="soa" free="670759216" total="1893476352" percent="35" />
      <mem type="loa" free="78895104" total="78895104" percent="100" />
    </mem>
    <remembered-set count="193473" />
  </mem-info>
</gc-start>
<allocation-stats totalBytes="688494864" >
  <allocated-bytes non-tlh="35631144" tlh="652863720" />
  <largest-consumer threadName="Group1.Backend.CompositeBackend{Tier1}.5" threadId="0000000000873800" bytes="101989720" />
</allocation-stats>
<gc-op id="4691" type="scavenge" timems="97.817" contextid="4688" timestamp="2020-09-12T18:54:28.623">
  <scavenger-info tenureage="3" tenuremask="7ff8" tiltratio="85" />
  <memory-copied type="nursery" objects="4070782" bytes="109177488" bytesdiscarded="140816" />
  <memory-copied type="tenure" objects="1096811" bytes="29486040" bytesdiscarded="83928" />
  <ownableSynchronizers candidates="4767" cleared="4436" />
  <references type="soft" candidates="272" cleared="0" enqueued="0" dynamicThreshold="18" maxThreshold="32" />
  <references type="weak" candidates="127" cleared="127" enqueued="0" />
</gc-op>
<gc-end id="4692" type="scavenge" contextid="4688" durationms="98.744" usertimems="728.338" systemtimems="0.000" timestamp="2020-09-12T18:54:28.623" activeThreads="8">
  <mem-info id="4693" free="1416195944" total="2911895552" percent="48">
    <mem type="nursery" free="695967736" total="939524096" percent="74">
      <mem type="allocate" free="695967736" total="805371904" percent="86" />
      <mem type="survivor" free="0" total="134152192" percent="0" />
    </mem>
    <mem type="tenure" free="720228208" total="1972371456" percent="36" macro-fragmented="0">
      <mem type="soa" free="641333104" total="1893476352" percent="33" />
      <mem type="loa" free="78895104" total="78895104" percent="100" />
    </mem>
    <remembered-set count="31738" />
  </mem-info>
</gc-end>
<cycle-end id="4694" type="scavenge" contextid="4688" timestamp="2020-09-12T18:54:28.625" />
<allocation-satisfied id="4695" threadId="0000000000781D00" bytesRequested="16" />
<af-end id="4696" timestamp="2020-09-12T18:54:28.625" threadId="0000000000782680" success="true" from="nursery"/>
<exclusive-end id="4697" timestamp="2020-09-12T18:54:28.625" durationms="101.289" />

<exclusive-start id="4698" timestamp="2020-09-12T18:54:30.651" intervalms="2127.015">
  <response-info timems="8.194" idlems="8.194" threads="0" lastid="0000000000A93100" lastname="Group1.Backend.CompositeBackend{Tier3}.6" />
</exclusive-start>
<af-start id="4699" threadId="0000000000A93A80" totalBytesRequested="40" timestamp="2020-09-12T18:54:30.652" intervalms="2127.173" type="nursery" />
<cycle-start id="4700" type="scavenge" contextid="0" timestamp="2020-09-12T18:54:30.652" intervalms="2127.209" />
<gc-start id="4701" type="scavenge" contextid="4700" timestamp="2020-09-12T18:54:30.652">
  <mem-info id="4702" free="720228208" total="2911895552" percent="24">
    <mem type="nursery" free="0" total="939524096" percent="0">
      <mem type="allocate" free="0" total="805371904" percent="0" />
      <mem type="survivor" free="0" total="134152192" percent="0" />
    </mem>
    <mem type="tenure" free="720228208" total="1972371456" percent="36">
      <mem type="soa" free="641333104" total="1893476352" percent="33" />
      <mem type="loa" free="78895104" total="78895104" percent="100" />
    </mem>
    <remembered-set count="195513" />
  </mem-info>
</gc-start>
<allocation-stats totalBytes="695617640" >
  <allocated-bytes non-tlh="32695448" tlh="662922192" />
  <largest-consumer threadName="Group1.Backend.CompositeBackend{Tier1}.5" threadId="0000000000873800" bytes="99233336" />
</allocation-stats>
<gc-op id="4703" type="scavenge" timems="136.573" contextid="4700" timestamp="2020-09-12T18:54:30.789">
  <scavenger-info tenureage="3" tenuremask="7ff8" tiltratio="85" />
  <memory-copied type="nursery" objects="4289489" bytes="114585408" bytesdiscarded="105504" />
  <memory-copied type="tenure" objects="1068672" bytes="28728168" bytesdiscarded="64896" />
  <ownableSynchronizers candidates="3631" cleared="3294" />
  <references type="soft" candidates="272" cleared="0" enqueued="0" dynamicThreshold="18" maxThreshold="32" />
  <references type="weak" candidates="108" cleared="107" enqueued="0" />
</gc-op>
<gc-end id="4704" type="scavenge" contextid="4700" durationms="137.660" usertimems="995.280" systemtimems="28.599" timestamp="2020-09-12T18:54:30.790" activeThreads="8">
  <mem-info id="4705" free="1381712568" total="2911895552" percent="47">
    <mem type="nursery" free="690394608" total="939524096" percent="73">
      <mem type="allocate" free="690394608" total="805175296" percent="85" />
      <mem type="survivor" free="0" total="134348800" percent="0" />
    </mem>
    <mem type="tenure" free="691317960" total="1972371456" percent="35" macro-fragmented="0">
      <mem type="soa" free="612422856" total="1893476352" percent="32" />
      <mem type="loa" free="78895104" total="78895104" percent="100" />
    </mem>
    <remembered-set count="32756" />
  </mem-info>
</gc-end>
<cycle-end id="4706" type="scavenge" contextid="4700" timestamp="2020-09-12T18:54:30.791" />
<allocation-satisfied id="4707" threadId="0000000000A93100" bytesRequested="40" />
<af-end id="4708" timestamp="2020-09-12T18:54:30.791" threadId="0000000000A93A80" success="true" from="nursery"/>
<exclusive-end id="4709" timestamp="2020-09-12T18:54:30.791" durationms="140.131" />

<exclusive-start id="4710" timestamp="2020-09-12T18:54:32.722" intervalms="2070.878">
  <response-info timems="3.462" idlems="3.462" threads="0" lastid="00000000008A0000" lastname="Group1.Backend.CompositeBackend{Tier1}.6" />
</exclusive-start>
<af-start id="4711" threadId="00000000008A0980" totalBytesRequested="16" timestamp="2020-09-12T18:54:32.722" intervalms="2070.970" type="nursery" />
<cycle-start id="4712" type="scavenge" contextid="0" timestamp="2020-09-12T18:54:32.723" intervalms="2070.936" />
<gc-start id="4713" type="scavenge" contextid="4712" timestamp="2020-09-12T18:54:32.723">
  <mem-info id="4714" free="691317960" total="2911895552" percent="23">
    <mem type="nursery" free="0" total="939524096" percent="0">
      <mem type="allocate" free="0" total="805175296" percent="0" />
      <mem type="survivor" free="0" total="134348800" percent="0" />
    </mem>
    <mem type="tenure" free="691317960" total="1972371456" percent="35">
      <mem type="soa" free="612422856" total="1893476352" percent="32" />
      <mem type="loa" free="78895104" total="78895104" percent="100" />
    </mem>
    <remembered-set count="196023" />
  </mem-info>
</gc-start>
<allocation-stats totalBytes="690050608" >
  <allocated-bytes non-tlh="32293512" tlh="657757096" />
  <largest-consumer threadName="Group1.Backend.CompositeBackend{Tier1}.4" threadId="000000000082C800" bytes="115663632" />
</allocation-stats>
<gc-op id="4715" type="scavenge" timems="97.297" contextid="4712" timestamp="2020-09-12T18:54:32.820">
  <scavenger-info tenureage="3" tenuremask="7ff8" tiltratio="85" />
  <memory-copied type="nursery" objects="4074099" bytes="109280448" bytesdiscarded="264024" />
  <memory-copied type="tenure" objects="1105688" bytes="29694760" bytesdiscarded="66960" />
  <ownableSynchronizers candidates="3543" cleared="3229" />
  <references type="soft" candidates="290" cleared="0" enqueued="0" dynamicThreshold="18" maxThreshold="32" />
  <references type="weak" candidates="117" cleared="117" enqueued="0" />
</gc-op>
<gc-end id="4716" type="scavenge" contextid="4712" durationms="98.133" usertimems="709.492" systemtimems="5.090" timestamp="2020-09-12T18:54:32.821" activeThreads="8">
  <mem-info id="4717" free="1358283760" total="2911895552" percent="46">
    <mem type="nursery" free="696730624" total="939524096" percent="74">
      <mem type="allocate" free="696730624" total="806354944" percent="86" />
      <mem type="survivor" free="0" total="133169152" percent="0" />
    </mem>
    <mem type="tenure" free="661553136" total="1972371456" percent="33" macro-fragmented="0">
      <mem type="soa" free="582658032" total="1893476352" percent="30" />
      <mem type="loa" free="78895104" total="78895104" percent="100" />
    </mem>
    <remembered-set count="30681" />
  </mem-info>
</gc-end>
<cycle-end id="4718" type="scavenge" contextid="4712" timestamp="2020-09-12T18:54:32.822" />
<allocation-satisfied id="4719" threadId="00000000008A0000" bytesRequested="16" />
<af-end id="4720" timestamp="2020-09-12T18:54:32.822" threadId="00000000008A0980" success="true" from="nursery"/>
<exclusive-end id="4721" timestamp="2020-09-12T18:54:32.823" durationms="101.146" />

<exclusive-start id="4722" timestamp="2020-09-12T18:54:34.901" intervalms="2179.842">
  <response-info timems="0.416" idlems="0.416" threads="0" lastid="0000000000873800" lastname="Group1.Backend.CompositeBackend{Tier1}.5" />
</exclusive-start>
<af-start id="4723" threadId="0000000000874180" totalBytesRequested="520" timestamp="2020-09-12T18:54:34.902" intervalms="2179.704" type="nursery" />
<cycle-start id="4724" type="scavenge" contextid="0" timestamp="2020-09-12T18:54:34.902" intervalms="2179.723" />
<gc-start id="4725" type="scavenge" contextid="4724" timestamp="2020-09-12T18:54:34.903">
  <mem-info id="4726" free="661553136" total="2911895552" percent="22">
    <mem type="nursery" free="0" total="939524096" percent="0">
      <mem type="allocate" free="0" total="806354944" percent="0" />
      <mem type="survivor" free="0" total="133169152" percent="0" />
    </mem>
    <mem type="tenure" free="661553136" total="1972371456" percent="33">
      <mem type="soa" free="582658032" total="1893476352" percent="30" />
      <mem type="loa" free="78895104" total="78895104" percent="100" />
    </mem>
    <remembered-set count="196359" />
  </mem-info>
</gc-start>
<allocation-stats totalBytes="696404944" >
  <allocated-bytes non-tlh="29470784" tlh="666934160" />
  <largest-consumer threadName="Group1.Backend.CompositeBackend{Tier1}.1" threadId="0000000000781D00" bytes="97609200" />
</allocation-stats>
<gc-op id="4727" type="scavenge" timems="111.087" contextid="4724" timestamp="2020-09-12T18:54:35.014">
  <scavenger-info tenureage="3" tenuremask="7ff8" tiltratio="85" />
  <memory-copied type="nursery" objects="4171205" bytes="111837672" bytesdiscarded="168320" />
  <memory-copied type="tenure" objects="1059693" bytes="28489592" bytesdiscarded="87400" />
  <ownableSynchronizers candidates="4715" cleared="4369" />
  <references type="soft" candidates="293" cleared="0" enqueued="0" dynamicThreshold="18" maxThreshold="32" />
  <references type="weak" candidates="122" cleared="122" enqueued="0" />
</gc-op>
<gc-end id="4728" type="scavenge" contextid="4724" durationms="112.105" usertimems="696.087" systemtimems="0.000" timestamp="2020-09-12T18:54:35.015" activeThreads="8">
  <mem-info id="4729" free="1328290488" total="2911895552" percent="45">
    <mem type="nursery" free="695246080" total="939524096" percent="73">
      <mem type="allocate" free="695246080" total="807337984" percent="86" />
      <mem type="survivor" free="0" total="132186112" percent="0" />
    </mem>
    <mem type="tenure" free="633044408" total="1972371456" percent="32" macro-fragmented="0">
      <mem type="soa" free="554149304" total="1893476352" percent="29" />
      <mem type="loa" free="78895104" total="78895104" percent="100" />
    </mem>
    <remembered-set count="31556" />
  </mem-info>
</gc-end>
<cycle-end id="4730" type="scavenge" contextid="4724" timestamp="2020-09-12T18:54:35.017" />
<allocation-satisfied id="4731" threadId="0000000000873800" bytesRequested="520" />
<af-end id="4732" timestamp="2020-09-12T18:54:35.017" threadId="0000000000874180" success="true" from="nursery"/>
<exclusive-end id="4733" timestamp="2020-09-12T18:54:35.017" durationms="115.151" />

<exclusive-start id="4734" timestamp="2020-09-12T18:54:36.995" intervalms="2093.598">
  <response-info timems="0.346" idlems="0.334" threads="1" lastid="00000000008A0000" lastname="Group1.Backend.CompositeBackend{Tier1}.6" />
</exclusive-start>
<af-start id="4735" threadId="0000000000874180" totalBytesRequested="784" timestamp="2020-09-12T18:54:36.996" intervalms="2093.504" type="nursery" />
<cycle-start id="4736" type="scavenge" contextid="0" timestamp="2020-09-12T18:54:36.996" intervalms="2093.483" />
<gc-start id="4737" type="scavenge" contextid="4736" timestamp="2020-09-12T18:54:36.996">
  <mem-info id="4738" free="633044408" total="2911895552" percent="21">
    <mem type="nursery" free="0" total="939524096" percent="0">
      <mem type="allocate" free="0" total="807337984" percent="0" />
      <mem type="survivor" free="0" total="132186112" percent="0" />
    </mem>
    <mem type="tenure" free="633044408" total="1972371456" percent="32">
      <mem type="soa" free="554149304" total="1893476352" percent="29" />
      <mem type="loa" free="78895104" total="78895104" percent="100" />
    </mem>
    <remembered-set count="194718" />
  </mem-info>
</gc-start>
<allocation-stats totalBytes="694897536" >
  <allocated-bytes non-tlh="36991680" tlh="657905856" />
  <largest-consumer threadName="Group1.Backend.CompositeBackend{Tier1}.4" threadId="000000000082C800" bytes="104786592" />
</allocation-stats>
<gc-op id="4739" type="scavenge" timems="114.239" contextid="4736" timestamp="2020-09-12T18:54:37.110">
  <scavenger-info tenureage="3" tenuremask="7ff8" tiltratio="85" />
  <memory-copied type="nursery" objects="4167323" bytes="111726056" bytesdiscarded="187600" />
  <memory-copied type="tenure" objects="1101956" bytes="29610888" bytesdiscarded="77576" />
  <ownableSynchronizers candidates="3739" cleared="3424" />
  <references type="soft" candidates="275" cleared="0" enqueued="0" dynamicThreshold="18" maxThreshold="32" />
  <references type="weak" candidates="128" cleared="127" enqueued="0" />
</gc-op>
<gc-end id="4740" type="scavenge" contextid="4736" durationms="115.058" usertimems="779.981" systemtimems="5.144" timestamp="2020-09-12T18:54:37.111" activeThreads="8">
  <mem-info id="4741" free="1300092944" total="2911895552" percent="44">
    <mem type="nursery" free="696713728" total="939524096" percent="74">
      <mem type="allocate" free="696713728" total="808714240" percent="86" />
      <mem type="survivor" free="0" total="130809856" percent="0" />
    </mem>
    <mem type="tenure" free="603379216" total="1972371456" percent="30" macro-fragmented="0">
      <mem type="soa" free="524484112" total="1893476352" percent="27" />
      <mem type="loa" free="78895104" total="78895104" percent="100" />
    </mem>
    <remembered-set count="30189" />
  </mem-info>
</gc-end>
<cycle-end id="4742" type="scavenge" contextid="4736" timestamp="2020-09-12T18:54:37.113" />
<allocation-satisfied id="4743" threadId="0000000000873800" bytesRequested="784" />
<af-end id="4744" timestamp="2020-09-12T18:54:37.113" threadId="0000000000874180" success="true" from="nursery"/>
<exclusive-end id="4745" timestamp="2020-09-12T18:54:37.113" durationms="117.970" />

<exclusive-start id="4746" timestamp="2020-09-12T18:54:39.055" intervalms="2060.422">
  <response-info timems="0.499" idlems="0.499" threads="0" lastid="000000000082C800" lastname="Group1.Backend.CompositeBackend{Tier1}.4" />
</exclusive-start>
<af-start id="4747" threadId="000000000082D180" totalBytesRequested="24" timestamp="2020-09-12T18:54:39.056" intervalms="2060.471" type="nursery" />
<cycle-start id="4748" type="scavenge" contextid="0" timestamp="2020-09-12T18:54:39.056" intervalms="2060.497" />
<gc-start id="4749" type="scavenge" contextid="4748" timestamp="2020-09-12T18:54:39.057">
  <mem-info id="4750" free="603379216" total="2911895552" percent="20">
    <mem type="nursery" free="0" total="939524096" percent="0">
      <mem type="allocate" free="0" total="808714240" percent="0" />
      <mem type="survivor" free="0" total="130809856" percent="0" />
    </mem>
    <mem type="tenure" free="603379216" total="1972371456" percent="30">
      <mem type="soa" free="524484112" total="1893476352" percent="27" />
      <mem type="loa" free="78895104" total="78895104" percent="100" />
    </mem>
    <remembered-set count="190457" />
  </mem-info>
</gc-start>
<allocation-stats totalBytes="696379992" >
  <allocated-bytes non-tlh="37069392" tlh="659310600" />
  <largest-consumer threadName="Group1.Backend.CompositeBackend{Tier1}.6" threadId="00000000008A0000" bytes="104936576" />
</allocation-stats>
<gc-op id="4751" type="scavenge" timems="105.800" contextid="4748" timestamp="2020-09-12T18:54:39.162">
  <scavenger-info tenureage="3" tenuremask="7ff8" tiltratio="86" />
  <memory-copied type="nursery" objects="4448813" bytes="118152784" bytesdiscarded="353336" />
  <memory-copied type="tenure" objects="1079627" bytes="29032968" bytesdiscarded="80056" />
  <ownableSynchronizers candidates="4763" cleared="4434" />
  <references type="soft" candidates="254" cleared="0" enqueued="0" dynamicThreshold="18" maxThreshold="32" />
  <references type="weak" candidates="132" cleared="132" enqueued="0" />
</gc-op>
<gc-end id="4752" type="scavenge" contextid="4748" durationms="106.904" usertimems="829.839" systemtimems="3.830" timestamp="2020-09-12T18:54:39.163" activeThreads="8">
  <mem-info id="4753" free="1257268312" total="2911895552" percent="43">
    <mem type="nursery" free="683108592" total="939524096" percent="72">
      <mem type="allocate" free="683108592" total="801701888" percent="85" />
      <mem type="survivor" free="0" total="137822208" percent="0" />
    </mem>
    <mem type="tenure" free="574159720" total="1972371456" percent="29" macro-fragmented="0">
      <mem type="soa" free="495264616" total="1893476352" percent="26" />
      <mem type="loa" free="78895104" total="78895104" percent="100" />
    </mem>
    <remembered-set count="29734" />
  </mem-info>
</gc-end>
<cycle-end id="4754" type="scavenge" contextid="4748" timestamp="2020-09-12T18:54:39.165" />
<allocation-satisfied id="4755" threadId="000000000082C800" bytesRequested="24" />
<af-end id="4756" timestamp="2020-09-12T18:54:39.165" threadId="000000000082D180" success="true" from="nursery"/>
<exclusive-end id="4757" timestamp="2020-09-12T18:54:39.165" durationms="109.249" />

<exclusive-start id="4758" timestamp="2020-09-12T18:54:41.231" intervalms="2175.913">
  <response-info timems="3.461" idlems="3.461" threads="0" lastid="0000000000781D00" lastname="Group1.Backend.CompositeBackend{Tier1}.1" />
</exclusive-start>
<af-start id="4759" threadId="0000000000782680" totalBytesRequested="304" timestamp="2020-09-12T18:54:41.232" intervalms="2175.829" type="nursery" />
<cycle-start id="4760" type="scavenge" contextid="0" timestamp="2020-09-12T18:54:41.232" intervalms="2175.802" />
<gc-start id="4761" type="scavenge" contextid="4760" timestamp="2020-09-12T18:54:41.232">
  <mem-info id="4762" free="574159720" total="2911895552" percent="19">
    <mem type="nursery" free="0" total="939524096" percent="0">
      <mem type="allocate" free="0" total="801701888" percent="0" />
      <mem type="survivor" free="0" total="137822208" percent="0" />
    </mem>
    <mem type="tenure" free="574159720" total="1972371456" percent="29">
      <mem type="soa" free="495264616" total="1893476352" percent="26" />
      <mem type="loa" free="78895104" total="78895104" percent="100" />
    </mem>
    <remembered-set count="196356" />
  </mem-info>
</gc-start>
<allocation-stats totalBytes="682766000" >
  <allocated-bytes non-tlh="24165632" tlh="658600368" />
  <largest-consumer threadName="Group1.Backend.CompositeBackend{Tier1}.3" threadId="0000000000847B00" bytes="95266984" />
</allocation-stats>
<gc-op id="4763" type="scavenge" timems="102.194" contextid="4760" timestamp="2020-09-12T18:54:41.335">
  <scavenger-info tenureage="3" tenuremask="7ff8" tiltratio="85" />
  <memory-copied type="nursery" objects="4041237" bytes="108529552" bytesdiscarded="110048" />
  <memory-copied type="tenure" objects="1140118" bytes="30647000" bytesdiscarded="103416" />
  <ownableSynchronizers candidates="4153" cleared="3826" />
  <references type="soft" candidates="227" cleared="0" enqueued="0" dynamicThreshold="18" maxThreshold="32" />
  <references type="weak" candidates="114" cleared="113" enqueued="0" />
</gc-op>
<gc-end id="4764" type="scavenge" contextid="4760" durationms="103.030" usertimems="731.954" systemtimems="0.000" timestamp="2020-09-12T18:54:41.335" activeThreads="8">
  <mem-info id="4765" free="1237570592" total="2911895552" percent="42">
    <mem type="nursery" free="694094848" total="939524096" percent="73">
      <mem type="allocate" free="694094848" total="802816000" percent="86" />
      <mem type="survivor" free="0" total="136708096" percent="0" />
    </mem>
    <mem type="tenure" free="543475744" total="1972371456" percent="27" macro-fragmented="0">
      <mem type="soa" free="464580640" total="1893476352" percent="24" />
      <mem type="loa" free="78895104" total="78895104" percent="100" />
    </mem>
    <remembered-set count="30287" />
  </mem-info>
</gc-end>
<cycle-end id="4766" type="scavenge" contextid="4760" timestamp="2020-09-12T18:54:41.337" />
<allocation-satisfied id="4767" threadId="0000000000781D00" bytesRequested="304" />
<af-end id="4768" timestamp="2020-09-12T18:54:41.337" threadId="0000000000782680" success="true" from="nursery"/>
<exclusive-end id="4769" timestamp="2020-09-12T18:54:41.337" durationms="105.655" />

<exclusive-start id="4770" timestamp="2020-09-12T18:54:43.289" intervalms="2057.261">
  <response-info timems="0.214" idlems="0.085" threads="2" lastid="000000000082C800" lastname="Group1.Backend.CompositeBackend{Tier1}.4" />
</exclusive-start>
<af-start id="4771" threadId="00000000007F7E80" totalBytesRequested="16" timestamp="2020-09-12T18:54:43.289" intervalms="2057.234" type="nursery" />
<cycle-start id="4772" type="scavenge" contextid="0" timestamp="2020-09-12T18:54:43.289" intervalms="2057.229" />
<gc-start id="4773" type="scavenge" contextid="4772" timestamp="2020-09-12T18:54:43.290">
  <mem-info id="4774" free="543475744" total="2911895552" percent="18">
    <mem type="nursery" free="0" total="939524096" percent="0">
      <mem type="allocate" free="0" total="802816000" percent="0" />
      <mem type="survivor" free="0" total="136708096" percent="0" />
    </mem>
    <mem type="tenure" free="543475744" total="1972371456" percent="27">
      <mem type="soa" free="464580640" total="1893476352" percent="24" />
      <mem type="loa" free="78895104" total="78895104" percent="100" />
    </mem>
    <remembered-set count="193314" />
  </mem-info>
</gc-start>
<allocation-stats totalBytes="693776896" >
  <allocated-bytes non-tlh="34663584" tlh="659113312" />
  <largest-consumer threadName="Group1.Backend.CompositeBackend{Tier1}.2" threadId="00000000007F7500" bytes="105975488" />
</allocation-stats>
<gc-op id="4775" type="scavenge" timems="95.532" contextid="4772" timestamp="2020-09-12T18:54:43.385">
  <scavenger-info tenureage="3" tenuremask="7ff8" tiltratio="85" />
  <memory-copied type="nursery" objects="4085706" bytes="109835752" bytesdiscarded="137592" />
  <memory-copied type="tenure" objects="1067336" bytes="28689752" bytesdiscarded="93960" />
  <ownableSynchronizers candidates="4144" cleared="3831" />
  <references type="soft" candidates="241" cleared="0" enqueued="0" dynamicThreshold="18" maxThreshold="32" />
  <references type="weak" candidates="117" cleared="117" enqueued="0" />
</gc-op>
<gc-end id="4776" type="scavenge" contextid="4772" durationms="96.357" usertimems="735.893" systemtimems="0.000" timestamp="2020-09-12T18:54:43.386" activeThreads="8">
  <mem-info id="4777" free="1209909432" total="2911895552" percent="41">
    <mem type="nursery" free="695183360" total="939524096" percent="73">
      <mem type="allocate" free="695183360" total="805240832" percent="86" />
      <mem type="survivor" free="0" total="134283264" percent="0" />
    </mem>
    <mem type="tenure" free="514726072" total="1972371456" percent="26" macro-fragmented="0">
      <mem type="soa" free="435830968" total="1893476352" percent="23" />
      <mem type="loa" free="78895104" total="78895104" percent="100" />
    </mem>
    <remembered-set count="30510" />
  </mem-info>
</gc-end>
<cycle-end id="4778" type="scavenge" contextid="4772" timestamp="2020-09-12T18:54:43.388" />
<allocation-satisfied id="4779" threadId="00000000007F7500" bytesRequested="16" />
<af-end id="4780" timestamp="2020-09-12T18:54:43.388" threadId="00000000007F7E80" success="true" from="nursery"/>
<exclusive-end id="4781" timestamp="2020-09-12T18:54:43.388" durationms="99.491" />

<exclusive-start id="4782" timestamp="2020-09-12T18:54:45.470" intervalms="2180.841">
  <response-info timems="0.658" idlems="0.658" threads="0" lastid="00000000008A0000" lastname="Group1.Backend.CompositeBackend{Tier1}.6" />
</exclusive-start>
<af-start id="4783" threadId="00000000008A0980" totalBytesRequested="16" timestamp="2020-09-12T18:54:45.470" intervalms="2180.877" type="nursery" />
<cycle-start id="4784" type="scavenge" contextid="0" timestamp="2020-09-12T18:54:45.470" intervalms="2180.882" />
<gc-start id="4785" type="scavenge" contextid="4784" timestamp="2020-09-12T18:54:45.471">
  <mem-info id="4786" free="514726072" total="2911895552" percent="17">
    <mem type="nursery" free="0" total="939524096" percent="0">
      <mem type="allocate" free="0" total="805240832" percent="0" />
      <mem type="survivor" free="0" total="134283264" percent="0" />
    </mem>
    <mem type="tenure" free="514726072" total="1972371456" percent="26">
      <mem type="soa" free="435830968" total="1893476352" percent="23" />
      <mem type="loa" free="78895104" total="78895104" percent="100" />
    </mem>
    <remembered-set count="194184" />
  </mem-info>
</gc-start>
<allocation-stats totalBytes="694856048" >
  <allocated-bytes non-tlh="31736272" tlh="663119776" />
  <largest-consumer threadName="Group1.Backend.CompositeBackend{Tier1}.8" threadId="00000000008AF400" bytes="100219736" />
</allocation-stats>
<gc-op id="4787" type="scavenge" timems="104.920" contextid="4784" timestamp="2020-09-12T18:54:45.576">
  <scavenger-info tenureage="3" tenuremask="7ff8" tiltratio="85" />
  <memory-copied type="nursery" objects="4442148" bytes="118579704" bytesdiscarded="161448" />
  <memory-copied type="tenure" objects="1064874" bytes="28630512" bytesdiscarded="93584" />
  <ownableSynchronizers candidates="3679" cleared="3360" />
  <references type="soft" candidates="241" cleared="0" enqueued="0" dynamicThreshold="18" maxThreshold="32" />
  <references type="weak" candidates="107" cleared="107" enqueued="0" />
</gc-op>
<gc-end id="4788" type="scavenge" contextid="4784" durationms="105.747" usertimems="806.399" systemtimems="2.237" timestamp="2020-09-12T18:54:45.576" activeThreads="8">
  <mem-info id="4789" free="1165691048" total="2911895552" percent="40">
    <mem type="nursery" free="679728728" total="939524096" percent="72">
      <mem type="allocate" free="679728728" total="798556160" percent="85" />
      <mem type="survivor" free="0" total="140967936" percent="0" />
    </mem>
    <mem type="tenure" free="485962320" total="1972371456" percent="24" macro-fragmented="0">
      <mem type="soa" free="407067216" total="1893476352" percent="21" />
      <mem type="loa" free="78895104" total="78895104" percent="100" />
    </mem>
    <remembered-set count="30374" />
  </mem-info>
</gc-end>
<cycle-end id="4790" type="scavenge" contextid="4784" timestamp="2020-09-12T18:54:45.578" />
<allocation-satisfied id="4791" threadId="00000000008A0000" bytesRequested="16" />
<af-end id="4792" timestamp="2020-09-12T18:54:45.578" threadId="00000000008A0980" success="true" from="nursery"/>
<exclusive-end id="4793" timestamp="2020-09-12T18:54:45.578" durationms="108.302" />

<exclusive-start id="4794" timestamp="2020-09-12T18:54:47.478" intervalms="2008.912">
  <response-info timems="0.693" idlems="0.467" threads="1" lastid="0000000000781D00" lastname="Group1.Backend.CompositeBackend{Tier1}.1" />
</exclusive-start>
<af-start id="4795" threadId="0000000000A84680" totalBytesRequested="40" timestamp="2020-09-12T18:54:47.479" intervalms="2008.924" type="nursery" />
<cycle-start id="4796" type="scavenge" contextid="0" timestamp="2020-09-12T18:54:47.479" intervalms="2008.927" />
<gc-start id="4797" type="scavenge" contextid="4796" timestamp="2020-09-12T18:54:47.479">
  <mem-info id="4798" free="485962320" total="2911895552" percent="16">
    <mem type="nursery" free="0" total="939524096" percent="0">
      <mem type="allocate" free="0" total="798556160" percent="0" />
      <mem type="survivor" free="0" total="140967936" percent="0" />
    </mem>
    <mem type="tenure" free="485962320" total="1972371456" percent="24">
      <mem type="soa" free="407067216" total="1893476352" percent="21" />
      <mem type="loa" free="78895104" total="78895104" percent="100" />
    </mem>
    <remembered-set count="189614" />
  </mem-info>
</gc-start>
<allocation-stats totalBytes="679401568" >
  <allocated-bytes non-tlh="37581808" tlh="641819760" />
  <largest-consumer threadName="Group1.Backend.CompositeBackend{Tier1}.6" threadId="00000000008A0000" bytes="101723344" />
</allocation-stats>
<gc-op id="4799" type="scavenge" timems="92.483" contextid="4796" timestamp="2020-09-12T18:54:47.572">
  <scavenger-info tenureage="3" tenuremask="7ff8" tiltratio="84" />
  <memory-copied type="nursery" objects="4020877" bytes="108034328" bytesdiscarded="457992" />
  <memory-copied type="tenure" objects="1144333" bytes="30781936" bytesdiscarded="101136" />
  <ownableSynchronizers candidates="3229" cleared="2950" />
  <references type="soft" candidates="226" cleared="0" enqueued="0" dynamicThreshold="18" maxThreshold="32" />
  <references type="weak" candidates="135" cleared="132" enqueued="0" />
</gc-op>
<gc-end id="4800" type="scavenge" contextid="4796" durationms="93.545" usertimems="637.361" systemtimems="1.264" timestamp="2020-09-12T18:54:47.573" activeThreads="8">
  <mem-info id="4801" free="1146694456" total="2911895552" percent="39">
    <mem type="nursery" free="691621568" total="939524096" percent="73">
      <mem type="allocate" free="691621568" total="800194560" percent="86" />
      <mem type="survivor" free="0" total="139329536" percent="0" />
    </mem>
    <mem type="tenure" free="455072888" total="1972371456" percent="23" macro-fragmented="0">
      <mem type="soa" free="376177784" total="1893476352" percent="19" />
      <mem type="loa" free="78895104" total="78895104" percent="100" />
    </mem>
    <remembered-set count="30532" />
  </mem-info>
</gc-end>
<cycle-end id="4802" type="scavenge" contextid="4796" timestamp="2020-09-12T18:54:47.575" />
<allocation-satisfied id="4803" threadId="0000000000A83D00" bytesRequested="40" />
<af-end id="4804" timestamp="2020-09-12T18:54:47.575" threadId="0000000000A84680" success="true" from="nursery"/>
<exclusive-end id="4805" timestamp="2020-09-12T18:54:47.575" durationms="96.933" />

<exclusive-start id="4806" timestamp="2020-09-12T18:54:49.577" intervalms="2098.877">
  <response-info timems="1.342" idlems="1.342" threads="0" lastid="00000000008AF400" lastname="Group1.Backend.CompositeBackend{Tier1}.8" />
</exclusive-start>
<af-start id="4807" threadId="00000000008AFD80" totalBytesRequested="16" timestamp="2020-09-12T18:54:49.578" intervalms="2098.881" type="nursery" />
<cycle-start id="4808" type="scavenge" contextid="0" timestamp="2020-09-12T18:54:49.578" intervalms="2098.880" />
<gc-start id="4809" type="scavenge" contextid="4808" timestamp="2020-09-12T18:54:49.578">
  <mem-info id="4810" free="455072888" total="2911895552" percent="15">
    <mem type="nursery" free="0" total="939524096" percent="0">
      <mem type="allocate" free="0" total="800194560" percent="0" />
      <mem type="survivor" free="0" total="139329536" percent="0" />
    </mem>
    <mem type="tenure" free="455072888" total="1972371456" percent="23">
      <mem type="soa" free="376177784" total="1893476352" percent="19" />
      <mem type="loa" free="78895104" total="78895104" percent="100" />
    </mem>
    <remembered-set count="195564" />
  </mem-info>
</gc-start>
<allocation-stats totalBytes="691286688" >
  <allocated-bytes non-tlh="31253056" tlh="660033632" />
  <largest-consumer threadName="Group1.Backend.CompositeBackend{Tier1}.2" threadId="00000000007F7500" bytes="88928240" />
</allocation-stats>
<gc-op id="4811" type="scavenge" timems="111.180" contextid="4808" timestamp="2020-09-12T18:54:49.690">
  <scavenger-info tenureage="3" tenuremask="7ff8" tiltratio="85" />
  <memory-copied type="nursery" objects="4071167" bytes="109268184" bytesdiscarded="161888" />
  <memory-copied type="tenure" objects="1093774" bytes="29510880" bytesdiscarded="112344" />
  <ownableSynchronizers candidates="4047" cleared="3762" />
  <references type="soft" candidates="214" cleared="0" enqueued="0" dynamicThreshold="18" maxThreshold="32" />
  <references type="weak" candidates="115" cleared="113" enqueued="0" />
</gc-op>
<gc-end id="4812" type="scavenge" contextid="4808" durationms="112.240" usertimems="793.605" systemtimems="2.970" timestamp="2020-09-12T18:54:49.690" activeThreads="8">
  <mem-info id="4813" free="1119180912" total="2911895552" percent="38">
    <mem type="nursery" free="693754880" total="939524096" percent="73">
      <mem type="allocate" free="693754880" total="803274752" percent="86" />
      <mem type="survivor" free="0" total="136249344" percent="0" />
    </mem>
    <mem type="tenure" free="425426032" total="1972371456" percent="21" macro-fragmented="0">
      <mem type="soa" free="346530928" total="1893476352" percent="18" />
      <mem type="loa" free="78895104" total="78895104" percent="100" />
    </mem>
    <remembered-set count="29714" />
  </mem-info>
</gc-end>
<cycle-end id="4814" type="scavenge" contextid="4808" timestamp="2020-09-12T18:54:49.693" />
<allocation-satisfied id="4815" threadId="00000000008AF400" bytesRequested="16" />
<af-end id="4816" timestamp="2020-09-12T18:54:49.693" threadId="00000000008AFD80" success="true" from="nursery"/>
<exclusive-end id="4817" timestamp="2020-09-12T18:54:49.693" durationms="115.582" />

<exclusive-start id="4818" timestamp="2020-09-12T18:54:51.767" intervalms="2189.403">
  <response-info timems="0.333" idlems="0.333" threads="0" lastid="00000000008A0000" lastname="Group1.Backend.CompositeBackend{Tier1}.6" />
</exclusive-start>
<af-start id="4819" threadId="00000000008A0980" totalBytesRequested="400" timestamp="2020-09-12T18:54:51.767" intervalms="2189.379" type="nursery" />
<cycle-start id="4820" type="scavenge" contextid="0" timestamp="2020-09-12T18:54:51.767" intervalms="2189.374" />
<gc-start id="4821" type="scavenge" contextid="4820" timestamp="2020-09-12T18:54:51.768">
  <mem-info id="4822" free="425426032" total="2911895552" percent="14">
    <mem type="nursery" free="0" total="939524096" percent="0">
      <mem type="allocate" free="0" total="803274752" percent="0" />
      <mem type="survivor" free="0" total="136249344" percent="0" />
    </mem>
    <mem type="tenure" free="425426032" total="1972371456" percent="21">
      <mem type="soa" free="346530928" total="1893476352" percent="18" />
      <mem type="loa" free="78895104" total="78895104" percent="100" />
    </mem>
    <remembered-set count="196877" />
  </mem-info>
</gc-start>
<allocation-stats totalBytes="693414144" >
  <allocated-bytes non-tlh="27935160" tlh="665478984" />
  <largest-consumer threadName="Group1.Backend.CompositeBackend{Tier1}.3" threadId="0000000000847B00" bytes="92756088" />
</allocation-stats>
<gc-op id="4823" type="scavenge" timems="91.877" contextid="4820" timestamp="2020-09-12T18:54:51.860">
  <scavenger-info tenureage="3" tenuremask="7ff8" tiltratio="85" />
  <memory-copied type="nursery" objects="4117323" bytes="110408960" bytesdiscarded="178304" />
  <memory-copied type="tenure" objects="1099607" bytes="29575496" bytesdiscarded="123920" />
  <ownableSynchronizers candidates="4580" cleared="4295" />
  <references type="soft" candidates="214" cleared="0" enqueued="0" dynamicThreshold="18" maxThreshold="32" />
  <references type="weak" candidates="120" cleared="118" enqueued="0" />
</gc-op>
<gc-end id="4824" type="scavenge" contextid="4820" durationms="92.734" usertimems="710.591" systemtimems="0.000" timestamp="2020-09-12T18:54:51.860" activeThreads="8">
  <mem-info id="4825" free="1090641952" total="2911895552" percent="37">
    <mem type="nursery" free="694898680" total="939524096" percent="73">
      <mem type="allocate" free="694898680" total="805568512" percent="86" />
      <mem type="survivor" free="0" total="133955584" percent="0" />
    </mem>
    <mem type="tenure" free="395743272" total="1972371456" percent="20" macro-fragmented="0">
      <mem type="soa" free="316848168" total="1893476352" percent="16" />
      <mem type="loa" free="78895104" total="78895104" percent="100" />
    </mem>
    <remembered-set count="32424" />
  </mem-info>
</gc-end>
<cycle-end id="4826" type="scavenge" contextid="4820" timestamp="2020-09-12T18:54:51.862" />
<allocation-satisfied id="4827" threadId="00000000008A0000" bytesRequested="400" />
<af-end id="4828" timestamp="2020-09-12T18:54:51.862" threadId="00000000008A0980" success="true" from="nursery"/>
<exclusive-end id="4829" timestamp="2020-09-12T18:54:51.862" durationms="95.394" />

<exclusive-start id="4830" timestamp="2020-09-12T18:54:53.823" intervalms="2056.768">
  <response-info timems="0.268" idlems="0.138" threads="1" lastid="0000000000847B00" lastname="Group1.Backend.CompositeBackend{Tier1}.3" />
</exclusive-start>
<af-start id="4831" threadId="00000000008AB680" totalBytesRequested="32" timestamp="2020-09-12T18:54:53.824" intervalms="2056.908" type="nursery" />
<cycle-start id="4832" type="scavenge" contextid="0" timestamp="2020-09-12T18:54:53.824" intervalms="2056.952" />
<gc-start id="4833" type="scavenge" contextid="4832" timestamp="2020-09-12T18:54:53.825">
  <mem-info id="4834" free="395743272" total="2911895552" percent="13">
    <mem type="nursery" free="0" total="939524096" percent="0">
      <mem type="allocate" free="0" total="805568512" percent="0" />
      <mem type="survivor" free="0" total="133955584" percent="0" />
    </mem>
    <mem type="tenure" free="395743272" total="1972371456" percent="20">
      <mem type="soa" free="316848168" total="1893476352" percent="16" />
      <mem type="loa" free="78895104" total="78895104" percent="100" />
    </mem>
    <remembered-set count="194287" />
  </mem-info>
</gc-start>
<allocation-stats totalBytes="694570504" >
  <allocated-bytes non-tlh="36234616" tlh="658335888" />
  <largest-consumer threadName="Group1.Backend.CompositeBackend{Tier1}.1" threadId="0000000000781D00" bytes="103022288" />
</allocation-stats>
<gc-op id="4835" type="scavenge" timems="103.538" contextid="4832" timestamp="2020-09-12T18:54:53.928">
  <scavenger-info tenureage="3" tenuremask="7ff8" tiltratio="85" />
  <memory-copied type="nursery" objects="4248262" bytes="113519064" bytesdiscarded="336288" />
  <memory-copied type="tenure" objects="1037853" bytes="27887600" bytesdiscarded="113920" />
  <ownableSynchronizers candidates="4877" cleared="4570" />
  <references type="soft" candidates="244" cleared="0" enqueued="0" dynamicThreshold="18" maxThreshold="32" />
  <references type="weak" candidates="105" cleared="104" enqueued="0" />
</gc-op>
<gc-end id="4836" type="scavenge" contextid="4832" durationms="104.759" usertimems="793.694" systemtimems="0.000" timestamp="2020-09-12T18:54:53.929" activeThreads="8">
  <mem-info id="4837" free="1060070288" total="2911895552" percent="36">
    <mem type="nursery" free="692289272" total="939524096" percent="73">
      <mem type="allocate" free="692289272" total="806223872" percent="85" />
      <mem type="survivor" free="0" total="133300224" percent="0" />
    </mem>
    <mem type="tenure" free="367781016" total="1972371456" percent="18" macro-fragmented="0">
      <mem type="soa" free="288885912" total="1893476352" percent="15" />
      <mem type="loa" free="78895104" total="78895104" percent="100" />
    </mem>
    <remembered-set count="33002" />
  </mem-info>
</gc-end>
<cycle-end id="4838" type="scavenge" contextid="4832" timestamp="2020-09-12T18:54:53.931" />
<allocation-satisfied id="4839" threadId="00000000008AAD00" bytesRequested="32" />
<af-end id="4840" timestamp="2020-09-12T18:54:53.931" threadId="00000000008AB680" success="true" from="nursery"/>
<exclusive-end id="4841" timestamp="2020-09-12T18:54:53.931" durationms="107.602" />

<exclusive-start id="4842" timestamp="2020-09-12T18:54:55.909" intervalms="2085.189">
  <response-info timems="0.729" idlems="0.729" threads="0" lastid="0000000000873800" lastname="Group1.Backend.CompositeBackend{Tier1}.5" />
</exclusive-start>
<af-start id="4843" threadId="0000000000874180" totalBytesRequested="656" timestamp="2020-09-12T18:54:55.909" intervalms="2085.167" type="nursery" />
<cycle-start id="4844" type="scavenge" contextid="0" timestamp="2020-09-12T18:54:55.910" intervalms="2085.147" />
<gc-start id="4845" type="scavenge" contextid="4844" timestamp="2020-09-12T18:54:55.910">
  <mem-info id="4846" free="367781016" total="2911895552" percent="12">
    <mem type="nursery" free="0" total="939524096" percent="0">
      <mem type="allocate" free="0" total="806223872" percent="0" />
      <mem type="survivor" free="0" total="133300224" percent="0" />
    </mem>
    <mem type="tenure" free="367781016" total="1972371456" percent="18">
      <mem type="soa" free="288885912" total="1893476352" percent="15" />
      <mem type="loa" free="78895104" total="78895104" percent="100" />
    </mem>
    <remembered-set count="197623" />
  </mem-info>
</gc-start>
<allocation-stats totalBytes="691984640" >
  <allocated-bytes non-tlh="32884552" tlh="659100088" />
  <largest-consumer threadName="Group1.Backend.CompositeBackend{Tier1}.1" threadId="0000000000781D00" bytes="91205656" />
</allocation-stats>
<gc-op id="4847" type="scavenge" timems="115.785" contextid="4844" timestamp="2020-09-12T18:54:56.026">
  <scavenger-info tenureage="3" tenuremask="7ff8" tiltratio="85" />
  <memory-copied type="nursery" objects="4158762" bytes="111434840" bytesdiscarded="545040" />
  <memory-copied type="tenure" objects="1114071" bytes="29935952" bytesdiscarded="121336" />
  <ownableSynchronizers candidates="5126" cleared="4770" />
  <references type="soft" candidates="260" cleared="0" enqueued="0" dynamicThreshold="18" maxThreshold="32" />
  <references type="weak" candidates="108" cleared="108" enqueued="0" />
</gc-op>
<gc-end id="4848" type="scavenge" contextid="4844" durationms="116.549" usertimems="871.110" systemtimems="6.858" timestamp="2020-09-12T18:54:56.026" activeThreads="8">
  <mem-info id="4849" free="1033084032" total="2911895552" percent="35">
    <mem type="nursery" free="695404032" total="939524096" percent="74">
      <mem type="allocate" free="695404032" total="807469056" percent="86" />
      <mem type="survivor" free="0" total="132055040" percent="0" />
    </mem>
    <mem type="tenure" free="337680000" total="1972371456" percent="17" macro-fragmented="0">
      <mem type="soa" free="258784896" total="1893476352" percent="13" />
      <mem type="loa" free="78895104" total="78895104" percent="100" />
    </mem>
    <remembered-set count="33074" />
  </mem-info>
</gc-end>
<cycle-end id="4850" type="scavenge" contextid="4844" timestamp="2020-09-12T18:54:56.027" />
<allocation-satisfied id="4851" threadId="0000000000873800" bytesRequested="656" />
<af-end id="4852" timestamp="2020-09-12T18:54:56.027" threadId="0000000000874180" success="true" from="nursery"/>
<exclusive-end id="4853" timestamp="2020-09-12T18:54:56.028" durationms="119.074" />

<exclusive-start id="4854" timestamp="2020-09-12T18:54:58.032" intervalms="2123.179">
  <response-info timems="0.478" idlems="0.478" threads="0" lastid="000000000082C800" lastname="Group1.Backend.CompositeBackend{Tier1}.4" />
</exclusive-start>
<af-start id="4855" threadId="000000000082D180" totalBytesRequested="24" timestamp="2020-09-12T18:54:58.033" intervalms="2123.331" type="nursery" />
<cycle-start id="4856" type="scavenge" contextid="0" timestamp="2020-09-12T18:54:58.033" intervalms="2123.319" />
<gc-start id="4857" type="scavenge" contextid="4856" timestamp="2020-09-12T18:54:58.033">
  <mem-info id="4858" free="337680000" total="2911895552" percent="11">
    <mem type="nursery" free="0" total="939524096" percent="0">
      <mem type="allocate" free="0" total="807469056" percent="0" />
      <mem type="survivor" free="0" total="132055040" percent="0" />
    </mem>
    <mem type="tenure" free="337680000" total="1972371456" percent="17">
      <mem type="soa" free="258784896" total="1893476352" percent="13" />
      <mem type="loa" free="78895104" total="78895104" percent="100" />
    </mem>
    <remembered-set count="196284" />
  </mem-info>
</gc-start>
<allocation-stats totalBytes="695043032" >
  <allocated-bytes non-tlh="30812768" tlh="664230264" />
  <largest-consumer threadName="Group1.Backend.CompositeBackend{Tier1}.5" threadId="0000000000873800" bytes="98077896" />
</allocation-stats>
<gc-op id="4859" type="scavenge" timems="120.595" contextid="4856" timestamp="2020-09-12T18:54:58.154">
  <scavenger-info tenureage="3" tenuremask="7ff8" tiltratio="85" />
  <memory-copied type="nursery" objects="4602868" bytes="121191016" bytesdiscarded="160712" />
  <memory-copied type="tenure" objects="1145524" bytes="30788136" bytesdiscarded="127456" />
  <ownableSynchronizers candidates="5276" cleared="4902" />
  <references type="soft" candidates="271" cleared="0" enqueued="0" dynamicThreshold="18" maxThreshold="32" />
  <references type="weak" candidates="99" cleared="99" enqueued="0" />
</gc-op>
<gc-end id="4860" type="scavenge" contextid="4856" durationms="121.452" usertimems="854.061" systemtimems="0.000" timestamp="2020-09-12T18:54:58.154" activeThreads="8">
  <mem-info id="4861" free="981115512" total="2911895552" percent="33">
    <mem type="nursery" free="674299768" total="939524096" percent="71">
      <mem type="allocate" free="674299768" total="795738112" percent="84" />
      <mem type="survivor" free="0" total="143785984" percent="0" />
    </mem>
    <mem type="tenure" free="306815744" total="1972371456" percent="15" macro-fragmented="0">
      <mem type="soa" free="227920640" total="1893476352" percent="12" />
      <mem type="loa" free="78895104" total="78895104" percent="100" />
    </mem>
    <remembered-set count="32638" />
  </mem-info>
</gc-end>
<cycle-end id="4862" type="scavenge" contextid="4856" timestamp="2020-09-12T18:54:58.156" />
<allocation-satisfied id="4863" threadId="000000000082C800" bytesRequested="24" />
<af-end id="4864" timestamp="2020-09-12T18:54:58.156" threadId="000000000082D180" success="true" from="nursery"/>
<exclusive-end id="4865" timestamp="2020-09-12T18:54:58.156" durationms="123.927" />

<exclusive-start id="4866" timestamp="2020-09-12T18:55:00.058" intervalms="2026.624">
  <response-info timems="5.164" idlems="5.164" threads="0" lastid="0000000000781D00" lastname="Group1.Backend.CompositeBackend{Tier1}.1" />
</exclusive-start>
<af-start id="4867" threadId="0000000000782680" totalBytesRequested="24" timestamp="2020-09-12T18:55:00.059" intervalms="2026.424" type="nursery" />
<cycle-start id="4868" type="scavenge" contextid="0" timestamp="2020-09-12T18:55:00.059" intervalms="2026.427" />
<gc-start id="4869" type="scavenge" contextid="4868" timestamp="2020-09-12T18:55:00.060">
  <mem-info id="4870" free="306815744" total="2911895552" percent="10">
    <mem type="nursery" free="0" total="939524096" percent="0">
      <mem type="allocate" free="0" total="795738112" percent="0" />
      <mem type="survivor" free="0" total="143785984" percent="0" />
    </mem>
    <mem type="tenure" free="306815744" total="1972371456" percent="15">
      <mem type="soa" free="227920640" total="1893476352" percent="12" />
      <mem type="loa" free="78895104" total="78895104" percent="100" />
    </mem>
    <remembered-set count="192397" />
  </mem-info>
</gc-start>
<allocation-stats totalBytes="673983720" >
  <allocated-bytes non-tlh="35933296" tlh="638050424" />
  <largest-consumer threadName="Group1.Backend.CompositeBackend{Tier1}.6" threadId="00000000008A0000" bytes="92574768" />
</allocation-stats>
<gc-op id="4871" type="scavenge" timems="97.103" contextid="4868" timestamp="2020-09-12T18:55:00.157">
  <scavenger-info tenureage="3" tenuremask="7ff8" tiltratio="84" />
  <memory-copied type="nursery" objects="4113879" bytes="110313272" bytesdiscarded="192992" />
  <memory-copied type="tenure" objects="1071984" bytes="28783664" bytesdiscarded="119368" />
  <ownableSynchronizers candidates="3842" cleared="3488" />
  <references type="soft" candidates="238" cleared="0" enqueued="0" dynamicThreshold="18" maxThreshold="32" />
  <references type="weak" candidates="127" cleared="127" enqueued="0" />
</gc-op>
<gc-end id="4872" type="scavenge" contextid="4868" durationms="98.003" usertimems="733.441" systemtimems="4.539" timestamp="2020-09-12T18:55:00.157" activeThreads="8">
  <mem-info id="4873" free="964703536" total="2911895552" percent="33">
    <mem type="nursery" free="686784512" total="939524096" percent="73">
      <mem type="allocate" free="686784512" total="797376512" percent="86" />
      <mem type="survivor" free="0" total="142147584" percent="0" />
    </mem>
    <mem type="tenure" free="277919024" total="1972371456" percent="14" macro-fragmented="0">
      <mem type="soa" free="199023920" total="1893476352" percent="10" />
      <mem type="loa" free="78895104" total="78895104" percent="100" />
    </mem>
    <remembered-set count="29624" />
  </mem-info>
</gc-end>
<cycle-end id="4874" type="scavenge" contextid="4868" timestamp="2020-09-12T18:55:00.159" />
<allocation-satisfied id="4875" threadId="0000000000781D00" bytesRequested="24" />
<af-end id="4876" timestamp="2020-09-12T18:55:00.159" threadId="0000000000782680" success="true" from="nursery"/>
<exclusive-end id="4877" timestamp="2020-09-12T18:55:00.159" durationms="100.584" />

<exclusive-start id="4878" timestamp="2020-09-12T18:55:02.168" intervalms="2109.775">
  <response-info timems="0.602" idlems="0.602" threads="0" lastid="000000000082C800" lastname="Group1.Backend.CompositeBackend{Tier1}.4" />
</exclusive-start>
<af-start id="4879" threadId="000000000082D180" totalBytesRequested="24" timestamp="2020-09-12T18:55:02.169" intervalms="2109.908" type="nursery" />
<cycle-start id="4880" type="scavenge" contextid="0" timestamp="2020-09-12T18:55:02.169" intervalms="2109.909" />
<gc-start id="4881" type="scavenge" contextid="4880" timestamp="2020-09-12T18:55:02.170">
  <mem-info id="4882" free="277919024" total="2911895552" percent="9">
    <mem type="nursery" free="0" total="939524096" percent="0">
      <mem type="allocate" free="0" total="797376512" percent="0" />
      <mem type="survivor" free="0" total="142147584" percent="0" />
    </mem>
    <mem type="tenure" free="277919024" total="1972371456" percent="14">
      <mem type="soa" free="199023920" total="1893476352" percent="10" />
      <mem type="loa" free="78895104" total="78895104" percent="100" />
    </mem>
    <remembered-set count="192865" />
  </mem-info>
</gc-start>
<allocation-stats totalBytes="686450416" >
  <allocated-bytes non-tlh="28650016" tlh="657800400" />
  <largest-consumer threadName="Group1.Backend.CompositeBackend{Tier1}.4" threadId="000000000082C800" bytes="99816056" />
</allocation-stats>
<gc-op id="4883" type="scavenge" timems="104.436" contextid="4880" timestamp="2020-09-12T18:55:02.274">
  <scavenger-info tenureage="3" tenuremask="7ff8" tiltratio="84" />
  <memory-copied type="nursery" objects="4343827" bytes="115350576" bytesdiscarded="147368" />
  <memory-copied type="tenure" objects="1110935" bytes="29846384" bytesdiscarded="139944" />
  <ownableSynchronizers candidates="4352" cleared="4023" />
  <references type="soft" candidates="208" cleared="0" enqueued="0" dynamicThreshold="18" maxThreshold="32" />
  <references type="weak" candidates="102" cleared="102" enqueued="0" />
</gc-op>
<gc-end id="4884" type="scavenge" contextid="4880" durationms="105.294" usertimems="808.117" systemtimems="0.000" timestamp="2020-09-12T18:55:02.275" activeThreads="8">
  <mem-info id="4885" free="931155576" total="2911895552" percent="31">
    <mem type="nursery" free="683229920" total="939524096" percent="72">
      <mem type="allocate" free="683229920" total="798818304" percent="85" />
      <mem type="survivor" free="0" total="140705792" percent="0" />
    </mem>
    <mem type="tenure" free="247925656" total="1972371456" percent="12" macro-fragmented="0">
      <mem type="soa" free="169030552" total="1893476352" percent="8" />
      <mem type="loa" free="78895104" total="78895104" percent="100" />
    </mem>
    <remembered-set count="28213" />
  </mem-info>
</gc-end>
<cycle-end id="4886" type="scavenge" contextid="4880" timestamp="2020-09-12T18:55:02.276" />
<allocation-satisfied id="4887" threadId="000000000082C800" bytesRequested="24" />
<af-end id="4888" timestamp="2020-09-12T18:55:02.276" threadId="000000000082D180" success="true" from="nursery"/>
<exclusive-end id="4889" timestamp="2020-09-12T18:55:02.276" durationms="107.996" />

<exclusive-start id="4890" timestamp="2020-09-12T18:55:04.197" intervalms="2029.176">
  <response-info timems="0.405" idlems="0.405" threads="0" lastid="00000000007F7500" lastname="Group1.Backend.CompositeBackend{Tier1}.2" />
</exclusive-start>
<af-start id="4891" threadId="00000000007F7E80" totalBytesRequested="32" timestamp="2020-09-12T18:55:04.198" intervalms="2029.071" type="nursery" />
<cycle-start id="4892" type="scavenge" contextid="0" timestamp="2020-09-12T18:55:04.198" intervalms="2029.053" />
<gc-start id="4893" type="scavenge" contextid="4892" timestamp="2020-09-12T18:55:04.199">
  <mem-info id="4894" free="247925656" total="2911895552" percent="8">
    <mem type="nursery" free="0" total="939524096" percent="0">
      <mem type="allocate" free="0" total="798818304" percent="0" />
      <mem type="survivor" free="0" total="140705792" percent="0" />
    </mem>
    <mem type="tenure" free="247925656" total="1972371456" percent="12">
      <mem type="soa" free="169030552" total="1893476352" percent="8" />
      <mem type="loa" free="78895104" total="78895104" percent="100" />
    </mem>
    <remembered-set count="187884" />
  </mem-info>
</gc-start>
<allocation-stats totalBytes="682893296" >
  <allocated-bytes non-tlh="35122560" tlh="647770736" />
  <largest-consumer threadName="Group1.Backend.CompositeBackend{Tier1}.3" threadId="0000000000847B00" bytes="91277152" />
</allocation-stats>
<gc-op id="4895" type="scavenge" timems="100.808" contextid="4892" timestamp="2020-09-12T18:55:04.299">
  <scavenger-info tenureage="3" tenuremask="7ff8" tiltratio="85" />
  <memory-copied type="nursery" objects="4352085" bytes="115412800" bytesdiscarded="146208" />
  <memory-copied type="tenure" objects="1092978" bytes="29396552" bytesdiscarded="129328" />
  <ownableSynchronizers candidates="4049" cleared="3756" />
  <references type="soft" candidates="183" cleared="0" enqueued="0" dynamicThreshold="18" maxThreshold="32" />
  <references type="weak" candidates="117" cleared="117" enqueued="0" />
</gc-op>
<gc-end id="4896" type="scavenge" contextid="4892" durationms="101.730" usertimems="777.743" systemtimems="4.847" timestamp="2020-09-12T18:55:04.300" activeThreads="8">
  <mem-info id="4897" free="903855976" total="2911895552" percent="31">
    <mem type="nursery" free="685474608" total="939524096" percent="72">
      <mem type="allocate" free="685474608" total="801112064" percent="85" />
      <mem type="survivor" free="0" total="138412032" percent="0" />
    </mem>
    <mem type="tenure" free="218381368" total="1972371456" percent="11" macro-fragmented="0">
      <mem type="soa" free="139486264" total="1893476352" percent="7" />
      <mem type="loa" free="78895104" total="78895104" percent="100" />
    </mem>
    <remembered-set count="27567" />
  </mem-info>
</gc-end>
<cycle-end id="4898" type="scavenge" contextid="4892" timestamp="2020-09-12T18:55:04.302" />
<allocation-satisfied id="4899" threadId="00000000007F7500" bytesRequested="32" />
<af-end id="4900" timestamp="2020-09-12T18:55:04.302" threadId="00000000007F7E80" success="true" from="nursery"/>
<exclusive-end id="4901" timestamp="2020-09-12T18:55:04.302" durationms="104.304" />

<exclusive-start id="4902" timestamp="2020-09-12T18:55:06.301" intervalms="2103.127">
  <response-info timems="0.569" idlems="0.569" threads="0" lastid="00000000008A0000" lastname="Group1.Backend.CompositeBackend{Tier1}.6" />
</exclusive-start>
<af-start id="4903" threadId="00000000008A0980" totalBytesRequested="16" timestamp="2020-09-12T18:55:06.301" intervalms="2103.060" type="nursery" />
<cycle-start id="4904" type="scavenge" contextid="0" timestamp="2020-09-12T18:55:06.301" intervalms="2103.109" />
<gc-start id="4905" type="scavenge" contextid="4904" timestamp="2020-09-12T18:55:06.302">
  <mem-info id="4906" free="218381368" total="2911895552" percent="7">
    <mem type="nursery" free="0" total="939524096" percent="0">
      <mem type="allocate" free="0" total="801112064" percent="0" />
      <mem type="survivor" free="0" total="138412032" percent="0" />
    </mem>
    <mem type="tenure" free="218381368" total="1972371456" percent="11">
      <mem type="soa" free="139486264" total="1893476352" percent="7" />
      <mem type="loa" free="78895104" total="78895104" percent="100" />
    </mem>
    <remembered-set count="191218" />
  </mem-info>
</gc-start>
<allocation-stats totalBytes="685133856" >
  <allocated-bytes non-tlh="31109240" tlh="654024616" />
  <largest-consumer threadName="Group1.Backend.CompositeBackend{Tier1}.4" threadId="000000000082C800" bytes="95611000" />
</allocation-stats>
<gc-op id="4907" type="scavenge" timems="102.982" contextid="4904" timestamp="2020-09-12T18:55:06.405">
  <scavenger-info tenureage="3" tenuremask="7ff8" tiltratio="85" />
  <memory-copied type="nursery" objects="4034953" bytes="108374432" bytesdiscarded="290096" />
  <memory-copied type="tenure" objects="1074834" bytes="28915576" bytesdiscarded="128600" />
  <ownableSynchronizers candidates="3948" cleared="3688" />
  <references type="soft" candidates="175" cleared="0" enqueued="0" dynamicThreshold="18" maxThreshold="32" />
  <references type="weak" candidates="122" cleared="122" enqueued="0" />
</gc-op>
<gc-end id="4908" type="scavenge" contextid="4904" durationms="104.234" usertimems="739.536" systemtimems="14.532" timestamp="2020-09-12T18:55:06.406" activeThreads="8">
  <mem-info id="4909" free="883503600" total="2911895552" percent="30">
    <mem type="nursery" free="694135040" total="939524096" percent="73">
      <mem type="allocate" free="694135040" total="802881536" percent="86" />
      <mem type="survivor" free="0" total="136642560" percent="0" />
    </mem>
    <mem type="tenure" free="189368560" total="1972371456" percent="9" macro-fragmented="0">
      <mem type="soa" free="110473456" total="1893476352" percent="5" />
      <mem type="loa" free="78895104" total="78895104" percent="100" />
    </mem>
    <remembered-set count="28598" />
  </mem-info>
</gc-end>
<cycle-end id="4910" type="scavenge" contextid="4904" timestamp="2020-09-12T18:55:06.407" />
<allocation-satisfied id="4911" threadId="00000000008A0000" bytesRequested="16" />
<af-end id="4912" timestamp="2020-09-12T18:55:06.407" threadId="00000000008A0980" success="true" from="nursery"/>
<exclusive-end id="4913" timestamp="2020-09-12T18:55:06.407" durationms="106.848" />

</verbosegc>

