<?xml version="1.0" ?>

<verbosegc xmlns="http://www.ibm.com/j9/verbosegc" version="c1dd04cca_CMPRSS">

!@: MM_VerboseWriterFileLoggingSynchronous::openFile

!@: Before Trigger

<exclusive-start id="4898" timestamp="2020-09-12T19:29:39.572" intervalms="2098.946">
  <response-info timems="1.216" idlems="1.216" threads="0" lastid="0000000000A7C200" lastname="Group1.Backend.CompositeBackend{Tier3}.5" />
</exclusive-start>
!@: handleInitialized
<initialized id="4899" timestamp="2020-09-12T19:29:39.572">
  <attribute name="gcPolicy" value="-Xgcpolicy:gencon" />
  <attribute name="maxHeapSize" value="0xe0000000" />
  <attribute name="initialHeapSize" value="0x800000" />
  <attribute name="compressedRefs" value="true" />
  <attribute name="compressedRefsDisplacement" value="0x0" />
  <attribute name="compressedRefsShift" value="0x0" />
  <attribute name="pageSize" value="0x1000" />
  <attribute name="pageType" value="not used" />
  <attribute name="requestedPageSize" value="0x1000" />
  <attribute name="requestedPageType" value="not used" />
  <attribute name="gcthreads" value="8" />
  <attribute name="packetListSplit" value="1" />
  <attribute name="cacheListSplit" value="1" />
  <attribute name="splitFreeListSplitAmount" value="1" />
  <attribute name="numaNodes" value="0" />
  <system>
    <attribute name="physicalMemory" value="16818675712" />
    <attribute name="numCPUs" value="8" />
    <attribute name="architecture" value="amd64" />
    <attribute name="os" value="Linux" />
    <attribute name="osVersion" value="4.15.0-117-generic" />
  </system>
  <vmargs>
    <vmarg name="-Xoptionsfile=/root/code/openj9-openjdk-jdk11/build/linux-x86_64-normal-server-release/jdk/lib/options.default" />
    <vmarg name="-Xlockword:mode=default,noLockword=java/lang/String,noLockword=java/util/MapEntry,noLockword=java/util/HashMap$Entry,noLockword..." />
    <vmarg name="-Xjcl:jclse29" />
    <vmarg name="-Dcom.ibm.oti.vm.bootstrap.library.path=/root/code/openj9-openjdk-jdk11/build/linux-x86_64-normal-server-release/jdk/lib/compre..." />
    <vmarg name="-Dsun.boot.library.path=/root/code/openj9-openjdk-jdk11/build/linux-x86_64-normal-server-release/jdk/lib/compressedrefs:/root/c..." />
    <vmarg name="-Djava.library.path=/root/code/openj9-openjdk-jdk11/build/linux-x86_64-normal-server-release/jdk/lib/compressedrefs:/root/code/..." />
    <vmarg name="-Djava.home=/root/code/openj9-openjdk-jdk11/build/linux-x86_64-normal-server-release/jdk" />
    <vmarg name="-Duser.dir=/root/specjbb2015" />
    <vmarg name="-verbose:gc" />
    <vmarg name="-Xmx3584M" />
    <vmarg name="-Xgc:noConcurrentMark" />
    <vmarg name="-Xtgc:parallel" />
    <vmarg name="-XX:-UseGCStartupHints" />
    <vmarg name="-Xgcpolicy:gencon" />
    <vmarg name="-Xverbosegclog:testOutput,5,100" />
    <vmarg name="-Djava.class.path=/root/specjbb2015/specjbb2015.jar" />
    <vmarg name="-Dsun.java.command=/root/specjbb2015/specjbb2015.jar -m COMPOSITE" />
    <vmarg name="-Dsun.java.launcher=SUN_STANDARD" />
    <vmarg name="-Dsun.java.launcher.pid=23170" />
  </vmargs>
</initialized>

!@: After Trigger

<af-start id="4900" threadId="0000000000A7CB80" totalBytesRequested="80" timestamp="2020-09-12T19:29:39.573" intervalms="2099.391" type="nursery" />
<cycle-start id="4901" type="scavenge" contextid="0" timestamp="2020-09-12T19:29:39.573" intervalms="2099.353" />
<gc-start id="4902" type="scavenge" contextid="4901" timestamp="2020-09-12T19:29:39.573">
  <mem-info id="4903" free="713711688" total="2853371904" percent="25">
    <mem type="nursery" free="0" total="939524096" percent="0">
      <mem type="allocate" free="0" total="807534592" percent="0" />
      <mem type="survivor" free="0" total="131989504" percent="0" />
    </mem>
    <mem type="tenure" free="713711688" total="1913847808" percent="37">
      <mem type="soa" free="601110520" total="1799016448" percent="33" />
      <mem type="loa" free="112601168" total="114831360" percent="98" />
    </mem>
    <remembered-set count="196931" />
  </mem-info>
</gc-start>
<allocation-stats totalBytes="695714096" >
  <allocated-bytes non-tlh="32533648" tlh="663180448" />
  <largest-consumer threadName="Group1.Backend.CompositeBackend{Tier1}.1" threadId="000000000077E000" bytes="101532400" />
</allocation-stats>
<gc-op id="4904" type="scavenge" timems="139.113" contextid="4901" timestamp="2020-09-12T19:29:39.713">
  <scavenger-info tenureage="3" tenuremask="7ff8" tiltratio="85" />
  <memory-copied type="nursery" objects="4361521" bytes="116144728" bytesdiscarded="120480" />
  <memory-copied type="tenure" objects="1061850" bytes="28665008" bytesdiscarded="105176" />
  <ownableSynchronizers candidates="4022" cleared="3752" />
  <references type="soft" candidates="188" cleared="0" enqueued="0" dynamicThreshold="18" maxThreshold="32" />
  <references type="weak" candidates="119" cleared="118" enqueued="0" />
</gc-op>
<gc-end id="4905" type="scavenge" contextid="4901" durationms="140.104" usertimems="971.811" systemtimems="11.858" timestamp="2020-09-12T19:29:39.713" activeThreads="8">
  <mem-info id="4906" free="1373180664" total="2853371904" percent="48">
    <mem type="nursery" free="688234464" total="939524096" percent="73">
      <mem type="allocate" free="688234464" total="804585472" percent="85" />
      <mem type="survivor" free="0" total="134938624" percent="0" />
    </mem>
    <mem type="tenure" free="684946200" total="1913847808" percent="35" macro-fragmented="0">
      <mem type="soa" free="572345032" total="1799016448" percent="31" />
      <mem type="loa" free="112601168" total="114831360" percent="98" />
    </mem>
    <remembered-set count="32584" />
  </mem-info>
</gc-end>
<cycle-end id="4907" type="scavenge" contextid="4901" timestamp="2020-09-12T19:29:39.714" />
<allocation-satisfied id="4908" threadId="0000000000A7C200" bytesRequested="80" />
<af-end id="4909" timestamp="2020-09-12T19:29:39.714" threadId="0000000000A7CB80" success="true" from="nursery"/>
<exclusive-end id="4910" timestamp="2020-09-12T19:29:39.714" durationms="142.671" />

<exclusive-start id="4911" timestamp="2020-09-12T19:29:41.747" intervalms="2175.632">
  <response-info timems="0.575" idlems="0.575" threads="0" lastid="0000000000845300" lastname="Group1.Backend.CompositeBackend{Tier1}.3" />
</exclusive-start>
<af-start id="4912" threadId="0000000000845C80" totalBytesRequested="24" timestamp="2020-09-12T19:29:41.748" intervalms="2175.238" type="nursery" />
<cycle-start id="4913" type="scavenge" contextid="0" timestamp="2020-09-12T19:29:41.748" intervalms="2175.237" />
<gc-start id="4914" type="scavenge" contextid="4913" timestamp="2020-09-12T19:29:41.749">
  <mem-info id="4915" free="684946200" total="2853371904" percent="24">
    <mem type="nursery" free="0" total="939524096" percent="0">
      <mem type="allocate" free="0" total="804585472" percent="0" />
      <mem type="survivor" free="0" total="134938624" percent="0" />
    </mem>
    <mem type="tenure" free="684946200" total="1913847808" percent="35">
      <mem type="soa" free="572345032" total="1799016448" percent="31" />
      <mem type="loa" free="112601168" total="114831360" percent="98" />
    </mem>
    <remembered-set count="195102" />
  </mem-info>
</gc-start>
<allocation-stats totalBytes="687895728" >
  <allocated-bytes non-tlh="31574584" tlh="656321144" />
  <largest-consumer threadName="Group1.Backend.CompositeBackend{Tier1}.8" threadId="0000000000843900" bytes="98193288" />
</allocation-stats>
<gc-op id="4916" type="scavenge" timems="119.663" contextid="4913" timestamp="2020-09-12T19:29:41.868">
  <scavenger-info tenureage="3" tenuremask="7ff8" tiltratio="85" />
  <memory-copied type="nursery" objects="4357768" bytes="116065864" bytesdiscarded="108752" />
  <memory-copied type="tenure" objects="1123048" bytes="30159592" bytesdiscarded="119824" />
  <ownableSynchronizers candidates="3820" cleared="3556" />
  <references type="soft" candidates="196" cleared="0" enqueued="0" dynamicThreshold="18" maxThreshold="32" />
  <references type="weak" candidates="114" cleared="112" enqueued="0" />
</gc-op>
<gc-end id="4917" type="scavenge" contextid="4913" durationms="120.695" usertimems="883.046" systemtimems="4.230" timestamp="2020-09-12T19:29:41.869" activeThreads="8">
  <mem-info id="4918" free="1346749896" total="2853371904" percent="47">
    <mem type="nursery" free="692188664" total="939524096" percent="73">
      <mem type="allocate" free="692188664" total="808452096" percent="85" />
      <mem type="survivor" free="0" total="131072000" percent="0" />
    </mem>
    <mem type="tenure" free="654561232" total="1913847808" percent="34" macro-fragmented="0">
      <mem type="soa" free="541960064" total="1799016448" percent="30" />
      <mem type="loa" free="112601168" total="114831360" percent="98" />
    </mem>
    <remembered-set count="30465" />
  </mem-info>
</gc-end>
<cycle-end id="4919" type="scavenge" contextid="4913" timestamp="2020-09-12T19:29:41.870" />
<allocation-satisfied id="4920" threadId="0000000000845300" bytesRequested="24" />
<af-end id="4921" timestamp="2020-09-12T19:29:41.870" threadId="0000000000845C80" success="true" from="nursery"/>
<exclusive-end id="4922" timestamp="2020-09-12T19:29:41.870" durationms="122.803" />

<exclusive-start id="4923" timestamp="2020-09-12T19:29:43.757" intervalms="2009.212">
  <response-info timems="0.432" idlems="0.252" threads="1" lastid="0000000000843900" lastname="Group1.Backend.CompositeBackend{Tier1}.8" />
</exclusive-start>
<af-start id="4924" threadId="0000000000842B80" totalBytesRequested="24" timestamp="2020-09-12T19:29:43.757" intervalms="2009.106" type="nursery" />
<cycle-start id="4925" type="scavenge" contextid="0" timestamp="2020-09-12T19:29:43.757" intervalms="2009.116" />
<gc-start id="4926" type="scavenge" contextid="4925" timestamp="2020-09-12T19:29:43.758">
  <mem-info id="4927" free="654561232" total="2853371904" percent="22">
    <mem type="nursery" free="0" total="939524096" percent="0">
      <mem type="allocate" free="0" total="808452096" percent="0" />
      <mem type="survivor" free="0" total="131072000" percent="0" />
    </mem>
    <mem type="tenure" free="654561232" total="1913847808" percent="34">
      <mem type="soa" free="541960064" total="1799016448" percent="30" />
      <mem type="loa" free="112601168" total="114831360" percent="98" />
    </mem>
    <remembered-set count="192435" />
  </mem-info>
</gc-start>
<allocation-stats totalBytes="691881320" >
  <allocated-bytes non-tlh="36161816" tlh="655719504" />
  <largest-consumer threadName="Group1.Backend.CompositeBackend{Tier1}.2" threadId="0000000000780600" bytes="112118800" />
</allocation-stats>
<gc-op id="4928" type="scavenge" timems="120.268" contextid="4925" timestamp="2020-09-12T19:29:43.878">
  <scavenger-info tenureage="3" tenuremask="7ff8" tiltratio="86" />
  <memory-copied type="nursery" objects="4383032" bytes="116805512" bytesdiscarded="220936" />
  <memory-copied type="tenure" objects="1118519" bytes="30055760" bytesdiscarded="109680" />
  <ownableSynchronizers candidates="3120" cleared="2883" />
  <references type="soft" candidates="190" cleared="0" enqueued="0" dynamicThreshold="18" maxThreshold="32" />
  <references type="weak" candidates="114" cleared="114" enqueued="0" />
</gc-op>
<gc-end id="4929" type="scavenge" contextid="4925" durationms="121.389" usertimems="911.403" systemtimems="0.000" timestamp="2020-09-12T19:29:43.879" activeThreads="8">
  <mem-info id="4930" free="1315098064" total="2853371904" percent="46">
    <mem type="nursery" free="690878528" total="939524096" percent="73">
      <mem type="allocate" free="690878528" total="807993344" percent="85" />
      <mem type="survivor" free="0" total="131530752" percent="0" />
    </mem>
    <mem type="tenure" free="624219536" total="1913847808" percent="32" macro-fragmented="0">
      <mem type="soa" free="511618368" total="1799016448" percent="28" />
      <mem type="loa" free="112601168" total="114831360" percent="98" />
    </mem>
    <remembered-set count="30040" />
  </mem-info>
</gc-end>
<cycle-end id="4931" type="scavenge" contextid="4925" timestamp="2020-09-12T19:29:43.880" />
<allocation-satisfied id="4932" threadId="0000000000842200" bytesRequested="24" />
<af-end id="4933" timestamp="2020-09-12T19:29:43.880" threadId="0000000000842B80" success="true" from="nursery"/>
<exclusive-end id="4934" timestamp="2020-09-12T19:29:43.880" durationms="123.549" />

<exclusive-start id="4935" timestamp="2020-09-12T19:29:45.838" intervalms="2080.951">
  <response-info timems="2.302" idlems="2.302" threads="0" lastid="0000000000842200" lastname="Group1.Backend.CompositeBackend{Tier1}.6" />
</exclusive-start>
<af-start id="4936" threadId="0000000000842B80" totalBytesRequested="32" timestamp="2020-09-12T19:29:45.838" intervalms="2080.998" type="nursery" />
<cycle-start id="4937" type="scavenge" contextid="0" timestamp="2020-09-12T19:29:45.838" intervalms="2081.004" />
<gc-start id="4938" type="scavenge" contextid="4937" timestamp="2020-09-12T19:29:45.839">
  <mem-info id="4939" free="624219536" total="2853371904" percent="21">
    <mem type="nursery" free="0" total="939524096" percent="0">
      <mem type="allocate" free="0" total="807993344" percent="0" />
      <mem type="survivor" free="0" total="131530752" percent="0" />
    </mem>
    <mem type="tenure" free="624219536" total="1913847808" percent="32">
      <mem type="soa" free="511618368" total="1799016448" percent="28" />
      <mem type="loa" free="112601168" total="114831360" percent="98" />
    </mem>
    <remembered-set count="194883" />
  </mem-info>
</gc-start>
<allocation-stats totalBytes="690553624" >
  <allocated-bytes non-tlh="31298472" tlh="659255152" />
  <largest-consumer threadName="Group1.Backend.CompositeBackend{Tier1}.6" threadId="0000000000842200" bytes="85490904" />
</allocation-stats>
<gc-op id="4940" type="scavenge" timems="129.981" contextid="4937" timestamp="2020-09-12T19:29:45.969">
  <scavenger-info tenureage="3" tenuremask="7ff8" tiltratio="86" />
  <memory-copied type="nursery" objects="4134182" bytes="110572864" bytesdiscarded="172736" />
  <memory-copied type="tenure" objects="1101537" bytes="29606072" bytesdiscarded="124096" />
  <ownableSynchronizers candidates="3926" cleared="3688" />
  <references type="soft" candidates="192" cleared="0" enqueued="0" dynamicThreshold="18" maxThreshold="32" />
  <references type="weak" candidates="103" cleared="103" enqueued="0" />
</gc-op>
<gc-end id="4941" type="scavenge" contextid="4937" durationms="130.895" usertimems="963.961" systemtimems="7.935" timestamp="2020-09-12T19:29:45.969" activeThreads="8">
  <mem-info id="4942" free="1291984648" total="2853371904" percent="45">
    <mem type="nursery" free="697296888" total="939524096" percent="74">
      <mem type="allocate" free="697296888" total="808124416" percent="86" />
      <mem type="survivor" free="0" total="131399680" percent="0" />
    </mem>
    <mem type="tenure" free="594687760" total="1913847808" percent="31" macro-fragmented="0">
      <mem type="soa" free="482086592" total="1799016448" percent="26" />
      <mem type="loa" free="112601168" total="114831360" percent="98" />
    </mem>
    <remembered-set count="29892" />
  </mem-info>
</gc-end>
<cycle-end id="4943" type="scavenge" contextid="4937" timestamp="2020-09-12T19:29:45.970" />
<allocation-satisfied id="4944" threadId="0000000000842200" bytesRequested="32" />
<af-end id="4945" timestamp="2020-09-12T19:29:45.970" threadId="0000000000842B80" success="true" from="nursery"/>
<exclusive-end id="4946" timestamp="2020-09-12T19:29:45.970" durationms="132.878" />

<exclusive-start id="4947" timestamp="2020-09-12T19:29:47.990" intervalms="2152.837">
  <response-info timems="0.336" idlems="0.257" threads="1" lastid="0000000000845300" lastname="Group1.Backend.CompositeBackend{Tier1}.3" />
</exclusive-start>
<af-start id="4948" threadId="0000000000843780" totalBytesRequested="24" timestamp="2020-09-12T19:29:47.991" intervalms="2152.722" type="nursery" />
<cycle-start id="4949" type="scavenge" contextid="0" timestamp="2020-09-12T19:29:47.991" intervalms="2152.695" />
<gc-start id="4950" type="scavenge" contextid="4949" timestamp="2020-09-12T19:29:47.991">
  <mem-info id="4951" free="594687760" total="2853371904" percent="20">
    <mem type="nursery" free="0" total="939524096" percent="0">
      <mem type="allocate" free="0" total="808124416" percent="0" />
      <mem type="survivor" free="0" total="131399680" percent="0" />
    </mem>
    <mem type="tenure" free="594687760" total="1913847808" percent="31">
      <mem type="soa" free="482086592" total="1799016448" percent="26" />
      <mem type="loa" free="112601168" total="114831360" percent="98" />
    </mem>
    <remembered-set count="193561" />
  </mem-info>
</gc-start>
<allocation-stats totalBytes="696962128" >
  <allocated-bytes non-tlh="34809232" tlh="662152896" />
  <largest-consumer threadName="Group1.Backend.CompositeBackend{Tier1}.6" threadId="0000000000842200" bytes="100939352" />
</allocation-stats>
<gc-op id="4952" type="scavenge" timems="115.868" contextid="4949" timestamp="2020-09-12T19:29:48.107">
  <scavenger-info tenureage="3" tenuremask="7ff8" tiltratio="86" />
  <memory-copied type="nursery" objects="4094974" bytes="109929808" bytesdiscarded="173168" />
  <memory-copied type="tenure" objects="1094274" bytes="29443464" bytesdiscarded="96336" />
  <ownableSynchronizers candidates="4076" cleared="3826" />
  <references type="soft" candidates="179" cleared="0" enqueued="0" dynamicThreshold="18" maxThreshold="32" />
  <references type="weak" candidates="108" cleared="108" enqueued="0" />
</gc-op>
<gc-end id="4953" type="scavenge" contextid="4949" durationms="116.708" usertimems="844.886" systemtimems="0.000" timestamp="2020-09-12T19:29:48.108" activeThreads="8">
  <mem-info id="4954" free="1264546792" total="2853371904" percent="44">
    <mem type="nursery" free="699445248" total="939524096" percent="74">
      <mem type="allocate" free="699445248" total="809631744" percent="86" />
      <mem type="survivor" free="0" total="129892352" percent="0" />
    </mem>
    <mem type="tenure" free="565101544" total="1913847808" percent="29" macro-fragmented="0">
      <mem type="soa" free="452500376" total="1799016448" percent="25" />
      <mem type="loa" free="112601168" total="114831360" percent="98" />
    </mem>
    <remembered-set count="31669" />
  </mem-info>
</gc-end>
<cycle-end id="4955" type="scavenge" contextid="4949" timestamp="2020-09-12T19:29:48.109" />
<allocation-satisfied id="4956" threadId="0000000000842E00" bytesRequested="24" />
<af-end id="4957" timestamp="2020-09-12T19:29:48.109" threadId="0000000000843780" success="true" from="nursery"/>
<exclusive-end id="4958" timestamp="2020-09-12T19:29:48.109" durationms="118.525" />

<exclusive-start id="4959" timestamp="2020-09-12T19:29:50.091" intervalms="2100.184">
  <response-info timems="1.135" idlems="1.135" threads="0" lastid="0000000000841700" lastname="Group1.Backend.CompositeBackend{Tier1}.5" />
</exclusive-start>
<af-start id="4960" threadId="0000000000842080" totalBytesRequested="24" timestamp="2020-09-12T19:29:50.091" intervalms="2100.291" type="nursery" />
<cycle-start id="4961" type="scavenge" contextid="0" timestamp="2020-09-12T19:29:50.091" intervalms="2100.302" />
<gc-start id="4962" type="scavenge" contextid="4961" timestamp="2020-09-12T19:29:50.092">
  <mem-info id="4963" free="565101544" total="2853371904" percent="19">
    <mem type="nursery" free="0" total="939524096" percent="0">
      <mem type="allocate" free="0" total="809631744" percent="0" />
      <mem type="survivor" free="0" total="129892352" percent="0" />
    </mem>
    <mem type="tenure" free="565101544" total="1913847808" percent="29">
      <mem type="soa" free="452500376" total="1799016448" percent="25" />
      <mem type="loa" free="112601168" total="114831360" percent="98" />
    </mem>
    <remembered-set count="193547" />
  </mem-info>
</gc-start>
<allocation-stats totalBytes="699103992" >
  <allocated-bytes non-tlh="36265864" tlh="662838128" />
  <largest-consumer threadName="Group1.Backend.CompositeBackend{Tier1}.5" threadId="0000000000841700" bytes="112855904" />
</allocation-stats>
<gc-op id="4964" type="scavenge" timems="199.362" contextid="4961" timestamp="2020-09-12T19:29:50.291">
  <scavenger-info tenureage="3" tenuremask="7ff8" tiltratio="86" />
  <memory-copied type="nursery" objects="4709050" bytes="123900752" bytesdiscarded="264296" />
  <memory-copied type="tenure" objects="1095556" bytes="29440488" bytesdiscarded="105672" />
  <ownableSynchronizers candidates="3198" cleared="2954" />
  <references type="soft" candidates="203" cleared="0" enqueued="0" dynamicThreshold="18" maxThreshold="32" />
  <references type="weak" candidates="113" cleared="113" enqueued="0" />
</gc-op>
<gc-end id="4965" type="scavenge" contextid="4961" durationms="200.962" usertimems="1405.222" systemtimems="49.644" timestamp="2020-09-12T19:29:50.292" activeThreads="8">
  <mem-info id="4966" free="1201342288" total="2853371904" percent="42">
    <mem type="nursery" free="665723328" total="939524096" percent="70">
      <mem type="allocate" free="665723328" total="789970944" percent="84" />
      <mem type="survivor" free="0" total="149553152" percent="0" />
    </mem>
    <mem type="tenure" free="535618960" total="1913847808" percent="27" macro-fragmented="0">
      <mem type="soa" free="423017792" total="1799016448" percent="23" />
      <mem type="loa" free="112601168" total="114831360" percent="98" />
    </mem>
    <remembered-set count="31445" />
  </mem-info>
</gc-end>
<cycle-end id="4967" type="scavenge" contextid="4961" timestamp="2020-09-12T19:29:50.294" />
<allocation-satisfied id="4968" threadId="0000000000841700" bytesRequested="24" />
<af-end id="4969" timestamp="2020-09-12T19:29:50.294" threadId="0000000000842080" success="true" from="nursery"/>
<exclusive-end id="4970" timestamp="2020-09-12T19:29:50.294" durationms="203.108" />

<exclusive-start id="4971" timestamp="2020-09-12T19:29:52.101" intervalms="2010.887">
  <response-info timems="0.403" idlems="0.403" threads="0" lastid="0000000000780600" lastname="Group1.Backend.CompositeBackend{Tier1}.2" />
</exclusive-start>
<af-start id="4972" threadId="0000000000780F80" totalBytesRequested="24" timestamp="2020-09-12T19:29:52.102" intervalms="2010.852" type="nursery" />
<cycle-start id="4973" type="scavenge" contextid="0" timestamp="2020-09-12T19:29:52.102" intervalms="2010.848" />
<gc-start id="4974" type="scavenge" contextid="4973" timestamp="2020-09-12T19:29:52.102">
  <mem-info id="4975" free="535618960" total="2853371904" percent="18">
    <mem type="nursery" free="0" total="939524096" percent="0">
      <mem type="allocate" free="0" total="789970944" percent="0" />
      <mem type="survivor" free="0" total="149553152" percent="0" />
    </mem>
    <mem type="tenure" free="535618960" total="1913847808" percent="27">
      <mem type="soa" free="423017792" total="1799016448" percent="23" />
      <mem type="loa" free="112601168" total="114831360" percent="98" />
    </mem>
    <remembered-set count="192937" />
  </mem-info>
</gc-start>
<allocation-stats totalBytes="665399824" >
  <allocated-bytes non-tlh="30271488" tlh="635128336" />
  <largest-consumer threadName="Group1.Backend.CompositeBackend{Tier1}.7" threadId="0000000000842E00" bytes="94153240" />
</allocation-stats>
<gc-op id="4976" type="scavenge" timems="120.460" contextid="4973" timestamp="2020-09-12T19:29:52.223">
  <scavenger-info tenureage="3" tenuremask="7ff8" tiltratio="84" />
  <memory-copied type="nursery" objects="4215384" bytes="112255128" bytesdiscarded="160560" />
  <memory-copied type="tenure" objects="1122100" bytes="30164712" bytesdiscarded="142264" />
  <ownableSynchronizers candidates="2996" cleared="2751" />
  <references type="soft" candidates="197" cleared="0" enqueued="0" dynamicThreshold="18" maxThreshold="32" />
  <references type="weak" candidates="114" cleared="114" enqueued="0" />
</gc-op>
<gc-end id="4977" type="scavenge" contextid="4973" durationms="121.496" usertimems="884.505" systemtimems="0.924" timestamp="2020-09-12T19:29:52.224" activeThreads="8">
  <mem-info id="4978" free="1184896864" total="2853371904" percent="41">
    <mem type="nursery" free="679633400" total="939524096" percent="72">
      <mem type="allocate" free="679633400" total="792133632" percent="85" />
      <mem type="survivor" free="0" total="147390464" percent="0" />
    </mem>
    <mem type="tenure" free="505263464" total="1913847808" percent="26" macro-fragmented="0">
      <mem type="soa" free="392662296" total="1799016448" percent="21" />
      <mem type="loa" free="112601168" total="114831360" percent="98" />
    </mem>
    <remembered-set count="31079" />
  </mem-info>
</gc-end>
<cycle-end id="4979" type="scavenge" contextid="4973" timestamp="2020-09-12T19:29:52.225" />
<allocation-satisfied id="4980" threadId="0000000000780600" bytesRequested="24" />
<af-end id="4981" timestamp="2020-09-12T19:29:52.225" threadId="0000000000780F80" success="true" from="nursery"/>
<exclusive-end id="4982" timestamp="2020-09-12T19:29:52.225" durationms="123.432" />

<exclusive-start id="4983" timestamp="2020-09-12T19:29:54.206" intervalms="2104.677">
  <response-info timems="1.147" idlems="1.147" threads="0" lastid="0000000000841700" lastname="Group1.Backend.CompositeBackend{Tier1}.5" />
</exclusive-start>
<af-start id="4984" threadId="0000000000842080" totalBytesRequested="16" timestamp="2020-09-12T19:29:54.207" intervalms="2105.259" type="nursery" />
<cycle-start id="4985" type="scavenge" contextid="0" timestamp="2020-09-12T19:29:54.208" intervalms="2105.342" />
<gc-start id="4986" type="scavenge" contextid="4985" timestamp="2020-09-12T19:29:54.208">
  <mem-info id="4987" free="505263464" total="2853371904" percent="17">
    <mem type="nursery" free="0" total="939524096" percent="0">
      <mem type="allocate" free="0" total="792133632" percent="0" />
      <mem type="survivor" free="0" total="147390464" percent="0" />
    </mem>
    <mem type="tenure" free="505263464" total="1913847808" percent="26">
      <mem type="soa" free="392662296" total="1799016448" percent="21" />
      <mem type="loa" free="112601168" total="114831360" percent="98" />
    </mem>
    <remembered-set count="195104" />
  </mem-info>
</gc-start>
<allocation-stats totalBytes="679308280" >
  <allocated-bytes non-tlh="30962912" tlh="648345368" />
  <largest-consumer threadName="Group1.Backend.CompositeBackend{Tier1}.3" threadId="0000000000845300" bytes="84831144" />
</allocation-stats>
<gc-op id="4988" type="scavenge" timems="117.295" contextid="4985" timestamp="2020-09-12T19:29:54.325">
  <scavenger-info tenureage="3" tenuremask="7ff8" tiltratio="84" />
  <memory-copied type="nursery" objects="4048570" bytes="108608216" bytesdiscarded="200584" />
  <memory-copied type="tenure" objects="1089443" bytes="29282952" bytesdiscarded="128544" />
  <ownableSynchronizers candidates="3508" cleared="3269" />
  <references type="soft" candidates="186" cleared="0" enqueued="0" dynamicThreshold="18" maxThreshold="32" />
  <references type="weak" candidates="124" cleared="123" enqueued="0" />
</gc-op>
<gc-end id="4989" type="scavenge" contextid="4985" durationms="118.556" usertimems="841.356" systemtimems="8.448" timestamp="2020-09-12T19:29:54.326" activeThreads="8">
  <mem-info id="4990" free="1163359464" total="2853371904" percent="40">
    <mem type="nursery" free="687562752" total="939524096" percent="73">
      <mem type="allocate" free="687562752" total="796459008" percent="86" />
      <mem type="survivor" free="0" total="143065088" percent="0" />
    </mem>
    <mem type="tenure" free="475796712" total="1913847808" percent="24" macro-fragmented="0">
      <mem type="soa" free="363195544" total="1799016448" percent="20" />
      <mem type="loa" free="112601168" total="114831360" percent="98" />
    </mem>
    <remembered-set count="30066" />
  </mem-info>
</gc-end>
<cycle-end id="4991" type="scavenge" contextid="4985" timestamp="2020-09-12T19:29:54.328" />
<allocation-satisfied id="4992" threadId="0000000000841700" bytesRequested="16" />
<af-end id="4993" timestamp="2020-09-12T19:29:54.328" threadId="0000000000842080" success="true" from="nursery"/>
<exclusive-end id="4994" timestamp="2020-09-12T19:29:54.328" durationms="121.719" />

<exclusive-start id="4995" timestamp="2020-09-12T19:29:56.331" intervalms="2125.065">
  <response-info timems="0.450" idlems="0.450" threads="0" lastid="0000000000843900" lastname="Group1.Backend.CompositeBackend{Tier1}.8" />
</exclusive-start>
<af-start id="4996" threadId="0000000000844280" totalBytesRequested="264" timestamp="2020-09-12T19:29:56.332" intervalms="2124.480" type="nursery" />
<cycle-start id="4997" type="scavenge" contextid="0" timestamp="2020-09-12T19:29:56.332" intervalms="2124.400" />
<gc-start id="4998" type="scavenge" contextid="4997" timestamp="2020-09-12T19:29:56.332">
  <mem-info id="4999" free="475796712" total="2853371904" percent="16">
    <mem type="nursery" free="0" total="939524096" percent="0">
      <mem type="allocate" free="0" total="796459008" percent="0" />
      <mem type="survivor" free="0" total="143065088" percent="0" />
    </mem>
    <mem type="tenure" free="475796712" total="1913847808" percent="24">
      <mem type="soa" free="363195544" total="1799016448" percent="20" />
      <mem type="loa" free="112601168" total="114831360" percent="98" />
    </mem>
    <remembered-set count="194662" />
  </mem-info>
</gc-start>
<allocation-stats totalBytes="687218600" >
  <allocated-bytes non-tlh="30888600" tlh="656330000" />
  <largest-consumer threadName="Group1.Backend.CompositeBackend{Tier1}.8" threadId="0000000000843900" bytes="91607904" />
</allocation-stats>
<gc-op id="5000" type="scavenge" timems="104.481" contextid="4997" timestamp="2020-09-12T19:29:56.437">
  <scavenger-info tenureage="3" tenuremask="7ff8" tiltratio="84" />
  <memory-copied type="nursery" objects="4099431" bytes="109964288" bytesdiscarded="631488" />
  <memory-copied type="tenure" objects="1074382" bytes="28857704" bytesdiscarded="89280" />
  <ownableSynchronizers candidates="4207" cleared="3973" />
  <references type="soft" candidates="171" cleared="0" enqueued="0" dynamicThreshold="18" maxThreshold="32" />
  <references type="weak" candidates="108" cleared="107" enqueued="0" />
</gc-op>
<gc-end id="5001" type="scavenge" contextid="4997" durationms="105.519" usertimems="815.176" systemtimems="12.611" timestamp="2020-09-12T19:29:56.438" activeThreads="8">
  <mem-info id="5002" free="1136521104" total="2853371904" percent="39">
    <mem type="nursery" free="689452544" total="939524096" percent="73">
      <mem type="allocate" free="689452544" total="800129024" percent="86" />
      <mem type="survivor" free="0" total="139395072" percent="0" />
    </mem>
    <mem type="tenure" free="447068560" total="1913847808" percent="23" macro-fragmented="0">
      <mem type="soa" free="334467392" total="1799016448" percent="18" />
      <mem type="loa" free="112601168" total="114831360" percent="98" />
    </mem>
    <remembered-set count="29656" />
  </mem-info>
</gc-end>
<cycle-end id="5003" type="scavenge" contextid="4997" timestamp="2020-09-12T19:29:56.439" />
<allocation-satisfied id="5004" threadId="0000000000843900" bytesRequested="264" />
<af-end id="5005" timestamp="2020-09-12T19:29:56.439" threadId="0000000000844280" success="true" from="nursery"/>
<exclusive-end id="5006" timestamp="2020-09-12T19:29:56.439" durationms="107.454" />

<exclusive-start id="5007" timestamp="2020-09-12T19:29:58.477" intervalms="2145.807">
  <response-info timems="0.362" idlems="0.362" threads="0" lastid="0000000000780600" lastname="Group1.Backend.CompositeBackend{Tier1}.2" />
</exclusive-start>
<af-start id="5008" threadId="0000000000780F80" totalBytesRequested="24" timestamp="2020-09-12T19:29:58.478" intervalms="2145.715" type="nursery" />
<cycle-start id="5009" type="scavenge" contextid="0" timestamp="2020-09-12T19:29:58.478" intervalms="2145.695" />
<gc-start id="5010" type="scavenge" contextid="5009" timestamp="2020-09-12T19:29:58.478">
  <mem-info id="5011" free="447068560" total="2853371904" percent="15">
    <mem type="nursery" free="0" total="939524096" percent="0">
      <mem type="allocate" free="0" total="800129024" percent="0" />
      <mem type="survivor" free="0" total="139395072" percent="0" />
    </mem>
    <mem type="tenure" free="447068560" total="1913847808" percent="23">
      <mem type="soa" free="334467392" total="1799016448" percent="18" />
      <mem type="loa" free="112601168" total="114831360" percent="98" />
    </mem>
    <remembered-set count="193279" />
  </mem-info>
</gc-start>
<allocation-stats totalBytes="689110504" >
  <allocated-bytes non-tlh="31694624" tlh="657415880" />
  <largest-consumer threadName="Group1.Backend.CompositeBackend{Tier1}.8" threadId="0000000000843900" bytes="92921320" />
</allocation-stats>
<gc-op id="5012" type="scavenge" timems="98.914" contextid="5009" timestamp="2020-09-12T19:29:58.577">
  <scavenger-info tenureage="3" tenuremask="7ff8" tiltratio="85" />
  <memory-copied type="nursery" objects="4152445" bytes="111256112" bytesdiscarded="610944" />
  <memory-copied type="tenure" objects="1063197" bytes="28583568" bytesdiscarded="126520" />
  <ownableSynchronizers candidates="4342" cleared="4093" />
  <references type="soft" candidates="194" cleared="0" enqueued="0" dynamicThreshold="18" maxThreshold="32" />
  <references type="weak" candidates="98" cleared="98" enqueued="0" />
</gc-op>
<gc-end id="5013" type="scavenge" contextid="5009" durationms="99.735" usertimems="763.369" systemtimems="4.747" timestamp="2020-09-12T19:29:58.578" activeThreads="8">
  <mem-info id="5014" free="1109210280" total="2853371904" percent="38">
    <mem type="nursery" free="690865408" total="939524096" percent="73">
      <mem type="allocate" free="690865408" total="802816000" percent="86" />
      <mem type="survivor" free="0" total="136708096" percent="0" />
    </mem>
    <mem type="tenure" free="418344872" total="1913847808" percent="21" macro-fragmented="0">
      <mem type="soa" free="305743704" total="1799016448" percent="16" />
      <mem type="loa" free="112601168" total="114831360" percent="98" />
    </mem>
    <remembered-set count="30713" />
  </mem-info>
</gc-end>
<cycle-end id="5015" type="scavenge" contextid="5009" timestamp="2020-09-12T19:29:58.578" />
<allocation-satisfied id="5016" threadId="0000000000780600" bytesRequested="24" />
<af-end id="5017" timestamp="2020-09-12T19:29:58.578" threadId="0000000000780F80" success="true" from="nursery"/>
<exclusive-end id="5018" timestamp="2020-09-12T19:29:58.578" durationms="101.474" />

<exclusive-start id="5019" timestamp="2020-09-12T19:30:00.623" intervalms="2146.470">
  <response-info timems="9.320" idlems="9.320" threads="0" lastid="0000000000842E00" lastname="Group1.Backend.CompositeBackend{Tier1}.7" />
</exclusive-start>
<af-start id="5020" threadId="0000000000843780" totalBytesRequested="16" timestamp="2020-09-12T19:30:00.625" intervalms="2147.289" type="nursery" />
<cycle-start id="5021" type="scavenge" contextid="0" timestamp="2020-09-12T19:30:00.625" intervalms="2147.661" />
<gc-start id="5022" type="scavenge" contextid="5021" timestamp="2020-09-12T19:30:00.626">
  <mem-info id="5023" free="418344872" total="2853371904" percent="14">
    <mem type="nursery" free="0" total="939524096" percent="0">
      <mem type="allocate" free="0" total="802816000" percent="0" />
      <mem type="survivor" free="0" total="136708096" percent="0" />
    </mem>
    <mem type="tenure" free="418344872" total="1913847808" percent="21">
      <mem type="soa" free="305743704" total="1799016448" percent="16" />
      <mem type="loa" free="112601168" total="114831360" percent="98" />
    </mem>
    <remembered-set count="194037" />
  </mem-info>
</gc-start>
<allocation-stats totalBytes="690516992" >
  <allocated-bytes non-tlh="30675952" tlh="659841040" />
  <largest-consumer threadName="Group1.Backend.CompositeBackend{Tier1}.6" threadId="0000000000842200" bytes="90632184" />
</allocation-stats>
<gc-op id="5024" type="scavenge" timems="146.120" contextid="5021" timestamp="2020-09-12T19:30:00.772">
  <scavenger-info tenureage="3" tenuremask="7ff8" tiltratio="85" />
  <memory-copied type="nursery" objects="4416856" bytes="117188160" bytesdiscarded="197984" />
  <memory-copied type="tenure" objects="1096000" bytes="29459736" bytesdiscarded="108192" />
  <ownableSynchronizers candidates="4637" cleared="4360" />
  <references type="soft" candidates="204" cleared="0" enqueued="0" dynamicThreshold="18" maxThreshold="32" />
  <references type="weak" candidates="119" cleared="117" enqueued="0" />
</gc-op>
<gc-end id="5025" type="scavenge" contextid="5021" durationms="147.704" usertimems="1001.445" systemtimems="13.814" timestamp="2020-09-12T19:30:00.773" activeThreads="8">
  <mem-info id="5026" free="1073129984" total="2853371904" percent="37">
    <mem type="nursery" free="684360176" total="939524096" percent="72">
      <mem type="allocate" free="684360176" total="801832960" percent="85" />
      <mem type="survivor" free="0" total="137691136" percent="0" />
    </mem>
    <mem type="tenure" free="388769808" total="1913847808" percent="20" macro-fragmented="0">
      <mem type="soa" free="276168640" total="1799016448" percent="15" />
      <mem type="loa" free="112601168" total="114831360" percent="98" />
    </mem>
    <remembered-set count="29994" />
  </mem-info>
</gc-end>
<cycle-end id="5027" type="scavenge" contextid="5021" timestamp="2020-09-12T19:30:00.774" />
<allocation-satisfied id="5028" threadId="0000000000842E00" bytesRequested="16" />
<af-end id="5029" timestamp="2020-09-12T19:30:00.775" threadId="0000000000843780" success="true" from="nursery"/>
<exclusive-end id="5030" timestamp="2020-09-12T19:30:00.775" durationms="151.119" />

<exclusive-start id="5031" timestamp="2020-09-12T19:30:02.629" intervalms="2005.397">
  <response-info timems="0.354" idlems="0.354" threads="0" lastid="000000000077E000" lastname="Group1.Backend.CompositeBackend{Tier1}.1" />
</exclusive-start>
<af-start id="5032" threadId="000000000077E980" totalBytesRequested="24" timestamp="2020-09-12T19:30:02.629" intervalms="2004.646" type="nursery" />
<cycle-start id="5033" type="scavenge" contextid="0" timestamp="2020-09-12T19:30:02.630" intervalms="2004.288" />
<gc-start id="5034" type="scavenge" contextid="5033" timestamp="2020-09-12T19:30:02.630">
  <mem-info id="5035" free="388769808" total="2853371904" percent="13">
    <mem type="nursery" free="0" total="939524096" percent="0">
      <mem type="allocate" free="0" total="801832960" percent="0" />
      <mem type="survivor" free="0" total="137691136" percent="0" />
    </mem>
    <mem type="tenure" free="388769808" total="1913847808" percent="20">
      <mem type="soa" free="276168640" total="1799016448" percent="15" />
      <mem type="loa" free="112601168" total="114831360" percent="98" />
    </mem>
    <remembered-set count="190360" />
  </mem-info>
</gc-start>
<allocation-stats totalBytes="684037552" >
  <allocated-bytes non-tlh="34425952" tlh="649611600" />
  <largest-consumer threadName="Group1.Backend.CompositeBackend{Tier1}.5" threadId="0000000000841700" bytes="113313136" />
</allocation-stats>
<gc-op id="5036" type="scavenge" timems="132.684" contextid="5033" timestamp="2020-09-12T19:30:02.763">
  <scavenger-info tenureage="3" tenuremask="7ff8" tiltratio="85" />
  <memory-copied type="nursery" objects="4469688" bytes="118286848" bytesdiscarded="183352" />
  <memory-copied type="tenure" objects="1111469" bytes="29885640" bytesdiscarded="115312" />
  <ownableSynchronizers candidates="4644" cleared="4356" />
  <references type="soft" candidates="186" cleared="0" enqueued="0" dynamicThreshold="18" maxThreshold="32" />
  <references type="weak" candidates="112" cleared="112" enqueued="0" />
</gc-op>
<gc-end id="5037" type="scavenge" contextid="5033" durationms="133.774" usertimems="1014.971" systemtimems="8.089" timestamp="2020-09-12T19:30:02.764" activeThreads="8">
  <mem-info id="5038" free="1045236368" total="2853371904" percent="36">
    <mem type="nursery" free="686423792" total="939524096" percent="73">
      <mem type="allocate" free="686423792" total="804978688" percent="85" />
      <mem type="survivor" free="0" total="134545408" percent="0" />
    </mem>
    <mem type="tenure" free="358812576" total="1913847808" percent="18" macro-fragmented="0">
      <mem type="soa" free="246211408" total="1799016448" percent="13" />
      <mem type="loa" free="112601168" total="114831360" percent="98" />
    </mem>
    <remembered-set count="29214" />
  </mem-info>
</gc-end>
<cycle-end id="5039" type="scavenge" contextid="5033" timestamp="2020-09-12T19:30:02.764" />
<allocation-satisfied id="5040" threadId="000000000077E000" bytesRequested="24" />
<af-end id="5041" timestamp="2020-09-12T19:30:02.764" threadId="000000000077E980" success="true" from="nursery"/>
<exclusive-end id="5042" timestamp="2020-09-12T19:30:02.764" durationms="135.542" />

<exclusive-start id="5043" timestamp="2020-09-12T19:30:04.724" intervalms="2094.713">
  <response-info timems="0.461" idlems="0.461" threads="0" lastid="0000000000846A00" lastname="Group1.Backend.CompositeBackend{Tier1}.4" />
</exclusive-start>
<af-start id="5044" threadId="0000000000847380" totalBytesRequested="1032" timestamp="2020-09-12T19:30:04.724" intervalms="2094.879" type="nursery" />
<cycle-start id="5045" type="scavenge" contextid="0" timestamp="2020-09-12T19:30:04.725" intervalms="2094.880" />
<gc-start id="5046" type="scavenge" contextid="5045" timestamp="2020-09-12T19:30:04.725">
  <mem-info id="5047" free="358812576" total="2853371904" percent="12">
    <mem type="nursery" free="0" total="939524096" percent="0">
      <mem type="allocate" free="0" total="804978688" percent="0" />
      <mem type="survivor" free="0" total="134545408" percent="0" />
    </mem>
    <mem type="tenure" free="358812576" total="1913847808" percent="18">
      <mem type="soa" free="246211408" total="1799016448" percent="13" />
      <mem type="loa" free="112601168" total="114831360" percent="98" />
    </mem>
    <remembered-set count="191445" />
  </mem-info>
</gc-start>
<allocation-stats totalBytes="686102048" >
  <allocated-bytes non-tlh="35236760" tlh="650865288" />
  <largest-consumer threadName="Group1.Backend.CompositeBackend{Tier1}.4" threadId="0000000000846A00" bytes="89084208" />
</allocation-stats>
<gc-op id="5048" type="scavenge" timems="128.450" contextid="5045" timestamp="2020-09-12T19:30:04.853">
  <scavenger-info tenureage="3" tenuremask="7ff8" tiltratio="85" />
  <memory-copied type="nursery" objects="4119636" bytes="110430800" bytesdiscarded="130624" />
  <memory-copied type="tenure" objects="1105221" bytes="29697544" bytesdiscarded="106528" />
  <ownableSynchronizers candidates="3157" cleared="2884" />
  <references type="soft" candidates="162" cleared="0" enqueued="0" dynamicThreshold="18" maxThreshold="32" />
  <references type="weak" candidates="115" cleared="114" enqueued="0" />
</gc-op>
<gc-end id="5049" type="scavenge" contextid="5045" durationms="129.807" usertimems="921.236" systemtimems="9.975" timestamp="2020-09-12T19:30:04.854" activeThreads="8">
  <mem-info id="5050" free="1023676168" total="2853371904" percent="35">
    <mem type="nursery" free="694722304" total="939524096" percent="73">
      <mem type="allocate" free="694722304" total="805371904" percent="86" />
      <mem type="survivor" free="0" total="134152192" percent="0" />
    </mem>
    <mem type="tenure" free="328953864" total="1913847808" percent="17" macro-fragmented="0">
      <mem type="soa" free="216352696" total="1799016448" percent="12" />
      <mem type="loa" free="112601168" total="114831360" percent="98" />
    </mem>
    <remembered-set count="27610" />
  </mem-info>
</gc-end>
<cycle-end id="5051" type="scavenge" contextid="5045" timestamp="2020-09-12T19:30:04.856" />
<allocation-satisfied id="5052" threadId="0000000000846A00" bytesRequested="1032" />
<af-end id="5053" timestamp="2020-09-12T19:30:04.856" threadId="0000000000847380" success="true" from="nursery"/>
<exclusive-end id="5054" timestamp="2020-09-12T19:30:04.856" durationms="132.347" />

<exclusive-start id="5055" timestamp="2020-09-12T19:30:06.842" intervalms="2118.367">
  <response-info timems="0.826" idlems="0.826" threads="0" lastid="0000000000A74500" lastname="Group1.Backend.CompositeBackend{Tier3}.4" />
</exclusive-start>
<af-start id="5056" threadId="0000000000A74E80" totalBytesRequested="16" timestamp="2020-09-12T19:30:06.843" intervalms="2118.180" type="nursery" />
<cycle-start id="5057" type="scavenge" contextid="0" timestamp="2020-09-12T19:30:06.843" intervalms="2118.169" />
<gc-start id="5058" type="scavenge" contextid="5057" timestamp="2020-09-12T19:30:06.843">
  <mem-info id="5059" free="328953864" total="2853371904" percent="11">
    <mem type="nursery" free="0" total="939524096" percent="0">
      <mem type="allocate" free="0" total="805371904" percent="0" />
      <mem type="survivor" free="0" total="134152192" percent="0" />
    </mem>
    <mem type="tenure" free="328953864" total="1913847808" percent="17">
      <mem type="soa" free="216352696" total="1799016448" percent="12" />
      <mem type="loa" free="112601168" total="114831360" percent="98" />
    </mem>
    <remembered-set count="194461" />
  </mem-info>
</gc-start>
<allocation-stats totalBytes="694372568" >
  <allocated-bytes non-tlh="28323672" tlh="666048896" />
  <largest-consumer threadName="Group1.Backend.CompositeBackend{Tier1}.2" threadId="0000000000780600" bytes="85637712" />
</allocation-stats>
<gc-op id="5060" type="scavenge" timems="105.621" contextid="5057" timestamp="2020-09-12T19:30:06.949">
  <scavenger-info tenureage="3" tenuremask="7ff8" tiltratio="85" />
  <memory-copied type="nursery" objects="4031516" bytes="108428528" bytesdiscarded="322896" />
  <memory-copied type="tenure" objects="1102959" bytes="29663184" bytesdiscarded="108872" />
  <ownableSynchronizers candidates="4221" cleared="3956" />
  <references type="soft" candidates="156" cleared="0" enqueued="0" dynamicThreshold="18" maxThreshold="32" />
  <references type="weak" candidates="123" cleared="122" enqueued="0" />
</gc-op>
<gc-end id="5061" type="scavenge" contextid="5057" durationms="106.409" usertimems="758.219" systemtimems="0.000" timestamp="2020-09-12T19:30:06.949" activeThreads="8">
  <mem-info id="5062" free="997761152" total="2853371904" percent="34">
    <mem type="nursery" free="698633408" total="939524096" percent="74">
      <mem type="allocate" free="698633408" total="807469056" percent="86" />
      <mem type="survivor" free="0" total="132055040" percent="0" />
    </mem>
    <mem type="tenure" free="299127744" total="1913847808" percent="15" macro-fragmented="0">
      <mem type="soa" free="186526576" total="1799016448" percent="10" />
      <mem type="loa" free="112601168" total="114831360" percent="98" />
    </mem>
    <remembered-set count="29587" />
  </mem-info>
</gc-end>
<cycle-end id="5063" type="scavenge" contextid="5057" timestamp="2020-09-12T19:30:06.950" />
<allocation-satisfied id="5064" threadId="0000000000A74500" bytesRequested="16" />
<af-end id="5065" timestamp="2020-09-12T19:30:06.950" threadId="0000000000A74E80" success="true" from="nursery"/>
<exclusive-end id="5066" timestamp="2020-09-12T19:30:06.950" durationms="108.132" />

<exclusive-start id="5067" timestamp="2020-09-12T19:30:08.911" intervalms="2068.814">
  <response-info timems="0.460" idlems="0.460" threads="0" lastid="000000000077E000" lastname="Group1.Backend.CompositeBackend{Tier1}.1" />
</exclusive-start>
<af-start id="5068" threadId="000000000077E980" totalBytesRequested="32" timestamp="2020-09-12T19:30:08.911" intervalms="2068.817" type="nursery" />
<cycle-start id="5069" type="scavenge" contextid="0" timestamp="2020-09-12T19:30:08.911" intervalms="2068.821" />
<gc-start id="5070" type="scavenge" contextid="5069" timestamp="2020-09-12T19:30:08.912">
  <mem-info id="5071" free="299127744" total="2853371904" percent="10">
    <mem type="nursery" free="0" total="939524096" percent="0">
      <mem type="allocate" free="0" total="807469056" percent="0" />
      <mem type="survivor" free="0" total="132055040" percent="0" />
    </mem>
    <mem type="tenure" free="299127744" total="1913847808" percent="15">
      <mem type="soa" free="186526576" total="1799016448" percent="10" />
      <mem type="loa" free="112601168" total="114831360" percent="98" />
    </mem>
    <remembered-set count="190112" />
  </mem-info>
</gc-start>
<allocation-stats totalBytes="698283920" >
  <allocated-bytes non-tlh="40973808" tlh="657310112" />
  <largest-consumer threadName="Group1.Backend.CompositeBackend{Tier1}.3" threadId="0000000000845300" bytes="99026552" />
</allocation-stats>
<gc-op id="5072" type="scavenge" timems="127.354" contextid="5069" timestamp="2020-09-12T19:30:09.039">
  <scavenger-info tenureage="3" tenuremask="7ff8" tiltratio="85" />
  <memory-copied type="nursery" objects="4674671" bytes="123132840" bytesdiscarded="216952" />
  <memory-copied type="tenure" objects="1070507" bytes="28794832" bytesdiscarded="117880" />
  <ownableSynchronizers candidates="2709" cleared="2480" />
  <references type="soft" candidates="168" cleared="0" enqueued="0" dynamicThreshold="18" maxThreshold="32" />
  <references type="weak" candidates="108" cleared="108" enqueued="0" />
</gc-op>
<gc-end id="5073" type="scavenge" contextid="5069" durationms="128.089" usertimems="989.442" systemtimems="9.316" timestamp="2020-09-12T19:30:09.040" activeThreads="8">
  <mem-info id="5074" free="936457288" total="2853371904" percent="32">
    <mem type="nursery" free="666150280" total="939524096" percent="70">
      <mem type="allocate" free="666150280" total="789577728" percent="84" />
      <mem type="survivor" free="0" total="149946368" percent="0" />
    </mem>
    <mem type="tenure" free="270307008" total="1913847808" percent="14" macro-fragmented="0">
      <mem type="soa" free="157705840" total="1799016448" percent="8" />
      <mem type="loa" free="112601168" total="114831360" percent="98" />
    </mem>
    <remembered-set count="30605" />
  </mem-info>
</gc-end>
<cycle-end id="5075" type="scavenge" contextid="5069" timestamp="2020-09-12T19:30:09.040" />
<allocation-satisfied id="5076" threadId="000000000077E000" bytesRequested="32" />
<af-end id="5077" timestamp="2020-09-12T19:30:09.040" threadId="000000000077E980" success="true" from="nursery"/>
<exclusive-end id="5078" timestamp="2020-09-12T19:30:09.040" durationms="129.720" />

<exclusive-start id="5079" timestamp="2020-09-12T19:30:10.924" intervalms="2013.154">
  <response-info timems="0.838" idlems="0.838" threads="0" lastid="0000000000842E00" lastname="Group1.Backend.CompositeBackend{Tier1}.7" />
</exclusive-start>
<af-start id="5080" threadId="0000000000843780" totalBytesRequested="344" timestamp="2020-09-12T19:30:10.925" intervalms="2013.312" type="nursery" />
<cycle-start id="5081" type="scavenge" contextid="0" timestamp="2020-09-12T19:30:10.925" intervalms="2013.314" />
<gc-start id="5082" type="scavenge" contextid="5081" timestamp="2020-09-12T19:30:10.925">
  <mem-info id="5083" free="270307008" total="2853371904" percent="9">
    <mem type="nursery" free="0" total="939524096" percent="0">
      <mem type="allocate" free="0" total="789577728" percent="0" />
      <mem type="survivor" free="0" total="149946368" percent="0" />
    </mem>
    <mem type="tenure" free="270307008" total="1913847808" percent="14">
      <mem type="soa" free="157705840" total="1799016448" percent="8" />
      <mem type="loa" free="112601168" total="114831360" percent="98" />
    </mem>
    <remembered-set count="192710" />
  </mem-info>
</gc-start>
<allocation-stats totalBytes="665826984" >
  <allocated-bytes non-tlh="28848496" tlh="636978488" />
  <largest-consumer threadName="Group1.Backend.CompositeBackend{Tier1}.4" threadId="0000000000846A00" bytes="87551696" />
</allocation-stats>
<gc-op id="5084" type="scavenge" timems="116.897" contextid="5081" timestamp="2020-09-12T19:30:11.042">
  <scavenger-info tenureage="3" tenuremask="7ff8" tiltratio="84" />
  <memory-copied type="nursery" objects="4254308" bytes="113456688" bytesdiscarded="230128" />
  <memory-copied type="tenure" objects="1076710" bytes="28961240" bytesdiscarded="124440" />
  <ownableSynchronizers candidates="4459" cleared="4225" />
  <references type="soft" candidates="173" cleared="0" enqueued="0" dynamicThreshold="18" maxThreshold="32" />
  <references type="weak" candidates="115" cleared="114" enqueued="0" />
</gc-op>
<gc-end id="5085" type="scavenge" contextid="5081" durationms="117.686" usertimems="905.444" systemtimems="2.695" timestamp="2020-09-12T19:30:11.043" activeThreads="8">
  <mem-info id="5086" free="919434752" total="2853371904" percent="32">
    <mem type="nursery" free="678233632" total="939524096" percent="72">
      <mem type="allocate" free="678233632" total="792002560" percent="85" />
      <mem type="survivor" free="0" total="147521536" percent="0" />
    </mem>
    <mem type="tenure" free="241201120" total="1913847808" percent="12" macro-fragmented="0">
      <mem type="soa" free="128599952" total="1799016448" percent="7" />
      <mem type="loa" free="112601168" total="114831360" percent="98" />
    </mem>
    <remembered-set count="31648" />
  </mem-info>
</gc-end>
<cycle-end id="5087" type="scavenge" contextid="5081" timestamp="2020-09-12T19:30:11.043" />
<allocation-satisfied id="5088" threadId="0000000000842E00" bytesRequested="344" />
<af-end id="5089" timestamp="2020-09-12T19:30:11.043" threadId="0000000000843780" success="true" from="nursery"/>
<exclusive-end id="5090" timestamp="2020-09-12T19:30:11.043" durationms="119.559" />

<exclusive-start id="5091" timestamp="2020-09-12T19:30:12.962" intervalms="2038.028">
  <response-info timems="0.465" idlems="0.465" threads="0" lastid="0000000000843900" lastname="Group1.Backend.CompositeBackend{Tier1}.8" />
</exclusive-start>
<af-start id="5092" threadId="0000000000844280" totalBytesRequested="16" timestamp="2020-09-12T19:30:12.962" intervalms="2037.821" type="nursery" />
<cycle-start id="5093" type="scavenge" contextid="0" timestamp="2020-09-12T19:30:12.963" intervalms="2037.815" />
<gc-start id="5094" type="scavenge" contextid="5093" timestamp="2020-09-12T19:30:12.963">
  <mem-info id="5095" free="241201120" total="2853371904" percent="8">
    <mem type="nursery" free="0" total="939524096" percent="0">
      <mem type="allocate" free="0" total="792002560" percent="0" />
      <mem type="survivor" free="0" total="147521536" percent="0" />
    </mem>
    <mem type="tenure" free="241201120" total="1913847808" percent="12">
      <mem type="soa" free="128599952" total="1799016448" percent="7" />
      <mem type="loa" free="112601168" total="114831360" percent="98" />
    </mem>
    <remembered-set count="192770" />
  </mem-info>
</gc-start>
<allocation-stats totalBytes="677911928" >
  <allocated-bytes non-tlh="36987112" tlh="640924816" />
  <largest-consumer threadName="Group1.Backend.CompositeBackend{Tier1}.8" threadId="0000000000843900" bytes="100186216" />
</allocation-stats>
<gc-op id="5096" type="scavenge" timems="109.297" contextid="5093" timestamp="2020-09-12T19:30:13.072">
  <scavenger-info tenureage="3" tenuremask="7ff8" tiltratio="84" />
  <memory-copied type="nursery" objects="4176369" bytes="111471976" bytesdiscarded="211088" />
  <memory-copied type="tenure" objects="1130727" bytes="30508920" bytesdiscarded="124592" />
  <ownableSynchronizers candidates="4001" cleared="3754" />
  <references type="soft" candidates="167" cleared="0" enqueued="0" dynamicThreshold="18" maxThreshold="32" />
  <references type="weak" candidates="118" cleared="118" enqueued="0" />
</gc-op>
<gc-end id="5097" type="scavenge" contextid="5093" durationms="110.107" usertimems="847.151" systemtimems="10.886" timestamp="2020-09-12T19:30:13.073" activeThreads="8">
  <mem-info id="5098" free="894820576" total="2853371904" percent="31">
    <mem type="nursery" free="684302696" total="939524096" percent="72">
      <mem type="allocate" free="684302696" total="796065792" percent="85" />
      <mem type="survivor" free="0" total="143458304" percent="0" />
    </mem>
    <mem type="tenure" free="210517880" total="1913847808" percent="10" macro-fragmented="0">
      <mem type="soa" free="97916712" total="1799016448" percent="5" />
      <mem type="loa" free="112601168" total="114831360" percent="98" />
    </mem>
    <remembered-set count="31324" />
  </mem-info>
</gc-end>
<cycle-end id="5099" type="scavenge" contextid="5093" timestamp="2020-09-12T19:30:13.074" />
<allocation-satisfied id="5100" threadId="0000000000843900" bytesRequested="16" />
<af-end id="5101" timestamp="2020-09-12T19:30:13.074" threadId="0000000000844280" success="true" from="nursery"/>
<exclusive-end id="5102" timestamp="2020-09-12T19:30:13.074" durationms="111.789" />

<exclusive-start id="5103" timestamp="2020-09-12T19:30:15.126" intervalms="2164.286">
  <response-info timems="0.323" idlems="0.323" threads="0" lastid="0000000000843900" lastname="Group1.Backend.CompositeBackend{Tier1}.8" />
</exclusive-start>
<af-start id="5104" threadId="0000000000844280" totalBytesRequested="16" timestamp="2020-09-12T19:30:15.127" intervalms="2164.465" type="nursery" />
<cycle-start id="5105" type="scavenge" contextid="0" timestamp="2020-09-12T19:30:15.127" intervalms="2164.500" />
<gc-start id="5106" type="scavenge" contextid="5105" timestamp="2020-09-12T19:30:15.127">
  <mem-info id="5107" free="210517880" total="2853371904" percent="7">
    <mem type="nursery" free="0" total="939524096" percent="0">
      <mem type="allocate" free="0" total="796065792" percent="0" />
      <mem type="survivor" free="0" total="143458304" percent="0" />
    </mem>
    <mem type="tenure" free="210517880" total="1913847808" percent="10">
      <mem type="soa" free="97916712" total="1799016448" percent="5" />
      <mem type="loa" free="112601168" total="114831360" percent="98" />
    </mem>
    <remembered-set count="196880" />
  </mem-info>
</gc-start>
<allocation-stats totalBytes="683965472" >
  <allocated-bytes non-tlh="25989840" tlh="657975632" />
  <largest-consumer threadName="Group1.Backend.CompositeBackend{Tier1}.3" threadId="0000000000845300" bytes="88882464" />
</allocation-stats>
<gc-op id="5108" type="scavenge" timems="124.820" contextid="5105" timestamp="2020-09-12T19:30:15.252">
  <scavenger-info tenureage="3" tenuremask="7ff8" tiltratio="84" />
  <memory-copied type="nursery" objects="4060113" bytes="108960984" bytesdiscarded="240488" />
  <memory-copied type="tenure" objects="1049727" bytes="28185392" bytesdiscarded="119056" />
  <ownableSynchronizers candidates="4206" cleared="3958" />
  <references type="soft" candidates="169" cleared="0" enqueued="0" dynamicThreshold="18" maxThreshold="32" />
  <references type="weak" candidates="117" cleared="117" enqueued="0" />
</gc-op>
<gc-end id="5109" type="scavenge" contextid="5105" durationms="125.611" usertimems="917.330" systemtimems="14.258" timestamp="2020-09-12T19:30:15.253" activeThreads="8">
  <mem-info id="5110" free="872777896" total="2853371904" percent="30">
    <mem type="nursery" free="690511104" total="939524096" percent="73">
      <mem type="allocate" free="690511104" total="799801344" percent="86" />
      <mem type="survivor" free="0" total="139722752" percent="0" />
    </mem>
    <mem type="tenure" free="182266792" total="1913847808" percent="9" macro-fragmented="0">
      <mem type="soa" free="69665624" total="1799016448" percent="3" />
      <mem type="loa" free="112601168" total="114831360" percent="98" />
    </mem>
    <remembered-set count="29726" />
  </mem-info>
</gc-end>
<cycle-end id="5111" type="scavenge" contextid="5105" timestamp="2020-09-12T19:30:15.254" />
<allocation-satisfied id="5112" threadId="0000000000843900" bytesRequested="16" />
<af-end id="5113" timestamp="2020-09-12T19:30:15.254" threadId="0000000000844280" success="true" from="nursery"/>
<exclusive-end id="5114" timestamp="2020-09-12T19:30:15.254" durationms="127.793" />

<exclusive-start id="5115" timestamp="2020-09-12T19:30:17.209" intervalms="2082.818">
  <response-info timems="0.371" idlems="0.371" threads="0" lastid="0000000000842E00" lastname="Group1.Backend.CompositeBackend{Tier1}.7" />
</exclusive-start>
<af-start id="5116" threadId="0000000000843780" totalBytesRequested="120" timestamp="2020-09-12T19:30:17.210" intervalms="2082.758" type="nursery" />
<cycle-start id="5117" type="scavenge" contextid="0" timestamp="2020-09-12T19:30:17.210" intervalms="2082.780" />
<gc-start id="5118" type="scavenge" contextid="5117" timestamp="2020-09-12T19:30:17.210">
  <mem-info id="5119" free="182266792" total="2853371904" percent="6">
    <mem type="nursery" free="0" total="939524096" percent="0">
      <mem type="allocate" free="0" total="799801344" percent="0" />
      <mem type="survivor" free="0" total="139722752" percent="0" />
    </mem>
    <mem type="tenure" free="182266792" total="1913847808" percent="9">
      <mem type="soa" free="69665624" total="1799016448" percent="3" />
      <mem type="loa" free="112601168" total="114831360" percent="98" />
    </mem>
    <remembered-set count="192012" />
  </mem-info>
</gc-start>
<allocation-stats totalBytes="690190184" >
  <allocated-bytes non-tlh="33493928" tlh="656696256" />
  <largest-consumer threadName="Group1.Backend.CompositeBackend{Tier1}.7" threadId="0000000000842E00" bytes="95587296" />
</allocation-stats>
<gc-op id="5120" type="scavenge" timems="116.039" contextid="5117" timestamp="2020-09-12T19:30:17.326">
  <scavenger-info tenureage="3" tenuremask="7ff8" tiltratio="85" />
  <memory-copied type="nursery" objects="4079875" bytes="109479184" bytesdiscarded="192368" />
  <memory-copied type="tenure" objects="1085797" bytes="29193128" bytesdiscarded="113488" />
  <ownableSynchronizers candidates="4100" cleared="3823" />
  <references type="soft" candidates="173" cleared="0" enqueued="0" dynamicThreshold="18" maxThreshold="32" />
  <references type="weak" candidates="119" cleared="118" enqueued="0" />
</gc-op>
<gc-end id="5121" type="scavenge" contextid="5117" durationms="116.816" usertimems="898.242" systemtimems="10.981" timestamp="2020-09-12T19:30:17.327" activeThreads="8">
  <mem-info id="5122" free="846258648" total="2853371904" percent="29">
    <mem type="nursery" free="693318656" total="939524096" percent="73">
      <mem type="allocate" free="693318656" total="803078144" percent="86" />
      <mem type="survivor" free="0" total="136445952" percent="0" />
    </mem>
    <mem type="tenure" free="152939992" total="1913847808" percent="7" macro-fragmented="0">
      <mem type="soa" free="40338824" total="1799016448" percent="2" />
      <mem type="loa" free="112601168" total="114831360" percent="98" />
    </mem>
    <remembered-set count="29513" />
  </mem-info>
</gc-end>
<cycle-end id="5123" type="scavenge" contextid="5117" timestamp="2020-09-12T19:30:17.328" />
<allocation-satisfied id="5124" threadId="0000000000842E00" bytesRequested="120" />
<af-end id="5125" timestamp="2020-09-12T19:30:17.328" threadId="0000000000843780" success="true" from="nursery"/>
<exclusive-end id="5126" timestamp="2020-09-12T19:30:17.328" durationms="118.708" />

<exclusive-start id="5127" timestamp="2020-09-12T19:30:19.415" intervalms="2206.149">
  <response-info timems="3.126" idlems="3.126" threads="0" lastid="0000000000842200" lastname="Group1.Backend.CompositeBackend{Tier1}.6" />
</exclusive-start>
<af-start id="5128" threadId="0000000000842B80" totalBytesRequested="664" timestamp="2020-09-12T19:30:19.416" intervalms="2206.088" type="nursery" />
<cycle-start id="5129" type="scavenge" contextid="0" timestamp="2020-09-12T19:30:19.416" intervalms="2206.055" />
<gc-start id="5130" type="scavenge" contextid="5129" timestamp="2020-09-12T19:30:19.416">
  <mem-info id="5131" free="152939992" total="2853371904" percent="5">
    <mem type="nursery" free="0" total="939524096" percent="0">
      <mem type="allocate" free="0" total="803078144" percent="0" />
      <mem type="survivor" free="0" total="136445952" percent="0" />
    </mem>
    <mem type="tenure" free="152939992" total="1913847808" percent="7">
      <mem type="soa" free="40338824" total="1799016448" percent="2" />
      <mem type="loa" free="112601168" total="114831360" percent="98" />
    </mem>
    <remembered-set count="194146" />
  </mem-info>
</gc-start>
<allocation-stats totalBytes="692978400" >
  <allocated-bytes non-tlh="29345776" tlh="663632624" />
  <largest-consumer threadName="Group1.Backend.CompositeBackend{Tier1}.4" threadId="0000000000846A00" bytes="94129984" />
</allocation-stats>
<gc-op id="5132" type="scavenge" timems="129.180" contextid="5129" timestamp="2020-09-12T19:30:19.546">
  <scavenger-info tenureage="3" tenuremask="7ff8" tiltratio="85" />
  <memory-copied type="nursery" objects="4234447" bytes="113231144" bytesdiscarded="239112" />
  <memory-copied type="tenure" objects="1048355" bytes="28147872" bytesdiscarded="96488" />
  <ownableSynchronizers candidates="4170" cleared="3893" />
  <references type="soft" candidates="206" cleared="0" enqueued="0" dynamicThreshold="18" maxThreshold="32" />
  <references type="weak" candidates="107" cleared="107" enqueued="0" />
</gc-op>
<gc-end id="5133" type="scavenge" contextid="5129" durationms="130.020" usertimems="984.853" systemtimems="15.450" timestamp="2020-09-12T19:30:19.546" activeThreads="8">
  <mem-info id="5134" free="815079904" total="2853371904" percent="28">
    <mem type="nursery" free="690638832" total="939524096" percent="73">
      <mem type="allocate" free="690638832" total="804192256" percent="85" />
      <mem type="survivor" free="0" total="135331840" percent="0" />
    </mem>
    <mem type="tenure" free="124441072" total="1913847808" percent="6" macro-fragmented="0">
      <mem type="soa" free="11839904" total="1799016448" percent="0" />
      <mem type="loa" free="112601168" total="114831360" percent="98" />
    </mem>
    <remembered-set count="27317" />
  </mem-info>
</gc-end>
<cycle-end id="5135" type="scavenge" contextid="5129" timestamp="2020-09-12T19:30:19.547" />
<allocation-satisfied id="5136" threadId="0000000000842200" bytesRequested="664" />
<af-end id="5137" timestamp="2020-09-12T19:30:19.547" threadId="0000000000842B80" success="true" from="nursery"/>
<exclusive-end id="5138" timestamp="2020-09-12T19:30:19.547" durationms="131.789" />

<exclusive-start id="5139" timestamp="2020-09-12T19:30:21.444" intervalms="2028.710">
  <response-info timems="0.603" idlems="0.603" threads="0" lastid="0000000000846A00" lastname="Group1.Backend.CompositeBackend{Tier1}.4" />
</exclusive-start>
<af-start id="5140" threadId="0000000000847380" totalBytesRequested="48" timestamp="2020-09-12T19:30:21.444" intervalms="2028.686" type="nursery" />
<percolate-collect id="5141" from="nursery" to="global" reason="prevent tenure expand" timestamp="2020-09-12T19:30:21.445"/>
<cycle-start id="5142" type="global" contextid="0" timestamp="2020-09-12T19:30:21.445" intervalms="68227.356" />
<gc-start id="5143" type="global" contextid="5142" timestamp="2020-09-12T19:30:21.445">
  <mem-info id="5144" free="124441072" total="2853371904" percent="4">
    <mem type="nursery" free="0" total="939524096" percent="0">
      <mem type="allocate" free="0" total="804192256" percent="0" />
      <mem type="survivor" free="0" total="135331840" percent="0" />
    </mem>
    <mem type="tenure" free="124441072" total="1913847808" percent="6">
      <mem type="soa" free="11839904" total="1799016448" percent="0" />
      <mem type="loa" free="112601168" total="114831360" percent="98" />
    </mem>
    <remembered-set count="189113" />
  </mem-info>
</gc-start>
<allocation-stats totalBytes="690314616" >
  <allocated-bytes non-tlh="35528928" tlh="654785688" />
  <largest-consumer threadName="Group1.Backend.CompositeBackend{Tier1}.2" threadId="0000000000780600" bytes="89149992" />
</allocation-stats>
<gc-op id="5145" type="mark" timems="542.381" contextid="5142" timestamp="2020-09-12T19:30:21.987">
  <trace-info objectcount="31083254" scancount="30103405" scanbytes="822780520" />
  <finalization candidates="150" enqueued="0" />
  <ownableSynchronizers candidates="592951" cleared="5193" />
  <references type="soft" candidates="718148" cleared="0" enqueued="0" dynamicThreshold="18" maxThreshold="32" />
  <references type="weak" candidates="4398" cleared="109" enqueued="0" />
  <references type="phantom" candidates="106" cleared="0" enqueued="0" />
  <stringconstants candidates="10914" cleared="1"  />
</gc-op>
<gc-op id="5146" type="sweep" timems="13.360" contextid="5142" timestamp="2020-09-12T19:30:22.001" />
<gc-end id="5147" type="global" contextid="5142" durationms="556.822" usertimems="4069.097" systemtimems="49.095" timestamp="2020-09-12T19:30:22.002" activeThreads="8">
  <mem-info id="5148" free="1681044104" total="2853371904" percent="58">
    <mem type="nursery" free="609348560" total="939524096" percent="64">
      <mem type="allocate" free="609348560" total="804192256" percent="75" />
      <mem type="survivor" free="0" total="135331840" percent="0" />
    </mem>
    <mem type="tenure" free="1071695544" total="1913847808" percent="55" micro-fragmented="84073574" macro-fragmented="0">
      <mem type="soa" free="959045600" total="1799016448" percent="53" />
      <mem type="loa" free="112649944" total="114831360" percent="98" />
    </mem>
    <remembered-set count="183815" />
  </mem-info>
</gc-end>
<cycle-end id="5149" type="global" contextid="5142" timestamp="2020-09-12T19:30:22.003" />
<allocation-satisfied id="5150" threadId="0000000000846A00" bytesRequested="48" />
<af-end id="5151" timestamp="2020-09-12T19:30:22.003" threadId="0000000000847380" success="true" from="nursery"/>
<exclusive-end id="5152" timestamp="2020-09-12T19:30:22.003" durationms="558.778" />

<exclusive-start id="5153" timestamp="2020-09-12T19:30:23.331" intervalms="1887.016">
  <response-info timems="1.610" idlems="0.843" threads="1" lastid="000000000084FB00" lastname="Group1.TxInjector.CompositeTxInjector.I.driver.probe.7" />
</exclusive-start>
<af-start id="5154" threadId="000000000077E980" totalBytesRequested="131080" timestamp="2020-09-12T19:30:23.331" intervalms="1887.019" type="nursery" />
<cycle-start id="5155" type="scavenge" contextid="0" timestamp="2020-09-12T19:30:23.332" intervalms="3915.689" />
<gc-start id="5156" type="scavenge" contextid="5155" timestamp="2020-09-12T19:30:23.332">
  <mem-info id="5157" free="1073873512" total="2853371904" percent="37">
    <mem type="nursery" free="2178016" total="939524096" percent="0">
      <mem type="allocate" free="2178016" total="804192256" percent="0" />
      <mem type="survivor" free="0" total="135331840" percent="0" />
    </mem>
    <mem type="tenure" free="1071695496" total="1913847808" percent="55">
      <mem type="soa" free="959045552" total="1799016448" percent="53" />
      <mem type="loa" free="112649944" total="114831360" percent="98" />
    </mem>
    <remembered-set count="242131" />
  </mem-info>
</gc-start>
<allocation-stats totalBytes="604769152" >
  <allocated-bytes non-tlh="28382888" tlh="576386264" />
  <largest-consumer threadName="Group1.Backend.CompositeBackend{Tier1}.5" threadId="0000000000841700" bytes="98747768" />
</allocation-stats>
<gc-op id="5158" type="scavenge" timems="150.952" contextid="5155" timestamp="2020-09-12T19:30:23.483">
  <scavenger-info tenureage="3" tenuremask="7ff8" tiltratio="85" />
  <memory-copied type="nursery" objects="5044583" bytes="135139960" bytesdiscarded="51008" />
  <memory-copied type="tenure" objects="1090581" bytes="29297272" bytesdiscarded="51024" />
  <copy-failed type="nursery" objects="66618" bytes="1747352" />
  <ownableSynchronizers candidates="1178717" cleared="1178394" />
  <references type="soft" candidates="250" cleared="0" enqueued="0" dynamicThreshold="17" maxThreshold="32" />
  <references type="weak" candidates="117" cleared="117" enqueued="0" />
</gc-op>
<gc-end id="5159" type="scavenge" contextid="5155" durationms="151.959" usertimems="1150.778" systemtimems="17.428" timestamp="2020-09-12T19:30:23.484" activeThreads="8">
  <mem-info id="5160" free="1666552288" total="2853371904" percent="58">
    <mem type="nursery" free="624361472" total="939524096" percent="66">
      <mem type="allocate" free="624361472" total="759693312" percent="82" />
      <mem type="survivor" free="0" total="179830784" percent="0" />
    </mem>
    <mem type="tenure" free="1042190816" total="1913847808" percent="54" macro-fragmented="0">
      <mem type="soa" free="929540872" total="1799016448" percent="51" />
      <mem type="loa" free="112649944" total="114831360" percent="98" />
    </mem>
    <remembered-set count="38756" />
  </mem-info>
</gc-end>
<cycle-end id="5161" type="scavenge" contextid="5155" timestamp="2020-09-12T19:30:23.485" />
<allocation-satisfied id="5162" threadId="000000000077E000" bytesRequested="131080" />
<af-end id="5163" timestamp="2020-09-12T19:30:23.485" threadId="000000000077E980" success="true" from="nursery"/>
<exclusive-end id="5164" timestamp="2020-09-12T19:30:23.485" durationms="153.899" />

<exclusive-start id="5165" timestamp="2020-09-12T19:30:25.167" intervalms="1836.545">
  <response-info timems="0.765" idlems="0.765" threads="0" lastid="0000000000841700" lastname="Group1.Backend.CompositeBackend{Tier1}.5" />
</exclusive-start>
<af-start id="5166" threadId="0000000000842080" totalBytesRequested="24" timestamp="2020-09-12T19:30:25.168" intervalms="1836.945" type="nursery" />
<cycle-start id="5167" type="scavenge" contextid="0" timestamp="2020-09-12T19:30:25.169" intervalms="1837.002" />
<gc-start id="5168" type="scavenge" contextid="5167" timestamp="2020-09-12T19:30:25.169">
  <mem-info id="5169" free="1042190816" total="2853371904" percent="36">
    <mem type="nursery" free="0" total="939524096" percent="0">
      <mem type="allocate" free="0" total="759693312" percent="0" />
      <mem type="survivor" free="0" total="179830784" percent="0" />
    </mem>
    <mem type="tenure" free="1042190816" total="1913847808" percent="54">
      <mem type="soa" free="929540872" total="1799016448" percent="51" />
      <mem type="loa" free="112649944" total="114831360" percent="98" />
    </mem>
    <remembered-set count="191943" />
  </mem-info>
</gc-start>
<allocation-stats totalBytes="624046552" >
  <allocated-bytes non-tlh="34963176" tlh="589083376" />
  <largest-consumer threadName="Group1.Backend.CompositeBackend{Tier1}.4" threadId="0000000000846A00" bytes="86847464" />
</allocation-stats>
<gc-op id="5170" type="scavenge" timems="154.516" contextid="5167" timestamp="2020-09-12T19:30:25.324">
  <scavenger-info tenureage="3" tenuremask="7ff8" tiltratio="80" />
  <memory-copied type="nursery" objects="4886128" bytes="131153912" bytesdiscarded="165504" />
  <memory-copied type="tenure" objects="997566" bytes="26834648" bytesdiscarded="100608" />
  <ownableSynchronizers candidates="3736" cleared="3421" />
  <references type="soft" candidates="245" cleared="0" enqueued="0" dynamicThreshold="17" maxThreshold="32" />
  <references type="weak" candidates="118" cleared="118" enqueued="0" />
</gc-op>
<gc-end id="5171" type="scavenge" contextid="5167" durationms="155.687" usertimems="1110.080" systemtimems="29.050" timestamp="2020-09-12T19:30:25.325" activeThreads="8">
  <mem-info id="5172" free="1648921984" total="2853371904" percent="57">
    <mem type="nursery" free="633602304" total="939524096" percent="67">
      <mem type="allocate" free="633602304" total="765001728" percent="82" />
      <mem type="survivor" free="0" total="174522368" percent="0" />
    </mem>
    <mem type="tenure" free="1015319680" total="1913847808" percent="53" macro-fragmented="0">
      <mem type="soa" free="902669736" total="1799016448" percent="50" />
      <mem type="loa" free="112649944" total="114831360" percent="98" />
    </mem>
    <remembered-set count="39524" />
  </mem-info>
</gc-end>
<cycle-end id="5173" type="scavenge" contextid="5167" timestamp="2020-09-12T19:30:25.325" />
<allocation-satisfied id="5174" threadId="0000000000841700" bytesRequested="24" />
<af-end id="5175" timestamp="2020-09-12T19:30:25.325" threadId="0000000000842080" success="true" from="nursery"/>
<exclusive-end id="5176" timestamp="2020-09-12T19:30:25.325" durationms="158.002" />

<exclusive-start id="5177" timestamp="2020-09-12T19:30:27.053" intervalms="1885.473">
  <response-info timems="7.379" idlems="7.379" threads="0" lastid="0000000000842E00" lastname="Group1.Backend.CompositeBackend{Tier1}.7" />
</exclusive-start>
<af-start id="5178" threadId="0000000000843780" totalBytesRequested="16" timestamp="2020-09-12T19:30:27.054" intervalms="1885.096" type="nursery" />
<cycle-start id="5179" type="scavenge" contextid="0" timestamp="2020-09-12T19:30:27.054" intervalms="1885.052" />
<gc-start id="5180" type="scavenge" contextid="5179" timestamp="2020-09-12T19:30:27.054">
  <mem-info id="5181" free="1015319680" total="2853371904" percent="35">
    <mem type="nursery" free="0" total="939524096" percent="0">
      <mem type="allocate" free="0" total="765001728" percent="0" />
      <mem type="survivor" free="0" total="174522368" percent="0" />
    </mem>
    <mem type="tenure" free="1015319680" total="1913847808" percent="53">
      <mem type="soa" free="902669736" total="1799016448" percent="50" />
      <mem type="loa" free="112649944" total="114831360" percent="98" />
    </mem>
    <remembered-set count="195716" />
  </mem-info>
</gc-start>
<allocation-stats totalBytes="633306160" >
  <allocated-bytes non-tlh="30423144" tlh="602883016" />
  <largest-consumer threadName="Group1.Backend.CompositeBackend{Tier1}.6" threadId="0000000000842200" bytes="89698432" />
</allocation-stats>
<gc-op id="5182" type="scavenge" timems="139.201" contextid="5179" timestamp="2020-09-12T19:30:27.193">
  <scavenger-info tenureage="3" tenuremask="7ff8" tiltratio="81" />
  <memory-copied type="nursery" objects="4781726" bytes="128336760" bytesdiscarded="167184" />
  <memory-copied type="tenure" objects="1036258" bytes="27885216" bytesdiscarded="90344" />
  <ownableSynchronizers candidates="4139" cleared="3824" />
  <references type="soft" candidates="217" cleared="0" enqueued="0" dynamicThreshold="17" maxThreshold="32" />
  <references type="weak" candidates="113" cleared="113" enqueued="0" />
</gc-op>
<gc-end id="5183" type="scavenge" contextid="5179" durationms="140.076" usertimems="993.170" systemtimems="11.557" timestamp="2020-09-12T19:30:27.194" activeThreads="8">
  <mem-info id="5184" free="1629197624" total="2853371904" percent="57">
    <mem type="nursery" free="641923584" total="939524096" percent="68">
      <mem type="allocate" free="641923584" total="770506752" percent="83" />
      <mem type="survivor" free="0" total="169017344" percent="0" />
    </mem>
    <mem type="tenure" free="987274040" total="1913847808" percent="51" macro-fragmented="0">
      <mem type="soa" free="874624096" total="1799016448" percent="48" />
      <mem type="loa" free="112649944" total="114831360" percent="98" />
    </mem>
    <remembered-set count="40161" />
  </mem-info>
</gc-end>
<cycle-end id="5185" type="scavenge" contextid="5179" timestamp="2020-09-12T19:30:27.195" />
<allocation-satisfied id="5186" threadId="0000000000842E00" bytesRequested="16" />
<af-end id="5187" timestamp="2020-09-12T19:30:27.195" threadId="0000000000843780" success="true" from="nursery"/>
<exclusive-end id="5188" timestamp="2020-09-12T19:30:27.195" durationms="142.473" />

<exclusive-start id="5189" timestamp="2020-09-12T19:30:29.044" intervalms="1991.220">
  <response-info timems="0.514" idlems="0.514" threads="0" lastid="0000000000843900" lastname="Group1.Backend.CompositeBackend{Tier1}.8" />
</exclusive-start>
<af-start id="5190" threadId="0000000000844280" totalBytesRequested="16" timestamp="2020-09-12T19:30:29.045" intervalms="1991.466" type="nursery" />
<cycle-start id="5191" type="scavenge" contextid="0" timestamp="2020-09-12T19:30:29.045" intervalms="1991.509" />
<gc-start id="5192" type="scavenge" contextid="5191" timestamp="2020-09-12T19:30:29.046">
  <mem-info id="5193" free="987274040" total="2853371904" percent="34">
    <mem type="nursery" free="0" total="939524096" percent="0">
      <mem type="allocate" free="0" total="770506752" percent="0" />
      <mem type="survivor" free="0" total="169017344" percent="0" />
    </mem>
    <mem type="tenure" free="987274040" total="1913847808" percent="51">
      <mem type="soa" free="874624096" total="1799016448" percent="48" />
      <mem type="loa" free="112649944" total="114831360" percent="98" />
    </mem>
    <remembered-set count="199108" />
  </mem-info>
</gc-start>
<allocation-stats totalBytes="641617928" >
  <allocated-bytes non-tlh="25901208" tlh="615716720" />
  <largest-consumer threadName="Group1.Backend.CompositeBackend{Tier1}.2" threadId="0000000000780600" bytes="97013208" />
</allocation-stats>
<gc-op id="5194" type="scavenge" timems="129.801" contextid="5191" timestamp="2020-09-12T19:30:29.175">
  <scavenger-info tenureage="3" tenuremask="7ff8" tiltratio="82" />
  <memory-copied type="nursery" objects="3793643" bytes="101770736" bytesdiscarded="161128" />
  <memory-copied type="tenure" objects="1974997" bytes="53073352" bytesdiscarded="107448" />
  <ownableSynchronizers candidates="4332" cleared="4023" />
  <references type="soft" candidates="168" cleared="0" enqueued="0" dynamicThreshold="17" maxThreshold="32" />
  <references type="weak" candidates="112" cleared="112" enqueued="0" />
</gc-op>
<gc-end id="5195" type="scavenge" contextid="5191" durationms="130.691" usertimems="958.551" systemtimems="9.523" timestamp="2020-09-12T19:30:29.176" activeThreads="8">
  <mem-info id="5196" free="1607558888" total="2853371904" percent="56">
    <mem type="nursery" free="673539584" total="939524096" percent="71">
      <mem type="allocate" free="673539584" total="775553024" percent="86" />
      <mem type="survivor" free="0" total="163971072" percent="0" />
    </mem>
    <mem type="tenure" free="934019304" total="1913847808" percent="48" macro-fragmented="0">
      <mem type="soa" free="821369360" total="1799016448" percent="45" />
      <mem type="loa" free="112649944" total="114831360" percent="98" />
    </mem>
    <remembered-set count="30134" />
  </mem-info>
</gc-end>
<cycle-end id="5197" type="scavenge" contextid="5191" timestamp="2020-09-12T19:30:29.177" />
<allocation-satisfied id="5198" threadId="0000000000843900" bytesRequested="16" />
<af-end id="5199" timestamp="2020-09-12T19:30:29.177" threadId="0000000000844280" success="true" from="nursery"/>
<exclusive-end id="5200" timestamp="2020-09-12T19:30:29.177" durationms="133.101" />

<exclusive-start id="5201" timestamp="2020-09-12T19:30:31.131" intervalms="2087.270">
  <response-info timems="0.565" idlems="0.565" threads="0" lastid="000000000077E000" lastname="Group1.Backend.CompositeBackend{Tier1}.1" />
</exclusive-start>
<af-start id="5202" threadId="000000000077E980" totalBytesRequested="16" timestamp="2020-09-12T19:30:31.132" intervalms="2087.136" type="nursery" />
<cycle-start id="5203" type="scavenge" contextid="0" timestamp="2020-09-12T19:30:31.132" intervalms="2087.167" />
<gc-start id="5204" type="scavenge" contextid="5203" timestamp="2020-09-12T19:30:31.133">
  <mem-info id="5205" free="934019304" total="2853371904" percent="32">
    <mem type="nursery" free="0" total="939524096" percent="0">
      <mem type="allocate" free="0" total="775553024" percent="0" />
      <mem type="survivor" free="0" total="163971072" percent="0" />
    </mem>
    <mem type="tenure" free="934019304" total="1913847808" percent="48">
      <mem type="soa" free="821369360" total="1799016448" percent="45" />
      <mem type="loa" free="112649944" total="114831360" percent="98" />
    </mem>
    <remembered-set count="188963" />
  </mem-info>
</gc-start>
<allocation-stats totalBytes="673224456" >
  <allocated-bytes non-tlh="35173024" tlh="638051432" />
  <largest-consumer threadName="Group1.Backend.CompositeBackend{Tier1}.3" threadId="0000000000845300" bytes="88760424" />
</allocation-stats>
<gc-op id="5206" type="scavenge" timems="94.517" contextid="5203" timestamp="2020-09-12T19:30:31.227">
  <scavenger-info tenureage="3" tenuremask="7ff8" tiltratio="82" />
  <memory-copied type="nursery" objects="3870647" bytes="103887720" bytesdiscarded="148936" />
  <memory-copied type="tenure" objects="1000364" bytes="26864416" bytesdiscarded="89408" />
  <ownableSynchronizers candidates="3343" cleared="3087" />
  <references type="soft" candidates="171" cleared="0" enqueued="0" dynamicThreshold="17" maxThreshold="32" />
  <references type="weak" candidates="108" cleared="108" enqueued="0" />
</gc-op>
<gc-end id="5207" type="scavenge" contextid="5203" durationms="95.325" usertimems="716.690" systemtimems="5.735" timestamp="2020-09-12T19:30:31.228" activeThreads="8">
  <mem-info id="5208" free="1587489344" total="2853371904" percent="55">
    <mem type="nursery" free="680477696" total="939524096" percent="72">
      <mem type="allocate" free="680477696" total="784596992" percent="86" />
      <mem type="survivor" free="0" total="154927104" percent="0" />
    </mem>
    <mem type="tenure" free="907011648" total="1913847808" percent="47" macro-fragmented="0">
      <mem type="soa" free="794361704" total="1799016448" percent="44" />
      <mem type="loa" free="112649944" total="114831360" percent="98" />
    </mem>
    <remembered-set count="27974" />
  </mem-info>
</gc-end>
<cycle-end id="5209" type="scavenge" contextid="5203" timestamp="2020-09-12T19:30:31.229" />
<allocation-satisfied id="5210" threadId="000000000077E000" bytesRequested="16" />
<af-end id="5211" timestamp="2020-09-12T19:30:31.229" threadId="000000000077E980" success="true" from="nursery"/>
<exclusive-end id="5212" timestamp="2020-09-12T19:30:31.229" durationms="97.277" />

<exclusive-start id="5213" timestamp="2020-09-12T19:30:33.091" intervalms="1960.030">
  <response-info timems="0.242" idlems="0.242" threads="0" lastid="0000000000842E00" lastname="Group1.Backend.CompositeBackend{Tier1}.7" />
</exclusive-start>
<af-start id="5214" threadId="0000000000843780" totalBytesRequested="32" timestamp="2020-09-12T19:30:33.092" intervalms="1959.902" type="nursery" />
<cycle-start id="5215" type="scavenge" contextid="0" timestamp="2020-09-12T19:30:33.092" intervalms="1959.799" />
<gc-start id="5216" type="scavenge" contextid="5215" timestamp="2020-09-12T19:30:33.092">
  <mem-info id="5217" free="907011648" total="2853371904" percent="31">
    <mem type="nursery" free="0" total="939524096" percent="0">
      <mem type="allocate" free="0" total="784596992" percent="0" />
      <mem type="survivor" free="0" total="154927104" percent="0" />
    </mem>
    <mem type="tenure" free="907011648" total="1913847808" percent="47">
      <mem type="soa" free="794361704" total="1799016448" percent="44" />
      <mem type="loa" free="112649944" total="114831360" percent="98" />
    </mem>
    <remembered-set count="187108" />
  </mem-info>
</gc-start>
<allocation-stats totalBytes="680171920" >
  <allocated-bytes non-tlh="35484368" tlh="644687552" />
  <largest-consumer threadName="Group1.Backend.CompositeBackend{Tier1}.1" threadId="000000000077E000" bytes="99325952" />
</allocation-stats>
<gc-op id="5218" type="scavenge" timems="100.813" contextid="5215" timestamp="2020-09-12T19:30:33.193">
  <scavenger-info tenureage="3" tenuremask="7ff8" tiltratio="83" />
  <memory-copied type="nursery" objects="3915424" bytes="105142136" bytesdiscarded="210904" />
  <memory-copied type="tenure" objects="1035241" bytes="27809792" bytesdiscarded="94320" />
  <ownableSynchronizers candidates="3813" cleared="3555" />
  <references type="soft" candidates="177" cleared="0" enqueued="0" dynamicThreshold="17" maxThreshold="32" />
  <references type="weak" candidates="114" cleared="114" enqueued="0" />
</gc-op>
<gc-end id="5219" type="scavenge" contextid="5215" durationms="101.581" usertimems="778.267" systemtimems="3.183" timestamp="2020-09-12T19:30:33.194" activeThreads="8">
  <mem-info id="5220" free="1565435432" total="2853371904" percent="54">
    <mem type="nursery" free="686304000" total="939524096" percent="73">
      <mem type="allocate" free="686304000" total="791740416" percent="86" />
      <mem type="survivor" free="0" total="147783680" percent="0" />
    </mem>
    <mem type="tenure" free="879131432" total="1913847808" percent="45" macro-fragmented="0">
      <mem type="soa" free="766481488" total="1799016448" percent="42" />
      <mem type="loa" free="112649944" total="114831360" percent="98" />
    </mem>
    <remembered-set count="26698" />
  </mem-info>
</gc-end>
<cycle-end id="5221" type="scavenge" contextid="5215" timestamp="2020-09-12T19:30:33.195" />
<allocation-satisfied id="5222" threadId="0000000000842E00" bytesRequested="32" />
<af-end id="5223" timestamp="2020-09-12T19:30:33.195" threadId="0000000000843780" success="true" from="nursery"/>
<exclusive-end id="5224" timestamp="2020-09-12T19:30:33.195" durationms="103.319" />

<exclusive-start id="5225" timestamp="2020-09-12T19:30:35.192" intervalms="2100.122">
  <response-info timems="1.304" idlems="0.658" threads="1" lastid="0000000000842E00" lastname="Group1.Backend.CompositeBackend{Tier1}.7" />
</exclusive-start>
<af-start id="5226" threadId="000000000077E980" totalBytesRequested="1032" timestamp="2020-09-12T19:30:35.192" intervalms="2100.361" type="nursery" />
<cycle-start id="5227" type="scavenge" contextid="0" timestamp="2020-09-12T19:30:35.193" intervalms="2100.484" />
<gc-start id="5228" type="scavenge" contextid="5227" timestamp="2020-09-12T19:30:35.193">
  <mem-info id="5229" free="879131432" total="2853371904" percent="30">
    <mem type="nursery" free="0" total="939524096" percent="0">
      <mem type="allocate" free="0" total="791740416" percent="0" />
      <mem type="survivor" free="0" total="147783680" percent="0" />
    </mem>
    <mem type="tenure" free="879131432" total="1913847808" percent="45">
      <mem type="soa" free="766481488" total="1799016448" percent="42" />
      <mem type="loa" free="112649944" total="114831360" percent="98" />
    </mem>
    <remembered-set count="190129" />
  </mem-info>
</gc-start>
<allocation-stats totalBytes="685975832" >
  <allocated-bytes non-tlh="29927800" tlh="656048032" />
  <largest-consumer threadName="Group1.Backend.CompositeBackend{Tier1}.2" threadId="0000000000780600" bytes="100590616" />
</allocation-stats>
<gc-op id="5230" type="scavenge" timems="139.470" contextid="5227" timestamp="2020-09-12T19:30:35.333">
  <scavenger-info tenureage="3" tenuremask="7ff8" tiltratio="84" />
  <memory-copied type="nursery" objects="4303674" bytes="114397504" bytesdiscarded="274432" />
  <memory-copied type="tenure" objects="1044875" bytes="28106184" bytesdiscarded="96000" />
  <ownableSynchronizers candidates="4071" cleared="3820" />
  <references type="soft" candidates="173" cleared="0" enqueued="0" dynamicThreshold="17" maxThreshold="32" />
  <references type="weak" candidates="124" cleared="123" enqueued="0" />
</gc-op>
<gc-end id="5231" type="scavenge" contextid="5227" durationms="140.563" usertimems="1031.670" systemtimems="8.667" timestamp="2020-09-12T19:30:35.333" activeThreads="8">
  <mem-info id="5232" free="1529880808" total="2853371904" percent="53">
    <mem type="nursery" free="678814152" total="939524096" percent="72">
      <mem type="allocate" free="678814152" total="793575424" percent="85" />
      <mem type="survivor" free="0" total="145948672" percent="0" />
    </mem>
    <mem type="tenure" free="851066656" total="1913847808" percent="44" macro-fragmented="0">
      <mem type="soa" free="738416712" total="1799016448" percent="41" />
      <mem type="loa" free="112649944" total="114831360" percent="98" />
    </mem>
    <remembered-set count="27532" />
  </mem-info>
</gc-end>
<cycle-end id="5233" type="scavenge" contextid="5227" timestamp="2020-09-12T19:30:35.334" />
<allocation-satisfied id="5234" threadId="000000000077E000" bytesRequested="1032" />
<af-end id="5235" timestamp="2020-09-12T19:30:35.335" threadId="000000000077E980" success="true" from="nursery"/>
<exclusive-end id="5236" timestamp="2020-09-12T19:30:35.335" durationms="143.015" />

<exclusive-start id="5237" timestamp="2020-09-12T19:30:37.301" intervalms="2109.867">
  <response-info timems="1.228" idlems="0.769" threads="1" lastid="0000000000846A00" lastname="Group1.Backend.CompositeBackend{Tier1}.4" />
</exclusive-start>
<af-start id="5238" threadId="0000000000A93C80" totalBytesRequested="24" timestamp="2020-09-12T19:30:37.303" intervalms="2110.218" type="nursery" />
<cycle-start id="5239" type="scavenge" contextid="0" timestamp="2020-09-12T19:30:37.303" intervalms="2110.505" />
<gc-start id="5240" type="scavenge" contextid="5239" timestamp="2020-09-12T19:30:37.304">
  <mem-info id="5241" free="851066656" total="2853371904" percent="29">
    <mem type="nursery" free="0" total="939524096" percent="0">
      <mem type="allocate" free="0" total="793575424" percent="0" />
      <mem type="survivor" free="0" total="145948672" percent="0" />
    </mem>
    <mem type="tenure" free="851066656" total="1913847808" percent="44">
      <mem type="soa" free="738416712" total="1799016448" percent="41" />
      <mem type="loa" free="112649944" total="114831360" percent="98" />
    </mem>
    <remembered-set count="191792" />
  </mem-info>
</gc-start>
<allocation-stats totalBytes="678484096" >
  <allocated-bytes non-tlh="31258776" tlh="647225320" />
  <largest-consumer threadName="Group1.Backend.CompositeBackend{Tier1}.6" threadId="0000000000842200" bytes="93788376" />
</allocation-stats>
<gc-op id="5242" type="scavenge" timems="141.631" contextid="5239" timestamp="2020-09-12T19:30:37.445">
  <scavenger-info tenureage="3" tenuremask="7ff8" tiltratio="84" />
  <memory-copied type="nursery" objects="4101430" bytes="110003816" bytesdiscarded="145784" />
  <memory-copied type="tenure" objects="1035954" bytes="27860088" bytesdiscarded="85040" />
  <ownableSynchronizers candidates="3663" cleared="3420" />
  <references type="soft" candidates="170" cleared="0" enqueued="0" dynamicThreshold="17" maxThreshold="32" />
  <references type="weak" candidates="129" cleared="127" enqueued="0" />
</gc-op>
<gc-end id="5243" type="scavenge" contextid="5239" durationms="143.277" usertimems="996.226" systemtimems="18.151" timestamp="2020-09-12T19:30:37.447" activeThreads="8">
  <mem-info id="5244" free="1509954432" total="2853371904" percent="52">
    <mem type="nursery" free="686939360" total="939524096" percent="73">
      <mem type="allocate" free="686939360" total="797179904" percent="86" />
      <mem type="survivor" free="0" total="142344192" percent="0" />
    </mem>
    <mem type="tenure" free="823015072" total="1913847808" percent="43" macro-fragmented="0">
      <mem type="soa" free="710365128" total="1799016448" percent="39" />
      <mem type="loa" free="112649944" total="114831360" percent="98" />
    </mem>
    <remembered-set count="30003" />
  </mem-info>
</gc-end>
<cycle-end id="5245" type="scavenge" contextid="5239" timestamp="2020-09-12T19:30:37.448" />
<allocation-satisfied id="5246" threadId="0000000000A93300" bytesRequested="24" />
<af-end id="5247" timestamp="2020-09-12T19:30:37.448" threadId="0000000000A93C80" success="true" from="nursery"/>
<exclusive-end id="5248" timestamp="2020-09-12T19:30:37.448" durationms="146.792" />

<exclusive-start id="5249" timestamp="2020-09-12T19:30:39.480" intervalms="2178.339">
  <response-info timems="0.534" idlems="0.534" threads="0" lastid="0000000000841700" lastname="Group1.Backend.CompositeBackend{Tier1}.5" />
</exclusive-start>
<af-start id="5250" threadId="0000000000842080" totalBytesRequested="88" timestamp="2020-09-12T19:30:39.481" intervalms="2177.909" type="nursery" />
<cycle-start id="5251" type="scavenge" contextid="0" timestamp="2020-09-12T19:30:39.481" intervalms="2177.553" />
<gc-start id="5252" type="scavenge" contextid="5251" timestamp="2020-09-12T19:30:39.481">
  <mem-info id="5253" free="823015072" total="2853371904" percent="28">
    <mem type="nursery" free="0" total="939524096" percent="0">
      <mem type="allocate" free="0" total="797179904" percent="0" />
      <mem type="survivor" free="0" total="142344192" percent="0" />
    </mem>
    <mem type="tenure" free="823015072" total="1913847808" percent="43">
      <mem type="soa" free="710365128" total="1799016448" percent="39" />
      <mem type="loa" free="112649944" total="114831360" percent="98" />
    </mem>
    <remembered-set count="196321" />
  </mem-info>
</gc-start>
<allocation-stats totalBytes="686571304" >
  <allocated-bytes non-tlh="26976008" tlh="659595296" />
  <largest-consumer threadName="Group1.Backend.CompositeBackend{Tier1}.1" threadId="000000000077E000" bytes="90817632" />
</allocation-stats>
<gc-op id="5254" type="scavenge" timems="121.145" contextid="5251" timestamp="2020-09-12T19:30:39.602">
  <scavenger-info tenureage="3" tenuremask="7ff8" tiltratio="84" />
  <memory-copied type="nursery" objects="4487033" bytes="119751048" bytesdiscarded="181592" />
  <memory-copied type="tenure" objects="1051965" bytes="28294352" bytesdiscarded="87112" />
  <ownableSynchronizers candidates="4415" cleared="4158" />
  <references type="soft" candidates="168" cleared="0" enqueued="0" dynamicThreshold="17" maxThreshold="32" />
  <references type="weak" candidates="97" cleared="97" enqueued="0" />
</gc-op>
<gc-end id="5255" type="scavenge" contextid="5251" durationms="122.780" usertimems="909.935" systemtimems="1.335" timestamp="2020-09-12T19:30:39.604" activeThreads="8">
  <mem-info id="5256" free="1469502968" total="2853371904" percent="51">
    <mem type="nursery" free="674998968" total="939524096" percent="71">
      <mem type="allocate" free="674998968" total="795017216" percent="84" />
      <mem type="survivor" free="0" total="144506880" percent="0" />
    </mem>
    <mem type="tenure" free="794504000" total="1913847808" percent="41" macro-fragmented="0">
      <mem type="soa" free="681854056" total="1799016448" percent="37" />
      <mem type="loa" free="112649944" total="114831360" percent="98" />
    </mem>
    <remembered-set count="32247" />
  </mem-info>
</gc-end>
<cycle-end id="5257" type="scavenge" contextid="5251" timestamp="2020-09-12T19:30:39.605" />
<allocation-satisfied id="5258" threadId="0000000000841700" bytesRequested="88" />
<af-end id="5259" timestamp="2020-09-12T19:30:39.605" threadId="0000000000842080" success="true" from="nursery"/>
<exclusive-end id="5260" timestamp="2020-09-12T19:30:39.605" durationms="125.603" />

<exclusive-start id="5261" timestamp="2020-09-12T19:30:41.510" intervalms="2030.601">
  <response-info timems="1.098" idlems="0.736" threads="1" lastid="0000000000845300" lastname="Group1.Backend.CompositeBackend{Tier1}.3" />
</exclusive-start>
<af-start id="5262" threadId="0000000000780F80" totalBytesRequested="1032" timestamp="2020-09-12T19:30:41.511" intervalms="2030.859" type="nursery" />
<cycle-start id="5263" type="scavenge" contextid="0" timestamp="2020-09-12T19:30:41.512" intervalms="2031.146" />
<gc-start id="5264" type="scavenge" contextid="5263" timestamp="2020-09-12T19:30:41.512">
  <mem-info id="5265" free="794504000" total="2853371904" percent="27">
    <mem type="nursery" free="0" total="939524096" percent="0">
      <mem type="allocate" free="0" total="795017216" percent="0" />
      <mem type="survivor" free="0" total="144506880" percent="0" />
    </mem>
    <mem type="tenure" free="794504000" total="1913847808" percent="41">
      <mem type="soa" free="681854056" total="1799016448" percent="37" />
      <mem type="loa" free="112649944" total="114831360" percent="98" />
    </mem>
    <remembered-set count="193408" />
  </mem-info>
</gc-start>
<allocation-stats totalBytes="674683336" >
  <allocated-bytes non-tlh="33950960" tlh="640732376" />
  <largest-consumer threadName="Group1.Backend.CompositeBackend{Tier1}.1" threadId="000000000077E000" bytes="99894440" />
</allocation-stats>
<gc-op id="5266" type="scavenge" timems="125.656" contextid="5263" timestamp="2020-09-12T19:30:41.638">
  <scavenger-info tenureage="3" tenuremask="7ff8" tiltratio="84" />
  <memory-copied type="nursery" objects="4292623" bytes="114575896" bytesdiscarded="178784" />
  <memory-copied type="tenure" objects="1118183" bytes="30072104" bytesdiscarded="112472" />
  <ownableSynchronizers candidates="3702" cleared="3423" />
  <references type="soft" candidates="197" cleared="0" enqueued="0" dynamicThreshold="17" maxThreshold="32" />
  <references type="weak" candidates="98" cleared="98" enqueued="0" />
</gc-op>
<gc-end id="5267" type="scavenge" contextid="5263" durationms="127.134" usertimems="891.166" systemtimems="7.551" timestamp="2020-09-12T19:30:41.639" activeThreads="8">
  <mem-info id="5268" free="1446581024" total="2853371904" percent="50">
    <mem type="nursery" free="682209976" total="939524096" percent="72">
      <mem type="allocate" free="682209976" total="797048832" percent="85" />
      <mem type="survivor" free="0" total="142475264" percent="0" />
    </mem>
    <mem type="tenure" free="764371048" total="1913847808" percent="39" macro-fragmented="0">
      <mem type="soa" free="651721104" total="1799016448" percent="36" />
      <mem type="loa" free="112649944" total="114831360" percent="98" />
    </mem>
    <remembered-set count="33333" />
  </mem-info>
</gc-end>
<cycle-end id="5269" type="scavenge" contextid="5263" timestamp="2020-09-12T19:30:41.641" />
<allocation-satisfied id="5270" threadId="0000000000780600" bytesRequested="1032" />
<af-end id="5271" timestamp="2020-09-12T19:30:41.641" threadId="0000000000780F80" success="true" from="nursery"/>
<exclusive-end id="5272" timestamp="2020-09-12T19:30:41.641" durationms="130.386" />

<exclusive-start id="5273" timestamp="2020-09-12T19:30:43.543" intervalms="2032.914">
  <response-info timems="8.079" idlems="8.079" threads="0" lastid="000000000077E000" lastname="Group1.Backend.CompositeBackend{Tier1}.1" />
</exclusive-start>
<af-start id="5274" threadId="000000000077E980" totalBytesRequested="1032" timestamp="2020-09-12T19:30:43.544" intervalms="2032.686" type="nursery" />
<cycle-start id="5275" type="scavenge" contextid="0" timestamp="2020-09-12T19:30:43.544" intervalms="2032.588" />
<gc-start id="5276" type="scavenge" contextid="5275" timestamp="2020-09-12T19:30:43.545">
  <mem-info id="5277" free="764371048" total="2853371904" percent="26">
    <mem type="nursery" free="0" total="939524096" percent="0">
      <mem type="allocate" free="0" total="797048832" percent="0" />
      <mem type="survivor" free="0" total="142475264" percent="0" />
    </mem>
    <mem type="tenure" free="764371048" total="1913847808" percent="39">
      <mem type="soa" free="651721104" total="1799016448" percent="36" />
      <mem type="loa" free="112649944" total="114831360" percent="98" />
    </mem>
    <remembered-set count="193185" />
  </mem-info>
</gc-start>
<allocation-stats totalBytes="681889096" >
  <allocated-bytes non-tlh="33047488" tlh="648841608" />
  <largest-consumer threadName="Group1.Backend.CompositeBackend{Tier1}.4" threadId="0000000000846A00" bytes="105169016" />
</allocation-stats>
<gc-op id="5278" type="scavenge" timems="167.930" contextid="5275" timestamp="2020-09-12T19:30:43.713">
  <scavenger-info tenureage="3" tenuremask="7ff8" tiltratio="84" />
  <memory-copied type="nursery" objects="4208094" bytes="112184248" bytesdiscarded="156384" />
  <memory-copied type="tenure" objects="1099961" bytes="29550304" bytesdiscarded="119976" />
  <ownableSynchronizers candidates="4087" cleared="3823" />
  <references type="soft" candidates="204" cleared="0" enqueued="0" dynamicThreshold="17" maxThreshold="32" />
  <references type="weak" candidates="122" cleared="122" enqueued="0" />
</gc-op>
<gc-end id="5279" type="scavenge" contextid="5275" durationms="168.871" usertimems="1055.825" systemtimems="27.036" timestamp="2020-09-12T19:30:43.714" activeThreads="8">
  <mem-info id="5280" free="1422143896" total="2853371904" percent="49">
    <mem type="nursery" free="687444360" total="939524096" percent="73">
      <mem type="allocate" free="687444360" total="799866880" percent="85" />
      <mem type="survivor" free="0" total="139657216" percent="0" />
    </mem>
    <mem type="tenure" free="734699536" total="1913847808" percent="38" macro-fragmented="0">
      <mem type="soa" free="622049592" total="1799016448" percent="34" />
      <mem type="loa" free="112649944" total="114831360" percent="98" />
    </mem>
    <remembered-set count="30656" />
  </mem-info>
</gc-end>
<cycle-end id="5281" type="scavenge" contextid="5275" timestamp="2020-09-12T19:30:43.714" />
<allocation-satisfied id="5282" threadId="000000000077E000" bytesRequested="1032" />
<af-end id="5283" timestamp="2020-09-12T19:30:43.715" threadId="000000000077E980" success="true" from="nursery"/>
<exclusive-end id="5284" timestamp="2020-09-12T19:30:43.715" durationms="171.340" />

<exclusive-start id="5285" timestamp="2020-09-12T19:30:45.618" intervalms="2074.559">
  <response-info timems="0.385" idlems="0.385" threads="0" lastid="0000000000845300" lastname="Group1.Backend.CompositeBackend{Tier1}.3" />
</exclusive-start>
<af-start id="5286" threadId="0000000000845C80" totalBytesRequested="212376" timestamp="2020-09-12T19:30:45.618" intervalms="2074.390" type="nursery" />
<cycle-start id="5287" type="scavenge" contextid="0" timestamp="2020-09-12T19:30:45.619" intervalms="2074.161" />
<gc-start id="5288" type="scavenge" contextid="5287" timestamp="2020-09-12T19:30:45.619">
  <mem-info id="5289" free="734780480" total="2853371904" percent="25">
    <mem type="nursery" free="80944" total="939524096" percent="0">
      <mem type="allocate" free="80944" total="799866880" percent="0" />
      <mem type="survivor" free="0" total="139657216" percent="0" />
    </mem>
    <mem type="tenure" free="734699536" total="1913847808" percent="38">
      <mem type="soa" free="622049592" total="1799016448" percent="34" />
      <mem type="loa" free="112649944" total="114831360" percent="98" />
    </mem>
    <remembered-set count="192505" />
  </mem-info>
</gc-start>
<allocation-stats totalBytes="687037672" >
  <allocated-bytes non-tlh="34342232" tlh="652695440" />
  <largest-consumer threadName="Group1.Backend.CompositeBackend{Tier1}.3" threadId="0000000000845300" bytes="101334152" />
</allocation-stats>
<gc-op id="5290" type="scavenge" timems="124.219" contextid="5287" timestamp="2020-09-12T19:30:45.743">
  <scavenger-info tenureage="3" tenuremask="7ff8" tiltratio="85" />
  <memory-copied type="nursery" objects="4158653" bytes="111632024" bytesdiscarded="223344" />
  <memory-copied type="tenure" objects="1125591" bytes="30240304" bytesdiscarded="121864" />
  <ownableSynchronizers candidates="3547" cleared="3286" />
  <references type="soft" candidates="204" cleared="0" enqueued="0" dynamicThreshold="17" maxThreshold="32" />
  <references type="weak" candidates="103" cleared="103" enqueued="0" />
</gc-op>
<gc-end id="5291" type="scavenge" contextid="5287" durationms="125.014" usertimems="909.591" systemtimems="13.113" timestamp="2020-09-12T19:30:45.744" activeThreads="8">
  <mem-info id="5292" free="1395138920" total="2853371904" percent="48">
    <mem type="nursery" free="690744112" total="939524096" percent="73">
      <mem type="allocate" free="690744112" total="802684928" percent="86" />
      <mem type="survivor" free="0" total="136839168" percent="0" />
    </mem>
    <mem type="tenure" free="704394808" total="1913847808" percent="36" macro-fragmented="0">
      <mem type="soa" free="591744864" total="1799016448" percent="32" />
      <mem type="loa" free="112649944" total="114831360" percent="98" />
    </mem>
    <remembered-set count="28482" />
  </mem-info>
</gc-end>
<cycle-end id="5293" type="scavenge" contextid="5287" timestamp="2020-09-12T19:30:45.745" />
<allocation-satisfied id="5294" threadId="0000000000845300" bytesRequested="212376" />
<af-end id="5295" timestamp="2020-09-12T19:30:45.745" threadId="0000000000845C80" success="true" from="nursery"/>
<exclusive-end id="5296" timestamp="2020-09-12T19:30:45.745" durationms="126.829" />

<exclusive-start id="5297" timestamp="2020-09-12T19:30:47.669" intervalms="2050.688">
  <response-info timems="0.471" idlems="0.471" threads="0" lastid="0000000000846A00" lastname="Group1.Backend.CompositeBackend{Tier1}.4" />
</exclusive-start>
<af-start id="5298" threadId="0000000000847380" totalBytesRequested="16" timestamp="2020-09-12T19:30:47.669" intervalms="2050.666" type="nursery" />
<cycle-start id="5299" type="scavenge" contextid="0" timestamp="2020-09-12T19:30:47.669" intervalms="2050.663" />
<gc-start id="5300" type="scavenge" contextid="5299" timestamp="2020-09-12T19:30:47.670">
  <mem-info id="5301" free="704394808" total="2853371904" percent="24">
    <mem type="nursery" free="0" total="939524096" percent="0">
      <mem type="allocate" free="0" total="802684928" percent="0" />
      <mem type="survivor" free="0" total="136839168" percent="0" />
    </mem>
    <mem type="tenure" free="704394808" total="1913847808" percent="36">
      <mem type="soa" free="591744864" total="1799016448" percent="32" />
      <mem type="loa" free="112649944" total="114831360" percent="98" />
    </mem>
    <remembered-set count="189813" />
  </mem-info>
</gc-start>
<allocation-stats totalBytes="690431744" >
  <allocated-bytes non-tlh="34795104" tlh="655636640" />
  <largest-consumer threadName="Group1.Backend.CompositeBackend{Tier1}.2" threadId="0000000000780600" bytes="99493720" />
</allocation-stats>
<gc-op id="5302" type="scavenge" timems="138.813" contextid="5299" timestamp="2020-09-12T19:30:47.808">
  <scavenger-info tenureage="3" tenuremask="7ff8" tiltratio="85" />
  <memory-copied type="nursery" objects="4250994" bytes="113210024" bytesdiscarded="295960" />
  <memory-copied type="tenure" objects="1060599" bytes="28633600" bytesdiscarded="105072" />
  <ownableSynchronizers candidates="4286" cleared="4025" />
  <references type="soft" candidates="186" cleared="0" enqueued="0" dynamicThreshold="17" maxThreshold="32" />
  <references type="weak" candidates="117" cleared="117" enqueued="0" />
</gc-op>
<gc-end id="5303" type="scavenge" contextid="5299" durationms="139.616" usertimems="1012.916" systemtimems="18.116" timestamp="2020-09-12T19:30:47.809" activeThreads="8">
  <mem-info id="5304" free="1366285496" total="2853371904" percent="47">
    <mem type="nursery" free="690730208" total="939524096" percent="73">
      <mem type="allocate" free="690730208" total="804323328" percent="85" />
      <mem type="survivor" free="0" total="135200768" percent="0" />
    </mem>
    <mem type="tenure" free="675555288" total="1913847808" percent="35" macro-fragmented="0">
      <mem type="soa" free="562905344" total="1799016448" percent="31" />
      <mem type="loa" free="112649944" total="114831360" percent="98" />
    </mem>
    <remembered-set count="27519" />
  </mem-info>
</gc-end>
<cycle-end id="5305" type="scavenge" contextid="5299" timestamp="2020-09-12T19:30:47.810" />
<allocation-satisfied id="5306" threadId="0000000000846A00" bytesRequested="16" />
<af-end id="5307" timestamp="2020-09-12T19:30:47.810" threadId="0000000000847380" success="true" from="nursery"/>
<exclusive-end id="5308" timestamp="2020-09-12T19:30:47.810" durationms="141.225" />

<exclusive-start id="5309" timestamp="2020-09-12T19:30:49.817" intervalms="2148.042">
  <response-info timems="14.206" idlems="14.206" threads="0" lastid="0000000000844700" lastname="Group1.TxInjector.CompositeTxInjector.I.driver.probe.4" />
</exclusive-start>
<af-start id="5310" threadId="0000000000845080" totalBytesRequested="32" timestamp="2020-09-12T19:30:49.818" intervalms="2148.442" type="nursery" />
<cycle-start id="5311" type="scavenge" contextid="0" timestamp="2020-09-12T19:30:49.820" intervalms="2151.105" />
<gc-start id="5312" type="scavenge" contextid="5311" timestamp="2020-09-12T19:30:49.821">
  <mem-info id="5313" free="675555288" total="2853371904" percent="23">
    <mem type="nursery" free="0" total="939524096" percent="0">
      <mem type="allocate" free="0" total="804323328" percent="0" />
      <mem type="survivor" free="0" total="135200768" percent="0" />
    </mem>
    <mem type="tenure" free="675555288" total="1913847808" percent="35">
      <mem type="soa" free="562905344" total="1799016448" percent="31" />
      <mem type="loa" free="112649944" total="114831360" percent="98" />
    </mem>
    <remembered-set count="192253" />
  </mem-info>
</gc-start>
<allocation-stats totalBytes="690402640" >
  <allocated-bytes non-tlh="28368616" tlh="662034024" />
  <largest-consumer threadName="Group1.Backend.CompositeBackend{Tier1}.4" threadId="0000000000846A00" bytes="104792784" />
</allocation-stats>
<gc-op id="5314" type="scavenge" timems="161.075" contextid="5311" timestamp="2020-09-12T19:30:49.982">
  <scavenger-info tenureage="3" tenuremask="7ff8" tiltratio="85" />
  <memory-copied type="nursery" objects="4700888" bytes="123361480" bytesdiscarded="162832" />
  <memory-copied type="tenure" objects="1062470" bytes="28579128" bytesdiscarded="128704" />
  <ownableSynchronizers candidates="4354" cleared="4090" />
  <references type="soft" candidates="176" cleared="0" enqueued="0" dynamicThreshold="17" maxThreshold="32" />
  <references type="weak" candidates="119" cleared="118" enqueued="0" />
</gc-op>
<gc-end id="5315" type="scavenge" contextid="5311" durationms="162.786" usertimems="1194.365" systemtimems="22.188" timestamp="2020-09-12T19:30:49.983" activeThreads="8">
  <mem-info id="5316" free="1316084328" total="2853371904" percent="46">
    <mem type="nursery" free="669240120" total="939524096" percent="71">
      <mem type="allocate" free="669240120" total="792854528" percent="84" />
      <mem type="survivor" free="0" total="146669568" percent="0" />
    </mem>
    <mem type="tenure" free="646844208" total="1913847808" percent="33" macro-fragmented="0">
      <mem type="soa" free="534194264" total="1799016448" percent="29" />
      <mem type="loa" free="112649944" total="114831360" percent="98" />
    </mem>
    <remembered-set count="29642" />
  </mem-info>
</gc-end>
<cycle-end id="5317" type="scavenge" contextid="5311" timestamp="2020-09-12T19:30:49.985" />
<allocation-satisfied id="5318" threadId="0000000000844700" bytesRequested="32" />
<af-end id="5319" timestamp="2020-09-12T19:30:49.985" threadId="0000000000845080" success="true" from="nursery"/>
<exclusive-end id="5320" timestamp="2020-09-12T19:30:49.985" durationms="168.074" />

<exclusive-start id="5321" timestamp="2020-09-12T19:30:51.807" intervalms="1990.605">
  <response-info timems="0.502" idlems="0.502" threads="0" lastid="0000000000842200" lastname="Group1.Backend.CompositeBackend{Tier1}.6" />
</exclusive-start>
<af-start id="5322" threadId="0000000000842B80" totalBytesRequested="304" timestamp="2020-09-12T19:30:51.808" intervalms="1990.391" type="nursery" />
<cycle-start id="5323" type="scavenge" contextid="0" timestamp="2020-09-12T19:30:51.808" intervalms="1987.729" />
<gc-start id="5324" type="scavenge" contextid="5323" timestamp="2020-09-12T19:30:51.808">
  <mem-info id="5325" free="646844208" total="2853371904" percent="22">
    <mem type="nursery" free="0" total="939524096" percent="0">
      <mem type="allocate" free="0" total="792854528" percent="0" />
      <mem type="survivor" free="0" total="146669568" percent="0" />
    </mem>
    <mem type="tenure" free="646844208" total="1913847808" percent="33">
      <mem type="soa" free="534194264" total="1799016448" percent="29" />
      <mem type="loa" free="112649944" total="114831360" percent="98" />
    </mem>
    <remembered-set count="190567" />
  </mem-info>
</gc-start>
<allocation-stats totalBytes="668920456" >
  <allocated-bytes non-tlh="35061560" tlh="633858896" />
  <largest-consumer threadName="Group1.Backend.CompositeBackend{Tier1}.6" threadId="0000000000842200" bytes="92972536" />
</allocation-stats>
<gc-op id="5326" type="scavenge" timems="131.917" contextid="5323" timestamp="2020-09-12T19:30:51.940">
  <scavenger-info tenureage="3" tenuremask="7ff8" tiltratio="84" />
  <memory-copied type="nursery" objects="4141991" bytes="110829560" bytesdiscarded="204712" />
  <memory-copied type="tenure" objects="1091952" bytes="29360264" bytesdiscarded="106280" />
  <ownableSynchronizers candidates="3684" cleared="3422" />
  <references type="soft" candidates="176" cleared="0" enqueued="0" dynamicThreshold="17" maxThreshold="32" />
  <references type="weak" candidates="119" cleared="117" enqueued="0" />
</gc-op>
<gc-end id="5327" type="scavenge" contextid="5323" durationms="134.548" usertimems="993.662" systemtimems="20.327" timestamp="2020-09-12T19:30:51.943" activeThreads="8">
  <mem-info id="5328" free="1300820432" total="2853371904" percent="45">
    <mem type="nursery" free="683438288" total="939524096" percent="72">
      <mem type="allocate" free="683438288" total="794558464" percent="86" />
      <mem type="survivor" free="0" total="144965632" percent="0" />
    </mem>
    <mem type="tenure" free="617382144" total="1913847808" percent="32" macro-fragmented="0">
      <mem type="soa" free="504732200" total="1799016448" percent="28" />
      <mem type="loa" free="112649944" total="114831360" percent="98" />
    </mem>
    <remembered-set count="30987" />
  </mem-info>
</gc-end>
<cycle-end id="5329" type="scavenge" contextid="5323" timestamp="2020-09-12T19:30:51.944" />
<allocation-satisfied id="5330" threadId="0000000000842200" bytesRequested="304" />
<af-end id="5331" timestamp="2020-09-12T19:30:51.944" threadId="0000000000842B80" success="true" from="nursery"/>
<exclusive-end id="5332" timestamp="2020-09-12T19:30:51.944" durationms="136.687" />

<exclusive-start id="5333" timestamp="2020-09-12T19:30:53.838" intervalms="2031.127">
  <response-info timems="0.326" idlems="0.326" threads="0" lastid="0000000000842E00" lastname="Group1.Backend.CompositeBackend{Tier1}.7" />
</exclusive-start>
<af-start id="5334" threadId="0000000000843780" totalBytesRequested="16" timestamp="2020-09-12T19:30:53.839" intervalms="2031.034" type="nursery" />
<cycle-start id="5335" type="scavenge" contextid="0" timestamp="2020-09-12T19:30:53.839" intervalms="2031.051" />
<gc-start id="5336" type="scavenge" contextid="5335" timestamp="2020-09-12T19:30:53.839">
  <mem-info id="5337" free="617382144" total="2853371904" percent="21">
    <mem type="nursery" free="0" total="939524096" percent="0">
      <mem type="allocate" free="0" total="794558464" percent="0" />
      <mem type="survivor" free="0" total="144965632" percent="0" />
    </mem>
    <mem type="tenure" free="617382144" total="1913847808" percent="32">
      <mem type="soa" free="504732200" total="1799016448" percent="28" />
      <mem type="loa" free="112649944" total="114831360" percent="98" />
    </mem>
    <remembered-set count="192374" />
  </mem-info>
</gc-start>
<allocation-stats totalBytes="683101584" >
  <allocated-bytes non-tlh="33789824" tlh="649311760" />
  <largest-consumer threadName="Group1.Backend.CompositeBackend{Tier1}.5" threadId="0000000000841700" bytes="90910968" />
</allocation-stats>
<gc-op id="5338" type="scavenge" timems="124.075" contextid="5335" timestamp="2020-09-12T19:30:53.964">
  <scavenger-info tenureage="3" tenuremask="7ff8" tiltratio="84" />
  <memory-copied type="nursery" objects="4124463" bytes="110039320" bytesdiscarded="243648" />
  <memory-copied type="tenure" objects="1089381" bytes="29297656" bytesdiscarded="132136" />
  <ownableSynchronizers candidates="5186" cleared="4896" />
  <references type="soft" candidates="178" cleared="0" enqueued="0" dynamicThreshold="17" maxThreshold="32" />
  <references type="weak" candidates="103" cleared="103" enqueued="0" />
</gc-op>
<gc-end id="5339" type="scavenge" contextid="5335" durationms="125.241" usertimems="935.264" systemtimems="8.110" timestamp="2020-09-12T19:30:53.965" activeThreads="8">
  <mem-info id="5340" free="1276375024" total="2853371904" percent="44">
    <mem type="nursery" free="688326648" total="939524096" percent="73">
      <mem type="allocate" free="688326648" total="798687232" percent="86" />
      <mem type="survivor" free="0" total="140836864" percent="0" />
    </mem>
    <mem type="tenure" free="588048376" total="1913847808" percent="30" macro-fragmented="0">
      <mem type="soa" free="475398432" total="1799016448" percent="26" />
      <mem type="loa" free="112649944" total="114831360" percent="98" />
    </mem>
    <remembered-set count="32928" />
  </mem-info>
</gc-end>
<cycle-end id="5341" type="scavenge" contextid="5335" timestamp="2020-09-12T19:30:53.965" />
<allocation-satisfied id="5342" threadId="0000000000842E00" bytesRequested="16" />
<af-end id="5343" timestamp="2020-09-12T19:30:53.965" threadId="0000000000843780" success="true" from="nursery"/>
<exclusive-end id="5344" timestamp="2020-09-12T19:30:53.966" durationms="127.463" />

<exclusive-start id="5345" timestamp="2020-09-12T19:30:55.939" intervalms="2101.008">
  <response-info timems="1.081" idlems="0.649" threads="1" lastid="0000000000846A00" lastname="Group1.Backend.CompositeBackend{Tier1}.4" />
</exclusive-start>
<af-start id="5346" threadId="00000000009BC180" totalBytesRequested="16" timestamp="2020-09-12T19:30:55.940" intervalms="2100.960" type="nursery" />
<cycle-start id="5347" type="scavenge" contextid="0" timestamp="2020-09-12T19:30:55.940" intervalms="2100.944" />
<gc-start id="5348" type="scavenge" contextid="5347" timestamp="2020-09-12T19:30:55.940">
  <mem-info id="5349" free="588048376" total="2853371904" percent="20">
    <mem type="nursery" free="0" total="939524096" percent="0">
      <mem type="allocate" free="0" total="798687232" percent="0" />
      <mem type="survivor" free="0" total="140836864" percent="0" />
    </mem>
    <mem type="tenure" free="588048376" total="1913847808" percent="30">
      <mem type="soa" free="475398432" total="1799016448" percent="26" />
      <mem type="loa" free="112649944" total="114831360" percent="98" />
    </mem>
    <remembered-set count="195722" />
  </mem-info>
</gc-start>
<allocation-stats totalBytes="687998400" >
  <allocated-bytes non-tlh="31623424" tlh="656374976" />
  <largest-consumer threadName="Group1.Backend.CompositeBackend{Tier1}.1" threadId="000000000077E000" bytes="93075176" />
</allocation-stats>
<gc-op id="5350" type="scavenge" timems="124.771" contextid="5347" timestamp="2020-09-12T19:30:56.065">
  <scavenger-info tenureage="3" tenuremask="7ff8" tiltratio="85" />
  <memory-copied type="nursery" objects="4241363" bytes="112841416" bytesdiscarded="159976" />
  <memory-copied type="tenure" objects="1107511" bytes="29758264" bytesdiscarded="115320" />
  <ownableSynchronizers candidates="4383" cleared="4092" />
  <references type="soft" candidates="196" cleared="0" enqueued="0" dynamicThreshold="17" maxThreshold="32" />
  <references type="weak" candidates="104" cleared="103" enqueued="0" />
</gc-op>
<gc-end id="5351" type="scavenge" contextid="5347" durationms="125.903" usertimems="883.690" systemtimems="9.489" timestamp="2020-09-12T19:30:56.066" activeThreads="8">
  <mem-info id="5352" free="1245999856" total="2853371904" percent="43">
    <mem type="nursery" free="687897336" total="939524096" percent="73">
      <mem type="allocate" free="687897336" total="800980992" percent="85" />
      <mem type="survivor" free="0" total="138543104" percent="0" />
    </mem>
    <mem type="tenure" free="558102520" total="1913847808" percent="29" macro-fragmented="0">
      <mem type="soa" free="445452576" total="1799016448" percent="24" />
      <mem type="loa" free="112649944" total="114831360" percent="98" />
    </mem>
    <remembered-set count="31444" />
  </mem-info>
</gc-end>
<cycle-end id="5353" type="scavenge" contextid="5347" timestamp="2020-09-12T19:30:56.067" />
<allocation-satisfied id="5354" threadId="00000000009BB800" bytesRequested="16" />
<af-end id="5355" timestamp="2020-09-12T19:30:56.067" threadId="00000000009BC180" success="true" from="nursery"/>
<exclusive-end id="5356" timestamp="2020-09-12T19:30:56.067" durationms="127.624" />

<exclusive-start id="5357" timestamp="2020-09-12T19:30:58.053" intervalms="2113.657">
  <response-info timems="5.341" idlems="5.341" threads="0" lastid="0000000000841700" lastname="Group1.Backend.CompositeBackend{Tier1}.5" />
</exclusive-start>
<af-start id="5358" threadId="0000000000842080" totalBytesRequested="16" timestamp="2020-09-12T19:30:58.054" intervalms="2113.610" type="nursery" />
<cycle-start id="5359" type="scavenge" contextid="0" timestamp="2020-09-12T19:30:58.054" intervalms="2113.616" />
<gc-start id="5360" type="scavenge" contextid="5359" timestamp="2020-09-12T19:30:58.054">
  <mem-info id="5361" free="558102520" total="2853371904" percent="19">
    <mem type="nursery" free="0" total="939524096" percent="0">
      <mem type="allocate" free="0" total="800980992" percent="0" />
      <mem type="survivor" free="0" total="138543104" percent="0" />
    </mem>
    <mem type="tenure" free="558102520" total="1913847808" percent="29">
      <mem type="soa" free="445452576" total="1799016448" percent="24" />
      <mem type="loa" free="112649944" total="114831360" percent="98" />
    </mem>
    <remembered-set count="193402" />
  </mem-info>
</gc-start>
<allocation-stats totalBytes="687555368" >
  <allocated-bytes non-tlh="33708720" tlh="653846648" />
  <largest-consumer threadName="Group1.Backend.CompositeBackend{Tier1}.6" threadId="0000000000842200" bytes="92743120" />
</allocation-stats>
<gc-op id="5362" type="scavenge" timems="122.780" contextid="5359" timestamp="2020-09-12T19:30:58.177">
  <scavenger-info tenureage="3" tenuremask="7ff8" tiltratio="85" />
  <memory-copied type="nursery" objects="4033237" bytes="108280040" bytesdiscarded="145792" />
  <memory-copied type="tenure" objects="1054861" bytes="28339688" bytesdiscarded="116976" />
  <ownableSynchronizers candidates="4034" cleared="3753" />
  <references type="soft" candidates="191" cleared="0" enqueued="0" dynamicThreshold="17" maxThreshold="32" />
  <references type="weak" candidates="118" cleared="118" enqueued="0" />
</gc-op>
<gc-end id="5363" type="scavenge" contextid="5359" durationms="124.294" usertimems="873.790" systemtimems="7.805" timestamp="2020-09-12T19:30:58.178" activeThreads="8">
  <mem-info id="5364" free="1224499448" total="2853371904" percent="42">
    <mem type="nursery" free="694895872" total="939524096" percent="73">
      <mem type="allocate" free="694895872" total="803405824" percent="86" />
      <mem type="survivor" free="0" total="136118272" percent="0" />
    </mem>
    <mem type="tenure" free="529603576" total="1913847808" percent="27" macro-fragmented="0">
      <mem type="soa" free="416953632" total="1799016448" percent="23" />
      <mem type="loa" free="112649944" total="114831360" percent="98" />
    </mem>
    <remembered-set count="29991" />
  </mem-info>
</gc-end>
<cycle-end id="5365" type="scavenge" contextid="5359" timestamp="2020-09-12T19:30:58.179" />
<allocation-satisfied id="5366" threadId="0000000000841700" bytesRequested="16" />
<af-end id="5367" timestamp="2020-09-12T19:30:58.179" threadId="0000000000842080" success="true" from="nursery"/>
<exclusive-end id="5368" timestamp="2020-09-12T19:30:58.179" durationms="126.459" />

<exclusive-start id="5369" timestamp="2020-09-12T19:31:00.244" intervalms="2190.977">
  <response-info timems="0.294" idlems="0.294" threads="0" lastid="0000000000845300" lastname="Group1.Backend.CompositeBackend{Tier1}.3" />
</exclusive-start>
<af-start id="5370" threadId="0000000000845C80" totalBytesRequested="400" timestamp="2020-09-12T19:31:00.245" intervalms="2190.990" type="nursery" />
<cycle-start id="5371" type="scavenge" contextid="0" timestamp="2020-09-12T19:31:00.245" intervalms="2190.996" />
<gc-start id="5372" type="scavenge" contextid="5371" timestamp="2020-09-12T19:31:00.245">
  <mem-info id="5373" free="529603576" total="2853371904" percent="18">
    <mem type="nursery" free="0" total="939524096" percent="0">
      <mem type="allocate" free="0" total="803405824" percent="0" />
      <mem type="survivor" free="0" total="136118272" percent="0" />
    </mem>
    <mem type="tenure" free="529603576" total="1913847808" percent="27">
      <mem type="soa" free="416953632" total="1799016448" percent="23" />
      <mem type="loa" free="112649944" total="114831360" percent="98" />
    </mem>
    <remembered-set count="196415" />
  </mem-info>
</gc-start>
<allocation-stats totalBytes="694559096" >
  <allocated-bytes non-tlh="26571280" tlh="667987816" />
  <largest-consumer threadName="Group1.Backend.CompositeBackend{Tier1}.7" threadId="0000000000842E00" bytes="92598536" />
</allocation-stats>
<gc-op id="5374" type="scavenge" timems="125.008" contextid="5371" timestamp="2020-09-12T19:31:00.370">
  <scavenger-info tenureage="3" tenuremask="7ff8" tiltratio="85" />
  <memory-copied type="nursery" objects="4131764" bytes="110901672" bytesdiscarded="133112" />
  <memory-copied type="tenure" objects="1046383" bytes="28103832" bytesdiscarded="112584" />
  <ownableSynchronizers candidates="4508" cleared="4222" />
  <references type="soft" candidates="191" cleared="0" enqueued="0" dynamicThreshold="17" maxThreshold="32" />
  <references type="weak" candidates="108" cleared="108" enqueued="0" />
</gc-op>
<gc-end id="5375" type="scavenge" contextid="5371" durationms="126.454" usertimems="915.678" systemtimems="22.321" timestamp="2020-09-12T19:31:00.371" activeThreads="8">
  <mem-info id="5376" free="1195433544" total="2853371904" percent="41">
    <mem type="nursery" free="694049536" total="939524096" percent="73">
      <mem type="allocate" free="694049536" total="805175296" percent="86" />
      <mem type="survivor" free="0" total="134348800" percent="0" />
    </mem>
    <mem type="tenure" free="501384008" total="1913847808" percent="26" macro-fragmented="0">
      <mem type="soa" free="388734064" total="1799016448" percent="21" />
      <mem type="loa" free="112649944" total="114831360" percent="98" />
    </mem>
    <remembered-set count="28106" />
  </mem-info>
</gc-end>
<cycle-end id="5377" type="scavenge" contextid="5371" timestamp="2020-09-12T19:31:00.372" />
<allocation-satisfied id="5378" threadId="0000000000845300" bytesRequested="400" />
<af-end id="5379" timestamp="2020-09-12T19:31:00.372" threadId="0000000000845C80" success="true" from="nursery"/>
<exclusive-end id="5380" timestamp="2020-09-12T19:31:00.373" durationms="128.579" />

<exclusive-start id="5381" timestamp="2020-09-12T19:31:02.353" intervalms="2108.898">
  <response-info timems="0.335" idlems="0.335" threads="0" lastid="0000000000841700" lastname="Group1.Backend.CompositeBackend{Tier1}.5" />
</exclusive-start>
<af-start id="5382" threadId="0000000000842080" totalBytesRequested="24" timestamp="2020-09-12T19:31:02.353" intervalms="2108.887" type="nursery" />
<cycle-start id="5383" type="scavenge" contextid="0" timestamp="2020-09-12T19:31:02.354" intervalms="2108.879" />
<gc-start id="5384" type="scavenge" contextid="5383" timestamp="2020-09-12T19:31:02.354">
  <mem-info id="5385" free="501384008" total="2853371904" percent="17">
    <mem type="nursery" free="0" total="939524096" percent="0">
      <mem type="allocate" free="0" total="805175296" percent="0" />
      <mem type="survivor" free="0" total="134348800" percent="0" />
    </mem>
    <mem type="tenure" free="501384008" total="1913847808" percent="26">
      <mem type="soa" free="388734064" total="1799016448" percent="21" />
      <mem type="loa" free="112649944" total="114831360" percent="98" />
    </mem>
    <remembered-set count="193403" />
  </mem-info>
</gc-start>
<allocation-stats totalBytes="693734408" >
  <allocated-bytes non-tlh="31582936" tlh="662151472" />
  <largest-consumer threadName="Group1.Backend.CompositeBackend{Tier1}.7" threadId="0000000000842E00" bytes="87174824" />
</allocation-stats>
<gc-op id="5386" type="scavenge" timems="103.973" contextid="5383" timestamp="2020-09-12T19:31:02.458">
  <scavenger-info tenureage="3" tenuremask="7ff8" tiltratio="85" />
  <memory-copied type="nursery" objects="4142902" bytes="111154928" bytesdiscarded="186608" />
  <memory-copied type="tenure" objects="1099911" bytes="29573112" bytesdiscarded="145744" />
  <ownableSynchronizers candidates="3547" cleared="3287" />
  <references type="soft" candidates="181" cleared="0" enqueued="0" dynamicThreshold="17" maxThreshold="32" />
  <references type="weak" candidates="106" cleared="106" enqueued="0" />
</gc-op>
<gc-end id="5387" type="scavenge" contextid="5383" durationms="105.063" usertimems="739.775" systemtimems="0.598" timestamp="2020-09-12T19:31:02.459" activeThreads="8">
  <mem-info id="5388" free="1167409040" total="2853371904" percent="40">
    <mem type="nursery" free="695652096" total="939524096" percent="74">
      <mem type="allocate" free="695652096" total="807075840" percent="86" />
      <mem type="survivor" free="0" total="132448256" percent="0" />
    </mem>
    <mem type="tenure" free="471756944" total="1913847808" percent="24" macro-fragmented="0">
      <mem type="soa" free="359107000" total="1799016448" percent="19" />
      <mem type="loa" free="112649944" total="114831360" percent="98" />
    </mem>
    <remembered-set count="28822" />
  </mem-info>
</gc-end>
<cycle-end id="5389" type="scavenge" contextid="5383" timestamp="2020-09-12T19:31:02.460" />
<allocation-satisfied id="5390" threadId="0000000000841700" bytesRequested="24" />
<af-end id="5391" timestamp="2020-09-12T19:31:02.460" threadId="0000000000842080" success="true" from="nursery"/>
<exclusive-end id="5392" timestamp="2020-09-12T19:31:02.460" durationms="106.801" />

<exclusive-start id="5393" timestamp="2020-09-12T19:31:04.420" intervalms="2067.223">
  <response-info timems="4.022" idlems="4.022" threads="0" lastid="0000000000843900" lastname="Group1.Backend.CompositeBackend{Tier1}.8" />
</exclusive-start>
<af-start id="5394" threadId="0000000000844280" totalBytesRequested="1032" timestamp="2020-09-12T19:31:04.421" intervalms="2067.281" type="nursery" />
<cycle-start id="5395" type="scavenge" contextid="0" timestamp="2020-09-12T19:31:04.421" intervalms="2067.289" />
<gc-start id="5396" type="scavenge" contextid="5395" timestamp="2020-09-12T19:31:04.421">
  <mem-info id="5397" free="471756944" total="2853371904" percent="16">
    <mem type="nursery" free="0" total="939524096" percent="0">
      <mem type="allocate" free="0" total="807075840" percent="0" />
      <mem type="survivor" free="0" total="132448256" percent="0" />
    </mem>
    <mem type="tenure" free="471756944" total="1913847808" percent="24">
      <mem type="soa" free="359107000" total="1799016448" percent="19" />
      <mem type="loa" free="112649944" total="114831360" percent="98" />
    </mem>
    <remembered-set count="189510" />
  </mem-info>
</gc-start>
<allocation-stats totalBytes="695345608" >
  <allocated-bytes non-tlh="37657160" tlh="657688448" />
  <largest-consumer threadName="Group1.Backend.CompositeBackend{Tier1}.1" threadId="000000000077E000" bytes="93467184" />
</allocation-stats>
<gc-op id="5398" type="scavenge" timems="112.894" contextid="5395" timestamp="2020-09-12T19:31:04.534">
  <scavenger-info tenureage="3" tenuremask="7ff8" tiltratio="85" />
  <memory-copied type="nursery" objects="4266068" bytes="113671328" bytesdiscarded="122224" />
  <memory-copied type="tenure" objects="1070915" bytes="28804600" bytesdiscarded="114456" />
  <ownableSynchronizers candidates="4288" cleared="4026" />
  <references type="soft" candidates="182" cleared="0" enqueued="0" dynamicThreshold="17" maxThreshold="32" />
  <references type="weak" candidates="104" cleared="102" enqueued="0" />
</gc-op>
<gc-end id="5399" type="scavenge" contextid="5395" durationms="113.957" usertimems="806.251" systemtimems="0.000" timestamp="2020-09-12T19:31:04.535" activeThreads="8">
  <mem-info id="5400" free="1137884144" total="2853371904" percent="39">
    <mem type="nursery" free="695039992" total="939524096" percent="73">
      <mem type="allocate" free="695039992" total="808910848" percent="85" />
      <mem type="survivor" free="0" total="130613248" percent="0" />
    </mem>
    <mem type="tenure" free="442844152" total="1913847808" percent="23" macro-fragmented="0">
      <mem type="soa" free="330194208" total="1799016448" percent="18" />
      <mem type="loa" free="112649944" total="114831360" percent="98" />
    </mem>
    <remembered-set count="30188" />
  </mem-info>
</gc-end>
<cycle-end id="5401" type="scavenge" contextid="5395" timestamp="2020-09-12T19:31:04.536" />
<allocation-satisfied id="5402" threadId="0000000000843900" bytesRequested="1032" />
<af-end id="5403" timestamp="2020-09-12T19:31:04.536" threadId="0000000000844280" success="true" from="nursery"/>
<exclusive-end id="5404" timestamp="2020-09-12T19:31:04.536" durationms="115.749" />

<exclusive-start id="5405" timestamp="2020-09-12T19:31:06.510" intervalms="2089.494">
  <response-info timems="0.249" idlems="0.249" threads="0" lastid="0000000000842E00" lastname="Group1.Backend.CompositeBackend{Tier1}.7" />
</exclusive-start>
<af-start id="5406" threadId="0000000000843780" totalBytesRequested="10008" timestamp="2020-09-12T19:31:06.510" intervalms="2089.460" type="nursery" />
<cycle-start id="5407" type="scavenge" contextid="0" timestamp="2020-09-12T19:31:06.510" intervalms="2089.438" />
<gc-start id="5408" type="scavenge" contextid="5407" timestamp="2020-09-12T19:31:06.511">
  <mem-info id="5409" free="442844152" total="2853371904" percent="15">
    <mem type="nursery" free="0" total="939524096" percent="0">
      <mem type="allocate" free="0" total="808910848" percent="0" />
      <mem type="survivor" free="0" total="130613248" percent="0" />
    </mem>
    <mem type="tenure" free="442844152" total="1913847808" percent="23">
      <mem type="soa" free="330194208" total="1799016448" percent="18" />
      <mem type="loa" free="112649944" total="114831360" percent="98" />
    </mem>
    <remembered-set count="194723" />
  </mem-info>
</gc-start>
<allocation-stats totalBytes="694702592" >
  <allocated-bytes non-tlh="33049944" tlh="661652648" />
  <largest-consumer threadName="Group1.Backend.CompositeBackend{Tier1}.2" threadId="0000000000780600" bytes="96341920" />
</allocation-stats>
<gc-op id="5410" type="scavenge" timems="114.522" contextid="5407" timestamp="2020-09-12T19:31:06.625">
  <scavenger-info tenureage="3" tenuremask="7ff8" tiltratio="86" />
  <memory-copied type="nursery" objects="4126994" bytes="110623176" bytesdiscarded="131600" />
  <memory-copied type="tenure" objects="1124453" bytes="30248176" bytesdiscarded="142000" />
  <ownableSynchronizers candidates="3484" cleared="3220" />
  <references type="soft" candidates="183" cleared="0" enqueued="0" dynamicThreshold="17" maxThreshold="32" />
  <references type="weak" candidates="104" cleared="104" enqueued="0" />
</gc-op>
<gc-end id="5411" type="scavenge" contextid="5407" durationms="115.793" usertimems="803.666" systemtimems="10.060" timestamp="2020-09-12T19:31:06.626" activeThreads="8">
  <mem-info id="5412" free="1111166072" total="2853371904" percent="38">
    <mem type="nursery" free="698726144" total="939524096" percent="74">
      <mem type="allocate" free="698726144" total="809566208" percent="86" />
      <mem type="survivor" free="0" total="129957888" percent="0" />
    </mem>
    <mem type="tenure" free="412439928" total="1913847808" percent="21" macro-fragmented="0">
      <mem type="soa" free="299789984" total="1799016448" percent="16" />
      <mem type="loa" free="112649944" total="114831360" percent="98" />
    </mem>
    <remembered-set count="31585" />
  </mem-info>
</gc-end>
<cycle-end id="5413" type="scavenge" contextid="5407" timestamp="2020-09-12T19:31:06.627" />
<allocation-satisfied id="5414" threadId="0000000000842E00" bytesRequested="10008" />
<af-end id="5415" timestamp="2020-09-12T19:31:06.627" threadId="0000000000843780" success="true" from="nursery"/>
<exclusive-end id="5416" timestamp="2020-09-12T19:31:06.627" durationms="117.641" />

<exclusive-start id="5417" timestamp="2020-09-12T19:31:08.647" intervalms="2137.289">
  <response-info timems="4.360" idlems="4.360" threads="0" lastid="0000000000841700" lastname="Group1.Backend.CompositeBackend{Tier1}.5" />
</exclusive-start>
<af-start id="5418" threadId="0000000000842080" totalBytesRequested="32" timestamp="2020-09-12T19:31:08.648" intervalms="2137.415" type="nursery" />
<cycle-start id="5419" type="scavenge" contextid="0" timestamp="2020-09-12T19:31:08.648" intervalms="2137.427" />
<gc-start id="5420" type="scavenge" contextid="5419" timestamp="2020-09-12T19:31:08.648">
  <mem-info id="5421" free="412439928" total="2853371904" percent="14">
    <mem type="nursery" free="0" total="939524096" percent="0">
      <mem type="allocate" free="0" total="809566208" percent="0" />
      <mem type="survivor" free="0" total="129957888" percent="0" />
    </mem>
    <mem type="tenure" free="412439928" total="1913847808" percent="21">
      <mem type="soa" free="299789984" total="1799016448" percent="16" />
      <mem type="loa" free="112649944" total="114831360" percent="98" />
    </mem>
    <remembered-set count="195898" />
  </mem-info>
</gc-start>
<allocation-stats totalBytes="698384432" >
  <allocated-bytes non-tlh="33195160" tlh="665189272" />
  <largest-consumer threadName="Group1.Backend.CompositeBackend{Tier1}.2" threadId="0000000000780600" bytes="100783800" />
</allocation-stats>
<gc-op id="5422" type="scavenge" timems="128.863" contextid="5419" timestamp="2020-09-12T19:31:08.777">
  <scavenger-info tenureage="3" tenuremask="7ff8" tiltratio="86" />
  <memory-copied type="nursery" objects="4223573" bytes="113214792" bytesdiscarded="206392" />
  <memory-copied type="tenure" objects="1119150" bytes="30074648" bytesdiscarded="134088" />
  <ownableSynchronizers candidates="4500" cleared="4228" />
  <references type="soft" candidates="189" cleared="0" enqueued="0" dynamicThreshold="17" maxThreshold="32" />
  <references type="weak" candidates="127" cleared="127" enqueued="0" />
</gc-op>
<gc-end id="5423" type="scavenge" contextid="5419" durationms="130.348" usertimems="976.557" systemtimems="20.927" timestamp="2020-09-12T19:31:08.778" activeThreads="8">
  <mem-info id="5424" free="1078483640" total="2853371904" percent="37">
    <mem type="nursery" free="696255016" total="939524096" percent="74">
      <mem type="allocate" free="696255016" total="809762816" percent="85" />
      <mem type="survivor" free="0" total="129761280" percent="0" />
    </mem>
    <mem type="tenure" free="382228624" total="1913847808" percent="19" macro-fragmented="0">
      <mem type="soa" free="269578680" total="1799016448" percent="14" />
      <mem type="loa" free="112649944" total="114831360" percent="98" />
    </mem>
    <remembered-set count="31379" />
  </mem-info>
</gc-end>
<cycle-end id="5425" type="scavenge" contextid="5419" timestamp="2020-09-12T19:31:08.779" />
<allocation-satisfied id="5426" threadId="0000000000841700" bytesRequested="32" />
<af-end id="5427" timestamp="2020-09-12T19:31:08.779" threadId="0000000000842080" success="true" from="nursery"/>
<exclusive-end id="5428" timestamp="2020-09-12T19:31:08.779" durationms="132.512" />

<exclusive-start id="5429" timestamp="2020-09-12T19:31:10.734" intervalms="2087.351">
  <response-info timems="4.413" idlems="4.409" threads="1" lastid="0000000000843900" lastname="Group1.Backend.CompositeBackend{Tier1}.8" />
</exclusive-start>
<af-start id="5430" threadId="0000000000842080" totalBytesRequested="16" timestamp="2020-09-12T19:31:10.735" intervalms="2087.441" type="nursery" />
<cycle-start id="5431" type="scavenge" contextid="0" timestamp="2020-09-12T19:31:10.735" intervalms="2087.494" />
<gc-start id="5432" type="scavenge" contextid="5431" timestamp="2020-09-12T19:31:10.736">
  <mem-info id="5433" free="382228624" total="2853371904" percent="13">
    <mem type="nursery" free="0" total="939524096" percent="0">
      <mem type="allocate" free="0" total="809762816" percent="0" />
      <mem type="survivor" free="0" total="129761280" percent="0" />
    </mem>
    <mem type="tenure" free="382228624" total="1913847808" percent="19">
      <mem type="soa" free="269578680" total="1799016448" percent="14" />
      <mem type="loa" free="112649944" total="114831360" percent="98" />
    </mem>
    <remembered-set count="194687" />
  </mem-info>
</gc-start>
<allocation-stats totalBytes="695939248" >
  <allocated-bytes non-tlh="34410328" tlh="661528920" />
  <largest-consumer threadName="Group1.Backend.CompositeBackend{Tier1}.2" threadId="0000000000780600" bytes="105818528" />
</allocation-stats>
<gc-op id="5434" type="scavenge" timems="130.278" contextid="5431" timestamp="2020-09-12T19:31:10.866">
  <scavenger-info tenureage="3" tenuremask="7ff8" tiltratio="86" />
  <memory-copied type="nursery" objects="4356791" bytes="115816904" bytesdiscarded="355872" />
  <memory-copied type="tenure" objects="1042385" bytes="28005944" bytesdiscarded="124296" />
  <ownableSynchronizers candidates="4454" cleared="4156" />
  <references type="soft" candidates="193" cleared="0" enqueued="0" dynamicThreshold="17" maxThreshold="32" />
  <references type="weak" candidates="118" cleared="117" enqueued="0" />
</gc-op>
<gc-end id="5435" type="scavenge" contextid="5431" durationms="131.498" usertimems="923.968" systemtimems="0.000" timestamp="2020-09-12T19:31:10.867" activeThreads="8">
  <mem-info id="5436" free="1045305344" total="2853371904" percent="36">
    <mem type="nursery" free="691207160" total="939524096" percent="73">
      <mem type="allocate" free="691207160" total="807469056" percent="85" />
      <mem type="survivor" free="0" total="132055040" percent="0" />
    </mem>
    <mem type="tenure" free="354098184" total="1913847808" percent="18" macro-fragmented="0">
      <mem type="soa" free="241448240" total="1799016448" percent="13" />
      <mem type="loa" free="112649944" total="114831360" percent="98" />
    </mem>
    <remembered-set count="30765" />
  </mem-info>
</gc-end>
<cycle-end id="5437" type="scavenge" contextid="5431" timestamp="2020-09-12T19:31:10.868" />
<allocation-satisfied id="5438" threadId="0000000000841700" bytesRequested="16" />
<af-end id="5439" timestamp="2020-09-12T19:31:10.868" threadId="0000000000842080" success="true" from="nursery"/>
<exclusive-end id="5440" timestamp="2020-09-12T19:31:10.868" durationms="133.709" />

<exclusive-start id="5441" timestamp="2020-09-12T19:31:12.869" intervalms="2134.409">
  <response-info timems="9.839" idlems="9.839" threads="0" lastid="0000000000842E00" lastname="Group1.Backend.CompositeBackend{Tier1}.7" />
</exclusive-start>
<af-start id="5442" threadId="0000000000843780" totalBytesRequested="32" timestamp="2020-09-12T19:31:12.869" intervalms="2134.304" type="nursery" />
<cycle-start id="5443" type="scavenge" contextid="0" timestamp="2020-09-12T19:31:12.869" intervalms="2134.242" />
<gc-start id="5444" type="scavenge" contextid="5443" timestamp="2020-09-12T19:31:12.870">
  <mem-info id="5445" free="354098184" total="2853371904" percent="12">
    <mem type="nursery" free="0" total="939524096" percent="0">
      <mem type="allocate" free="0" total="807469056" percent="0" />
      <mem type="survivor" free="0" total="132055040" percent="0" />
    </mem>
    <mem type="tenure" free="354098184" total="1913847808" percent="18">
      <mem type="soa" free="241448240" total="1799016448" percent="13" />
      <mem type="loa" free="112649944" total="114831360" percent="98" />
    </mem>
    <remembered-set count="193242" />
  </mem-info>
</gc-start>
<allocation-stats totalBytes="690870248" >
  <allocated-bytes non-tlh="31712448" tlh="659157800" />
  <largest-consumer threadName="Group1.Backend.CompositeBackend{Tier1}.8" threadId="0000000000843900" bytes="97995072" />
</allocation-stats>
<gc-op id="5446" type="scavenge" timems="159.759" contextid="5443" timestamp="2020-09-12T19:31:13.030">
  <scavenger-info tenureage="3" tenuremask="7ff8" tiltratio="85" />
  <memory-copied type="nursery" objects="4281361" bytes="113709640" bytesdiscarded="536464" />
  <memory-copied type="tenure" objects="1112593" bytes="29903456" bytesdiscarded="110592" />
  <ownableSynchronizers candidates="3558" cleared="3288" />
  <references type="soft" candidates="194" cleared="0" enqueued="0" dynamicThreshold="17" maxThreshold="32" />
  <references type="weak" candidates="127" cleared="127" enqueued="0" />
</gc-op>
<gc-end id="5447" type="scavenge" contextid="5443" durationms="160.622" usertimems="1097.091" systemtimems="39.197" timestamp="2020-09-12T19:31:13.030" activeThreads="8">
  <mem-info id="5448" free="1017731416" total="2853371904" percent="35">
    <mem type="nursery" free="693602024" total="939524096" percent="73">
      <mem type="allocate" free="693602024" total="807927808" percent="85" />
      <mem type="survivor" free="0" total="131596288" percent="0" />
    </mem>
    <mem type="tenure" free="324129392" total="1913847808" percent="16" macro-fragmented="0">
      <mem type="soa" free="211479448" total="1799016448" percent="11" />
      <mem type="loa" free="112649944" total="114831360" percent="98" />
    </mem>
    <remembered-set count="29834" />
  </mem-info>
</gc-end>
<cycle-end id="5449" type="scavenge" contextid="5443" timestamp="2020-09-12T19:31:13.031" />
<allocation-satisfied id="5450" threadId="0000000000842E00" bytesRequested="32" />
<af-end id="5451" timestamp="2020-09-12T19:31:13.031" threadId="0000000000843780" success="true" from="nursery"/>
<exclusive-end id="5452" timestamp="2020-09-12T19:31:13.031" durationms="162.795" />

<exclusive-start id="5453" timestamp="2020-09-12T19:31:14.946" intervalms="2076.997">
  <response-info timems="0.742" idlems="0.276" threads="2" lastid="0000000000842200" lastname="Group1.Backend.CompositeBackend{Tier1}.6" />
</exclusive-start>
<af-start id="5454" threadId="0000000000844280" totalBytesRequested="16" timestamp="2020-09-12T19:31:14.946" intervalms="2076.999" type="nursery" />
<cycle-start id="5455" type="scavenge" contextid="0" timestamp="2020-09-12T19:31:14.947" intervalms="2077.024" />
<gc-start id="5456" type="scavenge" contextid="5455" timestamp="2020-09-12T19:31:14.947">
  <mem-info id="5457" free="324129392" total="2853371904" percent="11">
    <mem type="nursery" free="0" total="939524096" percent="0">
      <mem type="allocate" free="0" total="807927808" percent="0" />
      <mem type="survivor" free="0" total="131596288" percent="0" />
    </mem>
    <mem type="tenure" free="324129392" total="1913847808" percent="16">
      <mem type="soa" free="211479448" total="1799016448" percent="11" />
      <mem type="loa" free="112649944" total="114831360" percent="98" />
    </mem>
    <remembered-set count="192366" />
  </mem-info>
</gc-start>
<allocation-stats totalBytes="693272616" >
  <allocated-bytes non-tlh="32137056" tlh="661135560" />
  <largest-consumer threadName="Group1.Backend.CompositeBackend{Tier1}.2" threadId="0000000000780600" bytes="130317320" />
</allocation-stats>
<gc-op id="5458" type="scavenge" timems="113.782" contextid="5455" timestamp="2020-09-12T19:31:15.061">
  <scavenger-info tenureage="3" tenuremask="7ff8" tiltratio="85" />
  <memory-copied type="nursery" objects="4048349" bytes="108719528" bytesdiscarded="153648" />
  <memory-copied type="tenure" objects="1106067" bytes="29725608" bytesdiscarded="126648" />
  <ownableSynchronizers candidates="4353" cleared="4074" />
  <references type="soft" candidates="186" cleared="0" enqueued="0" dynamicThreshold="17" maxThreshold="32" />
  <references type="weak" candidates="128" cleared="128" enqueued="0" />
</gc-op>
<gc-end id="5459" type="scavenge" contextid="5455" durationms="114.762" usertimems="825.691" systemtimems="14.338" timestamp="2020-09-12T19:31:15.061" activeThreads="8">
  <mem-info id="5460" free="994108056" total="2853371904" percent="34">
    <mem type="nursery" free="699823616" total="939524096" percent="74">
      <mem type="allocate" free="699823616" total="808779776" percent="86" />
      <mem type="survivor" free="0" total="130744320" percent="0" />
    </mem>
    <mem type="tenure" free="294284440" total="1913847808" percent="15" macro-fragmented="0">
      <mem type="soa" free="181634496" total="1799016448" percent="10" />
      <mem type="loa" free="112649944" total="114831360" percent="98" />
    </mem>
    <remembered-set count="28453" />
  </mem-info>
</gc-end>
<cycle-end id="5461" type="scavenge" contextid="5455" timestamp="2020-09-12T19:31:15.062" />
<allocation-satisfied id="5462" threadId="0000000000843900" bytesRequested="16" />
<af-end id="5463" timestamp="2020-09-12T19:31:15.062" threadId="0000000000844280" success="true" from="nursery"/>
<exclusive-end id="5464" timestamp="2020-09-12T19:31:15.063" durationms="116.932" />

<exclusive-start id="5465" timestamp="2020-09-12T19:31:17.037" intervalms="2091.898">
  <response-info timems="1.277" idlems="1.277" threads="0" lastid="0000000000842200" lastname="Group1.Backend.CompositeBackend{Tier1}.6" />
</exclusive-start>
<af-start id="5466" threadId="0000000000842B80" totalBytesRequested="48" timestamp="2020-09-12T19:31:17.038" intervalms="2092.029" type="nursery" />
<cycle-start id="5467" type="scavenge" contextid="0" timestamp="2020-09-12T19:31:17.039" intervalms="2092.116" />
<gc-start id="5468" type="scavenge" contextid="5467" timestamp="2020-09-12T19:31:17.039">
  <mem-info id="5469" free="294284440" total="2853371904" percent="10">
    <mem type="nursery" free="0" total="939524096" percent="0">
      <mem type="allocate" free="0" total="808779776" percent="0" />
      <mem type="survivor" free="0" total="130744320" percent="0" />
    </mem>
    <mem type="tenure" free="294284440" total="1913847808" percent="15">
      <mem type="soa" free="181634496" total="1799016448" percent="10" />
      <mem type="loa" free="112649944" total="114831360" percent="98" />
    </mem>
    <remembered-set count="193045" />
  </mem-info>
</gc-start>
<allocation-stats totalBytes="699488080" >
  <allocated-bytes non-tlh="33460880" tlh="666027200" />
  <largest-consumer threadName="Group1.Backend.CompositeBackend{Tier1}.2" threadId="0000000000780600" bytes="134167296" />
</allocation-stats>
<gc-op id="5470" type="scavenge" timems="120.586" contextid="5467" timestamp="2020-09-12T19:31:17.160">
  <scavenger-info tenureage="3" tenuremask="7ff8" tiltratio="86" />
  <memory-copied type="nursery" objects="4096965" bytes="110110520" bytesdiscarded="270120" />
  <memory-copied type="tenure" objects="1086197" bytes="29198416" bytesdiscarded="116056" />
  <ownableSynchronizers candidates="4585" cleared="4309" />
  <references type="soft" candidates="182" cleared="0" enqueued="0" dynamicThreshold="17" maxThreshold="32" />
  <references type="weak" candidates="137" cleared="137" enqueued="0" />
</gc-op>
<gc-end id="5471" type="scavenge" contextid="5467" durationms="121.914" usertimems="919.912" systemtimems="4.610" timestamp="2020-09-12T19:31:17.161" activeThreads="8">
  <mem-info id="5472" free="964416912" total="2853371904" percent="33">
    <mem type="nursery" free="699424768" total="939524096" percent="74">
      <mem type="allocate" free="699424768" total="809893888" percent="86" />
      <mem type="survivor" free="0" total="129630208" percent="0" />
    </mem>
    <mem type="tenure" free="264992144" total="1913847808" percent="13" macro-fragmented="0">
      <mem type="soa" free="152342200" total="1799016448" percent="8" />
      <mem type="loa" free="112649944" total="114831360" percent="98" />
    </mem>
    <remembered-set count="29608" />
  </mem-info>
</gc-end>
<cycle-end id="5473" type="scavenge" contextid="5467" timestamp="2020-09-12T19:31:17.162" />
<allocation-satisfied id="5474" threadId="0000000000842200" bytesRequested="48" />
<af-end id="5475" timestamp="2020-09-12T19:31:17.162" threadId="0000000000842B80" success="true" from="nursery"/>
<exclusive-end id="5476" timestamp="2020-09-12T19:31:17.162" durationms="124.522" />

<exclusive-start id="5477" timestamp="2020-09-12T19:31:19.200" intervalms="2162.724">
  <response-info timems="12.845" idlems="12.845" threads="0" lastid="0000000000780600" lastname="Group1.Backend.CompositeBackend{Tier1}.2" />
</exclusive-start>
<af-start id="5478" threadId="0000000000780F80" totalBytesRequested="40" timestamp="2020-09-12T19:31:19.201" intervalms="2162.829" type="nursery" />
<cycle-start id="5479" type="scavenge" contextid="0" timestamp="2020-09-12T19:31:19.201" intervalms="2162.763" />
<gc-start id="5480" type="scavenge" contextid="5479" timestamp="2020-09-12T19:31:19.202">
  <mem-info id="5481" free="264992144" total="2853371904" percent="9">
    <mem type="nursery" free="0" total="939524096" percent="0">
      <mem type="allocate" free="0" total="809893888" percent="0" />
      <mem type="survivor" free="0" total="129630208" percent="0" />
    </mem>
    <mem type="tenure" free="264992144" total="1913847808" percent="13">
      <mem type="soa" free="152342200" total="1799016448" percent="8" />
      <mem type="loa" free="112649944" total="114831360" percent="98" />
    </mem>
    <remembered-set count="195365" />
  </mem-info>
</gc-start>
<allocation-stats totalBytes="699106640" >
  <allocated-bytes non-tlh="33017688" tlh="666088952" />
  <largest-consumer threadName="Group1.Backend.CompositeBackend{Tier1}.6" threadId="0000000000842200" bytes="110657648" />
</allocation-stats>
<gc-op id="5482" type="scavenge" timems="120.623" contextid="5479" timestamp="2020-09-12T19:31:19.322">
  <scavenger-info tenureage="3" tenuremask="7ff8" tiltratio="86" />
  <memory-copied type="nursery" objects="4145008" bytes="111353672" bytesdiscarded="149288" />
  <memory-copied type="tenure" objects="1087612" bytes="29250632" bytesdiscarded="123360" />
  <ownableSynchronizers candidates="3622" cleared="3354" />
  <references type="soft" candidates="186" cleared="0" enqueued="0" dynamicThreshold="17" maxThreshold="32" />
  <references type="weak" candidates="119" cleared="118" enqueued="0" />
</gc-op>
<gc-end id="5483" type="scavenge" contextid="5479" durationms="122.504" usertimems="861.240" systemtimems="7.476" timestamp="2020-09-12T19:31:19.324" activeThreads="8">
  <mem-info id="5484" free="934668880" total="2853371904" percent="32">
    <mem type="nursery" free="699022768" total="939524096" percent="74">
      <mem type="allocate" free="699022768" total="810614784" percent="86" />
      <mem type="survivor" free="0" total="128909312" percent="0" />
    </mem>
    <mem type="tenure" free="235646112" total="1913847808" percent="12" macro-fragmented="0">
      <mem type="soa" free="122996168" total="1799016448" percent="6" />
      <mem type="loa" free="112649944" total="114831360" percent="98" />
    </mem>
    <remembered-set count="31051" />
  </mem-info>
</gc-end>
<cycle-end id="5485" type="scavenge" contextid="5479" timestamp="2020-09-12T19:31:19.325" />
<allocation-satisfied id="5486" threadId="0000000000780600" bytesRequested="40" />
<af-end id="5487" timestamp="2020-09-12T19:31:19.325" threadId="0000000000780F80" success="true" from="nursery"/>
<exclusive-end id="5488" timestamp="2020-09-12T19:31:19.325" durationms="125.100" />

<exclusive-start id="5489" timestamp="2020-09-12T19:31:21.336" intervalms="2135.689">
  <response-info timems="1.028" idlems="1.028" threads="0" lastid="0000000000843900" lastname="Group1.Backend.CompositeBackend{Tier1}.8" />
</exclusive-start>
<af-start id="5490" threadId="0000000000844280" totalBytesRequested="96" timestamp="2020-09-12T19:31:21.337" intervalms="2135.625" type="nursery" />
<cycle-start id="5491" type="scavenge" contextid="0" timestamp="2020-09-12T19:31:21.337" intervalms="2135.670" />
<gc-start id="5492" type="scavenge" contextid="5491" timestamp="2020-09-12T19:31:21.337">
  <mem-info id="5493" free="235646112" total="2853371904" percent="8">
    <mem type="nursery" free="0" total="939524096" percent="0">
      <mem type="allocate" free="0" total="810614784" percent="0" />
      <mem type="survivor" free="0" total="128909312" percent="0" />
    </mem>
    <mem type="tenure" free="235646112" total="1913847808" percent="12">
      <mem type="soa" free="122996168" total="1799016448" percent="6" />
      <mem type="loa" free="112649944" total="114831360" percent="98" />
    </mem>
    <remembered-set count="196008" />
  </mem-info>
</gc-start>
<allocation-stats totalBytes="698673632" >
  <allocated-bytes non-tlh="33641552" tlh="665032080" />
  <largest-consumer threadName="Group1.Backend.CompositeBackend{Tier1}.6" threadId="0000000000842200" bytes="119535216" />
</allocation-stats>
<gc-op id="5494" type="scavenge" timems="109.875" contextid="5491" timestamp="2020-09-12T19:31:21.447">
  <scavenger-info tenureage="3" tenuremask="7ff8" tiltratio="86" />
  <memory-copied type="nursery" objects="4142431" bytes="111162264" bytesdiscarded="482392" />
  <memory-copied type="tenure" objects="1117730" bytes="30065856" bytesdiscarded="125656" />
  <ownableSynchronizers candidates="3758" cleared="3489" />
  <references type="soft" candidates="197" cleared="0" enqueued="0" dynamicThreshold="17" maxThreshold="32" />
  <references type="weak" candidates="114" cleared="113" enqueued="0" />
</gc-op>
<gc-end id="5495" type="scavenge" contextid="5491" durationms="110.881" usertimems="853.599" systemtimems="2.224" timestamp="2020-09-12T19:31:21.448" activeThreads="8">
  <mem-info id="5496" free="905221032" total="2853371904" percent="31">
    <mem type="nursery" free="699741888" total="939524096" percent="74">
      <mem type="allocate" free="699741888" total="811466752" percent="86" />
      <mem type="survivor" free="0" total="128057344" percent="0" />
    </mem>
    <mem type="tenure" free="205479144" total="1913847808" percent="10" macro-fragmented="0">
      <mem type="soa" free="92829200" total="1799016448" percent="5" />
      <mem type="loa" free="112649944" total="114831360" percent="98" />
    </mem>
    <remembered-set count="33188" />
  </mem-info>
</gc-end>
<cycle-end id="5497" type="scavenge" contextid="5491" timestamp="2020-09-12T19:31:21.449" />
<allocation-satisfied id="5498" threadId="0000000000843900" bytesRequested="96" />
<af-end id="5499" timestamp="2020-09-12T19:31:21.449" threadId="0000000000844280" success="true" from="nursery"/>
<exclusive-end id="5500" timestamp="2020-09-12T19:31:21.449" durationms="113.188" />

<exclusive-start id="5501" timestamp="2020-09-12T19:31:23.425" intervalms="2089.313">
  <response-info timems="1.276" idlems="0.960" threads="1" lastid="0000000000845300" lastname="Group1.Backend.CompositeBackend{Tier1}.3" />
</exclusive-start>
<af-start id="5502" threadId="0000000000844280" totalBytesRequested="40" timestamp="2020-09-12T19:31:23.426" intervalms="2089.269" type="nursery" />
<cycle-start id="5503" type="scavenge" contextid="0" timestamp="2020-09-12T19:31:23.426" intervalms="2089.231" />
<gc-start id="5504" type="scavenge" contextid="5503" timestamp="2020-09-12T19:31:23.427">
  <mem-info id="5505" free="205479144" total="2853371904" percent="7">
    <mem type="nursery" free="0" total="939524096" percent="0">
      <mem type="allocate" free="0" total="811466752" percent="0" />
      <mem type="survivor" free="0" total="128057344" percent="0" />
    </mem>
    <mem type="tenure" free="205479144" total="1913847808" percent="10">
      <mem type="soa" free="92829200" total="1799016448" percent="5" />
      <mem type="loa" free="112649944" total="114831360" percent="98" />
    </mem>
    <remembered-set count="196150" />
  </mem-info>
</gc-start>
<allocation-stats totalBytes="699414296" >
  <allocated-bytes non-tlh="35453536" tlh="663960760" />
  <largest-consumer threadName="Group1.Backend.CompositeBackend{Tier1}.5" threadId="0000000000841700" bytes="131853360" />
</allocation-stats>
<gc-op id="5506" type="scavenge" timems="98.483" contextid="5503" timestamp="2020-09-12T19:31:23.525">
  <scavenger-info tenureage="3" tenuremask="7ff8" tiltratio="86" />
  <memory-copied type="nursery" objects="4158119" bytes="111466016" bytesdiscarded="154696" />
  <memory-copied type="tenure" objects="1085234" bytes="29289184" bytesdiscarded="149240" />
  <ownableSynchronizers candidates="4290" cleared="4023" />
  <references type="soft" candidates="198" cleared="0" enqueued="0" dynamicThreshold="17" maxThreshold="32" />
  <references type="weak" candidates="112" cleared="112" enqueued="0" />
</gc-op>
<gc-end id="5507" type="scavenge" contextid="5503" durationms="99.354" usertimems="765.240" systemtimems="0.000" timestamp="2020-09-12T19:31:23.526" activeThreads="8">
  <mem-info id="5508" free="876345224" total="2853371904" percent="30">
    <mem type="nursery" free="700289280" total="939524096" percent="74">
      <mem type="allocate" free="700289280" total="811991040" percent="86" />
      <mem type="survivor" free="0" total="127533056" percent="0" />
    </mem>
    <mem type="tenure" free="176055944" total="1913847808" percent="9" macro-fragmented="0">
      <mem type="soa" free="63406000" total="1799016448" percent="3" />
      <mem type="loa" free="112649944" total="114831360" percent="98" />
    </mem>
    <remembered-set count="31786" />
  </mem-info>
</gc-end>
<cycle-end id="5509" type="scavenge" contextid="5503" timestamp="2020-09-12T19:31:23.527" />
<allocation-satisfied id="5510" threadId="0000000000843900" bytesRequested="40" />
<af-end id="5511" timestamp="2020-09-12T19:31:23.527" threadId="0000000000844280" success="true" from="nursery"/>
<exclusive-end id="5512" timestamp="2020-09-12T19:31:23.527" durationms="101.485" />

<exclusive-start id="5513" timestamp="2020-09-12T19:31:25.595" intervalms="2169.973">
  <response-info timems="0.472" idlems="0.472" threads="0" lastid="0000000000843900" lastname="Group1.Backend.CompositeBackend{Tier1}.8" />
</exclusive-start>
<af-start id="5514" threadId="0000000000844280" totalBytesRequested="131080" timestamp="2020-09-12T19:31:25.596" intervalms="2169.832" type="nursery" />
<cycle-start id="5515" type="scavenge" contextid="0" timestamp="2020-09-12T19:31:25.596" intervalms="2169.805" />
<gc-start id="5516" type="scavenge" contextid="5515" timestamp="2020-09-12T19:31:25.596">
  <mem-info id="5517" free="176174968" total="2853371904" percent="6">
    <mem type="nursery" free="119024" total="939524096" percent="0">
      <mem type="allocate" free="119024" total="811991040" percent="0" />
      <mem type="survivor" free="0" total="127533056" percent="0" />
    </mem>
    <mem type="tenure" free="176055944" total="1913847808" percent="9">
      <mem type="soa" free="63406000" total="1799016448" percent="3" />
      <mem type="loa" free="112649944" total="114831360" percent="98" />
    </mem>
    <remembered-set count="196988" />
  </mem-info>
</gc-start>
<allocation-stats totalBytes="699819680" >
  <allocated-bytes non-tlh="28996200" tlh="670823480" />
  <largest-consumer threadName="Group1.Backend.CompositeBackend{Tier1}.1" threadId="000000000077E000" bytes="101422208" />
</allocation-stats>
<gc-op id="5518" type="scavenge" timems="162.133" contextid="5515" timestamp="2020-09-12T19:31:25.759">
  <scavenger-info tenureage="3" tenuremask="7ff8" tiltratio="86" />
  <memory-copied type="nursery" objects="4322602" bytes="115477568" bytesdiscarded="140064" />
  <memory-copied type="tenure" objects="1122077" bytes="30138024" bytesdiscarded="110640" />
  <ownableSynchronizers candidates="4150" cleared="3890" />
  <references type="soft" candidates="183" cleared="0" enqueued="0" dynamicThreshold="17" maxThreshold="32" />
  <references type="weak" candidates="117" cleared="117" enqueued="0" />
</gc-op>
<gc-end id="5519" type="scavenge" contextid="5515" durationms="163.066" usertimems="1105.416" systemtimems="41.735" timestamp="2020-09-12T19:31:25.759" activeThreads="8">
  <mem-info id="5520" free="836854792" total="2853371904" percent="29">
    <mem type="nursery" free="691239672" total="939524096" percent="73">
      <mem type="allocate" free="691239672" total="806944768" percent="85" />
      <mem type="survivor" free="0" total="132579328" percent="0" />
    </mem>
    <mem type="tenure" free="145615120" total="1913847808" percent="7" macro-fragmented="0">
      <mem type="soa" free="32965176" total="1799016448" percent="1" />
      <mem type="loa" free="112649944" total="114831360" percent="98" />
    </mem>
    <remembered-set count="30316" />
  </mem-info>
</gc-end>
<cycle-end id="5521" type="scavenge" contextid="5515" timestamp="2020-09-12T19:31:25.760" />
<allocation-satisfied id="5522" threadId="0000000000843900" bytesRequested="131080" />
<af-end id="5523" timestamp="2020-09-12T19:31:25.760" threadId="0000000000844280" success="true" from="nursery"/>
<exclusive-end id="5524" timestamp="2020-09-12T19:31:25.760" durationms="165.262" />

<exclusive-start id="5525" timestamp="2020-09-12T19:31:27.632" intervalms="2036.331">
  <response-info timems="0.682" idlems="0.682" threads="0" lastid="0000000000842E00" lastname="Group1.Backend.CompositeBackend{Tier1}.7" />
</exclusive-start>
<af-start id="5526" threadId="0000000000843780" totalBytesRequested="24" timestamp="2020-09-12T19:31:27.632" intervalms="2036.262" type="nursery" />
<cycle-start id="5527" type="scavenge" contextid="0" timestamp="2020-09-12T19:31:27.632" intervalms="2036.259" />
<gc-start id="5528" type="scavenge" contextid="5527" timestamp="2020-09-12T19:31:27.633">
  <mem-info id="5529" free="145615120" total="2853371904" percent="5">
    <mem type="nursery" free="0" total="939524096" percent="0">
      <mem type="allocate" free="0" total="806944768" percent="0" />
      <mem type="survivor" free="0" total="132579328" percent="0" />
    </mem>
    <mem type="tenure" free="145615120" total="1913847808" percent="7">
      <mem type="soa" free="32965176" total="1799016448" percent="1" />
      <mem type="loa" free="112649944" total="114831360" percent="98" />
    </mem>
    <remembered-set count="189942" />
  </mem-info>
</gc-start>
<allocation-stats totalBytes="690913880" >
  <allocated-bytes non-tlh="37607992" tlh="653305888" />
  <largest-consumer threadName="Group1.Backend.CompositeBackend{Tier1}.4" threadId="0000000000846A00" bytes="105347088" />
</allocation-stats>
<gc-op id="5530" type="scavenge" timems="104.116" contextid="5527" timestamp="2020-09-12T19:31:27.737">
  <scavenger-info tenureage="3" tenuremask="7ff8" tiltratio="85" />
  <memory-copied type="nursery" objects="4493136" bytes="118741624" bytesdiscarded="190920" />
  <memory-copied type="tenure" objects="1111997" bytes="29870952" bytesdiscarded="47568" />
  <ownableSynchronizers candidates="3889" cleared="3623" />
  <references type="soft" candidates="173" cleared="0" enqueued="0" dynamicThreshold="17" maxThreshold="32" />
  <references type="weak" candidates="128" cleared="128" enqueued="0" />
</gc-op>
<gc-end id="5531" type="scavenge" contextid="5527" durationms="105.013" usertimems="785.460" systemtimems="0.000" timestamp="2020-09-12T19:31:27.738" activeThreads="8">
  <mem-info id="5532" free="800198896" total="2853371904" percent="28">
    <mem type="nursery" free="684650656" total="939524096" percent="72">
      <mem type="allocate" free="684650656" total="803667968" percent="85" />
      <mem type="survivor" free="0" total="135856128" percent="0" />
    </mem>
    <mem type="tenure" free="115548240" total="1913847808" percent="6" macro-fragmented="0">
      <mem type="soa" free="2898296" total="1799016448" percent="0" />
      <mem type="loa" free="112649944" total="114831360" percent="98" />
    </mem>
    <remembered-set count="28393" />
  </mem-info>
</gc-end>
<cycle-end id="5533" type="scavenge" contextid="5527" timestamp="2020-09-12T19:31:27.738" />
<allocation-satisfied id="5534" threadId="0000000000842E00" bytesRequested="24" />
<af-end id="5535" timestamp="2020-09-12T19:31:27.738" threadId="0000000000843780" success="true" from="nursery"/>
<exclusive-end id="5536" timestamp="2020-09-12T19:31:27.738" durationms="106.853" />

<exclusive-start id="5537" timestamp="2020-09-12T19:31:29.714" intervalms="2082.174">
  <response-info timems="0.289" idlems="0.288" threads="1" lastid="0000000000843900" lastname="Group1.Backend.CompositeBackend{Tier1}.8" />
</exclusive-start>
<af-start id="5538" threadId="0000000000842080" totalBytesRequested="304" timestamp="2020-09-12T19:31:29.714" intervalms="2082.239" type="nursery" />
<percolate-collect id="5539" from="nursery" to="global" reason="prevent tenure expand" timestamp="2020-09-12T19:31:29.715"/>
<cycle-start id="5540" type="global" contextid="0" timestamp="2020-09-12T19:31:29.715" intervalms="68269.963" />
<gc-start id="5541" type="global" contextid="5540" timestamp="2020-09-12T19:31:29.715">
  <mem-info id="5542" free="115548240" total="2853371904" percent="4">
    <mem type="nursery" free="0" total="939524096" percent="0">
      <mem type="allocate" free="0" total="803667968" percent="0" />
      <mem type="survivor" free="0" total="135856128" percent="0" />
    </mem>
    <mem type="tenure" free="115548240" total="1913847808" percent="6">
      <mem type="soa" free="2898296" total="1799016448" percent="0" />
      <mem type="loa" free="112649944" total="114831360" percent="98" />
    </mem>
    <remembered-set count="192113" />
  </mem-info>
</gc-start>
<allocation-stats totalBytes="684322512" >
  <allocated-bytes non-tlh="31382696" tlh="652939816" />
  <largest-consumer threadName="Group1.Backend.CompositeBackend{Tier1}.5" threadId="0000000000841700" bytes="98924128" />
</allocation-stats>
<gc-op id="5543" type="mark" timems="532.777" contextid="5540" timestamp="2020-09-12T19:31:30.248">
  <trace-info objectcount="31010930" scancount="30030506" scanbytes="821168980" />
  <finalization candidates="150" enqueued="0" />
  <ownableSynchronizers candidates="593430" cleared="5279" />
  <references type="soft" candidates="720164" cleared="588" enqueued="544" dynamicThreshold="17" maxThreshold="32" />
  <references type="weak" candidates="4407" cleared="118" enqueued="0" />
  <references type="phantom" candidates="106" cleared="0" enqueued="0" />
  <stringconstants candidates="10914" cleared="1"  />
</gc-op>
<gc-op id="5544" type="sweep" timems="12.247" contextid="5540" timestamp="2020-09-12T19:31:30.260" />
<gc-end id="5545" type="global" contextid="5540" durationms="545.958" usertimems="4243.082" systemtimems="0.000" timestamp="2020-09-12T19:31:30.261" activeThreads="8">
  <mem-info id="5546" free="1671755912" total="2853371904" percent="58">
    <mem type="nursery" free="608592432" total="939524096" percent="64">
      <mem type="allocate" free="608592432" total="803667968" percent="75" />
      <mem type="survivor" free="0" total="135856128" percent="0" />
    </mem>
    <mem type="tenure" free="1063163480" total="1913847808" percent="55" micro-fragmented="90564074" macro-fragmented="0">
      <mem type="soa" free="950495072" total="1799016448" percent="52" />
      <mem type="loa" free="112668408" total="114831360" percent="98" />
    </mem>
    <pending-finalizers system="0" default="0" reference="544" classloader="0" />
    <remembered-set count="186596" />
  </mem-info>
</gc-end>
<cycle-end id="5547" type="global" contextid="5540" timestamp="2020-09-12T19:31:30.261" />
<allocation-satisfied id="5548" threadId="0000000000841700" bytesRequested="304" />
<af-end id="5549" timestamp="2020-09-12T19:31:30.261" threadId="0000000000842080" success="true" from="nursery"/>
<exclusive-end id="5550" timestamp="2020-09-12T19:31:30.262" durationms="547.813" />

<exclusive-start id="5551" timestamp="2020-09-12T19:31:31.576" intervalms="1862.403">
  <response-info timems="0.619" idlems="0.619" threads="0" lastid="0000000000846A00" lastname="Group1.Backend.CompositeBackend{Tier1}.4" />
</exclusive-start>
<af-start id="5552" threadId="0000000000847380" totalBytesRequested="524296" timestamp="2020-09-12T19:31:31.577" intervalms="1862.338" type="nursery" />
<cycle-start id="5553" type="scavenge" contextid="0" timestamp="2020-09-12T19:31:31.577" intervalms="3944.568" />
<gc-start id="5554" type="scavenge" contextid="5553" timestamp="2020-09-12T19:31:31.577">
  <mem-info id="5555" free="1081044952" total="2853371904" percent="37">
    <mem type="nursery" free="17881520" total="939524096" percent="1">
      <mem type="allocate" free="17881520" total="803667968" percent="2" />
      <mem type="survivor" free="0" total="135856128" percent="0" />
    </mem>
    <mem type="tenure" free="1063163432" total="1913847808" percent="55">
      <mem type="soa" free="950495024" total="1799016448" percent="52" />
      <mem type="loa" free="112668408" total="114831360" percent="98" />
    </mem>
    <remembered-set count="241680" />
  </mem-info>
</gc-start>
<allocation-stats totalBytes="588436872" >
  <allocated-bytes non-tlh="28084320" tlh="560352552" />
  <largest-consumer threadName="Group1.Backend.CompositeBackend{Tier1}.4" threadId="0000000000846A00" bytes="79437752" />
</allocation-stats>
<gc-op id="5556" type="scavenge" timems="134.053" contextid="5553" timestamp="2020-09-12T19:31:31.711">
  <scavenger-info tenureage="3" tenuremask="7ff8" tiltratio="85" />
  <memory-copied type="nursery" objects="5113219" bytes="135672368" bytesdiscarded="45712" />
  <memory-copied type="tenure" objects="1343872" bytes="35730440" bytesdiscarded="99584" />
  <copy-failed type="nursery" objects="334840" bytes="8635688" />
  <ownableSynchronizers candidates="1179048" cleared="1178728" />
  <references type="soft" candidates="63" cleared="0" enqueued="0" dynamicThreshold="17" maxThreshold="32" />
  <references type="weak" candidates="98" cleared="97" enqueued="0" />
</gc-op>
<gc-end id="5557" type="scavenge" contextid="5553" durationms="134.918" usertimems="1032.884" systemtimems="0.424" timestamp="2020-09-12T19:31:31.712" activeThreads="8">
  <mem-info id="5558" free="1640663072" total="2853371904" percent="57">
    <mem type="nursery" free="613351424" total="939524096" percent="65">
      <mem type="allocate" free="613351424" total="749207552" percent="81" />
      <mem type="survivor" free="0" total="190316544" percent="0" />
    </mem>
    <mem type="tenure" free="1027311648" total="1913847808" percent="53" macro-fragmented="0">
      <mem type="soa" free="914643240" total="1799016448" percent="50" />
      <mem type="loa" free="112668408" total="114831360" percent="98" />
    </mem>
    <remembered-set count="38814" />
  </mem-info>
</gc-end>
<cycle-end id="5559" type="scavenge" contextid="5553" timestamp="2020-09-12T19:31:31.713" />
<allocation-satisfied id="5560" threadId="0000000000846A00" bytesRequested="524296" />
<af-end id="5561" timestamp="2020-09-12T19:31:31.713" threadId="0000000000847380" success="true" from="nursery"/>
<exclusive-end id="5562" timestamp="2020-09-12T19:31:31.713" durationms="136.802" />

<exclusive-start id="5563" timestamp="2020-09-12T19:31:33.428" intervalms="1851.989">
  <response-info timems="7.991" idlems="7.991" threads="0" lastid="0000000000780600" lastname="Group1.Backend.CompositeBackend{Tier1}.2" />
</exclusive-start>
<af-start id="5564" threadId="0000000000780F80" totalBytesRequested="24" timestamp="2020-09-12T19:31:33.429" intervalms="1852.129" type="nursery" />
<cycle-start id="5565" type="scavenge" contextid="0" timestamp="2020-09-12T19:31:33.429" intervalms="1852.179" />
<gc-start id="5566" type="scavenge" contextid="5565" timestamp="2020-09-12T19:31:33.429">
  <mem-info id="5567" free="1027311648" total="2853371904" percent="36">
    <mem type="nursery" free="0" total="939524096" percent="0">
      <mem type="allocate" free="0" total="749207552" percent="0" />
      <mem type="survivor" free="0" total="190316544" percent="0" />
    </mem>
    <mem type="tenure" free="1027311648" total="1913847808" percent="53">
      <mem type="soa" free="914643240" total="1799016448" percent="50" />
      <mem type="loa" free="112668408" total="114831360" percent="98" />
    </mem>
    <remembered-set count="192669" />
  </mem-info>
</gc-start>
<allocation-stats totalBytes="613041272" >
  <allocated-bytes non-tlh="28413064" tlh="584628208" />
  <largest-consumer threadName="Group1.Backend.CompositeBackend{Tier1}.8" threadId="0000000000843900" bytes="82554592" />
</allocation-stats>
<gc-op id="5568" type="scavenge" timems="132.173" contextid="5565" timestamp="2020-09-12T19:31:33.562">
  <scavenger-info tenureage="3" tenuremask="7ff8" tiltratio="79" />
  <memory-copied type="nursery" objects="4713102" bytes="126687256" bytesdiscarded="190664" />
  <memory-copied type="tenure" objects="971392" bytes="26216912" bytesdiscarded="86576" />
  <ownableSynchronizers candidates="3461" cleared="3285" />
  <references type="soft" candidates="101" cleared="0" enqueued="0" dynamicThreshold="17" maxThreshold="32" />
  <references type="weak" candidates="113" cleared="113" enqueued="0" />
</gc-op>
<gc-end id="5569" type="scavenge" contextid="5565" durationms="133.200" usertimems="847.335" systemtimems="0.711" timestamp="2020-09-12T19:31:33.562" activeThreads="8">
  <mem-info id="5570" free="1628756696" total="2853371904" percent="57">
    <mem type="nursery" free="628023552" total="939524096" percent="66">
      <mem type="allocate" free="628023552" total="754974720" percent="83" />
      <mem type="survivor" free="0" total="184549376" percent="0" />
    </mem>
    <mem type="tenure" free="1000733144" total="1913847808" percent="52" macro-fragmented="0">
      <mem type="soa" free="888064736" total="1799016448" percent="49" />
      <mem type="loa" free="112668408" total="114831360" percent="98" />
    </mem>
    <remembered-set count="38860" />
  </mem-info>
</gc-end>
<cycle-end id="5571" type="scavenge" contextid="5565" timestamp="2020-09-12T19:31:33.563" />
<allocation-satisfied id="5572" threadId="0000000000780600" bytesRequested="24" />
<af-end id="5573" timestamp="2020-09-12T19:31:33.563" threadId="0000000000780F80" success="true" from="nursery"/>
<exclusive-end id="5574" timestamp="2020-09-12T19:31:33.563" durationms="135.345" />

<exclusive-start id="5575" timestamp="2020-09-12T19:31:35.310" intervalms="1882.277">
  <response-info timems="0.263" idlems="0.263" threads="0" lastid="0000000000842E00" lastname="Group1.Backend.CompositeBackend{Tier1}.7" />
</exclusive-start>
<af-start id="5576" threadId="0000000000843780" totalBytesRequested="16" timestamp="2020-09-12T19:31:35.311" intervalms="1882.216" type="nursery" />
<cycle-start id="5577" type="scavenge" contextid="0" timestamp="2020-09-12T19:31:35.311" intervalms="1882.156" />
<gc-start id="5578" type="scavenge" contextid="5577" timestamp="2020-09-12T19:31:35.312">
  <mem-info id="5579" free="1000733144" total="2853371904" percent="35">
    <mem type="nursery" free="0" total="939524096" percent="0">
      <mem type="allocate" free="0" total="754974720" percent="0" />
      <mem type="survivor" free="0" total="184549376" percent="0" />
    </mem>
    <mem type="tenure" free="1000733144" total="1913847808" percent="52">
      <mem type="soa" free="888064736" total="1799016448" percent="49" />
      <mem type="loa" free="112668408" total="114831360" percent="98" />
    </mem>
    <remembered-set count="196421" />
  </mem-info>
</gc-start>
<allocation-stats totalBytes="627719160" >
  <allocated-bytes non-tlh="28126112" tlh="599593048" />
  <largest-consumer threadName="Group1.Backend.CompositeBackend{Tier1}.4" threadId="0000000000846A00" bytes="86318992" />
</allocation-stats>
<gc-op id="5580" type="scavenge" timems="105.125" contextid="5577" timestamp="2020-09-12T19:31:35.417">
  <scavenger-info tenureage="3" tenuremask="7ff8" tiltratio="80" />
  <memory-copied type="nursery" objects="4789493" bytes="128667056" bytesdiscarded="209912" />
  <memory-copied type="tenure" objects="898569" bytes="24231048" bytesdiscarded="99792" />
  <ownableSynchronizers candidates="3272" cleared="3082" />
  <references type="soft" candidates="142" cleared="0" enqueued="0" dynamicThreshold="17" maxThreshold="32" />
  <references type="weak" candidates="113" cleared="113" enqueued="0" />
</gc-op>
<gc-end id="5581" type="scavenge" contextid="5577" durationms="105.939" usertimems="762.176" systemtimems="0.000" timestamp="2020-09-12T19:31:35.417" activeThreads="8">
  <mem-info id="5582" free="1610235296" total="2853371904" percent="56">
    <mem type="nursery" free="633616640" total="939524096" percent="67">
      <mem type="allocate" free="633616640" total="762576896" percent="83" />
      <mem type="survivor" free="0" total="176947200" percent="0" />
    </mem>
    <mem type="tenure" free="976618656" total="1913847808" percent="51" macro-fragmented="0">
      <mem type="soa" free="863950248" total="1799016448" percent="48" />
      <mem type="loa" free="112668408" total="114831360" percent="98" />
    </mem>
    <remembered-set count="38018" />
  </mem-info>
</gc-end>
<cycle-end id="5583" type="scavenge" contextid="5577" timestamp="2020-09-12T19:31:35.418" />
<allocation-satisfied id="5584" threadId="0000000000842E00" bytesRequested="16" />
<af-end id="5585" timestamp="2020-09-12T19:31:35.418" threadId="0000000000843780" success="true" from="nursery"/>
<exclusive-end id="5586" timestamp="2020-09-12T19:31:35.418" durationms="107.811" />

<exclusive-start id="5587" timestamp="2020-09-12T19:31:37.278" intervalms="1968.035">
  <response-info timems="0.573" idlems="0.238" threads="2" lastid="0000000000845300" lastname="Group1.Backend.CompositeBackend{Tier1}.3" />
</exclusive-start>
<af-start id="5588" threadId="0000000000843780" totalBytesRequested="24" timestamp="2020-09-12T19:31:37.279" intervalms="1968.012" type="nursery" />
<cycle-start id="5589" type="scavenge" contextid="0" timestamp="2020-09-12T19:31:37.279" intervalms="1968.011" />
<gc-start id="5590" type="scavenge" contextid="5589" timestamp="2020-09-12T19:31:37.280">
  <mem-info id="5591" free="976618656" total="2853371904" percent="34">
    <mem type="nursery" free="0" total="939524096" percent="0">
      <mem type="allocate" free="0" total="762576896" percent="0" />
      <mem type="survivor" free="0" total="176947200" percent="0" />
    </mem>
    <mem type="tenure" free="976618656" total="1913847808" percent="51">
      <mem type="soa" free="863950248" total="1799016448" percent="48" />
      <mem type="loa" free="112668408" total="114831360" percent="98" />
    </mem>
    <remembered-set count="192355" />
  </mem-info>
</gc-start>
<allocation-stats totalBytes="633292216" >
  <allocated-bytes non-tlh="34366896" tlh="598925320" />
  <largest-consumer threadName="Group1.Backend.CompositeBackend{Tier1}.1" threadId="000000000077E000" bytes="101635664" />
</allocation-stats>
<gc-op id="5592" type="scavenge" timems="142.574" contextid="5589" timestamp="2020-09-12T19:31:37.422">
  <scavenger-info tenureage="3" tenuremask="7ff8" tiltratio="81" />
  <memory-copied type="nursery" objects="3974032" bytes="105809976" bytesdiscarded="375352" />
  <memory-copied type="tenure" objects="1925162" bytes="51903504" bytesdiscarded="115344" />
  <ownableSynchronizers candidates="3313" cleared="3085" />
  <references type="soft" candidates="147" cleared="0" enqueued="0" dynamicThreshold="17" maxThreshold="32" />
  <references type="weak" candidates="104" cleared="103" enqueued="0" />
</gc-op>
<gc-end id="5593" type="scavenge" contextid="5589" durationms="144.262" usertimems="1068.327" systemtimems="15.699" timestamp="2020-09-12T19:31:37.424" activeThreads="8">
  <mem-info id="5594" free="1587357328" total="2853371904" percent="55">
    <mem type="nursery" free="662862960" total="939524096" percent="70">
      <mem type="allocate" free="662862960" total="769130496" percent="86" />
      <mem type="survivor" free="0" total="170393600" percent="0" />
    </mem>
    <mem type="tenure" free="924494368" total="1913847808" percent="48" macro-fragmented="0">
      <mem type="soa" free="811825960" total="1799016448" percent="45" />
      <mem type="loa" free="112668408" total="114831360" percent="98" />
    </mem>
    <remembered-set count="28738" />
  </mem-info>
</gc-end>
<cycle-end id="5595" type="scavenge" contextid="5589" timestamp="2020-09-12T19:31:37.425" />
<allocation-satisfied id="5596" threadId="0000000000842E00" bytesRequested="24" />
<af-end id="5597" timestamp="2020-09-12T19:31:37.425" threadId="0000000000843780" success="true" from="nursery"/>
<exclusive-end id="5598" timestamp="2020-09-12T19:31:37.425" durationms="146.567" />

<exclusive-start id="5599" timestamp="2020-09-12T19:31:39.305" intervalms="2026.713">
  <response-info timems="0.670" idlems="0.670" threads="0" lastid="0000000000843900" lastname="Group1.Backend.CompositeBackend{Tier1}.8" />
</exclusive-start>
<af-start id="5600" threadId="0000000000844280" totalBytesRequested="32" timestamp="2020-09-12T19:31:39.306" intervalms="2026.639" type="nursery" />
<cycle-start id="5601" type="scavenge" contextid="0" timestamp="2020-09-12T19:31:39.306" intervalms="2026.661" />
<gc-start id="5602" type="scavenge" contextid="5601" timestamp="2020-09-12T19:31:39.306">
  <mem-info id="5603" free="924494368" total="2853371904" percent="32">
    <mem type="nursery" free="0" total="939524096" percent="0">
      <mem type="allocate" free="0" total="769130496" percent="0" />
      <mem type="survivor" free="0" total="170393600" percent="0" />
    </mem>
    <mem type="tenure" free="924494368" total="1913847808" percent="48">
      <mem type="soa" free="811825960" total="1799016448" percent="45" />
      <mem type="loa" free="112668408" total="114831360" percent="98" />
    </mem>
    <remembered-set count="189922" />
  </mem-info>
</gc-start>
<allocation-stats totalBytes="662542336" >
  <allocated-bytes non-tlh="28672032" tlh="633870304" />
  <largest-consumer threadName="Group1.Backend.CompositeBackend{Tier1}.5" threadId="0000000000841700" bytes="115764200" />
</allocation-stats>
<gc-op id="5604" type="scavenge" timems="135.893" contextid="5601" timestamp="2020-09-12T19:31:39.442">
  <scavenger-info tenureage="3" tenuremask="7ff8" tiltratio="81" />
  <memory-copied type="nursery" objects="3847753" bytes="103206344" bytesdiscarded="336768" />
  <memory-copied type="tenure" objects="1004524" bytes="27021560" bytesdiscarded="92712" />
  <ownableSynchronizers candidates="3571" cleared="3353" />
  <references type="soft" candidates="148" cleared="0" enqueued="0" dynamicThreshold="17" maxThreshold="32" />
  <references type="weak" candidates="113" cleared="113" enqueued="0" />
</gc-op>
<gc-end id="5605" type="scavenge" contextid="5601" durationms="136.712" usertimems="935.611" systemtimems="13.610" timestamp="2020-09-12T19:31:39.443" activeThreads="8">
  <mem-info id="5606" free="1573231272" total="2853371904" percent="55">
    <mem type="nursery" free="675919104" total="939524096" percent="71">
      <mem type="allocate" free="675919104" total="779550720" percent="86" />
      <mem type="survivor" free="0" total="159973376" percent="0" />
    </mem>
    <mem type="tenure" free="897312168" total="1913847808" percent="46" macro-fragmented="0">
      <mem type="soa" free="784643760" total="1799016448" percent="43" />
      <mem type="loa" free="112668408" total="114831360" percent="98" />
    </mem>
    <remembered-set count="30564" />
  </mem-info>
</gc-end>
<cycle-end id="5607" type="scavenge" contextid="5601" timestamp="2020-09-12T19:31:39.444" />
<allocation-satisfied id="5608" threadId="0000000000843900" bytesRequested="32" />
<af-end id="5609" timestamp="2020-09-12T19:31:39.444" threadId="0000000000844280" success="true" from="nursery"/>
<exclusive-end id="5610" timestamp="2020-09-12T19:31:39.444" durationms="138.615" />

<exclusive-start id="5611" timestamp="2020-09-12T19:31:41.345" intervalms="2040.078">
  <response-info timems="4.180" idlems="4.180" threads="0" lastid="0000000000841700" lastname="Group1.Backend.CompositeBackend{Tier1}.5" />
</exclusive-start>
<af-start id="5612" threadId="0000000000842080" totalBytesRequested="10008" timestamp="2020-09-12T19:31:41.346" intervalms="2040.095" type="nursery" />
<cycle-start id="5613" type="scavenge" contextid="0" timestamp="2020-09-12T19:31:41.346" intervalms="2040.109" />
<gc-start id="5614" type="scavenge" contextid="5613" timestamp="2020-09-12T19:31:41.346">
  <mem-info id="5615" free="897312168" total="2853371904" percent="31">
    <mem type="nursery" free="0" total="939524096" percent="0">
      <mem type="allocate" free="0" total="779550720" percent="0" />
      <mem type="survivor" free="0" total="159973376" percent="0" />
    </mem>
    <mem type="tenure" free="897312168" total="1913847808" percent="46">
      <mem type="soa" free="784643760" total="1799016448" percent="43" />
      <mem type="loa" free="112668408" total="114831360" percent="98" />
    </mem>
    <remembered-set count="192713" />
  </mem-info>
</gc-start>
<allocation-stats totalBytes="675582528" >
  <allocated-bytes non-tlh="31101752" tlh="644480776" />
  <largest-consumer threadName="Group1.Backend.CompositeBackend{Tier1}.5" threadId="0000000000841700" bytes="158375184" />
</allocation-stats>
<gc-op id="5616" type="scavenge" timems="98.247" contextid="5613" timestamp="2020-09-12T19:31:41.445">
  <scavenger-info tenureage="3" tenuremask="7ff8" tiltratio="82" />
  <memory-copied type="nursery" objects="3908854" bytes="104807472" bytesdiscarded="358448" />
  <memory-copied type="tenure" objects="1050201" bytes="28228400" bytesdiscarded="92848" />
  <ownableSynchronizers candidates="3637" cleared="3419" />
  <references type="soft" candidates="156" cleared="0" enqueued="0" dynamicThreshold="17" maxThreshold="32" />
  <references type="weak" candidates="103" cleared="102" enqueued="0" />
</gc-op>
<gc-end id="5617" type="scavenge" contextid="5613" durationms="99.100" usertimems="751.489" systemtimems="0.000" timestamp="2020-09-12T19:31:41.445" activeThreads="8">
  <mem-info id="5618" free="1551376368" total="2853371904" percent="54">
    <mem type="nursery" free="682432768" total="939524096" percent="72">
      <mem type="allocate" free="682432768" total="787677184" percent="86" />
      <mem type="survivor" free="0" total="151846912" percent="0" />
    </mem>
    <mem type="tenure" free="868943600" total="1913847808" percent="45" macro-fragmented="0">
      <mem type="soa" free="756275192" total="1799016448" percent="42" />
      <mem type="loa" free="112668408" total="114831360" percent="98" />
    </mem>
    <remembered-set count="30590" />
  </mem-info>
</gc-end>
<cycle-end id="5619" type="scavenge" contextid="5613" timestamp="2020-09-12T19:31:41.446" />
<allocation-satisfied id="5620" threadId="0000000000841700" bytesRequested="10008" />
<af-end id="5621" timestamp="2020-09-12T19:31:41.446" threadId="0000000000842080" success="true" from="nursery"/>
<exclusive-end id="5622" timestamp="2020-09-12T19:31:41.446" durationms="100.990" />

<exclusive-start id="5623" timestamp="2020-09-12T19:31:43.505" intervalms="2160.251">
  <response-info timems="0.991" idlems="0.991" threads="0" lastid="0000000000845300" lastname="Group1.Backend.CompositeBackend{Tier1}.3" />
</exclusive-start>
<af-start id="5624" threadId="0000000000845C80" totalBytesRequested="524296" timestamp="2020-09-12T19:31:43.506" intervalms="2160.221" type="nursery" />
<cycle-start id="5625" type="scavenge" contextid="0" timestamp="2020-09-12T19:31:43.506" intervalms="2160.189" />
<gc-start id="5626" type="scavenge" contextid="5625" timestamp="2020-09-12T19:31:43.506">
  <mem-info id="5627" free="869346688" total="2853371904" percent="30">
    <mem type="nursery" free="403088" total="939524096" percent="0">
      <mem type="allocate" free="403088" total="787677184" percent="0" />
      <mem type="survivor" free="0" total="151846912" percent="0" />
    </mem>
    <mem type="tenure" free="868943600" total="1913847808" percent="45">
      <mem type="soa" free="756275192" total="1799016448" percent="42" />
      <mem type="loa" free="112668408" total="114831360" percent="98" />
    </mem>
    <remembered-set count="193897" />
  </mem-info>
</gc-start>
<allocation-stats totalBytes="681697864" >
  <allocated-bytes non-tlh="28580968" tlh="653116896" />
  <largest-consumer threadName="Group1.Backend.CompositeBackend{Tier1}.2" threadId="0000000000780600" bytes="97341592" />
</allocation-stats>
<gc-op id="5628" type="scavenge" timems="124.876" contextid="5625" timestamp="2020-09-12T19:31:43.631">
  <scavenger-info tenureage="3" tenuremask="7ff8" tiltratio="83" />
  <memory-copied type="nursery" objects="4621565" bytes="121861720" bytesdiscarded="652480" />
  <memory-copied type="tenure" objects="965512" bytes="25926112" bytesdiscarded="89064" />
  <ownableSynchronizers candidates="4603" cleared="4359" />
  <references type="soft" candidates="176" cleared="0" enqueued="0" dynamicThreshold="17" maxThreshold="32" />
  <references type="weak" candidates="113" cleared="112" enqueued="0" />
</gc-op>
<gc-end id="5629" type="scavenge" contextid="5625" durationms="125.679" usertimems="992.068" systemtimems="0.000" timestamp="2020-09-12T19:31:43.632" activeThreads="8">
  <mem-info id="5630" free="1504965520" total="2853371904" percent="52">
    <mem type="nursery" free="662065376" total="939524096" percent="70">
      <mem type="allocate" free="662065376" total="784662528" percent="84" />
      <mem type="survivor" free="0" total="154861568" percent="0" />
    </mem>
    <mem type="tenure" free="842900144" total="1913847808" percent="44" macro-fragmented="0">
      <mem type="soa" free="730231736" total="1799016448" percent="40" />
      <mem type="loa" free="112668408" total="114831360" percent="98" />
    </mem>
    <remembered-set count="29279" />
  </mem-info>
</gc-end>
<cycle-end id="5631" type="scavenge" contextid="5625" timestamp="2020-09-12T19:31:43.633" />
<allocation-satisfied id="5632" threadId="0000000000845300" bytesRequested="524296" />
<af-end id="5633" timestamp="2020-09-12T19:31:43.633" threadId="0000000000845C80" success="true" from="nursery"/>
<exclusive-end id="5634" timestamp="2020-09-12T19:31:43.633" durationms="127.545" />

<exclusive-start id="5635" timestamp="2020-09-12T19:31:45.460" intervalms="1954.767">
  <response-info timems="1.471" idlems="1.471" threads="0" lastid="0000000000780600" lastname="Group1.Backend.CompositeBackend{Tier1}.2" />
</exclusive-start>
<af-start id="5636" threadId="0000000000780F80" totalBytesRequested="16" timestamp="2020-09-12T19:31:45.462" intervalms="1955.570" type="nursery" />
<cycle-start id="5637" type="scavenge" contextid="0" timestamp="2020-09-12T19:31:45.462" intervalms="1955.651" />
<gc-start id="5638" type="scavenge" contextid="5637" timestamp="2020-09-12T19:31:45.462">
  <mem-info id="5639" free="842900144" total="2853371904" percent="29">
    <mem type="nursery" free="0" total="939524096" percent="0">
      <mem type="allocate" free="0" total="784662528" percent="0" />
      <mem type="survivor" free="0" total="154861568" percent="0" />
    </mem>
    <mem type="tenure" free="842900144" total="1913847808" percent="44">
      <mem type="soa" free="730231736" total="1799016448" percent="40" />
      <mem type="loa" free="112668408" total="114831360" percent="98" />
    </mem>
    <remembered-set count="186653" />
  </mem-info>
</gc-start>
<allocation-stats totalBytes="661762904" >
  <allocated-bytes non-tlh="34924536" tlh="626838368" />
  <largest-consumer threadName="Group1.Backend.CompositeBackend{Tier1}.2" threadId="0000000000780600" bytes="104421128" />
</allocation-stats>
<gc-op id="5640" type="scavenge" timems="108.660" contextid="5637" timestamp="2020-09-12T19:31:45.571">
  <scavenger-info tenureage="3" tenuremask="7ff8" tiltratio="83" />
  <memory-copied type="nursery" objects="4203609" bytes="112207336" bytesdiscarded="242968" />
  <memory-copied type="tenure" objects="1062601" bytes="28582216" bytesdiscarded="97808" />
  <ownableSynchronizers candidates="3923" cleared="3670" />
  <references type="soft" candidates="169" cleared="0" enqueued="0" dynamicThreshold="17" maxThreshold="32" />
  <references type="weak" candidates="122" cleared="122" enqueued="0" />
</gc-op>
<gc-end id="5641" type="scavenge" contextid="5637" durationms="109.824" usertimems="827.802" systemtimems="2.401" timestamp="2020-09-12T19:31:45.572" activeThreads="8">
  <mem-info id="5642" free="1490046928" total="2853371904" percent="52">
    <mem type="nursery" free="675805936" total="939524096" percent="71">
      <mem type="allocate" free="675805936" total="788332544" percent="85" />
      <mem type="survivor" free="0" total="151191552" percent="0" />
    </mem>
    <mem type="tenure" free="814240992" total="1913847808" percent="42" macro-fragmented="0">
      <mem type="soa" free="701572584" total="1799016448" percent="38" />
      <mem type="loa" free="112668408" total="114831360" percent="98" />
    </mem>
    <remembered-set count="29391" />
  </mem-info>
</gc-end>
<cycle-end id="5643" type="scavenge" contextid="5637" timestamp="2020-09-12T19:31:45.573" />
<allocation-satisfied id="5644" threadId="0000000000780600" bytesRequested="16" />
<af-end id="5645" timestamp="2020-09-12T19:31:45.573" threadId="0000000000780F80" success="true" from="nursery"/>
<exclusive-end id="5646" timestamp="2020-09-12T19:31:45.573" durationms="112.890" />

<exclusive-start id="5647" timestamp="2020-09-12T19:31:47.449" intervalms="1988.528">
  <response-info timems="0.290" idlems="0.290" threads="0" lastid="0000000000841700" lastname="Group1.Backend.CompositeBackend{Tier1}.5" />
</exclusive-start>
<af-start id="5648" threadId="0000000000842080" totalBytesRequested="16" timestamp="2020-09-12T19:31:47.450" intervalms="1987.980" type="nursery" />
<cycle-start id="5649" type="scavenge" contextid="0" timestamp="2020-09-12T19:31:47.450" intervalms="1987.940" />
<gc-start id="5650" type="scavenge" contextid="5649" timestamp="2020-09-12T19:31:47.450">
  <mem-info id="5651" free="814240992" total="2853371904" percent="28">
    <mem type="nursery" free="0" total="939524096" percent="0">
      <mem type="allocate" free="0" total="788332544" percent="0" />
      <mem type="survivor" free="0" total="151191552" percent="0" />
    </mem>
    <mem type="tenure" free="814240992" total="1913847808" percent="42">
      <mem type="soa" free="701572584" total="1799016448" percent="38" />
      <mem type="loa" free="112668408" total="114831360" percent="98" />
    </mem>
    <remembered-set count="188686" />
  </mem-info>
</gc-start>
<allocation-stats totalBytes="675483384" >
  <allocated-bytes non-tlh="36721920" tlh="638761464" />
  <largest-consumer threadName="Group1.Backend.CompositeBackend{Tier1}.7" threadId="0000000000842E00" bytes="96239344" />
</allocation-stats>
<gc-op id="5652" type="scavenge" timems="111.215" contextid="5649" timestamp="2020-09-12T19:31:47.561">
  <scavenger-info tenureage="3" tenuremask="7ff8" tiltratio="83" />
  <memory-copied type="nursery" objects="4074742" bytes="108810288" bytesdiscarded="186744" />
  <memory-copied type="tenure" objects="1094797" bytes="29428088" bytesdiscarded="102304" />
  <ownableSynchronizers candidates="3890" cleared="3637" />
  <references type="soft" candidates="164" cleared="0" enqueued="0" dynamicThreshold="17" maxThreshold="32" />
  <references type="weak" candidates="112" cleared="112" enqueued="0" />
</gc-op>
<gc-end id="5653" type="scavenge" contextid="5649" durationms="112.113" usertimems="723.022" systemtimems="0.000" timestamp="2020-09-12T19:31:47.562" activeThreads="8">
  <mem-info id="5654" free="1468949224" total="2853371904" percent="51">
    <mem type="nursery" free="684368120" total="939524096" percent="72">
      <mem type="allocate" free="684368120" total="793444352" percent="86" />
      <mem type="survivor" free="0" total="146079744" percent="0" />
    </mem>
    <mem type="tenure" free="784581104" total="1913847808" percent="40" macro-fragmented="0">
      <mem type="soa" free="671912696" total="1799016448" percent="37" />
      <mem type="loa" free="112668408" total="114831360" percent="98" />
    </mem>
    <remembered-set count="28825" />
  </mem-info>
</gc-end>
<cycle-end id="5655" type="scavenge" contextid="5649" timestamp="2020-09-12T19:31:47.563" />
<allocation-satisfied id="5656" threadId="0000000000841700" bytesRequested="16" />
<af-end id="5657" timestamp="2020-09-12T19:31:47.563" threadId="0000000000842080" success="true" from="nursery"/>
<exclusive-end id="5658" timestamp="2020-09-12T19:31:47.563" durationms="114.279" />

<exclusive-start id="5659" timestamp="2020-09-12T19:31:49.519" intervalms="2070.476">
  <response-info timems="1.148" idlems="1.148" threads="0" lastid="0000000000842200" lastname="Group1.Backend.CompositeBackend{Tier1}.6" />
</exclusive-start>
<af-start id="5660" threadId="0000000000842B80" totalBytesRequested="40" timestamp="2020-09-12T19:31:49.520" intervalms="2070.304" type="nursery" />
<cycle-start id="5661" type="scavenge" contextid="0" timestamp="2020-09-12T19:31:49.520" intervalms="2070.257" />
<gc-start id="5662" type="scavenge" contextid="5661" timestamp="2020-09-12T19:31:49.520">
  <mem-info id="5663" free="784581104" total="2853371904" percent="27">
    <mem type="nursery" free="0" total="939524096" percent="0">
      <mem type="allocate" free="0" total="793444352" percent="0" />
      <mem type="survivor" free="0" total="146079744" percent="0" />
    </mem>
    <mem type="tenure" free="784581104" total="1913847808" percent="40">
      <mem type="soa" free="671912696" total="1799016448" percent="37" />
      <mem type="loa" free="112668408" total="114831360" percent="98" />
    </mem>
    <remembered-set count="192443" />
  </mem-info>
</gc-start>
<allocation-stats totalBytes="684024960" >
  <allocated-bytes non-tlh="31542920" tlh="652482040" />
  <largest-consumer threadName="Group1.Backend.CompositeBackend{Tier1}.4" threadId="0000000000846A00" bytes="95779472" />
</allocation-stats>
<gc-op id="5664" type="scavenge" timems="139.385" contextid="5661" timestamp="2020-09-12T19:31:49.660">
  <scavenger-info tenureage="3" tenuremask="7ff8" tiltratio="84" />
  <memory-copied type="nursery" objects="4392032" bytes="116062848" bytesdiscarded="217504" />
  <memory-copied type="tenure" objects="1116400" bytes="30009440" bytesdiscarded="109960" />
  <ownableSynchronizers candidates="4021" cleared="3757" />
  <references type="soft" candidates="169" cleared="0" enqueued="0" dynamicThreshold="17" maxThreshold="32" />
  <references type="weak" candidates="118" cleared="117" enqueued="0" />
</gc-op>
<gc-end id="5665" type="scavenge" contextid="5661" durationms="140.770" usertimems="1022.029" systemtimems="8.866" timestamp="2020-09-12T19:31:49.661" activeThreads="8">
  <mem-info id="5666" free="1433240512" total="2853371904" percent="50">
    <mem type="nursery" free="678653664" total="939524096" percent="72">
      <mem type="allocate" free="678653664" total="795017216" percent="85" />
      <mem type="survivor" free="0" total="144506880" percent="0" />
    </mem>
    <mem type="tenure" free="754586848" total="1913847808" percent="39" macro-fragmented="0">
      <mem type="soa" free="641918440" total="1799016448" percent="35" />
      <mem type="loa" free="112668408" total="114831360" percent="98" />
    </mem>
    <remembered-set count="29936" />
  </mem-info>
</gc-end>
<cycle-end id="5667" type="scavenge" contextid="5661" timestamp="2020-09-12T19:31:49.662" />
<allocation-satisfied id="5668" threadId="0000000000842200" bytesRequested="40" />
<af-end id="5669" timestamp="2020-09-12T19:31:49.662" threadId="0000000000842B80" success="true" from="nursery"/>
<exclusive-end id="5670" timestamp="2020-09-12T19:31:49.663" durationms="143.742" />

<exclusive-start id="5671" timestamp="2020-09-12T19:31:51.555" intervalms="2036.085">
  <response-info timems="0.451" idlems="0.451" threads="0" lastid="0000000000842E00" lastname="Group1.Backend.CompositeBackend{Tier1}.7" />
</exclusive-start>
<af-start id="5672" threadId="0000000000843780" totalBytesRequested="16" timestamp="2020-09-12T19:31:51.556" intervalms="2036.068" type="nursery" />
<cycle-start id="5673" type="scavenge" contextid="0" timestamp="2020-09-12T19:31:51.556" intervalms="2036.073" />
<gc-start id="5674" type="scavenge" contextid="5673" timestamp="2020-09-12T19:31:51.556">
  <mem-info id="5675" free="754586848" total="2853371904" percent="26">
    <mem type="nursery" free="0" total="939524096" percent="0">
      <mem type="allocate" free="0" total="795017216" percent="0" />
      <mem type="survivor" free="0" total="144506880" percent="0" />
    </mem>
    <mem type="tenure" free="754586848" total="1913847808" percent="39">
      <mem type="soa" free="641918440" total="1799016448" percent="35" />
      <mem type="loa" free="112668408" total="114831360" percent="98" />
    </mem>
    <remembered-set count="192850" />
  </mem-info>
</gc-start>
<allocation-stats totalBytes="678318184" >
  <allocated-bytes non-tlh="32996152" tlh="645322032" />
  <largest-consumer threadName="Group1.Backend.CompositeBackend{Tier1}.7" threadId="0000000000842E00" bytes="108662408" />
</allocation-stats>
<gc-op id="5676" type="scavenge" timems="101.489" contextid="5673" timestamp="2020-09-12T19:31:51.658">
  <scavenger-info tenureage="3" tenuremask="7ff8" tiltratio="84" />
  <memory-copied type="nursery" objects="4056946" bytes="108830760" bytesdiscarded="563832" />
  <memory-copied type="tenure" objects="1030351" bytes="27715880" bytesdiscarded="121392" />
  <ownableSynchronizers candidates="3804" cleared="3554" />
  <references type="soft" candidates="175" cleared="0" enqueued="0" dynamicThreshold="17" maxThreshold="32" />
  <references type="weak" candidates="123" cleared="123" enqueued="0" />
</gc-op>
<gc-end id="5677" type="scavenge" contextid="5673" durationms="102.369" usertimems="749.744" systemtimems="0.000" timestamp="2020-09-12T19:31:51.659" activeThreads="8">
  <mem-info id="5678" free="1415123712" total="2853371904" percent="49">
    <mem type="nursery" free="688420016" total="939524096" percent="73">
      <mem type="allocate" free="688420016" total="797900800" percent="86" />
      <mem type="survivor" free="0" total="141623296" percent="0" />
    </mem>
    <mem type="tenure" free="726703696" total="1913847808" percent="37" macro-fragmented="0">
      <mem type="soa" free="614035288" total="1799016448" percent="34" />
      <mem type="loa" free="112668408" total="114831360" percent="98" />
    </mem>
    <remembered-set count="32338" />
  </mem-info>
</gc-end>
<cycle-end id="5679" type="scavenge" contextid="5673" timestamp="2020-09-12T19:31:51.660" />
<allocation-satisfied id="5680" threadId="0000000000842E00" bytesRequested="16" />
<af-end id="5681" timestamp="2020-09-12T19:31:51.660" threadId="0000000000843780" success="true" from="nursery"/>
<exclusive-end id="5682" timestamp="2020-09-12T19:31:51.660" durationms="104.345" />

<exclusive-start id="5683" timestamp="2020-09-12T19:31:53.758" intervalms="2202.766">
  <response-info timems="0.262" idlems="0.262" threads="0" lastid="0000000000842E00" lastname="Group1.Backend.CompositeBackend{Tier1}.7" />
</exclusive-start>
<af-start id="5684" threadId="0000000000843780" totalBytesRequested="24" timestamp="2020-09-12T19:31:53.759" intervalms="2202.856" type="nursery" />
<cycle-start id="5685" type="scavenge" contextid="0" timestamp="2020-09-12T19:31:53.759" intervalms="2202.858" />
<gc-start id="5686" type="scavenge" contextid="5685" timestamp="2020-09-12T19:31:53.759">
  <mem-info id="5687" free="726703696" total="2853371904" percent="25">
    <mem type="nursery" free="0" total="939524096" percent="0">
      <mem type="allocate" free="0" total="797900800" percent="0" />
      <mem type="survivor" free="0" total="141623296" percent="0" />
    </mem>
    <mem type="tenure" free="726703696" total="1913847808" percent="37">
      <mem type="soa" free="614035288" total="1799016448" percent="34" />
      <mem type="loa" free="112668408" total="114831360" percent="98" />
    </mem>
    <remembered-set count="200264" />
  </mem-info>
</gc-start>
<allocation-stats totalBytes="688081816" >
  <allocated-bytes non-tlh="26289400" tlh="661792416" />
  <largest-consumer threadName="Group1.Backend.CompositeBackend{Tier1}.4" threadId="0000000000846A00" bytes="114683816" />
</allocation-stats>
<gc-op id="5688" type="scavenge" timems="94.492" contextid="5685" timestamp="2020-09-12T19:31:53.854">
  <scavenger-info tenureage="3" tenuremask="7ff8" tiltratio="84" />
  <memory-copied type="nursery" objects="4165053" bytes="111722464" bytesdiscarded="163912" />
  <memory-copied type="tenure" objects="1048369" bytes="28175800" bytesdiscarded="103960" />
  <ownableSynchronizers candidates="4427" cleared="4161" />
  <references type="soft" candidates="194" cleared="0" enqueued="0" dynamicThreshold="17" maxThreshold="32" />
  <references type="weak" candidates="102" cleared="102" enqueued="0" />
</gc-op>
<gc-end id="5689" type="scavenge" contextid="5685" durationms="95.216" usertimems="736.921" systemtimems="0.000" timestamp="2020-09-12T19:31:53.854" activeThreads="8">
  <mem-info id="5690" free="1387048088" total="2853371904" percent="48">
    <mem type="nursery" free="688608768" total="939524096" percent="73">
      <mem type="allocate" free="688608768" total="800587776" percent="86" />
      <mem type="survivor" free="0" total="138936320" percent="0" />
    </mem>
    <mem type="tenure" free="698439320" total="1913847808" percent="36" macro-fragmented="0">
      <mem type="soa" free="585770912" total="1799016448" percent="32" />
      <mem type="loa" free="112668408" total="114831360" percent="98" />
    </mem>
    <remembered-set count="33561" />
  </mem-info>
</gc-end>
<cycle-end id="5691" type="scavenge" contextid="5685" timestamp="2020-09-12T19:31:53.855" />
<allocation-satisfied id="5692" threadId="0000000000842E00" bytesRequested="24" />
<af-end id="5693" timestamp="2020-09-12T19:31:53.855" threadId="0000000000843780" success="true" from="nursery"/>
<exclusive-end id="5694" timestamp="2020-09-12T19:31:53.855" durationms="97.107" />

<exclusive-start id="5695" timestamp="2020-09-12T19:31:55.782" intervalms="2024.355">
  <response-info timems="2.803" idlems="2.803" threads="0" lastid="0000000000842E00" lastname="Group1.Backend.CompositeBackend{Tier1}.7" />
</exclusive-start>
<af-start id="5696" threadId="0000000000843780" totalBytesRequested="65544" timestamp="2020-09-12T19:31:55.783" intervalms="2024.324" type="nursery" />
<cycle-start id="5697" type="scavenge" contextid="0" timestamp="2020-09-12T19:31:55.783" intervalms="2024.422" />
<gc-start id="5698" type="scavenge" contextid="5697" timestamp="2020-09-12T19:31:55.784">
  <mem-info id="5699" free="698439320" total="2853371904" percent="24">
    <mem type="nursery" free="0" total="939524096" percent="0">
      <mem type="allocate" free="0" total="800587776" percent="0" />
      <mem type="survivor" free="0" total="138936320" percent="0" />
    </mem>
    <mem type="tenure" free="698439320" total="1913847808" percent="36">
      <mem type="soa" free="585770912" total="1799016448" percent="32" />
      <mem type="loa" free="112668408" total="114831360" percent="98" />
    </mem>
    <remembered-set count="193032" />
  </mem-info>
</gc-start>
<allocation-stats totalBytes="688280208" >
  <allocated-bytes non-tlh="37670456" tlh="650609752" />
  <largest-consumer threadName="Group1.Backend.CompositeBackend{Tier1}.5" threadId="0000000000841700" bytes="106395368" />
</allocation-stats>
<gc-op id="5700" type="scavenge" timems="117.847" contextid="5697" timestamp="2020-09-12T19:31:55.902">
  <scavenger-info tenureage="3" tenuremask="7ff8" tiltratio="85" />
  <memory-copied type="nursery" objects="4238616" bytes="113249000" bytesdiscarded="141560" />
  <memory-copied type="tenure" objects="1083060" bytes="29096168" bytesdiscarded="102328" />
  <ownableSynchronizers candidates="4499" cleared="4222" />
  <references type="soft" candidates="176" cleared="0" enqueued="0" dynamicThreshold="17" maxThreshold="32" />
  <references type="weak" candidates="132" cleared="132" enqueued="0" />
</gc-op>
<gc-end id="5701" type="scavenge" contextid="5697" durationms="118.653" usertimems="872.588" systemtimems="0.000" timestamp="2020-09-12T19:31:55.902" activeThreads="8">
  <mem-info id="5702" free="1358381256" total="2853371904" percent="47">
    <mem type="nursery" free="689142440" total="939524096" percent="73">
      <mem type="allocate" free="689142440" total="802619392" percent="85" />
      <mem type="survivor" free="0" total="136904704" percent="0" />
    </mem>
    <mem type="tenure" free="669238816" total="1913847808" percent="34" macro-fragmented="0">
      <mem type="soa" free="556570408" total="1799016448" percent="30" />
      <mem type="loa" free="112668408" total="114831360" percent="98" />
    </mem>
    <remembered-set count="31299" />
  </mem-info>
</gc-end>
<cycle-end id="5703" type="scavenge" contextid="5697" timestamp="2020-09-12T19:31:55.903" />
<allocation-satisfied id="5704" threadId="0000000000842E00" bytesRequested="65544" />
<af-end id="5705" timestamp="2020-09-12T19:31:55.903" threadId="0000000000843780" success="true" from="nursery"/>
<exclusive-end id="5706" timestamp="2020-09-12T19:31:55.903" durationms="120.812" />

<exclusive-start id="5707" timestamp="2020-09-12T19:31:57.858" intervalms="2075.947">
  <response-info timems="0.667" idlems="0.457" threads="1" lastid="0000000000845300" lastname="Group1.Backend.CompositeBackend{Tier1}.3" />
</exclusive-start>
<af-start id="5708" threadId="0000000000A6D680" totalBytesRequested="16" timestamp="2020-09-12T19:31:57.860" intervalms="2076.370" type="nursery" />
<cycle-start id="5709" type="scavenge" contextid="0" timestamp="2020-09-12T19:31:57.860" intervalms="2076.337" />
<gc-start id="5710" type="scavenge" contextid="5709" timestamp="2020-09-12T19:31:57.860">
  <mem-info id="5711" free="669238816" total="2853371904" percent="23">
    <mem type="nursery" free="0" total="939524096" percent="0">
      <mem type="allocate" free="0" total="802619392" percent="0" />
      <mem type="survivor" free="0" total="136904704" percent="0" />
    </mem>
    <mem type="tenure" free="669238816" total="1913847808" percent="34">
      <mem type="soa" free="556570408" total="1799016448" percent="30" />
      <mem type="loa" free="112668408" total="114831360" percent="98" />
    </mem>
    <remembered-set count="195226" />
  </mem-info>
</gc-start>
<allocation-stats totalBytes="688812088" >
  <allocated-bytes non-tlh="30687392" tlh="658124696" />
  <largest-consumer threadName="Group1.Backend.CompositeBackend{Tier1}.4" threadId="0000000000846A00" bytes="119422904" />
</allocation-stats>
<gc-op id="5712" type="scavenge" timems="113.520" contextid="5709" timestamp="2020-09-12T19:31:57.974">
  <scavenger-info tenureage="3" tenuremask="7ff8" tiltratio="85" />
  <memory-copied type="nursery" objects="4262544" bytes="113874912" bytesdiscarded="132720" />
  <memory-copied type="tenure" objects="1085077" bytes="29282872" bytesdiscarded="112112" />
  <ownableSynchronizers candidates="4921" cleared="4630" />
  <references type="soft" candidates="183" cleared="0" enqueued="0" dynamicThreshold="17" maxThreshold="32" />
  <references type="weak" candidates="98" cleared="98" enqueued="0" />
</gc-op>
<gc-end id="5713" type="scavenge" contextid="5709" durationms="114.557" usertimems="816.239" systemtimems="0.682" timestamp="2020-09-12T19:31:57.975" activeThreads="8">
  <mem-info id="5714" free="1330064456" total="2853371904" percent="46">
    <mem type="nursery" free="690299688" total="939524096" percent="73">
      <mem type="allocate" free="690299688" total="804388864" percent="85" />
      <mem type="survivor" free="0" total="135135232" percent="0" />
    </mem>
    <mem type="tenure" free="639764768" total="1913847808" percent="33" macro-fragmented="0">
      <mem type="soa" free="527096360" total="1799016448" percent="29" />
      <mem type="loa" free="112668408" total="114831360" percent="98" />
    </mem>
    <remembered-set count="30154" />
  </mem-info>
</gc-end>
<cycle-end id="5715" type="scavenge" contextid="5709" timestamp="2020-09-12T19:31:57.975" />
<allocation-satisfied id="5716" threadId="0000000000A6CD00" bytesRequested="16" />
<af-end id="5717" timestamp="2020-09-12T19:31:57.975" threadId="0000000000A6D680" success="true" from="nursery"/>
<exclusive-end id="5718" timestamp="2020-09-12T19:31:57.975" durationms="116.962" />

<exclusive-start id="5719" timestamp="2020-09-12T19:31:59.955" intervalms="2096.629">
  <response-info timems="0.984" idlems="0.984" threads="0" lastid="0000000000846A00" lastname="Group1.Backend.CompositeBackend{Tier1}.4" />
</exclusive-start>
<af-start id="5720" threadId="0000000000847380" totalBytesRequested="16" timestamp="2020-09-12T19:31:59.956" intervalms="2096.185" type="nursery" />
<cycle-start id="5721" type="scavenge" contextid="0" timestamp="2020-09-12T19:31:59.956" intervalms="2096.115" />
<gc-start id="5722" type="scavenge" contextid="5721" timestamp="2020-09-12T19:31:59.956">
  <mem-info id="5723" free="639764768" total="2853371904" percent="22">
    <mem type="nursery" free="0" total="939524096" percent="0">
      <mem type="allocate" free="0" total="804388864" percent="0" />
      <mem type="survivor" free="0" total="135135232" percent="0" />
    </mem>
    <mem type="tenure" free="639764768" total="1913847808" percent="33">
      <mem type="soa" free="527096360" total="1799016448" percent="29" />
      <mem type="loa" free="112668408" total="114831360" percent="98" />
    </mem>
    <remembered-set count="190425" />
  </mem-info>
</gc-start>
<allocation-stats totalBytes="689976264" >
  <allocated-bytes non-tlh="35713392" tlh="654262872" />
  <largest-consumer threadName="Group1.Backend.CompositeBackend{Tier1}.4" threadId="0000000000846A00" bytes="109885824" />
</allocation-stats>
<gc-op id="5724" type="scavenge" timems="98.045" contextid="5721" timestamp="2020-09-12T19:32:00.054">
  <scavenger-info tenureage="3" tenuremask="7ff8" tiltratio="85" />
  <memory-copied type="nursery" objects="3993968" bytes="107257552" bytesdiscarded="171968" />
  <memory-copied type="tenure" objects="1136873" bytes="30544464" bytesdiscarded="127544" />
  <ownableSynchronizers candidates="3443" cleared="3154" />
  <references type="soft" candidates="177" cleared="0" enqueued="0" dynamicThreshold="17" maxThreshold="32" />
  <references type="weak" candidates="132" cleared="132" enqueued="0" />
</gc-op>
<gc-end id="5725" type="scavenge" contextid="5721" durationms="98.850" usertimems="703.816" systemtimems="4.711" timestamp="2020-09-12T19:32:00.055" activeThreads="8">
  <mem-info id="5726" free="1307608488" total="2853371904" percent="45">
    <mem type="nursery" free="698386944" total="939524096" percent="74">
      <mem type="allocate" free="698386944" total="805896192" percent="86" />
      <mem type="survivor" free="0" total="133627904" percent="0" />
    </mem>
    <mem type="tenure" free="609221544" total="1913847808" percent="31" macro-fragmented="0">
      <mem type="soa" free="496553136" total="1799016448" percent="27" />
      <mem type="loa" free="112668408" total="114831360" percent="98" />
    </mem>
    <remembered-set count="27760" />
  </mem-info>
</gc-end>
<cycle-end id="5727" type="scavenge" contextid="5721" timestamp="2020-09-12T19:32:00.056" />
<allocation-satisfied id="5728" threadId="0000000000846A00" bytesRequested="16" />
<af-end id="5729" timestamp="2020-09-12T19:32:00.056" threadId="0000000000847380" success="true" from="nursery"/>
<exclusive-end id="5730" timestamp="2020-09-12T19:32:00.056" durationms="100.700" />

<exclusive-start id="5731" timestamp="2020-09-12T19:32:02.103" intervalms="2148.133">
  <response-info timems="1.344" idlems="1.344" threads="0" lastid="0000000000845300" lastname="Group1.Backend.CompositeBackend{Tier1}.3" />
</exclusive-start>
<af-start id="5732" threadId="0000000000845C80" totalBytesRequested="16" timestamp="2020-09-12T19:32:02.104" intervalms="2148.099" type="nursery" />
<cycle-start id="5733" type="scavenge" contextid="0" timestamp="2020-09-12T19:32:02.104" intervalms="2148.120" />
<gc-start id="5734" type="scavenge" contextid="5733" timestamp="2020-09-12T19:32:02.104">
  <mem-info id="5735" free="609221544" total="2853371904" percent="21">
    <mem type="nursery" free="0" total="939524096" percent="0">
      <mem type="allocate" free="0" total="805896192" percent="0" />
      <mem type="survivor" free="0" total="133627904" percent="0" />
    </mem>
    <mem type="tenure" free="609221544" total="1913847808" percent="31">
      <mem type="soa" free="496553136" total="1799016448" percent="27" />
      <mem type="loa" free="112668408" total="114831360" percent="98" />
    </mem>
    <remembered-set count="192452" />
  </mem-info>
</gc-start>
<allocation-stats totalBytes="698060608" >
  <allocated-bytes non-tlh="30232600" tlh="667828008" />
  <largest-consumer threadName="Group1.Backend.CompositeBackend{Tier1}.7" threadId="0000000000842E00" bytes="109532968" />
</allocation-stats>
<gc-op id="5736" type="scavenge" timems="99.816" contextid="5733" timestamp="2020-09-12T19:32:02.204">
  <scavenger-info tenureage="3" tenuremask="7ff8" tiltratio="85" />
  <memory-copied type="nursery" objects="4139374" bytes="110934592" bytesdiscarded="174208" />
  <memory-copied type="tenure" objects="1036333" bytes="27854736" bytesdiscarded="126472" />
  <ownableSynchronizers candidates="4232" cleared="3955" />
  <references type="soft" candidates="181" cleared="0" enqueued="0" dynamicThreshold="17" maxThreshold="32" />
  <references type="weak" candidates="127" cleared="127" enqueued="0" />
</gc-op>
<gc-end id="5737" type="scavenge" contextid="5733" durationms="100.712" usertimems="729.738" systemtimems="4.458" timestamp="2020-09-12T19:32:02.205" activeThreads="8">
  <mem-info id="5738" free="1276925008" total="2853371904" percent="44">
    <mem type="nursery" free="695747832" total="939524096" percent="74">
      <mem type="allocate" free="695747832" total="806944768" percent="86" />
      <mem type="survivor" free="0" total="132579328" percent="0" />
    </mem>
    <mem type="tenure" free="581177176" total="1913847808" percent="30" macro-fragmented="0">
      <mem type="soa" free="468508768" total="1799016448" percent="26" />
      <mem type="loa" free="112668408" total="114831360" percent="98" />
    </mem>
    <remembered-set count="27546" />
  </mem-info>
</gc-end>
<cycle-end id="5739" type="scavenge" contextid="5733" timestamp="2020-09-12T19:32:02.206" />
<allocation-satisfied id="5740" threadId="0000000000845300" bytesRequested="16" />
<af-end id="5741" timestamp="2020-09-12T19:32:02.206" threadId="0000000000845C80" success="true" from="nursery"/>
<exclusive-end id="5742" timestamp="2020-09-12T19:32:02.206" durationms="102.680" />

<exclusive-start id="5743" timestamp="2020-09-12T19:32:04.255" intervalms="2152.072">
  <response-info timems="10.078" idlems="10.078" threads="0" lastid="000000000097F000" lastname="Group1.TxInjector.CompositeTxInjector.I.driver.probe.38" />
</exclusive-start>
<af-start id="5744" threadId="000000000097F980" totalBytesRequested="8056" timestamp="2020-09-12T19:32:04.256" intervalms="2152.069" type="nursery" />
<cycle-start id="5745" type="scavenge" contextid="0" timestamp="2020-09-12T19:32:04.256" intervalms="2152.053" />
<gc-start id="5746" type="scavenge" contextid="5745" timestamp="2020-09-12T19:32:04.256">
  <mem-info id="5747" free="581177176" total="2853371904" percent="20">
    <mem type="nursery" free="0" total="939524096" percent="0">
      <mem type="allocate" free="0" total="806944768" percent="0" />
      <mem type="survivor" free="0" total="132579328" percent="0" />
    </mem>
    <mem type="tenure" free="581177176" total="1913847808" percent="30">
      <mem type="soa" free="468508768" total="1799016448" percent="26" />
      <mem type="loa" free="112668408" total="114831360" percent="98" />
    </mem>
    <remembered-set count="192402" />
  </mem-info>
</gc-start>
<allocation-stats totalBytes="695414888" >
  <allocated-bytes non-tlh="32713200" tlh="662701688" />
  <largest-consumer threadName="Group1.Backend.CompositeBackend{Tier1}.1" threadId="000000000077E000" bytes="111935536" />
</allocation-stats>
<gc-op id="5748" type="scavenge" timems="112.504" contextid="5745" timestamp="2020-09-12T19:32:04.369">
  <scavenger-info tenureage="3" tenuremask="7ff8" tiltratio="85" />
  <memory-copied type="nursery" objects="4121836" bytes="110622168" bytesdiscarded="535072" />
  <memory-copied type="tenure" objects="1110234" bytes="29855912" bytesdiscarded="136936" />
  <ownableSynchronizers candidates="4027" cleared="3755" />
  <references type="soft" candidates="175" cleared="0" enqueued="0" dynamicThreshold="17" maxThreshold="32" />
  <references type="weak" candidates="115" cleared="114" enqueued="0" />
</gc-op>
<gc-end id="5749" type="scavenge" contextid="5745" durationms="113.484" usertimems="830.960" systemtimems="0.000" timestamp="2020-09-12T19:32:04.370" activeThreads="8">
  <mem-info id="5750" free="1248638048" total="2853371904" percent="43">
    <mem type="nursery" free="697335296" total="939524096" percent="74">
      <mem type="allocate" free="697335296" total="808583168" percent="86" />
      <mem type="survivor" free="0" total="130940928" percent="0" />
    </mem>
    <mem type="tenure" free="551302752" total="1913847808" percent="28" macro-fragmented="0">
      <mem type="soa" free="438634344" total="1799016448" percent="24" />
      <mem type="loa" free="112668408" total="114831360" percent="98" />
    </mem>
    <remembered-set count="28317" />
  </mem-info>
</gc-end>
<cycle-end id="5751" type="scavenge" contextid="5745" timestamp="2020-09-12T19:32:04.371" />
<allocation-satisfied id="5752" threadId="000000000097F000" bytesRequested="8056" />
<af-end id="5753" timestamp="2020-09-12T19:32:04.371" threadId="000000000097F980" success="true" from="nursery"/>
<exclusive-end id="5754" timestamp="2020-09-12T19:32:04.371" durationms="115.526" />

<exclusive-start id="5755" timestamp="2020-09-12T19:32:06.357" intervalms="2102.208">
  <response-info timems="10.394" idlems="10.394" threads="0" lastid="000000000077E000" lastname="Group1.Backend.CompositeBackend{Tier1}.1" />
</exclusive-start>
<af-start id="5756" threadId="000000000077E980" totalBytesRequested="24" timestamp="2020-09-12T19:32:06.358" intervalms="2102.573" type="nursery" />
<cycle-start id="5757" type="scavenge" contextid="0" timestamp="2020-09-12T19:32:06.359" intervalms="2102.610" />
<gc-start id="5758" type="scavenge" contextid="5757" timestamp="2020-09-12T19:32:06.359">
  <mem-info id="5759" free="551302752" total="2853371904" percent="19">
    <mem type="nursery" free="0" total="939524096" percent="0">
      <mem type="allocate" free="0" total="808583168" percent="0" />
      <mem type="survivor" free="0" total="130940928" percent="0" />
    </mem>
    <mem type="tenure" free="551302752" total="1913847808" percent="28">
      <mem type="soa" free="438634344" total="1799016448" percent="24" />
      <mem type="loa" free="112668408" total="114831360" percent="98" />
    </mem>
    <remembered-set count="191630" />
  </mem-info>
</gc-start>
<allocation-stats totalBytes="697008040" >
  <allocated-bytes non-tlh="34088072" tlh="662919968" />
  <largest-consumer threadName="Group1.Backend.CompositeBackend{Tier1}.6" threadId="0000000000842200" bytes="101728568" />
</allocation-stats>
<gc-op id="5760" type="scavenge" timems="199.616" contextid="5757" timestamp="2020-09-12T19:32:06.559">
  <scavenger-info tenureage="3" tenuremask="7ff8" tiltratio="86" />
  <memory-copied type="nursery" objects="4328276" bytes="115670032" bytesdiscarded="271720" />
  <memory-copied type="tenure" objects="1049264" bytes="28222552" bytesdiscarded="103600" />
  <ownableSynchronizers candidates="4414" cleared="4156" />
  <references type="soft" candidates="171" cleared="0" enqueued="0" dynamicThreshold="17" maxThreshold="32" />
  <references type="weak" candidates="126" cleared="126" enqueued="0" />
</gc-op>
<gc-end id="5761" type="scavenge" contextid="5757" durationms="201.010" usertimems="1234.027" systemtimems="42.618" timestamp="2020-09-12T19:32:06.560" activeThreads="8">
  <mem-info id="5762" free="1212065816" total="2853371904" percent="42">
    <mem type="nursery" free="689153520" total="939524096" percent="73">
      <mem type="allocate" free="689153520" total="805175296" percent="85" />
      <mem type="survivor" free="0" total="134348800" percent="0" />
    </mem>
    <mem type="tenure" free="522912296" total="1913847808" percent="27" macro-fragmented="0">
      <mem type="soa" free="410243888" total="1799016448" percent="22" />
      <mem type="loa" free="112668408" total="114831360" percent="98" />
    </mem>
    <remembered-set count="29729" />
  </mem-info>
</gc-end>
<cycle-end id="5763" type="scavenge" contextid="5757" timestamp="2020-09-12T19:32:06.561" />
<allocation-satisfied id="5764" threadId="000000000077E000" bytesRequested="24" />
<af-end id="5765" timestamp="2020-09-12T19:32:06.561" threadId="000000000077E980" success="true" from="nursery"/>
<exclusive-end id="5766" timestamp="2020-09-12T19:32:06.561" durationms="203.711" />

<exclusive-start id="5767" timestamp="2020-09-12T19:32:08.425" intervalms="2067.681">
  <response-info timems="12.955" idlems="12.955" threads="0" lastid="0000000000845300" lastname="Group1.Backend.CompositeBackend{Tier1}.3" />
</exclusive-start>
<af-start id="5768" threadId="0000000000845C80" totalBytesRequested="24" timestamp="2020-09-12T19:32:08.426" intervalms="2067.479" type="nursery" />
<cycle-start id="5769" type="scavenge" contextid="0" timestamp="2020-09-12T19:32:08.426" intervalms="2067.465" />
<gc-start id="5770" type="scavenge" contextid="5769" timestamp="2020-09-12T19:32:08.426">
  <mem-info id="5771" free="522912296" total="2853371904" percent="18">
    <mem type="nursery" free="0" total="939524096" percent="0">
      <mem type="allocate" free="0" total="805175296" percent="0" />
      <mem type="survivor" free="0" total="134348800" percent="0" />
    </mem>
    <mem type="tenure" free="522912296" total="1913847808" percent="27">
      <mem type="soa" free="410243888" total="1799016448" percent="22" />
      <mem type="loa" free="112668408" total="114831360" percent="98" />
    </mem>
    <remembered-set count="192117" />
  </mem-info>
</gc-start>
<allocation-stats totalBytes="688822952" >
  <allocated-bytes non-tlh="34591352" tlh="654231600" />
  <largest-consumer threadName="Group1.Backend.CompositeBackend{Tier1}.2" threadId="0000000000780600" bytes="99714992" />
</allocation-stats>
<gc-op id="5772" type="scavenge" timems="122.149" contextid="5769" timestamp="2020-09-12T19:32:08.549">
  <scavenger-info tenureage="3" tenuremask="7ff8" tiltratio="85" />
  <memory-copied type="nursery" objects="4123063" bytes="110587240" bytesdiscarded="172048" />
  <memory-copied type="tenure" objects="1125055" bytes="30249344" bytesdiscarded="137384" />
  <ownableSynchronizers candidates="5109" cleared="4828" />
  <references type="soft" candidates="168" cleared="0" enqueued="0" dynamicThreshold="17" maxThreshold="32" />
  <references type="weak" candidates="122" cleared="122" enqueued="0" />
</gc-op>
<gc-end id="5773" type="scavenge" contextid="5769" durationms="123.262" usertimems="847.481" systemtimems="4.655" timestamp="2020-09-12T19:32:08.550" activeThreads="8">
  <mem-info id="5774" free="1187758392" total="2853371904" percent="41">
    <mem type="nursery" free="695253504" total="939524096" percent="74">
      <mem type="allocate" free="695253504" total="806092800" percent="86" />
      <mem type="survivor" free="0" total="133431296" percent="0" />
    </mem>
    <mem type="tenure" free="492504888" total="1913847808" percent="25" macro-fragmented="0">
      <mem type="soa" free="379836480" total="1799016448" percent="21" />
      <mem type="loa" free="112668408" total="114831360" percent="98" />
    </mem>
    <remembered-set count="30625" />
  </mem-info>
</gc-end>
<cycle-end id="5775" type="scavenge" contextid="5769" timestamp="2020-09-12T19:32:08.550" />
<allocation-satisfied id="5776" threadId="0000000000845300" bytesRequested="24" />
<af-end id="5777" timestamp="2020-09-12T19:32:08.550" threadId="0000000000845C80" success="true" from="nursery"/>
<exclusive-end id="5778" timestamp="2020-09-12T19:32:08.551" durationms="125.419" />

<exclusive-start id="5779" timestamp="2020-09-12T19:32:10.551" intervalms="2125.443">
  <response-info timems="0.424" idlems="0.424" threads="0" lastid="0000000000842200" lastname="Group1.Backend.CompositeBackend{Tier1}.6" />
</exclusive-start>
<af-start id="5780" threadId="0000000000842B80" totalBytesRequested="16" timestamp="2020-09-12T19:32:10.551" intervalms="2125.205" type="nursery" />
<cycle-start id="5781" type="scavenge" contextid="0" timestamp="2020-09-12T19:32:10.551" intervalms="2125.178" />
<gc-start id="5782" type="scavenge" contextid="5781" timestamp="2020-09-12T19:32:10.552">
  <mem-info id="5783" free="492504888" total="2853371904" percent="17">
    <mem type="nursery" free="0" total="939524096" percent="0">
      <mem type="allocate" free="0" total="806092800" percent="0" />
      <mem type="survivor" free="0" total="133431296" percent="0" />
    </mem>
    <mem type="tenure" free="492504888" total="1913847808" percent="25">
      <mem type="soa" free="379836480" total="1799016448" percent="21" />
      <mem type="loa" free="112668408" total="114831360" percent="98" />
    </mem>
    <remembered-set count="196149" />
  </mem-info>
</gc-start>
<allocation-stats totalBytes="694916816" >
  <allocated-bytes non-tlh="25965608" tlh="668951208" />
  <largest-consumer threadName="Group1.Backend.CompositeBackend{Tier1}.7" threadId="0000000000842E00" bytes="101070952" />
</allocation-stats>
<gc-op id="5784" type="scavenge" timems="128.072" contextid="5781" timestamp="2020-09-12T19:32:10.680">
  <scavenger-info tenureage="3" tenuremask="7ff8" tiltratio="85" />
  <memory-copied type="nursery" objects="4819454" bytes="126199096" bytesdiscarded="106512" />
  <memory-copied type="tenure" objects="1121151" bytes="30123240" bytesdiscarded="167408" />
  <ownableSynchronizers candidates="4513" cleared="4225" />
  <references type="soft" candidates="180" cleared="0" enqueued="0" dynamicThreshold="17" maxThreshold="32" />
  <references type="weak" candidates="108" cleared="108" enqueued="0" />
</gc-op>
<gc-end id="5785" type="scavenge" contextid="5781" durationms="128.868" usertimems="960.719" systemtimems="2.003" timestamp="2020-09-12T19:32:10.680" activeThreads="8">
  <mem-info id="5786" free="1121499216" total="2853371904" percent="39">
    <mem type="nursery" free="659385256" total="939524096" percent="70">
      <mem type="allocate" free="659385256" total="785776640" percent="83" />
      <mem type="survivor" free="0" total="153747456" percent="0" />
    </mem>
    <mem type="tenure" free="462113960" total="1913847808" percent="24" macro-fragmented="0">
      <mem type="soa" free="349445552" total="1799016448" percent="19" />
      <mem type="loa" free="112668408" total="114831360" percent="98" />
    </mem>
    <remembered-set count="30046" />
  </mem-info>
</gc-end>
<cycle-end id="5787" type="scavenge" contextid="5781" timestamp="2020-09-12T19:32:10.681" />
<allocation-satisfied id="5788" threadId="0000000000842200" bytesRequested="16" />
<af-end id="5789" timestamp="2020-09-12T19:32:10.681" threadId="0000000000842B80" success="true" from="nursery"/>
<exclusive-end id="5790" timestamp="2020-09-12T19:32:10.681" durationms="130.516" />

<exclusive-start id="5791" timestamp="2020-09-12T19:32:12.528" intervalms="1977.141">
  <response-info timems="0.878" idlems="0.878" threads="0" lastid="0000000000843900" lastname="Group1.Backend.CompositeBackend{Tier1}.8" />
</exclusive-start>
<af-start id="5792" threadId="0000000000844280" totalBytesRequested="16" timestamp="2020-09-12T19:32:12.529" intervalms="1977.539" type="nursery" />
<cycle-start id="5793" type="scavenge" contextid="0" timestamp="2020-09-12T19:32:12.529" intervalms="1977.672" />
<gc-start id="5794" type="scavenge" contextid="5793" timestamp="2020-09-12T19:32:12.529">
  <mem-info id="5795" free="462113960" total="2853371904" percent="16">
    <mem type="nursery" free="0" total="939524096" percent="0">
      <mem type="allocate" free="0" total="785776640" percent="0" />
      <mem type="survivor" free="0" total="153747456" percent="0" />
    </mem>
    <mem type="tenure" free="462113960" total="1913847808" percent="24">
      <mem type="soa" free="349445552" total="1799016448" percent="19" />
      <mem type="loa" free="112668408" total="114831360" percent="98" />
    </mem>
    <remembered-set count="187825" />
  </mem-info>
</gc-start>
<allocation-stats totalBytes="659075968" >
  <allocated-bytes non-tlh="34025872" tlh="625050096" />
  <largest-consumer threadName="Group1.Backend.CompositeBackend{Tier1}.7" threadId="0000000000842E00" bytes="94977824" />
</allocation-stats>
<gc-op id="5796" type="scavenge" timems="119.929" contextid="5793" timestamp="2020-09-12T19:32:12.649">
  <scavenger-info tenureage="3" tenuremask="7ff8" tiltratio="83" />
  <memory-copied type="nursery" objects="4166732" bytes="111456024" bytesdiscarded="224720" />
  <memory-copied type="tenure" objects="1098659" bytes="29537912" bytesdiscarded="124504" />
  <ownableSynchronizers candidates="3230" cleared="2952" />
  <references type="soft" candidates="177" cleared="0" enqueued="0" dynamicThreshold="17" maxThreshold="32" />
  <references type="weak" candidates="110" cleared="110" enqueued="0" />
</gc-op>
<gc-end id="5797" type="scavenge" contextid="5793" durationms="121.086" usertimems="921.138" systemtimems="16.324" timestamp="2020-09-12T19:32:12.650" activeThreads="8">
  <mem-info id="5798" free="1109032360" total="2853371904" percent="38">
    <mem type="nursery" free="676440312" total="939524096" percent="71">
      <mem type="allocate" free="676440312" total="788201472" percent="85" />
      <mem type="survivor" free="0" total="151322624" percent="0" />
    </mem>
    <mem type="tenure" free="432592048" total="1913847808" percent="22" macro-fragmented="0">
      <mem type="soa" free="319923640" total="1799016448" percent="17" />
      <mem type="loa" free="112668408" total="114831360" percent="98" />
    </mem>
    <remembered-set count="28514" />
  </mem-info>
</gc-end>
<cycle-end id="5799" type="scavenge" contextid="5793" timestamp="2020-09-12T19:32:12.652" />
<allocation-satisfied id="5800" threadId="0000000000843900" bytesRequested="16" />
<af-end id="5801" timestamp="2020-09-12T19:32:12.652" threadId="0000000000844280" success="true" from="nursery"/>
<exclusive-end id="5802" timestamp="2020-09-12T19:32:12.652" durationms="124.037" />

<exclusive-start id="5803" timestamp="2020-09-12T19:32:14.541" intervalms="2013.350">
  <response-info timems="0.615" idlems="0.363" threads="1" lastid="0000000000842E00" lastname="Group1.Backend.CompositeBackend{Tier1}.7" />
</exclusive-start>
<af-start id="5804" threadId="0000000000780F80" totalBytesRequested="48" timestamp="2020-09-12T19:32:14.542" intervalms="2013.051" type="nursery" />
<cycle-start id="5805" type="scavenge" contextid="0" timestamp="2020-09-12T19:32:14.542" intervalms="2012.962" />
<gc-start id="5806" type="scavenge" contextid="5805" timestamp="2020-09-12T19:32:14.542">
  <mem-info id="5807" free="432592048" total="2853371904" percent="15">
    <mem type="nursery" free="0" total="939524096" percent="0">
      <mem type="allocate" free="0" total="788201472" percent="0" />
      <mem type="survivor" free="0" total="151322624" percent="0" />
    </mem>
    <mem type="tenure" free="432592048" total="1913847808" percent="22">
      <mem type="soa" free="319923640" total="1799016448" percent="17" />
      <mem type="loa" free="112668408" total="114831360" percent="98" />
    </mem>
    <remembered-set count="188273" />
  </mem-info>
</gc-start>
<allocation-stats totalBytes="676123128" >
  <allocated-bytes non-tlh="34383384" tlh="641739744" />
  <largest-consumer threadName="Group1.Backend.CompositeBackend{Tier1}.1" threadId="000000000077E000" bytes="92574472" />
</allocation-stats>
<gc-op id="5808" type="scavenge" timems="115.534" contextid="5805" timestamp="2020-09-12T19:32:14.658">
  <scavenger-info tenureage="3" tenuremask="7ff8" tiltratio="83" />
  <memory-copied type="nursery" objects="4276679" bytes="113903840" bytesdiscarded="367256" />
  <memory-copied type="tenure" objects="1086455" bytes="29218536" bytesdiscarded="124352" />
  <ownableSynchronizers candidates="3895" cleared="3622" />
  <references type="soft" candidates="178" cleared="0" enqueued="0" dynamicThreshold="17" maxThreshold="32" />
  <references type="weak" candidates="114" cleared="114" enqueued="0" />
</gc-op>
<gc-end id="5809" type="scavenge" contextid="5805" durationms="116.560" usertimems="900.562" systemtimems="9.938" timestamp="2020-09-12T19:32:14.659" activeThreads="8">
  <mem-info id="5810" free="1081366600" total="2853371904" percent="37">
    <mem type="nursery" free="678041176" total="939524096" percent="72">
      <mem type="allocate" free="678041176" total="792395776" percent="85" />
      <mem type="survivor" free="0" total="147128320" percent="0" />
    </mem>
    <mem type="tenure" free="403325424" total="1913847808" percent="21" macro-fragmented="0">
      <mem type="soa" free="290657016" total="1799016448" percent="16" />
      <mem type="loa" free="112668408" total="114831360" percent="98" />
    </mem>
    <remembered-set count="28550" />
  </mem-info>
</gc-end>
<cycle-end id="5811" type="scavenge" contextid="5805" timestamp="2020-09-12T19:32:14.660" />
<allocation-satisfied id="5812" threadId="0000000000780600" bytesRequested="48" />
<af-end id="5813" timestamp="2020-09-12T19:32:14.660" threadId="0000000000780F80" success="true" from="nursery"/>
<exclusive-end id="5814" timestamp="2020-09-12T19:32:14.660" durationms="118.584" />

<exclusive-start id="5815" timestamp="2020-09-12T19:32:16.635" intervalms="2094.335">
  <response-info timems="0.518" idlems="0.518" threads="0" lastid="0000000000846A00" lastname="Group1.Backend.CompositeBackend{Tier1}.4" />
</exclusive-start>
<af-start id="5816" threadId="0000000000847380" totalBytesRequested="16" timestamp="2020-09-12T19:32:16.636" intervalms="2094.520" type="nursery" />
<cycle-start id="5817" type="scavenge" contextid="0" timestamp="2020-09-12T19:32:16.636" intervalms="2094.492" />
<gc-start id="5818" type="scavenge" contextid="5817" timestamp="2020-09-12T19:32:16.637">
  <mem-info id="5819" free="403325424" total="2853371904" percent="14">
    <mem type="nursery" free="0" total="939524096" percent="0">
      <mem type="allocate" free="0" total="792395776" percent="0" />
      <mem type="survivor" free="0" total="147128320" percent="0" />
    </mem>
    <mem type="tenure" free="403325424" total="1913847808" percent="21">
      <mem type="soa" free="290657016" total="1799016448" percent="16" />
      <mem type="loa" free="112668408" total="114831360" percent="98" />
    </mem>
    <remembered-set count="191968" />
  </mem-info>
</gc-start>
<allocation-stats totalBytes="677717648" >
  <allocated-bytes non-tlh="31798032" tlh="645919616" />
  <largest-consumer threadName="Group1.Backend.CompositeBackend{Tier1}.4" threadId="0000000000846A00" bytes="96387096" />
</allocation-stats>
<gc-op id="5820" type="scavenge" timems="105.291" contextid="5817" timestamp="2020-09-12T19:32:16.742">
  <scavenger-info tenureage="3" tenuremask="7ff8" tiltratio="84" />
  <memory-copied type="nursery" objects="4033585" bytes="108121016" bytesdiscarded="126352" />
  <memory-copied type="tenure" objects="1136250" bytes="30551648" bytesdiscarded="142440" />
  <ownableSynchronizers candidates="3739" cleared="3487" />
  <references type="soft" candidates="170" cleared="0" enqueued="0" dynamicThreshold="17" maxThreshold="32" />
  <references type="weak" candidates="123" cleared="123" enqueued="0" />
</gc-op>
<gc-end id="5821" type="scavenge" contextid="5817" durationms="106.247" usertimems="803.737" systemtimems="7.110" timestamp="2020-09-12T19:32:16.743" activeThreads="8">
  <mem-info id="5822" free="1060553112" total="2853371904" percent="37">
    <mem type="nursery" free="687993088" total="939524096" percent="73">
      <mem type="allocate" free="687993088" total="796327936" percent="86" />
      <mem type="survivor" free="0" total="143196160" percent="0" />
    </mem>
    <mem type="tenure" free="372560024" total="1913847808" percent="19" macro-fragmented="0">
      <mem type="soa" free="259891616" total="1799016448" percent="14" />
      <mem type="loa" free="112668408" total="114831360" percent="98" />
    </mem>
    <remembered-set count="28718" />
  </mem-info>
</gc-end>
<cycle-end id="5823" type="scavenge" contextid="5817" timestamp="2020-09-12T19:32:16.744" />
<allocation-satisfied id="5824" threadId="0000000000846A00" bytesRequested="16" />
<af-end id="5825" timestamp="2020-09-12T19:32:16.744" threadId="0000000000847380" success="true" from="nursery"/>
<exclusive-end id="5826" timestamp="2020-09-12T19:32:16.744" durationms="108.368" />

<exclusive-start id="5827" timestamp="2020-09-12T19:32:18.725" intervalms="2089.809">
  <response-info timems="0.684" idlems="0.684" threads="0" lastid="000000000077E000" lastname="Group1.Backend.CompositeBackend{Tier1}.1" />
</exclusive-start>
<af-start id="5828" threadId="000000000077E980" totalBytesRequested="24" timestamp="2020-09-12T19:32:18.726" intervalms="2089.938" type="nursery" />
<cycle-start id="5829" type="scavenge" contextid="0" timestamp="2020-09-12T19:32:18.727" intervalms="2090.906" />
<gc-start id="5830" type="scavenge" contextid="5829" timestamp="2020-09-12T19:32:18.728">
  <mem-info id="5831" free="372560024" total="2853371904" percent="13">
    <mem type="nursery" free="0" total="939524096" percent="0">
      <mem type="allocate" free="0" total="796327936" percent="0" />
      <mem type="survivor" free="0" total="143196160" percent="0" />
    </mem>
    <mem type="tenure" free="372560024" total="1913847808" percent="19">
      <mem type="soa" free="259891616" total="1799016448" percent="14" />
      <mem type="loa" free="112668408" total="114831360" percent="98" />
    </mem>
    <remembered-set count="191503" />
  </mem-info>
</gc-start>
<allocation-stats totalBytes="687661096" >
  <allocated-bytes non-tlh="31660016" tlh="656001080" />
  <largest-consumer threadName="Group1.Backend.CompositeBackend{Tier1}.2" threadId="0000000000780600" bytes="90666824" />
</allocation-stats>
<gc-op id="5832" type="scavenge" timems="143.289" contextid="5829" timestamp="2020-09-12T19:32:18.871">
  <scavenger-info tenureage="3" tenuremask="7ff8" tiltratio="84" />
  <memory-copied type="nursery" objects="4497496" bytes="119119400" bytesdiscarded="160296" />
  <memory-copied type="tenure" objects="1052981" bytes="28315120" bytesdiscarded="117680" />
  <ownableSynchronizers candidates="3865" cleared="3622" />
  <references type="soft" candidates="173" cleared="0" enqueued="0" dynamicThreshold="17" maxThreshold="32" />
  <references type="weak" candidates="119" cleared="118" enqueued="0" />
</gc-op>
<gc-end id="5833" type="scavenge" contextid="5829" durationms="144.573" usertimems="1057.149" systemtimems="10.708" timestamp="2020-09-12T19:32:18.872" activeThreads="8">
  <mem-info id="5834" free="1019118048" total="2853371904" percent="35">
    <mem type="nursery" free="674929176" total="939524096" percent="71">
      <mem type="allocate" free="674929176" total="794296320" percent="84" />
      <mem type="survivor" free="0" total="145227776" percent="0" />
    </mem>
    <mem type="tenure" free="344188872" total="1913847808" percent="17" macro-fragmented="0">
      <mem type="soa" free="231520464" total="1799016448" percent="12" />
      <mem type="loa" free="112668408" total="114831360" percent="98" />
    </mem>
    <remembered-set count="31052" />
  </mem-info>
</gc-end>
<cycle-end id="5835" type="scavenge" contextid="5829" timestamp="2020-09-12T19:32:18.873" />
<allocation-satisfied id="5836" threadId="000000000077E000" bytesRequested="24" />
<af-end id="5837" timestamp="2020-09-12T19:32:18.873" threadId="000000000077E980" success="true" from="nursery"/>
<exclusive-end id="5838" timestamp="2020-09-12T19:32:18.873" durationms="148.114" />

<exclusive-start id="5839" timestamp="2020-09-12T19:32:20.776" intervalms="2050.386">
  <response-info timems="0.770" idlems="0.388" threads="1" lastid="00000000007E1B00" lastname="controller-periodic.1" />
</exclusive-start>
<af-start id="5840" threadId="0000000000842080" totalBytesRequested="664" timestamp="2020-09-12T19:32:20.776" intervalms="2050.182" type="nursery" />
<cycle-start id="5841" type="scavenge" contextid="0" timestamp="2020-09-12T19:32:20.777" intervalms="2049.224" />
<gc-start id="5842" type="scavenge" contextid="5841" timestamp="2020-09-12T19:32:20.777">
  <mem-info id="5843" free="344188872" total="2853371904" percent="12">
    <mem type="nursery" free="0" total="939524096" percent="0">
      <mem type="allocate" free="0" total="794296320" percent="0" />
      <mem type="survivor" free="0" total="145227776" percent="0" />
    </mem>
    <mem type="tenure" free="344188872" total="1913847808" percent="17">
      <mem type="soa" free="231520464" total="1799016448" percent="12" />
      <mem type="loa" free="112668408" total="114831360" percent="98" />
    </mem>
    <remembered-set count="193561" />
  </mem-info>
</gc-start>
<allocation-stats totalBytes="674613096" >
  <allocated-bytes non-tlh="33161512" tlh="641451584" />
  <largest-consumer threadName="Group1.Backend.CompositeBackend{Tier1}.5" threadId="0000000000841700" bytes="94224144" />
</allocation-stats>
<gc-op id="5844" type="scavenge" timems="148.538" contextid="5841" timestamp="2020-09-12T19:32:20.925">
  <scavenger-info tenureage="3" tenuremask="7ff8" tiltratio="84" />
  <memory-copied type="nursery" objects="4238918" bytes="113559344" bytesdiscarded="163776" />
  <memory-copied type="tenure" objects="1060245" bytes="28514680" bytesdiscarded="111000" />
  <ownableSynchronizers candidates="3523" cleared="3283" />
  <references type="soft" candidates="161" cleared="0" enqueued="0" dynamicThreshold="17" maxThreshold="32" />
  <references type="weak" candidates="109" cleared="108" enqueued="0" />
</gc-op>
<gc-end id="5845" type="scavenge" contextid="5841" durationms="149.439" usertimems="1077.310" systemtimems="14.604" timestamp="2020-09-12T19:32:20.926" activeThreads="8">
  <mem-info id="5846" free="998439176" total="2853371904" percent="34">
    <mem type="nursery" free="682844520" total="939524096" percent="72">
      <mem type="allocate" free="682844520" total="796655616" percent="85" />
      <mem type="survivor" free="0" total="142868480" percent="0" />
    </mem>
    <mem type="tenure" free="315594656" total="1913847808" percent="16" macro-fragmented="0">
      <mem type="soa" free="202926248" total="1799016448" percent="11" />
      <mem type="loa" free="112668408" total="114831360" percent="98" />
    </mem>
    <remembered-set count="32242" />
  </mem-info>
</gc-end>
<cycle-end id="5847" type="scavenge" contextid="5841" timestamp="2020-09-12T19:32:20.927" />
<allocation-satisfied id="5848" threadId="0000000000841700" bytesRequested="664" />
<af-end id="5849" timestamp="2020-09-12T19:32:20.927" threadId="0000000000842080" success="true" from="nursery"/>
<exclusive-end id="5850" timestamp="2020-09-12T19:32:20.927" durationms="151.468" />

<exclusive-start id="5851" timestamp="2020-09-12T19:32:22.819" intervalms="2043.904">
  <response-info timems="1.687" idlems="1.687" threads="0" lastid="0000000000842E00" lastname="Group1.Backend.CompositeBackend{Tier1}.7" />
</exclusive-start>
<af-start id="5852" threadId="0000000000843780" totalBytesRequested="1032" timestamp="2020-09-12T19:32:22.820" intervalms="2043.890" type="nursery" />
<cycle-start id="5853" type="scavenge" contextid="0" timestamp="2020-09-12T19:32:22.820" intervalms="2043.870" />
<gc-start id="5854" type="scavenge" contextid="5853" timestamp="2020-09-12T19:32:22.821">
  <mem-info id="5855" free="315594656" total="2853371904" percent="11">
    <mem type="nursery" free="0" total="939524096" percent="0">
      <mem type="allocate" free="0" total="796655616" percent="0" />
      <mem type="survivor" free="0" total="142868480" percent="0" />
    </mem>
    <mem type="tenure" free="315594656" total="1913847808" percent="16">
      <mem type="soa" free="202926248" total="1799016448" percent="11" />
      <mem type="loa" free="112668408" total="114831360" percent="98" />
    </mem>
    <remembered-set count="194665" />
  </mem-info>
</gc-start>
<allocation-stats totalBytes="682539672" >
  <allocated-bytes non-tlh="33279688" tlh="649259984" />
  <largest-consumer threadName="Group1.Backend.CompositeBackend{Tier1}.4" threadId="0000000000846A00" bytes="82931528" />
</allocation-stats>
<gc-op id="5856" type="scavenge" timems="114.254" contextid="5853" timestamp="2020-09-12T19:32:22.935">
  <scavenger-info tenureage="3" tenuremask="7ff8" tiltratio="84" />
  <memory-copied type="nursery" objects="3995249" bytes="107251272" bytesdiscarded="243688" />
  <memory-copied type="tenure" objects="1099799" bytes="29553256" bytesdiscarded="128776" />
  <ownableSynchronizers candidates="4001" cleared="3757" />
  <references type="soft" candidates="179" cleared="0" enqueued="0" dynamicThreshold="17" maxThreshold="32" />
  <references type="weak" candidates="121" cleared="121" enqueued="0" />
</gc-op>
<gc-end id="5857" type="scavenge" contextid="5853" durationms="115.211" usertimems="842.385" systemtimems="0.000" timestamp="2020-09-12T19:32:22.936" activeThreads="8">
  <mem-info id="5858" free="978053736" total="2853371904" percent="34">
    <mem type="nursery" free="692162048" total="939524096" percent="73">
      <mem type="allocate" free="692162048" total="799735808" percent="86" />
      <mem type="survivor" free="0" total="139788288" percent="0" />
    </mem>
    <mem type="tenure" free="285891688" total="1913847808" percent="14" macro-fragmented="0">
      <mem type="soa" free="173223280" total="1799016448" percent="9" />
      <mem type="loa" free="112668408" total="114831360" percent="98" />
    </mem>
    <remembered-set count="31831" />
  </mem-info>
</gc-end>
<cycle-end id="5859" type="scavenge" contextid="5853" timestamp="2020-09-12T19:32:22.937" />
<allocation-satisfied id="5860" threadId="0000000000842E00" bytesRequested="1032" />
<af-end id="5861" timestamp="2020-09-12T19:32:22.937" threadId="0000000000843780" success="true" from="nursery"/>
<exclusive-end id="5862" timestamp="2020-09-12T19:32:22.937" durationms="117.418" />

<exclusive-start id="5863" timestamp="2020-09-12T19:32:24.845" intervalms="2025.427">
  <response-info timems="0.750" idlems="0.750" threads="0" lastid="0000000000843900" lastname="Group1.Backend.CompositeBackend{Tier1}.8" />
</exclusive-start>
<af-start id="5864" threadId="0000000000844280" totalBytesRequested="784" timestamp="2020-09-12T19:32:24.846" intervalms="2025.421" type="nursery" />
<cycle-start id="5865" type="scavenge" contextid="0" timestamp="2020-09-12T19:32:24.846" intervalms="2025.511" />
<gc-start id="5866" type="scavenge" contextid="5865" timestamp="2020-09-12T19:32:24.846">
  <mem-info id="5867" free="285891688" total="2853371904" percent="10">
    <mem type="nursery" free="0" total="939524096" percent="0">
      <mem type="allocate" free="0" total="799735808" percent="0" />
      <mem type="survivor" free="0" total="139788288" percent="0" />
    </mem>
    <mem type="tenure" free="285891688" total="1913847808" percent="14">
      <mem type="soa" free="173223280" total="1799016448" percent="9" />
      <mem type="loa" free="112668408" total="114831360" percent="98" />
    </mem>
    <remembered-set count="191519" />
  </mem-info>
</gc-start>
<allocation-stats totalBytes="691825160" >
  <allocated-bytes non-tlh="35998368" tlh="655826792" />
  <largest-consumer threadName="Group1.Backend.CompositeBackend{Tier1}.2" threadId="0000000000780600" bytes="104441112" />
</allocation-stats>
<gc-op id="5868" type="scavenge" timems="103.827" contextid="5865" timestamp="2020-09-12T19:32:24.950">
  <scavenger-info tenureage="3" tenuremask="7ff8" tiltratio="85" />
  <memory-copied type="nursery" objects="3964535" bytes="106583152" bytesdiscarded="151048" />
  <memory-copied type="tenure" objects="1089808" bytes="29287928" bytesdiscarded="114528" />
  <ownableSynchronizers candidates="3331" cleared="3088" />
  <references type="soft" candidates="176" cleared="0" enqueued="0" dynamicThreshold="17" maxThreshold="32" />
  <references type="weak" candidates="151" cleared="151" enqueued="0" />
</gc-op>
<gc-end id="5869" type="scavenge" contextid="5865" durationms="104.937" usertimems="728.958" systemtimems="1.668" timestamp="2020-09-12T19:32:24.951" activeThreads="8">
  <mem-info id="5870" free="953301032" total="2853371904" percent="33">
    <mem type="nursery" free="696853728" total="939524096" percent="74">
      <mem type="allocate" free="696853728" total="803667968" percent="86" />
      <mem type="survivor" free="0" total="135856128" percent="0" />
    </mem>
    <mem type="tenure" free="256447304" total="1913847808" percent="13" macro-fragmented="0">
      <mem type="soa" free="143778896" total="1799016448" percent="7" />
      <mem type="loa" free="112668408" total="114831360" percent="98" />
    </mem>
    <remembered-set count="30402" />
  </mem-info>
</gc-end>
<cycle-end id="5871" type="scavenge" contextid="5865" timestamp="2020-09-12T19:32:24.952" />
<allocation-satisfied id="5872" threadId="0000000000843900" bytesRequested="784" />
<af-end id="5873" timestamp="2020-09-12T19:32:24.952" threadId="0000000000844280" success="true" from="nursery"/>
<exclusive-end id="5874" timestamp="2020-09-12T19:32:24.952" durationms="107.607" />

<exclusive-start id="5875" timestamp="2020-09-12T19:32:27.040" intervalms="2195.021">
  <response-info timems="0.452" idlems="0.452" threads="0" lastid="0000000000845300" lastname="Group1.Backend.CompositeBackend{Tier1}.3" />
</exclusive-start>
<af-start id="5876" threadId="0000000000845C80" totalBytesRequested="120" timestamp="2020-09-12T19:32:27.041" intervalms="2194.906" type="nursery" />
<cycle-start id="5877" type="scavenge" contextid="0" timestamp="2020-09-12T19:32:27.041" intervalms="2194.847" />
<gc-start id="5878" type="scavenge" contextid="5877" timestamp="2020-09-12T19:32:27.041">
  <mem-info id="5879" free="256447304" total="2853371904" percent="8">
    <mem type="nursery" free="0" total="939524096" percent="0">
      <mem type="allocate" free="0" total="803667968" percent="0" />
      <mem type="survivor" free="0" total="135856128" percent="0" />
    </mem>
    <mem type="tenure" free="256447304" total="1913847808" percent="13">
      <mem type="soa" free="143778896" total="1799016448" percent="7" />
      <mem type="loa" free="112668408" total="114831360" percent="98" />
    </mem>
    <remembered-set count="196286" />
  </mem-info>
</gc-start>
<allocation-stats totalBytes="696513504" >
  <allocated-bytes non-tlh="27698984" tlh="668814520" />
  <largest-consumer threadName="Group1.Backend.CompositeBackend{Tier1}.3" threadId="0000000000845300" bytes="105325032" />
</allocation-stats>
<gc-op id="5880" type="scavenge" timems="129.578" contextid="5877" timestamp="2020-09-12T19:32:27.171">
  <scavenger-info tenureage="3" tenuremask="7ff8" tiltratio="85" />
  <memory-copied type="nursery" objects="4054707" bytes="108991904" bytesdiscarded="267752" />
  <memory-copied type="tenure" objects="1068132" bytes="28701168" bytesdiscarded="122504" />
  <ownableSynchronizers candidates="3581" cleared="3350" />
  <references type="soft" candidates="183" cleared="0" enqueued="0" dynamicThreshold="17" maxThreshold="32" />
  <references type="weak" candidates="118" cleared="117" enqueued="0" />
</gc-op>
<gc-end id="5881" type="scavenge" contextid="5877" durationms="130.353" usertimems="809.531" systemtimems="0.000" timestamp="2020-09-12T19:32:27.171" activeThreads="8">
  <mem-info id="5882" free="924207552" total="2853371904" percent="32">
    <mem type="nursery" free="696548304" total="939524096" percent="74">
      <mem type="allocate" free="696548304" total="805896192" percent="86" />
      <mem type="survivor" free="0" total="133627904" percent="0" />
    </mem>
    <mem type="tenure" free="227659248" total="1913847808" percent="11" macro-fragmented="0">
      <mem type="soa" free="114990840" total="1799016448" percent="6" />
      <mem type="loa" free="112668408" total="114831360" percent="98" />
    </mem>
    <remembered-set count="28696" />
  </mem-info>
</gc-end>
<cycle-end id="5883" type="scavenge" contextid="5877" timestamp="2020-09-12T19:32:27.172" />
<allocation-satisfied id="5884" threadId="0000000000845300" bytesRequested="120" />
<af-end id="5885" timestamp="2020-09-12T19:32:27.172" threadId="0000000000845C80" success="true" from="nursery"/>
<exclusive-end id="5886" timestamp="2020-09-12T19:32:27.172" durationms="132.360" />

<exclusive-start id="5887" timestamp="2020-09-12T19:32:29.190" intervalms="2150.378">
  <response-info timems="0.635" idlems="0.423" threads="2" lastid="0000000000843900" lastname="Group1.Backend.CompositeBackend{Tier1}.8" />
</exclusive-start>
<af-start id="5888" threadId="000000000077E980" totalBytesRequested="16" timestamp="2020-09-12T19:32:29.191" intervalms="2150.405" type="nursery" />
<cycle-start id="5889" type="scavenge" contextid="0" timestamp="2020-09-12T19:32:29.191" intervalms="2150.367" />
<gc-start id="5890" type="scavenge" contextid="5889" timestamp="2020-09-12T19:32:29.191">
  <mem-info id="5891" free="227659248" total="2853371904" percent="7">
    <mem type="nursery" free="0" total="939524096" percent="0">
      <mem type="allocate" free="0" total="805896192" percent="0" />
      <mem type="survivor" free="0" total="133627904" percent="0" />
    </mem>
    <mem type="tenure" free="227659248" total="1913847808" percent="11">
      <mem type="soa" free="114990840" total="1799016448" percent="6" />
      <mem type="loa" free="112668408" total="114831360" percent="98" />
    </mem>
    <remembered-set count="193376" />
  </mem-info>
</gc-start>
<allocation-stats totalBytes="696215736" >
  <allocated-bytes non-tlh="31942232" tlh="664273504" />
  <largest-consumer threadName="Group1.Backend.CompositeBackend{Tier1}.3" threadId="0000000000845300" bytes="111787384" />
</allocation-stats>
<gc-op id="5892" type="scavenge" timems="116.823" contextid="5889" timestamp="2020-09-12T19:32:29.308">
  <scavenger-info tenureage="3" tenuremask="7ff8" tiltratio="85" />
  <memory-copied type="nursery" objects="4123285" bytes="110840376" bytesdiscarded="286488" />
  <memory-copied type="tenure" objects="1066831" bytes="28679864" bytesdiscarded="130896" />
  <ownableSynchronizers candidates="3455" cleared="3219" />
  <references type="soft" candidates="168" cleared="0" enqueued="0" dynamicThreshold="17" maxThreshold="32" />
  <references type="weak" candidates="113" cleared="113" enqueued="0" />
</gc-op>
<gc-end id="5893" type="scavenge" contextid="5889" durationms="118.024" usertimems="779.315" systemtimems="0.000" timestamp="2020-09-12T19:32:29.309" activeThreads="8">
  <mem-info id="5894" free="895072040" total="2853371904" percent="31">
    <mem type="nursery" free="696186368" total="939524096" percent="74">
      <mem type="allocate" free="696186368" total="807403520" percent="86" />
      <mem type="survivor" free="0" total="132120576" percent="0" />
    </mem>
    <mem type="tenure" free="198885672" total="1913847808" percent="10" macro-fragmented="0">
      <mem type="soa" free="86217264" total="1799016448" percent="4" />
      <mem type="loa" free="112668408" total="114831360" percent="98" />
    </mem>
    <remembered-set count="28279" />
  </mem-info>
</gc-end>
<cycle-end id="5895" type="scavenge" contextid="5889" timestamp="2020-09-12T19:32:29.310" />
<allocation-satisfied id="5896" threadId="000000000077E000" bytesRequested="16" />
<af-end id="5897" timestamp="2020-09-12T19:32:29.310" threadId="000000000077E980" success="true" from="nursery"/>
<exclusive-end id="5898" timestamp="2020-09-12T19:32:29.310" durationms="120.218" />

<exclusive-start id="5899" timestamp="2020-09-12T19:32:31.395" intervalms="2204.738">
  <response-info timems="0.758" idlems="0.568" threads="1" lastid="0000000000843900" lastname="Group1.Backend.CompositeBackend{Tier1}.8" />
</exclusive-start>
<af-start id="5900" threadId="00000000008CA580" totalBytesRequested="16" timestamp="2020-09-12T19:32:31.396" intervalms="2204.779" type="nursery" />
<cycle-start id="5901" type="scavenge" contextid="0" timestamp="2020-09-12T19:32:31.396" intervalms="2204.830" />
<gc-start id="5902" type="scavenge" contextid="5901" timestamp="2020-09-12T19:32:31.396">
  <mem-info id="5903" free="198885672" total="2853371904" percent="6">
    <mem type="nursery" free="0" total="939524096" percent="0">
      <mem type="allocate" free="0" total="807403520" percent="0" />
      <mem type="survivor" free="0" total="132120576" percent="0" />
    </mem>
    <mem type="tenure" free="198885672" total="1913847808" percent="10">
      <mem type="soa" free="86217264" total="1799016448" percent="4" />
      <mem type="loa" free="112668408" total="114831360" percent="98" />
    </mem>
    <remembered-set count="195488" />
  </mem-info>
</gc-start>
<allocation-stats totalBytes="695832328" >
  <allocated-bytes non-tlh="29284936" tlh="666547392" />
  <largest-consumer threadName="Group1.Backend.CompositeBackend{Tier1}.1" threadId="000000000077E000" bytes="101701480" />
</allocation-stats>
<gc-op id="5904" type="scavenge" timems="120.696" contextid="5901" timestamp="2020-09-12T19:32:31.517">
  <scavenger-info tenureage="3" tenuremask="7ff8" tiltratio="85" />
  <memory-copied type="nursery" objects="4243696" bytes="113686360" bytesdiscarded="158800" />
  <memory-copied type="tenure" objects="1065153" bytes="28767376" bytesdiscarded="127256" />
  <ownableSynchronizers candidates="3514" cleared="3287" />
  <references type="soft" candidates="172" cleared="0" enqueued="0" dynamicThreshold="17" maxThreshold="32" />
  <references type="weak" candidates="122" cleared="122" enqueued="0" />
</gc-op>
<gc-end id="5905" type="scavenge" contextid="5901" durationms="121.929" usertimems="817.648" systemtimems="26.869" timestamp="2020-09-12T19:32:31.518" activeThreads="8">
  <mem-info id="5906" free="864685600" total="2853371904" percent="30">
    <mem type="nursery" free="694720512" total="939524096" percent="73">
      <mem type="allocate" free="694720512" total="808648704" percent="85" />
      <mem type="survivor" free="0" total="130875392" percent="0" />
    </mem>
    <mem type="tenure" free="169965088" total="1913847808" percent="8" macro-fragmented="0">
      <mem type="soa" free="57296680" total="1799016448" percent="3" />
      <mem type="loa" free="112668408" total="114831360" percent="98" />
    </mem>
    <remembered-set count="31006" />
  </mem-info>
</gc-end>
<cycle-end id="5907" type="scavenge" contextid="5901" timestamp="2020-09-12T19:32:31.519" />
<allocation-satisfied id="5908" threadId="00000000008C9C00" bytesRequested="16" />
<af-end id="5909" timestamp="2020-09-12T19:32:31.519" threadId="00000000008CA580" success="true" from="nursery"/>
<exclusive-end id="5910" timestamp="2020-09-12T19:32:31.519" durationms="123.943" />

<exclusive-start id="5911" timestamp="2020-09-12T19:32:33.448" intervalms="2052.675">
  <response-info timems="2.957" idlems="2.957" threads="0" lastid="0000000000780600" lastname="Group1.Backend.CompositeBackend{Tier1}.2" />
</exclusive-start>
<af-start id="5912" threadId="0000000000780F80" totalBytesRequested="131080" timestamp="2020-09-12T19:32:33.449" intervalms="2052.807" type="nursery" />
<cycle-start id="5913" type="scavenge" contextid="0" timestamp="2020-09-12T19:32:33.449" intervalms="2052.897" />
<gc-start id="5914" type="scavenge" contextid="5913" timestamp="2020-09-12T19:32:33.449">
  <mem-info id="5915" free="169965088" total="2853371904" percent="5">
    <mem type="nursery" free="0" total="939524096" percent="0">
      <mem type="allocate" free="0" total="808648704" percent="0" />
      <mem type="survivor" free="0" total="130875392" percent="0" />
    </mem>
    <mem type="tenure" free="169965088" total="1913847808" percent="8">
      <mem type="soa" free="57296680" total="1799016448" percent="3" />
      <mem type="loa" free="112668408" total="114831360" percent="98" />
    </mem>
    <remembered-set count="192774" />
  </mem-info>
</gc-start>
<allocation-stats totalBytes="694385568" >
  <allocated-bytes non-tlh="37116632" tlh="657268936" />
  <largest-consumer threadName="Group1.Backend.CompositeBackend{Tier1}.1" threadId="000000000077E000" bytes="104805464" />
</allocation-stats>
<gc-op id="5916" type="scavenge" timems="129.112" contextid="5913" timestamp="2020-09-12T19:32:33.578">
  <scavenger-info tenureage="3" tenuremask="7ff8" tiltratio="86" />
  <memory-copied type="nursery" objects="4185259" bytes="111965728" bytesdiscarded="276392" />
  <memory-copied type="tenure" objects="1124295" bytes="30244080" bytesdiscarded="127656" />
  <ownableSynchronizers candidates="4258" cleared="4023" />
  <references type="soft" candidates="185" cleared="0" enqueued="0" dynamicThreshold="17" maxThreshold="32" />
  <references type="weak" candidates="118" cleared="118" enqueued="0" />
</gc-op>
<gc-end id="5917" type="scavenge" contextid="5913" durationms="130.041" usertimems="923.174" systemtimems="10.031" timestamp="2020-09-12T19:32:33.579" activeThreads="8">
  <mem-info id="5918" free="836611872" total="2853371904" percent="29">
    <mem type="nursery" free="697048064" total="939524096" percent="74">
      <mem type="allocate" free="697048064" total="809369600" percent="86" />
      <mem type="survivor" free="0" total="130154496" percent="0" />
    </mem>
    <mem type="tenure" free="139563808" total="1913847808" percent="7" macro-fragmented="0">
      <mem type="soa" free="26895400" total="1799016448" percent="1" />
      <mem type="loa" free="112668408" total="114831360" percent="98" />
    </mem>
    <remembered-set count="32429" />
  </mem-info>
</gc-end>
<cycle-end id="5919" type="scavenge" contextid="5913" timestamp="2020-09-12T19:32:33.580" />
<allocation-satisfied id="5920" threadId="0000000000780600" bytesRequested="131080" />
<af-end id="5921" timestamp="2020-09-12T19:32:33.580" threadId="0000000000780F80" success="true" from="nursery"/>
<exclusive-end id="5922" timestamp="2020-09-12T19:32:33.580" durationms="132.511" />

<exclusive-start id="5923" timestamp="2020-09-12T19:32:35.507" intervalms="2059.593">
  <response-info timems="1.052" idlems="1.052" threads="0" lastid="0000000000842200" lastname="Group1.Backend.CompositeBackend{Tier1}.6" />
</exclusive-start>
<af-start id="5924" threadId="0000000000842B80" totalBytesRequested="32" timestamp="2020-09-12T19:32:35.508" intervalms="2059.422" type="nursery" />
<percolate-collect id="5925" from="nursery" to="global" reason="prevent tenure expand" timestamp="2020-09-12T19:32:35.508"/>
<cycle-start id="5926" type="global" contextid="0" timestamp="2020-09-12T19:32:35.508" intervalms="65793.637" />
<gc-start id="5927" type="global" contextid="5926" timestamp="2020-09-12T19:32:35.509">
  <mem-info id="5928" free="139563808" total="2853371904" percent="4">
    <mem type="nursery" free="0" total="939524096" percent="0">
      <mem type="allocate" free="0" total="809369600" percent="0" />
      <mem type="survivor" free="0" total="130154496" percent="0" />
    </mem>
    <mem type="tenure" free="139563808" total="1913847808" percent="7">
      <mem type="soa" free="26895400" total="1799016448" percent="1" />
      <mem type="loa" free="112668408" total="114831360" percent="98" />
    </mem>
    <remembered-set count="195699" />
  </mem-info>
</gc-start>
<allocation-stats totalBytes="696722176" >
  <allocated-bytes non-tlh="36395416" tlh="660326760" />
  <largest-consumer threadName="Group1.Backend.CompositeBackend{Tier1}.6" threadId="0000000000842200" bytes="147012600" />
</allocation-stats>
<gc-op id="5929" type="mark" timems="665.623" contextid="5926" timestamp="2020-09-12T19:32:36.174">
  <trace-info objectcount="31211956" scancount="30232433" scanbytes="825503212" />
  <finalization candidates="150" enqueued="0" />
  <ownableSynchronizers candidates="593114" cleared="4641" />
  <references type="soft" candidates="721399" cleared="120" enqueued="74" dynamicThreshold="17" maxThreshold="32" />
  <references type="weak" candidates="4407" cleared="118" enqueued="0" />
  <references type="phantom" candidates="106" cleared="0" enqueued="0" />
  <stringconstants candidates="10914" cleared="297"  />
</gc-op>
<gc-op id="5930" type="sweep" timems="42.345" contextid="5926" timestamp="2020-09-12T19:32:36.217" />
<gc-end id="5931" type="global" contextid="5926" durationms="709.527" usertimems="5110.964" systemtimems="2.907" timestamp="2020-09-12T19:32:36.218" activeThreads="8">
  <mem-info id="5932" free="1667936496" total="2853371904" percent="58">
    <mem type="nursery" free="610930024" total="939524096" percent="65">
      <mem type="allocate" free="610930024" total="809369600" percent="75" />
      <mem type="survivor" free="0" total="130154496" percent="0" />
    </mem>
    <mem type="tenure" free="1057006472" total="1913847808" percent="55" micro-fragmented="96350642" macro-fragmented="0">
      <mem type="soa" free="944336640" total="1799016448" percent="52" />
      <mem type="loa" free="112669832" total="114831360" percent="98" />
    </mem>
    <pending-finalizers system="0" default="0" reference="74" classloader="0" />
    <remembered-set count="190300" />
  </mem-info>
</gc-end>
<cycle-end id="5933" type="global" contextid="5926" timestamp="2020-09-12T19:32:36.223" />
<allocation-satisfied id="5934" threadId="0000000000842200" bytesRequested="32" />
<af-end id="5935" timestamp="2020-09-12T19:32:36.224" threadId="0000000000842B80" success="true" from="nursery"/>
<exclusive-end id="5936" timestamp="2020-09-12T19:32:36.224" durationms="716.362" />

<exclusive-start id="5937" timestamp="2020-09-12T19:32:37.418" intervalms="1910.926">
  <response-info timems="1.761" idlems="1.715" threads="1" lastid="0000000000841700" lastname="Group1.Backend.CompositeBackend{Tier1}.5" />
</exclusive-start>
<af-start id="5938" threadId="000000000077E980" totalBytesRequested="16" timestamp="2020-09-12T19:32:37.420" intervalms="1911.620" type="nursery" />
<cycle-start id="5939" type="scavenge" contextid="0" timestamp="2020-09-12T19:32:37.420" intervalms="3971.026" />
<gc-start id="5940" type="scavenge" contextid="5939" timestamp="2020-09-12T19:32:37.421">
  <mem-info id="5941" free="1057006424" total="2853371904" percent="37">
    <mem type="nursery" free="0" total="939524096" percent="0">
      <mem type="allocate" free="0" total="809369600" percent="0" />
      <mem type="survivor" free="0" total="130154496" percent="0" />
    </mem>
    <mem type="tenure" free="1057006424" total="1913847808" percent="55">
      <mem type="soa" free="944336592" total="1799016448" percent="52" />
      <mem type="loa" free="112669832" total="114831360" percent="98" />
    </mem>
    <remembered-set count="246428" />
  </mem-info>
</gc-start>
<allocation-stats totalBytes="608483000" >
  <allocated-bytes non-tlh="29999992" tlh="578483008" />
  <largest-consumer threadName="Group1.Backend.CompositeBackend{Tier1}.5" threadId="0000000000841700" bytes="87024728" />
</allocation-stats>
<gc-op id="5942" type="scavenge" timems="202.690" contextid="5939" timestamp="2020-09-12T19:32:37.623">
  <scavenger-info tenureage="3" tenuremask="7ff8" tiltratio="86" />
  <memory-copied type="nursery" objects="4837236" bytes="129980888" bytesdiscarded="39696" />
  <memory-copied type="tenure" objects="1294194" bytes="34434432" bytesdiscarded="95344" />
  <copy-failed type="nursery" objects="276228" bytes="7079008" />
  <ownableSynchronizers candidates="1181109" cleared="1180804" />
  <references type="soft" candidates="102" cleared="0" enqueued="0" dynamicThreshold="17" maxThreshold="32" />
  <references type="weak" candidates="98" cleared="98" enqueued="0" />
</gc-op>
<gc-end id="5943" type="scavenge" contextid="5939" durationms="204.248" usertimems="1412.228" systemtimems="40.342" timestamp="2020-09-12T19:32:37.624" activeThreads="8">
  <mem-info id="5944" free="1650159552" total="2853371904" percent="57">
    <mem type="nursery" free="627703808" total="939524096" percent="66">
      <mem type="allocate" free="627703808" total="757858304" percent="82" />
      <mem type="survivor" free="0" total="181665792" percent="0" />
    </mem>
    <mem type="tenure" free="1022455744" total="1913847808" percent="53" macro-fragmented="0">
      <mem type="soa" free="909785912" total="1799016448" percent="50" />
      <mem type="loa" free="112669832" total="114831360" percent="98" />
    </mem>
    <remembered-set count="43277" />
  </mem-info>
</gc-end>
<cycle-end id="5945" type="scavenge" contextid="5939" timestamp="2020-09-12T19:32:37.626" />
<allocation-satisfied id="5946" threadId="000000000077E000" bytesRequested="16" />
<af-end id="5947" timestamp="2020-09-12T19:32:37.626" threadId="000000000077E980" success="true" from="nursery"/>
<exclusive-end id="5948" timestamp="2020-09-12T19:32:37.627" durationms="208.564" />

<exclusive-start id="5949" timestamp="2020-09-12T19:32:39.317" intervalms="1899.056">
  <response-info timems="0.680" idlems="0.680" threads="0" lastid="0000000000841700" lastname="Group1.Backend.CompositeBackend{Tier1}.5" />
</exclusive-start>
<af-start id="5950" threadId="0000000000842080" totalBytesRequested="1032" timestamp="2020-09-12T19:32:39.318" intervalms="1898.351" type="nursery" />
<cycle-start id="5951" type="scavenge" contextid="0" timestamp="2020-09-12T19:32:39.318" intervalms="1898.273" />
<gc-start id="5952" type="scavenge" contextid="5951" timestamp="2020-09-12T19:32:39.318">
  <mem-info id="5953" free="1022455744" total="2853371904" percent="35">
    <mem type="nursery" free="0" total="939524096" percent="0">
      <mem type="allocate" free="0" total="757858304" percent="0" />
      <mem type="survivor" free="0" total="181665792" percent="0" />
    </mem>
    <mem type="tenure" free="1022455744" total="1913847808" percent="53">
      <mem type="soa" free="909785912" total="1799016448" percent="50" />
      <mem type="loa" free="112669832" total="114831360" percent="98" />
    </mem>
    <remembered-set count="200173" />
  </mem-info>
</gc-start>
<allocation-stats totalBytes="627396528" >
  <allocated-bytes non-tlh="25823760" tlh="601572768" />
  <largest-consumer threadName="Group1.Backend.CompositeBackend{Tier1}.6" threadId="0000000000842200" bytes="80317200" />
</allocation-stats>
<gc-op id="5954" type="scavenge" timems="160.519" contextid="5951" timestamp="2020-09-12T19:32:39.479">
  <scavenger-info tenureage="3" tenuremask="7ff8" tiltratio="80" />
  <memory-copied type="nursery" objects="4771055" bytes="128277552" bytesdiscarded="222872" />
  <memory-copied type="tenure" objects="994981" bytes="26814232" bytesdiscarded="104072" />
  <ownableSynchronizers candidates="3666" cleared="3488" />
  <references type="soft" candidates="137" cleared="0" enqueued="0" dynamicThreshold="17" maxThreshold="32" />
  <references type="weak" candidates="103" cleared="103" enqueued="0" />
</gc-op>
<gc-end id="5955" type="scavenge" contextid="5951" durationms="161.761" usertimems="1150.272" systemtimems="24.605" timestamp="2020-09-12T19:32:39.480" activeThreads="8">
  <mem-info id="5956" free="1630377368" total="2853371904" percent="57">
    <mem type="nursery" free="634918912" total="939524096" percent="67">
      <mem type="allocate" free="634918912" total="763494400" percent="83" />
      <mem type="survivor" free="0" total="176029696" percent="0" />
    </mem>
    <mem type="tenure" free="995458456" total="1913847808" percent="52" macro-fragmented="0">
      <mem type="soa" free="882788624" total="1799016448" percent="49" />
      <mem type="loa" free="112669832" total="114831360" percent="98" />
    </mem>
    <remembered-set count="41039" />
  </mem-info>
</gc-end>
<cycle-end id="5957" type="scavenge" contextid="5951" timestamp="2020-09-12T19:32:39.482" />
<allocation-satisfied id="5958" threadId="0000000000841700" bytesRequested="1032" />
<af-end id="5959" timestamp="2020-09-12T19:32:39.482" threadId="0000000000842080" success="true" from="nursery"/>
<exclusive-end id="5960" timestamp="2020-09-12T19:32:39.482" durationms="165.101" />

<exclusive-start id="5961" timestamp="2020-09-12T19:32:41.231" intervalms="1913.904">
  <response-info timems="2.166" idlems="2.166" threads="0" lastid="0000000000841700" lastname="Group1.Backend.CompositeBackend{Tier1}.5" />
</exclusive-start>
<af-start id="5962" threadId="0000000000842080" totalBytesRequested="32" timestamp="2020-09-12T19:32:41.232" intervalms="1913.890" type="nursery" />
<cycle-start id="5963" type="scavenge" contextid="0" timestamp="2020-09-12T19:32:41.232" intervalms="1913.993" />
<gc-start id="5964" type="scavenge" contextid="5963" timestamp="2020-09-12T19:32:41.233">
  <mem-info id="5965" free="995458456" total="2853371904" percent="34">
    <mem type="nursery" free="0" total="939524096" percent="0">
      <mem type="allocate" free="0" total="763494400" percent="0" />
      <mem type="survivor" free="0" total="176029696" percent="0" />
    </mem>
    <mem type="tenure" free="995458456" total="1913847808" percent="52">
      <mem type="soa" free="882788624" total="1799016448" percent="49" />
      <mem type="loa" free="112669832" total="114831360" percent="98" />
    </mem>
    <remembered-set count="193284" />
  </mem-info>
</gc-start>
<allocation-stats totalBytes="634629376" >
  <allocated-bytes non-tlh="36104192" tlh="598525184" />
  <largest-consumer threadName="Group1.Backend.CompositeBackend{Tier1}.7" threadId="0000000000842E00" bytes="91087376" />
</allocation-stats>
<gc-op id="5966" type="scavenge" timems="160.466" contextid="5963" timestamp="2020-09-12T19:32:41.394">
  <scavenger-info tenureage="3" tenuremask="7ff8" tiltratio="81" />
  <memory-copied type="nursery" objects="4832372" bytes="129600752" bytesdiscarded="214280" />
  <memory-copied type="tenure" objects="936309" bytes="25216200" bytesdiscarded="90744" />
  <ownableSynchronizers candidates="3019" cleared="2816" />
  <references type="soft" candidates="149" cleared="0" enqueued="0" dynamicThreshold="17" maxThreshold="32" />
  <references type="weak" candidates="107" cleared="107" enqueued="0" />
</gc-op>
<gc-end id="5967" type="scavenge" contextid="5963" durationms="161.422" usertimems="1097.659" systemtimems="23.643" timestamp="2020-09-12T19:32:41.394" activeThreads="8">
  <mem-info id="5968" free="1609642616" total="2853371904" percent="56">
    <mem type="nursery" free="639498232" total="939524096" percent="68">
      <mem type="allocate" free="639498232" total="769392640" percent="83" />
      <mem type="survivor" free="0" total="170131456" percent="0" />
    </mem>
    <mem type="tenure" free="970144384" total="1913847808" percent="50" macro-fragmented="0">
      <mem type="soa" free="857474552" total="1799016448" percent="47" />
      <mem type="loa" free="112669832" total="114831360" percent="98" />
    </mem>
    <remembered-set count="36474" />
  </mem-info>
</gc-end>
<cycle-end id="5969" type="scavenge" contextid="5963" timestamp="2020-09-12T19:32:41.395" />
<allocation-satisfied id="5970" threadId="0000000000841700" bytesRequested="32" />
<af-end id="5971" timestamp="2020-09-12T19:32:41.395" threadId="0000000000842080" success="true" from="nursery"/>
<exclusive-end id="5972" timestamp="2020-09-12T19:32:41.395" durationms="164.224" />

<exclusive-start id="5973" timestamp="2020-09-12T19:32:43.195" intervalms="1963.677">
  <response-info timems="4.612" idlems="4.612" threads="0" lastid="0000000000845300" lastname="Group1.Backend.CompositeBackend{Tier1}.3" />
</exclusive-start>
<af-start id="5974" threadId="0000000000845C80" totalBytesRequested="264" timestamp="2020-09-12T19:32:43.196" intervalms="1963.705" type="nursery" />
<cycle-start id="5975" type="scavenge" contextid="0" timestamp="2020-09-12T19:32:43.196" intervalms="1963.553" />
<gc-start id="5976" type="scavenge" contextid="5975" timestamp="2020-09-12T19:32:43.196">
  <mem-info id="5977" free="970144384" total="2853371904" percent="33">
    <mem type="nursery" free="0" total="939524096" percent="0">
      <mem type="allocate" free="0" total="769392640" percent="0" />
      <mem type="survivor" free="0" total="170131456" percent="0" />
    </mem>
    <mem type="tenure" free="970144384" total="1913847808" percent="50">
      <mem type="soa" free="857474552" total="1799016448" percent="47" />
      <mem type="loa" free="112669832" total="114831360" percent="98" />
    </mem>
    <remembered-set count="194042" />
  </mem-info>
</gc-start>
<allocation-stats totalBytes="639171896" >
  <allocated-bytes non-tlh="28882432" tlh="610289464" />
  <largest-consumer threadName="Group1.Backend.CompositeBackend{Tier1}.7" threadId="0000000000842E00" bytes="110689840" />
</allocation-stats>
<gc-op id="5978" type="scavenge" timems="146.967" contextid="5975" timestamp="2020-09-12T19:32:43.343">
  <scavenger-info tenureage="3" tenuremask="7ff8" tiltratio="81" />
  <memory-copied type="nursery" objects="3821885" bytes="102582360" bytesdiscarded="186504" />
  <memory-copied type="tenure" objects="1916368" bytes="51692568" bytesdiscarded="112512" />
  <ownableSynchronizers candidates="4076" cleared="3824" />
  <references type="soft" candidates="159" cleared="0" enqueued="0" dynamicThreshold="17" maxThreshold="32" />
  <references type="weak" candidates="118" cleared="117" enqueued="0" />
</gc-op>
<gc-end id="5979" type="scavenge" contextid="5975" durationms="148.147" usertimems="970.150" systemtimems="31.166" timestamp="2020-09-12T19:32:43.344" activeThreads="8">
  <mem-info id="5980" free="1589725872" total="2853371904" percent="55">
    <mem type="nursery" free="671519744" total="939524096" percent="71">
      <mem type="allocate" free="671519744" total="774373376" percent="86" />
      <mem type="survivor" free="0" total="165150720" percent="0" />
    </mem>
    <mem type="tenure" free="918206128" total="1913847808" percent="47" macro-fragmented="0">
      <mem type="soa" free="805536296" total="1799016448" percent="44" />
      <mem type="loa" free="112669832" total="114831360" percent="98" />
    </mem>
    <remembered-set count="26673" />
  </mem-info>
</gc-end>
<cycle-end id="5981" type="scavenge" contextid="5975" timestamp="2020-09-12T19:32:43.346" />
<allocation-satisfied id="5982" threadId="0000000000845300" bytesRequested="264" />
<af-end id="5983" timestamp="2020-09-12T19:32:43.346" threadId="0000000000845C80" success="true" from="nursery"/>
<exclusive-end id="5984" timestamp="2020-09-12T19:32:43.346" durationms="150.757" />

<exclusive-start id="5985" timestamp="2020-09-12T19:32:45.193" intervalms="1998.284">
  <response-info timems="0.419" idlems="0.419" threads="0" lastid="0000000000A74500" lastname="Group1.Backend.CompositeBackend{Tier3}.4" />
</exclusive-start>
<af-start id="5986" threadId="0000000000A74E80" totalBytesRequested="16" timestamp="2020-09-12T19:32:45.194" intervalms="1998.258" type="nursery" />
<cycle-start id="5987" type="scavenge" contextid="0" timestamp="2020-09-12T19:32:45.194" intervalms="1998.276" />
<gc-start id="5988" type="scavenge" contextid="5987" timestamp="2020-09-12T19:32:45.194">
  <mem-info id="5989" free="918206128" total="2853371904" percent="32">
    <mem type="nursery" free="0" total="939524096" percent="0">
      <mem type="allocate" free="0" total="774373376" percent="0" />
      <mem type="survivor" free="0" total="165150720" percent="0" />
    </mem>
    <mem type="tenure" free="918206128" total="1913847808" percent="47">
      <mem type="soa" free="805536296" total="1799016448" percent="44" />
      <mem type="loa" free="112669832" total="114831360" percent="98" />
    </mem>
    <remembered-set count="185699" />
  </mem-info>
</gc-start>
<allocation-stats totalBytes="671218072" >
  <allocated-bytes non-tlh="34010432" tlh="637207640" />
  <largest-consumer threadName="Group1.Backend.CompositeBackend{Tier1}.4" threadId="0000000000846A00" bytes="95752312" />
</allocation-stats>
<gc-op id="5990" type="scavenge" timems="115.178" contextid="5987" timestamp="2020-09-12T19:32:45.310">
  <scavenger-info tenureage="3" tenuremask="7ff8" tiltratio="82" />
  <memory-copied type="nursery" objects="3825446" bytes="102681024" bytesdiscarded="134128" />
  <memory-copied type="tenure" objects="1057192" bytes="28427912" bytesdiscarded="109160" />
  <ownableSynchronizers candidates="3657" cleared="3419" />
  <references type="soft" candidates="164" cleared="0" enqueued="0" dynamicThreshold="17" maxThreshold="32" />
  <references type="weak" candidates="122" cleared="122" enqueued="0" />
</gc-op>
<gc-end id="5991" type="scavenge" contextid="5987" durationms="116.692" usertimems="819.179" systemtimems="1.745" timestamp="2020-09-12T19:32:45.311" activeThreads="8">
  <mem-info id="5992" free="1571084448" total="2853371904" percent="55">
    <mem type="nursery" free="681434368" total="939524096" percent="72">
      <mem type="allocate" free="681434368" total="784334848" percent="86" />
      <mem type="survivor" free="0" total="155189248" percent="0" />
    </mem>
    <mem type="tenure" free="889650080" total="1913847808" percent="46" macro-fragmented="0">
      <mem type="soa" free="776980248" total="1799016448" percent="43" />
      <mem type="loa" free="112669832" total="114831360" percent="98" />
    </mem>
    <remembered-set count="25871" />
  </mem-info>
</gc-end>
<cycle-end id="5993" type="scavenge" contextid="5987" timestamp="2020-09-12T19:32:45.312" />
<allocation-satisfied id="5994" threadId="0000000000A74500" bytesRequested="16" />
<af-end id="5995" timestamp="2020-09-12T19:32:45.312" threadId="0000000000A74E80" success="true" from="nursery"/>
<exclusive-end id="5996" timestamp="2020-09-12T19:32:45.312" durationms="118.984" />

<exclusive-start id="5997" timestamp="2020-09-12T19:32:47.315" intervalms="2122.167">
  <response-info timems="7.538" idlems="7.518" threads="1" lastid="0000000000780600" lastname="Group1.Backend.CompositeBackend{Tier1}.2" />
</exclusive-start>
<af-start id="5998" threadId="000000000077E980" totalBytesRequested="16" timestamp="2020-09-12T19:32:47.316" intervalms="2122.261" type="nursery" />
<cycle-start id="5999" type="scavenge" contextid="0" timestamp="2020-09-12T19:32:47.316" intervalms="2122.339" />
<gc-start id="6000" type="scavenge" contextid="5999" timestamp="2020-09-12T19:32:47.317">
  <mem-info id="6001" free="889650080" total="2853371904" percent="31">
    <mem type="nursery" free="0" total="939524096" percent="0">
      <mem type="allocate" free="0" total="784334848" percent="0" />
      <mem type="survivor" free="0" total="155189248" percent="0" />
    </mem>
    <mem type="tenure" free="889650080" total="1913847808" percent="46">
      <mem type="soa" free="776980248" total="1799016448" percent="43" />
      <mem type="loa" free="112669832" total="114831360" percent="98" />
    </mem>
    <remembered-set count="189938" />
  </mem-info>
</gc-start>
<allocation-stats totalBytes="681109336" >
  <allocated-bytes non-tlh="30086904" tlh="651022432" />
  <largest-consumer threadName="Group1.Backend.CompositeBackend{Tier1}.2" threadId="0000000000780600" bytes="98275472" />
</allocation-stats>
<gc-op id="6002" type="scavenge" timems="132.636" contextid="5999" timestamp="2020-09-12T19:32:47.449">
  <scavenger-info tenureage="3" tenuremask="7ff8" tiltratio="83" />
  <memory-copied type="nursery" objects="4069705" bytes="108890768" bytesdiscarded="154696" />
  <memory-copied type="tenure" objects="966984" bytes="26008784" bytesdiscarded="106696" />
  <ownableSynchronizers candidates="3181" cleared="2952" />
  <references type="soft" candidates="182" cleared="0" enqueued="0" dynamicThreshold="17" maxThreshold="32" />
  <references type="weak" candidates="108" cleared="108" enqueued="0" />
</gc-op>
<gc-end id="6003" type="scavenge" contextid="5999" durationms="133.909" usertimems="942.588" systemtimems="14.003" timestamp="2020-09-12T19:32:47.450" activeThreads="8">
  <mem-info id="6004" free="1543911240" total="2853371904" percent="54">
    <mem type="nursery" free="680441592" total="939524096" percent="72">
      <mem type="allocate" free="680441592" total="789577728" percent="86" />
      <mem type="survivor" free="0" total="149946368" percent="0" />
    </mem>
    <mem type="tenure" free="863469648" total="1913847808" percent="45" macro-fragmented="0">
      <mem type="soa" free="750799816" total="1799016448" percent="41" />
      <mem type="loa" free="112669832" total="114831360" percent="98" />
    </mem>
    <remembered-set count="28512" />
  </mem-info>
</gc-end>
<cycle-end id="6005" type="scavenge" contextid="5999" timestamp="2020-09-12T19:32:47.452" />
<allocation-satisfied id="6006" threadId="000000000077E000" bytesRequested="16" />
<af-end id="6007" timestamp="2020-09-12T19:32:47.452" threadId="000000000077E980" success="true" from="nursery"/>
<exclusive-end id="6008" timestamp="2020-09-12T19:32:47.452" durationms="136.366" />

<exclusive-start id="6009" timestamp="2020-09-12T19:32:49.379" intervalms="2063.381">
  <response-info timems="0.510" idlems="0.510" threads="0" lastid="0000000000843900" lastname="Group1.Backend.CompositeBackend{Tier1}.8" />
</exclusive-start>
<af-start id="6010" threadId="0000000000844280" totalBytesRequested="16" timestamp="2020-09-12T19:32:49.380" intervalms="2063.395" type="nursery" />
<cycle-start id="6011" type="scavenge" contextid="0" timestamp="2020-09-12T19:32:49.380" intervalms="2063.358" />
<gc-start id="6012" type="scavenge" contextid="6011" timestamp="2020-09-12T19:32:49.380">
  <mem-info id="6013" free="863469648" total="2853371904" percent="30">
    <mem type="nursery" free="0" total="939524096" percent="0">
      <mem type="allocate" free="0" total="789577728" percent="0" />
      <mem type="survivor" free="0" total="149946368" percent="0" />
    </mem>
    <mem type="tenure" free="863469648" total="1913847808" percent="45">
      <mem type="soa" free="750799816" total="1799016448" percent="41" />
      <mem type="loa" free="112669832" total="114831360" percent="98" />
    </mem>
    <remembered-set count="192774" />
  </mem-info>
</gc-start>
<allocation-stats totalBytes="680115440" >
  <allocated-bytes non-tlh="29562584" tlh="650552856" />
  <largest-consumer threadName="Group1.Backend.CompositeBackend{Tier1}.6" threadId="0000000000842200" bytes="90860648" />
</allocation-stats>
<gc-op id="6014" type="scavenge" timems="117.051" contextid="6011" timestamp="2020-09-12T19:32:49.497">
  <scavenger-info tenureage="3" tenuremask="7ff8" tiltratio="84" />
  <memory-copied type="nursery" objects="4055132" bytes="108749784" bytesdiscarded="225984" />
  <memory-copied type="tenure" objects="1022267" bytes="27495280" bytesdiscarded="103176" />
  <ownableSynchronizers candidates="3926" cleared="3686" />
  <references type="soft" candidates="172" cleared="0" enqueued="0" dynamicThreshold="17" maxThreshold="32" />
  <references type="weak" candidates="123" cleared="123" enqueued="0" />
</gc-op>
<gc-end id="6015" type="scavenge" contextid="6011" durationms="118.002" usertimems="838.206" systemtimems="4.155" timestamp="2020-09-12T19:32:49.498" activeThreads="8">
  <mem-info id="6016" free="1521948912" total="2853371904" percent="53">
    <mem type="nursery" free="686158592" total="939524096" percent="73">
      <mem type="allocate" free="686158592" total="795213824" percent="86" />
      <mem type="survivor" free="0" total="144310272" percent="0" />
    </mem>
    <mem type="tenure" free="835790320" total="1913847808" percent="43" macro-fragmented="0">
      <mem type="soa" free="723120488" total="1799016448" percent="40" />
      <mem type="loa" free="112669832" total="114831360" percent="98" />
    </mem>
    <remembered-set count="31288" />
  </mem-info>
</gc-end>
<cycle-end id="6017" type="scavenge" contextid="6011" timestamp="2020-09-12T19:32:49.499" />
<allocation-satisfied id="6018" threadId="0000000000843900" bytesRequested="16" />
<af-end id="6019" timestamp="2020-09-12T19:32:49.499" threadId="0000000000844280" success="true" from="nursery"/>
<exclusive-end id="6020" timestamp="2020-09-12T19:32:49.499" durationms="120.199" />

<exclusive-start id="6021" timestamp="2020-09-12T19:32:51.473" intervalms="2094.712">
  <response-info timems="8.691" idlems="8.691" threads="0" lastid="0000000000841700" lastname="Group1.Backend.CompositeBackend{Tier1}.5" />
</exclusive-start>
<af-start id="6022" threadId="0000000000842080" totalBytesRequested="16" timestamp="2020-09-12T19:32:51.474" intervalms="2094.697" type="nursery" />
<cycle-start id="6023" type="scavenge" contextid="0" timestamp="2020-09-12T19:32:51.474" intervalms="2094.708" />
<gc-start id="6024" type="scavenge" contextid="6023" timestamp="2020-09-12T19:32:51.475">
  <mem-info id="6025" free="835790320" total="2853371904" percent="29">
    <mem type="nursery" free="0" total="939524096" percent="0">
      <mem type="allocate" free="0" total="795213824" percent="0" />
      <mem type="survivor" free="0" total="144310272" percent="0" />
    </mem>
    <mem type="tenure" free="835790320" total="1913847808" percent="43">
      <mem type="soa" free="723120488" total="1799016448" percent="40" />
      <mem type="loa" free="112669832" total="114831360" percent="98" />
    </mem>
    <remembered-set count="193395" />
  </mem-info>
</gc-start>
<allocation-stats totalBytes="685832936" >
  <allocated-bytes non-tlh="34693704" tlh="651139232" />
  <largest-consumer threadName="Group1.Backend.CompositeBackend{Tier1}.5" threadId="0000000000841700" bytes="105100120" />
</allocation-stats>
<gc-op id="6026" type="scavenge" timems="121.479" contextid="6023" timestamp="2020-09-12T19:32:51.596">
  <scavenger-info tenureage="3" tenuremask="7ff8" tiltratio="84" />
  <memory-copied type="nursery" objects="4090788" bytes="109652568" bytesdiscarded="207824" />
  <memory-copied type="tenure" objects="1057293" bytes="28425496" bytesdiscarded="119488" />
  <ownableSynchronizers candidates="4055" cleared="3821" />
  <references type="soft" candidates="160" cleared="0" enqueued="0" dynamicThreshold="17" maxThreshold="32" />
  <references type="weak" candidates="108" cleared="108" enqueued="0" />
</gc-op>
<gc-end id="6027" type="scavenge" contextid="6023" durationms="123.140" usertimems="916.113" systemtimems="1.329" timestamp="2020-09-12T19:32:51.598" activeThreads="8">
  <mem-info id="6028" free="1496665600" total="2853371904" percent="52">
    <mem type="nursery" free="689337088" total="939524096" percent="73">
      <mem type="allocate" free="689337088" total="799277056" percent="86" />
      <mem type="survivor" free="0" total="140247040" percent="0" />
    </mem>
    <mem type="tenure" free="807328512" total="1913847808" percent="42" macro-fragmented="0">
      <mem type="soa" free="694658680" total="1799016448" percent="38" />
      <mem type="loa" free="112669832" total="114831360" percent="98" />
    </mem>
    <remembered-set count="31868" />
  </mem-info>
</gc-end>
<cycle-end id="6029" type="scavenge" contextid="6023" timestamp="2020-09-12T19:32:51.599" />
<allocation-satisfied id="6030" threadId="0000000000841700" bytesRequested="16" />
<af-end id="6031" timestamp="2020-09-12T19:32:51.599" threadId="0000000000842080" success="true" from="nursery"/>
<exclusive-end id="6032" timestamp="2020-09-12T19:32:51.599" durationms="125.590" />

<exclusive-start id="6033" timestamp="2020-09-12T19:32:53.536" intervalms="2062.975">
  <response-info timems="0.309" idlems="0.309" threads="0" lastid="0000000000845300" lastname="Group1.Backend.CompositeBackend{Tier1}.3" />
</exclusive-start>
<af-start id="6034" threadId="0000000000845C80" totalBytesRequested="664" timestamp="2020-09-12T19:32:53.537" intervalms="2062.916" type="nursery" />
<cycle-start id="6035" type="scavenge" contextid="0" timestamp="2020-09-12T19:32:53.537" intervalms="2062.870" />
<gc-start id="6036" type="scavenge" contextid="6035" timestamp="2020-09-12T19:32:53.538">
  <mem-info id="6037" free="807328512" total="2853371904" percent="28">
    <mem type="nursery" free="0" total="939524096" percent="0">
      <mem type="allocate" free="0" total="799277056" percent="0" />
      <mem type="survivor" free="0" total="140247040" percent="0" />
    </mem>
    <mem type="tenure" free="807328512" total="1913847808" percent="42">
      <mem type="soa" free="694658680" total="1799016448" percent="38" />
      <mem type="loa" free="112669832" total="114831360" percent="98" />
    </mem>
    <remembered-set count="195463" />
  </mem-info>
</gc-start>
<allocation-stats totalBytes="688996336" >
  <allocated-bytes non-tlh="31888752" tlh="657107584" />
  <largest-consumer threadName="Group1.Backend.CompositeBackend{Tier1}.8" threadId="0000000000843900" bytes="108619736" />
</allocation-stats>
<gc-op id="6038" type="scavenge" timems="112.467" contextid="6035" timestamp="2020-09-12T19:32:53.650">
  <scavenger-info tenureage="3" tenuremask="7ff8" tiltratio="85" />
  <memory-copied type="nursery" objects="4158388" bytes="111139424" bytesdiscarded="268416" />
  <memory-copied type="tenure" objects="1105737" bytes="29710952" bytesdiscarded="119480" />
  <ownableSynchronizers candidates="5093" cleared="4829" />
  <references type="soft" candidates="153" cleared="0" enqueued="0" dynamicThreshold="17" maxThreshold="32" />
  <references type="weak" candidates="122" cleared="122" enqueued="0" />
</gc-op>
<gc-end id="6039" type="scavenge" contextid="6035" durationms="113.696" usertimems="843.417" systemtimems="11.927" timestamp="2020-09-12T19:32:53.651" activeThreads="8">
  <mem-info id="6040" free="1468110760" total="2853371904" percent="51">
    <mem type="nursery" free="690600952" total="939524096" percent="73">
      <mem type="allocate" free="690600952" total="802095104" percent="86" />
      <mem type="survivor" free="0" total="137428992" percent="0" />
    </mem>
    <mem type="tenure" free="777509808" total="1913847808" percent="40" macro-fragmented="0">
      <mem type="soa" free="664839976" total="1799016448" percent="36" />
      <mem type="loa" free="112669832" total="114831360" percent="98" />
    </mem>
    <remembered-set count="30705" />
  </mem-info>
</gc-end>
<cycle-end id="6041" type="scavenge" contextid="6035" timestamp="2020-09-12T19:32:53.652" />
<allocation-satisfied id="6042" threadId="0000000000845300" bytesRequested="664" />
<af-end id="6043" timestamp="2020-09-12T19:32:53.652" threadId="0000000000845C80" success="true" from="nursery"/>
<exclusive-end id="6044" timestamp="2020-09-12T19:32:53.652" durationms="115.646" />

<exclusive-start id="6045" timestamp="2020-09-12T19:32:55.550" intervalms="2014.045">
  <response-info timems="0.729" idlems="0.729" threads="0" lastid="0000000000846A00" lastname="Group1.Backend.CompositeBackend{Tier1}.4" />
</exclusive-start>
<af-start id="6046" threadId="0000000000847380" totalBytesRequested="32" timestamp="2020-09-12T19:32:55.551" intervalms="2013.950" type="nursery" />
<cycle-start id="6047" type="scavenge" contextid="0" timestamp="2020-09-12T19:32:55.551" intervalms="2013.948" />
<gc-start id="6048" type="scavenge" contextid="6047" timestamp="2020-09-12T19:32:55.552">
  <mem-info id="6049" free="777509808" total="2853371904" percent="27">
    <mem type="nursery" free="0" total="939524096" percent="0">
      <mem type="allocate" free="0" total="802095104" percent="0" />
      <mem type="survivor" free="0" total="137428992" percent="0" />
    </mem>
    <mem type="tenure" free="777509808" total="1913847808" percent="40">
      <mem type="soa" free="664839976" total="1799016448" percent="36" />
      <mem type="loa" free="112669832" total="114831360" percent="98" />
    </mem>
    <remembered-set count="189277" />
  </mem-info>
</gc-start>
<allocation-stats totalBytes="690275016" >
  <allocated-bytes non-tlh="38459152" tlh="651815864" />
  <largest-consumer threadName="Group1.Backend.CompositeBackend{Tier1}.5" threadId="0000000000841700" bytes="117820928" />
</allocation-stats>
<gc-op id="6050" type="scavenge" timems="128.073" contextid="6047" timestamp="2020-09-12T19:32:55.680">
  <scavenger-info tenureage="3" tenuremask="7ff8" tiltratio="85" />
  <memory-copied type="nursery" objects="4311208" bytes="114392176" bytesdiscarded="211184" />
  <memory-copied type="tenure" objects="1089236" bytes="29281920" bytesdiscarded="111832" />
  <ownableSynchronizers candidates="4034" cleared="3758" />
  <references type="soft" candidates="162" cleared="0" enqueued="0" dynamicThreshold="17" maxThreshold="32" />
  <references type="weak" candidates="117" cleared="117" enqueued="0" />
</gc-op>
<gc-end id="6051" type="scavenge" contextid="6047" durationms="129.141" usertimems="980.284" systemtimems="6.755" timestamp="2020-09-12T19:32:55.681" activeThreads="8">
  <mem-info id="6052" free="1436462472" total="2853371904" percent="50">
    <mem type="nursery" free="688526064" total="939524096" percent="73">
      <mem type="allocate" free="688526064" total="803209216" percent="85" />
      <mem type="survivor" free="0" total="136314880" percent="0" />
    </mem>
    <mem type="tenure" free="747936408" total="1913847808" percent="39" macro-fragmented="0">
      <mem type="soa" free="635266576" total="1799016448" percent="35" />
      <mem type="loa" free="112669832" total="114831360" percent="98" />
    </mem>
    <remembered-set count="31135" />
  </mem-info>
</gc-end>
<cycle-end id="6053" type="scavenge" contextid="6047" timestamp="2020-09-12T19:32:55.681" />
<allocation-satisfied id="6054" threadId="0000000000846A00" bytesRequested="32" />
<af-end id="6055" timestamp="2020-09-12T19:32:55.681" threadId="0000000000847380" success="true" from="nursery"/>
<exclusive-end id="6056" timestamp="2020-09-12T19:32:55.681" durationms="130.956" />

<exclusive-start id="6057" timestamp="2020-09-12T19:32:57.788" intervalms="2237.710">
  <response-info timems="2.603" idlems="2.603" threads="0" lastid="0000000000845300" lastname="Group1.Backend.CompositeBackend{Tier1}.3" />
</exclusive-start>
<af-start id="6058" threadId="0000000000845C80" totalBytesRequested="784" timestamp="2020-09-12T19:32:57.789" intervalms="2237.920" type="nursery" />
<cycle-start id="6059" type="scavenge" contextid="0" timestamp="2020-09-12T19:32:57.789" intervalms="2238.194" />
<gc-start id="6060" type="scavenge" contextid="6059" timestamp="2020-09-12T19:32:57.790">
  <mem-info id="6061" free="747936408" total="2853371904" percent="26">
    <mem type="nursery" free="0" total="939524096" percent="0">
      <mem type="allocate" free="0" total="803209216" percent="0" />
      <mem type="survivor" free="0" total="136314880" percent="0" />
    </mem>
    <mem type="tenure" free="747936408" total="1913847808" percent="39">
      <mem type="soa" free="635266576" total="1799016448" percent="35" />
      <mem type="loa" free="112669832" total="114831360" percent="98" />
    </mem>
    <remembered-set count="200133" />
  </mem-info>
</gc-start>
<allocation-stats totalBytes="688179640" >
  <allocated-bytes non-tlh="20882696" tlh="667296944" />
  <largest-consumer threadName="Group1.Backend.CompositeBackend{Tier1}.5" threadId="0000000000841700" bytes="134426368" />
</allocation-stats>
<gc-op id="6062" type="scavenge" timems="107.643" contextid="6059" timestamp="2020-09-12T19:32:57.897">
  <scavenger-info tenureage="3" tenuremask="7ff8" tiltratio="85" />
  <memory-copied type="nursery" objects="4184117" bytes="112173792" bytesdiscarded="588040" />
  <memory-copied type="tenure" objects="1082574" bytes="29080144" bytesdiscarded="127864" />
  <ownableSynchronizers candidates="4246" cleared="3958" />
  <references type="soft" candidates="176" cleared="0" enqueued="0" dynamicThreshold="17" maxThreshold="32" />
  <references type="weak" candidates="107" cleared="107" enqueued="0" />
</gc-op>
<gc-end id="6063" type="scavenge" contextid="6059" durationms="108.789" usertimems="839.457" systemtimems="0.000" timestamp="2020-09-12T19:32:57.898" activeThreads="8">
  <mem-info id="6064" free="1410650816" total="2853371904" percent="49">
    <mem type="nursery" free="691987712" total="939524096" percent="73">
      <mem type="allocate" free="691987712" total="804847616" percent="85" />
      <mem type="survivor" free="0" total="134676480" percent="0" />
    </mem>
    <mem type="tenure" free="718663104" total="1913847808" percent="37" macro-fragmented="0">
      <mem type="soa" free="605993272" total="1799016448" percent="33" />
      <mem type="loa" free="112669832" total="114831360" percent="98" />
    </mem>
    <remembered-set count="29842" />
  </mem-info>
</gc-end>
<cycle-end id="6065" type="scavenge" contextid="6059" timestamp="2020-09-12T19:32:57.899" />
<allocation-satisfied id="6066" threadId="0000000000845300" bytesRequested="784" />
<af-end id="6067" timestamp="2020-09-12T19:32:57.899" threadId="0000000000845C80" success="true" from="nursery"/>
<exclusive-end id="6068" timestamp="2020-09-12T19:32:57.899" durationms="111.309" />

<exclusive-start id="6069" timestamp="2020-09-12T19:32:59.742" intervalms="1953.988">
  <response-info timems="0.406" idlems="0.244" threads="1" lastid="0000000000845300" lastname="Group1.Backend.CompositeBackend{Tier1}.3" />
</exclusive-start>
<af-start id="6070" threadId="0000000000780F80" totalBytesRequested="267288" timestamp="2020-09-12T19:32:59.743" intervalms="1953.822" type="nursery" />
<cycle-start id="6071" type="scavenge" contextid="0" timestamp="2020-09-12T19:32:59.743" intervalms="1953.572" />
<gc-start id="6072" type="scavenge" contextid="6071" timestamp="2020-09-12T19:32:59.743">
  <mem-info id="6073" free="718769792" total="2853371904" percent="25">
    <mem type="nursery" free="106688" total="939524096" percent="0">
      <mem type="allocate" free="106688" total="804847616" percent="0" />
      <mem type="survivor" free="0" total="134676480" percent="0" />
    </mem>
    <mem type="tenure" free="718663104" total="1913847808" percent="37">
      <mem type="soa" free="605993272" total="1799016448" percent="33" />
      <mem type="loa" free="112669832" total="114831360" percent="98" />
    </mem>
    <remembered-set count="187476" />
  </mem-info>
</gc-start>
<allocation-stats totalBytes="691554640" >
  <allocated-bytes non-tlh="40838872" tlh="650715768" />
  <largest-consumer threadName="Group1.Backend.CompositeBackend{Tier1}.5" threadId="0000000000841700" bytes="133817536" />
</allocation-stats>
<gc-op id="6074" type="scavenge" timems="117.227" contextid="6071" timestamp="2020-09-12T19:32:59.861">
  <scavenger-info tenureage="3" tenuremask="7ff8" tiltratio="85" />
  <memory-copied type="nursery" objects="4530512" bytes="119614976" bytesdiscarded="312760" />
  <memory-copied type="tenure" objects="1101977" bytes="29634160" bytesdiscarded="121440" />
  <ownableSynchronizers candidates="3704" cleared="3420" />
  <references type="soft" candidates="183" cleared="0" enqueued="0" dynamicThreshold="17" maxThreshold="32" />
  <references type="weak" candidates="95" cleared="93" enqueued="0" />
</gc-op>
<gc-end id="6075" type="scavenge" contextid="6071" durationms="118.357" usertimems="915.471" systemtimems="0.000" timestamp="2020-09-12T19:32:59.861" activeThreads="8">
  <mem-info id="6076" free="1367522232" total="2853371904" percent="47">
    <mem type="nursery" free="678737880" total="939524096" percent="72">
      <mem type="allocate" free="678737880" total="798752768" percent="84" />
      <mem type="survivor" free="0" total="140771328" percent="0" />
    </mem>
    <mem type="tenure" free="688784352" total="1913847808" percent="35" macro-fragmented="0">
      <mem type="soa" free="576114520" total="1799016448" percent="32" />
      <mem type="loa" free="112669832" total="114831360" percent="98" />
    </mem>
    <remembered-set count="28621" />
  </mem-info>
</gc-end>
<cycle-end id="6077" type="scavenge" contextid="6071" timestamp="2020-09-12T19:32:59.862" />
<allocation-satisfied id="6078" threadId="0000000000780600" bytesRequested="267288" />
<af-end id="6079" timestamp="2020-09-12T19:32:59.862" threadId="0000000000780F80" success="true" from="nursery"/>
<exclusive-end id="6080" timestamp="2020-09-12T19:32:59.862" durationms="120.299" />

<exclusive-start id="6081" timestamp="2020-09-12T19:33:01.856" intervalms="2114.231">
  <response-info timems="0.527" idlems="0.527" threads="0" lastid="0000000000841700" lastname="Group1.Backend.CompositeBackend{Tier1}.5" />
</exclusive-start>
<af-start id="6082" threadId="0000000000842080" totalBytesRequested="664" timestamp="2020-09-12T19:33:01.857" intervalms="2114.389" type="nursery" />
<cycle-start id="6083" type="scavenge" contextid="0" timestamp="2020-09-12T19:33:01.857" intervalms="2114.384" />
<gc-start id="6084" type="scavenge" contextid="6083" timestamp="2020-09-12T19:33:01.858">
  <mem-info id="6085" free="688784352" total="2853371904" percent="24">
    <mem type="nursery" free="0" total="939524096" percent="0">
      <mem type="allocate" free="0" total="798752768" percent="0" />
      <mem type="survivor" free="0" total="140771328" percent="0" />
    </mem>
    <mem type="tenure" free="688784352" total="1913847808" percent="35">
      <mem type="soa" free="576114520" total="1799016448" percent="32" />
      <mem type="loa" free="112669832" total="114831360" percent="98" />
    </mem>
    <remembered-set count="191081" />
  </mem-info>
</gc-start>
<allocation-stats totalBytes="678419800" >
  <allocated-bytes non-tlh="29748760" tlh="648671040" />
  <largest-consumer threadName="Group1.Backend.CompositeBackend{Tier1}.5" threadId="0000000000841700" bytes="115741976" />
</allocation-stats>
<gc-op id="6086" type="scavenge" timems="95.239" contextid="6083" timestamp="2020-09-12T19:33:01.953">
  <scavenger-info tenureage="3" tenuremask="7ff8" tiltratio="85" />
  <memory-copied type="nursery" objects="4078347" bytes="109683128" bytesdiscarded="194912" />
  <memory-copied type="tenure" objects="1032634" bytes="27764512" bytesdiscarded="115344" />
  <ownableSynchronizers candidates="3609" cleared="3353" />
  <references type="soft" candidates="186" cleared="0" enqueued="0" dynamicThreshold="17" maxThreshold="32" />
  <references type="weak" candidates="117" cleared="117" enqueued="0" />
</gc-op>
<gc-end id="6087" type="scavenge" contextid="6083" durationms="96.357" usertimems="743.161" systemtimems="0.000" timestamp="2020-09-12T19:33:01.954" activeThreads="8">
  <mem-info id="6088" free="1351162672" total="2853371904" percent="47">
    <mem type="nursery" free="690102720" total="939524096" percent="73">
      <mem type="allocate" free="690102720" total="800063488" percent="86" />
      <mem type="survivor" free="0" total="139460608" percent="0" />
    </mem>
    <mem type="tenure" free="661059952" total="1913847808" percent="34" macro-fragmented="0">
      <mem type="soa" free="548390120" total="1799016448" percent="30" />
      <mem type="loa" free="112669832" total="114831360" percent="98" />
    </mem>
    <remembered-set count="27502" />
  </mem-info>
</gc-end>
<cycle-end id="6089" type="scavenge" contextid="6083" timestamp="2020-09-12T19:33:01.955" />
<allocation-satisfied id="6090" threadId="0000000000841700" bytesRequested="664" />
<af-end id="6091" timestamp="2020-09-12T19:33:01.955" threadId="0000000000842080" success="true" from="nursery"/>
<exclusive-end id="6092" timestamp="2020-09-12T19:33:01.955" durationms="98.460" />

<exclusive-start id="6093" timestamp="2020-09-12T19:33:03.923" intervalms="2066.796">
  <response-info timems="7.897" idlems="7.897" threads="0" lastid="000000000077E000" lastname="Group1.Backend.CompositeBackend{Tier1}.1" />
</exclusive-start>
<af-start id="6094" threadId="000000000077E980" totalBytesRequested="16" timestamp="2020-09-12T19:33:03.924" intervalms="2066.707" type="nursery" />
<cycle-start id="6095" type="scavenge" contextid="0" timestamp="2020-09-12T19:33:03.924" intervalms="2066.673" />
<gc-start id="6096" type="scavenge" contextid="6095" timestamp="2020-09-12T19:33:03.924">
  <mem-info id="6097" free="661059952" total="2853371904" percent="23">
    <mem type="nursery" free="0" total="939524096" percent="0">
      <mem type="allocate" free="0" total="800063488" percent="0" />
      <mem type="survivor" free="0" total="139460608" percent="0" />
    </mem>
    <mem type="tenure" free="661059952" total="1913847808" percent="34">
      <mem type="soa" free="548390120" total="1799016448" percent="30" />
      <mem type="loa" free="112669832" total="114831360" percent="98" />
    </mem>
    <remembered-set count="190189" />
  </mem-info>
</gc-start>
<allocation-stats totalBytes="689768104" >
  <allocated-bytes non-tlh="33426760" tlh="656341344" />
  <largest-consumer threadName="Group1.Backend.CompositeBackend{Tier1}.5" threadId="0000000000841700" bytes="116400376" />
</allocation-stats>
<gc-op id="6098" type="scavenge" timems="113.082" contextid="6095" timestamp="2020-09-12T19:33:04.038">
  <scavenger-info tenureage="3" tenuremask="7ff8" tiltratio="85" />
  <memory-copied type="nursery" objects="3981537" bytes="107076800" bytesdiscarded="137232" />
  <memory-copied type="tenure" objects="1195323" bytes="32166912" bytesdiscarded="131128" />
  <ownableSynchronizers candidates="3806" cleared="3555" />
  <references type="soft" candidates="184" cleared="0" enqueued="0" dynamicThreshold="17" maxThreshold="32" />
  <references type="weak" candidates="122" cleared="122" enqueued="0" />
</gc-op>
<gc-end id="6099" type="scavenge" contextid="6095" durationms="113.975" usertimems="814.397" systemtimems="17.727" timestamp="2020-09-12T19:33:04.038" activeThreads="8">
  <mem-info id="6100" free="1324924432" total="2853371904" percent="46">
    <mem type="nursery" free="696111616" total="939524096" percent="74">
      <mem type="allocate" free="696111616" total="803405824" percent="86" />
      <mem type="survivor" free="0" total="136118272" percent="0" />
    </mem>
    <mem type="tenure" free="628812816" total="1913847808" percent="32" macro-fragmented="0">
      <mem type="soa" free="516142984" total="1799016448" percent="28" />
      <mem type="loa" free="112669832" total="114831360" percent="98" />
    </mem>
    <remembered-set count="29334" />
  </mem-info>
</gc-end>
<cycle-end id="6101" type="scavenge" contextid="6095" timestamp="2020-09-12T19:33:04.039" />
<allocation-satisfied id="6102" threadId="000000000077E000" bytesRequested="16" />
<af-end id="6103" timestamp="2020-09-12T19:33:04.039" threadId="000000000077E980" success="true" from="nursery"/>
<exclusive-end id="6104" timestamp="2020-09-12T19:33:04.039" durationms="116.042" />

</verbosegc>

