<?xml version="1.0" ?>

<verbosegc xmlns="http://www.ibm.com/j9/verbosegc" version="c1dd04cca_CMPRSS">

!@: MM_VerboseWriterFileLoggingSynchronous::openFile

!@: Before Trigger

<exclusive-start id="2499" timestamp="2020-09-11T12:43:16.977" intervalms="2138.373">
  <response-info timems="9.738" idlems="9.738" threads="0" lastid="00000000008D4B00" lastname="Group1.Backend.CompositeBackend{Tier1}.8" />
</exclusive-start>
!@: handleInitialized
<initialized id="2500" timestamp="2020-09-11T12:43:16.978">
  <attribute name="gcPolicy" value="-Xgcpolicy:gencon" />
  <attribute name="maxHeapSize" value="0xe0000000" />
  <attribute name="initialHeapSize" value="0x800000" />
  <attribute name="compressedRefs" value="true" />
  <attribute name="compressedRefsDisplacement" value="0x0" />
  <attribute name="compressedRefsShift" value="0x0" />
  <attribute name="pageSize" value="0x1000" />
  <attribute name="pageType" value="not used" />
  <attribute name="requestedPageSize" value="0x1000" />
  <attribute name="requestedPageType" value="not used" />
  <attribute name="gcthreads" value="8" />
  <attribute name="packetListSplit" value="1" />
  <attribute name="cacheListSplit" value="1" />
  <attribute name="splitFreeListSplitAmount" value="1" />
  <attribute name="numaNodes" value="0" />
  <system>
    <attribute name="physicalMemory" value="16818696192" />
    <attribute name="numCPUs" value="8" />
    <attribute name="architecture" value="amd64" />
    <attribute name="os" value="Linux" />
    <attribute name="osVersion" value="4.15.0-101-generic" />
  </system>
  <vmargs>
    <vmarg name="-Xoptionsfile=/root/code/openj9-openjdk-jdk11/build/linux-x86_64-normal-server-release/jdk/lib/options.default" />
    <vmarg name="-Xlockword:mode=default,noLockword=java/lang/String,noLockword=java/util/MapEntry,noLockword=java/util/HashMap$Entry,noLockword..." />
    <vmarg name="-Xjcl:jclse29" />
    <vmarg name="-Dcom.ibm.oti.vm.bootstrap.library.path=/root/code/openj9-openjdk-jdk11/build/linux-x86_64-normal-server-release/jdk/lib/compre..." />
    <vmarg name="-Dsun.boot.library.path=/root/code/openj9-openjdk-jdk11/build/linux-x86_64-normal-server-release/jdk/lib/compressedrefs:/root/c..." />
    <vmarg name="-Djava.library.path=/root/code/openj9-openjdk-jdk11/build/linux-x86_64-normal-server-release/jdk/lib/compressedrefs:/root/code/..." />
    <vmarg name="-Djava.home=/root/code/openj9-openjdk-jdk11/build/linux-x86_64-normal-server-release/jdk" />
    <vmarg name="-Duser.dir=/root/specjbb2015" />
    <vmarg name="-verbose:gc" />
    <vmarg name="-Xmx3584M" />
    <vmarg name="-Xgc:noConcurrentMark" />
    <vmarg name="-Xtgc:parallel" />
    <vmarg name="-XX:-UseGCStartupHints" />
    <vmarg name="-Xgcpolicy:gencon" />
    <vmarg name="-Xverbosegclog:testOutput,5,100" />
    <vmarg name="-Djava.class.path=/root/specjbb2015/specjbb2015.jar" />
    <vmarg name="-Dsun.java.command=/root/specjbb2015/specjbb2015.jar -m COMPOSITE" />
    <vmarg name="-Dsun.java.launcher=SUN_STANDARD" />
    <vmarg name="-Dsun.java.launcher.pid=19756" />
  </vmargs>
</initialized>

!@: After Trigger

<af-start id="2501" threadId="00000000008D5480" totalBytesRequested="664" timestamp="2020-09-11T12:43:16.978" intervalms="2138.771" type="nursery" />
<cycle-start id="2502" type="scavenge" contextid="0" timestamp="2020-09-11T12:43:16.979" intervalms="2138.746" />
<gc-start id="2503" type="scavenge" contextid="2502" timestamp="2020-09-11T12:43:16.979">
  <mem-info id="2504" free="325994864" total="2785607680" percent="11">
    <mem type="nursery" free="0" total="939524096" percent="0">
      <mem type="allocate" free="0" total="809697280" percent="0" />
      <mem type="survivor" free="0" total="129826816" percent="0" />
    </mem>
    <mem type="tenure" free="325994864" total="1846083584" percent="17">
      <mem type="soa" free="196768112" total="1716856832" percent="11" />
      <mem type="loa" free="129226752" total="129226752" percent="100" />
    </mem>
    <remembered-set count="194468" />
  </mem-info>
</gc-start>
<allocation-stats totalBytes="695718392" >
  <allocated-bytes non-tlh="32059968" tlh="663658424" />
  <largest-consumer threadName="Group1.Backend.CompositeBackend{Tier1}.1" threadId="0000000000789300" bytes="92686048" />
</allocation-stats>
<gc-op id="2505" type="scavenge" timems="165.373" contextid="2502" timestamp="2020-09-11T12:43:17.144">
  <scavenger-info tenureage="3" tenuremask="7ff8" tiltratio="86" />
  <memory-copied type="nursery" objects="4236837" bytes="112693344" bytesdiscarded="193400" />
  <memory-copied type="tenure" objects="1145385" bytes="30784960" bytesdiscarded="51176" />
  <ownableSynchronizers candidates="7788" cleared="5964" />
  <references type="soft" candidates="1102" cleared="0" enqueued="0" dynamicThreshold="19" maxThreshold="32" />
  <references type="weak" candidates="125" cleared="123" enqueued="0" />
</gc-op>
<gc-end id="2506" type="scavenge" contextid="2502" durationms="166.391" usertimems="1127.473" systemtimems="22.849" timestamp="2020-09-11T12:43:17.145" activeThreads="8">
  <mem-info id="2507" free="992444768" total="2785607680" percent="35">
    <mem type="nursery" free="697245680" total="939524096" percent="74">
      <mem type="allocate" free="697245680" total="810221568" percent="86" />
      <mem type="survivor" free="0" total="129302528" percent="0" />
    </mem>
    <mem type="tenure" free="295199088" total="1846083584" percent="15" macro-fragmented="0">
      <mem type="soa" free="165972336" total="1716856832" percent="9" />
      <mem type="loa" free="129226752" total="129226752" percent="100" />
    </mem>
    <remembered-set count="29234" />
  </mem-info>
</gc-end>
<cycle-end id="2508" type="scavenge" contextid="2502" timestamp="2020-09-11T12:43:17.148" />
<allocation-satisfied id="2509" threadId="00000000008D4B00" bytesRequested="664" />
<af-end id="2510" timestamp="2020-09-11T12:43:17.148" threadId="00000000008D5480" success="true" from="nursery"/>
<exclusive-end id="2511" timestamp="2020-09-11T12:43:17.148" durationms="170.686" />

<exclusive-start id="2512" timestamp="2020-09-11T12:43:19.120" intervalms="2143.145">
  <response-info timems="0.532" idlems="0.532" threads="0" lastid="000000000086B500" lastname="Group1.Backend.CompositeBackend{Tier1}.4" />
</exclusive-start>
<af-start id="2513" threadId="000000000086BE80" totalBytesRequested="16" timestamp="2020-09-11T12:43:19.121" intervalms="2142.770" type="nursery" />
<cycle-start id="2514" type="scavenge" contextid="0" timestamp="2020-09-11T12:43:19.121" intervalms="2142.739" />
<gc-start id="2515" type="scavenge" contextid="2514" timestamp="2020-09-11T12:43:19.122">
  <mem-info id="2516" free="295199088" total="2785607680" percent="10">
    <mem type="nursery" free="0" total="939524096" percent="0">
      <mem type="allocate" free="0" total="810221568" percent="0" />
      <mem type="survivor" free="0" total="129302528" percent="0" />
    </mem>
    <mem type="tenure" free="295199088" total="1846083584" percent="15">
      <mem type="soa" free="165972336" total="1716856832" percent="9" />
      <mem type="loa" free="129226752" total="129226752" percent="100" />
    </mem>
    <remembered-set count="194793" />
  </mem-info>
</gc-start>
<allocation-stats totalBytes="696894968" >
  <allocated-bytes non-tlh="28672696" tlh="668222272" />
  <largest-consumer threadName="Group1.Backend.CompositeBackend{Tier1}.8" threadId="00000000008D4B00" bytes="100556616" />
</allocation-stats>
<gc-op id="2517" type="scavenge" timems="119.212" contextid="2514" timestamp="2020-09-11T12:43:19.242">
  <scavenger-info tenureage="3" tenuremask="7ff8" tiltratio="86" />
  <memory-copied type="nursery" objects="4189050" bytes="111959176" bytesdiscarded="284280" />
  <memory-copied type="tenure" objects="1093527" bytes="29416424" bytesdiscarded="59952" />
  <ownableSynchronizers candidates="8411" cleared="6754" />
  <references type="soft" candidates="1060" cleared="0" enqueued="0" dynamicThreshold="19" maxThreshold="32" />
  <references type="weak" candidates="117" cleared="117" enqueued="0" />
</gc-op>
<gc-end id="2518" type="scavenge" contextid="2514" durationms="120.537" usertimems="909.348" systemtimems="0.000" timestamp="2020-09-11T12:43:19.243" activeThreads="8">
  <mem-info id="2519" free="964417296" total="2785607680" percent="34">
    <mem type="nursery" free="698548704" total="939524096" percent="74">
      <mem type="allocate" free="698548704" total="810876928" percent="86" />
      <mem type="survivor" free="0" total="128647168" percent="0" />
    </mem>
    <mem type="tenure" free="265868592" total="1846083584" percent="14" macro-fragmented="0">
      <mem type="soa" free="136641840" total="1716856832" percent="7" />
      <mem type="loa" free="129226752" total="129226752" percent="100" />
    </mem>
    <remembered-set count="28792" />
  </mem-info>
</gc-end>
<cycle-end id="2520" type="scavenge" contextid="2514" timestamp="2020-09-11T12:43:19.244" />
<allocation-satisfied id="2521" threadId="000000000086B500" bytesRequested="16" />
<af-end id="2522" timestamp="2020-09-11T12:43:19.244" threadId="000000000086BE80" success="true" from="nursery"/>
<exclusive-end id="2523" timestamp="2020-09-11T12:43:19.244" durationms="123.693" />

<exclusive-start id="2524" timestamp="2020-09-11T12:43:21.146" intervalms="2026.196">
  <response-info timems="0.439" idlems="0.439" threads="0" lastid="000000000088BD00" lastname="Group1.Backend.CompositeBackend{Tier1}.7" />
</exclusive-start>
<af-start id="2525" threadId="000000000088C680" totalBytesRequested="520" timestamp="2020-09-11T12:43:21.147" intervalms="2026.028" type="nursery" />
<cycle-start id="2526" type="scavenge" contextid="0" timestamp="2020-09-11T12:43:21.147" intervalms="2026.022" />
<gc-start id="2527" type="scavenge" contextid="2526" timestamp="2020-09-11T12:43:21.148">
  <mem-info id="2528" free="265868592" total="2785607680" percent="9">
    <mem type="nursery" free="0" total="939524096" percent="0">
      <mem type="allocate" free="0" total="810876928" percent="0" />
      <mem type="survivor" free="0" total="128647168" percent="0" />
    </mem>
    <mem type="tenure" free="265868592" total="1846083584" percent="14">
      <mem type="soa" free="136641840" total="1716856832" percent="7" />
      <mem type="loa" free="129226752" total="129226752" percent="100" />
    </mem>
    <remembered-set count="189521" />
  </mem-info>
</gc-start>
<allocation-stats totalBytes="698197728" >
  <allocated-bytes non-tlh="37650488" tlh="660547240" />
  <largest-consumer threadName="Group1.Backend.CompositeBackend{Tier1}.1" threadId="0000000000789300" bytes="94348760" />
</allocation-stats>
<gc-op id="2529" type="scavenge" timems="112.393" contextid="2526" timestamp="2020-09-11T12:43:21.260">
  <scavenger-info tenureage="3" tenuremask="7ff8" tiltratio="86" />
  <memory-copied type="nursery" objects="4312624" bytes="114824192" bytesdiscarded="146440" />
  <memory-copied type="tenure" objects="1045355" bytes="28115944" bytesdiscarded="45840" />
  <ownableSynchronizers candidates="9354" cleared="7724" />
  <references type="soft" candidates="1091" cleared="0" enqueued="0" dynamicThreshold="19" maxThreshold="32" />
  <references type="weak" candidates="110" cleared="108" enqueued="0" />
</gc-op>
<gc-end id="2530" type="scavenge" contextid="2526" durationms="113.381" usertimems="836.402" systemtimems="0.654" timestamp="2020-09-11T12:43:21.261" activeThreads="8">
  <mem-info id="2531" free="930917576" total="2785607680" percent="33">
    <mem type="nursery" free="693271032" total="939524096" percent="73">
      <mem type="allocate" free="693271032" total="808321024" percent="85" />
      <mem type="survivor" free="0" total="131203072" percent="0" />
    </mem>
    <mem type="tenure" free="237646544" total="1846083584" percent="12" macro-fragmented="0">
      <mem type="soa" free="108419792" total="1716856832" percent="6" />
      <mem type="loa" free="129226752" total="129226752" percent="100" />
    </mem>
    <remembered-set count="29275" />
  </mem-info>
</gc-end>
<cycle-end id="2532" type="scavenge" contextid="2526" timestamp="2020-09-11T12:43:21.262" />
<allocation-satisfied id="2533" threadId="000000000088BD00" bytesRequested="520" />
<af-end id="2534" timestamp="2020-09-11T12:43:21.262" threadId="000000000088C680" success="true" from="nursery"/>
<exclusive-end id="2535" timestamp="2020-09-11T12:43:21.262" durationms="115.413" />

<exclusive-start id="2536" timestamp="2020-09-11T12:43:23.293" intervalms="2146.463">
  <response-info timems="0.451" idlems="0.451" threads="0" lastid="000000000089DB00" lastname="Group1.Backend.CompositeBackend{Tier1}.6" />
</exclusive-start>
<af-start id="2537" threadId="000000000089E480" totalBytesRequested="16" timestamp="2020-09-11T12:43:23.294" intervalms="2146.517" type="nursery" />
<cycle-start id="2538" type="scavenge" contextid="0" timestamp="2020-09-11T12:43:23.294" intervalms="2146.515" />
<gc-start id="2539" type="scavenge" contextid="2538" timestamp="2020-09-11T12:43:23.294">
  <mem-info id="2540" free="237646544" total="2785607680" percent="8">
    <mem type="nursery" free="0" total="939524096" percent="0">
      <mem type="allocate" free="0" total="808321024" percent="0" />
      <mem type="survivor" free="0" total="131203072" percent="0" />
    </mem>
    <mem type="tenure" free="237646544" total="1846083584" percent="12">
      <mem type="soa" free="108419792" total="1716856832" percent="6" />
      <mem type="loa" free="129226752" total="129226752" percent="100" />
    </mem>
    <remembered-set count="196418" />
  </mem-info>
</gc-start>
<allocation-stats totalBytes="692919960" >
  <allocated-bytes non-tlh="27609344" tlh="665310616" />
  <largest-consumer threadName="Group1.Backend.CompositeBackend{Tier1}.5" threadId="000000000088EE00" bytes="108434992" />
</allocation-stats>
<gc-op id="2541" type="scavenge" timems="110.190" contextid="2538" timestamp="2020-09-11T12:43:23.404">
  <scavenger-info tenureage="3" tenuremask="7ff8" tiltratio="86" />
  <memory-copied type="nursery" objects="4272766" bytes="114157296" bytesdiscarded="291752" />
  <memory-copied type="tenure" objects="1088075" bytes="29290200" bytesdiscarded="52904" />
  <ownableSynchronizers candidates="9882" cleared="8166" />
  <references type="soft" candidates="1177" cleared="0" enqueued="0" dynamicThreshold="19" maxThreshold="32" />
  <references type="weak" candidates="117" cleared="117" enqueued="0" />
</gc-op>
<gc-end id="2542" type="scavenge" contextid="2538" durationms="111.113" usertimems="841.747" systemtimems="0.000" timestamp="2020-09-11T12:43:23.405" activeThreads="8">
  <mem-info id="2543" free="902649512" total="2785607680" percent="32">
    <mem type="nursery" free="694306296" total="939524096" percent="73">
      <mem type="allocate" free="694306296" total="808845312" percent="85" />
      <mem type="survivor" free="0" total="130678784" percent="0" />
    </mem>
    <mem type="tenure" free="208343216" total="1846083584" percent="11" macro-fragmented="0">
      <mem type="soa" free="79116464" total="1716856832" percent="4" />
      <mem type="loa" free="129226752" total="129226752" percent="100" />
    </mem>
    <remembered-set count="31468" />
  </mem-info>
</gc-end>
<cycle-end id="2544" type="scavenge" contextid="2538" timestamp="2020-09-11T12:43:23.406" />
<allocation-satisfied id="2545" threadId="000000000089DB00" bytesRequested="16" />
<af-end id="2546" timestamp="2020-09-11T12:43:23.406" threadId="000000000089E480" success="true" from="nursery"/>
<exclusive-end id="2547" timestamp="2020-09-11T12:43:23.406" durationms="113.177" />

<exclusive-start id="2548" timestamp="2020-09-11T12:43:25.378" intervalms="2084.653">
  <response-info timems="0.360" idlems="0.183" threads="1" lastid="000000000088BD00" lastname="Group1.Backend.CompositeBackend{Tier1}.7" />
</exclusive-start>
<af-start id="2549" threadId="0000000000786080" totalBytesRequested="32" timestamp="2020-09-11T12:43:25.378" intervalms="2084.483" type="nursery" />
<cycle-start id="2550" type="scavenge" contextid="0" timestamp="2020-09-11T12:43:25.378" intervalms="2084.491" />
<gc-start id="2551" type="scavenge" contextid="2550" timestamp="2020-09-11T12:43:25.379">
  <mem-info id="2552" free="208343216" total="2785607680" percent="7">
    <mem type="nursery" free="0" total="939524096" percent="0">
      <mem type="allocate" free="0" total="808845312" percent="0" />
      <mem type="survivor" free="0" total="130678784" percent="0" />
    </mem>
    <mem type="tenure" free="208343216" total="1846083584" percent="11">
      <mem type="soa" free="79116464" total="1716856832" percent="4" />
      <mem type="loa" free="129226752" total="129226752" percent="100" />
    </mem>
    <remembered-set count="193823" />
  </mem-info>
</gc-start>
<allocation-stats totalBytes="693969248" >
  <allocated-bytes non-tlh="35844744" tlh="658124504" />
  <largest-consumer threadName="Group1.Backend.CompositeBackend{Tier1}.5" threadId="000000000088EE00" bytes="120098560" />
</allocation-stats>
<gc-op id="2553" type="scavenge" timems="116.729" contextid="2550" timestamp="2020-09-11T12:43:25.495">
  <scavenger-info tenureage="3" tenuremask="7ff8" tiltratio="86" />
  <memory-copied type="nursery" objects="4147374" bytes="111704000" bytesdiscarded="185144" />
  <memory-copied type="tenure" objects="1127482" bytes="30351568" bytesdiscarded="74304" />
  <ownableSynchronizers candidates="8599" cleared="6832" />
  <references type="soft" candidates="1194" cleared="0" enqueued="0" dynamicThreshold="19" maxThreshold="32" />
  <references type="weak" candidates="118" cleared="118" enqueued="0" />
</gc-op>
<gc-end id="2554" type="scavenge" contextid="2550" durationms="117.690" usertimems="876.937" systemtimems="1.951" timestamp="2020-09-11T12:43:25.496" activeThreads="8">
  <mem-info id="2555" free="875259816" total="2785607680" percent="31">
    <mem type="nursery" free="697393144" total="939524096" percent="74">
      <mem type="allocate" free="697393144" total="809369600" percent="86" />
      <mem type="survivor" free="0" total="130154496" percent="0" />
    </mem>
    <mem type="tenure" free="177866672" total="1846083584" percent="9" macro-fragmented="0">
      <mem type="soa" free="48639920" total="1716856832" percent="2" />
      <mem type="loa" free="129226752" total="129226752" percent="100" />
    </mem>
    <remembered-set count="33231" />
  </mem-info>
</gc-end>
<cycle-end id="2556" type="scavenge" contextid="2550" timestamp="2020-09-11T12:43:25.497" />
<allocation-satisfied id="2557" threadId="0000000000785700" bytesRequested="32" />
<af-end id="2558" timestamp="2020-09-11T12:43:25.497" threadId="0000000000786080" success="true" from="nursery"/>
<exclusive-end id="2559" timestamp="2020-09-11T12:43:25.497" durationms="119.880" />

<exclusive-start id="2560" timestamp="2020-09-11T12:43:27.548" intervalms="2170.526">
  <response-info timems="0.816" idlems="0.762" threads="1" lastid="0000000000A85D00" lastname="Group1.Backend.CompositeBackend{Tier3}.7" />
</exclusive-start>
<af-start id="2561" threadId="000000000086BE80" totalBytesRequested="24" timestamp="2020-09-11T12:43:27.549" intervalms="2170.921" type="nursery" />
<cycle-start id="2562" type="scavenge" contextid="0" timestamp="2020-09-11T12:43:27.549" intervalms="2170.976" />
<gc-start id="2563" type="scavenge" contextid="2562" timestamp="2020-09-11T12:43:27.550">
  <mem-info id="2564" free="177866672" total="2785607680" percent="6">
    <mem type="nursery" free="0" total="939524096" percent="0">
      <mem type="allocate" free="0" total="809369600" percent="0" />
      <mem type="survivor" free="0" total="130154496" percent="0" />
    </mem>
    <mem type="tenure" free="177866672" total="1846083584" percent="9">
      <mem type="soa" free="48639920" total="1716856832" percent="2" />
      <mem type="loa" free="129226752" total="129226752" percent="100" />
    </mem>
    <remembered-set count="200547" />
  </mem-info>
</gc-start>
<allocation-stats totalBytes="697050424" >
  <allocated-bytes non-tlh="29046496" tlh="668003928" />
  <largest-consumer threadName="Group1.Backend.CompositeBackend{Tier1}.8" threadId="00000000008D4B00" bytes="148586040" />
</allocation-stats>
<gc-op id="2565" type="scavenge" timems="140.919" contextid="2562" timestamp="2020-09-11T12:43:27.691">
  <scavenger-info tenureage="3" tenuremask="7ff8" tiltratio="86" />
  <memory-copied type="nursery" objects="4258649" bytes="114649152" bytesdiscarded="358216" />
  <memory-copied type="tenure" objects="1058550" bytes="28454256" bytesdiscarded="88752" />
  <ownableSynchronizers candidates="8380" cleared="6640" />
  <references type="soft" candidates="1162" cleared="0" enqueued="0" dynamicThreshold="19" maxThreshold="32" />
  <references type="weak" candidates="118" cleared="117" enqueued="0" />
</gc-op>
<gc-end id="2566" type="scavenge" contextid="2562" durationms="141.999" usertimems="1087.320" systemtimems="7.993" timestamp="2020-09-11T12:43:27.692" activeThreads="8">
  <mem-info id="2567" free="842395792" total="2785607680" percent="30">
    <mem type="nursery" free="693019896" total="939524096" percent="73">
      <mem type="allocate" free="693019896" total="808124416" percent="85" />
      <mem type="survivor" free="0" total="131399680" percent="0" />
    </mem>
    <mem type="tenure" free="149375896" total="1846083584" percent="8" macro-fragmented="0">
      <mem type="soa" free="20149144" total="1716856832" percent="1" />
      <mem type="loa" free="129226752" total="129226752" percent="100" />
    </mem>
    <remembered-set count="33394" />
  </mem-info>
</gc-end>
<cycle-end id="2568" type="scavenge" contextid="2562" timestamp="2020-09-11T12:43:27.694" />
<allocation-satisfied id="2569" threadId="000000000086B500" bytesRequested="24" />
<af-end id="2570" timestamp="2020-09-11T12:43:27.694" threadId="000000000086BE80" success="true" from="nursery"/>
<exclusive-end id="2571" timestamp="2020-09-11T12:43:27.694" durationms="146.000" />

<exclusive-start id="2572" timestamp="2020-09-11T12:43:29.567" intervalms="2019.330">
  <response-info timems="0.882" idlems="0.882" threads="0" lastid="000000000088BD00" lastname="Group1.Backend.CompositeBackend{Tier1}.7" />
</exclusive-start>
<af-start id="2573" threadId="000000000088C680" totalBytesRequested="24" timestamp="2020-09-11T12:43:29.568" intervalms="2019.023" type="nursery" />
<percolate-collect id="2574" from="nursery" to="global" reason="prevent tenure expand" timestamp="2020-09-11T12:43:29.568"/>
<cycle-start id="2575" type="global" contextid="0" timestamp="2020-09-11T12:43:29.568" intervalms="67251.539" />
<gc-start id="2576" type="global" contextid="2575" timestamp="2020-09-11T12:43:29.569">
  <mem-info id="2577" free="149375896" total="2785607680" percent="5">
    <mem type="nursery" free="0" total="939524096" percent="0">
      <mem type="allocate" free="0" total="808124416" percent="0" />
      <mem type="survivor" free="0" total="131399680" percent="0" />
    </mem>
    <mem type="tenure" free="149375896" total="1846083584" percent="8">
      <mem type="soa" free="20149144" total="1716856832" percent="1" />
      <mem type="loa" free="129226752" total="129226752" percent="100" />
    </mem>
    <remembered-set count="191670" />
  </mem-info>
</gc-start>
<allocation-stats totalBytes="692676888" >
  <allocated-bytes non-tlh="39857448" tlh="652819440" />
  <largest-consumer threadName="Group1.Backend.CompositeBackend{Tier1}.4" threadId="000000000086B500" bytes="101138224" />
</allocation-stats>
<gc-op id="2578" type="mark" timems="649.505" contextid="2575" timestamp="2020-09-11T12:43:30.218">
  <trace-info objectcount="30570199" scancount="29591848" scanbytes="809437396" />
  <finalization candidates="146" enqueued="0" />
  <ownableSynchronizers candidates="584677" cleared="13020" />
  <references type="soft" candidates="689226" cleared="0" enqueued="0" dynamicThreshold="19" maxThreshold="32" />
  <references type="weak" candidates="4402" cleared="122" enqueued="0" />
  <references type="phantom" candidates="107" cleared="0" enqueued="0" />
  <stringconstants candidates="10917" cleared="1"  />
</gc-op>
<gc-op id="2579" type="classunload" timems="0.078" contextid="2575" timestamp="2020-09-11T12:43:30.219">
  <classunload-info classloadercandidates="177" classloadersunloaded="0" classesunloaded="0" anonymousclassesunloaded="0" quiescems="0.000" setupms="0.076" scanms="0.001" postms="0.001" />
</gc-op>
<gc-op id="2580" type="sweep" timems="11.208" contextid="2575" timestamp="2020-09-11T12:43:30.230" />
<gc-end id="2581" type="global" contextid="2575" durationms="662.095" usertimems="4834.181" systemtimems="0.000" timestamp="2020-09-11T12:43:30.231" activeThreads="8">
  <mem-info id="2582" free="1689073024" total="2785607680" percent="60">
    <mem type="nursery" free="607137920" total="939524096" percent="64">
      <mem type="allocate" free="607137920" total="808124416" percent="75" />
      <mem type="survivor" free="0" total="131399680" percent="0" />
    </mem>
    <mem type="tenure" free="1081935104" total="1846083584" percent="58" micro-fragmented="31525182" macro-fragmented="0">
      <mem type="soa" free="952708352" total="1716856832" percent="55" />
      <mem type="loa" free="129226752" total="129226752" percent="100" />
    </mem>
    <remembered-set count="185705" />
  </mem-info>
</gc-end>
<cycle-end id="2583" type="global" contextid="2575" timestamp="2020-09-11T12:43:30.232" />
<allocation-satisfied id="2584" threadId="000000000088BD00" bytesRequested="24" />
<af-end id="2585" timestamp="2020-09-11T12:43:30.232" threadId="000000000088C680" success="true" from="nursery"/>
<exclusive-end id="2586" timestamp="2020-09-11T12:43:30.232" durationms="664.286" />

<exclusive-start id="2587" timestamp="2020-09-11T12:43:31.492" intervalms="1924.817">
  <response-info timems="0.487" idlems="0.487" threads="0" lastid="000000000088BD00" lastname="Group1.Backend.CompositeBackend{Tier1}.7" />
</exclusive-start>
<af-start id="2588" threadId="000000000088C680" totalBytesRequested="262152" timestamp="2020-09-11T12:43:31.493" intervalms="1924.848" type="nursery" />
<cycle-start id="2589" type="scavenge" contextid="0" timestamp="2020-09-11T12:43:31.493" intervalms="3943.806" />
<gc-start id="2590" type="scavenge" contextid="2589" timestamp="2020-09-11T12:43:31.493">
  <mem-info id="2591" free="1087804096" total="2785607680" percent="39">
    <mem type="nursery" free="5869040" total="939524096" percent="0">
      <mem type="allocate" free="5869040" total="808124416" percent="0" />
      <mem type="survivor" free="0" total="131399680" percent="0" />
    </mem>
    <mem type="tenure" free="1081935056" total="1846083584" percent="58">
      <mem type="soa" free="952708304" total="1716856832" percent="55" />
      <mem type="loa" free="129226752" total="129226752" percent="100" />
    </mem>
    <remembered-set count="243771" />
  </mem-info>
</gc-start>
<allocation-stats totalBytes="598934640" >
  <allocated-bytes non-tlh="25828792" tlh="573105848" />
  <largest-consumer threadName="Group1.Backend.CompositeBackend{Tier1}.3" threadId="000000000086A900" bytes="86966184" />
</allocation-stats>
<gc-op id="2592" type="scavenge" timems="167.194" contextid="2589" timestamp="2020-09-11T12:43:31.661">
  <scavenger-info tenureage="3" tenuremask="7ff8" tiltratio="86" />
  <memory-copied type="nursery" objects="4851983" bytes="131221336" bytesdiscarded="41200" />
  <memory-copied type="tenure" objects="1572286" bytes="41779544" bytesdiscarded="72624" />
  <copy-failed type="nursery" objects="535045" bytes="13907752" />
  <finalization candidates="2" enqueued="0" />
  <ownableSynchronizers candidates="1150273" cleared="1148113" />
  <references type="soft" candidates="334" cleared="0" enqueued="0" dynamicThreshold="18" maxThreshold="32" />
  <references type="weak" candidates="87" cleared="85" enqueued="0" />
</gc-op>
<gc-end id="2593" type="scavenge" contextid="2589" durationms="168.145" usertimems="1191.830" systemtimems="4.344" timestamp="2020-09-11T12:43:31.661" activeThreads="8">
  <mem-info id="2594" free="1651335816" total="2785607680" percent="59">
    <mem type="nursery" free="611385344" total="939524096" percent="65">
      <mem type="allocate" free="611385344" total="742785024" percent="82" />
      <mem type="survivor" free="0" total="196739072" percent="0" />
    </mem>
    <mem type="tenure" free="1039950472" total="1846083584" percent="56" macro-fragmented="0">
      <mem type="soa" free="910723720" total="1716856832" percent="53" />
      <mem type="loa" free="129226752" total="129226752" percent="100" />
    </mem>
    <remembered-set count="41189" />
  </mem-info>
</gc-end>
<cycle-end id="2595" type="scavenge" contextid="2589" timestamp="2020-09-11T12:43:31.662" />
<allocation-satisfied id="2596" threadId="000000000088BD00" bytesRequested="262152" />
<af-end id="2597" timestamp="2020-09-11T12:43:31.662" threadId="000000000088C680" success="true" from="nursery"/>
<exclusive-end id="2598" timestamp="2020-09-11T12:43:31.663" durationms="170.265" />

<exclusive-start id="2599" timestamp="2020-09-11T12:43:33.177" intervalms="1684.831">
  <response-info timems="0.622" idlems="0.622" threads="0" lastid="00000000008D4B00" lastname="Group1.Backend.CompositeBackend{Tier1}.8" />
</exclusive-start>
<af-start id="2600" threadId="00000000008D5480" totalBytesRequested="32" timestamp="2020-09-11T12:43:33.178" intervalms="1684.753" type="nursery" />
<cycle-start id="2601" type="scavenge" contextid="0" timestamp="2020-09-11T12:43:33.178" intervalms="1684.747" />
<gc-start id="2602" type="scavenge" contextid="2601" timestamp="2020-09-11T12:43:33.178">
  <mem-info id="2603" free="1039950472" total="2785607680" percent="37">
    <mem type="nursery" free="0" total="939524096" percent="0">
      <mem type="allocate" free="0" total="742785024" percent="0" />
      <mem type="survivor" free="0" total="196739072" percent="0" />
    </mem>
    <mem type="tenure" free="1039950472" total="1846083584" percent="56">
      <mem type="soa" free="910723720" total="1716856832" percent="53" />
      <mem type="loa" free="129226752" total="129226752" percent="100" />
    </mem>
    <remembered-set count="191622" />
  </mem-info>
</gc-start>
<allocation-stats totalBytes="611116560" >
  <allocated-bytes non-tlh="36142064" tlh="574974496" />
  <largest-consumer threadName="Group1.Backend.CompositeBackend{Tier1}.5" threadId="000000000088EE00" bytes="91641688" />
</allocation-stats>
<gc-op id="2604" type="scavenge" timems="121.457" contextid="2601" timestamp="2020-09-11T12:43:33.300">
  <scavenger-info tenureage="3" tenuremask="7ff8" tiltratio="79" />
  <memory-copied type="nursery" objects="4632970" bytes="125100224" bytesdiscarded="236352" />
  <memory-copied type="tenure" objects="893447" bytes="24610320" bytesdiscarded="29592" />
  <finalization candidates="2" enqueued="0" />
  <ownableSynchronizers candidates="5175" cleared="4358" />
  <references type="soft" candidates="496" cleared="0" enqueued="0" dynamicThreshold="18" maxThreshold="32" />
  <references type="weak" candidates="117" cleared="113" enqueued="0" />
</gc-op>
<gc-end id="2605" type="scavenge" contextid="2601" durationms="122.482" usertimems="926.434" systemtimems="0.000" timestamp="2020-09-11T12:43:33.301" activeThreads="8">
  <mem-info id="2606" free="1639336824" total="2785607680" percent="58">
    <mem type="nursery" free="624260600" total="939524096" percent="66">
      <mem type="allocate" free="624260600" total="749666304" percent="83" />
      <mem type="survivor" free="0" total="189857792" percent="0" />
    </mem>
    <mem type="tenure" free="1015076224" total="1846083584" percent="54" macro-fragmented="1048592">
      <mem type="soa" free="885849472" total="1716856832" percent="51" />
      <mem type="loa" free="129226752" total="129226752" percent="100" />
    </mem>
    <remembered-set count="39312" />
  </mem-info>
</gc-end>
<cycle-end id="2607" type="scavenge" contextid="2601" timestamp="2020-09-11T12:43:33.301" />
<allocation-satisfied id="2608" threadId="00000000008D4B00" bytesRequested="32" />
<af-end id="2609" timestamp="2020-09-11T12:43:33.301" threadId="00000000008D5480" success="true" from="nursery"/>
<exclusive-end id="2610" timestamp="2020-09-11T12:43:33.301" durationms="124.343" />

<exclusive-start id="2611" timestamp="2020-09-11T12:43:35.168" intervalms="1991.409">
  <response-info timems="3.648" idlems="3.648" threads="0" lastid="000000000088EE00" lastname="Group1.Backend.CompositeBackend{Tier1}.5" />
</exclusive-start>
<af-start id="2612" threadId="000000000088F780" totalBytesRequested="16" timestamp="2020-09-11T12:43:35.169" intervalms="1991.614" type="nursery" />
<cycle-start id="2613" type="scavenge" contextid="0" timestamp="2020-09-11T12:43:35.169" intervalms="1991.608" />
<gc-start id="2614" type="scavenge" contextid="2613" timestamp="2020-09-11T12:43:35.170">
  <mem-info id="2615" free="1015076224" total="2785607680" percent="36">
    <mem type="nursery" free="0" total="939524096" percent="0">
      <mem type="allocate" free="0" total="749666304" percent="0" />
      <mem type="survivor" free="0" total="189857792" percent="0" />
    </mem>
    <mem type="tenure" free="1015076224" total="1846083584" percent="54">
      <mem type="soa" free="885849472" total="1716856832" percent="51" />
      <mem type="loa" free="129226752" total="129226752" percent="100" />
    </mem>
    <remembered-set count="197029" />
  </mem-info>
</gc-start>
<allocation-stats totalBytes="623944544" >
  <allocated-bytes non-tlh="25359056" tlh="598585488" />
  <largest-consumer threadName="Group1.Backend.CompositeBackend{Tier1}.5" threadId="000000000088EE00" bytes="111044808" />
</allocation-stats>
<gc-op id="2616" type="scavenge" timems="149.608" contextid="2613" timestamp="2020-09-11T12:43:35.319">
  <scavenger-info tenureage="3" tenuremask="7ff8" tiltratio="79" />
  <memory-copied type="nursery" objects="5203979" bytes="137970976" bytesdiscarded="199096" />
  <memory-copied type="tenure" objects="968233" bytes="26110936" bytesdiscarded="41088" />
  <finalization candidates="2" enqueued="0" />
  <ownableSynchronizers candidates="5644" cleared="4711" />
  <references type="soft" candidates="708" cleared="0" enqueued="0" dynamicThreshold="18" maxThreshold="32" />
  <references type="weak" candidates="96" cleared="94" enqueued="0" />
</gc-op>
<gc-end id="2617" type="scavenge" contextid="2613" durationms="150.756" usertimems="1100.428" systemtimems="13.312" timestamp="2020-09-11T12:43:35.320" activeThreads="8">
  <mem-info id="2618" free="1604424584" total="2785607680" percent="57">
    <mem type="nursery" free="615548728" total="939524096" percent="65">
      <mem type="allocate" free="615548728" total="753795072" percent="81" />
      <mem type="survivor" free="0" total="185729024" percent="0" />
    </mem>
    <mem type="tenure" free="988875856" total="1846083584" percent="53" macro-fragmented="2621480">
      <mem type="soa" free="859649104" total="1716856832" percent="50" />
      <mem type="loa" free="129226752" total="129226752" percent="100" />
    </mem>
    <remembered-set count="38320" />
  </mem-info>
</gc-end>
<cycle-end id="2619" type="scavenge" contextid="2613" timestamp="2020-09-11T12:43:35.324" />
<allocation-satisfied id="2620" threadId="000000000088EE00" bytesRequested="16" />
<af-end id="2621" timestamp="2020-09-11T12:43:35.324" threadId="000000000088F780" success="true" from="nursery"/>
<exclusive-end id="2622" timestamp="2020-09-11T12:43:35.324" durationms="155.896" />

<exclusive-start id="2623" timestamp="2020-09-11T12:43:37.042" intervalms="1873.359">
  <response-info timems="0.302" idlems="0.302" threads="0" lastid="0000000000A7D100" lastname="Group1.Backend.CompositeBackend{Tier3}.6" />
</exclusive-start>
<af-start id="2624" threadId="0000000000A7DA80" totalBytesRequested="1032" timestamp="2020-09-11T12:43:37.043" intervalms="1873.155" type="nursery" />
<cycle-start id="2625" type="scavenge" contextid="0" timestamp="2020-09-11T12:43:37.043" intervalms="1873.167" />
<gc-start id="2626" type="scavenge" contextid="2625" timestamp="2020-09-11T12:43:37.043">
  <mem-info id="2627" free="988875856" total="2785607680" percent="35">
    <mem type="nursery" free="0" total="939524096" percent="0">
      <mem type="allocate" free="0" total="753795072" percent="0" />
      <mem type="survivor" free="0" total="185729024" percent="0" />
    </mem>
    <mem type="tenure" free="988875856" total="1846083584" percent="53">
      <mem type="soa" free="859649104" total="1716856832" percent="50" />
      <mem type="loa" free="129226752" total="129226752" percent="100" />
    </mem>
    <remembered-set count="192282" />
  </mem-info>
</gc-start>
<allocation-stats totalBytes="615250896" >
  <allocated-bytes non-tlh="29913120" tlh="585337776" />
  <largest-consumer threadName="Group1.Backend.CompositeBackend{Tier1}.8" threadId="00000000008D4B00" bytes="86533896" />
</allocation-stats>
<gc-op id="2628" type="scavenge" timems="118.316" contextid="2625" timestamp="2020-09-11T12:43:37.162">
  <scavenger-info tenureage="3" tenuremask="7ff8" tiltratio="80" />
  <memory-copied type="nursery" objects="3717725" bytes="99835456" bytesdiscarded="139416" />
  <memory-copied type="tenure" objects="1864166" bytes="50857448" bytesdiscarded="52272" />
  <finalization candidates="2" enqueued="0" />
  <ownableSynchronizers candidates="6178" cleared="5055" />
  <references type="soft" candidates="784" cleared="0" enqueued="0" dynamicThreshold="18" maxThreshold="32" />
  <references type="weak" candidates="113" cleared="113" enqueued="0" />
</gc-op>
<gc-end id="2629" type="scavenge" contextid="2625" durationms="119.273" usertimems="828.781" systemtimems="0.000" timestamp="2020-09-11T12:43:37.162" activeThreads="8">
  <mem-info id="2630" free="1598025576" total="2785607680" percent="57">
    <mem type="nursery" free="659960528" total="939524096" percent="70">
      <mem type="allocate" free="659960528" total="760020992" percent="86" />
      <mem type="survivor" free="0" total="179503104" percent="0" />
    </mem>
    <mem type="tenure" free="938065048" total="1846083584" percent="50" macro-fragmented="786456">
      <mem type="soa" free="808838296" total="1716856832" percent="47" />
      <mem type="loa" free="129226752" total="129226752" percent="100" />
    </mem>
    <remembered-set count="29914" />
  </mem-info>
</gc-end>
<cycle-end id="2631" type="scavenge" contextid="2625" timestamp="2020-09-11T12:43:37.163" />
<allocation-satisfied id="2632" threadId="0000000000A7D100" bytesRequested="1032" />
<af-end id="2633" timestamp="2020-09-11T12:43:37.164" threadId="0000000000A7DA80" success="true" from="nursery"/>
<exclusive-end id="2634" timestamp="2020-09-11T12:43:37.164" durationms="121.723" />

<exclusive-start id="2635" timestamp="2020-09-11T12:43:39.050" intervalms="2008.176">
  <response-info timems="0.590" idlems="0.590" threads="0" lastid="000000000086A900" lastname="Group1.Backend.CompositeBackend{Tier1}.3" />
</exclusive-start>
<af-start id="2636" threadId="000000000086B280" totalBytesRequested="16" timestamp="2020-09-11T12:43:39.051" intervalms="2008.269" type="nursery" />
<cycle-start id="2637" type="scavenge" contextid="0" timestamp="2020-09-11T12:43:39.051" intervalms="2008.274" />
<gc-start id="2638" type="scavenge" contextid="2637" timestamp="2020-09-11T12:43:39.052">
  <mem-info id="2639" free="938065048" total="2785607680" percent="33">
    <mem type="nursery" free="0" total="939524096" percent="0">
      <mem type="allocate" free="0" total="760020992" percent="0" />
      <mem type="survivor" free="0" total="179503104" percent="0" />
    </mem>
    <mem type="tenure" free="938065048" total="1846083584" percent="50">
      <mem type="soa" free="808838296" total="1716856832" percent="47" />
      <mem type="loa" free="129226752" total="129226752" percent="100" />
    </mem>
    <remembered-set count="188399" />
  </mem-info>
</gc-start>
<allocation-stats totalBytes="659642416" >
  <allocated-bytes non-tlh="30195056" tlh="629447360" />
  <largest-consumer threadName="Group1.Backend.CompositeBackend{Tier1}.1" threadId="0000000000789300" bytes="100350544" />
</allocation-stats>
<gc-op id="2640" type="scavenge" timems="137.449" contextid="2637" timestamp="2020-09-11T12:43:39.189">
  <scavenger-info tenureage="3" tenuremask="7ff8" tiltratio="80" />
  <memory-copied type="nursery" objects="4207975" bytes="111126576" bytesdiscarded="229544" />
  <memory-copied type="tenure" objects="958377" bytes="25754648" bytesdiscarded="41392" />
  <ownableSynchronizers candidates="6423" cleared="5343" />
  <references type="soft" candidates="830" cleared="0" enqueued="0" dynamicThreshold="18" maxThreshold="32" />
  <references type="weak" candidates="114" cleared="113" enqueued="0" />
</gc-op>
<gc-end id="2641" type="scavenge" contextid="2637" durationms="138.874" usertimems="944.966" systemtimems="11.224" timestamp="2020-09-11T12:43:39.190" activeThreads="8">
  <mem-info id="2642" free="1569315376" total="2785607680" percent="56">
    <mem type="nursery" free="657098224" total="939524096" percent="69">
      <mem type="allocate" free="657098224" total="768540672" percent="85" />
      <mem type="survivor" free="0" total="170983424" percent="0" />
    </mem>
    <mem type="tenure" free="912217152" total="1846083584" percent="49" macro-fragmented="0">
      <mem type="soa" free="782990400" total="1716856832" percent="45" />
      <mem type="loa" free="129226752" total="129226752" percent="100" />
    </mem>
    <remembered-set count="29653" />
  </mem-info>
</gc-end>
<cycle-end id="2643" type="scavenge" contextid="2637" timestamp="2020-09-11T12:43:39.192" />
<allocation-satisfied id="2644" threadId="000000000086A900" bytesRequested="16" />
<af-end id="2645" timestamp="2020-09-11T12:43:39.192" threadId="000000000086B280" success="true" from="nursery"/>
<exclusive-end id="2646" timestamp="2020-09-11T12:43:39.192" durationms="141.632" />

<exclusive-start id="2647" timestamp="2020-09-11T12:43:41.054" intervalms="2003.534">
  <response-info timems="0.354" idlems="0.354" threads="0" lastid="000000000088EE00" lastname="Group1.Backend.CompositeBackend{Tier1}.5" />
</exclusive-start>
<af-start id="2648" threadId="000000000088F780" totalBytesRequested="952" timestamp="2020-09-11T12:43:41.054" intervalms="2003.573" type="nursery" />
<cycle-start id="2649" type="scavenge" contextid="0" timestamp="2020-09-11T12:43:41.054" intervalms="2003.571" />
<gc-start id="2650" type="scavenge" contextid="2649" timestamp="2020-09-11T12:43:41.055">
  <mem-info id="2651" free="912217152" total="2785607680" percent="32">
    <mem type="nursery" free="0" total="939524096" percent="0">
      <mem type="allocate" free="0" total="768540672" percent="0" />
      <mem type="survivor" free="0" total="170983424" percent="0" />
    </mem>
    <mem type="tenure" free="912217152" total="1846083584" percent="49">
      <mem type="soa" free="782990400" total="1716856832" percent="45" />
      <mem type="loa" free="129226752" total="129226752" percent="100" />
    </mem>
    <remembered-set count="191448" />
  </mem-info>
</gc-start>
<allocation-stats totalBytes="656776392" >
  <allocated-bytes non-tlh="29840056" tlh="626936336" />
  <largest-consumer threadName="Group1.Backend.CompositeBackend{Tier1}.4" threadId="000000000086B500" bytes="88956896" />
</allocation-stats>
<gc-op id="2652" type="scavenge" timems="108.638" contextid="2649" timestamp="2020-09-11T12:43:41.164">
  <scavenger-info tenureage="3" tenuremask="7ff8" tiltratio="81" />
  <memory-copied type="nursery" objects="4015920" bytes="107424296" bytesdiscarded="136968" />
  <memory-copied type="tenure" objects="1043328" bytes="28044712" bytesdiscarded="48240" />
  <ownableSynchronizers candidates="5782" cleared="4715" />
  <references type="soft" candidates="832" cleared="0" enqueued="0" dynamicThreshold="18" maxThreshold="32" />
  <references type="weak" candidates="123" cleared="123" enqueued="0" />
</gc-op>
<gc-end id="2653" type="scavenge" contextid="2649" durationms="109.827" usertimems="791.245" systemtimems="0.000" timestamp="2020-09-11T12:43:41.165" activeThreads="8">
  <mem-info id="2654" free="1554076384" total="2785607680" percent="55">
    <mem type="nursery" free="670195896" total="939524096" percent="71">
      <mem type="allocate" free="670195896" total="777846784" percent="86" />
      <mem type="survivor" free="0" total="161677312" percent="0" />
    </mem>
    <mem type="tenure" free="883880488" total="1846083584" percent="47" macro-fragmented="4479464">
      <mem type="soa" free="754653736" total="1716856832" percent="43" />
      <mem type="loa" free="129226752" total="129226752" percent="100" />
    </mem>
    <remembered-set count="29850" />
  </mem-info>
</gc-end>
<cycle-end id="2655" type="scavenge" contextid="2649" timestamp="2020-09-11T12:43:41.166" />
<allocation-satisfied id="2656" threadId="000000000088EE00" bytesRequested="952" />
<af-end id="2657" timestamp="2020-09-11T12:43:41.166" threadId="000000000088F780" success="true" from="nursery"/>
<exclusive-end id="2658" timestamp="2020-09-11T12:43:41.166" durationms="112.334" />

<exclusive-start id="2659" timestamp="2020-09-11T12:43:43.072" intervalms="2018.225">
  <response-info timems="2.879" idlems="2.879" threads="0" lastid="000000000088EE00" lastname="Group1.Backend.CompositeBackend{Tier1}.5" />
</exclusive-start>
<af-start id="2660" threadId="000000000088F780" totalBytesRequested="16" timestamp="2020-09-11T12:43:43.072" intervalms="2018.086" type="nursery" />
<cycle-start id="2661" type="scavenge" contextid="0" timestamp="2020-09-11T12:43:43.073" intervalms="2018.079" />
<gc-start id="2662" type="scavenge" contextid="2661" timestamp="2020-09-11T12:43:43.073">
  <mem-info id="2663" free="883880488" total="2785607680" percent="31">
    <mem type="nursery" free="0" total="939524096" percent="0">
      <mem type="allocate" free="0" total="777846784" percent="0" />
      <mem type="survivor" free="0" total="161677312" percent="0" />
    </mem>
    <mem type="tenure" free="883880488" total="1846083584" percent="47">
      <mem type="soa" free="754653736" total="1716856832" percent="43" />
      <mem type="loa" free="129226752" total="129226752" percent="100" />
    </mem>
    <remembered-set count="190646" />
  </mem-info>
</gc-start>
<allocation-stats totalBytes="669881920" >
  <allocated-bytes non-tlh="33031288" tlh="636850632" />
  <largest-consumer threadName="Group1.Backend.CompositeBackend{Tier1}.5" threadId="000000000088EE00" bytes="105747856" />
</allocation-stats>
<gc-op id="2664" type="scavenge" timems="116.804" contextid="2661" timestamp="2020-09-11T12:43:43.190">
  <scavenger-info tenureage="3" tenuremask="7ff8" tiltratio="82" />
  <memory-copied type="nursery" objects="3966096" bytes="106401048" bytesdiscarded="253968" />
  <memory-copied type="tenure" objects="990576" bytes="26769632" bytesdiscarded="44792" />
  <ownableSynchronizers candidates="7124" cleared="6010" />
  <references type="soft" candidates="884" cleared="0" enqueued="0" dynamicThreshold="18" maxThreshold="32" />
  <references type="weak" candidates="107" cleared="107" enqueued="0" />
</gc-op>
<gc-end id="2665" type="scavenge" contextid="2661" durationms="118.130" usertimems="845.392" systemtimems="5.530" timestamp="2020-09-11T12:43:43.191" activeThreads="8">
  <mem-info id="2666" free="1536690416" total="2785607680" percent="55">
    <mem type="nursery" free="679363072" total="939524096" percent="72">
      <mem type="allocate" free="679363072" total="786104320" percent="86" />
      <mem type="survivor" free="0" total="153419776" percent="0" />
    </mem>
    <mem type="tenure" free="857327344" total="1846083584" percent="46" macro-fragmented="0">
      <mem type="soa" free="728100592" total="1716856832" percent="42" />
      <mem type="loa" free="129226752" total="129226752" percent="100" />
    </mem>
    <remembered-set count="30956" />
  </mem-info>
</gc-end>
<cycle-end id="2667" type="scavenge" contextid="2661" timestamp="2020-09-11T12:43:43.192" />
<allocation-satisfied id="2668" threadId="000000000088EE00" bytesRequested="16" />
<af-end id="2669" timestamp="2020-09-11T12:43:43.192" threadId="000000000088F780" success="true" from="nursery"/>
<exclusive-end id="2670" timestamp="2020-09-11T12:43:43.192" durationms="120.252" />

<exclusive-start id="2671" timestamp="2020-09-11T12:43:45.140" intervalms="2068.138">
  <response-info timems="0.593" idlems="0.593" threads="0" lastid="000000000086A900" lastname="Group1.Backend.CompositeBackend{Tier1}.3" />
</exclusive-start>
<af-start id="2672" threadId="000000000086B280" totalBytesRequested="120" timestamp="2020-09-11T12:43:45.141" intervalms="2068.189" type="nursery" />
<cycle-start id="2673" type="scavenge" contextid="0" timestamp="2020-09-11T12:43:45.141" intervalms="2068.210" />
<gc-start id="2674" type="scavenge" contextid="2673" timestamp="2020-09-11T12:43:45.141">
  <mem-info id="2675" free="857327344" total="2785607680" percent="30">
    <mem type="nursery" free="0" total="939524096" percent="0">
      <mem type="allocate" free="0" total="786104320" percent="0" />
      <mem type="survivor" free="0" total="153419776" percent="0" />
    </mem>
    <mem type="tenure" free="857327344" total="1846083584" percent="46">
      <mem type="soa" free="728100592" total="1716856832" percent="42" />
      <mem type="loa" free="129226752" total="129226752" percent="100" />
    </mem>
    <remembered-set count="193198" />
  </mem-info>
</gc-start>
<allocation-stats totalBytes="679021160" >
  <allocated-bytes non-tlh="31584896" tlh="647436264" />
  <largest-consumer threadName="Group1.Backend.CompositeBackend{Tier1}.8" threadId="00000000008D4B00" bytes="103145336" />
</allocation-stats>
<gc-op id="2676" type="scavenge" timems="103.408" contextid="2673" timestamp="2020-09-11T12:43:45.245">
  <scavenger-info tenureage="3" tenuremask="7ff8" tiltratio="83" />
  <memory-copied type="nursery" objects="4014557" bytes="107630384" bytesdiscarded="117768" />
  <memory-copied type="tenure" objects="1043645" bytes="28068448" bytesdiscarded="35224" />
  <ownableSynchronizers candidates="5953" cleared="4854" />
  <references type="soft" candidates="879" cleared="0" enqueued="0" dynamicThreshold="18" maxThreshold="32" />
  <references type="weak" candidates="121" cleared="121" enqueued="0" />
</gc-op>
<gc-end id="2677" type="scavenge" contextid="2673" durationms="104.624" usertimems="739.301" systemtimems="0.000" timestamp="2020-09-11T12:43:45.246" activeThreads="8">
  <mem-info id="2678" free="1513845280" total="2785607680" percent="54">
    <mem type="nursery" free="684567808" total="939524096" percent="72">
      <mem type="allocate" free="684567808" total="792395776" percent="86" />
      <mem type="survivor" free="0" total="147128320" percent="0" />
    </mem>
    <mem type="tenure" free="829277472" total="1846083584" percent="44" macro-fragmented="0">
      <mem type="soa" free="700050720" total="1716856832" percent="40" />
      <mem type="loa" free="129226752" total="129226752" percent="100" />
    </mem>
    <remembered-set count="32281" />
  </mem-info>
</gc-end>
<cycle-end id="2679" type="scavenge" contextid="2673" timestamp="2020-09-11T12:43:45.246" />
<allocation-satisfied id="2680" threadId="000000000086A900" bytesRequested="120" />
<af-end id="2681" timestamp="2020-09-11T12:43:45.247" threadId="000000000086B280" success="true" from="nursery"/>
<exclusive-end id="2682" timestamp="2020-09-11T12:43:45.247" durationms="106.620" />

<exclusive-start id="2683" timestamp="2020-09-11T12:43:47.165" intervalms="2024.582">
  <response-info timems="0.892" idlems="0.892" threads="0" lastid="000000000088BD00" lastname="Group1.Backend.CompositeBackend{Tier1}.7" />
</exclusive-start>
<af-start id="2684" threadId="000000000088C680" totalBytesRequested="32" timestamp="2020-09-11T12:43:47.165" intervalms="2024.632" type="nursery" />
<cycle-start id="2685" type="scavenge" contextid="0" timestamp="2020-09-11T12:43:47.165" intervalms="2024.634" />
<gc-start id="2686" type="scavenge" contextid="2685" timestamp="2020-09-11T12:43:47.166">
  <mem-info id="2687" free="829277472" total="2785607680" percent="29">
    <mem type="nursery" free="0" total="939524096" percent="0">
      <mem type="allocate" free="0" total="792395776" percent="0" />
      <mem type="survivor" free="0" total="147128320" percent="0" />
    </mem>
    <mem type="tenure" free="829277472" total="1846083584" percent="44">
      <mem type="soa" free="700050720" total="1716856832" percent="40" />
      <mem type="loa" free="129226752" total="129226752" percent="100" />
    </mem>
    <remembered-set count="192104" />
  </mem-info>
</gc-start>
<allocation-stats totalBytes="684246528" >
  <allocated-bytes non-tlh="36770048" tlh="647476480" />
  <largest-consumer threadName="Group1.Backend.CompositeBackend{Tier1}.8" threadId="00000000008D4B00" bytes="97921760" />
</allocation-stats>
<gc-op id="2688" type="scavenge" timems="121.048" contextid="2685" timestamp="2020-09-11T12:43:47.287">
  <scavenger-info tenureage="3" tenuremask="7ff8" tiltratio="84" />
  <memory-copied type="nursery" objects="4206315" bytes="112002592" bytesdiscarded="189032" />
  <memory-copied type="tenure" objects="1066152" bytes="28655952" bytesdiscarded="42680" />
  <ownableSynchronizers candidates="6711" cleared="5594" />
  <references type="soft" candidates="924" cleared="0" enqueued="0" dynamicThreshold="18" maxThreshold="32" />
  <references type="weak" candidates="132" cleared="132" enqueued="0" />
</gc-op>
<gc-end id="2689" type="scavenge" contextid="2685" durationms="124.288" usertimems="869.805" systemtimems="0.000" timestamp="2020-09-11T12:43:47.290" activeThreads="8">
  <mem-info id="2690" free="1483928928" total="2785607680" percent="53">
    <mem type="nursery" free="683467472" total="939524096" percent="72">
      <mem type="allocate" free="683467472" total="795738112" percent="85" />
      <mem type="survivor" free="0" total="143785984" percent="0" />
    </mem>
    <mem type="tenure" free="800461456" total="1846083584" percent="43" macro-fragmented="4479464">
      <mem type="soa" free="671234704" total="1716856832" percent="39" />
      <mem type="loa" free="129226752" total="129226752" percent="100" />
    </mem>
    <remembered-set count="31667" />
  </mem-info>
</gc-end>
<cycle-end id="2691" type="scavenge" contextid="2685" timestamp="2020-09-11T12:43:47.292" />
<allocation-satisfied id="2692" threadId="000000000088BD00" bytesRequested="32" />
<af-end id="2693" timestamp="2020-09-11T12:43:47.293" threadId="000000000088C680" success="true" from="nursery"/>
<exclusive-end id="2694" timestamp="2020-09-11T12:43:47.293" durationms="128.070" />

<exclusive-start id="2695" timestamp="2020-09-11T12:43:49.338" intervalms="2173.142">
  <response-info timems="0.475" idlems="0.475" threads="0" lastid="000000000088EE00" lastname="Group1.Backend.CompositeBackend{Tier1}.5" />
</exclusive-start>
<af-start id="2696" threadId="000000000088F780" totalBytesRequested="16" timestamp="2020-09-11T12:43:49.338" intervalms="2173.131" type="nursery" />
<cycle-start id="2697" type="scavenge" contextid="0" timestamp="2020-09-11T12:43:49.339" intervalms="2173.129" />
<gc-start id="2698" type="scavenge" contextid="2697" timestamp="2020-09-11T12:43:49.339">
  <mem-info id="2699" free="800461456" total="2785607680" percent="28">
    <mem type="nursery" free="0" total="939524096" percent="0">
      <mem type="allocate" free="0" total="795738112" percent="0" />
      <mem type="survivor" free="0" total="143785984" percent="0" />
    </mem>
    <mem type="tenure" free="800461456" total="1846083584" percent="43">
      <mem type="soa" free="671234704" total="1716856832" percent="39" />
      <mem type="loa" free="129226752" total="129226752" percent="100" />
    </mem>
    <remembered-set count="197591" />
  </mem-info>
</gc-start>
<allocation-stats totalBytes="683119880" >
  <allocated-bytes non-tlh="27569728" tlh="655550152" />
  <largest-consumer threadName="Group1.Backend.CompositeBackend{Tier1}.8" threadId="00000000008D4B00" bytes="90864688" />
</allocation-stats>
<gc-op id="2700" type="scavenge" timems="109.848" contextid="2697" timestamp="2020-09-11T12:43:49.449">
  <scavenger-info tenureage="3" tenuremask="7ff8" tiltratio="84" />
  <memory-copied type="nursery" objects="4093495" bytes="109756408" bytesdiscarded="182256" />
  <memory-copied type="tenure" objects="1065688" bytes="28636032" bytesdiscarded="61952" />
  <ownableSynchronizers candidates="6912" cleared="5716" />
  <references type="soft" candidates="918" cleared="0" enqueued="0" dynamicThreshold="18" maxThreshold="32" />
  <references type="weak" candidates="107" cleared="107" enqueued="0" />
</gc-op>
<gc-end id="2701" type="scavenge" contextid="2697" durationms="111.064" usertimems="791.010" systemtimems="7.834" timestamp="2020-09-11T12:43:49.450" activeThreads="8">
  <mem-info id="2702" free="1461194248" total="2785607680" percent="52">
    <mem type="nursery" free="689381376" total="939524096" percent="73">
      <mem type="allocate" free="689381376" total="799408128" percent="86" />
      <mem type="survivor" free="0" total="140115968" percent="0" />
    </mem>
    <mem type="tenure" free="771812872" total="1846083584" percent="41" macro-fragmented="3145752">
      <mem type="soa" free="642586120" total="1716856832" percent="37" />
      <mem type="loa" free="129226752" total="129226752" percent="100" />
    </mem>
    <remembered-set count="31328" />
  </mem-info>
</gc-end>
<cycle-end id="2703" type="scavenge" contextid="2697" timestamp="2020-09-11T12:43:49.451" />
<allocation-satisfied id="2704" threadId="000000000088EE00" bytesRequested="16" />
<af-end id="2705" timestamp="2020-09-11T12:43:49.452" threadId="000000000088F780" success="true" from="nursery"/>
<exclusive-end id="2706" timestamp="2020-09-11T12:43:49.452" durationms="113.940" />

<exclusive-start id="2707" timestamp="2020-09-11T12:43:51.362" intervalms="2024.016">
  <response-info timems="0.482" idlems="0.482" threads="0" lastid="000000000086B500" lastname="Group1.Backend.CompositeBackend{Tier1}.4" />
</exclusive-start>
<af-start id="2708" threadId="000000000086BE80" totalBytesRequested="267088" timestamp="2020-09-11T12:43:51.363" intervalms="2024.203" type="nursery" />
<cycle-start id="2709" type="scavenge" contextid="0" timestamp="2020-09-11T12:43:51.363" intervalms="2024.233" />
<gc-start id="2710" type="scavenge" contextid="2709" timestamp="2020-09-11T12:43:51.363">
  <mem-info id="2711" free="771812872" total="2785607680" percent="27">
    <mem type="nursery" free="0" total="939524096" percent="0">
      <mem type="allocate" free="0" total="799408128" percent="0" />
      <mem type="survivor" free="0" total="140115968" percent="0" />
    </mem>
    <mem type="tenure" free="771812872" total="1846083584" percent="41">
      <mem type="soa" free="642586120" total="1716856832" percent="37" />
      <mem type="loa" free="129226752" total="129226752" percent="100" />
    </mem>
    <remembered-set count="191486" />
  </mem-info>
</gc-start>
<allocation-stats totalBytes="689058944" >
  <allocated-bytes non-tlh="34548784" tlh="654510160" />
  <largest-consumer threadName="Group1.Backend.CompositeBackend{Tier1}.6" threadId="000000000089DB00" bytes="120856576" />
</allocation-stats>
<gc-op id="2712" type="scavenge" timems="191.511" contextid="2709" timestamp="2020-09-11T12:43:51.555">
  <scavenger-info tenureage="3" tenuremask="7ff8" tiltratio="85" />
  <memory-copied type="nursery" objects="4722183" bytes="124137512" bytesdiscarded="228936" />
  <memory-copied type="tenure" objects="1064490" bytes="28604992" bytesdiscarded="49616" />
  <ownableSynchronizers candidates="7058" cleared="5866" />
  <references type="soft" candidates="952" cleared="0" enqueued="0" dynamicThreshold="18" maxThreshold="32" />
  <references type="weak" candidates="131" cleared="127" enqueued="0" />
</gc-op>
<gc-end id="2713" type="scavenge" contextid="2709" durationms="193.089" usertimems="1404.685" systemtimems="38.727" timestamp="2020-09-11T12:43:51.556" activeThreads="8">
  <mem-info id="2714" free="1406062576" total="2785607680" percent="50">
    <mem type="nursery" free="662899480" total="939524096" percent="70">
      <mem type="allocate" free="662899480" total="787349504" percent="84" />
      <mem type="survivor" free="0" total="152174592" percent="0" />
    </mem>
    <mem type="tenure" free="743163096" total="1846083584" percent="40" macro-fragmented="6450429">
      <mem type="soa" free="613936344" total="1716856832" percent="35" />
      <mem type="loa" free="129226752" total="129226752" percent="100" />
    </mem>
    <remembered-set count="30684" />
  </mem-info>
</gc-end>
<cycle-end id="2715" type="scavenge" contextid="2709" timestamp="2020-09-11T12:43:51.558" />
<allocation-satisfied id="2716" threadId="000000000086B500" bytesRequested="267088" />
<af-end id="2717" timestamp="2020-09-11T12:43:51.558" threadId="000000000086BE80" success="true" from="nursery"/>
<exclusive-end id="2718" timestamp="2020-09-11T12:43:51.558" durationms="196.375" />

<exclusive-start id="2719" timestamp="2020-09-11T12:43:53.423" intervalms="2061.688">
  <response-info timems="1.217" idlems="1.217" threads="0" lastid="000000000086B500" lastname="Group1.Backend.CompositeBackend{Tier1}.4" />
</exclusive-start>
<af-start id="2720" threadId="000000000086BE80" totalBytesRequested="24" timestamp="2020-09-11T12:43:53.424" intervalms="2061.441" type="nursery" />
<cycle-start id="2721" type="scavenge" contextid="0" timestamp="2020-09-11T12:43:53.424" intervalms="2061.392" />
<gc-start id="2722" type="scavenge" contextid="2721" timestamp="2020-09-11T12:43:53.425">
  <mem-info id="2723" free="743163096" total="2785607680" percent="26">
    <mem type="nursery" free="0" total="939524096" percent="0">
      <mem type="allocate" free="0" total="787349504" percent="0" />
      <mem type="survivor" free="0" total="152174592" percent="0" />
    </mem>
    <mem type="tenure" free="743163096" total="1846083584" percent="40">
      <mem type="soa" free="613936344" total="1716856832" percent="35" />
      <mem type="loa" free="129226752" total="129226752" percent="100" />
    </mem>
    <remembered-set count="190945" />
  </mem-info>
</gc-start>
<allocation-stats totalBytes="662569056" >
  <allocated-bytes non-tlh="31559736" tlh="631009320" />
  <largest-consumer threadName="Group1.Backend.CompositeBackend{Tier1}.5" threadId="000000000088EE00" bytes="106132064" />
</allocation-stats>
<gc-op id="2724" type="scavenge" timems="138.278" contextid="2721" timestamp="2020-09-11T12:43:53.563">
  <scavenger-info tenureage="3" tenuremask="7ff8" tiltratio="83" />
  <memory-copied type="nursery" objects="4215760" bytes="112318432" bytesdiscarded="150128" />
  <memory-copied type="tenure" objects="1073329" bytes="28861864" bytesdiscarded="44056" />
  <ownableSynchronizers candidates="6619" cleared="5410" />
  <references type="soft" candidates="944" cleared="0" enqueued="0" dynamicThreshold="18" maxThreshold="32" />
  <references type="weak" candidates="122" cleared="122" enqueued="0" />
</gc-op>
<gc-end id="2725" type="scavenge" contextid="2721" durationms="139.859" usertimems="983.856" systemtimems="20.002" timestamp="2020-09-11T12:43:53.564" activeThreads="8">
  <mem-info id="2726" free="1391638504" total="2785607680" percent="49">
    <mem type="nursery" free="677417456" total="939524096" percent="72">
      <mem type="allocate" free="677417456" total="789970944" percent="85" />
      <mem type="survivor" free="0" total="149553152" percent="0" />
    </mem>
    <mem type="tenure" free="714221048" total="1846083584" percent="38" macro-fragmented="0">
      <mem type="soa" free="584994296" total="1716856832" percent="34" />
      <mem type="loa" free="129226752" total="129226752" percent="100" />
    </mem>
    <remembered-set count="30895" />
  </mem-info>
</gc-end>
<cycle-end id="2727" type="scavenge" contextid="2721" timestamp="2020-09-11T12:43:53.565" />
<allocation-satisfied id="2728" threadId="000000000086B500" bytesRequested="24" />
<af-end id="2729" timestamp="2020-09-11T12:43:53.565" threadId="000000000086BE80" success="true" from="nursery"/>
<exclusive-end id="2730" timestamp="2020-09-11T12:43:53.565" durationms="142.110" />

<exclusive-start id="2731" timestamp="2020-09-11T12:43:55.525" intervalms="2101.404">
  <response-info timems="0.946" idlems="0.946" threads="0" lastid="000000000088BD00" lastname="Group1.Backend.CompositeBackend{Tier1}.7" />
</exclusive-start>
<af-start id="2732" threadId="000000000088C680" totalBytesRequested="32" timestamp="2020-09-11T12:43:55.526" intervalms="2101.944" type="nursery" />
<cycle-start id="2733" type="scavenge" contextid="0" timestamp="2020-09-11T12:43:55.526" intervalms="2102.129" />
<gc-start id="2734" type="scavenge" contextid="2733" timestamp="2020-09-11T12:43:55.527">
  <mem-info id="2735" free="714221048" total="2785607680" percent="25">
    <mem type="nursery" free="0" total="939524096" percent="0">
      <mem type="allocate" free="0" total="789970944" percent="0" />
      <mem type="survivor" free="0" total="149553152" percent="0" />
    </mem>
    <mem type="tenure" free="714221048" total="1846083584" percent="38">
      <mem type="soa" free="584994296" total="1716856832" percent="34" />
      <mem type="loa" free="129226752" total="129226752" percent="100" />
    </mem>
    <remembered-set count="194353" />
  </mem-info>
</gc-start>
<allocation-stats totalBytes="677079088" >
  <allocated-bytes non-tlh="31118384" tlh="645960704" />
  <largest-consumer threadName="Group1.Backend.CompositeBackend{Tier1}.2" threadId="0000000000785700" bytes="83325808" />
</allocation-stats>
<gc-op id="2736" type="scavenge" timems="156.677" contextid="2733" timestamp="2020-09-11T12:43:55.683">
  <scavenger-info tenureage="3" tenuremask="7ff8" tiltratio="84" />
  <memory-copied type="nursery" objects="4075258" bytes="109246984" bytesdiscarded="187112" />
  <memory-copied type="tenure" objects="1137512" bytes="30594936" bytesdiscarded="53368" />
  <ownableSynchronizers candidates="5946" cleared="4802" />
  <references type="soft" candidates="894" cleared="0" enqueued="0" dynamicThreshold="18" maxThreshold="32" />
  <references type="weak" candidates="122" cleared="122" enqueued="0" />
</gc-op>
<gc-end id="2737" type="scavenge" contextid="2733" durationms="158.108" usertimems="1064.812" systemtimems="28.882" timestamp="2020-09-11T12:43:55.685" activeThreads="8">
  <mem-info id="2738" free="1368815376" total="2785607680" percent="49">
    <mem type="nursery" free="685231360" total="939524096" percent="72">
      <mem type="allocate" free="685231360" total="794755072" percent="86" />
      <mem type="survivor" free="0" total="144769024" percent="0" />
    </mem>
    <mem type="tenure" free="683584016" total="1846083584" percent="37" macro-fragmented="0">
      <mem type="soa" free="554357264" total="1716856832" percent="32" />
      <mem type="loa" free="129226752" total="129226752" percent="100" />
    </mem>
    <remembered-set count="30344" />
  </mem-info>
</gc-end>
<cycle-end id="2739" type="scavenge" contextid="2733" timestamp="2020-09-11T12:43:55.686" />
<allocation-satisfied id="2740" threadId="000000000088BD00" bytesRequested="32" />
<af-end id="2741" timestamp="2020-09-11T12:43:55.686" threadId="000000000088C680" success="true" from="nursery"/>
<exclusive-end id="2742" timestamp="2020-09-11T12:43:55.686" durationms="161.285" />

<exclusive-start id="2743" timestamp="2020-09-11T12:43:57.550" intervalms="2024.903">
  <response-info timems="11.292" idlems="11.292" threads="0" lastid="000000000088BD00" lastname="Group1.Backend.CompositeBackend{Tier1}.7" />
</exclusive-start>
<af-start id="2744" threadId="000000000088C680" totalBytesRequested="88" timestamp="2020-09-11T12:43:57.550" intervalms="2024.525" type="nursery" />
<cycle-start id="2745" type="scavenge" contextid="0" timestamp="2020-09-11T12:43:57.551" intervalms="2024.346" />
<gc-start id="2746" type="scavenge" contextid="2745" timestamp="2020-09-11T12:43:57.551">
  <mem-info id="2747" free="683584016" total="2785607680" percent="24">
    <mem type="nursery" free="0" total="939524096" percent="0">
      <mem type="allocate" free="0" total="794755072" percent="0" />
      <mem type="survivor" free="0" total="144769024" percent="0" />
    </mem>
    <mem type="tenure" free="683584016" total="1846083584" percent="37">
      <mem type="soa" free="554357264" total="1716856832" percent="32" />
      <mem type="loa" free="129226752" total="129226752" percent="100" />
    </mem>
    <remembered-set count="191532" />
  </mem-info>
</gc-start>
<allocation-stats totalBytes="684908592" >
  <allocated-bytes non-tlh="35226384" tlh="649682208" />
  <largest-consumer threadName="Group1.Backend.CompositeBackend{Tier1}.1" threadId="0000000000789300" bytes="100623360" />
</allocation-stats>
<gc-op id="2748" type="scavenge" timems="160.972" contextid="2745" timestamp="2020-09-11T12:43:57.712">
  <scavenger-info tenureage="3" tenuremask="7ff8" tiltratio="84" />
  <memory-copied type="nursery" objects="4092808" bytes="109726528" bytesdiscarded="168112" />
  <memory-copied type="tenure" objects="1055038" bytes="28368728" bytesdiscarded="55632" />
  <ownableSynchronizers candidates="6151" cleared="5078" />
  <references type="soft" candidates="849" cleared="0" enqueued="0" dynamicThreshold="18" maxThreshold="32" />
  <references type="weak" candidates="127" cleared="127" enqueued="0" />
</gc-op>
<gc-end id="2749" type="scavenge" contextid="2745" durationms="162.421" usertimems="1155.066" systemtimems="37.377" timestamp="2020-09-11T12:43:57.713" activeThreads="8">
  <mem-info id="2750" free="1344205984" total="2785607680" percent="48">
    <mem type="nursery" free="689032704" total="939524096" percent="73">
      <mem type="allocate" free="689032704" total="799014912" percent="86" />
      <mem type="survivor" free="0" total="140509184" percent="0" />
    </mem>
    <mem type="tenure" free="655173280" total="1846083584" percent="35" macro-fragmented="0">
      <mem type="soa" free="525946528" total="1716856832" percent="30" />
      <mem type="loa" free="129226752" total="129226752" percent="100" />
    </mem>
    <remembered-set count="30397" />
  </mem-info>
</gc-end>
<cycle-end id="2751" type="scavenge" contextid="2745" timestamp="2020-09-11T12:43:57.715" />
<allocation-satisfied id="2752" threadId="000000000088BD00" bytesRequested="88" />
<af-end id="2753" timestamp="2020-09-11T12:43:57.715" threadId="000000000088C680" success="true" from="nursery"/>
<exclusive-end id="2754" timestamp="2020-09-11T12:43:57.715" durationms="164.981" />

<exclusive-start id="2755" timestamp="2020-09-11T12:43:59.664" intervalms="2114.174">
  <response-info timems="0.548" idlems="0.548" threads="0" lastid="0000000000789300" lastname="Group1.Backend.CompositeBackend{Tier1}.1" />
</exclusive-start>
<af-start id="2756" threadId="0000000000789C80" totalBytesRequested="16" timestamp="2020-09-11T12:43:59.665" intervalms="2114.038" type="nursery" />
<cycle-start id="2757" type="scavenge" contextid="0" timestamp="2020-09-11T12:43:59.665" intervalms="2114.044" />
<gc-start id="2758" type="scavenge" contextid="2757" timestamp="2020-09-11T12:43:59.665">
  <mem-info id="2759" free="655173280" total="2785607680" percent="23">
    <mem type="nursery" free="0" total="939524096" percent="0">
      <mem type="allocate" free="0" total="799014912" percent="0" />
      <mem type="survivor" free="0" total="140509184" percent="0" />
    </mem>
    <mem type="tenure" free="655173280" total="1846083584" percent="35">
      <mem type="soa" free="525946528" total="1716856832" percent="30" />
      <mem type="loa" free="129226752" total="129226752" percent="100" />
    </mem>
    <remembered-set count="194359" />
  </mem-info>
</gc-start>
<allocation-stats totalBytes="688699176" >
  <allocated-bytes non-tlh="29714448" tlh="658984728" />
  <largest-consumer threadName="Group1.Backend.CompositeBackend{Tier1}.5" threadId="000000000088EE00" bytes="97815968" />
</allocation-stats>
<gc-op id="2760" type="scavenge" timems="87.092" contextid="2757" timestamp="2020-09-11T12:43:59.752">
  <scavenger-info tenureage="3" tenuremask="7ff8" tiltratio="85" />
  <memory-copied type="nursery" objects="4038159" bytes="108461544" bytesdiscarded="258920" />
  <memory-copied type="tenure" objects="1069298" bytes="28759976" bytesdiscarded="71080" />
  <ownableSynchronizers candidates="5309" cleared="4322" />
  <references type="soft" candidates="797" cleared="0" enqueued="0" dynamicThreshold="18" maxThreshold="32" />
  <references type="weak" candidates="118" cleared="118" enqueued="0" />
</gc-op>
<gc-end id="2761" type="scavenge" contextid="2757" durationms="87.998" usertimems="667.541" systemtimems="4.261" timestamp="2020-09-11T12:43:59.753" activeThreads="8">
  <mem-info id="2762" free="1319910112" total="2785607680" percent="47">
    <mem type="nursery" free="693684992" total="939524096" percent="73">
      <mem type="allocate" free="693684992" total="802488320" percent="86" />
      <mem type="survivor" free="0" total="137035776" percent="0" />
    </mem>
    <mem type="tenure" free="626225120" total="1846083584" percent="33" macro-fragmented="1310760">
      <mem type="soa" free="496998368" total="1716856832" percent="28" />
      <mem type="loa" free="129226752" total="129226752" percent="100" />
    </mem>
    <remembered-set count="30891" />
  </mem-info>
</gc-end>
<cycle-end id="2763" type="scavenge" contextid="2757" timestamp="2020-09-11T12:43:59.754" />
<allocation-satisfied id="2764" threadId="0000000000789300" bytesRequested="16" />
<af-end id="2765" timestamp="2020-09-11T12:43:59.754" threadId="0000000000789C80" success="true" from="nursery"/>
<exclusive-end id="2766" timestamp="2020-09-11T12:43:59.754" durationms="90.082" />

<exclusive-start id="2767" timestamp="2020-09-11T12:44:01.802" intervalms="2138.544">
  <response-info timems="0.247" idlems="0.247" threads="0" lastid="0000000000789300" lastname="Group1.Backend.CompositeBackend{Tier1}.1" />
</exclusive-start>
<af-start id="2768" threadId="0000000000789C80" totalBytesRequested="24" timestamp="2020-09-11T12:44:01.803" intervalms="2138.442" type="nursery" />
<cycle-start id="2769" type="scavenge" contextid="0" timestamp="2020-09-11T12:44:01.803" intervalms="2138.425" />
<gc-start id="2770" type="scavenge" contextid="2769" timestamp="2020-09-11T12:44:01.803">
  <mem-info id="2771" free="626225120" total="2785607680" percent="22">
    <mem type="nursery" free="0" total="939524096" percent="0">
      <mem type="allocate" free="0" total="802488320" percent="0" />
      <mem type="survivor" free="0" total="137035776" percent="0" />
    </mem>
    <mem type="tenure" free="626225120" total="1846083584" percent="33">
      <mem type="soa" free="496998368" total="1716856832" percent="28" />
      <mem type="loa" free="129226752" total="129226752" percent="100" />
    </mem>
    <remembered-set count="195310" />
  </mem-info>
</gc-start>
<allocation-stats totalBytes="693341904" >
  <allocated-bytes non-tlh="31237664" tlh="662104240" />
  <largest-consumer threadName="Group1.Backend.CompositeBackend{Tier1}.2" threadId="0000000000785700" bytes="101088224" />
</allocation-stats>
<gc-op id="2772" type="scavenge" timems="119.301" contextid="2769" timestamp="2020-09-11T12:44:01.923">
  <scavenger-info tenureage="3" tenuremask="7ff8" tiltratio="85" />
  <memory-copied type="nursery" objects="4370837" bytes="115851136" bytesdiscarded="222464" />
  <memory-copied type="tenure" objects="1096799" bytes="29497272" bytesdiscarded="71864" />
  <ownableSynchronizers candidates="6889" cleared="5888" />
  <references type="soft" candidates="844" cleared="0" enqueued="0" dynamicThreshold="18" maxThreshold="32" />
  <references type="weak" candidates="105" cleared="105" enqueued="0" />
</gc-op>
<gc-end id="2773" type="scavenge" contextid="2769" durationms="120.219" usertimems="880.753" systemtimems="3.586" timestamp="2020-09-11T12:44:01.923" activeThreads="8">
  <mem-info id="2774" free="1282296448" total="2785607680" percent="46">
    <mem type="nursery" free="685543408" total="939524096" percent="72">
      <mem type="allocate" free="685543408" total="801701888" percent="85" />
      <mem type="survivor" free="0" total="137822208" percent="0" />
    </mem>
    <mem type="tenure" free="596753040" total="1846083584" percent="32" macro-fragmented="0">
      <mem type="soa" free="467526288" total="1716856832" percent="27" />
      <mem type="loa" free="129226752" total="129226752" percent="100" />
    </mem>
    <remembered-set count="31265" />
  </mem-info>
</gc-end>
<cycle-end id="2775" type="scavenge" contextid="2769" timestamp="2020-09-11T12:44:01.924" />
<allocation-satisfied id="2776" threadId="0000000000789300" bytesRequested="24" />
<af-end id="2777" timestamp="2020-09-11T12:44:01.924" threadId="0000000000789C80" success="true" from="nursery"/>
<exclusive-end id="2778" timestamp="2020-09-11T12:44:01.924" durationms="122.004" />

<exclusive-start id="2779" timestamp="2020-09-11T12:44:03.893" intervalms="2091.117">
  <response-info timems="0.726" idlems="0.478" threads="1" lastid="000000000088BD00" lastname="Group1.Backend.CompositeBackend{Tier1}.7" />
</exclusive-start>
<af-start id="2780" threadId="0000000000A6AA80" totalBytesRequested="16" timestamp="2020-09-11T12:44:03.894" intervalms="2091.203" type="nursery" />
<cycle-start id="2781" type="scavenge" contextid="0" timestamp="2020-09-11T12:44:03.894" intervalms="2091.306" />
<gc-start id="2782" type="scavenge" contextid="2781" timestamp="2020-09-11T12:44:03.895">
  <mem-info id="2783" free="596753040" total="2785607680" percent="21">
    <mem type="nursery" free="0" total="939524096" percent="0">
      <mem type="allocate" free="0" total="801701888" percent="0" />
      <mem type="survivor" free="0" total="137822208" percent="0" />
    </mem>
    <mem type="tenure" free="596753040" total="1846083584" percent="32">
      <mem type="soa" free="467526288" total="1716856832" percent="27" />
      <mem type="loa" free="129226752" total="129226752" percent="100" />
    </mem>
    <remembered-set count="195611" />
  </mem-info>
</gc-start>
<allocation-stats totalBytes="685229128" >
  <allocated-bytes non-tlh="31172128" tlh="654057000" />
  <largest-consumer threadName="Group1.Backend.CompositeBackend{Tier1}.7" threadId="000000000088BD00" bytes="87293760" />
</allocation-stats>
<gc-op id="2784" type="scavenge" timems="176.362" contextid="2781" timestamp="2020-09-11T12:44:04.071">
  <scavenger-info tenureage="3" tenuremask="7ff8" tiltratio="85" />
  <memory-copied type="nursery" objects="4482740" bytes="119085488" bytesdiscarded="197712" />
  <memory-copied type="tenure" objects="1060733" bytes="28534200" bytesdiscarded="58488" />
  <ownableSynchronizers candidates="5237" cleared="4270" />
  <references type="soft" candidates="804" cleared="0" enqueued="0" dynamicThreshold="18" maxThreshold="32" />
  <references type="weak" candidates="108" cleared="108" enqueued="0" />
</gc-op>
<gc-end id="2785" type="scavenge" contextid="2781" durationms="177.700" usertimems="1205.499" systemtimems="25.999" timestamp="2020-09-11T12:44:04.072" activeThreads="8">
  <mem-info id="2786" free="1251151968" total="2785607680" percent="44">
    <mem type="nursery" free="682987904" total="939524096" percent="72">
      <mem type="allocate" free="682987904" total="802357248" percent="85" />
      <mem type="survivor" free="0" total="137166848" percent="0" />
    </mem>
    <mem type="tenure" free="568164064" total="1846083584" percent="30" macro-fragmented="0">
      <mem type="soa" free="438937312" total="1716856832" percent="25" />
      <mem type="loa" free="129226752" total="129226752" percent="100" />
    </mem>
    <remembered-set count="32206" />
  </mem-info>
</gc-end>
<cycle-end id="2787" type="scavenge" contextid="2781" timestamp="2020-09-11T12:44:04.074" />
<allocation-satisfied id="2788" threadId="0000000000A6A100" bytesRequested="16" />
<af-end id="2789" timestamp="2020-09-11T12:44:04.074" threadId="0000000000A6AA80" success="true" from="nursery"/>
<exclusive-end id="2790" timestamp="2020-09-11T12:44:04.074" durationms="180.389" />

<exclusive-start id="2791" timestamp="2020-09-11T12:44:05.956" intervalms="2062.791">
  <response-info timems="0.463" idlems="0.463" threads="0" lastid="0000000000785700" lastname="Group1.Backend.CompositeBackend{Tier1}.2" />
</exclusive-start>
<af-start id="2792" threadId="0000000000786080" totalBytesRequested="16" timestamp="2020-09-11T12:44:05.957" intervalms="2062.818" type="nursery" />
<cycle-start id="2793" type="scavenge" contextid="0" timestamp="2020-09-11T12:44:05.957" intervalms="2062.718" />
<gc-start id="2794" type="scavenge" contextid="2793" timestamp="2020-09-11T12:44:05.957">
  <mem-info id="2795" free="568164064" total="2785607680" percent="20">
    <mem type="nursery" free="0" total="939524096" percent="0">
      <mem type="allocate" free="0" total="802357248" percent="0" />
      <mem type="survivor" free="0" total="137166848" percent="0" />
    </mem>
    <mem type="tenure" free="568164064" total="1846083584" percent="30">
      <mem type="soa" free="438937312" total="1716856832" percent="25" />
      <mem type="loa" free="129226752" total="129226752" percent="100" />
    </mem>
    <remembered-set count="193839" />
  </mem-info>
</gc-start>
<allocation-stats totalBytes="682658576" >
  <allocated-bytes non-tlh="35628112" tlh="647030464" />
  <largest-consumer threadName="Group1.Backend.CompositeBackend{Tier1}.6" threadId="000000000089DB00" bytes="96471088" />
</allocation-stats>
<gc-op id="2796" type="scavenge" timems="136.577" contextid="2793" timestamp="2020-09-11T12:44:06.094">
  <scavenger-info tenureage="3" tenuremask="7ff8" tiltratio="85" />
  <memory-copied type="nursery" objects="4287621" bytes="114738520" bytesdiscarded="428304" />
  <memory-copied type="tenure" objects="1100484" bytes="29578144" bytesdiscarded="78144" />
  <ownableSynchronizers candidates="4841" cleared="3926" />
  <references type="soft" candidates="791" cleared="0" enqueued="0" dynamicThreshold="18" maxThreshold="32" />
  <references type="weak" candidates="112" cleared="112" enqueued="0" />
</gc-op>
<gc-end id="2797" type="scavenge" contextid="2793" durationms="138.538" usertimems="945.560" systemtimems="3.332" timestamp="2020-09-11T12:44:06.096" activeThreads="8">
  <mem-info id="2798" free="1226334480" total="2785607680" percent="44">
    <mem type="nursery" free="687824968" total="939524096" percent="73">
      <mem type="allocate" free="687824968" total="803078144" percent="85" />
      <mem type="survivor" free="0" total="136445952" percent="0" />
    </mem>
    <mem type="tenure" free="538509512" total="1846083584" percent="29" macro-fragmented="4479464">
      <mem type="soa" free="409282760" total="1716856832" percent="23" />
      <mem type="loa" free="129226752" total="129226752" percent="100" />
    </mem>
    <remembered-set count="31047" />
  </mem-info>
</gc-end>
<cycle-end id="2799" type="scavenge" contextid="2793" timestamp="2020-09-11T12:44:06.097" />
<allocation-satisfied id="2800" threadId="0000000000785700" bytesRequested="16" />
<af-end id="2801" timestamp="2020-09-11T12:44:06.097" threadId="0000000000786080" success="true" from="nursery"/>
<exclusive-end id="2802" timestamp="2020-09-11T12:44:06.097" durationms="140.710" />

<exclusive-start id="2803" timestamp="2020-09-11T12:44:07.962" intervalms="2005.288">
  <response-info timems="1.029" idlems="1.029" threads="0" lastid="000000000089DB00" lastname="Group1.Backend.CompositeBackend{Tier1}.6" />
</exclusive-start>
<af-start id="2804" threadId="000000000089E480" totalBytesRequested="32" timestamp="2020-09-11T12:44:07.962" intervalms="2005.425" type="nursery" />
<cycle-start id="2805" type="scavenge" contextid="0" timestamp="2020-09-11T12:44:07.963" intervalms="2005.442" />
<gc-start id="2806" type="scavenge" contextid="2805" timestamp="2020-09-11T12:44:07.963">
  <mem-info id="2807" free="538509512" total="2785607680" percent="19">
    <mem type="nursery" free="0" total="939524096" percent="0">
      <mem type="allocate" free="0" total="803078144" percent="0" />
      <mem type="survivor" free="0" total="136445952" percent="0" />
    </mem>
    <mem type="tenure" free="538509512" total="1846083584" percent="29">
      <mem type="soa" free="409282760" total="1716856832" percent="23" />
      <mem type="loa" free="129226752" total="129226752" percent="100" />
    </mem>
    <remembered-set count="189970" />
  </mem-info>
</gc-start>
<allocation-stats totalBytes="687516096" >
  <allocated-bytes non-tlh="39123360" tlh="648392736" />
  <largest-consumer threadName="Group1.Backend.CompositeBackend{Tier1}.1" threadId="0000000000789300" bytes="96012984" />
</allocation-stats>
<gc-op id="2808" type="scavenge" timems="171.187" contextid="2805" timestamp="2020-09-11T12:44:08.134">
  <scavenger-info tenureage="3" tenuremask="7ff8" tiltratio="85" />
  <memory-copied type="nursery" objects="4744918" bytes="124196648" bytesdiscarded="327608" />
  <memory-copied type="tenure" objects="1111527" bytes="29895040" bytesdiscarded="65816" />
  <ownableSynchronizers candidates="4668" cleared="3808" />
  <references type="soft" candidates="701" cleared="0" enqueued="0" dynamicThreshold="18" maxThreshold="32" />
  <references type="weak" candidates="119" cleared="119" enqueued="0" />
</gc-op>
<gc-end id="2809" type="scavenge" contextid="2805" durationms="172.548" usertimems="1152.707" systemtimems="4.655" timestamp="2020-09-11T12:44:08.135" activeThreads="8">
  <mem-info id="2810" free="1176407616" total="2785607680" percent="42">
    <mem type="nursery" free="667852968" total="939524096" percent="71">
      <mem type="allocate" free="667852968" total="792461312" percent="84" />
      <mem type="survivor" free="0" total="147062784" percent="0" />
    </mem>
    <mem type="tenure" free="508554648" total="1846083584" percent="27" macro-fragmented="0">
      <mem type="soa" free="379327896" total="1716856832" percent="22" />
      <mem type="loa" free="129226752" total="129226752" percent="100" />
    </mem>
    <remembered-set count="30598" />
  </mem-info>
</gc-end>
<cycle-end id="2811" type="scavenge" contextid="2805" timestamp="2020-09-11T12:44:08.137" />
<allocation-satisfied id="2812" threadId="000000000089DB00" bytesRequested="32" />
<af-end id="2813" timestamp="2020-09-11T12:44:08.137" threadId="000000000089E480" success="true" from="nursery"/>
<exclusive-end id="2814" timestamp="2020-09-11T12:44:08.137" durationms="175.213" />

<exclusive-start id="2815" timestamp="2020-09-11T12:44:10.034" intervalms="2071.995">
  <response-info timems="2.421" idlems="2.421" threads="0" lastid="000000000089DB00" lastname="Group1.Backend.CompositeBackend{Tier1}.6" />
</exclusive-start>
<af-start id="2816" threadId="000000000089E480" totalBytesRequested="24" timestamp="2020-09-11T12:44:10.034" intervalms="2072.070" type="nursery" />
<cycle-start id="2817" type="scavenge" contextid="0" timestamp="2020-09-11T12:44:10.035" intervalms="2072.077" />
<gc-start id="2818" type="scavenge" contextid="2817" timestamp="2020-09-11T12:44:10.035">
  <mem-info id="2819" free="508554648" total="2785607680" percent="18">
    <mem type="nursery" free="0" total="939524096" percent="0">
      <mem type="allocate" free="0" total="792461312" percent="0" />
      <mem type="survivor" free="0" total="147062784" percent="0" />
    </mem>
    <mem type="tenure" free="508554648" total="1846083584" percent="27">
      <mem type="soa" free="379327896" total="1716856832" percent="22" />
      <mem type="loa" free="129226752" total="129226752" percent="100" />
    </mem>
    <remembered-set count="192727" />
  </mem-info>
</gc-start>
<allocation-stats totalBytes="667518024" >
  <allocated-bytes non-tlh="28998160" tlh="638519864" />
  <largest-consumer threadName="Group1.Backend.CompositeBackend{Tier1}.7" threadId="000000000088BD00" bytes="101617616" />
</allocation-stats>
<gc-op id="2820" type="scavenge" timems="121.613" contextid="2817" timestamp="2020-09-11T12:44:10.157">
  <scavenger-info tenureage="3" tenuremask="7ff8" tiltratio="84" />
  <memory-copied type="nursery" objects="4212797" bytes="112331360" bytesdiscarded="296448" />
  <memory-copied type="tenure" objects="1132836" bytes="30453448" bytesdiscarded="71400" />
  <ownableSynchronizers candidates="4971" cleared="4214" />
  <references type="soft" candidates="709" cleared="0" enqueued="0" dynamicThreshold="18" maxThreshold="32" />
  <references type="weak" candidates="123" cleared="122" enqueued="0" />
</gc-op>
<gc-end id="2821" type="scavenge" contextid="2817" durationms="122.757" usertimems="919.585" systemtimems="2.685" timestamp="2020-09-11T12:44:10.158" activeThreads="8">
  <mem-info id="2822" free="1159364216" total="2785607680" percent="41">
    <mem type="nursery" free="681313632" total="939524096" percent="72">
      <mem type="allocate" free="681313632" total="794034176" percent="85" />
      <mem type="survivor" free="0" total="145489920" percent="0" />
    </mem>
    <mem type="tenure" free="478050584" total="1846083584" percent="25" macro-fragmented="1572888">
      <mem type="soa" free="348823832" total="1716856832" percent="20" />
      <mem type="loa" free="129226752" total="129226752" percent="100" />
    </mem>
    <remembered-set count="30396" />
  </mem-info>
</gc-end>
<cycle-end id="2823" type="scavenge" contextid="2817" timestamp="2020-09-11T12:44:10.159" />
<allocation-satisfied id="2824" threadId="000000000089DB00" bytesRequested="24" />
<af-end id="2825" timestamp="2020-09-11T12:44:10.159" threadId="000000000089E480" success="true" from="nursery"/>
<exclusive-end id="2826" timestamp="2020-09-11T12:44:10.159" durationms="125.127" />

<exclusive-start id="2827" timestamp="2020-09-11T12:44:12.099" intervalms="2065.368">
  <response-info timems="0.524" idlems="0.524" threads="0" lastid="000000000086A900" lastname="Group1.Backend.CompositeBackend{Tier1}.3" />
</exclusive-start>
<af-start id="2828" threadId="000000000086B280" totalBytesRequested="524296" timestamp="2020-09-11T12:44:12.100" intervalms="2065.382" type="nursery" />
<cycle-start id="2829" type="scavenge" contextid="0" timestamp="2020-09-11T12:44:12.100" intervalms="2065.401" />
<gc-start id="2830" type="scavenge" contextid="2829" timestamp="2020-09-11T12:44:12.100">
  <mem-info id="2831" free="478050584" total="2785607680" percent="17">
    <mem type="nursery" free="0" total="939524096" percent="0">
      <mem type="allocate" free="0" total="794034176" percent="0" />
      <mem type="survivor" free="0" total="145489920" percent="0" />
    </mem>
    <mem type="tenure" free="478050584" total="1846083584" percent="25">
      <mem type="soa" free="348823832" total="1716856832" percent="20" />
      <mem type="loa" free="129226752" total="129226752" percent="100" />
    </mem>
    <remembered-set count="192271" />
  </mem-info>
</gc-start>
<allocation-stats totalBytes="680979840" >
  <allocated-bytes non-tlh="31256320" tlh="649723520" />
  <largest-consumer threadName="Group1.Backend.CompositeBackend{Tier1}.7" threadId="000000000088BD00" bytes="111021792" />
</allocation-stats>
<gc-op id="2832" type="scavenge" timems="138.399" contextid="2829" timestamp="2020-09-11T12:44:12.239">
  <scavenger-info tenureage="3" tenuremask="7ff8" tiltratio="84" />
  <memory-copied type="nursery" objects="4170869" bytes="111071448" bytesdiscarded="120504" />
  <memory-copied type="tenure" objects="1087827" bytes="29249048" bytesdiscarded="76448" />
  <ownableSynchronizers candidates="3964" cleared="3264" />
  <references type="soft" candidates="683" cleared="0" enqueued="0" dynamicThreshold="18" maxThreshold="32" />
  <references type="weak" candidates="132" cleared="131" enqueued="0" />
</gc-op>
<gc-end id="2833" type="scavenge" contextid="2829" durationms="139.708" usertimems="950.474" systemtimems="10.769" timestamp="2020-09-11T12:44:12.240" activeThreads="8">
  <mem-info id="2834" free="1135409024" total="2785607680" percent="40">
    <mem type="nursery" free="686692808" total="939524096" percent="73">
      <mem type="allocate" free="686692808" total="797966336" percent="86" />
      <mem type="survivor" free="0" total="141557760" percent="0" />
    </mem>
    <mem type="tenure" free="448716216" total="1846083584" percent="24" macro-fragmented="0">
      <mem type="soa" free="319489464" total="1716856832" percent="18" />
      <mem type="loa" free="129226752" total="129226752" percent="100" />
    </mem>
    <remembered-set count="30126" />
  </mem-info>
</gc-end>
<cycle-end id="2835" type="scavenge" contextid="2829" timestamp="2020-09-11T12:44:12.242" />
<allocation-satisfied id="2836" threadId="000000000086A900" bytesRequested="524296" />
<af-end id="2837" timestamp="2020-09-11T12:44:12.242" threadId="000000000086B280" success="true" from="nursery"/>
<exclusive-end id="2838" timestamp="2020-09-11T12:44:12.242" durationms="142.780" />

<exclusive-start id="2839" timestamp="2020-09-11T12:44:14.275" intervalms="2176.034">
  <response-info timems="0.875" idlems="0.471" threads="1" lastid="0000000000785700" lastname="Group1.Backend.CompositeBackend{Tier1}.2" />
</exclusive-start>
<af-start id="2840" threadId="000000000086BE80" totalBytesRequested="24" timestamp="2020-09-11T12:44:14.276" intervalms="2175.982" type="nursery" />
<cycle-start id="2841" type="scavenge" contextid="0" timestamp="2020-09-11T12:44:14.276" intervalms="2176.056" />
<gc-start id="2842" type="scavenge" contextid="2841" timestamp="2020-09-11T12:44:14.277">
  <mem-info id="2843" free="448716216" total="2785607680" percent="16">
    <mem type="nursery" free="0" total="939524096" percent="0">
      <mem type="allocate" free="0" total="797966336" percent="0" />
      <mem type="survivor" free="0" total="141557760" percent="0" />
    </mem>
    <mem type="tenure" free="448716216" total="1846083584" percent="24">
      <mem type="soa" free="319489464" total="1716856832" percent="18" />
      <mem type="loa" free="129226752" total="129226752" percent="100" />
    </mem>
    <remembered-set count="194650" />
  </mem-info>
</gc-start>
<allocation-stats totalBytes="686348736" >
  <allocated-bytes non-tlh="30629456" tlh="655719280" />
  <largest-consumer threadName="Group1.Backend.CompositeBackend{Tier1}.4" threadId="000000000086B500" bytes="94875232" />
</allocation-stats>
<gc-op id="2844" type="scavenge" timems="148.673" contextid="2841" timestamp="2020-09-11T12:44:14.425">
  <scavenger-info tenureage="3" tenuremask="7ff8" tiltratio="84" />
  <memory-copied type="nursery" objects="4121216" bytes="110660960" bytesdiscarded="164168" />
  <memory-copied type="tenure" objects="1038473" bytes="27907808" bytesdiscarded="74800" />
  <ownableSynchronizers candidates="5411" cleared="4692" />
  <references type="soft" candidates="724" cleared="0" enqueued="0" dynamicThreshold="18" maxThreshold="32" />
  <references type="weak" candidates="108" cleared="108" enqueued="0" />
</gc-op>
<gc-end id="2845" type="scavenge" contextid="2841" durationms="150.226" usertimems="1070.895" systemtimems="18.992" timestamp="2020-09-11T12:44:14.427" activeThreads="8">
  <mem-info id="2846" free="1111201112" total="2785607680" percent="39">
    <mem type="nursery" free="690466496" total="939524096" percent="73">
      <mem type="allocate" free="690466496" total="801374208" percent="86" />
      <mem type="survivor" free="0" total="138149888" percent="0" />
    </mem>
    <mem type="tenure" free="420734616" total="1846083584" percent="22" macro-fragmented="0">
      <mem type="soa" free="291507864" total="1716856832" percent="16" />
      <mem type="loa" free="129226752" total="129226752" percent="100" />
    </mem>
    <remembered-set count="29728" />
  </mem-info>
</gc-end>
<cycle-end id="2847" type="scavenge" contextid="2841" timestamp="2020-09-11T12:44:14.429" />
<allocation-satisfied id="2848" threadId="000000000086B500" bytesRequested="24" />
<af-end id="2849" timestamp="2020-09-11T12:44:14.429" threadId="000000000086BE80" success="true" from="nursery"/>
<exclusive-end id="2850" timestamp="2020-09-11T12:44:14.429" durationms="154.068" />

<exclusive-start id="2851" timestamp="2020-09-11T12:44:16.309" intervalms="2034.295">
  <response-info timems="1.064" idlems="1.064" threads="0" lastid="0000000000785700" lastname="Group1.Backend.CompositeBackend{Tier1}.2" />
</exclusive-start>
<af-start id="2852" threadId="0000000000786080" totalBytesRequested="16" timestamp="2020-09-11T12:44:16.310" intervalms="2034.539" type="nursery" />
<cycle-start id="2853" type="scavenge" contextid="0" timestamp="2020-09-11T12:44:16.311" intervalms="2034.887" />
<gc-start id="2854" type="scavenge" contextid="2853" timestamp="2020-09-11T12:44:16.311">
  <mem-info id="2855" free="420734616" total="2785607680" percent="15">
    <mem type="nursery" free="0" total="939524096" percent="0">
      <mem type="allocate" free="0" total="801374208" percent="0" />
      <mem type="survivor" free="0" total="138149888" percent="0" />
    </mem>
    <mem type="tenure" free="420734616" total="1846083584" percent="22">
      <mem type="soa" free="291507864" total="1716856832" percent="16" />
      <mem type="loa" free="129226752" total="129226752" percent="100" />
    </mem>
    <remembered-set count="190753" />
  </mem-info>
</gc-start>
<allocation-stats totalBytes="690126272" >
  <allocated-bytes non-tlh="39026224" tlh="651100048" />
  <largest-consumer threadName="Group1.Backend.CompositeBackend{Tier1}.1" threadId="0000000000789300" bytes="93520224" />
</allocation-stats>
<gc-op id="2856" type="scavenge" timems="164.432" contextid="2853" timestamp="2020-09-11T12:44:16.476">
  <scavenger-info tenureage="3" tenuremask="7ff8" tiltratio="85" />
  <memory-copied type="nursery" objects="4495739" bytes="119196824" bytesdiscarded="216648" />
  <memory-copied type="tenure" objects="1104340" bytes="29833864" bytesdiscarded="107128" />
  <ownableSynchronizers candidates="4171" cleared="3466" />
  <references type="soft" candidates="677" cleared="0" enqueued="0" dynamicThreshold="18" maxThreshold="32" />
  <references type="weak" candidates="132" cleared="132" enqueued="0" />
</gc-op>
<gc-end id="2857" type="scavenge" contextid="2853" durationms="165.855" usertimems="1243.794" systemtimems="19.249" timestamp="2020-09-11T12:44:16.477" activeThreads="8">
  <mem-info id="2858" free="1068791720" total="2785607680" percent="38">
    <mem type="nursery" free="677947688" total="939524096" percent="72">
      <mem type="allocate" free="677947688" total="797442048" percent="85" />
      <mem type="survivor" free="0" total="142082048" percent="0" />
    </mem>
    <mem type="tenure" free="390844032" total="1846083584" percent="21" macro-fragmented="1250136">
      <mem type="soa" free="261617280" total="1716856832" percent="15" />
      <mem type="loa" free="129226752" total="129226752" percent="100" />
    </mem>
    <remembered-set count="30978" />
  </mem-info>
</gc-end>
<cycle-end id="2859" type="scavenge" contextid="2853" timestamp="2020-09-11T12:44:16.478" />
<allocation-satisfied id="2860" threadId="0000000000785700" bytesRequested="16" />
<af-end id="2861" timestamp="2020-09-11T12:44:16.479" threadId="0000000000786080" success="true" from="nursery"/>
<exclusive-end id="2862" timestamp="2020-09-11T12:44:16.479" durationms="169.304" />

<exclusive-start id="2863" timestamp="2020-09-11T12:44:18.359" intervalms="2049.912">
  <response-info timems="1.480" idlems="1.480" threads="0" lastid="0000000000789300" lastname="Group1.Backend.CompositeBackend{Tier1}.1" />
</exclusive-start>
<af-start id="2864" threadId="0000000000789C80" totalBytesRequested="24" timestamp="2020-09-11T12:44:18.360" intervalms="2049.576" type="nursery" />
<cycle-start id="2865" type="scavenge" contextid="0" timestamp="2020-09-11T12:44:18.360" intervalms="2049.135" />
<gc-start id="2866" type="scavenge" contextid="2865" timestamp="2020-09-11T12:44:18.361">
  <mem-info id="2867" free="390844032" total="2785607680" percent="14">
    <mem type="nursery" free="0" total="939524096" percent="0">
      <mem type="allocate" free="0" total="797442048" percent="0" />
      <mem type="survivor" free="0" total="142082048" percent="0" />
    </mem>
    <mem type="tenure" free="390844032" total="1846083584" percent="21">
      <mem type="soa" free="261617280" total="1716856832" percent="15" />
      <mem type="loa" free="129226752" total="129226752" percent="100" />
    </mem>
    <remembered-set count="194686" />
  </mem-info>
</gc-start>
<allocation-stats totalBytes="677614200" >
  <allocated-bytes non-tlh="30031448" tlh="647582752" />
  <largest-consumer threadName="Group1.Backend.CompositeBackend{Tier1}.6" threadId="000000000089DB00" bytes="89249104" />
</allocation-stats>
<gc-op id="2868" type="scavenge" timems="112.903" contextid="2865" timestamp="2020-09-11T12:44:18.473">
  <scavenger-info tenureage="3" tenuremask="7ff8" tiltratio="84" />
  <memory-copied type="nursery" objects="4115225" bytes="110327800" bytesdiscarded="311792" />
  <memory-copied type="tenure" objects="1084745" bytes="29167808" bytesdiscarded="104560" />
  <ownableSynchronizers candidates="4779" cleared="4080" />
  <references type="soft" candidates="713" cleared="0" enqueued="0" dynamicThreshold="18" maxThreshold="32" />
  <references type="weak" candidates="133" cleared="133" enqueued="0" />
</gc-op>
<gc-end id="2869" type="scavenge" contextid="2865" durationms="114.009" usertimems="855.672" systemtimems="1.369" timestamp="2020-09-11T12:44:18.474" activeThreads="8">
  <mem-info id="2870" free="1049994904" total="2785607680" percent="37">
    <mem type="nursery" free="688420352" total="939524096" percent="73">
      <mem type="allocate" free="688420352" total="799145984" percent="86" />
      <mem type="survivor" free="0" total="140378112" percent="0" />
    </mem>
    <mem type="tenure" free="361574552" total="1846083584" percent="19" macro-fragmented="0">
      <mem type="soa" free="232347800" total="1716856832" percent="13" />
      <mem type="loa" free="129226752" total="129226752" percent="100" />
    </mem>
    <remembered-set count="30828" />
  </mem-info>
</gc-end>
<cycle-end id="2871" type="scavenge" contextid="2865" timestamp="2020-09-11T12:44:18.475" />
<allocation-satisfied id="2872" threadId="0000000000789300" bytesRequested="24" />
<af-end id="2873" timestamp="2020-09-11T12:44:18.475" threadId="0000000000789C80" success="true" from="nursery"/>
<exclusive-end id="2874" timestamp="2020-09-11T12:44:18.475" durationms="116.128" />

<exclusive-start id="2875" timestamp="2020-09-11T12:44:20.580" intervalms="2220.364">
  <response-info timems="0.481" idlems="0.481" threads="0" lastid="000000000088BD00" lastname="Group1.Backend.CompositeBackend{Tier1}.7" />
</exclusive-start>
<af-start id="2876" threadId="000000000088C680" totalBytesRequested="520" timestamp="2020-09-11T12:44:20.581" intervalms="2220.772" type="nursery" />
<cycle-start id="2877" type="scavenge" contextid="0" timestamp="2020-09-11T12:44:20.581" intervalms="2220.783" />
<gc-start id="2878" type="scavenge" contextid="2877" timestamp="2020-09-11T12:44:20.581">
  <mem-info id="2879" free="361574552" total="2785607680" percent="12">
    <mem type="nursery" free="0" total="939524096" percent="0">
      <mem type="allocate" free="0" total="799145984" percent="0" />
      <mem type="survivor" free="0" total="140378112" percent="0" />
    </mem>
    <mem type="tenure" free="361574552" total="1846083584" percent="19">
      <mem type="soa" free="232347800" total="1716856832" percent="13" />
      <mem type="loa" free="129226752" total="129226752" percent="100" />
    </mem>
    <remembered-set count="196344" />
  </mem-info>
</gc-start>
<allocation-stats totalBytes="688072864" >
  <allocated-bytes non-tlh="27630712" tlh="660442152" />
  <largest-consumer threadName="Group1.Backend.CompositeBackend{Tier1}.3" threadId="000000000086A900" bytes="90920712" />
</allocation-stats>
<gc-op id="2880" type="scavenge" timems="101.342" contextid="2877" timestamp="2020-09-11T12:44:20.683">
  <scavenger-info tenureage="3" tenuremask="7ff8" tiltratio="85" />
  <memory-copied type="nursery" objects="4168713" bytes="111735000" bytesdiscarded="593320" />
  <memory-copied type="tenure" objects="1107960" bytes="29790768" bytesdiscarded="80288" />
  <ownableSynchronizers candidates="4460" cleared="3740" />
  <references type="soft" candidates="678" cleared="0" enqueued="0" dynamicThreshold="18" maxThreshold="32" />
  <references type="weak" candidates="100" cleared="99" enqueued="0" />
</gc-op>
<gc-end id="2881" type="scavenge" contextid="2877" durationms="102.419" usertimems="789.127" systemtimems="0.000" timestamp="2020-09-11T12:44:20.684" activeThreads="8">
  <mem-info id="2882" free="1021138280" total="2785607680" percent="36">
    <mem type="nursery" free="689411584" total="939524096" percent="73">
      <mem type="allocate" free="689411584" total="801832960" percent="85" />
      <mem type="survivor" free="0" total="137691136" percent="0" />
    </mem>
    <mem type="tenure" free="331726696" total="1846083584" percent="17" macro-fragmented="0">
      <mem type="soa" free="202499944" total="1716856832" percent="11" />
      <mem type="loa" free="129226752" total="129226752" percent="100" />
    </mem>
    <remembered-set count="30003" />
  </mem-info>
</gc-end>
<cycle-end id="2883" type="scavenge" contextid="2877" timestamp="2020-09-11T12:44:20.687" />
<allocation-satisfied id="2884" threadId="000000000088BD00" bytesRequested="520" />
<af-end id="2885" timestamp="2020-09-11T12:44:20.687" threadId="000000000088C680" success="true" from="nursery"/>
<exclusive-end id="2886" timestamp="2020-09-11T12:44:20.687" durationms="107.684" />

<exclusive-start id="2887" timestamp="2020-09-11T12:44:22.646" intervalms="2066.362">
  <response-info timems="0.597" idlems="0.597" threads="0" lastid="000000000086A900" lastname="Group1.Backend.CompositeBackend{Tier1}.3" />
</exclusive-start>
<af-start id="2888" threadId="000000000086B280" totalBytesRequested="16" timestamp="2020-09-11T12:44:22.647" intervalms="2065.879" type="nursery" />
<cycle-start id="2889" type="scavenge" contextid="0" timestamp="2020-09-11T12:44:22.647" intervalms="2065.843" />
<gc-start id="2890" type="scavenge" contextid="2889" timestamp="2020-09-11T12:44:22.647">
  <mem-info id="2891" free="331726696" total="2785607680" percent="11">
    <mem type="nursery" free="0" total="939524096" percent="0">
      <mem type="allocate" free="0" total="801832960" percent="0" />
      <mem type="survivor" free="0" total="137691136" percent="0" />
    </mem>
    <mem type="tenure" free="331726696" total="1846083584" percent="17">
      <mem type="soa" free="202499944" total="1716856832" percent="11" />
      <mem type="loa" free="129226752" total="129226752" percent="100" />
    </mem>
    <remembered-set count="191954" />
  </mem-info>
</gc-start>
<allocation-stats totalBytes="689086952" >
  <allocated-bytes non-tlh="33676040" tlh="655410912" />
  <largest-consumer threadName="Group1.Backend.CompositeBackend{Tier1}.3" threadId="000000000086A900" bytes="90055592" />
</allocation-stats>
<gc-op id="2892" type="scavenge" timems="106.412" contextid="2889" timestamp="2020-09-11T12:44:22.754">
  <scavenger-info tenureage="3" tenuremask="7ff8" tiltratio="85" />
  <memory-copied type="nursery" objects="4087032" bytes="109801008" bytesdiscarded="222144" />
  <memory-copied type="tenure" objects="1043043" bytes="28018032" bytesdiscarded="84208" />
  <ownableSynchronizers candidates="4559" cleared="3876" />
  <references type="soft" candidates="704" cleared="0" enqueued="0" dynamicThreshold="18" maxThreshold="32" />
  <references type="weak" candidates="132" cleared="131" enqueued="0" />
</gc-op>
<gc-end id="2893" type="scavenge" contextid="2889" durationms="107.880" usertimems="819.633" systemtimems="0.000" timestamp="2020-09-11T12:44:22.755" activeThreads="8">
  <mem-info id="2894" free="997904712" total="2785607680" percent="35">
    <mem type="nursery" free="694286080" total="939524096" percent="73">
      <mem type="allocate" free="694286080" total="804388864" percent="86" />
      <mem type="survivor" free="0" total="135135232" percent="0" />
    </mem>
    <mem type="tenure" free="303618632" total="1846083584" percent="16" macro-fragmented="0">
      <mem type="soa" free="174391880" total="1716856832" percent="10" />
      <mem type="loa" free="129226752" total="129226752" percent="100" />
    </mem>
    <remembered-set count="27896" />
  </mem-info>
</gc-end>
<cycle-end id="2895" type="scavenge" contextid="2889" timestamp="2020-09-11T12:44:22.760" />
<allocation-satisfied id="2896" threadId="000000000086A900" bytesRequested="16" />
<af-end id="2897" timestamp="2020-09-11T12:44:22.761" threadId="000000000086B280" success="true" from="nursery"/>
<exclusive-end id="2898" timestamp="2020-09-11T12:44:22.761" durationms="114.720" />

<exclusive-start id="2899" timestamp="2020-09-11T12:44:24.771" intervalms="2125.151">
  <response-info timems="2.905" idlems="2.905" threads="0" lastid="0000000000789300" lastname="Group1.Backend.CompositeBackend{Tier1}.1" />
</exclusive-start>
<af-start id="2900" threadId="0000000000789C80" totalBytesRequested="1032" timestamp="2020-09-11T12:44:24.772" intervalms="2125.072" type="nursery" />
<cycle-start id="2901" type="scavenge" contextid="0" timestamp="2020-09-11T12:44:24.772" intervalms="2125.070" />
<gc-start id="2902" type="scavenge" contextid="2901" timestamp="2020-09-11T12:44:24.772">
  <mem-info id="2903" free="303618632" total="2785607680" percent="10">
    <mem type="nursery" free="0" total="939524096" percent="0">
      <mem type="allocate" free="0" total="804388864" percent="0" />
      <mem type="survivor" free="0" total="135135232" percent="0" />
    </mem>
    <mem type="tenure" free="303618632" total="1846083584" percent="16">
      <mem type="soa" free="174391880" total="1716856832" percent="10" />
      <mem type="loa" free="129226752" total="129226752" percent="100" />
    </mem>
    <remembered-set count="192446" />
  </mem-info>
</gc-start>
<allocation-stats totalBytes="693946992" >
  <allocated-bytes non-tlh="31706424" tlh="662240568" />
  <largest-consumer threadName="Group1.Backend.CompositeBackend{Tier1}.6" threadId="000000000089DB00" bytes="94234528" />
</allocation-stats>
<gc-op id="2904" type="scavenge" timems="107.781" contextid="2901" timestamp="2020-09-11T12:44:24.880">
  <scavenger-info tenureage="3" tenuremask="7ff8" tiltratio="85" />
  <memory-copied type="nursery" objects="4134467" bytes="111048840" bytesdiscarded="177688" />
  <memory-copied type="tenure" objects="1093231" bytes="29409568" bytesdiscarded="91840" />
  <ownableSynchronizers candidates="4862" cleared="4148" />
  <references type="soft" candidates="700" cleared="0" enqueued="0" dynamicThreshold="18" maxThreshold="32" />
  <references type="weak" candidates="108" cleared="108" enqueued="0" />
</gc-op>
<gc-end id="2905" type="scavenge" contextid="2901" durationms="108.760" usertimems="800.960" systemtimems="0.000" timestamp="2020-09-11T12:44:24.881" activeThreads="8">
  <mem-info id="2906" free="969020744" total="2785607680" percent="34">
    <mem type="nursery" free="694912256" total="939524096" percent="73">
      <mem type="allocate" free="694912256" total="806223872" percent="86" />
      <mem type="survivor" free="0" total="133300224" percent="0" />
    </mem>
    <mem type="tenure" free="274108488" total="1846083584" percent="14" macro-fragmented="0">
      <mem type="soa" free="144881736" total="1716856832" percent="8" />
      <mem type="loa" free="129226752" total="129226752" percent="100" />
    </mem>
    <remembered-set count="29382" />
  </mem-info>
</gc-end>
<cycle-end id="2907" type="scavenge" contextid="2901" timestamp="2020-09-11T12:44:24.884" />
<allocation-satisfied id="2908" threadId="0000000000789300" bytesRequested="1032" />
<af-end id="2909" timestamp="2020-09-11T12:44:24.884" threadId="0000000000789C80" success="true" from="nursery"/>
<exclusive-end id="2910" timestamp="2020-09-11T12:44:24.884" durationms="113.153" />

<exclusive-start id="2911" timestamp="2020-09-11T12:44:26.925" intervalms="2153.546">
  <response-info timems="0.533" idlems="0.533" threads="0" lastid="000000000088BD00" lastname="Group1.Backend.CompositeBackend{Tier1}.7" />
</exclusive-start>
<af-start id="2912" threadId="000000000088C680" totalBytesRequested="32" timestamp="2020-09-11T12:44:26.925" intervalms="2153.665" type="nursery" />
<cycle-start id="2913" type="scavenge" contextid="0" timestamp="2020-09-11T12:44:26.926" intervalms="2153.672" />
<gc-start id="2914" type="scavenge" contextid="2913" timestamp="2020-09-11T12:44:26.926">
  <mem-info id="2915" free="274108488" total="2785607680" percent="9">
    <mem type="nursery" free="0" total="939524096" percent="0">
      <mem type="allocate" free="0" total="806223872" percent="0" />
      <mem type="survivor" free="0" total="133300224" percent="0" />
    </mem>
    <mem type="tenure" free="274108488" total="1846083584" percent="14">
      <mem type="soa" free="144881736" total="1716856832" percent="8" />
      <mem type="loa" free="129226752" total="129226752" percent="100" />
    </mem>
    <remembered-set count="194978" />
  </mem-info>
</gc-start>
<allocation-stats totalBytes="694567536" >
  <allocated-bytes non-tlh="30908800" tlh="663658736" />
  <largest-consumer threadName="Group1.Backend.CompositeBackend{Tier1}.1" threadId="0000000000789300" bytes="108837128" />
</allocation-stats>
<gc-op id="2916" type="scavenge" timems="141.795" contextid="2913" timestamp="2020-09-11T12:44:27.068">
  <scavenger-info tenureage="3" tenuremask="7ff8" tiltratio="85" />
  <memory-copied type="nursery" objects="4465439" bytes="118530928" bytesdiscarded="228848" />
  <memory-copied type="tenure" objects="1132986" bytes="30478416" bytesdiscarded="91632" />
  <ownableSynchronizers candidates="4441" cleared="3740" />
  <references type="soft" candidates="688" cleared="0" enqueued="0" dynamicThreshold="18" maxThreshold="32" />
  <references type="weak" candidates="97" cleared="97" enqueued="0" />
</gc-op>
<gc-end id="2917" type="scavenge" contextid="2913" durationms="142.967" usertimems="1029.850" systemtimems="18.647" timestamp="2020-09-11T12:44:27.069" activeThreads="8">
  <mem-info id="2918" free="924593440" total="2785607680" percent="33">
    <mem type="nursery" free="681084384" total="939524096" percent="72">
      <mem type="allocate" free="681084384" total="799932416" percent="85" />
      <mem type="survivor" free="0" total="139591680" percent="0" />
    </mem>
    <mem type="tenure" free="243509056" total="1846083584" percent="13" macro-fragmented="0">
      <mem type="soa" free="114282304" total="1716856832" percent="6" />
      <mem type="loa" free="129226752" total="129226752" percent="100" />
    </mem>
    <remembered-set count="30094" />
  </mem-info>
</gc-end>
<cycle-end id="2919" type="scavenge" contextid="2913" timestamp="2020-09-11T12:44:27.070" />
<allocation-satisfied id="2920" threadId="000000000088BD00" bytesRequested="32" />
<af-end id="2921" timestamp="2020-09-11T12:44:27.070" threadId="000000000088C680" success="true" from="nursery"/>
<exclusive-end id="2922" timestamp="2020-09-11T12:44:27.070" durationms="145.126" />

<exclusive-start id="2923" timestamp="2020-09-11T12:44:28.943" intervalms="2018.813">
  <response-info timems="0.669" idlems="0.669" threads="0" lastid="0000000000789300" lastname="Group1.Backend.CompositeBackend{Tier1}.1" />
</exclusive-start>
<af-start id="2924" threadId="0000000000789C80" totalBytesRequested="16" timestamp="2020-09-11T12:44:28.944" intervalms="2018.755" type="nursery" />
<cycle-start id="2925" type="scavenge" contextid="0" timestamp="2020-09-11T12:44:28.944" intervalms="2018.802" />
<gc-start id="2926" type="scavenge" contextid="2925" timestamp="2020-09-11T12:44:28.945">
  <mem-info id="2927" free="243509056" total="2785607680" percent="8">
    <mem type="nursery" free="0" total="939524096" percent="0">
      <mem type="allocate" free="0" total="799932416" percent="0" />
      <mem type="survivor" free="0" total="139591680" percent="0" />
    </mem>
    <mem type="tenure" free="243509056" total="1846083584" percent="13">
      <mem type="soa" free="114282304" total="1716856832" percent="6" />
      <mem type="loa" free="129226752" total="129226752" percent="100" />
    </mem>
    <remembered-set count="191225" />
  </mem-info>
</gc-start>
<allocation-stats totalBytes="680757064" >
  <allocated-bytes non-tlh="37269232" tlh="643487832" />
  <largest-consumer threadName="Group1.Backend.CompositeBackend{Tier1}.4" threadId="000000000086B500" bytes="100731200" />
</allocation-stats>
<gc-op id="2928" type="scavenge" timems="110.114" contextid="2925" timestamp="2020-09-11T12:44:29.055">
  <scavenger-info tenureage="3" tenuremask="7ff8" tiltratio="85" />
  <memory-copied type="nursery" objects="4127249" bytes="110602704" bytesdiscarded="373304" />
  <memory-copied type="tenure" objects="1078384" bytes="29017496" bytesdiscarded="64120" />
  <ownableSynchronizers candidates="3730" cleared="3060" />
  <references type="soft" candidates="652" cleared="0" enqueued="0" dynamicThreshold="18" maxThreshold="32" />
  <references type="weak" candidates="117" cleared="117" enqueued="0" />
</gc-op>
<gc-end id="2929" type="scavenge" contextid="2925" durationms="111.169" usertimems="800.913" systemtimems="0.000" timestamp="2020-09-11T12:44:29.056" activeThreads="8">
  <mem-info id="2930" free="904411040" total="2785607680" percent="32">
    <mem type="nursery" free="690247424" total="939524096" percent="73">
      <mem type="allocate" free="690247424" total="801308672" percent="86" />
      <mem type="survivor" free="0" total="138215424" percent="0" />
    </mem>
    <mem type="tenure" free="214163616" total="1846083584" percent="11" macro-fragmented="0">
      <mem type="soa" free="84936864" total="1716856832" percent="4" />
      <mem type="loa" free="129226752" total="129226752" percent="100" />
    </mem>
    <remembered-set count="31996" />
  </mem-info>
</gc-end>
<cycle-end id="2931" type="scavenge" contextid="2925" timestamp="2020-09-11T12:44:29.057" />
<allocation-satisfied id="2932" threadId="0000000000789300" bytesRequested="16" />
<af-end id="2933" timestamp="2020-09-11T12:44:29.057" threadId="0000000000789C80" success="true" from="nursery"/>
<exclusive-end id="2934" timestamp="2020-09-11T12:44:29.057" durationms="113.516" />

<exclusive-start id="2935" timestamp="2020-09-11T12:44:31.040" intervalms="2096.266">
  <response-info timems="1.419" idlems="1.419" threads="0" lastid="0000000000785700" lastname="Group1.Backend.CompositeBackend{Tier1}.2" />
</exclusive-start>
<af-start id="2936" threadId="0000000000786080" totalBytesRequested="1032" timestamp="2020-09-11T12:44:31.041" intervalms="2097.136" type="nursery" />
<cycle-start id="2937" type="scavenge" contextid="0" timestamp="2020-09-11T12:44:31.042" intervalms="2097.217" />
<gc-start id="2938" type="scavenge" contextid="2937" timestamp="2020-09-11T12:44:31.042">
  <mem-info id="2939" free="214163616" total="2785607680" percent="7">
    <mem type="nursery" free="0" total="939524096" percent="0">
      <mem type="allocate" free="0" total="801308672" percent="0" />
      <mem type="survivor" free="0" total="138215424" percent="0" />
    </mem>
    <mem type="tenure" free="214163616" total="1846083584" percent="11">
      <mem type="soa" free="84936864" total="1716856832" percent="4" />
      <mem type="loa" free="129226752" total="129226752" percent="100" />
    </mem>
    <remembered-set count="196645" />
  </mem-info>
</gc-start>
<allocation-stats totalBytes="689904040" >
  <allocated-bytes non-tlh="32261488" tlh="657642552" />
  <largest-consumer threadName="Group1.Backend.CompositeBackend{Tier1}.4" threadId="000000000086B500" bytes="111822944" />
</allocation-stats>
<gc-op id="2940" type="scavenge" timems="140.003" contextid="2937" timestamp="2020-09-11T12:44:31.182">
  <scavenger-info tenureage="3" tenuremask="7ff8" tiltratio="85" />
  <memory-copied type="nursery" objects="4293174" bytes="114047424" bytesdiscarded="236520" />
  <memory-copied type="tenure" objects="1117057" bytes="30039912" bytesdiscarded="18448" />
  <ownableSynchronizers candidates="4971" cleared="4284" />
  <references type="soft" candidates="665" cleared="0" enqueued="0" dynamicThreshold="18" maxThreshold="32" />
  <references type="weak" candidates="113" cleared="111" enqueued="0" />
</gc-op>
<gc-end id="2941" type="scavenge" contextid="2937" durationms="141.505" usertimems="1002.865" systemtimems="4.365" timestamp="2020-09-11T12:44:31.183" activeThreads="8">
  <mem-info id="2942" free="872487240" total="2785607680" percent="31">
    <mem type="nursery" free="688245240" total="939524096" percent="73">
      <mem type="allocate" free="688245240" total="802619392" percent="85" />
      <mem type="survivor" free="0" total="136904704" percent="0" />
    </mem>
    <mem type="tenure" free="184242000" total="1846083584" percent="9" macro-fragmented="0">
      <mem type="soa" free="55015248" total="1716856832" percent="3" />
      <mem type="loa" free="129226752" total="129226752" percent="100" />
    </mem>
    <remembered-set count="33427" />
  </mem-info>
</gc-end>
<cycle-end id="2943" type="scavenge" contextid="2937" timestamp="2020-09-11T12:44:31.186" />
<allocation-satisfied id="2944" threadId="0000000000785700" bytesRequested="1032" />
<af-end id="2945" timestamp="2020-09-11T12:44:31.186" threadId="0000000000786080" success="true" from="nursery"/>
<exclusive-end id="2946" timestamp="2020-09-11T12:44:31.187" durationms="146.907" />

<exclusive-start id="2947" timestamp="2020-09-11T12:44:33.050" intervalms="2010.082">
  <response-info timems="1.021" idlems="0.515" threads="1" lastid="000000000088BD00" lastname="Group1.Backend.CompositeBackend{Tier1}.7" />
</exclusive-start>
<af-start id="2948" threadId="0000000000786080" totalBytesRequested="520" timestamp="2020-09-11T12:44:33.051" intervalms="2009.251" type="nursery" />
<cycle-start id="2949" type="scavenge" contextid="0" timestamp="2020-09-11T12:44:33.051" intervalms="2009.128" />
<gc-start id="2950" type="scavenge" contextid="2949" timestamp="2020-09-11T12:44:33.051">
  <mem-info id="2951" free="184242000" total="2785607680" percent="6">
    <mem type="nursery" free="0" total="939524096" percent="0">
      <mem type="allocate" free="0" total="802619392" percent="0" />
      <mem type="survivor" free="0" total="136904704" percent="0" />
    </mem>
    <mem type="tenure" free="184242000" total="1846083584" percent="9">
      <mem type="soa" free="55015248" total="1716856832" percent="3" />
      <mem type="loa" free="129226752" total="129226752" percent="100" />
    </mem>
    <remembered-set count="193399" />
  </mem-info>
</gc-start>
<allocation-stats totalBytes="687928544" >
  <allocated-bytes non-tlh="38149856" tlh="649778688" />
  <largest-consumer threadName="Group1.Backend.CompositeBackend{Tier1}.3" threadId="000000000086A900" bytes="100228824" />
</allocation-stats>
<gc-op id="2952" type="scavenge" timems="111.268" contextid="2949" timestamp="2020-09-11T12:44:33.162">
  <scavenger-info tenureage="3" tenuremask="7ff8" tiltratio="85" />
  <memory-copied type="nursery" objects="4222336" bytes="112392280" bytesdiscarded="135784" />
  <memory-copied type="tenure" objects="1118631" bytes="30056256" bytesdiscarded="26744" />
  <ownableSynchronizers candidates="4962" cleared="4280" />
  <references type="soft" candidates="682" cleared="0" enqueued="0" dynamicThreshold="18" maxThreshold="32" />
  <references type="weak" candidates="123" cleared="123" enqueued="0" />
</gc-op>
<gc-end id="2953" type="scavenge" contextid="2949" durationms="112.524" usertimems="865.039" systemtimems="0.000" timestamp="2020-09-11T12:44:33.163" activeThreads="8">
  <mem-info id="2954" free="845930224" total="2785607680" percent="30">
    <mem type="nursery" free="691839136" total="939524096" percent="73">
      <mem type="allocate" free="691839136" total="804454400" percent="86" />
      <mem type="survivor" free="0" total="135069696" percent="0" />
    </mem>
    <mem type="tenure" free="154091088" total="1846083584" percent="8" macro-fragmented="0">
      <mem type="soa" free="24864336" total="1716856832" percent="1" />
      <mem type="loa" free="129226752" total="129226752" percent="100" />
    </mem>
    <remembered-set count="32026" />
  </mem-info>
</gc-end>
<cycle-end id="2955" type="scavenge" contextid="2949" timestamp="2020-09-11T12:44:33.164" />
<allocation-satisfied id="2956" threadId="0000000000785700" bytesRequested="520" />
<af-end id="2957" timestamp="2020-09-11T12:44:33.164" threadId="0000000000786080" success="true" from="nursery"/>
<exclusive-end id="2958" timestamp="2020-09-11T12:44:33.164" durationms="114.706" />

<exclusive-start id="2959" timestamp="2020-09-11T12:44:35.214" intervalms="2164.018">
  <response-info timems="0.313" idlems="0.164" threads="1" lastid="0000000000785700" lastname="Group1.Backend.CompositeBackend{Tier1}.2" />
</exclusive-start>
<af-start id="2960" threadId="000000000086BE80" totalBytesRequested="88" timestamp="2020-09-11T12:44:35.215" intervalms="2164.038" type="nursery" />
<percolate-collect id="2961" from="nursery" to="global" reason="prevent tenure expand" timestamp="2020-09-11T12:44:35.215"/>
<cycle-start id="2962" type="global" contextid="0" timestamp="2020-09-11T12:44:35.215" intervalms="65646.435" />
<gc-start id="2963" type="global" contextid="2962" timestamp="2020-09-11T12:44:35.215">
  <mem-info id="2964" free="154091088" total="2785607680" percent="5">
    <mem type="nursery" free="0" total="939524096" percent="0">
      <mem type="allocate" free="0" total="804454400" percent="0" />
      <mem type="survivor" free="0" total="135069696" percent="0" />
    </mem>
    <mem type="tenure" free="154091088" total="1846083584" percent="8">
      <mem type="soa" free="24864336" total="1716856832" percent="1" />
      <mem type="loa" free="129226752" total="129226752" percent="100" />
    </mem>
    <remembered-set count="196833" />
  </mem-info>
</gc-start>
<allocation-stats totalBytes="691504376" >
  <allocated-bytes non-tlh="30191024" tlh="661313352" />
  <largest-consumer threadName="Group1.Backend.CompositeBackend{Tier1}.2" threadId="0000000000785700" bytes="96010176" />
</allocation-stats>
<gc-op id="2965" type="mark" timems="550.005" contextid="2962" timestamp="2020-09-11T12:44:35.765">
  <trace-info objectcount="30462075" scancount="29483326" scanbytes="807084080" />
  <finalization candidates="148" enqueued="0" />
  <ownableSynchronizers candidates="582638" cleared="4496" />
  <references type="soft" candidates="697578" cleared="0" enqueued="0" dynamicThreshold="18" maxThreshold="32" />
  <references type="weak" candidates="4400" cleared="118" enqueued="0" />
  <references type="phantom" candidates="107" cleared="0" enqueued="0" />
  <stringconstants candidates="10917" cleared="1"  />
</gc-op>
<gc-op id="2966" type="sweep" timems="14.714" contextid="2962" timestamp="2020-09-11T12:44:35.780" />
<gc-end id="2967" type="global" contextid="2962" durationms="565.953" usertimems="4193.303" systemtimems="0.000" timestamp="2020-09-11T12:44:35.781" activeThreads="8">
  <mem-info id="2968" free="1677449240" total="2785607680" percent="60">
    <mem type="nursery" free="613606944" total="939524096" percent="65">
      <mem type="allocate" free="613606944" total="804454400" percent="76" />
      <mem type="survivor" free="0" total="135069696" percent="0" />
    </mem>
    <mem type="tenure" free="1063842296" total="1846083584" percent="57" micro-fragmented="42135333" macro-fragmented="0">
      <mem type="soa" free="934615544" total="1716856832" percent="54" />
      <mem type="loa" free="129226752" total="129226752" percent="100" />
    </mem>
    <remembered-set count="190929" />
  </mem-info>
</gc-end>
<cycle-end id="2969" type="global" contextid="2962" timestamp="2020-09-11T12:44:35.782" />
<allocation-satisfied id="2970" threadId="000000000086B500" bytesRequested="88" />
<af-end id="2971" timestamp="2020-09-11T12:44:35.782" threadId="000000000086BE80" success="true" from="nursery"/>
<exclusive-end id="2972" timestamp="2020-09-11T12:44:35.782" durationms="568.016" />

<exclusive-start id="2973" timestamp="2020-09-11T12:44:37.041" intervalms="1826.899">
  <response-info timems="0.724" idlems="0.724" threads="0" lastid="0000000000789300" lastname="Group1.Backend.CompositeBackend{Tier1}.1" />
</exclusive-start>
<af-start id="2974" threadId="0000000000789C80" totalBytesRequested="524296" timestamp="2020-09-11T12:44:37.041" intervalms="1826.945" type="nursery" />
<cycle-start id="2975" type="scavenge" contextid="0" timestamp="2020-09-11T12:44:37.042" intervalms="3990.997" />
<gc-start id="2976" type="scavenge" contextid="2975" timestamp="2020-09-11T12:44:37.042">
  <mem-info id="2977" free="1093186784" total="2785607680" percent="39">
    <mem type="nursery" free="29344536" total="939524096" percent="3">
      <mem type="allocate" free="29344536" total="804454400" percent="3" />
      <mem type="survivor" free="0" total="135069696" percent="0" />
    </mem>
    <mem type="tenure" free="1063842248" total="1846083584" percent="57">
      <mem type="soa" free="934615496" total="1716856832" percent="54" />
      <mem type="loa" free="129226752" total="129226752" percent="100" />
    </mem>
    <remembered-set count="244415" />
  </mem-info>
</gc-start>
<allocation-stats totalBytes="582078152" >
  <allocated-bytes non-tlh="23855200" tlh="558222952" />
  <largest-consumer threadName="Group1.Backend.CompositeBackend{Tier1}.1" threadId="0000000000789300" bytes="91535376" />
</allocation-stats>
<gc-op id="2978" type="scavenge" timems="190.920" contextid="2975" timestamp="2020-09-11T12:44:37.233">
  <scavenger-info tenureage="3" tenuremask="7ff8" tiltratio="85" />
  <memory-copied type="nursery" objects="5047642" bytes="134877928" bytesdiscarded="46160" />
  <memory-copied type="tenure" objects="1120862" bytes="29767176" bytesdiscarded="54960" />
  <copy-failed type="nursery" objects="150769" bytes="3726808" />
  <ownableSynchronizers candidates="1158027" cleared="1157264" />
  <references type="soft" candidates="672" cleared="0" enqueued="0" dynamicThreshold="18" maxThreshold="32" />
  <references type="weak" candidates="101" cleared="100" enqueued="0" />
</gc-op>
<gc-end id="2979" type="scavenge" contextid="2975" durationms="192.286" usertimems="1419.861" systemtimems="27.627" timestamp="2020-09-11T12:44:37.234" activeThreads="8">
  <mem-info id="2980" free="1653579984" total="2785607680" percent="59">
    <mem type="nursery" free="619839488" total="939524096" percent="65">
      <mem type="allocate" free="619839488" total="754909184" percent="82" />
      <mem type="survivor" free="0" total="184614912" percent="0" />
    </mem>
    <mem type="tenure" free="1033740496" total="1846083584" percent="55" macro-fragmented="0">
      <mem type="soa" free="904513744" total="1716856832" percent="52" />
      <mem type="loa" free="129226752" total="129226752" percent="100" />
    </mem>
    <remembered-set count="38616" />
  </mem-info>
</gc-end>
<cycle-end id="2981" type="scavenge" contextid="2975" timestamp="2020-09-11T12:44:37.235" />
<allocation-satisfied id="2982" threadId="0000000000789300" bytesRequested="524296" />
<af-end id="2983" timestamp="2020-09-11T12:44:37.236" threadId="0000000000789C80" success="true" from="nursery"/>
<exclusive-end id="2984" timestamp="2020-09-11T12:44:37.236" durationms="194.896" />

<exclusive-start id="2985" timestamp="2020-09-11T12:44:38.908" intervalms="1867.282">
  <response-info timems="0.958" idlems="0.958" threads="0" lastid="000000000088BD00" lastname="Group1.Backend.CompositeBackend{Tier1}.7" />
</exclusive-start>
<af-start id="2986" threadId="000000000088C680" totalBytesRequested="16" timestamp="2020-09-11T12:44:38.909" intervalms="1867.269" type="nursery" />
<cycle-start id="2987" type="scavenge" contextid="0" timestamp="2020-09-11T12:44:38.909" intervalms="1867.254" />
<gc-start id="2988" type="scavenge" contextid="2987" timestamp="2020-09-11T12:44:38.909">
  <mem-info id="2989" free="1033740496" total="2785607680" percent="37">
    <mem type="nursery" free="0" total="939524096" percent="0">
      <mem type="allocate" free="0" total="754909184" percent="0" />
      <mem type="survivor" free="0" total="184614912" percent="0" />
    </mem>
    <mem type="tenure" free="1033740496" total="1846083584" percent="55">
      <mem type="soa" free="904513744" total="1716856832" percent="52" />
      <mem type="loa" free="129226752" total="129226752" percent="100" />
    </mem>
    <remembered-set count="190250" />
  </mem-info>
</gc-start>
<allocation-stats totalBytes="619551896" >
  <allocated-bytes non-tlh="35549544" tlh="584002352" />
  <largest-consumer threadName="Group1.Backend.CompositeBackend{Tier1}.3" threadId="000000000086A900" bytes="90185760" />
</allocation-stats>
<gc-op id="2990" type="scavenge" timems="130.652" contextid="2987" timestamp="2020-09-11T12:44:39.040">
  <scavenger-info tenureage="3" tenuremask="7ff8" tiltratio="80" />
  <memory-copied type="nursery" objects="5016039" bytes="134090952" bytesdiscarded="127744" />
  <memory-copied type="tenure" objects="979539" bytes="26398216" bytesdiscarded="61864" />
  <ownableSynchronizers candidates="3699" cleared="3188" />
  <references type="soft" candidates="641" cleared="0" enqueued="0" dynamicThreshold="18" maxThreshold="32" />
  <references type="weak" candidates="104" cleared="103" enqueued="0" />
</gc-op>
<gc-end id="2991" type="scavenge" contextid="2987" durationms="131.958" usertimems="982.757" systemtimems="0.000" timestamp="2020-09-11T12:44:39.041" activeThreads="8">
  <mem-info id="2992" free="1633634288" total="2785607680" percent="58">
    <mem type="nursery" free="626446224" total="939524096" percent="66">
      <mem type="allocate" free="626446224" total="760741888" percent="82" />
      <mem type="survivor" free="0" total="178782208" percent="0" />
    </mem>
    <mem type="tenure" free="1007188064" total="1846083584" percent="54" macro-fragmented="0">
      <mem type="soa" free="877961312" total="1716856832" percent="51" />
      <mem type="loa" free="129226752" total="129226752" percent="100" />
    </mem>
    <remembered-set count="36009" />
  </mem-info>
</gc-end>
<cycle-end id="2993" type="scavenge" contextid="2987" timestamp="2020-09-11T12:44:39.042" />
<allocation-satisfied id="2994" threadId="000000000088BD00" bytesRequested="16" />
<af-end id="2995" timestamp="2020-09-11T12:44:39.042" threadId="000000000088C680" success="true" from="nursery"/>
<exclusive-end id="2996" timestamp="2020-09-11T12:44:39.042" durationms="134.141" />

<exclusive-start id="2997" timestamp="2020-09-11T12:44:40.862" intervalms="1953.554">
  <response-info timems="0.997" idlems="0.997" threads="0" lastid="0000000000789300" lastname="Group1.Backend.CompositeBackend{Tier1}.1" />
</exclusive-start>
<af-start id="2998" threadId="0000000000789C80" totalBytesRequested="524296" timestamp="2020-09-11T12:44:40.862" intervalms="1953.448" type="nursery" />
<cycle-start id="2999" type="scavenge" contextid="0" timestamp="2020-09-11T12:44:40.862" intervalms="1953.431" />
<gc-start id="3000" type="scavenge" contextid="2999" timestamp="2020-09-11T12:44:40.863">
  <mem-info id="3001" free="1007485640" total="2785607680" percent="36">
    <mem type="nursery" free="297576" total="939524096" percent="0">
      <mem type="allocate" free="297576" total="760741888" percent="0" />
      <mem type="survivor" free="0" total="178782208" percent="0" />
    </mem>
    <mem type="tenure" free="1007188064" total="1846083584" percent="54">
      <mem type="soa" free="877961312" total="1716856832" percent="51" />
      <mem type="loa" free="129226752" total="129226752" percent="100" />
    </mem>
    <remembered-set count="194192" />
  </mem-info>
</gc-start>
<allocation-stats totalBytes="625841248" >
  <allocated-bytes non-tlh="27149000" tlh="598692248" />
  <largest-consumer threadName="Group1.Backend.CompositeBackend{Tier1}.3" threadId="000000000086A900" bytes="84409240" />
</allocation-stats>
<gc-op id="3002" type="scavenge" timems="127.313" contextid="2999" timestamp="2020-09-11T12:44:40.990">
  <scavenger-info tenureage="3" tenuremask="7ff8" tiltratio="80" />
  <memory-copied type="nursery" objects="4911696" bytes="131662536" bytesdiscarded="292136" />
  <memory-copied type="tenure" objects="935924" bytes="25238560" bytesdiscarded="49240" />
  <ownableSynchronizers candidates="4536" cleared="3997" />
  <references type="soft" candidates="652" cleared="0" enqueued="0" dynamicThreshold="18" maxThreshold="32" />
  <references type="weak" candidates="109" cleared="108" enqueued="0" />
</gc-op>
<gc-end id="3003" type="scavenge" contextid="2999" durationms="129.295" usertimems="975.643" systemtimems="0.000" timestamp="2020-09-11T12:44:40.992" activeThreads="8">
  <mem-info id="3004" free="1616110960" total="2785607680" percent="58">
    <mem type="nursery" free="634407928" total="939524096" percent="67">
      <mem type="allocate" free="634407928" total="766443520" percent="82" />
      <mem type="survivor" free="0" total="173080576" percent="0" />
    </mem>
    <mem type="tenure" free="981703032" total="1846083584" percent="53" macro-fragmented="0">
      <mem type="soa" free="852476280" total="1716856832" percent="49" />
      <mem type="loa" free="129226752" total="129226752" percent="100" />
    </mem>
    <remembered-set count="36049" />
  </mem-info>
</gc-end>
<cycle-end id="3005" type="scavenge" contextid="2999" timestamp="2020-09-11T12:44:40.993" />
<allocation-satisfied id="3006" threadId="0000000000789300" bytesRequested="524296" />
<af-end id="3007" timestamp="2020-09-11T12:44:40.993" threadId="0000000000789C80" success="true" from="nursery"/>
<exclusive-end id="3008" timestamp="2020-09-11T12:44:40.993" durationms="131.664" />

<exclusive-start id="3009" timestamp="2020-09-11T12:44:42.811" intervalms="1949.688">
  <response-info timems="7.722" idlems="7.722" threads="0" lastid="000000000088BD00" lastname="Group1.Backend.CompositeBackend{Tier1}.7" />
</exclusive-start>
<af-start id="3010" threadId="000000000088C680" totalBytesRequested="24" timestamp="2020-09-11T12:44:42.812" intervalms="1949.876" type="nursery" />
<cycle-start id="3011" type="scavenge" contextid="0" timestamp="2020-09-11T12:44:42.812" intervalms="1949.908" />
<gc-start id="3012" type="scavenge" contextid="3011" timestamp="2020-09-11T12:44:42.813">
  <mem-info id="3013" free="981703032" total="2785607680" percent="35">
    <mem type="nursery" free="0" total="939524096" percent="0">
      <mem type="allocate" free="0" total="766443520" percent="0" />
      <mem type="survivor" free="0" total="173080576" percent="0" />
    </mem>
    <mem type="tenure" free="981703032" total="1846083584" percent="53">
      <mem type="soa" free="852476280" total="1716856832" percent="49" />
      <mem type="loa" free="129226752" total="129226752" percent="100" />
    </mem>
    <remembered-set count="193078" />
  </mem-info>
</gc-start>
<allocation-stats totalBytes="634100000" >
  <allocated-bytes non-tlh="30665384" tlh="603434616" />
  <largest-consumer threadName="Group1.Backend.CompositeBackend{Tier1}.5" threadId="000000000088EE00" bytes="83936968" />
</allocation-stats>
<gc-op id="3014" type="scavenge" timems="195.456" contextid="3011" timestamp="2020-09-11T12:44:43.008">
  <scavenger-info tenureage="3" tenuremask="7ff8" tiltratio="81" />
  <memory-copied type="nursery" objects="3996905" bytes="106425168" bytesdiscarded="174504" />
  <memory-copied type="tenure" objects="2011262" bytes="54279328" bytesdiscarded="66600" />
  <ownableSynchronizers candidates="3666" cleared="3117" />
  <references type="soft" candidates="530" cleared="0" enqueued="0" dynamicThreshold="18" maxThreshold="32" />
  <references type="weak" candidates="123" cleared="123" enqueued="0" />
</gc-op>
<gc-end id="3015" type="scavenge" contextid="3011" durationms="196.763" usertimems="1448.639" systemtimems="43.911" timestamp="2020-09-11T12:44:43.009" activeThreads="8">
  <mem-info id="3016" free="1592669808" total="2785607680" percent="57">
    <mem type="nursery" free="664878856" total="939524096" percent="70">
      <mem type="allocate" free="664878856" total="771555328" percent="86" />
      <mem type="survivor" free="0" total="167968768" percent="0" />
    </mem>
    <mem type="tenure" free="927790952" total="1846083584" percent="50" macro-fragmented="0">
      <mem type="soa" free="798564200" total="1716856832" percent="46" />
      <mem type="loa" free="129226752" total="129226752" percent="100" />
    </mem>
    <remembered-set count="30523" />
  </mem-info>
</gc-end>
<cycle-end id="3017" type="scavenge" contextid="3011" timestamp="2020-09-11T12:44:43.011" />
<allocation-satisfied id="3018" threadId="000000000088BD00" bytesRequested="24" />
<af-end id="3019" timestamp="2020-09-11T12:44:43.011" threadId="000000000088C680" success="true" from="nursery"/>
<exclusive-end id="3020" timestamp="2020-09-11T12:44:43.011" durationms="199.410" />

<exclusive-start id="3021" timestamp="2020-09-11T12:44:44.861" intervalms="2050.280">
  <response-info timems="0.503" idlems="0.503" threads="0" lastid="00000000008D4B00" lastname="Group1.Backend.CompositeBackend{Tier1}.8" />
</exclusive-start>
<af-start id="3022" threadId="00000000008D5480" totalBytesRequested="16" timestamp="2020-09-11T12:44:44.862" intervalms="2050.144" type="nursery" />
<cycle-start id="3023" type="scavenge" contextid="0" timestamp="2020-09-11T12:44:44.862" intervalms="2050.127" />
<gc-start id="3024" type="scavenge" contextid="3023" timestamp="2020-09-11T12:44:44.863">
  <mem-info id="3025" free="927790952" total="2785607680" percent="33">
    <mem type="nursery" free="0" total="939524096" percent="0">
      <mem type="allocate" free="0" total="771555328" percent="0" />
      <mem type="survivor" free="0" total="167968768" percent="0" />
    </mem>
    <mem type="tenure" free="927790952" total="1846083584" percent="50">
      <mem type="soa" free="798564200" total="1716856832" percent="46" />
      <mem type="loa" free="129226752" total="129226752" percent="100" />
    </mem>
    <remembered-set count="193002" />
  </mem-info>
</gc-start>
<allocation-stats totalBytes="664538336" >
  <allocated-bytes non-tlh="27553376" tlh="636984960" />
  <largest-consumer threadName="Group1.Backend.CompositeBackend{Tier1}.4" threadId="000000000086B500" bytes="97442720" />
</allocation-stats>
<gc-op id="3026" type="scavenge" timems="112.997" contextid="3023" timestamp="2020-09-11T12:44:44.976">
  <scavenger-info tenureage="3" tenuremask="7ff8" tiltratio="82" />
  <memory-copied type="nursery" objects="4259713" bytes="112673264" bytesdiscarded="214760" />
  <memory-copied type="tenure" objects="978999" bytes="26300416" bytesdiscarded="51336" />
  <ownableSynchronizers candidates="5552" cleared="4954" />
  <references type="soft" candidates="599" cleared="0" enqueued="0" dynamicThreshold="18" maxThreshold="32" />
  <references type="weak" candidates="98" cleared="98" enqueued="0" />
</gc-op>
<gc-end id="3027" type="scavenge" contextid="3023" durationms="113.989" usertimems="871.848" systemtimems="1.099" timestamp="2020-09-11T12:44:44.977" activeThreads="8">
  <mem-info id="3028" free="1566813904" total="2785607680" percent="56">
    <mem type="nursery" free="665527984" total="939524096" percent="70">
      <mem type="allocate" free="665527984" total="778502144" percent="85" />
      <mem type="survivor" free="0" total="161021952" percent="0" />
    </mem>
    <mem type="tenure" free="901285920" total="1846083584" percent="48" macro-fragmented="0">
      <mem type="soa" free="772059168" total="1716856832" percent="44" />
      <mem type="loa" free="129226752" total="129226752" percent="100" />
    </mem>
    <remembered-set count="30577" />
  </mem-info>
</gc-end>
<cycle-end id="3029" type="scavenge" contextid="3023" timestamp="2020-09-11T12:44:44.977" />
<allocation-satisfied id="3030" threadId="00000000008D4B00" bytesRequested="16" />
<af-end id="3031" timestamp="2020-09-11T12:44:44.977" threadId="00000000008D5480" success="true" from="nursery"/>
<exclusive-end id="3032" timestamp="2020-09-11T12:44:44.977" durationms="115.897" />

<exclusive-start id="3033" timestamp="2020-09-11T12:44:46.895" intervalms="2033.050">
  <response-info timems="0.610" idlems="0.610" threads="0" lastid="000000000088BD00" lastname="Group1.Backend.CompositeBackend{Tier1}.7" />
</exclusive-start>
<af-start id="3034" threadId="000000000088C680" totalBytesRequested="32" timestamp="2020-09-11T12:44:46.895" intervalms="2033.140" type="nursery" />
<cycle-start id="3035" type="scavenge" contextid="0" timestamp="2020-09-11T12:44:46.896" intervalms="2033.144" />
<gc-start id="3036" type="scavenge" contextid="3035" timestamp="2020-09-11T12:44:46.896">
  <mem-info id="3037" free="901285920" total="2785607680" percent="32">
    <mem type="nursery" free="0" total="939524096" percent="0">
      <mem type="allocate" free="0" total="778502144" percent="0" />
      <mem type="survivor" free="0" total="161021952" percent="0" />
    </mem>
    <mem type="tenure" free="901285920" total="1846083584" percent="48">
      <mem type="soa" free="772059168" total="1716856832" percent="44" />
      <mem type="loa" free="129226752" total="129226752" percent="100" />
    </mem>
    <remembered-set count="191414" />
  </mem-info>
</gc-start>
<allocation-stats totalBytes="665210912" >
  <allocated-bytes non-tlh="30982016" tlh="634228896" />
  <largest-consumer threadName="Group1.Backend.CompositeBackend{Tier1}.7" threadId="000000000088BD00" bytes="89056376" />
</allocation-stats>
<gc-op id="3038" type="scavenge" timems="181.905" contextid="3035" timestamp="2020-09-11T12:44:47.078">
  <scavenger-info tenureage="3" tenuremask="7ff8" tiltratio="82" />
  <memory-copied type="nursery" objects="4228107" bytes="112258904" bytesdiscarded="150928" />
  <memory-copied type="tenure" objects="1054825" bytes="28340784" bytesdiscarded="46560" />
  <ownableSynchronizers candidates="4094" cleared="3515" />
  <references type="soft" candidates="544" cleared="0" enqueued="0" dynamicThreshold="18" maxThreshold="32" />
  <references type="weak" candidates="112" cleared="112" enqueued="0" />
</gc-op>
<gc-end id="3039" type="scavenge" contextid="3035" durationms="183.359" usertimems="1278.313" systemtimems="43.693" timestamp="2020-09-11T12:44:47.079" activeThreads="8">
  <mem-info id="3040" free="1545978008" total="2785607680" percent="55">
    <mem type="nursery" free="673019264" total="939524096" percent="71">
      <mem type="allocate" free="673019264" total="785514496" percent="85" />
      <mem type="survivor" free="0" total="154009600" percent="0" />
    </mem>
    <mem type="tenure" free="872958744" total="1846083584" percent="47" macro-fragmented="0">
      <mem type="soa" free="743731992" total="1716856832" percent="43" />
      <mem type="loa" free="129226752" total="129226752" percent="100" />
    </mem>
    <remembered-set count="29844" />
  </mem-info>
</gc-end>
<cycle-end id="3041" type="scavenge" contextid="3035" timestamp="2020-09-11T12:44:47.083" />
<allocation-satisfied id="3042" threadId="000000000088BD00" bytesRequested="32" />
<af-end id="3043" timestamp="2020-09-11T12:44:47.083" threadId="000000000088C680" success="true" from="nursery"/>
<exclusive-end id="3044" timestamp="2020-09-11T12:44:47.083" durationms="188.586" />

<exclusive-start id="3045" timestamp="2020-09-11T12:44:48.854" intervalms="1959.475">
  <response-info timems="0.579" idlems="0.579" threads="0" lastid="0000000000785700" lastname="Group1.Backend.CompositeBackend{Tier1}.2" />
</exclusive-start>
<af-start id="3046" threadId="0000000000786080" totalBytesRequested="656" timestamp="2020-09-11T12:44:48.855" intervalms="1959.679" type="nursery" />
<cycle-start id="3047" type="scavenge" contextid="0" timestamp="2020-09-11T12:44:48.855" intervalms="1959.685" />
<gc-start id="3048" type="scavenge" contextid="3047" timestamp="2020-09-11T12:44:48.856">
  <mem-info id="3049" free="872958744" total="2785607680" percent="31">
    <mem type="nursery" free="0" total="939524096" percent="0">
      <mem type="allocate" free="0" total="785514496" percent="0" />
      <mem type="survivor" free="0" total="154009600" percent="0" />
    </mem>
    <mem type="tenure" free="872958744" total="1846083584" percent="47">
      <mem type="soa" free="743731992" total="1716856832" percent="43" />
      <mem type="loa" free="129226752" total="129226752" percent="100" />
    </mem>
    <remembered-set count="187064" />
  </mem-info>
</gc-start>
<allocation-stats totalBytes="672718112" >
  <allocated-bytes non-tlh="35832464" tlh="636885648" />
  <largest-consumer threadName="Group1.Backend.CompositeBackend{Tier1}.8" threadId="00000000008D4B00" bytes="93960576" />
</allocation-stats>
<gc-op id="3050" type="scavenge" timems="129.345" contextid="3047" timestamp="2020-09-11T12:44:48.985">
  <scavenger-info tenureage="3" tenuremask="7ff8" tiltratio="83" />
  <memory-copied type="nursery" objects="4343162" bytes="114808064" bytesdiscarded="175800" />
  <memory-copied type="tenure" objects="1020618" bytes="27422152" bytesdiscarded="46392" />
  <ownableSynchronizers candidates="4015" cleared="3455" />
  <references type="soft" candidates="561" cleared="0" enqueued="0" dynamicThreshold="18" maxThreshold="32" />
  <references type="weak" candidates="108" cleared="108" enqueued="0" />
</gc-op>
<gc-end id="3051" type="scavenge" contextid="3047" durationms="130.313" usertimems="971.738" systemtimems="8.812" timestamp="2020-09-11T12:44:48.986" activeThreads="8">
  <mem-info id="3052" free="1520412360" total="2785607680" percent="54">
    <mem type="nursery" free="674906296" total="939524096" percent="71">
      <mem type="allocate" free="674906296" total="789970944" percent="85" />
      <mem type="survivor" free="0" total="149553152" percent="0" />
    </mem>
    <mem type="tenure" free="845506064" total="1846083584" percent="45" macro-fragmented="0">
      <mem type="soa" free="716279312" total="1716856832" percent="41" />
      <mem type="loa" free="129226752" total="129226752" percent="100" />
    </mem>
    <remembered-set count="28619" />
  </mem-info>
</gc-end>
<cycle-end id="3053" type="scavenge" contextid="3047" timestamp="2020-09-11T12:44:48.989" />
<allocation-satisfied id="3054" threadId="0000000000785700" bytesRequested="656" />
<af-end id="3055" timestamp="2020-09-11T12:44:48.989" threadId="0000000000786080" success="true" from="nursery"/>
<exclusive-end id="3056" timestamp="2020-09-11T12:44:48.989" durationms="135.352" />

<exclusive-start id="3057" timestamp="2020-09-11T12:44:50.928" intervalms="2073.899">
  <response-info timems="0.474" idlems="0.474" threads="0" lastid="0000000000789300" lastname="Group1.Backend.CompositeBackend{Tier1}.1" />
</exclusive-start>
<af-start id="3058" threadId="0000000000789C80" totalBytesRequested="1032" timestamp="2020-09-11T12:44:50.929" intervalms="2073.615" type="nursery" />
<cycle-start id="3059" type="scavenge" contextid="0" timestamp="2020-09-11T12:44:50.929" intervalms="2073.620" />
<gc-start id="3060" type="scavenge" contextid="3059" timestamp="2020-09-11T12:44:50.929">
  <mem-info id="3061" free="845506064" total="2785607680" percent="30">
    <mem type="nursery" free="0" total="939524096" percent="0">
      <mem type="allocate" free="0" total="789970944" percent="0" />
      <mem type="survivor" free="0" total="149553152" percent="0" />
    </mem>
    <mem type="tenure" free="845506064" total="1846083584" percent="45">
      <mem type="soa" free="716279312" total="1716856832" percent="41" />
      <mem type="loa" free="129226752" total="129226752" percent="100" />
    </mem>
    <remembered-set count="191126" />
  </mem-info>
</gc-start>
<allocation-stats totalBytes="674574640" >
  <allocated-bytes non-tlh="33560152" tlh="641014488" />
  <largest-consumer threadName="Group1.Backend.CompositeBackend{Tier1}.7" threadId="000000000088BD00" bytes="88013840" />
</allocation-stats>
<gc-op id="3062" type="scavenge" timems="124.322" contextid="3059" timestamp="2020-09-11T12:44:51.054">
  <scavenger-info tenureage="3" tenuremask="7ff8" tiltratio="84" />
  <memory-copied type="nursery" objects="3997323" bytes="107300768" bytesdiscarded="240112" />
  <memory-copied type="tenure" objects="1092214" bytes="29490088" bytesdiscarded="41368" />
  <ownableSynchronizers candidates="3821" cleared="3255" />
  <references type="soft" candidates="488" cleared="0" enqueued="0" dynamicThreshold="18" maxThreshold="32" />
  <references type="weak" candidates="127" cleared="127" enqueued="0" />
</gc-op>
<gc-end id="3063" type="scavenge" contextid="3059" durationms="125.442" usertimems="940.800" systemtimems="13.937" timestamp="2020-09-11T12:44:51.054" activeThreads="8">
  <mem-info id="3064" free="1502539776" total="2785607680" percent="53">
    <mem type="nursery" free="686537728" total="939524096" percent="73">
      <mem type="allocate" free="686537728" total="794165248" percent="86" />
      <mem type="survivor" free="0" total="145358848" percent="0" />
    </mem>
    <mem type="tenure" free="816002048" total="1846083584" percent="44" macro-fragmented="0">
      <mem type="soa" free="686775296" total="1716856832" percent="40" />
      <mem type="loa" free="129226752" total="129226752" percent="100" />
    </mem>
    <remembered-set count="28448" />
  </mem-info>
</gc-end>
<cycle-end id="3065" type="scavenge" contextid="3059" timestamp="2020-09-11T12:44:51.059" />
<allocation-satisfied id="3066" threadId="0000000000789300" bytesRequested="1032" />
<af-end id="3067" timestamp="2020-09-11T12:44:51.060" threadId="0000000000789C80" success="true" from="nursery"/>
<exclusive-end id="3068" timestamp="2020-09-11T12:44:51.060" durationms="131.626" />

<exclusive-start id="3069" timestamp="2020-09-11T12:44:53.090" intervalms="2161.868">
  <response-info timems="0.622" idlems="0.622" threads="0" lastid="00000000008D4B00" lastname="Group1.Backend.CompositeBackend{Tier1}.8" />
</exclusive-start>
<af-start id="3070" threadId="00000000008D5480" totalBytesRequested="72" timestamp="2020-09-11T12:44:53.091" intervalms="2162.139" type="nursery" />
<cycle-start id="3071" type="scavenge" contextid="0" timestamp="2020-09-11T12:44:53.091" intervalms="2162.205" />
<gc-start id="3072" type="scavenge" contextid="3071" timestamp="2020-09-11T12:44:53.091">
  <mem-info id="3073" free="816002048" total="2785607680" percent="29">
    <mem type="nursery" free="0" total="939524096" percent="0">
      <mem type="allocate" free="0" total="794165248" percent="0" />
      <mem type="survivor" free="0" total="145358848" percent="0" />
    </mem>
    <mem type="tenure" free="816002048" total="1846083584" percent="44">
      <mem type="soa" free="686775296" total="1716856832" percent="40" />
      <mem type="loa" free="129226752" total="129226752" percent="100" />
    </mem>
    <remembered-set count="192051" />
  </mem-info>
</gc-start>
<allocation-stats totalBytes="686178824" >
  <allocated-bytes non-tlh="31631704" tlh="654547120" />
  <largest-consumer threadName="Group1.Backend.CompositeBackend{Tier1}.8" threadId="00000000008D4B00" bytes="92791800" />
</allocation-stats>
<gc-op id="3074" type="scavenge" timems="107.400" contextid="3071" timestamp="2020-09-11T12:44:53.199">
  <scavenger-info tenureage="3" tenuremask="7ff8" tiltratio="84" />
  <memory-copied type="nursery" objects="4047368" bytes="108568768" bytesdiscarded="199328" />
  <memory-copied type="tenure" objects="1068912" bytes="28754144" bytesdiscarded="38608" />
  <ownableSynchronizers candidates="4084" cleared="3587" />
  <references type="soft" candidates="520" cleared="0" enqueued="0" dynamicThreshold="18" maxThreshold="32" />
  <references type="weak" candidates="131" cleared="131" enqueued="0" />
</gc-op>
<gc-end id="3075" type="scavenge" contextid="3071" durationms="108.727" usertimems="770.134" systemtimems="0.000" timestamp="2020-09-11T12:44:53.200" activeThreads="8">
  <mem-info id="3076" free="1476857304" total="2785607680" percent="53">
    <mem type="nursery" free="689765376" total="939524096" percent="73">
      <mem type="allocate" free="689765376" total="798621696" percent="86" />
      <mem type="survivor" free="0" total="140902400" percent="0" />
    </mem>
    <mem type="tenure" free="787091928" total="1846083584" percent="42" macro-fragmented="0">
      <mem type="soa" free="657865176" total="1716856832" percent="38" />
      <mem type="loa" free="129226752" total="129226752" percent="100" />
    </mem>
    <remembered-set count="29294" />
  </mem-info>
</gc-end>
<cycle-end id="3077" type="scavenge" contextid="3071" timestamp="2020-09-11T12:44:53.203" />
<allocation-satisfied id="3078" threadId="00000000008D4B00" bytesRequested="72" />
<af-end id="3079" timestamp="2020-09-11T12:44:53.203" threadId="00000000008D5480" success="true" from="nursery"/>
<exclusive-end id="3080" timestamp="2020-09-11T12:44:53.203" durationms="113.027" />

<exclusive-start id="3081" timestamp="2020-09-11T12:44:55.191" intervalms="2101.426">
  <response-info timems="0.587" idlems="0.587" threads="0" lastid="000000000088EE00" lastname="Group1.Backend.CompositeBackend{Tier1}.5" />
</exclusive-start>
<af-start id="3082" threadId="000000000088F780" totalBytesRequested="16" timestamp="2020-09-11T12:44:55.192" intervalms="2101.463" type="nursery" />
<cycle-start id="3083" type="scavenge" contextid="0" timestamp="2020-09-11T12:44:55.192" intervalms="2101.441" />
<gc-start id="3084" type="scavenge" contextid="3083" timestamp="2020-09-11T12:44:55.193">
  <mem-info id="3085" free="787091928" total="2785607680" percent="28">
    <mem type="nursery" free="0" total="939524096" percent="0">
      <mem type="allocate" free="0" total="798621696" percent="0" />
      <mem type="survivor" free="0" total="140902400" percent="0" />
    </mem>
    <mem type="tenure" free="787091928" total="1846083584" percent="42">
      <mem type="soa" free="657865176" total="1716856832" percent="38" />
      <mem type="loa" free="129226752" total="129226752" percent="100" />
    </mem>
    <remembered-set count="193656" />
  </mem-info>
</gc-start>
<allocation-stats totalBytes="689420288" >
  <allocated-bytes non-tlh="30661360" tlh="658758928" />
  <largest-consumer threadName="Group1.Backend.CompositeBackend{Tier1}.3" threadId="000000000086A900" bytes="84482160" />
</allocation-stats>
<gc-op id="3086" type="scavenge" timems="119.207" contextid="3083" timestamp="2020-09-11T12:44:55.312">
  <scavenger-info tenureage="3" tenuremask="7ff8" tiltratio="85" />
  <memory-copied type="nursery" objects="4311314" bytes="114502264" bytesdiscarded="186608" />
  <memory-copied type="tenure" objects="1047903" bytes="28191032" bytesdiscarded="54648" />
  <ownableSynchronizers candidates="4248" cleared="3725" />
  <references type="soft" candidates="521" cleared="0" enqueued="0" dynamicThreshold="18" maxThreshold="32" />
  <references type="weak" candidates="116" cleared="116" enqueued="0" />
</gc-op>
<gc-end id="3087" type="scavenge" contextid="3083" durationms="120.550" usertimems="931.684" systemtimems="3.721" timestamp="2020-09-11T12:44:55.313" activeThreads="8">
  <mem-info id="3088" free="1443931072" total="2785607680" percent="51">
    <mem type="nursery" free="685030904" total="939524096" percent="72">
      <mem type="allocate" free="685030904" total="799801344" percent="85" />
      <mem type="survivor" free="0" total="139722752" percent="0" />
    </mem>
    <mem type="tenure" free="758900168" total="1846083584" percent="41" macro-fragmented="0">
      <mem type="soa" free="629673416" total="1716856832" percent="36" />
      <mem type="loa" free="129226752" total="129226752" percent="100" />
    </mem>
    <remembered-set count="31468" />
  </mem-info>
</gc-end>
<cycle-end id="3089" type="scavenge" contextid="3083" timestamp="2020-09-11T12:44:55.314" />
<allocation-satisfied id="3090" threadId="000000000088EE00" bytesRequested="16" />
<af-end id="3091" timestamp="2020-09-11T12:44:55.314" threadId="000000000088F780" success="true" from="nursery"/>
<exclusive-end id="3092" timestamp="2020-09-11T12:44:55.314" durationms="123.179" />

<exclusive-start id="3093" timestamp="2020-09-11T12:44:57.235" intervalms="2044.110">
  <response-info timems="2.308" idlems="2.308" threads="0" lastid="00000000008D4B00" lastname="Group1.Backend.CompositeBackend{Tier1}.8" />
</exclusive-start>
<af-start id="3094" threadId="00000000008D5480" totalBytesRequested="524296" timestamp="2020-09-11T12:44:57.236" intervalms="2043.985" type="nursery" />
<cycle-start id="3095" type="scavenge" contextid="0" timestamp="2020-09-11T12:44:57.236" intervalms="2043.997" />
<gc-start id="3096" type="scavenge" contextid="3095" timestamp="2020-09-11T12:44:57.237">
  <mem-info id="3097" free="759025856" total="2785607680" percent="27">
    <mem type="nursery" free="125688" total="939524096" percent="0">
      <mem type="allocate" free="125688" total="799801344" percent="0" />
      <mem type="survivor" free="0" total="139722752" percent="0" />
    </mem>
    <mem type="tenure" free="758900168" total="1846083584" percent="41">
      <mem type="soa" free="629673416" total="1716856832" percent="36" />
      <mem type="loa" free="129226752" total="129226752" percent="100" />
    </mem>
    <remembered-set count="194492" />
  </mem-info>
</gc-start>
<allocation-stats totalBytes="684586192" >
  <allocated-bytes non-tlh="32936416" tlh="651649776" />
  <largest-consumer threadName="Group1.Backend.CompositeBackend{Tier1}.3" threadId="000000000086A900" bytes="97572936" />
</allocation-stats>
<gc-op id="3098" type="scavenge" timems="138.239" contextid="3095" timestamp="2020-09-11T12:44:57.375">
  <scavenger-info tenureage="3" tenuremask="7ff8" tiltratio="85" />
  <memory-copied type="nursery" objects="4470716" bytes="118346992" bytesdiscarded="253088" />
  <memory-copied type="tenure" objects="1082344" bytes="29094032" bytesdiscarded="65576" />
  <ownableSynchronizers candidates="3481" cleared="2980" />
  <references type="soft" candidates="502" cleared="0" enqueued="0" dynamicThreshold="18" maxThreshold="32" />
  <references type="weak" candidates="113" cleared="113" enqueued="0" />
</gc-op>
<gc-end id="3099" type="scavenge" contextid="3095" durationms="139.380" usertimems="1048.946" systemtimems="0.000" timestamp="2020-09-11T12:44:57.376" activeThreads="8">
  <mem-info id="3100" free="1412983792" total="2785607680" percent="50">
    <mem type="nursery" free="683414640" total="939524096" percent="72">
      <mem type="allocate" free="683414640" total="802095104" percent="85" />
      <mem type="survivor" free="0" total="137428992" percent="0" />
    </mem>
    <mem type="tenure" free="729569152" total="1846083584" percent="39" macro-fragmented="0">
      <mem type="soa" free="600342400" total="1716856832" percent="34" />
      <mem type="loa" free="129226752" total="129226752" percent="100" />
    </mem>
    <remembered-set count="32030" />
  </mem-info>
</gc-end>
<cycle-end id="3101" type="scavenge" contextid="3095" timestamp="2020-09-11T12:44:57.377" />
<allocation-satisfied id="3102" threadId="00000000008D4B00" bytesRequested="524296" />
<af-end id="3103" timestamp="2020-09-11T12:44:57.378" threadId="00000000008D5480" success="true" from="nursery"/>
<exclusive-end id="3104" timestamp="2020-09-11T12:44:57.378" durationms="142.381" />

<exclusive-start id="3105" timestamp="2020-09-11T12:44:59.330" intervalms="2094.767">
  <response-info timems="1.366" idlems="1.366" threads="0" lastid="000000000088BD00" lastname="Group1.Backend.CompositeBackend{Tier1}.7" />
</exclusive-start>
<af-start id="3106" threadId="000000000088C680" totalBytesRequested="24" timestamp="2020-09-11T12:44:59.331" intervalms="2094.872" type="nursery" />
<cycle-start id="3107" type="scavenge" contextid="0" timestamp="2020-09-11T12:44:59.331" intervalms="2094.803" />
<gc-start id="3108" type="scavenge" contextid="3107" timestamp="2020-09-11T12:44:59.332">
  <mem-info id="3109" free="729569152" total="2785607680" percent="26">
    <mem type="nursery" free="0" total="939524096" percent="0">
      <mem type="allocate" free="0" total="802095104" percent="0" />
      <mem type="survivor" free="0" total="137428992" percent="0" />
    </mem>
    <mem type="tenure" free="729569152" total="1846083584" percent="39">
      <mem type="soa" free="600342400" total="1716856832" percent="34" />
      <mem type="loa" free="129226752" total="129226752" percent="100" />
    </mem>
    <remembered-set count="192802" />
  </mem-info>
</gc-start>
<allocation-stats totalBytes="683096432" >
  <allocated-bytes non-tlh="34765728" tlh="648330704" />
  <largest-consumer threadName="Group1.Backend.CompositeBackend{Tier1}.3" threadId="000000000086A900" bytes="90569312" />
</allocation-stats>
<gc-op id="3110" type="scavenge" timems="131.669" contextid="3107" timestamp="2020-09-11T12:44:59.463">
  <scavenger-info tenureage="3" tenuremask="7ff8" tiltratio="85" />
  <memory-copied type="nursery" objects="4219426" bytes="112296912" bytesdiscarded="175560" />
  <memory-copied type="tenure" objects="1107615" bytes="29776776" bytesdiscarded="57408" />
  <finalization candidates="1" enqueued="0" />
  <ownableSynchronizers candidates="4938" cleared="4401" />
  <references type="soft" candidates="536" cleared="0" enqueued="0" dynamicThreshold="18" maxThreshold="32" />
  <references type="weak" candidates="116" cleared="114" enqueued="0" />
</gc-op>
<gc-end id="3111" type="scavenge" contextid="3107" durationms="132.768" usertimems="930.541" systemtimems="9.673" timestamp="2020-09-11T12:44:59.464" activeThreads="8">
  <mem-info id="3112" free="1390320840" total="2785607680" percent="49">
    <mem type="nursery" free="690522352" total="939524096" percent="73">
      <mem type="allocate" free="690522352" total="803078144" percent="85" />
      <mem type="survivor" free="0" total="136445952" percent="0" />
    </mem>
    <mem type="tenure" free="699798488" total="1846083584" percent="37" macro-fragmented="0">
      <mem type="soa" free="570571736" total="1716856832" percent="33" />
      <mem type="loa" free="129226752" total="129226752" percent="100" />
    </mem>
    <remembered-set count="30588" />
  </mem-info>
</gc-end>
<cycle-end id="3113" type="scavenge" contextid="3107" timestamp="2020-09-11T12:44:59.466" />
<allocation-satisfied id="3114" threadId="000000000088BD00" bytesRequested="24" />
<af-end id="3115" timestamp="2020-09-11T12:44:59.466" threadId="000000000088C680" success="true" from="nursery"/>
<exclusive-end id="3116" timestamp="2020-09-11T12:44:59.466" durationms="136.407" />

<exclusive-start id="3117" timestamp="2020-09-11T12:45:01.484" intervalms="2154.008">
  <response-info timems="6.324" idlems="6.310" threads="1" lastid="0000000000909600" lastname="Group1.TxInjector.CompositeTxInjector.I.driver.probe.18" />
</exclusive-start>
<af-start id="3118" threadId="0000000000789C80" totalBytesRequested="16" timestamp="2020-09-11T12:45:01.485" intervalms="2153.657" type="nursery" />
<cycle-start id="3119" type="scavenge" contextid="0" timestamp="2020-09-11T12:45:01.485" intervalms="2153.658" />
<gc-start id="3120" type="scavenge" contextid="3119" timestamp="2020-09-11T12:45:01.485">
  <mem-info id="3121" free="699798488" total="2785607680" percent="25">
    <mem type="nursery" free="0" total="939524096" percent="0">
      <mem type="allocate" free="0" total="803078144" percent="0" />
      <mem type="survivor" free="0" total="136445952" percent="0" />
    </mem>
    <mem type="tenure" free="699798488" total="1846083584" percent="37">
      <mem type="soa" free="570571736" total="1716856832" percent="33" />
      <mem type="loa" free="129226752" total="129226752" percent="100" />
    </mem>
    <remembered-set count="196781" />
  </mem-info>
</gc-start>
<allocation-stats totalBytes="690196344" >
  <allocated-bytes non-tlh="29107200" tlh="661089144" />
  <largest-consumer threadName="Group1.Backend.CompositeBackend{Tier1}.1" threadId="0000000000789300" bytes="123739152" />
</allocation-stats>
<gc-op id="3122" type="scavenge" timems="136.538" contextid="3119" timestamp="2020-09-11T12:45:01.622">
  <scavenger-info tenureage="3" tenuremask="7ff8" tiltratio="85" />
  <memory-copied type="nursery" objects="4142073" bytes="111063352" bytesdiscarded="245608" />
  <memory-copied type="tenure" objects="1084325" bytes="29132048" bytesdiscarded="56528" />
  <finalization candidates="1" enqueued="0" />
  <ownableSynchronizers candidates="4117" cleared="3585" />
  <references type="soft" candidates="520" cleared="0" enqueued="0" dynamicThreshold="18" maxThreshold="32" />
  <references type="weak" candidates="123" cleared="123" enqueued="0" />
</gc-op>
<gc-end id="3123" type="scavenge" contextid="3119" durationms="137.436" usertimems="945.649" systemtimems="6.675" timestamp="2020-09-11T12:45:01.623" activeThreads="8">
  <mem-info id="3124" free="1364539360" total="2785607680" percent="48">
    <mem type="nursery" free="693774592" total="939524096" percent="73">
      <mem type="allocate" free="693774592" total="805175296" percent="86" />
      <mem type="survivor" free="0" total="134348800" percent="0" />
    </mem>
    <mem type="tenure" free="670764768" total="1846083584" percent="36" macro-fragmented="0">
      <mem type="soa" free="541538016" total="1716856832" percent="31" />
      <mem type="loa" free="129226752" total="129226752" percent="100" />
    </mem>
    <remembered-set count="29988" />
  </mem-info>
</gc-end>
<cycle-end id="3125" type="scavenge" contextid="3119" timestamp="2020-09-11T12:45:01.625" />
<allocation-satisfied id="3126" threadId="0000000000789300" bytesRequested="16" />
<af-end id="3127" timestamp="2020-09-11T12:45:01.625" threadId="0000000000789C80" success="true" from="nursery"/>
<exclusive-end id="3128" timestamp="2020-09-11T12:45:01.625" durationms="140.627" />

<exclusive-start id="3129" timestamp="2020-09-11T12:45:03.489" intervalms="2004.691">
  <response-info timems="0.448" idlems="0.448" threads="0" lastid="000000000086A900" lastname="Group1.Backend.CompositeBackend{Tier1}.3" />
</exclusive-start>
<af-start id="3130" threadId="000000000086B280" totalBytesRequested="220792" timestamp="2020-09-11T12:45:03.489" intervalms="2004.657" type="nursery" />
<cycle-start id="3131" type="scavenge" contextid="0" timestamp="2020-09-11T12:45:03.490" intervalms="2004.647" />
<gc-start id="3132" type="scavenge" contextid="3131" timestamp="2020-09-11T12:45:03.490">
  <mem-info id="3133" free="670969408" total="2785607680" percent="24">
    <mem type="nursery" free="204640" total="939524096" percent="0">
      <mem type="allocate" free="204640" total="805175296" percent="0" />
      <mem type="survivor" free="0" total="134348800" percent="0" />
    </mem>
    <mem type="tenure" free="670764768" total="1846083584" percent="36">
      <mem type="soa" free="541538016" total="1716856832" percent="31" />
      <mem type="loa" free="129226752" total="129226752" percent="100" />
    </mem>
    <remembered-set count="193364" />
  </mem-info>
</gc-start>
<allocation-stats totalBytes="693232184" >
  <allocated-bytes non-tlh="34843040" tlh="658389144" />
  <largest-consumer threadName="Group1.Backend.CompositeBackend{Tier1}.4" threadId="000000000086B500" bytes="134807048" />
</allocation-stats>
<gc-op id="3134" type="scavenge" timems="126.167" contextid="3131" timestamp="2020-09-11T12:45:03.616">
  <scavenger-info tenureage="3" tenuremask="7ff8" tiltratio="85" />
  <memory-copied type="nursery" objects="4371092" bytes="116521032" bytesdiscarded="145696" />
  <memory-copied type="tenure" objects="1081795" bytes="29084536" bytesdiscarded="55976" />
  <finalization candidates="1" enqueued="0" />
  <ownableSynchronizers candidates="4257" cleared="3725" />
  <references type="soft" candidates="535" cleared="0" enqueued="0" dynamicThreshold="18" maxThreshold="32" />
  <references type="weak" candidates="117" cleared="117" enqueued="0" />
</gc-op>
<gc-end id="3135" type="scavenge" contextid="3131" durationms="127.147" usertimems="958.253" systemtimems="12.563" timestamp="2020-09-11T12:45:03.617" activeThreads="8">
  <mem-info id="3136" free="1328085568" total="2785607680" percent="47">
    <mem type="nursery" free="686585320" total="939524096" percent="73">
      <mem type="allocate" free="686585320" total="803340288" percent="85" />
      <mem type="survivor" free="0" total="136183808" percent="0" />
    </mem>
    <mem type="tenure" free="641500248" total="1846083584" percent="34" macro-fragmented="0">
      <mem type="soa" free="512273496" total="1716856832" percent="29" />
      <mem type="loa" free="129226752" total="129226752" percent="100" />
    </mem>
    <remembered-set count="30798" />
  </mem-info>
</gc-end>
<cycle-end id="3137" type="scavenge" contextid="3131" timestamp="2020-09-11T12:45:03.619" />
<allocation-satisfied id="3138" threadId="000000000086A900" bytesRequested="220792" />
<af-end id="3139" timestamp="2020-09-11T12:45:03.619" threadId="000000000086B280" success="true" from="nursery"/>
<exclusive-end id="3140" timestamp="2020-09-11T12:45:03.619" durationms="129.846" />

<exclusive-start id="3141" timestamp="2020-09-11T12:45:05.634" intervalms="2145.311">
  <response-info timems="6.577" idlems="6.577" threads="0" lastid="000000000089DB00" lastname="Group1.Backend.CompositeBackend{Tier1}.6" />
</exclusive-start>
<af-start id="3142" threadId="000000000089E480" totalBytesRequested="24" timestamp="2020-09-11T12:45:05.638" intervalms="2148.397" type="nursery" />
<cycle-start id="3143" type="scavenge" contextid="0" timestamp="2020-09-11T12:45:05.639" intervalms="2149.201" />
<gc-start id="3144" type="scavenge" contextid="3143" timestamp="2020-09-11T12:45:05.639">
  <mem-info id="3145" free="641500248" total="2785607680" percent="23">
    <mem type="nursery" free="0" total="939524096" percent="0">
      <mem type="allocate" free="0" total="803340288" percent="0" />
      <mem type="survivor" free="0" total="136183808" percent="0" />
    </mem>
    <mem type="tenure" free="641500248" total="1846083584" percent="34">
      <mem type="soa" free="512273496" total="1716856832" percent="29" />
      <mem type="loa" free="129226752" total="129226752" percent="100" />
    </mem>
    <remembered-set count="195078" />
  </mem-info>
</gc-start>
<allocation-stats totalBytes="686251832" >
  <allocated-bytes non-tlh="31587088" tlh="654664744" />
  <largest-consumer threadName="Group1.Backend.CompositeBackend{Tier1}.4" threadId="000000000086B500" bytes="140573776" />
</allocation-stats>
<gc-op id="3146" type="scavenge" timems="141.780" contextid="3143" timestamp="2020-09-11T12:45:05.781">
  <scavenger-info tenureage="3" tenuremask="7ff8" tiltratio="85" />
  <memory-copied type="nursery" objects="4246259" bytes="113196384" bytesdiscarded="223712" />
  <memory-copied type="tenure" objects="1069295" bytes="28768104" bytesdiscarded="76056" />
  <finalization candidates="1" enqueued="0" />
  <ownableSynchronizers candidates="3975" cleared="3446" />
  <references type="soft" candidates="470" cleared="0" enqueued="0" dynamicThreshold="18" maxThreshold="32" />
  <references type="weak" candidates="132" cleared="132" enqueued="0" />
</gc-op>
<gc-end id="3147" type="scavenge" contextid="3143" durationms="143.450" usertimems="945.876" systemtimems="16.612" timestamp="2020-09-11T12:45:05.783" activeThreads="8">
  <mem-info id="3148" free="1303526768" total="2785607680" percent="46">
    <mem type="nursery" free="690955000" total="939524096" percent="73">
      <mem type="allocate" free="690955000" total="804454400" percent="85" />
      <mem type="survivor" free="0" total="135069696" percent="0" />
    </mem>
    <mem type="tenure" free="612571768" total="1846083584" percent="33" macro-fragmented="0">
      <mem type="soa" free="483345016" total="1716856832" percent="28" />
      <mem type="loa" free="129226752" total="129226752" percent="100" />
    </mem>
    <remembered-set count="33070" />
  </mem-info>
</gc-end>
<cycle-end id="3149" type="scavenge" contextid="3143" timestamp="2020-09-11T12:45:05.785" />
<allocation-satisfied id="3150" threadId="000000000089DB00" bytesRequested="24" />
<af-end id="3151" timestamp="2020-09-11T12:45:05.785" threadId="000000000089E480" success="true" from="nursery"/>
<exclusive-end id="3152" timestamp="2020-09-11T12:45:05.785" durationms="150.709" />

<exclusive-start id="3153" timestamp="2020-09-11T12:45:07.684" intervalms="2050.096">
  <response-info timems="4.221" idlems="4.208" threads="1" lastid="00000000008D4B00" lastname="Group1.Backend.CompositeBackend{Tier1}.8" />
</exclusive-start>
<af-start id="3154" threadId="000000000088C680" totalBytesRequested="32" timestamp="2020-09-11T12:45:07.687" intervalms="2048.900" type="nursery" />
<cycle-start id="3155" type="scavenge" contextid="0" timestamp="2020-09-11T12:45:07.687" intervalms="2048.484" />
<gc-start id="3156" type="scavenge" contextid="3155" timestamp="2020-09-11T12:45:07.688">
  <mem-info id="3157" free="612571768" total="2785607680" percent="21">
    <mem type="nursery" free="0" total="939524096" percent="0">
      <mem type="allocate" free="0" total="804454400" percent="0" />
      <mem type="survivor" free="0" total="135069696" percent="0" />
    </mem>
    <mem type="tenure" free="612571768" total="1846083584" percent="33">
      <mem type="soa" free="483345016" total="1716856832" percent="28" />
      <mem type="loa" free="129226752" total="129226752" percent="100" />
    </mem>
    <remembered-set count="195497" />
  </mem-info>
</gc-start>
<allocation-stats totalBytes="690624136" >
  <allocated-bytes non-tlh="37439112" tlh="653185024" />
  <largest-consumer threadName="Group1.Backend.CompositeBackend{Tier1}.4" threadId="000000000086B500" bytes="114040192" />
</allocation-stats>
<gc-op id="3158" type="scavenge" timems="98.897" contextid="3155" timestamp="2020-09-11T12:45:07.787">
  <scavenger-info tenureage="3" tenuremask="7ff8" tiltratio="85" />
  <memory-copied type="nursery" objects="4025439" bytes="108025408" bytesdiscarded="187088" />
  <memory-copied type="tenure" objects="1125657" bytes="30268752" bytesdiscarded="81928" />
  <ownableSynchronizers candidates="5768" cleared="5212" />
  <references type="soft" candidates="514" cleared="0" enqueued="0" dynamicThreshold="18" maxThreshold="32" />
  <references type="weak" candidates="122" cleared="122" enqueued="0" />
</gc-op>
<gc-end id="3159" type="scavenge" contextid="3155" durationms="99.964" usertimems="724.406" systemtimems="0.000" timestamp="2020-09-11T12:45:07.787" activeThreads="8">
  <mem-info id="3160" free="1279896512" total="2785607680" percent="45">
    <mem type="nursery" free="697800192" total="939524096" percent="74">
      <mem type="allocate" free="697800192" total="806092800" percent="86" />
      <mem type="survivor" free="0" total="133431296" percent="0" />
    </mem>
    <mem type="tenure" free="582096320" total="1846083584" percent="31" macro-fragmented="0">
      <mem type="soa" free="452869568" total="1716856832" percent="26" />
      <mem type="loa" free="129226752" total="129226752" percent="100" />
    </mem>
    <remembered-set count="33799" />
  </mem-info>
</gc-end>
<cycle-end id="3161" type="scavenge" contextid="3155" timestamp="2020-09-11T12:45:07.789" />
<allocation-satisfied id="3162" threadId="000000000088BD00" bytesRequested="32" />
<af-end id="3163" timestamp="2020-09-11T12:45:07.789" threadId="000000000088C680" success="true" from="nursery"/>
<exclusive-end id="3164" timestamp="2020-09-11T12:45:07.789" durationms="105.074" />

<exclusive-start id="3165" timestamp="2020-09-11T12:45:09.851" intervalms="2167.262">
  <response-info timems="0.953" idlems="0.953" threads="0" lastid="0000000000785700" lastname="Group1.Backend.CompositeBackend{Tier1}.2" />
</exclusive-start>
<af-start id="3166" threadId="0000000000786080" totalBytesRequested="664" timestamp="2020-09-11T12:45:09.852" intervalms="2165.460" type="nursery" />
<cycle-start id="3167" type="scavenge" contextid="0" timestamp="2020-09-11T12:45:09.852" intervalms="2165.091" />
<gc-start id="3168" type="scavenge" contextid="3167" timestamp="2020-09-11T12:45:09.853">
  <mem-info id="3169" free="582096320" total="2785607680" percent="20">
    <mem type="nursery" free="0" total="939524096" percent="0">
      <mem type="allocate" free="0" total="806092800" percent="0" />
      <mem type="survivor" free="0" total="133431296" percent="0" />
    </mem>
    <mem type="tenure" free="582096320" total="1846083584" percent="31">
      <mem type="soa" free="452869568" total="1716856832" percent="26" />
      <mem type="loa" free="129226752" total="129226752" percent="100" />
    </mem>
    <remembered-set count="199043" />
  </mem-info>
</gc-start>
<allocation-stats totalBytes="697463336" >
  <allocated-bytes non-tlh="28204544" tlh="669258792" />
  <largest-consumer threadName="Group1.Backend.CompositeBackend{Tier1}.4" threadId="000000000086B500" bytes="92405192" />
</allocation-stats>
<gc-op id="3170" type="scavenge" timems="100.929" contextid="3167" timestamp="2020-09-11T12:45:09.954">
  <scavenger-info tenureage="3" tenuremask="7ff8" tiltratio="85" />
  <memory-copied type="nursery" objects="4088829" bytes="109735376" bytesdiscarded="149888" />
  <memory-copied type="tenure" objects="1092992" bytes="29362416" bytesdiscarded="79888" />
  <ownableSynchronizers candidates="4164" cleared="3593" />
  <references type="soft" candidates="531" cleared="0" enqueued="0" dynamicThreshold="18" maxThreshold="32" />
  <references type="weak" candidates="122" cleared="122" enqueued="0" />
</gc-op>
<gc-end id="3171" type="scavenge" contextid="3167" durationms="102.047" usertimems="726.626" systemtimems="1.001" timestamp="2020-09-11T12:45:09.955" activeThreads="8">
  <mem-info id="3172" free="1250551480" total="2785607680" percent="44">
    <mem type="nursery" free="697822208" total="939524096" percent="74">
      <mem type="allocate" free="697822208" total="807796736" percent="86" />
      <mem type="survivor" free="0" total="131727360" percent="0" />
    </mem>
    <mem type="tenure" free="552729272" total="1846083584" percent="29" macro-fragmented="0">
      <mem type="soa" free="423502520" total="1716856832" percent="24" />
      <mem type="loa" free="129226752" total="129226752" percent="100" />
    </mem>
    <remembered-set count="31979" />
  </mem-info>
</gc-end>
<cycle-end id="3173" type="scavenge" contextid="3167" timestamp="2020-09-11T12:45:09.956" />
<allocation-satisfied id="3174" threadId="0000000000785700" bytesRequested="664" />
<af-end id="3175" timestamp="2020-09-11T12:45:09.956" threadId="0000000000786080" success="true" from="nursery"/>
<exclusive-end id="3176" timestamp="2020-09-11T12:45:09.956" durationms="104.794" />

<exclusive-start id="3177" timestamp="2020-09-11T12:45:11.984" intervalms="2132.376">
  <response-info timems="1.211" idlems="1.211" threads="0" lastid="0000000000785700" lastname="Group1.Backend.CompositeBackend{Tier1}.2" />
</exclusive-start>
<af-start id="3178" threadId="0000000000786080" totalBytesRequested="48" timestamp="2020-09-11T12:45:11.985" intervalms="2132.368" type="nursery" />
<cycle-start id="3179" type="scavenge" contextid="0" timestamp="2020-09-11T12:45:11.985" intervalms="2132.361" />
<gc-start id="3180" type="scavenge" contextid="3179" timestamp="2020-09-11T12:45:11.985">
  <mem-info id="3181" free="552729272" total="2785607680" percent="19">
    <mem type="nursery" free="0" total="939524096" percent="0">
      <mem type="allocate" free="0" total="807796736" percent="0" />
      <mem type="survivor" free="0" total="131727360" percent="0" />
    </mem>
    <mem type="tenure" free="552729272" total="1846083584" percent="29">
      <mem type="soa" free="423502520" total="1716856832" percent="24" />
      <mem type="loa" free="129226752" total="129226752" percent="100" />
    </mem>
    <remembered-set count="195540" />
  </mem-info>
</gc-start>
<allocation-stats totalBytes="697496736" >
  <allocated-bytes non-tlh="31586448" tlh="665910288" />
  <largest-consumer threadName="Group1.Backend.CompositeBackend{Tier1}.7" threadId="000000000088BD00" bytes="114757672" />
</allocation-stats>
<gc-op id="3182" type="scavenge" timems="147.482" contextid="3179" timestamp="2020-09-11T12:45:12.133">
  <scavenger-info tenureage="3" tenuremask="7ff8" tiltratio="85" />
  <memory-copied type="nursery" objects="4618227" bytes="121458336" bytesdiscarded="148056" />
  <memory-copied type="tenure" objects="1089378" bytes="29263640" bytesdiscarded="82568" />
  <ownableSynchronizers candidates="4354" cleared="3789" />
  <references type="soft" candidates="577" cleared="0" enqueued="0" dynamicThreshold="18" maxThreshold="32" />
  <references type="weak" candidates="122" cleared="122" enqueued="0" />
</gc-op>
<gc-end id="3183" type="scavenge" contextid="3179" durationms="149.912" usertimems="1117.046" systemtimems="12.998" timestamp="2020-09-11T12:45:12.135" activeThreads="8">
  <mem-info id="3184" free="1195711536" total="2785607680" percent="42">
    <mem type="nursery" free="672141288" total="939524096" percent="71">
      <mem type="allocate" free="672141288" total="793837568" percent="84" />
      <mem type="survivor" free="0" total="145686528" percent="0" />
    </mem>
    <mem type="tenure" free="523570248" total="1846083584" percent="28" macro-fragmented="0">
      <mem type="soa" free="394343496" total="1716856832" percent="22" />
      <mem type="loa" free="129226752" total="129226752" percent="100" />
    </mem>
    <remembered-set count="30080" />
  </mem-info>
</gc-end>
<cycle-end id="3185" type="scavenge" contextid="3179" timestamp="2020-09-11T12:45:12.137" />
<allocation-satisfied id="3186" threadId="0000000000785700" bytesRequested="48" />
<af-end id="3187" timestamp="2020-09-11T12:45:12.138" threadId="0000000000786080" success="true" from="nursery"/>
<exclusive-end id="3188" timestamp="2020-09-11T12:45:12.138" durationms="153.952" />

<exclusive-start id="3189" timestamp="2020-09-11T12:45:14.010" intervalms="2025.977">
  <response-info timems="0.375" idlems="0.247" threads="2" lastid="000000000089DB00" lastname="Group1.Backend.CompositeBackend{Tier1}.6" />
</exclusive-start>
<af-start id="3190" threadId="000000000086B280" totalBytesRequested="32" timestamp="2020-09-11T12:45:14.011" intervalms="2025.980" type="nursery" />
<cycle-start id="3191" type="scavenge" contextid="0" timestamp="2020-09-11T12:45:14.011" intervalms="2025.969" />
<gc-start id="3192" type="scavenge" contextid="3191" timestamp="2020-09-11T12:45:14.011">
  <mem-info id="3193" free="523570248" total="2785607680" percent="18">
    <mem type="nursery" free="0" total="939524096" percent="0">
      <mem type="allocate" free="0" total="793837568" percent="0" />
      <mem type="survivor" free="0" total="145686528" percent="0" />
    </mem>
    <mem type="tenure" free="523570248" total="1846083584" percent="28">
      <mem type="soa" free="394343496" total="1716856832" percent="22" />
      <mem type="loa" free="129226752" total="129226752" percent="100" />
    </mem>
    <remembered-set count="189641" />
  </mem-info>
</gc-start>
<allocation-stats totalBytes="671822976" >
  <allocated-bytes non-tlh="34529008" tlh="637293968" />
  <largest-consumer threadName="Group1.Backend.CompositeBackend{Tier1}.7" threadId="000000000088BD00" bytes="104807472" />
</allocation-stats>
<gc-op id="3194" type="scavenge" timems="99.380" contextid="3191" timestamp="2020-09-11T12:45:14.110">
  <scavenger-info tenureage="3" tenuremask="7ff8" tiltratio="84" />
  <memory-copied type="nursery" objects="4117100" bytes="110543912" bytesdiscarded="429512" />
  <memory-copied type="tenure" objects="1091563" bytes="29322864" bytesdiscarded="60792" />
  <ownableSynchronizers candidates="4453" cleared="3858" />
  <references type="soft" candidates="543" cleared="0" enqueued="0" dynamicThreshold="18" maxThreshold="32" />
  <references type="weak" candidates="130" cleared="129" enqueued="0" />
</gc-op>
<gc-end id="3195" type="scavenge" contextid="3191" durationms="100.963" usertimems="784.665" systemtimems="0.000" timestamp="2020-09-11T12:45:14.112" activeThreads="8">
  <mem-info id="3196" free="1178864232" total="2785607680" percent="42">
    <mem type="nursery" free="684676096" total="939524096" percent="72">
      <mem type="allocate" free="684676096" total="795738112" percent="86" />
      <mem type="survivor" free="0" total="143785984" percent="0" />
    </mem>
    <mem type="tenure" free="494188136" total="1846083584" percent="26" macro-fragmented="0">
      <mem type="soa" free="364961384" total="1716856832" percent="21" />
      <mem type="loa" free="129226752" total="129226752" percent="100" />
    </mem>
    <remembered-set count="27642" />
  </mem-info>
</gc-end>
<cycle-end id="3197" type="scavenge" contextid="3191" timestamp="2020-09-11T12:45:14.114" />
<allocation-satisfied id="3198" threadId="000000000086A900" bytesRequested="32" />
<af-end id="3199" timestamp="2020-09-11T12:45:14.114" threadId="000000000086B280" success="true" from="nursery"/>
<exclusive-end id="3200" timestamp="2020-09-11T12:45:14.114" durationms="104.273" />

<exclusive-start id="3201" timestamp="2020-09-11T12:45:16.133" intervalms="2122.760">
  <response-info timems="4.473" idlems="4.473" threads="0" lastid="000000000086B500" lastname="Group1.Backend.CompositeBackend{Tier1}.4" />
</exclusive-start>
<af-start id="3202" threadId="000000000086BE80" totalBytesRequested="131080" timestamp="2020-09-11T12:45:16.134" intervalms="2123.074" type="nursery" />
<cycle-start id="3203" type="scavenge" contextid="0" timestamp="2020-09-11T12:45:16.134" intervalms="2123.215" />
<gc-start id="3204" type="scavenge" contextid="3203" timestamp="2020-09-11T12:45:16.134">
  <mem-info id="3205" free="494188136" total="2785607680" percent="17">
    <mem type="nursery" free="0" total="939524096" percent="0">
      <mem type="allocate" free="0" total="795738112" percent="0" />
      <mem type="survivor" free="0" total="143785984" percent="0" />
    </mem>
    <mem type="tenure" free="494188136" total="1846083584" percent="26">
      <mem type="soa" free="364961384" total="1716856832" percent="21" />
      <mem type="loa" free="129226752" total="129226752" percent="100" />
    </mem>
    <remembered-set count="190182" />
  </mem-info>
</gc-start>
<allocation-stats totalBytes="684357528" >
  <allocated-bytes non-tlh="31468992" tlh="652888536" />
  <largest-consumer threadName="Group1.Backend.CompositeBackend{Tier1}.4" threadId="000000000086B500" bytes="110040024" />
</allocation-stats>
<gc-op id="3206" type="scavenge" timems="162.655" contextid="3203" timestamp="2020-09-11T12:45:16.297">
  <scavenger-info tenureage="3" tenuremask="7ff8" tiltratio="84" />
  <memory-copied type="nursery" objects="4108132" bytes="110033032" bytesdiscarded="203632" />
  <memory-copied type="tenure" objects="1125029" bytes="30273936" bytesdiscarded="77776" />
  <ownableSynchronizers candidates="4040" cleared="3515" />
  <references type="soft" candidates="510" cleared="0" enqueued="0" dynamicThreshold="18" maxThreshold="32" />
  <references type="weak" candidates="124" cleared="122" enqueued="0" />
</gc-op>
<gc-end id="3207" type="scavenge" contextid="3203" durationms="163.682" usertimems="1168.544" systemtimems="30.140" timestamp="2020-09-11T12:45:16.298" activeThreads="8">
  <mem-info id="3208" free="1153153456" total="2785607680" percent="41">
    <mem type="nursery" free="689414912" total="939524096" percent="73">
      <mem type="allocate" free="689414912" total="799735808" percent="86" />
      <mem type="survivor" free="0" total="139788288" percent="0" />
    </mem>
    <mem type="tenure" free="463738544" total="1846083584" percent="25" macro-fragmented="0">
      <mem type="soa" free="334511792" total="1716856832" percent="19" />
      <mem type="loa" free="129226752" total="129226752" percent="100" />
    </mem>
    <remembered-set count="28708" />
  </mem-info>
</gc-end>
<cycle-end id="3209" type="scavenge" contextid="3203" timestamp="2020-09-11T12:45:16.300" />
<allocation-satisfied id="3210" threadId="000000000086B500" bytesRequested="131080" />
<af-end id="3211" timestamp="2020-09-11T12:45:16.300" threadId="000000000086BE80" success="true" from="nursery"/>
<exclusive-end id="3212" timestamp="2020-09-11T12:45:16.300" durationms="167.291" />

<exclusive-start id="3213" timestamp="2020-09-11T12:45:18.198" intervalms="2065.835">
  <response-info timems="0.488" idlems="0.488" threads="0" lastid="000000000088EE00" lastname="Group1.Backend.CompositeBackend{Tier1}.5" />
</exclusive-start>
<af-start id="3214" threadId="000000000088F780" totalBytesRequested="24" timestamp="2020-09-11T12:45:18.199" intervalms="2065.527" type="nursery" />
<cycle-start id="3215" type="scavenge" contextid="0" timestamp="2020-09-11T12:45:18.199" intervalms="2065.381" />
<gc-start id="3216" type="scavenge" contextid="3215" timestamp="2020-09-11T12:45:18.200">
  <mem-info id="3217" free="463738544" total="2785607680" percent="16">
    <mem type="nursery" free="0" total="939524096" percent="0">
      <mem type="allocate" free="0" total="799735808" percent="0" />
      <mem type="survivor" free="0" total="139788288" percent="0" />
    </mem>
    <mem type="tenure" free="463738544" total="1846083584" percent="25">
      <mem type="soa" free="334511792" total="1716856832" percent="19" />
      <mem type="loa" free="129226752" total="129226752" percent="100" />
    </mem>
    <remembered-set count="191207" />
  </mem-info>
</gc-start>
<allocation-stats totalBytes="689084432" >
  <allocated-bytes non-tlh="33761248" tlh="655323184" />
  <largest-consumer threadName="Group1.Backend.CompositeBackend{Tier1}.2" threadId="0000000000785700" bytes="94825832" />
</allocation-stats>
<gc-op id="3218" type="scavenge" timems="120.635" contextid="3215" timestamp="2020-09-11T12:45:18.320">
  <scavenger-info tenureage="3" tenuremask="7ff8" tiltratio="85" />
  <memory-copied type="nursery" objects="4429840" bytes="116955376" bytesdiscarded="222616" />
  <memory-copied type="tenure" objects="1118480" bytes="30085096" bytesdiscarded="92376" />
  <ownableSynchronizers candidates="3532" cleared="3044" />
  <references type="soft" candidates="469" cleared="0" enqueued="0" dynamicThreshold="18" maxThreshold="32" />
  <references type="weak" candidates="117" cleared="117" enqueued="0" />
</gc-op>
<gc-end id="3219" type="scavenge" contextid="3215" durationms="121.692" usertimems="925.122" systemtimems="0.000" timestamp="2020-09-11T12:45:18.321" activeThreads="8">
  <mem-info id="3220" free="1116890168" total="2785607680" percent="40">
    <mem type="nursery" free="683264744" total="939524096" percent="72">
      <mem type="allocate" free="683264744" total="800522240" percent="85" />
      <mem type="survivor" free="0" total="139001856" percent="0" />
    </mem>
    <mem type="tenure" free="433625424" total="1846083584" percent="23" macro-fragmented="0">
      <mem type="soa" free="304398672" total="1716856832" percent="17" />
      <mem type="loa" free="129226752" total="129226752" percent="100" />
    </mem>
    <remembered-set count="28898" />
  </mem-info>
</gc-end>
<cycle-end id="3221" type="scavenge" contextid="3215" timestamp="2020-09-11T12:45:18.323" />
<allocation-satisfied id="3222" threadId="000000000088EE00" bytesRequested="24" />
<af-end id="3223" timestamp="2020-09-11T12:45:18.323" threadId="000000000088F780" success="true" from="nursery"/>
<exclusive-end id="3224" timestamp="2020-09-11T12:45:18.323" durationms="124.296" />

<exclusive-start id="3225" timestamp="2020-09-11T12:45:20.255" intervalms="2056.506">
  <response-info timems="0.784" idlems="0.399" threads="1" lastid="000000000086B500" lastname="Group1.Backend.CompositeBackend{Tier1}.4" />
</exclusive-start>
<af-start id="3226" threadId="000000000088F780" totalBytesRequested="264" timestamp="2020-09-11T12:45:20.256" intervalms="2056.534" type="nursery" />
<cycle-start id="3227" type="scavenge" contextid="0" timestamp="2020-09-11T12:45:20.256" intervalms="2056.588" />
<gc-start id="3228" type="scavenge" contextid="3227" timestamp="2020-09-11T12:45:20.256">
  <mem-info id="3229" free="433625424" total="2785607680" percent="15">
    <mem type="nursery" free="0" total="939524096" percent="0">
      <mem type="allocate" free="0" total="800522240" percent="0" />
      <mem type="survivor" free="0" total="139001856" percent="0" />
    </mem>
    <mem type="tenure" free="433625424" total="1846083584" percent="23">
      <mem type="soa" free="304398672" total="1716856832" percent="17" />
      <mem type="loa" free="129226752" total="129226752" percent="100" />
    </mem>
    <remembered-set count="191912" />
  </mem-info>
</gc-start>
<allocation-stats totalBytes="682952136" >
  <allocated-bytes non-tlh="35186912" tlh="647765224" />
  <largest-consumer threadName="Group1.Backend.CompositeBackend{Tier1}.3" threadId="000000000086A900" bytes="94748416" />
</allocation-stats>
<gc-op id="3230" type="scavenge" timems="112.626" contextid="3227" timestamp="2020-09-11T12:45:20.369">
  <scavenger-info tenureage="3" tenuremask="7ff8" tiltratio="85" />
  <memory-copied type="nursery" objects="4082217" bytes="109416528" bytesdiscarded="251672" />
  <memory-copied type="tenure" objects="1056261" bytes="28430432" bytesdiscarded="89936" />
  <ownableSynchronizers candidates="3928" cleared="3449" />
  <references type="soft" candidates="455" cleared="0" enqueued="0" dynamicThreshold="18" maxThreshold="32" />
  <references type="weak" candidates="128" cleared="128" enqueued="0" />
</gc-op>
<gc-end id="3231" type="scavenge" contextid="3227" durationms="113.584" usertimems="874.814" systemtimems="0.000" timestamp="2020-09-11T12:45:20.370" activeThreads="8">
  <mem-info id="3232" free="1097470240" total="2785607680" percent="39">
    <mem type="nursery" free="692411136" total="939524096" percent="73">
      <mem type="allocate" free="692411136" total="802160640" percent="86" />
      <mem type="survivor" free="0" total="137363456" percent="0" />
    </mem>
    <mem type="tenure" free="405059104" total="1846083584" percent="21" macro-fragmented="0">
      <mem type="soa" free="275832352" total="1716856832" percent="16" />
      <mem type="loa" free="129226752" total="129226752" percent="100" />
    </mem>
    <remembered-set count="31864" />
  </mem-info>
</gc-end>
<cycle-end id="3233" type="scavenge" contextid="3227" timestamp="2020-09-11T12:45:20.371" />
<allocation-satisfied id="3234" threadId="000000000088EE00" bytesRequested="264" />
<af-end id="3235" timestamp="2020-09-11T12:45:20.371" threadId="000000000088F780" success="true" from="nursery"/>
<exclusive-end id="3236" timestamp="2020-09-11T12:45:20.371" durationms="116.249" />

<exclusive-start id="3237" timestamp="2020-09-11T12:45:22.420" intervalms="2165.502">
  <response-info timems="1.528" idlems="1.528" threads="0" lastid="000000000086A900" lastname="Group1.Backend.CompositeBackend{Tier1}.3" />
</exclusive-start>
<af-start id="3238" threadId="000000000086B280" totalBytesRequested="24" timestamp="2020-09-11T12:45:22.421" intervalms="2165.508" type="nursery" />
<cycle-start id="3239" type="scavenge" contextid="0" timestamp="2020-09-11T12:45:22.421" intervalms="2165.504" />
<gc-start id="3240" type="scavenge" contextid="3239" timestamp="2020-09-11T12:45:22.422">
  <mem-info id="3241" free="405059104" total="2785607680" percent="14">
    <mem type="nursery" free="0" total="939524096" percent="0">
      <mem type="allocate" free="0" total="802160640" percent="0" />
      <mem type="survivor" free="0" total="137363456" percent="0" />
    </mem>
    <mem type="tenure" free="405059104" total="1846083584" percent="21">
      <mem type="soa" free="275832352" total="1716856832" percent="16" />
      <mem type="loa" free="129226752" total="129226752" percent="100" />
    </mem>
    <remembered-set count="199177" />
  </mem-info>
</gc-start>
<allocation-stats totalBytes="692056352" >
  <allocated-bytes non-tlh="27449464" tlh="664606888" />
  <largest-consumer threadName="Group1.Backend.CompositeBackend{Tier1}.1" threadId="0000000000789300" bytes="94761928" />
</allocation-stats>
<gc-op id="3242" type="scavenge" timems="132.610" contextid="3239" timestamp="2020-09-11T12:45:22.554">
  <scavenger-info tenureage="3" tenuremask="7ff8" tiltratio="85" />
  <memory-copied type="nursery" objects="4268035" bytes="114047448" bytesdiscarded="118104" />
  <memory-copied type="tenure" objects="1077613" bytes="28968848" bytesdiscarded="82536" />
  <ownableSynchronizers candidates="5257" cleared="4742" />
  <references type="soft" candidates="523" cleared="0" enqueued="0" dynamicThreshold="18" maxThreshold="32" />
  <references type="weak" candidates="93" cleared="93" enqueued="0" />
</gc-op>
<gc-end id="3243" type="scavenge" contextid="3239" durationms="133.926" usertimems="994.195" systemtimems="9.777" timestamp="2020-09-11T12:45:22.555" activeThreads="8">
  <mem-info id="3244" free="1064834456" total="2785607680" percent="38">
    <mem type="nursery" free="688754536" total="939524096" percent="73">
      <mem type="allocate" free="688754536" total="803012608" percent="85" />
      <mem type="survivor" free="0" total="136511488" percent="0" />
    </mem>
    <mem type="tenure" free="376079920" total="1846083584" percent="20" macro-fragmented="0">
      <mem type="soa" free="246853168" total="1716856832" percent="14" />
      <mem type="loa" free="129226752" total="129226752" percent="100" />
    </mem>
    <remembered-set count="33244" />
  </mem-info>
</gc-end>
<cycle-end id="3245" type="scavenge" contextid="3239" timestamp="2020-09-11T12:45:22.557" />
<allocation-satisfied id="3246" threadId="000000000086A900" bytesRequested="24" />
<af-end id="3247" timestamp="2020-09-11T12:45:22.557" threadId="000000000086B280" success="true" from="nursery"/>
<exclusive-end id="3248" timestamp="2020-09-11T12:45:22.557" durationms="137.036" />

<exclusive-start id="3249" timestamp="2020-09-11T12:45:24.440" intervalms="2020.014">
  <response-info timems="0.842" idlems="0.468" threads="1" lastid="000000000086A900" lastname="Group1.Backend.CompositeBackend{Tier1}.3" />
</exclusive-start>
<af-start id="3250" threadId="000000000088F780" totalBytesRequested="32" timestamp="2020-09-11T12:45:24.441" intervalms="2019.909" type="nursery" />
<cycle-start id="3251" type="scavenge" contextid="0" timestamp="2020-09-11T12:45:24.441" intervalms="2019.866" />
<gc-start id="3252" type="scavenge" contextid="3251" timestamp="2020-09-11T12:45:24.442">
  <mem-info id="3253" free="376079920" total="2785607680" percent="13">
    <mem type="nursery" free="0" total="939524096" percent="0">
      <mem type="allocate" free="0" total="803012608" percent="0" />
      <mem type="survivor" free="0" total="136511488" percent="0" />
    </mem>
    <mem type="tenure" free="376079920" total="1846083584" percent="20">
      <mem type="soa" free="246853168" total="1716856832" percent="14" />
      <mem type="loa" free="129226752" total="129226752" percent="100" />
    </mem>
    <remembered-set count="193371" />
  </mem-info>
</gc-start>
<allocation-stats totalBytes="688432040" >
  <allocated-bytes non-tlh="38967744" tlh="649464296" />
  <largest-consumer threadName="Group1.Backend.CompositeBackend{Tier1}.7" threadId="000000000088BD00" bytes="96056216" />
</allocation-stats>
<gc-op id="3254" type="scavenge" timems="119.620" contextid="3251" timestamp="2020-09-11T12:45:24.561">
  <scavenger-info tenureage="3" tenuremask="7ff8" tiltratio="85" />
  <memory-copied type="nursery" objects="4139057" bytes="111031472" bytesdiscarded="144560" />
  <memory-copied type="tenure" objects="1089447" bytes="29288480" bytesdiscarded="82432" />
  <ownableSynchronizers candidates="3822" cleared="3314" />
  <references type="soft" candidates="523" cleared="0" enqueued="0" dynamicThreshold="18" maxThreshold="32" />
  <references type="weak" candidates="113" cleared="113" enqueued="0" />
</gc-op>
<gc-end id="3255" type="scavenge" contextid="3251" durationms="120.600" usertimems="904.676" systemtimems="10.879" timestamp="2020-09-11T12:45:24.562" activeThreads="8">
  <mem-info id="3256" free="1040186024" total="2785607680" percent="37">
    <mem type="nursery" free="693521856" total="939524096" percent="73">
      <mem type="allocate" free="693521856" total="804782080" percent="86" />
      <mem type="survivor" free="0" total="134742016" percent="0" />
    </mem>
    <mem type="tenure" free="346664168" total="1846083584" percent="18" macro-fragmented="0">
      <mem type="soa" free="217437416" total="1716856832" percent="12" />
      <mem type="loa" free="129226752" total="129226752" percent="100" />
    </mem>
    <remembered-set count="32259" />
  </mem-info>
</gc-end>
<cycle-end id="3257" type="scavenge" contextid="3251" timestamp="2020-09-11T12:45:24.564" />
<allocation-satisfied id="3258" threadId="000000000088EE00" bytesRequested="32" />
<af-end id="3259" timestamp="2020-09-11T12:45:24.564" threadId="000000000088F780" success="true" from="nursery"/>
<exclusive-end id="3260" timestamp="2020-09-11T12:45:24.565" durationms="124.100" />

<exclusive-start id="3261" timestamp="2020-09-11T12:45:26.582" intervalms="2142.038">
  <response-info timems="1.143" idlems="1.143" threads="0" lastid="000000000088BD00" lastname="Group1.Backend.CompositeBackend{Tier1}.7" />
</exclusive-start>
<af-start id="3262" threadId="000000000088C680" totalBytesRequested="32" timestamp="2020-09-11T12:45:26.583" intervalms="2141.988" type="nursery" />
<cycle-start id="3263" type="scavenge" contextid="0" timestamp="2020-09-11T12:45:26.583" intervalms="2141.983" />
<gc-start id="3264" type="scavenge" contextid="3263" timestamp="2020-09-11T12:45:26.584">
  <mem-info id="3265" free="346664168" total="2785607680" percent="12">
    <mem type="nursery" free="0" total="939524096" percent="0">
      <mem type="allocate" free="0" total="804782080" percent="0" />
      <mem type="survivor" free="0" total="134742016" percent="0" />
    </mem>
    <mem type="tenure" free="346664168" total="1846083584" percent="18">
      <mem type="soa" free="217437416" total="1716856832" percent="12" />
      <mem type="loa" free="129226752" total="129226752" percent="100" />
    </mem>
    <remembered-set count="196820" />
  </mem-info>
</gc-start>
<allocation-stats totalBytes="693198208" >
  <allocated-bytes non-tlh="30121808" tlh="663076400" />
  <largest-consumer threadName="Group1.Backend.CompositeBackend{Tier1}.4" threadId="000000000086B500" bytes="102803960" />
</allocation-stats>
<gc-op id="3266" type="scavenge" timems="115.055" contextid="3263" timestamp="2020-09-11T12:45:26.699">
  <scavenger-info tenureage="3" tenuremask="7ff8" tiltratio="85" />
  <memory-copied type="nursery" objects="4142186" bytes="111202920" bytesdiscarded="224648" />
  <memory-copied type="tenure" objects="1091610" bytes="29318024" bytesdiscarded="87112" />
  <ownableSynchronizers candidates="4470" cleared="3969" />
  <references type="soft" candidates="470" cleared="0" enqueued="0" dynamicThreshold="18" maxThreshold="32" />
  <references type="weak" candidates="122" cleared="122" enqueued="0" />
</gc-op>
<gc-end id="3267" type="scavenge" contextid="3263" durationms="116.619" usertimems="870.074" systemtimems="3.408" timestamp="2020-09-11T12:45:26.700" activeThreads="8">
  <mem-info id="3268" free="1012544312" total="2785607680" percent="36">
    <mem type="nursery" free="695227600" total="939524096" percent="73">
      <mem type="allocate" free="695227600" total="806748160" percent="86" />
      <mem type="survivor" free="0" total="132775936" percent="0" />
    </mem>
    <mem type="tenure" free="317316712" total="1846083584" percent="17" macro-fragmented="0">
      <mem type="soa" free="188089960" total="1716856832" percent="10" />
      <mem type="loa" free="129226752" total="129226752" percent="100" />
    </mem>
    <remembered-set count="31209" />
  </mem-info>
</gc-end>
<cycle-end id="3269" type="scavenge" contextid="3263" timestamp="2020-09-11T12:45:26.702" />
<allocation-satisfied id="3270" threadId="000000000088BD00" bytesRequested="32" />
<af-end id="3271" timestamp="2020-09-11T12:45:26.702" threadId="000000000088C680" success="true" from="nursery"/>
<exclusive-end id="3272" timestamp="2020-09-11T12:45:26.702" durationms="119.692" />

<exclusive-start id="3273" timestamp="2020-09-11T12:45:28.782" intervalms="2199.615">
  <response-info timems="0.516" idlems="0.516" threads="0" lastid="000000000086A900" lastname="Group1.Backend.CompositeBackend{Tier1}.3" />
</exclusive-start>
<af-start id="3274" threadId="000000000086B280" totalBytesRequested="400" timestamp="2020-09-11T12:45:28.783" intervalms="2199.667" type="nursery" />
<cycle-start id="3275" type="scavenge" contextid="0" timestamp="2020-09-11T12:45:28.783" intervalms="2199.664" />
<gc-start id="3276" type="scavenge" contextid="3275" timestamp="2020-09-11T12:45:28.783">
  <mem-info id="3277" free="317316712" total="2785607680" percent="11">
    <mem type="nursery" free="0" total="939524096" percent="0">
      <mem type="allocate" free="0" total="806748160" percent="0" />
      <mem type="survivor" free="0" total="132775936" percent="0" />
    </mem>
    <mem type="tenure" free="317316712" total="1846083584" percent="17">
      <mem type="soa" free="188089960" total="1716856832" percent="10" />
      <mem type="loa" free="129226752" total="129226752" percent="100" />
    </mem>
    <remembered-set count="194760" />
  </mem-info>
</gc-start>
<allocation-stats totalBytes="694913528" >
  <allocated-bytes non-tlh="32977384" tlh="661936144" />
  <largest-consumer threadName="Group1.Backend.CompositeBackend{Tier1}.8" threadId="00000000008D4B00" bytes="94299832" />
</allocation-stats>
<gc-op id="3278" type="scavenge" timems="89.848" contextid="3275" timestamp="2020-09-11T12:45:28.873">
  <scavenger-info tenureage="3" tenuremask="7ff8" tiltratio="85" />
  <memory-copied type="nursery" objects="4076781" bytes="109342416" bytesdiscarded="166240" />
  <memory-copied type="tenure" objects="1145415" bytes="30914880" bytesdiscarded="103632" />
  <ownableSynchronizers candidates="4274" cleared="3780" />
  <references type="soft" candidates="393" cleared="0" enqueued="0" dynamicThreshold="18" maxThreshold="32" />
  <references type="weak" candidates="122" cleared="122" enqueued="0" />
</gc-op>
<gc-end id="3279" type="scavenge" contextid="3275" durationms="91.080" usertimems="701.562" systemtimems="0.000" timestamp="2020-09-11T12:45:28.874" activeThreads="8">
  <mem-info id="3280" free="985031680" total="2785607680" percent="35">
    <mem type="nursery" free="698794232" total="939524096" percent="74">
      <mem type="allocate" free="698794232" total="808386560" percent="86" />
      <mem type="survivor" free="0" total="131137536" percent="0" />
    </mem>
    <mem type="tenure" free="286237448" total="1846083584" percent="15" macro-fragmented="0">
      <mem type="soa" free="157010696" total="1716856832" percent="9" />
      <mem type="loa" free="129226752" total="129226752" percent="100" />
    </mem>
    <remembered-set count="29667" />
  </mem-info>
</gc-end>
<cycle-end id="3281" type="scavenge" contextid="3275" timestamp="2020-09-11T12:45:28.876" />
<allocation-satisfied id="3282" threadId="000000000086A900" bytesRequested="400" />
<af-end id="3283" timestamp="2020-09-11T12:45:28.876" threadId="000000000086B280" success="true" from="nursery"/>
<exclusive-end id="3284" timestamp="2020-09-11T12:45:28.876" durationms="94.169" />

<exclusive-start id="3285" timestamp="2020-09-11T12:45:30.823" intervalms="2040.816">
  <response-info timems="0.666" idlems="0.666" threads="0" lastid="000000000088EE00" lastname="Group1.Backend.CompositeBackend{Tier1}.5" />
</exclusive-start>
<af-start id="3286" threadId="000000000088F780" totalBytesRequested="208" timestamp="2020-09-11T12:45:30.824" intervalms="2040.954" type="nursery" />
<cycle-start id="3287" type="scavenge" contextid="0" timestamp="2020-09-11T12:45:30.824" intervalms="2040.981" />
<gc-start id="3288" type="scavenge" contextid="3287" timestamp="2020-09-11T12:45:30.824">
  <mem-info id="3289" free="286237448" total="2785607680" percent="10">
    <mem type="nursery" free="0" total="939524096" percent="0">
      <mem type="allocate" free="0" total="808386560" percent="0" />
      <mem type="survivor" free="0" total="131137536" percent="0" />
    </mem>
    <mem type="tenure" free="286237448" total="1846083584" percent="15">
      <mem type="soa" free="157010696" total="1716856832" percent="9" />
      <mem type="loa" free="129226752" total="129226752" percent="100" />
    </mem>
    <remembered-set count="193419" />
  </mem-info>
</gc-start>
<allocation-stats totalBytes="698473416" >
  <allocated-bytes non-tlh="34504360" tlh="663969056" />
  <largest-consumer threadName="Group1.Backend.CompositeBackend{Tier1}.5" threadId="000000000088EE00" bytes="106627128" />
</allocation-stats>
<gc-op id="3290" type="scavenge" timems="101.524" contextid="3287" timestamp="2020-09-11T12:45:30.926">
  <scavenger-info tenureage="3" tenuremask="7ff8" tiltratio="86" />
  <memory-copied type="nursery" objects="4320962" bytes="115140584" bytesdiscarded="491400" />
  <memory-copied type="tenure" objects="1045835" bytes="28111344" bytesdiscarded="108024" />
  <ownableSynchronizers candidates="4250" cleared="3824" />
  <references type="soft" candidates="375" cleared="0" enqueued="0" dynamicThreshold="18" maxThreshold="32" />
  <references type="weak" candidates="127" cleared="127" enqueued="0" />
</gc-op>
<gc-end id="3291" type="scavenge" contextid="3287" durationms="103.614" usertimems="801.582" systemtimems="0.000" timestamp="2020-09-11T12:45:30.928" activeThreads="8">
  <mem-info id="3292" free="947276864" total="2785607680" percent="34">
    <mem type="nursery" free="689194568" total="939524096" percent="73">
      <mem type="allocate" free="689194568" total="804913152" percent="85" />
      <mem type="survivor" free="0" total="134610944" percent="0" />
    </mem>
    <mem type="tenure" free="258082296" total="1846083584" percent="13" macro-fragmented="0">
      <mem type="soa" free="128855544" total="1716856832" percent="7" />
      <mem type="loa" free="129226752" total="129226752" percent="100" />
    </mem>
    <remembered-set count="29647" />
  </mem-info>
</gc-end>
<cycle-end id="3293" type="scavenge" contextid="3287" timestamp="2020-09-11T12:45:30.930" />
<allocation-satisfied id="3294" threadId="000000000088EE00" bytesRequested="208" />
<af-end id="3295" timestamp="2020-09-11T12:45:30.930" threadId="000000000088F780" success="true" from="nursery"/>
<exclusive-end id="3296" timestamp="2020-09-11T12:45:30.930" durationms="107.313" />

<exclusive-start id="3297" timestamp="2020-09-11T12:45:32.955" intervalms="2131.649">
  <response-info timems="2.854" idlems="2.854" threads="0" lastid="000000000088BD00" lastname="Group1.Backend.CompositeBackend{Tier1}.7" />
</exclusive-start>
<af-start id="3298" threadId="000000000088C680" totalBytesRequested="16" timestamp="2020-09-11T12:45:32.955" intervalms="2131.704" type="nursery" />
<cycle-start id="3299" type="scavenge" contextid="0" timestamp="2020-09-11T12:45:32.956" intervalms="2131.741" />
<gc-start id="3300" type="scavenge" contextid="3299" timestamp="2020-09-11T12:45:32.956">
  <mem-info id="3301" free="258082296" total="2785607680" percent="9">
    <mem type="nursery" free="0" total="939524096" percent="0">
      <mem type="allocate" free="0" total="804913152" percent="0" />
      <mem type="survivor" free="0" total="134610944" percent="0" />
    </mem>
    <mem type="tenure" free="258082296" total="1846083584" percent="13">
      <mem type="soa" free="128855544" total="1716856832" percent="7" />
      <mem type="loa" free="129226752" total="129226752" percent="100" />
    </mem>
    <remembered-set count="194954" />
  </mem-info>
</gc-start>
<allocation-stats totalBytes="688865016" >
  <allocated-bytes non-tlh="31299176" tlh="657565840" />
  <largest-consumer threadName="Group1.Backend.CompositeBackend{Tier1}.2" threadId="0000000000785700" bytes="98935136" />
</allocation-stats>
<gc-op id="3302" type="scavenge" timems="115.096" contextid="3299" timestamp="2020-09-11T12:45:33.071">
  <scavenger-info tenureage="3" tenuremask="7ff8" tiltratio="85" />
  <memory-copied type="nursery" objects="4338471" bytes="115349848" bytesdiscarded="260808" />
  <memory-copied type="tenure" objects="1096740" bytes="29491008" bytesdiscarded="92704" />
  <ownableSynchronizers candidates="3990" cleared="3587" />
  <references type="soft" candidates="378" cleared="0" enqueued="0" dynamicThreshold="18" maxThreshold="32" />
  <references type="weak" candidates="118" cleared="118" enqueued="0" />
</gc-op>
<gc-end id="3303" type="scavenge" contextid="3299" durationms="116.362" usertimems="885.888" systemtimems="0.928" timestamp="2020-09-11T12:45:33.072" activeThreads="8">
  <mem-info id="3304" free="921789352" total="2785607680" percent="33">
    <mem type="nursery" free="693343472" total="939524096" percent="73">
      <mem type="allocate" free="693343472" total="809041920" percent="85" />
      <mem type="survivor" free="0" total="130482176" percent="0" />
    </mem>
    <mem type="tenure" free="228445880" total="1846083584" percent="12" macro-fragmented="0">
      <mem type="soa" free="99219128" total="1716856832" percent="5" />
      <mem type="loa" free="129226752" total="129226752" percent="100" />
    </mem>
    <remembered-set count="31384" />
  </mem-info>
</gc-end>
<cycle-end id="3305" type="scavenge" contextid="3299" timestamp="2020-09-11T12:45:33.074" />
<allocation-satisfied id="3306" threadId="000000000088BD00" bytesRequested="16" />
<af-end id="3307" timestamp="2020-09-11T12:45:33.074" threadId="000000000088C680" success="true" from="nursery"/>
<exclusive-end id="3308" timestamp="2020-09-11T12:45:33.074" durationms="119.174" />

<exclusive-start id="3309" timestamp="2020-09-11T12:45:35.111" intervalms="2156.111">
  <response-info timems="2.113" idlems="2.105" threads="1" lastid="000000000089DB00" lastname="Group1.Backend.CompositeBackend{Tier1}.6" />
</exclusive-start>
<af-start id="3310" threadId="0000000000786080" totalBytesRequested="16" timestamp="2020-09-11T12:45:35.111" intervalms="2156.063" type="nursery" />
<cycle-start id="3311" type="scavenge" contextid="0" timestamp="2020-09-11T12:45:35.112" intervalms="2156.026" />
<gc-start id="3312" type="scavenge" contextid="3311" timestamp="2020-09-11T12:45:35.112">
  <mem-info id="3313" free="228445880" total="2785607680" percent="8">
    <mem type="nursery" free="0" total="939524096" percent="0">
      <mem type="allocate" free="0" total="809041920" percent="0" />
      <mem type="survivor" free="0" total="130482176" percent="0" />
    </mem>
    <mem type="tenure" free="228445880" total="1846083584" percent="12">
      <mem type="soa" free="99219128" total="1716856832" percent="5" />
      <mem type="loa" free="129226752" total="129226752" percent="100" />
    </mem>
    <remembered-set count="197288" />
  </mem-info>
</gc-start>
<allocation-stats totalBytes="693011808" >
  <allocated-bytes non-tlh="31237040" tlh="661774768" />
  <largest-consumer threadName="Group1.Backend.CompositeBackend{Tier1}.1" threadId="0000000000789300" bytes="89127568" />
</allocation-stats>
<gc-op id="3314" type="scavenge" timems="108.913" contextid="3311" timestamp="2020-09-11T12:45:35.221">
  <scavenger-info tenureage="3" tenuremask="7ff8" tiltratio="86" />
  <memory-copied type="nursery" objects="4320839" bytes="115447568" bytesdiscarded="139192" />
  <memory-copied type="tenure" objects="1093210" bytes="29391784" bytesdiscarded="96296" />
  <ownableSynchronizers candidates="3838" cleared="3437" />
  <references type="soft" candidates="354" cleared="0" enqueued="0" dynamicThreshold="18" maxThreshold="32" />
  <references type="weak" candidates="123" cleared="122" enqueued="0" />
</gc-op>
<gc-end id="3315" type="scavenge" contextid="3311" durationms="110.242" usertimems="816.116" systemtimems="7.832" timestamp="2020-09-11T12:45:35.222" activeThreads="8">
  <mem-info id="3316" free="893207616" total="2785607680" percent="32">
    <mem type="nursery" free="694226160" total="939524096" percent="73">
      <mem type="allocate" free="694226160" total="809893888" percent="85" />
      <mem type="survivor" free="0" total="129630208" percent="0" />
    </mem>
    <mem type="tenure" free="198981456" total="1846083584" percent="10" macro-fragmented="0">
      <mem type="soa" free="69754704" total="1716856832" percent="4" />
      <mem type="loa" free="129226752" total="129226752" percent="100" />
    </mem>
    <remembered-set count="33424" />
  </mem-info>
</gc-end>
<cycle-end id="3317" type="scavenge" contextid="3311" timestamp="2020-09-11T12:45:35.225" />
<allocation-satisfied id="3318" threadId="0000000000785700" bytesRequested="16" />
<af-end id="3319" timestamp="2020-09-11T12:45:35.225" threadId="0000000000786080" success="true" from="nursery"/>
<exclusive-end id="3320" timestamp="2020-09-11T12:45:35.225" durationms="114.305" />

<exclusive-start id="3321" timestamp="2020-09-11T12:45:37.214" intervalms="2103.221">
  <response-info timems="0.980" idlems="0.593" threads="1" lastid="000000000086A900" lastname="Group1.Backend.CompositeBackend{Tier1}.3" />
</exclusive-start>
<af-start id="3322" threadId="0000000000A86680" totalBytesRequested="24" timestamp="2020-09-11T12:45:37.215" intervalms="2103.145" type="nursery" />
<cycle-start id="3323" type="scavenge" contextid="0" timestamp="2020-09-11T12:45:37.215" intervalms="2103.133" />
<gc-start id="3324" type="scavenge" contextid="3323" timestamp="2020-09-11T12:45:37.215">
  <mem-info id="3325" free="198981456" total="2785607680" percent="7">
    <mem type="nursery" free="0" total="939524096" percent="0">
      <mem type="allocate" free="0" total="809893888" percent="0" />
      <mem type="survivor" free="0" total="129630208" percent="0" />
    </mem>
    <mem type="tenure" free="198981456" total="1846083584" percent="10">
      <mem type="soa" free="69754704" total="1716856832" percent="4" />
      <mem type="loa" free="129226752" total="129226752" percent="100" />
    </mem>
    <remembered-set count="198040" />
  </mem-info>
</gc-start>
<allocation-stats totalBytes="693890264" >
  <allocated-bytes non-tlh="28788208" tlh="665102056" />
  <largest-consumer threadName="Group1.Backend.CompositeBackend{Tier1}.3" threadId="000000000086A900" bytes="86400464" />
</allocation-stats>
<gc-op id="3326" type="scavenge" timems="150.714" contextid="3323" timestamp="2020-09-11T12:45:37.366">
  <scavenger-info tenureage="3" tenuremask="7ff8" tiltratio="86" />
  <memory-copied type="nursery" objects="4807327" bytes="126220184" bytesdiscarded="195272" />
  <memory-copied type="tenure" objects="1110672" bytes="29855592" bytesdiscarded="119600" />
  <ownableSynchronizers candidates="5000" cleared="4585" />
  <references type="soft" candidates="375" cleared="0" enqueued="0" dynamicThreshold="18" maxThreshold="32" />
  <references type="weak" candidates="113" cleared="113" enqueued="0" />
</gc-op>
<gc-end id="3327" type="scavenge" contextid="3323" durationms="152.253" usertimems="1077.147" systemtimems="0.000" timestamp="2020-09-11T12:45:37.367" activeThreads="8">
  <mem-info id="3328" free="833302240" total="2785607680" percent="29">
    <mem type="nursery" free="664323936" total="939524096" percent="70">
      <mem type="allocate" free="664323936" total="790822912" percent="84" />
      <mem type="survivor" free="0" total="148701184" percent="0" />
    </mem>
    <mem type="tenure" free="168978304" total="1846083584" percent="9" macro-fragmented="0">
      <mem type="soa" free="39751552" total="1716856832" percent="2" />
      <mem type="loa" free="129226752" total="129226752" percent="100" />
    </mem>
    <remembered-set count="33827" />
  </mem-info>
</gc-end>
<cycle-end id="3329" type="scavenge" contextid="3323" timestamp="2020-09-11T12:45:37.369" />
<allocation-satisfied id="3330" threadId="0000000000A85D00" bytesRequested="24" />
<af-end id="3331" timestamp="2020-09-11T12:45:37.369" threadId="0000000000A86680" success="true" from="nursery"/>
<exclusive-end id="3332" timestamp="2020-09-11T12:45:37.369" durationms="155.064" />

<exclusive-start id="3333" timestamp="2020-09-11T12:45:39.231" intervalms="2016.909">
  <response-info timems="5.421" idlems="5.421" threads="0" lastid="0000000000789300" lastname="Group1.Backend.CompositeBackend{Tier1}.1" />
</exclusive-start>
<af-start id="3334" threadId="0000000000789C80" totalBytesRequested="10008" timestamp="2020-09-11T12:45:39.232" intervalms="2016.942" type="nursery" />
<cycle-start id="3335" type="scavenge" contextid="0" timestamp="2020-09-11T12:45:39.232" intervalms="2016.982" />
<gc-start id="3336" type="scavenge" contextid="3335" timestamp="2020-09-11T12:45:39.232">
  <mem-info id="3337" free="168978304" total="2785607680" percent="6">
    <mem type="nursery" free="0" total="939524096" percent="0">
      <mem type="allocate" free="0" total="790822912" percent="0" />
      <mem type="survivor" free="0" total="148701184" percent="0" />
    </mem>
    <mem type="tenure" free="168978304" total="1846083584" percent="9">
      <mem type="soa" free="39751552" total="1716856832" percent="2" />
      <mem type="loa" free="129226752" total="129226752" percent="100" />
    </mem>
    <remembered-set count="192313" />
  </mem-info>
</gc-start>
<allocation-stats totalBytes="664000608" >
  <allocated-bytes non-tlh="32745992" tlh="631254616" />
  <largest-consumer threadName="Group1.Backend.CompositeBackend{Tier1}.4" threadId="000000000086B500" bytes="99659000" />
</allocation-stats>
<gc-op id="3338" type="scavenge" timems="132.545" contextid="3335" timestamp="2020-09-11T12:45:39.365">
  <scavenger-info tenureage="3" tenuremask="7ff8" tiltratio="84" />
  <memory-copied type="nursery" objects="4217913" bytes="112666480" bytesdiscarded="143856" />
  <memory-copied type="tenure" objects="1121881" bytes="30140208" bytesdiscarded="74240" />
  <ownableSynchronizers candidates="3621" cleared="3231" />
  <references type="soft" candidates="356" cleared="0" enqueued="0" dynamicThreshold="18" maxThreshold="32" />
  <references type="weak" candidates="129" cleared="126" enqueued="0" />
</gc-op>
<gc-end id="3339" type="scavenge" contextid="3335" durationms="133.689" usertimems="986.052" systemtimems="28.769" timestamp="2020-09-11T12:45:39.366" activeThreads="8">
  <mem-info id="3340" free="817844528" total="2785607680" percent="29">
    <mem type="nursery" free="679376368" total="939524096" percent="72">
      <mem type="allocate" free="679376368" total="792264704" percent="85" />
      <mem type="survivor" free="0" total="147259392" percent="0" />
    </mem>
    <mem type="tenure" free="138468160" total="1846083584" percent="7" macro-fragmented="0">
      <mem type="soa" free="9241408" total="1716856832" percent="0" />
      <mem type="loa" free="129226752" total="129226752" percent="100" />
    </mem>
    <remembered-set count="31008" />
  </mem-info>
</gc-end>
<cycle-end id="3341" type="scavenge" contextid="3335" timestamp="2020-09-11T12:45:39.367" />
<allocation-satisfied id="3342" threadId="0000000000789300" bytesRequested="10008" />
<af-end id="3343" timestamp="2020-09-11T12:45:39.368" threadId="0000000000789C80" success="true" from="nursery"/>
<exclusive-end id="3344" timestamp="2020-09-11T12:45:39.368" durationms="136.795" />

<exclusive-start id="3345" timestamp="2020-09-11T12:45:41.219" intervalms="1988.557">
  <response-info timems="1.210" idlems="1.016" threads="1" lastid="00000000008D4B00" lastname="Group1.Backend.CompositeBackend{Tier1}.8" />
</exclusive-start>
<af-start id="3346" threadId="000000000088C680" totalBytesRequested="16" timestamp="2020-09-11T12:45:41.220" intervalms="1988.520" type="nursery" />
<percolate-collect id="3347" from="nursery" to="global" reason="prevent tenure expand" timestamp="2020-09-11T12:45:41.220"/>
<cycle-start id="3348" type="global" contextid="0" timestamp="2020-09-11T12:45:41.221" intervalms="66005.773" />
<gc-start id="3349" type="global" contextid="3348" timestamp="2020-09-11T12:45:41.221">
  <mem-info id="3350" free="138468160" total="2785607680" percent="4">
    <mem type="nursery" free="0" total="939524096" percent="0">
      <mem type="allocate" free="0" total="792264704" percent="0" />
      <mem type="survivor" free="0" total="147259392" percent="0" />
    </mem>
    <mem type="tenure" free="138468160" total="1846083584" percent="7">
      <mem type="soa" free="9241408" total="1716856832" percent="0" />
      <mem type="loa" free="129226752" total="129226752" percent="100" />
    </mem>
    <remembered-set count="191124" />
  </mem-info>
</gc-start>
<allocation-stats totalBytes="679067272" >
  <allocated-bytes non-tlh="35186360" tlh="643880912" />
  <largest-consumer threadName="Group1.Backend.CompositeBackend{Tier1}.6" threadId="000000000089DB00" bytes="119929472" />
</allocation-stats>
<gc-op id="3351" type="mark" timems="686.004" contextid="3348" timestamp="2020-09-11T12:45:41.907">
  <trace-info objectcount="30777086" scancount="29797763" scanbytes="814444460" />
  <finalization candidates="149" enqueued="0" />
  <ownableSynchronizers candidates="585372" cleared="3947" />
  <references type="soft" candidates="702701" cleared="0" enqueued="0" dynamicThreshold="18" maxThreshold="32" />
  <references type="weak" candidates="4389" cleared="107" enqueued="0" />
  <references type="phantom" candidates="107" cleared="0" enqueued="0" />
  <stringconstants candidates="10917" cleared="1"  />
</gc-op>
<gc-op id="3352" type="sweep" timems="20.190" contextid="3348" timestamp="2020-09-11T12:45:41.927" />
<gc-end id="3353" type="global" contextid="3348" durationms="708.054" usertimems="5024.405" systemtimems="31.900" timestamp="2020-09-11T12:45:41.929" activeThreads="8">
  <mem-info id="3354" free="1646650904" total="2785607680" percent="59">
    <mem type="nursery" free="593734312" total="939524096" percent="63">
      <mem type="allocate" free="593734312" total="792264704" percent="74" />
      <mem type="survivor" free="0" total="147259392" percent="0" />
    </mem>
    <mem type="tenure" free="1052916592" total="1846083584" percent="57" micro-fragmented="48820780" macro-fragmented="0">
      <mem type="soa" free="923689840" total="1716856832" percent="53" />
      <mem type="loa" free="129226752" total="129226752" percent="100" />
    </mem>
    <remembered-set count="185379" />
  </mem-info>
</gc-end>
<cycle-end id="3355" type="global" contextid="3348" timestamp="2020-09-11T12:45:41.931" />
<allocation-satisfied id="3356" threadId="000000000088BD00" bytesRequested="16" />
<af-end id="3357" timestamp="2020-09-11T12:45:41.931" threadId="000000000088C680" success="true" from="nursery"/>
<exclusive-end id="3358" timestamp="2020-09-11T12:45:41.932" durationms="712.469" />

<exclusive-start id="3359" timestamp="2020-09-11T12:45:43.043" intervalms="1823.749">
  <response-info timems="5.212" idlems="5.212" threads="0" lastid="000000000088BD00" lastname="Group1.Backend.CompositeBackend{Tier1}.7" />
</exclusive-start>
<af-start id="3360" threadId="000000000088C680" totalBytesRequested="266800" timestamp="2020-09-11T12:45:43.044" intervalms="1823.754" type="nursery" />
<cycle-start id="3361" type="scavenge" contextid="0" timestamp="2020-09-11T12:45:43.044" intervalms="3812.222" />
<gc-start id="3362" type="scavenge" contextid="3361" timestamp="2020-09-11T12:45:43.044">
  <mem-info id="3363" free="1074139032" total="2785607680" percent="38">
    <mem type="nursery" free="21222488" total="939524096" percent="2">
      <mem type="allocate" free="21222488" total="792264704" percent="2" />
      <mem type="survivor" free="0" total="147259392" percent="0" />
    </mem>
    <mem type="tenure" free="1052916544" total="1846083584" percent="57">
      <mem type="soa" free="923689792" total="1716856832" percent="53" />
      <mem type="loa" free="129226752" total="129226752" percent="100" />
    </mem>
    <remembered-set count="239376" />
  </mem-info>
</gc-start>
<allocation-stats totalBytes="570434336" >
  <allocated-bytes non-tlh="30568384" tlh="539865952" />
  <largest-consumer threadName="Group1.Backend.CompositeBackend{Tier1}.6" threadId="000000000089DB00" bytes="106351424" />
</allocation-stats>
<gc-op id="3364" type="scavenge" timems="137.465" contextid="3361" timestamp="2020-09-11T12:45:43.182">
  <scavenger-info tenureage="3" tenuremask="7ff8" tiltratio="84" />
  <memory-copied type="nursery" objects="5160084" bytes="137645104" bytesdiscarded="229840" />
  <memory-copied type="tenure" objects="1034684" bytes="27787648" bytesdiscarded="59816" />
  <ownableSynchronizers candidates="1166029" cleared="1165550" />
  <references type="soft" candidates="468" cleared="0" enqueued="0" dynamicThreshold="18" maxThreshold="32" />
  <references type="weak" candidates="98" cleared="98" enqueued="0" />
</gc-op>
<gc-end id="3365" type="scavenge" contextid="3361" durationms="138.782" usertimems="1072.150" systemtimems="0.000" timestamp="2020-09-11T12:45:43.183" activeThreads="8">
  <mem-info id="3366" free="1651188712" total="2785607680" percent="59">
    <mem type="nursery" free="626320584" total="939524096" percent="66">
      <mem type="allocate" free="626320584" total="764346368" percent="81" />
      <mem type="survivor" free="0" total="175177728" percent="0" />
    </mem>
    <mem type="tenure" free="1024868128" total="1846083584" percent="55" macro-fragmented="0">
      <mem type="soa" free="895641376" total="1716856832" percent="52" />
      <mem type="loa" free="129226752" total="129226752" percent="100" />
    </mem>
    <remembered-set count="35551" />
  </mem-info>
</gc-end>
<cycle-end id="3367" type="scavenge" contextid="3361" timestamp="2020-09-11T12:45:43.184" />
<allocation-satisfied id="3368" threadId="000000000088BD00" bytesRequested="266800" />
<af-end id="3369" timestamp="2020-09-11T12:45:43.184" threadId="000000000088C680" success="true" from="nursery"/>
<exclusive-end id="3370" timestamp="2020-09-11T12:45:43.184" durationms="141.245" />

<exclusive-start id="3371" timestamp="2020-09-11T12:45:44.901" intervalms="1857.891">
  <response-info timems="0.444" idlems="0.444" threads="0" lastid="000000000086A900" lastname="Group1.Backend.CompositeBackend{Tier1}.3" />
</exclusive-start>
<af-start id="3372" threadId="000000000086B280" totalBytesRequested="664" timestamp="2020-09-11T12:45:44.902" intervalms="1857.924" type="nursery" />
<cycle-start id="3373" type="scavenge" contextid="0" timestamp="2020-09-11T12:45:44.902" intervalms="1857.948" />
<gc-start id="3374" type="scavenge" contextid="3373" timestamp="2020-09-11T12:45:44.902">
  <mem-info id="3375" free="1024868128" total="2785607680" percent="36">
    <mem type="nursery" free="0" total="939524096" percent="0">
      <mem type="allocate" free="0" total="764346368" percent="0" />
      <mem type="survivor" free="0" total="175177728" percent="0" />
    </mem>
    <mem type="tenure" free="1024868128" total="1846083584" percent="55">
      <mem type="soa" free="895641376" total="1716856832" percent="52" />
      <mem type="loa" free="129226752" total="129226752" percent="100" />
    </mem>
    <remembered-set count="191824" />
  </mem-info>
</gc-start>
<allocation-stats totalBytes="626008088" >
  <allocated-bytes non-tlh="28522976" tlh="597485112" />
  <largest-consumer threadName="Group1.Backend.CompositeBackend{Tier1}.4" threadId="000000000086B500" bytes="123838376" />
</allocation-stats>
<gc-op id="3376" type="scavenge" timems="95.722" contextid="3373" timestamp="2020-09-11T12:45:44.998">
  <scavenger-info tenureage="3" tenuremask="7ff8" tiltratio="81" />
  <memory-copied type="nursery" objects="4807145" bytes="129113032" bytesdiscarded="165648" />
  <memory-copied type="tenure" objects="1036419" bytes="27875344" bytesdiscarded="65840" />
  <ownableSynchronizers candidates="4145" cleared="3645" />
  <references type="soft" candidates="455" cleared="0" enqueued="0" dynamicThreshold="18" maxThreshold="32" />
  <references type="weak" candidates="133" cleared="133" enqueued="0" />
</gc-op>
<gc-end id="3377" type="scavenge" contextid="3373" durationms="96.769" usertimems="741.838" systemtimems="0.000" timestamp="2020-09-11T12:45:44.999" activeThreads="8">
  <mem-info id="3378" free="1636164640" total="2785607680" percent="58">
    <mem type="nursery" free="639181824" total="939524096" percent="68">
      <mem type="allocate" free="639181824" total="768540672" percent="83" />
      <mem type="survivor" free="0" total="170983424" percent="0" />
    </mem>
    <mem type="tenure" free="996982816" total="1846083584" percent="54" macro-fragmented="0">
      <mem type="soa" free="867756064" total="1716856832" percent="50" />
      <mem type="loa" free="129226752" total="129226752" percent="100" />
    </mem>
    <remembered-set count="35361" />
  </mem-info>
</gc-end>
<cycle-end id="3379" type="scavenge" contextid="3373" timestamp="2020-09-11T12:45:45.000" />
<allocation-satisfied id="3380" threadId="000000000086A900" bytesRequested="664" />
<af-end id="3381" timestamp="2020-09-11T12:45:45.000" threadId="000000000086B280" success="true" from="nursery"/>
<exclusive-end id="3382" timestamp="2020-09-11T12:45:45.000" durationms="99.143" />

<exclusive-start id="3383" timestamp="2020-09-11T12:45:46.860" intervalms="1958.703">
  <response-info timems="0.452" idlems="0.452" threads="0" lastid="000000000086A900" lastname="Group1.Backend.CompositeBackend{Tier1}.3" />
</exclusive-start>
<af-start id="3384" threadId="000000000086B280" totalBytesRequested="48" timestamp="2020-09-11T12:45:46.860" intervalms="1958.559" type="nursery" />
<cycle-start id="3385" type="scavenge" contextid="0" timestamp="2020-09-11T12:45:46.860" intervalms="1958.554" />
<gc-start id="3386" type="scavenge" contextid="3385" timestamp="2020-09-11T12:45:46.861">
  <mem-info id="3387" free="996982816" total="2785607680" percent="35">
    <mem type="nursery" free="0" total="939524096" percent="0">
      <mem type="allocate" free="0" total="768540672" percent="0" />
      <mem type="survivor" free="0" total="170983424" percent="0" />
    </mem>
    <mem type="tenure" free="996982816" total="1846083584" percent="54">
      <mem type="soa" free="867756064" total="1716856832" percent="50" />
      <mem type="loa" free="129226752" total="129226752" percent="100" />
    </mem>
    <remembered-set count="192933" />
  </mem-info>
</gc-start>
<allocation-stats totalBytes="638874848" >
  <allocated-bytes non-tlh="31279952" tlh="607594896" />
  <largest-consumer threadName="Group1.Backend.CompositeBackend{Tier1}.4" threadId="000000000086B500" bytes="96400176" />
</allocation-stats>
<gc-op id="3388" type="scavenge" timems="95.864" contextid="3385" timestamp="2020-09-11T12:45:46.957">
  <scavenger-info tenureage="3" tenuremask="7ff8" tiltratio="81" />
  <memory-copied type="nursery" objects="4766409" bytes="127964160" bytesdiscarded="159208" />
  <memory-copied type="tenure" objects="983212" bytes="26452048" bytesdiscarded="56760" />
  <ownableSynchronizers candidates="2932" cleared="2493" />
  <references type="soft" candidates="467" cleared="0" enqueued="0" dynamicThreshold="18" maxThreshold="32" />
  <references type="weak" candidates="128" cleared="127" enqueued="0" />
</gc-op>
<gc-end id="3389" type="scavenge" contextid="3385" durationms="97.102" usertimems="753.312" systemtimems="0.000" timestamp="2020-09-11T12:45:46.958" activeThreads="8">
  <mem-info id="3390" free="1615818608" total="2785607680" percent="58">
    <mem type="nursery" free="645580544" total="939524096" percent="68">
      <mem type="allocate" free="645580544" total="773783552" percent="83" />
      <mem type="survivor" free="0" total="165740544" percent="0" />
    </mem>
    <mem type="tenure" free="970238064" total="1846083584" percent="52" macro-fragmented="0">
      <mem type="soa" free="841011312" total="1716856832" percent="48" />
      <mem type="loa" free="129226752" total="129226752" percent="100" />
    </mem>
    <remembered-set count="37255" />
  </mem-info>
</gc-end>
<cycle-end id="3391" type="scavenge" contextid="3385" timestamp="2020-09-11T12:45:46.959" />
<allocation-satisfied id="3392" threadId="000000000086A900" bytesRequested="48" />
<af-end id="3393" timestamp="2020-09-11T12:45:46.959" threadId="000000000086B280" success="true" from="nursery"/>
<exclusive-end id="3394" timestamp="2020-09-11T12:45:46.959" durationms="99.498" />

<exclusive-start id="3395" timestamp="2020-09-11T12:45:48.821" intervalms="1961.466">
  <response-info timems="0.472" idlems="0.205" threads="2" lastid="00000000008D4B00" lastname="Group1.Backend.CompositeBackend{Tier1}.8" />
</exclusive-start>
<af-start id="3396" threadId="0000000000789C80" totalBytesRequested="32" timestamp="2020-09-11T12:45:48.822" intervalms="1961.558" type="nursery" />
<cycle-start id="3397" type="scavenge" contextid="0" timestamp="2020-09-11T12:45:48.822" intervalms="1961.553" />
<gc-start id="3398" type="scavenge" contextid="3397" timestamp="2020-09-11T12:45:48.822">
  <mem-info id="3399" free="970238064" total="2785607680" percent="34">
    <mem type="nursery" free="0" total="939524096" percent="0">
      <mem type="allocate" free="0" total="773783552" percent="0" />
      <mem type="survivor" free="0" total="165740544" percent="0" />
    </mem>
    <mem type="tenure" free="970238064" total="1846083584" percent="52">
      <mem type="soa" free="841011312" total="1716856832" percent="48" />
      <mem type="loa" free="129226752" total="129226752" percent="100" />
    </mem>
    <remembered-set count="195556" />
  </mem-info>
</gc-start>
<allocation-stats totalBytes="645267904" >
  <allocated-bytes non-tlh="31361448" tlh="613906456" />
  <largest-consumer threadName="Group1.Backend.CompositeBackend{Tier1}.4" threadId="000000000086B500" bytes="95448008" />
</allocation-stats>
<gc-op id="3400" type="scavenge" timems="110.732" contextid="3397" timestamp="2020-09-11T12:45:48.933">
  <scavenger-info tenureage="3" tenuremask="7ff8" tiltratio="82" />
  <memory-copied type="nursery" objects="3829186" bytes="102733448" bytesdiscarded="203632" />
  <memory-copied type="tenure" objects="1922024" bytes="51689880" bytesdiscarded="58408" />
  <ownableSynchronizers candidates="4040" cleared="3575" />
  <references type="soft" candidates="360" cleared="0" enqueued="0" dynamicThreshold="18" maxThreshold="32" />
  <references type="weak" candidates="109" cleared="108" enqueued="0" />
</gc-op>
<gc-end id="3401" type="scavenge" contextid="3397" durationms="112.008" usertimems="846.273" systemtimems="0.000" timestamp="2020-09-11T12:45:48.934" activeThreads="8">
  <mem-info id="3402" free="1593914776" total="2785607680" percent="57">
    <mem type="nursery" free="675289088" total="939524096" percent="71">
      <mem type="allocate" free="675289088" total="778305536" percent="86" />
      <mem type="survivor" free="0" total="161218560" percent="0" />
    </mem>
    <mem type="tenure" free="918625688" total="1846083584" percent="49" macro-fragmented="0">
      <mem type="soa" free="789398936" total="1716856832" percent="45" />
      <mem type="loa" free="129226752" total="129226752" percent="100" />
    </mem>
    <remembered-set count="30980" />
  </mem-info>
</gc-end>
<cycle-end id="3403" type="scavenge" contextid="3397" timestamp="2020-09-11T12:45:48.936" />
<allocation-satisfied id="3404" threadId="0000000000789300" bytesRequested="32" />
<af-end id="3405" timestamp="2020-09-11T12:45:48.936" threadId="0000000000789C80" success="true" from="nursery"/>
<exclusive-end id="3406" timestamp="2020-09-11T12:45:48.936" durationms="114.664" />

<exclusive-start id="3407" timestamp="2020-09-11T12:45:50.954" intervalms="2133.170">
  <response-info timems="1.853" idlems="1.853" threads="0" lastid="000000000086B500" lastname="Group1.Backend.CompositeBackend{Tier1}.4" />
</exclusive-start>
<af-start id="3408" threadId="000000000086BE80" totalBytesRequested="1032" timestamp="2020-09-11T12:45:50.955" intervalms="2133.295" type="nursery" />
<cycle-start id="3409" type="scavenge" contextid="0" timestamp="2020-09-11T12:45:50.955" intervalms="2133.302" />
<gc-start id="3410" type="scavenge" contextid="3409" timestamp="2020-09-11T12:45:50.956">
  <mem-info id="3411" free="918625688" total="2785607680" percent="32">
    <mem type="nursery" free="0" total="939524096" percent="0">
      <mem type="allocate" free="0" total="778305536" percent="0" />
      <mem type="survivor" free="0" total="161218560" percent="0" />
    </mem>
    <mem type="tenure" free="918625688" total="1846083584" percent="49">
      <mem type="soa" free="789398936" total="1716856832" percent="45" />
      <mem type="loa" free="129226752" total="129226752" percent="100" />
    </mem>
    <remembered-set count="196343" />
  </mem-info>
</gc-start>
<allocation-stats totalBytes="674957736" >
  <allocated-bytes non-tlh="26341456" tlh="648616280" />
  <largest-consumer threadName="Group1.Backend.CompositeBackend{Tier1}.4" threadId="000000000086B500" bytes="113547016" />
</allocation-stats>
<gc-op id="3412" type="scavenge" timems="124.914" contextid="3409" timestamp="2020-09-11T12:45:51.081">
  <scavenger-info tenureage="3" tenuremask="7ff8" tiltratio="82" />
  <memory-copied type="nursery" objects="4085645" bytes="109002288" bytesdiscarded="209704" />
  <memory-copied type="tenure" objects="1025636" bytes="27567824" bytesdiscarded="58248" />
  <ownableSynchronizers candidates="3955" cleared="3572" />
  <references type="soft" candidates="333" cleared="0" enqueued="0" dynamicThreshold="18" maxThreshold="32" />
  <references type="weak" candidates="112" cleared="112" enqueued="0" />
</gc-op>
<gc-end id="3413" type="scavenge" contextid="3409" durationms="126.197" usertimems="888.265" systemtimems="0.000" timestamp="2020-09-11T12:45:51.082" activeThreads="8">
  <mem-info id="3414" free="1566330216" total="2785607680" percent="56">
    <mem type="nursery" free="675426808" total="939524096" percent="71">
      <mem type="allocate" free="675426808" total="784728064" percent="86" />
      <mem type="survivor" free="0" total="154796032" percent="0" />
    </mem>
    <mem type="tenure" free="890903408" total="1846083584" percent="48" macro-fragmented="0">
      <mem type="soa" free="761676656" total="1716856832" percent="44" />
      <mem type="loa" free="129226752" total="129226752" percent="100" />
    </mem>
    <remembered-set count="31524" />
  </mem-info>
</gc-end>
<cycle-end id="3415" type="scavenge" contextid="3409" timestamp="2020-09-11T12:45:51.083" />
<allocation-satisfied id="3416" threadId="000000000086B500" bytesRequested="1032" />
<af-end id="3417" timestamp="2020-09-11T12:45:51.083" threadId="000000000086BE80" success="true" from="nursery"/>
<exclusive-end id="3418" timestamp="2020-09-11T12:45:51.083" durationms="129.015" />

<exclusive-start id="3419" timestamp="2020-09-11T12:45:52.945" intervalms="1990.773">
  <response-info timems="7.061" idlems="7.061" threads="0" lastid="00000000008D4B00" lastname="Group1.Backend.CompositeBackend{Tier1}.8" />
</exclusive-start>
<af-start id="3420" threadId="00000000008D5480" totalBytesRequested="32" timestamp="2020-09-11T12:45:52.946" intervalms="1990.768" type="nursery" />
<cycle-start id="3421" type="scavenge" contextid="0" timestamp="2020-09-11T12:45:52.946" intervalms="1990.804" />
<gc-start id="3422" type="scavenge" contextid="3421" timestamp="2020-09-11T12:45:52.947">
  <mem-info id="3423" free="890903408" total="2785607680" percent="31">
    <mem type="nursery" free="0" total="939524096" percent="0">
      <mem type="allocate" free="0" total="784728064" percent="0" />
      <mem type="survivor" free="0" total="154796032" percent="0" />
    </mem>
    <mem type="tenure" free="890903408" total="1846083584" percent="48">
      <mem type="soa" free="761676656" total="1716856832" percent="44" />
      <mem type="loa" free="129226752" total="129226752" percent="100" />
    </mem>
    <remembered-set count="189227" />
  </mem-info>
</gc-start>
<allocation-stats totalBytes="675112576" >
  <allocated-bytes non-tlh="38498000" tlh="636614576" />
  <largest-consumer threadName="Group1.Backend.CompositeBackend{Tier1}.5" threadId="000000000088EE00" bytes="111860704" />
</allocation-stats>
<gc-op id="3424" type="scavenge" timems="114.320" contextid="3421" timestamp="2020-09-11T12:45:53.061">
  <scavenger-info tenureage="3" tenuremask="7ff8" tiltratio="83" />
  <memory-copied type="nursery" objects="3980884" bytes="106853688" bytesdiscarded="185952" />
  <memory-copied type="tenure" objects="1034659" bytes="27782696" bytesdiscarded="54848" />
  <ownableSynchronizers candidates="3878" cleared="3507" />
  <references type="soft" candidates="363" cleared="0" enqueued="0" dynamicThreshold="18" maxThreshold="32" />
  <references type="weak" candidates="122" cleared="122" enqueued="0" />
</gc-op>
<gc-end id="3425" type="scavenge" contextid="3421" durationms="115.613" usertimems="818.450" systemtimems="10.494" timestamp="2020-09-11T12:45:53.062" activeThreads="8">
  <mem-info id="3426" free="1547143552" total="2785607680" percent="55">
    <mem type="nursery" free="684094720" total="939524096" percent="72">
      <mem type="allocate" free="684094720" total="791216128" percent="86" />
      <mem type="survivor" free="0" total="148307968" percent="0" />
    </mem>
    <mem type="tenure" free="863048832" total="1846083584" percent="46" macro-fragmented="0">
      <mem type="soa" free="733822080" total="1716856832" percent="42" />
      <mem type="loa" free="129226752" total="129226752" percent="100" />
    </mem>
    <remembered-set count="30021" />
  </mem-info>
</gc-end>
<cycle-end id="3427" type="scavenge" contextid="3421" timestamp="2020-09-11T12:45:53.064" />
<allocation-satisfied id="3428" threadId="00000000008D4B00" bytesRequested="32" />
<af-end id="3429" timestamp="2020-09-11T12:45:53.064" threadId="00000000008D5480" success="true" from="nursery"/>
<exclusive-end id="3430" timestamp="2020-09-11T12:45:53.064" durationms="119.208" />

<exclusive-start id="3431" timestamp="2020-09-11T12:45:55.043" intervalms="2097.848">
  <response-info timems="1.053" idlems="1.053" threads="0" lastid="000000000088BD00" lastname="Group1.Backend.CompositeBackend{Tier1}.7" />
</exclusive-start>
<af-start id="3432" threadId="000000000088C680" totalBytesRequested="24" timestamp="2020-09-11T12:45:55.044" intervalms="2097.823" type="nursery" />
<cycle-start id="3433" type="scavenge" contextid="0" timestamp="2020-09-11T12:45:55.044" intervalms="2097.770" />
<gc-start id="3434" type="scavenge" contextid="3433" timestamp="2020-09-11T12:45:55.044">
  <mem-info id="3435" free="863048832" total="2785607680" percent="30">
    <mem type="nursery" free="0" total="939524096" percent="0">
      <mem type="allocate" free="0" total="791216128" percent="0" />
      <mem type="survivor" free="0" total="148307968" percent="0" />
    </mem>
    <mem type="tenure" free="863048832" total="1846083584" percent="46">
      <mem type="soa" free="733822080" total="1716856832" percent="42" />
      <mem type="loa" free="129226752" total="129226752" percent="100" />
    </mem>
    <remembered-set count="193634" />
  </mem-info>
</gc-start>
<allocation-stats totalBytes="683757096" >
  <allocated-bytes non-tlh="30203288" tlh="653553808" />
  <largest-consumer threadName="Group1.Backend.CompositeBackend{Tier1}.2" threadId="0000000000785700" bytes="100286976" />
</allocation-stats>
<gc-op id="3436" type="scavenge" timems="165.349" contextid="3433" timestamp="2020-09-11T12:45:55.210">
  <scavenger-info tenureage="3" tenuremask="7ff8" tiltratio="84" />
  <memory-copied type="nursery" objects="4072261" bytes="109241464" bytesdiscarded="152856" />
  <memory-copied type="tenure" objects="1037194" bytes="27880808" bytesdiscarded="57312" />
  <ownableSynchronizers candidates="4103" cleared="3705" />
  <references type="soft" candidates="356" cleared="0" enqueued="0" dynamicThreshold="18" maxThreshold="32" />
  <references type="weak" candidates="118" cleared="118" enqueued="0" />
</gc-op>
<gc-end id="3437" type="scavenge" contextid="3433" durationms="166.630" usertimems="1086.033" systemtimems="38.137" timestamp="2020-09-11T12:45:55.211" activeThreads="8">
  <mem-info id="3438" free="1521622584" total="2785607680" percent="54">
    <mem type="nursery" free="686385408" total="939524096" percent="73">
      <mem type="allocate" free="686385408" total="795869184" percent="86" />
      <mem type="survivor" free="0" total="143654912" percent="0" />
    </mem>
    <mem type="tenure" free="835237176" total="1846083584" percent="45" macro-fragmented="0">
      <mem type="soa" free="706010424" total="1716856832" percent="41" />
      <mem type="loa" free="129226752" total="129226752" percent="100" />
    </mem>
    <remembered-set count="30780" />
  </mem-info>
</gc-end>
<cycle-end id="3439" type="scavenge" contextid="3433" timestamp="2020-09-11T12:45:55.213" />
<allocation-satisfied id="3440" threadId="000000000088BD00" bytesRequested="24" />
<af-end id="3441" timestamp="2020-09-11T12:45:55.213" threadId="000000000088C680" success="true" from="nursery"/>
<exclusive-end id="3442" timestamp="2020-09-11T12:45:55.213" durationms="169.993" />

<exclusive-start id="3443" timestamp="2020-09-11T12:45:57.103" intervalms="2059.632">
  <response-info timems="1.420" idlems="1.420" threads="0" lastid="000000000088EE00" lastname="Group1.Backend.CompositeBackend{Tier1}.5" />
</exclusive-start>
<af-start id="3444" threadId="000000000088F780" totalBytesRequested="16" timestamp="2020-09-11T12:45:57.103" intervalms="2059.574" type="nursery" />
<cycle-start id="3445" type="scavenge" contextid="0" timestamp="2020-09-11T12:45:57.103" intervalms="2059.578" />
<gc-start id="3446" type="scavenge" contextid="3445" timestamp="2020-09-11T12:45:57.104">
  <mem-info id="3447" free="835237176" total="2785607680" percent="29">
    <mem type="nursery" free="0" total="939524096" percent="0">
      <mem type="allocate" free="0" total="795869184" percent="0" />
      <mem type="survivor" free="0" total="143654912" percent="0" />
    </mem>
    <mem type="tenure" free="835237176" total="1846083584" percent="45">
      <mem type="soa" free="706010424" total="1716856832" percent="41" />
      <mem type="loa" free="129226752" total="129226752" percent="100" />
    </mem>
    <remembered-set count="190968" />
  </mem-info>
</gc-start>
<allocation-stats totalBytes="686066008" >
  <allocated-bytes non-tlh="35778544" tlh="650287464" />
  <largest-consumer threadName="Group1.Backend.CompositeBackend{Tier1}.8" threadId="00000000008D4B00" bytes="95039984" />
</allocation-stats>
<gc-op id="3448" type="scavenge" timems="98.604" contextid="3445" timestamp="2020-09-11T12:45:57.202">
  <scavenger-info tenureage="3" tenuremask="7ff8" tiltratio="84" />
  <memory-copied type="nursery" objects="4103198" bytes="109657192" bytesdiscarded="172792" />
  <memory-copied type="tenure" objects="1133223" bytes="30473088" bytesdiscarded="55024" />
  <ownableSynchronizers candidates="3965" cleared="3574" />
  <references type="soft" candidates="363" cleared="0" enqueued="0" dynamicThreshold="18" maxThreshold="32" />
  <references type="weak" candidates="98" cleared="98" enqueued="0" />
</gc-op>
<gc-end id="3449" type="scavenge" contextid="3445" durationms="99.471" usertimems="731.358" systemtimems="0.000" timestamp="2020-09-11T12:45:57.203" activeThreads="8">
  <mem-info id="3450" free="1494651016" total="2785607680" percent="53">
    <mem type="nursery" free="690018296" total="939524096" percent="73">
      <mem type="allocate" free="690018296" total="799932416" percent="86" />
      <mem type="survivor" free="0" total="139591680" percent="0" />
    </mem>
    <mem type="tenure" free="804632720" total="1846083584" percent="43" macro-fragmented="0">
      <mem type="soa" free="675405968" total="1716856832" percent="39" />
      <mem type="loa" free="129226752" total="129226752" percent="100" />
    </mem>
    <remembered-set count="31089" />
  </mem-info>
</gc-end>
<cycle-end id="3451" type="scavenge" contextid="3445" timestamp="2020-09-11T12:45:57.204" />
<allocation-satisfied id="3452" threadId="000000000088EE00" bytesRequested="16" />
<af-end id="3453" timestamp="2020-09-11T12:45:57.204" threadId="000000000088F780" success="true" from="nursery"/>
<exclusive-end id="3454" timestamp="2020-09-11T12:45:57.204" durationms="101.946" />

<exclusive-start id="3455" timestamp="2020-09-11T12:45:59.141" intervalms="2038.557">
  <response-info timems="0.521" idlems="0.521" threads="0" lastid="00000000008D4B00" lastname="Group1.Backend.CompositeBackend{Tier1}.8" />
</exclusive-start>
<af-start id="3456" threadId="00000000008D5480" totalBytesRequested="16" timestamp="2020-09-11T12:45:59.142" intervalms="2038.559" type="nursery" />
<cycle-start id="3457" type="scavenge" contextid="0" timestamp="2020-09-11T12:45:59.142" intervalms="2038.570" />
<gc-start id="3458" type="scavenge" contextid="3457" timestamp="2020-09-11T12:45:59.142">
  <mem-info id="3459" free="804632720" total="2785607680" percent="28">
    <mem type="nursery" free="0" total="939524096" percent="0">
      <mem type="allocate" free="0" total="799932416" percent="0" />
      <mem type="survivor" free="0" total="139591680" percent="0" />
    </mem>
    <mem type="tenure" free="804632720" total="1846083584" percent="43">
      <mem type="soa" free="675405968" total="1716856832" percent="39" />
      <mem type="loa" free="129226752" total="129226752" percent="100" />
    </mem>
    <remembered-set count="193929" />
  </mem-info>
</gc-start>
<allocation-stats totalBytes="689690584" >
  <allocated-bytes non-tlh="33838248" tlh="655852336" />
  <largest-consumer threadName="Group1.Backend.CompositeBackend{Tier1}.7" threadId="000000000088BD00" bytes="117576312" />
</allocation-stats>
<gc-op id="3460" type="scavenge" timems="113.137" contextid="3457" timestamp="2020-09-11T12:45:59.256">
  <scavenger-info tenureage="3" tenuremask="7ff8" tiltratio="85" />
  <memory-copied type="nursery" objects="4151227" bytes="111109816" bytesdiscarded="129944" />
  <memory-copied type="tenure" objects="1036840" bytes="27865872" bytesdiscarded="64336" />
  <ownableSynchronizers candidates="4632" cleared="4237" />
  <references type="soft" candidates="344" cleared="0" enqueued="0" dynamicThreshold="18" maxThreshold="32" />
  <references type="weak" candidates="143" cleared="142" enqueued="0" />
</gc-op>
<gc-end id="3461" type="scavenge" contextid="3457" durationms="114.181" usertimems="836.059" systemtimems="7.912" timestamp="2020-09-11T12:45:59.256" activeThreads="8">
  <mem-info id="3462" free="1467902688" total="2785607680" percent="52">
    <mem type="nursery" free="691300536" total="939524096" percent="73">
      <mem type="allocate" free="691300536" total="802619392" percent="86" />
      <mem type="survivor" free="0" total="136904704" percent="0" />
    </mem>
    <mem type="tenure" free="776602152" total="1846083584" percent="42" macro-fragmented="0">
      <mem type="soa" free="647375400" total="1716856832" percent="37" />
      <mem type="loa" free="129226752" total="129226752" percent="100" />
    </mem>
    <remembered-set count="31362" />
  </mem-info>
</gc-end>
<cycle-end id="3463" type="scavenge" contextid="3457" timestamp="2020-09-11T12:45:59.259" />
<allocation-satisfied id="3464" threadId="00000000008D4B00" bytesRequested="16" />
<af-end id="3465" timestamp="2020-09-11T12:45:59.259" threadId="00000000008D5480" success="true" from="nursery"/>
<exclusive-end id="3466" timestamp="2020-09-11T12:45:59.259" durationms="117.616" />

<exclusive-start id="3467" timestamp="2020-09-11T12:46:01.357" intervalms="2215.690">
  <response-info timems="0.248" idlems="0.141" threads="1" lastid="000000000088EE00" lastname="Group1.Backend.CompositeBackend{Tier1}.5" />
</exclusive-start>
<af-start id="3468" threadId="000000000086B280" totalBytesRequested="32" timestamp="2020-09-11T12:46:01.357" intervalms="2215.532" type="nursery" />
<cycle-start id="3469" type="scavenge" contextid="0" timestamp="2020-09-11T12:46:01.358" intervalms="2215.533" />
<gc-start id="3470" type="scavenge" contextid="3469" timestamp="2020-09-11T12:46:01.358">
  <mem-info id="3471" free="776602152" total="2785607680" percent="27">
    <mem type="nursery" free="0" total="939524096" percent="0">
      <mem type="allocate" free="0" total="802619392" percent="0" />
      <mem type="survivor" free="0" total="136904704" percent="0" />
    </mem>
    <mem type="tenure" free="776602152" total="1846083584" percent="42">
      <mem type="soa" free="647375400" total="1716856832" percent="37" />
      <mem type="loa" free="129226752" total="129226752" percent="100" />
    </mem>
    <remembered-set count="199214" />
  </mem-info>
</gc-start>
<allocation-stats totalBytes="690950272" >
  <allocated-bytes non-tlh="27398128" tlh="663552144" />
  <largest-consumer threadName="Group1.Backend.CompositeBackend{Tier1}.7" threadId="000000000088BD00" bytes="102924640" />
</allocation-stats>
<gc-op id="3472" type="scavenge" timems="99.779" contextid="3469" timestamp="2020-09-11T12:46:01.458">
  <scavenger-info tenureage="3" tenuremask="7ff8" tiltratio="85" />
  <memory-copied type="nursery" objects="4131612" bytes="110890352" bytesdiscarded="160736" />
  <memory-copied type="tenure" objects="1105331" bytes="29714168" bytesdiscarded="69760" />
  <ownableSynchronizers candidates="3620" cleared="3236" />
  <references type="soft" candidates="358" cleared="0" enqueued="0" dynamicThreshold="18" maxThreshold="32" />
  <references type="weak" candidates="117" cleared="117" enqueued="0" />
</gc-op>
<gc-end id="3473" type="scavenge" contextid="3469" durationms="100.940" usertimems="704.216" systemtimems="0.000" timestamp="2020-09-11T12:46:01.459" activeThreads="8">
  <mem-info id="3474" free="1440821688" total="2785607680" percent="51">
    <mem type="nursery" free="693969408" total="939524096" percent="73">
      <mem type="allocate" free="693969408" total="805109760" percent="86" />
      <mem type="survivor" free="0" total="134414336" percent="0" />
    </mem>
    <mem type="tenure" free="746852280" total="1846083584" percent="40" macro-fragmented="0">
      <mem type="soa" free="617625528" total="1716856832" percent="35" />
      <mem type="loa" free="129226752" total="129226752" percent="100" />
    </mem>
    <remembered-set count="32834" />
  </mem-info>
</gc-end>
<cycle-end id="3475" type="scavenge" contextid="3469" timestamp="2020-09-11T12:46:01.460" />
<allocation-satisfied id="3476" threadId="000000000086A900" bytesRequested="32" />
<af-end id="3477" timestamp="2020-09-11T12:46:01.460" threadId="000000000086B280" success="true" from="nursery"/>
<exclusive-end id="3478" timestamp="2020-09-11T12:46:01.460" durationms="103.306" />

<exclusive-start id="3479" timestamp="2020-09-11T12:46:03.459" intervalms="2101.742">
  <response-info timems="0.454" idlems="0.454" threads="0" lastid="00000000008D4B00" lastname="Group1.Backend.CompositeBackend{Tier1}.8" />
</exclusive-start>
<af-start id="3480" threadId="00000000008D5480" totalBytesRequested="32" timestamp="2020-09-11T12:46:03.459" intervalms="2101.747" type="nursery" />
<cycle-start id="3481" type="scavenge" contextid="0" timestamp="2020-09-11T12:46:03.459" intervalms="2101.725" />
<gc-start id="3482" type="scavenge" contextid="3481" timestamp="2020-09-11T12:46:03.460">
  <mem-info id="3483" free="746851488" total="2785607680" percent="26">
    <mem type="nursery" free="0" total="939524096" percent="0">
      <mem type="allocate" free="0" total="805109760" percent="0" />
      <mem type="survivor" free="0" total="134414336" percent="0" />
    </mem>
    <mem type="tenure" free="746851488" total="1846083584" percent="40">
      <mem type="soa" free="617624736" total="1716856832" percent="35" />
      <mem type="loa" free="129226752" total="129226752" percent="100" />
    </mem>
    <remembered-set count="196398" />
  </mem-info>
</gc-start>
<allocation-stats totalBytes="693649328" >
  <allocated-bytes non-tlh="33574904" tlh="660074424" />
  <largest-consumer threadName="Group1.Backend.CompositeBackend{Tier1}.7" threadId="000000000088BD00" bytes="104462952" />
</allocation-stats>
<gc-op id="3484" type="scavenge" timems="96.910" contextid="3481" timestamp="2020-09-11T12:46:03.557">
  <scavenger-info tenureage="3" tenuremask="7ff8" tiltratio="85" />
  <memory-copied type="nursery" objects="4219792" bytes="112867464" bytesdiscarded="156664" />
  <memory-copied type="tenure" objects="1049671" bytes="28348336" bytesdiscarded="62432" />
  <ownableSynchronizers candidates="3461" cleared="3097" />
  <references type="soft" candidates="354" cleared="0" enqueued="0" dynamicThreshold="18" maxThreshold="32" />
  <references type="weak" candidates="123" cleared="118" enqueued="1" />
</gc-op>
<gc-end id="3485" type="scavenge" contextid="3481" durationms="98.381" usertimems="758.663" systemtimems="1.772" timestamp="2020-09-11T12:46:03.558" activeThreads="8">
  <mem-info id="3486" free="1411537992" total="2785607680" percent="50">
    <mem type="nursery" free="693178104" total="939524096" percent="73">
      <mem type="allocate" free="693178104" total="806289408" percent="85" />
      <mem type="survivor" free="0" total="133234688" percent="0" />
    </mem>
    <mem type="tenure" free="718359888" total="1846083584" percent="38" macro-fragmented="0">
      <mem type="soa" free="589133136" total="1716856832" percent="34" />
      <mem type="loa" free="129226752" total="129226752" percent="100" />
    </mem>
    <pending-finalizers system="0" default="0" reference="1" classloader="0" />
    <remembered-set count="32311" />
  </mem-info>
</gc-end>
<cycle-end id="3487" type="scavenge" contextid="3481" timestamp="2020-09-11T12:46:03.559" />
<allocation-satisfied id="3488" threadId="00000000008D4B00" bytesRequested="32" />
<af-end id="3489" timestamp="2020-09-11T12:46:03.559" threadId="00000000008D5480" success="true" from="nursery"/>
<exclusive-end id="3490" timestamp="2020-09-11T12:46:03.559" durationms="100.832" />

<exclusive-start id="3491" timestamp="2020-09-11T12:46:05.511" intervalms="2052.732">
  <response-info timems="0.648" idlems="0.648" threads="0" lastid="0000000000789300" lastname="Group1.Backend.CompositeBackend{Tier1}.1" />
</exclusive-start>
<af-start id="3492" threadId="0000000000789C80" totalBytesRequested="120" timestamp="2020-09-11T12:46:05.512" intervalms="2052.941" type="nursery" />
<cycle-start id="3493" type="scavenge" contextid="0" timestamp="2020-09-11T12:46:05.512" intervalms="2053.013" />
<gc-start id="3494" type="scavenge" contextid="3493" timestamp="2020-09-11T12:46:05.513">
  <mem-info id="3495" free="718359888" total="2785607680" percent="25">
    <mem type="nursery" free="0" total="939524096" percent="0">
      <mem type="allocate" free="0" total="806289408" percent="0" />
      <mem type="survivor" free="0" total="133234688" percent="0" />
    </mem>
    <mem type="tenure" free="718359888" total="1846083584" percent="38">
      <mem type="soa" free="589133136" total="1716856832" percent="34" />
      <mem type="loa" free="129226752" total="129226752" percent="100" />
    </mem>
    <remembered-set count="195267" />
  </mem-info>
</gc-start>
<allocation-stats totalBytes="692837336" >
  <allocated-bytes non-tlh="34866592" tlh="657970744" />
  <largest-consumer threadName="Group1.Backend.CompositeBackend{Tier1}.1" threadId="0000000000789300" bytes="89774584" />
</allocation-stats>
<gc-op id="3496" type="scavenge" timems="147.855" contextid="3493" timestamp="2020-09-11T12:46:05.661">
  <scavenger-info tenureage="3" tenuremask="7ff8" tiltratio="85" />
  <memory-copied type="nursery" objects="4212438" bytes="112914520" bytesdiscarded="145776" />
  <memory-copied type="tenure" objects="1086813" bytes="29193952" bytesdiscarded="65328" />
  <ownableSynchronizers candidates="3675" cleared="3308" />
  <references type="soft" candidates="376" cleared="0" enqueued="0" dynamicThreshold="18" maxThreshold="32" />
  <references type="weak" candidates="128" cleared="123" enqueued="0" />
</gc-op>
<gc-end id="3497" type="scavenge" contextid="3493" durationms="149.234" usertimems="1091.818" systemtimems="21.179" timestamp="2020-09-11T12:46:05.662" activeThreads="8">
  <mem-info id="3498" free="1383551160" total="2785607680" percent="49">
    <mem type="nursery" free="694452224" total="939524096" percent="73">
      <mem type="allocate" free="694452224" total="807600128" percent="85" />
      <mem type="survivor" free="0" total="131923968" percent="0" />
    </mem>
    <mem type="tenure" free="689098936" total="1846083584" percent="37" macro-fragmented="0">
      <mem type="soa" free="559872184" total="1716856832" percent="32" />
      <mem type="loa" free="129226752" total="129226752" percent="100" />
    </mem>
    <remembered-set count="31239" />
  </mem-info>
</gc-end>
<cycle-end id="3499" type="scavenge" contextid="3493" timestamp="2020-09-11T12:46:05.664" />
<allocation-satisfied id="3500" threadId="0000000000789300" bytesRequested="120" />
<af-end id="3501" timestamp="2020-09-11T12:46:05.664" threadId="0000000000789C80" success="true" from="nursery"/>
<exclusive-end id="3502" timestamp="2020-09-11T12:46:05.664" durationms="152.789" />

<exclusive-start id="3503" timestamp="2020-09-11T12:46:07.578" intervalms="2066.582">
  <response-info timems="8.224" idlems="8.224" threads="0" lastid="0000000000A79000" lastname="Group1.Backend.CompositeBackend{Tier3}.5" />
</exclusive-start>
<af-start id="3504" threadId="0000000000A79980" totalBytesRequested="16" timestamp="2020-09-11T12:46:07.579" intervalms="2066.581" type="nursery" />
<cycle-start id="3505" type="scavenge" contextid="0" timestamp="2020-09-11T12:46:07.579" intervalms="2066.589" />
<gc-start id="3506" type="scavenge" contextid="3505" timestamp="2020-09-11T12:46:07.579">
  <mem-info id="3507" free="689098936" total="2785607680" percent="24">
    <mem type="nursery" free="0" total="939524096" percent="0">
      <mem type="allocate" free="0" total="807600128" percent="0" />
      <mem type="survivor" free="0" total="131923968" percent="0" />
    </mem>
    <mem type="tenure" free="689098936" total="1846083584" percent="37">
      <mem type="soa" free="559872184" total="1716856832" percent="32" />
      <mem type="loa" free="129226752" total="129226752" percent="100" />
    </mem>
    <remembered-set count="193618" />
  </mem-info>
</gc-start>
<allocation-stats totalBytes="694123176" >
  <allocated-bytes non-tlh="35622584" tlh="658500592" />
  <largest-consumer threadName="Group1.Backend.CompositeBackend{Tier1}.4" threadId="000000000086B500" bytes="106669448" />
</allocation-stats>
<gc-op id="3508" type="scavenge" timems="186.388" contextid="3505" timestamp="2020-09-11T12:46:07.766">
  <scavenger-info tenureage="3" tenuremask="7ff8" tiltratio="85" />
  <memory-copied type="nursery" objects="4403498" bytes="117132056" bytesdiscarded="201152" />
  <memory-copied type="tenure" objects="1156850" bytes="31102344" bytesdiscarded="66392" />
  <ownableSynchronizers candidates="4829" cleared="4446" />
  <references type="soft" candidates="383" cleared="0" enqueued="0" dynamicThreshold="18" maxThreshold="32" />
  <references type="weak" candidates="127" cleared="122" enqueued="0" />
</gc-op>
<gc-end id="3509" type="scavenge" contextid="3505" durationms="187.474" usertimems="1323.074" systemtimems="37.763" timestamp="2020-09-11T12:46:07.767" activeThreads="8">
  <mem-info id="3510" free="1344993112" total="2785607680" percent="48">
    <mem type="nursery" free="686966136" total="939524096" percent="73">
      <mem type="allocate" free="686966136" total="804388864" percent="85" />
      <mem type="survivor" free="0" total="135135232" percent="0" />
    </mem>
    <mem type="tenure" free="658026976" total="1846083584" percent="35" macro-fragmented="0">
      <mem type="soa" free="528800224" total="1716856832" percent="30" />
      <mem type="loa" free="129226752" total="129226752" percent="100" />
    </mem>
    <remembered-set count="31119" />
  </mem-info>
</gc-end>
<cycle-end id="3511" type="scavenge" contextid="3505" timestamp="2020-09-11T12:46:07.773" />
<allocation-satisfied id="3512" threadId="0000000000A79000" bytesRequested="16" />
<af-end id="3513" timestamp="2020-09-11T12:46:07.773" threadId="0000000000A79980" success="true" from="nursery"/>
<exclusive-end id="3514" timestamp="2020-09-11T12:46:07.773" durationms="195.060" />

<exclusive-start id="3515" timestamp="2020-09-11T12:46:09.756" intervalms="2178.605">
  <response-info timems="0.641" idlems="0.641" threads="0" lastid="00000000008D4B00" lastname="Group1.Backend.CompositeBackend{Tier1}.8" />
</exclusive-start>
<af-start id="3516" threadId="00000000008D5480" totalBytesRequested="16" timestamp="2020-09-11T12:46:09.757" intervalms="2178.485" type="nursery" />
<cycle-start id="3517" type="scavenge" contextid="0" timestamp="2020-09-11T12:46:09.757" intervalms="2178.414" />
<gc-start id="3518" type="scavenge" contextid="3517" timestamp="2020-09-11T12:46:09.758">
  <mem-info id="3519" free="658026976" total="2785607680" percent="23">
    <mem type="nursery" free="0" total="939524096" percent="0">
      <mem type="allocate" free="0" total="804388864" percent="0" />
      <mem type="survivor" free="0" total="135135232" percent="0" />
    </mem>
    <mem type="tenure" free="658026976" total="1846083584" percent="35">
      <mem type="soa" free="528800224" total="1716856832" percent="30" />
      <mem type="loa" free="129226752" total="129226752" percent="100" />
    </mem>
    <remembered-set count="195769" />
  </mem-info>
</gc-start>
<allocation-stats totalBytes="686619752" >
  <allocated-bytes non-tlh="26633056" tlh="659986696" />
  <largest-consumer threadName="Group1.Backend.CompositeBackend{Tier1}.2" threadId="0000000000785700" bytes="113273528" />
</allocation-stats>
<gc-op id="3520" type="scavenge" timems="146.131" contextid="3517" timestamp="2020-09-11T12:46:09.904">
  <scavenger-info tenureage="3" tenuremask="7ff8" tiltratio="85" />
  <memory-copied type="nursery" objects="4235700" bytes="112711520" bytesdiscarded="143104" />
  <memory-copied type="tenure" objects="1087353" bytes="29223080" bytesdiscarded="85288" />
  <ownableSynchronizers candidates="4648" cleared="4243" />
  <references type="soft" candidates="403" cleared="0" enqueued="0" dynamicThreshold="18" maxThreshold="32" />
  <references type="weak" candidates="112" cleared="112" enqueued="0" />
</gc-op>
<gc-end id="3521" type="scavenge" contextid="3517" durationms="147.799" usertimems="1083.390" systemtimems="16.728" timestamp="2020-09-11T12:46:09.905" activeThreads="8">
  <mem-info id="3522" free="1321003128" total="2785607680" percent="47">
    <mem type="nursery" free="692236272" total="939524096" percent="73">
      <mem type="allocate" free="692236272" total="805175296" percent="85" />
      <mem type="survivor" free="0" total="134348800" percent="0" />
    </mem>
    <mem type="tenure" free="628766856" total="1846083584" percent="34" macro-fragmented="0">
      <mem type="soa" free="499540104" total="1716856832" percent="29" />
      <mem type="loa" free="129226752" total="129226752" percent="100" />
    </mem>
    <remembered-set count="30850" />
  </mem-info>
</gc-end>
<cycle-end id="3523" type="scavenge" contextid="3517" timestamp="2020-09-11T12:46:09.915" />
<allocation-satisfied id="3524" threadId="00000000008D4B00" bytesRequested="16" />
<af-end id="3525" timestamp="2020-09-11T12:46:09.915" threadId="00000000008D5480" success="true" from="nursery"/>
<exclusive-end id="3526" timestamp="2020-09-11T12:46:09.915" durationms="158.995" />

<exclusive-start id="3527" timestamp="2020-09-11T12:46:11.847" intervalms="2090.373">
  <response-info timems="0.338" idlems="0.119" threads="2" lastid="000000000086B500" lastname="Group1.Backend.CompositeBackend{Tier1}.4" />
</exclusive-start>
<af-start id="3528" threadId="0000000000786080" totalBytesRequested="664" timestamp="2020-09-11T12:46:11.848" intervalms="2090.441" type="nursery" />
<cycle-start id="3529" type="scavenge" contextid="0" timestamp="2020-09-11T12:46:11.848" intervalms="2090.437" />
<gc-start id="3530" type="scavenge" contextid="3529" timestamp="2020-09-11T12:46:11.848">
  <mem-info id="3531" free="628766856" total="2785607680" percent="22">
    <mem type="nursery" free="0" total="939524096" percent="0">
      <mem type="allocate" free="0" total="805175296" percent="0" />
      <mem type="survivor" free="0" total="134348800" percent="0" />
    </mem>
    <mem type="tenure" free="628766856" total="1846083584" percent="34">
      <mem type="soa" free="499540104" total="1716856832" percent="29" />
      <mem type="loa" free="129226752" total="129226752" percent="100" />
    </mem>
    <remembered-set count="193615" />
  </mem-info>
</gc-start>
<allocation-stats totalBytes="691912024" >
  <allocated-bytes non-tlh="35337488" tlh="656574536" />
  <largest-consumer threadName="Group1.Backend.CompositeBackend{Tier1}.3" threadId="000000000086A900" bytes="92337016" />
</allocation-stats>
<gc-op id="3532" type="scavenge" timems="152.181" contextid="3529" timestamp="2020-09-11T12:46:12.000">
  <scavenger-info tenureage="3" tenuremask="7ff8" tiltratio="85" />
  <memory-copied type="nursery" objects="4261581" bytes="113316216" bytesdiscarded="257544" />
  <memory-copied type="tenure" objects="1100087" bytes="29582552" bytesdiscarded="81528" />
  <ownableSynchronizers candidates="3723" cleared="3304" />
  <references type="soft" candidates="391" cleared="0" enqueued="0" dynamicThreshold="18" maxThreshold="32" />
  <references type="weak" candidates="133" cleared="133" enqueued="0" />
</gc-op>
<gc-end id="3533" type="scavenge" contextid="3529" durationms="154.079" usertimems="1090.783" systemtimems="12.194" timestamp="2020-09-11T12:46:12.002" activeThreads="8">
  <mem-info id="3534" free="1291944352" total="2785607680" percent="46">
    <mem type="nursery" free="692826608" total="939524096" percent="73">
      <mem type="allocate" free="692826608" total="806486016" percent="85" />
      <mem type="survivor" free="0" total="133038080" percent="0" />
    </mem>
    <mem type="tenure" free="599117744" total="1846083584" percent="32" macro-fragmented="0">
      <mem type="soa" free="469890992" total="1716856832" percent="27" />
      <mem type="loa" free="129226752" total="129226752" percent="100" />
    </mem>
    <remembered-set count="30851" />
  </mem-info>
</gc-end>
<cycle-end id="3535" type="scavenge" contextid="3529" timestamp="2020-09-11T12:46:12.010" />
<allocation-satisfied id="3536" threadId="0000000000785700" bytesRequested="664" />
<af-end id="3537" timestamp="2020-09-11T12:46:12.010" threadId="0000000000786080" success="true" from="nursery"/>
<exclusive-end id="3538" timestamp="2020-09-11T12:46:12.011" durationms="163.823" />

<exclusive-start id="3539" timestamp="2020-09-11T12:46:13.908" intervalms="2061.174">
  <response-info timems="0.465" idlems="0.408" threads="1" lastid="000000000086A900" lastname="Group1.Backend.CompositeBackend{Tier1}.3" />
</exclusive-start>
<af-start id="3540" threadId="0000000000786080" totalBytesRequested="24" timestamp="2020-09-11T12:46:13.909" intervalms="2061.061" type="nursery" />
<cycle-start id="3541" type="scavenge" contextid="0" timestamp="2020-09-11T12:46:13.909" intervalms="2061.060" />
<gc-start id="3542" type="scavenge" contextid="3541" timestamp="2020-09-11T12:46:13.909">
  <mem-info id="3543" free="599117744" total="2785607680" percent="21">
    <mem type="nursery" free="0" total="939524096" percent="0">
      <mem type="allocate" free="0" total="806486016" percent="0" />
      <mem type="survivor" free="0" total="133038080" percent="0" />
    </mem>
    <mem type="tenure" free="599117744" total="1846083584" percent="32">
      <mem type="soa" free="469890992" total="1716856832" percent="27" />
      <mem type="loa" free="129226752" total="129226752" percent="100" />
    </mem>
    <remembered-set count="193507" />
  </mem-info>
</gc-start>
<allocation-stats totalBytes="692491248" >
  <allocated-bytes non-tlh="35144600" tlh="657346648" />
  <largest-consumer threadName="Group1.Backend.CompositeBackend{Tier1}.1" threadId="0000000000789300" bytes="88014368" />
</allocation-stats>
<gc-op id="3544" type="scavenge" timems="116.820" contextid="3541" timestamp="2020-09-11T12:46:14.026">
  <scavenger-info tenureage="3" tenuremask="7ff8" tiltratio="85" />
  <memory-copied type="nursery" objects="4497683" bytes="119038592" bytesdiscarded="211760" />
  <memory-copied type="tenure" objects="1068337" bytes="28702880" bytesdiscarded="81008" />
  <ownableSynchronizers candidates="4122" cleared="3706" />
  <references type="soft" candidates="370" cleared="0" enqueued="0" dynamicThreshold="18" maxThreshold="32" />
  <references type="weak" candidates="105" cleared="104" enqueued="0" />
</gc-op>
<gc-end id="3545" type="scavenge" contextid="3541" durationms="117.749" usertimems="868.391" systemtimems="0.000" timestamp="2020-09-11T12:46:14.027" activeThreads="8">
  <mem-info id="3546" free="1252005816" total="2785607680" percent="44">
    <mem type="nursery" free="681777048" total="939524096" percent="72">
      <mem type="allocate" free="681777048" total="801112064" percent="85" />
      <mem type="survivor" free="0" total="138412032" percent="0" />
    </mem>
    <mem type="tenure" free="570228768" total="1846083584" percent="30" macro-fragmented="0">
      <mem type="soa" free="441002016" total="1716856832" percent="25" />
      <mem type="loa" free="129226752" total="129226752" percent="100" />
    </mem>
    <remembered-set count="30277" />
  </mem-info>
</gc-end>
<cycle-end id="3547" type="scavenge" contextid="3541" timestamp="2020-09-11T12:46:14.031" />
<allocation-satisfied id="3548" threadId="0000000000785700" bytesRequested="24" />
<af-end id="3549" timestamp="2020-09-11T12:46:14.031" threadId="0000000000786080" success="true" from="nursery"/>
<exclusive-end id="3550" timestamp="2020-09-11T12:46:14.031" durationms="122.871" />

<exclusive-start id="3551" timestamp="2020-09-11T12:46:15.973" intervalms="2064.666">
  <response-info timems="3.369" idlems="3.369" threads="0" lastid="0000000000789300" lastname="Group1.Backend.CompositeBackend{Tier1}.1" />
</exclusive-start>
<af-start id="3552" threadId="0000000000789C80" totalBytesRequested="32" timestamp="2020-09-11T12:46:15.974" intervalms="2064.927" type="nursery" />
<cycle-start id="3553" type="scavenge" contextid="0" timestamp="2020-09-11T12:46:15.974" intervalms="2064.956" />
<gc-start id="3554" type="scavenge" contextid="3553" timestamp="2020-09-11T12:46:15.974">
  <mem-info id="3555" free="570228768" total="2785607680" percent="20">
    <mem type="nursery" free="0" total="939524096" percent="0">
      <mem type="allocate" free="0" total="801112064" percent="0" />
      <mem type="survivor" free="0" total="138412032" percent="0" />
    </mem>
    <mem type="tenure" free="570228768" total="1846083584" percent="30">
      <mem type="soa" free="441002016" total="1716856832" percent="25" />
      <mem type="loa" free="129226752" total="129226752" percent="100" />
    </mem>
    <remembered-set count="193764" />
  </mem-info>
</gc-start>
<allocation-stats totalBytes="681457104" >
  <allocated-bytes non-tlh="30301696" tlh="651155408" />
  <largest-consumer threadName="Group1.Backend.CompositeBackend{Tier1}.7" threadId="000000000088BD00" bytes="105985576" />
</allocation-stats>
<gc-op id="3556" type="scavenge" timems="143.561" contextid="3553" timestamp="2020-09-11T12:46:16.118">
  <scavenger-info tenureage="3" tenuremask="7ff8" tiltratio="85" />
  <memory-copied type="nursery" objects="4721698" bytes="123558560" bytesdiscarded="170072" />
  <memory-copied type="tenure" objects="1109100" bytes="29848776" bytesdiscarded="81856" />
  <ownableSynchronizers candidates="3470" cleared="3095" />
  <references type="soft" candidates="335" cleared="0" enqueued="0" dynamicThreshold="18" maxThreshold="32" />
  <references type="weak" candidates="108" cleared="108" enqueued="0" />
</gc-op>
<gc-end id="3557" type="scavenge" contextid="3553" durationms="144.531" usertimems="1132.393" systemtimems="0.000" timestamp="2020-09-11T12:46:16.118" activeThreads="8">
  <mem-info id="3558" free="1213613192" total="2785607680" percent="43">
    <mem type="nursery" free="673233104" total="939524096" percent="71">
      <mem type="allocate" free="673233104" total="797048832" percent="84" />
      <mem type="survivor" free="0" total="142475264" percent="0" />
    </mem>
    <mem type="tenure" free="540380088" total="1846083584" percent="29" macro-fragmented="0">
      <mem type="soa" free="411153336" total="1716856832" percent="23" />
      <mem type="loa" free="129226752" total="129226752" percent="100" />
    </mem>
    <remembered-set count="32221" />
  </mem-info>
</gc-end>
<cycle-end id="3559" type="scavenge" contextid="3553" timestamp="2020-09-11T12:46:16.123" />
<allocation-satisfied id="3560" threadId="0000000000789300" bytesRequested="32" />
<af-end id="3561" timestamp="2020-09-11T12:46:16.123" threadId="0000000000789C80" success="true" from="nursery"/>
<exclusive-end id="3562" timestamp="2020-09-11T12:46:16.123" durationms="150.560" />

<exclusive-start id="3563" timestamp="2020-09-11T12:46:18.013" intervalms="2040.440">
  <response-info timems="0.408" idlems="0.408" threads="0" lastid="0000000000789300" lastname="Group1.Backend.CompositeBackend{Tier1}.1" />
</exclusive-start>
<af-start id="3564" threadId="0000000000789C80" totalBytesRequested="16" timestamp="2020-09-11T12:46:18.014" intervalms="2040.211" type="nursery" />
<cycle-start id="3565" type="scavenge" contextid="0" timestamp="2020-09-11T12:46:18.014" intervalms="2040.172" />
<gc-start id="3566" type="scavenge" contextid="3565" timestamp="2020-09-11T12:46:18.014">
  <mem-info id="3567" free="540380088" total="2785607680" percent="19">
    <mem type="nursery" free="0" total="939524096" percent="0">
      <mem type="allocate" free="0" total="797048832" percent="0" />
      <mem type="survivor" free="0" total="142475264" percent="0" />
    </mem>
    <mem type="tenure" free="540380088" total="1846083584" percent="29">
      <mem type="soa" free="411153336" total="1716856832" percent="23" />
      <mem type="loa" free="129226752" total="129226752" percent="100" />
    </mem>
    <remembered-set count="194388" />
  </mem-info>
</gc-start>
<allocation-stats totalBytes="672920696" >
  <allocated-bytes non-tlh="35487192" tlh="637433504" />
  <largest-consumer threadName="Group1.Backend.CompositeBackend{Tier1}.4" threadId="000000000086B500" bytes="95518512" />
</allocation-stats>
<gc-op id="3568" type="scavenge" timems="97.531" contextid="3565" timestamp="2020-09-11T12:46:18.112">
  <scavenger-info tenureage="3" tenuremask="7ff8" tiltratio="84" />
  <memory-copied type="nursery" objects="4049884" bytes="108649464" bytesdiscarded="390440" />
  <memory-copied type="tenure" objects="1094367" bytes="29411608" bytesdiscarded="81208" />
  <ownableSynchronizers candidates="3525" cleared="3168" />
  <references type="soft" candidates="319" cleared="0" enqueued="0" dynamicThreshold="18" maxThreshold="32" />
  <references type="weak" candidates="127" cleared="127" enqueued="0" />
</gc-op>
<gc-end id="3569" type="scavenge" contextid="3565" durationms="99.550" usertimems="712.941" systemtimems="0.000" timestamp="2020-09-11T12:46:18.114" activeThreads="8">
  <mem-info id="3570" free="1199530592" total="2785607680" percent="43">
    <mem type="nursery" free="688707072" total="939524096" percent="73">
      <mem type="allocate" free="688707072" total="797835264" percent="86" />
      <mem type="survivor" free="0" total="141688832" percent="0" />
    </mem>
    <mem type="tenure" free="510823520" total="1846083584" percent="27" macro-fragmented="0">
      <mem type="soa" free="381596768" total="1716856832" percent="22" />
      <mem type="loa" free="129226752" total="129226752" percent="100" />
    </mem>
    <remembered-set count="32242" />
  </mem-info>
</gc-end>
<cycle-end id="3571" type="scavenge" contextid="3565" timestamp="2020-09-11T12:46:18.116" />
<allocation-satisfied id="3572" threadId="0000000000789300" bytesRequested="16" />
<af-end id="3573" timestamp="2020-09-11T12:46:18.117" threadId="0000000000789C80" success="true" from="nursery"/>
<exclusive-end id="3574" timestamp="2020-09-11T12:46:18.117" durationms="103.494" />

<exclusive-start id="3575" timestamp="2020-09-11T12:46:20.144" intervalms="2130.863">
  <response-info timems="2.820" idlems="2.820" threads="0" lastid="0000000000A3B500" lastname="Group1.TxInjector.CompositeTxInjector.I.driver.probe.62" />
</exclusive-start>
<af-start id="3576" threadId="0000000000A3BE80" totalBytesRequested="16" timestamp="2020-09-11T12:46:20.145" intervalms="2130.940" type="nursery" />
<cycle-start id="3577" type="scavenge" contextid="0" timestamp="2020-09-11T12:46:20.145" intervalms="2130.979" />
<gc-start id="3578" type="scavenge" contextid="3577" timestamp="2020-09-11T12:46:20.145">
  <mem-info id="3579" free="510823520" total="2785607680" percent="18">
    <mem type="nursery" free="0" total="939524096" percent="0">
      <mem type="allocate" free="0" total="797835264" percent="0" />
      <mem type="survivor" free="0" total="141688832" percent="0" />
    </mem>
    <mem type="tenure" free="510823520" total="1846083584" percent="27">
      <mem type="soa" free="381596768" total="1716856832" percent="22" />
      <mem type="loa" free="129226752" total="129226752" percent="100" />
    </mem>
    <remembered-set count="194976" />
  </mem-info>
</gc-start>
<allocation-stats totalBytes="688393744" >
  <allocated-bytes non-tlh="31756824" tlh="656636920" />
  <largest-consumer threadName="Group1.Backend.CompositeBackend{Tier1}.1" threadId="0000000000789300" bytes="99691344" />
</allocation-stats>
<gc-op id="3580" type="scavenge" timems="140.907" contextid="3577" timestamp="2020-09-11T12:46:20.286">
  <scavenger-info tenureage="3" tenuremask="7ff8" tiltratio="84" />
  <memory-copied type="nursery" objects="4055915" bytes="108754912" bytesdiscarded="214040" />
  <memory-copied type="tenure" objects="1085059" bytes="29170112" bytesdiscarded="79328" />
  <ownableSynchronizers candidates="3666" cleared="3305" />
  <references type="soft" candidates="335" cleared="0" enqueued="0" dynamicThreshold="18" maxThreshold="32" />
  <references type="weak" candidates="131" cleared="131" enqueued="0" />
</gc-op>
<gc-end id="3581" type="scavenge" contextid="3577" durationms="141.836" usertimems="1016.981" systemtimems="26.051" timestamp="2020-09-11T12:46:20.287" activeThreads="8">
  <mem-info id="3582" free="1174389064" total="2785607680" percent="42">
    <mem type="nursery" free="692783872" total="939524096" percent="73">
      <mem type="allocate" free="692783872" total="801832960" percent="86" />
      <mem type="survivor" free="0" total="137691136" percent="0" />
    </mem>
    <mem type="tenure" free="481605192" total="1846083584" percent="26" macro-fragmented="0">
      <mem type="soa" free="352378440" total="1716856832" percent="20" />
      <mem type="loa" free="129226752" total="129226752" percent="100" />
    </mem>
    <remembered-set count="31674" />
  </mem-info>
</gc-end>
<cycle-end id="3583" type="scavenge" contextid="3577" timestamp="2020-09-11T12:46:20.288" />
<allocation-satisfied id="3584" threadId="0000000000A3B500" bytesRequested="16" />
<af-end id="3585" timestamp="2020-09-11T12:46:20.288" threadId="0000000000A3BE80" success="true" from="nursery"/>
<exclusive-end id="3586" timestamp="2020-09-11T12:46:20.288" durationms="144.289" />

<exclusive-start id="3587" timestamp="2020-09-11T12:46:22.300" intervalms="2155.718">
  <response-info timems="2.032" idlems="2.032" threads="0" lastid="0000000000789300" lastname="Group1.Backend.CompositeBackend{Tier1}.1" />
</exclusive-start>
<af-start id="3588" threadId="0000000000789C80" totalBytesRequested="400" timestamp="2020-09-11T12:46:22.300" intervalms="2155.699" type="nursery" />
<cycle-start id="3589" type="scavenge" contextid="0" timestamp="2020-09-11T12:46:22.301" intervalms="2155.679" />
<gc-start id="3590" type="scavenge" contextid="3589" timestamp="2020-09-11T12:46:22.301">
  <mem-info id="3591" free="481605192" total="2785607680" percent="17">
    <mem type="nursery" free="0" total="939524096" percent="0">
      <mem type="allocate" free="0" total="801832960" percent="0" />
      <mem type="survivor" free="0" total="137691136" percent="0" />
    </mem>
    <mem type="tenure" free="481605192" total="1846083584" percent="26">
      <mem type="soa" free="352378440" total="1716856832" percent="20" />
      <mem type="loa" free="129226752" total="129226752" percent="100" />
    </mem>
    <remembered-set count="198818" />
  </mem-info>
</gc-start>
<allocation-stats totalBytes="692448912" >
  <allocated-bytes non-tlh="25164240" tlh="667284672" />
  <largest-consumer threadName="Group1.Backend.CompositeBackend{Tier1}.6" threadId="000000000089DB00" bytes="93928552" />
</allocation-stats>
<gc-op id="3592" type="scavenge" timems="153.375" contextid="3589" timestamp="2020-09-11T12:46:22.454">
  <scavenger-info tenureage="3" tenuremask="7ff8" tiltratio="85" />
  <memory-copied type="nursery" objects="4299339" bytes="114547264" bytesdiscarded="192408" />
  <memory-copied type="tenure" objects="1084379" bytes="29131072" bytesdiscarded="78856" />
  <ownableSynchronizers candidates="4852" cleared="4456" />
  <references type="soft" candidates="394" cleared="0" enqueued="0" dynamicThreshold="18" maxThreshold="32" />
  <references type="weak" candidates="99" cleared="98" enqueued="0" />
</gc-op>
<gc-end id="3593" type="scavenge" contextid="3589" durationms="154.761" usertimems="1160.930" systemtimems="15.994" timestamp="2020-09-11T12:46:22.456" activeThreads="8">
  <mem-info id="3594" free="1139966920" total="2785607680" percent="40">
    <mem type="nursery" free="687530744" total="939524096" percent="73">
      <mem type="allocate" free="687530744" total="802357248" percent="85" />
      <mem type="survivor" free="0" total="137166848" percent="0" />
    </mem>
    <mem type="tenure" free="452436176" total="1846083584" percent="24" macro-fragmented="0">
      <mem type="soa" free="323209424" total="1716856832" percent="18" />
      <mem type="loa" free="129226752" total="129226752" percent="100" />
    </mem>
    <remembered-set count="31462" />
  </mem-info>
</gc-end>
<cycle-end id="3595" type="scavenge" contextid="3589" timestamp="2020-09-11T12:46:22.457" />
<allocation-satisfied id="3596" threadId="0000000000789300" bytesRequested="400" />
<af-end id="3597" timestamp="2020-09-11T12:46:22.458" threadId="0000000000789C80" success="true" from="nursery"/>
<exclusive-end id="3598" timestamp="2020-09-11T12:46:22.458" durationms="157.824" />

<exclusive-start id="3599" timestamp="2020-09-11T12:46:24.288" intervalms="1988.600">
  <response-info timems="0.910" idlems="0.910" threads="0" lastid="0000000000785700" lastname="Group1.Backend.CompositeBackend{Tier1}.2" />
</exclusive-start>
<af-start id="3600" threadId="0000000000786080" totalBytesRequested="664" timestamp="2020-09-11T12:46:24.289" intervalms="1988.678" type="nursery" />
<cycle-start id="3601" type="scavenge" contextid="0" timestamp="2020-09-11T12:46:24.289" intervalms="1988.680" />
<gc-start id="3602" type="scavenge" contextid="3601" timestamp="2020-09-11T12:46:24.290">
  <mem-info id="3603" free="452436176" total="2785607680" percent="16">
    <mem type="nursery" free="0" total="939524096" percent="0">
      <mem type="allocate" free="0" total="802357248" percent="0" />
      <mem type="survivor" free="0" total="137166848" percent="0" />
    </mem>
    <mem type="tenure" free="452436176" total="1846083584" percent="24">
      <mem type="soa" free="323209424" total="1716856832" percent="18" />
      <mem type="loa" free="129226752" total="129226752" percent="100" />
    </mem>
    <remembered-set count="189215" />
  </mem-info>
</gc-start>
<allocation-stats totalBytes="687230544" >
  <allocated-bytes non-tlh="41430648" tlh="645799896" />
  <largest-consumer threadName="Group1.Backend.CompositeBackend{Tier1}.7" threadId="000000000088BD00" bytes="112838968" />
</allocation-stats>
<gc-op id="3604" type="scavenge" timems="128.401" contextid="3601" timestamp="2020-09-11T12:46:24.418">
  <scavenger-info tenureage="3" tenuremask="7ff8" tiltratio="85" />
  <memory-copied type="nursery" objects="4304804" bytes="114557096" bytesdiscarded="235296" />
  <memory-copied type="tenure" objects="1074521" bytes="28871928" bytesdiscarded="77752" />
  <ownableSynchronizers candidates="3594" cleared="3174" />
  <references type="soft" candidates="422" cleared="0" enqueued="0" dynamicThreshold="18" maxThreshold="32" />
  <references type="weak" candidates="128" cleared="128" enqueued="0" />
</gc-op>
<gc-end id="3605" type="scavenge" contextid="3601" durationms="129.735" usertimems="951.870" systemtimems="0.000" timestamp="2020-09-11T12:46:24.419" activeThreads="8">
  <mem-info id="3606" free="1112794056" total="2785607680" percent="39">
    <mem type="nursery" free="689255512" total="939524096" percent="73">
      <mem type="allocate" free="689255512" total="804126720" percent="85" />
      <mem type="survivor" free="0" total="135397376" percent="0" />
    </mem>
    <mem type="tenure" free="423538544" total="1846083584" percent="22" macro-fragmented="0">
      <mem type="soa" free="294311792" total="1716856832" percent="17" />
      <mem type="loa" free="129226752" total="129226752" percent="100" />
    </mem>
    <remembered-set count="30266" />
  </mem-info>
</gc-end>
<cycle-end id="3607" type="scavenge" contextid="3601" timestamp="2020-09-11T12:46:24.421" />
<allocation-satisfied id="3608" threadId="0000000000785700" bytesRequested="664" />
<af-end id="3609" timestamp="2020-09-11T12:46:24.421" threadId="0000000000786080" success="true" from="nursery"/>
<exclusive-end id="3610" timestamp="2020-09-11T12:46:24.421" durationms="132.809" />

<exclusive-start id="3611" timestamp="2020-09-11T12:46:26.468" intervalms="2179.662">
  <response-info timems="1.217" idlems="0.649" threads="1" lastid="0000000000789300" lastname="Group1.Backend.CompositeBackend{Tier1}.1" />
</exclusive-start>
<af-start id="3612" threadId="0000000000786080" totalBytesRequested="16" timestamp="2020-09-11T12:46:26.469" intervalms="2179.647" type="nursery" />
<cycle-start id="3613" type="scavenge" contextid="0" timestamp="2020-09-11T12:46:26.469" intervalms="2179.643" />
<gc-start id="3614" type="scavenge" contextid="3613" timestamp="2020-09-11T12:46:26.469">
  <mem-info id="3615" free="423538544" total="2785607680" percent="15">
    <mem type="nursery" free="0" total="939524096" percent="0">
      <mem type="allocate" free="0" total="804126720" percent="0" />
      <mem type="survivor" free="0" total="135397376" percent="0" />
    </mem>
    <mem type="tenure" free="423538544" total="1846083584" percent="22">
      <mem type="soa" free="294311792" total="1716856832" percent="17" />
      <mem type="loa" free="129226752" total="129226752" percent="100" />
    </mem>
    <remembered-set count="196710" />
  </mem-info>
</gc-start>
<allocation-stats totalBytes="688920864" >
  <allocated-bytes non-tlh="29721432" tlh="659199432" />
  <largest-consumer threadName="Group1.Backend.CompositeBackend{Tier1}.1" threadId="0000000000789300" bytes="99642840" />
</allocation-stats>
<gc-op id="3616" type="scavenge" timems="120.294" contextid="3613" timestamp="2020-09-11T12:46:26.590">
  <scavenger-info tenureage="3" tenuremask="7ff8" tiltratio="85" />
  <memory-copied type="nursery" objects="4173865" bytes="111855216" bytesdiscarded="194600" />
  <memory-copied type="tenure" objects="1090965" bytes="29335312" bytesdiscarded="102368" />
  <ownableSynchronizers candidates="3301" cleared="2897" />
  <references type="soft" candidates="412" cleared="0" enqueued="0" dynamicThreshold="18" maxThreshold="32" />
  <references type="weak" candidates="118" cleared="118" enqueued="0" />
</gc-op>
<gc-end id="3617" type="scavenge" contextid="3613" durationms="121.682" usertimems="900.283" systemtimems="5.996" timestamp="2020-09-11T12:46:26.591" activeThreads="8">
  <mem-info id="3618" free="1087531688" total="2785607680" percent="39">
    <mem type="nursery" free="693428224" total="939524096" percent="73">
      <mem type="allocate" free="693428224" total="805568512" percent="86" />
      <mem type="survivor" free="0" total="133955584" percent="0" />
    </mem>
    <mem type="tenure" free="394103464" total="1846083584" percent="21" macro-fragmented="0">
      <mem type="soa" free="264876712" total="1716856832" percent="15" />
      <mem type="loa" free="129226752" total="129226752" percent="100" />
    </mem>
    <remembered-set count="30722" />
  </mem-info>
</gc-end>
<cycle-end id="3619" type="scavenge" contextid="3613" timestamp="2020-09-11T12:46:26.593" />
<allocation-satisfied id="3620" threadId="0000000000785700" bytesRequested="16" />
<af-end id="3621" timestamp="2020-09-11T12:46:26.593" threadId="0000000000786080" success="true" from="nursery"/>
<exclusive-end id="3622" timestamp="2020-09-11T12:46:26.593" durationms="124.737" />

<exclusive-start id="3623" timestamp="2020-09-11T12:46:28.608" intervalms="2139.734">
  <response-info timems="0.466" idlems="0.452" threads="1" lastid="0000000000789300" lastname="Group1.Backend.CompositeBackend{Tier1}.1" />
</exclusive-start>
<af-start id="3624" threadId="0000000000786080" totalBytesRequested="32" timestamp="2020-09-11T12:46:28.609" intervalms="2139.826" type="nursery" />
<cycle-start id="3625" type="scavenge" contextid="0" timestamp="2020-09-11T12:46:28.609" intervalms="2139.850" />
<gc-start id="3626" type="scavenge" contextid="3625" timestamp="2020-09-11T12:46:28.609">
  <mem-info id="3627" free="394103464" total="2785607680" percent="14">
    <mem type="nursery" free="0" total="939524096" percent="0">
      <mem type="allocate" free="0" total="805568512" percent="0" />
      <mem type="survivor" free="0" total="133955584" percent="0" />
    </mem>
    <mem type="tenure" free="394103464" total="1846083584" percent="21">
      <mem type="soa" free="264876712" total="1716856832" percent="15" />
      <mem type="loa" free="129226752" total="129226752" percent="100" />
    </mem>
    <remembered-set count="196808" />
  </mem-info>
</gc-start>
<allocation-stats totalBytes="693087008" >
  <allocated-bytes non-tlh="30709816" tlh="662377192" />
  <largest-consumer threadName="Group1.Backend.CompositeBackend{Tier1}.2" threadId="0000000000785700" bytes="96344216" />
</allocation-stats>
<gc-op id="3628" type="scavenge" timems="122.381" contextid="3625" timestamp="2020-09-11T12:46:28.732">
  <scavenger-info tenureage="3" tenuremask="7ff8" tiltratio="85" />
  <memory-copied type="nursery" objects="4323378" bytes="114576392" bytesdiscarded="154944" />
  <memory-copied type="tenure" objects="1139535" bytes="30647384" bytesdiscarded="97904" />
  <ownableSynchronizers candidates="3830" cleared="3433" />
  <references type="soft" candidates="362" cleared="0" enqueued="0" dynamicThreshold="18" maxThreshold="32" />
  <references type="weak" candidates="93" cleared="93" enqueued="0" />
</gc-op>
<gc-end id="3629" type="scavenge" contextid="3625" durationms="123.871" usertimems="936.115" systemtimems="2.363" timestamp="2020-09-11T12:46:28.733" activeThreads="8">
  <mem-info id="3630" free="1054579344" total="2785607680" percent="37">
    <mem type="nursery" free="691281392" total="939524096" percent="73">
      <mem type="allocate" free="691281392" total="806092800" percent="85" />
      <mem type="survivor" free="0" total="133431296" percent="0" />
    </mem>
    <mem type="tenure" free="363297952" total="1846083584" percent="19" macro-fragmented="0">
      <mem type="soa" free="234071200" total="1716856832" percent="13" />
      <mem type="loa" free="129226752" total="129226752" percent="100" />
    </mem>
    <remembered-set count="32630" />
  </mem-info>
</gc-end>
<cycle-end id="3631" type="scavenge" contextid="3625" timestamp="2020-09-11T12:46:28.735" />
<allocation-satisfied id="3632" threadId="0000000000785700" bytesRequested="32" />
<af-end id="3633" timestamp="2020-09-11T12:46:28.735" threadId="0000000000786080" success="true" from="nursery"/>
<exclusive-end id="3634" timestamp="2020-09-11T12:46:28.735" durationms="126.945" />

<exclusive-start id="3635" timestamp="2020-09-11T12:46:30.787" intervalms="2179.200">
  <response-info timems="0.413" idlems="0.413" threads="0" lastid="000000000088EE00" lastname="Group1.Backend.CompositeBackend{Tier1}.5" />
</exclusive-start>
<af-start id="3636" threadId="000000000088F780" totalBytesRequested="664" timestamp="2020-09-11T12:46:30.788" intervalms="2178.960" type="nursery" />
<cycle-start id="3637" type="scavenge" contextid="0" timestamp="2020-09-11T12:46:30.788" intervalms="2178.942" />
<gc-start id="3638" type="scavenge" contextid="3637" timestamp="2020-09-11T12:46:30.788">
  <mem-info id="3639" free="363297952" total="2785607680" percent="13">
    <mem type="nursery" free="0" total="939524096" percent="0">
      <mem type="allocate" free="0" total="806092800" percent="0" />
      <mem type="survivor" free="0" total="133431296" percent="0" />
    </mem>
    <mem type="tenure" free="363297952" total="1846083584" percent="19">
      <mem type="soa" free="234071200" total="1716856832" percent="13" />
      <mem type="loa" free="129226752" total="129226752" percent="100" />
    </mem>
    <remembered-set count="197862" />
  </mem-info>
</gc-start>
<allocation-stats totalBytes="690964296" >
  <allocated-bytes non-tlh="29439456" tlh="661524840" />
  <largest-consumer threadName="Group1.Backend.CompositeBackend{Tier1}.5" threadId="000000000088EE00" bytes="101927216" />
</allocation-stats>
<gc-op id="3640" type="scavenge" timems="120.105" contextid="3637" timestamp="2020-09-11T12:46:30.908">
  <scavenger-info tenureage="3" tenuremask="7ff8" tiltratio="85" />
  <memory-copied type="nursery" objects="4157268" bytes="111711928" bytesdiscarded="209368" />
  <memory-copied type="tenure" objects="1011326" bytes="27166696" bytesdiscarded="98048" />
  <ownableSynchronizers candidates="4067" cleared="3707" />
  <references type="soft" candidates="367" cleared="0" enqueued="0" dynamicThreshold="18" maxThreshold="32" />
  <references type="weak" candidates="122" cleared="122" enqueued="0" />
</gc-op>
<gc-end id="3641" type="scavenge" contextid="3637" durationms="121.992" usertimems="911.053" systemtimems="0.000" timestamp="2020-09-11T12:46:30.910" activeThreads="8">
  <mem-info id="3642" free="1031193856" total="2785607680" percent="37">
    <mem type="nursery" free="695066112" total="939524096" percent="73">
      <mem type="allocate" free="695066112" total="807075840" percent="86" />
      <mem type="survivor" free="0" total="132448256" percent="0" />
    </mem>
    <mem type="tenure" free="336127744" total="1846083584" percent="18" macro-fragmented="0">
      <mem type="soa" free="206900992" total="1716856832" percent="12" />
      <mem type="loa" free="129226752" total="129226752" percent="100" />
    </mem>
    <remembered-set count="32140" />
  </mem-info>
</gc-end>
<cycle-end id="3643" type="scavenge" contextid="3637" timestamp="2020-09-11T12:46:30.912" />
<allocation-satisfied id="3644" threadId="000000000088EE00" bytesRequested="664" />
<af-end id="3645" timestamp="2020-09-11T12:46:30.912" threadId="000000000088F780" success="true" from="nursery"/>
<exclusive-end id="3646" timestamp="2020-09-11T12:46:30.912" durationms="124.862" />

<exclusive-start id="3647" timestamp="2020-09-11T12:46:32.824" intervalms="2036.690">
  <response-info timems="6.750" idlems="6.750" threads="0" lastid="000000000088EE00" lastname="Group1.Backend.CompositeBackend{Tier1}.5" />
</exclusive-start>
<af-start id="3648" threadId="000000000088F780" totalBytesRequested="32" timestamp="2020-09-11T12:46:32.824" intervalms="2036.863" type="nursery" />
<cycle-start id="3649" type="scavenge" contextid="0" timestamp="2020-09-11T12:46:32.825" intervalms="2037.288" />
<gc-start id="3650" type="scavenge" contextid="3649" timestamp="2020-09-11T12:46:32.825">
  <mem-info id="3651" free="336127744" total="2785607680" percent="12">
    <mem type="nursery" free="0" total="939524096" percent="0">
      <mem type="allocate" free="0" total="807075840" percent="0" />
      <mem type="survivor" free="0" total="132448256" percent="0" />
    </mem>
    <mem type="tenure" free="336127744" total="1846083584" percent="18">
      <mem type="soa" free="206900992" total="1716856832" percent="12" />
      <mem type="loa" free="129226752" total="129226752" percent="100" />
    </mem>
    <remembered-set count="193465" />
  </mem-info>
</gc-start>
<allocation-stats totalBytes="694730024" >
  <allocated-bytes non-tlh="39028384" tlh="655701640" />
  <largest-consumer threadName="Group1.Backend.CompositeBackend{Tier1}.6" threadId="000000000089DB00" bytes="93496856" />
</allocation-stats>
<gc-op id="3652" type="scavenge" timems="100.582" contextid="3649" timestamp="2020-09-11T12:46:32.926">
  <scavenger-info tenureage="3" tenuremask="7ff8" tiltratio="85" />
  <memory-copied type="nursery" objects="4094130" bytes="110004016" bytesdiscarded="370896" />
  <memory-copied type="tenure" objects="1128893" bytes="30351352" bytesdiscarded="122608" />
  <ownableSynchronizers candidates="3884" cleared="3512" />
  <references type="soft" candidates="393" cleared="0" enqueued="0" dynamicThreshold="18" maxThreshold="32" />
  <references type="weak" candidates="123" cleared="123" enqueued="0" />
</gc-op>
<gc-end id="3653" type="scavenge" contextid="3649" durationms="102.052" usertimems="776.674" systemtimems="0.000" timestamp="2020-09-11T12:46:32.927" activeThreads="8">
  <mem-info id="3654" free="1003795016" total="2785607680" percent="36">
    <mem type="nursery" free="698060736" total="939524096" percent="74">
      <mem type="allocate" free="698060736" total="808517632" percent="86" />
      <mem type="survivor" free="0" total="131006464" percent="0" />
    </mem>
    <mem type="tenure" free="305734280" total="1846083584" percent="16" macro-fragmented="0">
      <mem type="soa" free="176507528" total="1716856832" percent="10" />
      <mem type="loa" free="129226752" total="129226752" percent="100" />
    </mem>
    <remembered-set count="32681" />
  </mem-info>
</gc-end>
<cycle-end id="3655" type="scavenge" contextid="3649" timestamp="2020-09-11T12:46:32.929" />
<allocation-satisfied id="3656" threadId="000000000088EE00" bytesRequested="32" />
<af-end id="3657" timestamp="2020-09-11T12:46:32.929" threadId="000000000088F780" success="true" from="nursery"/>
<exclusive-end id="3658" timestamp="2020-09-11T12:46:32.929" durationms="105.456" />

<exclusive-start id="3659" timestamp="2020-09-11T12:46:34.891" intervalms="2067.082">
  <response-info timems="0.717" idlems="0.717" threads="0" lastid="000000000086B500" lastname="Group1.Backend.CompositeBackend{Tier1}.4" />
</exclusive-start>
<af-start id="3660" threadId="000000000086BE80" totalBytesRequested="131080" timestamp="2020-09-11T12:46:34.891" intervalms="2067.009" type="nursery" />
<cycle-start id="3661" type="scavenge" contextid="0" timestamp="2020-09-11T12:46:34.892" intervalms="2066.605" />
<gc-start id="3662" type="scavenge" contextid="3661" timestamp="2020-09-11T12:46:34.892">
  <mem-info id="3663" free="305734280" total="2785607680" percent="10">
    <mem type="nursery" free="0" total="939524096" percent="0">
      <mem type="allocate" free="0" total="808517632" percent="0" />
      <mem type="survivor" free="0" total="131006464" percent="0" />
    </mem>
    <mem type="tenure" free="305734280" total="1846083584" percent="16">
      <mem type="soa" free="176507528" total="1716856832" percent="10" />
      <mem type="loa" free="129226752" total="129226752" percent="100" />
    </mem>
    <remembered-set count="196377" />
  </mem-info>
</gc-start>
<allocation-stats totalBytes="697736824" >
  <allocated-bytes non-tlh="34138992" tlh="663597832" />
  <largest-consumer threadName="Group1.Backend.CompositeBackend{Tier1}.8" threadId="00000000008D4B00" bytes="91197480" />
</allocation-stats>
<gc-op id="3664" type="scavenge" timems="129.652" contextid="3661" timestamp="2020-09-11T12:46:35.022">
  <scavenger-info tenureage="3" tenuremask="7ff8" tiltratio="86" />
  <memory-copied type="nursery" objects="4444915" bytes="117822384" bytesdiscarded="163920" />
  <memory-copied type="tenure" objects="1124452" bytes="30196248" bytesdiscarded="115440" />
  <ownableSynchronizers candidates="4299" cleared="3905" />
  <references type="soft" candidates="405" cleared="0" enqueued="0" dynamicThreshold="18" maxThreshold="32" />
  <references type="weak" candidates="112" cleared="112" enqueued="0" />
</gc-op>
<gc-end id="3665" type="scavenge" contextid="3661" durationms="131.012" usertimems="955.107" systemtimems="0.000" timestamp="2020-09-11T12:46:35.023" activeThreads="8">
  <mem-info id="3666" free="958063912" total="2785607680" percent="34">
    <mem type="nursery" free="682646816" total="939524096" percent="72">
      <mem type="allocate" free="682646816" total="800718848" percent="85" />
      <mem type="survivor" free="0" total="138805248" percent="0" />
    </mem>
    <mem type="tenure" free="275417096" total="1846083584" percent="14" macro-fragmented="0">
      <mem type="soa" free="146190344" total="1716856832" percent="8" />
      <mem type="loa" free="129226752" total="129226752" percent="100" />
    </mem>
    <remembered-set count="31307" />
  </mem-info>
</gc-end>
<cycle-end id="3667" type="scavenge" contextid="3661" timestamp="2020-09-11T12:46:35.025" />
<allocation-satisfied id="3668" threadId="000000000086B500" bytesRequested="131080" />
<af-end id="3669" timestamp="2020-09-11T12:46:35.025" threadId="000000000086BE80" success="true" from="nursery"/>
<exclusive-end id="3670" timestamp="2020-09-11T12:46:35.025" durationms="133.977" />

<exclusive-start id="3671" timestamp="2020-09-11T12:46:37.021" intervalms="2130.357">
  <response-info timems="0.496" idlems="0.496" threads="0" lastid="0000000000A89900" lastname="Group1.Backend.CompositeBackend{Tier3}.8" />
</exclusive-start>
<af-start id="3672" threadId="0000000000A8A280" totalBytesRequested="24" timestamp="2020-09-11T12:46:37.022" intervalms="2130.409" type="nursery" />
<cycle-start id="3673" type="scavenge" contextid="0" timestamp="2020-09-11T12:46:37.022" intervalms="2130.415" />
<gc-start id="3674" type="scavenge" contextid="3673" timestamp="2020-09-11T12:46:37.022">
  <mem-info id="3675" free="275417096" total="2785607680" percent="9">
    <mem type="nursery" free="0" total="939524096" percent="0">
      <mem type="allocate" free="0" total="800718848" percent="0" />
      <mem type="survivor" free="0" total="138805248" percent="0" />
    </mem>
    <mem type="tenure" free="275417096" total="1846083584" percent="14">
      <mem type="soa" free="146190344" total="1716856832" percent="8" />
      <mem type="loa" free="129226752" total="129226752" percent="100" />
    </mem>
    <remembered-set count="195862" />
  </mem-info>
</gc-start>
<allocation-stats totalBytes="682319832" >
  <allocated-bytes non-tlh="29030296" tlh="653289536" />
  <largest-consumer threadName="Group1.Backend.CompositeBackend{Tier1}.4" threadId="000000000086B500" bytes="97159584" />
</allocation-stats>
<gc-op id="3676" type="scavenge" timems="108.989" contextid="3673" timestamp="2020-09-11T12:46:37.131">
  <scavenger-info tenureage="3" tenuremask="7ff8" tiltratio="85" />
  <memory-copied type="nursery" objects="4078151" bytes="109396888" bytesdiscarded="163264" />
  <memory-copied type="tenure" objects="1114632" bytes="30115160" bytesdiscarded="139472" />
  <ownableSynchronizers candidates="4476" cleared="4048" />
  <references type="soft" candidates="407" cleared="0" enqueued="0" dynamicThreshold="18" maxThreshold="32" />
  <references type="weak" candidates="123" cleared="122" enqueued="0" />
</gc-op>
<gc-end id="3677" type="scavenge" contextid="3673" durationms="110.109" usertimems="801.388" systemtimems="0.000" timestamp="2020-09-11T12:46:37.132" activeThreads="8">
  <mem-info id="3678" free="937482944" total="2785607680" percent="33">
    <mem type="nursery" free="692443904" total="939524096" percent="73">
      <mem type="allocate" free="692443904" total="802095104" percent="86" />
      <mem type="survivor" free="0" total="137428992" percent="0" />
    </mem>
    <mem type="tenure" free="245039040" total="1846083584" percent="13" macro-fragmented="0">
      <mem type="soa" free="115812288" total="1716856832" percent="6" />
      <mem type="loa" free="129226752" total="129226752" percent="100" />
    </mem>
    <remembered-set count="32719" />
  </mem-info>
</gc-end>
<cycle-end id="3679" type="scavenge" contextid="3673" timestamp="2020-09-11T12:46:37.134" />
<allocation-satisfied id="3680" threadId="0000000000A89900" bytesRequested="24" />
<af-end id="3681" timestamp="2020-09-11T12:46:37.134" threadId="0000000000A8A280" success="true" from="nursery"/>
<exclusive-end id="3682" timestamp="2020-09-11T12:46:37.134" durationms="112.971" />

<exclusive-start id="3683" timestamp="2020-09-11T12:46:39.073" intervalms="2051.705">
  <response-info timems="0.625" idlems="0.610" threads="1" lastid="000000000086A900" lastname="Group1.Backend.CompositeBackend{Tier1}.3" />
</exclusive-start>
<af-start id="3684" threadId="0000000000789C80" totalBytesRequested="32" timestamp="2020-09-11T12:46:39.073" intervalms="2051.505" type="nursery" />
<cycle-start id="3685" type="scavenge" contextid="0" timestamp="2020-09-11T12:46:39.073" intervalms="2051.458" />
<gc-start id="3686" type="scavenge" contextid="3685" timestamp="2020-09-11T12:46:39.074">
  <mem-info id="3687" free="245039040" total="2785607680" percent="8">
    <mem type="nursery" free="0" total="939524096" percent="0">
      <mem type="allocate" free="0" total="802095104" percent="0" />
      <mem type="survivor" free="0" total="137428992" percent="0" />
    </mem>
    <mem type="tenure" free="245039040" total="1846083584" percent="13">
      <mem type="soa" free="115812288" total="1716856832" percent="6" />
      <mem type="loa" free="129226752" total="129226752" percent="100" />
    </mem>
    <remembered-set count="193815" />
  </mem-info>
</gc-start>
<allocation-stats totalBytes="692122352" >
  <allocated-bytes non-tlh="37610168" tlh="654512184" />
  <largest-consumer threadName="Group1.Backend.CompositeBackend{Tier1}.6" threadId="000000000089DB00" bytes="106223672" />
</allocation-stats>
<gc-op id="3688" type="scavenge" timems="105.284" contextid="3685" timestamp="2020-09-11T12:46:39.179">
  <scavenger-info tenureage="3" tenuremask="7ff8" tiltratio="85" />
  <memory-copied type="nursery" objects="4075481" bytes="109311400" bytesdiscarded="174680" />
  <memory-copied type="tenure" objects="1060666" bytes="28486968" bytesdiscarded="129328" />
  <ownableSynchronizers candidates="3987" cleared="3579" />
  <references type="soft" candidates="340" cleared="0" enqueued="0" dynamicThreshold="18" maxThreshold="32" />
  <references type="weak" candidates="128" cleared="128" enqueued="0" />
</gc-op>
<gc-end id="3689" type="scavenge" contextid="3685" durationms="106.233" usertimems="756.339" systemtimems="0.000" timestamp="2020-09-11T12:46:39.180" activeThreads="8">
  <mem-info id="3690" free="911984072" total="2785607680" percent="32">
    <mem type="nursery" free="695471360" total="939524096" percent="74">
      <mem type="allocate" free="695471360" total="805044224" percent="86" />
      <mem type="survivor" free="0" total="134479872" percent="0" />
    </mem>
    <mem type="tenure" free="216512712" total="1846083584" percent="11" macro-fragmented="0">
      <mem type="soa" free="87285960" total="1716856832" percent="5" />
      <mem type="loa" free="129226752" total="129226752" percent="100" />
    </mem>
    <remembered-set count="31398" />
  </mem-info>
</gc-end>
<cycle-end id="3691" type="scavenge" contextid="3685" timestamp="2020-09-11T12:46:39.182" />
<allocation-satisfied id="3692" threadId="0000000000789300" bytesRequested="32" />
<af-end id="3693" timestamp="2020-09-11T12:46:39.182" threadId="0000000000789C80" success="true" from="nursery"/>
<exclusive-end id="3694" timestamp="2020-09-11T12:46:39.182" durationms="109.303" />

<exclusive-start id="3695" timestamp="2020-09-11T12:46:41.210" intervalms="2137.606">
  <response-info timems="0.283" idlems="0.283" threads="0" lastid="0000000000785700" lastname="Group1.Backend.CompositeBackend{Tier1}.2" />
</exclusive-start>
<af-start id="3696" threadId="0000000000786080" totalBytesRequested="1032" timestamp="2020-09-11T12:46:41.211" intervalms="2137.742" type="nursery" />
<cycle-start id="3697" type="scavenge" contextid="0" timestamp="2020-09-11T12:46:41.211" intervalms="2137.744" />
<gc-start id="3698" type="scavenge" contextid="3697" timestamp="2020-09-11T12:46:41.212">
  <mem-info id="3699" free="216512712" total="2785607680" percent="7">
    <mem type="nursery" free="0" total="939524096" percent="0">
      <mem type="allocate" free="0" total="805044224" percent="0" />
      <mem type="survivor" free="0" total="134479872" percent="0" />
    </mem>
    <mem type="tenure" free="216512712" total="1846083584" percent="11">
      <mem type="soa" free="87285960" total="1716856832" percent="5" />
      <mem type="loa" free="129226752" total="129226752" percent="100" />
    </mem>
    <remembered-set count="197412" />
  </mem-info>
</gc-start>
<allocation-stats totalBytes="695141424" >
  <allocated-bytes non-tlh="32669704" tlh="662471720" />
  <largest-consumer threadName="Group1.Backend.CompositeBackend{Tier1}.8" threadId="00000000008D4B00" bytes="94212456" />
</allocation-stats>
<gc-op id="3700" type="scavenge" timems="111.105" contextid="3697" timestamp="2020-09-11T12:46:41.323">
  <scavenger-info tenureage="3" tenuremask="7ff8" tiltratio="85" />
  <memory-copied type="nursery" objects="4325643" bytes="115176056" bytesdiscarded="165272" />
  <memory-copied type="tenure" objects="1090716" bytes="29304376" bytesdiscarded="103008" />
  <ownableSynchronizers candidates="3740" cleared="3354" />
  <references type="soft" candidates="333" cleared="0" enqueued="0" dynamicThreshold="18" maxThreshold="32" />
  <references type="weak" candidates="94" cleared="93" enqueued="0" />
</gc-op>
<gc-end id="3701" type="scavenge" contextid="3697" durationms="112.064" usertimems="766.974" systemtimems="0.000" timestamp="2020-09-11T12:46:41.323" activeThreads="8">
  <mem-info id="3702" free="875800448" total="2785607680" percent="31">
    <mem type="nursery" free="688702080" total="939524096" percent="73">
      <mem type="allocate" free="688702080" total="804126720" percent="85" />
      <mem type="survivor" free="0" total="135397376" percent="0" />
    </mem>
    <mem type="tenure" free="187098368" total="1846083584" percent="10" macro-fragmented="0">
      <mem type="soa" free="57871616" total="1716856832" percent="3" />
      <mem type="loa" free="129226752" total="129226752" percent="100" />
    </mem>
    <remembered-set count="31888" />
  </mem-info>
</gc-end>
<cycle-end id="3703" type="scavenge" contextid="3697" timestamp="2020-09-11T12:46:41.325" />
<allocation-satisfied id="3704" threadId="0000000000785700" bytesRequested="1032" />
<af-end id="3705" timestamp="2020-09-11T12:46:41.325" threadId="0000000000786080" success="true" from="nursery"/>
<exclusive-end id="3706" timestamp="2020-09-11T12:46:41.325" durationms="114.984" />

</verbosegc>

