<?xml version="1.0" ?>

<verbosegc xmlns="http://www.ibm.com/j9/verbosegc" version="c1dd04cca_CMPRSS">

!@: MM_VerboseWriterFileLoggingSynchronous::openFile

!@: Before Trigger

!@: After Trigger

<exclusive-start id="1" timestamp="2020-09-11T12:40:12.967" intervalms="1599853212967.553">
  <response-info timems="0.116" idlems="0.116" threads="0" lastid="0000000000019A00" lastname="main" />
</exclusive-start>
<af-start id="2" threadId="000000000001A380" totalBytesRequested="56" timestamp="2020-09-11T12:40:12.967" intervalms="1599853212967.724" type="nursery" />
<cycle-start id="3" type="scavenge" contextid="0" timestamp="2020-09-11T12:40:12.967" intervalms="1599853212967.792" />
<gc-start id="4" type="scavenge" contextid="3" timestamp="2020-09-11T12:40:12.967">
  <mem-info id="5" free="6201712" total="8388608" percent="73">
    <mem type="nursery" free="0" total="2097152" percent="0">
      <mem type="allocate" free="0" total="1048576" percent="0" />
      <mem type="survivor" free="0" total="1048576" percent="0" />
    </mem>
    <mem type="tenure" free="6201712" total="6291456" percent="98">
      <mem type="soa" free="5886320" total="5976064" percent="98" />
      <mem type="loa" free="315392" total="315392" percent="100" />
    </mem>
    <remembered-set count="1253" />
  </mem-info>
</gc-start>
<allocation-stats totalBytes="1137408" >
  <allocated-bytes non-tlh="122528" tlh="1014880" />
  <largest-consumer threadName="main" threadId="0000000000019A00" bytes="1137408" />
</allocation-stats>
<gc-op id="6" type="scavenge" timems="2.474" contextid="3" timestamp="2020-09-11T12:40:12.970">
  <scavenger-info tenureage="2" tenuremask="fffc" tiltratio="50" />
  <memory-copied type="nursery" objects="5295" bytes="270232" bytesdiscarded="131376" />
  <finalization candidates="13" enqueued="0" />
  <ownableSynchronizers candidates="1" cleared="0" />
  <references type="soft" candidates="2" cleared="0" enqueued="0" dynamicThreshold="32" maxThreshold="32" />
  <references type="weak" candidates="458" cleared="204" enqueued="133" />
  <references type="phantom" candidates="7" cleared="0" enqueued="0" />
</gc-op>
<gc-end id="7" type="scavenge" contextid="3" durationms="2.637" usertimems="2.627" systemtimems="0.000" timestamp="2020-09-11T12:40:12.970" activeThreads="1">
  <mem-info id="8" free="6848104" total="8388608" percent="81">
    <mem type="nursery" free="646392" total="2097152" percent="30">
      <mem type="allocate" free="646392" total="1048576" percent="61" />
      <mem type="survivor" free="0" total="1048576" percent="0" />
    </mem>
    <mem type="tenure" free="6201712" total="6291456" percent="98">
      <mem type="soa" free="5886320" total="5976064" percent="98" />
      <mem type="loa" free="315392" total="315392" percent="100" />
    </mem>
    <pending-finalizers system="0" default="0" reference="133" classloader="0" />
    <remembered-set count="1253" />
  </mem-info>
</gc-end>
<cycle-end id="9" type="scavenge" contextid="3" timestamp="2020-09-11T12:40:12.970" />
<allocation-satisfied id="10" threadId="0000000000019A00" bytesRequested="56" />
<af-end id="11" timestamp="2020-09-11T12:40:12.970" threadId="000000000001A380" success="true" from="nursery"/>
<exclusive-end id="12" timestamp="2020-09-11T12:40:12.970" durationms="3.411" />

<exclusive-start id="13" timestamp="2020-09-11T12:40:13.056" intervalms="89.331">
  <response-info timems="0.100" idlems="0.100" threads="0" lastid="0000000000019A00" lastname="main" />
</exclusive-start>
<af-start id="14" threadId="000000000001A380" totalBytesRequested="24" timestamp="2020-09-11T12:40:13.057" intervalms="89.288" type="nursery" />
<cycle-start id="15" type="scavenge" contextid="0" timestamp="2020-09-11T12:40:13.057" intervalms="89.255" />
<gc-start id="16" type="scavenge" contextid="15" timestamp="2020-09-11T12:40:13.057">
  <mem-info id="17" free="6187016" total="8388608" percent="73">
    <mem type="nursery" free="0" total="2097152" percent="0">
      <mem type="allocate" free="0" total="1048576" percent="0" />
      <mem type="survivor" free="0" total="1048576" percent="0" />
    </mem>
    <mem type="tenure" free="6187016" total="6291456" percent="98">
      <mem type="soa" free="5871624" total="5976064" percent="98" />
      <mem type="loa" free="315392" total="315392" percent="100" />
    </mem>
    <pending-finalizers system="0" default="0" reference="133" classloader="0" />
    <remembered-set count="1460" />
  </mem-info>
</gc-start>
<allocation-stats totalBytes="660736" >
  <allocated-bytes non-tlh="14752" tlh="645984" />
  <largest-consumer threadName="main" threadId="0000000000019A00" bytes="660736" />
</allocation-stats>
<gc-op id="18" type="scavenge" timems="1.915" contextid="15" timestamp="2020-09-11T12:40:13.059">
  <scavenger-info tenureage="6" tenuremask="7fc0" tiltratio="50" />
  <memory-copied type="nursery" objects="6829" bytes="331592" bytesdiscarded="78144" />
  <finalization candidates="22" enqueued="0" />
  <ownableSynchronizers candidates="3" cleared="2" />
  <references type="soft" candidates="2" cleared="0" enqueued="0" dynamicThreshold="32" maxThreshold="32" />
  <references type="weak" candidates="397" cleared="33" enqueued="16" />
  <references type="phantom" candidates="7" cleared="0" enqueued="0" />
</gc-op>
<gc-end id="19" type="scavenge" contextid="15" durationms="2.010" usertimems="1.613" systemtimems="0.392" timestamp="2020-09-11T12:40:13.059" activeThreads="1">
  <mem-info id="20" free="6825216" total="8388608" percent="81">
    <mem type="nursery" free="638200" total="2097152" percent="30">
      <mem type="allocate" free="638200" total="1048576" percent="60" />
      <mem type="survivor" free="0" total="1048576" percent="0" />
    </mem>
    <mem type="tenure" free="6187016" total="6291456" percent="98">
      <mem type="soa" free="5871624" total="5976064" percent="98" />
      <mem type="loa" free="315392" total="315392" percent="100" />
    </mem>
    <pending-finalizers system="0" default="0" reference="149" classloader="0" />
    <remembered-set count="1460" />
  </mem-info>
</gc-end>
<cycle-end id="21" type="scavenge" contextid="15" timestamp="2020-09-11T12:40:13.059" />
<allocation-satisfied id="22" threadId="0000000000019A00" bytesRequested="24" />
<af-end id="23" timestamp="2020-09-11T12:40:13.059" threadId="000000000001A380" success="true" from="nursery"/>
<exclusive-end id="24" timestamp="2020-09-11T12:40:13.059" durationms="2.467" />

<exclusive-start id="25" timestamp="2020-09-11T12:40:13.083" intervalms="26.410">
  <response-info timems="0.092" idlems="0.092" threads="0" lastid="0000000000019A00" lastname="main" />
</exclusive-start>
<af-start id="26" threadId="000000000001A380" totalBytesRequested="24" timestamp="2020-09-11T12:40:13.083" intervalms="26.423" type="nursery" />
<cycle-start id="27" type="scavenge" contextid="0" timestamp="2020-09-11T12:40:13.083" intervalms="26.430" />
<gc-start id="28" type="scavenge" contextid="27" timestamp="2020-09-11T12:40:13.083">
  <mem-info id="29" free="6187016" total="8388608" percent="73">
    <mem type="nursery" free="0" total="2097152" percent="0">
      <mem type="allocate" free="0" total="1048576" percent="0" />
      <mem type="survivor" free="0" total="1048576" percent="0" />
    </mem>
    <mem type="tenure" free="6187016" total="6291456" percent="98">
      <mem type="soa" free="5871624" total="5976064" percent="98" />
      <mem type="loa" free="315392" total="315392" percent="100" />
    </mem>
    <pending-finalizers system="0" default="0" reference="149" classloader="0" />
    <remembered-set count="1460" />
  </mem-info>
</gc-start>
<allocation-stats totalBytes="638008" >
  <allocated-bytes non-tlh="24" tlh="637984" />
  <largest-consumer threadName="main" threadId="0000000000019A00" bytes="638008" />
</allocation-stats>
<gc-op id="30" type="scavenge" timems="2.415" contextid="27" timestamp="2020-09-11T12:40:13.085">
  <scavenger-info tenureage="5" tenuremask="7fe0" tiltratio="50" />
  <memory-copied type="nursery" objects="8516" bytes="402656" bytesdiscarded="7096" />
  <finalization candidates="22" enqueued="0" />
  <ownableSynchronizers candidates="2" cleared="1" />
  <references type="soft" candidates="2" cleared="0" enqueued="0" dynamicThreshold="32" maxThreshold="32" />
  <references type="weak" candidates="364" cleared="0" enqueued="0" />
  <references type="phantom" candidates="7" cleared="0" enqueued="0" />
</gc-op>
<heap-resize id="31" type="expand" space="nursery" amount="131072" count="1" timems="0.065" reason="excessive time being spent scavenging" timestamp="2020-09-11T12:40:13.086" />
<gc-end id="32" type="scavenge" contextid="27" durationms="2.658" usertimems="2.648" systemtimems="0.000" timestamp="2020-09-11T12:40:13.086" activeThreads="1">
  <mem-info id="33" free="6890752" total="8519680" percent="80">
    <mem type="nursery" free="703736" total="2228224" percent="31">
      <mem type="allocate" free="703736" total="1114112" percent="63" />
      <mem type="survivor" free="0" total="1114112" percent="0" />
    </mem>
    <mem type="tenure" free="6187016" total="6291456" percent="98">
      <mem type="soa" free="5871624" total="5976064" percent="98" />
      <mem type="loa" free="315392" total="315392" percent="100" />
    </mem>
    <pending-finalizers system="0" default="0" reference="149" classloader="0" />
    <remembered-set count="883" />
  </mem-info>
</gc-end>
<cycle-end id="34" type="scavenge" contextid="27" timestamp="2020-09-11T12:40:13.086" />
<allocation-satisfied id="35" threadId="0000000000019A00" bytesRequested="24" />
<af-end id="36" timestamp="2020-09-11T12:40:13.086" threadId="000000000001A380" success="true" from="nursery"/>
<exclusive-end id="37" timestamp="2020-09-11T12:40:13.086" durationms="3.138" />

<exclusive-start id="38" timestamp="2020-09-11T12:40:13.175" intervalms="92.312">
  <response-info timems="0.089" idlems="0.089" threads="0" lastid="0000000000019A00" lastname="main" />
</exclusive-start>
<af-start id="39" threadId="000000000001A380" totalBytesRequested="16" timestamp="2020-09-11T12:40:13.175" intervalms="92.306" type="nursery" />
<cycle-start id="40" type="scavenge" contextid="0" timestamp="2020-09-11T12:40:13.175" intervalms="92.316" />
<gc-start id="41" type="scavenge" contextid="40" timestamp="2020-09-11T12:40:13.175">
  <mem-info id="42" free="6176992" total="8519680" percent="72">
    <mem type="nursery" free="0" total="2228224" percent="0">
      <mem type="allocate" free="0" total="1114112" percent="0" />
      <mem type="survivor" free="0" total="1114112" percent="0" />
    </mem>
    <mem type="tenure" free="6176992" total="6291456" percent="98">
      <mem type="soa" free="5861600" total="5976064" percent="98" />
      <mem type="loa" free="315392" total="315392" percent="100" />
    </mem>
    <pending-finalizers system="0" default="0" reference="149" classloader="0" />
    <remembered-set count="1033" />
  </mem-info>
</gc-start>
<allocation-stats totalBytes="713168" >
  <allocated-bytes non-tlh="10048" tlh="703120" />
  <largest-consumer threadName="main" threadId="0000000000019A00" bytes="713168" />
</allocation-stats>
<gc-op id="43" type="scavenge" timems="2.804" contextid="40" timestamp="2020-09-11T12:40:13.178">
  <scavenger-info tenureage="3" tenuremask="7ff8" tiltratio="50" />
  <memory-copied type="nursery" objects="5595" bytes="223232" bytesdiscarded="39168" />
  <memory-copied type="tenure" objects="5097" bytes="252880" bytesdiscarded="16" />
  <finalization candidates="25" enqueued="0" />
  <ownableSynchronizers candidates="1" cleared="1" />
  <references type="weak" candidates="193" cleared="21" enqueued="10" />
</gc-op>
<gc-end id="44" type="scavenge" contextid="40" durationms="2.933" usertimems="11.610" systemtimems="0.000" timestamp="2020-09-11T12:40:13.178" activeThreads="1">
  <mem-info id="45" free="6765792" total="8519680" percent="79">
    <mem type="nursery" free="851456" total="2228224" percent="38">
      <mem type="allocate" free="851456" total="1114112" percent="76" />
      <mem type="survivor" free="0" total="1114112" percent="0" />
    </mem>
    <mem type="tenure" free="5914336" total="6291456" percent="94">
      <mem type="soa" free="5598944" total="5976064" percent="93" />
      <mem type="loa" free="315392" total="315392" percent="100" />
    </mem>
    <pending-finalizers system="0" default="0" reference="159" classloader="0" />
    <remembered-set count="994" />
  </mem-info>
</gc-end>
<cycle-end id="46" type="scavenge" contextid="40" timestamp="2020-09-11T12:40:13.179" />
<allocation-satisfied id="47" threadId="0000000000019A00" bytesRequested="16" />
<af-end id="48" timestamp="2020-09-11T12:40:13.179" threadId="000000000001A380" success="true" from="nursery"/>
<exclusive-end id="49" timestamp="2020-09-11T12:40:13.179" durationms="3.432" />

<exclusive-start id="50" timestamp="2020-09-11T12:40:13.220" intervalms="44.493">
  <response-info timems="0.257" idlems="0.257" threads="0" lastid="0000000000019A00" lastname="main" />
</exclusive-start>
<af-start id="51" threadId="000000000001A380" totalBytesRequested="32" timestamp="2020-09-11T12:40:13.220" intervalms="44.510" type="nursery" />
<cycle-start id="52" type="scavenge" contextid="0" timestamp="2020-09-11T12:40:13.220" intervalms="44.510" />
<gc-start id="53" type="scavenge" contextid="52" timestamp="2020-09-11T12:40:13.220">
  <mem-info id="54" free="5913208" total="8519680" percent="69">
    <mem type="nursery" free="0" total="2228224" percent="0">
      <mem type="allocate" free="0" total="1114112" percent="0" />
      <mem type="survivor" free="0" total="1114112" percent="0" />
    </mem>
    <mem type="tenure" free="5913208" total="6291456" percent="93">
      <mem type="soa" free="5597816" total="5976064" percent="93" />
      <mem type="loa" free="315392" total="315392" percent="100" />
    </mem>
    <pending-finalizers system="0" default="0" reference="159" classloader="0" />
    <remembered-set count="1048" />
  </mem-info>
</gc-start>
<allocation-stats totalBytes="851952" >
  <allocated-bytes non-tlh="1144" tlh="850808" />
  <largest-consumer threadName="main" threadId="0000000000019A00" bytes="851952" />
</allocation-stats>
<gc-op id="55" type="scavenge" timems="3.146" contextid="52" timestamp="2020-09-11T12:40:13.223">
  <scavenger-info tenureage="4" tenuremask="7ff0" tiltratio="50" />
  <memory-copied type="nursery" objects="9764" bytes="388552" bytesdiscarded="4608" />
  <finalization candidates="12" enqueued="0" />
  <ownableSynchronizers candidates="2" cleared="0" />
  <references type="weak" candidates="172" cleared="0" enqueued="0" />
  <references type="phantom" candidates="1" cleared="0" enqueued="0" />
</gc-op>
<gc-end id="56" type="scavenge" contextid="52" durationms="3.295" usertimems="6.584" systemtimems="0.434" timestamp="2020-09-11T12:40:13.223" activeThreads="1">
  <mem-info id="57" free="6633336" total="8519680" percent="77">
    <mem type="nursery" free="720128" total="2228224" percent="32">
      <mem type="allocate" free="720128" total="1114112" percent="64" />
      <mem type="survivor" free="0" total="1114112" percent="0" />
    </mem>
    <mem type="tenure" free="5913208" total="6291456" percent="93">
      <mem type="soa" free="5597816" total="5976064" percent="93" />
      <mem type="loa" free="315392" total="315392" percent="100" />
    </mem>
    <pending-finalizers system="0" default="0" reference="159" classloader="0" />
    <remembered-set count="1004" />
  </mem-info>
</gc-end>
<cycle-end id="58" type="scavenge" contextid="52" timestamp="2020-09-11T12:40:13.223" />
<allocation-satisfied id="59" threadId="0000000000019A00" bytesRequested="32" />
<af-end id="60" timestamp="2020-09-11T12:40:13.223" threadId="000000000001A380" success="true" from="nursery"/>
<exclusive-end id="61" timestamp="2020-09-11T12:40:13.223" durationms="3.875" />

<exclusive-start id="62" timestamp="2020-09-11T12:40:13.255" intervalms="34.995">
  <response-info timems="2.898" idlems="2.898" threads="0" lastid="0000000000019A00" lastname="main" />
</exclusive-start>
<af-start id="63" threadId="000000000001A380" totalBytesRequested="32" timestamp="2020-09-11T12:40:13.255" intervalms="35.010" type="nursery" />
<cycle-start id="64" type="scavenge" contextid="0" timestamp="2020-09-11T12:40:13.255" intervalms="35.002" />
<gc-start id="65" type="scavenge" contextid="64" timestamp="2020-09-11T12:40:13.255">
  <mem-info id="66" free="5913208" total="8519680" percent="69">
    <mem type="nursery" free="0" total="2228224" percent="0">
      <mem type="allocate" free="0" total="1114112" percent="0" />
      <mem type="survivor" free="0" total="1114112" percent="0" />
    </mem>
    <mem type="tenure" free="5913208" total="6291456" percent="93">
      <mem type="soa" free="5597816" total="5976064" percent="93" />
      <mem type="loa" free="315392" total="315392" percent="100" />
    </mem>
    <pending-finalizers system="0" default="0" reference="159" classloader="0" />
    <remembered-set count="1005" />
  </mem-info>
</gc-start>
<allocation-stats totalBytes="719640" >
  <allocated-bytes non-tlh="32" tlh="719608" />
  <largest-consumer threadName="main" threadId="0000000000019A00" bytes="719640" />
</allocation-stats>
<gc-op id="67" type="scavenge" timems="4.019" contextid="64" timestamp="2020-09-11T12:40:13.259">
  <scavenger-info tenureage="3" tenuremask="7ff8" tiltratio="50" />
  <memory-copied type="nursery" objects="8274" bytes="323912" bytesdiscarded="69752" />
  <memory-copied type="tenure" objects="3088" bytes="126480" bytesdiscarded="32" />
  <finalization candidates="12" enqueued="0" />
  <ownableSynchronizers candidates="3" cleared="2" />
  <references type="weak" candidates="62" cleared="0" enqueued="0" />
</gc-op>
<heap-resize id="68" type="expand" space="nursery" amount="262144" count="1" timems="0.051" reason="excessive time being spent scavenging" timestamp="2020-09-11T12:40:13.259" />
<gc-end id="69" type="scavenge" contextid="64" durationms="4.289" usertimems="8.275" systemtimems="0.000" timestamp="2020-09-11T12:40:13.259" activeThreads="1">
  <mem-info id="70" free="6764152" total="8781824" percent="77">
    <mem type="nursery" free="982272" total="2490368" percent="39">
      <mem type="allocate" free="982272" total="1376256" percent="71" />
      <mem type="survivor" free="0" total="1114112" percent="0" />
    </mem>
    <mem type="tenure" free="5781880" total="6291456" percent="91">
      <mem type="soa" free="5466488" total="5976064" percent="91" />
      <mem type="loa" free="315392" total="315392" percent="100" />
    </mem>
    <pending-finalizers system="0" default="0" reference="159" classloader="0" />
    <remembered-set count="842" />
  </mem-info>
</gc-end>
<cycle-end id="71" type="scavenge" contextid="64" timestamp="2020-09-11T12:40:13.260" />
<allocation-satisfied id="72" threadId="0000000000019A00" bytesRequested="32" />
<af-end id="73" timestamp="2020-09-11T12:40:13.260" threadId="000000000001A380" success="true" from="nursery"/>
<exclusive-end id="74" timestamp="2020-09-11T12:40:13.260" durationms="5.045" />

<exclusive-start id="75" timestamp="2020-09-11T12:40:13.369" intervalms="114.717">
  <response-info timems="0.234" idlems="0.234" threads="0" lastid="0000000000019A00" lastname="main" />
</exclusive-start>
<af-start id="76" threadId="000000000001A380" totalBytesRequested="1032" timestamp="2020-09-11T12:40:13.369" intervalms="114.694" type="nursery" />
<cycle-start id="77" type="scavenge" contextid="0" timestamp="2020-09-11T12:40:13.370" intervalms="114.693" />
<gc-start id="78" type="scavenge" contextid="77" timestamp="2020-09-11T12:40:13.370">
  <mem-info id="79" free="5774800" total="8781824" percent="65">
    <mem type="nursery" free="0" total="2490368" percent="0">
      <mem type="allocate" free="0" total="1376256" percent="0" />
      <mem type="survivor" free="0" total="1114112" percent="0" />
    </mem>
    <mem type="tenure" free="5774800" total="6291456" percent="91">
      <mem type="soa" free="5459408" total="5976064" percent="91" />
      <mem type="loa" free="315392" total="315392" percent="100" />
    </mem>
    <pending-finalizers system="0" default="0" reference="159" classloader="0" />
    <remembered-set count="961" />
  </mem-info>
</gc-start>
<allocation-stats totalBytes="988656" >
  <allocated-bytes non-tlh="7112" tlh="981544" />
  <largest-consumer threadName="main" threadId="0000000000019A00" bytes="988656" />
</allocation-stats>
<gc-op id="80" type="scavenge" timems="2.653" contextid="77" timestamp="2020-09-11T12:40:13.372">
  <scavenger-info tenureage="3" tenuremask="7ff8" tiltratio="55" />
  <memory-copied type="nursery" objects="5354" bytes="182944" bytesdiscarded="79424" />
  <memory-copied type="tenure" objects="2418" bytes="94016" bytesdiscarded="8" />
  <finalization candidates="4" enqueued="0" />
  <ownableSynchronizers candidates="2" cleared="2" />
  <references type="weak" candidates="107" cleared="34" enqueued="17" />
</gc-op>
<gc-end id="81" type="scavenge" contextid="77" durationms="2.880" usertimems="5.023" systemtimems="0.137" timestamp="2020-09-11T12:40:13.372" activeThreads="1">
  <mem-info id="82" free="6945480" total="8781824" percent="79">
    <mem type="nursery" free="1310208" total="2490368" percent="52">
      <mem type="allocate" free="1310208" total="1572864" percent="83" />
      <mem type="survivor" free="0" total="917504" percent="0" />
    </mem>
    <mem type="tenure" free="5635272" total="6291456" percent="89">
      <mem type="soa" free="5319880" total="5976064" percent="89" />
      <mem type="loa" free="315392" total="315392" percent="100" />
    </mem>
    <pending-finalizers system="0" default="0" reference="176" classloader="0" />
    <remembered-set count="209" />
  </mem-info>
</gc-end>
<cycle-end id="83" type="scavenge" contextid="77" timestamp="2020-09-11T12:40:13.373" />
<allocation-satisfied id="84" threadId="0000000000019A00" bytesRequested="1032" />
<af-end id="85" timestamp="2020-09-11T12:40:13.373" threadId="000000000001A380" success="true" from="nursery"/>
<exclusive-end id="86" timestamp="2020-09-11T12:40:13.373" durationms="3.479" />

<exclusive-start id="87" timestamp="2020-09-11T12:40:13.515" intervalms="145.747">
  <response-info timems="0.782" idlems="0.402" threads="1" lastid="000000000003F100" lastname="IProfiler" />
</exclusive-start>
<af-start id="88" threadId="000000000001A380" totalBytesRequested="2440" timestamp="2020-09-11T12:40:13.515" intervalms="145.761" type="nursery" />
<cycle-start id="89" type="scavenge" contextid="0" timestamp="2020-09-11T12:40:13.515" intervalms="145.765" />
<gc-start id="90" type="scavenge" contextid="89" timestamp="2020-09-11T12:40:13.515">
  <mem-info id="91" free="5595208" total="8781824" percent="63">
    <mem type="nursery" free="0" total="2490368" percent="0">
      <mem type="allocate" free="0" total="1572864" percent="0" />
      <mem type="survivor" free="0" total="917504" percent="0" />
    </mem>
    <mem type="tenure" free="5595208" total="6291456" percent="88">
      <mem type="soa" free="5279816" total="5976064" percent="88" />
      <mem type="loa" free="315392" total="315392" percent="100" />
    </mem>
    <remembered-set count="1143" />
  </mem-info>
</gc-start>
<allocation-stats totalBytes="1340896" >
  <allocated-bytes non-tlh="443280" tlh="897616" />
  <largest-consumer threadName="main" threadId="0000000000019A00" bytes="1228496" />
</allocation-stats>
<gc-op id="92" type="scavenge" timems="3.132" contextid="89" timestamp="2020-09-11T12:40:13.519">
  <scavenger-info tenureage="3" tenuremask="7ff8" tiltratio="63" />
  <memory-copied type="nursery" objects="5158" bytes="633288" bytesdiscarded="124696" />
  <memory-copied type="tenure" objects="1996" bytes="77584" bytesdiscarded="8" />
  <finalization candidates="1" enqueued="0" />
  <references type="soft" candidates="42" cleared="0" enqueued="0" dynamicThreshold="32" maxThreshold="32" />
  <references type="weak" candidates="235" cleared="118" enqueued="87" />
  <references type="phantom" candidates="27" cleared="0" enqueued="0" />
</gc-op>
<gc-end id="93" type="scavenge" contextid="89" durationms="3.252" usertimems="6.377" systemtimems="0.000" timestamp="2020-09-11T12:40:13.519" activeThreads="4">
  <mem-info id="94" free="6099992" total="8781824" percent="69">
    <mem type="nursery" free="552400" total="2490368" percent="22">
      <mem type="allocate" free="552400" total="1310720" percent="42" />
      <mem type="survivor" free="0" total="1179648" percent="0" />
    </mem>
    <mem type="tenure" free="5547592" total="6291456" percent="88">
      <mem type="soa" free="5232200" total="5976064" percent="87" />
      <mem type="loa" free="315392" total="315392" percent="100" />
    </mem>
    <pending-finalizers system="0" default="0" reference="87" classloader="0" />
    <remembered-set count="1140" />
  </mem-info>
</gc-end>
<cycle-end id="95" type="scavenge" contextid="89" timestamp="2020-09-11T12:40:13.519" />
<allocation-satisfied id="96" threadId="0000000000019A00" bytesRequested="2440" />
<af-end id="97" timestamp="2020-09-11T12:40:13.519" threadId="000000000001A380" success="true" from="nursery"/>
<exclusive-end id="98" timestamp="2020-09-11T12:40:13.519" durationms="3.954" />

<exclusive-start id="99" timestamp="2020-09-11T12:40:13.539" intervalms="24.235">
  <response-info timems="1.370" idlems="1.370" threads="0" lastid="0000000000019A00" lastname="main" />
</exclusive-start>
<af-start id="100" threadId="000000000001A380" totalBytesRequested="73304" timestamp="2020-09-11T12:40:13.539" intervalms="24.223" type="nursery" />
<cycle-start id="101" type="scavenge" contextid="0" timestamp="2020-09-11T12:40:13.539" intervalms="24.216" />
<gc-start id="102" type="scavenge" contextid="101" timestamp="2020-09-11T12:40:13.540">
  <mem-info id="103" free="5547448" total="8781824" percent="63">
    <mem type="nursery" free="0" total="2490368" percent="0">
      <mem type="allocate" free="0" total="1310720" percent="0" />
      <mem type="survivor" free="0" total="1179648" percent="0" />
    </mem>
    <mem type="tenure" free="5547448" total="6291456" percent="88">
      <mem type="soa" free="5232056" total="5976064" percent="87" />
      <mem type="loa" free="315392" total="315392" percent="100" />
    </mem>
    <remembered-set count="1143" />
  </mem-info>
</gc-start>
<allocation-stats totalBytes="515664" >
  <allocated-bytes non-tlh="132784" tlh="382880" />
  <largest-consumer threadName="main" threadId="0000000000019A00" bytes="515664" />
</allocation-stats>
<gc-op id="104" type="scavenge" timems="2.479" contextid="101" timestamp="2020-09-11T12:40:13.542">
  <scavenger-info tenureage="2" tenuremask="7ffc" tiltratio="52" />
  <memory-copied type="nursery" objects="2487" bytes="895976" bytesdiscarded="89320" />
  <memory-copied type="tenure" objects="3133" bytes="98000" bytesdiscarded="768" />
  <finalization candidates="1" enqueued="0" />
  <references type="soft" candidates="43" cleared="0" enqueued="0" dynamicThreshold="32" maxThreshold="32" />
  <references type="weak" candidates="44" cleared="0" enqueued="0" />
  <references type="phantom" candidates="71" cleared="0" enqueued="0" />
</gc-op>
<heap-resize id="105" type="expand" space="nursery" amount="131072" count="1" timems="0.022" reason="excessive time being spent scavenging" timestamp="2020-09-11T12:40:13.542" />
<gc-end id="106" type="scavenge" contextid="101" durationms="2.640" usertimems="5.063" systemtimems="0.000" timestamp="2020-09-11T12:40:13.542" activeThreads="4">
  <mem-info id="107" free="5737136" total="8912896" percent="64">
    <mem type="nursery" free="325120" total="2621440" percent="12">
      <mem type="allocate" free="325120" total="1310720" percent="24" />
      <mem type="survivor" free="0" total="1310720" percent="0" />
    </mem>
    <mem type="tenure" free="5412016" total="6291456" percent="86">
      <mem type="soa" free="5096624" total="5976064" percent="85" />
      <mem type="loa" free="315392" total="315392" percent="100" />
    </mem>
    <remembered-set count="985" />
  </mem-info>
</gc-end>
<cycle-end id="108" type="scavenge" contextid="101" timestamp="2020-09-11T12:40:13.543" />
<allocation-satisfied id="109" threadId="0000000000019A00" bytesRequested="73304" />
<af-end id="110" timestamp="2020-09-11T12:40:13.543" threadId="000000000001A380" success="true" from="nursery"/>
<exclusive-end id="111" timestamp="2020-09-11T12:40:13.543" durationms="3.357" />

<exclusive-start id="112" timestamp="2020-09-11T12:40:13.569" intervalms="30.080">
  <response-info timems="0.171" idlems="0.092" threads="1" lastid="000000000001D600" lastname="JIT Compilation Thread-000" />
</exclusive-start>
<af-start id="113" threadId="000000000001A380" totalBytesRequested="48" timestamp="2020-09-11T12:40:13.570" intervalms="30.085" type="nursery" />
<cycle-start id="114" type="scavenge" contextid="0" timestamp="2020-09-11T12:40:13.570" intervalms="30.085" />
<gc-start id="115" type="scavenge" contextid="114" timestamp="2020-09-11T12:40:13.570">
  <mem-info id="116" free="5401608" total="8912896" percent="60">
    <mem type="nursery" free="0" total="2621440" percent="0">
      <mem type="allocate" free="0" total="1310720" percent="0" />
      <mem type="survivor" free="0" total="1310720" percent="0" />
    </mem>
    <mem type="tenure" free="5401608" total="6291456" percent="85">
      <mem type="soa" free="5086216" total="5976064" percent="85" />
      <mem type="loa" free="315392" total="315392" percent="100" />
    </mem>
    <remembered-set count="1167" />
  </mem-info>
</gc-start>
<allocation-stats totalBytes="334952" >
  <allocated-bytes non-tlh="83712" tlh="251240" />
  <largest-consumer threadName="main" threadId="0000000000019A00" bytes="334952" />
</allocation-stats>
<gc-op id="117" type="scavenge" timems="2.581" contextid="114" timestamp="2020-09-11T12:40:13.572">
  <scavenger-info tenureage="1" tenuremask="7ffe" tiltratio="50" />
  <memory-copied type="nursery" objects="1051" bytes="185512" bytesdiscarded="115072" />
  <memory-copied type="tenure" objects="2476" bytes="895536" bytesdiscarded="728" />
  <finalization candidates="23" enqueued="0" />
  <ownableSynchronizers candidates="1" cleared="0" />
  <references type="soft" candidates="3" cleared="0" enqueued="0" dynamicThreshold="32" maxThreshold="32" />
  <references type="weak" candidates="262" cleared="121" enqueued="88" />
  <references type="phantom" candidates="7" cleared="1" enqueued="1" />
</gc-op>
<heap-resize id="118" type="expand" space="nursery" amount="131072" count="1" timems="0.060" reason="excessive time being spent scavenging" timestamp="2020-09-11T12:40:13.572" />
<gc-end id="119" type="scavenge" contextid="114" durationms="2.834" usertimems="0.000" systemtimems="6.329" timestamp="2020-09-11T12:40:13.572" activeThreads="4">
  <mem-info id="120" free="5614280" total="9043968" percent="62">
    <mem type="nursery" free="1141072" total="2752512" percent="41">
      <mem type="allocate" free="1141072" total="1441792" percent="79" />
      <mem type="survivor" free="0" total="1310720" percent="0" />
    </mem>
    <mem type="tenure" free="4473208" total="6291456" percent="71">
      <mem type="soa" free="4157816" total="5976064" percent="69" />
      <mem type="loa" free="315392" total="315392" percent="100" />
    </mem>
    <pending-finalizers system="0" default="0" reference="89" classloader="0" />
    <remembered-set count="250" />
  </mem-info>
</gc-end>
<cycle-end id="121" type="scavenge" contextid="114" timestamp="2020-09-11T12:40:13.573" />
<allocation-satisfied id="122" threadId="0000000000019A00" bytesRequested="48" />
<af-end id="123" timestamp="2020-09-11T12:40:13.573" threadId="000000000001A380" success="true" from="nursery"/>
<exclusive-end id="124" timestamp="2020-09-11T12:40:13.573" durationms="3.401" />

<exclusive-start id="125" timestamp="2020-09-11T12:40:13.670" intervalms="100.869">
  <response-info timems="0.092" idlems="0.092" threads="0" lastid="0000000000019A00" lastname="main" />
</exclusive-start>
<af-start id="126" threadId="000000000001A380" totalBytesRequested="24" timestamp="2020-09-11T12:40:13.670" intervalms="100.859" type="nursery" />
<cycle-start id="127" type="scavenge" contextid="0" timestamp="2020-09-11T12:40:13.670" intervalms="100.858" />
<gc-start id="128" type="scavenge" contextid="127" timestamp="2020-09-11T12:40:13.670">
  <mem-info id="129" free="4418056" total="9043968" percent="48">
    <mem type="nursery" free="0" total="2752512" percent="0">
      <mem type="allocate" free="0" total="1441792" percent="0" />
      <mem type="survivor" free="0" total="1310720" percent="0" />
    </mem>
    <mem type="tenure" free="4418056" total="6291456" percent="70">
      <mem type="soa" free="4102664" total="5976064" percent="68" />
      <mem type="loa" free="315392" total="315392" percent="100" />
    </mem>
    <remembered-set count="993" />
  </mem-info>
</gc-start>
<allocation-stats totalBytes="1195128" >
  <allocated-bytes non-tlh="201304" tlh="993824" />
  <largest-consumer threadName="main" threadId="0000000000019A00" bytes="1191032" />
</allocation-stats>
<gc-op id="130" type="scavenge" timems="1.853" contextid="127" timestamp="2020-09-11T12:40:13.672">
  <scavenger-info tenureage="1" tenuremask="7ffe" tiltratio="52" />
  <memory-copied type="nursery" objects="3255" bytes="128048" bytesdiscarded="43680" />
  <memory-copied type="tenure" objects="927" bytes="172288" bytesdiscarded="8" />
  <finalization candidates="32" enqueued="0" />
  <ownableSynchronizers candidates="1" cleared="0" />
  <references type="soft" candidates="19" cleared="0" enqueued="0" dynamicThreshold="32" maxThreshold="32" />
  <references type="weak" candidates="268" cleared="169" enqueued="154" />
</gc-op>
<gc-end id="131" type="scavenge" contextid="127" durationms="2.123" usertimems="4.998" systemtimems="0.150" timestamp="2020-09-11T12:40:13.673" activeThreads="4">
  <mem-info id="132" free="5795752" total="9043968" percent="64">
    <mem type="nursery" free="1530368" total="2752512" percent="55">
      <mem type="allocate" free="1530368" total="1703936" percent="89" />
      <mem type="survivor" free="0" total="1048576" percent="0" />
    </mem>
    <mem type="tenure" free="4265384" total="6291456" percent="67">
      <mem type="soa" free="3949992" total="5976064" percent="66" />
      <mem type="loa" free="315392" total="315392" percent="100" />
    </mem>
    <pending-finalizers system="0" default="0" reference="154" classloader="0" />
    <remembered-set count="971" />
  </mem-info>
</gc-end>
<cycle-end id="133" type="scavenge" contextid="127" timestamp="2020-09-11T12:40:13.673" />
<allocation-satisfied id="134" threadId="0000000000019A00" bytesRequested="24" />
<af-end id="135" timestamp="2020-09-11T12:40:13.673" threadId="000000000001A380" success="true" from="nursery"/>
<exclusive-end id="136" timestamp="2020-09-11T12:40:13.673" durationms="2.743" />

<exclusive-start id="137" timestamp="2020-09-11T12:40:13.804" intervalms="134.094">
  <response-info timems="0.055" idlems="0.055" threads="0" lastid="0000000000019A00" lastname="main" />
</exclusive-start>
<af-start id="138" threadId="000000000001A380" totalBytesRequested="520" timestamp="2020-09-11T12:40:13.804" intervalms="134.090" type="nursery" />
<cycle-start id="139" type="scavenge" contextid="0" timestamp="2020-09-11T12:40:13.805" intervalms="134.090" />
<gc-start id="140" type="scavenge" contextid="139" timestamp="2020-09-11T12:40:13.805">
  <mem-info id="141" free="4207272" total="9043968" percent="46">
    <mem type="nursery" free="0" total="2752512" percent="0">
      <mem type="allocate" free="0" total="1703936" percent="0" />
      <mem type="survivor" free="0" total="1048576" percent="0" />
    </mem>
    <mem type="tenure" free="4207272" total="6291456" percent="66">
      <mem type="soa" free="3891880" total="5976064" percent="65" />
      <mem type="loa" free="315392" total="315392" percent="100" />
    </mem>
    <remembered-set count="1725" />
  </mem-info>
</gc-start>
<allocation-stats totalBytes="1586328" >
  <allocated-bytes non-tlh="58136" tlh="1528192" />
  <largest-consumer threadName="main" threadId="0000000000019A00" bytes="1574496" />
</allocation-stats>
<gc-op id="142" type="scavenge" timems="1.935" contextid="139" timestamp="2020-09-11T12:40:13.807">
  <scavenger-info tenureage="2" tenuremask="7ffc" tiltratio="61" />
  <memory-copied type="nursery" objects="6933" bytes="291688" bytesdiscarded="29160" />
  <finalization candidates="12" enqueued="1" />
  <references type="soft" candidates="299" cleared="0" enqueued="0" dynamicThreshold="32" maxThreshold="32" />
  <references type="weak" candidates="318" cleared="190" enqueued="185" />
  <references type="phantom" candidates="2" cleared="1" enqueued="1" />
</gc-op>
<gc-end id="143" type="scavenge" contextid="139" durationms="2.062" usertimems="3.546" systemtimems="0.531" timestamp="2020-09-11T12:40:13.807" activeThreads="4">
  <mem-info id="144" free="5718952" total="9043968" percent="63">
    <mem type="nursery" free="1511680" total="2752512" percent="54">
      <mem type="allocate" free="1511680" total="1835008" percent="82" />
      <mem type="survivor" free="0" total="917504" percent="0" />
    </mem>
    <mem type="tenure" free="4207272" total="6291456" percent="66">
      <mem type="soa" free="3891880" total="5976064" percent="65" />
      <mem type="loa" free="315392" total="315392" percent="100" />
    </mem>
    <pending-finalizers system="1" default="0" reference="186" classloader="0" />
    <remembered-set count="1559" />
  </mem-info>
</gc-end>
<cycle-end id="145" type="scavenge" contextid="139" timestamp="2020-09-11T12:40:13.807" />
<allocation-satisfied id="146" threadId="0000000000019A00" bytesRequested="520" />
<af-end id="147" timestamp="2020-09-11T12:40:13.807" threadId="000000000001A380" success="true" from="nursery"/>
<exclusive-end id="148" timestamp="2020-09-11T12:40:13.807" durationms="2.582" />

<exclusive-start id="149" timestamp="2020-09-11T12:40:13.858" intervalms="53.274">
  <response-info timems="0.058" idlems="0.058" threads="0" lastid="0000000000019A00" lastname="main" />
</exclusive-start>
<af-start id="150" threadId="000000000001A380" totalBytesRequested="256" timestamp="2020-09-11T12:40:13.858" intervalms="53.270" type="nursery" />
<cycle-start id="151" type="scavenge" contextid="0" timestamp="2020-09-11T12:40:13.858" intervalms="53.269" />
<gc-start id="152" type="scavenge" contextid="151" timestamp="2020-09-11T12:40:13.858">
  <mem-info id="153" free="4188064" total="9043968" percent="46">
    <mem type="nursery" free="0" total="2752512" percent="0">
      <mem type="allocate" free="0" total="1835008" percent="0" />
      <mem type="survivor" free="0" total="917504" percent="0" />
    </mem>
    <mem type="tenure" free="4188064" total="6291456" percent="66">
      <mem type="soa" free="3872672" total="5976064" percent="64" />
      <mem type="loa" free="315392" total="315392" percent="100" />
    </mem>
    <remembered-set count="1780" />
  </mem-info>
</gc-start>
<allocation-stats totalBytes="1528232" >
  <allocated-bytes non-tlh="19728" tlh="1508504" />
  <largest-consumer threadName="main" threadId="0000000000019A00" bytes="1520040" />
</allocation-stats>
<gc-op id="154" type="scavenge" timems="1.340" contextid="151" timestamp="2020-09-11T12:40:13.859">
  <scavenger-info tenureage="2" tenuremask="7ffc" tiltratio="66" />
  <memory-copied type="nursery" objects="4681" bytes="200416" bytesdiscarded="106080" />
  <memory-copied type="tenure" objects="2873" bytes="114136" bytesdiscarded="144" />
  <finalization candidates="12" enqueued="0" />
  <references type="soft" candidates="280" cleared="0" enqueued="0" dynamicThreshold="32" maxThreshold="32" />
  <references type="weak" candidates="180" cleared="133" enqueued="133" />
  <references type="phantom" candidates="2" cleared="0" enqueued="0" />
</gc-op>
<gc-end id="155" type="scavenge" contextid="151" durationms="1.451" usertimems="2.346" systemtimems="0.344" timestamp="2020-09-11T12:40:13.859" activeThreads="4">
  <mem-info id="156" free="5615488" total="9043968" percent="62">
    <mem type="nursery" free="1593328" total="2752512" percent="57">
      <mem type="allocate" free="1593328" total="1900544" percent="83" />
      <mem type="survivor" free="0" total="851968" percent="0" />
    </mem>
    <mem type="tenure" free="4022160" total="6291456" percent="63">
      <mem type="soa" free="3706768" total="5976064" percent="62" />
      <mem type="loa" free="315392" total="315392" percent="100" />
    </mem>
    <pending-finalizers system="0" default="0" reference="133" classloader="0" />
    <remembered-set count="1059" />
  </mem-info>
</gc-end>
<cycle-end id="157" type="scavenge" contextid="151" timestamp="2020-09-11T12:40:13.860" />
<allocation-satisfied id="158" threadId="0000000000019A00" bytesRequested="256" />
<af-end id="159" timestamp="2020-09-11T12:40:13.860" threadId="000000000001A380" success="true" from="nursery"/>
<exclusive-end id="160" timestamp="2020-09-11T12:40:13.860" durationms="1.987" />

<exclusive-start id="161" timestamp="2020-09-11T12:40:13.910" intervalms="52.291">
  <response-info timems="0.228" idlems="0.228" threads="0" lastid="0000000000019A00" lastname="main" />
</exclusive-start>
<af-start id="162" threadId="000000000001A380" totalBytesRequested="1032" timestamp="2020-09-11T12:40:13.910" intervalms="52.405" type="nursery" />
<cycle-start id="163" type="scavenge" contextid="0" timestamp="2020-09-11T12:40:13.910" intervalms="52.415" />
<gc-start id="164" type="scavenge" contextid="163" timestamp="2020-09-11T12:40:13.910">
  <mem-info id="165" free="4006232" total="9043968" percent="44">
    <mem type="nursery" free="0" total="2752512" percent="0">
      <mem type="allocate" free="0" total="1900544" percent="0" />
      <mem type="survivor" free="0" total="851968" percent="0" />
    </mem>
    <mem type="tenure" free="4006232" total="6291456" percent="63">
      <mem type="soa" free="3690840" total="5976064" percent="61" />
      <mem type="loa" free="315392" total="315392" percent="100" />
    </mem>
    <remembered-set count="1245" />
  </mem-info>
</gc-start>
<allocation-stats totalBytes="1605920" >
  <allocated-bytes non-tlh="16184" tlh="1589736" />
  <largest-consumer threadName="main" threadId="0000000000019A00" bytes="1605920" />
</allocation-stats>
<gc-op id="166" type="scavenge" timems="2.039" contextid="163" timestamp="2020-09-11T12:40:13.912">
  <scavenger-info tenureage="2" tenuremask="7ffc" tiltratio="69" />
  <memory-copied type="nursery" objects="1918" bytes="79232" bytesdiscarded="39600" />
  <memory-copied type="tenure" objects="3447" bytes="154896" bytesdiscarded="8" />
  <finalization candidates="3" enqueued="0" />
  <ownableSynchronizers candidates="1" cleared="0" />
  <references type="soft" candidates="4" cleared="0" enqueued="0" dynamicThreshold="32" maxThreshold="32" />
  <references type="weak" candidates="418" cleared="223" enqueued="192" />
  <references type="phantom" candidates="2" cleared="0" enqueued="0" />
</gc-op>
<gc-end id="167" type="scavenge" contextid="163" durationms="2.237" usertimems="0.174" systemtimems="4.161" timestamp="2020-09-11T12:40:13.912" activeThreads="4">
  <mem-info id="168" free="5758792" total="9043968" percent="63">
    <mem type="nursery" free="1912576" total="2752512" percent="69">
      <mem type="allocate" free="1912576" total="2031616" percent="94" />
      <mem type="survivor" free="0" total="720896" percent="0" />
    </mem>
    <mem type="tenure" free="3846216" total="6291456" percent="61">
      <mem type="soa" free="3530824" total="5976064" percent="59" />
      <mem type="loa" free="315392" total="315392" percent="100" />
    </mem>
    <pending-finalizers system="0" default="0" reference="192" classloader="0" />
    <remembered-set count="490" />
  </mem-info>
</gc-end>
<cycle-end id="169" type="scavenge" contextid="163" timestamp="2020-09-11T12:40:13.913" />
<allocation-satisfied id="170" threadId="0000000000019A00" bytesRequested="1032" />
<af-end id="171" timestamp="2020-09-11T12:40:13.913" threadId="000000000001A380" success="true" from="nursery"/>
<exclusive-end id="172" timestamp="2020-09-11T12:40:13.913" durationms="2.901" />

<exclusive-start id="173" timestamp="2020-09-11T12:40:13.989" intervalms="78.900">
  <response-info timems="0.103" idlems="0.103" threads="0" lastid="0000000000019A00" lastname="main" />
</exclusive-start>
<af-start id="174" threadId="000000000001A380" totalBytesRequested="8200" timestamp="2020-09-11T12:40:13.989" intervalms="78.788" type="nursery" />
<cycle-start id="175" type="scavenge" contextid="0" timestamp="2020-09-11T12:40:13.989" intervalms="78.778" />
<gc-start id="176" type="scavenge" contextid="175" timestamp="2020-09-11T12:40:13.989">
  <mem-info id="177" free="3824728" total="9043968" percent="42">
    <mem type="nursery" free="0" total="2752512" percent="0">
      <mem type="allocate" free="0" total="2031616" percent="0" />
      <mem type="survivor" free="0" total="720896" percent="0" />
    </mem>
    <mem type="tenure" free="3824728" total="6291456" percent="60">
      <mem type="soa" free="3509336" total="5976064" percent="58" />
      <mem type="loa" free="315392" total="315392" percent="100" />
    </mem>
    <remembered-set count="764" />
  </mem-info>
</gc-start>
<allocation-stats totalBytes="1924992" >
  <allocated-bytes non-tlh="22520" tlh="1902472" />
  <largest-consumer threadName="main" threadId="0000000000019A00" bytes="1858392" />
</allocation-stats>
<gc-op id="178" type="scavenge" timems="0.983" contextid="175" timestamp="2020-09-11T12:40:13.990">
  <scavenger-info tenureage="3" tenuremask="7ff8" tiltratio="73" />
  <memory-copied type="nursery" objects="3064" bytes="137840" bytesdiscarded="75984" />
  <finalization candidates="5" enqueued="2" />
  <ownableSynchronizers candidates="1" cleared="0" />
  <references type="soft" candidates="11" cleared="0" enqueued="0" dynamicThreshold="32" maxThreshold="32" />
  <references type="weak" candidates="798" cleared="347" enqueued="283" />
  <references type="phantom" candidates="3" cleared="0" enqueued="0" />
</gc-op>
<gc-end id="179" type="scavenge" contextid="175" durationms="1.102" usertimems="1.466" systemtimems="0.210" timestamp="2020-09-11T12:40:13.990" activeThreads="4">
  <mem-info id="180" free="5773144" total="9043968" percent="63">
    <mem type="nursery" free="1948416" total="2752512" percent="70">
      <mem type="allocate" free="1948416" total="2162688" percent="90" />
      <mem type="survivor" free="0" total="589824" percent="0" />
    </mem>
    <mem type="tenure" free="3824728" total="6291456" percent="60">
      <mem type="soa" free="3509336" total="5976064" percent="58" />
      <mem type="loa" free="315392" total="315392" percent="100" />
    </mem>
    <pending-finalizers system="2" default="0" reference="283" classloader="0" />
    <remembered-set count="601" />
  </mem-info>
</gc-end>
<cycle-end id="181" type="scavenge" contextid="175" timestamp="2020-09-11T12:40:13.990" />
<allocation-satisfied id="182" threadId="0000000000019A00" bytesRequested="8200" />
<af-end id="183" timestamp="2020-09-11T12:40:13.990" threadId="000000000001A380" success="true" from="nursery"/>
<exclusive-end id="184" timestamp="2020-09-11T12:40:13.990" durationms="1.504" />

<exclusive-start id="185" timestamp="2020-09-11T12:40:14.074" intervalms="85.629">
  <response-info timems="0.126" idlems="0.126" threads="0" lastid="0000000000019A00" lastname="main" />
</exclusive-start>
<af-start id="186" threadId="000000000001A380" totalBytesRequested="4104" timestamp="2020-09-11T12:40:14.075" intervalms="85.647" type="nursery" />
<cycle-start id="187" type="scavenge" contextid="0" timestamp="2020-09-11T12:40:14.075" intervalms="85.655" />
<gc-start id="188" type="scavenge" contextid="187" timestamp="2020-09-11T12:40:14.075">
  <mem-info id="189" free="3797312" total="9043968" percent="41">
    <mem type="nursery" free="0" total="2752512" percent="0">
      <mem type="allocate" free="0" total="2162688" percent="0" />
      <mem type="survivor" free="0" total="589824" percent="0" />
    </mem>
    <mem type="tenure" free="3797312" total="6291456" percent="60">
      <mem type="soa" free="3481920" total="5976064" percent="58" />
      <mem type="loa" free="315392" total="315392" percent="100" />
    </mem>
    <remembered-set count="1025" />
  </mem-info>
</gc-start>
<allocation-stats totalBytes="1941896" >
  <allocated-bytes non-tlh="35616" tlh="1906280" />
  <largest-consumer threadName="main" threadId="0000000000019A00" bytes="1937800" />
</allocation-stats>
<gc-op id="190" type="scavenge" timems="1.074" contextid="187" timestamp="2020-09-11T12:40:14.076">
  <scavenger-info tenureage="4" tenuremask="7ff0" tiltratio="78" />
  <memory-copied type="nursery" objects="4992" bytes="203784" bytesdiscarded="16848" />
  <finalization candidates="4" enqueued="0" />
  <ownableSynchronizers candidates="1" cleared="0" />
  <references type="soft" candidates="14" cleared="0" enqueued="0" dynamicThreshold="32" maxThreshold="32" />
  <references type="weak" candidates="470" cleared="8" enqueued="6" />
  <references type="phantom" candidates="5" cleared="0" enqueued="0" />
</gc-op>
<gc-end id="191" type="scavenge" contextid="187" durationms="1.234" usertimems="1.929" systemtimems="0.268" timestamp="2020-09-11T12:40:14.076" activeThreads="4">
  <mem-info id="192" free="5738816" total="9043968" percent="63">
    <mem type="nursery" free="1941504" total="2752512" percent="70">
      <mem type="allocate" free="1941504" total="2162688" percent="89" />
      <mem type="survivor" free="0" total="589824" percent="0" />
    </mem>
    <mem type="tenure" free="3797312" total="6291456" percent="60">
      <mem type="soa" free="3481920" total="5976064" percent="58" />
      <mem type="loa" free="315392" total="315392" percent="100" />
    </mem>
    <pending-finalizers system="0" default="0" reference="6" classloader="0" />
    <remembered-set count="907" />
  </mem-info>
</gc-end>
<cycle-end id="193" type="scavenge" contextid="187" timestamp="2020-09-11T12:40:14.076" />
<allocation-satisfied id="194" threadId="0000000000019A00" bytesRequested="4104" />
<af-end id="195" timestamp="2020-09-11T12:40:14.076" threadId="000000000001A380" success="true" from="nursery"/>
<exclusive-end id="196" timestamp="2020-09-11T12:40:14.076" durationms="1.752" />

<exclusive-start id="197" timestamp="2020-09-11T12:40:14.105" intervalms="30.475">
  <response-info timems="0.206" idlems="0.206" threads="0" lastid="0000000000019A00" lastname="main" />
</exclusive-start>
<af-start id="198" threadId="000000000001A380" totalBytesRequested="4104" timestamp="2020-09-11T12:40:14.105" intervalms="30.489" type="nursery" />
<cycle-start id="199" type="scavenge" contextid="0" timestamp="2020-09-11T12:40:14.105" intervalms="30.495" />
<gc-start id="200" type="scavenge" contextid="199" timestamp="2020-09-11T12:40:14.105">
  <mem-info id="201" free="3797312" total="9043968" percent="41">
    <mem type="nursery" free="0" total="2752512" percent="0">
      <mem type="allocate" free="0" total="2162688" percent="0" />
      <mem type="survivor" free="0" total="589824" percent="0" />
    </mem>
    <mem type="tenure" free="3797312" total="6291456" percent="60">
      <mem type="soa" free="3481920" total="5976064" percent="58" />
      <mem type="loa" free="315392" total="315392" percent="100" />
    </mem>
    <remembered-set count="908" />
  </mem-info>
</gc-start>
<allocation-stats totalBytes="1909920" >
  <allocated-bytes non-tlh="4104" tlh="1905816" />
  <largest-consumer threadName="main" threadId="0000000000019A00" bytes="1905824" />
</allocation-stats>
<gc-op id="202" type="scavenge" timems="2.910" contextid="199" timestamp="2020-09-11T12:40:14.108">
  <scavenger-info tenureage="3" tenuremask="7ff8" tiltratio="78" />
  <memory-copied type="nursery" objects="4253" bytes="180832" bytesdiscarded="33088" />
  <memory-copied type="tenure" objects="1370" bytes="53776" bytesdiscarded="56" />
  <finalization candidates="4" enqueued="0" />
  <ownableSynchronizers candidates="1" cleared="0" />
  <references type="soft" candidates="10" cleared="0" enqueued="0" dynamicThreshold="32" maxThreshold="32" />
  <references type="weak" candidates="269" cleared="0" enqueued="0" />
  <references type="phantom" candidates="4" cleared="0" enqueued="0" />
</gc-op>
<heap-resize id="203" type="expand" space="nursery" amount="131072" count="1" timems="0.065" reason="excessive time being spent scavenging" timestamp="2020-09-11T12:40:14.108" />
<gc-end id="204" type="scavenge" contextid="199" durationms="3.177" usertimems="6.303" systemtimems="0.000" timestamp="2020-09-11T12:40:14.108" activeThreads="4">
  <mem-info id="205" free="5829184" total="9175040" percent="63">
    <mem type="nursery" free="2079488" total="2883584" percent="72">
      <mem type="allocate" free="2079488" total="2293760" percent="90" />
      <mem type="survivor" free="0" total="589824" percent="0" />
    </mem>
    <mem type="tenure" free="3749696" total="6291456" percent="59">
      <mem type="soa" free="3434304" total="5976064" percent="57" />
      <mem type="loa" free="315392" total="315392" percent="100" />
    </mem>
    <remembered-set count="619" />
  </mem-info>
</gc-end>
<cycle-end id="206" type="scavenge" contextid="199" timestamp="2020-09-11T12:40:14.109" />
<allocation-satisfied id="207" threadId="0000000000019A00" bytesRequested="4104" />
<af-end id="208" timestamp="2020-09-11T12:40:14.109" threadId="000000000001A380" success="true" from="nursery"/>
<exclusive-end id="209" timestamp="2020-09-11T12:40:14.109" durationms="3.919" />

<exclusive-start id="210" timestamp="2020-09-11T12:40:14.136" intervalms="30.812">
  <response-info timems="0.113" idlems="0.113" threads="0" lastid="0000000000019A00" lastname="main" />
</exclusive-start>
<af-start id="211" threadId="000000000001A380" totalBytesRequested="4424" timestamp="2020-09-11T12:40:14.136" intervalms="30.810" type="nursery" />
<cycle-start id="212" type="scavenge" contextid="0" timestamp="2020-09-11T12:40:14.136" intervalms="30.810" />
<gc-start id="213" type="scavenge" contextid="212" timestamp="2020-09-11T12:40:14.136">
  <mem-info id="214" free="3749696" total="9175040" percent="40">
    <mem type="nursery" free="0" total="2883584" percent="0">
      <mem type="allocate" free="0" total="2293760" percent="0" />
      <mem type="survivor" free="0" total="589824" percent="0" />
    </mem>
    <mem type="tenure" free="3749696" total="6291456" percent="59">
      <mem type="soa" free="3434304" total="5976064" percent="57" />
      <mem type="loa" free="315392" total="315392" percent="100" />
    </mem>
    <remembered-set count="619" />
  </mem-info>
</gc-start>
<allocation-stats totalBytes="2046792" >
  <allocated-bytes non-tlh="4104" tlh="2042688" />
  <largest-consumer threadName="main" threadId="0000000000019A00" bytes="2046792" />
</allocation-stats>
<gc-op id="215" type="scavenge" timems="1.452" contextid="212" timestamp="2020-09-11T12:40:14.138">
  <scavenger-info tenureage="2" tenuremask="7fcc" tiltratio="79" />
  <memory-copied type="nursery" objects="1305" bytes="71208" bytesdiscarded="41096" />
  <memory-copied type="tenure" objects="3605" bytes="149408" bytesdiscarded="256" />
  <finalization candidates="3" enqueued="0" />
</gc-op>
<gc-end id="216" type="scavenge" contextid="212" durationms="1.689" usertimems="2.702" systemtimems="0.000" timestamp="2020-09-11T12:40:14.138" activeThreads="4">
  <mem-info id="217" free="5927824" total="9175040" percent="64">
    <mem type="nursery" free="2312528" total="2883584" percent="80">
      <mem type="allocate" free="2312528" total="2424832" percent="95" />
      <mem type="survivor" free="0" total="458752" percent="0" />
    </mem>
    <mem type="tenure" free="3615296" total="6291456" percent="57">
      <mem type="soa" free="3299904" total="5976064" percent="55" />
      <mem type="loa" free="315392" total="315392" percent="100" />
    </mem>
    <remembered-set count="108" />
  </mem-info>
</gc-end>
<cycle-end id="218" type="scavenge" contextid="212" timestamp="2020-09-11T12:40:14.138" />
<allocation-satisfied id="219" threadId="0000000000019A00" bytesRequested="4424" />
<af-end id="220" timestamp="2020-09-11T12:40:14.138" threadId="000000000001A380" success="true" from="nursery"/>
<exclusive-end id="221" timestamp="2020-09-11T12:40:14.138" durationms="2.365" />

<exclusive-start id="222" timestamp="2020-09-11T12:40:14.161" intervalms="25.682">
  <response-info timems="2.120" idlems="2.120" threads="0" lastid="0000000000019A00" lastname="main" />
</exclusive-start>
<af-start id="223" threadId="000000000001A380" totalBytesRequested="6984" timestamp="2020-09-11T12:40:14.162" intervalms="25.678" type="nursery" />
<cycle-start id="224" type="scavenge" contextid="0" timestamp="2020-09-11T12:40:14.162" intervalms="25.672" />
<gc-start id="225" type="scavenge" contextid="224" timestamp="2020-09-11T12:40:14.162">
  <mem-info id="226" free="3615296" total="9175040" percent="39">
    <mem type="nursery" free="0" total="2883584" percent="0">
      <mem type="allocate" free="0" total="2424832" percent="0" />
      <mem type="survivor" free="0" total="458752" percent="0" />
    </mem>
    <mem type="tenure" free="3615296" total="6291456" percent="57">
      <mem type="soa" free="3299904" total="5976064" percent="55" />
      <mem type="loa" free="315392" total="315392" percent="100" />
    </mem>
    <remembered-set count="120" />
  </mem-info>
</gc-start>
<allocation-stats totalBytes="2231512" >
  <allocated-bytes non-tlh="4424" tlh="2227088" />
  <largest-consumer threadName="main" threadId="0000000000019A00" bytes="2231512" />
</allocation-stats>
<gc-op id="227" type="scavenge" timems="1.274" contextid="224" timestamp="2020-09-11T12:40:14.163">
  <scavenger-info tenureage="2" tenuremask="7f84" tiltratio="84" />
  <memory-copied type="nursery" objects="1326" bytes="79976" bytesdiscarded="26736" />
  <memory-copied type="tenure" objects="645" bytes="31280" bytesdiscarded="72" />
</gc-op>
<gc-end id="228" type="scavenge" contextid="224" durationms="1.428" usertimems="1.835" systemtimems="0.248" timestamp="2020-09-11T12:40:14.163" activeThreads="4">
  <mem-info id="229" free="5951336" total="9175040" percent="64">
    <mem type="nursery" free="2383656" total="2883584" percent="82">
      <mem type="allocate" free="2383656" total="2490368" percent="95" />
      <mem type="survivor" free="0" total="393216" percent="0" />
    </mem>
    <mem type="tenure" free="3567680" total="6291456" percent="56">
      <mem type="soa" free="3252288" total="5976064" percent="54" />
      <mem type="loa" free="315392" total="315392" percent="100" />
    </mem>
    <remembered-set count="112" />
  </mem-info>
</gc-end>
<cycle-end id="230" type="scavenge" contextid="224" timestamp="2020-09-11T12:40:14.163" />
<allocation-satisfied id="231" threadId="0000000000019A00" bytesRequested="6984" />
<af-end id="232" timestamp="2020-09-11T12:40:14.163" threadId="000000000001A380" success="true" from="nursery"/>
<exclusive-end id="233" timestamp="2020-09-11T12:40:14.163" durationms="1.962" />

<exclusive-start id="234" timestamp="2020-09-11T12:40:14.180" intervalms="18.716">
  <response-info timems="0.109" idlems="0.109" threads="0" lastid="0000000000019A00" lastname="main" />
</exclusive-start>
<af-start id="235" threadId="000000000001A380" totalBytesRequested="12560" timestamp="2020-09-11T12:40:14.180" intervalms="18.709" type="nursery" />
<cycle-start id="236" type="scavenge" contextid="0" timestamp="2020-09-11T12:40:14.180" intervalms="18.712" />
<gc-start id="237" type="scavenge" contextid="236" timestamp="2020-09-11T12:40:14.180">
  <mem-info id="238" free="3567680" total="9175040" percent="38">
    <mem type="nursery" free="0" total="2883584" percent="0">
      <mem type="allocate" free="0" total="2490368" percent="0" />
      <mem type="survivor" free="0" total="393216" percent="0" />
    </mem>
    <mem type="tenure" free="3567680" total="6291456" percent="56">
      <mem type="soa" free="3252288" total="5976064" percent="54" />
      <mem type="loa" free="315392" total="315392" percent="100" />
    </mem>
    <remembered-set count="136" />
  </mem-info>
</gc-start>
<allocation-stats totalBytes="2308464" >
  <allocated-bytes non-tlh="6984" tlh="2301480" />
  <largest-consumer threadName="main" threadId="0000000000019A00" bytes="2308464" />
</allocation-stats>
<gc-op id="239" type="scavenge" timems="0.944" contextid="236" timestamp="2020-09-11T12:40:14.181">
  <scavenger-info tenureage="8" tenuremask="7f00" tiltratio="86" />
  <memory-copied type="nursery" objects="2016" bytes="111800" bytesdiscarded="31048" />
</gc-op>
<heap-resize id="240" type="expand" space="nursery" amount="131072" count="1" timems="0.048" reason="excessive time being spent scavenging" timestamp="2020-09-11T12:40:14.181" />
<gc-end id="241" type="scavenge" contextid="236" durationms="1.126" usertimems="1.510" systemtimems="0.060" timestamp="2020-09-11T12:40:14.182" activeThreads="4">
  <mem-info id="242" free="6046272" total="9306112" percent="64">
    <mem type="nursery" free="2478592" total="3014656" percent="82">
      <mem type="allocate" free="2478592" total="2621440" percent="94" />
      <mem type="survivor" free="0" total="393216" percent="0" />
    </mem>
    <mem type="tenure" free="3567680" total="6291456" percent="56">
      <mem type="soa" free="3252288" total="5976064" percent="54" />
      <mem type="loa" free="315392" total="315392" percent="100" />
    </mem>
    <remembered-set count="135" />
  </mem-info>
</gc-end>
<cycle-end id="243" type="scavenge" contextid="236" timestamp="2020-09-11T12:40:14.182" />
<allocation-satisfied id="244" threadId="0000000000019A00" bytesRequested="12560" />
<af-end id="245" timestamp="2020-09-11T12:40:14.182" threadId="000000000001A380" success="true" from="nursery"/>
<exclusive-end id="246" timestamp="2020-09-11T12:40:14.182" durationms="1.709" />

<exclusive-start id="247" timestamp="2020-09-11T12:40:14.199" intervalms="18.772">
  <response-info timems="0.768" idlems="0.768" threads="0" lastid="0000000000019A00" lastname="main" />
</exclusive-start>
<af-start id="248" threadId="000000000001A380" totalBytesRequested="4232" timestamp="2020-09-11T12:40:14.199" intervalms="18.765" type="nursery" />
<cycle-start id="249" type="scavenge" contextid="0" timestamp="2020-09-11T12:40:14.199" intervalms="18.757" />
<gc-start id="250" type="scavenge" contextid="249" timestamp="2020-09-11T12:40:14.199">
  <mem-info id="251" free="3567680" total="9306112" percent="38">
    <mem type="nursery" free="0" total="3014656" percent="0">
      <mem type="allocate" free="0" total="2621440" percent="0" />
      <mem type="survivor" free="0" total="393216" percent="0" />
    </mem>
    <mem type="tenure" free="3567680" total="6291456" percent="56">
      <mem type="soa" free="3252288" total="5976064" percent="54" />
      <mem type="loa" free="315392" total="315392" percent="100" />
    </mem>
    <remembered-set count="137" />
  </mem-info>
</gc-start>
<allocation-stats totalBytes="2402304" >
  <allocated-bytes non-tlh="12560" tlh="2389744" />
  <largest-consumer threadName="main" threadId="0000000000019A00" bytes="2402304" />
</allocation-stats>
<gc-op id="252" type="scavenge" timems="1.314" contextid="249" timestamp="2020-09-11T12:40:14.200">
  <scavenger-info tenureage="3" tenuremask="fff8" tiltratio="86" />
  <memory-copied type="nursery" objects="1904" bytes="101608" bytesdiscarded="17432" />
  <memory-copied type="tenure" objects="656" bytes="34008" bytesdiscarded="72" />
</gc-op>
<gc-end id="253" type="scavenge" contextid="249" durationms="1.453" usertimems="2.426" systemtimems="0.000" timestamp="2020-09-11T12:40:14.201" activeThreads="4">
  <mem-info id="254" free="6111808" total="9306112" percent="65">
    <mem type="nursery" free="2567936" total="3014656" percent="85">
      <mem type="allocate" free="2567936" total="2686976" percent="95" />
      <mem type="survivor" free="0" total="327680" percent="0" />
    </mem>
    <mem type="tenure" free="3543872" total="6291456" percent="56">
      <mem type="soa" free="3228480" total="5976064" percent="54" />
      <mem type="loa" free="315392" total="315392" percent="100" />
    </mem>
    <remembered-set count="125" />
  </mem-info>
</gc-end>
<cycle-end id="255" type="scavenge" contextid="249" timestamp="2020-09-11T12:40:14.201" />
<allocation-satisfied id="256" threadId="0000000000019A00" bytesRequested="4232" />
<af-end id="257" timestamp="2020-09-11T12:40:14.201" threadId="000000000001A380" success="true" from="nursery"/>
<exclusive-end id="258" timestamp="2020-09-11T12:40:14.201" durationms="1.892" />

<exclusive-start id="259" timestamp="2020-09-11T12:40:14.217" intervalms="17.902">
  <response-info timems="0.182" idlems="0.182" threads="0" lastid="0000000000019A00" lastname="main" />
</exclusive-start>
<af-start id="260" threadId="000000000001A380" totalBytesRequested="2080" timestamp="2020-09-11T12:40:14.217" intervalms="17.913" type="nursery" />
<cycle-start id="261" type="scavenge" contextid="0" timestamp="2020-09-11T12:40:14.217" intervalms="17.917" />
<gc-start id="262" type="scavenge" contextid="261" timestamp="2020-09-11T12:40:14.217">
  <mem-info id="263" free="3543872" total="9306112" percent="38">
    <mem type="nursery" free="0" total="3014656" percent="0">
      <mem type="allocate" free="0" total="2686976" percent="0" />
      <mem type="survivor" free="0" total="327680" percent="0" />
    </mem>
    <mem type="tenure" free="3543872" total="6291456" percent="56">
      <mem type="soa" free="3228480" total="5976064" percent="54" />
      <mem type="loa" free="315392" total="315392" percent="100" />
    </mem>
    <remembered-set count="142" />
  </mem-info>
</gc-start>
<allocation-stats totalBytes="2496816" >
  <allocated-bytes non-tlh="4232" tlh="2492584" />
  <largest-consumer threadName="main" threadId="0000000000019A00" bytes="2496816" />
</allocation-stats>
<gc-op id="264" type="scavenge" timems="0.969" contextid="261" timestamp="2020-09-11T12:40:14.218">
  <scavenger-info tenureage="3" tenuremask="ffe8" tiltratio="89" />
  <memory-copied type="nursery" objects="1874" bytes="93832" bytesdiscarded="27288" />
  <memory-copied type="tenure" objects="668" bytes="34472" bytesdiscarded="304" />
</gc-op>
<heap-resize id="265" type="expand" space="nursery" amount="131072" count="1" timems="0.037" reason="excessive time being spent scavenging" timestamp="2020-09-11T12:40:14.218" />
<gc-end id="266" type="scavenge" contextid="261" durationms="1.158" usertimems="1.362" systemtimems="0.182" timestamp="2020-09-11T12:40:14.218" activeThreads="4">
  <mem-info id="267" free="6151456" total="9437184" percent="65">
    <mem type="nursery" free="2631392" total="3145728" percent="83">
      <mem type="allocate" free="2631392" total="2752512" percent="95" />
      <mem type="survivor" free="0" total="393216" percent="0" />
    </mem>
    <mem type="tenure" free="3520064" total="6291456" percent="55">
      <mem type="soa" free="3204672" total="5976064" percent="53" />
      <mem type="loa" free="315392" total="315392" percent="100" />
    </mem>
    <remembered-set count="111" />
  </mem-info>
</gc-end>
<cycle-end id="268" type="scavenge" contextid="261" timestamp="2020-09-11T12:40:14.218" />
<allocation-satisfied id="269" threadId="0000000000019A00" bytesRequested="2080" />
<af-end id="270" timestamp="2020-09-11T12:40:14.218" threadId="000000000001A380" success="true" from="nursery"/>
<exclusive-end id="271" timestamp="2020-09-11T12:40:14.218" durationms="1.612" />

<exclusive-start id="272" timestamp="2020-09-11T12:40:14.235" intervalms="18.649">
  <response-info timems="2.400" idlems="2.400" threads="0" lastid="0000000000019A00" lastname="main" />
</exclusive-start>
<af-start id="273" threadId="000000000001A380" totalBytesRequested="4224" timestamp="2020-09-11T12:40:14.236" intervalms="18.676" type="nursery" />
<cycle-start id="274" type="scavenge" contextid="0" timestamp="2020-09-11T12:40:14.236" intervalms="18.682" />
<gc-start id="275" type="scavenge" contextid="274" timestamp="2020-09-11T12:40:14.236">
  <mem-info id="276" free="3520064" total="9437184" percent="37">
    <mem type="nursery" free="0" total="3145728" percent="0">
      <mem type="allocate" free="0" total="2752512" percent="0" />
      <mem type="survivor" free="0" total="393216" percent="0" />
    </mem>
    <mem type="tenure" free="3520064" total="6291456" percent="55">
      <mem type="soa" free="3204672" total="5976064" percent="53" />
      <mem type="loa" free="315392" total="315392" percent="100" />
    </mem>
    <remembered-set count="120" />
  </mem-info>
</gc-start>
<allocation-stats totalBytes="2556808" >
  <allocated-bytes non-tlh="184984" tlh="2371824" />
  <largest-consumer threadName="main" threadId="0000000000019A00" bytes="2556808" />
</allocation-stats>
<gc-op id="277" type="scavenge" timems="1.703" contextid="274" timestamp="2020-09-11T12:40:14.237">
  <scavenger-info tenureage="3" tenuremask="ffe8" tiltratio="87" />
  <memory-copied type="nursery" objects="1940" bytes="100096" bytesdiscarded="18944" />
  <memory-copied type="tenure" objects="688" bytes="32824" bytesdiscarded="0" />
</gc-op>
<heap-resize id="278" type="expand" space="nursery" amount="131072" count="1" timems="0.038" reason="excessive time being spent scavenging" timestamp="2020-09-11T12:40:14.238" />
<gc-end id="279" type="scavenge" contextid="274" durationms="1.928" usertimems="3.341" systemtimems="0.000" timestamp="2020-09-11T12:40:14.238" activeThreads="4">
  <mem-info id="280" free="6236992" total="9568256" percent="65">
    <mem type="nursery" free="2764544" total="3276800" percent="84">
      <mem type="allocate" free="2764544" total="2883584" percent="95" />
      <mem type="survivor" free="0" total="393216" percent="0" />
    </mem>
    <mem type="tenure" free="3472448" total="6291456" percent="55">
      <mem type="soa" free="3157056" total="5976064" percent="52" />
      <mem type="loa" free="315392" total="315392" percent="100" />
    </mem>
    <remembered-set count="121" />
  </mem-info>
</gc-end>
<cycle-end id="281" type="scavenge" contextid="274" timestamp="2020-09-11T12:40:14.238" />
<allocation-satisfied id="282" threadId="0000000000019A00" bytesRequested="4224" />
<af-end id="283" timestamp="2020-09-11T12:40:14.238" threadId="000000000001A380" success="true" from="nursery"/>
<exclusive-end id="284" timestamp="2020-09-11T12:40:14.238" durationms="2.519" />

<exclusive-start id="285" timestamp="2020-09-11T12:40:14.249" intervalms="13.986">
  <response-info timems="2.091" idlems="2.091" threads="0" lastid="0000000000019A00" lastname="main" />
</exclusive-start>
<af-start id="286" threadId="000000000001A380" totalBytesRequested="32160" timestamp="2020-09-11T12:40:14.250" intervalms="13.950" type="nursery" />
<cycle-start id="287" type="scavenge" contextid="0" timestamp="2020-09-11T12:40:14.250" intervalms="13.942" />
<gc-start id="288" type="scavenge" contextid="287" timestamp="2020-09-11T12:40:14.250">
  <mem-info id="289" free="3472448" total="9568256" percent="36">
    <mem type="nursery" free="0" total="3276800" percent="0">
      <mem type="allocate" free="0" total="2883584" percent="0" />
      <mem type="survivor" free="0" total="393216" percent="0" />
    </mem>
    <mem type="tenure" free="3472448" total="6291456" percent="55">
      <mem type="soa" free="3157056" total="5976064" percent="52" />
      <mem type="loa" free="315392" total="315392" percent="100" />
    </mem>
    <remembered-set count="134" />
  </mem-info>
</gc-start>
<allocation-stats totalBytes="2729272" >
  <allocated-bytes non-tlh="1860432" tlh="868840" />
  <largest-consumer threadName="main" threadId="0000000000019A00" bytes="2729272" />
</allocation-stats>
<gc-op id="290" type="scavenge" timems="0.707" contextid="287" timestamp="2020-09-11T12:40:14.250">
  <scavenger-info tenureage="3" tenuremask="7008" tiltratio="88" />
  <memory-copied type="nursery" objects="1600" bytes="94136" bytesdiscarded="24904" />
  <memory-copied type="tenure" objects="544" bytes="27984" bytesdiscarded="24" />
</gc-op>
<gc-end id="291" type="scavenge" contextid="287" durationms="0.815" usertimems="1.089" systemtimems="0.147" timestamp="2020-09-11T12:40:14.250" activeThreads="4">
  <mem-info id="292" free="6278720" total="9568256" percent="65">
    <mem type="nursery" free="2830080" total="3276800" percent="86">
      <mem type="allocate" free="2830080" total="2949120" percent="95" />
      <mem type="survivor" free="0" total="327680" percent="0" />
    </mem>
    <mem type="tenure" free="3448640" total="6291456" percent="54">
      <mem type="soa" free="3133248" total="5976064" percent="52" />
      <mem type="loa" free="315392" total="315392" percent="100" />
    </mem>
    <remembered-set count="133" />
  </mem-info>
</gc-end>
<cycle-end id="293" type="scavenge" contextid="287" timestamp="2020-09-11T12:40:14.251" />
<allocation-satisfied id="294" threadId="0000000000019A00" bytesRequested="32160" />
<af-end id="295" timestamp="2020-09-11T12:40:14.251" threadId="000000000001A380" success="true" from="nursery"/>
<exclusive-end id="296" timestamp="2020-09-11T12:40:14.251" durationms="1.290" />

<exclusive-start id="297" timestamp="2020-09-11T12:40:14.261" intervalms="11.861">
  <response-info timems="0.179" idlems="0.179" threads="0" lastid="0000000000019A00" lastname="main" />
</exclusive-start>
<af-start id="298" threadId="000000000001A380" totalBytesRequested="102728" timestamp="2020-09-11T12:40:14.261" intervalms="11.877" type="nursery" />
<cycle-start id="299" type="scavenge" contextid="0" timestamp="2020-09-11T12:40:14.261" intervalms="11.875" />
<gc-start id="300" type="scavenge" contextid="299" timestamp="2020-09-11T12:40:14.262">
  <mem-info id="301" free="3460632" total="9568256" percent="36">
    <mem type="nursery" free="12032" total="3276800" percent="0">
      <mem type="allocate" free="12032" total="2949120" percent="0" />
      <mem type="survivor" free="0" total="327680" percent="0" />
    </mem>
    <mem type="tenure" free="3448600" total="6291456" percent="54">
      <mem type="soa" free="3133208" total="5976064" percent="52" />
      <mem type="loa" free="315392" total="315392" percent="100" />
    </mem>
    <remembered-set count="144" />
  </mem-info>
</gc-start>
<allocation-stats totalBytes="2760840" >
  <allocated-bytes non-tlh="32200" tlh="2728640" />
  <largest-consumer threadName="main" threadId="0000000000019A00" bytes="2760840" />
</allocation-stats>
<gc-op id="302" type="scavenge" timems="1.520" contextid="299" timestamp="2020-09-11T12:40:14.263">
  <scavenger-info tenureage="3" tenuremask="6008" tiltratio="90" />
  <memory-copied type="nursery" objects="1875" bytes="153144" bytesdiscarded="42384" />
  <memory-copied type="tenure" objects="640" bytes="30928" bytesdiscarded="88" />
  <references type="soft" candidates="1" cleared="0" enqueued="0" dynamicThreshold="32" maxThreshold="32" />
  <references type="weak" candidates="4" cleared="4" enqueued="4" />
  <references type="phantom" candidates="4" cleared="0" enqueued="0" />
</gc-op>
<heap-resize id="303" type="expand" space="nursery" amount="262144" count="1" timems="0.030" reason="excessive time being spent scavenging" timestamp="2020-09-11T12:40:14.263" />
<gc-end id="304" type="scavenge" contextid="299" durationms="1.669" usertimems="3.181" systemtimems="0.000" timestamp="2020-09-11T12:40:14.263" activeThreads="4">
  <mem-info id="305" free="6374976" total="9830400" percent="64">
    <mem type="nursery" free="2950184" total="3538944" percent="83">
      <mem type="allocate" free="2950184" total="3145728" percent="93" />
      <mem type="survivor" free="0" total="393216" percent="0" />
    </mem>
    <mem type="tenure" free="3424792" total="6291456" percent="54">
      <mem type="soa" free="3109400" total="5976064" percent="52" />
      <mem type="loa" free="315392" total="315392" percent="100" />
    </mem>
    <pending-finalizers system="0" default="0" reference="4" classloader="0" />
    <remembered-set count="141" />
  </mem-info>
</gc-end>
<cycle-end id="306" type="scavenge" contextid="299" timestamp="2020-09-11T12:40:14.263" />
<allocation-satisfied id="307" threadId="0000000000019A00" bytesRequested="102728" />
<af-end id="308" timestamp="2020-09-11T12:40:14.264" threadId="000000000001A380" success="true" from="nursery"/>
<exclusive-end id="309" timestamp="2020-09-11T12:40:14.264" durationms="2.278" />

<exclusive-start id="310" timestamp="2020-09-11T12:40:14.275" intervalms="13.989">
  <response-info timems="1.367" idlems="1.367" threads="0" lastid="0000000000019A00" lastname="main" />
</exclusive-start>
<af-start id="311" threadId="000000000001A380" totalBytesRequested="4104" timestamp="2020-09-11T12:40:14.275" intervalms="13.967" type="nursery" />
<cycle-start id="312" type="scavenge" contextid="0" timestamp="2020-09-11T12:40:14.275" intervalms="13.965" />
<gc-start id="313" type="scavenge" contextid="312" timestamp="2020-09-11T12:40:14.276">
  <mem-info id="314" free="3424792" total="9830400" percent="34">
    <mem type="nursery" free="0" total="3538944" percent="0">
      <mem type="allocate" free="0" total="3145728" percent="0" />
      <mem type="survivor" free="0" total="393216" percent="0" />
    </mem>
    <mem type="tenure" free="3424792" total="6291456" percent="54">
      <mem type="soa" free="3109400" total="5976064" percent="52" />
      <mem type="loa" free="315392" total="315392" percent="100" />
    </mem>
    <remembered-set count="143" />
  </mem-info>
</gc-start>
<allocation-stats totalBytes="2888504" >
  <allocated-bytes non-tlh="385496" tlh="2503008" />
  <largest-consumer threadName="main" threadId="0000000000019A00" bytes="2888504" />
</allocation-stats>
<gc-op id="315" type="scavenge" timems="0.879" contextid="312" timestamp="2020-09-11T12:40:14.276">
  <scavenger-info tenureage="3" tenuremask="4008" tiltratio="88" />
  <memory-copied type="nursery" objects="1730" bytes="87200" bytesdiscarded="63872" />
  <memory-copied type="tenure" objects="752" bytes="34856" bytesdiscarded="24" />
  <references type="soft" candidates="1" cleared="0" enqueued="0" dynamicThreshold="32" maxThreshold="32" />
  <references type="phantom" candidates="4" cleared="0" enqueued="0" />
</gc-op>
<gc-end id="316" type="scavenge" contextid="312" durationms="1.002" usertimems="0.000" systemtimems="1.448" timestamp="2020-09-11T12:40:14.277" activeThreads="4">
  <mem-info id="317" free="6371816" total="9830400" percent="64">
    <mem type="nursery" free="2994640" total="3538944" percent="84">
      <mem type="allocate" free="2994640" total="3145728" percent="95" />
      <mem type="survivor" free="0" total="393216" percent="0" />
    </mem>
    <mem type="tenure" free="3377176" total="6291456" percent="53">
      <mem type="soa" free="3061784" total="5976064" percent="51" />
      <mem type="loa" free="315392" total="315392" percent="100" />
    </mem>
    <remembered-set count="106" />
  </mem-info>
</gc-end>
<cycle-end id="318" type="scavenge" contextid="312" timestamp="2020-09-11T12:40:14.277" />
<allocation-satisfied id="319" threadId="0000000000019A00" bytesRequested="4104" />
<af-end id="320" timestamp="2020-09-11T12:40:14.277" threadId="000000000001A380" success="true" from="nursery"/>
<exclusive-end id="321" timestamp="2020-09-11T12:40:14.277" durationms="1.425" />

<exclusive-start id="322" timestamp="2020-09-11T12:40:14.286" intervalms="10.877">
  <response-info timems="0.132" idlems="0.132" threads="0" lastid="0000000000019A00" lastname="main" />
</exclusive-start>
<af-start id="323" threadId="000000000001A380" totalBytesRequested="4104" timestamp="2020-09-11T12:40:14.286" intervalms="10.868" type="nursery" />
<cycle-start id="324" type="scavenge" contextid="0" timestamp="2020-09-11T12:40:14.286" intervalms="10.868" />
<gc-start id="325" type="scavenge" contextid="324" timestamp="2020-09-11T12:40:14.286">
  <mem-info id="326" free="3377176" total="9830400" percent="34">
    <mem type="nursery" free="0" total="3538944" percent="0">
      <mem type="allocate" free="0" total="3145728" percent="0" />
      <mem type="survivor" free="0" total="393216" percent="0" />
    </mem>
    <mem type="tenure" free="3377176" total="6291456" percent="53">
      <mem type="soa" free="3061784" total="5976064" percent="51" />
      <mem type="loa" free="315392" total="315392" percent="100" />
    </mem>
    <remembered-set count="107" />
  </mem-info>
</gc-start>
<allocation-stats totalBytes="2938432" >
  <allocated-bytes non-tlh="4104" tlh="2934328" />
  <largest-consumer threadName="main" threadId="0000000000019A00" bytes="2938432" />
</allocation-stats>
<gc-op id="327" type="scavenge" timems="1.515" contextid="324" timestamp="2020-09-11T12:40:14.288">
  <scavenger-info tenureage="14" tenuremask="4000" tiltratio="88" />
  <memory-copied type="nursery" objects="2630" bytes="135144" bytesdiscarded="31496" />
  <references type="soft" candidates="1" cleared="0" enqueued="0" dynamicThreshold="32" maxThreshold="32" />
  <references type="phantom" candidates="4" cleared="0" enqueued="0" />
</gc-op>
<heap-resize id="328" type="expand" space="nursery" amount="393216" count="1" timems="0.059" reason="excessive time being spent scavenging" timestamp="2020-09-11T12:40:14.288" />
<gc-end id="329" type="scavenge" contextid="324" durationms="1.701" usertimems="2.896" systemtimems="0.390" timestamp="2020-09-11T12:40:14.288" activeThreads="4">
  <mem-info id="330" free="6683928" total="10223616" percent="65">
    <mem type="nursery" free="3306752" total="3932160" percent="84">
      <mem type="allocate" free="3306752" total="3473408" percent="95" />
      <mem type="survivor" free="0" total="458752" percent="0" />
    </mem>
    <mem type="tenure" free="3377176" total="6291456" percent="53">
      <mem type="soa" free="3061784" total="5976064" percent="51" />
      <mem type="loa" free="315392" total="315392" percent="100" />
    </mem>
    <remembered-set count="105" />
  </mem-info>
</gc-end>
<cycle-end id="331" type="scavenge" contextid="324" timestamp="2020-09-11T12:40:14.288" />
<allocation-satisfied id="332" threadId="0000000000019A00" bytesRequested="4104" />
<af-end id="333" timestamp="2020-09-11T12:40:14.288" threadId="000000000001A380" success="true" from="nursery"/>
<exclusive-end id="334" timestamp="2020-09-11T12:40:14.288" durationms="2.182" />

<exclusive-start id="335" timestamp="2020-09-11T12:40:14.301" intervalms="14.823">
  <response-info timems="0.160" idlems="0.160" threads="0" lastid="0000000000019A00" lastname="main" />
</exclusive-start>
<af-start id="336" threadId="000000000001A380" totalBytesRequested="8200" timestamp="2020-09-11T12:40:14.301" intervalms="14.830" type="nursery" />
<cycle-start id="337" type="scavenge" contextid="0" timestamp="2020-09-11T12:40:14.301" intervalms="14.833" />
<gc-start id="338" type="scavenge" contextid="337" timestamp="2020-09-11T12:40:14.301">
  <mem-info id="339" free="3377176" total="10223616" percent="33">
    <mem type="nursery" free="0" total="3932160" percent="0">
      <mem type="allocate" free="0" total="3473408" percent="0" />
      <mem type="survivor" free="0" total="458752" percent="0" />
    </mem>
    <mem type="tenure" free="3377176" total="6291456" percent="53">
      <mem type="soa" free="3061784" total="5976064" percent="51" />
      <mem type="loa" free="315392" total="315392" percent="100" />
    </mem>
    <remembered-set count="107" />
  </mem-info>
</gc-start>
<allocation-stats totalBytes="3253312" >
  <allocated-bytes non-tlh="4104" tlh="3249208" />
  <largest-consumer threadName="main" threadId="0000000000019A00" bytes="3253312" />
</allocation-stats>
<gc-op id="340" type="scavenge" timems="0.953" contextid="337" timestamp="2020-09-11T12:40:14.302">
  <scavenger-info tenureage="2" tenuremask="400c" tiltratio="88" />
  <memory-copied type="nursery" objects="2086" bytes="110304" bytesdiscarded="32536" />
  <memory-copied type="tenure" objects="1415" bytes="70432" bytesdiscarded="160" />
  <references type="phantom" candidates="2" cleared="0" enqueued="0" />
</gc-op>
<gc-end id="341" type="scavenge" contextid="337" durationms="1.079" usertimems="1.571" systemtimems="0.212" timestamp="2020-09-11T12:40:14.302" activeThreads="4">
  <mem-info id="342" free="6678040" total="10223616" percent="65">
    <mem type="nursery" free="3396096" total="3932160" percent="86">
      <mem type="allocate" free="3396096" total="3538944" percent="95" />
      <mem type="survivor" free="0" total="393216" percent="0" />
    </mem>
    <mem type="tenure" free="3281944" total="6291456" percent="52">
      <mem type="soa" free="2966552" total="5976064" percent="49" />
      <mem type="loa" free="315392" total="315392" percent="100" />
    </mem>
    <remembered-set count="126" />
  </mem-info>
</gc-end>
<cycle-end id="343" type="scavenge" contextid="337" timestamp="2020-09-11T12:40:14.303" />
<allocation-satisfied id="344" threadId="0000000000019A00" bytesRequested="8200" />
<af-end id="345" timestamp="2020-09-11T12:40:14.303" threadId="000000000001A380" success="true" from="nursery"/>
<exclusive-end id="346" timestamp="2020-09-11T12:40:14.303" durationms="1.569" />

<exclusive-start id="347" timestamp="2020-09-11T12:40:14.314" intervalms="13.481">
  <response-info timems="0.122" idlems="0.122" threads="0" lastid="0000000000019A00" lastname="main" />
</exclusive-start>
<af-start id="348" threadId="000000000001A380" totalBytesRequested="4104" timestamp="2020-09-11T12:40:14.315" intervalms="13.476" type="nursery" />
<cycle-start id="349" type="scavenge" contextid="0" timestamp="2020-09-11T12:40:14.315" intervalms="13.475" />
<gc-start id="350" type="scavenge" contextid="349" timestamp="2020-09-11T12:40:14.315">
  <mem-info id="351" free="3281944" total="10223616" percent="32">
    <mem type="nursery" free="0" total="3932160" percent="0">
      <mem type="allocate" free="0" total="3538944" percent="0" />
      <mem type="survivor" free="0" total="393216" percent="0" />
    </mem>
    <mem type="tenure" free="3281944" total="6291456" percent="52">
      <mem type="soa" free="2966552" total="5976064" percent="49" />
      <mem type="loa" free="315392" total="315392" percent="100" />
    </mem>
    <remembered-set count="132" />
  </mem-info>
</gc-start>
<allocation-stats totalBytes="3264936" >
  <allocated-bytes non-tlh="62448" tlh="3202488" />
  <largest-consumer threadName="main" threadId="0000000000019A00" bytes="3264936" />
</allocation-stats>
<gc-op id="352" type="scavenge" timems="1.758" contextid="349" timestamp="2020-09-11T12:40:14.317">
  <scavenger-info tenureage="2" tenuremask="4024" tiltratio="90" />
  <memory-copied type="nursery" objects="1701" bytes="101480" bytesdiscarded="17552" />
  <memory-copied type="tenure" objects="1104" bytes="56000" bytesdiscarded="24" />
  <references type="phantom" candidates="2" cleared="0" enqueued="0" />
</gc-op>
<heap-resize id="353" type="expand" space="nursery" amount="393216" count="1" timems="0.045" reason="excessive time being spent scavenging" timestamp="2020-09-11T12:40:14.317" />
<gc-end id="354" type="scavenge" contextid="349" durationms="1.939" usertimems="0.000" systemtimems="3.065" timestamp="2020-09-11T12:40:14.317" activeThreads="4">
  <mem-info id="355" free="6981912" total="10616832" percent="65">
    <mem type="nursery" free="3747584" total="4325376" percent="86">
      <mem type="allocate" free="3747584" total="3866624" percent="96" />
      <mem type="survivor" free="0" total="458752" percent="0" />
    </mem>
    <mem type="tenure" free="3234328" total="6291456" percent="51">
      <mem type="soa" free="2918936" total="5976064" percent="48" />
      <mem type="loa" free="315392" total="315392" percent="100" />
    </mem>
    <remembered-set count="96" />
  </mem-info>
</gc-end>
<cycle-end id="356" type="scavenge" contextid="349" timestamp="2020-09-11T12:40:14.317" />
<allocation-satisfied id="357" threadId="0000000000019A00" bytesRequested="4104" />
<af-end id="358" timestamp="2020-09-11T12:40:14.317" threadId="000000000001A380" success="true" from="nursery"/>
<exclusive-end id="359" timestamp="2020-09-11T12:40:14.317" durationms="2.407" />

<exclusive-start id="360" timestamp="2020-09-11T12:40:14.330" intervalms="15.301">
  <response-info timems="0.211" idlems="0.211" threads="0" lastid="0000000000019A00" lastname="main" />
</exclusive-start>
<af-start id="361" threadId="000000000001A380" totalBytesRequested="4104" timestamp="2020-09-11T12:40:14.330" intervalms="15.310" type="nursery" />
<cycle-start id="362" type="scavenge" contextid="0" timestamp="2020-09-11T12:40:14.330" intervalms="15.309" />
<gc-start id="363" type="scavenge" contextid="362" timestamp="2020-09-11T12:40:14.330">
  <mem-info id="364" free="3234328" total="10616832" percent="30">
    <mem type="nursery" free="0" total="4325376" percent="0">
      <mem type="allocate" free="0" total="3866624" percent="0" />
      <mem type="survivor" free="0" total="458752" percent="0" />
    </mem>
    <mem type="tenure" free="3234328" total="6291456" percent="51">
      <mem type="soa" free="2918936" total="5976064" percent="48" />
      <mem type="loa" free="315392" total="315392" percent="100" />
    </mem>
    <remembered-set count="99" />
  </mem-info>
</gc-start>
<allocation-stats totalBytes="3626248" >
  <allocated-bytes non-tlh="4104" tlh="3622144" />
  <largest-consumer threadName="main" threadId="0000000000019A00" bytes="3626248" />
</allocation-stats>
<gc-op id="365" type="scavenge" timems="1.182" contextid="362" timestamp="2020-09-11T12:40:14.331">
  <scavenger-info tenureage="14" tenuremask="4000" tiltratio="89" />
  <memory-copied type="nursery" objects="2630" bytes="148056" bytesdiscarded="18592" />
  <references type="phantom" candidates="2" cleared="0" enqueued="0" />
</gc-op>
<heap-resize id="366" type="expand" space="nursery" amount="262144" count="1" timems="0.036" reason="excessive time being spent scavenging" timestamp="2020-09-11T12:40:14.331" />
<gc-end id="367" type="scavenge" contextid="362" durationms="1.362" usertimems="2.221" systemtimems="0.299" timestamp="2020-09-11T12:40:14.331" activeThreads="5">
  <mem-info id="368" free="7130904" total="10878976" percent="65">
    <mem type="nursery" free="3896576" total="4587520" percent="84">
      <mem type="allocate" free="3896576" total="4063232" percent="95" />
      <mem type="survivor" free="0" total="524288" percent="0" />
    </mem>
    <mem type="tenure" free="3234328" total="6291456" percent="51">
      <mem type="soa" free="2918936" total="5976064" percent="48" />
      <mem type="loa" free="315392" total="315392" percent="100" />
    </mem>
    <remembered-set count="99" />
  </mem-info>
</gc-end>
<cycle-end id="369" type="scavenge" contextid="362" timestamp="2020-09-11T12:40:14.332" />
<allocation-satisfied id="370" threadId="0000000000019A00" bytesRequested="4104" />
<af-end id="371" timestamp="2020-09-11T12:40:14.332" threadId="000000000001A380" success="true" from="nursery"/>
<exclusive-end id="372" timestamp="2020-09-11T12:40:14.332" durationms="1.797" />

<exclusive-start id="373" timestamp="2020-09-11T12:40:14.344" intervalms="14.182">
  <response-info timems="0.100" idlems="0.100" threads="0" lastid="0000000000019A00" lastname="main" />
</exclusive-start>
<af-start id="374" threadId="000000000001A380" totalBytesRequested="1640" timestamp="2020-09-11T12:40:14.344" intervalms="14.168" type="nursery" />
<cycle-start id="375" type="scavenge" contextid="0" timestamp="2020-09-11T12:40:14.344" intervalms="14.165" />
<gc-start id="376" type="scavenge" contextid="375" timestamp="2020-09-11T12:40:14.344">
  <mem-info id="377" free="3234328" total="10878976" percent="29">
    <mem type="nursery" free="0" total="4587520" percent="0">
      <mem type="allocate" free="0" total="4063232" percent="0" />
      <mem type="survivor" free="0" total="524288" percent="0" />
    </mem>
    <mem type="tenure" free="3234328" total="6291456" percent="51">
      <mem type="soa" free="2918936" total="5976064" percent="48" />
      <mem type="loa" free="315392" total="315392" percent="100" />
    </mem>
    <remembered-set count="100" />
  </mem-info>
</gc-start>
<allocation-stats totalBytes="3822184" >
  <allocated-bytes non-tlh="4104" tlh="3818080" />
  <largest-consumer threadName="main" threadId="0000000000019A00" bytes="3822184" />
</allocation-stats>
<gc-op id="378" type="scavenge" timems="1.309" contextid="375" timestamp="2020-09-11T12:40:14.346">
  <scavenger-info tenureage="2" tenuremask="400c" tiltratio="88" />
  <memory-copied type="nursery" objects="1882" bytes="99368" bytesdiscarded="19672" />
  <memory-copied type="tenure" objects="1697" bytes="101304" bytesdiscarded="248" />
</gc-op>
<heap-resize id="379" type="expand" space="nursery" amount="262144" count="1" timems="0.030" reason="excessive time being spent scavenging" timestamp="2020-09-11T12:40:14.346" />
<gc-end id="380" type="scavenge" contextid="375" durationms="1.482" usertimems="0.000" systemtimems="2.774" timestamp="2020-09-11T12:40:14.346" activeThreads="5">
  <mem-info id="381" free="7345432" total="11141120" percent="65">
    <mem type="nursery" free="4206336" total="4849664" percent="86">
      <mem type="allocate" free="4206336" total="4325376" percent="97" />
      <mem type="survivor" free="0" total="524288" percent="0" />
    </mem>
    <mem type="tenure" free="3139096" total="6291456" percent="49">
      <mem type="soa" free="2823704" total="5976064" percent="47" />
      <mem type="loa" free="315392" total="315392" percent="100" />
    </mem>
    <remembered-set count="89" />
  </mem-info>
</gc-end>
<cycle-end id="382" type="scavenge" contextid="375" timestamp="2020-09-11T12:40:14.346" />
<allocation-satisfied id="383" threadId="0000000000019A00" bytesRequested="1640" />
<af-end id="384" timestamp="2020-09-11T12:40:14.346" threadId="000000000001A380" success="true" from="nursery"/>
<exclusive-end id="385" timestamp="2020-09-11T12:40:14.346" durationms="2.021" />

<exclusive-start id="386" timestamp="2020-09-11T12:40:14.359" intervalms="15.453">
  <response-info timems="0.663" idlems="0.663" threads="0" lastid="0000000000019A00" lastname="main" />
</exclusive-start>
<af-start id="387" threadId="000000000001A380" totalBytesRequested="4104" timestamp="2020-09-11T12:40:14.360" intervalms="15.452" type="nursery" />
<cycle-start id="388" type="scavenge" contextid="0" timestamp="2020-09-11T12:40:14.360" intervalms="15.454" />
<gc-start id="389" type="scavenge" contextid="388" timestamp="2020-09-11T12:40:14.360">
  <mem-info id="390" free="3139096" total="11141120" percent="28">
    <mem type="nursery" free="0" total="4849664" percent="0">
      <mem type="allocate" free="0" total="4325376" percent="0" />
      <mem type="survivor" free="0" total="524288" percent="0" />
    </mem>
    <mem type="tenure" free="3139096" total="6291456" percent="49">
      <mem type="soa" free="2823704" total="5976064" percent="47" />
      <mem type="loa" free="315392" total="315392" percent="100" />
    </mem>
    <remembered-set count="93" />
  </mem-info>
</gc-start>
<allocation-stats totalBytes="4110072" >
  <allocated-bytes non-tlh="1640" tlh="4108432" />
  <largest-consumer threadName="main" threadId="0000000000019A00" bytes="4110072" />
</allocation-stats>
<gc-op id="391" type="scavenge" timems="0.958" contextid="388" timestamp="2020-09-11T12:40:14.361">
  <scavenger-info tenureage="2" tenuremask="4004" tiltratio="89" />
  <memory-copied type="nursery" objects="2064" bytes="111464" bytesdiscarded="31384" />
  <memory-copied type="tenure" objects="930" bytes="46608" bytesdiscarded="72" />
</gc-op>
<gc-end id="392" type="scavenge" contextid="388" durationms="1.054" usertimems="0.000" systemtimems="1.747" timestamp="2020-09-11T12:40:14.361" activeThreads="5">
  <mem-info id="393" free="7274008" total="11141120" percent="65">
    <mem type="nursery" free="4182528" total="4849664" percent="86">
      <mem type="allocate" free="4182528" total="4325376" percent="96" />
      <mem type="survivor" free="0" total="524288" percent="0" />
    </mem>
    <mem type="tenure" free="3091480" total="6291456" percent="49">
      <mem type="soa" free="2776088" total="5976064" percent="46" />
      <mem type="loa" free="315392" total="315392" percent="100" />
    </mem>
    <remembered-set count="251" />
  </mem-info>
</gc-end>
<cycle-end id="394" type="scavenge" contextid="388" timestamp="2020-09-11T12:40:14.361" />
<allocation-satisfied id="395" threadId="0000000000019A00" bytesRequested="4104" />
<af-end id="396" timestamp="2020-09-11T12:40:14.361" threadId="000000000001A380" success="true" from="nursery"/>
<exclusive-end id="397" timestamp="2020-09-11T12:40:14.361" durationms="1.500" />

<exclusive-start id="398" timestamp="2020-09-11T12:40:14.376" intervalms="16.405">
  <response-info timems="0.097" idlems="0.097" threads="0" lastid="0000000000019A00" lastname="main" />
</exclusive-start>
<af-start id="399" threadId="000000000001A380" totalBytesRequested="4288" timestamp="2020-09-11T12:40:14.376" intervalms="16.419" type="nursery" />
<cycle-start id="400" type="scavenge" contextid="0" timestamp="2020-09-11T12:40:14.376" intervalms="16.420" />
<gc-start id="401" type="scavenge" contextid="400" timestamp="2020-09-11T12:40:14.376">
  <mem-info id="402" free="3091480" total="11141120" percent="27">
    <mem type="nursery" free="0" total="4849664" percent="0">
      <mem type="allocate" free="0" total="4325376" percent="0" />
      <mem type="survivor" free="0" total="524288" percent="0" />
    </mem>
    <mem type="tenure" free="3091480" total="6291456" percent="49">
      <mem type="soa" free="2776088" total="5976064" percent="46" />
      <mem type="loa" free="315392" total="315392" percent="100" />
    </mem>
    <remembered-set count="306" />
  </mem-info>
</gc-start>
<allocation-stats totalBytes="4067448" >
  <allocated-bytes non-tlh="53424" tlh="4014024" />
  <largest-consumer threadName="main" threadId="0000000000019A00" bytes="4067448" />
</allocation-stats>
<gc-op id="403" type="scavenge" timems="1.772" contextid="400" timestamp="2020-09-11T12:40:14.378">
  <scavenger-info tenureage="14" tenuremask="4000" tiltratio="89" />
  <memory-copied type="nursery" objects="2793" bytes="151608" bytesdiscarded="38848" />
  <references type="phantom" candidates="2" cleared="0" enqueued="0" />
</gc-op>
<heap-resize id="404" type="expand" space="nursery" amount="393216" count="1" timems="0.058" reason="excessive time being spent scavenging" timestamp="2020-09-11T12:40:14.378" />
<gc-end id="405" type="scavenge" contextid="400" durationms="2.149" usertimems="3.200" systemtimems="0.000" timestamp="2020-09-11T12:40:14.378" activeThreads="5">
  <mem-info id="406" free="7554072" total="11534336" percent="65">
    <mem type="nursery" free="4462592" total="5242880" percent="85">
      <mem type="allocate" free="4462592" total="4653056" percent="95" />
      <mem type="survivor" free="0" total="589824" percent="0" />
    </mem>
    <mem type="tenure" free="3091480" total="6291456" percent="49">
      <mem type="soa" free="2776088" total="5976064" percent="46" />
      <mem type="loa" free="315392" total="315392" percent="100" />
    </mem>
    <remembered-set count="295" />
  </mem-info>
</gc-end>
<cycle-end id="407" type="scavenge" contextid="400" timestamp="2020-09-11T12:40:14.381" />
<allocation-satisfied id="408" threadId="0000000000019A00" bytesRequested="4288" />
<af-end id="409" timestamp="2020-09-11T12:40:14.381" threadId="000000000001A380" success="true" from="nursery"/>
<exclusive-end id="410" timestamp="2020-09-11T12:40:14.381" durationms="4.942" />

<exclusive-start id="411" timestamp="2020-09-11T12:40:14.398" intervalms="22.291">
  <response-info timems="0.101" idlems="0.101" threads="0" lastid="0000000000019A00" lastname="main" />
</exclusive-start>
<af-start id="412" threadId="000000000001A380" totalBytesRequested="2320" timestamp="2020-09-11T12:40:14.398" intervalms="22.301" type="nursery" />
<cycle-start id="413" type="scavenge" contextid="0" timestamp="2020-09-11T12:40:14.398" intervalms="22.315" />
<gc-start id="414" type="scavenge" contextid="413" timestamp="2020-09-11T12:40:14.398">
  <mem-info id="415" free="3091480" total="11534336" percent="26">
    <mem type="nursery" free="0" total="5242880" percent="0">
      <mem type="allocate" free="0" total="4653056" percent="0" />
      <mem type="survivor" free="0" total="589824" percent="0" />
    </mem>
    <mem type="tenure" free="3091480" total="6291456" percent="49">
      <mem type="soa" free="2776088" total="5976064" percent="46" />
      <mem type="loa" free="315392" total="315392" percent="100" />
    </mem>
    <remembered-set count="318" />
  </mem-info>
</gc-start>
<allocation-stats totalBytes="4344864" >
  <allocated-bytes non-tlh="77512" tlh="4267352" />
  <largest-consumer threadName="main" threadId="0000000000019A00" bytes="4344864" />
</allocation-stats>
<gc-op id="416" type="scavenge" timems="0.969" contextid="413" timestamp="2020-09-11T12:40:14.399">
  <scavenger-info tenureage="14" tenuremask="4000" tiltratio="88" />
  <memory-copied type="nursery" objects="3700" bytes="178856" bytesdiscarded="59216" />
  <references type="phantom" candidates="2" cleared="0" enqueued="0" />
</gc-op>
<gc-end id="417" type="scavenge" contextid="413" durationms="1.104" usertimems="1.569" systemtimems="0.214" timestamp="2020-09-11T12:40:14.399" activeThreads="5">
  <mem-info id="418" free="7571992" total="11534336" percent="65">
    <mem type="nursery" free="4480512" total="5242880" percent="85">
      <mem type="allocate" free="4480512" total="4718592" percent="94" />
      <mem type="survivor" free="0" total="524288" percent="0" />
    </mem>
    <mem type="tenure" free="3091480" total="6291456" percent="49">
      <mem type="soa" free="2776088" total="5976064" percent="46" />
      <mem type="loa" free="315392" total="315392" percent="100" />
    </mem>
    <remembered-set count="306" />
  </mem-info>
</gc-end>
<cycle-end id="419" type="scavenge" contextid="413" timestamp="2020-09-11T12:40:14.400" />
<allocation-satisfied id="420" threadId="0000000000019A00" bytesRequested="2320" />
<af-end id="421" timestamp="2020-09-11T12:40:14.400" threadId="000000000001A380" success="true" from="nursery"/>
<exclusive-end id="422" timestamp="2020-09-11T12:40:14.400" durationms="1.672" />

<exclusive-start id="423" timestamp="2020-09-11T12:40:14.415" intervalms="16.472">
  <response-info timems="0.094" idlems="0.094" threads="0" lastid="0000000000019A00" lastname="main" />
</exclusive-start>
<af-start id="424" threadId="000000000001A380" totalBytesRequested="4104" timestamp="2020-09-11T12:40:14.415" intervalms="16.478" type="nursery" />
<cycle-start id="425" type="scavenge" contextid="0" timestamp="2020-09-11T12:40:14.415" intervalms="16.461" />
<gc-start id="426" type="scavenge" contextid="425" timestamp="2020-09-11T12:40:14.415">
  <mem-info id="427" free="3091432" total="11534336" percent="26">
    <mem type="nursery" free="0" total="5242880" percent="0">
      <mem type="allocate" free="0" total="4718592" percent="0" />
      <mem type="survivor" free="0" total="524288" percent="0" />
    </mem>
    <mem type="tenure" free="3091432" total="6291456" percent="49">
      <mem type="soa" free="2776040" total="5976064" percent="46" />
      <mem type="loa" free="315392" total="315392" percent="100" />
    </mem>
    <remembered-set count="320" />
  </mem-info>
</gc-start>
<allocation-stats totalBytes="4401560" >
  <allocated-bytes non-tlh="2368" tlh="4399192" />
  <largest-consumer threadName="main" threadId="0000000000019A00" bytes="4401560" />
</allocation-stats>
<gc-op id="428" type="scavenge" timems="1.238" contextid="425" timestamp="2020-09-11T12:40:14.416">
  <scavenger-info tenureage="3" tenuremask="4018" tiltratio="90" />
  <memory-copied type="nursery" objects="3164" bytes="138672" bytesdiscarded="75592" />
  <memory-copied type="tenure" objects="1966" bytes="102192" bytesdiscarded="80" />
  <references type="phantom" candidates="2" cleared="0" enqueued="0" />
</gc-op>
<heap-resize id="429" type="expand" space="nursery" amount="262144" count="1" timems="0.032" reason="excessive time being spent scavenging" timestamp="2020-09-11T12:40:14.416" />
<gc-end id="430" type="scavenge" contextid="425" durationms="1.384" usertimems="2.256" systemtimems="0.309" timestamp="2020-09-11T12:40:14.416" activeThreads="5">
  <mem-info id="431" free="7697128" total="11796480" percent="65">
    <mem type="nursery" free="4700928" total="5505024" percent="85">
      <mem type="allocate" free="4700928" total="4915200" percent="95" />
      <mem type="survivor" free="0" total="589824" percent="0" />
    </mem>
    <mem type="tenure" free="2996200" total="6291456" percent="47">
      <mem type="soa" free="2680808" total="5976064" percent="44" />
      <mem type="loa" free="315392" total="315392" percent="100" />
    </mem>
    <remembered-set count="292" />
  </mem-info>
</gc-end>
<cycle-end id="432" type="scavenge" contextid="425" timestamp="2020-09-11T12:40:14.416" />
<allocation-satisfied id="433" threadId="0000000000019A00" bytesRequested="4104" />
<af-end id="434" timestamp="2020-09-11T12:40:14.416" threadId="000000000001A380" success="true" from="nursery"/>
<exclusive-end id="435" timestamp="2020-09-11T12:40:14.417" durationms="1.941" />

<exclusive-start id="436" timestamp="2020-09-11T12:40:14.433" intervalms="18.151">
  <response-info timems="0.179" idlems="0.179" threads="0" lastid="0000000000019A00" lastname="main" />
</exclusive-start>
<af-start id="437" threadId="000000000001A380" totalBytesRequested="2720" timestamp="2020-09-11T12:40:14.433" intervalms="18.140" type="nursery" />
<cycle-start id="438" type="scavenge" contextid="0" timestamp="2020-09-11T12:40:14.433" intervalms="18.164" />
<gc-start id="439" type="scavenge" contextid="438" timestamp="2020-09-11T12:40:14.433">
  <mem-info id="440" free="2996200" total="11796480" percent="25">
    <mem type="nursery" free="0" total="5505024" percent="0">
      <mem type="allocate" free="0" total="4915200" percent="0" />
      <mem type="survivor" free="0" total="589824" percent="0" />
    </mem>
    <mem type="tenure" free="2996200" total="6291456" percent="47">
      <mem type="soa" free="2680808" total="5976064" percent="44" />
      <mem type="loa" free="315392" total="315392" percent="100" />
    </mem>
    <remembered-set count="295" />
  </mem-info>
</gc-start>
<allocation-stats totalBytes="4472536" >
  <allocated-bytes non-tlh="96208" tlh="4376328" />
  <largest-consumer threadName="main" threadId="0000000000019A00" bytes="4472536" />
</allocation-stats>
<gc-op id="441" type="scavenge" timems="1.149" contextid="438" timestamp="2020-09-11T12:40:14.434">
  <scavenger-info tenureage="14" tenuremask="4000" tiltratio="89" />
  <memory-copied type="nursery" objects="4111" bytes="185648" bytesdiscarded="28616" />
  <references type="phantom" candidates="2" cleared="0" enqueued="0" />
</gc-op>
<gc-end id="442" type="scavenge" contextid="438" durationms="1.283" usertimems="1.359" systemtimems="0.187" timestamp="2020-09-11T12:40:14.434" activeThreads="5">
  <mem-info id="443" free="7697128" total="11796480" percent="65">
    <mem type="nursery" free="4700928" total="5505024" percent="85">
      <mem type="allocate" free="4700928" total="4915200" percent="95" />
      <mem type="survivor" free="0" total="589824" percent="0" />
    </mem>
    <mem type="tenure" free="2996200" total="6291456" percent="47">
      <mem type="soa" free="2680808" total="5976064" percent="44" />
      <mem type="loa" free="315392" total="315392" percent="100" />
    </mem>
    <remembered-set count="295" />
  </mem-info>
</gc-end>
<cycle-end id="444" type="scavenge" contextid="438" timestamp="2020-09-11T12:40:14.435" />
<allocation-satisfied id="445" threadId="0000000000019A00" bytesRequested="2720" />
<af-end id="446" timestamp="2020-09-11T12:40:14.435" threadId="000000000001A380" success="true" from="nursery"/>
<exclusive-end id="447" timestamp="2020-09-11T12:40:14.435" durationms="1.836" />

<exclusive-start id="448" timestamp="2020-09-11T12:40:14.449" intervalms="16.615">
  <response-info timems="0.124" idlems="0.124" threads="0" lastid="0000000000019A00" lastname="main" />
</exclusive-start>
<af-start id="449" threadId="000000000001A380" totalBytesRequested="16256" timestamp="2020-09-11T12:40:14.449" intervalms="16.617" type="nursery" />
<cycle-start id="450" type="scavenge" contextid="0" timestamp="2020-09-11T12:40:14.450" intervalms="16.598" />
<gc-start id="451" type="scavenge" contextid="450" timestamp="2020-09-11T12:40:14.450">
  <mem-info id="452" free="2996200" total="11796480" percent="25">
    <mem type="nursery" free="0" total="5505024" percent="0">
      <mem type="allocate" free="0" total="4915200" percent="0" />
      <mem type="survivor" free="0" total="589824" percent="0" />
    </mem>
    <mem type="tenure" free="2996200" total="6291456" percent="47">
      <mem type="soa" free="2680808" total="5976064" percent="44" />
      <mem type="loa" free="315392" total="315392" percent="100" />
    </mem>
    <remembered-set count="295" />
  </mem-info>
</gc-start>
<allocation-stats totalBytes="4377712" >
  <allocated-bytes non-tlh="474368" tlh="3903344" />
  <largest-consumer threadName="main" threadId="0000000000019A00" bytes="4377712" />
</allocation-stats>
<gc-op id="453" type="scavenge" timems="0.941" contextid="450" timestamp="2020-09-11T12:40:14.451">
  <scavenger-info tenureage="2" tenuremask="401c" tiltratio="89" />
  <memory-copied type="nursery" objects="1432" bytes="77928" bytesdiscarded="17304" />
  <memory-copied type="tenure" objects="3161" bytes="138528" bytesdiscarded="208" />
</gc-op>
<heap-resize id="454" type="expand" space="nursery" amount="262144" count="1" timems="0.030" reason="excessive time being spent scavenging" timestamp="2020-09-11T12:40:14.451" />
<gc-end id="455" type="scavenge" contextid="450" durationms="1.080" usertimems="1.580" systemtimems="0.164" timestamp="2020-09-11T12:40:14.451" activeThreads="5">
  <mem-info id="456" free="7893736" total="12058624" percent="65">
    <mem type="nursery" free="5016576" total="5767168" percent="86">
      <mem type="allocate" free="5016576" total="5111808" percent="98" />
      <mem type="survivor" free="0" total="655360" percent="0" />
    </mem>
    <mem type="tenure" free="2877160" total="6291456" percent="45">
      <mem type="soa" free="2561768" total="5976064" percent="42" />
      <mem type="loa" free="315392" total="315392" percent="100" />
    </mem>
    <remembered-set count="95" />
  </mem-info>
</gc-end>
<cycle-end id="457" type="scavenge" contextid="450" timestamp="2020-09-11T12:40:14.451" />
<allocation-satisfied id="458" threadId="0000000000019A00" bytesRequested="16256" />
<af-end id="459" timestamp="2020-09-11T12:40:14.451" threadId="000000000001A380" success="true" from="nursery"/>
<exclusive-end id="460" timestamp="2020-09-11T12:40:14.451" durationms="1.615" />

<exclusive-start id="461" timestamp="2020-09-11T12:40:14.468" intervalms="19.119">
  <response-info timems="0.271" idlems="0.271" threads="0" lastid="0000000000019A00" lastname="main" />
</exclusive-start>
<af-start id="462" threadId="000000000001A380" totalBytesRequested="18600" timestamp="2020-09-11T12:40:14.469" intervalms="19.117" type="nursery" />
<cycle-start id="463" type="scavenge" contextid="0" timestamp="2020-09-11T12:40:14.469" intervalms="19.117" />
<gc-start id="464" type="scavenge" contextid="463" timestamp="2020-09-11T12:40:14.469">
  <mem-info id="465" free="2877160" total="12058624" percent="23">
    <mem type="nursery" free="0" total="5767168" percent="0">
      <mem type="allocate" free="0" total="5111808" percent="0" />
      <mem type="survivor" free="0" total="655360" percent="0" />
    </mem>
    <mem type="tenure" free="2877160" total="6291456" percent="45">
      <mem type="soa" free="2561768" total="5976064" percent="42" />
      <mem type="loa" free="315392" total="315392" percent="100" />
    </mem>
    <remembered-set count="115" />
  </mem-info>
</gc-start>
<allocation-stats totalBytes="4889496" >
  <allocated-bytes non-tlh="16256" tlh="4873240" />
  <largest-consumer threadName="main" threadId="0000000000019A00" bytes="4889496" />
</allocation-stats>
<gc-op id="466" type="scavenge" timems="0.786" contextid="463" timestamp="2020-09-11T12:40:14.470">
  <scavenger-info tenureage="14" tenuremask="4000" tiltratio="88" />
  <memory-copied type="nursery" objects="2346" bytes="135920" bytesdiscarded="35072" />
</gc-op>
<gc-end id="467" type="scavenge" contextid="463" durationms="0.883" usertimems="1.124" systemtimems="0.154" timestamp="2020-09-11T12:40:14.470" activeThreads="5">
  <mem-info id="468" free="7883512" total="12058624" percent="65">
    <mem type="nursery" free="5006352" total="5767168" percent="86">
      <mem type="allocate" free="5006352" total="5177344" percent="96" />
      <mem type="survivor" free="0" total="589824" percent="0" />
    </mem>
    <mem type="tenure" free="2877160" total="6291456" percent="45">
      <mem type="soa" free="2561768" total="5976064" percent="42" />
      <mem type="loa" free="315392" total="315392" percent="100" />
    </mem>
    <remembered-set count="111" />
  </mem-info>
</gc-end>
<cycle-end id="469" type="scavenge" contextid="463" timestamp="2020-09-11T12:40:14.470" />
<allocation-satisfied id="470" threadId="0000000000019A00" bytesRequested="18600" />
<af-end id="471" timestamp="2020-09-11T12:40:14.470" threadId="000000000001A380" success="true" from="nursery"/>
<exclusive-end id="472" timestamp="2020-09-11T12:40:14.470" durationms="1.394" />

<exclusive-start id="473" timestamp="2020-09-11T12:40:14.488" intervalms="19.776">
  <response-info timems="0.277" idlems="0.277" threads="0" lastid="0000000000019A00" lastname="main" />
</exclusive-start>
<af-start id="474" threadId="000000000001A380" totalBytesRequested="2920" timestamp="2020-09-11T12:40:14.488" intervalms="19.780" type="nursery" />
<cycle-start id="475" type="scavenge" contextid="0" timestamp="2020-09-11T12:40:14.488" intervalms="19.785" />
<gc-start id="476" type="scavenge" contextid="475" timestamp="2020-09-11T12:40:14.488">
  <mem-info id="477" free="2877160" total="12058624" percent="23">
    <mem type="nursery" free="0" total="5767168" percent="0">
      <mem type="allocate" free="0" total="5177344" percent="0" />
      <mem type="survivor" free="0" total="589824" percent="0" />
    </mem>
    <mem type="tenure" free="2877160" total="6291456" percent="45">
      <mem type="soa" free="2561768" total="5976064" percent="42" />
      <mem type="loa" free="315392" total="315392" percent="100" />
    </mem>
    <remembered-set count="145" />
  </mem-info>
</gc-start>
<allocation-stats totalBytes="4924592" >
  <allocated-bytes non-tlh="18600" tlh="4905992" />
  <largest-consumer threadName="main" threadId="0000000000019A00" bytes="4924592" />
</allocation-stats>
<gc-op id="478" type="scavenge" timems="1.096" contextid="475" timestamp="2020-09-11T12:40:14.490">
  <scavenger-info tenureage="3" tenuremask="4008" tiltratio="89" />
  <memory-copied type="nursery" objects="2808" bytes="131760" bytesdiscarded="34888" />
  <memory-copied type="tenure" objects="948" bytes="43288" bytesdiscarded="32" />
  <references type="phantom" candidates="2" cleared="0" enqueued="0" />
</gc-op>
<gc-end id="479" type="scavenge" contextid="475" durationms="1.212" usertimems="1.343" systemtimems="0.183" timestamp="2020-09-11T12:40:14.490" activeThreads="5">
  <mem-info id="480" free="7840232" total="12058624" percent="65">
    <mem type="nursery" free="5010688" total="5767168" percent="86">
      <mem type="allocate" free="5010688" total="5177344" percent="96" />
      <mem type="survivor" free="0" total="589824" percent="0" />
    </mem>
    <mem type="tenure" free="2829544" total="6291456" percent="44">
      <mem type="soa" free="2514152" total="5976064" percent="42" />
      <mem type="loa" free="315392" total="315392" percent="100" />
    </mem>
    <remembered-set count="130" />
  </mem-info>
</gc-end>
<cycle-end id="481" type="scavenge" contextid="475" timestamp="2020-09-11T12:40:14.490" />
<allocation-satisfied id="482" threadId="0000000000019A00" bytesRequested="2920" />
<af-end id="483" timestamp="2020-09-11T12:40:14.490" threadId="000000000001A380" success="true" from="nursery"/>
<exclusive-end id="484" timestamp="2020-09-11T12:40:14.490" durationms="1.699" />

<exclusive-start id="485" timestamp="2020-09-11T12:40:14.506" intervalms="17.499">
  <response-info timems="0.134" idlems="0.134" threads="0" lastid="0000000000019A00" lastname="main" />
</exclusive-start>
<af-start id="486" threadId="000000000001A380" totalBytesRequested="53784" timestamp="2020-09-11T12:40:14.506" intervalms="17.506" type="nursery" />
<cycle-start id="487" type="scavenge" contextid="0" timestamp="2020-09-11T12:40:14.506" intervalms="17.506" />
<gc-start id="488" type="scavenge" contextid="487" timestamp="2020-09-11T12:40:14.506">
  <mem-info id="489" free="2829544" total="12058624" percent="23">
    <mem type="nursery" free="0" total="5767168" percent="0">
      <mem type="allocate" free="0" total="5177344" percent="0" />
      <mem type="survivor" free="0" total="589824" percent="0" />
    </mem>
    <mem type="tenure" free="2829544" total="6291456" percent="44">
      <mem type="soa" free="2514152" total="5976064" percent="42" />
      <mem type="loa" free="315392" total="315392" percent="100" />
    </mem>
    <remembered-set count="133" />
  </mem-info>
</gc-start>
<allocation-stats totalBytes="4842568" >
  <allocated-bytes non-tlh="2920" tlh="4839648" />
  <largest-consumer threadName="main" threadId="0000000000019A00" bytes="4842568" />
</allocation-stats>
<gc-op id="490" type="scavenge" timems="1.327" contextid="487" timestamp="2020-09-11T12:40:14.507">
  <scavenger-info tenureage="14" tenuremask="4000" tiltratio="89" />
  <memory-copied type="nursery" objects="4246" bytes="229832" bytesdiscarded="35136" />
  <references type="phantom" candidates="2" cleared="0" enqueued="0" />
</gc-op>
<heap-resize id="491" type="expand" space="nursery" amount="393216" count="1" timems="0.042" reason="excessive time being spent scavenging" timestamp="2020-09-11T12:40:14.507" />
<gc-end id="492" type="scavenge" contextid="487" durationms="1.504" usertimems="1.931" systemtimems="0.265" timestamp="2020-09-11T12:40:14.507" activeThreads="5">
  <mem-info id="493" free="8069592" total="12451840" percent="64">
    <mem type="nursery" free="5240048" total="6160384" percent="85">
      <mem type="allocate" free="5240048" total="5505024" percent="95" />
      <mem type="survivor" free="0" total="655360" percent="0" />
    </mem>
    <mem type="tenure" free="2829544" total="6291456" percent="44">
      <mem type="soa" free="2514152" total="5976064" percent="42" />
      <mem type="loa" free="315392" total="315392" percent="100" />
    </mem>
    <remembered-set count="129" />
  </mem-info>
</gc-end>
<cycle-end id="494" type="scavenge" contextid="487" timestamp="2020-09-11T12:40:14.508" />
<allocation-satisfied id="495" threadId="0000000000019A00" bytesRequested="53784" />
<af-end id="496" timestamp="2020-09-11T12:40:14.508" threadId="000000000001A380" success="true" from="nursery"/>
<exclusive-end id="497" timestamp="2020-09-11T12:40:14.508" durationms="2.127" />

<exclusive-start id="498" timestamp="2020-09-11T12:40:14.525" intervalms="18.917">
  <response-info timems="0.099" idlems="0.099" threads="0" lastid="0000000000019A00" lastname="main" />
</exclusive-start>
<af-start id="499" threadId="000000000001A380" totalBytesRequested="4104" timestamp="2020-09-11T12:40:14.525" intervalms="18.879" type="nursery" />
<cycle-start id="500" type="scavenge" contextid="0" timestamp="2020-09-11T12:40:14.525" intervalms="18.868" />
<gc-start id="501" type="scavenge" contextid="500" timestamp="2020-09-11T12:40:14.525">
  <mem-info id="502" free="2829440" total="12451840" percent="22">
    <mem type="nursery" free="0" total="6160384" percent="0">
      <mem type="allocate" free="0" total="5505024" percent="0" />
      <mem type="survivor" free="0" total="655360" percent="0" />
    </mem>
    <mem type="tenure" free="2829440" total="6291456" percent="44">
      <mem type="soa" free="2514048" total="5976064" percent="42" />
      <mem type="loa" free="315392" total="315392" percent="100" />
    </mem>
    <remembered-set count="137" />
  </mem-info>
</gc-start>
<allocation-stats totalBytes="4995120" >
  <allocated-bytes non-tlh="94984" tlh="4900136" />
  <largest-consumer threadName="main" threadId="0000000000019A00" bytes="4995120" />
</allocation-stats>
<gc-op id="503" type="scavenge" timems="0.895" contextid="500" timestamp="2020-09-11T12:40:14.526">
  <scavenger-info tenureage="3" tenuremask="4018" tiltratio="89" />
  <memory-copied type="nursery" objects="3921" bytes="194856" bytesdiscarded="19408" />
  <memory-copied type="tenure" objects="1396" bytes="64472" bytesdiscarded="72" />
  <references type="phantom" candidates="2" cleared="0" enqueued="0" />
</gc-op>
<gc-end id="504" type="scavenge" contextid="500" durationms="1.000" usertimems="1.610" systemtimems="0.000" timestamp="2020-09-11T12:40:14.526" activeThreads="5">
  <mem-info id="505" free="8048768" total="12451840" percent="64">
    <mem type="nursery" free="5290752" total="6160384" percent="85">
      <mem type="allocate" free="5290752" total="5505024" percent="96" />
      <mem type="survivor" free="0" total="655360" percent="0" />
    </mem>
    <mem type="tenure" free="2758016" total="6291456" percent="43">
      <mem type="soa" free="2442624" total="5976064" percent="40" />
      <mem type="loa" free="315392" total="315392" percent="100" />
    </mem>
    <remembered-set count="107" />
  </mem-info>
</gc-end>
<cycle-end id="506" type="scavenge" contextid="500" timestamp="2020-09-11T12:40:14.526" />
<allocation-satisfied id="507" threadId="0000000000019A00" bytesRequested="4104" />
<af-end id="508" timestamp="2020-09-11T12:40:14.526" threadId="000000000001A380" success="true" from="nursery"/>
<exclusive-end id="509" timestamp="2020-09-11T12:40:14.526" durationms="1.489" />

<exclusive-start id="510" timestamp="2020-09-11T12:40:14.544" intervalms="19.346">
  <response-info timems="0.154" idlems="0.154" threads="0" lastid="0000000000019A00" lastname="main" />
</exclusive-start>
<af-start id="511" threadId="000000000001A380" totalBytesRequested="4104" timestamp="2020-09-11T12:40:14.544" intervalms="19.386" type="nursery" />
<cycle-start id="512" type="scavenge" contextid="0" timestamp="2020-09-11T12:40:14.544" intervalms="19.393" />
<gc-start id="513" type="scavenge" contextid="512" timestamp="2020-09-11T12:40:14.544">
  <mem-info id="514" free="2758016" total="12451840" percent="22">
    <mem type="nursery" free="0" total="6160384" percent="0">
      <mem type="allocate" free="0" total="5505024" percent="0" />
      <mem type="survivor" free="0" total="655360" percent="0" />
    </mem>
    <mem type="tenure" free="2758016" total="6291456" percent="43">
      <mem type="soa" free="2442624" total="5976064" percent="40" />
      <mem type="loa" free="315392" total="315392" percent="100" />
    </mem>
    <remembered-set count="111" />
  </mem-info>
</gc-start>
<allocation-stats totalBytes="5031136" >
  <allocated-bytes non-tlh="4104" tlh="5027032" />
  <largest-consumer threadName="main" threadId="0000000000019A00" bytes="5031136" />
</allocation-stats>
<gc-op id="515" type="scavenge" timems="1.191" contextid="512" timestamp="2020-09-11T12:40:14.545">
  <scavenger-info tenureage="14" tenuremask="4000" tiltratio="89" />
  <memory-copied type="nursery" objects="5054" bytes="251432" bytesdiscarded="49616" />
  <references type="phantom" candidates="2" cleared="0" enqueued="0" />
</gc-op>
<heap-resize id="516" type="expand" space="nursery" amount="262144" count="1" timems="0.043" reason="excessive time being spent scavenging" timestamp="2020-09-11T12:40:14.546" />
<gc-end id="517" type="scavenge" contextid="512" durationms="1.350" usertimems="0.000" systemtimems="2.358" timestamp="2020-09-11T12:40:14.546" activeThreads="5">
  <mem-info id="518" free="8158592" total="12713984" percent="64">
    <mem type="nursery" free="5400576" total="6422528" percent="84">
      <mem type="allocate" free="5400576" total="5701632" percent="94" />
      <mem type="survivor" free="0" total="720896" percent="0" />
    </mem>
    <mem type="tenure" free="2758016" total="6291456" percent="43">
      <mem type="soa" free="2442624" total="5976064" percent="40" />
      <mem type="loa" free="315392" total="315392" percent="100" />
    </mem>
    <remembered-set count="110" />
  </mem-info>
</gc-end>
<cycle-end id="519" type="scavenge" contextid="512" timestamp="2020-09-11T12:40:14.546" />
<allocation-satisfied id="520" threadId="0000000000019A00" bytesRequested="4104" />
<af-end id="521" timestamp="2020-09-11T12:40:14.546" threadId="000000000001A380" success="true" from="nursery"/>
<exclusive-end id="522" timestamp="2020-09-11T12:40:14.546" durationms="1.931" />

<exclusive-start id="523" timestamp="2020-09-11T12:40:14.564" intervalms="20.167">
  <response-info timems="0.114" idlems="0.114" threads="0" lastid="0000000000019A00" lastname="main" />
</exclusive-start>
<af-start id="524" threadId="000000000001A380" totalBytesRequested="86216" timestamp="2020-09-11T12:40:14.564" intervalms="20.152" type="nursery" />
<cycle-start id="525" type="scavenge" contextid="0" timestamp="2020-09-11T12:40:14.564" intervalms="20.146" />
<gc-start id="526" type="scavenge" contextid="525" timestamp="2020-09-11T12:40:14.564">
  <mem-info id="527" free="2757808" total="12713984" percent="21">
    <mem type="nursery" free="0" total="6422528" percent="0">
      <mem type="allocate" free="0" total="5701632" percent="0" />
      <mem type="survivor" free="0" total="720896" percent="0" />
    </mem>
    <mem type="tenure" free="2757808" total="6291456" percent="43">
      <mem type="soa" free="2442416" total="5976064" percent="40" />
      <mem type="loa" free="315392" total="315392" percent="100" />
    </mem>
    <remembered-set count="117" />
  </mem-info>
</gc-start>
<allocation-stats totalBytes="5211944" >
  <allocated-bytes non-tlh="4312" tlh="5207632" />
  <largest-consumer threadName="main" threadId="0000000000019A00" bytes="5211944" />
</allocation-stats>
<gc-op id="528" type="scavenge" timems="1.083" contextid="525" timestamp="2020-09-11T12:40:14.566">
  <scavenger-info tenureage="3" tenuremask="4018" tiltratio="88" />
  <memory-copied type="nursery" objects="3214" bytes="215080" bytesdiscarded="18488" />
  <memory-copied type="tenure" objects="2807" bytes="130568" bytesdiscarded="40" />
  <references type="phantom" candidates="2" cleared="0" enqueued="0" />
</gc-op>
<gc-end id="529" type="scavenge" contextid="525" durationms="1.202" usertimems="1.519" systemtimems="0.210" timestamp="2020-09-11T12:40:14.566" activeThreads="6">
  <mem-info id="530" free="8172360" total="12713984" percent="64">
    <mem type="nursery" free="5533592" total="6422528" percent="86">
      <mem type="allocate" free="5533592" total="5767168" percent="95" />
      <mem type="survivor" free="0" total="655360" percent="0" />
    </mem>
    <mem type="tenure" free="2638768" total="6291456" percent="41">
      <mem type="soa" free="2323376" total="5976064" percent="38" />
      <mem type="loa" free="315392" total="315392" percent="100" />
    </mem>
    <remembered-set count="142" />
  </mem-info>
</gc-end>
<cycle-end id="531" type="scavenge" contextid="525" timestamp="2020-09-11T12:40:14.566" />
<allocation-satisfied id="532" threadId="0000000000019A00" bytesRequested="86216" />
<af-end id="533" timestamp="2020-09-11T12:40:14.566" threadId="000000000001A380" success="true" from="nursery"/>
<exclusive-end id="534" timestamp="2020-09-11T12:40:14.566" durationms="1.751" />

<exclusive-start id="535" timestamp="2020-09-11T12:40:14.586" intervalms="22.065">
  <response-info timems="0.124" idlems="0.124" threads="0" lastid="0000000000019A00" lastname="main" />
</exclusive-start>
<af-start id="536" threadId="000000000001A380" totalBytesRequested="11096" timestamp="2020-09-11T12:40:14.586" intervalms="22.069" type="nursery" />
<cycle-start id="537" type="scavenge" contextid="0" timestamp="2020-09-11T12:40:14.586" intervalms="22.079" />
<gc-start id="538" type="scavenge" contextid="537" timestamp="2020-09-11T12:40:14.586">
  <mem-info id="539" free="2638768" total="12713984" percent="20">
    <mem type="nursery" free="0" total="6422528" percent="0">
      <mem type="allocate" free="0" total="5767168" percent="0" />
      <mem type="survivor" free="0" total="655360" percent="0" />
    </mem>
    <mem type="tenure" free="2638768" total="6291456" percent="41">
      <mem type="soa" free="2323376" total="5976064" percent="38" />
      <mem type="loa" free="315392" total="315392" percent="100" />
    </mem>
    <remembered-set count="165" />
  </mem-info>
</gc-start>
<allocation-stats totalBytes="5426552" >
  <allocated-bytes non-tlh="131488" tlh="5295064" />
  <largest-consumer threadName="main" threadId="0000000000019A00" bytes="5426552" />
</allocation-stats>
<gc-op id="540" type="scavenge" timems="1.651" contextid="537" timestamp="2020-09-11T12:40:14.588">
  <scavenger-info tenureage="3" tenuremask="4008" tiltratio="89" />
  <memory-copied type="nursery" objects="3523" bytes="191032" bytesdiscarded="47040" />
  <memory-copied type="tenure" objects="1010" bytes="52464" bytesdiscarded="688" />
  <references type="phantom" candidates="2" cleared="0" enqueued="0" />
</gc-op>
<heap-resize id="541" type="expand" space="nursery" amount="393216" count="1" timems="0.047" reason="excessive time being spent scavenging" timestamp="2020-09-11T12:40:14.588" />
<gc-end id="542" type="scavenge" contextid="537" durationms="1.839" usertimems="2.598" systemtimems="0.357" timestamp="2020-09-11T12:40:14.588" activeThreads="6">
  <mem-info id="543" free="8447920" total="13107200" percent="64">
    <mem type="nursery" free="5856768" total="6815744" percent="85">
      <mem type="allocate" free="5856768" total="6094848" percent="96" />
      <mem type="survivor" free="0" total="720896" percent="0" />
    </mem>
    <mem type="tenure" free="2591152" total="6291456" percent="41">
      <mem type="soa" free="2275760" total="5976064" percent="38" />
      <mem type="loa" free="315392" total="315392" percent="100" />
    </mem>
    <remembered-set count="111" />
  </mem-info>
</gc-end>
<cycle-end id="544" type="scavenge" contextid="537" timestamp="2020-09-11T12:40:14.589" />
<allocation-satisfied id="545" threadId="0000000000019A00" bytesRequested="11096" />
<af-end id="546" timestamp="2020-09-11T12:40:14.589" threadId="000000000001A380" success="true" from="nursery"/>
<exclusive-end id="547" timestamp="2020-09-11T12:40:14.589" durationms="2.403" />

<exclusive-start id="548" timestamp="2020-09-11T12:40:14.609" intervalms="22.780">
  <response-info timems="0.296" idlems="0.296" threads="0" lastid="0000000000019A00" lastname="main" />
</exclusive-start>
<af-start id="549" threadId="000000000001A380" totalBytesRequested="2248" timestamp="2020-09-11T12:40:14.609" intervalms="22.790" type="nursery" />
<cycle-start id="550" type="scavenge" contextid="0" timestamp="2020-09-11T12:40:14.609" intervalms="22.866" />
<gc-start id="551" type="scavenge" contextid="550" timestamp="2020-09-11T12:40:14.609">
  <mem-info id="552" free="2591152" total="13107200" percent="19">
    <mem type="nursery" free="0" total="6815744" percent="0">
      <mem type="allocate" free="0" total="6094848" percent="0" />
      <mem type="survivor" free="0" total="720896" percent="0" />
    </mem>
    <mem type="tenure" free="2591152" total="6291456" percent="41">
      <mem type="soa" free="2275760" total="5976064" percent="38" />
      <mem type="loa" free="315392" total="315392" percent="100" />
    </mem>
    <remembered-set count="142" />
  </mem-info>
</gc-start>
<allocation-stats totalBytes="5667096" >
  <allocated-bytes non-tlh="11096" tlh="5656000" />
  <largest-consumer threadName="main" threadId="0000000000019A00" bytes="5667096" />
</allocation-stats>
<gc-op id="553" type="scavenge" timems="1.354" contextid="550" timestamp="2020-09-11T12:40:14.611">
  <scavenger-info tenureage="3" tenuremask="4008" tiltratio="89" />
  <memory-copied type="nursery" objects="3738" bytes="188640" bytesdiscarded="49432" />
  <memory-copied type="tenure" objects="1139" bytes="59864" bytesdiscarded="40" />
  <references type="phantom" candidates="2" cleared="0" enqueued="0" />
</gc-op>
<gc-end id="554" type="scavenge" contextid="550" durationms="1.464" usertimems="1.954" systemtimems="0.268" timestamp="2020-09-11T12:40:14.611" activeThreads="6">
  <mem-info id="555" free="8376496" total="13107200" percent="63">
    <mem type="nursery" free="5856768" total="6815744" percent="85">
      <mem type="allocate" free="5856768" total="6094848" percent="96" />
      <mem type="survivor" free="0" total="720896" percent="0" />
    </mem>
    <mem type="tenure" free="2519728" total="6291456" percent="40">
      <mem type="soa" free="2204336" total="5976064" percent="36" />
      <mem type="loa" free="315392" total="315392" percent="100" />
    </mem>
    <remembered-set count="109" />
  </mem-info>
</gc-end>
<cycle-end id="556" type="scavenge" contextid="550" timestamp="2020-09-11T12:40:14.611" />
<allocation-satisfied id="557" threadId="0000000000019A00" bytesRequested="2248" />
<af-end id="558" timestamp="2020-09-11T12:40:14.611" threadId="000000000001A380" success="true" from="nursery"/>
<exclusive-end id="559" timestamp="2020-09-11T12:40:14.611" durationms="2.068" />

<exclusive-start id="560" timestamp="2020-09-11T12:40:14.631" intervalms="22.135">
  <response-info timems="0.142" idlems="0.142" threads="0" lastid="0000000000019A00" lastname="main" />
</exclusive-start>
<af-start id="561" threadId="000000000001A380" totalBytesRequested="4104" timestamp="2020-09-11T12:40:14.631" intervalms="22.124" type="nursery" />
<cycle-start id="562" type="scavenge" contextid="0" timestamp="2020-09-11T12:40:14.631" intervalms="22.043" />
<gc-start id="563" type="scavenge" contextid="562" timestamp="2020-09-11T12:40:14.631">
  <mem-info id="564" free="2519728" total="13107200" percent="19">
    <mem type="nursery" free="0" total="6815744" percent="0">
      <mem type="allocate" free="0" total="6094848" percent="0" />
      <mem type="survivor" free="0" total="720896" percent="0" />
    </mem>
    <mem type="tenure" free="2519728" total="6291456" percent="40">
      <mem type="soa" free="2204336" total="5976064" percent="36" />
      <mem type="loa" free="315392" total="315392" percent="100" />
    </mem>
    <remembered-set count="109" />
  </mem-info>
</gc-start>
<allocation-stats totalBytes="5731488" >
  <allocated-bytes non-tlh="2248" tlh="5729240" />
  <largest-consumer threadName="main" threadId="0000000000019A00" bytes="5731488" />
</allocation-stats>
<gc-op id="565" type="scavenge" timems="1.078" contextid="562" timestamp="2020-09-11T12:40:14.633">
  <scavenger-info tenureage="14" tenuremask="4000" tiltratio="89" />
  <memory-copied type="nursery" objects="5397" bytes="276464" bytesdiscarded="48392" />
  <references type="phantom" candidates="2" cleared="0" enqueued="0" />
</gc-op>
<gc-end id="566" type="scavenge" contextid="562" durationms="1.225" usertimems="1.942" systemtimems="0.000" timestamp="2020-09-11T12:40:14.633" activeThreads="6">
  <mem-info id="567" free="8289712" total="13107200" percent="63">
    <mem type="nursery" free="5769984" total="6815744" percent="84">
      <mem type="allocate" free="5769984" total="6094848" percent="94" />
      <mem type="survivor" free="0" total="720896" percent="0" />
    </mem>
    <mem type="tenure" free="2519728" total="6291456" percent="40">
      <mem type="soa" free="2204336" total="5976064" percent="36" />
      <mem type="loa" free="315392" total="315392" percent="100" />
    </mem>
    <remembered-set count="108" />
  </mem-info>
</gc-end>
<cycle-end id="568" type="scavenge" contextid="562" timestamp="2020-09-11T12:40:14.633" />
<allocation-satisfied id="569" threadId="0000000000019A00" bytesRequested="4104" />
<af-end id="570" timestamp="2020-09-11T12:40:14.633" threadId="000000000001A380" success="true" from="nursery"/>
<exclusive-end id="571" timestamp="2020-09-11T12:40:14.633" durationms="1.771" />

<exclusive-start id="572" timestamp="2020-09-11T12:40:14.870" intervalms="239.165">
  <response-info timems="0.069" idlems="0.069" threads="0" lastid="0000000000019A00" lastname="main" />
</exclusive-start>
<af-start id="573" threadId="000000000001A380" totalBytesRequested="3768" timestamp="2020-09-11T12:40:14.870" intervalms="239.189" type="nursery" />
<cycle-start id="574" type="scavenge" contextid="0" timestamp="2020-09-11T12:40:14.871" intervalms="239.191" />
<gc-start id="575" type="scavenge" contextid="574" timestamp="2020-09-11T12:40:14.871">
  <mem-info id="576" free="2506472" total="13107200" percent="19">
    <mem type="nursery" free="0" total="6815744" percent="0">
      <mem type="allocate" free="0" total="6094848" percent="0" />
      <mem type="survivor" free="0" total="720896" percent="0" />
    </mem>
    <mem type="tenure" free="2506472" total="6291456" percent="39">
      <mem type="soa" free="2191080" total="5976064" percent="36" />
      <mem type="loa" free="315392" total="315392" percent="100" />
    </mem>
    <remembered-set count="322" />
  </mem-info>
</gc-start>
<allocation-stats totalBytes="5777888" >
  <allocated-bytes non-tlh="107480" tlh="5670408" />
  <largest-consumer threadName="main" threadId="0000000000019A00" bytes="5741024" />
</allocation-stats>
<gc-op id="577" type="scavenge" timems="1.462" contextid="574" timestamp="2020-09-11T12:40:14.872">
  <scavenger-info tenureage="3" tenuremask="4018" tiltratio="89" />
  <memory-copied type="nursery" objects="4962" bytes="291408" bytesdiscarded="104872" />
  <memory-copied type="tenure" objects="2273" bytes="106656" bytesdiscarded="80" />
  <finalization candidates="3" enqueued="1" />
  <ownableSynchronizers candidates="4" cleared="0" />
  <references type="soft" candidates="31" cleared="0" enqueued="0" dynamicThreshold="32" maxThreshold="32" />
  <references type="weak" candidates="95" cleared="45" enqueued="40" />
  <references type="phantom" candidates="1" cleared="0" enqueued="0" />
</gc-op>
<gc-end id="578" type="scavenge" contextid="574" durationms="1.578" usertimems="8.614" systemtimems="1.101" timestamp="2020-09-11T12:40:14.872" activeThreads="6">
  <mem-info id="579" free="8102232" total="13107200" percent="61">
    <mem type="nursery" free="5697904" total="6815744" percent="83">
      <mem type="allocate" free="5697904" total="6094848" percent="93" />
      <mem type="survivor" free="0" total="720896" percent="0" />
    </mem>
    <mem type="tenure" free="2404328" total="6291456" percent="38">
      <mem type="soa" free="2088936" total="5976064" percent="34" />
      <mem type="loa" free="315392" total="315392" percent="100" />
    </mem>
    <pending-finalizers system="1" default="0" reference="40" classloader="0" />
    <remembered-set count="319" />
  </mem-info>
</gc-end>
<cycle-end id="580" type="scavenge" contextid="574" timestamp="2020-09-11T12:40:14.872" />
<allocation-satisfied id="581" threadId="0000000000019A00" bytesRequested="3768" />
<af-end id="582" timestamp="2020-09-11T12:40:14.872" threadId="000000000001A380" success="true" from="nursery"/>
<exclusive-end id="583" timestamp="2020-09-11T12:40:14.872" durationms="2.190" />

<exclusive-start id="584" timestamp="2020-09-11T12:40:15.104" intervalms="233.304">
  <response-info timems="0.110" idlems="0.110" threads="0" lastid="0000000000019A00" lastname="main" />
</exclusive-start>
<af-start id="585" threadId="000000000001A380" totalBytesRequested="4832" timestamp="2020-09-11T12:40:15.104" intervalms="233.296" type="nursery" />
<cycle-start id="586" type="scavenge" contextid="0" timestamp="2020-09-11T12:40:15.104" intervalms="233.297" />
<gc-start id="587" type="scavenge" contextid="586" timestamp="2020-09-11T12:40:15.104">
  <mem-info id="588" free="2214304" total="13107200" percent="16">
    <mem type="nursery" free="0" total="6815744" percent="0">
      <mem type="allocate" free="0" total="6094848" percent="0" />
      <mem type="survivor" free="0" total="720896" percent="0" />
    </mem>
    <mem type="tenure" free="2214304" total="6291456" percent="35">
      <mem type="soa" free="1898912" total="5976064" percent="31" />
      <mem type="loa" free="315392" total="315392" percent="100" />
    </mem>
    <remembered-set count="3329" />
  </mem-info>
</gc-start>
<allocation-stats totalBytes="5875328" >
  <allocated-bytes non-tlh="193792" tlh="5681536" />
  <largest-consumer threadName="main" threadId="0000000000019A00" bytes="5871232" />
</allocation-stats>
<gc-op id="589" type="scavenge" timems="2.270" contextid="586" timestamp="2020-09-11T12:40:15.106">
  <scavenger-info tenureage="2" tenuremask="4004" tiltratio="89" />
  <memory-copied type="nursery" objects="12617" bytes="546768" bytesdiscarded="116976" />
  <memory-copied type="tenure" objects="1660" bytes="92848" bytesdiscarded="216" />
  <finalization candidates="12" enqueued="5" />
  <ownableSynchronizers candidates="9" cleared="0" />
  <references type="soft" candidates="63" cleared="0" enqueued="0" dynamicThreshold="32" maxThreshold="32" />
  <references type="weak" candidates="1023" cleared="677" enqueued="604" />
  <references type="phantom" candidates="5" cleared="1" enqueued="1" />
</gc-op>
<gc-end id="590" type="scavenge" contextid="586" durationms="2.418" usertimems="10.513" systemtimems="0.000" timestamp="2020-09-11T12:40:15.106" activeThreads="6">
  <mem-info id="591" free="7426256" total="13107200" percent="56">
    <mem type="nursery" free="5298736" total="6815744" percent="77">
      <mem type="allocate" free="5298736" total="5963776" percent="88" />
      <mem type="survivor" free="0" total="851968" percent="0" />
    </mem>
    <mem type="tenure" free="2127520" total="6291456" percent="33">
      <mem type="soa" free="1812128" total="5976064" percent="30" />
      <mem type="loa" free="315392" total="315392" percent="100" />
    </mem>
    <pending-finalizers system="0" default="5" reference="605" classloader="0" />
    <remembered-set count="3380" />
  </mem-info>
</gc-end>
<cycle-end id="592" type="scavenge" contextid="586" timestamp="2020-09-11T12:40:15.107" />
<allocation-satisfied id="593" threadId="0000000000019A00" bytesRequested="4832" />
<af-end id="594" timestamp="2020-09-11T12:40:15.107" threadId="000000000001A380" success="true" from="nursery"/>
<exclusive-end id="595" timestamp="2020-09-11T12:40:15.107" durationms="3.005" />

<exclusive-start id="596" timestamp="2020-09-11T12:40:15.222" intervalms="118.102">
  <response-info timems="0.077" idlems="0.077" threads="0" lastid="0000000000019A00" lastname="main" />
</exclusive-start>
<af-start id="597" threadId="000000000001A380" totalBytesRequested="2808" timestamp="2020-09-11T12:40:15.222" intervalms="118.109" type="nursery" />
<cycle-start id="598" type="scavenge" contextid="0" timestamp="2020-09-11T12:40:15.222" intervalms="118.108" />
<gc-start id="599" type="scavenge" contextid="598" timestamp="2020-09-11T12:40:15.222">
  <mem-info id="600" free="2087160" total="13107200" percent="15">
    <mem type="nursery" free="0" total="6815744" percent="0">
      <mem type="allocate" free="0" total="5963776" percent="0" />
      <mem type="survivor" free="0" total="851968" percent="0" />
    </mem>
    <mem type="tenure" free="2087160" total="6291456" percent="33">
      <mem type="soa" free="1771768" total="5976064" percent="29" />
      <mem type="loa" free="315392" total="315392" percent="100" />
    </mem>
    <remembered-set count="3785" />
  </mem-info>
</gc-start>
<allocation-stats totalBytes="5322960" >
  <allocated-bytes non-tlh="45192" tlh="5277768" />
  <largest-consumer threadName="main" threadId="0000000000019A00" bytes="5311128" />
</allocation-stats>
<gc-op id="601" type="scavenge" timems="2.371" contextid="598" timestamp="2020-09-11T12:40:15.225">
  <scavenger-info tenureage="4" tenuremask="4010" tiltratio="87" />
  <memory-copied type="nursery" objects="11734" bytes="514912" bytesdiscarded="109032" />
  <memory-copied type="tenure" objects="1355" bytes="66448" bytesdiscarded="120" />
  <finalization candidates="7" enqueued="0" />
  <ownableSynchronizers candidates="9" cleared="0" />
  <references type="soft" candidates="67" cleared="0" enqueued="0" dynamicThreshold="32" maxThreshold="32" />
  <references type="weak" candidates="1035" cleared="563" enqueued="501" />
  <references type="phantom" candidates="4" cleared="0" enqueued="0" />
</gc-op>
<gc-end id="602" type="scavenge" contextid="598" durationms="2.566" usertimems="2.329" systemtimems="8.301" timestamp="2020-09-11T12:40:15.225" activeThreads="6">
  <mem-info id="603" free="7485408" total="13107200" percent="57">
    <mem type="nursery" free="5469672" total="6815744" percent="80">
      <mem type="allocate" free="5469672" total="6094848" percent="89" />
      <mem type="survivor" free="0" total="720896" percent="0" />
    </mem>
    <mem type="tenure" free="2015736" total="6291456" percent="32">
      <mem type="soa" free="1700344" total="5976064" percent="28" />
      <mem type="loa" free="315392" total="315392" percent="100" />
    </mem>
    <pending-finalizers system="0" default="0" reference="501" classloader="0" />
    <remembered-set count="3580" />
  </mem-info>
</gc-end>
<cycle-end id="604" type="scavenge" contextid="598" timestamp="2020-09-11T12:40:15.225" />
<allocation-satisfied id="605" threadId="0000000000019A00" bytesRequested="2808" />
<af-end id="606" timestamp="2020-09-11T12:40:15.225" threadId="000000000001A380" success="true" from="nursery"/>
<exclusive-end id="607" timestamp="2020-09-11T12:40:15.225" durationms="3.255" />

<exclusive-start id="608" timestamp="2020-09-11T12:40:15.411" intervalms="188.886">
  <response-info timems="0.082" idlems="0.082" threads="0" lastid="0000000000019A00" lastname="main" />
</exclusive-start>
<af-start id="609" threadId="000000000001A380" totalBytesRequested="4104" timestamp="2020-09-11T12:40:15.411" intervalms="188.909" type="nursery" />
<cycle-start id="610" type="scavenge" contextid="0" timestamp="2020-09-11T12:40:15.411" intervalms="188.923" />
<gc-start id="611" type="scavenge" contextid="610" timestamp="2020-09-11T12:40:15.411">
  <mem-info id="612" free="1924104" total="13107200" percent="14">
    <mem type="nursery" free="0" total="6815744" percent="0">
      <mem type="allocate" free="0" total="6094848" percent="0" />
      <mem type="survivor" free="0" total="720896" percent="0" />
    </mem>
    <mem type="tenure" free="1924104" total="6291456" percent="30">
      <mem type="soa" free="1608712" total="5976064" percent="26" />
      <mem type="loa" free="315392" total="315392" percent="100" />
    </mem>
    <remembered-set count="5149" />
  </mem-info>
</gc-start>
<allocation-stats totalBytes="5488416" >
  <allocated-bytes non-tlh="94440" tlh="5393976" />
  <largest-consumer threadName="main" threadId="0000000000019A00" bytes="5488416" />
</allocation-stats>
<gc-op id="613" type="scavenge" timems="2.610" contextid="610" timestamp="2020-09-11T12:40:15.414">
  <scavenger-info tenureage="3" tenuremask="4008" tiltratio="89" />
  <memory-copied type="nursery" objects="17458" bytes="706944" bytesdiscarded="12792" />
  <memory-copied type="tenure" objects="7187" bytes="198512" bytesdiscarded="64" />
  <copy-failed type="nursery" objects="5424" bytes="129288" />
  <finalization candidates="9" enqueued="0" />
  <ownableSynchronizers candidates="9" cleared="0" />
  <references type="soft" candidates="2259" cleared="0" enqueued="0" dynamicThreshold="32" maxThreshold="32" />
  <references type="weak" candidates="870" cleared="269" enqueued="237" />
  <references type="phantom" candidates="13" cleared="4" enqueued="4" />
</gc-op>
<gc-end id="614" type="scavenge" contextid="610" durationms="2.756" usertimems="8.598" systemtimems="0.000" timestamp="2020-09-11T12:40:15.414" activeThreads="6">
  <mem-info id="615" free="6505480" total="13107200" percent="49">
    <mem type="nursery" free="4784128" total="6815744" percent="70">
      <mem type="allocate" free="4784128" total="5505024" percent="86" />
      <mem type="survivor" free="0" total="1310720" percent="0" />
    </mem>
    <mem type="tenure" free="1721352" total="6291456" percent="27">
      <mem type="soa" free="1405960" total="5976064" percent="23" />
      <mem type="loa" free="315392" total="315392" percent="100" />
    </mem>
    <pending-finalizers system="0" default="0" reference="241" classloader="0" />
    <remembered-set count="2357" />
  </mem-info>
</gc-end>
<cycle-end id="616" type="scavenge" contextid="610" timestamp="2020-09-11T12:40:15.414" />
<allocation-satisfied id="617" threadId="0000000000019A00" bytesRequested="4104" />
<af-end id="618" timestamp="2020-09-11T12:40:15.414" threadId="000000000001A380" success="true" from="nursery"/>
<exclusive-end id="619" timestamp="2020-09-11T12:40:15.414" durationms="3.433" />

<exclusive-start id="620" timestamp="2020-09-11T12:40:15.431" intervalms="20.779">
  <response-info timems="5.212" idlems="5.212" threads="0" lastid="0000000000019A00" lastname="main" />
</exclusive-start>
<af-start id="621" threadId="000000000001A380" totalBytesRequested="9840" timestamp="2020-09-11T12:40:15.432" intervalms="20.725" type="nursery" />
<cycle-start id="622" type="scavenge" contextid="0" timestamp="2020-09-11T12:40:15.432" intervalms="20.705" />
<gc-start id="623" type="scavenge" contextid="622" timestamp="2020-09-11T12:40:15.432">
  <mem-info id="624" free="1721352" total="13107200" percent="13">
    <mem type="nursery" free="0" total="6815744" percent="0">
      <mem type="allocate" free="0" total="5505024" percent="0" />
      <mem type="survivor" free="0" total="1310720" percent="0" />
    </mem>
    <mem type="tenure" free="1721352" total="6291456" percent="27">
      <mem type="soa" free="1405960" total="5976064" percent="23" />
      <mem type="loa" free="315392" total="315392" percent="100" />
    </mem>
    <remembered-set count="2364" />
  </mem-info>
</gc-start>
<allocation-stats totalBytes="4743760" >
  <allocated-bytes non-tlh="4104" tlh="4739656" />
  <largest-consumer threadName="main" threadId="0000000000019A00" bytes="4720032" />
</allocation-stats>
<gc-op id="625" type="scavenge" timems="2.282" contextid="622" timestamp="2020-09-11T12:40:15.434">
  <scavenger-info tenureage="3" tenuremask="4008" tiltratio="80" />
  <memory-copied type="nursery" objects="10706" bytes="379328" bytesdiscarded="94264" />
  <memory-copied type="tenure" objects="6143" bytes="315360" bytesdiscarded="1240" />
  <finalization candidates="7" enqueued="0" />
  <ownableSynchronizers candidates="5" cleared="0" />
  <references type="soft" candidates="2228" cleared="0" enqueued="0" dynamicThreshold="32" maxThreshold="32" />
  <references type="weak" candidates="313" cleared="0" enqueued="0" />
  <references type="phantom" candidates="6" cleared="0" enqueued="0" />
</gc-op>
<heap-resize id="626" type="expand" space="nursery" amount="524288" count="1" timems="0.026" reason="excessive time being spent scavenging" timestamp="2020-09-11T12:40:15.434" />
<gc-end id="627" type="scavenge" contextid="622" durationms="2.487" usertimems="7.255" systemtimems="0.000" timestamp="2020-09-11T12:40:15.434" activeThreads="6">
  <mem-info id="628" free="6820888" total="13631488" percent="50">
    <mem type="nursery" free="5489656" total="7340032" percent="74">
      <mem type="allocate" free="5489656" total="5963776" percent="92" />
      <mem type="survivor" free="0" total="1376256" percent="0" />
    </mem>
    <mem type="tenure" free="1331232" total="6291456" percent="21">
      <mem type="soa" free="1015840" total="5976064" percent="16" />
      <mem type="loa" free="315392" total="315392" percent="100" />
    </mem>
    <remembered-set count="1846" />
  </mem-info>
</gc-end>
<cycle-end id="629" type="scavenge" contextid="622" timestamp="2020-09-11T12:40:15.434" />
<allocation-satisfied id="630" threadId="0000000000019A00" bytesRequested="9840" />
<af-end id="631" timestamp="2020-09-11T12:40:15.434" threadId="000000000001A380" success="true" from="nursery"/>
<exclusive-end id="632" timestamp="2020-09-11T12:40:15.434" durationms="3.076" />

<exclusive-start id="633" timestamp="2020-09-11T12:40:15.481" intervalms="49.295">
  <response-info timems="0.076" idlems="0.076" threads="0" lastid="0000000000019A00" lastname="main" />
</exclusive-start>
<af-start id="634" threadId="000000000001A380" totalBytesRequested="4104" timestamp="2020-09-11T12:40:15.481" intervalms="49.311" type="nursery" />
<cycle-start id="635" type="scavenge" contextid="0" timestamp="2020-09-11T12:40:15.481" intervalms="49.313" />
<gc-start id="636" type="scavenge" contextid="635" timestamp="2020-09-11T12:40:15.481">
  <mem-info id="637" free="1303456" total="13631488" percent="9">
    <mem type="nursery" free="0" total="7340032" percent="0">
      <mem type="allocate" free="0" total="5963776" percent="0" />
      <mem type="survivor" free="0" total="1376256" percent="0" />
    </mem>
    <mem type="tenure" free="1303456" total="6291456" percent="20">
      <mem type="soa" free="988064" total="5976064" percent="16" />
      <mem type="loa" free="315392" total="315392" percent="100" />
    </mem>
    <remembered-set count="2132" />
  </mem-info>
</gc-start>
<allocation-stats totalBytes="5481216" >
  <allocated-bytes non-tlh="37616" tlh="5443600" />
  <largest-consumer threadName="main" threadId="0000000000019A00" bytes="5481216" />
</allocation-stats>
<gc-op id="638" type="scavenge" timems="1.780" contextid="635" timestamp="2020-09-11T12:40:15.483">
  <scavenger-info tenureage="3" tenuremask="4008" tiltratio="81" />
  <memory-copied type="nursery" objects="10994" bytes="373112" bytesdiscarded="167808" />
  <memory-copied type="tenure" objects="537" bytes="30312" bytesdiscarded="24" />
  <finalization candidates="2" enqueued="0" />
  <references type="soft" candidates="2226" cleared="0" enqueued="0" dynamicThreshold="32" maxThreshold="32" />
  <references type="weak" candidates="433" cleared="246" enqueued="246" />
  <references type="phantom" candidates="6" cleared="0" enqueued="0" />
</gc-op>
<gc-end id="639" type="scavenge" contextid="635" durationms="1.899" usertimems="4.887" systemtimems="0.584" timestamp="2020-09-11T12:40:15.483" activeThreads="6">
  <mem-info id="640" free="6933424" total="13631488" percent="50">
    <mem type="nursery" free="5684496" total="7340032" percent="77">
      <mem type="allocate" free="5684496" total="6225920" percent="91" />
      <mem type="survivor" free="0" total="1114112" percent="0" />
    </mem>
    <mem type="tenure" free="1248928" total="6291456" percent="19">
      <mem type="soa" free="933536" total="5976064" percent="15" />
      <mem type="loa" free="315392" total="315392" percent="100" />
    </mem>
    <pending-finalizers system="0" default="0" reference="246" classloader="0" />
    <remembered-set count="822" />
  </mem-info>
</gc-end>
<cycle-end id="641" type="scavenge" contextid="635" timestamp="2020-09-11T12:40:15.483" />
<allocation-satisfied id="642" threadId="0000000000019A00" bytesRequested="4104" />
<af-end id="643" timestamp="2020-09-11T12:40:15.483" threadId="000000000001A380" success="true" from="nursery"/>
<exclusive-end id="644" timestamp="2020-09-11T12:40:15.483" durationms="2.445" />

<exclusive-start id="645" timestamp="2020-09-11T12:40:15.586" intervalms="105.113">
  <response-info timems="0.082" idlems="0.082" threads="0" lastid="0000000000019A00" lastname="main" />
</exclusive-start>
<af-start id="646" threadId="000000000001A380" totalBytesRequested="11648" timestamp="2020-09-11T12:40:15.586" intervalms="105.116" type="nursery" />
<cycle-start id="647" type="scavenge" contextid="0" timestamp="2020-09-11T12:40:15.586" intervalms="105.117" />
<gc-start id="648" type="scavenge" contextid="647" timestamp="2020-09-11T12:40:15.586">
  <mem-info id="649" free="1204544" total="13631488" percent="8">
    <mem type="nursery" free="0" total="7340032" percent="0">
      <mem type="allocate" free="0" total="6225920" percent="0" />
      <mem type="survivor" free="0" total="1114112" percent="0" />
    </mem>
    <mem type="tenure" free="1204544" total="6291456" percent="19">
      <mem type="soa" free="889152" total="5976064" percent="14" />
      <mem type="loa" free="315392" total="315392" percent="100" />
    </mem>
    <remembered-set count="1286" />
  </mem-info>
</gc-start>
<allocation-stats totalBytes="5681200" >
  <allocated-bytes non-tlh="48488" tlh="5632712" />
  <largest-consumer threadName="main" threadId="0000000000019A00" bytes="5681200" />
</allocation-stats>
<gc-op id="650" type="scavenge" timems="2.500" contextid="647" timestamp="2020-09-11T12:40:15.589">
  <scavenger-info tenureage="3" tenuremask="4008" tiltratio="84" />
  <memory-copied type="nursery" objects="1655" bytes="95648" bytesdiscarded="54336" />
  <memory-copied type="tenure" objects="10132" bytes="325512" bytesdiscarded="248" />
  <finalization candidates="2" enqueued="0" />
  <references type="soft" candidates="4" cleared="0" enqueued="0" dynamicThreshold="32" maxThreshold="32" />
  <references type="weak" candidates="426" cleared="418" enqueued="418" />
  <references type="phantom" candidates="5" cleared="2" enqueued="2" />
</gc-op>
<gc-end id="651" type="scavenge" contextid="647" durationms="2.644" usertimems="5.589" systemtimems="0.000" timestamp="2020-09-11T12:40:15.589" activeThreads="6">
  <mem-info id="652" free="7148800" total="13631488" percent="52">
    <mem type="nursery" free="6206968" total="7340032" percent="84">
      <mem type="allocate" free="6206968" total="6356992" percent="97" />
      <mem type="survivor" free="0" total="983040" percent="0" />
    </mem>
    <mem type="tenure" free="941832" total="6291456" percent="14">
      <mem type="soa" free="626440" total="5976064" percent="10" />
      <mem type="loa" free="315392" total="315392" percent="100" />
    </mem>
    <pending-finalizers system="0" default="0" reference="420" classloader="0" />
    <remembered-set count="950" />
  </mem-info>
</gc-end>
<cycle-end id="653" type="scavenge" contextid="647" timestamp="2020-09-11T12:40:15.589" />
<allocation-satisfied id="654" threadId="0000000000019A00" bytesRequested="11648" />
<af-end id="655" timestamp="2020-09-11T12:40:15.589" threadId="000000000001A380" success="true" from="nursery"/>
<exclusive-end id="656" timestamp="2020-09-11T12:40:15.589" durationms="3.213" />

<exclusive-start id="657" timestamp="2020-09-11T12:40:15.674" intervalms="87.752">
  <response-info timems="0.152" idlems="0.152" threads="0" lastid="0000000000019A00" lastname="main" />
</exclusive-start>
<af-start id="658" threadId="000000000001A380" totalBytesRequested="1032" timestamp="2020-09-11T12:40:15.674" intervalms="87.832" type="nursery" />
<cycle-start id="659" type="scavenge" contextid="0" timestamp="2020-09-11T12:40:15.674" intervalms="87.911" />
<gc-start id="660" type="scavenge" contextid="659" timestamp="2020-09-11T12:40:15.674">
  <mem-info id="661" free="902144" total="13631488" percent="6">
    <mem type="nursery" free="0" total="7340032" percent="0">
      <mem type="allocate" free="0" total="6356992" percent="0" />
      <mem type="survivor" free="0" total="983040" percent="0" />
    </mem>
    <mem type="tenure" free="902144" total="6291456" percent="14">
      <mem type="soa" free="586752" total="5976064" percent="9" />
      <mem type="loa" free="315392" total="315392" percent="100" />
    </mem>
    <remembered-set count="1352" />
  </mem-info>
</gc-start>
<allocation-stats totalBytes="6147168" >
  <allocated-bytes non-tlh="134224" tlh="6012944" />
  <largest-consumer threadName="main" threadId="0000000000019A00" bytes="6143072" />
</allocation-stats>
<gc-op id="662" type="scavenge" timems="1.766" contextid="659" timestamp="2020-09-11T12:40:15.676">
  <scavenger-info tenureage="3" tenuremask="4008" tiltratio="86" />
  <memory-copied type="nursery" objects="1688" bytes="84008" bytesdiscarded="58040" />
  <memory-copied type="tenure" objects="24" bytes="12480" bytesdiscarded="0" />
  <references type="soft" candidates="7" cleared="0" enqueued="0" dynamicThreshold="32" maxThreshold="32" />
  <references type="weak" candidates="382" cleared="365" enqueued="365" />
  <references type="phantom" candidates="5" cleared="1" enqueued="1" />
</gc-op>
<gc-end id="663" type="scavenge" contextid="659" durationms="2.044" usertimems="5.225" systemtimems="0.662" timestamp="2020-09-11T12:40:15.676" activeThreads="6">
  <mem-info id="664" free="7313624" total="13631488" percent="53">
    <mem type="nursery" free="6411480" total="7340032" percent="87">
      <mem type="allocate" free="6411480" total="6553600" percent="97" />
      <mem type="survivor" free="0" total="786432" percent="0" />
    </mem>
    <mem type="tenure" free="902144" total="6291456" percent="14">
      <mem type="soa" free="586752" total="5976064" percent="9" />
      <mem type="loa" free="315392" total="315392" percent="100" />
    </mem>
    <pending-finalizers system="0" default="0" reference="366" classloader="0" />
    <remembered-set count="1061" />
  </mem-info>
</gc-end>
<cycle-end id="665" type="scavenge" contextid="659" timestamp="2020-09-11T12:40:15.677" />
<allocation-satisfied id="666" threadId="0000000000019A00" bytesRequested="1032" />
<af-end id="667" timestamp="2020-09-11T12:40:15.677" threadId="000000000001A380" success="true" from="nursery"/>
<exclusive-end id="668" timestamp="2020-09-11T12:40:15.677" durationms="3.049" />

<exclusive-start id="669" timestamp="2020-09-11T12:40:15.740" intervalms="66.696">
  <response-info timems="0.162" idlems="0.162" threads="0" lastid="0000000000019A00" lastname="main" />
</exclusive-start>
<af-start id="670" threadId="000000000001A380" totalBytesRequested="1032" timestamp="2020-09-11T12:40:15.740" intervalms="66.669" type="nursery" />
<cycle-start id="671" type="scavenge" contextid="0" timestamp="2020-09-11T12:40:15.740" intervalms="66.593" />
<gc-start id="672" type="scavenge" contextid="671" timestamp="2020-09-11T12:40:15.741">
  <mem-info id="673" free="855552" total="13631488" percent="6">
    <mem type="nursery" free="0" total="7340032" percent="0">
      <mem type="allocate" free="0" total="6553600" percent="0" />
      <mem type="survivor" free="0" total="786432" percent="0" />
    </mem>
    <mem type="tenure" free="855552" total="6291456" percent="13">
      <mem type="soa" free="540160" total="5976064" percent="9" />
      <mem type="loa" free="315392" total="315392" percent="100" />
    </mem>
    <remembered-set count="1542" />
  </mem-info>
</gc-start>
<allocation-stats totalBytes="6421072" >
  <allocated-bytes non-tlh="230528" tlh="6190544" />
  <largest-consumer threadName="main" threadId="0000000000019A00" bytes="6416976" />
</allocation-stats>
<gc-op id="674" type="scavenge" timems="2.150" contextid="671" timestamp="2020-09-11T12:40:15.743">
  <scavenger-info tenureage="14" tenuremask="4000" tiltratio="89" />
  <memory-copied type="nursery" objects="2103" bytes="104296" bytesdiscarded="57112" />
  <references type="soft" candidates="8" cleared="0" enqueued="0" dynamicThreshold="32" maxThreshold="32" />
  <references type="weak" candidates="441" cleared="421" enqueued="421" />
  <references type="phantom" candidates="6" cleared="1" enqueued="1" />
</gc-op>
<gc-end id="675" type="scavenge" contextid="671" durationms="2.315" usertimems="3.590" systemtimems="0.460" timestamp="2020-09-11T12:40:15.743" activeThreads="6">
  <mem-info id="676" free="7247648" total="13631488" percent="53">
    <mem type="nursery" free="6392096" total="7340032" percent="87">
      <mem type="allocate" free="6392096" total="6553600" percent="97" />
      <mem type="survivor" free="0" total="786432" percent="0" />
    </mem>
    <mem type="tenure" free="855552" total="6291456" percent="13">
      <mem type="soa" free="540160" total="5976064" percent="9" />
      <mem type="loa" free="315392" total="315392" percent="100" />
    </mem>
    <pending-finalizers system="0" default="0" reference="422" classloader="0" />
    <remembered-set count="1112" />
  </mem-info>
</gc-end>
<cycle-end id="677" type="scavenge" contextid="671" timestamp="2020-09-11T12:40:15.743" />
<allocation-satisfied id="678" threadId="0000000000019A00" bytesRequested="1032" />
<af-end id="679" timestamp="2020-09-11T12:40:15.743" threadId="000000000001A380" success="true" from="nursery"/>
<exclusive-end id="680" timestamp="2020-09-11T12:40:15.743" durationms="2.911" />

<exclusive-start id="681" timestamp="2020-09-11T12:40:15.756" intervalms="15.765">
  <response-info timems="0.097" idlems="0.097" threads="0" lastid="0000000000019A00" lastname="main" />
</exclusive-start>
<af-start id="682" threadId="000000000001A380" totalBytesRequested="26192" timestamp="2020-09-11T12:40:15.756" intervalms="15.655" type="nursery" />
<cycle-start id="683" type="scavenge" contextid="0" timestamp="2020-09-11T12:40:15.756" intervalms="15.644" />
<gc-start id="684" type="scavenge" contextid="683" timestamp="2020-09-11T12:40:15.756">
  <mem-info id="685" free="855168" total="13631488" percent="6">
    <mem type="nursery" free="0" total="7340032" percent="0">
      <mem type="allocate" free="0" total="6553600" percent="0" />
      <mem type="survivor" free="0" total="786432" percent="0" />
    </mem>
    <mem type="tenure" free="855168" total="6291456" percent="13">
      <mem type="soa" free="539776" total="5976064" percent="9" />
      <mem type="loa" free="315392" total="315392" percent="100" />
    </mem>
    <remembered-set count="1126" />
  </mem-info>
</gc-start>
<allocation-stats totalBytes="6298480" >
  <allocated-bytes non-tlh="2176336" tlh="4122144" />
  <largest-consumer threadName="main" threadId="0000000000019A00" bytes="6294384" />
</allocation-stats>
<gc-op id="686" type="scavenge" timems="1.053" contextid="683" timestamp="2020-09-11T12:40:15.757">
  <scavenger-info tenureage="14" tenuremask="4000" tiltratio="89" />
  <memory-copied type="nursery" objects="1021" bytes="85776" bytesdiscarded="33160" />
  <references type="soft" candidates="9" cleared="0" enqueued="0" dynamicThreshold="32" maxThreshold="32" />
  <references type="weak" candidates="21" cleared="3" enqueued="3" />
  <references type="phantom" candidates="8" cleared="0" enqueued="0" />
</gc-op>
<heap-resize id="687" type="expand" space="nursery" amount="393216" count="1" timems="0.029" reason="excessive time being spent scavenging" timestamp="2020-09-11T12:40:15.757" />
<gc-end id="688" type="scavenge" contextid="683" durationms="1.198" usertimems="0.000" systemtimems="6.145" timestamp="2020-09-11T12:40:15.757" activeThreads="6">
  <mem-info id="689" free="7617408" total="14024704" percent="54">
    <mem type="nursery" free="6762240" total="7733248" percent="87">
      <mem type="allocate" free="6762240" total="6881280" percent="98" />
      <mem type="survivor" free="0" total="851968" percent="0" />
    </mem>
    <mem type="tenure" free="855168" total="6291456" percent="13">
      <mem type="soa" free="539776" total="5976064" percent="9" />
      <mem type="loa" free="315392" total="315392" percent="100" />
    </mem>
    <pending-finalizers system="0" default="0" reference="3" classloader="0" />
    <remembered-set count="748" />
  </mem-info>
</gc-end>
<cycle-end id="690" type="scavenge" contextid="683" timestamp="2020-09-11T12:40:15.758" />
<allocation-satisfied id="691" threadId="0000000000019A00" bytesRequested="26192" />
<af-end id="692" timestamp="2020-09-11T12:40:15.758" threadId="000000000001A380" success="true" from="nursery"/>
<exclusive-end id="693" timestamp="2020-09-11T12:40:15.758" durationms="1.635" />

<exclusive-start id="694" timestamp="2020-09-11T12:40:15.771" intervalms="14.803">
  <response-info timems="0.125" idlems="0.125" threads="0" lastid="0000000000019A00" lastname="main" />
</exclusive-start>
<af-start id="695" threadId="000000000001A380" totalBytesRequested="1896" timestamp="2020-09-11T12:40:15.771" intervalms="14.813" type="nursery" />
<cycle-start id="696" type="scavenge" contextid="0" timestamp="2020-09-11T12:40:15.771" intervalms="14.814" />
<gc-start id="697" type="scavenge" contextid="696" timestamp="2020-09-11T12:40:15.771">
  <mem-info id="698" free="855168" total="14024704" percent="6">
    <mem type="nursery" free="0" total="7733248" percent="0">
      <mem type="allocate" free="0" total="6881280" percent="0" />
      <mem type="survivor" free="0" total="851968" percent="0" />
    </mem>
    <mem type="tenure" free="855168" total="6291456" percent="13">
      <mem type="soa" free="539776" total="5976064" percent="9" />
      <mem type="loa" free="315392" total="315392" percent="100" />
    </mem>
    <remembered-set count="749" />
  </mem-info>
</gc-start>
<allocation-stats totalBytes="6611064" >
  <allocated-bytes non-tlh="26192" tlh="6584872" />
  <largest-consumer threadName="main" threadId="0000000000019A00" bytes="6611064" />
</allocation-stats>
<gc-op id="699" type="scavenge" timems="1.125" contextid="696" timestamp="2020-09-11T12:40:15.772">
  <scavenger-info tenureage="4" tenuremask="fff0" tiltratio="88" />
  <memory-copied type="nursery" objects="704" bytes="58136" bytesdiscarded="42048" />
  <memory-copied type="tenure" objects="330" bytes="9552" bytesdiscarded="0" />
  <references type="soft" candidates="5" cleared="0" enqueued="0" dynamicThreshold="32" maxThreshold="32" />
  <references type="weak" candidates="12" cleared="0" enqueued="0" />
  <references type="phantom" candidates="6" cleared="0" enqueued="0" />
</gc-op>
<gc-end id="700" type="scavenge" contextid="696" durationms="1.248" usertimems="1.774" systemtimems="0.227" timestamp="2020-09-11T12:40:15.772" activeThreads="6">
  <mem-info id="701" free="7701720" total="14024704" percent="54">
    <mem type="nursery" free="6846552" total="7733248" percent="88">
      <mem type="allocate" free="6846552" total="6946816" percent="98" />
      <mem type="survivor" free="0" total="786432" percent="0" />
    </mem>
    <mem type="tenure" free="855168" total="6291456" percent="13">
      <mem type="soa" free="539776" total="5976064" percent="9" />
      <mem type="loa" free="315392" total="315392" percent="100" />
    </mem>
    <remembered-set count="246" />
  </mem-info>
</gc-end>
<cycle-end id="702" type="scavenge" contextid="696" timestamp="2020-09-11T12:40:15.773" />
<allocation-satisfied id="703" threadId="0000000000019A00" bytesRequested="1896" />
<af-end id="704" timestamp="2020-09-11T12:40:15.773" threadId="000000000001A380" success="true" from="nursery"/>
<exclusive-end id="705" timestamp="2020-09-11T12:40:15.773" durationms="1.801" />

<exclusive-start id="706" timestamp="2020-09-11T12:40:15.786" intervalms="14.753">
  <response-info timems="0.143" idlems="0.143" threads="0" lastid="0000000000019A00" lastname="main" />
</exclusive-start>
<af-start id="707" threadId="000000000001A380" totalBytesRequested="2480" timestamp="2020-09-11T12:40:15.786" intervalms="14.734" type="nursery" />
<cycle-start id="708" type="scavenge" contextid="0" timestamp="2020-09-11T12:40:15.786" intervalms="14.731" />
<gc-start id="709" type="scavenge" contextid="708" timestamp="2020-09-11T12:40:15.786">
  <mem-info id="710" free="855168" total="14024704" percent="6">
    <mem type="nursery" free="0" total="7733248" percent="0">
      <mem type="allocate" free="0" total="6946816" percent="0" />
      <mem type="survivor" free="0" total="786432" percent="0" />
    </mem>
    <mem type="tenure" free="855168" total="6291456" percent="13">
      <mem type="soa" free="539776" total="5976064" percent="9" />
      <mem type="loa" free="315392" total="315392" percent="100" />
    </mem>
    <remembered-set count="247" />
  </mem-info>
</gc-start>
<allocation-stats totalBytes="6618432" >
  <allocated-bytes non-tlh="1896" tlh="6616536" />
  <largest-consumer threadName="main" threadId="0000000000019A00" bytes="6618432" />
</allocation-stats>
<gc-op id="711" type="scavenge" timems="0.591" contextid="708" timestamp="2020-09-11T12:40:15.786">
  <scavenger-info tenureage="3" tenuremask="ff98" tiltratio="89" />
  <memory-copied type="nursery" objects="239" bytes="31080" bytesdiscarded="26528" />
  <memory-copied type="tenure" objects="482" bytes="37360" bytesdiscarded="0" />
  <references type="soft" candidates="1" cleared="0" enqueued="0" dynamicThreshold="32" maxThreshold="32" />
  <references type="phantom" candidates="4" cleared="0" enqueued="0" />
</gc-op>
<heap-resize id="712" type="expand" space="nursery" amount="393216" count="1" timems="0.032" reason="excessive time being spent scavenging" timestamp="2020-09-11T12:40:15.786" />
<gc-end id="713" type="scavenge" contextid="708" durationms="0.766" usertimems="1.348" systemtimems="0.173" timestamp="2020-09-11T12:40:15.787" activeThreads="6">
  <mem-info id="714" free="8017736" total="14417920" percent="55">
    <mem type="nursery" free="7216872" total="8126464" percent="88">
      <mem type="allocate" free="7216872" total="7274496" percent="99" />
      <mem type="survivor" free="0" total="851968" percent="0" />
    </mem>
    <mem type="tenure" free="800864" total="6291456" percent="12">
      <mem type="soa" free="485472" total="5976064" percent="8" />
      <mem type="loa" free="315392" total="315392" percent="100" />
    </mem>
    <remembered-set count="174" />
  </mem-info>
</gc-end>
<cycle-end id="715" type="scavenge" contextid="708" timestamp="2020-09-11T12:40:15.787" />
<allocation-satisfied id="716" threadId="0000000000019A00" bytesRequested="2480" />
<af-end id="717" timestamp="2020-09-11T12:40:15.787" threadId="000000000001A380" success="true" from="nursery"/>
<exclusive-end id="718" timestamp="2020-09-11T12:40:15.787" durationms="1.210" />

<exclusive-start id="719" timestamp="2020-09-11T12:40:15.800" intervalms="14.178">
  <response-info timems="0.097" idlems="0.097" threads="0" lastid="0000000000019A00" lastname="main" />
</exclusive-start>
<af-start id="720" threadId="000000000001A380" totalBytesRequested="4104" timestamp="2020-09-11T12:40:15.800" intervalms="14.165" type="nursery" />
<cycle-start id="721" type="scavenge" contextid="0" timestamp="2020-09-11T12:40:15.800" intervalms="14.166" />
<gc-start id="722" type="scavenge" contextid="721" timestamp="2020-09-11T12:40:15.800">
  <mem-info id="723" free="800864" total="14417920" percent="5">
    <mem type="nursery" free="0" total="8126464" percent="0">
      <mem type="allocate" free="0" total="7274496" percent="0" />
      <mem type="survivor" free="0" total="851968" percent="0" />
    </mem>
    <mem type="tenure" free="800864" total="6291456" percent="12">
      <mem type="soa" free="485472" total="5976064" percent="8" />
      <mem type="loa" free="315392" total="315392" percent="100" />
    </mem>
    <remembered-set count="174" />
  </mem-info>
</gc-start>
<allocation-stats totalBytes="7038840" >
  <allocated-bytes non-tlh="2480" tlh="7036360" />
  <largest-consumer threadName="main" threadId="0000000000019A00" bytes="7038840" />
</allocation-stats>
<gc-op id="724" type="scavenge" timems="0.537" contextid="721" timestamp="2020-09-11T12:40:15.800">
  <scavenger-info tenureage="3" tenuremask="ffc8" tiltratio="89" />
  <memory-copied type="nursery" objects="132" bytes="21784" bytesdiscarded="25824" />
  <memory-copied type="tenure" objects="108" bytes="6920" bytesdiscarded="0" />
  <references type="phantom" candidates="2" cleared="0" enqueued="0" />
</gc-op>
<gc-end id="725" type="scavenge" contextid="721" durationms="0.658" usertimems="3.826" systemtimems="3.567" timestamp="2020-09-11T12:40:15.801" activeThreads="6">
  <mem-info id="726" free="8027744" total="14417920" percent="55">
    <mem type="nursery" free="7226880" total="8126464" percent="88">
      <mem type="allocate" free="7226880" total="7274496" percent="99" />
      <mem type="survivor" free="0" total="851968" percent="0" />
    </mem>
    <mem type="tenure" free="800864" total="6291456" percent="12">
      <mem type="soa" free="485472" total="5976064" percent="8" />
      <mem type="loa" free="315392" total="315392" percent="100" />
    </mem>
    <remembered-set count="173" />
  </mem-info>
</gc-end>
<cycle-end id="727" type="scavenge" contextid="721" timestamp="2020-09-11T12:40:15.801" />
<allocation-satisfied id="728" threadId="0000000000019A00" bytesRequested="4104" />
<af-end id="729" timestamp="2020-09-11T12:40:15.801" threadId="000000000001A380" success="true" from="nursery"/>
<exclusive-end id="730" timestamp="2020-09-11T12:40:15.801" durationms="1.075" />

<exclusive-start id="731" timestamp="2020-09-11T12:40:15.817" intervalms="17.558">
  <response-info timems="0.102" idlems="0.102" threads="0" lastid="0000000000019A00" lastname="main" />
</exclusive-start>
<af-start id="732" threadId="000000000001A380" totalBytesRequested="4104" timestamp="2020-09-11T12:40:15.817" intervalms="17.645" type="nursery" />
<cycle-start id="733" type="scavenge" contextid="0" timestamp="2020-09-11T12:40:15.817" intervalms="17.655" />
<gc-start id="734" type="scavenge" contextid="733" timestamp="2020-09-11T12:40:15.818">
  <mem-info id="735" free="800864" total="14417920" percent="5">
    <mem type="nursery" free="0" total="8126464" percent="0">
      <mem type="allocate" free="0" total="7274496" percent="0" />
      <mem type="survivor" free="0" total="851968" percent="0" />
    </mem>
    <mem type="tenure" free="800864" total="6291456" percent="12">
      <mem type="soa" free="485472" total="5976064" percent="8" />
      <mem type="loa" free="315392" total="315392" percent="100" />
    </mem>
    <remembered-set count="174" />
  </mem-info>
</gc-start>
<allocation-stats totalBytes="7040280" >
  <allocated-bytes non-tlh="77328" tlh="6962952" />
  <largest-consumer threadName="main" threadId="0000000000019A00" bytes="7040280" />
</allocation-stats>
<gc-op id="736" type="scavenge" timems="0.381" contextid="733" timestamp="2020-09-11T12:40:15.818">
  <scavenger-info tenureage="3" tenuremask="ffe8" tiltratio="89" />
  <memory-copied type="nursery" objects="128" bytes="13768" bytesdiscarded="33840" />
  <references type="phantom" candidates="2" cleared="0" enqueued="0" />
</gc-op>
<gc-end id="737" type="scavenge" contextid="733" durationms="0.501" usertimems="0.997" systemtimems="0.127" timestamp="2020-09-11T12:40:15.818" activeThreads="6">
  <mem-info id="738" free="8027744" total="14417920" percent="55">
    <mem type="nursery" free="7226880" total="8126464" percent="88">
      <mem type="allocate" free="7226880" total="7274496" percent="99" />
      <mem type="survivor" free="0" total="851968" percent="0" />
    </mem>
    <mem type="tenure" free="800864" total="6291456" percent="12">
      <mem type="soa" free="485472" total="5976064" percent="8" />
      <mem type="loa" free="315392" total="315392" percent="100" />
    </mem>
    <remembered-set count="173" />
  </mem-info>
</gc-end>
<cycle-end id="739" type="scavenge" contextid="733" timestamp="2020-09-11T12:40:15.818" />
<allocation-satisfied id="740" threadId="0000000000019A00" bytesRequested="4104" />
<af-end id="741" timestamp="2020-09-11T12:40:15.818" threadId="000000000001A380" success="true" from="nursery"/>
<exclusive-end id="742" timestamp="2020-09-11T12:40:15.818" durationms="1.016" />

<exclusive-start id="743" timestamp="2020-09-11T12:40:15.833" intervalms="15.258">
  <response-info timems="0.086" idlems="0.086" threads="0" lastid="0000000000019A00" lastname="main" />
</exclusive-start>
<af-start id="744" threadId="000000000001A380" totalBytesRequested="4104" timestamp="2020-09-11T12:40:15.833" intervalms="15.196" type="nursery" />
<cycle-start id="745" type="scavenge" contextid="0" timestamp="2020-09-11T12:40:15.833" intervalms="15.185" />
<gc-start id="746" type="scavenge" contextid="745" timestamp="2020-09-11T12:40:15.833">
  <mem-info id="747" free="800864" total="14417920" percent="5">
    <mem type="nursery" free="0" total="8126464" percent="0">
      <mem type="allocate" free="0" total="7274496" percent="0" />
      <mem type="survivor" free="0" total="851968" percent="0" />
    </mem>
    <mem type="tenure" free="800864" total="6291456" percent="12">
      <mem type="soa" free="485472" total="5976064" percent="8" />
      <mem type="loa" free="315392" total="315392" percent="100" />
    </mem>
    <remembered-set count="174" />
  </mem-info>
</gc-start>
<allocation-stats totalBytes="7089320" >
  <allocated-bytes non-tlh="77328" tlh="7011992" />
  <largest-consumer threadName="main" threadId="0000000000019A00" bytes="7089320" />
</allocation-stats>
<gc-op id="748" type="scavenge" timems="0.369" contextid="745" timestamp="2020-09-11T12:40:15.833">
  <scavenger-info tenureage="4" tenuremask="fff0" tiltratio="89" />
  <memory-copied type="nursery" objects="61" bytes="4240" bytesdiscarded="43368" />
  <references type="phantom" candidates="2" cleared="0" enqueued="0" />
</gc-op>
<gc-end id="749" type="scavenge" contextid="745" durationms="0.473" usertimems="0.916" systemtimems="0.117" timestamp="2020-09-11T12:40:15.833" activeThreads="6">
  <mem-info id="750" free="8027744" total="14417920" percent="55">
    <mem type="nursery" free="7226880" total="8126464" percent="88">
      <mem type="allocate" free="7226880" total="7274496" percent="99" />
      <mem type="survivor" free="0" total="851968" percent="0" />
    </mem>
    <mem type="tenure" free="800864" total="6291456" percent="12">
      <mem type="soa" free="485472" total="5976064" percent="8" />
      <mem type="loa" free="315392" total="315392" percent="100" />
    </mem>
    <remembered-set count="173" />
  </mem-info>
</gc-end>
<cycle-end id="751" type="scavenge" contextid="745" timestamp="2020-09-11T12:40:15.833" />
<allocation-satisfied id="752" threadId="0000000000019A00" bytesRequested="4104" />
<af-end id="753" timestamp="2020-09-11T12:40:15.833" threadId="000000000001A380" success="true" from="nursery"/>
<exclusive-end id="754" timestamp="2020-09-11T12:40:15.833" durationms="0.886" />

<exclusive-start id="755" timestamp="2020-09-11T12:40:15.848" intervalms="14.976">
  <response-info timems="0.134" idlems="0.134" threads="0" lastid="0000000000019A00" lastname="main" />
</exclusive-start>
<af-start id="756" threadId="000000000001A380" totalBytesRequested="4104" timestamp="2020-09-11T12:40:15.848" intervalms="14.989" type="nursery" />
<cycle-start id="757" type="scavenge" contextid="0" timestamp="2020-09-11T12:40:15.848" intervalms="15.023" />
<gc-start id="758" type="scavenge" contextid="757" timestamp="2020-09-11T12:40:15.848">
  <mem-info id="759" free="800864" total="14417920" percent="5">
    <mem type="nursery" free="0" total="8126464" percent="0">
      <mem type="allocate" free="0" total="7274496" percent="0" />
      <mem type="survivor" free="0" total="851968" percent="0" />
    </mem>
    <mem type="tenure" free="800864" total="6291456" percent="12">
      <mem type="soa" free="485472" total="5976064" percent="8" />
      <mem type="loa" free="315392" total="315392" percent="100" />
    </mem>
    <remembered-set count="174" />
  </mem-info>
</gc-start>
<allocation-stats totalBytes="7084640" >
  <allocated-bytes non-tlh="96208" tlh="6988432" />
  <largest-consumer threadName="main" threadId="0000000000019A00" bytes="7084640" />
</allocation-stats>
<gc-op id="760" type="scavenge" timems="0.448" contextid="757" timestamp="2020-09-11T12:40:15.848">
  <scavenger-info tenureage="3" tenuremask="fff8" tiltratio="89" />
  <memory-copied type="nursery" objects="48" bytes="3960" bytesdiscarded="43648" />
  <references type="phantom" candidates="2" cleared="0" enqueued="0" />
</gc-op>
<gc-end id="761" type="scavenge" contextid="757" durationms="0.572" usertimems="1.060" systemtimems="0.135" timestamp="2020-09-11T12:40:15.848" activeThreads="6">
  <mem-info id="762" free="8027744" total="14417920" percent="55">
    <mem type="nursery" free="7226880" total="8126464" percent="88">
      <mem type="allocate" free="7226880" total="7274496" percent="99" />
      <mem type="survivor" free="0" total="851968" percent="0" />
    </mem>
    <mem type="tenure" free="800864" total="6291456" percent="12">
      <mem type="soa" free="485472" total="5976064" percent="8" />
      <mem type="loa" free="315392" total="315392" percent="100" />
    </mem>
    <remembered-set count="173" />
  </mem-info>
</gc-end>
<cycle-end id="763" type="scavenge" contextid="757" timestamp="2020-09-11T12:40:15.849" />
<allocation-satisfied id="764" threadId="0000000000019A00" bytesRequested="4104" />
<af-end id="765" timestamp="2020-09-11T12:40:15.849" threadId="000000000001A380" success="true" from="nursery"/>
<exclusive-end id="766" timestamp="2020-09-11T12:40:15.849" durationms="1.136" />

<exclusive-start id="767" timestamp="2020-09-11T12:40:15.862" intervalms="14.556">
  <response-info timems="0.122" idlems="0.122" threads="0" lastid="0000000000019A00" lastname="main" />
</exclusive-start>
<af-start id="768" threadId="000000000001A380" totalBytesRequested="6984" timestamp="2020-09-11T12:40:15.862" intervalms="14.547" type="nursery" />
<cycle-start id="769" type="scavenge" contextid="0" timestamp="2020-09-11T12:40:15.862" intervalms="14.515" />
<gc-start id="770" type="scavenge" contextid="769" timestamp="2020-09-11T12:40:15.862">
  <mem-info id="771" free="800864" total="14417920" percent="5">
    <mem type="nursery" free="0" total="8126464" percent="0">
      <mem type="allocate" free="0" total="7274496" percent="0" />
      <mem type="survivor" free="0" total="851968" percent="0" />
    </mem>
    <mem type="tenure" free="800864" total="6291456" percent="12">
      <mem type="soa" free="485472" total="5976064" percent="8" />
      <mem type="loa" free="315392" total="315392" percent="100" />
    </mem>
    <remembered-set count="173" />
  </mem-info>
</gc-start>
<allocation-stats totalBytes="6824360" >
  <allocated-bytes non-tlh="428928" tlh="6395432" />
  <largest-consumer threadName="main" threadId="0000000000019A00" bytes="6824360" />
</allocation-stats>
<gc-op id="772" type="scavenge" timems="0.354" contextid="769" timestamp="2020-09-11T12:40:15.863">
  <scavenger-info tenureage="3" tenuremask="fff8" tiltratio="89" />
  <memory-copied type="nursery" objects="48" bytes="12176" bytesdiscarded="35432" />
  <references type="phantom" candidates="2" cleared="0" enqueued="0" />
</gc-op>
<gc-end id="773" type="scavenge" contextid="769" durationms="0.453" usertimems="0.952" systemtimems="0.122" timestamp="2020-09-11T12:40:15.863" activeThreads="6">
  <mem-info id="774" free="8027744" total="14417920" percent="55">
    <mem type="nursery" free="7226880" total="8126464" percent="88">
      <mem type="allocate" free="7226880" total="7274496" percent="99" />
      <mem type="survivor" free="0" total="851968" percent="0" />
    </mem>
    <mem type="tenure" free="800864" total="6291456" percent="12">
      <mem type="soa" free="485472" total="5976064" percent="8" />
      <mem type="loa" free="315392" total="315392" percent="100" />
    </mem>
    <remembered-set count="173" />
  </mem-info>
</gc-end>
<cycle-end id="775" type="scavenge" contextid="769" timestamp="2020-09-11T12:40:15.863" />
<allocation-satisfied id="776" threadId="0000000000019A00" bytesRequested="6984" />
<af-end id="777" timestamp="2020-09-11T12:40:15.863" threadId="000000000001A380" success="true" from="nursery"/>
<exclusive-end id="778" timestamp="2020-09-11T12:40:15.863" durationms="0.915" />

<exclusive-start id="779" timestamp="2020-09-11T12:40:15.878" intervalms="15.630">
  <response-info timems="0.075" idlems="0.075" threads="0" lastid="0000000000019A00" lastname="main" />
</exclusive-start>
<af-start id="780" threadId="000000000001A380" totalBytesRequested="4104" timestamp="2020-09-11T12:40:15.878" intervalms="15.628" type="nursery" />
<cycle-start id="781" type="scavenge" contextid="0" timestamp="2020-09-11T12:40:15.878" intervalms="15.628" />
<gc-start id="782" type="scavenge" contextid="781" timestamp="2020-09-11T12:40:15.878">
  <mem-info id="783" free="800864" total="14417920" percent="5">
    <mem type="nursery" free="0" total="8126464" percent="0">
      <mem type="allocate" free="0" total="7274496" percent="0" />
      <mem type="survivor" free="0" total="851968" percent="0" />
    </mem>
    <mem type="tenure" free="800864" total="6291456" percent="12">
      <mem type="soa" free="485472" total="5976064" percent="8" />
      <mem type="loa" free="315392" total="315392" percent="100" />
    </mem>
    <remembered-set count="174" />
  </mem-info>
</gc-start>
<allocation-stats totalBytes="7099320" >
  <allocated-bytes non-tlh="53168" tlh="7046152" />
  <largest-consumer threadName="main" threadId="0000000000019A00" bytes="7099320" />
</allocation-stats>
<gc-op id="784" type="scavenge" timems="0.352" contextid="781" timestamp="2020-09-11T12:40:15.878">
  <scavenger-info tenureage="3" tenuremask="fff8" tiltratio="89" />
  <memory-copied type="nursery" objects="48" bytes="3888" bytesdiscarded="43720" />
  <references type="phantom" candidates="2" cleared="0" enqueued="0" />
</gc-op>
<gc-end id="785" type="scavenge" contextid="781" durationms="0.453" usertimems="1.035" systemtimems="0.000" timestamp="2020-09-11T12:40:15.878" activeThreads="6">
  <mem-info id="786" free="8027744" total="14417920" percent="55">
    <mem type="nursery" free="7226880" total="8126464" percent="88">
      <mem type="allocate" free="7226880" total="7274496" percent="99" />
      <mem type="survivor" free="0" total="851968" percent="0" />
    </mem>
    <mem type="tenure" free="800864" total="6291456" percent="12">
      <mem type="soa" free="485472" total="5976064" percent="8" />
      <mem type="loa" free="315392" total="315392" percent="100" />
    </mem>
    <remembered-set count="173" />
  </mem-info>
</gc-end>
<cycle-end id="787" type="scavenge" contextid="781" timestamp="2020-09-11T12:40:15.879" />
<allocation-satisfied id="788" threadId="0000000000019A00" bytesRequested="4104" />
<af-end id="789" timestamp="2020-09-11T12:40:15.879" threadId="000000000001A380" success="true" from="nursery"/>
<exclusive-end id="790" timestamp="2020-09-11T12:40:15.879" durationms="0.891" />

<exclusive-start id="791" timestamp="2020-09-11T12:40:15.892" intervalms="14.326">
  <response-info timems="0.190" idlems="0.190" threads="0" lastid="0000000000019A00" lastname="main" />
</exclusive-start>
<af-start id="792" threadId="000000000001A380" totalBytesRequested="11808" timestamp="2020-09-11T12:40:15.892" intervalms="14.347" type="nursery" />
<cycle-start id="793" type="scavenge" contextid="0" timestamp="2020-09-11T12:40:15.892" intervalms="14.350" />
<gc-start id="794" type="scavenge" contextid="793" timestamp="2020-09-11T12:40:15.892">
  <mem-info id="795" free="800864" total="14417920" percent="5">
    <mem type="nursery" free="0" total="8126464" percent="0">
      <mem type="allocate" free="0" total="7274496" percent="0" />
      <mem type="survivor" free="0" total="851968" percent="0" />
    </mem>
    <mem type="tenure" free="800864" total="6291456" percent="12">
      <mem type="soa" free="485472" total="5976064" percent="8" />
      <mem type="loa" free="315392" total="315392" percent="100" />
    </mem>
    <remembered-set count="174" />
  </mem-info>
</gc-start>
<allocation-stats totalBytes="7049656" >
  <allocated-bytes non-tlh="4104" tlh="7045552" />
  <largest-consumer threadName="main" threadId="0000000000019A00" bytes="7049656" />
</allocation-stats>
<gc-op id="796" type="scavenge" timems="0.434" contextid="793" timestamp="2020-09-11T12:40:15.893">
  <scavenger-info tenureage="4" tenuremask="fff0" tiltratio="89" />
  <memory-copied type="nursery" objects="39" bytes="20952" bytesdiscarded="26656" />
  <references type="phantom" candidates="2" cleared="0" enqueued="0" />
</gc-op>
<gc-end id="797" type="scavenge" contextid="793" durationms="0.573" usertimems="0.000" systemtimems="1.228" timestamp="2020-09-11T12:40:15.893" activeThreads="6">
  <mem-info id="798" free="8027744" total="14417920" percent="55">
    <mem type="nursery" free="7226880" total="8126464" percent="88">
      <mem type="allocate" free="7226880" total="7274496" percent="99" />
      <mem type="survivor" free="0" total="851968" percent="0" />
    </mem>
    <mem type="tenure" free="800864" total="6291456" percent="12">
      <mem type="soa" free="485472" total="5976064" percent="8" />
      <mem type="loa" free="315392" total="315392" percent="100" />
    </mem>
    <remembered-set count="173" />
  </mem-info>
</gc-end>
<cycle-end id="799" type="scavenge" contextid="793" timestamp="2020-09-11T12:40:15.893" />
<allocation-satisfied id="800" threadId="0000000000019A00" bytesRequested="11808" />
<af-end id="801" timestamp="2020-09-11T12:40:15.893" threadId="000000000001A380" success="true" from="nursery"/>
<exclusive-end id="802" timestamp="2020-09-11T12:40:15.893" durationms="1.090" />

<exclusive-start id="803" timestamp="2020-09-11T12:40:15.908" intervalms="15.692">
  <response-info timems="0.667" idlems="0.667" threads="0" lastid="0000000000019A00" lastname="main" />
</exclusive-start>
<af-start id="804" threadId="000000000001A380" totalBytesRequested="16472" timestamp="2020-09-11T12:40:15.908" intervalms="15.657" type="nursery" />
<cycle-start id="805" type="scavenge" contextid="0" timestamp="2020-09-11T12:40:15.908" intervalms="15.655" />
<gc-start id="806" type="scavenge" contextid="805" timestamp="2020-09-11T12:40:15.908">
  <mem-info id="807" free="800864" total="14417920" percent="5">
    <mem type="nursery" free="0" total="8126464" percent="0">
      <mem type="allocate" free="0" total="7274496" percent="0" />
      <mem type="survivor" free="0" total="851968" percent="0" />
    </mem>
    <mem type="tenure" free="800864" total="6291456" percent="12">
      <mem type="soa" free="485472" total="5976064" percent="8" />
      <mem type="loa" free="315392" total="315392" percent="100" />
    </mem>
    <remembered-set count="174" />
  </mem-info>
</gc-start>
<allocation-stats totalBytes="6982136" >
  <allocated-bytes non-tlh="11808" tlh="6970328" />
  <largest-consumer threadName="main" threadId="0000000000019A00" bytes="6982136" />
</allocation-stats>
<gc-op id="808" type="scavenge" timems="0.623" contextid="805" timestamp="2020-09-11T12:40:15.909">
  <scavenger-info tenureage="14" tenuremask="4000" tiltratio="89" />
  <memory-copied type="nursery" objects="99" bytes="24000" bytesdiscarded="23608" />
  <references type="phantom" candidates="2" cleared="0" enqueued="0" />
</gc-op>
<gc-end id="809" type="scavenge" contextid="805" durationms="0.781" usertimems="0.000" systemtimems="1.481" timestamp="2020-09-11T12:40:15.909" activeThreads="6">
  <mem-info id="810" free="8027744" total="14417920" percent="55">
    <mem type="nursery" free="7226880" total="8126464" percent="88">
      <mem type="allocate" free="7226880" total="7274496" percent="99" />
      <mem type="survivor" free="0" total="851968" percent="0" />
    </mem>
    <mem type="tenure" free="800864" total="6291456" percent="12">
      <mem type="soa" free="485472" total="5976064" percent="8" />
      <mem type="loa" free="315392" total="315392" percent="100" />
    </mem>
    <remembered-set count="173" />
  </mem-info>
</gc-end>
<cycle-end id="811" type="scavenge" contextid="805" timestamp="2020-09-11T12:40:15.909" />
<allocation-satisfied id="812" threadId="0000000000019A00" bytesRequested="16472" />
<af-end id="813" timestamp="2020-09-11T12:40:15.909" threadId="000000000001A380" success="true" from="nursery"/>
<exclusive-end id="814" timestamp="2020-09-11T12:40:15.909" durationms="1.222" />

<exclusive-start id="815" timestamp="2020-09-11T12:40:15.924" intervalms="16.126">
  <response-info timems="0.132" idlems="0.132" threads="0" lastid="0000000000019A00" lastname="main" />
</exclusive-start>
<af-start id="816" threadId="000000000001A380" totalBytesRequested="4008" timestamp="2020-09-11T12:40:15.924" intervalms="16.169" type="nursery" />
<cycle-start id="817" type="scavenge" contextid="0" timestamp="2020-09-11T12:40:15.924" intervalms="16.171" />
<gc-start id="818" type="scavenge" contextid="817" timestamp="2020-09-11T12:40:15.924">
  <mem-info id="819" free="800864" total="14417920" percent="5">
    <mem type="nursery" free="0" total="8126464" percent="0">
      <mem type="allocate" free="0" total="7274496" percent="0" />
      <mem type="survivor" free="0" total="851968" percent="0" />
    </mem>
    <mem type="tenure" free="800864" total="6291456" percent="12">
      <mem type="soa" free="485472" total="5976064" percent="8" />
      <mem type="loa" free="315392" total="315392" percent="100" />
    </mem>
    <remembered-set count="174" />
  </mem-info>
</gc-start>
<allocation-stats totalBytes="6959992" >
  <allocated-bytes non-tlh="75984" tlh="6884008" />
  <largest-consumer threadName="main" threadId="0000000000019A00" bytes="6959992" />
</allocation-stats>
<gc-op id="820" type="scavenge" timems="0.576" contextid="817" timestamp="2020-09-11T12:40:15.925">
  <scavenger-info tenureage="14" tenuremask="4000" tiltratio="89" />
  <memory-copied type="nursery" objects="108" bytes="14216" bytesdiscarded="33392" />
  <references type="phantom" candidates="2" cleared="0" enqueued="0" />
</gc-op>
<gc-end id="821" type="scavenge" contextid="817" durationms="0.698" usertimems="4.897" systemtimems="0.000" timestamp="2020-09-11T12:40:15.925" activeThreads="6">
  <mem-info id="822" free="8027744" total="14417920" percent="55">
    <mem type="nursery" free="7226880" total="8126464" percent="88">
      <mem type="allocate" free="7226880" total="7274496" percent="99" />
      <mem type="survivor" free="0" total="851968" percent="0" />
    </mem>
    <mem type="tenure" free="800864" total="6291456" percent="12">
      <mem type="soa" free="485472" total="5976064" percent="8" />
      <mem type="loa" free="315392" total="315392" percent="100" />
    </mem>
    <remembered-set count="173" />
  </mem-info>
</gc-end>
<cycle-end id="823" type="scavenge" contextid="817" timestamp="2020-09-11T12:40:15.925" />
<allocation-satisfied id="824" threadId="0000000000019A00" bytesRequested="4008" />
<af-end id="825" timestamp="2020-09-11T12:40:15.925" threadId="000000000001A380" success="true" from="nursery"/>
<exclusive-end id="826" timestamp="2020-09-11T12:40:15.925" durationms="1.172" />

<exclusive-start id="827" timestamp="2020-09-11T12:40:15.941" intervalms="16.910">
  <response-info timems="0.222" idlems="0.222" threads="0" lastid="0000000000019A00" lastname="main" />
</exclusive-start>
<af-start id="828" threadId="000000000001A380" totalBytesRequested="4104" timestamp="2020-09-11T12:40:15.941" intervalms="16.960" type="nursery" />
<cycle-start id="829" type="scavenge" contextid="0" timestamp="2020-09-11T12:40:15.941" intervalms="16.973" />
<gc-start id="830" type="scavenge" contextid="829" timestamp="2020-09-11T12:40:15.941">
  <mem-info id="831" free="800864" total="14417920" percent="5">
    <mem type="nursery" free="0" total="8126464" percent="0">
      <mem type="allocate" free="0" total="7274496" percent="0" />
      <mem type="survivor" free="0" total="851968" percent="0" />
    </mem>
    <mem type="tenure" free="800864" total="6291456" percent="12">
      <mem type="soa" free="485472" total="5976064" percent="8" />
      <mem type="loa" free="315392" total="315392" percent="100" />
    </mem>
    <remembered-set count="174" />
  </mem-info>
</gc-start>
<allocation-stats totalBytes="7060056" >
  <allocated-bytes non-tlh="90224" tlh="6969832" />
  <largest-consumer threadName="main" threadId="0000000000019A00" bytes="7060056" />
</allocation-stats>
<gc-op id="832" type="scavenge" timems="0.534" contextid="829" timestamp="2020-09-11T12:40:15.942">
  <scavenger-info tenureage="3" tenuremask="fff8" tiltratio="89" />
  <memory-copied type="nursery" objects="107" bytes="9568" bytesdiscarded="38040" />
  <references type="phantom" candidates="2" cleared="0" enqueued="0" />
</gc-op>
<gc-end id="833" type="scavenge" contextid="829" durationms="0.690" usertimems="1.510" systemtimems="0.000" timestamp="2020-09-11T12:40:15.942" activeThreads="6">
  <mem-info id="834" free="8027744" total="14417920" percent="55">
    <mem type="nursery" free="7226880" total="8126464" percent="88">
      <mem type="allocate" free="7226880" total="7274496" percent="99" />
      <mem type="survivor" free="0" total="851968" percent="0" />
    </mem>
    <mem type="tenure" free="800864" total="6291456" percent="12">
      <mem type="soa" free="485472" total="5976064" percent="8" />
      <mem type="loa" free="315392" total="315392" percent="100" />
    </mem>
    <remembered-set count="173" />
  </mem-info>
</gc-end>
<cycle-end id="835" type="scavenge" contextid="829" timestamp="2020-09-11T12:40:15.942" />
<allocation-satisfied id="836" threadId="0000000000019A00" bytesRequested="4104" />
<af-end id="837" timestamp="2020-09-11T12:40:15.942" threadId="000000000001A380" success="true" from="nursery"/>
<exclusive-end id="838" timestamp="2020-09-11T12:40:15.942" durationms="1.313" />

<exclusive-start id="839" timestamp="2020-09-11T12:40:15.957" intervalms="16.446">
  <response-info timems="0.237" idlems="0.237" threads="0" lastid="0000000000019A00" lastname="main" />
</exclusive-start>
<af-start id="840" threadId="000000000001A380" totalBytesRequested="840" timestamp="2020-09-11T12:40:15.957" intervalms="16.535" type="nursery" />
<cycle-start id="841" type="scavenge" contextid="0" timestamp="2020-09-11T12:40:15.958" intervalms="16.559" />
<gc-start id="842" type="scavenge" contextid="841" timestamp="2020-09-11T12:40:15.958">
  <mem-info id="843" free="800864" total="14417920" percent="5">
    <mem type="nursery" free="0" total="8126464" percent="0">
      <mem type="allocate" free="0" total="7274496" percent="0" />
      <mem type="survivor" free="0" total="851968" percent="0" />
    </mem>
    <mem type="tenure" free="800864" total="6291456" percent="12">
      <mem type="soa" free="485472" total="5976064" percent="8" />
      <mem type="loa" free="315392" total="315392" percent="100" />
    </mem>
    <remembered-set count="174" />
  </mem-info>
</gc-start>
<allocation-stats totalBytes="6986864" >
  <allocated-bytes non-tlh="4104" tlh="6982760" />
  <largest-consumer threadName="main" threadId="0000000000019A00" bytes="6986864" />
</allocation-stats>
<gc-op id="844" type="scavenge" timems="0.722" contextid="841" timestamp="2020-09-11T12:40:15.958">
  <scavenger-info tenureage="3" tenuremask="fff8" tiltratio="89" />
  <memory-copied type="nursery" objects="110" bytes="11448" bytesdiscarded="36160" />
  <references type="phantom" candidates="2" cleared="0" enqueued="0" />
</gc-op>
<gc-end id="845" type="scavenge" contextid="841" durationms="0.868" usertimems="1.477" systemtimems="0.188" timestamp="2020-09-11T12:40:15.959" activeThreads="6">
  <mem-info id="846" free="8027744" total="14417920" percent="55">
    <mem type="nursery" free="7226880" total="8126464" percent="88">
      <mem type="allocate" free="7226880" total="7274496" percent="99" />
      <mem type="survivor" free="0" total="851968" percent="0" />
    </mem>
    <mem type="tenure" free="800864" total="6291456" percent="12">
      <mem type="soa" free="485472" total="5976064" percent="8" />
      <mem type="loa" free="315392" total="315392" percent="100" />
    </mem>
    <remembered-set count="173" />
  </mem-info>
</gc-end>
<cycle-end id="847" type="scavenge" contextid="841" timestamp="2020-09-11T12:40:15.959" />
<allocation-satisfied id="848" threadId="0000000000019A00" bytesRequested="840" />
<af-end id="849" timestamp="2020-09-11T12:40:15.959" threadId="000000000001A380" success="true" from="nursery"/>
<exclusive-end id="850" timestamp="2020-09-11T12:40:15.959" durationms="1.759" />

<exclusive-start id="851" timestamp="2020-09-11T12:40:16.041" intervalms="83.651">
  <response-info timems="0.100" idlems="0.100" threads="0" lastid="0000000000019A00" lastname="main" />
</exclusive-start>
<af-start id="852" threadId="000000000001A380" totalBytesRequested="48" timestamp="2020-09-11T12:40:16.041" intervalms="83.594" type="nursery" />
<cycle-start id="853" type="scavenge" contextid="0" timestamp="2020-09-11T12:40:16.041" intervalms="83.604" />
<gc-start id="854" type="scavenge" contextid="853" timestamp="2020-09-11T12:40:16.041">
  <mem-info id="855" free="784976" total="14417920" percent="5">
    <mem type="nursery" free="0" total="8126464" percent="0">
      <mem type="allocate" free="0" total="7274496" percent="0" />
      <mem type="survivor" free="0" total="851968" percent="0" />
    </mem>
    <mem type="tenure" free="784976" total="6291456" percent="12">
      <mem type="soa" free="469584" total="5976064" percent="7" />
      <mem type="loa" free="315392" total="315392" percent="100" />
    </mem>
    <remembered-set count="809" />
  </mem-info>
</gc-start>
<allocation-stats totalBytes="7235128" >
  <allocated-bytes non-tlh="16728" tlh="7218400" />
  <largest-consumer threadName="main" threadId="0000000000019A00" bytes="7235128" />
</allocation-stats>
<gc-op id="856" type="scavenge" timems="1.850" contextid="853" timestamp="2020-09-11T12:40:16.043">
  <scavenger-info tenureage="3" tenuremask="fff8" tiltratio="89" />
  <memory-copied type="nursery" objects="2261" bytes="69208" bytesdiscarded="49784" />
  <references type="soft" candidates="79" cleared="0" enqueued="0" dynamicThreshold="32" maxThreshold="32" />
  <references type="weak" candidates="64" cleared="31" enqueued="25" />
</gc-op>
<gc-end id="857" type="scavenge" contextid="853" durationms="1.997" usertimems="3.272" systemtimems="0.416" timestamp="2020-09-11T12:40:16.043" activeThreads="6">
  <mem-info id="858" free="7940432" total="14417920" percent="55">
    <mem type="nursery" free="7155456" total="8126464" percent="88">
      <mem type="allocate" free="7155456" total="7274496" percent="98" />
      <mem type="survivor" free="0" total="851968" percent="0" />
    </mem>
    <mem type="tenure" free="784976" total="6291456" percent="12">
      <mem type="soa" free="469584" total="5976064" percent="7" />
      <mem type="loa" free="315392" total="315392" percent="100" />
    </mem>
    <pending-finalizers system="0" default="0" reference="25" classloader="0" />
    <remembered-set count="783" />
  </mem-info>
</gc-end>
<cycle-end id="859" type="scavenge" contextid="853" timestamp="2020-09-11T12:40:16.043" />
<allocation-satisfied id="860" threadId="0000000000019A00" bytesRequested="48" />
<af-end id="861" timestamp="2020-09-11T12:40:16.044" threadId="000000000001A380" success="true" from="nursery"/>
<exclusive-end id="862" timestamp="2020-09-11T12:40:16.044" durationms="2.668" />

<exclusive-start id="863" timestamp="2020-09-11T12:40:16.204" intervalms="163.220">
  <response-info timems="0.088" idlems="0.088" threads="0" lastid="0000000000019A00" lastname="main" />
</exclusive-start>
<af-start id="864" threadId="000000000001A380" totalBytesRequested="1032" timestamp="2020-09-11T12:40:16.204" intervalms="163.171" type="nursery" />
<cycle-start id="865" type="scavenge" contextid="0" timestamp="2020-09-11T12:40:16.204" intervalms="163.133" />
<gc-start id="866" type="scavenge" contextid="865" timestamp="2020-09-11T12:40:16.204">
  <mem-info id="867" free="734984" total="14417920" percent="5">
    <mem type="nursery" free="0" total="8126464" percent="0">
      <mem type="allocate" free="0" total="7274496" percent="0" />
      <mem type="survivor" free="0" total="851968" percent="0" />
    </mem>
    <mem type="tenure" free="734984" total="6291456" percent="11">
      <mem type="soa" free="419592" total="5976064" percent="7" />
      <mem type="loa" free="315392" total="315392" percent="100" />
    </mem>
    <remembered-set count="2308" />
  </mem-info>
</gc-start>
<allocation-stats totalBytes="7192752" >
  <allocated-bytes non-tlh="50040" tlh="7142712" />
  <largest-consumer threadName="main" threadId="0000000000019A00" bytes="7188656" />
</allocation-stats>
<gc-op id="868" type="scavenge" timems="3.916" contextid="865" timestamp="2020-09-11T12:40:16.208">
  <scavenger-info tenureage="12" tenuremask="f000" tiltratio="89" />
  <memory-copied type="nursery" objects="6689" bytes="222528" bytesdiscarded="39184" />
  <references type="soft" candidates="105" cleared="0" enqueued="0" dynamicThreshold="32" maxThreshold="32" />
  <references type="weak" candidates="457" cleared="409" enqueued="409" />
  <references type="phantom" candidates="5" cleared="2" enqueued="2" />
</gc-op>
<gc-end id="869" type="scavenge" contextid="865" durationms="4.151" usertimems="6.318" systemtimems="0.267" timestamp="2020-09-11T12:40:16.209" activeThreads="6">
  <mem-info id="870" free="7747592" total="14417920" percent="53">
    <mem type="nursery" free="7012608" total="8126464" percent="86">
      <mem type="allocate" free="7012608" total="7274496" percent="96" />
      <mem type="survivor" free="0" total="851968" percent="0" />
    </mem>
    <mem type="tenure" free="734984" total="6291456" percent="11">
      <mem type="soa" free="419592" total="5976064" percent="7" />
      <mem type="loa" free="315392" total="315392" percent="100" />
    </mem>
    <pending-finalizers system="0" default="0" reference="411" classloader="0" />
    <remembered-set count="2288" />
  </mem-info>
</gc-end>
<cycle-end id="871" type="scavenge" contextid="865" timestamp="2020-09-11T12:40:16.209" />
<allocation-satisfied id="872" threadId="0000000000019A00" bytesRequested="1032" />
<af-end id="873" timestamp="2020-09-11T12:40:16.209" threadId="000000000001A380" success="true" from="nursery"/>
<exclusive-end id="874" timestamp="2020-09-11T12:40:16.209" durationms="4.784" />

<exclusive-start id="875" timestamp="2020-09-11T12:40:16.478" intervalms="273.425">
  <response-info timems="0.130" idlems="0.130" threads="0" lastid="0000000000019A00" lastname="main" />
</exclusive-start>
<af-start id="876" threadId="000000000001A380" totalBytesRequested="6888" timestamp="2020-09-11T12:40:16.478" intervalms="273.450" type="nursery" />
<cycle-start id="877" type="scavenge" contextid="0" timestamp="2020-09-11T12:40:16.478" intervalms="273.447" />
<gc-start id="878" type="scavenge" contextid="877" timestamp="2020-09-11T12:40:16.478">
  <mem-info id="879" free="661544" total="14417920" percent="4">
    <mem type="nursery" free="0" total="8126464" percent="0">
      <mem type="allocate" free="0" total="7274496" percent="0" />
      <mem type="survivor" free="0" total="851968" percent="0" />
    </mem>
    <mem type="tenure" free="661544" total="6291456" percent="10">
      <mem type="soa" free="346152" total="5976064" percent="5" />
      <mem type="loa" free="315392" total="315392" percent="100" />
    </mem>
    <remembered-set count="3336" />
  </mem-info>
</gc-start>
<allocation-stats totalBytes="7064024" >
  <allocated-bytes non-tlh="74472" tlh="6989552" />
  <largest-consumer threadName="main" threadId="0000000000019A00" bytes="7059928" />
</allocation-stats>
<gc-op id="880" type="scavenge" timems="5.357" contextid="877" timestamp="2020-09-11T12:40:16.483">
  <scavenger-info tenureage="3" tenuremask="fff8" tiltratio="89" />
  <memory-copied type="nursery" objects="22962" bytes="783888" bytesdiscarded="67336" />
  <memory-copied type="tenure" objects="1226" bytes="39424" bytesdiscarded="40" />
  <copy-failed type="nursery" objects="1226" bytes="39448" />
  <references type="soft" candidates="1393" cleared="0" enqueued="0" dynamicThreshold="32" maxThreshold="32" />
  <references type="weak" candidates="480" cleared="406" enqueued="402" />
  <references type="phantom" candidates="2" cleared="0" enqueued="0" />
</gc-op>
<gc-end id="881" type="scavenge" contextid="877" durationms="5.591" usertimems="12.962" systemtimems="0.681" timestamp="2020-09-11T12:40:16.483" activeThreads="6">
  <mem-info id="882" free="6273832" total="14417920" percent="43">
    <mem type="nursery" free="5636096" total="8126464" percent="69">
      <mem type="allocate" free="5636096" total="6488064" percent="86" />
      <mem type="survivor" free="0" total="1638400" percent="0" />
    </mem>
    <mem type="tenure" free="637736" total="6291456" percent="10">
      <mem type="soa" free="322344" total="5976064" percent="5" />
      <mem type="loa" free="315392" total="315392" percent="100" />
    </mem>
    <pending-finalizers system="0" default="0" reference="402" classloader="0" />
    <remembered-set count="3465" />
  </mem-info>
</gc-end>
<cycle-end id="883" type="scavenge" contextid="877" timestamp="2020-09-11T12:40:16.484" />
<allocation-satisfied id="884" threadId="0000000000019A00" bytesRequested="6888" />
<af-end id="885" timestamp="2020-09-11T12:40:16.484" threadId="000000000001A380" success="true" from="nursery"/>
<exclusive-end id="886" timestamp="2020-09-11T12:40:16.484" durationms="6.543" />

<exclusive-start id="887" timestamp="2020-09-11T12:40:16.512" intervalms="33.994">
  <response-info timems="0.199" idlems="0.199" threads="0" lastid="0000000000019A00" lastname="main" />
</exclusive-start>
<af-start id="888" threadId="000000000001A380" totalBytesRequested="8792" timestamp="2020-09-11T12:40:16.512" intervalms="34.035" type="nursery" />
<cycle-start id="889" type="scavenge" contextid="0" timestamp="2020-09-11T12:40:16.512" intervalms="34.071" />
<gc-start id="890" type="scavenge" contextid="889" timestamp="2020-09-11T12:40:16.512">
  <mem-info id="891" free="637736" total="14417920" percent="4">
    <mem type="nursery" free="0" total="8126464" percent="0">
      <mem type="allocate" free="0" total="6488064" percent="0" />
      <mem type="survivor" free="0" total="1638400" percent="0" />
    </mem>
    <mem type="tenure" free="637736" total="6291456" percent="10">
      <mem type="soa" free="322344" total="5976064" percent="5" />
      <mem type="loa" free="315392" total="315392" percent="100" />
    </mem>
    <remembered-set count="3467" />
  </mem-info>
</gc-start>
<allocation-stats totalBytes="5516368" >
  <allocated-bytes non-tlh="6888" tlh="5509480" />
  <largest-consumer threadName="main" threadId="0000000000019A00" bytes="5512272" />
</allocation-stats>
<gc-op id="892" type="scavenge" timems="4.500" contextid="889" timestamp="2020-09-11T12:40:16.517">
  <scavenger-info tenureage="3" tenuremask="fff8" tiltratio="79" />
  <memory-copied type="nursery" objects="19663" bytes="681584" bytesdiscarded="85048" />
  <memory-copied type="tenure" objects="2062" bytes="62912" bytesdiscarded="72" />
  <references type="soft" candidates="1314" cleared="0" enqueued="0" dynamicThreshold="32" maxThreshold="32" />
  <references type="weak" candidates="41" cleared="0" enqueued="0" />
  <references type="phantom" candidates="2" cleared="0" enqueued="0" />
</gc-op>
<heap-resize id="893" type="expand" space="nursery" amount="786432" count="1" timems="0.053" reason="excessive time being spent scavenging" timestamp="2020-09-11T12:40:16.517" />
<gc-end id="894" type="scavenge" contextid="889" durationms="4.915" usertimems="8.495" systemtimems="4.088" timestamp="2020-09-11T12:40:16.517" activeThreads="6">
  <mem-info id="895" free="7031848" total="15204352" percent="46">
    <mem type="nursery" free="6441728" total="8912896" percent="72">
      <mem type="allocate" free="6441728" total="7208960" percent="89" />
      <mem type="survivor" free="0" total="1703936" percent="0" />
    </mem>
    <mem type="tenure" free="590120" total="6291456" percent="9">
      <mem type="soa" free="274728" total="5976064" percent="4" />
      <mem type="loa" free="315392" total="315392" percent="100" />
    </mem>
    <remembered-set count="2749" />
  </mem-info>
</gc-end>
<cycle-end id="896" type="scavenge" contextid="889" timestamp="2020-09-11T12:40:16.518" />
<allocation-satisfied id="897" threadId="0000000000019A00" bytesRequested="8792" />
<af-end id="898" timestamp="2020-09-11T12:40:16.518" threadId="000000000001A380" success="true" from="nursery"/>
<exclusive-end id="899" timestamp="2020-09-11T12:40:16.518" durationms="6.314" />

<exclusive-start id="900" timestamp="2020-09-11T12:40:16.536" intervalms="24.581">
  <response-info timems="0.240" idlems="0.240" threads="0" lastid="0000000000019A00" lastname="main" />
</exclusive-start>
<af-start id="901" threadId="000000000001A380" totalBytesRequested="669192" timestamp="2020-09-11T12:40:16.536" intervalms="24.597" type="nursery" />
<cycle-start id="902" type="scavenge" contextid="0" timestamp="2020-09-11T12:40:16.536" intervalms="24.636" />
<gc-start id="903" type="scavenge" contextid="902" timestamp="2020-09-11T12:40:16.537">
  <mem-info id="904" free="664184" total="15204352" percent="4">
    <mem type="nursery" free="74064" total="8912896" percent="0">
      <mem type="allocate" free="74064" total="7208960" percent="1" />
      <mem type="survivor" free="0" total="1703936" percent="0" />
    </mem>
    <mem type="tenure" free="590120" total="6291456" percent="9">
      <mem type="soa" free="274728" total="5976064" percent="4" />
      <mem type="loa" free="315392" total="315392" percent="100" />
    </mem>
    <remembered-set count="2750" />
  </mem-info>
</gc-start>
<allocation-stats totalBytes="6299176" >
  <allocated-bytes non-tlh="904200" tlh="5394976" />
  <largest-consumer threadName="main" threadId="0000000000019A00" bytes="6299176" />
</allocation-stats>
<gc-op id="905" type="scavenge" timems="5.221" contextid="902" timestamp="2020-09-11T12:40:16.542">
  <scavenger-info tenureage="3" tenuremask="ffe8" tiltratio="80" />
  <memory-copied type="nursery" objects="16452" bytes="917040" bytesdiscarded="136200" />
  <memory-copied type="tenure" objects="3213" bytes="90520" bytesdiscarded="48" />
  <references type="soft" candidates="1288" cleared="0" enqueued="0" dynamicThreshold="32" maxThreshold="32" />
  <references type="weak" candidates="29" cleared="0" enqueued="0" />
</gc-op>
<heap-resize id="906" type="expand" space="nursery" amount="1048576" count="1" timems="0.073" reason="excessive time being spent scavenging" timestamp="2020-09-11T12:40:16.542" />
<gc-end id="907" type="scavenge" contextid="902" durationms="5.689" usertimems="12.354" systemtimems="1.001" timestamp="2020-09-11T12:40:16.542" activeThreads="7">
  <mem-info id="908" free="7799064" total="16252928" percent="47">
    <mem type="nursery" free="7334896" total="9961472" percent="73">
      <mem type="allocate" free="7334896" total="8388608" percent="87" />
      <mem type="survivor" free="0" total="1572864" percent="0" />
    </mem>
    <mem type="tenure" free="464168" total="6291456" percent="7">
      <mem type="soa" free="148776" total="5976064" percent="2" />
      <mem type="loa" free="315392" total="315392" percent="100" />
    </mem>
    <remembered-set count="955" />
  </mem-info>
</gc-end>
<cycle-end id="909" type="scavenge" contextid="902" timestamp="2020-09-11T12:40:16.543" />
<allocation-satisfied id="910" threadId="0000000000019A00" bytesRequested="669192" />
<af-end id="911" timestamp="2020-09-11T12:40:16.543" threadId="000000000001A380" success="true" from="nursery"/>
<exclusive-end id="912" timestamp="2020-09-11T12:40:16.543" durationms="6.924" />

<exclusive-start id="913" timestamp="2020-09-11T12:40:16.561" intervalms="24.467">
  <response-info timems="0.264" idlems="0.264" threads="0" lastid="0000000000019A00" lastname="main" />
</exclusive-start>
<af-start id="914" threadId="000000000001A380" totalBytesRequested="3864" timestamp="2020-09-11T12:40:16.561" intervalms="24.427" type="nursery" />
<cycle-start id="915" type="scavenge" contextid="0" timestamp="2020-09-11T12:40:16.561" intervalms="24.366" />
<gc-start id="916" type="scavenge" contextid="915" timestamp="2020-09-11T12:40:16.561">
  <mem-info id="917" free="464168" total="16252928" percent="2">
    <mem type="nursery" free="0" total="9961472" percent="0">
      <mem type="allocate" free="0" total="8388608" percent="0" />
      <mem type="survivor" free="0" total="1572864" percent="0" />
    </mem>
    <mem type="tenure" free="464168" total="6291456" percent="7">
      <mem type="soa" free="148776" total="5976064" percent="2" />
      <mem type="loa" free="315392" total="315392" percent="100" />
    </mem>
    <remembered-set count="965" />
  </mem-info>
</gc-start>
<allocation-stats totalBytes="7242928" >
  <allocated-bytes non-tlh="1547528" tlh="5695400" />
  <largest-consumer threadName="main" threadId="0000000000019A00" bytes="7242928" />
</allocation-stats>
<gc-op id="918" type="scavenge" timems="5.211" contextid="915" timestamp="2020-09-11T12:40:16.566">
  <scavenger-info tenureage="3" tenuremask="ffe8" tiltratio="84" />
  <memory-copied type="nursery" objects="211" bytes="37152" bytesdiscarded="41672" />
  <memory-copied type="tenure" objects="16444" bytes="570240" bytesdiscarded="976" />
  <references type="soft" candidates="1" cleared="0" enqueued="0" dynamicThreshold="32" maxThreshold="32" />
  <references type="phantom" candidates="4" cleared="0" enqueued="0" />
  <heap-resize type="expand" space="tenure" amount="393216" count="6" timems="0.254" reason="continue current collection" />
</gc-op>
<heap-resize id="919" type="expand" space="nursery" amount="1179648" count="1" timems="0.036" reason="excessive time being spent scavenging" timestamp="2020-09-11T12:40:16.566" />
<gc-end id="920" type="scavenge" contextid="915" durationms="5.646" usertimems="14.396" systemtimems="0.841" timestamp="2020-09-11T12:40:16.567" activeThreads="7">
  <mem-info id="921" free="9889800" total="17825792" percent="55">
    <mem type="nursery" free="9554952" total="11141120" percent="85">
      <mem type="allocate" free="9554952" total="9633792" percent="99" />
      <mem type="survivor" free="0" total="1507328" percent="0" />
    </mem>
    <mem type="tenure" free="334848" total="6684672" percent="5">
      <mem type="soa" free="0" total="6349824" percent="0" />
      <mem type="loa" free="334848" total="334848" percent="100" />
    </mem>
    <remembered-set count="166" />
  </mem-info>
</gc-end>
<cycle-end id="922" type="scavenge" contextid="915" timestamp="2020-09-11T12:40:16.567" />
<allocation-satisfied id="923" threadId="0000000000019A00" bytesRequested="3864" />
<af-end id="924" timestamp="2020-09-11T12:40:16.567" threadId="000000000001A380" success="true" from="nursery"/>
<exclusive-end id="925" timestamp="2020-09-11T12:40:16.567" durationms="6.506" />

<exclusive-start id="926" timestamp="2020-09-11T12:40:16.590" intervalms="29.769">
  <response-info timems="0.246" idlems="0.246" threads="0" lastid="0000000000019A00" lastname="main" />
</exclusive-start>
<af-start id="927" threadId="000000000001A380" totalBytesRequested="2096" timestamp="2020-09-11T12:40:16.591" intervalms="29.762" type="nursery" />
<percolate-collect id="928" from="nursery" to="global" reason="prevent tenure expand" timestamp="2020-09-11T12:40:16.591"/>
<cycle-start id="929" type="global" contextid="0" timestamp="2020-09-11T12:40:16.591" intervalms="1599853216591.074" />
<gc-start id="930" type="global" contextid="929" timestamp="2020-09-11T12:40:16.591">
  <mem-info id="931" free="334848" total="17825792" percent="1">
    <mem type="nursery" free="0" total="11141120" percent="0">
      <mem type="allocate" free="0" total="9633792" percent="0" />
      <mem type="survivor" free="0" total="1507328" percent="0" />
    </mem>
    <mem type="tenure" free="334848" total="6684672" percent="5">
      <mem type="soa" free="0" total="6349824" percent="0" />
      <mem type="loa" free="334848" total="334848" percent="100" />
    </mem>
    <remembered-set count="167" />
  </mem-info>
</gc-start>
<allocation-stats totalBytes="9332592" >
  <allocated-bytes non-tlh="3864" tlh="9328728" />
  <largest-consumer threadName="main" threadId="0000000000019A00" bytes="9332592" />
</allocation-stats>
<gc-op id="932" type="mark" timems="9.362" contextid="929" timestamp="2020-09-11T12:40:16.600">
  <trace-info objectcount="97174" scancount="80368" scanbytes="2610064" />
  <finalization candidates="73" enqueued="0" />
  <ownableSynchronizers candidates="11" cleared="0" />
  <references type="soft" candidates="4071" cleared="0" enqueued="0" dynamicThreshold="32" maxThreshold="32" />
  <references type="weak" candidates="2029" cleared="85" enqueued="43" />
  <references type="phantom" candidates="102" cleared="0" enqueued="0" />
  <stringconstants candidates="8839" cleared="60"  />
</gc-op>
<gc-op id="933" type="classunload" timems="0.035" contextid="929" timestamp="2020-09-11T12:40:16.600">
  <classunload-info classloadercandidates="23" classloadersunloaded="0" classesunloaded="0" anonymousclassesunloaded="0" quiescems="0.000" setupms="0.033" scanms="0.001" postms="0.001" />
</gc-op>
<gc-op id="934" type="sweep" timems="2.390" contextid="929" timestamp="2020-09-11T12:40:16.603" />
<heap-resize id="935" type="expand" space="tenure" amount="1048576" count="1" timems="0.055" reason="insufficient free space following gc" timestamp="2020-09-11T12:40:16.603" />
<gc-end id="936" type="global" contextid="929" durationms="12.245" usertimems="37.745" systemtimems="1.773" timestamp="2020-09-11T12:40:16.603" activeThreads="8">
  <mem-info id="937" free="12553568" total="18874368" percent="66">
    <mem type="nursery" free="9600632" total="11141120" percent="86">
      <mem type="allocate" free="9600632" total="9633792" percent="99" />
      <mem type="survivor" free="0" total="1507328" percent="0" />
    </mem>
    <mem type="tenure" free="2952936" total="7733248" percent="38" micro-fragmented="35865" macro-fragmented="0">
      <mem type="soa" free="2565864" total="7346176" percent="34" />
      <mem type="loa" free="387072" total="387072" percent="100" />
    </mem>
    <pending-finalizers system="0" default="0" reference="43" classloader="0" />
    <remembered-set count="164" />
  </mem-info>
</gc-end>
<cycle-end id="938" type="global" contextid="929" timestamp="2020-09-11T12:40:16.603" />
<allocation-satisfied id="939" threadId="0000000000019A00" bytesRequested="2096" />
<af-end id="940" timestamp="2020-09-11T12:40:16.603" threadId="000000000001A380" success="true" from="nursery"/>
<exclusive-end id="941" timestamp="2020-09-11T12:40:16.603" durationms="12.827" />

<exclusive-start id="942" timestamp="2020-09-11T12:40:16.625" intervalms="34.413">
  <response-info timems="0.175" idlems="0.175" threads="0" lastid="0000000000019A00" lastname="main" />
</exclusive-start>
<af-start id="943" threadId="000000000001A380" totalBytesRequested="4104" timestamp="2020-09-11T12:40:16.625" intervalms="34.381" type="nursery" />
<cycle-start id="944" type="scavenge" contextid="0" timestamp="2020-09-11T12:40:16.625" intervalms="64.138" />
<gc-start id="945" type="scavenge" contextid="944" timestamp="2020-09-11T12:40:16.625">
  <mem-info id="946" free="2952936" total="18874368" percent="15">
    <mem type="nursery" free="0" total="11141120" percent="0">
      <mem type="allocate" free="0" total="9633792" percent="0" />
      <mem type="survivor" free="0" total="1507328" percent="0" />
    </mem>
    <mem type="tenure" free="2952936" total="7733248" percent="38">
      <mem type="soa" free="2565864" total="7346176" percent="34" />
      <mem type="loa" free="387072" total="387072" percent="100" />
    </mem>
    <remembered-set count="211" />
  </mem-info>
</gc-start>
<allocation-stats totalBytes="9386136" >
  <allocated-bytes non-tlh="31344" tlh="9354792" />
  <largest-consumer threadName="main" threadId="0000000000019A00" bytes="9382040" />
</allocation-stats>
<gc-op id="947" type="scavenge" timems="1.092" contextid="944" timestamp="2020-09-11T12:40:16.626">
  <scavenger-info tenureage="3" tenuremask="ffe8" tiltratio="86" />
  <memory-copied type="nursery" objects="237" bytes="35960" bytesdiscarded="21648" />
  <memory-copied type="tenure" objects="1" bytes="520" bytesdiscarded="0" />
  <ownableSynchronizers candidates="22" cleared="22" />
  <references type="soft" candidates="1" cleared="0" enqueued="0" dynamicThreshold="12" maxThreshold="32" />
  <references type="phantom" candidates="4" cleared="0" enqueued="0" />
</gc-op>
<gc-end id="948" type="scavenge" contextid="944" durationms="1.240" usertimems="2.036" systemtimems="0.245" timestamp="2020-09-11T12:40:16.626" activeThreads="8">
  <mem-info id="949" free="12919368" total="18874368" percent="68">
    <mem type="nursery" free="9969384" total="11141120" percent="89">
      <mem type="allocate" free="9969384" total="10027008" percent="99" />
      <mem type="survivor" free="0" total="1114112" percent="0" />
    </mem>
    <mem type="tenure" free="2949984" total="7733248" percent="38">
      <mem type="soa" free="2562912" total="7346176" percent="34" />
      <mem type="loa" free="387072" total="387072" percent="100" />
    </mem>
    <remembered-set count="206" />
  </mem-info>
</gc-end>
<cycle-end id="950" type="scavenge" contextid="944" timestamp="2020-09-11T12:40:16.627" />
<allocation-satisfied id="951" threadId="0000000000019A00" bytesRequested="4104" />
<af-end id="952" timestamp="2020-09-11T12:40:16.627" threadId="000000000001A380" success="true" from="nursery"/>
<exclusive-end id="953" timestamp="2020-09-11T12:40:16.627" durationms="1.926" />

<exclusive-start id="954" timestamp="2020-09-11T12:40:16.650" intervalms="25.409">
  <response-info timems="0.181" idlems="0.181" threads="0" lastid="0000000000019A00" lastname="main" />
</exclusive-start>
<af-start id="955" threadId="000000000001A380" totalBytesRequested="4104" timestamp="2020-09-11T12:40:16.650" intervalms="25.400" type="nursery" />
<cycle-start id="956" type="scavenge" contextid="0" timestamp="2020-09-11T12:40:16.650" intervalms="25.393" />
<gc-start id="957" type="scavenge" contextid="956" timestamp="2020-09-11T12:40:16.650">
  <mem-info id="958" free="2949984" total="18874368" percent="15">
    <mem type="nursery" free="0" total="11141120" percent="0">
      <mem type="allocate" free="0" total="10027008" percent="0" />
      <mem type="survivor" free="0" total="1114112" percent="0" />
    </mem>
    <mem type="tenure" free="2949984" total="7733248" percent="38">
      <mem type="soa" free="2562912" total="7346176" percent="34" />
      <mem type="loa" free="387072" total="387072" percent="100" />
    </mem>
    <remembered-set count="207" />
  </mem-info>
</gc-start>
<allocation-stats totalBytes="9825728" >
  <allocated-bytes non-tlh="77328" tlh="9748400" />
  <largest-consumer threadName="main" threadId="0000000000019A00" bytes="9825728" />
</allocation-stats>
<gc-op id="959" type="scavenge" timems="1.214" contextid="956" timestamp="2020-09-11T12:40:16.652">
  <scavenger-info tenureage="3" tenuremask="ffe8" tiltratio="90" />
  <memory-copied type="nursery" objects="223" bytes="15776" bytesdiscarded="31824" />
  <memory-copied type="tenure" objects="1" bytes="7416" bytesdiscarded="0" />
  <references type="soft" candidates="1" cleared="0" enqueued="0" dynamicThreshold="12" maxThreshold="32" />
  <references type="phantom" candidates="4" cleared="0" enqueued="0" />
</gc-op>
<gc-end id="960" type="scavenge" contextid="956" durationms="1.365" usertimems="2.151" systemtimems="0.259" timestamp="2020-09-11T12:40:16.652" activeThreads="8">
  <mem-info id="961" free="12921960" total="18874368" percent="68">
    <mem type="nursery" free="9979392" total="11141120" percent="89">
      <mem type="allocate" free="9979392" total="10027008" percent="99" />
      <mem type="survivor" free="0" total="1114112" percent="0" />
    </mem>
    <mem type="tenure" free="2942568" total="7733248" percent="38">
      <mem type="soa" free="2555496" total="7346176" percent="34" />
      <mem type="loa" free="387072" total="387072" percent="100" />
    </mem>
    <remembered-set count="205" />
  </mem-info>
</gc-end>
<cycle-end id="962" type="scavenge" contextid="956" timestamp="2020-09-11T12:40:16.652" />
<allocation-satisfied id="963" threadId="0000000000019A00" bytesRequested="4104" />
<af-end id="964" timestamp="2020-09-11T12:40:16.652" threadId="000000000001A380" success="true" from="nursery"/>
<exclusive-end id="965" timestamp="2020-09-11T12:40:16.652" durationms="1.863" />

<exclusive-start id="966" timestamp="2020-09-11T12:40:16.672" intervalms="22.067">
  <response-info timems="0.181" idlems="0.181" threads="0" lastid="0000000000019A00" lastname="main" />
</exclusive-start>
<af-start id="967" threadId="000000000001A380" totalBytesRequested="14096" timestamp="2020-09-11T12:40:16.672" intervalms="22.089" type="nursery" />
<cycle-start id="968" type="scavenge" contextid="0" timestamp="2020-09-11T12:40:16.672" intervalms="22.099" />
<gc-start id="969" type="scavenge" contextid="968" timestamp="2020-09-11T12:40:16.673">
  <mem-info id="970" free="2942520" total="18874368" percent="15">
    <mem type="nursery" free="0" total="11141120" percent="0">
      <mem type="allocate" free="0" total="10027008" percent="0" />
      <mem type="survivor" free="0" total="1114112" percent="0" />
    </mem>
    <mem type="tenure" free="2942520" total="7733248" percent="38">
      <mem type="soa" free="2555448" total="7346176" percent="34" />
      <mem type="loa" free="387072" total="387072" percent="100" />
    </mem>
    <remembered-set count="207" />
  </mem-info>
</gc-start>
<allocation-stats totalBytes="9720056" >
  <allocated-bytes non-tlh="96256" tlh="9623800" />
  <largest-consumer threadName="main" threadId="0000000000019A00" bytes="9720056" />
</allocation-stats>
<gc-op id="971" type="scavenge" timems="0.937" contextid="968" timestamp="2020-09-11T12:40:16.674">
  <scavenger-info tenureage="3" tenuremask="ffe8" tiltratio="90" />
  <memory-copied type="nursery" objects="50" bytes="15576" bytesdiscarded="32032" />
  <memory-copied type="tenure" objects="103" bytes="6216" bytesdiscarded="624" />
  <references type="phantom" candidates="2" cleared="0" enqueued="0" />
</gc-op>
<gc-end id="972" type="scavenge" contextid="968" durationms="1.081" usertimems="2.213" systemtimems="0.000" timestamp="2020-09-11T12:40:16.674" activeThreads="8">
  <mem-info id="973" free="12914520" total="18874368" percent="68">
    <mem type="nursery" free="9979392" total="11141120" percent="89">
      <mem type="allocate" free="9979392" total="10027008" percent="99" />
      <mem type="survivor" free="0" total="1114112" percent="0" />
    </mem>
    <mem type="tenure" free="2935128" total="7733248" percent="37">
      <mem type="soa" free="2548056" total="7346176" percent="34" />
      <mem type="loa" free="387072" total="387072" percent="100" />
    </mem>
    <remembered-set count="165" />
  </mem-info>
</gc-end>
<cycle-end id="974" type="scavenge" contextid="968" timestamp="2020-09-11T12:40:16.674" />
<allocation-satisfied id="975" threadId="0000000000019A00" bytesRequested="14096" />
<af-end id="976" timestamp="2020-09-11T12:40:16.674" threadId="000000000001A380" success="true" from="nursery"/>
<exclusive-end id="977" timestamp="2020-09-11T12:40:16.674" durationms="1.666" />

<exclusive-start id="978" timestamp="2020-09-11T12:40:16.694" intervalms="21.301">
  <response-info timems="0.338" idlems="0.338" threads="0" lastid="0000000000019A00" lastname="main" />
</exclusive-start>
<af-start id="979" threadId="000000000001A380" totalBytesRequested="4104" timestamp="2020-09-11T12:40:16.694" intervalms="21.275" type="nursery" />
<cycle-start id="980" type="scavenge" contextid="0" timestamp="2020-09-11T12:40:16.694" intervalms="21.268" />
<gc-start id="981" type="scavenge" contextid="980" timestamp="2020-09-11T12:40:16.694">
  <mem-info id="982" free="2935128" total="18874368" percent="15">
    <mem type="nursery" free="0" total="11141120" percent="0">
      <mem type="allocate" free="0" total="10027008" percent="0" />
      <mem type="survivor" free="0" total="1114112" percent="0" />
    </mem>
    <mem type="tenure" free="2935128" total="7733248" percent="37">
      <mem type="soa" free="2548056" total="7346176" percent="34" />
      <mem type="loa" free="387072" total="387072" percent="100" />
    </mem>
    <remembered-set count="165" />
  </mem-info>
</gc-start>
<allocation-stats totalBytes="9624104" >
  <allocated-bytes non-tlh="438920" tlh="9185184" />
  <largest-consumer threadName="main" threadId="0000000000019A00" bytes="9624104" />
</allocation-stats>
<gc-op id="983" type="scavenge" timems="1.599" contextid="980" timestamp="2020-09-11T12:40:16.695">
  <scavenger-info tenureage="3" tenuremask="ffe8" tiltratio="90" />
  <memory-copied type="nursery" objects="48" bytes="3928" bytesdiscarded="43680" />
  <memory-copied type="tenure" objects="1" bytes="520" bytesdiscarded="0" />
  <references type="phantom" candidates="2" cleared="0" enqueued="0" />
</gc-op>
<heap-resize id="984" type="expand" space="nursery" amount="524288" count="1" timems="0.057" reason="excessive time being spent scavenging" timestamp="2020-09-11T12:40:16.696" />
<gc-end id="985" type="scavenge" contextid="980" durationms="1.879" usertimems="3.630" systemtimems="0.000" timestamp="2020-09-11T12:40:16.696" activeThreads="8">
  <mem-info id="986" free="13373272" total="19398656" percent="68">
    <mem type="nursery" free="10438144" total="11665408" percent="89">
      <mem type="allocate" free="10438144" total="10485760" percent="99" />
      <mem type="survivor" free="0" total="1179648" percent="0" />
    </mem>
    <mem type="tenure" free="2935128" total="7733248" percent="37">
      <mem type="soa" free="2548056" total="7346176" percent="34" />
      <mem type="loa" free="387072" total="387072" percent="100" />
    </mem>
    <remembered-set count="164" />
  </mem-info>
</gc-end>
<cycle-end id="987" type="scavenge" contextid="980" timestamp="2020-09-11T12:40:16.696" />
<allocation-satisfied id="988" threadId="0000000000019A00" bytesRequested="4104" />
<af-end id="989" timestamp="2020-09-11T12:40:16.696" threadId="000000000001A380" success="true" from="nursery"/>
<exclusive-end id="990" timestamp="2020-09-11T12:40:16.696" durationms="2.530" />

<exclusive-start id="991" timestamp="2020-09-11T12:40:16.719" intervalms="25.020">
  <response-info timems="0.178" idlems="0.178" threads="0" lastid="0000000000019A00" lastname="main" />
</exclusive-start>
<af-start id="992" threadId="000000000001A380" totalBytesRequested="4104" timestamp="2020-09-11T12:40:16.719" intervalms="25.024" type="nursery" />
<cycle-start id="993" type="scavenge" contextid="0" timestamp="2020-09-11T12:40:16.719" intervalms="25.022" />
<gc-start id="994" type="scavenge" contextid="993" timestamp="2020-09-11T12:40:16.719">
  <mem-info id="995" free="2935128" total="19398656" percent="15">
    <mem type="nursery" free="0" total="11665408" percent="0">
      <mem type="allocate" free="0" total="10485760" percent="0" />
      <mem type="survivor" free="0" total="1179648" percent="0" />
    </mem>
    <mem type="tenure" free="2935128" total="7733248" percent="37">
      <mem type="soa" free="2548056" total="7346176" percent="34" />
      <mem type="loa" free="387072" total="387072" percent="100" />
    </mem>
    <remembered-set count="165" />
  </mem-info>
</gc-start>
<allocation-stats totalBytes="10235112" >
  <allocated-bytes non-tlh="66744" tlh="10168368" />
  <largest-consumer threadName="main" threadId="0000000000019A00" bytes="10235112" />
</allocation-stats>
<gc-op id="996" type="scavenge" timems="0.743" contextid="993" timestamp="2020-09-11T12:40:16.721">
  <scavenger-info tenureage="3" tenuremask="ffe8" tiltratio="89" />
  <memory-copied type="nursery" objects="39" bytes="3816" bytesdiscarded="43792" />
  <references type="phantom" candidates="2" cleared="0" enqueued="0" />
</gc-op>
<gc-end id="997" type="scavenge" contextid="993" durationms="2.084" usertimems="3.425" systemtimems="0.024" timestamp="2020-09-11T12:40:16.721" activeThreads="8">
  <mem-info id="998" free="13373272" total="19398656" percent="68">
    <mem type="nursery" free="10438144" total="11665408" percent="89">
      <mem type="allocate" free="10438144" total="10485760" percent="99" />
      <mem type="survivor" free="0" total="1179648" percent="0" />
    </mem>
    <mem type="tenure" free="2935128" total="7733248" percent="37">
      <mem type="soa" free="2548056" total="7346176" percent="34" />
      <mem type="loa" free="387072" total="387072" percent="100" />
    </mem>
    <remembered-set count="163" />
  </mem-info>
</gc-end>
<cycle-end id="999" type="scavenge" contextid="993" timestamp="2020-09-11T12:40:16.722" />
<allocation-satisfied id="1000" threadId="0000000000019A00" bytesRequested="4104" />
<af-end id="1001" timestamp="2020-09-11T12:40:16.722" threadId="000000000001A380" success="true" from="nursery"/>
<exclusive-end id="1002" timestamp="2020-09-11T12:40:16.722" durationms="3.251" />

<exclusive-start id="1003" timestamp="2020-09-11T12:40:16.753" intervalms="34.408">
  <response-info timems="0.158" idlems="0.158" threads="0" lastid="0000000000019A00" lastname="main" />
</exclusive-start>
<af-start id="1004" threadId="000000000001A380" totalBytesRequested="4104" timestamp="2020-09-11T12:40:16.753" intervalms="34.463" type="nursery" />
<cycle-start id="1005" type="scavenge" contextid="0" timestamp="2020-09-11T12:40:16.753" intervalms="34.471" />
<gc-start id="1006" type="scavenge" contextid="1005" timestamp="2020-09-11T12:40:16.753">
  <mem-info id="1007" free="2935128" total="19398656" percent="15">
    <mem type="nursery" free="0" total="11665408" percent="0">
      <mem type="allocate" free="0" total="10485760" percent="0" />
      <mem type="survivor" free="0" total="1179648" percent="0" />
    </mem>
    <mem type="tenure" free="2935128" total="7733248" percent="37">
      <mem type="soa" free="2548056" total="7346176" percent="34" />
      <mem type="loa" free="387072" total="387072" percent="100" />
    </mem>
    <remembered-set count="164" />
  </mem-info>
</gc-start>
<allocation-stats totalBytes="10165816" >
  <allocated-bytes non-tlh="4104" tlh="10161712" />
  <largest-consumer threadName="main" threadId="0000000000019A00" bytes="10165816" />
</allocation-stats>
<gc-op id="1008" type="scavenge" timems="1.081" contextid="1005" timestamp="2020-09-11T12:40:16.754">
  <scavenger-info tenureage="4" tenuremask="fff0" tiltratio="89" />
  <memory-copied type="nursery" objects="118" bytes="11488" bytesdiscarded="36112" />
  <references type="phantom" candidates="2" cleared="0" enqueued="0" />
</gc-op>
<gc-end id="1009" type="scavenge" contextid="1005" durationms="1.228" usertimems="2.449" systemtimems="0.295" timestamp="2020-09-11T12:40:16.755" activeThreads="8">
  <mem-info id="1010" free="13373272" total="19398656" percent="68">
    <mem type="nursery" free="10438144" total="11665408" percent="89">
      <mem type="allocate" free="10438144" total="10485760" percent="99" />
      <mem type="survivor" free="0" total="1179648" percent="0" />
    </mem>
    <mem type="tenure" free="2935128" total="7733248" percent="37">
      <mem type="soa" free="2548056" total="7346176" percent="34" />
      <mem type="loa" free="387072" total="387072" percent="100" />
    </mem>
    <remembered-set count="163" />
  </mem-info>
</gc-end>
<cycle-end id="1011" type="scavenge" contextid="1005" timestamp="2020-09-11T12:40:16.755" />
<allocation-satisfied id="1012" threadId="0000000000019A00" bytesRequested="4104" />
<af-end id="1013" timestamp="2020-09-11T12:40:16.755" threadId="000000000001A380" success="true" from="nursery"/>
<exclusive-end id="1014" timestamp="2020-09-11T12:40:16.755" durationms="1.977" />

<exclusive-start id="1015" timestamp="2020-09-11T12:40:16.779" intervalms="25.680">
  <response-info timems="0.160" idlems="0.160" threads="0" lastid="0000000000019A00" lastname="main" />
</exclusive-start>
<af-start id="1016" threadId="000000000001A380" totalBytesRequested="4104" timestamp="2020-09-11T12:40:16.779" intervalms="25.620" type="nursery" />
<cycle-start id="1017" type="scavenge" contextid="0" timestamp="2020-09-11T12:40:16.779" intervalms="25.610" />
<gc-start id="1018" type="scavenge" contextid="1017" timestamp="2020-09-11T12:40:16.779">
  <mem-info id="1019" free="2935128" total="19398656" percent="15">
    <mem type="nursery" free="0" total="11665408" percent="0">
      <mem type="allocate" free="0" total="10485760" percent="0" />
      <mem type="survivor" free="0" total="1179648" percent="0" />
    </mem>
    <mem type="tenure" free="2935128" total="7733248" percent="37">
      <mem type="soa" free="2548056" total="7346176" percent="34" />
      <mem type="loa" free="387072" total="387072" percent="100" />
    </mem>
    <remembered-set count="164" />
  </mem-info>
</gc-start>
<allocation-stats totalBytes="10139400" >
  <allocated-bytes non-tlh="90320" tlh="10049080" />
  <largest-consumer threadName="main" threadId="0000000000019A00" bytes="10139400" />
</allocation-stats>
<gc-op id="1020" type="scavenge" timems="0.675" contextid="1017" timestamp="2020-09-11T12:40:16.780">
  <scavenger-info tenureage="3" tenuremask="fff8" tiltratio="89" />
  <memory-copied type="nursery" objects="107" bytes="6568" bytesdiscarded="41040" />
  <references type="phantom" candidates="2" cleared="0" enqueued="0" />
</gc-op>
<gc-end id="1021" type="scavenge" contextid="1017" durationms="0.812" usertimems="1.795" systemtimems="0.217" timestamp="2020-09-11T12:40:16.780" activeThreads="8">
  <mem-info id="1022" free="13373272" total="19398656" percent="68">
    <mem type="nursery" free="10438144" total="11665408" percent="89">
      <mem type="allocate" free="10438144" total="10485760" percent="99" />
      <mem type="survivor" free="0" total="1179648" percent="0" />
    </mem>
    <mem type="tenure" free="2935128" total="7733248" percent="37">
      <mem type="soa" free="2548056" total="7346176" percent="34" />
      <mem type="loa" free="387072" total="387072" percent="100" />
    </mem>
    <remembered-set count="163" />
  </mem-info>
</gc-end>
<cycle-end id="1023" type="scavenge" contextid="1017" timestamp="2020-09-11T12:40:16.780" />
<allocation-satisfied id="1024" threadId="0000000000019A00" bytesRequested="4104" />
<af-end id="1025" timestamp="2020-09-11T12:40:16.780" threadId="000000000001A380" success="true" from="nursery"/>
<exclusive-end id="1026" timestamp="2020-09-11T12:40:16.780" durationms="1.696" />

<exclusive-start id="1027" timestamp="2020-09-11T12:40:16.803" intervalms="24.463">
  <response-info timems="0.172" idlems="0.172" threads="0" lastid="0000000000019A00" lastname="main" />
</exclusive-start>
<af-start id="1028" threadId="000000000001A380" totalBytesRequested="1976" timestamp="2020-09-11T12:40:16.803" intervalms="24.528" type="nursery" />
<cycle-start id="1029" type="scavenge" contextid="0" timestamp="2020-09-11T12:40:16.803" intervalms="24.546" />
<gc-start id="1030" type="scavenge" contextid="1029" timestamp="2020-09-11T12:40:16.803">
  <mem-info id="1031" free="2935128" total="19398656" percent="15">
    <mem type="nursery" free="0" total="11665408" percent="0">
      <mem type="allocate" free="0" total="10485760" percent="0" />
      <mem type="survivor" free="0" total="1179648" percent="0" />
    </mem>
    <mem type="tenure" free="2935128" total="7733248" percent="37">
      <mem type="soa" free="2548056" total="7346176" percent="34" />
      <mem type="loa" free="387072" total="387072" percent="100" />
    </mem>
    <remembered-set count="164" />
  </mem-info>
</gc-start>
<allocation-stats totalBytes="10143864" >
  <allocated-bytes non-tlh="4104" tlh="10139760" />
  <largest-consumer threadName="main" threadId="0000000000019A00" bytes="10143864" />
</allocation-stats>
<gc-op id="1032" type="scavenge" timems="1.296" contextid="1029" timestamp="2020-09-11T12:40:16.805">
  <scavenger-info tenureage="3" tenuremask="fff8" tiltratio="89" />
  <memory-copied type="nursery" objects="111" bytes="15408" bytesdiscarded="32200" />
  <references type="phantom" candidates="2" cleared="0" enqueued="0" />
</gc-op>
<heap-resize id="1033" type="expand" space="nursery" amount="524288" count="1" timems="0.049" reason="excessive time being spent scavenging" timestamp="2020-09-11T12:40:16.805" />
<gc-end id="1034" type="scavenge" contextid="1029" durationms="1.495" usertimems="0.000" systemtimems="2.536" timestamp="2020-09-11T12:40:16.805" activeThreads="8">
  <mem-info id="1035" free="13832024" total="19922944" percent="69">
    <mem type="nursery" free="10896896" total="12189696" percent="89">
      <mem type="allocate" free="10896896" total="10944512" percent="99" />
      <mem type="survivor" free="0" total="1245184" percent="0" />
    </mem>
    <mem type="tenure" free="2935128" total="7733248" percent="37">
      <mem type="soa" free="2548056" total="7346176" percent="34" />
      <mem type="loa" free="387072" total="387072" percent="100" />
    </mem>
    <remembered-set count="163" />
  </mem-info>
</gc-end>
<cycle-end id="1036" type="scavenge" contextid="1029" timestamp="2020-09-11T12:40:16.806" />
<allocation-satisfied id="1037" threadId="0000000000019A00" bytesRequested="1976" />
<af-end id="1038" timestamp="2020-09-11T12:40:16.806" threadId="000000000001A380" success="true" from="nursery"/>
<exclusive-end id="1039" timestamp="2020-09-11T12:40:16.806" durationms="2.548" />

<exclusive-start id="1040" timestamp="2020-09-11T12:40:17.025" intervalms="221.807">
  <response-info timems="0.141" idlems="0.141" threads="0" lastid="0000000000019A00" lastname="main" />
</exclusive-start>
<af-start id="1041" threadId="000000000001A380" totalBytesRequested="16777224" timestamp="2020-09-11T12:40:17.025" intervalms="221.865" type="nursery" />
<cycle-start id="1042" type="scavenge" contextid="0" timestamp="2020-09-11T12:40:17.025" intervalms="221.878" />
<gc-start id="1043" type="scavenge" contextid="1042" timestamp="2020-09-11T12:40:17.025">
  <mem-info id="1044" free="3108632" total="19922944" percent="15">
    <mem type="nursery" free="206336" total="12189696" percent="1">
      <mem type="allocate" free="206336" total="10944512" percent="1" />
      <mem type="survivor" free="0" total="1245184" percent="0" />
    </mem>
    <mem type="tenure" free="2902296" total="7733248" percent="37">
      <mem type="soa" free="2515224" total="7346176" percent="34" />
      <mem type="loa" free="387072" total="387072" percent="100" />
    </mem>
    <remembered-set count="660" />
  </mem-info>
</gc-start>
<allocation-stats totalBytes="10706272" >
  <allocated-bytes non-tlh="28192" tlh="10678080" />
  <largest-consumer threadName="main" threadId="0000000000019A00" bytes="10463312" />
</allocation-stats>
<gc-op id="1045" type="scavenge" timems="3.023" contextid="1042" timestamp="2020-09-11T12:40:17.028">
  <scavenger-info tenureage="3" tenuremask="fff8" tiltratio="89" />
  <memory-copied type="nursery" objects="12207" bytes="450480" bytesdiscarded="86088" />
  <finalization candidates="13" enqueued="1" />
  <ownableSynchronizers candidates="12" cleared="5" />
  <references type="soft" candidates="15" cleared="0" enqueued="0" dynamicThreshold="12" maxThreshold="32" />
  <references type="weak" candidates="1125" cleared="453" enqueued="324" />
  <references type="phantom" candidates="2" cleared="0" enqueued="0" />
</gc-op>
<gc-end id="1046" type="scavenge" contextid="1042" durationms="3.235" usertimems="3.297" systemtimems="4.046" timestamp="2020-09-11T12:40:17.029" activeThreads="8">
  <mem-info id="1047" free="13307672" total="19922944" percent="66">
    <mem type="nursery" free="10405376" total="12189696" percent="85">
      <mem type="allocate" free="10405376" total="10944512" percent="95" />
      <mem type="survivor" free="0" total="1245184" percent="0" />
    </mem>
    <mem type="tenure" free="2902296" total="7733248" percent="37">
      <mem type="soa" free="2515224" total="7346176" percent="34" />
      <mem type="loa" free="387072" total="387072" percent="100" />
    </mem>
    <pending-finalizers system="1" default="0" reference="324" classloader="0" />
    <remembered-set count="632" />
  </mem-info>
</gc-end>
<cycle-end id="1048" type="scavenge" contextid="1042" timestamp="2020-09-11T12:40:17.029" />
<cycle-start id="1049" type="global" contextid="0" timestamp="2020-09-11T12:40:17.029" intervalms="438.390" />
<gc-start id="1050" type="global" contextid="1049" timestamp="2020-09-11T12:40:17.029">
  <mem-info id="1051" free="13307672" total="19922944" percent="66">
    <mem type="nursery" free="10405376" total="12189696" percent="85">
      <mem type="allocate" free="10405376" total="10944512" percent="95" />
      <mem type="survivor" free="0" total="1245184" percent="0" />
    </mem>
    <mem type="tenure" free="2902296" total="7733248" percent="37">
      <mem type="soa" free="2515224" total="7346176" percent="34" />
      <mem type="loa" free="387072" total="387072" percent="100" />
    </mem>
    <pending-finalizers system="1" default="0" reference="324" classloader="0" />
    <remembered-set count="632" />
  </mem-info>
</gc-start>
<allocation-stats totalBytes="0" >
  <allocated-bytes non-tlh="0" tlh="0" />
</allocation-stats>
<heap-resize id="1052" type="loa expand" space="tenure" amount="77824" count="1" timems="0.000" reason="expand on failed allocate" timestamp="2020-09-11T12:40:17.029" />
<gc-op id="1053" type="mark" timems="7.244" contextid="1049" timestamp="2020-09-11T12:40:17.036">
  <trace-info objectcount="109218" scancount="92054" scanbytes="3004652" />
  <finalization candidates="85" enqueued="0" />
  <ownableSynchronizers candidates="18" cleared="0" />
  <references type="soft" candidates="4085" cleared="0" enqueued="0" dynamicThreshold="12" maxThreshold="32" />
  <references type="weak" candidates="2616" cleared="40" enqueued="20" />
  <references type="phantom" candidates="100" cleared="0" enqueued="0" />
  <stringconstants candidates="8915" cleared="19"  />
</gc-op>
<gc-op id="1054" type="classunload" timems="0.016" contextid="1049" timestamp="2020-09-11T12:40:17.036">
  <classunload-info classloadercandidates="28" classloadersunloaded="0" classesunloaded="0" anonymousclassesunloaded="0" quiescems="0.000" setupms="0.014" scanms="0.001" postms="0.001" />
</gc-op>
<gc-op id="1055" type="sweep" timems="0.943" contextid="1049" timestamp="2020-09-11T12:40:17.037" />
<mem-info id="1056" free="13420672" total="19922944" percent="67">
  <mem type="nursery" free="10492888" total="12189696" percent="86">
    <mem type="allocate" free="10492888" total="10944512" percent="95" />
    <mem type="survivor" free="0" total="1245184" percent="0" />
  </mem>
  <mem type="tenure" free="2927784" total="7733248" percent="37" micro-fragmented="31550" macro-fragmented="0">
    <mem type="soa" free="2462888" total="7268352" percent="33" />
    <mem type="loa" free="464896" total="464896" percent="100" />
  </mem>
  <pending-finalizers system="1" default="0" reference="344" classloader="0" />
  <remembered-set count="575" />
</mem-info>
<gc-op id="1057" type="compact" timems="42.284" contextid="1049" timestamp="2020-09-11T12:40:17.080">
  <compact-info movecount="108030" movebytes="5125360" reason="compact to meet allocation" />
</gc-op>
<heap-resize id="1058" type="expand" space="tenure" amount="23068672" count="1" timems="0.565" reason="satisfy allocation request" timestamp="2020-09-11T12:40:17.081" />
<gc-end id="1059" type="global" contextid="1049" durationms="52.022" usertimems="91.590" systemtimems="7.140" timestamp="2020-09-11T12:40:17.081" activeThreads="8">
  <mem-info id="1060" free="19781448" total="42991616" percent="46">
    <mem type="nursery" free="10495928" total="12189696" percent="86">
      <mem type="allocate" free="10495928" total="10944512" percent="95" />
      <mem type="survivor" free="0" total="1245184" percent="0" />
    </mem>
    <mem type="tenure" free="9285520" total="30801920" percent="30">
      <mem type="soa" free="7437200" total="28953600" percent="25" />
      <mem type="loa" free="1848320" total="1848320" percent="100" />
    </mem>
    <pending-finalizers system="1" default="0" reference="344" classloader="0" />
    <remembered-set count="575" />
  </mem-info>
</gc-end>
<cycle-end id="1061" type="global" contextid="1049" timestamp="2020-09-11T12:40:17.081" />
<allocation-satisfied id="1062" threadId="0000000000019A00" bytesRequested="16777224" />
<af-end id="1063" timestamp="2020-09-11T12:40:17.085" threadId="000000000001A380" success="true" from="tenure-soa"/>
<exclusive-end id="1064" timestamp="2020-09-11T12:40:17.085" durationms="59.914" />

<exclusive-start id="1065" timestamp="2020-09-11T12:40:17.216" intervalms="190.849">
  <response-info timems="0.164" idlems="0.164" threads="0" lastid="000000000075EA00" lastname="MapReducer.1" />
</exclusive-start>
<af-start id="1066" threadId="000000000075F380" totalBytesRequested="32" timestamp="2020-09-11T12:40:17.216" intervalms="190.844" type="nursery" />
<percolate-collect id="1067" from="nursery" to="global" reason="met projected tenure max free" timestamp="2020-09-11T12:40:17.216"/>
<cycle-start id="1068" type="global" contextid="0" timestamp="2020-09-11T12:40:17.216" intervalms="187.120" />
<gc-start id="1069" type="global" contextid="1068" timestamp="2020-09-11T12:40:17.216">
  <mem-info id="1070" free="9257712" total="42991616" percent="21">
    <mem type="nursery" free="0" total="12189696" percent="0">
      <mem type="allocate" free="0" total="10944512" percent="0" />
      <mem type="survivor" free="0" total="1245184" percent="0" />
    </mem>
    <mem type="tenure" free="9257712" total="30801920" percent="30">
      <mem type="soa" free="7409392" total="28953600" percent="25" />
      <mem type="loa" free="1848320" total="1848320" percent="100" />
    </mem>
    <remembered-set count="1041" />
  </mem-info>
</gc-start>
<allocation-stats totalBytes="27295376" >
  <allocated-bytes non-tlh="18134672" tlh="9160704" />
  <largest-consumer threadName="main" threadId="0000000000019A00" bytes="17098096" />
</allocation-stats>
<gc-op id="1071" type="mark" timems="11.181" contextid="1068" timestamp="2020-09-11T12:40:17.228">
  <trace-info objectcount="307203" scancount="273203" scanbytes="9698692" />
  <finalization candidates="89" enqueued="1" />
  <ownableSynchronizers candidates="72" cleared="0" />
  <references type="soft" candidates="4416" cleared="0" enqueued="0" dynamicThreshold="9" maxThreshold="32" />
  <references type="weak" candidates="3022" cleared="111" enqueued="75" />
  <references type="phantom" candidates="100" cleared="0" enqueued="0" />
  <stringconstants candidates="9137" cleared="3"  />
</gc-op>
<gc-op id="1072" type="classunload" timems="0.012" contextid="1068" timestamp="2020-09-11T12:40:17.228">
  <classunload-info classloadercandidates="76" classloadersunloaded="0" classesunloaded="0" anonymousclassesunloaded="0" quiescems="0.000" setupms="0.010" scanms="0.001" postms="0.001" />
</gc-op>
<gc-op id="1073" type="sweep" timems="1.456" contextid="1068" timestamp="2020-09-11T12:40:17.229" />
<gc-end id="1074" type="global" contextid="1068" durationms="13.199" usertimems="58.334" systemtimems="6.157" timestamp="2020-09-11T12:40:17.229" activeThreads="8">
  <mem-info id="1075" free="10771600" total="42991616" percent="25">
    <mem type="nursery" free="1511832" total="12189696" percent="12">
      <mem type="allocate" free="1511832" total="10944512" percent="13" />
      <mem type="survivor" free="0" total="1245184" percent="0" />
    </mem>
    <mem type="tenure" free="9259768" total="30801920" percent="30" micro-fragmented="768" macro-fragmented="0">
      <mem type="soa" free="7411448" total="28953600" percent="25" />
      <mem type="loa" free="1848320" total="1848320" percent="100" />
    </mem>
    <pending-finalizers system="1" default="0" reference="75" classloader="0" />
    <remembered-set count="1013" />
  </mem-info>
</gc-end>
<cycle-end id="1076" type="global" contextid="1068" timestamp="2020-09-11T12:40:17.230" />
<allocation-satisfied id="1077" threadId="000000000075EA00" bytesRequested="32" />
<af-end id="1078" timestamp="2020-09-11T12:40:17.230" threadId="000000000075F380" success="true" from="nursery"/>
<exclusive-end id="1079" timestamp="2020-09-11T12:40:17.230" durationms="14.005" />

<exclusive-start id="1080" timestamp="2020-09-11T12:40:17.237" intervalms="21.080">
  <response-info timems="0.417" idlems="0.124" threads="4" lastid="0000000000021200" lastname="JIT Compilation Thread-001" />
</exclusive-start>
<af-start id="1081" threadId="000000000075F380" totalBytesRequested="32" timestamp="2020-09-11T12:40:17.237" intervalms="21.090" type="nursery" />
<cycle-start id="1082" type="scavenge" contextid="0" timestamp="2020-09-11T12:40:17.237" intervalms="211.920" />
<gc-start id="1083" type="scavenge" contextid="1082" timestamp="2020-09-11T12:40:17.237">
  <mem-info id="1084" free="9259768" total="42991616" percent="21">
    <mem type="nursery" free="0" total="12189696" percent="0">
      <mem type="allocate" free="0" total="10944512" percent="0" />
      <mem type="survivor" free="0" total="1245184" percent="0" />
    </mem>
    <mem type="tenure" free="9259768" total="30801920" percent="30">
      <mem type="soa" free="7411448" total="28953600" percent="25" />
      <mem type="loa" free="1848320" total="1848320" percent="100" />
    </mem>
    <remembered-set count="1014" />
  </mem-info>
</gc-start>
<allocation-stats totalBytes="1505656" >
  <allocated-bytes non-tlh="8960" tlh="1496696" />
  <largest-consumer threadName="MapReducer.1" threadId="000000000075EA00" bytes="711840" />
</allocation-stats>
<gc-op id="1085" type="scavenge" timems="12.533" contextid="1082" timestamp="2020-09-11T12:40:17.250">
  <scavenger-info tenureage="3" tenuremask="fff8" tiltratio="89" />
  <memory-copied type="nursery" objects="6040" bytes="1240216" bytesdiscarded="48" />
  <memory-copied type="tenure" objects="238890" bytes="7946368" bytesdiscarded="1080" />
  <copy-failed type="nursery" objects="238890" bytes="7954840" />
  <finalization candidates="15" enqueued="0" />
  <ownableSynchronizers candidates="83" cleared="22" />
  <references type="weak" candidates="51" cleared="0" enqueued="0" />
  <references type="phantom" candidates="2" cleared="0" enqueued="0" />
  <heap-resize type="expand" space="tenure" amount="720896" count="11" timems="0.553" reason="continue current collection" />
</gc-op>
<gc-end id="1086" type="scavenge" contextid="1082" durationms="13.116" usertimems="61.623" systemtimems="9.109" timestamp="2020-09-11T12:40:17.250" activeThreads="8">
  <mem-info id="1087" free="6755840" total="43712512" percent="15">
    <mem type="nursery" free="4849664" total="12189696" percent="39">
      <mem type="allocate" free="4849664" total="6094848" percent="79" />
      <mem type="survivor" free="0" total="6094848" percent="0" />
    </mem>
    <mem type="tenure" free="1906176" total="31522816" percent="6">
      <mem type="soa" free="13824" total="29630464" percent="0" />
      <mem type="loa" free="1892352" total="1892352" percent="100" />
    </mem>
    <remembered-set count="2598" />
  </mem-info>
</gc-end>
<cycle-end id="1088" type="scavenge" contextid="1082" timestamp="2020-09-11T12:40:17.251" />
<allocation-satisfied id="1089" threadId="000000000075EA00" bytesRequested="32" />
<af-end id="1090" timestamp="2020-09-11T12:40:17.251" threadId="000000000075F380" success="true" from="nursery"/>
<exclusive-end id="1091" timestamp="2020-09-11T12:40:17.251" durationms="14.502" />

<exclusive-start id="1092" timestamp="2020-09-11T12:40:17.258" intervalms="20.806">
  <response-info timems="0.686" idlems="0.686" threads="0" lastid="000000000075EA00" lastname="MapReducer.1" />
</exclusive-start>
<af-start id="1093" threadId="000000000075F380" totalBytesRequested="32" timestamp="2020-09-11T12:40:17.258" intervalms="20.870" type="nursery" />
<cycle-start id="1094" type="scavenge" contextid="0" timestamp="2020-09-11T12:40:17.258" intervalms="20.904" />
<gc-start id="1095" type="scavenge" contextid="1094" timestamp="2020-09-11T12:40:17.258">
  <mem-info id="1096" free="1906176" total="43712512" percent="4">
    <mem type="nursery" free="0" total="12189696" percent="0">
      <mem type="allocate" free="0" total="6094848" percent="0" />
      <mem type="survivor" free="0" total="6094848" percent="0" />
    </mem>
    <mem type="tenure" free="1906176" total="31522816" percent="6">
      <mem type="soa" free="13824" total="29630464" percent="0" />
      <mem type="loa" free="1892352" total="1892352" percent="100" />
    </mem>
    <remembered-set count="2773" />
  </mem-info>
</gc-start>
<allocation-stats totalBytes="4849584" >
  <allocated-bytes non-tlh="2437160" tlh="2412424" />
  <largest-consumer threadName="MapReducer.1" threadId="000000000075EA00" bytes="4427720" />
</allocation-stats>
<gc-op id="1097" type="scavenge" timems="5.178" contextid="1094" timestamp="2020-09-11T12:40:17.263">
  <scavenger-info tenureage="3" tenuremask="fff8" tiltratio="50" />
  <memory-copied type="nursery" objects="69075" bytes="5758904" bytesdiscarded="332032" />
  <memory-copied type="tenure" objects="2048" bytes="65536" bytesdiscarded="0" />
  <copy-failed type="nursery" objects="2048" bytes="65536" />
  <finalization candidates="1" enqueued="0" />
  <ownableSynchronizers candidates="49" cleared="0" />
  <references type="weak" candidates="51" cleared="0" enqueued="0" />
  <references type="phantom" candidates="2" cleared="0" enqueued="0" />
  <heap-resize type="expand" space="tenure" amount="131072" count="1" timems="0.116" reason="continue current collection" />
</gc-op>
<heap-resize id="1098" type="expand" space="nursery" amount="2621440" count="1" timems="0.060" reason="excessive time being spent scavenging" timestamp="2020-09-11T12:40:17.264" />
<gc-end id="1099" type="scavenge" contextid="1094" durationms="5.676" usertimems="24.543" systemtimems="0.000" timestamp="2020-09-11T12:40:17.264" activeThreads="8">
  <mem-info id="1100" free="3286528" total="46465024" percent="7">
    <mem type="nursery" free="1310720" total="14811136" percent="8">
      <mem type="allocate" free="1310720" total="7405568" percent="17" />
      <mem type="survivor" free="0" total="7405568" percent="0" />
    </mem>
    <mem type="tenure" free="1975808" total="31653888" percent="6">
      <mem type="soa" free="76288" total="29754368" percent="0" />
      <mem type="loa" free="1899520" total="1899520" percent="100" />
    </mem>
    <remembered-set count="2594" />
  </mem-info>
</gc-end>
<cycle-end id="1101" type="scavenge" contextid="1094" timestamp="2020-09-11T12:40:17.264" />
<allocation-satisfied id="1102" threadId="000000000075EA00" bytesRequested="32" />
<af-end id="1103" timestamp="2020-09-11T12:40:17.264" threadId="000000000075F380" success="true" from="nursery"/>
<exclusive-end id="1104" timestamp="2020-09-11T12:40:17.264" durationms="6.813" />

<exclusive-start id="1105" timestamp="2020-09-11T12:40:17.268" intervalms="10.354">
  <response-info timems="0.417" idlems="0.378" threads="1" lastid="00000000007B1000" lastname="ForkJoinPool-3-worker-7" />
</exclusive-start>
<af-start id="1106" threadId="000000000075F380" totalBytesRequested="32" timestamp="2020-09-11T12:40:17.268" intervalms="10.146" type="nursery" />
<cycle-start id="1107" type="scavenge" contextid="0" timestamp="2020-09-11T12:40:17.268" intervalms="10.102" />
<gc-start id="1108" type="scavenge" contextid="1107" timestamp="2020-09-11T12:40:17.268">
  <mem-info id="1109" free="1975568" total="46465024" percent="4">
    <mem type="nursery" free="0" total="14811136" percent="0">
      <mem type="allocate" free="0" total="7405568" percent="0" />
      <mem type="survivor" free="0" total="7405568" percent="0" />
    </mem>
    <mem type="tenure" free="1975568" total="31653888" percent="6">
      <mem type="soa" free="76048" total="29754368" percent="0" />
      <mem type="loa" free="1899520" total="1899520" percent="100" />
    </mem>
    <remembered-set count="3308" />
  </mem-info>
</gc-start>
<allocation-stats totalBytes="1310880" >
  <allocated-bytes non-tlh="272" tlh="1310608" />
  <largest-consumer threadName="MapReducer.1" threadId="000000000075EA00" bytes="786432" />
</allocation-stats>
<gc-op id="1110" type="scavenge" timems="5.708" contextid="1107" timestamp="2020-09-11T12:40:17.274">
  <scavenger-info tenureage="2" tenuremask="fffc" tiltratio="50" />
  <memory-copied type="nursery" objects="95022" bytes="5569360" bytesdiscarded="241336" />
  <memory-copied type="tenure" objects="6027" bytes="1231928" bytesdiscarded="440" />
  <finalization candidates="1" enqueued="0" />
  <ownableSynchronizers candidates="49" cleared="0" />
  <references type="soft" candidates="1" cleared="0" enqueued="0" dynamicThreshold="9" maxThreshold="32" />
  <references type="weak" candidates="1" cleared="1" enqueued="1" />
  <heap-resize type="expand" space="tenure" amount="917504" count="7" timems="1.188" reason="continue current collection" />
</gc-op>
<heap-resize id="1111" type="expand" space="nursery" amount="3145728" count="1" timems="0.057" reason="excessive time being spent scavenging" timestamp="2020-09-11T12:40:17.274" />
<gc-end id="1112" type="scavenge" contextid="1107" durationms="6.251" usertimems="28.010" systemtimems="2.448" timestamp="2020-09-11T12:40:17.274" activeThreads="8">
  <mem-info id="1113" free="4193440" total="50528256" percent="8">
    <mem type="nursery" free="3167728" total="17956864" percent="17">
      <mem type="allocate" free="3167728" total="8978432" percent="35" />
      <mem type="survivor" free="0" total="8978432" percent="0" />
    </mem>
    <mem type="tenure" free="1025712" total="32571392" percent="3">
      <mem type="soa" free="0" total="30616576" percent="0" />
      <mem type="loa" free="1025712" total="1954816" percent="52" />
    </mem>
    <pending-finalizers system="0" default="0" reference="1" classloader="0" />
    <remembered-set count="1028" />
  </mem-info>
</gc-end>
<cycle-end id="1114" type="scavenge" contextid="1107" timestamp="2020-09-11T12:40:17.275" />
<allocation-satisfied id="1115" threadId="000000000075EA00" bytesRequested="32" />
<af-end id="1116" timestamp="2020-09-11T12:40:17.275" threadId="000000000075F380" success="true" from="nursery"/>
<exclusive-end id="1117" timestamp="2020-09-11T12:40:17.275" durationms="7.035" />

<exclusive-start id="1118" timestamp="2020-09-11T12:40:17.280" intervalms="11.596">
  <response-info timems="0.647" idlems="0.647" threads="0" lastid="000000000075EA00" lastname="MapReducer.1" />
</exclusive-start>
<af-start id="1119" threadId="000000000075F380" totalBytesRequested="32" timestamp="2020-09-11T12:40:17.280" intervalms="11.709" type="nursery" />
<cycle-start id="1120" type="scavenge" contextid="0" timestamp="2020-09-11T12:40:17.280" intervalms="11.720" />
<gc-start id="1121" type="scavenge" contextid="1120" timestamp="2020-09-11T12:40:17.280">
  <mem-info id="1122" free="1025712" total="50528256" percent="2">
    <mem type="nursery" free="0" total="17956864" percent="0">
      <mem type="allocate" free="0" total="8978432" percent="0" />
      <mem type="survivor" free="0" total="8978432" percent="0" />
    </mem>
    <mem type="tenure" free="1025712" total="32571392" percent="3">
      <mem type="soa" free="0" total="30616576" percent="0" />
      <mem type="loa" free="1025712" total="1954816" percent="52" />
    </mem>
    <pending-finalizers system="0" default="0" reference="1" classloader="0" />
    <remembered-set count="1544" />
  </mem-info>
</gc-start>
<allocation-stats totalBytes="3167544" >
  <allocated-bytes non-tlh="32" tlh="3167512" />
  <largest-consumer threadName="MapReducer.1" threadId="000000000075EA00" bytes="2594272" />
</allocation-stats>
<gc-op id="1123" type="scavenge" timems="5.908" contextid="1120" timestamp="2020-09-11T12:40:17.286">
  <scavenger-info tenureage="2" tenuremask="ffe4" tiltratio="50" />
  <memory-copied type="nursery" objects="122333" bytes="6392672" bytesdiscarded="250800" />
  <memory-copied type="tenure" objects="63036" bytes="2087704" bytesdiscarded="184" />
  <copy-failed type="tenure" objects="1" bytes="2437128" />
  <ownableSynchronizers candidates="2" cleared="0" />
  <references type="soft" candidates="1" cleared="0" enqueued="0" dynamicThreshold="9" maxThreshold="32" />
  <heap-resize type="expand" space="tenure" amount="2752512" count="3" timems="0.289" reason="continue current collection" />
</gc-op>
<heap-resize id="1124" type="expand" space="nursery" amount="4587520" count="1" timems="0.039" reason="excessive time being spent scavenging" timestamp="2020-09-11T12:40:17.286" />
<gc-end id="1125" type="scavenge" contextid="1120" durationms="6.286" usertimems="33.436" systemtimems="0.000" timestamp="2020-09-11T12:40:17.286" activeThreads="8">
  <mem-info id="1126" free="7545568" total="57868288" percent="13">
    <mem type="nursery" free="5349600" total="22544384" percent="23">
      <mem type="allocate" free="5349600" total="11993088" percent="44" />
      <mem type="survivor" free="0" total="10551296" percent="0" />
    </mem>
    <mem type="tenure" free="2195968" total="35323904" percent="6">
      <mem type="soa" free="76288" total="33204224" percent="0" />
      <mem type="loa" free="2119680" total="2119680" percent="100" />
    </mem>
    <pending-finalizers system="0" default="0" reference="1" classloader="0" />
    <remembered-set count="1008" />
  </mem-info>
</gc-end>
<cycle-end id="1127" type="scavenge" contextid="1120" timestamp="2020-09-11T12:40:17.287" />
<allocation-satisfied id="1128" threadId="000000000075EA00" bytesRequested="32" />
<af-end id="1129" timestamp="2020-09-11T12:40:17.287" threadId="000000000075F380" success="true" from="nursery"/>
<exclusive-end id="1130" timestamp="2020-09-11T12:40:17.287" durationms="7.168" />

<exclusive-start id="1131" timestamp="2020-09-11T12:40:17.290" intervalms="10.396">
  <response-info timems="0.138" idlems="0.138" threads="0" lastid="000000000075EA00" lastname="MapReducer.1" />
</exclusive-start>
<af-start id="1132" threadId="000000000075F380" totalBytesRequested="32" timestamp="2020-09-11T12:40:17.290" intervalms="10.370" type="nursery" />
<percolate-collect id="1133" from="nursery" to="global" reason="failed tenure threshold reached" timestamp="2020-09-11T12:40:17.290"/>
<cycle-start id="1134" type="global" contextid="0" timestamp="2020-09-11T12:40:17.290" intervalms="74.196" />
<gc-start id="1135" type="global" contextid="1134" timestamp="2020-09-11T12:40:17.290">
  <mem-info id="1136" free="2195216" total="57868288" percent="3">
    <mem type="nursery" free="0" total="22544384" percent="0">
      <mem type="allocate" free="0" total="11993088" percent="0" />
      <mem type="survivor" free="0" total="10551296" percent="0" />
    </mem>
    <mem type="tenure" free="2195216" total="35323904" percent="6">
      <mem type="soa" free="75536" total="33204224" percent="0" />
      <mem type="loa" free="2119680" total="2119680" percent="100" />
    </mem>
    <remembered-set count="1273" />
  </mem-info>
</gc-start>
<allocation-stats totalBytes="5346160" >
  <allocated-bytes non-tlh="784" tlh="5345376" />
  <largest-consumer threadName="MapReducer.1" threadId="000000000075EA00" bytes="4825312" />
</allocation-stats>
<heap-resize id="1137" type="loa expand" space="tenure" amount="353280" count="1" timems="0.000" reason="expand on failed allocate" timestamp="2020-09-11T12:40:17.290" />
<gc-op id="1138" type="mark" timems="10.594" contextid="1134" timestamp="2020-09-11T12:40:17.301">
  <trace-info objectcount="688618" scancount="640710" scanbytes="23728048" />
  <finalization candidates="88" enqueued="0" />
  <ownableSynchronizers candidates="74" cleared="0" />
  <references type="soft" candidates="4441" cleared="0" enqueued="0" dynamicThreshold="9" maxThreshold="32" />
  <references type="weak" candidates="2916" cleared="1" enqueued="1" />
  <references type="phantom" candidates="100" cleared="0" enqueued="0" />
  <stringconstants candidates="9142" cleared="0"  />
</gc-op>
<gc-op id="1139" type="sweep" timems="1.113" contextid="1134" timestamp="2020-09-11T12:40:17.302" />
<mem-info id="1140" free="2710120" total="57868288" percent="4">
  <mem type="nursery" free="326584" total="22544384" percent="1">
    <mem type="allocate" free="326584" total="11993088" percent="2" />
    <mem type="survivor" free="0" total="10551296" percent="0" />
  </mem>
  <mem type="tenure" free="2383536" total="35323904" percent="6" micro-fragmented="2304" macro-fragmented="0">
    <mem type="soa" free="188320" total="32850944" percent="0" />
    <mem type="loa" free="2195216" total="2472960" percent="88" />
  </mem>
  <pending-finalizers system="0" default="0" reference="1" classloader="0" />
  <remembered-set count="1270" />
</mem-info>
<gc-op id="1141" type="compact" timems="102.888" contextid="1134" timestamp="2020-09-11T12:40:17.405">
  <compact-info movecount="677783" movebytes="43748584" reason="compact to meet allocation" />
</gc-op>
<heap-resize id="1142" type="expand" space="tenure" amount="15794176" count="1" timems="0.482" reason="insufficient free space following gc" timestamp="2020-09-11T12:40:17.406" />
<gc-end id="1143" type="global" contextid="1134" durationms="115.758" usertimems="257.618" systemtimems="2.740" timestamp="2020-09-11T12:40:17.406" activeThreads="8">
  <mem-info id="1144" free="18786784" total="73662464" percent="25">
    <mem type="nursery" free="502528" total="22544384" percent="2">
      <mem type="allocate" free="502528" total="11993088" percent="4" />
      <mem type="survivor" free="0" total="10551296" percent="0" />
    </mem>
    <mem type="tenure" free="18284256" total="51118080" percent="35">
      <mem type="soa" free="14705376" total="47539200" percent="30" />
      <mem type="loa" free="3578880" total="3578880" percent="100" />
    </mem>
    <pending-finalizers system="0" default="0" reference="1" classloader="0" />
    <remembered-set count="1270" />
  </mem-info>
</gc-end>
<cycle-end id="1145" type="global" contextid="1134" timestamp="2020-09-11T12:40:17.406" />
<allocation-satisfied id="1146" threadId="000000000075EA00" bytesRequested="32" />
<af-end id="1147" timestamp="2020-09-11T12:40:17.406" threadId="000000000075F380" success="true" from="nursery"/>
<exclusive-end id="1148" timestamp="2020-09-11T12:40:17.406" durationms="116.370" />

<exclusive-start id="1149" timestamp="2020-09-11T12:40:17.407" intervalms="117.448">
  <response-info timems="0.415" idlems="0.415" threads="0" lastid="00000000007A8400" lastname="Group1.TxInjector.CompositeTxInjector.I.driver.saturate.1.quart" />
</exclusive-start>
<af-start id="1150" threadId="00000000007A8D80" totalBytesRequested="48" timestamp="2020-09-11T12:40:17.408" intervalms="117.344" type="nursery" />
<cycle-start id="1151" type="scavenge" contextid="0" timestamp="2020-09-11T12:40:17.408" intervalms="127.711" />
<gc-start id="1152" type="scavenge" contextid="1151" timestamp="2020-09-11T12:40:17.408">
  <mem-info id="1153" free="18284256" total="73662464" percent="24">
    <mem type="nursery" free="0" total="22544384" percent="0">
      <mem type="allocate" free="0" total="11993088" percent="0" />
      <mem type="survivor" free="0" total="10551296" percent="0" />
    </mem>
    <mem type="tenure" free="18284256" total="51118080" percent="35">
      <mem type="soa" free="14705376" total="47539200" percent="30" />
      <mem type="loa" free="3578880" total="3578880" percent="100" />
    </mem>
    <remembered-set count="1292" />
  </mem-info>
</gc-start>
<allocation-stats totalBytes="502528" >
  <allocated-bytes non-tlh="32" tlh="502496" />
  <largest-consumer threadName="MapReducer.1" threadId="000000000075EA00" bytes="424704" />
</allocation-stats>
<gc-op id="1154" type="scavenge" timems="11.422" contextid="1151" timestamp="2020-09-11T12:40:17.419">
  <scavenger-info tenureage="2" tenuremask="fffc" tiltratio="53" />
  <memory-copied type="nursery" objects="262974" bytes="8455008" bytesdiscarded="286840" />
  <memory-copied type="tenure" objects="31983" bytes="3481544" bytesdiscarded="72" />
  <ownableSynchronizers candidates="148" cleared="148" />
  <references type="soft" candidates="21" cleared="0" enqueued="0" dynamicThreshold="11" maxThreshold="32" />
  <references type="weak" candidates="3" cleared="0" enqueued="0" />
</gc-op>
<heap-resize id="1155" type="expand" space="nursery" amount="917504" count="1" timems="0.077" reason="excessive time being spent scavenging" timestamp="2020-09-11T12:40:17.419" />
<gc-end id="1156" type="scavenge" contextid="1151" durationms="11.927" usertimems="50.914" systemtimems="4.726" timestamp="2020-09-11T12:40:17.420" activeThreads="8">
  <mem-info id="1157" free="17544648" total="74579968" percent="23">
    <mem type="nursery" free="3120120" total="23461888" percent="13">
      <mem type="allocate" free="3120120" total="11862016" percent="26" />
      <mem type="survivor" free="0" total="11599872" percent="0" />
    </mem>
    <mem type="tenure" free="14424528" total="51118080" percent="28">
      <mem type="soa" free="10845648" total="47539200" percent="22" />
      <mem type="loa" free="3578880" total="3578880" percent="100" />
    </mem>
    <remembered-set count="1052" />
  </mem-info>
</gc-end>
<cycle-end id="1158" type="scavenge" contextid="1151" timestamp="2020-09-11T12:40:17.420" />
<allocation-satisfied id="1159" threadId="00000000007A8400" bytesRequested="48" />
<af-end id="1160" timestamp="2020-09-11T12:40:17.420" threadId="00000000007A8D80" success="true" from="nursery"/>
<exclusive-end id="1161" timestamp="2020-09-11T12:40:17.421" durationms="13.098" />

<exclusive-start id="1162" timestamp="2020-09-11T12:40:17.423" intervalms="15.388">
  <response-info timems="0.350" idlems="0.350" threads="0" lastid="000000000075EA00" lastname="MapReducer.1" />
</exclusive-start>
<af-start id="1163" threadId="000000000075F380" totalBytesRequested="32" timestamp="2020-09-11T12:40:17.423" intervalms="15.383" type="nursery" />
<cycle-start id="1164" type="scavenge" contextid="0" timestamp="2020-09-11T12:40:17.423" intervalms="15.385" />
<gc-start id="1165" type="scavenge" contextid="1164" timestamp="2020-09-11T12:40:17.423">
  <mem-info id="1166" free="14424528" total="74579968" percent="19">
    <mem type="nursery" free="0" total="23461888" percent="0">
      <mem type="allocate" free="0" total="11862016" percent="0" />
      <mem type="survivor" free="0" total="11599872" percent="0" />
    </mem>
    <mem type="tenure" free="14424528" total="51118080" percent="28">
      <mem type="soa" free="10845648" total="47539200" percent="22" />
      <mem type="loa" free="3578880" total="3578880" percent="100" />
    </mem>
    <remembered-set count="1158" />
  </mem-info>
</gc-start>
<allocation-stats totalBytes="3119664" >
  <allocated-bytes non-tlh="48" tlh="3119616" />
  <largest-consumer threadName="MapReducer.1" threadId="000000000075EA00" bytes="2866080" />
</allocation-stats>
<gc-op id="1167" type="scavenge" timems="8.352" contextid="1164" timestamp="2020-09-11T12:40:17.431">
  <scavenger-info tenureage="2" tenuremask="ffe4" tiltratio="50" />
  <memory-copied type="nursery" objects="266791" bytes="8552416" bytesdiscarded="287912" />
  <memory-copied type="tenure" objects="90344" bytes="2910904" bytesdiscarded="72" />
  <references type="soft" candidates="21" cleared="0" enqueued="0" dynamicThreshold="11" maxThreshold="32" />
  <references type="weak" candidates="3" cleared="0" enqueued="0" />
</gc-op>
<heap-resize id="1168" type="expand" space="nursery" amount="7995392" count="1" timems="0.477" reason="excessive time being spent scavenging" timestamp="2020-09-11T12:40:17.432" />
<gc-end id="1169" type="scavenge" contextid="1164" durationms="9.193" usertimems="45.495" systemtimems="0.000" timestamp="2020-09-11T12:40:17.432" activeThreads="8">
  <mem-info id="1170" free="20505032" total="82575360" percent="24">
    <mem type="nursery" free="9181952" total="31457280" percent="29">
      <mem type="allocate" free="9181952" total="18022400" percent="50" />
      <mem type="survivor" free="0" total="13434880" percent="0" />
    </mem>
    <mem type="tenure" free="11323080" total="51118080" percent="22">
      <mem type="soa" free="7744200" total="47539200" percent="16" />
      <mem type="loa" free="3578880" total="3578880" percent="100" />
    </mem>
    <remembered-set count="970" />
  </mem-info>
</gc-end>
<cycle-end id="1171" type="scavenge" contextid="1164" timestamp="2020-09-11T12:40:17.433" />
<allocation-satisfied id="1172" threadId="000000000075EA00" bytesRequested="32" />
<af-end id="1173" timestamp="2020-09-11T12:40:17.433" threadId="000000000075F380" success="true" from="nursery"/>
<exclusive-end id="1174" timestamp="2020-09-11T12:40:17.433" durationms="10.103" />

<exclusive-start id="1175" timestamp="2020-09-11T12:40:17.436" intervalms="13.629">
  <response-info timems="0.357" idlems="0.357" threads="0" lastid="000000000075EA00" lastname="MapReducer.1" />
</exclusive-start>
<af-start id="1176" threadId="000000000075F380" totalBytesRequested="3481608" timestamp="2020-09-11T12:40:17.437" intervalms="13.764" type="nursery" />
<cycle-start id="1177" type="scavenge" contextid="0" timestamp="2020-09-11T12:40:17.437" intervalms="13.764" />
<gc-start id="1178" type="scavenge" contextid="1177" timestamp="2020-09-11T12:40:17.437">
  <mem-info id="1179" free="12677576" total="82575360" percent="15">
    <mem type="nursery" free="1354496" total="31457280" percent="4">
      <mem type="allocate" free="1354496" total="18022400" percent="7" />
      <mem type="survivor" free="0" total="13434880" percent="0" />
    </mem>
    <mem type="tenure" free="11323080" total="51118080" percent="22">
      <mem type="soa" free="7744200" total="47539200" percent="16" />
      <mem type="loa" free="3578880" total="3578880" percent="100" />
    </mem>
    <remembered-set count="1261" />
  </mem-info>
</gc-start>
<allocation-stats totalBytes="7827168" >
  <allocated-bytes non-tlh="32" tlh="7827136" />
  <largest-consumer threadName="MapReducer.1" threadId="000000000075EA00" bytes="7200768" />
</allocation-stats>
<gc-op id="1180" type="scavenge" timems="12.264" contextid="1177" timestamp="2020-09-11T12:40:17.449">
  <scavenger-info tenureage="2" tenuremask="fff4" tiltratio="57" />
  <memory-copied type="nursery" objects="326581" bytes="10435328" bytesdiscarded="306688" />
  <memory-copied type="tenure" objects="172621" bytes="5543824" bytesdiscarded="136" />
  <ownableSynchronizers candidates="1" cleared="0" />
  <references type="soft" candidates="1" cleared="0" enqueued="0" dynamicThreshold="11" maxThreshold="32" />
</gc-op>
<heap-resize id="1181" type="expand" space="nursery" amount="11010048" count="1" timems="0.048" reason="excessive time being spent scavenging" timestamp="2020-09-11T12:40:17.449" />
<gc-end id="1182" type="scavenge" contextid="1177" durationms="12.762" usertimems="63.394" systemtimems="10.017" timestamp="2020-09-11T12:40:17.450" activeThreads="8">
  <mem-info id="1183" free="20014280" total="93585408" percent="21">
    <mem type="nursery" free="14161664" total="42467328" percent="33">
      <mem type="allocate" free="14161664" total="24903680" percent="56" />
      <mem type="survivor" free="0" total="17563648" percent="0" />
    </mem>
    <mem type="tenure" free="5852616" total="51118080" percent="11">
      <mem type="soa" free="2273736" total="47539200" percent="4" />
      <mem type="loa" free="3578880" total="3578880" percent="100" />
    </mem>
    <remembered-set count="1094" />
  </mem-info>
</gc-end>
<cycle-end id="1184" type="scavenge" contextid="1177" timestamp="2020-09-11T12:40:17.450" />
<allocation-satisfied id="1185" threadId="000000000075EA00" bytesRequested="3481608" />
<af-end id="1186" timestamp="2020-09-11T12:40:17.451" threadId="000000000075F380" success="true" from="nursery"/>
<exclusive-end id="1187" timestamp="2020-09-11T12:40:17.451" durationms="14.737" />

<exclusive-start id="1188" timestamp="2020-09-11T12:40:17.456" intervalms="19.248">
  <response-info timems="0.220" idlems="0.220" threads="0" lastid="000000000075EA00" lastname="MapReducer.1" />
</exclusive-start>
<af-start id="1189" threadId="000000000075F380" totalBytesRequested="32" timestamp="2020-09-11T12:40:17.456" intervalms="19.289" type="nursery" />
<cycle-start id="1190" type="scavenge" contextid="0" timestamp="2020-09-11T12:40:17.456" intervalms="19.291" />
<gc-start id="1191" type="scavenge" contextid="1190" timestamp="2020-09-11T12:40:17.456">
  <mem-info id="1192" free="5852616" total="93585408" percent="6">
    <mem type="nursery" free="0" total="42467328" percent="0">
      <mem type="allocate" free="0" total="24903680" percent="0" />
      <mem type="survivor" free="0" total="17563648" percent="0" />
    </mem>
    <mem type="tenure" free="5852616" total="51118080" percent="11">
      <mem type="soa" free="2273736" total="47539200" percent="4" />
      <mem type="loa" free="3578880" total="3578880" percent="100" />
    </mem>
    <remembered-set count="1385" />
  </mem-info>
</gc-start>
<allocation-stats totalBytes="14161488" >
  <allocated-bytes non-tlh="3481608" tlh="10679880" />
  <largest-consumer threadName="MapReducer.1" threadId="000000000075EA00" bytes="13588200" />
</allocation-stats>
<gc-op id="1193" type="scavenge" timems="17.910" contextid="1190" timestamp="2020-09-11T12:40:17.474">
  <scavenger-info tenureage="2" tenuremask="fff4" tiltratio="58" />
  <memory-copied type="nursery" objects="440696" bytes="17563408" bytesdiscarded="240" />
  <memory-copied type="tenure" objects="211123" bytes="6746544" bytesdiscarded="120" />
  <copy-failed type="nursery" objects="116956" bytes="3737984" />
  <ownableSynchronizers candidates="1" cleared="0" />
  <heap-resize type="expand" space="tenure" amount="4521984" count="23" timems="1.679" reason="continue current collection" />
</gc-op>
<heap-resize id="1194" type="expand" space="nursery" amount="15335424" count="1" timems="0.057" reason="excessive time being spent scavenging" timestamp="2020-09-11T12:40:17.474" />
<gc-end id="1195" type="scavenge" contextid="1190" durationms="18.374" usertimems="107.764" systemtimems="5.369" timestamp="2020-09-11T12:40:17.475" activeThreads="8">
  <mem-info id="1196" free="15258112" total="113442816" percent="13">
    <mem type="nursery" free="11337728" total="57802752" percent="19">
      <mem type="allocate" free="11337728" total="28901376" percent="39" />
      <mem type="survivor" free="0" total="28901376" percent="0" />
    </mem>
    <mem type="tenure" free="3920384" total="55640064" percent="7">
      <mem type="soa" free="25088" total="51744768" percent="0" />
      <mem type="loa" free="3895296" total="3895296" percent="100" />
    </mem>
    <remembered-set count="1279" />
  </mem-info>
</gc-end>
<cycle-end id="1197" type="scavenge" contextid="1190" timestamp="2020-09-11T12:40:17.475" />
<allocation-satisfied id="1198" threadId="000000000075EA00" bytesRequested="32" />
<af-end id="1199" timestamp="2020-09-11T12:40:17.475" threadId="000000000075F380" success="true" from="nursery"/>
<exclusive-end id="1200" timestamp="2020-09-11T12:40:17.475" durationms="19.400" />

<exclusive-start id="1201" timestamp="2020-09-11T12:40:17.487" intervalms="31.413">
  <response-info timems="7.339" idlems="7.339" threads="0" lastid="000000000075EA00" lastname="MapReducer.1" />
</exclusive-start>
<af-start id="1202" threadId="000000000075F380" totalBytesRequested="32" timestamp="2020-09-11T12:40:17.487" intervalms="31.463" type="nursery" />
<cycle-start id="1203" type="scavenge" contextid="0" timestamp="2020-09-11T12:40:17.488" intervalms="31.472" />
<gc-start id="1204" type="scavenge" contextid="1203" timestamp="2020-09-11T12:40:17.488">
  <mem-info id="1205" free="3920384" total="113442816" percent="3">
    <mem type="nursery" free="0" total="57802752" percent="0">
      <mem type="allocate" free="0" total="28901376" percent="0" />
      <mem type="survivor" free="0" total="28901376" percent="0" />
    </mem>
    <mem type="tenure" free="3920384" total="55640064" percent="7">
      <mem type="soa" free="25088" total="51744768" percent="0" />
      <mem type="loa" free="3895296" total="3895296" percent="100" />
    </mem>
    <remembered-set count="1544" />
  </mem-info>
</gc-start>
<allocation-stats totalBytes="11337600" >
  <allocated-bytes non-tlh="32" tlh="11337568" />
  <largest-consumer threadName="MapReducer.1" threadId="000000000075EA00" bytes="10752000" />
</allocation-stats>
<gc-op id="1206" type="scavenge" timems="18.748" contextid="1203" timestamp="2020-09-11T12:40:17.506">
  <scavenger-info tenureage="2" tenuremask="fff4" tiltratio="50" />
  <memory-copied type="nursery" objects="670214" bytes="24915664" bytesdiscarded="268088" />
  <memory-copied type="tenure" objects="115457" bytes="3688728" bytesdiscarded="192" />
  <ownableSynchronizers candidates="1" cleared="0" />
  <heap-resize type="expand" space="tenure" amount="4194304" count="16" timems="1.766" reason="continue current collection" />
</gc-op>
<heap-resize id="1207" type="expand" space="nursery" amount="7340032" count="1" timems="0.061" reason="excessive time being spent scavenging" timestamp="2020-09-11T12:40:17.507" />
<gc-end id="1208" type="scavenge" contextid="1203" durationms="19.200" usertimems="121.938" systemtimems="6.982" timestamp="2020-09-11T12:40:17.507" activeThreads="8">
  <mem-info id="1209" free="11726840" total="124977152" percent="9">
    <mem type="nursery" free="7387640" total="65142784" percent="11">
      <mem type="allocate" free="7387640" total="32571392" percent="22" />
      <mem type="survivor" free="0" total="32571392" percent="0" />
    </mem>
    <mem type="tenure" free="4339200" total="59834368" percent="7">
      <mem type="soa" free="150016" total="55645184" percent="0" />
      <mem type="loa" free="4189184" total="4189184" percent="100" />
    </mem>
    <remembered-set count="1286" />
  </mem-info>
</gc-end>
<cycle-end id="1210" type="scavenge" contextid="1203" timestamp="2020-09-11T12:40:17.507" />
<allocation-satisfied id="1211" threadId="000000000075EA00" bytesRequested="32" />
<af-end id="1212" timestamp="2020-09-11T12:40:17.507" threadId="000000000075F380" success="true" from="nursery"/>
<exclusive-end id="1213" timestamp="2020-09-11T12:40:17.507" durationms="20.296" />

<exclusive-start id="1214" timestamp="2020-09-11T12:40:17.513" intervalms="26.239">
  <response-info timems="0.262" idlems="0.204" threads="1" lastid="000000000079D100" lastname="ForkJoinPool-3-worker-5" />
</exclusive-start>
<af-start id="1215" threadId="000000000075F380" totalBytesRequested="32" timestamp="2020-09-11T12:40:17.514" intervalms="26.174" type="nursery" />
<cycle-start id="1216" type="scavenge" contextid="0" timestamp="2020-09-11T12:40:17.514" intervalms="26.161" />
<gc-start id="1217" type="scavenge" contextid="1216" timestamp="2020-09-11T12:40:17.514">
  <mem-info id="1218" free="4338912" total="124977152" percent="3">
    <mem type="nursery" free="0" total="65142784" percent="0">
      <mem type="allocate" free="0" total="32571392" percent="0" />
      <mem type="survivor" free="0" total="32571392" percent="0" />
    </mem>
    <mem type="tenure" free="4338912" total="59834368" percent="7">
      <mem type="soa" free="149728" total="55645184" percent="0" />
      <mem type="loa" free="4189184" total="4189184" percent="100" />
    </mem>
    <remembered-set count="2217" />
  </mem-info>
</gc-start>
<allocation-stats totalBytes="7387664" >
  <allocated-bytes non-tlh="71512" tlh="7316152" />
  <largest-consumer threadName="MapReducer.1" threadId="000000000075EA00" bytes="6443968" />
</allocation-stats>
<gc-op id="1219" type="scavenge" timems="26.419" contextid="1216" timestamp="2020-09-11T12:40:17.540">
  <scavenger-info tenureage="2" tenuremask="fff4" tiltratio="50" />
  <memory-copied type="nursery" objects="562047" bytes="18044920" bytesdiscarded="192680" />
  <memory-copied type="tenure" objects="325238" bytes="13874624" bytesdiscarded="168" />
  <references type="soft" candidates="22" cleared="0" enqueued="0" dynamicThreshold="11" maxThreshold="32" />
  <references type="weak" candidates="3" cleared="0" enqueued="0" />
  <heap-resize type="expand" space="tenure" amount="14680064" count="56" timems="5.600" reason="continue current collection" />
</gc-op>
<heap-resize id="1220" type="expand" space="nursery" amount="25296896" count="1" timems="0.080" reason="excessive time being spent scavenging" timestamp="2020-09-11T12:40:17.541" />
<gc-end id="1221" type="scavenge" contextid="1216" durationms="27.011" usertimems="161.290" systemtimems="17.452" timestamp="2020-09-11T12:40:17.541" activeThreads="8">
  <mem-info id="1222" free="33386480" total="164954112" percent="20">
    <mem type="nursery" free="28161520" total="90439680" percent="31">
      <mem type="allocate" free="28161520" total="46399488" percent="60" />
      <mem type="survivor" free="0" total="44040192" percent="0" />
    </mem>
    <mem type="tenure" free="5224960" total="74514432" percent="7">
      <mem type="soa" free="8704" total="69298176" percent="0" />
      <mem type="loa" free="5216256" total="5216256" percent="100" />
    </mem>
    <remembered-set count="1205" />
  </mem-info>
</gc-end>
<cycle-end id="1223" type="scavenge" contextid="1216" timestamp="2020-09-11T12:40:17.541" />
<allocation-satisfied id="1224" threadId="000000000075EA00" bytesRequested="32" />
<af-end id="1225" timestamp="2020-09-11T12:40:17.541" threadId="000000000075F380" success="true" from="nursery"/>
<exclusive-end id="1226" timestamp="2020-09-11T12:40:17.541" durationms="28.074" />

<exclusive-start id="1227" timestamp="2020-09-11T12:40:17.599" intervalms="85.805">
  <response-info timems="0.173" idlems="0.151" threads="1" lastid="00000000007B1000" lastname="ForkJoinPool-3-worker-7" />
</exclusive-start>
<af-start id="1228" threadId="00000000007B5580" totalBytesRequested="24" timestamp="2020-09-11T12:40:17.599" intervalms="85.794" type="nursery" />
<cycle-start id="1229" type="scavenge" contextid="0" timestamp="2020-09-11T12:40:17.599" intervalms="85.792" />
<gc-start id="1230" type="scavenge" contextid="1229" timestamp="2020-09-11T12:40:17.600">
  <mem-info id="1231" free="5219232" total="164954112" percent="3">
    <mem type="nursery" free="0" total="90439680" percent="0">
      <mem type="allocate" free="0" total="46399488" percent="0" />
      <mem type="survivor" free="0" total="44040192" percent="0" />
    </mem>
    <mem type="tenure" free="5219232" total="74514432" percent="7">
      <mem type="soa" free="2976" total="69298176" percent="0" />
      <mem type="loa" free="5216256" total="5216256" percent="100" />
    </mem>
    <remembered-set count="6879" />
  </mem-info>
</gc-start>
<allocation-stats totalBytes="28163024" >
  <allocated-bytes non-tlh="452472" tlh="27710552" />
  <largest-consumer threadName="ForkJoinPool-3-worker-7" threadId="00000000007B1000" bytes="9755376" />
</allocation-stats>
<gc-op id="1232" type="scavenge" timems="30.388" contextid="1229" timestamp="2020-09-11T12:40:17.630">
  <scavenger-info tenureage="2" tenuremask="7fe4" tiltratio="51" />
  <memory-copied type="nursery" objects="678744" bytes="21804640" bytesdiscarded="275344" />
  <memory-copied type="tenure" objects="344973" bytes="11024280" bytesdiscarded="208" />
  <ownableSynchronizers candidates="20" cleared="0" />
  <references type="soft" candidates="129" cleared="0" enqueued="0" dynamicThreshold="11" maxThreshold="32" />
  <references type="weak" candidates="38" cleared="1" enqueued="1" />
  <references type="phantom" candidates="2" cleared="0" enqueued="0" />
  <heap-resize type="expand" space="tenure" amount="12124160" count="37" timems="2.608" reason="continue current collection" />
</gc-op>
<heap-resize id="1233" type="expand" space="nursery" amount="14811136" count="1" timems="0.034" reason="excessive time being spent scavenging" timestamp="2020-09-11T12:40:17.630" />
<gc-end id="1234" type="scavenge" contextid="1229" durationms="30.860" usertimems="207.974" systemtimems="7.536" timestamp="2020-09-11T12:40:17.630" activeThreads="8">
  <mem-info id="1235" free="48601928" total="191889408" percent="25">
    <mem type="nursery" free="42536776" total="105250816" percent="40">
      <mem type="allocate" free="42536776" total="64618496" percent="65" />
      <mem type="survivor" free="0" total="40632320" percent="0" />
    </mem>
    <mem type="tenure" free="6065152" total="86638592" percent="7">
      <mem type="soa" free="0" total="80573440" percent="0" />
      <mem type="loa" free="6065152" total="6065152" percent="100" />
    </mem>
    <pending-finalizers system="0" default="0" reference="1" classloader="0" />
    <remembered-set count="4704" />
  </mem-info>
</gc-end>
<cycle-end id="1236" type="scavenge" contextid="1229" timestamp="2020-09-11T12:40:17.633" />
<allocation-satisfied id="1237" threadId="00000000007B4C00" bytesRequested="24" />
<af-end id="1238" timestamp="2020-09-11T12:40:17.633" threadId="00000000007B5580" success="true" from="nursery"/>
<exclusive-end id="1239" timestamp="2020-09-11T12:40:17.633" durationms="33.569" />

<exclusive-start id="1240" timestamp="2020-09-11T12:40:17.724" intervalms="124.494">
  <response-info timems="0.251" idlems="0.251" threads="0" lastid="00000000007B1000" lastname="ForkJoinPool-3-worker-7" />
</exclusive-start>
<af-start id="1241" threadId="00000000007B1980" totalBytesRequested="64" timestamp="2020-09-11T12:40:17.724" intervalms="124.548" type="nursery" />
<percolate-collect id="1242" from="nursery" to="global" reason="met projected tenure max free" timestamp="2020-09-11T12:40:17.724"/>
<cycle-start id="1243" type="global" contextid="0" timestamp="2020-09-11T12:40:17.724" intervalms="433.761" />
<gc-start id="1244" type="global" contextid="1243" timestamp="2020-09-11T12:40:17.724">
  <mem-info id="1245" free="6065152" total="191889408" percent="3">
    <mem type="nursery" free="0" total="105250816" percent="0">
      <mem type="allocate" free="0" total="64618496" percent="0" />
      <mem type="survivor" free="0" total="40632320" percent="0" />
    </mem>
    <mem type="tenure" free="6065152" total="86638592" percent="7">
      <mem type="soa" free="0" total="80573440" percent="0" />
      <mem type="loa" free="6065152" total="6065152" percent="100" />
    </mem>
    <remembered-set count="7582" />
  </mem-info>
</gc-start>
<allocation-stats totalBytes="42532480" >
  <allocated-bytes non-tlh="1381344" tlh="41151136" />
  <largest-consumer threadName="ForkJoinPool-3-worker-9" threadId="00000000007B4C00" bytes="16116816" />
</allocation-stats>
<gc-op id="1246" type="mark" timems="37.997" contextid="1243" timestamp="2020-09-11T12:40:17.762">
  <trace-info objectcount="2993246" scancount="2617392" scanbytes="84609064" />
  <finalization candidates="88" enqueued="0" />
  <ownableSynchronizers candidates="95" cleared="0" />
  <references type="soft" candidates="4570" cleared="0" enqueued="0" dynamicThreshold="11" maxThreshold="32" />
  <references type="weak" candidates="2952" cleared="0" enqueued="0" />
  <references type="phantom" candidates="102" cleared="0" enqueued="0" />
  <stringconstants candidates="9189" cleared="2"  />
</gc-op>
<gc-op id="1247" type="sweep" timems="1.989" contextid="1243" timestamp="2020-09-11T12:40:17.764" />
<heap-resize id="1248" type="expand" space="tenure" amount="34603008" count="1" timems="0.298" reason="insufficient free space following gc" timestamp="2020-09-11T12:40:17.765" />
<gc-end id="1249" type="global" contextid="1243" durationms="40.890" usertimems="299.567" systemtimems="3.866" timestamp="2020-09-11T12:40:17.765" activeThreads="8">
  <mem-info id="1250" free="42640944" total="226492416" percent="18">
    <mem type="nursery" free="1395904" total="105250816" percent="1">
      <mem type="allocate" free="1395904" total="64618496" percent="2" />
      <mem type="survivor" free="0" total="40632320" percent="0" />
    </mem>
    <mem type="tenure" free="41245040" total="121241600" percent="34" micro-fragmented="768" macro-fragmented="0">
      <mem type="soa" free="32758128" total="112754688" percent="29" />
      <mem type="loa" free="8486912" total="8486912" percent="100" />
    </mem>
    <remembered-set count="7559" />
  </mem-info>
</gc-end>
<cycle-end id="1251" type="global" contextid="1243" timestamp="2020-09-11T12:40:17.765" />
<allocation-satisfied id="1252" threadId="00000000007B1000" bytesRequested="64" />
<af-end id="1253" timestamp="2020-09-11T12:40:17.765" threadId="00000000007B1980" success="true" from="nursery"/>
<exclusive-end id="1254" timestamp="2020-09-11T12:40:17.765" durationms="41.759" />

<exclusive-start id="1255" timestamp="2020-09-11T12:40:17.772" intervalms="47.933">
  <response-info timems="0.190" idlems="0.190" threads="0" lastid="000000000079D100" lastname="ForkJoinPool-3-worker-5" />
</exclusive-start>
<af-start id="1256" threadId="000000000079DA80" totalBytesRequested="24" timestamp="2020-09-11T12:40:17.772" intervalms="47.914" type="nursery" />
<cycle-start id="1257" type="scavenge" contextid="0" timestamp="2020-09-11T12:40:17.772" intervalms="172.472" />
<gc-start id="1258" type="scavenge" contextid="1257" timestamp="2020-09-11T12:40:17.772">
  <mem-info id="1259" free="41245040" total="226492416" percent="18">
    <mem type="nursery" free="0" total="105250816" percent="0">
      <mem type="allocate" free="0" total="64618496" percent="0" />
      <mem type="survivor" free="0" total="40632320" percent="0" />
    </mem>
    <mem type="tenure" free="41245040" total="121241600" percent="34">
      <mem type="soa" free="32758128" total="112754688" percent="29" />
      <mem type="loa" free="8486912" total="8486912" percent="100" />
    </mem>
    <remembered-set count="7591" />
  </mem-info>
</gc-start>
<allocation-stats totalBytes="1395488" >
  <allocated-bytes non-tlh="64" tlh="1395424" />
  <largest-consumer threadName="ForkJoinPool-3-worker-9" threadId="00000000007B4C00" bytes="785040" />
</allocation-stats>
<gc-op id="1260" type="scavenge" timems="33.760" contextid="1257" timestamp="2020-09-11T12:40:17.806">
  <scavenger-info tenureage="4" tenuremask="7ff0" tiltratio="61" />
  <memory-copied type="nursery" objects="1285610" bytes="40626488" bytesdiscarded="5472" />
  <memory-copied type="tenure" objects="28499" bytes="957928" bytesdiscarded="728" />
  <copy-failed type="nursery" objects="28499" bytes="957928" />
  <ownableSynchronizers candidates="190" cleared="170" />
  <references type="soft" candidates="129" cleared="0" enqueued="0" dynamicThreshold="10" maxThreshold="32" />
  <references type="weak" candidates="37" cleared="0" enqueued="0" />
  <references type="phantom" candidates="2" cleared="0" enqueued="0" />
</gc-op>
<heap-resize id="1261" type="expand" space="nursery" amount="9437184" count="1" timems="0.074" reason="excessive time being spent scavenging" timestamp="2020-09-11T12:40:17.806" />
<gc-end id="1262" type="scavenge" contextid="1257" durationms="34.300" usertimems="243.893" systemtimems="0.000" timestamp="2020-09-11T12:40:17.806" activeThreads="8">
  <mem-info id="1263" free="56899104" total="235929600" percent="24">
    <mem type="nursery" free="16711680" total="114688000" percent="14">
      <mem type="allocate" free="16711680" total="57344000" percent="29" />
      <mem type="survivor" free="0" total="57344000" percent="0" />
    </mem>
    <mem type="tenure" free="40187424" total="121241600" percent="33">
      <mem type="soa" free="31700512" total="112754688" percent="28" />
      <mem type="loa" free="8486912" total="8486912" percent="100" />
    </mem>
    <remembered-set count="5436" />
  </mem-info>
</gc-end>
<cycle-end id="1264" type="scavenge" contextid="1257" timestamp="2020-09-11T12:40:17.808" />
<allocation-satisfied id="1265" threadId="000000000079D100" bytesRequested="24" />
<af-end id="1266" timestamp="2020-09-11T12:40:17.808" threadId="000000000079DA80" success="true" from="nursery"/>
<exclusive-end id="1267" timestamp="2020-09-11T12:40:17.808" durationms="36.337" />

</verbosegc>

