<?xml version="1.0" ?>

<verbosegc xmlns="http://www.ibm.com/j9/verbosegc" version="c1dd04cca_CMPRSS">

!@: MM_VerboseWriterFileLoggingSynchronous::openFile

!@: Before Trigger

<exclusive-start id="3707" timestamp="2020-09-11T12:46:43.249" intervalms="2038.667">
  <response-info timems="1.487" idlems="1.487" threads="0" lastid="000000000086B500" lastname="Group1.Backend.CompositeBackend{Tier1}.4" />
</exclusive-start>
!@: handleInitialized
<initialized id="3708" timestamp="2020-09-11T12:46:43.250">
  <attribute name="gcPolicy" value="-Xgcpolicy:gencon" />
  <attribute name="maxHeapSize" value="0xe0000000" />
  <attribute name="initialHeapSize" value="0x800000" />
  <attribute name="compressedRefs" value="true" />
  <attribute name="compressedRefsDisplacement" value="0x0" />
  <attribute name="compressedRefsShift" value="0x0" />
  <attribute name="pageSize" value="0x1000" />
  <attribute name="pageType" value="not used" />
  <attribute name="requestedPageSize" value="0x1000" />
  <attribute name="requestedPageType" value="not used" />
  <attribute name="gcthreads" value="8" />
  <attribute name="packetListSplit" value="1" />
  <attribute name="cacheListSplit" value="1" />
  <attribute name="splitFreeListSplitAmount" value="1" />
  <attribute name="numaNodes" value="0" />
  <system>
    <attribute name="physicalMemory" value="16818696192" />
    <attribute name="numCPUs" value="8" />
    <attribute name="architecture" value="amd64" />
    <attribute name="os" value="Linux" />
    <attribute name="osVersion" value="4.15.0-101-generic" />
  </system>
  <vmargs>
    <vmarg name="-Xoptionsfile=/root/code/openj9-openjdk-jdk11/build/linux-x86_64-normal-server-release/jdk/lib/options.default" />
    <vmarg name="-Xlockword:mode=default,noLockword=java/lang/String,noLockword=java/util/MapEntry,noLockword=java/util/HashMap$Entry,noLockword..." />
    <vmarg name="-Xjcl:jclse29" />
    <vmarg name="-Dcom.ibm.oti.vm.bootstrap.library.path=/root/code/openj9-openjdk-jdk11/build/linux-x86_64-normal-server-release/jdk/lib/compre..." />
    <vmarg name="-Dsun.boot.library.path=/root/code/openj9-openjdk-jdk11/build/linux-x86_64-normal-server-release/jdk/lib/compressedrefs:/root/c..." />
    <vmarg name="-Djava.library.path=/root/code/openj9-openjdk-jdk11/build/linux-x86_64-normal-server-release/jdk/lib/compressedrefs:/root/code/..." />
    <vmarg name="-Djava.home=/root/code/openj9-openjdk-jdk11/build/linux-x86_64-normal-server-release/jdk" />
    <vmarg name="-Duser.dir=/root/specjbb2015" />
    <vmarg name="-verbose:gc" />
    <vmarg name="-Xmx3584M" />
    <vmarg name="-Xgc:noConcurrentMark" />
    <vmarg name="-Xtgc:parallel" />
    <vmarg name="-XX:-UseGCStartupHints" />
    <vmarg name="-Xgcpolicy:gencon" />
    <vmarg name="-Xverbosegclog:testOutput,5,100" />
    <vmarg name="-Djava.class.path=/root/specjbb2015/specjbb2015.jar" />
    <vmarg name="-Dsun.java.command=/root/specjbb2015/specjbb2015.jar -m COMPOSITE" />
    <vmarg name="-Dsun.java.launcher=SUN_STANDARD" />
    <vmarg name="-Dsun.java.launcher.pid=19756" />
  </vmargs>
</initialized>

!@: After Trigger

<af-start id="3709" threadId="000000000086BE80" totalBytesRequested="1032" timestamp="2020-09-11T12:46:43.251" intervalms="2040.267" type="nursery" />
<cycle-start id="3710" type="scavenge" contextid="0" timestamp="2020-09-11T12:46:43.252" intervalms="2040.447" />
<gc-start id="3711" type="scavenge" contextid="3710" timestamp="2020-09-11T12:46:43.252">
  <mem-info id="3712" free="187098368" total="2785607680" percent="6">
    <mem type="nursery" free="0" total="939524096" percent="0">
      <mem type="allocate" free="0" total="804126720" percent="0" />
      <mem type="survivor" free="0" total="135397376" percent="0" />
    </mem>
    <mem type="tenure" free="187098368" total="1846083584" percent="10">
      <mem type="soa" free="57871616" total="1716856832" percent="3" />
      <mem type="loa" free="129226752" total="129226752" percent="100" />
    </mem>
    <remembered-set count="195126" />
  </mem-info>
</gc-start>
<allocation-stats totalBytes="688383592" >
  <allocated-bytes non-tlh="35011304" tlh="653372288" />
  <largest-consumer threadName="Group1.Backend.CompositeBackend{Tier1}.3" threadId="000000000086A900" bytes="106150136" />
</allocation-stats>
<gc-op id="3713" type="scavenge" timems="121.322" contextid="3710" timestamp="2020-09-11T12:46:43.373">
  <scavenger-info tenureage="3" tenuremask="7ff8" tiltratio="85" />
  <memory-copied type="nursery" objects="4092166" bytes="109661560" bytesdiscarded="160176" />
  <memory-copied type="tenure" objects="1112116" bytes="29914112" bytesdiscarded="60888" />
  <ownableSynchronizers candidates="4492" cleared="4104" />
  <references type="soft" candidates="310" cleared="0" enqueued="0" dynamicThreshold="18" maxThreshold="32" />
  <references type="weak" candidates="118" cleared="118" enqueued="0" />
</gc-op>
<gc-end id="3714" type="scavenge" contextid="3710" durationms="123.047" usertimems="908.620" systemtimems="23.403" timestamp="2020-09-11T12:46:43.375" activeThreads="8">
  <mem-info id="3715" free="852597456" total="2785607680" percent="30">
    <mem type="nursery" free="695534336" total="939524096" percent="74">
      <mem type="allocate" free="695534336" total="805437440" percent="86" />
      <mem type="survivor" free="0" total="134086656" percent="0" />
    </mem>
    <mem type="tenure" free="157063120" total="1846083584" percent="8" macro-fragmented="0">
      <mem type="soa" free="27836368" total="1716856832" percent="1" />
      <mem type="loa" free="129226752" total="129226752" percent="100" />
    </mem>
    <remembered-set count="33277" />
  </mem-info>
</gc-end>
<cycle-end id="3716" type="scavenge" contextid="3710" timestamp="2020-09-11T12:46:43.378" />
<allocation-satisfied id="3717" threadId="000000000086B500" bytesRequested="1032" />
<af-end id="3718" timestamp="2020-09-11T12:46:43.378" threadId="000000000086BE80" success="true" from="nursery"/>
<exclusive-end id="3719" timestamp="2020-09-11T12:46:43.378" durationms="129.374" />

<exclusive-start id="3720" timestamp="2020-09-11T12:46:45.417" intervalms="2167.551">
  <response-info timems="4.968" idlems="4.968" threads="0" lastid="0000000000789300" lastname="Group1.Backend.CompositeBackend{Tier1}.1" />
</exclusive-start>
<af-start id="3721" threadId="0000000000789C80" totalBytesRequested="32" timestamp="2020-09-11T12:46:45.417" intervalms="2166.047" type="nursery" />
<percolate-collect id="3722" from="nursery" to="global" reason="prevent tenure expand" timestamp="2020-09-11T12:46:45.418"/>
<cycle-start id="3723" type="global" contextid="0" timestamp="2020-09-11T12:46:45.418" intervalms="64197.043" />
<gc-start id="3724" type="global" contextid="3723" timestamp="2020-09-11T12:46:45.418">
  <mem-info id="3725" free="157063120" total="2785607680" percent="5">
    <mem type="nursery" free="0" total="939524096" percent="0">
      <mem type="allocate" free="0" total="805437440" percent="0" />
      <mem type="survivor" free="0" total="134086656" percent="0" />
    </mem>
    <mem type="tenure" free="157063120" total="1846083584" percent="8">
      <mem type="soa" free="27836368" total="1716856832" percent="1" />
      <mem type="loa" free="129226752" total="129226752" percent="100" />
    </mem>
    <remembered-set count="196304" />
  </mem-info>
</gc-start>
<allocation-stats totalBytes="695220376" >
  <allocated-bytes non-tlh="31721048" tlh="663499328" />
  <largest-consumer threadName="Group1.Backend.CompositeBackend{Tier1}.6" threadId="000000000089DB00" bytes="117963432" />
</allocation-stats>
<heap-resize id="3726" type="loa contract" space="tenure" amount="18461696" count="1" timems="0.000" reason="contract underutilized loa" timestamp="2020-09-11T12:46:45.418" />
<gc-op id="3727" type="mark" timems="748.863" contextid="3723" timestamp="2020-09-11T12:46:46.167">
  <trace-info objectcount="30908576" scancount="29928732" scanbytes="817354080" />
  <finalization candidates="149" enqueued="0" />
  <ownableSynchronizers candidates="587869" cleared="4492" />
  <references type="soft" candidates="706465" cleared="0" enqueued="0" dynamicThreshold="18" maxThreshold="32" />
  <references type="weak" candidates="4386" cleared="99" enqueued="0" />
  <references type="phantom" candidates="107" cleared="0" enqueued="0" />
  <stringconstants candidates="10922" cleared="1"  />
</gc-op>
<gc-op id="3728" type="sweep" timems="15.537" contextid="3723" timestamp="2020-09-11T12:46:46.183" />
<gc-end id="3729" type="global" contextid="3723" durationms="765.560" usertimems="5579.289" systemtimems="61.482" timestamp="2020-09-11T12:46:46.183" activeThreads="8">
  <mem-info id="3730" free="1649034168" total="2785607680" percent="59">
    <mem type="nursery" free="605572072" total="939524096" percent="64">
      <mem type="allocate" free="605572072" total="805437440" percent="75" />
      <mem type="survivor" free="0" total="134086656" percent="0" />
    </mem>
    <mem type="tenure" free="1043462096" total="1846083584" percent="56" micro-fragmented="56593946" macro-fragmented="0">
      <mem type="soa" free="932697040" total="1735318528" percent="53" />
      <mem type="loa" free="110765056" total="110765056" percent="100" />
    </mem>
    <remembered-set count="190339" />
  </mem-info>
</gc-end>
<cycle-end id="3731" type="global" contextid="3723" timestamp="2020-09-11T12:46:46.196" />
<allocation-satisfied id="3732" threadId="0000000000789300" bytesRequested="32" />
<af-end id="3733" timestamp="2020-09-11T12:46:46.196" threadId="0000000000789C80" success="true" from="nursery"/>
<exclusive-end id="3734" timestamp="2020-09-11T12:46:46.196" durationms="779.196" />

<exclusive-start id="3735" timestamp="2020-09-11T12:46:47.176" intervalms="1759.024">
  <response-info timems="0.831" idlems="0.831" threads="0" lastid="00000000008D4B00" lastname="Group1.Backend.CompositeBackend{Tier1}.8" />
</exclusive-start>
<af-start id="3736" threadId="00000000008D5480" totalBytesRequested="266904" timestamp="2020-09-11T12:46:47.177" intervalms="1759.700" type="nursery" />
<cycle-start id="3737" type="scavenge" contextid="0" timestamp="2020-09-11T12:46:47.177" intervalms="3925.819" />
<gc-start id="3738" type="scavenge" contextid="3737" timestamp="2020-09-11T12:46:47.178">
  <mem-info id="3739" free="1063270776" total="2785607680" percent="38">
    <mem type="nursery" free="19808728" total="939524096" percent="2">
      <mem type="allocate" free="19808728" total="805437440" percent="2" />
      <mem type="survivor" free="0" total="134086656" percent="0" />
    </mem>
    <mem type="tenure" free="1043462048" total="1846083584" percent="56">
      <mem type="soa" free="932696992" total="1735318528" percent="53" />
      <mem type="loa" free="110765056" total="110765056" percent="100" />
    </mem>
    <remembered-set count="243256" />
  </mem-info>
</gc-start>
<allocation-stats totalBytes="583676088" >
  <allocated-bytes non-tlh="31050184" tlh="552625904" />
  <largest-consumer threadName="Group1.Backend.CompositeBackend{Tier1}.1" threadId="0000000000789300" bytes="103788496" />
</allocation-stats>
<gc-op id="3740" type="scavenge" timems="199.249" contextid="3737" timestamp="2020-09-11T12:46:47.377">
  <scavenger-info tenureage="3" tenuremask="7ff8" tiltratio="85" />
  <memory-copied type="nursery" objects="5039813" bytes="133923128" bytesdiscarded="34048" />
  <memory-copied type="tenure" objects="1477152" bytes="39348280" bytesdiscarded="110456" />
  <copy-failed type="nursery" objects="491633" bytes="12896008" />
  <ownableSynchronizers candidates="1170066" cleared="1169619" />
  <references type="soft" candidates="420" cleared="0" enqueued="0" dynamicThreshold="18" maxThreshold="32" />
  <references type="weak" candidates="99" cleared="99" enqueued="0" />
</gc-op>
<gc-end id="3741" type="scavenge" contextid="3737" durationms="201.117" usertimems="1469.323" systemtimems="13.527" timestamp="2020-09-11T12:46:47.379" activeThreads="8">
  <mem-info id="3742" free="1603229984" total="2785607680" percent="57">
    <mem type="nursery" free="599326720" total="939524096" percent="63">
      <mem type="allocate" free="599326720" total="733413376" percent="81" />
      <mem type="survivor" free="0" total="206110720" percent="0" />
    </mem>
    <mem type="tenure" free="1003903264" total="1846083584" percent="54" macro-fragmented="0">
      <mem type="soa" free="893138208" total="1735318528" percent="51" />
      <mem type="loa" free="110765056" total="110765056" percent="100" />
    </mem>
    <remembered-set count="38388" />
  </mem-info>
</gc-end>
<cycle-end id="3743" type="scavenge" contextid="3737" timestamp="2020-09-11T12:46:47.381" />
<allocation-satisfied id="3744" threadId="00000000008D4B00" bytesRequested="266904" />
<af-end id="3745" timestamp="2020-09-11T12:46:47.381" threadId="00000000008D5480" success="true" from="nursery"/>
<exclusive-end id="3746" timestamp="2020-09-11T12:46:47.381" durationms="205.843" />

<exclusive-start id="3747" timestamp="2020-09-11T12:46:49.046" intervalms="1870.690">
  <response-info timems="1.140" idlems="1.140" threads="0" lastid="000000000088BD00" lastname="Group1.Backend.CompositeBackend{Tier1}.7" />
</exclusive-start>
<af-start id="3748" threadId="000000000088C680" totalBytesRequested="48" timestamp="2020-09-11T12:46:49.047" intervalms="1870.093" type="nursery" />
<cycle-start id="3749" type="scavenge" contextid="0" timestamp="2020-09-11T12:46:49.047" intervalms="1869.872" />
<gc-start id="3750" type="scavenge" contextid="3749" timestamp="2020-09-11T12:46:49.048">
  <mem-info id="3751" free="1003903264" total="2785607680" percent="36">
    <mem type="nursery" free="0" total="939524096" percent="0">
      <mem type="allocate" free="0" total="733413376" percent="0" />
      <mem type="survivor" free="0" total="206110720" percent="0" />
    </mem>
    <mem type="tenure" free="1003903264" total="1846083584" percent="54">
      <mem type="soa" free="893138208" total="1735318528" percent="51" />
      <mem type="loa" free="110765056" total="110765056" percent="100" />
    </mem>
    <remembered-set count="193237" />
  </mem-info>
</gc-start>
<allocation-stats totalBytes="599030128" >
  <allocated-bytes non-tlh="22851504" tlh="576178624" />
  <largest-consumer threadName="Group1.Backend.CompositeBackend{Tier1}.7" threadId="000000000088BD00" bytes="81872112" />
</allocation-stats>
<gc-op id="3752" type="scavenge" timems="124.221" contextid="3749" timestamp="2020-09-11T12:46:49.172">
  <scavenger-info tenureage="3" tenuremask="7ff8" tiltratio="78" />
  <memory-copied type="nursery" objects="4634811" bytes="124659944" bytesdiscarded="114968" />
  <memory-copied type="tenure" objects="925599" bytes="24940344" bytesdiscarded="59536" />
  <ownableSynchronizers candidates="4383" cleared="3968" />
  <references type="soft" candidates="420" cleared="0" enqueued="0" dynamicThreshold="18" maxThreshold="32" />
  <references type="weak" candidates="120" cleared="118" enqueued="0" />
</gc-op>
<gc-end id="3753" type="scavenge" contextid="3749" durationms="125.310" usertimems="903.633" systemtimems="0.000" timestamp="2020-09-11T12:46:49.173" activeThreads="8">
  <mem-info id="3754" free="1595761288" total="2785607680" percent="57">
    <mem type="nursery" free="616878080" total="939524096" percent="65">
      <mem type="allocate" free="616878080" total="741736448" percent="83" />
      <mem type="survivor" free="0" total="197787648" percent="0" />
    </mem>
    <mem type="tenure" free="978883208" total="1846083584" percent="53" macro-fragmented="0">
      <mem type="soa" free="868118152" total="1735318528" percent="50" />
      <mem type="loa" free="110765056" total="110765056" percent="100" />
    </mem>
    <remembered-set count="36078" />
  </mem-info>
</gc-end>
<cycle-end id="3755" type="scavenge" contextid="3749" timestamp="2020-09-11T12:46:49.175" />
<allocation-satisfied id="3756" threadId="000000000088BD00" bytesRequested="48" />
<af-end id="3757" timestamp="2020-09-11T12:46:49.175" threadId="000000000088C680" success="true" from="nursery"/>
<exclusive-end id="3758" timestamp="2020-09-11T12:46:49.175" durationms="128.956" />

<exclusive-start id="3759" timestamp="2020-09-11T12:46:50.916" intervalms="1869.401">
  <response-info timems="2.408" idlems="2.408" threads="0" lastid="00000000008D4B00" lastname="Group1.Backend.CompositeBackend{Tier1}.8" />
</exclusive-start>
<af-start id="3760" threadId="00000000008D5480" totalBytesRequested="16" timestamp="2020-09-11T12:46:50.917" intervalms="1869.416" type="nursery" />
<cycle-start id="3761" type="scavenge" contextid="0" timestamp="2020-09-11T12:46:50.917" intervalms="1869.619" />
<gc-start id="3762" type="scavenge" contextid="3761" timestamp="2020-09-11T12:46:50.918">
  <mem-info id="3763" free="978883208" total="2785607680" percent="35">
    <mem type="nursery" free="0" total="939524096" percent="0">
      <mem type="allocate" free="0" total="741736448" percent="0" />
      <mem type="survivor" free="0" total="197787648" percent="0" />
    </mem>
    <mem type="tenure" free="978883208" total="1846083584" percent="53">
      <mem type="soa" free="868118152" total="1735318528" percent="50" />
      <mem type="loa" free="110765056" total="110765056" percent="100" />
    </mem>
    <remembered-set count="188388" />
  </mem-info>
</gc-start>
<allocation-stats totalBytes="616582648" >
  <allocated-bytes non-tlh="28957592" tlh="587625056" />
  <largest-consumer threadName="Group1.Backend.CompositeBackend{Tier1}.4" threadId="000000000086B500" bytes="83475800" />
</allocation-stats>
<gc-op id="3764" type="scavenge" timems="184.872" contextid="3761" timestamp="2020-09-11T12:46:51.103">
  <scavenger-info tenureage="3" tenuremask="7ff8" tiltratio="78" />
  <memory-copied type="nursery" objects="5453390" bytes="142871744" bytesdiscarded="248296" />
  <memory-copied type="tenure" objects="925517" bytes="24949256" bytesdiscarded="81816" />
  <ownableSynchronizers candidates="3584" cleared="3169" />
  <references type="soft" candidates="416" cleared="0" enqueued="0" dynamicThreshold="18" maxThreshold="32" />
  <references type="weak" candidates="107" cleared="107" enqueued="0" />
</gc-op>
<gc-end id="3765" type="scavenge" contextid="3761" durationms="186.068" usertimems="1272.302" systemtimems="10.280" timestamp="2020-09-11T12:46:51.104" activeThreads="8">
  <mem-info id="3766" free="1566059056" total="2785607680" percent="56">
    <mem type="nursery" free="612433144" total="939524096" percent="65">
      <mem type="allocate" free="612433144" total="755630080" percent="81" />
      <mem type="survivor" free="0" total="183894016" percent="0" />
    </mem>
    <mem type="tenure" free="953625912" total="1846083584" percent="51" macro-fragmented="0">
      <mem type="soa" free="842860856" total="1735318528" percent="48" />
      <mem type="loa" free="110765056" total="110765056" percent="100" />
    </mem>
    <remembered-set count="34133" />
  </mem-info>
</gc-end>
<cycle-end id="3767" type="scavenge" contextid="3761" timestamp="2020-09-11T12:46:51.106" />
<allocation-satisfied id="3768" threadId="00000000008D4B00" bytesRequested="16" />
<af-end id="3769" timestamp="2020-09-11T12:46:51.106" threadId="00000000008D5480" success="true" from="nursery"/>
<exclusive-end id="3770" timestamp="2020-09-11T12:46:51.106" durationms="190.084" />

<exclusive-start id="3771" timestamp="2020-09-11T12:46:52.761" intervalms="1845.402">
  <response-info timems="20.036" idlems="20.036" threads="0" lastid="00000000008D4B00" lastname="Group1.Backend.CompositeBackend{Tier1}.8" />
</exclusive-start>
<af-start id="3772" threadId="00000000008D5480" totalBytesRequested="1032" timestamp="2020-09-11T12:46:52.762" intervalms="1845.863" type="nursery" />
<cycle-start id="3773" type="scavenge" contextid="0" timestamp="2020-09-11T12:46:52.764" intervalms="1846.705" />
<gc-start id="3774" type="scavenge" contextid="3773" timestamp="2020-09-11T12:46:52.764">
  <mem-info id="3775" free="953625912" total="2785607680" percent="34">
    <mem type="nursery" free="0" total="939524096" percent="0">
      <mem type="allocate" free="0" total="755630080" percent="0" />
      <mem type="survivor" free="0" total="183894016" percent="0" />
    </mem>
    <mem type="tenure" free="953625912" total="1846083584" percent="51">
      <mem type="soa" free="842860856" total="1735318528" percent="48" />
      <mem type="loa" free="110765056" total="110765056" percent="100" />
    </mem>
    <remembered-set count="187469" />
  </mem-info>
</gc-start>
<allocation-stats totalBytes="612129096" >
  <allocated-bytes non-tlh="34313392" tlh="577815704" />
  <largest-consumer threadName="Group1.Backend.CompositeBackend{Tier1}.2" threadId="0000000000785700" bytes="82853800" />
</allocation-stats>
<gc-op id="3776" type="scavenge" timems="150.700" contextid="3773" timestamp="2020-09-11T12:46:52.915">
  <scavenger-info tenureage="3" tenuremask="7ff8" tiltratio="80" />
  <memory-copied type="nursery" objects="3648438" bytes="97956136" bytesdiscarded="204760" />
  <memory-copied type="tenure" objects="1850140" bytes="49914280" bytesdiscarded="84952" />
  <ownableSynchronizers candidates="2945" cleared="2559" />
  <references type="soft" candidates="311" cleared="0" enqueued="0" dynamicThreshold="18" maxThreshold="32" />
  <references type="weak" candidates="113" cleared="113" enqueued="0" />
</gc-op>
<gc-end id="3777" type="scavenge" contextid="3773" durationms="152.206" usertimems="982.249" systemtimems="11.209" timestamp="2020-09-11T12:46:52.916" activeThreads="8">
  <mem-info id="3778" free="1566022208" total="2785607680" percent="56">
    <mem type="nursery" free="662180096" total="939524096" percent="70">
      <mem type="allocate" free="662180096" total="760414208" percent="87" />
      <mem type="survivor" free="0" total="179109888" percent="0" />
    </mem>
    <mem type="tenure" free="903842112" total="1846083584" percent="48" macro-fragmented="0">
      <mem type="soa" free="793077056" total="1735318528" percent="45" />
      <mem type="loa" free="110765056" total="110765056" percent="100" />
    </mem>
    <remembered-set count="28415" />
  </mem-info>
</gc-end>
<cycle-end id="3779" type="scavenge" contextid="3773" timestamp="2020-09-11T12:46:52.918" />
<allocation-satisfied id="3780" threadId="00000000008D4B00" bytesRequested="1032" />
<af-end id="3781" timestamp="2020-09-11T12:46:52.918" threadId="00000000008D5480" success="true" from="nursery"/>
<exclusive-end id="3782" timestamp="2020-09-11T12:46:52.918" durationms="156.995" />

<exclusive-start id="3783" timestamp="2020-09-11T12:46:54.815" intervalms="2053.590">
  <response-info timems="0.375" idlems="0.375" threads="0" lastid="000000000089DB00" lastname="Group1.Backend.CompositeBackend{Tier1}.6" />
</exclusive-start>
<af-start id="3784" threadId="000000000089E480" totalBytesRequested="32" timestamp="2020-09-11T12:46:54.815" intervalms="2052.903" type="nursery" />
<cycle-start id="3785" type="scavenge" contextid="0" timestamp="2020-09-11T12:46:54.816" intervalms="2051.848" />
<gc-start id="3786" type="scavenge" contextid="3785" timestamp="2020-09-11T12:46:54.816">
  <mem-info id="3787" free="903842112" total="2785607680" percent="32">
    <mem type="nursery" free="0" total="939524096" percent="0">
      <mem type="allocate" free="0" total="760414208" percent="0" />
      <mem type="survivor" free="0" total="179109888" percent="0" />
    </mem>
    <mem type="tenure" free="903842112" total="1846083584" percent="48">
      <mem type="soa" free="793077056" total="1735318528" percent="45" />
      <mem type="loa" free="110765056" total="110765056" percent="100" />
    </mem>
    <remembered-set count="192710" />
  </mem-info>
</gc-start>
<allocation-stats totalBytes="661867776" >
  <allocated-bytes non-tlh="26330712" tlh="635537064" />
  <largest-consumer threadName="Group1.Backend.CompositeBackend{Tier1}.4" threadId="000000000086B500" bytes="89032320" />
</allocation-stats>
<gc-op id="3788" type="scavenge" timems="113.522" contextid="3785" timestamp="2020-09-11T12:46:54.929">
  <scavenger-info tenureage="3" tenuremask="7ff8" tiltratio="80" />
  <memory-copied type="nursery" objects="3950264" bytes="105153480" bytesdiscarded="153752" />
  <memory-copied type="tenure" objects="1013585" bytes="27261712" bytesdiscarded="75680" />
  <ownableSynchronizers candidates="4322" cleared="3974" />
  <references type="soft" candidates="312" cleared="0" enqueued="0" dynamicThreshold="18" maxThreshold="32" />
  <references type="weak" candidates="102" cleared="102" enqueued="0" />
</gc-op>
<gc-end id="3789" type="scavenge" contextid="3785" durationms="114.441" usertimems="801.145" systemtimems="0.000" timestamp="2020-09-11T12:46:54.930" activeThreads="8">
  <mem-info id="3790" free="1541992752" total="2785607680" percent="55">
    <mem type="nursery" free="665640952" total="939524096" percent="70">
      <mem type="allocate" free="665640952" total="771031040" percent="86" />
      <mem type="survivor" free="0" total="168493056" percent="0" />
    </mem>
    <mem type="tenure" free="876351800" total="1846083584" percent="47" macro-fragmented="0">
      <mem type="soa" free="765586744" total="1735318528" percent="44" />
      <mem type="loa" free="110765056" total="110765056" percent="100" />
    </mem>
    <remembered-set count="30450" />
  </mem-info>
</gc-end>
<cycle-end id="3791" type="scavenge" contextid="3785" timestamp="2020-09-11T12:46:54.932" />
<allocation-satisfied id="3792" threadId="000000000089DB00" bytesRequested="32" />
<af-end id="3793" timestamp="2020-09-11T12:46:54.932" threadId="000000000089E480" success="true" from="nursery"/>
<exclusive-end id="3794" timestamp="2020-09-11T12:46:54.932" durationms="117.828" />

<exclusive-start id="3795" timestamp="2020-09-11T12:46:56.862" intervalms="2047.819">
  <response-info timems="0.322" idlems="0.307" threads="1" lastid="000000000089DB00" lastname="Group1.Backend.CompositeBackend{Tier1}.6" />
</exclusive-start>
<af-start id="3796" threadId="0000000000786080" totalBytesRequested="1032" timestamp="2020-09-11T12:46:56.863" intervalms="2047.683" type="nursery" />
<cycle-start id="3797" type="scavenge" contextid="0" timestamp="2020-09-11T12:46:56.863" intervalms="2047.658" />
<gc-start id="3798" type="scavenge" contextid="3797" timestamp="2020-09-11T12:46:56.863">
  <mem-info id="3799" free="876351800" total="2785607680" percent="31">
    <mem type="nursery" free="0" total="939524096" percent="0">
      <mem type="allocate" free="0" total="771031040" percent="0" />
      <mem type="survivor" free="0" total="168493056" percent="0" />
    </mem>
    <mem type="tenure" free="876351800" total="1846083584" percent="47">
      <mem type="soa" free="765586744" total="1735318528" percent="44" />
      <mem type="loa" free="110765056" total="110765056" percent="100" />
    </mem>
    <remembered-set count="189053" />
  </mem-info>
</gc-start>
<allocation-stats totalBytes="665314848" >
  <allocated-bytes non-tlh="32012456" tlh="633302392" />
  <largest-consumer threadName="Group1.Backend.CompositeBackend{Tier1}.2" threadId="0000000000785700" bytes="87266080" />
</allocation-stats>
<gc-op id="3800" type="scavenge" timems="108.386" contextid="3797" timestamp="2020-09-11T12:46:56.972">
  <scavenger-info tenureage="3" tenuremask="7ff8" tiltratio="82" />
  <memory-copied type="nursery" objects="4093396" bytes="108823192" bytesdiscarded="248320" />
  <memory-copied type="tenure" objects="972797" bytes="26138920" bytesdiscarded="69784" />
  <ownableSynchronizers candidates="4347" cleared="3978" />
  <references type="soft" candidates="336" cleared="0" enqueued="0" dynamicThreshold="18" maxThreshold="32" />
  <references type="weak" candidates="113" cleared="113" enqueued="0" />
</gc-op>
<gc-end id="3801" type="scavenge" contextid="3797" durationms="109.401" usertimems="842.127" systemtimems="0.000" timestamp="2020-09-11T12:46:56.973" activeThreads="8">
  <mem-info id="3802" free="1520385760" total="2785607680" percent="54">
    <mem type="nursery" free="670397408" total="939524096" percent="71">
      <mem type="allocate" free="670397408" total="779550720" percent="85" />
      <mem type="survivor" free="0" total="159973376" percent="0" />
    </mem>
    <mem type="tenure" free="849988352" total="1846083584" percent="46" macro-fragmented="0">
      <mem type="soa" free="739223296" total="1735318528" percent="42" />
      <mem type="loa" free="110765056" total="110765056" percent="100" />
    </mem>
    <remembered-set count="29821" />
  </mem-info>
</gc-end>
<cycle-end id="3803" type="scavenge" contextid="3797" timestamp="2020-09-11T12:46:56.975" />
<allocation-satisfied id="3804" threadId="0000000000785700" bytesRequested="1032" />
<af-end id="3805" timestamp="2020-09-11T12:46:56.975" threadId="0000000000786080" success="true" from="nursery"/>
<exclusive-end id="3806" timestamp="2020-09-11T12:46:56.975" durationms="112.445" />

<exclusive-start id="3807" timestamp="2020-09-11T12:46:58.883" intervalms="2020.958">
  <response-info timems="0.515" idlems="0.515" threads="0" lastid="0000000000785700" lastname="Group1.Backend.CompositeBackend{Tier1}.2" />
</exclusive-start>
<af-start id="3808" threadId="0000000000786080" totalBytesRequested="10008" timestamp="2020-09-11T12:46:58.884" intervalms="2021.097" type="nursery" />
<cycle-start id="3809" type="scavenge" contextid="0" timestamp="2020-09-11T12:46:58.884" intervalms="2021.126" />
<gc-start id="3810" type="scavenge" contextid="3809" timestamp="2020-09-11T12:46:58.885">
  <mem-info id="3811" free="849988352" total="2785607680" percent="30">
    <mem type="nursery" free="0" total="939524096" percent="0">
      <mem type="allocate" free="0" total="779550720" percent="0" />
      <mem type="survivor" free="0" total="159973376" percent="0" />
    </mem>
    <mem type="tenure" free="849988352" total="1846083584" percent="46">
      <mem type="soa" free="739223296" total="1735318528" percent="42" />
      <mem type="loa" free="110765056" total="110765056" percent="100" />
    </mem>
    <remembered-set count="190942" />
  </mem-info>
</gc-start>
<allocation-stats totalBytes="670079256" >
  <allocated-bytes non-tlh="30300296" tlh="639778960" />
  <largest-consumer threadName="Group1.Backend.CompositeBackend{Tier1}.7" threadId="000000000088BD00" bytes="94217920" />
</allocation-stats>
<gc-op id="3812" type="scavenge" timems="122.317" contextid="3809" timestamp="2020-09-11T12:46:59.007">
  <scavenger-info tenureage="3" tenuremask="7ff8" tiltratio="82" />
  <memory-copied type="nursery" objects="4353607" bytes="115289784" bytesdiscarded="198912" />
  <memory-copied type="tenure" objects="972921" bytes="26150712" bytesdiscarded="67008" />
  <ownableSynchronizers candidates="4026" cleared="3642" />
  <references type="soft" candidates="369" cleared="0" enqueued="0" dynamicThreshold="18" maxThreshold="32" />
  <references type="weak" candidates="123" cleared="122" enqueued="0" />
</gc-op>
<gc-end id="3813" type="scavenge" contextid="3809" durationms="123.322" usertimems="927.329" systemtimems="0.000" timestamp="2020-09-11T12:46:59.008" activeThreads="8">
  <mem-info id="3814" free="1492699880" total="2785607680" percent="53">
    <mem type="nursery" free="668695016" total="939524096" percent="71">
      <mem type="allocate" free="668695016" total="784269312" percent="85" />
      <mem type="survivor" free="0" total="155254784" percent="0" />
    </mem>
    <mem type="tenure" free="824004864" total="1846083584" percent="44" macro-fragmented="0">
      <mem type="soa" free="713239808" total="1735318528" percent="41" />
      <mem type="loa" free="110765056" total="110765056" percent="100" />
    </mem>
    <remembered-set count="30016" />
  </mem-info>
</gc-end>
<cycle-end id="3815" type="scavenge" contextid="3809" timestamp="2020-09-11T12:46:59.009" />
<allocation-satisfied id="3816" threadId="0000000000785700" bytesRequested="10008" />
<af-end id="3817" timestamp="2020-09-11T12:46:59.009" threadId="0000000000786080" success="true" from="nursery"/>
<exclusive-end id="3818" timestamp="2020-09-11T12:46:59.009" durationms="126.013" />

<exclusive-start id="3819" timestamp="2020-09-11T12:47:00.905" intervalms="2021.774">
  <response-info timems="0.667" idlems="0.667" threads="0" lastid="000000000086A900" lastname="Group1.Backend.CompositeBackend{Tier1}.3" />
</exclusive-start>
<af-start id="3820" threadId="000000000086B280" totalBytesRequested="16" timestamp="2020-09-11T12:47:00.906" intervalms="2021.793" type="nursery" />
<cycle-start id="3821" type="scavenge" contextid="0" timestamp="2020-09-11T12:47:00.906" intervalms="2021.795" />
<gc-start id="3822" type="scavenge" contextid="3821" timestamp="2020-09-11T12:47:00.906">
  <mem-info id="3823" free="824004864" total="2785607680" percent="29">
    <mem type="nursery" free="0" total="939524096" percent="0">
      <mem type="allocate" free="0" total="784269312" percent="0" />
      <mem type="survivor" free="0" total="155254784" percent="0" />
    </mem>
    <mem type="tenure" free="824004864" total="1846083584" percent="44">
      <mem type="soa" free="713239808" total="1735318528" percent="41" />
      <mem type="loa" free="110765056" total="110765056" percent="100" />
    </mem>
    <remembered-set count="188555" />
  </mem-info>
</gc-start>
<allocation-stats totalBytes="668378088" >
  <allocated-bytes non-tlh="34520688" tlh="633857400" />
  <largest-consumer threadName="Group1.Backend.CompositeBackend{Tier1}.2" threadId="0000000000785700" bytes="90845896" />
</allocation-stats>
<gc-op id="3824" type="scavenge" timems="147.814" contextid="3821" timestamp="2020-09-11T12:47:01.054">
  <scavenger-info tenureage="3" tenuremask="7ff8" tiltratio="83" />
  <memory-copied type="nursery" objects="4141296" bytes="110198120" bytesdiscarded="141232" />
  <memory-copied type="tenure" objects="1104405" bytes="29676936" bytesdiscarded="62280" />
  <ownableSynchronizers candidates="4188" cleared="3773" />
  <references type="soft" candidates="373" cleared="0" enqueued="0" dynamicThreshold="18" maxThreshold="32" />
  <references type="weak" candidates="132" cleared="132" enqueued="0" />
</gc-op>
<gc-end id="3825" type="scavenge" contextid="3821" durationms="148.835" usertimems="1025.621" systemtimems="14.578" timestamp="2020-09-11T12:47:01.055" activeThreads="8">
  <mem-info id="3826" free="1473206104" total="2785607680" percent="52">
    <mem type="nursery" free="679024608" total="939524096" percent="72">
      <mem type="allocate" free="679024608" total="789446656" percent="86" />
      <mem type="survivor" free="0" total="150077440" percent="0" />
    </mem>
    <mem type="tenure" free="794181496" total="1846083584" percent="43" macro-fragmented="0">
      <mem type="soa" free="683416440" total="1735318528" percent="39" />
      <mem type="loa" free="110765056" total="110765056" percent="100" />
    </mem>
    <remembered-set count="27752" />
  </mem-info>
</gc-end>
<cycle-end id="3827" type="scavenge" contextid="3821" timestamp="2020-09-11T12:47:01.057" />
<allocation-satisfied id="3828" threadId="000000000086A900" bytesRequested="16" />
<af-end id="3829" timestamp="2020-09-11T12:47:01.057" threadId="000000000086B280" success="true" from="nursery"/>
<exclusive-end id="3830" timestamp="2020-09-11T12:47:01.057" durationms="151.813" />

<exclusive-start id="3831" timestamp="2020-09-11T12:47:02.973" intervalms="2068.277">
  <response-info timems="0.547" idlems="0.360" threads="1" lastid="0000000000789300" lastname="Group1.Backend.CompositeBackend{Tier1}.1" />
</exclusive-start>
<af-start id="3832" threadId="000000000088F780" totalBytesRequested="16" timestamp="2020-09-11T12:47:02.974" intervalms="2068.214" type="nursery" />
<cycle-start id="3833" type="scavenge" contextid="0" timestamp="2020-09-11T12:47:02.974" intervalms="2068.198" />
<gc-start id="3834" type="scavenge" contextid="3833" timestamp="2020-09-11T12:47:02.975">
  <mem-info id="3835" free="794181496" total="2785607680" percent="28">
    <mem type="nursery" free="0" total="939524096" percent="0">
      <mem type="allocate" free="0" total="789446656" percent="0" />
      <mem type="survivor" free="0" total="150077440" percent="0" />
    </mem>
    <mem type="tenure" free="794181496" total="1846083584" percent="43">
      <mem type="soa" free="683416440" total="1735318528" percent="39" />
      <mem type="loa" free="110765056" total="110765056" percent="100" />
    </mem>
    <remembered-set count="190909" />
  </mem-info>
</gc-start>
<allocation-stats totalBytes="678694384" >
  <allocated-bytes non-tlh="31563576" tlh="647130808" />
  <largest-consumer threadName="Group1.Backend.CompositeBackend{Tier1}.2" threadId="0000000000785700" bytes="103498560" />
</allocation-stats>
<gc-op id="3836" type="scavenge" timems="110.889" contextid="3833" timestamp="2020-09-11T12:47:03.086">
  <scavenger-info tenureage="3" tenuremask="7ff8" tiltratio="84" />
  <memory-copied type="nursery" objects="4233406" bytes="112711336" bytesdiscarded="147056" />
  <memory-copied type="tenure" objects="1047669" bytes="28167880" bytesdiscarded="73960" />
  <ownableSynchronizers candidates="3969" cleared="3566" />
  <references type="soft" candidates="337" cleared="0" enqueued="0" dynamicThreshold="18" maxThreshold="32" />
  <references type="weak" candidates="122" cleared="122" enqueued="0" />
</gc-op>
<gc-end id="3837" type="scavenge" contextid="3833" durationms="112.029" usertimems="838.246" systemtimems="0.000" timestamp="2020-09-11T12:47:03.087" activeThreads="8">
  <mem-info id="3838" free="1446693520" total="2785607680" percent="51">
    <mem type="nursery" free="680693400" total="939524096" percent="72">
      <mem type="allocate" free="680693400" total="793640960" percent="85" />
      <mem type="survivor" free="0" total="145883136" percent="0" />
    </mem>
    <mem type="tenure" free="766000120" total="1846083584" percent="41" macro-fragmented="0">
      <mem type="soa" free="655235064" total="1735318528" percent="37" />
      <mem type="loa" free="110765056" total="110765056" percent="100" />
    </mem>
    <remembered-set count="28761" />
  </mem-info>
</gc-end>
<cycle-end id="3839" type="scavenge" contextid="3833" timestamp="2020-09-11T12:47:03.089" />
<allocation-satisfied id="3840" threadId="000000000088EE00" bytesRequested="16" />
<af-end id="3841" timestamp="2020-09-11T12:47:03.089" threadId="000000000088F780" success="true" from="nursery"/>
<exclusive-end id="3842" timestamp="2020-09-11T12:47:03.090" durationms="116.490" />

<exclusive-start id="3843" timestamp="2020-09-11T12:47:05.023" intervalms="2049.721">
  <response-info timems="0.705" idlems="0.701" threads="1" lastid="00000000008D4B00" lastname="Group1.Backend.CompositeBackend{Tier1}.8" />
</exclusive-start>
<af-start id="3844" threadId="000000000088F780" totalBytesRequested="16" timestamp="2020-09-11T12:47:05.024" intervalms="2049.942" type="nursery" />
<cycle-start id="3845" type="scavenge" contextid="0" timestamp="2020-09-11T12:47:05.024" intervalms="2049.954" />
<gc-start id="3846" type="scavenge" contextid="3845" timestamp="2020-09-11T12:47:05.025">
  <mem-info id="3847" free="766000120" total="2785607680" percent="27">
    <mem type="nursery" free="0" total="939524096" percent="0">
      <mem type="allocate" free="0" total="793640960" percent="0" />
      <mem type="survivor" free="0" total="145883136" percent="0" />
    </mem>
    <mem type="tenure" free="766000120" total="1846083584" percent="41">
      <mem type="soa" free="655235064" total="1735318528" percent="37" />
      <mem type="loa" free="110765056" total="110765056" percent="100" />
    </mem>
    <remembered-set count="190990" />
  </mem-info>
</gc-start>
<allocation-stats totalBytes="680372976" >
  <allocated-bytes non-tlh="35123856" tlh="645249120" />
  <largest-consumer threadName="Group1.Backend.CompositeBackend{Tier1}.6" threadId="000000000089DB00" bytes="90843488" />
</allocation-stats>
<gc-op id="3848" type="scavenge" timems="116.259" contextid="3845" timestamp="2020-09-11T12:47:05.141">
  <scavenger-info tenureage="3" tenuremask="7ff8" tiltratio="84" />
  <memory-copied type="nursery" objects="4370421" bytes="115534848" bytesdiscarded="165520" />
  <memory-copied type="tenure" objects="1072362" bytes="28862448" bytesdiscarded="71800" />
  <ownableSynchronizers candidates="3453" cleared="3092" />
  <references type="soft" candidates="310" cleared="0" enqueued="0" dynamicThreshold="18" maxThreshold="32" />
  <references type="weak" candidates="103" cleared="103" enqueued="0" />
</gc-op>
<gc-end id="3849" type="scavenge" contextid="3845" durationms="117.221" usertimems="884.737" systemtimems="0.000" timestamp="2020-09-11T12:47:05.142" activeThreads="8">
  <mem-info id="3850" free="1417558240" total="2785607680" percent="50">
    <mem type="nursery" free="680540392" total="939524096" percent="72">
      <mem type="allocate" free="680540392" total="796327936" percent="85" />
      <mem type="survivor" free="0" total="143196160" percent="0" />
    </mem>
    <mem type="tenure" free="737017848" total="1846083584" percent="39" macro-fragmented="0">
      <mem type="soa" free="626252792" total="1735318528" percent="36" />
      <mem type="loa" free="110765056" total="110765056" percent="100" />
    </mem>
    <remembered-set count="31149" />
  </mem-info>
</gc-end>
<cycle-end id="3851" type="scavenge" contextid="3845" timestamp="2020-09-11T12:47:05.144" />
<allocation-satisfied id="3852" threadId="000000000088EE00" bytesRequested="16" />
<af-end id="3853" timestamp="2020-09-11T12:47:05.144" threadId="000000000088F780" success="true" from="nursery"/>
<exclusive-end id="3854" timestamp="2020-09-11T12:47:05.144" durationms="120.936" />

<exclusive-start id="3855" timestamp="2020-09-11T12:47:07.093" intervalms="2070.251">
  <response-info timems="3.290" idlems="3.290" threads="0" lastid="0000000000785700" lastname="Group1.Backend.CompositeBackend{Tier1}.2" />
</exclusive-start>
<af-start id="3856" threadId="0000000000786080" totalBytesRequested="32" timestamp="2020-09-11T12:47:07.094" intervalms="2070.224" type="nursery" />
<cycle-start id="3857" type="scavenge" contextid="0" timestamp="2020-09-11T12:47:07.095" intervalms="2070.241" />
<gc-start id="3858" type="scavenge" contextid="3857" timestamp="2020-09-11T12:47:07.095">
  <mem-info id="3859" free="737017848" total="2785607680" percent="26">
    <mem type="nursery" free="0" total="939524096" percent="0">
      <mem type="allocate" free="0" total="796327936" percent="0" />
      <mem type="survivor" free="0" total="143196160" percent="0" />
    </mem>
    <mem type="tenure" free="737017848" total="1846083584" percent="39">
      <mem type="soa" free="626252792" total="1735318528" percent="36" />
      <mem type="loa" free="110765056" total="110765056" percent="100" />
    </mem>
    <remembered-set count="192676" />
  </mem-info>
</gc-start>
<allocation-stats totalBytes="680219160" >
  <allocated-bytes non-tlh="31829168" tlh="648389992" />
  <largest-consumer threadName="Group1.Backend.CompositeBackend{Tier1}.2" threadId="0000000000785700" bytes="98208128" />
</allocation-stats>
<gc-op id="3860" type="scavenge" timems="114.605" contextid="3857" timestamp="2020-09-11T12:47:07.210">
  <scavenger-info tenureage="3" tenuremask="7ff8" tiltratio="84" />
  <memory-copied type="nursery" objects="4053760" bytes="108864448" bytesdiscarded="150624" />
  <memory-copied type="tenure" objects="1058453" bytes="28455872" bytesdiscarded="78280" />
  <ownableSynchronizers candidates="4340" cleared="3976" />
  <references type="soft" candidates="329" cleared="0" enqueued="0" dynamicThreshold="18" maxThreshold="32" />
  <references type="weak" candidates="112" cleared="112" enqueued="0" />
</gc-op>
<gc-end id="3861" type="scavenge" contextid="3857" durationms="115.486" usertimems="862.873" systemtimems="6.121" timestamp="2020-09-11T12:47:07.210" activeThreads="8">
  <mem-info id="3862" free="1398366568" total="2785607680" percent="50">
    <mem type="nursery" free="689972928" total="939524096" percent="73">
      <mem type="allocate" free="689972928" total="799080448" percent="86" />
      <mem type="survivor" free="0" total="140443648" percent="0" />
    </mem>
    <mem type="tenure" free="708393640" total="1846083584" percent="38" macro-fragmented="0">
      <mem type="soa" free="597628584" total="1735318528" percent="34" />
      <mem type="loa" free="110765056" total="110765056" percent="100" />
    </mem>
    <remembered-set count="31568" />
  </mem-info>
</gc-end>
<cycle-end id="3863" type="scavenge" contextid="3857" timestamp="2020-09-11T12:47:07.212" />
<allocation-satisfied id="3864" threadId="0000000000785700" bytesRequested="32" />
<af-end id="3865" timestamp="2020-09-11T12:47:07.212" threadId="0000000000786080" success="true" from="nursery"/>
<exclusive-end id="3866" timestamp="2020-09-11T12:47:07.212" durationms="118.447" />

<exclusive-start id="3867" timestamp="2020-09-11T12:47:09.219" intervalms="2125.941">
  <response-info timems="0.635" idlems="0.635" threads="0" lastid="0000000000785700" lastname="Group1.Backend.CompositeBackend{Tier1}.2" />
</exclusive-start>
<af-start id="3868" threadId="0000000000786080" totalBytesRequested="120" timestamp="2020-09-11T12:47:09.220" intervalms="2125.833" type="nursery" />
<cycle-start id="3869" type="scavenge" contextid="0" timestamp="2020-09-11T12:47:09.220" intervalms="2125.887" />
<gc-start id="3870" type="scavenge" contextid="3869" timestamp="2020-09-11T12:47:09.221">
  <mem-info id="3871" free="708393640" total="2785607680" percent="25">
    <mem type="nursery" free="0" total="939524096" percent="0">
      <mem type="allocate" free="0" total="799080448" percent="0" />
      <mem type="survivor" free="0" total="140443648" percent="0" />
    </mem>
    <mem type="tenure" free="708393640" total="1846083584" percent="38">
      <mem type="soa" free="597628584" total="1735318528" percent="34" />
      <mem type="loa" free="110765056" total="110765056" percent="100" />
    </mem>
    <remembered-set count="195258" />
  </mem-info>
</gc-start>
<allocation-stats totalBytes="689632288" >
  <allocated-bytes non-tlh="30145904" tlh="659486384" />
  <largest-consumer threadName="Group1.Backend.CompositeBackend{Tier1}.2" threadId="0000000000785700" bytes="92802320" />
</allocation-stats>
<gc-op id="3872" type="scavenge" timems="133.316" contextid="3869" timestamp="2020-09-11T12:47:09.354">
  <scavenger-info tenureage="3" tenuremask="7ff8" tiltratio="85" />
  <memory-copied type="nursery" objects="4166840" bytes="111485472" bytesdiscarded="254040" />
  <memory-copied type="tenure" objects="1102030" bytes="29615464" bytesdiscarded="73992" />
  <ownableSynchronizers candidates="4279" cleared="3909" />
  <references type="soft" candidates="347" cleared="0" enqueued="0" dynamicThreshold="18" maxThreshold="32" />
  <references type="weak" candidates="114" cleared="112" enqueued="0" />
</gc-op>
<gc-end id="3873" type="scavenge" contextid="3869" durationms="134.467" usertimems="942.415" systemtimems="0.000" timestamp="2020-09-11T12:47:09.355" activeThreads="8">
  <mem-info id="3874" free="1368457280" total="2785607680" percent="49">
    <mem type="nursery" free="689748112" total="939524096" percent="73">
      <mem type="allocate" free="689748112" total="801570816" percent="86" />
      <mem type="survivor" free="0" total="137953280" percent="0" />
    </mem>
    <mem type="tenure" free="678709168" total="1846083584" percent="36" macro-fragmented="0">
      <mem type="soa" free="567944112" total="1735318528" percent="32" />
      <mem type="loa" free="110765056" total="110765056" percent="100" />
    </mem>
    <remembered-set count="31761" />
  </mem-info>
</gc-end>
<cycle-end id="3875" type="scavenge" contextid="3869" timestamp="2020-09-11T12:47:09.357" />
<allocation-satisfied id="3876" threadId="0000000000785700" bytesRequested="120" />
<af-end id="3877" timestamp="2020-09-11T12:47:09.357" threadId="0000000000786080" success="true" from="nursery"/>
<exclusive-end id="3878" timestamp="2020-09-11T12:47:09.357" durationms="137.333" />

<exclusive-start id="3879" timestamp="2020-09-11T12:47:11.279" intervalms="2059.199">
  <response-info timems="0.787" idlems="0.787" threads="0" lastid="000000000088EE00" lastname="Group1.Backend.CompositeBackend{Tier1}.5" />
</exclusive-start>
<af-start id="3880" threadId="000000000088F780" totalBytesRequested="520" timestamp="2020-09-11T12:47:11.279" intervalms="2059.097" type="nursery" />
<cycle-start id="3881" type="scavenge" contextid="0" timestamp="2020-09-11T12:47:11.279" intervalms="2059.011" />
<gc-start id="3882" type="scavenge" contextid="3881" timestamp="2020-09-11T12:47:11.280">
  <mem-info id="3883" free="678709168" total="2785607680" percent="24">
    <mem type="nursery" free="0" total="939524096" percent="0">
      <mem type="allocate" free="0" total="801570816" percent="0" />
      <mem type="survivor" free="0" total="137953280" percent="0" />
    </mem>
    <mem type="tenure" free="678709168" total="1846083584" percent="36">
      <mem type="soa" free="567944112" total="1735318528" percent="32" />
      <mem type="loa" free="110765056" total="110765056" percent="100" />
    </mem>
    <remembered-set count="192263" />
  </mem-info>
</gc-start>
<allocation-stats totalBytes="689407368" >
  <allocated-bytes non-tlh="36900072" tlh="652507296" />
  <largest-consumer threadName="Group1.Backend.CompositeBackend{Tier1}.4" threadId="000000000086B500" bytes="101210712" />
</allocation-stats>
<gc-op id="3884" type="scavenge" timems="112.839" contextid="3881" timestamp="2020-09-11T12:47:11.393">
  <scavenger-info tenureage="3" tenuremask="7ff8" tiltratio="85" />
  <memory-copied type="nursery" objects="4064043" bytes="109094944" bytesdiscarded="195104" />
  <memory-copied type="tenure" objects="1068382" bytes="28689152" bytesdiscarded="74584" />
  <ownableSynchronizers candidates="4158" cleared="3774" />
  <references type="soft" candidates="379" cleared="0" enqueued="0" dynamicThreshold="18" maxThreshold="32" />
  <references type="weak" candidates="128" cleared="128" enqueued="0" />
</gc-op>
<gc-end id="3885" type="scavenge" contextid="3881" durationms="114.159" usertimems="826.910" systemtimems="8.073" timestamp="2020-09-11T12:47:11.394" activeThreads="8">
  <mem-info id="3886" free="1344799416" total="2785607680" percent="48">
    <mem type="nursery" free="694821264" total="939524096" percent="73">
      <mem type="allocate" free="694821264" total="804192256" percent="86" />
      <mem type="survivor" free="0" total="135331840" percent="0" />
    </mem>
    <mem type="tenure" free="649978152" total="1846083584" percent="35" macro-fragmented="0">
      <mem type="soa" free="539213096" total="1735318528" percent="31" />
      <mem type="loa" free="110765056" total="110765056" percent="100" />
    </mem>
    <remembered-set count="29949" />
  </mem-info>
</gc-end>
<cycle-end id="3887" type="scavenge" contextid="3881" timestamp="2020-09-11T12:47:11.395" />
<allocation-satisfied id="3888" threadId="000000000088EE00" bytesRequested="520" />
<af-end id="3889" timestamp="2020-09-11T12:47:11.395" threadId="000000000088F780" success="true" from="nursery"/>
<exclusive-end id="3890" timestamp="2020-09-11T12:47:11.395" durationms="116.782" />

<exclusive-start id="3891" timestamp="2020-09-11T12:47:13.396" intervalms="2117.195">
  <response-info timems="0.486" idlems="0.342" threads="1" lastid="000000000086A900" lastname="Group1.Backend.CompositeBackend{Tier1}.3" />
</exclusive-start>
<af-start id="3892" threadId="000000000086BE80" totalBytesRequested="16" timestamp="2020-09-11T12:47:13.396" intervalms="2117.197" type="nursery" />
<cycle-start id="3893" type="scavenge" contextid="0" timestamp="2020-09-11T12:47:13.397" intervalms="2117.191" />
<gc-start id="3894" type="scavenge" contextid="3893" timestamp="2020-09-11T12:47:13.397">
  <mem-info id="3895" free="649978152" total="2785607680" percent="23">
    <mem type="nursery" free="0" total="939524096" percent="0">
      <mem type="allocate" free="0" total="804192256" percent="0" />
      <mem type="survivor" free="0" total="135331840" percent="0" />
    </mem>
    <mem type="tenure" free="649978152" total="1846083584" percent="35">
      <mem type="soa" free="539213096" total="1735318528" percent="31" />
      <mem type="loa" free="110765056" total="110765056" percent="100" />
    </mem>
    <remembered-set count="197888" />
  </mem-info>
</gc-start>
<allocation-stats totalBytes="694473632" >
  <allocated-bytes non-tlh="27703608" tlh="666770024" />
  <largest-consumer threadName="Group1.Backend.CompositeBackend{Tier1}.1" threadId="0000000000789300" bytes="112227016" />
</allocation-stats>
<gc-op id="3896" type="scavenge" timems="121.204" contextid="3893" timestamp="2020-09-11T12:47:13.518">
  <scavenger-info tenureage="3" tenuremask="7ff8" tiltratio="85" />
  <memory-copied type="nursery" objects="4156689" bytes="111437648" bytesdiscarded="158152" />
  <memory-copied type="tenure" objects="1083513" bytes="29260824" bytesdiscarded="95632" />
  <ownableSynchronizers candidates="4818" cleared="4382" />
  <references type="soft" candidates="383" cleared="0" enqueued="0" dynamicThreshold="18" maxThreshold="32" />
  <references type="weak" candidates="109" cleared="109" enqueued="0" />
</gc-op>
<gc-end id="3897" type="scavenge" contextid="3893" durationms="122.285" usertimems="779.268" systemtimems="0.000" timestamp="2020-09-11T12:47:13.519" activeThreads="8">
  <mem-info id="3898" free="1314669848" total="2785607680" percent="47">
    <mem type="nursery" free="694079104" total="939524096" percent="73">
      <mem type="allocate" free="694079104" total="805765120" percent="86" />
      <mem type="survivor" free="0" total="133758976" percent="0" />
    </mem>
    <mem type="tenure" free="620590744" total="1846083584" percent="33" macro-fragmented="0">
      <mem type="soa" free="509825688" total="1735318528" percent="29" />
      <mem type="loa" free="110765056" total="110765056" percent="100" />
    </mem>
    <remembered-set count="31481" />
  </mem-info>
</gc-end>
<cycle-end id="3899" type="scavenge" contextid="3893" timestamp="2020-09-11T12:47:13.520" />
<allocation-satisfied id="3900" threadId="000000000086B500" bytesRequested="16" />
<af-end id="3901" timestamp="2020-09-11T12:47:13.520" threadId="000000000086BE80" success="true" from="nursery"/>
<exclusive-end id="3902" timestamp="2020-09-11T12:47:13.521" durationms="124.844" />

<exclusive-start id="3903" timestamp="2020-09-11T12:47:15.481" intervalms="2085.141">
  <response-info timems="0.474" idlems="0.251" threads="1" lastid="0000000000785700" lastname="Group1.Backend.CompositeBackend{Tier1}.2" />
</exclusive-start>
<af-start id="3904" threadId="0000000000789C80" totalBytesRequested="16" timestamp="2020-09-11T12:47:15.482" intervalms="2085.134" type="nursery" />
<cycle-start id="3905" type="scavenge" contextid="0" timestamp="2020-09-11T12:47:15.482" intervalms="2085.133" />
<gc-start id="3906" type="scavenge" contextid="3905" timestamp="2020-09-11T12:47:15.482">
  <mem-info id="3907" free="620590744" total="2785607680" percent="22">
    <mem type="nursery" free="0" total="939524096" percent="0">
      <mem type="allocate" free="0" total="805765120" percent="0" />
      <mem type="survivor" free="0" total="133758976" percent="0" />
    </mem>
    <mem type="tenure" free="620590744" total="1846083584" percent="33">
      <mem type="soa" free="509825688" total="1735318528" percent="29" />
      <mem type="loa" free="110765056" total="110765056" percent="100" />
    </mem>
    <remembered-set count="194576" />
  </mem-info>
</gc-start>
<allocation-stats totalBytes="693755928" >
  <allocated-bytes non-tlh="35294448" tlh="658461480" />
  <largest-consumer threadName="Group1.Backend.CompositeBackend{Tier1}.6" threadId="000000000089DB00" bytes="120339808" />
</allocation-stats>
<gc-op id="3908" type="scavenge" timems="150.274" contextid="3905" timestamp="2020-09-11T12:47:15.632">
  <scavenger-info tenureage="3" tenuremask="7ff8" tiltratio="85" />
  <memory-copied type="nursery" objects="4441019" bytes="117779480" bytesdiscarded="129088" />
  <memory-copied type="tenure" objects="1090693" bytes="29314688" bytesdiscarded="96536" />
  <ownableSynchronizers candidates="3977" cleared="3565" />
  <references type="soft" candidates="349" cleared="0" enqueued="0" dynamicThreshold="18" maxThreshold="32" />
  <references type="weak" candidates="133" cleared="133" enqueued="0" />
</gc-op>
<gc-end id="3909" type="scavenge" contextid="3905" durationms="151.201" usertimems="1100.550" systemtimems="7.125" timestamp="2020-09-11T12:47:15.633" activeThreads="8">
  <mem-info id="3910" free="1274698272" total="2785607680" percent="45">
    <mem type="nursery" free="683509744" total="939524096" percent="72">
      <mem type="allocate" free="683509744" total="801505280" percent="85" />
      <mem type="survivor" free="0" total="138018816" percent="0" />
    </mem>
    <mem type="tenure" free="591188528" total="1846083584" percent="32" macro-fragmented="0">
      <mem type="soa" free="480423472" total="1735318528" percent="27" />
      <mem type="loa" free="110765056" total="110765056" percent="100" />
    </mem>
    <remembered-set count="32126" />
  </mem-info>
</gc-end>
<cycle-end id="3911" type="scavenge" contextid="3905" timestamp="2020-09-11T12:47:15.635" />
<allocation-satisfied id="3912" threadId="0000000000789300" bytesRequested="16" />
<af-end id="3913" timestamp="2020-09-11T12:47:15.635" threadId="0000000000789C80" success="true" from="nursery"/>
<exclusive-end id="3914" timestamp="2020-09-11T12:47:15.635" durationms="154.003" />

<exclusive-start id="3915" timestamp="2020-09-11T12:47:17.624" intervalms="2142.798">
  <response-info timems="0.658" idlems="0.509" threads="1" lastid="000000000086B500" lastname="Group1.Backend.CompositeBackend{Tier1}.4" />
</exclusive-start>
<af-start id="3916" threadId="00000000009AFA80" totalBytesRequested="16" timestamp="2020-09-11T12:47:17.624" intervalms="2142.797" type="nursery" />
<cycle-start id="3917" type="scavenge" contextid="0" timestamp="2020-09-11T12:47:17.625" intervalms="2142.920" />
<gc-start id="3918" type="scavenge" contextid="3917" timestamp="2020-09-11T12:47:17.625">
  <mem-info id="3919" free="591188528" total="2785607680" percent="21">
    <mem type="nursery" free="0" total="939524096" percent="0">
      <mem type="allocate" free="0" total="801505280" percent="0" />
      <mem type="survivor" free="0" total="138018816" percent="0" />
    </mem>
    <mem type="tenure" free="591188528" total="1846083584" percent="32">
      <mem type="soa" free="480423472" total="1735318528" percent="27" />
      <mem type="loa" free="110765056" total="110765056" percent="100" />
    </mem>
    <remembered-set count="195880" />
  </mem-info>
</gc-start>
<allocation-stats totalBytes="683170032" >
  <allocated-bytes non-tlh="31508880" tlh="651661152" />
  <largest-consumer threadName="Group1.Backend.CompositeBackend{Tier1}.8" threadId="00000000008D4B00" bytes="97714000" />
</allocation-stats>
<gc-op id="3920" type="scavenge" timems="106.783" contextid="3917" timestamp="2020-09-11T12:47:17.732">
  <scavenger-info tenureage="3" tenuremask="7ff8" tiltratio="85" />
  <memory-copied type="nursery" objects="4109312" bytes="110312200" bytesdiscarded="284160" />
  <memory-copied type="tenure" objects="1069014" bytes="28741392" bytesdiscarded="95608" />
  <ownableSynchronizers candidates="4405" cleared="3979" />
  <references type="soft" candidates="352" cleared="0" enqueued="0" dynamicThreshold="18" maxThreshold="32" />
  <references type="weak" candidates="108" cleared="107" enqueued="0" />
</gc-op>
<gc-end id="3921" type="scavenge" contextid="3917" durationms="107.673" usertimems="840.185" systemtimems="0.000" timestamp="2020-09-11T12:47:17.732" activeThreads="8">
  <mem-info id="3922" free="1254345352" total="2785607680" percent="45">
    <mem type="nursery" free="692073216" total="939524096" percent="73">
      <mem type="allocate" free="692073216" total="802750464" percent="86" />
      <mem type="survivor" free="0" total="136773632" percent="0" />
    </mem>
    <mem type="tenure" free="562272136" total="1846083584" percent="30" macro-fragmented="0">
      <mem type="soa" free="451507080" total="1735318528" percent="26" />
      <mem type="loa" free="110765056" total="110765056" percent="100" />
    </mem>
    <remembered-set count="32585" />
  </mem-info>
</gc-end>
<cycle-end id="3923" type="scavenge" contextid="3917" timestamp="2020-09-11T12:47:17.734" />
<allocation-satisfied id="3924" threadId="00000000009AF100" bytesRequested="16" />
<af-end id="3925" timestamp="2020-09-11T12:47:17.734" threadId="00000000009AFA80" success="true" from="nursery"/>
<exclusive-end id="3926" timestamp="2020-09-11T12:47:17.734" durationms="109.940" />

<exclusive-start id="3927" timestamp="2020-09-11T12:47:19.792" intervalms="2168.117">
  <response-info timems="1.378" idlems="1.378" threads="0" lastid="000000000089DB00" lastname="Group1.Backend.CompositeBackend{Tier1}.6" />
</exclusive-start>
<af-start id="3928" threadId="000000000089E480" totalBytesRequested="40" timestamp="2020-09-11T12:47:19.793" intervalms="2168.217" type="nursery" />
<cycle-start id="3929" type="scavenge" contextid="0" timestamp="2020-09-11T12:47:19.793" intervalms="2168.135" />
<gc-start id="3930" type="scavenge" contextid="3929" timestamp="2020-09-11T12:47:19.793">
  <mem-info id="3931" free="562272136" total="2785607680" percent="20">
    <mem type="nursery" free="0" total="939524096" percent="0">
      <mem type="allocate" free="0" total="802750464" percent="0" />
      <mem type="survivor" free="0" total="136773632" percent="0" />
    </mem>
    <mem type="tenure" free="562272136" total="1846083584" percent="30">
      <mem type="soa" free="451507080" total="1735318528" percent="26" />
      <mem type="loa" free="110765056" total="110765056" percent="100" />
    </mem>
    <remembered-set count="198238" />
  </mem-info>
</gc-start>
<allocation-stats totalBytes="691715152" >
  <allocated-bytes non-tlh="28195016" tlh="663520136" />
  <largest-consumer threadName="Group1.Backend.CompositeBackend{Tier1}.1" threadId="0000000000789300" bytes="95143936" />
</allocation-stats>
<gc-op id="3932" type="scavenge" timems="109.105" contextid="3929" timestamp="2020-09-11T12:47:19.902">
  <scavenger-info tenureage="3" tenuremask="7ff8" tiltratio="85" />
  <memory-copied type="nursery" objects="4173468" bytes="111805488" bytesdiscarded="112072" />
  <memory-copied type="tenure" objects="1145079" bytes="30768112" bytesdiscarded="91936" />
  <ownableSynchronizers candidates="5587" cleared="5125" />
  <references type="soft" candidates="370" cleared="0" enqueued="0" dynamicThreshold="18" maxThreshold="32" />
  <references type="weak" candidates="103" cleared="103" enqueued="0" />
</gc-op>
<gc-end id="3933" type="scavenge" contextid="3929" durationms="110.656" usertimems="853.718" systemtimems="0.000" timestamp="2020-09-11T12:47:19.904" activeThreads="8">
  <mem-info id="3934" free="1224256144" total="2785607680" percent="43">
    <mem type="nursery" free="692714184" total="939524096" percent="73">
      <mem type="allocate" free="692714184" total="804716544" percent="86" />
      <mem type="survivor" free="0" total="134807552" percent="0" />
    </mem>
    <mem type="tenure" free="531541960" total="1846083584" percent="28" macro-fragmented="0">
      <mem type="soa" free="420776904" total="1735318528" percent="24" />
      <mem type="loa" free="110765056" total="110765056" percent="100" />
    </mem>
    <remembered-set count="31714" />
  </mem-info>
</gc-end>
<cycle-end id="3935" type="scavenge" contextid="3929" timestamp="2020-09-11T12:47:19.906" />
<allocation-satisfied id="3936" threadId="000000000089DB00" bytesRequested="40" />
<af-end id="3937" timestamp="2020-09-11T12:47:19.906" threadId="000000000089E480" success="true" from="nursery"/>
<exclusive-end id="3938" timestamp="2020-09-11T12:47:19.906" durationms="114.130" />

<exclusive-start id="3939" timestamp="2020-09-11T12:47:21.818" intervalms="2026.138">
  <response-info timems="0.559" idlems="0.559" threads="0" lastid="00000000008D4B00" lastname="Group1.Backend.CompositeBackend{Tier1}.8" />
</exclusive-start>
<af-start id="3940" threadId="00000000008D5480" totalBytesRequested="16" timestamp="2020-09-11T12:47:21.819" intervalms="2026.218" type="nursery" />
<cycle-start id="3941" type="scavenge" contextid="0" timestamp="2020-09-11T12:47:21.819" intervalms="2026.192" />
<gc-start id="3942" type="scavenge" contextid="3941" timestamp="2020-09-11T12:47:21.819">
  <mem-info id="3943" free="531541960" total="2785607680" percent="19">
    <mem type="nursery" free="0" total="939524096" percent="0">
      <mem type="allocate" free="0" total="804716544" percent="0" />
      <mem type="survivor" free="0" total="134807552" percent="0" />
    </mem>
    <mem type="tenure" free="531541960" total="1846083584" percent="28">
      <mem type="soa" free="420776904" total="1735318528" percent="24" />
      <mem type="loa" free="110765056" total="110765056" percent="100" />
    </mem>
    <remembered-set count="193346" />
  </mem-info>
</gc-start>
<allocation-stats totalBytes="692392608" >
  <allocated-bytes non-tlh="37166696" tlh="655225912" />
  <largest-consumer threadName="Group1.Backend.CompositeBackend{Tier1}.4" threadId="000000000086B500" bytes="111774560" />
</allocation-stats>
<gc-op id="3944" type="scavenge" timems="115.805" contextid="3941" timestamp="2020-09-11T12:47:21.935">
  <scavenger-info tenureage="3" tenuremask="7ff8" tiltratio="85" />
  <memory-copied type="nursery" objects="4298208" bytes="114397488" bytesdiscarded="142352" />
  <memory-copied type="tenure" objects="1093943" bytes="29389936" bytesdiscarded="88480" />
  <ownableSynchronizers candidates="3453" cleared="3031" />
  <references type="soft" candidates="388" cleared="0" enqueued="0" dynamicThreshold="18" maxThreshold="32" />
  <references type="weak" candidates="108" cleared="108" enqueued="0" />
</gc-op>
<gc-end id="3945" type="scavenge" contextid="3941" durationms="116.908" usertimems="892.752" systemtimems="0.000" timestamp="2020-09-11T12:47:21.936" activeThreads="8">
  <mem-info id="3946" free="1192863368" total="2785607680" percent="42">
    <mem type="nursery" free="690813688" total="939524096" percent="73">
      <mem type="allocate" free="690813688" total="805437440" percent="85" />
      <mem type="survivor" free="0" total="134086656" percent="0" />
    </mem>
    <mem type="tenure" free="502049680" total="1846083584" percent="27" macro-fragmented="0">
      <mem type="soa" free="391284624" total="1735318528" percent="22" />
      <mem type="loa" free="110765056" total="110765056" percent="100" />
    </mem>
    <remembered-set count="30452" />
  </mem-info>
</gc-end>
<cycle-end id="3947" type="scavenge" contextid="3941" timestamp="2020-09-11T12:47:21.938" />
<allocation-satisfied id="3948" threadId="00000000008D4B00" bytesRequested="16" />
<af-end id="3949" timestamp="2020-09-11T12:47:21.938" threadId="00000000008D5480" success="true" from="nursery"/>
<exclusive-end id="3950" timestamp="2020-09-11T12:47:21.938" durationms="119.753" />

<exclusive-start id="3951" timestamp="2020-09-11T12:47:23.896" intervalms="2077.856">
  <response-info timems="0.615" idlems="0.615" threads="0" lastid="000000000086B500" lastname="Group1.Backend.CompositeBackend{Tier1}.4" />
</exclusive-start>
<af-start id="3952" threadId="000000000086BE80" totalBytesRequested="32" timestamp="2020-09-11T12:47:23.897" intervalms="2077.866" type="nursery" />
<cycle-start id="3953" type="scavenge" contextid="0" timestamp="2020-09-11T12:47:23.897" intervalms="2077.857" />
<gc-start id="3954" type="scavenge" contextid="3953" timestamp="2020-09-11T12:47:23.897">
  <mem-info id="3955" free="502049680" total="2785607680" percent="18">
    <mem type="nursery" free="0" total="939524096" percent="0">
      <mem type="allocate" free="0" total="805437440" percent="0" />
      <mem type="survivor" free="0" total="134086656" percent="0" />
    </mem>
    <mem type="tenure" free="502049680" total="1846083584" percent="27">
      <mem type="soa" free="391284624" total="1735318528" percent="22" />
      <mem type="loa" free="110765056" total="110765056" percent="100" />
    </mem>
    <remembered-set count="192788" />
  </mem-info>
</gc-start>
<allocation-stats totalBytes="690472672" >
  <allocated-bytes non-tlh="31976728" tlh="658495944" />
  <largest-consumer threadName="Group1.Backend.CompositeBackend{Tier1}.5" threadId="000000000088EE00" bytes="107074184" />
</allocation-stats>
<gc-op id="3956" type="scavenge" timems="145.642" contextid="3953" timestamp="2020-09-11T12:47:24.043">
  <scavenger-info tenureage="3" tenuremask="7ff8" tiltratio="85" />
  <memory-copied type="nursery" objects="4483410" bytes="119430384" bytesdiscarded="201152" />
  <memory-copied type="tenure" objects="1092544" bytes="29357280" bytesdiscarded="101872" />
  <ownableSynchronizers candidates="3991" cleared="3567" />
  <references type="soft" candidates="364" cleared="0" enqueued="0" dynamicThreshold="18" maxThreshold="32" />
  <references type="weak" candidates="108" cleared="108" enqueued="0" />
</gc-op>
<gc-end id="3957" type="scavenge" contextid="3953" durationms="146.749" usertimems="1101.856" systemtimems="6.924" timestamp="2020-09-11T12:47:24.044" activeThreads="8">
  <mem-info id="3958" free="1154126288" total="2785607680" percent="41">
    <mem type="nursery" free="681458280" total="939524096" percent="72">
      <mem type="allocate" free="681458280" total="801177600" percent="85" />
      <mem type="survivor" free="0" total="138346496" percent="0" />
    </mem>
    <mem type="tenure" free="472668008" total="1846083584" percent="25" macro-fragmented="0">
      <mem type="soa" free="361902952" total="1735318528" percent="20" />
      <mem type="loa" free="110765056" total="110765056" percent="100" />
    </mem>
    <remembered-set count="28586" />
  </mem-info>
</gc-end>
<cycle-end id="3959" type="scavenge" contextid="3953" timestamp="2020-09-11T12:47:24.046" />
<allocation-satisfied id="3960" threadId="000000000086B500" bytesRequested="32" />
<af-end id="3961" timestamp="2020-09-11T12:47:24.046" threadId="000000000086BE80" success="true" from="nursery"/>
<exclusive-end id="3962" timestamp="2020-09-11T12:47:24.046" durationms="150.100" />

<exclusive-start id="3963" timestamp="2020-09-11T12:47:25.931" intervalms="2034.662">
  <response-info timems="0.814" idlems="0.579" threads="2" lastid="000000000086B500" lastname="Group1.Backend.CompositeBackend{Tier1}.4" />
</exclusive-start>
<af-start id="3964" threadId="0000000000A86680" totalBytesRequested="32" timestamp="2020-09-11T12:47:25.931" intervalms="2034.433" type="nursery" />
<cycle-start id="3965" type="scavenge" contextid="0" timestamp="2020-09-11T12:47:25.931" intervalms="2034.426" />
<gc-start id="3966" type="scavenge" contextid="3965" timestamp="2020-09-11T12:47:25.932">
  <mem-info id="3967" free="472668008" total="2785607680" percent="16">
    <mem type="nursery" free="0" total="939524096" percent="0">
      <mem type="allocate" free="0" total="801177600" percent="0" />
      <mem type="survivor" free="0" total="138346496" percent="0" />
    </mem>
    <mem type="tenure" free="472668008" total="1846083584" percent="25">
      <mem type="soa" free="361902952" total="1735318528" percent="20" />
      <mem type="loa" free="110765056" total="110765056" percent="100" />
    </mem>
    <remembered-set count="188331" />
  </mem-info>
</gc-start>
<allocation-stats totalBytes="681139504" >
  <allocated-bytes non-tlh="36693712" tlh="644445792" />
  <largest-consumer threadName="Group1.Backend.CompositeBackend{Tier1}.5" threadId="000000000088EE00" bytes="105434328" />
</allocation-stats>
<gc-op id="3968" type="scavenge" timems="135.023" contextid="3965" timestamp="2020-09-11T12:47:26.067">
  <scavenger-info tenureage="3" tenuremask="7ff8" tiltratio="85" />
  <memory-copied type="nursery" objects="4863762" bytes="127346376" bytesdiscarded="138600" />
  <memory-copied type="tenure" objects="1147314" bytes="30858912" bytesdiscarded="122720" />
  <ownableSynchronizers candidates="3477" cleared="3095" />
  <references type="soft" candidates="304" cleared="0" enqueued="0" dynamicThreshold="18" maxThreshold="32" />
  <references type="weak" candidates="122" cleared="122" enqueued="0" />
</gc-op>
<gc-end id="3969" type="scavenge" contextid="3965" durationms="135.960" usertimems="1013.426" systemtimems="7.734" timestamp="2020-09-11T12:47:26.067" activeThreads="8">
  <mem-info id="3970" free="1104671528" total="2785607680" percent="39">
    <mem type="nursery" free="663059984" total="939524096" percent="70">
      <mem type="allocate" free="663059984" total="790626304" percent="83" />
      <mem type="survivor" free="0" total="148897792" percent="0" />
    </mem>
    <mem type="tenure" free="441611544" total="1846083584" percent="23" macro-fragmented="0">
      <mem type="soa" free="330846488" total="1735318528" percent="19" />
      <mem type="loa" free="110765056" total="110765056" percent="100" />
    </mem>
    <remembered-set count="30519" />
  </mem-info>
</gc-end>
<cycle-end id="3971" type="scavenge" contextid="3965" timestamp="2020-09-11T12:47:26.069" />
<allocation-satisfied id="3972" threadId="0000000000A85D00" bytesRequested="32" />
<af-end id="3973" timestamp="2020-09-11T12:47:26.069" threadId="0000000000A86680" success="true" from="nursery"/>
<exclusive-end id="3974" timestamp="2020-09-11T12:47:26.069" durationms="138.266" />

<exclusive-start id="3975" timestamp="2020-09-11T12:47:27.993" intervalms="2062.198">
  <response-info timems="0.455" idlems="0.455" threads="0" lastid="000000000088BD00" lastname="Group1.Backend.CompositeBackend{Tier1}.7" />
</exclusive-start>
<af-start id="3976" threadId="000000000088C680" totalBytesRequested="24" timestamp="2020-09-11T12:47:27.993" intervalms="2062.201" type="nursery" />
<cycle-start id="3977" type="scavenge" contextid="0" timestamp="2020-09-11T12:47:27.993" intervalms="2062.203" />
<gc-start id="3978" type="scavenge" contextid="3977" timestamp="2020-09-11T12:47:27.994">
  <mem-info id="3979" free="441611544" total="2785607680" percent="15">
    <mem type="nursery" free="0" total="939524096" percent="0">
      <mem type="allocate" free="0" total="790626304" percent="0" />
      <mem type="survivor" free="0" total="148897792" percent="0" />
    </mem>
    <mem type="tenure" free="441611544" total="1846083584" percent="23">
      <mem type="soa" free="330846488" total="1735318528" percent="19" />
      <mem type="loa" free="110765056" total="110765056" percent="100" />
    </mem>
    <remembered-set count="193959" />
  </mem-info>
</gc-start>
<allocation-stats totalBytes="662729016" >
  <allocated-bytes non-tlh="29772808" tlh="632956208" />
  <largest-consumer threadName="Group1.Backend.CompositeBackend{Tier1}.7" threadId="000000000088BD00" bytes="105337104" />
</allocation-stats>
<gc-op id="3980" type="scavenge" timems="124.170" contextid="3977" timestamp="2020-09-11T12:47:28.118">
  <scavenger-info tenureage="3" tenuremask="7ff8" tiltratio="84" />
  <memory-copied type="nursery" objects="4047023" bytes="109079104" bytesdiscarded="243112" />
  <memory-copied type="tenure" objects="1074924" bytes="28899296" bytesdiscarded="110472" />
  <ownableSynchronizers candidates="4866" cleared="4511" />
  <references type="soft" candidates="318" cleared="0" enqueued="0" dynamicThreshold="18" maxThreshold="32" />
  <references type="weak" candidates="124" cleared="122" enqueued="0" />
</gc-op>
<gc-end id="3981" type="scavenge" contextid="3977" durationms="125.343" usertimems="953.687" systemtimems="0.000" timestamp="2020-09-11T12:47:28.119" activeThreads="8">
  <mem-info id="3982" free="1095079648" total="2785607680" percent="39">
    <mem type="nursery" free="682461688" total="939524096" percent="72">
      <mem type="allocate" free="682461688" total="791871488" percent="86" />
      <mem type="survivor" free="0" total="147652608" percent="0" />
    </mem>
    <mem type="tenure" free="412617960" total="1846083584" percent="22" macro-fragmented="0">
      <mem type="soa" free="301852904" total="1735318528" percent="17" />
      <mem type="loa" free="110765056" total="110765056" percent="100" />
    </mem>
    <remembered-set count="30984" />
  </mem-info>
</gc-end>
<cycle-end id="3983" type="scavenge" contextid="3977" timestamp="2020-09-11T12:47:28.121" />
<allocation-satisfied id="3984" threadId="000000000088BD00" bytesRequested="24" />
<af-end id="3985" timestamp="2020-09-11T12:47:28.121" threadId="000000000088C680" success="true" from="nursery"/>
<exclusive-end id="3986" timestamp="2020-09-11T12:47:28.121" durationms="128.327" />

<exclusive-start id="3987" timestamp="2020-09-11T12:47:30.096" intervalms="2102.999">
  <response-info timems="0.431" idlems="0.431" threads="0" lastid="000000000086B500" lastname="Group1.Backend.CompositeBackend{Tier1}.4" />
</exclusive-start>
<af-start id="3988" threadId="000000000086BE80" totalBytesRequested="1032" timestamp="2020-09-11T12:47:30.096" intervalms="2103.155" type="nursery" />
<cycle-start id="3989" type="scavenge" contextid="0" timestamp="2020-09-11T12:47:30.097" intervalms="2103.164" />
<gc-start id="3990" type="scavenge" contextid="3989" timestamp="2020-09-11T12:47:30.097">
  <mem-info id="3991" free="412617960" total="2785607680" percent="14">
    <mem type="nursery" free="0" total="939524096" percent="0">
      <mem type="allocate" free="0" total="791871488" percent="0" />
      <mem type="survivor" free="0" total="147652608" percent="0" />
    </mem>
    <mem type="tenure" free="412617960" total="1846083584" percent="22">
      <mem type="soa" free="301852904" total="1735318528" percent="17" />
      <mem type="loa" free="110765056" total="110765056" percent="100" />
    </mem>
    <remembered-set count="194408" />
  </mem-info>
</gc-start>
<allocation-stats totalBytes="682141296" >
  <allocated-bytes non-tlh="30211728" tlh="651929568" />
  <largest-consumer threadName="Group1.Backend.CompositeBackend{Tier1}.2" threadId="0000000000785700" bytes="92937472" />
</allocation-stats>
<gc-op id="3992" type="scavenge" timems="122.282" contextid="3989" timestamp="2020-09-11T12:47:30.219">
  <scavenger-info tenureage="3" tenuremask="7ff8" tiltratio="84" />
  <memory-copied type="nursery" objects="4029803" bytes="108061216" bytesdiscarded="154200" />
  <memory-copied type="tenure" objects="1127868" bytes="30831408" bytesdiscarded="110616" />
  <ownableSynchronizers candidates="3934" cleared="3569" />
  <references type="soft" candidates="313" cleared="0" enqueued="0" dynamicThreshold="18" maxThreshold="32" />
  <references type="weak" candidates="127" cleared="127" enqueued="0" />
</gc-op>
<gc-end id="3993" type="scavenge" contextid="3989" durationms="123.787" usertimems="892.557" systemtimems="0.000" timestamp="2020-09-11T12:47:30.221" activeThreads="8">
  <mem-info id="3994" free="1070356472" total="2785607680" percent="38">
    <mem type="nursery" free="688679168" total="939524096" percent="73">
      <mem type="allocate" free="688679168" total="796983296" percent="86" />
      <mem type="survivor" free="0" total="142540800" percent="0" />
    </mem>
    <mem type="tenure" free="381677304" total="1846083584" percent="20" macro-fragmented="0">
      <mem type="soa" free="270912248" total="1735318528" percent="15" />
      <mem type="loa" free="110765056" total="110765056" percent="100" />
    </mem>
    <remembered-set count="33086" />
  </mem-info>
</gc-end>
<cycle-end id="3995" type="scavenge" contextid="3989" timestamp="2020-09-11T12:47:30.222" />
<allocation-satisfied id="3996" threadId="000000000086B500" bytesRequested="1032" />
<af-end id="3997" timestamp="2020-09-11T12:47:30.222" threadId="000000000086BE80" success="true" from="nursery"/>
<exclusive-end id="3998" timestamp="2020-09-11T12:47:30.222" durationms="126.665" />

<exclusive-start id="3999" timestamp="2020-09-11T12:47:32.199" intervalms="2103.359">
  <response-info timems="21.313" idlems="21.313" threads="0" lastid="000000000088BD00" lastname="Group1.Backend.CompositeBackend{Tier1}.7" />
</exclusive-start>
<af-start id="4000" threadId="000000000088C680" totalBytesRequested="24" timestamp="2020-09-11T12:47:32.200" intervalms="2103.344" type="nursery" />
<cycle-start id="4001" type="scavenge" contextid="0" timestamp="2020-09-11T12:47:32.200" intervalms="2103.344" />
<gc-start id="4002" type="scavenge" contextid="4001" timestamp="2020-09-11T12:47:32.200">
  <mem-info id="4003" free="381677304" total="2785607680" percent="13">
    <mem type="nursery" free="0" total="939524096" percent="0">
      <mem type="allocate" free="0" total="796983296" percent="0" />
      <mem type="survivor" free="0" total="142540800" percent="0" />
    </mem>
    <mem type="tenure" free="381677304" total="1846083584" percent="20">
      <mem type="soa" free="270912248" total="1735318528" percent="15" />
      <mem type="loa" free="110765056" total="110765056" percent="100" />
    </mem>
    <remembered-set count="196503" />
  </mem-info>
</gc-start>
<allocation-stats totalBytes="688355920" >
  <allocated-bytes non-tlh="32619008" tlh="655736912" />
  <largest-consumer threadName="Group1.Backend.CompositeBackend{Tier1}.7" threadId="000000000088BD00" bytes="105369096" />
</allocation-stats>
<gc-op id="4004" type="scavenge" timems="125.819" contextid="4001" timestamp="2020-09-11T12:47:32.326">
  <scavenger-info tenureage="3" tenuremask="7ff8" tiltratio="84" />
  <memory-copied type="nursery" objects="4100783" bytes="109928664" bytesdiscarded="243376" />
  <memory-copied type="tenure" objects="1042571" bytes="28008584" bytesdiscarded="99128" />
  <ownableSynchronizers candidates="4004" cleared="3634" />
  <references type="soft" candidates="322" cleared="0" enqueued="0" dynamicThreshold="18" maxThreshold="32" />
  <references type="weak" candidates="93" cleared="93" enqueued="0" />
</gc-op>
<gc-end id="4005" type="scavenge" contextid="4001" durationms="127.085" usertimems="971.384" systemtimems="4.726" timestamp="2020-09-11T12:47:32.327" activeThreads="8">
  <mem-info id="4006" free="1043817688" total="2785607680" percent="37">
    <mem type="nursery" free="690202624" total="939524096" percent="73">
      <mem type="allocate" free="690202624" total="800456704" percent="86" />
      <mem type="survivor" free="0" total="139067392" percent="0" />
    </mem>
    <mem type="tenure" free="353615064" total="1846083584" percent="19" macro-fragmented="0">
      <mem type="soa" free="242850008" total="1735318528" percent="13" />
      <mem type="loa" free="110765056" total="110765056" percent="100" />
    </mem>
    <remembered-set count="31827" />
  </mem-info>
</gc-end>
<cycle-end id="4007" type="scavenge" contextid="4001" timestamp="2020-09-11T12:47:32.329" />
<allocation-satisfied id="4008" threadId="000000000088BD00" bytesRequested="24" />
<af-end id="4009" timestamp="2020-09-11T12:47:32.329" threadId="000000000088C680" success="true" from="nursery"/>
<exclusive-end id="4010" timestamp="2020-09-11T12:47:32.329" durationms="130.200" />

<exclusive-start id="4011" timestamp="2020-09-11T12:47:34.242" intervalms="2043.400">
  <response-info timems="0.570" idlems="0.495" threads="1" lastid="0000000000789300" lastname="Group1.Backend.CompositeBackend{Tier1}.1" />
</exclusive-start>
<af-start id="4012" threadId="000000000089E480" totalBytesRequested="56" timestamp="2020-09-11T12:47:34.243" intervalms="2043.398" type="nursery" />
<cycle-start id="4013" type="scavenge" contextid="0" timestamp="2020-09-11T12:47:34.243" intervalms="2043.397" />
<gc-start id="4014" type="scavenge" contextid="4013" timestamp="2020-09-11T12:47:34.244">
  <mem-info id="4015" free="353615064" total="2785607680" percent="12">
    <mem type="nursery" free="0" total="939524096" percent="0">
      <mem type="allocate" free="0" total="800456704" percent="0" />
      <mem type="survivor" free="0" total="139067392" percent="0" />
    </mem>
    <mem type="tenure" free="353615064" total="1846083584" percent="19">
      <mem type="soa" free="242850008" total="1735318528" percent="13" />
      <mem type="loa" free="110765056" total="110765056" percent="100" />
    </mem>
    <remembered-set count="192102" />
  </mem-info>
</gc-start>
<allocation-stats totalBytes="689885328" >
  <allocated-bytes non-tlh="36487368" tlh="653397960" />
  <largest-consumer threadName="Group1.Backend.CompositeBackend{Tier1}.4" threadId="000000000086B500" bytes="111289088" />
</allocation-stats>
<gc-op id="4016" type="scavenge" timems="108.708" contextid="4013" timestamp="2020-09-11T12:47:34.352">
  <scavenger-info tenureage="3" tenuremask="7ff8" tiltratio="85" />
  <memory-copied type="nursery" objects="4198796" bytes="112461784" bytesdiscarded="400936" />
  <memory-copied type="tenure" objects="1087863" bytes="29224232" bytesdiscarded="121360" />
  <ownableSynchronizers candidates="4014" cleared="3634" />
  <references type="soft" candidates="307" cleared="0" enqueued="0" dynamicThreshold="18" maxThreshold="32" />
  <references type="weak" candidates="120" cleared="118" enqueued="0" />
</gc-op>
<gc-end id="4017" type="scavenge" contextid="4013" durationms="109.709" usertimems="859.327" systemtimems="0.000" timestamp="2020-09-11T12:47:34.353" activeThreads="8">
  <mem-info id="4018" free="1013780184" total="2785607680" percent="36">
    <mem type="nursery" free="689544952" total="939524096" percent="73">
      <mem type="allocate" free="689544952" total="802488320" percent="85" />
      <mem type="survivor" free="0" total="137035776" percent="0" />
    </mem>
    <mem type="tenure" free="324235232" total="1846083584" percent="17" macro-fragmented="0">
      <mem type="soa" free="213470176" total="1735318528" percent="12" />
      <mem type="loa" free="110765056" total="110765056" percent="100" />
    </mem>
    <remembered-set count="29869" />
  </mem-info>
</gc-end>
<cycle-end id="4019" type="scavenge" contextid="4013" timestamp="2020-09-11T12:47:34.355" />
<allocation-satisfied id="4020" threadId="000000000089DB00" bytesRequested="56" />
<af-end id="4021" timestamp="2020-09-11T12:47:34.355" threadId="000000000089E480" success="true" from="nursery"/>
<exclusive-end id="4022" timestamp="2020-09-11T12:47:34.355" durationms="112.733" />

<exclusive-start id="4023" timestamp="2020-09-11T12:47:36.413" intervalms="2170.269">
  <response-info timems="0.755" idlems="0.543" threads="1" lastid="000000000088EE00" lastname="Group1.Backend.CompositeBackend{Tier1}.5" />
</exclusive-start>
<af-start id="4024" threadId="000000000095D580" totalBytesRequested="16" timestamp="2020-09-11T12:47:36.414" intervalms="2170.685" type="nursery" />
<cycle-start id="4025" type="scavenge" contextid="0" timestamp="2020-09-11T12:47:36.414" intervalms="2170.729" />
<gc-start id="4026" type="scavenge" contextid="4025" timestamp="2020-09-11T12:47:36.414">
  <mem-info id="4027" free="324235232" total="2785607680" percent="11">
    <mem type="nursery" free="0" total="939524096" percent="0">
      <mem type="allocate" free="0" total="802488320" percent="0" />
      <mem type="survivor" free="0" total="137035776" percent="0" />
    </mem>
    <mem type="tenure" free="324235232" total="1846083584" percent="17">
      <mem type="soa" free="213470176" total="1735318528" percent="12" />
      <mem type="loa" free="110765056" total="110765056" percent="100" />
    </mem>
    <remembered-set count="195350" />
  </mem-info>
</gc-start>
<allocation-stats totalBytes="689192520" >
  <allocated-bytes non-tlh="26678496" tlh="662514024" />
  <largest-consumer threadName="Group1.Backend.CompositeBackend{Tier1}.7" threadId="000000000088BD00" bytes="124774696" />
</allocation-stats>
<gc-op id="4028" type="scavenge" timems="114.898" contextid="4025" timestamp="2020-09-11T12:47:36.529">
  <scavenger-info tenureage="3" tenuremask="7ff8" tiltratio="85" />
  <memory-copied type="nursery" objects="4361737" bytes="116115208" bytesdiscarded="647840" />
  <memory-copied type="tenure" objects="1090752" bytes="29328424" bytesdiscarded="122784" />
  <ownableSynchronizers candidates="3634" cleared="3293" />
  <references type="soft" candidates="303" cleared="0" enqueued="0" dynamicThreshold="18" maxThreshold="32" />
  <references type="weak" candidates="103" cleared="103" enqueued="0" />
</gc-op>
<gc-end id="4029" type="scavenge" contextid="4025" durationms="116.147" usertimems="891.001" systemtimems="0.000" timestamp="2020-09-11T12:47:36.530" activeThreads="8">
  <mem-info id="4030" free="981043104" total="2785607680" percent="35">
    <mem type="nursery" free="686226144" total="939524096" percent="73">
      <mem type="allocate" free="686226144" total="803078144" percent="85" />
      <mem type="survivor" free="0" total="136445952" percent="0" />
    </mem>
    <mem type="tenure" free="294816960" total="1846083584" percent="15" macro-fragmented="0">
      <mem type="soa" free="184051904" total="1735318528" percent="10" />
      <mem type="loa" free="110765056" total="110765056" percent="100" />
    </mem>
    <remembered-set count="29581" />
  </mem-info>
</gc-end>
<cycle-end id="4031" type="scavenge" contextid="4025" timestamp="2020-09-11T12:47:36.533" />
<allocation-satisfied id="4032" threadId="000000000095CC00" bytesRequested="16" />
<af-end id="4033" timestamp="2020-09-11T12:47:36.533" threadId="000000000095D580" success="true" from="nursery"/>
<exclusive-end id="4034" timestamp="2020-09-11T12:47:36.533" durationms="120.090" />

<exclusive-start id="4035" timestamp="2020-09-11T12:47:38.463" intervalms="2050.202">
  <response-info timems="0.469" idlems="0.345" threads="1" lastid="000000000086A900" lastname="Group1.Backend.CompositeBackend{Tier1}.3" />
</exclusive-start>
<af-start id="4036" threadId="00000000008D5480" totalBytesRequested="16" timestamp="2020-09-11T12:47:38.464" intervalms="2049.766" type="nursery" />
<cycle-start id="4037" type="scavenge" contextid="0" timestamp="2020-09-11T12:47:38.464" intervalms="2049.742" />
<gc-start id="4038" type="scavenge" contextid="4037" timestamp="2020-09-11T12:47:38.464">
  <mem-info id="4039" free="294816960" total="2785607680" percent="10">
    <mem type="nursery" free="0" total="939524096" percent="0">
      <mem type="allocate" free="0" total="803078144" percent="0" />
      <mem type="survivor" free="0" total="136445952" percent="0" />
    </mem>
    <mem type="tenure" free="294816960" total="1846083584" percent="15">
      <mem type="soa" free="184051904" total="1735318528" percent="10" />
      <mem type="loa" free="110765056" total="110765056" percent="100" />
    </mem>
    <remembered-set count="190118" />
  </mem-info>
</gc-start>
<allocation-stats totalBytes="685898072" >
  <allocated-bytes non-tlh="36564904" tlh="649333168" />
  <largest-consumer threadName="Group1.Backend.CompositeBackend{Tier1}.7" threadId="000000000088BD00" bytes="119144792" />
</allocation-stats>
<gc-op id="4040" type="scavenge" timems="110.215" contextid="4037" timestamp="2020-09-11T12:47:38.574">
  <scavenger-info tenureage="3" tenuremask="7ff8" tiltratio="85" />
  <memory-copied type="nursery" objects="4365240" bytes="115952200" bytesdiscarded="326376" />
  <memory-copied type="tenure" objects="1097082" bytes="29481088" bytesdiscarded="103272" />
  <ownableSynchronizers candidates="4692" cleared="4362" />
  <references type="soft" candidates="279" cleared="0" enqueued="0" dynamicThreshold="18" maxThreshold="32" />
  <references type="weak" candidates="119" cleared="118" enqueued="0" />
</gc-op>
<gc-end id="4041" type="scavenge" contextid="4037" durationms="111.172" usertimems="861.175" systemtimems="0.000" timestamp="2020-09-11T12:47:38.575" activeThreads="8">
  <mem-info id="4042" free="953221112" total="2785607680" percent="34">
    <mem type="nursery" free="687959792" total="939524096" percent="73">
      <mem type="allocate" free="687959792" total="804323328" percent="85" />
      <mem type="survivor" free="0" total="135200768" percent="0" />
    </mem>
    <mem type="tenure" free="265261320" total="1846083584" percent="14" macro-fragmented="0">
      <mem type="soa" free="154496264" total="1735318528" percent="8" />
      <mem type="loa" free="110765056" total="110765056" percent="100" />
    </mem>
    <remembered-set count="28667" />
  </mem-info>
</gc-end>
<cycle-end id="4043" type="scavenge" contextid="4037" timestamp="2020-09-11T12:47:38.577" />
<allocation-satisfied id="4044" threadId="00000000008D4B00" bytesRequested="16" />
<af-end id="4045" timestamp="2020-09-11T12:47:38.577" threadId="00000000008D5480" success="true" from="nursery"/>
<exclusive-end id="4046" timestamp="2020-09-11T12:47:38.577" durationms="114.568" />

<exclusive-start id="4047" timestamp="2020-09-11T12:47:40.480" intervalms="2017.545">
  <response-info timems="0.615" idlems="0.615" threads="0" lastid="000000000088EE00" lastname="Group1.Backend.CompositeBackend{Tier1}.5" />
</exclusive-start>
<af-start id="4048" threadId="000000000088F780" totalBytesRequested="16" timestamp="2020-09-11T12:47:40.481" intervalms="2017.699" type="nursery" />
<cycle-start id="4049" type="scavenge" contextid="0" timestamp="2020-09-11T12:47:40.482" intervalms="2017.719" />
<gc-start id="4050" type="scavenge" contextid="4049" timestamp="2020-09-11T12:47:40.482">
  <mem-info id="4051" free="265261320" total="2785607680" percent="9">
    <mem type="nursery" free="0" total="939524096" percent="0">
      <mem type="allocate" free="0" total="804323328" percent="0" />
      <mem type="survivor" free="0" total="135200768" percent="0" />
    </mem>
    <mem type="tenure" free="265261320" total="1846083584" percent="14">
      <mem type="soa" free="154496264" total="1735318528" percent="8" />
      <mem type="loa" free="110765056" total="110765056" percent="100" />
    </mem>
    <remembered-set count="190441" />
  </mem-info>
</gc-start>
<allocation-stats totalBytes="687640192" >
  <allocated-bytes non-tlh="35589296" tlh="652050896" />
  <largest-consumer threadName="Group1.Backend.CompositeBackend{Tier1}.1" threadId="0000000000789300" bytes="94027456" />
</allocation-stats>
<gc-op id="4052" type="scavenge" timems="120.760" contextid="4049" timestamp="2020-09-11T12:47:40.603">
  <scavenger-info tenureage="3" tenuremask="7ff8" tiltratio="85" />
  <memory-copied type="nursery" objects="4469322" bytes="118037904" bytesdiscarded="188864" />
  <memory-copied type="tenure" objects="1087595" bytes="29264032" bytesdiscarded="125704" />
  <ownableSynchronizers candidates="3267" cleared="2959" />
  <references type="soft" candidates="262" cleared="0" enqueued="0" dynamicThreshold="18" maxThreshold="32" />
  <references type="weak" candidates="132" cleared="132" enqueued="0" />
</gc-op>
<gc-end id="4053" type="scavenge" contextid="4049" durationms="121.923" usertimems="914.979" systemtimems="0.000" timestamp="2020-09-11T12:47:40.604" activeThreads="8">
  <mem-info id="4054" free="922406208" total="2785607680" percent="33">
    <mem type="nursery" free="686533104" total="939524096" percent="73">
      <mem type="allocate" free="686533104" total="804847616" percent="85" />
      <mem type="survivor" free="0" total="134676480" percent="0" />
    </mem>
    <mem type="tenure" free="235873104" total="1846083584" percent="12" macro-fragmented="868149">
      <mem type="soa" free="125108048" total="1735318528" percent="7" />
      <mem type="loa" free="110765056" total="110765056" percent="100" />
    </mem>
    <remembered-set count="30230" />
  </mem-info>
</gc-end>
<cycle-end id="4055" type="scavenge" contextid="4049" timestamp="2020-09-11T12:47:40.605" />
<allocation-satisfied id="4056" threadId="000000000088EE00" bytesRequested="16" />
<af-end id="4057" timestamp="2020-09-11T12:47:40.605" threadId="000000000088F780" success="true" from="nursery"/>
<exclusive-end id="4058" timestamp="2020-09-11T12:47:40.605" durationms="124.856" />

<exclusive-start id="4059" timestamp="2020-09-11T12:47:42.650" intervalms="2169.605">
  <response-info timems="0.255" idlems="0.255" threads="0" lastid="0000000000785700" lastname="Group1.Backend.CompositeBackend{Tier1}.2" />
</exclusive-start>
<af-start id="4060" threadId="0000000000786080" totalBytesRequested="24" timestamp="2020-09-11T12:47:42.651" intervalms="2169.331" type="nursery" />
<cycle-start id="4061" type="scavenge" contextid="0" timestamp="2020-09-11T12:47:42.651" intervalms="2169.283" />
<gc-start id="4062" type="scavenge" contextid="4061" timestamp="2020-09-11T12:47:42.651">
  <mem-info id="4063" free="235873104" total="2785607680" percent="8">
    <mem type="nursery" free="0" total="939524096" percent="0">
      <mem type="allocate" free="0" total="804847616" percent="0" />
      <mem type="survivor" free="0" total="134676480" percent="0" />
    </mem>
    <mem type="tenure" free="235873104" total="1846083584" percent="12">
      <mem type="soa" free="125108048" total="1735318528" percent="7" />
      <mem type="loa" free="110765056" total="110765056" percent="100" />
    </mem>
    <remembered-set count="196276" />
  </mem-info>
</gc-start>
<allocation-stats totalBytes="686201736" >
  <allocated-bytes non-tlh="27879608" tlh="658322128" />
  <largest-consumer threadName="Group1.Backend.CompositeBackend{Tier1}.8" threadId="00000000008D4B00" bytes="118824984" />
</allocation-stats>
<gc-op id="4064" type="scavenge" timems="99.585" contextid="4061" timestamp="2020-09-11T12:47:42.751">
  <scavenger-info tenureage="3" tenuremask="7ff8" tiltratio="85" />
  <memory-copied type="nursery" objects="4041016" bytes="108432592" bytesdiscarded="453304" />
  <memory-copied type="tenure" objects="1132926" bytes="30488792" bytesdiscarded="128488" />
  <ownableSynchronizers candidates="4189" cleared="3893" />
  <references type="soft" candidates="241" cleared="0" enqueued="0" dynamicThreshold="18" maxThreshold="32" />
  <references type="weak" candidates="113" cleared="113" enqueued="0" />
</gc-op>
<gc-end id="4065" type="scavenge" contextid="4061" durationms="100.635" usertimems="747.066" systemtimems="0.000" timestamp="2020-09-11T12:47:42.752" activeThreads="8">
  <mem-info id="4066" free="901602360" total="2785607680" percent="32">
    <mem type="nursery" free="696337608" total="939524096" percent="74">
      <mem type="allocate" free="696337608" total="805306368" percent="86" />
      <mem type="survivor" free="0" total="134217728" percent="0" />
    </mem>
    <mem type="tenure" free="205264752" total="1846083584" percent="11" macro-fragmented="0">
      <mem type="soa" free="94499696" total="1735318528" percent="5" />
      <mem type="loa" free="110765056" total="110765056" percent="100" />
    </mem>
    <remembered-set count="31555" />
  </mem-info>
</gc-end>
<cycle-end id="4067" type="scavenge" contextid="4061" timestamp="2020-09-11T12:47:42.753" />
<allocation-satisfied id="4068" threadId="0000000000785700" bytesRequested="24" />
<af-end id="4069" timestamp="2020-09-11T12:47:42.753" threadId="0000000000786080" success="true" from="nursery"/>
<exclusive-end id="4070" timestamp="2020-09-11T12:47:42.753" durationms="103.221" />

<exclusive-start id="4071" timestamp="2020-09-11T12:47:44.727" intervalms="2077.001">
  <response-info timems="0.486" idlems="0.486" threads="0" lastid="00000000008D4B00" lastname="Group1.Backend.CompositeBackend{Tier1}.8" />
</exclusive-start>
<af-start id="4072" threadId="00000000008D5480" totalBytesRequested="656" timestamp="2020-09-11T12:47:44.728" intervalms="2077.054" type="nursery" />
<cycle-start id="4073" type="scavenge" contextid="0" timestamp="2020-09-11T12:47:44.728" intervalms="2077.056" />
<gc-start id="4074" type="scavenge" contextid="4073" timestamp="2020-09-11T12:47:44.728">
  <mem-info id="4075" free="205264752" total="2785607680" percent="7">
    <mem type="nursery" free="0" total="939524096" percent="0">
      <mem type="allocate" free="0" total="805306368" percent="0" />
      <mem type="survivor" free="0" total="134217728" percent="0" />
    </mem>
    <mem type="tenure" free="205264752" total="1846083584" percent="11">
      <mem type="soa" free="94499696" total="1735318528" percent="5" />
      <mem type="loa" free="110765056" total="110765056" percent="100" />
    </mem>
    <remembered-set count="194276" />
  </mem-info>
</gc-start>
<allocation-stats totalBytes="696010504" >
  <allocated-bytes non-tlh="35324896" tlh="660685608" />
  <largest-consumer threadName="Group1.Backend.CompositeBackend{Tier1}.8" threadId="00000000008D4B00" bytes="99077856" />
</allocation-stats>
<gc-op id="4076" type="scavenge" timems="108.647" contextid="4073" timestamp="2020-09-11T12:47:44.837">
  <scavenger-info tenureage="3" tenuremask="7ff8" tiltratio="85" />
  <memory-copied type="nursery" objects="4053468" bytes="108958176" bytesdiscarded="253568" />
  <memory-copied type="tenure" objects="1066077" bytes="28655152" bytesdiscarded="137232" />
  <ownableSynchronizers candidates="2988" cleared="2692" />
  <references type="soft" candidates="269" cleared="0" enqueued="0" dynamicThreshold="18" maxThreshold="32" />
  <references type="weak" candidates="127" cleared="127" enqueued="0" />
</gc-op>
<gc-end id="4077" type="scavenge" contextid="4073" durationms="109.771" usertimems="798.830" systemtimems="14.061" timestamp="2020-09-11T12:47:44.838" activeThreads="8">
  <mem-info id="4078" free="874790728" total="2785607680" percent="31">
    <mem type="nursery" free="698306784" total="939524096" percent="74">
      <mem type="allocate" free="698306784" total="807600128" percent="86" />
      <mem type="survivor" free="0" total="131923968" percent="0" />
    </mem>
    <mem type="tenure" free="176483944" total="1846083584" percent="9" macro-fragmented="0">
      <mem type="soa" free="65718888" total="1735318528" percent="3" />
      <mem type="loa" free="110765056" total="110765056" percent="100" />
    </mem>
    <remembered-set count="31154" />
  </mem-info>
</gc-end>
<cycle-end id="4079" type="scavenge" contextid="4073" timestamp="2020-09-11T12:47:44.840" />
<allocation-satisfied id="4080" threadId="00000000008D4B00" bytesRequested="656" />
<af-end id="4081" timestamp="2020-09-11T12:47:44.840" threadId="00000000008D5480" success="true" from="nursery"/>
<exclusive-end id="4082" timestamp="2020-09-11T12:47:44.840" durationms="112.645" />

<exclusive-start id="4083" timestamp="2020-09-11T12:47:46.822" intervalms="2094.685">
  <response-info timems="6.625" idlems="6.625" threads="0" lastid="000000000089DB00" lastname="Group1.Backend.CompositeBackend{Tier1}.6" />
</exclusive-start>
<af-start id="4084" threadId="000000000089E480" totalBytesRequested="24" timestamp="2020-09-11T12:47:46.823" intervalms="2094.998" type="nursery" />
<cycle-start id="4085" type="scavenge" contextid="0" timestamp="2020-09-11T12:47:46.823" intervalms="2095.061" />
<gc-start id="4086" type="scavenge" contextid="4085" timestamp="2020-09-11T12:47:46.823">
  <mem-info id="4087" free="176483944" total="2785607680" percent="6">
    <mem type="nursery" free="0" total="939524096" percent="0">
      <mem type="allocate" free="0" total="807600128" percent="0" />
      <mem type="survivor" free="0" total="131923968" percent="0" />
    </mem>
    <mem type="tenure" free="176483944" total="1846083584" percent="9">
      <mem type="soa" free="65718888" total="1735318528" percent="3" />
      <mem type="loa" free="110765056" total="110765056" percent="100" />
    </mem>
    <remembered-set count="195809" />
  </mem-info>
</gc-start>
<allocation-stats totalBytes="697961232" >
  <allocated-bytes non-tlh="33051288" tlh="664909944" />
  <largest-consumer threadName="Group1.Backend.CompositeBackend{Tier1}.2" threadId="0000000000785700" bytes="94711720" />
</allocation-stats>
<gc-op id="4088" type="scavenge" timems="114.656" contextid="4085" timestamp="2020-09-11T12:47:46.938">
  <scavenger-info tenureage="3" tenuremask="7ff8" tiltratio="85" />
  <memory-copied type="nursery" objects="4709172" bytes="123910880" bytesdiscarded="215936" />
  <memory-copied type="tenure" objects="1054199" bytes="28447984" bytesdiscarded="38528" />
  <ownableSynchronizers candidates="4132" cleared="3834" />
  <references type="soft" candidates="277" cleared="0" enqueued="0" dynamicThreshold="18" maxThreshold="32" />
  <references type="weak" candidates="107" cleared="107" enqueued="0" />
</gc-op>
<gc-end id="4089" type="scavenge" contextid="4085" durationms="115.902" usertimems="819.682" systemtimems="0.000" timestamp="2020-09-11T12:47:46.939" activeThreads="8">
  <mem-info id="4090" free="812300424" total="2785607680" percent="29">
    <mem type="nursery" free="664514952" total="939524096" percent="70">
      <mem type="allocate" free="664514952" total="788725760" percent="84" />
      <mem type="survivor" free="0" total="150798336" percent="0" />
    </mem>
    <mem type="tenure" free="147785472" total="1846083584" percent="8" macro-fragmented="0">
      <mem type="soa" free="37020416" total="1735318528" percent="2" />
      <mem type="loa" free="110765056" total="110765056" percent="100" />
    </mem>
    <remembered-set count="30811" />
  </mem-info>
</gc-end>
<cycle-end id="4091" type="scavenge" contextid="4085" timestamp="2020-09-11T12:47:46.942" />
<allocation-satisfied id="4092" threadId="000000000089DB00" bytesRequested="24" />
<af-end id="4093" timestamp="2020-09-11T12:47:46.942" threadId="000000000089E480" success="true" from="nursery"/>
<exclusive-end id="4094" timestamp="2020-09-11T12:47:46.942" durationms="119.898" />

<exclusive-start id="4095" timestamp="2020-09-11T12:47:48.897" intervalms="2074.938">
  <response-info timems="0.690" idlems="0.690" threads="0" lastid="000000000088BD00" lastname="Group1.Backend.CompositeBackend{Tier1}.7" />
</exclusive-start>
<af-start id="4096" threadId="000000000088C680" totalBytesRequested="264" timestamp="2020-09-11T12:47:48.897" intervalms="2074.665" type="nursery" />
<cycle-start id="4097" type="scavenge" contextid="0" timestamp="2020-09-11T12:47:48.898" intervalms="2074.604" />
<gc-start id="4098" type="scavenge" contextid="4097" timestamp="2020-09-11T12:47:48.898">
  <mem-info id="4099" free="147785472" total="2785607680" percent="5">
    <mem type="nursery" free="0" total="939524096" percent="0">
      <mem type="allocate" free="0" total="788725760" percent="0" />
      <mem type="survivor" free="0" total="150798336" percent="0" />
    </mem>
    <mem type="tenure" free="147785472" total="1846083584" percent="8">
      <mem type="soa" free="37020416" total="1735318528" percent="2" />
      <mem type="loa" free="110765056" total="110765056" percent="100" />
    </mem>
    <remembered-set count="192510" />
  </mem-info>
</gc-start>
<allocation-stats totalBytes="664197968" >
  <allocated-bytes non-tlh="31699704" tlh="632498264" />
  <largest-consumer threadName="Group1.Backend.CompositeBackend{Tier1}.2" threadId="0000000000785700" bytes="88474104" />
</allocation-stats>
<gc-op id="4100" type="scavenge" timems="118.068" contextid="4097" timestamp="2020-09-11T12:47:49.016">
  <scavenger-info tenureage="3" tenuremask="7ff8" tiltratio="83" />
  <memory-copied type="nursery" objects="4067122" bytes="109139376" bytesdiscarded="175160" />
  <memory-copied type="tenure" objects="1131025" bytes="30409760" bytesdiscarded="23896" />
  <ownableSynchronizers candidates="4147" cleared="3831" />
  <references type="soft" candidates="299" cleared="0" enqueued="0" dynamicThreshold="18" maxThreshold="32" />
  <references type="weak" candidates="122" cleared="122" enqueued="0" />
</gc-op>
<gc-end id="4101" type="scavenge" contextid="4097" durationms="119.875" usertimems="875.336" systemtimems="5.532" timestamp="2020-09-11T12:47:49.018" activeThreads="8">
  <mem-info id="4102" free="798963240" total="2785607680" percent="28">
    <mem type="nursery" free="681684992" total="939524096" percent="72">
      <mem type="allocate" free="681684992" total="791085056" percent="86" />
      <mem type="survivor" free="0" total="148439040" percent="0" />
    </mem>
    <mem type="tenure" free="117278248" total="1846083584" percent="6" macro-fragmented="0">
      <mem type="soa" free="6513192" total="1735318528" percent="0" />
      <mem type="loa" free="110765056" total="110765056" percent="100" />
    </mem>
    <remembered-set count="31641" />
  </mem-info>
</gc-end>
<cycle-end id="4103" type="scavenge" contextid="4097" timestamp="2020-09-11T12:47:49.020" />
<allocation-satisfied id="4104" threadId="000000000088BD00" bytesRequested="264" />
<af-end id="4105" timestamp="2020-09-11T12:47:49.020" threadId="000000000088C680" success="true" from="nursery"/>
<exclusive-end id="4106" timestamp="2020-09-11T12:47:49.020" durationms="123.468" />

<exclusive-start id="4107" timestamp="2020-09-11T12:47:51.019" intervalms="2122.198">
  <response-info timems="0.821" idlems="0.821" threads="0" lastid="000000000086A900" lastname="Group1.Backend.CompositeBackend{Tier1}.3" />
</exclusive-start>
<af-start id="4108" threadId="000000000086B280" totalBytesRequested="32" timestamp="2020-09-11T12:47:51.020" intervalms="2122.505" type="nursery" />
<percolate-collect id="4109" from="nursery" to="global" reason="prevent tenure expand" timestamp="2020-09-11T12:47:51.020"/>
<cycle-start id="4110" type="global" contextid="0" timestamp="2020-09-11T12:47:51.020" intervalms="65602.619" />
<gc-start id="4111" type="global" contextid="4110" timestamp="2020-09-11T12:47:51.021">
  <mem-info id="4112" free="117278248" total="2785607680" percent="4">
    <mem type="nursery" free="0" total="939524096" percent="0">
      <mem type="allocate" free="0" total="791085056" percent="0" />
      <mem type="survivor" free="0" total="148439040" percent="0" />
    </mem>
    <mem type="tenure" free="117278248" total="1846083584" percent="6">
      <mem type="soa" free="6513192" total="1735318528" percent="0" />
      <mem type="loa" free="110765056" total="110765056" percent="100" />
    </mem>
    <remembered-set count="195925" />
  </mem-info>
</gc-start>
<allocation-stats totalBytes="681360992" >
  <allocated-bytes non-tlh="29773784" tlh="651587208" />
  <largest-consumer threadName="Group1.Backend.CompositeBackend{Tier1}.3" threadId="000000000086A900" bytes="92790928" />
</allocation-stats>
<heap-resize id="4113" type="loa contract" space="tenure" amount="18460672" count="1" timems="0.000" reason="contract underutilized loa" timestamp="2020-09-11T12:47:51.021" />
<gc-op id="4114" type="mark" timems="675.345" contextid="4110" timestamp="2020-09-11T12:47:51.696">
  <trace-info objectcount="30830173" scancount="29850625" scanbytes="816045824" />
  <finalization candidates="150" enqueued="0" />
  <ownableSynchronizers candidates="589097" cleared="4071" />
  <references type="soft" candidates="709877" cleared="0" enqueued="0" dynamicThreshold="18" maxThreshold="32" />
  <references type="weak" candidates="4418" cleared="129" enqueued="0" />
  <references type="phantom" candidates="107" cleared="0" enqueued="0" />
  <stringconstants candidates="10922" cleared="1"  />
</gc-op>
<gc-op id="4115" type="sweep" timems="17.993" contextid="4110" timestamp="2020-09-11T12:47:51.714" />
<heap-resize id="4116" type="contract" space="tenure" amount="92274688" count="1" timems="22.755" reason="insufficient time being spent in gc" timestamp="2020-09-11T12:47:51.738" />
<gc-end id="4117" type="global" contextid="4110" durationms="717.749" usertimems="5228.904" systemtimems="13.190" timestamp="2020-09-11T12:47:51.738" activeThreads="8">
  <mem-info id="4118" free="1529390744" total="2693332992" percent="56">
    <mem type="nursery" free="598471816" total="939524096" percent="63">
      <mem type="allocate" free="598471816" total="791085056" percent="75" />
      <mem type="survivor" free="0" total="148439040" percent="0" />
    </mem>
    <mem type="tenure" free="930918928" total="1753808896" percent="53" micro-fragmented="63614983" macro-fragmented="2160235">
      <mem type="soa" free="905192352" total="1666117632" percent="54" />
      <mem type="loa" free="25726576" total="87691264" percent="29" />
    </mem>
    <remembered-set count="190131" />
  </mem-info>
</gc-end>
<cycle-end id="4119" type="global" contextid="4110" timestamp="2020-09-11T12:47:51.740" />
<allocation-satisfied id="4120" threadId="000000000086A900" bytesRequested="32" />
<af-end id="4121" timestamp="2020-09-11T12:47:51.740" threadId="000000000086B280" success="true" from="nursery"/>
<exclusive-end id="4122" timestamp="2020-09-11T12:47:51.740" durationms="721.091" />

<exclusive-start id="4123" timestamp="2020-09-11T12:47:52.508" intervalms="1488.734">
  <response-info timems="6.048" idlems="6.048" threads="0" lastid="000000000086A900" lastname="Group1.Backend.CompositeBackend{Tier1}.3" />
</exclusive-start>
<af-start id="4124" threadId="000000000086B280" totalBytesRequested="524296" timestamp="2020-09-11T12:47:52.509" intervalms="1488.619" type="nursery" />
<cycle-start id="4125" type="scavenge" contextid="0" timestamp="2020-09-11T12:47:52.509" intervalms="3611.143" />
<gc-start id="4126" type="scavenge" contextid="4125" timestamp="2020-09-11T12:47:52.509">
  <mem-info id="4127" free="1046344696" total="2693332992" percent="38">
    <mem type="nursery" free="115425816" total="939524096" percent="12">
      <mem type="allocate" free="115425816" total="791085056" percent="14" />
      <mem type="survivor" free="0" total="148439040" percent="0" />
    </mem>
    <mem type="tenure" free="930918880" total="1753808896" percent="53">
      <mem type="soa" free="905192304" total="1666117632" percent="54" />
      <mem type="loa" free="25726576" total="87691264" percent="29" />
    </mem>
    <remembered-set count="236668" />
  </mem-info>
</gc-start>
<allocation-stats totalBytes="481274808" >
  <allocated-bytes non-tlh="23803192" tlh="457471616" />
  <largest-consumer threadName="Group1.Backend.CompositeBackend{Tier1}.2" threadId="0000000000785700" bytes="76023080" />
</allocation-stats>
<gc-op id="4128" type="scavenge" timems="153.840" contextid="4125" timestamp="2020-09-11T12:47:52.663">
  <scavenger-info tenureage="3" tenuremask="7ff8" tiltratio="84" />
  <memory-copied type="nursery" objects="5289343" bytes="140362728" bytesdiscarded="327264" />
  <memory-copied type="tenure" objects="1008820" bytes="27110744" bytesdiscarded="53888" />
  <finalization candidates="1" enqueued="0" />
  <ownableSynchronizers candidates="1172977" cleared="1172613" />
  <references type="soft" candidates="326" cleared="0" enqueued="0" dynamicThreshold="16" maxThreshold="32" />
  <references type="weak" candidates="86" cleared="84" enqueued="0" />
</gc-op>
<gc-end id="4129" type="scavenge" contextid="4125" durationms="155.060" usertimems="1196.534" systemtimems="3.151" timestamp="2020-09-11T12:47:52.664" activeThreads="8">
  <mem-info id="4130" free="1518753136" total="2693332992" percent="56">
    <mem type="nursery" free="615255304" total="939524096" percent="65">
      <mem type="allocate" free="615255304" total="756088832" percent="81" />
      <mem type="survivor" free="0" total="183435264" percent="0" />
    </mem>
    <mem type="tenure" free="903497832" total="1753808896" percent="51" macro-fragmented="275527">
      <mem type="soa" free="877771256" total="1666117632" percent="52" />
      <mem type="loa" free="25726576" total="87691264" percent="29" />
    </mem>
    <remembered-set count="39086" />
  </mem-info>
</gc-end>
<cycle-end id="4131" type="scavenge" contextid="4125" timestamp="2020-09-11T12:47:52.666" />
<allocation-satisfied id="4132" threadId="000000000086A900" bytesRequested="524296" />
<af-end id="4133" timestamp="2020-09-11T12:47:52.666" threadId="000000000086B280" success="true" from="nursery"/>
<exclusive-end id="4134" timestamp="2020-09-11T12:47:52.666" durationms="158.632" />

<exclusive-start id="4135" timestamp="2020-09-11T12:47:54.259" intervalms="1750.970">
  <response-info timems="1.872" idlems="1.872" threads="0" lastid="0000000000789300" lastname="Group1.Backend.CompositeBackend{Tier1}.1" />
</exclusive-start>
<af-start id="4136" threadId="0000000000789C80" totalBytesRequested="16" timestamp="2020-09-11T12:47:54.259" intervalms="1750.745" type="nursery" />
<cycle-start id="4137" type="scavenge" contextid="0" timestamp="2020-09-11T12:47:54.259" intervalms="1750.740" />
<gc-start id="4138" type="scavenge" contextid="4137" timestamp="2020-09-11T12:47:54.260">
  <mem-info id="4139" free="903497832" total="2693332992" percent="33">
    <mem type="nursery" free="0" total="939524096" percent="0">
      <mem type="allocate" free="0" total="756088832" percent="0" />
      <mem type="survivor" free="0" total="183435264" percent="0" />
    </mem>
    <mem type="tenure" free="903497832" total="1753808896" percent="51">
      <mem type="soa" free="877771256" total="1666117632" percent="52" />
      <mem type="loa" free="25726576" total="87691264" percent="29" />
    </mem>
    <remembered-set count="192033" />
  </mem-info>
</gc-start>
<allocation-stats totalBytes="614962048" >
  <allocated-bytes non-tlh="33367072" tlh="581594976" />
  <largest-consumer threadName="Group1.Backend.CompositeBackend{Tier1}.1" threadId="0000000000789300" bytes="89154368" />
</allocation-stats>
<gc-op id="4140" type="scavenge" timems="162.362" contextid="4137" timestamp="2020-09-11T12:47:54.422">
  <scavenger-info tenureage="3" tenuremask="7ff8" tiltratio="80" />
  <memory-copied type="nursery" objects="4941822" bytes="131834808" bytesdiscarded="203952" />
  <memory-copied type="tenure" objects="1048800" bytes="28171416" bytesdiscarded="88368" />
  <finalization candidates="1" enqueued="0" />
  <ownableSynchronizers candidates="2986" cleared="2627" />
  <references type="soft" candidates="330" cleared="0" enqueued="0" dynamicThreshold="16" maxThreshold="32" />
  <references type="weak" candidates="115" cleared="113" enqueued="0" />
</gc-op>
<gc-end id="4141" type="scavenge" contextid="4137" durationms="163.587" usertimems="1184.769" systemtimems="0.016" timestamp="2020-09-11T12:47:54.423" activeThreads="8">
  <mem-info id="4142" free="1504390608" total="2693332992" percent="55">
    <mem type="nursery" free="629219056" total="939524096" percent="66">
      <mem type="allocate" free="629219056" total="761331712" percent="82" />
      <mem type="survivor" free="0" total="178192384" percent="0" />
    </mem>
    <mem type="tenure" free="875171552" total="1753808896" percent="49" macro-fragmented="4234971">
      <mem type="soa" free="849444976" total="1666117632" percent="50" />
      <mem type="loa" free="25726576" total="87691264" percent="29" />
    </mem>
    <remembered-set count="37922" />
  </mem-info>
</gc-end>
<cycle-end id="4143" type="scavenge" contextid="4137" timestamp="2020-09-11T12:47:54.426" />
<allocation-satisfied id="4144" threadId="0000000000789300" bytesRequested="16" />
<af-end id="4145" timestamp="2020-09-11T12:47:54.426" threadId="0000000000789C80" success="true" from="nursery"/>
<exclusive-end id="4146" timestamp="2020-09-11T12:47:54.426" durationms="167.551" />

<exclusive-start id="4147" timestamp="2020-09-11T12:47:56.276" intervalms="2017.144">
  <response-info timems="4.353" idlems="4.293" threads="1" lastid="0000000000A71900" lastname="Group1.Backend.CompositeBackend{Tier3}.4" />
</exclusive-start>
<af-start id="4148" threadId="000000000089E480" totalBytesRequested="16" timestamp="2020-09-11T12:47:56.277" intervalms="2017.453" type="nursery" />
<cycle-start id="4149" type="scavenge" contextid="0" timestamp="2020-09-11T12:47:56.277" intervalms="2017.493" />
<gc-start id="4150" type="scavenge" contextid="4149" timestamp="2020-09-11T12:47:56.277">
  <mem-info id="4151" free="875171552" total="2693332992" percent="32">
    <mem type="nursery" free="0" total="939524096" percent="0">
      <mem type="allocate" free="0" total="761331712" percent="0" />
      <mem type="survivor" free="0" total="178192384" percent="0" />
    </mem>
    <mem type="tenure" free="875171552" total="1753808896" percent="49">
      <mem type="soa" free="849444976" total="1666117632" percent="50" />
      <mem type="loa" free="25726576" total="87691264" percent="29" />
    </mem>
    <remembered-set count="196001" />
  </mem-info>
</gc-start>
<allocation-stats totalBytes="628904968" >
  <allocated-bytes non-tlh="25903208" tlh="603001760" />
  <largest-consumer threadName="Group1.Backend.CompositeBackend{Tier1}.1" threadId="0000000000789300" bytes="102800376" />
</allocation-stats>
<gc-op id="4152" type="scavenge" timems="136.907" contextid="4149" timestamp="2020-09-11T12:47:56.414">
  <scavenger-info tenureage="3" tenuremask="7ff8" tiltratio="81" />
  <memory-copied type="nursery" objects="4909019" bytes="130564064" bytesdiscarded="207360" />
  <memory-copied type="tenure" objects="1024805" bytes="27549520" bytesdiscarded="75504" />
  <finalization candidates="1" enqueued="0" />
  <ownableSynchronizers candidates="3638" cleared="3293" />
  <references type="soft" candidates="311" cleared="0" enqueued="0" dynamicThreshold="16" maxThreshold="32" />
  <references type="weak" candidates="117" cleared="113" enqueued="0" />
</gc-op>
<gc-end id="4153" type="scavenge" contextid="4149" durationms="138.565" usertimems="970.548" systemtimems="0.689" timestamp="2020-09-11T12:47:56.416" activeThreads="8">
  <mem-info id="4154" free="1484266376" total="2693332992" percent="55">
    <mem type="nursery" free="636577272" total="939524096" percent="67">
      <mem type="allocate" free="636577272" total="767426560" percent="82" />
      <mem type="survivor" free="0" total="172097536" percent="0" />
    </mem>
    <mem type="tenure" free="847689104" total="1753808896" percent="48" macro-fragmented="4162434">
      <mem type="soa" free="821962528" total="1666117632" percent="49" />
      <mem type="loa" free="25726576" total="87691264" percent="29" />
    </mem>
    <remembered-set count="38124" />
  </mem-info>
</gc-end>
<cycle-end id="4155" type="scavenge" contextid="4149" timestamp="2020-09-11T12:47:56.418" />
<allocation-satisfied id="4156" threadId="000000000089DB00" bytesRequested="16" />
<af-end id="4157" timestamp="2020-09-11T12:47:56.418" threadId="000000000089E480" success="true" from="nursery"/>
<exclusive-end id="4158" timestamp="2020-09-11T12:47:56.418" durationms="142.076" />

<exclusive-start id="4159" timestamp="2020-09-11T12:47:58.190" intervalms="1914.198">
  <response-info timems="1.338" idlems="1.285" threads="1" lastid="0000000000A85D00" lastname="Group1.Backend.CompositeBackend{Tier3}.7" />
</exclusive-start>
<af-start id="4160" threadId="000000000088F780" totalBytesRequested="120" timestamp="2020-09-11T12:47:58.191" intervalms="1914.196" type="nursery" />
<cycle-start id="4161" type="scavenge" contextid="0" timestamp="2020-09-11T12:47:58.191" intervalms="1914.167" />
<gc-start id="4162" type="scavenge" contextid="4161" timestamp="2020-09-11T12:47:58.192">
  <mem-info id="4163" free="847689104" total="2693332992" percent="31">
    <mem type="nursery" free="0" total="939524096" percent="0">
      <mem type="allocate" free="0" total="767426560" percent="0" />
      <mem type="survivor" free="0" total="172097536" percent="0" />
    </mem>
    <mem type="tenure" free="847689104" total="1753808896" percent="48">
      <mem type="soa" free="821962528" total="1666117632" percent="49" />
      <mem type="loa" free="25726576" total="87691264" percent="29" />
    </mem>
    <remembered-set count="194171" />
  </mem-info>
</gc-start>
<allocation-stats totalBytes="636277008" >
  <allocated-bytes non-tlh="30899200" tlh="605377808" />
  <largest-consumer threadName="Group1.Backend.CompositeBackend{Tier1}.6" threadId="000000000089DB00" bytes="77421752" />
</allocation-stats>
<gc-op id="4164" type="scavenge" timems="153.350" contextid="4161" timestamp="2020-09-11T12:47:58.345">
  <scavenger-info tenureage="3" tenuremask="7ff8" tiltratio="81" />
  <memory-copied type="nursery" objects="3998290" bytes="106637096" bytesdiscarded="202632" />
  <memory-copied type="tenure" objects="1861838" bytes="50020728" bytesdiscarded="76168" />
  <finalization candidates="1" enqueued="0" />
  <ownableSynchronizers candidates="3961" cleared="3627" />
  <references type="soft" candidates="252" cleared="0" enqueued="0" dynamicThreshold="16" maxThreshold="32" />
  <references type="weak" candidates="104" cleared="103" enqueued="0" />
</gc-op>
<gc-end id="4165" type="scavenge" contextid="4161" durationms="154.330" usertimems="1173.078" systemtimems="16.466" timestamp="2020-09-11T12:47:58.346" activeThreads="8">
  <mem-info id="4166" free="1463208560" total="2693332992" percent="54">
    <mem type="nursery" free="665688984" total="939524096" percent="70">
      <mem type="allocate" free="665688984" total="772603904" percent="86" />
      <mem type="survivor" free="0" total="166920192" percent="0" />
    </mem>
    <mem type="tenure" free="797519576" total="1753808896" percent="45" macro-fragmented="5049014">
      <mem type="soa" free="771793000" total="1666117632" percent="46" />
      <mem type="loa" free="25726576" total="87691264" percent="29" />
    </mem>
    <remembered-set count="28706" />
  </mem-info>
</gc-end>
<cycle-end id="4167" type="scavenge" contextid="4161" timestamp="2020-09-11T12:47:58.347" />
<allocation-satisfied id="4168" threadId="000000000088EE00" bytesRequested="120" />
<af-end id="4169" timestamp="2020-09-11T12:47:58.348" threadId="000000000088F780" success="true" from="nursery"/>
<exclusive-end id="4170" timestamp="2020-09-11T12:47:58.348" durationms="157.597" />

<exclusive-start id="4171" timestamp="2020-09-11T12:48:00.182" intervalms="1991.572">
  <response-info timems="0.518" idlems="0.505" threads="1" lastid="000000000088BD00" lastname="Group1.Backend.CompositeBackend{Tier1}.7" />
</exclusive-start>
<af-start id="4172" threadId="000000000088F780" totalBytesRequested="16" timestamp="2020-09-11T12:48:00.182" intervalms="1991.286" type="nursery" />
<cycle-start id="4173" type="scavenge" contextid="0" timestamp="2020-09-11T12:48:00.182" intervalms="1991.263" />
<gc-start id="4174" type="scavenge" contextid="4173" timestamp="2020-09-11T12:48:00.183">
  <mem-info id="4175" free="797519576" total="2693332992" percent="29">
    <mem type="nursery" free="0" total="939524096" percent="0">
      <mem type="allocate" free="0" total="772603904" percent="0" />
      <mem type="survivor" free="0" total="166920192" percent="0" />
    </mem>
    <mem type="tenure" free="797519576" total="1753808896" percent="45">
      <mem type="soa" free="771793000" total="1666117632" percent="46" />
      <mem type="loa" free="25726576" total="87691264" percent="29" />
    </mem>
    <remembered-set count="185976" />
  </mem-info>
</gc-start>
<allocation-stats totalBytes="665369552" >
  <allocated-bytes non-tlh="35420032" tlh="629949520" />
  <largest-consumer threadName="Group1.Backend.CompositeBackend{Tier1}.3" threadId="000000000086A900" bytes="104523552" />
</allocation-stats>
<gc-op id="4176" type="scavenge" timems="112.461" contextid="4173" timestamp="2020-09-11T12:48:00.295">
  <scavenger-info tenureage="3" tenuremask="7ff8" tiltratio="82" />
  <memory-copied type="nursery" objects="3869490" bytes="103765032" bytesdiscarded="159520" />
  <memory-copied type="tenure" objects="981559" bytes="26366856" bytesdiscarded="70320" />
  <ownableSynchronizers candidates="3789" cleared="3496" />
  <references type="soft" candidates="255" cleared="0" enqueued="0" dynamicThreshold="16" maxThreshold="32" />
  <references type="weak" candidates="129" cleared="128" enqueued="0" />
</gc-op>
<gc-end id="4177" type="scavenge" contextid="4173" durationms="113.624" usertimems="787.051" systemtimems="0.000" timestamp="2020-09-11T12:48:00.296" activeThreads="8">
  <mem-info id="4178" free="1449261120" total="2693332992" percent="53">
    <mem type="nursery" free="678107136" total="939524096" percent="72">
      <mem type="allocate" free="678107136" total="782106624" percent="86" />
      <mem type="survivor" free="0" total="157417472" percent="0" />
    </mem>
    <mem type="tenure" free="771153984" total="1753808896" percent="43" macro-fragmented="0">
      <mem type="soa" free="745427408" total="1666117632" percent="44" />
      <mem type="loa" free="25726576" total="87691264" percent="29" />
    </mem>
    <remembered-set count="26720" />
  </mem-info>
</gc-end>
<cycle-end id="4179" type="scavenge" contextid="4173" timestamp="2020-09-11T12:48:00.299" />
<allocation-satisfied id="4180" threadId="000000000088EE00" bytesRequested="16" />
<af-end id="4181" timestamp="2020-09-11T12:48:00.299" threadId="000000000088F780" success="true" from="nursery"/>
<exclusive-end id="4182" timestamp="2020-09-11T12:48:00.299" durationms="117.423" />

<exclusive-start id="4183" timestamp="2020-09-11T12:48:02.264" intervalms="2082.225">
  <response-info timems="2.932" idlems="2.932" threads="0" lastid="000000000089DB00" lastname="Group1.Backend.CompositeBackend{Tier1}.6" />
</exclusive-start>
<af-start id="4184" threadId="000000000089E480" totalBytesRequested="24" timestamp="2020-09-11T12:48:02.265" intervalms="2082.447" type="nursery" />
<cycle-start id="4185" type="scavenge" contextid="0" timestamp="2020-09-11T12:48:02.265" intervalms="2082.501" />
<gc-start id="4186" type="scavenge" contextid="4185" timestamp="2020-09-11T12:48:02.265">
  <mem-info id="4187" free="771153984" total="2693332992" percent="28">
    <mem type="nursery" free="0" total="939524096" percent="0">
      <mem type="allocate" free="0" total="782106624" percent="0" />
      <mem type="survivor" free="0" total="157417472" percent="0" />
    </mem>
    <mem type="tenure" free="771153984" total="1753808896" percent="43">
      <mem type="soa" free="745427408" total="1666117632" percent="44" />
      <mem type="loa" free="25726576" total="87691264" percent="29" />
    </mem>
    <remembered-set count="191321" />
  </mem-info>
</gc-start>
<allocation-stats totalBytes="677775096" >
  <allocated-bytes non-tlh="28077936" tlh="649697160" />
  <largest-consumer threadName="Group1.Backend.CompositeBackend{Tier1}.8" threadId="00000000008D4B00" bytes="92902640" />
</allocation-stats>
<gc-op id="4188" type="scavenge" timems="109.044" contextid="4185" timestamp="2020-09-11T12:48:02.375">
  <scavenger-info tenureage="3" tenuremask="7ff8" tiltratio="83" />
  <memory-copied type="nursery" objects="3990439" bytes="106971736" bytesdiscarded="126952" />
  <memory-copied type="tenure" objects="1024960" bytes="27569136" bytesdiscarded="64864" />
  <ownableSynchronizers candidates="3871" cleared="3565" />
  <references type="soft" candidates="264" cleared="0" enqueued="0" dynamicThreshold="16" maxThreshold="32" />
  <references type="weak" candidates="118" cleared="118" enqueued="0" />
</gc-op>
<gc-end id="4189" type="scavenge" contextid="4185" durationms="110.410" usertimems="821.175" systemtimems="0.000" timestamp="2020-09-11T12:48:02.376" activeThreads="8">
  <mem-info id="4190" free="1425115360" total="2693332992" percent="52">
    <mem type="nursery" free="681673984" total="939524096" percent="72">
      <mem type="allocate" free="681673984" total="788856832" percent="86" />
      <mem type="survivor" free="0" total="150667264" percent="0" />
    </mem>
    <mem type="tenure" free="743441376" total="1753808896" percent="42" macro-fragmented="3704892">
      <mem type="soa" free="717714800" total="1666117632" percent="43" />
      <mem type="loa" free="25726576" total="87691264" percent="29" />
    </mem>
    <remembered-set count="28620" />
  </mem-info>
</gc-end>
<cycle-end id="4191" type="scavenge" contextid="4185" timestamp="2020-09-11T12:48:02.380" />
<allocation-satisfied id="4192" threadId="000000000089DB00" bytesRequested="24" />
<af-end id="4193" timestamp="2020-09-11T12:48:02.380" threadId="000000000089E480" success="true" from="nursery"/>
<exclusive-end id="4194" timestamp="2020-09-11T12:48:02.380" durationms="115.915" />

<exclusive-start id="4195" timestamp="2020-09-11T12:48:04.245" intervalms="1981.709">
  <response-info timems="0.554" idlems="0.330" threads="1" lastid="00000000008D4B00" lastname="Group1.Backend.CompositeBackend{Tier1}.8" />
</exclusive-start>
<af-start id="4196" threadId="000000000086B280" totalBytesRequested="40" timestamp="2020-09-11T12:48:04.246" intervalms="1981.462" type="nursery" />
<cycle-start id="4197" type="scavenge" contextid="0" timestamp="2020-09-11T12:48:04.246" intervalms="1981.408" />
<gc-start id="4198" type="scavenge" contextid="4197" timestamp="2020-09-11T12:48:04.247">
  <mem-info id="4199" free="743441376" total="2693332992" percent="27">
    <mem type="nursery" free="0" total="939524096" percent="0">
      <mem type="allocate" free="0" total="788856832" percent="0" />
      <mem type="survivor" free="0" total="150667264" percent="0" />
    </mem>
    <mem type="tenure" free="743441376" total="1753808896" percent="42">
      <mem type="soa" free="717714800" total="1666117632" percent="43" />
      <mem type="loa" free="25726576" total="87691264" percent="29" />
    </mem>
    <remembered-set count="187541" />
  </mem-info>
</gc-start>
<allocation-stats totalBytes="681377744" >
  <allocated-bytes non-tlh="36499264" tlh="644878480" />
  <largest-consumer threadName="Group1.Backend.CompositeBackend{Tier1}.7" threadId="000000000088BD00" bytes="129191648" />
</allocation-stats>
<gc-op id="4200" type="scavenge" timems="156.103" contextid="4197" timestamp="2020-09-11T12:48:04.403">
  <scavenger-info tenureage="3" tenuremask="7ff8" tiltratio="83" />
  <memory-copied type="nursery" objects="4406402" bytes="116779832" bytesdiscarded="145352" />
  <memory-copied type="tenure" objects="1025865" bytes="27589120" bytesdiscarded="69040" />
  <ownableSynchronizers candidates="3664" cleared="3359" />
  <references type="soft" candidates="270" cleared="0" enqueued="0" dynamicThreshold="16" maxThreshold="32" />
  <references type="weak" candidates="132" cleared="132" enqueued="0" />
</gc-op>
<gc-end id="4201" type="scavenge" contextid="4197" durationms="157.612" usertimems="1168.786" systemtimems="19.098" timestamp="2020-09-11T12:48:04.404" activeThreads="8">
  <mem-info id="4202" free="1389416664" total="2693332992" percent="51">
    <mem type="nursery" free="673621136" total="939524096" percent="71">
      <mem type="allocate" free="673621136" total="790626304" percent="85" />
      <mem type="survivor" free="0" total="148897792" percent="0" />
    </mem>
    <mem type="tenure" free="715795528" total="1753808896" percent="40" macro-fragmented="0">
      <mem type="soa" free="690068952" total="1666117632" percent="41" />
      <mem type="loa" free="25726576" total="87691264" percent="29" />
    </mem>
    <remembered-set count="28719" />
  </mem-info>
</gc-end>
<cycle-end id="4203" type="scavenge" contextid="4197" timestamp="2020-09-11T12:48:04.406" />
<allocation-satisfied id="4204" threadId="000000000086A900" bytesRequested="40" />
<af-end id="4205" timestamp="2020-09-11T12:48:04.406" threadId="000000000086B280" success="true" from="nursery"/>
<exclusive-end id="4206" timestamp="2020-09-11T12:48:04.407" durationms="161.054" />

<exclusive-start id="4207" timestamp="2020-09-11T12:48:06.358" intervalms="2112.222">
  <response-info timems="0.834" idlems="0.450" threads="1" lastid="000000000088EE00" lastname="Group1.Backend.CompositeBackend{Tier1}.5" />
</exclusive-start>
<af-start id="4208" threadId="000000000086BE80" totalBytesRequested="131080" timestamp="2020-09-11T12:48:06.358" intervalms="2112.198" type="nursery" />
<cycle-start id="4209" type="scavenge" contextid="0" timestamp="2020-09-11T12:48:06.358" intervalms="2112.204" />
<gc-start id="4210" type="scavenge" contextid="4209" timestamp="2020-09-11T12:48:06.359">
  <mem-info id="4211" free="715911320" total="2693332992" percent="26">
    <mem type="nursery" free="115792" total="939524096" percent="0">
      <mem type="allocate" free="115792" total="790626304" percent="0" />
      <mem type="survivor" free="0" total="148897792" percent="0" />
    </mem>
    <mem type="tenure" free="715795528" total="1753808896" percent="40">
      <mem type="soa" free="690068952" total="1666117632" percent="41" />
      <mem type="loa" free="25726576" total="87691264" percent="29" />
    </mem>
    <remembered-set count="191241" />
  </mem-info>
</gc-start>
<allocation-stats totalBytes="673167960" >
  <allocated-bytes non-tlh="33296448" tlh="639871512" />
  <largest-consumer threadName="Group1.Backend.CompositeBackend{Tier1}.7" threadId="000000000088BD00" bytes="89984624" />
</allocation-stats>
<gc-op id="4212" type="scavenge" timems="142.008" contextid="4209" timestamp="2020-09-11T12:48:06.501">
  <scavenger-info tenureage="3" tenuremask="7ff8" tiltratio="84" />
  <memory-copied type="nursery" objects="4285464" bytes="114039368" bytesdiscarded="132584" />
  <memory-copied type="tenure" objects="1017592" bytes="27372208" bytesdiscarded="54624" />
  <ownableSynchronizers candidates="3531" cleared="3227" />
  <references type="soft" candidates="260" cleared="0" enqueued="0" dynamicThreshold="16" maxThreshold="32" />
  <references type="weak" candidates="112" cleared="112" enqueued="0" />
</gc-op>
<gc-end id="4213" type="scavenge" contextid="4209" durationms="143.267" usertimems="1010.943" systemtimems="18.705" timestamp="2020-09-11T12:48:06.502" activeThreads="8">
  <mem-info id="4214" free="1368309472" total="2693332992" percent="50">
    <mem type="nursery" free="679975472" total="939524096" percent="72">
      <mem type="allocate" free="679975472" total="794230784" percent="85" />
      <mem type="survivor" free="0" total="145293312" percent="0" />
    </mem>
    <mem type="tenure" free="688334000" total="1753808896" percent="39" macro-fragmented="0">
      <mem type="soa" free="662607424" total="1666117632" percent="39" />
      <mem type="loa" free="25726576" total="87691264" percent="29" />
    </mem>
    <remembered-set count="30576" />
  </mem-info>
</gc-end>
<cycle-end id="4215" type="scavenge" contextid="4209" timestamp="2020-09-11T12:48:06.504" />
<allocation-satisfied id="4216" threadId="000000000086B500" bytesRequested="131080" />
<af-end id="4217" timestamp="2020-09-11T12:48:06.504" threadId="000000000086BE80" success="true" from="nursery"/>
<exclusive-end id="4218" timestamp="2020-09-11T12:48:06.504" durationms="145.948" />

<exclusive-start id="4219" timestamp="2020-09-11T12:48:08.350" intervalms="1992.309">
  <response-info timems="10.781" idlems="10.781" threads="0" lastid="000000000086B500" lastname="Group1.Backend.CompositeBackend{Tier1}.4" />
</exclusive-start>
<af-start id="4220" threadId="000000000086BE80" totalBytesRequested="65544" timestamp="2020-09-11T12:48:08.351" intervalms="1992.604" type="nursery" />
<cycle-start id="4221" type="scavenge" contextid="0" timestamp="2020-09-11T12:48:08.351" intervalms="1992.631" />
<gc-start id="4222" type="scavenge" contextid="4221" timestamp="2020-09-11T12:48:08.351">
  <mem-info id="4223" free="688334000" total="2693332992" percent="25">
    <mem type="nursery" free="0" total="939524096" percent="0">
      <mem type="allocate" free="0" total="794230784" percent="0" />
      <mem type="survivor" free="0" total="145293312" percent="0" />
    </mem>
    <mem type="tenure" free="688334000" total="1753808896" percent="39">
      <mem type="soa" free="662607424" total="1666117632" percent="39" />
      <mem type="loa" free="25726576" total="87691264" percent="29" />
    </mem>
    <remembered-set count="192483" />
  </mem-info>
</gc-start>
<allocation-stats totalBytes="679633672" >
  <allocated-bytes non-tlh="34889488" tlh="644744184" />
  <largest-consumer threadName="Group1.Backend.CompositeBackend{Tier1}.7" threadId="000000000088BD00" bytes="90678088" />
</allocation-stats>
<gc-op id="4224" type="scavenge" timems="126.055" contextid="4221" timestamp="2020-09-11T12:48:08.478">
  <scavenger-info tenureage="3" tenuremask="7ff8" tiltratio="84" />
  <memory-copied type="nursery" objects="4293790" bytes="117264832" bytesdiscarded="177440" />
  <memory-copied type="tenure" objects="1142895" bytes="30718264" bytesdiscarded="95768" />
  <ownableSynchronizers candidates="4209" cleared="3899" />
  <references type="soft" candidates="257" cleared="0" enqueued="0" dynamicThreshold="16" maxThreshold="32" />
  <references type="weak" candidates="122" cleared="122" enqueued="0" />
</gc-op>
<gc-end id="4225" type="scavenge" contextid="4221" durationms="127.139" usertimems="991.236" systemtimems="0.000" timestamp="2020-09-11T12:48:08.478" activeThreads="8">
  <mem-info id="4226" free="1336300216" total="2693332992" percent="49">
    <mem type="nursery" free="678801656" total="939524096" percent="72">
      <mem type="allocate" free="678801656" total="796327936" percent="85" />
      <mem type="survivor" free="0" total="143196160" percent="0" />
    </mem>
    <mem type="tenure" free="657498560" total="1753808896" percent="37" macro-fragmented="0">
      <mem type="soa" free="631771984" total="1666117632" percent="37" />
      <mem type="loa" free="25726576" total="87691264" percent="29" />
    </mem>
    <remembered-set count="31149" />
  </mem-info>
</gc-end>
<cycle-end id="4227" type="scavenge" contextid="4221" timestamp="2020-09-11T12:48:08.480" />
<allocation-satisfied id="4228" threadId="000000000086B500" bytesRequested="65544" />
<af-end id="4229" timestamp="2020-09-11T12:48:08.480" threadId="000000000086BE80" success="true" from="nursery"/>
<exclusive-end id="4230" timestamp="2020-09-11T12:48:08.480" durationms="130.080" />

<exclusive-start id="4231" timestamp="2020-09-11T12:48:10.476" intervalms="2125.675">
  <response-info timems="6.680" idlems="6.680" threads="0" lastid="000000000088EE00" lastname="Group1.Backend.CompositeBackend{Tier1}.5" />
</exclusive-start>
<af-start id="4232" threadId="000000000088F780" totalBytesRequested="16" timestamp="2020-09-11T12:48:10.476" intervalms="2125.398" type="nursery" />
<cycle-start id="4233" type="scavenge" contextid="0" timestamp="2020-09-11T12:48:10.476" intervalms="2125.378" />
<gc-start id="4234" type="scavenge" contextid="4233" timestamp="2020-09-11T12:48:10.477">
  <mem-info id="4235" free="657498560" total="2693332992" percent="24">
    <mem type="nursery" free="0" total="939524096" percent="0">
      <mem type="allocate" free="0" total="796327936" percent="0" />
      <mem type="survivor" free="0" total="143196160" percent="0" />
    </mem>
    <mem type="tenure" free="657498560" total="1753808896" percent="37">
      <mem type="soa" free="631771984" total="1666117632" percent="37" />
      <mem type="loa" free="25726576" total="87691264" percent="29" />
    </mem>
    <remembered-set count="192773" />
  </mem-info>
</gc-start>
<allocation-stats totalBytes="678465200" >
  <allocated-bytes non-tlh="31458432" tlh="647006768" />
  <largest-consumer threadName="Group1.Backend.CompositeBackend{Tier1}.5" threadId="000000000088EE00" bytes="92304728" />
</allocation-stats>
<gc-op id="4236" type="scavenge" timems="123.397" contextid="4233" timestamp="2020-09-11T12:48:10.600">
  <scavenger-info tenureage="3" tenuremask="7ff8" tiltratio="84" />
  <memory-copied type="nursery" objects="4347961" bytes="118752920" bytesdiscarded="190992" />
  <memory-copied type="tenure" objects="1046999" bytes="28130360" bytesdiscarded="74712" />
  <ownableSynchronizers candidates="3182" cleared="2889" />
  <references type="soft" candidates="269" cleared="0" enqueued="0" dynamicThreshold="16" maxThreshold="32" />
  <references type="weak" candidates="113" cleared="113" enqueued="0" />
</gc-op>
<gc-end id="4237" type="scavenge" contextid="4233" durationms="124.496" usertimems="843.984" systemtimems="3.292" timestamp="2020-09-11T12:48:10.601" activeThreads="8">
  <mem-info id="4238" free="1313532776" total="2693332992" percent="48">
    <mem type="nursery" free="684111544" total="939524096" percent="72">
      <mem type="allocate" free="684111544" total="803143680" percent="85" />
      <mem type="survivor" free="0" total="136380416" percent="0" />
    </mem>
    <mem type="tenure" free="629421232" total="1753808896" percent="35" macro-fragmented="0">
      <mem type="soa" free="603694656" total="1666117632" percent="36" />
      <mem type="loa" free="25726576" total="87691264" percent="29" />
    </mem>
    <remembered-set count="29746" />
  </mem-info>
</gc-end>
<cycle-end id="4239" type="scavenge" contextid="4233" timestamp="2020-09-11T12:48:10.603" />
<allocation-satisfied id="4240" threadId="000000000088EE00" bytesRequested="16" />
<af-end id="4241" timestamp="2020-09-11T12:48:10.603" threadId="000000000088F780" success="true" from="nursery"/>
<exclusive-end id="4242" timestamp="2020-09-11T12:48:10.603" durationms="127.534" />

<exclusive-start id="4243" timestamp="2020-09-11T12:48:12.669" intervalms="2192.980">
  <response-info timems="0.365" idlems="0.185" threads="1" lastid="000000000086B500" lastname="Group1.Backend.CompositeBackend{Tier1}.4" />
</exclusive-start>
<af-start id="4244" threadId="00000000008D5480" totalBytesRequested="16" timestamp="2020-09-11T12:48:12.669" intervalms="2192.994" type="nursery" />
<cycle-start id="4245" type="scavenge" contextid="0" timestamp="2020-09-11T12:48:12.669" intervalms="2192.983" />
<gc-start id="4246" type="scavenge" contextid="4245" timestamp="2020-09-11T12:48:12.670">
  <mem-info id="4247" free="629421232" total="2693332992" percent="23">
    <mem type="nursery" free="0" total="939524096" percent="0">
      <mem type="allocate" free="0" total="803143680" percent="0" />
      <mem type="survivor" free="0" total="136380416" percent="0" />
    </mem>
    <mem type="tenure" free="629421232" total="1753808896" percent="35">
      <mem type="soa" free="603694656" total="1666117632" percent="36" />
      <mem type="loa" free="25726576" total="87691264" percent="29" />
    </mem>
    <remembered-set count="194335" />
  </mem-info>
</gc-start>
<allocation-stats totalBytes="683774904" >
  <allocated-bytes non-tlh="25152544" tlh="658622360" />
  <largest-consumer threadName="Group1.Backend.CompositeBackend{Tier1}.2" threadId="0000000000785700" bytes="114723712" />
</allocation-stats>
<gc-op id="4248" type="scavenge" timems="114.334" contextid="4245" timestamp="2020-09-11T12:48:12.784">
  <scavenger-info tenureage="3" tenuremask="7ff8" tiltratio="85" />
  <memory-copied type="nursery" objects="4193438" bytes="115207904" bytesdiscarded="158368" />
  <memory-copied type="tenure" objects="1077417" bytes="28953648" bytesdiscarded="73856" />
  <ownableSynchronizers candidates="3652" cleared="3359" />
  <references type="soft" candidates="261" cleared="0" enqueued="0" dynamicThreshold="16" maxThreshold="32" />
  <references type="weak" candidates="122" cleared="121" enqueued="0" />
</gc-op>
<gc-end id="4249" type="scavenge" contextid="4245" durationms="115.639" usertimems="885.690" systemtimems="0.000" timestamp="2020-09-11T12:48:12.785" activeThreads="8">
  <mem-info id="4250" free="1288610688" total="2693332992" percent="47">
    <mem type="nursery" free="688349920" total="939524096" percent="73">
      <mem type="allocate" free="688349920" total="803799040" percent="85" />
      <mem type="survivor" free="0" total="135725056" percent="0" />
    </mem>
    <mem type="tenure" free="600260768" total="1753808896" percent="34" macro-fragmented="0">
      <mem type="soa" free="574534192" total="1666117632" percent="34" />
      <mem type="loa" free="25726576" total="87691264" percent="29" />
    </mem>
    <remembered-set count="27867" />
  </mem-info>
</gc-end>
<cycle-end id="4251" type="scavenge" contextid="4245" timestamp="2020-09-11T12:48:12.787" />
<allocation-satisfied id="4252" threadId="00000000008D4B00" bytesRequested="16" />
<af-end id="4253" timestamp="2020-09-11T12:48:12.787" threadId="00000000008D5480" success="true" from="nursery"/>
<exclusive-end id="4254" timestamp="2020-09-11T12:48:12.787" durationms="118.495" />

<exclusive-start id="4255" timestamp="2020-09-11T12:48:14.684" intervalms="2015.285">
  <response-info timems="0.405" idlems="0.405" threads="0" lastid="00000000008D4B00" lastname="Group1.Backend.CompositeBackend{Tier1}.8" />
</exclusive-start>
<af-start id="4256" threadId="00000000008D5480" totalBytesRequested="24" timestamp="2020-09-11T12:48:14.685" intervalms="2015.276" type="nursery" />
<cycle-start id="4257" type="scavenge" contextid="0" timestamp="2020-09-11T12:48:14.685" intervalms="2015.282" />
<gc-start id="4258" type="scavenge" contextid="4257" timestamp="2020-09-11T12:48:14.685">
  <mem-info id="4259" free="600260768" total="2693332992" percent="22">
    <mem type="nursery" free="0" total="939524096" percent="0">
      <mem type="allocate" free="0" total="803799040" percent="0" />
      <mem type="survivor" free="0" total="135725056" percent="0" />
    </mem>
    <mem type="tenure" free="600260768" total="1753808896" percent="34">
      <mem type="soa" free="574534192" total="1666117632" percent="34" />
      <mem type="loa" free="25726576" total="87691264" percent="29" />
    </mem>
    <remembered-set count="188658" />
  </mem-info>
</gc-start>
<allocation-stats totalBytes="688010312" >
  <allocated-bytes non-tlh="35827168" tlh="652183144" />
  <largest-consumer threadName="Group1.Backend.CompositeBackend{Tier1}.2" threadId="0000000000785700" bytes="99189504" />
</allocation-stats>
<gc-op id="4260" type="scavenge" timems="119.796" contextid="4257" timestamp="2020-09-11T12:48:14.805">
  <scavenger-info tenureage="3" tenuremask="7ff8" tiltratio="85" />
  <memory-copied type="nursery" objects="4097862" bytes="109958032" bytesdiscarded="155656" />
  <memory-copied type="tenure" objects="1110526" bytes="32844304" bytesdiscarded="78160" />
  <ownableSynchronizers candidates="3509" cleared="3224" />
  <references type="soft" candidates="251" cleared="0" enqueued="0" dynamicThreshold="16" maxThreshold="32" />
  <references type="weak" candidates="109" cleared="108" enqueued="0" />
</gc-op>
<gc-end id="4261" type="scavenge" contextid="4257" durationms="120.729" usertimems="865.464" systemtimems="0.000" timestamp="2020-09-11T12:48:14.806" activeThreads="8">
  <mem-info id="4262" free="1262281752" total="2693332992" percent="46">
    <mem type="nursery" free="694915832" total="939524096" percent="73">
      <mem type="allocate" free="694915832" total="805109760" percent="86" />
      <mem type="survivor" free="0" total="134414336" percent="0" />
    </mem>
    <mem type="tenure" free="567365920" total="1753808896" percent="32" macro-fragmented="105771379">
      <mem type="soa" free="544785096" total="1666117632" percent="32" />
      <mem type="loa" free="22580824" total="87691264" percent="25" />
    </mem>
    <remembered-set count="29585" />
  </mem-info>
</gc-end>
<cycle-end id="4263" type="scavenge" contextid="4257" timestamp="2020-09-11T12:48:14.807" />
<allocation-satisfied id="4264" threadId="00000000008D4B00" bytesRequested="24" />
<af-end id="4265" timestamp="2020-09-11T12:48:14.807" threadId="00000000008D5480" success="true" from="nursery"/>
<exclusive-end id="4266" timestamp="2020-09-11T12:48:14.807" durationms="123.304" />

<exclusive-start id="4267" timestamp="2020-09-11T12:48:16.784" intervalms="2099.605">
  <response-info timems="0.356" idlems="0.262" threads="2" lastid="00000000008D4B00" lastname="Group1.Backend.CompositeBackend{Tier1}.8" />
</exclusive-start>
<af-start id="4268" threadId="000000000089E480" totalBytesRequested="16" timestamp="2020-09-11T12:48:16.784" intervalms="2099.564" type="nursery" />
<cycle-start id="4269" type="scavenge" contextid="0" timestamp="2020-09-11T12:48:16.784" intervalms="2099.592" />
<gc-start id="4270" type="scavenge" contextid="4269" timestamp="2020-09-11T12:48:16.785">
  <mem-info id="4271" free="567365920" total="2693332992" percent="21">
    <mem type="nursery" free="0" total="939524096" percent="0">
      <mem type="allocate" free="0" total="805109760" percent="0" />
      <mem type="survivor" free="0" total="134414336" percent="0" />
    </mem>
    <mem type="tenure" free="567365920" total="1753808896" percent="32">
      <mem type="soa" free="544785096" total="1666117632" percent="32" />
      <mem type="loa" free="22580824" total="87691264" percent="25" />
    </mem>
    <remembered-set count="191729" />
  </mem-info>
</gc-start>
<allocation-stats totalBytes="694573840" >
  <allocated-bytes non-tlh="36136128" tlh="658437712" />
  <largest-consumer threadName="Group1.Backend.CompositeBackend{Tier1}.4" threadId="000000000086B500" bytes="96709504" />
</allocation-stats>
<gc-op id="4272" type="scavenge" timems="114.675" contextid="4269" timestamp="2020-09-11T12:48:16.899">
  <scavenger-info tenureage="3" tenuremask="7ff8" tiltratio="85" />
  <memory-copied type="nursery" objects="4131473" bytes="110775880" bytesdiscarded="124904" />
  <memory-copied type="tenure" objects="1082485" bytes="29094680" bytesdiscarded="88952" />
  <ownableSynchronizers candidates="3820" cleared="3556" />
  <references type="soft" candidates="227" cleared="0" enqueued="0" dynamicThreshold="16" maxThreshold="32" />
  <references type="weak" candidates="123" cleared="123" enqueued="0" />
</gc-op>
<gc-end id="4273" type="scavenge" contextid="4269" durationms="115.679" usertimems="787.869" systemtimems="0.000" timestamp="2020-09-11T12:48:16.900" activeThreads="8">
  <mem-info id="4274" free="1234231264" total="2693332992" percent="45">
    <mem type="nursery" free="696027064" total="939524096" percent="74">
      <mem type="allocate" free="696027064" total="807010304" percent="86" />
      <mem type="survivor" free="0" total="132513792" percent="0" />
    </mem>
    <mem type="tenure" free="538204200" total="1753808896" percent="30" macro-fragmented="55130117">
      <mem type="soa" free="515623376" total="1666117632" percent="30" />
      <mem type="loa" free="22580824" total="87691264" percent="25" />
    </mem>
    <remembered-set count="30015" />
  </mem-info>
</gc-end>
<cycle-end id="4275" type="scavenge" contextid="4269" timestamp="2020-09-11T12:48:16.902" />
<allocation-satisfied id="4276" threadId="000000000089DB00" bytesRequested="16" />
<af-end id="4277" timestamp="2020-09-11T12:48:16.902" threadId="000000000089E480" success="true" from="nursery"/>
<exclusive-end id="4278" timestamp="2020-09-11T12:48:16.902" durationms="118.455" />

<exclusive-start id="4279" timestamp="2020-09-11T12:48:18.895" intervalms="2111.299">
  <response-info timems="0.570" idlems="0.570" threads="0" lastid="00000000008D4B00" lastname="Group1.Backend.CompositeBackend{Tier1}.8" />
</exclusive-start>
<af-start id="4280" threadId="00000000008D5480" totalBytesRequested="664" timestamp="2020-09-11T12:48:18.896" intervalms="2111.470" type="nursery" />
<cycle-start id="4281" type="scavenge" contextid="0" timestamp="2020-09-11T12:48:18.896" intervalms="2111.439" />
<gc-start id="4282" type="scavenge" contextid="4281" timestamp="2020-09-11T12:48:18.896">
  <mem-info id="4283" free="538204200" total="2693332992" percent="19">
    <mem type="nursery" free="0" total="939524096" percent="0">
      <mem type="allocate" free="0" total="807010304" percent="0" />
      <mem type="survivor" free="0" total="132513792" percent="0" />
    </mem>
    <mem type="tenure" free="538204200" total="1753808896" percent="30">
      <mem type="soa" free="515623376" total="1666117632" percent="30" />
      <mem type="loa" free="22580824" total="87691264" percent="25" />
    </mem>
    <remembered-set count="194847" />
  </mem-info>
</gc-start>
<allocation-stats totalBytes="695699664" >
  <allocated-bytes non-tlh="31629912" tlh="664069752" />
  <largest-consumer threadName="Group1.Backend.CompositeBackend{Tier1}.8" threadId="00000000008D4B00" bytes="100214960" />
</allocation-stats>
<gc-op id="4284" type="scavenge" timems="157.863" contextid="4281" timestamp="2020-09-11T12:48:19.054">
  <scavenger-info tenureage="3" tenuremask="7ff8" tiltratio="85" />
  <memory-copied type="nursery" objects="4522140" bytes="119414080" bytesdiscarded="164632" />
  <memory-copied type="tenure" objects="1124947" bytes="30260048" bytesdiscarded="93728" />
  <ownableSynchronizers candidates="4109" cleared="3829" />
  <references type="soft" candidates="226" cleared="0" enqueued="0" dynamicThreshold="16" maxThreshold="32" />
  <references type="weak" candidates="107" cleared="107" enqueued="0" />
</gc-op>
<gc-end id="4285" type="scavenge" contextid="4281" durationms="159.123" usertimems="1157.575" systemtimems="14.321" timestamp="2020-09-11T12:48:19.055" activeThreads="8">
  <mem-info id="4286" free="1186437504" total="2693332992" percent="44">
    <mem type="nursery" free="678562784" total="939524096" percent="72">
      <mem type="allocate" free="678562784" total="798228480" percent="85" />
      <mem type="survivor" free="0" total="141295616" percent="0" />
    </mem>
    <mem type="tenure" free="507874720" total="1753808896" percent="28" macro-fragmented="0">
      <mem type="soa" free="485293896" total="1666117632" percent="29" />
      <mem type="loa" free="22580824" total="87691264" percent="25" />
    </mem>
    <remembered-set count="31535" />
  </mem-info>
</gc-end>
<cycle-end id="4287" type="scavenge" contextid="4281" timestamp="2020-09-11T12:48:19.057" />
<allocation-satisfied id="4288" threadId="00000000008D4B00" bytesRequested="664" />
<af-end id="4289" timestamp="2020-09-11T12:48:19.057" threadId="00000000008D5480" success="true" from="nursery"/>
<exclusive-end id="4290" timestamp="2020-09-11T12:48:19.057" durationms="162.605" />

<exclusive-start id="4291" timestamp="2020-09-11T12:48:20.954" intervalms="2058.707">
  <response-info timems="1.646" idlems="1.646" threads="0" lastid="00000000008D4B00" lastname="Group1.Backend.CompositeBackend{Tier1}.8" />
</exclusive-start>
<af-start id="4292" threadId="00000000008D5480" totalBytesRequested="32" timestamp="2020-09-11T12:48:20.954" intervalms="2058.707" type="nursery" />
<cycle-start id="4293" type="scavenge" contextid="0" timestamp="2020-09-11T12:48:20.955" intervalms="2058.724" />
<gc-start id="4294" type="scavenge" contextid="4293" timestamp="2020-09-11T12:48:20.955">
  <mem-info id="4295" free="507874720" total="2693332992" percent="18">
    <mem type="nursery" free="0" total="939524096" percent="0">
      <mem type="allocate" free="0" total="798228480" percent="0" />
      <mem type="survivor" free="0" total="141295616" percent="0" />
    </mem>
    <mem type="tenure" free="507874720" total="1753808896" percent="28">
      <mem type="soa" free="485293896" total="1666117632" percent="29" />
      <mem type="loa" free="22580824" total="87691264" percent="25" />
    </mem>
    <remembered-set count="193137" />
  </mem-info>
</gc-start>
<allocation-stats totalBytes="678250272" >
  <allocated-bytes non-tlh="32274256" tlh="645976016" />
  <largest-consumer threadName="Group1.Backend.CompositeBackend{Tier1}.4" threadId="000000000086B500" bytes="104216800" />
</allocation-stats>
<gc-op id="4296" type="scavenge" timems="105.297" contextid="4293" timestamp="2020-09-11T12:48:21.060">
  <scavenger-info tenureage="3" tenuremask="7ff8" tiltratio="84" />
  <memory-copied type="nursery" objects="4261529" bytes="113606328" bytesdiscarded="195088" />
  <memory-copied type="tenure" objects="1077797" bytes="28969064" bytesdiscarded="102224" />
  <ownableSynchronizers candidates="3580" cleared="3295" />
  <references type="soft" candidates="247" cleared="0" enqueued="0" dynamicThreshold="16" maxThreshold="32" />
  <references type="weak" candidates="107" cleared="107" enqueued="0" />
</gc-op>
<gc-end id="4297" type="scavenge" contextid="4293" durationms="106.353" usertimems="827.376" systemtimems="0.000" timestamp="2020-09-11T12:48:21.061" activeThreads="8">
  <mem-info id="4298" free="1164704552" total="2693332992" percent="43">
    <mem type="nursery" free="685848672" total="939524096" percent="72">
      <mem type="allocate" free="685848672" total="799735808" percent="85" />
      <mem type="survivor" free="0" total="139788288" percent="0" />
    </mem>
    <mem type="tenure" free="478855880" total="1753808896" percent="27" macro-fragmented="4503038">
      <mem type="soa" free="456275056" total="1666117632" percent="27" />
      <mem type="loa" free="22580824" total="87691264" percent="25" />
    </mem>
    <remembered-set count="31910" />
  </mem-info>
</gc-end>
<cycle-end id="4299" type="scavenge" contextid="4293" timestamp="2020-09-11T12:48:21.063" />
<allocation-satisfied id="4300" threadId="00000000008D4B00" bytesRequested="32" />
<af-end id="4301" timestamp="2020-09-11T12:48:21.063" threadId="00000000008D5480" success="true" from="nursery"/>
<exclusive-end id="4302" timestamp="2020-09-11T12:48:21.063" durationms="109.188" />

<exclusive-start id="4303" timestamp="2020-09-11T12:48:23.023" intervalms="2069.696">
  <response-info timems="0.558" idlems="0.558" threads="0" lastid="000000000089DB00" lastname="Group1.Backend.CompositeBackend{Tier1}.6" />
</exclusive-start>
<af-start id="4304" threadId="000000000089E480" totalBytesRequested="1032" timestamp="2020-09-11T12:48:23.024" intervalms="2069.527" type="nursery" />
<cycle-start id="4305" type="scavenge" contextid="0" timestamp="2020-09-11T12:48:23.024" intervalms="2069.501" />
<gc-start id="4306" type="scavenge" contextid="4305" timestamp="2020-09-11T12:48:23.024">
  <mem-info id="4307" free="478855880" total="2693332992" percent="17">
    <mem type="nursery" free="0" total="939524096" percent="0">
      <mem type="allocate" free="0" total="799735808" percent="0" />
      <mem type="survivor" free="0" total="139788288" percent="0" />
    </mem>
    <mem type="tenure" free="478855880" total="1753808896" percent="27">
      <mem type="soa" free="456275056" total="1666117632" percent="27" />
      <mem type="loa" free="22580824" total="87691264" percent="25" />
    </mem>
    <remembered-set count="192840" />
  </mem-info>
</gc-start>
<allocation-stats totalBytes="685544880" >
  <allocated-bytes non-tlh="36896216" tlh="648648664" />
  <largest-consumer threadName="Group1.Backend.CompositeBackend{Tier1}.4" threadId="000000000086B500" bytes="90083320" />
</allocation-stats>
<gc-op id="4308" type="scavenge" timems="102.364" contextid="4305" timestamp="2020-09-11T12:48:23.127">
  <scavenger-info tenureage="3" tenuremask="7ff8" tiltratio="85" />
  <memory-copied type="nursery" objects="4072990" bytes="109283128" bytesdiscarded="204688" />
  <memory-copied type="tenure" objects="1064729" bytes="28729968" bytesdiscarded="90496" />
  <ownableSynchronizers candidates="3376" cleared="3091" />
  <references type="soft" candidates="258" cleared="0" enqueued="0" dynamicThreshold="16" maxThreshold="32" />
  <references type="weak" candidates="123" cleared="122" enqueued="0" />
</gc-op>
<gc-end id="4309" type="scavenge" contextid="4305" durationms="103.532" usertimems="740.607" systemtimems="0.000" timestamp="2020-09-11T12:48:23.128" activeThreads="8">
  <mem-info id="4310" free="1142489616" total="2693332992" percent="42">
    <mem type="nursery" free="692650240" total="939524096" percent="73">
      <mem type="allocate" free="692650240" total="802226176" percent="86" />
      <mem type="survivor" free="0" total="137297920" percent="0" />
    </mem>
    <mem type="tenure" free="449839376" total="1753808896" percent="25" macro-fragmented="82853288">
      <mem type="soa" free="427258552" total="1666117632" percent="25" />
      <mem type="loa" free="22580824" total="87691264" percent="25" />
    </mem>
    <remembered-set count="29817" />
  </mem-info>
</gc-end>
<cycle-end id="4311" type="scavenge" contextid="4305" timestamp="2020-09-11T12:48:23.129" />
<allocation-satisfied id="4312" threadId="000000000089DB00" bytesRequested="1032" />
<af-end id="4313" timestamp="2020-09-11T12:48:23.129" threadId="000000000089E480" success="true" from="nursery"/>
<exclusive-end id="4314" timestamp="2020-09-11T12:48:23.129" durationms="106.086" />

<exclusive-start id="4315" timestamp="2020-09-11T12:48:25.137" intervalms="2113.404">
  <response-info timems="10.057" idlems="5.032" threads="1" lastid="0000000000785700" lastname="Group1.Backend.CompositeBackend{Tier1}.2" />
</exclusive-start>
<af-start id="4316" threadId="0000000000A7DA80" totalBytesRequested="1032" timestamp="2020-09-11T12:48:25.137" intervalms="2113.514" type="nursery" />
<cycle-start id="4317" type="scavenge" contextid="0" timestamp="2020-09-11T12:48:25.138" intervalms="2113.538" />
<gc-start id="4318" type="scavenge" contextid="4317" timestamp="2020-09-11T12:48:25.138">
  <mem-info id="4319" free="449839376" total="2693332992" percent="16">
    <mem type="nursery" free="0" total="939524096" percent="0">
      <mem type="allocate" free="0" total="802226176" percent="0" />
      <mem type="survivor" free="0" total="137297920" percent="0" />
    </mem>
    <mem type="tenure" free="449839376" total="1753808896" percent="25">
      <mem type="soa" free="427258552" total="1666117632" percent="25" />
      <mem type="loa" free="22580824" total="87691264" percent="25" />
    </mem>
    <remembered-set count="191873" />
  </mem-info>
</gc-start>
<allocation-stats totalBytes="692298600" >
  <allocated-bytes non-tlh="30011032" tlh="662287568" />
  <largest-consumer threadName="Group1.Backend.CompositeBackend{Tier1}.7" threadId="000000000088BD00" bytes="91458176" />
</allocation-stats>
<gc-op id="4320" type="scavenge" timems="102.080" contextid="4317" timestamp="2020-09-11T12:48:25.240">
  <scavenger-info tenureage="3" tenuremask="7ff8" tiltratio="85" />
  <memory-copied type="nursery" objects="4277646" bytes="113926912" bytesdiscarded="161176" />
  <memory-copied type="tenure" objects="1118569" bytes="30051672" bytesdiscarded="91744" />
  <ownableSynchronizers candidates="3400" cleared="3093" />
  <references type="soft" candidates="258" cleared="0" enqueued="0" dynamicThreshold="16" maxThreshold="32" />
  <references type="weak" candidates="127" cleared="127" enqueued="0" />
</gc-op>
<gc-end id="4321" type="scavenge" contextid="4317" durationms="103.066" usertimems="756.416" systemtimems="0.000" timestamp="2020-09-11T12:48:25.241" activeThreads="8">
  <mem-info id="4322" free="1108855432" total="2693332992" percent="41">
    <mem type="nursery" free="688975784" total="939524096" percent="73">
      <mem type="allocate" free="688975784" total="803143680" percent="85" />
      <mem type="survivor" free="0" total="136380416" percent="0" />
    </mem>
    <mem type="tenure" free="419879648" total="1753808896" percent="23" macro-fragmented="3191179">
      <mem type="soa" free="397298824" total="1666117632" percent="23" />
      <mem type="loa" free="22580824" total="87691264" percent="25" />
    </mem>
    <remembered-set count="27907" />
  </mem-info>
</gc-end>
<cycle-end id="4323" type="scavenge" contextid="4317" timestamp="2020-09-11T12:48:25.242" />
<allocation-satisfied id="4324" threadId="0000000000A7D100" bytesRequested="1032" />
<af-end id="4325" timestamp="2020-09-11T12:48:25.242" threadId="0000000000A7DA80" success="true" from="nursery"/>
<exclusive-end id="4326" timestamp="2020-09-11T12:48:25.242" durationms="105.742" />

<exclusive-start id="4327" timestamp="2020-09-11T12:48:27.188" intervalms="2051.385">
  <response-info timems="0.612" idlems="0.612" threads="0" lastid="0000000000A85D00" lastname="Group1.Backend.CompositeBackend{Tier3}.7" />
</exclusive-start>
<af-start id="4328" threadId="0000000000A86680" totalBytesRequested="32" timestamp="2020-09-11T12:48:27.189" intervalms="2051.405" type="nursery" />
<cycle-start id="4329" type="scavenge" contextid="0" timestamp="2020-09-11T12:48:27.189" intervalms="2051.413" />
<gc-start id="4330" type="scavenge" contextid="4329" timestamp="2020-09-11T12:48:27.189">
  <mem-info id="4331" free="419879648" total="2693332992" percent="15">
    <mem type="nursery" free="0" total="939524096" percent="0">
      <mem type="allocate" free="0" total="803143680" percent="0" />
      <mem type="survivor" free="0" total="136380416" percent="0" />
    </mem>
    <mem type="tenure" free="419879648" total="1753808896" percent="23">
      <mem type="soa" free="397298824" total="1666117632" percent="23" />
      <mem type="loa" free="22580824" total="87691264" percent="25" />
    </mem>
    <remembered-set count="191241" />
  </mem-info>
</gc-start>
<allocation-stats totalBytes="688663312" >
  <allocated-bytes non-tlh="33488136" tlh="655175176" />
  <largest-consumer threadName="Group1.Backend.CompositeBackend{Tier1}.1" threadId="0000000000789300" bytes="115077752" />
</allocation-stats>
<gc-op id="4332" type="scavenge" timems="129.917" contextid="4329" timestamp="2020-09-11T12:48:27.319">
  <scavenger-info tenureage="3" tenuremask="7ff8" tiltratio="85" />
  <memory-copied type="nursery" objects="4092347" bytes="109786296" bytesdiscarded="169936" />
  <memory-copied type="tenure" objects="1086257" bytes="29205424" bytesdiscarded="90640" />
  <ownableSynchronizers candidates="4392" cleared="4097" />
  <references type="soft" candidates="244" cleared="0" enqueued="0" dynamicThreshold="16" maxThreshold="32" />
  <references type="weak" candidates="122" cleared="122" enqueued="0" />
</gc-op>
<gc-end id="4333" type="scavenge" contextid="4329" durationms="130.899" usertimems="878.883" systemtimems="0.000" timestamp="2020-09-11T12:48:27.320" activeThreads="8">
  <mem-info id="4334" free="1085387024" total="2693332992" percent="40">
    <mem type="nursery" free="694875648" total="939524096" percent="73">
      <mem type="allocate" free="694875648" total="804913152" percent="86" />
      <mem type="survivor" free="0" total="134610944" percent="0" />
    </mem>
    <mem type="tenure" free="390511376" total="1753808896" percent="22" macro-fragmented="1764522">
      <mem type="soa" free="367930552" total="1666117632" percent="22" />
      <mem type="loa" free="22580824" total="87691264" percent="25" />
    </mem>
    <remembered-set count="27926" />
  </mem-info>
</gc-end>
<cycle-end id="4335" type="scavenge" contextid="4329" timestamp="2020-09-11T12:48:27.321" />
<allocation-satisfied id="4336" threadId="0000000000A85D00" bytesRequested="32" />
<af-end id="4337" timestamp="2020-09-11T12:48:27.321" threadId="0000000000A86680" success="true" from="nursery"/>
<exclusive-end id="4338" timestamp="2020-09-11T12:48:27.322" durationms="133.486" />

<exclusive-start id="4339" timestamp="2020-09-11T12:48:29.259" intervalms="2070.926">
  <response-info timems="0.552" idlems="0.509" threads="1" lastid="0000000000A7D100" lastname="Group1.Backend.CompositeBackend{Tier3}.6" />
</exclusive-start>
<af-start id="4340" threadId="000000000088C680" totalBytesRequested="520" timestamp="2020-09-11T12:48:29.260" intervalms="2070.935" type="nursery" />
<cycle-start id="4341" type="scavenge" contextid="0" timestamp="2020-09-11T12:48:29.260" intervalms="2070.924" />
<gc-start id="4342" type="scavenge" contextid="4341" timestamp="2020-09-11T12:48:29.260">
  <mem-info id="4343" free="390511376" total="2693332992" percent="14">
    <mem type="nursery" free="0" total="939524096" percent="0">
      <mem type="allocate" free="0" total="804913152" percent="0" />
      <mem type="survivor" free="0" total="134610944" percent="0" />
    </mem>
    <mem type="tenure" free="390511376" total="1753808896" percent="22">
      <mem type="soa" free="367930552" total="1666117632" percent="22" />
      <mem type="loa" free="22580824" total="87691264" percent="25" />
    </mem>
    <remembered-set count="189256" />
  </mem-info>
</gc-start>
<allocation-stats totalBytes="694545208" >
  <allocated-bytes non-tlh="35534896" tlh="659010312" />
  <largest-consumer threadName="Group1.Backend.CompositeBackend{Tier1}.1" threadId="0000000000789300" bytes="123566328" />
</allocation-stats>
<gc-op id="4344" type="scavenge" timems="100.921" contextid="4341" timestamp="2020-09-11T12:48:29.361">
  <scavenger-info tenureage="3" tenuremask="7ff8" tiltratio="85" />
  <memory-copied type="nursery" objects="4098567" bytes="109921152" bytesdiscarded="136248" />
  <memory-copied type="tenure" objects="1090145" bytes="29322352" bytesdiscarded="104264" />
  <ownableSynchronizers candidates="4462" cleared="4161" />
  <references type="soft" candidates="240" cleared="0" enqueued="0" dynamicThreshold="16" maxThreshold="32" />
  <references type="weak" candidates="134" cleared="133" enqueued="0" />
</gc-op>
<gc-end id="4345" type="scavenge" contextid="4341" durationms="102.360" usertimems="789.548" systemtimems="0.818" timestamp="2020-09-11T12:48:29.362" activeThreads="8">
  <mem-info id="4346" free="1058066496" total="2693332992" percent="39">
    <mem type="nursery" free="697002232" total="939524096" percent="74">
      <mem type="allocate" free="697002232" total="807141376" percent="86" />
      <mem type="survivor" free="0" total="132382720" percent="0" />
    </mem>
    <mem type="tenure" free="361064264" total="1753808896" percent="20" macro-fragmented="2065115">
      <mem type="soa" free="338483440" total="1666117632" percent="20" />
      <mem type="loa" free="22580824" total="87691264" percent="25" />
    </mem>
    <remembered-set count="28659" />
  </mem-info>
</gc-end>
<cycle-end id="4347" type="scavenge" contextid="4341" timestamp="2020-09-11T12:48:29.364" />
<allocation-satisfied id="4348" threadId="000000000088BD00" bytesRequested="520" />
<af-end id="4349" timestamp="2020-09-11T12:48:29.364" threadId="000000000088C680" success="true" from="nursery"/>
<exclusive-end id="4350" timestamp="2020-09-11T12:48:29.365" durationms="105.871" />

<exclusive-start id="4351" timestamp="2020-09-11T12:48:31.474" intervalms="2214.684">
  <response-info timems="0.422" idlems="0.422" threads="0" lastid="000000000088EE00" lastname="Group1.Backend.CompositeBackend{Tier1}.5" />
</exclusive-start>
<af-start id="4352" threadId="000000000088F780" totalBytesRequested="131080" timestamp="2020-09-11T12:48:31.474" intervalms="2214.566" type="nursery" />
<cycle-start id="4353" type="scavenge" contextid="0" timestamp="2020-09-11T12:48:31.474" intervalms="2214.543" />
<gc-start id="4354" type="scavenge" contextid="4353" timestamp="2020-09-11T12:48:31.475">
  <mem-info id="4355" free="361106800" total="2693332992" percent="13">
    <mem type="nursery" free="42536" total="939524096" percent="0">
      <mem type="allocate" free="42536" total="807141376" percent="0" />
      <mem type="survivor" free="0" total="132382720" percent="0" />
    </mem>
    <mem type="tenure" free="361064264" total="1753808896" percent="20">
      <mem type="soa" free="338483440" total="1666117632" percent="20" />
      <mem type="loa" free="22580824" total="87691264" percent="25" />
    </mem>
    <remembered-set count="197968" />
  </mem-info>
</gc-start>
<allocation-stats totalBytes="696604816" >
  <allocated-bytes non-tlh="23945936" tlh="672658880" />
  <largest-consumer threadName="Group1.Backend.CompositeBackend{Tier1}.3" threadId="000000000086A900" bytes="105030680" />
</allocation-stats>
<gc-op id="4356" type="scavenge" timems="123.756" contextid="4353" timestamp="2020-09-11T12:48:31.599">
  <scavenger-info tenureage="3" tenuremask="7ff8" tiltratio="85" />
  <memory-copied type="nursery" objects="4253107" bytes="113738744" bytesdiscarded="178096" />
  <memory-copied type="tenure" objects="1090748" bytes="29354960" bytesdiscarded="114848" />
  <ownableSynchronizers candidates="4156" cleared="3834" />
  <references type="soft" candidates="262" cleared="0" enqueued="0" dynamicThreshold="16" maxThreshold="32" />
  <references type="weak" candidates="112" cleared="112" enqueued="0" />
</gc-op>
<gc-end id="4357" type="scavenge" contextid="4353" durationms="125.229" usertimems="909.185" systemtimems="0.000" timestamp="2020-09-11T12:48:31.600" activeThreads="8">
  <mem-info id="4358" free="1025283992" total="2693332992" percent="38">
    <mem type="nursery" free="693656568" total="939524096" percent="73">
      <mem type="allocate" free="693656568" total="807665664" percent="85" />
      <mem type="survivor" free="0" total="131858432" percent="0" />
    </mem>
    <mem type="tenure" free="331627424" total="1753808896" percent="18" macro-fragmented="1874764">
      <mem type="soa" free="309046600" total="1666117632" percent="18" />
      <mem type="loa" free="22580824" total="87691264" percent="25" />
    </mem>
    <remembered-set count="31425" />
  </mem-info>
</gc-end>
<cycle-end id="4359" type="scavenge" contextid="4353" timestamp="2020-09-11T12:48:31.602" />
<allocation-satisfied id="4360" threadId="000000000088EE00" bytesRequested="131080" />
<af-end id="4361" timestamp="2020-09-11T12:48:31.602" threadId="000000000088F780" success="true" from="nursery"/>
<exclusive-end id="4362" timestamp="2020-09-11T12:48:31.602" durationms="128.678" />

<exclusive-start id="4363" timestamp="2020-09-11T12:48:33.640" intervalms="2166.155">
  <response-info timems="1.967" idlems="1.967" threads="0" lastid="000000000088EE00" lastname="Group1.Backend.CompositeBackend{Tier1}.5" />
</exclusive-start>
<af-start id="4364" threadId="000000000088F780" totalBytesRequested="32" timestamp="2020-09-11T12:48:33.641" intervalms="2166.288" type="nursery" />
<cycle-start id="4365" type="scavenge" contextid="0" timestamp="2020-09-11T12:48:33.641" intervalms="2166.298" />
<gc-start id="4366" type="scavenge" contextid="4365" timestamp="2020-09-11T12:48:33.641">
  <mem-info id="4367" free="331627424" total="2693332992" percent="12">
    <mem type="nursery" free="0" total="939524096" percent="0">
      <mem type="allocate" free="0" total="807665664" percent="0" />
      <mem type="survivor" free="0" total="131858432" percent="0" />
    </mem>
    <mem type="tenure" free="331627424" total="1753808896" percent="18">
      <mem type="soa" free="309046600" total="1666117632" percent="18" />
      <mem type="loa" free="22580824" total="87691264" percent="25" />
    </mem>
    <remembered-set count="195930" />
  </mem-info>
</gc-start>
<allocation-stats totalBytes="693331904" >
  <allocated-bytes non-tlh="31578272" tlh="661753632" />
  <largest-consumer threadName="Group1.Backend.CompositeBackend{Tier1}.4" threadId="000000000086B500" bytes="98524632" />
</allocation-stats>
<gc-op id="4368" type="scavenge" timems="111.377" contextid="4365" timestamp="2020-09-11T12:48:33.752">
  <scavenger-info tenureage="3" tenuremask="7ff8" tiltratio="85" />
  <memory-copied type="nursery" objects="4115543" bytes="110502816" bytesdiscarded="422936" />
  <memory-copied type="tenure" objects="1096979" bytes="29488888" bytesdiscarded="96456" />
  <ownableSynchronizers candidates="4163" cleared="3829" />
  <references type="soft" candidates="258" cleared="0" enqueued="0" dynamicThreshold="16" maxThreshold="32" />
  <references type="weak" candidates="133" cleared="133" enqueued="0" />
</gc-op>
<gc-end id="4369" type="scavenge" contextid="4365" durationms="112.310" usertimems="819.622" systemtimems="0.000" timestamp="2020-09-11T12:48:33.753" activeThreads="8">
  <mem-info id="4370" free="999591512" total="2693332992" percent="37">
    <mem type="nursery" free="697576448" total="939524096" percent="74">
      <mem type="allocate" free="697576448" total="808583168" percent="86" />
      <mem type="survivor" free="0" total="130940928" percent="0" />
    </mem>
    <mem type="tenure" free="302015064" total="1753808896" percent="17" macro-fragmented="0">
      <mem type="soa" free="279434240" total="1666117632" percent="16" />
      <mem type="loa" free="22580824" total="87691264" percent="25" />
    </mem>
    <remembered-set count="32297" />
  </mem-info>
</gc-end>
<cycle-end id="4371" type="scavenge" contextid="4365" timestamp="2020-09-11T12:48:33.755" />
<allocation-satisfied id="4372" threadId="000000000088EE00" bytesRequested="32" />
<af-end id="4373" timestamp="2020-09-11T12:48:33.755" threadId="000000000088F780" success="true" from="nursery"/>
<exclusive-end id="4374" timestamp="2020-09-11T12:48:33.755" durationms="115.314" />

<exclusive-start id="4375" timestamp="2020-09-11T12:48:35.680" intervalms="2040.140">
  <response-info timems="0.986" idlems="0.984" threads="1" lastid="000000000089DB00" lastname="Group1.Backend.CompositeBackend{Tier1}.6" />
</exclusive-start>
<af-start id="4376" threadId="000000000088F780" totalBytesRequested="32" timestamp="2020-09-11T12:48:35.681" intervalms="2040.180" type="nursery" />
<cycle-start id="4377" type="scavenge" contextid="0" timestamp="2020-09-11T12:48:35.681" intervalms="2040.204" />
<gc-start id="4378" type="scavenge" contextid="4377" timestamp="2020-09-11T12:48:35.681">
  <mem-info id="4379" free="302015064" total="2693332992" percent="11">
    <mem type="nursery" free="0" total="939524096" percent="0">
      <mem type="allocate" free="0" total="808583168" percent="0" />
      <mem type="survivor" free="0" total="130940928" percent="0" />
    </mem>
    <mem type="tenure" free="302015064" total="1753808896" percent="17">
      <mem type="soa" free="279434240" total="1666117632" percent="16" />
      <mem type="loa" free="22580824" total="87691264" percent="25" />
    </mem>
    <remembered-set count="194137" />
  </mem-info>
</gc-start>
<allocation-stats totalBytes="697258208" >
  <allocated-bytes non-tlh="36982976" tlh="660275232" />
  <largest-consumer threadName="Group1.Backend.CompositeBackend{Tier1}.7" threadId="000000000088BD00" bytes="98244792" />
</allocation-stats>
<gc-op id="4380" type="scavenge" timems="97.756" contextid="4377" timestamp="2020-09-11T12:48:35.779">
  <scavenger-info tenureage="3" tenuremask="7ff8" tiltratio="86" />
  <memory-copied type="nursery" objects="4118003" bytes="110567744" bytesdiscarded="589288" />
  <memory-copied type="tenure" objects="1059125" bytes="28469384" bytesdiscarded="97176" />
  <ownableSynchronizers candidates="4090" cleared="3763" />
  <references type="soft" candidates="268" cleared="0" enqueued="0" dynamicThreshold="16" maxThreshold="32" />
  <references type="weak" candidates="107" cleared="107" enqueued="0" />
</gc-op>
<gc-end id="4381" type="scavenge" contextid="4377" durationms="98.748" usertimems="765.281" systemtimems="0.000" timestamp="2020-09-11T12:48:35.780" activeThreads="8">
  <mem-info id="4382" free="972154544" total="2693332992" percent="36">
    <mem type="nursery" free="698722304" total="939524096" percent="74">
      <mem type="allocate" free="698722304" total="809959424" percent="86" />
      <mem type="survivor" free="0" total="129564672" percent="0" />
    </mem>
    <mem type="tenure" free="273432240" total="1753808896" percent="15" macro-fragmented="0">
      <mem type="soa" free="250851416" total="1666117632" percent="15" />
      <mem type="loa" free="22580824" total="87691264" percent="25" />
    </mem>
    <remembered-set count="32314" />
  </mem-info>
</gc-end>
<cycle-end id="4383" type="scavenge" contextid="4377" timestamp="2020-09-11T12:48:35.782" />
<allocation-satisfied id="4384" threadId="000000000088EE00" bytesRequested="32" />
<af-end id="4385" timestamp="2020-09-11T12:48:35.782" threadId="000000000088F780" success="true" from="nursery"/>
<exclusive-end id="4386" timestamp="2020-09-11T12:48:35.783" durationms="102.581" />

<exclusive-start id="4387" timestamp="2020-09-11T12:48:37.821" intervalms="2140.900">
  <response-info timems="0.576" idlems="0.576" threads="0" lastid="000000000086B500" lastname="Group1.Backend.CompositeBackend{Tier1}.4" />
</exclusive-start>
<af-start id="4388" threadId="000000000086BE80" totalBytesRequested="16" timestamp="2020-09-11T12:48:37.822" intervalms="2140.960" type="nursery" />
<cycle-start id="4389" type="scavenge" contextid="0" timestamp="2020-09-11T12:48:37.822" intervalms="2141.017" />
<gc-start id="4390" type="scavenge" contextid="4389" timestamp="2020-09-11T12:48:37.822">
  <mem-info id="4391" free="273432240" total="2693332992" percent="10">
    <mem type="nursery" free="0" total="939524096" percent="0">
      <mem type="allocate" free="0" total="809959424" percent="0" />
      <mem type="survivor" free="0" total="129564672" percent="0" />
    </mem>
    <mem type="tenure" free="273432240" total="1753808896" percent="15">
      <mem type="soa" free="250851416" total="1666117632" percent="15" />
      <mem type="loa" free="22580824" total="87691264" percent="25" />
    </mem>
    <remembered-set count="196357" />
  </mem-info>
</gc-start>
<allocation-stats totalBytes="698383968" >
  <allocated-bytes non-tlh="33094352" tlh="665289616" />
  <largest-consumer threadName="Group1.Backend.CompositeBackend{Tier1}.2" threadId="0000000000785700" bytes="92502176" />
</allocation-stats>
<gc-op id="4392" type="scavenge" timems="137.276" contextid="4389" timestamp="2020-09-11T12:48:37.960">
  <scavenger-info tenureage="3" tenuremask="7ff8" tiltratio="86" />
  <memory-copied type="nursery" objects="4067740" bytes="109155024" bytesdiscarded="183736" />
  <memory-copied type="tenure" objects="1170913" bytes="31477144" bytesdiscarded="94120" />
  <ownableSynchronizers candidates="4430" cleared="4098" />
  <references type="soft" candidates="246" cleared="0" enqueued="0" dynamicThreshold="16" maxThreshold="32" />
  <references type="weak" candidates="120" cleared="118" enqueued="0" />
</gc-op>
<gc-end id="4393" type="scavenge" contextid="4389" durationms="138.319" usertimems="980.729" systemtimems="12.572" timestamp="2020-09-11T12:48:37.960" activeThreads="8">
  <mem-info id="4394" free="943581752" total="2693332992" percent="35">
    <mem type="nursery" free="701714432" total="939524096" percent="74">
      <mem type="allocate" free="701714432" total="811139072" percent="86" />
      <mem type="survivor" free="0" total="128385024" percent="0" />
    </mem>
    <mem type="tenure" free="241867320" total="1753808896" percent="13" macro-fragmented="0">
      <mem type="soa" free="219286496" total="1666117632" percent="13" />
      <mem type="loa" free="22580824" total="87691264" percent="25" />
    </mem>
    <remembered-set count="30914" />
  </mem-info>
</gc-end>
<cycle-end id="4395" type="scavenge" contextid="4389" timestamp="2020-09-11T12:48:37.963" />
<allocation-satisfied id="4396" threadId="000000000086B500" bytesRequested="16" />
<af-end id="4397" timestamp="2020-09-11T12:48:37.963" threadId="000000000086BE80" success="true" from="nursery"/>
<exclusive-end id="4398" timestamp="2020-09-11T12:48:37.963" durationms="141.783" />

<exclusive-start id="4399" timestamp="2020-09-11T12:48:39.963" intervalms="2141.696">
  <response-info timems="8.256" idlems="8.256" threads="0" lastid="0000000000789300" lastname="Group1.Backend.CompositeBackend{Tier1}.1" />
</exclusive-start>
<af-start id="4400" threadId="0000000000789C80" totalBytesRequested="24" timestamp="2020-09-11T12:48:39.963" intervalms="2141.707" type="nursery" />
<cycle-start id="4401" type="scavenge" contextid="0" timestamp="2020-09-11T12:48:39.964" intervalms="2141.634" />
<gc-start id="4402" type="scavenge" contextid="4401" timestamp="2020-09-11T12:48:39.964">
  <mem-info id="4403" free="241867320" total="2693332992" percent="8">
    <mem type="nursery" free="0" total="939524096" percent="0">
      <mem type="allocate" free="0" total="811139072" percent="0" />
      <mem type="survivor" free="0" total="128385024" percent="0" />
    </mem>
    <mem type="tenure" free="241867320" total="1753808896" percent="13">
      <mem type="soa" free="219286496" total="1666117632" percent="13" />
      <mem type="loa" free="22580824" total="87691264" percent="25" />
    </mem>
    <remembered-set count="194680" />
  </mem-info>
</gc-start>
<allocation-stats totalBytes="701385520" >
  <allocated-bytes non-tlh="32729768" tlh="668655752" />
  <largest-consumer threadName="Group1.Backend.CompositeBackend{Tier1}.4" threadId="000000000086B500" bytes="96742592" />
</allocation-stats>
<gc-op id="4404" type="scavenge" timems="126.612" contextid="4401" timestamp="2020-09-11T12:48:40.091">
  <scavenger-info tenureage="3" tenuremask="7ff8" tiltratio="86" />
  <memory-copied type="nursery" objects="4280327" bytes="113960608" bytesdiscarded="271232" />
  <memory-copied type="tenure" objects="1089672" bytes="29278904" bytesdiscarded="120256" />
  <ownableSynchronizers candidates="4016" cleared="3695" />
  <references type="soft" candidates="251" cleared="0" enqueued="0" dynamicThreshold="16" maxThreshold="32" />
  <references type="weak" candidates="108" cleared="108" enqueued="0" />
</gc-op>
<gc-end id="4405" type="scavenge" contextid="4401" durationms="127.677" usertimems="971.887" systemtimems="0.000" timestamp="2020-09-11T12:48:40.091" activeThreads="8">
  <mem-info id="4406" free="905557680" total="2693332992" percent="33">
    <mem type="nursery" free="693083896" total="939524096" percent="73">
      <mem type="allocate" free="693083896" total="807403520" percent="85" />
      <mem type="survivor" free="0" total="132120576" percent="0" />
    </mem>
    <mem type="tenure" free="212473784" total="1753808896" percent="12" macro-fragmented="0">
      <mem type="soa" free="189892960" total="1666117632" percent="11" />
      <mem type="loa" free="22580824" total="87691264" percent="25" />
    </mem>
    <remembered-set count="29770" />
  </mem-info>
</gc-end>
<cycle-end id="4407" type="scavenge" contextid="4401" timestamp="2020-09-11T12:48:40.093" />
<allocation-satisfied id="4408" threadId="0000000000789300" bytesRequested="24" />
<af-end id="4409" timestamp="2020-09-11T12:48:40.094" threadId="0000000000789C80" success="true" from="nursery"/>
<exclusive-end id="4410" timestamp="2020-09-11T12:48:40.094" durationms="131.080" />

<exclusive-start id="4411" timestamp="2020-09-11T12:48:42.113" intervalms="2150.371">
  <response-info timems="5.420" idlems="5.420" threads="0" lastid="000000000088BD00" lastname="Group1.Backend.CompositeBackend{Tier1}.7" />
</exclusive-start>
<af-start id="4412" threadId="000000000088C680" totalBytesRequested="96" timestamp="2020-09-11T12:48:42.116" intervalms="2152.209" type="nursery" />
<cycle-start id="4413" type="scavenge" contextid="0" timestamp="2020-09-11T12:48:42.117" intervalms="2153.071" />
<gc-start id="4414" type="scavenge" contextid="4413" timestamp="2020-09-11T12:48:42.118">
  <mem-info id="4415" free="212473784" total="2693332992" percent="7">
    <mem type="nursery" free="0" total="939524096" percent="0">
      <mem type="allocate" free="0" total="807403520" percent="0" />
      <mem type="survivor" free="0" total="132120576" percent="0" />
    </mem>
    <mem type="tenure" free="212473784" total="1753808896" percent="12">
      <mem type="soa" free="189892960" total="1666117632" percent="11" />
      <mem type="loa" free="22580824" total="87691264" percent="25" />
    </mem>
    <remembered-set count="194154" />
  </mem-info>
</gc-start>
<allocation-stats totalBytes="692744584" >
  <allocated-bytes non-tlh="28926672" tlh="663817912" />
  <largest-consumer threadName="Group1.Backend.CompositeBackend{Tier1}.5" threadId="000000000088EE00" bytes="88973392" />
</allocation-stats>
<gc-op id="4416" type="scavenge" timems="146.275" contextid="4413" timestamp="2020-09-11T12:48:42.264">
  <scavenger-info tenureage="3" tenuremask="7ff8" tiltratio="85" />
  <memory-copied type="nursery" objects="4518734" bytes="119607736" bytesdiscarded="199152" />
  <memory-copied type="tenure" objects="1082511" bytes="29090592" bytesdiscarded="124096" />
  <ownableSynchronizers candidates="3407" cleared="3093" />
  <references type="soft" candidates="242" cleared="0" enqueued="0" dynamicThreshold="16" maxThreshold="32" />
  <references type="weak" candidates="122" cleared="121" enqueued="0" />
</gc-op>
<gc-end id="4417" type="scavenge" contextid="4413" durationms="148.233" usertimems="1081.725" systemtimems="21.999" timestamp="2020-09-11T12:48:42.265" activeThreads="8">
  <mem-info id="4418" free="864200352" total="2693332992" percent="32">
    <mem type="nursery" free="680953408" total="939524096" percent="72">
      <mem type="allocate" free="680953408" total="800849920" percent="85" />
      <mem type="survivor" free="0" total="138674176" percent="0" />
    </mem>
    <mem type="tenure" free="183246944" total="1753808896" percent="10" macro-fragmented="0">
      <mem type="soa" free="160666120" total="1666117632" percent="9" />
      <mem type="loa" free="22580824" total="87691264" percent="25" />
    </mem>
    <remembered-set count="28860" />
  </mem-info>
</gc-end>
<cycle-end id="4419" type="scavenge" contextid="4413" timestamp="2020-09-11T12:48:42.267" />
<allocation-satisfied id="4420" threadId="000000000088BD00" bytesRequested="96" />
<af-end id="4421" timestamp="2020-09-11T12:48:42.267" threadId="000000000088C680" success="true" from="nursery"/>
<exclusive-end id="4422" timestamp="2020-09-11T12:48:42.267" durationms="154.136" />

<exclusive-start id="4423" timestamp="2020-09-11T12:48:44.143" intervalms="2030.007">
  <response-info timems="0.521" idlems="0.521" threads="0" lastid="000000000086B500" lastname="Group1.Backend.CompositeBackend{Tier1}.4" />
</exclusive-start>
<af-start id="4424" threadId="000000000086BE80" totalBytesRequested="16" timestamp="2020-09-11T12:48:44.143" intervalms="2027.855" type="nursery" />
<cycle-start id="4425" type="scavenge" contextid="0" timestamp="2020-09-11T12:48:44.144" intervalms="2026.971" />
<gc-start id="4426" type="scavenge" contextid="4425" timestamp="2020-09-11T12:48:44.144">
  <mem-info id="4427" free="183246944" total="2693332992" percent="6">
    <mem type="nursery" free="0" total="939524096" percent="0">
      <mem type="allocate" free="0" total="800849920" percent="0" />
      <mem type="survivor" free="0" total="138674176" percent="0" />
    </mem>
    <mem type="tenure" free="183246944" total="1753808896" percent="10">
      <mem type="soa" free="160666120" total="1666117632" percent="9" />
      <mem type="loa" free="22580824" total="87691264" percent="25" />
    </mem>
    <remembered-set count="192106" />
  </mem-info>
</gc-start>
<allocation-stats totalBytes="680599048" >
  <allocated-bytes non-tlh="32407992" tlh="648191056" />
  <largest-consumer threadName="Group1.Backend.CompositeBackend{Tier1}.5" threadId="000000000088EE00" bytes="100346656" />
</allocation-stats>
<gc-op id="4428" type="scavenge" timems="118.329" contextid="4425" timestamp="2020-09-11T12:48:44.262">
  <scavenger-info tenureage="3" tenuremask="7ff8" tiltratio="85" />
  <memory-copied type="nursery" objects="4265992" bytes="113587152" bytesdiscarded="282512" />
  <memory-copied type="tenure" objects="1115806" bytes="29990424" bytesdiscarded="118944" />
  <ownableSynchronizers candidates="3947" cleared="3631" />
  <references type="soft" candidates="257" cleared="0" enqueued="0" dynamicThreshold="16" maxThreshold="32" />
  <references type="weak" candidates="110" cleared="110" enqueued="0" />
</gc-op>
<gc-end id="4429" type="scavenge" contextid="4425" durationms="119.200" usertimems="858.371" systemtimems="0.000" timestamp="2020-09-11T12:48:44.263" activeThreads="8">
  <mem-info id="4430" free="840963296" total="2693332992" percent="31">
    <mem type="nursery" free="687819000" total="939524096" percent="73">
      <mem type="allocate" free="687819000" total="801767424" percent="85" />
      <mem type="survivor" free="0" total="137756672" percent="0" />
    </mem>
    <mem type="tenure" free="153144296" total="1753808896" percent="8" macro-fragmented="0">
      <mem type="soa" free="130563472" total="1666117632" percent="7" />
      <mem type="loa" free="22580824" total="87691264" percent="25" />
    </mem>
    <remembered-set count="29503" />
  </mem-info>
</gc-end>
<cycle-end id="4431" type="scavenge" contextid="4425" timestamp="2020-09-11T12:48:44.264" />
<allocation-satisfied id="4432" threadId="000000000086B500" bytesRequested="16" />
<af-end id="4433" timestamp="2020-09-11T12:48:44.264" threadId="000000000086BE80" success="true" from="nursery"/>
<exclusive-end id="4434" timestamp="2020-09-11T12:48:44.264" durationms="121.268" />

<exclusive-start id="4435" timestamp="2020-09-11T12:48:46.177" intervalms="2033.866">
  <response-info timems="1.090" idlems="1.090" threads="0" lastid="000000000086A900" lastname="Group1.Backend.CompositeBackend{Tier1}.3" />
</exclusive-start>
<af-start id="4436" threadId="000000000086B280" totalBytesRequested="24" timestamp="2020-09-11T12:48:46.178" intervalms="2034.367" type="nursery" />
<cycle-start id="4437" type="scavenge" contextid="0" timestamp="2020-09-11T12:48:46.178" intervalms="2034.395" />
<gc-start id="4438" type="scavenge" contextid="4437" timestamp="2020-09-11T12:48:46.178">
  <mem-info id="4439" free="153144296" total="2693332992" percent="5">
    <mem type="nursery" free="0" total="939524096" percent="0">
      <mem type="allocate" free="0" total="801767424" percent="0" />
      <mem type="survivor" free="0" total="137756672" percent="0" />
    </mem>
    <mem type="tenure" free="153144296" total="1753808896" percent="8">
      <mem type="soa" free="130563472" total="1666117632" percent="7" />
      <mem type="loa" free="22580824" total="87691264" percent="25" />
    </mem>
    <remembered-set count="189185" />
  </mem-info>
</gc-start>
<allocation-stats totalBytes="687498136" >
  <allocated-bytes non-tlh="41164936" tlh="646333200" />
  <largest-consumer threadName="Group1.Backend.CompositeBackend{Tier1}.5" threadId="000000000088EE00" bytes="125366192" />
</allocation-stats>
<gc-op id="4440" type="scavenge" timems="156.446" contextid="4437" timestamp="2020-09-11T12:48:46.335">
  <scavenger-info tenureage="3" tenuremask="7ff8" tiltratio="85" />
  <memory-copied type="nursery" objects="4227389" bytes="112483648" bytesdiscarded="147344" />
  <memory-copied type="tenure" objects="1130208" bytes="30398736" bytesdiscarded="151704" />
  <ownableSynchronizers candidates="2699" cleared="2418" />
  <references type="soft" candidates="242" cleared="0" enqueued="0" dynamicThreshold="16" maxThreshold="32" />
  <references type="weak" candidates="122" cleared="122" enqueued="0" />
</gc-op>
<gc-end id="4441" type="scavenge" contextid="4437" durationms="157.975" usertimems="1112.088" systemtimems="15.434" timestamp="2020-09-11T12:48:46.336" activeThreads="8">
  <mem-info id="4442" free="813782080" total="2693332992" percent="30">
    <mem type="nursery" free="691156216" total="939524096" percent="73">
      <mem type="allocate" free="691156216" total="803864576" percent="85" />
      <mem type="survivor" free="0" total="135659520" percent="0" />
    </mem>
    <mem type="tenure" free="122625864" total="1753808896" percent="6" macro-fragmented="0">
      <mem type="soa" free="100045040" total="1666117632" percent="6" />
      <mem type="loa" free="22580824" total="87691264" percent="25" />
    </mem>
    <remembered-set count="30999" />
  </mem-info>
</gc-end>
<cycle-end id="4443" type="scavenge" contextid="4437" timestamp="2020-09-11T12:48:46.339" />
<allocation-satisfied id="4444" threadId="000000000086A900" bytesRequested="24" />
<af-end id="4445" timestamp="2020-09-11T12:48:46.339" threadId="000000000086B280" success="true" from="nursery"/>
<exclusive-end id="4446" timestamp="2020-09-11T12:48:46.339" durationms="162.148" />

<exclusive-start id="4447" timestamp="2020-09-11T12:48:48.327" intervalms="2150.441">
  <response-info timems="2.861" idlems="2.861" threads="0" lastid="000000000088BD00" lastname="Group1.Backend.CompositeBackend{Tier1}.7" />
</exclusive-start>
<af-start id="4448" threadId="000000000088C680" totalBytesRequested="48" timestamp="2020-09-11T12:48:48.328" intervalms="2150.021" type="nursery" />
<cycle-start id="4449" type="scavenge" contextid="0" timestamp="2020-09-11T12:48:48.328" intervalms="2150.045" />
<gc-start id="4450" type="scavenge" contextid="4449" timestamp="2020-09-11T12:48:48.328">
  <mem-info id="4451" free="122625864" total="2693332992" percent="4">
    <mem type="nursery" free="0" total="939524096" percent="0">
      <mem type="allocate" free="0" total="803864576" percent="0" />
      <mem type="survivor" free="0" total="135659520" percent="0" />
    </mem>
    <mem type="tenure" free="122625864" total="1753808896" percent="6">
      <mem type="soa" free="100045040" total="1666117632" percent="6" />
      <mem type="loa" free="22580824" total="87691264" percent="25" />
    </mem>
    <remembered-set count="197234" />
  </mem-info>
</gc-start>
<allocation-stats totalBytes="690822776" >
  <allocated-bytes non-tlh="29761584" tlh="661061192" />
  <largest-consumer threadName="Group1.Backend.CompositeBackend{Tier1}.5" threadId="000000000088EE00" bytes="111857464" />
</allocation-stats>
<gc-op id="4452" type="scavenge" timems="171.119" contextid="4449" timestamp="2020-09-11T12:48:48.500">
  <scavenger-info tenureage="3" tenuremask="7ff8" tiltratio="85" />
  <memory-copied type="nursery" objects="4244394" bytes="112917248" bytesdiscarded="218968" />
  <memory-copied type="tenure" objects="1105549" bytes="29735184" bytesdiscarded="142024" />
  <ownableSynchronizers candidates="4183" cleared="3897" />
  <references type="soft" candidates="258" cleared="0" enqueued="0" dynamicThreshold="16" maxThreshold="32" />
  <references type="weak" candidates="103" cleared="103" enqueued="0" />
</gc-op>
<gc-end id="4453" type="scavenge" contextid="4449" durationms="175.141" usertimems="1122.428" systemtimems="40.617" timestamp="2020-09-11T12:48:48.503" activeThreads="8">
  <mem-info id="4454" free="785182848" total="2693332992" percent="29">
    <mem type="nursery" free="692411384" total="939524096" percent="73">
      <mem type="allocate" free="692411384" total="805634048" percent="85" />
      <mem type="survivor" free="0" total="133890048" percent="0" />
    </mem>
    <mem type="tenure" free="92771464" total="1753808896" percent="5" macro-fragmented="723458">
      <mem type="soa" free="70190640" total="1666117632" percent="4" />
      <mem type="loa" free="22580824" total="87691264" percent="25" />
    </mem>
    <remembered-set count="32542" />
  </mem-info>
</gc-end>
<cycle-end id="4455" type="scavenge" contextid="4449" timestamp="2020-09-11T12:48:48.506" />
<allocation-satisfied id="4456" threadId="000000000088BD00" bytesRequested="48" />
<af-end id="4457" timestamp="2020-09-11T12:48:48.507" threadId="000000000088C680" success="true" from="nursery"/>
<exclusive-end id="4458" timestamp="2020-09-11T12:48:48.507" durationms="179.644" />

<exclusive-start id="4459" timestamp="2020-09-11T12:48:50.508" intervalms="2180.577">
  <response-info timems="2.718" idlems="2.718" threads="0" lastid="000000000088EE00" lastname="Group1.Backend.CompositeBackend{Tier1}.5" />
</exclusive-start>
<af-start id="4460" threadId="000000000088F780" totalBytesRequested="120" timestamp="2020-09-11T12:48:50.509" intervalms="2180.822" type="nursery" />
<cycle-start id="4461" type="scavenge" contextid="0" timestamp="2020-09-11T12:48:50.509" intervalms="2180.788" />
<gc-start id="4462" type="scavenge" contextid="4461" timestamp="2020-09-11T12:48:50.509">
  <mem-info id="4463" free="92771464" total="2693332992" percent="3">
    <mem type="nursery" free="0" total="939524096" percent="0">
      <mem type="allocate" free="0" total="805634048" percent="0" />
      <mem type="survivor" free="0" total="133890048" percent="0" />
    </mem>
    <mem type="tenure" free="92771464" total="1753808896" percent="5">
      <mem type="soa" free="70190640" total="1666117632" percent="4" />
      <mem type="loa" free="22580824" total="87691264" percent="25" />
    </mem>
    <remembered-set count="199650" />
  </mem-info>
</gc-start>
<allocation-stats totalBytes="692074536" >
  <allocated-bytes non-tlh="27826736" tlh="664247800" />
  <largest-consumer threadName="Group1.Backend.CompositeBackend{Tier1}.3" threadId="000000000086A900" bytes="116186624" />
</allocation-stats>
<gc-op id="4464" type="scavenge" timems="148.259" contextid="4461" timestamp="2020-09-11T12:48:50.658">
  <scavenger-info tenureage="3" tenuremask="7ff8" tiltratio="85" />
  <memory-copied type="nursery" objects="4183583" bytes="112087480" bytesdiscarded="151488" />
  <memory-copied type="tenure" objects="1081496" bytes="29050752" bytesdiscarded="134928" />
  <ownableSynchronizers candidates="3781" cleared="3493" />
  <references type="soft" candidates="254" cleared="0" enqueued="0" dynamicThreshold="16" maxThreshold="32" />
  <references type="weak" candidates="107" cleared="107" enqueued="0" />
</gc-op>
<gc-end id="4465" type="scavenge" contextid="4461" durationms="149.659" usertimems="1013.118" systemtimems="9.164" timestamp="2020-09-11T12:48:50.659" activeThreads="8">
  <mem-info id="4466" free="758311928" total="2693332992" percent="28">
    <mem type="nursery" free="694745856" total="939524096" percent="73">
      <mem type="allocate" free="694745856" total="807075840" percent="86" />
      <mem type="survivor" free="0" total="132448256" percent="0" />
    </mem>
    <mem type="tenure" free="63566072" total="1753808896" percent="3" macro-fragmented="0">
      <mem type="soa" free="40985248" total="1666117632" percent="2" />
      <mem type="loa" free="22580824" total="87691264" percent="25" />
    </mem>
    <remembered-set count="32649" />
  </mem-info>
</gc-end>
<cycle-end id="4467" type="scavenge" contextid="4461" timestamp="2020-09-11T12:48:50.661" />
<allocation-satisfied id="4468" threadId="000000000088EE00" bytesRequested="120" />
<af-end id="4469" timestamp="2020-09-11T12:48:50.661" threadId="000000000088F780" success="true" from="nursery"/>
<exclusive-end id="4470" timestamp="2020-09-11T12:48:50.661" durationms="153.059" />

<exclusive-start id="4471" timestamp="2020-09-11T12:48:52.513" intervalms="2005.450">
  <response-info timems="0.699" idlems="0.352" threads="1" lastid="000000000088EE00" lastname="Group1.Backend.CompositeBackend{Tier1}.5" />
</exclusive-start>
<af-start id="4472" threadId="000000000086BE80" totalBytesRequested="32" timestamp="2020-09-11T12:48:52.514" intervalms="2005.349" type="nursery" />
<cycle-start id="4473" type="scavenge" contextid="0" timestamp="2020-09-11T12:48:52.514" intervalms="2005.346" />
<gc-start id="4474" type="scavenge" contextid="4473" timestamp="2020-09-11T12:48:52.515">
  <mem-info id="4475" free="63566072" total="2693332992" percent="2">
    <mem type="nursery" free="0" total="939524096" percent="0">
      <mem type="allocate" free="0" total="807075840" percent="0" />
      <mem type="survivor" free="0" total="132448256" percent="0" />
    </mem>
    <mem type="tenure" free="63566072" total="1753808896" percent="3">
      <mem type="soa" free="40985248" total="1666117632" percent="2" />
      <mem type="loa" free="22580824" total="87691264" percent="25" />
    </mem>
    <remembered-set count="191552" />
  </mem-info>
</gc-start>
<allocation-stats totalBytes="694423544" >
  <allocated-bytes non-tlh="40873696" tlh="653549848" />
  <largest-consumer threadName="Group1.Backend.CompositeBackend{Tier1}.1" threadId="0000000000789300" bytes="106707696" />
</allocation-stats>
<gc-op id="4476" type="scavenge" timems="102.891" contextid="4473" timestamp="2020-09-11T12:48:52.617">
  <scavenger-info tenureage="3" tenuremask="7ff8" tiltratio="85" />
  <memory-copied type="nursery" objects="4166486" bytes="111619728" bytesdiscarded="143712" />
  <memory-copied type="tenure" objects="1058910" bytes="28446928" bytesdiscarded="95544" />
  <ownableSynchronizers candidates="3160" cleared="2889" />
  <references type="soft" candidates="257" cleared="0" enqueued="0" dynamicThreshold="16" maxThreshold="32" />
  <references type="weak" candidates="137" cleared="137" enqueued="0" />
</gc-op>
<gc-end id="4477" type="scavenge" contextid="4473" durationms="104.184" usertimems="752.994" systemtimems="0.000" timestamp="2020-09-11T12:48:52.619" activeThreads="8">
  <mem-info id="4478" free="731524296" total="2693332992" percent="27">
    <mem type="nursery" free="696604416" total="939524096" percent="74">
      <mem type="allocate" free="696604416" total="808452096" percent="86" />
      <mem type="survivor" free="0" total="131072000" percent="0" />
    </mem>
    <mem type="tenure" free="34919880" total="1753808896" percent="1" macro-fragmented="0">
      <mem type="soa" free="12339056" total="1666117632" percent="0" />
      <mem type="loa" free="22580824" total="87691264" percent="25" />
    </mem>
    <remembered-set count="31441" />
  </mem-info>
</gc-end>
<cycle-end id="4479" type="scavenge" contextid="4473" timestamp="2020-09-11T12:48:52.620" />
<allocation-satisfied id="4480" threadId="000000000086B500" bytesRequested="32" />
<af-end id="4481" timestamp="2020-09-11T12:48:52.620" threadId="000000000086BE80" success="true" from="nursery"/>
<exclusive-end id="4482" timestamp="2020-09-11T12:48:52.620" durationms="106.992" />

<exclusive-start id="4483" timestamp="2020-09-11T12:48:54.714" intervalms="2200.626">
  <response-info timems="0.758" idlems="0.758" threads="0" lastid="0000000000789300" lastname="Group1.Backend.CompositeBackend{Tier1}.1" />
</exclusive-start>
<af-start id="4484" threadId="0000000000789C80" totalBytesRequested="16" timestamp="2020-09-11T12:48:54.715" intervalms="2200.684" type="nursery" />
<percolate-collect id="4485" from="nursery" to="global" reason="prevent tenure expand" timestamp="2020-09-11T12:48:54.715"/>
<cycle-start id="4486" type="global" contextid="0" timestamp="2020-09-11T12:48:54.715" intervalms="63694.723" />
<gc-start id="4487" type="global" contextid="4486" timestamp="2020-09-11T12:48:54.715">
  <mem-info id="4488" free="34919880" total="2693332992" percent="1">
    <mem type="nursery" free="0" total="939524096" percent="0">
      <mem type="allocate" free="0" total="808452096" percent="0" />
      <mem type="survivor" free="0" total="131072000" percent="0" />
    </mem>
    <mem type="tenure" free="34919880" total="1753808896" percent="1">
      <mem type="soa" free="12339056" total="1666117632" percent="0" />
      <mem type="loa" free="22580824" total="87691264" percent="25" />
    </mem>
    <remembered-set count="198601" />
  </mem-info>
</gc-start>
<allocation-stats totalBytes="696255776" >
  <allocated-bytes non-tlh="24131776" tlh="672124000" />
  <largest-consumer threadName="Group1.Backend.CompositeBackend{Tier1}.7" threadId="000000000088BD00" bytes="94985824" />
</allocation-stats>
<gc-op id="4489" type="mark" timems="568.521" contextid="4486" timestamp="2020-09-11T12:48:55.284">
  <trace-info objectcount="30980902" scancount="30001536" scanbytes="820774448" />
  <finalization candidates="150" enqueued="0" />
  <ownableSynchronizers candidates="592501" cleared="6472" />
  <references type="soft" candidates="712523" cleared="0" enqueued="0" dynamicThreshold="16" maxThreshold="32" />
  <references type="weak" candidates="4401" cleared="112" enqueued="0" />
  <references type="phantom" candidates="107" cleared="0" enqueued="0" />
  <stringconstants candidates="10922" cleared="1"  />
</gc-op>
<gc-op id="4490" type="sweep" timems="18.417" contextid="4486" timestamp="2020-09-11T12:48:55.303" />
<heap-resize id="4491" type="contract" space="tenure" amount="21823488" count="1" timems="28.499" reason="insufficient time being spent in gc" timestamp="2020-09-11T12:48:55.332" />
<gc-end id="4492" type="global" contextid="4486" durationms="617.595" usertimems="4532.537" systemtimems="0.000" timestamp="2020-09-11T12:48:55.333" activeThreads="8">
  <mem-info id="4493" free="1509249624" total="2671509504" percent="56">
    <mem type="nursery" free="611909208" total="939524096" percent="65">
      <mem type="allocate" free="611909208" total="808452096" percent="75" />
      <mem type="survivor" free="0" total="131072000" percent="0" />
    </mem>
    <mem type="tenure" free="897340416" total="1731985408" percent="51" micro-fragmented="73097649" macro-fragmented="172582613">
      <mem type="soa" free="834467568" total="1645385728" percent="50" />
      <mem type="loa" free="62872848" total="86599680" percent="72" />
    </mem>
    <remembered-set count="192615" />
  </mem-info>
</gc-end>
<cycle-end id="4494" type="global" contextid="4486" timestamp="2020-09-11T12:48:55.336" />
<allocation-satisfied id="4495" threadId="0000000000789300" bytesRequested="16" />
<af-end id="4496" timestamp="2020-09-11T12:48:55.336" threadId="0000000000789C80" success="true" from="nursery"/>
<exclusive-end id="4497" timestamp="2020-09-11T12:48:55.336" durationms="622.643" />

<exclusive-start id="4498" timestamp="2020-09-11T12:48:56.270" intervalms="1556.409">
  <response-info timems="5.208" idlems="5.208" threads="0" lastid="0000000000785700" lastname="Group1.Backend.CompositeBackend{Tier1}.2" />
</exclusive-start>
<af-start id="4499" threadId="0000000000786080" totalBytesRequested="524296" timestamp="2020-09-11T12:48:56.271" intervalms="1556.498" type="nursery" />
<cycle-start id="4500" type="scavenge" contextid="0" timestamp="2020-09-11T12:48:56.271" intervalms="3757.219" />
<gc-start id="4501" type="scavenge" contextid="4500" timestamp="2020-09-11T12:48:56.272">
  <mem-info id="4502" free="1026849312" total="2671509504" percent="38">
    <mem type="nursery" free="129508992" total="939524096" percent="13">
      <mem type="allocate" free="129508992" total="808452096" percent="16" />
      <mem type="survivor" free="0" total="131072000" percent="0" />
    </mem>
    <mem type="tenure" free="897340320" total="1731985408" percent="51">
      <mem type="soa" free="834467472" total="1645385728" percent="50" />
      <mem type="loa" free="62872848" total="86599680" percent="72" />
    </mem>
    <remembered-set count="234242" />
  </mem-info>
</gc-start>
<allocation-stats totalBytes="480808904" >
  <allocated-bytes non-tlh="28775760" tlh="452033144" />
  <largest-consumer threadName="Group1.Backend.CompositeBackend{Tier1}.4" threadId="000000000086B500" bytes="76754160" />
</allocation-stats>
<gc-op id="4503" type="scavenge" timems="192.545" contextid="4500" timestamp="2020-09-11T12:48:56.464">
  <scavenger-info tenureage="3" tenuremask="7ff8" tiltratio="86" />
  <memory-copied type="nursery" objects="4952299" bytes="130910784" bytesdiscarded="37648" />
  <memory-copied type="tenure" objects="1658235" bytes="44013952" bytesdiscarded="129176" />
  <copy-failed type="nursery" objects="592118" bytes="15405896" />
  <ownableSynchronizers candidates="1174114" cleared="1173711" />
  <references type="soft" candidates="127" cleared="0" enqueued="0" dynamicThreshold="16" maxThreshold="32" />
  <references type="weak" candidates="79" cleared="79" enqueued="0" />
</gc-op>
<gc-end id="4504" type="scavenge" contextid="4500" durationms="193.782" usertimems="1344.949" systemtimems="4.670" timestamp="2020-09-11T12:48:56.465" activeThreads="8">
  <mem-info id="4505" free="1458722248" total="2671509504" percent="54">
    <mem type="nursery" free="605683712" total="939524096" percent="64">
      <mem type="allocate" free="605683712" total="736755712" percent="82" />
      <mem type="survivor" free="0" total="202768384" percent="0" />
    </mem>
    <mem type="tenure" free="853038536" total="1731985408" percent="49" macro-fragmented="1272680">
      <mem type="soa" free="790165688" total="1645385728" percent="48" />
      <mem type="loa" free="62872848" total="86599680" percent="72" />
    </mem>
    <remembered-set count="37304" />
  </mem-info>
</gc-end>
<cycle-end id="4506" type="scavenge" contextid="4500" timestamp="2020-09-11T12:48:56.467" />
<allocation-satisfied id="4507" threadId="0000000000785700" bytesRequested="524296" />
<af-end id="4508" timestamp="2020-09-11T12:48:56.467" threadId="0000000000786080" success="true" from="nursery"/>
<exclusive-end id="4509" timestamp="2020-09-11T12:48:56.467" durationms="196.873" />

<exclusive-start id="4510" timestamp="2020-09-11T12:48:57.921" intervalms="1651.062">
  <response-info timems="0.297" idlems="0.297" threads="0" lastid="000000000089DB00" lastname="Group1.Backend.CompositeBackend{Tier1}.6" />
</exclusive-start>
<af-start id="4511" threadId="000000000089E480" totalBytesRequested="16" timestamp="2020-09-11T12:48:57.922" intervalms="1650.854" type="nursery" />
<cycle-start id="4512" type="scavenge" contextid="0" timestamp="2020-09-11T12:48:57.922" intervalms="1650.807" />
<gc-start id="4513" type="scavenge" contextid="4512" timestamp="2020-09-11T12:48:57.923">
  <mem-info id="4514" free="853038536" total="2671509504" percent="31">
    <mem type="nursery" free="0" total="939524096" percent="0">
      <mem type="allocate" free="0" total="736755712" percent="0" />
      <mem type="survivor" free="0" total="202768384" percent="0" />
    </mem>
    <mem type="tenure" free="853038536" total="1731985408" percent="49">
      <mem type="soa" free="790165688" total="1645385728" percent="48" />
      <mem type="loa" free="62872848" total="86599680" percent="72" />
    </mem>
    <remembered-set count="192973" />
  </mem-info>
</gc-start>
<allocation-stats totalBytes="605384248" >
  <allocated-bytes non-tlh="28632568" tlh="576751680" />
  <largest-consumer threadName="Group1.Backend.CompositeBackend{Tier1}.7" threadId="000000000088BD00" bytes="88606320" />
</allocation-stats>
<gc-op id="4515" type="scavenge" timems="95.878" contextid="4512" timestamp="2020-09-11T12:48:58.019">
  <scavenger-info tenureage="3" tenuremask="7ff8" tiltratio="78" />
  <memory-copied type="nursery" objects="4600988" bytes="122878720" bytesdiscarded="125912" />
  <memory-copied type="tenure" objects="989692" bytes="26688728" bytesdiscarded="74632" />
  <ownableSynchronizers candidates="3232" cleared="2955" />
  <references type="soft" candidates="163" cleared="0" enqueued="0" dynamicThreshold="16" maxThreshold="32" />
  <references type="weak" candidates="108" cleared="108" enqueued="0" />
</gc-op>
<gc-end id="4516" type="scavenge" contextid="4512" durationms="96.969" usertimems="738.775" systemtimems="0.000" timestamp="2020-09-11T12:48:58.019" activeThreads="8">
  <mem-info id="4517" free="1447622928" total="2671509504" percent="54">
    <mem type="nursery" free="621470416" total="939524096" percent="66">
      <mem type="allocate" free="621470416" total="744554496" percent="83" />
      <mem type="survivor" free="0" total="194969600" percent="0" />
    </mem>
    <mem type="tenure" free="826152512" total="1731985408" percent="47" macro-fragmented="972740">
      <mem type="soa" free="763279664" total="1645385728" percent="46" />
      <mem type="loa" free="62872848" total="86599680" percent="72" />
    </mem>
    <remembered-set count="36305" />
  </mem-info>
</gc-end>
<cycle-end id="4518" type="scavenge" contextid="4512" timestamp="2020-09-11T12:48:58.021" />
<allocation-satisfied id="4519" threadId="000000000089DB00" bytesRequested="16" />
<af-end id="4520" timestamp="2020-09-11T12:48:58.021" threadId="000000000089E480" success="true" from="nursery"/>
<exclusive-end id="4521" timestamp="2020-09-11T12:48:58.021" durationms="99.611" />

<exclusive-start id="4522" timestamp="2020-09-11T12:48:59.811" intervalms="1889.752">
  <response-info timems="0.655" idlems="0.655" threads="0" lastid="0000000000785700" lastname="Group1.Backend.CompositeBackend{Tier1}.2" />
</exclusive-start>
<af-start id="4523" threadId="0000000000786080" totalBytesRequested="16" timestamp="2020-09-11T12:48:59.812" intervalms="1889.721" type="nursery" />
<cycle-start id="4524" type="scavenge" contextid="0" timestamp="2020-09-11T12:48:59.812" intervalms="1889.716" />
<gc-start id="4525" type="scavenge" contextid="4524" timestamp="2020-09-11T12:48:59.812">
  <mem-info id="4526" free="826152512" total="2671509504" percent="30">
    <mem type="nursery" free="0" total="939524096" percent="0">
      <mem type="allocate" free="0" total="744554496" percent="0" />
      <mem type="survivor" free="0" total="194969600" percent="0" />
    </mem>
    <mem type="tenure" free="826152512" total="1731985408" percent="47">
      <mem type="soa" free="763279664" total="1645385728" percent="46" />
      <mem type="loa" free="62872848" total="86599680" percent="72" />
    </mem>
    <remembered-set count="189052" />
  </mem-info>
</gc-start>
<allocation-stats totalBytes="621168008" >
  <allocated-bytes non-tlh="32118728" tlh="589049280" />
  <largest-consumer threadName="Group1.Backend.CompositeBackend{Tier1}.4" threadId="000000000086B500" bytes="81926336" />
</allocation-stats>
<gc-op id="4527" type="scavenge" timems="113.428" contextid="4524" timestamp="2020-09-11T12:48:59.926">
  <scavenger-info tenureage="3" tenuremask="7ff8" tiltratio="79" />
  <memory-copied type="nursery" objects="4634215" bytes="123961360" bytesdiscarded="243352" />
  <memory-copied type="tenure" objects="900156" bytes="24286560" bytesdiscarded="95504" />
  <ownableSynchronizers candidates="3365" cleared="3087" />
  <references type="soft" candidates="208" cleared="0" enqueued="0" dynamicThreshold="16" maxThreshold="32" />
  <references type="weak" candidates="118" cleared="118" enqueued="0" />
</gc-op>
<gc-end id="4528" type="scavenge" contextid="4524" durationms="114.378" usertimems="835.415" systemtimems="0.000" timestamp="2020-09-11T12:48:59.926" activeThreads="8">
  <mem-info id="4529" free="1432856608" total="2671509504" percent="53">
    <mem type="nursery" free="631217544" total="939524096" percent="67">
      <mem type="allocate" free="631217544" total="755499008" percent="83" />
      <mem type="survivor" free="0" total="184025088" percent="0" />
    </mem>
    <mem type="tenure" free="801639064" total="1731985408" percent="46" macro-fragmented="859926">
      <mem type="soa" free="738766216" total="1645385728" percent="44" />
      <mem type="loa" free="62872848" total="86599680" percent="72" />
    </mem>
    <remembered-set count="35485" />
  </mem-info>
</gc-end>
<cycle-end id="4530" type="scavenge" contextid="4524" timestamp="2020-09-11T12:48:59.928" />
<allocation-satisfied id="4531" threadId="0000000000785700" bytesRequested="16" />
<af-end id="4532" timestamp="2020-09-11T12:48:59.928" threadId="0000000000786080" success="true" from="nursery"/>
<exclusive-end id="4533" timestamp="2020-09-11T12:48:59.928" durationms="116.944" />

<exclusive-start id="4534" timestamp="2020-09-11T12:49:01.772" intervalms="1961.001">
  <response-info timems="1.949" idlems="1.949" threads="0" lastid="000000000088EE00" lastname="Group1.Backend.CompositeBackend{Tier1}.5" />
</exclusive-start>
<af-start id="4535" threadId="000000000088F780" totalBytesRequested="56" timestamp="2020-09-11T12:49:01.773" intervalms="1961.292" type="nursery" />
<cycle-start id="4536" type="scavenge" contextid="0" timestamp="2020-09-11T12:49:01.773" intervalms="1961.342" />
<gc-start id="4537" type="scavenge" contextid="4536" timestamp="2020-09-11T12:49:01.774">
  <mem-info id="4538" free="801639064" total="2671509504" percent="30">
    <mem type="nursery" free="0" total="939524096" percent="0">
      <mem type="allocate" free="0" total="755499008" percent="0" />
      <mem type="survivor" free="0" total="184025088" percent="0" />
    </mem>
    <mem type="tenure" free="801639064" total="1731985408" percent="46">
      <mem type="soa" free="738766216" total="1645385728" percent="44" />
      <mem type="loa" free="62872848" total="86599680" percent="72" />
    </mem>
    <remembered-set count="192843" />
  </mem-info>
</gc-start>
<allocation-stats totalBytes="630919464" >
  <allocated-bytes non-tlh="26722656" tlh="604196808" />
  <largest-consumer threadName="Group1.Backend.CompositeBackend{Tier1}.3" threadId="000000000086A900" bytes="78281688" />
</allocation-stats>
<gc-op id="4539" type="scavenge" timems="133.129" contextid="4536" timestamp="2020-09-11T12:49:01.907">
  <scavenger-info tenureage="3" tenuremask="7ff8" tiltratio="80" />
  <memory-copied type="nursery" objects="3790351" bytes="101506960" bytesdiscarded="115528" />
  <memory-copied type="tenure" objects="1675247" bytes="45228168" bytesdiscarded="103608" />
  <ownableSynchronizers candidates="4507" cleared="4170" />
  <references type="soft" candidates="254" cleared="0" enqueued="0" dynamicThreshold="16" maxThreshold="32" />
  <references type="weak" candidates="128" cleared="127" enqueued="0" />
</gc-op>
<gc-end id="4540" type="scavenge" contextid="4536" durationms="134.585" usertimems="991.867" systemtimems="0.000" timestamp="2020-09-11T12:49:01.908" activeThreads="8">
  <mem-info id="4541" free="1419237968" total="2671509504" percent="53">
    <mem type="nursery" free="662842616" total="939524096" percent="70">
      <mem type="allocate" free="662842616" total="764542976" percent="86" />
      <mem type="survivor" free="0" total="174981120" percent="0" />
    </mem>
    <mem type="tenure" free="756395352" total="1731985408" percent="43" macro-fragmented="898451">
      <mem type="soa" free="693522504" total="1645385728" percent="42" />
      <mem type="loa" free="62872848" total="86599680" percent="72" />
    </mem>
    <remembered-set count="29127" />
  </mem-info>
</gc-end>
<cycle-end id="4542" type="scavenge" contextid="4536" timestamp="2020-09-11T12:49:01.911" />
<allocation-satisfied id="4543" threadId="000000000088EE00" bytesRequested="56" />
<af-end id="4544" timestamp="2020-09-11T12:49:01.911" threadId="000000000088F780" success="true" from="nursery"/>
<exclusive-end id="4545" timestamp="2020-09-11T12:49:01.911" durationms="138.962" />

<exclusive-start id="4546" timestamp="2020-09-11T12:49:03.848" intervalms="2075.814">
  <response-info timems="0.330" idlems="0.330" threads="0" lastid="000000000088EE00" lastname="Group1.Backend.CompositeBackend{Tier1}.5" />
</exclusive-start>
<af-start id="4547" threadId="000000000088F780" totalBytesRequested="520" timestamp="2020-09-11T12:49:03.849" intervalms="2075.535" type="nursery" />
<cycle-start id="4548" type="scavenge" contextid="0" timestamp="2020-09-11T12:49:03.849" intervalms="2075.498" />
<gc-start id="4549" type="scavenge" contextid="4548" timestamp="2020-09-11T12:49:03.849">
  <mem-info id="4550" free="756395352" total="2671509504" percent="28">
    <mem type="nursery" free="0" total="939524096" percent="0">
      <mem type="allocate" free="0" total="764542976" percent="0" />
      <mem type="survivor" free="0" total="174981120" percent="0" />
    </mem>
    <mem type="tenure" free="756395352" total="1731985408" percent="43">
      <mem type="soa" free="693522504" total="1645385728" percent="42" />
      <mem type="loa" free="62872848" total="86599680" percent="72" />
    </mem>
    <remembered-set count="192607" />
  </mem-info>
</gc-start>
<allocation-stats totalBytes="662508352" >
  <allocated-bytes non-tlh="28070832" tlh="634437520" />
  <largest-consumer threadName="Group1.Backend.CompositeBackend{Tier1}.6" threadId="000000000089DB00" bytes="99860728" />
</allocation-stats>
<gc-op id="4551" type="scavenge" timems="125.965" contextid="4548" timestamp="2020-09-11T12:49:03.975">
  <scavenger-info tenureage="3" tenuremask="7ff8" tiltratio="81" />
  <memory-copied type="nursery" objects="4120355" bytes="109389528" bytesdiscarded="173696" />
  <memory-copied type="tenure" objects="1008746" bytes="27101288" bytesdiscarded="70216" />
  <ownableSynchronizers candidates="4770" cleared="4441" />
  <references type="soft" candidates="288" cleared="0" enqueued="0" dynamicThreshold="16" maxThreshold="32" />
  <references type="weak" candidates="98" cleared="98" enqueued="0" />
</gc-op>
<gc-end id="4552" type="scavenge" contextid="4548" durationms="126.988" usertimems="944.780" systemtimems="5.533" timestamp="2020-09-11T12:49:03.976" activeThreads="8">
  <mem-info id="4553" free="1392873120" total="2671509504" percent="52">
    <mem type="nursery" free="663611624" total="939524096" percent="70">
      <mem type="allocate" free="663611624" total="773259264" percent="85" />
      <mem type="survivor" free="0" total="166264832" percent="0" />
    </mem>
    <mem type="tenure" free="729261496" total="1731985408" percent="42" macro-fragmented="724042">
      <mem type="soa" free="666388648" total="1645385728" percent="40" />
      <mem type="loa" free="62872848" total="86599680" percent="72" />
    </mem>
    <remembered-set count="29470" />
  </mem-info>
</gc-end>
<cycle-end id="4554" type="scavenge" contextid="4548" timestamp="2020-09-11T12:49:03.977" />
<allocation-satisfied id="4555" threadId="000000000088EE00" bytesRequested="520" />
<af-end id="4556" timestamp="2020-09-11T12:49:03.978" threadId="000000000088F780" success="true" from="nursery"/>
<exclusive-end id="4557" timestamp="2020-09-11T12:49:03.978" durationms="129.633" />

<exclusive-start id="4558" timestamp="2020-09-11T12:49:05.771" intervalms="1922.791">
  <response-info timems="0.524" idlems="0.524" threads="0" lastid="000000000088BD00" lastname="Group1.Backend.CompositeBackend{Tier1}.7" />
</exclusive-start>
<af-start id="4559" threadId="000000000088C680" totalBytesRequested="120" timestamp="2020-09-11T12:49:05.771" intervalms="1922.853" type="nursery" />
<cycle-start id="4560" type="scavenge" contextid="0" timestamp="2020-09-11T12:49:05.772" intervalms="1922.854" />
<gc-start id="4561" type="scavenge" contextid="4560" timestamp="2020-09-11T12:49:05.772">
  <mem-info id="4562" free="729261496" total="2671509504" percent="27">
    <mem type="nursery" free="0" total="939524096" percent="0">
      <mem type="allocate" free="0" total="773259264" percent="0" />
      <mem type="survivor" free="0" total="166264832" percent="0" />
    </mem>
    <mem type="tenure" free="729261496" total="1731985408" percent="42">
      <mem type="soa" free="666388648" total="1645385728" percent="40" />
      <mem type="loa" free="62872848" total="86599680" percent="72" />
    </mem>
    <remembered-set count="186655" />
  </mem-info>
</gc-start>
<allocation-stats totalBytes="663318592" >
  <allocated-bytes non-tlh="35202656" tlh="628115936" />
  <largest-consumer threadName="Group1.Backend.CompositeBackend{Tier1}.7" threadId="000000000088BD00" bytes="86829224" />
</allocation-stats>
<gc-op id="4563" type="scavenge" timems="103.096" contextid="4560" timestamp="2020-09-11T12:49:05.875">
  <scavenger-info tenureage="3" tenuremask="7ff8" tiltratio="82" />
  <memory-copied type="nursery" objects="3890587" bytes="104961864" bytesdiscarded="185704" />
  <memory-copied type="tenure" objects="983612" bytes="26441128" bytesdiscarded="77912" />
  <ownableSynchronizers candidates="2803" cleared="2487" />
  <references type="soft" candidates="285" cleared="0" enqueued="0" dynamicThreshold="16" maxThreshold="32" />
  <references type="weak" candidates="117" cleared="117" enqueued="0" />
</gc-op>
<gc-end id="4564" type="scavenge" contextid="4560" durationms="104.128" usertimems="748.421" systemtimems="0.000" timestamp="2020-09-11T12:49:05.876" activeThreads="8">
  <mem-info id="4565" free="1379526072" total="2671509504" percent="51">
    <mem type="nursery" free="676750584" total="939524096" percent="72">
      <mem type="allocate" free="676750584" total="781975552" percent="86" />
      <mem type="survivor" free="0" total="157548544" percent="0" />
    </mem>
    <mem type="tenure" free="702775488" total="1731985408" percent="40" macro-fragmented="578847">
      <mem type="soa" free="639902640" total="1645385728" percent="38" />
      <mem type="loa" free="62872848" total="86599680" percent="72" />
    </mem>
    <remembered-set count="30012" />
  </mem-info>
</gc-end>
<cycle-end id="4566" type="scavenge" contextid="4560" timestamp="2020-09-11T12:49:05.878" />
<allocation-satisfied id="4567" threadId="000000000088BD00" bytesRequested="120" />
<af-end id="4568" timestamp="2020-09-11T12:49:05.878" threadId="000000000088C680" success="true" from="nursery"/>
<exclusive-end id="4569" timestamp="2020-09-11T12:49:05.878" durationms="107.167" />

<exclusive-start id="4570" timestamp="2020-09-11T12:49:07.872" intervalms="2101.803">
  <response-info timems="1.174" idlems="0.683" threads="1" lastid="000000000088BD00" lastname="Group1.Backend.CompositeBackend{Tier1}.7" />
</exclusive-start>
<af-start id="4571" threadId="000000000089E480" totalBytesRequested="24" timestamp="2020-09-11T12:49:07.874" intervalms="2102.158" type="nursery" />
<cycle-start id="4572" type="scavenge" contextid="0" timestamp="2020-09-11T12:49:07.874" intervalms="2102.297" />
<gc-start id="4573" type="scavenge" contextid="4572" timestamp="2020-09-11T12:49:07.874">
  <mem-info id="4574" free="702775488" total="2671509504" percent="26">
    <mem type="nursery" free="0" total="939524096" percent="0">
      <mem type="allocate" free="0" total="781975552" percent="0" />
      <mem type="survivor" free="0" total="157548544" percent="0" />
    </mem>
    <mem type="tenure" free="702775488" total="1731985408" percent="40">
      <mem type="soa" free="639902640" total="1645385728" percent="38" />
      <mem type="loa" free="62872848" total="86599680" percent="72" />
    </mem>
    <remembered-set count="192988" />
  </mem-info>
</gc-start>
<allocation-stats totalBytes="676407760" >
  <allocated-bytes non-tlh="30418488" tlh="645989272" />
  <largest-consumer threadName="Group1.Backend.CompositeBackend{Tier1}.7" threadId="000000000088BD00" bytes="93160288" />
</allocation-stats>
<gc-op id="4575" type="scavenge" timems="105.646" contextid="4572" timestamp="2020-09-11T12:49:07.980">
  <scavenger-info tenureage="3" tenuremask="7ff8" tiltratio="83" />
  <memory-copied type="nursery" objects="4212573" bytes="112475672" bytesdiscarded="175672" />
  <memory-copied type="tenure" objects="1014895" bytes="27279432" bytesdiscarded="72232" />
  <ownableSynchronizers candidates="3829" cleared="3495" />
  <references type="soft" candidates="259" cleared="0" enqueued="0" dynamicThreshold="16" maxThreshold="32" />
  <references type="weak" candidates="108" cleared="108" enqueued="0" />
</gc-op>
<gc-end id="4576" type="scavenge" contextid="4572" durationms="106.660" usertimems="829.895" systemtimems="0.000" timestamp="2020-09-11T12:49:07.981" activeThreads="8">
  <mem-info id="4577" free="1349284792" total="2671509504" percent="50">
    <mem type="nursery" free="673892328" total="939524096" percent="71">
      <mem type="allocate" free="673892328" total="786628608" percent="85" />
      <mem type="survivor" free="0" total="152895488" percent="0" />
    </mem>
    <mem type="tenure" free="675392464" total="1731985408" percent="38" macro-fragmented="784706">
      <mem type="soa" free="612519616" total="1645385728" percent="37" />
      <mem type="loa" free="62872848" total="86599680" percent="72" />
    </mem>
    <remembered-set count="30815" />
  </mem-info>
</gc-end>
<cycle-end id="4578" type="scavenge" contextid="4572" timestamp="2020-09-11T12:49:07.982" />
<allocation-satisfied id="4579" threadId="000000000089DB00" bytesRequested="24" />
<af-end id="4580" timestamp="2020-09-11T12:49:07.982" threadId="000000000089E480" success="true" from="nursery"/>
<exclusive-end id="4581" timestamp="2020-09-11T12:49:07.982" durationms="110.005" />

<exclusive-start id="4582" timestamp="2020-09-11T12:49:09.835" intervalms="1962.792">
  <response-info timems="0.841" idlems="0.841" threads="0" lastid="000000000088BD00" lastname="Group1.Backend.CompositeBackend{Tier1}.7" />
</exclusive-start>
<af-start id="4583" threadId="000000000088C680" totalBytesRequested="32" timestamp="2020-09-11T12:49:09.836" intervalms="1962.522" type="nursery" />
<cycle-start id="4584" type="scavenge" contextid="0" timestamp="2020-09-11T12:49:09.836" intervalms="1962.451" />
<gc-start id="4585" type="scavenge" contextid="4584" timestamp="2020-09-11T12:49:09.837">
  <mem-info id="4586" free="675392464" total="2671509504" percent="25">
    <mem type="nursery" free="0" total="939524096" percent="0">
      <mem type="allocate" free="0" total="786628608" percent="0" />
      <mem type="survivor" free="0" total="152895488" percent="0" />
    </mem>
    <mem type="tenure" free="675392464" total="1731985408" percent="38">
      <mem type="soa" free="612519616" total="1645385728" percent="37" />
      <mem type="loa" free="62872848" total="86599680" percent="72" />
    </mem>
    <remembered-set count="188614" />
  </mem-info>
</gc-start>
<allocation-stats totalBytes="673576296" >
  <allocated-bytes non-tlh="37563360" tlh="636012936" />
  <largest-consumer threadName="Group1.Backend.CompositeBackend{Tier1}.3" threadId="000000000086A900" bytes="93756744" />
</allocation-stats>
<gc-op id="4587" type="scavenge" timems="113.585" contextid="4584" timestamp="2020-09-11T12:49:09.950">
  <scavenger-info tenureage="3" tenuremask="7ff8" tiltratio="83" />
  <memory-copied type="nursery" objects="3904580" bytes="105306448" bytesdiscarded="146008" />
  <memory-copied type="tenure" objects="1106565" bytes="29724560" bytesdiscarded="80792" />
  <ownableSynchronizers candidates="3374" cleared="3085" />
  <references type="soft" candidates="222" cleared="0" enqueued="0" dynamicThreshold="16" maxThreshold="32" />
  <references type="weak" candidates="132" cleared="132" enqueued="0" />
</gc-op>
<gc-end id="4588" type="scavenge" contextid="4584" durationms="114.835" usertimems="884.539" systemtimems="0.334" timestamp="2020-09-11T12:49:09.951" activeThreads="8">
  <mem-info id="4589" free="1332053600" total="2671509504" percent="49">
    <mem type="nursery" free="686470392" total="939524096" percent="73">
      <mem type="allocate" free="686470392" total="792002560" percent="86" />
      <mem type="survivor" free="0" total="147521536" percent="0" />
    </mem>
    <mem type="tenure" free="645583208" total="1731985408" percent="37" macro-fragmented="683286">
      <mem type="soa" free="582710360" total="1645385728" percent="35" />
      <mem type="loa" free="62872848" total="86599680" percent="72" />
    </mem>
    <remembered-set count="29085" />
  </mem-info>
</gc-end>
<cycle-end id="4590" type="scavenge" contextid="4584" timestamp="2020-09-11T12:49:09.953" />
<allocation-satisfied id="4591" threadId="000000000088BD00" bytesRequested="32" />
<af-end id="4592" timestamp="2020-09-11T12:49:09.953" threadId="000000000088C680" success="true" from="nursery"/>
<exclusive-end id="4593" timestamp="2020-09-11T12:49:09.953" durationms="117.855" />

<exclusive-start id="4594" timestamp="2020-09-11T12:49:11.954" intervalms="2118.545">
  <response-info timems="0.548" idlems="0.548" threads="0" lastid="000000000088EE00" lastname="Group1.Backend.CompositeBackend{Tier1}.5" />
</exclusive-start>
<af-start id="4595" threadId="000000000088F780" totalBytesRequested="24" timestamp="2020-09-11T12:49:11.955" intervalms="2118.585" type="nursery" />
<cycle-start id="4596" type="scavenge" contextid="0" timestamp="2020-09-11T12:49:11.955" intervalms="2118.557" />
<gc-start id="4597" type="scavenge" contextid="4596" timestamp="2020-09-11T12:49:11.955">
  <mem-info id="4598" free="645583208" total="2671509504" percent="24">
    <mem type="nursery" free="0" total="939524096" percent="0">
      <mem type="allocate" free="0" total="792002560" percent="0" />
      <mem type="survivor" free="0" total="147521536" percent="0" />
    </mem>
    <mem type="tenure" free="645583208" total="1731985408" percent="37">
      <mem type="soa" free="582710360" total="1645385728" percent="35" />
      <mem type="loa" free="62872848" total="86599680" percent="72" />
    </mem>
    <remembered-set count="193271" />
  </mem-info>
</gc-start>
<allocation-stats totalBytes="686134656" >
  <allocated-bytes non-tlh="27877240" tlh="658257416" />
  <largest-consumer threadName="Group1.Backend.CompositeBackend{Tier1}.2" threadId="0000000000785700" bytes="108914264" />
</allocation-stats>
<gc-op id="4599" type="scavenge" timems="107.738" contextid="4596" timestamp="2020-09-11T12:49:12.063">
  <scavenger-info tenureage="3" tenuremask="7ff8" tiltratio="84" />
  <memory-copied type="nursery" objects="4039413" bytes="108430704" bytesdiscarded="187464" />
  <memory-copied type="tenure" objects="1032838" bytes="28274904" bytesdiscarded="90656" />
  <ownableSynchronizers candidates="4429" cleared="4151" />
  <references type="soft" candidates="254" cleared="0" enqueued="0" dynamicThreshold="16" maxThreshold="32" />
  <references type="weak" candidates="103" cleared="102" enqueued="0" />
</gc-op>
<gc-end id="4600" type="scavenge" contextid="4596" durationms="109.294" usertimems="827.766" systemtimems="0.000" timestamp="2020-09-11T12:49:12.064" activeThreads="8">
  <mem-info id="4601" free="1305037456" total="2671509504" percent="48">
    <mem type="nursery" free="687817216" total="939524096" percent="73">
      <mem type="allocate" free="687817216" total="796524544" percent="86" />
      <mem type="survivor" free="0" total="142999552" percent="0" />
    </mem>
    <mem type="tenure" free="617220240" total="1731985408" percent="35" macro-fragmented="244350819">
      <mem type="soa" free="554347392" total="1645385728" percent="33" />
      <mem type="loa" free="62872848" total="86599680" percent="72" />
    </mem>
    <remembered-set count="30154" />
  </mem-info>
</gc-end>
<cycle-end id="4602" type="scavenge" contextid="4596" timestamp="2020-09-11T12:49:12.066" />
<allocation-satisfied id="4603" threadId="000000000088EE00" bytesRequested="24" />
<af-end id="4604" timestamp="2020-09-11T12:49:12.067" threadId="000000000088F780" success="true" from="nursery"/>
<exclusive-end id="4605" timestamp="2020-09-11T12:49:12.067" durationms="112.721" />

<exclusive-start id="4606" timestamp="2020-09-11T12:49:14.024" intervalms="2069.856">
  <response-info timems="5.983" idlems="5.983" threads="0" lastid="000000000086A900" lastname="Group1.Backend.CompositeBackend{Tier1}.3" />
</exclusive-start>
<af-start id="4607" threadId="000000000086B280" totalBytesRequested="48" timestamp="2020-09-11T12:49:14.025" intervalms="2070.153" type="nursery" />
<cycle-start id="4608" type="scavenge" contextid="0" timestamp="2020-09-11T12:49:14.025" intervalms="2070.161" />
<gc-start id="4609" type="scavenge" contextid="4608" timestamp="2020-09-11T12:49:14.025">
  <mem-info id="4610" free="617220240" total="2671509504" percent="23">
    <mem type="nursery" free="0" total="939524096" percent="0">
      <mem type="allocate" free="0" total="796524544" percent="0" />
      <mem type="survivor" free="0" total="142999552" percent="0" />
    </mem>
    <mem type="tenure" free="617220240" total="1731985408" percent="35">
      <mem type="soa" free="554347392" total="1645385728" percent="33" />
      <mem type="loa" free="62872848" total="86599680" percent="72" />
    </mem>
    <remembered-set count="192021" />
  </mem-info>
</gc-start>
<allocation-stats totalBytes="687490944" >
  <allocated-bytes non-tlh="34780336" tlh="652710608" />
  <largest-consumer threadName="Group1.Backend.CompositeBackend{Tier1}.2" threadId="0000000000785700" bytes="102791600" />
</allocation-stats>
<gc-op id="4611" type="scavenge" timems="110.537" contextid="4608" timestamp="2020-09-11T12:49:14.136">
  <scavenger-info tenureage="3" tenuremask="7ff8" tiltratio="84" />
  <memory-copied type="nursery" objects="4369594" bytes="116259728" bytesdiscarded="165656" />
  <memory-copied type="tenure" objects="1108423" bytes="29775904" bytesdiscarded="111984" />
  <ownableSynchronizers candidates="3536" cleared="3243" />
  <references type="soft" candidates="254" cleared="0" enqueued="0" dynamicThreshold="16" maxThreshold="32" />
  <references type="weak" candidates="114" cleared="112" enqueued="0" />
</gc-op>
<gc-end id="4612" type="scavenge" contextid="4608" durationms="111.674" usertimems="818.455" systemtimems="0.000" timestamp="2020-09-11T12:49:14.137" activeThreads="8">
  <mem-info id="4613" free="1270344968" total="2671509504" percent="47">
    <mem type="nursery" free="683222592" total="939524096" percent="72">
      <mem type="allocate" free="683222592" total="799735808" percent="85" />
      <mem type="survivor" free="0" total="139788288" percent="0" />
    </mem>
    <mem type="tenure" free="587122376" total="1731985408" percent="33" macro-fragmented="664393">
      <mem type="soa" free="524249528" total="1645385728" percent="31" />
      <mem type="loa" free="62872848" total="86599680" percent="72" />
    </mem>
    <remembered-set count="29024" />
  </mem-info>
</gc-end>
<cycle-end id="4614" type="scavenge" contextid="4608" timestamp="2020-09-11T12:49:14.139" />
<allocation-satisfied id="4615" threadId="000000000086A900" bytesRequested="48" />
<af-end id="4616" timestamp="2020-09-11T12:49:14.139" threadId="000000000086B280" success="true" from="nursery"/>
<exclusive-end id="4617" timestamp="2020-09-11T12:49:14.139" durationms="115.197" />

<exclusive-start id="4618" timestamp="2020-09-11T12:49:16.141" intervalms="2117.311">
  <response-info timems="0.325" idlems="0.325" threads="0" lastid="000000000088EE00" lastname="Group1.Backend.CompositeBackend{Tier1}.5" />
</exclusive-start>
<af-start id="4619" threadId="000000000088F780" totalBytesRequested="32" timestamp="2020-09-11T12:49:16.142" intervalms="2116.689" type="nursery" />
<cycle-start id="4620" type="scavenge" contextid="0" timestamp="2020-09-11T12:49:16.142" intervalms="2116.629" />
<gc-start id="4621" type="scavenge" contextid="4620" timestamp="2020-09-11T12:49:16.142">
  <mem-info id="4622" free="587122376" total="2671509504" percent="21">
    <mem type="nursery" free="0" total="939524096" percent="0">
      <mem type="allocate" free="0" total="799735808" percent="0" />
      <mem type="survivor" free="0" total="139788288" percent="0" />
    </mem>
    <mem type="tenure" free="587122376" total="1731985408" percent="33">
      <mem type="soa" free="524249528" total="1645385728" percent="31" />
      <mem type="loa" free="62872848" total="86599680" percent="72" />
    </mem>
    <remembered-set count="193407" />
  </mem-info>
</gc-start>
<allocation-stats totalBytes="682871568" >
  <allocated-bytes non-tlh="28190680" tlh="654680888" />
  <largest-consumer threadName="Group1.Backend.CompositeBackend{Tier1}.5" threadId="000000000088EE00" bytes="137476912" />
</allocation-stats>
<gc-op id="4623" type="scavenge" timems="104.349" contextid="4620" timestamp="2020-09-11T12:49:16.246">
  <scavenger-info tenureage="3" tenuremask="7ff8" tiltratio="85" />
  <memory-copied type="nursery" objects="4130608" bytes="110782072" bytesdiscarded="149880" />
  <memory-copied type="tenure" objects="1018163" bytes="27372912" bytesdiscarded="78592" />
  <ownableSynchronizers candidates="4128" cleared="3830" />
  <references type="soft" candidates="280" cleared="0" enqueued="0" dynamicThreshold="16" maxThreshold="32" />
  <references type="weak" candidates="123" cleared="122" enqueued="0" />
</gc-op>
<gc-end id="4624" type="scavenge" contextid="4620" durationms="105.322" usertimems="750.331" systemtimems="0.000" timestamp="2020-09-11T12:49:16.247" activeThreads="8">
  <mem-info id="4625" free="1250468784" total="2671509504" percent="46">
    <mem type="nursery" free="690623488" total="939524096" percent="73">
      <mem type="allocate" free="690623488" total="801636352" percent="86" />
      <mem type="survivor" free="0" total="137887744" percent="0" />
    </mem>
    <mem type="tenure" free="559845296" total="1731985408" percent="32" macro-fragmented="118030655">
      <mem type="soa" free="496972448" total="1645385728" percent="30" />
      <mem type="loa" free="62872848" total="86599680" percent="72" />
    </mem>
    <remembered-set count="29393" />
  </mem-info>
</gc-end>
<cycle-end id="4626" type="scavenge" contextid="4620" timestamp="2020-09-11T12:49:16.249" />
<allocation-satisfied id="4627" threadId="000000000088EE00" bytesRequested="32" />
<af-end id="4628" timestamp="2020-09-11T12:49:16.249" threadId="000000000088F780" success="true" from="nursery"/>
<exclusive-end id="4629" timestamp="2020-09-11T12:49:16.249" durationms="107.769" />

<exclusive-start id="4630" timestamp="2020-09-11T12:49:18.162" intervalms="2021.431">
  <response-info timems="2.153" idlems="2.153" threads="0" lastid="0000000000785700" lastname="Group1.Backend.CompositeBackend{Tier1}.2" />
</exclusive-start>
<af-start id="4631" threadId="0000000000786080" totalBytesRequested="213976" timestamp="2020-09-11T12:49:18.163" intervalms="2021.477" type="nursery" />
<cycle-start id="4632" type="scavenge" contextid="0" timestamp="2020-09-11T12:49:18.163" intervalms="2021.479" />
<gc-start id="4633" type="scavenge" contextid="4632" timestamp="2020-09-11T12:49:18.164">
  <mem-info id="4634" free="559845296" total="2671509504" percent="20">
    <mem type="nursery" free="0" total="939524096" percent="0">
      <mem type="allocate" free="0" total="801636352" percent="0" />
      <mem type="survivor" free="0" total="137887744" percent="0" />
    </mem>
    <mem type="tenure" free="559845296" total="1731985408" percent="32">
      <mem type="soa" free="496972448" total="1645385728" percent="30" />
      <mem type="loa" free="62872848" total="86599680" percent="72" />
    </mem>
    <remembered-set count="189577" />
  </mem-info>
</gc-start>
<allocation-stats totalBytes="690293480" >
  <allocated-bytes non-tlh="38043520" tlh="652249960" />
  <largest-consumer threadName="Group1.Backend.CompositeBackend{Tier1}.5" threadId="000000000088EE00" bytes="105470672" />
</allocation-stats>
<gc-op id="4635" type="scavenge" timems="114.557" contextid="4632" timestamp="2020-09-11T12:49:18.278">
  <scavenger-info tenureage="3" tenuremask="7ff8" tiltratio="85" />
  <memory-copied type="nursery" objects="4171329" bytes="111660480" bytesdiscarded="138944" />
  <memory-copied type="tenure" objects="1120610" bytes="30145312" bytesdiscarded="77072" />
  <ownableSynchronizers candidates="4236" cleared="3900" />
  <references type="soft" candidates="280" cleared="0" enqueued="0" dynamicThreshold="16" maxThreshold="32" />
  <references type="weak" candidates="114" cleared="114" enqueued="0" />
</gc-op>
<gc-end id="4636" type="scavenge" contextid="4632" durationms="115.434" usertimems="864.615" systemtimems="0.000" timestamp="2020-09-11T12:49:18.279" activeThreads="8">
  <mem-info id="4637" free="1221753568" total="2671509504" percent="45">
    <mem type="nursery" free="692118264" total="939524096" percent="73">
      <mem type="allocate" free="692118264" total="803995648" percent="86" />
      <mem type="survivor" free="0" total="135528448" percent="0" />
    </mem>
    <mem type="tenure" free="529635304" total="1731985408" percent="30" macro-fragmented="62542858">
      <mem type="soa" free="466762456" total="1645385728" percent="28" />
      <mem type="loa" free="62872848" total="86599680" percent="72" />
    </mem>
    <remembered-set count="30786" />
  </mem-info>
</gc-end>
<cycle-end id="4638" type="scavenge" contextid="4632" timestamp="2020-09-11T12:49:18.280" />
<allocation-satisfied id="4639" threadId="0000000000785700" bytesRequested="213976" />
<af-end id="4640" timestamp="2020-09-11T12:49:18.280" threadId="0000000000786080" success="true" from="nursery"/>
<exclusive-end id="4641" timestamp="2020-09-11T12:49:18.280" durationms="117.909" />

<exclusive-start id="4642" timestamp="2020-09-11T12:49:20.195" intervalms="2032.958">
  <response-info timems="0.668" idlems="0.668" threads="0" lastid="000000000086B500" lastname="Group1.Backend.CompositeBackend{Tier1}.4" />
</exclusive-start>
<af-start id="4643" threadId="000000000086BE80" totalBytesRequested="1032" timestamp="2020-09-11T12:49:20.196" intervalms="2033.205" type="nursery" />
<cycle-start id="4644" type="scavenge" contextid="0" timestamp="2020-09-11T12:49:20.196" intervalms="2033.287" />
<gc-start id="4645" type="scavenge" contextid="4644" timestamp="2020-09-11T12:49:20.197">
  <mem-info id="4646" free="529635304" total="2671509504" percent="19">
    <mem type="nursery" free="0" total="939524096" percent="0">
      <mem type="allocate" free="0" total="803995648" percent="0" />
      <mem type="survivor" free="0" total="135528448" percent="0" />
    </mem>
    <mem type="tenure" free="529635304" total="1731985408" percent="30">
      <mem type="soa" free="466762456" total="1645385728" percent="28" />
      <mem type="loa" free="62872848" total="86599680" percent="72" />
    </mem>
    <remembered-set count="192294" />
  </mem-info>
</gc-start>
<allocation-stats totalBytes="691789640" >
  <allocated-bytes non-tlh="36017800" tlh="655771840" />
  <largest-consumer threadName="Group1.Backend.CompositeBackend{Tier1}.5" threadId="000000000088EE00" bytes="99623944" />
</allocation-stats>
<gc-op id="4647" type="scavenge" timems="99.634" contextid="4644" timestamp="2020-09-11T12:49:20.297">
  <scavenger-info tenureage="3" tenuremask="7ff8" tiltratio="85" />
  <memory-copied type="nursery" objects="4051608" bytes="108594816" bytesdiscarded="156768" />
  <memory-copied type="tenure" objects="1098964" bytes="29536784" bytesdiscarded="96024" />
  <ownableSynchronizers candidates="4629" cleared="4300" />
  <references type="soft" candidates="282" cleared="0" enqueued="0" dynamicThreshold="16" maxThreshold="32" />
  <references type="weak" candidates="129" cleared="128" enqueued="0" />
</gc-op>
<gc-end id="4648" type="scavenge" contextid="4644" durationms="100.645" usertimems="761.075" systemtimems="0.000" timestamp="2020-09-11T12:49:20.297" activeThreads="8">
  <mem-info id="4649" free="1197220000" total="2671509504" percent="44">
    <mem type="nursery" free="697261056" total="939524096" percent="74">
      <mem type="allocate" free="697261056" total="806092800" percent="86" />
      <mem type="survivor" free="0" total="133431296" percent="0" />
    </mem>
    <mem type="tenure" free="499958944" total="1731985408" percent="28" macro-fragmented="12816494">
      <mem type="soa" free="437086096" total="1645385728" percent="26" />
      <mem type="loa" free="62872848" total="86599680" percent="72" />
    </mem>
    <remembered-set count="30789" />
  </mem-info>
</gc-end>
<cycle-end id="4650" type="scavenge" contextid="4644" timestamp="2020-09-11T12:49:20.299" />
<allocation-satisfied id="4651" threadId="000000000086B500" bytesRequested="1032" />
<af-end id="4652" timestamp="2020-09-11T12:49:20.299" threadId="000000000086BE80" success="true" from="nursery"/>
<exclusive-end id="4653" timestamp="2020-09-11T12:49:20.299" durationms="104.002" />

<exclusive-start id="4654" timestamp="2020-09-11T12:49:22.406" intervalms="2210.951">
  <response-info timems="4.840" idlems="4.840" threads="0" lastid="00000000007ED300" lastname="Group1.TxInjector.CompositeTxInjector.I.driver.probe.1.quartz" />
</exclusive-start>
<af-start id="4655" threadId="00000000007EDC80" totalBytesRequested="16" timestamp="2020-09-11T12:49:22.408" intervalms="2211.335" type="nursery" />
<cycle-start id="4656" type="scavenge" contextid="0" timestamp="2020-09-11T12:49:22.408" intervalms="2211.305" />
<gc-start id="4657" type="scavenge" contextid="4656" timestamp="2020-09-11T12:49:22.408">
  <mem-info id="4658" free="499958944" total="2671509504" percent="18">
    <mem type="nursery" free="0" total="939524096" percent="0">
      <mem type="allocate" free="0" total="806092800" percent="0" />
      <mem type="survivor" free="0" total="133431296" percent="0" />
    </mem>
    <mem type="tenure" free="499958944" total="1731985408" percent="28">
      <mem type="soa" free="437086096" total="1645385728" percent="26" />
      <mem type="loa" free="62872848" total="86599680" percent="72" />
    </mem>
    <remembered-set count="196993" />
  </mem-info>
</gc-start>
<allocation-stats totalBytes="696928904" >
  <allocated-bytes non-tlh="28293992" tlh="668634912" />
  <largest-consumer threadName="Group1.Backend.CompositeBackend{Tier1}.3" threadId="000000000086A900" bytes="103278120" />
</allocation-stats>
<gc-op id="4659" type="scavenge" timems="123.812" contextid="4656" timestamp="2020-09-11T12:49:22.532">
  <scavenger-info tenureage="3" tenuremask="7ff8" tiltratio="85" />
  <memory-copied type="nursery" objects="4093134" bytes="109682248" bytesdiscarded="151720" />
  <memory-copied type="tenure" objects="1085720" bytes="29189960" bytesdiscarded="113576" />
  <ownableSynchronizers candidates="4932" cleared="4571" />
  <references type="soft" candidates="287" cleared="0" enqueued="0" dynamicThreshold="16" maxThreshold="32" />
  <references type="weak" candidates="118" cleared="118" enqueued="0" />
</gc-op>
<gc-end id="4660" type="scavenge" contextid="4656" durationms="125.236" usertimems="909.000" systemtimems="0.000" timestamp="2020-09-11T12:49:22.533" activeThreads="8">
  <mem-info id="4661" free="1168730624" total="2671509504" percent="43">
    <mem type="nursery" free="698005504" total="939524096" percent="74">
      <mem type="allocate" free="698005504" total="807927808" percent="86" />
      <mem type="survivor" free="0" total="131596288" percent="0" />
    </mem>
    <mem type="tenure" free="470725120" total="1731985408" percent="27" macro-fragmented="568150">
      <mem type="soa" free="407852272" total="1645385728" percent="24" />
      <mem type="loa" free="62872848" total="86599680" percent="72" />
    </mem>
    <remembered-set count="31430" />
  </mem-info>
</gc-end>
<cycle-end id="4662" type="scavenge" contextid="4656" timestamp="2020-09-11T12:49:22.534" />
<allocation-satisfied id="4663" threadId="00000000007ED300" bytesRequested="16" />
<af-end id="4664" timestamp="2020-09-11T12:49:22.534" threadId="00000000007EDC80" success="true" from="nursery"/>
<exclusive-end id="4665" timestamp="2020-09-11T12:49:22.534" durationms="128.165" />

<exclusive-start id="4666" timestamp="2020-09-11T12:49:24.441" intervalms="2034.704">
  <response-info timems="2.323" idlems="2.311" threads="1" lastid="000000000086B500" lastname="Group1.Backend.CompositeBackend{Tier1}.4" />
</exclusive-start>
<af-start id="4667" threadId="0000000000786080" totalBytesRequested="16" timestamp="2020-09-11T12:49:24.442" intervalms="2034.177" type="nursery" />
<cycle-start id="4668" type="scavenge" contextid="0" timestamp="2020-09-11T12:49:24.442" intervalms="2034.147" />
<gc-start id="4669" type="scavenge" contextid="4668" timestamp="2020-09-11T12:49:24.442">
  <mem-info id="4670" free="470725120" total="2671509504" percent="17">
    <mem type="nursery" free="0" total="939524096" percent="0">
      <mem type="allocate" free="0" total="807927808" percent="0" />
      <mem type="survivor" free="0" total="131596288" percent="0" />
    </mem>
    <mem type="tenure" free="470725120" total="1731985408" percent="27">
      <mem type="soa" free="407852272" total="1645385728" percent="24" />
      <mem type="loa" free="62872848" total="86599680" percent="72" />
    </mem>
    <remembered-set count="194385" />
  </mem-info>
</gc-start>
<allocation-stats totalBytes="697671232" >
  <allocated-bytes non-tlh="36554928" tlh="661116304" />
  <largest-consumer threadName="Group1.Backend.CompositeBackend{Tier1}.2" threadId="0000000000785700" bytes="100402776" />
</allocation-stats>
<gc-op id="4671" type="scavenge" timems="121.567" contextid="4668" timestamp="2020-09-11T12:49:24.564">
  <scavenger-info tenureage="3" tenuremask="7ff8" tiltratio="85" />
  <memory-copied type="nursery" objects="4274389" bytes="114198304" bytesdiscarded="164904" />
  <memory-copied type="tenure" objects="1052838" bytes="28280056" bytesdiscarded="107352" />
  <ownableSynchronizers candidates="3577" cleared="3225" />
  <references type="soft" candidates="262" cleared="0" enqueued="0" dynamicThreshold="16" maxThreshold="32" />
  <references type="weak" candidates="123" cleared="123" enqueued="0" />
</gc-op>
<gc-end id="4672" type="scavenge" contextid="4668" durationms="122.714" usertimems="920.774" systemtimems="0.537" timestamp="2020-09-11T12:49:24.565" activeThreads="8">
  <mem-info id="4673" free="1134669128" total="2671509504" percent="42">
    <mem type="nursery" free="692364528" total="939524096" percent="73">
      <mem type="allocate" free="692364528" total="806813696" percent="85" />
      <mem type="survivor" free="0" total="132710400" percent="0" />
    </mem>
    <mem type="tenure" free="442304600" total="1731985408" percent="25" macro-fragmented="660352">
      <mem type="soa" free="379431752" total="1645385728" percent="23" />
      <mem type="loa" free="62872848" total="86599680" percent="72" />
    </mem>
    <remembered-set count="31508" />
  </mem-info>
</gc-end>
<cycle-end id="4674" type="scavenge" contextid="4668" timestamp="2020-09-11T12:49:24.567" />
<allocation-satisfied id="4675" threadId="0000000000785700" bytesRequested="16" />
<af-end id="4676" timestamp="2020-09-11T12:49:24.567" threadId="0000000000786080" success="true" from="nursery"/>
<exclusive-end id="4677" timestamp="2020-09-11T12:49:24.567" durationms="125.652" />

<exclusive-start id="4678" timestamp="2020-09-11T12:49:26.630" intervalms="2188.800">
  <response-info timems="12.050" idlems="12.050" threads="0" lastid="000000000089DB00" lastname="Group1.Backend.CompositeBackend{Tier1}.6" />
</exclusive-start>
<af-start id="4679" threadId="000000000089E480" totalBytesRequested="16" timestamp="2020-09-11T12:49:26.631" intervalms="2189.029" type="nursery" />
<cycle-start id="4680" type="scavenge" contextid="0" timestamp="2020-09-11T12:49:26.631" intervalms="2189.097" />
<gc-start id="4681" type="scavenge" contextid="4680" timestamp="2020-09-11T12:49:26.631">
  <mem-info id="4682" free="442304600" total="2671509504" percent="16">
    <mem type="nursery" free="0" total="939524096" percent="0">
      <mem type="allocate" free="0" total="806813696" percent="0" />
      <mem type="survivor" free="0" total="132710400" percent="0" />
    </mem>
    <mem type="tenure" free="442304600" total="1731985408" percent="25">
      <mem type="soa" free="379431752" total="1645385728" percent="23" />
      <mem type="loa" free="62872848" total="86599680" percent="72" />
    </mem>
    <remembered-set count="196214" />
  </mem-info>
</gc-start>
<allocation-stats totalBytes="692033856" >
  <allocated-bytes non-tlh="31890312" tlh="660143544" />
  <largest-consumer threadName="Group1.Backend.CompositeBackend{Tier1}.4" threadId="000000000086B500" bytes="102123208" />
</allocation-stats>
<gc-op id="4683" type="scavenge" timems="167.145" contextid="4680" timestamp="2020-09-11T12:49:26.799">
  <scavenger-info tenureage="3" tenuremask="7ff8" tiltratio="85" />
  <memory-copied type="nursery" objects="4323121" bytes="114975280" bytesdiscarded="210856" />
  <memory-copied type="tenure" objects="1048909" bytes="28196080" bytesdiscarded="94008" />
  <ownableSynchronizers candidates="4372" cleared="4031" />
  <references type="soft" candidates="270" cleared="0" enqueued="0" dynamicThreshold="16" maxThreshold="32" />
  <references type="weak" candidates="103" cleared="101" enqueued="0" />
</gc-op>
<gc-end id="4684" type="scavenge" contextid="4680" durationms="169.034" usertimems="1159.514" systemtimems="11.626" timestamp="2020-09-11T12:49:26.800" activeThreads="8">
  <mem-info id="4685" free="1108097128" total="2671509504" percent="41">
    <mem type="nursery" free="693969144" total="939524096" percent="73">
      <mem type="allocate" free="693969144" total="809238528" percent="85" />
      <mem type="survivor" free="0" total="130285568" percent="0" />
    </mem>
    <mem type="tenure" free="414127984" total="1731985408" percent="23" macro-fragmented="521963">
      <mem type="soa" free="351255136" total="1645385728" percent="21" />
      <mem type="loa" free="62872848" total="86599680" percent="72" />
    </mem>
    <remembered-set count="32944" />
  </mem-info>
</gc-end>
<cycle-end id="4686" type="scavenge" contextid="4680" timestamp="2020-09-11T12:49:26.803" />
<allocation-satisfied id="4687" threadId="000000000089DB00" bytesRequested="16" />
<af-end id="4688" timestamp="2020-09-11T12:49:26.803" threadId="000000000089E480" success="true" from="nursery"/>
<exclusive-end id="4689" timestamp="2020-09-11T12:49:26.803" durationms="173.277" />

<exclusive-start id="4690" timestamp="2020-09-11T12:49:28.781" intervalms="2151.499">
  <response-info timems="0.873" idlems="0.873" threads="0" lastid="0000000000785700" lastname="Group1.Backend.CompositeBackend{Tier1}.2" />
</exclusive-start>
<af-start id="4691" threadId="0000000000786080" totalBytesRequested="32" timestamp="2020-09-11T12:49:28.782" intervalms="2151.444" type="nursery" />
<cycle-start id="4692" type="scavenge" contextid="0" timestamp="2020-09-11T12:49:28.782" intervalms="2151.374" />
<gc-start id="4693" type="scavenge" contextid="4692" timestamp="2020-09-11T12:49:28.783">
  <mem-info id="4694" free="414127984" total="2671509504" percent="15">
    <mem type="nursery" free="0" total="939524096" percent="0">
      <mem type="allocate" free="0" total="809238528" percent="0" />
      <mem type="survivor" free="0" total="130285568" percent="0" />
    </mem>
    <mem type="tenure" free="414127984" total="1731985408" percent="23">
      <mem type="soa" free="351255136" total="1645385728" percent="21" />
      <mem type="loa" free="62872848" total="86599680" percent="72" />
    </mem>
    <remembered-set count="198699" />
  </mem-info>
</gc-start>
<allocation-stats totalBytes="693631616" >
  <allocated-bytes non-tlh="28049264" tlh="665582352" />
  <largest-consumer threadName="Group1.Backend.CompositeBackend{Tier1}.4" threadId="000000000086B500" bytes="96151696" />
</allocation-stats>
<gc-op id="4695" type="scavenge" timems="152.535" contextid="4692" timestamp="2020-09-11T12:49:28.935">
  <scavenger-info tenureage="3" tenuremask="7ff8" tiltratio="86" />
  <memory-copied type="nursery" objects="4405996" bytes="116946144" bytesdiscarded="211304" />
  <memory-copied type="tenure" objects="1141536" bytes="30687304" bytesdiscarded="101888" />
  <ownableSynchronizers candidates="3750" cleared="3426" />
  <references type="soft" candidates="253" cleared="0" enqueued="0" dynamicThreshold="16" maxThreshold="32" />
  <references type="weak" candidates="108" cleared="107" enqueued="0" />
</gc-op>
<gc-end id="4696" type="scavenge" contextid="4692" durationms="154.755" usertimems="1078.307" systemtimems="2.062" timestamp="2020-09-11T12:49:28.937" activeThreads="8">
  <mem-info id="4697" free="1072976752" total="2671509504" percent="40">
    <mem type="nursery" free="689636280" total="939524096" percent="73">
      <mem type="allocate" free="689636280" total="806879232" percent="85" />
      <mem type="survivor" free="0" total="132644864" percent="0" />
    </mem>
    <mem type="tenure" free="383340472" total="1731985408" percent="22" macro-fragmented="350934">
      <mem type="soa" free="320467624" total="1645385728" percent="19" />
      <mem type="loa" free="62872848" total="86599680" percent="72" />
    </mem>
    <remembered-set count="32787" />
  </mem-info>
</gc-end>
<cycle-end id="4698" type="scavenge" contextid="4692" timestamp="2020-09-11T12:49:28.940" />
<allocation-satisfied id="4699" threadId="0000000000785700" bytesRequested="32" />
<af-end id="4700" timestamp="2020-09-11T12:49:28.940" threadId="0000000000786080" success="true" from="nursery"/>
<exclusive-end id="4701" timestamp="2020-09-11T12:49:28.940" durationms="158.507" />

<exclusive-start id="4702" timestamp="2020-09-11T12:49:30.807" intervalms="2025.507">
  <response-info timems="0.622" idlems="0.622" threads="0" lastid="0000000000789300" lastname="Group1.Backend.CompositeBackend{Tier1}.1" />
</exclusive-start>
<af-start id="4703" threadId="0000000000789C80" totalBytesRequested="32" timestamp="2020-09-11T12:49:30.808" intervalms="2025.308" type="nursery" />
<cycle-start id="4704" type="scavenge" contextid="0" timestamp="2020-09-11T12:49:30.808" intervalms="2025.306" />
<gc-start id="4705" type="scavenge" contextid="4704" timestamp="2020-09-11T12:49:30.808">
  <mem-info id="4706" free="383340472" total="2671509504" percent="14">
    <mem type="nursery" free="0" total="939524096" percent="0">
      <mem type="allocate" free="0" total="806879232" percent="0" />
      <mem type="survivor" free="0" total="132644864" percent="0" />
    </mem>
    <mem type="tenure" free="383340472" total="1731985408" percent="22">
      <mem type="soa" free="320467624" total="1645385728" percent="19" />
      <mem type="loa" free="62872848" total="86599680" percent="72" />
    </mem>
    <remembered-set count="193659" />
  </mem-info>
</gc-start>
<allocation-stats totalBytes="689310728" >
  <allocated-bytes non-tlh="36310968" tlh="652999760" />
  <largest-consumer threadName="Group1.Backend.CompositeBackend{Tier1}.8" threadId="00000000008D4B00" bytes="98598408" />
</allocation-stats>
<gc-op id="4707" type="scavenge" timems="146.808" contextid="4704" timestamp="2020-09-11T12:49:30.955">
  <scavenger-info tenureage="3" tenuremask="7ff8" tiltratio="85" />
  <memory-copied type="nursery" objects="4228679" bytes="113250352" bytesdiscarded="594912" />
  <memory-copied type="tenure" objects="1083534" bytes="29102936" bytesdiscarded="113384" />
  <ownableSynchronizers candidates="4042" cleared="3755" />
  <references type="soft" candidates="240" cleared="0" enqueued="0" dynamicThreshold="16" maxThreshold="32" />
  <references type="weak" candidates="113" cleared="113" enqueued="0" />
</gc-op>
<gc-end id="4708" type="scavenge" contextid="4704" durationms="147.818" usertimems="1041.815" systemtimems="18.604" timestamp="2020-09-11T12:49:30.956" activeThreads="8">
  <mem-info id="4709" free="1047280776" total="2671509504" percent="39">
    <mem type="nursery" free="693277856" total="939524096" percent="73">
      <mem type="allocate" free="693277856" total="807206912" percent="85" />
      <mem type="survivor" free="0" total="132317184" percent="0" />
    </mem>
    <mem type="tenure" free="354002920" total="1731985408" percent="20" macro-fragmented="217590">
      <mem type="soa" free="291130072" total="1645385728" percent="17" />
      <mem type="loa" free="62872848" total="86599680" percent="72" />
    </mem>
    <remembered-set count="30537" />
  </mem-info>
</gc-end>
<cycle-end id="4710" type="scavenge" contextid="4704" timestamp="2020-09-11T12:49:30.957" />
<allocation-satisfied id="4711" threadId="0000000000789300" bytesRequested="32" />
<af-end id="4712" timestamp="2020-09-11T12:49:30.957" threadId="0000000000789C80" success="true" from="nursery"/>
<exclusive-end id="4713" timestamp="2020-09-11T12:49:30.957" durationms="150.589" />

<exclusive-start id="4714" timestamp="2020-09-11T12:49:32.882" intervalms="2074.828">
  <response-info timems="0.764" idlems="0.764" threads="0" lastid="000000000089DB00" lastname="Group1.Backend.CompositeBackend{Tier1}.6" />
</exclusive-start>
<af-start id="4715" threadId="000000000089E480" totalBytesRequested="16" timestamp="2020-09-11T12:49:32.882" intervalms="2074.881" type="nursery" />
<cycle-start id="4716" type="scavenge" contextid="0" timestamp="2020-09-11T12:49:32.883" intervalms="2074.879" />
<gc-start id="4717" type="scavenge" contextid="4716" timestamp="2020-09-11T12:49:32.883">
  <mem-info id="4718" free="354002920" total="2671509504" percent="13">
    <mem type="nursery" free="0" total="939524096" percent="0">
      <mem type="allocate" free="0" total="807206912" percent="0" />
      <mem type="survivor" free="0" total="132317184" percent="0" />
    </mem>
    <mem type="tenure" free="354002920" total="1731985408" percent="20">
      <mem type="soa" free="291130072" total="1645385728" percent="17" />
      <mem type="loa" free="62872848" total="86599680" percent="72" />
    </mem>
    <remembered-set count="193757" />
  </mem-info>
</gc-start>
<allocation-stats totalBytes="692959096" >
  <allocated-bytes non-tlh="30487744" tlh="662471352" />
  <largest-consumer threadName="Group1.Backend.CompositeBackend{Tier1}.8" threadId="00000000008D4B00" bytes="95721504" />
</allocation-stats>
<gc-op id="4719" type="scavenge" timems="128.424" contextid="4716" timestamp="2020-09-11T12:49:33.011">
  <scavenger-info tenureage="3" tenuremask="7ff8" tiltratio="85" />
  <memory-copied type="nursery" objects="4727847" bytes="124579208" bytesdiscarded="146456" />
  <memory-copied type="tenure" objects="1103015" bytes="29640312" bytesdiscarded="120464" />
  <ownableSynchronizers candidates="4739" cleared="4432" />
  <references type="soft" candidates="226" cleared="0" enqueued="0" dynamicThreshold="16" maxThreshold="32" />
  <references type="weak" candidates="117" cleared="117" enqueued="0" />
</gc-op>
<gc-end id="4720" type="scavenge" contextid="4716" durationms="129.355" usertimems="1002.648" systemtimems="0.000" timestamp="2020-09-11T12:49:33.012" activeThreads="8">
  <mem-info id="4721" free="990847792" total="2671509504" percent="37">
    <mem type="nursery" free="666468800" total="939524096" percent="70">
      <mem type="allocate" free="666468800" total="791281664" percent="84" />
      <mem type="survivor" free="0" total="148242432" percent="0" />
    </mem>
    <mem type="tenure" free="324378992" total="1731985408" percent="18" macro-fragmented="598482">
      <mem type="soa" free="261506144" total="1645385728" percent="15" />
      <mem type="loa" free="62872848" total="86599680" percent="72" />
    </mem>
    <remembered-set count="28826" />
  </mem-info>
</gc-end>
<cycle-end id="4722" type="scavenge" contextid="4716" timestamp="2020-09-11T12:49:33.013" />
<allocation-satisfied id="4723" threadId="000000000089DB00" bytesRequested="16" />
<af-end id="4724" timestamp="2020-09-11T12:49:33.013" threadId="000000000089E480" success="true" from="nursery"/>
<exclusive-end id="4725" timestamp="2020-09-11T12:49:33.013" durationms="131.820" />

<exclusive-start id="4726" timestamp="2020-09-11T12:49:35.014" intervalms="2132.719">
  <response-info timems="2.434" idlems="2.434" threads="0" lastid="0000000000785700" lastname="Group1.Backend.CompositeBackend{Tier1}.2" />
</exclusive-start>
<af-start id="4727" threadId="0000000000786080" totalBytesRequested="1032" timestamp="2020-09-11T12:49:35.016" intervalms="2133.470" type="nursery" />
<cycle-start id="4728" type="scavenge" contextid="0" timestamp="2020-09-11T12:49:35.017" intervalms="2134.789" />
<gc-start id="4729" type="scavenge" contextid="4728" timestamp="2020-09-11T12:49:35.018">
  <mem-info id="4730" free="324378992" total="2671509504" percent="12">
    <mem type="nursery" free="0" total="939524096" percent="0">
      <mem type="allocate" free="0" total="791281664" percent="0" />
      <mem type="survivor" free="0" total="148242432" percent="0" />
    </mem>
    <mem type="tenure" free="324378992" total="1731985408" percent="18">
      <mem type="soa" free="261506144" total="1645385728" percent="15" />
      <mem type="loa" free="62872848" total="86599680" percent="72" />
    </mem>
    <remembered-set count="190451" />
  </mem-info>
</gc-start>
<allocation-stats totalBytes="666142848" >
  <allocated-bytes non-tlh="28357480" tlh="637785368" />
  <largest-consumer threadName="Group1.Backend.CompositeBackend{Tier1}.7" threadId="000000000088BD00" bytes="95309616" />
</allocation-stats>
<gc-op id="4731" type="scavenge" timems="126.304" contextid="4728" timestamp="2020-09-11T12:49:35.144">
  <scavenger-info tenureage="3" tenuremask="7ff8" tiltratio="84" />
  <memory-copied type="nursery" objects="4056672" bytes="109006792" bytesdiscarded="258184" />
  <memory-copied type="tenure" objects="1131979" bytes="30442384" bytesdiscarded="120432" />
  <ownableSynchronizers candidates="4691" cleared="4370" />
  <references type="soft" candidates="245" cleared="0" enqueued="0" dynamicThreshold="16" maxThreshold="32" />
  <references type="weak" candidates="127" cleared="127" enqueued="0" />
</gc-op>
<gc-end id="4732" type="scavenge" contextid="4728" durationms="127.631" usertimems="923.061" systemtimems="5.667" timestamp="2020-09-11T12:49:35.145" activeThreads="8">
  <mem-info id="4733" free="977433176" total="2671509504" percent="36">
    <mem type="nursery" free="683632320" total="939524096" percent="72">
      <mem type="allocate" free="683632320" total="792985600" percent="86" />
      <mem type="survivor" free="0" total="146538496" percent="0" />
    </mem>
    <mem type="tenure" free="293800856" total="1731985408" percent="16" macro-fragmented="479492">
      <mem type="soa" free="230928008" total="1645385728" percent="14" />
      <mem type="loa" free="62872848" total="86599680" percent="72" />
    </mem>
    <remembered-set count="28820" />
  </mem-info>
</gc-end>
<cycle-end id="4734" type="scavenge" contextid="4728" timestamp="2020-09-11T12:49:35.147" />
<allocation-satisfied id="4735" threadId="0000000000785700" bytesRequested="1032" />
<af-end id="4736" timestamp="2020-09-11T12:49:35.147" threadId="0000000000786080" success="true" from="nursery"/>
<exclusive-end id="4737" timestamp="2020-09-11T12:49:35.147" durationms="132.554" />

<exclusive-start id="4738" timestamp="2020-09-11T12:49:36.986" intervalms="1971.526">
  <response-info timems="0.484" idlems="0.484" threads="0" lastid="0000000000785700" lastname="Group1.Backend.CompositeBackend{Tier1}.2" />
</exclusive-start>
<af-start id="4739" threadId="0000000000786080" totalBytesRequested="32" timestamp="2020-09-11T12:49:36.987" intervalms="1970.648" type="nursery" />
<cycle-start id="4740" type="scavenge" contextid="0" timestamp="2020-09-11T12:49:36.987" intervalms="1969.334" />
<gc-start id="4741" type="scavenge" contextid="4740" timestamp="2020-09-11T12:49:36.987">
  <mem-info id="4742" free="293800856" total="2671509504" percent="10">
    <mem type="nursery" free="0" total="939524096" percent="0">
      <mem type="allocate" free="0" total="792985600" percent="0" />
      <mem type="survivor" free="0" total="146538496" percent="0" />
    </mem>
    <mem type="tenure" free="293800856" total="1731985408" percent="16">
      <mem type="soa" free="230928008" total="1645385728" percent="14" />
      <mem type="loa" free="62872848" total="86599680" percent="72" />
    </mem>
    <remembered-set count="188777" />
  </mem-info>
</gc-start>
<allocation-stats totalBytes="683308304" >
  <allocated-bytes non-tlh="37133856" tlh="646174448" />
  <largest-consumer threadName="Group1.Backend.CompositeBackend{Tier1}.1" threadId="0000000000789300" bytes="114295048" />
</allocation-stats>
<gc-op id="4743" type="scavenge" timems="115.041" contextid="4740" timestamp="2020-09-11T12:49:37.102">
  <scavenger-info tenureage="3" tenuremask="7ff8" tiltratio="84" />
  <memory-copied type="nursery" objects="4120367" bytes="110279208" bytesdiscarded="159064" />
  <memory-copied type="tenure" objects="1064882" bytes="28755000" bytesdiscarded="119240" />
  <ownableSynchronizers candidates="3735" cleared="3422" />
  <references type="soft" candidates="254" cleared="0" enqueued="0" dynamicThreshold="16" maxThreshold="32" />
  <references type="weak" candidates="124" cleared="123" enqueued="0" />
</gc-op>
<gc-end id="4744" type="scavenge" contextid="4740" durationms="115.971" usertimems="866.252" systemtimems="0.000" timestamp="2020-09-11T12:49:37.103" activeThreads="8">
  <mem-info id="4745" free="951722608" total="2671509504" percent="35">
    <mem type="nursery" free="686787064" total="939524096" percent="73">
      <mem type="allocate" free="686787064" total="797310976" percent="86" />
      <mem type="survivor" free="0" total="142213120" percent="0" />
    </mem>
    <mem type="tenure" free="264935544" total="1731985408" percent="15" macro-fragmented="133583">
      <mem type="soa" free="202062696" total="1645385728" percent="12" />
      <mem type="loa" free="62872848" total="86599680" percent="72" />
    </mem>
    <remembered-set count="28823" />
  </mem-info>
</gc-end>
<cycle-end id="4746" type="scavenge" contextid="4740" timestamp="2020-09-11T12:49:37.104" />
<allocation-satisfied id="4747" threadId="0000000000785700" bytesRequested="32" />
<af-end id="4748" timestamp="2020-09-11T12:49:37.104" threadId="0000000000786080" success="true" from="nursery"/>
<exclusive-end id="4749" timestamp="2020-09-11T12:49:37.104" durationms="118.386" />

<exclusive-start id="4750" timestamp="2020-09-11T12:49:39.106" intervalms="2120.157">
  <response-info timems="1.619" idlems="1.250" threads="1" lastid="000000000086A900" lastname="Group1.Backend.CompositeBackend{Tier1}.3" />
</exclusive-start>
<af-start id="4751" threadId="0000000000A6AA80" totalBytesRequested="536" timestamp="2020-09-11T12:49:39.107" intervalms="2120.459" type="nursery" />
<cycle-start id="4752" type="scavenge" contextid="0" timestamp="2020-09-11T12:49:39.107" intervalms="2120.506" />
<gc-start id="4753" type="scavenge" contextid="4752" timestamp="2020-09-11T12:49:39.108">
  <mem-info id="4754" free="264935544" total="2671509504" percent="9">
    <mem type="nursery" free="0" total="939524096" percent="0">
      <mem type="allocate" free="0" total="797310976" percent="0" />
      <mem type="survivor" free="0" total="142213120" percent="0" />
    </mem>
    <mem type="tenure" free="264935544" total="1731985408" percent="15">
      <mem type="soa" free="202062696" total="1645385728" percent="12" />
      <mem type="loa" free="62872848" total="86599680" percent="72" />
    </mem>
    <remembered-set count="195440" />
  </mem-info>
</gc-start>
<allocation-stats totalBytes="686459040" >
  <allocated-bytes non-tlh="26314688" tlh="660144352" />
  <largest-consumer threadName="Group1.Backend.CompositeBackend{Tier1}.1" threadId="0000000000789300" bytes="118418416" />
</allocation-stats>
<gc-op id="4755" type="scavenge" timems="133.082" contextid="4752" timestamp="2020-09-11T12:49:39.241">
  <scavenger-info tenureage="3" tenuremask="7ff8" tiltratio="84" />
  <memory-copied type="nursery" objects="4076822" bytes="109310168" bytesdiscarded="165064" />
  <memory-copied type="tenure" objects="1105463" bytes="29736312" bytesdiscarded="110808" />
  <ownableSynchronizers candidates="4237" cleared="3909" />
  <references type="soft" candidates="260" cleared="0" enqueued="0" dynamicThreshold="16" maxThreshold="32" />
  <references type="weak" candidates="118" cleared="117" enqueued="0" />
</gc-op>
<gc-end id="4756" type="scavenge" contextid="4752" durationms="134.007" usertimems="935.457" systemtimems="13.819" timestamp="2020-09-11T12:49:39.242" activeThreads="8">
  <mem-info id="4757" free="926584616" total="2671509504" percent="34">
    <mem type="nursery" free="691490560" total="939524096" percent="73">
      <mem type="allocate" free="691490560" total="801046528" percent="86" />
      <mem type="survivor" free="0" total="138477568" percent="0" />
    </mem>
    <mem type="tenure" free="235094056" total="1731985408" percent="13" macro-fragmented="403123">
      <mem type="soa" free="172221208" total="1645385728" percent="10" />
      <mem type="loa" free="62872848" total="86599680" percent="72" />
    </mem>
    <remembered-set count="30326" />
  </mem-info>
</gc-end>
<cycle-end id="4758" type="scavenge" contextid="4752" timestamp="2020-09-11T12:49:39.243" />
<allocation-satisfied id="4759" threadId="0000000000A6A100" bytesRequested="536" />
<af-end id="4760" timestamp="2020-09-11T12:49:39.243" threadId="0000000000A6AA80" success="true" from="nursery"/>
<exclusive-end id="4761" timestamp="2020-09-11T12:49:39.243" durationms="137.038" />

<exclusive-start id="4762" timestamp="2020-09-11T12:49:41.127" intervalms="2020.934">
  <response-info timems="1.406" idlems="0.528" threads="2" lastid="0000000000789300" lastname="Group1.Backend.CompositeBackend{Tier1}.1" />
</exclusive-start>
<af-start id="4763" threadId="000000000088F780" totalBytesRequested="24" timestamp="2020-09-11T12:49:41.128" intervalms="2021.158" type="nursery" />
<cycle-start id="4764" type="scavenge" contextid="0" timestamp="2020-09-11T12:49:41.128" intervalms="2021.231" />
<gc-start id="4765" type="scavenge" contextid="4764" timestamp="2020-09-11T12:49:41.129">
  <mem-info id="4766" free="235094056" total="2671509504" percent="8">
    <mem type="nursery" free="0" total="939524096" percent="0">
      <mem type="allocate" free="0" total="801046528" percent="0" />
      <mem type="survivor" free="0" total="138477568" percent="0" />
    </mem>
    <mem type="tenure" free="235094056" total="1731985408" percent="13">
      <mem type="soa" free="172221208" total="1645385728" percent="10" />
      <mem type="loa" free="62872848" total="86599680" percent="72" />
    </mem>
    <remembered-set count="192538" />
  </mem-info>
</gc-start>
<allocation-stats totalBytes="691154432" >
  <allocated-bytes non-tlh="38380080" tlh="652774352" />
  <largest-consumer threadName="Group1.Backend.CompositeBackend{Tier1}.1" threadId="0000000000789300" bytes="101215944" />
</allocation-stats>
<gc-op id="4767" type="scavenge" timems="115.211" contextid="4764" timestamp="2020-09-11T12:49:41.244">
  <scavenger-info tenureage="3" tenuremask="7ff8" tiltratio="85" />
  <memory-copied type="nursery" objects="4086297" bytes="109445120" bytesdiscarded="296768" />
  <memory-copied type="tenure" objects="1081238" bytes="29090384" bytesdiscarded="127992" />
  <ownableSynchronizers candidates="4478" cleared="4151" />
  <references type="soft" candidates="250" cleared="0" enqueued="0" dynamicThreshold="16" maxThreshold="32" />
  <references type="weak" candidates="122" cleared="122" enqueued="0" />
</gc-op>
<gc-end id="4768" type="scavenge" contextid="4764" durationms="116.213" usertimems="876.508" systemtimems="0.426" timestamp="2020-09-11T12:49:41.245" activeThreads="8">
  <mem-info id="4769" free="900199880" total="2671509504" percent="33">
    <mem type="nursery" free="694372320" total="939524096" percent="73">
      <mem type="allocate" free="694372320" total="804192256" percent="86" />
      <mem type="survivor" free="0" total="135331840" percent="0" />
    </mem>
    <mem type="tenure" free="205827560" total="1731985408" percent="11" macro-fragmented="454980">
      <mem type="soa" free="142954712" total="1645385728" percent="8" />
      <mem type="loa" free="62872848" total="86599680" percent="72" />
    </mem>
    <remembered-set count="33054" />
  </mem-info>
</gc-end>
<cycle-end id="4770" type="scavenge" contextid="4764" timestamp="2020-09-11T12:49:41.246" />
<allocation-satisfied id="4771" threadId="000000000088EE00" bytesRequested="24" />
<af-end id="4772" timestamp="2020-09-11T12:49:41.246" threadId="000000000088F780" success="true" from="nursery"/>
<exclusive-end id="4773" timestamp="2020-09-11T12:49:41.246" durationms="119.419" />

<exclusive-start id="4774" timestamp="2020-09-11T12:49:43.341" intervalms="2213.862">
  <response-info timems="0.372" idlems="0.367" threads="1" lastid="000000000089DB00" lastname="Group1.Backend.CompositeBackend{Tier1}.6" />
</exclusive-start>
<af-start id="4775" threadId="0000000000786080" totalBytesRequested="664" timestamp="2020-09-11T12:49:43.342" intervalms="2213.710" type="nursery" />
<cycle-start id="4776" type="scavenge" contextid="0" timestamp="2020-09-11T12:49:43.342" intervalms="2213.570" />
<gc-start id="4777" type="scavenge" contextid="4776" timestamp="2020-09-11T12:49:43.342">
  <mem-info id="4778" free="205827560" total="2671509504" percent="7">
    <mem type="nursery" free="0" total="939524096" percent="0">
      <mem type="allocate" free="0" total="804192256" percent="0" />
      <mem type="survivor" free="0" total="135331840" percent="0" />
    </mem>
    <mem type="tenure" free="205827560" total="1731985408" percent="11">
      <mem type="soa" free="142954712" total="1645385728" percent="8" />
      <mem type="loa" free="62872848" total="86599680" percent="72" />
    </mem>
    <remembered-set count="198079" />
  </mem-info>
</gc-start>
<allocation-stats totalBytes="694046120" >
  <allocated-bytes non-tlh="28860064" tlh="665186056" />
  <largest-consumer threadName="Group1.Backend.CompositeBackend{Tier1}.3" threadId="000000000086A900" bytes="117750336" />
</allocation-stats>
<gc-op id="4779" type="scavenge" timems="109.373" contextid="4776" timestamp="2020-09-11T12:49:43.452">
  <scavenger-info tenureage="3" tenuremask="7ff8" tiltratio="85" />
  <memory-copied type="nursery" objects="4334365" bytes="115197760" bytesdiscarded="226896" />
  <memory-copied type="tenure" objects="1072177" bytes="28808120" bytesdiscarded="133208" />
  <ownableSynchronizers candidates="4139" cleared="3829" />
  <references type="soft" candidates="271" cleared="0" enqueued="0" dynamicThreshold="16" maxThreshold="32" />
  <references type="weak" candidates="113" cleared="113" enqueued="0" />
</gc-op>
<gc-end id="4780" type="scavenge" contextid="4776" durationms="110.557" usertimems="835.459" systemtimems="9.871" timestamp="2020-09-11T12:49:43.453" activeThreads="8">
  <mem-info id="4781" free="865488424" total="2671509504" percent="32">
    <mem type="nursery" free="688549624" total="939524096" percent="73">
      <mem type="allocate" free="688549624" total="804061184" percent="85" />
      <mem type="survivor" free="0" total="135462912" percent="0" />
    </mem>
    <mem type="tenure" free="176938800" total="1731985408" percent="10" macro-fragmented="348818">
      <mem type="soa" free="114065952" total="1645385728" percent="6" />
      <mem type="loa" free="62872848" total="86599680" percent="72" />
    </mem>
    <remembered-set count="32405" />
  </mem-info>
</gc-end>
<cycle-end id="4782" type="scavenge" contextid="4776" timestamp="2020-09-11T12:49:43.454" />
<allocation-satisfied id="4783" threadId="0000000000785700" bytesRequested="664" />
<af-end id="4784" timestamp="2020-09-11T12:49:43.455" threadId="0000000000786080" success="true" from="nursery"/>
<exclusive-end id="4785" timestamp="2020-09-11T12:49:43.455" durationms="113.671" />

<exclusive-start id="4786" timestamp="2020-09-11T12:49:45.450" intervalms="2109.325">
  <response-info timems="1.690" idlems="1.690" threads="0" lastid="000000000086A900" lastname="Group1.Backend.CompositeBackend{Tier1}.3" />
</exclusive-start>
<af-start id="4787" threadId="000000000086B280" totalBytesRequested="32" timestamp="2020-09-11T12:49:45.451" intervalms="2109.277" type="nursery" />
<cycle-start id="4788" type="scavenge" contextid="0" timestamp="2020-09-11T12:49:45.451" intervalms="2109.380" />
<gc-start id="4789" type="scavenge" contextid="4788" timestamp="2020-09-11T12:49:45.452">
  <mem-info id="4790" free="176938800" total="2671509504" percent="6">
    <mem type="nursery" free="0" total="939524096" percent="0">
      <mem type="allocate" free="0" total="804061184" percent="0" />
      <mem type="survivor" free="0" total="135462912" percent="0" />
    </mem>
    <mem type="tenure" free="176938800" total="1731985408" percent="10">
      <mem type="soa" free="114065952" total="1645385728" percent="6" />
      <mem type="loa" free="62872848" total="86599680" percent="72" />
    </mem>
    <remembered-set count="196543" />
  </mem-info>
</gc-start>
<allocation-stats totalBytes="688206560" >
  <allocated-bytes non-tlh="31080016" tlh="657126544" />
  <largest-consumer threadName="Group1.Backend.CompositeBackend{Tier1}.3" threadId="000000000086A900" bytes="114179368" />
</allocation-stats>
<gc-op id="4791" type="scavenge" timems="144.127" contextid="4788" timestamp="2020-09-11T12:49:45.596">
  <scavenger-info tenureage="3" tenuremask="7ff8" tiltratio="85" />
  <memory-copied type="nursery" objects="4255635" bytes="113664696" bytesdiscarded="175824" />
  <memory-copied type="tenure" objects="1122796" bytes="30164240" bytesdiscarded="154232" />
  <ownableSynchronizers candidates="4087" cleared="3762" />
  <references type="soft" candidates="275" cleared="0" enqueued="0" dynamicThreshold="16" maxThreshold="32" />
  <references type="weak" candidates="103" cleared="103" enqueued="0" />
</gc-op>
<gc-end id="4792" type="scavenge" contextid="4788" durationms="145.182" usertimems="1040.203" systemtimems="3.186" timestamp="2020-09-11T12:49:45.597" activeThreads="8">
  <mem-info id="4793" free="838057976" total="2671509504" percent="31">
    <mem type="nursery" free="691442680" total="939524096" percent="73">
      <mem type="allocate" free="691442680" total="805371904" percent="85" />
      <mem type="survivor" free="0" total="134152192" percent="0" />
    </mem>
    <mem type="tenure" free="146615296" total="1731985408" percent="8" macro-fragmented="358940">
      <mem type="soa" free="83742448" total="1645385728" percent="5" />
      <mem type="loa" free="62872848" total="86599680" percent="72" />
    </mem>
    <remembered-set count="32040" />
  </mem-info>
</gc-end>
<cycle-end id="4794" type="scavenge" contextid="4788" timestamp="2020-09-11T12:49:45.598" />
<allocation-satisfied id="4795" threadId="000000000086A900" bytesRequested="32" />
<af-end id="4796" timestamp="2020-09-11T12:49:45.598" threadId="000000000086B280" success="true" from="nursery"/>
<exclusive-end id="4797" timestamp="2020-09-11T12:49:45.598" durationms="148.038" />

<exclusive-start id="4798" timestamp="2020-09-11T12:49:47.519" intervalms="2068.932">
  <response-info timems="0.545" idlems="0.390" threads="1" lastid="000000000086B500" lastname="Group1.Backend.CompositeBackend{Tier1}.4" />
</exclusive-start>
<af-start id="4799" threadId="00000000008FAF80" totalBytesRequested="16" timestamp="2020-09-11T12:49:47.520" intervalms="2068.727" type="nursery" />
<cycle-start id="4800" type="scavenge" contextid="0" timestamp="2020-09-11T12:49:47.520" intervalms="2068.643" />
<gc-start id="4801" type="scavenge" contextid="4800" timestamp="2020-09-11T12:49:47.520">
  <mem-info id="4802" free="146615296" total="2671509504" percent="5">
    <mem type="nursery" free="0" total="939524096" percent="0">
      <mem type="allocate" free="0" total="805371904" percent="0" />
      <mem type="survivor" free="0" total="134152192" percent="0" />
    </mem>
    <mem type="tenure" free="146615296" total="1731985408" percent="8">
      <mem type="soa" free="83742448" total="1645385728" percent="5" />
      <mem type="loa" free="62872848" total="86599680" percent="72" />
    </mem>
    <remembered-set count="193328" />
  </mem-info>
</gc-start>
<allocation-stats totalBytes="691102232" >
  <allocated-bytes non-tlh="35318976" tlh="655783256" />
  <largest-consumer threadName="Group1.Backend.CompositeBackend{Tier1}.5" threadId="000000000088EE00" bytes="115582736" />
</allocation-stats>
<gc-op id="4803" type="scavenge" timems="112.611" contextid="4800" timestamp="2020-09-11T12:49:47.633">
  <scavenger-info tenureage="3" tenuremask="7ff8" tiltratio="85" />
  <memory-copied type="nursery" objects="4247017" bytes="113915408" bytesdiscarded="265688" />
  <memory-copied type="tenure" objects="1056627" bytes="28361376" bytesdiscarded="164288" />
  <ownableSynchronizers candidates="3706" cleared="3381" />
  <references type="soft" candidates="270" cleared="0" enqueued="0" dynamicThreshold="16" maxThreshold="32" />
  <references type="weak" candidates="113" cleared="113" enqueued="0" />
</gc-op>
<gc-end id="4804" type="scavenge" contextid="4800" durationms="113.608" usertimems="796.062" systemtimems="10.166" timestamp="2020-09-11T12:49:47.634" activeThreads="8">
  <mem-info id="4805" free="810433472" total="2671509504" percent="30">
    <mem type="nursery" free="692347120" total="939524096" percent="73">
      <mem type="allocate" free="692347120" total="806617088" percent="85" />
      <mem type="survivor" free="0" total="132907008" percent="0" />
    </mem>
    <mem type="tenure" free="118086352" total="1731985408" percent="6" macro-fragmented="0">
      <mem type="soa" free="55213504" total="1645385728" percent="3" />
      <mem type="loa" free="62872848" total="86599680" percent="72" />
    </mem>
    <remembered-set count="28819" />
  </mem-info>
</gc-end>
<cycle-end id="4806" type="scavenge" contextid="4800" timestamp="2020-09-11T12:49:47.636" />
<allocation-satisfied id="4807" threadId="00000000008FA600" bytesRequested="16" />
<af-end id="4808" timestamp="2020-09-11T12:49:47.636" threadId="00000000008FAF80" success="true" from="nursery"/>
<exclusive-end id="4809" timestamp="2020-09-11T12:49:47.636" durationms="116.507" />

<exclusive-start id="4810" timestamp="2020-09-11T12:49:49.608" intervalms="2088.967">
  <response-info timems="0.579" idlems="0.579" threads="0" lastid="000000000086B500" lastname="Group1.Backend.CompositeBackend{Tier1}.4" />
</exclusive-start>
<af-start id="4811" threadId="000000000086BE80" totalBytesRequested="32" timestamp="2020-09-11T12:49:49.609" intervalms="2088.964" type="nursery" />
<cycle-start id="4812" type="scavenge" contextid="0" timestamp="2020-09-11T12:49:49.609" intervalms="2088.959" />
<gc-start id="4813" type="scavenge" contextid="4812" timestamp="2020-09-11T12:49:49.609">
  <mem-info id="4814" free="118086352" total="2671509504" percent="4">
    <mem type="nursery" free="0" total="939524096" percent="0">
      <mem type="allocate" free="0" total="806617088" percent="0" />
      <mem type="survivor" free="0" total="132907008" percent="0" />
    </mem>
    <mem type="tenure" free="118086352" total="1731985408" percent="6">
      <mem type="soa" free="55213504" total="1645385728" percent="3" />
      <mem type="loa" free="62872848" total="86599680" percent="72" />
    </mem>
    <remembered-set count="190943" />
  </mem-info>
</gc-start>
<allocation-stats totalBytes="692020728" >
  <allocated-bytes non-tlh="33384952" tlh="658635776" />
  <largest-consumer threadName="Group1.Backend.CompositeBackend{Tier1}.5" threadId="000000000088EE00" bytes="103436280" />
</allocation-stats>
<gc-op id="4815" type="scavenge" timems="99.127" contextid="4812" timestamp="2020-09-11T12:49:49.709">
  <scavenger-info tenureage="3" tenuremask="7ff8" tiltratio="85" />
  <memory-copied type="nursery" objects="4044903" bytes="108646016" bytesdiscarded="430696" />
  <memory-copied type="tenure" objects="1125694" bytes="30272840" bytesdiscarded="158656" />
  <ownableSynchronizers candidates="2677" cleared="2398" />
  <references type="soft" candidates="256" cleared="0" enqueued="0" dynamicThreshold="16" maxThreshold="32" />
  <references type="weak" candidates="122" cleared="122" enqueued="0" />
</gc-op>
<gc-end id="4816" type="scavenge" contextid="4812" durationms="100.094" usertimems="776.527" systemtimems="0.000" timestamp="2020-09-11T12:49:49.709" activeThreads="8">
  <mem-info id="4817" free="786178440" total="2671509504" percent="29">
    <mem type="nursery" free="698509056" total="939524096" percent="74">
      <mem type="allocate" free="698509056" total="807665664" percent="86" />
      <mem type="survivor" free="0" total="131858432" percent="0" />
    </mem>
    <mem type="tenure" free="87669384" total="1731985408" percent="5" macro-fragmented="0">
      <mem type="soa" free="24796536" total="1645385728" percent="1" />
      <mem type="loa" free="62872848" total="86599680" percent="72" />
    </mem>
    <remembered-set count="27729" />
  </mem-info>
</gc-end>
<cycle-end id="4818" type="scavenge" contextid="4812" timestamp="2020-09-11T12:49:49.711" />
<allocation-satisfied id="4819" threadId="000000000086B500" bytesRequested="32" />
<af-end id="4820" timestamp="2020-09-11T12:49:49.711" threadId="000000000086BE80" success="true" from="nursery"/>
<exclusive-end id="4821" timestamp="2020-09-11T12:49:49.711" durationms="102.798" />

<exclusive-start id="4822" timestamp="2020-09-11T12:49:51.686" intervalms="2078.164">
  <response-info timems="0.433" idlems="0.433" threads="0" lastid="000000000086B500" lastname="Group1.Backend.CompositeBackend{Tier1}.4" />
</exclusive-start>
<af-start id="4823" threadId="000000000086BE80" totalBytesRequested="520" timestamp="2020-09-11T12:49:51.687" intervalms="2078.076" type="nursery" />
<percolate-collect id="4824" from="nursery" to="global" reason="prevent tenure expand" timestamp="2020-09-11T12:49:51.687"/>
<cycle-start id="4825" type="global" contextid="0" timestamp="2020-09-11T12:49:51.687" intervalms="56972.174" />
<gc-start id="4826" type="global" contextid="4825" timestamp="2020-09-11T12:49:51.687">
  <mem-info id="4827" free="87669384" total="2671509504" percent="3">
    <mem type="nursery" free="0" total="939524096" percent="0">
      <mem type="allocate" free="0" total="807665664" percent="0" />
      <mem type="survivor" free="0" total="131858432" percent="0" />
    </mem>
    <mem type="tenure" free="87669384" total="1731985408" percent="5">
      <mem type="soa" free="24796536" total="1645385728" percent="1" />
      <mem type="loa" free="62872848" total="86599680" percent="72" />
    </mem>
    <remembered-set count="188255" />
  </mem-info>
</gc-start>
<allocation-stats totalBytes="698171000" >
  <allocated-bytes non-tlh="38658760" tlh="659512240" />
  <largest-consumer threadName="Group1.Backend.CompositeBackend{Tier1}.4" threadId="000000000086B500" bytes="110707112" />
</allocation-stats>
<gc-op id="4828" type="mark" timems="575.864" contextid="4825" timestamp="2020-09-11T12:49:52.263">
  <trace-info objectcount="30807050" scancount="29827956" scanbytes="816625180" />
  <finalization candidates="150" enqueued="0" />
  <ownableSynchronizers candidates="591884" cleared="4995" />
  <references type="soft" candidates="714915" cleared="501" enqueued="475" dynamicThreshold="16" maxThreshold="32" />
  <references type="weak" candidates="4408" cleared="119" enqueued="0" />
  <references type="phantom" candidates="107" cleared="0" enqueued="0" />
  <stringconstants candidates="10922" cleared="1"  />
</gc-op>
<gc-op id="4829" type="sweep" timems="14.323" contextid="4825" timestamp="2020-09-11T12:49:52.278" />
<gc-end id="4830" type="global" contextid="4825" durationms="591.491" usertimems="4453.719" systemtimems="0.000" timestamp="2020-09-11T12:49:52.279" activeThreads="8">
  <mem-info id="4831" free="1516472800" total="2671509504" percent="56">
    <mem type="nursery" free="623676224" total="939524096" percent="66">
      <mem type="allocate" free="623676224" total="807665664" percent="77" />
      <mem type="survivor" free="0" total="131858432" percent="0" />
    </mem>
    <mem type="tenure" free="892796576" total="1731985408" percent="51" micro-fragmented="81277375" macro-fragmented="0">
      <mem type="soa" free="819984376" total="1645385728" percent="49" />
      <mem type="loa" free="72812200" total="86599680" percent="84" />
    </mem>
    <pending-finalizers system="0" default="0" reference="475" classloader="0" />
    <remembered-set count="182784" />
  </mem-info>
</gc-end>
<cycle-end id="4832" type="global" contextid="4825" timestamp="2020-09-11T12:49:52.280" />
<allocation-satisfied id="4833" threadId="000000000086B500" bytesRequested="520" />
<af-end id="4834" timestamp="2020-09-11T12:49:52.281" threadId="000000000086BE80" success="true" from="nursery"/>
<exclusive-end id="4835" timestamp="2020-09-11T12:49:52.281" durationms="594.263" />

<exclusive-start id="4836" timestamp="2020-09-11T12:49:53.615" intervalms="1928.445">
  <response-info timems="1.182" idlems="1.016" threads="1" lastid="0000000000785700" lastname="Group1.Backend.CompositeBackend{Tier1}.2" />
</exclusive-start>
<af-start id="4837" threadId="00000000008D5480" totalBytesRequested="16" timestamp="2020-09-11T12:49:53.616" intervalms="1928.791" type="nursery" />
<cycle-start id="4838" type="scavenge" contextid="0" timestamp="2020-09-11T12:49:53.616" intervalms="4006.933" />
<gc-start id="4839" type="scavenge" contextid="4838" timestamp="2020-09-11T12:49:53.616">
  <mem-info id="4840" free="892796528" total="2671509504" percent="33">
    <mem type="nursery" free="0" total="939524096" percent="0">
      <mem type="allocate" free="0" total="807665664" percent="0" />
      <mem type="survivor" free="0" total="131858432" percent="0" />
    </mem>
    <mem type="tenure" free="892796528" total="1731985408" percent="51">
      <mem type="soa" free="819984328" total="1645385728" percent="49" />
      <mem type="loa" free="72812200" total="86599680" percent="84" />
    </mem>
    <remembered-set count="242635" />
  </mem-info>
</gc-start>
<allocation-stats totalBytes="621484464" >
  <allocated-bytes non-tlh="29624368" tlh="591860096" />
  <largest-consumer threadName="Group1.Backend.CompositeBackend{Tier1}.3" threadId="000000000086A900" bytes="95882568" />
</allocation-stats>
<gc-op id="4841" type="scavenge" timems="128.839" contextid="4838" timestamp="2020-09-11T12:49:53.745">
  <scavenger-info tenureage="3" tenuremask="7ff8" tiltratio="85" />
  <memory-copied type="nursery" objects="4899568" bytes="131675600" bytesdiscarded="43208" />
  <memory-copied type="tenure" objects="1220797" bytes="32444248" bytesdiscarded="94784" />
  <copy-failed type="nursery" objects="198388" bytes="4954992" />
  <ownableSynchronizers candidates="1176940" cleared="1176594" />
  <references type="soft" candidates="110" cleared="0" enqueued="0" dynamicThreshold="16" maxThreshold="32" />
  <references type="weak" candidates="113" cleared="113" enqueued="0" />
</gc-op>
<gc-end id="4842" type="scavenge" contextid="4838" durationms="130.633" usertimems="972.155" systemtimems="0.000" timestamp="2020-09-11T12:49:53.747" activeThreads="8">
  <mem-info id="4843" free="1483377632" total="2671509504" percent="55">
    <mem type="nursery" free="623247360" total="939524096" percent="66">
      <mem type="allocate" free="623247360" total="755105792" percent="82" />
      <mem type="survivor" free="0" total="184418304" percent="0" />
    </mem>
    <mem type="tenure" free="860130272" total="1731985408" percent="49" macro-fragmented="0">
      <mem type="soa" free="787318072" total="1645385728" percent="47" />
      <mem type="loa" free="72812200" total="86599680" percent="84" />
    </mem>
    <remembered-set count="39296" />
  </mem-info>
</gc-end>
<cycle-end id="4844" type="scavenge" contextid="4838" timestamp="2020-09-11T12:49:53.749" />
<allocation-satisfied id="4845" threadId="00000000008D4B00" bytesRequested="16" />
<af-end id="4846" timestamp="2020-09-11T12:49:53.749" threadId="00000000008D5480" success="true" from="nursery"/>
<exclusive-end id="4847" timestamp="2020-09-11T12:49:53.749" durationms="134.186" />

<exclusive-start id="4848" timestamp="2020-09-11T12:49:55.509" intervalms="1894.028">
  <response-info timems="3.399" idlems="3.399" threads="0" lastid="000000000086B500" lastname="Group1.Backend.CompositeBackend{Tier1}.4" />
</exclusive-start>
<af-start id="4849" threadId="000000000086BE80" totalBytesRequested="267512" timestamp="2020-09-11T12:49:55.509" intervalms="1893.673" type="nursery" />
<cycle-start id="4850" type="scavenge" contextid="0" timestamp="2020-09-11T12:49:55.510" intervalms="1893.607" />
<gc-start id="4851" type="scavenge" contextid="4850" timestamp="2020-09-11T12:49:55.510">
  <mem-info id="4852" free="860130272" total="2671509504" percent="32">
    <mem type="nursery" free="0" total="939524096" percent="0">
      <mem type="allocate" free="0" total="755105792" percent="0" />
      <mem type="survivor" free="0" total="184418304" percent="0" />
    </mem>
    <mem type="tenure" free="860130272" total="1731985408" percent="49">
      <mem type="soa" free="787318072" total="1645385728" percent="47" />
      <mem type="loa" free="72812200" total="86599680" percent="84" />
    </mem>
    <remembered-set count="196556" />
  </mem-info>
</gc-start>
<allocation-stats totalBytes="622957344" >
  <allocated-bytes non-tlh="27814016" tlh="595143328" />
  <largest-consumer threadName="Group1.Backend.CompositeBackend{Tier1}.3" threadId="000000000086A900" bytes="108099784" />
</allocation-stats>
<gc-op id="4853" type="scavenge" timems="142.033" contextid="4850" timestamp="2020-09-11T12:49:55.652">
  <scavenger-info tenureage="3" tenuremask="7ff8" tiltratio="80" />
  <memory-copied type="nursery" objects="5100651" bytes="135934952" bytesdiscarded="120744" />
  <memory-copied type="tenure" objects="950812" bytes="25651696" bytesdiscarded="85416" />
  <ownableSynchronizers candidates="3680" cleared="3427" />
  <references type="soft" candidates="155" cleared="0" enqueued="0" dynamicThreshold="16" maxThreshold="32" />
  <references type="weak" candidates="94" cleared="94" enqueued="0" />
</gc-op>
<gc-end id="4854" type="scavenge" contextid="4850" durationms="142.936" usertimems="1076.818" systemtimems="4.689" timestamp="2020-09-11T12:49:55.653" activeThreads="8">
  <mem-info id="4855" free="1459521480" total="2671509504" percent="54">
    <mem type="nursery" free="625257976" total="939524096" percent="66">
      <mem type="allocate" free="625257976" total="761397248" percent="82" />
      <mem type="survivor" free="0" total="178126848" percent="0" />
    </mem>
    <mem type="tenure" free="834263504" total="1731985408" percent="48" macro-fragmented="0">
      <mem type="soa" free="761451304" total="1645385728" percent="46" />
      <mem type="loa" free="72812200" total="86599680" percent="84" />
    </mem>
    <remembered-set count="40130" />
  </mem-info>
</gc-end>
<cycle-end id="4856" type="scavenge" contextid="4850" timestamp="2020-09-11T12:49:55.654" />
<allocation-satisfied id="4857" threadId="000000000086B500" bytesRequested="267512" />
<af-end id="4858" timestamp="2020-09-11T12:49:55.654" threadId="000000000086BE80" success="true" from="nursery"/>
<exclusive-end id="4859" timestamp="2020-09-11T12:49:55.654" durationms="145.518" />

<exclusive-start id="4860" timestamp="2020-09-11T12:49:57.486" intervalms="1977.524">
  <response-info timems="0.727" idlems="0.367" threads="1" lastid="00000000008D4B00" lastname="Group1.Backend.CompositeBackend{Tier1}.8" />
</exclusive-start>
<af-start id="4861" threadId="000000000088C680" totalBytesRequested="24" timestamp="2020-09-11T12:49:57.487" intervalms="1977.513" type="nursery" />
<cycle-start id="4862" type="scavenge" contextid="0" timestamp="2020-09-11T12:49:57.487" intervalms="1977.507" />
<gc-start id="4863" type="scavenge" contextid="4862" timestamp="2020-09-11T12:49:57.487">
  <mem-info id="4864" free="834263504" total="2671509504" percent="31">
    <mem type="nursery" free="0" total="939524096" percent="0">
      <mem type="allocate" free="0" total="761397248" percent="0" />
      <mem type="survivor" free="0" total="178126848" percent="0" />
    </mem>
    <mem type="tenure" free="834263504" total="1731985408" percent="48">
      <mem type="soa" free="761451304" total="1645385728" percent="46" />
      <mem type="loa" free="72812200" total="86599680" percent="84" />
    </mem>
    <remembered-set count="198691" />
  </mem-info>
</gc-start>
<allocation-stats totalBytes="624949840" >
  <allocated-bytes non-tlh="25711496" tlh="599238344" />
  <largest-consumer threadName="Group1.Backend.CompositeBackend{Tier1}.2" threadId="0000000000785700" bytes="105819736" />
</allocation-stats>
<gc-op id="4865" type="scavenge" timems="134.568" contextid="4862" timestamp="2020-09-11T12:49:57.622">
  <scavenger-info tenureage="3" tenuremask="7ff8" tiltratio="81" />
  <memory-copied type="nursery" objects="4948069" bytes="132716800" bytesdiscarded="172576" />
  <memory-copied type="tenure" objects="950004" bytes="25642976" bytesdiscarded="93768" />
  <ownableSynchronizers candidates="3842" cleared="3560" />
  <references type="soft" candidates="216" cleared="0" enqueued="0" dynamicThreshold="16" maxThreshold="32" />
  <references type="weak" candidates="113" cleared="113" enqueued="0" />
</gc-op>
<gc-end id="4866" type="scavenge" contextid="4862" durationms="135.470" usertimems="966.373" systemtimems="2.307" timestamp="2020-09-11T12:49:57.623" activeThreads="8">
  <mem-info id="4867" free="1442236128" total="2671509504" percent="53">
    <mem type="nursery" free="633601272" total="939524096" percent="67">
      <mem type="allocate" free="633601272" total="766574592" percent="82" />
      <mem type="survivor" free="0" total="172949504" percent="0" />
    </mem>
    <mem type="tenure" free="808634856" total="1731985408" percent="46" macro-fragmented="0">
      <mem type="soa" free="735822656" total="1645385728" percent="44" />
      <mem type="loa" free="72812200" total="86599680" percent="84" />
    </mem>
    <remembered-set count="40737" />
  </mem-info>
</gc-end>
<cycle-end id="4868" type="scavenge" contextid="4862" timestamp="2020-09-11T12:49:57.625" />
<allocation-satisfied id="4869" threadId="000000000088BD00" bytesRequested="24" />
<af-end id="4870" timestamp="2020-09-11T12:49:57.625" threadId="000000000088C680" success="true" from="nursery"/>
<exclusive-end id="4871" timestamp="2020-09-11T12:49:57.625" durationms="138.487" />

<exclusive-start id="4872" timestamp="2020-09-11T12:49:59.358" intervalms="1872.044">
  <response-info timems="0.458" idlems="0.458" threads="0" lastid="000000000086B500" lastname="Group1.Backend.CompositeBackend{Tier1}.4" />
</exclusive-start>
<af-start id="4873" threadId="000000000086BE80" totalBytesRequested="16" timestamp="2020-09-11T12:49:59.359" intervalms="1872.239" type="nursery" />
<cycle-start id="4874" type="scavenge" contextid="0" timestamp="2020-09-11T12:49:59.359" intervalms="1872.265" />
<gc-start id="4875" type="scavenge" contextid="4874" timestamp="2020-09-11T12:49:59.360">
  <mem-info id="4876" free="808634856" total="2671509504" percent="30">
    <mem type="nursery" free="0" total="939524096" percent="0">
      <mem type="allocate" free="0" total="766574592" percent="0" />
      <mem type="survivor" free="0" total="172949504" percent="0" />
    </mem>
    <mem type="tenure" free="808634856" total="1731985408" percent="46">
      <mem type="soa" free="735822656" total="1645385728" percent="44" />
      <mem type="loa" free="72812200" total="86599680" percent="84" />
    </mem>
    <remembered-set count="195479" />
  </mem-info>
</gc-start>
<allocation-stats totalBytes="633306120" >
  <allocated-bytes non-tlh="33670360" tlh="599635760" />
  <largest-consumer threadName="Group1.Backend.CompositeBackend{Tier1}.2" threadId="0000000000785700" bytes="97681664" />
</allocation-stats>
<gc-op id="4877" type="scavenge" timems="107.759" contextid="4874" timestamp="2020-09-11T12:49:59.468">
  <scavenger-info tenureage="3" tenuremask="7ff8" tiltratio="81" />
  <memory-copied type="nursery" objects="4012577" bytes="106435304" bytesdiscarded="297376" />
  <memory-copied type="tenure" objects="1973375" bytes="53190520" bytesdiscarded="122520" />
  <ownableSynchronizers candidates="3675" cleared="3360" />
  <references type="soft" candidates="233" cleared="0" enqueued="0" dynamicThreshold="16" maxThreshold="32" />
  <references type="weak" candidates="107" cleared="107" enqueued="0" />
</gc-op>
<gc-end id="4878" type="scavenge" contextid="4874" durationms="108.673" usertimems="841.442" systemtimems="0.000" timestamp="2020-09-11T12:49:59.468" activeThreads="8">
  <mem-info id="4879" free="1419952640" total="2671509504" percent="53">
    <mem type="nursery" free="664615648" total="939524096" percent="70">
      <mem type="allocate" free="664615648" total="771424256" percent="86" />
      <mem type="survivor" free="0" total="168099840" percent="0" />
    </mem>
    <mem type="tenure" free="755336992" total="1731985408" percent="43" macro-fragmented="0">
      <mem type="soa" free="682524792" total="1645385728" percent="41" />
      <mem type="loa" free="72812200" total="86599680" percent="84" />
    </mem>
    <remembered-set count="31212" />
  </mem-info>
</gc-end>
<cycle-end id="4880" type="scavenge" contextid="4874" timestamp="2020-09-11T12:49:59.470" />
<allocation-satisfied id="4881" threadId="000000000086B500" bytesRequested="16" />
<af-end id="4882" timestamp="2020-09-11T12:49:59.470" threadId="000000000086BE80" success="true" from="nursery"/>
<exclusive-end id="4883" timestamp="2020-09-11T12:49:59.470" durationms="111.698" />

<exclusive-start id="4884" timestamp="2020-09-11T12:50:01.274" intervalms="1915.382">
  <response-info timems="10.583" idlems="10.583" threads="0" lastid="000000000086B500" lastname="Group1.Backend.CompositeBackend{Tier1}.4" />
</exclusive-start>
<af-start id="4885" threadId="000000000086BE80" totalBytesRequested="32" timestamp="2020-09-11T12:50:01.275" intervalms="1915.732" type="nursery" />
<cycle-start id="4886" type="scavenge" contextid="0" timestamp="2020-09-11T12:50:01.275" intervalms="1915.957" />
<gc-start id="4887" type="scavenge" contextid="4886" timestamp="2020-09-11T12:50:01.276">
  <mem-info id="4888" free="755336992" total="2671509504" percent="28">
    <mem type="nursery" free="0" total="939524096" percent="0">
      <mem type="allocate" free="0" total="771424256" percent="0" />
      <mem type="survivor" free="0" total="168099840" percent="0" />
    </mem>
    <mem type="tenure" free="755336992" total="1731985408" percent="43">
      <mem type="soa" free="682524792" total="1645385728" percent="41" />
      <mem type="loa" free="72812200" total="86599680" percent="84" />
    </mem>
    <remembered-set count="188741" />
  </mem-info>
</gc-start>
<allocation-stats totalBytes="664305568" >
  <allocated-bytes non-tlh="34709608" tlh="629595960" />
  <largest-consumer threadName="Group1.Backend.CompositeBackend{Tier1}.6" threadId="000000000089DB00" bytes="103341152" />
</allocation-stats>
<gc-op id="4889" type="scavenge" timems="125.344" contextid="4886" timestamp="2020-09-11T12:50:01.401">
  <scavenger-info tenureage="3" tenuremask="7ff8" tiltratio="82" />
  <memory-copied type="nursery" objects="4216390" bytes="110970056" bytesdiscarded="145904" />
  <memory-copied type="tenure" objects="1033683" bytes="27768992" bytesdiscarded="87392" />
  <ownableSynchronizers candidates="4109" cleared="3822" />
  <references type="soft" candidates="215" cleared="0" enqueued="0" dynamicThreshold="16" maxThreshold="32" />
  <references type="weak" candidates="97" cleared="97" enqueued="0" />
</gc-op>
<gc-end id="4890" type="scavenge" contextid="4886" durationms="126.441" usertimems="902.144" systemtimems="9.264" timestamp="2020-09-11T12:50:01.402" activeThreads="8">
  <mem-info id="4891" free="1395310552" total="2671509504" percent="52">
    <mem type="nursery" free="667963120" total="939524096" percent="71">
      <mem type="allocate" free="667963120" total="779157504" percent="85" />
      <mem type="survivor" free="0" total="160366592" percent="0" />
    </mem>
    <mem type="tenure" free="727347432" total="1731985408" percent="41" macro-fragmented="0">
      <mem type="soa" free="654535232" total="1645385728" percent="39" />
      <mem type="loa" free="72812200" total="86599680" percent="84" />
    </mem>
    <remembered-set count="29938" />
  </mem-info>
</gc-end>
<cycle-end id="4892" type="scavenge" contextid="4886" timestamp="2020-09-11T12:50:01.404" />
<allocation-satisfied id="4893" threadId="000000000086B500" bytesRequested="32" />
<af-end id="4894" timestamp="2020-09-11T12:50:01.404" threadId="000000000086BE80" success="true" from="nursery"/>
<exclusive-end id="4895" timestamp="2020-09-11T12:50:01.404" durationms="130.294" />

<exclusive-start id="4896" timestamp="2020-09-11T12:50:03.313" intervalms="2039.793">
  <response-info timems="0.453" idlems="0.453" threads="0" lastid="0000000000789300" lastname="Group1.Backend.CompositeBackend{Tier1}.1" />
</exclusive-start>
<af-start id="4897" threadId="0000000000789C80" totalBytesRequested="96" timestamp="2020-09-11T12:50:03.314" intervalms="2039.319" type="nursery" />
<cycle-start id="4898" type="scavenge" contextid="0" timestamp="2020-09-11T12:50:03.314" intervalms="2039.081" />
<gc-start id="4899" type="scavenge" contextid="4898" timestamp="2020-09-11T12:50:03.315">
  <mem-info id="4900" free="727347432" total="2671509504" percent="27">
    <mem type="nursery" free="0" total="939524096" percent="0">
      <mem type="allocate" free="0" total="779157504" percent="0" />
      <mem type="survivor" free="0" total="160366592" percent="0" />
    </mem>
    <mem type="tenure" free="727347432" total="1731985408" percent="41">
      <mem type="soa" free="654535232" total="1645385728" percent="39" />
      <mem type="loa" free="72812200" total="86599680" percent="84" />
    </mem>
    <remembered-set count="190177" />
  </mem-info>
</gc-start>
<allocation-stats totalBytes="667654640" >
  <allocated-bytes non-tlh="30599840" tlh="637054800" />
  <largest-consumer threadName="Group1.Backend.CompositeBackend{Tier1}.6" threadId="000000000089DB00" bytes="84638784" />
</allocation-stats>
<gc-op id="4901" type="scavenge" timems="107.307" contextid="4898" timestamp="2020-09-11T12:50:03.422">
  <scavenger-info tenureage="3" tenuremask="7ff8" tiltratio="82" />
  <memory-copied type="nursery" objects="3891232" bytes="104324216" bytesdiscarded="302712" />
  <memory-copied type="tenure" objects="1045819" bytes="28100216" bytesdiscarded="76648" />
  <ownableSynchronizers candidates="3491" cleared="3220" />
  <references type="soft" candidates="204" cleared="0" enqueued="0" dynamicThreshold="16" maxThreshold="32" />
  <references type="weak" candidates="122" cleared="122" enqueued="0" />
</gc-op>
<gc-end id="4902" type="scavenge" contextid="4898" durationms="108.404" usertimems="756.237" systemtimems="0.000" timestamp="2020-09-11T12:50:03.423" activeThreads="8">
  <mem-info id="4903" free="1380784896" total="2671509504" percent="51">
    <mem type="nursery" free="681656576" total="939524096" percent="72">
      <mem type="allocate" free="681656576" total="786366464" percent="86" />
      <mem type="survivor" free="0" total="153157632" percent="0" />
    </mem>
    <mem type="tenure" free="699128320" total="1731985408" percent="40" macro-fragmented="0">
      <mem type="soa" free="626316120" total="1645385728" percent="38" />
      <mem type="loa" free="72812200" total="86599680" percent="84" />
    </mem>
    <remembered-set count="29098" />
  </mem-info>
</gc-end>
<cycle-end id="4904" type="scavenge" contextid="4898" timestamp="2020-09-11T12:50:03.425" />
<allocation-satisfied id="4905" threadId="0000000000789300" bytesRequested="96" />
<af-end id="4906" timestamp="2020-09-11T12:50:03.425" threadId="0000000000789C80" success="true" from="nursery"/>
<exclusive-end id="4907" timestamp="2020-09-11T12:50:03.425" durationms="111.978" />

<exclusive-start id="4908" timestamp="2020-09-11T12:50:05.450" intervalms="2136.600">
  <response-info timems="1.026" idlems="1.026" threads="0" lastid="000000000088BD00" lastname="Group1.Backend.CompositeBackend{Tier1}.7" />
</exclusive-start>
<af-start id="4909" threadId="000000000088C680" totalBytesRequested="520" timestamp="2020-09-11T12:50:05.451" intervalms="2136.548" type="nursery" />
<cycle-start id="4910" type="scavenge" contextid="0" timestamp="2020-09-11T12:50:05.451" intervalms="2136.574" />
<gc-start id="4911" type="scavenge" contextid="4910" timestamp="2020-09-11T12:50:05.451">
  <mem-info id="4912" free="699128320" total="2671509504" percent="26">
    <mem type="nursery" free="0" total="939524096" percent="0">
      <mem type="allocate" free="0" total="786366464" percent="0" />
      <mem type="survivor" free="0" total="153157632" percent="0" />
    </mem>
    <mem type="tenure" free="699128320" total="1731985408" percent="40">
      <mem type="soa" free="626316120" total="1645385728" percent="38" />
      <mem type="loa" free="72812200" total="86599680" percent="84" />
    </mem>
    <remembered-set count="193323" />
  </mem-info>
</gc-start>
<allocation-stats totalBytes="681325064" >
  <allocated-bytes non-tlh="31034888" tlh="650290176" />
  <largest-consumer threadName="Group1.Backend.CompositeBackend{Tier1}.4" threadId="000000000086B500" bytes="108562400" />
</allocation-stats>
<gc-op id="4913" type="scavenge" timems="111.329" contextid="4910" timestamp="2020-09-11T12:50:05.563">
  <scavenger-info tenureage="3" tenuremask="7ff8" tiltratio="83" />
  <memory-copied type="nursery" objects="4059491" bytes="108816720" bytesdiscarded="230376" />
  <memory-copied type="tenure" objects="983248" bytes="26405848" bytesdiscarded="97816" />
  <ownableSynchronizers candidates="3135" cleared="2886" />
  <references type="soft" candidates="192" cleared="0" enqueued="0" dynamicThreshold="16" maxThreshold="32" />
  <references type="weak" candidates="94" cleared="94" enqueued="0" />
</gc-op>
<gc-end id="4914" type="scavenge" contextid="4910" durationms="112.993" usertimems="809.267" systemtimems="0.000" timestamp="2020-09-11T12:50:05.564" activeThreads="8">
  <mem-info id="4915" free="1355109736" total="2671509504" percent="50">
    <mem type="nursery" free="682473472" total="939524096" percent="72">
      <mem type="allocate" free="682473472" total="791609344" percent="86" />
      <mem type="survivor" free="0" total="147914752" percent="0" />
    </mem>
    <mem type="tenure" free="672636264" total="1731985408" percent="38" macro-fragmented="0">
      <mem type="soa" free="599824064" total="1645385728" percent="36" />
      <mem type="loa" free="72812200" total="86599680" percent="84" />
    </mem>
    <remembered-set count="28049" />
  </mem-info>
</gc-end>
<cycle-end id="4916" type="scavenge" contextid="4910" timestamp="2020-09-11T12:50:05.566" />
<allocation-satisfied id="4917" threadId="000000000088BD00" bytesRequested="520" />
<af-end id="4918" timestamp="2020-09-11T12:50:05.566" threadId="000000000088C680" success="true" from="nursery"/>
<exclusive-end id="4919" timestamp="2020-09-11T12:50:05.566" durationms="115.831" />

</verbosegc>

