<?xml version="1.0" ?>

<verbosegc xmlns="http://www.ibm.com/j9/verbosegc" version="c1dd04cca_CMPRSS">

!@: MM_VerboseWriterFileLoggingSynchronous::openFile

!@: Before Trigger

<exclusive-start id="1268" timestamp="2020-09-11T12:40:17.830" intervalms="58.743">
  <response-info timems="0.175" idlems="0.175" threads="0" lastid="00000000007B4C00" lastname="ForkJoinPool-3-worker-9" />
</exclusive-start>
!@: handleInitialized
<initialized id="1269" timestamp="2020-09-11T12:40:17.831">
  <attribute name="gcPolicy" value="-Xgcpolicy:gencon" />
  <attribute name="maxHeapSize" value="0xe0000000" />
  <attribute name="initialHeapSize" value="0x800000" />
  <attribute name="compressedRefs" value="true" />
  <attribute name="compressedRefsDisplacement" value="0x0" />
  <attribute name="compressedRefsShift" value="0x0" />
  <attribute name="pageSize" value="0x1000" />
  <attribute name="pageType" value="not used" />
  <attribute name="requestedPageSize" value="0x1000" />
  <attribute name="requestedPageType" value="not used" />
  <attribute name="gcthreads" value="8" />
  <attribute name="packetListSplit" value="1" />
  <attribute name="cacheListSplit" value="1" />
  <attribute name="splitFreeListSplitAmount" value="1" />
  <attribute name="numaNodes" value="0" />
  <system>
    <attribute name="physicalMemory" value="16818696192" />
    <attribute name="numCPUs" value="8" />
    <attribute name="architecture" value="amd64" />
    <attribute name="os" value="Linux" />
    <attribute name="osVersion" value="4.15.0-101-generic" />
  </system>
  <vmargs>
    <vmarg name="-Xoptionsfile=/root/code/openj9-openjdk-jdk11/build/linux-x86_64-normal-server-release/jdk/lib/options.default" />
    <vmarg name="-Xlockword:mode=default,noLockword=java/lang/String,noLockword=java/util/MapEntry,noLockword=java/util/HashMap$Entry,noLockword..." />
    <vmarg name="-Xjcl:jclse29" />
    <vmarg name="-Dcom.ibm.oti.vm.bootstrap.library.path=/root/code/openj9-openjdk-jdk11/build/linux-x86_64-normal-server-release/jdk/lib/compre..." />
    <vmarg name="-Dsun.boot.library.path=/root/code/openj9-openjdk-jdk11/build/linux-x86_64-normal-server-release/jdk/lib/compressedrefs:/root/c..." />
    <vmarg name="-Djava.library.path=/root/code/openj9-openjdk-jdk11/build/linux-x86_64-normal-server-release/jdk/lib/compressedrefs:/root/code/..." />
    <vmarg name="-Djava.home=/root/code/openj9-openjdk-jdk11/build/linux-x86_64-normal-server-release/jdk" />
    <vmarg name="-Duser.dir=/root/specjbb2015" />
    <vmarg name="-verbose:gc" />
    <vmarg name="-Xmx3584M" />
    <vmarg name="-Xgc:noConcurrentMark" />
    <vmarg name="-Xtgc:parallel" />
    <vmarg name="-XX:-UseGCStartupHints" />
    <vmarg name="-Xgcpolicy:gencon" />
    <vmarg name="-Xverbosegclog:testOutput,5,100" />
    <vmarg name="-Djava.class.path=/root/specjbb2015/specjbb2015.jar" />
    <vmarg name="-Dsun.java.command=/root/specjbb2015/specjbb2015.jar -m COMPOSITE" />
    <vmarg name="-Dsun.java.launcher=SUN_STANDARD" />
    <vmarg name="-Dsun.java.launcher.pid=19756" />
  </vmargs>
</initialized>

!@: After Trigger

<exclusive-start id="1268" timestamp="2020-09-11T12:40:17.830" intervalms="58.743">
  <response-info timems="0.175" idlems="0.175" threads="0" lastid="00000000007B4C00" lastname="ForkJoinPool-3-worker-9" />
</exclusive-start>
!@: handleInitialized
<initialized id="1269" timestamp="2020-09-11T12:40:17.831">
  <attribute name="gcPolicy" value="-Xgcpolicy:gencon" />
  <attribute name="maxHeapSize" value="0xe0000000" />
  <attribute name="initialHeapSize" value="0x800000" />
  <attribute name="compressedRefs" value="true" />
  <attribute name="compressedRefsDisplacement" value="0x0" />
  <attribute name="compressedRefsShift" value="0x0" />
  <attribute name="pageSize" value="0x1000" />
  <attribute name="pageType" value="not used" />
  <attribute name="requestedPageSize" value="0x1000" />
  <attribute name="requestedPageType" value="not used" />
  <attribute name="gcthreads" value="8" />
  <attribute name="packetListSplit" value="1" />
  <attribute name="cacheListSplit" value="1" />
  <attribute name="splitFreeListSplitAmount" value="1" />
  <attribute name="numaNodes" value="0" />
  <system>
    <attribute name="physicalMemory" value="16818696192" />
    <attribute name="numCPUs" value="8" />
    <attribute name="architecture" value="amd64" />
    <af-start id="1270" threadId="00000000007B5580" totalBytesRequested="40" timestamp="2020-09-11T12:40:17.831" intervalms="58.972" type="nursery" />
<cycle-start id="1271" type="scavenge" contextid="0" timestamp="2020-09-11T12:40:17.831" intervalms="58.961" />
<gc-start id="1272" type="scavenge" contextid="1271" timestamp="2020-09-11T12:40:17.831">
  <mem-info id="1273" free="40187424" total="235929600" percent="17">
    <mem type="nursery" free="0" total="114688000" percent="0">
      <mem type="allocate" free="0" total="57344000" percent="0" />
      <mem type="survivor" free="0" total="57344000" percent="0" />
    </mem>
    <mem type="tenure" free="40187424" total="121241600" percent="33">
      <mem type="soa" free="31700512" total="112754688" percent="28" />
      <mem type="loa" free="8486912" total="8486912" percent="100" />
    </mem>
    <remembered-set count="6247" />
  </mem-info>
</gc-start>
<allocation-stats totalBytes="16709712" >
  <allocated-bytes non-tlh="1238352" tlh="15471360" />
  <largest-consumer threadName="ForkJoinPool-3-worker-5" threadId="000000000079D100" bytes="7275344" />
</allocation-stats>
<gc-op id="1274" type="scavenge" timems="38.046" contextid="1271" timestamp="2020-09-11T12:40:17.869">
  <scavenger-info tenureage="3" tenuremask="7ff8" tiltratio="50" />
  <memory-copied type="nursery" objects="1262123" bytes="40026296" bytesdiscarded="156704" />
  <memory-copied type="tenure" objects="217052" bytes="6925808" bytesdiscarded="264" />
  <ownableSynchronizers candidates="20" cleared="0" />
  <references type="soft" candidates="108" cleared="0" enqueued="0" dynamicThreshold="10" maxThreshold="32" />
  <references type="weak" candidates="34" cleared="0" enqueued="0" />
  <references type="phantom" candidates="2" cleared="0" enqueued="0" />
</gc-op>
<heap-resize id="1275" type="expand" space="nursery" amount="33947648" count="1" timems="0.063" reason="excessive time being spent scavenging" timestamp="2020-09-11T12:40:17.869" />
<gc-end id="1276" type="scavenge" contextid="1271" durationms="38.576" usertimems="261.999" systemtimems="9.711" timestamp="2020-09-11T12:40:17.870" activeThreads="8">
  <mem-info id="1277" free="66863072" total="269877248" percent="24">
    <mem type="nursery" free="34134464" total="148635648" percent="22">
      <mem type="allocate" free="34134464" total="74317824" percent="45" />
      <mem type="survivor" free="0" total="74317824" percent="0" />
    </mem>
    <mem type="tenure" free="32728608" total="121241600" percent="26">
      <mem type="soa" free="24241696" total="112754688" percent="21" />
      <mem type="loa" free="8486912" total="8486912" percent="100" />
    </mem>
    <remembered-set count="4355" />
  </mem-info>
</gc-end>
<cycle-end id="1278" type="scavenge" contextid="1271" timestamp="2020-09-11T12:40:17.871" />
<allocation-satisfied id="1279" threadId="00000000007B4C00" bytesRequested="40" />
<af-end id="1280" timestamp="2020-09-11T12:40:17.871" threadId="00000000007B5580" success="true" from="nursery"/>
<exclusive-end id="1281" timestamp="2020-09-11T12:40:17.871" durationms="41.142" />

<exclusive-start id="1282" timestamp="2020-09-11T12:40:17.922" intervalms="92.147">
  <response-info timems="0.176" idlems="0.176" threads="0" lastid="00000000007B4C00" lastname="ForkJoinPool-3-worker-9" />
</exclusive-start>
<af-start id="1283" threadId="00000000007B5580" totalBytesRequested="32" timestamp="2020-09-11T12:40:17.923" intervalms="91.889" type="nursery" />
<cycle-start id="1284" type="scavenge" contextid="0" timestamp="2020-09-11T12:40:17.923" intervalms="91.894" />
<gc-start id="1285" type="scavenge" contextid="1284" timestamp="2020-09-11T12:40:17.923">
  <mem-info id="1286" free="32728608" total="269877248" percent="12">
    <mem type="nursery" free="0" total="148635648" percent="0">
      <mem type="allocate" free="0" total="74317824" percent="0" />
      <mem type="survivor" free="0" total="74317824" percent="0" />
    </mem>
    <mem type="tenure" free="32728608" total="121241600" percent="26">
      <mem type="soa" free="24241696" total="112754688" percent="21" />
      <mem type="loa" free="8486912" total="8486912" percent="100" />
    </mem>
    <remembered-set count="5471" />
  </mem-info>
</gc-start>
<allocation-stats totalBytes="34130608" >
  <allocated-bytes non-tlh="1188344" tlh="32942264" />
  <largest-consumer threadName="ForkJoinPool-3-worker-5" threadId="000000000079D100" bytes="15641944" />
</allocation-stats>
<gc-op id="1287" type="scavenge" timems="41.700" contextid="1284" timestamp="2020-09-11T12:40:17.965">
  <scavenger-info tenureage="2" tenuremask="7ffc" tiltratio="50" />
  <memory-copied type="nursery" objects="614596" bytes="20459448" bytesdiscarded="174904" />
  <memory-copied type="tenure" objects="1068545" bytes="32534576" bytesdiscarded="5400" />
  <ownableSynchronizers candidates="20" cleared="0" />
  <heap-resize type="expand" space="tenure" amount="8716288" count="19" timems="2.705" reason="continue current collection" />
</gc-op>
<heap-resize id="1288" type="expand" space="nursery" amount="31588352" count="1" timems="0.038" reason="excessive time being spent scavenging" timestamp="2020-09-11T12:40:17.965" />
<gc-end id="1289" type="scavenge" contextid="1284" durationms="42.175" usertimems="304.717" systemtimems="13.026" timestamp="2020-09-11T12:40:17.965" activeThreads="8">
  <mem-info id="1290" free="95860752" total="310181888" percent="30">
    <mem type="nursery" free="86517008" total="180224000" percent="48">
      <mem type="allocate" free="86517008" total="107151360" percent="80" />
      <mem type="survivor" free="0" total="73072640" percent="0" />
    </mem>
    <mem type="tenure" free="9343744" total="129957888" percent="7">
      <mem type="soa" free="246528" total="120860672" percent="0" />
      <mem type="loa" free="9097216" total="9097216" percent="100" />
    </mem>
    <remembered-set count="18227" />
  </mem-info>
</gc-end>
<cycle-end id="1291" type="scavenge" contextid="1284" timestamp="2020-09-11T12:40:17.967" />
<allocation-satisfied id="1292" threadId="00000000007B4C00" bytesRequested="32" />
<af-end id="1293" timestamp="2020-09-11T12:40:17.967" threadId="00000000007B5580" success="true" from="nursery"/>
<exclusive-end id="1294" timestamp="2020-09-11T12:40:17.967" durationms="44.570" />

<exclusive-start id="1295" timestamp="2020-09-11T12:40:18.097" intervalms="174.233">
  <response-info timems="0.143" idlems="0.143" threads="0" lastid="00000000007B1000" lastname="ForkJoinPool-3-worker-7" />
</exclusive-start>
<af-start id="1296" threadId="00000000007B1980" totalBytesRequested="40" timestamp="2020-09-11T12:40:18.097" intervalms="174.212" type="nursery" />
<cycle-start id="1297" type="scavenge" contextid="0" timestamp="2020-09-11T12:40:18.097" intervalms="174.208" />
<gc-start id="1298" type="scavenge" contextid="1297" timestamp="2020-09-11T12:40:18.097">
  <mem-info id="1299" free="9343744" total="310181888" percent="3">
    <mem type="nursery" free="0" total="180224000" percent="0">
      <mem type="allocate" free="0" total="107151360" percent="0" />
      <mem type="survivor" free="0" total="73072640" percent="0" />
    </mem>
    <mem type="tenure" free="9343744" total="129957888" percent="7">
      <mem type="soa" free="246528" total="120860672" percent="0" />
      <mem type="loa" free="9097216" total="9097216" percent="100" />
    </mem>
    <remembered-set count="47032" />
  </mem-info>
</gc-start>
<allocation-stats totalBytes="86507016" >
  <allocated-bytes non-tlh="3683032" tlh="82823984" />
  <largest-consumer threadName="ForkJoinPool-3-worker-7" threadId="00000000007B1000" bytes="33504112" />
</allocation-stats>
<gc-op id="1300" type="scavenge" timems="50.441" contextid="1297" timestamp="2020-09-11T12:40:18.148">
  <scavenger-info tenureage="2" tenuremask="7ffc" tiltratio="59" />
  <memory-copied type="nursery" objects="1605459" bytes="51393720" bytesdiscarded="171776" />
  <memory-copied type="tenure" objects="193567" bytes="6262416" bytesdiscarded="976" />
  <heap-resize type="expand" space="tenure" amount="7208960" count="10" timems="1.973" reason="continue current collection" />
</gc-op>
<heap-resize id="1301" type="expand" space="nursery" amount="23724032" count="1" timems="0.070" reason="excessive time being spent scavenging" timestamp="2020-09-11T12:40:18.148" />
<gc-end id="1302" type="scavenge" contextid="1297" durationms="51.190" usertimems="376.002" systemtimems="11.713" timestamp="2020-09-11T12:40:18.148" activeThreads="8">
  <mem-info id="1303" free="65233224" total="341114880" percent="19">
    <mem type="nursery" free="55323720" total="203948032" percent="27">
      <mem type="allocate" free="55323720" total="106889216" percent="51" />
      <mem type="survivor" free="0" total="97058816" percent="0" />
    </mem>
    <mem type="tenure" free="9909504" total="137166848" percent="7">
      <mem type="soa" free="307456" total="127564800" percent="0" />
      <mem type="loa" free="9602048" total="9602048" percent="100" />
    </mem>
    <remembered-set count="31220" />
  </mem-info>
</gc-end>
<cycle-end id="1304" type="scavenge" contextid="1297" timestamp="2020-09-11T12:40:18.150" />
<allocation-satisfied id="1305" threadId="00000000007B1000" bytesRequested="40" />
<af-end id="1306" timestamp="2020-09-11T12:40:18.150" threadId="00000000007B1980" success="true" from="nursery"/>
<exclusive-end id="1307" timestamp="2020-09-11T12:40:18.150" durationms="53.686" />

<exclusive-start id="1308" timestamp="2020-09-11T12:40:18.270" intervalms="173.729">
  <response-info timems="0.174" idlems="0.174" threads="0" lastid="00000000007B4C00" lastname="ForkJoinPool-3-worker-9" />
</exclusive-start>
<af-start id="1309" threadId="00000000007B5580" totalBytesRequested="24" timestamp="2020-09-11T12:40:18.271" intervalms="173.762" type="nursery" />
<cycle-start id="1310" type="scavenge" contextid="0" timestamp="2020-09-11T12:40:18.271" intervalms="173.763" />
<gc-start id="1311" type="scavenge" contextid="1310" timestamp="2020-09-11T12:40:18.271">
  <mem-info id="1312" free="9909504" total="341114880" percent="2">
    <mem type="nursery" free="0" total="203948032" percent="0">
      <mem type="allocate" free="0" total="106889216" percent="0" />
      <mem type="survivor" free="0" total="97058816" percent="0" />
    </mem>
    <mem type="tenure" free="9909504" total="137166848" percent="7">
      <mem type="soa" free="307456" total="127564800" percent="0" />
      <mem type="loa" free="9602048" total="9602048" percent="100" />
    </mem>
    <remembered-set count="46171" />
  </mem-info>
</gc-start>
<allocation-stats totalBytes="55316608" >
  <allocated-bytes non-tlh="3344144" tlh="51972464" />
  <largest-consumer threadName="ForkJoinPool-3-worker-9" threadId="00000000007B4C00" bytes="29283328" />
</allocation-stats>
<gc-op id="1313" type="scavenge" timems="67.998" contextid="1310" timestamp="2020-09-11T12:40:18.339">
  <scavenger-info tenureage="1" tenuremask="7ffe" tiltratio="52" />
  <memory-copied type="nursery" objects="1195868" bytes="37744544" bytesdiscarded="192552" />
  <memory-copied type="tenure" objects="1605455" bytes="50759000" bytesdiscarded="8712" />
  <ownableSynchronizers candidates="1" cleared="0" />
  <heap-resize type="expand" space="tenure" amount="54067200" count="75" timems="10.653" reason="continue current collection" />
</gc-op>
<heap-resize id="1314" type="expand" space="nursery" amount="34996224" count="1" timems="0.075" reason="excessive time being spent scavenging" timestamp="2020-09-11T12:40:18.339" />
<gc-end id="1315" type="scavenge" contextid="1310" durationms="68.684" usertimems="501.343" systemtimems="18.143" timestamp="2020-09-11T12:40:18.340" activeThreads="8">
  <mem-info id="1316" free="120538664" total="430178304" percent="28">
    <mem type="nursery" free="107094056" total="238944256" percent="44">
      <mem type="allocate" free="107094056" total="145031168" percent="73" />
      <mem type="survivor" free="0" total="93913088" percent="0" />
    </mem>
    <mem type="tenure" free="13444608" total="191234048" percent="7">
      <mem type="soa" free="57856" total="177847296" percent="0" />
      <mem type="loa" free="13386752" total="13386752" percent="100" />
    </mem>
    <remembered-set count="30677" />
  </mem-info>
</gc-end>
<cycle-end id="1317" type="scavenge" contextid="1310" timestamp="2020-09-11T12:40:18.341" />
<allocation-satisfied id="1318" threadId="00000000007B4C00" bytesRequested="24" />
<af-end id="1319" timestamp="2020-09-11T12:40:18.342" threadId="00000000007B5580" success="true" from="nursery"/>
<exclusive-end id="1320" timestamp="2020-09-11T12:40:18.342" durationms="71.153" />

<exclusive-start id="1321" timestamp="2020-09-11T12:40:18.578" intervalms="308.045">
  <response-info timems="0.207" idlems="0.200" threads="1" lastid="0000000000804300" lastname="ForkJoinPool-10-worker-13" />
</exclusive-start>
<af-start id="1322" threadId="00000000007B1980" totalBytesRequested="2056" timestamp="2020-09-11T12:40:18.579" intervalms="308.095" type="nursery" />
<cycle-start id="1323" type="scavenge" contextid="0" timestamp="2020-09-11T12:40:18.579" intervalms="308.124" />
<gc-start id="1324" type="scavenge" contextid="1323" timestamp="2020-09-11T12:40:18.579">
  <mem-info id="1325" free="13444520" total="430178304" percent="3">
    <mem type="nursery" free="0" total="238944256" percent="0">
      <mem type="allocate" free="0" total="145031168" percent="0" />
      <mem type="survivor" free="0" total="93913088" percent="0" />
    </mem>
    <mem type="tenure" free="13444520" total="191234048" percent="7">
      <mem type="soa" free="57768" total="177847296" percent="0" />
      <mem type="loa" free="13386752" total="13386752" percent="100" />
    </mem>
    <remembered-set count="79782" />
  </mem-info>
</gc-start>
<allocation-stats totalBytes="106994752" >
  <allocated-bytes non-tlh="8199312" tlh="98795440" />
  <largest-consumer threadName="ForkJoinPool-3-worker-9" threadId="00000000007B4C00" bytes="34177944" />
</allocation-stats>
<gc-op id="1326" type="scavenge" timems="86.905" contextid="1323" timestamp="2020-09-11T12:40:18.666">
  <scavenger-info tenureage="1" tenuremask="7ffe" tiltratio="60" />
  <memory-copied type="nursery" objects="2548773" bytes="79363760" bytesdiscarded="320080" />
  <memory-copied type="tenure" objects="1195866" bytes="36695960" bytesdiscarded="4528" />
  <ownableSynchronizers candidates="1" cleared="0" />
  <heap-resize type="expand" space="tenure" amount="39845888" count="38" timems="9.000" reason="continue current collection" />
</gc-op>
<heap-resize id="1327" type="expand" space="nursery" amount="30146560" count="1" timems="0.097" reason="excessive time being spent scavenging" timestamp="2020-09-11T12:40:18.666" />
<gc-end id="1328" type="scavenge" contextid="1323" durationms="87.634" usertimems="624.312" systemtimems="26.975" timestamp="2020-09-11T12:40:18.667" activeThreads="8">
  <mem-info id="1329" free="71093160" total="500170752" percent="14">
    <mem type="nursery" free="54861480" total="269090816" percent="20">
      <mem type="allocate" free="54861480" total="134545408" percent="40" />
      <mem type="survivor" free="0" total="134545408" percent="0" />
    </mem>
    <mem type="tenure" free="16231680" total="231079936" percent="7">
      <mem type="soa" free="55552" total="214903808" percent="0" />
      <mem type="loa" free="16176128" total="16176128" percent="100" />
    </mem>
    <remembered-set count="22550" />
  </mem-info>
</gc-end>
<cycle-end id="1330" type="scavenge" contextid="1323" timestamp="2020-09-11T12:40:18.669" />
<allocation-satisfied id="1331" threadId="00000000007B1000" bytesRequested="2056" />
<af-end id="1332" timestamp="2020-09-11T12:40:18.669" threadId="00000000007B1980" success="true" from="nursery"/>
<exclusive-end id="1333" timestamp="2020-09-11T12:40:18.669" durationms="90.681" />

<exclusive-start id="1334" timestamp="2020-09-11T12:40:18.751" intervalms="172.981">
  <response-info timems="5.794" idlems="5.725" threads="2" lastid="000000000080BF00" lastname="ForkJoinPool-10-worker-15" />
</exclusive-start>
<af-start id="1335" threadId="00000000007EDC80" totalBytesRequested="264" timestamp="2020-09-11T12:40:18.752" intervalms="173.050" type="nursery" />
<percolate-collect id="1336" from="nursery" to="global" reason="met projected tenure max free" timestamp="2020-09-11T12:40:18.752"/>
<cycle-start id="1337" type="global" contextid="0" timestamp="2020-09-11T12:40:18.752" intervalms="1027.930" />
<gc-start id="1338" type="global" contextid="1337" timestamp="2020-09-11T12:40:18.752">
  <mem-info id="1339" free="16231680" total="500170752" percent="3">
    <mem type="nursery" free="0" total="269090816" percent="0">
      <mem type="allocate" free="0" total="134545408" percent="0" />
      <mem type="survivor" free="0" total="134545408" percent="0" />
    </mem>
    <mem type="tenure" free="16231680" total="231079936" percent="7">
      <mem type="soa" free="55552" total="214903808" percent="0" />
      <mem type="loa" free="16176128" total="16176128" percent="100" />
    </mem>
    <remembered-set count="22551" />
  </mem-info>
</gc-start>
<allocation-stats totalBytes="54814336" >
  <allocated-bytes non-tlh="617368" tlh="54196968" />
  <largest-consumer threadName="ForkJoinPool-10-worker-7" threadId="00000000007F4F00" bytes="9455496" />
</allocation-stats>
<gc-op id="1340" type="mark" timems="128.597" contextid="1337" timestamp="2020-09-11T12:40:18.881">
  <trace-info objectcount="9355829" scancount="7737121" scanbytes="217642868" />
  <finalization candidates="88" enqueued="0" />
  <ownableSynchronizers candidates="96" cleared="0" />
  <references type="soft" candidates="4570" cleared="0" enqueued="0" dynamicThreshold="10" maxThreshold="32" />
  <references type="weak" candidates="2952" cleared="0" enqueued="0" />
  <references type="phantom" candidates="102" cleared="0" enqueued="0" />
  <stringconstants candidates="9187" cleared="0"  />
</gc-op>
<gc-op id="1341" type="classunload" timems="0.103" contextid="1337" timestamp="2020-09-11T12:40:18.881">
  <classunload-info classloadercandidates="94" classloadersunloaded="0" classesunloaded="0" anonymousclassesunloaded="0" quiescems="0.000" setupms="0.101" scanms="0.002" postms="0.000" />
</gc-op>
<gc-op id="1342" type="sweep" timems="5.588" contextid="1337" timestamp="2020-09-11T12:40:18.887" />
<heap-resize id="1343" type="expand" space="tenure" amount="54198272" count="1" timems="0.438" reason="insufficient free space following gc" timestamp="2020-09-11T12:40:18.888" />
<gc-end id="1344" type="global" contextid="1337" durationms="135.462" usertimems="939.430" systemtimems="13.895" timestamp="2020-09-11T12:40:18.888" activeThreads="8">
  <mem-info id="1345" free="97914168" total="554369024" percent="17">
    <mem type="nursery" free="9448936" total="269090816" percent="3">
      <mem type="allocate" free="9448936" total="134545408" percent="7" />
      <mem type="survivor" free="0" total="134545408" percent="0" />
    </mem>
    <mem type="tenure" free="88465232" total="285278208" percent="31" micro-fragmented="1126094" macro-fragmented="0">
      <mem type="soa" free="68495184" total="265308160" percent="25" />
      <mem type="loa" free="19970048" total="19970048" percent="100" />
    </mem>
    <remembered-set count="1095" />
  </mem-info>
</gc-end>
<cycle-end id="1346" type="global" contextid="1337" timestamp="2020-09-11T12:40:18.888" />
<allocation-satisfied id="1347" threadId="00000000007ED300" bytesRequested="264" />
<af-end id="1348" timestamp="2020-09-11T12:40:18.888" threadId="00000000007EDC80" success="true" from="nursery"/>
<exclusive-end id="1349" timestamp="2020-09-11T12:40:18.888" durationms="136.806" />

<exclusive-start id="1350" timestamp="2020-09-11T12:40:18.897" intervalms="145.506">
  <response-info timems="3.601" idlems="1.865" threads="1" lastid="00000000007B4C00" lastname="ForkJoinPool-3-worker-9" />
</exclusive-start>
<af-start id="1351" threadId="0000000000804C80" totalBytesRequested="520" timestamp="2020-09-11T12:40:18.897" intervalms="145.399" type="nursery" />
<cycle-start id="1352" type="scavenge" contextid="0" timestamp="2020-09-11T12:40:18.897" intervalms="318.429" />
<gc-start id="1353" type="scavenge" contextid="1352" timestamp="2020-09-11T12:40:18.897">
  <mem-info id="1354" free="88465232" total="554369024" percent="15">
    <mem type="nursery" free="0" total="269090816" percent="0">
      <mem type="allocate" free="0" total="134545408" percent="0" />
      <mem type="survivor" free="0" total="134545408" percent="0" />
    </mem>
    <mem type="tenure" free="88465232" total="285278208" percent="31">
      <mem type="soa" free="68495184" total="265308160" percent="25" />
      <mem type="loa" free="19970048" total="19970048" percent="100" />
    </mem>
    <remembered-set count="1095" />
  </mem-info>
</gc-start>
<allocation-stats totalBytes="9438816" >
  <allocated-bytes non-tlh="264" tlh="9438552" />
  <largest-consumer threadName="ForkJoinPool-10-worker-7" threadId="00000000007F4F00" bytes="6822824" />
</allocation-stats>
<gc-op id="1355" type="scavenge" timems="75.160" contextid="1352" timestamp="2020-09-11T12:40:18.973">
  <scavenger-info tenureage="1" tenuremask="fffe" tiltratio="50" />
  <memory-copied type="nursery" objects="1994706" bytes="55642680" bytesdiscarded="121960" />
  <memory-copied type="tenure" objects="2372986" bytes="70606856" bytesdiscarded="69856" />
  <ownableSynchronizers candidates="192" cleared="192" />
  <heap-resize type="expand" space="tenure" amount="3145728" count="3" timems="0.553" reason="continue current collection" />
</gc-op>
<heap-resize id="1356" type="expand" space="nursery" amount="31195136" count="1" timems="0.124" reason="excessive time being spent scavenging" timestamp="2020-09-11T12:40:18.973" />
<gc-end id="1357" type="scavenge" contextid="1352" durationms="75.778" usertimems="549.480" systemtimems="8.284" timestamp="2020-09-11T12:40:18.973" activeThreads="8">
  <mem-info id="1358" free="134517088" total="588709888" percent="22">
    <mem type="nursery" free="113711456" total="300285952" percent="37">
      <mem type="allocate" free="113711456" total="169476096" percent="67" />
      <mem type="survivor" free="0" total="130809856" percent="0" />
    </mem>
    <mem type="tenure" free="20805632" total="288423936" percent="7">
      <mem type="soa" free="615424" total="268233728" percent="0" />
      <mem type="loa" free="20190208" total="20190208" percent="100" />
    </mem>
    <remembered-set count="696" />
  </mem-info>
</gc-end>
<cycle-end id="1359" type="scavenge" contextid="1352" timestamp="2020-09-11T12:40:18.974" />
<allocation-satisfied id="1360" threadId="0000000000804300" bytesRequested="520" />
<af-end id="1361" timestamp="2020-09-11T12:40:18.974" threadId="0000000000804C80" success="true" from="nursery"/>
<exclusive-end id="1362" timestamp="2020-09-11T12:40:18.975" durationms="77.626" />

<exclusive-start id="1363" timestamp="2020-09-11T12:40:19.002" intervalms="105.394">
  <response-info timems="0.598" idlems="0.486" threads="3" lastid="0000000000804300" lastname="ForkJoinPool-10-worker-13" />
</exclusive-start>
<af-start id="1364" threadId="00000000007EDC80" totalBytesRequested="16" timestamp="2020-09-11T12:40:19.003" intervalms="105.403" type="nursery" />
<cycle-start id="1365" type="scavenge" contextid="0" timestamp="2020-09-11T12:40:19.003" intervalms="105.406" />
<gc-start id="1366" type="scavenge" contextid="1365" timestamp="2020-09-11T12:40:19.003">
  <mem-info id="1367" free="20805632" total="588709888" percent="3">
    <mem type="nursery" free="0" total="300285952" percent="0">
      <mem type="allocate" free="0" total="169476096" percent="0" />
      <mem type="survivor" free="0" total="130809856" percent="0" />
    </mem>
    <mem type="tenure" free="20805632" total="288423936" percent="7">
      <mem type="soa" free="615424" total="268233728" percent="0" />
      <mem type="loa" free="20190208" total="20190208" percent="100" />
    </mem>
    <remembered-set count="704" />
  </mem-info>
</gc-start>
<allocation-stats totalBytes="113673600" >
  <allocated-bytes non-tlh="459296" tlh="113214304" />
  <largest-consumer threadName="ForkJoinPool-10-worker-13" threadId="0000000000804300" bytes="39301560" />
</allocation-stats>
<gc-op id="1368" type="scavenge" timems="127.594" contextid="1365" timestamp="2020-09-11T12:40:19.131">
  <scavenger-info tenureage="1" tenuremask="fffe" tiltratio="56" />
  <memory-copied type="nursery" objects="3575670" bytes="98679064" bytesdiscarded="167160" />
  <memory-copied type="tenure" objects="1989841" bytes="55293488" bytesdiscarded="20944" />
  <heap-resize type="expand" space="tenure" amount="59768832" count="57" timems="16.230" reason="continue current collection" />
</gc-op>
<heap-resize id="1369" type="expand" space="nursery" amount="102498304" count="1" timems="0.078" reason="excessive time being spent scavenging" timestamp="2020-09-11T12:40:19.131" />
<gc-end id="1370" type="scavenge" contextid="1365" durationms="128.182" usertimems="897.625" systemtimems="32.497" timestamp="2020-09-11T12:40:19.131" activeThreads="8">
  <mem-info id="1371" free="127499504" total="750977024" percent="16">
    <mem type="nursery" free="102545904" total="402784256" percent="25">
      <mem type="allocate" free="102545904" total="201392128" percent="50" />
      <mem type="survivor" free="0" total="201392128" percent="0" />
    </mem>
    <mem type="tenure" free="24953600" total="348192768" percent="7">
      <mem type="soa" free="579328" total="323818496" percent="0" />
      <mem type="loa" free="24374272" total="24374272" percent="100" />
    </mem>
    <remembered-set count="4435" />
  </mem-info>
</gc-end>
<cycle-end id="1372" type="scavenge" contextid="1365" timestamp="2020-09-11T12:40:19.132" />
<allocation-satisfied id="1373" threadId="00000000007ED300" bytesRequested="16" />
<af-end id="1374" timestamp="2020-09-11T12:40:19.132" threadId="00000000007EDC80" success="true" from="nursery"/>
<exclusive-end id="1375" timestamp="2020-09-11T12:40:19.132" durationms="129.786" />

<exclusive-start id="1376" timestamp="2020-09-11T12:40:19.219" intervalms="216.164">
  <response-info timems="2.632" idlems="2.523" threads="4" lastid="00000000007ED300" lastname="ForkJoinPool-10-worker-5" />
</exclusive-start>
<af-start id="1377" threadId="0000000000810480" totalBytesRequested="56" timestamp="2020-09-11T12:40:19.219" intervalms="216.313" type="nursery" />
<cycle-start id="1378" type="scavenge" contextid="0" timestamp="2020-09-11T12:40:19.219" intervalms="216.344" />
<gc-start id="1379" type="scavenge" contextid="1378" timestamp="2020-09-11T12:40:19.219">
  <mem-info id="1380" free="24953560" total="750977024" percent="3">
    <mem type="nursery" free="0" total="402784256" percent="0">
      <mem type="allocate" free="0" total="201392128" percent="0" />
      <mem type="survivor" free="0" total="201392128" percent="0" />
    </mem>
    <mem type="tenure" free="24953560" total="348192768" percent="7">
      <mem type="soa" free="579288" total="323818496" percent="0" />
      <mem type="loa" free="24374272" total="24374272" percent="100" />
    </mem>
    <remembered-set count="5482" />
  </mem-info>
</gc-start>
<allocation-stats totalBytes="102516528" >
  <allocated-bytes non-tlh="1310800" tlh="101205728" />
  <largest-consumer threadName="ForkJoinPool-10-worker-7" threadId="00000000007F4F00" bytes="26417936" />
</allocation-stats>
<gc-op id="1381" type="scavenge" timems="132.532" contextid="1378" timestamp="2020-09-11T12:40:19.352">
  <scavenger-info tenureage="1" tenuremask="fffe" tiltratio="50" />
  <memory-copied type="nursery" objects="3227696" bytes="89023048" bytesdiscarded="130496" />
  <memory-copied type="tenure" objects="3565577" bytes="98040472" bytesdiscarded="38856" />
  <finalization candidates="2" enqueued="0" />
  <references type="weak" candidates="5" cleared="0" enqueued="0" />
  <heap-resize type="expand" space="tenure" amount="104857600" count="100" timems="23.347" reason="continue current collection" />
</gc-op>
<heap-resize id="1382" type="expand" space="nursery" amount="117964800" count="1" timems="0.071" reason="excessive time being spent scavenging" timestamp="2020-09-11T12:40:19.352" />
<gc-end id="1383" type="scavenge" contextid="1378" durationms="133.102" usertimems="989.377" systemtimems="15.460" timestamp="2020-09-11T12:40:19.352" activeThreads="8">
  <mem-info id="1384" free="255069424" total="973799424" percent="26">
    <mem type="nursery" free="223256560" total="520749056" percent="42">
      <mem type="allocate" free="223256560" total="312410112" percent="71" />
      <mem type="survivor" free="0" total="208338944" percent="0" />
    </mem>
    <mem type="tenure" free="31812864" total="453050368" percent="7">
      <mem type="soa" free="98560" total="421336064" percent="0" />
      <mem type="loa" free="31714304" total="31714304" percent="100" />
    </mem>
    <remembered-set count="4803" />
  </mem-info>
</gc-end>
<cycle-end id="1385" type="scavenge" contextid="1378" timestamp="2020-09-11T12:40:19.353" />
<allocation-satisfied id="1386" threadId="000000000080FB00" bytesRequested="56" />
<af-end id="1387" timestamp="2020-09-11T12:40:19.353" threadId="0000000000810480" success="true" from="nursery"/>
<exclusive-end id="1388" timestamp="2020-09-11T12:40:19.353" durationms="134.954" />

<exclusive-start id="1389" timestamp="2020-09-11T12:40:19.403" intervalms="184.930">
  <response-info timems="0.182" idlems="0.182" threads="0" lastid="0000000000804300" lastname="ForkJoinPool-10-worker-13" />
</exclusive-start>
<af-start id="1390" threadId="0000000000804C80" totalBytesRequested="32" timestamp="2020-09-11T12:40:19.404" intervalms="184.774" type="nursery" />
<cycle-start id="1391" type="scavenge" contextid="0" timestamp="2020-09-11T12:40:19.404" intervalms="184.742" />
<gc-start id="1392" type="scavenge" contextid="1391" timestamp="2020-09-11T12:40:19.404">
  <mem-info id="1393" free="31812864" total="973799424" percent="3">
    <mem type="nursery" free="0" total="520749056" percent="0">
      <mem type="allocate" free="0" total="312410112" percent="0" />
      <mem type="survivor" free="0" total="208338944" percent="0" />
    </mem>
    <mem type="tenure" free="31812864" total="453050368" percent="7">
      <mem type="soa" free="98560" total="421336064" percent="0" />
      <mem type="loa" free="31714304" total="31714304" percent="100" />
    </mem>
    <remembered-set count="4812" />
  </mem-info>
</gc-start>
<allocation-stats totalBytes="223185128" >
  <allocated-bytes non-tlh="56" tlh="223185072" />
  <largest-consumer threadName="ForkJoinPool-10-worker-3" threadId="00000000007E5B00" bytes="52477536" />
</allocation-stats>
<gc-op id="1394" type="scavenge" timems="215.646" contextid="1391" timestamp="2020-09-11T12:40:19.620">
  <scavenger-info tenureage="1" tenuremask="7ffe" tiltratio="59" />
  <memory-copied type="nursery" objects="7035391" bytes="193831472" bytesdiscarded="134608" />
  <memory-copied type="tenure" objects="3227676" bytes="89020368" bytesdiscarded="17624" />
  <finalization candidates="3" enqueued="0" />
  <references type="weak" candidates="3" cleared="0" enqueued="0" />
  <heap-resize type="expand" space="tenure" amount="96468992" count="92" timems="24.451" reason="continue current collection" />
</gc-op>
<heap-resize id="1395" type="expand" space="nursery" amount="132775936" count="1" timems="0.042" reason="excessive time being spent scavenging" timestamp="2020-09-11T12:40:19.620" />
<gc-end id="1396" type="scavenge" contextid="1391" durationms="216.062" usertimems="1531.595" systemtimems="32.945" timestamp="2020-09-11T12:40:19.620" activeThreads="8">
  <mem-info id="1397" free="171713536" total="1203044352" percent="14">
    <mem type="nursery" free="132796416" total="653524992" percent="20">
      <mem type="allocate" free="132796416" total="326762496" percent="40" />
      <mem type="survivor" free="0" total="326762496" percent="0" />
    </mem>
    <mem type="tenure" free="38917120" total="549519360" percent="7">
      <mem type="soa" free="450560" total="511052800" percent="0" />
      <mem type="loa" free="38466560" total="38466560" percent="100" />
    </mem>
    <remembered-set count="868" />
  </mem-info>
</gc-end>
<cycle-end id="1398" type="scavenge" contextid="1391" timestamp="2020-09-11T12:40:19.621" />
<allocation-satisfied id="1399" threadId="0000000000804300" bytesRequested="32" />
<af-end id="1400" timestamp="2020-09-11T12:40:19.621" threadId="0000000000804C80" success="true" from="nursery"/>
<exclusive-end id="1401" timestamp="2020-09-11T12:40:19.621" durationms="217.358" />

<exclusive-start id="1402" timestamp="2020-09-11T12:40:19.720" intervalms="316.349">
  <response-info timems="0.346" idlems="0.320" threads="1" lastid="000000000079D100" lastname="ForkJoinPool-3-worker-5" />
</exclusive-start>
<af-start id="1403" threadId="00000000007B1980" totalBytesRequested="24" timestamp="2020-09-11T12:40:19.720" intervalms="316.427" type="nursery" />
<percolate-collect id="1404" from="nursery" to="global" reason="met projected tenure max free" timestamp="2020-09-11T12:40:19.720"/>
<cycle-start id="1405" type="global" contextid="0" timestamp="2020-09-11T12:40:19.720" intervalms="968.302" />
<gc-start id="1406" type="global" contextid="1405" timestamp="2020-09-11T12:40:19.720">
  <mem-info id="1407" free="38917120" total="1203044352" percent="3">
    <mem type="nursery" free="0" total="653524992" percent="0">
      <mem type="allocate" free="0" total="326762496" percent="0" />
      <mem type="survivor" free="0" total="326762496" percent="0" />
    </mem>
    <mem type="tenure" free="38917120" total="549519360" percent="7">
      <mem type="soa" free="450560" total="511052800" percent="0" />
      <mem type="loa" free="38466560" total="38466560" percent="100" />
    </mem>
    <remembered-set count="870" />
  </mem-info>
</gc-start>
<allocation-stats totalBytes="132767632" >
  <allocated-bytes non-tlh="1747944" tlh="131019688" />
  <largest-consumer threadName="ForkJoinPool-3-worker-7" threadId="00000000007B1000" bytes="36952704" />
</allocation-stats>
<gc-op id="1408" type="mark" timems="268.100" contextid="1405" timestamp="2020-09-11T12:40:19.989">
  <trace-info objectcount="21246849" scancount="21228143" scanbytes="600180664" />
  <finalization candidates="91" enqueued="0" />
  <ownableSynchronizers candidates="96" cleared="0" />
  <references type="soft" candidates="4570" cleared="0" enqueued="0" dynamicThreshold="9" maxThreshold="32" />
  <references type="weak" candidates="2960" cleared="2" enqueued="1" />
  <references type="phantom" candidates="102" cleared="0" enqueued="0" />
  <stringconstants candidates="9187" cleared="0"  />
</gc-op>
<gc-op id="1409" type="sweep" timems="5.229" contextid="1405" timestamp="2020-09-11T12:40:19.994" />
<gc-end id="1410" type="global" contextid="1405" durationms="274.122" usertimems="2037.949" systemtimems="14.318" timestamp="2020-09-11T12:40:19.995" activeThreads="8">
  <mem-info id="1411" free="185511592" total="1203044352" percent="15">
    <mem type="nursery" free="2523928" total="653524992" percent="0">
      <mem type="allocate" free="2523928" total="326762496" percent="0" />
      <mem type="survivor" free="0" total="326762496" percent="0" />
    </mem>
    <mem type="tenure" free="182987664" total="549519360" percent="33" micro-fragmented="299274" macro-fragmented="0">
      <mem type="soa" free="144521104" total="511052800" percent="28" />
      <mem type="loa" free="38466560" total="38466560" percent="100" />
    </mem>
    <pending-finalizers system="0" default="0" reference="1" classloader="0" />
    <remembered-set count="801" />
  </mem-info>
</gc-end>
<cycle-end id="1412" type="global" contextid="1405" timestamp="2020-09-11T12:40:19.995" />
<allocation-satisfied id="1413" threadId="00000000007B1000" bytesRequested="24" />
<af-end id="1414" timestamp="2020-09-11T12:40:19.995" threadId="00000000007B1980" success="true" from="nursery"/>
<exclusive-end id="1415" timestamp="2020-09-11T12:40:19.995" durationms="275.338" />

<exclusive-start id="1416" timestamp="2020-09-11T12:40:19.998" intervalms="277.855">
  <response-info timems="0.209" idlems="0.205" threads="1" lastid="00000000007B4C00" lastname="ForkJoinPool-3-worker-9" />
</exclusive-start>
<af-start id="1417" threadId="000000000079DA80" totalBytesRequested="24" timestamp="2020-09-11T12:40:19.998" intervalms="277.650" type="nursery" />
<cycle-start id="1418" type="scavenge" contextid="0" timestamp="2020-09-11T12:40:19.998" intervalms="594.077" />
<gc-start id="1419" type="scavenge" contextid="1418" timestamp="2020-09-11T12:40:19.998">
  <mem-info id="1420" free="182987664" total="1203044352" percent="15">
    <mem type="nursery" free="0" total="653524992" percent="0">
      <mem type="allocate" free="0" total="326762496" percent="0" />
      <mem type="survivor" free="0" total="326762496" percent="0" />
    </mem>
    <mem type="tenure" free="182987664" total="549519360" percent="33">
      <mem type="soa" free="144521104" total="511052800" percent="28" />
      <mem type="loa" free="38466560" total="38466560" percent="100" />
    </mem>
    <remembered-set count="802" />
  </mem-info>
</gc-start>
<allocation-stats totalBytes="2520520" >
  <allocated-bytes non-tlh="131104" tlh="2389416" />
  <largest-consumer threadName="ForkJoinPool-3-worker-9" threadId="00000000007B4C00" bytes="1358112" />
</allocation-stats>
<gc-op id="1421" type="scavenge" timems="156.223" contextid="1418" timestamp="2020-09-11T12:40:20.154">
  <scavenger-info tenureage="1" tenuremask="fffe" tiltratio="50" />
  <memory-copied type="nursery" objects="2182804" bytes="59728648" bytesdiscarded="500624" />
  <memory-copied type="tenure" objects="7035251" bytes="193823960" bytesdiscarded="63016" />
  <finalization candidates="1" enqueued="0" />
  <ownableSynchronizers candidates="192" cleared="192" />
  <heap-resize type="expand" space="tenure" amount="53477376" count="51" timems="10.244" reason="continue current collection" />
</gc-op>
<heap-resize id="1422" type="expand" space="nursery" amount="90832896" count="1" timems="0.026" reason="excessive time being spent scavenging" timestamp="2020-09-11T12:40:20.154" />
<gc-end id="1423" type="scavenge" contextid="1418" durationms="156.663" usertimems="1191.127" systemtimems="17.253" timestamp="2020-09-11T12:40:20.155" activeThreads="8">
  <mem-info id="1424" free="408036160" total="1347354624" percent="30">
    <mem type="nursery" free="365623616" total="744357888" percent="49">
      <mem type="allocate" free="365623616" total="425852928" percent="85" />
      <mem type="survivor" free="0" total="318504960" percent="0" />
    </mem>
    <mem type="tenure" free="42412544" total="602996736" percent="7">
      <mem type="soa" free="202240" total="560786432" percent="0" />
      <mem type="loa" free="42210304" total="42210304" percent="100" />
    </mem>
    <remembered-set count="704" />
  </mem-info>
</gc-end>
<cycle-end id="1425" type="scavenge" contextid="1418" timestamp="2020-09-11T12:40:20.155" />
<allocation-satisfied id="1426" threadId="000000000079D100" bytesRequested="24" />
<af-end id="1427" timestamp="2020-09-11T12:40:20.155" threadId="000000000079DA80" success="true" from="nursery"/>
<exclusive-end id="1428" timestamp="2020-09-11T12:40:20.155" durationms="157.491" />

<exclusive-start id="1429" timestamp="2020-09-11T12:40:20.411" intervalms="413.160">
  <response-info timems="0.238" idlems="0.237" threads="1" lastid="00000000007B4C00" lastname="ForkJoinPool-3-worker-9" />
</exclusive-start>
<af-start id="1430" threadId="00000000007B1980" totalBytesRequested="24" timestamp="2020-09-11T12:40:20.411" intervalms="413.267" type="nursery" />
<cycle-start id="1431" type="scavenge" contextid="0" timestamp="2020-09-11T12:40:20.411" intervalms="413.262" />
<gc-start id="1432" type="scavenge" contextid="1431" timestamp="2020-09-11T12:40:20.411">
  <mem-info id="1433" free="42412456" total="1347354624" percent="3">
    <mem type="nursery" free="0" total="744357888" percent="0">
      <mem type="allocate" free="0" total="425852928" percent="0" />
      <mem type="survivor" free="0" total="318504960" percent="0" />
    </mem>
    <mem type="tenure" free="42412456" total="602996736" percent="7">
      <mem type="soa" free="202152" total="560786432" percent="0" />
      <mem type="loa" free="42210304" total="42210304" percent="100" />
    </mem>
    <remembered-set count="711" />
  </mem-info>
</gc-start>
<allocation-stats totalBytes="365596928" >
  <allocated-bytes non-tlh="18386944" tlh="347209984" />
  <largest-consumer threadName="ForkJoinPool-3-worker-9" threadId="00000000007B4C00" bytes="129807272" />
</allocation-stats>
<gc-op id="1434" type="scavenge" timems="152.022" contextid="1431" timestamp="2020-09-11T12:40:20.563">
  <scavenger-info tenureage="1" tenuremask="7ffe" tiltratio="57" />
  <memory-copied type="nursery" objects="1963737" bytes="56886072" bytesdiscarded="319368" />
  <memory-copied type="tenure" objects="2090476" bytes="56390240" bytesdiscarded="23064" />
  <heap-resize type="expand" space="tenure" amount="60817408" count="58" timems="37.446" reason="continue current collection" />
</gc-op>
<heap-resize id="1435" type="expand" space="nursery" amount="133038080" count="1" timems="0.037" reason="excessive time being spent scavenging" timestamp="2020-09-11T12:40:20.564" />
<gc-end id="1436" type="scavenge" contextid="1431" durationms="152.549" usertimems="954.847" systemtimems="42.540" timestamp="2020-09-11T12:40:20.564" activeThreads="8">
  <mem-info id="1437" free="580268304" total="1541210112" percent="37">
    <mem type="nursery" free="533470480" total="877395968" percent="60">
      <mem type="allocate" free="533470480" total="590675968" percent="90" />
      <mem type="survivor" free="0" total="286720000" percent="0" />
    </mem>
    <mem type="tenure" free="46797824" total="663814144" percent="7">
      <mem type="soa" free="330752" total="617347072" percent="0" />
      <mem type="loa" free="46467072" total="46467072" percent="100" />
    </mem>
    <remembered-set count="534" />
  </mem-info>
</gc-end>
<cycle-end id="1438" type="scavenge" contextid="1431" timestamp="2020-09-11T12:40:20.564" />
<allocation-satisfied id="1439" threadId="00000000007B1000" bytesRequested="24" />
<af-end id="1440" timestamp="2020-09-11T12:40:20.564" threadId="00000000007B1980" success="true" from="nursery"/>
<exclusive-end id="1441" timestamp="2020-09-11T12:40:20.565" durationms="153.867" />

<exclusive-start id="1442" timestamp="2020-09-11T12:40:21.209" intervalms="798.248">
  <response-info timems="0.146" idlems="0.146" threads="0" lastid="00000000007B1000" lastname="ForkJoinPool-3-worker-7" />
</exclusive-start>
<af-start id="1443" threadId="00000000007B1980" totalBytesRequested="24" timestamp="2020-09-11T12:40:21.209" intervalms="798.256" type="nursery" />
<cycle-start id="1444" type="scavenge" contextid="0" timestamp="2020-09-11T12:40:21.209" intervalms="798.262" />
<gc-start id="1445" type="scavenge" contextid="1444" timestamp="2020-09-11T12:40:21.210">
  <mem-info id="1446" free="46797096" total="1541210112" percent="3">
    <mem type="nursery" free="0" total="877395968" percent="0">
      <mem type="allocate" free="0" total="590675968" percent="0" />
      <mem type="survivor" free="0" total="286720000" percent="0" />
    </mem>
    <mem type="tenure" free="46797096" total="663814144" percent="7">
      <mem type="soa" free="330024" total="617347072" percent="0" />
      <mem type="loa" free="46467072" total="46467072" percent="100" />
    </mem>
    <remembered-set count="564" />
  </mem-info>
</gc-start>
<allocation-stats totalBytes="533422824" >
  <allocated-bytes non-tlh="32081032" tlh="501341792" />
  <largest-consumer threadName="ForkJoinPool-3-worker-7" threadId="00000000007B1000" bytes="192323376" />
</allocation-stats>
<gc-op id="1447" type="scavenge" timems="192.015" contextid="1444" timestamp="2020-09-11T12:40:21.402">
  <scavenger-info tenureage="2" tenuremask="7ffc" tiltratio="67" />
  <memory-copied type="nursery" objects="6528744" bytes="191084656" bytesdiscarded="145904" />
  <ownableSynchronizers candidates="200010" cleared="0" />
  <references type="soft" candidates="200000" cleared="0" enqueued="0" dynamicThreshold="10" maxThreshold="32" />
  <references type="weak" candidates="145" cleared="94" enqueued="63" />
</gc-op>
<heap-resize id="1448" type="expand" space="nursery" amount="62128128" count="1" timems="0.441" reason="excessive time being spent scavenging" timestamp="2020-09-11T12:40:21.402" />
<gc-end id="1449" type="scavenge" contextid="1444" durationms="192.891" usertimems="1500.032" systemtimems="0.000" timestamp="2020-09-11T12:40:21.402" activeThreads="8">
  <mem-info id="1450" free="432414328" total="1603338240" percent="26">
    <mem type="nursery" free="385617232" total="939524096" percent="41">
      <mem type="allocate" free="385617232" total="576847872" percent="66" />
      <mem type="survivor" free="0" total="362676224" percent="0" />
    </mem>
    <mem type="tenure" free="46797096" total="663814144" percent="7">
      <mem type="soa" free="330024" total="617347072" percent="0" />
      <mem type="loa" free="46467072" total="46467072" percent="100" />
    </mem>
    <pending-finalizers system="0" default="0" reference="63" classloader="0" />
    <remembered-set count="547" />
  </mem-info>
</gc-end>
<cycle-end id="1451" type="scavenge" contextid="1444" timestamp="2020-09-11T12:40:21.403" />
<allocation-satisfied id="1452" threadId="00000000007B1000" bytesRequested="24" />
<af-end id="1453" timestamp="2020-09-11T12:40:21.403" threadId="00000000007B1980" success="true" from="nursery"/>
<exclusive-end id="1454" timestamp="2020-09-11T12:40:21.403" durationms="193.933" />

<exclusive-start id="1455" timestamp="2020-09-11T12:40:21.814" intervalms="604.618">
  <response-info timems="0.187" idlems="0.187" threads="0" lastid="0000000000764800" lastname="Controller" />
</exclusive-start>
<sys-start reason="explicit" id="1456" timestamp="2020-09-11T12:40:21.814" intervalms="3983.387" />
<cycle-start id="1457" type="global" contextid="0" timestamp="2020-09-11T12:40:21.814" intervalms="2093.652" />
<gc-start id="1458" type="global" contextid="1457" timestamp="2020-09-11T12:40:21.814">
  <mem-info id="1459" free="296886208" total="1603338240" percent="18">
    <mem type="nursery" free="250096736" total="939524096" percent="26">
      <mem type="allocate" free="250096736" total="576847872" percent="43" />
      <mem type="survivor" free="0" total="362676224" percent="0" />
    </mem>
    <mem type="tenure" free="46789472" total="663814144" percent="7">
      <mem type="soa" free="322400" total="617347072" percent="0" />
      <mem type="loa" free="46467072" total="46467072" percent="100" />
    </mem>
    <remembered-set count="822" />
  </mem-info>
</gc-start>
<allocation-stats totalBytes="135516920" >
  <allocated-bytes non-tlh="13627064" tlh="121889856" />
  <largest-consumer threadName="ForkJoinPool-3-worker-9" threadId="00000000007B4C00" bytes="58411920" />
</allocation-stats>
<gc-op id="1460" type="mark" timems="29.037" contextid="1457" timestamp="2020-09-11T12:40:21.844">
  <trace-info objectcount="1868117" scancount="1849163" scanbytes="66547036" />
  <finalization candidates="91" enqueued="0" />
  <ownableSynchronizers candidates="200109" cleared="200034" />
  <references type="soft" candidates="4616" cleared="0" enqueued="0" dynamicThreshold="10" maxThreshold="32" />
  <references type="weak" candidates="3100" cleared="48" enqueued="38" />
  <references type="phantom" candidates="102" cleared="0" enqueued="0" />
  <stringconstants candidates="9286" cleared="6"  />
</gc-op>
<gc-op id="1461" type="classunload" timems="0.038" contextid="1457" timestamp="2020-09-11T12:40:21.844">
  <classunload-info classloadercandidates="101" classloadersunloaded="0" classesunloaded="0" anonymousclassesunloaded="0" quiescems="0.300" setupms="0.036" scanms="0.001" postms="0.001" />
</gc-op>
<gc-op id="1462" type="sweep" timems="2.294" contextid="1457" timestamp="2020-09-11T12:40:21.846" />
<mem-info id="1463" free="1154781824" total="1603338240" percent="72">
  <mem type="nursery" free="576623296" total="939524096" percent="61">
    <mem type="allocate" free="576623296" total="576847872" percent="99" />
    <mem type="survivor" free="0" total="362676224" percent="0" />
  </mem>
  <mem type="tenure" free="578158528" total="663814144" percent="87" micro-fragmented="26680" macro-fragmented="0">
    <mem type="soa" free="531691456" total="617347072" percent="86" />
    <mem type="loa" free="46467072" total="46467072" percent="100" />
  </mem>
  <pending-finalizers system="0" default="0" reference="38" classloader="0" />
  <remembered-set count="711" />
</mem-info>
<gc-op id="1464" type="compact" timems="142.053" contextid="1457" timestamp="2020-09-11T12:40:21.988">
  <compact-info movecount="1739451" movebytes="80271872" reason="compact on aggressive collection" />
</gc-op>
<gc-end id="1465" type="global" contextid="1457" durationms="174.709" usertimems="570.288" systemtimems="25.293" timestamp="2020-09-11T12:40:21.989" activeThreads="8">
  <mem-info id="1466" free="1154877896" total="1603338240" percent="72">
    <mem type="nursery" free="576679672" total="939524096" percent="61">
      <mem type="allocate" free="576679672" total="576847872" percent="99" />
      <mem type="survivor" free="0" total="362676224" percent="0" />
    </mem>
    <mem type="tenure" free="578198224" total="663814144" percent="87">
      <mem type="soa" free="531731152" total="617347072" percent="86" />
      <mem type="loa" free="46467072" total="46467072" percent="100" />
    </mem>
    <pending-finalizers system="0" default="0" reference="38" classloader="0" />
    <remembered-set count="711" />
  </mem-info>
</gc-end>
<cycle-end id="1467" type="global" contextid="1457" timestamp="2020-09-11T12:40:21.990" />
<sys-end id="1468" timestamp="2020-09-11T12:40:21.990" />
<exclusive-end id="1469" timestamp="2020-09-11T12:40:21.990" durationms="176.017" />

<exclusive-start id="1470" timestamp="2020-09-11T12:40:22.492" intervalms="678.351">
  <response-info timems="0.296" idlems="0.296" threads="0" lastid="000000000077B900" lastname="ForkJoinPool-14-worker-1" />
</exclusive-start>
<af-start id="1471" threadId="000000000077C280" totalBytesRequested="208" timestamp="2020-09-11T12:40:22.492" intervalms="1282.994" type="nursery" />
<cycle-start id="1472" type="scavenge" contextid="0" timestamp="2020-09-11T12:40:22.492" intervalms="1283.005" />
<gc-start id="1473" type="scavenge" contextid="1472" timestamp="2020-09-11T12:40:22.493">
  <mem-info id="1474" free="578197016" total="1603338240" percent="36">
    <mem type="nursery" free="0" total="939524096" percent="0">
      <mem type="allocate" free="0" total="576847872" percent="0" />
      <mem type="survivor" free="0" total="362676224" percent="0" />
    </mem>
    <mem type="tenure" free="578197016" total="663814144" percent="87">
      <mem type="soa" free="531729944" total="617347072" percent="86" />
      <mem type="loa" free="46467072" total="46467072" percent="100" />
    </mem>
    <remembered-set count="794" />
  </mem-info>
</gc-start>
<allocation-stats totalBytes="576453504" >
  <allocated-bytes non-tlh="12878904" tlh="563574600" />
  <largest-consumer threadName="ForkJoinPool-3-worker-7" threadId="00000000007B1000" bytes="116227408" />
</allocation-stats>
<gc-op id="1475" type="scavenge" timems="277.655" contextid="1472" timestamp="2020-09-11T12:40:22.770">
  <scavenger-info tenureage="1" tenuremask="7ffe" tiltratio="61" />
  <memory-copied type="nursery" objects="12484945" bytes="362606088" bytesdiscarded="62224" />
  <memory-copied type="tenure" objects="756142" bytes="20932544" bytesdiscarded="15488" />
  <copy-failed type="nursery" objects="755942" bytes="20924360" />
  <ownableSynchronizers candidates="192" cleared="162" />
  <references type="soft" candidates="56" cleared="0" enqueued="0" dynamicThreshold="27" maxThreshold="32" />
  <references type="weak" candidates="99" cleared="1" enqueued="1" />
</gc-op>
<gc-end id="1476" type="scavenge" contextid="1472" durationms="278.137" usertimems="2136.027" systemtimems="23.614" timestamp="2020-09-11T12:40:22.771" activeThreads="8">
  <mem-info id="1477" free="664172992" total="1603338240" percent="41">
    <mem type="nursery" free="107085824" total="939524096" percent="11">
      <mem type="allocate" free="107085824" total="469762048" percent="22" />
      <mem type="survivor" free="0" total="469762048" percent="0" />
    </mem>
    <mem type="tenure" free="557087168" total="663814144" percent="83">
      <mem type="soa" free="510620096" total="617347072" percent="82" />
      <mem type="loa" free="46467072" total="46467072" percent="100" />
    </mem>
    <pending-finalizers system="0" default="0" reference="1" classloader="0" />
    <remembered-set count="4852" />
  </mem-info>
</gc-end>
<cycle-end id="1478" type="scavenge" contextid="1472" timestamp="2020-09-11T12:40:22.772" />
<allocation-satisfied id="1479" threadId="000000000077B900" bytesRequested="208" />
<af-end id="1480" timestamp="2020-09-11T12:40:22.772" threadId="000000000077C280" success="true" from="nursery"/>
<exclusive-end id="1481" timestamp="2020-09-11T12:40:22.772" durationms="280.059" />

<exclusive-start id="1482" timestamp="2020-09-11T12:40:22.810" intervalms="317.760">
  <response-info timems="0.357" idlems="0.357" threads="0" lastid="000000000077D600" lastname="ForkJoinPool-14-worker-15" />
</exclusive-start>
<af-start id="1483" threadId="000000000077DF80" totalBytesRequested="32" timestamp="2020-09-11T12:40:22.810" intervalms="317.941" type="nursery" />
<cycle-start id="1484" type="scavenge" contextid="0" timestamp="2020-09-11T12:40:22.810" intervalms="317.954" />
<gc-start id="1485" type="scavenge" contextid="1484" timestamp="2020-09-11T12:40:22.811">
  <mem-info id="1486" free="557087168" total="1603338240" percent="34">
    <mem type="nursery" free="0" total="939524096" percent="0">
      <mem type="allocate" free="0" total="469762048" percent="0" />
      <mem type="survivor" free="0" total="469762048" percent="0" />
    </mem>
    <mem type="tenure" free="557087168" total="663814144" percent="83">
      <mem type="soa" free="510620096" total="617347072" percent="82" />
      <mem type="loa" free="46467072" total="46467072" percent="100" />
    </mem>
    <remembered-set count="4852" />
  </mem-info>
</gc-start>
<allocation-stats totalBytes="107022352" >
  <allocated-bytes non-tlh="1449320" tlh="105573032" />
  <largest-consumer threadName="ForkJoinPool-14-worker-5" threadId="0000000000785700" bytes="21323696" />
</allocation-stats>
<gc-op id="1487" type="scavenge" timems="251.870" contextid="1484" timestamp="2020-09-11T12:40:23.063">
  <scavenger-info tenureage="1" tenuremask="fffe" tiltratio="50" />
  <memory-copied type="nursery" objects="3221771" bytes="89793760" bytesdiscarded="182072" />
  <memory-copied type="tenure" objects="12091586" bytes="352635904" bytesdiscarded="105008" />
  <ownableSynchronizers candidates="30" cleared="0" />
</gc-op>
<gc-end id="1488" type="scavenge" contextid="1484" durationms="252.438" usertimems="1970.450" systemtimems="16.203" timestamp="2020-09-11T12:40:23.063" activeThreads="8">
  <mem-info id="1489" free="583948128" total="1603338240" percent="36">
    <mem type="nursery" free="379786216" total="939524096" percent="40">
      <mem type="allocate" free="379786216" total="469762048" percent="80" />
      <mem type="survivor" free="0" total="469762048" percent="0" />
    </mem>
    <mem type="tenure" free="204161912" total="663814144" percent="30">
      <mem type="soa" free="157694840" total="617347072" percent="25" />
      <mem type="loa" free="46467072" total="46467072" percent="100" />
    </mem>
    <remembered-set count="2420" />
  </mem-info>
</gc-end>
<cycle-end id="1490" type="scavenge" contextid="1484" timestamp="2020-09-11T12:40:23.064" />
<allocation-satisfied id="1491" threadId="000000000077D600" bytesRequested="32" />
<af-end id="1492" timestamp="2020-09-11T12:40:23.064" threadId="000000000077DF80" success="true" from="nursery"/>
<exclusive-end id="1493" timestamp="2020-09-11T12:40:23.064" durationms="253.793" />

<exclusive-start id="1494" timestamp="2020-09-11T12:40:23.356" intervalms="546.686">
  <response-info timems="14.421" idlems="7.242" threads="1" lastid="000000000079D100" lastname="ForkJoinPool-3-worker-5" />
</exclusive-start>
<af-start id="1495" threadId="00000000007B1980" totalBytesRequested="56" timestamp="2020-09-11T12:40:23.357" intervalms="546.557" type="nursery" />
<cycle-start id="1496" type="scavenge" contextid="0" timestamp="2020-09-11T12:40:23.357" intervalms="546.531" />
<gc-start id="1497" type="scavenge" contextid="1496" timestamp="2020-09-11T12:40:23.357">
  <mem-info id="1498" free="204161912" total="1603338240" percent="12">
    <mem type="nursery" free="0" total="939524096" percent="0">
      <mem type="allocate" free="0" total="469762048" percent="0" />
      <mem type="survivor" free="0" total="469762048" percent="0" />
    </mem>
    <mem type="tenure" free="204161912" total="663814144" percent="30">
      <mem type="soa" free="157694840" total="617347072" percent="25" />
      <mem type="loa" free="46467072" total="46467072" percent="100" />
    </mem>
    <remembered-set count="39914" />
  </mem-info>
</gc-start>
<allocation-stats totalBytes="379701936" >
  <allocated-bytes non-tlh="11180264" tlh="368521672" />
  <largest-consumer threadName="ForkJoinPool-3-worker-7" threadId="00000000007B1000" bytes="65223208" />
</allocation-stats>
<gc-op id="1499" type="scavenge" timems="255.732" contextid="1496" timestamp="2020-09-11T12:40:23.613">
  <scavenger-info tenureage="1" tenuremask="fffe" tiltratio="50" />
  <memory-copied type="nursery" objects="8244052" bytes="228217072" bytesdiscarded="215952" />
  <memory-copied type="tenure" objects="3221739" bytes="89600904" bytesdiscarded="19360" />
  <ownableSynchronizers candidates="1" cleared="0" />
</gc-op>
<gc-end id="1500" type="scavenge" contextid="1496" durationms="256.359" usertimems="1952.660" systemtimems="23.993" timestamp="2020-09-11T12:40:23.613" activeThreads="8">
  <mem-info id="1501" free="355919040" total="1603338240" percent="22">
    <mem type="nursery" free="241328968" total="939524096" percent="25">
      <mem type="allocate" free="241328968" total="469762048" percent="51" />
      <mem type="survivor" free="0" total="469762048" percent="0" />
    </mem>
    <mem type="tenure" free="114590072" total="663814144" percent="17" macro-fragmented="0">
      <mem type="soa" free="68123000" total="617347072" percent="11" />
      <mem type="loa" free="46467072" total="46467072" percent="100" />
    </mem>
    <remembered-set count="8563" />
  </mem-info>
</gc-end>
<cycle-end id="1502" type="scavenge" contextid="1496" timestamp="2020-09-11T12:40:23.614" />
<allocation-satisfied id="1503" threadId="00000000007B1000" bytesRequested="56" />
<af-end id="1504" timestamp="2020-09-11T12:40:23.614" threadId="00000000007B1980" success="true" from="nursery"/>
<exclusive-end id="1505" timestamp="2020-09-11T12:40:23.614" durationms="257.932" />

<exclusive-start id="1506" timestamp="2020-09-11T12:40:23.780" intervalms="423.772">
  <response-info timems="2.766" idlems="2.766" threads="0" lastid="00000000007B4C00" lastname="ForkJoinPool-3-worker-9" />
</exclusive-start>
<af-start id="1507" threadId="00000000007B5580" totalBytesRequested="24" timestamp="2020-09-11T12:40:23.781" intervalms="423.751" type="nursery" />
<percolate-collect id="1508" from="nursery" to="global" reason="prevent tenure expand" timestamp="2020-09-11T12:40:23.781"/>
<cycle-start id="1509" type="global" contextid="0" timestamp="2020-09-11T12:40:23.781" intervalms="1966.727" />
<gc-start id="1510" type="global" contextid="1509" timestamp="2020-09-11T12:40:23.781">
  <mem-info id="1511" free="114590072" total="1603338240" percent="7">
    <mem type="nursery" free="0" total="939524096" percent="0">
      <mem type="allocate" free="0" total="469762048" percent="0" />
      <mem type="survivor" free="0" total="469762048" percent="0" />
    </mem>
    <mem type="tenure" free="114590072" total="663814144" percent="17">
      <mem type="soa" free="68123000" total="617347072" percent="11" />
      <mem type="loa" free="46467072" total="46467072" percent="100" />
    </mem>
    <remembered-set count="8563" />
  </mem-info>
</gc-start>
<allocation-stats totalBytes="241312072" >
  <allocated-bytes non-tlh="14870416" tlh="226441656" />
  <largest-consumer threadName="ForkJoinPool-3-worker-9" threadId="00000000007B4C00" bytes="91644000" />
</allocation-stats>
<gc-op id="1512" type="mark" timems="302.902" contextid="1509" timestamp="2020-09-11T12:40:24.084">
  <trace-info objectcount="22509727" scancount="22456118" scanbytes="632289448" />
  <finalization candidates="91" enqueued="0" />
  <ownableSynchronizers candidates="104" cleared="38" />
  <references type="soft" candidates="4626" cleared="0" enqueued="0" dynamicThreshold="27" maxThreshold="32" />
  <references type="weak" candidates="3071" cleared="0" enqueued="0" />
  <references type="phantom" candidates="102" cleared="0" enqueued="0" />
  <stringconstants candidates="9283" cleared="0"  />
</gc-op>
<gc-op id="1513" type="sweep" timems="15.474" contextid="1509" timestamp="2020-09-11T12:40:24.100" />
<gc-end id="1514" type="global" contextid="1509" durationms="319.007" usertimems="2285.112" systemtimems="22.352" timestamp="2020-09-11T12:40:24.100" activeThreads="8">
  <mem-info id="1515" free="286684488" total="1603338240" percent="17">
    <mem type="nursery" free="33706632" total="939524096" percent="3">
      <mem type="allocate" free="33706632" total="469762048" percent="7" />
      <mem type="survivor" free="0" total="469762048" percent="0" />
    </mem>
    <mem type="tenure" free="252977856" total="663814144" percent="38" micro-fragmented="146775" macro-fragmented="0">
      <mem type="soa" free="206510784" total="617347072" percent="33" />
      <mem type="loa" free="46467072" total="46467072" percent="100" />
    </mem>
    <remembered-set count="597" />
  </mem-info>
</gc-end>
<cycle-end id="1516" type="global" contextid="1509" timestamp="2020-09-11T12:40:24.100" />
<allocation-satisfied id="1517" threadId="00000000007B4C00" bytesRequested="24" />
<af-end id="1518" timestamp="2020-09-11T12:40:24.100" threadId="00000000007B5580" success="true" from="nursery"/>
<exclusive-end id="1519" timestamp="2020-09-11T12:40:24.100" durationms="320.008" />

<exclusive-start id="1520" timestamp="2020-09-11T12:40:24.124" intervalms="344.193">
  <response-info timems="2.715" idlems="2.715" threads="0" lastid="00000000007B4C00" lastname="ForkJoinPool-3-worker-9" />
</exclusive-start>
<af-start id="1521" threadId="00000000007B5580" totalBytesRequested="24" timestamp="2020-09-11T12:40:24.125" intervalms="344.157" type="nursery" />
<cycle-start id="1522" type="scavenge" contextid="0" timestamp="2020-09-11T12:40:24.125" intervalms="767.903" />
<gc-start id="1523" type="scavenge" contextid="1522" timestamp="2020-09-11T12:40:24.125">
  <mem-info id="1524" free="252977856" total="1603338240" percent="15">
    <mem type="nursery" free="0" total="939524096" percent="0">
      <mem type="allocate" free="0" total="469762048" percent="0" />
      <mem type="survivor" free="0" total="469762048" percent="0" />
    </mem>
    <mem type="tenure" free="252977856" total="663814144" percent="38">
      <mem type="soa" free="206510784" total="617347072" percent="33" />
      <mem type="loa" free="46467072" total="46467072" percent="100" />
    </mem>
    <remembered-set count="597" />
  </mem-info>
</gc-start>
<allocation-stats totalBytes="33691080" >
  <allocated-bytes non-tlh="1093456" tlh="32597624" />
  <largest-consumer threadName="ForkJoinPool-3-worker-5" threadId="000000000079D100" bytes="13900784" />
</allocation-stats>
<gc-op id="1525" type="scavenge" timems="175.850" contextid="1522" timestamp="2020-09-11T12:40:24.301">
  <scavenger-info tenureage="1" tenuremask="7ffe" tiltratio="50" />
  <memory-copied type="nursery" objects="1617199" bytes="47021576" bytesdiscarded="397536" />
  <memory-copied type="tenure" objects="7640802" bytes="206821616" bytesdiscarded="70968" />
  <ownableSynchronizers candidates="132" cleared="131" />
  <heap-resize type="expand" space="tenure" amount="1048576" count="1" timems="0.160" reason="continue current collection" />
</gc-op>
<gc-end id="1526" type="scavenge" contextid="1522" durationms="176.352" usertimems="1348.670" systemtimems="10.190" timestamp="2020-09-11T12:40:24.301" activeThreads="8">
  <mem-info id="1527" free="469231848" total="1604386816" percent="29">
    <mem type="nursery" free="422342888" total="939524096" percent="44">
      <mem type="allocate" free="422342888" total="469762048" percent="89" />
      <mem type="survivor" free="0" total="469762048" percent="0" />
    </mem>
    <mem type="tenure" free="46888960" total="664862720" percent="7" macro-fragmented="0">
      <mem type="soa" free="348160" total="618321920" percent="0" />
      <mem type="loa" free="46540800" total="46540800" percent="100" />
    </mem>
    <remembered-set count="542" />
  </mem-info>
</gc-end>
<cycle-end id="1528" type="scavenge" contextid="1522" timestamp="2020-09-11T12:40:24.302" />
<allocation-satisfied id="1529" threadId="00000000007B4C00" bytesRequested="24" />
<af-end id="1530" timestamp="2020-09-11T12:40:24.302" threadId="00000000007B5580" success="true" from="nursery"/>
<exclusive-end id="1531" timestamp="2020-09-11T12:40:24.302" durationms="177.500" />

<exclusive-start id="1532" timestamp="2020-09-11T12:40:24.600" intervalms="475.323">
  <response-info timems="0.276" idlems="0.276" threads="0" lastid="000000000079D100" lastname="ForkJoinPool-3-worker-5" />
</exclusive-start>
<af-start id="1533" threadId="000000000079DA80" totalBytesRequested="56" timestamp="2020-09-11T12:40:24.600" intervalms="475.297" type="nursery" />
<cycle-start id="1534" type="scavenge" contextid="0" timestamp="2020-09-11T12:40:24.600" intervalms="475.295" />
<gc-start id="1535" type="scavenge" contextid="1534" timestamp="2020-09-11T12:40:24.600">
  <mem-info id="1536" free="46888960" total="1604386816" percent="2">
    <mem type="nursery" free="0" total="939524096" percent="0">
      <mem type="allocate" free="0" total="469762048" percent="0" />
      <mem type="survivor" free="0" total="469762048" percent="0" />
    </mem>
    <mem type="tenure" free="46888960" total="664862720" percent="7">
      <mem type="soa" free="348160" total="618321920" percent="0" />
      <mem type="loa" free="46540800" total="46540800" percent="100" />
    </mem>
    <remembered-set count="550" />
  </mem-info>
</gc-start>
<allocation-stats totalBytes="422304576" >
  <allocated-bytes non-tlh="25165232" tlh="397139344" />
  <largest-consumer threadName="ForkJoinPool-3-worker-9" threadId="00000000007B4C00" bytes="179928512" />
</allocation-stats>
<gc-op id="1537" type="scavenge" timems="162.742" contextid="1534" timestamp="2020-09-11T12:40:24.763">
  <scavenger-info tenureage="1" tenuremask="7ffe" tiltratio="50" />
  <memory-copied type="nursery" objects="4385144" bytes="127036400" bytesdiscarded="205168" />
  <memory-copied type="tenure" objects="1136702" bytes="34318072" bytesdiscarded="4040" />
  <ownableSynchronizers candidates="200006" cleared="0" />
  <references type="soft" candidates="200000" cleared="0" enqueued="0" dynamicThreshold="12" maxThreshold="32" />
  <heap-resize type="expand" space="tenure" amount="36700160" count="35" timems="7.300" reason="continue current collection" />
</gc-op>
<gc-end id="1538" type="scavenge" contextid="1534" durationms="163.601" usertimems="1249.091" systemtimems="5.045" timestamp="2020-09-11T12:40:24.764" activeThreads="8">
  <mem-info id="1539" free="413322848" total="1641086976" percent="25">
    <mem type="nursery" free="364212832" total="939524096" percent="38">
      <mem type="allocate" free="364212832" total="491454464" percent="74" />
      <mem type="survivor" free="0" total="448069632" percent="0" />
    </mem>
    <mem type="tenure" free="49110016" total="701562880" percent="7" macro-fragmented="23113062">
      <mem type="soa" free="0" total="652452864" percent="0" />
      <mem type="loa" free="49110016" total="49110016" percent="100" />
    </mem>
    <remembered-set count="66008" />
  </mem-info>
</gc-end>
<cycle-end id="1540" type="scavenge" contextid="1534" timestamp="2020-09-11T12:40:24.764" />
<allocation-satisfied id="1541" threadId="000000000079D100" bytesRequested="56" />
<af-end id="1542" timestamp="2020-09-11T12:40:24.765" threadId="000000000079DA80" success="true" from="nursery"/>
<exclusive-end id="1543" timestamp="2020-09-11T12:40:24.765" durationms="164.788" />

<exclusive-start id="1544" timestamp="2020-09-11T12:40:25.084" intervalms="484.067">
  <response-info timems="1.500" idlems="0.768" threads="1" lastid="000000000003F100" lastname="IProfiler" />
</exclusive-start>
<af-start id="1545" threadId="0000000000765180" totalBytesRequested="16" timestamp="2020-09-11T12:40:25.084" intervalms="484.118" type="tenure" />
<cycle-start id="1546" type="global" contextid="0" timestamp="2020-09-11T12:40:25.084" intervalms="1303.575" />
<gc-start id="1547" type="global" contextid="1546" timestamp="2020-09-11T12:40:25.084">
  <mem-info id="1548" free="122742168" total="1641086976" percent="7">
    <mem type="nursery" free="73632152" total="939524096" percent="7">
      <mem type="allocate" free="73632152" total="491454464" percent="14" />
      <mem type="survivor" free="0" total="448069632" percent="0" />
    </mem>
    <mem type="tenure" free="49110016" total="701562880" percent="7">
      <mem type="soa" free="0" total="652452864" percent="0" />
      <mem type="loa" free="49110016" total="49110016" percent="100" />
    </mem>
    <remembered-set count="66095" />
  </mem-info>
</gc-start>
<allocation-stats totalBytes="290558688" >
  <allocated-bytes non-tlh="21706952" tlh="268851736" />
  <largest-consumer threadName="ForkJoinPool-3-worker-7" threadId="00000000007B1000" bytes="128542408" />
</allocation-stats>
<gc-op id="1549" type="mark" timems="429.794" contextid="1546" timestamp="2020-09-11T12:40:25.514">
  <trace-info objectcount="28268714" scancount="27349664" scanbytes="756265220" />
  <finalization candidates="91" enqueued="0" />
  <ownableSynchronizers candidates="200079" cleared="2" />
  <references type="soft" candidates="204626" cleared="0" enqueued="0" dynamicThreshold="12" maxThreshold="32" />
  <references type="weak" candidates="3071" cleared="0" enqueued="0" />
  <references type="phantom" candidates="102" cleared="0" enqueued="0" />
  <stringconstants candidates="9283" cleared="0"  />
</gc-op>
<gc-op id="1550" type="sweep" timems="17.749" contextid="1546" timestamp="2020-09-11T12:40:25.532" />
<heap-resize id="1551" type="expand" space="tenure" amount="227016704" count="1" timems="0.711" reason="insufficient free space following gc" timestamp="2020-09-11T12:40:25.533" />
<gc-end id="1552" type="global" contextid="1546" durationms="449.135" usertimems="3342.529" systemtimems="16.270" timestamp="2020-09-11T12:40:25.534" activeThreads="8">
  <mem-info id="1553" free="381104640" total="1868103680" percent="20">
    <mem type="nursery" free="102504184" total="939524096" percent="10">
      <mem type="allocate" free="102504184" total="491454464" percent="20" />
      <mem type="survivor" free="0" total="448069632" percent="0" />
    </mem>
    <mem type="tenure" free="278600456" total="928579584" percent="30" micro-fragmented="221024" macro-fragmented="0">
      <mem type="soa" free="213598984" total="863578112" percent="24" />
      <mem type="loa" free="65001472" total="65001472" percent="100" />
    </mem>
    <remembered-set count="66075" />
  </mem-info>
</gc-end>
<cycle-end id="1554" type="global" contextid="1546" timestamp="2020-09-11T12:40:25.534" />
<allocation-satisfied id="1555" threadId="0000000000764800" bytesRequested="16" />
<af-end id="1556" timestamp="2020-09-11T12:40:25.534" threadId="0000000000765180" success="true" from="tenure-soa"/>
<exclusive-end id="1557" timestamp="2020-09-11T12:40:25.534" durationms="450.006" />

<exclusive-start id="1558" timestamp="2020-09-11T12:40:30.769" intervalms="5685.146">
  <response-info timems="0.567" idlems="0.567" threads="0" lastid="0000000000785700" lastname="Group1.Backend.CompositeBackend{Tier1}.2" />
</exclusive-start>
<af-start id="1559" threadId="0000000000786080" totalBytesRequested="32" timestamp="2020-09-11T12:40:30.770" intervalms="5685.416" type="nursery" />
<cycle-start id="1560" type="scavenge" contextid="0" timestamp="2020-09-11T12:40:30.770" intervalms="6169.627" />
<gc-start id="1561" type="scavenge" contextid="1560" timestamp="2020-09-11T12:40:30.770">
  <mem-info id="1562" free="278464928" total="1868103680" percent="14">
    <mem type="nursery" free="0" total="939524096" percent="0">
      <mem type="allocate" free="0" total="491454464" percent="0" />
      <mem type="survivor" free="0" total="448069632" percent="0" />
    </mem>
    <mem type="tenure" free="278464928" total="928579584" percent="29">
      <mem type="soa" free="213463456" total="863578112" percent="24" />
      <mem type="loa" free="65001472" total="65001472" percent="100" />
    </mem>
    <remembered-set count="68480" />
  </mem-info>
</gc-start>
<allocation-stats totalBytes="102536008" >
  <allocated-bytes non-tlh="1527648" tlh="101008360" />
  <largest-consumer threadName="Group1.Backend.CompositeBackend{Tier1}.8" threadId="00000000008D4B00" bytes="15296568" />
</allocation-stats>
<gc-op id="1563" type="scavenge" timems="209.519" contextid="1560" timestamp="2020-09-11T12:40:30.980">
  <scavenger-info tenureage="1" tenuremask="7ffe" tiltratio="52" />
  <memory-copied type="nursery" objects="2277583" bytes="62253448" bytesdiscarded="573336" />
  <memory-copied type="tenure" objects="4005104" bytes="115767288" bytesdiscarded="12408" />
  <finalization candidates="10" enqueued="2" />
  <ownableSynchronizers candidates="418084" cleared="215983" />
  <references type="soft" candidates="29478" cleared="0" enqueued="0" dynamicThreshold="9" maxThreshold="32" />
  <references type="weak" candidates="249" cleared="41" enqueued="37" />
  <references type="phantom" candidates="4" cleared="0" enqueued="0" />
</gc-op>
<gc-end id="1564" type="scavenge" contextid="1560" durationms="212.120" usertimems="1455.692" systemtimems="31.185" timestamp="2020-09-11T12:40:30.982" activeThreads="8">
  <mem-info id="1565" free="652091976" total="1868103680" percent="34">
    <mem type="nursery" free="489749144" total="939524096" percent="52">
      <mem type="allocate" free="489749144" total="552599552" percent="88" />
      <mem type="survivor" free="0" total="386924544" percent="0" />
    </mem>
    <mem type="tenure" free="162342832" total="928579584" percent="17" macro-fragmented="0">
      <mem type="soa" free="97341360" total="863578112" percent="11" />
      <mem type="loa" free="65001472" total="65001472" percent="100" />
    </mem>
    <pending-finalizers system="2" default="0" reference="37" classloader="0" />
    <remembered-set count="2407" />
  </mem-info>
</gc-end>
<cycle-end id="1566" type="scavenge" contextid="1560" timestamp="2020-09-11T12:40:30.985" />
<allocation-satisfied id="1567" threadId="0000000000785700" bytesRequested="32" />
<af-end id="1568" timestamp="2020-09-11T12:40:30.985" threadId="0000000000786080" success="true" from="nursery"/>
<exclusive-end id="1569" timestamp="2020-09-11T12:40:30.985" durationms="216.399" />

<exclusive-start id="1570" timestamp="2020-09-11T12:40:37.051" intervalms="6282.036">
  <response-info timems="0.611" idlems="0.609" threads="1" lastid="000000000088BD00" lastname="Group1.Backend.CompositeBackend{Tier1}.7" />
</exclusive-start>
<af-start id="1571" threadId="000000000086BE80" totalBytesRequested="32" timestamp="2020-09-11T12:40:37.052" intervalms="6282.661" type="nursery" />
<cycle-start id="1572" type="scavenge" contextid="0" timestamp="2020-09-11T12:40:37.053" intervalms="6282.896" />
<gc-start id="1573" type="scavenge" contextid="1572" timestamp="2020-09-11T12:40:37.054">
  <mem-info id="1574" free="162267776" total="1868103680" percent="8">
    <mem type="nursery" free="0" total="939524096" percent="0">
      <mem type="allocate" free="0" total="552599552" percent="0" />
      <mem type="survivor" free="0" total="386924544" percent="0" />
    </mem>
    <mem type="tenure" free="162267776" total="928579584" percent="17">
      <mem type="soa" free="97266304" total="863578112" percent="11" />
      <mem type="loa" free="65001472" total="65001472" percent="100" />
    </mem>
    <remembered-set count="98981" />
  </mem-info>
</gc-start>
<allocation-stats totalBytes="489511536" >
  <allocated-bytes non-tlh="7624112" tlh="481887424" />
  <largest-consumer threadName="Group1.Backend.CompositeBackend{Tier1}.4" threadId="000000000086B500" bytes="63926800" />
</allocation-stats>
<gc-op id="1575" type="scavenge" timems="142.293" contextid="1572" timestamp="2020-09-11T12:40:37.196">
  <scavenger-info tenureage="1" tenuremask="7ffe" tiltratio="58" />
  <memory-copied type="nursery" objects="1128314" bytes="31262336" bytesdiscarded="160200" />
  <memory-copied type="tenure" objects="2257277" bytes="61295168" bytesdiscarded="5944" />
  <finalization candidates="36" enqueued="0" />
  <ownableSynchronizers candidates="91046" cleared="79265" />
  <references type="soft" candidates="86344" cleared="0" enqueued="0" dynamicThreshold="9" maxThreshold="32" />
  <references type="weak" candidates="494" cleared="254" enqueued="206" />
  <references type="phantom" candidates="1" cleared="0" enqueued="0" />
</gc-op>
<gc-end id="1576" type="scavenge" contextid="1572" durationms="143.649" usertimems="868.451" systemtimems="24.415" timestamp="2020-09-11T12:40:37.197" activeThreads="8">
  <mem-info id="1577" free="685391600" total="1868103680" percent="36">
    <mem type="nursery" free="584552080" total="939524096" percent="62">
      <mem type="allocate" free="584552080" total="616038400" percent="94" />
      <mem type="survivor" free="0" total="323485696" percent="0" />
    </mem>
    <mem type="tenure" free="100839520" total="928579584" percent="10" macro-fragmented="0">
      <mem type="soa" free="35838048" total="863578112" percent="4" />
      <mem type="loa" free="65001472" total="65001472" percent="100" />
    </mem>
    <pending-finalizers system="0" default="0" reference="206" classloader="0" />
    <remembered-set count="9328" />
  </mem-info>
</gc-end>
<cycle-end id="1578" type="scavenge" contextid="1572" timestamp="2020-09-11T12:40:37.202" />
<allocation-satisfied id="1579" threadId="000000000086B500" bytesRequested="32" />
<af-end id="1580" timestamp="2020-09-11T12:40:37.202" threadId="000000000086BE80" success="true" from="nursery"/>
<exclusive-end id="1581" timestamp="2020-09-11T12:40:37.202" durationms="150.681" />

<exclusive-start id="1582" timestamp="2020-09-11T12:40:42.225" intervalms="5173.682">
  <response-info timems="0.724" idlems="0.724" threads="0" lastid="00000000008D4B00" lastname="Group1.Backend.CompositeBackend{Tier1}.8" />
</exclusive-start>
<af-start id="1583" threadId="00000000008D5480" totalBytesRequested="222432" timestamp="2020-09-11T12:40:42.226" intervalms="5173.344" type="nursery" />
<cycle-start id="1584" type="scavenge" contextid="0" timestamp="2020-09-11T12:40:42.226" intervalms="5173.148" />
<gc-start id="1585" type="scavenge" contextid="1584" timestamp="2020-09-11T12:40:42.226">
  <mem-info id="1586" free="100916368" total="1868103680" percent="5">
    <mem type="nursery" free="77272" total="939524096" percent="0">
      <mem type="allocate" free="77272" total="616038400" percent="0" />
      <mem type="survivor" free="0" total="323485696" percent="0" />
    </mem>
    <mem type="tenure" free="100839096" total="928579584" percent="10">
      <mem type="soa" free="35837624" total="863578112" percent="4" />
      <mem type="loa" free="65001472" total="65001472" percent="100" />
    </mem>
    <remembered-set count="118736" />
  </mem-info>
</gc-start>
<allocation-stats totalBytes="584114408" >
  <allocated-bytes non-tlh="14328416" tlh="569785992" />
  <largest-consumer threadName="Group1.Backend.CompositeBackend{Tier1}.8" threadId="00000000008D4B00" bytes="78630832" />
</allocation-stats>
<gc-op id="1587" type="scavenge" timems="76.483" contextid="1584" timestamp="2020-09-11T12:40:42.303">
  <scavenger-info tenureage="2" tenuremask="7ffc" tiltratio="65" />
  <memory-copied type="nursery" objects="2409673" bytes="65192760" bytesdiscarded="230552" />
  <finalization candidates="28" enqueued="0" />
  <ownableSynchronizers candidates="116680" cleared="95403" />
  <references type="soft" candidates="133718" cleared="0" enqueued="0" dynamicThreshold="9" maxThreshold="32" />
  <references type="weak" candidates="392" cleared="98" enqueued="78" />
  <references type="phantom" candidates="1" cleared="0" enqueued="0" />
</gc-op>
<gc-end id="1588" type="scavenge" contextid="1584" durationms="77.461" usertimems="536.820" systemtimems="0.000" timestamp="2020-09-11T12:40:42.304" activeThreads="8">
  <mem-info id="1589" free="693826488" total="1868103680" percent="37">
    <mem type="nursery" free="592987392" total="939524096" percent="63">
      <mem type="allocate" free="592987392" total="658505728" percent="90" />
      <mem type="survivor" free="0" total="281018368" percent="0" />
    </mem>
    <mem type="tenure" free="100839096" total="928579584" percent="10" macro-fragmented="0">
      <mem type="soa" free="35837624" total="863578112" percent="4" />
      <mem type="loa" free="65001472" total="65001472" percent="100" />
    </mem>
    <pending-finalizers system="0" default="0" reference="78" classloader="0" />
    <remembered-set count="9782" />
  </mem-info>
</gc-end>
<cycle-end id="1590" type="scavenge" contextid="1584" timestamp="2020-09-11T12:40:42.306" />
<allocation-satisfied id="1591" threadId="00000000008D4B00" bytesRequested="222432" />
<af-end id="1592" timestamp="2020-09-11T12:40:42.307" threadId="00000000008D5480" success="true" from="nursery"/>
<exclusive-end id="1593" timestamp="2020-09-11T12:40:42.307" durationms="81.909" />

<exclusive-start id="1594" timestamp="2020-09-11T12:40:45.844" intervalms="3619.429">
  <response-info timems="1.731" idlems="1.731" threads="0" lastid="000000000086A900" lastname="Group1.Backend.CompositeBackend{Tier1}.3" />
</exclusive-start>
<af-start id="1595" threadId="000000000086B280" totalBytesRequested="48" timestamp="2020-09-11T12:40:45.845" intervalms="3619.375" type="nursery" />
<cycle-start id="1596" type="scavenge" contextid="0" timestamp="2020-09-11T12:40:45.845" intervalms="3619.347" />
<gc-start id="1597" type="scavenge" contextid="1596" timestamp="2020-09-11T12:40:45.846">
  <mem-info id="1598" free="100838240" total="1868103680" percent="5">
    <mem type="nursery" free="0" total="939524096" percent="0">
      <mem type="allocate" free="0" total="658505728" percent="0" />
      <mem type="survivor" free="0" total="281018368" percent="0" />
    </mem>
    <mem type="tenure" free="100838240" total="928579584" percent="10">
      <mem type="soa" free="35836768" total="863578112" percent="4" />
      <mem type="loa" free="65001472" total="65001472" percent="100" />
    </mem>
    <remembered-set count="118569" />
  </mem-info>
</gc-start>
<allocation-stats totalBytes="592625576" >
  <allocated-bytes non-tlh="18459104" tlh="574166472" />
  <largest-consumer threadName="Group1.Backend.CompositeBackend{Tier1}.5" threadId="000000000088EE00" bytes="85624600" />
</allocation-stats>
<gc-op id="1599" type="scavenge" timems="90.229" contextid="1596" timestamp="2020-09-11T12:40:45.936">
  <scavenger-info tenureage="3" tenuremask="7ff8" tiltratio="70" />
  <memory-copied type="nursery" objects="3246502" bytes="88634144" bytesdiscarded="190496" />
  <finalization candidates="28" enqueued="0" />
  <ownableSynchronizers candidates="129408" cleared="96443" />
  <references type="soft" candidates="160418" cleared="0" enqueued="0" dynamicThreshold="9" maxThreshold="32" />
  <references type="weak" candidates="511" cleared="135" enqueued="100" />
  <references type="phantom" candidates="1" cleared="0" enqueued="0" />
</gc-op>
<gc-end id="1600" type="scavenge" contextid="1596" durationms="91.329" usertimems="657.708" systemtimems="4.081" timestamp="2020-09-11T12:40:45.937" activeThreads="8">
  <mem-info id="1601" free="701531496" total="1868103680" percent="37">
    <mem type="nursery" free="600693256" total="939524096" percent="63">
      <mem type="allocate" free="600693256" total="689635328" percent="87" />
      <mem type="survivor" free="0" total="249888768" percent="0" />
    </mem>
    <mem type="tenure" free="100838240" total="928579584" percent="10" macro-fragmented="0">
      <mem type="soa" free="35836768" total="863578112" percent="4" />
      <mem type="loa" free="65001472" total="65001472" percent="100" />
    </mem>
    <pending-finalizers system="0" default="0" reference="100" classloader="0" />
    <remembered-set count="9776" />
  </mem-info>
</gc-end>
<cycle-end id="1602" type="scavenge" contextid="1596" timestamp="2020-09-11T12:40:45.982" />
<allocation-satisfied id="1603" threadId="000000000086A900" bytesRequested="48" />
<af-end id="1604" timestamp="2020-09-11T12:40:45.982" threadId="000000000086B280" success="true" from="nursery"/>
<exclusive-end id="1605" timestamp="2020-09-11T12:40:45.982" durationms="138.106" />

<exclusive-start id="1606" timestamp="2020-09-11T12:40:49.186" intervalms="3342.216">
  <response-info timems="0.500" idlems="0.500" threads="0" lastid="000000000088BD00" lastname="Group1.Backend.CompositeBackend{Tier1}.7" />
</exclusive-start>
<af-start id="1607" threadId="000000000088C680" totalBytesRequested="520" timestamp="2020-09-11T12:40:49.187" intervalms="3342.091" type="nursery" />
<cycle-start id="1608" type="scavenge" contextid="0" timestamp="2020-09-11T12:40:49.187" intervalms="3342.081" />
<gc-start id="1609" type="scavenge" contextid="1608" timestamp="2020-09-11T12:40:49.188">
  <mem-info id="1610" free="100837976" total="1868103680" percent="5">
    <mem type="nursery" free="0" total="939524096" percent="0">
      <mem type="allocate" free="0" total="689635328" percent="0" />
      <mem type="survivor" free="0" total="249888768" percent="0" />
    </mem>
    <mem type="tenure" free="100837976" total="928579584" percent="10">
      <mem type="soa" free="35836504" total="863578112" percent="4" />
      <mem type="loa" free="65001472" total="65001472" percent="100" />
    </mem>
    <remembered-set count="120558" />
  </mem-info>
</gc-start>
<allocation-stats totalBytes="600307216" >
  <allocated-bytes non-tlh="16461184" tlh="583846032" />
  <largest-consumer threadName="Group1.Backend.CompositeBackend{Tier1}.8" threadId="00000000008D4B00" bytes="89566112" />
</allocation-stats>
<gc-op id="1611" type="scavenge" timems="95.847" contextid="1608" timestamp="2020-09-11T12:40:49.284">
  <scavenger-info tenureage="3" tenuremask="7ff8" tiltratio="73" />
  <memory-copied type="nursery" objects="3238264" bytes="87595144" bytesdiscarded="172512" />
  <memory-copied type="tenure" objects="987710" bytes="27402848" bytesdiscarded="6560" />
  <finalization candidates="29" enqueued="0" />
  <ownableSynchronizers candidates="144910" cleared="99841" />
  <references type="soft" candidates="93458" cleared="0" enqueued="0" dynamicThreshold="9" maxThreshold="32" />
  <references type="weak" candidates="403" cleared="146" enqueued="126" />
</gc-op>
<gc-end id="1612" type="scavenge" contextid="1608" durationms="96.922" usertimems="696.487" systemtimems="4.580" timestamp="2020-09-11T12:40:49.285" activeThreads="8">
  <mem-info id="1613" free="705303656" total="1868103680" percent="37">
    <mem type="nursery" free="631825976" total="939524096" percent="67">
      <mem type="allocate" free="631825976" total="719716352" percent="87" />
      <mem type="survivor" free="0" total="219807744" percent="0" />
    </mem>
    <mem type="tenure" free="73477680" total="928579584" percent="7" macro-fragmented="0">
      <mem type="soa" free="8476208" total="863578112" percent="0" />
      <mem type="loa" free="65001472" total="65001472" percent="100" />
    </mem>
    <pending-finalizers system="0" default="0" reference="126" classloader="0" />
    <remembered-set count="28366" />
  </mem-info>
</gc-end>
<cycle-end id="1614" type="scavenge" contextid="1608" timestamp="2020-09-11T12:40:49.290" />
<allocation-satisfied id="1615" threadId="000000000088BD00" bytesRequested="520" />
<af-end id="1616" timestamp="2020-09-11T12:40:49.290" threadId="000000000088C680" success="true" from="nursery"/>
<exclusive-end id="1617" timestamp="2020-09-11T12:40:49.290" durationms="103.793" />

<exclusive-start id="1618" timestamp="2020-09-11T12:40:51.925" intervalms="2738.579">
  <response-info timems="0.597" idlems="0.597" threads="0" lastid="000000000086B500" lastname="Group1.Backend.CompositeBackend{Tier1}.4" />
</exclusive-start>
<af-start id="1619" threadId="000000000086BE80" totalBytesRequested="16" timestamp="2020-09-11T12:40:51.926" intervalms="2738.560" type="nursery" />
<cycle-start id="1620" type="scavenge" contextid="0" timestamp="2020-09-11T12:40:51.926" intervalms="2738.551" />
<gc-start id="1621" type="scavenge" contextid="1620" timestamp="2020-09-11T12:40:51.926">
  <mem-info id="1622" free="73477680" total="1868103680" percent="3">
    <mem type="nursery" free="0" total="939524096" percent="0">
      <mem type="allocate" free="0" total="719716352" percent="0" />
      <mem type="survivor" free="0" total="219807744" percent="0" />
    </mem>
    <mem type="tenure" free="73477680" total="928579584" percent="7">
      <mem type="soa" free="8476208" total="863578112" percent="0" />
      <mem type="loa" free="65001472" total="65001472" percent="100" />
    </mem>
    <remembered-set count="142002" />
  </mem-info>
</gc-start>
<allocation-stats totalBytes="631439248" >
  <allocated-bytes non-tlh="22347024" tlh="609092224" />
  <largest-consumer threadName="Group1.Backend.CompositeBackend{Tier1}.1" threadId="0000000000789300" bytes="89560384" />
</allocation-stats>
<gc-op id="1623" type="scavenge" timems="100.764" contextid="1620" timestamp="2020-09-11T12:40:52.027">
  <scavenger-info tenureage="3" tenuremask="7ff8" tiltratio="76" />
  <memory-copied type="nursery" objects="3192197" bytes="87089000" bytesdiscarded="249584" />
  <memory-copied type="tenure" objects="1000576" bytes="26824496" bytesdiscarded="5936" />
  <finalization candidates="1" enqueued="0" />
  <ownableSynchronizers candidates="149345" cleared="101656" />
  <references type="soft" candidates="61861" cleared="0" enqueued="0" dynamicThreshold="9" maxThreshold="32" />
  <references type="weak" candidates="326" cleared="45" enqueued="0" />
  <heap-resize type="expand" space="tenure" amount="19922944" count="19" timems="6.536" reason="continue current collection" />
</gc-op>
<gc-end id="1624" type="scavenge" contextid="1620" durationms="101.777" usertimems="741.338" systemtimems="11.453" timestamp="2020-09-11T12:40:52.028" activeThreads="8">
  <mem-info id="1625" free="723195464" total="1888026624" percent="38">
    <mem type="nursery" free="656569416" total="939524096" percent="69">
      <mem type="allocate" free="656569416" total="744030208" percent="88" />
      <mem type="survivor" free="0" total="195493888" percent="0" />
    </mem>
    <mem type="tenure" free="66626048" total="948502528" percent="7" macro-fragmented="0">
      <mem type="soa" free="229888" total="882106368" percent="0" />
      <mem type="loa" free="66396160" total="66396160" percent="100" />
    </mem>
    <remembered-set count="25892" />
  </mem-info>
</gc-end>
<cycle-end id="1626" type="scavenge" contextid="1620" timestamp="2020-09-11T12:40:52.036" />
<allocation-satisfied id="1627" threadId="000000000086B500" bytesRequested="16" />
<af-end id="1628" timestamp="2020-09-11T12:40:52.036" threadId="000000000086BE80" success="true" from="nursery"/>
<exclusive-end id="1629" timestamp="2020-09-11T12:40:52.036" durationms="111.097" />

<exclusive-start id="1630" timestamp="2020-09-11T12:40:54.731" intervalms="2806.009">
  <response-info timems="1.611" idlems="1.611" threads="0" lastid="000000000088BD00" lastname="Group1.Backend.CompositeBackend{Tier1}.7" />
</exclusive-start>
<af-start id="1631" threadId="000000000088C680" totalBytesRequested="263592" timestamp="2020-09-11T12:40:54.732" intervalms="2806.149" type="nursery" />
<cycle-start id="1632" type="scavenge" contextid="0" timestamp="2020-09-11T12:40:54.732" intervalms="2806.161" />
<gc-start id="1633" type="scavenge" contextid="1632" timestamp="2020-09-11T12:40:54.733">
  <mem-info id="1634" free="66707048" total="1888026624" percent="3">
    <mem type="nursery" free="81112" total="939524096" percent="0">
      <mem type="allocate" free="81112" total="744030208" percent="0" />
      <mem type="survivor" free="0" total="195493888" percent="0" />
    </mem>
    <mem type="tenure" free="66625936" total="948502528" percent="7">
      <mem type="soa" free="229776" total="882106368" percent="0" />
      <mem type="loa" free="66396160" total="66396160" percent="100" />
    </mem>
    <remembered-set count="143351" />
  </mem-info>
</gc-start>
<allocation-stats totalBytes="656099560" >
  <allocated-bytes non-tlh="21194720" tlh="634904840" />
  <largest-consumer threadName="Group1.Backend.CompositeBackend{Tier1}.6" threadId="000000000089DB00" bytes="88624216" />
</allocation-stats>
<gc-op id="1635" type="scavenge" timems="96.656" contextid="1632" timestamp="2020-09-11T12:40:54.829">
  <scavenger-info tenureage="3" tenuremask="7ff8" tiltratio="79" />
  <memory-copied type="nursery" objects="3450809" bytes="93335896" bytesdiscarded="294304" />
  <memory-copied type="tenure" objects="925298" bytes="24983648" bytesdiscarded="3800" />
  <finalization candidates="1" enqueued="0" />
  <ownableSynchronizers candidates="155276" cleared="106277" />
  <references type="soft" candidates="49353" cleared="0" enqueued="0" dynamicThreshold="9" maxThreshold="32" />
  <references type="weak" candidates="280" cleared="30" enqueued="0" />
  <heap-resize type="expand" space="tenure" amount="27262976" count="26" timems="9.380" reason="continue current collection" />
</gc-op>
<gc-end id="1636" type="scavenge" contextid="1632" durationms="97.734" usertimems="737.326" systemtimems="11.305" timestamp="2020-09-11T12:40:54.830" activeThreads="8">
  <mem-info id="1637" free="735718096" total="1915289600" percent="38">
    <mem type="nursery" free="667050448" total="939524096" percent="70">
      <mem type="allocate" free="667050448" total="760807424" percent="87" />
      <mem type="survivor" free="0" total="178716672" percent="0" />
    </mem>
    <mem type="tenure" free="68667648" total="975765504" percent="7" macro-fragmented="27735676">
      <mem type="soa" free="363776" total="907461632" percent="0" />
      <mem type="loa" free="68303872" total="68303872" percent="100" />
    </mem>
    <remembered-set count="25077" />
  </mem-info>
</gc-end>
<cycle-end id="1638" type="scavenge" contextid="1632" timestamp="2020-09-11T12:40:54.836" />
<allocation-satisfied id="1639" threadId="000000000088BD00" bytesRequested="263592" />
<af-end id="1640" timestamp="2020-09-11T12:40:54.836" threadId="000000000088C680" success="true" from="nursery"/>
<exclusive-end id="1641" timestamp="2020-09-11T12:40:54.836" durationms="105.502" />

<exclusive-start id="1642" timestamp="2020-09-11T12:40:57.211" intervalms="2479.641">
  <response-info timems="2.992" idlems="2.992" threads="0" lastid="000000000089DB00" lastname="Group1.Backend.CompositeBackend{Tier1}.6" />
</exclusive-start>
<af-start id="1643" threadId="000000000089E480" totalBytesRequested="120" timestamp="2020-09-11T12:40:57.212" intervalms="2479.765" type="nursery" />
<cycle-start id="1644" type="scavenge" contextid="0" timestamp="2020-09-11T12:40:57.212" intervalms="2479.779" />
<gc-start id="1645" type="scavenge" contextid="1644" timestamp="2020-09-11T12:40:57.213">
  <mem-info id="1646" free="68667648" total="1915289600" percent="3">
    <mem type="nursery" free="0" total="939524096" percent="0">
      <mem type="allocate" free="0" total="760807424" percent="0" />
      <mem type="survivor" free="0" total="178716672" percent="0" />
    </mem>
    <mem type="tenure" free="68667648" total="975765504" percent="7">
      <mem type="soa" free="363776" total="907461632" percent="0" />
      <mem type="loa" free="68303872" total="68303872" percent="100" />
    </mem>
    <remembered-set count="143430" />
  </mem-info>
</gc-start>
<allocation-stats totalBytes="666617296" >
  <allocated-bytes non-tlh="21062528" tlh="645554768" />
  <largest-consumer threadName="Group1.Backend.CompositeBackend{Tier1}.4" threadId="000000000086B500" bytes="114855376" />
</allocation-stats>
<gc-op id="1647" type="scavenge" timems="110.837" contextid="1644" timestamp="2020-09-11T12:40:57.323">
  <scavenger-info tenureage="3" tenuremask="fff8" tiltratio="80" />
  <memory-copied type="nursery" objects="3326581" bytes="91023552" bytesdiscarded="440024" />
  <memory-copied type="tenure" objects="946101" bytes="25633264" bytesdiscarded="8704" />
  <finalization candidates="1" enqueued="0" />
  <ownableSynchronizers candidates="157212" cleared="106937" />
  <references type="soft" candidates="42926" cleared="0" enqueued="0" dynamicThreshold="9" maxThreshold="32" />
  <references type="weak" candidates="361" cleared="50" enqueued="0" />
  <heap-resize type="expand" space="tenure" amount="27262976" count="26" timems="8.819" reason="continue current collection" />
</gc-op>
<gc-end id="1648" type="scavenge" contextid="1644" durationms="111.977" usertimems="815.849" systemtimems="7.495" timestamp="2020-09-11T12:40:57.324" activeThreads="8">
  <mem-info id="1649" free="754300792" total="1942552576" percent="38">
    <mem type="nursery" free="684088184" total="939524096" percent="72">
      <mem type="allocate" free="684088184" total="775684096" percent="88" />
      <mem type="survivor" free="0" total="163840000" percent="0" />
    </mem>
    <mem type="tenure" free="70212608" total="1003028480" percent="7" macro-fragmented="0">
      <mem type="soa" free="0" total="932815872" percent="0" />
      <mem type="loa" free="70212608" total="70212608" percent="100" />
    </mem>
    <remembered-set count="23985" />
  </mem-info>
</gc-end>
<cycle-end id="1650" type="scavenge" contextid="1644" timestamp="2020-09-11T12:40:57.327" />
<allocation-satisfied id="1651" threadId="000000000089DB00" bytesRequested="120" />
<af-end id="1652" timestamp="2020-09-11T12:40:57.327" threadId="000000000089E480" success="true" from="nursery"/>
<exclusive-end id="1653" timestamp="2020-09-11T12:40:57.328" durationms="117.002" />

<exclusive-start id="1654" timestamp="2020-09-11T12:40:59.600" intervalms="2389.750">
  <response-info timems="1.251" idlems="1.251" threads="0" lastid="000000000088EE00" lastname="Group1.Backend.CompositeBackend{Tier1}.5" />
</exclusive-start>
<af-start id="1655" threadId="000000000088F780" totalBytesRequested="131080" timestamp="2020-09-11T12:40:59.601" intervalms="2389.826" type="nursery" />
<cycle-start id="1656" type="scavenge" contextid="0" timestamp="2020-09-11T12:40:59.602" intervalms="2389.876" />
<gc-start id="1657" type="scavenge" contextid="1656" timestamp="2020-09-11T12:40:59.602">
  <mem-info id="1658" free="70212608" total="1942552576" percent="3">
    <mem type="nursery" free="0" total="939524096" percent="0">
      <mem type="allocate" free="0" total="775684096" percent="0" />
      <mem type="survivor" free="0" total="163840000" percent="0" />
    </mem>
    <mem type="tenure" free="70212608" total="1003028480" percent="7">
      <mem type="soa" free="0" total="932815872" percent="0" />
      <mem type="loa" free="70212608" total="70212608" percent="100" />
    </mem>
    <remembered-set count="145369" />
  </mem-info>
</gc-start>
<allocation-stats totalBytes="683675136" >
  <allocated-bytes non-tlh="21876024" tlh="661799112" />
  <largest-consumer threadName="Group1.Backend.CompositeBackend{Tier1}.7" threadId="000000000088BD00" bytes="112198184" />
</allocation-stats>
<gc-op id="1659" type="scavenge" timems="147.684" contextid="1656" timestamp="2020-09-11T12:40:59.750">
  <scavenger-info tenureage="3" tenuremask="fff8" tiltratio="82" />
  <memory-copied type="nursery" objects="3359648" bytes="92642416" bytesdiscarded="272456" />
  <memory-copied type="tenure" objects="952873" bytes="26042904" bytesdiscarded="7832" />
  <ownableSynchronizers candidates="161620" cleared="110104" />
  <references type="soft" candidates="39530" cleared="0" enqueued="0" dynamicThreshold="9" maxThreshold="32" />
  <references type="weak" candidates="512" cleared="209" enqueued="174" />
  <heap-resize type="expand" space="tenure" amount="28311552" count="27" timems="21.067" reason="continue current collection" />
</gc-op>
<gc-end id="1660" type="scavenge" contextid="1656" durationms="149.079" usertimems="1035.198" systemtimems="28.789" timestamp="2020-09-11T12:40:59.751" activeThreads="8">
  <mem-info id="1661" free="766776752" total="1970864128" percent="38">
    <mem type="nursery" free="694234288" total="939524096" percent="73">
      <mem type="allocate" free="694234288" total="787283968" percent="88" />
      <mem type="survivor" free="0" total="152240128" percent="0" />
    </mem>
    <mem type="tenure" free="72542464" total="1031340032" percent="7" macro-fragmented="0">
      <mem type="soa" free="348416" total="959145984" percent="0" />
      <mem type="loa" free="72194048" total="72194048" percent="100" />
    </mem>
    <pending-finalizers system="0" default="0" reference="174" classloader="0" />
    <remembered-set count="25519" />
  </mem-info>
</gc-end>
<cycle-end id="1662" type="scavenge" contextid="1656" timestamp="2020-09-11T12:40:59.754" />
<allocation-satisfied id="1663" threadId="000000000088EE00" bytesRequested="131080" />
<af-end id="1664" timestamp="2020-09-11T12:40:59.754" threadId="000000000088F780" success="true" from="nursery"/>
<exclusive-end id="1665" timestamp="2020-09-11T12:40:59.754" durationms="153.440" />

<exclusive-start id="1666" timestamp="2020-09-11T12:41:01.648" intervalms="2047.779">
  <response-info timems="0.610" idlems="0.610" threads="0" lastid="000000000088EE00" lastname="Group1.Backend.CompositeBackend{Tier1}.5" />
</exclusive-start>
<af-start id="1667" threadId="000000000088F780" totalBytesRequested="168" timestamp="2020-09-11T12:41:01.649" intervalms="2047.623" type="nursery" />
<cycle-start id="1668" type="scavenge" contextid="0" timestamp="2020-09-11T12:41:01.649" intervalms="2047.555" />
<gc-start id="1669" type="scavenge" contextid="1668" timestamp="2020-09-11T12:41:01.650">
  <mem-info id="1670" free="72542464" total="1970864128" percent="3">
    <mem type="nursery" free="0" total="939524096" percent="0">
      <mem type="allocate" free="0" total="787283968" percent="0" />
      <mem type="survivor" free="0" total="152240128" percent="0" />
    </mem>
    <mem type="tenure" free="72542464" total="1031340032" percent="7">
      <mem type="soa" free="348416" total="959145984" percent="0" />
      <mem type="loa" free="72194048" total="72194048" percent="100" />
    </mem>
    <remembered-set count="145503" />
  </mem-info>
</gc-start>
<allocation-stats totalBytes="693828680" >
  <allocated-bytes non-tlh="25825440" tlh="668003240" />
  <largest-consumer threadName="Group1.Backend.CompositeBackend{Tier1}.5" threadId="000000000088EE00" bytes="93616216" />
</allocation-stats>
<gc-op id="1671" type="scavenge" timems="105.676" contextid="1668" timestamp="2020-09-11T12:41:01.755">
  <scavenger-info tenureage="3" tenuremask="fff8" tiltratio="83" />
  <memory-copied type="nursery" objects="3478482" bytes="95503744" bytesdiscarded="213904" />
  <memory-copied type="tenure" objects="984694" bytes="26788064" bytesdiscarded="4880" />
  <ownableSynchronizers candidates="162035" cleared="109560" />
  <references type="soft" candidates="37134" cleared="0" enqueued="0" dynamicThreshold="9" maxThreshold="32" />
  <references type="weak" candidates="358" cleared="40" enqueued="0" />
  <heap-resize type="expand" space="tenure" amount="29360128" count="28" timems="17.127" reason="continue current collection" />
</gc-op>
<gc-end id="1672" type="scavenge" contextid="1668" durationms="106.766" usertimems="750.140" systemtimems="7.007" timestamp="2020-09-11T12:41:01.756" activeThreads="8">
  <mem-info id="1673" free="774908472" total="2000224256" percent="38">
    <mem type="nursery" free="699887672" total="939524096" percent="74">
      <mem type="allocate" free="699887672" total="795738112" percent="87" />
      <mem type="survivor" free="0" total="143785984" percent="0" />
    </mem>
    <mem type="tenure" free="75020800" total="1060700160" percent="7" macro-fragmented="0">
      <mem type="soa" free="771584" total="986450944" percent="0" />
      <mem type="loa" free="74249216" total="74249216" percent="100" />
    </mem>
    <remembered-set count="24469" />
  </mem-info>
</gc-end>
<cycle-end id="1674" type="scavenge" contextid="1668" timestamp="2020-09-11T12:41:01.760" />
<allocation-satisfied id="1675" threadId="000000000088EE00" bytesRequested="168" />
<af-end id="1676" timestamp="2020-09-11T12:41:01.760" threadId="000000000088F780" success="true" from="nursery"/>
<exclusive-end id="1677" timestamp="2020-09-11T12:41:01.760" durationms="112.095" />

<exclusive-start id="1678" timestamp="2020-09-11T12:41:03.782" intervalms="2134.058">
  <response-info timems="0.375" idlems="0.375" threads="0" lastid="000000000086A900" lastname="Group1.Backend.CompositeBackend{Tier1}.3" />
</exclusive-start>
<af-start id="1679" threadId="000000000086B280" totalBytesRequested="24" timestamp="2020-09-11T12:41:03.783" intervalms="2133.802" type="nursery" />
<cycle-start id="1680" type="scavenge" contextid="0" timestamp="2020-09-11T12:41:03.783" intervalms="2133.794" />
<gc-start id="1681" type="scavenge" contextid="1680" timestamp="2020-09-11T12:41:03.784">
  <mem-info id="1682" free="75020800" total="2000224256" percent="3">
    <mem type="nursery" free="0" total="939524096" percent="0">
      <mem type="allocate" free="0" total="795738112" percent="0" />
      <mem type="survivor" free="0" total="143785984" percent="0" />
    </mem>
    <mem type="tenure" free="75020800" total="1060700160" percent="7">
      <mem type="soa" free="771584" total="986450944" percent="0" />
      <mem type="loa" free="74249216" total="74249216" percent="100" />
    </mem>
    <remembered-set count="147394" />
  </mem-info>
</gc-start>
<allocation-stats totalBytes="699457640" >
  <allocated-bytes non-tlh="19076312" tlh="680381328" />
  <largest-consumer threadName="Group1.Backend.CompositeBackend{Tier1}.4" threadId="000000000086B500" bytes="99701536" />
</allocation-stats>
<gc-op id="1683" type="scavenge" timems="124.990" contextid="1680" timestamp="2020-09-11T12:41:03.909">
  <scavenger-info tenureage="3" tenuremask="fff8" tiltratio="84" />
  <memory-copied type="nursery" objects="3681927" bytes="99994768" bytesdiscarded="208904" />
  <memory-copied type="tenure" objects="969698" bytes="26490448" bytesdiscarded="8672" />
  <ownableSynchronizers candidates="167296" cleared="113883" />
  <references type="soft" candidates="36084" cleared="0" enqueued="0" dynamicThreshold="9" maxThreshold="32" />
  <references type="weak" candidates="554" cleared="75" enqueued="35" />
  <heap-resize type="expand" space="tenure" amount="28311552" count="27" timems="9.382" reason="continue current collection" />
</gc-op>
<gc-end id="1684" type="scavenge" contextid="1680" durationms="126.197" usertimems="773.657" systemtimems="7.922" timestamp="2020-09-11T12:41:03.910" activeThreads="8">
  <mem-info id="1685" free="777544328" total="2028535808" percent="38">
    <mem type="nursery" free="700704136" total="939524096" percent="74">
      <mem type="allocate" free="700704136" total="801046528" percent="87" />
      <mem type="survivor" free="0" total="138477568" percent="0" />
    </mem>
    <mem type="tenure" free="76840192" total="1089011712" percent="7" macro-fragmented="0">
      <mem type="soa" free="608512" total="1012780032" percent="0" />
      <mem type="loa" free="76231680" total="76231680" percent="100" />
    </mem>
    <pending-finalizers system="0" default="0" reference="35" classloader="0" />
    <remembered-set count="23521" />
  </mem-info>
</gc-end>
<cycle-end id="1686" type="scavenge" contextid="1680" timestamp="2020-09-11T12:41:03.912" />
<allocation-satisfied id="1687" threadId="000000000086A900" bytesRequested="24" />
<af-end id="1688" timestamp="2020-09-11T12:41:03.912" threadId="000000000086B280" success="true" from="nursery"/>
<exclusive-end id="1689" timestamp="2020-09-11T12:41:03.912" durationms="130.095" />

<exclusive-start id="1690" timestamp="2020-09-11T12:41:05.646" intervalms="1863.368">
  <response-info timems="3.481" idlems="3.481" threads="0" lastid="000000000088EE00" lastname="Group1.Backend.CompositeBackend{Tier1}.5" />
</exclusive-start>
<af-start id="1691" threadId="000000000088F780" totalBytesRequested="24" timestamp="2020-09-11T12:41:05.646" intervalms="1863.611" type="nursery" />
<cycle-start id="1692" type="scavenge" contextid="0" timestamp="2020-09-11T12:41:05.647" intervalms="1863.649" />
<gc-start id="1693" type="scavenge" contextid="1692" timestamp="2020-09-11T12:41:05.647">
  <mem-info id="1694" free="76840192" total="2028535808" percent="3">
    <mem type="nursery" free="0" total="939524096" percent="0">
      <mem type="allocate" free="0" total="801046528" percent="0" />
      <mem type="survivor" free="0" total="138477568" percent="0" />
    </mem>
    <mem type="tenure" free="76840192" total="1089011712" percent="7">
      <mem type="soa" free="608512" total="1012780032" percent="0" />
      <mem type="loa" free="76231680" total="76231680" percent="100" />
    </mem>
    <remembered-set count="146883" />
  </mem-info>
</gc-start>
<allocation-stats totalBytes="700292952" >
  <allocated-bytes non-tlh="22889520" tlh="677403432" />
  <largest-consumer threadName="Group1.Backend.CompositeBackend{Tier1}.8" threadId="00000000008D4B00" bytes="100073840" />
</allocation-stats>
<gc-op id="1695" type="scavenge" timems="157.400" contextid="1692" timestamp="2020-09-11T12:41:05.805">
  <scavenger-info tenureage="3" tenuremask="7ff8" tiltratio="85" />
  <memory-copied type="nursery" objects="3468252" bytes="94057816" bytesdiscarded="125416" />
  <memory-copied type="tenure" objects="1031535" bytes="29285480" bytesdiscarded="8216" />
  <ownableSynchronizers candidates="167896" cleared="113686" />
  <references type="soft" candidates="35205" cleared="0" enqueued="0" dynamicThreshold="9" maxThreshold="32" />
  <references type="weak" candidates="343" cleared="35" enqueued="0" />
  <heap-resize type="expand" space="tenure" amount="31457280" count="30" timems="15.072" reason="continue current collection" />
</gc-op>
<gc-end id="1696" type="scavenge" contextid="1692" durationms="158.636" usertimems="1055.318" systemtimems="32.442" timestamp="2020-09-11T12:41:05.806" activeThreads="8">
  <mem-info id="1697" free="790927960" total="2059993088" percent="38">
    <mem type="nursery" free="712034392" total="939524096" percent="75">
      <mem type="allocate" free="712034392" total="806354944" percent="88" />
      <mem type="survivor" free="0" total="133169152" percent="0" />
    </mem>
    <mem type="tenure" free="78893568" total="1120468992" percent="7" macro-fragmented="27735676">
      <mem type="soa" free="460288" total="1042035712" percent="0" />
      <mem type="loa" free="78433280" total="78433280" percent="100" />
    </mem>
    <remembered-set count="26177" />
  </mem-info>
</gc-end>
<cycle-end id="1698" type="scavenge" contextid="1692" timestamp="2020-09-11T12:41:05.809" />
<allocation-satisfied id="1699" threadId="000000000088EE00" bytesRequested="24" />
<af-end id="1700" timestamp="2020-09-11T12:41:05.809" threadId="000000000088F780" success="true" from="nursery"/>
<exclusive-end id="1701" timestamp="2020-09-11T12:41:05.809" durationms="163.533" />

<exclusive-start id="1702" timestamp="2020-09-11T12:41:07.490" intervalms="1844.203">
  <response-info timems="0.821" idlems="0.821" threads="0" lastid="0000000000785700" lastname="Group1.Backend.CompositeBackend{Tier1}.2" />
</exclusive-start>
<af-start id="1703" threadId="0000000000786080" totalBytesRequested="16" timestamp="2020-09-11T12:41:07.491" intervalms="1844.216" type="nursery" />
<cycle-start id="1704" type="scavenge" contextid="0" timestamp="2020-09-11T12:41:07.491" intervalms="1844.178" />
<gc-start id="1705" type="scavenge" contextid="1704" timestamp="2020-09-11T12:41:07.491">
  <mem-info id="1706" free="78893568" total="2059993088" percent="3">
    <mem type="nursery" free="0" total="939524096" percent="0">
      <mem type="allocate" free="0" total="806354944" percent="0" />
      <mem type="survivor" free="0" total="133169152" percent="0" />
    </mem>
    <mem type="tenure" free="78893568" total="1120468992" percent="7">
      <mem type="soa" free="460288" total="1042035712" percent="0" />
      <mem type="loa" free="78433280" total="78433280" percent="100" />
    </mem>
    <remembered-set count="148584" />
  </mem-info>
</gc-start>
<allocation-stats totalBytes="711622720" >
  <allocated-bytes non-tlh="29550376" tlh="682072344" />
  <largest-consumer threadName="Group1.Backend.CompositeBackend{Tier1}.4" threadId="000000000086B500" bytes="100712744" />
</allocation-stats>
<gc-op id="1707" type="scavenge" timems="108.725" contextid="1704" timestamp="2020-09-11T12:41:07.600">
  <scavenger-info tenureage="3" tenuremask="7ff8" tiltratio="85" />
  <memory-copied type="nursery" objects="3581594" bytes="96933952" bytesdiscarded="175496" />
  <memory-copied type="tenure" objects="999974" bytes="27224600" bytesdiscarded="6144" />
  <ownableSynchronizers candidates="165406" cleared="111077" />
  <references type="soft" candidates="34473" cleared="0" enqueued="0" dynamicThreshold="9" maxThreshold="32" />
  <references type="weak" candidates="574" cleared="260" enqueued="220" />
  <heap-resize type="expand" space="tenure" amount="29360128" count="28" timems="10.101" reason="continue current collection" />
</gc-op>
<gc-end id="1708" type="scavenge" contextid="1704" durationms="110.169" usertimems="760.132" systemtimems="1.791" timestamp="2020-09-11T12:41:07.601" activeThreads="8">
  <mem-info id="1709" free="794411880" total="2089353216" percent="38">
    <mem type="nursery" free="713366376" total="939524096" percent="75">
      <mem type="allocate" free="713366376" total="810614784" percent="88" />
      <mem type="survivor" free="0" total="128909312" percent="0" />
    </mem>
    <mem type="tenure" free="81045504" total="1149829120" percent="7" macro-fragmented="0">
      <mem type="soa" free="557056" total="1069340672" percent="0" />
      <mem type="loa" free="80488448" total="80488448" percent="100" />
    </mem>
    <pending-finalizers system="0" default="0" reference="220" classloader="0" />
    <remembered-set count="26808" />
  </mem-info>
</gc-end>
<cycle-end id="1710" type="scavenge" contextid="1704" timestamp="2020-09-11T12:41:07.604" />
<allocation-satisfied id="1711" threadId="0000000000785700" bytesRequested="16" />
<af-end id="1712" timestamp="2020-09-11T12:41:07.604" threadId="0000000000786080" success="true" from="nursery"/>
<exclusive-end id="1713" timestamp="2020-09-11T12:41:07.604" durationms="114.630" />

<exclusive-start id="1714" timestamp="2020-09-11T12:41:09.224" intervalms="1734.178">
  <response-info timems="2.047" idlems="1.701" threads="1" lastid="000000000088EE00" lastname="Group1.Backend.CompositeBackend{Tier1}.5" />
</exclusive-start>
<af-start id="1715" threadId="000000000086B280" totalBytesRequested="24" timestamp="2020-09-11T12:41:09.225" intervalms="1734.312" type="nursery" />
<cycle-start id="1716" type="scavenge" contextid="0" timestamp="2020-09-11T12:41:09.225" intervalms="1734.383" />
<gc-start id="1717" type="scavenge" contextid="1716" timestamp="2020-09-11T12:41:09.226">
  <mem-info id="1718" free="81045504" total="2089353216" percent="3">
    <mem type="nursery" free="0" total="939524096" percent="0">
      <mem type="allocate" free="0" total="810614784" percent="0" />
      <mem type="survivor" free="0" total="128909312" percent="0" />
    </mem>
    <mem type="tenure" free="81045504" total="1149829120" percent="7">
      <mem type="soa" free="557056" total="1069340672" percent="0" />
      <mem type="loa" free="80488448" total="80488448" percent="100" />
    </mem>
    <remembered-set count="153847" />
  </mem-info>
</gc-start>
<allocation-stats totalBytes="712932936" >
  <allocated-bytes non-tlh="20589784" tlh="692343152" />
  <largest-consumer threadName="Group1.Backend.CompositeBackend{Tier1}.6" threadId="000000000089DB00" bytes="98194784" />
</allocation-stats>
<gc-op id="1719" type="scavenge" timems="102.737" contextid="1716" timestamp="2020-09-11T12:41:09.329">
  <scavenger-info tenureage="3" tenuremask="7ff8" tiltratio="86" />
  <memory-copied type="nursery" objects="3536545" bytes="95849976" bytesdiscarded="184440" />
  <memory-copied type="tenure" objects="1043781" bytes="28416056" bytesdiscarded="10456" />
  <ownableSynchronizers candidates="171623" cleared="116458" />
  <references type="soft" candidates="33963" cleared="0" enqueued="0" dynamicThreshold="9" maxThreshold="32" />
  <references type="weak" candidates="333" cleared="35" enqueued="0" />
  <heap-resize type="expand" space="tenure" amount="30408704" count="29" timems="10.439" reason="continue current collection" />
</gc-op>
<gc-end id="1720" type="scavenge" contextid="1716" durationms="104.045" usertimems="785.921" systemtimems="0.000" timestamp="2020-09-11T12:41:09.330" activeThreads="8">
  <mem-info id="1721" free="801457016" total="2119761920" percent="37">
    <mem type="nursery" free="718503880" total="939524096" percent="76">
      <mem type="allocate" free="718503880" total="814678016" percent="88" />
      <mem type="survivor" free="0" total="124846080" percent="0" />
    </mem>
    <mem type="tenure" free="82953136" total="1180237824" percent="7" macro-fragmented="0">
      <mem type="soa" free="335792" total="1097620480" percent="0" />
      <mem type="loa" free="82617344" total="82617344" percent="100" />
    </mem>
    <remembered-set count="28842" />
  </mem-info>
</gc-end>
<cycle-end id="1722" type="scavenge" contextid="1716" timestamp="2020-09-11T12:41:09.331" />
<allocation-satisfied id="1723" threadId="000000000086A900" bytesRequested="24" />
<af-end id="1724" timestamp="2020-09-11T12:41:09.331" threadId="000000000086B280" success="true" from="nursery"/>
<exclusive-end id="1725" timestamp="2020-09-11T12:41:09.331" durationms="107.259" />

<exclusive-start id="1726" timestamp="2020-09-11T12:41:10.945" intervalms="1720.934">
  <response-info timems="0.280" idlems="0.280" threads="0" lastid="000000000089DB00" lastname="Group1.Backend.CompositeBackend{Tier1}.6" />
</exclusive-start>
<af-start id="1727" threadId="000000000089E480" totalBytesRequested="32" timestamp="2020-09-11T12:41:10.945" intervalms="1720.580" type="nursery" />
<cycle-start id="1728" type="scavenge" contextid="0" timestamp="2020-09-11T12:41:10.946" intervalms="1720.509" />
<gc-start id="1729" type="scavenge" contextid="1728" timestamp="2020-09-11T12:41:10.946">
  <mem-info id="1730" free="82953136" total="2119761920" percent="3">
    <mem type="nursery" free="0" total="939524096" percent="0">
      <mem type="allocate" free="0" total="814678016" percent="0" />
      <mem type="survivor" free="0" total="124846080" percent="0" />
    </mem>
    <mem type="tenure" free="82953136" total="1180237824" percent="7">
      <mem type="soa" free="335792" total="1097620480" percent="0" />
      <mem type="loa" free="82617344" total="82617344" percent="100" />
    </mem>
    <remembered-set count="157524" />
  </mem-info>
</gc-start>
<allocation-stats totalBytes="718062776" >
  <allocated-bytes non-tlh="20722600" tlh="697340176" />
  <largest-consumer threadName="Group1.Backend.CompositeBackend{Tier1}.1" threadId="0000000000789300" bytes="105883856" />
</allocation-stats>
<gc-op id="1731" type="scavenge" timems="108.606" contextid="1728" timestamp="2020-09-11T12:41:11.055">
  <scavenger-info tenureage="3" tenuremask="7ff8" tiltratio="86" />
  <memory-copied type="nursery" objects="3647085" bytes="100617976" bytesdiscarded="173944" />
  <memory-copied type="tenure" objects="1015429" bytes="27493288" bytesdiscarded="8576" />
  <ownableSynchronizers candidates="174555" cleared="118800" />
  <references type="soft" candidates="33926" cleared="0" enqueued="0" dynamicThreshold="9" maxThreshold="32" />
  <references type="weak" candidates="302" cleared="20" enqueued="0" />
  <heap-resize type="expand" space="tenure" amount="29360128" count="28" timems="9.228" reason="continue current collection" />
</gc-op>
<gc-end id="1732" type="scavenge" contextid="1728" durationms="109.675" usertimems="753.686" systemtimems="0.000" timestamp="2020-09-11T12:41:11.056" activeThreads="8">
  <mem-info id="1733" free="804004536" total="2149122048" percent="37">
    <mem type="nursery" free="719184312" total="939524096" percent="76">
      <mem type="allocate" free="719184312" total="820117504" percent="87" />
      <mem type="survivor" free="0" total="119406592" percent="0" />
    </mem>
    <mem type="tenure" free="84820224" total="1209597952" percent="7" macro-fragmented="0">
      <mem type="soa" free="147712" total="1124925440" percent="0" />
      <mem type="loa" free="84672512" total="84672512" percent="100" />
    </mem>
    <remembered-set count="30176" />
  </mem-info>
</gc-end>
<cycle-end id="1734" type="scavenge" contextid="1728" timestamp="2020-09-11T12:41:11.058" />
<allocation-satisfied id="1735" threadId="000000000089DB00" bytesRequested="32" />
<af-end id="1736" timestamp="2020-09-11T12:41:11.058" threadId="000000000089E480" success="true" from="nursery"/>
<exclusive-end id="1737" timestamp="2020-09-11T12:41:11.058" durationms="113.325" />

<exclusive-start id="1738" timestamp="2020-09-11T12:41:12.536" intervalms="1591.004">
  <response-info timems="3.674" idlems="3.674" threads="0" lastid="000000000088EE00" lastname="Group1.Backend.CompositeBackend{Tier1}.5" />
</exclusive-start>
<af-start id="1739" threadId="000000000088F780" totalBytesRequested="16" timestamp="2020-09-11T12:41:12.537" intervalms="1591.211" type="nursery" />
<cycle-start id="1740" type="scavenge" contextid="0" timestamp="2020-09-11T12:41:12.537" intervalms="1591.223" />
<gc-start id="1741" type="scavenge" contextid="1740" timestamp="2020-09-11T12:41:12.538">
  <mem-info id="1742" free="84820168" total="2149122048" percent="3">
    <mem type="nursery" free="0" total="939524096" percent="0">
      <mem type="allocate" free="0" total="820117504" percent="0" />
      <mem type="survivor" free="0" total="119406592" percent="0" />
    </mem>
    <mem type="tenure" free="84820168" total="1209597952" percent="7">
      <mem type="soa" free="147656" total="1124925440" percent="0" />
      <mem type="loa" free="84672512" total="84672512" percent="100" />
    </mem>
    <remembered-set count="157326" />
  </mem-info>
</gc-start>
<allocation-stats totalBytes="718746128" >
  <allocated-bytes non-tlh="24884688" tlh="693861440" />
  <largest-consumer threadName="Group1.Backend.CompositeBackend{Tier1}.5" threadId="000000000088EE00" bytes="117385336" />
</allocation-stats>
<gc-op id="1743" type="scavenge" timems="115.222" contextid="1740" timestamp="2020-09-11T12:41:12.653">
  <scavenger-info tenureage="3" tenuremask="7ff8" tiltratio="87" />
  <memory-copied type="nursery" objects="3816108" bytes="104909336" bytesdiscarded="163856" />
  <memory-copied type="tenure" objects="999982" bytes="27480768" bytesdiscarded="6576" />
  <ownableSynchronizers candidates="171422" cleared="115449" />
  <references type="soft" candidates="33924" cleared="0" enqueued="0" dynamicThreshold="9" maxThreshold="32" />
  <references type="weak" candidates="334" cleared="40" enqueued="0" />
  <heap-resize type="expand" space="tenure" amount="30408704" count="29" timems="9.775" reason="continue current collection" />
</gc-op>
<gc-end id="1744" type="scavenge" contextid="1740" durationms="116.539" usertimems="849.144" systemtimems="0.000" timestamp="2020-09-11T12:41:12.654" activeThreads="8">
  <mem-info id="1745" free="800293072" total="2179530752" percent="36">
    <mem type="nursery" free="712540624" total="939524096" percent="75">
      <mem type="allocate" free="712540624" total="817758208" percent="87" />
      <mem type="survivor" free="0" total="121765888" percent="0" />
    </mem>
    <mem type="tenure" free="87752448" total="1240006656" percent="7" macro-fragmented="23113062">
      <mem type="soa" free="951040" total="1153205248" percent="0" />
      <mem type="loa" free="86801408" total="86801408" percent="100" />
    </mem>
    <remembered-set count="31644" />
  </mem-info>
</gc-end>
<cycle-end id="1746" type="scavenge" contextid="1740" timestamp="2020-09-11T12:41:12.656" />
<allocation-satisfied id="1747" threadId="000000000088EE00" bytesRequested="16" />
<af-end id="1748" timestamp="2020-09-11T12:41:12.656" threadId="000000000088F780" success="true" from="nursery"/>
<exclusive-end id="1749" timestamp="2020-09-11T12:41:12.656" durationms="119.883" />

<exclusive-start id="1750" timestamp="2020-09-11T12:41:14.227" intervalms="1691.244">
  <response-info timems="0.782" idlems="0.782" threads="0" lastid="000000000086A900" lastname="Group1.Backend.CompositeBackend{Tier1}.3" />
</exclusive-start>
<af-start id="1751" threadId="000000000086B280" totalBytesRequested="24" timestamp="2020-09-11T12:41:14.228" intervalms="1691.065" type="nursery" />
<cycle-start id="1752" type="scavenge" contextid="0" timestamp="2020-09-11T12:41:14.228" intervalms="1691.064" />
<gc-start id="1753" type="scavenge" contextid="1752" timestamp="2020-09-11T12:41:14.229">
  <mem-info id="1754" free="87752448" total="2179530752" percent="4">
    <mem type="nursery" free="0" total="939524096" percent="0">
      <mem type="allocate" free="0" total="817758208" percent="0" />
      <mem type="survivor" free="0" total="121765888" percent="0" />
    </mem>
    <mem type="tenure" free="87752448" total="1240006656" percent="7">
      <mem type="soa" free="951040" total="1153205248" percent="0" />
      <mem type="loa" free="86801408" total="86801408" percent="100" />
    </mem>
    <remembered-set count="160564" />
  </mem-info>
</gc-start>
<allocation-stats totalBytes="712103040" >
  <allocated-bytes non-tlh="18707352" tlh="693395688" />
  <largest-consumer threadName="Group1.Backend.CompositeBackend{Tier1}.6" threadId="000000000089DB00" bytes="98201104" />
</allocation-stats>
<gc-op id="1755" type="scavenge" timems="122.384" contextid="1752" timestamp="2020-09-11T12:41:14.351">
  <scavenger-info tenureage="3" tenuremask="7ff8" tiltratio="87" />
  <memory-copied type="nursery" objects="3758233" bytes="106383208" bytesdiscarded="277448" />
  <memory-copied type="tenure" objects="1040302" bytes="28196104" bytesdiscarded="7664" />
  <ownableSynchronizers candidates="172771" cleared="116178" />
  <references type="soft" candidates="33597" cleared="0" enqueued="0" dynamicThreshold="9" maxThreshold="32" />
  <references type="weak" candidates="325" cleared="30" enqueued="0" />
  <heap-resize type="expand" space="tenure" amount="29360128" count="28" timems="9.499" reason="continue current collection" />
</gc-op>
<gc-end id="1756" type="scavenge" contextid="1752" durationms="123.826" usertimems="898.506" systemtimems="4.373" timestamp="2020-09-11T12:41:14.352" activeThreads="8">
  <mem-info id="1757" free="800530248" total="2208890880" percent="36">
    <mem type="nursery" free="711673672" total="939524096" percent="75">
      <mem type="allocate" free="711673672" total="818479104" percent="86" />
      <mem type="survivor" free="0" total="121044992" percent="0" />
    </mem>
    <mem type="tenure" free="88856576" total="1269366784" percent="7" macro-fragmented="0">
      <mem type="soa" free="0" total="1180510208" percent="0" />
      <mem type="loa" free="88856576" total="88856576" percent="100" />
    </mem>
    <remembered-set count="30131" />
  </mem-info>
</gc-end>
<cycle-end id="1758" type="scavenge" contextid="1752" timestamp="2020-09-11T12:41:14.355" />
<allocation-satisfied id="1759" threadId="000000000086A900" bytesRequested="24" />
<af-end id="1760" timestamp="2020-09-11T12:41:14.355" threadId="000000000086B280" success="true" from="nursery"/>
<exclusive-end id="1761" timestamp="2020-09-11T12:41:14.355" durationms="128.099" />

<exclusive-start id="1762" timestamp="2020-09-11T12:41:15.182" intervalms="954.951">
  <response-info timems="0.408" idlems="0.224" threads="2" lastid="000000000089DB00" lastname="Group1.Backend.CompositeBackend{Tier1}.6" />
</exclusive-start>
<af-start id="1763" threadId="0000000000765180" totalBytesRequested="16" timestamp="2020-09-11T12:41:15.183" intervalms="954.898" type="tenure" />
<cycle-start id="1764" type="global" contextid="0" timestamp="2020-09-11T12:41:15.183" intervalms="50098.540" />
<gc-start id="1765" type="global" contextid="1764" timestamp="2020-09-11T12:41:15.183">
  <mem-info id="1766" free="355316008" total="2208890880" percent="16">
    <mem type="nursery" free="266459432" total="939524096" percent="28">
      <mem type="allocate" free="266459432" total="818479104" percent="32" />
      <mem type="survivor" free="0" total="121044992" percent="0" />
    </mem>
    <mem type="tenure" free="88856576" total="1269366784" percent="7">
      <mem type="soa" free="0" total="1180510208" percent="0" />
      <mem type="loa" free="88856576" total="88856576" percent="100" />
    </mem>
    <remembered-set count="124998" />
  </mem-info>
</gc-start>
<allocation-stats totalBytes="444940984" >
  <allocated-bytes non-tlh="19840544" tlh="425100440" />
  <largest-consumer threadName="Group1.Backend.CompositeBackend{Tier1}.6" threadId="000000000089DB00" bytes="71768952" />
</allocation-stats>
<gc-op id="1767" type="mark" timems="509.368" contextid="1764" timestamp="2020-09-11T12:41:15.693">
  <trace-info objectcount="29470871" scancount="28512365" scanbytes="783513068" />
  <finalization candidates="128" enqueued="0" />
  <ownableSynchronizers candidates="481230" cleared="63838" />
  <references type="soft" candidates="566527" cleared="1920" enqueued="1907" dynamicThreshold="9" maxThreshold="32" />
  <references type="weak" candidates="4701" cleared="636" enqueued="617" />
  <references type="phantom" candidates="107" cleared="0" enqueued="0" />
  <stringconstants candidates="11043" cleared="47"  />
</gc-op>
<gc-op id="1768" type="classunload" timems="6.589" contextid="1764" timestamp="2020-09-11T12:41:15.700">
  <classunload-info classloadercandidates="182" classloadersunloaded="22" classesunloaded="22" anonymousclassesunloaded="0" quiescems="0.000" setupms="5.474" scanms="0.967" postms="0.148" />
</gc-op>
<gc-op id="1769" type="sweep" timems="13.177" contextid="1764" timestamp="2020-09-11T12:41:15.713" />
<gc-end id="1770" type="global" contextid="1764" durationms="532.305" usertimems="3879.480" systemtimems="29.507" timestamp="2020-09-11T12:41:15.716" activeThreads="8">
  <mem-info id="1771" free="1202405064" total="2208890880" percent="54">
    <mem type="nursery" free="662977848" total="939524096" percent="70">
      <mem type="allocate" free="662977848" total="818479104" percent="81" />
      <mem type="survivor" free="0" total="121044992" percent="0" />
    </mem>
    <mem type="tenure" free="539427216" total="1269366784" percent="42" micro-fragmented="4424925" macro-fragmented="1600032">
      <mem type="soa" free="450570640" total="1180510208" percent="38" />
      <mem type="loa" free="88856576" total="88856576" percent="100" />
    </mem>
    <pending-finalizers system="0" default="0" reference="2524" classloader="0" />
    <remembered-set count="112883" />
  </mem-info>
</gc-end>
<cycle-end id="1772" type="global" contextid="1764" timestamp="2020-09-11T12:41:15.723" />
<allocation-satisfied id="1773" threadId="0000000000764800" bytesRequested="16" />
<af-end id="1774" timestamp="2020-09-11T12:41:15.724" threadId="0000000000765180" success="true" from="tenure-soa"/>
<exclusive-end id="1775" timestamp="2020-09-11T12:41:15.724" durationms="542.231" />

<exclusive-start id="1776" timestamp="2020-09-11T12:41:17.180" intervalms="1998.215">
  <response-info timems="0.423" idlems="0.423" threads="0" lastid="000000000089DB00" lastname="Group1.Backend.CompositeBackend{Tier1}.6" />
</exclusive-start>
<af-start id="1777" threadId="000000000089E480" totalBytesRequested="80" timestamp="2020-09-11T12:41:17.181" intervalms="1998.486" type="nursery" />
<cycle-start id="1778" type="scavenge" contextid="0" timestamp="2020-09-11T12:41:17.181" intervalms="2953.390" />
<gc-start id="1779" type="scavenge" contextid="1778" timestamp="2020-09-11T12:41:17.182">
  <mem-info id="1780" free="539426696" total="2208890880" percent="24">
    <mem type="nursery" free="0" total="939524096" percent="0">
      <mem type="allocate" free="0" total="818479104" percent="0" />
      <mem type="survivor" free="0" total="121044992" percent="0" />
    </mem>
    <mem type="tenure" free="539426696" total="1269366784" percent="42">
      <mem type="soa" free="450570120" total="1180510208" percent="38" />
      <mem type="loa" free="88856576" total="88856576" percent="100" />
    </mem>
    <remembered-set count="178517" />
  </mem-info>
</gc-start>
<allocation-stats totalBytes="660264024" >
  <allocated-bytes non-tlh="30312960" tlh="629951064" />
  <largest-consumer threadName="Group1.Backend.CompositeBackend{Tier1}.7" threadId="000000000088BD00" bytes="88795904" />
</allocation-stats>
<gc-op id="1781" type="scavenge" timems="158.247" contextid="1778" timestamp="2020-09-11T12:41:17.340">
  <scavenger-info tenureage="3" tenuremask="7ff8" tiltratio="87" />
  <memory-copied type="nursery" objects="4387879" bytes="120827040" bytesdiscarded="36000" />
  <memory-copied type="tenure" objects="1163675" bytes="33289656" bytesdiscarded="54064" />
  <copy-failed type="nursery" objects="110751" bytes="2871200" />
  <finalization candidates="5" enqueued="0" />
  <ownableSynchronizers candidates="886101" cleared="824908" />
  <references type="soft" candidates="36238" cleared="0" enqueued="0" dynamicThreshold="13" maxThreshold="32" />
  <references type="weak" candidates="115" cleared="53" enqueued="0" />
</gc-op>
<gc-end id="1782" type="scavenge" contextid="1778" durationms="159.324" usertimems="1169.335" systemtimems="27.552" timestamp="2020-09-11T12:41:17.341" activeThreads="8">
  <mem-info id="1783" free="1166401664" total="2208890880" percent="52">
    <mem type="nursery" free="660537344" total="939524096" percent="70">
      <mem type="allocate" free="660537344" total="781582336" percent="84" />
      <mem type="survivor" free="0" total="157941760" percent="0" />
    </mem>
    <mem type="tenure" free="505864320" total="1269366784" percent="39" macro-fragmented="0">
      <mem type="soa" free="417007744" total="1180510208" percent="35" />
      <mem type="loa" free="88856576" total="88856576" percent="100" />
    </mem>
    <remembered-set count="26521" />
  </mem-info>
</gc-end>
<cycle-end id="1784" type="scavenge" contextid="1778" timestamp="2020-09-11T12:41:17.344" />
<allocation-satisfied id="1785" threadId="000000000089DB00" bytesRequested="80" />
<af-end id="1786" timestamp="2020-09-11T12:41:17.344" threadId="000000000089E480" success="true" from="nursery"/>
<exclusive-end id="1787" timestamp="2020-09-11T12:41:17.344" durationms="163.700" />

<exclusive-start id="1788" timestamp="2020-09-11T12:41:18.795" intervalms="1614.714">
  <response-info timems="0.406" idlems="0.305" threads="1" lastid="0000000000789300" lastname="Group1.Backend.CompositeBackend{Tier1}.1" />
</exclusive-start>
<af-start id="1789" threadId="00000000008D5480" totalBytesRequested="16" timestamp="2020-09-11T12:41:18.796" intervalms="1614.595" type="nursery" />
<cycle-start id="1790" type="scavenge" contextid="0" timestamp="2020-09-11T12:41:18.796" intervalms="1614.584" />
<gc-start id="1791" type="scavenge" contextid="1790" timestamp="2020-09-11T12:41:18.797">
  <mem-info id="1792" free="505864056" total="2208890880" percent="22">
    <mem type="nursery" free="0" total="939524096" percent="0">
      <mem type="allocate" free="0" total="781582336" percent="0" />
      <mem type="survivor" free="0" total="157941760" percent="0" />
    </mem>
    <mem type="tenure" free="505864056" total="1269366784" percent="39">
      <mem type="soa" free="417007480" total="1180510208" percent="35" />
      <mem type="loa" free="88856576" total="88856576" percent="100" />
    </mem>
    <remembered-set count="158492" />
  </mem-info>
</gc-start>
<allocation-stats totalBytes="660155520" >
  <allocated-bytes non-tlh="20801376" tlh="639354144" />
  <largest-consumer threadName="Group1.Backend.CompositeBackend{Tier1}.6" threadId="000000000089DB00" bytes="91672616" />
</allocation-stats>
<gc-op id="1793" type="scavenge" timems="101.331" contextid="1790" timestamp="2020-09-11T12:41:18.899">
  <scavenger-info tenureage="3" tenuremask="7ff8" tiltratio="83" />
  <memory-copied type="nursery" objects="4178476" bytes="115472232" bytesdiscarded="269824" />
  <memory-copied type="tenure" objects="949796" bytes="26225152" bytesdiscarded="32880" />
  <finalization candidates="5" enqueued="0" />
  <ownableSynchronizers candidates="144669" cleared="87780" />
  <references type="soft" candidates="33457" cleared="0" enqueued="0" dynamicThreshold="13" maxThreshold="32" />
  <references type="weak" candidates="115" cleared="33" enqueued="0" />
</gc-op>
<gc-end id="1794" type="scavenge" contextid="1790" durationms="103.094" usertimems="764.868" systemtimems="1.692" timestamp="2020-09-11T12:41:18.899" activeThreads="8">
  <mem-info id="1795" free="1149143408" total="2208890880" percent="52">
    <mem type="nursery" free="669562056" total="939524096" percent="71">
      <mem type="allocate" free="669562056" total="785448960" percent="85" />
      <mem type="survivor" free="0" total="154075136" percent="0" />
    </mem>
    <mem type="tenure" free="479581352" total="1269366784" percent="37" macro-fragmented="1800196">
      <mem type="soa" free="390724776" total="1180510208" percent="33" />
      <mem type="loa" free="88856576" total="88856576" percent="100" />
    </mem>
    <remembered-set count="28689" />
  </mem-info>
</gc-end>
<cycle-end id="1796" type="scavenge" contextid="1790" timestamp="2020-09-11T12:41:18.901" />
<allocation-satisfied id="1797" threadId="00000000008D4B00" bytesRequested="16" />
<af-end id="1798" timestamp="2020-09-11T12:41:18.901" threadId="00000000008D5480" success="true" from="nursery"/>
<exclusive-end id="1799" timestamp="2020-09-11T12:41:18.902" durationms="106.656" />

<exclusive-start id="1800" timestamp="2020-09-11T12:41:20.401" intervalms="1605.739">
  <response-info timems="6.535" idlems="3.333" threads="1" lastid="000000000086A900" lastname="Group1.Backend.CompositeBackend{Tier1}.3" />
</exclusive-start>
<af-start id="1801" threadId="0000000000789C80" totalBytesRequested="32" timestamp="2020-09-11T12:41:20.401" intervalms="1605.669" type="nursery" />
<cycle-start id="1802" type="scavenge" contextid="0" timestamp="2020-09-11T12:41:20.402" intervalms="1605.661" />
<gc-start id="1803" type="scavenge" contextid="1802" timestamp="2020-09-11T12:41:20.402">
  <mem-info id="1804" free="479580448" total="2208890880" percent="21">
    <mem type="nursery" free="0" total="939524096" percent="0">
      <mem type="allocate" free="0" total="785448960" percent="0" />
      <mem type="survivor" free="0" total="154075136" percent="0" />
    </mem>
    <mem type="tenure" free="479580448" total="1269366784" percent="37">
      <mem type="soa" free="390723872" total="1180510208" percent="33" />
      <mem type="loa" free="88856576" total="88856576" percent="100" />
    </mem>
    <remembered-set count="160225" />
  </mem-info>
</gc-start>
<allocation-stats totalBytes="669205048" >
  <allocated-bytes non-tlh="33585000" tlh="635620048" />
  <largest-consumer threadName="Group1.Backend.CompositeBackend{Tier1}.6" threadId="000000000089DB00" bytes="101356592" />
</allocation-stats>
<gc-op id="1805" type="scavenge" timems="115.119" contextid="1802" timestamp="2020-09-11T12:41:20.517">
  <scavenger-info tenureage="3" tenuremask="7ff8" tiltratio="83" />
  <memory-copied type="nursery" objects="4154729" bytes="112165376" bytesdiscarded="142008" />
  <memory-copied type="tenure" objects="1056539" bytes="31125680" bytesdiscarded="40160" />
  <finalization candidates="5" enqueued="0" />
  <ownableSynchronizers candidates="125996" cleared="74101" />
  <references type="soft" candidates="29682" cleared="0" enqueued="0" dynamicThreshold="13" maxThreshold="32" />
  <references type="weak" candidates="179" cleared="84" enqueued="0" />
</gc-op>
<gc-end id="1806" type="scavenge" contextid="1802" durationms="116.220" usertimems="839.349" systemtimems="5.632" timestamp="2020-09-11T12:41:20.518" activeThreads="8">
  <mem-info id="1807" free="1126257240" total="2208890880" percent="50">
    <mem type="nursery" free="677922512" total="939524096" percent="72">
      <mem type="allocate" free="677922512" total="790364160" percent="85" />
      <mem type="survivor" free="0" total="149159936" percent="0" />
    </mem>
    <mem type="tenure" free="448334728" total="1269366784" percent="35" macro-fragmented="0">
      <mem type="soa" free="362099648" total="1180510208" percent="30" />
      <mem type="loa" free="86235080" total="88856576" percent="97" />
    </mem>
    <remembered-set count="30274" />
  </mem-info>
</gc-end>
<cycle-end id="1808" type="scavenge" contextid="1802" timestamp="2020-09-11T12:41:20.522" />
<allocation-satisfied id="1809" threadId="0000000000789300" bytesRequested="32" />
<af-end id="1810" timestamp="2020-09-11T12:41:20.522" threadId="0000000000789C80" success="true" from="nursery"/>
<exclusive-end id="1811" timestamp="2020-09-11T12:41:20.522" durationms="121.265" />

<exclusive-start id="1812" timestamp="2020-09-11T12:41:22.141" intervalms="1740.004">
  <response-info timems="4.790" idlems="4.790" threads="0" lastid="000000000086A900" lastname="Group1.Backend.CompositeBackend{Tier1}.3" />
</exclusive-start>
<af-start id="1813" threadId="000000000086B280" totalBytesRequested="32" timestamp="2020-09-11T12:41:22.141" intervalms="1739.999" type="nursery" />
<cycle-start id="1814" type="scavenge" contextid="0" timestamp="2020-09-11T12:41:22.142" intervalms="1739.996" />
<gc-start id="1815" type="scavenge" contextid="1814" timestamp="2020-09-11T12:41:22.142">
  <mem-info id="1816" free="448333864" total="2208890880" percent="20">
    <mem type="nursery" free="0" total="939524096" percent="0">
      <mem type="allocate" free="0" total="790364160" percent="0" />
      <mem type="survivor" free="0" total="149159936" percent="0" />
    </mem>
    <mem type="tenure" free="448333864" total="1269366784" percent="35">
      <mem type="soa" free="362098784" total="1180510208" percent="30" />
      <mem type="loa" free="86235080" total="88856576" percent="97" />
    </mem>
    <remembered-set count="169795" />
  </mem-info>
</gc-start>
<allocation-stats totalBytes="677538520" >
  <allocated-bytes non-tlh="26900520" tlh="650638000" />
  <largest-consumer threadName="Group1.Backend.CompositeBackend{Tier1}.5" threadId="000000000088EE00" bytes="93032464" />
</allocation-stats>
<gc-op id="1817" type="scavenge" timems="149.740" contextid="1814" timestamp="2020-09-11T12:41:22.292">
  <scavenger-info tenureage="3" tenuremask="7ff8" tiltratio="84" />
  <memory-copied type="nursery" objects="3832248" bytes="102379016" bytesdiscarded="166952" />
  <memory-copied type="tenure" objects="1539765" bytes="41788768" bytesdiscarded="53448" />
  <finalization candidates="5" enqueued="0" />
  <ownableSynchronizers candidates="120264" cleared="73293" />
  <references type="soft" candidates="22187" cleared="0" enqueued="0" dynamicThreshold="13" maxThreshold="32" />
  <references type="weak" candidates="211" cleared="104" enqueued="0" />
</gc-op>
<gc-end id="1818" type="scavenge" contextid="1814" durationms="150.736" usertimems="1086.797" systemtimems="11.852" timestamp="2020-09-11T12:41:22.293" activeThreads="8">
  <mem-info id="1819" free="1098924720" total="2208890880" percent="49">
    <mem type="nursery" free="692416448" total="939524096" percent="73">
      <mem type="allocate" free="692416448" total="795082752" percent="87" />
      <mem type="survivor" free="0" total="144441344" percent="0" />
    </mem>
    <mem type="tenure" free="406508272" total="1269366784" percent="32" macro-fragmented="0">
      <mem type="soa" free="320273192" total="1180510208" percent="27" />
      <mem type="loa" free="86235080" total="88856576" percent="97" />
    </mem>
    <remembered-set count="27376" />
  </mem-info>
</gc-end>
<cycle-end id="1820" type="scavenge" contextid="1814" timestamp="2020-09-11T12:41:22.296" />
<allocation-satisfied id="1821" threadId="000000000086A900" bytesRequested="32" />
<af-end id="1822" timestamp="2020-09-11T12:41:22.296" threadId="000000000086B280" success="true" from="nursery"/>
<exclusive-end id="1823" timestamp="2020-09-11T12:41:22.296" durationms="155.130" />

<exclusive-start id="1824" timestamp="2020-09-11T12:41:23.978" intervalms="1837.058">
  <response-info timems="0.410" idlems="0.209" threads="1" lastid="0000000000785700" lastname="Group1.Backend.CompositeBackend{Tier1}.2" />
</exclusive-start>
<af-start id="1825" threadId="00000000008D5480" totalBytesRequested="656" timestamp="2020-09-11T12:41:23.978" intervalms="1837.079" type="nursery" />
<cycle-start id="1826" type="scavenge" contextid="0" timestamp="2020-09-11T12:41:23.979" intervalms="1837.126" />
<gc-start id="1827" type="scavenge" contextid="1826" timestamp="2020-09-11T12:41:23.979">
  <mem-info id="1828" free="406508272" total="2208890880" percent="18">
    <mem type="nursery" free="0" total="939524096" percent="0">
      <mem type="allocate" free="0" total="795082752" percent="0" />
      <mem type="survivor" free="0" total="144441344" percent="0" />
    </mem>
    <mem type="tenure" free="406508272" total="1269366784" percent="32">
      <mem type="soa" free="320273192" total="1180510208" percent="27" />
      <mem type="loa" free="86235080" total="88856576" percent="97" />
    </mem>
    <remembered-set count="173103" />
  </mem-info>
</gc-start>
<allocation-stats totalBytes="692033960" >
  <allocated-bytes non-tlh="24481536" tlh="667552424" />
  <largest-consumer threadName="Group1.Backend.CompositeBackend{Tier1}.1" threadId="0000000000789300" bytes="90567728" />
</allocation-stats>
<gc-op id="1829" type="scavenge" timems="112.727" contextid="1826" timestamp="2020-09-11T12:41:24.092">
  <scavenger-info tenureage="3" tenuremask="7ff8" tiltratio="84" />
  <memory-copied type="nursery" objects="4047605" bytes="107376432" bytesdiscarded="131360" />
  <memory-copied type="tenure" objects="1016228" bytes="27499232" bytesdiscarded="33464" />
  <finalization candidates="1" enqueued="0" />
  <ownableSynchronizers candidates="107482" cleared="70439" />
  <references type="soft" candidates="20563" cleared="0" enqueued="0" dynamicThreshold="13" maxThreshold="32" />
  <references type="weak" candidates="235" cleared="118" enqueued="0" />
</gc-op>
<gc-end id="1830" type="scavenge" contextid="1826" durationms="113.842" usertimems="872.757" systemtimems="13.053" timestamp="2020-09-11T12:41:24.093" activeThreads="8">
  <mem-info id="1831" free="1070094568" total="2208890880" percent="48">
    <mem type="nursery" free="691190440" total="939524096" percent="73">
      <mem type="allocate" free="691190440" total="798818304" percent="86" />
      <mem type="survivor" free="0" total="140705792" percent="0" />
    </mem>
    <mem type="tenure" free="378904128" total="1269366784" percent="29" macro-fragmented="524320">
      <mem type="soa" free="292669048" total="1180510208" percent="24" />
      <mem type="loa" free="86235080" total="88856576" percent="97" />
    </mem>
    <remembered-set count="29118" />
  </mem-info>
</gc-end>
<cycle-end id="1832" type="scavenge" contextid="1826" timestamp="2020-09-11T12:41:24.096" />
<allocation-satisfied id="1833" threadId="00000000008D4B00" bytesRequested="656" />
<af-end id="1834" timestamp="2020-09-11T12:41:24.096" threadId="00000000008D5480" success="true" from="nursery"/>
<exclusive-end id="1835" timestamp="2020-09-11T12:41:24.096" durationms="118.567" />

<exclusive-start id="1836" timestamp="2020-09-11T12:41:25.855" intervalms="1877.600">
  <response-info timems="0.467" idlems="0.467" threads="0" lastid="000000000086A900" lastname="Group1.Backend.CompositeBackend{Tier1}.3" />
</exclusive-start>
<af-start id="1837" threadId="000000000086B280" totalBytesRequested="48" timestamp="2020-09-11T12:41:25.856" intervalms="1877.676" type="nursery" />
<cycle-start id="1838" type="scavenge" contextid="0" timestamp="2020-09-11T12:41:25.856" intervalms="1877.636" />
<gc-start id="1839" type="scavenge" contextid="1838" timestamp="2020-09-11T12:41:25.857">
  <mem-info id="1840" free="378904128" total="2208890880" percent="17">
    <mem type="nursery" free="0" total="939524096" percent="0">
      <mem type="allocate" free="0" total="798818304" percent="0" />
      <mem type="survivor" free="0" total="140705792" percent="0" />
    </mem>
    <mem type="tenure" free="378904128" total="1269366784" percent="29">
      <mem type="soa" free="292669048" total="1180510208" percent="24" />
      <mem type="loa" free="86235080" total="88856576" percent="97" />
    </mem>
    <remembered-set count="176645" />
  </mem-info>
</gc-start>
<allocation-stats totalBytes="690811096" >
  <allocated-bytes non-tlh="28605480" tlh="662205616" />
  <largest-consumer threadName="Group1.Backend.CompositeBackend{Tier1}.2" threadId="0000000000785700" bytes="97344344" />
</allocation-stats>
<gc-op id="1841" type="scavenge" timems="107.162" contextid="1838" timestamp="2020-09-11T12:41:25.964">
  <scavenger-info tenureage="3" tenuremask="7ff8" tiltratio="85" />
  <memory-copied type="nursery" objects="4354489" bytes="115680136" bytesdiscarded="164760" />
  <memory-copied type="tenure" objects="975071" bytes="26438312" bytesdiscarded="29456" />
  <finalization candidates="1" enqueued="0" />
  <ownableSynchronizers candidates="97466" cleared="63376" />
  <references type="soft" candidates="19527" cleared="0" enqueued="0" dynamicThreshold="13" maxThreshold="32" />
  <references type="weak" candidates="194" cleared="97" enqueued="0" />
</gc-op>
<gc-end id="1842" type="scavenge" contextid="1838" durationms="108.245" usertimems="840.056" systemtimems="0.290" timestamp="2020-09-11T12:41:25.965" activeThreads="8">
  <mem-info id="1843" free="1036751704" total="2208890880" percent="46">
    <mem type="nursery" free="684295896" total="939524096" percent="72">
      <mem type="allocate" free="684295896" total="800260096" percent="85" />
      <mem type="survivor" free="0" total="139264000" percent="0" />
    </mem>
    <mem type="tenure" free="352455808" total="1269366784" percent="27" macro-fragmented="0">
      <mem type="soa" free="266220728" total="1180510208" percent="22" />
      <mem type="loa" free="86235080" total="88856576" percent="97" />
    </mem>
    <remembered-set count="30711" />
  </mem-info>
</gc-end>
<cycle-end id="1844" type="scavenge" contextid="1838" timestamp="2020-09-11T12:41:25.969" />
<allocation-satisfied id="1845" threadId="000000000086A900" bytesRequested="48" />
<af-end id="1846" timestamp="2020-09-11T12:41:25.969" threadId="000000000086B280" success="true" from="nursery"/>
<exclusive-end id="1847" timestamp="2020-09-11T12:41:25.969" durationms="113.281" />

<exclusive-start id="1848" timestamp="2020-09-11T12:41:27.780" intervalms="1924.615">
  <response-info timems="0.661" idlems="0.661" threads="0" lastid="00000000008D4B00" lastname="Group1.Backend.CompositeBackend{Tier1}.8" />
</exclusive-start>
<af-start id="1849" threadId="00000000008D5480" totalBytesRequested="32" timestamp="2020-09-11T12:41:27.781" intervalms="1924.616" type="nursery" />
<cycle-start id="1850" type="scavenge" contextid="0" timestamp="2020-09-11T12:41:27.781" intervalms="1924.624" />
<gc-start id="1851" type="scavenge" contextid="1850" timestamp="2020-09-11T12:41:27.782">
  <mem-info id="1852" free="352455808" total="2208890880" percent="15">
    <mem type="nursery" free="0" total="939524096" percent="0">
      <mem type="allocate" free="0" total="800260096" percent="0" />
      <mem type="survivor" free="0" total="139264000" percent="0" />
    </mem>
    <mem type="tenure" free="352455808" total="1269366784" percent="27">
      <mem type="soa" free="266220728" total="1180510208" percent="22" />
      <mem type="loa" free="86235080" total="88856576" percent="97" />
    </mem>
    <remembered-set count="181628" />
  </mem-info>
</gc-start>
<allocation-stats totalBytes="683913712" >
  <allocated-bytes non-tlh="27838352" tlh="656075360" />
  <largest-consumer threadName="Group1.Backend.CompositeBackend{Tier1}.1" threadId="0000000000789300" bytes="88702216" />
</allocation-stats>
<gc-op id="1853" type="scavenge" timems="107.005" contextid="1850" timestamp="2020-09-11T12:41:27.889">
  <scavenger-info tenureage="3" tenuremask="7ff8" tiltratio="85" />
  <memory-copied type="nursery" objects="4065757" bytes="108715936" bytesdiscarded="180896" />
  <memory-copied type="tenure" objects="1024489" bytes="27789648" bytesdiscarded="38976" />
  <finalization candidates="3" enqueued="0" />
  <ownableSynchronizers candidates="88447" cleared="56480" />
  <references type="soft" candidates="17917" cleared="0" enqueued="0" dynamicThreshold="13" maxThreshold="32" />
  <references type="weak" candidates="168" cleared="119" enqueued="0" />
</gc-op>
<gc-end id="1854" type="scavenge" contextid="1850" durationms="108.002" usertimems="803.452" systemtimems="1.155" timestamp="2020-09-11T12:41:27.889" activeThreads="8">
  <mem-info id="1855" free="1017851120" total="2208890880" percent="46">
    <mem type="nursery" free="693212656" total="939524096" percent="73">
      <mem type="allocate" free="693212656" total="802226176" percent="86" />
      <mem type="survivor" free="0" total="137297920" percent="0" />
    </mem>
    <mem type="tenure" free="324638464" total="1269366784" percent="25" macro-fragmented="1310760">
      <mem type="soa" free="238403384" total="1180510208" percent="20" />
      <mem type="loa" free="86235080" total="88856576" percent="97" />
    </mem>
    <remembered-set count="32039" />
  </mem-info>
</gc-end>
<cycle-end id="1856" type="scavenge" contextid="1850" timestamp="2020-09-11T12:41:27.895" />
<allocation-satisfied id="1857" threadId="00000000008D4B00" bytesRequested="32" />
<af-end id="1858" timestamp="2020-09-11T12:41:27.895" threadId="00000000008D5480" success="true" from="nursery"/>
<exclusive-end id="1859" timestamp="2020-09-11T12:41:27.895" durationms="114.888" />

<exclusive-start id="1860" timestamp="2020-09-11T12:41:29.671" intervalms="1890.845">
  <response-info timems="0.554" idlems="0.554" threads="0" lastid="000000000086B500" lastname="Group1.Backend.CompositeBackend{Tier1}.4" />
</exclusive-start>
<af-start id="1861" threadId="000000000086BE80" totalBytesRequested="120" timestamp="2020-09-11T12:41:29.671" intervalms="1890.680" type="nursery" />
<cycle-start id="1862" type="scavenge" contextid="0" timestamp="2020-09-11T12:41:29.672" intervalms="1890.667" />
<gc-start id="1863" type="scavenge" contextid="1862" timestamp="2020-09-11T12:41:29.672">
  <mem-info id="1864" free="324638464" total="2208890880" percent="14">
    <mem type="nursery" free="0" total="939524096" percent="0">
      <mem type="allocate" free="0" total="802226176" percent="0" />
      <mem type="survivor" free="0" total="137297920" percent="0" />
    </mem>
    <mem type="tenure" free="324638464" total="1269366784" percent="25">
      <mem type="soa" free="238403384" total="1180510208" percent="20" />
      <mem type="loa" free="86235080" total="88856576" percent="97" />
    </mem>
    <remembered-set count="182708" />
  </mem-info>
</gc-start>
<allocation-stats totalBytes="692864504" >
  <allocated-bytes non-tlh="34541680" tlh="658322824" />
  <largest-consumer threadName="Group1.Backend.CompositeBackend{Tier1}.4" threadId="000000000086B500" bytes="96588712" />
</allocation-stats>
<gc-op id="1865" type="scavenge" timems="115.059" contextid="1862" timestamp="2020-09-11T12:41:29.788">
  <scavenger-info tenureage="3" tenuremask="7ff8" tiltratio="85" />
  <memory-copied type="nursery" objects="3946802" bytes="106249472" bytesdiscarded="204968" />
  <memory-copied type="tenure" objects="1077650" bytes="29174832" bytesdiscarded="56568" />
  <finalization candidates="3" enqueued="0" />
  <ownableSynchronizers candidates="78513" cleared="49451" />
  <references type="soft" candidates="15928" cleared="0" enqueued="0" dynamicThreshold="13" maxThreshold="32" />
  <references type="weak" candidates="140" cleared="127" enqueued="0" />
</gc-op>
<gc-end id="1866" type="scavenge" contextid="1862" durationms="116.173" usertimems="808.606" systemtimems="18.084" timestamp="2020-09-11T12:41:29.788" activeThreads="8">
  <mem-info id="1867" free="994155192" total="2208890880" percent="45">
    <mem type="nursery" free="698740224" total="939524096" percent="74">
      <mem type="allocate" free="698740224" total="805306368" percent="86" />
      <mem type="survivor" free="0" total="134217728" percent="0" />
    </mem>
    <mem type="tenure" free="295414968" total="1269366784" percent="23" macro-fragmented="0">
      <mem type="soa" free="209179888" total="1180510208" percent="17" />
      <mem type="loa" free="86235080" total="88856576" percent="97" />
    </mem>
    <remembered-set count="32019" />
  </mem-info>
</gc-end>
<cycle-end id="1868" type="scavenge" contextid="1862" timestamp="2020-09-11T12:41:29.791" />
<allocation-satisfied id="1869" threadId="000000000086B500" bytesRequested="120" />
<af-end id="1870" timestamp="2020-09-11T12:41:29.791" threadId="000000000086BE80" success="true" from="nursery"/>
<exclusive-end id="1871" timestamp="2020-09-11T12:41:29.791" durationms="120.223" />

<exclusive-start id="1872" timestamp="2020-09-11T12:41:31.659" intervalms="1987.864">
  <response-info timems="4.787" idlems="4.643" threads="1" lastid="0000000000789300" lastname="Group1.Backend.CompositeBackend{Tier1}.1" />
</exclusive-start>
<af-start id="1873" threadId="000000000086B280" totalBytesRequested="208" timestamp="2020-09-11T12:41:31.660" intervalms="1988.203" type="nursery" />
<cycle-start id="1874" type="scavenge" contextid="0" timestamp="2020-09-11T12:41:31.660" intervalms="1988.301" />
<gc-start id="1875" type="scavenge" contextid="1874" timestamp="2020-09-11T12:41:31.661">
  <mem-info id="1876" free="295414968" total="2208890880" percent="13">
    <mem type="nursery" free="0" total="939524096" percent="0">
      <mem type="allocate" free="0" total="805306368" percent="0" />
      <mem type="survivor" free="0" total="134217728" percent="0" />
    </mem>
    <mem type="tenure" free="295414968" total="1269366784" percent="23">
      <mem type="soa" free="209179888" total="1180510208" percent="17" />
      <mem type="loa" free="86235080" total="88856576" percent="97" />
    </mem>
    <remembered-set count="186402" />
  </mem-info>
</gc-start>
<allocation-stats totalBytes="698356832" >
  <allocated-bytes non-tlh="28210296" tlh="670146536" />
  <largest-consumer threadName="Group1.Backend.CompositeBackend{Tier1}.2" threadId="0000000000785700" bytes="96965168" />
</allocation-stats>
<gc-op id="1877" type="scavenge" timems="125.332" contextid="1874" timestamp="2020-09-11T12:41:31.786">
  <scavenger-info tenureage="3" tenuremask="7ff8" tiltratio="85" />
  <memory-copied type="nursery" objects="3997453" bytes="107579328" bytesdiscarded="351880" />
  <memory-copied type="tenure" objects="1089363" bytes="29402072" bytesdiscarded="42552" />
  <finalization candidates="2" enqueued="0" />
  <ownableSynchronizers candidates="77338" cleared="50654" />
  <references type="soft" candidates="14718" cleared="0" enqueued="0" dynamicThreshold="13" maxThreshold="32" />
  <references type="weak" candidates="121" cleared="117" enqueued="0" />
</gc-op>
<gc-end id="1878" type="scavenge" contextid="1874" durationms="127.913" usertimems="871.248" systemtimems="3.073" timestamp="2020-09-11T12:41:31.788" activeThreads="8">
  <mem-info id="1879" free="965590680" total="2208890880" percent="43">
    <mem type="nursery" free="699688192" total="939524096" percent="74">
      <mem type="allocate" free="699688192" total="807731200" percent="86" />
      <mem type="survivor" free="0" total="131792896" percent="0" />
    </mem>
    <mem type="tenure" free="265902488" total="1269366784" percent="20" macro-fragmented="1200024">
      <mem type="soa" free="179667408" total="1180510208" percent="15" />
      <mem type="loa" free="86235080" total="88856576" percent="97" />
    </mem>
    <remembered-set count="32434" />
  </mem-info>
</gc-end>
<cycle-end id="1880" type="scavenge" contextid="1874" timestamp="2020-09-11T12:41:31.792" />
<allocation-satisfied id="1881" threadId="000000000086A900" bytesRequested="208" />
<af-end id="1882" timestamp="2020-09-11T12:41:31.792" threadId="000000000086B280" success="true" from="nursery"/>
<exclusive-end id="1883" timestamp="2020-09-11T12:41:31.793" durationms="134.242" />

<exclusive-start id="1884" timestamp="2020-09-11T12:41:33.661" intervalms="2002.578">
  <response-info timems="0.474" idlems="0.474" threads="0" lastid="000000000088BD00" lastname="Group1.Backend.CompositeBackend{Tier1}.7" />
</exclusive-start>
<af-start id="1885" threadId="000000000088C680" totalBytesRequested="32" timestamp="2020-09-11T12:41:33.662" intervalms="2002.312" type="nursery" />
<cycle-start id="1886" type="scavenge" contextid="0" timestamp="2020-09-11T12:41:33.662" intervalms="2002.237" />
<gc-start id="1887" type="scavenge" contextid="1886" timestamp="2020-09-11T12:41:33.663">
  <mem-info id="1888" free="265902488" total="2208890880" percent="12">
    <mem type="nursery" free="0" total="939524096" percent="0">
      <mem type="allocate" free="0" total="807731200" percent="0" />
      <mem type="survivor" free="0" total="131792896" percent="0" />
    </mem>
    <mem type="tenure" free="265902488" total="1269366784" percent="20">
      <mem type="soa" free="179667408" total="1180510208" percent="15" />
      <mem type="loa" free="86235080" total="88856576" percent="97" />
    </mem>
    <remembered-set count="189456" />
  </mem-info>
</gc-start>
<allocation-stats totalBytes="699321568" >
  <allocated-bytes non-tlh="29647560" tlh="669674008" />
  <largest-consumer threadName="Group1.Backend.CompositeBackend{Tier1}.3" threadId="000000000086A900" bytes="111460296" />
</allocation-stats>
<gc-op id="1889" type="scavenge" timems="128.355" contextid="1886" timestamp="2020-09-11T12:41:33.791">
  <scavenger-info tenureage="3" tenuremask="7ff8" tiltratio="85" />
  <memory-copied type="nursery" objects="4163613" bytes="112544952" bytesdiscarded="159240" />
  <memory-copied type="tenure" objects="1092371" bytes="29452240" bytesdiscarded="36480" />
  <finalization candidates="3" enqueued="0" />
  <ownableSynchronizers candidates="68914" cleared="44518" />
  <references type="soft" candidates="13587" cleared="0" enqueued="0" dynamicThreshold="13" maxThreshold="32" />
  <references type="weak" candidates="111" cleared="109" enqueued="0" />
</gc-op>
<gc-end id="1890" type="scavenge" contextid="1886" durationms="129.651" usertimems="962.645" systemtimems="0.000" timestamp="2020-09-11T12:41:33.793" activeThreads="8">
  <mem-info id="1891" free="931445896" total="2208890880" percent="42">
    <mem type="nursery" free="695046904" total="939524096" percent="73">
      <mem type="allocate" free="695046904" total="807862272" percent="86" />
      <mem type="survivor" free="0" total="131661824" percent="0" />
    </mem>
    <mem type="tenure" free="236398992" total="1269366784" percent="18" macro-fragmented="0">
      <mem type="soa" free="150163912" total="1180510208" percent="12" />
      <mem type="loa" free="86235080" total="88856576" percent="97" />
    </mem>
    <remembered-set count="32277" />
  </mem-info>
</gc-end>
<cycle-end id="1892" type="scavenge" contextid="1886" timestamp="2020-09-11T12:41:33.794" />
<allocation-satisfied id="1893" threadId="000000000088BD00" bytesRequested="32" />
<af-end id="1894" timestamp="2020-09-11T12:41:33.794" threadId="000000000088C680" success="true" from="nursery"/>
<exclusive-end id="1895" timestamp="2020-09-11T12:41:33.794" durationms="132.740" />

<exclusive-start id="1896" timestamp="2020-09-11T12:41:35.695" intervalms="2034.195">
  <response-info timems="4.651" idlems="4.651" threads="0" lastid="00000000008D4B00" lastname="Group1.Backend.CompositeBackend{Tier1}.8" />
</exclusive-start>
<af-start id="1897" threadId="00000000008D5480" totalBytesRequested="120" timestamp="2020-09-11T12:41:35.696" intervalms="2034.084" type="nursery" />
<cycle-start id="1898" type="scavenge" contextid="0" timestamp="2020-09-11T12:41:35.696" intervalms="2034.061" />
<gc-start id="1899" type="scavenge" contextid="1898" timestamp="2020-09-11T12:41:35.697">
  <mem-info id="1900" free="236398560" total="2208890880" percent="10">
    <mem type="nursery" free="0" total="939524096" percent="0">
      <mem type="allocate" free="0" total="807862272" percent="0" />
      <mem type="survivor" free="0" total="131661824" percent="0" />
    </mem>
    <mem type="tenure" free="236398560" total="1269366784" percent="18">
      <mem type="soa" free="150163480" total="1180510208" percent="12" />
      <mem type="loa" free="86235080" total="88856576" percent="97" />
    </mem>
    <remembered-set count="188403" />
  </mem-info>
</gc-start>
<allocation-stats totalBytes="694703768" >
  <allocated-bytes non-tlh="30620504" tlh="664083264" />
  <largest-consumer threadName="Group1.Backend.CompositeBackend{Tier1}.7" threadId="000000000088BD00" bytes="107904480" />
</allocation-stats>
<gc-op id="1901" type="scavenge" timems="121.503" contextid="1898" timestamp="2020-09-11T12:41:35.818">
  <scavenger-info tenureage="3" tenuremask="7ff8" tiltratio="85" />
  <memory-copied type="nursery" objects="4099729" bytes="110790944" bytesdiscarded="142848" />
  <memory-copied type="tenure" objects="1086801" bytes="29297152" bytesdiscarded="76712" />
  <finalization candidates="2" enqueued="0" />
  <ownableSynchronizers candidates="61746" cleared="39434" />
  <references type="soft" candidates="12633" cleared="0" enqueued="0" dynamicThreshold="13" maxThreshold="32" />
  <references type="weak" candidates="106" cleared="103" enqueued="0" />
</gc-op>
<gc-end id="1902" type="scavenge" contextid="1898" durationms="122.382" usertimems="866.944" systemtimems="5.201" timestamp="2020-09-11T12:41:35.819" activeThreads="8">
  <mem-info id="1903" free="904945760" total="2208890880" percent="40">
    <mem type="nursery" free="697934584" total="939524096" percent="74">
      <mem type="allocate" free="697934584" total="808976384" percent="86" />
      <mem type="survivor" free="0" total="130547712" percent="0" />
    </mem>
    <mem type="tenure" free="207011176" total="1269366784" percent="16" macro-fragmented="0">
      <mem type="soa" free="120776096" total="1180510208" percent="10" />
      <mem type="loa" free="86235080" total="88856576" percent="97" />
    </mem>
    <remembered-set count="32540" />
  </mem-info>
</gc-end>
<cycle-end id="1904" type="scavenge" contextid="1898" timestamp="2020-09-11T12:41:35.821" />
<allocation-satisfied id="1905" threadId="00000000008D4B00" bytesRequested="120" />
<af-end id="1906" timestamp="2020-09-11T12:41:35.821" threadId="00000000008D5480" success="true" from="nursery"/>
<exclusive-end id="1907" timestamp="2020-09-11T12:41:35.821" durationms="125.336" />

<exclusive-start id="1908" timestamp="2020-09-11T12:41:37.697" intervalms="2001.398">
  <response-info timems="0.403" idlems="0.403" threads="0" lastid="00000000008D4B00" lastname="Group1.Backend.CompositeBackend{Tier1}.8" />
</exclusive-start>
<af-start id="1909" threadId="00000000008D5480" totalBytesRequested="120" timestamp="2020-09-11T12:41:37.697" intervalms="2001.393" type="nursery" />
<cycle-start id="1910" type="scavenge" contextid="0" timestamp="2020-09-11T12:41:37.698" intervalms="2001.391" />
<gc-start id="1911" type="scavenge" contextid="1910" timestamp="2020-09-11T12:41:37.698">
  <mem-info id="1912" free="207011176" total="2208890880" percent="9">
    <mem type="nursery" free="0" total="939524096" percent="0">
      <mem type="allocate" free="0" total="808976384" percent="0" />
      <mem type="survivor" free="0" total="130547712" percent="0" />
    </mem>
    <mem type="tenure" free="207011176" total="1269366784" percent="16">
      <mem type="soa" free="120776096" total="1180510208" percent="10" />
      <mem type="loa" free="86235080" total="88856576" percent="97" />
    </mem>
    <remembered-set count="187790" />
  </mem-info>
</gc-start>
<allocation-stats totalBytes="697586440" >
  <allocated-bytes non-tlh="36863624" tlh="660722816" />
  <largest-consumer threadName="Group1.Backend.CompositeBackend{Tier1}.3" threadId="000000000086A900" bytes="92490672" />
</allocation-stats>
<gc-op id="1913" type="scavenge" timems="104.909" contextid="1910" timestamp="2020-09-11T12:41:37.803">
  <scavenger-info tenureage="3" tenuremask="7ff8" tiltratio="86" />
  <memory-copied type="nursery" objects="4090284" bytes="110550488" bytesdiscarded="180416" />
  <memory-copied type="tenure" objects="1107387" bytes="29846736" bytesdiscarded="86312" />
  <finalization candidates="3" enqueued="0" />
  <ownableSynchronizers candidates="56519" cleared="35855" />
  <references type="soft" candidates="11254" cleared="0" enqueued="0" dynamicThreshold="13" maxThreshold="32" />
  <references type="weak" candidates="128" cleared="126" enqueued="0" />
</gc-op>
<gc-end id="1914" type="scavenge" contextid="1910" durationms="105.933" usertimems="751.755" systemtimems="0.000" timestamp="2020-09-11T12:41:37.804" activeThreads="8">
  <mem-info id="1915" free="876561144" total="2208890880" percent="39">
    <mem type="nursery" free="699452664" total="939524096" percent="74">
      <mem type="allocate" free="699452664" total="810287104" percent="86" />
      <mem type="survivor" free="0" total="129236992" percent="0" />
    </mem>
    <mem type="tenure" free="177108480" total="1269366784" percent="13" macro-fragmented="0">
      <mem type="soa" free="90873400" total="1180510208" percent="7" />
      <mem type="loa" free="86235080" total="88856576" percent="97" />
    </mem>
    <remembered-set count="32446" />
  </mem-info>
</gc-end>
<cycle-end id="1916" type="scavenge" contextid="1910" timestamp="2020-09-11T12:41:37.808" />
<allocation-satisfied id="1917" threadId="00000000008D4B00" bytesRequested="120" />
<af-end id="1918" timestamp="2020-09-11T12:41:37.808" threadId="00000000008D5480" success="true" from="nursery"/>
<exclusive-end id="1919" timestamp="2020-09-11T12:41:37.808" durationms="111.212" />

<exclusive-start id="1920" timestamp="2020-09-11T12:41:39.829" intervalms="2132.599">
  <response-info timems="0.800" idlems="0.800" threads="0" lastid="000000000089DB00" lastname="Group1.Backend.CompositeBackend{Tier1}.6" />
</exclusive-start>
<af-start id="1921" threadId="000000000089E480" totalBytesRequested="16" timestamp="2020-09-11T12:41:39.830" intervalms="2132.721" type="nursery" />
<cycle-start id="1922" type="scavenge" contextid="0" timestamp="2020-09-11T12:41:39.830" intervalms="2132.728" />
<gc-start id="1923" type="scavenge" contextid="1922" timestamp="2020-09-11T12:41:39.832">
  <mem-info id="1924" free="177108480" total="2208890880" percent="8">
    <mem type="nursery" free="0" total="939524096" percent="0">
      <mem type="allocate" free="0" total="810287104" percent="0" />
      <mem type="survivor" free="0" total="129236992" percent="0" />
    </mem>
    <mem type="tenure" free="177108480" total="1269366784" percent="13">
      <mem type="soa" free="90873400" total="1180510208" percent="7" />
      <mem type="loa" free="86235080" total="88856576" percent="97" />
    </mem>
    <remembered-set count="194640" />
  </mem-info>
</gc-start>
<allocation-stats totalBytes="699077312" >
  <allocated-bytes non-tlh="22739616" tlh="676337696" />
  <largest-consumer threadName="Group1.Backend.CompositeBackend{Tier1}.8" threadId="00000000008D4B00" bytes="103807088" />
</allocation-stats>
<gc-op id="1925" type="scavenge" timems="130.455" contextid="1922" timestamp="2020-09-11T12:41:39.962">
  <scavenger-info tenureage="3" tenuremask="7ff8" tiltratio="86" />
  <memory-copied type="nursery" objects="4406447" bytes="116908152" bytesdiscarded="199944" />
  <memory-copied type="tenure" objects="1144121" bytes="31317792" bytesdiscarded="63912" />
  <finalization candidates="3" enqueued="0" />
  <ownableSynchronizers candidates="56942" cleared="37834" />
  <references type="soft" candidates="10613" cleared="0" enqueued="0" dynamicThreshold="13" maxThreshold="32" />
  <references type="weak" candidates="110" cleared="107" enqueued="0" />
</gc-op>
<gc-end id="1926" type="scavenge" contextid="1922" durationms="131.560" usertimems="985.585" systemtimems="6.609" timestamp="2020-09-11T12:41:39.963" activeThreads="8">
  <mem-info id="1927" free="831704928" total="2208890880" percent="37">
    <mem type="nursery" free="685992688" total="939524096" percent="73">
      <mem type="allocate" free="685992688" total="803209216" percent="85" />
      <mem type="survivor" free="0" total="136314880" percent="0" />
    </mem>
    <mem type="tenure" free="145712240" total="1269366784" percent="11" macro-fragmented="0">
      <mem type="soa" free="60001456" total="1180510208" percent="5" />
      <mem type="loa" free="85710784" total="88856576" percent="96" />
    </mem>
    <remembered-set count="32546" />
  </mem-info>
</gc-end>
<cycle-end id="1928" type="scavenge" contextid="1922" timestamp="2020-09-11T12:41:39.964" />
<allocation-satisfied id="1929" threadId="000000000089DB00" bytesRequested="16" />
<af-end id="1930" timestamp="2020-09-11T12:41:39.964" threadId="000000000089E480" success="true" from="nursery"/>
<exclusive-end id="1931" timestamp="2020-09-11T12:41:39.964" durationms="134.552" />

<exclusive-start id="1932" timestamp="2020-09-11T12:41:41.777" intervalms="1947.078">
  <response-info timems="3.542" idlems="3.542" threads="0" lastid="000000000086B500" lastname="Group1.Backend.CompositeBackend{Tier1}.4" />
</exclusive-start>
<af-start id="1933" threadId="000000000086BE80" totalBytesRequested="664" timestamp="2020-09-11T12:41:41.777" intervalms="1947.037" type="nursery" />
<cycle-start id="1934" type="scavenge" contextid="0" timestamp="2020-09-11T12:41:41.777" intervalms="1947.046" />
<gc-start id="1935" type="scavenge" contextid="1934" timestamp="2020-09-11T12:41:41.778">
  <mem-info id="1936" free="145712240" total="2208890880" percent="6">
    <mem type="nursery" free="0" total="939524096" percent="0">
      <mem type="allocate" free="0" total="803209216" percent="0" />
      <mem type="survivor" free="0" total="136314880" percent="0" />
    </mem>
    <mem type="tenure" free="145712240" total="1269366784" percent="11">
      <mem type="soa" free="60001456" total="1180510208" percent="5" />
      <mem type="loa" free="85710784" total="88856576" percent="96" />
    </mem>
    <remembered-set count="186464" />
  </mem-info>
</gc-start>
<allocation-stats totalBytes="685635632" >
  <allocated-bytes non-tlh="38861368" tlh="646774264" />
  <largest-consumer threadName="Group1.Backend.CompositeBackend{Tier1}.5" threadId="000000000088EE00" bytes="115824144" />
</allocation-stats>
<gc-op id="1937" type="scavenge" timems="130.429" contextid="1934" timestamp="2020-09-11T12:41:41.909">
  <scavenger-info tenureage="3" tenuremask="7ff8" tiltratio="85" />
  <memory-copied type="nursery" objects="4163790" bytes="111698704" bytesdiscarded="207904" />
  <memory-copied type="tenure" objects="1116093" bytes="30087624" bytesdiscarded="82352" />
  <finalization candidates="3" enqueued="0" />
  <ownableSynchronizers candidates="46106" cleared="28892" />
  <references type="soft" candidates="9638" cleared="0" enqueued="0" dynamicThreshold="13" maxThreshold="32" />
  <references type="weak" candidates="107" cleared="107" enqueued="0" />
</gc-op>
<gc-end id="1938" type="scavenge" contextid="1934" durationms="131.684" usertimems="922.477" systemtimems="0.000" timestamp="2020-09-11T12:41:41.910" activeThreads="8">
  <mem-info id="1939" free="807795808" total="2208890880" percent="36">
    <mem type="nursery" free="692253176" total="939524096" percent="73">
      <mem type="allocate" free="692253176" total="804257792" percent="86" />
      <mem type="survivor" free="0" total="135266304" percent="0" />
    </mem>
    <mem type="tenure" free="115542632" total="1269366784" percent="9" macro-fragmented="23113062">
      <mem type="soa" free="29831848" total="1180510208" percent="2" />
      <mem type="loa" free="85710784" total="88856576" percent="96" />
    </mem>
    <remembered-set count="33577" />
  </mem-info>
</gc-end>
<cycle-end id="1940" type="scavenge" contextid="1934" timestamp="2020-09-11T12:41:41.912" />
<allocation-satisfied id="1941" threadId="000000000086B500" bytesRequested="664" />
<af-end id="1942" timestamp="2020-09-11T12:41:41.913" threadId="000000000086BE80" success="true" from="nursery"/>
<exclusive-end id="1943" timestamp="2020-09-11T12:41:41.913" durationms="136.002" />

<exclusive-start id="1944" timestamp="2020-09-11T12:41:43.874" intervalms="2097.932">
  <response-info timems="7.813" idlems="7.813" threads="0" lastid="0000000000789300" lastname="Group1.Backend.CompositeBackend{Tier1}.1" />
</exclusive-start>
<af-start id="1945" threadId="0000000000789C80" totalBytesRequested="1832" timestamp="2020-09-11T12:41:43.876" intervalms="2098.327" type="nursery" />
<cycle-start id="1946" type="scavenge" contextid="0" timestamp="2020-09-11T12:41:43.876" intervalms="2098.460" />
<gc-start id="1947" type="scavenge" contextid="1946" timestamp="2020-09-11T12:41:43.877">
  <mem-info id="1948" free="115542632" total="2208890880" percent="5">
    <mem type="nursery" free="0" total="939524096" percent="0">
      <mem type="allocate" free="0" total="804257792" percent="0" />
      <mem type="survivor" free="0" total="135266304" percent="0" />
    </mem>
    <mem type="tenure" free="115542632" total="1269366784" percent="9">
      <mem type="soa" free="29831848" total="1180510208" percent="2" />
      <mem type="loa" free="85710784" total="88856576" percent="96" />
    </mem>
    <remembered-set count="193633" />
  </mem-info>
</gc-start>
<allocation-stats totalBytes="691853104" >
  <allocated-bytes non-tlh="29091976" tlh="662761128" />
  <largest-consumer threadName="Group1.Backend.CompositeBackend{Tier1}.5" threadId="000000000088EE00" bytes="106598304" />
</allocation-stats>
<gc-op id="1949" type="scavenge" timems="151.143" contextid="1946" timestamp="2020-09-11T12:41:44.028">
  <scavenger-info tenureage="3" tenuremask="7ff8" tiltratio="85" />
  <memory-copied type="nursery" objects="4112182" bytes="110603248" bytesdiscarded="230832" />
  <memory-copied type="tenure" objects="1104812" bytes="29755712" bytesdiscarded="91400" />
  <finalization candidates="3" enqueued="0" />
  <ownableSynchronizers candidates="45808" cleared="29765" />
  <references type="soft" candidates="9075" cleared="0" enqueued="0" dynamicThreshold="13" maxThreshold="32" />
  <references type="weak" candidates="123" cleared="115" enqueued="0" />
  <heap-resize type="expand" space="tenure" amount="1048576" count="1" timems="1.394" reason="continue current collection" />
</gc-op>
<gc-end id="1950" type="scavenge" contextid="1946" durationms="152.290" usertimems="988.990" systemtimems="9.917" timestamp="2020-09-11T12:41:44.029" activeThreads="8">
  <mem-info id="1951" free="782087360" total="2209939456" percent="35">
    <mem type="nursery" free="695351808" total="939524096" percent="74">
      <mem type="allocate" free="695351808" total="806289408" percent="86" />
      <mem type="survivor" free="0" total="133234688" percent="0" />
    </mem>
    <mem type="tenure" free="86735552" total="1270415360" percent="6" macro-fragmented="0">
      <mem type="soa" free="0" total="1181486080" percent="0" />
      <mem type="loa" free="86735552" total="88929280" percent="97" />
    </mem>
    <remembered-set count="33060" />
  </mem-info>
</gc-end>
<cycle-end id="1952" type="scavenge" contextid="1946" timestamp="2020-09-11T12:41:44.032" />
<allocation-satisfied id="1953" threadId="0000000000789300" bytesRequested="1832" />
<af-end id="1954" timestamp="2020-09-11T12:41:44.032" threadId="0000000000789C80" success="true" from="nursery"/>
<exclusive-end id="1955" timestamp="2020-09-11T12:41:44.032" durationms="157.255" />

<exclusive-start id="1956" timestamp="2020-09-11T12:41:45.862" intervalms="1987.809">
  <response-info timems="0.482" idlems="0.482" threads="0" lastid="00000000008D4B00" lastname="Group1.Backend.CompositeBackend{Tier1}.8" />
</exclusive-start>
<af-start id="1957" threadId="00000000008D5480" totalBytesRequested="1032" timestamp="2020-09-11T12:41:45.863" intervalms="1987.484" type="nursery" />
<cycle-start id="1958" type="scavenge" contextid="0" timestamp="2020-09-11T12:41:45.863" intervalms="1987.360" />
<gc-start id="1959" type="scavenge" contextid="1958" timestamp="2020-09-11T12:41:45.864">
  <mem-info id="1960" free="86735552" total="2209939456" percent="3">
    <mem type="nursery" free="0" total="939524096" percent="0">
      <mem type="allocate" free="0" total="806289408" percent="0" />
      <mem type="survivor" free="0" total="133234688" percent="0" />
    </mem>
    <mem type="tenure" free="86735552" total="1270415360" percent="6">
      <mem type="soa" free="0" total="1181486080" percent="0" />
      <mem type="loa" free="86735552" total="88929280" percent="97" />
    </mem>
    <remembered-set count="190470" />
  </mem-info>
</gc-start>
<allocation-stats totalBytes="694982216" >
  <allocated-bytes non-tlh="31962664" tlh="663019552" />
  <largest-consumer threadName="Group1.Backend.CompositeBackend{Tier1}.1" threadId="0000000000789300" bytes="96287992" />
</allocation-stats>
<gc-op id="1961" type="scavenge" timems="147.664" contextid="1958" timestamp="2020-09-11T12:41:46.012">
  <scavenger-info tenureage="3" tenuremask="7ff8" tiltratio="85" />
  <memory-copied type="nursery" objects="4396257" bytes="117573344" bytesdiscarded="341128" />
  <memory-copied type="tenure" objects="1193690" bytes="32158576" bytesdiscarded="7744" />
  <finalization candidates="2" enqueued="0" />
  <ownableSynchronizers candidates="41428" cleared="26516" />
  <references type="soft" candidates="8028" cleared="0" enqueued="0" dynamicThreshold="13" maxThreshold="32" />
  <references type="weak" candidates="134" cleared="126" enqueued="0" />
  <heap-resize type="expand" space="tenure" amount="37748736" count="36" timems="15.068" reason="continue current collection" />
</gc-op>
<gc-end id="1962" type="scavenge" contextid="1958" durationms="148.707" usertimems="1003.298" systemtimems="11.523" timestamp="2020-09-11T12:41:46.012" activeThreads="8">
  <mem-info id="1963" free="775339016" total="2247688192" percent="34">
    <mem type="nursery" free="683229704" total="939524096" percent="72">
      <mem type="allocate" free="683229704" total="801243136" percent="85" />
      <mem type="survivor" free="0" total="138280960" percent="0" />
    </mem>
    <mem type="tenure" free="92109312" total="1308164096" percent="7" macro-fragmented="0">
      <mem type="soa" free="537088" total="1216591872" percent="0" />
      <mem type="loa" free="91572224" total="91572224" percent="100" />
    </mem>
    <remembered-set count="32204" />
  </mem-info>
</gc-end>
<cycle-end id="1964" type="scavenge" contextid="1958" timestamp="2020-09-11T12:41:46.014" />
<allocation-satisfied id="1965" threadId="00000000008D4B00" bytesRequested="1032" />
<af-end id="1966" timestamp="2020-09-11T12:41:46.014" threadId="00000000008D5480" success="true" from="nursery"/>
<exclusive-end id="1967" timestamp="2020-09-11T12:41:46.014" durationms="151.594" />

<exclusive-start id="1968" timestamp="2020-09-11T12:41:47.825" intervalms="1962.609">
  <response-info timems="1.045" idlems="1.045" threads="0" lastid="000000000077D600" lastname="Group1.TxInjector.CompositeTxInjector.I.driver.probe.3" />
</exclusive-start>
<af-start id="1969" threadId="000000000077DF80" totalBytesRequested="16" timestamp="2020-09-11T12:41:47.826" intervalms="1962.516" type="nursery" />
<cycle-start id="1970" type="scavenge" contextid="0" timestamp="2020-09-11T12:41:47.826" intervalms="1962.518" />
<gc-start id="1971" type="scavenge" contextid="1970" timestamp="2020-09-11T12:41:47.826">
  <mem-info id="1972" free="92109312" total="2247688192" percent="4">
    <mem type="nursery" free="0" total="939524096" percent="0">
      <mem type="allocate" free="0" total="801243136" percent="0" />
      <mem type="survivor" free="0" total="138280960" percent="0" />
    </mem>
    <mem type="tenure" free="92109312" total="1308164096" percent="7">
      <mem type="soa" free="537088" total="1216591872" percent="0" />
      <mem type="loa" free="91572224" total="91572224" percent="100" />
    </mem>
    <remembered-set count="189187" />
  </mem-info>
</gc-start>
<allocation-stats totalBytes="682848888" >
  <allocated-bytes non-tlh="34271016" tlh="648577872" />
  <largest-consumer threadName="Group1.Backend.CompositeBackend{Tier1}.3" threadId="000000000086A900" bytes="99410704" />
</allocation-stats>
<gc-op id="1973" type="scavenge" timems="132.214" contextid="1970" timestamp="2020-09-11T12:41:47.958">
  <scavenger-info tenureage="3" tenuremask="7ff8" tiltratio="85" />
  <memory-copied type="nursery" objects="4221541" bytes="112776248" bytesdiscarded="225560" />
  <memory-copied type="tenure" objects="1051330" bytes="28299520" bytesdiscarded="8920" />
  <finalization candidates="2" enqueued="0" />
  <ownableSynchronizers candidates="38775" cleared="25361" />
  <references type="soft" candidates="7685" cleared="0" enqueued="0" dynamicThreshold="13" maxThreshold="32" />
  <references type="weak" candidates="130" cleared="119" enqueued="0" />
  <heap-resize type="expand" space="tenure" amount="30408704" count="29" timems="19.312" reason="continue current collection" />
</gc-op>
<gc-end id="1974" type="scavenge" contextid="1970" durationms="133.370" usertimems="922.318" systemtimems="15.239" timestamp="2020-09-11T12:41:47.959" activeThreads="8">
  <mem-info id="1975" free="783662048" total="2278096896" percent="34">
    <mem type="nursery" free="689454560" total="939524096" percent="73">
      <mem type="allocate" free="689454560" total="802553856" percent="85" />
      <mem type="survivor" free="0" total="136970240" percent="0" />
    </mem>
    <mem type="tenure" free="94207488" total="1338572800" percent="7" macro-fragmented="27735676">
      <mem type="soa" free="507392" total="1244872704" percent="0" />
      <mem type="loa" free="93700096" total="93700096" percent="100" />
    </mem>
    <remembered-set count="31726" />
  </mem-info>
</gc-end>
<cycle-end id="1976" type="scavenge" contextid="1970" timestamp="2020-09-11T12:41:47.962" />
<allocation-satisfied id="1977" threadId="000000000077D600" bytesRequested="16" />
<af-end id="1978" timestamp="2020-09-11T12:41:47.962" threadId="000000000077DF80" success="true" from="nursery"/>
<exclusive-end id="1979" timestamp="2020-09-11T12:41:47.962" durationms="136.936" />

<exclusive-start id="1980" timestamp="2020-09-11T12:41:49.937" intervalms="2112.001">
  <response-info timems="1.737" idlems="1.737" threads="0" lastid="0000000000785700" lastname="Group1.Backend.CompositeBackend{Tier1}.2" />
</exclusive-start>
<af-start id="1981" threadId="0000000000786080" totalBytesRequested="400" timestamp="2020-09-11T12:41:49.938" intervalms="2112.128" type="nursery" />
<cycle-start id="1982" type="scavenge" contextid="0" timestamp="2020-09-11T12:41:49.938" intervalms="2112.111" />
<gc-start id="1983" type="scavenge" contextid="1982" timestamp="2020-09-11T12:41:49.939">
  <mem-info id="1984" free="94206912" total="2278096896" percent="4">
    <mem type="nursery" free="0" total="939524096" percent="0">
      <mem type="allocate" free="0" total="802553856" percent="0" />
      <mem type="survivor" free="0" total="136970240" percent="0" />
    </mem>
    <mem type="tenure" free="94206912" total="1338572800" percent="7">
      <mem type="soa" free="506816" total="1244872704" percent="0" />
      <mem type="loa" free="93700096" total="93700096" percent="100" />
    </mem>
    <remembered-set count="193076" />
  </mem-info>
</gc-start>
<allocation-stats totalBytes="689067488" >
  <allocated-bytes non-tlh="28479192" tlh="660588296" />
  <largest-consumer threadName="Group1.Backend.CompositeBackend{Tier1}.6" threadId="000000000089DB00" bytes="103968424" />
</allocation-stats>
<gc-op id="1985" type="scavenge" timems="142.144" contextid="1982" timestamp="2020-09-11T12:41:50.081">
  <scavenger-info tenureage="3" tenuremask="7ff8" tiltratio="85" />
  <memory-copied type="nursery" objects="4073294" bytes="109431584" bytesdiscarded="199128" />
  <memory-copied type="tenure" objects="1138220" bytes="30700168" bytesdiscarded="12016" />
  <finalization candidates="3" enqueued="0" />
  <ownableSynchronizers candidates="34151" cleared="21631" />
  <references type="soft" candidates="6926" cleared="0" enqueued="0" dynamicThreshold="13" maxThreshold="32" />
  <references type="weak" candidates="118" cleared="116" enqueued="0" />
  <heap-resize type="expand" space="tenure" amount="33554432" count="32" timems="14.540" reason="continue current collection" />
</gc-op>
<gc-end id="1986" type="scavenge" contextid="1982" durationms="143.450" usertimems="1005.612" systemtimems="17.669" timestamp="2020-09-11T12:41:50.082" activeThreads="8">
  <mem-info id="1987" free="791806976" total="2311651328" percent="34">
    <mem type="nursery" free="694984704" total="939524096" percent="73">
      <mem type="allocate" free="694984704" total="804716544" percent="86" />
      <mem type="survivor" free="0" total="134807552" percent="0" />
    </mem>
    <mem type="tenure" free="96822272" total="1372127232" percent="7" macro-fragmented="0">
      <mem type="soa" free="773120" total="1276078080" percent="0" />
      <mem type="loa" free="96049152" total="96049152" percent="100" />
    </mem>
    <remembered-set count="31808" />
  </mem-info>
</gc-end>
<cycle-end id="1988" type="scavenge" contextid="1982" timestamp="2020-09-11T12:41:50.085" />
<allocation-satisfied id="1989" threadId="0000000000785700" bytesRequested="400" />
<af-end id="1990" timestamp="2020-09-11T12:41:50.085" threadId="0000000000786080" success="true" from="nursery"/>
<exclusive-end id="1991" timestamp="2020-09-11T12:41:50.085" durationms="147.959" />

<exclusive-start id="1992" timestamp="2020-09-11T12:41:51.972" intervalms="2034.811">
  <response-info timems="0.257" idlems="0.257" threads="0" lastid="0000000000785700" lastname="Group1.Backend.CompositeBackend{Tier1}.2" />
</exclusive-start>
<af-start id="1993" threadId="0000000000786080" totalBytesRequested="16" timestamp="2020-09-11T12:41:51.972" intervalms="2034.652" type="nursery" />
<cycle-start id="1994" type="scavenge" contextid="0" timestamp="2020-09-11T12:41:51.972" intervalms="2034.667" />
<gc-start id="1995" type="scavenge" contextid="1994" timestamp="2020-09-11T12:41:51.973">
  <mem-info id="1996" free="96820696" total="2311651328" percent="4">
    <mem type="nursery" free="0" total="939524096" percent="0">
      <mem type="allocate" free="0" total="804716544" percent="0" />
      <mem type="survivor" free="0" total="134807552" percent="0" />
    </mem>
    <mem type="tenure" free="96820696" total="1372127232" percent="7">
      <mem type="soa" free="771544" total="1276078080" percent="0" />
      <mem type="loa" free="96049152" total="96049152" percent="100" />
    </mem>
    <remembered-set count="189217" />
  </mem-info>
</gc-start>
<allocation-stats totalBytes="694616648" >
  <allocated-bytes non-tlh="33537904" tlh="661078744" />
  <largest-consumer threadName="Group1.Backend.CompositeBackend{Tier1}.8" threadId="00000000008D4B00" bytes="93055728" />
</allocation-stats>
<gc-op id="1997" type="scavenge" timems="108.298" contextid="1994" timestamp="2020-09-11T12:41:52.081">
  <scavenger-info tenureage="3" tenuremask="7ff8" tiltratio="85" />
  <memory-copied type="nursery" objects="4261953" bytes="113884744" bytesdiscarded="207008" />
  <memory-copied type="tenure" objects="1093275" bytes="29441568" bytesdiscarded="6008" />
  <finalization candidates="2" enqueued="0" />
  <ownableSynchronizers candidates="31796" cleared="20411" />
  <references type="soft" candidates="6356" cleared="0" enqueued="0" dynamicThreshold="13" maxThreshold="32" />
  <references type="weak" candidates="121" cleared="119" enqueued="0" />
  <heap-resize type="expand" space="tenure" amount="31457280" count="30" timems="8.561" reason="continue current collection" />
</gc-op>
<gc-end id="1998" type="scavenge" contextid="1994" durationms="109.542" usertimems="787.911" systemtimems="1.248" timestamp="2020-09-11T12:41:52.082" activeThreads="8">
  <mem-info id="1999" free="789825296" total="2343108608" percent="33">
    <mem type="nursery" free="690983440" total="939524096" percent="73">
      <mem type="allocate" free="690983440" total="805175296" percent="85" />
      <mem type="survivor" free="0" total="134348800" percent="0" />
    </mem>
    <mem type="tenure" free="98841856" total="1403584512" percent="7" macro-fragmented="0">
      <mem type="soa" free="590080" total="1305332736" percent="0" />
      <mem type="loa" free="98251776" total="98251776" percent="100" />
    </mem>
    <remembered-set count="30884" />
  </mem-info>
</gc-end>
<cycle-end id="2000" type="scavenge" contextid="1994" timestamp="2020-09-11T12:41:52.084" />
<allocation-satisfied id="2001" threadId="0000000000785700" bytesRequested="16" />
<af-end id="2002" timestamp="2020-09-11T12:41:52.085" threadId="0000000000786080" success="true" from="nursery"/>
<exclusive-end id="2003" timestamp="2020-09-11T12:41:52.085" durationms="112.883" />

<exclusive-start id="2004" timestamp="2020-09-11T12:41:54.019" intervalms="2046.912">
  <response-info timems="0.607" idlems="0.607" threads="0" lastid="0000000000785700" lastname="Group1.Backend.CompositeBackend{Tier1}.2" />
</exclusive-start>
<af-start id="2005" threadId="0000000000786080" totalBytesRequested="267168" timestamp="2020-09-11T12:41:54.020" intervalms="2047.247" type="nursery" />
<cycle-start id="2006" type="scavenge" contextid="0" timestamp="2020-09-11T12:41:54.020" intervalms="2047.327" />
<gc-start id="2007" type="scavenge" contextid="2006" timestamp="2020-09-11T12:41:54.020">
  <mem-info id="2008" free="98985264" total="2343108608" percent="4">
    <mem type="nursery" free="143408" total="939524096" percent="0">
      <mem type="allocate" free="143408" total="805175296" percent="0" />
      <mem type="survivor" free="0" total="134348800" percent="0" />
    </mem>
    <mem type="tenure" free="98841856" total="1403584512" percent="7">
      <mem type="soa" free="590080" total="1305332736" percent="0" />
      <mem type="loa" free="98251776" total="98251776" percent="100" />
    </mem>
    <remembered-set count="190634" />
  </mem-info>
</gc-start>
<allocation-stats totalBytes="690445584" >
  <allocated-bytes non-tlh="29192672" tlh="661252912" />
  <largest-consumer threadName="Group1.Backend.CompositeBackend{Tier1}.7" threadId="000000000088BD00" bytes="98066424" />
</allocation-stats>
<gc-op id="2009" type="scavenge" timems="117.949" contextid="2006" timestamp="2020-09-11T12:41:54.138">
  <scavenger-info tenureage="3" tenuremask="7ff8" tiltratio="85" />
  <memory-copied type="nursery" objects="4511236" bytes="119762320" bytesdiscarded="189784" />
  <memory-copied type="tenure" objects="1076128" bytes="28971960" bytesdiscarded="8056" />
  <finalization candidates="2" enqueued="0" />
  <ownableSynchronizers candidates="32016" cleared="21268" />
  <references type="soft" candidates="5975" cleared="0" enqueued="0" dynamicThreshold="13" maxThreshold="32" />
  <references type="weak" candidates="103" cleared="103" enqueued="0" />
  <heap-resize type="expand" space="tenure" amount="31457280" count="30" timems="9.533" reason="continue current collection" />
</gc-op>
<gc-end id="2010" type="scavenge" contextid="2006" durationms="119.385" usertimems="912.081" systemtimems="0.000" timestamp="2020-09-11T12:41:54.139" activeThreads="8">
  <mem-info id="2011" free="781177840" total="2374565888" percent="32">
    <mem type="nursery" free="680012272" total="939524096" percent="72">
      <mem type="allocate" free="680012272" total="800063488" percent="84" />
      <mem type="survivor" free="0" total="139460608" percent="0" />
    </mem>
    <mem type="tenure" free="101165568" total="1435041792" percent="7" macro-fragmented="0">
      <mem type="soa" free="712192" total="1334588416" percent="0" />
      <mem type="loa" free="100453376" total="100453376" percent="100" />
    </mem>
    <remembered-set count="31020" />
  </mem-info>
</gc-end>
<cycle-end id="2012" type="scavenge" contextid="2006" timestamp="2020-09-11T12:41:54.140" />
<allocation-satisfied id="2013" threadId="0000000000785700" bytesRequested="267168" />
<af-end id="2014" timestamp="2020-09-11T12:41:54.140" threadId="0000000000786080" success="true" from="nursery"/>
<exclusive-end id="2015" timestamp="2020-09-11T12:41:54.140" durationms="121.871" />

<exclusive-start id="2016" timestamp="2020-09-11T12:41:55.960" intervalms="1941.010">
  <response-info timems="6.690" idlems="6.690" threads="0" lastid="0000000000A85D00" lastname="Group1.Backend.CompositeBackend{Tier3}.7" />
</exclusive-start>
<af-start id="2017" threadId="0000000000A86680" totalBytesRequested="40" timestamp="2020-09-11T12:41:55.961" intervalms="1941.087" type="nursery" />
<cycle-start id="2018" type="scavenge" contextid="0" timestamp="2020-09-11T12:41:55.961" intervalms="1941.048" />
<gc-start id="2019" type="scavenge" contextid="2018" timestamp="2020-09-11T12:41:55.961">
  <mem-info id="2020" free="101165440" total="2374565888" percent="4">
    <mem type="nursery" free="0" total="939524096" percent="0">
      <mem type="allocate" free="0" total="800063488" percent="0" />
      <mem type="survivor" free="0" total="139460608" percent="0" />
    </mem>
    <mem type="tenure" free="101165440" total="1435041792" percent="7">
      <mem type="soa" free="712064" total="1334588416" percent="0" />
      <mem type="loa" free="100453376" total="100453376" percent="100" />
    </mem>
    <remembered-set count="187951" />
  </mem-info>
</gc-start>
<allocation-stats totalBytes="679652288" >
  <allocated-bytes non-tlh="31603648" tlh="648048640" />
  <largest-consumer threadName="Group1.Backend.CompositeBackend{Tier1}.7" threadId="000000000088BD00" bytes="104484504" />
</allocation-stats>
<gc-op id="2021" type="scavenge" timems="162.093" contextid="2018" timestamp="2020-09-11T12:41:56.123">
  <scavenger-info tenureage="3" tenuremask="7ff8" tiltratio="85" />
  <memory-copied type="nursery" objects="4543620" bytes="120171176" bytesdiscarded="274392" />
  <memory-copied type="tenure" objects="1139495" bytes="30692360" bytesdiscarded="8288" />
  <finalization candidates="2" enqueued="0" />
  <ownableSynchronizers candidates="29065" cleared="19074" />
  <references type="soft" candidates="5722" cleared="0" enqueued="0" dynamicThreshold="13" maxThreshold="32" />
  <references type="weak" candidates="113" cleared="112" enqueued="0" />
  <heap-resize type="expand" space="tenure" amount="32505856" count="31" timems="13.149" reason="continue current collection" />
</gc-op>
<gc-end id="2022" type="scavenge" contextid="2018" durationms="163.308" usertimems="1150.862" systemtimems="8.493" timestamp="2020-09-11T12:41:56.124" activeThreads="8">
  <mem-info id="2023" free="785925512" total="2407071744" percent="32">
    <mem type="nursery" free="682993800" total="939524096" percent="72">
      <mem type="allocate" free="682993800" total="803536896" percent="84" />
      <mem type="survivor" free="0" total="135987200" percent="0" />
    </mem>
    <mem type="tenure" free="102931712" total="1467547648" percent="7" macro-fragmented="0">
      <mem type="soa" free="203008" total="1364818944" percent="0" />
      <mem type="loa" free="102728704" total="102728704" percent="100" />
    </mem>
    <remembered-set count="30420" />
  </mem-info>
</gc-end>
<cycle-end id="2024" type="scavenge" contextid="2018" timestamp="2020-09-11T12:41:56.126" />
<allocation-satisfied id="2025" threadId="0000000000A85D00" bytesRequested="40" />
<af-end id="2026" timestamp="2020-09-11T12:41:56.126" threadId="0000000000A86680" success="true" from="nursery"/>
<exclusive-end id="2027" timestamp="2020-09-11T12:41:56.126" durationms="166.510" />

<exclusive-start id="2028" timestamp="2020-09-11T12:41:58.023" intervalms="2063.020">
  <response-info timems="6.955" idlems="6.890" threads="1" lastid="00000000008D4B00" lastname="Group1.Backend.CompositeBackend{Tier1}.8" />
</exclusive-start>
<af-start id="2029" threadId="0000000000A72280" totalBytesRequested="24" timestamp="2020-09-11T12:41:58.023" intervalms="2062.830" type="nursery" />
<cycle-start id="2030" type="scavenge" contextid="0" timestamp="2020-09-11T12:41:58.024" intervalms="2062.846" />
<gc-start id="2031" type="scavenge" contextid="2030" timestamp="2020-09-11T12:41:58.024">
  <mem-info id="2032" free="102931712" total="2407071744" percent="4">
    <mem type="nursery" free="0" total="939524096" percent="0">
      <mem type="allocate" free="0" total="803536896" percent="0" />
      <mem type="survivor" free="0" total="135987200" percent="0" />
    </mem>
    <mem type="tenure" free="102931712" total="1467547648" percent="7">
      <mem type="soa" free="203008" total="1364818944" percent="0" />
      <mem type="loa" free="102728704" total="102728704" percent="100" />
    </mem>
    <remembered-set count="191089" />
  </mem-info>
</gc-start>
<allocation-stats totalBytes="682623352" >
  <allocated-bytes non-tlh="30467192" tlh="652156160" />
  <largest-consumer threadName="Group1.Backend.CompositeBackend{Tier1}.8" threadId="00000000008D4B00" bytes="109124424" />
</allocation-stats>
<gc-op id="2033" type="scavenge" timems="144.535" contextid="2030" timestamp="2020-09-11T12:41:58.169">
  <scavenger-info tenureage="3" tenuremask="7ff8" tiltratio="85" />
  <memory-copied type="nursery" objects="4161584" bytes="110993616" bytesdiscarded="238776" />
  <memory-copied type="tenure" objects="1092460" bytes="29568024" bytesdiscarded="9048" />
  <ownableSynchronizers candidates="27569" cleared="18018" />
  <references type="soft" candidates="5498" cleared="0" enqueued="0" dynamicThreshold="13" maxThreshold="32" />
  <references type="weak" candidates="109" cleared="108" enqueued="0" />
  <heap-resize type="expand" space="tenure" amount="32505856" count="31" timems="13.356" reason="continue current collection" />
</gc-op>
<gc-end id="2034" type="scavenge" contextid="2030" durationms="145.783" usertimems="1002.616" systemtimems="24.433" timestamp="2020-09-11T12:41:58.170" activeThreads="8">
  <mem-info id="2035" free="798424824" total="2439577600" percent="32">
    <mem type="nursery" free="692468728" total="939524096" percent="73">
      <mem type="allocate" free="692468728" total="803799040" percent="86" />
      <mem type="survivor" free="0" total="135725056" percent="0" />
    </mem>
    <mem type="tenure" free="105956096" total="1500053504" percent="7" macro-fragmented="0">
      <mem type="soa" free="952064" total="1395049472" percent="0" />
      <mem type="loa" free="105004032" total="105004032" percent="100" />
    </mem>
    <remembered-set count="32808" />
  </mem-info>
</gc-end>
<cycle-end id="2036" type="scavenge" contextid="2030" timestamp="2020-09-11T12:41:58.172" />
<allocation-satisfied id="2037" threadId="0000000000A71900" bytesRequested="24" />
<af-end id="2038" timestamp="2020-09-11T12:41:58.173" threadId="0000000000A72280" success="true" from="nursery"/>
<exclusive-end id="2039" timestamp="2020-09-11T12:41:58.173" durationms="150.292" />

<exclusive-start id="2040" timestamp="2020-09-11T12:42:00.003" intervalms="1980.087">
  <response-info timems="0.726" idlems="0.726" threads="0" lastid="000000000086A900" lastname="Group1.Backend.CompositeBackend{Tier1}.3" />
</exclusive-start>
<af-start id="2041" threadId="000000000086B280" totalBytesRequested="24" timestamp="2020-09-11T12:42:00.004" intervalms="1980.124" type="nursery" />
<cycle-start id="2042" type="scavenge" contextid="0" timestamp="2020-09-11T12:42:00.004" intervalms="1980.053" />
<gc-start id="2043" type="scavenge" contextid="2042" timestamp="2020-09-11T12:42:00.004">
  <mem-info id="2044" free="105956096" total="2439577600" percent="4">
    <mem type="nursery" free="0" total="939524096" percent="0">
      <mem type="allocate" free="0" total="803799040" percent="0" />
      <mem type="survivor" free="0" total="135725056" percent="0" />
    </mem>
    <mem type="tenure" free="105956096" total="1500053504" percent="7">
      <mem type="soa" free="952064" total="1395049472" percent="0" />
      <mem type="loa" free="105004032" total="105004032" percent="100" />
    </mem>
    <remembered-set count="191105" />
  </mem-info>
</gc-start>
<allocation-stats totalBytes="692086944" >
  <allocated-bytes non-tlh="36264768" tlh="655822176" />
  <largest-consumer threadName="Group1.Backend.CompositeBackend{Tier1}.1" threadId="0000000000789300" bytes="117361448" />
</allocation-stats>
<gc-op id="2045" type="scavenge" timems="131.863" contextid="2042" timestamp="2020-09-11T12:42:00.136">
  <scavenger-info tenureage="3" tenuremask="7ff8" tiltratio="85" />
  <memory-copied type="nursery" objects="4329376" bytes="114675848" bytesdiscarded="263048" />
  <memory-copied type="tenure" objects="1094609" bytes="29483776" bytesdiscarded="13136" />
  <ownableSynchronizers candidates="24134" cleared="15213" />
  <references type="soft" candidates="4949" cleared="0" enqueued="0" dynamicThreshold="13" maxThreshold="32" />
  <references type="weak" candidates="123" cleared="123" enqueued="0" />
  <heap-resize type="expand" space="tenure" amount="31457280" count="30" timems="11.164" reason="continue current collection" />
</gc-op>
<gc-end id="2046" type="scavenge" contextid="2042" durationms="133.525" usertimems="955.779" systemtimems="10.810" timestamp="2020-09-11T12:42:00.137" activeThreads="8">
  <mem-info id="2047" free="797022720" total="2471034880" percent="32">
    <mem type="nursery" free="689421056" total="939524096" percent="73">
      <mem type="allocate" free="689421056" total="804454400" percent="85" />
      <mem type="survivor" free="0" total="135069696" percent="0" />
    </mem>
    <mem type="tenure" free="107601664" total="1531510784" percent="7" macro-fragmented="0">
      <mem type="soa" free="395008" total="1424304128" percent="0" />
      <mem type="loa" free="107206656" total="107206656" percent="100" />
    </mem>
    <remembered-set count="33549" />
  </mem-info>
</gc-end>
<cycle-end id="2048" type="scavenge" contextid="2042" timestamp="2020-09-11T12:42:00.139" />
<allocation-satisfied id="2049" threadId="000000000086A900" bytesRequested="24" />
<af-end id="2050" timestamp="2020-09-11T12:42:00.139" threadId="000000000086B280" success="true" from="nursery"/>
<exclusive-end id="2051" timestamp="2020-09-11T12:42:00.139" durationms="135.904" />

<exclusive-start id="2052" timestamp="2020-09-11T12:42:01.975" intervalms="1972.224">
  <response-info timems="1.668" idlems="1.668" threads="0" lastid="000000000086B500" lastname="Group1.Backend.CompositeBackend{Tier1}.4" />
</exclusive-start>
<af-start id="2053" threadId="000000000086BE80" totalBytesRequested="266488" timestamp="2020-09-11T12:42:01.976" intervalms="1972.008" type="nursery" />
<cycle-start id="2054" type="scavenge" contextid="0" timestamp="2020-09-11T12:42:01.976" intervalms="1972.010" />
<gc-start id="2055" type="scavenge" contextid="2054" timestamp="2020-09-11T12:42:01.976">
  <mem-info id="2056" free="107641768" total="2471034880" percent="4">
    <mem type="nursery" free="40104" total="939524096" percent="0">
      <mem type="allocate" free="40104" total="804454400" percent="0" />
      <mem type="survivor" free="0" total="135069696" percent="0" />
    </mem>
    <mem type="tenure" free="107601664" total="1531510784" percent="7">
      <mem type="soa" free="395008" total="1424304128" percent="0" />
      <mem type="loa" free="107206656" total="107206656" percent="100" />
    </mem>
    <remembered-set count="192712" />
  </mem-info>
</gc-start>
<allocation-stats totalBytes="688999720" >
  <allocated-bytes non-tlh="30158424" tlh="658841296" />
  <largest-consumer threadName="Group1.Backend.CompositeBackend{Tier1}.6" threadId="000000000089DB00" bytes="94670552" />
</allocation-stats>
<gc-op id="2057" type="scavenge" timems="119.196" contextid="2054" timestamp="2020-09-11T12:42:02.095">
  <scavenger-info tenureage="3" tenuremask="7ff8" tiltratio="85" />
  <memory-copied type="nursery" objects="4426862" bytes="116611904" bytesdiscarded="153960" />
  <memory-copied type="tenure" objects="1068060" bytes="28757568" bytesdiscarded="11352" />
  <ownableSynchronizers candidates="24619" cleared="16302" />
  <references type="soft" candidates="4703" cleared="0" enqueued="0" dynamicThreshold="13" maxThreshold="32" />
  <references type="weak" candidates="133" cleared="132" enqueued="0" />
  <heap-resize type="expand" space="tenure" amount="31457280" count="30" timems="11.208" reason="continue current collection" />
</gc-op>
<gc-end id="2058" type="scavenge" contextid="2054" durationms="121.150" usertimems="901.353" systemtimems="9.856" timestamp="2020-09-11T12:42:02.097" activeThreads="8">
  <mem-info id="2059" free="798117616" total="2502492160" percent="31">
    <mem type="nursery" free="688051696" total="939524096" percent="73">
      <mem type="allocate" free="688051696" total="804913152" percent="85" />
      <mem type="survivor" free="0" total="134610944" percent="0" />
    </mem>
    <mem type="tenure" free="110065920" total="1562968064" percent="7" macro-fragmented="0">
      <mem type="soa" free="657664" total="1453559808" percent="0" />
      <mem type="loa" free="109408256" total="109408256" percent="100" />
    </mem>
    <remembered-set count="34068" />
  </mem-info>
</gc-end>
<cycle-end id="2060" type="scavenge" contextid="2054" timestamp="2020-09-11T12:42:02.098" />
<allocation-satisfied id="2061" threadId="000000000086B500" bytesRequested="266488" />
<af-end id="2062" timestamp="2020-09-11T12:42:02.098" threadId="000000000086BE80" success="true" from="nursery"/>
<exclusive-end id="2063" timestamp="2020-09-11T12:42:02.098" durationms="123.194" />

<exclusive-start id="2064" timestamp="2020-09-11T12:42:04.002" intervalms="2026.915">
  <response-info timems="0.849" idlems="0.534" threads="1" lastid="000000000088EE00" lastname="Group1.Backend.CompositeBackend{Tier1}.5" />
</exclusive-start>
<af-start id="2065" threadId="0000000000A8A280" totalBytesRequested="72" timestamp="2020-09-11T12:42:04.003" intervalms="2027.098" type="nursery" />
<cycle-start id="2066" type="scavenge" contextid="0" timestamp="2020-09-11T12:42:04.003" intervalms="2027.118" />
<gc-start id="2067" type="scavenge" contextid="2066" timestamp="2020-09-11T12:42:04.003">
  <mem-info id="2068" free="110065920" total="2502492160" percent="4">
    <mem type="nursery" free="0" total="939524096" percent="0">
      <mem type="allocate" free="0" total="804913152" percent="0" />
      <mem type="survivor" free="0" total="134610944" percent="0" />
    </mem>
    <mem type="tenure" free="110065920" total="1562968064" percent="7">
      <mem type="soa" free="657664" total="1453559808" percent="0" />
      <mem type="loa" free="109408256" total="109408256" percent="100" />
    </mem>
    <remembered-set count="193827" />
  </mem-info>
</gc-start>
<allocation-stats totalBytes="687666344" >
  <allocated-bytes non-tlh="31709152" tlh="655957192" />
  <largest-consumer threadName="Group1.Backend.CompositeBackend{Tier1}.5" threadId="000000000088EE00" bytes="85394064" />
</allocation-stats>
<gc-op id="2069" type="scavenge" timems="104.917" contextid="2066" timestamp="2020-09-11T12:42:04.108">
  <scavenger-info tenureage="3" tenuremask="7ff8" tiltratio="85" />
  <memory-copied type="nursery" objects="3999195" bytes="107376880" bytesdiscarded="150592" />
  <memory-copied type="tenure" objects="1109407" bytes="29837112" bytesdiscarded="9304" />
  <ownableSynchronizers candidates="22655" cleared="14850" />
  <references type="soft" candidates="4432" cleared="0" enqueued="0" dynamicThreshold="13" maxThreshold="32" />
  <references type="weak" candidates="120" cleared="117" enqueued="0" />
  <heap-resize type="expand" space="tenure" amount="31457280" count="30" timems="9.083" reason="continue current collection" />
</gc-op>
<gc-end id="2070" type="scavenge" contextid="2066" durationms="106.432" usertimems="782.373" systemtimems="14.956" timestamp="2020-09-11T12:42:04.110" activeThreads="8">
  <mem-info id="2071" free="810109440" total="2533949440" percent="31">
    <mem type="nursery" free="698075904" total="939524096" percent="74">
      <mem type="allocate" free="698075904" total="805699584" percent="86" />
      <mem type="survivor" free="0" total="133824512" percent="0" />
    </mem>
    <mem type="tenure" free="112033536" total="1594425344" percent="7" macro-fragmented="0">
      <mem type="soa" free="423680" total="1482815488" percent="0" />
      <mem type="loa" free="111609856" total="111609856" percent="100" />
    </mem>
    <remembered-set count="34150" />
  </mem-info>
</gc-end>
<cycle-end id="2072" type="scavenge" contextid="2066" timestamp="2020-09-11T12:42:04.111" />
<allocation-satisfied id="2073" threadId="0000000000A89900" bytesRequested="72" />
<af-end id="2074" timestamp="2020-09-11T12:42:04.111" threadId="0000000000A8A280" success="true" from="nursery"/>
<exclusive-end id="2075" timestamp="2020-09-11T12:42:04.111" durationms="109.391" />

<exclusive-start id="2076" timestamp="2020-09-11T12:42:06.019" intervalms="2016.933">
  <response-info timems="3.818" idlems="3.818" threads="0" lastid="000000000088EE00" lastname="Group1.Backend.CompositeBackend{Tier1}.5" />
</exclusive-start>
<af-start id="2077" threadId="000000000088F780" totalBytesRequested="16" timestamp="2020-09-11T12:42:06.020" intervalms="2017.248" type="nursery" />
<cycle-start id="2078" type="scavenge" contextid="0" timestamp="2020-09-11T12:42:06.021" intervalms="2017.722" />
<gc-start id="2079" type="scavenge" contextid="2078" timestamp="2020-09-11T12:42:06.021">
  <mem-info id="2080" free="112033536" total="2533949440" percent="4">
    <mem type="nursery" free="0" total="939524096" percent="0">
      <mem type="allocate" free="0" total="805699584" percent="0" />
      <mem type="survivor" free="0" total="133824512" percent="0" />
    </mem>
    <mem type="tenure" free="112033536" total="1594425344" percent="7">
      <mem type="soa" free="423680" total="1482815488" percent="0" />
      <mem type="loa" free="111609856" total="111609856" percent="100" />
    </mem>
    <remembered-set count="192244" />
  </mem-info>
</gc-start>
<allocation-stats totalBytes="697691536" >
  <allocated-bytes non-tlh="35290248" tlh="662401288" />
  <largest-consumer threadName="Group1.Backend.CompositeBackend{Tier1}.7" threadId="000000000088BD00" bytes="93552536" />
</allocation-stats>
<gc-op id="2081" type="scavenge" timems="148.688" contextid="2078" timestamp="2020-09-11T12:42:06.170">
  <scavenger-info tenureage="3" tenuremask="7ff8" tiltratio="85" />
  <memory-copied type="nursery" objects="4349230" bytes="115754792" bytesdiscarded="204856" />
  <memory-copied type="tenure" objects="1065430" bytes="28636032" bytesdiscarded="8072" />
  <ownableSynchronizers candidates="21031" cleared="13745" />
  <references type="soft" candidates="4289" cleared="0" enqueued="0" dynamicThreshold="13" maxThreshold="32" />
  <references type="weak" candidates="120" cleared="120" enqueued="0" />
  <heap-resize type="expand" space="tenure" amount="30408704" count="29" timems="10.429" reason="continue current collection" />
</gc-op>
<gc-end id="2082" type="scavenge" contextid="2078" durationms="149.875" usertimems="1079.518" systemtimems="6.471" timestamp="2020-09-11T12:42:06.171" activeThreads="8">
  <mem-info id="2083" free="799305056" total="2564358144" percent="31">
    <mem type="nursery" free="685448544" total="939524096" percent="72">
      <mem type="allocate" free="685448544" total="801505280" percent="85" />
      <mem type="survivor" free="0" total="138018816" percent="0" />
    </mem>
    <mem type="tenure" free="113856512" total="1624834048" percent="7" macro-fragmented="0">
      <mem type="soa" free="117760" total="1511095296" percent="0" />
      <mem type="loa" free="113738752" total="113738752" percent="100" />
    </mem>
    <remembered-set count="31695" />
  </mem-info>
</gc-end>
<cycle-end id="2084" type="scavenge" contextid="2078" timestamp="2020-09-11T12:42:06.173" />
<allocation-satisfied id="2085" threadId="000000000088EE00" bytesRequested="16" />
<af-end id="2086" timestamp="2020-09-11T12:42:06.173" threadId="000000000088F780" success="true" from="nursery"/>
<exclusive-end id="2087" timestamp="2020-09-11T12:42:06.173" durationms="154.705" />

<exclusive-start id="2088" timestamp="2020-09-11T12:42:08.099" intervalms="2080.100">
  <response-info timems="2.427" idlems="2.427" threads="0" lastid="000000000088EE00" lastname="Group1.Backend.CompositeBackend{Tier1}.5" />
</exclusive-start>
<af-start id="2089" threadId="000000000088F780" totalBytesRequested="1032" timestamp="2020-09-11T12:42:08.100" intervalms="2079.693" type="nursery" />
<cycle-start id="2090" type="scavenge" contextid="0" timestamp="2020-09-11T12:42:08.100" intervalms="2079.189" />
<gc-start id="2091" type="scavenge" contextid="2090" timestamp="2020-09-11T12:42:08.101">
  <mem-info id="2092" free="113856512" total="2564358144" percent="4">
    <mem type="nursery" free="0" total="939524096" percent="0">
      <mem type="allocate" free="0" total="801505280" percent="0" />
      <mem type="survivor" free="0" total="138018816" percent="0" />
    </mem>
    <mem type="tenure" free="113856512" total="1624834048" percent="7">
      <mem type="soa" free="117760" total="1511095296" percent="0" />
      <mem type="loa" free="113738752" total="113738752" percent="100" />
    </mem>
    <remembered-set count="193867" />
  </mem-info>
</gc-start>
<allocation-stats totalBytes="685047112" >
  <allocated-bytes non-tlh="24309192" tlh="660737920" />
  <largest-consumer threadName="Group1.Backend.CompositeBackend{Tier1}.2" threadId="0000000000785700" bytes="97686488" />
</allocation-stats>
<gc-op id="2093" type="scavenge" timems="138.279" contextid="2090" timestamp="2020-09-11T12:42:08.239">
  <scavenger-info tenureage="3" tenuremask="7ff8" tiltratio="85" />
  <memory-copied type="nursery" objects="4278049" bytes="113893120" bytesdiscarded="244688" />
  <memory-copied type="tenure" objects="1081721" bytes="29106768" bytesdiscarded="11472" />
  <ownableSynchronizers candidates="20000" cleared="12985" />
  <references type="soft" candidates="3988" cleared="0" enqueued="0" dynamicThreshold="13" maxThreshold="32" />
  <references type="weak" candidates="110" cleared="110" enqueued="0" />
  <heap-resize type="expand" space="tenure" amount="31457280" count="30" timems="9.862" reason="continue current collection" />
</gc-op>
<gc-end id="2094" type="scavenge" contextid="2090" durationms="139.300" usertimems="995.109" systemtimems="13.659" timestamp="2020-09-11T12:42:08.240" activeThreads="8">
  <mem-info id="2095" free="805035512" total="2595815424" percent="31">
    <mem type="nursery" free="688972536" total="939524096" percent="73">
      <mem type="allocate" free="688972536" total="803209216" percent="85" />
      <mem type="survivor" free="0" total="136314880" percent="0" />
    </mem>
    <mem type="tenure" free="116062976" total="1656291328" percent="7" macro-fragmented="0">
      <mem type="soa" free="121600" total="1540349952" percent="0" />
      <mem type="loa" free="115941376" total="115941376" percent="100" />
    </mem>
    <remembered-set count="30331" />
  </mem-info>
</gc-end>
<cycle-end id="2096" type="scavenge" contextid="2090" timestamp="2020-09-11T12:42:08.241" />
<allocation-satisfied id="2097" threadId="000000000088EE00" bytesRequested="1032" />
<af-end id="2098" timestamp="2020-09-11T12:42:08.241" threadId="000000000088F780" success="true" from="nursery"/>
<exclusive-end id="2099" timestamp="2020-09-11T12:42:08.241" durationms="142.045" />

<exclusive-start id="2100" timestamp="2020-09-11T12:42:10.166" intervalms="2067.521">
  <response-info timems="0.753" idlems="0.753" threads="0" lastid="0000000000789300" lastname="Group1.Backend.CompositeBackend{Tier1}.1" />
</exclusive-start>
<af-start id="2101" threadId="0000000000789C80" totalBytesRequested="16" timestamp="2020-09-11T12:42:10.168" intervalms="2067.888" type="nursery" />
<cycle-start id="2102" type="scavenge" contextid="0" timestamp="2020-09-11T12:42:10.168" intervalms="2067.930" />
<gc-start id="2103" type="scavenge" contextid="2102" timestamp="2020-09-11T12:42:10.168">
  <mem-info id="2104" free="116062976" total="2595815424" percent="4">
    <mem type="nursery" free="0" total="939524096" percent="0">
      <mem type="allocate" free="0" total="803209216" percent="0" />
      <mem type="survivor" free="0" total="136314880" percent="0" />
    </mem>
    <mem type="tenure" free="116062976" total="1656291328" percent="7">
      <mem type="soa" free="121600" total="1540349952" percent="0" />
      <mem type="loa" free="115941376" total="115941376" percent="100" />
    </mem>
    <remembered-set count="188879" />
  </mem-info>
</gc-start>
<allocation-stats totalBytes="688580096" >
  <allocated-bytes non-tlh="31916600" tlh="656663496" />
  <largest-consumer threadName="Group1.Backend.CompositeBackend{Tier1}.4" threadId="000000000086B500" bytes="107621744" />
</allocation-stats>
<gc-op id="2105" type="scavenge" timems="140.559" contextid="2102" timestamp="2020-09-11T12:42:10.309">
  <scavenger-info tenureage="3" tenuremask="7ff8" tiltratio="85" />
  <memory-copied type="nursery" objects="4233365" bytes="112903520" bytesdiscarded="166512" />
  <memory-copied type="tenure" objects="1079733" bytes="29042144" bytesdiscarded="9168" />
  <finalization candidates="1" enqueued="0" />
  <ownableSynchronizers candidates="17936" cleared="11500" />
  <references type="soft" candidates="3665" cleared="0" enqueued="0" dynamicThreshold="13" maxThreshold="32" />
  <references type="weak" candidates="113" cleared="113" enqueued="0" />
  <heap-resize type="expand" space="tenure" amount="31457280" count="30" timems="11.153" reason="continue current collection" />
</gc-op>
<gc-end id="2106" type="scavenge" contextid="2102" durationms="141.947" usertimems="1032.260" systemtimems="9.988" timestamp="2020-09-11T12:42:10.310" activeThreads="8">
  <mem-info id="2107" free="810224376" total="2627272704" percent="30">
    <mem type="nursery" free="691757048" total="939524096" percent="73">
      <mem type="allocate" free="691757048" total="804913152" percent="85" />
      <mem type="survivor" free="0" total="134610944" percent="0" />
    </mem>
    <mem type="tenure" free="118467328" total="1687748608" percent="7" macro-fragmented="0">
      <mem type="soa" free="324352" total="1569605632" percent="0" />
      <mem type="loa" free="118142976" total="118142976" percent="100" />
    </mem>
    <remembered-set count="29832" />
  </mem-info>
</gc-end>
<cycle-end id="2108" type="scavenge" contextid="2102" timestamp="2020-09-11T12:42:10.312" />
<allocation-satisfied id="2109" threadId="0000000000789300" bytesRequested="16" />
<af-end id="2110" timestamp="2020-09-11T12:42:10.312" threadId="0000000000789C80" success="true" from="nursery"/>
<exclusive-end id="2111" timestamp="2020-09-11T12:42:10.312" durationms="145.245" />

<exclusive-start id="2112" timestamp="2020-09-11T12:42:12.160" intervalms="1993.266">
  <response-info timems="3.741" idlems="3.741" threads="0" lastid="000000000088BD00" lastname="Group1.Backend.CompositeBackend{Tier1}.7" />
</exclusive-start>
<af-start id="2113" threadId="000000000088C680" totalBytesRequested="32" timestamp="2020-09-11T12:42:12.161" intervalms="1993.019" type="nursery" />
<cycle-start id="2114" type="scavenge" contextid="0" timestamp="2020-09-11T12:42:12.161" intervalms="1993.014" />
<gc-start id="2115" type="scavenge" contextid="2114" timestamp="2020-09-11T12:42:12.161">
  <mem-info id="2116" free="118467328" total="2627272704" percent="4">
    <mem type="nursery" free="0" total="939524096" percent="0">
      <mem type="allocate" free="0" total="804913152" percent="0" />
      <mem type="survivor" free="0" total="134610944" percent="0" />
    </mem>
    <mem type="tenure" free="118467328" total="1687748608" percent="7">
      <mem type="soa" free="324352" total="1569605632" percent="0" />
      <mem type="loa" free="118142976" total="118142976" percent="100" />
    </mem>
    <remembered-set count="189320" />
  </mem-info>
</gc-start>
<allocation-stats totalBytes="691357632" >
  <allocated-bytes non-tlh="32795912" tlh="658561720" />
  <largest-consumer threadName="Group1.Backend.CompositeBackend{Tier1}.1" threadId="0000000000789300" bytes="105206256" />
</allocation-stats>
<gc-op id="2117" type="scavenge" timems="125.548" contextid="2114" timestamp="2020-09-11T12:42:12.287">
  <scavenger-info tenureage="3" tenuremask="7ff8" tiltratio="85" />
  <memory-copied type="nursery" objects="4484426" bytes="119227584" bytesdiscarded="163792" />
  <memory-copied type="tenure" objects="1078251" bytes="29024744" bytesdiscarded="10296" />
  <finalization candidates="1" enqueued="0" />
  <ownableSynchronizers candidates="17640" cleared="11600" />
  <references type="soft" candidates="3480" cleared="0" enqueued="0" dynamicThreshold="13" maxThreshold="32" />
  <references type="weak" candidates="103" cleared="103" enqueued="0" />
  <heap-resize type="expand" space="tenure" amount="31457280" count="30" timems="10.903" reason="continue current collection" />
</gc-op>
<gc-end id="2118" type="scavenge" contextid="2114" durationms="126.753" usertimems="902.577" systemtimems="0.000" timestamp="2020-09-11T12:42:12.288" activeThreads="8">
  <mem-info id="2119" free="801368528" total="2658729984" percent="30">
    <mem type="nursery" free="680586448" total="939524096" percent="72">
      <mem type="allocate" free="680586448" total="800063488" percent="85" />
      <mem type="survivor" free="0" total="139460608" percent="0" />
    </mem>
    <mem type="tenure" free="120782080" total="1719205888" percent="7" macro-fragmented="0">
      <mem type="soa" free="437504" total="1598861312" percent="0" />
      <mem type="loa" free="120344576" total="120344576" percent="100" />
    </mem>
    <remembered-set count="29489" />
  </mem-info>
</gc-end>
<cycle-end id="2120" type="scavenge" contextid="2114" timestamp="2020-09-11T12:42:12.290" />
<allocation-satisfied id="2121" threadId="000000000088BD00" bytesRequested="32" />
<af-end id="2122" timestamp="2020-09-11T12:42:12.290" threadId="000000000088C680" success="true" from="nursery"/>
<exclusive-end id="2123" timestamp="2020-09-11T12:42:12.290" durationms="130.609" />

<exclusive-start id="2124" timestamp="2020-09-11T12:42:14.152" intervalms="1992.660">
  <response-info timems="0.485" idlems="0.485" threads="0" lastid="000000000086A900" lastname="Group1.Backend.CompositeBackend{Tier1}.3" />
</exclusive-start>
<af-start id="2125" threadId="000000000086B280" totalBytesRequested="16" timestamp="2020-09-11T12:42:14.153" intervalms="1992.565" type="nursery" />
<cycle-start id="2126" type="scavenge" contextid="0" timestamp="2020-09-11T12:42:14.154" intervalms="1992.791" />
<gc-start id="2127" type="scavenge" contextid="2126" timestamp="2020-09-11T12:42:14.155">
  <mem-info id="2128" free="120782080" total="2658729984" percent="4">
    <mem type="nursery" free="0" total="939524096" percent="0">
      <mem type="allocate" free="0" total="800063488" percent="0" />
      <mem type="survivor" free="0" total="139460608" percent="0" />
    </mem>
    <mem type="tenure" free="120782080" total="1719205888" percent="7">
      <mem type="soa" free="437504" total="1598861312" percent="0" />
      <mem type="loa" free="120344576" total="120344576" percent="100" />
    </mem>
    <remembered-set count="187598" />
  </mem-info>
</gc-start>
<allocation-stats totalBytes="680179600" >
  <allocated-bytes non-tlh="34522496" tlh="645657104" />
  <largest-consumer threadName="Group1.Backend.CompositeBackend{Tier1}.1" threadId="0000000000789300" bytes="111412072" />
</allocation-stats>
<gc-op id="2129" type="scavenge" timems="104.553" contextid="2126" timestamp="2020-09-11T12:42:14.259">
  <scavenger-info tenureage="3" tenuremask="7ff8" tiltratio="85" />
  <memory-copied type="nursery" objects="4194333" bytes="111753304" bytesdiscarded="408864" />
  <memory-copied type="tenure" objects="1133193" bytes="30533024" bytesdiscarded="9776" />
  <finalization candidates="2" enqueued="0" />
  <ownableSynchronizers candidates="17363" cleared="11583" />
  <references type="soft" candidates="3339" cleared="0" enqueued="0" dynamicThreshold="13" maxThreshold="32" />
  <references type="weak" candidates="139" cleared="139" enqueued="0" />
  <heap-resize type="expand" space="tenure" amount="32505856" count="31" timems="8.006" reason="continue current collection" />
</gc-op>
<gc-end id="2130" type="scavenge" contextid="2126" durationms="105.864" usertimems="790.149" systemtimems="0.000" timestamp="2020-09-11T12:42:14.260" activeThreads="8">
  <mem-info id="2131" free="811695848" total="2691235840" percent="30">
    <mem type="nursery" free="688998632" total="939524096" percent="73">
      <mem type="allocate" free="688998632" total="801243136" percent="85" />
      <mem type="survivor" free="0" total="138280960" percent="0" />
    </mem>
    <mem type="tenure" free="122697216" total="1751711744" percent="7" macro-fragmented="0">
      <mem type="soa" free="77312" total="1629091840" percent="0" />
      <mem type="loa" free="122619904" total="122619904" percent="100" />
    </mem>
    <remembered-set count="31304" />
  </mem-info>
</gc-end>
<cycle-end id="2132" type="scavenge" contextid="2126" timestamp="2020-09-11T12:42:14.264" />
<allocation-satisfied id="2133" threadId="000000000086A900" bytesRequested="16" />
<af-end id="2134" timestamp="2020-09-11T12:42:14.264" threadId="000000000086B280" success="true" from="nursery"/>
<exclusive-end id="2135" timestamp="2020-09-11T12:42:14.264" durationms="111.697" />

<exclusive-start id="2136" timestamp="2020-09-11T12:42:16.187" intervalms="2034.521">
  <response-info timems="0.499" idlems="0.499" threads="0" lastid="000000000086B500" lastname="Group1.Backend.CompositeBackend{Tier1}.4" />
</exclusive-start>
<af-start id="2137" threadId="000000000086BE80" totalBytesRequested="24" timestamp="2020-09-11T12:42:16.188" intervalms="2034.530" type="nursery" />
<cycle-start id="2138" type="scavenge" contextid="0" timestamp="2020-09-11T12:42:16.188" intervalms="2034.268" />
<gc-start id="2139" type="scavenge" contextid="2138" timestamp="2020-09-11T12:42:16.188">
  <mem-info id="2140" free="122697216" total="2691235840" percent="4">
    <mem type="nursery" free="0" total="939524096" percent="0">
      <mem type="allocate" free="0" total="801243136" percent="0" />
      <mem type="survivor" free="0" total="138280960" percent="0" />
    </mem>
    <mem type="tenure" free="122697216" total="1751711744" percent="7">
      <mem type="soa" free="77312" total="1629091840" percent="0" />
      <mem type="loa" free="122619904" total="122619904" percent="100" />
    </mem>
    <remembered-set count="193290" />
  </mem-info>
</gc-start>
<allocation-stats totalBytes="688612912" >
  <allocated-bytes non-tlh="30812480" tlh="657800432" />
  <largest-consumer threadName="Group1.Backend.CompositeBackend{Tier1}.1" threadId="0000000000789300" bytes="95485816" />
</allocation-stats>
<gc-op id="2141" type="scavenge" timems="104.906" contextid="2138" timestamp="2020-09-11T12:42:16.293">
  <scavenger-info tenureage="3" tenuremask="7ff8" tiltratio="85" />
  <memory-copied type="nursery" objects="4218448" bytes="112198152" bytesdiscarded="191688" />
  <memory-copied type="tenure" objects="1084764" bytes="29199584" bytesdiscarded="8952" />
  <finalization candidates="2" enqueued="0" />
  <ownableSynchronizers candidates="17009" cleared="11418" />
  <references type="soft" candidates="3323" cleared="0" enqueued="0" dynamicThreshold="13" maxThreshold="32" />
  <references type="weak" candidates="119" cleared="119" enqueued="0" />
  <heap-resize type="expand" space="tenure" amount="31457280" count="30" timems="10.079" reason="continue current collection" />
</gc-op>
<gc-end id="2142" type="scavenge" contextid="2138" durationms="106.290" usertimems="823.449" systemtimems="0.000" timestamp="2020-09-11T12:42:16.294" activeThreads="8">
  <mem-info id="2143" free="816128760" total="2722693120" percent="29">
    <mem type="nursery" free="691190776" total="939524096" percent="73">
      <mem type="allocate" free="691190776" total="803667968" percent="86" />
      <mem type="survivor" free="0" total="135856128" percent="0" />
    </mem>
    <mem type="tenure" free="124937984" total="1783169024" percent="7" macro-fragmented="0">
      <mem type="soa" free="115456" total="1658346496" percent="0" />
      <mem type="loa" free="124822528" total="124822528" percent="100" />
    </mem>
    <remembered-set count="32893" />
  </mem-info>
</gc-end>
<cycle-end id="2144" type="scavenge" contextid="2138" timestamp="2020-09-11T12:42:16.298" />
<allocation-satisfied id="2145" threadId="000000000086B500" bytesRequested="24" />
<af-end id="2146" timestamp="2020-09-11T12:42:16.298" threadId="000000000086BE80" success="true" from="nursery"/>
<exclusive-end id="2147" timestamp="2020-09-11T12:42:16.298" durationms="111.214" />

<exclusive-start id="2148" timestamp="2020-09-11T12:42:18.198" intervalms="2011.473">
  <response-info timems="0.485" idlems="0.485" threads="0" lastid="0000000000785700" lastname="Group1.Backend.CompositeBackend{Tier1}.2" />
</exclusive-start>
<af-start id="2149" threadId="0000000000786080" totalBytesRequested="32" timestamp="2020-09-11T12:42:18.199" intervalms="2011.513" type="nursery" />
<cycle-start id="2150" type="scavenge" contextid="0" timestamp="2020-09-11T12:42:18.199" intervalms="2011.532" />
<gc-start id="2151" type="scavenge" contextid="2150" timestamp="2020-09-11T12:42:18.200">
  <mem-info id="2152" free="124937984" total="2722693120" percent="4">
    <mem type="nursery" free="0" total="939524096" percent="0">
      <mem type="allocate" free="0" total="803667968" percent="0" />
      <mem type="survivor" free="0" total="135856128" percent="0" />
    </mem>
    <mem type="tenure" free="124937984" total="1783169024" percent="7">
      <mem type="soa" free="115456" total="1658346496" percent="0" />
      <mem type="loa" free="124822528" total="124822528" percent="100" />
    </mem>
    <remembered-set count="192441" />
  </mem-info>
</gc-start>
<allocation-stats totalBytes="690800512" >
  <allocated-bytes non-tlh="32903112" tlh="657897400" />
  <largest-consumer threadName="Group1.Backend.CompositeBackend{Tier1}.8" threadId="00000000008D4B00" bytes="109131928" />
</allocation-stats>
<gc-op id="2153" type="scavenge" timems="112.671" contextid="2150" timestamp="2020-09-11T12:42:18.312">
  <scavenger-info tenureage="3" tenuremask="7ff8" tiltratio="85" />
  <memory-copied type="nursery" objects="4012543" bytes="107652816" bytesdiscarded="171832" />
  <memory-copied type="tenure" objects="1079810" bytes="29053120" bytesdiscarded="8896" />
  <finalization candidates="1" enqueued="0" />
  <ownableSynchronizers candidates="15481" cleared="10065" />
  <references type="soft" candidates="3183" cleared="0" enqueued="0" dynamicThreshold="13" maxThreshold="32" />
  <references type="weak" candidates="103" cleared="103" enqueued="0" />
  <heap-resize type="expand" space="tenure" amount="31457280" count="30" timems="10.839" reason="continue current collection" />
</gc-op>
<gc-end id="2154" type="scavenge" contextid="2150" durationms="114.810" usertimems="805.901" systemtimems="20.165" timestamp="2020-09-11T12:42:18.314" activeThreads="8">
  <mem-info id="2155" free="825297920" total="2754150400" percent="29">
    <mem type="nursery" free="697788672" total="939524096" percent="74">
      <mem type="allocate" free="697788672" total="805699584" percent="86" />
      <mem type="survivor" free="0" total="133824512" percent="0" />
    </mem>
    <mem type="tenure" free="127509248" total="1814626304" percent="7" macro-fragmented="0">
      <mem type="soa" free="485120" total="1687602176" percent="0" />
      <mem type="loa" free="127024128" total="127024128" percent="100" />
    </mem>
    <remembered-set count="33428" />
  </mem-info>
</gc-end>
<cycle-end id="2156" type="scavenge" contextid="2150" timestamp="2020-09-11T12:42:18.317" />
<allocation-satisfied id="2157" threadId="0000000000785700" bytesRequested="32" />
<af-end id="2158" timestamp="2020-09-11T12:42:18.317" threadId="0000000000786080" success="true" from="nursery"/>
<exclusive-end id="2159" timestamp="2020-09-11T12:42:18.318" durationms="119.331" />

<exclusive-start id="2160" timestamp="2020-09-11T12:42:20.373" intervalms="2174.680">
  <response-info timems="0.430" idlems="0.219" threads="1" lastid="00000000008D4B00" lastname="Group1.Backend.CompositeBackend{Tier1}.8" />
</exclusive-start>
<af-start id="2161" threadId="000000000088F780" totalBytesRequested="40" timestamp="2020-09-11T12:42:20.374" intervalms="2174.650" type="nursery" />
<cycle-start id="2162" type="scavenge" contextid="0" timestamp="2020-09-11T12:42:20.374" intervalms="2174.649" />
<gc-start id="2163" type="scavenge" contextid="2162" timestamp="2020-09-11T12:42:20.374">
  <mem-info id="2164" free="127509248" total="2754150400" percent="4">
    <mem type="nursery" free="0" total="939524096" percent="0">
      <mem type="allocate" free="0" total="805699584" percent="0" />
      <mem type="survivor" free="0" total="133824512" percent="0" />
    </mem>
    <mem type="tenure" free="127509248" total="1814626304" percent="7">
      <mem type="soa" free="485120" total="1687602176" percent="0" />
      <mem type="loa" free="127024128" total="127024128" percent="100" />
    </mem>
    <remembered-set count="196729" />
  </mem-info>
</gc-start>
<allocation-stats totalBytes="697387416" >
  <allocated-bytes non-tlh="28186664" tlh="669200752" />
  <largest-consumer threadName="Group1.Backend.CompositeBackend{Tier1}.7" threadId="000000000088BD00" bytes="113506632" />
</allocation-stats>
<gc-op id="2165" type="scavenge" timems="116.877" contextid="2162" timestamp="2020-09-11T12:42:20.491">
  <scavenger-info tenureage="3" tenuremask="7ff8" tiltratio="85" />
  <memory-copied type="nursery" objects="4110624" bytes="110253232" bytesdiscarded="241120" />
  <memory-copied type="tenure" objects="1065063" bytes="28637752" bytesdiscarded="6976" />
  <finalization candidates="1" enqueued="0" />
  <ownableSynchronizers candidates="15367" cleared="10131" />
  <references type="soft" candidates="3069" cleared="0" enqueued="0" dynamicThreshold="13" maxThreshold="32" />
  <references type="weak" candidates="113" cleared="113" enqueued="0" />
  <heap-resize type="expand" space="tenure" amount="31457280" count="30" timems="9.976" reason="continue current collection" />
</gc-op>
<gc-end id="2166" type="scavenge" contextid="2162" durationms="117.972" usertimems="884.711" systemtimems="8.688" timestamp="2020-09-11T12:42:20.492" activeThreads="8">
  <mem-info id="2167" free="826720512" total="2785607680" percent="29">
    <mem type="nursery" free="696619520" total="939524096" percent="74">
      <mem type="allocate" free="696619520" total="807206912" percent="86" />
      <mem type="survivor" free="0" total="132317184" percent="0" />
    </mem>
    <mem type="tenure" free="130100992" total="1846083584" percent="7" macro-fragmented="0">
      <mem type="soa" free="874240" total="1716856832" percent="0" />
      <mem type="loa" free="129226752" total="129226752" percent="100" />
    </mem>
    <remembered-set count="32136" />
  </mem-info>
</gc-end>
<cycle-end id="2168" type="scavenge" contextid="2162" timestamp="2020-09-11T12:42:20.494" />
<allocation-satisfied id="2169" threadId="000000000088EE00" bytesRequested="40" />
<af-end id="2170" timestamp="2020-09-11T12:42:20.494" threadId="000000000088F780" success="true" from="nursery"/>
<exclusive-end id="2171" timestamp="2020-09-11T12:42:20.495" durationms="121.694" />

<exclusive-start id="2172" timestamp="2020-09-11T12:42:22.316" intervalms="1942.663">
  <response-info timems="2.966" idlems="2.966" threads="0" lastid="0000000000789300" lastname="Group1.Backend.CompositeBackend{Tier1}.1" />
</exclusive-start>
<af-start id="2173" threadId="0000000000789C80" totalBytesRequested="16" timestamp="2020-09-11T12:42:22.317" intervalms="1942.757" type="nursery" />
<percolate-collect id="2174" from="nursery" to="global" reason="met projected tenure max free" timestamp="2020-09-11T12:42:22.317"/>
<cycle-start id="2175" type="global" contextid="0" timestamp="2020-09-11T12:42:22.317" intervalms="67134.091" />
<gc-start id="2176" type="global" contextid="2175" timestamp="2020-09-11T12:42:22.318">
  <mem-info id="2177" free="130100992" total="2785607680" percent="4">
    <mem type="nursery" free="0" total="939524096" percent="0">
      <mem type="allocate" free="0" total="807206912" percent="0" />
      <mem type="survivor" free="0" total="132317184" percent="0" />
    </mem>
    <mem type="tenure" free="130100992" total="1846083584" percent="7">
      <mem type="soa" free="874240" total="1716856832" percent="0" />
      <mem type="loa" free="129226752" total="129226752" percent="100" />
    </mem>
    <remembered-set count="190888" />
  </mem-info>
</gc-start>
<allocation-stats totalBytes="696237848" >
  <allocated-bytes non-tlh="36633672" tlh="659604176" />
  <largest-consumer threadName="Group1.Backend.CompositeBackend{Tier1}.7" threadId="000000000088BD00" bytes="108550936" />
</allocation-stats>
<gc-op id="2178" type="mark" timems="550.515" contextid="2175" timestamp="2020-09-11T12:42:22.868">
  <trace-info objectcount="30313501" scancount="29337863" scanbytes="802111828" />
  <finalization candidates="145" enqueued="0" />
  <ownableSynchronizers candidates="564758" cleared="9900" />
  <references type="soft" candidates="671749" cleared="0" enqueued="0" dynamicThreshold="13" maxThreshold="32" />
  <references type="weak" candidates="4651" cleared="378" enqueued="270" />
  <references type="phantom" candidates="107" cleared="0" enqueued="0" />
  <stringconstants candidates="11049" cleared="148"  />
</gc-op>
<gc-op id="2179" type="classunload" timems="1.751" contextid="2175" timestamp="2020-09-11T12:42:22.870">
  <classunload-info classloadercandidates="172" classloadersunloaded="1" classesunloaded="1" anonymousclassesunloaded="0" quiescems="0.000" setupms="1.725" scanms="0.021" postms="0.005" />
</gc-op>
<gc-op id="2180" type="sweep" timems="15.574" contextid="2175" timestamp="2020-09-11T12:42:22.886" />
<gc-end id="2181" type="global" contextid="2175" durationms="569.148" usertimems="4216.532" systemtimems="0.000" timestamp="2020-09-11T12:42:22.886" activeThreads="8">
  <mem-info id="2182" free="1710872624" total="2785607680" percent="61">
    <mem type="nursery" free="610747944" total="939524096" percent="65">
      <mem type="allocate" free="610747944" total="807206912" percent="75" />
      <mem type="survivor" free="0" total="132317184" percent="0" />
    </mem>
    <mem type="tenure" free="1100124680" total="1846083584" percent="59" micro-fragmented="17266287" macro-fragmented="2621480">
      <mem type="soa" free="970897928" total="1716856832" percent="56" />
      <mem type="loa" free="129226752" total="129226752" percent="100" />
    </mem>
    <pending-finalizers system="0" default="0" reference="270" classloader="0" />
    <remembered-set count="185057" />
  </mem-info>
</gc-end>
<cycle-end id="2183" type="global" contextid="2175" timestamp="2020-09-11T12:42:22.887" />
<allocation-satisfied id="2184" threadId="0000000000789300" bytesRequested="16" />
<af-end id="2185" timestamp="2020-09-11T12:42:22.887" threadId="0000000000789C80" success="true" from="nursery"/>
<exclusive-end id="2186" timestamp="2020-09-11T12:42:22.887" durationms="571.744" />

<exclusive-start id="2187" timestamp="2020-09-11T12:42:24.058" intervalms="1742.207">
  <response-info timems="2.996" idlems="2.996" threads="0" lastid="000000000088EE00" lastname="Group1.Backend.CompositeBackend{Tier1}.5" />
</exclusive-start>
<af-start id="2188" threadId="000000000088F780" totalBytesRequested="267648" timestamp="2020-09-11T12:42:24.059" intervalms="1742.134" type="nursery" />
<cycle-start id="2189" type="scavenge" contextid="0" timestamp="2020-09-11T12:42:24.059" intervalms="3684.889" />
<gc-start id="2190" type="scavenge" contextid="2189" timestamp="2020-09-11T12:42:24.059">
  <mem-info id="2191" free="1125112624" total="2785607680" percent="40">
    <mem type="nursery" free="24987992" total="939524096" percent="2">
      <mem type="allocate" free="24987992" total="807206912" percent="3" />
      <mem type="survivor" free="0" total="132317184" percent="0" />
    </mem>
    <mem type="tenure" free="1100124632" total="1846083584" percent="59">
      <mem type="soa" free="970897880" total="1716856832" percent="56" />
      <mem type="loa" free="129226752" total="129226752" percent="100" />
    </mem>
    <remembered-set count="240087" />
  </mem-info>
</gc-start>
<allocation-stats totalBytes="583444008" >
  <allocated-bytes non-tlh="28654264" tlh="554789744" />
  <largest-consumer threadName="Group1.Backend.CompositeBackend{Tier1}.4" threadId="000000000086B500" bytes="87452248" />
</allocation-stats>
<gc-op id="2192" type="scavenge" timems="185.631" contextid="2189" timestamp="2020-09-11T12:42:24.245">
  <scavenger-info tenureage="3" tenuremask="7ff8" tiltratio="85" />
  <memory-copied type="nursery" objects="4938841" bytes="132136200" bytesdiscarded="33280" />
  <memory-copied type="tenure" objects="1242916" bytes="33049464" bytesdiscarded="42320" />
  <copy-failed type="nursery" objects="232369" bytes="5892064" />
  <ownableSynchronizers candidates="1118781" cleared="1112768" />
  <references type="soft" candidates="3338" cleared="0" enqueued="0" dynamicThreshold="19" maxThreshold="32" />
  <references type="weak" candidates="108" cleared="108" enqueued="0" />
</gc-op>
<gc-end id="2193" type="scavenge" contextid="2189" durationms="186.868" usertimems="1334.490" systemtimems="20.225" timestamp="2020-09-11T12:42:24.246" activeThreads="8">
  <mem-info id="2194" free="1688279448" total="2785607680" percent="60">
    <mem type="nursery" free="621477888" total="939524096" percent="66">
      <mem type="allocate" free="621477888" total="753795072" percent="82" />
      <mem type="survivor" free="0" total="185729024" percent="0" />
    </mem>
    <mem type="tenure" free="1066801560" total="1846083584" percent="57" macro-fragmented="3145752">
      <mem type="soa" free="937574808" total="1716856832" percent="54" />
      <mem type="loa" free="129226752" total="129226752" percent="100" />
    </mem>
    <remembered-set count="39917" />
  </mem-info>
</gc-end>
<cycle-end id="2195" type="scavenge" contextid="2189" timestamp="2020-09-11T12:42:24.247" />
<allocation-satisfied id="2196" threadId="000000000088EE00" bytesRequested="267648" />
<af-end id="2197" timestamp="2020-09-11T12:42:24.247" threadId="000000000088F780" success="true" from="nursery"/>
<exclusive-end id="2198" timestamp="2020-09-11T12:42:24.247" durationms="189.089" />

<exclusive-start id="2199" timestamp="2020-09-11T12:42:25.894" intervalms="1835.699">
  <response-info timems="1.362" idlems="0.689" threads="1" lastid="00000000008D4B00" lastname="Group1.Backend.CompositeBackend{Tier1}.8" />
</exclusive-start>
<af-start id="2200" threadId="000000000086B280" totalBytesRequested="520" timestamp="2020-09-11T12:42:25.894" intervalms="1835.612" type="nursery" />
<cycle-start id="2201" type="scavenge" contextid="0" timestamp="2020-09-11T12:42:25.894" intervalms="1835.608" />
<gc-start id="2202" type="scavenge" contextid="2201" timestamp="2020-09-11T12:42:25.895">
  <mem-info id="2203" free="1066801560" total="2785607680" percent="38">
    <mem type="nursery" free="0" total="939524096" percent="0">
      <mem type="allocate" free="0" total="753795072" percent="0" />
      <mem type="survivor" free="0" total="185729024" percent="0" />
    </mem>
    <mem type="tenure" free="1066801560" total="1846083584" percent="57">
      <mem type="soa" free="937574808" total="1716856832" percent="54" />
      <mem type="loa" free="129226752" total="129226752" percent="100" />
    </mem>
    <remembered-set count="192840" />
  </mem-info>
</gc-start>
<allocation-stats totalBytes="621101536" >
  <allocated-bytes non-tlh="29550072" tlh="591551464" />
  <largest-consumer threadName="Group1.Backend.CompositeBackend{Tier1}.2" threadId="0000000000785700" bytes="93856976" />
</allocation-stats>
<gc-op id="2204" type="scavenge" timems="123.271" contextid="2201" timestamp="2020-09-11T12:42:26.018">
  <scavenger-info tenureage="3" tenuremask="7ff8" tiltratio="80" />
  <memory-copied type="nursery" objects="4746619" bytes="127863424" bytesdiscarded="171656" />
  <memory-copied type="tenure" objects="938020" bytes="25323328" bytesdiscarded="26400" />
  <ownableSynchronizers candidates="12359" cleared="7227" />
  <references type="soft" candidates="3125" cleared="0" enqueued="0" dynamicThreshold="19" maxThreshold="32" />
  <references type="weak" candidates="113" cleared="113" enqueued="0" />
</gc-op>
<gc-end id="2205" type="scavenge" contextid="2201" durationms="124.532" usertimems="914.111" systemtimems="10.412" timestamp="2020-09-11T12:42:26.019" activeThreads="8">
  <mem-info id="2206" free="1673154304" total="2785607680" percent="60">
    <mem type="nursery" free="631897856" total="939524096" percent="67">
      <mem type="allocate" free="631897856" total="760020992" percent="83" />
      <mem type="survivor" free="0" total="179503104" percent="0" />
    </mem>
    <mem type="tenure" free="1041256448" total="1846083584" percent="56" macro-fragmented="242284">
      <mem type="soa" free="912029696" total="1716856832" percent="53" />
      <mem type="loa" free="129226752" total="129226752" percent="100" />
    </mem>
    <remembered-set count="39436" />
  </mem-info>
</gc-end>
<cycle-end id="2207" type="scavenge" contextid="2201" timestamp="2020-09-11T12:42:26.021" />
<allocation-satisfied id="2208" threadId="000000000086A900" bytesRequested="520" />
<af-end id="2209" timestamp="2020-09-11T12:42:26.021" threadId="000000000086B280" success="true" from="nursery"/>
<exclusive-end id="2210" timestamp="2020-09-11T12:42:26.021" durationms="127.091" />

<exclusive-start id="2211" timestamp="2020-09-11T12:42:27.831" intervalms="1937.326">
  <response-info timems="0.532" idlems="0.532" threads="0" lastid="000000000086B500" lastname="Group1.Backend.CompositeBackend{Tier1}.4" />
</exclusive-start>
<af-start id="2212" threadId="000000000086BE80" totalBytesRequested="24" timestamp="2020-09-11T12:42:27.832" intervalms="1937.878" type="nursery" />
<cycle-start id="2213" type="scavenge" contextid="0" timestamp="2020-09-11T12:42:27.833" intervalms="1938.382" />
<gc-start id="2214" type="scavenge" contextid="2213" timestamp="2020-09-11T12:42:27.833">
  <mem-info id="2215" free="1041256448" total="2785607680" percent="37">
    <mem type="nursery" free="0" total="939524096" percent="0">
      <mem type="allocate" free="0" total="760020992" percent="0" />
      <mem type="survivor" free="0" total="179503104" percent="0" />
    </mem>
    <mem type="tenure" free="1041256448" total="1846083584" percent="56">
      <mem type="soa" free="912029696" total="1716856832" percent="53" />
      <mem type="loa" free="129226752" total="129226752" percent="100" />
    </mem>
    <remembered-set count="194922" />
  </mem-info>
</gc-start>
<allocation-stats totalBytes="631512152" >
  <allocated-bytes non-tlh="26301880" tlh="605210272" />
  <largest-consumer threadName="Group1.Backend.CompositeBackend{Tier1}.2" threadId="0000000000785700" bytes="98337512" />
</allocation-stats>
<gc-op id="2216" type="scavenge" timems="137.059" contextid="2213" timestamp="2020-09-11T12:42:27.970">
  <scavenger-info tenureage="3" tenuremask="7ff8" tiltratio="80" />
  <memory-copied type="nursery" objects="4780299" bytes="128403464" bytesdiscarded="263848" />
  <memory-copied type="tenure" objects="982171" bytes="26523248" bytesdiscarded="22448" />
  <ownableSynchronizers candidates="13064" cleared="8118" />
  <references type="soft" candidates="2995" cleared="0" enqueued="0" dynamicThreshold="19" maxThreshold="32" />
  <references type="weak" candidates="107" cleared="107" enqueued="0" />
</gc-op>
<gc-end id="2217" type="scavenge" contextid="2213" durationms="138.935" usertimems="1012.115" systemtimems="13.268" timestamp="2020-09-11T12:42:27.972" activeThreads="8">
  <mem-info id="2218" free="1653059464" total="2785607680" percent="59">
    <mem type="nursery" free="638280696" total="939524096" percent="67">
      <mem type="allocate" free="638280696" total="767033344" percent="83" />
      <mem type="survivor" free="0" total="172490752" percent="0" />
    </mem>
    <mem type="tenure" free="1014778768" total="1846083584" percent="54" macro-fragmented="0">
      <mem type="soa" free="885552016" total="1716856832" percent="51" />
      <mem type="loa" free="129226752" total="129226752" percent="100" />
    </mem>
    <remembered-set count="39244" />
  </mem-info>
</gc-end>
<cycle-end id="2219" type="scavenge" contextid="2213" timestamp="2020-09-11T12:42:27.973" />
<allocation-satisfied id="2220" threadId="000000000086B500" bytesRequested="24" />
<af-end id="2221" timestamp="2020-09-11T12:42:27.973" threadId="000000000086BE80" success="true" from="nursery"/>
<exclusive-end id="2222" timestamp="2020-09-11T12:42:27.973" durationms="142.581" />

<exclusive-start id="2223" timestamp="2020-09-11T12:42:29.707" intervalms="1876.119">
  <response-info timems="5.567" idlems="5.567" threads="0" lastid="000000000086A900" lastname="Group1.Backend.CompositeBackend{Tier1}.3" />
</exclusive-start>
<af-start id="2224" threadId="000000000086B280" totalBytesRequested="32" timestamp="2020-09-11T12:42:29.708" intervalms="1875.882" type="nursery" />
<cycle-start id="2225" type="scavenge" contextid="0" timestamp="2020-09-11T12:42:29.708" intervalms="1875.411" />
<gc-start id="2226" type="scavenge" contextid="2225" timestamp="2020-09-11T12:42:29.709">
  <mem-info id="2227" free="1014778768" total="2785607680" percent="36">
    <mem type="nursery" free="0" total="939524096" percent="0">
      <mem type="allocate" free="0" total="767033344" percent="0" />
      <mem type="survivor" free="0" total="172490752" percent="0" />
    </mem>
    <mem type="tenure" free="1014778768" total="1846083584" percent="54">
      <mem type="soa" free="885552016" total="1716856832" percent="51" />
      <mem type="loa" free="129226752" total="129226752" percent="100" />
    </mem>
    <remembered-set count="192184" />
  </mem-info>
</gc-start>
<allocation-stats totalBytes="637931704" >
  <allocated-bytes non-tlh="32012024" tlh="605919680" />
  <largest-consumer threadName="Group1.Backend.CompositeBackend{Tier1}.2" threadId="0000000000785700" bytes="111812400" />
</allocation-stats>
<gc-op id="2228" type="scavenge" timems="151.971" contextid="2225" timestamp="2020-09-11T12:42:29.861">
  <scavenger-info tenureage="3" tenuremask="7ff8" tiltratio="81" />
  <memory-copied type="nursery" objects="3849387" bytes="103328648" bytesdiscarded="119160" />
  <memory-copied type="tenure" objects="1913859" bytes="51629104" bytesdiscarded="38032" />
  <ownableSynchronizers candidates="12766" cleared="8019" />
  <references type="soft" candidates="2299" cleared="0" enqueued="0" dynamicThreshold="19" maxThreshold="32" />
  <references type="weak" candidates="118" cleared="118" enqueued="0" />
</gc-op>
<gc-end id="2229" type="scavenge" contextid="2225" durationms="153.360" usertimems="1039.265" systemtimems="15.561" timestamp="2020-09-11T12:42:29.862" activeThreads="8">
  <mem-info id="2230" free="1632354112" total="2785607680" percent="58">
    <mem type="nursery" free="669209528" total="939524096" percent="71">
      <mem type="allocate" free="669209528" total="772734976" percent="86" />
      <mem type="survivor" free="0" total="166789120" percent="0" />
    </mem>
    <mem type="tenure" free="963144584" total="1846083584" percent="52" macro-fragmented="0">
      <mem type="soa" free="833917832" total="1716856832" percent="48" />
      <mem type="loa" free="129226752" total="129226752" percent="100" />
    </mem>
    <remembered-set count="29678" />
  </mem-info>
</gc-end>
<cycle-end id="2231" type="scavenge" contextid="2225" timestamp="2020-09-11T12:42:29.863" />
<allocation-satisfied id="2232" threadId="000000000086A900" bytesRequested="32" />
<af-end id="2233" timestamp="2020-09-11T12:42:29.863" threadId="000000000086B280" success="true" from="nursery"/>
<exclusive-end id="2234" timestamp="2020-09-11T12:42:29.863" durationms="156.223" />

<exclusive-start id="2235" timestamp="2020-09-11T12:42:31.813" intervalms="2106.284">
  <response-info timems="1.110" idlems="0.542" threads="2" lastid="0000000000785700" lastname="Group1.Backend.CompositeBackend{Tier1}.2" />
</exclusive-start>
<af-start id="2236" threadId="0000000000A66E80" totalBytesRequested="48" timestamp="2020-09-11T12:42:31.814" intervalms="2105.833" type="nursery" />
<cycle-start id="2237" type="scavenge" contextid="0" timestamp="2020-09-11T12:42:31.814" intervalms="2105.781" />
<gc-start id="2238" type="scavenge" contextid="2237" timestamp="2020-09-11T12:42:31.815">
  <mem-info id="2239" free="963144584" total="2785607680" percent="34">
    <mem type="nursery" free="0" total="939524096" percent="0">
      <mem type="allocate" free="0" total="772734976" percent="0" />
      <mem type="survivor" free="0" total="166789120" percent="0" />
    </mem>
    <mem type="tenure" free="963144584" total="1846083584" percent="52">
      <mem type="soa" free="833917832" total="1716856832" percent="48" />
      <mem type="loa" free="129226752" total="129226752" percent="100" />
    </mem>
    <remembered-set count="190773" />
  </mem-info>
</gc-start>
<allocation-stats totalBytes="668813760" >
  <allocated-bytes non-tlh="28344432" tlh="640469328" />
  <largest-consumer threadName="Group1.Backend.CompositeBackend{Tier1}.6" threadId="000000000089DB00" bytes="104033864" />
</allocation-stats>
<gc-op id="2240" type="scavenge" timems="109.756" contextid="2237" timestamp="2020-09-11T12:42:31.924">
  <scavenger-info tenureage="3" tenuremask="7ff8" tiltratio="82" />
  <memory-copied type="nursery" objects="3835931" bytes="103040048" bytesdiscarded="197040" />
  <memory-copied type="tenure" objects="1013147" bytes="27381824" bytesdiscarded="30632" />
  <ownableSynchronizers candidates="11453" cleared="7689" />
  <references type="soft" candidates="2349" cleared="0" enqueued="0" dynamicThreshold="19" maxThreshold="32" />
  <references type="weak" candidates="118" cleared="117" enqueued="0" />
</gc-op>
<gc-end id="2241" type="scavenge" contextid="2237" durationms="111.257" usertimems="816.748" systemtimems="0.012" timestamp="2020-09-11T12:42:31.925" activeThreads="8">
  <mem-info id="2242" free="1615368528" total="2785607680" percent="57">
    <mem type="nursery" free="679634176" total="939524096" percent="72">
      <mem type="allocate" free="679634176" total="782958592" percent="86" />
      <mem type="survivor" free="0" total="156565504" percent="0" />
    </mem>
    <mem type="tenure" free="935734352" total="1846083584" percent="50" macro-fragmented="0">
      <mem type="soa" free="806507600" total="1716856832" percent="46" />
      <mem type="loa" free="129226752" total="129226752" percent="100" />
    </mem>
    <remembered-set count="29984" />
  </mem-info>
</gc-end>
<cycle-end id="2243" type="scavenge" contextid="2237" timestamp="2020-09-11T12:42:31.926" />
<allocation-satisfied id="2244" threadId="0000000000A66500" bytesRequested="48" />
<af-end id="2245" timestamp="2020-09-11T12:42:31.927" threadId="0000000000A66E80" success="true" from="nursery"/>
<exclusive-end id="2246" timestamp="2020-09-11T12:42:31.927" durationms="113.312" />

<exclusive-start id="2247" timestamp="2020-09-11T12:42:33.755" intervalms="1941.265">
  <response-info timems="2.110" idlems="2.110" threads="0" lastid="000000000086A900" lastname="Group1.Backend.CompositeBackend{Tier1}.3" />
</exclusive-start>
<af-start id="2248" threadId="000000000086B280" totalBytesRequested="16" timestamp="2020-09-11T12:42:33.756" intervalms="1941.661" type="nursery" />
<cycle-start id="2249" type="scavenge" contextid="0" timestamp="2020-09-11T12:42:33.756" intervalms="1941.726" />
<gc-start id="2250" type="scavenge" contextid="2249" timestamp="2020-09-11T12:42:33.756">
  <mem-info id="2251" free="935732560" total="2785607680" percent="33">
    <mem type="nursery" free="0" total="939524096" percent="0">
      <mem type="allocate" free="0" total="782958592" percent="0" />
      <mem type="survivor" free="0" total="156565504" percent="0" />
    </mem>
    <mem type="tenure" free="935732560" total="1846083584" percent="50">
      <mem type="soa" free="806505808" total="1716856832" percent="46" />
      <mem type="loa" free="129226752" total="129226752" percent="100" />
    </mem>
    <remembered-set count="188452" />
  </mem-info>
</gc-start>
<allocation-stats totalBytes="679232368" >
  <allocated-bytes non-tlh="30467376" tlh="648764992" />
  <largest-consumer threadName="Group1.Backend.CompositeBackend{Tier1}.8" threadId="00000000008D4B00" bytes="90702840" />
</allocation-stats>
<gc-op id="2252" type="scavenge" timems="123.701" contextid="2249" timestamp="2020-09-11T12:42:33.880">
  <scavenger-info tenureage="3" tenuremask="7ff8" tiltratio="83" />
  <memory-copied type="nursery" objects="4206976" bytes="111683176" bytesdiscarded="169680" />
  <memory-copied type="tenure" objects="1037430" bytes="27900288" bytesdiscarded="20152" />
  <ownableSynchronizers candidates="12885" cleared="9075" />
  <references type="soft" candidates="2278" cleared="0" enqueued="0" dynamicThreshold="19" maxThreshold="32" />
  <references type="weak" candidates="120" cleared="113" enqueued="1" />
</gc-op>
<gc-end id="2253" type="scavenge" contextid="2249" durationms="124.843" usertimems="940.340" systemtimems="0.000" timestamp="2020-09-11T12:42:33.881" activeThreads="8">
  <mem-info id="2254" free="1582993512" total="2785607680" percent="56">
    <mem type="nursery" free="675347144" total="939524096" percent="71">
      <mem type="allocate" free="675347144" total="787283968" percent="85" />
      <mem type="survivor" free="0" total="152240128" percent="0" />
    </mem>
    <mem type="tenure" free="907646368" total="1846083584" percent="49" macro-fragmented="0">
      <mem type="soa" free="778419616" total="1716856832" percent="45" />
      <mem type="loa" free="129226752" total="129226752" percent="100" />
    </mem>
    <pending-finalizers system="0" default="0" reference="1" classloader="0" />
    <remembered-set count="29172" />
  </mem-info>
</gc-end>
<cycle-end id="2255" type="scavenge" contextid="2249" timestamp="2020-09-11T12:42:33.883" />
<allocation-satisfied id="2256" threadId="000000000086A900" bytesRequested="16" />
<af-end id="2257" timestamp="2020-09-11T12:42:33.883" threadId="000000000086B280" success="true" from="nursery"/>
<exclusive-end id="2258" timestamp="2020-09-11T12:42:33.883" durationms="128.471" />

<exclusive-start id="2259" timestamp="2020-09-11T12:42:35.803" intervalms="2048.100">
  <response-info timems="0.597" idlems="0.548" threads="1" lastid="000000000088BD00" lastname="Group1.Backend.CompositeBackend{Tier1}.7" />
</exclusive-start>
<af-start id="2260" threadId="000000000086BE80" totalBytesRequested="120" timestamp="2020-09-11T12:42:35.804" intervalms="2048.019" type="nursery" />
<cycle-start id="2261" type="scavenge" contextid="0" timestamp="2020-09-11T12:42:35.804" intervalms="2048.018" />
<gc-start id="2262" type="scavenge" contextid="2261" timestamp="2020-09-11T12:42:35.804">
  <mem-info id="2263" free="907646368" total="2785607680" percent="32">
    <mem type="nursery" free="0" total="939524096" percent="0">
      <mem type="allocate" free="0" total="787283968" percent="0" />
      <mem type="survivor" free="0" total="152240128" percent="0" />
    </mem>
    <mem type="tenure" free="907646368" total="1846083584" percent="49">
      <mem type="soa" free="778419616" total="1716856832" percent="45" />
      <mem type="loa" free="129226752" total="129226752" percent="100" />
    </mem>
    <remembered-set count="190552" />
  </mem-info>
</gc-start>
<allocation-stats totalBytes="674960896" >
  <allocated-bytes non-tlh="29756104" tlh="645204792" />
  <largest-consumer threadName="Group1.Backend.CompositeBackend{Tier1}.2" threadId="0000000000785700" bytes="99937160" />
</allocation-stats>
<gc-op id="2264" type="scavenge" timems="101.721" contextid="2261" timestamp="2020-09-11T12:42:35.906">
  <scavenger-info tenureage="3" tenuremask="7ff8" tiltratio="83" />
  <memory-copied type="nursery" objects="4074877" bytes="108966000" bytesdiscarded="215776" />
  <memory-copied type="tenure" objects="977761" bytes="26307560" bytesdiscarded="21672" />
  <ownableSynchronizers candidates="15119" cleared="11401" />
  <references type="soft" candidates="2125" cleared="0" enqueued="0" dynamicThreshold="19" maxThreshold="32" />
  <references type="weak" candidates="129" cleared="122" enqueued="0" />
</gc-op>
<gc-end id="2265" type="scavenge" contextid="2261" durationms="102.678" usertimems="747.768" systemtimems="3.687" timestamp="2020-09-11T12:42:35.907" activeThreads="8">
  <mem-info id="2266" free="1564792752" total="2785607680" percent="56">
    <mem type="nursery" free="683454456" total="939524096" percent="72">
      <mem type="allocate" free="683454456" total="792723456" percent="86" />
      <mem type="survivor" free="0" total="146800640" percent="0" />
    </mem>
    <mem type="tenure" free="881338296" total="1846083584" percent="47" macro-fragmented="0">
      <mem type="soa" free="752111544" total="1716856832" percent="43" />
      <mem type="loa" free="129226752" total="129226752" percent="100" />
    </mem>
    <remembered-set count="30227" />
  </mem-info>
</gc-end>
<cycle-end id="2267" type="scavenge" contextid="2261" timestamp="2020-09-11T12:42:35.909" />
<allocation-satisfied id="2268" threadId="000000000086B500" bytesRequested="120" />
<af-end id="2269" timestamp="2020-09-11T12:42:35.909" threadId="000000000086BE80" success="true" from="nursery"/>
<exclusive-end id="2270" timestamp="2020-09-11T12:42:35.909" durationms="106.480" />

<exclusive-start id="2271" timestamp="2020-09-11T12:42:37.787" intervalms="1984.084">
  <response-info timems="4.401" idlems="4.401" threads="0" lastid="000000000089DB00" lastname="Group1.Backend.CompositeBackend{Tier1}.6" />
</exclusive-start>
<af-start id="2272" threadId="000000000089E480" totalBytesRequested="664" timestamp="2020-09-11T12:42:37.788" intervalms="1984.065" type="nursery" />
<cycle-start id="2273" type="scavenge" contextid="0" timestamp="2020-09-11T12:42:37.788" intervalms="1984.061" />
<gc-start id="2274" type="scavenge" contextid="2273" timestamp="2020-09-11T12:42:37.788">
  <mem-info id="2275" free="881338296" total="2785607680" percent="31">
    <mem type="nursery" free="0" total="939524096" percent="0">
      <mem type="allocate" free="0" total="792723456" percent="0" />
      <mem type="survivor" free="0" total="146800640" percent="0" />
    </mem>
    <mem type="tenure" free="881338296" total="1846083584" percent="47">
      <mem type="soa" free="752111544" total="1716856832" percent="43" />
      <mem type="loa" free="129226752" total="129226752" percent="100" />
    </mem>
    <remembered-set count="189856" />
  </mem-info>
</gc-start>
<allocation-stats totalBytes="683058280" >
  <allocated-bytes non-tlh="34490256" tlh="648568024" />
  <largest-consumer threadName="Group1.Backend.CompositeBackend{Tier1}.4" threadId="000000000086B500" bytes="108091640" />
</allocation-stats>
<gc-op id="2276" type="scavenge" timems="144.133" contextid="2273" timestamp="2020-09-11T12:42:37.933">
  <scavenger-info tenureage="3" tenuremask="7ff8" tiltratio="84" />
  <memory-copied type="nursery" objects="4169016" bytes="111331256" bytesdiscarded="143264" />
  <memory-copied type="tenure" objects="1094023" bytes="29453576" bytesdiscarded="26904" />
  <ownableSynchronizers candidates="15030" cleared="11460" />
  <references type="soft" candidates="1943" cleared="0" enqueued="0" dynamicThreshold="19" maxThreshold="32" />
  <references type="weak" candidates="120" cleared="113" enqueued="0" />
</gc-op>
<gc-end id="2277" type="scavenge" contextid="2273" durationms="145.666" usertimems="1054.791" systemtimems="15.979" timestamp="2020-09-11T12:42:37.934" activeThreads="8">
  <mem-info id="2278" free="1536840080" total="2785607680" percent="55">
    <mem type="nursery" free="685029088" total="939524096" percent="72">
      <mem type="allocate" free="685029088" total="796590080" percent="85" />
      <mem type="survivor" free="0" total="142934016" percent="0" />
    </mem>
    <mem type="tenure" free="851810992" total="1846083584" percent="46" macro-fragmented="0">
      <mem type="soa" free="722584240" total="1716856832" percent="42" />
      <mem type="loa" free="129226752" total="129226752" percent="100" />
    </mem>
    <remembered-set count="30959" />
  </mem-info>
</gc-end>
<cycle-end id="2279" type="scavenge" contextid="2273" timestamp="2020-09-11T12:42:37.935" />
<allocation-satisfied id="2280" threadId="000000000089DB00" bytesRequested="664" />
<af-end id="2281" timestamp="2020-09-11T12:42:37.935" threadId="000000000089E480" success="true" from="nursery"/>
<exclusive-end id="2282" timestamp="2020-09-11T12:42:37.935" durationms="148.492" />

<exclusive-start id="2283" timestamp="2020-09-11T12:42:39.847" intervalms="2060.356">
  <response-info timems="1.238" idlems="1.238" threads="0" lastid="00000000008D4B00" lastname="Group1.Backend.CompositeBackend{Tier1}.8" />
</exclusive-start>
<af-start id="2284" threadId="00000000008D5480" totalBytesRequested="65544" timestamp="2020-09-11T12:42:39.848" intervalms="2060.101" type="nursery" />
<cycle-start id="2285" type="scavenge" contextid="0" timestamp="2020-09-11T12:42:39.848" intervalms="2060.046" />
<gc-start id="2286" type="scavenge" contextid="2285" timestamp="2020-09-11T12:42:39.848">
  <mem-info id="2287" free="851810992" total="2785607680" percent="30">
    <mem type="nursery" free="0" total="939524096" percent="0">
      <mem type="allocate" free="0" total="796590080" percent="0" />
      <mem type="survivor" free="0" total="142934016" percent="0" />
    </mem>
    <mem type="tenure" free="851810992" total="1846083584" percent="46">
      <mem type="soa" free="722584240" total="1716856832" percent="42" />
      <mem type="loa" free="129226752" total="129226752" percent="100" />
    </mem>
    <remembered-set count="193857" />
  </mem-info>
</gc-start>
<allocation-stats totalBytes="684613992" >
  <allocated-bytes non-tlh="26773640" tlh="657840352" />
  <largest-consumer threadName="Group1.Backend.CompositeBackend{Tier1}.4" threadId="000000000086B500" bytes="101327328" />
</allocation-stats>
<gc-op id="2288" type="scavenge" timems="125.660" contextid="2285" timestamp="2020-09-11T12:42:39.974">
  <scavenger-info tenureage="3" tenuremask="7ff8" tiltratio="84" />
  <memory-copied type="nursery" objects="4267991" bytes="113473696" bytesdiscarded="160144" />
  <memory-copied type="tenure" objects="1057572" bytes="28472624" bytesdiscarded="23576" />
  <ownableSynchronizers candidates="17349" cleared="13702" />
  <references type="soft" candidates="1894" cleared="0" enqueued="0" dynamicThreshold="19" maxThreshold="32" />
  <references type="weak" candidates="113" cleared="112" enqueued="0" />
</gc-op>
<gc-end id="2289" type="scavenge" contextid="2285" durationms="126.570" usertimems="936.165" systemtimems="12.429" timestamp="2020-09-11T12:42:39.975" activeThreads="8">
  <mem-info id="2290" free="1508859296" total="2785607680" percent="54">
    <mem type="nursery" free="685550920" total="939524096" percent="72">
      <mem type="allocate" free="685550920" total="799277056" percent="85" />
      <mem type="survivor" free="0" total="140247040" percent="0" />
    </mem>
    <mem type="tenure" free="823308376" total="1846083584" percent="44" macro-fragmented="0">
      <mem type="soa" free="694081624" total="1716856832" percent="40" />
      <mem type="loa" free="129226752" total="129226752" percent="100" />
    </mem>
    <remembered-set count="33585" />
  </mem-info>
</gc-end>
<cycle-end id="2291" type="scavenge" contextid="2285" timestamp="2020-09-11T12:42:39.979" />
<allocation-satisfied id="2292" threadId="00000000008D4B00" bytesRequested="65544" />
<af-end id="2293" timestamp="2020-09-11T12:42:39.979" threadId="00000000008D5480" success="true" from="nursery"/>
<exclusive-end id="2294" timestamp="2020-09-11T12:42:39.979" durationms="132.266" />

<exclusive-start id="2295" timestamp="2020-09-11T12:42:41.849" intervalms="2001.945">
  <response-info timems="9.008" idlems="9.008" threads="0" lastid="0000000000789300" lastname="Group1.Backend.CompositeBackend{Tier1}.1" />
</exclusive-start>
<af-start id="2296" threadId="0000000000789C80" totalBytesRequested="24" timestamp="2020-09-11T12:42:41.850" intervalms="2002.159" type="nursery" />
<cycle-start id="2297" type="scavenge" contextid="0" timestamp="2020-09-11T12:42:41.850" intervalms="2002.209" />
<gc-start id="2298" type="scavenge" contextid="2297" timestamp="2020-09-11T12:42:41.850">
  <mem-info id="2299" free="823308376" total="2785607680" percent="29">
    <mem type="nursery" free="0" total="939524096" percent="0">
      <mem type="allocate" free="0" total="799277056" percent="0" />
      <mem type="survivor" free="0" total="140247040" percent="0" />
    </mem>
    <mem type="tenure" free="823308376" total="1846083584" percent="44">
      <mem type="soa" free="694081624" total="1716856832" percent="40" />
      <mem type="loa" free="129226752" total="129226752" percent="100" />
    </mem>
    <remembered-set count="193983" />
  </mem-info>
</gc-start>
<allocation-stats totalBytes="685168784" >
  <allocated-bytes non-tlh="33999184" tlh="651169600" />
  <largest-consumer threadName="Group1.Backend.CompositeBackend{Tier1}.4" threadId="000000000086B500" bytes="106707008" />
</allocation-stats>
<gc-op id="2300" type="scavenge" timems="133.088" contextid="2297" timestamp="2020-09-11T12:42:41.984">
  <scavenger-info tenureage="3" tenuremask="7ff8" tiltratio="85" />
  <memory-copied type="nursery" objects="4361748" bytes="115276808" bytesdiscarded="231768" />
  <memory-copied type="tenure" objects="1079957" bytes="29073896" bytesdiscarded="45952" />
  <ownableSynchronizers candidates="13182" cleared="9740" />
  <references type="soft" candidates="1773" cleared="0" enqueued="0" dynamicThreshold="19" maxThreshold="32" />
  <references type="weak" candidates="112" cleared="112" enqueued="0" />
</gc-op>
<gc-end id="2301" type="scavenge" contextid="2297" durationms="133.928" usertimems="934.363" systemtimems="16.036" timestamp="2020-09-11T12:42:41.984" activeThreads="8">
  <mem-info id="2302" free="1479697136" total="2785607680" percent="53">
    <mem type="nursery" free="685515384" total="939524096" percent="72">
      <mem type="allocate" free="685515384" total="801112064" percent="85" />
      <mem type="survivor" free="0" total="138412032" percent="0" />
    </mem>
    <mem type="tenure" free="794181752" total="1846083584" percent="43" macro-fragmented="0">
      <mem type="soa" free="664955000" total="1716856832" percent="38" />
      <mem type="loa" free="129226752" total="129226752" percent="100" />
    </mem>
    <remembered-set count="34626" />
  </mem-info>
</gc-end>
<cycle-end id="2303" type="scavenge" contextid="2297" timestamp="2020-09-11T12:42:41.986" />
<allocation-satisfied id="2304" threadId="0000000000789300" bytesRequested="24" />
<af-end id="2305" timestamp="2020-09-11T12:42:41.986" threadId="0000000000789C80" success="true" from="nursery"/>
<exclusive-end id="2306" timestamp="2020-09-11T12:42:41.986" durationms="137.039" />

<exclusive-start id="2307" timestamp="2020-09-11T12:42:43.828" intervalms="1978.948">
  <response-info timems="2.208" idlems="2.208" threads="0" lastid="0000000000789300" lastname="Group1.Backend.CompositeBackend{Tier1}.1" />
</exclusive-start>
<af-start id="2308" threadId="0000000000789C80" totalBytesRequested="24" timestamp="2020-09-11T12:42:43.829" intervalms="1978.776" type="nursery" />
<cycle-start id="2309" type="scavenge" contextid="0" timestamp="2020-09-11T12:42:43.829" intervalms="1978.756" />
<gc-start id="2310" type="scavenge" contextid="2309" timestamp="2020-09-11T12:42:43.829">
  <mem-info id="2311" free="794181752" total="2785607680" percent="28">
    <mem type="nursery" free="0" total="939524096" percent="0">
      <mem type="allocate" free="0" total="801112064" percent="0" />
      <mem type="survivor" free="0" total="138412032" percent="0" />
    </mem>
    <mem type="tenure" free="794181752" total="1846083584" percent="43">
      <mem type="soa" free="664955000" total="1716856832" percent="38" />
      <mem type="loa" free="129226752" total="129226752" percent="100" />
    </mem>
    <remembered-set count="195618" />
  </mem-info>
</gc-start>
<allocation-stats totalBytes="685100800" >
  <allocated-bytes non-tlh="34699200" tlh="650401600" />
  <largest-consumer threadName="Group1.Backend.CompositeBackend{Tier1}.1" threadId="0000000000789300" bytes="111772464" />
</allocation-stats>
<gc-op id="2312" type="scavenge" timems="101.766" contextid="2309" timestamp="2020-09-11T12:42:43.931">
  <scavenger-info tenureage="3" tenuremask="7ff8" tiltratio="85" />
  <memory-copied type="nursery" objects="4022322" bytes="107768976" bytesdiscarded="133872" />
  <memory-copied type="tenure" objects="1054759" bytes="28348448" bytesdiscarded="21864" />
  <ownableSynchronizers candidates="14780" cleared="11422" />
  <references type="soft" candidates="1770" cleared="0" enqueued="0" dynamicThreshold="19" maxThreshold="32" />
  <references type="weak" candidates="129" cleared="127" enqueued="0" />
</gc-op>
<gc-end id="2313" type="scavenge" contextid="2309" durationms="102.703" usertimems="760.025" systemtimems="0.000" timestamp="2020-09-11T12:42:43.932" activeThreads="8">
  <mem-info id="2314" free="1460805568" total="2785607680" percent="52">
    <mem type="nursery" free="694955000" total="939524096" percent="73">
      <mem type="allocate" free="694955000" total="802947072" percent="86" />
      <mem type="survivor" free="0" total="136577024" percent="0" />
    </mem>
    <mem type="tenure" free="765850568" total="1846083584" percent="41" macro-fragmented="0">
      <mem type="soa" free="636623816" total="1716856832" percent="37" />
      <mem type="loa" free="129226752" total="129226752" percent="100" />
    </mem>
    <remembered-set count="33876" />
  </mem-info>
</gc-end>
<cycle-end id="2315" type="scavenge" contextid="2309" timestamp="2020-09-11T12:42:43.935" />
<allocation-satisfied id="2316" threadId="0000000000789300" bytesRequested="24" />
<af-end id="2317" timestamp="2020-09-11T12:42:43.935" threadId="0000000000789C80" success="true" from="nursery"/>
<exclusive-end id="2318" timestamp="2020-09-11T12:42:43.935" durationms="107.008" />

<exclusive-start id="2319" timestamp="2020-09-11T12:42:45.943" intervalms="2114.745">
  <response-info timems="0.410" idlems="0.217" threads="2" lastid="000000000086B500" lastname="Group1.Backend.CompositeBackend{Tier1}.4" />
</exclusive-start>
<af-start id="2320" threadId="0000000000789C80" totalBytesRequested="1032" timestamp="2020-09-11T12:42:45.943" intervalms="2114.745" type="nursery" />
<cycle-start id="2321" type="scavenge" contextid="0" timestamp="2020-09-11T12:42:45.944" intervalms="2114.719" />
<gc-start id="2322" type="scavenge" contextid="2321" timestamp="2020-09-11T12:42:45.944">
  <mem-info id="2323" free="765850568" total="2785607680" percent="27">
    <mem type="nursery" free="0" total="939524096" percent="0">
      <mem type="allocate" free="0" total="802947072" percent="0" />
      <mem type="survivor" free="0" total="136577024" percent="0" />
    </mem>
    <mem type="tenure" free="765850568" total="1846083584" percent="41">
      <mem type="soa" free="636623816" total="1716856832" percent="37" />
      <mem type="loa" free="129226752" total="129226752" percent="100" />
    </mem>
    <remembered-set count="197171" />
  </mem-info>
</gc-start>
<allocation-stats totalBytes="694554856" >
  <allocated-bytes non-tlh="27807720" tlh="666747136" />
  <largest-consumer threadName="Group1.Backend.CompositeBackend{Tier1}.6" threadId="000000000089DB00" bytes="143213240" />
</allocation-stats>
<gc-op id="2324" type="scavenge" timems="146.075" contextid="2321" timestamp="2020-09-11T12:42:46.090">
  <scavenger-info tenureage="3" tenuremask="7ff8" tiltratio="85" />
  <memory-copied type="nursery" objects="4603091" bytes="121026848" bytesdiscarded="221848" />
  <memory-copied type="tenure" objects="1106573" bytes="29784064" bytesdiscarded="39024" />
  <ownableSynchronizers candidates="13387" cleared="10162" />
  <references type="soft" candidates="1608" cleared="0" enqueued="0" dynamicThreshold="19" maxThreshold="32" />
  <references type="weak" candidates="117" cleared="117" enqueued="0" />
</gc-op>
<gc-end id="2325" type="scavenge" contextid="2321" durationms="146.981" usertimems="1108.404" systemtimems="18.194" timestamp="2020-09-11T12:42:46.091" activeThreads="8">
  <mem-info id="2326" free="1406567568" total="2785607680" percent="50">
    <mem type="nursery" free="670530688" total="939524096" percent="71">
      <mem type="allocate" free="670530688" total="791871488" percent="84" />
      <mem type="survivor" free="0" total="147652608" percent="0" />
    </mem>
    <mem type="tenure" free="736036880" total="1846083584" percent="39" macro-fragmented="0">
      <mem type="soa" free="606810128" total="1716856832" percent="35" />
      <mem type="loa" free="129226752" total="129226752" percent="100" />
    </mem>
    <remembered-set count="32888" />
  </mem-info>
</gc-end>
<cycle-end id="2327" type="scavenge" contextid="2321" timestamp="2020-09-11T12:42:46.092" />
<allocation-satisfied id="2328" threadId="0000000000789300" bytesRequested="1032" />
<af-end id="2329" timestamp="2020-09-11T12:42:46.092" threadId="0000000000789C80" success="true" from="nursery"/>
<exclusive-end id="2330" timestamp="2020-09-11T12:42:46.092" durationms="149.257" />

<exclusive-start id="2331" timestamp="2020-09-11T12:42:47.924" intervalms="1981.462">
  <response-info timems="0.540" idlems="0.540" threads="0" lastid="000000000088EE00" lastname="Group1.Backend.CompositeBackend{Tier1}.5" />
</exclusive-start>
<af-start id="2332" threadId="000000000088F780" totalBytesRequested="32" timestamp="2020-09-11T12:42:47.925" intervalms="1981.597" type="nursery" />
<cycle-start id="2333" type="scavenge" contextid="0" timestamp="2020-09-11T12:42:47.925" intervalms="1981.598" />
<gc-start id="2334" type="scavenge" contextid="2333" timestamp="2020-09-11T12:42:47.926">
  <mem-info id="2335" free="736036880" total="2785607680" percent="26">
    <mem type="nursery" free="0" total="939524096" percent="0">
      <mem type="allocate" free="0" total="791871488" percent="0" />
      <mem type="survivor" free="0" total="147652608" percent="0" />
    </mem>
    <mem type="tenure" free="736036880" total="1846083584" percent="39">
      <mem type="soa" free="606810128" total="1716856832" percent="35" />
      <mem type="loa" free="129226752" total="129226752" percent="100" />
    </mem>
    <remembered-set count="190325" />
  </mem-info>
</gc-start>
<allocation-stats totalBytes="670165136" >
  <allocated-bytes non-tlh="33059000" tlh="637106136" />
  <largest-consumer threadName="Group1.Backend.CompositeBackend{Tier1}.6" threadId="000000000089DB00" bytes="112701976" />
</allocation-stats>
<gc-op id="2336" type="scavenge" timems="140.504" contextid="2333" timestamp="2020-09-11T12:42:48.066">
  <scavenger-info tenureage="3" tenuremask="7ff8" tiltratio="84" />
  <memory-copied type="nursery" objects="4391180" bytes="116232520" bytesdiscarded="264328" />
  <memory-copied type="tenure" objects="1067499" bytes="28704520" bytesdiscarded="34880" />
  <ownableSynchronizers candidates="13394" cleared="10404" />
  <references type="soft" candidates="1624" cleared="0" enqueued="0" dynamicThreshold="19" maxThreshold="32" />
  <references type="weak" candidates="99" cleared="98" enqueued="0" />
</gc-op>
<gc-end id="2337" type="scavenge" contextid="2333" durationms="141.442" usertimems="1052.302" systemtimems="10.431" timestamp="2020-09-11T12:42:48.067" activeThreads="8">
  <mem-info id="2338" free="1384886576" total="2785607680" percent="49">
    <mem type="nursery" free="677710144" total="939524096" percent="72">
      <mem type="allocate" free="677710144" total="794296320" percent="85" />
      <mem type="survivor" free="0" total="145227776" percent="0" />
    </mem>
    <mem type="tenure" free="707176432" total="1846083584" percent="38" macro-fragmented="0">
      <mem type="soa" free="577949680" total="1716856832" percent="33" />
      <mem type="loa" free="129226752" total="129226752" percent="100" />
    </mem>
    <remembered-set count="30555" />
  </mem-info>
</gc-end>
<cycle-end id="2339" type="scavenge" contextid="2333" timestamp="2020-09-11T12:42:48.068" />
<allocation-satisfied id="2340" threadId="000000000088EE00" bytesRequested="32" />
<af-end id="2341" timestamp="2020-09-11T12:42:48.068" threadId="000000000088F780" success="true" from="nursery"/>
<exclusive-end id="2342" timestamp="2020-09-11T12:42:48.068" durationms="143.609" />

<exclusive-start id="2343" timestamp="2020-09-11T12:42:49.861" intervalms="1936.375">
  <response-info timems="1.442" idlems="1.442" threads="0" lastid="000000000086A900" lastname="Group1.Backend.CompositeBackend{Tier1}.3" />
</exclusive-start>
<af-start id="2344" threadId="000000000086B280" totalBytesRequested="266608" timestamp="2020-09-11T12:42:49.861" intervalms="1936.417" type="nursery" />
<cycle-start id="2345" type="scavenge" contextid="0" timestamp="2020-09-11T12:42:49.862" intervalms="1936.440" />
<gc-start id="2346" type="scavenge" contextid="2345" timestamp="2020-09-11T12:42:49.862">
  <mem-info id="2347" free="707255824" total="2785607680" percent="25">
    <mem type="nursery" free="79392" total="939524096" percent="0">
      <mem type="allocate" free="79392" total="794296320" percent="0" />
      <mem type="survivor" free="0" total="145227776" percent="0" />
    </mem>
    <mem type="tenure" free="707176432" total="1846083584" percent="38">
      <mem type="soa" free="577949680" total="1716856832" percent="33" />
      <mem type="loa" free="129226752" total="129226752" percent="100" />
    </mem>
    <remembered-set count="187595" />
  </mem-info>
</gc-start>
<allocation-stats totalBytes="677266752" >
  <allocated-bytes non-tlh="35879112" tlh="641387640" />
  <largest-consumer threadName="Group1.Backend.CompositeBackend{Tier1}.6" threadId="000000000089DB00" bytes="101703064" />
</allocation-stats>
<gc-op id="2348" type="scavenge" timems="140.231" contextid="2345" timestamp="2020-09-11T12:42:50.002">
  <scavenger-info tenureage="3" tenuremask="7ff8" tiltratio="84" />
  <memory-copied type="nursery" objects="4396569" bytes="115858600" bytesdiscarded="229448" />
  <memory-copied type="tenure" objects="1089548" bytes="29297376" bytesdiscarded="39912" />
  <ownableSynchronizers candidates="14059" cleared="11022" />
  <references type="soft" candidates="1602" cleared="0" enqueued="0" dynamicThreshold="19" maxThreshold="32" />
  <references type="weak" candidates="113" cleared="113" enqueued="0" />
</gc-op>
<gc-end id="2349" type="scavenge" contextid="2345" durationms="141.240" usertimems="1078.229" systemtimems="25.451" timestamp="2020-09-11T12:42:50.003" activeThreads="8">
  <mem-info id="2350" free="1359150024" total="2785607680" percent="48">
    <mem type="nursery" free="681135472" total="939524096" percent="72">
      <mem type="allocate" free="681135472" total="797310976" percent="85" />
      <mem type="survivor" free="0" total="142213120" percent="0" />
    </mem>
    <mem type="tenure" free="678014552" total="1846083584" percent="36" macro-fragmented="0">
      <mem type="soa" free="548787800" total="1716856832" percent="31" />
      <mem type="loa" free="129226752" total="129226752" percent="100" />
    </mem>
    <remembered-set count="29054" />
  </mem-info>
</gc-end>
<cycle-end id="2351" type="scavenge" contextid="2345" timestamp="2020-09-11T12:42:50.004" />
<allocation-satisfied id="2352" threadId="000000000086A900" bytesRequested="266608" />
<af-end id="2353" timestamp="2020-09-11T12:42:50.004" threadId="000000000086B280" success="true" from="nursery"/>
<exclusive-end id="2354" timestamp="2020-09-11T12:42:50.004" durationms="143.612" />

<exclusive-start id="2355" timestamp="2020-09-11T12:42:51.958" intervalms="2097.337">
  <response-info timems="4.846" idlems="4.846" threads="0" lastid="000000000088BD00" lastname="Group1.Backend.CompositeBackend{Tier1}.7" />
</exclusive-start>
<af-start id="2356" threadId="000000000088C680" totalBytesRequested="16" timestamp="2020-09-11T12:42:51.959" intervalms="2097.752" type="nursery" />
<cycle-start id="2357" type="scavenge" contextid="0" timestamp="2020-09-11T12:42:51.959" intervalms="2097.809" />
<gc-start id="2358" type="scavenge" contextid="2357" timestamp="2020-09-11T12:42:51.960">
  <mem-info id="2359" free="678014552" total="2785607680" percent="24">
    <mem type="nursery" free="0" total="939524096" percent="0">
      <mem type="allocate" free="0" total="797310976" percent="0" />
      <mem type="survivor" free="0" total="142213120" percent="0" />
    </mem>
    <mem type="tenure" free="678014552" total="1846083584" percent="36">
      <mem type="soa" free="548787800" total="1716856832" percent="31" />
      <mem type="loa" free="129226752" total="129226752" percent="100" />
    </mem>
    <remembered-set count="190871" />
  </mem-info>
</gc-start>
<allocation-stats totalBytes="680735568" >
  <allocated-bytes non-tlh="30900888" tlh="649834680" />
  <largest-consumer threadName="Group1.Backend.CompositeBackend{Tier1}.3" threadId="000000000086A900" bytes="126366624" />
</allocation-stats>
<gc-op id="2360" type="scavenge" timems="121.054" contextid="2357" timestamp="2020-09-11T12:42:52.081">
  <scavenger-info tenureage="3" tenuremask="7ff8" tiltratio="84" />
  <memory-copied type="nursery" objects="3928476" bytes="105535896" bytesdiscarded="186048" />
  <memory-copied type="tenure" objects="1115622" bytes="30028680" bytesdiscarded="36920" />
  <ownableSynchronizers candidates="14798" cleared="11762" />
  <references type="soft" candidates="1668" cleared="0" enqueued="0" dynamicThreshold="19" maxThreshold="32" />
  <references type="weak" candidates="108" cleared="108" enqueued="0" />
</gc-op>
<gc-end id="2361" type="scavenge" contextid="2357" durationms="122.028" usertimems="916.378" systemtimems="8.716" timestamp="2020-09-11T12:42:52.082" activeThreads="8">
  <mem-info id="2362" free="1341896016" total="2785607680" percent="48">
    <mem type="nursery" free="693987072" total="939524096" percent="73">
      <mem type="allocate" free="693987072" total="799801344" percent="86" />
      <mem type="survivor" free="0" total="139722752" percent="0" />
    </mem>
    <mem type="tenure" free="647908944" total="1846083584" percent="35" macro-fragmented="0">
      <mem type="soa" free="518682192" total="1716856832" percent="30" />
      <mem type="loa" free="129226752" total="129226752" percent="100" />
    </mem>
    <remembered-set count="29148" />
  </mem-info>
</gc-end>
<cycle-end id="2363" type="scavenge" contextid="2357" timestamp="2020-09-11T12:42:52.084" />
<allocation-satisfied id="2364" threadId="000000000088BD00" bytesRequested="16" />
<af-end id="2365" timestamp="2020-09-11T12:42:52.084" threadId="000000000088C680" success="true" from="nursery"/>
<exclusive-end id="2366" timestamp="2020-09-11T12:42:52.084" durationms="125.945" />

<exclusive-start id="2367" timestamp="2020-09-11T12:42:53.983" intervalms="2024.855">
  <response-info timems="0.880" idlems="0.880" threads="0" lastid="000000000088BD00" lastname="Group1.Backend.CompositeBackend{Tier1}.7" />
</exclusive-start>
<af-start id="2368" threadId="000000000088C680" totalBytesRequested="24" timestamp="2020-09-11T12:42:53.983" intervalms="2024.266" type="nursery" />
<cycle-start id="2369" type="scavenge" contextid="0" timestamp="2020-09-11T12:42:53.984" intervalms="2024.206" />
<gc-start id="2370" type="scavenge" contextid="2369" timestamp="2020-09-11T12:42:53.984">
  <mem-info id="2371" free="647908944" total="2785607680" percent="23">
    <mem type="nursery" free="0" total="939524096" percent="0">
      <mem type="allocate" free="0" total="799801344" percent="0" />
      <mem type="survivor" free="0" total="139722752" percent="0" />
    </mem>
    <mem type="tenure" free="647908944" total="1846083584" percent="35">
      <mem type="soa" free="518682192" total="1716856832" percent="30" />
      <mem type="loa" free="129226752" total="129226752" percent="100" />
    </mem>
    <remembered-set count="192253" />
  </mem-info>
</gc-start>
<allocation-stats totalBytes="693596608" >
  <allocated-bytes non-tlh="31702344" tlh="661894264" />
  <largest-consumer threadName="Group1.Backend.CompositeBackend{Tier1}.4" threadId="000000000086B500" bytes="99520480" />
</allocation-stats>
<gc-op id="2372" type="scavenge" timems="126.238" contextid="2369" timestamp="2020-09-11T12:42:54.111">
  <scavenger-info tenureage="3" tenuremask="7ff8" tiltratio="85" />
  <memory-copied type="nursery" objects="4001068" bytes="107435624" bytesdiscarded="164592" />
  <memory-copied type="tenure" objects="1049317" bytes="28271256" bytesdiscarded="38576" />
  <ownableSynchronizers candidates="12477" cleared="9498" />
  <references type="soft" candidates="1644" cleared="0" enqueued="0" dynamicThreshold="19" maxThreshold="32" />
  <references type="weak" candidates="113" cleared="112" enqueued="0" />
</gc-op>
<gc-end id="2373" type="scavenge" contextid="2369" durationms="127.709" usertimems="904.708" systemtimems="7.219" timestamp="2020-09-11T12:42:54.113" activeThreads="8">
  <mem-info id="2374" free="1314911304" total="2785607680" percent="47">
    <mem type="nursery" free="695514112" total="939524096" percent="74">
      <mem type="allocate" free="695514112" total="803209216" percent="86" />
      <mem type="survivor" free="0" total="136314880" percent="0" />
    </mem>
    <mem type="tenure" free="619397192" total="1846083584" percent="33" macro-fragmented="0">
      <mem type="soa" free="490170440" total="1716856832" percent="28" />
      <mem type="loa" free="129226752" total="129226752" percent="100" />
    </mem>
    <remembered-set count="30535" />
  </mem-info>
</gc-end>
<cycle-end id="2375" type="scavenge" contextid="2369" timestamp="2020-09-11T12:42:54.115" />
<allocation-satisfied id="2376" threadId="000000000088BD00" bytesRequested="24" />
<af-end id="2377" timestamp="2020-09-11T12:42:54.115" threadId="000000000088C680" success="true" from="nursery"/>
<exclusive-end id="2378" timestamp="2020-09-11T12:42:54.115" durationms="132.151" />

<exclusive-start id="2379" timestamp="2020-09-11T12:42:56.082" intervalms="2098.871">
  <response-info timems="0.486" idlems="0.256" threads="1" lastid="0000000000789300" lastname="Group1.Backend.CompositeBackend{Tier1}.1" />
</exclusive-start>
<af-start id="2380" threadId="000000000088C680" totalBytesRequested="32" timestamp="2020-09-11T12:42:56.082" intervalms="2098.882" type="nursery" />
<cycle-start id="2381" type="scavenge" contextid="0" timestamp="2020-09-11T12:42:56.082" intervalms="2098.857" />
<gc-start id="2382" type="scavenge" contextid="2381" timestamp="2020-09-11T12:42:56.083">
  <mem-info id="2383" free="619397192" total="2785607680" percent="22">
    <mem type="nursery" free="0" total="939524096" percent="0">
      <mem type="allocate" free="0" total="803209216" percent="0" />
      <mem type="survivor" free="0" total="136314880" percent="0" />
    </mem>
    <mem type="tenure" free="619397192" total="1846083584" percent="33">
      <mem type="soa" free="490170440" total="1716856832" percent="28" />
      <mem type="loa" free="129226752" total="129226752" percent="100" />
    </mem>
    <remembered-set count="194464" />
  </mem-info>
</gc-start>
<allocation-stats totalBytes="695142080" >
  <allocated-bytes non-tlh="31094072" tlh="664048008" />
  <largest-consumer threadName="Group1.Backend.CompositeBackend{Tier1}.4" threadId="000000000086B500" bytes="107981408" />
</allocation-stats>
<gc-op id="2384" type="scavenge" timems="115.734" contextid="2381" timestamp="2020-09-11T12:42:56.199">
  <scavenger-info tenureage="3" tenuremask="7ff8" tiltratio="85" />
  <memory-copied type="nursery" objects="4294045" bytes="114391640" bytesdiscarded="166768" />
  <memory-copied type="tenure" objects="1017413" bytes="27384784" bytesdiscarded="37520" />
  <ownableSynchronizers candidates="12454" cleared="9586" />
  <references type="soft" candidates="1576" cleared="0" enqueued="0" dynamicThreshold="19" maxThreshold="32" />
  <references type="weak" candidates="93" cleared="93" enqueued="0" />
</gc-op>
<gc-end id="2385" type="scavenge" contextid="2381" durationms="117.282" usertimems="843.770" systemtimems="0.000" timestamp="2020-09-11T12:42:56.200" activeThreads="8">
  <mem-info id="2386" free="1281044488" total="2785607680" percent="45">
    <mem type="nursery" free="688882632" total="939524096" percent="73">
      <mem type="allocate" free="688882632" total="803536896" percent="85" />
      <mem type="survivor" free="0" total="135987200" percent="0" />
    </mem>
    <mem type="tenure" free="592161856" total="1846083584" percent="32" macro-fragmented="0">
      <mem type="soa" free="462935104" total="1716856832" percent="26" />
      <mem type="loa" free="129226752" total="129226752" percent="100" />
    </mem>
    <remembered-set count="32963" />
  </mem-info>
</gc-end>
<cycle-end id="2387" type="scavenge" contextid="2381" timestamp="2020-09-11T12:42:56.201" />
<allocation-satisfied id="2388" threadId="000000000088BD00" bytesRequested="32" />
<af-end id="2389" timestamp="2020-09-11T12:42:56.202" threadId="000000000088C680" success="true" from="nursery"/>
<exclusive-end id="2390" timestamp="2020-09-11T12:42:56.202" durationms="119.911" />

<exclusive-start id="2391" timestamp="2020-09-11T12:42:58.189" intervalms="2107.589">
  <response-info timems="4.290" idlems="4.290" threads="0" lastid="000000000089DB00" lastname="Group1.Backend.CompositeBackend{Tier1}.6" />
</exclusive-start>
<af-start id="2392" threadId="000000000089E480" totalBytesRequested="120" timestamp="2020-09-11T12:42:58.191" intervalms="2108.939" type="nursery" />
<cycle-start id="2393" type="scavenge" contextid="0" timestamp="2020-09-11T12:42:58.193" intervalms="2110.305" />
<gc-start id="2394" type="scavenge" contextid="2393" timestamp="2020-09-11T12:42:58.193">
  <mem-info id="2395" free="592161856" total="2785607680" percent="21">
    <mem type="nursery" free="0" total="939524096" percent="0">
      <mem type="allocate" free="0" total="803536896" percent="0" />
      <mem type="survivor" free="0" total="135987200" percent="0" />
    </mem>
    <mem type="tenure" free="592161856" total="1846083584" percent="32">
      <mem type="soa" free="462935104" total="1716856832" percent="26" />
      <mem type="loa" free="129226752" total="129226752" percent="100" />
    </mem>
    <remembered-set count="196823" />
  </mem-info>
</gc-start>
<allocation-stats totalBytes="688475440" >
  <allocated-bytes non-tlh="27600640" tlh="660874800" />
  <largest-consumer threadName="Group1.Backend.CompositeBackend{Tier1}.4" threadId="000000000086B500" bytes="103640512" />
</allocation-stats>
<gc-op id="2396" type="scavenge" timems="199.569" contextid="2393" timestamp="2020-09-11T12:42:58.393">
  <scavenger-info tenureage="3" tenuremask="7ff8" tiltratio="85" />
  <memory-copied type="nursery" objects="4312702" bytes="114831112" bytesdiscarded="142936" />
  <memory-copied type="tenure" objects="1090221" bytes="29337032" bytesdiscarded="41056" />
  <ownableSynchronizers candidates="11554" cleared="8846" />
  <references type="soft" candidates="1457" cleared="0" enqueued="0" dynamicThreshold="19" maxThreshold="32" />
  <references type="weak" candidates="117" cleared="117" enqueued="0" />
</gc-op>
<gc-end id="2397" type="scavenge" contextid="2393" durationms="201.217" usertimems="1427.445" systemtimems="35.895" timestamp="2020-09-11T12:42:58.394" activeThreads="8">
  <mem-info id="2398" free="1256829552" total="2785607680" percent="45">
    <mem type="nursery" free="693982888" total="939524096" percent="73">
      <mem type="allocate" free="693982888" total="809041920" percent="85" />
      <mem type="survivor" free="0" total="130482176" percent="0" />
    </mem>
    <mem type="tenure" free="562846664" total="1846083584" percent="30" macro-fragmented="0">
      <mem type="soa" free="433619912" total="1716856832" percent="25" />
      <mem type="loa" free="129226752" total="129226752" percent="100" />
    </mem>
    <remembered-set count="32839" />
  </mem-info>
</gc-end>
<cycle-end id="2399" type="scavenge" contextid="2393" timestamp="2020-09-11T12:42:58.398" />
<allocation-satisfied id="2400" threadId="000000000089DB00" bytesRequested="120" />
<af-end id="2401" timestamp="2020-09-11T12:42:58.399" threadId="000000000089E480" success="true" from="nursery"/>
<exclusive-end id="2402" timestamp="2020-09-11T12:42:58.399" durationms="209.396" />

<exclusive-start id="2403" timestamp="2020-09-11T12:43:00.140" intervalms="1950.666">
  <response-info timems="6.464" idlems="2.106" threads="3" lastid="0000000000789300" lastname="Group1.Backend.CompositeBackend{Tier1}.1" />
</exclusive-start>
<af-start id="2404" threadId="00000000008D5480" totalBytesRequested="16" timestamp="2020-09-11T12:43:00.142" intervalms="1950.567" type="nursery" />
<cycle-start id="2405" type="scavenge" contextid="0" timestamp="2020-09-11T12:43:00.142" intervalms="1949.675" />
<gc-start id="2406" type="scavenge" contextid="2405" timestamp="2020-09-11T12:43:00.143">
  <mem-info id="2407" free="562846664" total="2785607680" percent="20">
    <mem type="nursery" free="0" total="939524096" percent="0">
      <mem type="allocate" free="0" total="809041920" percent="0" />
      <mem type="survivor" free="0" total="130482176" percent="0" />
    </mem>
    <mem type="tenure" free="562846664" total="1846083584" percent="30">
      <mem type="soa" free="433619912" total="1716856832" percent="25" />
      <mem type="loa" free="129226752" total="129226752" percent="100" />
    </mem>
    <remembered-set count="192181" />
  </mem-info>
</gc-start>
<allocation-stats totalBytes="693596544" >
  <allocated-bytes non-tlh="40576448" tlh="653020096" />
  <largest-consumer threadName="Group1.Backend.CompositeBackend{Tier1}.1" threadId="0000000000789300" bytes="90234624" />
</allocation-stats>
<gc-op id="2408" type="scavenge" timems="224.136" contextid="2405" timestamp="2020-09-11T12:43:00.367">
  <scavenger-info tenureage="3" tenuremask="7ff8" tiltratio="86" />
  <memory-copied type="nursery" objects="4188897" bytes="112427360" bytesdiscarded="162592" />
  <memory-copied type="tenure" objects="1086994" bytes="29242752" bytesdiscarded="37344" />
  <ownableSynchronizers candidates="11975" cleared="9456" />
  <references type="soft" candidates="1443" cleared="0" enqueued="0" dynamicThreshold="19" maxThreshold="32" />
  <references type="weak" candidates="117" cleared="117" enqueued="0" />
</gc-op>
<gc-end id="2409" type="scavenge" contextid="2405" durationms="225.928" usertimems="1568.259" systemtimems="67.739" timestamp="2020-09-11T12:43:00.369" activeThreads="8">
  <mem-info id="2410" free="1230368664" total="2785607680" percent="44">
    <mem type="nursery" free="696695528" total="939524096" percent="74">
      <mem type="allocate" free="696695528" total="809369600" percent="86" />
      <mem type="survivor" free="0" total="130154496" percent="0" />
    </mem>
    <mem type="tenure" free="533673136" total="1846083584" percent="28" macro-fragmented="0">
      <mem type="soa" free="404446384" total="1716856832" percent="23" />
      <mem type="loa" free="129226752" total="129226752" percent="100" />
    </mem>
    <remembered-set count="32423" />
  </mem-info>
</gc-end>
<cycle-end id="2411" type="scavenge" contextid="2405" timestamp="2020-09-11T12:43:00.370" />
<allocation-satisfied id="2412" threadId="00000000008D4B00" bytesRequested="16" />
<af-end id="2413" timestamp="2020-09-11T12:43:00.371" threadId="00000000008D5480" success="true" from="nursery"/>
<exclusive-end id="2414" timestamp="2020-09-11T12:43:00.371" durationms="230.792" />

<exclusive-start id="2415" timestamp="2020-09-11T12:43:02.296" intervalms="2155.785">
  <response-info timems="2.146" idlems="2.146" threads="0" lastid="000000000088BD00" lastname="Group1.Backend.CompositeBackend{Tier1}.7" />
</exclusive-start>
<af-start id="2416" threadId="000000000088C680" totalBytesRequested="40" timestamp="2020-09-11T12:43:02.297" intervalms="2154.802" type="nursery" />
<cycle-start id="2417" type="scavenge" contextid="0" timestamp="2020-09-11T12:43:02.297" intervalms="2154.371" />
<gc-start id="2418" type="scavenge" contextid="2417" timestamp="2020-09-11T12:43:02.297">
  <mem-info id="2419" free="533673136" total="2785607680" percent="19">
    <mem type="nursery" free="0" total="939524096" percent="0">
      <mem type="allocate" free="0" total="809369600" percent="0" />
      <mem type="survivor" free="0" total="130154496" percent="0" />
    </mem>
    <mem type="tenure" free="533673136" total="1846083584" percent="28">
      <mem type="soa" free="404446384" total="1716856832" percent="23" />
      <mem type="loa" free="129226752" total="129226752" percent="100" />
    </mem>
    <remembered-set count="197106" />
  </mem-info>
</gc-start>
<allocation-stats totalBytes="696295184" >
  <allocated-bytes non-tlh="28499256" tlh="667795928" />
  <largest-consumer threadName="Group1.Backend.CompositeBackend{Tier1}.4" threadId="000000000086B500" bytes="96237912" />
</allocation-stats>
<gc-op id="2420" type="scavenge" timems="122.815" contextid="2417" timestamp="2020-09-11T12:43:02.420">
  <scavenger-info tenureage="3" tenuremask="7ff8" tiltratio="86" />
  <memory-copied type="nursery" objects="4084206" bytes="109699592" bytesdiscarded="276512" />
  <memory-copied type="tenure" objects="1100338" bytes="29585488" bytesdiscarded="38328" />
  <ownableSynchronizers candidates="11809" cleared="9326" />
  <references type="soft" candidates="1451" cleared="0" enqueued="0" dynamicThreshold="19" maxThreshold="32" />
  <references type="weak" candidates="118" cleared="118" enqueued="0" />
</gc-op>
<gc-end id="2421" type="scavenge" contextid="2417" durationms="125.767" usertimems="951.623" systemtimems="0.000" timestamp="2020-09-11T12:43:02.423" activeThreads="8">
  <mem-info id="2422" free="1204150520" total="2785607680" percent="43">
    <mem type="nursery" free="700154048" total="939524096" percent="74">
      <mem type="allocate" free="700154048" total="810221568" percent="86" />
      <mem type="survivor" free="0" total="129302528" percent="0" />
    </mem>
    <mem type="tenure" free="503996472" total="1846083584" percent="27" macro-fragmented="0">
      <mem type="soa" free="374769720" total="1716856832" percent="21" />
      <mem type="loa" free="129226752" total="129226752" percent="100" />
    </mem>
    <remembered-set count="32084" />
  </mem-info>
</gc-end>
<cycle-end id="2423" type="scavenge" contextid="2417" timestamp="2020-09-11T12:43:02.424" />
<allocation-satisfied id="2424" threadId="000000000088BD00" bytesRequested="40" />
<af-end id="2425" timestamp="2020-09-11T12:43:02.424" threadId="000000000088C680" success="true" from="nursery"/>
<exclusive-end id="2426" timestamp="2020-09-11T12:43:02.424" durationms="128.584" />

<exclusive-start id="2427" timestamp="2020-09-11T12:43:04.380" intervalms="2084.248">
  <response-info timems="7.111" idlems="7.111" threads="0" lastid="0000000000789300" lastname="Group1.Backend.CompositeBackend{Tier1}.1" />
</exclusive-start>
<af-start id="2428" threadId="0000000000789C80" totalBytesRequested="16" timestamp="2020-09-11T12:43:04.381" intervalms="2084.138" type="nursery" />
<cycle-start id="2429" type="scavenge" contextid="0" timestamp="2020-09-11T12:43:04.381" intervalms="2084.154" />
<gc-start id="2430" type="scavenge" contextid="2429" timestamp="2020-09-11T12:43:04.382">
  <mem-info id="2431" free="503996472" total="2785607680" percent="18">
    <mem type="nursery" free="0" total="939524096" percent="0">
      <mem type="allocate" free="0" total="810221568" percent="0" />
      <mem type="survivor" free="0" total="129302528" percent="0" />
    </mem>
    <mem type="tenure" free="503996472" total="1846083584" percent="27">
      <mem type="soa" free="374769720" total="1716856832" percent="21" />
      <mem type="loa" free="129226752" total="129226752" percent="100" />
    </mem>
    <remembered-set count="193859" />
  </mem-info>
</gc-start>
<allocation-stats totalBytes="699776752" >
  <allocated-bytes non-tlh="34196824" tlh="665579928" />
  <largest-consumer threadName="Group1.Backend.CompositeBackend{Tier1}.4" threadId="000000000086B500" bytes="109691816" />
</allocation-stats>
<gc-op id="2432" type="scavenge" timems="137.529" contextid="2429" timestamp="2020-09-11T12:43:04.520">
  <scavenger-info tenureage="3" tenuremask="7ff8" tiltratio="86" />
  <memory-copied type="nursery" objects="4253347" bytes="113448480" bytesdiscarded="180392" />
  <memory-copied type="tenure" objects="1097474" bytes="29529920" bytesdiscarded="29232" />
  <finalization candidates="1" enqueued="0" />
  <ownableSynchronizers candidates="10784" cleared="8410" />
  <references type="soft" candidates="1411" cleared="0" enqueued="0" dynamicThreshold="19" maxThreshold="32" />
  <references type="weak" candidates="115" cleared="115" enqueued="0" />
</gc-op>
<gc-end id="2433" type="scavenge" contextid="2429" durationms="138.540" usertimems="1010.947" systemtimems="21.027" timestamp="2020-09-11T12:43:04.521" activeThreads="8">
  <mem-info id="2434" free="1169299512" total="2785607680" percent="41">
    <mem type="nursery" free="694929392" total="939524096" percent="73">
      <mem type="allocate" free="694929392" total="808648704" percent="85" />
      <mem type="survivor" free="0" total="130875392" percent="0" />
    </mem>
    <mem type="tenure" free="474370120" total="1846083584" percent="25" macro-fragmented="0">
      <mem type="soa" free="345143368" total="1716856832" percent="20" />
      <mem type="loa" free="129226752" total="129226752" percent="100" />
    </mem>
    <remembered-set count="31338" />
  </mem-info>
</gc-end>
<cycle-end id="2435" type="scavenge" contextid="2429" timestamp="2020-09-11T12:43:04.523" />
<allocation-satisfied id="2436" threadId="0000000000789300" bytesRequested="16" />
<af-end id="2437" timestamp="2020-09-11T12:43:04.523" threadId="0000000000789C80" success="true" from="nursery"/>
<exclusive-end id="2438" timestamp="2020-09-11T12:43:04.523" durationms="142.787" />

<exclusive-start id="2439" timestamp="2020-09-11T12:43:06.501" intervalms="2120.991">
  <response-info timems="0.401" idlems="0.401" threads="0" lastid="000000000088EE00" lastname="Group1.Backend.CompositeBackend{Tier1}.5" />
</exclusive-start>
<af-start id="2440" threadId="000000000088F780" totalBytesRequested="1032" timestamp="2020-09-11T12:43:06.502" intervalms="2120.798" type="nursery" />
<cycle-start id="2441" type="scavenge" contextid="0" timestamp="2020-09-11T12:43:06.502" intervalms="2120.783" />
<gc-start id="2442" type="scavenge" contextid="2441" timestamp="2020-09-11T12:43:06.503">
  <mem-info id="2443" free="474370120" total="2785607680" percent="17">
    <mem type="nursery" free="0" total="939524096" percent="0">
      <mem type="allocate" free="0" total="808648704" percent="0" />
      <mem type="survivor" free="0" total="130875392" percent="0" />
    </mem>
    <mem type="tenure" free="474370120" total="1846083584" percent="25">
      <mem type="soa" free="345143368" total="1716856832" percent="20" />
      <mem type="loa" free="129226752" total="129226752" percent="100" />
    </mem>
    <remembered-set count="197044" />
  </mem-info>
</gc-start>
<allocation-stats totalBytes="694543864" >
  <allocated-bytes non-tlh="28988136" tlh="665555728" />
  <largest-consumer threadName="Group1.Backend.CompositeBackend{Tier1}.5" threadId="000000000088EE00" bytes="128244984" />
</allocation-stats>
<gc-op id="2444" type="scavenge" timems="115.768" contextid="2441" timestamp="2020-09-11T12:43:06.619">
  <scavenger-info tenureage="3" tenuremask="7ff8" tiltratio="86" />
  <memory-copied type="nursery" objects="4194096" bytes="112626752" bytesdiscarded="176104" />
  <memory-copied type="tenure" objects="1069069" bytes="28743560" bytesdiscarded="27368" />
  <finalization candidates="1" enqueued="0" />
  <ownableSynchronizers candidates="11973" cleared="9569" />
  <references type="soft" candidates="1429" cleared="0" enqueued="0" dynamicThreshold="19" maxThreshold="32" />
  <references type="weak" candidates="112" cleared="112" enqueued="0" />
</gc-op>
<gc-end id="2445" type="scavenge" contextid="2441" durationms="116.608" usertimems="872.571" systemtimems="12.486" timestamp="2020-09-11T12:43:06.619" activeThreads="8">
  <mem-info id="2446" free="1142099032" total="2785607680" percent="40">
    <mem type="nursery" free="696472000" total="939524096" percent="74">
      <mem type="allocate" free="696472000" total="809369600" percent="86" />
      <mem type="survivor" free="0" total="130154496" percent="0" />
    </mem>
    <mem type="tenure" free="445627032" total="1846083584" percent="24" macro-fragmented="0">
      <mem type="soa" free="316400280" total="1716856832" percent="18" />
      <mem type="loa" free="129226752" total="129226752" percent="100" />
    </mem>
    <remembered-set count="31270" />
  </mem-info>
</gc-end>
<cycle-end id="2447" type="scavenge" contextid="2441" timestamp="2020-09-11T12:43:06.620" />
<allocation-satisfied id="2448" threadId="000000000088EE00" bytesRequested="1032" />
<af-end id="2449" timestamp="2020-09-11T12:43:06.620" threadId="000000000088F780" success="true" from="nursery"/>
<exclusive-end id="2450" timestamp="2020-09-11T12:43:06.620" durationms="119.064" />

<exclusive-start id="2451" timestamp="2020-09-11T12:43:08.590" intervalms="2089.313">
  <response-info timems="1.469" idlems="0.532" threads="2" lastid="000000000086B500" lastname="Group1.Backend.CompositeBackend{Tier1}.4" />
</exclusive-start>
<af-start id="2452" threadId="0000000000789C80" totalBytesRequested="144" timestamp="2020-09-11T12:43:08.591" intervalms="2089.372" type="nursery" />
<cycle-start id="2453" type="scavenge" contextid="0" timestamp="2020-09-11T12:43:08.591" intervalms="2089.330" />
<gc-start id="2454" type="scavenge" contextid="2453" timestamp="2020-09-11T12:43:08.591">
  <mem-info id="2455" free="445627032" total="2785607680" percent="15">
    <mem type="nursery" free="0" total="939524096" percent="0">
      <mem type="allocate" free="0" total="809369600" percent="0" />
      <mem type="survivor" free="0" total="130154496" percent="0" />
    </mem>
    <mem type="tenure" free="445627032" total="1846083584" percent="24">
      <mem type="soa" free="316400280" total="1716856832" percent="18" />
      <mem type="loa" free="129226752" total="129226752" percent="100" />
    </mem>
    <remembered-set count="195275" />
  </mem-info>
</gc-start>
<allocation-stats totalBytes="696098416" >
  <allocated-bytes non-tlh="33545728" tlh="662552688" />
  <largest-consumer threadName="Group1.Backend.CompositeBackend{Tier1}.1" threadId="0000000000789300" bytes="102398336" />
</allocation-stats>
<gc-op id="2456" type="scavenge" timems="156.224" contextid="2453" timestamp="2020-09-11T12:43:08.748">
  <scavenger-info tenureage="3" tenuremask="7ff8" tiltratio="86" />
  <memory-copied type="nursery" objects="4228427" bytes="113473224" bytesdiscarded="169976" />
  <memory-copied type="tenure" objects="1119197" bytes="30239456" bytesdiscarded="40832" />
  <finalization candidates="1" enqueued="0" />
  <ownableSynchronizers candidates="10673" cleared="8368" />
  <references type="soft" candidates="1378" cleared="0" enqueued="0" dynamicThreshold="19" maxThreshold="32" />
  <references type="weak" candidates="117" cleared="117" enqueued="0" />
</gc-op>
<gc-end id="2457" type="scavenge" contextid="2453" durationms="157.367" usertimems="1117.764" systemtimems="25.458" timestamp="2020-09-11T12:43:08.749" activeThreads="8">
  <mem-info id="2458" free="1112345488" total="2785607680" percent="39">
    <mem type="nursery" free="697270256" total="939524096" percent="74">
      <mem type="allocate" free="697270256" total="811008000" percent="85" />
      <mem type="survivor" free="0" total="128516096" percent="0" />
    </mem>
    <mem type="tenure" free="415075232" total="1846083584" percent="22" macro-fragmented="0">
      <mem type="soa" free="285848480" total="1716856832" percent="16" />
      <mem type="loa" free="129226752" total="129226752" percent="100" />
    </mem>
    <remembered-set count="32637" />
  </mem-info>
</gc-end>
<cycle-end id="2459" type="scavenge" contextid="2453" timestamp="2020-09-11T12:43:08.751" />
<allocation-satisfied id="2460" threadId="0000000000789300" bytesRequested="144" />
<af-end id="2461" timestamp="2020-09-11T12:43:08.751" threadId="0000000000789C80" success="true" from="nursery"/>
<exclusive-end id="2462" timestamp="2020-09-11T12:43:08.751" durationms="161.143" />

<exclusive-start id="2463" timestamp="2020-09-11T12:43:10.744" intervalms="2153.609">
  <response-info timems="0.970" idlems="0.970" threads="0" lastid="000000000086B500" lastname="Group1.Backend.CompositeBackend{Tier1}.4" />
</exclusive-start>
<af-start id="2464" threadId="000000000086BE80" totalBytesRequested="16" timestamp="2020-09-11T12:43:10.745" intervalms="2153.608" type="nursery" />
<cycle-start id="2465" type="scavenge" contextid="0" timestamp="2020-09-11T12:43:10.745" intervalms="2153.611" />
<gc-start id="2466" type="scavenge" contextid="2465" timestamp="2020-09-11T12:43:10.745">
  <mem-info id="2467" free="415075232" total="2785607680" percent="14">
    <mem type="nursery" free="0" total="939524096" percent="0">
      <mem type="allocate" free="0" total="811008000" percent="0" />
      <mem type="survivor" free="0" total="128516096" percent="0" />
    </mem>
    <mem type="tenure" free="415075232" total="1846083584" percent="22">
      <mem type="soa" free="285848480" total="1716856832" percent="16" />
      <mem type="loa" free="129226752" total="129226752" percent="100" />
    </mem>
    <remembered-set count="199433" />
  </mem-info>
</gc-start>
<allocation-stats totalBytes="696870960" >
  <allocated-bytes non-tlh="29092224" tlh="667778736" />
  <largest-consumer threadName="Group1.Backend.CompositeBackend{Tier1}.5" threadId="000000000088EE00" bytes="106051144" />
</allocation-stats>
<gc-op id="2468" type="scavenge" timems="108.369" contextid="2465" timestamp="2020-09-11T12:43:10.854">
  <scavenger-info tenureage="3" tenuremask="7ff8" tiltratio="86" />
  <memory-copied type="nursery" objects="4122572" bytes="110724144" bytesdiscarded="283080" />
  <memory-copied type="tenure" objects="1095131" bytes="29481136" bytesdiscarded="33576" />
  <finalization candidates="1" enqueued="0" />
  <ownableSynchronizers candidates="11790" cleared="9521" />
  <references type="soft" candidates="1435" cleared="0" enqueued="0" dynamicThreshold="19" maxThreshold="32" />
  <references type="weak" candidates="107" cleared="107" enqueued="0" />
</gc-op>
<gc-end id="2469" type="scavenge" contextid="2465" durationms="109.490" usertimems="844.860" systemtimems="0.000" timestamp="2020-09-11T12:43:10.855" activeThreads="8">
  <mem-info id="2470" free="1085998784" total="2785607680" percent="38">
    <mem type="nursery" free="700239872" total="939524096" percent="74">
      <mem type="allocate" free="700239872" total="811335680" percent="86" />
      <mem type="survivor" free="0" total="128188416" percent="0" />
    </mem>
    <mem type="tenure" free="385758912" total="1846083584" percent="20" macro-fragmented="0">
      <mem type="soa" free="256532160" total="1716856832" percent="14" />
      <mem type="loa" free="129226752" total="129226752" percent="100" />
    </mem>
    <remembered-set count="34059" />
  </mem-info>
</gc-end>
<cycle-end id="2471" type="scavenge" contextid="2465" timestamp="2020-09-11T12:43:10.856" />
<allocation-satisfied id="2472" threadId="000000000086B500" bytesRequested="16" />
<af-end id="2473" timestamp="2020-09-11T12:43:10.856" threadId="000000000086BE80" success="true" from="nursery"/>
<exclusive-end id="2474" timestamp="2020-09-11T12:43:10.856" durationms="111.907" />

<exclusive-start id="2475" timestamp="2020-09-11T12:43:12.817" intervalms="2073.362">
  <response-info timems="6.509" idlems="6.509" threads="0" lastid="0000000000789300" lastname="Group1.Backend.CompositeBackend{Tier1}.1" />
</exclusive-start>
<af-start id="2476" threadId="0000000000789C80" totalBytesRequested="24" timestamp="2020-09-11T12:43:12.818" intervalms="2073.794" type="nursery" />
<cycle-start id="2477" type="scavenge" contextid="0" timestamp="2020-09-11T12:43:12.819" intervalms="2073.881" />
<gc-start id="2478" type="scavenge" contextid="2477" timestamp="2020-09-11T12:43:12.819">
  <mem-info id="2479" free="385758912" total="2785607680" percent="13">
    <mem type="nursery" free="0" total="939524096" percent="0">
      <mem type="allocate" free="0" total="811335680" percent="0" />
      <mem type="survivor" free="0" total="128188416" percent="0" />
    </mem>
    <mem type="tenure" free="385758912" total="1846083584" percent="20">
      <mem type="soa" free="256532160" total="1716856832" percent="14" />
      <mem type="loa" free="129226752" total="129226752" percent="100" />
    </mem>
    <remembered-set count="197126" />
  </mem-info>
</gc-start>
<allocation-stats totalBytes="699834912" >
  <allocated-bytes non-tlh="32665184" tlh="667169728" />
  <largest-consumer threadName="Group1.Backend.CompositeBackend{Tier1}.5" threadId="000000000088EE00" bytes="144768136" />
</allocation-stats>
<gc-op id="2480" type="scavenge" timems="138.191" contextid="2477" timestamp="2020-09-11T12:43:12.957">
  <scavenger-info tenureage="3" tenuremask="7ff8" tiltratio="86" />
  <memory-copied type="nursery" objects="4266352" bytes="113827808" bytesdiscarded="144424" />
  <memory-copied type="tenure" objects="1114285" bytes="29983688" bytesdiscarded="46800" />
  <ownableSynchronizers candidates="9838" cleared="7628" />
  <references type="soft" candidates="1342" cleared="0" enqueued="0" dynamicThreshold="19" maxThreshold="32" />
  <references type="weak" candidates="98" cleared="98" enqueued="0" />
</gc-op>
<gc-end id="2481" type="scavenge" contextid="2477" durationms="141.781" usertimems="1051.986" systemtimems="15.573" timestamp="2020-09-11T12:43:12.961" activeThreads="8">
  <mem-info id="2482" free="1050816000" total="2785607680" percent="37">
    <mem type="nursery" free="695047152" total="939524096" percent="73">
      <mem type="allocate" free="695047152" total="809107456" percent="85" />
      <mem type="survivor" free="0" total="130416640" percent="0" />
    </mem>
    <mem type="tenure" free="355768848" total="1846083584" percent="19" macro-fragmented="0">
      <mem type="soa" free="226542096" total="1716856832" percent="13" />
      <mem type="loa" free="129226752" total="129226752" percent="100" />
    </mem>
    <remembered-set count="34450" />
  </mem-info>
</gc-end>
<cycle-end id="2483" type="scavenge" contextid="2477" timestamp="2020-09-11T12:43:12.962" />
<allocation-satisfied id="2484" threadId="0000000000789300" bytesRequested="24" />
<af-end id="2485" timestamp="2020-09-11T12:43:12.963" threadId="0000000000789C80" success="true" from="nursery"/>
<exclusive-end id="2486" timestamp="2020-09-11T12:43:12.963" durationms="145.352" />

<exclusive-start id="2487" timestamp="2020-09-11T12:43:14.839" intervalms="2021.530">
  <response-info timems="1.943" idlems="1.303" threads="2" lastid="000000000089DB00" lastname="Group1.Backend.CompositeBackend{Tier1}.6" />
</exclusive-start>
<af-start id="2488" threadId="0000000000A66E80" totalBytesRequested="16" timestamp="2020-09-11T12:43:14.840" intervalms="2021.259" type="nursery" />
<cycle-start id="2489" type="scavenge" contextid="0" timestamp="2020-09-11T12:43:14.840" intervalms="2021.241" />
<gc-start id="2490" type="scavenge" contextid="2489" timestamp="2020-09-11T12:43:14.840">
  <mem-info id="2491" free="355768848" total="2785607680" percent="12">
    <mem type="nursery" free="0" total="939524096" percent="0">
      <mem type="allocate" free="0" total="809107456" percent="0" />
      <mem type="survivor" free="0" total="130416640" percent="0" />
    </mem>
    <mem type="tenure" free="355768848" total="1846083584" percent="19">
      <mem type="soa" free="226542096" total="1716856832" percent="13" />
      <mem type="loa" free="129226752" total="129226752" percent="100" />
    </mem>
    <remembered-set count="192837" />
  </mem-info>
</gc-start>
<allocation-stats totalBytes="694664480" >
  <allocated-bytes non-tlh="39336048" tlh="655328432" />
  <largest-consumer threadName="Group1.Backend.CompositeBackend{Tier1}.2" threadId="0000000000785700" bytes="94575072" />
</allocation-stats>
<gc-op id="2492" type="scavenge" timems="130.731" contextid="2489" timestamp="2020-09-11T12:43:14.971">
  <scavenger-info tenureage="3" tenuremask="7ff8" tiltratio="86" />
  <memory-copied type="nursery" objects="4256651" bytes="113331000" bytesdiscarded="203440" />
  <memory-copied type="tenure" objects="1107520" bytes="29779544" bytesdiscarded="46128" />
  <ownableSynchronizers candidates="8906" cleared="6904" />
  <references type="soft" candidates="1259" cleared="0" enqueued="0" dynamicThreshold="19" maxThreshold="32" />
  <references type="weak" candidates="120" cleared="117" enqueued="0" />
</gc-op>
<gc-end id="2493" type="scavenge" contextid="2489" durationms="133.372" usertimems="961.416" systemtimems="7.286" timestamp="2020-09-11T12:43:14.973" activeThreads="8">
  <mem-info id="2494" free="1022073704" total="2785607680" percent="36">
    <mem type="nursery" free="696078840" total="939524096" percent="74">
      <mem type="allocate" free="696078840" total="809697280" percent="85" />
      <mem type="survivor" free="0" total="129826816" percent="0" />
    </mem>
    <mem type="tenure" free="325994864" total="1846083584" percent="17" macro-fragmented="0">
      <mem type="soa" free="196768112" total="1716856832" percent="11" />
      <mem type="loa" free="129226752" total="129226752" percent="100" />
    </mem>
    <remembered-set count="31170" />
  </mem-info>
</gc-end>
<cycle-end id="2495" type="scavenge" contextid="2489" timestamp="2020-09-11T12:43:14.974" />
<allocation-satisfied id="2496" threadId="0000000000A66500" bytesRequested="16" />
<af-end id="2497" timestamp="2020-09-11T12:43:14.975" threadId="0000000000A66E80" success="true" from="nursery"/>
<exclusive-end id="2498" timestamp="2020-09-11T12:43:14.975" durationms="135.831" />

</verbosegc>

