<?xml version="1.0" ?>

<verbosegc xmlns="http://www.ibm.com/j9/verbosegc" version="c1dd04cca_CMPRSS">

!@: MM_VerboseWriterFileLoggingSynchronous::openFile

!@: Before Trigger

<exclusive-start id="2482" timestamp="2020-09-12T19:22:44.321" intervalms="2106.414">
  <response-info timems="0.404" idlems="0.404" threads="0" lastid="0000000000842200" lastname="Group1.Backend.CompositeBackend{Tier1}.6" />
</exclusive-start>
!@: handleInitialized
<initialized id="2483" timestamp="2020-09-12T19:22:44.321">
  <attribute name="gcPolicy" value="-Xgcpolicy:gencon" />
  <attribute name="maxHeapSize" value="0xe0000000" />
  <attribute name="initialHeapSize" value="0x800000" />
  <attribute name="compressedRefs" value="true" />
  <attribute name="compressedRefsDisplacement" value="0x0" />
  <attribute name="compressedRefsShift" value="0x0" />
  <attribute name="pageSize" value="0x1000" />
  <attribute name="pageType" value="not used" />
  <attribute name="requestedPageSize" value="0x1000" />
  <attribute name="requestedPageType" value="not used" />
  <attribute name="gcthreads" value="8" />
  <attribute name="packetListSplit" value="1" />
  <attribute name="cacheListSplit" value="1" />
  <attribute name="splitFreeListSplitAmount" value="1" />
  <attribute name="numaNodes" value="0" />
  <system>
    <attribute name="physicalMemory" value="16818675712" />
    <attribute name="numCPUs" value="8" />
    <attribute name="architecture" value="amd64" />
    <attribute name="os" value="Linux" />
    <attribute name="osVersion" value="4.15.0-117-generic" />
  </system>
  <vmargs>
    <vmarg name="-Xoptionsfile=/root/code/openj9-openjdk-jdk11/build/linux-x86_64-normal-server-release/jdk/lib/options.default" />
    <vmarg name="-Xlockword:mode=default,noLockword=java/lang/String,noLockword=java/util/MapEntry,noLockword=java/util/HashMap$Entry,noLockword..." />
    <vmarg name="-Xjcl:jclse29" />
    <vmarg name="-Dcom.ibm.oti.vm.bootstrap.library.path=/root/code/openj9-openjdk-jdk11/build/linux-x86_64-normal-server-release/jdk/lib/compre..." />
    <vmarg name="-Dsun.boot.library.path=/root/code/openj9-openjdk-jdk11/build/linux-x86_64-normal-server-release/jdk/lib/compressedrefs:/root/c..." />
    <vmarg name="-Djava.library.path=/root/code/openj9-openjdk-jdk11/build/linux-x86_64-normal-server-release/jdk/lib/compressedrefs:/root/code/..." />
    <vmarg name="-Djava.home=/root/code/openj9-openjdk-jdk11/build/linux-x86_64-normal-server-release/jdk" />
    <vmarg name="-Duser.dir=/root/specjbb2015" />
    <vmarg name="-verbose:gc" />
    <vmarg name="-Xmx3584M" />
    <vmarg name="-Xgc:noConcurrentMark" />
    <vmarg name="-Xtgc:parallel" />
    <vmarg name="-XX:-UseGCStartupHints" />
    <vmarg name="-Xgcpolicy:gencon" />
    <vmarg name="-Xverbosegclog:testOutput,5,100" />
    <vmarg name="-Djava.class.path=/root/specjbb2015/specjbb2015.jar" />
    <vmarg name="-Dsun.java.command=/root/specjbb2015/specjbb2015.jar -m COMPOSITE" />
    <vmarg name="-Dsun.java.launcher=SUN_STANDARD" />
    <vmarg name="-Dsun.java.launcher.pid=23170" />
  </vmargs>
</initialized>

!@: After Trigger

<exclusive-start id="2482" timestamp="2020-09-12T19:22:44.321" intervalms="2106.414">
  <response-info timems="0.404" idlems="0.404" threads="0" lastid="0000000000842200" lastname="Group1.Backend.CompositeBackend{Tier1}.6" />
</exclusive-start>
!@: handleInitialized
<initialized id="2483" timestamp="2020-09-12T19:22:44.321">
  <attribute name="gcPolicy" value="-Xgcpolicy:gencon" />
  <attribute name="maxHeapSize" value="0xe0000000" />
  <attribute name="initialHeapSize" value="0x800000" />
  <attribute name="compressedRefs" value="true" />
  <attribute name="compressedRefsDisplacement" value="0x0" />
  <attribute name="compressedRefsShift" value="0x0" />
  <attribute name="pageSize" value="0x1000" />
  <attribute name="pageType" value="not used" />
  <attribute name="requestedPageSize" value="0x1000" />
  <attribute name="requestedPageType" value="not used" />
  <attribute name="gcthreads" value="8" />
  <attribute name="packetListSplit" value="1" />
  <attribute name="cacheListSplit" value="1" />
  <attribute name="splitFreeListSplitAmount" value="1" />
  <attribute name="numaNodes" value="0" />
  <system>
    <attribute name="physicalMemory" value="16818675712" />
    <attribute name="numCPUs" value="8" />
    <attribute name="architecture" value="amd64" />
    <attribute name="os" value="Linux" />
    <attribute name="osVersion" value="4.15.0-117-generic" />
  </system>
  <vmargs>
    <vmarg name="-Xoptionsfile=/root/code/openj9-openjdk-jdk11/build/linux-x86_64-normal-server-release/jdk/lib/options.default" />
    <vmarg name="-Xlockword:mode=default,noLockword=java/lang/String,noLockword=java/util/MapEntry,noLockword=java/util/HashMap$Entry,noLockword..." />
    <vmarg name="-Xjcl:jclse29" />
    <vmarg name="-Dcom.ibm.oti.vm.bootstrap.library.path=/root/code/openj9-openjdk-jdk11/build/linux-x86_64-normal-server-release/jdk/lib/compre..." />
    <vmarg name="-Dsun.boot.library.path=/root/code/openj9-openjdk-jdk11/build/linux-x86_64-normal-server-release/jdk/lib/compressedrefs:/root/c..." />
    <vmarg name="-Djava.library.path=/root/code/openj9-openjdk-jdk11/build/linux-x86_64-normal-server-release/jdk/lib/compressedrefs:/root/code/..." />
    <vmarg name="-Djava.home=/root/code/openj9-openjdk-jdk11/build/linux-x86_64-normal-server-release/jdk" />
    <vmarg name="-Duser.dir=/root/specjbb2015" />
    <vmarg name="-verbose:gc" />
    <vmarg name="-Xmx3584M" />
    <vmarg name="-Xgc:noConcurrentMark" />
    <vmarg name="-Xtgc:parallel" />
    <vmarg name="-XX:-UseGCStartupHints" />
    <vmarg name="-Xgcpolicy:gencon" />
    <vmarg name="-Xverbosegclog:testOutput,5,100" />
    <vmarg name="-Djava.class.path=/root/specjbb2015/specjbb2015.jar" />
    <vmarg name="-Dsun.java.command=/root/specjbb2015/specjbb2015.jar -m COMPOSITE" />
    <vmarg name="-Dsun.java.launcher=SUN_STANDARD" />
    <vmarg name="-Dsun.java.launcher.pid=23170" />
  </vmargs>
<af-start id="2484" threadId="0000000000842B80" totalBytesRequested="664" timestamp="2020-09-12T19:22:44.322" intervalms="2106.482" type="nursery" />
<cycle-start id="2485" type="scavenge" contextid="0" timestamp="2020-09-12T19:22:44.322" intervalms="2106.476" />
<gc-start id="2486" type="scavenge" contextid="2485" timestamp="2020-09-12T19:22:44.322">
  <mem-info id="2487" free="402589744" total="2322726912" percent="17">
    <mem type="nursery" free="0" total="939524096" percent="0">
      <mem type="allocate" free="0" total="782172160" percent="0" />
      <mem type="survivor" free="0" total="157351936" percent="0" />
    </mem>
    <mem type="tenure" free="402589744" total="1383202816" percent="29">
      <mem type="soa" free="380878504" total="1300209664" percent="29" />
      <mem type="loa" free="21711240" total="82993152" percent="26" />
    </mem>
    <remembered-set count="191270" />
  </mem-info>
</gc-start>
<allocation-stats totalBytes="674558864" >
  <allocated-bytes non-tlh="34762456" tlh="639796408" />
  <largest-consumer threadName="Group1.Backend.CompositeBackend{Tier1}.3" threadId="0000000000845300" bytes="94722704" />
</allocation-stats>
<gc-op id="2488" type="scavenge" timems="86.756" contextid="2485" timestamp="2020-09-12T19:22:44.409">
  <scavenger-info tenureage="3" tenuremask="7ff8" tiltratio="83" />
  <memory-copied type="nursery" objects="3991786" bytes="107056248" bytesdiscarded="204776" />
  <memory-copied type="tenure" objects="1003733" bytes="26991984" bytesdiscarded="89832" />
  <ownableSynchronizers candidates="5778" cleared="4730" />
  <references type="soft" candidates="840" cleared="0" enqueued="0" dynamicThreshold="13" maxThreshold="32" />
  <references type="weak" candidates="113" cleared="113" enqueued="0" />
</gc-op>
<gc-end id="2489" type="scavenge" contextid="2485" durationms="87.527" usertimems="630.814" systemtimems="0.000" timestamp="2020-09-12T19:22:44.410" activeThreads="8">
  <mem-info id="2490" free="1057831720" total="2322726912" percent="45">
    <mem type="nursery" free="682305280" total="939524096" percent="72">
      <mem type="allocate" free="682305280" total="789643264" percent="86" />
      <mem type="survivor" free="0" total="149880832" percent="0" />
    </mem>
    <mem type="tenure" free="375526440" total="1383202816" percent="27" macro-fragmented="718068">
      <mem type="soa" free="353815200" total="1300209664" percent="27" />
      <mem type="loa" free="21711240" total="82993152" percent="26" />
    </mem>
    <remembered-set count="31596" />
  </mem-info>
</gc-end>
<cycle-end id="2491" type="scavenge" contextid="2485" timestamp="2020-09-12T19:22:44.411" />
<allocation-satisfied id="2492" threadId="0000000000842200" bytesRequested="664" />
<af-end id="2493" timestamp="2020-09-12T19:22:44.411" threadId="0000000000842B80" success="true" from="nursery"/>
<exclusive-end id="2494" timestamp="2020-09-12T19:22:44.411" durationms="90.587" />

<exclusive-start id="2495" timestamp="2020-09-12T19:22:46.265" intervalms="1944.040">
  <response-info timems="2.480" idlems="2.480" threads="0" lastid="0000000000846A00" lastname="Group1.Backend.CompositeBackend{Tier1}.4" />
</exclusive-start>
<af-start id="2496" threadId="0000000000847380" totalBytesRequested="304" timestamp="2020-09-12T19:22:46.266" intervalms="1943.887" type="nursery" />
<cycle-start id="2497" type="scavenge" contextid="0" timestamp="2020-09-12T19:22:46.266" intervalms="1943.901" />
<gc-start id="2498" type="scavenge" contextid="2497" timestamp="2020-09-12T19:22:46.267">
  <mem-info id="2499" free="375526440" total="2322726912" percent="16">
    <mem type="nursery" free="0" total="939524096" percent="0">
      <mem type="allocate" free="0" total="789643264" percent="0" />
      <mem type="survivor" free="0" total="149880832" percent="0" />
    </mem>
    <mem type="tenure" free="375526440" total="1383202816" percent="27">
      <mem type="soa" free="353815200" total="1300209664" percent="27" />
      <mem type="loa" free="21711240" total="82993152" percent="26" />
    </mem>
    <remembered-set count="193523" />
  </mem-info>
</gc-start>
<allocation-stats totalBytes="681988912" >
  <allocated-bytes non-tlh="35621864" tlh="646367048" />
  <largest-consumer threadName="Group1.Backend.CompositeBackend{Tier1}.3" threadId="0000000000845300" bytes="119173248" />
</allocation-stats>
<gc-op id="2500" type="scavenge" timems="92.106" contextid="2497" timestamp="2020-09-12T19:22:46.359">
  <scavenger-info tenureage="3" tenuremask="7ff8" tiltratio="84" />
  <memory-copied type="nursery" objects="3976613" bytes="106686032" bytesdiscarded="344424" />
  <memory-copied type="tenure" objects="1098090" bytes="29503432" bytesdiscarded="94144" />
  <ownableSynchronizers candidates="7233" cleared="6122" />
  <references type="soft" candidates="872" cleared="0" enqueued="0" dynamicThreshold="13" maxThreshold="32" />
  <references type="weak" candidates="113" cleared="113" enqueued="0" />
</gc-op>
<gc-end id="2501" type="scavenge" contextid="2497" durationms="93.185" usertimems="672.494" systemtimems="3.047" timestamp="2020-09-12T19:22:46.360" activeThreads="8">
  <mem-info id="2502" free="1034418280" total="2322726912" percent="44">
    <mem type="nursery" free="688487168" total="939524096" percent="73">
      <mem type="allocate" free="688487168" total="795607040" percent="86" />
      <mem type="survivor" free="0" total="143917056" percent="0" />
    </mem>
    <mem type="tenure" free="345931112" total="1383202816" percent="25" macro-fragmented="289786">
      <mem type="soa" free="324219872" total="1300209664" percent="24" />
      <mem type="loa" free="21711240" total="82993152" percent="26" />
    </mem>
    <remembered-set count="31492" />
  </mem-info>
</gc-end>
<cycle-end id="2503" type="scavenge" contextid="2497" timestamp="2020-09-12T19:22:46.361" />
<allocation-satisfied id="2504" threadId="0000000000846A00" bytesRequested="304" />
<af-end id="2505" timestamp="2020-09-12T19:22:46.361" threadId="0000000000847380" success="true" from="nursery"/>
<exclusive-end id="2506" timestamp="2020-09-12T19:22:46.361" durationms="96.318" />

<exclusive-start id="2507" timestamp="2020-09-12T19:22:48.531" intervalms="2265.652">
  <response-info timems="0.418" idlems="0.418" threads="0" lastid="0000000000845300" lastname="Group1.Backend.CompositeBackend{Tier1}.3" />
</exclusive-start>
<af-start id="2508" threadId="0000000000845C80" totalBytesRequested="16" timestamp="2020-09-12T19:22:48.531" intervalms="2265.650" type="nursery" />
<cycle-start id="2509" type="scavenge" contextid="0" timestamp="2020-09-12T19:22:48.531" intervalms="2265.637" />
<gc-start id="2510" type="scavenge" contextid="2509" timestamp="2020-09-12T19:22:48.532">
  <mem-info id="2511" free="345931112" total="2322726912" percent="14">
    <mem type="nursery" free="0" total="939524096" percent="0">
      <mem type="allocate" free="0" total="795607040" percent="0" />
      <mem type="survivor" free="0" total="143917056" percent="0" />
    </mem>
    <mem type="tenure" free="345931112" total="1383202816" percent="25">
      <mem type="soa" free="324219872" total="1300209664" percent="24" />
      <mem type="loa" free="21711240" total="82993152" percent="26" />
    </mem>
    <remembered-set count="199738" />
  </mem-info>
</gc-start>
<allocation-stats totalBytes="688145864" >
  <allocated-bytes non-tlh="24527624" tlh="663618240" />
  <largest-consumer threadName="Group1.Backend.CompositeBackend{Tier1}.6" threadId="0000000000842200" bytes="111414032" />
</allocation-stats>
<gc-op id="2512" type="scavenge" timems="99.340" contextid="2509" timestamp="2020-09-12T19:22:48.631">
  <scavenger-info tenureage="3" tenuremask="7ff8" tiltratio="84" />
  <memory-copied type="nursery" objects="4171916" bytes="111598488" bytesdiscarded="170616" />
  <memory-copied type="tenure" objects="1045029" bytes="28096072" bytesdiscarded="86688" />
  <ownableSynchronizers candidates="6156" cleared="5062" />
  <references type="soft" candidates="881" cleared="0" enqueued="0" dynamicThreshold="13" maxThreshold="32" />
  <references type="weak" candidates="107" cleared="107" enqueued="0" />
</gc-op>
<gc-end id="2513" type="scavenge" contextid="2509" durationms="100.187" usertimems="754.493" systemtimems="2.286" timestamp="2020-09-12T19:22:48.632" activeThreads="8">
  <mem-info id="2514" free="1004144872" total="2322726912" percent="43">
    <mem type="nursery" free="686436600" total="939524096" percent="73">
      <mem type="allocate" free="686436600" total="798294016" percent="85" />
      <mem type="survivor" free="0" total="141230080" percent="0" />
    </mem>
    <mem type="tenure" free="317708272" total="1383202816" percent="22" macro-fragmented="206857">
      <mem type="soa" free="295997032" total="1300209664" percent="22" />
      <mem type="loa" free="21711240" total="82993152" percent="26" />
    </mem>
    <remembered-set count="32349" />
  </mem-info>
</gc-end>
<cycle-end id="2515" type="scavenge" contextid="2509" timestamp="2020-09-12T19:22:48.633" />
<allocation-satisfied id="2516" threadId="0000000000845300" bytesRequested="16" />
<af-end id="2517" timestamp="2020-09-12T19:22:48.633" threadId="0000000000845C80" success="true" from="nursery"/>
<exclusive-end id="2518" timestamp="2020-09-12T19:22:48.633" durationms="102.064" />

<exclusive-start id="2519" timestamp="2020-09-12T19:22:50.508" intervalms="1977.898">
  <response-info timems="0.442" idlems="0.442" threads="0" lastid="0000000000841700" lastname="Group1.Backend.CompositeBackend{Tier1}.5" />
</exclusive-start>
<af-start id="2520" threadId="0000000000842080" totalBytesRequested="267280" timestamp="2020-09-12T19:22:50.509" intervalms="1977.831" type="nursery" />
<cycle-start id="2521" type="scavenge" contextid="0" timestamp="2020-09-12T19:22:50.509" intervalms="1977.836" />
<gc-start id="2522" type="scavenge" contextid="2521" timestamp="2020-09-12T19:22:50.510">
  <mem-info id="2523" free="317735296" total="2322726912" percent="13">
    <mem type="nursery" free="27024" total="939524096" percent="0">
      <mem type="allocate" free="27024" total="798294016" percent="0" />
      <mem type="survivor" free="0" total="141230080" percent="0" />
    </mem>
    <mem type="tenure" free="317708272" total="1383202816" percent="22">
      <mem type="soa" free="295997032" total="1300209664" percent="22" />
      <mem type="loa" free="21711240" total="82993152" percent="26" />
    </mem>
    <remembered-set count="192138" />
  </mem-info>
</gc-start>
<allocation-stats totalBytes="686087624" >
  <allocated-bytes non-tlh="39737192" tlh="646350432" />
  <largest-consumer threadName="Group1.Backend.CompositeBackend{Tier1}.4" threadId="0000000000846A00" bytes="86698720" />
</allocation-stats>
<gc-op id="2524" type="scavenge" timems="99.849" contextid="2521" timestamp="2020-09-12T19:22:50.609">
  <scavenger-info tenureage="3" tenuremask="7ff8" tiltratio="84" />
  <memory-copied type="nursery" objects="4310838" bytes="114741328" bytesdiscarded="418032" />
  <memory-copied type="tenure" objects="1060557" bytes="28517208" bytesdiscarded="97288" />
  <ownableSynchronizers candidates="5182" cleared="4108" />
  <references type="soft" candidates="864" cleared="0" enqueued="0" dynamicThreshold="13" maxThreshold="32" />
  <references type="weak" candidates="117" cleared="117" enqueued="0" />
</gc-op>
<gc-end id="2525" type="scavenge" contextid="2521" durationms="100.714" usertimems="769.483" systemtimems="2.162" timestamp="2020-09-12T19:22:50.610" activeThreads="8">
  <mem-info id="2526" free="973996232" total="2322726912" percent="41">
    <mem type="nursery" free="684888552" total="939524096" percent="72">
      <mem type="allocate" free="684888552" total="800129024" percent="85" />
      <mem type="survivor" free="0" total="139395072" percent="0" />
    </mem>
    <mem type="tenure" free="289107680" total="1383202816" percent="20" macro-fragmented="642238">
      <mem type="soa" free="267396440" total="1300209664" percent="20" />
      <mem type="loa" free="21711240" total="82993152" percent="26" />
    </mem>
    <remembered-set count="32108" />
  </mem-info>
</gc-end>
<cycle-end id="2527" type="scavenge" contextid="2521" timestamp="2020-09-12T19:22:50.611" />
<allocation-satisfied id="2528" threadId="0000000000841700" bytesRequested="267280" />
<af-end id="2529" timestamp="2020-09-12T19:22:50.611" threadId="0000000000842080" success="true" from="nursery"/>
<exclusive-end id="2530" timestamp="2020-09-12T19:22:50.611" durationms="102.560" />

<exclusive-start id="2531" timestamp="2020-09-12T19:22:52.706" intervalms="2197.574">
  <response-info timems="0.343" idlems="0.343" threads="0" lastid="0000000000841700" lastname="Group1.Backend.CompositeBackend{Tier1}.5" />
</exclusive-start>
<af-start id="2532" threadId="0000000000842080" totalBytesRequested="1032" timestamp="2020-09-12T19:22:52.707" intervalms="2197.651" type="nursery" />
<cycle-start id="2533" type="scavenge" contextid="0" timestamp="2020-09-12T19:22:52.707" intervalms="2197.671" />
<gc-start id="2534" type="scavenge" contextid="2533" timestamp="2020-09-12T19:22:52.707">
  <mem-info id="2535" free="289107680" total="2322726912" percent="12">
    <mem type="nursery" free="0" total="939524096" percent="0">
      <mem type="allocate" free="0" total="800129024" percent="0" />
      <mem type="survivor" free="0" total="139395072" percent="0" />
    </mem>
    <mem type="tenure" free="289107680" total="1383202816" percent="20">
      <mem type="soa" free="267396440" total="1300209664" percent="20" />
      <mem type="loa" free="21711240" total="82993152" percent="26" />
    </mem>
    <remembered-set count="197575" />
  </mem-info>
</gc-start>
<allocation-stats totalBytes="684549568" >
  <allocated-bytes non-tlh="28958040" tlh="655591528" />
  <largest-consumer threadName="Group1.Backend.CompositeBackend{Tier1}.1" threadId="000000000077E000" bytes="120790272" />
</allocation-stats>
<gc-op id="2536" type="scavenge" timems="84.364" contextid="2533" timestamp="2020-09-12T19:22:52.792">
  <scavenger-info tenureage="3" tenuremask="7ff8" tiltratio="85" />
  <memory-copied type="nursery" objects="4183906" bytes="112179016" bytesdiscarded="183664" />
  <memory-copied type="tenure" objects="1050966" bytes="28252112" bytesdiscarded="94320" />
  <ownableSynchronizers candidates="5516" cleared="4464" />
  <references type="soft" candidates="790" cleared="0" enqueued="0" dynamicThreshold="13" maxThreshold="32" />
  <references type="weak" candidates="113" cleared="113" enqueued="0" />
</gc-op>
<gc-end id="2537" type="scavenge" contextid="2533" durationms="85.327" usertimems="659.283" systemtimems="0.000" timestamp="2020-09-12T19:22:52.793" activeThreads="8">
  <mem-info id="2538" free="950702392" total="2322726912" percent="40">
    <mem type="nursery" free="689838848" total="939524096" percent="73">
      <mem type="allocate" free="689838848" total="802291712" percent="85" />
      <mem type="survivor" free="0" total="137232384" percent="0" />
    </mem>
    <mem type="tenure" free="260863544" total="1383202816" percent="18" macro-fragmented="0">
      <mem type="soa" free="239152304" total="1300209664" percent="18" />
      <mem type="loa" free="21711240" total="82993152" percent="26" />
    </mem>
    <remembered-set count="31270" />
  </mem-info>
</gc-end>
<cycle-end id="2539" type="scavenge" contextid="2533" timestamp="2020-09-12T19:22:52.793" />
<allocation-satisfied id="2540" threadId="0000000000841700" bytesRequested="1032" />
<af-end id="2541" timestamp="2020-09-12T19:22:52.793" threadId="0000000000842080" success="true" from="nursery"/>
<exclusive-end id="2542" timestamp="2020-09-12T19:22:52.793" durationms="87.250" />

<exclusive-start id="2543" timestamp="2020-09-12T19:22:54.825" intervalms="2119.255">
  <response-info timems="0.588" idlems="0.588" threads="0" lastid="0000000000842200" lastname="Group1.Backend.CompositeBackend{Tier1}.6" />
</exclusive-start>
<af-start id="2544" threadId="0000000000842B80" totalBytesRequested="24" timestamp="2020-09-12T19:22:54.826" intervalms="2119.264" type="nursery" />
<cycle-start id="2545" type="scavenge" contextid="0" timestamp="2020-09-12T19:22:54.826" intervalms="2119.237" />
<gc-start id="2546" type="scavenge" contextid="2545" timestamp="2020-09-12T19:22:54.827">
  <mem-info id="2547" free="260863544" total="2322726912" percent="11">
    <mem type="nursery" free="0" total="939524096" percent="0">
      <mem type="allocate" free="0" total="802291712" percent="0" />
      <mem type="survivor" free="0" total="137232384" percent="0" />
    </mem>
    <mem type="tenure" free="260863544" total="1383202816" percent="18">
      <mem type="soa" free="239152304" total="1300209664" percent="18" />
      <mem type="loa" free="21711240" total="82993152" percent="26" />
    </mem>
    <remembered-set count="196895" />
  </mem-info>
</gc-start>
<allocation-stats totalBytes="689513984" >
  <allocated-bytes non-tlh="31275144" tlh="658238840" />
  <largest-consumer threadName="Group1.Backend.CompositeBackend{Tier1}.1" threadId="000000000077E000" bytes="108915040" />
</allocation-stats>
<gc-op id="2548" type="scavenge" timems="100.922" contextid="2545" timestamp="2020-09-12T19:22:54.928">
  <scavenger-info tenureage="3" tenuremask="7ff8" tiltratio="85" />
  <memory-copied type="nursery" objects="4043110" bytes="108548032" bytesdiscarded="212224" />
  <memory-copied type="tenure" objects="1155274" bytes="31082760" bytesdiscarded="105048" />
  <ownableSynchronizers candidates="5259" cleared="4324" />
  <references type="soft" candidates="760" cleared="0" enqueued="0" dynamicThreshold="13" maxThreshold="32" />
  <references type="weak" candidates="103" cleared="101" enqueued="0" />
</gc-op>
<gc-end id="2549" type="scavenge" contextid="2545" durationms="101.906" usertimems="765.435" systemtimems="0.000" timestamp="2020-09-12T19:22:54.928" activeThreads="8">
  <mem-info id="2550" free="925390976" total="2322726912" percent="39">
    <mem type="nursery" free="695743744" total="939524096" percent="74">
      <mem type="allocate" free="695743744" total="804585472" percent="86" />
      <mem type="survivor" free="0" total="134938624" percent="0" />
    </mem>
    <mem type="tenure" free="229647232" total="1383202816" percent="16" macro-fragmented="0">
      <mem type="soa" free="207935992" total="1300209664" percent="15" />
      <mem type="loa" free="21711240" total="82993152" percent="26" />
    </mem>
    <remembered-set count="32672" />
  </mem-info>
</gc-end>
<cycle-end id="2551" type="scavenge" contextid="2545" timestamp="2020-09-12T19:22:54.929" />
<allocation-satisfied id="2552" threadId="0000000000842200" bytesRequested="24" />
<af-end id="2553" timestamp="2020-09-12T19:22:54.929" threadId="0000000000842B80" success="true" from="nursery"/>
<exclusive-end id="2554" timestamp="2020-09-12T19:22:54.929" durationms="103.804" />

<exclusive-start id="2555" timestamp="2020-09-12T19:22:56.882" intervalms="2056.278">
  <response-info timems="0.450" idlems="0.343" threads="1" lastid="000000000077E000" lastname="Group1.Backend.CompositeBackend{Tier1}.1" />
</exclusive-start>
<af-start id="2556" threadId="0000000000845C80" totalBytesRequested="24" timestamp="2020-09-12T19:22:56.882" intervalms="2056.223" type="nursery" />
<cycle-start id="2557" type="scavenge" contextid="0" timestamp="2020-09-12T19:22:56.882" intervalms="2056.243" />
<gc-start id="2558" type="scavenge" contextid="2557" timestamp="2020-09-12T19:22:56.883">
  <mem-info id="2559" free="229647232" total="2322726912" percent="9">
    <mem type="nursery" free="0" total="939524096" percent="0">
      <mem type="allocate" free="0" total="804585472" percent="0" />
      <mem type="survivor" free="0" total="134938624" percent="0" />
    </mem>
    <mem type="tenure" free="229647232" total="1383202816" percent="16">
      <mem type="soa" free="207935992" total="1300209664" percent="15" />
      <mem type="loa" free="21711240" total="82993152" percent="26" />
    </mem>
    <remembered-set count="194236" />
  </mem-info>
</gc-start>
<allocation-stats totalBytes="695430328" >
  <allocated-bytes non-tlh="38359032" tlh="657071296" />
  <largest-consumer threadName="Group1.Backend.CompositeBackend{Tier1}.7" threadId="0000000000842E00" bytes="118908672" />
</allocation-stats>
<gc-op id="2560" type="scavenge" timems="99.591" contextid="2557" timestamp="2020-09-12T19:22:56.982">
  <scavenger-info tenureage="3" tenuremask="7ff8" tiltratio="85" />
  <memory-copied type="nursery" objects="4410872" bytes="116563960" bytesdiscarded="232024" />
  <memory-copied type="tenure" objects="1039233" bytes="27930752" bytesdiscarded="107472" />
  <ownableSynchronizers candidates="4861" cleared="3998" />
  <references type="soft" candidates="744" cleared="0" enqueued="0" dynamicThreshold="13" maxThreshold="32" />
  <references type="weak" candidates="128" cleared="128" enqueued="0" />
</gc-op>
<gc-end id="2561" type="scavenge" contextid="2557" durationms="100.411" usertimems="775.698" systemtimems="0.000" timestamp="2020-09-12T19:22:56.983" activeThreads="8">
  <mem-info id="2562" free="885631552" total="2322726912" percent="38">
    <mem type="nursery" free="684039400" total="939524096" percent="72">
      <mem type="allocate" free="684039400" total="800915456" percent="85" />
      <mem type="survivor" free="0" total="138608640" percent="0" />
    </mem>
    <mem type="tenure" free="201592152" total="1383202816" percent="14" macro-fragmented="0">
      <mem type="soa" free="179880912" total="1300209664" percent="13" />
      <mem type="loa" free="21711240" total="82993152" percent="26" />
    </mem>
    <remembered-set count="31539" />
  </mem-info>
</gc-end>
<cycle-end id="2563" type="scavenge" contextid="2557" timestamp="2020-09-12T19:22:56.984" />
<allocation-satisfied id="2564" threadId="0000000000845300" bytesRequested="24" />
<af-end id="2565" timestamp="2020-09-12T19:22:56.984" threadId="0000000000845C80" success="true" from="nursery"/>
<exclusive-end id="2566" timestamp="2020-09-12T19:22:56.984" durationms="102.225" />

<exclusive-start id="2567" timestamp="2020-09-12T19:22:59.003" intervalms="2121.036">
  <response-info timems="0.418" idlems="0.418" threads="0" lastid="0000000000846A00" lastname="Group1.Backend.CompositeBackend{Tier1}.4" />
</exclusive-start>
<af-start id="2568" threadId="0000000000847380" totalBytesRequested="120" timestamp="2020-09-12T19:22:59.004" intervalms="2121.400" type="nursery" />
<cycle-start id="2569" type="scavenge" contextid="0" timestamp="2020-09-12T19:22:59.004" intervalms="2121.385" />
<gc-start id="2570" type="scavenge" contextid="2569" timestamp="2020-09-12T19:22:59.004">
  <mem-info id="2571" free="201592152" total="2322726912" percent="8">
    <mem type="nursery" free="0" total="939524096" percent="0">
      <mem type="allocate" free="0" total="800915456" percent="0" />
      <mem type="survivor" free="0" total="138608640" percent="0" />
    </mem>
    <mem type="tenure" free="201592152" total="1383202816" percent="14">
      <mem type="soa" free="179880912" total="1300209664" percent="13" />
      <mem type="loa" free="21711240" total="82993152" percent="26" />
    </mem>
    <remembered-set count="194925" />
  </mem-info>
</gc-start>
<allocation-stats totalBytes="683718568" >
  <allocated-bytes non-tlh="32208272" tlh="651510296" />
  <largest-consumer threadName="Group1.Backend.CompositeBackend{Tier1}.7" threadId="0000000000842E00" bytes="100995048" />
</allocation-stats>
<gc-op id="2572" type="scavenge" timems="94.289" contextid="2569" timestamp="2020-09-12T19:22:59.098">
  <scavenger-info tenureage="3" tenuremask="7ff8" tiltratio="85" />
  <memory-copied type="nursery" objects="4085921" bytes="109669216" bytesdiscarded="190064" />
  <memory-copied type="tenure" objects="1124460" bytes="30234280" bytesdiscarded="132824" />
  <ownableSynchronizers candidates="4265" cleared="3468" />
  <references type="soft" candidates="700" cleared="0" enqueued="0" dynamicThreshold="13" maxThreshold="32" />
  <references type="weak" candidates="128" cleared="128" enqueued="0" />
</gc-op>
<gc-end id="2573" type="scavenge" contextid="2569" durationms="95.270" usertimems="688.687" systemtimems="6.028" timestamp="2020-09-12T19:22:59.099" activeThreads="8">
  <mem-info id="2574" free="863825448" total="2322726912" percent="37">
    <mem type="nursery" free="692545280" total="939524096" percent="73">
      <mem type="allocate" free="692545280" total="802488320" percent="86" />
      <mem type="survivor" free="0" total="137035776" percent="0" />
    </mem>
    <mem type="tenure" free="171280168" total="1383202816" percent="12" macro-fragmented="295162">
      <mem type="soa" free="149568928" total="1300209664" percent="11" />
      <mem type="loa" free="21711240" total="82993152" percent="26" />
    </mem>
    <remembered-set count="30870" />
  </mem-info>
</gc-end>
<cycle-end id="2575" type="scavenge" contextid="2569" timestamp="2020-09-12T19:22:59.100" />
<allocation-satisfied id="2576" threadId="0000000000846A00" bytesRequested="120" />
<af-end id="2577" timestamp="2020-09-12T19:22:59.100" threadId="0000000000847380" success="true" from="nursery"/>
<exclusive-end id="2578" timestamp="2020-09-12T19:22:59.100" durationms="97.572" />

<exclusive-start id="2579" timestamp="2020-09-12T19:23:01.156" intervalms="2153.770">
  <response-info timems="0.487" idlems="0.251" threads="2" lastid="0000000000842E00" lastname="Group1.Backend.CompositeBackend{Tier1}.7" />
</exclusive-start>
<af-start id="2580" threadId="000000000077E980" totalBytesRequested="520" timestamp="2020-09-12T19:23:01.157" intervalms="2153.285" type="nursery" />
<cycle-start id="2581" type="scavenge" contextid="0" timestamp="2020-09-12T19:23:01.157" intervalms="2153.273" />
<gc-start id="2582" type="scavenge" contextid="2581" timestamp="2020-09-12T19:23:01.157">
  <mem-info id="2583" free="171280168" total="2322726912" percent="7">
    <mem type="nursery" free="0" total="939524096" percent="0">
      <mem type="allocate" free="0" total="802488320" percent="0" />
      <mem type="survivor" free="0" total="137035776" percent="0" />
    </mem>
    <mem type="tenure" free="171280168" total="1383202816" percent="12">
      <mem type="soa" free="149568928" total="1300209664" percent="11" />
      <mem type="loa" free="21711240" total="82993152" percent="26" />
    </mem>
    <remembered-set count="196251" />
  </mem-info>
</gc-start>
<allocation-stats totalBytes="692189848" >
  <allocated-bytes non-tlh="29074680" tlh="663115168" />
  <largest-consumer threadName="Group1.Backend.CompositeBackend{Tier1}.8" threadId="0000000000843900" bytes="99619416" />
</allocation-stats>
<gc-op id="2584" type="scavenge" timems="108.782" contextid="2581" timestamp="2020-09-12T19:23:01.266">
  <scavenger-info tenureage="3" tenuremask="7ff8" tiltratio="85" />
  <memory-copied type="nursery" objects="4111219" bytes="110359688" bytesdiscarded="376016" />
  <memory-copied type="tenure" objects="1126946" bytes="30294168" bytesdiscarded="116096" />
  <ownableSynchronizers candidates="5966" cleared="5166" />
  <references type="soft" candidates="743" cleared="0" enqueued="0" dynamicThreshold="13" maxThreshold="32" />
  <references type="weak" candidates="103" cleared="103" enqueued="0" />
</gc-op>
<gc-end id="2585" type="scavenge" contextid="2581" durationms="109.765" usertimems="752.615" systemtimems="12.279" timestamp="2020-09-12T19:23:01.267" activeThreads="8">
  <mem-info id="2586" free="835102576" total="2322726912" percent="35">
    <mem type="nursery" free="694217984" total="939524096" percent="73">
      <mem type="allocate" free="694217984" total="805044224" percent="86" />
      <mem type="survivor" free="0" total="134479872" percent="0" />
    </mem>
    <mem type="tenure" free="140884592" total="1383202816" percent="10" macro-fragmented="0">
      <mem type="soa" free="119173352" total="1300209664" percent="9" />
      <mem type="loa" free="21711240" total="82993152" percent="26" />
    </mem>
    <remembered-set count="30243" />
  </mem-info>
</gc-end>
<cycle-end id="2587" type="scavenge" contextid="2581" timestamp="2020-09-12T19:23:01.268" />
<allocation-satisfied id="2588" threadId="000000000077E000" bytesRequested="520" />
<af-end id="2589" timestamp="2020-09-12T19:23:01.268" threadId="000000000077E980" success="true" from="nursery"/>
<exclusive-end id="2590" timestamp="2020-09-12T19:23:01.268" durationms="111.471" />

<exclusive-start id="2591" timestamp="2020-09-12T19:23:03.229" intervalms="2072.877">
  <response-info timems="0.451" idlems="0.228" threads="1" lastid="0000000000846A00" lastname="Group1.Backend.CompositeBackend{Tier1}.4" />
</exclusive-start>
<af-start id="2592" threadId="000000000077E980" totalBytesRequested="32" timestamp="2020-09-12T19:23:03.230" intervalms="2073.042" type="nursery" />
<cycle-start id="2593" type="scavenge" contextid="0" timestamp="2020-09-12T19:23:03.230" intervalms="2073.045" />
<gc-start id="2594" type="scavenge" contextid="2593" timestamp="2020-09-12T19:23:03.230">
  <mem-info id="2595" free="140884592" total="2322726912" percent="6">
    <mem type="nursery" free="0" total="939524096" percent="0">
      <mem type="allocate" free="0" total="805044224" percent="0" />
      <mem type="survivor" free="0" total="134479872" percent="0" />
    </mem>
    <mem type="tenure" free="140884592" total="1383202816" percent="10">
      <mem type="soa" free="119173352" total="1300209664" percent="9" />
      <mem type="loa" free="21711240" total="82993152" percent="26" />
    </mem>
    <remembered-set count="191173" />
  </mem-info>
</gc-start>
<allocation-stats totalBytes="693889160" >
  <allocated-bytes non-tlh="35416376" tlh="658472784" />
  <largest-consumer threadName="Group1.Backend.CompositeBackend{Tier1}.1" threadId="000000000077E000" bytes="104060328" />
</allocation-stats>
<gc-op id="2596" type="scavenge" timems="113.579" contextid="2593" timestamp="2020-09-12T19:23:03.344">
  <scavenger-info tenureage="3" tenuremask="7ff8" tiltratio="85" />
  <memory-copied type="nursery" objects="4324193" bytes="115274448" bytesdiscarded="452544" />
  <memory-copied type="tenure" objects="1069941" bytes="28751936" bytesdiscarded="111336" />
  <ownableSynchronizers candidates="5622" cleared="4828" />
  <references type="soft" candidates="789" cleared="0" enqueued="0" dynamicThreshold="13" maxThreshold="32" />
  <references type="weak" candidates="118" cleared="117" enqueued="0" />
</gc-op>
<gc-end id="2597" type="scavenge" contextid="2593" durationms="114.623" usertimems="838.456" systemtimems="10.103" timestamp="2020-09-12T19:23:03.345" activeThreads="8">
  <mem-info id="2598" free="801051512" total="2322726912" percent="34">
    <mem type="nursery" free="689097696" total="939524096" percent="73">
      <mem type="allocate" free="689097696" total="804913152" percent="85" />
      <mem type="survivor" free="0" total="134610944" percent="0" />
    </mem>
    <mem type="tenure" free="111953816" total="1383202816" percent="8" macro-fragmented="0">
      <mem type="soa" free="90242576" total="1300209664" percent="6" />
      <mem type="loa" free="21711240" total="82993152" percent="26" />
    </mem>
    <remembered-set count="28730" />
  </mem-info>
</gc-end>
<cycle-end id="2599" type="scavenge" contextid="2593" timestamp="2020-09-12T19:23:03.346" />
<allocation-satisfied id="2600" threadId="000000000077E000" bytesRequested="32" />
<af-end id="2601" timestamp="2020-09-12T19:23:03.346" threadId="000000000077E980" success="true" from="nursery"/>
<exclusive-end id="2602" timestamp="2020-09-12T19:23:03.346" durationms="116.643" />

<exclusive-start id="2603" timestamp="2020-09-12T19:23:05.352" intervalms="2122.779">
  <response-info timems="1.566" idlems="1.566" threads="0" lastid="0000000000841700" lastname="Group1.Backend.CompositeBackend{Tier1}.5" />
</exclusive-start>
<af-start id="2604" threadId="0000000000842080" totalBytesRequested="1032" timestamp="2020-09-12T19:23:05.353" intervalms="2122.815" type="nursery" />
<cycle-start id="2605" type="scavenge" contextid="0" timestamp="2020-09-12T19:23:05.353" intervalms="2122.834" />
<gc-start id="2606" type="scavenge" contextid="2605" timestamp="2020-09-12T19:23:05.353">
  <mem-info id="2607" free="111953816" total="2322726912" percent="4">
    <mem type="nursery" free="0" total="939524096" percent="0">
      <mem type="allocate" free="0" total="804913152" percent="0" />
      <mem type="survivor" free="0" total="134610944" percent="0" />
    </mem>
    <mem type="tenure" free="111953816" total="1383202816" percent="8">
      <mem type="soa" free="90242576" total="1300209664" percent="6" />
      <mem type="loa" free="21711240" total="82993152" percent="26" />
    </mem>
    <remembered-set count="191979" />
  </mem-info>
</gc-start>
<allocation-stats totalBytes="688773184" >
  <allocated-bytes non-tlh="31708056" tlh="657065128" />
  <largest-consumer threadName="Group1.Backend.CompositeBackend{Tier1}.8" threadId="0000000000843900" bytes="119262288" />
</allocation-stats>
<gc-op id="2608" type="scavenge" timems="138.800" contextid="2605" timestamp="2020-09-12T19:23:05.492">
  <scavenger-info tenureage="3" tenuremask="7ff8" tiltratio="85" />
  <memory-copied type="nursery" objects="4218907" bytes="113382008" bytesdiscarded="149424" />
  <memory-copied type="tenure" objects="1090524" bytes="29333488" bytesdiscarded="132976" />
  <ownableSynchronizers candidates="5222" cleared="4420" />
  <references type="soft" candidates="820" cleared="0" enqueued="0" dynamicThreshold="13" maxThreshold="32" />
  <references type="weak" candidates="137" cleared="137" enqueued="0" />
</gc-op>
<gc-end id="2609" type="scavenge" contextid="2605" durationms="140.474" usertimems="915.784" systemtimems="15.372" timestamp="2020-09-12T19:23:05.494" activeThreads="8">
  <mem-info id="2610" free="774955208" total="2322726912" percent="33">
    <mem type="nursery" free="692412848" total="939524096" percent="73">
      <mem type="allocate" free="692412848" total="806027264" percent="85" />
      <mem type="survivor" free="0" total="133496832" percent="0" />
    </mem>
    <mem type="tenure" free="82542360" total="1383202816" percent="5" macro-fragmented="0">
      <mem type="soa" free="60831120" total="1300209664" percent="4" />
      <mem type="loa" free="21711240" total="82993152" percent="26" />
    </mem>
    <remembered-set count="28757" />
  </mem-info>
</gc-end>
<cycle-end id="2611" type="scavenge" contextid="2605" timestamp="2020-09-12T19:23:05.504" />
<allocation-satisfied id="2612" threadId="0000000000841700" bytesRequested="1032" />
<af-end id="2613" timestamp="2020-09-12T19:23:05.504" threadId="0000000000842080" success="true" from="nursery"/>
<exclusive-end id="2614" timestamp="2020-09-12T19:23:05.504" durationms="152.354" />

<exclusive-start id="2615" timestamp="2020-09-12T19:23:07.456" intervalms="2103.743">
  <response-info timems="0.444" idlems="0.444" threads="0" lastid="0000000000842200" lastname="Group1.Backend.CompositeBackend{Tier1}.6" />
</exclusive-start>
<af-start id="2616" threadId="0000000000842B80" totalBytesRequested="267048" timestamp="2020-09-12T19:23:07.457" intervalms="2103.705" type="nursery" />
<cycle-start id="2617" type="scavenge" contextid="0" timestamp="2020-09-12T19:23:07.457" intervalms="2103.688" />
<gc-start id="2618" type="scavenge" contextid="2617" timestamp="2020-09-12T19:23:07.457">
  <mem-info id="2619" free="82804576" total="2322726912" percent="3">
    <mem type="nursery" free="262216" total="939524096" percent="0">
      <mem type="allocate" free="262216" total="806027264" percent="0" />
      <mem type="survivor" free="0" total="133496832" percent="0" />
    </mem>
    <mem type="tenure" free="82542360" total="1383202816" percent="5">
      <mem type="soa" free="60831120" total="1300209664" percent="4" />
      <mem type="loa" free="21711240" total="82993152" percent="26" />
    </mem>
    <remembered-set count="193562" />
  </mem-info>
</gc-start>
<allocation-stats totalBytes="691821064" >
  <allocated-bytes non-tlh="33292648" tlh="658528416" />
  <largest-consumer threadName="Group1.Backend.CompositeBackend{Tier1}.3" threadId="0000000000845300" bytes="112744288" />
</allocation-stats>
<gc-op id="2620" type="scavenge" timems="107.568" contextid="2617" timestamp="2020-09-12T19:23:07.565">
  <scavenger-info tenureage="3" tenuremask="7ff8" tiltratio="85" />
  <memory-copied type="nursery" objects="4419077" bytes="117361344" bytesdiscarded="557664" />
  <memory-copied type="tenure" objects="1128608" bytes="30369880" bytesdiscarded="126360" />
  <ownableSynchronizers candidates="4768" cleared="3944" />
  <references type="soft" candidates="762" cleared="0" enqueued="0" dynamicThreshold="13" maxThreshold="32" />
  <references type="weak" candidates="108" cleared="108" enqueued="0" />
</gc-op>
<gc-end id="2621" type="scavenge" contextid="2617" durationms="108.430" usertimems="818.323" systemtimems="9.530" timestamp="2020-09-12T19:23:07.566" activeThreads="8">
  <mem-info id="2622" free="738075464" total="2322726912" percent="31">
    <mem type="nursery" free="686059136" total="939524096" percent="73">
      <mem type="allocate" free="686059136" total="804061184" percent="85" />
      <mem type="survivor" free="0" total="135462912" percent="0" />
    </mem>
    <mem type="tenure" free="52016328" total="1383202816" percent="3" macro-fragmented="13375613">
      <mem type="soa" free="30305088" total="1300209664" percent="2" />
      <mem type="loa" free="21711240" total="82993152" percent="26" />
    </mem>
    <remembered-set count="30798" />
  </mem-info>
</gc-end>
<cycle-end id="2623" type="scavenge" contextid="2617" timestamp="2020-09-12T19:23:07.566" />
<allocation-satisfied id="2624" threadId="0000000000842200" bytesRequested="267048" />
<af-end id="2625" timestamp="2020-09-12T19:23:07.566" threadId="0000000000842B80" success="true" from="nursery"/>
<exclusive-end id="2626" timestamp="2020-09-12T19:23:07.566" durationms="110.713" />

<exclusive-start id="2627" timestamp="2020-09-12T19:23:09.563" intervalms="2106.890">
  <response-info timems="0.341" idlems="0.341" threads="0" lastid="0000000000845300" lastname="Group1.Backend.CompositeBackend{Tier1}.3" />
</exclusive-start>
<af-start id="2628" threadId="0000000000845C80" totalBytesRequested="16" timestamp="2020-09-12T19:23:09.563" intervalms="2106.884" type="nursery" />
<cycle-start id="2629" type="scavenge" contextid="0" timestamp="2020-09-12T19:23:09.564" intervalms="2106.906" />
<gc-start id="2630" type="scavenge" contextid="2629" timestamp="2020-09-12T19:23:09.564">
  <mem-info id="2631" free="52016328" total="2322726912" percent="2">
    <mem type="nursery" free="0" total="939524096" percent="0">
      <mem type="allocate" free="0" total="804061184" percent="0" />
      <mem type="survivor" free="0" total="135462912" percent="0" />
    </mem>
    <mem type="tenure" free="52016328" total="1383202816" percent="3">
      <mem type="soa" free="30305088" total="1300209664" percent="2" />
      <mem type="loa" free="21711240" total="82993152" percent="26" />
    </mem>
    <remembered-set count="194249" />
  </mem-info>
</gc-start>
<allocation-stats totalBytes="685726544" >
  <allocated-bytes non-tlh="33492696" tlh="652233848" />
  <largest-consumer threadName="Group1.Backend.CompositeBackend{Tier1}.4" threadId="0000000000846A00" bytes="123987568" />
</allocation-stats>
<gc-op id="2632" type="scavenge" timems="129.930" contextid="2629" timestamp="2020-09-12T19:23:09.694">
  <scavenger-info tenureage="3" tenuremask="7ff8" tiltratio="85" />
  <memory-copied type="nursery" objects="4930873" bytes="129102696" bytesdiscarded="154896" />
  <memory-copied type="tenure" objects="1065488" bytes="28674784" bytesdiscarded="93264" />
  <ownableSynchronizers candidates="4502" cleared="3740" />
  <references type="soft" candidates="724" cleared="0" enqueued="0" dynamicThreshold="13" maxThreshold="32" />
  <references type="weak" candidates="113" cleared="113" enqueued="0" />
</gc-op>
<gc-end id="2633" type="scavenge" contextid="2629" durationms="130.949" usertimems="991.154" systemtimems="0.000" timestamp="2020-09-12T19:23:09.695" activeThreads="8">
  <mem-info id="2634" free="680109640" total="2322726912" percent="29">
    <mem type="nursery" free="656894352" total="939524096" percent="69">
      <mem type="allocate" free="656894352" total="786235392" percent="83" />
      <mem type="survivor" free="0" total="153288704" percent="0" />
    </mem>
    <mem type="tenure" free="23215288" total="1383202816" percent="1" macro-fragmented="6450429">
      <mem type="soa" free="1504048" total="1300209664" percent="0" />
      <mem type="loa" free="21711240" total="82993152" percent="26" />
    </mem>
    <remembered-set count="33050" />
  </mem-info>
</gc-end>
<cycle-end id="2635" type="scavenge" contextid="2629" timestamp="2020-09-12T19:23:09.695" />
<allocation-satisfied id="2636" threadId="0000000000845300" bytesRequested="16" />
<af-end id="2637" timestamp="2020-09-12T19:23:09.696" threadId="0000000000845C80" success="true" from="nursery"/>
<exclusive-end id="2638" timestamp="2020-09-12T19:23:09.696" durationms="132.888" />

<exclusive-start id="2639" timestamp="2020-09-12T19:23:11.597" intervalms="2034.353">
  <response-info timems="0.677" idlems="0.425" threads="1" lastid="0000000000843900" lastname="Group1.Backend.CompositeBackend{Tier1}.8" />
</exclusive-start>
<af-start id="2640" threadId="0000000000842080" totalBytesRequested="400" timestamp="2020-09-12T19:23:11.598" intervalms="2034.252" type="nursery" />
<percolate-collect id="2641" from="nursery" to="global" reason="prevent tenure expand" timestamp="2020-09-12T19:23:11.598"/>
<cycle-start id="2642" type="global" contextid="0" timestamp="2020-09-12T19:23:11.598" intervalms="40959.511" />
<gc-start id="2643" type="global" contextid="2642" timestamp="2020-09-12T19:23:11.598">
  <mem-info id="2644" free="23215288" total="2322726912" percent="0">
    <mem type="nursery" free="0" total="939524096" percent="0">
      <mem type="allocate" free="0" total="786235392" percent="0" />
      <mem type="survivor" free="0" total="153288704" percent="0" />
    </mem>
    <mem type="tenure" free="23215288" total="1383202816" percent="1">
      <mem type="soa" free="1504048" total="1300209664" percent="0" />
      <mem type="loa" free="21711240" total="82993152" percent="26" />
    </mem>
    <remembered-set count="195140" />
  </mem-info>
</gc-start>
<allocation-stats totalBytes="656570688" >
  <allocated-bytes non-tlh="26536976" tlh="630033712" />
  <largest-consumer threadName="Group1.Backend.CompositeBackend{Tier1}.3" threadId="0000000000845300" bytes="102450696" />
</allocation-stats>
<gc-op id="2645" type="mark" timems="561.145" contextid="2642" timestamp="2020-09-12T19:23:12.160">
  <trace-info objectcount="30615490" scancount="29636622" scanbytes="810343880" />
  <finalization candidates="148" enqueued="0" />
  <ownableSynchronizers candidates="581027" cleared="4284" />
  <references type="soft" candidates="696700" cleared="0" enqueued="0" dynamicThreshold="13" maxThreshold="32" />
  <references type="weak" candidates="4397" cleared="113" enqueued="0" />
  <references type="phantom" candidates="106" cleared="0" enqueued="0" />
  <stringconstants candidates="11049" cleared="1"  />
</gc-op>
<gc-op id="2646" type="sweep" timems="12.403" contextid="2642" timestamp="2020-09-12T19:23:12.172" />
<heap-resize id="2647" type="contract" space="tenure" amount="15007744" count="1" timems="11.938" reason="insufficient time being spent in gc" timestamp="2020-09-12T19:23:12.184" />
<gc-end id="2648" type="global" contextid="2642" durationms="586.701" usertimems="4404.957" systemtimems="25.819" timestamp="2020-09-12T19:23:12.185" activeThreads="8">
  <mem-info id="2649" free="1152896368" total="2307719168" percent="49">
    <mem type="nursery" free="587040360" total="939524096" percent="62">
      <mem type="allocate" free="587040360" total="786235392" percent="74" />
      <mem type="survivor" free="0" total="153288704" percent="0" />
    </mem>
    <mem type="tenure" free="565856008" total="1368195072" percent="41" micro-fragmented="52472594" macro-fragmented="1703264">
      <mem type="soa" free="533927256" total="1286103040" percent="41" />
      <mem type="loa" free="31928752" total="82092032" percent="38" />
    </mem>
    <remembered-set count="189262" />
  </mem-info>
</gc-end>
<cycle-end id="2650" type="global" contextid="2642" timestamp="2020-09-12T19:23:12.186" />
<allocation-satisfied id="2651" threadId="0000000000841700" bytesRequested="400" />
<af-end id="2652" timestamp="2020-09-12T19:23:12.186" threadId="0000000000842080" success="true" from="nursery"/>
<exclusive-end id="2653" timestamp="2020-09-12T19:23:12.186" durationms="588.585" />

<exclusive-start id="2654" timestamp="2020-09-12T19:23:13.390" intervalms="1793.358">
  <response-info timems="0.608" idlems="0.308" threads="1" lastid="0000000000A78600" lastname="Group1.Backend.CompositeBackend{Tier3}.1" />
</exclusive-start>
<af-start id="2655" threadId="0000000000842080" totalBytesRequested="131080" timestamp="2020-09-12T19:23:13.391" intervalms="1793.383" type="nursery" />
<cycle-start id="2656" type="scavenge" contextid="0" timestamp="2020-09-12T19:23:13.391" intervalms="3827.631" />
<gc-start id="2657" type="scavenge" contextid="2656" timestamp="2020-09-12T19:23:13.391">
  <mem-info id="2658" free="568958360" total="2307719168" percent="24">
    <mem type="nursery" free="3102400" total="939524096" percent="0">
      <mem type="allocate" free="3102400" total="786235392" percent="0" />
      <mem type="survivor" free="0" total="153288704" percent="0" />
    </mem>
    <mem type="tenure" free="565855960" total="1368195072" percent="41">
      <mem type="soa" free="533927208" total="1286103040" percent="41" />
      <mem type="loa" free="31928752" total="82092032" percent="38" />
    </mem>
    <remembered-set count="241796" />
  </mem-info>
</gc-start>
<allocation-stats totalBytes="581858648" >
  <allocated-bytes non-tlh="35738000" tlh="546120648" />
  <largest-consumer threadName="Group1.Backend.CompositeBackend{Tier1}.2" threadId="0000000000780600" bytes="81854288" />
</allocation-stats>
<gc-op id="2659" type="scavenge" timems="123.008" contextid="2656" timestamp="2020-09-12T19:23:13.515">
  <scavenger-info tenureage="3" tenuremask="7ff8" tiltratio="83" />
  <memory-copied type="nursery" objects="5065290" bytes="135652784" bytesdiscarded="194232" />
  <memory-copied type="tenure" objects="1002549" bytes="26948392" bytesdiscarded="49552" />
  <ownableSynchronizers candidates="1156398" cleared="1155560" />
  <references type="soft" candidates="873" cleared="0" enqueued="0" dynamicThreshold="13" maxThreshold="32" />
  <references type="weak" candidates="112" cleared="112" enqueued="0" />
</gc-op>
<gc-end id="2660" type="scavenge" contextid="2656" durationms="123.852" usertimems="918.664" systemtimems="0.000" timestamp="2020-09-12T19:23:13.515" activeThreads="8">
  <mem-info id="2661" free="1184008912" total="2307719168" percent="51">
    <mem type="nursery" free="645464576" total="939524096" percent="68">
      <mem type="allocate" free="645464576" total="781451264" percent="82" />
      <mem type="survivor" free="0" total="158072832" percent="0" />
    </mem>
    <mem type="tenure" free="538544336" total="1368195072" percent="39" macro-fragmented="0">
      <mem type="soa" free="506615584" total="1286103040" percent="39" />
      <mem type="loa" free="31928752" total="82092032" percent="38" />
    </mem>
    <remembered-set count="37512" />
  </mem-info>
</gc-end>
<cycle-end id="2662" type="scavenge" contextid="2656" timestamp="2020-09-12T19:23:13.516" />
<allocation-satisfied id="2663" threadId="0000000000841700" bytesRequested="131080" />
<af-end id="2664" timestamp="2020-09-12T19:23:13.516" threadId="0000000000842080" success="true" from="nursery"/>
<exclusive-end id="2665" timestamp="2020-09-12T19:23:13.516" durationms="125.663" />

<exclusive-start id="2666" timestamp="2020-09-12T19:23:15.459" intervalms="2068.848">
  <response-info timems="0.728" idlems="0.660" threads="1" lastid="0000000000842200" lastname="Group1.Backend.CompositeBackend{Tier1}.6" />
</exclusive-start>
<af-start id="2667" threadId="0000000000A7CB80" totalBytesRequested="1032" timestamp="2020-09-12T19:23:15.460" intervalms="2068.847" type="nursery" />
<cycle-start id="2668" type="scavenge" contextid="0" timestamp="2020-09-12T19:23:15.460" intervalms="2068.855" />
<gc-start id="2669" type="scavenge" contextid="2668" timestamp="2020-09-12T19:23:15.460">
  <mem-info id="2670" free="538544336" total="2307719168" percent="23">
    <mem type="nursery" free="0" total="939524096" percent="0">
      <mem type="allocate" free="0" total="781451264" percent="0" />
      <mem type="survivor" free="0" total="158072832" percent="0" />
    </mem>
    <mem type="tenure" free="538544336" total="1368195072" percent="39">
      <mem type="soa" free="506615584" total="1286103040" percent="39" />
      <mem type="loa" free="31928752" total="82092032" percent="38" />
    </mem>
    <remembered-set count="199919" />
  </mem-info>
</gc-start>
<allocation-stats totalBytes="645137312" >
  <allocated-bytes non-tlh="22401528" tlh="622735784" />
  <largest-consumer threadName="Group1.Backend.CompositeBackend{Tier1}.6" threadId="0000000000842200" bytes="91350240" />
</allocation-stats>
<gc-op id="2671" type="scavenge" timems="117.582" contextid="2668" timestamp="2020-09-12T19:23:15.578">
  <scavenger-info tenureage="3" tenuremask="7ff8" tiltratio="83" />
  <memory-copied type="nursery" objects="5053931" bytes="135625640" bytesdiscarded="102840" />
  <memory-copied type="tenure" objects="1025518" bytes="27543776" bytesdiscarded="102520" />
  <ownableSynchronizers candidates="5329" cleared="4488" />
  <references type="soft" candidates="887" cleared="0" enqueued="0" dynamicThreshold="13" maxThreshold="32" />
  <references type="weak" candidates="92" cleared="92" enqueued="0" />
</gc-op>
<gc-end id="2672" type="scavenge" contextid="2668" durationms="118.745" usertimems="855.087" systemtimems="7.172" timestamp="2020-09-12T19:23:15.579" activeThreads="8">
  <mem-info id="2673" free="1161516504" total="2307719168" percent="50">
    <mem type="nursery" free="650488576" total="939524096" percent="69">
      <mem type="allocate" free="650488576" total="786300928" percent="82" />
      <mem type="survivor" free="0" total="153223168" percent="0" />
    </mem>
    <mem type="tenure" free="511027928" total="1368195072" percent="37" macro-fragmented="109426">
      <mem type="soa" free="479099176" total="1286103040" percent="37" />
      <mem type="loa" free="31928752" total="82092032" percent="38" />
    </mem>
    <remembered-set count="35736" />
  </mem-info>
</gc-end>
<cycle-end id="2674" type="scavenge" contextid="2668" timestamp="2020-09-12T19:23:15.581" />
<allocation-satisfied id="2675" threadId="0000000000A7C200" bytesRequested="1032" />
<af-end id="2676" timestamp="2020-09-12T19:23:15.581" threadId="0000000000A7CB80" success="true" from="nursery"/>
<exclusive-end id="2677" timestamp="2020-09-12T19:23:15.581" durationms="121.815" />

<exclusive-start id="2678" timestamp="2020-09-12T19:23:17.295" intervalms="1835.805">
  <response-info timems="0.361" idlems="0.361" threads="0" lastid="000000000077E000" lastname="Group1.Backend.CompositeBackend{Tier1}.1" />
</exclusive-start>
<af-start id="2679" threadId="000000000077E980" totalBytesRequested="32776" timestamp="2020-09-12T19:23:17.296" intervalms="1835.749" type="nursery" />
<cycle-start id="2680" type="scavenge" contextid="0" timestamp="2020-09-12T19:23:17.296" intervalms="1835.722" />
<gc-start id="2681" type="scavenge" contextid="2680" timestamp="2020-09-12T19:23:17.296">
  <mem-info id="2682" free="511027928" total="2307719168" percent="22">
    <mem type="nursery" free="0" total="939524096" percent="0">
      <mem type="allocate" free="0" total="786300928" percent="0" />
      <mem type="survivor" free="0" total="153223168" percent="0" />
    </mem>
    <mem type="tenure" free="511027928" total="1368195072" percent="37">
      <mem type="soa" free="479099176" total="1286103040" percent="37" />
      <mem type="loa" free="31928752" total="82092032" percent="38" />
    </mem>
    <remembered-set count="187385" />
  </mem-info>
</gc-start>
<allocation-stats totalBytes="650199304" >
  <allocated-bytes non-tlh="42261576" tlh="607937728" />
  <largest-consumer threadName="Group1.Backend.CompositeBackend{Tier1}.3" threadId="0000000000845300" bytes="90874400" />
</allocation-stats>
<gc-op id="2683" type="scavenge" timems="116.274" contextid="2680" timestamp="2020-09-12T19:23:17.413">
  <scavenger-info tenureage="3" tenuremask="7ff8" tiltratio="83" />
  <memory-copied type="nursery" objects="5004739" bytes="134400456" bytesdiscarded="236416" />
  <memory-copied type="tenure" objects="1031098" bytes="27700680" bytesdiscarded="75368" />
  <ownableSynchronizers candidates="5210" cleared="4352" />
  <references type="soft" candidates="897" cleared="0" enqueued="0" dynamicThreshold="13" maxThreshold="32" />
  <references type="weak" candidates="115" cleared="114" enqueued="0" />
</gc-op>
<gc-end id="2684" type="scavenge" contextid="2680" durationms="117.134" usertimems="890.570" systemtimems="6.097" timestamp="2020-09-12T19:23:17.413" activeThreads="8">
  <mem-info id="2685" free="1135078480" total="2307719168" percent="49">
    <mem type="nursery" free="651843728" total="939524096" percent="69">
      <mem type="allocate" free="651843728" total="786563072" percent="82" />
      <mem type="survivor" free="0" total="152961024" percent="0" />
    </mem>
    <mem type="tenure" free="483234752" total="1368195072" percent="35" macro-fragmented="0">
      <mem type="soa" free="451306000" total="1286103040" percent="35" />
      <mem type="loa" free="31928752" total="82092032" percent="38" />
    </mem>
    <remembered-set count="33338" />
  </mem-info>
</gc-end>
<cycle-end id="2686" type="scavenge" contextid="2680" timestamp="2020-09-12T19:23:17.414" />
<allocation-satisfied id="2687" threadId="000000000077E000" bytesRequested="32776" />
<af-end id="2688" timestamp="2020-09-12T19:23:17.414" threadId="000000000077E980" success="true" from="nursery"/>
<exclusive-end id="2689" timestamp="2020-09-12T19:23:17.414" durationms="119.323" />

<exclusive-start id="2690" timestamp="2020-09-12T19:23:19.298" intervalms="2002.606">
  <response-info timems="0.361" idlems="0.361" threads="0" lastid="0000000000846A00" lastname="Group1.Backend.CompositeBackend{Tier1}.4" />
</exclusive-start>
<af-start id="2691" threadId="0000000000847380" totalBytesRequested="32" timestamp="2020-09-12T19:23:19.298" intervalms="2002.717" type="nursery" />
<cycle-start id="2692" type="scavenge" contextid="0" timestamp="2020-09-12T19:23:19.299" intervalms="2002.734" />
<gc-start id="2693" type="scavenge" contextid="2692" timestamp="2020-09-12T19:23:19.299">
  <mem-info id="2694" free="483234752" total="2307719168" percent="20">
    <mem type="nursery" free="0" total="939524096" percent="0">
      <mem type="allocate" free="0" total="786563072" percent="0" />
      <mem type="survivor" free="0" total="152961024" percent="0" />
    </mem>
    <mem type="tenure" free="483234752" total="1368195072" percent="35">
      <mem type="soa" free="451306000" total="1286103040" percent="35" />
      <mem type="loa" free="31928752" total="82092032" percent="38" />
    </mem>
    <remembered-set count="192896" />
  </mem-info>
</gc-start>
<allocation-stats totalBytes="651535848" >
  <allocated-bytes non-tlh="29482352" tlh="622053496" />
  <largest-consumer threadName="Group1.Backend.CompositeBackend{Tier1}.1" threadId="000000000077E000" bytes="79942576" />
</allocation-stats>
<gc-op id="2695" type="scavenge" timems="122.744" contextid="2692" timestamp="2020-09-12T19:23:19.422">
  <scavenger-info tenureage="3" tenuremask="7ff8" tiltratio="83" />
  <memory-copied type="nursery" objects="4163626" bytes="111029160" bytesdiscarded="111536" />
  <memory-copied type="tenure" objects="1951176" bytes="52493080" bytesdiscarded="130912" />
  <ownableSynchronizers candidates="3747" cleared="2922" />
  <references type="soft" candidates="687" cleared="0" enqueued="0" dynamicThreshold="13" maxThreshold="32" />
  <references type="weak" candidates="112" cleared="112" enqueued="0" />
</gc-op>
<gc-end id="2696" type="scavenge" contextid="2692" durationms="123.689" usertimems="904.114" systemtimems="0.000" timestamp="2020-09-12T19:23:19.422" activeThreads="8">
  <mem-info id="2697" free="1106437144" total="2307719168" percent="47">
    <mem type="nursery" free="675859176" total="939524096" percent="71">
      <mem type="allocate" free="675859176" total="787087360" percent="85" />
      <mem type="survivor" free="0" total="152436736" percent="0" />
    </mem>
    <mem type="tenure" free="430577968" total="1368195072" percent="31" macro-fragmented="0">
      <mem type="soa" free="398649216" total="1286103040" percent="30" />
      <mem type="loa" free="31928752" total="82092032" percent="38" />
    </mem>
    <remembered-set count="27551" />
  </mem-info>
</gc-end>
<cycle-end id="2698" type="scavenge" contextid="2692" timestamp="2020-09-12T19:23:19.423" />
<allocation-satisfied id="2699" threadId="0000000000846A00" bytesRequested="32" />
<af-end id="2700" timestamp="2020-09-12T19:23:19.423" threadId="0000000000847380" success="true" from="nursery"/>
<exclusive-end id="2701" timestamp="2020-09-12T19:23:19.423" durationms="125.658" />

<exclusive-start id="2702" timestamp="2020-09-12T19:23:21.391" intervalms="2093.211">
  <response-info timems="0.283" idlems="0.203" threads="1" lastid="0000000000845300" lastname="Group1.Backend.CompositeBackend{Tier1}.3" />
</exclusive-start>
<af-start id="2703" threadId="0000000000844280" totalBytesRequested="120" timestamp="2020-09-12T19:23:21.392" intervalms="2093.251" type="nursery" />
<cycle-start id="2704" type="scavenge" contextid="0" timestamp="2020-09-12T19:23:21.392" intervalms="2093.273" />
<gc-start id="2705" type="scavenge" contextid="2704" timestamp="2020-09-12T19:23:21.392">
  <mem-info id="2706" free="430577968" total="2307719168" percent="18">
    <mem type="nursery" free="0" total="939524096" percent="0">
      <mem type="allocate" free="0" total="787087360" percent="0" />
      <mem type="survivor" free="0" total="152436736" percent="0" />
    </mem>
    <mem type="tenure" free="430577968" total="1368195072" percent="31">
      <mem type="soa" free="398649216" total="1286103040" percent="30" />
      <mem type="loa" free="31928752" total="82092032" percent="38" />
    </mem>
    <remembered-set count="189934" />
  </mem-info>
</gc-start>
<allocation-stats totalBytes="675532840" >
  <allocated-bytes non-tlh="35288104" tlh="640244736" />
  <largest-consumer threadName="Group1.Backend.CompositeBackend{Tier1}.4" threadId="0000000000846A00" bytes="101128096" />
</allocation-stats>
<gc-op id="2707" type="scavenge" timems="88.161" contextid="2704" timestamp="2020-09-12T19:23:21.480">
  <scavenger-info tenureage="3" tenuremask="7ff8" tiltratio="83" />
  <memory-copied type="nursery" objects="3888755" bytes="104267392" bytesdiscarded="140792" />
  <memory-copied type="tenure" objects="1111633" bytes="29909568" bytesdiscarded="90424" />
  <ownableSynchronizers candidates="3801" cleared="3128" />
  <references type="soft" candidates="638" cleared="0" enqueued="0" dynamicThreshold="13" maxThreshold="32" />
  <references type="weak" candidates="137" cleared="137" enqueued="0" />
</gc-op>
<gc-end id="2708" type="scavenge" contextid="2704" durationms="89.412" usertimems="674.041" systemtimems="15.770" timestamp="2020-09-12T19:23:21.481" activeThreads="8">
  <mem-info id="2709" free="1088841664" total="2307719168" percent="47">
    <mem type="nursery" free="688170752" total="939524096" percent="73">
      <mem type="allocate" free="688170752" total="792657920" percent="86" />
      <mem type="survivor" free="0" total="146866176" percent="0" />
    </mem>
    <mem type="tenure" free="400670912" total="1368195072" percent="29" macro-fragmented="0">
      <mem type="soa" free="368742160" total="1286103040" percent="28" />
      <mem type="loa" free="31928752" total="82092032" percent="38" />
    </mem>
    <remembered-set count="30579" />
  </mem-info>
</gc-end>
<cycle-end id="2710" type="scavenge" contextid="2704" timestamp="2020-09-12T19:23:21.483" />
<allocation-satisfied id="2711" threadId="0000000000843900" bytesRequested="120" />
<af-end id="2712" timestamp="2020-09-12T19:23:21.483" threadId="0000000000844280" success="true" from="nursery"/>
<exclusive-end id="2713" timestamp="2020-09-12T19:23:21.483" durationms="91.947" />

<exclusive-start id="2714" timestamp="2020-09-12T19:23:23.538" intervalms="2146.816">
  <response-info timems="0.612" idlems="0.447" threads="1" lastid="0000000000842200" lastname="Group1.Backend.CompositeBackend{Tier1}.6" />
</exclusive-start>
<af-start id="2715" threadId="000000000099A180" totalBytesRequested="16" timestamp="2020-09-12T19:23:23.538" intervalms="2146.814" type="nursery" />
<cycle-start id="2716" type="scavenge" contextid="0" timestamp="2020-09-12T19:23:23.539" intervalms="2146.811" />
<gc-start id="2717" type="scavenge" contextid="2716" timestamp="2020-09-12T19:23:23.539">
  <mem-info id="2718" free="400670912" total="2307719168" percent="17">
    <mem type="nursery" free="0" total="939524096" percent="0">
      <mem type="allocate" free="0" total="792657920" percent="0" />
      <mem type="survivor" free="0" total="146866176" percent="0" />
    </mem>
    <mem type="tenure" free="400670912" total="1368195072" percent="29">
      <mem type="soa" free="368742160" total="1286103040" percent="28" />
      <mem type="loa" free="31928752" total="82092032" percent="38" />
    </mem>
    <remembered-set count="196859" />
  </mem-info>
</gc-start>
<allocation-stats totalBytes="687818336" >
  <allocated-bytes non-tlh="27691528" tlh="660126808" />
  <largest-consumer threadName="Group1.Backend.CompositeBackend{Tier1}.6" threadId="0000000000842200" bytes="98355688" />
</allocation-stats>
<gc-op id="2719" type="scavenge" timems="113.248" contextid="2716" timestamp="2020-09-12T19:23:23.652">
  <scavenger-info tenureage="3" tenuremask="7ff8" tiltratio="84" />
  <memory-copied type="nursery" objects="4297292" bytes="114368184" bytesdiscarded="122240" />
  <memory-copied type="tenure" objects="983618" bytes="26430248" bytesdiscarded="87856" />
  <ownableSynchronizers candidates="4593" cleared="3944" />
  <references type="soft" candidates="631" cleared="0" enqueued="0" dynamicThreshold="13" maxThreshold="32" />
  <references type="weak" candidates="114" cleared="113" enqueued="0" />
</gc-op>
<gc-end id="2720" type="scavenge" contextid="2716" durationms="114.119" usertimems="810.428" systemtimems="3.561" timestamp="2020-09-12T19:23:23.653" activeThreads="8">
  <mem-info id="2721" free="1053736328" total="2307719168" percent="45">
    <mem type="nursery" free="679588912" total="939524096" percent="72">
      <mem type="allocate" free="679588912" total="794165248" percent="85" />
      <mem type="survivor" free="0" total="145358848" percent="0" />
    </mem>
    <mem type="tenure" free="374147416" total="1368195072" percent="27" macro-fragmented="0">
      <mem type="soa" free="342218664" total="1286103040" percent="26" />
      <mem type="loa" free="31928752" total="82092032" percent="38" />
    </mem>
    <remembered-set count="31393" />
  </mem-info>
</gc-end>
<cycle-end id="2722" type="scavenge" contextid="2716" timestamp="2020-09-12T19:23:23.654" />
<allocation-satisfied id="2723" threadId="0000000000999800" bytesRequested="16" />
<af-end id="2724" timestamp="2020-09-12T19:23:23.654" threadId="000000000099A180" success="true" from="nursery"/>
<exclusive-end id="2725" timestamp="2020-09-12T19:23:23.654" durationms="116.235" />

<exclusive-start id="2726" timestamp="2020-09-12T19:23:25.571" intervalms="2033.582">
  <response-info timems="0.414" idlems="0.414" threads="0" lastid="0000000000845300" lastname="Group1.Backend.CompositeBackend{Tier1}.3" />
</exclusive-start>
<af-start id="2727" threadId="0000000000845C80" totalBytesRequested="32" timestamp="2020-09-12T19:23:25.572" intervalms="2033.543" type="nursery" />
<cycle-start id="2728" type="scavenge" contextid="0" timestamp="2020-09-12T19:23:25.572" intervalms="2033.516" />
<gc-start id="2729" type="scavenge" contextid="2728" timestamp="2020-09-12T19:23:25.572">
  <mem-info id="2730" free="374147416" total="2307719168" percent="16">
    <mem type="nursery" free="0" total="939524096" percent="0">
      <mem type="allocate" free="0" total="794165248" percent="0" />
      <mem type="survivor" free="0" total="145358848" percent="0" />
    </mem>
    <mem type="tenure" free="374147416" total="1368195072" percent="27">
      <mem type="soa" free="342218664" total="1286103040" percent="26" />
      <mem type="loa" free="31928752" total="82092032" percent="38" />
    </mem>
    <remembered-set count="193484" />
  </mem-info>
</gc-start>
<allocation-stats totalBytes="679274744" >
  <allocated-bytes non-tlh="34823072" tlh="644451672" />
  <largest-consumer threadName="Group1.Backend.CompositeBackend{Tier1}.1" threadId="000000000077E000" bytes="95341648" />
</allocation-stats>
<gc-op id="2731" type="scavenge" timems="110.469" contextid="2728" timestamp="2020-09-12T19:23:25.683">
  <scavenger-info tenureage="3" tenuremask="7ff8" tiltratio="84" />
  <memory-copied type="nursery" objects="4242216" bytes="113825312" bytesdiscarded="275288" />
  <memory-copied type="tenure" objects="1063086" bytes="28590904" bytesdiscarded="93056" />
  <ownableSynchronizers candidates="5214" cleared="4554" />
  <references type="soft" candidates="695" cleared="0" enqueued="0" dynamicThreshold="13" maxThreshold="32" />
  <references type="weak" candidates="127" cleared="127" enqueued="0" />
</gc-op>
<gc-end id="2732" type="scavenge" contextid="2728" durationms="111.602" usertimems="795.082" systemtimems="3.266" timestamp="2020-09-12T19:23:25.684" activeThreads="8">
  <mem-info id="2733" free="1028906832" total="2307719168" percent="44">
    <mem type="nursery" free="683452400" total="939524096" percent="72">
      <mem type="allocate" free="683452400" total="797638656" percent="85" />
      <mem type="survivor" free="0" total="141885440" percent="0" />
    </mem>
    <mem type="tenure" free="345454432" total="1368195072" percent="25" macro-fragmented="0">
      <mem type="soa" free="313525680" total="1286103040" percent="24" />
      <mem type="loa" free="31928752" total="82092032" percent="38" />
    </mem>
    <remembered-set count="32181" />
  </mem-info>
</gc-end>
<cycle-end id="2734" type="scavenge" contextid="2728" timestamp="2020-09-12T19:23:25.685" />
<allocation-satisfied id="2735" threadId="0000000000845300" bytesRequested="32" />
<af-end id="2736" timestamp="2020-09-12T19:23:25.685" threadId="0000000000845C80" success="true" from="nursery"/>
<exclusive-end id="2737" timestamp="2020-09-12T19:23:25.685" durationms="113.830" />

<exclusive-start id="2738" timestamp="2020-09-12T19:23:27.676" intervalms="2104.289">
  <response-info timems="0.370" idlems="0.370" threads="0" lastid="0000000000845300" lastname="Group1.Backend.CompositeBackend{Tier1}.3" />
</exclusive-start>
<af-start id="2739" threadId="0000000000845C80" totalBytesRequested="16" timestamp="2020-09-12T19:23:27.676" intervalms="2104.149" type="nursery" />
<cycle-start id="2740" type="scavenge" contextid="0" timestamp="2020-09-12T19:23:27.676" intervalms="2104.150" />
<gc-start id="2741" type="scavenge" contextid="2740" timestamp="2020-09-12T19:23:27.677">
  <mem-info id="2742" free="345454432" total="2307719168" percent="14">
    <mem type="nursery" free="0" total="939524096" percent="0">
      <mem type="allocate" free="0" total="797638656" percent="0" />
      <mem type="survivor" free="0" total="141885440" percent="0" />
    </mem>
    <mem type="tenure" free="345454432" total="1368195072" percent="25">
      <mem type="soa" free="313525680" total="1286103040" percent="24" />
      <mem type="loa" free="31928752" total="82092032" percent="38" />
    </mem>
    <remembered-set count="194632" />
  </mem-info>
</gc-start>
<allocation-stats totalBytes="683116520" >
  <allocated-bytes non-tlh="30605432" tlh="652511088" />
  <largest-consumer threadName="Group1.Backend.CompositeBackend{Tier1}.3" threadId="0000000000845300" bytes="106271304" />
</allocation-stats>
<gc-op id="2743" type="scavenge" timems="105.455" contextid="2740" timestamp="2020-09-12T19:23:27.782">
  <scavenger-info tenureage="3" tenuremask="7ff8" tiltratio="84" />
  <memory-copied type="nursery" objects="4237608" bytes="113210776" bytesdiscarded="466776" />
  <memory-copied type="tenure" objects="1080801" bytes="29041792" bytesdiscarded="99976" />
  <ownableSynchronizers candidates="5927" cleared="5168" />
  <references type="soft" candidates="784" cleared="0" enqueued="0" dynamicThreshold="13" maxThreshold="32" />
  <references type="weak" candidates="114" cleared="114" enqueued="0" />
</gc-op>
<gc-end id="2744" type="scavenge" contextid="2740" durationms="106.399" usertimems="816.642" systemtimems="6.579" timestamp="2020-09-12T19:23:27.783" activeThreads="8">
  <mem-info id="2745" free="1003040632" total="2307719168" percent="43">
    <mem type="nursery" free="686690808" total="939524096" percent="73">
      <mem type="allocate" free="686690808" total="800456704" percent="85" />
      <mem type="survivor" free="0" total="139067392" percent="0" />
    </mem>
    <mem type="tenure" free="316349824" total="1368195072" percent="23" macro-fragmented="0">
      <mem type="soa" free="284421072" total="1286103040" percent="22" />
      <mem type="loa" free="31928752" total="82092032" percent="38" />
    </mem>
    <remembered-set count="30795" />
  </mem-info>
</gc-end>
<cycle-end id="2746" type="scavenge" contextid="2740" timestamp="2020-09-12T19:23:27.784" />
<allocation-satisfied id="2747" threadId="0000000000845300" bytesRequested="16" />
<af-end id="2748" timestamp="2020-09-12T19:23:27.784" threadId="0000000000845C80" success="true" from="nursery"/>
<exclusive-end id="2749" timestamp="2020-09-12T19:23:27.784" durationms="108.296" />

<exclusive-start id="2750" timestamp="2020-09-12T19:23:29.805" intervalms="2129.510">
  <response-info timems="0.390" idlems="0.390" threads="0" lastid="0000000000845300" lastname="Group1.Backend.CompositeBackend{Tier1}.3" />
</exclusive-start>
<af-start id="2751" threadId="0000000000845C80" totalBytesRequested="1032" timestamp="2020-09-12T19:23:29.806" intervalms="2129.702" type="nursery" />
<cycle-start id="2752" type="scavenge" contextid="0" timestamp="2020-09-12T19:23:29.806" intervalms="2129.700" />
<gc-start id="2753" type="scavenge" contextid="2752" timestamp="2020-09-12T19:23:29.806">
  <mem-info id="2754" free="316349824" total="2307719168" percent="13">
    <mem type="nursery" free="0" total="939524096" percent="0">
      <mem type="allocate" free="0" total="800456704" percent="0" />
      <mem type="survivor" free="0" total="139067392" percent="0" />
    </mem>
    <mem type="tenure" free="316349824" total="1368195072" percent="23">
      <mem type="soa" free="284421072" total="1286103040" percent="22" />
      <mem type="loa" free="31928752" total="82092032" percent="38" />
    </mem>
    <remembered-set count="195759" />
  </mem-info>
</gc-start>
<allocation-stats totalBytes="686352936" >
  <allocated-bytes non-tlh="29727848" tlh="656625088" />
  <largest-consumer threadName="Group1.Backend.CompositeBackend{Tier1}.7" threadId="0000000000842E00" bytes="99969952" />
</allocation-stats>
<gc-op id="2755" type="scavenge" timems="105.376" contextid="2752" timestamp="2020-09-12T19:23:29.912">
  <scavenger-info tenureage="3" tenuremask="7ff8" tiltratio="85" />
  <memory-copied type="nursery" objects="4057150" bytes="108980584" bytesdiscarded="208232" />
  <memory-copied type="tenure" objects="1134408" bytes="30498608" bytesdiscarded="104656" />
  <ownableSynchronizers candidates="4868" cleared="4079" />
  <references type="soft" candidates="764" cleared="0" enqueued="0" dynamicThreshold="13" maxThreshold="32" />
  <references type="weak" candidates="107" cleared="107" enqueued="0" />
</gc-op>
<gc-end id="2756" type="scavenge" contextid="2752" durationms="106.321" usertimems="779.493" systemtimems="1.402" timestamp="2020-09-12T19:23:29.912" activeThreads="8">
  <mem-info id="2757" free="979375840" total="2307719168" percent="42">
    <mem type="nursery" free="693668352" total="939524096" percent="73">
      <mem type="allocate" free="693668352" total="802947072" percent="86" />
      <mem type="survivor" free="0" total="136577024" percent="0" />
    </mem>
    <mem type="tenure" free="285707488" total="1368195072" percent="20" macro-fragmented="0">
      <mem type="soa" free="253778736" total="1286103040" percent="19" />
      <mem type="loa" free="31928752" total="82092032" percent="38" />
    </mem>
    <remembered-set count="30955" />
  </mem-info>
</gc-end>
<cycle-end id="2758" type="scavenge" contextid="2752" timestamp="2020-09-12T19:23:29.913" />
<allocation-satisfied id="2759" threadId="0000000000845300" bytesRequested="1032" />
<af-end id="2760" timestamp="2020-09-12T19:23:29.913" threadId="0000000000845C80" success="true" from="nursery"/>
<exclusive-end id="2761" timestamp="2020-09-12T19:23:29.913" durationms="108.361" />

<exclusive-start id="2762" timestamp="2020-09-12T19:23:31.921" intervalms="2116.075">
  <response-info timems="0.469" idlems="0.348" threads="1" lastid="0000000000846A00" lastname="Group1.Backend.CompositeBackend{Tier1}.4" />
</exclusive-start>
<af-start id="2763" threadId="0000000000842B80" totalBytesRequested="16" timestamp="2020-09-12T19:23:31.922" intervalms="2115.948" type="nursery" />
<cycle-start id="2764" type="scavenge" contextid="0" timestamp="2020-09-12T19:23:31.922" intervalms="2115.956" />
<gc-start id="2765" type="scavenge" contextid="2764" timestamp="2020-09-12T19:23:31.922">
  <mem-info id="2766" free="285707488" total="2307719168" percent="12">
    <mem type="nursery" free="0" total="939524096" percent="0">
      <mem type="allocate" free="0" total="802947072" percent="0" />
      <mem type="survivor" free="0" total="136577024" percent="0" />
    </mem>
    <mem type="tenure" free="285707488" total="1368195072" percent="20">
      <mem type="soa" free="253778736" total="1286103040" percent="19" />
      <mem type="loa" free="31928752" total="82092032" percent="38" />
    </mem>
    <remembered-set count="192990" />
  </mem-info>
</gc-start>
<allocation-stats totalBytes="693344144" >
  <allocated-bytes non-tlh="33599544" tlh="659744600" />
  <largest-consumer threadName="Group1.Backend.CompositeBackend{Tier1}.1" threadId="000000000077E000" bytes="108706000" />
</allocation-stats>
<gc-op id="2767" type="scavenge" timems="107.836" contextid="2764" timestamp="2020-09-12T19:23:32.030">
  <scavenger-info tenureage="3" tenuremask="7ff8" tiltratio="85" />
  <memory-copied type="nursery" objects="4291313" bytes="114296016" bytesdiscarded="124984" />
  <memory-copied type="tenure" objects="1087603" bytes="29230544" bytesdiscarded="105944" />
  <ownableSynchronizers candidates="5721" cleared="4941" />
  <references type="soft" candidates="720" cleared="0" enqueued="0" dynamicThreshold="13" maxThreshold="32" />
  <references type="weak" candidates="117" cleared="117" enqueued="0" />
</gc-op>
<gc-end id="2768" type="scavenge" contextid="2764" durationms="108.780" usertimems="807.718" systemtimems="0.000" timestamp="2020-09-12T19:23:32.031" activeThreads="8">
  <mem-info id="2769" free="945338720" total="2307719168" percent="40">
    <mem type="nursery" free="688969456" total="939524096" percent="73">
      <mem type="allocate" free="688969456" total="803471360" percent="85" />
      <mem type="survivor" free="0" total="136052736" percent="0" />
    </mem>
    <mem type="tenure" free="256369264" total="1368195072" percent="18" macro-fragmented="0">
      <mem type="soa" free="224440512" total="1286103040" percent="17" />
      <mem type="loa" free="31928752" total="82092032" percent="38" />
    </mem>
    <remembered-set count="30323" />
  </mem-info>
</gc-end>
<cycle-end id="2770" type="scavenge" contextid="2764" timestamp="2020-09-12T19:23:32.032" />
<allocation-satisfied id="2771" threadId="0000000000842200" bytesRequested="16" />
<af-end id="2772" timestamp="2020-09-12T19:23:32.032" threadId="0000000000842B80" success="true" from="nursery"/>
<exclusive-end id="2773" timestamp="2020-09-12T19:23:32.032" durationms="110.870" />

<exclusive-start id="2774" timestamp="2020-09-12T19:23:33.974" intervalms="2052.430">
  <response-info timems="0.820" idlems="0.820" threads="0" lastid="0000000000842E00" lastname="Group1.Backend.CompositeBackend{Tier1}.7" />
</exclusive-start>
<af-start id="2775" threadId="0000000000843780" totalBytesRequested="16" timestamp="2020-09-12T19:23:33.974" intervalms="2052.414" type="nursery" />
<cycle-start id="2776" type="scavenge" contextid="0" timestamp="2020-09-12T19:23:33.974" intervalms="2052.407" />
<gc-start id="2777" type="scavenge" contextid="2776" timestamp="2020-09-12T19:23:33.975">
  <mem-info id="2778" free="256369264" total="2307719168" percent="11">
    <mem type="nursery" free="0" total="939524096" percent="0">
      <mem type="allocate" free="0" total="803471360" percent="0" />
      <mem type="survivor" free="0" total="136052736" percent="0" />
    </mem>
    <mem type="tenure" free="256369264" total="1368195072" percent="18">
      <mem type="soa" free="224440512" total="1286103040" percent="17" />
      <mem type="loa" free="31928752" total="82092032" percent="38" />
    </mem>
    <remembered-set count="195222" />
  </mem-info>
</gc-start>
<allocation-stats totalBytes="688642720" >
  <allocated-bytes non-tlh="33852784" tlh="654789936" />
  <largest-consumer threadName="Group1.Backend.CompositeBackend{Tier1}.5" threadId="0000000000841700" bytes="92422000" />
</allocation-stats>
<gc-op id="2779" type="scavenge" timems="105.032" contextid="2776" timestamp="2020-09-12T19:23:34.080">
  <scavenger-info tenureage="3" tenuremask="7ff8" tiltratio="85" />
  <memory-copied type="nursery" objects="4149844" bytes="111029328" bytesdiscarded="560472" />
  <memory-copied type="tenure" objects="1074549" bytes="28897136" bytesdiscarded="123720" />
  <ownableSynchronizers candidates="5196" cleared="4464" />
  <references type="soft" candidates="616" cleared="0" enqueued="0" dynamicThreshold="13" maxThreshold="32" />
  <references type="weak" candidates="122" cleared="122" enqueued="0" />
</gc-op>
<gc-end id="2780" type="scavenge" contextid="2776" durationms="105.835" usertimems="799.876" systemtimems="2.072" timestamp="2020-09-12T19:23:34.080" activeThreads="8">
  <mem-info id="2781" free="920699720" total="2307719168" percent="39">
    <mem type="nursery" free="693370616" total="939524096" percent="73">
      <mem type="allocate" free="693370616" total="805044224" percent="86" />
      <mem type="survivor" free="0" total="134479872" percent="0" />
    </mem>
    <mem type="tenure" free="227329104" total="1368195072" percent="16" macro-fragmented="0">
      <mem type="soa" free="195400352" total="1286103040" percent="15" />
      <mem type="loa" free="31928752" total="82092032" percent="38" />
    </mem>
    <remembered-set count="32189" />
  </mem-info>
</gc-end>
<cycle-end id="2782" type="scavenge" contextid="2776" timestamp="2020-09-12T19:23:34.081" />
<allocation-satisfied id="2783" threadId="0000000000842E00" bytesRequested="16" />
<af-end id="2784" timestamp="2020-09-12T19:23:34.081" threadId="0000000000843780" success="true" from="nursery"/>
<exclusive-end id="2785" timestamp="2020-09-12T19:23:34.081" durationms="107.610" />

<exclusive-start id="2786" timestamp="2020-09-12T19:23:36.098" intervalms="2124.642">
  <response-info timems="0.547" idlems="0.547" threads="0" lastid="0000000000842E00" lastname="Group1.Backend.CompositeBackend{Tier1}.7" />
</exclusive-start>
<af-start id="2787" threadId="0000000000843780" totalBytesRequested="24" timestamp="2020-09-12T19:23:36.099" intervalms="2124.583" type="nursery" />
<cycle-start id="2788" type="scavenge" contextid="0" timestamp="2020-09-12T19:23:36.099" intervalms="2124.581" />
<gc-start id="2789" type="scavenge" contextid="2788" timestamp="2020-09-12T19:23:36.099">
  <mem-info id="2790" free="227329104" total="2307719168" percent="9">
    <mem type="nursery" free="0" total="939524096" percent="0">
      <mem type="allocate" free="0" total="805044224" percent="0" />
      <mem type="survivor" free="0" total="134479872" percent="0" />
    </mem>
    <mem type="tenure" free="227329104" total="1368195072" percent="16">
      <mem type="soa" free="195400352" total="1286103040" percent="15" />
      <mem type="loa" free="31928752" total="82092032" percent="38" />
    </mem>
    <remembered-set count="197316" />
  </mem-info>
</gc-start>
<allocation-stats totalBytes="693030288" >
  <allocated-bytes non-tlh="34497680" tlh="658532608" />
  <largest-consumer threadName="Group1.Backend.CompositeBackend{Tier1}.6" threadId="0000000000842200" bytes="91768344" />
</allocation-stats>
<gc-op id="2791" type="scavenge" timems="99.851" contextid="2788" timestamp="2020-09-12T19:23:36.199">
  <scavenger-info tenureage="3" tenuremask="7ff8" tiltratio="85" />
  <memory-copied type="nursery" objects="4298272" bytes="114731368" bytesdiscarded="116536" />
  <memory-copied type="tenure" objects="1111228" bytes="29884392" bytesdiscarded="126760" />
  <ownableSynchronizers candidates="4295" cleared="3659" />
  <references type="soft" candidates="580" cleared="0" enqueued="0" dynamicThreshold="13" maxThreshold="32" />
  <references type="weak" candidates="103" cleared="103" enqueued="0" />
</gc-op>
<gc-end id="2792" type="scavenge" contextid="2788" durationms="100.589" usertimems="779.954" systemtimems="0.000" timestamp="2020-09-12T19:23:36.200" activeThreads="8">
  <mem-info id="2793" free="887798696" total="2307719168" percent="38">
    <mem type="nursery" free="690502456" total="939524096" percent="73">
      <mem type="allocate" free="690502456" total="805437440" percent="85" />
      <mem type="survivor" free="0" total="134086656" percent="0" />
    </mem>
    <mem type="tenure" free="197296240" total="1368195072" percent="14" macro-fragmented="0">
      <mem type="soa" free="165367488" total="1286103040" percent="12" />
      <mem type="loa" free="31928752" total="82092032" percent="38" />
    </mem>
    <remembered-set count="32927" />
  </mem-info>
</gc-end>
<cycle-end id="2794" type="scavenge" contextid="2788" timestamp="2020-09-12T19:23:36.200" />
<allocation-satisfied id="2795" threadId="0000000000842E00" bytesRequested="24" />
<af-end id="2796" timestamp="2020-09-12T19:23:36.200" threadId="0000000000843780" success="true" from="nursery"/>
<exclusive-end id="2797" timestamp="2020-09-12T19:23:36.200" durationms="102.257" />

<exclusive-start id="2798" timestamp="2020-09-12T19:23:38.222" intervalms="2124.098">
  <response-info timems="2.014" idlems="2.014" threads="0" lastid="0000000000841700" lastname="Group1.Backend.CompositeBackend{Tier1}.5" />
</exclusive-start>
<af-start id="2799" threadId="0000000000842080" totalBytesRequested="24" timestamp="2020-09-12T19:23:38.223" intervalms="2124.103" type="nursery" />
<cycle-start id="2800" type="scavenge" contextid="0" timestamp="2020-09-12T19:23:38.223" intervalms="2124.099" />
<gc-start id="2801" type="scavenge" contextid="2800" timestamp="2020-09-12T19:23:38.223">
  <mem-info id="2802" free="197296240" total="2307719168" percent="8">
    <mem type="nursery" free="0" total="939524096" percent="0">
      <mem type="allocate" free="0" total="805437440" percent="0" />
      <mem type="survivor" free="0" total="134086656" percent="0" />
    </mem>
    <mem type="tenure" free="197296240" total="1368195072" percent="14">
      <mem type="soa" free="165367488" total="1286103040" percent="12" />
      <mem type="loa" free="31928752" total="82092032" percent="38" />
    </mem>
    <remembered-set count="196091" />
  </mem-info>
</gc-start>
<allocation-stats totalBytes="690166984" >
  <allocated-bytes non-tlh="32288784" tlh="657878200" />
  <largest-consumer threadName="Group1.Backend.CompositeBackend{Tier1}.5" threadId="0000000000841700" bytes="96533800" />
</allocation-stats>
<gc-op id="2803" type="scavenge" timems="104.497" contextid="2800" timestamp="2020-09-12T19:23:38.328">
  <scavenger-info tenureage="3" tenuremask="7ff8" tiltratio="85" />
  <memory-copied type="nursery" objects="4143958" bytes="111203832" bytesdiscarded="336400" />
  <memory-copied type="tenure" objects="1070516" bytes="28772064" bytesdiscarded="123272" />
  <ownableSynchronizers candidates="4028" cleared="3449" />
  <references type="soft" candidates="537" cleared="0" enqueued="0" dynamicThreshold="13" maxThreshold="32" />
  <references type="weak" candidates="127" cleared="127" enqueued="0" />
</gc-op>
<gc-end id="2804" type="scavenge" contextid="2800" durationms="105.233" usertimems="782.162" systemtimems="0.000" timestamp="2020-09-12T19:23:38.328" activeThreads="8">
  <mem-info id="2805" free="863397952" total="2307719168" percent="37">
    <mem type="nursery" free="694921216" total="939524096" percent="73">
      <mem type="allocate" free="694921216" total="806551552" percent="86" />
      <mem type="survivor" free="0" total="132972544" percent="0" />
    </mem>
    <mem type="tenure" free="168476736" total="1368195072" percent="12" macro-fragmented="0">
      <mem type="soa" free="136547984" total="1286103040" percent="10" />
      <mem type="loa" free="31928752" total="82092032" percent="38" />
    </mem>
    <remembered-set count="31989" />
  </mem-info>
</gc-end>
<cycle-end id="2806" type="scavenge" contextid="2800" timestamp="2020-09-12T19:23:38.329" />
<allocation-satisfied id="2807" threadId="0000000000841700" bytesRequested="24" />
<af-end id="2808" timestamp="2020-09-12T19:23:38.329" threadId="0000000000842080" success="true" from="nursery"/>
<exclusive-end id="2809" timestamp="2020-09-12T19:23:38.329" durationms="106.799" />

<exclusive-start id="2810" timestamp="2020-09-12T19:23:40.365" intervalms="2142.575">
  <response-info timems="0.496" idlems="0.263" threads="1" lastid="000000000077E000" lastname="Group1.Backend.CompositeBackend{Tier1}.1" />
</exclusive-start>
<af-start id="2811" threadId="0000000000780F80" totalBytesRequested="32" timestamp="2020-09-12T19:23:40.366" intervalms="2142.708" type="nursery" />
<cycle-start id="2812" type="scavenge" contextid="0" timestamp="2020-09-12T19:23:40.366" intervalms="2142.707" />
<gc-start id="2813" type="scavenge" contextid="2812" timestamp="2020-09-12T19:23:40.366">
  <mem-info id="2814" free="168476736" total="2307719168" percent="7">
    <mem type="nursery" free="0" total="939524096" percent="0">
      <mem type="allocate" free="0" total="806551552" percent="0" />
      <mem type="survivor" free="0" total="132972544" percent="0" />
    </mem>
    <mem type="tenure" free="168476736" total="1368195072" percent="12">
      <mem type="soa" free="136547984" total="1286103040" percent="10" />
      <mem type="loa" free="31928752" total="82092032" percent="38" />
    </mem>
    <remembered-set count="195350" />
  </mem-info>
</gc-start>
<allocation-stats totalBytes="694578728" >
  <allocated-bytes non-tlh="31498880" tlh="663079848" />
  <largest-consumer threadName="Group1.Backend.CompositeBackend{Tier1}.8" threadId="0000000000843900" bytes="99531680" />
</allocation-stats>
<gc-op id="2815" type="scavenge" timems="106.895" contextid="2812" timestamp="2020-09-12T19:23:40.473">
  <scavenger-info tenureage="3" tenuremask="7ff8" tiltratio="85" />
  <memory-copied type="nursery" objects="4160714" bytes="111625096" bytesdiscarded="136816" />
  <memory-copied type="tenure" objects="1094006" bytes="29393896" bytesdiscarded="120864" />
  <ownableSynchronizers candidates="4348" cleared="3795" />
  <references type="soft" candidates="542" cleared="0" enqueued="0" dynamicThreshold="13" maxThreshold="32" />
  <references type="weak" candidates="107" cleared="107" enqueued="0" />
</gc-op>
<gc-end id="2816" type="scavenge" contextid="2812" durationms="107.867" usertimems="738.720" systemtimems="0.409" timestamp="2020-09-12T19:23:40.474" activeThreads="8">
  <mem-info id="2817" free="835124856" total="2307719168" percent="36">
    <mem type="nursery" free="696150272" total="939524096" percent="74">
      <mem type="allocate" free="696150272" total="807993344" percent="86" />
      <mem type="survivor" free="0" total="131530752" percent="0" />
    </mem>
    <mem type="tenure" free="138974584" total="1368195072" percent="10" macro-fragmented="0">
      <mem type="soa" free="107045832" total="1286103040" percent="8" />
      <mem type="loa" free="31928752" total="82092032" percent="38" />
    </mem>
    <remembered-set count="29574" />
  </mem-info>
</gc-end>
<cycle-end id="2818" type="scavenge" contextid="2812" timestamp="2020-09-12T19:23:40.475" />
<allocation-satisfied id="2819" threadId="0000000000780600" bytesRequested="32" />
<af-end id="2820" timestamp="2020-09-12T19:23:40.475" threadId="0000000000780F80" success="true" from="nursery"/>
<exclusive-end id="2821" timestamp="2020-09-12T19:23:40.475" durationms="109.977" />

<exclusive-start id="2822" timestamp="2020-09-12T19:23:42.513" intervalms="2148.366">
  <response-info timems="0.265" idlems="0.261" threads="1" lastid="0000000000841700" lastname="Group1.Backend.CompositeBackend{Tier1}.5" />
</exclusive-start>
<af-start id="2823" threadId="0000000000780F80" totalBytesRequested="24" timestamp="2020-09-12T19:23:42.514" intervalms="2148.298" type="nursery" />
<cycle-start id="2824" type="scavenge" contextid="0" timestamp="2020-09-12T19:23:42.514" intervalms="2148.303" />
<gc-start id="2825" type="scavenge" contextid="2824" timestamp="2020-09-12T19:23:42.514">
  <mem-info id="2826" free="138974584" total="2307719168" percent="6">
    <mem type="nursery" free="0" total="939524096" percent="0">
      <mem type="allocate" free="0" total="807993344" percent="0" />
      <mem type="survivor" free="0" total="131530752" percent="0" />
    </mem>
    <mem type="tenure" free="138974584" total="1368195072" percent="10">
      <mem type="soa" free="107045832" total="1286103040" percent="8" />
      <mem type="loa" free="31928752" total="82092032" percent="38" />
    </mem>
    <remembered-set count="194821" />
  </mem-info>
</gc-start>
<allocation-stats totalBytes="695808504" >
  <allocated-bytes non-tlh="32397888" tlh="663410616" />
  <largest-consumer threadName="Group1.Backend.CompositeBackend{Tier1}.1" threadId="000000000077E000" bytes="94394744" />
</allocation-stats>
<gc-op id="2827" type="scavenge" timems="99.897" contextid="2824" timestamp="2020-09-12T19:23:42.614">
  <scavenger-info tenureage="3" tenuremask="7ff8" tiltratio="86" />
  <memory-copied type="nursery" objects="4443919" bytes="118519016" bytesdiscarded="414928" />
  <memory-copied type="tenure" objects="1113263" bytes="29909120" bytesdiscarded="139032" />
  <ownableSynchronizers candidates="4185" cleared="3655" />
  <references type="soft" candidates="526" cleared="0" enqueued="0" dynamicThreshold="13" maxThreshold="32" />
  <references type="weak" candidates="102" cleared="102" enqueued="0" />
</gc-op>
<gc-end id="2828" type="scavenge" contextid="2824" durationms="100.648" usertimems="792.557" systemtimems="0.777" timestamp="2020-09-12T19:23:42.615" activeThreads="8">
  <mem-info id="2829" free="790767280" total="2307719168" percent="34">
    <mem type="nursery" free="681826776" total="939524096" percent="72">
      <mem type="allocate" free="681826776" total="800849920" percent="85" />
      <mem type="survivor" free="0" total="138674176" percent="0" />
    </mem>
    <mem type="tenure" free="108940504" total="1368195072" percent="7" macro-fragmented="0">
      <mem type="soa" free="77011752" total="1286103040" percent="5" />
      <mem type="loa" free="31928752" total="82092032" percent="38" />
    </mem>
    <remembered-set count="28227" />
  </mem-info>
</gc-end>
<cycle-end id="2830" type="scavenge" contextid="2824" timestamp="2020-09-12T19:23:42.615" />
<allocation-satisfied id="2831" threadId="0000000000780600" bytesRequested="24" />
<af-end id="2832" timestamp="2020-09-12T19:23:42.616" threadId="0000000000780F80" success="true" from="nursery"/>
<exclusive-end id="2833" timestamp="2020-09-12T19:23:42.616" durationms="102.314" />

<exclusive-start id="2834" timestamp="2020-09-12T19:23:44.595" intervalms="2081.836">
  <response-info timems="0.472" idlems="0.472" threads="0" lastid="0000000000780600" lastname="Group1.Backend.CompositeBackend{Tier1}.2" />
</exclusive-start>
<af-start id="2835" threadId="0000000000780F80" totalBytesRequested="40" timestamp="2020-09-12T19:23:44.596" intervalms="2081.943" type="nursery" />
<cycle-start id="2836" type="scavenge" contextid="0" timestamp="2020-09-12T19:23:44.596" intervalms="2081.952" />
<gc-start id="2837" type="scavenge" contextid="2836" timestamp="2020-09-12T19:23:44.596">
  <mem-info id="2838" free="108940504" total="2307719168" percent="4">
    <mem type="nursery" free="0" total="939524096" percent="0">
      <mem type="allocate" free="0" total="800849920" percent="0" />
      <mem type="survivor" free="0" total="138674176" percent="0" />
    </mem>
    <mem type="tenure" free="108940504" total="1368195072" percent="7">
      <mem type="soa" free="77011752" total="1286103040" percent="5" />
      <mem type="loa" free="31928752" total="82092032" percent="38" />
    </mem>
    <remembered-set count="189250" />
  </mem-info>
</gc-start>
<allocation-stats totalBytes="681503560" >
  <allocated-bytes non-tlh="35658360" tlh="645845200" />
  <largest-consumer threadName="Group1.Backend.CompositeBackend{Tier1}.2" threadId="0000000000780600" bytes="88457448" />
</allocation-stats>
<gc-op id="2839" type="scavenge" timems="100.496" contextid="2836" timestamp="2020-09-12T19:23:44.697">
  <scavenger-info tenureage="3" tenuremask="7ff8" tiltratio="85" />
  <memory-copied type="nursery" objects="4437613" bytes="118319864" bytesdiscarded="182144" />
  <memory-copied type="tenure" objects="1114538" bytes="29988144" bytesdiscarded="154912" />
  <ownableSynchronizers candidates="4247" cleared="3723" />
  <references type="soft" candidates="530" cleared="0" enqueued="0" dynamicThreshold="13" maxThreshold="32" />
  <references type="weak" candidates="107" cleared="107" enqueued="0" />
</gc-op>
<gc-end id="2840" type="scavenge" contextid="2836" durationms="101.361" usertimems="768.790" systemtimems="8.716" timestamp="2020-09-12T19:23:44.697" activeThreads="8">
  <mem-info id="2841" free="765794464" total="2307719168" percent="33">
    <mem type="nursery" free="686983536" total="939524096" percent="73">
      <mem type="allocate" free="686983536" total="805568512" percent="85" />
      <mem type="survivor" free="0" total="133955584" percent="0" />
    </mem>
    <mem type="tenure" free="78810928" total="1368195072" percent="5" macro-fragmented="0">
      <mem type="soa" free="46882176" total="1286103040" percent="3" />
      <mem type="loa" free="31928752" total="82092032" percent="38" />
    </mem>
    <remembered-set count="28998" />
  </mem-info>
</gc-end>
<cycle-end id="2842" type="scavenge" contextid="2836" timestamp="2020-09-12T19:23:44.698" />
<allocation-satisfied id="2843" threadId="0000000000780600" bytesRequested="40" />
<af-end id="2844" timestamp="2020-09-12T19:23:44.698" threadId="0000000000780F80" success="true" from="nursery"/>
<exclusive-end id="2845" timestamp="2020-09-12T19:23:44.698" durationms="103.215" />

<exclusive-start id="2846" timestamp="2020-09-12T19:23:46.680" intervalms="2085.418">
  <response-info timems="3.677" idlems="3.677" threads="0" lastid="000000000077E000" lastname="Group1.Backend.CompositeBackend{Tier1}.1" />
</exclusive-start>
<af-start id="2847" threadId="000000000077E980" totalBytesRequested="32" timestamp="2020-09-12T19:23:46.681" intervalms="2085.376" type="nursery" />
<cycle-start id="2848" type="scavenge" contextid="0" timestamp="2020-09-12T19:23:46.681" intervalms="2085.368" />
<gc-start id="2849" type="scavenge" contextid="2848" timestamp="2020-09-12T19:23:46.682">
  <mem-info id="2850" free="78810928" total="2307719168" percent="3">
    <mem type="nursery" free="0" total="939524096" percent="0">
      <mem type="allocate" free="0" total="805568512" percent="0" />
      <mem type="survivor" free="0" total="133955584" percent="0" />
    </mem>
    <mem type="tenure" free="78810928" total="1368195072" percent="5">
      <mem type="soa" free="46882176" total="1286103040" percent="3" />
      <mem type="loa" free="31928752" total="82092032" percent="38" />
    </mem>
    <remembered-set count="193937" />
  </mem-info>
</gc-start>
<allocation-stats totalBytes="686666656" >
  <allocated-bytes non-tlh="31873184" tlh="654793472" />
  <largest-consumer threadName="Group1.Backend.CompositeBackend{Tier1}.3" threadId="0000000000845300" bytes="87161232" />
</allocation-stats>
<gc-op id="2851" type="scavenge" timems="90.302" contextid="2848" timestamp="2020-09-12T19:23:46.772">
  <scavenger-info tenureage="3" tenuremask="7ff8" tiltratio="85" />
  <memory-copied type="nursery" objects="4168838" bytes="111863216" bytesdiscarded="282824" />
  <memory-copied type="tenure" objects="1109407" bytes="29860784" bytesdiscarded="145528" />
  <ownableSynchronizers candidates="3643" cleared="3116" />
  <references type="soft" candidates="492" cleared="0" enqueued="0" dynamicThreshold="13" maxThreshold="32" />
  <references type="weak" candidates="112" cleared="112" enqueued="0" />
</gc-op>
<gc-end id="2852" type="scavenge" contextid="2848" durationms="91.432" usertimems="693.877" systemtimems="0.804" timestamp="2020-09-12T19:23:46.773" activeThreads="8">
  <mem-info id="2853" free="742369296" total="2307719168" percent="32">
    <mem type="nursery" free="693595824" total="939524096" percent="73">
      <mem type="allocate" free="693595824" total="805830656" percent="86" />
      <mem type="survivor" free="0" total="133693440" percent="0" />
    </mem>
    <mem type="tenure" free="48773472" total="1368195072" percent="3" macro-fragmented="0">
      <mem type="soa" free="16844720" total="1286103040" percent="1" />
      <mem type="loa" free="31928752" total="82092032" percent="38" />
    </mem>
    <remembered-set count="31948" />
  </mem-info>
</gc-end>
<cycle-end id="2854" type="scavenge" contextid="2848" timestamp="2020-09-12T19:23:46.774" />
<allocation-satisfied id="2855" threadId="000000000077E000" bytesRequested="32" />
<af-end id="2856" timestamp="2020-09-12T19:23:46.774" threadId="000000000077E980" success="true" from="nursery"/>
<exclusive-end id="2857" timestamp="2020-09-12T19:23:46.774" durationms="93.285" />

<exclusive-start id="2858" timestamp="2020-09-12T19:23:48.815" intervalms="2134.429">
  <response-info timems="0.834" idlems="0.834" threads="0" lastid="0000000000841700" lastname="Group1.Backend.CompositeBackend{Tier1}.5" />
</exclusive-start>
<af-start id="2859" threadId="0000000000842080" totalBytesRequested="16" timestamp="2020-09-12T19:23:48.816" intervalms="2134.399" type="nursery" />
<cycle-start id="2860" type="scavenge" contextid="0" timestamp="2020-09-12T19:23:48.816" intervalms="2134.389" />
<gc-start id="2861" type="scavenge" contextid="2860" timestamp="2020-09-12T19:23:48.816">
  <mem-info id="2862" free="48773472" total="2307719168" percent="2">
    <mem type="nursery" free="0" total="939524096" percent="0">
      <mem type="allocate" free="0" total="805830656" percent="0" />
      <mem type="survivor" free="0" total="133693440" percent="0" />
    </mem>
    <mem type="tenure" free="48773472" total="1368195072" percent="3">
      <mem type="soa" free="16844720" total="1286103040" percent="1" />
      <mem type="loa" free="31928752" total="82092032" percent="38" />
    </mem>
    <remembered-set count="198170" />
  </mem-info>
</gc-start>
<allocation-stats totalBytes="693251456" >
  <allocated-bytes non-tlh="29147344" tlh="664104112" />
  <largest-consumer threadName="Group1.Backend.CompositeBackend{Tier1}.5" threadId="0000000000841700" bytes="84901552" />
</allocation-stats>
<gc-op id="2863" type="scavenge" timems="93.025" contextid="2860" timestamp="2020-09-12T19:23:48.909">
  <scavenger-info tenureage="3" tenuremask="7ff8" tiltratio="85" />
  <memory-copied type="nursery" objects="4216143" bytes="112319528" bytesdiscarded="145352" />
  <memory-copied type="tenure" objects="1140007" bytes="30783592" bytesdiscarded="78480" />
  <ownableSynchronizers candidates="4879" cleared="4345" />
  <references type="soft" candidates="496" cleared="0" enqueued="0" dynamicThreshold="13" maxThreshold="32" />
  <references type="weak" candidates="107" cleared="107" enqueued="0" />
  <heap-resize type="expand" space="tenure" amount="46137344" count="44" timems="2.854" reason="continue current collection" />
</gc-op>
<gc-end id="2864" type="scavenge" contextid="2860" durationms="93.820" usertimems="669.146" systemtimems="12.306" timestamp="2020-09-12T19:23:48.910" activeThreads="8">
  <mem-info id="2865" free="758553128" total="2353856512" percent="32">
    <mem type="nursery" free="694790328" total="939524096" percent="73">
      <mem type="allocate" free="694790328" total="807337984" percent="86" />
      <mem type="survivor" free="0" total="132186112" percent="0" />
    </mem>
    <mem type="tenure" free="63762800" total="1414332416" percent="4" macro-fragmented="0">
      <mem type="soa" free="21312" total="1329471488" percent="0" />
      <mem type="loa" free="63741488" total="84860928" percent="75" />
    </mem>
    <remembered-set count="33296" />
  </mem-info>
</gc-end>
<cycle-end id="2866" type="scavenge" contextid="2860" timestamp="2020-09-12T19:23:48.910" />
<allocation-satisfied id="2867" threadId="0000000000841700" bytesRequested="16" />
<af-end id="2868" timestamp="2020-09-12T19:23:48.910" threadId="0000000000842080" success="true" from="nursery"/>
<exclusive-end id="2869" timestamp="2020-09-12T19:23:48.911" durationms="95.607" />

<exclusive-start id="2870" timestamp="2020-09-12T19:23:50.932" intervalms="2117.383">
  <response-info timems="0.800" idlems="0.800" threads="0" lastid="0000000000846A00" lastname="Group1.Backend.CompositeBackend{Tier1}.4" />
</exclusive-start>
<af-start id="2871" threadId="0000000000847380" totalBytesRequested="664" timestamp="2020-09-12T19:23:50.933" intervalms="2117.480" type="nursery" />
<cycle-start id="2872" type="scavenge" contextid="0" timestamp="2020-09-12T19:23:50.933" intervalms="2117.516" />
<gc-start id="2873" type="scavenge" contextid="2872" timestamp="2020-09-12T19:23:50.934">
  <mem-info id="2874" free="63762800" total="2353856512" percent="2">
    <mem type="nursery" free="0" total="939524096" percent="0">
      <mem type="allocate" free="0" total="807337984" percent="0" />
      <mem type="survivor" free="0" total="132186112" percent="0" />
    </mem>
    <mem type="tenure" free="63762800" total="1414332416" percent="4">
      <mem type="soa" free="21312" total="1329471488" percent="0" />
      <mem type="loa" free="63741488" total="84860928" percent="75" />
    </mem>
    <remembered-set count="196690" />
  </mem-info>
</gc-start>
<allocation-stats totalBytes="694456720" >
  <allocated-bytes non-tlh="37264592" tlh="657192128" />
  <largest-consumer threadName="Group1.Backend.CompositeBackend{Tier1}.3" threadId="0000000000845300" bytes="106412584" />
</allocation-stats>
<gc-op id="2875" type="scavenge" timems="93.289" contextid="2872" timestamp="2020-09-12T19:23:51.027">
  <scavenger-info tenureage="3" tenuremask="7ff8" tiltratio="85" />
  <memory-copied type="nursery" objects="4117378" bytes="110526272" bytesdiscarded="218760" />
  <memory-copied type="tenure" objects="1055226" bytes="28355192" bytesdiscarded="8232" />
  <ownableSynchronizers candidates="5207" cleared="4651" />
  <references type="soft" candidates="519" cleared="0" enqueued="0" dynamicThreshold="13" maxThreshold="32" />
  <references type="weak" candidates="104" cleared="102" enqueued="0" />
  <heap-resize type="expand" space="tenure" amount="53477376" count="51" timems="10.101" reason="continue current collection" />
</gc-op>
<gc-end id="2876" type="scavenge" contextid="2872" durationms="94.723" usertimems="722.761" systemtimems="0.000" timestamp="2020-09-12T19:23:51.028" activeThreads="8">
  <mem-info id="2877" free="786150144" total="2407333888" percent="32">
    <mem type="nursery" free="697756160" total="939524096" percent="74">
      <mem type="allocate" free="697756160" total="808583168" percent="86" />
      <mem type="survivor" free="0" total="130940928" percent="0" />
    </mem>
    <mem type="tenure" free="88393984" total="1467809792" percent="6" macro-fragmented="0">
      <mem type="soa" free="324864" total="1379740672" percent="0" />
      <mem type="loa" free="88069120" total="88069120" percent="100" />
    </mem>
    <remembered-set count="31989" />
  </mem-info>
</gc-end>
<cycle-end id="2878" type="scavenge" contextid="2872" timestamp="2020-09-12T19:23:51.030" />
<allocation-satisfied id="2879" threadId="0000000000846A00" bytesRequested="664" />
<af-end id="2880" timestamp="2020-09-12T19:23:51.030" threadId="0000000000847380" success="true" from="nursery"/>
<exclusive-end id="2881" timestamp="2020-09-12T19:23:51.030" durationms="97.363" />

<exclusive-start id="2882" timestamp="2020-09-12T19:23:52.978" intervalms="2045.593">
  <response-info timems="0.488" idlems="0.252" threads="1" lastid="0000000000843900" lastname="Group1.Backend.CompositeBackend{Tier1}.8" />
</exclusive-start>
<af-start id="2883" threadId="0000000000843780" totalBytesRequested="16" timestamp="2020-09-12T19:23:52.978" intervalms="2045.402" type="nursery" />
<cycle-start id="2884" type="scavenge" contextid="0" timestamp="2020-09-12T19:23:52.979" intervalms="2045.374" />
<gc-start id="2885" type="scavenge" contextid="2884" timestamp="2020-09-12T19:23:52.979">
  <mem-info id="2886" free="88393984" total="2407333888" percent="3">
    <mem type="nursery" free="0" total="939524096" percent="0">
      <mem type="allocate" free="0" total="808583168" percent="0" />
      <mem type="survivor" free="0" total="130940928" percent="0" />
    </mem>
    <mem type="tenure" free="88393984" total="1467809792" percent="6">
      <mem type="soa" free="324864" total="1379740672" percent="0" />
      <mem type="loa" free="88069120" total="88069120" percent="100" />
    </mem>
    <remembered-set count="193576" />
  </mem-info>
</gc-start>
<allocation-stats totalBytes="697430656" >
  <allocated-bytes non-tlh="38764160" tlh="658666496" />
  <largest-consumer threadName="Group1.Backend.CompositeBackend{Tier1}.8" threadId="0000000000843900" bytes="95269992" />
</allocation-stats>
<gc-op id="2887" type="scavenge" timems="86.628" contextid="2884" timestamp="2020-09-12T19:23:53.066">
  <scavenger-info tenureage="3" tenuremask="7ff8" tiltratio="86" />
  <memory-copied type="nursery" objects="4086179" bytes="109701560" bytesdiscarded="153416" />
  <memory-copied type="tenure" objects="1100168" bytes="29580184" bytesdiscarded="10944" />
  <ownableSynchronizers candidates="2790" cleared="2295" />
  <references type="soft" candidates="479" cleared="0" enqueued="0" dynamicThreshold="13" maxThreshold="32" />
  <references type="weak" candidates="123" cleared="123" enqueued="0" />
  <heap-resize type="expand" space="tenure" amount="31457280" count="30" timems="8.279" reason="continue current collection" />
</gc-op>
<gc-end id="2888" type="scavenge" contextid="2884" durationms="87.318" usertimems="668.278" systemtimems="0.304" timestamp="2020-09-12T19:23:53.066" activeThreads="8">
  <mem-info id="2889" free="790417664" total="2438791168" percent="32">
    <mem type="nursery" free="700088832" total="939524096" percent="74">
      <mem type="allocate" free="700088832" total="810024960" percent="86" />
      <mem type="survivor" free="0" total="129499136" percent="0" />
    </mem>
    <mem type="tenure" free="90328832" total="1499267072" percent="6" macro-fragmented="0">
      <mem type="soa" free="372480" total="1409310720" percent="0" />
      <mem type="loa" free="89956352" total="89956352" percent="100" />
    </mem>
    <remembered-set count="32114" />
  </mem-info>
</gc-end>
<cycle-end id="2890" type="scavenge" contextid="2884" timestamp="2020-09-12T19:23:53.067" />
<allocation-satisfied id="2891" threadId="0000000000842E00" bytesRequested="16" />
<af-end id="2892" timestamp="2020-09-12T19:23:53.067" threadId="0000000000843780" success="true" from="nursery"/>
<exclusive-end id="2893" timestamp="2020-09-12T19:23:53.067" durationms="88.919" />

<exclusive-start id="2894" timestamp="2020-09-12T19:23:55.266" intervalms="2287.873">
  <response-info timems="0.310" idlems="0.309" threads="1" lastid="0000000000780600" lastname="Group1.Backend.CompositeBackend{Tier1}.2" />
</exclusive-start>
<af-start id="2895" threadId="000000000077E980" totalBytesRequested="304" timestamp="2020-09-12T19:23:55.267" intervalms="2288.413" type="nursery" />
<cycle-start id="2896" type="scavenge" contextid="0" timestamp="2020-09-12T19:23:55.267" intervalms="2288.475" />
<gc-start id="2897" type="scavenge" contextid="2896" timestamp="2020-09-12T19:23:55.267">
  <mem-info id="2898" free="90328832" total="2438791168" percent="3">
    <mem type="nursery" free="0" total="939524096" percent="0">
      <mem type="allocate" free="0" total="810024960" percent="0" />
      <mem type="survivor" free="0" total="129499136" percent="0" />
    </mem>
    <mem type="tenure" free="90328832" total="1499267072" percent="6">
      <mem type="soa" free="372480" total="1409310720" percent="0" />
      <mem type="loa" free="89956352" total="89956352" percent="100" />
    </mem>
    <remembered-set count="199710" />
  </mem-info>
</gc-start>
<allocation-stats totalBytes="699687840" >
  <allocated-bytes non-tlh="25883984" tlh="673803856" />
  <largest-consumer threadName="Group1.Backend.CompositeBackend{Tier1}.7" threadId="0000000000842E00" bytes="96385560" />
</allocation-stats>
<gc-op id="2899" type="scavenge" timems="92.855" contextid="2896" timestamp="2020-09-12T19:23:55.360">
  <scavenger-info tenureage="3" tenuremask="7ff8" tiltratio="86" />
  <memory-copied type="nursery" objects="4350856" bytes="115972808" bytesdiscarded="213848" />
  <memory-copied type="tenure" objects="1134186" bytes="30484496" bytesdiscarded="9264" />
  <ownableSynchronizers candidates="5003" cleared="4468" />
  <references type="soft" candidates="507" cleared="0" enqueued="0" dynamicThreshold="13" maxThreshold="32" />
  <references type="weak" candidates="93" cleared="93" enqueued="0" />
  <heap-resize type="expand" space="tenure" amount="32505856" count="31" timems="8.121" reason="continue current collection" />
</gc-op>
<gc-end id="2900" type="scavenge" contextid="2896" durationms="93.606" usertimems="722.750" systemtimems="0.000" timestamp="2020-09-12T19:23:55.361" activeThreads="8">
  <mem-info id="2901" free="780072448" total="2471297024" percent="31">
    <mem type="nursery" free="687780096" total="939524096" percent="73">
      <mem type="allocate" free="687780096" total="804061184" percent="85" />
      <mem type="survivor" free="0" total="135462912" percent="0" />
    </mem>
    <mem type="tenure" free="92292352" total="1531772928" percent="6" macro-fragmented="0">
      <mem type="soa" free="385280" total="1439865856" percent="0" />
      <mem type="loa" free="91907072" total="91907072" percent="100" />
    </mem>
    <remembered-set count="31371" />
  </mem-info>
</gc-end>
<cycle-end id="2902" type="scavenge" contextid="2896" timestamp="2020-09-12T19:23:55.361" />
<allocation-satisfied id="2903" threadId="000000000077E000" bytesRequested="304" />
<af-end id="2904" timestamp="2020-09-12T19:23:55.362" threadId="000000000077E980" success="true" from="nursery"/>
<exclusive-end id="2905" timestamp="2020-09-12T19:23:55.362" durationms="95.798" />

<exclusive-start id="2906" timestamp="2020-09-12T19:23:57.280" intervalms="2014.007">
  <response-info timems="0.453" idlems="0.453" threads="0" lastid="0000000000843900" lastname="Group1.Backend.CompositeBackend{Tier1}.8" />
</exclusive-start>
<af-start id="2907" threadId="0000000000844280" totalBytesRequested="266448" timestamp="2020-09-12T19:23:57.280" intervalms="2013.537" type="nursery" />
<cycle-start id="2908" type="scavenge" contextid="0" timestamp="2020-09-12T19:23:57.281" intervalms="2013.470" />
<gc-start id="2909" type="scavenge" contextid="2908" timestamp="2020-09-12T19:23:57.281">
  <mem-info id="2910" free="92468584" total="2471297024" percent="3">
    <mem type="nursery" free="176232" total="939524096" percent="0">
      <mem type="allocate" free="176232" total="804061184" percent="0" />
      <mem type="survivor" free="0" total="135462912" percent="0" />
    </mem>
    <mem type="tenure" free="92292352" total="1531772928" percent="6">
      <mem type="soa" free="385280" total="1439865856" percent="0" />
      <mem type="loa" free="91907072" total="91907072" percent="100" />
    </mem>
    <remembered-set count="194067" />
  </mem-info>
</gc-start>
<allocation-stats totalBytes="687276496" >
  <allocated-bytes non-tlh="34705600" tlh="652570896" />
  <largest-consumer threadName="Group1.Backend.CompositeBackend{Tier1}.8" threadId="0000000000843900" bytes="95675120" />
</allocation-stats>
<gc-op id="2911" type="scavenge" timems="88.960" contextid="2908" timestamp="2020-09-12T19:23:57.370">
  <scavenger-info tenureage="3" tenuremask="7ff8" tiltratio="85" />
  <memory-copied type="nursery" objects="4328523" bytes="115318200" bytesdiscarded="201320" />
  <memory-copied type="tenure" objects="1093340" bytes="29382768" bytesdiscarded="10944" />
  <ownableSynchronizers candidates="5078" cleared="4532" />
  <references type="soft" candidates="504" cleared="0" enqueued="0" dynamicThreshold="13" maxThreshold="32" />
  <references type="weak" candidates="108" cleared="108" enqueued="0" />
  <heap-resize type="expand" space="tenure" amount="31457280" count="30" timems="8.488" reason="continue current collection" />
</gc-op>
<gc-end id="2912" type="scavenge" contextid="2908" durationms="89.686" usertimems="693.593" systemtimems="0.000" timestamp="2020-09-12T19:23:57.370" activeThreads="8">
  <mem-info id="2913" free="783666216" total="2502754304" percent="31">
    <mem type="nursery" free="689566248" total="939524096" percent="73">
      <mem type="allocate" free="689566248" total="805175296" percent="85" />
      <mem type="survivor" free="0" total="134348800" percent="0" />
    </mem>
    <mem type="tenure" free="94099968" total="1563230208" percent="6" macro-fragmented="0">
      <mem type="soa" free="305664" total="1469435904" percent="0" />
      <mem type="loa" free="93794304" total="93794304" percent="100" />
    </mem>
    <remembered-set count="29496" />
  </mem-info>
</gc-end>
<cycle-end id="2914" type="scavenge" contextid="2908" timestamp="2020-09-12T19:23:57.371" />
<allocation-satisfied id="2915" threadId="0000000000843900" bytesRequested="266448" />
<af-end id="2916" timestamp="2020-09-12T19:23:57.371" threadId="0000000000844280" success="true" from="nursery"/>
<exclusive-end id="2917" timestamp="2020-09-12T19:23:57.371" durationms="91.350" />

<exclusive-start id="2918" timestamp="2020-09-12T19:23:59.396" intervalms="2115.889">
  <response-info timems="0.489" idlems="0.489" threads="0" lastid="0000000000842200" lastname="Group1.Backend.CompositeBackend{Tier1}.6" />
</exclusive-start>
<af-start id="2919" threadId="0000000000842B80" totalBytesRequested="32" timestamp="2020-09-12T19:23:59.397" intervalms="2116.715" type="nursery" />
<cycle-start id="2920" type="scavenge" contextid="0" timestamp="2020-09-12T19:23:59.398" intervalms="2117.090" />
<gc-start id="2921" type="scavenge" contextid="2920" timestamp="2020-09-12T19:23:59.398">
  <mem-info id="2922" free="94099968" total="2502754304" percent="3">
    <mem type="nursery" free="0" total="939524096" percent="0">
      <mem type="allocate" free="0" total="805175296" percent="0" />
      <mem type="survivor" free="0" total="134348800" percent="0" />
    </mem>
    <mem type="tenure" free="94099968" total="1563230208" percent="6">
      <mem type="soa" free="305664" total="1469435904" percent="0" />
      <mem type="loa" free="93794304" total="93794304" percent="100" />
    </mem>
    <remembered-set count="192720" />
  </mem-info>
</gc-start>
<allocation-stats totalBytes="689236616" >
  <allocated-bytes non-tlh="32879608" tlh="656357008" />
  <largest-consumer threadName="Group1.Backend.CompositeBackend{Tier1}.7" threadId="0000000000842E00" bytes="96425536" />
</allocation-stats>
<gc-op id="2923" type="scavenge" timems="106.636" contextid="2920" timestamp="2020-09-12T19:23:59.505">
  <scavenger-info tenureage="3" tenuremask="7ff8" tiltratio="85" />
  <memory-copied type="nursery" objects="4155930" bytes="111494344" bytesdiscarded="154640" />
  <memory-copied type="tenure" objects="1049723" bytes="28220328" bytesdiscarded="11528" />
  <ownableSynchronizers candidates="3616" cleared="3114" />
  <references type="soft" candidates="555" cleared="0" enqueued="0" dynamicThreshold="13" maxThreshold="32" />
  <references type="weak" candidates="136" cleared="136" enqueued="0" />
  <heap-resize type="expand" space="tenure" amount="30408704" count="29" timems="17.891" reason="continue current collection" />
</gc-op>
<gc-end id="2924" type="scavenge" contextid="2920" durationms="107.761" usertimems="741.256" systemtimems="33.847" timestamp="2020-09-12T19:23:59.506" activeThreads="8">
  <mem-info id="2925" free="790704640" total="2533163008" percent="31">
    <mem type="nursery" free="694494464" total="939524096" percent="73">
      <mem type="allocate" free="694494464" total="806223872" percent="86" />
      <mem type="survivor" free="0" total="133300224" percent="0" />
    </mem>
    <mem type="tenure" free="96210176" total="1593638912" percent="6" macro-fragmented="0">
      <mem type="soa" free="591104" total="1498019840" percent="0" />
      <mem type="loa" free="95619072" total="95619072" percent="100" />
    </mem>
    <remembered-set count="29113" />
  </mem-info>
</gc-end>
<cycle-end id="2926" type="scavenge" contextid="2920" timestamp="2020-09-12T19:23:59.506" />
<allocation-satisfied id="2927" threadId="0000000000842200" bytesRequested="32" />
<af-end id="2928" timestamp="2020-09-12T19:23:59.507" threadId="0000000000842B80" success="true" from="nursery"/>
<exclusive-end id="2929" timestamp="2020-09-12T19:23:59.507" durationms="110.885" />

<exclusive-start id="2930" timestamp="2020-09-12T19:24:01.553" intervalms="2157.681">
  <response-info timems="0.517" idlems="0.517" threads="0" lastid="0000000000841700" lastname="Group1.Backend.CompositeBackend{Tier1}.5" />
</exclusive-start>
<af-start id="2931" threadId="0000000000842080" totalBytesRequested="24" timestamp="2020-09-12T19:24:01.554" intervalms="2156.942" type="nursery" />
<cycle-start id="2932" type="scavenge" contextid="0" timestamp="2020-09-12T19:24:01.554" intervalms="2156.570" />
<gc-start id="2933" type="scavenge" contextid="2932" timestamp="2020-09-12T19:24:01.555">
  <mem-info id="2934" free="96210176" total="2533163008" percent="3">
    <mem type="nursery" free="0" total="939524096" percent="0">
      <mem type="allocate" free="0" total="806223872" percent="0" />
      <mem type="survivor" free="0" total="133300224" percent="0" />
    </mem>
    <mem type="tenure" free="96210176" total="1593638912" percent="6">
      <mem type="soa" free="591104" total="1498019840" percent="0" />
      <mem type="loa" free="95619072" total="95619072" percent="100" />
    </mem>
    <remembered-set count="194186" />
  </mem-info>
</gc-start>
<allocation-stats totalBytes="694155472" >
  <allocated-bytes non-tlh="33076568" tlh="661078904" />
  <largest-consumer threadName="Group1.Backend.CompositeBackend{Tier1}.7" threadId="0000000000842E00" bytes="98107568" />
</allocation-stats>
<gc-op id="2935" type="scavenge" timems="101.817" contextid="2932" timestamp="2020-09-12T19:24:01.656">
  <scavenger-info tenureage="3" tenuremask="7ff8" tiltratio="85" />
  <memory-copied type="nursery" objects="4139442" bytes="111012944" bytesdiscarded="200960" />
  <memory-copied type="tenure" objects="1151317" bytes="30982176" bytesdiscarded="9360" />
  <ownableSynchronizers candidates="3313" cleared="2777" />
  <references type="soft" candidates="512" cleared="0" enqueued="0" dynamicThreshold="13" maxThreshold="32" />
  <references type="weak" candidates="108" cleared="108" enqueued="0" />
  <heap-resize type="expand" space="tenure" amount="32505856" count="31" timems="17.218" reason="continue current collection" />
</gc-op>
<gc-end id="2936" type="scavenge" contextid="2932" durationms="103.157" usertimems="739.827" systemtimems="18.174" timestamp="2020-09-12T19:24:01.658" activeThreads="8">
  <mem-info id="2937" free="794445824" total="2565668864" percent="30">
    <mem type="nursery" free="696560640" total="939524096" percent="74">
      <mem type="allocate" free="696560640" total="807862272" percent="86" />
      <mem type="survivor" free="0" total="131661824" percent="0" />
    </mem>
    <mem type="tenure" free="97885184" total="1626144768" percent="6" macro-fragmented="0">
      <mem type="soa" free="316416" total="1528576000" percent="0" />
      <mem type="loa" free="97568768" total="97568768" percent="100" />
    </mem>
    <remembered-set count="30886" />
  </mem-info>
</gc-end>
<cycle-end id="2938" type="scavenge" contextid="2932" timestamp="2020-09-12T19:24:01.658" />
<allocation-satisfied id="2939" threadId="0000000000841700" bytesRequested="24" />
<af-end id="2940" timestamp="2020-09-12T19:24:01.658" threadId="0000000000842080" success="true" from="nursery"/>
<exclusive-end id="2941" timestamp="2020-09-12T19:24:01.658" durationms="105.116" />

<exclusive-start id="2942" timestamp="2020-09-12T19:24:03.639" intervalms="2085.321">
  <response-info timems="0.570" idlems="0.394" threads="1" lastid="0000000000846A00" lastname="Group1.Backend.CompositeBackend{Tier1}.4" />
</exclusive-start>
<af-start id="2943" threadId="0000000000A80C80" totalBytesRequested="80" timestamp="2020-09-12T19:24:03.639" intervalms="2085.180" type="nursery" />
<cycle-start id="2944" type="scavenge" contextid="0" timestamp="2020-09-12T19:24:03.639" intervalms="2085.180" />
<gc-start id="2945" type="scavenge" contextid="2944" timestamp="2020-09-12T19:24:03.640">
  <mem-info id="2946" free="97885184" total="2565668864" percent="3">
    <mem type="nursery" free="0" total="939524096" percent="0">
      <mem type="allocate" free="0" total="807862272" percent="0" />
      <mem type="survivor" free="0" total="131661824" percent="0" />
    </mem>
    <mem type="tenure" free="97885184" total="1626144768" percent="6">
      <mem type="soa" free="316416" total="1528576000" percent="0" />
      <mem type="loa" free="97568768" total="97568768" percent="100" />
    </mem>
    <remembered-set count="194938" />
  </mem-info>
</gc-start>
<allocation-stats totalBytes="696233760" >
  <allocated-bytes non-tlh="34670864" tlh="661562896" />
  <largest-consumer threadName="Group1.Backend.CompositeBackend{Tier1}.7" threadId="0000000000842E00" bytes="101462568" />
</allocation-stats>
<gc-op id="2947" type="scavenge" timems="108.429" contextid="2944" timestamp="2020-09-12T19:24:03.748">
  <scavenger-info tenureage="3" tenuremask="7ff8" tiltratio="85" />
  <memory-copied type="nursery" objects="4383015" bytes="116754512" bytesdiscarded="354808" />
  <memory-copied type="tenure" objects="1083632" bytes="29127672" bytesdiscarded="12120" />
  <ownableSynchronizers candidates="4360" cleared="3855" />
  <references type="soft" candidates="487" cleared="0" enqueued="0" dynamicThreshold="13" maxThreshold="32" />
  <references type="weak" candidates="128" cleared="127" enqueued="0" />
  <heap-resize type="expand" space="tenure" amount="31457280" count="30" timems="16.619" reason="continue current collection" />
</gc-op>
<gc-end id="2948" type="scavenge" contextid="2944" durationms="109.167" usertimems="784.958" systemtimems="0.000" timestamp="2020-09-12T19:24:03.749" activeThreads="8">
  <mem-info id="2949" free="786406728" total="2597126144" percent="30">
    <mem type="nursery" free="686208072" total="939524096" percent="73">
      <mem type="allocate" free="686208072" total="803405824" percent="85" />
      <mem type="survivor" free="0" total="136118272" percent="0" />
    </mem>
    <mem type="tenure" free="100198656" total="1657602048" percent="6" macro-fragmented="0">
      <mem type="soa" free="741632" total="1558145024" percent="0" />
      <mem type="loa" free="99457024" total="99457024" percent="100" />
    </mem>
    <remembered-set count="30700" />
  </mem-info>
</gc-end>
<cycle-end id="2950" type="scavenge" contextid="2944" timestamp="2020-09-12T19:24:03.749" />
<allocation-satisfied id="2951" threadId="0000000000A80300" bytesRequested="80" />
<af-end id="2952" timestamp="2020-09-12T19:24:03.750" threadId="0000000000A80C80" success="true" from="nursery"/>
<exclusive-end id="2953" timestamp="2020-09-12T19:24:03.750" durationms="110.907" />

<exclusive-start id="2954" timestamp="2020-09-12T19:24:05.765" intervalms="2125.910">
  <response-info timems="0.409" idlems="0.409" threads="0" lastid="0000000000845300" lastname="Group1.Backend.CompositeBackend{Tier1}.3" />
</exclusive-start>
<af-start id="2955" threadId="0000000000845C80" totalBytesRequested="344" timestamp="2020-09-12T19:24:05.765" intervalms="2125.987" type="nursery" />
<cycle-start id="2956" type="scavenge" contextid="0" timestamp="2020-09-12T19:24:05.765" intervalms="2125.995" />
<gc-start id="2957" type="scavenge" contextid="2956" timestamp="2020-09-12T19:24:05.766">
  <mem-info id="2958" free="100198656" total="2597126144" percent="3">
    <mem type="nursery" free="0" total="939524096" percent="0">
      <mem type="allocate" free="0" total="803405824" percent="0" />
      <mem type="survivor" free="0" total="136118272" percent="0" />
    </mem>
    <mem type="tenure" free="100198656" total="1657602048" percent="6">
      <mem type="soa" free="741632" total="1558145024" percent="0" />
      <mem type="loa" free="99457024" total="99457024" percent="100" />
    </mem>
    <remembered-set count="193413" />
  </mem-info>
</gc-start>
<allocation-stats totalBytes="685884656" >
  <allocated-bytes non-tlh="34535136" tlh="651349520" />
  <largest-consumer threadName="Group1.Backend.CompositeBackend{Tier1}.7" threadId="0000000000842E00" bytes="89379424" />
</allocation-stats>
<gc-op id="2959" type="scavenge" timems="108.416" contextid="2956" timestamp="2020-09-12T19:24:05.874">
  <scavenger-info tenureage="3" tenuremask="7ff8" tiltratio="85" />
  <memory-copied type="nursery" objects="4245598" bytes="113578664" bytesdiscarded="386248" />
  <memory-copied type="tenure" objects="1104727" bytes="29717552" bytesdiscarded="12648" />
  <ownableSynchronizers candidates="3587" cleared="3117" />
  <references type="soft" candidates="494" cleared="0" enqueued="0" dynamicThreshold="13" maxThreshold="32" />
  <references type="weak" candidates="138" cleared="138" enqueued="0" />
  <heap-resize type="expand" space="tenure" amount="31457280" count="30" timems="19.073" reason="continue current collection" />
</gc-op>
<gc-end id="2960" type="scavenge" contextid="2956" durationms="109.220" usertimems="737.726" systemtimems="29.414" timestamp="2020-09-12T19:24:05.875" activeThreads="8">
  <mem-info id="2961" free="792259320" total="2628583424" percent="30">
    <mem type="nursery" free="690401528" total="939524096" percent="73">
      <mem type="allocate" free="690401528" total="804454400" percent="85" />
      <mem type="survivor" free="0" total="135069696" percent="0" />
    </mem>
    <mem type="tenure" free="101857792" total="1689059328" percent="6" macro-fragmented="0">
      <mem type="soa" free="513536" total="1587715072" percent="0" />
      <mem type="loa" free="101344256" total="101344256" percent="100" />
    </mem>
    <remembered-set count="31781" />
  </mem-info>
</gc-end>
<cycle-end id="2962" type="scavenge" contextid="2956" timestamp="2020-09-12T19:24:05.876" />
<allocation-satisfied id="2963" threadId="0000000000845300" bytesRequested="344" />
<af-end id="2964" timestamp="2020-09-12T19:24:05.876" threadId="0000000000845C80" success="true" from="nursery"/>
<exclusive-end id="2965" timestamp="2020-09-12T19:24:05.876" durationms="111.036" />

<exclusive-start id="2966" timestamp="2020-09-12T19:24:07.858" intervalms="2093.236">
  <response-info timems="1.760" idlems="1.760" threads="0" lastid="0000000000841700" lastname="Group1.Backend.CompositeBackend{Tier1}.5" />
</exclusive-start>
<af-start id="2967" threadId="0000000000842080" totalBytesRequested="1544" timestamp="2020-09-12T19:24:07.859" intervalms="2093.301" type="nursery" />
<cycle-start id="2968" type="scavenge" contextid="0" timestamp="2020-09-12T19:24:07.859" intervalms="2093.332" />
<gc-start id="2969" type="scavenge" contextid="2968" timestamp="2020-09-12T19:24:07.859">
  <mem-info id="2970" free="101857792" total="2628583424" percent="3">
    <mem type="nursery" free="0" total="939524096" percent="0">
      <mem type="allocate" free="0" total="804454400" percent="0" />
      <mem type="survivor" free="0" total="135069696" percent="0" />
    </mem>
    <mem type="tenure" free="101857792" total="1689059328" percent="6">
      <mem type="soa" free="513536" total="1587715072" percent="0" />
      <mem type="loa" free="101344256" total="101344256" percent="100" />
    </mem>
    <remembered-set count="194064" />
  </mem-info>
</gc-start>
<allocation-stats totalBytes="690072280" >
  <allocated-bytes non-tlh="33653616" tlh="656418664" />
  <largest-consumer threadName="Group1.Backend.CompositeBackend{Tier1}.8" threadId="0000000000843900" bytes="117161248" />
</allocation-stats>
<gc-op id="2971" type="scavenge" timems="116.250" contextid="2968" timestamp="2020-09-12T19:24:07.975">
  <scavenger-info tenureage="3" tenuremask="7ff8" tiltratio="85" />
  <memory-copied type="nursery" objects="4223231" bytes="112388224" bytesdiscarded="233560" />
  <memory-copied type="tenure" objects="1136793" bytes="30562952" bytesdiscarded="12280" />
  <ownableSynchronizers candidates="3732" cleared="3254" />
  <references type="soft" candidates="499" cleared="0" enqueued="0" dynamicThreshold="13" maxThreshold="32" />
  <references type="weak" candidates="119" cleared="118" enqueued="0" />
  <heap-resize type="expand" space="tenure" amount="32505856" count="31" timems="16.694" reason="continue current collection" />
</gc-op>
<gc-end id="2972" type="scavenge" contextid="2968" durationms="117.953" usertimems="773.954" systemtimems="15.145" timestamp="2020-09-12T19:24:07.977" activeThreads="8">
  <mem-info id="2973" free="797122544" total="2661089280" percent="29">
    <mem type="nursery" free="693324784" total="939524096" percent="73">
      <mem type="allocate" free="693324784" total="806027264" percent="86" />
      <mem type="survivor" free="0" total="133496832" percent="0" />
    </mem>
    <mem type="tenure" free="103797760" total="1721565184" percent="6" macro-fragmented="0">
      <mem type="soa" free="503808" total="1618271232" percent="0" />
      <mem type="loa" free="103293952" total="103293952" percent="100" />
    </mem>
    <remembered-set count="30766" />
  </mem-info>
</gc-end>
<cycle-end id="2974" type="scavenge" contextid="2968" timestamp="2020-09-12T19:24:07.978" />
<allocation-satisfied id="2975" threadId="0000000000841700" bytesRequested="1544" />
<af-end id="2976" timestamp="2020-09-12T19:24:07.978" threadId="0000000000842080" success="true" from="nursery"/>
<exclusive-end id="2977" timestamp="2020-09-12T19:24:07.978" durationms="120.600" />

<exclusive-start id="2978" timestamp="2020-09-12T19:24:09.983" intervalms="2124.730">
  <response-info timems="0.333" idlems="0.333" threads="0" lastid="000000000077E000" lastname="Group1.Backend.CompositeBackend{Tier1}.1" />
</exclusive-start>
<af-start id="2979" threadId="000000000077E980" totalBytesRequested="24" timestamp="2020-09-12T19:24:09.983" intervalms="2124.590" type="nursery" />
<cycle-start id="2980" type="scavenge" contextid="0" timestamp="2020-09-12T19:24:09.983" intervalms="2124.553" />
<gc-start id="2981" type="scavenge" contextid="2980" timestamp="2020-09-12T19:24:09.984">
  <mem-info id="2982" free="103797760" total="2661089280" percent="3">
    <mem type="nursery" free="0" total="939524096" percent="0">
      <mem type="allocate" free="0" total="806027264" percent="0" />
      <mem type="survivor" free="0" total="133496832" percent="0" />
    </mem>
    <mem type="tenure" free="103797760" total="1721565184" percent="6">
      <mem type="soa" free="503808" total="1618271232" percent="0" />
      <mem type="loa" free="103293952" total="103293952" percent="100" />
    </mem>
    <remembered-set count="195392" />
  </mem-info>
</gc-start>
<allocation-stats totalBytes="693000976" >
  <allocated-bytes non-tlh="30114400" tlh="662886576" />
  <largest-consumer threadName="Group1.Backend.CompositeBackend{Tier1}.3" threadId="0000000000845300" bytes="95229960" />
</allocation-stats>
<gc-op id="2983" type="scavenge" timems="114.700" contextid="2980" timestamp="2020-09-12T19:24:10.098">
  <scavenger-info tenureage="3" tenuremask="7ff8" tiltratio="85" />
  <memory-copied type="nursery" objects="4278161" bytes="114051024" bytesdiscarded="255392" />
  <memory-copied type="tenure" objects="1092950" bytes="29384024" bytesdiscarded="12360" />
  <ownableSynchronizers candidates="4231" cleared="3722" />
  <references type="soft" candidates="521" cleared="0" enqueued="0" dynamicThreshold="13" maxThreshold="32" />
  <references type="weak" candidates="118" cleared="118" enqueued="0" />
  <heap-resize type="expand" space="tenure" amount="31457280" count="30" timems="18.030" reason="continue current collection" />
</gc-op>
<gc-end id="2984" type="scavenge" contextid="2980" durationms="115.543" usertimems="858.473" systemtimems="7.428" timestamp="2020-09-12T19:24:10.099" activeThreads="8">
  <mem-info id="2985" free="798286584" total="2692546560" percent="29">
    <mem type="nursery" free="692422648" total="939524096" percent="73">
      <mem type="allocate" free="692422648" total="806813696" percent="85" />
      <mem type="survivor" free="0" total="132710400" percent="0" />
    </mem>
    <mem type="tenure" free="105863936" total="1753022464" percent="6" macro-fragmented="0">
      <mem type="soa" free="681728" total="1647840256" percent="0" />
      <mem type="loa" free="105182208" total="105182208" percent="100" />
    </mem>
    <remembered-set count="29771" />
  </mem-info>
</gc-end>
<cycle-end id="2986" type="scavenge" contextid="2980" timestamp="2020-09-12T19:24:10.100" />
<allocation-satisfied id="2987" threadId="000000000077E000" bytesRequested="24" />
<af-end id="2988" timestamp="2020-09-12T19:24:10.100" threadId="000000000077E980" success="true" from="nursery"/>
<exclusive-end id="2989" timestamp="2020-09-12T19:24:10.100" durationms="117.152" />

<exclusive-start id="2990" timestamp="2020-09-12T19:24:12.218" intervalms="2235.363">
  <response-info timems="1.125" idlems="1.125" threads="0" lastid="0000000000842E00" lastname="Group1.Backend.CompositeBackend{Tier1}.7" />
</exclusive-start>
<af-start id="2991" threadId="0000000000843780" totalBytesRequested="16" timestamp="2020-09-12T19:24:12.219" intervalms="2235.515" type="nursery" />
<cycle-start id="2992" type="scavenge" contextid="0" timestamp="2020-09-12T19:24:12.219" intervalms="2235.521" />
<gc-start id="2993" type="scavenge" contextid="2992" timestamp="2020-09-12T19:24:12.219">
  <mem-info id="2994" free="105863936" total="2692546560" percent="3">
    <mem type="nursery" free="0" total="939524096" percent="0">
      <mem type="allocate" free="0" total="806813696" percent="0" />
      <mem type="survivor" free="0" total="132710400" percent="0" />
    </mem>
    <mem type="tenure" free="105863936" total="1753022464" percent="6">
      <mem type="soa" free="681728" total="1647840256" percent="0" />
      <mem type="loa" free="105182208" total="105182208" percent="100" />
    </mem>
    <remembered-set count="198073" />
  </mem-info>
</gc-start>
<allocation-stats totalBytes="692079744" >
  <allocated-bytes non-tlh="27715360" tlh="664364384" />
  <largest-consumer threadName="Group1.Backend.CompositeBackend{Tier1}.3" threadId="0000000000845300" bytes="101716640" />
</allocation-stats>
<gc-op id="2995" type="scavenge" timems="102.156" contextid="2992" timestamp="2020-09-12T19:24:12.321">
  <scavenger-info tenureage="3" tenuremask="7ff8" tiltratio="85" />
  <memory-copied type="nursery" objects="4186317" bytes="112376024" bytesdiscarded="236128" />
  <memory-copied type="tenure" objects="1067620" bytes="28684472" bytesdiscarded="8880" />
  <ownableSynchronizers candidates="5320" cleared="4749" />
  <references type="soft" candidates="594" cleared="0" enqueued="0" dynamicThreshold="13" maxThreshold="32" />
  <references type="weak" candidates="92" cleared="92" enqueued="0" />
  <heap-resize type="expand" space="tenure" amount="30408704" count="29" timems="18.046" reason="continue current collection" />
</gc-op>
<gc-end id="2996" type="scavenge" contextid="2992" durationms="103.294" usertimems="719.573" systemtimems="25.935" timestamp="2020-09-12T19:24:12.322" activeThreads="8">
  <mem-info id="2997" free="802747648" total="2722955264" percent="29">
    <mem type="nursery" free="695092736" total="939524096" percent="73">
      <mem type="allocate" free="695092736" total="807796736" percent="86" />
      <mem type="survivor" free="0" total="131727360" percent="0" />
    </mem>
    <mem type="tenure" free="107654912" total="1783431168" percent="6" macro-fragmented="0">
      <mem type="soa" free="648960" total="1676425216" percent="0" />
      <mem type="loa" free="107005952" total="107005952" percent="100" />
    </mem>
    <remembered-set count="29865" />
  </mem-info>
</gc-end>
<cycle-end id="2998" type="scavenge" contextid="2992" timestamp="2020-09-12T19:24:12.323" />
<allocation-satisfied id="2999" threadId="0000000000842E00" bytesRequested="16" />
<af-end id="3000" timestamp="2020-09-12T19:24:12.323" threadId="0000000000843780" success="true" from="nursery"/>
<exclusive-end id="3001" timestamp="2020-09-12T19:24:12.323" durationms="105.214" />

<exclusive-start id="3002" timestamp="2020-09-12T19:24:14.247" intervalms="2029.108">
  <response-info timems="0.429" idlems="0.429" threads="0" lastid="0000000000845300" lastname="Group1.Backend.CompositeBackend{Tier1}.3" />
</exclusive-start>
<af-start id="3003" threadId="0000000000845C80" totalBytesRequested="120" timestamp="2020-09-12T19:24:14.248" intervalms="2029.066" type="nursery" />
<cycle-start id="3004" type="scavenge" contextid="0" timestamp="2020-09-12T19:24:14.248" intervalms="2029.090" />
<gc-start id="3005" type="scavenge" contextid="3004" timestamp="2020-09-12T19:24:14.248">
  <mem-info id="3006" free="107654912" total="2722955264" percent="3">
    <mem type="nursery" free="0" total="939524096" percent="0">
      <mem type="allocate" free="0" total="807796736" percent="0" />
      <mem type="survivor" free="0" total="131727360" percent="0" />
    </mem>
    <mem type="tenure" free="107654912" total="1783431168" percent="6">
      <mem type="soa" free="648960" total="1676425216" percent="0" />
      <mem type="loa" free="107005952" total="107005952" percent="100" />
    </mem>
    <remembered-set count="192101" />
  </mem-info>
</gc-start>
<allocation-stats totalBytes="694772240" >
  <allocated-bytes non-tlh="38941688" tlh="655830552" />
  <largest-consumer threadName="Group1.Backend.CompositeBackend{Tier1}.8" threadId="0000000000843900" bytes="88908680" />
</allocation-stats>
<gc-op id="3007" type="scavenge" timems="118.534" contextid="3004" timestamp="2020-09-12T19:24:14.367">
  <scavenger-info tenureage="3" tenuremask="7ff8" tiltratio="85" />
  <memory-copied type="nursery" objects="4227577" bytes="113247544" bytesdiscarded="240400" />
  <memory-copied type="tenure" objects="1085297" bytes="29190696" bytesdiscarded="9720" />
  <ownableSynchronizers candidates="4586" cleared="3994" />
  <references type="soft" candidates="601" cleared="0" enqueued="0" dynamicThreshold="13" maxThreshold="32" />
  <references type="weak" candidates="118" cleared="117" enqueued="0" />
  <heap-resize type="expand" space="tenure" amount="31457280" count="30" timems="18.238" reason="continue current collection" />
</gc-op>
<gc-end id="3008" type="scavenge" contextid="3004" durationms="119.591" usertimems="851.018" systemtimems="16.188" timestamp="2020-09-12T19:24:14.368" activeThreads="8">
  <mem-info id="3009" free="804775672" total="2754412544" percent="29">
    <mem type="nursery" free="695006968" total="939524096" percent="73">
      <mem type="allocate" free="695006968" total="808583168" percent="85" />
      <mem type="survivor" free="0" total="130940928" percent="0" />
    </mem>
    <mem type="tenure" free="109768704" total="1814888448" percent="6" macro-fragmented="0">
      <mem type="soa" free="874496" total="1705994240" percent="0" />
      <mem type="loa" free="108894208" total="108894208" percent="100" />
    </mem>
    <remembered-set count="31666" />
  </mem-info>
</gc-end>
<cycle-end id="3010" type="scavenge" contextid="3004" timestamp="2020-09-12T19:24:14.368" />
<allocation-satisfied id="3011" threadId="0000000000845300" bytesRequested="120" />
<af-end id="3012" timestamp="2020-09-12T19:24:14.368" threadId="0000000000845C80" success="true" from="nursery"/>
<exclusive-end id="3013" timestamp="2020-09-12T19:24:14.368" durationms="121.467" />

<exclusive-start id="3014" timestamp="2020-09-12T19:24:16.429" intervalms="2182.366">
  <response-info timems="0.343" idlems="0.343" threads="0" lastid="0000000000843900" lastname="Group1.Backend.CompositeBackend{Tier1}.8" />
</exclusive-start>
<af-start id="3015" threadId="0000000000844280" totalBytesRequested="104" timestamp="2020-09-12T19:24:16.430" intervalms="2182.261" type="nursery" />
<cycle-start id="3016" type="scavenge" contextid="0" timestamp="2020-09-12T19:24:16.430" intervalms="2182.230" />
<gc-start id="3017" type="scavenge" contextid="3016" timestamp="2020-09-12T19:24:16.430">
  <mem-info id="3018" free="109768704" total="2754412544" percent="3">
    <mem type="nursery" free="0" total="939524096" percent="0">
      <mem type="allocate" free="0" total="808583168" percent="0" />
      <mem type="survivor" free="0" total="130940928" percent="0" />
    </mem>
    <mem type="tenure" free="109768704" total="1814888448" percent="6">
      <mem type="soa" free="874496" total="1705994240" percent="0" />
      <mem type="loa" free="108894208" total="108894208" percent="100" />
    </mem>
    <remembered-set count="196851" />
  </mem-info>
</gc-start>
<allocation-stats totalBytes="694674008" >
  <allocated-bytes non-tlh="28502160" tlh="666171848" />
  <largest-consumer threadName="Group1.Backend.CompositeBackend{Tier1}.6" threadId="0000000000842200" bytes="98643584" />
</allocation-stats>
<gc-op id="3019" type="scavenge" timems="100.273" contextid="3016" timestamp="2020-09-12T19:24:16.531">
  <scavenger-info tenureage="3" tenuremask="7ff8" tiltratio="86" />
  <memory-copied type="nursery" objects="4266273" bytes="114314384" bytesdiscarded="133872" />
  <memory-copied type="tenure" objects="1132016" bytes="30456736" bytesdiscarded="9624" />
  <ownableSynchronizers candidates="4749" cleared="4130" />
  <references type="soft" candidates="608" cleared="0" enqueued="0" dynamicThreshold="13" maxThreshold="32" />
  <references type="weak" candidates="122" cleared="122" enqueued="0" />
  <heap-resize type="expand" space="tenure" amount="32505856" count="31" timems="17.442" reason="continue current collection" />
</gc-op>
<gc-end id="3020" type="scavenge" contextid="3016" durationms="100.986" usertimems="717.458" systemtimems="18.673" timestamp="2020-09-12T19:24:16.531" activeThreads="8">
  <mem-info id="3021" free="807125232" total="2786918400" percent="28">
    <mem type="nursery" free="695358192" total="939524096" percent="74">
      <mem type="allocate" free="695358192" total="809893888" percent="85" />
      <mem type="survivor" free="0" total="129630208" percent="0" />
    </mem>
    <mem type="tenure" free="111767040" total="1847394304" percent="6" macro-fragmented="0">
      <mem type="soa" free="923136" total="1736550400" percent="0" />
      <mem type="loa" free="110843904" total="110843904" percent="100" />
    </mem>
    <remembered-set count="32310" />
  </mem-info>
</gc-end>
<cycle-end id="3022" type="scavenge" contextid="3016" timestamp="2020-09-12T19:24:16.532" />
<allocation-satisfied id="3023" threadId="0000000000843900" bytesRequested="104" />
<af-end id="3024" timestamp="2020-09-12T19:24:16.532" threadId="0000000000844280" success="true" from="nursery"/>
<exclusive-end id="3025" timestamp="2020-09-12T19:24:16.532" durationms="102.594" />

<exclusive-start id="3026" timestamp="2020-09-12T19:24:18.487" intervalms="2057.239">
  <response-info timems="0.664" idlems="0.347" threads="1" lastid="0000000000842E00" lastname="Group1.Backend.CompositeBackend{Tier1}.7" />
</exclusive-start>
<af-start id="3027" threadId="0000000000847380" totalBytesRequested="24" timestamp="2020-09-12T19:24:18.488" intervalms="2057.530" type="nursery" />
<cycle-start id="3028" type="scavenge" contextid="0" timestamp="2020-09-12T19:24:18.488" intervalms="2057.545" />
<gc-start id="3029" type="scavenge" contextid="3028" timestamp="2020-09-12T19:24:18.488">
  <mem-info id="3030" free="111767040" total="2786918400" percent="4">
    <mem type="nursery" free="0" total="939524096" percent="0">
      <mem type="allocate" free="0" total="809893888" percent="0" />
      <mem type="survivor" free="0" total="129630208" percent="0" />
    </mem>
    <mem type="tenure" free="111767040" total="1847394304" percent="6">
      <mem type="soa" free="923136" total="1736550400" percent="0" />
      <mem type="loa" free="110843904" total="110843904" percent="100" />
    </mem>
    <remembered-set count="193730" />
  </mem-info>
</gc-start>
<allocation-stats totalBytes="695040776" >
  <allocated-bytes non-tlh="36147448" tlh="658893328" />
  <largest-consumer threadName="Group1.Backend.CompositeBackend{Tier1}.2" threadId="0000000000780600" bytes="105793848" />
</allocation-stats>
<gc-op id="3031" type="scavenge" timems="91.133" contextid="3028" timestamp="2020-09-12T19:24:18.579">
  <scavenger-info tenureage="3" tenuremask="7ff8" tiltratio="86" />
  <memory-copied type="nursery" objects="4118338" bytes="110554320" bytesdiscarded="352480" />
  <memory-copied type="tenure" objects="1164682" bytes="31301944" bytesdiscarded="11032" />
  <ownableSynchronizers candidates="4753" cleared="4126" />
  <references type="soft" candidates="530" cleared="0" enqueued="0" dynamicThreshold="13" maxThreshold="32" />
  <references type="weak" candidates="132" cleared="132" enqueued="0" />
  <heap-resize type="expand" space="tenure" amount="32505856" count="31" timems="17.236" reason="continue current collection" />
</gc-op>
<gc-end id="3032" type="scavenge" contextid="3028" durationms="91.869" usertimems="668.017" systemtimems="26.929" timestamp="2020-09-12T19:24:18.580" activeThreads="8">
  <mem-info id="3033" free="812214224" total="2819424256" percent="28">
    <mem type="nursery" free="699230928" total="939524096" percent="74">
      <mem type="allocate" free="699230928" total="810221568" percent="86" />
      <mem type="survivor" free="0" total="129302528" percent="0" />
    </mem>
    <mem type="tenure" free="112983296" total="1879900160" percent="6" macro-fragmented="0">
      <mem type="soa" free="188672" total="1767105536" percent="0" />
      <mem type="loa" free="112794624" total="112794624" percent="100" />
    </mem>
    <remembered-set count="30495" />
  </mem-info>
</gc-end>
<cycle-end id="3034" type="scavenge" contextid="3028" timestamp="2020-09-12T19:24:18.580" />
<allocation-satisfied id="3035" threadId="0000000000846A00" bytesRequested="24" />
<af-end id="3036" timestamp="2020-09-12T19:24:18.580" threadId="0000000000847380" success="true" from="nursery"/>
<exclusive-end id="3037" timestamp="2020-09-12T19:24:18.580" durationms="93.871" />

<exclusive-start id="3038" timestamp="2020-09-12T19:24:20.575" intervalms="2088.721">
  <response-info timems="0.645" idlems="0.645" threads="0" lastid="0000000000841700" lastname="Group1.Backend.CompositeBackend{Tier1}.5" />
</exclusive-start>
<af-start id="3039" threadId="0000000000842080" totalBytesRequested="32" timestamp="2020-09-12T19:24:20.576" intervalms="2088.619" type="nursery" />
<cycle-start id="3040" type="scavenge" contextid="0" timestamp="2020-09-12T19:24:20.576" intervalms="2088.631" />
<gc-start id="3041" type="scavenge" contextid="3040" timestamp="2020-09-12T19:24:20.577">
  <mem-info id="3042" free="112983296" total="2819424256" percent="4">
    <mem type="nursery" free="0" total="939524096" percent="0">
      <mem type="allocate" free="0" total="810221568" percent="0" />
      <mem type="survivor" free="0" total="129302528" percent="0" />
    </mem>
    <mem type="tenure" free="112983296" total="1879900160" percent="6">
      <mem type="soa" free="188672" total="1767105536" percent="0" />
      <mem type="loa" free="112794624" total="112794624" percent="100" />
    </mem>
    <remembered-set count="193649" />
  </mem-info>
</gc-start>
<allocation-stats totalBytes="698899728" >
  <allocated-bytes non-tlh="36707680" tlh="662192048" />
  <largest-consumer threadName="Group1.Backend.CompositeBackend{Tier1}.5" threadId="0000000000841700" bytes="93090280" />
</allocation-stats>
<gc-op id="3043" type="scavenge" timems="103.569" contextid="3040" timestamp="2020-09-12T19:24:20.680">
  <scavenger-info tenureage="3" tenuremask="7ff8" tiltratio="86" />
  <memory-copied type="nursery" objects="4339125" bytes="115623032" bytesdiscarded="252040" />
  <memory-copied type="tenure" objects="1075806" bytes="28888952" bytesdiscarded="9928" />
  <ownableSynchronizers candidates="4234" cleared="3660" />
  <references type="soft" candidates="551" cleared="0" enqueued="0" dynamicThreshold="13" maxThreshold="32" />
  <references type="weak" candidates="122" cleared="122" enqueued="0" />
  <heap-resize type="expand" space="tenure" amount="31457280" count="30" timems="15.843" reason="continue current collection" />
</gc-op>
<gc-end id="3044" type="scavenge" contextid="3040" durationms="104.345" usertimems="778.741" systemtimems="8.319" timestamp="2020-09-12T19:24:20.681" activeThreads="8">
  <mem-info id="3045" free="804948984" total="2850881536" percent="28">
    <mem type="nursery" free="689543672" total="939524096" percent="73">
      <mem type="allocate" free="689543672" total="805502976" percent="85" />
      <mem type="survivor" free="0" total="134021120" percent="0" />
    </mem>
    <mem type="tenure" free="115405312" total="1911357440" percent="6" macro-fragmented="0">
      <mem type="soa" free="723456" total="1796675584" percent="0" />
      <mem type="loa" free="114681856" total="114681856" percent="100" />
    </mem>
    <remembered-set count="29766" />
  </mem-info>
</gc-end>
<cycle-end id="3046" type="scavenge" contextid="3040" timestamp="2020-09-12T19:24:20.681" />
<allocation-satisfied id="3047" threadId="0000000000841700" bytesRequested="32" />
<af-end id="3048" timestamp="2020-09-12T19:24:20.681" threadId="0000000000842080" success="true" from="nursery"/>
<exclusive-end id="3049" timestamp="2020-09-12T19:24:20.681" durationms="106.161" />

<exclusive-start id="3050" timestamp="2020-09-12T19:24:22.674" intervalms="2098.245">
  <response-info timems="0.379" idlems="0.379" threads="0" lastid="0000000000841700" lastname="Group1.Backend.CompositeBackend{Tier1}.5" />
</exclusive-start>
<af-start id="3051" threadId="0000000000842080" totalBytesRequested="1032" timestamp="2020-09-12T19:24:22.674" intervalms="2098.090" type="nursery" />
<cycle-start id="3052" type="scavenge" contextid="0" timestamp="2020-09-12T19:24:22.674" intervalms="2098.060" />
<gc-start id="3053" type="scavenge" contextid="3052" timestamp="2020-09-12T19:24:22.675">
  <mem-info id="3054" free="115405312" total="2850881536" percent="4">
    <mem type="nursery" free="0" total="939524096" percent="0">
      <mem type="allocate" free="0" total="805502976" percent="0" />
      <mem type="survivor" free="0" total="134021120" percent="0" />
    </mem>
    <mem type="tenure" free="115405312" total="1911357440" percent="6">
      <mem type="soa" free="723456" total="1796675584" percent="0" />
      <mem type="loa" free="114681856" total="114681856" percent="100" />
    </mem>
    <remembered-set count="196721" />
  </mem-info>
</gc-start>
<allocation-stats totalBytes="689194992" >
  <allocated-bytes non-tlh="28101216" tlh="661093776" />
  <largest-consumer threadName="Group1.Backend.CompositeBackend{Tier1}.1" threadId="000000000077E000" bytes="96523760" />
</allocation-stats>
<gc-op id="3055" type="scavenge" timems="129.696" contextid="3052" timestamp="2020-09-12T19:24:22.804">
  <scavenger-info tenureage="3" tenuremask="7ff8" tiltratio="85" />
  <memory-copied type="nursery" objects="4445779" bytes="117957960" bytesdiscarded="202544" />
  <memory-copied type="tenure" objects="1124839" bytes="30385936" bytesdiscarded="10464" />
  <ownableSynchronizers candidates="5207" cleared="4605" />
  <references type="soft" candidates="567" cleared="0" enqueued="0" dynamicThreshold="13" maxThreshold="32" />
  <references type="weak" candidates="124" cleared="124" enqueued="0" />
  <heap-resize type="expand" space="tenure" amount="31457280" count="30" timems="20.002" reason="continue current collection" />
</gc-op>
<gc-end id="3056" type="scavenge" contextid="3052" durationms="130.522" usertimems="921.627" systemtimems="28.234" timestamp="2020-09-12T19:24:22.805" activeThreads="8">
  <mem-info id="3057" free="803297232" total="2882338816" percent="27">
    <mem type="nursery" free="686662096" total="939524096" percent="73">
      <mem type="allocate" free="686662096" total="804913152" percent="85" />
      <mem type="survivor" free="0" total="134610944" percent="0" />
    </mem>
    <mem type="tenure" free="116635136" total="1942814720" percent="6" macro-fragmented="0">
      <mem type="soa" free="66048" total="1826245632" percent="0" />
      <mem type="loa" free="116569088" total="116569088" percent="100" />
    </mem>
    <remembered-set count="31904" />
  </mem-info>
</gc-end>
<cycle-end id="3058" type="scavenge" contextid="3052" timestamp="2020-09-12T19:24:22.806" />
<allocation-satisfied id="3059" threadId="0000000000841700" bytesRequested="1032" />
<af-end id="3060" timestamp="2020-09-12T19:24:22.806" threadId="0000000000842080" success="true" from="nursery"/>
<exclusive-end id="3061" timestamp="2020-09-12T19:24:22.806" durationms="132.225" />

<exclusive-start id="3062" timestamp="2020-09-12T19:24:24.819" intervalms="2145.070">
  <response-info timems="0.297" idlems="0.297" threads="0" lastid="0000000000843900" lastname="Group1.Backend.CompositeBackend{Tier1}.8" />
</exclusive-start>
<af-start id="3063" threadId="0000000000844280" totalBytesRequested="40" timestamp="2020-09-12T19:24:24.819" intervalms="2145.144" type="nursery" />
<cycle-start id="3064" type="scavenge" contextid="0" timestamp="2020-09-12T19:24:24.820" intervalms="2145.147" />
<gc-start id="3065" type="scavenge" contextid="3064" timestamp="2020-09-12T19:24:24.820">
  <mem-info id="3066" free="116635136" total="2882338816" percent="4">
    <mem type="nursery" free="0" total="939524096" percent="0">
      <mem type="allocate" free="0" total="804913152" percent="0" />
      <mem type="survivor" free="0" total="134610944" percent="0" />
    </mem>
    <mem type="tenure" free="116635136" total="1942814720" percent="6">
      <mem type="soa" free="66048" total="1826245632" percent="0" />
      <mem type="loa" free="116569088" total="116569088" percent="100" />
    </mem>
    <remembered-set count="196568" />
  </mem-info>
</gc-start>
<allocation-stats totalBytes="686329704" >
  <allocated-bytes non-tlh="32010336" tlh="654319368" />
  <largest-consumer threadName="Group1.Backend.CompositeBackend{Tier1}.7" threadId="0000000000842E00" bytes="94314616" />
</allocation-stats>
<gc-op id="3067" type="scavenge" timems="104.768" contextid="3064" timestamp="2020-09-12T19:24:24.925">
  <scavenger-info tenureage="3" tenuremask="7ff8" tiltratio="85" />
  <memory-copied type="nursery" objects="4156187" bytes="111415880" bytesdiscarded="171472" />
  <memory-copied type="tenure" objects="1070614" bytes="28790864" bytesdiscarded="10880" />
  <ownableSynchronizers candidates="4270" cleared="3711" />
  <references type="soft" candidates="536" cleared="0" enqueued="0" dynamicThreshold="13" maxThreshold="32" />
  <references type="weak" candidates="122" cleared="122" enqueued="0" />
  <heap-resize type="expand" space="tenure" amount="31457280" count="30" timems="19.239" reason="continue current collection" />
</gc-op>
<gc-end id="3068" type="scavenge" contextid="3064" durationms="105.722" usertimems="750.201" systemtimems="27.768" timestamp="2020-09-12T19:24:24.925" activeThreads="8">
  <mem-info id="3069" free="812970496" total="2913796096" percent="27">
    <mem type="nursery" free="693693184" total="939524096" percent="73">
      <mem type="allocate" free="693693184" total="805371904" percent="86" />
      <mem type="survivor" free="0" total="134152192" percent="0" />
    </mem>
    <mem type="tenure" free="119277312" total="1974272000" percent="6" macro-fragmented="0">
      <mem type="soa" free="820992" total="1855815680" percent="0" />
      <mem type="loa" free="118456320" total="118456320" percent="100" />
    </mem>
    <remembered-set count="32882" />
  </mem-info>
</gc-end>
<cycle-end id="3070" type="scavenge" contextid="3064" timestamp="2020-09-12T19:24:24.926" />
<allocation-satisfied id="3071" threadId="0000000000843900" bytesRequested="40" />
<af-end id="3072" timestamp="2020-09-12T19:24:24.926" threadId="0000000000844280" success="true" from="nursery"/>
<exclusive-end id="3073" timestamp="2020-09-12T19:24:24.926" durationms="107.602" />

<exclusive-start id="3074" timestamp="2020-09-12T19:24:26.904" intervalms="2085.841">
  <response-info timems="0.403" idlems="0.403" threads="0" lastid="0000000000845300" lastname="Group1.Backend.CompositeBackend{Tier1}.3" />
</exclusive-start>
<af-start id="3075" threadId="0000000000845C80" totalBytesRequested="3112" timestamp="2020-09-12T19:24:26.905" intervalms="2085.726" type="nursery" />
<cycle-start id="3076" type="scavenge" contextid="0" timestamp="2020-09-12T19:24:26.905" intervalms="2085.738" />
<gc-start id="3077" type="scavenge" contextid="3076" timestamp="2020-09-12T19:24:26.906">
  <mem-info id="3078" free="119277312" total="2913796096" percent="4">
    <mem type="nursery" free="0" total="939524096" percent="0">
      <mem type="allocate" free="0" total="805371904" percent="0" />
      <mem type="survivor" free="0" total="134152192" percent="0" />
    </mem>
    <mem type="tenure" free="119277312" total="1974272000" percent="6">
      <mem type="soa" free="820992" total="1855815680" percent="0" />
      <mem type="loa" free="118456320" total="118456320" percent="100" />
    </mem>
    <remembered-set count="194695" />
  </mem-info>
</gc-start>
<allocation-stats totalBytes="693347904" >
  <allocated-bytes non-tlh="35667840" tlh="657680064" />
  <largest-consumer threadName="Group1.Backend.CompositeBackend{Tier1}.5" threadId="0000000000841700" bytes="84584224" />
</allocation-stats>
<gc-op id="3079" type="scavenge" timems="106.536" contextid="3076" timestamp="2020-09-12T19:24:27.012">
  <scavenger-info tenureage="3" tenuremask="7ff8" tiltratio="85" />
  <memory-copied type="nursery" objects="4359996" bytes="116019616" bytesdiscarded="517400" />
  <memory-copied type="tenure" objects="1087446" bytes="29213568" bytesdiscarded="10272" />
  <ownableSynchronizers candidates="4561" cleared="4018" />
  <references type="soft" candidates="499" cleared="0" enqueued="0" dynamicThreshold="13" maxThreshold="32" />
  <references type="weak" candidates="108" cleared="107" enqueued="0" />
  <heap-resize type="expand" space="tenure" amount="30408704" count="29" timems="16.528" reason="continue current collection" />
</gc-op>
<gc-end id="3080" type="scavenge" contextid="3076" durationms="107.262" usertimems="781.375" systemtimems="15.082" timestamp="2020-09-12T19:24:27.013" activeThreads="8">
  <mem-info id="3081" free="809014256" total="2944204800" percent="27">
    <mem type="nursery" free="688558832" total="939524096" percent="73">
      <mem type="allocate" free="688558832" total="805175296" percent="85" />
      <mem type="survivor" free="0" total="134348800" percent="0" />
    </mem>
    <mem type="tenure" free="120455424" total="2004680704" percent="6" macro-fragmented="0">
      <mem type="soa" free="174336" total="1884399616" percent="0" />
      <mem type="loa" free="120281088" total="120281088" percent="100" />
    </mem>
    <remembered-set count="31648" />
  </mem-info>
</gc-end>
<cycle-end id="3082" type="scavenge" contextid="3076" timestamp="2020-09-12T19:24:27.013" />
<allocation-satisfied id="3083" threadId="0000000000845300" bytesRequested="3112" />
<af-end id="3084" timestamp="2020-09-12T19:24:27.013" threadId="0000000000845C80" success="true" from="nursery"/>
<exclusive-end id="3085" timestamp="2020-09-12T19:24:27.013" durationms="108.870" />

<exclusive-start id="3086" timestamp="2020-09-12T19:24:28.971" intervalms="2066.084">
  <response-info timems="0.387" idlems="0.387" threads="0" lastid="0000000000843900" lastname="Group1.Backend.CompositeBackend{Tier1}.8" />
</exclusive-start>
<af-start id="3087" threadId="0000000000844280" totalBytesRequested="24" timestamp="2020-09-12T19:24:28.971" intervalms="2066.151" type="nursery" />
<percolate-collect id="3088" from="nursery" to="global" reason="met projected tenure max free" timestamp="2020-09-12T19:24:28.971"/>
<cycle-start id="3089" type="global" contextid="0" timestamp="2020-09-12T19:24:28.971" intervalms="77373.465" />
<gc-start id="3090" type="global" contextid="3089" timestamp="2020-09-12T19:24:28.972">
  <mem-info id="3091" free="120455424" total="2944204800" percent="4">
    <mem type="nursery" free="0" total="939524096" percent="0">
      <mem type="allocate" free="0" total="805175296" percent="0" />
      <mem type="survivor" free="0" total="134348800" percent="0" />
    </mem>
    <mem type="tenure" free="120455424" total="2004680704" percent="6">
      <mem type="soa" free="174336" total="1884399616" percent="0" />
      <mem type="loa" free="120281088" total="120281088" percent="100" />
    </mem>
    <remembered-set count="194332" />
  </mem-info>
</gc-start>
<allocation-stats totalBytes="688245024" >
  <allocated-bytes non-tlh="34546448" tlh="653698576" />
  <largest-consumer threadName="Group1.Backend.CompositeBackend{Tier1}.5" threadId="0000000000841700" bytes="96091848" />
</allocation-stats>
<gc-op id="3092" type="mark" timems="492.389" contextid="3089" timestamp="2020-09-12T19:24:29.464">
  <trace-info objectcount="30660509" scancount="29681752" scanbytes="812184176" />
  <finalization candidates="148" enqueued="0" />
  <ownableSynchronizers candidates="586467" cleared="4913" />
  <references type="soft" candidates="703700" cleared="1001" enqueued="999" dynamicThreshold="13" maxThreshold="32" />
  <references type="weak" candidates="4402" cleared="117" enqueued="0" />
  <references type="phantom" candidates="106" cleared="0" enqueued="0" />
  <stringconstants candidates="11049" cleared="1"  />
</gc-op>
<gc-op id="3093" type="sweep" timems="9.254" contextid="3089" timestamp="2020-09-12T19:24:29.474" />
<heap-resize id="3094" type="contract" space="tenure" amount="100270080" count="1" timems="12.859" reason="insufficient time being spent in gc" timestamp="2020-09-12T19:24:29.487" />
<gc-end id="3095" type="global" contextid="3089" durationms="515.662" usertimems="3864.658" systemtimems="35.327" timestamp="2020-09-12T19:24:29.487" activeThreads="8">
  <mem-info id="3096" free="1711593752" total="2843934720" percent="60">
    <mem type="nursery" free="613911872" total="939524096" percent="65">
      <mem type="allocate" free="613911872" total="805175296" percent="76" />
      <mem type="survivor" free="0" total="134348800" percent="0" />
    </mem>
    <mem type="tenure" free="1097681880" total="1904410624" percent="57" micro-fragmented="46536111" macro-fragmented="0">
      <mem type="soa" free="1077172912" total="1790145536" percent="60" />
      <mem type="loa" free="20508968" total="114265088" percent="17" />
    </mem>
    <pending-finalizers system="0" default="0" reference="999" classloader="0" />
    <remembered-set count="188540" />
  </mem-info>
</gc-end>
<cycle-end id="3097" type="global" contextid="3089" timestamp="2020-09-12T19:24:29.488" />
<allocation-satisfied id="3098" threadId="0000000000843900" bytesRequested="24" />
<af-end id="3099" timestamp="2020-09-12T19:24:29.488" threadId="0000000000844280" success="true" from="nursery"/>
<exclusive-end id="3100" timestamp="2020-09-12T19:24:29.488" durationms="517.439" />

<exclusive-start id="3101" timestamp="2020-09-12T19:24:30.909" intervalms="1938.558">
  <response-info timems="13.480" idlems="13.480" threads="0" lastid="0000000000780600" lastname="Group1.Backend.CompositeBackend{Tier1}.2" />
</exclusive-start>
<af-start id="3102" threadId="0000000000780F80" totalBytesRequested="16" timestamp="2020-09-12T19:24:30.910" intervalms="1939.071" type="nursery" />
<cycle-start id="3103" type="scavenge" contextid="0" timestamp="2020-09-12T19:24:30.911" intervalms="4005.272" />
<gc-start id="3104" type="scavenge" contextid="3103" timestamp="2020-09-12T19:24:30.911">
  <mem-info id="3105" free="1097681832" total="2843934720" percent="38">
    <mem type="nursery" free="0" total="939524096" percent="0">
      <mem type="allocate" free="0" total="805175296" percent="0" />
      <mem type="survivor" free="0" total="134348800" percent="0" />
    </mem>
    <mem type="tenure" free="1097681832" total="1904410624" percent="57">
      <mem type="soa" free="1077172864" total="1790145536" percent="60" />
      <mem type="loa" free="20508968" total="114265088" percent="17" />
    </mem>
    <remembered-set count="245721" />
  </mem-info>
</gc-start>
<allocation-stats totalBytes="611738248" >
  <allocated-bytes non-tlh="29136176" tlh="582602072" />
  <largest-consumer threadName="Group1.Backend.CompositeBackend{Tier1}.2" threadId="0000000000780600" bytes="86293976" />
</allocation-stats>
<gc-op id="3106" type="scavenge" timems="146.108" contextid="3103" timestamp="2020-09-12T19:24:31.057">
  <scavenger-info tenureage="3" tenuremask="7ff8" tiltratio="85" />
  <memory-copied type="nursery" objects="4993096" bytes="134101816" bytesdiscarded="102720" />
  <memory-copied type="tenure" objects="1055986" bytes="28292304" bytesdiscarded="22328" />
  <copy-failed type="nursery" objects="41903" bytes="1057456" />
  <ownableSynchronizers candidates="1166309" cleared="1165689" />
  <references type="soft" candidates="568" cleared="0" enqueued="0" dynamicThreshold="18" maxThreshold="32" />
  <references type="weak" candidates="109" cleared="108" enqueued="0" />
</gc-op>
<gc-end id="3107" type="scavenge" contextid="3103" durationms="147.241" usertimems="1022.820" systemtimems="9.849" timestamp="2020-09-12T19:24:31.058" activeThreads="8">
  <mem-info id="3108" free="1701427512" total="2843934720" percent="59">
    <mem type="nursery" free="632356864" total="939524096" percent="67">
      <mem type="allocate" free="632356864" total="766705664" percent="82" />
      <mem type="survivor" free="0" total="172818432" percent="0" />
    </mem>
    <mem type="tenure" free="1069070648" total="1904410624" percent="56" macro-fragmented="0">
      <mem type="soa" free="1048561680" total="1790145536" percent="58" />
      <mem type="loa" free="20508968" total="114265088" percent="17" />
    </mem>
    <remembered-set count="37853" />
  </mem-info>
</gc-end>
<cycle-end id="3109" type="scavenge" contextid="3103" timestamp="2020-09-12T19:24:31.059" />
<allocation-satisfied id="3110" threadId="0000000000780600" bytesRequested="16" />
<af-end id="3111" timestamp="2020-09-12T19:24:31.059" threadId="0000000000780F80" success="true" from="nursery"/>
<exclusive-end id="3112" timestamp="2020-09-12T19:24:31.059" durationms="149.908" />

<exclusive-start id="3113" timestamp="2020-09-12T19:24:32.886" intervalms="1976.510">
  <response-info timems="0.422" idlems="0.422" threads="0" lastid="0000000000846A00" lastname="Group1.Backend.CompositeBackend{Tier1}.4" />
</exclusive-start>
<af-start id="3114" threadId="0000000000847380" totalBytesRequested="16" timestamp="2020-09-12T19:24:32.886" intervalms="1976.121" type="nursery" />
<cycle-start id="3115" type="scavenge" contextid="0" timestamp="2020-09-12T19:24:32.887" intervalms="1976.069" />
<gc-start id="3116" type="scavenge" contextid="3115" timestamp="2020-09-12T19:24:32.887">
  <mem-info id="3117" free="1069070648" total="2843934720" percent="37">
    <mem type="nursery" free="0" total="939524096" percent="0">
      <mem type="allocate" free="0" total="766705664" percent="0" />
      <mem type="survivor" free="0" total="172818432" percent="0" />
    </mem>
    <mem type="tenure" free="1069070648" total="1904410624" percent="56">
      <mem type="soa" free="1048561680" total="1790145536" percent="58" />
      <mem type="loa" free="20508968" total="114265088" percent="17" />
    </mem>
    <remembered-set count="196184" />
  </mem-info>
</gc-start>
<allocation-stats totalBytes="632051936" >
  <allocated-bytes non-tlh="24929456" tlh="607122480" />
  <largest-consumer threadName="Group1.Backend.CompositeBackend{Tier1}.3" threadId="0000000000845300" bytes="85226376" />
</allocation-stats>
<gc-op id="3118" type="scavenge" timems="127.706" contextid="3115" timestamp="2020-09-12T19:24:33.015">
  <scavenger-info tenureage="3" tenuremask="7ff8" tiltratio="81" />
  <memory-copied type="nursery" objects="5146295" bytes="137247296" bytesdiscarded="262512" />
  <memory-copied type="tenure" objects="1009745" bytes="27146768" bytesdiscarded="80272" />
  <ownableSynchronizers candidates="4048" cleared="3504" />
  <references type="soft" candidates="541" cleared="0" enqueued="0" dynamicThreshold="18" maxThreshold="32" />
  <references type="weak" candidates="99" cleared="99" enqueued="0" />
</gc-op>
<gc-end id="3119" type="scavenge" contextid="3115" durationms="128.512" usertimems="952.698" systemtimems="9.053" timestamp="2020-09-12T19:24:33.015" activeThreads="8">
  <mem-info id="3120" free="1684096600" total="2843934720" percent="59">
    <mem type="nursery" free="642488056" total="939524096" percent="68">
      <mem type="allocate" free="642488056" total="780075008" percent="82" />
      <mem type="survivor" free="0" total="159449088" percent="0" />
    </mem>
    <mem type="tenure" free="1041608544" total="1904410624" percent="54" macro-fragmented="0">
      <mem type="soa" free="1021099576" total="1790145536" percent="57" />
      <mem type="loa" free="20508968" total="114265088" percent="17" />
    </mem>
    <remembered-set count="37446" />
  </mem-info>
</gc-end>
<cycle-end id="3121" type="scavenge" contextid="3115" timestamp="2020-09-12T19:24:33.016" />
<allocation-satisfied id="3122" threadId="0000000000846A00" bytesRequested="16" />
<af-end id="3123" timestamp="2020-09-12T19:24:33.016" threadId="0000000000847380" success="true" from="nursery"/>
<exclusive-end id="3124" timestamp="2020-09-12T19:24:33.016" durationms="130.449" />

<exclusive-start id="3125" timestamp="2020-09-12T19:24:34.778" intervalms="1892.801">
  <response-info timems="1.479" idlems="0.845" threads="1" lastid="0000000000841700" lastname="Group1.Backend.CompositeBackend{Tier1}.5" />
</exclusive-start>
<af-start id="3126" threadId="0000000000A7CB80" totalBytesRequested="56" timestamp="2020-09-12T19:24:34.779" intervalms="1892.769" type="nursery" />
<cycle-start id="3127" type="scavenge" contextid="0" timestamp="2020-09-12T19:24:34.779" intervalms="1892.800" />
<gc-start id="3128" type="scavenge" contextid="3127" timestamp="2020-09-12T19:24:34.780">
  <mem-info id="3129" free="1041608544" total="2843934720" percent="36">
    <mem type="nursery" free="0" total="939524096" percent="0">
      <mem type="allocate" free="0" total="780075008" percent="0" />
      <mem type="survivor" free="0" total="159449088" percent="0" />
    </mem>
    <mem type="tenure" free="1041608544" total="1904410624" percent="54">
      <mem type="soa" free="1021099576" total="1790145536" percent="57" />
      <mem type="loa" free="20508968" total="114265088" percent="17" />
    </mem>
    <remembered-set count="194049" />
  </mem-info>
</gc-start>
<allocation-stats totalBytes="642197592" >
  <allocated-bytes non-tlh="36065032" tlh="606132560" />
  <largest-consumer threadName="Group1.Backend.CompositeBackend{Tier1}.2" threadId="0000000000780600" bytes="81752648" />
</allocation-stats>
<gc-op id="3130" type="scavenge" timems="106.833" contextid="3127" timestamp="2020-09-12T19:24:34.887">
  <scavenger-info tenureage="3" tenuremask="7ff8" tiltratio="83" />
  <memory-copied type="nursery" objects="4996526" bytes="134076512" bytesdiscarded="194664" />
  <memory-copied type="tenure" objects="979886" bytes="26359656" bytesdiscarded="62464" />
  <ownableSynchronizers candidates="4716" cleared="4173" />
  <references type="soft" candidates="500" cleared="0" enqueued="0" dynamicThreshold="18" maxThreshold="32" />
  <references type="weak" candidates="123" cleared="123" enqueued="0" />
</gc-op>
<gc-end id="3131" type="scavenge" contextid="3127" durationms="107.685" usertimems="710.778" systemtimems="0.000" timestamp="2020-09-12T19:24:34.887" activeThreads="8">
  <mem-info id="3132" free="1662395592" total="2843934720" percent="58">
    <mem type="nursery" free="646899968" total="939524096" percent="68">
      <mem type="allocate" free="646899968" total="781254656" percent="82" />
      <mem type="survivor" free="0" total="158269440" percent="0" />
    </mem>
    <mem type="tenure" free="1015495624" total="1904410624" percent="53" macro-fragmented="0">
      <mem type="soa" free="994986656" total="1790145536" percent="55" />
      <mem type="loa" free="20508968" total="114265088" percent="17" />
    </mem>
    <remembered-set count="36200" />
  </mem-info>
</gc-end>
<cycle-end id="3133" type="scavenge" contextid="3127" timestamp="2020-09-12T19:24:34.888" />
<allocation-satisfied id="3134" threadId="0000000000A7C200" bytesRequested="56" />
<af-end id="3135" timestamp="2020-09-12T19:24:34.888" threadId="0000000000A7CB80" success="true" from="nursery"/>
<exclusive-end id="3136" timestamp="2020-09-12T19:24:34.888" durationms="109.650" />

<exclusive-start id="3137" timestamp="2020-09-12T19:24:36.759" intervalms="1980.251">
  <response-info timems="0.295" idlems="0.295" threads="0" lastid="0000000000780600" lastname="Group1.Backend.CompositeBackend{Tier1}.2" />
</exclusive-start>
<af-start id="3138" threadId="0000000000780F80" totalBytesRequested="524296" timestamp="2020-09-12T19:24:36.759" intervalms="1980.228" type="nursery" />
<cycle-start id="3139" type="scavenge" contextid="0" timestamp="2020-09-12T19:24:36.760" intervalms="1980.181" />
<gc-start id="3140" type="scavenge" contextid="3139" timestamp="2020-09-12T19:24:36.760">
  <mem-info id="3141" free="1015780512" total="2843934720" percent="35">
    <mem type="nursery" free="284888" total="939524096" percent="0">
      <mem type="allocate" free="284888" total="781254656" percent="0" />
      <mem type="survivor" free="0" total="158269440" percent="0" />
    </mem>
    <mem type="tenure" free="1015495624" total="1904410624" percent="53">
      <mem type="soa" free="994986656" total="1790145536" percent="55" />
      <mem type="loa" free="20508968" total="114265088" percent="17" />
    </mem>
    <remembered-set count="194428" />
  </mem-info>
</gc-start>
<allocation-stats totalBytes="646296728" >
  <allocated-bytes non-tlh="29574944" tlh="616721784" />
  <largest-consumer threadName="Group1.Backend.CompositeBackend{Tier1}.4" threadId="0000000000846A00" bytes="85813584" />
</allocation-stats>
<gc-op id="3142" type="scavenge" timems="105.813" contextid="3139" timestamp="2020-09-12T19:24:36.866">
  <scavenger-info tenureage="3" tenuremask="7ff8" tiltratio="83" />
  <memory-copied type="nursery" objects="4205429" bytes="111368616" bytesdiscarded="182336" />
  <memory-copied type="tenure" objects="2039816" bytes="54874960" bytesdiscarded="73376" />
  <ownableSynchronizers candidates="4856" cleared="4315" />
  <references type="soft" candidates="364" cleared="0" enqueued="0" dynamicThreshold="18" maxThreshold="32" />
  <references type="weak" candidates="127" cleared="127" enqueued="0" />
</gc-op>
<gc-end id="3143" type="scavenge" contextid="3139" durationms="106.682" usertimems="814.409" systemtimems="11.001" timestamp="2020-09-12T19:24:36.866" activeThreads="8">
  <mem-info id="3144" free="1631813896" total="2843934720" percent="57">
    <mem type="nursery" free="671191528" total="939524096" percent="71">
      <mem type="allocate" free="671191528" total="782827520" percent="85" />
      <mem type="survivor" free="0" total="156696576" percent="0" />
    </mem>
    <mem type="tenure" free="960622368" total="1904410624" percent="50" macro-fragmented="0">
      <mem type="soa" free="940113400" total="1790145536" percent="52" />
      <mem type="loa" free="20508968" total="114265088" percent="17" />
    </mem>
    <remembered-set count="29514" />
  </mem-info>
</gc-end>
<cycle-end id="3145" type="scavenge" contextid="3139" timestamp="2020-09-12T19:24:36.867" />
<allocation-satisfied id="3146" threadId="0000000000780600" bytesRequested="524296" />
<af-end id="3147" timestamp="2020-09-12T19:24:36.867" threadId="0000000000780F80" success="true" from="nursery"/>
<exclusive-end id="3148" timestamp="2020-09-12T19:24:36.867" durationms="108.587" />

<exclusive-start id="3149" timestamp="2020-09-12T19:24:38.816" intervalms="2057.415">
  <response-info timems="0.353" idlems="0.353" threads="0" lastid="0000000000845300" lastname="Group1.Backend.CompositeBackend{Tier1}.3" />
</exclusive-start>
<af-start id="3150" threadId="0000000000845C80" totalBytesRequested="1032" timestamp="2020-09-12T19:24:38.817" intervalms="2057.398" type="nursery" />
<cycle-start id="3151" type="scavenge" contextid="0" timestamp="2020-09-12T19:24:38.817" intervalms="2057.399" />
<gc-start id="3152" type="scavenge" contextid="3151" timestamp="2020-09-12T19:24:38.817">
  <mem-info id="3153" free="960622368" total="2843934720" percent="33">
    <mem type="nursery" free="0" total="939524096" percent="0">
      <mem type="allocate" free="0" total="782827520" percent="0" />
      <mem type="survivor" free="0" total="156696576" percent="0" />
    </mem>
    <mem type="tenure" free="960622368" total="1904410624" percent="50">
      <mem type="soa" free="940113400" total="1790145536" percent="52" />
      <mem type="loa" free="20508968" total="114265088" percent="17" />
    </mem>
    <remembered-set count="192357" />
  </mem-info>
</gc-start>
<allocation-stats totalBytes="670856144" >
  <allocated-bytes non-tlh="29501816" tlh="641354328" />
  <largest-consumer threadName="Group1.Backend.CompositeBackend{Tier1}.7" threadId="0000000000842E00" bytes="94103760" />
</allocation-stats>
<gc-op id="3154" type="scavenge" timems="124.279" contextid="3151" timestamp="2020-09-12T19:24:38.942">
  <scavenger-info tenureage="3" tenuremask="7ff8" tiltratio="83" />
  <memory-copied type="nursery" objects="4349593" bytes="114912392" bytesdiscarded="195936" />
  <memory-copied type="tenure" objects="1055413" bytes="28402184" bytesdiscarded="83456" />
  <ownableSynchronizers candidates="4267" cleared="3841" />
  <references type="soft" candidates="381" cleared="0" enqueued="0" dynamicThreshold="18" maxThreshold="32" />
  <references type="weak" candidates="116" cleared="116" enqueued="0" />
</gc-op>
<gc-end id="3155" type="scavenge" contextid="3151" durationms="126.213" usertimems="884.315" systemtimems="8.381" timestamp="2020-09-12T19:24:38.943" activeThreads="8">
  <mem-info id="3156" free="1604392576" total="2843934720" percent="56">
    <mem type="nursery" free="672420104" total="939524096" percent="71">
      <mem type="allocate" free="672420104" total="787611648" percent="85" />
      <mem type="survivor" free="0" total="151912448" percent="0" />
    </mem>
    <mem type="tenure" free="931972472" total="1904410624" percent="48" macro-fragmented="0">
      <mem type="soa" free="911463504" total="1790145536" percent="50" />
      <mem type="loa" free="20508968" total="114265088" percent="17" />
    </mem>
    <remembered-set count="31210" />
  </mem-info>
</gc-end>
<cycle-end id="3157" type="scavenge" contextid="3151" timestamp="2020-09-12T19:24:38.944" />
<allocation-satisfied id="3158" threadId="0000000000845300" bytesRequested="1032" />
<af-end id="3159" timestamp="2020-09-12T19:24:38.944" threadId="0000000000845C80" success="true" from="nursery"/>
<exclusive-end id="3160" timestamp="2020-09-12T19:24:38.944" durationms="128.351" />

<exclusive-start id="3161" timestamp="2020-09-12T19:24:40.860" intervalms="2044.155">
  <response-info timems="0.251" idlems="0.251" threads="0" lastid="0000000000841700" lastname="Group1.Backend.CompositeBackend{Tier1}.5" />
</exclusive-start>
<af-start id="3162" threadId="0000000000842080" totalBytesRequested="1032" timestamp="2020-09-12T19:24:40.861" intervalms="2044.045" type="nursery" />
<cycle-start id="3163" type="scavenge" contextid="0" timestamp="2020-09-12T19:24:40.861" intervalms="2044.044" />
<gc-start id="3164" type="scavenge" contextid="3163" timestamp="2020-09-12T19:24:40.861">
  <mem-info id="3165" free="931972472" total="2843934720" percent="32">
    <mem type="nursery" free="0" total="939524096" percent="0">
      <mem type="allocate" free="0" total="787611648" percent="0" />
      <mem type="survivor" free="0" total="151912448" percent="0" />
    </mem>
    <mem type="tenure" free="931972472" total="1904410624" percent="48">
      <mem type="soa" free="911463504" total="1790145536" percent="50" />
      <mem type="loa" free="20508968" total="114265088" percent="17" />
    </mem>
    <remembered-set count="190415" />
  </mem-info>
</gc-start>
<allocation-stats totalBytes="672082960" >
  <allocated-bytes non-tlh="37973912" tlh="634109048" />
  <largest-consumer threadName="Group1.Backend.CompositeBackend{Tier1}.2" threadId="0000000000780600" bytes="93336032" />
</allocation-stats>
<gc-op id="3166" type="scavenge" timems="88.686" contextid="3163" timestamp="2020-09-12T19:24:40.950">
  <scavenger-info tenureage="3" tenuremask="7ff8" tiltratio="83" />
  <memory-copied type="nursery" objects="4283912" bytes="113408912" bytesdiscarded="171576" />
  <memory-copied type="tenure" objects="1023656" bytes="27523488" bytesdiscarded="64936" />
  <ownableSynchronizers candidates="3511" cleared="3099" />
  <references type="soft" candidates="371" cleared="0" enqueued="0" dynamicThreshold="18" maxThreshold="32" />
  <references type="weak" candidates="127" cleared="126" enqueued="0" />
</gc-op>
<gc-end id="3167" type="scavenge" contextid="3163" durationms="89.455" usertimems="636.762" systemtimems="0.000" timestamp="2020-09-12T19:24:40.951" activeThreads="8">
  <mem-info id="3168" free="1582980360" total="2843934720" percent="55">
    <mem type="nursery" free="678608072" total="939524096" percent="72">
      <mem type="allocate" free="678608072" total="792264704" percent="85" />
      <mem type="survivor" free="0" total="147259392" percent="0" />
    </mem>
    <mem type="tenure" free="904372288" total="1904410624" percent="47" macro-fragmented="0">
      <mem type="soa" free="883863320" total="1790145536" percent="49" />
      <mem type="loa" free="20508968" total="114265088" percent="17" />
    </mem>
    <remembered-set count="31183" />
  </mem-info>
</gc-end>
<cycle-end id="3169" type="scavenge" contextid="3163" timestamp="2020-09-12T19:24:40.951" />
<allocation-satisfied id="3170" threadId="0000000000841700" bytesRequested="1032" />
<af-end id="3171" timestamp="2020-09-12T19:24:40.951" threadId="0000000000842080" success="true" from="nursery"/>
<exclusive-end id="3172" timestamp="2020-09-12T19:24:40.951" durationms="91.075" />

<exclusive-start id="3173" timestamp="2020-09-12T19:24:42.984" intervalms="2123.411">
  <response-info timems="0.236" idlems="0.120" threads="1" lastid="0000000000842200" lastname="Group1.Backend.CompositeBackend{Tier1}.6" />
</exclusive-start>
<af-start id="3174" threadId="0000000000845C80" totalBytesRequested="16" timestamp="2020-09-12T19:24:42.984" intervalms="2123.378" type="nursery" />
<cycle-start id="3175" type="scavenge" contextid="0" timestamp="2020-09-12T19:24:42.984" intervalms="2123.377" />
<gc-start id="3176" type="scavenge" contextid="3175" timestamp="2020-09-12T19:24:42.985">
  <mem-info id="3177" free="904372288" total="2843934720" percent="31">
    <mem type="nursery" free="0" total="939524096" percent="0">
      <mem type="allocate" free="0" total="792264704" percent="0" />
      <mem type="survivor" free="0" total="147259392" percent="0" />
    </mem>
    <mem type="tenure" free="904372288" total="1904410624" percent="47">
      <mem type="soa" free="883863320" total="1790145536" percent="49" />
      <mem type="loa" free="20508968" total="114265088" percent="17" />
    </mem>
    <remembered-set count="199160" />
  </mem-info>
</gc-start>
<allocation-stats totalBytes="678252792" >
  <allocated-bytes non-tlh="23852928" tlh="654399864" />
  <largest-consumer threadName="Group1.Backend.CompositeBackend{Tier1}.3" threadId="0000000000845300" bytes="104307488" />
</allocation-stats>
<gc-op id="3178" type="scavenge" timems="85.989" contextid="3175" timestamp="2020-09-12T19:24:43.071">
  <scavenger-info tenureage="3" tenuremask="7ff8" tiltratio="84" />
  <memory-copied type="nursery" objects="4049217" bytes="108693648" bytesdiscarded="128680" />
  <memory-copied type="tenure" objects="1039373" bytes="27936496" bytesdiscarded="57120" />
  <ownableSynchronizers candidates="4757" cleared="4319" />
  <references type="soft" candidates="390" cleared="0" enqueued="0" dynamicThreshold="18" maxThreshold="32" />
  <references type="weak" candidates="119" cleared="118" enqueued="0" />
</gc-op>
<gc-end id="3179" type="scavenge" contextid="3175" durationms="86.729" usertimems="623.026" systemtimems="0.000" timestamp="2020-09-12T19:24:43.071" activeThreads="8">
  <mem-info id="3180" free="1563714360" total="2843934720" percent="54">
    <mem type="nursery" free="687418624" total="939524096" percent="73">
      <mem type="allocate" free="687418624" total="796327936" percent="86" />
      <mem type="survivor" free="0" total="143196160" percent="0" />
    </mem>
    <mem type="tenure" free="876295736" total="1904410624" percent="46" macro-fragmented="0">
      <mem type="soa" free="855786768" total="1790145536" percent="47" />
      <mem type="loa" free="20508968" total="114265088" percent="17" />
    </mem>
    <remembered-set count="31953" />
  </mem-info>
</gc-end>
<cycle-end id="3181" type="scavenge" contextid="3175" timestamp="2020-09-12T19:24:43.072" />
<allocation-satisfied id="3182" threadId="0000000000845300" bytesRequested="16" />
<af-end id="3183" timestamp="2020-09-12T19:24:43.072" threadId="0000000000845C80" success="true" from="nursery"/>
<exclusive-end id="3184" timestamp="2020-09-12T19:24:43.072" durationms="88.307" />

<exclusive-start id="3185" timestamp="2020-09-12T19:24:45.035" intervalms="2051.391">
  <response-info timems="0.600" idlems="0.413" threads="1" lastid="0000000000842200" lastname="Group1.Backend.CompositeBackend{Tier1}.6" />
</exclusive-start>
<af-start id="3186" threadId="0000000000847380" totalBytesRequested="16" timestamp="2020-09-12T19:24:45.036" intervalms="2051.389" type="nursery" />
<cycle-start id="3187" type="scavenge" contextid="0" timestamp="2020-09-12T19:24:45.036" intervalms="2051.408" />
<gc-start id="3188" type="scavenge" contextid="3187" timestamp="2020-09-12T19:24:45.036">
  <mem-info id="3189" free="876295736" total="2843934720" percent="30">
    <mem type="nursery" free="0" total="939524096" percent="0">
      <mem type="allocate" free="0" total="796327936" percent="0" />
      <mem type="survivor" free="0" total="143196160" percent="0" />
    </mem>
    <mem type="tenure" free="876295736" total="1904410624" percent="46">
      <mem type="soa" free="855786768" total="1790145536" percent="47" />
      <mem type="loa" free="20508968" total="114265088" percent="17" />
    </mem>
    <remembered-set count="191273" />
  </mem-info>
</gc-start>
<allocation-stats totalBytes="687101328" >
  <allocated-bytes non-tlh="38497840" tlh="648603488" />
  <largest-consumer threadName="Group1.Backend.CompositeBackend{Tier1}.5" threadId="0000000000841700" bytes="93271416" />
</allocation-stats>
<gc-op id="3190" type="scavenge" timems="96.449" contextid="3187" timestamp="2020-09-12T19:24:45.133">
  <scavenger-info tenureage="3" tenuremask="7ff8" tiltratio="84" />
  <memory-copied type="nursery" objects="4370675" bytes="115756712" bytesdiscarded="155496" />
  <memory-copied type="tenure" objects="1079471" bytes="29013528" bytesdiscarded="64624" />
  <ownableSynchronizers candidates="4532" cleared="4111" />
  <references type="soft" candidates="395" cleared="0" enqueued="0" dynamicThreshold="18" maxThreshold="32" />
  <references type="weak" candidates="113" cleared="113" enqueued="0" />
</gc-op>
<gc-end id="3191" type="scavenge" contextid="3187" durationms="97.185" usertimems="669.008" systemtimems="11.154" timestamp="2020-09-12T19:24:45.133" activeThreads="8">
  <mem-info id="3192" free="1528528168" total="2843934720" percent="53">
    <mem type="nursery" free="681448432" total="939524096" percent="72">
      <mem type="allocate" free="681448432" total="797442048" percent="85" />
      <mem type="survivor" free="0" total="142082048" percent="0" />
    </mem>
    <mem type="tenure" free="847079736" total="1904410624" percent="44" macro-fragmented="0">
      <mem type="soa" free="826570768" total="1790145536" percent="46" />
      <mem type="loa" free="20508968" total="114265088" percent="17" />
    </mem>
    <remembered-set count="30810" />
  </mem-info>
</gc-end>
<cycle-end id="3193" type="scavenge" contextid="3187" timestamp="2020-09-12T19:24:45.134" />
<allocation-satisfied id="3194" threadId="0000000000846A00" bytesRequested="16" />
<af-end id="3195" timestamp="2020-09-12T19:24:45.134" threadId="0000000000847380" success="true" from="nursery"/>
<exclusive-end id="3196" timestamp="2020-09-12T19:24:45.134" durationms="98.790" />

<exclusive-start id="3197" timestamp="2020-09-12T19:24:47.168" intervalms="2133.122">
  <response-info timems="0.498" idlems="0.171" threads="3" lastid="0000000000846A00" lastname="Group1.Backend.CompositeBackend{Tier1}.4" />
</exclusive-start>
<af-start id="3198" threadId="0000000000844280" totalBytesRequested="16" timestamp="2020-09-12T19:24:47.169" intervalms="2133.410" type="nursery" />
<cycle-start id="3199" type="scavenge" contextid="0" timestamp="2020-09-12T19:24:47.169" intervalms="2133.411" />
<gc-start id="3200" type="scavenge" contextid="3199" timestamp="2020-09-12T19:24:47.169">
  <mem-info id="3201" free="847079736" total="2843934720" percent="29">
    <mem type="nursery" free="0" total="939524096" percent="0">
      <mem type="allocate" free="0" total="797442048" percent="0" />
      <mem type="survivor" free="0" total="142082048" percent="0" />
    </mem>
    <mem type="tenure" free="847079736" total="1904410624" percent="44">
      <mem type="soa" free="826570768" total="1790145536" percent="46" />
      <mem type="loa" free="20508968" total="114265088" percent="17" />
    </mem>
    <remembered-set count="193646" />
  </mem-info>
</gc-start>
<allocation-stats totalBytes="681111784" >
  <allocated-bytes non-tlh="30462216" tlh="650649568" />
  <largest-consumer threadName="Group1.Backend.CompositeBackend{Tier1}.5" threadId="0000000000841700" bytes="94822760" />
</allocation-stats>
<gc-op id="3202" type="scavenge" timems="87.666" contextid="3199" timestamp="2020-09-12T19:24:47.257">
  <scavenger-info tenureage="3" tenuremask="7ff8" tiltratio="84" />
  <memory-copied type="nursery" objects="4154434" bytes="111460936" bytesdiscarded="155128" />
  <memory-copied type="tenure" objects="1056715" bytes="28392896" bytesdiscarded="56768" />
  <ownableSynchronizers candidates="5023" cleared="4581" />
  <references type="soft" candidates="428" cleared="0" enqueued="0" dynamicThreshold="18" maxThreshold="32" />
  <references type="weak" candidates="107" cleared="107" enqueued="0" />
</gc-op>
<gc-end id="3203" type="scavenge" contextid="3199" durationms="88.766" usertimems="686.766" systemtimems="1.199" timestamp="2020-09-12T19:24:47.258" activeThreads="8">
  <mem-info id="3204" free="1507011376" total="2843934720" percent="52">
    <mem type="nursery" free="688228856" total="939524096" percent="73">
      <mem type="allocate" free="688228856" total="799932416" percent="86" />
      <mem type="survivor" free="0" total="139591680" percent="0" />
    </mem>
    <mem type="tenure" free="818782520" total="1904410624" percent="42" macro-fragmented="0">
      <mem type="soa" free="798273552" total="1790145536" percent="44" />
      <mem type="loa" free="20508968" total="114265088" percent="17" />
    </mem>
    <remembered-set count="30158" />
  </mem-info>
</gc-end>
<cycle-end id="3205" type="scavenge" contextid="3199" timestamp="2020-09-12T19:24:47.259" />
<allocation-satisfied id="3206" threadId="0000000000843900" bytesRequested="16" />
<af-end id="3207" timestamp="2020-09-12T19:24:47.259" threadId="0000000000844280" success="true" from="nursery"/>
<exclusive-end id="3208" timestamp="2020-09-12T19:24:47.259" durationms="90.766" />

<exclusive-start id="3209" timestamp="2020-09-12T19:24:49.315" intervalms="2146.661">
  <response-info timems="0.532" idlems="0.202" threads="2" lastid="0000000000843900" lastname="Group1.Backend.CompositeBackend{Tier1}.8" />
</exclusive-start>
<af-start id="3210" threadId="0000000000847380" totalBytesRequested="24" timestamp="2020-09-12T19:24:49.316" intervalms="2146.445" type="nursery" />
<cycle-start id="3211" type="scavenge" contextid="0" timestamp="2020-09-12T19:24:49.316" intervalms="2146.450" />
<gc-start id="3212" type="scavenge" contextid="3211" timestamp="2020-09-12T19:24:49.316">
  <mem-info id="3213" free="818782520" total="2843934720" percent="28">
    <mem type="nursery" free="0" total="939524096" percent="0">
      <mem type="allocate" free="0" total="799932416" percent="0" />
      <mem type="survivor" free="0" total="139591680" percent="0" />
    </mem>
    <mem type="tenure" free="818782520" total="1904410624" percent="42">
      <mem type="soa" free="798273552" total="1790145536" percent="44" />
      <mem type="loa" free="20508968" total="114265088" percent="17" />
    </mem>
    <remembered-set count="196805" />
  </mem-info>
</gc-start>
<allocation-stats totalBytes="687891832" >
  <allocated-bytes non-tlh="28857712" tlh="659034120" />
  <largest-consumer threadName="Group1.Backend.CompositeBackend{Tier1}.2" threadId="0000000000780600" bytes="90515440" />
</allocation-stats>
<gc-op id="3214" type="scavenge" timems="89.170" contextid="3211" timestamp="2020-09-12T19:24:49.405">
  <scavenger-info tenureage="3" tenuremask="7ff8" tiltratio="85" />
  <memory-copied type="nursery" objects="4098289" bytes="109984264" bytesdiscarded="165088" />
  <memory-copied type="tenure" objects="1161084" bytes="31205072" bytesdiscarded="67936" />
  <ownableSynchronizers candidates="4108" cleared="3643" />
  <references type="soft" candidates="397" cleared="0" enqueued="0" dynamicThreshold="18" maxThreshold="32" />
  <references type="weak" candidates="108" cleared="107" enqueued="0" />
</gc-op>
<gc-end id="3215" type="scavenge" contextid="3211" durationms="89.976" usertimems="696.977" systemtimems="0.000" timestamp="2020-09-12T19:24:49.406" activeThreads="8">
  <mem-info id="3216" free="1480256792" total="2843934720" percent="52">
    <mem type="nursery" free="692637440" total="939524096" percent="73">
      <mem type="allocate" free="692637440" total="802881536" percent="86" />
      <mem type="survivor" free="0" total="136642560" percent="0" />
    </mem>
    <mem type="tenure" free="787619352" total="1904410624" percent="41" macro-fragmented="0">
      <mem type="soa" free="767110384" total="1790145536" percent="42" />
      <mem type="loa" free="20508968" total="114265088" percent="17" />
    </mem>
    <remembered-set count="30969" />
  </mem-info>
</gc-end>
<cycle-end id="3217" type="scavenge" contextid="3211" timestamp="2020-09-12T19:24:49.407" />
<allocation-satisfied id="3218" threadId="0000000000846A00" bytesRequested="24" />
<af-end id="3219" timestamp="2020-09-12T19:24:49.407" threadId="0000000000847380" success="true" from="nursery"/>
<exclusive-end id="3220" timestamp="2020-09-12T19:24:49.407" durationms="91.822" />

<exclusive-start id="3221" timestamp="2020-09-12T19:24:51.336" intervalms="2021.467">
  <response-info timems="0.394" idlems="0.394" threads="0" lastid="0000000000846A00" lastname="Group1.Backend.CompositeBackend{Tier1}.4" />
</exclusive-start>
<af-start id="3222" threadId="0000000000847380" totalBytesRequested="24" timestamp="2020-09-12T19:24:51.337" intervalms="2021.580" type="nursery" />
<cycle-start id="3223" type="scavenge" contextid="0" timestamp="2020-09-12T19:24:51.337" intervalms="2021.557" />
<gc-start id="3224" type="scavenge" contextid="3223" timestamp="2020-09-12T19:24:51.338">
  <mem-info id="3225" free="787619352" total="2843934720" percent="27">
    <mem type="nursery" free="0" total="939524096" percent="0">
      <mem type="allocate" free="0" total="802881536" percent="0" />
      <mem type="survivor" free="0" total="136642560" percent="0" />
    </mem>
    <mem type="tenure" free="787619352" total="1904410624" percent="41">
      <mem type="soa" free="767110384" total="1790145536" percent="42" />
      <mem type="loa" free="20508968" total="114265088" percent="17" />
    </mem>
    <remembered-set count="192962" />
  </mem-info>
</gc-start>
<allocation-stats totalBytes="692317440" >
  <allocated-bytes non-tlh="37131280" tlh="655186160" />
  <largest-consumer threadName="Group1.Backend.CompositeBackend{Tier1}.6" threadId="0000000000842200" bytes="104130072" />
</allocation-stats>
<gc-op id="3226" type="scavenge" timems="98.419" contextid="3223" timestamp="2020-09-12T19:24:51.436">
  <scavenger-info tenureage="3" tenuremask="7ff8" tiltratio="85" />
  <memory-copied type="nursery" objects="4171952" bytes="111858936" bytesdiscarded="254888" />
  <memory-copied type="tenure" objects="1044011" bytes="28070432" bytesdiscarded="60608" />
  <ownableSynchronizers candidates="3933" cleared="3503" />
  <references type="soft" candidates="385" cleared="0" enqueued="0" dynamicThreshold="18" maxThreshold="32" />
  <references type="weak" candidates="127" cleared="127" enqueued="0" />
</gc-op>
<gc-end id="3227" type="scavenge" contextid="3223" durationms="99.328" usertimems="746.270" systemtimems="1.121" timestamp="2020-09-12T19:24:51.437" activeThreads="8">
  <mem-info id="3228" free="1452037080" total="2843934720" percent="51">
    <mem type="nursery" free="692522184" total="939524096" percent="73">
      <mem type="allocate" free="692522184" total="804716544" percent="86" />
      <mem type="survivor" free="0" total="134807552" percent="0" />
    </mem>
    <mem type="tenure" free="759514896" total="1904410624" percent="39" macro-fragmented="0">
      <mem type="soa" free="739005928" total="1790145536" percent="41" />
      <mem type="loa" free="20508968" total="114265088" percent="17" />
    </mem>
    <remembered-set count="32136" />
  </mem-info>
</gc-end>
<cycle-end id="3229" type="scavenge" contextid="3223" timestamp="2020-09-12T19:24:51.438" />
<allocation-satisfied id="3230" threadId="0000000000846A00" bytesRequested="24" />
<af-end id="3231" timestamp="2020-09-12T19:24:51.438" threadId="0000000000847380" success="true" from="nursery"/>
<exclusive-end id="3232" timestamp="2020-09-12T19:24:51.438" durationms="101.289" />

<exclusive-start id="3233" timestamp="2020-09-12T19:24:53.439" intervalms="2102.353">
  <response-info timems="1.491" idlems="0.911" threads="1" lastid="0000000000841700" lastname="Group1.Backend.CompositeBackend{Tier1}.5" />
</exclusive-start>
<af-start id="3234" threadId="0000000000A78F80" totalBytesRequested="16" timestamp="2020-09-12T19:24:53.439" intervalms="2102.367" type="nursery" />
<cycle-start id="3235" type="scavenge" contextid="0" timestamp="2020-09-12T19:24:53.440" intervalms="2102.447" />
<gc-start id="3236" type="scavenge" contextid="3235" timestamp="2020-09-12T19:24:53.440">
  <mem-info id="3237" free="759514896" total="2843934720" percent="26">
    <mem type="nursery" free="0" total="939524096" percent="0">
      <mem type="allocate" free="0" total="804716544" percent="0" />
      <mem type="survivor" free="0" total="134807552" percent="0" />
    </mem>
    <mem type="tenure" free="759514896" total="1904410624" percent="39">
      <mem type="soa" free="739005928" total="1790145536" percent="41" />
      <mem type="loa" free="20508968" total="114265088" percent="17" />
    </mem>
    <remembered-set count="196534" />
  </mem-info>
</gc-start>
<allocation-stats totalBytes="692185008" >
  <allocated-bytes non-tlh="33428128" tlh="658756880" />
  <largest-consumer threadName="Group1.Backend.CompositeBackend{Tier1}.8" threadId="0000000000843900" bytes="107338800" />
</allocation-stats>
<gc-op id="3238" type="scavenge" timems="126.335" contextid="3235" timestamp="2020-09-12T19:24:53.566">
  <scavenger-info tenureage="3" tenuremask="7ff8" tiltratio="85" />
  <memory-copied type="nursery" objects="4291281" bytes="114455256" bytesdiscarded="248272" />
  <memory-copied type="tenure" objects="1084610" bytes="29184560" bytesdiscarded="65664" />
  <ownableSynchronizers candidates="4310" cleared="3879" />
  <references type="soft" candidates="388" cleared="0" enqueued="0" dynamicThreshold="18" maxThreshold="32" />
  <references type="weak" candidates="119" cleared="118" enqueued="0" />
</gc-op>
<gc-end id="3239" type="scavenge" contextid="3235" durationms="127.452" usertimems="833.906" systemtimems="10.779" timestamp="2020-09-12T19:24:53.567" activeThreads="8">
  <mem-info id="3240" free="1420755320" total="2843934720" percent="49">
    <mem type="nursery" free="690652360" total="939524096" percent="73">
      <mem type="allocate" free="690652360" total="805437440" percent="85" />
      <mem type="survivor" free="0" total="134086656" percent="0" />
    </mem>
    <mem type="tenure" free="730102960" total="1904410624" percent="38" macro-fragmented="0">
      <mem type="soa" free="709593992" total="1790145536" percent="39" />
      <mem type="loa" free="20508968" total="114265088" percent="17" />
    </mem>
    <remembered-set count="34573" />
  </mem-info>
</gc-end>
<cycle-end id="3241" type="scavenge" contextid="3235" timestamp="2020-09-12T19:24:53.568" />
<allocation-satisfied id="3242" threadId="0000000000A78600" bytesRequested="16" />
<af-end id="3243" timestamp="2020-09-12T19:24:53.568" threadId="0000000000A78F80" success="true" from="nursery"/>
<exclusive-end id="3244" timestamp="2020-09-12T19:24:53.568" durationms="129.753" />

<exclusive-start id="3245" timestamp="2020-09-12T19:24:55.526" intervalms="2087.430">
  <response-info timems="0.351" idlems="0.351" threads="0" lastid="0000000000843900" lastname="Group1.Backend.CompositeBackend{Tier1}.8" />
</exclusive-start>
<af-start id="3246" threadId="0000000000844280" totalBytesRequested="267432" timestamp="2020-09-12T19:24:55.527" intervalms="2087.250" type="nursery" />
<cycle-start id="3247" type="scavenge" contextid="0" timestamp="2020-09-12T19:24:55.527" intervalms="2087.169" />
<gc-start id="3248" type="scavenge" contextid="3247" timestamp="2020-09-12T19:24:55.527">
  <mem-info id="3249" free="730102168" total="2843934720" percent="25">
    <mem type="nursery" free="0" total="939524096" percent="0">
      <mem type="allocate" free="0" total="805437440" percent="0" />
      <mem type="survivor" free="0" total="134086656" percent="0" />
    </mem>
    <mem type="tenure" free="730102168" total="1904410624" percent="38">
      <mem type="soa" free="709593200" total="1790145536" percent="39" />
      <mem type="loa" free="20508968" total="114265088" percent="17" />
    </mem>
    <remembered-set count="198015" />
  </mem-info>
</gc-start>
<allocation-stats totalBytes="690309424" >
  <allocated-bytes non-tlh="33937488" tlh="656371936" />
  <largest-consumer threadName="Group1.Backend.CompositeBackend{Tier1}.3" threadId="0000000000845300" bytes="93647080" />
</allocation-stats>
<gc-op id="3250" type="scavenge" timems="121.135" contextid="3247" timestamp="2020-09-12T19:24:55.648">
  <scavenger-info tenureage="3" tenuremask="7ff8" tiltratio="85" />
  <memory-copied type="nursery" objects="4904888" bytes="128997040" bytesdiscarded="129040" />
  <memory-copied type="tenure" objects="1145460" bytes="30771352" bytesdiscarded="64080" />
  <ownableSynchronizers candidates="3798" cleared="3399" />
  <references type="soft" candidates="382" cleared="0" enqueued="0" dynamicThreshold="18" maxThreshold="32" />
  <references type="weak" candidates="124" cleared="119" enqueued="1" />
</gc-op>
<gc-end id="3251" type="scavenge" contextid="3247" durationms="121.882" usertimems="876.270" systemtimems="0.000" timestamp="2020-09-12T19:24:55.649" activeThreads="8">
  <mem-info id="3252" free="1354255576" total="2843934720" percent="47">
    <mem type="nursery" free="654863840" total="939524096" percent="69">
      <mem type="allocate" free="654863840" total="784072704" percent="83" />
      <mem type="survivor" free="0" total="155451392" percent="0" />
    </mem>
    <mem type="tenure" free="699391736" total="1904410624" percent="36" macro-fragmented="0">
      <mem type="soa" free="678882768" total="1790145536" percent="37" />
      <mem type="loa" free="20508968" total="114265088" percent="17" />
    </mem>
    <pending-finalizers system="0" default="0" reference="1" classloader="0" />
    <remembered-set count="33716" />
  </mem-info>
</gc-end>
<cycle-end id="3253" type="scavenge" contextid="3247" timestamp="2020-09-12T19:24:55.650" />
<allocation-satisfied id="3254" threadId="0000000000843900" bytesRequested="267432" />
<af-end id="3255" timestamp="2020-09-12T19:24:55.650" threadId="0000000000844280" success="true" from="nursery"/>
<exclusive-end id="3256" timestamp="2020-09-12T19:24:55.650" durationms="123.579" />

<exclusive-start id="3257" timestamp="2020-09-12T19:24:57.529" intervalms="2002.574">
  <response-info timems="0.584" idlems="0.584" threads="0" lastid="0000000000A80300" lastname="Group1.Backend.CompositeBackend{Tier3}.2" />
</exclusive-start>
<af-start id="3258" threadId="0000000000A80C80" totalBytesRequested="16" timestamp="2020-09-12T19:24:57.529" intervalms="2002.681" type="nursery" />
<cycle-start id="3259" type="scavenge" contextid="0" timestamp="2020-09-12T19:24:57.530" intervalms="2002.679" />
<gc-start id="3260" type="scavenge" contextid="3259" timestamp="2020-09-12T19:24:57.530">
  <mem-info id="3261" free="699391736" total="2843934720" percent="24">
    <mem type="nursery" free="0" total="939524096" percent="0">
      <mem type="allocate" free="0" total="784072704" percent="0" />
      <mem type="survivor" free="0" total="155451392" percent="0" />
    </mem>
    <mem type="tenure" free="699391736" total="1904410624" percent="36">
      <mem type="soa" free="678882768" total="1790145536" percent="37" />
      <mem type="loa" free="20508968" total="114265088" percent="17" />
    </mem>
    <remembered-set count="192993" />
  </mem-info>
</gc-start>
<allocation-stats totalBytes="654544416" >
  <allocated-bytes non-tlh="29717640" tlh="624826776" />
  <largest-consumer threadName="Group1.Backend.CompositeBackend{Tier1}.4" threadId="0000000000846A00" bytes="96633672" />
</allocation-stats>
<gc-op id="3262" type="scavenge" timems="140.406" contextid="3259" timestamp="2020-09-12T19:24:57.670">
  <scavenger-info tenureage="3" tenuremask="7ff8" tiltratio="83" />
  <memory-copied type="nursery" objects="4495451" bytes="118822000" bytesdiscarded="317024" />
  <memory-copied type="tenure" objects="1079147" bytes="29105232" bytesdiscarded="50768" />
  <ownableSynchronizers candidates="3741" cleared="3365" />
  <references type="soft" candidates="358" cleared="0" enqueued="0" dynamicThreshold="18" maxThreshold="32" />
  <references type="weak" candidates="127" cleared="122" enqueued="0" />
</gc-op>
<gc-end id="3263" type="scavenge" contextid="3259" durationms="141.258" usertimems="833.902" systemtimems="4.470" timestamp="2020-09-12T19:24:57.671" activeThreads="8">
  <mem-info id="3264" free="1337272288" total="2843934720" percent="47">
    <mem type="nursery" free="667014744" total="939524096" percent="70">
      <mem type="allocate" free="667014744" total="786235392" percent="84" />
      <mem type="survivor" free="0" total="153288704" percent="0" />
    </mem>
    <mem type="tenure" free="670257544" total="1904410624" percent="35" macro-fragmented="0">
      <mem type="soa" free="649748576" total="1790145536" percent="36" />
      <mem type="loa" free="20508968" total="114265088" percent="17" />
    </mem>
    <remembered-set count="30664" />
  </mem-info>
</gc-end>
<cycle-end id="3265" type="scavenge" contextid="3259" timestamp="2020-09-12T19:24:57.672" />
<allocation-satisfied id="3266" threadId="0000000000A80300" bytesRequested="16" />
<af-end id="3267" timestamp="2020-09-12T19:24:57.672" threadId="0000000000A80C80" success="true" from="nursery"/>
<exclusive-end id="3268" timestamp="2020-09-12T19:24:57.672" durationms="143.146" />

<exclusive-start id="3269" timestamp="2020-09-12T19:24:59.555" intervalms="2026.231">
  <response-info timems="3.274" idlems="3.274" threads="0" lastid="000000000077E000" lastname="Group1.Backend.CompositeBackend{Tier1}.1" />
</exclusive-start>
<af-start id="3270" threadId="000000000077E980" totalBytesRequested="16" timestamp="2020-09-12T19:24:59.556" intervalms="2026.271" type="nursery" />
<cycle-start id="3271" type="scavenge" contextid="0" timestamp="2020-09-12T19:24:59.556" intervalms="2026.290" />
<gc-start id="3272" type="scavenge" contextid="3271" timestamp="2020-09-12T19:24:59.556">
  <mem-info id="3273" free="670257544" total="2843934720" percent="23">
    <mem type="nursery" free="0" total="939524096" percent="0">
      <mem type="allocate" free="0" total="786235392" percent="0" />
      <mem type="survivor" free="0" total="153288704" percent="0" />
    </mem>
    <mem type="tenure" free="670257544" total="1904410624" percent="35">
      <mem type="soa" free="649748576" total="1790145536" percent="36" />
      <mem type="loa" free="20508968" total="114265088" percent="17" />
    </mem>
    <remembered-set count="188949" />
  </mem-info>
</gc-start>
<allocation-stats totalBytes="666677184" >
  <allocated-bytes non-tlh="34083344" tlh="632593840" />
  <largest-consumer threadName="Group1.Backend.CompositeBackend{Tier1}.2" threadId="0000000000780600" bytes="91779304" />
</allocation-stats>
<gc-op id="3274" type="scavenge" timems="131.860" contextid="3271" timestamp="2020-09-12T19:24:59.688">
  <scavenger-info tenureage="3" tenuremask="7ff8" tiltratio="83" />
  <memory-copied type="nursery" objects="4316258" bytes="114740936" bytesdiscarded="239152" />
  <memory-copied type="tenure" objects="1092400" bytes="29363192" bytesdiscarded="76048" />
  <ownableSynchronizers candidates="4386" cleared="3983" />
  <references type="soft" candidates="357" cleared="0" enqueued="0" dynamicThreshold="18" maxThreshold="32" />
  <references type="weak" candidates="128" cleared="123" enqueued="0" />
</gc-op>
<gc-end id="3275" type="scavenge" contextid="3271" durationms="132.726" usertimems="850.287" systemtimems="4.226" timestamp="2020-09-12T19:24:59.689" activeThreads="8">
  <mem-info id="3276" free="1315997464" total="2843934720" percent="46">
    <mem type="nursery" free="675236408" total="939524096" percent="71">
      <mem type="allocate" free="675236408" total="790298624" percent="85" />
      <mem type="survivor" free="0" total="149225472" percent="0" />
    </mem>
    <mem type="tenure" free="640761056" total="1904410624" percent="33" macro-fragmented="0">
      <mem type="soa" free="620252088" total="1790145536" percent="34" />
      <mem type="loa" free="20508968" total="114265088" percent="17" />
    </mem>
    <remembered-set count="28509" />
  </mem-info>
</gc-end>
<cycle-end id="3277" type="scavenge" contextid="3271" timestamp="2020-09-12T19:24:59.690" />
<allocation-satisfied id="3278" threadId="000000000077E000" bytesRequested="16" />
<af-end id="3279" timestamp="2020-09-12T19:24:59.690" threadId="000000000077E980" success="true" from="nursery"/>
<exclusive-end id="3280" timestamp="2020-09-12T19:24:59.690" durationms="134.733" />

<exclusive-start id="3281" timestamp="2020-09-12T19:25:01.658" intervalms="2103.260">
  <response-info timems="0.451" idlems="0.451" threads="0" lastid="0000000000846A00" lastname="Group1.Backend.CompositeBackend{Tier1}.4" />
</exclusive-start>
<af-start id="3282" threadId="0000000000847380" totalBytesRequested="120" timestamp="2020-09-12T19:25:01.659" intervalms="2103.138" type="nursery" />
<cycle-start id="3283" type="scavenge" contextid="0" timestamp="2020-09-12T19:25:01.659" intervalms="2103.128" />
<gc-start id="3284" type="scavenge" contextid="3283" timestamp="2020-09-12T19:25:01.659">
  <mem-info id="3285" free="640761056" total="2843934720" percent="22">
    <mem type="nursery" free="0" total="939524096" percent="0">
      <mem type="allocate" free="0" total="790298624" percent="0" />
      <mem type="survivor" free="0" total="149225472" percent="0" />
    </mem>
    <mem type="tenure" free="640761056" total="1904410624" percent="33">
      <mem type="soa" free="620252088" total="1790145536" percent="34" />
      <mem type="loa" free="20508968" total="114265088" percent="17" />
    </mem>
    <remembered-set count="191601" />
  </mem-info>
</gc-start>
<allocation-stats totalBytes="674880488" >
  <allocated-bytes non-tlh="29325736" tlh="645554752" />
  <largest-consumer threadName="Group1.Backend.CompositeBackend{Tier1}.3" threadId="0000000000845300" bytes="95892184" />
</allocation-stats>
<gc-op id="3286" type="scavenge" timems="99.088" contextid="3283" timestamp="2020-09-12T19:25:01.758">
  <scavenger-info tenureage="3" tenuremask="7ff8" tiltratio="84" />
  <memory-copied type="nursery" objects="4180403" bytes="112155944" bytesdiscarded="156752" />
  <memory-copied type="tenure" objects="1084538" bytes="29131216" bytesdiscarded="67568" />
  <ownableSynchronizers candidates="4173" cleared="3775" />
  <references type="soft" candidates="352" cleared="0" enqueued="0" dynamicThreshold="18" maxThreshold="32" />
  <references type="weak" candidates="108" cleared="108" enqueued="0" />
</gc-op>
<gc-end id="3287" type="scavenge" contextid="3283" durationms="100.002" usertimems="737.639" systemtimems="0.000" timestamp="2020-09-12T19:25:01.759" activeThreads="8">
  <mem-info id="3288" free="1293555208" total="2843934720" percent="45">
    <mem type="nursery" free="682026504" total="939524096" percent="72">
      <mem type="allocate" free="682026504" total="794427392" percent="85" />
      <mem type="survivor" free="0" total="145096704" percent="0" />
    </mem>
    <mem type="tenure" free="611528704" total="1904410624" percent="32" macro-fragmented="0">
      <mem type="soa" free="591019736" total="1790145536" percent="33" />
      <mem type="loa" free="20508968" total="114265088" percent="17" />
    </mem>
    <remembered-set count="26364" />
  </mem-info>
</gc-end>
<cycle-end id="3289" type="scavenge" contextid="3283" timestamp="2020-09-12T19:25:01.760" />
<allocation-satisfied id="3290" threadId="0000000000846A00" bytesRequested="120" />
<af-end id="3291" timestamp="2020-09-12T19:25:01.760" threadId="0000000000847380" success="true" from="nursery"/>
<exclusive-end id="3292" timestamp="2020-09-12T19:25:01.760" durationms="101.776" />

<exclusive-start id="3293" timestamp="2020-09-12T19:25:03.736" intervalms="2077.440">
  <response-info timems="1.975" idlems="1.975" threads="0" lastid="0000000000843900" lastname="Group1.Backend.CompositeBackend{Tier1}.8" />
</exclusive-start>
<af-start id="3294" threadId="0000000000844280" totalBytesRequested="664" timestamp="2020-09-12T19:25:03.736" intervalms="2077.644" type="nursery" />
<cycle-start id="3295" type="scavenge" contextid="0" timestamp="2020-09-12T19:25:03.737" intervalms="2077.720" />
<gc-start id="3296" type="scavenge" contextid="3295" timestamp="2020-09-12T19:25:03.737">
  <mem-info id="3297" free="611528704" total="2843934720" percent="21">
    <mem type="nursery" free="0" total="939524096" percent="0">
      <mem type="allocate" free="0" total="794427392" percent="0" />
      <mem type="survivor" free="0" total="145096704" percent="0" />
    </mem>
    <mem type="tenure" free="611528704" total="1904410624" percent="32">
      <mem type="soa" free="591019736" total="1790145536" percent="33" />
      <mem type="loa" free="20508968" total="114265088" percent="17" />
    </mem>
    <remembered-set count="188625" />
  </mem-info>
</gc-start>
<allocation-stats totalBytes="681695152" >
  <allocated-bytes non-tlh="32257456" tlh="649437696" />
  <largest-consumer threadName="Group1.Backend.CompositeBackend{Tier1}.1" threadId="000000000077E000" bytes="91576656" />
</allocation-stats>
<gc-op id="3298" type="scavenge" timems="135.339" contextid="3295" timestamp="2020-09-12T19:25:03.872">
  <scavenger-info tenureage="3" tenuremask="7ff8" tiltratio="84" />
  <memory-copied type="nursery" objects="4107034" bytes="110071400" bytesdiscarded="103096" />
  <memory-copied type="tenure" objects="1066123" bytes="28690760" bytesdiscarded="44176" />
  <ownableSynchronizers candidates="3862" cleared="3444" />
  <references type="soft" candidates="394" cleared="0" enqueued="0" dynamicThreshold="18" maxThreshold="32" />
  <references type="weak" candidates="113" cleared="113" enqueued="0" />
</gc-op>
<gc-end id="3299" type="scavenge" contextid="3295" durationms="136.451" usertimems="918.949" systemtimems="17.032" timestamp="2020-09-12T19:25:03.873" activeThreads="8">
  <mem-info id="3300" free="1270761152" total="2843934720" percent="44">
    <mem type="nursery" free="688031488" total="939524096" percent="73">
      <mem type="allocate" free="688031488" total="798294016" percent="86" />
      <mem type="survivor" free="0" total="141230080" percent="0" />
    </mem>
    <mem type="tenure" free="582729664" total="1904410624" percent="30" macro-fragmented="0">
      <mem type="soa" free="562220696" total="1790145536" percent="31" />
      <mem type="loa" free="20508968" total="114265088" percent="17" />
    </mem>
    <remembered-set count="28736" />
  </mem-info>
</gc-end>
<cycle-end id="3301" type="scavenge" contextid="3295" timestamp="2020-09-12T19:25:03.874" />
<allocation-satisfied id="3302" threadId="0000000000843900" bytesRequested="664" />
<af-end id="3303" timestamp="2020-09-12T19:25:03.875" threadId="0000000000844280" success="true" from="nursery"/>
<exclusive-end id="3304" timestamp="2020-09-12T19:25:03.875" durationms="138.998" />

<exclusive-start id="3305" timestamp="2020-09-12T19:25:05.853" intervalms="2117.266">
  <response-info timems="3.307" idlems="3.307" threads="0" lastid="0000000000842E00" lastname="Group1.Backend.CompositeBackend{Tier1}.7" />
</exclusive-start>
<af-start id="3306" threadId="0000000000843780" totalBytesRequested="32" timestamp="2020-09-12T19:25:05.854" intervalms="2117.153" type="nursery" />
<cycle-start id="3307" type="scavenge" contextid="0" timestamp="2020-09-12T19:25:05.854" intervalms="2117.065" />
<gc-start id="3308" type="scavenge" contextid="3307" timestamp="2020-09-12T19:25:05.854">
  <mem-info id="3309" free="582729664" total="2843934720" percent="20">
    <mem type="nursery" free="0" total="939524096" percent="0">
      <mem type="allocate" free="0" total="798294016" percent="0" />
      <mem type="survivor" free="0" total="141230080" percent="0" />
    </mem>
    <mem type="tenure" free="582729664" total="1904410624" percent="30">
      <mem type="soa" free="562220696" total="1790145536" percent="31" />
      <mem type="loa" free="20508968" total="114265088" percent="17" />
    </mem>
    <remembered-set count="195187" />
  </mem-info>
</gc-start>
<allocation-stats totalBytes="687688576" >
  <allocated-bytes non-tlh="29527400" tlh="658161176" />
  <largest-consumer threadName="Group1.Backend.CompositeBackend{Tier1}.8" threadId="0000000000843900" bytes="117779976" />
</allocation-stats>
<gc-op id="3310" type="scavenge" timems="98.767" contextid="3307" timestamp="2020-09-12T19:25:05.953">
  <scavenger-info tenureage="3" tenuremask="7ff8" tiltratio="84" />
  <memory-copied type="nursery" objects="4191723" bytes="111763176" bytesdiscarded="117800" />
  <memory-copied type="tenure" objects="1055462" bytes="28376080" bytesdiscarded="85360" />
  <ownableSynchronizers candidates="3319" cleared="2901" />
  <references type="soft" candidates="375" cleared="0" enqueued="0" dynamicThreshold="18" maxThreshold="32" />
  <references type="weak" candidates="107" cleared="107" enqueued="0" />
</gc-op>
<gc-end id="3311" type="scavenge" contextid="3307" durationms="99.823" usertimems="714.882" systemtimems="0.000" timestamp="2020-09-12T19:25:05.954" activeThreads="8">
  <mem-info id="3312" free="1243408136" total="2843934720" percent="43">
    <mem type="nursery" free="689150456" total="939524096" percent="73">
      <mem type="allocate" free="689150456" total="801112064" percent="86" />
      <mem type="survivor" free="0" total="138412032" percent="0" />
    </mem>
    <mem type="tenure" free="554257680" total="1904410624" percent="29" macro-fragmented="0">
      <mem type="soa" free="533748712" total="1790145536" percent="29" />
      <mem type="loa" free="20508968" total="114265088" percent="17" />
    </mem>
    <remembered-set count="30860" />
  </mem-info>
</gc-end>
<cycle-end id="3313" type="scavenge" contextid="3307" timestamp="2020-09-12T19:25:05.954" />
<allocation-satisfied id="3314" threadId="0000000000842E00" bytesRequested="32" />
<af-end id="3315" timestamp="2020-09-12T19:25:05.954" threadId="0000000000843780" success="true" from="nursery"/>
<exclusive-end id="3316" timestamp="2020-09-12T19:25:05.954" durationms="101.587" />

<exclusive-start id="3317" timestamp="2020-09-12T19:25:07.886" intervalms="2032.928">
  <response-info timems="0.676" idlems="0.676" threads="0" lastid="0000000000846A00" lastname="Group1.Backend.CompositeBackend{Tier1}.4" />
</exclusive-start>
<af-start id="3318" threadId="0000000000847380" totalBytesRequested="16" timestamp="2020-09-12T19:25:07.887" intervalms="2033.252" type="nursery" />
<cycle-start id="3319" type="scavenge" contextid="0" timestamp="2020-09-12T19:25:07.887" intervalms="2033.278" />
<gc-start id="3320" type="scavenge" contextid="3319" timestamp="2020-09-12T19:25:07.887">
  <mem-info id="3321" free="554257680" total="2843934720" percent="19">
    <mem type="nursery" free="0" total="939524096" percent="0">
      <mem type="allocate" free="0" total="801112064" percent="0" />
      <mem type="survivor" free="0" total="138412032" percent="0" />
    </mem>
    <mem type="tenure" free="554257680" total="1904410624" percent="29">
      <mem type="soa" free="533748712" total="1790145536" percent="29" />
      <mem type="loa" free="20508968" total="114265088" percent="17" />
    </mem>
    <remembered-set count="192790" />
  </mem-info>
</gc-start>
<allocation-stats totalBytes="688831736" >
  <allocated-bytes non-tlh="37677600" tlh="651154136" />
  <largest-consumer threadName="Group1.Backend.CompositeBackend{Tier1}.8" threadId="0000000000843900" bytes="123483376" />
</allocation-stats>
<gc-op id="3322" type="scavenge" timems="117.553" contextid="3319" timestamp="2020-09-12T19:25:08.005">
  <scavenger-info tenureage="3" tenuremask="7ff8" tiltratio="85" />
  <memory-copied type="nursery" objects="4218361" bytes="112417288" bytesdiscarded="193424" />
  <memory-copied type="tenure" objects="1105252" bytes="29753208" bytesdiscarded="84592" />
  <ownableSynchronizers candidates="4856" cleared="4446" />
  <references type="soft" candidates="390" cleared="0" enqueued="0" dynamicThreshold="18" maxThreshold="32" />
  <references type="weak" candidates="113" cleared="113" enqueued="0" />
</gc-op>
<gc-end id="3323" type="scavenge" contextid="3319" durationms="118.452" usertimems="857.851" systemtimems="3.560" timestamp="2020-09-12T19:25:08.006" activeThreads="8">
  <mem-info id="3324" free="1215277384" total="2843934720" percent="42">
    <mem type="nursery" free="690781424" total="939524096" percent="73">
      <mem type="allocate" free="690781424" total="803471360" percent="85" />
      <mem type="survivor" free="0" total="136052736" percent="0" />
    </mem>
    <mem type="tenure" free="524495960" total="1904410624" percent="27" macro-fragmented="0">
      <mem type="soa" free="503986992" total="1790145536" percent="28" />
      <mem type="loa" free="20508968" total="114265088" percent="17" />
    </mem>
    <remembered-set count="33225" />
  </mem-info>
</gc-end>
<cycle-end id="3325" type="scavenge" contextid="3319" timestamp="2020-09-12T19:25:08.006" />
<allocation-satisfied id="3326" threadId="0000000000846A00" bytesRequested="16" />
<af-end id="3327" timestamp="2020-09-12T19:25:08.006" threadId="0000000000847380" success="true" from="nursery"/>
<exclusive-end id="3328" timestamp="2020-09-12T19:25:08.006" durationms="120.692" />

<exclusive-start id="3329" timestamp="2020-09-12T19:25:09.983" intervalms="2096.875">
  <response-info timems="0.495" idlems="0.495" threads="0" lastid="0000000000845300" lastname="Group1.Backend.CompositeBackend{Tier1}.3" />
</exclusive-start>
<af-start id="3330" threadId="0000000000845C80" totalBytesRequested="520" timestamp="2020-09-12T19:25:09.984" intervalms="2096.700" type="nursery" />
<cycle-start id="3331" type="scavenge" contextid="0" timestamp="2020-09-12T19:25:09.984" intervalms="2096.686" />
<gc-start id="3332" type="scavenge" contextid="3331" timestamp="2020-09-12T19:25:09.984">
  <mem-info id="3333" free="524495960" total="2843934720" percent="18">
    <mem type="nursery" free="0" total="939524096" percent="0">
      <mem type="allocate" free="0" total="803471360" percent="0" />
      <mem type="survivor" free="0" total="136052736" percent="0" />
    </mem>
    <mem type="tenure" free="524495960" total="1904410624" percent="27">
      <mem type="soa" free="503986992" total="1790145536" percent="28" />
      <mem type="loa" free="20508968" total="114265088" percent="17" />
    </mem>
    <remembered-set count="195820" />
  </mem-info>
</gc-start>
<allocation-stats totalBytes="690459992" >
  <allocated-bytes non-tlh="33263400" tlh="657196592" />
  <largest-consumer threadName="Group1.Backend.CompositeBackend{Tier1}.5" threadId="0000000000841700" bytes="107904008" />
</allocation-stats>
<gc-op id="3334" type="scavenge" timems="112.617" contextid="3331" timestamp="2020-09-12T19:25:10.097">
  <scavenger-info tenureage="3" tenuremask="7ff8" tiltratio="85" />
  <memory-copied type="nursery" objects="4097869" bytes="110008784" bytesdiscarded="271344" />
  <memory-copied type="tenure" objects="1092861" bytes="29385904" bytesdiscarded="63336" />
  <ownableSynchronizers candidates="4697" cleared="4255" />
  <references type="soft" candidates="421" cleared="0" enqueued="0" dynamicThreshold="18" maxThreshold="32" />
  <references type="weak" candidates="119" cleared="118" enqueued="0" />
</gc-op>
<gc-end id="3335" type="scavenge" contextid="3331" durationms="113.769" usertimems="737.438" systemtimems="8.459" timestamp="2020-09-12T19:25:10.098" activeThreads="8">
  <mem-info id="3336" free="1190139808" total="2843934720" percent="41">
    <mem type="nursery" free="695139320" total="939524096" percent="73">
      <mem type="allocate" free="695139320" total="805502976" percent="86" />
      <mem type="survivor" free="0" total="134021120" percent="0" />
    </mem>
    <mem type="tenure" free="495000488" total="1904410624" percent="25" macro-fragmented="0">
      <mem type="soa" free="474491520" total="1790145536" percent="26" />
      <mem type="loa" free="20508968" total="114265088" percent="17" />
    </mem>
    <remembered-set count="33576" />
  </mem-info>
</gc-end>
<cycle-end id="3337" type="scavenge" contextid="3331" timestamp="2020-09-12T19:25:10.098" />
<allocation-satisfied id="3338" threadId="0000000000845300" bytesRequested="520" />
<af-end id="3339" timestamp="2020-09-12T19:25:10.098" threadId="0000000000845C80" success="true" from="nursery"/>
<exclusive-end id="3340" timestamp="2020-09-12T19:25:10.098" durationms="115.821" />

<exclusive-start id="3341" timestamp="2020-09-12T19:25:12.223" intervalms="2240.686">
  <response-info timems="0.486" idlems="0.486" threads="0" lastid="0000000000846A00" lastname="Group1.Backend.CompositeBackend{Tier1}.4" />
</exclusive-start>
<af-start id="3342" threadId="0000000000847380" totalBytesRequested="80" timestamp="2020-09-12T19:25:12.224" intervalms="2240.587" type="nursery" />
<cycle-start id="3343" type="scavenge" contextid="0" timestamp="2020-09-12T19:25:12.224" intervalms="2240.655" />
<gc-start id="3344" type="scavenge" contextid="3343" timestamp="2020-09-12T19:25:12.225">
  <mem-info id="3345" free="495000488" total="2843934720" percent="17">
    <mem type="nursery" free="0" total="939524096" percent="0">
      <mem type="allocate" free="0" total="805502976" percent="0" />
      <mem type="survivor" free="0" total="134021120" percent="0" />
    </mem>
    <mem type="tenure" free="495000488" total="1904410624" percent="25">
      <mem type="soa" free="474491520" total="1790145536" percent="26" />
      <mem type="loa" free="20508968" total="114265088" percent="17" />
    </mem>
    <remembered-set count="201634" />
  </mem-info>
</gc-start>
<allocation-stats totalBytes="694766976" >
  <allocated-bytes non-tlh="25809224" tlh="668957752" />
  <largest-consumer threadName="Group1.Backend.CompositeBackend{Tier1}.3" threadId="0000000000845300" bytes="107402600" />
</allocation-stats>
<gc-op id="3346" type="scavenge" timems="134.803" contextid="3343" timestamp="2020-09-12T19:25:12.359">
  <scavenger-info tenureage="3" tenuremask="7ff8" tiltratio="85" />
  <memory-copied type="nursery" objects="4283393" bytes="114937616" bytesdiscarded="231808" />
  <memory-copied type="tenure" objects="1104961" bytes="29668832" bytesdiscarded="85624" />
  <ownableSynchronizers candidates="4629" cleared="4180" />
  <references type="soft" candidates="445" cleared="0" enqueued="0" dynamicThreshold="18" maxThreshold="32" />
  <references type="weak" candidates="107" cleared="107" enqueued="0" />
</gc-op>
<gc-end id="3347" type="scavenge" contextid="3343" durationms="135.939" usertimems="954.557" systemtimems="9.912" timestamp="2020-09-12T19:25:12.360" activeThreads="8">
  <mem-info id="3348" free="1155442536" total="2843934720" percent="40">
    <mem type="nursery" free="690171960" total="939524096" percent="73">
      <mem type="allocate" free="690171960" total="805437440" percent="85" />
      <mem type="survivor" free="0" total="134086656" percent="0" />
    </mem>
    <mem type="tenure" free="465270576" total="1904410624" percent="24" macro-fragmented="0">
      <mem type="soa" free="444761608" total="1790145536" percent="24" />
      <mem type="loa" free="20508968" total="114265088" percent="17" />
    </mem>
    <remembered-set count="30686" />
  </mem-info>
</gc-end>
<cycle-end id="3349" type="scavenge" contextid="3343" timestamp="2020-09-12T19:25:12.361" />
<allocation-satisfied id="3350" threadId="0000000000846A00" bytesRequested="80" />
<af-end id="3351" timestamp="2020-09-12T19:25:12.361" threadId="0000000000847380" success="true" from="nursery"/>
<exclusive-end id="3352" timestamp="2020-09-12T19:25:12.361" durationms="137.899" />

<exclusive-start id="3353" timestamp="2020-09-12T19:25:14.205" intervalms="1981.982">
  <response-info timems="0.469" idlems="0.469" threads="0" lastid="0000000000842200" lastname="Group1.Backend.CompositeBackend{Tier1}.6" />
</exclusive-start>
<af-start id="3354" threadId="0000000000842B80" totalBytesRequested="16" timestamp="2020-09-12T19:25:14.206" intervalms="1982.043" type="nursery" />
<cycle-start id="3355" type="scavenge" contextid="0" timestamp="2020-09-12T19:25:14.206" intervalms="1981.981" />
<gc-start id="3356" type="scavenge" contextid="3355" timestamp="2020-09-12T19:25:14.207">
  <mem-info id="3357" free="465270576" total="2843934720" percent="16">
    <mem type="nursery" free="0" total="939524096" percent="0">
      <mem type="allocate" free="0" total="805437440" percent="0" />
      <mem type="survivor" free="0" total="134086656" percent="0" />
    </mem>
    <mem type="tenure" free="465270576" total="1904410624" percent="24">
      <mem type="soa" free="444761608" total="1790145536" percent="24" />
      <mem type="loa" free="20508968" total="114265088" percent="17" />
    </mem>
    <remembered-set count="187570" />
  </mem-info>
</gc-start>
<allocation-stats totalBytes="689868592" >
  <allocated-bytes non-tlh="42778904" tlh="647089688" />
  <largest-consumer threadName="Group1.Backend.CompositeBackend{Tier1}.4" threadId="0000000000846A00" bytes="107461216" />
</allocation-stats>
<gc-op id="3358" type="scavenge" timems="127.469" contextid="3355" timestamp="2020-09-12T19:25:14.334">
  <scavenger-info tenureage="3" tenuremask="7ff8" tiltratio="85" />
  <memory-copied type="nursery" objects="4330209" bytes="115232776" bytesdiscarded="341992" />
  <memory-copied type="tenure" objects="1083305" bytes="29083808" bytesdiscarded="69176" />
  <ownableSynchronizers candidates="4245" cleared="3776" />
  <references type="soft" candidates="437" cleared="0" enqueued="0" dynamicThreshold="18" maxThreshold="32" />
  <references type="weak" candidates="113" cleared="113" enqueued="0" />
</gc-op>
<gc-end id="3359" type="scavenge" contextid="3355" durationms="128.742" usertimems="836.282" systemtimems="0.000" timestamp="2020-09-12T19:25:14.335" activeThreads="8">
  <mem-info id="3360" free="1129584896" total="2843934720" percent="39">
    <mem type="nursery" free="693514224" total="939524096" percent="73">
      <mem type="allocate" free="693514224" total="809172992" percent="85" />
      <mem type="survivor" free="0" total="130351104" percent="0" />
    </mem>
    <mem type="tenure" free="436070672" total="1904410624" percent="22" macro-fragmented="0">
      <mem type="soa" free="415561704" total="1790145536" percent="23" />
      <mem type="loa" free="20508968" total="114265088" percent="17" />
    </mem>
    <remembered-set count="27455" />
  </mem-info>
</gc-end>
<cycle-end id="3361" type="scavenge" contextid="3355" timestamp="2020-09-12T19:25:14.337" />
<allocation-satisfied id="3362" threadId="0000000000842200" bytesRequested="16" />
<af-end id="3363" timestamp="2020-09-12T19:25:14.337" threadId="0000000000842B80" success="true" from="nursery"/>
<exclusive-end id="3364" timestamp="2020-09-12T19:25:14.337" durationms="131.798" />

<exclusive-start id="3365" timestamp="2020-09-12T19:25:16.448" intervalms="2242.354">
  <response-info timems="3.016" idlems="3.016" threads="0" lastid="0000000000841700" lastname="Group1.Backend.CompositeBackend{Tier1}.5" />
</exclusive-start>
<af-start id="3366" threadId="0000000000842080" totalBytesRequested="1032" timestamp="2020-09-12T19:25:16.449" intervalms="2242.343" type="nursery" />
<cycle-start id="3367" type="scavenge" contextid="0" timestamp="2020-09-12T19:25:16.449" intervalms="2242.365" />
<gc-start id="3368" type="scavenge" contextid="3367" timestamp="2020-09-12T19:25:16.449">
  <mem-info id="3369" free="436070672" total="2843934720" percent="15">
    <mem type="nursery" free="0" total="939524096" percent="0">
      <mem type="allocate" free="0" total="809172992" percent="0" />
      <mem type="survivor" free="0" total="130351104" percent="0" />
    </mem>
    <mem type="tenure" free="436070672" total="1904410624" percent="22">
      <mem type="soa" free="415561704" total="1790145536" percent="23" />
      <mem type="loa" free="20508968" total="114265088" percent="17" />
    </mem>
    <remembered-set count="195050" />
  </mem-info>
</gc-start>
<allocation-stats totalBytes="693162800" >
  <allocated-bytes non-tlh="24313584" tlh="668849216" />
  <largest-consumer threadName="Group1.Backend.CompositeBackend{Tier1}.1" threadId="000000000077E000" bytes="111473696" />
</allocation-stats>
<gc-op id="3370" type="scavenge" timems="120.657" contextid="3367" timestamp="2020-09-12T19:25:16.570">
  <scavenger-info tenureage="3" tenuremask="7ff8" tiltratio="86" />
  <memory-copied type="nursery" objects="4393772" bytes="116902144" bytesdiscarded="121528" />
  <memory-copied type="tenure" objects="1070680" bytes="28800360" bytesdiscarded="72704" />
  <ownableSynchronizers candidates="3981" cleared="3512" />
  <references type="soft" candidates="424" cleared="0" enqueued="0" dynamicThreshold="18" maxThreshold="32" />
  <references type="weak" candidates="108" cleared="108" enqueued="0" />
</gc-op>
<gc-end id="3371" type="scavenge" contextid="3367" durationms="121.628" usertimems="749.192" systemtimems="0.299" timestamp="2020-09-12T19:25:16.570" activeThreads="8">
  <mem-info id="3372" free="1097348880" total="2843934720" percent="38">
    <mem type="nursery" free="690096376" total="939524096" percent="73">
      <mem type="allocate" free="690096376" total="807206912" percent="85" />
      <mem type="survivor" free="0" total="132317184" percent="0" />
    </mem>
    <mem type="tenure" free="407252504" total="1904410624" percent="21" macro-fragmented="0">
      <mem type="soa" free="386743536" total="1790145536" percent="21" />
      <mem type="loa" free="20508968" total="114265088" percent="17" />
    </mem>
    <remembered-set count="28914" />
  </mem-info>
</gc-end>
<cycle-end id="3373" type="scavenge" contextid="3367" timestamp="2020-09-12T19:25:16.571" />
<allocation-satisfied id="3374" threadId="0000000000841700" bytesRequested="1032" />
<af-end id="3375" timestamp="2020-09-12T19:25:16.571" threadId="0000000000842080" success="true" from="nursery"/>
<exclusive-end id="3376" timestamp="2020-09-12T19:25:16.572" durationms="124.022" />

<exclusive-start id="3377" timestamp="2020-09-12T19:25:18.476" intervalms="2027.920">
  <response-info timems="0.550" idlems="0.550" threads="0" lastid="0000000000842E00" lastname="Group1.Backend.CompositeBackend{Tier1}.7" />
</exclusive-start>
<af-start id="3378" threadId="0000000000843780" totalBytesRequested="32" timestamp="2020-09-12T19:25:18.476" intervalms="2027.899" type="nursery" />
<cycle-start id="3379" type="scavenge" contextid="0" timestamp="2020-09-12T19:25:18.477" intervalms="2027.927" />
<gc-start id="3380" type="scavenge" contextid="3379" timestamp="2020-09-12T19:25:18.477">
  <mem-info id="3381" free="407252504" total="2843934720" percent="14">
    <mem type="nursery" free="0" total="939524096" percent="0">
      <mem type="allocate" free="0" total="807206912" percent="0" />
      <mem type="survivor" free="0" total="132317184" percent="0" />
    </mem>
    <mem type="tenure" free="407252504" total="1904410624" percent="21">
      <mem type="soa" free="386743536" total="1790145536" percent="21" />
      <mem type="loa" free="20508968" total="114265088" percent="17" />
    </mem>
    <remembered-set count="189842" />
  </mem-info>
</gc-start>
<allocation-stats totalBytes="689765280" >
  <allocated-bytes non-tlh="39754512" tlh="650010768" />
  <largest-consumer threadName="Group1.Backend.CompositeBackend{Tier1}.5" threadId="0000000000841700" bytes="90502632" />
</allocation-stats>
<gc-op id="3382" type="scavenge" timems="103.446" contextid="3379" timestamp="2020-09-12T19:25:18.580">
  <scavenger-info tenureage="3" tenuremask="7ff8" tiltratio="85" />
  <memory-copied type="nursery" objects="4266953" bytes="113857384" bytesdiscarded="122160" />
  <memory-copied type="tenure" objects="1200077" bytes="32280888" bytesdiscarded="72224" />
  <ownableSynchronizers candidates="3318" cleared="2900" />
  <references type="soft" candidates="390" cleared="0" enqueued="0" dynamicThreshold="18" maxThreshold="32" />
  <references type="weak" candidates="122" cleared="122" enqueued="0" />
</gc-op>
<gc-end id="3383" type="scavenge" contextid="3379" durationms="104.365" usertimems="796.450" systemtimems="6.436" timestamp="2020-09-12T19:25:18.581" activeThreads="8">
  <mem-info id="3384" free="1068383568" total="2843934720" percent="37">
    <mem type="nursery" free="693408712" total="939524096" percent="73">
      <mem type="allocate" free="693408712" total="807469056" percent="85" />
      <mem type="survivor" free="0" total="132055040" percent="0" />
    </mem>
    <mem type="tenure" free="374974856" total="1904410624" percent="19" macro-fragmented="0">
      <mem type="soa" free="354465888" total="1790145536" percent="19" />
      <mem type="loa" free="20508968" total="114265088" percent="17" />
    </mem>
    <remembered-set count="29324" />
  </mem-info>
</gc-end>
<cycle-end id="3385" type="scavenge" contextid="3379" timestamp="2020-09-12T19:25:18.582" />
<allocation-satisfied id="3386" threadId="0000000000842E00" bytesRequested="32" />
<af-end id="3387" timestamp="2020-09-12T19:25:18.582" threadId="0000000000843780" success="true" from="nursery"/>
<exclusive-end id="3388" timestamp="2020-09-12T19:25:18.582" durationms="106.289" />

<exclusive-start id="3389" timestamp="2020-09-12T19:25:20.634" intervalms="2158.600">
  <response-info timems="0.236" idlems="0.236" threads="0" lastid="0000000000843900" lastname="Group1.Backend.CompositeBackend{Tier1}.8" />
</exclusive-start>
<af-start id="3390" threadId="0000000000844280" totalBytesRequested="24" timestamp="2020-09-12T19:25:20.635" intervalms="2158.451" type="nursery" />
<cycle-start id="3391" type="scavenge" contextid="0" timestamp="2020-09-12T19:25:20.635" intervalms="2158.387" />
<gc-start id="3392" type="scavenge" contextid="3391" timestamp="2020-09-12T19:25:20.635">
  <mem-info id="3393" free="374974856" total="2843934720" percent="13">
    <mem type="nursery" free="0" total="939524096" percent="0">
      <mem type="allocate" free="0" total="807469056" percent="0" />
      <mem type="survivor" free="0" total="132055040" percent="0" />
    </mem>
    <mem type="tenure" free="374974856" total="1904410624" percent="19">
      <mem type="soa" free="354465888" total="1790145536" percent="19" />
      <mem type="loa" free="20508968" total="114265088" percent="17" />
    </mem>
    <remembered-set count="195462" />
  </mem-info>
</gc-start>
<allocation-stats totalBytes="693064824" >
  <allocated-bytes non-tlh="29514920" tlh="663549904" />
  <largest-consumer threadName="Group1.Backend.CompositeBackend{Tier1}.7" threadId="0000000000842E00" bytes="128989104" />
</allocation-stats>
<gc-op id="3394" type="scavenge" timems="112.229" contextid="3391" timestamp="2020-09-12T19:25:20.748">
  <scavenger-info tenureage="3" tenuremask="7ff8" tiltratio="85" />
  <memory-copied type="nursery" objects="4362802" bytes="116470736" bytesdiscarded="235616" />
  <memory-copied type="tenure" objects="1019747" bytes="27419128" bytesdiscarded="47240" />
  <ownableSynchronizers candidates="4613" cleared="4185" />
  <references type="soft" candidates="412" cleared="0" enqueued="0" dynamicThreshold="18" maxThreshold="32" />
  <references type="weak" candidates="123" cleared="123" enqueued="0" />
</gc-op>
<gc-end id="3395" type="scavenge" contextid="3391" durationms="113.189" usertimems="865.030" systemtimems="0.000" timestamp="2020-09-12T19:25:20.748" activeThreads="8">
  <mem-info id="3396" free="1036918856" total="2843934720" percent="36">
    <mem type="nursery" free="689560560" total="939524096" percent="73">
      <mem type="allocate" free="689560560" total="806354944" percent="85" />
      <mem type="survivor" free="0" total="133169152" percent="0" />
    </mem>
    <mem type="tenure" free="347358296" total="1904410624" percent="18" macro-fragmented="0">
      <mem type="soa" free="326849328" total="1790145536" percent="18" />
      <mem type="loa" free="20508968" total="114265088" percent="17" />
    </mem>
    <remembered-set count="31354" />
  </mem-info>
</gc-end>
<cycle-end id="3397" type="scavenge" contextid="3391" timestamp="2020-09-12T19:25:20.749" />
<allocation-satisfied id="3398" threadId="0000000000843900" bytesRequested="24" />
<af-end id="3399" timestamp="2020-09-12T19:25:20.749" threadId="0000000000844280" success="true" from="nursery"/>
<exclusive-end id="3400" timestamp="2020-09-12T19:25:20.749" durationms="115.030" />

<exclusive-start id="3401" timestamp="2020-09-12T19:25:22.685" intervalms="2051.274">
  <response-info timems="0.500" idlems="0.336" threads="1" lastid="0000000000845300" lastname="Group1.Backend.CompositeBackend{Tier1}.3" />
</exclusive-start>
<af-start id="3402" threadId="0000000000844280" totalBytesRequested="32" timestamp="2020-09-12T19:25:22.686" intervalms="2051.524" type="nursery" />
<cycle-start id="3403" type="scavenge" contextid="0" timestamp="2020-09-12T19:25:22.687" intervalms="2051.547" />
<gc-start id="3404" type="scavenge" contextid="3403" timestamp="2020-09-12T19:25:22.687">
  <mem-info id="3405" free="347358296" total="2843934720" percent="12">
    <mem type="nursery" free="0" total="939524096" percent="0">
      <mem type="allocate" free="0" total="806354944" percent="0" />
      <mem type="survivor" free="0" total="133169152" percent="0" />
    </mem>
    <mem type="tenure" free="347358296" total="1904410624" percent="18">
      <mem type="soa" free="326849328" total="1790145536" percent="18" />
      <mem type="loa" free="20508968" total="114265088" percent="17" />
    </mem>
    <remembered-set count="193486" />
  </mem-info>
</gc-start>
<allocation-stats totalBytes="689224216" >
  <allocated-bytes non-tlh="35838816" tlh="653385400" />
  <largest-consumer threadName="Group1.Backend.CompositeBackend{Tier1}.4" threadId="0000000000846A00" bytes="114584432" />
</allocation-stats>
<gc-op id="3406" type="scavenge" timems="116.699" contextid="3403" timestamp="2020-09-12T19:25:22.804">
  <scavenger-info tenureage="3" tenuremask="7ff8" tiltratio="85" />
  <memory-copied type="nursery" objects="4105389" bytes="109984936" bytesdiscarded="179120" />
  <memory-copied type="tenure" objects="1144001" bytes="30787008" bytesdiscarded="59016" />
  <ownableSynchronizers candidates="3703" cleared="3299" />
  <references type="soft" candidates="367" cleared="0" enqueued="0" dynamicThreshold="18" maxThreshold="32" />
  <references type="weak" candidates="108" cleared="108" enqueued="0" />
</gc-op>
<gc-end id="3407" type="scavenge" contextid="3403" durationms="118.772" usertimems="834.852" systemtimems="6.530" timestamp="2020-09-12T19:25:22.805" activeThreads="8">
  <mem-info id="3408" free="1013295096" total="2843934720" percent="35">
    <mem type="nursery" free="696692992" total="939524096" percent="74">
      <mem type="allocate" free="696692992" total="806944768" percent="86" />
      <mem type="survivor" free="0" total="132579328" percent="0" />
    </mem>
    <mem type="tenure" free="316602104" total="1904410624" percent="16" macro-fragmented="0">
      <mem type="soa" free="296093136" total="1790145536" percent="16" />
      <mem type="loa" free="20508968" total="114265088" percent="17" />
    </mem>
    <remembered-set count="32746" />
  </mem-info>
</gc-end>
<cycle-end id="3409" type="scavenge" contextid="3403" timestamp="2020-09-12T19:25:22.807" />
<allocation-satisfied id="3410" threadId="0000000000843900" bytesRequested="32" />
<af-end id="3411" timestamp="2020-09-12T19:25:22.807" threadId="0000000000844280" success="true" from="nursery"/>
<exclusive-end id="3412" timestamp="2020-09-12T19:25:22.807" durationms="121.604" />

<exclusive-start id="3413" timestamp="2020-09-12T19:25:24.858" intervalms="2172.752">
  <response-info timems="1.260" idlems="1.260" threads="0" lastid="0000000000846A00" lastname="Group1.Backend.CompositeBackend{Tier1}.4" />
</exclusive-start>
<af-start id="3414" threadId="0000000000847380" totalBytesRequested="16" timestamp="2020-09-12T19:25:24.859" intervalms="2172.575" type="nursery" />
<cycle-start id="3415" type="scavenge" contextid="0" timestamp="2020-09-12T19:25:24.859" intervalms="2172.559" />
<gc-start id="3416" type="scavenge" contextid="3415" timestamp="2020-09-12T19:25:24.859">
  <mem-info id="3417" free="316602104" total="2843934720" percent="11">
    <mem type="nursery" free="0" total="939524096" percent="0">
      <mem type="allocate" free="0" total="806944768" percent="0" />
      <mem type="survivor" free="0" total="132579328" percent="0" />
    </mem>
    <mem type="tenure" free="316602104" total="1904410624" percent="16">
      <mem type="soa" free="296093136" total="1790145536" percent="16" />
      <mem type="loa" free="20508968" total="114265088" percent="17" />
    </mem>
    <remembered-set count="199568" />
  </mem-info>
</gc-start>
<allocation-stats totalBytes="696339120" >
  <allocated-bytes non-tlh="29853040" tlh="666486080" />
  <largest-consumer threadName="Group1.Backend.CompositeBackend{Tier1}.7" threadId="0000000000842E00" bytes="129881144" />
</allocation-stats>
<gc-op id="3418" type="scavenge" timems="102.742" contextid="3415" timestamp="2020-09-12T19:25:24.962">
  <scavenger-info tenureage="3" tenuremask="7ff8" tiltratio="85" />
  <memory-copied type="nursery" objects="4307255" bytes="115054496" bytesdiscarded="302616" />
  <memory-copied type="tenure" objects="1051269" bytes="28244992" bytesdiscarded="54424" />
  <ownableSynchronizers candidates="3333" cleared="2963" />
  <references type="soft" candidates="354" cleared="0" enqueued="0" dynamicThreshold="18" maxThreshold="32" />
  <references type="weak" candidates="113" cleared="113" enqueued="0" />
</gc-op>
<gc-end id="3419" type="scavenge" contextid="3415" durationms="103.557" usertimems="768.143" systemtimems="0.000" timestamp="2020-09-12T19:25:24.963" activeThreads="8">
  <mem-info id="3420" free="979418216" total="2843934720" percent="34">
    <mem type="nursery" free="691111720" total="939524096" percent="73">
      <mem type="allocate" free="691111720" total="806551552" percent="85" />
      <mem type="survivor" free="0" total="132972544" percent="0" />
    </mem>
    <mem type="tenure" free="288306496" total="1904410624" percent="15" macro-fragmented="0">
      <mem type="soa" free="267797528" total="1790145536" percent="14" />
      <mem type="loa" free="20508968" total="114265088" percent="17" />
    </mem>
    <remembered-set count="32476" />
  </mem-info>
</gc-end>
<cycle-end id="3421" type="scavenge" contextid="3415" timestamp="2020-09-12T19:25:24.964" />
<allocation-satisfied id="3422" threadId="0000000000846A00" bytesRequested="16" />
<af-end id="3423" timestamp="2020-09-12T19:25:24.964" threadId="0000000000847380" success="true" from="nursery"/>
<exclusive-end id="3424" timestamp="2020-09-12T19:25:24.964" durationms="105.431" />

<exclusive-start id="3425" timestamp="2020-09-12T19:25:26.950" intervalms="2091.597">
  <response-info timems="0.496" idlems="0.496" threads="0" lastid="0000000000843900" lastname="Group1.Backend.CompositeBackend{Tier1}.8" />
</exclusive-start>
<af-start id="3426" threadId="0000000000844280" totalBytesRequested="16" timestamp="2020-09-12T19:25:26.951" intervalms="2091.626" type="nursery" />
<cycle-start id="3427" type="scavenge" contextid="0" timestamp="2020-09-12T19:25:26.951" intervalms="2091.631" />
<gc-start id="3428" type="scavenge" contextid="3427" timestamp="2020-09-12T19:25:26.951">
  <mem-info id="3429" free="288306496" total="2843934720" percent="10">
    <mem type="nursery" free="0" total="939524096" percent="0">
      <mem type="allocate" free="0" total="806551552" percent="0" />
      <mem type="survivor" free="0" total="132972544" percent="0" />
    </mem>
    <mem type="tenure" free="288306496" total="1904410624" percent="15">
      <mem type="soa" free="267797528" total="1790145536" percent="14" />
      <mem type="loa" free="20508968" total="114265088" percent="17" />
    </mem>
    <remembered-set count="195733" />
  </mem-info>
</gc-start>
<allocation-stats totalBytes="690796992" >
  <allocated-bytes non-tlh="32534656" tlh="658262336" />
  <largest-consumer threadName="Group1.Backend.CompositeBackend{Tier1}.2" threadId="0000000000780600" bytes="103746680" />
</allocation-stats>
<gc-op id="3430" type="scavenge" timems="97.662" contextid="3427" timestamp="2020-09-12T19:25:27.049">
  <scavenger-info tenureage="3" tenuremask="7ff8" tiltratio="85" />
  <memory-copied type="nursery" objects="4299442" bytes="114518264" bytesdiscarded="178000" />
  <memory-copied type="tenure" objects="1091290" bytes="29312088" bytesdiscarded="45128" />
  <ownableSynchronizers candidates="3834" cleared="3443" />
  <references type="soft" candidates="331" cleared="0" enqueued="0" dynamicThreshold="18" maxThreshold="32" />
  <references type="weak" candidates="133" cleared="132" enqueued="0" />
</gc-op>
<gc-end id="3431" type="scavenge" contextid="3427" durationms="98.481" usertimems="746.039" systemtimems="3.850" timestamp="2020-09-12T19:25:27.049" activeThreads="8">
  <mem-info id="3432" free="951383776" total="2843934720" percent="33">
    <mem type="nursery" free="692556712" total="939524096" percent="73">
      <mem type="allocate" free="692556712" total="807337984" percent="85" />
      <mem type="survivor" free="0" total="132186112" percent="0" />
    </mem>
    <mem type="tenure" free="258827064" total="1904410624" percent="13" macro-fragmented="0">
      <mem type="soa" free="238318096" total="1790145536" percent="13" />
      <mem type="loa" free="20508968" total="114265088" percent="17" />
    </mem>
    <remembered-set count="30965" />
  </mem-info>
</gc-end>
<cycle-end id="3433" type="scavenge" contextid="3427" timestamp="2020-09-12T19:25:27.050" />
<allocation-satisfied id="3434" threadId="0000000000843900" bytesRequested="16" />
<af-end id="3435" timestamp="2020-09-12T19:25:27.050" threadId="0000000000844280" success="true" from="nursery"/>
<exclusive-end id="3436" timestamp="2020-09-12T19:25:27.050" durationms="100.572" />

<exclusive-start id="3437" timestamp="2020-09-12T19:25:29.049" intervalms="2099.662">
  <response-info timems="0.472" idlems="0.243" threads="1" lastid="0000000000842E00" lastname="Group1.Backend.CompositeBackend{Tier1}.7" />
</exclusive-start>
<af-start id="3438" threadId="0000000000842B80" totalBytesRequested="32" timestamp="2020-09-12T19:25:29.050" intervalms="2099.702" type="nursery" />
<cycle-start id="3439" type="scavenge" contextid="0" timestamp="2020-09-12T19:25:29.050" intervalms="2099.709" />
<gc-start id="3440" type="scavenge" contextid="3439" timestamp="2020-09-12T19:25:29.051">
  <mem-info id="3441" free="258827064" total="2843934720" percent="9">
    <mem type="nursery" free="0" total="939524096" percent="0">
      <mem type="allocate" free="0" total="807337984" percent="0" />
      <mem type="survivor" free="0" total="132186112" percent="0" />
    </mem>
    <mem type="tenure" free="258827064" total="1904410624" percent="13">
      <mem type="soa" free="238318096" total="1790145536" percent="13" />
      <mem type="loa" free="20508968" total="114265088" percent="17" />
    </mem>
    <remembered-set count="192050" />
  </mem-info>
</gc-start>
<allocation-stats totalBytes="692234104" >
  <allocated-bytes non-tlh="37753136" tlh="654480968" />
  <largest-consumer threadName="Group1.Backend.CompositeBackend{Tier1}.4" threadId="0000000000846A00" bytes="99790272" />
</allocation-stats>
<gc-op id="3442" type="scavenge" timems="88.359" contextid="3439" timestamp="2020-09-12T19:25:29.139">
  <scavenger-info tenureage="3" tenuremask="7ff8" tiltratio="85" />
  <memory-copied type="nursery" objects="4113920" bytes="110573368" bytesdiscarded="147512" />
  <memory-copied type="tenure" objects="1069520" bytes="28756368" bytesdiscarded="31440" />
  <ownableSynchronizers candidates="3339" cleared="3008" />
  <references type="soft" candidates="311" cleared="0" enqueued="0" dynamicThreshold="18" maxThreshold="32" />
  <references type="weak" candidates="118" cleared="118" enqueued="0" />
</gc-op>
<gc-end id="3443" type="scavenge" contextid="3439" durationms="89.618" usertimems="662.619" systemtimems="0.000" timestamp="2020-09-12T19:25:29.140" activeThreads="8">
  <mem-info id="3444" free="927476056" total="2843934720" percent="32">
    <mem type="nursery" free="697319680" total="939524096" percent="74">
      <mem type="allocate" free="697319680" total="808124416" percent="86" />
      <mem type="survivor" free="0" total="131399680" percent="0" />
    </mem>
    <mem type="tenure" free="230156376" total="1904410624" percent="12" macro-fragmented="0">
      <mem type="soa" free="209647408" total="1790145536" percent="11" />
      <mem type="loa" free="20508968" total="114265088" percent="17" />
    </mem>
    <remembered-set count="29910" />
  </mem-info>
</gc-end>
<cycle-end id="3445" type="scavenge" contextid="3439" timestamp="2020-09-12T19:25:29.141" />
<allocation-satisfied id="3446" threadId="0000000000842200" bytesRequested="32" />
<af-end id="3447" timestamp="2020-09-12T19:25:29.141" threadId="0000000000842B80" success="true" from="nursery"/>
<exclusive-end id="3448" timestamp="2020-09-12T19:25:29.141" durationms="91.833" />

<exclusive-start id="3449" timestamp="2020-09-12T19:25:31.287" intervalms="2237.919">
  <response-info timems="2.909" idlems="2.616" threads="2" lastid="0000000000846A00" lastname="Group1.Backend.CompositeBackend{Tier1}.4" />
</exclusive-start>
<af-start id="3450" threadId="0000000000842B80" totalBytesRequested="16" timestamp="2020-09-12T19:25:31.288" intervalms="2237.940" type="nursery" />
<cycle-start id="3451" type="scavenge" contextid="0" timestamp="2020-09-12T19:25:31.288" intervalms="2238.013" />
<gc-start id="3452" type="scavenge" contextid="3451" timestamp="2020-09-12T19:25:31.289">
  <mem-info id="3453" free="230156376" total="2843934720" percent="8">
    <mem type="nursery" free="0" total="939524096" percent="0">
      <mem type="allocate" free="0" total="808124416" percent="0" />
      <mem type="survivor" free="0" total="131399680" percent="0" />
    </mem>
    <mem type="tenure" free="230156376" total="1904410624" percent="12">
      <mem type="soa" free="209647408" total="1790145536" percent="11" />
      <mem type="loa" free="20508968" total="114265088" percent="17" />
    </mem>
    <remembered-set count="199221" />
  </mem-info>
</gc-start>
<allocation-stats totalBytes="696974128" >
  <allocated-bytes non-tlh="24120376" tlh="672853752" />
  <largest-consumer threadName="Group1.Backend.CompositeBackend{Tier1}.8" threadId="0000000000843900" bytes="90856192" />
</allocation-stats>
<gc-op id="3454" type="scavenge" timems="102.219" contextid="3451" timestamp="2020-09-12T19:25:31.391">
  <scavenger-info tenureage="3" tenuremask="7ff8" tiltratio="86" />
  <memory-copied type="nursery" objects="4179228" bytes="112272832" bytesdiscarded="245024" />
  <memory-copied type="tenure" objects="1139228" bytes="30619864" bytesdiscarded="49800" />
  <ownableSynchronizers candidates="4700" cleared="4331" />
  <references type="soft" candidates="353" cleared="0" enqueued="0" dynamicThreshold="18" maxThreshold="32" />
  <references type="weak" candidates="97" cleared="97" enqueued="0" />
</gc-op>
<gc-end id="3455" type="scavenge" contextid="3451" durationms="103.161" usertimems="753.421" systemtimems="0.544" timestamp="2020-09-12T19:25:31.392" activeThreads="8">
  <mem-info id="3456" free="895618808" total="2843934720" percent="31">
    <mem type="nursery" free="696231808" total="939524096" percent="74">
      <mem type="allocate" free="696231808" total="808845312" percent="86" />
      <mem type="survivor" free="0" total="130678784" percent="0" />
    </mem>
    <mem type="tenure" free="199387000" total="1904410624" percent="10" macro-fragmented="0">
      <mem type="soa" free="178878032" total="1790145536" percent="9" />
      <mem type="loa" free="20508968" total="114265088" percent="17" />
    </mem>
    <remembered-set count="29941" />
  </mem-info>
</gc-end>
<cycle-end id="3457" type="scavenge" contextid="3451" timestamp="2020-09-12T19:25:31.393" />
<allocation-satisfied id="3458" threadId="0000000000842200" bytesRequested="16" />
<af-end id="3459" timestamp="2020-09-12T19:25:31.393" threadId="0000000000842B80" success="true" from="nursery"/>
<exclusive-end id="3460" timestamp="2020-09-12T19:25:31.393" durationms="105.834" />

<exclusive-start id="3461" timestamp="2020-09-12T19:25:33.317" intervalms="2029.748">
  <response-info timems="3.838" idlems="3.838" threads="0" lastid="0000000000842E00" lastname="Group1.Backend.CompositeBackend{Tier1}.7" />
</exclusive-start>
<af-start id="3462" threadId="0000000000843780" totalBytesRequested="40" timestamp="2020-09-12T19:25:33.318" intervalms="2029.603" type="nursery" />
<cycle-start id="3463" type="scavenge" contextid="0" timestamp="2020-09-12T19:25:33.318" intervalms="2029.532" />
<gc-start id="3464" type="scavenge" contextid="3463" timestamp="2020-09-12T19:25:33.318">
  <mem-info id="3465" free="199387000" total="2843934720" percent="7">
    <mem type="nursery" free="0" total="939524096" percent="0">
      <mem type="allocate" free="0" total="808845312" percent="0" />
      <mem type="survivor" free="0" total="130678784" percent="0" />
    </mem>
    <mem type="tenure" free="199387000" total="1904410624" percent="10">
      <mem type="soa" free="178878032" total="1790145536" percent="9" />
      <mem type="loa" free="20508968" total="114265088" percent="17" />
    </mem>
    <remembered-set count="190787" />
  </mem-info>
</gc-start>
<allocation-stats totalBytes="695922056" >
  <allocated-bytes non-tlh="38983456" tlh="656938600" />
  <largest-consumer threadName="Group1.Backend.CompositeBackend{Tier1}.8" threadId="0000000000843900" bytes="94113912" />
</allocation-stats>
<gc-op id="3466" type="scavenge" timems="104.759" contextid="3463" timestamp="2020-09-12T19:25:33.423">
  <scavenger-info tenureage="3" tenuremask="7ff8" tiltratio="86" />
  <memory-copied type="nursery" objects="4126198" bytes="110716680" bytesdiscarded="245312" />
  <memory-copied type="tenure" objects="1097188" bytes="29622592" bytesdiscarded="52168" />
  <ownableSynchronizers candidates="3763" cleared="3372" />
  <references type="soft" candidates="353" cleared="0" enqueued="0" dynamicThreshold="18" maxThreshold="32" />
  <references type="weak" candidates="134" cleared="131" enqueued="0" />
</gc-op>
<gc-end id="3467" type="scavenge" contextid="3463" durationms="105.745" usertimems="743.422" systemtimems="3.025" timestamp="2020-09-12T19:25:33.424" activeThreads="8">
  <mem-info id="3468" free="868591800" total="2843934720" percent="30">
    <mem type="nursery" free="698786304" total="939524096" percent="74">
      <mem type="allocate" free="698786304" total="809828352" percent="86" />
      <mem type="survivor" free="0" total="129695744" percent="0" />
    </mem>
    <mem type="tenure" free="169805496" total="1904410624" percent="8" macro-fragmented="0">
      <mem type="soa" free="149296528" total="1790145536" percent="8" />
      <mem type="loa" free="20508968" total="114265088" percent="17" />
    </mem>
    <remembered-set count="30577" />
  </mem-info>
</gc-end>
<cycle-end id="3469" type="scavenge" contextid="3463" timestamp="2020-09-12T19:25:33.425" />
<allocation-satisfied id="3470" threadId="0000000000842E00" bytesRequested="40" />
<af-end id="3471" timestamp="2020-09-12T19:25:33.425" threadId="0000000000843780" success="true" from="nursery"/>
<exclusive-end id="3472" timestamp="2020-09-12T19:25:33.425" durationms="107.800" />

<exclusive-start id="3473" timestamp="2020-09-12T19:25:35.513" intervalms="2196.007">
  <response-info timems="1.326" idlems="0.780" threads="1" lastid="0000000000841700" lastname="Group1.Backend.CompositeBackend{Tier1}.5" />
</exclusive-start>
<af-start id="3474" threadId="0000000000A93C80" totalBytesRequested="80" timestamp="2020-09-12T19:25:35.514" intervalms="2196.089" type="nursery" />
<cycle-start id="3475" type="scavenge" contextid="0" timestamp="2020-09-12T19:25:35.514" intervalms="2196.096" />
<gc-start id="3476" type="scavenge" contextid="3475" timestamp="2020-09-12T19:25:35.514">
  <mem-info id="3477" free="169805496" total="2843934720" percent="5">
    <mem type="nursery" free="0" total="939524096" percent="0">
      <mem type="allocate" free="0" total="809828352" percent="0" />
      <mem type="survivor" free="0" total="129695744" percent="0" />
    </mem>
    <mem type="tenure" free="169805496" total="1904410624" percent="8">
      <mem type="soa" free="149296528" total="1790145536" percent="8" />
      <mem type="loa" free="20508968" total="114265088" percent="17" />
    </mem>
    <remembered-set count="196736" />
  </mem-info>
</gc-start>
<allocation-stats totalBytes="698454264" >
  <allocated-bytes non-tlh="33214336" tlh="665239928" />
  <largest-consumer threadName="Group1.Backend.CompositeBackend{Tier1}.7" threadId="0000000000842E00" bytes="92476304" />
</allocation-stats>
<gc-op id="3478" type="scavenge" timems="99.863" contextid="3475" timestamp="2020-09-12T19:25:35.614">
  <scavenger-info tenureage="3" tenuremask="7ff8" tiltratio="86" />
  <memory-copied type="nursery" objects="4211546" bytes="112794944" bytesdiscarded="193736" />
  <memory-copied type="tenure" objects="1077047" bytes="28957408" bytesdiscarded="50728" />
  <ownableSynchronizers candidates="4436" cleared="4044" />
  <references type="soft" candidates="383" cleared="0" enqueued="0" dynamicThreshold="18" maxThreshold="32" />
  <references type="weak" candidates="113" cleared="112" enqueued="0" />
</gc-op>
<gc-end id="3479" type="scavenge" contextid="3475" durationms="100.817" usertimems="773.393" systemtimems="0.779" timestamp="2020-09-12T19:25:35.615" activeThreads="8">
  <mem-info id="3480" free="837684960" total="2843934720" percent="29">
    <mem type="nursery" free="696952056" total="939524096" percent="74">
      <mem type="allocate" free="696952056" total="810024960" percent="86" />
      <mem type="survivor" free="0" total="129499136" percent="0" />
    </mem>
    <mem type="tenure" free="140732904" total="1904410624" percent="7" macro-fragmented="0">
      <mem type="soa" free="120223936" total="1790145536" percent="6" />
      <mem type="loa" free="20508968" total="114265088" percent="17" />
    </mem>
    <remembered-set count="32811" />
  </mem-info>
</gc-end>
<cycle-end id="3481" type="scavenge" contextid="3475" timestamp="2020-09-12T19:25:35.616" />
<allocation-satisfied id="3482" threadId="0000000000A93300" bytesRequested="80" />
<af-end id="3483" timestamp="2020-09-12T19:25:35.616" threadId="0000000000A93C80" success="true" from="nursery"/>
<exclusive-end id="3484" timestamp="2020-09-12T19:25:35.616" durationms="102.732" />

<exclusive-start id="3485" timestamp="2020-09-12T19:25:37.608" intervalms="2094.558">
  <response-info timems="2.474" idlems="2.474" threads="0" lastid="000000000077E000" lastname="Group1.Backend.CompositeBackend{Tier1}.1" />
</exclusive-start>
<af-start id="3486" threadId="000000000077E980" totalBytesRequested="32" timestamp="2020-09-12T19:25:37.608" intervalms="2094.525" type="nursery" />
<cycle-start id="3487" type="scavenge" contextid="0" timestamp="2020-09-12T19:25:37.609" intervalms="2094.584" />
<gc-start id="3488" type="scavenge" contextid="3487" timestamp="2020-09-12T19:25:37.609">
  <mem-info id="3489" free="140732904" total="2843934720" percent="4">
    <mem type="nursery" free="0" total="939524096" percent="0">
      <mem type="allocate" free="0" total="810024960" percent="0" />
      <mem type="survivor" free="0" total="129499136" percent="0" />
    </mem>
    <mem type="tenure" free="140732904" total="1904410624" percent="7">
      <mem type="soa" free="120223936" total="1790145536" percent="6" />
      <mem type="loa" free="20508968" total="114265088" percent="17" />
    </mem>
    <remembered-set count="198052" />
  </mem-info>
</gc-start>
<allocation-stats totalBytes="696631552" >
  <allocated-bytes non-tlh="33489896" tlh="663141656" />
  <largest-consumer threadName="Group1.Backend.CompositeBackend{Tier1}.1" threadId="000000000077E000" bytes="97385080" />
</allocation-stats>
<gc-op id="3490" type="scavenge" timems="123.503" contextid="3487" timestamp="2020-09-12T19:25:37.733">
  <scavenger-info tenureage="3" tenuremask="7ff8" tiltratio="86" />
  <memory-copied type="nursery" objects="4391989" bytes="117035032" bytesdiscarded="194976" />
  <memory-copied type="tenure" objects="1176876" bytes="31661456" bytesdiscarded="67648" />
  <ownableSynchronizers candidates="4212" cleared="3777" />
  <references type="soft" candidates="374" cleared="0" enqueued="0" dynamicThreshold="18" maxThreshold="32" />
  <references type="weak" candidates="118" cleared="118" enqueued="0" />
</gc-op>
<gc-end id="3491" type="scavenge" contextid="3487" durationms="124.580" usertimems="915.274" systemtimems="16.755" timestamp="2020-09-12T19:25:37.733" activeThreads="8">
  <mem-info id="3492" free="796688200" total="2843934720" percent="28">
    <mem type="nursery" free="687596568" total="939524096" percent="73">
      <mem type="allocate" free="687596568" total="804913152" percent="85" />
      <mem type="survivor" free="0" total="134610944" percent="0" />
    </mem>
    <mem type="tenure" free="109091632" total="1904410624" percent="5" macro-fragmented="0">
      <mem type="soa" free="88582664" total="1790145536" percent="4" />
      <mem type="loa" free="20508968" total="114265088" percent="17" />
    </mem>
    <remembered-set count="34255" />
  </mem-info>
</gc-end>
<cycle-end id="3493" type="scavenge" contextid="3487" timestamp="2020-09-12T19:25:37.734" />
<allocation-satisfied id="3494" threadId="000000000077E000" bytesRequested="32" />
<af-end id="3495" timestamp="2020-09-12T19:25:37.734" threadId="000000000077E980" success="true" from="nursery"/>
<exclusive-end id="3496" timestamp="2020-09-12T19:25:37.734" durationms="126.655" />

<exclusive-start id="3497" timestamp="2020-09-12T19:25:39.646" intervalms="2037.741">
  <response-info timems="6.250" idlems="6.250" threads="0" lastid="0000000000845300" lastname="Group1.Backend.CompositeBackend{Tier1}.3" />
</exclusive-start>
<af-start id="3498" threadId="0000000000845C80" totalBytesRequested="16" timestamp="2020-09-12T19:25:39.647" intervalms="2038.176" type="nursery" />
<cycle-start id="3499" type="scavenge" contextid="0" timestamp="2020-09-12T19:25:39.647" intervalms="2038.204" />
<gc-start id="3500" type="scavenge" contextid="3499" timestamp="2020-09-12T19:25:39.647">
  <mem-info id="3501" free="109091632" total="2843934720" percent="3">
    <mem type="nursery" free="0" total="939524096" percent="0">
      <mem type="allocate" free="0" total="804913152" percent="0" />
      <mem type="survivor" free="0" total="134610944" percent="0" />
    </mem>
    <mem type="tenure" free="109091632" total="1904410624" percent="5">
      <mem type="soa" free="88582664" total="1790145536" percent="4" />
      <mem type="loa" free="20508968" total="114265088" percent="17" />
    </mem>
    <remembered-set count="195351" />
  </mem-info>
</gc-start>
<allocation-stats totalBytes="687273736" >
  <allocated-bytes non-tlh="34639880" tlh="652633856" />
  <largest-consumer threadName="Group1.Backend.CompositeBackend{Tier1}.6" threadId="0000000000842200" bytes="99378208" />
</allocation-stats>
<gc-op id="3502" type="scavenge" timems="108.422" contextid="3499" timestamp="2020-09-12T19:25:39.756">
  <scavenger-info tenureage="3" tenuremask="7ff8" tiltratio="85" />
  <memory-copied type="nursery" objects="4304964" bytes="114986792" bytesdiscarded="162120" />
  <memory-copied type="tenure" objects="1072112" bytes="28802456" bytesdiscarded="74144" />
  <ownableSynchronizers candidates="3562" cleared="3164" />
  <references type="soft" candidates="376" cleared="0" enqueued="0" dynamicThreshold="18" maxThreshold="32" />
  <references type="weak" candidates="119" cleared="119" enqueued="0" />
</gc-op>
<gc-end id="3503" type="scavenge" contextid="3499" durationms="109.638" usertimems="754.579" systemtimems="3.395" timestamp="2020-09-12T19:25:39.757" activeThreads="8">
  <mem-info id="3504" free="770598192" total="2843934720" percent="27">
    <mem type="nursery" free="690400240" total="939524096" percent="73">
      <mem type="allocate" free="690400240" total="805634048" percent="85" />
      <mem type="survivor" free="0" total="133890048" percent="0" />
    </mem>
    <mem type="tenure" free="80197952" total="1904410624" percent="4" macro-fragmented="0">
      <mem type="soa" free="59688984" total="1790145536" percent="3" />
      <mem type="loa" free="20508968" total="114265088" percent="17" />
    </mem>
    <remembered-set count="32220" />
  </mem-info>
</gc-end>
<cycle-end id="3505" type="scavenge" contextid="3499" timestamp="2020-09-12T19:25:39.758" />
<allocation-satisfied id="3506" threadId="0000000000845300" bytesRequested="16" />
<af-end id="3507" timestamp="2020-09-12T19:25:39.758" threadId="0000000000845C80" success="true" from="nursery"/>
<exclusive-end id="3508" timestamp="2020-09-12T19:25:39.758" durationms="112.465" />

<exclusive-start id="3509" timestamp="2020-09-12T19:25:41.808" intervalms="2162.312">
  <response-info timems="0.526" idlems="0.526" threads="0" lastid="0000000000845300" lastname="Group1.Backend.CompositeBackend{Tier1}.3" />
</exclusive-start>
<af-start id="3510" threadId="0000000000845C80" totalBytesRequested="16" timestamp="2020-09-12T19:25:41.808" intervalms="2161.823" type="nursery" />
<cycle-start id="3511" type="scavenge" contextid="0" timestamp="2020-09-12T19:25:41.809" intervalms="2161.728" />
<gc-start id="3512" type="scavenge" contextid="3511" timestamp="2020-09-12T19:25:41.809">
  <mem-info id="3513" free="80197952" total="2843934720" percent="2">
    <mem type="nursery" free="0" total="939524096" percent="0">
      <mem type="allocate" free="0" total="805634048" percent="0" />
      <mem type="survivor" free="0" total="133890048" percent="0" />
    </mem>
    <mem type="tenure" free="80197952" total="1904410624" percent="4">
      <mem type="soa" free="59688984" total="1790145536" percent="3" />
      <mem type="loa" free="20508968" total="114265088" percent="17" />
    </mem>
    <remembered-set count="197946" />
  </mem-info>
</gc-start>
<allocation-stats totalBytes="690061248" >
  <allocated-bytes non-tlh="27467528" tlh="662593720" />
  <largest-consumer threadName="Group1.Backend.CompositeBackend{Tier1}.2" threadId="0000000000780600" bytes="93216416" />
</allocation-stats>
<gc-op id="3514" type="scavenge" timems="121.071" contextid="3511" timestamp="2020-09-12T19:25:41.930">
  <scavenger-info tenureage="3" tenuremask="7ff8" tiltratio="85" />
  <memory-copied type="nursery" objects="4336530" bytes="115416896" bytesdiscarded="207784" />
  <memory-copied type="tenure" objects="1113332" bytes="29915992" bytesdiscarded="73368" />
  <ownableSynchronizers candidates="4914" cleared="4510" />
  <references type="soft" candidates="387" cleared="0" enqueued="0" dynamicThreshold="18" maxThreshold="32" />
  <references type="weak" candidates="118" cleared="118" enqueued="0" />
</gc-op>
<gc-end id="3515" type="scavenge" contextid="3511" durationms="122.064" usertimems="830.693" systemtimems="3.416" timestamp="2020-09-12T19:25:41.931" activeThreads="8">
  <mem-info id="3516" free="741057944" total="2843934720" percent="26">
    <mem type="nursery" free="690766584" total="939524096" percent="73">
      <mem type="allocate" free="690766584" total="806486016" percent="85" />
      <mem type="survivor" free="0" total="133038080" percent="0" />
    </mem>
    <mem type="tenure" free="50291360" total="1904410624" percent="2" macro-fragmented="0">
      <mem type="soa" free="29782392" total="1790145536" percent="1" />
      <mem type="loa" free="20508968" total="114265088" percent="17" />
    </mem>
    <remembered-set count="29947" />
  </mem-info>
</gc-end>
<cycle-end id="3517" type="scavenge" contextid="3511" timestamp="2020-09-12T19:25:41.932" />
<allocation-satisfied id="3518" threadId="0000000000845300" bytesRequested="16" />
<af-end id="3519" timestamp="2020-09-12T19:25:41.932" threadId="0000000000845C80" success="true" from="nursery"/>
<exclusive-end id="3520" timestamp="2020-09-12T19:25:41.932" durationms="123.836" />

<exclusive-start id="3521" timestamp="2020-09-12T19:25:43.919" intervalms="2110.872">
  <response-info timems="0.761" idlems="0.761" threads="0" lastid="0000000000841700" lastname="Group1.Backend.CompositeBackend{Tier1}.5" />
</exclusive-start>
<af-start id="3522" threadId="0000000000842080" totalBytesRequested="32" timestamp="2020-09-12T19:25:43.920" intervalms="2111.106" type="nursery" />
<cycle-start id="3523" type="scavenge" contextid="0" timestamp="2020-09-12T19:25:43.920" intervalms="2111.116" />
<gc-start id="3524" type="scavenge" contextid="3523" timestamp="2020-09-12T19:25:43.920">
  <mem-info id="3525" free="50291360" total="2843934720" percent="1">
    <mem type="nursery" free="0" total="939524096" percent="0">
      <mem type="allocate" free="0" total="806486016" percent="0" />
      <mem type="survivor" free="0" total="133038080" percent="0" />
    </mem>
    <mem type="tenure" free="50291360" total="1904410624" percent="2">
      <mem type="soa" free="29782392" total="1790145536" percent="1" />
      <mem type="loa" free="20508968" total="114265088" percent="17" />
    </mem>
    <remembered-set count="191748" />
  </mem-info>
</gc-start>
<allocation-stats totalBytes="690432472" >
  <allocated-bytes non-tlh="37836560" tlh="652595912" />
  <largest-consumer threadName="Group1.Backend.CompositeBackend{Tier1}.2" threadId="0000000000780600" bytes="102266928" />
</allocation-stats>
<gc-op id="3526" type="scavenge" timems="86.612" contextid="3523" timestamp="2020-09-12T19:25:44.007">
  <scavenger-info tenureage="3" tenuremask="7ff8" tiltratio="85" />
  <memory-copied type="nursery" objects="4059184" bytes="109020192" bytesdiscarded="150840" />
  <memory-copied type="tenure" objects="1124369" bytes="30212408" bytesdiscarded="78128" />
  <ownableSynchronizers candidates="4001" cleared="3628" />
  <references type="soft" candidates="338" cleared="0" enqueued="0" dynamicThreshold="18" maxThreshold="32" />
  <references type="weak" candidates="118" cleared="118" enqueued="0" />
  <heap-resize type="expand" space="tenure" amount="9437184" count="9" timems="1.048" reason="continue current collection" />
</gc-op>
<gc-end id="3527" type="scavenge" contextid="3523" durationms="87.524" usertimems="615.105" systemtimems="9.764" timestamp="2020-09-12T19:25:44.007" activeThreads="8">
  <mem-info id="3528" free="727037168" total="2853371904" percent="25">
    <mem type="nursery" free="697955840" total="939524096" percent="74">
      <mem type="allocate" free="697955840" total="807206912" percent="86" />
      <mem type="survivor" free="0" total="132317184" percent="0" />
    </mem>
    <mem type="tenure" free="29081328" total="1913847808" percent="1" macro-fragmented="0">
      <mem type="soa" free="0" total="1799016448" percent="0" />
      <mem type="loa" free="29081328" total="114831360" percent="25" />
    </mem>
    <remembered-set count="29190" />
  </mem-info>
</gc-end>
<cycle-end id="3529" type="scavenge" contextid="3523" timestamp="2020-09-12T19:25:44.008" />
<allocation-satisfied id="3530" threadId="0000000000841700" bytesRequested="32" />
<af-end id="3531" timestamp="2020-09-12T19:25:44.008" threadId="0000000000842080" success="true" from="nursery"/>
<exclusive-end id="3532" timestamp="2020-09-12T19:25:44.008" durationms="89.691" />

<exclusive-start id="3533" timestamp="2020-09-12T19:25:46.028" intervalms="2108.924">
  <response-info timems="0.522" idlems="0.522" threads="0" lastid="0000000000780600" lastname="Group1.Backend.CompositeBackend{Tier1}.2" />
</exclusive-start>
<af-start id="3534" threadId="0000000000780F80" totalBytesRequested="524296" timestamp="2020-09-12T19:25:46.029" intervalms="2109.055" type="nursery" />
<percolate-collect id="3535" from="nursery" to="global" reason="prevent tenure expand" timestamp="2020-09-12T19:25:46.029"/>
<cycle-start id="3536" type="global" contextid="0" timestamp="2020-09-12T19:25:46.029" intervalms="77057.415" />
<gc-start id="3537" type="global" contextid="3536" timestamp="2020-09-12T19:25:46.029">
  <mem-info id="3538" free="29551376" total="2853371904" percent="1">
    <mem type="nursery" free="470048" total="939524096" percent="0">
      <mem type="allocate" free="470048" total="807206912" percent="0" />
      <mem type="survivor" free="0" total="132317184" percent="0" />
    </mem>
    <mem type="tenure" free="29081328" total="1913847808" percent="1">
      <mem type="soa" free="0" total="1799016448" percent="0" />
      <mem type="loa" free="29081328" total="114831360" percent="25" />
    </mem>
    <remembered-set count="193468" />
  </mem-info>
</gc-start>
<allocation-stats totalBytes="697163232" >
  <allocated-bytes non-tlh="33331680" tlh="663831552" />
  <largest-consumer threadName="Group1.Backend.CompositeBackend{Tier1}.3" threadId="0000000000845300" bytes="85115168" />
</allocation-stats>
<gc-op id="3539" type="mark" timems="545.457" contextid="3536" timestamp="2020-09-12T19:25:46.575">
  <trace-info objectcount="30757766" scancount="29779006" scanbytes="813602664" />
  <finalization candidates="148" enqueued="0" />
  <ownableSynchronizers candidates="589062" cleared="5058" />
  <references type="soft" candidates="707332" cleared="0" enqueued="0" dynamicThreshold="18" maxThreshold="32" />
  <references type="weak" candidates="4401" cleared="112" enqueued="0" />
  <references type="phantom" candidates="106" cleared="0" enqueued="0" />
  <stringconstants candidates="11054" cleared="141"  />
</gc-op>
<gc-op id="3540" type="sweep" timems="10.180" contextid="3536" timestamp="2020-09-12T19:25:46.585" />
<gc-end id="3541" type="global" contextid="3536" durationms="556.501" usertimems="4324.441" systemtimems="0.000" timestamp="2020-09-12T19:25:46.586" activeThreads="8">
  <mem-info id="3542" free="1724634480" total="2853371904" percent="60">
    <mem type="nursery" free="615703616" total="939524096" percent="65">
      <mem type="allocate" free="615703616" total="807206912" percent="76" />
      <mem type="survivor" free="0" total="132317184" percent="0" />
    </mem>
    <mem type="tenure" free="1108930864" total="1913847808" percent="57" micro-fragmented="55788019" macro-fragmented="0">
      <mem type="soa" free="1001148672" total="1799016448" percent="55" />
      <mem type="loa" free="107782192" total="114831360" percent="93" />
    </mem>
    <remembered-set count="187580" />
  </mem-info>
</gc-end>
<cycle-end id="3543" type="global" contextid="3536" timestamp="2020-09-12T19:25:46.586" />
<allocation-satisfied id="3544" threadId="0000000000780600" bytesRequested="524296" />
<af-end id="3545" timestamp="2020-09-12T19:25:46.587" threadId="0000000000780F80" success="true" from="nursery"/>
<exclusive-end id="3546" timestamp="2020-09-12T19:25:46.587" durationms="559.667" />

<exclusive-start id="3547" timestamp="2020-09-12T19:25:47.940" intervalms="1912.851">
  <response-info timems="0.760" idlems="0.760" threads="0" lastid="0000000000842E00" lastname="Group1.Backend.CompositeBackend{Tier1}.7" />
</exclusive-start>
<af-start id="3548" threadId="0000000000843780" totalBytesRequested="524296" timestamp="2020-09-12T19:25:47.941" intervalms="1912.619" type="nursery" />
<cycle-start id="3549" type="scavenge" contextid="0" timestamp="2020-09-12T19:25:47.941" intervalms="4021.668" />
<gc-start id="3550" type="scavenge" contextid="3549" timestamp="2020-09-12T19:25:47.942">
  <mem-info id="3551" free="1111695000" total="2853371904" percent="38">
    <mem type="nursery" free="2764184" total="939524096" percent="0">
      <mem type="allocate" free="2764184" total="807206912" percent="0" />
      <mem type="survivor" free="0" total="132317184" percent="0" />
    </mem>
    <mem type="tenure" free="1108930816" total="1913847808" percent="57">
      <mem type="soa" free="1001148624" total="1799016448" percent="55" />
      <mem type="loa" free="107782192" total="114831360" percent="93" />
    </mem>
    <remembered-set count="244888" />
  </mem-info>
</gc-start>
<allocation-stats totalBytes="610710352" >
  <allocated-bytes non-tlh="28499376" tlh="582210976" />
  <largest-consumer threadName="Group1.Backend.CompositeBackend{Tier1}.5" threadId="0000000000841700" bytes="86468928" />
</allocation-stats>
<gc-op id="3552" type="scavenge" timems="119.895" contextid="3549" timestamp="2020-09-12T19:25:48.062">
  <scavenger-info tenureage="3" tenuremask="7ff8" tiltratio="85" />
  <memory-copied type="nursery" objects="4944334" bytes="132145208" bytesdiscarded="35008" />
  <memory-copied type="tenure" objects="1279727" bytes="34020752" bytesdiscarded="61744" />
  <copy-failed type="nursery" objects="299783" bytes="7683112" />
  <ownableSynchronizers candidates="1171944" cleared="1171485" />
  <references type="soft" candidates="214" cleared="0" enqueued="0" dynamicThreshold="18" maxThreshold="32" />
  <references type="weak" candidates="110" cleared="108" enqueued="0" />
</gc-op>
<gc-end id="3553" type="scavenge" contextid="3549" durationms="120.934" usertimems="898.972" systemtimems="0.000" timestamp="2020-09-12T19:25:48.062" activeThreads="8">
  <mem-info id="3554" free="1690813064" total="2853371904" percent="59">
    <mem type="nursery" free="616038400" total="939524096" percent="65">
      <mem type="allocate" free="616038400" total="748355584" percent="82" />
      <mem type="survivor" free="0" total="191168512" percent="0" />
    </mem>
    <mem type="tenure" free="1074774664" total="1913847808" percent="56" macro-fragmented="0">
      <mem type="soa" free="966992472" total="1799016448" percent="53" />
      <mem type="loa" free="107782192" total="114831360" percent="93" />
    </mem>
    <remembered-set count="40988" />
  </mem-info>
</gc-end>
<cycle-end id="3555" type="scavenge" contextid="3549" timestamp="2020-09-12T19:25:48.063" />
<allocation-satisfied id="3556" threadId="0000000000842E00" bytesRequested="524296" />
<af-end id="3557" timestamp="2020-09-12T19:25:48.063" threadId="0000000000843780" success="true" from="nursery"/>
<exclusive-end id="3558" timestamp="2020-09-12T19:25:48.063" durationms="123.041" />

<exclusive-start id="3559" timestamp="2020-09-12T19:25:49.722" intervalms="1781.854">
  <response-info timems="0.424" idlems="0.424" threads="0" lastid="0000000000842200" lastname="Group1.Backend.CompositeBackend{Tier1}.6" />
</exclusive-start>
<af-start id="3560" threadId="0000000000842B80" totalBytesRequested="48" timestamp="2020-09-12T19:25:49.723" intervalms="1781.685" type="nursery" />
<cycle-start id="3561" type="scavenge" contextid="0" timestamp="2020-09-12T19:25:49.723" intervalms="1781.669" />
<gc-start id="3562" type="scavenge" contextid="3561" timestamp="2020-09-12T19:25:49.723">
  <mem-info id="3563" free="1074774664" total="2853371904" percent="37">
    <mem type="nursery" free="0" total="939524096" percent="0">
      <mem type="allocate" free="0" total="748355584" percent="0" />
      <mem type="survivor" free="0" total="191168512" percent="0" />
    </mem>
    <mem type="tenure" free="1074774664" total="1913847808" percent="56">
      <mem type="soa" free="966992472" total="1799016448" percent="53" />
      <mem type="loa" free="107782192" total="114831360" percent="93" />
    </mem>
    <remembered-set count="192092" />
  </mem-info>
</gc-start>
<allocation-stats totalBytes="615720960" >
  <allocated-bytes non-tlh="36342856" tlh="579378104" />
  <largest-consumer threadName="Group1.Backend.CompositeBackend{Tier1}.6" threadId="0000000000842200" bytes="81934960" />
</allocation-stats>
<gc-op id="3564" type="scavenge" timems="94.629" contextid="3561" timestamp="2020-09-12T19:25:49.818">
  <scavenger-info tenureage="3" tenuremask="7ff8" tiltratio="79" />
  <memory-copied type="nursery" objects="5003370" bytes="133635760" bytesdiscarded="388120" />
  <memory-copied type="tenure" objects="1003094" bytes="27074088" bytesdiscarded="65904" />
  <ownableSynchronizers candidates="3307" cleared="3029" />
  <references type="soft" candidates="251" cleared="0" enqueued="0" dynamicThreshold="18" maxThreshold="32" />
  <references type="weak" candidates="108" cleared="108" enqueued="0" />
</gc-op>
<gc-end id="3565" type="scavenge" contextid="3561" durationms="95.418" usertimems="723.573" systemtimems="0.000" timestamp="2020-09-12T19:25:49.819" activeThreads="8">
  <mem-info id="3566" free="1668754840" total="2853371904" percent="58">
    <mem type="nursery" free="621200152" total="939524096" percent="66">
      <mem type="allocate" free="621200152" total="755302400" percent="82" />
      <mem type="survivor" free="0" total="184221696" percent="0" />
    </mem>
    <mem type="tenure" free="1047554688" total="1913847808" percent="54" macro-fragmented="0">
      <mem type="soa" free="939772496" total="1799016448" percent="52" />
      <mem type="loa" free="107782192" total="114831360" percent="93" />
    </mem>
    <remembered-set count="40110" />
  </mem-info>
</gc-end>
<cycle-end id="3567" type="scavenge" contextid="3561" timestamp="2020-09-12T19:25:49.819" />
<allocation-satisfied id="3568" threadId="0000000000842200" bytesRequested="48" />
<af-end id="3569" timestamp="2020-09-12T19:25:49.819" threadId="0000000000842B80" success="true" from="nursery"/>
<exclusive-end id="3570" timestamp="2020-09-12T19:25:49.819" durationms="97.064" />

<exclusive-start id="3571" timestamp="2020-09-12T19:25:51.701" intervalms="1979.067">
  <response-info timems="0.674" idlems="0.674" threads="0" lastid="0000000000841700" lastname="Group1.Backend.CompositeBackend{Tier1}.5" />
</exclusive-start>
<af-start id="3572" threadId="0000000000842080" totalBytesRequested="1032" timestamp="2020-09-12T19:25:51.702" intervalms="1979.171" type="nursery" />
<cycle-start id="3573" type="scavenge" contextid="0" timestamp="2020-09-12T19:25:51.702" intervalms="1979.174" />
<gc-start id="3574" type="scavenge" contextid="3573" timestamp="2020-09-12T19:25:51.703">
  <mem-info id="3575" free="1047554688" total="2853371904" percent="36">
    <mem type="nursery" free="0" total="939524096" percent="0">
      <mem type="allocate" free="0" total="755302400" percent="0" />
      <mem type="survivor" free="0" total="184221696" percent="0" />
    </mem>
    <mem type="tenure" free="1047554688" total="1913847808" percent="54">
      <mem type="soa" free="939772496" total="1799016448" percent="52" />
      <mem type="loa" free="107782192" total="114831360" percent="93" />
    </mem>
    <remembered-set count="197886" />
  </mem-info>
</gc-start>
<allocation-stats totalBytes="620888520" >
  <allocated-bytes non-tlh="24587440" tlh="596301080" />
  <largest-consumer threadName="Group1.Backend.CompositeBackend{Tier1}.5" threadId="0000000000841700" bytes="84903336" />
</allocation-stats>
<gc-op id="3576" type="scavenge" timems="99.652" contextid="3573" timestamp="2020-09-12T19:25:51.802">
  <scavenger-info tenureage="3" tenuremask="7ff8" tiltratio="80" />
  <memory-copied type="nursery" objects="4827073" bytes="129602864" bytesdiscarded="175048" />
  <memory-copied type="tenure" objects="951816" bytes="25657296" bytesdiscarded="75560" />
  <ownableSynchronizers candidates="3611" cleared="3299" />
  <references type="soft" candidates="313" cleared="0" enqueued="0" dynamicThreshold="18" maxThreshold="32" />
  <references type="weak" candidates="119" cleared="117" enqueued="0" />
</gc-op>
<gc-end id="3577" type="scavenge" contextid="3573" durationms="100.490" usertimems="716.574" systemtimems="0.012" timestamp="2020-09-12T19:25:51.803" activeThreads="8">
  <mem-info id="3578" free="1654154096" total="2853371904" percent="57">
    <mem type="nursery" free="632321024" total="939524096" percent="67">
      <mem type="allocate" free="632321024" total="762183680" percent="82" />
      <mem type="survivor" free="0" total="177340416" percent="0" />
    </mem>
    <mem type="tenure" free="1021833072" total="1913847808" percent="53" macro-fragmented="0">
      <mem type="soa" free="914050880" total="1799016448" percent="50" />
      <mem type="loa" free="107782192" total="114831360" percent="93" />
    </mem>
    <remembered-set count="38624" />
  </mem-info>
</gc-end>
<cycle-end id="3579" type="scavenge" contextid="3573" timestamp="2020-09-12T19:25:51.804" />
<allocation-satisfied id="3580" threadId="0000000000841700" bytesRequested="1032" />
<af-end id="3581" timestamp="2020-09-12T19:25:51.804" threadId="0000000000842080" success="true" from="nursery"/>
<exclusive-end id="3582" timestamp="2020-09-12T19:25:51.804" durationms="102.347" />

<exclusive-start id="3583" timestamp="2020-09-12T19:25:53.583" intervalms="1881.618">
  <response-info timems="1.177" idlems="1.177" threads="0" lastid="000000000077E000" lastname="Group1.Backend.CompositeBackend{Tier1}.1" />
</exclusive-start>
<af-start id="3584" threadId="000000000077E980" totalBytesRequested="24" timestamp="2020-09-12T19:25:53.584" intervalms="1881.580" type="nursery" />
<cycle-start id="3585" type="scavenge" contextid="0" timestamp="2020-09-12T19:25:53.584" intervalms="1881.631" />
<gc-start id="3586" type="scavenge" contextid="3585" timestamp="2020-09-12T19:25:53.584">
  <mem-info id="3587" free="1021833072" total="2853371904" percent="35">
    <mem type="nursery" free="0" total="939524096" percent="0">
      <mem type="allocate" free="0" total="762183680" percent="0" />
      <mem type="survivor" free="0" total="177340416" percent="0" />
    </mem>
    <mem type="tenure" free="1021833072" total="1913847808" percent="53">
      <mem type="soa" free="914050880" total="1799016448" percent="50" />
      <mem type="loa" free="107782192" total="114831360" percent="93" />
    </mem>
    <remembered-set count="194959" />
  </mem-info>
</gc-start>
<allocation-stats totalBytes="632030304" >
  <allocated-bytes non-tlh="28765168" tlh="603265136" />
  <largest-consumer threadName="Group1.Backend.CompositeBackend{Tier1}.3" threadId="0000000000845300" bytes="81975688" />
</allocation-stats>
<gc-op id="3588" type="scavenge" timems="101.890" contextid="3585" timestamp="2020-09-12T19:25:53.686">
  <scavenger-info tenureage="3" tenuremask="7ff8" tiltratio="81" />
  <memory-copied type="nursery" objects="3832274" bytes="102728064" bytesdiscarded="185440" />
  <memory-copied type="tenure" objects="1950058" bytes="52583384" bytesdiscarded="69776" />
  <ownableSynchronizers candidates="3666" cleared="3300" />
  <references type="soft" candidates="305" cleared="0" enqueued="0" dynamicThreshold="18" maxThreshold="32" />
  <references type="weak" candidates="124" cleared="123" enqueued="0" />
</gc-op>
<gc-end id="3589" type="scavenge" contextid="3585" durationms="102.619" usertimems="709.342" systemtimems="6.901" timestamp="2020-09-12T19:25:53.687" activeThreads="8">
  <mem-info id="3590" free="1634749680" total="2853371904" percent="57">
    <mem type="nursery" free="665613568" total="939524096" percent="70">
      <mem type="allocate" free="665613568" total="768606208" percent="86" />
      <mem type="survivor" free="0" total="170917888" percent="0" />
    </mem>
    <mem type="tenure" free="969136112" total="1913847808" percent="50" macro-fragmented="0">
      <mem type="soa" free="861353920" total="1799016448" percent="47" />
      <mem type="loa" free="107782192" total="114831360" percent="93" />
    </mem>
    <remembered-set count="27577" />
  </mem-info>
</gc-end>
<cycle-end id="3591" type="scavenge" contextid="3585" timestamp="2020-09-12T19:25:53.688" />
<allocation-satisfied id="3592" threadId="000000000077E000" bytesRequested="24" />
<af-end id="3593" timestamp="2020-09-12T19:25:53.688" threadId="000000000077E980" success="true" from="nursery"/>
<exclusive-end id="3594" timestamp="2020-09-12T19:25:53.688" durationms="104.738" />

<exclusive-start id="3595" timestamp="2020-09-12T19:25:55.665" intervalms="2082.016">
  <response-info timems="0.778" idlems="0.507" threads="1" lastid="0000000000842200" lastname="Group1.Backend.CompositeBackend{Tier1}.6" />
</exclusive-start>
<af-start id="3596" threadId="0000000000A80C80" totalBytesRequested="48" timestamp="2020-09-12T19:25:55.666" intervalms="2082.243" type="nursery" />
<cycle-start id="3597" type="scavenge" contextid="0" timestamp="2020-09-12T19:25:55.666" intervalms="2082.200" />
<gc-start id="3598" type="scavenge" contextid="3597" timestamp="2020-09-12T19:25:55.666">
  <mem-info id="3599" free="969136112" total="2853371904" percent="33">
    <mem type="nursery" free="0" total="939524096" percent="0">
      <mem type="allocate" free="0" total="768606208" percent="0" />
      <mem type="survivor" free="0" total="170917888" percent="0" />
    </mem>
    <mem type="tenure" free="969136112" total="1913847808" percent="50">
      <mem type="soa" free="861353920" total="1799016448" percent="47" />
      <mem type="loa" free="107782192" total="114831360" percent="93" />
    </mem>
    <remembered-set count="188622" />
  </mem-info>
</gc-start>
<allocation-stats totalBytes="665273752" >
  <allocated-bytes non-tlh="31537680" tlh="633736072" />
  <largest-consumer threadName="Group1.Backend.CompositeBackend{Tier1}.4" threadId="0000000000846A00" bytes="85389368" />
</allocation-stats>
<gc-op id="3600" type="scavenge" timems="109.143" contextid="3597" timestamp="2020-09-12T19:25:55.776">
  <scavenger-info tenureage="3" tenuremask="7ff8" tiltratio="81" />
  <memory-copied type="nursery" objects="4055938" bytes="108428088" bytesdiscarded="155016" />
  <memory-copied type="tenure" objects="978261" bytes="26294280" bytesdiscarded="87368" />
  <ownableSynchronizers candidates="3761" cleared="3431" />
  <references type="soft" candidates="304" cleared="0" enqueued="0" dynamicThreshold="18" maxThreshold="32" />
  <references type="weak" candidates="112" cleared="112" enqueued="0" />
</gc-op>
<gc-end id="3601" type="scavenge" contextid="3597" durationms="109.984" usertimems="770.601" systemtimems="0.000" timestamp="2020-09-12T19:25:55.776" activeThreads="8">
  <mem-info id="3602" free="1611144256" total="2853371904" percent="56">
    <mem type="nursery" free="668587000" total="939524096" percent="71">
      <mem type="allocate" free="668587000" total="777256960" percent="86" />
      <mem type="survivor" free="0" total="162267136" percent="0" />
    </mem>
    <mem type="tenure" free="942557256" total="1913847808" percent="49" macro-fragmented="0">
      <mem type="soa" free="834775064" total="1799016448" percent="46" />
      <mem type="loa" free="107782192" total="114831360" percent="93" />
    </mem>
    <remembered-set count="27412" />
  </mem-info>
</gc-end>
<cycle-end id="3603" type="scavenge" contextid="3597" timestamp="2020-09-12T19:25:55.777" />
<allocation-satisfied id="3604" threadId="0000000000A80300" bytesRequested="48" />
<af-end id="3605" timestamp="2020-09-12T19:25:55.777" threadId="0000000000A80C80" success="true" from="nursery"/>
<exclusive-end id="3606" timestamp="2020-09-12T19:25:55.777" durationms="112.110" />

<exclusive-start id="3607" timestamp="2020-09-12T19:25:57.731" intervalms="2065.573">
  <response-info timems="0.412" idlems="0.412" threads="0" lastid="0000000000780600" lastname="Group1.Backend.CompositeBackend{Tier1}.2" />
</exclusive-start>
<af-start id="3608" threadId="0000000000780F80" totalBytesRequested="32" timestamp="2020-09-12T19:25:57.731" intervalms="2065.376" type="nursery" />
<cycle-start id="3609" type="scavenge" contextid="0" timestamp="2020-09-12T19:25:57.731" intervalms="2065.355" />
<gc-start id="3610" type="scavenge" contextid="3609" timestamp="2020-09-12T19:25:57.732">
  <mem-info id="3611" free="942557256" total="2853371904" percent="33">
    <mem type="nursery" free="0" total="939524096" percent="0">
      <mem type="allocate" free="0" total="777256960" percent="0" />
      <mem type="survivor" free="0" total="162267136" percent="0" />
    </mem>
    <mem type="tenure" free="942557256" total="1913847808" percent="49">
      <mem type="soa" free="834775064" total="1799016448" percent="46" />
      <mem type="loa" free="107782192" total="114831360" percent="93" />
    </mem>
    <remembered-set count="188034" />
  </mem-info>
</gc-start>
<allocation-stats totalBytes="668261584" >
  <allocated-bytes non-tlh="32889384" tlh="635372200" />
  <largest-consumer threadName="Group1.Backend.CompositeBackend{Tier1}.6" threadId="0000000000842200" bytes="89025128" />
</allocation-stats>
<gc-op id="3612" type="scavenge" timems="88.598" contextid="3609" timestamp="2020-09-12T19:25:57.820">
  <scavenger-info tenureage="3" tenuremask="7ff8" tiltratio="82" />
  <memory-copied type="nursery" objects="3989635" bytes="106907008" bytesdiscarded="153064" />
  <memory-copied type="tenure" objects="1054960" bytes="28367920" bytesdiscarded="81792" />
  <ownableSynchronizers candidates="3351" cleared="3027" />
  <references type="soft" candidates="298" cleared="0" enqueued="0" dynamicThreshold="18" maxThreshold="32" />
  <references type="weak" candidates="113" cleared="113" enqueued="0" />
</gc-op>
<gc-end id="3613" type="scavenge" contextid="3609" durationms="89.425" usertimems="606.586" systemtimems="7.323" timestamp="2020-09-12T19:25:57.821" activeThreads="8">
  <mem-info id="3614" free="1592420616" total="2853371904" percent="55">
    <mem type="nursery" free="678237440" total="939524096" percent="72">
      <mem type="allocate" free="678237440" total="785383424" percent="86" />
      <mem type="survivor" free="0" total="154140672" percent="0" />
    </mem>
    <mem type="tenure" free="914183176" total="1913847808" percent="47" macro-fragmented="0">
      <mem type="soa" free="806400984" total="1799016448" percent="44" />
      <mem type="loa" free="107782192" total="114831360" percent="93" />
    </mem>
    <remembered-set count="28986" />
  </mem-info>
</gc-end>
<cycle-end id="3615" type="scavenge" contextid="3609" timestamp="2020-09-12T19:25:57.822" />
<allocation-satisfied id="3616" threadId="0000000000780600" bytesRequested="32" />
<af-end id="3617" timestamp="2020-09-12T19:25:57.822" threadId="0000000000780F80" success="true" from="nursery"/>
<exclusive-end id="3618" timestamp="2020-09-12T19:25:57.822" durationms="91.276" />

<exclusive-start id="3619" timestamp="2020-09-12T19:25:59.797" intervalms="2066.387">
  <response-info timems="0.665" idlems="0.563" threads="1" lastid="0000000000780600" lastname="Group1.Backend.CompositeBackend{Tier1}.2" />
</exclusive-start>
<af-start id="3620" threadId="0000000000847380" totalBytesRequested="24" timestamp="2020-09-12T19:25:59.798" intervalms="2066.274" type="nursery" />
<cycle-start id="3621" type="scavenge" contextid="0" timestamp="2020-09-12T19:25:59.798" intervalms="2066.288" />
<gc-start id="3622" type="scavenge" contextid="3621" timestamp="2020-09-12T19:25:59.798">
  <mem-info id="3623" free="914183176" total="2853371904" percent="32">
    <mem type="nursery" free="0" total="939524096" percent="0">
      <mem type="allocate" free="0" total="785383424" percent="0" />
      <mem type="survivor" free="0" total="154140672" percent="0" />
    </mem>
    <mem type="tenure" free="914183176" total="1913847808" percent="47">
      <mem type="soa" free="806400984" total="1799016448" percent="44" />
      <mem type="loa" free="107782192" total="114831360" percent="93" />
    </mem>
    <remembered-set count="191805" />
  </mem-info>
</gc-start>
<allocation-stats totalBytes="677923104" >
  <allocated-bytes non-tlh="31460784" tlh="646462320" />
  <largest-consumer threadName="Group1.Backend.CompositeBackend{Tier1}.4" threadId="0000000000846A00" bytes="92107768" />
</allocation-stats>
<gc-op id="3624" type="scavenge" timems="96.871" contextid="3621" timestamp="2020-09-12T19:25:59.895">
  <scavenger-info tenureage="3" tenuremask="7ff8" tiltratio="83" />
  <memory-copied type="nursery" objects="4072849" bytes="109157888" bytesdiscarded="134416" />
  <memory-copied type="tenure" objects="1019755" bytes="27424256" bytesdiscarded="68728" />
  <ownableSynchronizers candidates="3080" cleared="2765" />
  <references type="soft" candidates="303" cleared="0" enqueued="0" dynamicThreshold="18" maxThreshold="32" />
  <references type="weak" candidates="117" cleared="117" enqueued="0" />
</gc-op>
<gc-end id="3625" type="scavenge" contextid="3621" durationms="97.646" usertimems="761.080" systemtimems="1.830" timestamp="2020-09-12T19:25:59.895" activeThreads="8">
  <mem-info id="3626" free="1568682272" total="2853371904" percent="54">
    <mem type="nursery" free="681898496" total="939524096" percent="72">
      <mem type="allocate" free="681898496" total="791281664" percent="86" />
      <mem type="survivor" free="0" total="148242432" percent="0" />
    </mem>
    <mem type="tenure" free="886783776" total="1913847808" percent="46" macro-fragmented="0">
      <mem type="soa" free="779001584" total="1799016448" percent="43" />
      <mem type="loa" free="107782192" total="114831360" percent="93" />
    </mem>
    <remembered-set count="30612" />
  </mem-info>
</gc-end>
<cycle-end id="3627" type="scavenge" contextid="3621" timestamp="2020-09-12T19:25:59.896" />
<allocation-satisfied id="3628" threadId="0000000000846A00" bytesRequested="24" />
<af-end id="3629" timestamp="2020-09-12T19:25:59.896" threadId="0000000000847380" success="true" from="nursery"/>
<exclusive-end id="3630" timestamp="2020-09-12T19:25:59.896" durationms="99.340" />

<exclusive-start id="3631" timestamp="2020-09-12T19:26:01.801" intervalms="2004.082">
  <response-info timems="0.358" idlems="0.354" threads="1" lastid="0000000000841700" lastname="Group1.Backend.CompositeBackend{Tier1}.5" />
</exclusive-start>
<af-start id="3632" threadId="0000000000845C80" totalBytesRequested="120" timestamp="2020-09-12T19:26:01.802" intervalms="2004.170" type="nursery" />
<cycle-start id="3633" type="scavenge" contextid="0" timestamp="2020-09-12T19:26:01.802" intervalms="2004.162" />
<gc-start id="3634" type="scavenge" contextid="3633" timestamp="2020-09-12T19:26:01.802">
  <mem-info id="3635" free="886783776" total="2853371904" percent="31">
    <mem type="nursery" free="0" total="939524096" percent="0">
      <mem type="allocate" free="0" total="791281664" percent="0" />
      <mem type="survivor" free="0" total="148242432" percent="0" />
    </mem>
    <mem type="tenure" free="886783776" total="1913847808" percent="46">
      <mem type="soa" free="779001584" total="1799016448" percent="43" />
      <mem type="loa" free="107782192" total="114831360" percent="93" />
    </mem>
    <remembered-set count="191516" />
  </mem-info>
</gc-start>
<allocation-stats totalBytes="681593624" >
  <allocated-bytes non-tlh="34163712" tlh="647429912" />
  <largest-consumer threadName="Group1.Backend.CompositeBackend{Tier1}.2" threadId="0000000000780600" bytes="86184920" />
</allocation-stats>
<gc-op id="3636" type="scavenge" timems="97.779" contextid="3633" timestamp="2020-09-12T19:26:01.900">
  <scavenger-info tenureage="3" tenuremask="7ff8" tiltratio="84" />
  <memory-copied type="nursery" objects="4073569" bytes="109276424" bytesdiscarded="162896" />
  <memory-copied type="tenure" objects="1072330" bytes="28830168" bytesdiscarded="57168" />
  <ownableSynchronizers candidates="4570" cleared="4238" />
  <references type="soft" candidates="311" cleared="0" enqueued="0" dynamicThreshold="18" maxThreshold="32" />
  <references type="weak" candidates="112" cleared="112" enqueued="0" />
</gc-op>
<gc-end id="3637" type="scavenge" contextid="3633" durationms="98.569" usertimems="710.652" systemtimems="0.000" timestamp="2020-09-12T19:26:01.901" activeThreads="8">
  <mem-info id="3638" free="1544594720" total="2853371904" percent="54">
    <mem type="nursery" free="686863536" total="939524096" percent="73">
      <mem type="allocate" free="686863536" total="796393472" percent="86" />
      <mem type="survivor" free="0" total="143130624" percent="0" />
    </mem>
    <mem type="tenure" free="857731184" total="1913847808" percent="44" macro-fragmented="0">
      <mem type="soa" free="749948992" total="1799016448" percent="41" />
      <mem type="loa" free="107782192" total="114831360" percent="93" />
    </mem>
    <remembered-set count="30775" />
  </mem-info>
</gc-end>
<cycle-end id="3639" type="scavenge" contextid="3633" timestamp="2020-09-12T19:26:01.901" />
<allocation-satisfied id="3640" threadId="0000000000845300" bytesRequested="120" />
<af-end id="3641" timestamp="2020-09-12T19:26:01.902" threadId="0000000000845C80" success="true" from="nursery"/>
<exclusive-end id="3642" timestamp="2020-09-12T19:26:01.902" durationms="100.779" />

<exclusive-start id="3643" timestamp="2020-09-12T19:26:03.925" intervalms="2124.408">
  <response-info timems="6.179" idlems="3.127" threads="1" lastid="0000000000A74500" lastname="Group1.Backend.CompositeBackend{Tier3}.4" />
</exclusive-start>
<af-start id="3644" threadId="0000000000845C80" totalBytesRequested="24" timestamp="2020-09-12T19:26:03.926" intervalms="2124.574" type="nursery" />
<cycle-start id="3645" type="scavenge" contextid="0" timestamp="2020-09-12T19:26:03.926" intervalms="2124.584" />
<gc-start id="3646" type="scavenge" contextid="3645" timestamp="2020-09-12T19:26:03.927">
  <mem-info id="3647" free="857731184" total="2853371904" percent="30">
    <mem type="nursery" free="0" total="939524096" percent="0">
      <mem type="allocate" free="0" total="796393472" percent="0" />
      <mem type="survivor" free="0" total="143130624" percent="0" />
    </mem>
    <mem type="tenure" free="857731184" total="1913847808" percent="44">
      <mem type="soa" free="749948992" total="1799016448" percent="41" />
      <mem type="loa" free="107782192" total="114831360" percent="93" />
    </mem>
    <remembered-set count="194703" />
  </mem-info>
</gc-start>
<allocation-stats totalBytes="686546328" >
  <allocated-bytes non-tlh="35056232" tlh="651490096" />
  <largest-consumer threadName="Group1.Backend.CompositeBackend{Tier1}.7" threadId="0000000000842E00" bytes="91721424" />
</allocation-stats>
<gc-op id="3648" type="scavenge" timems="115.055" contextid="3645" timestamp="2020-09-12T19:26:04.042">
  <scavenger-info tenureage="3" tenuremask="7ff8" tiltratio="84" />
  <memory-copied type="nursery" objects="4093653" bytes="109617512" bytesdiscarded="189560" />
  <memory-copied type="tenure" objects="1064269" bytes="28613992" bytesdiscarded="64096" />
  <ownableSynchronizers candidates="3825" cleared="3497" />
  <references type="soft" candidates="317" cleared="0" enqueued="0" dynamicThreshold="18" maxThreshold="32" />
  <references type="weak" candidates="102" cleared="102" enqueued="0" />
</gc-op>
<gc-end id="3649" type="scavenge" contextid="3645" durationms="116.165" usertimems="862.029" systemtimems="5.211" timestamp="2020-09-12T19:26:04.043" activeThreads="8">
  <mem-info id="3650" free="1519698384" total="2853371904" percent="53">
    <mem type="nursery" free="690503160" total="939524096" percent="73">
      <mem type="allocate" free="690503160" total="800391168" percent="86" />
      <mem type="survivor" free="0" total="139132928" percent="0" />
    </mem>
    <mem type="tenure" free="829195224" total="1913847808" percent="43" macro-fragmented="0">
      <mem type="soa" free="721413032" total="1799016448" percent="40" />
      <mem type="loa" free="107782192" total="114831360" percent="93" />
    </mem>
    <remembered-set count="31812" />
  </mem-info>
</gc-end>
<cycle-end id="3651" type="scavenge" contextid="3645" timestamp="2020-09-12T19:26:04.044" />
<allocation-satisfied id="3652" threadId="0000000000845300" bytesRequested="24" />
<af-end id="3653" timestamp="2020-09-12T19:26:04.044" threadId="0000000000845C80" success="true" from="nursery"/>
<exclusive-end id="3654" timestamp="2020-09-12T19:26:04.044" durationms="118.629" />

<exclusive-start id="3655" timestamp="2020-09-12T19:26:05.953" intervalms="2027.737">
  <response-info timems="6.953" idlems="6.953" threads="0" lastid="000000000077E000" lastname="Group1.Backend.CompositeBackend{Tier1}.1" />
</exclusive-start>
<af-start id="3656" threadId="000000000077E980" totalBytesRequested="16" timestamp="2020-09-12T19:26:05.954" intervalms="2027.865" type="nursery" />
<cycle-start id="3657" type="scavenge" contextid="0" timestamp="2020-09-12T19:26:05.954" intervalms="2027.960" />
<gc-start id="3658" type="scavenge" contextid="3657" timestamp="2020-09-12T19:26:05.955">
  <mem-info id="3659" free="829195224" total="2853371904" percent="29">
    <mem type="nursery" free="0" total="939524096" percent="0">
      <mem type="allocate" free="0" total="800391168" percent="0" />
      <mem type="survivor" free="0" total="139132928" percent="0" />
    </mem>
    <mem type="tenure" free="829195224" total="1913847808" percent="43">
      <mem type="soa" free="721413032" total="1799016448" percent="40" />
      <mem type="loa" free="107782192" total="114831360" percent="93" />
    </mem>
    <remembered-set count="195155" />
  </mem-info>
</gc-start>
<allocation-stats totalBytes="690167144" >
  <allocated-bytes non-tlh="35010504" tlh="655156640" />
  <largest-consumer threadName="Group1.Backend.CompositeBackend{Tier1}.7" threadId="0000000000842E00" bytes="86888872" />
</allocation-stats>
<gc-op id="3660" type="scavenge" timems="93.761" contextid="3657" timestamp="2020-09-12T19:26:06.049">
  <scavenger-info tenureage="3" tenuremask="7ff8" tiltratio="85" />
  <memory-copied type="nursery" objects="4085678" bytes="109401072" bytesdiscarded="184896" />
  <memory-copied type="tenure" objects="1093672" bytes="29409920" bytesdiscarded="60448" />
  <ownableSynchronizers candidates="3272" cleared="2954" />
  <references type="soft" candidates="268" cleared="0" enqueued="0" dynamicThreshold="18" maxThreshold="32" />
  <references type="weak" candidates="127" cleared="127" enqueued="0" />
</gc-op>
<gc-end id="3661" type="scavenge" contextid="3657" durationms="94.609" usertimems="701.889" systemtimems="0.000" timestamp="2020-09-12T19:26:06.049" activeThreads="8">
  <mem-info id="3662" free="1493564288" total="2853371904" percent="52">
    <mem type="nursery" free="693999304" total="939524096" percent="73">
      <mem type="allocate" free="693999304" total="803667968" percent="86" />
      <mem type="survivor" free="0" total="135856128" percent="0" />
    </mem>
    <mem type="tenure" free="799564984" total="1913847808" percent="41" macro-fragmented="0">
      <mem type="soa" free="691782792" total="1799016448" percent="38" />
      <mem type="loa" free="107782192" total="114831360" percent="93" />
    </mem>
    <remembered-set count="32124" />
  </mem-info>
</gc-end>
<cycle-end id="3663" type="scavenge" contextid="3657" timestamp="2020-09-12T19:26:06.050" />
<allocation-satisfied id="3664" threadId="000000000077E000" bytesRequested="16" />
<af-end id="3665" timestamp="2020-09-12T19:26:06.050" threadId="000000000077E980" success="true" from="nursery"/>
<exclusive-end id="3666" timestamp="2020-09-12T19:26:06.050" durationms="96.850" />

<exclusive-start id="3667" timestamp="2020-09-12T19:26:08.177" intervalms="2223.763">
  <response-info timems="1.472" idlems="1.472" threads="0" lastid="0000000000A6CD00" lastname="Group1.Backend.CompositeBackend{Tier3}.3" />
</exclusive-start>
<af-start id="3668" threadId="0000000000A6D680" totalBytesRequested="1032" timestamp="2020-09-12T19:26:08.178" intervalms="2223.435" type="nursery" />
<cycle-start id="3669" type="scavenge" contextid="0" timestamp="2020-09-12T19:26:08.178" intervalms="2223.341" />
<gc-start id="3670" type="scavenge" contextid="3669" timestamp="2020-09-12T19:26:08.178">
  <mem-info id="3671" free="799564984" total="2853371904" percent="28">
    <mem type="nursery" free="0" total="939524096" percent="0">
      <mem type="allocate" free="0" total="803667968" percent="0" />
      <mem type="survivor" free="0" total="135856128" percent="0" />
    </mem>
    <mem type="tenure" free="799564984" total="1913847808" percent="41">
      <mem type="soa" free="691782792" total="1799016448" percent="38" />
      <mem type="loa" free="107782192" total="114831360" percent="93" />
    </mem>
    <remembered-set count="198718" />
  </mem-info>
</gc-start>
<allocation-stats totalBytes="693657320" >
  <allocated-bytes non-tlh="27829256" tlh="665828064" />
  <largest-consumer threadName="Group1.Backend.CompositeBackend{Tier1}.8" threadId="0000000000843900" bytes="90067728" />
</allocation-stats>
<gc-op id="3672" type="scavenge" timems="129.052" contextid="3669" timestamp="2020-09-12T19:26:08.308">
  <scavenger-info tenureage="3" tenuremask="7ff8" tiltratio="85" />
  <memory-copied type="nursery" objects="4149837" bytes="111309368" bytesdiscarded="241408" />
  <memory-copied type="tenure" objects="1054852" bytes="28486016" bytesdiscarded="61216" />
  <ownableSynchronizers candidates="4572" cleared="4237" />
  <references type="soft" candidates="270" cleared="0" enqueued="0" dynamicThreshold="18" maxThreshold="32" />
  <references type="weak" candidates="112" cleared="112" enqueued="0" />
</gc-op>
<gc-end id="3673" type="scavenge" contextid="3669" durationms="130.962" usertimems="894.905" systemtimems="7.890" timestamp="2020-09-12T19:26:08.309" activeThreads="8">
  <mem-info id="3674" free="1464907744" total="2853371904" percent="51">
    <mem type="nursery" free="693794816" total="939524096" percent="73">
      <mem type="allocate" free="693794816" total="805437440" percent="86" />
      <mem type="survivor" free="0" total="134086656" percent="0" />
    </mem>
    <mem type="tenure" free="771112928" total="1913847808" percent="40" macro-fragmented="0">
      <mem type="soa" free="663330736" total="1799016448" percent="36" />
      <mem type="loa" free="107782192" total="114831360" percent="93" />
    </mem>
    <remembered-set count="32202" />
  </mem-info>
</gc-end>
<cycle-end id="3675" type="scavenge" contextid="3669" timestamp="2020-09-12T19:26:08.310" />
<allocation-satisfied id="3676" threadId="0000000000A6CD00" bytesRequested="1032" />
<af-end id="3677" timestamp="2020-09-12T19:26:08.310" threadId="0000000000A6D680" success="true" from="nursery"/>
<exclusive-end id="3678" timestamp="2020-09-12T19:26:08.310" durationms="133.246" />

<exclusive-start id="3679" timestamp="2020-09-12T19:26:10.348" intervalms="2171.104">
  <response-info timems="16.860" idlems="16.860" threads="0" lastid="0000000000845300" lastname="Group1.Backend.CompositeBackend{Tier1}.3" />
</exclusive-start>
<af-start id="3680" threadId="0000000000845C80" totalBytesRequested="1032" timestamp="2020-09-12T19:26:10.349" intervalms="2171.377" type="nursery" />
<cycle-start id="3681" type="scavenge" contextid="0" timestamp="2020-09-12T19:26:10.349" intervalms="2171.409" />
<gc-start id="3682" type="scavenge" contextid="3681" timestamp="2020-09-12T19:26:10.349">
  <mem-info id="3683" free="771112928" total="2853371904" percent="27">
    <mem type="nursery" free="0" total="939524096" percent="0">
      <mem type="allocate" free="0" total="805437440" percent="0" />
      <mem type="survivor" free="0" total="134086656" percent="0" />
    </mem>
    <mem type="tenure" free="771112928" total="1913847808" percent="40">
      <mem type="soa" free="663330736" total="1799016448" percent="36" />
      <mem type="loa" free="107782192" total="114831360" percent="93" />
    </mem>
    <remembered-set count="195022" />
  </mem-info>
</gc-start>
<allocation-stats totalBytes="693465256" >
  <allocated-bytes non-tlh="32484192" tlh="660981064" />
  <largest-consumer threadName="Group1.Backend.CompositeBackend{Tier1}.2" threadId="0000000000780600" bytes="93017016" />
</allocation-stats>
<gc-op id="3684" type="scavenge" timems="107.040" contextid="3681" timestamp="2020-09-12T19:26:10.457">
  <scavenger-info tenureage="3" tenuremask="7ff8" tiltratio="85" />
  <memory-copied type="nursery" objects="4383360" bytes="116760200" bytesdiscarded="163224" />
  <memory-copied type="tenure" objects="1085833" bytes="29139384" bytesdiscarded="82568" />
  <ownableSynchronizers candidates="4501" cleared="4169" />
  <references type="soft" candidates="279" cleared="0" enqueued="0" dynamicThreshold="18" maxThreshold="32" />
  <references type="weak" candidates="118" cleared="118" enqueued="0" />
</gc-op>
<gc-end id="3685" type="scavenge" contextid="3681" durationms="107.913" usertimems="785.943" systemtimems="0.606" timestamp="2020-09-12T19:26:10.457" activeThreads="8">
  <mem-info id="3686" free="1427822232" total="2853371904" percent="50">
    <mem type="nursery" free="686205984" total="939524096" percent="73">
      <mem type="allocate" free="686205984" total="803209216" percent="85" />
      <mem type="survivor" free="0" total="136314880" percent="0" />
    </mem>
    <mem type="tenure" free="741616248" total="1913847808" percent="38" macro-fragmented="0">
      <mem type="soa" free="633834056" total="1799016448" percent="35" />
      <mem type="loa" free="107782192" total="114831360" percent="93" />
    </mem>
    <remembered-set count="28698" />
  </mem-info>
</gc-end>
<cycle-end id="3687" type="scavenge" contextid="3681" timestamp="2020-09-12T19:26:10.458" />
<allocation-satisfied id="3688" threadId="0000000000845300" bytesRequested="1032" />
<af-end id="3689" timestamp="2020-09-12T19:26:10.458" threadId="0000000000845C80" success="true" from="nursery"/>
<exclusive-end id="3690" timestamp="2020-09-12T19:26:10.458" durationms="110.089" />

</verbosegc>

