<?xml version="1.0" ?>

<verbosegc xmlns="http://www.ibm.com/j9/verbosegc" version="c1dd04cca_CMPRSS">

!@: MM_VerboseWriterFileLoggingSynchronous::openFile

!@: Before Trigger

<exclusive-start id="7316" timestamp="2020-09-12T19:36:06.240" intervalms="896.318">
  <response-info timems="0.597" idlems="0.597" threads="0" lastid="0000000000CEC600" lastname="Group1.Backend.CompositeBackend{Tier1}.8" />
</exclusive-start>
!@: handleInitialized
<initialized id="7317" timestamp="2020-09-12T19:36:06.241">
  <attribute name="gcPolicy" value="-Xgcpolicy:gencon" />
  <attribute name="maxHeapSize" value="0xe0000000" />
  <attribute name="initialHeapSize" value="0x800000" />
  <attribute name="compressedRefs" value="true" />
  <attribute name="compressedRefsDisplacement" value="0x0" />
  <attribute name="compressedRefsShift" value="0x0" />
  <attribute name="pageSize" value="0x1000" />
  <attribute name="pageType" value="not used" />
  <attribute name="requestedPageSize" value="0x1000" />
  <attribute name="requestedPageType" value="not used" />
  <attribute name="gcthreads" value="8" />
  <attribute name="packetListSplit" value="1" />
  <attribute name="cacheListSplit" value="1" />
  <attribute name="splitFreeListSplitAmount" value="1" />
  <attribute name="numaNodes" value="0" />
  <system>
    <attribute name="physicalMemory" value="16818675712" />
    <attribute name="numCPUs" value="8" />
    <attribute name="architecture" value="amd64" />
    <attribute name="os" value="Linux" />
    <attribute name="osVersion" value="4.15.0-117-generic" />
  </system>
  <vmargs>
    <vmarg name="-Xoptionsfile=/root/code/openj9-openjdk-jdk11/build/linux-x86_64-normal-server-release/jdk/lib/options.default" />
    <vmarg name="-Xlockword:mode=default,noLockword=java/lang/String,noLockword=java/util/MapEntry,noLockword=java/util/HashMap$Entry,noLockword..." />
    <vmarg name="-Xjcl:jclse29" />
    <vmarg name="-Dcom.ibm.oti.vm.bootstrap.library.path=/root/code/openj9-openjdk-jdk11/build/linux-x86_64-normal-server-release/jdk/lib/compre..." />
    <vmarg name="-Dsun.boot.library.path=/root/code/openj9-openjdk-jdk11/build/linux-x86_64-normal-server-release/jdk/lib/compressedrefs:/root/c..." />
    <vmarg name="-Djava.library.path=/root/code/openj9-openjdk-jdk11/build/linux-x86_64-normal-server-release/jdk/lib/compressedrefs:/root/code/..." />
    <vmarg name="-Djava.home=/root/code/openj9-openjdk-jdk11/build/linux-x86_64-normal-server-release/jdk" />
    <vmarg name="-Duser.dir=/root/specjbb2015" />
    <vmarg name="-verbose:gc" />
    <vmarg name="-Xmx3584M" />
    <vmarg name="-Xgc:noConcurrentMark" />
    <vmarg name="-Xtgc:parallel" />
    <vmarg name="-XX:-UseGCStartupHints" />
    <vmarg name="-Xgcpolicy:gencon" />
    <vmarg name="-Xverbosegclog:testOutput,5,100" />
    <vmarg name="-Djava.class.path=/root/specjbb2015/specjbb2015.jar" />
    <vmarg name="-Dsun.java.command=/root/specjbb2015/specjbb2015.jar -m COMPOSITE" />
    <vmarg name="-Dsun.java.launcher=SUN_STANDARD" />
    <vmarg name="-Dsun.java.launcher.pid=23170" />
  </vmargs>
</initialized>

!@: After Trigger

<af-start id="7318" threadId="0000000000CECF80" totalBytesRequested="184" timestamp="2020-09-12T19:36:06.242" intervalms="896.883" type="nursery" />
<cycle-start id="7319" type="scavenge" contextid="0" timestamp="2020-09-12T19:36:06.242" intervalms="896.802" />
<gc-start id="7320" type="scavenge" contextid="7319" timestamp="2020-09-12T19:36:06.242">
  <mem-info id="7321" free="300584432" total="3259498496" percent="9">
    <mem type="nursery" free="0" total="939524096" percent="0">
      <mem type="allocate" free="0" total="798490624" percent="0" />
      <mem type="survivor" free="0" total="141033472" percent="0" />
    </mem>
    <mem type="tenure" free="300584432" total="2319974400" percent="12">
      <mem type="soa" free="211916152" total="2180775936" percent="9" />
      <mem type="loa" free="88668280" total="139198464" percent="63" />
    </mem>
    <remembered-set count="161689" />
  </mem-info>
</gc-start>
<allocation-stats totalBytes="696835368" >
  <allocated-bytes non-tlh="9361936" tlh="687473432" />
  <largest-consumer threadName="Group1.Backend.CompositeBackend{Tier1}.1" threadId="0000000000C5AC00" bytes="88013472" />
</allocation-stats>
<gc-op id="7322" type="scavenge" timems="74.838" contextid="7319" timestamp="2020-09-12T19:36:06.317">
  <scavenger-info tenureage="7" tenuremask="7f80" tiltratio="84" />
  <memory-copied type="nursery" objects="3802316" bytes="102291248" bytesdiscarded="192152" />
  <memory-copied type="tenure" objects="405037" bytes="11002832" bytesdiscarded="3064" />
  <ownableSynchronizers candidates="15993" cleared="1675" />
  <references type="soft" candidates="12683" cleared="0" enqueued="0" dynamicThreshold="29" maxThreshold="32" />
  <references type="weak" candidates="247" cleared="80" enqueued="0" />
</gc-op>
<gc-end id="7323" type="scavenge" contextid="7319" durationms="75.846" usertimems="586.249" systemtimems="0.000" timestamp="2020-09-12T19:36:06.318" activeThreads="8">
  <mem-info id="7324" free="990652496" total="3259498496" percent="30">
    <mem type="nursery" free="700939888" total="939524096" percent="74">
      <mem type="allocate" free="700939888" total="803471360" percent="87" />
      <mem type="survivor" free="0" total="136052736" percent="0" />
    </mem>
    <mem type="tenure" free="289712608" total="2319974400" percent="12" macro-fragmented="2592282">
      <mem type="soa" free="201044328" total="2180775936" percent="9" />
      <mem type="loa" free="88668280" total="139198464" percent="63" />
    </mem>
    <remembered-set count="61905" />
  </mem-info>
</gc-end>
<cycle-end id="7325" type="scavenge" contextid="7319" timestamp="2020-09-12T19:36:06.318" />
<allocation-satisfied id="7326" threadId="0000000000CEC600" bytesRequested="184" />
<af-end id="7327" timestamp="2020-09-12T19:36:06.318" threadId="0000000000CECF80" success="true" from="nursery"/>
<exclusive-end id="7328" timestamp="2020-09-12T19:36:06.318" durationms="78.208" />

<exclusive-start id="7329" timestamp="2020-09-12T19:36:06.960" intervalms="720.051">
  <response-info timems="0.532" idlems="0.532" threads="0" lastid="0000000000A79100" lastname="Group1.Backend.CompositeBackend{Tier1}.3" />
</exclusive-start>
<af-start id="7330" threadId="0000000000A79A80" totalBytesRequested="16" timestamp="2020-09-12T19:36:06.961" intervalms="719.505" type="nursery" />
<cycle-start id="7331" type="scavenge" contextid="0" timestamp="2020-09-12T19:36:06.961" intervalms="719.478" />
<gc-start id="7332" type="scavenge" contextid="7331" timestamp="2020-09-12T19:36:06.962">
  <mem-info id="7333" free="289712608" total="3259498496" percent="8">
    <mem type="nursery" free="0" total="939524096" percent="0">
      <mem type="allocate" free="0" total="803471360" percent="0" />
      <mem type="survivor" free="0" total="136052736" percent="0" />
    </mem>
    <mem type="tenure" free="289712608" total="2319974400" percent="12">
      <mem type="soa" free="201044328" total="2180775936" percent="9" />
      <mem type="loa" free="88668280" total="139198464" percent="63" />
    </mem>
    <remembered-set count="157743" />
  </mem-info>
</gc-start>
<allocation-stats totalBytes="700400992" >
  <allocated-bytes non-tlh="17873824" tlh="682527168" />
  <largest-consumer threadName="Group1.Backend.CompositeBackend{Tier1}.5" threadId="0000000000C62400" bytes="94228184" />
</allocation-stats>
<gc-op id="7334" type="scavenge" timems="83.689" contextid="7331" timestamp="2020-09-12T19:36:07.045">
  <scavenger-info tenureage="7" tenuremask="7f80" tiltratio="85" />
  <memory-copied type="nursery" objects="4049927" bytes="108752576" bytesdiscarded="194040" />
  <memory-copied type="tenure" objects="418403" bytes="11194936" bytesdiscarded="2712" />
  <ownableSynchronizers candidates="16133" cleared="1474" />
  <references type="soft" candidates="12934" cleared="0" enqueued="0" dynamicThreshold="29" maxThreshold="32" />
  <references type="weak" candidates="246" cleared="74" enqueued="0" />
</gc-op>
<gc-end id="7335" type="scavenge" contextid="7331" durationms="84.695" usertimems="649.319" systemtimems="0.000" timestamp="2020-09-12T19:36:07.046" activeThreads="8">
  <mem-info id="7336" free="978477000" total="3259498496" percent="30">
    <mem type="nursery" free="700051688" total="939524096" percent="74">
      <mem type="allocate" free="700051688" total="809041920" percent="86" />
      <mem type="survivor" free="0" total="130482176" percent="0" />
    </mem>
    <mem type="tenure" free="278425312" total="2319974400" percent="12" macro-fragmented="0">
      <mem type="soa" free="189757032" total="2180775936" percent="8" />
      <mem type="loa" free="88668280" total="139198464" percent="63" />
    </mem>
    <remembered-set count="58970" />
  </mem-info>
</gc-end>
<cycle-end id="7337" type="scavenge" contextid="7331" timestamp="2020-09-12T19:36:07.047" />
<allocation-satisfied id="7338" threadId="0000000000A79100" bytesRequested="16" />
<af-end id="7339" timestamp="2020-09-12T19:36:07.047" threadId="0000000000A79A80" success="true" from="nursery"/>
<exclusive-end id="7340" timestamp="2020-09-12T19:36:07.047" durationms="86.355" />

<exclusive-start id="7341" timestamp="2020-09-12T19:36:07.759" intervalms="798.360">
  <response-info timems="0.269" idlems="0.269" threads="0" lastid="0000000000CF0500" lastname="Group1.Backend.CompositeBackend{Tier1}.4" />
</exclusive-start>
<af-start id="7342" threadId="0000000000CF0E80" totalBytesRequested="152" timestamp="2020-09-12T19:36:07.759" intervalms="798.305" type="nursery" />
<cycle-start id="7343" type="scavenge" contextid="0" timestamp="2020-09-12T19:36:07.760" intervalms="798.299" />
<gc-start id="7344" type="scavenge" contextid="7343" timestamp="2020-09-12T19:36:07.760">
  <mem-info id="7345" free="278425256" total="3259498496" percent="8">
    <mem type="nursery" free="0" total="939524096" percent="0">
      <mem type="allocate" free="0" total="809041920" percent="0" />
      <mem type="survivor" free="0" total="130482176" percent="0" />
    </mem>
    <mem type="tenure" free="278425256" total="2319974400" percent="12">
      <mem type="soa" free="189756976" total="2180775936" percent="8" />
      <mem type="loa" free="88668280" total="139198464" percent="63" />
    </mem>
    <remembered-set count="150946" />
  </mem-info>
</gc-start>
<allocation-stats totalBytes="699561280" >
  <allocated-bytes non-tlh="15955224" tlh="683606056" />
  <largest-consumer threadName="Group1.Backend.CompositeBackend{Tier1}.4" threadId="0000000000CF0500" bytes="98936040" />
</allocation-stats>
<gc-op id="7346" type="scavenge" timems="107.628" contextid="7343" timestamp="2020-09-12T19:36:07.868">
  <scavenger-info tenureage="7" tenuremask="7f80" tiltratio="86" />
  <memory-copied type="nursery" objects="3877235" bytes="104930240" bytesdiscarded="209224" />
  <memory-copied type="tenure" objects="416958" bytes="11200080" bytesdiscarded="4344" />
  <ownableSynchronizers candidates="15980" cleared="1206" />
  <references type="soft" candidates="13067" cleared="0" enqueued="0" dynamicThreshold="29" maxThreshold="32" />
  <references type="weak" candidates="255" cleared="90" enqueued="0" />
</gc-op>
<gc-end id="7347" type="scavenge" contextid="7343" durationms="108.568" usertimems="752.325" systemtimems="23.221" timestamp="2020-09-12T19:36:07.868" activeThreads="8">
  <mem-info id="7348" free="972914016" total="3259498496" percent="29">
    <mem type="nursery" free="705622456" total="939524096" percent="75">
      <mem type="allocate" free="705622456" total="810811392" percent="87" />
      <mem type="survivor" free="0" total="128712704" percent="0" />
    </mem>
    <mem type="tenure" free="267291560" total="2319974400" percent="11" macro-fragmented="0">
      <mem type="soa" free="178623280" total="2180775936" percent="8" />
      <mem type="loa" free="88668280" total="139198464" percent="63" />
    </mem>
    <remembered-set count="55768" />
  </mem-info>
</gc-end>
<cycle-end id="7349" type="scavenge" contextid="7343" timestamp="2020-09-12T19:36:07.869" />
<allocation-satisfied id="7350" threadId="0000000000CF0500" bytesRequested="152" />
<af-end id="7351" timestamp="2020-09-12T19:36:07.869" threadId="0000000000CF0E80" success="true" from="nursery"/>
<exclusive-end id="7352" timestamp="2020-09-12T19:36:07.869" durationms="110.420" />

<exclusive-start id="7353" timestamp="2020-09-12T19:36:08.588" intervalms="829.558">
  <response-info timems="0.701" idlems="0.464" threads="1" lastid="0000000000C62400" lastname="Group1.Backend.CompositeBackend{Tier1}.5" />
</exclusive-start>
<af-start id="7354" threadId="0000000000B37680" totalBytesRequested="488" timestamp="2020-09-12T19:36:08.589" intervalms="829.630" type="nursery" />
<cycle-start id="7355" type="scavenge" contextid="0" timestamp="2020-09-12T19:36:08.589" intervalms="829.683" />
<gc-start id="7356" type="scavenge" contextid="7355" timestamp="2020-09-12T19:36:08.590">
  <mem-info id="7357" free="267291560" total="3259498496" percent="8">
    <mem type="nursery" free="0" total="939524096" percent="0">
      <mem type="allocate" free="0" total="810811392" percent="0" />
      <mem type="survivor" free="0" total="128712704" percent="0" />
    </mem>
    <mem type="tenure" free="267291560" total="2319974400" percent="11">
      <mem type="soa" free="178623280" total="2180775936" percent="8" />
      <mem type="loa" free="88668280" total="139198464" percent="63" />
    </mem>
    <remembered-set count="149726" />
  </mem-info>
</gc-start>
<allocation-stats totalBytes="705088496" >
  <allocated-bytes non-tlh="14444168" tlh="690644328" />
  <largest-consumer threadName="Group1.Backend.CompositeBackend{Tier1}.3" threadId="0000000000A79100" bytes="109619096" />
</allocation-stats>
<gc-op id="7358" type="scavenge" timems="96.087" contextid="7355" timestamp="2020-09-12T19:36:08.686">
  <scavenger-info tenureage="7" tenuremask="7f80" tiltratio="86" />
  <memory-copied type="nursery" objects="4158724" bytes="110738616" bytesdiscarded="167472" />
  <memory-copied type="tenure" objects="455337" bytes="12250008" bytesdiscarded="3136" />
  <finalization candidates="1" enqueued="0" />
  <ownableSynchronizers candidates="16266" cleared="1273" />
  <references type="soft" candidates="13142" cleared="0" enqueued="0" dynamicThreshold="29" maxThreshold="32" />
  <references type="weak" candidates="232" cleared="81" enqueued="0" />
</gc-op>
<gc-end id="7359" type="scavenge" contextid="7355" durationms="97.027" usertimems="649.635" systemtimems="0.466" timestamp="2020-09-12T19:36:08.686" activeThreads="8">
  <mem-info id="7360" free="953340968" total="3259498496" percent="29">
    <mem type="nursery" free="698360208" total="939524096" percent="74">
      <mem type="allocate" free="698360208" total="809304064" percent="86" />
      <mem type="survivor" free="0" total="130220032" percent="0" />
    </mem>
    <mem type="tenure" free="254980760" total="2319974400" percent="10" macro-fragmented="502401">
      <mem type="soa" free="166312480" total="2180775936" percent="7" />
      <mem type="loa" free="88668280" total="139198464" percent="63" />
    </mem>
    <remembered-set count="53185" />
  </mem-info>
</gc-end>
<cycle-end id="7361" type="scavenge" contextid="7355" timestamp="2020-09-12T19:36:08.687" />
<allocation-satisfied id="7362" threadId="0000000000B36D00" bytesRequested="488" />
<af-end id="7363" timestamp="2020-09-12T19:36:08.687" threadId="0000000000B37680" success="true" from="nursery"/>
<exclusive-end id="7364" timestamp="2020-09-12T19:36:08.687" durationms="98.792" />

<exclusive-start id="7365" timestamp="2020-09-12T19:36:09.458" intervalms="869.545">
  <response-info timems="0.439" idlems="0.184" threads="2" lastid="0000000000C62400" lastname="Group1.Backend.CompositeBackend{Tier1}.5" />
</exclusive-start>
<af-start id="7366" threadId="00000000008C5780" totalBytesRequested="192" timestamp="2020-09-12T19:36:09.458" intervalms="869.395" type="nursery" />
<cycle-start id="7367" type="scavenge" contextid="0" timestamp="2020-09-12T19:36:09.459" intervalms="869.336" />
<gc-start id="7368" type="scavenge" contextid="7367" timestamp="2020-09-12T19:36:09.459">
  <mem-info id="7369" free="254980760" total="3259498496" percent="7">
    <mem type="nursery" free="0" total="939524096" percent="0">
      <mem type="allocate" free="0" total="809304064" percent="0" />
      <mem type="survivor" free="0" total="130220032" percent="0" />
    </mem>
    <mem type="tenure" free="254980760" total="2319974400" percent="10">
      <mem type="soa" free="166312480" total="2180775936" percent="7" />
      <mem type="loa" free="88668280" total="139198464" percent="63" />
    </mem>
    <remembered-set count="150725" />
  </mem-info>
</gc-start>
<allocation-stats totalBytes="697812784" >
  <allocated-bytes non-tlh="7373952" tlh="690438832" />
  <largest-consumer threadName="Group1.Backend.CompositeBackend{Tier1}.4" threadId="0000000000CF0500" bytes="90719184" />
</allocation-stats>
<gc-op id="7370" type="scavenge" timems="82.423" contextid="7367" timestamp="2020-09-12T19:36:09.541">
  <scavenger-info tenureage="7" tenuremask="7f80" tiltratio="86" />
  <memory-copied type="nursery" objects="3873237" bytes="104333872" bytesdiscarded="282000" />
  <memory-copied type="tenure" objects="474781" bytes="12798056" bytesdiscarded="5016" />
  <finalization candidates="1" enqueued="0" />
  <ownableSynchronizers candidates="17054" cleared="1876" />
  <references type="soft" candidates="13231" cleared="0" enqueued="0" dynamicThreshold="29" maxThreshold="32" />
  <references type="weak" candidates="232" cleared="79" enqueued="0" />
</gc-op>
<gc-end id="7371" type="scavenge" contextid="7367" durationms="83.574" usertimems="520.079" systemtimems="0.000" timestamp="2020-09-12T19:36:09.542" activeThreads="8">
  <mem-info id="7372" free="948154656" total="3259498496" percent="29">
    <mem type="nursery" free="705889176" total="939524096" percent="75">
      <mem type="allocate" free="705889176" total="810549248" percent="87" />
      <mem type="survivor" free="0" total="128974848" percent="0" />
    </mem>
    <mem type="tenure" free="242265480" total="2319974400" percent="10" macro-fragmented="0">
      <mem type="soa" free="153597200" total="2180775936" percent="7" />
      <mem type="loa" free="88668280" total="139198464" percent="63" />
    </mem>
    <remembered-set count="51767" />
  </mem-info>
</gc-end>
<cycle-end id="7373" type="scavenge" contextid="7367" timestamp="2020-09-12T19:36:09.543" />
<allocation-satisfied id="7374" threadId="00000000008C4E00" bytesRequested="192" />
<af-end id="7375" timestamp="2020-09-12T19:36:09.543" threadId="00000000008C5780" success="true" from="nursery"/>
<exclusive-end id="7376" timestamp="2020-09-12T19:36:09.543" durationms="85.210" />

<exclusive-start id="7377" timestamp="2020-09-12T19:36:10.276" intervalms="818.540">
  <response-info timems="0.456" idlems="0.456" threads="0" lastid="00000000009CBF00" lastname="Group1.Backend.CompositeBackend{Tier1}.2" />
</exclusive-start>
<af-start id="7378" threadId="00000000009CC880" totalBytesRequested="192" timestamp="2020-09-12T19:36:10.277" intervalms="818.638" type="nursery" />
<cycle-start id="7379" type="scavenge" contextid="0" timestamp="2020-09-12T19:36:10.277" intervalms="818.791" />
<gc-start id="7380" type="scavenge" contextid="7379" timestamp="2020-09-12T19:36:10.278">
  <mem-info id="7381" free="242265408" total="3259498496" percent="7">
    <mem type="nursery" free="0" total="939524096" percent="0">
      <mem type="allocate" free="0" total="810549248" percent="0" />
      <mem type="survivor" free="0" total="128974848" percent="0" />
    </mem>
    <mem type="tenure" free="242265408" total="2319974400" percent="10">
      <mem type="soa" free="153597128" total="2180775936" percent="7" />
      <mem type="loa" free="88668280" total="139198464" percent="63" />
    </mem>
    <remembered-set count="146702" />
  </mem-info>
</gc-start>
<allocation-stats totalBytes="705340104" >
  <allocated-bytes non-tlh="5879760" tlh="699460344" />
  <largest-consumer threadName="Group1.Backend.CompositeBackend{Tier1}.2" threadId="00000000009CBF00" bytes="92102000" />
</allocation-stats>
<gc-op id="7382" type="scavenge" timems="70.811" contextid="7379" timestamp="2020-09-12T19:36:10.349">
  <scavenger-info tenureage="7" tenuremask="7f80" tiltratio="86" />
  <memory-copied type="nursery" objects="4004166" bytes="107659288" bytesdiscarded="132680" />
  <memory-copied type="tenure" objects="443665" bytes="11876272" bytesdiscarded="4064" />
  <finalization candidates="1" enqueued="0" />
  <ownableSynchronizers candidates="16746" cleared="1541" />
  <references type="soft" candidates="13391" cleared="0" enqueued="0" dynamicThreshold="29" maxThreshold="32" />
  <references type="weak" candidates="216" cleared="70" enqueued="0" />
</gc-op>
<gc-end id="7383" type="scavenge" contextid="7379" durationms="71.771" usertimems="543.131" systemtimems="0.000" timestamp="2020-09-12T19:36:10.349" activeThreads="8">
  <mem-info id="7384" free="934056696" total="3259498496" percent="28">
    <mem type="nursery" free="703631808" total="939524096" percent="74">
      <mem type="allocate" free="703631808" total="811466752" percent="86" />
      <mem type="survivor" free="0" total="128057344" percent="0" />
    </mem>
    <mem type="tenure" free="230424888" total="2319974400" percent="9" macro-fragmented="0">
      <mem type="soa" free="141756608" total="2180775936" percent="6" />
      <mem type="loa" free="88668280" total="139198464" percent="63" />
    </mem>
    <remembered-set count="48543" />
  </mem-info>
</gc-end>
<cycle-end id="7385" type="scavenge" contextid="7379" timestamp="2020-09-12T19:36:10.350" />
<allocation-satisfied id="7386" threadId="00000000009CBF00" bytesRequested="192" />
<af-end id="7387" timestamp="2020-09-12T19:36:10.350" threadId="00000000009CC880" success="true" from="nursery"/>
<exclusive-end id="7388" timestamp="2020-09-12T19:36:10.350" durationms="73.580" />

<exclusive-start id="7389" timestamp="2020-09-12T19:36:11.125" intervalms="848.950">
  <response-info timems="0.457" idlems="0.457" threads="0" lastid="0000000000CEC600" lastname="Group1.Backend.CompositeBackend{Tier1}.8" />
</exclusive-start>
<af-start id="7390" threadId="0000000000CECF80" totalBytesRequested="784" timestamp="2020-09-12T19:36:11.126" intervalms="848.885" type="nursery" />
<cycle-start id="7391" type="scavenge" contextid="0" timestamp="2020-09-12T19:36:11.126" intervalms="848.741" />
<gc-start id="7392" type="scavenge" contextid="7391" timestamp="2020-09-12T19:36:11.126">
  <mem-info id="7393" free="230424888" total="3259498496" percent="7">
    <mem type="nursery" free="0" total="939524096" percent="0">
      <mem type="allocate" free="0" total="811466752" percent="0" />
      <mem type="survivor" free="0" total="128057344" percent="0" />
    </mem>
    <mem type="tenure" free="230424888" total="2319974400" percent="9">
      <mem type="soa" free="141756608" total="2180775936" percent="6" />
      <mem type="loa" free="88668280" total="139198464" percent="63" />
    </mem>
    <remembered-set count="141122" />
  </mem-info>
</gc-start>
<allocation-stats totalBytes="703093848" >
  <allocated-bytes non-tlh="16176688" tlh="686917160" />
  <largest-consumer threadName="Group1.Backend.CompositeBackend{Tier1}.2" threadId="00000000009CBF00" bytes="87825840" />
</allocation-stats>
<gc-op id="7394" type="scavenge" timems="95.697" contextid="7391" timestamp="2020-09-12T19:36:11.222">
  <scavenger-info tenureage="7" tenuremask="7f80" tiltratio="86" />
  <memory-copied type="nursery" objects="4340738" bytes="115447152" bytesdiscarded="131512" />
  <memory-copied type="tenure" objects="482337" bytes="13013472" bytesdiscarded="5536" />
  <finalization candidates="1" enqueued="0" />
  <ownableSynchronizers candidates="16707" cleared="1407" />
  <references type="soft" candidates="13313" cleared="0" enqueued="0" dynamicThreshold="29" maxThreshold="32" />
  <references type="weak" candidates="184" cleared="79" enqueued="0" />
</gc-op>
<gc-end id="7395" type="scavenge" contextid="7391" durationms="96.596" usertimems="688.750" systemtimems="0.000" timestamp="2020-09-12T19:36:11.223" activeThreads="8">
  <mem-info id="7396" free="905164504" total="3259498496" percent="27">
    <mem type="nursery" free="687846304" total="939524096" percent="73">
      <mem type="allocate" free="687846304" total="803471360" percent="85" />
      <mem type="survivor" free="0" total="136052736" percent="0" />
    </mem>
    <mem type="tenure" free="217318200" total="2319974400" percent="9" macro-fragmented="0">
      <mem type="soa" free="128649920" total="2180775936" percent="5" />
      <mem type="loa" free="88668280" total="139198464" percent="63" />
    </mem>
    <remembered-set count="46876" />
  </mem-info>
</gc-end>
<cycle-end id="7397" type="scavenge" contextid="7391" timestamp="2020-09-12T19:36:11.223" />
<allocation-satisfied id="7398" threadId="0000000000CEC600" bytesRequested="784" />
<af-end id="7399" timestamp="2020-09-12T19:36:11.223" threadId="0000000000CECF80" success="true" from="nursery"/>
<exclusive-end id="7400" timestamp="2020-09-12T19:36:11.223" durationms="98.193" />

<exclusive-start id="7401" timestamp="2020-09-12T19:36:11.798" intervalms="672.658">
  <response-info timems="0.938" idlems="0.484" threads="1" lastid="0000000000CEC600" lastname="Group1.Backend.CompositeBackend{Tier1}.8" />
</exclusive-start>
<af-start id="7402" threadId="00000000009CC880" totalBytesRequested="96" timestamp="2020-09-12T19:36:11.799" intervalms="672.704" type="nursery" />
<cycle-start id="7403" type="scavenge" contextid="0" timestamp="2020-09-12T19:36:11.799" intervalms="672.712" />
<gc-start id="7404" type="scavenge" contextid="7403" timestamp="2020-09-12T19:36:11.799">
  <mem-info id="7405" free="217318200" total="3259498496" percent="6">
    <mem type="nursery" free="0" total="939524096" percent="0">
      <mem type="allocate" free="0" total="803471360" percent="0" />
      <mem type="survivor" free="0" total="136052736" percent="0" />
    </mem>
    <mem type="tenure" free="217318200" total="2319974400" percent="9">
      <mem type="soa" free="128649920" total="2180775936" percent="5" />
      <mem type="loa" free="88668280" total="139198464" percent="63" />
    </mem>
    <remembered-set count="130894" />
  </mem-info>
</gc-start>
<allocation-stats totalBytes="687326864" >
  <allocated-bytes non-tlh="15650648" tlh="671676216" />
  <largest-consumer threadName="Group1.Backend.CompositeBackend{Tier1}.2" threadId="00000000009CBF00" bytes="97755880" />
</allocation-stats>
<gc-op id="7406" type="scavenge" timems="88.702" contextid="7403" timestamp="2020-09-12T19:36:11.888">
  <scavenger-info tenureage="7" tenuremask="7f80" tiltratio="85" />
  <memory-copied type="nursery" objects="3963719" bytes="106628568" bytesdiscarded="278488" />
  <memory-copied type="tenure" objects="477792" bytes="12849384" bytesdiscarded="6304" />
  <finalization candidates="1" enqueued="0" />
  <ownableSynchronizers candidates="16281" cleared="1273" />
  <references type="soft" candidates="13086" cleared="0" enqueued="0" dynamicThreshold="29" maxThreshold="32" />
  <references type="weak" candidates="177" cleared="80" enqueued="0" />
</gc-op>
<gc-end id="7407" type="scavenge" contextid="7403" durationms="89.612" usertimems="670.058" systemtimems="4.455" timestamp="2020-09-12T19:36:11.889" activeThreads="8">
  <mem-info id="7408" free="902217232" total="3259498496" percent="27">
    <mem type="nursery" free="697826776" total="939524096" percent="74">
      <mem type="allocate" free="697826776" total="804782080" percent="86" />
      <mem type="survivor" free="0" total="134742016" percent="0" />
    </mem>
    <mem type="tenure" free="204390456" total="2319974400" percent="8" macro-fragmented="0">
      <mem type="soa" free="115722176" total="2180775936" percent="5" />
      <mem type="loa" free="88668280" total="139198464" percent="63" />
    </mem>
    <remembered-set count="44306" />
  </mem-info>
</gc-end>
<cycle-end id="7409" type="scavenge" contextid="7403" timestamp="2020-09-12T19:36:11.889" />
<allocation-satisfied id="7410" threadId="00000000009CBF00" bytesRequested="96" />
<af-end id="7411" timestamp="2020-09-12T19:36:11.889" threadId="00000000009CC880" success="true" from="nursery"/>
<exclusive-end id="7412" timestamp="2020-09-12T19:36:11.889" durationms="91.276" />

<exclusive-start id="7413" timestamp="2020-09-12T19:36:12.601" intervalms="802.632">
  <response-info timems="0.464" idlems="0.464" threads="0" lastid="00000000009CBF00" lastname="Group1.Backend.CompositeBackend{Tier1}.2" />
</exclusive-start>
<af-start id="7414" threadId="00000000009CC880" totalBytesRequested="16" timestamp="2020-09-12T19:36:12.601" intervalms="802.591" type="nursery" />
<cycle-start id="7415" type="scavenge" contextid="0" timestamp="2020-09-12T19:36:12.601" intervalms="802.590" />
<gc-start id="7416" type="scavenge" contextid="7415" timestamp="2020-09-12T19:36:12.602">
  <mem-info id="7417" free="204390456" total="3259498496" percent="6">
    <mem type="nursery" free="0" total="939524096" percent="0">
      <mem type="allocate" free="0" total="804782080" percent="0" />
      <mem type="survivor" free="0" total="134742016" percent="0" />
    </mem>
    <mem type="tenure" free="204390456" total="2319974400" percent="8">
      <mem type="soa" free="115722176" total="2180775936" percent="5" />
      <mem type="loa" free="88668280" total="139198464" percent="63" />
    </mem>
    <remembered-set count="133438" />
  </mem-info>
</gc-start>
<allocation-stats totalBytes="697259768" >
  <allocated-bytes non-tlh="12793768" tlh="684466000" />
  <largest-consumer threadName="Group1.Backend.CompositeBackend{Tier1}.5" threadId="0000000000C62400" bytes="102625120" />
</allocation-stats>
<gc-op id="7418" type="scavenge" timems="80.258" contextid="7415" timestamp="2020-09-12T19:36:12.682">
  <scavenger-info tenureage="7" tenuremask="7f80" tiltratio="85" />
  <memory-copied type="nursery" objects="3794208" bytes="102621496" bytesdiscarded="220272" />
  <memory-copied type="tenure" objects="485706" bytes="13039088" bytesdiscarded="5816" />
  <finalization candidates="1" enqueued="0" />
  <ownableSynchronizers candidates="15683" cleared="804" />
  <references type="soft" candidates="12929" cleared="0" enqueued="0" dynamicThreshold="29" maxThreshold="32" />
  <references type="weak" candidates="180" cleared="89" enqueued="0" />
</gc-op>
<gc-end id="7419" type="scavenge" contextid="7415" durationms="81.147" usertimems="604.430" systemtimems="0.000" timestamp="2020-09-12T19:36:12.683" activeThreads="8">
  <mem-info id="7420" free="896378888" total="3259498496" percent="27">
    <mem type="nursery" free="704976080" total="939524096" percent="75">
      <mem type="allocate" free="704976080" total="807862272" percent="87" />
      <mem type="survivor" free="0" total="131661824" percent="0" />
    </mem>
    <mem type="tenure" free="191402808" total="2319974400" percent="8" macro-fragmented="0">
      <mem type="soa" free="102734528" total="2180775936" percent="4" />
      <mem type="loa" free="88668280" total="139198464" percent="63" />
    </mem>
    <remembered-set count="41408" />
  </mem-info>
</gc-end>
<cycle-end id="7421" type="scavenge" contextid="7415" timestamp="2020-09-12T19:36:12.683" />
<allocation-satisfied id="7422" threadId="00000000009CBF00" bytesRequested="16" />
<af-end id="7423" timestamp="2020-09-12T19:36:12.683" threadId="00000000009CC880" success="true" from="nursery"/>
<exclusive-end id="7424" timestamp="2020-09-12T19:36:12.683" durationms="82.719" />

<exclusive-start id="7425" timestamp="2020-09-12T19:36:13.393" intervalms="792.008">
  <response-info timems="0.578" idlems="0.578" threads="0" lastid="0000000000CEC600" lastname="Group1.Backend.CompositeBackend{Tier1}.8" />
</exclusive-start>
<af-start id="7426" threadId="0000000000CECF80" totalBytesRequested="1032" timestamp="2020-09-12T19:36:13.393" intervalms="792.079" type="nursery" />
<cycle-start id="7427" type="scavenge" contextid="0" timestamp="2020-09-12T19:36:13.394" intervalms="792.080" />
<gc-start id="7428" type="scavenge" contextid="7427" timestamp="2020-09-12T19:36:13.394">
  <mem-info id="7429" free="191402808" total="3259498496" percent="5">
    <mem type="nursery" free="0" total="939524096" percent="0">
      <mem type="allocate" free="0" total="807862272" percent="0" />
      <mem type="survivor" free="0" total="131661824" percent="0" />
    </mem>
    <mem type="tenure" free="191402808" total="2319974400" percent="8">
      <mem type="soa" free="102734528" total="2180775936" percent="4" />
      <mem type="loa" free="88668280" total="139198464" percent="63" />
    </mem>
    <remembered-set count="132661" />
  </mem-info>
</gc-start>
<allocation-stats totalBytes="704404520" >
  <allocated-bytes non-tlh="14144880" tlh="690259640" />
  <largest-consumer threadName="Group1.Backend.CompositeBackend{Tier1}.8" threadId="0000000000CEC600" bytes="97067928" />
</allocation-stats>
<gc-op id="7430" type="scavenge" timems="88.434" contextid="7427" timestamp="2020-09-12T19:36:13.482">
  <scavenger-info tenureage="7" tenuremask="7f80" tiltratio="85" />
  <memory-copied type="nursery" objects="3779258" bytes="102106808" bytesdiscarded="202656" />
  <memory-copied type="tenure" objects="465457" bytes="12766824" bytesdiscarded="4672" />
  <finalization candidates="1" enqueued="0" />
  <ownableSynchronizers candidates="16060" cleared="1273" />
  <references type="soft" candidates="12957" cleared="0" enqueued="0" dynamicThreshold="29" maxThreshold="32" />
  <references type="weak" candidates="158" cleared="84" enqueued="0" />
</gc-op>
<gc-end id="7431" type="scavenge" contextid="7427" durationms="89.776" usertimems="629.924" systemtimems="0.000" timestamp="2020-09-12T19:36:13.483" activeThreads="8">
  <mem-info id="7432" free="887488256" total="3259498496" percent="27">
    <mem type="nursery" free="708858584" total="939524096" percent="75">
      <mem type="allocate" free="708858584" total="811204608" percent="87" />
      <mem type="survivor" free="0" total="128319488" percent="0" />
    </mem>
    <mem type="tenure" free="178629672" total="2319974400" percent="7" macro-fragmented="97368">
      <mem type="soa" free="89961392" total="2180775936" percent="4" />
      <mem type="loa" free="88668280" total="139198464" percent="63" />
    </mem>
    <remembered-set count="40625" />
  </mem-info>
</gc-end>
<cycle-end id="7433" type="scavenge" contextid="7427" timestamp="2020-09-12T19:36:13.486" />
<allocation-satisfied id="7434" threadId="0000000000CEC600" bytesRequested="1032" />
<af-end id="7435" timestamp="2020-09-12T19:36:13.486" threadId="0000000000CECF80" success="true" from="nursery"/>
<exclusive-end id="7436" timestamp="2020-09-12T19:36:13.486" durationms="93.138" />

<exclusive-start id="7437" timestamp="2020-09-12T19:36:14.231" intervalms="838.621">
  <response-info timems="0.408" idlems="0.408" threads="0" lastid="0000000000C62400" lastname="Group1.Backend.CompositeBackend{Tier1}.5" />
</exclusive-start>
<af-start id="7438" threadId="0000000000C62D80" totalBytesRequested="256" timestamp="2020-09-12T19:36:14.232" intervalms="838.680" type="nursery" />
<cycle-start id="7439" type="scavenge" contextid="0" timestamp="2020-09-12T19:36:14.232" intervalms="838.705" />
<gc-start id="7440" type="scavenge" contextid="7439" timestamp="2020-09-12T19:36:14.233">
  <mem-info id="7441" free="178629672" total="3259498496" percent="5">
    <mem type="nursery" free="0" total="939524096" percent="0">
      <mem type="allocate" free="0" total="811204608" percent="0" />
      <mem type="survivor" free="0" total="128319488" percent="0" />
    </mem>
    <mem type="tenure" free="178629672" total="2319974400" percent="7">
      <mem type="soa" free="89961392" total="2180775936" percent="4" />
      <mem type="loa" free="88668280" total="139198464" percent="63" />
    </mem>
    <remembered-set count="135527" />
  </mem-info>
</gc-start>
<allocation-stats totalBytes="708320496" >
  <allocated-bytes non-tlh="5743224" tlh="702577272" />
  <largest-consumer threadName="Group1.Backend.CompositeBackend{Tier1}.5" threadId="0000000000C62400" bytes="105327528" />
</allocation-stats>
<gc-op id="7442" type="scavenge" timems="68.083" contextid="7439" timestamp="2020-09-12T19:36:14.301">
  <scavenger-info tenureage="7" tenuremask="7f80" tiltratio="86" />
  <memory-copied type="nursery" objects="3909264" bytes="104642320" bytesdiscarded="127552" />
  <memory-copied type="tenure" objects="477015" bytes="12790992" bytesdiscarded="4360" />
  <finalization candidates="1" enqueued="0" />
  <ownableSynchronizers candidates="16130" cleared="1206" />
  <references type="soft" candidates="13021" cleared="0" enqueued="0" dynamicThreshold="29" maxThreshold="32" />
  <references type="weak" candidates="131" cleared="74" enqueued="0" />
</gc-op>
<gc-end id="7443" type="scavenge" contextid="7439" durationms="69.084" usertimems="532.274" systemtimems="0.913" timestamp="2020-09-12T19:36:14.302" activeThreads="8">
  <mem-info id="7444" free="873670680" total="3259498496" percent="26">
    <mem type="nursery" free="708021744" total="939524096" percent="75">
      <mem type="allocate" free="708021744" total="812843008" percent="87" />
      <mem type="survivor" free="0" total="126681088" percent="0" />
    </mem>
    <mem type="tenure" free="165648936" total="2319974400" percent="7" macro-fragmented="0">
      <mem type="soa" free="76980656" total="2180775936" percent="3" />
      <mem type="loa" free="88668280" total="139198464" percent="63" />
    </mem>
    <remembered-set count="38203" />
  </mem-info>
</gc-end>
<cycle-end id="7445" type="scavenge" contextid="7439" timestamp="2020-09-12T19:36:14.303" />
<allocation-satisfied id="7446" threadId="0000000000C62400" bytesRequested="256" />
<af-end id="7447" timestamp="2020-09-12T19:36:14.303" threadId="0000000000C62D80" success="true" from="nursery"/>
<exclusive-end id="7448" timestamp="2020-09-12T19:36:14.303" durationms="72.138" />

<exclusive-start id="7449" timestamp="2020-09-12T19:36:14.993" intervalms="761.286">
  <response-info timems="1.116" idlems="1.116" threads="0" lastid="0000000000A79100" lastname="Group1.Backend.CompositeBackend{Tier1}.3" />
</exclusive-start>
<af-start id="7450" threadId="0000000000A79A80" totalBytesRequested="56" timestamp="2020-09-12T19:36:14.993" intervalms="761.212" type="nursery" />
<cycle-start id="7451" type="scavenge" contextid="0" timestamp="2020-09-12T19:36:14.993" intervalms="761.177" />
<gc-start id="7452" type="scavenge" contextid="7451" timestamp="2020-09-12T19:36:14.994">
  <mem-info id="7453" free="165648936" total="3259498496" percent="5">
    <mem type="nursery" free="0" total="939524096" percent="0">
      <mem type="allocate" free="0" total="812843008" percent="0" />
      <mem type="survivor" free="0" total="126681088" percent="0" />
    </mem>
    <mem type="tenure" free="165648936" total="2319974400" percent="7">
      <mem type="soa" free="76980656" total="2180775936" percent="3" />
      <mem type="loa" free="88668280" total="139198464" percent="63" />
    </mem>
    <remembered-set count="127295" />
  </mem-info>
</gc-start>
<allocation-stats totalBytes="707474864" >
  <allocated-bytes non-tlh="19013456" tlh="688461408" />
  <largest-consumer threadName="Group1.Backend.CompositeBackend{Tier1}.6" threadId="0000000000B49A00" bytes="90351704" />
</allocation-stats>
<gc-op id="7454" type="scavenge" timems="82.921" contextid="7451" timestamp="2020-09-12T19:36:15.077">
  <scavenger-info tenureage="7" tenuremask="7f80" tiltratio="86" />
  <memory-copied type="nursery" objects="3795651" bytes="101927584" bytesdiscarded="232416" />
  <memory-copied type="tenure" objects="489923" bytes="13137848" bytesdiscarded="2776" />
  <ownableSynchronizers candidates="15465" cleared="670" />
  <references type="soft" candidates="12793" cleared="0" enqueued="0" dynamicThreshold="29" maxThreshold="32" />
  <references type="weak" candidates="155" cleared="99" enqueued="0" />
</gc-op>
<gc-end id="7455" type="scavenge" contextid="7451" durationms="83.877" usertimems="590.331" systemtimems="0.000" timestamp="2020-09-12T19:36:15.077" activeThreads="8">
  <mem-info id="7456" free="865164824" total="3259498496" percent="26">
    <mem type="nursery" free="712542704" total="939524096" percent="75">
      <mem type="allocate" free="712542704" total="814743552" percent="87" />
      <mem type="survivor" free="0" total="124780544" percent="0" />
    </mem>
    <mem type="tenure" free="152622120" total="2319974400" percent="6" macro-fragmented="0">
      <mem type="soa" free="63953840" total="2180775936" percent="2" />
      <mem type="loa" free="88668280" total="139198464" percent="63" />
    </mem>
    <remembered-set count="37344" />
  </mem-info>
</gc-end>
<cycle-end id="7457" type="scavenge" contextid="7451" timestamp="2020-09-12T19:36:15.078" />
<allocation-satisfied id="7458" threadId="0000000000A79100" bytesRequested="56" />
<af-end id="7459" timestamp="2020-09-12T19:36:15.078" threadId="0000000000A79A80" success="true" from="nursery"/>
<exclusive-end id="7460" timestamp="2020-09-12T19:36:15.078" durationms="85.666" />

<exclusive-start id="7461" timestamp="2020-09-12T19:36:15.863" intervalms="870.590">
  <response-info timems="0.442" idlems="0.442" threads="0" lastid="0000000000CEC600" lastname="Group1.Backend.CompositeBackend{Tier1}.8" />
</exclusive-start>
<af-start id="7462" threadId="0000000000CECF80" totalBytesRequested="267344" timestamp="2020-09-12T19:36:15.864" intervalms="870.496" type="nursery" />
<cycle-start id="7463" type="scavenge" contextid="0" timestamp="2020-09-12T19:36:15.864" intervalms="870.507" />
<gc-start id="7464" type="scavenge" contextid="7463" timestamp="2020-09-12T19:36:15.864">
  <mem-info id="7465" free="152622120" total="3259498496" percent="4">
    <mem type="nursery" free="0" total="939524096" percent="0">
      <mem type="allocate" free="0" total="814743552" percent="0" />
      <mem type="survivor" free="0" total="124780544" percent="0" />
    </mem>
    <mem type="tenure" free="152622120" total="2319974400" percent="6">
      <mem type="soa" free="63953840" total="2180775936" percent="2" />
      <mem type="loa" free="88668280" total="139198464" percent="63" />
    </mem>
    <remembered-set count="134310" />
  </mem-info>
</gc-start>
<allocation-stats totalBytes="712022640" >
  <allocated-bytes non-tlh="9764272" tlh="702258368" />
  <largest-consumer threadName="Group1.Backend.CompositeBackend{Tier1}.8" threadId="0000000000CEC600" bytes="87737240" />
</allocation-stats>
<gc-op id="7466" type="scavenge" timems="89.926" contextid="7463" timestamp="2020-09-12T19:36:15.954">
  <scavenger-info tenureage="7" tenuremask="7f80" tiltratio="86" />
  <memory-copied type="nursery" objects="4026816" bytes="107169688" bytesdiscarded="194752" />
  <memory-copied type="tenure" objects="483908" bytes="12997232" bytesdiscarded="6256" />
  <ownableSynchronizers candidates="16274" cleared="1474" />
  <references type="soft" candidates="12865" cleared="0" enqueued="0" dynamicThreshold="29" maxThreshold="32" />
  <references type="weak" candidates="113" cleared="65" enqueued="0" />
</gc-op>
<gc-end id="7467" type="scavenge" contextid="7463" durationms="91.142" usertimems="663.021" systemtimems="0.000" timestamp="2020-09-12T19:36:15.955" activeThreads="8">
  <mem-info id="7468" free="846004472" total="3259498496" percent="25">
    <mem type="nursery" free="706407632" total="939524096" percent="75">
      <mem type="allocate" free="706407632" total="813826048" percent="86" />
      <mem type="survivor" free="0" total="125698048" percent="0" />
    </mem>
    <mem type="tenure" free="139596840" total="2319974400" percent="6" macro-fragmented="0">
      <mem type="soa" free="50928560" total="2180775936" percent="2" />
      <mem type="loa" free="88668280" total="139198464" percent="63" />
    </mem>
    <remembered-set count="37983" />
  </mem-info>
</gc-end>
<cycle-end id="7469" type="scavenge" contextid="7463" timestamp="2020-09-12T19:36:15.956" />
<allocation-satisfied id="7470" threadId="0000000000CEC600" bytesRequested="267344" />
<af-end id="7471" timestamp="2020-09-12T19:36:15.956" threadId="0000000000CECF80" success="true" from="nursery"/>
<exclusive-end id="7472" timestamp="2020-09-12T19:36:15.956" durationms="92.846" />

<exclusive-start id="7473" timestamp="2020-09-12T19:36:16.648" intervalms="785.339">
  <response-info timems="0.411" idlems="0.404" threads="1" lastid="0000000000C5E800" lastname="Group1.Backend.CompositeBackend{Tier1}.7" />
</exclusive-start>
<af-start id="7474" threadId="0000000000C62D80" totalBytesRequested="16" timestamp="2020-09-12T19:36:16.649" intervalms="785.454" type="nursery" />
<cycle-start id="7475" type="scavenge" contextid="0" timestamp="2020-09-12T19:36:16.649" intervalms="785.484" />
<gc-start id="7476" type="scavenge" contextid="7475" timestamp="2020-09-12T19:36:16.650">
  <mem-info id="7477" free="139596840" total="3259498496" percent="4">
    <mem type="nursery" free="0" total="939524096" percent="0">
      <mem type="allocate" free="0" total="813826048" percent="0" />
      <mem type="survivor" free="0" total="125698048" percent="0" />
    </mem>
    <mem type="tenure" free="139596840" total="2319974400" percent="6">
      <mem type="soa" free="50928560" total="2180775936" percent="2" />
      <mem type="loa" free="88668280" total="139198464" percent="63" />
    </mem>
    <remembered-set count="128388" />
  </mem-info>
</gc-start>
<allocation-stats totalBytes="705863392" >
  <allocated-bytes non-tlh="14037968" tlh="691825424" />
  <largest-consumer threadName="Group1.Backend.CompositeBackend{Tier1}.1" threadId="0000000000C5AC00" bytes="106677792" />
</allocation-stats>
<gc-op id="7478" type="scavenge" timems="82.859" contextid="7475" timestamp="2020-09-12T19:36:16.733">
  <scavenger-info tenureage="7" tenuremask="7f80" tiltratio="86" />
  <memory-copied type="nursery" objects="3783028" bytes="101979360" bytesdiscarded="163632" />
  <memory-copied type="tenure" objects="473604" bytes="12662544" bytesdiscarded="3376" />
  <ownableSynchronizers candidates="15541" cleared="871" />
  <references type="soft" candidates="12811" cleared="0" enqueued="0" dynamicThreshold="29" maxThreshold="32" />
  <references type="weak" candidates="138" cleared="90" enqueued="0" />
</gc-op>
<gc-end id="7479" type="scavenge" contextid="7475" durationms="84.029" usertimems="603.234" systemtimems="0.172" timestamp="2020-09-12T19:36:16.734" activeThreads="8">
  <mem-info id="7480" free="839622936" total="3259498496" percent="25">
    <mem type="nursery" free="712751088" total="939524096" percent="75">
      <mem type="allocate" free="712751088" total="814940160" percent="87" />
      <mem type="survivor" free="0" total="124583936" percent="0" />
    </mem>
    <mem type="tenure" free="126871848" total="2319974400" percent="5" macro-fragmented="0">
      <mem type="soa" free="38203568" total="2180775936" percent="1" />
      <mem type="loa" free="88668280" total="139198464" percent="63" />
    </mem>
    <remembered-set count="36474" />
  </mem-info>
</gc-end>
<cycle-end id="7481" type="scavenge" contextid="7475" timestamp="2020-09-12T19:36:16.734" />
<allocation-satisfied id="7482" threadId="0000000000C62400" bytesRequested="16" />
<af-end id="7483" timestamp="2020-09-12T19:36:16.734" threadId="0000000000C62D80" success="true" from="nursery"/>
<exclusive-end id="7484" timestamp="2020-09-12T19:36:16.734" durationms="85.893" />

<exclusive-start id="7485" timestamp="2020-09-12T19:36:17.426" intervalms="777.974">
  <response-info timems="2.846" idlems="2.846" threads="0" lastid="0000000000B49A00" lastname="Group1.Backend.CompositeBackend{Tier1}.6" />
</exclusive-start>
<af-start id="7486" threadId="0000000000B4A380" totalBytesRequested="256" timestamp="2020-09-12T19:36:17.428" intervalms="778.587" type="nursery" />
<cycle-start id="7487" type="scavenge" contextid="0" timestamp="2020-09-12T19:36:17.428" intervalms="778.608" />
<gc-start id="7488" type="scavenge" contextid="7487" timestamp="2020-09-12T19:36:17.428">
  <mem-info id="7489" free="126871848" total="3259498496" percent="3">
    <mem type="nursery" free="0" total="939524096" percent="0">
      <mem type="allocate" free="0" total="814940160" percent="0" />
      <mem type="survivor" free="0" total="124583936" percent="0" />
    </mem>
    <mem type="tenure" free="126871848" total="2319974400" percent="5">
      <mem type="soa" free="38203568" total="2180775936" percent="1" />
      <mem type="loa" free="88668280" total="139198464" percent="63" />
    </mem>
    <remembered-set count="127493" />
  </mem-info>
</gc-start>
<allocation-stats totalBytes="712180368" >
  <allocated-bytes non-tlh="11313480" tlh="700866888" />
  <largest-consumer threadName="Group1.Backend.CompositeBackend{Tier1}.3" threadId="0000000000A79100" bytes="89110728" />
</allocation-stats>
<gc-op id="7490" type="scavenge" timems="86.025" contextid="7487" timestamp="2020-09-12T19:36:17.515">
  <scavenger-info tenureage="7" tenuremask="7f80" tiltratio="86" />
  <memory-copied type="nursery" objects="3828563" bytes="103322800" bytesdiscarded="145984" />
  <memory-copied type="tenure" objects="410755" bytes="11040344" bytesdiscarded="2480" />
  <ownableSynchronizers candidates="16387" cleared="1742" />
  <references type="soft" candidates="12999" cleared="0" enqueued="0" dynamicThreshold="29" maxThreshold="32" />
  <references type="weak" candidates="124" cleared="84" enqueued="0" />
</gc-op>
<gc-end id="7491" type="scavenge" contextid="7487" durationms="87.219" usertimems="653.281" systemtimems="5.496" timestamp="2020-09-12T19:36:17.516" activeThreads="8">
  <mem-info id="7492" free="828695312" total="3259498496" percent="25">
    <mem type="nursery" free="712873448" total="939524096" percent="75">
      <mem type="allocate" free="712873448" total="816381952" percent="87" />
      <mem type="survivor" free="0" total="123142144" percent="0" />
    </mem>
    <mem type="tenure" free="115821864" total="2319974400" percent="4" macro-fragmented="23113062">
      <mem type="soa" free="27153584" total="2180775936" percent="1" />
      <mem type="loa" free="88668280" total="139198464" percent="63" />
    </mem>
    <remembered-set count="36052" />
  </mem-info>
</gc-end>
<cycle-end id="7493" type="scavenge" contextid="7487" timestamp="2020-09-12T19:36:17.516" />
<allocation-satisfied id="7494" threadId="0000000000B49A00" bytesRequested="256" />
<af-end id="7495" timestamp="2020-09-12T19:36:17.516" threadId="0000000000B4A380" success="true" from="nursery"/>
<exclusive-end id="7496" timestamp="2020-09-12T19:36:17.516" durationms="89.766" />

<exclusive-start id="7497" timestamp="2020-09-12T19:36:18.204" intervalms="777.135">
  <response-info timems="0.368" idlems="0.256" threads="1" lastid="0000000000A79100" lastname="Group1.Backend.CompositeBackend{Tier1}.3" />
</exclusive-start>
<af-start id="7498" threadId="0000000000B4A380" totalBytesRequested="1032" timestamp="2020-09-12T19:36:18.204" intervalms="776.477" type="nursery" />
<cycle-start id="7499" type="scavenge" contextid="0" timestamp="2020-09-12T19:36:18.204" intervalms="776.441" />
<gc-start id="7500" type="scavenge" contextid="7499" timestamp="2020-09-12T19:36:18.205">
  <mem-info id="7501" free="115821864" total="3259498496" percent="3">
    <mem type="nursery" free="0" total="939524096" percent="0">
      <mem type="allocate" free="0" total="816381952" percent="0" />
      <mem type="survivor" free="0" total="123142144" percent="0" />
    </mem>
    <mem type="tenure" free="115821864" total="2319974400" percent="4">
      <mem type="soa" free="27153584" total="2180775936" percent="1" />
      <mem type="loa" free="88668280" total="139198464" percent="63" />
    </mem>
    <remembered-set count="127849" />
  </mem-info>
</gc-start>
<allocation-stats totalBytes="712355920" >
  <allocated-bytes non-tlh="13382328" tlh="698973592" />
  <largest-consumer threadName="Group1.Backend.CompositeBackend{Tier1}.4" threadId="0000000000CF0500" bytes="96329792" />
</allocation-stats>
<gc-op id="7502" type="scavenge" timems="98.025" contextid="7499" timestamp="2020-09-12T19:36:18.303">
  <scavenger-info tenureage="7" tenuremask="7f80" tiltratio="86" />
  <memory-copied type="nursery" objects="4114899" bytes="110769816" bytesdiscarded="198904" />
  <memory-copied type="tenure" objects="450024" bytes="12109880" bytesdiscarded="3080" />
  <ownableSynchronizers candidates="16138" cleared="1340" />
  <references type="soft" candidates="13031" cleared="0" enqueued="0" dynamicThreshold="29" maxThreshold="32" />
  <references type="weak" candidates="104" cleared="80" enqueued="0" />
</gc-op>
<gc-end id="7503" type="scavenge" contextid="7499" durationms="99.238" usertimems="738.364" systemtimems="11.056" timestamp="2020-09-12T19:36:18.304" activeThreads="8">
  <mem-info id="7504" free="801606888" total="3259498496" percent="24">
    <mem type="nursery" free="697967808" total="939524096" percent="74">
      <mem type="allocate" free="697967808" total="808976384" percent="86" />
      <mem type="survivor" free="0" total="130547712" percent="0" />
    </mem>
    <mem type="tenure" free="103639080" total="2319974400" percent="4" macro-fragmented="0">
      <mem type="soa" free="14970800" total="2180775936" percent="0" />
      <mem type="loa" free="88668280" total="139198464" percent="63" />
    </mem>
    <remembered-set count="36712" />
  </mem-info>
</gc-end>
<cycle-end id="7505" type="scavenge" contextid="7499" timestamp="2020-09-12T19:36:18.304" />
<allocation-satisfied id="7506" threadId="0000000000B49A00" bytesRequested="1032" />
<af-end id="7507" timestamp="2020-09-12T19:36:18.304" threadId="0000000000B4A380" success="true" from="nursery"/>
<exclusive-end id="7508" timestamp="2020-09-12T19:36:18.304" durationms="100.940" />

<exclusive-start id="7509" timestamp="2020-09-12T19:36:18.981" intervalms="777.278">
  <response-info timems="0.456" idlems="0.456" threads="0" lastid="0000000000A79100" lastname="Group1.Backend.CompositeBackend{Tier1}.3" />
</exclusive-start>
<af-start id="7510" threadId="0000000000A79A80" totalBytesRequested="264" timestamp="2020-09-12T19:36:18.981" intervalms="777.219" type="nursery" />
<percolate-collect id="7511" from="nursery" to="global" reason="prevent tenure expand" timestamp="2020-09-12T19:36:18.982"/>
<cycle-start id="7512" type="global" contextid="0" timestamp="2020-09-12T19:36:18.982" intervalms="39560.795" />
<gc-start id="7513" type="global" contextid="7512" timestamp="2020-09-12T19:36:18.982">
  <mem-info id="7514" free="103639080" total="3259498496" percent="3">
    <mem type="nursery" free="0" total="939524096" percent="0">
      <mem type="allocate" free="0" total="808976384" percent="0" />
      <mem type="survivor" free="0" total="130547712" percent="0" />
    </mem>
    <mem type="tenure" free="103639080" total="2319974400" percent="4">
      <mem type="soa" free="14970800" total="2180775936" percent="0" />
      <mem type="loa" free="88668280" total="139198464" percent="63" />
    </mem>
    <remembered-set count="124708" />
  </mem-info>
</gc-start>
<allocation-stats totalBytes="697443984" >
  <allocated-bytes non-tlh="16376376" tlh="681067608" />
  <largest-consumer threadName="Group1.Backend.CompositeBackend{Tier1}.6" threadId="0000000000B49A00" bytes="103452144" />
</allocation-stats>
<gc-op id="7515" type="mark" timems="550.240" contextid="7512" timestamp="2020-09-12T19:36:19.532">
  <trace-info objectcount="33880123" scancount="32220738" scanbytes="866968688" />
  <finalization candidates="167" enqueued="24" />
  <ownableSynchronizers candidates="3420667" cleared="2978636" />
  <references type="soft" candidates="379681" cleared="0" enqueued="0" dynamicThreshold="29" maxThreshold="32" />
  <references type="weak" candidates="4412" cleared="104" enqueued="0" />
  <references type="phantom" candidates="102" cleared="0" enqueued="0" />
  <stringconstants candidates="11164" cleared="47"  />
</gc-op>
<gc-op id="7516" type="classunload" timems="1.933" contextid="7512" timestamp="2020-09-12T19:36:19.534">
  <classunload-info classloadercandidates="219" classloadersunloaded="1" classesunloaded="1" anonymousclassesunloaded="0" quiescems="0.000" setupms="1.905" scanms="0.022" postms="0.006" />
</gc-op>
<gc-op id="7517" type="sweep" timems="15.131" contextid="7512" timestamp="2020-09-12T19:36:19.550" />
<gc-end id="7518" type="global" contextid="7512" durationms="568.485" usertimems="4364.320" systemtimems="0.000" timestamp="2020-09-12T19:36:19.550" activeThreads="8">
  <mem-info id="7519" free="1892407096" total="3259498496" percent="58">
    <mem type="nursery" free="671926680" total="939524096" percent="71">
      <mem type="allocate" free="671926680" total="808976384" percent="83" />
      <mem type="survivor" free="0" total="130547712" percent="0" />
    </mem>
    <mem type="tenure" free="1220480416" total="2319974400" percent="52" micro-fragmented="11005310" macro-fragmented="0">
      <mem type="soa" free="1131812136" total="2180775936" percent="51" />
      <mem type="loa" free="88668280" total="139198464" percent="63" />
    </mem>
    <pending-finalizers system="0" default="24" reference="0" classloader="0" />
    <remembered-set count="119085" />
  </mem-info>
</gc-end>
<cycle-end id="7520" type="global" contextid="7512" timestamp="2020-09-12T19:36:19.551" />
<allocation-satisfied id="7521" threadId="0000000000A79100" bytesRequested="264" />
<af-end id="7522" timestamp="2020-09-12T19:36:19.551" threadId="0000000000A79A80" success="true" from="nursery"/>
<exclusive-end id="7523" timestamp="2020-09-12T19:36:19.551" durationms="569.979" />

<exclusive-start id="7524" timestamp="2020-09-12T19:36:19.924" intervalms="943.128">
  <response-info timems="0.482" idlems="0.482" threads="0" lastid="0000000000B49A00" lastname="Group1.Backend.CompositeBackend{Tier1}.6" />
</exclusive-start>
<af-start id="7525" threadId="0000000000B4A380" totalBytesRequested="208" timestamp="2020-09-12T19:36:19.925" intervalms="943.280" type="nursery" />
<cycle-start id="7526" type="scavenge" contextid="0" timestamp="2020-09-12T19:36:19.925" intervalms="1720.497" />
<gc-start id="7527" type="scavenge" contextid="7526" timestamp="2020-09-12T19:36:19.925">
  <mem-info id="7528" free="1220480368" total="3259498496" percent="37">
    <mem type="nursery" free="0" total="939524096" percent="0">
      <mem type="allocate" free="0" total="808976384" percent="0" />
      <mem type="survivor" free="0" total="130547712" percent="0" />
    </mem>
    <mem type="tenure" free="1220480368" total="2319974400" percent="52">
      <mem type="soa" free="1131812088" total="2180775936" percent="51" />
      <mem type="loa" free="88668280" total="139198464" percent="63" />
    </mem>
    <remembered-set count="173304" />
  </mem-info>
</gc-start>
<allocation-stats totalBytes="669348464" >
  <allocated-bytes non-tlh="7243888" tlh="662104576" />
  <largest-consumer threadName="Group1.Backend.CompositeBackend{Tier1}.7" threadId="0000000000C5E800" bytes="101561016" />
</allocation-stats>
<gc-op id="7529" type="scavenge" timems="102.338" contextid="7526" timestamp="2020-09-12T19:36:20.028">
  <scavenger-info tenureage="7" tenuremask="7f80" tiltratio="86" />
  <memory-copied type="nursery" objects="4554236" bytes="121407208" bytesdiscarded="122984" />
  <memory-copied type="tenure" objects="442325" bytes="11864256" bytesdiscarded="6264" />
  <ownableSynchronizers candidates="887179" cleared="870675" />
  <references type="soft" candidates="14651" cleared="0" enqueued="0" dynamicThreshold="16" maxThreshold="32" />
  <references type="weak" candidates="102" cleared="70" enqueued="0" />
</gc-op>
<gc-end id="7530" type="scavenge" contextid="7526" durationms="103.564" usertimems="790.978" systemtimems="0.950" timestamp="2020-09-12T19:36:20.029" activeThreads="8">
  <mem-info id="7531" free="1881742032" total="3259498496" percent="57">
    <mem type="nursery" free="673463016" total="939524096" percent="71">
      <mem type="allocate" free="673463016" total="795082752" percent="84" />
      <mem type="survivor" free="0" total="144441344" percent="0" />
    </mem>
    <mem type="tenure" free="1208279016" total="2319974400" percent="52" macro-fragmented="0">
      <mem type="soa" free="1119610736" total="2180775936" percent="51" />
      <mem type="loa" free="88668280" total="139198464" percent="63" />
    </mem>
    <remembered-set count="36651" />
  </mem-info>
</gc-end>
<cycle-end id="7532" type="scavenge" contextid="7526" timestamp="2020-09-12T19:36:20.029" />
<allocation-satisfied id="7533" threadId="0000000000B49A00" bytesRequested="208" />
<af-end id="7534" timestamp="2020-09-12T19:36:20.029" threadId="0000000000B4A380" success="true" from="nursery"/>
<exclusive-end id="7535" timestamp="2020-09-12T19:36:20.030" durationms="105.698" />

<exclusive-start id="7536" timestamp="2020-09-12T19:36:20.521" intervalms="596.781">
  <response-info timems="1.389" idlems="1.389" threads="0" lastid="0000000000C5E800" lastname="Group1.Backend.CompositeBackend{Tier1}.7" />
</exclusive-start>
<af-start id="7537" threadId="0000000000C5F180" totalBytesRequested="16" timestamp="2020-09-12T19:36:20.522" intervalms="596.957" type="nursery" />
<cycle-start id="7538" type="scavenge" contextid="0" timestamp="2020-09-12T19:36:20.522" intervalms="596.979" />
<gc-start id="7539" type="scavenge" contextid="7538" timestamp="2020-09-12T19:36:20.522">
  <mem-info id="7540" free="1208279016" total="3259498496" percent="37">
    <mem type="nursery" free="0" total="939524096" percent="0">
      <mem type="allocate" free="0" total="795082752" percent="0" />
      <mem type="survivor" free="0" total="144441344" percent="0" />
    </mem>
    <mem type="tenure" free="1208279016" total="2319974400" percent="52">
      <mem type="soa" free="1119610736" total="2180775936" percent="51" />
      <mem type="loa" free="88668280" total="139198464" percent="63" />
    </mem>
    <remembered-set count="118658" />
  </mem-info>
</gc-start>
<allocation-stats totalBytes="672887800" >
  <allocated-bytes non-tlh="12101448" tlh="660786352" />
  <largest-consumer threadName="Group1.Backend.CompositeBackend{Tier1}.3" threadId="0000000000A79100" bytes="106523520" />
</allocation-stats>
<gc-op id="7541" type="scavenge" timems="104.861" contextid="7538" timestamp="2020-09-12T19:36:20.627">
  <scavenger-info tenureage="7" tenuremask="7f80" tiltratio="84" />
  <memory-copied type="nursery" objects="4180820" bytes="112827928" bytesdiscarded="219056" />
  <memory-copied type="tenure" objects="461566" bytes="12380600" bytesdiscarded="5152" />
  <ownableSynchronizers candidates="17003" cleared="938" />
  <references type="soft" candidates="14108" cleared="0" enqueued="0" dynamicThreshold="16" maxThreshold="32" />
  <references type="weak" candidates="126" cleared="85" enqueued="0" />
</gc-op>
<gc-end id="7542" type="scavenge" contextid="7538" durationms="105.998" usertimems="756.484" systemtimems="9.822" timestamp="2020-09-12T19:36:20.628" activeThreads="8">
  <mem-info id="7543" free="1879561520" total="3259498496" percent="57">
    <mem type="nursery" free="683701216" total="939524096" percent="72">
      <mem type="allocate" free="683701216" total="796786688" percent="85" />
      <mem type="survivor" free="0" total="142737408" percent="0" />
    </mem>
    <mem type="tenure" free="1195860304" total="2319974400" percent="51" macro-fragmented="0">
      <mem type="soa" free="1107192024" total="2180775936" percent="50" />
      <mem type="loa" free="88668280" total="139198464" percent="63" />
    </mem>
    <remembered-set count="37420" />
  </mem-info>
</gc-end>
<cycle-end id="7544" type="scavenge" contextid="7538" timestamp="2020-09-12T19:36:20.629" />
<allocation-satisfied id="7545" threadId="0000000000C5E800" bytesRequested="16" />
<af-end id="7546" timestamp="2020-09-12T19:36:20.629" threadId="0000000000C5F180" success="true" from="nursery"/>
<exclusive-end id="7547" timestamp="2020-09-12T19:36:20.629" durationms="108.365" />

<exclusive-start id="7548" timestamp="2020-09-12T19:36:21.367" intervalms="846.570">
  <response-info timems="0.646" idlems="0.646" threads="0" lastid="0000000000A79100" lastname="Group1.Backend.CompositeBackend{Tier1}.3" />
</exclusive-start>
<af-start id="7549" threadId="0000000000A79A80" totalBytesRequested="40" timestamp="2020-09-12T19:36:21.368" intervalms="846.258" type="nursery" />
<cycle-start id="7550" type="scavenge" contextid="0" timestamp="2020-09-12T19:36:21.368" intervalms="846.229" />
<gc-start id="7551" type="scavenge" contextid="7550" timestamp="2020-09-12T19:36:21.368">
  <mem-info id="7552" free="1195860304" total="3259498496" percent="36">
    <mem type="nursery" free="0" total="939524096" percent="0">
      <mem type="allocate" free="0" total="796786688" percent="0" />
      <mem type="survivor" free="0" total="142737408" percent="0" />
    </mem>
    <mem type="tenure" free="1195860304" total="2319974400" percent="51">
      <mem type="soa" free="1107192024" total="2180775936" percent="50" />
      <mem type="loa" free="88668280" total="139198464" percent="63" />
    </mem>
    <remembered-set count="131640" />
  </mem-info>
</gc-start>
<allocation-stats totalBytes="683206048" >
  <allocated-bytes non-tlh="5528544" tlh="677677504" />
  <largest-consumer threadName="Group1.Backend.CompositeBackend{Tier1}.2" threadId="00000000009CBF00" bytes="100956552" />
</allocation-stats>
<gc-op id="7553" type="scavenge" timems="100.976" contextid="7550" timestamp="2020-09-12T19:36:21.469">
  <scavenger-info tenureage="7" tenuremask="7f80" tiltratio="84" />
  <memory-copied type="nursery" objects="4310959" bytes="116164232" bytesdiscarded="292456" />
  <memory-copied type="tenure" objects="429753" bytes="11537320" bytesdiscarded="89680" />
  <ownableSynchronizers candidates="16802" cleared="1139" />
  <references type="soft" candidates="13887" cleared="0" enqueued="0" dynamicThreshold="16" maxThreshold="32" />
  <references type="weak" candidates="109" cleared="74" enqueued="0" />
</gc-op>
<gc-end id="7554" type="scavenge" contextid="7550" durationms="102.141" usertimems="740.960" systemtimems="4.588" timestamp="2020-09-12T19:36:21.470" activeThreads="8">
  <mem-info id="7555" free="1866626936" total="3259498496" percent="57">
    <mem type="nursery" free="682054648" total="939524096" percent="72">
      <mem type="allocate" free="682054648" total="798556160" percent="85" />
      <mem type="survivor" free="0" total="140967936" percent="0" />
    </mem>
    <mem type="tenure" free="1184572288" total="2319974400" percent="51" macro-fragmented="0">
      <mem type="soa" free="1095904008" total="2180775936" percent="50" />
      <mem type="loa" free="88668280" total="139198464" percent="63" />
    </mem>
    <remembered-set count="38492" />
  </mem-info>
</gc-end>
<cycle-end id="7556" type="scavenge" contextid="7550" timestamp="2020-09-12T19:36:21.471" />
<allocation-satisfied id="7557" threadId="0000000000A79100" bytesRequested="40" />
<af-end id="7558" timestamp="2020-09-12T19:36:21.471" threadId="0000000000A79A80" success="true" from="nursery"/>
<exclusive-end id="7559" timestamp="2020-09-12T19:36:21.471" durationms="103.756" />

<exclusive-start id="7560" timestamp="2020-09-12T19:36:22.188" intervalms="820.692">
  <response-info timems="0.439" idlems="0.439" threads="0" lastid="0000000000C62400" lastname="Group1.Backend.CompositeBackend{Tier1}.5" />
</exclusive-start>
<af-start id="7561" threadId="0000000000C62D80" totalBytesRequested="416" timestamp="2020-09-12T19:36:22.189" intervalms="820.721" type="nursery" />
<cycle-start id="7562" type="scavenge" contextid="0" timestamp="2020-09-12T19:36:22.189" intervalms="820.767" />
<gc-start id="7563" type="scavenge" contextid="7562" timestamp="2020-09-12T19:36:22.189">
  <mem-info id="7564" free="1184572288" total="3259498496" percent="36">
    <mem type="nursery" free="0" total="939524096" percent="0">
      <mem type="allocate" free="0" total="798556160" percent="0" />
      <mem type="survivor" free="0" total="140967936" percent="0" />
    </mem>
    <mem type="tenure" free="1184572288" total="2319974400" percent="51">
      <mem type="soa" free="1095904008" total="2180775936" percent="50" />
      <mem type="loa" free="88668280" total="139198464" percent="63" />
    </mem>
    <remembered-set count="125184" />
  </mem-info>
</gc-start>
<allocation-stats totalBytes="681572528" >
  <allocated-bytes non-tlh="20759120" tlh="660813408" />
  <largest-consumer threadName="Group1.Backend.CompositeBackend{Tier1}.3" threadId="0000000000A79100" bytes="121712424" />
</allocation-stats>
<gc-op id="7565" type="scavenge" timems="136.063" contextid="7562" timestamp="2020-09-12T19:36:22.325">
  <scavenger-info tenureage="7" tenuremask="7f80" tiltratio="84" />
  <memory-copied type="nursery" objects="4204434" bytes="113437864" bytesdiscarded="222192" />
  <memory-copied type="tenure" objects="481964" bytes="12891216" bytesdiscarded="186352" />
  <ownableSynchronizers candidates="16220" cleared="1005" />
  <references type="soft" candidates="13193" cleared="0" enqueued="0" dynamicThreshold="16" maxThreshold="32" />
  <references type="weak" candidates="126" cleared="94" enqueued="0" />
</gc-op>
<gc-end id="7566" type="scavenge" contextid="7562" durationms="137.155" usertimems="952.647" systemtimems="37.591" timestamp="2020-09-12T19:36:22.326" activeThreads="8">
  <mem-info id="7567" free="1857972672" total="3259498496" percent="57">
    <mem type="nursery" free="687013624" total="939524096" percent="73">
      <mem type="allocate" free="687013624" total="800718848" percent="85" />
      <mem type="survivor" free="0" total="138805248" percent="0" />
    </mem>
    <mem type="tenure" free="1170959048" total="2319974400" percent="50" macro-fragmented="0">
      <mem type="soa" free="1082290768" total="2180775936" percent="49" />
      <mem type="loa" free="88668280" total="139198464" percent="63" />
    </mem>
    <remembered-set count="37563" />
  </mem-info>
</gc-end>
<cycle-end id="7568" type="scavenge" contextid="7562" timestamp="2020-09-12T19:36:22.327" />
<allocation-satisfied id="7569" threadId="0000000000C62400" bytesRequested="416" />
<af-end id="7570" timestamp="2020-09-12T19:36:22.327" threadId="0000000000C62D80" success="true" from="nursery"/>
<exclusive-end id="7571" timestamp="2020-09-12T19:36:22.327" durationms="138.799" />

<exclusive-start id="7572" timestamp="2020-09-12T19:36:22.888" intervalms="699.767">
  <response-info timems="0.388" idlems="0.388" threads="0" lastid="0000000000A79100" lastname="Group1.Backend.CompositeBackend{Tier1}.3" />
</exclusive-start>
<af-start id="7573" threadId="0000000000A79A80" totalBytesRequested="256" timestamp="2020-09-12T19:36:22.888" intervalms="699.747" type="nursery" />
<cycle-start id="7574" type="scavenge" contextid="0" timestamp="2020-09-12T19:36:22.889" intervalms="699.715" />
<gc-start id="7575" type="scavenge" contextid="7574" timestamp="2020-09-12T19:36:22.889">
  <mem-info id="7576" free="1170959048" total="3259498496" percent="35">
    <mem type="nursery" free="0" total="939524096" percent="0">
      <mem type="allocate" free="0" total="800718848" percent="0" />
      <mem type="survivor" free="0" total="138805248" percent="0" />
    </mem>
    <mem type="tenure" free="1170959048" total="2319974400" percent="50">
      <mem type="soa" free="1082290768" total="2180775936" percent="49" />
      <mem type="loa" free="88668280" total="139198464" percent="63" />
    </mem>
    <remembered-set count="132425" />
  </mem-info>
</gc-start>
<allocation-stats totalBytes="686512104" >
  <allocated-bytes non-tlh="5582056" tlh="680930048" />
  <largest-consumer threadName="Group1.Backend.CompositeBackend{Tier1}.3" threadId="0000000000A79100" bytes="107240776" />
</allocation-stats>
<gc-op id="7577" type="scavenge" timems="95.863" contextid="7574" timestamp="2020-09-12T19:36:22.985">
  <scavenger-info tenureage="7" tenuremask="7f80" tiltratio="85" />
  <memory-copied type="nursery" objects="4243833" bytes="114699104" bytesdiscarded="204568" />
  <memory-copied type="tenure" objects="431666" bytes="11559760" bytesdiscarded="3032" />
  <ownableSynchronizers candidates="16252" cleared="1675" />
  <references type="soft" candidates="12739" cleared="0" enqueued="0" dynamicThreshold="16" maxThreshold="32" />
  <references type="weak" candidates="106" cleared="74" enqueued="0" />
</gc-op>
<gc-end id="7578" type="scavenge" contextid="7574" durationms="96.966" usertimems="716.042" systemtimems="16.783" timestamp="2020-09-12T19:36:22.986" activeThreads="8">
  <mem-info id="7579" free="1846775232" total="3259498496" percent="56">
    <mem type="nursery" free="687528184" total="939524096" percent="73">
      <mem type="allocate" free="687528184" total="802488320" percent="85" />
      <mem type="survivor" free="0" total="137035776" percent="0" />
    </mem>
    <mem type="tenure" free="1159247048" total="2319974400" percent="49" macro-fragmented="0">
      <mem type="soa" free="1070578768" total="2180775936" percent="49" />
      <mem type="loa" free="88668280" total="139198464" percent="63" />
    </mem>
    <remembered-set count="38963" />
  </mem-info>
</gc-end>
<cycle-end id="7580" type="scavenge" contextid="7574" timestamp="2020-09-12T19:36:22.986" />
<allocation-satisfied id="7581" threadId="0000000000A79100" bytesRequested="256" />
<af-end id="7582" timestamp="2020-09-12T19:36:22.986" threadId="0000000000A79A80" success="true" from="nursery"/>
<exclusive-end id="7583" timestamp="2020-09-12T19:36:22.986" durationms="98.667" />

<exclusive-start id="7584" timestamp="2020-09-12T19:36:23.549" intervalms="661.502">
  <response-info timems="4.478" idlems="4.478" threads="0" lastid="0000000000C5E800" lastname="Group1.Backend.CompositeBackend{Tier1}.7" />
</exclusive-start>
<af-start id="7585" threadId="0000000000C5F180" totalBytesRequested="16" timestamp="2020-09-12T19:36:23.550" intervalms="661.827" type="nursery" />
<cycle-start id="7586" type="scavenge" contextid="0" timestamp="2020-09-12T19:36:23.550" intervalms="661.820" />
<gc-start id="7587" type="scavenge" contextid="7586" timestamp="2020-09-12T19:36:23.551">
  <mem-info id="7588" free="1159247048" total="3259498496" percent="35">
    <mem type="nursery" free="0" total="939524096" percent="0">
      <mem type="allocate" free="0" total="802488320" percent="0" />
      <mem type="survivor" free="0" total="137035776" percent="0" />
    </mem>
    <mem type="tenure" free="1159247048" total="2319974400" percent="49">
      <mem type="soa" free="1070578768" total="2180775936" percent="49" />
      <mem type="loa" free="88668280" total="139198464" percent="63" />
    </mem>
    <remembered-set count="118902" />
  </mem-info>
</gc-start>
<allocation-stats totalBytes="686984896" >
  <allocated-bytes non-tlh="16602232" tlh="670382664" />
  <largest-consumer threadName="Group1.Backend.CompositeBackend{Tier1}.3" threadId="0000000000A79100" bytes="99538368" />
</allocation-stats>
<gc-op id="7589" type="scavenge" timems="87.967" contextid="7586" timestamp="2020-09-12T19:36:23.639">
  <scavenger-info tenureage="7" tenuremask="7f80" tiltratio="85" />
  <memory-copied type="nursery" objects="4319206" bytes="116411608" bytesdiscarded="139632" />
  <memory-copied type="tenure" objects="447927" bytes="12018488" bytesdiscarded="5312" />
  <ownableSynchronizers candidates="15117" cleared="1273" />
  <references type="soft" candidates="11970" cleared="0" enqueued="0" dynamicThreshold="16" maxThreshold="32" />
  <references type="weak" candidates="122" cleared="89" enqueued="0" />
</gc-op>
<gc-end id="7590" type="scavenge" contextid="7586" durationms="89.128" usertimems="622.931" systemtimems="3.984" timestamp="2020-09-12T19:36:23.640" activeThreads="8">
  <mem-info id="7591" free="1837006088" total="3259498496" percent="56">
    <mem type="nursery" free="689633088" total="939524096" percent="73">
      <mem type="allocate" free="689633088" total="806223872" percent="85" />
      <mem type="survivor" free="0" total="133300224" percent="0" />
    </mem>
    <mem type="tenure" free="1147373000" total="2319974400" percent="49" macro-fragmented="0">
      <mem type="soa" free="1058704720" total="2180775936" percent="48" />
      <mem type="loa" free="88668280" total="139198464" percent="63" />
    </mem>
    <remembered-set count="38458" />
  </mem-info>
</gc-end>
<cycle-end id="7592" type="scavenge" contextid="7586" timestamp="2020-09-12T19:36:23.640" />
<allocation-satisfied id="7593" threadId="0000000000C5E800" bytesRequested="16" />
<af-end id="7594" timestamp="2020-09-12T19:36:23.640" threadId="0000000000C5F180" success="true" from="nursery"/>
<exclusive-end id="7595" timestamp="2020-09-12T19:36:23.641" durationms="91.306" />

<exclusive-start id="7596" timestamp="2020-09-12T19:36:24.320" intervalms="771.016">
  <response-info timems="0.529" idlems="0.529" threads="0" lastid="0000000000C62400" lastname="Group1.Backend.CompositeBackend{Tier1}.5" />
</exclusive-start>
<af-start id="7597" threadId="0000000000C62D80" totalBytesRequested="16" timestamp="2020-09-12T19:36:24.321" intervalms="770.707" type="nursery" />
<cycle-start id="7598" type="scavenge" contextid="0" timestamp="2020-09-12T19:36:24.321" intervalms="770.694" />
<gc-start id="7599" type="scavenge" contextid="7598" timestamp="2020-09-12T19:36:24.321">
  <mem-info id="7600" free="1147373000" total="3259498496" percent="35">
    <mem type="nursery" free="0" total="939524096" percent="0">
      <mem type="allocate" free="0" total="806223872" percent="0" />
      <mem type="survivor" free="0" total="133300224" percent="0" />
    </mem>
    <mem type="tenure" free="1147373000" total="2319974400" percent="49">
      <mem type="soa" free="1058704720" total="2180775936" percent="48" />
      <mem type="loa" free="88668280" total="139198464" percent="63" />
    </mem>
    <remembered-set count="127801" />
  </mem-info>
</gc-start>
<allocation-stats totalBytes="689122968" >
  <allocated-bytes non-tlh="8215312" tlh="680907656" />
  <largest-consumer threadName="Group1.Backend.CompositeBackend{Tier1}.1" threadId="0000000000C5AC00" bytes="106583048" />
</allocation-stats>
<gc-op id="7601" type="scavenge" timems="81.234" contextid="7598" timestamp="2020-09-12T19:36:24.403">
  <scavenger-info tenureage="7" tenuremask="7f80" tiltratio="85" />
  <memory-copied type="nursery" objects="4376062" bytes="115932792" bytesdiscarded="180944" />
  <memory-copied type="tenure" objects="451579" bytes="12601456" bytesdiscarded="3248" />
  <ownableSynchronizers candidates="15125" cleared="1876" />
  <references type="soft" candidates="11405" cleared="0" enqueued="0" dynamicThreshold="16" maxThreshold="32" />
  <references type="weak" candidates="102" cleared="70" enqueued="0" />
</gc-op>
<gc-end id="7602" type="scavenge" contextid="7598" durationms="82.046" usertimems="610.001" systemtimems="0.000" timestamp="2020-09-12T19:36:24.403" activeThreads="8">
  <mem-info id="7603" free="1825249224" total="3259498496" percent="55">
    <mem type="nursery" free="690658032" total="939524096" percent="73">
      <mem type="allocate" free="690658032" total="806813696" percent="85" />
      <mem type="survivor" free="0" total="132710400" percent="0" />
    </mem>
    <mem type="tenure" free="1134591192" total="2319974400" percent="48" macro-fragmented="0">
      <mem type="soa" free="1045922912" total="2180775936" percent="47" />
      <mem type="loa" free="88668280" total="139198464" percent="63" />
    </mem>
    <remembered-set count="39358" />
  </mem-info>
</gc-end>
<cycle-end id="7604" type="scavenge" contextid="7598" timestamp="2020-09-12T19:36:24.404" />
<allocation-satisfied id="7605" threadId="0000000000C62400" bytesRequested="16" />
<af-end id="7606" timestamp="2020-09-12T19:36:24.404" threadId="0000000000C62D80" success="true" from="nursery"/>
<exclusive-end id="7607" timestamp="2020-09-12T19:36:24.404" durationms="83.691" />

<exclusive-start id="7608" timestamp="2020-09-12T19:36:25.086" intervalms="766.142">
  <response-info timems="0.512" idlems="0.512" threads="0" lastid="0000000000CEC600" lastname="Group1.Backend.CompositeBackend{Tier1}.8" />
</exclusive-start>
<af-start id="7609" threadId="0000000000CECF80" totalBytesRequested="120" timestamp="2020-09-12T19:36:25.087" intervalms="766.112" type="nursery" />
<cycle-start id="7610" type="scavenge" contextid="0" timestamp="2020-09-12T19:36:25.087" intervalms="766.102" />
<gc-start id="7611" type="scavenge" contextid="7610" timestamp="2020-09-12T19:36:25.088">
  <mem-info id="7612" free="1134591192" total="3259498496" percent="34">
    <mem type="nursery" free="0" total="939524096" percent="0">
      <mem type="allocate" free="0" total="806813696" percent="0" />
      <mem type="survivor" free="0" total="132710400" percent="0" />
    </mem>
    <mem type="tenure" free="1134591192" total="2319974400" percent="48">
      <mem type="soa" free="1045922912" total="2180775936" percent="47" />
      <mem type="loa" free="88668280" total="139198464" percent="63" />
    </mem>
    <remembered-set count="123967" />
  </mem-info>
</gc-start>
<allocation-stats totalBytes="690140712" >
  <allocated-bytes non-tlh="17626352" tlh="672514360" />
  <largest-consumer threadName="Group1.Backend.CompositeBackend{Tier1}.8" threadId="0000000000CEC600" bytes="100000944" />
</allocation-stats>
<gc-op id="7613" type="scavenge" timems="75.635" contextid="7610" timestamp="2020-09-12T19:36:25.163">
  <scavenger-info tenureage="7" tenuremask="7f80" tiltratio="85" />
  <memory-copied type="nursery" objects="3630092" bytes="97187408" bytesdiscarded="138320" />
  <memory-copied type="tenure" objects="905760" bytes="24311248" bytesdiscarded="5952" />
  <ownableSynchronizers candidates="13854" cleared="1340" />
  <references type="soft" candidates="8994" cleared="0" enqueued="0" dynamicThreshold="16" maxThreshold="32" />
  <references type="weak" candidates="111" cleared="94" enqueued="0" />
</gc-op>
<gc-end id="7614" type="scavenge" contextid="7610" durationms="76.429" usertimems="583.207" systemtimems="0.000" timestamp="2020-09-12T19:36:25.164" activeThreads="8">
  <mem-info id="7615" free="1820499152" total="3259498496" percent="55">
    <mem type="nursery" free="710035712" total="939524096" percent="75">
      <mem type="allocate" free="710035712" total="807403520" percent="87" />
      <mem type="survivor" free="0" total="132120576" percent="0" />
    </mem>
    <mem type="tenure" free="1110463440" total="2319974400" percent="47" macro-fragmented="0">
      <mem type="soa" free="1021795160" total="2180775936" percent="46" />
      <mem type="loa" free="88668280" total="139198464" percent="63" />
    </mem>
    <remembered-set count="34662" />
  </mem-info>
</gc-end>
<cycle-end id="7616" type="scavenge" contextid="7610" timestamp="2020-09-12T19:36:25.164" />
<allocation-satisfied id="7617" threadId="0000000000CEC600" bytesRequested="120" />
<af-end id="7618" timestamp="2020-09-12T19:36:25.164" threadId="0000000000CECF80" success="true" from="nursery"/>
<exclusive-end id="7619" timestamp="2020-09-12T19:36:25.164" durationms="77.982" />

<exclusive-start id="7620" timestamp="2020-09-12T19:36:25.873" intervalms="786.226">
  <response-info timems="0.551" idlems="0.551" threads="0" lastid="0000000000C62400" lastname="Group1.Backend.CompositeBackend{Tier1}.5" />
</exclusive-start>
<af-start id="7621" threadId="0000000000C62D80" totalBytesRequested="1032" timestamp="2020-09-12T19:36:25.874" intervalms="786.649" type="nursery" />
<cycle-start id="7622" type="scavenge" contextid="0" timestamp="2020-09-12T19:36:25.874" intervalms="786.672" />
<gc-start id="7623" type="scavenge" contextid="7622" timestamp="2020-09-12T19:36:25.874">
  <mem-info id="7624" free="1110463440" total="3259498496" percent="34">
    <mem type="nursery" free="0" total="939524096" percent="0">
      <mem type="allocate" free="0" total="807403520" percent="0" />
      <mem type="survivor" free="0" total="132120576" percent="0" />
    </mem>
    <mem type="tenure" free="1110463440" total="2319974400" percent="47">
      <mem type="soa" free="1021795160" total="2180775936" percent="46" />
      <mem type="loa" free="88668280" total="139198464" percent="63" />
    </mem>
    <remembered-set count="125534" />
  </mem-info>
</gc-start>
<allocation-stats totalBytes="709500080" >
  <allocated-bytes non-tlh="16436592" tlh="693063488" />
  <largest-consumer threadName="Group1.Backend.CompositeBackend{Tier1}.2" threadId="00000000009CBF00" bytes="122828928" />
</allocation-stats>
<gc-op id="7625" type="scavenge" timems="92.682" contextid="7622" timestamp="2020-09-12T19:36:25.967">
  <scavenger-info tenureage="7" tenuremask="7f80" tiltratio="85" />
  <memory-copied type="nursery" objects="3672800" bytes="98554712" bytesdiscarded="226144" />
  <memory-copied type="tenure" objects="396472" bytes="10644216" bytesdiscarded="3072" />
  <ownableSynchronizers candidates="11527" cleared="1407" />
  <references type="soft" candidates="8683" cleared="0" enqueued="0" dynamicThreshold="16" maxThreshold="32" />
  <references type="weak" candidates="100" cleared="84" enqueued="0" />
</gc-op>
<gc-end id="7626" type="scavenge" contextid="7622" durationms="93.596" usertimems="662.606" systemtimems="4.633" timestamp="2020-09-12T19:36:25.968" activeThreads="8">
  <mem-info id="7627" free="1812433872" total="3259498496" percent="55">
    <mem type="nursery" free="712571904" total="939524096" percent="75">
      <mem type="allocate" free="712571904" total="811401216" percent="87" />
      <mem type="survivor" free="0" total="128122880" percent="0" />
    </mem>
    <mem type="tenure" free="1099861968" total="2319974400" percent="47" macro-fragmented="0">
      <mem type="soa" free="1011193688" total="2180775936" percent="46" />
      <mem type="loa" free="88668280" total="139198464" percent="63" />
    </mem>
    <remembered-set count="34447" />
  </mem-info>
</gc-end>
<cycle-end id="7628" type="scavenge" contextid="7622" timestamp="2020-09-12T19:36:25.968" />
<allocation-satisfied id="7629" threadId="0000000000C62400" bytesRequested="1032" />
<af-end id="7630" timestamp="2020-09-12T19:36:25.968" threadId="0000000000C62D80" success="true" from="nursery"/>
<exclusive-end id="7631" timestamp="2020-09-12T19:36:25.968" durationms="95.653" />

<exclusive-start id="7632" timestamp="2020-09-12T19:36:26.732" intervalms="859.763">
  <response-info timems="10.809" idlems="10.809" threads="0" lastid="0000000000C5AC00" lastname="Group1.Backend.CompositeBackend{Tier1}.1" />
</exclusive-start>
<af-start id="7633" threadId="0000000000C5B580" totalBytesRequested="208" timestamp="2020-09-12T19:36:26.733" intervalms="859.365" type="nursery" />
<cycle-start id="7634" type="scavenge" contextid="0" timestamp="2020-09-12T19:36:26.733" intervalms="859.358" />
<gc-start id="7635" type="scavenge" contextid="7634" timestamp="2020-09-12T19:36:26.734">
  <mem-info id="7636" free="1099861968" total="3259498496" percent="33">
    <mem type="nursery" free="0" total="939524096" percent="0">
      <mem type="allocate" free="0" total="811401216" percent="0" />
      <mem type="survivor" free="0" total="128122880" percent="0" />
    </mem>
    <mem type="tenure" free="1099861968" total="2319974400" percent="47">
      <mem type="soa" free="1011193688" total="2180775936" percent="46" />
      <mem type="loa" free="88668280" total="139198464" percent="63" />
    </mem>
    <remembered-set count="129746" />
  </mem-info>
</gc-start>
<allocation-stats totalBytes="712000072" >
  <allocated-bytes non-tlh="1982184" tlh="710017888" />
  <largest-consumer threadName="Group1.Backend.CompositeBackend{Tier1}.4" threadId="0000000000CF0500" bytes="119948888" />
</allocation-stats>
<gc-op id="7637" type="scavenge" timems="96.833" contextid="7634" timestamp="2020-09-12T19:36:26.830">
  <scavenger-info tenureage="7" tenuremask="7f80" tiltratio="86" />
  <memory-copied type="nursery" objects="3667573" bytes="98664272" bytesdiscarded="144408" />
  <memory-copied type="tenure" objects="480967" bytes="12880832" bytesdiscarded="396608" />
  <ownableSynchronizers candidates="11735" cleared="1909" />
  <references type="soft" candidates="8236" cleared="0" enqueued="0" dynamicThreshold="16" maxThreshold="32" />
  <references type="weak" candidates="85" cleared="69" enqueued="0" />
</gc-op>
<gc-end id="7638" type="scavenge" contextid="7634" durationms="97.620" usertimems="697.478" systemtimems="16.183" timestamp="2020-09-12T19:36:26.831" activeThreads="8">
  <mem-info id="7639" free="1803016072" total="3259498496" percent="55">
    <mem type="nursery" free="716081664" total="939524096" percent="76">
      <mem type="allocate" free="716081664" total="814940160" percent="87" />
      <mem type="survivor" free="0" total="124583936" percent="0" />
    </mem>
    <mem type="tenure" free="1086934408" total="2319974400" percent="46" macro-fragmented="0">
      <mem type="soa" free="998266128" total="2180775936" percent="45" />
      <mem type="loa" free="88668280" total="139198464" percent="63" />
    </mem>
    <remembered-set count="34509" />
  </mem-info>
</gc-end>
<cycle-end id="7640" type="scavenge" contextid="7634" timestamp="2020-09-12T19:36:26.832" />
<allocation-satisfied id="7641" threadId="0000000000C5AC00" bytesRequested="208" />
<af-end id="7642" timestamp="2020-09-12T19:36:26.832" threadId="0000000000C5B580" success="true" from="nursery"/>
<exclusive-end id="7643" timestamp="2020-09-12T19:36:26.832" durationms="99.175" />

<exclusive-start id="7644" timestamp="2020-09-12T19:36:27.506" intervalms="773.709">
  <response-info timems="4.260" idlems="4.249" threads="1" lastid="0000000000CE6700" lastname="Group1.Backend.CompositeBackend{Tier3}.8" />
</exclusive-start>
<af-start id="7645" threadId="0000000000CECF80" totalBytesRequested="168" timestamp="2020-09-12T19:36:27.507" intervalms="773.926" type="nursery" />
<cycle-start id="7646" type="scavenge" contextid="0" timestamp="2020-09-12T19:36:27.507" intervalms="773.947" />
<gc-start id="7647" type="scavenge" contextid="7646" timestamp="2020-09-12T19:36:27.508">
  <mem-info id="7648" free="1086934408" total="3259498496" percent="33">
    <mem type="nursery" free="0" total="939524096" percent="0">
      <mem type="allocate" free="0" total="814940160" percent="0" />
      <mem type="survivor" free="0" total="124583936" percent="0" />
    </mem>
    <mem type="tenure" free="1086934408" total="2319974400" percent="46">
      <mem type="soa" free="998266128" total="2180775936" percent="45" />
      <mem type="loa" free="88668280" total="139198464" percent="63" />
    </mem>
    <remembered-set count="123727" />
  </mem-info>
</gc-start>
<allocation-stats totalBytes="715545800" >
  <allocated-bytes non-tlh="17775568" tlh="697770232" />
  <largest-consumer threadName="Group1.Backend.CompositeBackend{Tier1}.3" threadId="0000000000A79100" bytes="118599176" />
</allocation-stats>
<gc-op id="7649" type="scavenge" timems="121.518" contextid="7646" timestamp="2020-09-12T19:36:27.629">
  <scavenger-info tenureage="7" tenuremask="7f80" tiltratio="86" />
  <memory-copied type="nursery" objects="3868566" bytes="103465504" bytesdiscarded="340368" />
  <memory-copied type="tenure" objects="432720" bytes="11575536" bytesdiscarded="523984" />
  <ownableSynchronizers candidates="10431" cleared="1173" />
  <references type="soft" candidates="7894" cleared="0" enqueued="0" dynamicThreshold="16" maxThreshold="32" />
  <references type="weak" candidates="105" cleared="89" enqueued="0" />
</gc-op>
<gc-end id="7650" type="scavenge" contextid="7646" durationms="122.352" usertimems="838.016" systemtimems="15.072" timestamp="2020-09-12T19:36:27.630" activeThreads="8">
  <mem-info id="7651" free="1786621480" total="3259498496" percent="54">
    <mem type="nursery" free="711747016" total="939524096" percent="75">
      <mem type="allocate" free="711747016" total="815595520" percent="87" />
      <mem type="survivor" free="0" total="123928576" percent="0" />
    </mem>
    <mem type="tenure" free="1074874464" total="2319974400" percent="46" macro-fragmented="0">
      <mem type="soa" free="986206184" total="2180775936" percent="45" />
      <mem type="loa" free="88668280" total="139198464" percent="63" />
    </mem>
    <remembered-set count="33264" />
  </mem-info>
</gc-end>
<cycle-end id="7652" type="scavenge" contextid="7646" timestamp="2020-09-12T19:36:27.630" />
<allocation-satisfied id="7653" threadId="0000000000CEC600" bytesRequested="168" />
<af-end id="7654" timestamp="2020-09-12T19:36:27.630" threadId="0000000000CECF80" success="true" from="nursery"/>
<exclusive-end id="7655" timestamp="2020-09-12T19:36:27.630" durationms="124.335" />

<exclusive-start id="7656" timestamp="2020-09-12T19:36:28.359" intervalms="853.282">
  <response-info timems="1.924" idlems="1.924" threads="0" lastid="0000000000C5E800" lastname="Group1.Backend.CompositeBackend{Tier1}.7" />
</exclusive-start>
<af-start id="7657" threadId="0000000000C5F180" totalBytesRequested="208" timestamp="2020-09-12T19:36:28.360" intervalms="853.003" type="nursery" />
<cycle-start id="7658" type="scavenge" contextid="0" timestamp="2020-09-12T19:36:28.360" intervalms="852.970" />
<gc-start id="7659" type="scavenge" contextid="7658" timestamp="2020-09-12T19:36:28.360">
  <mem-info id="7660" free="1074874464" total="3259498496" percent="32">
    <mem type="nursery" free="0" total="939524096" percent="0">
      <mem type="allocate" free="0" total="815595520" percent="0" />
      <mem type="survivor" free="0" total="123928576" percent="0" />
    </mem>
    <mem type="tenure" free="1074874464" total="2319974400" percent="46">
      <mem type="soa" free="986206184" total="2180775936" percent="45" />
      <mem type="loa" free="88668280" total="139198464" percent="63" />
    </mem>
    <remembered-set count="126769" />
  </mem-info>
</gc-start>
<allocation-stats totalBytes="711220864" >
  <allocated-bytes non-tlh="13913272" tlh="697307592" />
  <largest-consumer threadName="Group1.Backend.CompositeBackend{Tier1}.1" threadId="0000000000C5AC00" bytes="117212288" />
</allocation-stats>
<gc-op id="7661" type="scavenge" timems="86.637" contextid="7658" timestamp="2020-09-12T19:36:28.447">
  <scavenger-info tenureage="7" tenuremask="7f80" tiltratio="86" />
  <memory-copied type="nursery" objects="3747629" bytes="100913352" bytesdiscarded="180072" />
  <memory-copied type="tenure" objects="487515" bytes="13065112" bytesdiscarded="328208" />
  <ownableSynchronizers candidates="10785" cleared="1809" />
  <references type="soft" candidates="7543" cleared="0" enqueued="0" dynamicThreshold="16" maxThreshold="32" />
  <references type="weak" candidates="101" cleared="85" enqueued="0" />
</gc-op>
<gc-end id="7662" type="scavenge" contextid="7658" durationms="87.454" usertimems="673.836" systemtimems="3.710" timestamp="2020-09-12T19:36:28.448" activeThreads="8">
  <mem-info id="7663" free="1777511336" total="3259498496" percent="54">
    <mem type="nursery" free="716030464" total="939524096" percent="76">
      <mem type="allocate" free="716030464" total="817168384" percent="87" />
      <mem type="survivor" free="0" total="122355712" percent="0" />
    </mem>
    <mem type="tenure" free="1061480872" total="2319974400" percent="45" macro-fragmented="0">
      <mem type="soa" free="972812592" total="2180775936" percent="44" />
      <mem type="loa" free="88668280" total="139198464" percent="63" />
    </mem>
    <remembered-set count="33442" />
  </mem-info>
</gc-end>
<cycle-end id="7664" type="scavenge" contextid="7658" timestamp="2020-09-12T19:36:28.448" />
<allocation-satisfied id="7665" threadId="0000000000C5E800" bytesRequested="208" />
<af-end id="7666" timestamp="2020-09-12T19:36:28.449" threadId="0000000000C5F180" success="true" from="nursery"/>
<exclusive-end id="7667" timestamp="2020-09-12T19:36:28.449" durationms="89.508" />

<exclusive-start id="7668" timestamp="2020-09-12T19:36:29.208" intervalms="848.665">
  <response-info timems="0.396" idlems="0.396" threads="0" lastid="0000000000C5E800" lastname="Group1.Backend.CompositeBackend{Tier1}.7" />
</exclusive-start>
<af-start id="7669" threadId="0000000000C5F180" totalBytesRequested="416" timestamp="2020-09-12T19:36:29.209" intervalms="848.654" type="nursery" />
<cycle-start id="7670" type="scavenge" contextid="0" timestamp="2020-09-12T19:36:29.209" intervalms="848.650" />
<gc-start id="7671" type="scavenge" contextid="7670" timestamp="2020-09-12T19:36:29.209">
  <mem-info id="7672" free="1061480872" total="3259498496" percent="32">
    <mem type="nursery" free="0" total="939524096" percent="0">
      <mem type="allocate" free="0" total="817168384" percent="0" />
      <mem type="survivor" free="0" total="122355712" percent="0" />
    </mem>
    <mem type="tenure" free="1061480872" total="2319974400" percent="45">
      <mem type="soa" free="972812592" total="2180775936" percent="44" />
      <mem type="loa" free="88668280" total="139198464" percent="63" />
    </mem>
    <remembered-set count="123034" />
  </mem-info>
</gc-start>
<allocation-stats totalBytes="715485288" >
  <allocated-bytes non-tlh="9145040" tlh="706340248" />
  <largest-consumer threadName="Group1.Backend.CompositeBackend{Tier1}.1" threadId="0000000000C5AC00" bytes="158758304" />
</allocation-stats>
<gc-op id="7673" type="scavenge" timems="94.030" contextid="7670" timestamp="2020-09-12T19:36:29.303">
  <scavenger-info tenureage="7" tenuremask="7f80" tiltratio="86" />
  <memory-copied type="nursery" objects="3783103" bytes="101146160" bytesdiscarded="225568" />
  <memory-copied type="tenure" objects="377196" bytes="10118288" bytesdiscarded="520496" />
  <ownableSynchronizers candidates="9492" cleared="1005" />
  <references type="soft" candidates="7363" cleared="0" enqueued="0" dynamicThreshold="16" maxThreshold="32" />
  <references type="weak" candidates="83" cleared="75" enqueued="0" />
</gc-op>
<gc-end id="7674" type="scavenge" contextid="7670" durationms="94.831" usertimems="701.066" systemtimems="7.368" timestamp="2020-09-12T19:36:29.304" activeThreads="8">
  <mem-info id="7675" free="1768239584" total="3259498496" percent="54">
    <mem type="nursery" free="717525760" total="939524096" percent="76">
      <mem type="allocate" free="717525760" total="818937856" percent="87" />
      <mem type="survivor" free="0" total="120586240" percent="0" />
    </mem>
    <mem type="tenure" free="1050713824" total="2319974400" percent="45" macro-fragmented="0">
      <mem type="soa" free="962045544" total="2180775936" percent="44" />
      <mem type="loa" free="88668280" total="139198464" percent="63" />
    </mem>
    <remembered-set count="32143" />
  </mem-info>
</gc-end>
<cycle-end id="7676" type="scavenge" contextid="7670" timestamp="2020-09-12T19:36:29.304" />
<allocation-satisfied id="7677" threadId="0000000000C5E800" bytesRequested="416" />
<af-end id="7678" timestamp="2020-09-12T19:36:29.304" threadId="0000000000C5F180" success="true" from="nursery"/>
<exclusive-end id="7679" timestamp="2020-09-12T19:36:29.304" durationms="96.365" />

<exclusive-start id="7680" timestamp="2020-09-12T19:36:29.887" intervalms="678.880">
  <response-info timems="3.511" idlems="3.511" threads="0" lastid="0000000000CEC600" lastname="Group1.Backend.CompositeBackend{Tier1}.8" />
</exclusive-start>
<af-start id="7681" threadId="0000000000CECF80" totalBytesRequested="168" timestamp="2020-09-12T19:36:29.888" intervalms="679.334" type="nursery" />
<cycle-start id="7682" type="scavenge" contextid="0" timestamp="2020-09-12T19:36:29.888" intervalms="679.451" />
<gc-start id="7683" type="scavenge" contextid="7682" timestamp="2020-09-12T19:36:29.889">
  <mem-info id="7684" free="1050713824" total="3259498496" percent="32">
    <mem type="nursery" free="0" total="939524096" percent="0">
      <mem type="allocate" free="0" total="818937856" percent="0" />
      <mem type="survivor" free="0" total="120586240" percent="0" />
    </mem>
    <mem type="tenure" free="1050713824" total="2319974400" percent="45">
      <mem type="soa" free="962045544" total="2180775936" percent="44" />
      <mem type="loa" free="88668280" total="139198464" percent="63" />
    </mem>
    <remembered-set count="120905" />
  </mem-info>
</gc-start>
<allocation-stats totalBytes="716950248" >
  <allocated-bytes non-tlh="11409856" tlh="705540392" />
  <largest-consumer threadName="Group1.Backend.CompositeBackend{Tier1}.2" threadId="00000000009CBF00" bytes="142172160" />
</allocation-stats>
<gc-op id="7685" type="scavenge" timems="77.462" contextid="7682" timestamp="2020-09-12T19:36:29.966">
  <scavenger-info tenureage="7" tenuremask="7f80" tiltratio="87" />
  <memory-copied type="nursery" objects="3757153" bytes="100661344" bytesdiscarded="127752" />
  <memory-copied type="tenure" objects="449508" bytes="12053496" bytesdiscarded="15144" />
  <ownableSynchronizers candidates="9102" cleared="871" />
  <references type="soft" candidates="6949" cleared="0" enqueued="0" dynamicThreshold="16" maxThreshold="32" />
  <references type="weak" candidates="87" cleared="79" enqueued="0" />
</gc-op>
<gc-end id="7686" type="scavenge" contextid="7682" durationms="78.268" usertimems="585.698" systemtimems="6.328" timestamp="2020-09-12T19:36:29.967" activeThreads="8">
  <mem-info id="7687" free="1757804296" total="3259498496" percent="53">
    <mem type="nursery" free="719547376" total="939524096" percent="76">
      <mem type="allocate" free="719547376" total="820379648" percent="87" />
      <mem type="survivor" free="0" total="119144448" percent="0" />
    </mem>
    <mem type="tenure" free="1038256920" total="2319974400" percent="44" macro-fragmented="0">
      <mem type="soa" free="949588640" total="2180775936" percent="43" />
      <mem type="loa" free="88668280" total="139198464" percent="63" />
    </mem>
    <remembered-set count="32191" />
  </mem-info>
</gc-end>
<cycle-end id="7688" type="scavenge" contextid="7682" timestamp="2020-09-12T19:36:29.967" />
<allocation-satisfied id="7689" threadId="0000000000CEC600" bytesRequested="168" />
<af-end id="7690" timestamp="2020-09-12T19:36:29.967" threadId="0000000000CECF80" success="true" from="nursery"/>
<exclusive-end id="7691" timestamp="2020-09-12T19:36:29.967" durationms="80.381" />

<exclusive-start id="7692" timestamp="2020-09-12T19:36:34.156" intervalms="4268.712">
  <response-info timems="0.115" idlems="0.115" threads="0" lastid="0000000000B1A200" lastname="ForkJoinPool-19-worker-3" />
</exclusive-start>
<af-start id="7693" threadId="0000000000B1AB80" totalBytesRequested="32" timestamp="2020-09-12T19:36:34.156" intervalms="4267.801" type="nursery" />
<cycle-start id="7694" type="scavenge" contextid="0" timestamp="2020-09-12T19:36:34.156" intervalms="4267.586" />
<gc-start id="7695" type="scavenge" contextid="7694" timestamp="2020-09-12T19:36:34.156">
  <mem-info id="7696" free="1038183120" total="3259498496" percent="31">
    <mem type="nursery" free="0" total="939524096" percent="0">
      <mem type="allocate" free="0" total="820379648" percent="0" />
      <mem type="survivor" free="0" total="119144448" percent="0" />
    </mem>
    <mem type="tenure" free="1038183120" total="2319974400" percent="44">
      <mem type="soa" free="949514840" total="2180775936" percent="43" />
      <mem type="loa" free="88668280" total="139198464" percent="63" />
    </mem>
    <remembered-set count="125059" />
  </mem-info>
</gc-start>
<allocation-stats totalBytes="719079544" >
  <allocated-bytes non-tlh="13240296" tlh="705839248" />
  <largest-consumer threadName="ForkJoinPool-19-worker-3" threadId="0000000000B1A200" bytes="10379200" />
</allocation-stats>
<gc-op id="7697" type="scavenge" timems="82.904" contextid="7694" timestamp="2020-09-12T19:36:34.239">
  <scavenger-info tenureage="7" tenuremask="7f80" tiltratio="87" />
  <memory-copied type="nursery" objects="3794005" bytes="105549688" bytesdiscarded="389792" />
  <memory-copied type="tenure" objects="414959" bytes="11117560" bytesdiscarded="3352" />
  <finalization candidates="1" enqueued="0" />
  <ownableSynchronizers candidates="9114" cleared="1326" />
  <references type="soft" candidates="6920" cleared="0" enqueued="0" dynamicThreshold="16" maxThreshold="32" />
  <references type="weak" candidates="500" cleared="432" enqueued="352" />
  <references type="phantom" candidates="14" cleared="5" enqueued="5" />
</gc-op>
<gc-end id="7698" type="scavenge" contextid="7694" durationms="83.358" usertimems="633.689" systemtimems="0.000" timestamp="2020-09-12T19:36:34.239" activeThreads="8">
  <mem-info id="7699" free="1737604904" total="3259498496" percent="53">
    <mem type="nursery" free="710725392" total="939524096" percent="75">
      <mem type="allocate" free="710725392" total="816709632" percent="87" />
      <mem type="survivor" free="0" total="122814464" percent="0" />
    </mem>
    <mem type="tenure" free="1026879512" total="2319974400" percent="44" macro-fragmented="0">
      <mem type="soa" free="938211232" total="2180775936" percent="43" />
      <mem type="loa" free="88668280" total="139198464" percent="63" />
    </mem>
    <pending-finalizers system="0" default="0" reference="357" classloader="0" />
    <remembered-set count="32770" />
  </mem-info>
</gc-end>
<cycle-end id="7700" type="scavenge" contextid="7694" timestamp="2020-09-12T19:36:34.241" />
<allocation-satisfied id="7701" threadId="0000000000B1A200" bytesRequested="32" />
<af-end id="7702" timestamp="2020-09-12T19:36:34.241" threadId="0000000000B1AB80" success="true" from="nursery"/>
<exclusive-end id="7703" timestamp="2020-09-12T19:36:34.241" durationms="85.580" />

</verbosegc>

