<?xml version="1.0" ?>

<verbosegc xmlns="http://www.ibm.com/j9/verbosegc" version="c1dd04cca_CMPRSS">

!@: MM_VerboseWriterFileLoggingSynchronous::openFile

!@: Before Trigger

<exclusive-start id="3691" timestamp="2020-09-12T19:26:12.413" intervalms="2065.343">
  <response-info timems="0.523" idlems="0.523" threads="0" lastid="0000000000842200" lastname="Group1.Backend.CompositeBackend{Tier1}.6" />
</exclusive-start>
!@: handleInitialized
<initialized id="3692" timestamp="2020-09-12T19:26:12.414">
  <attribute name="gcPolicy" value="-Xgcpolicy:gencon" />
  <attribute name="maxHeapSize" value="0xe0000000" />
  <attribute name="initialHeapSize" value="0x800000" />
  <attribute name="compressedRefs" value="true" />
  <attribute name="compressedRefsDisplacement" value="0x0" />
  <attribute name="compressedRefsShift" value="0x0" />
  <attribute name="pageSize" value="0x1000" />
  <attribute name="pageType" value="not used" />
  <attribute name="requestedPageSize" value="0x1000" />
  <attribute name="requestedPageType" value="not used" />
  <attribute name="gcthreads" value="8" />
  <attribute name="packetListSplit" value="1" />
  <attribute name="cacheListSplit" value="1" />
  <attribute name="splitFreeListSplitAmount" value="1" />
  <attribute name="numaNodes" value="0" />
  <system>
    <attribute name="physicalMemory" value="16818675712" />
    <attribute name="numCPUs" value="8" />
    <attribute name="architecture" value="amd64" />
    <attribute name="os" value="Linux" />
    <attribute name="osVersion" value="4.15.0-117-generic" />
  </system>
  <vmargs>
    <vmarg name="-Xoptionsfile=/root/code/openj9-openjdk-jdk11/build/linux-x86_64-normal-server-release/jdk/lib/options.default" />
    <vmarg name="-Xlockword:mode=default,noLockword=java/lang/String,noLockword=java/util/MapEntry,noLockword=java/util/HashMap$Entry,noLockword..." />
    <vmarg name="-Xjcl:jclse29" />
    <vmarg name="-Dcom.ibm.oti.vm.bootstrap.library.path=/root/code/openj9-openjdk-jdk11/build/linux-x86_64-normal-server-release/jdk/lib/compre..." />
    <vmarg name="-Dsun.boot.library.path=/root/code/openj9-openjdk-jdk11/build/linux-x86_64-normal-server-release/jdk/lib/compressedrefs:/root/c..." />
    <vmarg name="-Djava.library.path=/root/code/openj9-openjdk-jdk11/build/linux-x86_64-normal-server-release/jdk/lib/compressedrefs:/root/code/..." />
    <vmarg name="-Djava.home=/root/code/openj9-openjdk-jdk11/build/linux-x86_64-normal-server-release/jdk" />
    <vmarg name="-Duser.dir=/root/specjbb2015" />
    <vmarg name="-verbose:gc" />
    <vmarg name="-Xmx3584M" />
    <vmarg name="-Xgc:noConcurrentMark" />
    <vmarg name="-Xtgc:parallel" />
    <vmarg name="-XX:-UseGCStartupHints" />
    <vmarg name="-Xgcpolicy:gencon" />
    <vmarg name="-Xverbosegclog:testOutput,5,100" />
    <vmarg name="-Djava.class.path=/root/specjbb2015/specjbb2015.jar" />
    <vmarg name="-Dsun.java.command=/root/specjbb2015/specjbb2015.jar -m COMPOSITE" />
    <vmarg name="-Dsun.java.launcher=SUN_STANDARD" />
    <vmarg name="-Dsun.java.launcher.pid=23170" />
  </vmargs>
</initialized>

!@: After Trigger

<af-start id="3693" threadId="0000000000842B80" totalBytesRequested="48" timestamp="2020-09-12T19:26:12.414" intervalms="2065.510" type="nursery" />
<cycle-start id="3694" type="scavenge" contextid="0" timestamp="2020-09-12T19:26:12.415" intervalms="2065.490" />
<gc-start id="3695" type="scavenge" contextid="3694" timestamp="2020-09-12T19:26:12.415">
  <mem-info id="3696" free="741616248" total="2853371904" percent="25">
    <mem type="nursery" free="0" total="939524096" percent="0">
      <mem type="allocate" free="0" total="803209216" percent="0" />
      <mem type="survivor" free="0" total="136314880" percent="0" />
    </mem>
    <mem type="tenure" free="741616248" total="1913847808" percent="38">
      <mem type="soa" free="633834056" total="1799016448" percent="35" />
      <mem type="loa" free="107782192" total="114831360" percent="93" />
    </mem>
    <remembered-set count="191742" />
  </mem-info>
</gc-start>
<allocation-stats totalBytes="685870464" >
  <allocated-bytes non-tlh="33385072" tlh="652485392" />
  <largest-consumer threadName="Group1.Backend.CompositeBackend{Tier1}.6" threadId="0000000000842200" bytes="104082824" />
</allocation-stats>
<gc-op id="3697" type="scavenge" timems="107.935" contextid="3694" timestamp="2020-09-12T19:26:12.523">
  <scavenger-info tenureage="3" tenuremask="7ff8" tiltratio="85" />
  <memory-copied type="nursery" objects="4344306" bytes="115697328" bytesdiscarded="152968" />
  <memory-copied type="tenure" objects="1106697" bytes="29744296" bytesdiscarded="79640" />
  <ownableSynchronizers candidates="4713" cleared="4369" />
  <references type="soft" candidates="311" cleared="0" enqueued="0" dynamicThreshold="18" maxThreshold="32" />
  <references type="weak" candidates="113" cleared="112" enqueued="0" />
</gc-op>
<gc-end id="3698" type="scavenge" contextid="3694" durationms="108.814" usertimems="796.256" systemtimems="0.000" timestamp="2020-09-12T19:26:12.524" activeThreads="8">
  <mem-info id="3699" free="1400336696" total="2853371904" percent="49">
    <mem type="nursery" free="688391672" total="939524096" percent="73">
      <mem type="allocate" free="688391672" total="804323328" percent="85" />
      <mem type="survivor" free="0" total="135200768" percent="0" />
    </mem>
    <mem type="tenure" free="711945024" total="1913847808" percent="37" macro-fragmented="0">
      <mem type="soa" free="604162832" total="1799016448" percent="33" />
      <mem type="loa" free="107782192" total="114831360" percent="93" />
    </mem>
    <remembered-set count="28968" />
  </mem-info>
</gc-end>
<cycle-end id="3700" type="scavenge" contextid="3694" timestamp="2020-09-12T19:26:12.524" />
<allocation-satisfied id="3701" threadId="0000000000842200" bytesRequested="48" />
<af-end id="3702" timestamp="2020-09-12T19:26:12.524" threadId="0000000000842B80" success="true" from="nursery"/>
<exclusive-end id="3703" timestamp="2020-09-12T19:26:12.525" durationms="111.168" />

<exclusive-start id="3704" timestamp="2020-09-12T19:26:14.489" intervalms="2076.023">
  <response-info timems="0.362" idlems="0.362" threads="0" lastid="0000000000841700" lastname="Group1.Backend.CompositeBackend{Tier1}.5" />
</exclusive-start>
<af-start id="3705" threadId="0000000000842080" totalBytesRequested="8200" timestamp="2020-09-12T19:26:14.490" intervalms="2075.620" type="nursery" />
<cycle-start id="3706" type="scavenge" contextid="0" timestamp="2020-09-12T19:26:14.490" intervalms="2075.598" />
<gc-start id="3707" type="scavenge" contextid="3706" timestamp="2020-09-12T19:26:14.491">
  <mem-info id="3708" free="711945024" total="2853371904" percent="24">
    <mem type="nursery" free="0" total="939524096" percent="0">
      <mem type="allocate" free="0" total="804323328" percent="0" />
      <mem type="survivor" free="0" total="135200768" percent="0" />
    </mem>
    <mem type="tenure" free="711945024" total="1913847808" percent="37">
      <mem type="soa" free="604162832" total="1799016448" percent="33" />
      <mem type="loa" free="107782192" total="114831360" percent="93" />
    </mem>
    <remembered-set count="192599" />
  </mem-info>
</gc-start>
<allocation-stats totalBytes="688046584" >
  <allocated-bytes non-tlh="32713872" tlh="655332712" />
  <largest-consumer threadName="Group1.Backend.CompositeBackend{Tier1}.5" threadId="0000000000841700" bytes="91807280" />
</allocation-stats>
<gc-op id="3709" type="scavenge" timems="104.304" contextid="3706" timestamp="2020-09-12T19:26:14.595">
  <scavenger-info tenureage="3" tenuremask="7ff8" tiltratio="85" />
  <memory-copied type="nursery" objects="4122228" bytes="110547392" bytesdiscarded="147848" />
  <memory-copied type="tenure" objects="1148930" bytes="30911016" bytesdiscarded="68080" />
  <ownableSynchronizers candidates="3994" cleared="3629" />
  <references type="soft" candidates="292" cleared="0" enqueued="0" dynamicThreshold="18" maxThreshold="32" />
  <references type="weak" candidates="118" cleared="118" enqueued="0" />
</gc-op>
<gc-end id="3710" type="scavenge" contextid="3706" durationms="105.326" usertimems="811.626" systemtimems="3.691" timestamp="2020-09-12T19:26:14.596" activeThreads="8">
  <mem-info id="3711" free="1375702856" total="2853371904" percent="48">
    <mem type="nursery" free="694658048" total="939524096" percent="73">
      <mem type="allocate" free="694658048" total="805437440" percent="86" />
      <mem type="survivor" free="0" total="134086656" percent="0" />
    </mem>
    <mem type="tenure" free="681044808" total="1913847808" percent="35" macro-fragmented="0">
      <mem type="soa" free="573262616" total="1799016448" percent="31" />
      <mem type="loa" free="107782192" total="114831360" percent="93" />
    </mem>
    <remembered-set count="29987" />
  </mem-info>
</gc-end>
<cycle-end id="3712" type="scavenge" contextid="3706" timestamp="2020-09-12T19:26:14.597" />
<allocation-satisfied id="3713" threadId="0000000000841700" bytesRequested="8200" />
<af-end id="3714" timestamp="2020-09-12T19:26:14.597" threadId="0000000000842080" success="true" from="nursery"/>
<exclusive-end id="3715" timestamp="2020-09-12T19:26:14.597" durationms="107.346" />

<exclusive-start id="3716" timestamp="2020-09-12T19:26:16.702" intervalms="2212.246">
  <response-info timems="1.193" idlems="0.600" threads="1" lastid="0000000000845300" lastname="Group1.Backend.CompositeBackend{Tier1}.3" />
</exclusive-start>
<af-start id="3717" threadId="000000000077E980" totalBytesRequested="10008" timestamp="2020-09-12T19:26:16.702" intervalms="2212.273" type="nursery" />
<cycle-start id="3718" type="scavenge" contextid="0" timestamp="2020-09-12T19:26:16.703" intervalms="2212.279" />
<gc-start id="3719" type="scavenge" contextid="3718" timestamp="2020-09-12T19:26:16.703">
  <mem-info id="3720" free="681044808" total="2853371904" percent="23">
    <mem type="nursery" free="0" total="939524096" percent="0">
      <mem type="allocate" free="0" total="805437440" percent="0" />
      <mem type="survivor" free="0" total="134086656" percent="0" />
    </mem>
    <mem type="tenure" free="681044808" total="1913847808" percent="35">
      <mem type="soa" free="573262616" total="1799016448" percent="31" />
      <mem type="loa" free="107782192" total="114831360" percent="93" />
    </mem>
    <remembered-set count="196417" />
  </mem-info>
</gc-start>
<allocation-stats totalBytes="694325680" >
  <allocated-bytes non-tlh="29343488" tlh="664982192" />
  <largest-consumer threadName="Group1.Backend.CompositeBackend{Tier1}.7" threadId="0000000000842E00" bytes="111130104" />
</allocation-stats>
<gc-op id="3721" type="scavenge" timems="127.406" contextid="3718" timestamp="2020-09-12T19:26:16.830">
  <scavenger-info tenureage="3" tenuremask="7ff8" tiltratio="85" />
  <memory-copied type="nursery" objects="4577436" bytes="120840608" bytesdiscarded="281888" />
  <memory-copied type="tenure" objects="1091724" bytes="29359560" bytesdiscarded="81680" />
  <ownableSynchronizers candidates="4977" cleared="4616" />
  <references type="soft" candidates="289" cleared="0" enqueued="0" dynamicThreshold="18" maxThreshold="32" />
  <references type="weak" candidates="99" cleared="98" enqueued="0" />
</gc-op>
<gc-end id="3722" type="scavenge" contextid="3718" durationms="128.381" usertimems="945.944" systemtimems="0.000" timestamp="2020-09-12T19:26:16.831" activeThreads="8">
  <mem-info id="3723" free="1325448680" total="2853371904" percent="46">
    <mem type="nursery" free="673935512" total="939524096" percent="71">
      <mem type="allocate" free="673935512" total="795148288" percent="84" />
      <mem type="survivor" free="0" total="144375808" percent="0" />
    </mem>
    <mem type="tenure" free="651513168" total="1913847808" percent="34" macro-fragmented="0">
      <mem type="soa" free="543730976" total="1799016448" percent="30" />
      <mem type="loa" free="107782192" total="114831360" percent="93" />
    </mem>
    <remembered-set count="31894" />
  </mem-info>
</gc-end>
<cycle-end id="3724" type="scavenge" contextid="3718" timestamp="2020-09-12T19:26:16.832" />
<allocation-satisfied id="3725" threadId="000000000077E000" bytesRequested="10008" />
<af-end id="3726" timestamp="2020-09-12T19:26:16.832" threadId="000000000077E980" success="true" from="nursery"/>
<exclusive-end id="3727" timestamp="2020-09-12T19:26:16.832" durationms="130.272" />

<exclusive-start id="3728" timestamp="2020-09-12T19:26:18.668" intervalms="1966.185">
  <response-info timems="0.481" idlems="0.481" threads="0" lastid="0000000000841700" lastname="Group1.Backend.CompositeBackend{Tier1}.5" />
</exclusive-start>
<af-start id="3729" threadId="0000000000842080" totalBytesRequested="16" timestamp="2020-09-12T19:26:18.669" intervalms="1966.360" type="nursery" />
<cycle-start id="3730" type="scavenge" contextid="0" timestamp="2020-09-12T19:26:18.669" intervalms="1966.396" />
<gc-start id="3731" type="scavenge" contextid="3730" timestamp="2020-09-12T19:26:18.669">
  <mem-info id="3732" free="651513168" total="2853371904" percent="22">
    <mem type="nursery" free="0" total="939524096" percent="0">
      <mem type="allocate" free="0" total="795148288" percent="0" />
      <mem type="survivor" free="0" total="144375808" percent="0" />
    </mem>
    <mem type="tenure" free="651513168" total="1913847808" percent="34">
      <mem type="soa" free="543730976" total="1799016448" percent="30" />
      <mem type="loa" free="107782192" total="114831360" percent="93" />
    </mem>
    <remembered-set count="189613" />
  </mem-info>
</gc-start>
<allocation-stats totalBytes="673627424" >
  <allocated-bytes non-tlh="39033832" tlh="634593592" />
  <largest-consumer threadName="Group1.Backend.CompositeBackend{Tier1}.8" threadId="0000000000843900" bytes="90214288" />
</allocation-stats>
<gc-op id="3733" type="scavenge" timems="98.185" contextid="3730" timestamp="2020-09-12T19:26:18.767">
  <scavenger-info tenureage="3" tenuremask="7ff8" tiltratio="84" />
  <memory-copied type="nursery" objects="4101515" bytes="109927432" bytesdiscarded="136368" />
  <memory-copied type="tenure" objects="1085354" bytes="29187704" bytesdiscarded="83704" />
  <ownableSynchronizers candidates="4002" cleared="3650" />
  <references type="soft" candidates="278" cleared="0" enqueued="0" dynamicThreshold="18" maxThreshold="32" />
  <references type="weak" candidates="122" cleared="122" enqueued="0" />
</gc-op>
<gc-end id="3734" type="scavenge" contextid="3730" durationms="99.474" usertimems="698.556" systemtimems="1.885" timestamp="2020-09-12T19:26:18.769" activeThreads="8">
  <mem-info id="3735" free="1309132184" total="2853371904" percent="45">
    <mem type="nursery" free="686837504" total="939524096" percent="73">
      <mem type="allocate" free="686837504" total="796983296" percent="86" />
      <mem type="survivor" free="0" total="142540800" percent="0" />
    </mem>
    <mem type="tenure" free="622294680" total="1913847808" percent="32" macro-fragmented="0">
      <mem type="soa" free="514512488" total="1799016448" percent="28" />
      <mem type="loa" free="107782192" total="114831360" percent="93" />
    </mem>
    <remembered-set count="30898" />
  </mem-info>
</gc-end>
<cycle-end id="3736" type="scavenge" contextid="3730" timestamp="2020-09-12T19:26:18.770" />
<allocation-satisfied id="3737" threadId="0000000000841700" bytesRequested="16" />
<af-end id="3738" timestamp="2020-09-12T19:26:18.770" threadId="0000000000842080" success="true" from="nursery"/>
<exclusive-end id="3739" timestamp="2020-09-12T19:26:18.770" durationms="101.867" />

<exclusive-start id="3740" timestamp="2020-09-12T19:26:20.703" intervalms="2034.833">
  <response-info timems="0.779" idlems="0.498" threads="1" lastid="0000000000845300" lastname="Group1.Backend.CompositeBackend{Tier1}.3" />
</exclusive-start>
<af-start id="3741" threadId="0000000000A92E80" totalBytesRequested="16" timestamp="2020-09-12T19:26:20.703" intervalms="2034.664" type="nursery" />
<cycle-start id="3742" type="scavenge" contextid="0" timestamp="2020-09-12T19:26:20.704" intervalms="2034.750" />
<gc-start id="3743" type="scavenge" contextid="3742" timestamp="2020-09-12T19:26:20.704">
  <mem-info id="3744" free="622294680" total="2853371904" percent="21">
    <mem type="nursery" free="0" total="939524096" percent="0">
      <mem type="allocate" free="0" total="796983296" percent="0" />
      <mem type="survivor" free="0" total="142540800" percent="0" />
    </mem>
    <mem type="tenure" free="622294680" total="1913847808" percent="32">
      <mem type="soa" free="514512488" total="1799016448" percent="28" />
      <mem type="loa" free="107782192" total="114831360" percent="93" />
    </mem>
    <remembered-set count="192414" />
  </mem-info>
</gc-start>
<allocation-stats totalBytes="686515208" >
  <allocated-bytes non-tlh="33716640" tlh="652798568" />
  <largest-consumer threadName="Group1.Backend.CompositeBackend{Tier1}.3" threadId="0000000000845300" bytes="95482928" />
</allocation-stats>
<gc-op id="3745" type="scavenge" timems="102.972" contextid="3742" timestamp="2020-09-12T19:26:20.807">
  <scavenger-info tenureage="3" tenuremask="7ff8" tiltratio="84" />
  <memory-copied type="nursery" objects="4101581" bytes="110447360" bytesdiscarded="190440" />
  <memory-copied type="tenure" objects="1098550" bytes="29526688" bytesdiscarded="94800" />
  <ownableSynchronizers candidates="4173" cleared="3832" />
  <references type="soft" candidates="283" cleared="0" enqueued="0" dynamicThreshold="18" maxThreshold="32" />
  <references type="weak" candidates="127" cleared="127" enqueued="0" />
</gc-op>
<gc-end id="3746" type="scavenge" contextid="3742" durationms="103.858" usertimems="748.190" systemtimems="12.795" timestamp="2020-09-12T19:26:20.808" activeThreads="8">
  <mem-info id="3747" free="1282470064" total="2853371904" percent="44">
    <mem type="nursery" free="689928696" total="939524096" percent="73">
      <mem type="allocate" free="689928696" total="800653312" percent="86" />
      <mem type="survivor" free="0" total="138870784" percent="0" />
    </mem>
    <mem type="tenure" free="592541368" total="1913847808" percent="30" macro-fragmented="0">
      <mem type="soa" free="484759176" total="1799016448" percent="26" />
      <mem type="loa" free="107782192" total="114831360" percent="93" />
    </mem>
    <remembered-set count="30124" />
  </mem-info>
</gc-end>
<cycle-end id="3748" type="scavenge" contextid="3742" timestamp="2020-09-12T19:26:20.809" />
<allocation-satisfied id="3749" threadId="0000000000A92500" bytesRequested="16" />
<af-end id="3750" timestamp="2020-09-12T19:26:20.809" threadId="0000000000A92E80" success="true" from="nursery"/>
<exclusive-end id="3751" timestamp="2020-09-12T19:26:20.809" durationms="106.019" />

<exclusive-start id="3752" timestamp="2020-09-12T19:26:22.859" intervalms="2156.765">
  <response-info timems="0.782" idlems="0.782" threads="0" lastid="0000000000842E00" lastname="Group1.Backend.CompositeBackend{Tier1}.7" />
</exclusive-start>
<af-start id="3753" threadId="0000000000843780" totalBytesRequested="16" timestamp="2020-09-12T19:26:22.860" intervalms="2156.804" type="nursery" />
<cycle-start id="3754" type="scavenge" contextid="0" timestamp="2020-09-12T19:26:22.860" intervalms="2156.697" />
<gc-start id="3755" type="scavenge" contextid="3754" timestamp="2020-09-12T19:26:22.861">
  <mem-info id="3756" free="592541368" total="2853371904" percent="20">
    <mem type="nursery" free="0" total="939524096" percent="0">
      <mem type="allocate" free="0" total="800653312" percent="0" />
      <mem type="survivor" free="0" total="138870784" percent="0" />
    </mem>
    <mem type="tenure" free="592541368" total="1913847808" percent="30">
      <mem type="soa" free="484759176" total="1799016448" percent="26" />
      <mem type="loa" free="107782192" total="114831360" percent="93" />
    </mem>
    <remembered-set count="193283" />
  </mem-info>
</gc-start>
<allocation-stats totalBytes="689605864" >
  <allocated-bytes non-tlh="31357712" tlh="658248152" />
  <largest-consumer threadName="Group1.Backend.CompositeBackend{Tier1}.8" threadId="0000000000843900" bytes="99558312" />
</allocation-stats>
<gc-op id="3757" type="scavenge" timems="132.226" contextid="3754" timestamp="2020-09-12T19:26:22.993">
  <scavenger-info tenureage="3" tenuremask="7ff8" tiltratio="85" />
  <memory-copied type="nursery" objects="3974895" bytes="107270384" bytesdiscarded="235896" />
  <memory-copied type="tenure" objects="1143898" bytes="30733352" bytesdiscarded="92552" />
  <ownableSynchronizers candidates="4234" cleared="3895" />
  <references type="soft" candidates="285" cleared="0" enqueued="0" dynamicThreshold="18" maxThreshold="32" />
  <references type="weak" candidates="121" cleared="121" enqueued="0" />
</gc-op>
<gc-end id="3758" type="scavenge" contextid="3754" durationms="133.153" usertimems="957.953" systemtimems="19.300" timestamp="2020-09-12T19:26:22.994" activeThreads="8">
  <mem-info id="3759" free="1257910016" total="2853371904" percent="44">
    <mem type="nursery" free="696081400" total="939524096" percent="74">
      <mem type="allocate" free="696081400" total="803667968" percent="86" />
      <mem type="survivor" free="0" total="135856128" percent="0" />
    </mem>
    <mem type="tenure" free="561828616" total="1913847808" percent="29" macro-fragmented="0">
      <mem type="soa" free="454046424" total="1799016448" percent="25" />
      <mem type="loa" free="107782192" total="114831360" percent="93" />
    </mem>
    <remembered-set count="27927" />
  </mem-info>
</gc-end>
<cycle-end id="3760" type="scavenge" contextid="3754" timestamp="2020-09-12T19:26:22.995" />
<allocation-satisfied id="3761" threadId="0000000000842E00" bytesRequested="16" />
<af-end id="3762" timestamp="2020-09-12T19:26:22.995" threadId="0000000000843780" success="true" from="nursery"/>
<exclusive-end id="3763" timestamp="2020-09-12T19:26:22.996" durationms="136.234" />

<exclusive-start id="3764" timestamp="2020-09-12T19:26:25.013" intervalms="2153.825">
  <response-info timems="2.193" idlems="2.193" threads="0" lastid="0000000000841700" lastname="Group1.Backend.CompositeBackend{Tier1}.5" />
</exclusive-start>
<af-start id="3765" threadId="0000000000842080" totalBytesRequested="16" timestamp="2020-09-12T19:26:25.014" intervalms="2153.836" type="nursery" />
<cycle-start id="3766" type="scavenge" contextid="0" timestamp="2020-09-12T19:26:25.014" intervalms="2153.820" />
<gc-start id="3767" type="scavenge" contextid="3766" timestamp="2020-09-12T19:26:25.014">
  <mem-info id="3768" free="561828616" total="2853371904" percent="19">
    <mem type="nursery" free="0" total="939524096" percent="0">
      <mem type="allocate" free="0" total="803667968" percent="0" />
      <mem type="survivor" free="0" total="135856128" percent="0" />
    </mem>
    <mem type="tenure" free="561828616" total="1913847808" percent="29">
      <mem type="soa" free="454046424" total="1799016448" percent="25" />
      <mem type="loa" free="107782192" total="114831360" percent="93" />
    </mem>
    <remembered-set count="193156" />
  </mem-info>
</gc-start>
<allocation-stats totalBytes="695728288" >
  <allocated-bytes non-tlh="29841488" tlh="665886800" />
  <largest-consumer threadName="Group1.Backend.CompositeBackend{Tier1}.8" threadId="0000000000843900" bytes="98562152" />
</allocation-stats>
<gc-op id="3769" type="scavenge" timems="112.203" contextid="3766" timestamp="2020-09-12T19:26:25.127">
  <scavenger-info tenureage="3" tenuremask="7ff8" tiltratio="85" />
  <memory-copied type="nursery" objects="4122629" bytes="111230872" bytesdiscarded="218088" />
  <memory-copied type="tenure" objects="1016842" bytes="27345512" bytesdiscarded="65152" />
  <ownableSynchronizers candidates="4169" cleared="3832" />
  <references type="soft" candidates="294" cleared="0" enqueued="0" dynamicThreshold="18" maxThreshold="32" />
  <references type="weak" candidates="118" cleared="118" enqueued="0" />
</gc-op>
<gc-end id="3770" type="scavenge" contextid="3766" durationms="113.260" usertimems="815.553" systemtimems="1.736" timestamp="2020-09-12T19:26:25.128" activeThreads="8">
  <mem-info id="3771" free="1227980584" total="2853371904" percent="43">
    <mem type="nursery" free="693509368" total="939524096" percent="73">
      <mem type="allocate" free="693509368" total="805044224" percent="86" />
      <mem type="survivor" free="0" total="134479872" percent="0" />
    </mem>
    <mem type="tenure" free="534471216" total="1913847808" percent="27" macro-fragmented="0">
      <mem type="soa" free="426689024" total="1799016448" percent="23" />
      <mem type="loa" free="107782192" total="114831360" percent="93" />
    </mem>
    <remembered-set count="28295" />
  </mem-info>
</gc-end>
<cycle-end id="3772" type="scavenge" contextid="3766" timestamp="2020-09-12T19:26:25.129" />
<allocation-satisfied id="3773" threadId="0000000000841700" bytesRequested="16" />
<af-end id="3774" timestamp="2020-09-12T19:26:25.129" threadId="0000000000842080" success="true" from="nursery"/>
<exclusive-end id="3775" timestamp="2020-09-12T19:26:25.129" durationms="115.436" />

<exclusive-start id="3776" timestamp="2020-09-12T19:26:27.046" intervalms="2033.093">
  <response-info timems="0.426" idlems="0.426" threads="0" lastid="0000000000845300" lastname="Group1.Backend.CompositeBackend{Tier1}.3" />
</exclusive-start>
<af-start id="3777" threadId="0000000000845C80" totalBytesRequested="136" timestamp="2020-09-12T19:26:27.047" intervalms="2032.966" type="nursery" />
<cycle-start id="3778" type="scavenge" contextid="0" timestamp="2020-09-12T19:26:27.047" intervalms="2032.968" />
<gc-start id="3779" type="scavenge" contextid="3778" timestamp="2020-09-12T19:26:27.047">
  <mem-info id="3780" free="534471216" total="2853371904" percent="18">
    <mem type="nursery" free="0" total="939524096" percent="0">
      <mem type="allocate" free="0" total="805044224" percent="0" />
      <mem type="survivor" free="0" total="134479872" percent="0" />
    </mem>
    <mem type="tenure" free="534471216" total="1913847808" percent="27">
      <mem type="soa" free="426689024" total="1799016448" percent="23" />
      <mem type="loa" free="107782192" total="114831360" percent="93" />
    </mem>
    <remembered-set count="189230" />
  </mem-info>
</gc-start>
<allocation-stats totalBytes="693184520" >
  <allocated-bytes non-tlh="38904424" tlh="654280096" />
  <largest-consumer threadName="Group1.Backend.CompositeBackend{Tier1}.4" threadId="0000000000846A00" bytes="99799528" />
</allocation-stats>
<gc-op id="3781" type="scavenge" timems="94.876" contextid="3778" timestamp="2020-09-12T19:26:27.142">
  <scavenger-info tenureage="3" tenuremask="7ff8" tiltratio="85" />
  <memory-copied type="nursery" objects="4097534" bytes="110019528" bytesdiscarded="178696" />
  <memory-copied type="tenure" objects="1110154" bytes="30367208" bytesdiscarded="102400" />
  <ownableSynchronizers candidates="3694" cleared="3365" />
  <references type="soft" candidates="290" cleared="0" enqueued="0" dynamicThreshold="18" maxThreshold="32" />
  <references type="weak" candidates="127" cleared="127" enqueued="0" />
</gc-op>
<gc-end id="3782" type="scavenge" contextid="3778" durationms="95.723" usertimems="703.539" systemtimems="0.000" timestamp="2020-09-12T19:26:27.143" activeThreads="8">
  <mem-info id="3783" free="1200706160" total="2853371904" percent="42">
    <mem type="nursery" free="696730112" total="939524096" percent="74">
      <mem type="allocate" free="696730112" total="807010304" percent="86" />
      <mem type="survivor" free="0" total="132513792" percent="0" />
    </mem>
    <mem type="tenure" free="503976048" total="1913847808" percent="26" macro-fragmented="0">
      <mem type="soa" free="396193856" total="1799016448" percent="22" />
      <mem type="loa" free="107782192" total="114831360" percent="93" />
    </mem>
    <remembered-set count="29296" />
  </mem-info>
</gc-end>
<cycle-end id="3784" type="scavenge" contextid="3778" timestamp="2020-09-12T19:26:27.144" />
<allocation-satisfied id="3785" threadId="0000000000845300" bytesRequested="136" />
<af-end id="3786" timestamp="2020-09-12T19:26:27.144" threadId="0000000000845C80" success="true" from="nursery"/>
<exclusive-end id="3787" timestamp="2020-09-12T19:26:27.144" durationms="97.490" />

<exclusive-start id="3788" timestamp="2020-09-12T19:26:29.270" intervalms="2223.576">
  <response-info timems="0.552" idlems="0.552" threads="0" lastid="0000000000842E00" lastname="Group1.Backend.CompositeBackend{Tier1}.7" />
</exclusive-start>
<af-start id="3789" threadId="0000000000843780" totalBytesRequested="32" timestamp="2020-09-12T19:26:29.271" intervalms="2223.833" type="nursery" />
<cycle-start id="3790" type="scavenge" contextid="0" timestamp="2020-09-12T19:26:29.271" intervalms="2223.869" />
<gc-start id="3791" type="scavenge" contextid="3790" timestamp="2020-09-12T19:26:29.271">
  <mem-info id="3792" free="503976048" total="2853371904" percent="17">
    <mem type="nursery" free="0" total="939524096" percent="0">
      <mem type="allocate" free="0" total="807010304" percent="0" />
      <mem type="survivor" free="0" total="132513792" percent="0" />
    </mem>
    <mem type="tenure" free="503976048" total="1913847808" percent="26">
      <mem type="soa" free="396193856" total="1799016448" percent="22" />
      <mem type="loa" free="107782192" total="114831360" percent="93" />
    </mem>
    <remembered-set count="198886" />
  </mem-info>
</gc-start>
<allocation-stats totalBytes="696380664" >
  <allocated-bytes non-tlh="25110304" tlh="671270360" />
  <largest-consumer threadName="Group1.Backend.CompositeBackend{Tier1}.6" threadId="0000000000842200" bytes="89254096" />
</allocation-stats>
<gc-op id="3793" type="scavenge" timems="120.610" contextid="3790" timestamp="2020-09-12T19:26:29.392">
  <scavenger-info tenureage="3" tenuremask="7ff8" tiltratio="85" />
  <memory-copied type="nursery" objects="4183279" bytes="112263984" bytesdiscarded="253088" />
  <memory-copied type="tenure" objects="1102359" bytes="29642904" bytesdiscarded="113800" />
  <ownableSynchronizers candidates="4781" cleared="4437" />
  <references type="soft" candidates="303" cleared="0" enqueued="0" dynamicThreshold="18" maxThreshold="32" />
  <references type="weak" candidates="103" cleared="103" enqueued="0" />
</gc-op>
<gc-end id="3794" type="scavenge" contextid="3790" durationms="122.532" usertimems="892.085" systemtimems="21.900" timestamp="2020-09-12T19:26:29.394" activeThreads="8">
  <mem-info id="3795" free="1169526976" total="2853371904" percent="40">
    <mem type="nursery" free="695248128" total="939524096" percent="74">
      <mem type="allocate" free="695248128" total="807862272" percent="86" />
      <mem type="survivor" free="0" total="131661824" percent="0" />
    </mem>
    <mem type="tenure" free="474278848" total="1913847808" percent="24" macro-fragmented="0">
      <mem type="soa" free="366496656" total="1799016448" percent="20" />
      <mem type="loa" free="107782192" total="114831360" percent="93" />
    </mem>
    <remembered-set count="30858" />
  </mem-info>
</gc-end>
<cycle-end id="3796" type="scavenge" contextid="3790" timestamp="2020-09-12T19:26:29.395" />
<allocation-satisfied id="3797" threadId="0000000000842E00" bytesRequested="32" />
<af-end id="3798" timestamp="2020-09-12T19:26:29.395" threadId="0000000000843780" success="true" from="nursery"/>
<exclusive-end id="3799" timestamp="2020-09-12T19:26:29.395" durationms="125.136" />

<exclusive-start id="3800" timestamp="2020-09-12T19:26:31.317" intervalms="2046.578">
  <response-info timems="2.570" idlems="2.570" threads="0" lastid="0000000000843900" lastname="Group1.Backend.CompositeBackend{Tier1}.8" />
</exclusive-start>
<af-start id="3801" threadId="0000000000844280" totalBytesRequested="24" timestamp="2020-09-12T19:26:31.317" intervalms="2046.330" type="nursery" />
<cycle-start id="3802" type="scavenge" contextid="0" timestamp="2020-09-12T19:26:31.317" intervalms="2046.288" />
<gc-start id="3803" type="scavenge" contextid="3802" timestamp="2020-09-12T19:26:31.318">
  <mem-info id="3804" free="474278848" total="2853371904" percent="16">
    <mem type="nursery" free="0" total="939524096" percent="0">
      <mem type="allocate" free="0" total="807862272" percent="0" />
      <mem type="survivor" free="0" total="131661824" percent="0" />
    </mem>
    <mem type="tenure" free="474278848" total="1913847808" percent="24">
      <mem type="soa" free="366496656" total="1799016448" percent="20" />
      <mem type="loa" free="107782192" total="114831360" percent="93" />
    </mem>
    <remembered-set count="192449" />
  </mem-info>
</gc-start>
<allocation-stats totalBytes="694921984" >
  <allocated-bytes non-tlh="35759840" tlh="659162144" />
  <largest-consumer threadName="Group1.Backend.CompositeBackend{Tier1}.8" threadId="0000000000843900" bytes="106449360" />
</allocation-stats>
<gc-op id="3805" type="scavenge" timems="127.107" contextid="3802" timestamp="2020-09-12T19:26:31.445">
  <scavenger-info tenureage="3" tenuremask="7ff8" tiltratio="85" />
  <memory-copied type="nursery" objects="4136337" bytes="110962736" bytesdiscarded="147312" />
  <memory-copied type="tenure" objects="1116990" bytes="30053672" bytesdiscarded="73136" />
  <ownableSynchronizers candidates="4035" cleared="3694" />
  <references type="soft" candidates="298" cleared="0" enqueued="0" dynamicThreshold="18" maxThreshold="32" />
  <references type="weak" candidates="122" cleared="122" enqueued="0" />
</gc-op>
<gc-end id="3806" type="scavenge" contextid="3802" durationms="128.638" usertimems="901.091" systemtimems="15.396" timestamp="2020-09-12T19:26:31.446" activeThreads="8">
  <mem-info id="3807" free="1141990584" total="2853371904" percent="40">
    <mem type="nursery" free="697843200" total="939524096" percent="74">
      <mem type="allocate" free="697843200" total="809041920" percent="86" />
      <mem type="survivor" free="0" total="130482176" percent="0" />
    </mem>
    <mem type="tenure" free="444147384" total="1913847808" percent="23" macro-fragmented="0">
      <mem type="soa" free="336365192" total="1799016448" percent="18" />
      <mem type="loa" free="107782192" total="114831360" percent="93" />
    </mem>
    <remembered-set count="31784" />
  </mem-info>
</gc-end>
<cycle-end id="3808" type="scavenge" contextid="3802" timestamp="2020-09-12T19:26:31.448" />
<allocation-satisfied id="3809" threadId="0000000000843900" bytesRequested="24" />
<af-end id="3810" timestamp="2020-09-12T19:26:31.448" threadId="0000000000844280" success="true" from="nursery"/>
<exclusive-end id="3811" timestamp="2020-09-12T19:26:31.448" durationms="131.454" />

<exclusive-start id="3812" timestamp="2020-09-12T19:26:33.545" intervalms="2228.021">
  <response-info timems="0.360" idlems="0.138" threads="2" lastid="0000000000846A00" lastname="Group1.Backend.CompositeBackend{Tier1}.4" />
</exclusive-start>
<af-start id="3813" threadId="0000000000A74E80" totalBytesRequested="16" timestamp="2020-09-12T19:26:33.545" intervalms="2228.076" type="nursery" />
<cycle-start id="3814" type="scavenge" contextid="0" timestamp="2020-09-12T19:26:33.545" intervalms="2228.073" />
<gc-start id="3815" type="scavenge" contextid="3814" timestamp="2020-09-12T19:26:33.546">
  <mem-info id="3816" free="444147384" total="2853371904" percent="15">
    <mem type="nursery" free="0" total="939524096" percent="0">
      <mem type="allocate" free="0" total="809041920" percent="0" />
      <mem type="survivor" free="0" total="130482176" percent="0" />
    </mem>
    <mem type="tenure" free="444147384" total="1913847808" percent="23">
      <mem type="soa" free="336365192" total="1799016448" percent="18" />
      <mem type="loa" free="107782192" total="114831360" percent="93" />
    </mem>
    <remembered-set count="198050" />
  </mem-info>
</gc-start>
<allocation-stats totalBytes="697475296" >
  <allocated-bytes non-tlh="29351520" tlh="668123776" />
  <largest-consumer threadName="Group1.Backend.CompositeBackend{Tier1}.8" threadId="0000000000843900" bytes="85138112" />
</allocation-stats>
<gc-op id="3817" type="scavenge" timems="102.425" contextid="3814" timestamp="2020-09-12T19:26:33.648">
  <scavenger-info tenureage="3" tenuremask="7ff8" tiltratio="86" />
  <memory-copied type="nursery" objects="4211920" bytes="112957848" bytesdiscarded="394072" />
  <memory-copied type="tenure" objects="1070860" bytes="28795080" bytesdiscarded="111944" />
  <ownableSynchronizers candidates="4244" cleared="3901" />
  <references type="soft" candidates="307" cleared="0" enqueued="0" dynamicThreshold="18" maxThreshold="32" />
  <references type="weak" candidates="113" cleared="111" enqueued="0" />
</gc-op>
<gc-end id="3818" type="scavenge" contextid="3814" durationms="104.276" usertimems="768.506" systemtimems="3.094" timestamp="2020-09-12T19:26:33.650" activeThreads="8">
  <mem-info id="3819" free="1112188872" total="2853371904" percent="38">
    <mem type="nursery" free="696977664" total="939524096" percent="74">
      <mem type="allocate" free="696977664" total="810418176" percent="86" />
      <mem type="survivor" free="0" total="129105920" percent="0" />
    </mem>
    <mem type="tenure" free="415211208" total="1913847808" percent="21" macro-fragmented="0">
      <mem type="soa" free="307429016" total="1799016448" percent="17" />
      <mem type="loa" free="107782192" total="114831360" percent="93" />
    </mem>
    <remembered-set count="31519" />
  </mem-info>
</gc-end>
<cycle-end id="3820" type="scavenge" contextid="3814" timestamp="2020-09-12T19:26:33.651" />
<allocation-satisfied id="3821" threadId="0000000000A74500" bytesRequested="16" />
<af-end id="3822" timestamp="2020-09-12T19:26:33.651" threadId="0000000000A74E80" success="true" from="nursery"/>
<exclusive-end id="3823" timestamp="2020-09-12T19:26:33.651" durationms="106.566" />

<exclusive-start id="3824" timestamp="2020-09-12T19:26:35.586" intervalms="2041.939">
  <response-info timems="0.532" idlems="0.358" threads="2" lastid="0000000000843900" lastname="Group1.Backend.CompositeBackend{Tier1}.8" />
</exclusive-start>
<af-start id="3825" threadId="0000000000A88380" totalBytesRequested="1032" timestamp="2020-09-12T19:26:35.587" intervalms="2041.927" type="nursery" />
<cycle-start id="3826" type="scavenge" contextid="0" timestamp="2020-09-12T19:26:35.587" intervalms="2041.932" />
<gc-start id="3827" type="scavenge" contextid="3826" timestamp="2020-09-12T19:26:35.588">
  <mem-info id="3828" free="415211208" total="2853371904" percent="14">
    <mem type="nursery" free="0" total="939524096" percent="0">
      <mem type="allocate" free="0" total="810418176" percent="0" />
      <mem type="survivor" free="0" total="129105920" percent="0" />
    </mem>
    <mem type="tenure" free="415211208" total="1913847808" percent="21">
      <mem type="soa" free="307429016" total="1799016448" percent="17" />
      <mem type="loa" free="107782192" total="114831360" percent="93" />
    </mem>
    <remembered-set count="191628" />
  </mem-info>
</gc-start>
<allocation-stats totalBytes="696664216" >
  <allocated-bytes non-tlh="40914448" tlh="655749768" />
  <largest-consumer threadName="Group1.Backend.CompositeBackend{Tier1}.5" threadId="0000000000841700" bytes="92900296" />
</allocation-stats>
<gc-op id="3829" type="scavenge" timems="90.031" contextid="3826" timestamp="2020-09-12T19:26:35.678">
  <scavenger-info tenureage="3" tenuremask="7ff8" tiltratio="86" />
  <memory-copied type="nursery" objects="4095115" bytes="109826776" bytesdiscarded="176680" />
  <memory-copied type="tenure" objects="1168378" bytes="31399328" bytesdiscarded="94776" />
  <ownableSynchronizers candidates="3411" cleared="3088" />
  <references type="soft" candidates="256" cleared="0" enqueued="0" dynamicThreshold="18" maxThreshold="32" />
  <references type="weak" candidates="122" cleared="122" enqueued="0" />
</gc-op>
<gc-end id="3830" type="scavenge" contextid="3826" durationms="91.135" usertimems="702.907" systemtimems="1.509" timestamp="2020-09-12T19:26:35.679" activeThreads="8">
  <mem-info id="3831" free="1084582824" total="2853371904" percent="38">
    <mem type="nursery" free="700856576" total="939524096" percent="74">
      <mem type="allocate" free="700856576" total="810942464" percent="86" />
      <mem type="survivor" free="0" total="128581632" percent="0" />
    </mem>
    <mem type="tenure" free="383726248" total="1913847808" percent="20" macro-fragmented="0">
      <mem type="soa" free="275944056" total="1799016448" percent="15" />
      <mem type="loa" free="107782192" total="114831360" percent="93" />
    </mem>
    <remembered-set count="29475" />
  </mem-info>
</gc-end>
<cycle-end id="3832" type="scavenge" contextid="3826" timestamp="2020-09-12T19:26:35.680" />
<allocation-satisfied id="3833" threadId="0000000000A87A00" bytesRequested="1032" />
<af-end id="3834" timestamp="2020-09-12T19:26:35.680" threadId="0000000000A88380" success="true" from="nursery"/>
<exclusive-end id="3835" timestamp="2020-09-12T19:26:35.680" durationms="93.308" />

<exclusive-start id="3836" timestamp="2020-09-12T19:26:37.777" intervalms="2190.849">
  <response-info timems="0.695" idlems="0.695" threads="0" lastid="0000000000A80300" lastname="Group1.Backend.CompositeBackend{Tier3}.2" />
</exclusive-start>
<af-start id="3837" threadId="0000000000A80C80" totalBytesRequested="536" timestamp="2020-09-12T19:26:37.778" intervalms="2190.836" type="nursery" />
<cycle-start id="3838" type="scavenge" contextid="0" timestamp="2020-09-12T19:26:37.778" intervalms="2190.828" />
<gc-start id="3839" type="scavenge" contextid="3838" timestamp="2020-09-12T19:26:37.778">
  <mem-info id="3840" free="383726248" total="2853371904" percent="13">
    <mem type="nursery" free="0" total="939524096" percent="0">
      <mem type="allocate" free="0" total="810942464" percent="0" />
      <mem type="survivor" free="0" total="128581632" percent="0" />
    </mem>
    <mem type="tenure" free="383726248" total="1913847808" percent="20">
      <mem type="soa" free="275944056" total="1799016448" percent="15" />
      <mem type="loa" free="107782192" total="114831360" percent="93" />
    </mem>
    <remembered-set count="196541" />
  </mem-info>
</gc-start>
<allocation-stats totalBytes="700496232" >
  <allocated-bytes non-tlh="29711336" tlh="670784896" />
  <largest-consumer threadName="Group1.Backend.CompositeBackend{Tier1}.5" threadId="0000000000841700" bytes="106337160" />
</allocation-stats>
<gc-op id="3841" type="scavenge" timems="105.631" contextid="3838" timestamp="2020-09-12T19:26:37.884">
  <scavenger-info tenureage="3" tenuremask="7ff8" tiltratio="86" />
  <memory-copied type="nursery" objects="4282072" bytes="114737672" bytesdiscarded="667224" />
  <memory-copied type="tenure" objects="1056717" bytes="28411368" bytesdiscarded="74240" />
  <ownableSynchronizers candidates="3175" cleared="2889" />
  <references type="soft" candidates="243" cleared="0" enqueued="0" dynamicThreshold="18" maxThreshold="32" />
  <references type="weak" candidates="119" cleared="117" enqueued="0" />
</gc-op>
<gc-end id="3842" type="scavenge" contextid="3838" durationms="106.355" usertimems="745.970" systemtimems="0.000" timestamp="2020-09-12T19:26:37.885" activeThreads="8">
  <mem-info id="3843" free="1046193752" total="2853371904" percent="36">
    <mem type="nursery" free="691049880" total="939524096" percent="73">
      <mem type="allocate" free="691049880" total="806551552" percent="85" />
      <mem type="survivor" free="0" total="132972544" percent="0" />
    </mem>
    <mem type="tenure" free="355143872" total="1913847808" percent="18" macro-fragmented="1401591">
      <mem type="soa" free="247361680" total="1799016448" percent="13" />
      <mem type="loa" free="107782192" total="114831360" percent="93" />
    </mem>
    <remembered-set count="30216" />
  </mem-info>
</gc-end>
<cycle-end id="3844" type="scavenge" contextid="3838" timestamp="2020-09-12T19:26:37.885" />
<allocation-satisfied id="3845" threadId="0000000000A80300" bytesRequested="536" />
<af-end id="3846" timestamp="2020-09-12T19:26:37.885" threadId="0000000000A80C80" success="true" from="nursery"/>
<exclusive-end id="3847" timestamp="2020-09-12T19:26:37.885" durationms="108.027" />

<exclusive-start id="3848" timestamp="2020-09-12T19:26:39.829" intervalms="2052.106">
  <response-info timems="0.397" idlems="0.397" threads="0" lastid="000000000077E000" lastname="Group1.Backend.CompositeBackend{Tier1}.1" />
</exclusive-start>
<af-start id="3849" threadId="000000000077E980" totalBytesRequested="32" timestamp="2020-09-12T19:26:39.830" intervalms="2052.177" type="nursery" />
<cycle-start id="3850" type="scavenge" contextid="0" timestamp="2020-09-12T19:26:39.830" intervalms="2052.184" />
<gc-start id="3851" type="scavenge" contextid="3850" timestamp="2020-09-12T19:26:39.831">
  <mem-info id="3852" free="355143872" total="2853371904" percent="12">
    <mem type="nursery" free="0" total="939524096" percent="0">
      <mem type="allocate" free="0" total="806551552" percent="0" />
      <mem type="survivor" free="0" total="132972544" percent="0" />
    </mem>
    <mem type="tenure" free="355143872" total="1913847808" percent="18">
      <mem type="soa" free="247361680" total="1799016448" percent="13" />
      <mem type="loa" free="107782192" total="114831360" percent="93" />
    </mem>
    <remembered-set count="192228" />
  </mem-info>
</gc-start>
<allocation-stats totalBytes="690725136" >
  <allocated-bytes non-tlh="36518888" tlh="654206248" />
  <largest-consumer threadName="Group1.Backend.CompositeBackend{Tier1}.8" threadId="0000000000843900" bytes="95917120" />
</allocation-stats>
<gc-op id="3853" type="scavenge" timems="106.847" contextid="3850" timestamp="2020-09-12T19:26:39.938">
  <scavenger-info tenureage="3" tenuremask="7ff8" tiltratio="85" />
  <memory-copied type="nursery" objects="4456332" bytes="118150448" bytesdiscarded="122696" />
  <memory-copied type="tenure" objects="1151514" bytes="30968640" bytesdiscarded="79760" />
  <ownableSynchronizers candidates="3517" cleared="3228" />
  <references type="soft" candidates="235" cleared="0" enqueued="0" dynamicThreshold="18" maxThreshold="32" />
  <references type="weak" candidates="117" cleared="117" enqueued="0" />
</gc-op>
<gc-end id="3854" type="scavenge" contextid="3850" durationms="107.758" usertimems="806.879" systemtimems="0.000" timestamp="2020-09-12T19:26:39.938" activeThreads="8">
  <mem-info id="3855" free="1009818848" total="2853371904" percent="35">
    <mem type="nursery" free="685637888" total="939524096" percent="72">
      <mem type="allocate" free="685637888" total="803995648" percent="85" />
      <mem type="survivor" free="0" total="135528448" percent="0" />
    </mem>
    <mem type="tenure" free="324180960" total="1913847808" percent="16" macro-fragmented="0">
      <mem type="soa" free="216398768" total="1799016448" percent="12" />
      <mem type="loa" free="107782192" total="114831360" percent="93" />
    </mem>
    <remembered-set count="31231" />
  </mem-info>
</gc-end>
<cycle-end id="3856" type="scavenge" contextid="3850" timestamp="2020-09-12T19:26:39.939" />
<allocation-satisfied id="3857" threadId="000000000077E000" bytesRequested="32" />
<af-end id="3858" timestamp="2020-09-12T19:26:39.939" threadId="000000000077E980" success="true" from="nursery"/>
<exclusive-end id="3859" timestamp="2020-09-12T19:26:39.939" durationms="109.859" />

<exclusive-start id="3860" timestamp="2020-09-12T19:26:41.898" intervalms="2068.449">
  <response-info timems="0.267" idlems="0.267" threads="0" lastid="0000000000846A00" lastname="Group1.Backend.CompositeBackend{Tier1}.4" />
</exclusive-start>
<af-start id="3861" threadId="0000000000847380" totalBytesRequested="104" timestamp="2020-09-12T19:26:41.899" intervalms="2068.374" type="nursery" />
<cycle-start id="3862" type="scavenge" contextid="0" timestamp="2020-09-12T19:26:41.899" intervalms="2068.388" />
<gc-start id="3863" type="scavenge" contextid="3862" timestamp="2020-09-12T19:26:41.899">
  <mem-info id="3864" free="324180960" total="2853371904" percent="11">
    <mem type="nursery" free="0" total="939524096" percent="0">
      <mem type="allocate" free="0" total="803995648" percent="0" />
      <mem type="survivor" free="0" total="135528448" percent="0" />
    </mem>
    <mem type="tenure" free="324180960" total="1913847808" percent="16">
      <mem type="soa" free="216398768" total="1799016448" percent="12" />
      <mem type="loa" free="107782192" total="114831360" percent="93" />
    </mem>
    <remembered-set count="195087" />
  </mem-info>
</gc-start>
<allocation-stats totalBytes="685314280" >
  <allocated-bytes non-tlh="32859680" tlh="652454600" />
  <largest-consumer threadName="Group1.Backend.CompositeBackend{Tier1}.2" threadId="0000000000780600" bytes="88044056" />
</allocation-stats>
<gc-op id="3865" type="scavenge" timems="95.129" contextid="3862" timestamp="2020-09-12T19:26:41.994">
  <scavenger-info tenureage="3" tenuremask="7ff8" tiltratio="85" />
  <memory-copied type="nursery" objects="4101913" bytes="110209192" bytesdiscarded="104440" />
  <memory-copied type="tenure" objects="1057252" bytes="28409096" bytesdiscarded="89352" />
  <ownableSynchronizers candidates="3696" cleared="3426" />
  <references type="soft" candidates="253" cleared="0" enqueued="0" dynamicThreshold="18" maxThreshold="32" />
  <references type="weak" candidates="137" cleared="137" enqueued="0" />
</gc-op>
<gc-end id="3866" type="scavenge" contextid="3862" durationms="96.018" usertimems="683.649" systemtimems="0.000" timestamp="2020-09-12T19:26:41.995" activeThreads="8">
  <mem-info id="3867" free="989938408" total="2853371904" percent="34">
    <mem type="nursery" free="694257072" total="939524096" percent="73">
      <mem type="allocate" free="694257072" total="804651008" percent="86" />
      <mem type="survivor" free="0" total="134873088" percent="0" />
    </mem>
    <mem type="tenure" free="295681336" total="1913847808" percent="15" macro-fragmented="0">
      <mem type="soa" free="187899144" total="1799016448" percent="10" />
      <mem type="loa" free="107782192" total="114831360" percent="93" />
    </mem>
    <remembered-set count="31683" />
  </mem-info>
</gc-end>
<cycle-end id="3868" type="scavenge" contextid="3862" timestamp="2020-09-12T19:26:41.996" />
<allocation-satisfied id="3869" threadId="0000000000846A00" bytesRequested="104" />
<af-end id="3870" timestamp="2020-09-12T19:26:41.996" threadId="0000000000847380" success="true" from="nursery"/>
<exclusive-end id="3871" timestamp="2020-09-12T19:26:41.996" durationms="97.821" />

<exclusive-start id="3872" timestamp="2020-09-12T19:26:43.974" intervalms="2076.380">
  <response-info timems="0.477" idlems="0.195" threads="2" lastid="0000000000845300" lastname="Group1.Backend.CompositeBackend{Tier1}.3" />
</exclusive-start>
<af-start id="3873" threadId="0000000000A80C80" totalBytesRequested="32" timestamp="2020-09-12T19:26:43.975" intervalms="2076.371" type="nursery" />
<cycle-start id="3874" type="scavenge" contextid="0" timestamp="2020-09-12T19:26:43.975" intervalms="2076.356" />
<gc-start id="3875" type="scavenge" contextid="3874" timestamp="2020-09-12T19:26:43.975">
  <mem-info id="3876" free="295681336" total="2853371904" percent="10">
    <mem type="nursery" free="0" total="939524096" percent="0">
      <mem type="allocate" free="0" total="804651008" percent="0" />
      <mem type="survivor" free="0" total="134873088" percent="0" />
    </mem>
    <mem type="tenure" free="295681336" total="1913847808" percent="15">
      <mem type="soa" free="187899144" total="1799016448" percent="10" />
      <mem type="loa" free="107782192" total="114831360" percent="93" />
    </mem>
    <remembered-set count="195799" />
  </mem-info>
</gc-start>
<allocation-stats totalBytes="693916952" >
  <allocated-bytes non-tlh="33272000" tlh="660644952" />
  <largest-consumer threadName="Group1.Backend.CompositeBackend{Tier1}.5" threadId="0000000000841700" bytes="90801584" />
</allocation-stats>
<gc-op id="3877" type="scavenge" timems="78.434" contextid="3874" timestamp="2020-09-12T19:26:44.054">
  <scavenger-info tenureage="3" tenuremask="7ff8" tiltratio="85" />
  <memory-copied type="nursery" objects="4058683" bytes="108923800" bytesdiscarded="342464" />
  <memory-copied type="tenure" objects="1167617" bytes="31531640" bytesdiscarded="109696" />
  <ownableSynchronizers candidates="4195" cleared="3900" />
  <references type="soft" candidates="270" cleared="0" enqueued="0" dynamicThreshold="18" maxThreshold="32" />
  <references type="weak" candidates="118" cleared="118" enqueued="0" />
</gc-op>
<gc-end id="3878" type="scavenge" contextid="3874" durationms="79.270" usertimems="608.725" systemtimems="0.000" timestamp="2020-09-12T19:26:44.054" activeThreads="8">
  <mem-info id="3879" free="961566360" total="2853371904" percent="33">
    <mem type="nursery" free="697528320" total="939524096" percent="74">
      <mem type="allocate" free="697528320" total="806879232" percent="86" />
      <mem type="survivor" free="0" total="132644864" percent="0" />
    </mem>
    <mem type="tenure" free="264038040" total="1913847808" percent="13" macro-fragmented="0">
      <mem type="soa" free="156255848" total="1799016448" percent="8" />
      <mem type="loa" free="107782192" total="114831360" percent="93" />
    </mem>
    <remembered-set count="32315" />
  </mem-info>
</gc-end>
<cycle-end id="3880" type="scavenge" contextid="3874" timestamp="2020-09-12T19:26:44.055" />
<allocation-satisfied id="3881" threadId="0000000000A80300" bytesRequested="32" />
<af-end id="3882" timestamp="2020-09-12T19:26:44.055" threadId="0000000000A80C80" success="true" from="nursery"/>
<exclusive-end id="3883" timestamp="2020-09-12T19:26:44.055" durationms="81.057" />

<exclusive-start id="3884" timestamp="2020-09-12T19:26:46.164" intervalms="2190.211">
  <response-info timems="9.455" idlems="9.455" threads="0" lastid="0000000000845300" lastname="Group1.Backend.CompositeBackend{Tier1}.3" />
</exclusive-start>
<af-start id="3885" threadId="0000000000845C80" totalBytesRequested="520" timestamp="2020-09-12T19:26:46.165" intervalms="2190.241" type="nursery" />
<cycle-start id="3886" type="scavenge" contextid="0" timestamp="2020-09-12T19:26:46.165" intervalms="2190.239" />
<gc-start id="3887" type="scavenge" contextid="3886" timestamp="2020-09-12T19:26:46.166">
  <mem-info id="3888" free="264038040" total="2853371904" percent="9">
    <mem type="nursery" free="0" total="939524096" percent="0">
      <mem type="allocate" free="0" total="806879232" percent="0" />
      <mem type="survivor" free="0" total="132644864" percent="0" />
    </mem>
    <mem type="tenure" free="264038040" total="1913847808" percent="13">
      <mem type="soa" free="156255848" total="1799016448" percent="8" />
      <mem type="loa" free="107782192" total="114831360" percent="93" />
    </mem>
    <remembered-set count="197144" />
  </mem-info>
</gc-start>
<allocation-stats totalBytes="697177880" >
  <allocated-bytes non-tlh="32532368" tlh="664645512" />
  <largest-consumer threadName="Group1.Backend.CompositeBackend{Tier1}.7" threadId="0000000000842E00" bytes="93379080" />
</allocation-stats>
<gc-op id="3889" type="scavenge" timems="111.856" contextid="3886" timestamp="2020-09-12T19:26:46.278">
  <scavenger-info tenureage="3" tenuremask="7ff8" tiltratio="85" />
  <memory-copied type="nursery" objects="4240924" bytes="113826072" bytesdiscarded="134152" />
  <memory-copied type="tenure" objects="1073663" bytes="28829912" bytesdiscarded="91736" />
  <ownableSynchronizers candidates="4911" cleared="4572" />
  <references type="soft" candidates="290" cleared="0" enqueued="0" dynamicThreshold="18" maxThreshold="32" />
  <references type="weak" candidates="113" cleared="113" enqueued="0" />
</gc-op>
<gc-end id="3890" type="scavenge" contextid="3886" durationms="112.738" usertimems="809.060" systemtimems="0.000" timestamp="2020-09-12T19:26:46.278" activeThreads="8">
  <mem-info id="3891" free="927866648" total="2853371904" percent="32">
    <mem type="nursery" free="692764344" total="939524096" percent="73">
      <mem type="allocate" free="692764344" total="806813696" percent="85" />
      <mem type="survivor" free="0" total="132710400" percent="0" />
    </mem>
    <mem type="tenure" free="235102304" total="1913847808" percent="12" macro-fragmented="0">
      <mem type="soa" free="127320112" total="1799016448" percent="7" />
      <mem type="loa" free="107782192" total="114831360" percent="93" />
    </mem>
    <remembered-set count="29935" />
  </mem-info>
</gc-end>
<cycle-end id="3892" type="scavenge" contextid="3886" timestamp="2020-09-12T19:26:46.279" />
<allocation-satisfied id="3893" threadId="0000000000845300" bytesRequested="520" />
<af-end id="3894" timestamp="2020-09-12T19:26:46.279" threadId="0000000000845C80" success="true" from="nursery"/>
<exclusive-end id="3895" timestamp="2020-09-12T19:26:46.279" durationms="114.590" />

<exclusive-start id="3896" timestamp="2020-09-12T19:26:48.343" intervalms="2178.994">
  <response-info timems="0.320" idlems="0.320" threads="0" lastid="0000000000846A00" lastname="Group1.Backend.CompositeBackend{Tier1}.4" />
</exclusive-start>
<af-start id="3897" threadId="0000000000847380" totalBytesRequested="24" timestamp="2020-09-12T19:26:48.344" intervalms="2179.086" type="nursery" />
<cycle-start id="3898" type="scavenge" contextid="0" timestamp="2020-09-12T19:26:48.344" intervalms="2179.092" />
<gc-start id="3899" type="scavenge" contextid="3898" timestamp="2020-09-12T19:26:48.345">
  <mem-info id="3900" free="235102304" total="2853371904" percent="8">
    <mem type="nursery" free="0" total="939524096" percent="0">
      <mem type="allocate" free="0" total="806813696" percent="0" />
      <mem type="survivor" free="0" total="132710400" percent="0" />
    </mem>
    <mem type="tenure" free="235102304" total="1913847808" percent="12">
      <mem type="soa" free="127320112" total="1799016448" percent="7" />
      <mem type="loa" free="107782192" total="114831360" percent="93" />
    </mem>
    <remembered-set count="197488" />
  </mem-info>
</gc-start>
<allocation-stats totalBytes="692410312" >
  <allocated-bytes non-tlh="26736240" tlh="665674072" />
  <largest-consumer threadName="Group1.Backend.CompositeBackend{Tier1}.4" threadId="0000000000846A00" bytes="92053440" />
</allocation-stats>
<gc-op id="3901" type="scavenge" timems="101.840" contextid="3898" timestamp="2020-09-12T19:26:48.447">
  <scavenger-info tenureage="3" tenuremask="7ff8" tiltratio="85" />
  <memory-copied type="nursery" objects="4185868" bytes="112309176" bytesdiscarded="194952" />
  <memory-copied type="tenure" objects="1084358" bytes="29130632" bytesdiscarded="97016" />
  <ownableSynchronizers candidates="3503" cleared="3163" />
  <references type="soft" candidates="311" cleared="0" enqueued="0" dynamicThreshold="18" maxThreshold="32" />
  <references type="weak" candidates="122" cleared="121" enqueued="0" />
</gc-op>
<gc-end id="3902" type="scavenge" contextid="3898" durationms="102.692" usertimems="723.186" systemtimems="0.000" timestamp="2020-09-12T19:26:48.447" activeThreads="8">
  <mem-info id="3903" free="901136648" total="2853371904" percent="31">
    <mem type="nursery" free="695275008" total="939524096" percent="74">
      <mem type="allocate" free="695275008" total="807862272" percent="86" />
      <mem type="survivor" free="0" total="131661824" percent="0" />
    </mem>
    <mem type="tenure" free="205861640" total="1913847808" percent="10" macro-fragmented="0">
      <mem type="soa" free="98079448" total="1799016448" percent="5" />
      <mem type="loa" free="107782192" total="114831360" percent="93" />
    </mem>
    <remembered-set count="29760" />
  </mem-info>
</gc-end>
<cycle-end id="3904" type="scavenge" contextid="3898" timestamp="2020-09-12T19:26:48.448" />
<allocation-satisfied id="3905" threadId="0000000000846A00" bytesRequested="24" />
<af-end id="3906" timestamp="2020-09-12T19:26:48.448" threadId="0000000000847380" success="true" from="nursery"/>
<exclusive-end id="3907" timestamp="2020-09-12T19:26:48.448" durationms="104.666" />

<exclusive-start id="3908" timestamp="2020-09-12T19:26:50.471" intervalms="2127.412">
  <response-info timems="0.454" idlems="0.454" threads="0" lastid="000000000077E000" lastname="Group1.Backend.CompositeBackend{Tier1}.1" />
</exclusive-start>
<af-start id="3909" threadId="000000000077E980" totalBytesRequested="24" timestamp="2020-09-12T19:26:50.472" intervalms="2127.304" type="nursery" />
<cycle-start id="3910" type="scavenge" contextid="0" timestamp="2020-09-12T19:26:50.472" intervalms="2127.295" />
<gc-start id="3911" type="scavenge" contextid="3910" timestamp="2020-09-12T19:26:50.472">
  <mem-info id="3912" free="205861640" total="2853371904" percent="7">
    <mem type="nursery" free="0" total="939524096" percent="0">
      <mem type="allocate" free="0" total="807862272" percent="0" />
      <mem type="survivor" free="0" total="131661824" percent="0" />
    </mem>
    <mem type="tenure" free="205861640" total="1913847808" percent="10">
      <mem type="soa" free="98079448" total="1799016448" percent="5" />
      <mem type="loa" free="107782192" total="114831360" percent="93" />
    </mem>
    <remembered-set count="193586" />
  </mem-info>
</gc-start>
<allocation-stats totalBytes="694952952" >
  <allocated-bytes non-tlh="35481232" tlh="659471720" />
  <largest-consumer threadName="Group1.Backend.CompositeBackend{Tier1}.8" threadId="0000000000843900" bytes="93127024" />
</allocation-stats>
<gc-op id="3913" type="scavenge" timems="94.117" contextid="3910" timestamp="2020-09-12T19:26:50.566">
  <scavenger-info tenureage="3" tenuremask="7ff8" tiltratio="85" />
  <memory-copied type="nursery" objects="4203071" bytes="112601784" bytesdiscarded="213424" />
  <memory-copied type="tenure" objects="1107582" bytes="29785648" bytesdiscarded="86416" />
  <ownableSynchronizers candidates="4879" cleared="4507" />
  <references type="soft" candidates="321" cleared="0" enqueued="0" dynamicThreshold="18" maxThreshold="32" />
  <references type="weak" candidates="112" cleared="112" enqueued="0" />
</gc-op>
<gc-end id="3914" type="scavenge" contextid="3910" durationms="95.020" usertimems="721.085" systemtimems="2.548" timestamp="2020-09-12T19:26:50.567" activeThreads="8">
  <mem-info id="3915" free="872022784" total="2853371904" percent="30">
    <mem type="nursery" free="696012544" total="939524096" percent="74">
      <mem type="allocate" free="696012544" total="808910848" percent="86" />
      <mem type="survivor" free="0" total="130613248" percent="0" />
    </mem>
    <mem type="tenure" free="176010240" total="1913847808" percent="9" macro-fragmented="0">
      <mem type="soa" free="68228048" total="1799016448" percent="3" />
      <mem type="loa" free="107782192" total="114831360" percent="93" />
    </mem>
    <remembered-set count="30920" />
  </mem-info>
</gc-end>
<cycle-end id="3916" type="scavenge" contextid="3910" timestamp="2020-09-12T19:26:50.568" />
<allocation-satisfied id="3917" threadId="000000000077E000" bytesRequested="24" />
<af-end id="3918" timestamp="2020-09-12T19:26:50.568" threadId="000000000077E980" success="true" from="nursery"/>
<exclusive-end id="3919" timestamp="2020-09-12T19:26:50.568" durationms="96.960" />

<exclusive-start id="3920" timestamp="2020-09-12T19:26:52.643" intervalms="2172.516">
  <response-info timems="0.246" idlems="0.246" threads="0" lastid="0000000000842200" lastname="Group1.Backend.CompositeBackend{Tier1}.6" />
</exclusive-start>
<af-start id="3921" threadId="0000000000842B80" totalBytesRequested="16" timestamp="2020-09-12T19:26:52.644" intervalms="2172.569" type="nursery" />
<cycle-start id="3922" type="scavenge" contextid="0" timestamp="2020-09-12T19:26:52.644" intervalms="2172.615" />
<gc-start id="3923" type="scavenge" contextid="3922" timestamp="2020-09-12T19:26:52.645">
  <mem-info id="3924" free="176010240" total="2853371904" percent="6">
    <mem type="nursery" free="0" total="939524096" percent="0">
      <mem type="allocate" free="0" total="808910848" percent="0" />
      <mem type="survivor" free="0" total="130613248" percent="0" />
    </mem>
    <mem type="tenure" free="176010240" total="1913847808" percent="9">
      <mem type="soa" free="68228048" total="1799016448" percent="3" />
      <mem type="loa" free="107782192" total="114831360" percent="93" />
    </mem>
    <remembered-set count="199025" />
  </mem-info>
</gc-start>
<allocation-stats totalBytes="695674584" >
  <allocated-bytes non-tlh="29062792" tlh="666611792" />
  <largest-consumer threadName="Group1.Backend.CompositeBackend{Tier1}.1" threadId="000000000077E000" bytes="94521784" />
</allocation-stats>
<gc-op id="3925" type="scavenge" timems="96.285" contextid="3922" timestamp="2020-09-12T19:26:52.741">
  <scavenger-info tenureage="3" tenuremask="7ff8" tiltratio="86" />
  <memory-copied type="nursery" objects="4428637" bytes="117885856" bytesdiscarded="530456" />
  <memory-copied type="tenure" objects="1097514" bytes="29505256" bytesdiscarded="90792" />
  <ownableSynchronizers candidates="4049" cleared="3692" />
  <references type="soft" candidates="297" cleared="0" enqueued="0" dynamicThreshold="18" maxThreshold="32" />
  <references type="weak" candidates="103" cleared="103" enqueued="0" />
</gc-op>
<gc-end id="3926" type="scavenge" contextid="3922" durationms="97.251" usertimems="760.021" systemtimems="3.047" timestamp="2020-09-12T19:26:52.742" activeThreads="8">
  <mem-info id="3927" free="830958416" total="2853371904" percent="29">
    <mem type="nursery" free="684506464" total="939524096" percent="72">
      <mem type="allocate" free="684506464" total="803012608" percent="85" />
      <mem type="survivor" free="0" total="136511488" percent="0" />
    </mem>
    <mem type="tenure" free="146451952" total="1913847808" percent="7" macro-fragmented="0">
      <mem type="soa" free="38669760" total="1799016448" percent="2" />
      <mem type="loa" free="107782192" total="114831360" percent="93" />
    </mem>
    <remembered-set count="33137" />
  </mem-info>
</gc-end>
<cycle-end id="3928" type="scavenge" contextid="3922" timestamp="2020-09-12T19:26:52.743" />
<allocation-satisfied id="3929" threadId="0000000000842200" bytesRequested="16" />
<af-end id="3930" timestamp="2020-09-12T19:26:52.743" threadId="0000000000842B80" success="true" from="nursery"/>
<exclusive-end id="3931" timestamp="2020-09-12T19:26:52.743" durationms="99.183" />

<exclusive-start id="3932" timestamp="2020-09-12T19:26:54.587" intervalms="1943.390">
  <response-info timems="0.302" idlems="0.302" threads="0" lastid="0000000000842200" lastname="Group1.Backend.CompositeBackend{Tier1}.6" />
</exclusive-start>
<af-start id="3933" threadId="0000000000842B80" totalBytesRequested="24" timestamp="2020-09-12T19:26:54.588" intervalms="1943.399" type="nursery" />
<cycle-start id="3934" type="scavenge" contextid="0" timestamp="2020-09-12T19:26:54.588" intervalms="1943.402" />
<gc-start id="3935" type="scavenge" contextid="3934" timestamp="2020-09-12T19:26:54.588">
  <mem-info id="3936" free="146451952" total="2853371904" percent="5">
    <mem type="nursery" free="0" total="939524096" percent="0">
      <mem type="allocate" free="0" total="803012608" percent="0" />
      <mem type="survivor" free="0" total="136511488" percent="0" />
    </mem>
    <mem type="tenure" free="146451952" total="1913847808" percent="7">
      <mem type="soa" free="38669760" total="1799016448" percent="2" />
      <mem type="loa" free="107782192" total="114831360" percent="93" />
    </mem>
    <remembered-set count="190538" />
  </mem-info>
</gc-start>
<allocation-stats totalBytes="684193976" >
  <allocated-bytes non-tlh="44999560" tlh="639194416" />
  <largest-consumer threadName="Group1.Backend.CompositeBackend{Tier1}.3" threadId="0000000000845300" bytes="90152048" />
</allocation-stats>
<gc-op id="3937" type="scavenge" timems="105.087" contextid="3934" timestamp="2020-09-12T19:26:54.693">
  <scavenger-info tenureage="3" tenuremask="7ff8" tiltratio="85" />
  <memory-copied type="nursery" objects="4329449" bytes="118078384" bytesdiscarded="216664" />
  <memory-copied type="tenure" objects="1151539" bytes="30971288" bytesdiscarded="64168" />
  <ownableSynchronizers candidates="3827" cleared="3495" />
  <references type="soft" candidates="287" cleared="0" enqueued="0" dynamicThreshold="18" maxThreshold="32" />
  <references type="weak" candidates="99" cleared="99" enqueued="0" />
</gc-op>
<gc-end id="3938" type="scavenge" contextid="3934" durationms="106.041" usertimems="763.231" systemtimems="11.928" timestamp="2020-09-12T19:26:54.694" activeThreads="8">
  <mem-info id="3939" free="803024472" total="2853371904" percent="28">
    <mem type="nursery" free="687848416" total="939524096" percent="73">
      <mem type="allocate" free="687848416" total="806223872" percent="85" />
      <mem type="survivor" free="0" total="133300224" percent="0" />
    </mem>
    <mem type="tenure" free="115176056" total="1913847808" percent="6" macro-fragmented="0">
      <mem type="soa" free="7393864" total="1799016448" percent="0" />
      <mem type="loa" free="107782192" total="114831360" percent="93" />
    </mem>
    <remembered-set count="33254" />
  </mem-info>
</gc-end>
<cycle-end id="3940" type="scavenge" contextid="3934" timestamp="2020-09-12T19:26:54.695" />
<allocation-satisfied id="3941" threadId="0000000000842200" bytesRequested="24" />
<af-end id="3942" timestamp="2020-09-12T19:26:54.695" threadId="0000000000842B80" success="true" from="nursery"/>
<exclusive-end id="3943" timestamp="2020-09-12T19:26:54.695" durationms="108.042" />

<exclusive-start id="3944" timestamp="2020-09-12T19:26:56.710" intervalms="2123.024">
  <response-info timems="0.325" idlems="0.325" threads="0" lastid="0000000000841700" lastname="Group1.Backend.CompositeBackend{Tier1}.5" />
</exclusive-start>
<af-start id="3945" threadId="0000000000842080" totalBytesRequested="16" timestamp="2020-09-12T19:26:56.711" intervalms="2123.232" type="nursery" />
<percolate-collect id="3946" from="nursery" to="global" reason="prevent tenure expand" timestamp="2020-09-12T19:26:56.711"/>
<cycle-start id="3947" type="global" contextid="0" timestamp="2020-09-12T19:26:56.711" intervalms="70682.141" />
<gc-start id="3948" type="global" contextid="3947" timestamp="2020-09-12T19:26:56.711">
  <mem-info id="3949" free="115176056" total="2853371904" percent="4">
    <mem type="nursery" free="0" total="939524096" percent="0">
      <mem type="allocate" free="0" total="806223872" percent="0" />
      <mem type="survivor" free="0" total="133300224" percent="0" />
    </mem>
    <mem type="tenure" free="115176056" total="1913847808" percent="6">
      <mem type="soa" free="7393864" total="1799016448" percent="0" />
      <mem type="loa" free="107782192" total="114831360" percent="93" />
    </mem>
    <remembered-set count="196996" />
  </mem-info>
</gc-start>
<allocation-stats totalBytes="687499688" >
  <allocated-bytes non-tlh="29619416" tlh="657880272" />
  <largest-consumer threadName="Group1.Backend.CompositeBackend{Tier1}.7" threadId="0000000000842E00" bytes="100762384" />
</allocation-stats>
<gc-op id="3950" type="mark" timems="614.521" contextid="3947" timestamp="2020-09-12T19:26:57.326">
  <trace-info objectcount="30907479" scancount="29927450" scanbytes="818980928" />
  <finalization candidates="148" enqueued="0" />
  <ownableSynchronizers candidates="591012" cleared="5651" />
  <references type="soft" candidates="710613" cleared="0" enqueued="0" dynamicThreshold="18" maxThreshold="32" />
  <references type="weak" candidates="4406" cleared="117" enqueued="0" />
  <references type="phantom" candidates="106" cleared="0" enqueued="0" />
  <stringconstants candidates="10914" cleared="1"  />
</gc-op>
<gc-op id="3951" type="sweep" timems="35.975" contextid="3947" timestamp="2020-09-12T19:26:57.362" />
<gc-end id="3952" type="global" contextid="3947" durationms="651.733" usertimems="4475.784" systemtimems="0.000" timestamp="2020-09-12T19:26:57.363" activeThreads="8">
  <mem-info id="3953" free="1704494160" total="2853371904" percent="59">
    <mem type="nursery" free="603727496" total="939524096" percent="64">
      <mem type="allocate" free="603727496" total="806223872" percent="74" />
      <mem type="survivor" free="0" total="133300224" percent="0" />
    </mem>
    <mem type="tenure" free="1100766664" total="1913847808" percent="57" micro-fragmented="64516201" macro-fragmented="1351406">
      <mem type="soa" free="988674072" total="1799016448" percent="54" />
      <mem type="loa" free="112092592" total="114831360" percent="97" />
    </mem>
    <remembered-set count="188548" />
  </mem-info>
</gc-end>
<cycle-end id="3954" type="global" contextid="3947" timestamp="2020-09-12T19:26:57.364" />
<allocation-satisfied id="3955" threadId="0000000000841700" bytesRequested="16" />
<af-end id="3956" timestamp="2020-09-12T19:26:57.364" threadId="0000000000842080" success="true" from="nursery"/>
<exclusive-end id="3957" timestamp="2020-09-12T19:26:57.364" durationms="654.267" />

<exclusive-start id="3958" timestamp="2020-09-12T19:26:58.498" intervalms="1788.311">
  <response-info timems="8.023" idlems="8.023" threads="0" lastid="0000000000845300" lastname="Group1.Backend.CompositeBackend{Tier1}.3" />
</exclusive-start>
<af-start id="3959" threadId="0000000000845C80" totalBytesRequested="262152" timestamp="2020-09-12T19:26:58.499" intervalms="1788.035" type="nursery" />
<cycle-start id="3960" type="scavenge" contextid="0" timestamp="2020-09-12T19:26:58.499" intervalms="3911.277" />
<gc-start id="3961" type="scavenge" contextid="3960" timestamp="2020-09-12T19:26:58.499">
  <mem-info id="3962" free="1140661208" total="2853371904" percent="39">
    <mem type="nursery" free="39894592" total="939524096" percent="4">
      <mem type="allocate" free="39894592" total="806223872" percent="4" />
      <mem type="survivor" free="0" total="133300224" percent="0" />
    </mem>
    <mem type="tenure" free="1100766616" total="1913847808" percent="57">
      <mem type="soa" free="988674024" total="1799016448" percent="54" />
      <mem type="loa" free="112092592" total="114831360" percent="97" />
    </mem>
    <remembered-set count="240932" />
  </mem-info>
</gc-start>
<allocation-stats totalBytes="561748880" >
  <allocated-bytes non-tlh="24095568" tlh="537653312" />
  <largest-consumer threadName="Group1.Backend.CompositeBackend{Tier1}.1" threadId="000000000077E000" bytes="79050320" />
</allocation-stats>
<gc-op id="3963" type="scavenge" timems="146.561" contextid="3960" timestamp="2020-09-12T19:26:58.646">
  <scavenger-info tenureage="3" tenuremask="7ff8" tiltratio="85" />
  <memory-copied type="nursery" objects="4923704" bytes="133131024" bytesdiscarded="40384" />
  <memory-copied type="tenure" objects="1547528" bytes="41477752" bytesdiscarded="104944" />
  <copy-failed type="nursery" objects="545714" bytes="14590976" />
  <ownableSynchronizers candidates="1173864" cleared="1173444" />
  <references type="soft" candidates="199" cleared="0" enqueued="0" dynamicThreshold="18" maxThreshold="32" />
  <references type="weak" candidates="83" cleared="83" enqueued="0" />
</gc-op>
<gc-end id="3964" type="scavenge" contextid="3960" durationms="147.782" usertimems="1094.978" systemtimems="4.422" timestamp="2020-09-12T19:26:58.647" activeThreads="8">
  <mem-info id="3965" free="1666486928" total="2853371904" percent="58">
    <mem type="nursery" free="607518720" total="939524096" percent="64">
      <mem type="allocate" free="607518720" total="740818944" percent="82" />
      <mem type="survivor" free="0" total="198705152" percent="0" />
    </mem>
    <mem type="tenure" free="1058968208" total="1913847808" percent="55" macro-fragmented="4771234">
      <mem type="soa" free="946875616" total="1799016448" percent="52" />
      <mem type="loa" free="112092592" total="114831360" percent="97" />
    </mem>
    <remembered-set count="36981" />
  </mem-info>
</gc-end>
<cycle-end id="3966" type="scavenge" contextid="3960" timestamp="2020-09-12T19:26:58.648" />
<allocation-satisfied id="3967" threadId="0000000000845300" bytesRequested="262152" />
<af-end id="3968" timestamp="2020-09-12T19:26:58.648" threadId="0000000000845C80" success="true" from="nursery"/>
<exclusive-end id="3969" timestamp="2020-09-12T19:26:58.648" durationms="150.033" />

<exclusive-start id="3970" timestamp="2020-09-12T19:27:00.323" intervalms="1824.931">
  <response-info timems="5.634" idlems="5.634" threads="0" lastid="0000000000842200" lastname="Group1.Backend.CompositeBackend{Tier1}.6" />
</exclusive-start>
<af-start id="3971" threadId="0000000000842B80" totalBytesRequested="16" timestamp="2020-09-12T19:27:00.324" intervalms="1824.871" type="nursery" />
<cycle-start id="3972" type="scavenge" contextid="0" timestamp="2020-09-12T19:27:00.324" intervalms="1824.818" />
<gc-start id="3973" type="scavenge" contextid="3972" timestamp="2020-09-12T19:27:00.324">
  <mem-info id="3974" free="1058968208" total="2853371904" percent="37">
    <mem type="nursery" free="0" total="939524096" percent="0">
      <mem type="allocate" free="0" total="740818944" percent="0" />
      <mem type="survivor" free="0" total="198705152" percent="0" />
    </mem>
    <mem type="tenure" free="1058968208" total="1913847808" percent="55">
      <mem type="soa" free="946875616" total="1799016448" percent="52" />
      <mem type="loa" free="112092592" total="114831360" percent="97" />
    </mem>
    <remembered-set count="187954" />
  </mem-info>
</gc-start>
<allocation-stats totalBytes="607234848" >
  <allocated-bytes non-tlh="33811376" tlh="573423472" />
  <largest-consumer threadName="Group1.Backend.CompositeBackend{Tier1}.7" threadId="0000000000842E00" bytes="105394824" />
</allocation-stats>
<gc-op id="3975" type="scavenge" timems="104.938" contextid="3972" timestamp="2020-09-12T19:27:00.429">
  <scavenger-info tenureage="3" tenuremask="7ff8" tiltratio="78" />
  <memory-copied type="nursery" objects="4502806" bytes="123925224" bytesdiscarded="287624" />
  <memory-copied type="tenure" objects="927080" bytes="24889984" bytesdiscarded="68480" />
  <ownableSynchronizers candidates="3318" cleared="3090" />
  <references type="soft" candidates="198" cleared="0" enqueued="0" dynamicThreshold="18" maxThreshold="32" />
  <references type="weak" candidates="123" cleared="123" enqueued="0" />
</gc-op>
<gc-end id="3976" type="scavenge" contextid="3972" durationms="106.166" usertimems="759.870" systemtimems="3.912" timestamp="2020-09-12T19:27:00.430" activeThreads="8">
  <mem-info id="3977" free="1657253696" total="2853371904" percent="58">
    <mem type="nursery" free="623222496" total="939524096" percent="66">
      <mem type="allocate" free="623222496" total="747503616" percent="83" />
      <mem type="survivor" free="0" total="192020480" percent="0" />
    </mem>
    <mem type="tenure" free="1034031200" total="1913847808" percent="54" macro-fragmented="3277619">
      <mem type="soa" free="921938608" total="1799016448" percent="51" />
      <mem type="loa" free="112092592" total="114831360" percent="97" />
    </mem>
    <remembered-set count="35460" />
  </mem-info>
</gc-end>
<cycle-end id="3978" type="scavenge" contextid="3972" timestamp="2020-09-12T19:27:00.431" />
<allocation-satisfied id="3979" threadId="0000000000842200" bytesRequested="16" />
<af-end id="3980" timestamp="2020-09-12T19:27:00.431" threadId="0000000000842B80" success="true" from="nursery"/>
<exclusive-end id="3981" timestamp="2020-09-12T19:27:00.431" durationms="108.452" />

<exclusive-start id="3982" timestamp="2020-09-12T19:27:02.186" intervalms="1862.760">
  <response-info timems="0.758" idlems="0.758" threads="0" lastid="0000000000846A00" lastname="Group1.Backend.CompositeBackend{Tier1}.4" />
</exclusive-start>
<af-start id="3983" threadId="0000000000847380" totalBytesRequested="664" timestamp="2020-09-12T19:27:02.187" intervalms="1862.859" type="nursery" />
<cycle-start id="3984" type="scavenge" contextid="0" timestamp="2020-09-12T19:27:02.187" intervalms="1862.878" />
<gc-start id="3985" type="scavenge" contextid="3984" timestamp="2020-09-12T19:27:02.187">
  <mem-info id="3986" free="1034031200" total="2853371904" percent="36">
    <mem type="nursery" free="0" total="939524096" percent="0">
      <mem type="allocate" free="0" total="747503616" percent="0" />
      <mem type="survivor" free="0" total="192020480" percent="0" />
    </mem>
    <mem type="tenure" free="1034031200" total="1913847808" percent="54">
      <mem type="soa" free="921938608" total="1799016448" percent="51" />
      <mem type="loa" free="112092592" total="114831360" percent="97" />
    </mem>
    <remembered-set count="188907" />
  </mem-info>
</gc-start>
<allocation-stats totalBytes="622905320" >
  <allocated-bytes non-tlh="30948312" tlh="591957008" />
  <largest-consumer threadName="Group1.Backend.CompositeBackend{Tier1}.2" threadId="0000000000780600" bytes="92409408" />
</allocation-stats>
<gc-op id="3987" type="scavenge" timems="144.774" contextid="3984" timestamp="2020-09-12T19:27:02.332">
  <scavenger-info tenureage="3" tenuremask="7ff8" tiltratio="79" />
  <memory-copied type="nursery" objects="4803538" bytes="127876640" bytesdiscarded="419704" />
  <memory-copied type="tenure" objects="843812" bytes="25781336" bytesdiscarded="69496" />
  <ownableSynchronizers candidates="3975" cleared="3713" />
  <references type="soft" candidates="231" cleared="0" enqueued="0" dynamicThreshold="18" maxThreshold="32" />
  <references type="weak" candidates="113" cleared="113" enqueued="0" />
</gc-op>
<gc-end id="3988" type="scavenge" contextid="3984" durationms="146.001" usertimems="1021.560" systemtimems="25.683" timestamp="2020-09-12T19:27:02.333" activeThreads="8">
  <mem-info id="3989" free="1636001744" total="2853371904" percent="57">
    <mem type="nursery" free="627976408" total="939524096" percent="66">
      <mem type="allocate" free="627976408" total="756350976" percent="83" />
      <mem type="survivor" free="0" total="183173120" percent="0" />
    </mem>
    <mem type="tenure" free="1008025336" total="1913847808" percent="52" macro-fragmented="105344141">
      <mem type="soa" free="895932744" total="1799016448" percent="49" />
      <mem type="loa" free="112092592" total="114831360" percent="97" />
    </mem>
    <remembered-set count="34193" />
  </mem-info>
</gc-end>
<cycle-end id="3990" type="scavenge" contextid="3984" timestamp="2020-09-12T19:27:02.334" />
<allocation-satisfied id="3991" threadId="0000000000846A00" bytesRequested="664" />
<af-end id="3992" timestamp="2020-09-12T19:27:02.334" threadId="0000000000847380" success="true" from="nursery"/>
<exclusive-end id="3993" timestamp="2020-09-12T19:27:02.334" durationms="148.217" />

<exclusive-start id="3994" timestamp="2020-09-12T19:27:04.167" intervalms="1981.507">
  <response-info timems="0.832" idlems="0.832" threads="0" lastid="0000000000846A00" lastname="Group1.Backend.CompositeBackend{Tier1}.4" />
</exclusive-start>
<af-start id="3995" threadId="0000000000847380" totalBytesRequested="16" timestamp="2020-09-12T19:27:04.168" intervalms="1981.428" type="nursery" />
<cycle-start id="3996" type="scavenge" contextid="0" timestamp="2020-09-12T19:27:04.168" intervalms="1981.469" />
<gc-start id="3997" type="scavenge" contextid="3996" timestamp="2020-09-12T19:27:04.168">
  <mem-info id="3998" free="1008025336" total="2853371904" percent="35">
    <mem type="nursery" free="0" total="939524096" percent="0">
      <mem type="allocate" free="0" total="756350976" percent="0" />
      <mem type="survivor" free="0" total="183173120" percent="0" />
    </mem>
    <mem type="tenure" free="1008025336" total="1913847808" percent="52">
      <mem type="soa" free="895932744" total="1799016448" percent="49" />
      <mem type="loa" free="112092592" total="114831360" percent="97" />
    </mem>
    <remembered-set count="193306" />
  </mem-info>
</gc-start>
<allocation-stats totalBytes="627669888" >
  <allocated-bytes non-tlh="24587184" tlh="603082704" />
  <largest-consumer threadName="Group1.Backend.CompositeBackend{Tier1}.2" threadId="0000000000780600" bytes="82195760" />
</allocation-stats>
<gc-op id="3999" type="scavenge" timems="106.601" contextid="3996" timestamp="2020-09-12T19:27:04.275">
  <scavenger-info tenureage="3" tenuremask="7ff8" tiltratio="80" />
  <memory-copied type="nursery" objects="3736420" bytes="100241952" bytesdiscarded="179136" />
  <memory-copied type="tenure" objects="1844787" bytes="49575728" bytesdiscarded="70032" />
  <ownableSynchronizers candidates="3848" cleared="3548" />
  <references type="soft" candidates="247" cleared="0" enqueued="0" dynamicThreshold="18" maxThreshold="32" />
  <references type="weak" candidates="93" cleared="93" enqueued="0" />
</gc-op>
<gc-end id="4000" type="scavenge" contextid="3996" durationms="108.218" usertimems="838.012" systemtimems="3.700" timestamp="2020-09-12T19:27:04.277" activeThreads="8">
  <mem-info id="4001" free="1622292840" total="2853371904" percent="56">
    <mem type="nursery" free="663841280" total="939524096" percent="70">
      <mem type="allocate" free="663841280" total="764346368" percent="86" />
      <mem type="survivor" free="0" total="175177728" percent="0" />
    </mem>
    <mem type="tenure" free="958451560" total="1913847808" percent="50" macro-fragmented="6996792">
      <mem type="soa" free="846358968" total="1799016448" percent="47" />
      <mem type="loa" free="112092592" total="114831360" percent="97" />
    </mem>
    <remembered-set count="28391" />
  </mem-info>
</gc-end>
<cycle-end id="4002" type="scavenge" contextid="3996" timestamp="2020-09-12T19:27:04.278" />
<allocation-satisfied id="4003" threadId="0000000000846A00" bytesRequested="16" />
<af-end id="4004" timestamp="2020-09-12T19:27:04.278" threadId="0000000000847380" success="true" from="nursery"/>
<exclusive-end id="4005" timestamp="2020-09-12T19:27:04.278" durationms="111.101" />

<exclusive-start id="4006" timestamp="2020-09-12T19:27:06.121" intervalms="1953.825">
  <response-info timems="0.582" idlems="0.388" threads="2" lastid="0000000000841700" lastname="Group1.Backend.CompositeBackend{Tier1}.5" />
</exclusive-start>
<af-start id="4007" threadId="000000000077E980" totalBytesRequested="16" timestamp="2020-09-12T19:27:06.122" intervalms="1953.901" type="nursery" />
<cycle-start id="4008" type="scavenge" contextid="0" timestamp="2020-09-12T19:27:06.122" intervalms="1953.852" />
<gc-start id="4009" type="scavenge" contextid="4008" timestamp="2020-09-12T19:27:06.122">
  <mem-info id="4010" free="958451560" total="2853371904" percent="33">
    <mem type="nursery" free="0" total="939524096" percent="0">
      <mem type="allocate" free="0" total="764346368" percent="0" />
      <mem type="survivor" free="0" total="175177728" percent="0" />
    </mem>
    <mem type="tenure" free="958451560" total="1913847808" percent="50">
      <mem type="soa" free="846358968" total="1799016448" percent="47" />
      <mem type="loa" free="112092592" total="114831360" percent="97" />
    </mem>
    <remembered-set count="186361" />
  </mem-info>
</gc-start>
<allocation-stats totalBytes="663519040" >
  <allocated-bytes non-tlh="35319464" tlh="628199576" />
  <largest-consumer threadName="Group1.Backend.CompositeBackend{Tier1}.2" threadId="0000000000780600" bytes="87919360" />
</allocation-stats>
<gc-op id="4011" type="scavenge" timems="88.903" contextid="4008" timestamp="2020-09-12T19:27:06.211">
  <scavenger-info tenureage="3" tenuremask="7ff8" tiltratio="81" />
  <memory-copied type="nursery" objects="3830033" bytes="102776752" bytesdiscarded="284992" />
  <memory-copied type="tenure" objects="970066" bytes="26074992" bytesdiscarded="84768" />
  <ownableSynchronizers candidates="4350" cleared="4035" />
  <references type="soft" candidates="273" cleared="0" enqueued="0" dynamicThreshold="18" maxThreshold="32" />
  <references type="weak" candidates="123" cleared="123" enqueued="0" />
</gc-op>
<gc-end id="4012" type="scavenge" contextid="4008" durationms="90.121" usertimems="699.213" systemtimems="1.934" timestamp="2020-09-12T19:27:06.212" activeThreads="8">
  <mem-info id="4013" free="1604828080" total="2853371904" percent="56">
    <mem type="nursery" free="672605696" total="939524096" percent="71">
      <mem type="allocate" free="672605696" total="775749632" percent="86" />
      <mem type="survivor" free="0" total="163774464" percent="0" />
    </mem>
    <mem type="tenure" free="932222384" total="1913847808" percent="48" macro-fragmented="0">
      <mem type="soa" free="820129792" total="1799016448" percent="45" />
      <mem type="loa" free="112092592" total="114831360" percent="97" />
    </mem>
    <remembered-set count="28429" />
  </mem-info>
</gc-end>
<cycle-end id="4014" type="scavenge" contextid="4008" timestamp="2020-09-12T19:27:06.213" />
<allocation-satisfied id="4015" threadId="000000000077E000" bytesRequested="16" />
<af-end id="4016" timestamp="2020-09-12T19:27:06.213" threadId="000000000077E980" success="true" from="nursery"/>
<exclusive-end id="4017" timestamp="2020-09-12T19:27:06.213" durationms="92.220" />

<exclusive-start id="4018" timestamp="2020-09-12T19:27:08.232" intervalms="2110.474">
  <response-info timems="0.527" idlems="0.527" threads="0" lastid="0000000000842E00" lastname="Group1.Backend.CompositeBackend{Tier1}.7" />
</exclusive-start>
<af-start id="4019" threadId="0000000000843780" totalBytesRequested="120" timestamp="2020-09-12T19:27:08.233" intervalms="2110.662" type="nursery" />
<cycle-start id="4020" type="scavenge" contextid="0" timestamp="2020-09-12T19:27:08.233" intervalms="2110.678" />
<gc-start id="4021" type="scavenge" contextid="4020" timestamp="2020-09-12T19:27:08.233">
  <mem-info id="4022" free="932222384" total="2853371904" percent="32">
    <mem type="nursery" free="0" total="939524096" percent="0">
      <mem type="allocate" free="0" total="775749632" percent="0" />
      <mem type="survivor" free="0" total="163774464" percent="0" />
    </mem>
    <mem type="tenure" free="932222384" total="1913847808" percent="48">
      <mem type="soa" free="820129792" total="1799016448" percent="45" />
      <mem type="loa" free="112092592" total="114831360" percent="97" />
    </mem>
    <remembered-set count="193872" />
  </mem-info>
</gc-start>
<allocation-stats totalBytes="672275048" >
  <allocated-bytes non-tlh="27375512" tlh="644899536" />
  <largest-consumer threadName="Group1.Backend.CompositeBackend{Tier1}.8" threadId="0000000000843900" bytes="93527136" />
</allocation-stats>
<gc-op id="4023" type="scavenge" timems="112.760" contextid="4020" timestamp="2020-09-12T19:27:08.346">
  <scavenger-info tenureage="3" tenuremask="7ff8" tiltratio="82" />
  <memory-copied type="nursery" objects="3998148" bytes="107253992" bytesdiscarded="140480" />
  <memory-copied type="tenure" objects="978354" bytes="26291216" bytesdiscarded="87800" />
  <ownableSynchronizers candidates="4097" cleared="3763" />
  <references type="soft" candidates="277" cleared="0" enqueued="0" dynamicThreshold="18" maxThreshold="32" />
  <references type="weak" candidates="113" cleared="113" enqueued="0" />
</gc-op>
<gc-end id="4024" type="scavenge" contextid="4020" durationms="114.134" usertimems="830.025" systemtimems="0.788" timestamp="2020-09-12T19:27:08.347" activeThreads="8">
  <mem-info id="4025" free="1581613120" total="2853371904" percent="55">
    <mem type="nursery" free="675998208" total="939524096" percent="71">
      <mem type="allocate" free="675998208" total="783482880" percent="86" />
      <mem type="survivor" free="0" total="156041216" percent="0" />
    </mem>
    <mem type="tenure" free="905614912" total="1913847808" percent="47" macro-fragmented="91740131">
      <mem type="soa" free="793522320" total="1799016448" percent="44" />
      <mem type="loa" free="112092592" total="114831360" percent="97" />
    </mem>
    <remembered-set count="29630" />
  </mem-info>
</gc-end>
<cycle-end id="4026" type="scavenge" contextid="4020" timestamp="2020-09-12T19:27:08.348" />
<allocation-satisfied id="4027" threadId="0000000000842E00" bytesRequested="120" />
<af-end id="4028" timestamp="2020-09-12T19:27:08.348" threadId="0000000000843780" success="true" from="nursery"/>
<exclusive-end id="4029" timestamp="2020-09-12T19:27:08.349" durationms="117.031" />

<exclusive-start id="4030" timestamp="2020-09-12T19:27:10.262" intervalms="2030.057">
  <response-info timems="0.390" idlems="0.204" threads="1" lastid="000000000077E000" lastname="Group1.Backend.CompositeBackend{Tier1}.1" />
</exclusive-start>
<af-start id="4031" threadId="0000000000845C80" totalBytesRequested="664" timestamp="2020-09-12T19:27:10.262" intervalms="2029.935" type="nursery" />
<cycle-start id="4032" type="scavenge" contextid="0" timestamp="2020-09-12T19:27:10.263" intervalms="2029.910" />
<gc-start id="4033" type="scavenge" contextid="4032" timestamp="2020-09-12T19:27:10.263">
  <mem-info id="4034" free="905614912" total="2853371904" percent="31">
    <mem type="nursery" free="0" total="939524096" percent="0">
      <mem type="allocate" free="0" total="783482880" percent="0" />
      <mem type="survivor" free="0" total="156041216" percent="0" />
    </mem>
    <mem type="tenure" free="905614912" total="1913847808" percent="47">
      <mem type="soa" free="793522320" total="1799016448" percent="44" />
      <mem type="loa" free="112092592" total="114831360" percent="97" />
    </mem>
    <remembered-set count="191985" />
  </mem-info>
</gc-start>
<allocation-stats totalBytes="675686648" >
  <allocated-bytes non-tlh="31631264" tlh="644055384" />
  <largest-consumer threadName="Group1.Backend.CompositeBackend{Tier1}.4" threadId="0000000000846A00" bytes="96019152" />
</allocation-stats>
<gc-op id="4035" type="scavenge" timems="107.704" contextid="4032" timestamp="2020-09-12T19:27:10.371">
  <scavenger-info tenureage="3" tenuremask="7ff8" tiltratio="83" />
  <memory-copied type="nursery" objects="4037200" bytes="108277912" bytesdiscarded="210112" />
  <memory-copied type="tenure" objects="1054965" bytes="28358592" bytesdiscarded="72968" />
  <ownableSynchronizers candidates="3289" cleared="2961" />
  <references type="soft" candidates="271" cleared="0" enqueued="0" dynamicThreshold="18" maxThreshold="32" />
  <references type="weak" candidates="122" cleared="122" enqueued="0" />
</gc-op>
<gc-end id="4036" type="scavenge" contextid="4032" durationms="109.215" usertimems="833.938" systemtimems="4.456" timestamp="2020-09-12T19:27:10.372" activeThreads="8">
  <mem-info id="4037" free="1559167488" total="2853371904" percent="54">
    <mem type="nursery" free="681655552" total="939524096" percent="72">
      <mem type="allocate" free="681655552" total="790233088" percent="86" />
      <mem type="survivor" free="0" total="149291008" percent="0" />
    </mem>
    <mem type="tenure" free="877511936" total="1913847808" percent="45" macro-fragmented="2497346">
      <mem type="soa" free="765419344" total="1799016448" percent="42" />
      <mem type="loa" free="112092592" total="114831360" percent="97" />
    </mem>
    <remembered-set count="31559" />
  </mem-info>
</gc-end>
<cycle-end id="4038" type="scavenge" contextid="4032" timestamp="2020-09-12T19:27:10.373" />
<allocation-satisfied id="4039" threadId="0000000000845300" bytesRequested="664" />
<af-end id="4040" timestamp="2020-09-12T19:27:10.373" threadId="0000000000845C80" success="true" from="nursery"/>
<exclusive-end id="4041" timestamp="2020-09-12T19:27:10.373" durationms="111.837" />

<exclusive-start id="4042" timestamp="2020-09-12T19:27:12.331" intervalms="2069.110">
  <response-info timems="0.493" idlems="0.493" threads="0" lastid="0000000000842200" lastname="Group1.Backend.CompositeBackend{Tier1}.6" />
</exclusive-start>
<af-start id="4043" threadId="0000000000842B80" totalBytesRequested="120" timestamp="2020-09-12T19:27:12.331" intervalms="2068.998" type="nursery" />
<cycle-start id="4044" type="scavenge" contextid="0" timestamp="2020-09-12T19:27:12.332" intervalms="2069.008" />
<gc-start id="4045" type="scavenge" contextid="4044" timestamp="2020-09-12T19:27:12.332">
  <mem-info id="4046" free="877511936" total="2853371904" percent="30">
    <mem type="nursery" free="0" total="939524096" percent="0">
      <mem type="allocate" free="0" total="790233088" percent="0" />
      <mem type="survivor" free="0" total="149291008" percent="0" />
    </mem>
    <mem type="tenure" free="877511936" total="1913847808" percent="45">
      <mem type="soa" free="765419344" total="1799016448" percent="42" />
      <mem type="loa" free="112092592" total="114831360" percent="97" />
    </mem>
    <remembered-set count="191012" />
  </mem-info>
</gc-start>
<allocation-stats totalBytes="681333088" >
  <allocated-bytes non-tlh="37740680" tlh="643592408" />
  <largest-consumer threadName="Group1.Backend.CompositeBackend{Tier1}.5" threadId="0000000000841700" bytes="87541696" />
</allocation-stats>
<gc-op id="4047" type="scavenge" timems="117.624" contextid="4044" timestamp="2020-09-12T19:27:12.450">
  <scavenger-info tenureage="3" tenuremask="7ff8" tiltratio="84" />
  <memory-copied type="nursery" objects="4239266" bytes="113363328" bytesdiscarded="612304" />
  <memory-copied type="tenure" objects="1027760" bytes="27623504" bytesdiscarded="71528" />
  <ownableSynchronizers candidates="3326" cleared="3022" />
  <references type="soft" candidates="262" cleared="0" enqueued="0" dynamicThreshold="18" maxThreshold="32" />
  <references type="weak" candidates="122" cleared="122" enqueued="0" />
</gc-op>
<gc-end id="4048" type="scavenge" contextid="4044" durationms="118.694" usertimems="867.359" systemtimems="4.718" timestamp="2020-09-12T19:27:12.450" activeThreads="8">
  <mem-info id="4049" free="1529268992" total="2853371904" percent="53">
    <mem type="nursery" free="679451840" total="939524096" percent="72">
      <mem type="allocate" free="679451840" total="793509888" percent="85" />
      <mem type="survivor" free="0" total="146014208" percent="0" />
    </mem>
    <mem type="tenure" free="849817152" total="1913847808" percent="44" macro-fragmented="82367135">
      <mem type="soa" free="737724560" total="1799016448" percent="41" />
      <mem type="loa" free="112092592" total="114831360" percent="97" />
    </mem>
    <remembered-set count="31360" />
  </mem-info>
</gc-end>
<cycle-end id="4050" type="scavenge" contextid="4044" timestamp="2020-09-12T19:27:12.451" />
<allocation-satisfied id="4051" threadId="0000000000842200" bytesRequested="120" />
<af-end id="4052" timestamp="2020-09-12T19:27:12.451" threadId="0000000000842B80" success="true" from="nursery"/>
<exclusive-end id="4053" timestamp="2020-09-12T19:27:12.451" durationms="120.606" />

<exclusive-start id="4054" timestamp="2020-09-12T19:27:14.434" intervalms="2103.009">
  <response-info timems="7.185" idlems="7.185" threads="0" lastid="0000000000A74500" lastname="Group1.Backend.CompositeBackend{Tier3}.4" />
</exclusive-start>
<af-start id="4055" threadId="0000000000A74E80" totalBytesRequested="136" timestamp="2020-09-12T19:27:14.435" intervalms="2103.148" type="nursery" />
<cycle-start id="4056" type="scavenge" contextid="0" timestamp="2020-09-12T19:27:14.435" intervalms="2103.169" />
<gc-start id="4057" type="scavenge" contextid="4056" timestamp="2020-09-12T19:27:14.435">
  <mem-info id="4058" free="849817152" total="2853371904" percent="29">
    <mem type="nursery" free="0" total="939524096" percent="0">
      <mem type="allocate" free="0" total="793509888" percent="0" />
      <mem type="survivor" free="0" total="146014208" percent="0" />
    </mem>
    <mem type="tenure" free="849817152" total="1913847808" percent="44">
      <mem type="soa" free="737724560" total="1799016448" percent="41" />
      <mem type="loa" free="112092592" total="114831360" percent="97" />
    </mem>
    <remembered-set count="193594" />
  </mem-info>
</gc-start>
<allocation-stats totalBytes="679136456" >
  <allocated-bytes non-tlh="30878840" tlh="648257616" />
  <largest-consumer threadName="Group1.Backend.CompositeBackend{Tier1}.1" threadId="000000000077E000" bytes="87436800" />
</allocation-stats>
<gc-op id="4059" type="scavenge" timems="129.385" contextid="4056" timestamp="2020-09-12T19:27:14.565">
  <scavenger-info tenureage="3" tenuremask="7ff8" tiltratio="84" />
  <memory-copied type="nursery" objects="4235927" bytes="112813304" bytesdiscarded="220304" />
  <memory-copied type="tenure" objects="1138313" bytes="30587376" bytesdiscarded="70064" />
  <ownableSynchronizers candidates="4211" cleared="3903" />
  <references type="soft" candidates="286" cleared="0" enqueued="0" dynamicThreshold="18" maxThreshold="32" />
  <references type="weak" candidates="103" cleared="102" enqueued="0" />
</gc-op>
<gc-end id="4060" type="scavenge" contextid="4056" durationms="130.958" usertimems="924.856" systemtimems="11.051" timestamp="2020-09-12T19:27:14.566" activeThreads="8">
  <mem-info id="4061" free="1503158488" total="2853371904" percent="52">
    <mem type="nursery" free="684195992" total="939524096" percent="72">
      <mem type="allocate" free="684195992" total="797310976" percent="85" />
      <mem type="survivor" free="0" total="142213120" percent="0" />
    </mem>
    <mem type="tenure" free="818962496" total="1913847808" percent="42" macro-fragmented="0">
      <mem type="soa" free="706869904" total="1799016448" percent="39" />
      <mem type="loa" free="112092592" total="114831360" percent="97" />
    </mem>
    <remembered-set count="30355" />
  </mem-info>
</gc-end>
<cycle-end id="4062" type="scavenge" contextid="4056" timestamp="2020-09-12T19:27:14.567" />
<allocation-satisfied id="4063" threadId="0000000000A74500" bytesRequested="136" />
<af-end id="4064" timestamp="2020-09-12T19:27:14.567" threadId="0000000000A74E80" success="true" from="nursery"/>
<exclusive-end id="4065" timestamp="2020-09-12T19:27:14.567" durationms="133.135" />

<exclusive-start id="4066" timestamp="2020-09-12T19:27:16.561" intervalms="2127.269">
  <response-info timems="0.525" idlems="0.525" threads="0" lastid="0000000000846A00" lastname="Group1.Backend.CompositeBackend{Tier1}.4" />
</exclusive-start>
<af-start id="4067" threadId="0000000000847380" totalBytesRequested="40" timestamp="2020-09-12T19:27:16.562" intervalms="2127.060" type="nursery" />
<cycle-start id="4068" type="scavenge" contextid="0" timestamp="2020-09-12T19:27:16.562" intervalms="2127.221" />
<gc-start id="4069" type="scavenge" contextid="4068" timestamp="2020-09-12T19:27:16.562">
  <mem-info id="4070" free="818962496" total="2853371904" percent="28">
    <mem type="nursery" free="0" total="939524096" percent="0">
      <mem type="allocate" free="0" total="797310976" percent="0" />
      <mem type="survivor" free="0" total="142213120" percent="0" />
    </mem>
    <mem type="tenure" free="818962496" total="1913847808" percent="42">
      <mem type="soa" free="706869904" total="1799016448" percent="39" />
      <mem type="loa" free="112092592" total="114831360" percent="97" />
    </mem>
    <remembered-set count="192746" />
  </mem-info>
</gc-start>
<allocation-stats totalBytes="683853144" >
  <allocated-bytes non-tlh="28004672" tlh="655848472" />
  <largest-consumer threadName="Group1.Backend.CompositeBackend{Tier1}.6" threadId="0000000000842200" bytes="102414816" />
</allocation-stats>
<gc-op id="4071" type="scavenge" timems="116.826" contextid="4068" timestamp="2020-09-12T19:27:16.679">
  <scavenger-info tenureage="3" tenuremask="7ff8" tiltratio="84" />
  <memory-copied type="nursery" objects="4073125" bytes="109404656" bytesdiscarded="202704" />
  <memory-copied type="tenure" objects="1094856" bytes="29416992" bytesdiscarded="66808" />
  <ownableSynchronizers candidates="4002" cleared="3696" />
  <references type="soft" candidates="282" cleared="0" enqueued="0" dynamicThreshold="18" maxThreshold="32" />
  <references type="weak" candidates="117" cleared="117" enqueued="0" />
</gc-op>
<gc-end id="4072" type="scavenge" contextid="4068" durationms="117.660" usertimems="869.156" systemtimems="26.576" timestamp="2020-09-12T19:27:16.680" activeThreads="8">
  <mem-info id="4073" free="1480451712" total="2853371904" percent="51">
    <mem type="nursery" free="690828800" total="939524096" percent="73">
      <mem type="allocate" free="690828800" total="800522240" percent="86" />
      <mem type="survivor" free="0" total="139001856" percent="0" />
    </mem>
    <mem type="tenure" free="789622912" total="1913847808" percent="41" macro-fragmented="78938706">
      <mem type="soa" free="677530320" total="1799016448" percent="37" />
      <mem type="loa" free="112092592" total="114831360" percent="97" />
    </mem>
    <remembered-set count="28753" />
  </mem-info>
</gc-end>
<cycle-end id="4074" type="scavenge" contextid="4068" timestamp="2020-09-12T19:27:16.681" />
<allocation-satisfied id="4075" threadId="0000000000846A00" bytesRequested="40" />
<af-end id="4076" timestamp="2020-09-12T19:27:16.681" threadId="0000000000847380" success="true" from="nursery"/>
<exclusive-end id="4077" timestamp="2020-09-12T19:27:16.681" durationms="119.616" />

<exclusive-start id="4078" timestamp="2020-09-12T19:27:18.578" intervalms="2016.624">
  <response-info timems="0.583" idlems="0.583" threads="0" lastid="0000000000846A00" lastname="Group1.Backend.CompositeBackend{Tier1}.4" />
</exclusive-start>
<af-start id="4079" threadId="0000000000847380" totalBytesRequested="16" timestamp="2020-09-12T19:27:18.579" intervalms="2016.876" type="nursery" />
<cycle-start id="4080" type="scavenge" contextid="0" timestamp="2020-09-12T19:27:18.579" intervalms="2016.707" />
<gc-start id="4081" type="scavenge" contextid="4080" timestamp="2020-09-12T19:27:18.579">
  <mem-info id="4082" free="789622912" total="2853371904" percent="27">
    <mem type="nursery" free="0" total="939524096" percent="0">
      <mem type="allocate" free="0" total="800522240" percent="0" />
      <mem type="survivor" free="0" total="139001856" percent="0" />
    </mem>
    <mem type="tenure" free="789622912" total="1913847808" percent="41">
      <mem type="soa" free="677530320" total="1799016448" percent="37" />
      <mem type="loa" free="112092592" total="114831360" percent="97" />
    </mem>
    <remembered-set count="189180" />
  </mem-info>
</gc-start>
<allocation-stats totalBytes="690501152" >
  <allocated-bytes non-tlh="38248496" tlh="652252656" />
  <largest-consumer threadName="Group1.Backend.CompositeBackend{Tier1}.7" threadId="0000000000842E00" bytes="120507624" />
</allocation-stats>
<gc-op id="4083" type="scavenge" timems="107.048" contextid="4080" timestamp="2020-09-12T19:27:18.686">
  <scavenger-info tenureage="3" tenuremask="7ff8" tiltratio="85" />
  <memory-copied type="nursery" objects="4094525" bytes="109821504" bytesdiscarded="112680" />
  <memory-copied type="tenure" objects="1055622" bytes="28494480" bytesdiscarded="86936" />
  <ownableSynchronizers candidates="4212" cleared="3897" />
  <references type="soft" candidates="293" cleared="0" enqueued="0" dynamicThreshold="18" maxThreshold="32" />
  <references type="weak" candidates="122" cleared="122" enqueued="0" />
</gc-op>
<gc-end id="4084" type="scavenge" contextid="4080" durationms="108.284" usertimems="769.803" systemtimems="0.000" timestamp="2020-09-12T19:27:18.687" activeThreads="8">
  <mem-info id="4085" free="1454714520" total="2853371904" percent="50">
    <mem type="nursery" free="693584896" total="939524096" percent="73">
      <mem type="allocate" free="693584896" total="803602432" percent="86" />
      <mem type="survivor" free="0" total="135921664" percent="0" />
    </mem>
    <mem type="tenure" free="761129624" total="1913847808" percent="39" macro-fragmented="2854472">
      <mem type="soa" free="649037032" total="1799016448" percent="36" />
      <mem type="loa" free="112092592" total="114831360" percent="97" />
    </mem>
    <remembered-set count="28093" />
  </mem-info>
</gc-end>
<cycle-end id="4086" type="scavenge" contextid="4080" timestamp="2020-09-12T19:27:18.688" />
<allocation-satisfied id="4087" threadId="0000000000846A00" bytesRequested="16" />
<af-end id="4088" timestamp="2020-09-12T19:27:18.688" threadId="0000000000847380" success="true" from="nursery"/>
<exclusive-end id="4089" timestamp="2020-09-12T19:27:18.688" durationms="110.738" />

<exclusive-start id="4090" timestamp="2020-09-12T19:27:20.740" intervalms="2162.549">
  <response-info timems="0.541" idlems="0.541" threads="0" lastid="0000000000780600" lastname="Group1.Backend.CompositeBackend{Tier1}.2" />
</exclusive-start>
<af-start id="4091" threadId="0000000000780F80" totalBytesRequested="40" timestamp="2020-09-12T19:27:20.741" intervalms="2162.326" type="nursery" />
<cycle-start id="4092" type="scavenge" contextid="0" timestamp="2020-09-12T19:27:20.741" intervalms="2162.301" />
<gc-start id="4093" type="scavenge" contextid="4092" timestamp="2020-09-12T19:27:20.741">
  <mem-info id="4094" free="761129624" total="2853371904" percent="26">
    <mem type="nursery" free="0" total="939524096" percent="0">
      <mem type="allocate" free="0" total="803602432" percent="0" />
      <mem type="survivor" free="0" total="135921664" percent="0" />
    </mem>
    <mem type="tenure" free="761129624" total="1913847808" percent="39">
      <mem type="soa" free="649037032" total="1799016448" percent="36" />
      <mem type="loa" free="112092592" total="114831360" percent="97" />
    </mem>
    <remembered-set count="193167" />
  </mem-info>
</gc-start>
<allocation-stats totalBytes="693235800" >
  <allocated-bytes non-tlh="31375016" tlh="661860784" />
  <largest-consumer threadName="Group1.Backend.CompositeBackend{Tier1}.8" threadId="0000000000843900" bytes="98282880" />
</allocation-stats>
<gc-op id="4095" type="scavenge" timems="101.948" contextid="4092" timestamp="2020-09-12T19:27:20.843">
  <scavenger-info tenureage="3" tenuremask="7ff8" tiltratio="85" />
  <memory-copied type="nursery" objects="4127525" bytes="110674168" bytesdiscarded="186920" />
  <memory-copied type="tenure" objects="1090082" bytes="29317696" bytesdiscarded="80392" />
  <ownableSynchronizers candidates="2875" cleared="2557" />
  <references type="soft" candidates="260" cleared="0" enqueued="0" dynamicThreshold="18" maxThreshold="32" />
  <references type="weak" candidates="108" cleared="108" enqueued="0" />
</gc-op>
<gc-end id="4096" type="scavenge" contextid="4092" durationms="103.242" usertimems="781.279" systemtimems="0.062" timestamp="2020-09-12T19:27:20.844" activeThreads="8">
  <mem-info id="4097" free="1426433296" total="2853371904" percent="49">
    <mem type="nursery" free="694813696" total="939524096" percent="73">
      <mem type="allocate" free="694813696" total="805765120" percent="86" />
      <mem type="survivor" free="0" total="133758976" percent="0" />
    </mem>
    <mem type="tenure" free="731619600" total="1913847808" percent="38" macro-fragmented="5811543">
      <mem type="soa" free="619527008" total="1799016448" percent="34" />
      <mem type="loa" free="112092592" total="114831360" percent="97" />
    </mem>
    <remembered-set count="28756" />
  </mem-info>
</gc-end>
<cycle-end id="4098" type="scavenge" contextid="4092" timestamp="2020-09-12T19:27:20.846" />
<allocation-satisfied id="4099" threadId="0000000000780600" bytesRequested="40" />
<af-end id="4100" timestamp="2020-09-12T19:27:20.846" threadId="0000000000780F80" success="true" from="nursery"/>
<exclusive-end id="4101" timestamp="2020-09-12T19:27:20.846" durationms="105.679" />

<exclusive-start id="4102" timestamp="2020-09-12T19:27:22.779" intervalms="2039.061">
  <response-info timems="0.983" idlems="0.647" threads="1" lastid="000000000077E000" lastname="Group1.Backend.CompositeBackend{Tier1}.1" />
</exclusive-start>
<af-start id="4103" threadId="0000000000A78F80" totalBytesRequested="80" timestamp="2020-09-12T19:27:22.780" intervalms="2039.272" type="nursery" />
<cycle-start id="4104" type="scavenge" contextid="0" timestamp="2020-09-12T19:27:22.780" intervalms="2039.382" />
<gc-start id="4105" type="scavenge" contextid="4104" timestamp="2020-09-12T19:27:22.782">
  <mem-info id="4106" free="731619600" total="2853371904" percent="25">
    <mem type="nursery" free="0" total="939524096" percent="0">
      <mem type="allocate" free="0" total="805765120" percent="0" />
      <mem type="survivor" free="0" total="133758976" percent="0" />
    </mem>
    <mem type="tenure" free="731619600" total="1913847808" percent="38">
      <mem type="soa" free="619527008" total="1799016448" percent="34" />
      <mem type="loa" free="112092592" total="114831360" percent="97" />
    </mem>
    <remembered-set count="190520" />
  </mem-info>
</gc-start>
<allocation-stats totalBytes="694476336" >
  <allocated-bytes non-tlh="38441248" tlh="656035088" />
  <largest-consumer threadName="Group1.Backend.CompositeBackend{Tier1}.2" threadId="0000000000780600" bytes="91189608" />
</allocation-stats>
<gc-op id="4107" type="scavenge" timems="123.246" contextid="4104" timestamp="2020-09-12T19:27:22.905">
  <scavenger-info tenureage="3" tenuremask="7ff8" tiltratio="85" />
  <memory-copied type="nursery" objects="4334722" bytes="115306104" bytesdiscarded="105544" />
  <memory-copied type="tenure" objects="1095835" bytes="29511784" bytesdiscarded="62848" />
  <ownableSynchronizers candidates="4209" cleared="3898" />
  <references type="soft" candidates="257" cleared="0" enqueued="0" dynamicThreshold="18" maxThreshold="32" />
  <references type="weak" candidates="128" cleared="127" enqueued="0" />
</gc-op>
<gc-end id="4108" type="scavenge" contextid="4104" durationms="125.394" usertimems="898.670" systemtimems="9.234" timestamp="2020-09-12T19:27:22.906" activeThreads="8">
  <mem-info id="4109" free="1391841968" total="2853371904" percent="48">
    <mem type="nursery" free="689805672" total="939524096" percent="73">
      <mem type="allocate" free="689805672" total="805306368" percent="85" />
      <mem type="survivor" free="0" total="134217728" percent="0" />
    </mem>
    <mem type="tenure" free="702036296" total="1913847808" percent="36" macro-fragmented="0">
      <mem type="soa" free="589943704" total="1799016448" percent="32" />
      <mem type="loa" free="112092592" total="114831360" percent="97" />
    </mem>
    <remembered-set count="32148" />
  </mem-info>
</gc-end>
<cycle-end id="4110" type="scavenge" contextid="4104" timestamp="2020-09-12T19:27:22.907" />
<allocation-satisfied id="4111" threadId="0000000000A78600" bytesRequested="80" />
<af-end id="4112" timestamp="2020-09-12T19:27:22.907" threadId="0000000000A78F80" success="true" from="nursery"/>
<exclusive-end id="4113" timestamp="2020-09-12T19:27:22.907" durationms="127.774" />

<exclusive-start id="4114" timestamp="2020-09-12T19:27:24.941" intervalms="2161.360">
  <response-info timems="0.563" idlems="0.563" threads="0" lastid="0000000000845300" lastname="Group1.Backend.CompositeBackend{Tier1}.3" />
</exclusive-start>
<af-start id="4115" threadId="0000000000845C80" totalBytesRequested="24" timestamp="2020-09-12T19:27:24.941" intervalms="2161.174" type="nursery" />
<cycle-start id="4116" type="scavenge" contextid="0" timestamp="2020-09-12T19:27:24.941" intervalms="2161.065" />
<gc-start id="4117" type="scavenge" contextid="4116" timestamp="2020-09-12T19:27:24.942">
  <mem-info id="4118" free="702036296" total="2853371904" percent="24">
    <mem type="nursery" free="0" total="939524096" percent="0">
      <mem type="allocate" free="0" total="805306368" percent="0" />
      <mem type="survivor" free="0" total="134217728" percent="0" />
    </mem>
    <mem type="tenure" free="702036296" total="1913847808" percent="36">
      <mem type="soa" free="589943704" total="1799016448" percent="32" />
      <mem type="loa" free="112092592" total="114831360" percent="97" />
    </mem>
    <remembered-set count="200527" />
  </mem-info>
</gc-start>
<allocation-stats totalBytes="689467504" >
  <allocated-bytes non-tlh="26195032" tlh="663272472" />
  <largest-consumer threadName="Group1.Backend.CompositeBackend{Tier1}.4" threadId="0000000000846A00" bytes="86992896" />
</allocation-stats>
<gc-op id="4119" type="scavenge" timems="101.126" contextid="4116" timestamp="2020-09-12T19:27:25.043">
  <scavenger-info tenureage="3" tenuremask="7ff8" tiltratio="85" />
  <memory-copied type="nursery" objects="4125015" bytes="110726656" bytesdiscarded="150904" />
  <memory-copied type="tenure" objects="1061006" bytes="28516984" bytesdiscarded="89744" />
  <ownableSynchronizers candidates="4288" cleared="3968" />
  <references type="soft" candidates="271" cleared="0" enqueued="0" dynamicThreshold="18" maxThreshold="32" />
  <references type="weak" candidates="98" cleared="98" enqueued="0" />
</gc-op>
<gc-end id="4120" type="scavenge" contextid="4116" durationms="101.998" usertimems="790.040" systemtimems="0.000" timestamp="2020-09-12T19:27:25.044" activeThreads="8">
  <mem-info id="4121" free="1368884600" total="2853371904" percent="47">
    <mem type="nursery" free="695326464" total="939524096" percent="74">
      <mem type="allocate" free="695326464" total="806289408" percent="86" />
      <mem type="survivor" free="0" total="133234688" percent="0" />
    </mem>
    <mem type="tenure" free="673558136" total="1913847808" percent="35" macro-fragmented="658457">
      <mem type="soa" free="561465544" total="1799016448" percent="31" />
      <mem type="loa" free="112092592" total="114831360" percent="97" />
    </mem>
    <remembered-set count="32866" />
  </mem-info>
</gc-end>
<cycle-end id="4122" type="scavenge" contextid="4116" timestamp="2020-09-12T19:27:25.044" />
<allocation-satisfied id="4123" threadId="0000000000845300" bytesRequested="24" />
<af-end id="4124" timestamp="2020-09-12T19:27:25.044" threadId="0000000000845C80" success="true" from="nursery"/>
<exclusive-end id="4125" timestamp="2020-09-12T19:27:25.045" durationms="103.867" />

<exclusive-start id="4126" timestamp="2020-09-12T19:27:27.026" intervalms="2084.854">
  <response-info timems="0.572" idlems="0.572" threads="0" lastid="0000000000842200" lastname="Group1.Backend.CompositeBackend{Tier1}.6" />
</exclusive-start>
<af-start id="4127" threadId="0000000000842B80" totalBytesRequested="8200" timestamp="2020-09-12T19:27:27.026" intervalms="2085.120" type="nursery" />
<cycle-start id="4128" type="scavenge" contextid="0" timestamp="2020-09-12T19:27:27.027" intervalms="2085.163" />
<gc-start id="4129" type="scavenge" contextid="4128" timestamp="2020-09-12T19:27:27.027">
  <mem-info id="4130" free="673558136" total="2853371904" percent="23">
    <mem type="nursery" free="0" total="939524096" percent="0">
      <mem type="allocate" free="0" total="806289408" percent="0" />
      <mem type="survivor" free="0" total="133234688" percent="0" />
    </mem>
    <mem type="tenure" free="673558136" total="1913847808" percent="35">
      <mem type="soa" free="561465544" total="1799016448" percent="31" />
      <mem type="loa" free="112092592" total="114831360" percent="97" />
    </mem>
    <remembered-set count="194971" />
  </mem-info>
</gc-start>
<allocation-stats totalBytes="695010368" >
  <allocated-bytes non-tlh="36343392" tlh="658666976" />
  <largest-consumer threadName="Group1.Backend.CompositeBackend{Tier1}.1" threadId="000000000077E000" bytes="93122752" />
</allocation-stats>
<gc-op id="4131" type="scavenge" timems="118.659" contextid="4128" timestamp="2020-09-12T19:27:27.146">
  <scavenger-info tenureage="3" tenuremask="7ff8" tiltratio="85" />
  <memory-copied type="nursery" objects="4302380" bytes="114096856" bytesdiscarded="100944" />
  <memory-copied type="tenure" objects="1130235" bytes="30363536" bytesdiscarded="83104" />
  <ownableSynchronizers candidates="3609" cleared="3294" />
  <references type="soft" candidates="290" cleared="0" enqueued="0" dynamicThreshold="18" maxThreshold="32" />
  <references type="weak" candidates="112" cleared="112" enqueued="0" />
</gc-op>
<gc-end id="4132" type="scavenge" contextid="4128" durationms="119.932" usertimems="867.045" systemtimems="7.372" timestamp="2020-09-12T19:27:27.147" activeThreads="8">
  <mem-info id="4133" free="1335462136" total="2853371904" percent="46">
    <mem type="nursery" free="692338160" total="939524096" percent="73">
      <mem type="allocate" free="692338160" total="806617088" percent="85" />
      <mem type="survivor" free="0" total="132907008" percent="0" />
    </mem>
    <mem type="tenure" free="643123976" total="1913847808" percent="33" macro-fragmented="3877452">
      <mem type="soa" free="531031384" total="1799016448" percent="29" />
      <mem type="loa" free="112092592" total="114831360" percent="97" />
    </mem>
    <remembered-set count="32303" />
  </mem-info>
</gc-end>
<cycle-end id="4134" type="scavenge" contextid="4128" timestamp="2020-09-12T19:27:27.148" />
<allocation-satisfied id="4135" threadId="0000000000842200" bytesRequested="8200" />
<af-end id="4136" timestamp="2020-09-12T19:27:27.148" threadId="0000000000842B80" success="true" from="nursery"/>
<exclusive-end id="4137" timestamp="2020-09-12T19:27:27.148" durationms="122.399" />

<exclusive-start id="4138" timestamp="2020-09-12T19:27:29.255" intervalms="2229.517">
  <response-info timems="2.334" idlems="2.334" threads="0" lastid="0000000000780600" lastname="Group1.Backend.CompositeBackend{Tier1}.2" />
</exclusive-start>
<af-start id="4139" threadId="0000000000780F80" totalBytesRequested="1032" timestamp="2020-09-12T19:27:29.256" intervalms="2229.463" type="nursery" />
<cycle-start id="4140" type="scavenge" contextid="0" timestamp="2020-09-12T19:27:29.256" intervalms="2229.437" />
<gc-start id="4141" type="scavenge" contextid="4140" timestamp="2020-09-12T19:27:29.256">
  <mem-info id="4142" free="643123976" total="2853371904" percent="22">
    <mem type="nursery" free="0" total="939524096" percent="0">
      <mem type="allocate" free="0" total="806617088" percent="0" />
      <mem type="survivor" free="0" total="132907008" percent="0" />
    </mem>
    <mem type="tenure" free="643123976" total="1913847808" percent="33">
      <mem type="soa" free="531031384" total="1799016448" percent="29" />
      <mem type="loa" free="112092592" total="114831360" percent="97" />
    </mem>
    <remembered-set count="202130" />
  </mem-info>
</gc-start>
<allocation-stats totalBytes="691976248" >
  <allocated-bytes non-tlh="23706608" tlh="668269640" />
  <largest-consumer threadName="Group1.Backend.CompositeBackend{Tier1}.1" threadId="000000000077E000" bytes="85881240" />
</allocation-stats>
<gc-op id="4143" type="scavenge" timems="104.098" contextid="4140" timestamp="2020-09-12T19:27:29.361">
  <scavenger-info tenureage="3" tenuremask="7ff8" tiltratio="85" />
  <memory-copied type="nursery" objects="4236941" bytes="114157584" bytesdiscarded="124840" />
  <memory-copied type="tenure" objects="1052012" bytes="28269904" bytesdiscarded="77744" />
  <ownableSynchronizers candidates="4366" cleared="4031" />
  <references type="soft" candidates="287" cleared="0" enqueued="0" dynamicThreshold="18" maxThreshold="32" />
  <references type="weak" candidates="117" cleared="117" enqueued="0" />
</gc-op>
<gc-end id="4144" type="scavenge" contextid="4140" durationms="105.178" usertimems="768.661" systemtimems="12.456" timestamp="2020-09-12T19:27:29.361" activeThreads="8">
  <mem-info id="4145" free="1310870264" total="2853371904" percent="45">
    <mem type="nursery" free="696170488" total="939524096" percent="74">
      <mem type="allocate" free="696170488" total="810549248" percent="85" />
      <mem type="survivor" free="0" total="128974848" percent="0" />
    </mem>
    <mem type="tenure" free="614699776" total="1913847808" percent="32" macro-fragmented="2659316">
      <mem type="soa" free="502607184" total="1799016448" percent="27" />
      <mem type="loa" free="112092592" total="114831360" percent="97" />
    </mem>
    <remembered-set count="32550" />
  </mem-info>
</gc-end>
<cycle-end id="4146" type="scavenge" contextid="4140" timestamp="2020-09-12T19:27:29.364" />
<allocation-satisfied id="4147" threadId="0000000000780600" bytesRequested="1032" />
<af-end id="4148" timestamp="2020-09-12T19:27:29.364" threadId="0000000000780F80" success="true" from="nursery"/>
<exclusive-end id="4149" timestamp="2020-09-12T19:27:29.364" durationms="108.844" />

<exclusive-start id="4150" timestamp="2020-09-12T19:27:31.269" intervalms="2013.506">
  <response-info timems="0.636" idlems="0.636" threads="0" lastid="0000000000843900" lastname="Group1.Backend.CompositeBackend{Tier1}.8" />
</exclusive-start>
<af-start id="4151" threadId="0000000000844280" totalBytesRequested="48" timestamp="2020-09-12T19:27:31.269" intervalms="2013.363" type="nursery" />
<cycle-start id="4152" type="scavenge" contextid="0" timestamp="2020-09-12T19:27:31.269" intervalms="2013.346" />
<gc-start id="4153" type="scavenge" contextid="4152" timestamp="2020-09-12T19:27:31.270">
  <mem-info id="4154" free="614699776" total="2853371904" percent="21">
    <mem type="nursery" free="0" total="939524096" percent="0">
      <mem type="allocate" free="0" total="810549248" percent="0" />
      <mem type="survivor" free="0" total="128974848" percent="0" />
    </mem>
    <mem type="tenure" free="614699776" total="1913847808" percent="32">
      <mem type="soa" free="502607184" total="1799016448" percent="27" />
      <mem type="loa" free="112092592" total="114831360" percent="97" />
    </mem>
    <remembered-set count="191491" />
  </mem-info>
</gc-start>
<allocation-stats totalBytes="695846000" >
  <allocated-bytes non-tlh="41346352" tlh="654499648" />
  <largest-consumer threadName="Group1.Backend.CompositeBackend{Tier1}.4" threadId="0000000000846A00" bytes="97847064" />
</allocation-stats>
<gc-op id="4155" type="scavenge" timems="95.298" contextid="4152" timestamp="2020-09-12T19:27:31.365">
  <scavenger-info tenureage="3" tenuremask="7ff8" tiltratio="86" />
  <memory-copied type="nursery" objects="4126764" bytes="111225208" bytesdiscarded="150712" />
  <memory-copied type="tenure" objects="1150714" bytes="30917144" bytesdiscarded="95480" />
  <ownableSynchronizers candidates="4303" cleared="3967" />
  <references type="soft" candidates="275" cleared="0" enqueued="0" dynamicThreshold="18" maxThreshold="32" />
  <references type="weak" candidates="123" cleared="123" enqueued="0" />
</gc-op>
<gc-end id="4156" type="scavenge" contextid="4152" durationms="96.279" usertimems="739.220" systemtimems="0.000" timestamp="2020-09-12T19:27:31.366" activeThreads="8">
  <mem-info id="4157" free="1282975664" total="2853371904" percent="44">
    <mem type="nursery" free="699350264" total="939524096" percent="74">
      <mem type="allocate" free="699350264" total="810811392" percent="86" />
      <mem type="survivor" free="0" total="128712704" percent="0" />
    </mem>
    <mem type="tenure" free="583625400" total="1913847808" percent="30" macro-fragmented="0">
      <mem type="soa" free="471532808" total="1799016448" percent="26" />
      <mem type="loa" free="112092592" total="114831360" percent="97" />
    </mem>
    <remembered-set count="30975" />
  </mem-info>
</gc-end>
<cycle-end id="4158" type="scavenge" contextid="4152" timestamp="2020-09-12T19:27:31.367" />
<allocation-satisfied id="4159" threadId="0000000000843900" bytesRequested="48" />
<af-end id="4160" timestamp="2020-09-12T19:27:31.367" threadId="0000000000844280" success="true" from="nursery"/>
<exclusive-end id="4161" timestamp="2020-09-12T19:27:31.367" durationms="98.187" />

<exclusive-start id="4162" timestamp="2020-09-12T19:27:33.434" intervalms="2165.320">
  <response-info timems="0.559" idlems="0.410" threads="1" lastid="0000000000845300" lastname="Group1.Backend.CompositeBackend{Tier1}.3" />
</exclusive-start>
<af-start id="4163" threadId="0000000000843780" totalBytesRequested="32" timestamp="2020-09-12T19:27:33.435" intervalms="2165.348" type="nursery" />
<cycle-start id="4164" type="scavenge" contextid="0" timestamp="2020-09-12T19:27:33.435" intervalms="2165.365" />
<gc-start id="4165" type="scavenge" contextid="4164" timestamp="2020-09-12T19:27:33.435">
  <mem-info id="4166" free="583625400" total="2853371904" percent="20">
    <mem type="nursery" free="0" total="939524096" percent="0">
      <mem type="allocate" free="0" total="810811392" percent="0" />
      <mem type="survivor" free="0" total="128712704" percent="0" />
    </mem>
    <mem type="tenure" free="583625400" total="1913847808" percent="30">
      <mem type="soa" free="471532808" total="1799016448" percent="26" />
      <mem type="loa" free="112092592" total="114831360" percent="97" />
    </mem>
    <remembered-set count="195971" />
  </mem-info>
</gc-start>
<allocation-stats totalBytes="699013080" >
  <allocated-bytes non-tlh="31591480" tlh="667421600" />
  <largest-consumer threadName="Group1.Backend.CompositeBackend{Tier1}.2" threadId="0000000000780600" bytes="96299984" />
</allocation-stats>
<gc-op id="4167" type="scavenge" timems="107.259" contextid="4164" timestamp="2020-09-12T19:27:33.542">
  <scavenger-info tenureage="3" tenuremask="7ff8" tiltratio="86" />
  <memory-copied type="nursery" objects="4165949" bytes="112249968" bytesdiscarded="195048" />
  <memory-copied type="tenure" objects="1072562" bytes="28819736" bytesdiscarded="116672" />
  <ownableSynchronizers candidates="4078" cleared="3759" />
  <references type="soft" candidates="251" cleared="0" enqueued="0" dynamicThreshold="18" maxThreshold="32" />
  <references type="weak" candidates="127" cleared="127" enqueued="0" />
</gc-op>
<gc-end id="4168" type="scavenge" contextid="4164" durationms="108.081" usertimems="812.080" systemtimems="5.199" timestamp="2020-09-12T19:27:33.543" activeThreads="8">
  <mem-info id="4169" free="1253355280" total="2853371904" percent="43">
    <mem type="nursery" free="698610424" total="939524096" percent="74">
      <mem type="allocate" free="698610424" total="811139072" percent="86" />
      <mem type="survivor" free="0" total="128385024" percent="0" />
    </mem>
    <mem type="tenure" free="554744856" total="1913847808" percent="28" macro-fragmented="0">
      <mem type="soa" free="442652264" total="1799016448" percent="24" />
      <mem type="loa" free="112092592" total="114831360" percent="97" />
    </mem>
    <remembered-set count="30599" />
  </mem-info>
</gc-end>
<cycle-end id="4170" type="scavenge" contextid="4164" timestamp="2020-09-12T19:27:33.544" />
<allocation-satisfied id="4171" threadId="0000000000842E00" bytesRequested="32" />
<af-end id="4172" timestamp="2020-09-12T19:27:33.544" threadId="0000000000843780" success="true" from="nursery"/>
<exclusive-end id="4173" timestamp="2020-09-12T19:27:33.544" durationms="109.918" />

<exclusive-start id="4174" timestamp="2020-09-12T19:27:35.579" intervalms="2145.005">
  <response-info timems="0.777" idlems="0.500" threads="1" lastid="000000000077E000" lastname="Group1.Backend.CompositeBackend{Tier1}.1" />
</exclusive-start>
<af-start id="4175" threadId="0000000000A93C80" totalBytesRequested="16" timestamp="2020-09-12T19:27:35.580" intervalms="2144.901" type="nursery" />
<cycle-start id="4176" type="scavenge" contextid="0" timestamp="2020-09-12T19:27:35.580" intervalms="2144.894" />
<gc-start id="4177" type="scavenge" contextid="4176" timestamp="2020-09-12T19:27:35.580">
  <mem-info id="4178" free="554744856" total="2853371904" percent="19">
    <mem type="nursery" free="0" total="939524096" percent="0">
      <mem type="allocate" free="0" total="811139072" percent="0" />
      <mem type="survivor" free="0" total="128385024" percent="0" />
    </mem>
    <mem type="tenure" free="554744856" total="1913847808" percent="28">
      <mem type="soa" free="442652264" total="1799016448" percent="24" />
      <mem type="loa" free="112092592" total="114831360" percent="97" />
    </mem>
    <remembered-set count="196149" />
  </mem-info>
</gc-start>
<allocation-stats totalBytes="698285704" >
  <allocated-bytes non-tlh="30160664" tlh="668125040" />
  <largest-consumer threadName="Group1.Backend.CompositeBackend{Tier1}.3" threadId="0000000000845300" bytes="98164560" />
</allocation-stats>
<gc-op id="4179" type="scavenge" timems="109.325" contextid="4176" timestamp="2020-09-12T19:27:35.689">
  <scavenger-info tenureage="3" tenuremask="7ff8" tiltratio="86" />
  <memory-copied type="nursery" objects="4177570" bytes="111795272" bytesdiscarded="367776" />
  <memory-copied type="tenure" objects="1188223" bytes="32455184" bytesdiscarded="109088" />
  <ownableSynchronizers candidates="4003" cleared="3691" />
  <references type="soft" candidates="238" cleared="0" enqueued="0" dynamicThreshold="18" maxThreshold="32" />
  <references type="weak" candidates="122" cleared="122" enqueued="0" />
</gc-op>
<gc-end id="4180" type="scavenge" contextid="4176" durationms="110.229" usertimems="818.996" systemtimems="3.239" timestamp="2020-09-12T19:27:35.690" activeThreads="8">
  <mem-info id="4181" free="1221565600" total="2853371904" percent="42">
    <mem type="nursery" free="699412216" total="939524096" percent="74">
      <mem type="allocate" free="699412216" total="811663360" percent="86" />
      <mem type="survivor" free="0" total="127860736" percent="0" />
    </mem>
    <mem type="tenure" free="522153384" total="1913847808" percent="27" macro-fragmented="0">
      <mem type="soa" free="410060792" total="1799016448" percent="22" />
      <mem type="loa" free="112092592" total="114831360" percent="97" />
    </mem>
    <remembered-set count="30764" />
  </mem-info>
</gc-end>
<cycle-end id="4182" type="scavenge" contextid="4176" timestamp="2020-09-12T19:27:35.691" />
<allocation-satisfied id="4183" threadId="0000000000A93300" bytesRequested="16" />
<af-end id="4184" timestamp="2020-09-12T19:27:35.691" threadId="0000000000A93C80" success="true" from="nursery"/>
<exclusive-end id="4185" timestamp="2020-09-12T19:27:35.691" durationms="112.151" />

<exclusive-start id="4186" timestamp="2020-09-12T19:27:37.628" intervalms="2049.459">
  <response-info timems="0.445" idlems="0.445" threads="0" lastid="0000000000846A00" lastname="Group1.Backend.CompositeBackend{Tier1}.4" />
</exclusive-start>
<af-start id="4187" threadId="0000000000847380" totalBytesRequested="16" timestamp="2020-09-12T19:27:37.629" intervalms="2049.463" type="nursery" />
<cycle-start id="4188" type="scavenge" contextid="0" timestamp="2020-09-12T19:27:37.629" intervalms="2049.458" />
<gc-start id="4189" type="scavenge" contextid="4188" timestamp="2020-09-12T19:27:37.629">
  <mem-info id="4190" free="522153384" total="2853371904" percent="18">
    <mem type="nursery" free="0" total="939524096" percent="0">
      <mem type="allocate" free="0" total="811663360" percent="0" />
      <mem type="survivor" free="0" total="127860736" percent="0" />
    </mem>
    <mem type="tenure" free="522153384" total="1913847808" percent="27">
      <mem type="soa" free="410060792" total="1799016448" percent="22" />
      <mem type="loa" free="112092592" total="114831360" percent="97" />
    </mem>
    <remembered-set count="193881" />
  </mem-info>
</gc-start>
<allocation-stats totalBytes="699097848" >
  <allocated-bytes non-tlh="37819456" tlh="661278392" />
  <largest-consumer threadName="Group1.Backend.CompositeBackend{Tier1}.4" threadId="0000000000846A00" bytes="91060240" />
</allocation-stats>
<gc-op id="4191" type="scavenge" timems="94.457" contextid="4188" timestamp="2020-09-12T19:27:37.724">
  <scavenger-info tenureage="3" tenuremask="7ff8" tiltratio="86" />
  <memory-copied type="nursery" objects="4168321" bytes="111683072" bytesdiscarded="150080" />
  <memory-copied type="tenure" objects="1028611" bytes="27648152" bytesdiscarded="82752" />
  <ownableSynchronizers candidates="5117" cleared="4775" />
  <references type="soft" candidates="259" cleared="0" enqueued="0" dynamicThreshold="18" maxThreshold="32" />
  <references type="weak" candidates="114" cleared="113" enqueued="0" />
</gc-op>
<gc-end id="4192" type="scavenge" contextid="4188" durationms="95.384" usertimems="728.653" systemtimems="0.000" timestamp="2020-09-12T19:27:37.725" activeThreads="8">
  <mem-info id="4193" free="1194721312" total="2853371904" percent="41">
    <mem type="nursery" free="700267776" total="939524096" percent="74">
      <mem type="allocate" free="700267776" total="812187648" percent="86" />
      <mem type="survivor" free="0" total="127336448" percent="0" />
    </mem>
    <mem type="tenure" free="494453536" total="1913847808" percent="25" macro-fragmented="2015814">
      <mem type="soa" free="382360944" total="1799016448" percent="21" />
      <mem type="loa" free="112092592" total="114831360" percent="97" />
    </mem>
    <remembered-set count="31303" />
  </mem-info>
</gc-end>
<cycle-end id="4194" type="scavenge" contextid="4188" timestamp="2020-09-12T19:27:37.726" />
<allocation-satisfied id="4195" threadId="0000000000846A00" bytesRequested="16" />
<af-end id="4196" timestamp="2020-09-12T19:27:37.726" threadId="0000000000847380" success="true" from="nursery"/>
<exclusive-end id="4197" timestamp="2020-09-12T19:27:37.726" durationms="97.419" />

<exclusive-start id="4198" timestamp="2020-09-12T19:27:39.748" intervalms="2119.396">
  <response-info timems="1.035" idlems="1.035" threads="0" lastid="0000000000780600" lastname="Group1.Backend.CompositeBackend{Tier1}.2" />
</exclusive-start>
<af-start id="4199" threadId="0000000000780F80" totalBytesRequested="24" timestamp="2020-09-12T19:27:39.748" intervalms="2119.501" type="nursery" />
<cycle-start id="4200" type="scavenge" contextid="0" timestamp="2020-09-12T19:27:39.749" intervalms="2119.508" />
<gc-start id="4201" type="scavenge" contextid="4200" timestamp="2020-09-12T19:27:39.749">
  <mem-info id="4202" free="494453536" total="2853371904" percent="17">
    <mem type="nursery" free="0" total="939524096" percent="0">
      <mem type="allocate" free="0" total="812187648" percent="0" />
      <mem type="survivor" free="0" total="127336448" percent="0" />
    </mem>
    <mem type="tenure" free="494453536" total="1913847808" percent="25">
      <mem type="soa" free="382360944" total="1799016448" percent="21" />
      <mem type="loa" free="112092592" total="114831360" percent="97" />
    </mem>
    <remembered-set count="196037" />
  </mem-info>
</gc-start>
<allocation-stats totalBytes="699943248" >
  <allocated-bytes non-tlh="33972360" tlh="665970888" />
  <largest-consumer threadName="Group1.Backend.CompositeBackend{Tier1}.7" threadId="0000000000842E00" bytes="90377016" />
</allocation-stats>
<gc-op id="4203" type="scavenge" timems="111.009" contextid="4200" timestamp="2020-09-12T19:27:39.860">
  <scavenger-info tenureage="3" tenuremask="7ff8" tiltratio="86" />
  <memory-copied type="nursery" objects="4335493" bytes="115759872" bytesdiscarded="763816" />
  <memory-copied type="tenure" objects="1096550" bytes="29473536" bytesdiscarded="124272" />
  <ownableSynchronizers candidates="3810" cleared="3491" />
  <references type="soft" candidates="254" cleared="0" enqueued="0" dynamicThreshold="18" maxThreshold="32" />
  <references type="weak" candidates="117" cleared="117" enqueued="0" />
</gc-op>
<gc-end id="4204" type="scavenge" contextid="4200" durationms="112.074" usertimems="841.561" systemtimems="2.098" timestamp="2020-09-12T19:27:39.861" activeThreads="8">
  <mem-info id="4205" free="1154929560" total="2853371904" percent="40">
    <mem type="nursery" free="690068720" total="939524096" percent="73">
      <mem type="allocate" free="690068720" total="806682624" percent="85" />
      <mem type="survivor" free="0" total="132841472" percent="0" />
    </mem>
    <mem type="tenure" free="464860840" total="1913847808" percent="24" macro-fragmented="0">
      <mem type="soa" free="352768248" total="1799016448" percent="19" />
      <mem type="loa" free="112092592" total="114831360" percent="97" />
    </mem>
    <remembered-set count="32427" />
  </mem-info>
</gc-end>
<cycle-end id="4206" type="scavenge" contextid="4200" timestamp="2020-09-12T19:27:39.862" />
<allocation-satisfied id="4207" threadId="0000000000780600" bytesRequested="24" />
<af-end id="4208" timestamp="2020-09-12T19:27:39.862" threadId="0000000000780F80" success="true" from="nursery"/>
<exclusive-end id="4209" timestamp="2020-09-12T19:27:39.862" durationms="114.136" />

<exclusive-start id="4210" timestamp="2020-09-12T19:27:41.906" intervalms="2158.131">
  <response-info timems="0.471" idlems="0.471" threads="0" lastid="000000000077E000" lastname="Group1.Backend.CompositeBackend{Tier1}.1" />
</exclusive-start>
<af-start id="4211" threadId="000000000077E980" totalBytesRequested="16" timestamp="2020-09-12T19:27:41.907" intervalms="2158.042" type="nursery" />
<cycle-start id="4212" type="scavenge" contextid="0" timestamp="2020-09-12T19:27:41.907" intervalms="2158.032" />
<gc-start id="4213" type="scavenge" contextid="4212" timestamp="2020-09-12T19:27:41.907">
  <mem-info id="4214" free="464860840" total="2853371904" percent="16">
    <mem type="nursery" free="0" total="939524096" percent="0">
      <mem type="allocate" free="0" total="806682624" percent="0" />
      <mem type="survivor" free="0" total="132841472" percent="0" />
    </mem>
    <mem type="tenure" free="464860840" total="1913847808" percent="24">
      <mem type="soa" free="352768248" total="1799016448" percent="19" />
      <mem type="loa" free="112092592" total="114831360" percent="97" />
    </mem>
    <remembered-set count="197348" />
  </mem-info>
</gc-start>
<allocation-stats totalBytes="689728448" >
  <allocated-bytes non-tlh="26707760" tlh="663020688" />
  <largest-consumer threadName="Group1.Backend.CompositeBackend{Tier1}.8" threadId="0000000000843900" bytes="91324312" />
</allocation-stats>
<gc-op id="4215" type="scavenge" timems="108.624" contextid="4212" timestamp="2020-09-12T19:27:42.016">
  <scavenger-info tenureage="3" tenuremask="7ff8" tiltratio="85" />
  <memory-copied type="nursery" objects="4367851" bytes="115686304" bytesdiscarded="216832" />
  <memory-copied type="tenure" objects="1126564" bytes="30284056" bytesdiscarded="119560" />
  <finalization candidates="1" enqueued="0" />
  <ownableSynchronizers candidates="4847" cleared="4502" />
  <references type="soft" candidates="278" cleared="0" enqueued="0" dynamicThreshold="18" maxThreshold="32" />
  <references type="weak" candidates="125" cleared="125" enqueued="0" />
</gc-op>
<gc-end id="4216" type="scavenge" contextid="4212" durationms="109.897" usertimems="836.445" systemtimems="5.732" timestamp="2020-09-12T19:27:42.017" activeThreads="8">
  <mem-info id="4217" free="1127641176" total="2853371904" percent="39">
    <mem type="nursery" free="693188080" total="939524096" percent="73">
      <mem type="allocate" free="693188080" total="809172992" percent="85" />
      <mem type="survivor" free="0" total="130351104" percent="0" />
    </mem>
    <mem type="tenure" free="434453096" total="1913847808" percent="22" macro-fragmented="5947611">
      <mem type="soa" free="322360504" total="1799016448" percent="17" />
      <mem type="loa" free="112092592" total="114831360" percent="97" />
    </mem>
    <remembered-set count="32073" />
  </mem-info>
</gc-end>
<cycle-end id="4218" type="scavenge" contextid="4212" timestamp="2020-09-12T19:27:42.018" />
<allocation-satisfied id="4219" threadId="000000000077E000" bytesRequested="16" />
<af-end id="4220" timestamp="2020-09-12T19:27:42.018" threadId="000000000077E980" success="true" from="nursery"/>
<exclusive-end id="4221" timestamp="2020-09-12T19:27:42.018" durationms="112.119" />

<exclusive-start id="4222" timestamp="2020-09-12T19:27:43.943" intervalms="2037.073">
  <response-info timems="0.349" idlems="0.349" threads="0" lastid="0000000000846A00" lastname="Group1.Backend.CompositeBackend{Tier1}.4" />
</exclusive-start>
<af-start id="4223" threadId="0000000000847380" totalBytesRequested="24" timestamp="2020-09-12T19:27:43.944" intervalms="2037.021" type="nursery" />
<cycle-start id="4224" type="scavenge" contextid="0" timestamp="2020-09-12T19:27:43.944" intervalms="2037.019" />
<gc-start id="4225" type="scavenge" contextid="4224" timestamp="2020-09-12T19:27:43.944">
  <mem-info id="4226" free="434453096" total="2853371904" percent="15">
    <mem type="nursery" free="0" total="939524096" percent="0">
      <mem type="allocate" free="0" total="809172992" percent="0" />
      <mem type="survivor" free="0" total="130351104" percent="0" />
    </mem>
    <mem type="tenure" free="434453096" total="1913847808" percent="22">
      <mem type="soa" free="322360504" total="1799016448" percent="17" />
      <mem type="loa" free="112092592" total="114831360" percent="97" />
    </mem>
    <remembered-set count="194334" />
  </mem-info>
</gc-start>
<allocation-stats totalBytes="692853944" >
  <allocated-bytes non-tlh="34969904" tlh="657884040" />
  <largest-consumer threadName="Group1.Backend.CompositeBackend{Tier1}.8" threadId="0000000000843900" bytes="91592096" />
</allocation-stats>
<gc-op id="4227" type="scavenge" timems="116.425" contextid="4224" timestamp="2020-09-12T19:27:44.060">
  <scavenger-info tenureage="3" tenuremask="7ff8" tiltratio="86" />
  <memory-copied type="nursery" objects="4542523" bytes="119997824" bytesdiscarded="165784" />
  <memory-copied type="tenure" objects="1077779" bytes="28951696" bytesdiscarded="88976" />
  <finalization candidates="1" enqueued="0" />
  <ownableSynchronizers candidates="3838" cleared="3493" />
  <references type="soft" candidates="248" cleared="0" enqueued="0" dynamicThreshold="18" maxThreshold="32" />
  <references type="weak" candidates="122" cleared="122" enqueued="0" />
</gc-op>
<gc-end id="4228" type="scavenge" contextid="4224" durationms="117.263" usertimems="835.183" systemtimems="2.521" timestamp="2020-09-12T19:27:44.061" activeThreads="8">
  <mem-info id="4229" free="1087123464" total="2853371904" percent="38">
    <mem type="nursery" free="681783784" total="939524096" percent="72">
      <mem type="allocate" free="681783784" total="802029568" percent="85" />
      <mem type="survivor" free="0" total="137494528" percent="0" />
    </mem>
    <mem type="tenure" free="405339680" total="1913847808" percent="21" macro-fragmented="0">
      <mem type="soa" free="293247088" total="1799016448" percent="16" />
      <mem type="loa" free="112092592" total="114831360" percent="97" />
    </mem>
    <remembered-set count="29835" />
  </mem-info>
</gc-end>
<cycle-end id="4230" type="scavenge" contextid="4224" timestamp="2020-09-12T19:27:44.062" />
<allocation-satisfied id="4231" threadId="0000000000846A00" bytesRequested="24" />
<af-end id="4232" timestamp="2020-09-12T19:27:44.062" threadId="0000000000847380" success="true" from="nursery"/>
<exclusive-end id="4233" timestamp="2020-09-12T19:27:44.062" durationms="118.938" />

<exclusive-start id="4234" timestamp="2020-09-12T19:27:46.001" intervalms="2058.551">
  <response-info timems="0.542" idlems="0.542" threads="0" lastid="0000000000842200" lastname="Group1.Backend.CompositeBackend{Tier1}.6" />
</exclusive-start>
<af-start id="4235" threadId="0000000000842B80" totalBytesRequested="16" timestamp="2020-09-12T19:27:46.002" intervalms="2058.552" type="nursery" />
<cycle-start id="4236" type="scavenge" contextid="0" timestamp="2020-09-12T19:27:46.002" intervalms="2058.575" />
<gc-start id="4237" type="scavenge" contextid="4236" timestamp="2020-09-12T19:27:46.003">
  <mem-info id="4238" free="405339680" total="2853371904" percent="14">
    <mem type="nursery" free="0" total="939524096" percent="0">
      <mem type="allocate" free="0" total="802029568" percent="0" />
      <mem type="survivor" free="0" total="137494528" percent="0" />
    </mem>
    <mem type="tenure" free="405339680" total="1913847808" percent="21">
      <mem type="soa" free="293247088" total="1799016448" percent="16" />
      <mem type="loa" free="112092592" total="114831360" percent="97" />
    </mem>
    <remembered-set count="189535" />
  </mem-info>
</gc-start>
<allocation-stats totalBytes="681457704" >
  <allocated-bytes non-tlh="36995600" tlh="644462104" />
  <largest-consumer threadName="Group1.Backend.CompositeBackend{Tier1}.4" threadId="0000000000846A00" bytes="94171688" />
</allocation-stats>
<gc-op id="4239" type="scavenge" timems="110.563" contextid="4236" timestamp="2020-09-12T19:27:46.113">
  <scavenger-info tenureage="3" tenuremask="7ff8" tiltratio="85" />
  <memory-copied type="nursery" objects="4243535" bytes="113179896" bytesdiscarded="133424" />
  <memory-copied type="tenure" objects="1108786" bytes="29802664" bytesdiscarded="113984" />
  <finalization candidates="1" enqueued="0" />
  <ownableSynchronizers candidates="3925" cleared="3624" />
  <references type="soft" candidates="246" cleared="0" enqueued="0" dynamicThreshold="18" maxThreshold="32" />
  <references type="weak" candidates="114" cleared="113" enqueued="0" />
</gc-op>
<gc-end id="4240" type="scavenge" contextid="4236" durationms="111.450" usertimems="837.973" systemtimems="17.554" timestamp="2020-09-12T19:27:46.114" activeThreads="8">
  <mem-info id="4241" free="1064709024" total="2853371904" percent="37">
    <mem type="nursery" free="689290896" total="939524096" percent="73">
      <mem type="allocate" free="689290896" total="802684928" percent="85" />
      <mem type="survivor" free="0" total="136839168" percent="0" />
    </mem>
    <mem type="tenure" free="375418128" total="1913847808" percent="19" macro-fragmented="0">
      <mem type="soa" free="263325536" total="1799016448" percent="14" />
      <mem type="loa" free="112092592" total="114831360" percent="97" />
    </mem>
    <remembered-set count="27992" />
  </mem-info>
</gc-end>
<cycle-end id="4242" type="scavenge" contextid="4236" timestamp="2020-09-12T19:27:46.115" />
<allocation-satisfied id="4243" threadId="0000000000842200" bytesRequested="16" />
<af-end id="4244" timestamp="2020-09-12T19:27:46.115" threadId="0000000000842B80" success="true" from="nursery"/>
<exclusive-end id="4245" timestamp="2020-09-12T19:27:46.115" durationms="113.613" />

<exclusive-start id="4246" timestamp="2020-09-12T19:27:48.153" intervalms="2151.808">
  <response-info timems="0.328" idlems="0.328" threads="0" lastid="0000000000845300" lastname="Group1.Backend.CompositeBackend{Tier1}.3" />
</exclusive-start>
<af-start id="4247" threadId="0000000000845C80" totalBytesRequested="32" timestamp="2020-09-12T19:27:48.154" intervalms="2151.831" type="nursery" />
<cycle-start id="4248" type="scavenge" contextid="0" timestamp="2020-09-12T19:27:48.154" intervalms="2151.812" />
<gc-start id="4249" type="scavenge" contextid="4248" timestamp="2020-09-12T19:27:48.154">
  <mem-info id="4250" free="375418128" total="2853371904" percent="13">
    <mem type="nursery" free="0" total="939524096" percent="0">
      <mem type="allocate" free="0" total="802684928" percent="0" />
      <mem type="survivor" free="0" total="136839168" percent="0" />
    </mem>
    <mem type="tenure" free="375418128" total="1913847808" percent="19">
      <mem type="soa" free="263325536" total="1799016448" percent="14" />
      <mem type="loa" free="112092592" total="114831360" percent="97" />
    </mem>
    <remembered-set count="191271" />
  </mem-info>
</gc-start>
<allocation-stats totalBytes="688947112" >
  <allocated-bytes non-tlh="31990936" tlh="656956176" />
  <largest-consumer threadName="Group1.Backend.CompositeBackend{Tier1}.4" threadId="0000000000846A00" bytes="93832512" />
</allocation-stats>
<gc-op id="4251" type="scavenge" timems="94.599" contextid="4248" timestamp="2020-09-12T19:27:48.249">
  <scavenger-info tenureage="3" tenuremask="7ff8" tiltratio="85" />
  <memory-copied type="nursery" objects="4058058" bytes="109049216" bytesdiscarded="579032" />
  <memory-copied type="tenure" objects="1105594" bytes="29739736" bytesdiscarded="88440" />
  <finalization candidates="1" enqueued="0" />
  <ownableSynchronizers candidates="4280" cleared="3962" />
  <references type="soft" candidates="231" cleared="0" enqueued="0" dynamicThreshold="18" maxThreshold="32" />
  <references type="weak" candidates="133" cleared="133" enqueued="0" />
</gc-op>
<gc-end id="4252" type="scavenge" contextid="4248" durationms="95.546" usertimems="735.736" systemtimems="0.000" timestamp="2020-09-12T19:27:48.250" activeThreads="8">
  <mem-info id="4253" free="1040486952" total="2853371904" percent="36">
    <mem type="nursery" free="694932992" total="939524096" percent="73">
      <mem type="allocate" free="694932992" total="804651008" percent="86" />
      <mem type="survivor" free="0" total="134873088" percent="0" />
    </mem>
    <mem type="tenure" free="345553960" total="1913847808" percent="18" macro-fragmented="0">
      <mem type="soa" free="233461368" total="1799016448" percent="12" />
      <mem type="loa" free="112092592" total="114831360" percent="97" />
    </mem>
    <remembered-set count="28142" />
  </mem-info>
</gc-end>
<cycle-end id="4254" type="scavenge" contextid="4248" timestamp="2020-09-12T19:27:48.250" />
<allocation-satisfied id="4255" threadId="0000000000845300" bytesRequested="32" />
<af-end id="4256" timestamp="2020-09-12T19:27:48.251" threadId="0000000000845C80" success="true" from="nursery"/>
<exclusive-end id="4257" timestamp="2020-09-12T19:27:48.251" durationms="97.289" />

<exclusive-start id="4258" timestamp="2020-09-12T19:27:50.368" intervalms="2215.117">
  <response-info timems="0.305" idlems="0.305" threads="0" lastid="0000000000845300" lastname="Group1.Backend.CompositeBackend{Tier1}.3" />
</exclusive-start>
<af-start id="4259" threadId="0000000000845C80" totalBytesRequested="520" timestamp="2020-09-12T19:27:50.369" intervalms="2215.077" type="nursery" />
<cycle-start id="4260" type="scavenge" contextid="0" timestamp="2020-09-12T19:27:50.369" intervalms="2215.099" />
<gc-start id="4261" type="scavenge" contextid="4260" timestamp="2020-09-12T19:27:50.369">
  <mem-info id="4262" free="345553960" total="2853371904" percent="12">
    <mem type="nursery" free="0" total="939524096" percent="0">
      <mem type="allocate" free="0" total="804651008" percent="0" />
      <mem type="survivor" free="0" total="134873088" percent="0" />
    </mem>
    <mem type="tenure" free="345553960" total="1913847808" percent="18">
      <mem type="soa" free="233461368" total="1799016448" percent="12" />
      <mem type="loa" free="112092592" total="114831360" percent="97" />
    </mem>
    <remembered-set count="195379" />
  </mem-info>
</gc-start>
<allocation-stats totalBytes="694584656" >
  <allocated-bytes non-tlh="23704256" tlh="670880400" />
  <largest-consumer threadName="Group1.Backend.CompositeBackend{Tier1}.5" threadId="0000000000841700" bytes="100619424" />
</allocation-stats>
<gc-op id="4263" type="scavenge" timems="113.918" contextid="4260" timestamp="2020-09-12T19:27:50.483">
  <scavenger-info tenureage="3" tenuremask="7ff8" tiltratio="85" />
  <memory-copied type="nursery" objects="4472000" bytes="118242280" bytesdiscarded="293448" />
  <memory-copied type="tenure" objects="1094442" bytes="29423976" bytesdiscarded="80800" />
  <ownableSynchronizers candidates="4537" cleared="4232" />
  <references type="soft" candidates="234" cleared="0" enqueued="0" dynamicThreshold="18" maxThreshold="32" />
  <references type="weak" candidates="108" cleared="107" enqueued="0" />
</gc-op>
<gc-end id="4264" type="scavenge" contextid="4260" durationms="114.890" usertimems="879.052" systemtimems="3.831" timestamp="2020-09-12T19:27:50.484" activeThreads="8">
  <mem-info id="4265" free="995876360" total="2853371904" percent="34">
    <mem type="nursery" free="679738864" total="939524096" percent="72">
      <mem type="allocate" free="679738864" total="798359552" percent="85" />
      <mem type="survivor" free="0" total="141164544" percent="0" />
    </mem>
    <mem type="tenure" free="316137496" total="1913847808" percent="16" macro-fragmented="0">
      <mem type="soa" free="204044904" total="1799016448" percent="11" />
      <mem type="loa" free="112092592" total="114831360" percent="97" />
    </mem>
    <remembered-set count="28306" />
  </mem-info>
</gc-end>
<cycle-end id="4266" type="scavenge" contextid="4260" timestamp="2020-09-12T19:27:50.485" />
<allocation-satisfied id="4267" threadId="0000000000845300" bytesRequested="520" />
<af-end id="4268" timestamp="2020-09-12T19:27:50.485" threadId="0000000000845C80" success="true" from="nursery"/>
<exclusive-end id="4269" timestamp="2020-09-12T19:27:50.485" durationms="116.939" />

<exclusive-start id="4270" timestamp="2020-09-12T19:27:52.314" intervalms="1945.308">
  <response-info timems="0.943" idlems="0.583" threads="1" lastid="0000000000846A00" lastname="Group1.Backend.CompositeBackend{Tier1}.4" />
</exclusive-start>
<af-start id="4271" threadId="0000000000A7CB80" totalBytesRequested="16" timestamp="2020-09-12T19:27:52.314" intervalms="1945.455" type="nursery" />
<cycle-start id="4272" type="scavenge" contextid="0" timestamp="2020-09-12T19:27:52.315" intervalms="1945.435" />
<gc-start id="4273" type="scavenge" contextid="4272" timestamp="2020-09-12T19:27:52.315">
  <mem-info id="4274" free="316137496" total="2853371904" percent="11">
    <mem type="nursery" free="0" total="939524096" percent="0">
      <mem type="allocate" free="0" total="798359552" percent="0" />
      <mem type="survivor" free="0" total="141164544" percent="0" />
    </mem>
    <mem type="tenure" free="316137496" total="1913847808" percent="16">
      <mem type="soa" free="204044904" total="1799016448" percent="11" />
      <mem type="loa" free="112092592" total="114831360" percent="97" />
    </mem>
    <remembered-set count="186438" />
  </mem-info>
</gc-start>
<allocation-stats totalBytes="679438160" >
  <allocated-bytes non-tlh="39889760" tlh="639548400" />
  <largest-consumer threadName="Group1.Backend.CompositeBackend{Tier1}.7" threadId="0000000000842E00" bytes="110050920" />
</allocation-stats>
<gc-op id="4275" type="scavenge" timems="96.194" contextid="4272" timestamp="2020-09-12T19:27:52.411">
  <scavenger-info tenureage="3" tenuremask="7ff8" tiltratio="84" />
  <memory-copied type="nursery" objects="4113282" bytes="110477984" bytesdiscarded="123296" />
  <memory-copied type="tenure" objects="1056543" bytes="28416064" bytesdiscarded="83520" />
  <ownableSynchronizers candidates="3203" cleared="2895" />
  <references type="soft" candidates="246" cleared="0" enqueued="0" dynamicThreshold="18" maxThreshold="32" />
  <references type="weak" candidates="138" cleared="138" enqueued="0" />
</gc-op>
<gc-end id="4276" type="scavenge" contextid="4272" durationms="97.123" usertimems="733.902" systemtimems="0.249" timestamp="2020-09-12T19:27:52.412" activeThreads="8">
  <mem-info id="4277" free="976984568" total="2853371904" percent="34">
    <mem type="nursery" free="689376976" total="939524096" percent="73">
      <mem type="allocate" free="689376976" total="800063488" percent="86" />
      <mem type="survivor" free="0" total="139460608" percent="0" />
    </mem>
    <mem type="tenure" free="287607592" total="1913847808" percent="15" macro-fragmented="2475062">
      <mem type="soa" free="175515000" total="1799016448" percent="9" />
      <mem type="loa" free="112092592" total="114831360" percent="97" />
    </mem>
    <remembered-set count="28965" />
  </mem-info>
</gc-end>
<cycle-end id="4278" type="scavenge" contextid="4272" timestamp="2020-09-12T19:27:52.413" />
<allocation-satisfied id="4279" threadId="0000000000A7C200" bytesRequested="16" />
<af-end id="4280" timestamp="2020-09-12T19:27:52.413" threadId="0000000000A7CB80" success="true" from="nursery"/>
<exclusive-end id="4281" timestamp="2020-09-12T19:27:52.413" durationms="99.171" />

<exclusive-start id="4282" timestamp="2020-09-12T19:27:54.507" intervalms="2193.080">
  <response-info timems="0.977" idlems="0.516" threads="1" lastid="0000000000A78600" lastname="Group1.Backend.CompositeBackend{Tier3}.1" />
</exclusive-start>
<af-start id="4283" threadId="000000000077E980" totalBytesRequested="16" timestamp="2020-09-12T19:27:54.507" intervalms="2192.958" type="nursery" />
<cycle-start id="4284" type="scavenge" contextid="0" timestamp="2020-09-12T19:27:54.508" intervalms="2192.950" />
<gc-start id="4285" type="scavenge" contextid="4284" timestamp="2020-09-12T19:27:54.508">
  <mem-info id="4286" free="287607592" total="2853371904" percent="10">
    <mem type="nursery" free="0" total="939524096" percent="0">
      <mem type="allocate" free="0" total="800063488" percent="0" />
      <mem type="survivor" free="0" total="139460608" percent="0" />
    </mem>
    <mem type="tenure" free="287607592" total="1913847808" percent="15">
      <mem type="soa" free="175515000" total="1799016448" percent="9" />
      <mem type="loa" free="112092592" total="114831360" percent="97" />
    </mem>
    <remembered-set count="195977" />
  </mem-info>
</gc-start>
<allocation-stats totalBytes="689032072" >
  <allocated-bytes non-tlh="26782648" tlh="662249424" />
  <largest-consumer threadName="Group1.Backend.CompositeBackend{Tier1}.1" threadId="000000000077E000" bytes="107271752" />
</allocation-stats>
<gc-op id="4287" type="scavenge" timems="107.730" contextid="4284" timestamp="2020-09-12T19:27:54.616">
  <scavenger-info tenureage="3" tenuremask="7ff8" tiltratio="85" />
  <memory-copied type="nursery" objects="4367835" bytes="116174152" bytesdiscarded="287024" />
  <memory-copied type="tenure" objects="1088232" bytes="29393368" bytesdiscarded="99920" />
  <ownableSynchronizers candidates="3193" cleared="2890" />
  <references type="soft" candidates="258" cleared="0" enqueued="0" dynamicThreshold="18" maxThreshold="32" />
  <references type="weak" candidates="107" cleared="107" enqueued="0" />
</gc-op>
<gc-end id="4288" type="scavenge" contextid="4284" durationms="108.824" usertimems="780.933" systemtimems="2.803" timestamp="2020-09-12T19:27:54.617" activeThreads="8">
  <mem-info id="4289" free="942168600" total="2853371904" percent="33">
    <mem type="nursery" free="684105720" total="939524096" percent="72">
      <mem type="allocate" free="684105720" total="800653312" percent="85" />
      <mem type="survivor" free="0" total="138870784" percent="0" />
    </mem>
    <mem type="tenure" free="258062880" total="1913847808" percent="13" macro-fragmented="0">
      <mem type="soa" free="145970288" total="1799016448" percent="8" />
      <mem type="loa" free="112092592" total="114831360" percent="97" />
    </mem>
    <remembered-set count="30556" />
  </mem-info>
</gc-end>
<cycle-end id="4290" type="scavenge" contextid="4284" timestamp="2020-09-12T19:27:54.617" />
<allocation-satisfied id="4291" threadId="000000000077E000" bytesRequested="16" />
<af-end id="4292" timestamp="2020-09-12T19:27:54.617" threadId="000000000077E980" success="true" from="nursery"/>
<exclusive-end id="4293" timestamp="2020-09-12T19:27:54.617" durationms="110.565" />

<exclusive-start id="4294" timestamp="2020-09-12T19:27:56.560" intervalms="2053.007">
  <response-info timems="2.393" idlems="2.393" threads="0" lastid="0000000000A80300" lastname="Group1.Backend.CompositeBackend{Tier3}.2" />
</exclusive-start>
<af-start id="4295" threadId="0000000000A80C80" totalBytesRequested="16" timestamp="2020-09-12T19:27:56.560" intervalms="2053.029" type="nursery" />
<cycle-start id="4296" type="scavenge" contextid="0" timestamp="2020-09-12T19:27:56.561" intervalms="2053.049" />
<gc-start id="4297" type="scavenge" contextid="4296" timestamp="2020-09-12T19:27:56.561">
  <mem-info id="4298" free="258062880" total="2853371904" percent="9">
    <mem type="nursery" free="0" total="939524096" percent="0">
      <mem type="allocate" free="0" total="800653312" percent="0" />
      <mem type="survivor" free="0" total="138870784" percent="0" />
    </mem>
    <mem type="tenure" free="258062880" total="1913847808" percent="13">
      <mem type="soa" free="145970288" total="1799016448" percent="8" />
      <mem type="loa" free="112092592" total="114831360" percent="97" />
    </mem>
    <remembered-set count="190980" />
  </mem-info>
</gc-start>
<allocation-stats totalBytes="683789320" >
  <allocated-bytes non-tlh="36575064" tlh="647214256" />
  <largest-consumer threadName="Group1.Backend.CompositeBackend{Tier1}.5" threadId="0000000000841700" bytes="129728920" />
</allocation-stats>
<gc-op id="4299" type="scavenge" timems="101.935" contextid="4296" timestamp="2020-09-12T19:27:56.663">
  <scavenger-info tenureage="3" tenuremask="7ff8" tiltratio="85" />
  <memory-copied type="nursery" objects="4066214" bytes="109011896" bytesdiscarded="476296" />
  <memory-copied type="tenure" objects="1167748" bytes="31400576" bytesdiscarded="99152" />
  <finalization candidates="1" enqueued="0" />
  <ownableSynchronizers candidates="3922" cleared="3627" />
  <references type="soft" candidates="267" cleared="0" enqueued="0" dynamicThreshold="18" maxThreshold="32" />
  <references type="weak" candidates="120" cleared="120" enqueued="0" />
</gc-op>
<gc-end id="4300" type="scavenge" contextid="4296" durationms="103.026" usertimems="759.348" systemtimems="0.000" timestamp="2020-09-12T19:27:56.664" activeThreads="8">
  <mem-info id="4301" free="919407680" total="2853371904" percent="32">
    <mem type="nursery" free="692852992" total="939524096" percent="73">
      <mem type="allocate" free="692852992" total="802422784" percent="86" />
      <mem type="survivor" free="0" total="137101312" percent="0" />
    </mem>
    <mem type="tenure" free="226554688" total="1913847808" percent="11" macro-fragmented="0">
      <mem type="soa" free="114462096" total="1799016448" percent="6" />
      <mem type="loa" free="112092592" total="114831360" percent="97" />
    </mem>
    <remembered-set count="30781" />
  </mem-info>
</gc-end>
<cycle-end id="4302" type="scavenge" contextid="4296" timestamp="2020-09-12T19:27:56.665" />
<allocation-satisfied id="4303" threadId="0000000000A80300" bytesRequested="16" />
<af-end id="4304" timestamp="2020-09-12T19:27:56.665" threadId="0000000000A80C80" success="true" from="nursery"/>
<exclusive-end id="4305" timestamp="2020-09-12T19:27:56.665" durationms="104.878" />

<exclusive-start id="4306" timestamp="2020-09-12T19:27:58.719" intervalms="2159.563">
  <response-info timems="0.524" idlems="0.524" threads="0" lastid="0000000000841700" lastname="Group1.Backend.CompositeBackend{Tier1}.5" />
</exclusive-start>
<af-start id="4307" threadId="0000000000842080" totalBytesRequested="16" timestamp="2020-09-12T19:27:58.720" intervalms="2159.698" type="nursery" />
<cycle-start id="4308" type="scavenge" contextid="0" timestamp="2020-09-12T19:27:58.720" intervalms="2159.752" />
<gc-start id="4309" type="scavenge" contextid="4308" timestamp="2020-09-12T19:27:58.721">
  <mem-info id="4310" free="226554688" total="2853371904" percent="7">
    <mem type="nursery" free="0" total="939524096" percent="0">
      <mem type="allocate" free="0" total="802422784" percent="0" />
      <mem type="survivor" free="0" total="137101312" percent="0" />
    </mem>
    <mem type="tenure" free="226554688" total="1913847808" percent="11">
      <mem type="soa" free="114462096" total="1799016448" percent="6" />
      <mem type="loa" free="112092592" total="114831360" percent="97" />
    </mem>
    <remembered-set count="195443" />
  </mem-info>
</gc-start>
<allocation-stats totalBytes="692506080" >
  <allocated-bytes non-tlh="30239656" tlh="662266424" />
  <largest-consumer threadName="Group1.Backend.CompositeBackend{Tier1}.8" threadId="0000000000843900" bytes="107312672" />
</allocation-stats>
<gc-op id="4311" type="scavenge" timems="106.295" contextid="4308" timestamp="2020-09-12T19:27:58.827">
  <scavenger-info tenureage="3" tenuremask="7ff8" tiltratio="85" />
  <memory-copied type="nursery" objects="4166578" bytes="111668720" bytesdiscarded="338672" />
  <memory-copied type="tenure" objects="1025366" bytes="27563976" bytesdiscarded="99520" />
  <finalization candidates="1" enqueued="0" />
  <ownableSynchronizers candidates="3852" cleared="3563" />
  <references type="soft" candidates="264" cleared="0" enqueued="0" dynamicThreshold="18" maxThreshold="32" />
  <references type="weak" candidates="108" cleared="108" enqueued="0" />
</gc-op>
<gc-end id="4312" type="scavenge" contextid="4308" durationms="107.173" usertimems="749.949" systemtimems="0.000" timestamp="2020-09-12T19:27:58.828" activeThreads="8">
  <mem-info id="4313" free="891041608" total="2853371904" percent="31">
    <mem type="nursery" free="692095744" total="939524096" percent="73">
      <mem type="allocate" free="692095744" total="804192256" percent="86" />
      <mem type="survivor" free="0" total="135331840" percent="0" />
    </mem>
    <mem type="tenure" free="198945864" total="1913847808" percent="10" macro-fragmented="0">
      <mem type="soa" free="86853272" total="1799016448" percent="4" />
      <mem type="loa" free="112092592" total="114831360" percent="97" />
    </mem>
    <remembered-set count="31009" />
  </mem-info>
</gc-end>
<cycle-end id="4314" type="scavenge" contextid="4308" timestamp="2020-09-12T19:27:58.829" />
<allocation-satisfied id="4315" threadId="0000000000841700" bytesRequested="16" />
<af-end id="4316" timestamp="2020-09-12T19:27:58.829" threadId="0000000000842080" success="true" from="nursery"/>
<exclusive-end id="4317" timestamp="2020-09-12T19:27:58.829" durationms="109.298" />

<exclusive-start id="4318" timestamp="2020-09-12T19:28:00.777" intervalms="2058.047">
  <response-info timems="0.378" idlems="0.378" threads="0" lastid="0000000000846A00" lastname="Group1.Backend.CompositeBackend{Tier1}.4" />
</exclusive-start>
<af-start id="4319" threadId="0000000000847380" totalBytesRequested="664" timestamp="2020-09-12T19:28:00.778" intervalms="2057.972" type="nursery" />
<cycle-start id="4320" type="scavenge" contextid="0" timestamp="2020-09-12T19:28:00.778" intervalms="2057.903" />
<gc-start id="4321" type="scavenge" contextid="4320" timestamp="2020-09-12T19:28:00.779">
  <mem-info id="4322" free="198945864" total="2853371904" percent="6">
    <mem type="nursery" free="0" total="939524096" percent="0">
      <mem type="allocate" free="0" total="804192256" percent="0" />
      <mem type="survivor" free="0" total="135331840" percent="0" />
    </mem>
    <mem type="tenure" free="198945864" total="1913847808" percent="10">
      <mem type="soa" free="86853272" total="1799016448" percent="4" />
      <mem type="loa" free="112092592" total="114831360" percent="97" />
    </mem>
    <remembered-set count="196181" />
  </mem-info>
</gc-start>
<allocation-stats totalBytes="691780432" >
  <allocated-bytes non-tlh="34609760" tlh="657170672" />
  <largest-consumer threadName="Group1.Backend.CompositeBackend{Tier1}.7" threadId="0000000000842E00" bytes="92359392" />
</allocation-stats>
<gc-op id="4323" type="scavenge" timems="117.811" contextid="4320" timestamp="2020-09-12T19:28:00.896">
  <scavenger-info tenureage="3" tenuremask="7ff8" tiltratio="85" />
  <memory-copied type="nursery" objects="4145091" bytes="111079064" bytesdiscarded="264112" />
  <memory-copied type="tenure" objects="1141196" bytes="30665272" bytesdiscarded="101536" />
  <finalization candidates="1" enqueued="0" />
  <ownableSynchronizers candidates="4950" cleared="4636" />
  <references type="soft" candidates="263" cleared="0" enqueued="0" dynamicThreshold="18" maxThreshold="32" />
  <references type="weak" candidates="104" cleared="103" enqueued="0" />
</gc-op>
<gc-end id="4324" type="scavenge" contextid="4320" durationms="118.740" usertimems="879.067" systemtimems="5.546" timestamp="2020-09-12T19:28:00.897" activeThreads="8">
  <mem-info id="4325" free="863078224" total="2853371904" percent="30">
    <mem type="nursery" free="694854144" total="939524096" percent="73">
      <mem type="allocate" free="694854144" total="806289408" percent="86" />
      <mem type="survivor" free="0" total="133234688" percent="0" />
    </mem>
    <mem type="tenure" free="168224080" total="1913847808" percent="8" macro-fragmented="19260884">
      <mem type="soa" free="56131488" total="1799016448" percent="3" />
      <mem type="loa" free="112092592" total="114831360" percent="97" />
    </mem>
    <remembered-set count="30816" />
  </mem-info>
</gc-end>
<cycle-end id="4326" type="scavenge" contextid="4320" timestamp="2020-09-12T19:28:00.898" />
<allocation-satisfied id="4327" threadId="0000000000846A00" bytesRequested="664" />
<af-end id="4328" timestamp="2020-09-12T19:28:00.898" threadId="0000000000847380" success="true" from="nursery"/>
<exclusive-end id="4329" timestamp="2020-09-12T19:28:00.898" durationms="120.603" />

<exclusive-start id="4330" timestamp="2020-09-12T19:28:02.854" intervalms="2076.478">
  <response-info timems="1.474" idlems="1.474" threads="0" lastid="0000000000843900" lastname="Group1.Backend.CompositeBackend{Tier1}.8" />
</exclusive-start>
<af-start id="4331" threadId="0000000000844280" totalBytesRequested="48" timestamp="2020-09-12T19:28:02.855" intervalms="2076.563" type="nursery" />
<cycle-start id="4332" type="scavenge" contextid="0" timestamp="2020-09-12T19:28:02.855" intervalms="2076.635" />
<gc-start id="4333" type="scavenge" contextid="4332" timestamp="2020-09-12T19:28:02.855">
  <mem-info id="4334" free="168224080" total="2853371904" percent="5">
    <mem type="nursery" free="0" total="939524096" percent="0">
      <mem type="allocate" free="0" total="806289408" percent="0" />
      <mem type="survivor" free="0" total="133234688" percent="0" />
    </mem>
    <mem type="tenure" free="168224080" total="1913847808" percent="8">
      <mem type="soa" free="56131488" total="1799016448" percent="3" />
      <mem type="loa" free="112092592" total="114831360" percent="97" />
    </mem>
    <remembered-set count="193890" />
  </mem-info>
</gc-start>
<allocation-stats totalBytes="694522320" >
  <allocated-bytes non-tlh="33950576" tlh="660571744" />
  <largest-consumer threadName="Group1.Backend.CompositeBackend{Tier1}.1" threadId="000000000077E000" bytes="100121512" />
</allocation-stats>
<gc-op id="4335" type="scavenge" timems="142.691" contextid="4332" timestamp="2020-09-12T19:28:02.998">
  <scavenger-info tenureage="3" tenuremask="7ff8" tiltratio="85" />
  <memory-copied type="nursery" objects="4153374" bytes="111041088" bytesdiscarded="193200" />
  <memory-copied type="tenure" objects="1051412" bytes="28260888" bytesdiscarded="109184" />
  <finalization candidates="1" enqueued="0" />
  <ownableSynchronizers candidates="5620" cleared="5247" />
  <references type="soft" candidates="286" cleared="0" enqueued="0" dynamicThreshold="18" maxThreshold="32" />
  <references type="weak" candidates="127" cleared="127" enqueued="0" />
</gc-op>
<gc-end id="4336" type="scavenge" contextid="4332" durationms="143.608" usertimems="990.197" systemtimems="18.248" timestamp="2020-09-12T19:28:02.999" activeThreads="8">
  <mem-info id="4337" free="836525704" total="2853371904" percent="29">
    <mem type="nursery" free="696680440" total="939524096" percent="74">
      <mem type="allocate" free="696680440" total="807993344" percent="86" />
      <mem type="survivor" free="0" total="131530752" percent="0" />
    </mem>
    <mem type="tenure" free="139845264" total="1913847808" percent="7" macro-fragmented="0">
      <mem type="soa" free="27752672" total="1799016448" percent="1" />
      <mem type="loa" free="112092592" total="114831360" percent="97" />
    </mem>
    <remembered-set count="31602" />
  </mem-info>
</gc-end>
<cycle-end id="4338" type="scavenge" contextid="4332" timestamp="2020-09-12T19:28:03.000" />
<allocation-satisfied id="4339" threadId="0000000000843900" bytesRequested="48" />
<af-end id="4340" timestamp="2020-09-12T19:28:03.000" threadId="0000000000844280" success="true" from="nursery"/>
<exclusive-end id="4341" timestamp="2020-09-12T19:28:03.000" durationms="145.954" />

<exclusive-start id="4342" timestamp="2020-09-12T19:28:05.076" intervalms="2222.127">
  <response-info timems="2.387" idlems="2.387" threads="0" lastid="0000000000843900" lastname="Group1.Backend.CompositeBackend{Tier1}.8" />
</exclusive-start>
<af-start id="4343" threadId="0000000000844280" totalBytesRequested="32" timestamp="2020-09-12T19:28:05.077" intervalms="2221.938" type="nursery" />
<percolate-collect id="4344" from="nursery" to="global" reason="prevent tenure expand" timestamp="2020-09-12T19:28:05.077"/>
<cycle-start id="4345" type="global" contextid="0" timestamp="2020-09-12T19:28:05.077" intervalms="68365.817" />
<gc-start id="4346" type="global" contextid="4345" timestamp="2020-09-12T19:28:05.077">
  <mem-info id="4347" free="139845264" total="2853371904" percent="4">
    <mem type="nursery" free="0" total="939524096" percent="0">
      <mem type="allocate" free="0" total="807993344" percent="0" />
      <mem type="survivor" free="0" total="131530752" percent="0" />
    </mem>
    <mem type="tenure" free="139845264" total="1913847808" percent="7">
      <mem type="soa" free="27752672" total="1799016448" percent="1" />
      <mem type="loa" free="112092592" total="114831360" percent="97" />
    </mem>
    <remembered-set count="199188" />
  </mem-info>
</gc-start>
<allocation-stats totalBytes="696341440" >
  <allocated-bytes non-tlh="29003312" tlh="667338128" />
  <largest-consumer threadName="Group1.Backend.CompositeBackend{Tier1}.3" threadId="0000000000845300" bytes="102380488" />
</allocation-stats>
<gc-op id="4348" type="mark" timems="588.500" contextid="4345" timestamp="2020-09-12T19:28:05.666">
  <trace-info objectcount="30769538" scancount="29790114" scanbytes="816077404" />
  <finalization candidates="150" enqueued="0" />
  <ownableSynchronizers candidates="591357" cleared="4878" />
  <references type="soft" candidates="713491" cleared="0" enqueued="0" dynamicThreshold="18" maxThreshold="32" />
  <references type="weak" candidates="4382" cleared="93" enqueued="0" />
  <references type="phantom" candidates="106" cleared="0" enqueued="0" />
  <stringconstants candidates="10914" cleared="1"  />
</gc-op>
<gc-op id="4349" type="sweep" timems="12.843" contextid="4345" timestamp="2020-09-12T19:28:05.679" />
<gc-end id="4350" type="global" contextid="4345" durationms="602.245" usertimems="4488.495" systemtimems="0.000" timestamp="2020-09-12T19:28:05.679" activeThreads="8">
  <mem-info id="4351" free="1705495600" total="2853371904" percent="59">
    <mem type="nursery" free="616331040" total="939524096" percent="65">
      <mem type="allocate" free="616331040" total="807993344" percent="76" />
      <mem type="survivor" free="0" total="131530752" percent="0" />
    </mem>
    <mem type="tenure" free="1089164560" total="1913847808" percent="56" micro-fragmented="73436655" macro-fragmented="6911770">
      <mem type="soa" free="976741544" total="1799016448" percent="54" />
      <mem type="loa" free="112423016" total="114831360" percent="97" />
    </mem>
    <remembered-set count="193294" />
  </mem-info>
</gc-end>
<cycle-end id="4352" type="global" contextid="4345" timestamp="2020-09-12T19:28:05.680" />
<allocation-satisfied id="4353" threadId="0000000000843900" bytesRequested="32" />
<af-end id="4354" timestamp="2020-09-12T19:28:05.680" threadId="0000000000844280" success="true" from="nursery"/>
<exclusive-end id="4355" timestamp="2020-09-12T19:28:05.680" durationms="603.922" />

<exclusive-start id="4356" timestamp="2020-09-12T19:28:06.737" intervalms="1660.909">
  <response-info timems="1.769" idlems="1.769" threads="0" lastid="0000000000842200" lastname="Group1.Backend.CompositeBackend{Tier1}.6" />
</exclusive-start>
<af-start id="4357" threadId="0000000000842B80" totalBytesRequested="524296" timestamp="2020-09-12T19:28:06.737" intervalms="1660.889" type="nursery" />
<cycle-start id="4358" type="scavenge" contextid="0" timestamp="2020-09-12T19:28:06.738" intervalms="3882.764" />
<gc-start id="4359" type="scavenge" contextid="4358" timestamp="2020-09-12T19:28:06.738">
  <mem-info id="4360" free="1142675168" total="2853371904" percent="40">
    <mem type="nursery" free="53510656" total="939524096" percent="5">
      <mem type="allocate" free="53510656" total="807993344" percent="6" />
      <mem type="survivor" free="0" total="131530752" percent="0" />
    </mem>
    <mem type="tenure" free="1089164512" total="1913847808" percent="56">
      <mem type="soa" free="976741496" total="1799016448" percent="54" />
      <mem type="loa" free="112423016" total="114831360" percent="97" />
    </mem>
    <remembered-set count="241303" />
  </mem-info>
</gc-start>
<allocation-stats totalBytes="560789136" >
  <allocated-bytes non-tlh="35208312" tlh="525580824" />
  <largest-consumer threadName="Group1.Backend.CompositeBackend{Tier1}.3" threadId="0000000000845300" bytes="93223600" />
</allocation-stats>
<gc-op id="4361" type="scavenge" timems="140.299" contextid="4358" timestamp="2020-09-12T19:28:06.878">
  <scavenger-info tenureage="3" tenuremask="7ff8" tiltratio="86" />
  <memory-copied type="nursery" objects="4928105" bytes="131350200" bytesdiscarded="37728" />
  <memory-copied type="tenure" objects="1366645" bytes="36419552" bytesdiscarded="74984" />
  <copy-failed type="nursery" objects="340384" bytes="8830432" />
  <ownableSynchronizers candidates="1175534" cleared="1175109" />
  <references type="soft" candidates="214" cleared="0" enqueued="0" dynamicThreshold="18" maxThreshold="32" />
  <references type="weak" candidates="89" cleared="88" enqueued="0" />
</gc-op>
<gc-end id="4362" type="scavenge" contextid="4358" durationms="141.310" usertimems="1074.365" systemtimems="0.000" timestamp="2020-09-12T19:28:06.879" activeThreads="8">
  <mem-info id="4363" free="1670856904" total="2853371904" percent="58">
    <mem type="nursery" free="618332160" total="939524096" percent="65">
      <mem type="allocate" free="618332160" total="749862912" percent="82" />
      <mem type="survivor" free="0" total="189661184" percent="0" />
    </mem>
    <mem type="tenure" free="1052524744" total="1913847808" percent="54" macro-fragmented="5189311">
      <mem type="soa" free="940101728" total="1799016448" percent="52" />
      <mem type="loa" free="112423016" total="114831360" percent="97" />
    </mem>
    <remembered-set count="40687" />
  </mem-info>
</gc-end>
<cycle-end id="4364" type="scavenge" contextid="4358" timestamp="2020-09-12T19:28:06.880" />
<allocation-satisfied id="4365" threadId="0000000000842200" bytesRequested="524296" />
<af-end id="4366" timestamp="2020-09-12T19:28:06.880" threadId="0000000000842B80" success="true" from="nursery"/>
<exclusive-end id="4367" timestamp="2020-09-12T19:28:06.880" durationms="143.198" />

<exclusive-start id="4368" timestamp="2020-09-12T19:28:08.656" intervalms="1918.925">
  <response-info timems="0.510" idlems="0.510" threads="0" lastid="0000000000780600" lastname="Group1.Backend.CompositeBackend{Tier1}.2" />
</exclusive-start>
<af-start id="4369" threadId="0000000000780F80" totalBytesRequested="16" timestamp="2020-09-12T19:28:08.657" intervalms="1919.261" type="nursery" />
<cycle-start id="4370" type="scavenge" contextid="0" timestamp="2020-09-12T19:28:08.657" intervalms="1919.316" />
<gc-start id="4371" type="scavenge" contextid="4370" timestamp="2020-09-12T19:28:08.657">
  <mem-info id="4372" free="1052524744" total="2853371904" percent="36">
    <mem type="nursery" free="0" total="939524096" percent="0">
      <mem type="allocate" free="0" total="749862912" percent="0" />
      <mem type="survivor" free="0" total="189661184" percent="0" />
    </mem>
    <mem type="tenure" free="1052524744" total="1913847808" percent="54">
      <mem type="soa" free="940101728" total="1799016448" percent="52" />
      <mem type="loa" free="112423016" total="114831360" percent="97" />
    </mem>
    <remembered-set count="197123" />
  </mem-info>
</gc-start>
<allocation-stats totalBytes="618028664" >
  <allocated-bytes non-tlh="26900792" tlh="591127872" />
  <largest-consumer threadName="Group1.Backend.CompositeBackend{Tier1}.3" threadId="0000000000845300" bytes="101370312" />
</allocation-stats>
<gc-op id="4373" type="scavenge" timems="114.457" contextid="4370" timestamp="2020-09-12T19:28:08.772">
  <scavenger-info tenureage="3" tenuremask="7ff8" tiltratio="79" />
  <memory-copied type="nursery" objects="4695795" bytes="126142656" bytesdiscarded="180128" />
  <memory-copied type="tenure" objects="988776" bytes="26647896" bytesdiscarded="75256" />
  <ownableSynchronizers candidates="2855" cleared="2549" />
  <references type="soft" candidates="217" cleared="0" enqueued="0" dynamicThreshold="18" maxThreshold="32" />
  <references type="weak" candidates="112" cleared="112" enqueued="0" />
</gc-op>
<gc-end id="4374" type="scavenge" contextid="4370" durationms="115.667" usertimems="883.202" systemtimems="8.270" timestamp="2020-09-12T19:28:08.773" activeThreads="8">
  <mem-info id="4375" free="1655514424" total="2853371904" percent="58">
    <mem type="nursery" free="629946360" total="939524096" percent="67">
      <mem type="allocate" free="629946360" total="756350976" percent="83" />
      <mem type="survivor" free="0" total="183173120" percent="0" />
    </mem>
    <mem type="tenure" free="1025568064" total="1913847808" percent="53" macro-fragmented="4819877">
      <mem type="soa" free="913145048" total="1799016448" percent="50" />
      <mem type="loa" free="112423016" total="114831360" percent="97" />
    </mem>
    <remembered-set count="38269" />
  </mem-info>
</gc-end>
<cycle-end id="4376" type="scavenge" contextid="4370" timestamp="2020-09-12T19:28:08.773" />
<allocation-satisfied id="4377" threadId="0000000000780600" bytesRequested="16" />
<af-end id="4378" timestamp="2020-09-12T19:28:08.774" threadId="0000000000780F80" success="true" from="nursery"/>
<exclusive-end id="4379" timestamp="2020-09-12T19:28:08.774" durationms="117.733" />

<exclusive-start id="4380" timestamp="2020-09-12T19:28:10.511" intervalms="1855.499">
  <response-info timems="0.483" idlems="0.483" threads="0" lastid="000000000077E000" lastname="Group1.Backend.CompositeBackend{Tier1}.1" />
</exclusive-start>
<af-start id="4381" threadId="000000000077E980" totalBytesRequested="32" timestamp="2020-09-12T19:28:10.512" intervalms="1855.307" type="nursery" />
<cycle-start id="4382" type="scavenge" contextid="0" timestamp="2020-09-12T19:28:10.512" intervalms="1855.246" />
<gc-start id="4383" type="scavenge" contextid="4382" timestamp="2020-09-12T19:28:10.512">
  <mem-info id="4384" free="1025568064" total="2853371904" percent="35">
    <mem type="nursery" free="0" total="939524096" percent="0">
      <mem type="allocate" free="0" total="756350976" percent="0" />
      <mem type="survivor" free="0" total="183173120" percent="0" />
    </mem>
    <mem type="tenure" free="1025568064" total="1913847808" percent="53">
      <mem type="soa" free="913145048" total="1799016448" percent="50" />
      <mem type="loa" free="112423016" total="114831360" percent="97" />
    </mem>
    <remembered-set count="192070" />
  </mem-info>
</gc-start>
<allocation-stats totalBytes="629641456" >
  <allocated-bytes non-tlh="30284608" tlh="599356848" />
  <largest-consumer threadName="Group1.Backend.CompositeBackend{Tier1}.6" threadId="0000000000842200" bytes="111200144" />
</allocation-stats>
<gc-op id="4385" type="scavenge" timems="109.747" contextid="4382" timestamp="2020-09-12T19:28:10.622">
  <scavenger-info tenureage="3" tenuremask="7ff8" tiltratio="80" />
  <memory-copied type="nursery" objects="4671165" bytes="125468936" bytesdiscarded="517480" />
  <memory-copied type="tenure" objects="956378" bytes="25761648" bytesdiscarded="85000" />
  <ownableSynchronizers candidates="4422" cleared="4104" />
  <references type="soft" candidates="241" cleared="0" enqueued="0" dynamicThreshold="18" maxThreshold="32" />
  <references type="weak" candidates="113" cleared="113" enqueued="0" />
</gc-op>
<gc-end id="4386" type="scavenge" contextid="4382" durationms="111.272" usertimems="834.073" systemtimems="1.357" timestamp="2020-09-12T19:28:10.624" activeThreads="8">
  <mem-info id="4387" free="1638624984" total="2853371904" percent="57">
    <mem type="nursery" free="638676224" total="939524096" percent="67">
      <mem type="allocate" free="638676224" total="764739584" percent="83" />
      <mem type="survivor" free="0" total="174784512" percent="0" />
    </mem>
    <mem type="tenure" free="999948760" total="1913847808" percent="52" macro-fragmented="0">
      <mem type="soa" free="887525744" total="1799016448" percent="49" />
      <mem type="loa" free="112423016" total="114831360" percent="97" />
    </mem>
    <remembered-set count="35278" />
  </mem-info>
</gc-end>
<cycle-end id="4388" type="scavenge" contextid="4382" timestamp="2020-09-12T19:28:10.625" />
<allocation-satisfied id="4389" threadId="000000000077E000" bytesRequested="32" />
<af-end id="4390" timestamp="2020-09-12T19:28:10.625" threadId="000000000077E980" success="true" from="nursery"/>
<exclusive-end id="4391" timestamp="2020-09-12T19:28:10.625" durationms="113.516" />

<exclusive-start id="4392" timestamp="2020-09-12T19:28:12.425" intervalms="1913.871">
  <response-info timems="0.532" idlems="0.532" threads="0" lastid="000000000077E000" lastname="Group1.Backend.CompositeBackend{Tier1}.1" />
</exclusive-start>
<af-start id="4393" threadId="000000000077E980" totalBytesRequested="208" timestamp="2020-09-12T19:28:12.426" intervalms="1914.011" type="nursery" />
<cycle-start id="4394" type="scavenge" contextid="0" timestamp="2020-09-12T19:28:12.426" intervalms="1914.043" />
<gc-start id="4395" type="scavenge" contextid="4394" timestamp="2020-09-12T19:28:12.427">
  <mem-info id="4396" free="999948760" total="2853371904" percent="35">
    <mem type="nursery" free="0" total="939524096" percent="0">
      <mem type="allocate" free="0" total="764739584" percent="0" />
      <mem type="survivor" free="0" total="174784512" percent="0" />
    </mem>
    <mem type="tenure" free="999948760" total="1913847808" percent="52">
      <mem type="soa" free="887525744" total="1799016448" percent="49" />
      <mem type="loa" free="112423016" total="114831360" percent="97" />
    </mem>
    <remembered-set count="190180" />
  </mem-info>
</gc-start>
<allocation-stats totalBytes="638386256" >
  <allocated-bytes non-tlh="34834696" tlh="603551560" />
  <largest-consumer threadName="Group1.Backend.CompositeBackend{Tier1}.6" threadId="0000000000842200" bytes="94054736" />
</allocation-stats>
<gc-op id="4397" type="scavenge" timems="99.037" contextid="4394" timestamp="2020-09-12T19:28:12.526">
  <scavenger-info tenureage="3" tenuremask="7ff8" tiltratio="81" />
  <memory-copied type="nursery" objects="3782962" bytes="101446992" bytesdiscarded="330256" />
  <memory-copied type="tenure" objects="1821407" bytes="49103672" bytesdiscarded="83544" />
  <ownableSynchronizers candidates="3323" cleared="3026" />
  <references type="soft" candidates="254" cleared="0" enqueued="0" dynamicThreshold="18" maxThreshold="32" />
  <references type="weak" candidates="118" cleared="118" enqueued="0" />
</gc-op>
<gc-end id="4398" type="scavenge" contextid="4394" durationms="100.085" usertimems="764.277" systemtimems="0.000" timestamp="2020-09-12T19:28:12.527" activeThreads="8">
  <mem-info id="4399" free="1620572872" total="2853371904" percent="56">
    <mem type="nursery" free="669769472" total="939524096" percent="71">
      <mem type="allocate" free="669769472" total="771620864" percent="86" />
      <mem type="survivor" free="0" total="167903232" percent="0" />
    </mem>
    <mem type="tenure" free="950803400" total="1913847808" percent="49" macro-fragmented="7927499">
      <mem type="soa" free="838380384" total="1799016448" percent="46" />
      <mem type="loa" free="112423016" total="114831360" percent="97" />
    </mem>
    <remembered-set count="26870" />
  </mem-info>
</gc-end>
<cycle-end id="4400" type="scavenge" contextid="4394" timestamp="2020-09-12T19:28:12.527" />
<allocation-satisfied id="4401" threadId="000000000077E000" bytesRequested="208" />
<af-end id="4402" timestamp="2020-09-12T19:28:12.527" threadId="000000000077E980" success="true" from="nursery"/>
<exclusive-end id="4403" timestamp="2020-09-12T19:28:12.527" durationms="102.054" />

<exclusive-start id="4404" timestamp="2020-09-12T19:28:14.473" intervalms="2047.359">
  <response-info timems="1.097" idlems="0.618" threads="1" lastid="0000000000846A00" lastname="Group1.Backend.CompositeBackend{Tier1}.4" />
</exclusive-start>
<af-start id="4405" threadId="0000000000845C80" totalBytesRequested="24" timestamp="2020-09-12T19:28:14.473" intervalms="2047.344" type="nursery" />
<cycle-start id="4406" type="scavenge" contextid="0" timestamp="2020-09-12T19:28:14.474" intervalms="2047.340" />
<gc-start id="4407" type="scavenge" contextid="4406" timestamp="2020-09-12T19:28:14.474">
  <mem-info id="4408" free="950803400" total="2853371904" percent="33">
    <mem type="nursery" free="0" total="939524096" percent="0">
      <mem type="allocate" free="0" total="771620864" percent="0" />
      <mem type="survivor" free="0" total="167903232" percent="0" />
    </mem>
    <mem type="tenure" free="950803400" total="1913847808" percent="49">
      <mem type="soa" free="838380384" total="1799016448" percent="46" />
      <mem type="loa" free="112423016" total="114831360" percent="97" />
    </mem>
    <remembered-set count="188562" />
  </mem-info>
</gc-start>
<allocation-stats totalBytes="669461640" >
  <allocated-bytes non-tlh="33286240" tlh="636175400" />
  <largest-consumer threadName="Group1.Backend.CompositeBackend{Tier1}.6" threadId="0000000000842200" bytes="114012456" />
</allocation-stats>
<gc-op id="4409" type="scavenge" timems="117.458" contextid="4406" timestamp="2020-09-12T19:28:14.591">
  <scavenger-info tenureage="3" tenuremask="7ff8" tiltratio="82" />
  <memory-copied type="nursery" objects="3826699" bytes="102594024" bytesdiscarded="122496" />
  <memory-copied type="tenure" objects="1048359" bytes="28192640" bytesdiscarded="84792" />
  <ownableSynchronizers candidates="3637" cleared="3357" />
  <references type="soft" candidates="265" cleared="0" enqueued="0" dynamicThreshold="18" maxThreshold="32" />
  <references type="weak" candidates="117" cleared="117" enqueued="0" />
</gc-op>
<gc-end id="4410" type="scavenge" contextid="4406" durationms="119.260" usertimems="842.660" systemtimems="2.075" timestamp="2020-09-12T19:28:14.593" activeThreads="8">
  <mem-info id="4411" free="1601444264" total="2853371904" percent="56">
    <mem type="nursery" free="679113984" total="939524096" percent="72">
      <mem type="allocate" free="679113984" total="781910016" percent="86" />
      <mem type="survivor" free="0" total="157614080" percent="0" />
    </mem>
    <mem type="tenure" free="922330280" total="1913847808" percent="48" macro-fragmented="0">
      <mem type="soa" free="809907264" total="1799016448" percent="45" />
      <mem type="loa" free="112423016" total="114831360" percent="97" />
    </mem>
    <remembered-set count="28402" />
  </mem-info>
</gc-end>
<cycle-end id="4412" type="scavenge" contextid="4406" timestamp="2020-09-12T19:28:14.594" />
<allocation-satisfied id="4413" threadId="0000000000845300" bytesRequested="24" />
<af-end id="4414" timestamp="2020-09-12T19:28:14.594" threadId="0000000000845C80" success="true" from="nursery"/>
<exclusive-end id="4415" timestamp="2020-09-12T19:28:14.594" durationms="121.759" />

<exclusive-start id="4416" timestamp="2020-09-12T19:28:16.604" intervalms="2131.007">
  <response-info timems="0.316" idlems="0.316" threads="0" lastid="000000000077E000" lastname="Group1.Backend.CompositeBackend{Tier1}.1" />
</exclusive-start>
<af-start id="4417" threadId="000000000077E980" totalBytesRequested="16" timestamp="2020-09-12T19:28:16.604" intervalms="2130.931" type="nursery" />
<cycle-start id="4418" type="scavenge" contextid="0" timestamp="2020-09-12T19:28:16.605" intervalms="2130.935" />
<gc-start id="4419" type="scavenge" contextid="4418" timestamp="2020-09-12T19:28:16.605">
  <mem-info id="4420" free="922330280" total="2853371904" percent="32">
    <mem type="nursery" free="0" total="939524096" percent="0">
      <mem type="allocate" free="0" total="781910016" percent="0" />
      <mem type="survivor" free="0" total="157614080" percent="0" />
    </mem>
    <mem type="tenure" free="922330280" total="1913847808" percent="48">
      <mem type="soa" free="809907264" total="1799016448" percent="45" />
      <mem type="loa" free="112423016" total="114831360" percent="97" />
    </mem>
    <remembered-set count="193764" />
  </mem-info>
</gc-start>
<allocation-stats totalBytes="678773696" >
  <allocated-bytes non-tlh="26153200" tlh="652620496" />
  <largest-consumer threadName="Group1.Backend.CompositeBackend{Tier1}.5" threadId="0000000000841700" bytes="104693136" />
</allocation-stats>
<gc-op id="4421" type="scavenge" timems="111.437" contextid="4418" timestamp="2020-09-12T19:28:16.716">
  <scavenger-info tenureage="3" tenuremask="7ff8" tiltratio="83" />
  <memory-copied type="nursery" objects="4420262" bytes="116125904" bytesdiscarded="353064" />
  <memory-copied type="tenure" objects="996513" bytes="26801616" bytesdiscarded="77240" />
  <ownableSynchronizers candidates="3463" cleared="3160" />
  <references type="soft" candidates="248" cleared="0" enqueued="0" dynamicThreshold="18" maxThreshold="32" />
  <references type="weak" candidates="108" cleared="108" enqueued="0" />
</gc-op>
<gc-end id="4422" type="scavenge" contextid="4418" durationms="112.542" usertimems="837.508" systemtimems="0.000" timestamp="2020-09-12T19:28:16.717" activeThreads="8">
  <mem-info id="4423" free="1563310952" total="2853371904" percent="54">
    <mem type="nursery" free="667833832" total="939524096" percent="71">
      <mem type="allocate" free="667833832" total="784400384" percent="85" />
      <mem type="survivor" free="0" total="155123712" percent="0" />
    </mem>
    <mem type="tenure" free="895477120" total="1913847808" percent="46" macro-fragmented="0">
      <mem type="soa" free="783054104" total="1799016448" percent="43" />
      <mem type="loa" free="112423016" total="114831360" percent="97" />
    </mem>
    <remembered-set count="31855" />
  </mem-info>
</gc-end>
<cycle-end id="4424" type="scavenge" contextid="4418" timestamp="2020-09-12T19:28:16.718" />
<allocation-satisfied id="4425" threadId="000000000077E000" bytesRequested="16" />
<af-end id="4426" timestamp="2020-09-12T19:28:16.718" threadId="000000000077E980" success="true" from="nursery"/>
<exclusive-end id="4427" timestamp="2020-09-12T19:28:16.718" durationms="114.411" />

<exclusive-start id="4428" timestamp="2020-09-12T19:28:18.615" intervalms="2011.589">
  <response-info timems="0.936" idlems="0.936" threads="0" lastid="0000000000846A00" lastname="Group1.Backend.CompositeBackend{Tier1}.4" />
</exclusive-start>
<af-start id="4429" threadId="0000000000847380" totalBytesRequested="48" timestamp="2020-09-12T19:28:18.616" intervalms="2011.521" type="nursery" />
<cycle-start id="4430" type="scavenge" contextid="0" timestamp="2020-09-12T19:28:18.616" intervalms="2011.485" />
<gc-start id="4431" type="scavenge" contextid="4430" timestamp="2020-09-12T19:28:18.616">
  <mem-info id="4432" free="895477120" total="2853371904" percent="31">
    <mem type="nursery" free="0" total="939524096" percent="0">
      <mem type="allocate" free="0" total="784400384" percent="0" />
      <mem type="survivor" free="0" total="155123712" percent="0" />
    </mem>
    <mem type="tenure" free="895477120" total="1913847808" percent="46">
      <mem type="soa" free="783054104" total="1799016448" percent="43" />
      <mem type="loa" free="112423016" total="114831360" percent="97" />
    </mem>
    <remembered-set count="193157" />
  </mem-info>
</gc-start>
<allocation-stats totalBytes="667528920" >
  <allocated-bytes non-tlh="33458176" tlh="634070744" />
  <largest-consumer threadName="Group1.Backend.CompositeBackend{Tier1}.2" threadId="0000000000780600" bytes="105132808" />
</allocation-stats>
<gc-op id="4433" type="scavenge" timems="98.613" contextid="4430" timestamp="2020-09-12T19:28:18.715">
  <scavenger-info tenureage="3" tenuremask="7ff8" tiltratio="83" />
  <memory-copied type="nursery" objects="4078226" bytes="109247616" bytesdiscarded="237720" />
  <memory-copied type="tenure" objects="999428" bytes="26860920" bytesdiscarded="81728" />
  <ownableSynchronizers candidates="3354" cleared="3088" />
  <references type="soft" candidates="219" cleared="0" enqueued="0" dynamicThreshold="18" maxThreshold="32" />
  <references type="weak" candidates="110" cleared="108" enqueued="0" />
</gc-op>
<gc-end id="4434" type="scavenge" contextid="4430" durationms="99.948" usertimems="739.534" systemtimems="4.276" timestamp="2020-09-12T19:28:18.716" activeThreads="8">
  <mem-info id="4435" free="1548330336" total="2853371904" percent="54">
    <mem type="nursery" free="679813368" total="939524096" percent="72">
      <mem type="allocate" free="679813368" total="789381120" percent="86" />
      <mem type="survivor" free="0" total="150142976" percent="0" />
    </mem>
    <mem type="tenure" free="868516968" total="1913847808" percent="45" macro-fragmented="0">
      <mem type="soa" free="756093952" total="1799016448" percent="42" />
      <mem type="loa" free="112423016" total="114831360" percent="97" />
    </mem>
    <remembered-set count="32247" />
  </mem-info>
</gc-end>
<cycle-end id="4436" type="scavenge" contextid="4430" timestamp="2020-09-12T19:28:18.717" />
<allocation-satisfied id="4437" threadId="0000000000846A00" bytesRequested="48" />
<af-end id="4438" timestamp="2020-09-12T19:28:18.717" threadId="0000000000847380" success="true" from="nursery"/>
<exclusive-end id="4439" timestamp="2020-09-12T19:28:18.717" durationms="101.797" />

<exclusive-start id="4440" timestamp="2020-09-12T19:28:20.620" intervalms="2004.647">
  <response-info timems="0.404" idlems="0.404" threads="0" lastid="0000000000841700" lastname="Group1.Backend.CompositeBackend{Tier1}.5" />
</exclusive-start>
<af-start id="4441" threadId="0000000000842080" totalBytesRequested="656" timestamp="2020-09-12T19:28:20.621" intervalms="2004.651" type="nursery" />
<cycle-start id="4442" type="scavenge" contextid="0" timestamp="2020-09-12T19:28:20.621" intervalms="2004.647" />
<gc-start id="4443" type="scavenge" contextid="4442" timestamp="2020-09-12T19:28:20.621">
  <mem-info id="4444" free="868516968" total="2853371904" percent="30">
    <mem type="nursery" free="0" total="939524096" percent="0">
      <mem type="allocate" free="0" total="789381120" percent="0" />
      <mem type="survivor" free="0" total="150142976" percent="0" />
    </mem>
    <mem type="tenure" free="868516968" total="1913847808" percent="45">
      <mem type="soa" free="756093952" total="1799016448" percent="42" />
      <mem type="loa" free="112423016" total="114831360" percent="97" />
    </mem>
    <remembered-set count="191805" />
  </mem-info>
</gc-start>
<allocation-stats totalBytes="679490552" >
  <allocated-bytes non-tlh="33085392" tlh="646405160" />
  <largest-consumer threadName="Group1.Backend.CompositeBackend{Tier1}.2" threadId="0000000000780600" bytes="92290552" />
</allocation-stats>
<gc-op id="4445" type="scavenge" timems="108.995" contextid="4442" timestamp="2020-09-12T19:28:20.730">
  <scavenger-info tenureage="3" tenuremask="7ff8" tiltratio="84" />
  <memory-copied type="nursery" objects="4268253" bytes="113550096" bytesdiscarded="473032" />
  <memory-copied type="tenure" objects="1085167" bytes="29159256" bytesdiscarded="80768" />
  <ownableSynchronizers candidates="3639" cleared="3363" />
  <references type="soft" candidates="244" cleared="0" enqueued="0" dynamicThreshold="18" maxThreshold="32" />
  <references type="weak" candidates="127" cleared="127" enqueued="0" />
</gc-op>
<gc-end id="4446" type="scavenge" contextid="4442" durationms="110.015" usertimems="794.382" systemtimems="0.000" timestamp="2020-09-12T19:28:20.731" activeThreads="8">
  <mem-info id="4447" free="1518295880" total="2853371904" percent="53">
    <mem type="nursery" free="678943488" total="939524096" percent="72">
      <mem type="allocate" free="678943488" total="793051136" percent="85" />
      <mem type="survivor" free="0" total="146472960" percent="0" />
    </mem>
    <mem type="tenure" free="839352392" total="1913847808" percent="43" macro-fragmented="0">
      <mem type="soa" free="726929376" total="1799016448" percent="40" />
      <mem type="loa" free="112423016" total="114831360" percent="97" />
    </mem>
    <remembered-set count="30433" />
  </mem-info>
</gc-end>
<cycle-end id="4448" type="scavenge" contextid="4442" timestamp="2020-09-12T19:28:20.732" />
<allocation-satisfied id="4449" threadId="0000000000841700" bytesRequested="656" />
<af-end id="4450" timestamp="2020-09-12T19:28:20.732" threadId="0000000000842080" success="true" from="nursery"/>
<exclusive-end id="4451" timestamp="2020-09-12T19:28:20.732" durationms="111.865" />

<exclusive-start id="4452" timestamp="2020-09-12T19:28:22.710" intervalms="2090.142">
  <response-info timems="1.803" idlems="0.955" threads="1" lastid="0000000000843900" lastname="Group1.Backend.CompositeBackend{Tier1}.8" />
</exclusive-start>
<af-start id="4453" threadId="0000000000847380" totalBytesRequested="32" timestamp="2020-09-12T19:28:22.711" intervalms="2090.188" type="nursery" />
<cycle-start id="4454" type="scavenge" contextid="0" timestamp="2020-09-12T19:28:22.711" intervalms="2090.221" />
<gc-start id="4455" type="scavenge" contextid="4454" timestamp="2020-09-12T19:28:22.711">
  <mem-info id="4456" free="839352392" total="2853371904" percent="29">
    <mem type="nursery" free="0" total="939524096" percent="0">
      <mem type="allocate" free="0" total="793051136" percent="0" />
      <mem type="survivor" free="0" total="146472960" percent="0" />
    </mem>
    <mem type="tenure" free="839352392" total="1913847808" percent="43">
      <mem type="soa" free="726929376" total="1799016448" percent="40" />
      <mem type="loa" free="112423016" total="114831360" percent="97" />
    </mem>
    <remembered-set count="192234" />
  </mem-info>
</gc-start>
<allocation-stats totalBytes="678617928" >
  <allocated-bytes non-tlh="31569248" tlh="647048680" />
  <largest-consumer threadName="Group1.Backend.CompositeBackend{Tier1}.1" threadId="000000000077E000" bytes="86440016" />
</allocation-stats>
<gc-op id="4457" type="scavenge" timems="126.267" contextid="4454" timestamp="2020-09-12T19:28:22.838">
  <scavenger-info tenureage="3" tenuremask="7ff8" tiltratio="84" />
  <memory-copied type="nursery" objects="4407097" bytes="116340520" bytesdiscarded="224992" />
  <memory-copied type="tenure" objects="1113036" bytes="29891576" bytesdiscarded="89936" />
  <ownableSynchronizers candidates="4321" cleared="4030" />
  <references type="soft" candidates="242" cleared="0" enqueued="0" dynamicThreshold="18" maxThreshold="32" />
  <references type="weak" candidates="123" cleared="122" enqueued="0" />
</gc-op>
<gc-end id="4458" type="scavenge" contextid="4454" durationms="127.471" usertimems="939.075" systemtimems="2.804" timestamp="2020-09-12T19:28:22.839" activeThreads="8">
  <mem-info id="4459" free="1488298832" total="2853371904" percent="52">
    <mem type="nursery" free="678952616" total="939524096" percent="72">
      <mem type="allocate" free="678952616" total="795607040" percent="85" />
      <mem type="survivor" free="0" total="143917056" percent="0" />
    </mem>
    <mem type="tenure" free="809346216" total="1913847808" percent="42" macro-fragmented="0">
      <mem type="soa" free="696923200" total="1799016448" percent="38" />
      <mem type="loa" free="112423016" total="114831360" percent="97" />
    </mem>
    <remembered-set count="28060" />
  </mem-info>
</gc-end>
<cycle-end id="4460" type="scavenge" contextid="4454" timestamp="2020-09-12T19:28:22.839" />
<allocation-satisfied id="4461" threadId="0000000000846A00" bytesRequested="32" />
<af-end id="4462" timestamp="2020-09-12T19:28:22.839" threadId="0000000000847380" success="true" from="nursery"/>
<exclusive-end id="4463" timestamp="2020-09-12T19:28:22.839" durationms="129.514" />

<exclusive-start id="4464" timestamp="2020-09-12T19:28:24.691" intervalms="1981.065">
  <response-info timems="0.328" idlems="0.328" threads="0" lastid="0000000000842E00" lastname="Group1.Backend.CompositeBackend{Tier1}.7" />
</exclusive-start>
<af-start id="4465" threadId="0000000000843780" totalBytesRequested="266704" timestamp="2020-09-12T19:28:24.692" intervalms="1980.926" type="nursery" />
<cycle-start id="4466" type="scavenge" contextid="0" timestamp="2020-09-12T19:28:24.692" intervalms="1980.919" />
<gc-start id="4467" type="scavenge" contextid="4466" timestamp="2020-09-12T19:28:24.692">
  <mem-info id="4468" free="809407016" total="2853371904" percent="28">
    <mem type="nursery" free="60800" total="939524096" percent="0">
      <mem type="allocate" free="60800" total="795607040" percent="0" />
      <mem type="survivor" free="0" total="143917056" percent="0" />
    </mem>
    <mem type="tenure" free="809346216" total="1913847808" percent="42">
      <mem type="soa" free="696923200" total="1799016448" percent="38" />
      <mem type="loa" free="112423016" total="114831360" percent="97" />
    </mem>
    <remembered-set count="185886" />
  </mem-info>
</gc-start>
<allocation-stats totalBytes="678565568" >
  <allocated-bytes non-tlh="35049768" tlh="643515800" />
  <largest-consumer threadName="Group1.Backend.CompositeBackend{Tier1}.7" threadId="0000000000842E00" bytes="87119872" />
</allocation-stats>
<gc-op id="4469" type="scavenge" timems="116.875" contextid="4466" timestamp="2020-09-12T19:28:24.809">
  <scavenger-info tenureage="3" tenuremask="7ff8" tiltratio="84" />
  <memory-copied type="nursery" objects="4650658" bytes="121800648" bytesdiscarded="173880" />
  <memory-copied type="tenure" objects="1054636" bytes="28344032" bytesdiscarded="97736" />
  <ownableSynchronizers candidates="4205" cleared="3898" />
  <references type="soft" candidates="263" cleared="0" enqueued="0" dynamicThreshold="18" maxThreshold="32" />
  <references type="weak" candidates="142" cleared="142" enqueued="0" />
</gc-op>
<gc-end id="4470" type="scavenge" contextid="4466" durationms="118.007" usertimems="906.880" systemtimems="1.712" timestamp="2020-09-12T19:28:24.810" activeThreads="8">
  <mem-info id="4471" free="1455363992" total="2853371904" percent="51">
    <mem type="nursery" free="674662864" total="939524096" percent="71">
      <mem type="allocate" free="674662864" total="796721152" percent="84" />
      <mem type="survivor" free="0" total="142802944" percent="0" />
    </mem>
    <mem type="tenure" free="780701128" total="1913847808" percent="40" macro-fragmented="0">
      <mem type="soa" free="668278112" total="1799016448" percent="37" />
      <mem type="loa" free="112423016" total="114831360" percent="97" />
    </mem>
    <remembered-set count="26803" />
  </mem-info>
</gc-end>
<cycle-end id="4472" type="scavenge" contextid="4466" timestamp="2020-09-12T19:28:24.811" />
<allocation-satisfied id="4473" threadId="0000000000842E00" bytesRequested="266704" />
<af-end id="4474" timestamp="2020-09-12T19:28:24.811" threadId="0000000000843780" success="true" from="nursery"/>
<exclusive-end id="4475" timestamp="2020-09-12T19:28:24.811" durationms="119.748" />

<exclusive-start id="4476" timestamp="2020-09-12T19:28:26.883" intervalms="2191.871">
  <response-info timems="0.657" idlems="0.657" threads="0" lastid="000000000077E000" lastname="Group1.Backend.CompositeBackend{Tier1}.1" />
</exclusive-start>
<af-start id="4477" threadId="000000000077E980" totalBytesRequested="65544" timestamp="2020-09-12T19:28:26.884" intervalms="2192.106" type="nursery" />
<cycle-start id="4478" type="scavenge" contextid="0" timestamp="2020-09-12T19:28:26.884" intervalms="2192.096" />
<gc-start id="4479" type="scavenge" contextid="4478" timestamp="2020-09-12T19:28:26.884">
  <mem-info id="4480" free="780721264" total="2853371904" percent="27">
    <mem type="nursery" free="20136" total="939524096" percent="0">
      <mem type="allocate" free="20136" total="796721152" percent="0" />
      <mem type="survivor" free="0" total="142802944" percent="0" />
    </mem>
    <mem type="tenure" free="780701128" total="1913847808" percent="40">
      <mem type="soa" free="668278112" total="1799016448" percent="37" />
      <mem type="loa" free="112423016" total="114831360" percent="97" />
    </mem>
    <remembered-set count="192316" />
  </mem-info>
</gc-start>
<allocation-stats totalBytes="674301008" >
  <allocated-bytes non-tlh="24219760" tlh="650081248" />
  <largest-consumer threadName="Group1.Backend.CompositeBackend{Tier1}.7" threadId="0000000000842E00" bytes="92014472" />
</allocation-stats>
<gc-op id="4481" type="scavenge" timems="106.010" contextid="4478" timestamp="2020-09-12T19:28:26.990">
  <scavenger-info tenureage="3" tenuremask="7ff8" tiltratio="84" />
  <memory-copied type="nursery" objects="4233382" bytes="114146184" bytesdiscarded="116240" />
  <memory-copied type="tenure" objects="1063786" bytes="28610296" bytesdiscarded="100208" />
  <ownableSynchronizers candidates="4650" cleared="4303" />
  <references type="soft" candidates="276" cleared="0" enqueued="0" dynamicThreshold="18" maxThreshold="32" />
  <references type="weak" candidates="112" cleared="112" enqueued="0" />
</gc-op>
<gc-end id="4482" type="scavenge" contextid="4478" durationms="107.089" usertimems="825.667" systemtimems="2.120" timestamp="2020-09-12T19:28:26.991" activeThreads="8">
  <mem-info id="4483" free="1435609576" total="2853371904" percent="50">
    <mem type="nursery" free="683620408" total="939524096" percent="72">
      <mem type="allocate" free="683620408" total="797966336" percent="85" />
      <mem type="survivor" free="0" total="141557760" percent="0" />
    </mem>
    <mem type="tenure" free="751989168" total="1913847808" percent="39" macro-fragmented="0">
      <mem type="soa" free="639566152" total="1799016448" percent="35" />
      <mem type="loa" free="112423016" total="114831360" percent="97" />
    </mem>
    <remembered-set count="27736" />
  </mem-info>
</gc-end>
<cycle-end id="4484" type="scavenge" contextid="4478" timestamp="2020-09-12T19:28:26.992" />
<allocation-satisfied id="4485" threadId="000000000077E000" bytesRequested="65544" />
<af-end id="4486" timestamp="2020-09-12T19:28:26.992" threadId="000000000077E980" success="true" from="nursery"/>
<exclusive-end id="4487" timestamp="2020-09-12T19:28:26.992" durationms="109.031" />

<exclusive-start id="4488" timestamp="2020-09-12T19:28:28.872" intervalms="1989.161">
  <response-info timems="9.755" idlems="9.755" threads="0" lastid="0000000000841700" lastname="Group1.Backend.CompositeBackend{Tier1}.5" />
</exclusive-start>
<af-start id="4489" threadId="0000000000842080" totalBytesRequested="10008" timestamp="2020-09-12T19:28:28.873" intervalms="1989.140" type="nursery" />
<cycle-start id="4490" type="scavenge" contextid="0" timestamp="2020-09-12T19:28:28.873" intervalms="1989.150" />
<gc-start id="4491" type="scavenge" contextid="4490" timestamp="2020-09-12T19:28:28.873">
  <mem-info id="4492" free="751989168" total="2853371904" percent="26">
    <mem type="nursery" free="0" total="939524096" percent="0">
      <mem type="allocate" free="0" total="797966336" percent="0" />
      <mem type="survivor" free="0" total="141557760" percent="0" />
    </mem>
    <mem type="tenure" free="751989168" total="1913847808" percent="39">
      <mem type="soa" free="639566152" total="1799016448" percent="35" />
      <mem type="loa" free="112423016" total="114831360" percent="97" />
    </mem>
    <remembered-set count="187417" />
  </mem-info>
</gc-start>
<allocation-stats totalBytes="683305256" >
  <allocated-bytes non-tlh="39457960" tlh="643847296" />
  <largest-consumer threadName="Group1.Backend.CompositeBackend{Tier1}.3" threadId="0000000000845300" bytes="97049160" />
</allocation-stats>
<gc-op id="4493" type="scavenge" timems="107.750" contextid="4490" timestamp="2020-09-12T19:28:28.981">
  <scavenger-info tenureage="3" tenuremask="7ff8" tiltratio="84" />
  <memory-copied type="nursery" objects="3966455" bytes="106555944" bytesdiscarded="139136" />
  <memory-copied type="tenure" objects="1080767" bytes="29187680" bytesdiscarded="92400" />
  <ownableSynchronizers candidates="3975" cleared="3630" />
  <references type="soft" candidates="280" cleared="0" enqueued="0" dynamicThreshold="18" maxThreshold="32" />
  <references type="weak" candidates="132" cleared="132" enqueued="0" />
</gc-op>
<gc-end id="4494" type="scavenge" contextid="4490" durationms="108.831" usertimems="828.499" systemtimems="0.095" timestamp="2020-09-12T19:28:28.982" activeThreads="8">
  <mem-info id="4495" free="1416561752" total="2853371904" percent="49">
    <mem type="nursery" free="693947648" total="939524096" percent="73">
      <mem type="allocate" free="693947648" total="800718848" percent="86" />
      <mem type="survivor" free="0" total="138805248" percent="0" />
    </mem>
    <mem type="tenure" free="722614104" total="1913847808" percent="37" macro-fragmented="0">
      <mem type="soa" free="610191088" total="1799016448" percent="33" />
      <mem type="loa" free="112423016" total="114831360" percent="97" />
    </mem>
    <remembered-set count="28534" />
  </mem-info>
</gc-end>
<cycle-end id="4496" type="scavenge" contextid="4490" timestamp="2020-09-12T19:28:28.983" />
<allocation-satisfied id="4497" threadId="0000000000841700" bytesRequested="10008" />
<af-end id="4498" timestamp="2020-09-12T19:28:28.983" threadId="0000000000842080" success="true" from="nursery"/>
<exclusive-end id="4499" timestamp="2020-09-12T19:28:28.983" durationms="110.932" />

<exclusive-start id="4500" timestamp="2020-09-12T19:28:31.033" intervalms="2160.650">
  <response-info timems="0.855" idlems="0.855" threads="0" lastid="0000000000846A00" lastname="Group1.Backend.CompositeBackend{Tier1}.4" />
</exclusive-start>
<af-start id="4501" threadId="0000000000847380" totalBytesRequested="56" timestamp="2020-09-12T19:28:31.033" intervalms="2160.407" type="nursery" />
<cycle-start id="4502" type="scavenge" contextid="0" timestamp="2020-09-12T19:28:31.033" intervalms="2160.398" />
<gc-start id="4503" type="scavenge" contextid="4502" timestamp="2020-09-12T19:28:31.034">
  <mem-info id="4504" free="722614104" total="2853371904" percent="25">
    <mem type="nursery" free="0" total="939524096" percent="0">
      <mem type="allocate" free="0" total="800718848" percent="0" />
      <mem type="survivor" free="0" total="138805248" percent="0" />
    </mem>
    <mem type="tenure" free="722614104" total="1913847808" percent="37">
      <mem type="soa" free="610191088" total="1799016448" percent="33" />
      <mem type="loa" free="112423016" total="114831360" percent="97" />
    </mem>
    <remembered-set count="194448" />
  </mem-info>
</gc-start>
<allocation-stats totalBytes="693609784" >
  <allocated-bytes non-tlh="31139352" tlh="662470432" />
  <largest-consumer threadName="Group1.Backend.CompositeBackend{Tier1}.6" threadId="0000000000842200" bytes="94329456" />
</allocation-stats>
<gc-op id="4505" type="scavenge" timems="108.364" contextid="4502" timestamp="2020-09-12T19:28:31.142">
  <scavenger-info tenureage="3" tenuremask="7ff8" tiltratio="85" />
  <memory-copied type="nursery" objects="4071521" bytes="109287184" bytesdiscarded="564632" />
  <memory-copied type="tenure" objects="1031499" bytes="27755248" bytesdiscarded="82456" />
  <ownableSynchronizers candidates="3644" cleared="3299" />
  <references type="soft" candidates="293" cleared="0" enqueued="0" dynamicThreshold="18" maxThreshold="32" />
  <references type="weak" candidates="94" cleared="94" enqueued="0" />
</gc-op>
<gc-end id="4506" type="scavenge" contextid="4502" durationms="109.373" usertimems="755.881" systemtimems="0.000" timestamp="2020-09-12T19:28:31.143" activeThreads="8">
  <mem-info id="4507" free="1388408064" total="2853371904" percent="48">
    <mem type="nursery" free="693402624" total="939524096" percent="73">
      <mem type="allocate" free="693402624" total="803340288" percent="86" />
      <mem type="survivor" free="0" total="136183808" percent="0" />
    </mem>
    <mem type="tenure" free="695005440" total="1913847808" percent="36" macro-fragmented="0">
      <mem type="soa" free="582582424" total="1799016448" percent="32" />
      <mem type="loa" free="112423016" total="114831360" percent="97" />
    </mem>
    <remembered-set count="30889" />
  </mem-info>
</gc-end>
<cycle-end id="4508" type="scavenge" contextid="4502" timestamp="2020-09-12T19:28:31.144" />
<allocation-satisfied id="4509" threadId="0000000000846A00" bytesRequested="56" />
<af-end id="4510" timestamp="2020-09-12T19:28:31.144" threadId="0000000000847380" success="true" from="nursery"/>
<exclusive-end id="4511" timestamp="2020-09-12T19:28:31.144" durationms="111.159" />

<exclusive-start id="4512" timestamp="2020-09-12T19:28:33.225" intervalms="2192.137">
  <response-info timems="0.581" idlems="0.581" threads="0" lastid="0000000000843900" lastname="Group1.Backend.CompositeBackend{Tier1}.8" />
</exclusive-start>
<af-start id="4513" threadId="0000000000844280" totalBytesRequested="32" timestamp="2020-09-12T19:28:33.225" intervalms="2192.137" type="nursery" />
<cycle-start id="4514" type="scavenge" contextid="0" timestamp="2020-09-12T19:28:33.226" intervalms="2192.110" />
<gc-start id="4515" type="scavenge" contextid="4514" timestamp="2020-09-12T19:28:33.226">
  <mem-info id="4516" free="695005440" total="2853371904" percent="24">
    <mem type="nursery" free="0" total="939524096" percent="0">
      <mem type="allocate" free="0" total="803340288" percent="0" />
      <mem type="survivor" free="0" total="136183808" percent="0" />
    </mem>
    <mem type="tenure" free="695005440" total="1913847808" percent="36">
      <mem type="soa" free="582582424" total="1799016448" percent="32" />
      <mem type="loa" free="112423016" total="114831360" percent="97" />
    </mem>
    <remembered-set count="196565" />
  </mem-info>
</gc-start>
<allocation-stats totalBytes="693057048" >
  <allocated-bytes non-tlh="31116296" tlh="661940752" />
  <largest-consumer threadName="Group1.Backend.CompositeBackend{Tier1}.8" threadId="0000000000843900" bytes="101467304" />
</allocation-stats>
<gc-op id="4517" type="scavenge" timems="99.268" contextid="4514" timestamp="2020-09-12T19:28:33.325">
  <scavenger-info tenureage="3" tenuremask="7ff8" tiltratio="85" />
  <memory-copied type="nursery" objects="4089186" bytes="109659336" bytesdiscarded="147784" />
  <memory-copied type="tenure" objects="1132642" bytes="30483608" bytesdiscarded="113384" />
  <ownableSynchronizers candidates="4377" cleared="4032" />
  <references type="soft" candidates="284" cleared="0" enqueued="0" dynamicThreshold="18" maxThreshold="32" />
  <references type="weak" candidates="104" cleared="104" enqueued="0" />
</gc-op>
<gc-end id="4518" type="scavenge" contextid="4514" durationms="100.127" usertimems="759.598" systemtimems="0.000" timestamp="2020-09-12T19:28:33.326" activeThreads="8">
  <mem-info id="4519" free="1360421560" total="2853371904" percent="47">
    <mem type="nursery" free="696064000" total="939524096" percent="74">
      <mem type="allocate" free="696064000" total="805961728" percent="86" />
      <mem type="survivor" free="0" total="133562368" percent="0" />
    </mem>
    <mem type="tenure" free="664357560" total="1913847808" percent="34" macro-fragmented="0">
      <mem type="soa" free="551934544" total="1799016448" percent="30" />
      <mem type="loa" free="112423016" total="114831360" percent="97" />
    </mem>
    <remembered-set count="32352" />
  </mem-info>
</gc-end>
<cycle-end id="4520" type="scavenge" contextid="4514" timestamp="2020-09-12T19:28:33.327" />
<allocation-satisfied id="4521" threadId="0000000000843900" bytesRequested="32" />
<af-end id="4522" timestamp="2020-09-12T19:28:33.327" threadId="0000000000844280" success="true" from="nursery"/>
<exclusive-end id="4523" timestamp="2020-09-12T19:28:33.327" durationms="101.868" />

<exclusive-start id="4524" timestamp="2020-09-12T19:28:35.282" intervalms="2056.704">
  <response-info timems="0.289" idlems="0.289" threads="0" lastid="0000000000845300" lastname="Group1.Backend.CompositeBackend{Tier1}.3" />
</exclusive-start>
<af-start id="4525" threadId="0000000000845C80" totalBytesRequested="32" timestamp="2020-09-12T19:28:35.282" intervalms="2056.893" type="nursery" />
<cycle-start id="4526" type="scavenge" contextid="0" timestamp="2020-09-12T19:28:35.282" intervalms="2056.922" />
<gc-start id="4527" type="scavenge" contextid="4526" timestamp="2020-09-12T19:28:35.283">
  <mem-info id="4528" free="664357560" total="2853371904" percent="23">
    <mem type="nursery" free="0" total="939524096" percent="0">
      <mem type="allocate" free="0" total="805961728" percent="0" />
      <mem type="survivor" free="0" total="133562368" percent="0" />
    </mem>
    <mem type="tenure" free="664357560" total="1913847808" percent="34">
      <mem type="soa" free="551934544" total="1799016448" percent="30" />
      <mem type="loa" free="112423016" total="114831360" percent="97" />
    </mem>
    <remembered-set count="194770" />
  </mem-info>
</gc-start>
<allocation-stats totalBytes="695717272" >
  <allocated-bytes non-tlh="32586024" tlh="663131248" />
  <largest-consumer threadName="Group1.Backend.CompositeBackend{Tier1}.6" threadId="0000000000842200" bytes="96792760" />
</allocation-stats>
<gc-op id="4529" type="scavenge" timems="86.461" contextid="4526" timestamp="2020-09-12T19:28:35.369">
  <scavenger-info tenureage="3" tenuremask="7ff8" tiltratio="85" />
  <memory-copied type="nursery" objects="4160485" bytes="111653920" bytesdiscarded="496464" />
  <memory-copied type="tenure" objects="1029286" bytes="27651400" bytesdiscarded="109304" />
  <ownableSynchronizers candidates="4222" cleared="3895" />
  <references type="soft" candidates="289" cleared="0" enqueued="0" dynamicThreshold="18" maxThreshold="32" />
  <references type="weak" candidates="124" cleared="124" enqueued="0" />
</gc-op>
<gc-end id="4530" type="scavenge" contextid="4526" durationms="87.228" usertimems="665.283" systemtimems="0.000" timestamp="2020-09-12T19:28:35.370" activeThreads="8">
  <mem-info id="4531" free="1331538160" total="2853371904" percent="46">
    <mem type="nursery" free="694966784" total="939524096" percent="73">
      <mem type="allocate" free="694966784" total="807206912" percent="86" />
      <mem type="survivor" free="0" total="132317184" percent="0" />
    </mem>
    <mem type="tenure" free="636571376" total="1913847808" percent="33" macro-fragmented="0">
      <mem type="soa" free="524148360" total="1799016448" percent="29" />
      <mem type="loa" free="112423016" total="114831360" percent="97" />
    </mem>
    <remembered-set count="30996" />
  </mem-info>
</gc-end>
<cycle-end id="4532" type="scavenge" contextid="4526" timestamp="2020-09-12T19:28:35.370" />
<allocation-satisfied id="4533" threadId="0000000000845300" bytesRequested="32" />
<af-end id="4534" timestamp="2020-09-12T19:28:35.371" threadId="0000000000845C80" success="true" from="nursery"/>
<exclusive-end id="4535" timestamp="2020-09-12T19:28:35.371" durationms="89.015" />

<exclusive-start id="4536" timestamp="2020-09-12T19:28:37.460" intervalms="2178.575">
  <response-info timems="1.240" idlems="1.240" threads="0" lastid="0000000000780600" lastname="Group1.Backend.CompositeBackend{Tier1}.2" />
</exclusive-start>
<af-start id="4537" threadId="0000000000780F80" totalBytesRequested="24" timestamp="2020-09-12T19:28:37.461" intervalms="2178.633" type="nursery" />
<cycle-start id="4538" type="scavenge" contextid="0" timestamp="2020-09-12T19:28:37.461" intervalms="2178.655" />
<gc-start id="4539" type="scavenge" contextid="4538" timestamp="2020-09-12T19:28:37.461">
  <mem-info id="4540" free="636571376" total="2853371904" percent="22">
    <mem type="nursery" free="0" total="939524096" percent="0">
      <mem type="allocate" free="0" total="807206912" percent="0" />
      <mem type="survivor" free="0" total="132317184" percent="0" />
    </mem>
    <mem type="tenure" free="636571376" total="1913847808" percent="33">
      <mem type="soa" free="524148360" total="1799016448" percent="29" />
      <mem type="loa" free="112423016" total="114831360" percent="97" />
    </mem>
    <remembered-set count="195020" />
  </mem-info>
</gc-start>
<allocation-stats totalBytes="694637480" >
  <allocated-bytes non-tlh="33562800" tlh="661074680" />
  <largest-consumer threadName="Group1.Backend.CompositeBackend{Tier1}.5" threadId="0000000000841700" bytes="96044816" />
</allocation-stats>
<gc-op id="4541" type="scavenge" timems="120.104" contextid="4538" timestamp="2020-09-12T19:28:37.582">
  <scavenger-info tenureage="3" tenuremask="7ff8" tiltratio="85" />
  <memory-copied type="nursery" objects="4370606" bytes="116468024" bytesdiscarded="449672" />
  <memory-copied type="tenure" objects="1109285" bytes="29794120" bytesdiscarded="112536" />
  <ownableSynchronizers candidates="3066" cleared="2757" />
  <references type="soft" candidates="270" cleared="0" enqueued="0" dynamicThreshold="18" maxThreshold="32" />
  <references type="weak" candidates="102" cleared="102" enqueued="0" />
</gc-op>
<gc-end id="4542" type="scavenge" contextid="4538" durationms="120.946" usertimems="895.589" systemtimems="13.050" timestamp="2020-09-12T19:28:37.582" activeThreads="8">
  <mem-info id="4543" free="1294030560" total="2853371904" percent="45">
    <mem type="nursery" free="687389648" total="939524096" percent="73">
      <mem type="allocate" free="687389648" total="804388864" percent="85" />
      <mem type="survivor" free="0" total="135135232" percent="0" />
    </mem>
    <mem type="tenure" free="606640912" total="1913847808" percent="31" macro-fragmented="0">
      <mem type="soa" free="494217896" total="1799016448" percent="27" />
      <mem type="loa" free="112423016" total="114831360" percent="97" />
    </mem>
    <remembered-set count="28862" />
  </mem-info>
</gc-end>
<cycle-end id="4544" type="scavenge" contextid="4538" timestamp="2020-09-12T19:28:37.583" />
<allocation-satisfied id="4545" threadId="0000000000780600" bytesRequested="24" />
<af-end id="4546" timestamp="2020-09-12T19:28:37.583" threadId="0000000000780F80" success="true" from="nursery"/>
<exclusive-end id="4547" timestamp="2020-09-12T19:28:37.583" durationms="122.947" />

<exclusive-start id="4548" timestamp="2020-09-12T19:28:39.508" intervalms="2047.598">
  <response-info timems="0.442" idlems="0.231" threads="1" lastid="0000000000842200" lastname="Group1.Backend.CompositeBackend{Tier1}.6" />
</exclusive-start>
<af-start id="4549" threadId="0000000000844280" totalBytesRequested="40" timestamp="2020-09-12T19:28:39.508" intervalms="2047.396" type="nursery" />
<cycle-start id="4550" type="scavenge" contextid="0" timestamp="2020-09-12T19:28:39.509" intervalms="2047.387" />
<gc-start id="4551" type="scavenge" contextid="4550" timestamp="2020-09-12T19:28:39.509">
  <mem-info id="4552" free="606640912" total="2853371904" percent="21">
    <mem type="nursery" free="0" total="939524096" percent="0">
      <mem type="allocate" free="0" total="804388864" percent="0" />
      <mem type="survivor" free="0" total="135135232" percent="0" />
    </mem>
    <mem type="tenure" free="606640912" total="1913847808" percent="31">
      <mem type="soa" free="494217896" total="1799016448" percent="27" />
      <mem type="loa" free="112423016" total="114831360" percent="97" />
    </mem>
    <remembered-set count="189932" />
  </mem-info>
</gc-start>
<allocation-stats totalBytes="687075552" >
  <allocated-bytes non-tlh="36322504" tlh="650753048" />
  <largest-consumer threadName="Group1.Backend.CompositeBackend{Tier1}.7" threadId="0000000000842E00" bytes="98419672" />
</allocation-stats>
<gc-op id="4553" type="scavenge" timems="116.508" contextid="4550" timestamp="2020-09-12T19:28:39.625">
  <scavenger-info tenureage="3" tenuremask="7ff8" tiltratio="85" />
  <memory-copied type="nursery" objects="4113141" bytes="110291320" bytesdiscarded="178696" />
  <memory-copied type="tenure" objects="1129878" bytes="30371080" bytesdiscarded="92568" />
  <ownableSynchronizers candidates="4393" cleared="4079" />
  <references type="soft" candidates="251" cleared="0" enqueued="0" dynamicThreshold="18" maxThreshold="32" />
  <references type="weak" candidates="125" cleared="124" enqueued="0" />
</gc-op>
<gc-end id="4554" type="scavenge" contextid="4550" durationms="117.492" usertimems="897.777" systemtimems="4.475" timestamp="2020-09-12T19:28:39.626" activeThreads="8">
  <mem-info id="4555" free="1270918640" total="2853371904" percent="44">
    <mem type="nursery" free="694755072" total="939524096" percent="73">
      <mem type="allocate" free="694755072" total="805306368" percent="86" />
      <mem type="survivor" free="0" total="134217728" percent="0" />
    </mem>
    <mem type="tenure" free="576163568" total="1913847808" percent="30" macro-fragmented="0">
      <mem type="soa" free="463740552" total="1799016448" percent="25" />
      <mem type="loa" free="112423016" total="114831360" percent="97" />
    </mem>
    <remembered-set count="28786" />
  </mem-info>
</gc-end>
<cycle-end id="4556" type="scavenge" contextid="4550" timestamp="2020-09-12T19:28:39.627" />
<allocation-satisfied id="4557" threadId="0000000000843900" bytesRequested="40" />
<af-end id="4558" timestamp="2020-09-12T19:28:39.627" threadId="0000000000844280" success="true" from="nursery"/>
<exclusive-end id="4559" timestamp="2020-09-12T19:28:39.627" durationms="119.345" />

<exclusive-start id="4560" timestamp="2020-09-12T19:28:41.624" intervalms="2116.596">
  <response-info timems="1.347" idlems="1.347" threads="0" lastid="0000000000A74500" lastname="Group1.Backend.CompositeBackend{Tier3}.4" />
</exclusive-start>
<af-start id="4561" threadId="0000000000A74E80" totalBytesRequested="16" timestamp="2020-09-12T19:28:41.625" intervalms="2116.903" type="nursery" />
<cycle-start id="4562" type="scavenge" contextid="0" timestamp="2020-09-12T19:28:41.625" intervalms="2116.909" />
<gc-start id="4563" type="scavenge" contextid="4562" timestamp="2020-09-12T19:28:41.626">
  <mem-info id="4564" free="576163568" total="2853371904" percent="20">
    <mem type="nursery" free="0" total="939524096" percent="0">
      <mem type="allocate" free="0" total="805306368" percent="0" />
      <mem type="survivor" free="0" total="134217728" percent="0" />
    </mem>
    <mem type="tenure" free="576163568" total="1913847808" percent="30">
      <mem type="soa" free="463740552" total="1799016448" percent="25" />
      <mem type="loa" free="112423016" total="114831360" percent="97" />
    </mem>
    <remembered-set count="194514" />
  </mem-info>
</gc-start>
<allocation-stats totalBytes="694410048" >
  <allocated-bytes non-tlh="29409672" tlh="665000376" />
  <largest-consumer threadName="Group1.Backend.CompositeBackend{Tier1}.2" threadId="0000000000780600" bytes="101075232" />
</allocation-stats>
<gc-op id="4565" type="scavenge" timems="121.222" contextid="4562" timestamp="2020-09-12T19:28:41.747">
  <scavenger-info tenureage="3" tenuremask="7ff8" tiltratio="85" />
  <memory-copied type="nursery" objects="4362166" bytes="116079312" bytesdiscarded="430832" />
  <memory-copied type="tenure" objects="1090593" bytes="29344408" bytesdiscarded="104144" />
  <ownableSynchronizers candidates="4154" cleared="3848" />
  <references type="soft" candidates="256" cleared="0" enqueued="0" dynamicThreshold="18" maxThreshold="32" />
  <references type="weak" candidates="112" cleared="112" enqueued="0" />
</gc-op>
<gc-end id="4566" type="scavenge" contextid="4562" durationms="122.101" usertimems="917.747" systemtimems="3.739" timestamp="2020-09-12T19:28:41.748" activeThreads="8">
  <mem-info id="4567" free="1233557248" total="2853371904" percent="43">
    <mem type="nursery" free="686872672" total="939524096" percent="73">
      <mem type="allocate" free="686872672" total="803471360" percent="85" />
      <mem type="survivor" free="0" total="136052736" percent="0" />
    </mem>
    <mem type="tenure" free="546684576" total="1913847808" percent="28" macro-fragmented="0">
      <mem type="soa" free="434261560" total="1799016448" percent="24" />
      <mem type="loa" free="112423016" total="114831360" percent="97" />
    </mem>
    <remembered-set count="31371" />
  </mem-info>
</gc-end>
<cycle-end id="4568" type="scavenge" contextid="4562" timestamp="2020-09-12T19:28:41.749" />
<allocation-satisfied id="4569" threadId="0000000000A74500" bytesRequested="16" />
<af-end id="4570" timestamp="2020-09-12T19:28:41.749" threadId="0000000000A74E80" success="true" from="nursery"/>
<exclusive-end id="4571" timestamp="2020-09-12T19:28:41.749" durationms="124.519" />

<exclusive-start id="4572" timestamp="2020-09-12T19:28:43.685" intervalms="2060.751">
  <response-info timems="0.502" idlems="0.301" threads="1" lastid="0000000000842E00" lastname="Group1.Backend.CompositeBackend{Tier1}.7" />
</exclusive-start>
<af-start id="4573" threadId="0000000000842080" totalBytesRequested="16" timestamp="2020-09-12T19:28:43.686" intervalms="2060.611" type="nursery" />
<cycle-start id="4574" type="scavenge" contextid="0" timestamp="2020-09-12T19:28:43.686" intervalms="2060.606" />
<gc-start id="4575" type="scavenge" contextid="4574" timestamp="2020-09-12T19:28:43.686">
  <mem-info id="4576" free="546684576" total="2853371904" percent="19">
    <mem type="nursery" free="0" total="939524096" percent="0">
      <mem type="allocate" free="0" total="803471360" percent="0" />
      <mem type="survivor" free="0" total="136052736" percent="0" />
    </mem>
    <mem type="tenure" free="546684576" total="1913847808" percent="28">
      <mem type="soa" free="434261560" total="1799016448" percent="24" />
      <mem type="loa" free="112423016" total="114831360" percent="97" />
    </mem>
    <remembered-set count="194900" />
  </mem-info>
</gc-start>
<allocation-stats totalBytes="686519456" >
  <allocated-bytes non-tlh="34607176" tlh="651912280" />
  <largest-consumer threadName="Group1.Backend.CompositeBackend{Tier1}.5" threadId="0000000000841700" bytes="100838192" />
</allocation-stats>
<gc-op id="4577" type="scavenge" timems="133.121" contextid="4574" timestamp="2020-09-12T19:28:43.820">
  <scavenger-info tenureage="3" tenuremask="7ff8" tiltratio="85" />
  <memory-copied type="nursery" objects="4197276" bytes="112237344" bytesdiscarded="150832" />
  <memory-copied type="tenure" objects="1101056" bytes="29583912" bytesdiscarded="115464" />
  <ownableSynchronizers candidates="4759" cleared="4436" />
  <references type="soft" candidates="274" cleared="0" enqueued="0" dynamicThreshold="18" maxThreshold="32" />
  <references type="weak" candidates="123" cleared="123" enqueued="0" />
</gc-op>
<gc-end id="4578" type="scavenge" contextid="4574" durationms="133.931" usertimems="992.651" systemtimems="18.306" timestamp="2020-09-12T19:28:43.820" activeThreads="8">
  <mem-info id="4579" free="1209281872" total="2853371904" percent="42">
    <mem type="nursery" free="692173816" total="939524096" percent="73">
      <mem type="allocate" free="692173816" total="804651008" percent="86" />
      <mem type="survivor" free="0" total="134873088" percent="0" />
    </mem>
    <mem type="tenure" free="517108056" total="1913847808" percent="27" macro-fragmented="0">
      <mem type="soa" free="404685040" total="1799016448" percent="22" />
      <mem type="loa" free="112423016" total="114831360" percent="97" />
    </mem>
    <remembered-set count="31174" />
  </mem-info>
</gc-end>
<cycle-end id="4580" type="scavenge" contextid="4574" timestamp="2020-09-12T19:28:43.821" />
<allocation-satisfied id="4581" threadId="0000000000841700" bytesRequested="16" />
<af-end id="4582" timestamp="2020-09-12T19:28:43.821" threadId="0000000000842080" success="true" from="nursery"/>
<exclusive-end id="4583" timestamp="2020-09-12T19:28:43.821" durationms="136.236" />

<exclusive-start id="4584" timestamp="2020-09-12T19:28:45.834" intervalms="2148.969">
  <response-info timems="0.428" idlems="0.428" threads="0" lastid="0000000000842200" lastname="Group1.Backend.CompositeBackend{Tier1}.6" />
</exclusive-start>
<af-start id="4585" threadId="0000000000842B80" totalBytesRequested="32" timestamp="2020-09-12T19:28:45.835" intervalms="2148.887" type="nursery" />
<cycle-start id="4586" type="scavenge" contextid="0" timestamp="2020-09-12T19:28:45.835" intervalms="2148.909" />
<gc-start id="4587" type="scavenge" contextid="4586" timestamp="2020-09-12T19:28:45.835">
  <mem-info id="4588" free="517108056" total="2853371904" percent="18">
    <mem type="nursery" free="0" total="939524096" percent="0">
      <mem type="allocate" free="0" total="804651008" percent="0" />
      <mem type="survivor" free="0" total="134873088" percent="0" />
    </mem>
    <mem type="tenure" free="517108056" total="1913847808" percent="27">
      <mem type="soa" free="404685040" total="1799016448" percent="22" />
      <mem type="loa" free="112423016" total="114831360" percent="97" />
    </mem>
    <remembered-set count="196451" />
  </mem-info>
</gc-start>
<allocation-stats totalBytes="691835792" >
  <allocated-bytes non-tlh="30186576" tlh="661649216" />
  <largest-consumer threadName="Group1.Backend.CompositeBackend{Tier1}.3" threadId="0000000000845300" bytes="87306944" />
</allocation-stats>
<gc-op id="4589" type="scavenge" timems="116.522" contextid="4586" timestamp="2020-09-12T19:28:45.952">
  <scavenger-info tenureage="3" tenuremask="7ff8" tiltratio="85" />
  <memory-copied type="nursery" objects="4312933" bytes="114685032" bytesdiscarded="309136" />
  <memory-copied type="tenure" objects="1081639" bytes="29077792" bytesdiscarded="107032" />
  <ownableSynchronizers candidates="5006" cleared="4639" />
  <references type="soft" candidates="295" cleared="0" enqueued="0" dynamicThreshold="18" maxThreshold="32" />
  <references type="weak" candidates="112" cleared="112" enqueued="0" />
</gc-op>
<gc-end id="4590" type="scavenge" contextid="4586" durationms="117.666" usertimems="870.010" systemtimems="8.269" timestamp="2020-09-12T19:28:45.953" activeThreads="8">
  <mem-info id="4591" free="1178198456" total="2853371904" percent="41">
    <mem type="nursery" free="690293496" total="939524096" percent="73">
      <mem type="allocate" free="690293496" total="805371904" percent="85" />
      <mem type="survivor" free="0" total="134152192" percent="0" />
    </mem>
    <mem type="tenure" free="487904960" total="1913847808" percent="25" macro-fragmented="0">
      <mem type="soa" free="375481944" total="1799016448" percent="20" />
      <mem type="loa" free="112423016" total="114831360" percent="97" />
    </mem>
    <remembered-set count="31693" />
  </mem-info>
</gc-end>
<cycle-end id="4592" type="scavenge" contextid="4586" timestamp="2020-09-12T19:28:45.954" />
<allocation-satisfied id="4593" threadId="0000000000842200" bytesRequested="32" />
<af-end id="4594" timestamp="2020-09-12T19:28:45.954" threadId="0000000000842B80" success="true" from="nursery"/>
<exclusive-end id="4595" timestamp="2020-09-12T19:28:45.954" durationms="119.853" />

<exclusive-start id="4596" timestamp="2020-09-12T19:28:47.933" intervalms="2098.561">
  <response-info timems="0.514" idlems="0.514" threads="0" lastid="0000000000842E00" lastname="Group1.Backend.CompositeBackend{Tier1}.7" />
</exclusive-start>
<af-start id="4597" threadId="0000000000843780" totalBytesRequested="65544" timestamp="2020-09-12T19:28:47.933" intervalms="2098.703" type="nursery" />
<cycle-start id="4598" type="scavenge" contextid="0" timestamp="2020-09-12T19:28:47.934" intervalms="2098.702" />
<gc-start id="4599" type="scavenge" contextid="4598" timestamp="2020-09-12T19:28:47.934">
  <mem-info id="4600" free="487904960" total="2853371904" percent="17">
    <mem type="nursery" free="0" total="939524096" percent="0">
      <mem type="allocate" free="0" total="805371904" percent="0" />
      <mem type="survivor" free="0" total="134152192" percent="0" />
    </mem>
    <mem type="tenure" free="487904960" total="1913847808" percent="25">
      <mem type="soa" free="375481944" total="1799016448" percent="20" />
      <mem type="loa" free="112423016" total="114831360" percent="97" />
    </mem>
    <remembered-set count="195136" />
  </mem-info>
</gc-start>
<allocation-stats totalBytes="689963816" >
  <allocated-bytes non-tlh="32285704" tlh="657678112" />
  <largest-consumer threadName="Group1.Backend.CompositeBackend{Tier1}.3" threadId="0000000000845300" bytes="96016776" />
</allocation-stats>
<gc-op id="4601" type="scavenge" timems="116.487" contextid="4598" timestamp="2020-09-12T19:28:48.051">
  <scavenger-info tenureage="3" tenuremask="7ff8" tiltratio="85" />
  <memory-copied type="nursery" objects="4131761" bytes="110677024" bytesdiscarded="506928" />
  <memory-copied type="tenure" objects="1119884" bytes="30116928" bytesdiscarded="93080" />
  <ownableSynchronizers candidates="3857" cleared="3497" />
  <references type="soft" candidates="293" cleared="0" enqueued="0" dynamicThreshold="18" maxThreshold="32" />
  <references type="weak" candidates="132" cleared="132" enqueued="0" />
</gc-op>
<gc-end id="4602" type="scavenge" contextid="4598" durationms="117.422" usertimems="839.243" systemtimems="8.065" timestamp="2020-09-12T19:28:48.051" activeThreads="8">
  <mem-info id="4603" free="1153046624" total="2853371904" percent="40">
    <mem type="nursery" free="695286496" total="939524096" percent="74">
      <mem type="allocate" free="695286496" total="806551552" percent="86" />
      <mem type="survivor" free="0" total="132972544" percent="0" />
    </mem>
    <mem type="tenure" free="457760128" total="1913847808" percent="23" macro-fragmented="0">
      <mem type="soa" free="345337112" total="1799016448" percent="19" />
      <mem type="loa" free="112423016" total="114831360" percent="97" />
    </mem>
    <remembered-set count="31805" />
  </mem-info>
</gc-end>
<cycle-end id="4604" type="scavenge" contextid="4598" timestamp="2020-09-12T19:28:48.052" />
<allocation-satisfied id="4605" threadId="0000000000842E00" bytesRequested="65544" />
<af-end id="4606" timestamp="2020-09-12T19:28:48.052" threadId="0000000000843780" success="true" from="nursery"/>
<exclusive-end id="4607" timestamp="2020-09-12T19:28:48.052" durationms="119.850" />

<exclusive-start id="4608" timestamp="2020-09-12T19:28:50.043" intervalms="2110.237">
  <response-info timems="0.457" idlems="0.249" threads="1" lastid="0000000000842E00" lastname="Group1.Backend.CompositeBackend{Tier1}.7" />
</exclusive-start>
<af-start id="4609" threadId="000000000077E980" totalBytesRequested="24" timestamp="2020-09-12T19:28:50.043" intervalms="2109.974" type="nursery" />
<cycle-start id="4610" type="scavenge" contextid="0" timestamp="2020-09-12T19:28:50.044" intervalms="2109.924" />
<gc-start id="4611" type="scavenge" contextid="4610" timestamp="2020-09-12T19:28:50.044">
  <mem-info id="4612" free="457760128" total="2853371904" percent="16">
    <mem type="nursery" free="0" total="939524096" percent="0">
      <mem type="allocate" free="0" total="806551552" percent="0" />
      <mem type="survivor" free="0" total="132972544" percent="0" />
    </mem>
    <mem type="tenure" free="457760128" total="1913847808" percent="23">
      <mem type="soa" free="345337112" total="1799016448" percent="19" />
      <mem type="loa" free="112423016" total="114831360" percent="97" />
    </mem>
    <remembered-set count="193637" />
  </mem-info>
</gc-start>
<allocation-stats totalBytes="694959272" >
  <allocated-bytes non-tlh="36014432" tlh="658944840" />
  <largest-consumer threadName="Group1.Backend.CompositeBackend{Tier1}.5" threadId="0000000000841700" bytes="96427728" />
</allocation-stats>
<gc-op id="4613" type="scavenge" timems="113.828" contextid="4610" timestamp="2020-09-12T19:28:50.158">
  <scavenger-info tenureage="3" tenuremask="7ff8" tiltratio="85" />
  <memory-copied type="nursery" objects="4283155" bytes="113948560" bytesdiscarded="138504" />
  <memory-copied type="tenure" objects="1100529" bytes="29566856" bytesdiscarded="135312" />
  <ownableSynchronizers candidates="3567" cleared="3223" />
  <references type="soft" candidates="268" cleared="0" enqueued="0" dynamicThreshold="18" maxThreshold="32" />
  <references type="weak" candidates="123" cleared="123" enqueued="0" />
</gc-op>
<gc-end id="4614" type="scavenge" contextid="4610" durationms="114.568" usertimems="875.343" systemtimems="1.960" timestamp="2020-09-12T19:28:50.158" activeThreads="8">
  <mem-info id="4615" free="1120734064" total="2853371904" percent="39">
    <mem type="nursery" free="692708312" total="939524096" percent="73">
      <mem type="allocate" free="692708312" total="806879232" percent="85" />
      <mem type="survivor" free="0" total="132644864" percent="0" />
    </mem>
    <mem type="tenure" free="428025752" total="1913847808" percent="22" macro-fragmented="0">
      <mem type="soa" free="315602736" total="1799016448" percent="17" />
      <mem type="loa" free="112423016" total="114831360" percent="97" />
    </mem>
    <remembered-set count="29745" />
  </mem-info>
</gc-end>
<cycle-end id="4616" type="scavenge" contextid="4610" timestamp="2020-09-12T19:28:50.159" />
<allocation-satisfied id="4617" threadId="000000000077E000" bytesRequested="24" />
<af-end id="4618" timestamp="2020-09-12T19:28:50.159" threadId="000000000077E980" success="true" from="nursery"/>
<exclusive-end id="4619" timestamp="2020-09-12T19:28:50.159" durationms="116.136" />

<exclusive-start id="4620" timestamp="2020-09-12T19:28:52.161" intervalms="2118.199">
  <response-info timems="5.011" idlems="4.980" threads="1" lastid="0000000000A87A00" lastname="Group1.Backend.CompositeBackend{Tier3}.7" />
</exclusive-start>
<af-start id="4621" threadId="0000000000780F80" totalBytesRequested="520" timestamp="2020-09-12T19:28:52.162" intervalms="2118.217" type="nursery" />
<cycle-start id="4622" type="scavenge" contextid="0" timestamp="2020-09-12T19:28:52.162" intervalms="2118.230" />
<gc-start id="4623" type="scavenge" contextid="4622" timestamp="2020-09-12T19:28:52.162">
  <mem-info id="4624" free="428025752" total="2853371904" percent="15">
    <mem type="nursery" free="0" total="939524096" percent="0">
      <mem type="allocate" free="0" total="806879232" percent="0" />
      <mem type="survivor" free="0" total="132644864" percent="0" />
    </mem>
    <mem type="tenure" free="428025752" total="1913847808" percent="22">
      <mem type="soa" free="315602736" total="1799016448" percent="17" />
      <mem type="loa" free="112423016" total="114831360" percent="97" />
    </mem>
    <remembered-set count="192630" />
  </mem-info>
</gc-start>
<allocation-stats totalBytes="692386568" >
  <allocated-bytes non-tlh="34452152" tlh="657934416" />
  <largest-consumer threadName="Group1.Backend.CompositeBackend{Tier1}.4" threadId="0000000000846A00" bytes="85785336" />
</allocation-stats>
<gc-op id="4625" type="scavenge" timems="106.855" contextid="4622" timestamp="2020-09-12T19:28:52.269">
  <scavenger-info tenureage="3" tenuremask="7ff8" tiltratio="85" />
  <memory-copied type="nursery" objects="4096468" bytes="109989216" bytesdiscarded="163848" />
  <memory-copied type="tenure" objects="1120683" bytes="30102360" bytesdiscarded="103016" />
  <ownableSynchronizers candidates="4520" cleared="4171" />
  <references type="soft" candidates="265" cleared="0" enqueued="0" dynamicThreshold="18" maxThreshold="32" />
  <references type="weak" candidates="119" cleared="118" enqueued="0" />
</gc-op>
<gc-end id="4626" type="scavenge" contextid="4622" durationms="107.638" usertimems="829.491" systemtimems="1.637" timestamp="2020-09-12T19:28:52.270" activeThreads="8">
  <mem-info id="4627" free="1095491016" total="2853371904" percent="38">
    <mem type="nursery" free="697622784" total="939524096" percent="74">
      <mem type="allocate" free="697622784" total="807862272" percent="86" />
      <mem type="survivor" free="0" total="131661824" percent="0" />
    </mem>
    <mem type="tenure" free="397868232" total="1913847808" percent="20" macro-fragmented="0">
      <mem type="soa" free="285445216" total="1799016448" percent="15" />
      <mem type="loa" free="112423016" total="114831360" percent="97" />
    </mem>
    <remembered-set count="28583" />
  </mem-info>
</gc-end>
<cycle-end id="4628" type="scavenge" contextid="4622" timestamp="2020-09-12T19:28:52.270" />
<allocation-satisfied id="4629" threadId="0000000000780600" bytesRequested="520" />
<af-end id="4630" timestamp="2020-09-12T19:28:52.270" threadId="0000000000780F80" success="true" from="nursery"/>
<exclusive-end id="4631" timestamp="2020-09-12T19:28:52.270" durationms="109.439" />

<exclusive-start id="4632" timestamp="2020-09-12T19:28:54.280" intervalms="2119.376">
  <response-info timems="0.342" idlems="0.342" threads="0" lastid="0000000000845300" lastname="Group1.Backend.CompositeBackend{Tier1}.3" />
</exclusive-start>
<af-start id="4633" threadId="0000000000845C80" totalBytesRequested="262152" timestamp="2020-09-12T19:28:54.281" intervalms="2119.417" type="nursery" />
<cycle-start id="4634" type="scavenge" contextid="0" timestamp="2020-09-12T19:28:54.281" intervalms="2119.427" />
<gc-start id="4635" type="scavenge" contextid="4634" timestamp="2020-09-12T19:28:54.281">
  <mem-info id="4636" free="397960792" total="2853371904" percent="13">
    <mem type="nursery" free="92560" total="939524096" percent="0">
      <mem type="allocate" free="92560" total="807862272" percent="0" />
      <mem type="survivor" free="0" total="131661824" percent="0" />
    </mem>
    <mem type="tenure" free="397868232" total="1913847808" percent="20">
      <mem type="soa" free="285445216" total="1799016448" percent="15" />
      <mem type="loa" free="112423016" total="114831360" percent="97" />
    </mem>
    <remembered-set count="194585" />
  </mem-info>
</gc-start>
<allocation-stats totalBytes="697198760" >
  <allocated-bytes non-tlh="32057200" tlh="665141560" />
  <largest-consumer threadName="Group1.Backend.CompositeBackend{Tier1}.7" threadId="0000000000842E00" bytes="85452096" />
</allocation-stats>
<gc-op id="4637" type="scavenge" timems="107.628" contextid="4634" timestamp="2020-09-12T19:28:54.389">
  <scavenger-info tenureage="3" tenuremask="7ff8" tiltratio="85" />
  <memory-copied type="nursery" objects="4265440" bytes="113736608" bytesdiscarded="153984" />
  <memory-copied type="tenure" objects="1110735" bytes="29862552" bytesdiscarded="113944" />
  <ownableSynchronizers candidates="3800" cleared="3491" />
  <references type="soft" candidates="237" cleared="0" enqueued="0" dynamicThreshold="18" maxThreshold="32" />
  <references type="weak" candidates="122" cleared="122" enqueued="0" />
</gc-op>
<gc-end id="4638" type="scavenge" contextid="4634" durationms="108.612" usertimems="821.038" systemtimems="0.957" timestamp="2020-09-12T19:28:54.390" activeThreads="8">
  <mem-info id="4639" free="1061817072" total="2853371904" percent="37">
    <mem type="nursery" free="693945840" total="939524096" percent="73">
      <mem type="allocate" free="693945840" total="807927808" percent="85" />
      <mem type="survivor" free="0" total="131596288" percent="0" />
    </mem>
    <mem type="tenure" free="367871232" total="1913847808" percent="19" macro-fragmented="0">
      <mem type="soa" free="255448216" total="1799016448" percent="14" />
      <mem type="loa" free="112423016" total="114831360" percent="97" />
    </mem>
    <remembered-set count="30182" />
  </mem-info>
</gc-end>
<cycle-end id="4640" type="scavenge" contextid="4634" timestamp="2020-09-12T19:28:54.391" />
<allocation-satisfied id="4641" threadId="0000000000845300" bytesRequested="262152" />
<af-end id="4642" timestamp="2020-09-12T19:28:54.391" threadId="0000000000845C80" success="true" from="nursery"/>
<exclusive-end id="4643" timestamp="2020-09-12T19:28:54.391" durationms="110.618" />

<exclusive-start id="4644" timestamp="2020-09-12T19:28:56.409" intervalms="2128.262">
  <response-info timems="2.523" idlems="2.510" threads="1" lastid="0000000000846A00" lastname="Group1.Backend.CompositeBackend{Tier1}.4" />
</exclusive-start>
<af-start id="4645" threadId="0000000000780F80" totalBytesRequested="16" timestamp="2020-09-12T19:28:56.409" intervalms="2128.329" type="nursery" />
<cycle-start id="4646" type="scavenge" contextid="0" timestamp="2020-09-12T19:28:56.410" intervalms="2128.303" />
<gc-start id="4647" type="scavenge" contextid="4646" timestamp="2020-09-12T19:28:56.410">
  <mem-info id="4648" free="367871232" total="2853371904" percent="12">
    <mem type="nursery" free="0" total="939524096" percent="0">
      <mem type="allocate" free="0" total="807927808" percent="0" />
      <mem type="survivor" free="0" total="131596288" percent="0" />
    </mem>
    <mem type="tenure" free="367871232" total="1913847808" percent="19">
      <mem type="soa" free="255448216" total="1799016448" percent="14" />
      <mem type="loa" free="112423016" total="114831360" percent="97" />
    </mem>
    <remembered-set count="196721" />
  </mem-info>
</gc-start>
<allocation-stats totalBytes="693605776" >
  <allocated-bytes non-tlh="29070360" tlh="664535416" />
  <largest-consumer threadName="Group1.Backend.CompositeBackend{Tier1}.8" threadId="0000000000843900" bytes="100223784" />
</allocation-stats>
<gc-op id="4649" type="scavenge" timems="106.832" contextid="4646" timestamp="2020-09-12T19:28:56.517">
  <scavenger-info tenureage="3" tenuremask="7ff8" tiltratio="85" />
  <memory-copied type="nursery" objects="4147832" bytes="111344672" bytesdiscarded="251576" />
  <memory-copied type="tenure" objects="1095423" bytes="29460096" bytesdiscarded="93424" />
  <ownableSynchronizers candidates="3988" cleared="3689" />
  <references type="soft" candidates="228" cleared="0" enqueued="0" dynamicThreshold="18" maxThreshold="32" />
  <references type="weak" candidates="132" cleared="132" enqueued="0" />
</gc-op>
<gc-end id="4650" type="scavenge" contextid="4646" durationms="107.830" usertimems="767.606" systemtimems="6.471" timestamp="2020-09-12T19:28:56.518" activeThreads="8">
  <mem-info id="4651" free="1035334152" total="2853371904" percent="36">
    <mem type="nursery" free="697031568" total="939524096" percent="74">
      <mem type="allocate" free="697031568" total="808714240" percent="86" />
      <mem type="survivor" free="0" total="130809856" percent="0" />
    </mem>
    <mem type="tenure" free="338302584" total="1913847808" percent="17" macro-fragmented="0">
      <mem type="soa" free="225879568" total="1799016448" percent="12" />
      <mem type="loa" free="112423016" total="114831360" percent="97" />
    </mem>
    <remembered-set count="32918" />
  </mem-info>
</gc-end>
<cycle-end id="4652" type="scavenge" contextid="4646" timestamp="2020-09-12T19:28:56.518" />
<allocation-satisfied id="4653" threadId="0000000000780600" bytesRequested="16" />
<af-end id="4654" timestamp="2020-09-12T19:28:56.519" threadId="0000000000780F80" success="true" from="nursery"/>
<exclusive-end id="4655" timestamp="2020-09-12T19:28:56.519" durationms="109.945" />

<exclusive-start id="4656" timestamp="2020-09-12T19:28:58.547" intervalms="2138.453">
  <response-info timems="1.351" idlems="1.351" threads="0" lastid="0000000000841700" lastname="Group1.Backend.CompositeBackend{Tier1}.5" />
</exclusive-start>
<af-start id="4657" threadId="0000000000842080" totalBytesRequested="16" timestamp="2020-09-12T19:28:58.548" intervalms="2138.498" type="nursery" />
<cycle-start id="4658" type="scavenge" contextid="0" timestamp="2020-09-12T19:28:58.548" intervalms="2138.539" />
<gc-start id="4659" type="scavenge" contextid="4658" timestamp="2020-09-12T19:28:58.548">
  <mem-info id="4660" free="338302584" total="2853371904" percent="11">
    <mem type="nursery" free="0" total="939524096" percent="0">
      <mem type="allocate" free="0" total="808714240" percent="0" />
      <mem type="survivor" free="0" total="130809856" percent="0" />
    </mem>
    <mem type="tenure" free="338302584" total="1913847808" percent="17">
      <mem type="soa" free="225879568" total="1799016448" percent="12" />
      <mem type="loa" free="112423016" total="114831360" percent="97" />
    </mem>
    <remembered-set count="198666" />
  </mem-info>
</gc-start>
<allocation-stats totalBytes="696683336" >
  <allocated-bytes non-tlh="31192592" tlh="665490744" />
  <largest-consumer threadName="Group1.Backend.CompositeBackend{Tier1}.2" threadId="0000000000780600" bytes="91144048" />
</allocation-stats>
<gc-op id="4661" type="scavenge" timems="106.588" contextid="4658" timestamp="2020-09-12T19:28:58.655">
  <scavenger-info tenureage="3" tenuremask="7ff8" tiltratio="86" />
  <memory-copied type="nursery" objects="4499349" bytes="119523072" bytesdiscarded="278024" />
  <memory-copied type="tenure" objects="1086862" bytes="29233296" bytesdiscarded="110952" />
  <ownableSynchronizers candidates="4060" cleared="3758" />
  <references type="soft" candidates="204" cleared="0" enqueued="0" dynamicThreshold="18" maxThreshold="32" />
  <references type="weak" candidates="108" cleared="108" enqueued="0" />
</gc-op>
<gc-end id="4662" type="scavenge" contextid="4658" durationms="107.753" usertimems="828.712" systemtimems="0.143" timestamp="2020-09-12T19:28:58.656" activeThreads="8">
  <mem-info id="4663" free="988015000" total="2853371904" percent="34">
    <mem type="nursery" free="679062240" total="939524096" percent="72">
      <mem type="allocate" free="679062240" total="798949376" percent="84" />
      <mem type="survivor" free="0" total="140574720" percent="0" />
    </mem>
    <mem type="tenure" free="308952760" total="1913847808" percent="16" macro-fragmented="0">
      <mem type="soa" free="196529744" total="1799016448" percent="10" />
      <mem type="loa" free="112423016" total="114831360" percent="97" />
    </mem>
    <remembered-set count="34503" />
  </mem-info>
</gc-end>
<cycle-end id="4664" type="scavenge" contextid="4658" timestamp="2020-09-12T19:28:58.657" />
<allocation-satisfied id="4665" threadId="0000000000841700" bytesRequested="16" />
<af-end id="4666" timestamp="2020-09-12T19:28:58.657" threadId="0000000000842080" success="true" from="nursery"/>
<exclusive-end id="4667" timestamp="2020-09-12T19:28:58.657" durationms="109.762" />

<exclusive-start id="4668" timestamp="2020-09-12T19:29:00.561" intervalms="2013.991">
  <response-info timems="8.257" idlems="8.257" threads="0" lastid="0000000000845300" lastname="Group1.Backend.CompositeBackend{Tier1}.3" />
</exclusive-start>
<af-start id="4669" threadId="0000000000845C80" totalBytesRequested="32" timestamp="2020-09-12T19:29:00.562" intervalms="2013.900" type="nursery" />
<cycle-start id="4670" type="scavenge" contextid="0" timestamp="2020-09-12T19:29:00.562" intervalms="2013.885" />
<gc-start id="4671" type="scavenge" contextid="4670" timestamp="2020-09-12T19:29:00.562">
  <mem-info id="4672" free="308952760" total="2853371904" percent="10">
    <mem type="nursery" free="0" total="939524096" percent="0">
      <mem type="allocate" free="0" total="798949376" percent="0" />
      <mem type="survivor" free="0" total="140574720" percent="0" />
    </mem>
    <mem type="tenure" free="308952760" total="1913847808" percent="16">
      <mem type="soa" free="196529744" total="1799016448" percent="10" />
      <mem type="loa" free="112423016" total="114831360" percent="97" />
    </mem>
    <remembered-set count="196281" />
  </mem-info>
</gc-start>
<allocation-stats totalBytes="678748984" >
  <allocated-bytes non-tlh="35114344" tlh="643634640" />
  <largest-consumer threadName="Group1.Backend.CompositeBackend{Tier1}.3" threadId="0000000000845300" bytes="94112960" />
</allocation-stats>
<gc-op id="4673" type="scavenge" timems="108.444" contextid="4670" timestamp="2020-09-12T19:29:00.671">
  <scavenger-info tenureage="3" tenuremask="7ff8" tiltratio="85" />
  <memory-copied type="nursery" objects="4135653" bytes="110954608" bytesdiscarded="294728" />
  <memory-copied type="tenure" objects="1101737" bytes="29587344" bytesdiscarded="112360" />
  <ownableSynchronizers candidates="4014" cleared="3753" />
  <references type="soft" candidates="198" cleared="0" enqueued="0" dynamicThreshold="18" maxThreshold="32" />
  <references type="weak" candidates="118" cleared="118" enqueued="0" />
</gc-op>
<gc-end id="4674" type="scavenge" contextid="4670" durationms="109.561" usertimems="805.948" systemtimems="7.270" timestamp="2020-09-12T19:29:00.672" activeThreads="8">
  <mem-info id="4675" free="968243848" total="2853371904" percent="33">
    <mem type="nursery" free="688928448" total="939524096" percent="73">
      <mem type="allocate" free="688928448" total="800260096" percent="86" />
      <mem type="survivor" free="0" total="139264000" percent="0" />
    </mem>
    <mem type="tenure" free="279315400" total="1913847808" percent="14" macro-fragmented="0">
      <mem type="soa" free="166892384" total="1799016448" percent="9" />
      <mem type="loa" free="112423016" total="114831360" percent="97" />
    </mem>
    <remembered-set count="33156" />
  </mem-info>
</gc-end>
<cycle-end id="4676" type="scavenge" contextid="4670" timestamp="2020-09-12T19:29:00.672" />
<allocation-satisfied id="4677" threadId="0000000000845300" bytesRequested="32" />
<af-end id="4678" timestamp="2020-09-12T19:29:00.672" threadId="0000000000845C80" success="true" from="nursery"/>
<exclusive-end id="4679" timestamp="2020-09-12T19:29:00.673" durationms="111.419" />

<exclusive-start id="4680" timestamp="2020-09-12T19:29:02.692" intervalms="2130.712">
  <response-info timems="0.713" idlems="0.474" threads="1" lastid="0000000000780600" lastname="Group1.Backend.CompositeBackend{Tier1}.2" />
</exclusive-start>
<af-start id="4681" threadId="0000000000A78F80" totalBytesRequested="1032" timestamp="2020-09-12T19:29:02.693" intervalms="2130.767" type="nursery" />
<cycle-start id="4682" type="scavenge" contextid="0" timestamp="2020-09-12T19:29:02.693" intervalms="2130.755" />
<gc-start id="4683" type="scavenge" contextid="4682" timestamp="2020-09-12T19:29:02.693">
  <mem-info id="4684" free="279315400" total="2853371904" percent="9">
    <mem type="nursery" free="0" total="939524096" percent="0">
      <mem type="allocate" free="0" total="800260096" percent="0" />
      <mem type="survivor" free="0" total="139264000" percent="0" />
    </mem>
    <mem type="tenure" free="279315400" total="1913847808" percent="14">
      <mem type="soa" free="166892384" total="1799016448" percent="9" />
      <mem type="loa" free="112423016" total="114831360" percent="97" />
    </mem>
    <remembered-set count="196215" />
  </mem-info>
</gc-start>
<allocation-stats totalBytes="688606896" >
  <allocated-bytes non-tlh="31747576" tlh="656859320" />
  <largest-consumer threadName="Group1.Backend.CompositeBackend{Tier1}.5" threadId="0000000000841700" bytes="92774840" />
</allocation-stats>
<gc-op id="4685" type="scavenge" timems="100.327" contextid="4682" timestamp="2020-09-12T19:29:02.793">
  <scavenger-info tenureage="3" tenuremask="7ff8" tiltratio="85" />
  <memory-copied type="nursery" objects="4121198" bytes="110429760" bytesdiscarded="375384" />
  <memory-copied type="tenure" objects="1136002" bytes="30646208" bytesdiscarded="118720" />
  <ownableSynchronizers candidates="4085" cleared="3823" />
  <references type="soft" candidates="188" cleared="0" enqueued="0" dynamicThreshold="18" maxThreshold="32" />
  <references type="weak" candidates="113" cleared="113" enqueued="0" />
</gc-op>
<gc-end id="4686" type="scavenge" contextid="4682" durationms="101.066" usertimems="758.923" systemtimems="0.000" timestamp="2020-09-12T19:29:02.794" activeThreads="8">
  <mem-info id="4687" free="940945296" total="2853371904" percent="32">
    <mem type="nursery" free="692381696" total="939524096" percent="73">
      <mem type="allocate" free="692381696" total="803274752" percent="86" />
      <mem type="survivor" free="0" total="136249344" percent="0" />
    </mem>
    <mem type="tenure" free="248563600" total="1913847808" percent="12" macro-fragmented="0">
      <mem type="soa" free="136140584" total="1799016448" percent="7" />
      <mem type="loa" free="112423016" total="114831360" percent="97" />
    </mem>
    <remembered-set count="31419" />
  </mem-info>
</gc-end>
<cycle-end id="4688" type="scavenge" contextid="4682" timestamp="2020-09-12T19:29:02.795" />
<allocation-satisfied id="4689" threadId="0000000000A78600" bytesRequested="1032" />
<af-end id="4690" timestamp="2020-09-12T19:29:02.795" threadId="0000000000A78F80" success="true" from="nursery"/>
<exclusive-end id="4691" timestamp="2020-09-12T19:29:02.795" durationms="102.876" />

<exclusive-start id="4692" timestamp="2020-09-12T19:29:04.787" intervalms="2095.504">
  <response-info timems="0.446" idlems="0.446" threads="0" lastid="0000000000843900" lastname="Group1.Backend.CompositeBackend{Tier1}.8" />
</exclusive-start>
<af-start id="4693" threadId="0000000000844280" totalBytesRequested="104" timestamp="2020-09-12T19:29:04.788" intervalms="2095.365" type="nursery" />
<cycle-start id="4694" type="scavenge" contextid="0" timestamp="2020-09-12T19:29:04.788" intervalms="2095.372" />
<gc-start id="4695" type="scavenge" contextid="4694" timestamp="2020-09-12T19:29:04.788">
  <mem-info id="4696" free="248563600" total="2853371904" percent="8">
    <mem type="nursery" free="0" total="939524096" percent="0">
      <mem type="allocate" free="0" total="803274752" percent="0" />
      <mem type="survivor" free="0" total="136249344" percent="0" />
    </mem>
    <mem type="tenure" free="248563600" total="1913847808" percent="12">
      <mem type="soa" free="136140584" total="1799016448" percent="7" />
      <mem type="loa" free="112423016" total="114831360" percent="97" />
    </mem>
    <remembered-set count="192613" />
  </mem-info>
</gc-start>
<allocation-stats totalBytes="692065632" >
  <allocated-bytes non-tlh="36800264" tlh="655265368" />
  <largest-consumer threadName="Group1.Backend.CompositeBackend{Tier1}.7" threadId="0000000000842E00" bytes="92204952" />
</allocation-stats>
<gc-op id="4697" type="scavenge" timems="104.448" contextid="4694" timestamp="2020-09-12T19:29:04.893">
  <scavenger-info tenureage="3" tenuremask="7ff8" tiltratio="85" />
  <memory-copied type="nursery" objects="4124307" bytes="110524416" bytesdiscarded="156088" />
  <memory-copied type="tenure" objects="1085396" bytes="29166616" bytesdiscarded="131728" />
  <ownableSynchronizers candidates="4428" cleared="4158" />
  <references type="soft" candidates="174" cleared="0" enqueued="0" dynamicThreshold="18" maxThreshold="32" />
  <references type="weak" candidates="88" cleared="88" enqueued="0" />
</gc-op>
<gc-end id="4698" type="scavenge" contextid="4694" durationms="105.223" usertimems="759.912" systemtimems="12.183" timestamp="2020-09-12T19:29:04.893" activeThreads="8">
  <mem-info id="4699" free="914218976" total="2853371904" percent="32">
    <mem type="nursery" free="694930944" total="939524096" percent="73">
      <mem type="allocate" free="694930944" total="805699584" percent="86" />
      <mem type="survivor" free="0" total="133824512" percent="0" />
    </mem>
    <mem type="tenure" free="219288032" total="1913847808" percent="11" macro-fragmented="0">
      <mem type="soa" free="106865016" total="1799016448" percent="5" />
      <mem type="loa" free="112423016" total="114831360" percent="97" />
    </mem>
    <remembered-set count="29267" />
  </mem-info>
</gc-end>
<cycle-end id="4700" type="scavenge" contextid="4694" timestamp="2020-09-12T19:29:04.894" />
<allocation-satisfied id="4701" threadId="0000000000843900" bytesRequested="104" />
<af-end id="4702" timestamp="2020-09-12T19:29:04.894" threadId="0000000000844280" success="true" from="nursery"/>
<exclusive-end id="4703" timestamp="2020-09-12T19:29:04.895" durationms="107.347" />

<exclusive-start id="4704" timestamp="2020-09-12T19:29:06.875" intervalms="2087.739">
  <response-info timems="5.524" idlems="5.524" threads="0" lastid="000000000077E000" lastname="Group1.Backend.CompositeBackend{Tier1}.1" />
</exclusive-start>
<af-start id="4705" threadId="000000000077E980" totalBytesRequested="24" timestamp="2020-09-12T19:29:06.876" intervalms="2087.726" type="nursery" />
<cycle-start id="4706" type="scavenge" contextid="0" timestamp="2020-09-12T19:29:06.876" intervalms="2087.700" />
<gc-start id="4707" type="scavenge" contextid="4706" timestamp="2020-09-12T19:29:06.876">
  <mem-info id="4708" free="219288032" total="2853371904" percent="7">
    <mem type="nursery" free="0" total="939524096" percent="0">
      <mem type="allocate" free="0" total="805699584" percent="0" />
      <mem type="survivor" free="0" total="133824512" percent="0" />
    </mem>
    <mem type="tenure" free="219288032" total="1913847808" percent="11">
      <mem type="soa" free="106865016" total="1799016448" percent="5" />
      <mem type="loa" free="112423016" total="114831360" percent="97" />
    </mem>
    <remembered-set count="191518" />
  </mem-info>
</gc-start>
<allocation-stats totalBytes="694624952" >
  <allocated-bytes non-tlh="33638136" tlh="660986816" />
  <largest-consumer threadName="Group1.Backend.CompositeBackend{Tier1}.3" threadId="0000000000845300" bytes="96520888" />
</allocation-stats>
<gc-op id="4709" type="scavenge" timems="105.996" contextid="4706" timestamp="2020-09-12T19:29:06.982">
  <scavenger-info tenureage="3" tenuremask="7ff8" tiltratio="85" />
  <memory-copied type="nursery" objects="4018715" bytes="107980080" bytesdiscarded="400304" />
  <memory-copied type="tenure" objects="1082729" bytes="29081136" bytesdiscarded="114632" />
  <ownableSynchronizers candidates="4160" cleared="3891" />
  <references type="soft" candidates="187" cleared="0" enqueued="0" dynamicThreshold="18" maxThreshold="32" />
  <references type="weak" candidates="127" cleared="127" enqueued="0" />
</gc-op>
<gc-end id="4710" type="scavenge" contextid="4706" durationms="106.921" usertimems="752.922" systemtimems="2.960" timestamp="2020-09-12T19:29:06.983" activeThreads="8">
  <mem-info id="4711" free="889351472" total="2853371904" percent="31">
    <mem type="nursery" free="699270400" total="939524096" percent="74">
      <mem type="allocate" free="699270400" total="807731200" percent="86" />
      <mem type="survivor" free="0" total="131792896" percent="0" />
    </mem>
    <mem type="tenure" free="190081072" total="1913847808" percent="9" macro-fragmented="0">
      <mem type="soa" free="77658056" total="1799016448" percent="4" />
      <mem type="loa" free="112423016" total="114831360" percent="97" />
    </mem>
    <remembered-set count="27518" />
  </mem-info>
</gc-end>
<cycle-end id="4712" type="scavenge" contextid="4706" timestamp="2020-09-12T19:29:06.984" />
<allocation-satisfied id="4713" threadId="000000000077E000" bytesRequested="24" />
<af-end id="4714" timestamp="2020-09-12T19:29:06.984" threadId="000000000077E980" success="true" from="nursery"/>
<exclusive-end id="4715" timestamp="2020-09-12T19:29:06.984" durationms="108.620" />

<exclusive-start id="4716" timestamp="2020-09-12T19:29:08.932" intervalms="2057.342">
  <response-info timems="0.497" idlems="0.497" threads="0" lastid="0000000000842E00" lastname="Group1.Backend.CompositeBackend{Tier1}.7" />
</exclusive-start>
<af-start id="4717" threadId="0000000000843780" totalBytesRequested="16" timestamp="2020-09-12T19:29:08.933" intervalms="2057.393" type="nursery" />
<cycle-start id="4718" type="scavenge" contextid="0" timestamp="2020-09-12T19:29:08.933" intervalms="2057.401" />
<gc-start id="4719" type="scavenge" contextid="4718" timestamp="2020-09-12T19:29:08.933">
  <mem-info id="4720" free="190081072" total="2853371904" percent="6">
    <mem type="nursery" free="0" total="939524096" percent="0">
      <mem type="allocate" free="0" total="807731200" percent="0" />
      <mem type="survivor" free="0" total="131792896" percent="0" />
    </mem>
    <mem type="tenure" free="190081072" total="1913847808" percent="9">
      <mem type="soa" free="77658056" total="1799016448" percent="4" />
      <mem type="loa" free="112423016" total="114831360" percent="97" />
    </mem>
    <remembered-set count="190045" />
  </mem-info>
</gc-start>
<allocation-stats totalBytes="698929192" >
  <allocated-bytes non-tlh="34308792" tlh="664620400" />
  <largest-consumer threadName="Group1.Backend.CompositeBackend{Tier1}.7" threadId="0000000000842E00" bytes="94270048" />
</allocation-stats>
<gc-op id="4721" type="scavenge" timems="103.763" contextid="4718" timestamp="2020-09-12T19:29:09.037">
  <scavenger-info tenureage="3" tenuremask="7ff8" tiltratio="85" />
  <memory-copied type="nursery" objects="4216636" bytes="112154104" bytesdiscarded="342784" />
  <memory-copied type="tenure" objects="1099806" bytes="29591312" bytesdiscarded="82312" />
  <ownableSynchronizers candidates="3757" cleared="3487" />
  <references type="soft" candidates="200" cleared="0" enqueued="0" dynamicThreshold="18" maxThreshold="32" />
  <references type="weak" candidates="122" cleared="122" enqueued="0" />
</gc-op>
<gc-end id="4722" type="scavenge" contextid="4718" durationms="104.488" usertimems="796.094" systemtimems="7.103" timestamp="2020-09-12T19:29:09.038" activeThreads="8">
  <mem-info id="4723" free="855714840" total="2853371904" percent="29">
    <mem type="nursery" free="695414776" total="939524096" percent="74">
      <mem type="allocate" free="695414776" total="807993344" percent="86" />
      <mem type="survivor" free="0" total="131530752" percent="0" />
    </mem>
    <mem type="tenure" free="160300064" total="1913847808" percent="8" macro-fragmented="0">
      <mem type="soa" free="47877048" total="1799016448" percent="2" />
      <mem type="loa" free="112423016" total="114831360" percent="97" />
    </mem>
    <remembered-set count="28580" />
  </mem-info>
</gc-end>
<cycle-end id="4724" type="scavenge" contextid="4718" timestamp="2020-09-12T19:29:09.038" />
<allocation-satisfied id="4725" threadId="0000000000842E00" bytesRequested="16" />
<af-end id="4726" timestamp="2020-09-12T19:29:09.039" threadId="0000000000843780" success="true" from="nursery"/>
<exclusive-end id="4727" timestamp="2020-09-12T19:29:09.039" durationms="106.127" />

<exclusive-start id="4728" timestamp="2020-09-12T19:29:11.073" intervalms="2140.682">
  <response-info timems="2.763" idlems="2.763" threads="0" lastid="000000000077E000" lastname="Group1.Backend.CompositeBackend{Tier1}.1" />
</exclusive-start>
<af-start id="4729" threadId="000000000077E980" totalBytesRequested="16" timestamp="2020-09-12T19:29:11.074" intervalms="2140.659" type="nursery" />
<cycle-start id="4730" type="scavenge" contextid="0" timestamp="2020-09-12T19:29:11.074" intervalms="2140.665" />
<gc-start id="4731" type="scavenge" contextid="4730" timestamp="2020-09-12T19:29:11.074">
  <mem-info id="4732" free="160300064" total="2853371904" percent="5">
    <mem type="nursery" free="0" total="939524096" percent="0">
      <mem type="allocate" free="0" total="807993344" percent="0" />
      <mem type="survivor" free="0" total="131530752" percent="0" />
    </mem>
    <mem type="tenure" free="160300064" total="1913847808" percent="8">
      <mem type="soa" free="47877048" total="1799016448" percent="2" />
      <mem type="loa" free="112423016" total="114831360" percent="97" />
    </mem>
    <remembered-set count="194934" />
  </mem-info>
</gc-start>
<allocation-stats totalBytes="695078320" >
  <allocated-bytes non-tlh="30194232" tlh="664884088" />
  <largest-consumer threadName="Group1.Backend.CompositeBackend{Tier1}.7" threadId="0000000000842E00" bytes="105325512" />
</allocation-stats>
<gc-op id="4733" type="scavenge" timems="117.413" contextid="4730" timestamp="2020-09-12T19:29:11.192">
  <scavenger-info tenureage="3" tenuremask="7ff8" tiltratio="86" />
  <memory-copied type="nursery" objects="4291475" bytes="114229312" bytesdiscarded="188184" />
  <memory-copied type="tenure" objects="1064630" bytes="28623960" bytesdiscarded="19816" />
  <ownableSynchronizers candidates="3880" cleared="3619" />
  <references type="soft" candidates="188" cleared="0" enqueued="0" dynamicThreshold="18" maxThreshold="32" />
  <references type="weak" candidates="123" cleared="123" enqueued="0" />
</gc-op>
<gc-end id="4734" type="scavenge" contextid="4730" durationms="118.408" usertimems="897.091" systemtimems="3.555" timestamp="2020-09-12T19:29:11.192" activeThreads="8">
  <mem-info id="4735" free="826160040" total="2853371904" percent="28">
    <mem type="nursery" free="694471672" total="939524096" percent="73">
      <mem type="allocate" free="694471672" total="808976384" percent="85" />
      <mem type="survivor" free="0" total="130547712" percent="0" />
    </mem>
    <mem type="tenure" free="131688368" total="1913847808" percent="6" macro-fragmented="0">
      <mem type="soa" free="19265352" total="1799016448" percent="1" />
      <mem type="loa" free="112423016" total="114831360" percent="97" />
    </mem>
    <remembered-set count="29745" />
  </mem-info>
</gc-end>
<cycle-end id="4736" type="scavenge" contextid="4730" timestamp="2020-09-12T19:29:11.193" />
<allocation-satisfied id="4737" threadId="000000000077E000" bytesRequested="16" />
<af-end id="4738" timestamp="2020-09-12T19:29:11.193" threadId="000000000077E980" success="true" from="nursery"/>
<exclusive-end id="4739" timestamp="2020-09-12T19:29:11.193" durationms="120.285" />

<exclusive-start id="4740" timestamp="2020-09-12T19:29:13.217" intervalms="2143.460">
  <response-info timems="1.062" idlems="1.062" threads="0" lastid="0000000000A93300" lastname="Group1.Backend.CompositeBackend{Tier3}.8" />
</exclusive-start>
<af-start id="4741" threadId="0000000000A93C80" totalBytesRequested="80" timestamp="2020-09-12T19:29:13.217" intervalms="2143.446" type="nursery" />
<percolate-collect id="4742" from="nursery" to="global" reason="prevent tenure expand" timestamp="2020-09-12T19:29:13.217"/>
<cycle-start id="4743" type="global" contextid="0" timestamp="2020-09-12T19:29:13.217" intervalms="68140.514" />
<gc-start id="4744" type="global" contextid="4743" timestamp="2020-09-12T19:29:13.218">
  <mem-info id="4745" free="131688368" total="2853371904" percent="4">
    <mem type="nursery" free="0" total="939524096" percent="0">
      <mem type="allocate" free="0" total="808976384" percent="0" />
      <mem type="survivor" free="0" total="130547712" percent="0" />
    </mem>
    <mem type="tenure" free="131688368" total="1913847808" percent="6">
      <mem type="soa" free="19265352" total="1799016448" percent="1" />
      <mem type="loa" free="112423016" total="114831360" percent="97" />
    </mem>
    <remembered-set count="193669" />
  </mem-info>
</gc-start>
<allocation-stats totalBytes="694143080" >
  <allocated-bytes non-tlh="33186968" tlh="660956112" />
  <largest-consumer threadName="Group1.Backend.CompositeBackend{Tier1}.3" threadId="0000000000845300" bytes="109245272" />
</allocation-stats>
<gc-op id="4746" type="mark" timems="551.299" contextid="4743" timestamp="2020-09-12T19:29:13.769">
  <trace-info objectcount="31012294" scancount="30032646" scanbytes="821409652" />
  <finalization candidates="150" enqueued="0" />
  <ownableSynchronizers candidates="591748" cleared="4370" />
  <references type="soft" candidates="716124" cleared="0" enqueued="0" dynamicThreshold="18" maxThreshold="32" />
  <references type="weak" candidates="4418" cleared="128" enqueued="0" />
  <references type="phantom" candidates="106" cleared="0" enqueued="0" />
  <stringconstants candidates="10914" cleared="1"  />
</gc-op>
<gc-op id="4747" type="sweep" timems="13.939" contextid="4743" timestamp="2020-09-12T19:29:13.783" />
<gc-end id="4748" type="global" contextid="4743" durationms="566.087" usertimems="4196.363" systemtimems="1.715" timestamp="2020-09-12T19:29:13.784" activeThreads="8">
  <mem-info id="4749" free="1694065288" total="2853371904" percent="59">
    <mem type="nursery" free="614491560" total="939524096" percent="65">
      <mem type="allocate" free="614491560" total="808976384" percent="75" />
      <mem type="survivor" free="0" total="130547712" percent="0" />
    </mem>
    <mem type="tenure" free="1079573728" total="1913847808" percent="56" micro-fragmented="78737943" macro-fragmented="0">
      <mem type="soa" free="966972560" total="1799016448" percent="53" />
      <mem type="loa" free="112601168" total="114831360" percent="98" />
    </mem>
    <remembered-set count="188097" />
  </mem-info>
</gc-end>
<cycle-end id="4750" type="global" contextid="4743" timestamp="2020-09-12T19:29:13.784" />
<allocation-satisfied id="4751" threadId="0000000000A93300" bytesRequested="80" />
<af-end id="4752" timestamp="2020-09-12T19:29:13.784" threadId="0000000000A93C80" success="true" from="nursery"/>
<exclusive-end id="4753" timestamp="2020-09-12T19:29:13.784" durationms="567.742" />

<exclusive-start id="4754" timestamp="2020-09-12T19:29:15.016" intervalms="1799.083">
  <response-info timems="0.496" idlems="0.496" threads="0" lastid="0000000000841700" lastname="Group1.Backend.CompositeBackend{Tier1}.5" />
</exclusive-start>
<af-start id="4755" threadId="0000000000842080" totalBytesRequested="524296" timestamp="2020-09-12T19:29:15.016" intervalms="1799.169" type="nursery" />
<cycle-start id="4756" type="scavenge" contextid="0" timestamp="2020-09-12T19:29:15.016" intervalms="3942.613" />
<gc-start id="4757" type="scavenge" contextid="4756" timestamp="2020-09-12T19:29:15.017">
  <mem-info id="4758" free="1115988240" total="2853371904" percent="39">
    <mem type="nursery" free="36415296" total="939524096" percent="3">
      <mem type="allocate" free="36415296" total="808976384" percent="4" />
      <mem type="survivor" free="0" total="130547712" percent="0" />
    </mem>
    <mem type="tenure" free="1079572944" total="1913847808" percent="56">
      <mem type="soa" free="966971776" total="1799016448" percent="53" />
      <mem type="loa" free="112601168" total="114831360" percent="98" />
    </mem>
    <remembered-set count="242167" />
  </mem-info>
</gc-start>
<allocation-stats totalBytes="576012480" >
  <allocated-bytes non-tlh="26113560" tlh="549898920" />
  <largest-consumer threadName="Group1.Backend.CompositeBackend{Tier1}.5" threadId="0000000000841700" bytes="89051072" />
</allocation-stats>
<gc-op id="4759" type="scavenge" timems="126.909" contextid="4756" timestamp="2020-09-12T19:29:15.144">
  <scavenger-info tenureage="3" tenuremask="7ff8" tiltratio="86" />
  <memory-copied type="nursery" objects="4880032" bytes="130372232" bytesdiscarded="37552" />
  <memory-copied type="tenure" objects="1298912" bytes="34551888" bytesdiscarded="75552" />
  <copy-failed type="nursery" objects="317808" bytes="8168176" />
  <ownableSynchronizers candidates="1177722" cleared="1177431" />
  <references type="soft" candidates="130" cleared="0" enqueued="0" dynamicThreshold="18" maxThreshold="32" />
  <references type="weak" candidates="98" cleared="98" enqueued="0" />
</gc-op>
<gc-end id="4760" type="scavenge" contextid="4756" durationms="128.054" usertimems="980.388" systemtimems="7.558" timestamp="2020-09-12T19:29:15.145" activeThreads="8">
  <mem-info id="4761" free="1671316192" total="2853371904" percent="58">
    <mem type="nursery" free="626524160" total="939524096" percent="66">
      <mem type="allocate" free="626524160" total="757071872" percent="82" />
      <mem type="survivor" free="0" total="182452224" percent="0" />
    </mem>
    <mem type="tenure" free="1044792032" total="1913847808" percent="54" macro-fragmented="0">
      <mem type="soa" free="932190864" total="1799016448" percent="51" />
      <mem type="loa" free="112601168" total="114831360" percent="98" />
    </mem>
    <remembered-set count="42124" />
  </mem-info>
</gc-end>
<cycle-end id="4762" type="scavenge" contextid="4756" timestamp="2020-09-12T19:29:15.145" />
<allocation-satisfied id="4763" threadId="0000000000841700" bytesRequested="524296" />
<af-end id="4764" timestamp="2020-09-12T19:29:15.145" threadId="0000000000842080" success="true" from="nursery"/>
<exclusive-end id="4765" timestamp="2020-09-12T19:29:15.145" durationms="129.891" />

<exclusive-start id="4766" timestamp="2020-09-12T19:29:16.913" intervalms="1897.402">
  <response-info timems="11.500" idlems="11.500" threads="0" lastid="0000000000841700" lastname="Group1.Backend.CompositeBackend{Tier1}.5" />
</exclusive-start>
<af-start id="4767" threadId="0000000000842080" totalBytesRequested="16" timestamp="2020-09-12T19:29:16.914" intervalms="1897.522" type="nursery" />
<cycle-start id="4768" type="scavenge" contextid="0" timestamp="2020-09-12T19:29:16.914" intervalms="1897.561" />
<gc-start id="4769" type="scavenge" contextid="4768" timestamp="2020-09-12T19:29:16.914">
  <mem-info id="4770" free="1044792032" total="2853371904" percent="36">
    <mem type="nursery" free="0" total="939524096" percent="0">
      <mem type="allocate" free="0" total="757071872" percent="0" />
      <mem type="survivor" free="0" total="182452224" percent="0" />
    </mem>
    <mem type="tenure" free="1044792032" total="1913847808" percent="54">
      <mem type="soa" free="932190864" total="1799016448" percent="51" />
      <mem type="loa" free="112601168" total="114831360" percent="98" />
    </mem>
    <remembered-set count="195633" />
  </mem-info>
</gc-start>
<allocation-stats totalBytes="626246280" >
  <allocated-bytes non-tlh="33123936" tlh="593122344" />
  <largest-consumer threadName="Group1.Backend.CompositeBackend{Tier1}.2" threadId="0000000000780600" bytes="106976536" />
</allocation-stats>
<gc-op id="4771" type="scavenge" timems="119.531" contextid="4768" timestamp="2020-09-12T19:29:17.034">
  <scavenger-info tenureage="3" tenuremask="7ff8" tiltratio="80" />
  <memory-copied type="nursery" objects="4704742" bytes="126606504" bytesdiscarded="288328" />
  <memory-copied type="tenure" objects="927295" bytes="25000576" bytesdiscarded="69096" />
  <ownableSynchronizers candidates="3219" cleared="3021" />
  <references type="soft" candidates="153" cleared="0" enqueued="0" dynamicThreshold="18" maxThreshold="32" />
  <references type="weak" candidates="137" cleared="137" enqueued="0" />
</gc-op>
<gc-end id="4772" type="scavenge" contextid="4768" durationms="120.880" usertimems="876.313" systemtimems="4.427" timestamp="2020-09-12T19:29:17.035" activeThreads="8">
  <mem-info id="4773" free="1655254920" total="2853371904" percent="58">
    <mem type="nursery" free="635543296" total="939524096" percent="67">
      <mem type="allocate" free="635543296" total="762511360" percent="83" />
      <mem type="survivor" free="0" total="177012736" percent="0" />
    </mem>
    <mem type="tenure" free="1019711624" total="1913847808" percent="53" macro-fragmented="0">
      <mem type="soa" free="907110456" total="1799016448" percent="50" />
      <mem type="loa" free="112601168" total="114831360" percent="98" />
    </mem>
    <remembered-set count="40150" />
  </mem-info>
</gc-end>
<cycle-end id="4774" type="scavenge" contextid="4768" timestamp="2020-09-12T19:29:17.036" />
<allocation-satisfied id="4775" threadId="0000000000841700" bytesRequested="16" />
<af-end id="4776" timestamp="2020-09-12T19:29:17.036" threadId="0000000000842080" success="true" from="nursery"/>
<exclusive-end id="4777" timestamp="2020-09-12T19:29:17.036" durationms="122.912" />

<exclusive-start id="4778" timestamp="2020-09-12T19:29:18.855" intervalms="1941.495">
  <response-info timems="0.501" idlems="0.254" threads="1" lastid="0000000000845300" lastname="Group1.Backend.CompositeBackend{Tier1}.3" />
</exclusive-start>
<af-start id="4779" threadId="000000000077E980" totalBytesRequested="24" timestamp="2020-09-12T19:29:18.855" intervalms="1941.280" type="nursery" />
<cycle-start id="4780" type="scavenge" contextid="0" timestamp="2020-09-12T19:29:18.855" intervalms="1941.233" />
<gc-start id="4781" type="scavenge" contextid="4780" timestamp="2020-09-12T19:29:18.855">
  <mem-info id="4782" free="1019711624" total="2853371904" percent="35">
    <mem type="nursery" free="0" total="939524096" percent="0">
      <mem type="allocate" free="0" total="762511360" percent="0" />
      <mem type="survivor" free="0" total="177012736" percent="0" />
    </mem>
    <mem type="tenure" free="1019711624" total="1913847808" percent="53">
      <mem type="soa" free="907110456" total="1799016448" percent="50" />
      <mem type="loa" free="112601168" total="114831360" percent="98" />
    </mem>
    <remembered-set count="197658" />
  </mem-info>
</gc-start>
<allocation-stats totalBytes="635230464" >
  <allocated-bytes non-tlh="28452528" tlh="606777936" />
  <largest-consumer threadName="Group1.Backend.CompositeBackend{Tier1}.2" threadId="0000000000780600" bytes="104424864" />
</allocation-stats>
<gc-op id="4783" type="scavenge" timems="124.322" contextid="4780" timestamp="2020-09-12T19:29:18.980">
  <scavenger-info tenureage="3" tenuremask="7ff8" tiltratio="81" />
  <memory-copied type="nursery" objects="4976469" bytes="133597224" bytesdiscarded="352576" />
  <memory-copied type="tenure" objects="972502" bytes="26223424" bytesdiscarded="77264" />
  <ownableSynchronizers candidates="3294" cleared="3086" />
  <references type="soft" candidates="190" cleared="0" enqueued="0" dynamicThreshold="18" maxThreshold="32" />
  <references type="weak" candidates="93" cleared="93" enqueued="0" />
</gc-op>
<gc-end id="4784" type="scavenge" contextid="4780" durationms="125.363" usertimems="938.604" systemtimems="0.000" timestamp="2020-09-12T19:29:18.981" activeThreads="8">
  <mem-info id="4785" free="1625897208" total="2853371904" percent="56">
    <mem type="nursery" free="632418880" total="939524096" percent="67">
      <mem type="allocate" free="632418880" total="766443520" percent="82" />
      <mem type="survivor" free="0" total="173080576" percent="0" />
    </mem>
    <mem type="tenure" free="993478328" total="1913847808" percent="51" macro-fragmented="0">
      <mem type="soa" free="880877160" total="1799016448" percent="48" />
      <mem type="loa" free="112601168" total="114831360" percent="98" />
    </mem>
    <remembered-set count="38997" />
  </mem-info>
</gc-end>
<cycle-end id="4786" type="scavenge" contextid="4780" timestamp="2020-09-12T19:29:18.981" />
<allocation-satisfied id="4787" threadId="000000000077E000" bytesRequested="24" />
<af-end id="4788" timestamp="2020-09-12T19:29:18.981" threadId="000000000077E980" success="true" from="nursery"/>
<exclusive-end id="4789" timestamp="2020-09-12T19:29:18.982" durationms="126.998" />

<exclusive-start id="4790" timestamp="2020-09-12T19:29:20.724" intervalms="1869.854">
  <response-info timems="2.014" idlems="2.014" threads="0" lastid="0000000000843900" lastname="Group1.Backend.CompositeBackend{Tier1}.8" />
</exclusive-start>
<af-start id="4791" threadId="0000000000844280" totalBytesRequested="266872" timestamp="2020-09-12T19:29:20.725" intervalms="1870.001" type="nursery" />
<cycle-start id="4792" type="scavenge" contextid="0" timestamp="2020-09-12T19:29:20.725" intervalms="1870.017" />
<gc-start id="4793" type="scavenge" contextid="4792" timestamp="2020-09-12T19:29:20.726">
  <mem-info id="4794" free="993478328" total="2853371904" percent="34">
    <mem type="nursery" free="0" total="939524096" percent="0">
      <mem type="allocate" free="0" total="766443520" percent="0" />
      <mem type="survivor" free="0" total="173080576" percent="0" />
    </mem>
    <mem type="tenure" free="993478328" total="1913847808" percent="51">
      <mem type="soa" free="880877160" total="1799016448" percent="48" />
      <mem type="loa" free="112601168" total="114831360" percent="98" />
    </mem>
    <remembered-set count="194586" />
  </mem-info>
</gc-start>
<allocation-stats totalBytes="632119656" >
  <allocated-bytes non-tlh="32328264" tlh="599791392" />
  <largest-consumer threadName="Group1.Backend.CompositeBackend{Tier1}.2" threadId="0000000000780600" bytes="85308536" />
</allocation-stats>
<gc-op id="4795" type="scavenge" timems="149.524" contextid="4792" timestamp="2020-09-12T19:29:20.875">
  <scavenger-info tenureage="3" tenuremask="7ff8" tiltratio="81" />
  <memory-copied type="nursery" objects="4138153" bytes="109558672" bytesdiscarded="242456" />
  <memory-copied type="tenure" objects="1902372" bytes="51285296" bytesdiscarded="99448" />
  <ownableSynchronizers candidates="3599" cleared="3356" />
  <references type="soft" candidates="181" cleared="0" enqueued="0" dynamicThreshold="18" maxThreshold="32" />
  <references type="weak" candidates="113" cleared="113" enqueued="0" />
</gc-op>
<gc-end id="4796" type="scavenge" contextid="4792" durationms="150.661" usertimems="1061.945" systemtimems="11.906" timestamp="2020-09-12T19:29:20.876" activeThreads="8">
  <mem-info id="4797" free="1603317000" total="2853371904" percent="56">
    <mem type="nursery" free="661212400" total="939524096" percent="70">
      <mem type="allocate" free="661212400" total="771096576" percent="85" />
      <mem type="survivor" free="0" total="168427520" percent="0" />
    </mem>
    <mem type="tenure" free="942104600" total="1913847808" percent="49" macro-fragmented="0">
      <mem type="soa" free="829503432" total="1799016448" percent="46" />
      <mem type="loa" free="112601168" total="114831360" percent="98" />
    </mem>
    <remembered-set count="28717" />
  </mem-info>
</gc-end>
<cycle-end id="4798" type="scavenge" contextid="4792" timestamp="2020-09-12T19:29:20.877" />
<allocation-satisfied id="4799" threadId="0000000000843900" bytesRequested="266872" />
<af-end id="4800" timestamp="2020-09-12T19:29:20.877" threadId="0000000000844280" success="true" from="nursery"/>
<exclusive-end id="4801" timestamp="2020-09-12T19:29:20.877" durationms="152.698" />

<exclusive-start id="4802" timestamp="2020-09-12T19:29:22.812" intervalms="2087.328">
  <response-info timems="0.477" idlems="0.303" threads="1" lastid="0000000000A7C200" lastname="Group1.Backend.CompositeBackend{Tier3}.5" />
</exclusive-start>
<af-start id="4803" threadId="0000000000A78F80" totalBytesRequested="24" timestamp="2020-09-12T19:29:22.813" intervalms="2087.451" type="nursery" />
<cycle-start id="4804" type="scavenge" contextid="0" timestamp="2020-09-12T19:29:22.813" intervalms="2087.583" />
<gc-start id="4805" type="scavenge" contextid="4804" timestamp="2020-09-12T19:29:22.813">
  <mem-info id="4806" free="942104600" total="2853371904" percent="33">
    <mem type="nursery" free="0" total="939524096" percent="0">
      <mem type="allocate" free="0" total="771096576" percent="0" />
      <mem type="survivor" free="0" total="168427520" percent="0" />
    </mem>
    <mem type="tenure" free="942104600" total="1913847808" percent="49">
      <mem type="soa" free="829503432" total="1799016448" percent="46" />
      <mem type="loa" free="112601168" total="114831360" percent="98" />
    </mem>
    <remembered-set count="190287" />
  </mem-info>
</gc-start>
<allocation-stats totalBytes="660898544" >
  <allocated-bytes non-tlh="29881320" tlh="631017224" />
  <largest-consumer threadName="Group1.Backend.CompositeBackend{Tier1}.1" threadId="000000000077E000" bytes="97134248" />
</allocation-stats>
<gc-op id="4807" type="scavenge" timems="132.657" contextid="4804" timestamp="2020-09-12T19:29:22.946">
  <scavenger-info tenureage="3" tenuremask="7ff8" tiltratio="82" />
  <memory-copied type="nursery" objects="3905232" bytes="104686704" bytesdiscarded="313792" />
  <memory-copied type="tenure" objects="1002126" bytes="26937936" bytesdiscarded="76128" />
  <ownableSynchronizers candidates="4543" cleared="4290" />
  <references type="soft" candidates="185" cleared="0" enqueued="0" dynamicThreshold="18" maxThreshold="32" />
  <references type="weak" candidates="122" cleared="122" enqueued="0" />
</gc-op>
<gc-end id="4808" type="scavenge" contextid="4804" durationms="133.962" usertimems="938.443" systemtimems="9.419" timestamp="2020-09-12T19:29:22.947" activeThreads="8">
  <mem-info id="4809" free="1590117832" total="2853371904" percent="55">
    <mem type="nursery" free="675182336" total="939524096" percent="71">
      <mem type="allocate" free="675182336" total="780271616" percent="86" />
      <mem type="survivor" free="0" total="159252480" percent="0" />
    </mem>
    <mem type="tenure" free="914935496" total="1913847808" percent="47" macro-fragmented="0">
      <mem type="soa" free="802334328" total="1799016448" percent="44" />
      <mem type="loa" free="112601168" total="114831360" percent="98" />
    </mem>
    <remembered-set count="29346" />
  </mem-info>
</gc-end>
<cycle-end id="4810" type="scavenge" contextid="4804" timestamp="2020-09-12T19:29:22.948" />
<allocation-satisfied id="4811" threadId="0000000000A78600" bytesRequested="24" />
<af-end id="4812" timestamp="2020-09-12T19:29:22.949" threadId="0000000000A78F80" success="true" from="nursery"/>
<exclusive-end id="4813" timestamp="2020-09-12T19:29:22.949" durationms="137.039" />

<exclusive-start id="4814" timestamp="2020-09-12T19:29:24.855" intervalms="2043.049">
  <response-info timems="0.878" idlems="0.878" threads="0" lastid="0000000000842E00" lastname="Group1.Backend.CompositeBackend{Tier1}.7" />
</exclusive-start>
<af-start id="4815" threadId="0000000000843780" totalBytesRequested="16" timestamp="2020-09-12T19:29:24.855" intervalms="2042.934" type="nursery" />
<cycle-start id="4816" type="scavenge" contextid="0" timestamp="2020-09-12T19:29:24.856" intervalms="2043.134" />
<gc-start id="4817" type="scavenge" contextid="4816" timestamp="2020-09-12T19:29:24.856">
  <mem-info id="4818" free="914935496" total="2853371904" percent="32">
    <mem type="nursery" free="0" total="939524096" percent="0">
      <mem type="allocate" free="0" total="780271616" percent="0" />
      <mem type="survivor" free="0" total="159252480" percent="0" />
    </mem>
    <mem type="tenure" free="914935496" total="1913847808" percent="47">
      <mem type="soa" free="802334328" total="1799016448" percent="44" />
      <mem type="loa" free="112601168" total="114831360" percent="98" />
    </mem>
    <remembered-set count="192556" />
  </mem-info>
</gc-start>
<allocation-stats totalBytes="674847736" >
  <allocated-bytes non-tlh="28845160" tlh="646002576" />
  <largest-consumer threadName="Group1.Backend.CompositeBackend{Tier1}.1" threadId="000000000077E000" bytes="124198584" />
</allocation-stats>
<gc-op id="4819" type="scavenge" timems="140.688" contextid="4816" timestamp="2020-09-12T19:29:24.997">
  <scavenger-info tenureage="3" tenuremask="7ff8" tiltratio="83" />
  <memory-copied type="nursery" objects="4013445" bytes="107195640" bytesdiscarded="153640" />
  <memory-copied type="tenure" objects="1027733" bytes="27608976" bytesdiscarded="100216" />
  <ownableSynchronizers candidates="3878" cleared="3622" />
  <references type="soft" candidates="177" cleared="0" enqueued="0" dynamicThreshold="18" maxThreshold="32" />
  <references type="weak" candidates="97" cleared="97" enqueued="0" />
</gc-op>
<gc-end id="4820" type="scavenge" contextid="4816" durationms="142.016" usertimems="1032.865" systemtimems="22.046" timestamp="2020-09-12T19:29:24.998" activeThreads="8">
  <mem-info id="4821" free="1567390048" total="2853371904" percent="54">
    <mem type="nursery" free="680117464" total="939524096" percent="72">
      <mem type="allocate" free="680117464" total="787546112" percent="86" />
      <mem type="survivor" free="0" total="151977984" percent="0" />
    </mem>
    <mem type="tenure" free="887272584" total="1913847808" percent="46" macro-fragmented="0">
      <mem type="soa" free="774671416" total="1799016448" percent="43" />
      <mem type="loa" free="112601168" total="114831360" percent="98" />
    </mem>
    <remembered-set count="29831" />
  </mem-info>
</gc-end>
<cycle-end id="4822" type="scavenge" contextid="4816" timestamp="2020-09-12T19:29:24.999" />
<allocation-satisfied id="4823" threadId="0000000000842E00" bytesRequested="16" />
<af-end id="4824" timestamp="2020-09-12T19:29:24.999" threadId="0000000000843780" success="true" from="nursery"/>
<exclusive-end id="4825" timestamp="2020-09-12T19:29:24.999" durationms="144.689" />

<exclusive-start id="4826" timestamp="2020-09-12T19:29:26.869" intervalms="2014.265">
  <response-info timems="2.211" idlems="2.211" threads="0" lastid="0000000000842E00" lastname="Group1.Backend.CompositeBackend{Tier1}.7" />
</exclusive-start>
<af-start id="4827" threadId="0000000000843780" totalBytesRequested="16" timestamp="2020-09-12T19:29:26.870" intervalms="2014.281" type="nursery" />
<cycle-start id="4828" type="scavenge" contextid="0" timestamp="2020-09-12T19:29:26.870" intervalms="2013.936" />
<gc-start id="4829" type="scavenge" contextid="4828" timestamp="2020-09-12T19:29:26.870">
  <mem-info id="4830" free="887272584" total="2853371904" percent="31">
    <mem type="nursery" free="0" total="939524096" percent="0">
      <mem type="allocate" free="0" total="787546112" percent="0" />
      <mem type="survivor" free="0" total="151977984" percent="0" />
    </mem>
    <mem type="tenure" free="887272584" total="1913847808" percent="46">
      <mem type="soa" free="774671416" total="1799016448" percent="43" />
      <mem type="loa" free="112601168" total="114831360" percent="98" />
    </mem>
    <remembered-set count="190027" />
  </mem-info>
</gc-start>
<allocation-stats totalBytes="679790520" >
  <allocated-bytes non-tlh="37244248" tlh="642546272" />
  <largest-consumer threadName="Group1.Backend.CompositeBackend{Tier1}.1" threadId="000000000077E000" bytes="101780424" />
</allocation-stats>
<gc-op id="4831" type="scavenge" timems="114.763" contextid="4828" timestamp="2020-09-12T19:29:26.985">
  <scavenger-info tenureage="3" tenuremask="7ff8" tiltratio="83" />
  <memory-copied type="nursery" objects="4036937" bytes="108032104" bytesdiscarded="441488" />
  <memory-copied type="tenure" objects="1021165" bytes="27451944" bytesdiscarded="87256" />
  <ownableSynchronizers candidates="4096" cleared="3825" />
  <references type="soft" candidates="198" cleared="0" enqueued="0" dynamicThreshold="18" maxThreshold="32" />
  <references type="weak" candidates="138" cleared="137" enqueued="0" />
</gc-op>
<gc-end id="4832" type="scavenge" contextid="4828" durationms="116.476" usertimems="796.201" systemtimems="24.591" timestamp="2020-09-12T19:29:26.987" activeThreads="8">
  <mem-info id="4833" free="1544365568" total="2853371904" percent="54">
    <mem type="nursery" free="684958968" total="939524096" percent="72">
      <mem type="allocate" free="684958968" total="793509888" percent="86" />
      <mem type="survivor" free="0" total="146014208" percent="0" />
    </mem>
    <mem type="tenure" free="859406600" total="1913847808" percent="44" macro-fragmented="0">
      <mem type="soa" free="746805432" total="1799016448" percent="41" />
      <mem type="loa" free="112601168" total="114831360" percent="98" />
    </mem>
    <remembered-set count="30767" />
  </mem-info>
</gc-end>
<cycle-end id="4834" type="scavenge" contextid="4828" timestamp="2020-09-12T19:29:26.987" />
<allocation-satisfied id="4835" threadId="0000000000842E00" bytesRequested="16" />
<af-end id="4836" timestamp="2020-09-12T19:29:26.987" threadId="0000000000843780" success="true" from="nursery"/>
<exclusive-end id="4837" timestamp="2020-09-12T19:29:26.987" durationms="118.492" />

<exclusive-start id="4838" timestamp="2020-09-12T19:29:29.067" intervalms="2198.372">
  <response-info timems="0.411" idlems="0.411" threads="0" lastid="0000000000842E00" lastname="Group1.Backend.CompositeBackend{Tier1}.7" />
</exclusive-start>
<af-start id="4839" threadId="0000000000843780" totalBytesRequested="32" timestamp="2020-09-12T19:29:29.068" intervalms="2198.414" type="nursery" />
<cycle-start id="4840" type="scavenge" contextid="0" timestamp="2020-09-12T19:29:29.068" intervalms="2198.504" />
<gc-start id="4841" type="scavenge" contextid="4840" timestamp="2020-09-12T19:29:29.069">
  <mem-info id="4842" free="859406600" total="2853371904" percent="30">
    <mem type="nursery" free="0" total="939524096" percent="0">
      <mem type="allocate" free="0" total="793509888" percent="0" />
      <mem type="survivor" free="0" total="146014208" percent="0" />
    </mem>
    <mem type="tenure" free="859406600" total="1913847808" percent="44">
      <mem type="soa" free="746805432" total="1799016448" percent="41" />
      <mem type="loa" free="112601168" total="114831360" percent="98" />
    </mem>
    <remembered-set count="196504" />
  </mem-info>
</gc-start>
<allocation-stats totalBytes="684607344" >
  <allocated-bytes non-tlh="27078136" tlh="657529208" />
  <largest-consumer threadName="Group1.Backend.CompositeBackend{Tier1}.3" threadId="0000000000845300" bytes="98837064" />
</allocation-stats>
<gc-op id="4843" type="scavenge" timems="123.949" contextid="4840" timestamp="2020-09-12T19:29:29.193">
  <scavenger-info tenureage="3" tenuremask="7ff8" tiltratio="84" />
  <memory-copied type="nursery" objects="4062861" bytes="109025760" bytesdiscarded="183216" />
  <memory-copied type="tenure" objects="1054665" bytes="28363960" bytesdiscarded="79784" />
  <ownableSynchronizers candidates="2934" cleared="2682" />
  <references type="soft" candidates="198" cleared="0" enqueued="0" dynamicThreshold="18" maxThreshold="32" />
  <references type="weak" candidates="113" cleared="113" enqueued="0" />
</gc-op>
<gc-end id="4844" type="scavenge" contextid="4840" durationms="125.229" usertimems="960.223" systemtimems="20.809" timestamp="2020-09-12T19:29:29.194" activeThreads="8">
  <mem-info id="4845" free="1520112552" total="2853371904" percent="53">
    <mem type="nursery" free="688800256" total="939524096" percent="73">
      <mem type="allocate" free="688800256" total="798097408" percent="86" />
      <mem type="survivor" free="0" total="141426688" percent="0" />
    </mem>
    <mem type="tenure" free="831312296" total="1913847808" percent="43" macro-fragmented="0">
      <mem type="soa" free="718711128" total="1799016448" percent="39" />
      <mem type="loa" free="112601168" total="114831360" percent="98" />
    </mem>
    <remembered-set count="31728" />
  </mem-info>
</gc-end>
<cycle-end id="4846" type="scavenge" contextid="4840" timestamp="2020-09-12T19:29:29.195" />
<allocation-satisfied id="4847" threadId="0000000000842E00" bytesRequested="32" />
<af-end id="4848" timestamp="2020-09-12T19:29:29.195" threadId="0000000000843780" success="true" from="nursery"/>
<exclusive-end id="4849" timestamp="2020-09-12T19:29:29.195" durationms="127.498" />

<exclusive-start id="4850" timestamp="2020-09-12T19:29:31.101" intervalms="2033.171">
  <response-info timems="0.850" idlems="0.621" threads="1" lastid="0000000000842E00" lastname="Group1.Backend.CompositeBackend{Tier1}.7" />
</exclusive-start>
<af-start id="4851" threadId="0000000000A74E80" totalBytesRequested="16" timestamp="2020-09-12T19:29:31.102" intervalms="2033.502" type="nursery" />
<cycle-start id="4852" type="scavenge" contextid="0" timestamp="2020-09-12T19:29:31.102" intervalms="2033.465" />
<gc-start id="4853" type="scavenge" contextid="4852" timestamp="2020-09-12T19:29:31.102">
  <mem-info id="4854" free="831312296" total="2853371904" percent="29">
    <mem type="nursery" free="0" total="939524096" percent="0">
      <mem type="allocate" free="0" total="798097408" percent="0" />
      <mem type="survivor" free="0" total="141426688" percent="0" />
    </mem>
    <mem type="tenure" free="831312296" total="1913847808" percent="43">
      <mem type="soa" free="718711128" total="1799016448" percent="39" />
      <mem type="loa" free="112601168" total="114831360" percent="98" />
    </mem>
    <remembered-set count="191503" />
  </mem-info>
</gc-start>
<allocation-stats totalBytes="688475824" >
  <allocated-bytes non-tlh="38434992" tlh="650040832" />
  <largest-consumer threadName="Group1.Backend.CompositeBackend{Tier1}.6" threadId="0000000000842200" bytes="88250464" />
</allocation-stats>
<gc-op id="4855" type="scavenge" timems="122.815" contextid="4852" timestamp="2020-09-12T19:29:31.225">
  <scavenger-info tenureage="3" tenuremask="7ff8" tiltratio="84" />
  <memory-copied type="nursery" objects="4151488" bytes="111445536" bytesdiscarded="274560" />
  <memory-copied type="tenure" objects="1083932" bytes="29124800" bytesdiscarded="96488" />
  <ownableSynchronizers candidates="3323" cleared="3086" />
  <references type="soft" candidates="198" cleared="0" enqueued="0" dynamicThreshold="18" maxThreshold="32" />
  <references type="weak" candidates="133" cleared="133" enqueued="0" />
</gc-op>
<gc-end id="4856" type="scavenge" contextid="4852" durationms="123.647" usertimems="895.397" systemtimems="0.000" timestamp="2020-09-12T19:29:31.226" activeThreads="8">
  <mem-info id="4857" free="1491078920" total="2853371904" percent="52">
    <mem type="nursery" free="689046464" total="939524096" percent="73">
      <mem type="allocate" free="689046464" total="800849920" percent="86" />
      <mem type="survivor" free="0" total="138674176" percent="0" />
    </mem>
    <mem type="tenure" free="802032456" total="1913847808" percent="41" macro-fragmented="0">
      <mem type="soa" free="689431288" total="1799016448" percent="38" />
      <mem type="loa" free="112601168" total="114831360" percent="98" />
    </mem>
    <remembered-set count="29587" />
  </mem-info>
</gc-end>
<cycle-end id="4858" type="scavenge" contextid="4852" timestamp="2020-09-12T19:29:31.227" />
<allocation-satisfied id="4859" threadId="0000000000A74500" bytesRequested="16" />
<af-end id="4860" timestamp="2020-09-12T19:29:31.227" threadId="0000000000A74E80" success="true" from="nursery"/>
<exclusive-end id="4861" timestamp="2020-09-12T19:29:31.227" durationms="126.031" />

<exclusive-start id="4862" timestamp="2020-09-12T19:29:33.154" intervalms="2053.567">
  <response-info timems="5.696" idlems="5.696" threads="0" lastid="0000000000780600" lastname="Group1.Backend.CompositeBackend{Tier1}.2" />
</exclusive-start>
<af-start id="4863" threadId="0000000000780F80" totalBytesRequested="16" timestamp="2020-09-12T19:29:33.155" intervalms="2053.161" type="nursery" />
<cycle-start id="4864" type="scavenge" contextid="0" timestamp="2020-09-12T19:29:33.155" intervalms="2053.128" />
<gc-start id="4865" type="scavenge" contextid="4864" timestamp="2020-09-12T19:29:33.155">
  <mem-info id="4866" free="802032456" total="2853371904" percent="28">
    <mem type="nursery" free="0" total="939524096" percent="0">
      <mem type="allocate" free="0" total="800849920" percent="0" />
      <mem type="survivor" free="0" total="138674176" percent="0" />
    </mem>
    <mem type="tenure" free="802032456" total="1913847808" percent="41">
      <mem type="soa" free="689431288" total="1799016448" percent="38" />
      <mem type="loa" free="112601168" total="114831360" percent="98" />
    </mem>
    <remembered-set count="191783" />
  </mem-info>
</gc-start>
<allocation-stats totalBytes="688712008" >
  <allocated-bytes non-tlh="34223000" tlh="654489008" />
  <largest-consumer threadName="Group1.Backend.CompositeBackend{Tier1}.6" threadId="0000000000842200" bytes="113419704" />
</allocation-stats>
<gc-op id="4867" type="scavenge" timems="143.947" contextid="4864" timestamp="2020-09-12T19:29:33.299">
  <scavenger-info tenureage="3" tenuremask="7ff8" tiltratio="85" />
  <memory-copied type="nursery" objects="4080326" bytes="109608096" bytesdiscarded="152120" />
  <memory-copied type="tenure" objects="1058597" bytes="28438392" bytesdiscarded="99144" />
  <ownableSynchronizers candidates="4473" cleared="4225" />
  <references type="soft" candidates="176" cleared="0" enqueued="0" dynamicThreshold="18" maxThreshold="32" />
  <references type="weak" candidates="133" cleared="133" enqueued="0" />
</gc-op>
<gc-end id="4868" type="scavenge" contextid="4864" durationms="145.245" usertimems="1052.758" systemtimems="15.759" timestamp="2020-09-12T19:29:33.300" activeThreads="8">
  <mem-info id="4869" free="1467002376" total="2853371904" percent="51">
    <mem type="nursery" free="693756816" total="939524096" percent="73">
      <mem type="allocate" free="693756816" total="803602432" percent="86" />
      <mem type="survivor" free="0" total="135921664" percent="0" />
    </mem>
    <mem type="tenure" free="773245560" total="1913847808" percent="40" macro-fragmented="0">
      <mem type="soa" free="660644392" total="1799016448" percent="36" />
      <mem type="loa" free="112601168" total="114831360" percent="98" />
    </mem>
    <remembered-set count="29504" />
  </mem-info>
</gc-end>
<cycle-end id="4870" type="scavenge" contextid="4864" timestamp="2020-09-12T19:29:33.302" />
<allocation-satisfied id="4871" threadId="0000000000780600" bytesRequested="16" />
<af-end id="4872" timestamp="2020-09-12T19:29:33.302" threadId="0000000000780F80" success="true" from="nursery"/>
<exclusive-end id="4873" timestamp="2020-09-12T19:29:33.302" durationms="147.773" />

<exclusive-start id="4874" timestamp="2020-09-12T19:29:35.302" intervalms="2147.592">
  <response-info timems="0.519" idlems="0.511" threads="1" lastid="0000000000843900" lastname="Group1.Backend.CompositeBackend{Tier1}.8" />
</exclusive-start>
<af-start id="4875" threadId="000000000077E980" totalBytesRequested="48" timestamp="2020-09-12T19:29:35.302" intervalms="2147.517" type="nursery" />
<cycle-start id="4876" type="scavenge" contextid="0" timestamp="2020-09-12T19:29:35.303" intervalms="2147.510" />
<gc-start id="4877" type="scavenge" contextid="4876" timestamp="2020-09-12T19:29:35.303">
  <mem-info id="4878" free="773245560" total="2853371904" percent="27">
    <mem type="nursery" free="0" total="939524096" percent="0">
      <mem type="allocate" free="0" total="803602432" percent="0" />
      <mem type="survivor" free="0" total="135921664" percent="0" />
    </mem>
    <mem type="tenure" free="773245560" total="1913847808" percent="40">
      <mem type="soa" free="660644392" total="1799016448" percent="36" />
      <mem type="loa" free="112601168" total="114831360" percent="98" />
    </mem>
    <remembered-set count="197152" />
  </mem-info>
</gc-start>
<allocation-stats totalBytes="693409264" >
  <allocated-bytes non-tlh="28066008" tlh="665343256" />
  <largest-consumer threadName="Group1.Backend.CompositeBackend{Tier1}.7" threadId="0000000000842E00" bytes="100411640" />
</allocation-stats>
<gc-op id="4879" type="scavenge" timems="142.681" contextid="4876" timestamp="2020-09-12T19:29:35.446">
  <scavenger-info tenureage="3" tenuremask="7ff8" tiltratio="85" />
  <memory-copied type="nursery" objects="4104250" bytes="110191768" bytesdiscarded="126864" />
  <memory-copied type="tenure" objects="1132490" bytes="30469192" bytesdiscarded="99744" />
  <ownableSynchronizers candidates="4207" cleared="3958" />
  <references type="soft" candidates="184" cleared="0" enqueued="0" dynamicThreshold="18" maxThreshold="32" />
  <references type="weak" candidates="118" cleared="116" enqueued="0" />
</gc-op>
<gc-end id="4880" type="scavenge" contextid="4876" durationms="143.621" usertimems="1000.321" systemtimems="24.610" timestamp="2020-09-12T19:29:35.446" activeThreads="8">
  <mem-info id="4881" free="1438379264" total="2853371904" percent="50">
    <mem type="nursery" free="695550152" total="939524096" percent="74">
      <mem type="allocate" free="695550152" total="805961728" percent="86" />
      <mem type="survivor" free="0" total="133562368" percent="0" />
    </mem>
    <mem type="tenure" free="742829112" total="1913847808" percent="38" macro-fragmented="0">
      <mem type="soa" free="630227944" total="1799016448" percent="35" />
      <mem type="loa" free="112601168" total="114831360" percent="98" />
    </mem>
    <remembered-set count="32208" />
  </mem-info>
</gc-end>
<cycle-end id="4882" type="scavenge" contextid="4876" timestamp="2020-09-12T19:29:35.447" />
<allocation-satisfied id="4883" threadId="000000000077E000" bytesRequested="48" />
<af-end id="4884" timestamp="2020-09-12T19:29:35.448" threadId="000000000077E980" success="true" from="nursery"/>
<exclusive-end id="4885" timestamp="2020-09-12T19:29:35.448" durationms="145.876" />

<exclusive-start id="4886" timestamp="2020-09-12T19:29:37.473" intervalms="2171.060">
  <response-info timems="0.650" idlems="0.650" threads="0" lastid="0000000000841700" lastname="Group1.Backend.CompositeBackend{Tier1}.5" />
</exclusive-start>
<af-start id="4887" threadId="0000000000842080" totalBytesRequested="16" timestamp="2020-09-12T19:29:37.473" intervalms="2171.115" type="nursery" />
<cycle-start id="4888" type="scavenge" contextid="0" timestamp="2020-09-12T19:29:37.474" intervalms="2171.157" />
<gc-start id="4889" type="scavenge" contextid="4888" timestamp="2020-09-12T19:29:37.474">
  <mem-info id="4890" free="742829112" total="2853371904" percent="26">
    <mem type="nursery" free="0" total="939524096" percent="0">
      <mem type="allocate" free="0" total="805961728" percent="0" />
      <mem type="survivor" free="0" total="133562368" percent="0" />
    </mem>
    <mem type="tenure" free="742829112" total="1913847808" percent="38">
      <mem type="soa" free="630227944" total="1799016448" percent="35" />
      <mem type="loa" free="112601168" total="114831360" percent="98" />
    </mem>
    <remembered-set count="196553" />
  </mem-info>
</gc-start>
<allocation-stats totalBytes="695218104" >
  <allocated-bytes non-tlh="32917136" tlh="662300968" />
  <largest-consumer threadName="Group1.Backend.CompositeBackend{Tier1}.2" threadId="0000000000780600" bytes="107725432" />
</allocation-stats>
<gc-op id="4891" type="scavenge" timems="107.609" contextid="4888" timestamp="2020-09-12T19:29:37.582">
  <scavenger-info tenureage="3" tenuremask="7ff8" tiltratio="85" />
  <memory-copied type="nursery" objects="4142903" bytes="111175872" bytesdiscarded="213848" />
  <memory-copied type="tenure" objects="1081420" bytes="29058896" bytesdiscarded="97552" />
  <ownableSynchronizers candidates="4358" cleared="4089" />
  <references type="soft" candidates="188" cleared="0" enqueued="0" dynamicThreshold="18" maxThreshold="32" />
  <references type="weak" candidates="122" cleared="121" enqueued="0" />
</gc-op>
<gc-end id="4892" type="scavenge" contextid="4888" durationms="108.476" usertimems="789.916" systemtimems="2.192" timestamp="2020-09-12T19:29:37.582" activeThreads="8">
  <mem-info id="4893" free="1409772488" total="2853371904" percent="49">
    <mem type="nursery" free="696060800" total="939524096" percent="74">
      <mem type="allocate" free="696060800" total="807534592" percent="86" />
      <mem type="survivor" free="0" total="131989504" percent="0" />
    </mem>
    <mem type="tenure" free="713711688" total="1913847808" percent="37" macro-fragmented="0">
      <mem type="soa" free="601110520" total="1799016448" percent="33" />
      <mem type="loa" free="112601168" total="114831360" percent="98" />
    </mem>
    <remembered-set count="31999" />
  </mem-info>
</gc-end>
<cycle-end id="4894" type="scavenge" contextid="4888" timestamp="2020-09-12T19:29:37.584" />
<allocation-satisfied id="4895" threadId="0000000000841700" bytesRequested="16" />
<af-end id="4896" timestamp="2020-09-12T19:29:37.584" threadId="0000000000842080" success="true" from="nursery"/>
<exclusive-end id="4897" timestamp="2020-09-12T19:29:37.584" durationms="111.004" />

</verbosegc>

