<?xml version="1.0" ?>

<verbosegc xmlns="http://www.ibm.com/j9/verbosegc" version="c1dd04cca_CMPRSS">

!@: MM_VerboseWriterFileLoggingSynchronous::openFile

!@: Before Trigger

<exclusive-start id="6105" timestamp="2020-09-12T19:33:06.061" intervalms="2137.970">
  <response-info timems="0.716" idlems="0.716" threads="0" lastid="0000000000842E00" lastname="Group1.Backend.CompositeBackend{Tier1}.7" />
</exclusive-start>
!@: handleInitialized
<initialized id="6106" timestamp="2020-09-12T19:33:06.062">
  <attribute name="gcPolicy" value="-Xgcpolicy:gencon" />
  <attribute name="maxHeapSize" value="0xe0000000" />
  <attribute name="initialHeapSize" value="0x800000" />
  <attribute name="compressedRefs" value="true" />
  <attribute name="compressedRefsDisplacement" value="0x0" />
  <attribute name="compressedRefsShift" value="0x0" />
  <attribute name="pageSize" value="0x1000" />
  <attribute name="pageType" value="not used" />
  <attribute name="requestedPageSize" value="0x1000" />
  <attribute name="requestedPageType" value="not used" />
  <attribute name="gcthreads" value="8" />
  <attribute name="packetListSplit" value="1" />
  <attribute name="cacheListSplit" value="1" />
  <attribute name="splitFreeListSplitAmount" value="1" />
  <attribute name="numaNodes" value="0" />
  <system>
    <attribute name="physicalMemory" value="16818675712" />
    <attribute name="numCPUs" value="8" />
    <attribute name="architecture" value="amd64" />
    <attribute name="os" value="Linux" />
    <attribute name="osVersion" value="4.15.0-117-generic" />
  </system>
  <vmargs>
    <vmarg name="-Xoptionsfile=/root/code/openj9-openjdk-jdk11/build/linux-x86_64-normal-server-release/jdk/lib/options.default" />
    <vmarg name="-Xlockword:mode=default,noLockword=java/lang/String,noLockword=java/util/MapEntry,noLockword=java/util/HashMap$Entry,noLockword..." />
    <vmarg name="-Xjcl:jclse29" />
    <vmarg name="-Dcom.ibm.oti.vm.bootstrap.library.path=/root/code/openj9-openjdk-jdk11/build/linux-x86_64-normal-server-release/jdk/lib/compre..." />
    <vmarg name="-Dsun.boot.library.path=/root/code/openj9-openjdk-jdk11/build/linux-x86_64-normal-server-release/jdk/lib/compressedrefs:/root/c..." />
    <vmarg name="-Djava.library.path=/root/code/openj9-openjdk-jdk11/build/linux-x86_64-normal-server-release/jdk/lib/compressedrefs:/root/code/..." />
    <vmarg name="-Djava.home=/root/code/openj9-openjdk-jdk11/build/linux-x86_64-normal-server-release/jdk" />
    <vmarg name="-Duser.dir=/root/specjbb2015" />
    <vmarg name="-verbose:gc" />
    <vmarg name="-Xmx3584M" />
    <vmarg name="-Xgc:noConcurrentMark" />
    <vmarg name="-Xtgc:parallel" />
    <vmarg name="-XX:-UseGCStartupHints" />
    <vmarg name="-Xgcpolicy:gencon" />
    <vmarg name="-Xverbosegclog:testOutput,5,100" />
    <vmarg name="-Djava.class.path=/root/specjbb2015/specjbb2015.jar" />
    <vmarg name="-Dsun.java.command=/root/specjbb2015/specjbb2015.jar -m COMPOSITE" />
    <vmarg name="-Dsun.java.launcher=SUN_STANDARD" />
    <vmarg name="-Dsun.java.launcher.pid=23170" />
  </vmargs>
</initialized>

!@: After Trigger

<af-start id="6107" threadId="0000000000843780" totalBytesRequested="1032" timestamp="2020-09-12T19:33:06.062" intervalms="2138.359" type="nursery" />
<cycle-start id="6108" type="scavenge" contextid="0" timestamp="2020-09-12T19:33:06.062" intervalms="2138.347" />
<gc-start id="6109" type="scavenge" contextid="6108" timestamp="2020-09-12T19:33:06.063">
  <mem-info id="6110" free="628812816" total="2853371904" percent="22">
    <mem type="nursery" free="0" total="939524096" percent="0">
      <mem type="allocate" free="0" total="803405824" percent="0" />
      <mem type="survivor" free="0" total="136118272" percent="0" />
    </mem>
    <mem type="tenure" free="628812816" total="1913847808" percent="32">
      <mem type="soa" free="516142984" total="1799016448" percent="28" />
      <mem type="loa" free="112669832" total="114831360" percent="98" />
    </mem>
    <remembered-set count="195444" />
  </mem-info>
</gc-start>
<allocation-stats totalBytes="695774904" >
  <allocated-bytes non-tlh="27932064" tlh="667842840" />
  <largest-consumer threadName="Group1.Backend.CompositeBackend{Tier1}.5" threadId="0000000000841700" bytes="100350200" />
</allocation-stats>
<gc-op id="6111" type="scavenge" timems="97.902" contextid="6108" timestamp="2020-09-12T19:33:06.161">
  <scavenger-info tenureage="3" tenuremask="7ff8" tiltratio="85" />
  <memory-copied type="nursery" objects="4108014" bytes="110423792" bytesdiscarded="192200" />
  <memory-copied type="tenure" objects="1039895" bytes="27948208" bytesdiscarded="113416" />
  <ownableSynchronizers candidates="4682" cleared="4426" />
  <references type="soft" candidates="178" cleared="0" enqueued="0" dynamicThreshold="17" maxThreshold="32" />
  <references type="weak" candidates="123" cleared="123" enqueued="0" />
</gc-op>
<gc-end id="6112" type="scavenge" contextid="6108" durationms="98.769" usertimems="738.815" systemtimems="5.320" timestamp="2020-09-12T19:33:06.161" activeThreads="8">
  <mem-info id="6113" free="1295168816" total="2853371904" percent="45">
    <mem type="nursery" free="694406400" total="939524096" percent="73">
      <mem type="allocate" free="694406400" total="805109760" percent="86" />
      <mem type="survivor" free="0" total="134414336" percent="0" />
    </mem>
    <mem type="tenure" free="600762416" total="1913847808" percent="31" macro-fragmented="0">
      <mem type="soa" free="488092584" total="1799016448" percent="27" />
      <mem type="loa" free="112669832" total="114831360" percent="98" />
    </mem>
    <remembered-set count="29415" />
  </mem-info>
</gc-end>
<cycle-end id="6114" type="scavenge" contextid="6108" timestamp="2020-09-12T19:33:06.162" />
<allocation-satisfied id="6115" threadId="0000000000842E00" bytesRequested="1032" />
<af-end id="6116" timestamp="2020-09-12T19:33:06.162" threadId="0000000000843780" success="true" from="nursery"/>
<exclusive-end id="6117" timestamp="2020-09-12T19:33:06.162" durationms="101.036" />

<exclusive-start id="6118" timestamp="2020-09-12T19:33:08.122" intervalms="2061.150">
  <response-info timems="0.678" idlems="0.678" threads="0" lastid="0000000000842E00" lastname="Group1.Backend.CompositeBackend{Tier1}.7" />
</exclusive-start>
<af-start id="6119" threadId="0000000000843780" totalBytesRequested="24" timestamp="2020-09-12T19:33:08.123" intervalms="2060.744" type="nursery" />
<cycle-start id="6120" type="scavenge" contextid="0" timestamp="2020-09-12T19:33:08.123" intervalms="2060.748" />
<gc-start id="6121" type="scavenge" contextid="6120" timestamp="2020-09-12T19:33:08.123">
  <mem-info id="6122" free="600762416" total="2853371904" percent="21">
    <mem type="nursery" free="0" total="939524096" percent="0">
      <mem type="allocate" free="0" total="805109760" percent="0" />
      <mem type="survivor" free="0" total="134414336" percent="0" />
    </mem>
    <mem type="tenure" free="600762416" total="1913847808" percent="31">
      <mem type="soa" free="488092584" total="1799016448" percent="27" />
      <mem type="loa" free="112669832" total="114831360" percent="98" />
    </mem>
    <remembered-set count="189373" />
  </mem-info>
</gc-start>
<allocation-stats totalBytes="694075216" >
  <allocated-bytes non-tlh="40783696" tlh="653291520" />
  <largest-consumer threadName="Group1.Backend.CompositeBackend{Tier1}.7" threadId="0000000000842E00" bytes="98385264" />
</allocation-stats>
<gc-op id="6123" type="scavenge" timems="130.677" contextid="6120" timestamp="2020-09-12T19:33:08.254">
  <scavenger-info tenureage="3" tenuremask="7ff8" tiltratio="85" />
  <memory-copied type="nursery" objects="4164588" bytes="111820624" bytesdiscarded="212136" />
  <memory-copied type="tenure" objects="1099204" bytes="29696216" bytesdiscarded="126272" />
  <ownableSynchronizers candidates="3274" cleared="3020" />
  <references type="soft" candidates="175" cleared="0" enqueued="0" dynamicThreshold="17" maxThreshold="32" />
  <references type="weak" candidates="132" cleared="132" enqueued="0" />
</gc-op>
<gc-end id="6124" type="scavenge" contextid="6120" durationms="131.578" usertimems="916.906" systemtimems="0.964" timestamp="2020-09-12T19:33:08.255" activeThreads="8">
  <mem-info id="6125" free="1265391120" total="2853371904" percent="44">
    <mem type="nursery" free="694501048" total="939524096" percent="73">
      <mem type="allocate" free="694501048" total="806617088" percent="86" />
      <mem type="survivor" free="0" total="132907008" percent="0" />
    </mem>
    <mem type="tenure" free="570890072" total="1913847808" percent="29" macro-fragmented="0">
      <mem type="soa" free="458220240" total="1799016448" percent="25" />
      <mem type="loa" free="112669832" total="114831360" percent="98" />
    </mem>
    <remembered-set count="31322" />
  </mem-info>
</gc-end>
<cycle-end id="6126" type="scavenge" contextid="6120" timestamp="2020-09-12T19:33:08.256" />
<allocation-satisfied id="6127" threadId="0000000000842E00" bytesRequested="24" />
<af-end id="6128" timestamp="2020-09-12T19:33:08.256" threadId="0000000000843780" success="true" from="nursery"/>
<exclusive-end id="6129" timestamp="2020-09-12T19:33:08.256" durationms="133.414" />

<exclusive-start id="6130" timestamp="2020-09-12T19:33:10.359" intervalms="2237.176">
  <response-info timems="0.752" idlems="0.752" threads="0" lastid="0000000000843900" lastname="Group1.Backend.CompositeBackend{Tier1}.8" />
</exclusive-start>
<af-start id="6131" threadId="0000000000844280" totalBytesRequested="24" timestamp="2020-09-12T19:33:10.360" intervalms="2237.194" type="nursery" />
<cycle-start id="6132" type="scavenge" contextid="0" timestamp="2020-09-12T19:33:10.360" intervalms="2237.353" />
<gc-start id="6133" type="scavenge" contextid="6132" timestamp="2020-09-12T19:33:10.361">
  <mem-info id="6134" free="570890072" total="2853371904" percent="20">
    <mem type="nursery" free="0" total="939524096" percent="0">
      <mem type="allocate" free="0" total="806617088" percent="0" />
      <mem type="survivor" free="0" total="132907008" percent="0" />
    </mem>
    <mem type="tenure" free="570890072" total="1913847808" percent="29">
      <mem type="soa" free="458220240" total="1799016448" percent="25" />
      <mem type="loa" free="112669832" total="114831360" percent="98" />
    </mem>
    <remembered-set count="200894" />
  </mem-info>
</gc-start>
<allocation-stats totalBytes="694146824" >
  <allocated-bytes non-tlh="24163672" tlh="669983152" />
  <largest-consumer threadName="Group1.Backend.CompositeBackend{Tier1}.2" threadId="0000000000780600" bytes="139583792" />
</allocation-stats>
<gc-op id="6135" type="scavenge" timems="97.234" contextid="6132" timestamp="2020-09-12T19:33:10.458">
  <scavenger-info tenureage="3" tenuremask="7ff8" tiltratio="85" />
  <memory-copied type="nursery" objects="4165687" bytes="111730024" bytesdiscarded="159224" />
  <memory-copied type="tenure" objects="1080942" bytes="29068488" bytesdiscarded="142368" />
  <ownableSynchronizers candidates="3947" cleared="3688" />
  <references type="soft" candidates="171" cleared="0" enqueued="0" dynamicThreshold="17" maxThreshold="32" />
  <references type="weak" candidates="101" cleared="101" enqueued="0" />
</gc-op>
<gc-end id="6136" type="scavenge" contextid="6132" durationms="98.079" usertimems="736.289" systemtimems="0.000" timestamp="2020-09-12T19:33:10.459" activeThreads="8">
  <mem-info id="6137" free="1237840392" total="2853371904" percent="43">
    <mem type="nursery" free="696215552" total="939524096" percent="74">
      <mem type="allocate" free="696215552" total="808189952" percent="86" />
      <mem type="survivor" free="0" total="131334144" percent="0" />
    </mem>
    <mem type="tenure" free="541624840" total="1913847808" percent="28" macro-fragmented="0">
      <mem type="soa" free="428955008" total="1799016448" percent="23" />
      <mem type="loa" free="112669832" total="114831360" percent="98" />
    </mem>
    <remembered-set count="33027" />
  </mem-info>
</gc-end>
<cycle-end id="6138" type="scavenge" contextid="6132" timestamp="2020-09-12T19:33:10.460" />
<allocation-satisfied id="6139" threadId="0000000000843900" bytesRequested="24" />
<af-end id="6140" timestamp="2020-09-12T19:33:10.460" threadId="0000000000844280" success="true" from="nursery"/>
<exclusive-end id="6141" timestamp="2020-09-12T19:33:10.460" durationms="100.170" />

<exclusive-start id="6142" timestamp="2020-09-12T19:33:12.379" intervalms="2019.542">
  <response-info timems="1.915" idlems="1.915" threads="0" lastid="0000000000842200" lastname="Group1.Backend.CompositeBackend{Tier1}.6" />
</exclusive-start>
<af-start id="6143" threadId="0000000000842B80" totalBytesRequested="213144" timestamp="2020-09-12T19:33:12.380" intervalms="2019.500" type="nursery" />
<cycle-start id="6144" type="scavenge" contextid="0" timestamp="2020-09-12T19:33:12.380" intervalms="2019.363" />
<gc-start id="6145" type="scavenge" contextid="6144" timestamp="2020-09-12T19:33:12.380">
  <mem-info id="6146" free="541778408" total="2853371904" percent="18">
    <mem type="nursery" free="153568" total="939524096" percent="0">
      <mem type="allocate" free="153568" total="808189952" percent="0" />
      <mem type="survivor" free="0" total="131334144" percent="0" />
    </mem>
    <mem type="tenure" free="541624840" total="1913847808" percent="28">
      <mem type="soa" free="428955008" total="1799016448" percent="23" />
      <mem type="loa" free="112669832" total="114831360" percent="98" />
    </mem>
    <remembered-set count="192819" />
  </mem-info>
</gc-start>
<allocation-stats totalBytes="695728400" >
  <allocated-bytes non-tlh="40060704" tlh="655667696" />
  <largest-consumer threadName="Group1.Backend.CompositeBackend{Tier1}.3" threadId="0000000000845300" bytes="128927480" />
</allocation-stats>
<gc-op id="6147" type="scavenge" timems="117.629" contextid="6144" timestamp="2020-09-12T19:33:12.498">
  <scavenger-info tenureage="3" tenuremask="7ff8" tiltratio="86" />
  <memory-copied type="nursery" objects="4194983" bytes="112246144" bytesdiscarded="192704" />
  <memory-copied type="tenure" objects="1126164" bytes="30293080" bytesdiscarded="143400" />
  <ownableSynchronizers candidates="3539" cleared="3286" />
  <references type="soft" candidates="166" cleared="0" enqueued="0" dynamicThreshold="17" maxThreshold="32" />
  <references type="weak" candidates="118" cleared="118" enqueued="0" />
</gc-op>
<gc-end id="6148" type="scavenge" contextid="6144" durationms="118.527" usertimems="818.733" systemtimems="4.517" timestamp="2020-09-12T19:33:12.499" activeThreads="8">
  <mem-info id="6149" free="1207828592" total="2853371904" percent="42">
    <mem type="nursery" free="696656632" total="939524096" percent="74">
      <mem type="allocate" free="696656632" total="809172992" percent="86" />
      <mem type="survivor" free="0" total="130351104" percent="0" />
    </mem>
    <mem type="tenure" free="511171960" total="1913847808" percent="26" macro-fragmented="0">
      <mem type="soa" free="398502128" total="1799016448" percent="22" />
      <mem type="loa" free="112669832" total="114831360" percent="98" />
    </mem>
    <remembered-set count="32556" />
  </mem-info>
</gc-end>
<cycle-end id="6150" type="scavenge" contextid="6144" timestamp="2020-09-12T19:33:12.499" />
<allocation-satisfied id="6151" threadId="0000000000842200" bytesRequested="213144" />
<af-end id="6152" timestamp="2020-09-12T19:33:12.500" threadId="0000000000842B80" success="true" from="nursery"/>
<exclusive-end id="6153" timestamp="2020-09-12T19:33:12.500" durationms="120.623" />

<exclusive-start id="6154" timestamp="2020-09-12T19:33:14.510" intervalms="2131.411">
  <response-info timems="1.071" idlems="1.071" threads="0" lastid="0000000000842E00" lastname="Group1.Backend.CompositeBackend{Tier1}.7" />
</exclusive-start>
<af-start id="6155" threadId="0000000000843780" totalBytesRequested="48" timestamp="2020-09-12T19:33:14.511" intervalms="2131.485" type="nursery" />
<cycle-start id="6156" type="scavenge" contextid="0" timestamp="2020-09-12T19:33:14.511" intervalms="2131.528" />
<gc-start id="6157" type="scavenge" contextid="6156" timestamp="2020-09-12T19:33:14.512">
  <mem-info id="6158" free="511171960" total="2853371904" percent="17">
    <mem type="nursery" free="0" total="939524096" percent="0">
      <mem type="allocate" free="0" total="809172992" percent="0" />
      <mem type="survivor" free="0" total="130351104" percent="0" />
    </mem>
    <mem type="tenure" free="511171960" total="1913847808" percent="26">
      <mem type="soa" free="398502128" total="1799016448" percent="22" />
      <mem type="loa" free="112669832" total="114831360" percent="98" />
    </mem>
    <remembered-set count="197446" />
  </mem-info>
</gc-start>
<allocation-stats totalBytes="696335456" >
  <allocated-bytes non-tlh="33103040" tlh="663232416" />
  <largest-consumer threadName="Group1.Backend.CompositeBackend{Tier1}.2" threadId="0000000000780600" bytes="107685816" />
</allocation-stats>
<gc-op id="6159" type="scavenge" timems="117.275" contextid="6156" timestamp="2020-09-12T19:33:14.629">
  <scavenger-info tenureage="3" tenuremask="7ff8" tiltratio="86" />
  <memory-copied type="nursery" objects="4361733" bytes="116521384" bytesdiscarded="225736" />
  <memory-copied type="tenure" objects="1035559" bytes="27806824" bytesdiscarded="145464" />
  <ownableSynchronizers candidates="4615" cleared="4360" />
  <references type="soft" candidates="174" cleared="0" enqueued="0" dynamicThreshold="17" maxThreshold="32" />
  <references type="weak" candidates="108" cleared="108" enqueued="0" />
</gc-op>
<gc-end id="6160" type="scavenge" contextid="6156" durationms="118.328" usertimems="826.213" systemtimems="0.128" timestamp="2020-09-12T19:33:14.630" activeThreads="8">
  <mem-info id="6161" free="1171614152" total="2853371904" percent="41">
    <mem type="nursery" free="688343280" total="939524096" percent="73">
      <mem type="allocate" free="688343280" total="805175296" percent="85" />
      <mem type="survivor" free="0" total="134348800" percent="0" />
    </mem>
    <mem type="tenure" free="483270872" total="1913847808" percent="25" macro-fragmented="0">
      <mem type="soa" free="370601040" total="1799016448" percent="20" />
      <mem type="loa" free="112669832" total="114831360" percent="98" />
    </mem>
    <remembered-set count="31293" />
  </mem-info>
</gc-end>
<cycle-end id="6162" type="scavenge" contextid="6156" timestamp="2020-09-12T19:33:14.633" />
<allocation-satisfied id="6163" threadId="0000000000842E00" bytesRequested="48" />
<af-end id="6164" timestamp="2020-09-12T19:33:14.634" threadId="0000000000843780" success="true" from="nursery"/>
<exclusive-end id="6165" timestamp="2020-09-12T19:33:14.634" durationms="123.216" />

<exclusive-start id="6166" timestamp="2020-09-12T19:33:16.640" intervalms="2129.325">
  <response-info timems="0.817" idlems="0.817" threads="0" lastid="0000000000A87A00" lastname="Group1.Backend.CompositeBackend{Tier3}.7" />
</exclusive-start>
<af-start id="6167" threadId="0000000000A88380" totalBytesRequested="16" timestamp="2020-09-12T19:33:16.641" intervalms="2129.349" type="nursery" />
<cycle-start id="6168" type="scavenge" contextid="0" timestamp="2020-09-12T19:33:16.641" intervalms="2129.318" />
<gc-start id="6169" type="scavenge" contextid="6168" timestamp="2020-09-12T19:33:16.641">
  <mem-info id="6170" free="483270872" total="2853371904" percent="16">
    <mem type="nursery" free="0" total="939524096" percent="0">
      <mem type="allocate" free="0" total="805175296" percent="0" />
      <mem type="survivor" free="0" total="134348800" percent="0" />
    </mem>
    <mem type="tenure" free="483270872" total="1913847808" percent="25">
      <mem type="soa" free="370601040" total="1799016448" percent="20" />
      <mem type="loa" free="112669832" total="114831360" percent="98" />
    </mem>
    <remembered-set count="195604" />
  </mem-info>
</gc-start>
<allocation-stats totalBytes="687996344" >
  <allocated-bytes non-tlh="30025680" tlh="657970664" />
  <largest-consumer threadName="Group1.Backend.CompositeBackend{Tier1}.2" threadId="0000000000780600" bytes="117257192" />
</allocation-stats>
<gc-op id="6171" type="scavenge" timems="123.725" contextid="6168" timestamp="2020-09-12T19:33:16.765">
  <scavenger-info tenureage="3" tenuremask="7ff8" tiltratio="85" />
  <memory-copied type="nursery" objects="4430479" bytes="117222432" bytesdiscarded="172688" />
  <memory-copied type="tenure" objects="1169165" bytes="31419288" bytesdiscarded="153432" />
  <ownableSynchronizers candidates="3956" cleared="3690" />
  <references type="soft" candidates="178" cleared="0" enqueued="0" dynamicThreshold="17" maxThreshold="32" />
  <references type="weak" candidates="113" cleared="112" enqueued="0" />
</gc-op>
<gc-end id="6172" type="scavenge" contextid="6168" durationms="124.764" usertimems="893.909" systemtimems="0.000" timestamp="2020-09-12T19:33:16.766" activeThreads="8">
  <mem-info id="6173" free="1141181176" total="2853371904" percent="39">
    <mem type="nursery" free="689464304" total="939524096" percent="73">
      <mem type="allocate" free="689464304" total="806944768" percent="85" />
      <mem type="survivor" free="0" total="132579328" percent="0" />
    </mem>
    <mem type="tenure" free="451716872" total="1913847808" percent="23" macro-fragmented="0">
      <mem type="soa" free="339047040" total="1799016448" percent="18" />
      <mem type="loa" free="112669832" total="114831360" percent="98" />
    </mem>
    <remembered-set count="31030" />
  </mem-info>
</gc-end>
<cycle-end id="6174" type="scavenge" contextid="6168" timestamp="2020-09-12T19:33:16.767" />
<allocation-satisfied id="6175" threadId="0000000000A87A00" bytesRequested="16" />
<af-end id="6176" timestamp="2020-09-12T19:33:16.767" threadId="0000000000A88380" success="true" from="nursery"/>
<exclusive-end id="6177" timestamp="2020-09-12T19:33:16.767" durationms="126.966" />

<exclusive-start id="6178" timestamp="2020-09-12T19:33:18.771" intervalms="2131.136">
  <response-info timems="2.913" idlems="2.913" threads="0" lastid="000000000077E000" lastname="Group1.Backend.CompositeBackend{Tier1}.1" />
</exclusive-start>
<af-start id="6179" threadId="000000000077E980" totalBytesRequested="32" timestamp="2020-09-12T19:33:18.772" intervalms="2131.122" type="nursery" />
<cycle-start id="6180" type="scavenge" contextid="0" timestamp="2020-09-12T19:33:18.772" intervalms="2131.133" />
<gc-start id="6181" type="scavenge" contextid="6180" timestamp="2020-09-12T19:33:18.772">
  <mem-info id="6182" free="451716872" total="2853371904" percent="15">
    <mem type="nursery" free="0" total="939524096" percent="0">
      <mem type="allocate" free="0" total="806944768" percent="0" />
      <mem type="survivor" free="0" total="132579328" percent="0" />
    </mem>
    <mem type="tenure" free="451716872" total="1913847808" percent="23">
      <mem type="soa" free="339047040" total="1799016448" percent="18" />
      <mem type="loa" free="112669832" total="114831360" percent="98" />
    </mem>
    <remembered-set count="195332" />
  </mem-info>
</gc-start>
<allocation-stats totalBytes="689140800" >
  <allocated-bytes non-tlh="32615232" tlh="656525568" />
  <largest-consumer threadName="Group1.Backend.CompositeBackend{Tier1}.1" threadId="000000000077E000" bytes="112467928" />
</allocation-stats>
<gc-op id="6183" type="scavenge" timems="97.150" contextid="6180" timestamp="2020-09-12T19:33:18.869">
  <scavenger-info tenureage="3" tenuremask="7ff8" tiltratio="85" />
  <memory-copied type="nursery" objects="4199817" bytes="112540592" bytesdiscarded="263400" />
  <memory-copied type="tenure" objects="1068072" bytes="28696720" bytesdiscarded="148424" />
  <ownableSynchronizers candidates="4090" cleared="3822" />
  <references type="soft" candidates="181" cleared="0" enqueued="0" dynamicThreshold="17" maxThreshold="32" />
  <references type="weak" candidates="112" cleared="112" enqueued="0" />
</gc-op>
<gc-end id="6184" type="scavenge" contextid="6180" durationms="98.170" usertimems="759.137" systemtimems="0.000" timestamp="2020-09-12T19:33:18.870" activeThreads="8">
  <mem-info id="6185" free="1117239296" total="2853371904" percent="39">
    <mem type="nursery" free="694314488" total="939524096" percent="73">
      <mem type="allocate" free="694314488" total="807206912" percent="86" />
      <mem type="survivor" free="0" total="132317184" percent="0" />
    </mem>
    <mem type="tenure" free="422924808" total="1913847808" percent="22" macro-fragmented="0">
      <mem type="soa" free="310254976" total="1799016448" percent="17" />
      <mem type="loa" free="112669832" total="114831360" percent="98" />
    </mem>
    <remembered-set count="31113" />
  </mem-info>
</gc-end>
<cycle-end id="6186" type="scavenge" contextid="6180" timestamp="2020-09-12T19:33:18.871" />
<allocation-satisfied id="6187" threadId="000000000077E000" bytesRequested="32" />
<af-end id="6188" timestamp="2020-09-12T19:33:18.871" threadId="000000000077E980" success="true" from="nursery"/>
<exclusive-end id="6189" timestamp="2020-09-12T19:33:18.871" durationms="100.304" />

<exclusive-start id="6190" timestamp="2020-09-12T19:33:20.794" intervalms="2023.034">
  <response-info timems="0.306" idlems="0.223" threads="1" lastid="0000000000780600" lastname="Group1.Backend.CompositeBackend{Tier1}.2" />
</exclusive-start>
<af-start id="6191" threadId="0000000000844280" totalBytesRequested="16" timestamp="2020-09-12T19:33:20.795" intervalms="2022.943" type="nursery" />
<cycle-start id="6192" type="scavenge" contextid="0" timestamp="2020-09-12T19:33:20.795" intervalms="2022.886" />
<gc-start id="6193" type="scavenge" contextid="6192" timestamp="2020-09-12T19:33:20.795">
  <mem-info id="6194" free="422924808" total="2853371904" percent="14">
    <mem type="nursery" free="0" total="939524096" percent="0">
      <mem type="allocate" free="0" total="807206912" percent="0" />
      <mem type="survivor" free="0" total="132317184" percent="0" />
    </mem>
    <mem type="tenure" free="422924808" total="1913847808" percent="22">
      <mem type="soa" free="310254976" total="1799016448" percent="17" />
      <mem type="loa" free="112669832" total="114831360" percent="98" />
    </mem>
    <remembered-set count="193965" />
  </mem-info>
</gc-start>
<allocation-stats totalBytes="693994304" >
  <allocated-bytes non-tlh="36925880" tlh="657068424" />
  <largest-consumer threadName="Group1.Backend.CompositeBackend{Tier1}.7" threadId="0000000000842E00" bytes="113227904" />
</allocation-stats>
<gc-op id="6195" type="scavenge" timems="95.021" contextid="6192" timestamp="2020-09-12T19:33:20.890">
  <scavenger-info tenureage="3" tenuremask="7ff8" tiltratio="85" />
  <memory-copied type="nursery" objects="4140051" bytes="110873912" bytesdiscarded="455120" />
  <memory-copied type="tenure" objects="1137137" bytes="30565808" bytesdiscarded="135392" />
  <ownableSynchronizers candidates="3684" cleared="3418" />
  <references type="soft" candidates="173" cleared="0" enqueued="0" dynamicThreshold="17" maxThreshold="32" />
  <references type="weak" candidates="132" cleared="132" enqueued="0" />
</gc-op>
<gc-end id="6196" type="scavenge" contextid="6192" durationms="96.086" usertimems="680.415" systemtimems="0.000" timestamp="2020-09-12T19:33:20.891" activeThreads="8">
  <mem-info id="6197" free="1089223568" total="2853371904" percent="38">
    <mem type="nursery" free="697035264" total="939524096" percent="74">
      <mem type="allocate" free="697035264" total="808452096" percent="86" />
      <mem type="survivor" free="0" total="131072000" percent="0" />
    </mem>
    <mem type="tenure" free="392188304" total="1913847808" percent="20" macro-fragmented="0">
      <mem type="soa" free="279518472" total="1799016448" percent="15" />
      <mem type="loa" free="112669832" total="114831360" percent="98" />
    </mem>
    <remembered-set count="31878" />
  </mem-info>
</gc-end>
<cycle-end id="6198" type="scavenge" contextid="6192" timestamp="2020-09-12T19:33:20.892" />
<allocation-satisfied id="6199" threadId="0000000000843900" bytesRequested="16" />
<af-end id="6200" timestamp="2020-09-12T19:33:20.892" threadId="0000000000844280" success="true" from="nursery"/>
<exclusive-end id="6201" timestamp="2020-09-12T19:33:20.892" durationms="98.263" />

<exclusive-start id="6202" timestamp="2020-09-12T19:33:22.926" intervalms="2132.348">
  <response-info timems="0.507" idlems="0.172" threads="3" lastid="0000000000842E00" lastname="Group1.Backend.CompositeBackend{Tier1}.7" />
</exclusive-start>
<af-start id="6203" threadId="0000000000A7CB80" totalBytesRequested="80" timestamp="2020-09-12T19:33:22.927" intervalms="2132.396" type="nursery" />
<cycle-start id="6204" type="scavenge" contextid="0" timestamp="2020-09-12T19:33:22.927" intervalms="2132.409" />
<gc-start id="6205" type="scavenge" contextid="6204" timestamp="2020-09-12T19:33:22.927">
  <mem-info id="6206" free="392188304" total="2853371904" percent="13">
    <mem type="nursery" free="0" total="939524096" percent="0">
      <mem type="allocate" free="0" total="808452096" percent="0" />
      <mem type="survivor" free="0" total="131072000" percent="0" />
    </mem>
    <mem type="tenure" free="392188304" total="1913847808" percent="20">
      <mem type="soa" free="279518472" total="1799016448" percent="15" />
      <mem type="loa" free="112669832" total="114831360" percent="98" />
    </mem>
    <remembered-set count="196643" />
  </mem-info>
</gc-start>
<allocation-stats totalBytes="696699984" >
  <allocated-bytes non-tlh="32831088" tlh="663868896" />
  <largest-consumer threadName="Group1.Backend.CompositeBackend{Tier1}.8" threadId="0000000000843900" bytes="110375272" />
</allocation-stats>
<gc-op id="6207" type="scavenge" timems="89.331" contextid="6204" timestamp="2020-09-12T19:33:23.017">
  <scavenger-info tenureage="3" tenuremask="7ff8" tiltratio="86" />
  <memory-copied type="nursery" objects="4054106" bytes="108782608" bytesdiscarded="228432" />
  <memory-copied type="tenure" objects="1106293" bytes="29747920" bytesdiscarded="144232" />
  <ownableSynchronizers candidates="3664" cleared="3419" />
  <references type="soft" candidates="171" cleared="0" enqueued="0" dynamicThreshold="17" maxThreshold="32" />
  <references type="weak" candidates="117" cleared="116" enqueued="0" />
</gc-op>
<gc-end id="6208" type="scavenge" contextid="6204" durationms="90.329" usertimems="681.947" systemtimems="0.000" timestamp="2020-09-12T19:33:23.018" activeThreads="8">
  <mem-info id="6209" free="1063088664" total="2853371904" percent="37">
    <mem type="nursery" free="700733952" total="939524096" percent="74">
      <mem type="allocate" free="700733952" total="809828352" percent="86" />
      <mem type="survivor" free="0" total="129695744" percent="0" />
    </mem>
    <mem type="tenure" free="362354712" total="1913847808" percent="18" macro-fragmented="0">
      <mem type="soa" free="249684880" total="1799016448" percent="13" />
      <mem type="loa" free="112669832" total="114831360" percent="98" />
    </mem>
    <remembered-set count="33096" />
  </mem-info>
</gc-end>
<cycle-end id="6210" type="scavenge" contextid="6204" timestamp="2020-09-12T19:33:23.019" />
<allocation-satisfied id="6211" threadId="0000000000A7C200" bytesRequested="80" />
<af-end id="6212" timestamp="2020-09-12T19:33:23.019" threadId="0000000000A7CB80" success="true" from="nursery"/>
<exclusive-end id="6213" timestamp="2020-09-12T19:33:23.019" durationms="92.379" />

<exclusive-start id="6214" timestamp="2020-09-12T19:33:25.033" intervalms="2106.396">
  <response-info timems="0.554" idlems="0.554" threads="0" lastid="0000000000841700" lastname="Group1.Backend.CompositeBackend{Tier1}.5" />
</exclusive-start>
<af-start id="6215" threadId="0000000000842080" totalBytesRequested="24" timestamp="2020-09-12T19:33:25.033" intervalms="2106.432" type="nursery" />
<cycle-start id="6216" type="scavenge" contextid="0" timestamp="2020-09-12T19:33:25.034" intervalms="2106.478" />
<gc-start id="6217" type="scavenge" contextid="6216" timestamp="2020-09-12T19:33:25.034">
  <mem-info id="6218" free="362354712" total="2853371904" percent="12">
    <mem type="nursery" free="0" total="939524096" percent="0">
      <mem type="allocate" free="0" total="809828352" percent="0" />
      <mem type="survivor" free="0" total="129695744" percent="0" />
    </mem>
    <mem type="tenure" free="362354712" total="1913847808" percent="18">
      <mem type="soa" free="249684880" total="1799016448" percent="13" />
      <mem type="loa" free="112669832" total="114831360" percent="98" />
    </mem>
    <remembered-set count="196838" />
  </mem-info>
</gc-start>
<allocation-stats totalBytes="700404992" >
  <allocated-bytes non-tlh="32240528" tlh="668164464" />
  <largest-consumer threadName="Group1.Backend.CompositeBackend{Tier1}.1" threadId="000000000077E000" bytes="113058776" />
</allocation-stats>
<gc-op id="6219" type="scavenge" timems="94.321" contextid="6216" timestamp="2020-09-12T19:33:25.128">
  <scavenger-info tenureage="3" tenuremask="7ff8" tiltratio="86" />
  <memory-copied type="nursery" objects="4068002" bytes="109174392" bytesdiscarded="121120" />
  <memory-copied type="tenure" objects="1103056" bytes="29635384" bytesdiscarded="121488" />
  <ownableSynchronizers candidates="3112" cleared="2884" />
  <references type="soft" candidates="171" cleared="0" enqueued="0" dynamicThreshold="17" maxThreshold="32" />
  <references type="weak" candidates="123" cleared="123" enqueued="0" />
</gc-op>
<gc-end id="6220" type="scavenge" contextid="6216" durationms="95.151" usertimems="667.374" systemtimems="0.000" timestamp="2020-09-12T19:33:25.129" activeThreads="8">
  <mem-info id="6221" free="1034396040" total="2853371904" percent="36">
    <mem type="nursery" free="701823744" total="939524096" percent="74">
      <mem type="allocate" free="701823744" total="811204608" percent="86" />
      <mem type="survivor" free="0" total="128319488" percent="0" />
    </mem>
    <mem type="tenure" free="332572296" total="1913847808" percent="17" macro-fragmented="0">
      <mem type="soa" free="219902464" total="1799016448" percent="12" />
      <mem type="loa" free="112669832" total="114831360" percent="98" />
    </mem>
    <remembered-set count="31895" />
  </mem-info>
</gc-end>
<cycle-end id="6222" type="scavenge" contextid="6216" timestamp="2020-09-12T19:33:25.130" />
<allocation-satisfied id="6223" threadId="0000000000841700" bytesRequested="24" />
<af-end id="6224" timestamp="2020-09-12T19:33:25.130" threadId="0000000000842080" success="true" from="nursery"/>
<exclusive-end id="6225" timestamp="2020-09-12T19:33:25.130" durationms="97.132" />

<exclusive-start id="6226" timestamp="2020-09-12T19:33:27.086" intervalms="2052.973">
  <response-info timems="0.546" idlems="0.546" threads="0" lastid="0000000000842E00" lastname="Group1.Backend.CompositeBackend{Tier1}.7" />
</exclusive-start>
<af-start id="6227" threadId="0000000000843780" totalBytesRequested="120" timestamp="2020-09-12T19:33:27.086" intervalms="2052.864" type="nursery" />
<cycle-start id="6228" type="scavenge" contextid="0" timestamp="2020-09-12T19:33:27.086" intervalms="2052.842" />
<gc-start id="6229" type="scavenge" contextid="6228" timestamp="2020-09-12T19:33:27.087">
  <mem-info id="6230" free="332572296" total="2853371904" percent="11">
    <mem type="nursery" free="0" total="939524096" percent="0">
      <mem type="allocate" free="0" total="811204608" percent="0" />
      <mem type="survivor" free="0" total="128319488" percent="0" />
    </mem>
    <mem type="tenure" free="332572296" total="1913847808" percent="17">
      <mem type="soa" free="219902464" total="1799016448" percent="12" />
      <mem type="loa" free="112669832" total="114831360" percent="98" />
    </mem>
    <remembered-set count="193684" />
  </mem-info>
</gc-start>
<allocation-stats totalBytes="701511216" >
  <allocated-bytes non-tlh="36156824" tlh="665354392" />
  <largest-consumer threadName="Group1.Backend.CompositeBackend{Tier1}.6" threadId="0000000000842200" bytes="97148272" />
</allocation-stats>
<gc-op id="6231" type="scavenge" timems="109.805" contextid="6228" timestamp="2020-09-12T19:33:27.197">
  <scavenger-info tenureage="3" tenuremask="7ff8" tiltratio="86" />
  <memory-copied type="nursery" objects="4155360" bytes="111295936" bytesdiscarded="140840" />
  <memory-copied type="tenure" objects="1079957" bytes="29000120" bytesdiscarded="124488" />
  <ownableSynchronizers candidates="3572" cleared="3352" />
  <references type="soft" candidates="158" cleared="0" enqueued="0" dynamicThreshold="17" maxThreshold="32" />
  <references type="weak" candidates="113" cleared="113" enqueued="0" />
</gc-op>
<gc-end id="6232" type="scavenge" contextid="6228" durationms="110.768" usertimems="785.606" systemtimems="10.059" timestamp="2020-09-12T19:33:27.197" activeThreads="8">
  <mem-info id="6233" free="1003441960" total="2853371904" percent="35">
    <mem type="nursery" free="699945208" total="939524096" percent="74">
      <mem type="allocate" free="699945208" total="811466752" percent="86" />
      <mem type="survivor" free="0" total="128057344" percent="0" />
    </mem>
    <mem type="tenure" free="303496752" total="1913847808" percent="15" macro-fragmented="0">
      <mem type="soa" free="190826920" total="1799016448" percent="10" />
      <mem type="loa" free="112669832" total="114831360" percent="98" />
    </mem>
    <remembered-set count="29728" />
  </mem-info>
</gc-end>
<cycle-end id="6234" type="scavenge" contextid="6228" timestamp="2020-09-12T19:33:27.198" />
<allocation-satisfied id="6235" threadId="0000000000842E00" bytesRequested="120" />
<af-end id="6236" timestamp="2020-09-12T19:33:27.198" threadId="0000000000843780" success="true" from="nursery"/>
<exclusive-end id="6237" timestamp="2020-09-12T19:33:27.198" durationms="112.685" />

<exclusive-start id="6238" timestamp="2020-09-12T19:33:29.317" intervalms="2231.168">
  <response-info timems="0.461" idlems="0.461" threads="0" lastid="0000000000843900" lastname="Group1.Backend.CompositeBackend{Tier1}.8" />
</exclusive-start>
<af-start id="6239" threadId="0000000000844280" totalBytesRequested="24" timestamp="2020-09-12T19:33:29.318" intervalms="2231.397" type="nursery" />
<cycle-start id="6240" type="scavenge" contextid="0" timestamp="2020-09-12T19:33:29.318" intervalms="2231.411" />
<gc-start id="6241" type="scavenge" contextid="6240" timestamp="2020-09-12T19:33:29.318">
  <mem-info id="6242" free="303496752" total="2853371904" percent="10">
    <mem type="nursery" free="0" total="939524096" percent="0">
      <mem type="allocate" free="0" total="811466752" percent="0" />
      <mem type="survivor" free="0" total="128057344" percent="0" />
    </mem>
    <mem type="tenure" free="303496752" total="1913847808" percent="15">
      <mem type="soa" free="190826920" total="1799016448" percent="10" />
      <mem type="loa" free="112669832" total="114831360" percent="98" />
    </mem>
    <remembered-set count="197936" />
  </mem-info>
</gc-start>
<allocation-stats totalBytes="699597344" >
  <allocated-bytes non-tlh="28640312" tlh="670957032" />
  <largest-consumer threadName="Group1.Backend.CompositeBackend{Tier1}.8" threadId="0000000000843900" bytes="100417424" />
</allocation-stats>
<gc-op id="6243" type="scavenge" timems="135.840" contextid="6240" timestamp="2020-09-12T19:33:29.454">
  <scavenger-info tenureage="3" tenuremask="7ff8" tiltratio="86" />
  <memory-copied type="nursery" objects="4164193" bytes="111740152" bytesdiscarded="310648" />
  <memory-copied type="tenure" objects="1085112" bytes="29162528" bytesdiscarded="146520" />
  <ownableSynchronizers candidates="5276" cleared="5028" />
  <references type="soft" candidates="162" cleared="0" enqueued="0" dynamicThreshold="17" maxThreshold="32" />
  <references type="weak" candidates="114" cleared="112" enqueued="0" />
</gc-op>
<gc-end id="6244" type="scavenge" contextid="6240" durationms="136.996" usertimems="984.097" systemtimems="15.443" timestamp="2020-09-12T19:33:29.455" activeThreads="8">
  <mem-info id="6245" free="973959784" total="2853371904" percent="34">
    <mem type="nursery" free="699781376" total="939524096" percent="74">
      <mem type="allocate" free="699781376" total="811925504" percent="86" />
      <mem type="survivor" free="0" total="127598592" percent="0" />
    </mem>
    <mem type="tenure" free="274178408" total="1913847808" percent="14" macro-fragmented="0">
      <mem type="soa" free="161508576" total="1799016448" percent="8" />
      <mem type="loa" free="112669832" total="114831360" percent="98" />
    </mem>
    <remembered-set count="29829" />
  </mem-info>
</gc-end>
<cycle-end id="6246" type="scavenge" contextid="6240" timestamp="2020-09-12T19:33:29.456" />
<allocation-satisfied id="6247" threadId="0000000000843900" bytesRequested="24" />
<af-end id="6248" timestamp="2020-09-12T19:33:29.456" threadId="0000000000844280" success="true" from="nursery"/>
<exclusive-end id="6249" timestamp="2020-09-12T19:33:29.456" durationms="139.411" />

<exclusive-start id="6250" timestamp="2020-09-12T19:33:31.413" intervalms="2096.723">
  <response-info timems="0.628" idlems="0.337" threads="1" lastid="0000000000842200" lastname="Group1.Backend.CompositeBackend{Tier1}.6" />
</exclusive-start>
<af-start id="6251" threadId="0000000000847380" totalBytesRequested="16" timestamp="2020-09-12T19:33:31.414" intervalms="2096.474" type="nursery" />
<cycle-start id="6252" type="scavenge" contextid="0" timestamp="2020-09-12T19:33:31.414" intervalms="2096.460" />
<gc-start id="6253" type="scavenge" contextid="6252" timestamp="2020-09-12T19:33:31.415">
  <mem-info id="6254" free="274178408" total="2853371904" percent="9">
    <mem type="nursery" free="0" total="939524096" percent="0">
      <mem type="allocate" free="0" total="811925504" percent="0" />
      <mem type="survivor" free="0" total="127598592" percent="0" />
    </mem>
    <mem type="tenure" free="274178408" total="1913847808" percent="14">
      <mem type="soa" free="161508576" total="1799016448" percent="8" />
      <mem type="loa" free="112669832" total="114831360" percent="98" />
    </mem>
    <remembered-set count="191766" />
  </mem-info>
</gc-start>
<allocation-stats totalBytes="699449360" >
  <allocated-bytes non-tlh="36964488" tlh="662484872" />
  <largest-consumer threadName="Group1.Backend.CompositeBackend{Tier1}.7" threadId="0000000000842E00" bytes="115609200" />
</allocation-stats>
<gc-op id="6255" type="scavenge" timems="125.242" contextid="6252" timestamp="2020-09-12T19:33:31.540">
  <scavenger-info tenureage="3" tenuremask="7ff8" tiltratio="86" />
  <memory-copied type="nursery" objects="4137589" bytes="110939176" bytesdiscarded="172264" />
  <memory-copied type="tenure" objects="1112242" bytes="29907240" bytesdiscarded="153336" />
  <ownableSynchronizers candidates="4421" cleared="4158" />
  <references type="soft" candidates="172" cleared="0" enqueued="0" dynamicThreshold="17" maxThreshold="32" />
  <references type="weak" candidates="116" cleared="116" enqueued="0" />
</gc-op>
<gc-end id="6256" type="scavenge" contextid="6252" durationms="126.722" usertimems="846.801" systemtimems="4.948" timestamp="2020-09-12T19:33:31.541" activeThreads="8">
  <mem-info id="6257" free="945468912" total="2853371904" percent="33">
    <mem type="nursery" free="701258752" total="939524096" percent="74">
      <mem type="allocate" free="701258752" total="812449792" percent="86" />
      <mem type="survivor" free="0" total="127074304" percent="0" />
    </mem>
    <mem type="tenure" free="244210160" total="1913847808" percent="12" macro-fragmented="0">
      <mem type="soa" free="131540328" total="1799016448" percent="7" />
      <mem type="loa" free="112669832" total="114831360" percent="98" />
    </mem>
    <remembered-set count="30267" />
  </mem-info>
</gc-end>
<cycle-end id="6258" type="scavenge" contextid="6252" timestamp="2020-09-12T19:33:31.542" />
<allocation-satisfied id="6259" threadId="0000000000846A00" bytesRequested="16" />
<af-end id="6260" timestamp="2020-09-12T19:33:31.542" threadId="0000000000847380" success="true" from="nursery"/>
<exclusive-end id="6261" timestamp="2020-09-12T19:33:31.542" durationms="128.969" />

<exclusive-start id="6262" timestamp="2020-09-12T19:33:33.567" intervalms="2153.968">
  <response-info timems="0.918" idlems="0.528" threads="2" lastid="0000000000845300" lastname="Group1.Backend.CompositeBackend{Tier1}.3" />
</exclusive-start>
<af-start id="6263" threadId="0000000000A84780" totalBytesRequested="24" timestamp="2020-09-12T19:33:33.568" intervalms="2154.059" type="nursery" />
<cycle-start id="6264" type="scavenge" contextid="0" timestamp="2020-09-12T19:33:33.568" intervalms="2154.072" />
<gc-start id="6265" type="scavenge" contextid="6264" timestamp="2020-09-12T19:33:33.569">
  <mem-info id="6266" free="244210160" total="2853371904" percent="8">
    <mem type="nursery" free="0" total="939524096" percent="0">
      <mem type="allocate" free="0" total="812449792" percent="0" />
      <mem type="survivor" free="0" total="127074304" percent="0" />
    </mem>
    <mem type="tenure" free="244210160" total="1913847808" percent="12">
      <mem type="soa" free="131540328" total="1799016448" percent="7" />
      <mem type="loa" free="112669832" total="114831360" percent="98" />
    </mem>
    <remembered-set count="196333" />
  </mem-info>
</gc-start>
<allocation-stats totalBytes="700930400" >
  <allocated-bytes non-tlh="28469416" tlh="672460984" />
  <largest-consumer threadName="Group1.Backend.CompositeBackend{Tier1}.7" threadId="0000000000842E00" bytes="95913960" />
</allocation-stats>
<gc-op id="6267" type="scavenge" timems="138.073" contextid="6264" timestamp="2020-09-12T19:33:33.707">
  <scavenger-info tenureage="3" tenuremask="7ff8" tiltratio="86" />
  <memory-copied type="nursery" objects="4622574" bytes="122125416" bytesdiscarded="225584" />
  <memory-copied type="tenure" objects="1058639" bytes="28468800" bytesdiscarded="144424" />
  <ownableSynchronizers candidates="3753" cleared="3485" />
  <references type="soft" candidates="183" cleared="0" enqueued="0" dynamicThreshold="17" maxThreshold="32" />
  <references type="weak" candidates="117" cleared="117" enqueued="0" />
</gc-op>
<gc-end id="6268" type="scavenge" contextid="6264" durationms="139.303" usertimems="1004.452" systemtimems="3.047" timestamp="2020-09-12T19:33:33.708" activeThreads="8">
  <mem-info id="6269" free="887775264" total="2853371904" percent="31">
    <mem type="nursery" free="672185304" total="939524096" percent="71">
      <mem type="allocate" free="672185304" total="794624000" percent="84" />
      <mem type="survivor" free="0" total="144900096" percent="0" />
    </mem>
    <mem type="tenure" free="215589960" total="1913847808" percent="11" macro-fragmented="0">
      <mem type="soa" free="102920128" total="1799016448" percent="5" />
      <mem type="loa" free="112669832" total="114831360" percent="98" />
    </mem>
    <remembered-set count="31051" />
  </mem-info>
</gc-end>
<cycle-end id="6270" type="scavenge" contextid="6264" timestamp="2020-09-12T19:33:33.709" />
<allocation-satisfied id="6271" threadId="0000000000A83E00" bytesRequested="24" />
<af-end id="6272" timestamp="2020-09-12T19:33:33.709" threadId="0000000000A84780" success="true" from="nursery"/>
<exclusive-end id="6273" timestamp="2020-09-12T19:33:33.709" durationms="141.281" />

<exclusive-start id="6274" timestamp="2020-09-12T19:33:35.598" intervalms="2030.670">
  <response-info timems="1.952" idlems="1.265" threads="1" lastid="0000000000842200" lastname="Group1.Backend.CompositeBackend{Tier1}.6" />
</exclusive-start>
<af-start id="6275" threadId="000000000093B280" totalBytesRequested="32" timestamp="2020-09-12T19:33:35.599" intervalms="2030.670" type="nursery" />
<cycle-start id="6276" type="scavenge" contextid="0" timestamp="2020-09-12T19:33:35.600" intervalms="2031.308" />
<gc-start id="6277" type="scavenge" contextid="6276" timestamp="2020-09-12T19:33:35.600">
  <mem-info id="6278" free="215589960" total="2853371904" percent="7">
    <mem type="nursery" free="0" total="939524096" percent="0">
      <mem type="allocate" free="0" total="794624000" percent="0" />
      <mem type="survivor" free="0" total="144900096" percent="0" />
    </mem>
    <mem type="tenure" free="215589960" total="1913847808" percent="11">
      <mem type="soa" free="102920128" total="1799016448" percent="5" />
      <mem type="loa" free="112669832" total="114831360" percent="98" />
    </mem>
    <remembered-set count="190270" />
  </mem-info>
</gc-start>
<allocation-stats totalBytes="671879920" >
  <allocated-bytes non-tlh="33110424" tlh="638769496" />
  <largest-consumer threadName="Group1.Backend.CompositeBackend{Tier1}.1" threadId="000000000077E000" bytes="92608848" />
</allocation-stats>
<gc-op id="6279" type="scavenge" timems="129.238" contextid="6276" timestamp="2020-09-12T19:33:35.729">
  <scavenger-info tenureage="3" tenuremask="7ff8" tiltratio="84" />
  <memory-copied type="nursery" objects="4100654" bytes="110166640" bytesdiscarded="121112" />
  <memory-copied type="tenure" objects="1156260" bytes="31079784" bytesdiscarded="162536" />
  <ownableSynchronizers candidates="4166" cleared="3889" />
  <references type="soft" candidates="172" cleared="0" enqueued="0" dynamicThreshold="17" maxThreshold="32" />
  <references type="weak" candidates="132" cleared="132" enqueued="0" />
</gc-op>
<gc-end id="6280" type="scavenge" contextid="6276" durationms="130.216" usertimems="908.633" systemtimems="10.424" timestamp="2020-09-12T19:33:35.730" activeThreads="8">
  <mem-info id="6281" free="870216680" total="2853371904" percent="30">
    <mem type="nursery" free="685888952" total="939524096" percent="73">
      <mem type="allocate" free="685888952" total="796262400" percent="86" />
      <mem type="survivor" free="0" total="143261696" percent="0" />
    </mem>
    <mem type="tenure" free="184327728" total="1913847808" percent="9" macro-fragmented="0">
      <mem type="soa" free="71657896" total="1799016448" percent="3" />
      <mem type="loa" free="112669832" total="114831360" percent="98" />
    </mem>
    <remembered-set count="28618" />
  </mem-info>
</gc-end>
<cycle-end id="6282" type="scavenge" contextid="6276" timestamp="2020-09-12T19:33:35.731" />
<allocation-satisfied id="6283" threadId="000000000093A900" bytesRequested="32" />
<af-end id="6284" timestamp="2020-09-12T19:33:35.731" threadId="000000000093B280" success="true" from="nursery"/>
<exclusive-end id="6285" timestamp="2020-09-12T19:33:35.731" durationms="132.830" />

<exclusive-start id="6286" timestamp="2020-09-12T19:33:37.694" intervalms="2095.980">
  <response-info timems="3.960" idlems="3.953" threads="1" lastid="0000000000843900" lastname="Group1.Backend.CompositeBackend{Tier1}.8" />
</exclusive-start>
<af-start id="6287" threadId="0000000000845C80" totalBytesRequested="120" timestamp="2020-09-12T19:33:37.695" intervalms="2096.285" type="nursery" />
<cycle-start id="6288" type="scavenge" contextid="0" timestamp="2020-09-12T19:33:37.695" intervalms="2095.785" />
<gc-start id="6289" type="scavenge" contextid="6288" timestamp="2020-09-12T19:33:37.696">
  <mem-info id="6290" free="184327728" total="2853371904" percent="6">
    <mem type="nursery" free="0" total="939524096" percent="0">
      <mem type="allocate" free="0" total="796262400" percent="0" />
      <mem type="survivor" free="0" total="143261696" percent="0" />
    </mem>
    <mem type="tenure" free="184327728" total="1913847808" percent="9">
      <mem type="soa" free="71657896" total="1799016448" percent="3" />
      <mem type="loa" free="112669832" total="114831360" percent="98" />
    </mem>
    <remembered-set count="190795" />
  </mem-info>
</gc-start>
<allocation-stats totalBytes="685544768" >
  <allocated-bytes non-tlh="33455784" tlh="652088984" />
  <largest-consumer threadName="Group1.Backend.CompositeBackend{Tier1}.5" threadId="0000000000841700" bytes="109213944" />
</allocation-stats>
<gc-op id="6291" type="scavenge" timems="190.565" contextid="6288" timestamp="2020-09-12T19:33:37.886">
  <scavenger-info tenureage="3" tenuremask="7ff8" tiltratio="84" />
  <memory-copied type="nursery" objects="4739451" bytes="124862344" bytesdiscarded="235856" />
  <memory-copied type="tenure" objects="1075919" bytes="28917720" bytesdiscarded="60800" />
  <ownableSynchronizers candidates="4843" cleared="4563" />
  <references type="soft" candidates="181" cleared="0" enqueued="0" dynamicThreshold="17" maxThreshold="32" />
  <references type="weak" candidates="109" cleared="107" enqueued="0" />
</gc-op>
<gc-end id="6292" type="scavenge" contextid="6288" durationms="191.829" usertimems="1361.916" systemtimems="40.519" timestamp="2020-09-12T19:33:37.888" activeThreads="8">
  <mem-info id="6293" free="815709192" total="2853371904" percent="28">
    <mem type="nursery" free="660590416" total="939524096" percent="70">
      <mem type="allocate" free="660590416" total="785776640" percent="84" />
      <mem type="survivor" free="0" total="153747456" percent="0" />
    </mem>
    <mem type="tenure" free="155118776" total="1913847808" percent="8" macro-fragmented="0">
      <mem type="soa" free="42448944" total="1799016448" percent="2" />
      <mem type="loa" free="112669832" total="114831360" percent="98" />
    </mem>
    <remembered-set count="27982" />
  </mem-info>
</gc-end>
<cycle-end id="6294" type="scavenge" contextid="6288" timestamp="2020-09-12T19:33:37.890" />
<allocation-satisfied id="6295" threadId="0000000000845300" bytesRequested="120" />
<af-end id="6296" timestamp="2020-09-12T19:33:37.890" threadId="0000000000845C80" success="true" from="nursery"/>
<exclusive-end id="6297" timestamp="2020-09-12T19:33:37.890" durationms="196.027" />

<exclusive-start id="6298" timestamp="2020-09-12T19:33:39.640" intervalms="1945.739">
  <response-info timems="0.306" idlems="0.306" threads="0" lastid="0000000000845300" lastname="Group1.Backend.CompositeBackend{Tier1}.3" />
</exclusive-start>
<af-start id="6299" threadId="0000000000845C80" totalBytesRequested="16" timestamp="2020-09-12T19:33:39.641" intervalms="1945.406" type="nursery" />
<cycle-start id="6300" type="scavenge" contextid="0" timestamp="2020-09-12T19:33:39.641" intervalms="1945.233" />
<gc-start id="6301" type="scavenge" contextid="6300" timestamp="2020-09-12T19:33:39.641">
  <mem-info id="6302" free="155118776" total="2853371904" percent="5">
    <mem type="nursery" free="0" total="939524096" percent="0">
      <mem type="allocate" free="0" total="785776640" percent="0" />
      <mem type="survivor" free="0" total="153747456" percent="0" />
    </mem>
    <mem type="tenure" free="155118776" total="1913847808" percent="8">
      <mem type="soa" free="42448944" total="1799016448" percent="2" />
      <mem type="loa" free="112669832" total="114831360" percent="98" />
    </mem>
    <remembered-set count="185655" />
  </mem-info>
</gc-start>
<allocation-stats totalBytes="660271808" >
  <allocated-bytes non-tlh="36191336" tlh="624080472" />
  <largest-consumer threadName="Group1.Backend.CompositeBackend{Tier1}.8" threadId="0000000000843900" bytes="83507680" />
</allocation-stats>
<gc-op id="6303" type="scavenge" timems="123.513" contextid="6300" timestamp="2020-09-12T19:33:39.765">
  <scavenger-info tenureage="3" tenuremask="7ff8" tiltratio="83" />
  <memory-copied type="nursery" objects="4569412" bytes="119995576" bytesdiscarded="257048" />
  <memory-copied type="tenure" objects="1136357" bytes="30558256" bytesdiscarded="27888" />
  <ownableSynchronizers candidates="3832" cleared="3557" />
  <references type="soft" candidates="166" cleared="0" enqueued="0" dynamicThreshold="17" maxThreshold="32" />
  <references type="weak" candidates="108" cleared="108" enqueued="0" />
</gc-op>
<gc-end id="6304" type="scavenge" contextid="6300" durationms="124.347" usertimems="959.158" systemtimems="0.000" timestamp="2020-09-12T19:33:39.765" activeThreads="8">
  <mem-info id="6305" free="792775664" total="2853371904" percent="27">
    <mem type="nursery" free="668261136" total="939524096" percent="71">
      <mem type="allocate" free="668261136" total="788594688" percent="84" />
      <mem type="survivor" free="0" total="150929408" percent="0" />
    </mem>
    <mem type="tenure" free="124514528" total="1913847808" percent="6" macro-fragmented="0">
      <mem type="soa" free="11844696" total="1799016448" percent="0" />
      <mem type="loa" free="112669832" total="114831360" percent="98" />
    </mem>
    <remembered-set count="28464" />
  </mem-info>
</gc-end>
<cycle-end id="6306" type="scavenge" contextid="6300" timestamp="2020-09-12T19:33:39.766" />
<allocation-satisfied id="6307" threadId="0000000000845300" bytesRequested="16" />
<af-end id="6308" timestamp="2020-09-12T19:33:39.766" threadId="0000000000845C80" success="true" from="nursery"/>
<exclusive-end id="6309" timestamp="2020-09-12T19:33:39.766" durationms="126.208" />

<exclusive-start id="6310" timestamp="2020-09-12T19:33:41.772" intervalms="2131.970">
  <response-info timems="0.572" idlems="0.333" threads="1" lastid="0000000000842E00" lastname="Group1.Backend.CompositeBackend{Tier1}.7" />
</exclusive-start>
<af-start id="6311" threadId="0000000000842B80" totalBytesRequested="16" timestamp="2020-09-12T19:33:41.773" intervalms="2131.941" type="nursery" />
<percolate-collect id="6312" from="nursery" to="global" reason="prevent tenure expand" timestamp="2020-09-12T19:33:41.773"/>
<cycle-start id="6313" type="global" contextid="0" timestamp="2020-09-12T19:33:41.773" intervalms="66264.521" />
<gc-start id="6314" type="global" contextid="6313" timestamp="2020-09-12T19:33:41.773">
  <mem-info id="6315" free="124514528" total="2853371904" percent="4">
    <mem type="nursery" free="0" total="939524096" percent="0">
      <mem type="allocate" free="0" total="788594688" percent="0" />
      <mem type="survivor" free="0" total="150929408" percent="0" />
    </mem>
    <mem type="tenure" free="124514528" total="1913847808" percent="6">
      <mem type="soa" free="11844696" total="1799016448" percent="0" />
      <mem type="loa" free="112669832" total="114831360" percent="98" />
    </mem>
    <remembered-set count="194973" />
  </mem-info>
</gc-start>
<allocation-stats totalBytes="667934008" >
  <allocated-bytes non-tlh="23615216" tlh="644318792" />
  <largest-consumer threadName="Group1.Backend.CompositeBackend{Tier1}.6" threadId="0000000000842200" bytes="109340688" />
</allocation-stats>
<gc-op id="6316" type="mark" timems="659.936" contextid="6313" timestamp="2020-09-12T19:33:42.433">
  <trace-info objectcount="31069105" scancount="30088940" scanbytes="822172252" />
  <finalization candidates="150" enqueued="0" />
  <ownableSynchronizers candidates="594501" cleared="5683" />
  <references type="soft" candidates="723093" cleared="0" enqueued="0" dynamicThreshold="17" maxThreshold="32" />
  <references type="weak" candidates="4397" cleared="108" enqueued="0" />
  <references type="phantom" candidates="106" cleared="0" enqueued="0" />
  <stringconstants candidates="10618" cleared="1"  />
</gc-op>
<gc-op id="6317" type="sweep" timems="18.080" contextid="6313" timestamp="2020-09-12T19:33:42.451" />
<gc-end id="6318" type="global" contextid="6313" durationms="679.350" usertimems="4934.136" systemtimems="18.918" timestamp="2020-09-12T19:33:42.452" activeThreads="8">
  <mem-info id="6319" free="1641657312" total="2853371904" percent="57">
    <mem type="nursery" free="594686552" total="939524096" percent="63">
      <mem type="allocate" free="594686552" total="788594688" percent="75" />
      <mem type="survivor" free="0" total="150929408" percent="0" />
    </mem>
    <mem type="tenure" free="1046970760" total="1913847808" percent="54" micro-fragmented="99451839" macro-fragmented="0">
      <mem type="soa" free="934253032" total="1799016448" percent="51" />
      <mem type="loa" free="112717728" total="114831360" percent="98" />
    </mem>
    <remembered-set count="189474" />
  </mem-info>
</gc-end>
<cycle-end id="6320" type="global" contextid="6313" timestamp="2020-09-12T19:33:42.453" />
<allocation-satisfied id="6321" threadId="0000000000842200" bytesRequested="16" />
<af-end id="6322" timestamp="2020-09-12T19:33:42.453" threadId="0000000000842B80" success="true" from="nursery"/>
<exclusive-end id="6323" timestamp="2020-09-12T19:33:42.453" durationms="681.524" />

<exclusive-start id="6324" timestamp="2020-09-12T19:33:43.531" intervalms="1759.346">
  <response-info timems="3.006" idlems="1.618" threads="1" lastid="0000000000841700" lastname="Group1.Backend.CompositeBackend{Tier1}.5" />
</exclusive-start>
<af-start id="6325" threadId="0000000000A6D680" totalBytesRequested="536" timestamp="2020-09-12T19:33:43.532" intervalms="1759.508" type="nursery" />
<cycle-start id="6326" type="scavenge" contextid="0" timestamp="2020-09-12T19:33:43.532" intervalms="3891.465" />
<gc-start id="6327" type="scavenge" contextid="6326" timestamp="2020-09-12T19:33:43.533">
  <mem-info id="6328" free="1046970712" total="2853371904" percent="36">
    <mem type="nursery" free="0" total="939524096" percent="0">
      <mem type="allocate" free="0" total="788594688" percent="0" />
      <mem type="survivor" free="0" total="150929408" percent="0" />
    </mem>
    <mem type="tenure" free="1046970712" total="1913847808" percent="54">
      <mem type="soa" free="934252984" total="1799016448" percent="51" />
      <mem type="loa" free="112717728" total="114831360" percent="98" />
    </mem>
    <remembered-set count="241835" />
  </mem-info>
</gc-start>
<allocation-stats totalBytes="592358384" >
  <allocated-bytes non-tlh="32707776" tlh="559650608" />
  <largest-consumer threadName="Group1.Backend.CompositeBackend{Tier1}.7" threadId="0000000000842E00" bytes="90949400" />
</allocation-stats>
<gc-op id="6329" type="scavenge" timems="158.566" contextid="6326" timestamp="2020-09-12T19:33:43.691">
  <scavenger-info tenureage="3" tenuremask="7ff8" tiltratio="83" />
  <memory-copied type="nursery" objects="5019522" bytes="134493288" bytesdiscarded="212616" />
  <memory-copied type="tenure" objects="987347" bytes="26568264" bytesdiscarded="25120" />
  <ownableSynchronizers candidates="1179872" cleared="1179550" />
  <references type="soft" candidates="199" cleared="0" enqueued="0" dynamicThreshold="17" maxThreshold="32" />
  <references type="weak" candidates="111" cleared="105" enqueued="0" />
</gc-op>
<gc-end id="6330" type="scavenge" contextid="6326" durationms="159.533" usertimems="1108.279" systemtimems="14.852" timestamp="2020-09-12T19:33:43.692" activeThreads="8">
  <mem-info id="6331" free="1661284048" total="2853371904" percent="58">
    <mem type="nursery" free="640962816" total="939524096" percent="68">
      <mem type="allocate" free="640962816" total="775815168" percent="82" />
      <mem type="survivor" free="0" total="163708928" percent="0" />
    </mem>
    <mem type="tenure" free="1020321232" total="1913847808" percent="53" macro-fragmented="0">
      <mem type="soa" free="907603504" total="1799016448" percent="50" />
      <mem type="loa" free="112717728" total="114831360" percent="98" />
    </mem>
    <remembered-set count="38019" />
  </mem-info>
</gc-end>
<cycle-end id="6332" type="scavenge" contextid="6326" timestamp="2020-09-12T19:33:43.693" />
<allocation-satisfied id="6333" threadId="0000000000A6CD00" bytesRequested="536" />
<af-end id="6334" timestamp="2020-09-12T19:33:43.693" threadId="0000000000A6D680" success="true" from="nursery"/>
<exclusive-end id="6335" timestamp="2020-09-12T19:33:43.693" durationms="161.708" />

<exclusive-start id="6336" timestamp="2020-09-12T19:33:45.495" intervalms="1963.724">
  <response-info timems="0.525" idlems="0.525" threads="0" lastid="0000000000842200" lastname="Group1.Backend.CompositeBackend{Tier1}.6" />
</exclusive-start>
<af-start id="6337" threadId="0000000000842B80" totalBytesRequested="524296" timestamp="2020-09-12T19:33:45.496" intervalms="1963.489" type="nursery" />
<cycle-start id="6338" type="scavenge" contextid="0" timestamp="2020-09-12T19:33:45.496" intervalms="1963.473" />
<gc-start id="6339" type="scavenge" contextid="6338" timestamp="2020-09-12T19:33:45.496">
  <mem-info id="6340" free="1020321232" total="2853371904" percent="35">
    <mem type="nursery" free="0" total="939524096" percent="0">
      <mem type="allocate" free="0" total="775815168" percent="0" />
      <mem type="survivor" free="0" total="163708928" percent="0" />
    </mem>
    <mem type="tenure" free="1020321232" total="1913847808" percent="53">
      <mem type="soa" free="907603504" total="1799016448" percent="50" />
      <mem type="loa" free="112717728" total="114831360" percent="98" />
    </mem>
    <remembered-set count="195300" />
  </mem-info>
</gc-start>
<allocation-stats totalBytes="640638432" >
  <allocated-bytes non-tlh="26682592" tlh="613955840" />
  <largest-consumer threadName="Group1.Backend.CompositeBackend{Tier1}.5" threadId="0000000000841700" bytes="107587528" />
</allocation-stats>
<gc-op id="6341" type="scavenge" timems="124.983" contextid="6338" timestamp="2020-09-12T19:33:45.621">
  <scavenger-info tenureage="3" tenuremask="7ff8" tiltratio="82" />
  <memory-copied type="nursery" objects="5185583" bytes="137757960" bytesdiscarded="189464" />
  <memory-copied type="tenure" objects="1010246" bytes="27144088" bytesdiscarded="143248" />
  <ownableSynchronizers candidates="3528" cleared="3218" />
  <references type="soft" candidates="171" cleared="0" enqueued="0" dynamicThreshold="17" maxThreshold="32" />
  <references type="weak" candidates="123" cleared="123" enqueued="0" />
</gc-op>
<gc-end id="6342" type="scavenge" contextid="6338" durationms="126.227" usertimems="933.547" systemtimems="0.000" timestamp="2020-09-12T19:33:45.622" activeThreads="8">
  <mem-info id="6343" free="1635284472" total="2853371904" percent="57">
    <mem type="nursery" free="642376432" total="939524096" percent="68">
      <mem type="allocate" free="642376432" total="780402688" percent="82" />
      <mem type="survivor" free="0" total="159121408" percent="0" />
    </mem>
    <mem type="tenure" free="992908040" total="1913847808" percent="51" macro-fragmented="0">
      <mem type="soa" free="880190312" total="1799016448" percent="48" />
      <mem type="loa" free="112717728" total="114831360" percent="98" />
    </mem>
    <remembered-set count="36526" />
  </mem-info>
</gc-end>
<cycle-end id="6344" type="scavenge" contextid="6338" timestamp="2020-09-12T19:33:45.623" />
<allocation-satisfied id="6345" threadId="0000000000842200" bytesRequested="524296" />
<af-end id="6346" timestamp="2020-09-12T19:33:45.623" threadId="0000000000842B80" success="true" from="nursery"/>
<exclusive-end id="6347" timestamp="2020-09-12T19:33:45.623" durationms="128.484" />

<exclusive-start id="6348" timestamp="2020-09-12T19:33:47.422" intervalms="1926.993">
  <response-info timems="0.525" idlems="0.525" threads="0" lastid="0000000000842200" lastname="Group1.Backend.CompositeBackend{Tier1}.6" />
</exclusive-start>
<af-start id="6349" threadId="0000000000842B80" totalBytesRequested="16" timestamp="2020-09-12T19:33:47.422" intervalms="1926.946" type="nursery" />
<cycle-start id="6350" type="scavenge" contextid="0" timestamp="2020-09-12T19:33:47.423" intervalms="1926.947" />
<gc-start id="6351" type="scavenge" contextid="6350" timestamp="2020-09-12T19:33:47.423">
  <mem-info id="6352" free="992908040" total="2853371904" percent="34">
    <mem type="nursery" free="0" total="939524096" percent="0">
      <mem type="allocate" free="0" total="780402688" percent="0" />
      <mem type="survivor" free="0" total="159121408" percent="0" />
    </mem>
    <mem type="tenure" free="992908040" total="1913847808" percent="51">
      <mem type="soa" free="880190312" total="1799016448" percent="48" />
      <mem type="loa" free="112717728" total="114831360" percent="98" />
    </mem>
    <remembered-set count="190969" />
  </mem-info>
</gc-start>
<allocation-stats totalBytes="642072248" >
  <allocated-bytes non-tlh="35564736" tlh="606507512" />
  <largest-consumer threadName="Group1.Backend.CompositeBackend{Tier1}.7" threadId="0000000000842E00" bytes="82799392" />
</allocation-stats>
<gc-op id="6353" type="scavenge" timems="118.734" contextid="6350" timestamp="2020-09-12T19:33:47.542">
  <scavenger-info tenureage="3" tenuremask="7ff8" tiltratio="83" />
  <memory-copied type="nursery" objects="4908506" bytes="131683936" bytesdiscarded="182800" />
  <memory-copied type="tenure" objects="941630" bytes="25280288" bytesdiscarded="79520" />
  <ownableSynchronizers candidates="3295" cleared="3018" />
  <references type="soft" candidates="171" cleared="0" enqueued="0" dynamicThreshold="17" maxThreshold="32" />
  <references type="weak" candidates="119" cleared="118" enqueued="0" />
</gc-op>
<gc-end id="6354" type="scavenge" contextid="6350" durationms="119.749" usertimems="863.895" systemtimems="0.721" timestamp="2020-09-12T19:33:47.542" activeThreads="8">
  <mem-info id="6355" free="1617116080" total="2853371904" percent="56">
    <mem type="nursery" free="649444864" total="939524096" percent="69">
      <mem type="allocate" free="649444864" total="781385728" percent="83" />
      <mem type="survivor" free="0" total="158138368" percent="0" />
    </mem>
    <mem type="tenure" free="967671216" total="1913847808" percent="50" macro-fragmented="0">
      <mem type="soa" free="854953488" total="1799016448" percent="47" />
      <mem type="loa" free="112717728" total="114831360" percent="98" />
    </mem>
    <remembered-set count="34362" />
  </mem-info>
</gc-end>
<cycle-end id="6356" type="scavenge" contextid="6350" timestamp="2020-09-12T19:33:47.543" />
<allocation-satisfied id="6357" threadId="0000000000842200" bytesRequested="16" />
<af-end id="6358" timestamp="2020-09-12T19:33:47.543" threadId="0000000000842B80" success="true" from="nursery"/>
<exclusive-end id="6359" timestamp="2020-09-12T19:33:47.544" durationms="121.874" />

<exclusive-start id="6360" timestamp="2020-09-12T19:33:49.457" intervalms="2034.816">
  <response-info timems="0.327" idlems="0.327" threads="0" lastid="0000000000780600" lastname="Group1.Backend.CompositeBackend{Tier1}.2" />
</exclusive-start>
<af-start id="6361" threadId="0000000000780F80" totalBytesRequested="24" timestamp="2020-09-12T19:33:49.457" intervalms="2034.877" type="nursery" />
<cycle-start id="6362" type="scavenge" contextid="0" timestamp="2020-09-12T19:33:49.457" intervalms="2034.878" />
<gc-start id="6363" type="scavenge" contextid="6362" timestamp="2020-09-12T19:33:49.458">
  <mem-info id="6364" free="967671216" total="2853371904" percent="33">
    <mem type="nursery" free="0" total="939524096" percent="0">
      <mem type="allocate" free="0" total="781385728" percent="0" />
      <mem type="survivor" free="0" total="158138368" percent="0" />
    </mem>
    <mem type="tenure" free="967671216" total="1913847808" percent="50">
      <mem type="soa" free="854953488" total="1799016448" percent="47" />
      <mem type="loa" free="112717728" total="114831360" percent="98" />
    </mem>
    <remembered-set count="193764" />
  </mem-info>
</gc-start>
<allocation-stats totalBytes="649143848" >
  <allocated-bytes non-tlh="26245392" tlh="622898456" />
  <largest-consumer threadName="Group1.Backend.CompositeBackend{Tier1}.2" threadId="0000000000780600" bytes="98080688" />
</allocation-stats>
<gc-op id="6365" type="scavenge" timems="113.175" contextid="6362" timestamp="2020-09-12T19:33:49.571">
  <scavenger-info tenureage="3" tenuremask="7ff8" tiltratio="83" />
  <memory-copied type="nursery" objects="4000499" bytes="106634400" bytesdiscarded="193296" />
  <memory-copied type="tenure" objects="2015373" bytes="54177128" bytesdiscarded="112696" />
  <ownableSynchronizers candidates="4434" cleared="4156" />
  <references type="soft" candidates="147" cleared="0" enqueued="0" dynamicThreshold="17" maxThreshold="32" />
  <references type="weak" candidates="112" cleared="112" enqueued="0" />
</gc-op>
<gc-end id="6366" type="scavenge" contextid="6362" durationms="114.106" usertimems="797.858" systemtimems="0.588" timestamp="2020-09-12T19:33:49.572" activeThreads="8">
  <mem-info id="6367" free="1589832272" total="2853371904" percent="55">
    <mem type="nursery" free="676575480" total="939524096" percent="72">
      <mem type="allocate" free="676575480" total="783482880" percent="86" />
      <mem type="survivor" free="0" total="156041216" percent="0" />
    </mem>
    <mem type="tenure" free="913256792" total="1913847808" percent="47" macro-fragmented="0">
      <mem type="soa" free="800539064" total="1799016448" percent="44" />
      <mem type="loa" free="112717728" total="114831360" percent="98" />
    </mem>
    <remembered-set count="26284" />
  </mem-info>
</gc-end>
<cycle-end id="6368" type="scavenge" contextid="6362" timestamp="2020-09-12T19:33:49.573" />
<allocation-satisfied id="6369" threadId="0000000000780600" bytesRequested="24" />
<af-end id="6370" timestamp="2020-09-12T19:33:49.573" threadId="0000000000780F80" success="true" from="nursery"/>
<exclusive-end id="6371" timestamp="2020-09-12T19:33:49.573" durationms="116.050" />

<exclusive-start id="6372" timestamp="2020-09-12T19:33:51.433" intervalms="1975.881">
  <response-info timems="3.434" idlems="3.427" threads="1" lastid="0000000000842E00" lastname="Group1.Backend.CompositeBackend{Tier1}.7" />
</exclusive-start>
<af-start id="6373" threadId="0000000000847380" totalBytesRequested="32" timestamp="2020-09-12T19:33:51.433" intervalms="1975.933" type="nursery" />
<cycle-start id="6374" type="scavenge" contextid="0" timestamp="2020-09-12T19:33:51.433" intervalms="1975.940" />
<gc-start id="6375" type="scavenge" contextid="6374" timestamp="2020-09-12T19:33:51.434">
  <mem-info id="6376" free="913256792" total="2853371904" percent="32">
    <mem type="nursery" free="0" total="939524096" percent="0">
      <mem type="allocate" free="0" total="783482880" percent="0" />
      <mem type="survivor" free="0" total="156041216" percent="0" />
    </mem>
    <mem type="tenure" free="913256792" total="1913847808" percent="47">
      <mem type="soa" free="800539064" total="1799016448" percent="44" />
      <mem type="loa" free="112717728" total="114831360" percent="98" />
    </mem>
    <remembered-set count="186892" />
  </mem-info>
</gc-start>
<allocation-stats totalBytes="676262448" >
  <allocated-bytes non-tlh="35440112" tlh="640822336" />
  <largest-consumer threadName="Group1.Backend.CompositeBackend{Tier1}.6" threadId="0000000000842200" bytes="95865336" />
</allocation-stats>
<gc-op id="6377" type="scavenge" timems="108.216" contextid="6374" timestamp="2020-09-12T19:33:51.542">
  <scavenger-info tenureage="3" tenuremask="7ff8" tiltratio="83" />
  <memory-copied type="nursery" objects="4003162" bytes="106689808" bytesdiscarded="145480" />
  <memory-copied type="tenure" objects="1060067" bytes="28496784" bytesdiscarded="118328" />
  <ownableSynchronizers candidates="2980" cleared="2752" />
  <references type="soft" candidates="161" cleared="0" enqueued="0" dynamicThreshold="17" maxThreshold="32" />
  <references type="weak" candidates="108" cleared="108" enqueued="0" />
</gc-op>
<gc-end id="6378" type="scavenge" contextid="6374" durationms="109.070" usertimems="762.707" systemtimems="0.000" timestamp="2020-09-12T19:33:51.543" activeThreads="8">
  <mem-info id="6379" free="1568519352" total="2853371904" percent="54">
    <mem type="nursery" free="683844600" total="939524096" percent="72">
      <mem type="allocate" free="683844600" total="790757376" percent="86" />
      <mem type="survivor" free="0" total="148766720" percent="0" />
    </mem>
    <mem type="tenure" free="884674752" total="1913847808" percent="46" macro-fragmented="0">
      <mem type="soa" free="771957024" total="1799016448" percent="42" />
      <mem type="loa" free="112717728" total="114831360" percent="98" />
    </mem>
    <remembered-set count="27782" />
  </mem-info>
</gc-end>
<cycle-end id="6380" type="scavenge" contextid="6374" timestamp="2020-09-12T19:33:51.544" />
<allocation-satisfied id="6381" threadId="0000000000846A00" bytesRequested="32" />
<af-end id="6382" timestamp="2020-09-12T19:33:51.544" threadId="0000000000847380" success="true" from="nursery"/>
<exclusive-end id="6383" timestamp="2020-09-12T19:33:51.544" durationms="111.743" />

<exclusive-start id="6384" timestamp="2020-09-12T19:33:53.526" intervalms="2093.256">
  <response-info timems="5.194" idlems="5.194" threads="0" lastid="0000000000A87A00" lastname="Group1.Backend.CompositeBackend{Tier3}.7" />
</exclusive-start>
<af-start id="6385" threadId="0000000000A88380" totalBytesRequested="32" timestamp="2020-09-12T19:33:53.527" intervalms="2093.422" type="nursery" />
<cycle-start id="6386" type="scavenge" contextid="0" timestamp="2020-09-12T19:33:53.527" intervalms="2093.473" />
<gc-start id="6387" type="scavenge" contextid="6386" timestamp="2020-09-12T19:33:53.527">
  <mem-info id="6388" free="884674752" total="2853371904" percent="31">
    <mem type="nursery" free="0" total="939524096" percent="0">
      <mem type="allocate" free="0" total="790757376" percent="0" />
      <mem type="survivor" free="0" total="148766720" percent="0" />
    </mem>
    <mem type="tenure" free="884674752" total="1913847808" percent="46">
      <mem type="soa" free="771957024" total="1799016448" percent="42" />
      <mem type="loa" free="112717728" total="114831360" percent="98" />
    </mem>
    <remembered-set count="192063" />
  </mem-info>
</gc-start>
<allocation-stats totalBytes="683499872" >
  <allocated-bytes non-tlh="30379768" tlh="653120104" />
  <largest-consumer threadName="Group1.Backend.CompositeBackend{Tier1}.4" threadId="0000000000846A00" bytes="92065520" />
</allocation-stats>
<gc-op id="6389" type="scavenge" timems="124.147" contextid="6386" timestamp="2020-09-12T19:33:53.651">
  <scavenger-info tenureage="3" tenuremask="7ff8" tiltratio="84" />
  <memory-copied type="nursery" objects="4240950" bytes="112561680" bytesdiscarded="219264" />
  <memory-copied type="tenure" objects="989564" bytes="26608192" bytesdiscarded="111848" />
  <ownableSynchronizers candidates="4333" cleared="4089" />
  <references type="soft" candidates="180" cleared="0" enqueued="0" dynamicThreshold="17" maxThreshold="32" />
  <references type="weak" candidates="118" cleared="117" enqueued="0" />
</gc-op>
<gc-end id="6390" type="scavenge" contextid="6386" durationms="125.057" usertimems="931.134" systemtimems="0.000" timestamp="2020-09-12T19:33:53.652" activeThreads="8">
  <mem-info id="6391" free="1538910056" total="2853371904" percent="53">
    <mem type="nursery" free="681104088" total="939524096" percent="72">
      <mem type="allocate" free="681104088" total="793968640" percent="85" />
      <mem type="survivor" free="0" total="145555456" percent="0" />
    </mem>
    <mem type="tenure" free="857805968" total="1913847808" percent="44" macro-fragmented="0">
      <mem type="soa" free="745088240" total="1799016448" percent="41" />
      <mem type="loa" free="112717728" total="114831360" percent="98" />
    </mem>
    <remembered-set count="29997" />
  </mem-info>
</gc-end>
<cycle-end id="6392" type="scavenge" contextid="6386" timestamp="2020-09-12T19:33:53.653" />
<allocation-satisfied id="6393" threadId="0000000000A87A00" bytesRequested="32" />
<af-end id="6394" timestamp="2020-09-12T19:33:53.653" threadId="0000000000A88380" success="true" from="nursery"/>
<exclusive-end id="6395" timestamp="2020-09-12T19:33:53.653" durationms="127.488" />

<exclusive-start id="6396" timestamp="2020-09-12T19:33:55.593" intervalms="2067.480">
  <response-info timems="0.437" idlems="0.437" threads="0" lastid="0000000000843900" lastname="Group1.Backend.CompositeBackend{Tier1}.8" />
</exclusive-start>
<af-start id="6397" threadId="0000000000844280" totalBytesRequested="262152" timestamp="2020-09-12T19:33:55.594" intervalms="2067.304" type="nursery" />
<cycle-start id="6398" type="scavenge" contextid="0" timestamp="2020-09-12T19:33:55.594" intervalms="2067.234" />
<gc-start id="6399" type="scavenge" contextid="6398" timestamp="2020-09-12T19:33:55.594">
  <mem-info id="6400" free="857805968" total="2853371904" percent="30">
    <mem type="nursery" free="0" total="939524096" percent="0">
      <mem type="allocate" free="0" total="793968640" percent="0" />
      <mem type="survivor" free="0" total="145555456" percent="0" />
    </mem>
    <mem type="tenure" free="857805968" total="1913847808" percent="44">
      <mem type="soa" free="745088240" total="1799016448" percent="41" />
      <mem type="loa" free="112717728" total="114831360" percent="98" />
    </mem>
    <remembered-set count="192886" />
  </mem-info>
</gc-start>
<allocation-stats totalBytes="680779152" >
  <allocated-bytes non-tlh="34289528" tlh="646489624" />
  <largest-consumer threadName="Group1.Backend.CompositeBackend{Tier1}.6" threadId="0000000000842200" bytes="95472696" />
</allocation-stats>
<gc-op id="6401" type="scavenge" timems="109.362" contextid="6398" timestamp="2020-09-12T19:33:55.704">
  <scavenger-info tenureage="3" tenuremask="7ff8" tiltratio="84" />
  <memory-copied type="nursery" objects="4328138" bytes="114682408" bytesdiscarded="175112" />
  <memory-copied type="tenure" objects="1056959" bytes="28437168" bytesdiscarded="120912" />
  <ownableSynchronizers candidates="3939" cleared="3688" />
  <references type="soft" candidates="161" cleared="0" enqueued="0" dynamicThreshold="17" maxThreshold="32" />
  <references type="weak" candidates="113" cleared="113" enqueued="0" />
</gc-op>
<gc-end id="6402" type="scavenge" contextid="6398" durationms="110.243" usertimems="785.709" systemtimems="0.000" timestamp="2020-09-12T19:33:55.705" activeThreads="8">
  <mem-info id="6403" free="1511137528" total="2853371904" percent="52">
    <mem type="nursery" free="681976440" total="939524096" percent="72">
      <mem type="allocate" free="681976440" total="796917760" percent="85" />
      <mem type="survivor" free="0" total="142606336" percent="0" />
    </mem>
    <mem type="tenure" free="829161088" total="1913847808" percent="43" macro-fragmented="0">
      <mem type="soa" free="716443360" total="1799016448" percent="39" />
      <mem type="loa" free="112717728" total="114831360" percent="98" />
    </mem>
    <remembered-set count="32447" />
  </mem-info>
</gc-end>
<cycle-end id="6404" type="scavenge" contextid="6398" timestamp="2020-09-12T19:33:55.705" />
<allocation-satisfied id="6405" threadId="0000000000843900" bytesRequested="262152" />
<af-end id="6406" timestamp="2020-09-12T19:33:55.705" threadId="0000000000844280" success="true" from="nursery"/>
<exclusive-end id="6407" timestamp="2020-09-12T19:33:55.705" durationms="112.095" />

<exclusive-start id="6408" timestamp="2020-09-12T19:33:57.683" intervalms="2089.436">
  <response-info timems="0.560" idlems="0.401" threads="1" lastid="0000000000842E00" lastname="Group1.Backend.CompositeBackend{Tier1}.7" />
</exclusive-start>
<af-start id="6409" threadId="0000000000A7CB80" totalBytesRequested="16" timestamp="2020-09-12T19:33:57.683" intervalms="2089.497" type="nursery" />
<cycle-start id="6410" type="scavenge" contextid="0" timestamp="2020-09-12T19:33:57.684" intervalms="2089.504" />
<gc-start id="6411" type="scavenge" contextid="6410" timestamp="2020-09-12T19:33:57.684">
  <mem-info id="6412" free="829161088" total="2853371904" percent="29">
    <mem type="nursery" free="0" total="939524096" percent="0">
      <mem type="allocate" free="0" total="796917760" percent="0" />
      <mem type="survivor" free="0" total="142606336" percent="0" />
    </mem>
    <mem type="tenure" free="829161088" total="1913847808" percent="43">
      <mem type="soa" free="716443360" total="1799016448" percent="39" />
      <mem type="loa" free="112717728" total="114831360" percent="98" />
    </mem>
    <remembered-set count="195792" />
  </mem-info>
</gc-start>
<allocation-stats totalBytes="681652504" >
  <allocated-bytes non-tlh="32481416" tlh="649171088" />
  <largest-consumer threadName="Group1.Backend.CompositeBackend{Tier1}.1" threadId="000000000077E000" bytes="111814160" />
</allocation-stats>
<gc-op id="6413" type="scavenge" timems="97.348" contextid="6410" timestamp="2020-09-12T19:33:57.781">
  <scavenger-info tenureage="3" tenuremask="7ff8" tiltratio="84" />
  <memory-copied type="nursery" objects="4099052" bytes="109817448" bytesdiscarded="329568" />
  <memory-copied type="tenure" objects="1056186" bytes="28370160" bytesdiscarded="99264" />
  <ownableSynchronizers candidates="4132" cleared="3887" />
  <references type="soft" candidates="149" cleared="0" enqueued="0" dynamicThreshold="17" maxThreshold="32" />
  <references type="weak" candidates="129" cleared="128" enqueued="0" />
</gc-op>
<gc-end id="6414" type="scavenge" contextid="6410" durationms="98.314" usertimems="690.172" systemtimems="0.000" timestamp="2020-09-12T19:33:57.782" activeThreads="8">
  <mem-info id="6415" free="1490121912" total="2853371904" percent="52">
    <mem type="nursery" free="689503208" total="939524096" percent="73">
      <mem type="allocate" free="689503208" total="799735808" percent="86" />
      <mem type="survivor" free="0" total="139788288" percent="0" />
    </mem>
    <mem type="tenure" free="800618704" total="1913847808" percent="41" macro-fragmented="0">
      <mem type="soa" free="687900976" total="1799016448" percent="38" />
      <mem type="loa" free="112717728" total="114831360" percent="98" />
    </mem>
    <remembered-set count="33535" />
  </mem-info>
</gc-end>
<cycle-end id="6416" type="scavenge" contextid="6410" timestamp="2020-09-12T19:33:57.783" />
<allocation-satisfied id="6417" threadId="0000000000A7C200" bytesRequested="16" />
<af-end id="6418" timestamp="2020-09-12T19:33:57.783" threadId="0000000000A7CB80" success="true" from="nursery"/>
<exclusive-end id="6419" timestamp="2020-09-12T19:33:57.783" durationms="100.269" />

<exclusive-start id="6420" timestamp="2020-09-12T19:33:59.782" intervalms="2099.356">
  <response-info timems="0.861" idlems="0.434" threads="1" lastid="0000000000843900" lastname="Group1.Backend.CompositeBackend{Tier1}.8" />
</exclusive-start>
<af-start id="6421" threadId="0000000000847380" totalBytesRequested="16" timestamp="2020-09-12T19:33:59.783" intervalms="2099.415" type="nursery" />
<cycle-start id="6422" type="scavenge" contextid="0" timestamp="2020-09-12T19:33:59.783" intervalms="2099.425" />
<gc-start id="6423" type="scavenge" contextid="6422" timestamp="2020-09-12T19:33:59.783">
  <mem-info id="6424" free="800618704" total="2853371904" percent="28">
    <mem type="nursery" free="0" total="939524096" percent="0">
      <mem type="allocate" free="0" total="799735808" percent="0" />
      <mem type="survivor" free="0" total="139788288" percent="0" />
    </mem>
    <mem type="tenure" free="800618704" total="1913847808" percent="41">
      <mem type="soa" free="687900976" total="1799016448" percent="38" />
      <mem type="loa" free="112717728" total="114831360" percent="98" />
    </mem>
    <remembered-set count="197305" />
  </mem-info>
</gc-start>
<allocation-stats totalBytes="689168800" >
  <allocated-bytes non-tlh="30832280" tlh="658336520" />
  <largest-consumer threadName="Group1.Backend.CompositeBackend{Tier1}.5" threadId="0000000000841700" bytes="103134264" />
</allocation-stats>
<gc-op id="6425" type="scavenge" timems="116.859" contextid="6422" timestamp="2020-09-12T19:33:59.900">
  <scavenger-info tenureage="3" tenuremask="7ff8" tiltratio="85" />
  <memory-copied type="nursery" objects="4350758" bytes="115490136" bytesdiscarded="184080" />
  <memory-copied type="tenure" objects="1098655" bytes="29510224" bytesdiscarded="107184" />
  <ownableSynchronizers candidates="4156" cleared="3892" />
  <references type="soft" candidates="156" cleared="0" enqueued="0" dynamicThreshold="17" maxThreshold="32" />
  <references type="weak" candidates="107" cleared="107" enqueued="0" />
</gc-op>
<gc-end id="6426" type="scavenge" contextid="6422" durationms="117.726" usertimems="884.846" systemtimems="0.000" timestamp="2020-09-12T19:33:59.901" activeThreads="8">
  <mem-info id="6427" free="1455723688" total="2853371904" percent="51">
    <mem type="nursery" free="684822768" total="939524096" percent="72">
      <mem type="allocate" free="684822768" total="800587776" percent="85" />
      <mem type="survivor" free="0" total="138936320" percent="0" />
    </mem>
    <mem type="tenure" free="770900920" total="1913847808" percent="40" macro-fragmented="0">
      <mem type="soa" free="658183192" total="1799016448" percent="36" />
      <mem type="loa" free="112717728" total="114831360" percent="98" />
    </mem>
    <remembered-set count="31582" />
  </mem-info>
</gc-end>
<cycle-end id="6428" type="scavenge" contextid="6422" timestamp="2020-09-12T19:33:59.902" />
<allocation-satisfied id="6429" threadId="0000000000846A00" bytesRequested="16" />
<af-end id="6430" timestamp="2020-09-12T19:33:59.902" threadId="0000000000847380" success="true" from="nursery"/>
<exclusive-end id="6431" timestamp="2020-09-12T19:33:59.902" durationms="119.659" />

<exclusive-start id="6432" timestamp="2020-09-12T19:34:01.788" intervalms="2005.836">
  <response-info timems="3.433" idlems="3.433" threads="0" lastid="0000000000780600" lastname="Group1.Backend.CompositeBackend{Tier1}.2" />
</exclusive-start>
<af-start id="6433" threadId="0000000000780F80" totalBytesRequested="120" timestamp="2020-09-12T19:34:01.789" intervalms="2005.839" type="nursery" />
<cycle-start id="6434" type="scavenge" contextid="0" timestamp="2020-09-12T19:34:01.789" intervalms="2005.844" />
<gc-start id="6435" type="scavenge" contextid="6434" timestamp="2020-09-12T19:34:01.792">
  <mem-info id="6436" free="770900920" total="2853371904" percent="27">
    <mem type="nursery" free="0" total="939524096" percent="0">
      <mem type="allocate" free="0" total="800587776" percent="0" />
      <mem type="survivor" free="0" total="138936320" percent="0" />
    </mem>
    <mem type="tenure" free="770900920" total="1913847808" percent="40">
      <mem type="soa" free="658183192" total="1799016448" percent="36" />
      <mem type="loa" free="112717728" total="114831360" percent="98" />
    </mem>
    <remembered-set count="190286" />
  </mem-info>
</gc-start>
<allocation-stats totalBytes="684521088" >
  <allocated-bytes non-tlh="37598944" tlh="646922144" />
  <largest-consumer threadName="Group1.Backend.CompositeBackend{Tier1}.3" threadId="0000000000845300" bytes="93907840" />
</allocation-stats>
<gc-op id="6437" type="scavenge" timems="139.367" contextid="6434" timestamp="2020-09-12T19:34:01.931">
  <scavenger-info tenureage="3" tenuremask="7ff8" tiltratio="85" />
  <memory-copied type="nursery" objects="4098501" bytes="109830112" bytesdiscarded="298104" />
  <memory-copied type="tenure" objects="1091245" bytes="29322952" bytesdiscarded="128552" />
  <ownableSynchronizers candidates="4091" cleared="3825" />
  <references type="soft" candidates="186" cleared="0" enqueued="0" dynamicThreshold="17" maxThreshold="32" />
  <references type="weak" candidates="132" cleared="132" enqueued="0" />
</gc-op>
<gc-end id="6438" type="scavenge" contextid="6434" durationms="140.346" usertimems="992.827" systemtimems="22.542" timestamp="2020-09-12T19:34:01.932" activeThreads="8">
  <mem-info id="6439" free="1433864760" total="2853371904" percent="50">
    <mem type="nursery" free="692274176" total="939524096" percent="73">
      <mem type="allocate" free="692274176" total="802488320" percent="86" />
      <mem type="survivor" free="0" total="137035776" percent="0" />
    </mem>
    <mem type="tenure" free="741590584" total="1913847808" percent="38" macro-fragmented="0">
      <mem type="soa" free="628872856" total="1799016448" percent="34" />
      <mem type="loa" free="112717728" total="114831360" percent="98" />
    </mem>
    <remembered-set count="30300" />
  </mem-info>
</gc-end>
<cycle-end id="6440" type="scavenge" contextid="6434" timestamp="2020-09-12T19:34:01.933" />
<allocation-satisfied id="6441" threadId="0000000000780600" bytesRequested="120" />
<af-end id="6442" timestamp="2020-09-12T19:34:01.933" threadId="0000000000780F80" success="true" from="nursery"/>
<exclusive-end id="6443" timestamp="2020-09-12T19:34:01.933" durationms="145.121" />

<exclusive-start id="6444" timestamp="2020-09-12T19:34:03.940" intervalms="2152.087">
  <response-info timems="6.512" idlems="6.512" threads="0" lastid="0000000000841700" lastname="Group1.Backend.CompositeBackend{Tier1}.5" />
</exclusive-start>
<af-start id="6445" threadId="0000000000842080" totalBytesRequested="1032" timestamp="2020-09-12T19:34:03.941" intervalms="2152.095" type="nursery" />
<cycle-start id="6446" type="scavenge" contextid="0" timestamp="2020-09-12T19:34:03.941" intervalms="2152.106" />
<gc-start id="6447" type="scavenge" contextid="6446" timestamp="2020-09-12T19:34:03.941">
  <mem-info id="6448" free="741590584" total="2853371904" percent="25">
    <mem type="nursery" free="0" total="939524096" percent="0">
      <mem type="allocate" free="0" total="802488320" percent="0" />
      <mem type="survivor" free="0" total="137035776" percent="0" />
    </mem>
    <mem type="tenure" free="741590584" total="1913847808" percent="38">
      <mem type="soa" free="628872856" total="1799016448" percent="34" />
      <mem type="loa" free="112717728" total="114831360" percent="98" />
    </mem>
    <remembered-set count="194712" />
  </mem-info>
</gc-start>
<allocation-stats totalBytes="691936200" >
  <allocated-bytes non-tlh="29666632" tlh="662269568" />
  <largest-consumer threadName="Group1.Backend.CompositeBackend{Tier1}.5" threadId="0000000000841700" bytes="114111584" />
</allocation-stats>
<gc-op id="6449" type="scavenge" timems="100.515" contextid="6446" timestamp="2020-09-12T19:34:04.042">
  <scavenger-info tenureage="3" tenuremask="7ff8" tiltratio="85" />
  <memory-copied type="nursery" objects="4045806" bytes="108632832" bytesdiscarded="218896" />
  <memory-copied type="tenure" objects="1083952" bytes="29118096" bytesdiscarded="109864" />
  <ownableSynchronizers candidates="3888" cleared="3621" />
  <references type="soft" candidates="202" cleared="0" enqueued="0" dynamicThreshold="17" maxThreshold="32" />
  <references type="weak" candidates="109" cleared="109" enqueued="0" />
</gc-op>
<gc-end id="6450" type="scavenge" contextid="6446" durationms="101.389" usertimems="733.965" systemtimems="0.000" timestamp="2020-09-12T19:34:04.043" activeThreads="8">
  <mem-info id="6451" free="1408679016" total="2853371904" percent="49">
    <mem type="nursery" free="696370944" total="939524096" percent="74">
      <mem type="allocate" free="696370944" total="805306368" percent="86" />
      <mem type="survivor" free="0" total="134217728" percent="0" />
    </mem>
    <mem type="tenure" free="712308072" total="1913847808" percent="37" macro-fragmented="0">
      <mem type="soa" free="599590344" total="1799016448" percent="33" />
      <mem type="loa" free="112717728" total="114831360" percent="98" />
    </mem>
    <remembered-set count="28811" />
  </mem-info>
</gc-end>
<cycle-end id="6452" type="scavenge" contextid="6446" timestamp="2020-09-12T19:34:04.043" />
<allocation-satisfied id="6453" threadId="0000000000841700" bytesRequested="1032" />
<af-end id="6454" timestamp="2020-09-12T19:34:04.043" threadId="0000000000842080" success="true" from="nursery"/>
<exclusive-end id="6455" timestamp="2020-09-12T19:34:04.043" durationms="103.378" />

<exclusive-start id="6456" timestamp="2020-09-12T19:34:06.012" intervalms="2071.927">
  <response-info timems="6.428" idlems="6.428" threads="0" lastid="0000000000846A00" lastname="Group1.Backend.CompositeBackend{Tier1}.4" />
</exclusive-start>
<af-start id="6457" threadId="0000000000847380" totalBytesRequested="32" timestamp="2020-09-12T19:34:06.013" intervalms="2071.869" type="nursery" />
<cycle-start id="6458" type="scavenge" contextid="0" timestamp="2020-09-12T19:34:06.013" intervalms="2071.846" />
<gc-start id="6459" type="scavenge" contextid="6458" timestamp="2020-09-12T19:34:06.013">
  <mem-info id="6460" free="712308072" total="2853371904" percent="24">
    <mem type="nursery" free="0" total="939524096" percent="0">
      <mem type="allocate" free="0" total="805306368" percent="0" />
      <mem type="survivor" free="0" total="134217728" percent="0" />
    </mem>
    <mem type="tenure" free="712308072" total="1913847808" percent="37">
      <mem type="soa" free="599590344" total="1799016448" percent="33" />
      <mem type="loa" free="112717728" total="114831360" percent="98" />
    </mem>
    <remembered-set count="190004" />
  </mem-info>
</gc-start>
<allocation-stats totalBytes="696061256" >
  <allocated-bytes non-tlh="36429024" tlh="659632232" />
  <largest-consumer threadName="Group1.Backend.CompositeBackend{Tier1}.7" threadId="0000000000842E00" bytes="110672424" />
</allocation-stats>
<gc-op id="6461" type="scavenge" timems="120.522" contextid="6458" timestamp="2020-09-12T19:34:06.134">
  <scavenger-info tenureage="3" tenuremask="7ff8" tiltratio="85" />
  <memory-copied type="nursery" objects="4219392" bytes="112316192" bytesdiscarded="352544" />
  <memory-copied type="tenure" objects="1129393" bytes="30358672" bytesdiscarded="145032" />
  <ownableSynchronizers candidates="4089" cleared="3821" />
  <references type="soft" candidates="195" cleared="0" enqueued="0" dynamicThreshold="17" maxThreshold="32" />
  <references type="weak" candidates="123" cleared="123" enqueued="0" />
</gc-op>
<gc-end id="6462" type="scavenge" contextid="6458" durationms="121.356" usertimems="856.016" systemtimems="0.000" timestamp="2020-09-12T19:34:06.134" activeThreads="8">
  <mem-info id="6463" free="1375230592" total="2853371904" percent="48">
    <mem type="nursery" free="693407736" total="939524096" percent="73">
      <mem type="allocate" free="693407736" total="806158336" percent="86" />
      <mem type="survivor" free="0" total="133365760" percent="0" />
    </mem>
    <mem type="tenure" free="681822856" total="1913847808" percent="35" macro-fragmented="0">
      <mem type="soa" free="569105128" total="1799016448" percent="31" />
      <mem type="loa" free="112717728" total="114831360" percent="98" />
    </mem>
    <remembered-set count="28541" />
  </mem-info>
</gc-end>
<cycle-end id="6464" type="scavenge" contextid="6458" timestamp="2020-09-12T19:34:06.135" />
<allocation-satisfied id="6465" threadId="0000000000846A00" bytesRequested="32" />
<af-end id="6466" timestamp="2020-09-12T19:34:06.135" threadId="0000000000847380" success="true" from="nursery"/>
<exclusive-end id="6467" timestamp="2020-09-12T19:34:06.135" durationms="123.175" />

<exclusive-start id="6468" timestamp="2020-09-12T19:34:08.171" intervalms="2159.317">
  <response-info timems="7.461" idlems="7.461" threads="0" lastid="0000000000842200" lastname="Group1.Backend.CompositeBackend{Tier1}.6" />
</exclusive-start>
<af-start id="6469" threadId="0000000000842B80" totalBytesRequested="520" timestamp="2020-09-12T19:34:08.172" intervalms="2159.391" type="nursery" />
<cycle-start id="6470" type="scavenge" contextid="0" timestamp="2020-09-12T19:34:08.172" intervalms="2159.438" />
<gc-start id="6471" type="scavenge" contextid="6470" timestamp="2020-09-12T19:34:08.173">
  <mem-info id="6472" free="681822856" total="2853371904" percent="23">
    <mem type="nursery" free="0" total="939524096" percent="0">
      <mem type="allocate" free="0" total="806158336" percent="0" />
      <mem type="survivor" free="0" total="133365760" percent="0" />
    </mem>
    <mem type="tenure" free="681822856" total="1913847808" percent="35">
      <mem type="soa" free="569105128" total="1799016448" percent="31" />
      <mem type="loa" free="112717728" total="114831360" percent="98" />
    </mem>
    <remembered-set count="193412" />
  </mem-info>
</gc-start>
<allocation-stats totalBytes="693061352" >
  <allocated-bytes non-tlh="31496496" tlh="661564856" />
  <largest-consumer threadName="Group1.Backend.CompositeBackend{Tier1}.1" threadId="000000000077E000" bytes="98846472" />
</allocation-stats>
<gc-op id="6473" type="scavenge" timems="135.717" contextid="6470" timestamp="2020-09-12T19:34:08.308">
  <scavenger-info tenureage="3" tenuremask="7ff8" tiltratio="85" />
  <memory-copied type="nursery" objects="4288641" bytes="114200280" bytesdiscarded="188816" />
  <memory-copied type="tenure" objects="1048717" bytes="28213056" bytesdiscarded="111552" />
  <ownableSynchronizers candidates="3608" cleared="3353" />
  <references type="soft" candidates="169" cleared="0" enqueued="0" dynamicThreshold="17" maxThreshold="32" />
  <references type="weak" candidates="119" cleared="119" enqueued="0" />
</gc-op>
<gc-end id="6474" type="scavenge" contextid="6470" durationms="136.904" usertimems="1005.479" systemtimems="7.641" timestamp="2020-09-12T19:34:08.309" activeThreads="8">
  <mem-info id="6475" free="1345873696" total="2853371904" percent="47">
    <mem type="nursery" free="692336344" total="939524096" percent="73">
      <mem type="allocate" free="692336344" total="806813696" percent="85" />
      <mem type="survivor" free="0" total="132710400" percent="0" />
    </mem>
    <mem type="tenure" free="653537352" total="1913847808" percent="34" macro-fragmented="0">
      <mem type="soa" free="540819624" total="1799016448" percent="30" />
      <mem type="loa" free="112717728" total="114831360" percent="98" />
    </mem>
    <remembered-set count="29719" />
  </mem-info>
</gc-end>
<cycle-end id="6476" type="scavenge" contextid="6470" timestamp="2020-09-12T19:34:08.310" />
<allocation-satisfied id="6477" threadId="0000000000842200" bytesRequested="520" />
<af-end id="6478" timestamp="2020-09-12T19:34:08.311" threadId="0000000000842B80" success="true" from="nursery"/>
<exclusive-end id="6479" timestamp="2020-09-12T19:34:08.311" durationms="139.251" />

<exclusive-start id="6480" timestamp="2020-09-12T19:34:10.270" intervalms="2098.933">
  <response-info timems="0.511" idlems="0.511" threads="0" lastid="0000000000845300" lastname="Group1.Backend.CompositeBackend{Tier1}.3" />
</exclusive-start>
<af-start id="6481" threadId="0000000000845C80" totalBytesRequested="1032" timestamp="2020-09-12T19:34:10.271" intervalms="2098.771" type="nursery" />
<cycle-start id="6482" type="scavenge" contextid="0" timestamp="2020-09-12T19:34:10.271" intervalms="2098.730" />
<gc-start id="6483" type="scavenge" contextid="6482" timestamp="2020-09-12T19:34:10.271">
  <mem-info id="6484" free="653537352" total="2853371904" percent="22">
    <mem type="nursery" free="0" total="939524096" percent="0">
      <mem type="allocate" free="0" total="806813696" percent="0" />
      <mem type="survivor" free="0" total="132710400" percent="0" />
    </mem>
    <mem type="tenure" free="653537352" total="1913847808" percent="34">
      <mem type="soa" free="540819624" total="1799016448" percent="30" />
      <mem type="loa" free="112717728" total="114831360" percent="98" />
    </mem>
    <remembered-set count="196210" />
  </mem-info>
</gc-start>
<allocation-stats totalBytes="692019224" >
  <allocated-bytes non-tlh="29206544" tlh="662812680" />
  <largest-consumer threadName="Group1.Backend.CompositeBackend{Tier1}.3" threadId="0000000000845300" bytes="108163576" />
</allocation-stats>
<gc-op id="6485" type="scavenge" timems="129.688" contextid="6482" timestamp="2020-09-12T19:34:10.401">
  <scavenger-info tenureage="3" tenuremask="7ff8" tiltratio="85" />
  <memory-copied type="nursery" objects="4136033" bytes="110962152" bytesdiscarded="294320" />
  <memory-copied type="tenure" objects="1119404" bytes="30095664" bytesdiscarded="130424" />
  <ownableSynchronizers candidates="4343" cleared="4090" />
  <references type="soft" candidates="160" cleared="0" enqueued="0" dynamicThreshold="17" maxThreshold="32" />
  <references type="weak" candidates="118" cleared="118" enqueued="0" />
</gc-op>
<gc-end id="6486" type="scavenge" contextid="6482" durationms="130.719" usertimems="966.344" systemtimems="1.330" timestamp="2020-09-12T19:34:10.402" activeThreads="8">
  <mem-info id="6487" free="1319574600" total="2853371904" percent="46">
    <mem type="nursery" free="696384256" total="939524096" percent="74">
      <mem type="allocate" free="696384256" total="807731200" percent="86" />
      <mem type="survivor" free="0" total="131792896" percent="0" />
    </mem>
    <mem type="tenure" free="623190344" total="1913847808" percent="32" macro-fragmented="0">
      <mem type="soa" free="510472616" total="1799016448" percent="28" />
      <mem type="loa" free="112717728" total="114831360" percent="98" />
    </mem>
    <remembered-set count="31534" />
  </mem-info>
</gc-end>
<cycle-end id="6488" type="scavenge" contextid="6482" timestamp="2020-09-12T19:34:10.403" />
<allocation-satisfied id="6489" threadId="0000000000845300" bytesRequested="1032" />
<af-end id="6490" timestamp="2020-09-12T19:34:10.403" threadId="0000000000845C80" success="true" from="nursery"/>
<exclusive-end id="6491" timestamp="2020-09-12T19:34:10.403" durationms="132.958" />

<exclusive-start id="6492" timestamp="2020-09-12T19:34:12.452" intervalms="2181.683">
  <response-info timems="5.636" idlems="5.636" threads="0" lastid="0000000000842E00" lastname="Group1.Backend.CompositeBackend{Tier1}.7" />
</exclusive-start>
<af-start id="6493" threadId="0000000000843780" totalBytesRequested="1544" timestamp="2020-09-12T19:34:12.453" intervalms="2182.070" type="nursery" />
<cycle-start id="6494" type="scavenge" contextid="0" timestamp="2020-09-12T19:34:12.453" intervalms="2182.153" />
<gc-start id="6495" type="scavenge" contextid="6494" timestamp="2020-09-12T19:34:12.454">
  <mem-info id="6496" free="623190344" total="2853371904" percent="21">
    <mem type="nursery" free="0" total="939524096" percent="0">
      <mem type="allocate" free="0" total="807731200" percent="0" />
      <mem type="survivor" free="0" total="131792896" percent="0" />
    </mem>
    <mem type="tenure" free="623190344" total="1913847808" percent="32">
      <mem type="soa" free="510472616" total="1799016448" percent="28" />
      <mem type="loa" free="112717728" total="114831360" percent="98" />
    </mem>
    <remembered-set count="198156" />
  </mem-info>
</gc-start>
<allocation-stats totalBytes="696036648" >
  <allocated-bytes non-tlh="29684408" tlh="666352240" />
  <largest-consumer threadName="Group1.Backend.CompositeBackend{Tier1}.1" threadId="000000000077E000" bytes="100416416" />
</allocation-stats>
<gc-op id="6497" type="scavenge" timems="117.007" contextid="6494" timestamp="2020-09-12T19:34:12.571">
  <scavenger-info tenureage="3" tenuremask="7ff8" tiltratio="85" />
  <memory-copied type="nursery" objects="4401568" bytes="117254504" bytesdiscarded="345304" />
  <memory-copied type="tenure" objects="1077919" bytes="28980872" bytesdiscarded="118376" />
  <ownableSynchronizers candidates="4628" cleared="4360" />
  <references type="soft" candidates="175" cleared="0" enqueued="0" dynamicThreshold="17" maxThreshold="32" />
  <references type="weak" candidates="111" cleared="111" enqueued="0" />
</gc-op>
<gc-end id="6498" type="scavenge" contextid="6494" durationms="118.057" usertimems="897.786" systemtimems="3.853" timestamp="2020-09-12T19:34:12.571" activeThreads="8">
  <mem-info id="6499" free="1278785712" total="2853371904" percent="44">
    <mem type="nursery" free="684737040" total="939524096" percent="72">
      <mem type="allocate" free="684737040" total="802422784" percent="85" />
      <mem type="survivor" free="0" total="137101312" percent="0" />
    </mem>
    <mem type="tenure" free="594048672" total="1913847808" percent="31" macro-fragmented="0">
      <mem type="soa" free="481330944" total="1799016448" percent="26" />
      <mem type="loa" free="112717728" total="114831360" percent="98" />
    </mem>
    <remembered-set count="33014" />
  </mem-info>
</gc-end>
<cycle-end id="6500" type="scavenge" contextid="6494" timestamp="2020-09-12T19:34:12.572" />
<allocation-satisfied id="6501" threadId="0000000000842E00" bytesRequested="1544" />
<af-end id="6502" timestamp="2020-09-12T19:34:12.572" threadId="0000000000843780" success="true" from="nursery"/>
<exclusive-end id="6503" timestamp="2020-09-12T19:34:12.572" durationms="120.482" />

<exclusive-start id="6504" timestamp="2020-09-12T19:34:14.511" intervalms="2059.240">
  <response-info timems="5.696" idlems="5.599" threads="1" lastid="000000000077E000" lastname="Group1.Backend.CompositeBackend{Tier1}.1" />
</exclusive-start>
<af-start id="6505" threadId="0000000000847380" totalBytesRequested="16" timestamp="2020-09-12T19:34:14.512" intervalms="2058.902" type="nursery" />
<cycle-start id="6506" type="scavenge" contextid="0" timestamp="2020-09-12T19:34:14.512" intervalms="2058.837" />
<gc-start id="6507" type="scavenge" contextid="6506" timestamp="2020-09-12T19:34:14.512">
  <mem-info id="6508" free="594048672" total="2853371904" percent="20">
    <mem type="nursery" free="0" total="939524096" percent="0">
      <mem type="allocate" free="0" total="802422784" percent="0" />
      <mem type="survivor" free="0" total="137101312" percent="0" />
    </mem>
    <mem type="tenure" free="594048672" total="1913847808" percent="31">
      <mem type="soa" free="481330944" total="1799016448" percent="26" />
      <mem type="loa" free="112717728" total="114831360" percent="98" />
    </mem>
    <remembered-set count="194533" />
  </mem-info>
</gc-start>
<allocation-stats totalBytes="684415448" >
  <allocated-bytes non-tlh="34984464" tlh="649430984" />
  <largest-consumer threadName="Group1.Backend.CompositeBackend{Tier1}.8" threadId="0000000000843900" bytes="90807392" />
</allocation-stats>
<gc-op id="6509" type="scavenge" timems="130.132" contextid="6506" timestamp="2020-09-12T19:34:14.642">
  <scavenger-info tenureage="3" tenuremask="7ff8" tiltratio="85" />
  <memory-copied type="nursery" objects="4591893" bytes="121287288" bytesdiscarded="148096" />
  <memory-copied type="tenure" objects="1102164" bytes="29618400" bytesdiscarded="148640" />
  <ownableSynchronizers candidates="3894" cleared="3623" />
  <references type="soft" candidates="179" cleared="0" enqueued="0" dynamicThreshold="17" maxThreshold="32" />
  <references type="weak" candidates="103" cleared="103" enqueued="0" />
</gc-op>
<gc-end id="6510" type="scavenge" contextid="6506" durationms="131.397" usertimems="968.160" systemtimems="10.392" timestamp="2020-09-12T19:34:14.644" activeThreads="8">
  <mem-info id="6511" free="1242574824" total="2853371904" percent="43">
    <mem type="nursery" free="678283584" total="939524096" percent="72">
      <mem type="allocate" free="678283584" total="799801344" percent="84" />
      <mem type="survivor" free="0" total="139722752" percent="0" />
    </mem>
    <mem type="tenure" free="564291240" total="1913847808" percent="29" macro-fragmented="0">
      <mem type="soa" free="451573512" total="1799016448" percent="25" />
      <mem type="loa" free="112717728" total="114831360" percent="98" />
    </mem>
    <remembered-set count="32196" />
  </mem-info>
</gc-end>
<cycle-end id="6512" type="scavenge" contextid="6506" timestamp="2020-09-12T19:34:14.645" />
<allocation-satisfied id="6513" threadId="0000000000846A00" bytesRequested="16" />
<af-end id="6514" timestamp="2020-09-12T19:34:14.645" threadId="0000000000847380" success="true" from="nursery"/>
<exclusive-end id="6515" timestamp="2020-09-12T19:34:14.645" durationms="133.741" />

<exclusive-start id="6516" timestamp="2020-09-12T19:34:16.587" intervalms="2075.858">
  <response-info timems="0.684" idlems="0.365" threads="1" lastid="0000000000846A00" lastname="Group1.Backend.CompositeBackend{Tier1}.4" />
</exclusive-start>
<af-start id="6517" threadId="0000000000842080" totalBytesRequested="266824" timestamp="2020-09-12T19:34:16.588" intervalms="2076.011" type="nursery" />
<cycle-start id="6518" type="scavenge" contextid="0" timestamp="2020-09-12T19:34:16.588" intervalms="2076.026" />
<gc-start id="6519" type="scavenge" contextid="6518" timestamp="2020-09-12T19:34:16.588">
  <mem-info id="6520" free="564291240" total="2853371904" percent="19">
    <mem type="nursery" free="0" total="939524096" percent="0">
      <mem type="allocate" free="0" total="799801344" percent="0" />
      <mem type="survivor" free="0" total="139722752" percent="0" />
    </mem>
    <mem type="tenure" free="564291240" total="1913847808" percent="29">
      <mem type="soa" free="451573512" total="1799016448" percent="25" />
      <mem type="loa" free="112717728" total="114831360" percent="98" />
    </mem>
    <remembered-set count="193979" />
  </mem-info>
</gc-start>
<allocation-stats totalBytes="677946224" >
  <allocated-bytes non-tlh="29257352" tlh="648688872" />
  <largest-consumer threadName="Group1.Backend.CompositeBackend{Tier1}.8" threadId="0000000000843900" bytes="101923552" />
</allocation-stats>
<gc-op id="6521" type="scavenge" timems="150.422" contextid="6518" timestamp="2020-09-12T19:34:16.739">
  <scavenger-info tenureage="3" tenuremask="7ff8" tiltratio="85" />
  <memory-copied type="nursery" objects="4851618" bytes="126871608" bytesdiscarded="211272" />
  <memory-copied type="tenure" objects="1126966" bytes="30287624" bytesdiscarded="167024" />
  <ownableSynchronizers candidates="4365" cleared="4088" />
  <references type="soft" candidates="176" cleared="0" enqueued="0" dynamicThreshold="17" maxThreshold="32" />
  <references type="weak" candidates="103" cleared="103" enqueued="0" />
</gc-op>
<gc-end id="6522" type="scavenge" contextid="6518" durationms="151.546" usertimems="1088.057" systemtimems="14.512" timestamp="2020-09-12T19:34:16.740" activeThreads="8">
  <mem-info id="6523" free="1199547192" total="2853371904" percent="42">
    <mem type="nursery" free="665687248" total="939524096" percent="70">
      <mem type="allocate" free="665687248" total="792854528" percent="83" />
      <mem type="survivor" free="0" total="146669568" percent="0" />
    </mem>
    <mem type="tenure" free="533859944" total="1913847808" percent="27" macro-fragmented="0">
      <mem type="soa" free="421142216" total="1799016448" percent="23" />
      <mem type="loa" free="112717728" total="114831360" percent="98" />
    </mem>
    <remembered-set count="30830" />
  </mem-info>
</gc-end>
<cycle-end id="6524" type="scavenge" contextid="6518" timestamp="2020-09-12T19:34:16.741" />
<allocation-satisfied id="6525" threadId="0000000000841700" bytesRequested="266824" />
<af-end id="6526" timestamp="2020-09-12T19:34:16.741" threadId="0000000000842080" success="true" from="nursery"/>
<exclusive-end id="6527" timestamp="2020-09-12T19:34:16.741" durationms="153.934" />

<exclusive-start id="6528" timestamp="2020-09-12T19:34:18.589" intervalms="2002.297">
  <response-info timems="0.790" idlems="0.790" threads="0" lastid="0000000000841700" lastname="Group1.Backend.CompositeBackend{Tier1}.5" />
</exclusive-start>
<af-start id="6529" threadId="0000000000842080" totalBytesRequested="24" timestamp="2020-09-12T19:34:18.590" intervalms="2002.246" type="nursery" />
<cycle-start id="6530" type="scavenge" contextid="0" timestamp="2020-09-12T19:34:18.590" intervalms="2002.246" />
<gc-start id="6531" type="scavenge" contextid="6530" timestamp="2020-09-12T19:34:18.591">
  <mem-info id="6532" free="533859944" total="2853371904" percent="18">
    <mem type="nursery" free="0" total="939524096" percent="0">
      <mem type="allocate" free="0" total="792854528" percent="0" />
      <mem type="survivor" free="0" total="146669568" percent="0" />
    </mem>
    <mem type="tenure" free="533859944" total="1913847808" percent="27">
      <mem type="soa" free="421142216" total="1799016448" percent="23" />
      <mem type="loa" free="112717728" total="114831360" percent="98" />
    </mem>
    <remembered-set count="188957" />
  </mem-info>
</gc-start>
<allocation-stats totalBytes="665400584" >
  <allocated-bytes non-tlh="34249784" tlh="631150800" />
  <largest-consumer threadName="Group1.Backend.CompositeBackend{Tier1}.8" threadId="0000000000843900" bytes="131349256" />
</allocation-stats>
<gc-op id="6533" type="scavenge" timems="108.751" contextid="6530" timestamp="2020-09-12T19:34:18.699">
  <scavenger-info tenureage="3" tenuremask="7ff8" tiltratio="84" />
  <memory-copied type="nursery" objects="4390400" bytes="116486528" bytesdiscarded="177032" />
  <memory-copied type="tenure" objects="1137700" bytes="30682096" bytesdiscarded="152136" />
  <ownableSynchronizers candidates="3072" cleared="2815" />
  <references type="soft" candidates="138" cleared="0" enqueued="0" dynamicThreshold="17" maxThreshold="32" />
  <references type="weak" candidates="109" cleared="109" enqueued="0" />
</gc-op>
<gc-end id="6534" type="scavenge" contextid="6530" durationms="109.678" usertimems="798.071" systemtimems="0.000" timestamp="2020-09-12T19:34:18.700" activeThreads="8">
  <mem-info id="6535" free="1180074624" total="2853371904" percent="41">
    <mem type="nursery" free="677026600" total="939524096" percent="72">
      <mem type="allocate" free="677026600" total="793772032" percent="85" />
      <mem type="survivor" free="0" total="145752064" percent="0" />
    </mem>
    <mem type="tenure" free="503048024" total="1913847808" percent="26" macro-fragmented="0">
      <mem type="soa" free="390330296" total="1799016448" percent="21" />
      <mem type="loa" free="112717728" total="114831360" percent="98" />
    </mem>
    <remembered-set count="27052" />
  </mem-info>
</gc-end>
<cycle-end id="6536" type="scavenge" contextid="6530" timestamp="2020-09-12T19:34:18.701" />
<allocation-satisfied id="6537" threadId="0000000000841700" bytesRequested="24" />
<af-end id="6538" timestamp="2020-09-12T19:34:18.701" threadId="0000000000842080" success="true" from="nursery"/>
<exclusive-end id="6539" timestamp="2020-09-12T19:34:18.701" durationms="111.861" />

<exclusive-start id="6540" timestamp="2020-09-12T19:34:20.607" intervalms="2017.981">
  <response-info timems="0.453" idlems="0.453" threads="0" lastid="000000000077E000" lastname="Group1.Backend.CompositeBackend{Tier1}.1" />
</exclusive-start>
<af-start id="6541" threadId="000000000077E980" totalBytesRequested="16" timestamp="2020-09-12T19:34:20.608" intervalms="2017.983" type="nursery" />
<cycle-start id="6542" type="scavenge" contextid="0" timestamp="2020-09-12T19:34:20.608" intervalms="2017.974" />
<gc-start id="6543" type="scavenge" contextid="6542" timestamp="2020-09-12T19:34:20.609">
  <mem-info id="6544" free="503048024" total="2853371904" percent="17">
    <mem type="nursery" free="0" total="939524096" percent="0">
      <mem type="allocate" free="0" total="793772032" percent="0" />
      <mem type="survivor" free="0" total="145752064" percent="0" />
    </mem>
    <mem type="tenure" free="503048024" total="1913847808" percent="26">
      <mem type="soa" free="390330296" total="1799016448" percent="21" />
      <mem type="loa" free="112717728" total="114831360" percent="98" />
    </mem>
    <remembered-set count="187673" />
  </mem-info>
</gc-start>
<allocation-stats totalBytes="676710664" >
  <allocated-bytes non-tlh="34987640" tlh="641723024" />
  <largest-consumer threadName="Group1.Backend.CompositeBackend{Tier1}.8" threadId="0000000000843900" bytes="123788528" />
</allocation-stats>
<gc-op id="6545" type="scavenge" timems="113.381" contextid="6542" timestamp="2020-09-12T19:34:20.722">
  <scavenger-info tenureage="3" tenuremask="7ff8" tiltratio="84" />
  <memory-copied type="nursery" objects="4024719" bytes="107837264" bytesdiscarded="123896" />
  <memory-copied type="tenure" objects="1101913" bytes="29620864" bytesdiscarded="153496" />
  <ownableSynchronizers candidates="2778" cleared="2551" />
  <references type="soft" candidates="133" cleared="0" enqueued="0" dynamicThreshold="17" maxThreshold="32" />
  <references type="weak" candidates="127" cleared="127" enqueued="0" />
</gc-op>
<gc-end id="6546" type="scavenge" contextid="6542" durationms="114.285" usertimems="831.987" systemtimems="0.000" timestamp="2020-09-12T19:34:20.723" activeThreads="8">
  <mem-info id="6547" free="1162099064" total="2853371904" percent="40">
    <mem type="nursery" free="688807160" total="939524096" percent="73">
      <mem type="allocate" free="688807160" total="796852224" percent="86" />
      <mem type="survivor" free="0" total="142671872" percent="0" />
    </mem>
    <mem type="tenure" free="473291904" total="1913847808" percent="24" macro-fragmented="0">
      <mem type="soa" free="360574176" total="1799016448" percent="20" />
      <mem type="loa" free="112717728" total="114831360" percent="98" />
    </mem>
    <remembered-set count="27115" />
  </mem-info>
</gc-end>
<cycle-end id="6548" type="scavenge" contextid="6542" timestamp="2020-09-12T19:34:20.724" />
<allocation-satisfied id="6549" threadId="000000000077E000" bytesRequested="16" />
<af-end id="6550" timestamp="2020-09-12T19:34:20.724" threadId="000000000077E980" success="true" from="nursery"/>
<exclusive-end id="6551" timestamp="2020-09-12T19:34:20.724" durationms="116.345" />

<exclusive-start id="6552" timestamp="2020-09-12T19:34:22.765" intervalms="2157.435">
  <response-info timems="0.572" idlems="0.572" threads="0" lastid="0000000000780600" lastname="Group1.Backend.CompositeBackend{Tier1}.2" />
</exclusive-start>
<af-start id="6553" threadId="0000000000780F80" totalBytesRequested="32" timestamp="2020-09-12T19:34:22.765" intervalms="2157.305" type="nursery" />
<cycle-start id="6554" type="scavenge" contextid="0" timestamp="2020-09-12T19:34:22.766" intervalms="2157.279" />
<gc-start id="6555" type="scavenge" contextid="6554" timestamp="2020-09-12T19:34:22.766">
  <mem-info id="6556" free="473291904" total="2853371904" percent="16">
    <mem type="nursery" free="0" total="939524096" percent="0">
      <mem type="allocate" free="0" total="796852224" percent="0" />
      <mem type="survivor" free="0" total="142671872" percent="0" />
    </mem>
    <mem type="tenure" free="473291904" total="1913847808" percent="24">
      <mem type="soa" free="360574176" total="1799016448" percent="20" />
      <mem type="loa" free="112717728" total="114831360" percent="98" />
    </mem>
    <remembered-set count="192899" />
  </mem-info>
</gc-start>
<allocation-stats totalBytes="688475320" >
  <allocated-bytes non-tlh="29104824" tlh="659370496" />
  <largest-consumer threadName="Group1.Backend.CompositeBackend{Tier1}.8" threadId="0000000000843900" bytes="115899080" />
</allocation-stats>
<gc-op id="6557" type="scavenge" timems="104.414" contextid="6554" timestamp="2020-09-12T19:34:22.870">
  <scavenger-info tenureage="3" tenuremask="7ff8" tiltratio="84" />
  <memory-copied type="nursery" objects="4066990" bytes="108992208" bytesdiscarded="186112" />
  <memory-copied type="tenure" objects="1071109" bytes="28818744" bytesdiscarded="146248" />
  <ownableSynchronizers candidates="3706" cleared="3486" />
  <references type="soft" candidates="137" cleared="0" enqueued="0" dynamicThreshold="17" maxThreshold="32" />
  <references type="weak" candidates="113" cleared="113" enqueued="0" />
</gc-op>
<gc-end id="6558" type="scavenge" contextid="6554" durationms="105.969" usertimems="798.379" systemtimems="0.000" timestamp="2020-09-12T19:34:22.872" activeThreads="8">
  <mem-info id="6559" free="1135805640" total="2853371904" percent="39">
    <mem type="nursery" free="691450112" total="939524096" percent="73">
      <mem type="allocate" free="691450112" total="800718848" percent="86" />
      <mem type="survivor" free="0" total="138805248" percent="0" />
    </mem>
    <mem type="tenure" free="444355528" total="1913847808" percent="23" macro-fragmented="0">
      <mem type="soa" free="331637800" total="1799016448" percent="18" />
      <mem type="loa" free="112717728" total="114831360" percent="98" />
    </mem>
    <remembered-set count="28916" />
  </mem-info>
</gc-end>
<cycle-end id="6560" type="scavenge" contextid="6554" timestamp="2020-09-12T19:34:22.873" />
<allocation-satisfied id="6561" threadId="0000000000780600" bytesRequested="32" />
<af-end id="6562" timestamp="2020-09-12T19:34:22.873" threadId="0000000000780F80" success="true" from="nursery"/>
<exclusive-end id="6563" timestamp="2020-09-12T19:34:22.873" durationms="108.206" />

<exclusive-start id="6564" timestamp="2020-09-12T19:34:24.808" intervalms="2043.748">
  <response-info timems="0.669" idlems="0.669" threads="0" lastid="0000000000A7C200" lastname="Group1.Backend.CompositeBackend{Tier3}.5" />
</exclusive-start>
<af-start id="6565" threadId="0000000000A7CB80" totalBytesRequested="16" timestamp="2020-09-12T19:34:24.809" intervalms="2043.784" type="nursery" />
<cycle-start id="6566" type="scavenge" contextid="0" timestamp="2020-09-12T19:34:24.809" intervalms="2043.821" />
<gc-start id="6567" type="scavenge" contextid="6566" timestamp="2020-09-12T19:34:24.810">
  <mem-info id="6568" free="444355528" total="2853371904" percent="15">
    <mem type="nursery" free="0" total="939524096" percent="0">
      <mem type="allocate" free="0" total="800718848" percent="0" />
      <mem type="survivor" free="0" total="138805248" percent="0" />
    </mem>
    <mem type="tenure" free="444355528" total="1913847808" percent="23">
      <mem type="soa" free="331637800" total="1799016448" percent="18" />
      <mem type="loa" free="112717728" total="114831360" percent="98" />
    </mem>
    <remembered-set count="191299" />
  </mem-info>
</gc-start>
<allocation-stats totalBytes="691129600" >
  <allocated-bytes non-tlh="35943088" tlh="655186512" />
  <largest-consumer threadName="Group1.Backend.CompositeBackend{Tier1}.8" threadId="0000000000843900" bytes="112344376" />
</allocation-stats>
<gc-op id="6569" type="scavenge" timems="112.859" contextid="6566" timestamp="2020-09-12T19:34:24.923">
  <scavenger-info tenureage="3" tenuremask="7ff8" tiltratio="85" />
  <memory-copied type="nursery" objects="4068920" bytes="109123400" bytesdiscarded="190648" />
  <memory-copied type="tenure" objects="1039462" bytes="27968312" bytesdiscarded="161576" />
  <ownableSynchronizers candidates="3767" cleared="3553" />
  <references type="soft" candidates="140" cleared="0" enqueued="0" dynamicThreshold="17" maxThreshold="32" />
  <references type="weak" candidates="99" cleared="98" enqueued="0" />
</gc-op>
<gc-end id="6570" type="scavenge" contextid="6566" durationms="114.584" usertimems="798.214" systemtimems="4.820" timestamp="2020-09-12T19:34:24.924" activeThreads="8">
  <mem-info id="6571" free="1110886888" total="2853371904" percent="38">
    <mem type="nursery" free="694591744" total="939524096" percent="73">
      <mem type="allocate" free="694591744" total="803995648" percent="86" />
      <mem type="survivor" free="0" total="135528448" percent="0" />
    </mem>
    <mem type="tenure" free="416295144" total="1913847808" percent="21" macro-fragmented="0">
      <mem type="soa" free="303577416" total="1799016448" percent="16" />
      <mem type="loa" free="112717728" total="114831360" percent="98" />
    </mem>
    <remembered-set count="31869" />
  </mem-info>
</gc-end>
<cycle-end id="6572" type="scavenge" contextid="6566" timestamp="2020-09-12T19:34:24.925" />
<allocation-satisfied id="6573" threadId="0000000000A7C200" bytesRequested="16" />
<af-end id="6574" timestamp="2020-09-12T19:34:24.925" threadId="0000000000A7CB80" success="true" from="nursery"/>
<exclusive-end id="6575" timestamp="2020-09-12T19:34:24.925" durationms="116.901" />

<exclusive-start id="6576" timestamp="2020-09-12T19:34:26.905" intervalms="2096.876">
  <response-info timems="0.799" idlems="0.799" threads="0" lastid="0000000000841700" lastname="Group1.Backend.CompositeBackend{Tier1}.5" />
</exclusive-start>
<af-start id="6577" threadId="0000000000842080" totalBytesRequested="16" timestamp="2020-09-12T19:34:26.906" intervalms="2096.896" type="nursery" />
<cycle-start id="6578" type="scavenge" contextid="0" timestamp="2020-09-12T19:34:26.906" intervalms="2096.861" />
<gc-start id="6579" type="scavenge" contextid="6578" timestamp="2020-09-12T19:34:26.907">
  <mem-info id="6580" free="416295144" total="2853371904" percent="14">
    <mem type="nursery" free="0" total="939524096" percent="0">
      <mem type="allocate" free="0" total="803995648" percent="0" />
      <mem type="survivor" free="0" total="135528448" percent="0" />
    </mem>
    <mem type="tenure" free="416295144" total="1913847808" percent="21">
      <mem type="soa" free="303577416" total="1799016448" percent="16" />
      <mem type="loa" free="112717728" total="114831360" percent="98" />
    </mem>
    <remembered-set count="197476" />
  </mem-info>
</gc-start>
<allocation-stats totalBytes="694261584" >
  <allocated-bytes non-tlh="31489240" tlh="662772344" />
  <largest-consumer threadName="Group1.Backend.CompositeBackend{Tier1}.8" threadId="0000000000843900" bytes="91338848" />
</allocation-stats>
<gc-op id="6581" type="scavenge" timems="108.465" contextid="6578" timestamp="2020-09-12T19:34:27.015">
  <scavenger-info tenureage="3" tenuremask="7ff8" tiltratio="85" />
  <memory-copied type="nursery" objects="4078861" bytes="109474600" bytesdiscarded="196112" />
  <memory-copied type="tenure" objects="1065141" bytes="28638368" bytesdiscarded="113640" />
  <ownableSynchronizers candidates="4541" cleared="4294" />
  <references type="soft" candidates="154" cleared="0" enqueued="0" dynamicThreshold="17" maxThreshold="32" />
  <references type="weak" candidates="113" cleared="113" enqueued="0" />
</gc-op>
<gc-end id="6582" type="scavenge" contextid="6578" durationms="109.312" usertimems="763.882" systemtimems="0.000" timestamp="2020-09-12T19:34:27.016" activeThreads="8">
  <mem-info id="6583" free="1084265936" total="2853371904" percent="37">
    <mem type="nursery" free="696732672" total="939524096" percent="74">
      <mem type="allocate" free="696732672" total="806486016" percent="86" />
      <mem type="survivor" free="0" total="133038080" percent="0" />
    </mem>
    <mem type="tenure" free="387533264" total="1913847808" percent="20" macro-fragmented="0">
      <mem type="soa" free="274815536" total="1799016448" percent="15" />
      <mem type="loa" free="112717728" total="114831360" percent="98" />
    </mem>
    <remembered-set count="34020" />
  </mem-info>
</gc-end>
<cycle-end id="6584" type="scavenge" contextid="6578" timestamp="2020-09-12T19:34:27.017" />
<allocation-satisfied id="6585" threadId="0000000000841700" bytesRequested="16" />
<af-end id="6586" timestamp="2020-09-12T19:34:27.017" threadId="0000000000842080" success="true" from="nursery"/>
<exclusive-end id="6587" timestamp="2020-09-12T19:34:27.017" durationms="111.530" />

<exclusive-start id="6588" timestamp="2020-09-12T19:34:28.999" intervalms="2093.996">
  <response-info timems="0.477" idlems="0.477" threads="0" lastid="0000000000842E00" lastname="Group1.Backend.CompositeBackend{Tier1}.7" />
</exclusive-start>
<af-start id="6589" threadId="0000000000843780" totalBytesRequested="48" timestamp="2020-09-12T19:34:29.000" intervalms="2094.125" type="nursery" />
<cycle-start id="6590" type="scavenge" contextid="0" timestamp="2020-09-12T19:34:29.000" intervalms="2094.169" />
<gc-start id="6591" type="scavenge" contextid="6590" timestamp="2020-09-12T19:34:29.001">
  <mem-info id="6592" free="387533264" total="2853371904" percent="13">
    <mem type="nursery" free="0" total="939524096" percent="0">
      <mem type="allocate" free="0" total="806486016" percent="0" />
      <mem type="survivor" free="0" total="133038080" percent="0" />
    </mem>
    <mem type="tenure" free="387533264" total="1913847808" percent="20">
      <mem type="soa" free="274815536" total="1799016448" percent="15" />
      <mem type="loa" free="112717728" total="114831360" percent="98" />
    </mem>
    <remembered-set count="198153" />
  </mem-info>
</gc-start>
<allocation-stats totalBytes="696410920" >
  <allocated-bytes non-tlh="31490184" tlh="664920736" />
  <largest-consumer threadName="Group1.Backend.CompositeBackend{Tier1}.4" threadId="0000000000846A00" bytes="96005080" />
</allocation-stats>
<gc-op id="6593" type="scavenge" timems="121.646" contextid="6590" timestamp="2020-09-12T19:34:29.122">
  <scavenger-info tenureage="3" tenuremask="7ff8" tiltratio="85" />
  <memory-copied type="nursery" objects="4076760" bytes="109318280" bytesdiscarded="171000" />
  <memory-copied type="tenure" objects="1129446" bytes="30353624" bytesdiscarded="153272" />
  <ownableSynchronizers candidates="4367" cleared="4094" />
  <references type="soft" candidates="156" cleared="0" enqueued="0" dynamicThreshold="17" maxThreshold="32" />
  <references type="weak" candidates="112" cleared="112" enqueued="0" />
</gc-op>
<gc-end id="6594" type="scavenge" contextid="6590" durationms="122.723" usertimems="912.304" systemtimems="1.651" timestamp="2020-09-12T19:34:29.123" activeThreads="8">
  <mem-info id="6595" free="1056069368" total="2853371904" percent="37">
    <mem type="nursery" free="699009512" total="939524096" percent="74">
      <mem type="allocate" free="699009512" total="808583168" percent="86" />
      <mem type="survivor" free="0" total="130940928" percent="0" />
    </mem>
    <mem type="tenure" free="357059856" total="1913847808" percent="18" macro-fragmented="0">
      <mem type="soa" free="244342128" total="1799016448" percent="13" />
      <mem type="loa" free="112717728" total="114831360" percent="98" />
    </mem>
    <remembered-set count="33228" />
  </mem-info>
</gc-end>
<cycle-end id="6596" type="scavenge" contextid="6590" timestamp="2020-09-12T19:34:29.124" />
<allocation-satisfied id="6597" threadId="0000000000842E00" bytesRequested="48" />
<af-end id="6598" timestamp="2020-09-12T19:34:29.124" threadId="0000000000843780" success="true" from="nursery"/>
<exclusive-end id="6599" timestamp="2020-09-12T19:34:29.124" durationms="124.790" />

<exclusive-start id="6600" timestamp="2020-09-12T19:34:31.101" intervalms="2101.300">
  <response-info timems="0.830" idlems="0.632" threads="1" lastid="0000000000842200" lastname="Group1.Backend.CompositeBackend{Tier1}.6" />
</exclusive-start>
<af-start id="6601" threadId="0000000000A88380" totalBytesRequested="16" timestamp="2020-09-12T19:34:31.102" intervalms="2101.365" type="nursery" />
<cycle-start id="6602" type="scavenge" contextid="0" timestamp="2020-09-12T19:34:31.102" intervalms="2101.375" />
<gc-start id="6603" type="scavenge" contextid="6602" timestamp="2020-09-12T19:34:31.102">
  <mem-info id="6604" free="357059856" total="2853371904" percent="12">
    <mem type="nursery" free="0" total="939524096" percent="0">
      <mem type="allocate" free="0" total="808583168" percent="0" />
      <mem type="survivor" free="0" total="130940928" percent="0" />
    </mem>
    <mem type="tenure" free="357059856" total="1913847808" percent="18">
      <mem type="soa" free="244342128" total="1799016448" percent="13" />
      <mem type="loa" free="112717728" total="114831360" percent="98" />
    </mem>
    <remembered-set count="195601" />
  </mem-info>
</gc-start>
<allocation-stats totalBytes="698681032" >
  <allocated-bytes non-tlh="36897240" tlh="661783792" />
  <largest-consumer threadName="Group1.Backend.CompositeBackend{Tier1}.3" threadId="0000000000845300" bytes="89503320" />
</allocation-stats>
<gc-op id="6605" type="scavenge" timems="109.991" contextid="6602" timestamp="2020-09-12T19:34:31.212">
  <scavenger-info tenureage="3" tenuremask="7ff8" tiltratio="86" />
  <memory-copied type="nursery" objects="4084482" bytes="109601472" bytesdiscarded="203048" />
  <memory-copied type="tenure" objects="1068924" bytes="28696760" bytesdiscarded="148408" />
  <ownableSynchronizers candidates="4784" cleared="4492" />
  <references type="soft" candidates="173" cleared="0" enqueued="0" dynamicThreshold="17" maxThreshold="32" />
  <references type="weak" candidates="127" cleared="127" enqueued="0" />
</gc-op>
<gc-end id="6606" type="scavenge" contextid="6602" durationms="111.092" usertimems="780.088" systemtimems="11.938" timestamp="2020-09-12T19:34:31.213" activeThreads="8">
  <mem-info id="6607" free="1028504944" total="2853371904" percent="36">
    <mem type="nursery" free="700267520" total="939524096" percent="74">
      <mem type="allocate" free="700267520" total="810156032" percent="86" />
      <mem type="survivor" free="0" total="129368064" percent="0" />
    </mem>
    <mem type="tenure" free="328237424" total="1913847808" percent="17" macro-fragmented="0">
      <mem type="soa" free="215519696" total="1799016448" percent="11" />
      <mem type="loa" free="112717728" total="114831360" percent="98" />
    </mem>
    <remembered-set count="31799" />
  </mem-info>
</gc-end>
<cycle-end id="6608" type="scavenge" contextid="6602" timestamp="2020-09-12T19:34:31.214" />
<allocation-satisfied id="6609" threadId="0000000000A87A00" bytesRequested="16" />
<af-end id="6610" timestamp="2020-09-12T19:34:31.214" threadId="0000000000A88380" success="true" from="nursery"/>
<exclusive-end id="6611" timestamp="2020-09-12T19:34:31.214" durationms="113.324" />

<exclusive-start id="6612" timestamp="2020-09-12T19:34:33.289" intervalms="2188.728">
  <response-info timems="0.750" idlems="0.750" threads="0" lastid="0000000000842E00" lastname="Group1.Backend.CompositeBackend{Tier1}.7" />
</exclusive-start>
<af-start id="6613" threadId="0000000000843780" totalBytesRequested="16" timestamp="2020-09-12T19:34:33.290" intervalms="2188.703" type="nursery" />
<cycle-start id="6614" type="scavenge" contextid="0" timestamp="2020-09-12T19:34:33.290" intervalms="2188.672" />
<gc-start id="6615" type="scavenge" contextid="6614" timestamp="2020-09-12T19:34:33.291">
  <mem-info id="6616" free="328237424" total="2853371904" percent="11">
    <mem type="nursery" free="0" total="939524096" percent="0">
      <mem type="allocate" free="0" total="810156032" percent="0" />
      <mem type="survivor" free="0" total="129368064" percent="0" />
    </mem>
    <mem type="tenure" free="328237424" total="1913847808" percent="17">
      <mem type="soa" free="215519696" total="1799016448" percent="11" />
      <mem type="loa" free="112717728" total="114831360" percent="98" />
    </mem>
    <remembered-set count="198162" />
  </mem-info>
</gc-start>
<allocation-stats totalBytes="699930000" >
  <allocated-bytes non-tlh="31131256" tlh="668798744" />
  <largest-consumer threadName="Group1.Backend.CompositeBackend{Tier1}.7" threadId="0000000000842E00" bytes="92631168" />
</allocation-stats>
<gc-op id="6617" type="scavenge" timems="126.814" contextid="6614" timestamp="2020-09-12T19:34:33.418">
  <scavenger-info tenureage="3" tenuremask="7ff8" tiltratio="86" />
  <memory-copied type="nursery" objects="4131289" bytes="110822952" bytesdiscarded="130800" />
  <memory-copied type="tenure" objects="1106441" bytes="29725064" bytesdiscarded="143464" />
  <ownableSynchronizers candidates="5208" cleared="4895" />
  <references type="soft" candidates="161" cleared="0" enqueued="0" dynamicThreshold="17" maxThreshold="32" />
  <references type="weak" candidates="118" cleared="118" enqueued="0" />
</gc-op>
<gc-end id="6618" type="scavenge" contextid="6614" durationms="128.489" usertimems="892.296" systemtimems="20.925" timestamp="2020-09-12T19:34:33.419" activeThreads="8">
  <mem-info id="6619" free="998183688" total="2853371904" percent="34">
    <mem type="nursery" free="699830272" total="939524096" percent="74">
      <mem type="allocate" free="699830272" total="810876928" percent="86" />
      <mem type="survivor" free="0" total="128647168" percent="0" />
    </mem>
    <mem type="tenure" free="298353416" total="1913847808" percent="15" macro-fragmented="0">
      <mem type="soa" free="185635688" total="1799016448" percent="10" />
      <mem type="loa" free="112717728" total="114831360" percent="98" />
    </mem>
    <remembered-set count="31979" />
  </mem-info>
</gc-end>
<cycle-end id="6620" type="scavenge" contextid="6614" timestamp="2020-09-12T19:34:33.421" />
<allocation-satisfied id="6621" threadId="0000000000842E00" bytesRequested="16" />
<af-end id="6622" timestamp="2020-09-12T19:34:33.421" threadId="0000000000843780" success="true" from="nursery"/>
<exclusive-end id="6623" timestamp="2020-09-12T19:34:33.426" durationms="136.361" />

<exclusive-start id="6624" timestamp="2020-09-12T19:34:35.322" intervalms="2032.524">
  <response-info timems="0.330" idlems="0.330" threads="0" lastid="0000000000842200" lastname="Group1.Backend.CompositeBackend{Tier1}.6" />
</exclusive-start>
<af-start id="6625" threadId="0000000000842B80" totalBytesRequested="664" timestamp="2020-09-12T19:34:35.322" intervalms="2032.202" type="nursery" />
<cycle-start id="6626" type="scavenge" contextid="0" timestamp="2020-09-12T19:34:35.323" intervalms="2032.176" />
<gc-start id="6627" type="scavenge" contextid="6626" timestamp="2020-09-12T19:34:35.323">
  <mem-info id="6628" free="298353416" total="2853371904" percent="10">
    <mem type="nursery" free="0" total="939524096" percent="0">
      <mem type="allocate" free="0" total="810876928" percent="0" />
      <mem type="survivor" free="0" total="128647168" percent="0" />
    </mem>
    <mem type="tenure" free="298353416" total="1913847808" percent="15">
      <mem type="soa" free="185635688" total="1799016448" percent="10" />
      <mem type="loa" free="112717728" total="114831360" percent="98" />
    </mem>
    <remembered-set count="194869" />
  </mem-info>
</gc-start>
<allocation-stats totalBytes="699485464" >
  <allocated-bytes non-tlh="32588312" tlh="666897152" />
  <largest-consumer threadName="Group1.Backend.CompositeBackend{Tier1}.5" threadId="0000000000841700" bytes="97788072" />
</allocation-stats>
<gc-op id="6629" type="scavenge" timems="102.877" contextid="6626" timestamp="2020-09-12T19:34:35.426">
  <scavenger-info tenureage="3" tenuremask="7ff8" tiltratio="86" />
  <memory-copied type="nursery" objects="4107959" bytes="110160704" bytesdiscarded="209240" />
  <memory-copied type="tenure" objects="1097045" bytes="29483168" bytesdiscarded="139736" />
  <ownableSynchronizers candidates="4531" cleared="4225" />
  <references type="soft" candidates="158" cleared="0" enqueued="0" dynamicThreshold="17" maxThreshold="32" />
  <references type="weak" candidates="117" cleared="117" enqueued="0" />
</gc-op>
<gc-end id="6630" type="scavenge" contextid="6626" durationms="103.636" usertimems="785.598" systemtimems="0.000" timestamp="2020-09-12T19:34:35.426" activeThreads="8">
  <mem-info id="6631" free="970105920" total="2853371904" percent="33">
    <mem type="nursery" free="701344512" total="939524096" percent="74">
      <mem type="allocate" free="701344512" total="811794432" percent="86" />
      <mem type="survivor" free="0" total="127729664" percent="0" />
    </mem>
    <mem type="tenure" free="268761408" total="1913847808" percent="14" macro-fragmented="0">
      <mem type="soa" free="156043680" total="1799016448" percent="8" />
      <mem type="loa" free="112717728" total="114831360" percent="98" />
    </mem>
    <remembered-set count="30834" />
  </mem-info>
</gc-end>
<cycle-end id="6632" type="scavenge" contextid="6626" timestamp="2020-09-12T19:34:35.427" />
<allocation-satisfied id="6633" threadId="0000000000842200" bytesRequested="664" />
<af-end id="6634" timestamp="2020-09-12T19:34:35.427" threadId="0000000000842B80" success="true" from="nursery"/>
<exclusive-end id="6635" timestamp="2020-09-12T19:34:35.427" durationms="105.382" />

<exclusive-start id="6636" timestamp="2020-09-12T19:34:37.494" intervalms="2172.509">
  <response-info timems="7.749" idlems="7.749" threads="0" lastid="0000000000842E00" lastname="Group1.Backend.CompositeBackend{Tier1}.7" />
</exclusive-start>
<af-start id="6637" threadId="0000000000843780" totalBytesRequested="24" timestamp="2020-09-12T19:34:37.495" intervalms="2172.716" type="nursery" />
<cycle-start id="6638" type="scavenge" contextid="0" timestamp="2020-09-12T19:34:37.495" intervalms="2172.724" />
<gc-start id="6639" type="scavenge" contextid="6638" timestamp="2020-09-12T19:34:37.496">
  <mem-info id="6640" free="268761408" total="2853371904" percent="9">
    <mem type="nursery" free="0" total="939524096" percent="0">
      <mem type="allocate" free="0" total="811794432" percent="0" />
      <mem type="survivor" free="0" total="127729664" percent="0" />
    </mem>
    <mem type="tenure" free="268761408" total="1913847808" percent="14">
      <mem type="soa" free="156043680" total="1799016448" percent="8" />
      <mem type="loa" free="112717728" total="114831360" percent="98" />
    </mem>
    <remembered-set count="195010" />
  </mem-info>
</gc-start>
<allocation-stats totalBytes="701003992" >
  <allocated-bytes non-tlh="34091304" tlh="666912688" />
  <largest-consumer threadName="Group1.Backend.CompositeBackend{Tier1}.8" threadId="0000000000843900" bytes="111744464" />
</allocation-stats>
<gc-op id="6641" type="scavenge" timems="128.826" contextid="6638" timestamp="2020-09-12T19:34:37.625">
  <scavenger-info tenureage="3" tenuremask="7ff8" tiltratio="86" />
  <memory-copied type="nursery" objects="4316328" bytes="114924856" bytesdiscarded="97848" />
  <memory-copied type="tenure" objects="1064183" bytes="28603288" bytesdiscarded="144224" />
  <ownableSynchronizers candidates="4458" cleared="4157" />
  <references type="soft" candidates="165" cleared="0" enqueued="0" dynamicThreshold="17" maxThreshold="32" />
  <references type="weak" candidates="119" cleared="119" enqueued="0" />
</gc-op>
<gc-end id="6642" type="scavenge" contextid="6638" durationms="130.095" usertimems="991.768" systemtimems="11.534" timestamp="2020-09-12T19:34:37.626" activeThreads="8">
  <mem-info id="6643" free="931604848" total="2853371904" percent="32">
    <mem type="nursery" free="691576568" total="939524096" percent="73">
      <mem type="allocate" free="691576568" total="806682624" percent="85" />
      <mem type="survivor" free="0" total="132841472" percent="0" />
    </mem>
    <mem type="tenure" free="240028280" total="1913847808" percent="12" macro-fragmented="0">
      <mem type="soa" free="127310552" total="1799016448" percent="7" />
      <mem type="loa" free="112717728" total="114831360" percent="98" />
    </mem>
    <remembered-set count="31689" />
  </mem-info>
</gc-end>
<cycle-end id="6644" type="scavenge" contextid="6638" timestamp="2020-09-12T19:34:37.627" />
<allocation-satisfied id="6645" threadId="0000000000842E00" bytesRequested="24" />
<af-end id="6646" timestamp="2020-09-12T19:34:37.627" threadId="0000000000843780" success="true" from="nursery"/>
<exclusive-end id="6647" timestamp="2020-09-12T19:34:37.627" durationms="132.181" />

<exclusive-start id="6648" timestamp="2020-09-12T19:34:39.566" intervalms="2071.178">
  <response-info timems="2.878" idlems="2.878" threads="0" lastid="0000000000842E00" lastname="Group1.Backend.CompositeBackend{Tier1}.7" />
</exclusive-start>
<af-start id="6649" threadId="0000000000843780" totalBytesRequested="304" timestamp="2020-09-12T19:34:39.566" intervalms="2071.262" type="nursery" />
<cycle-start id="6650" type="scavenge" contextid="0" timestamp="2020-09-12T19:34:39.567" intervalms="2071.303" />
<gc-start id="6651" type="scavenge" contextid="6650" timestamp="2020-09-12T19:34:39.567">
  <mem-info id="6652" free="240028280" total="2853371904" percent="8">
    <mem type="nursery" free="0" total="939524096" percent="0">
      <mem type="allocate" free="0" total="806682624" percent="0" />
      <mem type="survivor" free="0" total="132841472" percent="0" />
    </mem>
    <mem type="tenure" free="240028280" total="1913847808" percent="12">
      <mem type="soa" free="127310552" total="1799016448" percent="7" />
      <mem type="loa" free="112717728" total="114831360" percent="98" />
    </mem>
    <remembered-set count="195753" />
  </mem-info>
</gc-start>
<allocation-stats totalBytes="691258672" >
  <allocated-bytes non-tlh="30656304" tlh="660602368" />
  <largest-consumer threadName="Group1.Backend.CompositeBackend{Tier1}.8" threadId="0000000000843900" bytes="113219808" />
</allocation-stats>
<gc-op id="6653" type="scavenge" timems="130.986" contextid="6650" timestamp="2020-09-12T19:34:39.698">
  <scavenger-info tenureage="3" tenuremask="7ff8" tiltratio="85" />
  <memory-copied type="nursery" objects="4750647" bytes="124845456" bytesdiscarded="216608" />
  <memory-copied type="tenure" objects="1131920" bytes="30420920" bytesdiscarded="152216" />
  <ownableSynchronizers candidates="4102" cleared="3819" />
  <references type="soft" candidates="170" cleared="0" enqueued="0" dynamicThreshold="17" maxThreshold="32" />
  <references type="weak" candidates="108" cleared="106" enqueued="0" />
</gc-op>
<gc-end id="6654" type="scavenge" contextid="6650" durationms="132.285" usertimems="1014.927" systemtimems="3.052" timestamp="2020-09-12T19:34:39.699" activeThreads="8">
  <mem-info id="6655" free="876529360" total="2853371904" percent="30">
    <mem type="nursery" free="667051552" total="939524096" percent="70">
      <mem type="allocate" free="667051552" total="792199168" percent="84" />
      <mem type="survivor" free="0" total="147324928" percent="0" />
    </mem>
    <mem type="tenure" free="209477808" total="1913847808" percent="10" macro-fragmented="0">
      <mem type="soa" free="96760080" total="1799016448" percent="5" />
      <mem type="loa" free="112717728" total="114831360" percent="98" />
    </mem>
    <remembered-set count="31258" />
  </mem-info>
</gc-end>
<cycle-end id="6656" type="scavenge" contextid="6650" timestamp="2020-09-12T19:34:39.700" />
<allocation-satisfied id="6657" threadId="0000000000842E00" bytesRequested="304" />
<af-end id="6658" timestamp="2020-09-12T19:34:39.700" threadId="0000000000843780" success="true" from="nursery"/>
<exclusive-end id="6659" timestamp="2020-09-12T19:34:39.700" durationms="134.728" />

<exclusive-start id="6660" timestamp="2020-09-12T19:34:41.570" intervalms="2004.359">
  <response-info timems="0.516" idlems="0.381" threads="1" lastid="0000000000842200" lastname="Group1.Backend.CompositeBackend{Tier1}.6" />
</exclusive-start>
<af-start id="6661" threadId="0000000000844280" totalBytesRequested="264" timestamp="2020-09-12T19:34:41.571" intervalms="2004.579" type="nursery" />
<cycle-start id="6662" type="scavenge" contextid="0" timestamp="2020-09-12T19:34:41.571" intervalms="2004.566" />
<gc-start id="6663" type="scavenge" contextid="6662" timestamp="2020-09-12T19:34:41.572">
  <mem-info id="6664" free="209477808" total="2853371904" percent="7">
    <mem type="nursery" free="0" total="939524096" percent="0">
      <mem type="allocate" free="0" total="792199168" percent="0" />
      <mem type="survivor" free="0" total="147324928" percent="0" />
    </mem>
    <mem type="tenure" free="209477808" total="1913847808" percent="10">
      <mem type="soa" free="96760080" total="1799016448" percent="5" />
      <mem type="loa" free="112717728" total="114831360" percent="98" />
    </mem>
    <remembered-set count="191674" />
  </mem-info>
</gc-start>
<allocation-stats totalBytes="666733608" >
  <allocated-bytes non-tlh="32579048" tlh="634154560" />
  <largest-consumer threadName="Group1.Backend.CompositeBackend{Tier1}.8" threadId="0000000000843900" bytes="104612840" />
</allocation-stats>
<gc-op id="6665" type="scavenge" timems="135.008" contextid="6662" timestamp="2020-09-12T19:34:41.707">
  <scavenger-info tenureage="3" tenuremask="7ff8" tiltratio="84" />
  <memory-copied type="nursery" objects="4367052" bytes="116076960" bytesdiscarded="261192" />
  <memory-copied type="tenure" objects="1097484" bytes="29496912" bytesdiscarded="132664" />
  <ownableSynchronizers candidates="3693" cleared="3424" />
  <references type="soft" candidates="196" cleared="0" enqueued="0" dynamicThreshold="17" maxThreshold="32" />
  <references type="weak" candidates="113" cleared="113" enqueued="0" />
</gc-op>
<gc-end id="6666" type="scavenge" contextid="6662" durationms="135.939" usertimems="1005.503" systemtimems="0.000" timestamp="2020-09-12T19:34:41.707" activeThreads="8">
  <mem-info id="6667" free="857212512" total="2853371904" percent="30">
    <mem type="nursery" free="677285760" total="939524096" percent="72">
      <mem type="allocate" free="677285760" total="793706496" percent="85" />
      <mem type="survivor" free="0" total="145817600" percent="0" />
    </mem>
    <mem type="tenure" free="179926752" total="1913847808" percent="9" macro-fragmented="0">
      <mem type="soa" free="67209024" total="1799016448" percent="3" />
      <mem type="loa" free="112717728" total="114831360" percent="98" />
    </mem>
    <remembered-set count="31559" />
  </mem-info>
</gc-end>
<cycle-end id="6668" type="scavenge" contextid="6662" timestamp="2020-09-12T19:34:41.708" />
<allocation-satisfied id="6669" threadId="0000000000843900" bytesRequested="264" />
<af-end id="6670" timestamp="2020-09-12T19:34:41.708" threadId="0000000000844280" success="true" from="nursery"/>
<exclusive-end id="6671" timestamp="2020-09-12T19:34:41.708" durationms="138.383" />

<exclusive-start id="6672" timestamp="2020-09-12T19:34:43.629" intervalms="2058.842">
  <response-info timems="0.560" idlems="0.557" threads="1" lastid="0000000000842E00" lastname="Group1.Backend.CompositeBackend{Tier1}.7" />
</exclusive-start>
<af-start id="6673" threadId="0000000000845C80" totalBytesRequested="16" timestamp="2020-09-12T19:34:43.629" intervalms="2058.398" type="nursery" />
<cycle-start id="6674" type="scavenge" contextid="0" timestamp="2020-09-12T19:34:43.630" intervalms="2058.368" />
<gc-start id="6675" type="scavenge" contextid="6674" timestamp="2020-09-12T19:34:43.630">
  <mem-info id="6676" free="179926752" total="2853371904" percent="6">
    <mem type="nursery" free="0" total="939524096" percent="0">
      <mem type="allocate" free="0" total="793706496" percent="0" />
      <mem type="survivor" free="0" total="145817600" percent="0" />
    </mem>
    <mem type="tenure" free="179926752" total="1913847808" percent="9">
      <mem type="soa" free="67209024" total="1799016448" percent="3" />
      <mem type="loa" free="112717728" total="114831360" percent="98" />
    </mem>
    <remembered-set count="193359" />
  </mem-info>
</gc-start>
<allocation-stats totalBytes="676955872" >
  <allocated-bytes non-tlh="29251176" tlh="647704696" />
  <largest-consumer threadName="Group1.Backend.CompositeBackend{Tier1}.4" threadId="0000000000846A00" bytes="100920888" />
</allocation-stats>
<gc-op id="6677" type="scavenge" timems="124.949" contextid="6674" timestamp="2020-09-12T19:34:43.755">
  <scavenger-info tenureage="3" tenuremask="7ff8" tiltratio="84" />
  <memory-copied type="nursery" objects="4235921" bytes="112666840" bytesdiscarded="198544" />
  <memory-copied type="tenure" objects="1114322" bytes="29928824" bytesdiscarded="128688" />
  <ownableSynchronizers candidates="3811" cleared="3554" />
  <references type="soft" candidates="182" cleared="0" enqueued="0" dynamicThreshold="17" maxThreshold="32" />
  <references type="weak" candidates="113" cleared="113" enqueued="0" />
</gc-op>
<gc-end id="6678" type="scavenge" contextid="6674" durationms="126.172" usertimems="902.072" systemtimems="3.710" timestamp="2020-09-12T19:34:43.756" activeThreads="8">
  <mem-info id="6679" free="833850424" total="2853371904" percent="29">
    <mem type="nursery" free="683901936" total="939524096" percent="72">
      <mem type="allocate" free="683901936" total="796852224" percent="85" />
      <mem type="survivor" free="0" total="142671872" percent="0" />
    </mem>
    <mem type="tenure" free="149948488" total="1913847808" percent="7" macro-fragmented="0">
      <mem type="soa" free="37230760" total="1799016448" percent="2" />
      <mem type="loa" free="112717728" total="114831360" percent="98" />
    </mem>
    <remembered-set count="29371" />
  </mem-info>
</gc-end>
<cycle-end id="6680" type="scavenge" contextid="6674" timestamp="2020-09-12T19:34:43.757" />
<allocation-satisfied id="6681" threadId="0000000000845300" bytesRequested="16" />
<af-end id="6682" timestamp="2020-09-12T19:34:43.757" threadId="0000000000845C80" success="true" from="nursery"/>
<exclusive-end id="6683" timestamp="2020-09-12T19:34:43.757" durationms="128.419" />

<exclusive-start id="6684" timestamp="2020-09-12T19:34:45.738" intervalms="2109.253">
  <response-info timems="0.544" idlems="0.544" threads="0" lastid="0000000000845300" lastname="Group1.Backend.CompositeBackend{Tier1}.3" />
</exclusive-start>
<af-start id="6685" threadId="0000000000845C80" totalBytesRequested="32" timestamp="2020-09-12T19:34:45.739" intervalms="2109.370" type="nursery" />
<cycle-start id="6686" type="scavenge" contextid="0" timestamp="2020-09-12T19:34:45.739" intervalms="2109.540" />
<gc-start id="6687" type="scavenge" contextid="6686" timestamp="2020-09-12T19:34:45.739">
  <mem-info id="6688" free="149948488" total="2853371904" percent="5">
    <mem type="nursery" free="0" total="939524096" percent="0">
      <mem type="allocate" free="0" total="796852224" percent="0" />
      <mem type="survivor" free="0" total="142671872" percent="0" />
    </mem>
    <mem type="tenure" free="149948488" total="1913847808" percent="7">
      <mem type="soa" free="37230760" total="1799016448" percent="2" />
      <mem type="loa" free="112717728" total="114831360" percent="98" />
    </mem>
    <remembered-set count="191187" />
  </mem-info>
</gc-start>
<allocation-stats totalBytes="683589512" >
  <allocated-bytes non-tlh="31760232" tlh="651829280" />
  <largest-consumer threadName="Group1.Backend.CompositeBackend{Tier1}.1" threadId="000000000077E000" bytes="99776736" />
</allocation-stats>
<gc-op id="6689" type="scavenge" timems="135.949" contextid="6686" timestamp="2020-09-12T19:34:45.875">
  <scavenger-info tenureage="3" tenuremask="7ff8" tiltratio="84" />
  <memory-copied type="nursery" objects="4339456" bytes="115161672" bytesdiscarded="213352" />
  <memory-copied type="tenure" objects="1109195" bytes="29827120" bytesdiscarded="123376" />
  <ownableSynchronizers candidates="3868" cleared="3620" />
  <references type="soft" candidates="177" cleared="0" enqueued="0" dynamicThreshold="17" maxThreshold="32" />
  <references type="weak" candidates="117" cleared="117" enqueued="0" />
</gc-op>
<gc-end id="6690" type="scavenge" contextid="6686" durationms="137.043" usertimems="1036.767" systemtimems="13.983" timestamp="2020-09-12T19:34:45.876" activeThreads="8">
  <mem-info id="6691" free="803323208" total="2853371904" percent="28">
    <mem type="nursery" free="683549104" total="939524096" percent="72">
      <mem type="allocate" free="683549104" total="799014912" percent="85" />
      <mem type="survivor" free="0" total="140509184" percent="0" />
    </mem>
    <mem type="tenure" free="119774104" total="1913847808" percent="6" macro-fragmented="0">
      <mem type="soa" free="7056376" total="1799016448" percent="0" />
      <mem type="loa" free="112717728" total="114831360" percent="98" />
    </mem>
    <remembered-set count="29064" />
  </mem-info>
</gc-end>
<cycle-end id="6692" type="scavenge" contextid="6686" timestamp="2020-09-12T19:34:45.877" />
<allocation-satisfied id="6693" threadId="0000000000845300" bytesRequested="32" />
<af-end id="6694" timestamp="2020-09-12T19:34:45.877" threadId="0000000000845C80" success="true" from="nursery"/>
<exclusive-end id="6695" timestamp="2020-09-12T19:34:45.877" durationms="139.302" />

<exclusive-start id="6696" timestamp="2020-09-12T19:34:47.781" intervalms="2042.917">
  <response-info timems="0.199" idlems="0.199" threads="0" lastid="0000000000845300" lastname="Group1.Backend.CompositeBackend{Tier1}.3" />
</exclusive-start>
<af-start id="6697" threadId="0000000000845C80" totalBytesRequested="16" timestamp="2020-09-12T19:34:47.782" intervalms="2042.742" type="nursery" />
<percolate-collect id="6698" from="nursery" to="global" reason="prevent tenure expand" timestamp="2020-09-12T19:34:47.782"/>
<cycle-start id="6699" type="global" contextid="0" timestamp="2020-09-12T19:34:47.782" intervalms="66008.904" />
<gc-start id="6700" type="global" contextid="6699" timestamp="2020-09-12T19:34:47.782">
  <mem-info id="6701" free="119774104" total="2853371904" percent="4">
    <mem type="nursery" free="0" total="939524096" percent="0">
      <mem type="allocate" free="0" total="799014912" percent="0" />
      <mem type="survivor" free="0" total="140509184" percent="0" />
    </mem>
    <mem type="tenure" free="119774104" total="1913847808" percent="6">
      <mem type="soa" free="7056376" total="1799016448" percent="0" />
      <mem type="loa" free="112717728" total="114831360" percent="98" />
    </mem>
    <remembered-set count="192689" />
  </mem-info>
</gc-start>
<allocation-stats totalBytes="683213560" >
  <allocated-bytes non-tlh="33624592" tlh="649588968" />
  <largest-consumer threadName="Group1.Backend.CompositeBackend{Tier1}.6" threadId="0000000000842200" bytes="113560752" />
</allocation-stats>
<gc-op id="6702" type="mark" timems="555.428" contextid="6699" timestamp="2020-09-12T19:34:48.338">
  <trace-info objectcount="31128982" scancount="30148634" scanbytes="823438988" />
  <finalization candidates="150" enqueued="0" />
  <ownableSynchronizers candidates="594012" cleared="4876" />
  <references type="soft" candidates="724815" cleared="0" enqueued="0" dynamicThreshold="17" maxThreshold="32" />
  <references type="weak" candidates="4388" cleared="98" enqueued="0" />
  <references type="phantom" candidates="106" cleared="0" enqueued="0" />
  <stringconstants candidates="10618" cleared="1"  />
</gc-op>
<gc-op id="6703" type="sweep" timems="10.680" contextid="6699" timestamp="2020-09-12T19:34:48.348" />
<gc-end id="6704" type="global" contextid="6699" durationms="566.970" usertimems="4255.322" systemtimems="0.000" timestamp="2020-09-12T19:34:48.349" activeThreads="8">
  <mem-info id="6705" free="1644168056" total="2853371904" percent="57">
    <mem type="nursery" free="602995864" total="939524096" percent="64">
      <mem type="allocate" free="602995864" total="799014912" percent="75" />
      <mem type="survivor" free="0" total="140509184" percent="0" />
    </mem>
    <mem type="tenure" free="1041172192" total="1913847808" percent="54" micro-fragmented="104141684" macro-fragmented="0">
      <mem type="soa" free="928454368" total="1799016448" percent="51" />
      <mem type="loa" free="112717824" total="114831360" percent="98" />
    </mem>
    <remembered-set count="187252" />
  </mem-info>
</gc-end>
<cycle-end id="6706" type="global" contextid="6699" timestamp="2020-09-12T19:34:48.349" />
<allocation-satisfied id="6707" threadId="0000000000845300" bytesRequested="16" />
<af-end id="6708" timestamp="2020-09-12T19:34:48.349" threadId="0000000000845C80" success="true" from="nursery"/>
<exclusive-end id="6709" timestamp="2020-09-12T19:34:48.349" durationms="568.554" />

<exclusive-start id="6710" timestamp="2020-09-12T19:34:49.587" intervalms="1805.719">
  <response-info timems="3.592" idlems="3.592" threads="0" lastid="000000000077E000" lastname="Group1.Backend.CompositeBackend{Tier1}.1" />
</exclusive-start>
<af-start id="6711" threadId="000000000077E980" totalBytesRequested="262152" timestamp="2020-09-12T19:34:49.587" intervalms="1805.780" type="nursery" />
<cycle-start id="6712" type="scavenge" contextid="0" timestamp="2020-09-12T19:34:49.587" intervalms="3848.349" />
<gc-start id="6713" type="scavenge" contextid="6712" timestamp="2020-09-12T19:34:49.588">
  <mem-info id="6714" free="1050853744" total="2853371904" percent="36">
    <mem type="nursery" free="9681600" total="939524096" percent="1">
      <mem type="allocate" free="9681600" total="799014912" percent="1" />
      <mem type="survivor" free="0" total="140509184" percent="0" />
    </mem>
    <mem type="tenure" free="1041172144" total="1913847808" percent="54">
      <mem type="soa" free="928454320" total="1799016448" percent="51" />
      <mem type="loa" free="112717824" total="114831360" percent="98" />
    </mem>
    <remembered-set count="242041" />
  </mem-info>
</gc-start>
<allocation-stats totalBytes="590943896" >
  <allocated-bytes non-tlh="29459264" tlh="561484632" />
  <largest-consumer threadName="Group1.Backend.CompositeBackend{Tier1}.6" threadId="0000000000842200" bytes="82964520" />
</allocation-stats>
<gc-op id="6715" type="scavenge" timems="132.190" contextid="6712" timestamp="2020-09-12T19:34:49.720">
  <scavenger-info tenureage="3" tenuremask="7ff8" tiltratio="85" />
  <memory-copied type="nursery" objects="5145766" bytes="137468368" bytesdiscarded="249824" />
  <memory-copied type="tenure" objects="986384" bytes="26504632" bytesdiscarded="48296" />
  <ownableSynchronizers candidates="1181678" cleared="1181379" />
  <references type="soft" candidates="193" cleared="0" enqueued="0" dynamicThreshold="17" maxThreshold="32" />
  <references type="weak" candidates="97" cleared="97" enqueued="0" />
</gc-op>
<gc-end id="6716" type="scavenge" contextid="6712" durationms="133.159" usertimems="982.482" systemtimems="2.087" timestamp="2020-09-12T19:34:49.721" activeThreads="8">
  <mem-info id="6717" free="1644907328" total="2853371904" percent="57">
    <mem type="nursery" free="630347256" total="939524096" percent="67">
      <mem type="allocate" free="630347256" total="768212992" percent="82" />
      <mem type="survivor" free="0" total="171311104" percent="0" />
    </mem>
    <mem type="tenure" free="1014560072" total="1913847808" percent="53" macro-fragmented="0">
      <mem type="soa" free="901842248" total="1799016448" percent="50" />
      <mem type="loa" free="112717824" total="114831360" percent="98" />
    </mem>
    <remembered-set count="36130" />
  </mem-info>
</gc-end>
<cycle-end id="6718" type="scavenge" contextid="6712" timestamp="2020-09-12T19:34:49.722" />
<allocation-satisfied id="6719" threadId="000000000077E000" bytesRequested="262152" />
<af-end id="6720" timestamp="2020-09-12T19:34:49.722" threadId="000000000077E980" success="true" from="nursery"/>
<exclusive-end id="6721" timestamp="2020-09-12T19:34:49.722" durationms="135.302" />

<exclusive-start id="6722" timestamp="2020-09-12T19:34:51.479" intervalms="1891.977">
  <response-info timems="0.598" idlems="0.219" threads="2" lastid="0000000000843900" lastname="Group1.Backend.CompositeBackend{Tier1}.8" />
</exclusive-start>
<af-start id="6723" threadId="0000000000843780" totalBytesRequested="48" timestamp="2020-09-12T19:34:51.479" intervalms="1891.954" type="nursery" />
<cycle-start id="6724" type="scavenge" contextid="0" timestamp="2020-09-12T19:34:51.479" intervalms="1891.952" />
<gc-start id="6725" type="scavenge" contextid="6724" timestamp="2020-09-12T19:34:51.480">
  <mem-info id="6726" free="1014560072" total="2853371904" percent="35">
    <mem type="nursery" free="0" total="939524096" percent="0">
      <mem type="allocate" free="0" total="768212992" percent="0" />
      <mem type="survivor" free="0" total="171311104" percent="0" />
    </mem>
    <mem type="tenure" free="1014560072" total="1913847808" percent="53">
      <mem type="soa" free="901842248" total="1799016448" percent="50" />
      <mem type="loa" free="112717824" total="114831360" percent="98" />
    </mem>
    <remembered-set count="190486" />
  </mem-info>
</gc-start>
<allocation-stats totalBytes="630043512" >
  <allocated-bytes non-tlh="31184032" tlh="598859480" />
  <largest-consumer threadName="Group1.Backend.CompositeBackend{Tier1}.2" threadId="0000000000780600" bytes="94566912" />
</allocation-stats>
<gc-op id="6727" type="scavenge" timems="123.960" contextid="6724" timestamp="2020-09-12T19:34:51.604">
  <scavenger-info tenureage="3" tenuremask="7ff8" tiltratio="81" />
  <memory-copied type="nursery" objects="5152990" bytes="137402272" bytesdiscarded="140624" />
  <memory-copied type="tenure" objects="994067" bytes="26743888" bytesdiscarded="115392" />
  <ownableSynchronizers candidates="3297" cleared="3015" />
  <references type="soft" candidates="202" cleared="0" enqueued="0" dynamicThreshold="17" maxThreshold="32" />
  <references type="weak" candidates="117" cleared="117" enqueued="0" />
</gc-op>
<gc-end id="6728" type="scavenge" contextid="6724" durationms="124.950" usertimems="938.571" systemtimems="2.544" timestamp="2020-09-12T19:34:51.605" activeThreads="8">
  <mem-info id="6729" free="1632089336" total="2853371904" percent="57">
    <mem type="nursery" free="644422912" total="939524096" percent="68">
      <mem type="allocate" free="644422912" total="782041088" percent="82" />
      <mem type="survivor" free="0" total="157483008" percent="0" />
    </mem>
    <mem type="tenure" free="987666424" total="1913847808" percent="51" macro-fragmented="0">
      <mem type="soa" free="874948600" total="1799016448" percent="48" />
      <mem type="loa" free="112717824" total="114831360" percent="98" />
    </mem>
    <remembered-set count="38049" />
  </mem-info>
</gc-end>
<cycle-end id="6730" type="scavenge" contextid="6724" timestamp="2020-09-12T19:34:51.605" />
<allocation-satisfied id="6731" threadId="0000000000842E00" bytesRequested="48" />
<af-end id="6732" timestamp="2020-09-12T19:34:51.605" threadId="0000000000843780" success="true" from="nursery"/>
<exclusive-end id="6733" timestamp="2020-09-12T19:34:51.605" durationms="126.782" />

<exclusive-start id="6734" timestamp="2020-09-12T19:34:53.437" intervalms="1958.805">
  <response-info timems="7.081" idlems="7.081" threads="0" lastid="0000000000841700" lastname="Group1.Backend.CompositeBackend{Tier1}.5" />
</exclusive-start>
<af-start id="6735" threadId="0000000000842080" totalBytesRequested="16" timestamp="2020-09-12T19:34:53.438" intervalms="1959.029" type="nursery" />
<cycle-start id="6736" type="scavenge" contextid="0" timestamp="2020-09-12T19:34:53.438" intervalms="1959.079" />
<gc-start id="6737" type="scavenge" contextid="6736" timestamp="2020-09-12T19:34:53.439">
  <mem-info id="6738" free="987666424" total="2853371904" percent="34">
    <mem type="nursery" free="0" total="939524096" percent="0">
      <mem type="allocate" free="0" total="782041088" percent="0" />
      <mem type="survivor" free="0" total="157483008" percent="0" />
    </mem>
    <mem type="tenure" free="987666424" total="1913847808" percent="51">
      <mem type="soa" free="874948600" total="1799016448" percent="48" />
      <mem type="loa" free="112717824" total="114831360" percent="98" />
    </mem>
    <remembered-set count="194350" />
  </mem-info>
</gc-start>
<allocation-stats totalBytes="644117896" >
  <allocated-bytes non-tlh="35157224" tlh="608960672" />
  <largest-consumer threadName="Group1.Backend.CompositeBackend{Tier1}.3" threadId="0000000000845300" bytes="92731616" />
</allocation-stats>
<gc-op id="6739" type="scavenge" timems="117.844" contextid="6736" timestamp="2020-09-12T19:34:53.557">
  <scavenger-info tenureage="3" tenuremask="7ff8" tiltratio="83" />
  <memory-copied type="nursery" objects="4860700" bytes="130361144" bytesdiscarded="265584" />
  <memory-copied type="tenure" objects="1009315" bytes="27130480" bytesdiscarded="103208" />
  <ownableSynchronizers candidates="3641" cleared="3357" />
  <references type="soft" candidates="219" cleared="0" enqueued="0" dynamicThreshold="17" maxThreshold="32" />
  <references type="weak" candidates="132" cleared="132" enqueued="0" />
</gc-op>
<gc-end id="6740" type="scavenge" contextid="6736" durationms="118.818" usertimems="872.567" systemtimems="8.034" timestamp="2020-09-12T19:34:53.558" activeThreads="8">
  <mem-info id="6741" free="1612455504" total="2853371904" percent="56">
    <mem type="nursery" free="652059904" total="939524096" percent="69">
      <mem type="allocate" free="652059904" total="782761984" percent="83" />
      <mem type="survivor" free="0" total="156762112" percent="0" />
    </mem>
    <mem type="tenure" free="960395600" total="1913847808" percent="50" macro-fragmented="0">
      <mem type="soa" free="847677776" total="1799016448" percent="47" />
      <mem type="loa" free="112717824" total="114831360" percent="98" />
    </mem>
    <remembered-set count="37463" />
  </mem-info>
</gc-end>
<cycle-end id="6742" type="scavenge" contextid="6736" timestamp="2020-09-12T19:34:53.558" />
<allocation-satisfied id="6743" threadId="0000000000841700" bytesRequested="16" />
<af-end id="6744" timestamp="2020-09-12T19:34:53.558" threadId="0000000000842080" success="true" from="nursery"/>
<exclusive-end id="6745" timestamp="2020-09-12T19:34:53.558" durationms="121.012" />

<exclusive-start id="6746" timestamp="2020-09-12T19:34:55.468" intervalms="2031.040">
  <response-info timems="0.473" idlems="0.473" threads="0" lastid="0000000000843900" lastname="Group1.Backend.CompositeBackend{Tier1}.8" />
</exclusive-start>
<af-start id="6747" threadId="0000000000844280" totalBytesRequested="944" timestamp="2020-09-12T19:34:55.469" intervalms="2030.814" type="nursery" />
<cycle-start id="6748" type="scavenge" contextid="0" timestamp="2020-09-12T19:34:55.469" intervalms="2030.794" />
<gc-start id="6749" type="scavenge" contextid="6748" timestamp="2020-09-12T19:34:55.470">
  <mem-info id="6750" free="960395600" total="2853371904" percent="33">
    <mem type="nursery" free="0" total="939524096" percent="0">
      <mem type="allocate" free="0" total="782761984" percent="0" />
      <mem type="survivor" free="0" total="156762112" percent="0" />
    </mem>
    <mem type="tenure" free="960395600" total="1913847808" percent="50">
      <mem type="soa" free="847677776" total="1799016448" percent="47" />
      <mem type="loa" free="112717824" total="114831360" percent="98" />
    </mem>
    <remembered-set count="198390" />
  </mem-info>
</gc-start>
<allocation-stats totalBytes="651736592" >
  <allocated-bytes non-tlh="26363248" tlh="625373344" />
  <largest-consumer threadName="Group1.Backend.CompositeBackend{Tier1}.8" threadId="0000000000843900" bytes="96908944" />
</allocation-stats>
<gc-op id="6751" type="scavenge" timems="124.034" contextid="6748" timestamp="2020-09-12T19:34:55.594">
  <scavenger-info tenureage="3" tenuremask="7ff8" tiltratio="83" />
  <memory-copied type="nursery" objects="3867349" bytes="103660304" bytesdiscarded="426704" />
  <memory-copied type="tenure" objects="1993180" bytes="53571752" bytesdiscarded="133160" />
  <ownableSynchronizers candidates="4527" cleared="4227" />
  <references type="soft" candidates="183" cleared="0" enqueued="0" dynamicThreshold="17" maxThreshold="32" />
  <references type="weak" candidates="117" cleared="117" enqueued="0" />
</gc-op>
<gc-end id="6752" type="scavenge" contextid="6748" durationms="125.161" usertimems="917.262" systemtimems="1.180" timestamp="2020-09-12T19:34:55.595" activeThreads="8">
  <mem-info id="6753" free="1587378512" total="2853371904" percent="55">
    <mem type="nursery" free="680756992" total="939524096" percent="72">
      <mem type="allocate" free="680756992" total="784924672" percent="86" />
      <mem type="survivor" free="0" total="154599424" percent="0" />
    </mem>
    <mem type="tenure" free="906621520" total="1913847808" percent="47" macro-fragmented="0">
      <mem type="soa" free="793903696" total="1799016448" percent="44" />
      <mem type="loa" free="112717824" total="114831360" percent="98" />
    </mem>
    <remembered-set count="30071" />
  </mem-info>
</gc-end>
<cycle-end id="6754" type="scavenge" contextid="6748" timestamp="2020-09-12T19:34:55.596" />
<allocation-satisfied id="6755" threadId="0000000000843900" bytesRequested="944" />
<af-end id="6756" timestamp="2020-09-12T19:34:55.596" threadId="0000000000844280" success="true" from="nursery"/>
<exclusive-end id="6757" timestamp="2020-09-12T19:34:55.596" durationms="127.821" />

<exclusive-start id="6758" timestamp="2020-09-12T19:34:57.522" intervalms="2053.605">
  <response-info timems="0.515" idlems="0.515" threads="0" lastid="0000000000846A00" lastname="Group1.Backend.CompositeBackend{Tier1}.4" />
</exclusive-start>
<af-start id="6759" threadId="0000000000847380" totalBytesRequested="16" timestamp="2020-09-12T19:34:57.523" intervalms="2053.683" type="nursery" />
<cycle-start id="6760" type="scavenge" contextid="0" timestamp="2020-09-12T19:34:57.523" intervalms="2053.687" />
<gc-start id="6761" type="scavenge" contextid="6760" timestamp="2020-09-12T19:34:57.523">
  <mem-info id="6762" free="906621520" total="2853371904" percent="31">
    <mem type="nursery" free="0" total="939524096" percent="0">
      <mem type="allocate" free="0" total="784924672" percent="0" />
      <mem type="survivor" free="0" total="154599424" percent="0" />
    </mem>
    <mem type="tenure" free="906621520" total="1913847808" percent="47">
      <mem type="soa" free="793903696" total="1799016448" percent="44" />
      <mem type="loa" free="112717824" total="114831360" percent="98" />
    </mem>
    <remembered-set count="191786" />
  </mem-info>
</gc-start>
<allocation-stats totalBytes="680436528" >
  <allocated-bytes non-tlh="32755064" tlh="647681464" />
  <largest-consumer threadName="Group1.Backend.CompositeBackend{Tier1}.2" threadId="0000000000780600" bytes="116249216" />
</allocation-stats>
<gc-op id="6763" type="scavenge" timems="120.286" contextid="6760" timestamp="2020-09-12T19:34:57.644">
  <scavenger-info tenureage="3" tenuremask="7ff8" tiltratio="83" />
  <memory-copied type="nursery" objects="4500544" bytes="118441608" bytesdiscarded="134848" />
  <memory-copied type="tenure" objects="996625" bytes="26789632" bytesdiscarded="119840" />
  <ownableSynchronizers candidates="3187" cleared="2949" />
  <references type="soft" candidates="174" cleared="0" enqueued="0" dynamicThreshold="17" maxThreshold="32" />
  <references type="weak" candidates="102" cleared="102" enqueued="0" />
</gc-op>
<gc-end id="6764" type="scavenge" contextid="6760" durationms="121.213" usertimems="908.969" systemtimems="0.000" timestamp="2020-09-12T19:34:57.644" activeThreads="8">
  <mem-info id="6765" free="1547097056" total="2853371904" percent="54">
    <mem type="nursery" free="667315720" total="939524096" percent="71">
      <mem type="allocate" free="667315720" total="785973248" percent="84" />
      <mem type="survivor" free="0" total="153550848" percent="0" />
    </mem>
    <mem type="tenure" free="879781336" total="1913847808" percent="45" macro-fragmented="0">
      <mem type="soa" free="767063512" total="1799016448" percent="42" />
      <mem type="loa" free="112717824" total="114831360" percent="98" />
    </mem>
    <remembered-set count="30699" />
  </mem-info>
</gc-end>
<cycle-end id="6766" type="scavenge" contextid="6760" timestamp="2020-09-12T19:34:57.645" />
<allocation-satisfied id="6767" threadId="0000000000846A00" bytesRequested="16" />
<af-end id="6768" timestamp="2020-09-12T19:34:57.645" threadId="0000000000847380" success="true" from="nursery"/>
<exclusive-end id="6769" timestamp="2020-09-12T19:34:57.645" durationms="123.162" />

<exclusive-start id="6770" timestamp="2020-09-12T19:34:59.486" intervalms="1963.802">
  <response-info timems="0.506" idlems="0.506" threads="0" lastid="0000000000843900" lastname="Group1.Backend.CompositeBackend{Tier1}.8" />
</exclusive-start>
<af-start id="6771" threadId="0000000000844280" totalBytesRequested="266632" timestamp="2020-09-12T19:34:59.487" intervalms="1963.748" type="nursery" />
<cycle-start id="6772" type="scavenge" contextid="0" timestamp="2020-09-12T19:34:59.487" intervalms="1963.740" />
<gc-start id="6773" type="scavenge" contextid="6772" timestamp="2020-09-12T19:34:59.487">
  <mem-info id="6774" free="879781336" total="2853371904" percent="30">
    <mem type="nursery" free="0" total="939524096" percent="0">
      <mem type="allocate" free="0" total="785973248" percent="0" />
      <mem type="survivor" free="0" total="153550848" percent="0" />
    </mem>
    <mem type="tenure" free="879781336" total="1913847808" percent="45">
      <mem type="soa" free="767063512" total="1799016448" percent="42" />
      <mem type="loa" free="112717824" total="114831360" percent="98" />
    </mem>
    <remembered-set count="189206" />
  </mem-info>
</gc-start>
<allocation-stats totalBytes="667010960" >
  <allocated-bytes non-tlh="36851008" tlh="630159952" />
  <largest-consumer threadName="Group1.Backend.CompositeBackend{Tier1}.2" threadId="0000000000780600" bytes="115259088" />
</allocation-stats>
<gc-op id="6775" type="scavenge" timems="108.200" contextid="6772" timestamp="2020-09-12T19:34:59.595">
  <scavenger-info tenureage="3" tenuremask="7ff8" tiltratio="83" />
  <memory-copied type="nursery" objects="4221514" bytes="112325736" bytesdiscarded="155072" />
  <memory-copied type="tenure" objects="1021036" bytes="27423840" bytesdiscarded="112800" />
  <ownableSynchronizers candidates="3600" cleared="3352" />
  <references type="soft" candidates="155" cleared="0" enqueued="0" dynamicThreshold="17" maxThreshold="32" />
  <references type="weak" candidates="123" cleared="123" enqueued="0" />
</gc-op>
<gc-end id="6776" type="scavenge" contextid="6772" durationms="109.161" usertimems="840.284" systemtimems="0.000" timestamp="2020-09-12T19:34:59.596" activeThreads="8">
  <mem-info id="6777" free="1529840640" total="2853371904" percent="53">
    <mem type="nursery" free="677606512" total="939524096" percent="72">
      <mem type="allocate" free="677606512" total="790167552" percent="85" />
      <mem type="survivor" free="0" total="149356544" percent="0" />
    </mem>
    <mem type="tenure" free="852234128" total="1913847808" percent="44" macro-fragmented="0">
      <mem type="soa" free="739516304" total="1799016448" percent="41" />
      <mem type="loa" free="112717824" total="114831360" percent="98" />
    </mem>
    <remembered-set count="29066" />
  </mem-info>
</gc-end>
<cycle-end id="6778" type="scavenge" contextid="6772" timestamp="2020-09-12T19:34:59.597" />
<allocation-satisfied id="6779" threadId="0000000000843900" bytesRequested="266632" />
<af-end id="6780" timestamp="2020-09-12T19:34:59.597" threadId="0000000000844280" success="true" from="nursery"/>
<exclusive-end id="6781" timestamp="2020-09-12T19:34:59.597" durationms="111.407" />

<exclusive-start id="6782" timestamp="2020-09-12T19:35:01.678" intervalms="2191.914">
  <response-info timems="4.135" idlems="4.135" threads="0" lastid="0000000000841700" lastname="Group1.Backend.CompositeBackend{Tier1}.5" />
</exclusive-start>
<af-start id="6783" threadId="0000000000842080" totalBytesRequested="16" timestamp="2020-09-12T19:35:01.679" intervalms="2192.021" type="nursery" />
<cycle-start id="6784" type="scavenge" contextid="0" timestamp="2020-09-12T19:35:01.679" intervalms="2192.022" />
<gc-start id="6785" type="scavenge" contextid="6784" timestamp="2020-09-12T19:35:01.679">
  <mem-info id="6786" free="852234128" total="2853371904" percent="29">
    <mem type="nursery" free="0" total="939524096" percent="0">
      <mem type="allocate" free="0" total="790167552" percent="0" />
      <mem type="survivor" free="0" total="149356544" percent="0" />
    </mem>
    <mem type="tenure" free="852234128" total="1913847808" percent="44">
      <mem type="soa" free="739516304" total="1799016448" percent="41" />
      <mem type="loa" free="112717824" total="114831360" percent="98" />
    </mem>
    <remembered-set count="194183" />
  </mem-info>
</gc-start>
<allocation-stats totalBytes="677267624" >
  <allocated-bytes non-tlh="26813816" tlh="650453808" />
  <largest-consumer threadName="Group1.Backend.CompositeBackend{Tier1}.2" threadId="0000000000780600" bytes="103465456" />
</allocation-stats>
<gc-op id="6787" type="scavenge" timems="119.198" contextid="6784" timestamp="2020-09-12T19:35:01.798">
  <scavenger-info tenureage="3" tenuremask="7ff8" tiltratio="84" />
  <memory-copied type="nursery" objects="4094356" bytes="109721608" bytesdiscarded="255216" />
  <memory-copied type="tenure" objects="1080676" bytes="29044976" bytesdiscarded="122440" />
  <ownableSynchronizers candidates="3728" cleared="3487" />
  <references type="soft" candidates="153" cleared="0" enqueued="0" dynamicThreshold="17" maxThreshold="32" />
  <references type="weak" candidates="113" cleared="112" enqueued="0" />
</gc-op>
<gc-end id="6788" type="scavenge" contextid="6784" durationms="120.115" usertimems="856.509" systemtimems="4.541" timestamp="2020-09-12T19:35:01.799" activeThreads="8">
  <mem-info id="6789" free="1507896624" total="2853371904" percent="52">
    <mem type="nursery" free="684820992" total="939524096" percent="72">
      <mem type="allocate" free="684820992" total="794886144" percent="86" />
      <mem type="survivor" free="0" total="144637952" percent="0" />
    </mem>
    <mem type="tenure" free="823075632" total="1913847808" percent="43" macro-fragmented="0">
      <mem type="soa" free="710357808" total="1799016448" percent="39" />
      <mem type="loa" free="112717824" total="114831360" percent="98" />
    </mem>
    <remembered-set count="30265" />
  </mem-info>
</gc-end>
<cycle-end id="6790" type="scavenge" contextid="6784" timestamp="2020-09-12T19:35:01.800" />
<allocation-satisfied id="6791" threadId="0000000000841700" bytesRequested="16" />
<af-end id="6792" timestamp="2020-09-12T19:35:01.800" threadId="0000000000842080" success="true" from="nursery"/>
<exclusive-end id="6793" timestamp="2020-09-12T19:35:01.800" durationms="122.337" />

<exclusive-start id="6794" timestamp="2020-09-12T19:35:03.684" intervalms="2006.076">
  <response-info timems="0.352" idlems="0.352" threads="0" lastid="0000000000841700" lastname="Group1.Backend.CompositeBackend{Tier1}.5" />
</exclusive-start>
<af-start id="6795" threadId="0000000000842080" totalBytesRequested="32" timestamp="2020-09-12T19:35:03.685" intervalms="2006.156" type="nursery" />
<cycle-start id="6796" type="scavenge" contextid="0" timestamp="2020-09-12T19:35:03.685" intervalms="2006.152" />
<gc-start id="6797" type="scavenge" contextid="6796" timestamp="2020-09-12T19:35:03.685">
  <mem-info id="6798" free="823075632" total="2853371904" percent="28">
    <mem type="nursery" free="0" total="939524096" percent="0">
      <mem type="allocate" free="0" total="794886144" percent="0" />
      <mem type="survivor" free="0" total="144637952" percent="0" />
    </mem>
    <mem type="tenure" free="823075632" total="1913847808" percent="43">
      <mem type="soa" free="710357808" total="1799016448" percent="39" />
      <mem type="loa" free="112717824" total="114831360" percent="98" />
    </mem>
    <remembered-set count="191488" />
  </mem-info>
</gc-start>
<allocation-stats totalBytes="684498712" >
  <allocated-bytes non-tlh="35444312" tlh="649054400" />
  <largest-consumer threadName="Group1.Backend.CompositeBackend{Tier1}.2" threadId="0000000000780600" bytes="124876600" />
</allocation-stats>
<gc-op id="6799" type="scavenge" timems="110.394" contextid="6796" timestamp="2020-09-12T19:35:03.796">
  <scavenger-info tenureage="3" tenuremask="7ff8" tiltratio="84" />
  <memory-copied type="nursery" objects="4094936" bytes="109720760" bytesdiscarded="226392" />
  <memory-copied type="tenure" objects="1082483" bytes="29087232" bytesdiscarded="118376" />
  <ownableSynchronizers candidates="3637" cleared="3418" />
  <references type="soft" candidates="160" cleared="0" enqueued="0" dynamicThreshold="17" maxThreshold="32" />
  <references type="weak" candidates="117" cleared="117" enqueued="0" />
</gc-op>
<gc-end id="6800" type="scavenge" contextid="6796" durationms="111.537" usertimems="831.185" systemtimems="2.710" timestamp="2020-09-12T19:35:03.797" activeThreads="8">
  <mem-info id="6801" free="1483025912" total="2853371904" percent="51">
    <mem type="nursery" free="689179392" total="939524096" percent="73">
      <mem type="allocate" free="689179392" total="799211520" percent="86" />
      <mem type="survivor" free="0" total="140312576" percent="0" />
    </mem>
    <mem type="tenure" free="793846520" total="1913847808" percent="41" macro-fragmented="0">
      <mem type="soa" free="681128696" total="1799016448" percent="37" />
      <mem type="loa" free="112717824" total="114831360" percent="98" />
    </mem>
    <remembered-set count="29299" />
  </mem-info>
</gc-end>
<cycle-end id="6802" type="scavenge" contextid="6796" timestamp="2020-09-12T19:35:03.798" />
<allocation-satisfied id="6803" threadId="0000000000841700" bytesRequested="32" />
<af-end id="6804" timestamp="2020-09-12T19:35:03.798" threadId="0000000000842080" success="true" from="nursery"/>
<exclusive-end id="6805" timestamp="2020-09-12T19:35:03.798" durationms="113.791" />

<exclusive-start id="6806" timestamp="2020-09-12T19:35:05.793" intervalms="2109.386">
  <response-info timems="0.461" idlems="0.436" threads="1" lastid="0000000000842200" lastname="Group1.Backend.CompositeBackend{Tier1}.6" />
</exclusive-start>
<af-start id="6807" threadId="0000000000847380" totalBytesRequested="168" timestamp="2020-09-12T19:35:05.794" intervalms="2109.292" type="nursery" />
<cycle-start id="6808" type="scavenge" contextid="0" timestamp="2020-09-12T19:35:05.794" intervalms="2109.268" />
<gc-start id="6809" type="scavenge" contextid="6808" timestamp="2020-09-12T19:35:05.794">
  <mem-info id="6810" free="793846520" total="2853371904" percent="27">
    <mem type="nursery" free="0" total="939524096" percent="0">
      <mem type="allocate" free="0" total="799211520" percent="0" />
      <mem type="survivor" free="0" total="140312576" percent="0" />
    </mem>
    <mem type="tenure" free="793846520" total="1913847808" percent="41">
      <mem type="soa" free="681128696" total="1799016448" percent="37" />
      <mem type="loa" free="112717824" total="114831360" percent="98" />
    </mem>
    <remembered-set count="191625" />
  </mem-info>
</gc-start>
<allocation-stats totalBytes="688852120" >
  <allocated-bytes non-tlh="32947760" tlh="655904360" />
  <largest-consumer threadName="Group1.Backend.CompositeBackend{Tier1}.2" threadId="0000000000780600" bytes="120914848" />
</allocation-stats>
<gc-op id="6811" type="scavenge" timems="132.088" contextid="6808" timestamp="2020-09-12T19:35:05.927">
  <scavenger-info tenureage="3" tenuremask="7ff8" tiltratio="85" />
  <memory-copied type="nursery" objects="4155286" bytes="111353248" bytesdiscarded="318840" />
  <memory-copied type="tenure" objects="1053836" bytes="28331592" bytesdiscarded="122016" />
  <ownableSynchronizers candidates="4398" cleared="4157" />
  <references type="soft" candidates="165" cleared="0" enqueued="0" dynamicThreshold="17" maxThreshold="32" />
  <references type="weak" candidates="110" cleared="108" enqueued="0" />
</gc-op>
<gc-end id="6812" type="scavenge" contextid="6808" durationms="133.415" usertimems="944.248" systemtimems="4.139" timestamp="2020-09-12T19:35:05.928" activeThreads="8">
  <mem-info id="6813" free="1455499856" total="2853371904" percent="51">
    <mem type="nursery" free="690201600" total="939524096" percent="73">
      <mem type="allocate" free="690201600" total="801964032" percent="86" />
      <mem type="survivor" free="0" total="137560064" percent="0" />
    </mem>
    <mem type="tenure" free="765298256" total="1913847808" percent="39" macro-fragmented="0">
      <mem type="soa" free="652580432" total="1799016448" percent="36" />
      <mem type="loa" free="112717824" total="114831360" percent="98" />
    </mem>
    <remembered-set count="29573" />
  </mem-info>
</gc-end>
<cycle-end id="6814" type="scavenge" contextid="6808" timestamp="2020-09-12T19:35:05.929" />
<allocation-satisfied id="6815" threadId="0000000000846A00" bytesRequested="168" />
<af-end id="6816" timestamp="2020-09-12T19:35:05.929" threadId="0000000000847380" success="true" from="nursery"/>
<exclusive-end id="6817" timestamp="2020-09-12T19:35:05.929" durationms="135.612" />

<exclusive-start id="6818" timestamp="2020-09-12T19:35:07.844" intervalms="2050.748">
  <response-info timems="0.661" idlems="0.661" threads="0" lastid="0000000000842E00" lastname="Group1.Backend.CompositeBackend{Tier1}.7" />
</exclusive-start>
<af-start id="6819" threadId="0000000000843780" totalBytesRequested="131080" timestamp="2020-09-12T19:35:07.845" intervalms="2050.873" type="nursery" />
<cycle-start id="6820" type="scavenge" contextid="0" timestamp="2020-09-12T19:35:07.846" intervalms="2051.506" />
<gc-start id="6821" type="scavenge" contextid="6820" timestamp="2020-09-12T19:35:07.846">
  <mem-info id="6822" free="765298256" total="2853371904" percent="26">
    <mem type="nursery" free="0" total="939524096" percent="0">
      <mem type="allocate" free="0" total="801964032" percent="0" />
      <mem type="survivor" free="0" total="137560064" percent="0" />
    </mem>
    <mem type="tenure" free="765298256" total="1913847808" percent="39">
      <mem type="soa" free="652580432" total="1799016448" percent="36" />
      <mem type="loa" free="112717824" total="114831360" percent="98" />
    </mem>
    <remembered-set count="190463" />
  </mem-info>
</gc-start>
<allocation-stats totalBytes="689891440" >
  <allocated-bytes non-tlh="34286712" tlh="655604728" />
  <largest-consumer threadName="Group1.Backend.CompositeBackend{Tier1}.4" threadId="0000000000846A00" bytes="115441320" />
</allocation-stats>
<gc-op id="6823" type="scavenge" timems="138.420" contextid="6820" timestamp="2020-09-12T19:35:07.985">
  <scavenger-info tenureage="3" tenuremask="7ff8" tiltratio="85" />
  <memory-copied type="nursery" objects="4538128" bytes="120506696" bytesdiscarded="166128" />
  <memory-copied type="tenure" objects="1104708" bytes="29680208" bytesdiscarded="118840" />
  <ownableSynchronizers candidates="3257" cleared="3019" />
  <references type="soft" candidates="158" cleared="0" enqueued="0" dynamicThreshold="17" maxThreshold="32" />
  <references type="weak" candidates="106" cleared="106" enqueued="0" />
</gc-op>
<gc-end id="6824" type="scavenge" contextid="6820" durationms="139.663" usertimems="1078.771" systemtimems="7.983" timestamp="2020-09-12T19:35:07.985" activeThreads="8">
  <mem-info id="6825" free="1410665728" total="2853371904" percent="49">
    <mem type="nursery" free="675053056" total="939524096" percent="71">
      <mem type="allocate" free="675053056" total="795803648" percent="84" />
      <mem type="survivor" free="0" total="143720448" percent="0" />
    </mem>
    <mem type="tenure" free="735612672" total="1913847808" percent="38" macro-fragmented="0">
      <mem type="soa" free="622894848" total="1799016448" percent="34" />
      <mem type="loa" free="112717824" total="114831360" percent="98" />
    </mem>
    <remembered-set count="28013" />
  </mem-info>
</gc-end>
<cycle-end id="6826" type="scavenge" contextid="6820" timestamp="2020-09-12T19:35:07.986" />
<allocation-satisfied id="6827" threadId="0000000000842E00" bytesRequested="131080" />
<af-end id="6828" timestamp="2020-09-12T19:35:07.986" threadId="0000000000843780" success="true" from="nursery"/>
<exclusive-end id="6829" timestamp="2020-09-12T19:35:07.987" durationms="142.510" />

<exclusive-start id="6830" timestamp="2020-09-12T19:35:09.886" intervalms="2042.079">
  <response-info timems="1.317" idlems="1.001" threads="2" lastid="0000000000842E00" lastname="Group1.Backend.CompositeBackend{Tier1}.7" />
</exclusive-start>
<af-start id="6831" threadId="0000000000842080" totalBytesRequested="16" timestamp="2020-09-12T19:35:09.887" intervalms="2042.051" type="nursery" />
<cycle-start id="6832" type="scavenge" contextid="0" timestamp="2020-09-12T19:35:09.887" intervalms="2041.464" />
<gc-start id="6833" type="scavenge" contextid="6832" timestamp="2020-09-12T19:35:09.887">
  <mem-info id="6834" free="735612672" total="2853371904" percent="25">
    <mem type="nursery" free="0" total="939524096" percent="0">
      <mem type="allocate" free="0" total="795803648" percent="0" />
      <mem type="survivor" free="0" total="143720448" percent="0" />
    </mem>
    <mem type="tenure" free="735612672" total="1913847808" percent="38">
      <mem type="soa" free="622894848" total="1799016448" percent="34" />
      <mem type="loa" free="112717824" total="114831360" percent="98" />
    </mem>
    <remembered-set count="190095" />
  </mem-info>
</gc-start>
<allocation-stats totalBytes="674744368" >
  <allocated-bytes non-tlh="30874960" tlh="643869408" />
  <largest-consumer threadName="Group1.Backend.CompositeBackend{Tier1}.6" threadId="0000000000842200" bytes="94063592" />
</allocation-stats>
<gc-op id="6835" type="scavenge" timems="130.781" contextid="6832" timestamp="2020-09-12T19:35:10.018">
  <scavenger-info tenureage="3" tenuremask="7ff8" tiltratio="84" />
  <memory-copied type="nursery" objects="4074219" bytes="109096608" bytesdiscarded="311672" />
  <memory-copied type="tenure" objects="1073661" bytes="28874152" bytesdiscarded="128608" />
  <ownableSynchronizers candidates="3596" cleared="3354" />
  <references type="soft" candidates="163" cleared="0" enqueued="0" dynamicThreshold="17" maxThreshold="32" />
  <references type="weak" candidates="113" cleared="113" enqueued="0" />
</gc-op>
<gc-end id="6836" type="scavenge" contextid="6832" durationms="131.925" usertimems="833.147" systemtimems="0.000" timestamp="2020-09-12T19:35:10.019" activeThreads="8">
  <mem-info id="6837" free="1394642752" total="2853371904" percent="48">
    <mem type="nursery" free="688084984" total="939524096" percent="73">
      <mem type="allocate" free="688084984" total="797573120" percent="86" />
      <mem type="survivor" free="0" total="141950976" percent="0" />
    </mem>
    <mem type="tenure" free="706557768" total="1913847808" percent="36" macro-fragmented="0">
      <mem type="soa" free="593839944" total="1799016448" percent="33" />
      <mem type="loa" free="112717824" total="114831360" percent="98" />
    </mem>
    <remembered-set count="29016" />
  </mem-info>
</gc-end>
<cycle-end id="6838" type="scavenge" contextid="6832" timestamp="2020-09-12T19:35:10.020" />
<allocation-satisfied id="6839" threadId="0000000000841700" bytesRequested="16" />
<af-end id="6840" timestamp="2020-09-12T19:35:10.020" threadId="0000000000842080" success="true" from="nursery"/>
<exclusive-end id="6841" timestamp="2020-09-12T19:35:10.020" durationms="134.097" />

<exclusive-start id="6842" timestamp="2020-09-12T19:35:12.058" intervalms="2171.770">
  <response-info timems="0.708" idlems="0.708" threads="0" lastid="0000000000A6CD00" lastname="Group1.Backend.CompositeBackend{Tier3}.3" />
</exclusive-start>
<af-start id="6843" threadId="0000000000A6D680" totalBytesRequested="96" timestamp="2020-09-12T19:35:12.059" intervalms="2171.818" type="nursery" />
<cycle-start id="6844" type="scavenge" contextid="0" timestamp="2020-09-12T19:35:12.059" intervalms="2171.816" />
<gc-start id="6845" type="scavenge" contextid="6844" timestamp="2020-09-12T19:35:12.059">
  <mem-info id="6846" free="706557768" total="2853371904" percent="24">
    <mem type="nursery" free="0" total="939524096" percent="0">
      <mem type="allocate" free="0" total="797573120" percent="0" />
      <mem type="survivor" free="0" total="141950976" percent="0" />
    </mem>
    <mem type="tenure" free="706557768" total="1913847808" percent="36">
      <mem type="soa" free="593839944" total="1799016448" percent="33" />
      <mem type="loa" free="112717824" total="114831360" percent="98" />
    </mem>
    <remembered-set count="194551" />
  </mem-info>
</gc-start>
<allocation-stats totalBytes="687743896" >
  <allocated-bytes non-tlh="29475280" tlh="658268616" />
  <largest-consumer threadName="Group1.Backend.CompositeBackend{Tier1}.1" threadId="000000000077E000" bytes="134223240" />
</allocation-stats>
<gc-op id="6847" type="scavenge" timems="125.926" contextid="6844" timestamp="2020-09-12T19:35:12.185">
  <scavenger-info tenureage="3" tenuremask="7ff8" tiltratio="84" />
  <memory-copied type="nursery" objects="4050576" bytes="108742520" bytesdiscarded="232264" />
  <memory-copied type="tenure" objects="1109804" bytes="29839144" bytesdiscarded="150224" />
  <ownableSynchronizers candidates="3944" cleared="3690" />
  <references type="soft" candidates="175" cleared="0" enqueued="0" dynamicThreshold="17" maxThreshold="32" />
  <references type="weak" candidates="123" cleared="122" enqueued="0" />
</gc-op>
<gc-end id="6848" type="scavenge" contextid="6844" durationms="127.148" usertimems="909.998" systemtimems="9.653" timestamp="2020-09-12T19:35:12.186" activeThreads="8">
  <mem-info id="6849" free="1368975192" total="2853371904" percent="47">
    <mem type="nursery" free="692444672" total="939524096" percent="73">
      <mem type="allocate" free="692444672" total="801505280" percent="86" />
      <mem type="survivor" free="0" total="138018816" percent="0" />
    </mem>
    <mem type="tenure" free="676530520" total="1913847808" percent="35" macro-fragmented="0">
      <mem type="soa" free="563812696" total="1799016448" percent="31" />
      <mem type="loa" free="112717824" total="114831360" percent="98" />
    </mem>
    <remembered-set count="30454" />
  </mem-info>
</gc-end>
<cycle-end id="6850" type="scavenge" contextid="6844" timestamp="2020-09-12T19:35:12.187" />
<allocation-satisfied id="6851" threadId="0000000000A6CD00" bytesRequested="96" />
<af-end id="6852" timestamp="2020-09-12T19:35:12.187" threadId="0000000000A6D680" success="true" from="nursery"/>
<exclusive-end id="6853" timestamp="2020-09-12T19:35:12.187" durationms="129.631" />

<exclusive-start id="6854" timestamp="2020-09-12T19:35:14.161" intervalms="2103.177">
  <response-info timems="7.409" idlems="7.409" threads="0" lastid="0000000000845300" lastname="Group1.Backend.CompositeBackend{Tier1}.3" />
</exclusive-start>
<af-start id="6855" threadId="0000000000845C80" totalBytesRequested="24" timestamp="2020-09-12T19:35:14.162" intervalms="2103.080" type="nursery" />
<cycle-start id="6856" type="scavenge" contextid="0" timestamp="2020-09-12T19:35:14.162" intervalms="2103.080" />
<gc-start id="6857" type="scavenge" contextid="6856" timestamp="2020-09-12T19:35:14.162">
  <mem-info id="6858" free="676530520" total="2853371904" percent="23">
    <mem type="nursery" free="0" total="939524096" percent="0">
      <mem type="allocate" free="0" total="801505280" percent="0" />
      <mem type="survivor" free="0" total="138018816" percent="0" />
    </mem>
    <mem type="tenure" free="676530520" total="1913847808" percent="35">
      <mem type="soa" free="563812696" total="1799016448" percent="31" />
      <mem type="loa" free="112717824" total="114831360" percent="98" />
    </mem>
    <remembered-set count="194323" />
  </mem-info>
</gc-start>
<allocation-stats totalBytes="692122184" >
  <allocated-bytes non-tlh="34971312" tlh="657150872" />
  <largest-consumer threadName="Group1.Backend.CompositeBackend{Tier1}.1" threadId="000000000077E000" bytes="147058256" />
</allocation-stats>
<gc-op id="6859" type="scavenge" timems="127.766" contextid="6856" timestamp="2020-09-12T19:35:14.290">
  <scavenger-info tenureage="3" tenuremask="7ff8" tiltratio="85" />
  <memory-copied type="nursery" objects="4423731" bytes="116968032" bytesdiscarded="154488" />
  <memory-copied type="tenure" objects="1066086" bytes="28667048" bytesdiscarded="128816" />
  <ownableSynchronizers candidates="3867" cleared="3621" />
  <references type="soft" candidates="191" cleared="0" enqueued="0" dynamicThreshold="17" maxThreshold="32" />
  <references type="weak" candidates="99" cleared="99" enqueued="0" />
</gc-op>
<gc-end id="6860" type="scavenge" contextid="6856" durationms="129.026" usertimems="940.694" systemtimems="3.683" timestamp="2020-09-12T19:35:14.291" activeThreads="8">
  <mem-info id="6861" free="1330322080" total="2853371904" percent="46">
    <mem type="nursery" free="682527984" total="939524096" percent="72">
      <mem type="allocate" free="682527984" total="799735808" percent="85" />
      <mem type="survivor" free="0" total="139788288" percent="0" />
    </mem>
    <mem type="tenure" free="647794096" total="1913847808" percent="33" macro-fragmented="0">
      <mem type="soa" free="535076272" total="1799016448" percent="29" />
      <mem type="loa" free="112717824" total="114831360" percent="98" />
    </mem>
    <remembered-set count="32457" />
  </mem-info>
</gc-end>
<cycle-end id="6862" type="scavenge" contextid="6856" timestamp="2020-09-12T19:35:14.292" />
<allocation-satisfied id="6863" threadId="0000000000845300" bytesRequested="24" />
<af-end id="6864" timestamp="2020-09-12T19:35:14.292" threadId="0000000000845C80" success="true" from="nursery"/>
<exclusive-end id="6865" timestamp="2020-09-12T19:35:14.292" durationms="131.088" />

<exclusive-start id="6866" timestamp="2020-09-12T19:35:16.203" intervalms="2041.585">
  <response-info timems="0.693" idlems="0.350" threads="1" lastid="0000000000780600" lastname="Group1.Backend.CompositeBackend{Tier1}.2" />
</exclusive-start>
<af-start id="6867" threadId="0000000000843780" totalBytesRequested="96" timestamp="2020-09-12T19:35:16.203" intervalms="2041.578" type="nursery" />
<cycle-start id="6868" type="scavenge" contextid="0" timestamp="2020-09-12T19:35:16.204" intervalms="2041.542" />
<gc-start id="6869" type="scavenge" contextid="6868" timestamp="2020-09-12T19:35:16.204">
  <mem-info id="6870" free="647794096" total="2853371904" percent="22">
    <mem type="nursery" free="0" total="939524096" percent="0">
      <mem type="allocate" free="0" total="799735808" percent="0" />
      <mem type="survivor" free="0" total="139788288" percent="0" />
    </mem>
    <mem type="tenure" free="647794096" total="1913847808" percent="33">
      <mem type="soa" free="535076272" total="1799016448" percent="29" />
      <mem type="loa" free="112717824" total="114831360" percent="98" />
    </mem>
    <remembered-set count="196149" />
  </mem-info>
</gc-start>
<allocation-stats totalBytes="682195432" >
  <allocated-bytes non-tlh="30868744" tlh="651326688" />
  <largest-consumer threadName="Group1.Backend.CompositeBackend{Tier1}.5" threadId="0000000000841700" bytes="111837976" />
</allocation-stats>
<gc-op id="6871" type="scavenge" timems="99.301" contextid="6868" timestamp="2020-09-12T19:35:16.303">
  <scavenger-info tenureage="3" tenuremask="7ff8" tiltratio="85" />
  <memory-copied type="nursery" objects="4094906" bytes="109831848" bytesdiscarded="447512" />
  <memory-copied type="tenure" objects="1076232" bytes="28915256" bytesdiscarded="114712" />
  <ownableSynchronizers candidates="2925" cleared="2684" />
  <references type="soft" candidates="199" cleared="0" enqueued="0" dynamicThreshold="17" maxThreshold="32" />
  <references type="weak" candidates="133" cleared="133" enqueued="0" />
</gc-op>
<gc-end id="6872" type="scavenge" contextid="6868" durationms="100.483" usertimems="781.425" systemtimems="0.000" timestamp="2020-09-12T19:35:16.304" activeThreads="8">
  <mem-info id="6873" free="1309876096" total="2853371904" percent="45">
    <mem type="nursery" free="691138304" total="939524096" percent="73">
      <mem type="allocate" free="691138304" total="801505280" percent="86" />
      <mem type="survivor" free="0" total="138018816" percent="0" />
    </mem>
    <mem type="tenure" free="618737792" total="1913847808" percent="32" macro-fragmented="0">
      <mem type="soa" free="506019968" total="1799016448" percent="28" />
      <mem type="loa" free="112717824" total="114831360" percent="98" />
    </mem>
    <remembered-set count="33249" />
  </mem-info>
</gc-end>
<cycle-end id="6874" type="scavenge" contextid="6868" timestamp="2020-09-12T19:35:16.305" />
<allocation-satisfied id="6875" threadId="0000000000842E00" bytesRequested="96" />
<af-end id="6876" timestamp="2020-09-12T19:35:16.305" threadId="0000000000843780" success="true" from="nursery"/>
<exclusive-end id="6877" timestamp="2020-09-12T19:35:16.305" durationms="102.655" />

<exclusive-start id="6878" timestamp="2020-09-12T19:35:18.299" intervalms="2096.767">
  <response-info timems="0.970" idlems="0.970" threads="0" lastid="0000000000843900" lastname="Group1.Backend.CompositeBackend{Tier1}.8" />
</exclusive-start>
<af-start id="6879" threadId="0000000000844280" totalBytesRequested="40" timestamp="2020-09-12T19:35:18.300" intervalms="2096.786" type="nursery" />
<cycle-start id="6880" type="scavenge" contextid="0" timestamp="2020-09-12T19:35:18.300" intervalms="2096.818" />
<gc-start id="6881" type="scavenge" contextid="6880" timestamp="2020-09-12T19:35:18.301">
  <mem-info id="6882" free="618737792" total="2853371904" percent="21">
    <mem type="nursery" free="0" total="939524096" percent="0">
      <mem type="allocate" free="0" total="801505280" percent="0" />
      <mem type="survivor" free="0" total="138018816" percent="0" />
    </mem>
    <mem type="tenure" free="618737792" total="1913847808" percent="32">
      <mem type="soa" free="506019968" total="1799016448" percent="28" />
      <mem type="loa" free="112717824" total="114831360" percent="98" />
    </mem>
    <remembered-set count="197032" />
  </mem-info>
</gc-start>
<allocation-stats totalBytes="690827896" >
  <allocated-bytes non-tlh="34514440" tlh="656313456" />
  <largest-consumer threadName="Group1.Backend.CompositeBackend{Tier1}.3" threadId="0000000000845300" bytes="113880736" />
</allocation-stats>
<gc-op id="6883" type="scavenge" timems="104.749" contextid="6880" timestamp="2020-09-12T19:35:18.406">
  <scavenger-info tenureage="3" tenuremask="7ff8" tiltratio="85" />
  <memory-copied type="nursery" objects="4104767" bytes="110034672" bytesdiscarded="358008" />
  <memory-copied type="tenure" objects="1111277" bytes="29860504" bytesdiscarded="136336" />
  <ownableSynchronizers candidates="4001" cleared="3756" />
  <references type="soft" candidates="194" cleared="0" enqueued="0" dynamicThreshold="17" maxThreshold="32" />
  <references type="weak" candidates="122" cleared="122" enqueued="0" />
</gc-op>
<gc-end id="6884" type="scavenge" contextid="6880" durationms="105.894" usertimems="814.904" systemtimems="0.000" timestamp="2020-09-12T19:35:18.406" activeThreads="8">
  <mem-info id="6885" free="1282643040" total="2853371904" percent="44">
    <mem type="nursery" free="693906688" total="939524096" percent="73">
      <mem type="allocate" free="693906688" total="804388864" percent="86" />
      <mem type="survivor" free="0" total="135135232" percent="0" />
    </mem>
    <mem type="tenure" free="588736352" total="1913847808" percent="30" macro-fragmented="0">
      <mem type="soa" free="476018528" total="1799016448" percent="26" />
      <mem type="loa" free="112717824" total="114831360" percent="98" />
    </mem>
    <remembered-set count="33193" />
  </mem-info>
</gc-end>
<cycle-end id="6886" type="scavenge" contextid="6880" timestamp="2020-09-12T19:35:18.407" />
<allocation-satisfied id="6887" threadId="0000000000843900" bytesRequested="40" />
<af-end id="6888" timestamp="2020-09-12T19:35:18.407" threadId="0000000000844280" success="true" from="nursery"/>
<exclusive-end id="6889" timestamp="2020-09-12T19:35:18.407" durationms="107.922" />

<exclusive-start id="6890" timestamp="2020-09-12T19:35:20.372" intervalms="2072.907">
  <response-info timems="9.960" idlems="9.960" threads="0" lastid="0000000000845300" lastname="Group1.Backend.CompositeBackend{Tier1}.3" />
</exclusive-start>
<af-start id="6891" threadId="0000000000845C80" totalBytesRequested="136" timestamp="2020-09-12T19:35:20.373" intervalms="2072.964" type="nursery" />
<cycle-start id="6892" type="scavenge" contextid="0" timestamp="2020-09-12T19:35:20.373" intervalms="2072.970" />
<gc-start id="6893" type="scavenge" contextid="6892" timestamp="2020-09-12T19:35:20.374">
  <mem-info id="6894" free="588736352" total="2853371904" percent="20">
    <mem type="nursery" free="0" total="939524096" percent="0">
      <mem type="allocate" free="0" total="804388864" percent="0" />
      <mem type="survivor" free="0" total="135135232" percent="0" />
    </mem>
    <mem type="tenure" free="588736352" total="1913847808" percent="30">
      <mem type="soa" free="476018528" total="1799016448" percent="26" />
      <mem type="loa" free="112717824" total="114831360" percent="98" />
    </mem>
    <remembered-set count="195203" />
  </mem-info>
</gc-start>
<allocation-stats totalBytes="693582656" >
  <allocated-bytes non-tlh="30305384" tlh="663277272" />
  <largest-consumer threadName="Group1.Backend.CompositeBackend{Tier1}.6" threadId="0000000000842200" bytes="109017312" />
</allocation-stats>
<gc-op id="6895" type="scavenge" timems="145.138" contextid="6892" timestamp="2020-09-12T19:35:20.519">
  <scavenger-info tenureage="3" tenuremask="7ff8" tiltratio="85" />
  <memory-copied type="nursery" objects="4073867" bytes="109244568" bytesdiscarded="203712" />
  <memory-copied type="tenure" objects="1099696" bytes="29533720" bytesdiscarded="130008" />
  <ownableSynchronizers candidates="4337" cleared="4090" />
  <references type="soft" candidates="179" cleared="0" enqueued="0" dynamicThreshold="17" maxThreshold="32" />
  <references type="weak" candidates="127" cleared="127" enqueued="0" />
</gc-op>
<gc-end id="6896" type="scavenge" contextid="6892" durationms="146.215" usertimems="988.072" systemtimems="33.612" timestamp="2020-09-12T19:35:20.520" activeThreads="8">
  <mem-info id="6897" free="1256268448" total="2853371904" percent="44">
    <mem type="nursery" free="697219840" total="939524096" percent="74">
      <mem type="allocate" free="697219840" total="806748160" percent="86" />
      <mem type="survivor" free="0" total="132775936" percent="0" />
    </mem>
    <mem type="tenure" free="559048608" total="1913847808" percent="29" macro-fragmented="0">
      <mem type="soa" free="446330784" total="1799016448" percent="24" />
      <mem type="loa" free="112717824" total="114831360" percent="98" />
    </mem>
    <remembered-set count="30137" />
  </mem-info>
</gc-end>
<cycle-end id="6898" type="scavenge" contextid="6892" timestamp="2020-09-12T19:35:20.521" />
<allocation-satisfied id="6899" threadId="0000000000845300" bytesRequested="136" />
<af-end id="6900" timestamp="2020-09-12T19:35:20.521" threadId="0000000000845C80" success="true" from="nursery"/>
<exclusive-end id="6901" timestamp="2020-09-12T19:35:20.521" durationms="148.749" />

<exclusive-start id="6902" timestamp="2020-09-12T19:35:27.822" intervalms="7450.005">
  <response-info timems="1.247" idlems="1.247" threads="0" lastid="00000000007B5E00" lastname="ForkJoinPool-3-worker-11" />
</exclusive-start>
<af-start id="6903" threadId="00000000007B6780" totalBytesRequested="5767176" timestamp="2020-09-12T19:35:27.823" intervalms="7449.518" type="nursery" />
<cycle-start id="6904" type="scavenge" contextid="0" timestamp="2020-09-12T19:35:27.823" intervalms="7449.423" />
<gc-start id="6905" type="scavenge" contextid="6904" timestamp="2020-09-12T19:35:27.823">
  <mem-info id="6906" free="560239984" total="2853371904" percent="19">
    <mem type="nursery" free="1204848" total="939524096" percent="0">
      <mem type="allocate" free="1204848" total="806748160" percent="0" />
      <mem type="survivor" free="0" total="132775936" percent="0" />
    </mem>
    <mem type="tenure" free="559035136" total="1913847808" percent="29">
      <mem type="soa" free="446317312" total="1799016448" percent="24" />
      <mem type="loa" free="112717824" total="114831360" percent="98" />
    </mem>
    <remembered-set count="251677" />
  </mem-info>
</gc-start>
<allocation-stats totalBytes="695817808" >
  <allocated-bytes non-tlh="182754608" tlh="513063200" />
  <largest-consumer threadName="ForkJoinPool-3-worker-3" threadId="0000000000793100" bytes="129514792" />
</allocation-stats>
<gc-op id="6907" type="scavenge" timems="178.836" contextid="6904" timestamp="2020-09-12T19:35:28.002">
  <scavenger-info tenureage="3" tenuremask="7ff8" tiltratio="85" />
  <memory-copied type="nursery" objects="1823964" bytes="128074888" bytesdiscarded="6776" />
  <memory-copied type="tenure" objects="4240338" bytes="114082424" bytesdiscarded="621040" />
  <copy-failed type="nursery" objects="3110351" bytes="83746640" />
  <ownableSynchronizers candidates="461069" cleared="2110" />
  <references type="soft" candidates="374" cleared="0" enqueued="0" dynamicThreshold="17" maxThreshold="32" />
  <references type="weak" candidates="134" cleared="85" enqueued="1" />
</gc-op>
<gc-end id="6908" type="scavenge" contextid="6904" durationms="180.488" usertimems="1365.225" systemtimems="23.054" timestamp="2020-09-12T19:35:28.003" activeThreads="8">
  <mem-info id="6909" free="898861408" total="2853371904" percent="31">
    <mem type="nursery" free="454557696" total="939524096" percent="48">
      <mem type="allocate" free="454557696" total="587333632" percent="77" />
      <mem type="survivor" free="0" total="352190464" percent="0" />
    </mem>
    <mem type="tenure" free="444303712" total="1913847808" percent="23" macro-fragmented="0">
      <mem type="soa" free="331585888" total="1799016448" percent="18" />
      <mem type="loa" free="112717824" total="114831360" percent="98" />
    </mem>
    <pending-finalizers system="0" default="0" reference="1" classloader="0" />
    <remembered-set count="105835" />
  </mem-info>
</gc-end>
<cycle-end id="6910" type="scavenge" contextid="6904" timestamp="2020-09-12T19:35:28.007" />
<allocation-satisfied id="6911" threadId="00000000007B5E00" bytesRequested="5767176" />
<af-end id="6912" timestamp="2020-09-12T19:35:28.010" threadId="00000000007B6780" success="true" from="nursery"/>
<exclusive-end id="6913" timestamp="2020-09-12T19:35:28.011" durationms="188.251" />

<exclusive-start id="6914" timestamp="2020-09-12T19:35:29.646" intervalms="1823.548">
  <response-info timems="0.185" idlems="0.185" threads="0" lastid="0000000000796D00" lastname="ForkJoinPool-3-worker-13" />
</exclusive-start>
<af-start id="6915" threadId="0000000000797680" totalBytesRequested="74055688" timestamp="2020-09-12T19:35:29.646" intervalms="1823.462" type="nursery" />
<cycle-start id="6916" type="scavenge" contextid="0" timestamp="2020-09-12T19:35:29.646" intervalms="1823.447" />
<gc-start id="6917" type="scavenge" contextid="6916" timestamp="2020-09-12T19:35:29.647">
  <mem-info id="6918" free="458331280" total="2853371904" percent="16">
    <mem type="nursery" free="14028672" total="939524096" percent="1">
      <mem type="allocate" free="14028672" total="587333632" percent="2" />
      <mem type="survivor" free="0" total="352190464" percent="0" />
    </mem>
    <mem type="tenure" free="444302608" total="1913847808" percent="23">
      <mem type="soa" free="331584784" total="1799016448" percent="18" />
      <mem type="loa" free="112717824" total="114831360" percent="98" />
    </mem>
    <remembered-set count="286554" />
  </mem-info>
</gc-start>
<allocation-stats totalBytes="440510376" >
  <allocated-bytes non-tlh="208078032" tlh="232432344" />
  <largest-consumer threadName="ForkJoinPool-3-worker-13" threadId="0000000000796D00" bytes="156525440" />
</allocation-stats>
<gc-op id="6919" type="scavenge" timems="116.780" contextid="6916" timestamp="2020-09-12T19:35:29.764">
  <scavenger-info tenureage="3" tenuremask="7ff8" tiltratio="62" />
  <memory-copied type="nursery" objects="3767117" bytes="284417096" bytesdiscarded="405072" />
  <memory-copied type="tenure" objects="108641" bytes="2874576" bytesdiscarded="5984" />
  <ownableSynchronizers candidates="1248628" cleared="0" />
  <references type="soft" candidates="345" cleared="0" enqueued="0" dynamicThreshold="17" maxThreshold="32" />
  <references type="weak" candidates="55" cleared="1" enqueued="1" />
</gc-op>
<gc-end id="6920" type="scavenge" contextid="6916" durationms="117.458" usertimems="875.792" systemtimems="9.578" timestamp="2020-09-12T19:35:29.764" activeThreads="8">
  <mem-info id="6921" free="697805696" total="2853371904" percent="24">
    <mem type="nursery" free="256461608" total="939524096" percent="27">
      <mem type="allocate" free="256461608" total="549191680" percent="46" />
      <mem type="survivor" free="0" total="390332416" percent="0" />
    </mem>
    <mem type="tenure" free="441344088" total="1913847808" percent="23" macro-fragmented="0">
      <mem type="soa" free="328626264" total="1799016448" percent="18" />
      <mem type="loa" free="112717824" total="114831360" percent="98" />
    </mem>
    <pending-finalizers system="0" default="0" reference="1" classloader="0" />
    <remembered-set count="232400" />
  </mem-info>
</gc-end>
<cycle-end id="6922" type="scavenge" contextid="6916" timestamp="2020-09-12T19:35:29.765" />
<allocation-satisfied id="6923" threadId="0000000000796D00" bytesRequested="74055688" />
<af-end id="6924" timestamp="2020-09-12T19:35:29.779" threadId="0000000000797680" success="true" from="nursery"/>
<exclusive-end id="6925" timestamp="2020-09-12T19:35:29.779" durationms="133.373" />

<exclusive-start id="6926" timestamp="2020-09-12T19:35:30.685" intervalms="1039.335">
  <response-info timems="0.206" idlems="0.206" threads="0" lastid="0000000000793100" lastname="ForkJoinPool-3-worker-3" />
</exclusive-start>
<af-start id="6927" threadId="0000000000793A80" totalBytesRequested="23068680" timestamp="2020-09-12T19:35:30.686" intervalms="1039.364" type="nursery" />
<cycle-start id="6928" type="scavenge" contextid="0" timestamp="2020-09-12T19:35:30.686" intervalms="1039.387" />
<gc-start id="6929" type="scavenge" contextid="6928" timestamp="2020-09-12T19:35:30.686">
  <mem-info id="6930" free="454141912" total="2853371904" percent="15">
    <mem type="nursery" free="12803688" total="939524096" percent="1">
      <mem type="allocate" free="12803688" total="549191680" percent="2" />
      <mem type="survivor" free="0" total="390332416" percent="0" />
    </mem>
    <mem type="tenure" free="441338224" total="1913847808" percent="23">
      <mem type="soa" free="328620400" total="1799016448" percent="18" />
      <mem type="loa" free="112717824" total="114831360" percent="98" />
    </mem>
    <remembered-set count="261637" />
  </mem-info>
</gc-start>
<allocation-stats totalBytes="243655968" >
  <allocated-bytes non-tlh="153555136" tlh="90100832" />
  <largest-consumer threadName="ForkJoinPool-3-worker-13" threadId="0000000000796D00" bytes="104822464" />
</allocation-stats>
<gc-op id="6931" type="scavenge" timems="128.197" contextid="6928" timestamp="2020-09-12T19:35:30.814">
  <scavenger-info tenureage="2" tenuremask="7ffc" tiltratio="58" />
  <memory-copied type="nursery" objects="2861625" bytes="340660048" bytesdiscarded="577360" />
  <memory-copied type="tenure" objects="1715245" bytes="48987736" bytesdiscarded="106456" />
  <ownableSynchronizers candidates="1632655" cleared="0" />
  <references type="soft" candidates="124" cleared="0" enqueued="0" dynamicThreshold="17" maxThreshold="32" />
  <references type="weak" candidates="25" cleared="1" enqueued="1" />
</gc-op>
<gc-end id="6932" type="scavenge" contextid="6928" durationms="128.838" usertimems="978.304" systemtimems="2.569" timestamp="2020-09-12T19:35:30.815" activeThreads="8">
  <mem-info id="6933" free="553470112" total="2853371904" percent="19">
    <mem type="nursery" free="161260112" total="939524096" percent="17">
      <mem type="allocate" free="161260112" total="505806848" percent="31" />
      <mem type="survivor" free="0" total="433717248" percent="0" />
    </mem>
    <mem type="tenure" free="392210000" total="1913847808" percent="20" macro-fragmented="1250136">
      <mem type="soa" free="280016472" total="1799016448" percent="15" />
      <mem type="loa" free="112193528" total="114831360" percent="97" />
    </mem>
    <pending-finalizers system="0" default="0" reference="1" classloader="0" />
    <remembered-set count="147103" />
  </mem-info>
</gc-end>
<cycle-end id="6934" type="scavenge" contextid="6928" timestamp="2020-09-12T19:35:30.816" />
<allocation-satisfied id="6935" threadId="0000000000793100" bytesRequested="23068680" />
<af-end id="6936" timestamp="2020-09-12T19:35:30.819" threadId="0000000000793A80" success="true" from="nursery"/>
<exclusive-end id="6937" timestamp="2020-09-12T19:35:30.819" durationms="133.689" />

<exclusive-start id="6938" timestamp="2020-09-12T19:35:31.231" intervalms="545.929">
  <response-info timems="0.409" idlems="0.409" threads="0" lastid="00000000007B5E00" lastname="ForkJoinPool-3-worker-11" />
</exclusive-start>
<af-start id="6939" threadId="00000000007B6780" totalBytesRequested="67239944" timestamp="2020-09-12T19:35:31.231" intervalms="545.919" type="nursery" />
<cycle-start id="6940" type="scavenge" contextid="0" timestamp="2020-09-12T19:35:31.232" intervalms="545.890" />
<gc-start id="6941" type="scavenge" contextid="6940" timestamp="2020-09-12T19:35:31.233">
  <mem-info id="6942" free="452052792" total="2853371904" percent="15">
    <mem type="nursery" free="59843096" total="939524096" percent="6">
      <mem type="allocate" free="59843096" total="505806848" percent="11" />
      <mem type="survivor" free="0" total="433717248" percent="0" />
    </mem>
    <mem type="tenure" free="392209696" total="1913847808" percent="20">
      <mem type="soa" free="280016168" total="1799016448" percent="15" />
      <mem type="loa" free="112193528" total="114831360" percent="97" />
    </mem>
    <remembered-set count="175647" />
  </mem-info>
</gc-start>
<allocation-stats totalBytes="101413688" >
  <allocated-bytes non-tlh="48169320" tlh="53244368" />
  <largest-consumer threadName="ForkJoinPool-3-worker-3" threadId="0000000000793100" bytes="67927080" />
</allocation-stats>
<gc-op id="6943" type="scavenge" timems="151.553" contextid="6940" timestamp="2020-09-12T19:35:31.384">
  <scavenger-info tenureage="1" tenuremask="7ffe" tiltratio="53" />
  <memory-copied type="nursery" objects="453639" bytes="58343816" bytesdiscarded="427168" />
  <memory-copied type="tenure" objects="2861596" bytes="320899408" bytesdiscarded="111984" />
  <ownableSynchronizers candidates="1316624" cleared="0" />
  <references type="soft" candidates="5" cleared="0" enqueued="0" dynamicThreshold="17" maxThreshold="32" />
  <references type="weak" candidates="3" cleared="1" enqueued="1" />
  <heap-resize type="expand" space="tenure" amount="175112192" count="3" timems="15.096" reason="continue current collection" />
</gc-op>
<gc-end id="6944" type="scavenge" contextid="6940" durationms="152.349" usertimems="901.839" systemtimems="98.771" timestamp="2020-09-12T19:35:31.385" activeThreads="8">
  <mem-info id="6945" free="702390072" total="3028484096" percent="23">
    <mem type="nursery" free="456085736" total="939524096" percent="48">
      <mem type="allocate" free="456085736" total="516227072" percent="88" />
      <mem type="survivor" free="0" total="423297024" percent="0" />
    </mem>
    <mem type="tenure" free="246304336" total="2088960000" percent="11" macro-fragmented="2635973">
      <mem type="soa" free="216871392" total="1963622400" percent="11" />
      <mem type="loa" free="29432944" total="125337600" percent="23" />
    </mem>
    <pending-finalizers system="0" default="0" reference="1" classloader="0" />
    <remembered-set count="20187" />
  </mem-info>
</gc-end>
<cycle-end id="6946" type="scavenge" contextid="6940" timestamp="2020-09-12T19:35:31.386" />
<allocation-satisfied id="6947" threadId="00000000007B5E00" bytesRequested="67239944" />
<af-end id="6948" timestamp="2020-09-12T19:35:31.393" threadId="00000000007B6780" success="true" from="nursery"/>
<exclusive-end id="6949" timestamp="2020-09-12T19:35:31.393" durationms="161.904" />

<exclusive-start id="6950" timestamp="2020-09-12T19:35:32.845" intervalms="1614.054">
  <response-info timems="0.163" idlems="0.163" threads="0" lastid="0000000000796D00" lastname="ForkJoinPool-3-worker-13" />
</exclusive-start>
<af-start id="6951" threadId="0000000000797680" totalBytesRequested="32" timestamp="2020-09-12T19:35:32.845" intervalms="1614.021" type="nursery" />
<cycle-start id="6952" type="scavenge" contextid="0" timestamp="2020-09-12T19:35:32.846" intervalms="1614.004" />
<gc-start id="6953" type="scavenge" contextid="6952" timestamp="2020-09-12T19:35:32.846">
  <mem-info id="6954" free="246304336" total="3028484096" percent="8">
    <mem type="nursery" free="0" total="939524096" percent="0">
      <mem type="allocate" free="0" total="516227072" percent="0" />
      <mem type="survivor" free="0" total="423297024" percent="0" />
    </mem>
    <mem type="tenure" free="246304336" total="2088960000" percent="11">
      <mem type="soa" free="216871392" total="1963622400" percent="11" />
      <mem type="loa" free="29432944" total="125337600" percent="23" />
    </mem>
    <remembered-set count="132638" />
  </mem-info>
</gc-start>
<allocation-stats totalBytes="456072448" >
  <allocated-bytes non-tlh="262437968" tlh="193634480" />
  <largest-consumer threadName="ForkJoinPool-3-worker-11" threadId="00000000007B5E00" bytes="228953336" />
</allocation-stats>
<gc-op id="6955" type="scavenge" timems="67.238" contextid="6952" timestamp="2020-09-12T19:35:32.913">
  <scavenger-info tenureage="1" tenuremask="7ffe" tiltratio="54" />
  <memory-copied type="nursery" objects="1219158" bytes="291195536" bytesdiscarded="588400" />
  <memory-copied type="tenure" objects="334039" bytes="55951736" bytesdiscarded="10696" />
  <ownableSynchronizers candidates="655568" cleared="0" />
  <heap-resize type="expand" space="tenure" amount="23134208" count="1" timems="0.354" reason="continue current collection" />
</gc-op>
<gc-end id="6956" type="scavenge" contextid="6952" durationms="67.981" usertimems="488.871" systemtimems="3.593" timestamp="2020-09-12T19:35:32.914" activeThreads="8">
  <mem-info id="6957" free="386490256" total="3051618304" percent="12">
    <mem type="nursery" free="172977880" total="939524096" percent="18">
      <mem type="allocate" free="172977880" total="469762048" percent="36" />
      <mem type="survivor" free="0" total="469762048" percent="0" />
    </mem>
    <mem type="tenure" free="213512376" total="2112094208" percent="10" macro-fragmented="95726968">
      <mem type="soa" free="207082584" total="1985368064" percent="10" />
      <mem type="loa" free="6429792" total="126726144" percent="5" />
    </mem>
    <remembered-set count="80792" />
  </mem-info>
</gc-end>
<cycle-end id="6958" type="scavenge" contextid="6952" timestamp="2020-09-12T19:35:32.914" />
<allocation-satisfied id="6959" threadId="0000000000796D00" bytesRequested="32" />
<af-end id="6960" timestamp="2020-09-12T19:35:32.914" threadId="0000000000797680" success="true" from="nursery"/>
<exclusive-end id="6961" timestamp="2020-09-12T19:35:32.914" durationms="69.332" />

<exclusive-start id="6962" timestamp="2020-09-12T19:35:34.677" intervalms="1832.102">
  <response-info timems="0.264" idlems="0.264" threads="0" lastid="0000000000796D00" lastname="ForkJoinPool-3-worker-13" />
</exclusive-start>
<af-start id="6963" threadId="0000000000797680" totalBytesRequested="148111368" timestamp="2020-09-12T19:35:34.678" intervalms="1832.124" type="nursery" />
<cycle-start id="6964" type="scavenge" contextid="0" timestamp="2020-09-12T19:35:34.678" intervalms="1832.124" />
<gc-start id="6965" type="scavenge" contextid="6964" timestamp="2020-09-12T19:35:34.678">
  <mem-info id="6966" free="285630352" total="3051618304" percent="9">
    <mem type="nursery" free="72117976" total="939524096" percent="7">
      <mem type="allocate" free="72117976" total="469762048" percent="15" />
      <mem type="survivor" free="0" total="469762048" percent="0" />
    </mem>
    <mem type="tenure" free="213512376" total="2112094208" percent="10">
      <mem type="soa" free="207082584" total="1985368064" percent="10" />
      <mem type="loa" free="6429792" total="126726144" percent="5" />
    </mem>
    <remembered-set count="114022" />
  </mem-info>
</gc-start>
<allocation-stats totalBytes="100852112" >
  <allocated-bytes non-tlh="11534376" tlh="89317736" />
  <largest-consumer threadName="ForkJoinPool-3-worker-13" threadId="0000000000796D00" bytes="100827536" />
</allocation-stats>
<gc-op id="6967" type="scavenge" timems="120.278" contextid="6964" timestamp="2020-09-12T19:35:34.798">
  <scavenger-info tenureage="1" tenuremask="7ffe" tiltratio="50" />
  <memory-copied type="nursery" objects="1097633" bytes="39462520" bytesdiscarded="552128" />
  <memory-copied type="tenure" objects="1219141" bytes="296195320" bytesdiscarded="55712" />
  <ownableSynchronizers candidates="1044352" cleared="0" />
  <heap-resize type="expand" space="tenure" amount="260833280" count="7" timems="3.633" reason="continue current collection" />
</gc-op>
<gc-end id="6968" type="scavenge" contextid="6964" durationms="121.376" usertimems="529.759" systemtimems="115.529" timestamp="2020-09-12T19:35:34.799" activeThreads="8">
  <mem-info id="6969" free="603334672" total="3312451584" percent="18">
    <mem type="nursery" free="425229048" total="939524096" percent="45">
      <mem type="allocate" free="425229048" total="469762048" percent="90" />
      <mem type="survivor" free="0" total="469762048" percent="0" />
    </mem>
    <mem type="tenure" free="178105624" total="2372927488" percent="7" macro-fragmented="99239100">
      <mem type="soa" free="171248864" total="2230551552" percent="7" />
      <mem type="loa" free="6856760" total="142375936" percent="4" />
    </mem>
    <remembered-set count="536" />
  </mem-info>
</gc-end>
<cycle-end id="6970" type="scavenge" contextid="6964" timestamp="2020-09-12T19:35:34.800" />
<allocation-satisfied id="6971" threadId="0000000000796D00" bytesRequested="148111368" />
<af-end id="6972" timestamp="2020-09-12T19:35:34.819" threadId="0000000000797680" success="true" from="nursery"/>
<exclusive-end id="6973" timestamp="2020-09-12T19:35:34.819" durationms="142.112" />

<exclusive-start id="6974" timestamp="2020-09-12T19:35:38.049" intervalms="3371.312">
  <response-info timems="0.348" idlems="0.348" threads="0" lastid="0000000000796D00" lastname="ForkJoinPool-3-worker-13" />
</exclusive-start>
<af-start id="6975" threadId="0000000000797680" totalBytesRequested="123476184" timestamp="2020-09-12T19:35:38.049" intervalms="3371.427" type="nursery" />
<percolate-collect id="6976" from="nursery" to="global" reason="met projected tenure max free" timestamp="2020-09-12T19:35:38.049"/>
<cycle-start id="6977" type="global" contextid="0" timestamp="2020-09-12T19:35:38.049" intervalms="50267.357" />
<gc-start id="6978" type="global" contextid="6977" timestamp="2020-09-12T19:35:38.049">
  <mem-info id="6979" free="211168832" total="3312451584" percent="6">
    <mem type="nursery" free="33069792" total="939524096" percent="3">
      <mem type="allocate" free="33069792" total="469762048" percent="7" />
      <mem type="survivor" free="0" total="469762048" percent="0" />
    </mem>
    <mem type="tenure" free="178099040" total="2372927488" percent="7">
      <mem type="soa" free="171242280" total="2230551552" percent="7" />
      <mem type="loa" free="6856760" total="142375936" percent="4" />
    </mem>
    <remembered-set count="20005" />
  </mem-info>
</gc-start>
<allocation-stats totalBytes="392156040" >
  <allocated-bytes non-tlh="240392656" tlh="151763384" />
  <largest-consumer threadName="ForkJoinPool-3-worker-13" threadId="0000000000796D00" bytes="392131464" />
</allocation-stats>
<gc-op id="6980" type="mark" timems="666.946" contextid="6977" timestamp="2020-09-12T19:35:38.716">
  <trace-info objectcount="31786623" scancount="30473612" scanbytes="833416696" />
  <finalization candidates="150" enqueued="0" />
  <ownableSynchronizers candidates="3624329" cleared="3035285" />
  <references type="soft" candidates="726198" cleared="35" enqueued="26" dynamicThreshold="17" maxThreshold="32" />
  <references type="weak" candidates="3683" cleared="271" enqueued="271" />
  <references type="phantom" candidates="102" cleared="0" enqueued="0" />
  <stringconstants candidates="10839" cleared="4"  />
</gc-op>
<gc-op id="6981" type="sweep" timems="20.628" contextid="6977" timestamp="2020-09-12T19:35:38.737" />
<heap-resize id="6982" type="contract" space="tenure" amount="52953088" count="1" timems="24.422" reason="insufficient time being spent in gc" timestamp="2020-09-12T19:35:38.762" />
<gc-end id="6983" type="global" contextid="6977" durationms="713.067" usertimems="5044.263" systemtimems="48.963" timestamp="2020-09-12T19:35:38.762" activeThreads="8">
  <mem-info id="6984" free="1508375896" total="3259498496" percent="46">
    <mem type="nursery" free="321429712" total="939524096" percent="34">
      <mem type="allocate" free="321429712" total="469762048" percent="68" />
      <mem type="survivor" free="0" total="469762048" percent="0" />
    </mem>
    <mem type="tenure" free="1186946184" total="2319974400" percent="51" micro-fragmented="110879346" macro-fragmented="366811879">
      <mem type="soa" free="1148680400" total="2180775936" percent="52" />
      <mem type="loa" free="38265784" total="139198464" percent="27" />
    </mem>
    <pending-finalizers system="0" default="0" reference="297" classloader="0" />
    <remembered-set count="19994" />
  </mem-info>
</gc-end>
<cycle-end id="6985" type="global" contextid="6977" timestamp="2020-09-12T19:35:38.763" />
<allocation-satisfied id="6986" threadId="0000000000796D00" bytesRequested="123476184" />
<af-end id="6987" timestamp="2020-09-12T19:35:38.779" threadId="0000000000797680" success="true" from="nursery"/>
<exclusive-end id="6988" timestamp="2020-09-12T19:35:38.779" durationms="730.502" />

<exclusive-start id="6989" timestamp="2020-09-12T19:35:39.421" intervalms="1371.999">
  <response-info timems="0.522" idlems="0.522" threads="0" lastid="0000000000764800" lastname="Controller" />
</exclusive-start>
<sys-start reason="explicit" id="6990" timestamp="2020-09-12T19:35:39.421" intervalms="981497.339" />
<cycle-start id="6991" type="global" contextid="0" timestamp="2020-09-12T19:35:39.421" intervalms="1371.815" />
<gc-start id="6992" type="global" contextid="6991" timestamp="2020-09-12T19:35:39.422">
  <mem-info id="6993" free="1289776408" total="3259498496" percent="39">
    <mem type="nursery" free="102832784" total="939524096" percent="10">
      <mem type="allocate" free="102832784" total="469762048" percent="21" />
      <mem type="survivor" free="0" total="469762048" percent="0" />
    </mem>
    <mem type="tenure" free="1186943624" total="2319974400" percent="51">
      <mem type="soa" free="1148677840" total="2180775936" percent="52" />
      <mem type="loa" free="38265784" total="139198464" percent="27" />
    </mem>
    <remembered-set count="220383" />
  </mem-info>
</gc-start>
<allocation-stats totalBytes="218563048" >
  <allocated-bytes non-tlh="132298272" tlh="86264776" />
  <largest-consumer threadName="ForkJoinPool-3-worker-13" threadId="0000000000796D00" bytes="123541720" />
</allocation-stats>
<gc-op id="6994" type="mark" timems="86.520" contextid="6991" timestamp="2020-09-12T19:35:39.508">
  <trace-info objectcount="1887547" scancount="1863370" scanbytes="67654700" />
  <finalization candidates="150" enqueued="0" />
  <ownableSynchronizers candidates="589044" cleared="589001" />
  <references type="soft" candidates="2872" cleared="223" enqueued="213" dynamicThreshold="16" maxThreshold="32" />
  <references type="weak" candidates="3416" cleared="22" enqueued="22" />
  <references type="phantom" candidates="102" cleared="0" enqueued="0" />
  <stringconstants candidates="10845" cleared="64"  />
</gc-op>
<gc-op id="6995" type="classunload" timems="3.422" contextid="6991" timestamp="2020-09-12T19:35:39.512">
  <classunload-info classloadercandidates="245" classloadersunloaded="54" classesunloaded="54" anonymousclassesunloaded="0" quiescems="0.000" setupms="3.010" scanms="0.334" postms="0.078" />
</gc-op>
<gc-op id="6996" type="sweep" timems="20.419" contextid="6991" timestamp="2020-09-12T19:35:39.533" />
<mem-info id="6997" free="2477335960" total="3259498496" percent="76">
  <mem type="nursery" free="346148440" total="939524096" percent="36">
    <mem type="allocate" free="346148440" total="469762048" percent="73" />
    <mem type="survivor" free="0" total="469762048" percent="0" />
  </mem>
  <mem type="tenure" free="2131187520" total="2319974400" percent="91" micro-fragmented="315337" macro-fragmented="135388017">
    <mem type="soa" free="2092921736" total="2180775936" percent="95" />
    <mem type="loa" free="38265784" total="139198464" percent="27" />
  </mem>
  <pending-finalizers system="0" default="0" reference="235" classloader="0" />
  <remembered-set count="929" />
</mem-info>
<gc-op id="6998" type="compact" timems="171.996" contextid="6991" timestamp="2020-09-12T19:35:39.705">
  <compact-info movecount="1458735" movebytes="124075600" reason="compact on aggressive collection" />
</gc-op>
<gc-end id="6999" type="global" contextid="6991" durationms="289.807" usertimems="1060.173" systemtimems="33.788" timestamp="2020-09-12T19:35:39.711" activeThreads="8">
  <mem-info id="7000" free="2477813912" total="3259498496" percent="76">
    <mem type="nursery" free="346222496" total="939524096" percent="36">
      <mem type="allocate" free="346222496" total="469762048" percent="73" />
      <mem type="survivor" free="0" total="469762048" percent="0" />
    </mem>
    <mem type="tenure" free="2131591416" total="2319974400" percent="91">
      <mem type="soa" free="2042923136" total="2180775936" percent="93" />
      <mem type="loa" free="88668280" total="139198464" percent="63" />
    </mem>
    <pending-finalizers system="0" default="0" reference="235" classloader="0" />
    <remembered-set count="929" />
  </mem-info>
</gc-end>
<cycle-end id="7001" type="global" contextid="6991" timestamp="2020-09-12T19:35:39.712" />
<sys-end id="7002" timestamp="2020-09-12T19:35:39.712" />
<exclusive-end id="7003" timestamp="2020-09-12T19:35:39.712" durationms="291.802" />

<exclusive-start id="7004" timestamp="2020-09-12T19:35:40.609" intervalms="1188.172">
  <response-info timems="0.209" idlems="0.182" threads="1" lastid="00000000007B5E00" lastname="ForkJoinPool-3-worker-11" />
</exclusive-start>
<af-start id="7005" threadId="0000000000793A80" totalBytesRequested="16" timestamp="2020-09-12T19:35:40.609" intervalms="2560.033" type="nursery" />
<cycle-start id="7006" type="scavenge" contextid="0" timestamp="2020-09-12T19:35:40.609" intervalms="5931.458" />
<gc-start id="7007" type="scavenge" contextid="7006" timestamp="2020-09-12T19:35:40.610">
  <mem-info id="7008" free="2131563784" total="3259498496" percent="65">
    <mem type="nursery" free="0" total="939524096" percent="0">
      <mem type="allocate" free="0" total="469762048" percent="0" />
      <mem type="survivor" free="0" total="469762048" percent="0" />
    </mem>
    <mem type="tenure" free="2131563784" total="2319974400" percent="91">
      <mem type="soa" free="2042895504" total="2180775936" percent="93" />
      <mem type="loa" free="88668280" total="139198464" percent="63" />
    </mem>
    <remembered-set count="1683" />
  </mem-info>
</gc-start>
<allocation-stats totalBytes="346227216" >
  <allocated-bytes non-tlh="54895336" tlh="291331880" />
  <largest-consumer threadName="ForkJoinPool-3-worker-13" threadId="0000000000796D00" bytes="127481416" />
</allocation-stats>
<gc-op id="7009" type="scavenge" timems="100.754" contextid="7006" timestamp="2020-09-12T19:35:40.711">
  <scavenger-info tenureage="2" tenuremask="7ffc" tiltratio="50" />
  <memory-copied type="nursery" objects="2951019" bytes="229487560" bytesdiscarded="143264" />
  <ownableSynchronizers candidates="307662" cleared="118" />
  <references type="soft" candidates="124669" cleared="0" enqueued="0" dynamicThreshold="29" maxThreshold="32" />
  <references type="weak" candidates="101" cleared="3" enqueued="3" />
</gc-op>
<gc-end id="7010" type="scavenge" contextid="7006" durationms="101.894" usertimems="760.215" systemtimems="5.025" timestamp="2020-09-12T19:35:40.712" activeThreads="8">
  <mem-info id="7011" free="2371690168" total="3259498496" percent="72">
    <mem type="nursery" free="240126384" total="939524096" percent="25">
      <mem type="allocate" free="240126384" total="469762048" percent="51" />
      <mem type="survivor" free="0" total="469762048" percent="0" />
    </mem>
    <mem type="tenure" free="2131563784" total="2319974400" percent="91" macro-fragmented="0">
      <mem type="soa" free="2042895504" total="2180775936" percent="93" />
      <mem type="loa" free="88668280" total="139198464" percent="63" />
    </mem>
    <pending-finalizers system="0" default="0" reference="3" classloader="0" />
    <remembered-set count="1554" />
  </mem-info>
</gc-end>
<cycle-end id="7012" type="scavenge" contextid="7006" timestamp="2020-09-12T19:35:40.713" />
<allocation-satisfied id="7013" threadId="0000000000793100" bytesRequested="16" />
<af-end id="7014" timestamp="2020-09-12T19:35:40.713" threadId="0000000000793A80" success="true" from="nursery"/>
<exclusive-end id="7015" timestamp="2020-09-12T19:35:40.713" durationms="104.385" />

<exclusive-start id="7016" timestamp="2020-09-12T19:35:41.001" intervalms="392.124">
  <response-info timems="0.214" idlems="0.214" threads="0" lastid="0000000000796D00" lastname="ForkJoinPool-3-worker-13" />
</exclusive-start>
<af-start id="7017" threadId="0000000000797680" totalBytesRequested="48" timestamp="2020-09-12T19:35:41.001" intervalms="392.126" type="nursery" />
<cycle-start id="7018" type="scavenge" contextid="0" timestamp="2020-09-12T19:35:41.001" intervalms="392.134" />
<gc-start id="7019" type="scavenge" contextid="7018" timestamp="2020-09-12T19:35:41.002">
  <mem-info id="7020" free="2131563784" total="3259498496" percent="65">
    <mem type="nursery" free="0" total="939524096" percent="0">
      <mem type="allocate" free="0" total="469762048" percent="0" />
      <mem type="survivor" free="0" total="469762048" percent="0" />
    </mem>
    <mem type="tenure" free="2131563784" total="2319974400" percent="91">
      <mem type="soa" free="2042895504" total="2180775936" percent="93" />
      <mem type="loa" free="88668280" total="139198464" percent="63" />
    </mem>
    <remembered-set count="1554" />
  </mem-info>
</gc-start>
<allocation-stats totalBytes="240112304" >
  <allocated-bytes non-tlh="25952320" tlh="214159984" />
  <largest-consumer threadName="ForkJoinPool-3-worker-3" threadId="0000000000793100" bytes="89021088" />
</allocation-stats>
<gc-op id="7021" type="scavenge" timems="131.272" contextid="7018" timestamp="2020-09-12T19:35:41.133">
  <scavenger-info tenureage="1" tenuremask="7ffe" tiltratio="50" />
  <memory-copied type="nursery" objects="1881267" bytes="76459560" bytesdiscarded="473336" />
  <memory-copied type="tenure" objects="2950978" bytes="216510768" bytesdiscarded="7200" />
  <ownableSynchronizers candidates="631506" cleared="0" />
</gc-op>
<gc-end id="7022" type="scavenge" contextid="7018" durationms="132.046" usertimems="1024.521" systemtimems="5.321" timestamp="2020-09-12T19:35:41.134" activeThreads="8">
  <mem-info id="7023" free="2324889352" total="3259498496" percent="71">
    <mem type="nursery" free="410458320" total="939524096" percent="43">
      <mem type="allocate" free="410458320" total="487391232" percent="84" />
      <mem type="survivor" free="0" total="452132864" percent="0" />
    </mem>
    <mem type="tenure" free="1914431032" total="2319974400" percent="82" macro-fragmented="2160235">
      <mem type="soa" free="1825762752" total="2180775936" percent="83" />
      <mem type="loa" free="88668280" total="139198464" percent="63" />
    </mem>
    <remembered-set count="1517" />
  </mem-info>
</gc-end>
<cycle-end id="7024" type="scavenge" contextid="7018" timestamp="2020-09-12T19:35:41.134" />
<allocation-satisfied id="7025" threadId="0000000000796D00" bytesRequested="48" />
<af-end id="7026" timestamp="2020-09-12T19:35:41.134" threadId="0000000000797680" success="true" from="nursery"/>
<exclusive-end id="7027" timestamp="2020-09-12T19:35:41.134" durationms="133.588" />

<exclusive-start id="7028" timestamp="2020-09-12T19:35:41.663" intervalms="662.263">
  <response-info timems="0.204" idlems="0.204" threads="0" lastid="00000000007B5E00" lastname="ForkJoinPool-3-worker-11" />
</exclusive-start>
<af-start id="7029" threadId="00000000007B6780" totalBytesRequested="16" timestamp="2020-09-12T19:35:41.663" intervalms="662.265" type="nursery" />
<cycle-start id="7030" type="scavenge" contextid="0" timestamp="2020-09-12T19:35:41.663" intervalms="662.263" />
<gc-start id="7031" type="scavenge" contextid="7030" timestamp="2020-09-12T19:35:41.664">
  <mem-info id="7032" free="1914430824" total="3259498496" percent="58">
    <mem type="nursery" free="0" total="939524096" percent="0">
      <mem type="allocate" free="0" total="487391232" percent="0" />
      <mem type="survivor" free="0" total="452132864" percent="0" />
    </mem>
    <mem type="tenure" free="1914430824" total="2319974400" percent="82">
      <mem type="soa" free="1825762544" total="2180775936" percent="83" />
      <mem type="loa" free="88668280" total="139198464" percent="63" />
    </mem>
    <remembered-set count="44229" />
  </mem-info>
</gc-start>
<allocation-stats totalBytes="410437216" >
  <allocated-bytes non-tlh="78905680" tlh="331531536" />
  <largest-consumer threadName="ForkJoinPool-3-worker-11" threadId="00000000007B5E00" bytes="151895536" />
</allocation-stats>
<gc-op id="7033" type="scavenge" timems="155.190" contextid="7030" timestamp="2020-09-12T19:35:41.819">
  <scavenger-info tenureage="1" tenuremask="7ffe" tiltratio="51" />
  <memory-copied type="nursery" objects="2928004" bytes="154814664" bytesdiscarded="575832" />
  <memory-copied type="tenure" objects="1881222" bytes="50506504" bytesdiscarded="4920" />
  <ownableSynchronizers candidates="873403" cleared="0" />
</gc-op>
<gc-end id="7034" type="scavenge" contextid="7030" durationms="156.134" usertimems="1191.831" systemtimems="9.781" timestamp="2020-09-12T19:35:41.820" activeThreads="8">
  <mem-info id="7035" free="2234301232" total="3259498496" percent="68">
    <mem type="nursery" free="370208200" total="939524096" percent="39">
      <mem type="allocate" free="370208200" total="525598720" percent="70" />
      <mem type="survivor" free="0" total="413925376" percent="0" />
    </mem>
    <mem type="tenure" free="1864093032" total="2319974400" percent="80" macro-fragmented="58318555">
      <mem type="soa" free="1775424752" total="2180775936" percent="81" />
      <mem type="loa" free="88668280" total="139198464" percent="63" />
    </mem>
    <remembered-set count="632" />
  </mem-info>
</gc-end>
<cycle-end id="7036" type="scavenge" contextid="7030" timestamp="2020-09-12T19:35:41.821" />
<allocation-satisfied id="7037" threadId="00000000007B5E00" bytesRequested="16" />
<af-end id="7038" timestamp="2020-09-12T19:35:41.821" threadId="00000000007B6780" success="true" from="nursery"/>
<exclusive-end id="7039" timestamp="2020-09-12T19:35:41.821" durationms="157.581" />

<exclusive-start id="7040" timestamp="2020-09-12T19:35:42.752" intervalms="1088.440">
  <response-info timems="0.631" idlems="0.631" threads="0" lastid="0000000000793100" lastname="ForkJoinPool-3-worker-3" />
</exclusive-start>
<af-start id="7041" threadId="0000000000793A80" totalBytesRequested="23068680" timestamp="2020-09-12T19:35:42.752" intervalms="1088.489" type="nursery" />
<cycle-start id="7042" type="scavenge" contextid="0" timestamp="2020-09-12T19:35:42.752" intervalms="1088.514" />
<gc-start id="7043" type="scavenge" contextid="7042" timestamp="2020-09-12T19:35:42.752">
  <mem-info id="7044" free="1881573736" total="3259498496" percent="57">
    <mem type="nursery" free="17480704" total="939524096" percent="1">
      <mem type="allocate" free="17480704" total="525598720" percent="3" />
      <mem type="survivor" free="0" total="413925376" percent="0" />
    </mem>
    <mem type="tenure" free="1864093032" total="2319974400" percent="80">
      <mem type="soa" free="1775424752" total="2180775936" percent="81" />
      <mem type="loa" free="88668280" total="139198464" percent="63" />
    </mem>
    <remembered-set count="37788" />
  </mem-info>
</gc-start>
<allocation-stats totalBytes="352704848" >
  <allocated-bytes non-tlh="7811544" tlh="344893304" />
  <largest-consumer threadName="ForkJoinPool-3-worker-3" threadId="0000000000793100" bytes="138598568" />
</allocation-stats>
<gc-op id="7045" type="scavenge" timems="170.347" contextid="7042" timestamp="2020-09-12T19:35:42.923">
  <scavenger-info tenureage="1" tenuremask="7ffe" tiltratio="55" />
  <memory-copied type="nursery" objects="3540935" bytes="89360904" bytesdiscarded="175152" />
  <memory-copied type="tenure" objects="2927962" bytes="154813872" bytesdiscarded="7320" />
  <ownableSynchronizers candidates="1164266" cleared="0" />
  <references type="weak" candidates="3" cleared="3" enqueued="3" />
</gc-op>
<gc-end id="7046" type="scavenge" contextid="7042" durationms="171.192" usertimems="1291.361" systemtimems="4.022" timestamp="2020-09-12T19:35:42.923" activeThreads="8">
  <mem-info id="7047" free="2193464104" total="3259498496" percent="67">
    <mem type="nursery" free="484166056" total="939524096" percent="51">
      <mem type="allocate" free="484166056" total="573702144" percent="84" />
      <mem type="survivor" free="0" total="365821952" percent="0" />
    </mem>
    <mem type="tenure" free="1709298048" total="2319974400" percent="73" macro-fragmented="70760729">
      <mem type="soa" free="1620629768" total="2180775936" percent="74" />
      <mem type="loa" free="88668280" total="139198464" percent="63" />
    </mem>
    <pending-finalizers system="0" default="0" reference="3" classloader="0" />
    <remembered-set count="635" />
  </mem-info>
</gc-end>
<cycle-end id="7048" type="scavenge" contextid="7042" timestamp="2020-09-12T19:35:42.924" />
<allocation-satisfied id="7049" threadId="0000000000793100" bytesRequested="23068680" />
<af-end id="7050" timestamp="2020-09-12T19:35:42.927" threadId="0000000000793A80" success="true" from="nursery"/>
<exclusive-end id="7051" timestamp="2020-09-12T19:35:42.927" durationms="175.155" />

<exclusive-start id="7052" timestamp="2020-09-12T19:35:43.659" intervalms="907.057">
  <response-info timems="0.479" idlems="0.479" threads="0" lastid="00000000007B5E00" lastname="ForkJoinPool-3-worker-11" />
</exclusive-start>
<af-start id="7053" threadId="00000000007B6780" totalBytesRequested="24" timestamp="2020-09-12T19:35:43.659" intervalms="907.039" type="nursery" />
<cycle-start id="7054" type="scavenge" contextid="0" timestamp="2020-09-12T19:35:43.659" intervalms="907.021" />
<gc-start id="7055" type="scavenge" contextid="7054" timestamp="2020-09-12T19:35:43.659">
  <mem-info id="7056" free="1709298048" total="3259498496" percent="52">
    <mem type="nursery" free="0" total="939524096" percent="0">
      <mem type="allocate" free="0" total="573702144" percent="0" />
      <mem type="survivor" free="0" total="365821952" percent="0" />
    </mem>
    <mem type="tenure" free="1709298048" total="2319974400" percent="73">
      <mem type="soa" free="1620629768" total="2180775936" percent="74" />
      <mem type="loa" free="88668280" total="139198464" percent="63" />
    </mem>
    <remembered-set count="644" />
  </mem-info>
</gc-start>
<allocation-stats totalBytes="484144120" >
  <allocated-bytes non-tlh="154140768" tlh="330003352" />
  <largest-consumer threadName="ForkJoinPool-3-worker-13" threadId="0000000000796D00" bytes="210459760" />
</allocation-stats>
<gc-op id="7057" type="scavenge" timems="238.379" contextid="7054" timestamp="2020-09-12T19:35:43.898">
  <scavenger-info tenureage="1" tenuremask="7ffe" tiltratio="61" />
  <memory-copied type="nursery" objects="4512043" bytes="262063320" bytesdiscarded="120456" />
  <memory-copied type="tenure" objects="3540890" bytes="89359704" bytesdiscarded="6920" />
  <ownableSynchronizers candidates="1002967" cleared="0" />
</gc-op>
<gc-end id="7058" type="scavenge" contextid="7054" durationms="239.458" usertimems="1842.416" systemtimems="17.142" timestamp="2020-09-12T19:35:43.899" activeThreads="8">
  <mem-info id="7059" free="1834294720" total="3259498496" percent="56">
    <mem type="nursery" free="214590624" total="939524096" percent="22">
      <mem type="allocate" free="214590624" total="476774400" percent="45" />
      <mem type="survivor" free="0" total="462749696" percent="0" />
    </mem>
    <mem type="tenure" free="1619704096" total="2319974400" percent="69" macro-fragmented="0">
      <mem type="soa" free="1531035816" total="2180775936" percent="70" />
      <mem type="loa" free="88668280" total="139198464" percent="63" />
    </mem>
    <remembered-set count="8275" />
  </mem-info>
</gc-end>
<cycle-end id="7060" type="scavenge" contextid="7054" timestamp="2020-09-12T19:35:43.900" />
<allocation-satisfied id="7061" threadId="00000000007B5E00" bytesRequested="24" />
<af-end id="7062" timestamp="2020-09-12T19:35:43.900" threadId="00000000007B6780" success="true" from="nursery"/>
<exclusive-end id="7063" timestamp="2020-09-12T19:35:43.900" durationms="241.782" />

<exclusive-start id="7064" timestamp="2020-09-12T19:35:44.321" intervalms="662.574">
  <response-info timems="0.699" idlems="0.699" threads="0" lastid="0000000000793100" lastname="ForkJoinPool-3-worker-3" />
</exclusive-start>
<af-start id="7065" threadId="0000000000793A80" totalBytesRequested="1048584" timestamp="2020-09-12T19:35:44.322" intervalms="662.566" type="nursery" />
<cycle-start id="7066" type="scavenge" contextid="0" timestamp="2020-09-12T19:35:44.322" intervalms="662.577" />
<gc-start id="7067" type="scavenge" contextid="7066" timestamp="2020-09-12T19:35:44.322">
  <mem-info id="7068" free="1619996496" total="3259498496" percent="49">
    <mem type="nursery" free="292400" total="939524096" percent="0">
      <mem type="allocate" free="292400" total="476774400" percent="0" />
      <mem type="survivor" free="0" total="462749696" percent="0" />
    </mem>
    <mem type="tenure" free="1619704096" total="2319974400" percent="69">
      <mem type="soa" free="1531035816" total="2180775936" percent="70" />
      <mem type="loa" free="88668280" total="139198464" percent="63" />
    </mem>
    <remembered-set count="8285" />
  </mem-info>
</gc-start>
<allocation-stats totalBytes="214282000" >
  <allocated-bytes non-tlh="3862152" tlh="210419848" />
  <largest-consumer threadName="ForkJoinPool-3-worker-13" threadId="0000000000796D00" bytes="87124784" />
</allocation-stats>
<gc-op id="7069" type="scavenge" timems="223.834" contextid="7066" timestamp="2020-09-12T19:35:44.546">
  <scavenger-info tenureage="1" tenuremask="7ffe" tiltratio="50" />
  <memory-copied type="nursery" objects="3316647" bytes="87662608" bytesdiscarded="217840" />
  <memory-copied type="tenure" objects="4377455" bytes="258322248" bytesdiscarded="8272" />
  <ownableSynchronizers candidates="573964" cleared="0" />
  <references type="soft" candidates="198304" cleared="0" enqueued="0" dynamicThreshold="29" maxThreshold="32" />
  <references type="weak" candidates="3" cleared="0" enqueued="0" />
</gc-op>
<gc-end id="7070" type="scavenge" contextid="7066" durationms="224.457" usertimems="1653.720" systemtimems="0.000" timestamp="2020-09-12T19:35:44.547" activeThreads="8">
  <mem-info id="7071" free="1784383096" total="3259498496" percent="54">
    <mem type="nursery" free="422710496" total="939524096" percent="44">
      <mem type="allocate" free="422710496" total="510590976" percent="82" />
      <mem type="survivor" free="0" total="428933120" percent="0" />
    </mem>
    <mem type="tenure" free="1361672600" total="2319974400" percent="58" macro-fragmented="0">
      <mem type="soa" free="1273004320" total="2180775936" percent="58" />
      <mem type="loa" free="88668280" total="139198464" percent="63" />
    </mem>
    <remembered-set count="579" />
  </mem-info>
</gc-end>
<cycle-end id="7072" type="scavenge" contextid="7066" timestamp="2020-09-12T19:35:44.547" />
<allocation-satisfied id="7073" threadId="0000000000793100" bytesRequested="1048584" />
<af-end id="7074" timestamp="2020-09-12T19:35:44.548" threadId="0000000000793A80" success="true" from="nursery"/>
<exclusive-end id="7075" timestamp="2020-09-12T19:35:44.548" durationms="226.418" />

<exclusive-start id="7076" timestamp="2020-09-12T19:35:45.014" intervalms="693.209">
  <response-info timems="0.210" idlems="0.210" threads="0" lastid="0000000000796D00" lastname="ForkJoinPool-3-worker-13" />
</exclusive-start>
<af-start id="7077" threadId="0000000000797680" totalBytesRequested="24" timestamp="2020-09-12T19:35:45.015" intervalms="693.195" type="nursery" />
<cycle-start id="7078" type="scavenge" contextid="0" timestamp="2020-09-12T19:35:45.015" intervalms="693.192" />
<gc-start id="7079" type="scavenge" contextid="7078" timestamp="2020-09-12T19:35:45.016">
  <mem-info id="7080" free="1361672600" total="3259498496" percent="41">
    <mem type="nursery" free="0" total="939524096" percent="0">
      <mem type="allocate" free="0" total="510590976" percent="0" />
      <mem type="survivor" free="0" total="428933120" percent="0" />
    </mem>
    <mem type="tenure" free="1361672600" total="2319974400" percent="58">
      <mem type="soa" free="1273004320" total="2180775936" percent="58" />
      <mem type="loa" free="88668280" total="139198464" percent="63" />
    </mem>
    <remembered-set count="591" />
  </mem-info>
</gc-start>
<allocation-stats totalBytes="422670496" >
  <allocated-bytes non-tlh="18007472" tlh="404663024" />
  <largest-consumer threadName="ForkJoinPool-3-worker-11" threadId="00000000007B5E00" bytes="158607232" />
</allocation-stats>
<gc-op id="7081" type="scavenge" timems="231.434" contextid="7078" timestamp="2020-09-12T19:35:45.247">
  <scavenger-info tenureage="1" tenuremask="7ffe" tiltratio="54" />
  <memory-copied type="nursery" objects="4814916" bytes="129815056" bytesdiscarded="203824" />
  <memory-copied type="tenure" objects="2639284" bytes="66390824" bytesdiscarded="5240" />
  <ownableSynchronizers candidates="471795" cleared="0" />
  <references type="soft" candidates="1696" cleared="0" enqueued="0" dynamicThreshold="29" maxThreshold="32" />
  <references type="weak" candidates="6" cleared="0" enqueued="0" />
</gc-op>
<gc-end id="7082" type="scavenge" contextid="7078" durationms="232.199" usertimems="1673.813" systemtimems="15.313" timestamp="2020-09-12T19:35:45.248" activeThreads="8">
  <mem-info id="7083" free="1722717720" total="3259498496" percent="52">
    <mem type="nursery" free="427889032" total="939524096" percent="45">
      <mem type="allocate" free="427889032" total="557907968" percent="76" />
      <mem type="survivor" free="0" total="381616128" percent="0" />
    </mem>
    <mem type="tenure" free="1294828688" total="2319974400" percent="55" macro-fragmented="6450429">
      <mem type="soa" free="1206160408" total="2180775936" percent="55" />
      <mem type="loa" free="88668280" total="139198464" percent="63" />
    </mem>
    <remembered-set count="570" />
  </mem-info>
</gc-end>
<cycle-end id="7084" type="scavenge" contextid="7078" timestamp="2020-09-12T19:35:45.249" />
<allocation-satisfied id="7085" threadId="0000000000796D00" bytesRequested="24" />
<af-end id="7086" timestamp="2020-09-12T19:35:45.249" threadId="0000000000797680" success="true" from="nursery"/>
<exclusive-end id="7087" timestamp="2020-09-12T19:35:45.249" durationms="234.931" />

<exclusive-start id="7088" timestamp="2020-09-12T19:35:46.234" intervalms="1219.368">
  <response-info timems="0.215" idlems="0.215" threads="0" lastid="0000000000796D00" lastname="ForkJoinPool-3-worker-13" />
</exclusive-start>
<af-start id="7089" threadId="0000000000797680" totalBytesRequested="24" timestamp="2020-09-12T19:35:46.234" intervalms="1219.372" type="nursery" />
<cycle-start id="7090" type="scavenge" contextid="0" timestamp="2020-09-12T19:35:46.234" intervalms="1219.358" />
<gc-start id="7091" type="scavenge" contextid="7090" timestamp="2020-09-12T19:35:46.235">
  <mem-info id="7092" free="1294828688" total="3259498496" percent="39">
    <mem type="nursery" free="0" total="939524096" percent="0">
      <mem type="allocate" free="0" total="557907968" percent="0" />
      <mem type="survivor" free="0" total="381616128" percent="0" />
    </mem>
    <mem type="tenure" free="1294828688" total="2319974400" percent="55">
      <mem type="soa" free="1206160408" total="2180775936" percent="55" />
      <mem type="loa" free="88668280" total="139198464" percent="63" />
    </mem>
    <remembered-set count="585" />
  </mem-info>
</gc-start>
<allocation-stats totalBytes="427614536" >
  <allocated-bytes non-tlh="8040104" tlh="419574432" />
  <largest-consumer threadName="ForkJoinPool-3-worker-13" threadId="0000000000796D00" bytes="317749880" />
</allocation-stats>
<gc-op id="7093" type="scavenge" timems="216.479" contextid="7090" timestamp="2020-09-12T19:35:46.451">
  <scavenger-info tenureage="1" tenuremask="7ffe" tiltratio="59" />
  <memory-copied type="nursery" objects="5475431" bytes="123122024" bytesdiscarded="333520" />
  <memory-copied type="tenure" objects="2685840" bytes="59844064" bytesdiscarded="4176" />
  <ownableSynchronizers candidates="964177" cleared="0" />
</gc-op>
<gc-end id="7094" type="scavenge" contextid="7090" durationms="217.050" usertimems="1680.800" systemtimems="20.243" timestamp="2020-09-12T19:35:46.452" activeThreads="8">
  <mem-info id="7095" free="1717178392" total="3259498496" percent="52">
    <mem type="nursery" free="481638304" total="939524096" percent="51">
      <mem type="allocate" free="481638304" total="605093888" percent="79" />
      <mem type="survivor" free="0" total="334430208" percent="0" />
    </mem>
    <mem type="tenure" free="1235540088" total="2319974400" percent="53" macro-fragmented="0">
      <mem type="soa" free="1146871808" total="2180775936" percent="52" />
      <mem type="loa" free="88668280" total="139198464" percent="63" />
    </mem>
    <remembered-set count="561" />
  </mem-info>
</gc-end>
<cycle-end id="7096" type="scavenge" contextid="7090" timestamp="2020-09-12T19:35:46.452" />
<allocation-satisfied id="7097" threadId="0000000000796D00" bytesRequested="24" />
<af-end id="7098" timestamp="2020-09-12T19:35:46.453" threadId="0000000000797680" success="true" from="nursery"/>
<exclusive-end id="7099" timestamp="2020-09-12T19:35:46.453" durationms="218.772" />

<exclusive-start id="7100" timestamp="2020-09-12T19:35:50.671" intervalms="4437.264">
  <response-info timems="0.251" idlems="0.251" threads="0" lastid="0000000000796D00" lastname="ForkJoinPool-3-worker-13" />
</exclusive-start>
<af-start id="7101" threadId="0000000000797680" totalBytesRequested="16" timestamp="2020-09-12T19:35:50.671" intervalms="4437.286" type="nursery" />
<cycle-start id="7102" type="scavenge" contextid="0" timestamp="2020-09-12T19:35:50.671" intervalms="4437.284" />
<gc-start id="7103" type="scavenge" contextid="7102" timestamp="2020-09-12T19:35:50.672">
  <mem-info id="7104" free="1235540088" total="3259498496" percent="37">
    <mem type="nursery" free="0" total="939524096" percent="0">
      <mem type="allocate" free="0" total="605093888" percent="0" />
      <mem type="survivor" free="0" total="334430208" percent="0" />
    </mem>
    <mem type="tenure" free="1235540088" total="2319974400" percent="53">
      <mem type="soa" free="1146871808" total="2180775936" percent="52" />
      <mem type="loa" free="88668280" total="139198464" percent="63" />
    </mem>
    <remembered-set count="55128" />
  </mem-info>
</gc-start>
<allocation-stats totalBytes="481609296" >
  <allocated-bytes non-tlh="107806824" tlh="373802472" />
  <largest-consumer threadName="ForkJoinPool-3-worker-13" threadId="0000000000796D00" bytes="481535632" />
</allocation-stats>
<gc-op id="7105" type="scavenge" timems="332.740" contextid="7102" timestamp="2020-09-12T19:35:51.004">
  <scavenger-info tenureage="1" tenuremask="7ffe" tiltratio="64" />
  <memory-copied type="nursery" objects="7297643" bytes="271395024" bytesdiscarded="403232" />
  <memory-copied type="tenure" objects="5475414" bytes="123121632" bytesdiscarded="9032" />
  <ownableSynchronizers candidates="768231" cleared="0" />
</gc-op>
<gc-end id="7106" type="scavenge" contextid="7102" durationms="333.342" usertimems="2631.994" systemtimems="0.000" timestamp="2020-09-12T19:35:51.005" activeThreads="8">
  <mem-info id="7107" free="1337080520" total="3259498496" percent="41">
    <mem type="nursery" free="224768008" total="939524096" percent="23">
      <mem type="allocate" free="224768008" total="496566272" percent="45" />
      <mem type="survivor" free="0" total="442957824" percent="0" />
    </mem>
    <mem type="tenure" free="1112312512" total="2319974400" percent="47" macro-fragmented="9288619">
      <mem type="soa" free="1023644232" total="2180775936" percent="46" />
      <mem type="loa" free="88668280" total="139198464" percent="63" />
    </mem>
    <remembered-set count="667" />
  </mem-info>
</gc-end>
<cycle-end id="7108" type="scavenge" contextid="7102" timestamp="2020-09-12T19:35:51.006" />
<allocation-satisfied id="7109" threadId="0000000000796D00" bytesRequested="16" />
<af-end id="7110" timestamp="2020-09-12T19:35:51.006" threadId="0000000000797680" success="true" from="nursery"/>
<exclusive-end id="7111" timestamp="2020-09-12T19:35:51.006" durationms="334.557" />

<exclusive-start id="7112" timestamp="2020-09-12T19:35:52.437" intervalms="1766.376">
  <response-info timems="5.923" idlems="5.919" threads="1" lastid="0000000000C69C00" lastname="ForkJoinPool-18-worker-13" />
</exclusive-start>
<af-start id="7113" threadId="0000000000B3EF80" totalBytesRequested="16" timestamp="2020-09-12T19:35:52.438" intervalms="1766.384" type="nursery" />
<cycle-start id="7114" type="scavenge" contextid="0" timestamp="2020-09-12T19:35:52.438" intervalms="1766.392" />
<gc-start id="7115" type="scavenge" contextid="7114" timestamp="2020-09-12T19:35:52.438">
  <mem-info id="7116" free="1112312512" total="3259498496" percent="34">
    <mem type="nursery" free="0" total="939524096" percent="0">
      <mem type="allocate" free="0" total="496566272" percent="0" />
      <mem type="survivor" free="0" total="442957824" percent="0" />
    </mem>
    <mem type="tenure" free="1112312512" total="2319974400" percent="47">
      <mem type="soa" free="1023644232" total="2180775936" percent="46" />
      <mem type="loa" free="88668280" total="139198464" percent="63" />
    </mem>
    <remembered-set count="671" />
  </mem-info>
</gc-start>
<allocation-stats totalBytes="224647792" >
  <allocated-bytes non-tlh="9455976" tlh="215191816" />
  <largest-consumer threadName="ForkJoinPool-3-worker-13" threadId="0000000000796D00" bytes="212881336" />
</allocation-stats>
<gc-op id="7117" type="scavenge" timems="185.412" contextid="7114" timestamp="2020-09-12T19:35:52.624">
  <scavenger-info tenureage="1" tenuremask="7ffe" tiltratio="52" />
  <memory-copied type="nursery" objects="1869751" bytes="49341928" bytesdiscarded="277752" />
  <memory-copied type="tenure" objects="3232974" bytes="188403992" bytesdiscarded="18408" />
  <ownableSynchronizers candidates="90091" cleared="57504" />
</gc-op>
<gc-end id="7118" type="scavenge" contextid="7114" durationms="186.081" usertimems="1324.297" systemtimems="13.900" timestamp="2020-09-12T19:35:52.624" activeThreads="8">
  <mem-info id="7119" free="1398636880" total="3259498496" percent="42">
    <mem type="nursery" free="474733768" total="939524096" percent="50">
      <mem type="allocate" free="474733768" total="524353536" percent="90" />
      <mem type="survivor" free="0" total="415170560" percent="0" />
    </mem>
    <mem type="tenure" free="923903112" total="2319974400" percent="39" macro-fragmented="0">
      <mem type="soa" free="835234832" total="2180775936" percent="38" />
      <mem type="loa" free="88668280" total="139198464" percent="63" />
    </mem>
    <remembered-set count="644" />
  </mem-info>
</gc-end>
<cycle-end id="7120" type="scavenge" contextid="7114" timestamp="2020-09-12T19:35:52.625" />
<allocation-satisfied id="7121" threadId="0000000000B3E600" bytesRequested="16" />
<af-end id="7122" timestamp="2020-09-12T19:35:52.625" threadId="0000000000B3EF80" success="true" from="nursery"/>
<exclusive-end id="7123" timestamp="2020-09-12T19:35:52.626" durationms="188.390" />

<exclusive-start id="7124" timestamp="2020-09-12T19:35:52.709" intervalms="271.666">
  <response-info timems="11.847" idlems="11.845" threads="1" lastid="0000000000CF5A00" lastname="ForkJoinPool-18-worker-5" />
</exclusive-start>
<af-start id="7125" threadId="0000000000CDF880" totalBytesRequested="24" timestamp="2020-09-12T19:35:52.709" intervalms="271.723" type="nursery" />
<cycle-start id="7126" type="scavenge" contextid="0" timestamp="2020-09-12T19:35:52.710" intervalms="271.739" />
<gc-start id="7127" type="scavenge" contextid="7126" timestamp="2020-09-12T19:35:52.711">
  <mem-info id="7128" free="923903112" total="3259498496" percent="28">
    <mem type="nursery" free="0" total="939524096" percent="0">
      <mem type="allocate" free="0" total="524353536" percent="0" />
      <mem type="survivor" free="0" total="415170560" percent="0" />
    </mem>
    <mem type="tenure" free="923903112" total="2319974400" percent="39">
      <mem type="soa" free="835234832" total="2180775936" percent="38" />
      <mem type="loa" free="88668280" total="139198464" percent="63" />
    </mem>
    <remembered-set count="644" />
  </mem-info>
</gc-start>
<allocation-stats totalBytes="474574968" >
  <allocated-bytes non-tlh="98344" tlh="474476624" />
  <largest-consumer threadName="ForkJoinPool-18-worker-13" threadId="0000000000C69C00" bytes="87274464" />
</allocation-stats>
<gc-op id="7129" type="scavenge" timems="324.086" contextid="7126" timestamp="2020-09-12T19:35:53.035">
  <scavenger-info tenureage="2" tenuremask="7ffc" tiltratio="55" />
  <memory-copied type="nursery" objects="15048533" bytes="415097184" bytesdiscarded="73288" />
  <memory-copied type="tenure" objects="1565569" bytes="43075512" bytesdiscarded="16256" />
  <copy-failed type="nursery" objects="1565569" bytes="43075512" />
</gc-op>
<gc-end id="7130" type="scavenge" contextid="7126" durationms="324.682" usertimems="2432.367" systemtimems="11.595" timestamp="2020-09-12T19:35:53.035" activeThreads="8">
  <mem-info id="7131" free="935495816" total="3259498496" percent="28">
    <mem type="nursery" free="54591488" total="939524096" percent="5">
      <mem type="allocate" free="54591488" total="469762048" percent="11" />
      <mem type="survivor" free="0" total="469762048" percent="0" />
    </mem>
    <mem type="tenure" free="880904328" total="2319974400" percent="37" macro-fragmented="0">
      <mem type="soa" free="792236048" total="2180775936" percent="36" />
      <mem type="loa" free="88668280" total="139198464" percent="63" />
    </mem>
    <remembered-set count="5991" />
  </mem-info>
</gc-end>
<cycle-end id="7132" type="scavenge" contextid="7126" timestamp="2020-09-12T19:35:53.036" />
<allocation-satisfied id="7133" threadId="0000000000CDEF00" bytesRequested="24" />
<af-end id="7134" timestamp="2020-09-12T19:35:53.036" threadId="0000000000CDF880" success="true" from="nursery"/>
<exclusive-end id="7135" timestamp="2020-09-12T19:35:53.036" durationms="326.674" />

<exclusive-start id="7136" timestamp="2020-09-12T19:35:53.049" intervalms="340.062">
  <response-info timems="1.034" idlems="1.034" threads="0" lastid="0000000000C09D00" lastname="ForkJoinPool-18-worker-9" />
</exclusive-start>
<af-start id="7137" threadId="0000000000C0A680" totalBytesRequested="32" timestamp="2020-09-12T19:35:53.049" intervalms="339.993" type="nursery" />
<cycle-start id="7138" type="scavenge" contextid="0" timestamp="2020-09-12T19:35:53.050" intervalms="339.988" />
<gc-start id="7139" type="scavenge" contextid="7138" timestamp="2020-09-12T19:35:53.051">
  <mem-info id="7140" free="880904328" total="3259498496" percent="27">
    <mem type="nursery" free="0" total="939524096" percent="0">
      <mem type="allocate" free="0" total="469762048" percent="0" />
      <mem type="survivor" free="0" total="469762048" percent="0" />
    </mem>
    <mem type="tenure" free="880904328" total="2319974400" percent="37">
      <mem type="soa" free="792236048" total="2180775936" percent="36" />
      <mem type="loa" free="88668280" total="139198464" percent="63" />
    </mem>
    <remembered-set count="5994" />
  </mem-info>
</gc-start>
<allocation-stats totalBytes="54574712" >
  <allocated-bytes non-tlh="24" tlh="54574688" />
  <largest-consumer threadName="ForkJoinPool-18-worker-15" threadId="0000000000CEAF00" bytes="15428112" />
</allocation-stats>
<gc-op id="7141" type="scavenge" timems="266.095" contextid="7138" timestamp="2020-09-12T19:35:53.317">
  <scavenger-info tenureage="1" tenuremask="7ffe" tiltratio="50" />
  <memory-copied type="nursery" objects="1688277" bytes="46805856" bytesdiscarded="155808" />
  <memory-copied type="tenure" objects="15048500" bytes="415093776" bytesdiscarded="76664" />
</gc-op>
<gc-end id="7142" type="scavenge" contextid="7138" durationms="266.693" usertimems="2060.007" systemtimems="0.000" timestamp="2020-09-12T19:35:53.317" activeThreads="8">
  <mem-info id="7143" free="888292760" total="3259498496" percent="27">
    <mem type="nursery" free="422800384" total="939524096" percent="45">
      <mem type="allocate" free="422800384" total="469762048" percent="90" />
      <mem type="survivor" free="0" total="469762048" percent="0" />
    </mem>
    <mem type="tenure" free="465492376" total="2319974400" percent="20" macro-fragmented="6450429">
      <mem type="soa" free="376824096" total="2180775936" percent="17" />
      <mem type="loa" free="88668280" total="139198464" percent="63" />
    </mem>
    <remembered-set count="657" />
  </mem-info>
</gc-end>
<cycle-end id="7144" type="scavenge" contextid="7138" timestamp="2020-09-12T19:35:53.318" />
<allocation-satisfied id="7145" threadId="0000000000C09D00" bytesRequested="32" />
<af-end id="7146" timestamp="2020-09-12T19:35:53.318" threadId="0000000000C0A680" success="true" from="nursery"/>
<exclusive-end id="7147" timestamp="2020-09-12T19:35:53.318" durationms="268.496" />

<exclusive-start id="7148" timestamp="2020-09-12T19:35:56.794" intervalms="3745.148">
  <response-info timems="2.774" idlems="2.774" threads="0" lastid="0000000000A79100" lastname="Group1.Backend.CompositeBackend{Tier1}.3" />
</exclusive-start>
<af-start id="7149" threadId="0000000000A79A80" totalBytesRequested="160" timestamp="2020-09-12T19:35:56.795" intervalms="3745.481" type="nursery" />
<cycle-start id="7150" type="scavenge" contextid="0" timestamp="2020-09-12T19:35:56.795" intervalms="3745.549" />
<gc-start id="7151" type="scavenge" contextid="7150" timestamp="2020-09-12T19:35:56.795">
  <mem-info id="7152" free="465486776" total="3259498496" percent="14">
    <mem type="nursery" free="0" total="939524096" percent="0">
      <mem type="allocate" free="0" total="469762048" percent="0" />
      <mem type="survivor" free="0" total="469762048" percent="0" />
    </mem>
    <mem type="tenure" free="465486776" total="2319974400" percent="20">
      <mem type="soa" free="376818496" total="2180775936" percent="17" />
      <mem type="loa" free="88668280" total="139198464" percent="63" />
    </mem>
    <remembered-set count="91413" />
  </mem-info>
</gc-start>
<allocation-stats totalBytes="422493016" >
  <allocated-bytes non-tlh="5631576" tlh="416861440" />
  <largest-consumer threadName="Group1.Backend.CompositeBackend{Tier1}.1" threadId="0000000000C5AC00" bytes="53407336" />
</allocation-stats>
<gc-op id="7153" type="scavenge" timems="95.029" contextid="7150" timestamp="2020-09-12T19:35:56.890">
  <scavenger-info tenureage="2" tenuremask="7ffc" tiltratio="50" />
  <memory-copied type="nursery" objects="4203497" bytes="115942744" bytesdiscarded="148744" />
  <finalization candidates="8" enqueued="0" />
  <ownableSynchronizers candidates="1770" cleared="670" />
  <references type="soft" candidates="975" cleared="0" enqueued="0" dynamicThreshold="29" maxThreshold="32" />
  <references type="weak" candidates="480" cleared="78" enqueued="0" />
</gc-op>
<gc-end id="7154" type="scavenge" contextid="7150" durationms="95.968" usertimems="673.529" systemtimems="3.813" timestamp="2020-09-12T19:35:56.891" activeThreads="8">
  <mem-info id="7155" free="819122840" total="3259498496" percent="25">
    <mem type="nursery" free="353636064" total="939524096" percent="37">
      <mem type="allocate" free="353636064" total="469762048" percent="75" />
      <mem type="survivor" free="0" total="469762048" percent="0" />
    </mem>
    <mem type="tenure" free="465486776" total="2319974400" percent="20" macro-fragmented="4479464">
      <mem type="soa" free="376818496" total="2180775936" percent="17" />
      <mem type="loa" free="88668280" total="139198464" percent="63" />
    </mem>
    <remembered-set count="41238" />
  </mem-info>
</gc-end>
<cycle-end id="7156" type="scavenge" contextid="7150" timestamp="2020-09-12T19:35:56.893" />
<allocation-satisfied id="7157" threadId="0000000000A79100" bytesRequested="160" />
<af-end id="7158" timestamp="2020-09-12T19:35:56.893" threadId="0000000000A79A80" success="true" from="nursery"/>
<exclusive-end id="7159" timestamp="2020-09-12T19:35:56.893" durationms="98.710" />

<exclusive-start id="7160" timestamp="2020-09-12T19:35:57.184" intervalms="389.309">
  <response-info timems="1.085" idlems="0.546" threads="1" lastid="0000000000C5E800" lastname="Group1.Backend.CompositeBackend{Tier1}.7" />
</exclusive-start>
<af-start id="7161" threadId="0000000000CECF80" totalBytesRequested="16" timestamp="2020-09-12T19:35:57.184" intervalms="389.217" type="nursery" />
<cycle-start id="7162" type="scavenge" contextid="0" timestamp="2020-09-12T19:35:57.184" intervalms="389.202" />
<gc-start id="7163" type="scavenge" contextid="7162" timestamp="2020-09-12T19:35:57.185">
  <mem-info id="7164" free="465486616" total="3259498496" percent="14">
    <mem type="nursery" free="0" total="939524096" percent="0">
      <mem type="allocate" free="0" total="469762048" percent="0" />
      <mem type="survivor" free="0" total="469762048" percent="0" />
    </mem>
    <mem type="tenure" free="465486616" total="2319974400" percent="20">
      <mem type="soa" free="376818336" total="2180775936" percent="17" />
      <mem type="loa" free="88668280" total="139198464" percent="63" />
    </mem>
    <remembered-set count="116201" />
  </mem-info>
</gc-start>
<allocation-stats totalBytes="353383040" >
  <allocated-bytes non-tlh="8871024" tlh="344512016" />
  <largest-consumer threadName="Group1.Backend.CompositeBackend{Tier1}.4" threadId="0000000000CF0500" bytes="78647704" />
</allocation-stats>
<gc-op id="7165" type="scavenge" timems="63.752" contextid="7162" timestamp="2020-09-12T19:35:57.249">
  <scavenger-info tenureage="2" tenuremask="7ffc" tiltratio="50" />
  <memory-copied type="nursery" objects="2657535" bytes="73843088" bytesdiscarded="150864" />
  <memory-copied type="tenure" objects="1688251" bytes="46802776" bytesdiscarded="9008" />
  <finalization candidates="11" enqueued="0" />
  <ownableSynchronizers candidates="2756" cleared="737" />
  <references type="soft" candidates="1900" cleared="0" enqueued="0" dynamicThreshold="29" maxThreshold="32" />
  <references type="weak" candidates="543" cleared="92" enqueued="0" />
</gc-op>
<gc-end id="7166" type="scavenge" contextid="7162" durationms="64.561" usertimems="486.513" systemtimems="0.000" timestamp="2020-09-12T19:35:57.250" activeThreads="8">
  <mem-info id="7167" free="814382080" total="3259498496" percent="24">
    <mem type="nursery" free="395738856" total="939524096" percent="42">
      <mem type="allocate" free="395738856" total="469762048" percent="84" />
      <mem type="survivor" free="0" total="469762048" percent="0" />
    </mem>
    <mem type="tenure" free="418643224" total="2319974400" percent="18" macro-fragmented="1800196">
      <mem type="soa" free="329974944" total="2180775936" percent="15" />
      <mem type="loa" free="88668280" total="139198464" percent="63" />
    </mem>
    <remembered-set count="67259" />
  </mem-info>
</gc-end>
<cycle-end id="7168" type="scavenge" contextid="7162" timestamp="2020-09-12T19:35:57.250" />
<allocation-satisfied id="7169" threadId="0000000000CEC600" bytesRequested="16" />
<af-end id="7170" timestamp="2020-09-12T19:35:57.251" threadId="0000000000CECF80" success="true" from="nursery"/>
<exclusive-end id="7171" timestamp="2020-09-12T19:35:57.251" durationms="66.969" />

<exclusive-start id="7172" timestamp="2020-09-12T19:35:57.647" intervalms="463.640">
  <response-info timems="0.554" idlems="0.145" threads="8" lastid="0000000000C5AC00" lastname="Group1.Backend.CompositeBackend{Tier1}.1" />
</exclusive-start>
<af-start id="7173" threadId="0000000000B42B80" totalBytesRequested="120" timestamp="2020-09-12T19:35:57.648" intervalms="463.664" type="nursery" />
<cycle-start id="7174" type="scavenge" contextid="0" timestamp="2020-09-12T19:35:57.648" intervalms="463.662" />
<gc-start id="7175" type="scavenge" contextid="7174" timestamp="2020-09-12T19:35:57.648">
  <mem-info id="7176" free="418642240" total="3259498496" percent="12">
    <mem type="nursery" free="0" total="939524096" percent="0">
      <mem type="allocate" free="0" total="469762048" percent="0" />
      <mem type="survivor" free="0" total="469762048" percent="0" />
    </mem>
    <mem type="tenure" free="418642240" total="2319974400" percent="18">
      <mem type="soa" free="329973960" total="2180775936" percent="15" />
      <mem type="loa" free="88668280" total="139198464" percent="63" />
    </mem>
    <remembered-set count="149448" />
  </mem-info>
</gc-start>
<allocation-stats totalBytes="395444336" >
  <allocated-bytes non-tlh="1000" tlh="395443336" />
  <largest-consumer threadName="Group1.Backend.CompositeBackend{Tier1}.7" threadId="0000000000C5E800" bytes="70311392" />
</allocation-stats>
<gc-op id="7177" type="scavenge" timems="63.159" contextid="7174" timestamp="2020-09-12T19:35:57.711">
  <scavenger-info tenureage="2" tenuremask="7ffc" tiltratio="50" />
  <memory-copied type="nursery" objects="715026" bytes="18956624" bytesdiscarded="300768" />
  <memory-copied type="tenure" objects="2254070" bytes="63293080" bytesdiscarded="22800" />
  <finalization candidates="12" enqueued="0" />
  <ownableSynchronizers candidates="3979" cleared="670" />
  <references type="soft" candidates="2197" cleared="0" enqueued="0" dynamicThreshold="29" maxThreshold="32" />
  <references type="weak" candidates="118" cleared="62" enqueued="0" />
</gc-op>
<gc-end id="7178" type="scavenge" contextid="7174" durationms="64.230" usertimems="454.025" systemtimems="3.275" timestamp="2020-09-12T19:35:57.712" activeThreads="8">
  <mem-info id="7179" free="805932808" total="3259498496" percent="24">
    <mem type="nursery" free="450471656" total="939524096" percent="47">
      <mem type="allocate" free="450471656" total="469762048" percent="95" />
      <mem type="survivor" free="0" total="469762048" percent="0" />
    </mem>
    <mem type="tenure" free="355461152" total="2319974400" percent="15" macro-fragmented="0">
      <mem type="soa" free="266792872" total="2180775936" percent="12" />
      <mem type="loa" free="88668280" total="139198464" percent="63" />
    </mem>
    <remembered-set count="51767" />
  </mem-info>
</gc-end>
<cycle-end id="7180" type="scavenge" contextid="7174" timestamp="2020-09-12T19:35:57.716" />
<allocation-satisfied id="7181" threadId="0000000000B42200" bytesRequested="120" />
<af-end id="7182" timestamp="2020-09-12T19:35:57.716" threadId="0000000000B42B80" success="true" from="nursery"/>
<exclusive-end id="7183" timestamp="2020-09-12T19:35:57.716" durationms="68.531" />

<exclusive-start id="7184" timestamp="2020-09-12T19:35:58.178" intervalms="531.105">
  <response-info timems="0.345" idlems="0.345" threads="0" lastid="0000000000CF0500" lastname="Group1.Backend.CompositeBackend{Tier1}.4" />
</exclusive-start>
<af-start id="7185" threadId="0000000000CF0E80" totalBytesRequested="80" timestamp="2020-09-12T19:35:58.179" intervalms="531.086" type="nursery" />
<cycle-start id="7186" type="scavenge" contextid="0" timestamp="2020-09-12T19:35:58.179" intervalms="531.069" />
<gc-start id="7187" type="scavenge" contextid="7186" timestamp="2020-09-12T19:35:58.181">
  <mem-info id="7188" free="355461152" total="3259498496" percent="10">
    <mem type="nursery" free="0" total="939524096" percent="0">
      <mem type="allocate" free="0" total="469762048" percent="0" />
      <mem type="survivor" free="0" total="469762048" percent="0" />
    </mem>
    <mem type="tenure" free="355461152" total="2319974400" percent="15">
      <mem type="soa" free="266792872" total="2180775936" percent="12" />
      <mem type="loa" free="88668280" total="139198464" percent="63" />
    </mem>
    <remembered-set count="138902" />
  </mem-info>
</gc-start>
<allocation-stats totalBytes="450153704" >
  <allocated-bytes non-tlh="8651696" tlh="441502008" />
  <largest-consumer threadName="Group1.Backend.CompositeBackend{Tier1}.4" threadId="0000000000CF0500" bytes="70041600" />
</allocation-stats>
<gc-op id="7189" type="scavenge" timems="38.048" contextid="7186" timestamp="2020-09-12T19:35:58.219">
  <scavenger-info tenureage="3" tenuremask="7ff8" tiltratio="50" />
  <memory-copied type="nursery" objects="1276905" bytes="33805896" bytesdiscarded="142360" />
  <finalization candidates="6" enqueued="0" />
  <ownableSynchronizers candidates="3984" cleared="536" />
  <references type="soft" candidates="3445" cleared="0" enqueued="0" dynamicThreshold="29" maxThreshold="32" />
  <references type="weak" candidates="165" cleared="79" enqueued="0" />
</gc-op>
<gc-end id="7190" type="scavenge" contextid="7186" durationms="38.828" usertimems="285.612" systemtimems="0.000" timestamp="2020-09-12T19:35:58.220" activeThreads="8">
  <mem-info id="7191" free="838760472" total="3259498496" percent="25">
    <mem type="nursery" free="483299320" total="939524096" percent="51">
      <mem type="allocate" free="483299320" total="517275648" percent="93" />
      <mem type="survivor" free="0" total="422248448" percent="0" />
    </mem>
    <mem type="tenure" free="355461152" total="2319974400" percent="15" macro-fragmented="0">
      <mem type="soa" free="266792872" total="2180775936" percent="12" />
      <mem type="loa" free="88668280" total="139198464" percent="63" />
    </mem>
    <remembered-set count="75061" />
  </mem-info>
</gc-end>
<cycle-end id="7192" type="scavenge" contextid="7186" timestamp="2020-09-12T19:35:58.221" />
<allocation-satisfied id="7193" threadId="0000000000CF0500" bytesRequested="80" />
<af-end id="7194" timestamp="2020-09-12T19:35:58.221" threadId="0000000000CF0E80" success="true" from="nursery"/>
<exclusive-end id="7195" timestamp="2020-09-12T19:35:58.221" durationms="42.852" />

<exclusive-start id="7196" timestamp="2020-09-12T19:35:58.674" intervalms="495.592">
  <response-info timems="0.580" idlems="0.408" threads="1" lastid="0000000000C5AC00" lastname="Group1.Backend.CompositeBackend{Tier1}.1" />
</exclusive-start>
<af-start id="7197" threadId="00000000009CB080" totalBytesRequested="248" timestamp="2020-09-12T19:35:58.675" intervalms="495.627" type="nursery" />
<cycle-start id="7198" type="scavenge" contextid="0" timestamp="2020-09-12T19:35:58.675" intervalms="495.637" />
<gc-start id="7199" type="scavenge" contextid="7198" timestamp="2020-09-12T19:35:58.675">
  <mem-info id="7200" free="355461152" total="3259498496" percent="10">
    <mem type="nursery" free="0" total="939524096" percent="0">
      <mem type="allocate" free="0" total="517275648" percent="0" />
      <mem type="survivor" free="0" total="422248448" percent="0" />
    </mem>
    <mem type="tenure" free="355461152" total="2319974400" percent="15">
      <mem type="soa" free="266792872" total="2180775936" percent="12" />
      <mem type="loa" free="88668280" total="139198464" percent="63" />
    </mem>
    <remembered-set count="155870" />
  </mem-info>
</gc-start>
<allocation-stats totalBytes="482970768" >
  <allocated-bytes non-tlh="10829992" tlh="472140776" />
  <largest-consumer threadName="Group1.Backend.CompositeBackend{Tier1}.8" threadId="0000000000CEC600" bytes="67239040" />
</allocation-stats>
<gc-op id="7201" type="scavenge" timems="43.062" contextid="7198" timestamp="2020-09-12T19:35:58.718">
  <scavenger-info tenureage="4" tenuremask="7ff0" tiltratio="55" />
  <memory-copied type="nursery" objects="1721379" bytes="44871104" bytesdiscarded="98056" />
  <finalization candidates="7" enqueued="0" />
  <ownableSynchronizers candidates="5334" cleared="636" />
  <references type="soft" candidates="4681" cleared="0" enqueued="0" dynamicThreshold="29" maxThreshold="32" />
  <references type="weak" candidates="175" cleared="74" enqueued="0" />
</gc-op>
<gc-end id="7202" type="scavenge" contextid="7198" durationms="43.824" usertimems="332.565" systemtimems="0.000" timestamp="2020-09-12T19:35:58.719" activeThreads="8">
  <mem-info id="7203" free="899623584" total="3259498496" percent="27">
    <mem type="nursery" free="544162432" total="939524096" percent="57">
      <mem type="allocate" free="544162432" total="589168640" percent="92" />
      <mem type="survivor" free="0" total="350355456" percent="0" />
    </mem>
    <mem type="tenure" free="355461152" total="2319974400" percent="15" macro-fragmented="0">
      <mem type="soa" free="266792872" total="2180775936" percent="12" />
      <mem type="loa" free="88668280" total="139198464" percent="63" />
    </mem>
    <remembered-set count="92111" />
  </mem-info>
</gc-end>
<cycle-end id="7204" type="scavenge" contextid="7198" timestamp="2020-09-12T19:35:58.720" />
<allocation-satisfied id="7205" threadId="00000000009CA700" bytesRequested="248" />
<af-end id="7206" timestamp="2020-09-12T19:35:58.720" threadId="00000000009CB080" success="true" from="nursery"/>
<exclusive-end id="7207" timestamp="2020-09-12T19:35:58.720" durationms="46.397" />

<exclusive-start id="7208" timestamp="2020-09-12T19:35:59.347" intervalms="673.204">
  <response-info timems="0.340" idlems="0.340" threads="0" lastid="0000000000B49A00" lastname="Group1.Backend.CompositeBackend{Tier1}.6" />
</exclusive-start>
<af-start id="7209" threadId="0000000000B4A380" totalBytesRequested="256" timestamp="2020-09-12T19:35:59.348" intervalms="673.159" type="nursery" />
<cycle-start id="7210" type="scavenge" contextid="0" timestamp="2020-09-12T19:35:59.348" intervalms="673.159" />
<gc-start id="7211" type="scavenge" contextid="7210" timestamp="2020-09-12T19:35:59.348">
  <mem-info id="7212" free="355461152" total="3259498496" percent="10">
    <mem type="nursery" free="0" total="939524096" percent="0">
      <mem type="allocate" free="0" total="589168640" percent="0" />
      <mem type="survivor" free="0" total="350355456" percent="0" />
    </mem>
    <mem type="tenure" free="355461152" total="2319974400" percent="15">
      <mem type="soa" free="266792872" total="2180775936" percent="12" />
      <mem type="loa" free="88668280" total="139198464" percent="63" />
    </mem>
    <remembered-set count="183250" />
  </mem-info>
</gc-start>
<allocation-stats totalBytes="543805944" >
  <allocated-bytes non-tlh="11901136" tlh="531904808" />
  <largest-consumer threadName="Group1.Backend.CompositeBackend{Tier1}.8" threadId="0000000000CEC600" bytes="79560976" />
</allocation-stats>
<gc-op id="7213" type="scavenge" timems="46.938" contextid="7210" timestamp="2020-09-12T19:35:59.395">
  <scavenger-info tenureage="5" tenuremask="7fe0" tiltratio="62" />
  <memory-copied type="nursery" objects="2042143" bytes="54147096" bytesdiscarded="105672" />
  <finalization candidates="7" enqueued="0" />
  <ownableSynchronizers candidates="7662" cleared="1441" />
  <references type="soft" candidates="6201" cleared="0" enqueued="0" dynamicThreshold="29" maxThreshold="32" />
  <references type="weak" candidates="219" cleared="80" enqueued="0" />
</gc-op>
<gc-end id="7214" type="scavenge" contextid="7210" durationms="47.997" usertimems="346.553" systemtimems="2.836" timestamp="2020-09-12T19:35:59.396" activeThreads="8">
  <mem-info id="7215" free="946242768" total="3259498496" percent="29">
    <mem type="nursery" free="590781616" total="939524096" percent="62">
      <mem type="allocate" free="590781616" total="645070848" percent="91" />
      <mem type="survivor" free="0" total="294453248" percent="0" />
    </mem>
    <mem type="tenure" free="355461152" total="2319974400" percent="15" macro-fragmented="0">
      <mem type="soa" free="266792872" total="2180775936" percent="12" />
      <mem type="loa" free="88668280" total="139198464" percent="63" />
    </mem>
    <remembered-set count="109053" />
  </mem-info>
</gc-end>
<cycle-end id="7216" type="scavenge" contextid="7210" timestamp="2020-09-12T19:35:59.398" />
<allocation-satisfied id="7217" threadId="0000000000B49A00" bytesRequested="256" />
<af-end id="7218" timestamp="2020-09-12T19:35:59.398" threadId="0000000000B4A380" success="true" from="nursery"/>
<exclusive-end id="7219" timestamp="2020-09-12T19:35:59.398" durationms="50.466" />

<exclusive-start id="7220" timestamp="2020-09-12T19:36:00.012" intervalms="664.951">
  <response-info timems="0.513" idlems="0.513" threads="0" lastid="0000000000C5AC00" lastname="Group1.Backend.CompositeBackend{Tier1}.1" />
</exclusive-start>
<af-start id="7221" threadId="0000000000C5B580" totalBytesRequested="16" timestamp="2020-09-12T19:36:00.013" intervalms="665.036" type="nursery" />
<cycle-start id="7222" type="scavenge" contextid="0" timestamp="2020-09-12T19:36:00.013" intervalms="665.043" />
<gc-start id="7223" type="scavenge" contextid="7222" timestamp="2020-09-12T19:36:00.013">
  <mem-info id="7224" free="355460984" total="3259498496" percent="10">
    <mem type="nursery" free="0" total="939524096" percent="0">
      <mem type="allocate" free="0" total="645070848" percent="0" />
      <mem type="survivor" free="0" total="294453248" percent="0" />
    </mem>
    <mem type="tenure" free="355460984" total="2319974400" percent="15">
      <mem type="soa" free="266792704" total="2180775936" percent="12" />
      <mem type="loa" free="88668280" total="139198464" percent="63" />
    </mem>
    <remembered-set count="197489" />
  </mem-info>
</gc-start>
<allocation-stats totalBytes="590327368" >
  <allocated-bytes non-tlh="9227568" tlh="581099800" />
  <largest-consumer threadName="Group1.Backend.CompositeBackend{Tier1}.4" threadId="0000000000CF0500" bytes="90705072" />
</allocation-stats>
<gc-op id="7225" type="scavenge" timems="60.022" contextid="7222" timestamp="2020-09-12T19:36:00.073">
  <scavenger-info tenureage="6" tenuremask="ffc0" tiltratio="68" />
  <memory-copied type="nursery" objects="2504676" bytes="66361888" bytesdiscarded="130824" />
  <finalization candidates="8" enqueued="0" />
  <ownableSynchronizers candidates="8966" cleared="1206" />
  <references type="soft" candidates="7718" cleared="0" enqueued="0" dynamicThreshold="29" maxThreshold="32" />
  <references type="weak" candidates="231" cleared="74" enqueued="0" />
</gc-op>
<gc-end id="7226" type="scavenge" contextid="7222" durationms="61.244" usertimems="419.438" systemtimems="0.733" timestamp="2020-09-12T19:36:00.074" activeThreads="8">
  <mem-info id="7227" free="975289040" total="3259498496" percent="29">
    <mem type="nursery" free="619828056" total="939524096" percent="65">
      <mem type="allocate" free="619828056" total="686358528" percent="90" />
      <mem type="survivor" free="0" total="253165568" percent="0" />
    </mem>
    <mem type="tenure" free="355460984" total="2319974400" percent="15" macro-fragmented="0">
      <mem type="soa" free="266792704" total="2180775936" percent="12" />
      <mem type="loa" free="88668280" total="139198464" percent="63" />
    </mem>
    <remembered-set count="122643" />
  </mem-info>
</gc-end>
<cycle-end id="7228" type="scavenge" contextid="7222" timestamp="2020-09-12T19:36:00.076" />
<allocation-satisfied id="7229" threadId="0000000000C5AC00" bytesRequested="16" />
<af-end id="7230" timestamp="2020-09-12T19:36:00.076" threadId="0000000000C5B580" success="true" from="nursery"/>
<exclusive-end id="7231" timestamp="2020-09-12T19:36:00.076" durationms="64.386" />

<exclusive-start id="7232" timestamp="2020-09-12T19:36:00.712" intervalms="699.718">
  <response-info timems="0.459" idlems="0.459" threads="0" lastid="0000000000C31700" lastname="Group1.Backend.CompositeBackend{Tier3}.4" />
</exclusive-start>
<af-start id="7233" threadId="0000000000C32080" totalBytesRequested="80" timestamp="2020-09-12T19:36:00.713" intervalms="699.773" type="nursery" />
<cycle-start id="7234" type="scavenge" contextid="0" timestamp="2020-09-12T19:36:00.713" intervalms="699.794" />
<gc-start id="7235" type="scavenge" contextid="7234" timestamp="2020-09-12T19:36:00.713">
  <mem-info id="7236" free="355460984" total="3259498496" percent="10">
    <mem type="nursery" free="0" total="939524096" percent="0">
      <mem type="allocate" free="0" total="686358528" percent="0" />
      <mem type="survivor" free="0" total="253165568" percent="0" />
    </mem>
    <mem type="tenure" free="355460984" total="2319974400" percent="15">
      <mem type="soa" free="266792704" total="2180775936" percent="12" />
      <mem type="loa" free="88668280" total="139198464" percent="63" />
    </mem>
    <remembered-set count="211505" />
  </mem-info>
</gc-start>
<allocation-stats totalBytes="619370648" >
  <allocated-bytes non-tlh="14104224" tlh="605266424" />
  <largest-consumer threadName="Group1.Backend.CompositeBackend{Tier1}.8" threadId="0000000000CEC600" bytes="84059992" />
</allocation-stats>
<gc-op id="7237" type="scavenge" timems="65.740" contextid="7234" timestamp="2020-09-12T19:36:00.779">
  <scavenger-info tenureage="7" tenuremask="ff80" tiltratio="73" />
  <memory-copied type="nursery" objects="2972876" bytes="79543568" bytesdiscarded="181880" />
  <finalization candidates="8" enqueued="0" />
  <ownableSynchronizers candidates="10595" cleared="1239" />
  <references type="soft" candidates="9290" cleared="0" enqueued="0" dynamicThreshold="29" maxThreshold="32" />
  <references type="weak" candidates="266" cleared="80" enqueued="0" />
</gc-op>
<gc-end id="7238" type="scavenge" contextid="7234" durationms="66.594" usertimems="494.635" systemtimems="0.000" timestamp="2020-09-12T19:36:00.780" activeThreads="8">
  <mem-info id="7239" free="991868880" total="3259498496" percent="30">
    <mem type="nursery" free="636407896" total="939524096" percent="67">
      <mem type="allocate" free="636407896" total="716177408" percent="88" />
      <mem type="survivor" free="0" total="223346688" percent="0" />
    </mem>
    <mem type="tenure" free="355460984" total="2319974400" percent="15" macro-fragmented="0">
      <mem type="soa" free="266792704" total="2180775936" percent="12" />
      <mem type="loa" free="88668280" total="139198464" percent="63" />
    </mem>
    <remembered-set count="134790" />
  </mem-info>
</gc-end>
<cycle-end id="7240" type="scavenge" contextid="7234" timestamp="2020-09-12T19:36:00.780" />
<allocation-satisfied id="7241" threadId="0000000000C31700" bytesRequested="80" />
<af-end id="7242" timestamp="2020-09-12T19:36:00.780" threadId="0000000000C32080" success="true" from="nursery"/>
<exclusive-end id="7243" timestamp="2020-09-12T19:36:00.780" durationms="68.321" />

<exclusive-start id="7244" timestamp="2020-09-12T19:36:01.455" intervalms="743.193">
  <response-info timems="12.206" idlems="12.206" threads="0" lastid="0000000000C5E800" lastname="Group1.Backend.CompositeBackend{Tier1}.7" />
</exclusive-start>
<af-start id="7245" threadId="0000000000C5F180" totalBytesRequested="192" timestamp="2020-09-12T19:36:01.456" intervalms="743.397" type="nursery" />
<cycle-start id="7246" type="scavenge" contextid="0" timestamp="2020-09-12T19:36:01.456" intervalms="743.464" />
<gc-start id="7247" type="scavenge" contextid="7246" timestamp="2020-09-12T19:36:01.457">
  <mem-info id="7248" free="355460984" total="3259498496" percent="10">
    <mem type="nursery" free="0" total="939524096" percent="0">
      <mem type="allocate" free="0" total="716177408" percent="0" />
      <mem type="survivor" free="0" total="223346688" percent="0" />
    </mem>
    <mem type="tenure" free="355460984" total="2319974400" percent="15">
      <mem type="soa" free="266792704" total="2180775936" percent="12" />
      <mem type="loa" free="88668280" total="139198464" percent="63" />
    </mem>
    <remembered-set count="225778" />
  </mem-info>
</gc-start>
<allocation-stats totalBytes="635888552" >
  <allocated-bytes non-tlh="5842280" tlh="630046272" />
  <largest-consumer threadName="Group1.Backend.CompositeBackend{Tier1}.8" threadId="0000000000CEC600" bytes="104490888" />
</allocation-stats>
<gc-op id="7249" type="scavenge" timems="78.562" contextid="7246" timestamp="2020-09-12T19:36:01.535">
  <scavenger-info tenureage="7" tenuremask="ff80" tiltratio="76" />
  <memory-copied type="nursery" objects="3263606" bytes="86698296" bytesdiscarded="184768" />
  <memory-copied type="tenure" objects="261204" bytes="6924736" bytesdiscarded="3584" />
  <finalization candidates="8" enqueued="0" />
  <ownableSynchronizers candidates="12359" cleared="1307" />
  <references type="soft" candidates="10047" cleared="0" enqueued="0" dynamicThreshold="29" maxThreshold="32" />
  <references type="weak" candidates="229" cleared="74" enqueued="0" />
</gc-op>
<gc-end id="7250" type="scavenge" contextid="7246" durationms="79.581" usertimems="599.799" systemtimems="6.106" timestamp="2020-09-12T19:36:01.536" activeThreads="8">
  <mem-info id="7251" free="1001114304" total="3259498496" percent="30">
    <mem type="nursery" free="652913248" total="939524096" percent="69">
      <mem type="allocate" free="652913248" total="739835904" percent="88" />
      <mem type="survivor" free="0" total="199688192" percent="0" />
    </mem>
    <mem type="tenure" free="348201056" total="2319974400" percent="15" macro-fragmented="0">
      <mem type="soa" free="259532776" total="2180775936" percent="11" />
      <mem type="loa" free="88668280" total="139198464" percent="63" />
    </mem>
    <remembered-set count="120984" />
  </mem-info>
</gc-end>
<cycle-end id="7252" type="scavenge" contextid="7246" timestamp="2020-09-12T19:36:01.537" />
<allocation-satisfied id="7253" threadId="0000000000C5E800" bytesRequested="192" />
<af-end id="7254" timestamp="2020-09-12T19:36:01.537" threadId="0000000000C5F180" success="true" from="nursery"/>
<exclusive-end id="7255" timestamp="2020-09-12T19:36:01.537" durationms="82.070" />

<exclusive-start id="7256" timestamp="2020-09-12T19:36:02.145" intervalms="690.402">
  <response-info timems="8.794" idlems="8.794" threads="0" lastid="0000000000CE6700" lastname="Group1.Backend.CompositeBackend{Tier3}.8" />
</exclusive-start>
<af-start id="7257" threadId="0000000000CE7080" totalBytesRequested="40" timestamp="2020-09-12T19:36:02.146" intervalms="690.251" type="nursery" />
<cycle-start id="7258" type="scavenge" contextid="0" timestamp="2020-09-12T19:36:02.146" intervalms="690.192" />
<gc-start id="7259" type="scavenge" contextid="7258" timestamp="2020-09-12T19:36:02.147">
  <mem-info id="7260" free="348201056" total="3259498496" percent="10">
    <mem type="nursery" free="0" total="939524096" percent="0">
      <mem type="allocate" free="0" total="739835904" percent="0" />
      <mem type="survivor" free="0" total="199688192" percent="0" />
    </mem>
    <mem type="tenure" free="348201056" total="2319974400" percent="15">
      <mem type="soa" free="259532776" total="2180775936" percent="11" />
      <mem type="loa" free="88668280" total="139198464" percent="63" />
    </mem>
    <remembered-set count="211020" />
  </mem-info>
</gc-start>
<allocation-stats totalBytes="652436400" >
  <allocated-bytes non-tlh="17327248" tlh="635109152" />
  <largest-consumer threadName="Group1.Backend.CompositeBackend{Tier1}.3" threadId="0000000000A79100" bytes="126746312" />
</allocation-stats>
<gc-op id="7261" type="scavenge" timems="86.066" contextid="7258" timestamp="2020-09-12T19:36:02.233">
  <scavenger-info tenureage="7" tenuremask="ff80" tiltratio="78" />
  <memory-copied type="nursery" objects="3261006" bytes="87613032" bytesdiscarded="213776" />
  <memory-copied type="tenure" objects="310782" bytes="8145704" bytesdiscarded="2400" />
  <finalization candidates="5" enqueued="0" />
  <ownableSynchronizers candidates="12404" cleared="603" />
  <references type="soft" candidates="10454" cleared="0" enqueued="0" dynamicThreshold="29" maxThreshold="32" />
  <references type="weak" candidates="259" cleared="80" enqueued="0" />
</gc-op>
<gc-end id="7262" type="scavenge" contextid="7258" durationms="87.135" usertimems="660.277" systemtimems="4.164" timestamp="2020-09-12T19:36:02.234" activeThreads="8">
  <mem-info id="7263" free="1011831304" total="3259498496" percent="31">
    <mem type="nursery" free="672092840" total="939524096" percent="71">
      <mem type="allocate" free="672092840" total="759955456" percent="88" />
      <mem type="survivor" free="0" total="179568640" percent="0" />
    </mem>
    <mem type="tenure" free="339738464" total="2319974400" percent="14" macro-fragmented="0">
      <mem type="soa" free="251070184" total="2180775936" percent="11" />
      <mem type="loa" free="88668280" total="139198464" percent="63" />
    </mem>
    <remembered-set count="107126" />
  </mem-info>
</gc-end>
<cycle-end id="7264" type="scavenge" contextid="7258" timestamp="2020-09-12T19:36:02.234" />
<allocation-satisfied id="7265" threadId="0000000000CE6700" bytesRequested="40" />
<af-end id="7266" timestamp="2020-09-12T19:36:02.234" threadId="0000000000CE7080" success="true" from="nursery"/>
<exclusive-end id="7267" timestamp="2020-09-12T19:36:02.234" durationms="88.775" />

<exclusive-start id="7268" timestamp="2020-09-12T19:36:02.966" intervalms="820.729">
  <response-info timems="3.926" idlems="3.926" threads="0" lastid="0000000000CF0500" lastname="Group1.Backend.CompositeBackend{Tier1}.4" />
</exclusive-start>
<af-start id="7269" threadId="0000000000CF0E80" totalBytesRequested="16" timestamp="2020-09-12T19:36:02.967" intervalms="820.667" type="nursery" />
<cycle-start id="7270" type="scavenge" contextid="0" timestamp="2020-09-12T19:36:02.967" intervalms="820.675" />
<gc-start id="7271" type="scavenge" contextid="7270" timestamp="2020-09-12T19:36:02.967">
  <mem-info id="7272" free="339738464" total="3259498496" percent="10">
    <mem type="nursery" free="0" total="939524096" percent="0">
      <mem type="allocate" free="0" total="759955456" percent="0" />
      <mem type="survivor" free="0" total="179568640" percent="0" />
    </mem>
    <mem type="tenure" free="339738464" total="2319974400" percent="14">
      <mem type="soa" free="251070184" total="2180775936" percent="11" />
      <mem type="loa" free="88668280" total="139198464" percent="63" />
    </mem>
    <remembered-set count="201320" />
  </mem-info>
</gc-start>
<allocation-stats totalBytes="671578688" >
  <allocated-bytes non-tlh="11574728" tlh="660003960" />
  <largest-consumer threadName="Group1.Backend.CompositeBackend{Tier1}.6" threadId="0000000000B49A00" bytes="105139360" />
</allocation-stats>
<gc-op id="7273" type="scavenge" timems="103.011" contextid="7270" timestamp="2020-09-12T19:36:03.070">
  <scavenger-info tenureage="7" tenuremask="ff80" tiltratio="80" />
  <memory-copied type="nursery" objects="3366796" bytes="90797840" bytesdiscarded="203856" />
  <memory-copied type="tenure" objects="335490" bytes="8906760" bytesdiscarded="3688" />
  <finalization candidates="4" enqueued="0" />
  <ownableSynchronizers candidates="13872" cleared="1541" />
  <references type="soft" candidates="11014" cleared="0" enqueued="0" dynamicThreshold="29" maxThreshold="32" />
  <references type="weak" candidates="263" cleared="84" enqueued="0" />
</gc-op>
<gc-end id="7274" type="scavenge" contextid="7270" durationms="104.039" usertimems="763.005" systemtimems="9.647" timestamp="2020-09-12T19:36:03.071" activeThreads="8">
  <mem-info id="7275" free="1014620520" total="3259498496" percent="31">
    <mem type="nursery" free="683724056" total="939524096" percent="72">
      <mem type="allocate" free="683724056" total="774766592" percent="88" />
      <mem type="survivor" free="0" total="164757504" percent="0" />
    </mem>
    <mem type="tenure" free="330896464" total="2319974400" percent="14" macro-fragmented="868149">
      <mem type="soa" free="242228184" total="2180775936" percent="11" />
      <mem type="loa" free="88668280" total="139198464" percent="63" />
    </mem>
    <remembered-set count="92566" />
  </mem-info>
</gc-end>
<cycle-end id="7276" type="scavenge" contextid="7270" timestamp="2020-09-12T19:36:03.072" />
<allocation-satisfied id="7277" threadId="0000000000CF0500" bytesRequested="16" />
<af-end id="7278" timestamp="2020-09-12T19:36:03.072" threadId="0000000000CF0E80" success="true" from="nursery"/>
<exclusive-end id="7279" timestamp="2020-09-12T19:36:03.072" durationms="105.638" />

<exclusive-start id="7280" timestamp="2020-09-12T19:36:03.719" intervalms="752.946">
  <response-info timems="0.443" idlems="0.443" threads="0" lastid="0000000000C5AC00" lastname="Group1.Backend.CompositeBackend{Tier1}.1" />
</exclusive-start>
<af-start id="7281" threadId="0000000000C5B580" totalBytesRequested="16" timestamp="2020-09-12T19:36:03.720" intervalms="752.963" type="nursery" />
<cycle-start id="7282" type="scavenge" contextid="0" timestamp="2020-09-12T19:36:03.720" intervalms="752.948" />
<gc-start id="7283" type="scavenge" contextid="7282" timestamp="2020-09-12T19:36:03.720">
  <mem-info id="7284" free="330896408" total="3259498496" percent="10">
    <mem type="nursery" free="0" total="939524096" percent="0">
      <mem type="allocate" free="0" total="774766592" percent="0" />
      <mem type="survivor" free="0" total="164757504" percent="0" />
    </mem>
    <mem type="tenure" free="330896408" total="2319974400" percent="14">
      <mem type="soa" free="242228128" total="2180775936" percent="11" />
      <mem type="loa" free="88668280" total="139198464" percent="63" />
    </mem>
    <remembered-set count="189826" />
  </mem-info>
</gc-start>
<allocation-stats totalBytes="683239352" >
  <allocated-bytes non-tlh="7600336" tlh="675639016" />
  <largest-consumer threadName="Group1.Backend.CompositeBackend{Tier1}.4" threadId="0000000000CF0500" bytes="109209320" />
</allocation-stats>
<gc-op id="7285" type="scavenge" timems="75.019" contextid="7282" timestamp="2020-09-12T19:36:03.795">
  <scavenger-info tenureage="7" tenuremask="ff80" tiltratio="82" />
  <memory-copied type="nursery" objects="3517090" bytes="94549880" bytesdiscarded="145560" />
  <memory-copied type="tenure" objects="331739" bytes="8932288" bytesdiscarded="2808" />
  <finalization candidates="2" enqueued="0" />
  <ownableSynchronizers candidates="14281" cleared="1273" />
  <references type="soft" candidates="11684" cleared="0" enqueued="0" dynamicThreshold="29" maxThreshold="32" />
  <references type="weak" candidates="247" cleared="75" enqueued="0" />
</gc-op>
<gc-end id="7286" type="scavenge" contextid="7282" durationms="76.152" usertimems="512.154" systemtimems="12.751" timestamp="2020-09-12T19:36:03.796" activeThreads="8">
  <mem-info id="7287" free="1012798592" total="3259498496" percent="31">
    <mem type="nursery" free="690973296" total="939524096" percent="73">
      <mem type="allocate" free="690973296" total="785711104" percent="87" />
      <mem type="survivor" free="0" total="153812992" percent="0" />
    </mem>
    <mem type="tenure" free="321825296" total="2319974400" percent="13" macro-fragmented="0">
      <mem type="soa" free="233157016" total="2180775936" percent="10" />
      <mem type="loa" free="88668280" total="139198464" percent="63" />
    </mem>
    <remembered-set count="82966" />
  </mem-info>
</gc-end>
<cycle-end id="7288" type="scavenge" contextid="7282" timestamp="2020-09-12T19:36:03.798" />
<allocation-satisfied id="7289" threadId="0000000000C5AC00" bytesRequested="16" />
<af-end id="7290" timestamp="2020-09-12T19:36:03.798" threadId="0000000000C5B580" success="true" from="nursery"/>
<exclusive-end id="7291" timestamp="2020-09-12T19:36:03.798" durationms="79.223" />

<exclusive-start id="7292" timestamp="2020-09-12T19:36:04.522" intervalms="803.228">
  <response-info timems="0.602" idlems="0.602" threads="0" lastid="0000000000C5E800" lastname="Group1.Backend.CompositeBackend{Tier1}.7" />
</exclusive-start>
<af-start id="7293" threadId="0000000000C5F180" totalBytesRequested="524296" timestamp="2020-09-12T19:36:04.524" intervalms="803.734" type="nursery" />
<cycle-start id="7294" type="scavenge" contextid="0" timestamp="2020-09-12T19:36:04.524" intervalms="803.741" />
<gc-start id="7295" type="scavenge" contextid="7294" timestamp="2020-09-12T19:36:04.524">
  <mem-info id="7296" free="322056232" total="3259498496" percent="9">
    <mem type="nursery" free="230936" total="939524096" percent="0">
      <mem type="allocate" free="230936" total="785711104" percent="0" />
      <mem type="survivor" free="0" total="153812992" percent="0" />
    </mem>
    <mem type="tenure" free="321825296" total="2319974400" percent="13">
      <mem type="soa" free="233157016" total="2180775936" percent="10" />
      <mem type="loa" free="88668280" total="139198464" percent="63" />
    </mem>
    <remembered-set count="174147" />
  </mem-info>
</gc-start>
<allocation-stats totalBytes="690232304" >
  <allocated-bytes non-tlh="15942744" tlh="674289560" />
  <largest-consumer threadName="Group1.Backend.CompositeBackend{Tier1}.8" threadId="0000000000CEC600" bytes="85284448" />
</allocation-stats>
<gc-op id="7297" type="scavenge" timems="102.839" contextid="7294" timestamp="2020-09-12T19:36:04.627">
  <scavenger-info tenureage="7" tenuremask="ff80" tiltratio="83" />
  <memory-copied type="nursery" objects="4253011" bytes="111094472" bytesdiscarded="136680" />
  <memory-copied type="tenure" objects="391110" bytes="10457624" bytesdiscarded="3304" />
  <finalization candidates="1" enqueued="0" />
  <ownableSynchronizers candidates="15014" cleared="1474" />
  <references type="soft" candidates="11941" cleared="0" enqueued="0" dynamicThreshold="29" maxThreshold="32" />
  <references type="weak" candidates="223" cleared="74" enqueued="0" />
</gc-op>
<gc-end id="7298" type="scavenge" contextid="7294" durationms="103.772" usertimems="785.735" systemtimems="5.235" timestamp="2020-09-12T19:36:04.628" activeThreads="8">
  <mem-info id="7299" free="994504544" total="3259498496" percent="30">
    <mem type="nursery" free="683088240" total="939524096" percent="72">
      <mem type="allocate" free="683088240" total="794361856" percent="85" />
      <mem type="survivor" free="0" total="145162240" percent="0" />
    </mem>
    <mem type="tenure" free="311416304" total="2319974400" percent="13" macro-fragmented="0">
      <mem type="soa" free="222748024" total="2180775936" percent="10" />
      <mem type="loa" free="88668280" total="139198464" percent="63" />
    </mem>
    <remembered-set count="73860" />
  </mem-info>
</gc-end>
<cycle-end id="7300" type="scavenge" contextid="7294" timestamp="2020-09-12T19:36:04.630" />
<allocation-satisfied id="7301" threadId="0000000000C5E800" bytesRequested="524296" />
<af-end id="7302" timestamp="2020-09-12T19:36:04.630" threadId="0000000000C5F180" success="true" from="nursery"/>
<exclusive-end id="7303" timestamp="2020-09-12T19:36:04.630" durationms="107.642" />

<exclusive-start id="7304" timestamp="2020-09-12T19:36:05.344" intervalms="821.660">
  <response-info timems="1.005" idlems="1.005" threads="0" lastid="0000000000CF0500" lastname="Group1.Backend.CompositeBackend{Tier1}.4" />
</exclusive-start>
<af-start id="7305" threadId="0000000000CF0E80" totalBytesRequested="80" timestamp="2020-09-12T19:36:05.345" intervalms="821.222" type="nursery" />
<cycle-start id="7306" type="scavenge" contextid="0" timestamp="2020-09-12T19:36:05.345" intervalms="821.319" />
<gc-start id="7307" type="scavenge" contextid="7306" timestamp="2020-09-12T19:36:05.346">
  <mem-info id="7308" free="311416304" total="3259498496" percent="9">
    <mem type="nursery" free="0" total="939524096" percent="0">
      <mem type="allocate" free="0" total="794361856" percent="0" />
      <mem type="survivor" free="0" total="145162240" percent="0" />
    </mem>
    <mem type="tenure" free="311416304" total="2319974400" percent="13">
      <mem type="soa" free="222748024" total="2180775936" percent="10" />
      <mem type="loa" free="88668280" total="139198464" percent="63" />
    </mem>
    <remembered-set count="170935" />
  </mem-info>
</gc-start>
<allocation-stats totalBytes="682590064" >
  <allocated-bytes non-tlh="11823960" tlh="670766104" />
  <largest-consumer threadName="Group1.Backend.CompositeBackend{Tier1}.8" threadId="0000000000CEC600" bytes="116914152" />
</allocation-stats>
<gc-op id="7309" type="scavenge" timems="86.029" contextid="7306" timestamp="2020-09-12T19:36:05.432">
  <scavenger-info tenureage="7" tenuremask="ff80" tiltratio="84" />
  <memory-copied type="nursery" objects="3752794" bytes="100877368" bytesdiscarded="195320" />
  <memory-copied type="tenure" objects="393603" bytes="10645328" bytesdiscarded="3768" />
  <finalization candidates="1" enqueued="0" />
  <ownableSynchronizers candidates="15166" cleared="1206" />
  <references type="soft" candidates="12374" cleared="0" enqueued="0" dynamicThreshold="29" maxThreshold="32" />
  <references type="weak" candidates="262" cleared="90" enqueued="0" />
</gc-op>
<gc-end id="7310" type="scavenge" contextid="7306" durationms="86.964" usertimems="573.171" systemtimems="0.000" timestamp="2020-09-12T19:36:05.432" activeThreads="8">
  <mem-info id="7311" free="997957760" total="3259498496" percent="30">
    <mem type="nursery" free="697373328" total="939524096" percent="74">
      <mem type="allocate" free="697373328" total="798490624" percent="87" />
      <mem type="survivor" free="0" total="141033472" percent="0" />
    </mem>
    <mem type="tenure" free="300584432" total="2319974400" percent="12" macro-fragmented="19260884">
      <mem type="soa" free="211916152" total="2180775936" percent="9" />
      <mem type="loa" free="88668280" total="139198464" percent="63" />
    </mem>
    <remembered-set count="67444" />
  </mem-info>
</gc-end>
<cycle-end id="7312" type="scavenge" contextid="7306" timestamp="2020-09-12T19:36:05.433" />
<allocation-satisfied id="7313" threadId="0000000000CF0500" bytesRequested="80" />
<af-end id="7314" timestamp="2020-09-12T19:36:05.433" threadId="0000000000CF0E80" success="true" from="nursery"/>
<exclusive-end id="7315" timestamp="2020-09-12T19:36:05.433" durationms="88.894" />

</verbosegc>

