<?xml version="1.0" ?>

<verbosegc xmlns="http://www.ibm.com/j9/verbosegc" version="c1dd04cca_CMPRSS">

!@: MM_VerboseWriterFileLoggingSynchronous::openFile

!@: After Trigger

<exclusive-start id="1291" timestamp="2020-09-11T10:43:47.680" intervalms="1763.819">
  <response-info timems="1.708" idlems="1.696" threads="1" lastid="0000000000845A00" lastname="Group1.Backend.CompositeBackend{Tier1}.4" />
</exclusive-start>
<af-start id="1292" threadId="0000000000787680" totalBytesRequested="24" timestamp="2020-09-11T10:43:47.680" intervalms="1763.387" type="nursery" />
<cycle-start id="1293" type="scavenge" contextid="0" timestamp="2020-09-11T10:43:47.681" intervalms="1763.335" />
<gc-start id="1294" type="scavenge" contextid="1293" timestamp="2020-09-11T10:43:47.682">
  <mem-info id="1295" free="66116864" total="2032926720" percent="3">
    <mem type="nursery" free="0" total="939524096" percent="0">
      <mem type="allocate" free="0" total="808255488" percent="0" />
      <mem type="survivor" free="0" total="131268608" percent="0" />
    </mem>
    <mem type="tenure" free="66116864" total="1093402624" percent="6">
      <mem type="soa" free="512256" total="1027798016" percent="0" />
      <mem type="loa" free="65604608" total="65604608" percent="100" />
    </mem>
    <remembered-set count="146703" />
  </mem-info>
</gc-start>
<allocation-stats totalBytes="709965736" >
  <allocated-bytes non-tlh="29519264" tlh="680446472" />
  <largest-consumer threadName="Group1.Backend.CompositeBackend{Tier1}.3" threadId="0000000000844E00" bytes="114705496" />
</allocation-stats>
<gc-op id="1296" type="scavenge" timems="101.201" contextid="1293" timestamp="2020-09-11T10:43:47.783">
  <scavenger-info tenureage="3" tenuremask="7ff8" tiltratio="86" />
  <memory-copied type="nursery" objects="3550272" bytes="96286576" bytesdiscarded="126912" />
  <memory-copied type="tenure" objects="1009336" bytes="28572824" bytesdiscarded="7792" />
  <ownableSynchronizers candidates="165954" cleared="111540" />
  <references type="soft" candidates="34656" cleared="0" enqueued="0" dynamicThreshold="9" maxThreshold="32" />
  <references type="weak" candidates="582" cleared="260" enqueued="220" />
  <heap-resize type="expand" space="tenure" amount="30408704" count="29" timems="10.049" reason="continue current collection" />
</gc-op>
<gc-end id="1297" type="scavenge" contextid="1293" durationms="103.236" usertimems="766.201" systemtimems="6.197" timestamp="2020-09-11T10:43:47.785" activeThreads="8">
  <mem-info id="1298" free="784197904" total="2063335424" percent="38">
    <mem type="nursery" free="716093712" total="939524096" percent="76">
      <mem type="allocate" free="716093712" total="812646400" percent="88" />
      <mem type="survivor" free="0" total="126877696" percent="0" />
    </mem>
    <mem type="tenure" free="68104192" total="1123811328" percent="6" macro-fragmented="0">
      <mem type="soa" free="674816" total="1056381952" percent="0" />
      <mem type="loa" free="67429376" total="67429376" percent="100" />
    </mem>
    <pending-finalizers system="0" default="0" reference="220" classloader="0" />
    <remembered-set count="27291" />
  </mem-info>
</gc-end>
<cycle-end id="1299" type="scavenge" contextid="1293" timestamp="2020-09-11T10:43:47.789" />
<allocation-satisfied id="1300" threadId="0000000000786D00" bytesRequested="24" />
<af-end id="1301" timestamp="2020-09-11T10:43:47.789" threadId="0000000000787680" success="true" from="nursery"/>
<exclusive-end id="1302" timestamp="2020-09-11T10:43:47.789" durationms="109.625" />

<exclusive-start id="1303" timestamp="2020-09-11T10:43:49.385" intervalms="1705.748">
  <response-info timems="0.474" idlems="0.474" threads="0" lastid="0000000000786D00" lastname="Group1.Backend.CompositeBackend{Tier1}.2" />
</exclusive-start>
<af-start id="1304" threadId="0000000000787680" totalBytesRequested="16" timestamp="2020-09-11T10:43:49.386" intervalms="1705.443" type="nursery" />
<cycle-start id="1305" type="scavenge" contextid="0" timestamp="2020-09-11T10:43:49.386" intervalms="1705.410" />
<gc-start id="1306" type="scavenge" contextid="1305" timestamp="2020-09-11T10:43:49.387">
  <mem-info id="1307" free="68104192" total="2063335424" percent="3">
    <mem type="nursery" free="0" total="939524096" percent="0">
      <mem type="allocate" free="0" total="812646400" percent="0" />
      <mem type="survivor" free="0" total="126877696" percent="0" />
    </mem>
    <mem type="tenure" free="68104192" total="1123811328" percent="6">
      <mem type="soa" free="674816" total="1056381952" percent="0" />
      <mem type="loa" free="67429376" total="67429376" percent="100" />
    </mem>
    <remembered-set count="153861" />
  </mem-info>
</gc-start>
<allocation-stats totalBytes="715668448" >
  <allocated-bytes non-tlh="20733552" tlh="694934896" />
  <largest-consumer threadName="Group1.Backend.CompositeBackend{Tier1}.3" threadId="0000000000844E00" bytes="126636032" />
</allocation-stats>
<gc-op id="1308" type="scavenge" timems="111.529" contextid="1305" timestamp="2020-09-11T10:43:49.498">
  <scavenger-info tenureage="3" tenuremask="7ff8" tiltratio="86" />
  <memory-copied type="nursery" objects="3808937" bytes="101746072" bytesdiscarded="266640" />
  <memory-copied type="tenure" objects="1030820" bytes="28036528" bytesdiscarded="8600" />
  <ownableSynchronizers candidates="170538" cleared="115285" />
  <references type="soft" candidates="34062" cleared="0" enqueued="0" dynamicThreshold="9" maxThreshold="32" />
  <references type="weak" candidates="354" cleared="40" enqueued="0" />
  <heap-resize type="expand" space="tenure" amount="29360128" count="28" timems="7.567" reason="continue current collection" />
</gc-op>
<gc-end id="1309" type="scavenge" contextid="1305" durationms="113.060" usertimems="817.190" systemtimems="10.808" timestamp="2020-09-11T10:43:49.500" activeThreads="8">
  <mem-info id="1310" free="785213632" total="2092695552" percent="37">
    <mem type="nursery" free="715933888" total="939524096" percent="76">
      <mem type="allocate" free="715933888" total="818085888" percent="87" />
      <mem type="survivor" free="0" total="121438208" percent="0" />
    </mem>
    <mem type="tenure" free="69279744" total="1153171456" percent="6" macro-fragmented="0">
      <mem type="soa" free="89088" total="1083980800" percent="0" />
      <mem type="loa" free="69190656" total="69190656" percent="100" />
    </mem>
    <remembered-set count="27691" />
  </mem-info>
</gc-end>
<cycle-end id="1311" type="scavenge" contextid="1305" timestamp="2020-09-11T10:43:49.503" />
<allocation-satisfied id="1312" threadId="0000000000786D00" bytesRequested="16" />
<af-end id="1313" timestamp="2020-09-11T10:43:49.503" threadId="0000000000787680" success="true" from="nursery"/>
<exclusive-end id="1314" timestamp="2020-09-11T10:43:49.503" durationms="117.873" />

<exclusive-start id="1315" timestamp="2020-09-11T10:43:51.134" intervalms="1748.499">
  <response-info timems="0.294" idlems="0.294" threads="0" lastid="0000000000845A00" lastname="Group1.Backend.CompositeBackend{Tier1}.4" />
</exclusive-start>
<af-start id="1316" threadId="0000000000846380" totalBytesRequested="3176" timestamp="2020-09-11T10:43:51.134" intervalms="1748.456" type="nursery" />
<cycle-start id="1317" type="scavenge" contextid="0" timestamp="2020-09-11T10:43:51.135" intervalms="1748.470" />
<gc-start id="1318" type="scavenge" contextid="1317" timestamp="2020-09-11T10:43:51.135">
  <mem-info id="1319" free="69279744" total="2092695552" percent="3">
    <mem type="nursery" free="0" total="939524096" percent="0">
      <mem type="allocate" free="0" total="818085888" percent="0" />
      <mem type="survivor" free="0" total="121438208" percent="0" />
    </mem>
    <mem type="tenure" free="69279744" total="1153171456" percent="6">
      <mem type="soa" free="89088" total="1083980800" percent="0" />
      <mem type="loa" free="69190656" total="69190656" percent="100" />
    </mem>
    <remembered-set count="155448" />
  </mem-info>
</gc-start>
<allocation-stats totalBytes="715493128" >
  <allocated-bytes non-tlh="24729176" tlh="690763952" />
  <largest-consumer threadName="Group1.Backend.CompositeBackend{Tier1}.6" threadId="0000000000873600" bytes="108936272" />
</allocation-stats>
<gc-op id="1320" type="scavenge" timems="126.565" contextid="1317" timestamp="2020-09-11T10:43:51.262">
  <scavenger-info tenureage="3" tenuremask="7ff8" tiltratio="87" />
  <memory-copied type="nursery" objects="3707410" bytes="101339152" bytesdiscarded="325288" />
  <memory-copied type="tenure" objects="1029287" bytes="28180456" bytesdiscarded="7784" />
  <ownableSynchronizers candidates="173369" cleared="117679" />
  <references type="soft" candidates="33784" cleared="0" enqueued="0" dynamicThreshold="9" maxThreshold="32" />
  <references type="weak" candidates="344" cleared="30" enqueued="0" />
  <heap-resize type="expand" space="tenure" amount="30408704" count="29" timems="8.572" reason="continue current collection" />
</gc-op>
<gc-end id="1321" type="scavenge" contextid="1317" durationms="127.493" usertimems="938.869" systemtimems="15.279" timestamp="2020-09-11T10:43:51.263" activeThreads="8">
  <mem-info id="1322" free="789256808" total="2123104256" percent="37">
    <mem type="nursery" free="717787752" total="939524096" percent="76">
      <mem type="allocate" free="717787752" total="819593216" percent="87" />
      <mem type="survivor" free="0" total="119930880" percent="0" />
    </mem>
    <mem type="tenure" free="71469056" total="1183580160" percent="6" macro-fragmented="0">
      <mem type="soa" free="453632" total="1112564736" percent="0" />
      <mem type="loa" free="71015424" total="71015424" percent="100" />
    </mem>
    <remembered-set count="30811" />
  </mem-info>
</gc-end>
<cycle-end id="1323" type="scavenge" contextid="1317" timestamp="2020-09-11T10:43:51.263" />
<allocation-satisfied id="1324" threadId="0000000000845A00" bytesRequested="3176" />
<af-end id="1325" timestamp="2020-09-11T10:43:51.263" threadId="0000000000846380" success="true" from="nursery"/>
<exclusive-end id="1326" timestamp="2020-09-11T10:43:51.263" durationms="129.447" />

<exclusive-start id="1327" timestamp="2020-09-11T10:43:52.802" intervalms="1667.876">
  <response-info timems="13.964" idlems="13.964" threads="0" lastid="0000000000786D00" lastname="Group1.Backend.CompositeBackend{Tier1}.2" />
</exclusive-start>
<af-start id="1328" threadId="0000000000787680" totalBytesRequested="520" timestamp="2020-09-11T10:43:52.802" intervalms="1668.101" type="nursery" />
<cycle-start id="1329" type="scavenge" contextid="0" timestamp="2020-09-11T10:43:52.803" intervalms="1668.113" />
<gc-start id="1330" type="scavenge" contextid="1329" timestamp="2020-09-11T10:43:52.803">
  <mem-info id="1331" free="71469056" total="2123104256" percent="3">
    <mem type="nursery" free="0" total="939524096" percent="0">
      <mem type="allocate" free="0" total="819593216" percent="0" />
      <mem type="survivor" free="0" total="119930880" percent="0" />
    </mem>
    <mem type="tenure" free="71469056" total="1183580160" percent="6">
      <mem type="soa" free="453632" total="1112564736" percent="0" />
      <mem type="loa" free="71015424" total="71015424" percent="100" />
    </mem>
    <remembered-set count="154753" />
  </mem-info>
</gc-start>
<allocation-stats totalBytes="717397904" >
  <allocated-bytes non-tlh="31629504" tlh="685768400" />
  <largest-consumer threadName="Group1.Backend.CompositeBackend{Tier1}.8" threadId="00000000008AA200" bytes="121958464" />
</allocation-stats>
<gc-op id="1332" type="scavenge" timems="174.445" contextid="1329" timestamp="2020-09-11T10:43:52.978">
  <scavenger-info tenureage="3" tenuremask="7ff8" tiltratio="87" />
  <memory-copied type="nursery" objects="3617006" bytes="99848864" bytesdiscarded="240592" />
  <memory-copied type="tenure" objects="1006554" bytes="27363952" bytesdiscarded="9144" />
  <ownableSynchronizers candidates="165968" cleared="110764" />
  <references type="soft" candidates="33219" cleared="0" enqueued="0" dynamicThreshold="9" maxThreshold="32" />
  <references type="weak" candidates="109" cleared="45" enqueued="0" />
  <heap-resize type="expand" space="tenure" amount="29360128" count="28" timems="8.652" reason="continue current collection" />
</gc-op>
<gc-end id="1333" type="scavenge" contextid="1329" durationms="175.441" usertimems="1142.057" systemtimems="27.440" timestamp="2020-09-11T10:43:52.979" activeThreads="8">
  <mem-info id="1334" free="794233296" total="2152464384" percent="36">
    <mem type="nursery" free="720611792" total="939524096" percent="76">
      <mem type="allocate" free="720611792" total="820838400" percent="87" />
      <mem type="survivor" free="0" total="118685696" percent="0" />
    </mem>
    <mem type="tenure" free="73621504" total="1212940288" percent="6" macro-fragmented="0">
      <mem type="soa" free="844800" total="1140163584" percent="0" />
      <mem type="loa" free="72776704" total="72776704" percent="100" />
    </mem>
    <remembered-set count="30509" />
  </mem-info>
</gc-end>
<cycle-end id="1335" type="scavenge" contextid="1329" timestamp="2020-09-11T10:43:52.981" />
<allocation-satisfied id="1336" threadId="0000000000786D00" bytesRequested="520" />
<af-end id="1337" timestamp="2020-09-11T10:43:52.981" threadId="0000000000787680" success="true" from="nursery"/>
<exclusive-end id="1338" timestamp="2020-09-11T10:43:52.981" durationms="179.555" />

<exclusive-start id="1339" timestamp="2020-09-11T10:43:54.447" intervalms="1645.137">
  <response-info timems="0.941" idlems="0.941" threads="0" lastid="00000000008AA200" lastname="Group1.Backend.CompositeBackend{Tier1}.8" />
</exclusive-start>
<af-start id="1340" threadId="00000000008AAB80" totalBytesRequested="1848" timestamp="2020-09-11T10:43:54.448" intervalms="1645.081" type="nursery" />
<cycle-start id="1341" type="scavenge" contextid="0" timestamp="2020-09-11T10:43:54.448" intervalms="1645.102" />
<gc-start id="1342" type="scavenge" contextid="1341" timestamp="2020-09-11T10:43:54.449">
  <mem-info id="1343" free="73621448" total="2152464384" percent="3">
    <mem type="nursery" free="0" total="939524096" percent="0">
      <mem type="allocate" free="0" total="820838400" percent="0" />
      <mem type="survivor" free="0" total="118685696" percent="0" />
    </mem>
    <mem type="tenure" free="73621448" total="1212940288" percent="6">
      <mem type="soa" free="844744" total="1140163584" percent="0" />
      <mem type="loa" free="72776704" total="72776704" percent="100" />
    </mem>
    <remembered-set count="155059" />
  </mem-info>
</gc-start>
<allocation-stats totalBytes="720194920" >
  <allocated-bytes non-tlh="27275808" tlh="692919112" />
  <largest-consumer threadName="Group1.Backend.CompositeBackend{Tier1}.4" threadId="0000000000845A00" bytes="127638384" />
</allocation-stats>
<gc-op id="1344" type="scavenge" timems="121.468" contextid="1341" timestamp="2020-09-11T10:43:54.570">
  <scavenger-info tenureage="3" tenuremask="7ff8" tiltratio="87" />
  <memory-copied type="nursery" objects="3645903" bytes="103570208" bytesdiscarded="173432" />
  <memory-copied type="tenure" objects="1026621" bytes="27815832" bytesdiscarded="9736" />
  <ownableSynchronizers candidates="169154" cleared="113702" />
  <references type="soft" candidates="32704" cleared="0" enqueued="0" dynamicThreshold="9" maxThreshold="32" />
  <references type="weak" candidates="371" cleared="45" enqueued="0" />
  <heap-resize type="expand" space="tenure" amount="29360128" count="28" timems="11.970" reason="continue current collection" />
</gc-op>
<gc-end id="1345" type="scavenge" contextid="1341" durationms="123.256" usertimems="886.743" systemtimems="15.488" timestamp="2020-09-11T10:43:54.572" activeThreads="8">
  <mem-info id="1346" free="790801200" total="2181824512" percent="36">
    <mem type="nursery" free="715772464" total="939524096" percent="76">
      <mem type="allocate" free="715772464" total="819658752" percent="87" />
      <mem type="survivor" free="0" total="119865344" percent="0" />
    </mem>
    <mem type="tenure" free="75028736" total="1242300416" percent="6" macro-fragmented="0">
      <mem type="soa" free="489728" total="1167761408" percent="0" />
      <mem type="loa" free="74539008" total="74539008" percent="100" />
    </mem>
    <remembered-set count="29418" />
  </mem-info>
</gc-end>
<cycle-end id="1347" type="scavenge" contextid="1341" timestamp="2020-09-11T10:43:54.575" />
<allocation-satisfied id="1348" threadId="00000000008AA200" bytesRequested="1848" />
<af-end id="1349" timestamp="2020-09-11T10:43:54.575" threadId="00000000008AAB80" success="true" from="nursery"/>
<exclusive-end id="1350" timestamp="2020-09-11T10:43:54.575" durationms="128.311" />

<exclusive-start id="1351" timestamp="2020-09-11T10:43:56.116" intervalms="1669.166">
  <response-info timems="0.395" idlems="0.286" threads="1" lastid="0000000000845A00" lastname="Group1.Backend.CompositeBackend{Tier1}.4" />
</exclusive-start>
<af-start id="1352" threadId="0000000000847680" totalBytesRequested="1032" timestamp="2020-09-11T10:43:56.117" intervalms="1669.083" type="nursery" />
<cycle-start id="1353" type="scavenge" contextid="0" timestamp="2020-09-11T10:43:56.117" intervalms="1669.053" />
<gc-start id="1354" type="scavenge" contextid="1353" timestamp="2020-09-11T10:43:56.117">
  <mem-info id="1355" free="75028736" total="2181824512" percent="3">
    <mem type="nursery" free="0" total="939524096" percent="0">
      <mem type="allocate" free="0" total="819658752" percent="0" />
      <mem type="survivor" free="0" total="119865344" percent="0" />
    </mem>
    <mem type="tenure" free="75028736" total="1242300416" percent="6">
      <mem type="soa" free="489728" total="1167761408" percent="0" />
      <mem type="loa" free="74539008" total="74539008" percent="100" />
    </mem>
    <remembered-set count="159375" />
  </mem-info>
</gc-start>
<allocation-stats totalBytes="715325480" >
  <allocated-bytes non-tlh="21989312" tlh="693336168" />
  <largest-consumer threadName="Group1.Backend.CompositeBackend{Tier1}.5" threadId="0000000000846D00" bytes="122886256" />
</allocation-stats>
<gc-op id="1356" type="scavenge" timems="133.195" contextid="1353" timestamp="2020-09-11T10:43:56.250">
  <scavenger-info tenureage="3" tenuremask="7ff8" tiltratio="87" />
  <memory-copied type="nursery" objects="3586171" bytes="99902608" bytesdiscarded="259536" />
  <memory-copied type="tenure" objects="1095181" bytes="31682608" bytesdiscarded="10368" />
  <ownableSynchronizers candidates="163684" cleared="108999" />
  <references type="soft" candidates="31636" cleared="0" enqueued="0" dynamicThreshold="9" maxThreshold="32" />
  <references type="weak" candidates="329" cleared="35" enqueued="0" />
  <heap-resize type="expand" space="tenure" amount="33554432" count="32" timems="11.540" reason="continue current collection" />
</gc-op>
<gc-end id="1357" type="scavenge" contextid="1353" durationms="134.560" usertimems="975.568" systemtimems="26.580" timestamp="2020-09-11T10:43:56.252" activeThreads="8">
  <mem-info id="1358" free="796988800" total="2215378944" percent="35">
    <mem type="nursery" free="720076672" total="939524096" percent="76">
      <mem type="allocate" free="720076672" total="820379648" percent="87" />
      <mem type="survivor" free="0" total="119144448" percent="0" />
    </mem>
    <mem type="tenure" free="76912128" total="1275854848" percent="6" macro-fragmented="0">
      <mem type="soa" free="359936" total="1199302656" percent="0" />
      <mem type="loa" free="76552192" total="76552192" percent="100" />
    </mem>
    <remembered-set count="25515" />
  </mem-info>
</gc-end>
<cycle-end id="1359" type="scavenge" contextid="1353" timestamp="2020-09-11T10:43:56.254" />
<allocation-satisfied id="1360" threadId="0000000000846D00" bytesRequested="1032" />
<af-end id="1361" timestamp="2020-09-11T10:43:56.254" threadId="0000000000847680" success="true" from="nursery"/>
<exclusive-end id="1362" timestamp="2020-09-11T10:43:56.254" durationms="138.238" />

<exclusive-start id="1363" timestamp="2020-09-11T10:43:57.833" intervalms="1717.521">
  <response-info timems="0.778" idlems="0.778" threads="0" lastid="000000000087C200" lastname="Group1.Backend.CompositeBackend{Tier1}.7" />
</exclusive-start>
<af-start id="1364" threadId="000000000087CB80" totalBytesRequested="16" timestamp="2020-09-11T10:43:57.834" intervalms="1717.387" type="nursery" />
<cycle-start id="1365" type="scavenge" contextid="0" timestamp="2020-09-11T10:43:57.834" intervalms="1717.387" />
<gc-start id="1366" type="scavenge" contextid="1365" timestamp="2020-09-11T10:43:57.835">
  <mem-info id="1367" free="76911640" total="2215378944" percent="3">
    <mem type="nursery" free="0" total="939524096" percent="0">
      <mem type="allocate" free="0" total="820379648" percent="0" />
      <mem type="survivor" free="0" total="119144448" percent="0" />
    </mem>
    <mem type="tenure" free="76911640" total="1275854848" percent="6">
      <mem type="soa" free="359448" total="1199302656" percent="0" />
      <mem type="loa" free="76552192" total="76552192" percent="100" />
    </mem>
    <remembered-set count="157903" />
  </mem-info>
</gc-start>
<allocation-stats totalBytes="719642528" >
  <allocated-bytes non-tlh="27711736" tlh="691930792" />
  <largest-consumer threadName="Group1.Backend.CompositeBackend{Tier1}.3" threadId="0000000000844E00" bytes="107517376" />
</allocation-stats>
<gc-op id="1368" type="scavenge" timems="113.374" contextid="1365" timestamp="2020-09-11T10:43:57.948">
  <scavenger-info tenureage="3" tenuremask="7ff8" tiltratio="87" />
  <memory-copied type="nursery" objects="3765320" bytes="104432768" bytesdiscarded="183016" />
  <memory-copied type="tenure" objects="971788" bytes="26592264" bytesdiscarded="8528" />
  <finalization candidates="3" enqueued="0" />
  <ownableSynchronizers candidates="150017" cleared="97745" />
  <references type="soft" candidates="30303" cleared="0" enqueued="0" dynamicThreshold="9" maxThreshold="32" />
  <references type="weak" candidates="645" cleared="95" enqueued="26" />
  <heap-resize type="expand" space="tenure" amount="28311552" count="27" timems="7.601" reason="continue current collection" />
</gc-op>
<gc-end id="1369" type="scavenge" contextid="1365" durationms="114.541" usertimems="806.125" systemtimems="13.864" timestamp="2020-09-11T10:43:57.949" activeThreads="8">
  <mem-info id="1370" free="791849312" total="2243690496" percent="35">
    <mem type="nursery" free="713263712" total="939524096" percent="75">
      <mem type="allocate" free="713263712" total="818020352" percent="87" />
      <mem type="survivor" free="0" total="121503744" percent="0" />
    </mem>
    <mem type="tenure" free="78585600" total="1304166400" percent="6" macro-fragmented="97368">
      <mem type="soa" free="335616" total="1225916416" percent="0" />
      <mem type="loa" free="78249984" total="78249984" percent="100" />
    </mem>
    <pending-finalizers system="0" default="0" reference="26" classloader="0" />
    <remembered-set count="23491" />
  </mem-info>
</gc-end>
<cycle-end id="1371" type="scavenge" contextid="1365" timestamp="2020-09-11T10:43:57.952" />
<allocation-satisfied id="1372" threadId="000000000087C200" bytesRequested="16" />
<af-end id="1373" timestamp="2020-09-11T10:43:57.952" threadId="000000000087CB80" success="true" from="nursery"/>
<exclusive-end id="1374" timestamp="2020-09-11T10:43:57.952" durationms="118.115" />

<exclusive-start id="1375" timestamp="2020-09-11T10:43:59.514" intervalms="1680.219">
  <response-info timems="1.355" idlems="1.355" threads="0" lastid="0000000000844E00" lastname="Group1.Backend.CompositeBackend{Tier1}.3" />
</exclusive-start>
<af-start id="1376" threadId="0000000000845780" totalBytesRequested="1848" timestamp="2020-09-11T10:43:59.514" intervalms="1680.251" type="nursery" />
<cycle-start id="1377" type="scavenge" contextid="0" timestamp="2020-09-11T10:43:59.514" intervalms="1680.238" />
<gc-start id="1378" type="scavenge" contextid="1377" timestamp="2020-09-11T10:43:59.515">
  <mem-info id="1379" free="78585600" total="2243690496" percent="3">
    <mem type="nursery" free="0" total="939524096" percent="0">
      <mem type="allocate" free="0" total="818020352" percent="0" />
      <mem type="survivor" free="0" total="121503744" percent="0" />
    </mem>
    <mem type="tenure" free="78585600" total="1304166400" percent="6">
      <mem type="soa" free="335616" total="1225916416" percent="0" />
      <mem type="loa" free="78249984" total="78249984" percent="100" />
    </mem>
    <remembered-set count="161747" />
  </mem-info>
</gc-start>
<allocation-stats totalBytes="712837592" >
  <allocated-bytes non-tlh="24420328" tlh="688417264" />
  <largest-consumer threadName="Group1.Backend.CompositeBackend{Tier1}.6" threadId="0000000000873600" bytes="106279896" />
</allocation-stats>
<gc-op id="1380" type="scavenge" timems="114.009" contextid="1377" timestamp="2020-09-11T10:43:59.629">
  <scavenger-info tenureage="3" tenuremask="7ff8" tiltratio="87" />
  <memory-copied type="nursery" objects="3770756" bytes="101770424" bytesdiscarded="160864" />
  <memory-copied type="tenure" objects="1060652" bytes="31561312" bytesdiscarded="7344" />
  <finalization candidates="3" enqueued="0" />
  <ownableSynchronizers candidates="140369" cleared="90552" />
  <references type="soft" candidates="28076" cleared="0" enqueued="0" dynamicThreshold="9" maxThreshold="32" />
  <references type="weak" candidates="356" cleared="39" enqueued="0" />
  <heap-resize type="expand" space="tenure" amount="34603008" count="33" timems="8.884" reason="continue current collection" />
</gc-op>
<gc-end id="1381" type="scavenge" contextid="1377" durationms="115.250" usertimems="812.799" systemtimems="9.781" timestamp="2020-09-11T10:43:59.630" activeThreads="8">
  <mem-info id="1382" free="798128320" total="2278293504" percent="35">
    <mem type="nursery" free="716870080" total="939524096" percent="76">
      <mem type="allocate" free="716870080" total="818937856" percent="87" />
      <mem type="survivor" free="0" total="120586240" percent="0" />
    </mem>
    <mem type="tenure" free="81258240" total="1338769408" percent="6" macro-fragmented="0">
      <mem type="soa" free="931584" total="1258442752" percent="0" />
      <mem type="loa" free="80326656" total="80326656" percent="100" />
    </mem>
    <remembered-set count="28014" />
  </mem-info>
</gc-end>
<cycle-end id="1383" type="scavenge" contextid="1377" timestamp="2020-09-11T10:43:59.632" />
<allocation-satisfied id="1384" threadId="0000000000844E00" bytesRequested="1848" />
<af-end id="1385" timestamp="2020-09-11T10:43:59.632" threadId="0000000000845780" success="true" from="nursery"/>
<exclusive-end id="1386" timestamp="2020-09-11T10:43:59.632" durationms="118.558" />

<exclusive-start id="1387" timestamp="2020-09-11T10:44:01.362" intervalms="1848.776">
  <response-info timems="7.664" idlems="7.664" threads="0" lastid="0000000000786D00" lastname="Group1.Backend.CompositeBackend{Tier1}.2" />
</exclusive-start>
<af-start id="1388" threadId="0000000000787680" totalBytesRequested="262152" timestamp="2020-09-11T10:44:01.363" intervalms="1848.843" type="nursery" />
<cycle-start id="1389" type="scavenge" contextid="0" timestamp="2020-09-11T10:44:01.363" intervalms="1848.842" />
<gc-start id="1390" type="scavenge" contextid="1389" timestamp="2020-09-11T10:44:01.364">
  <mem-info id="1391" free="81257376" total="2278293504" percent="3">
    <mem type="nursery" free="0" total="939524096" percent="0">
      <mem type="allocate" free="0" total="818937856" percent="0" />
      <mem type="survivor" free="0" total="120586240" percent="0" />
    </mem>
    <mem type="tenure" free="81257376" total="1338769408" percent="6">
      <mem type="soa" free="930720" total="1258442752" percent="0" />
      <mem type="loa" free="80326656" total="80326656" percent="100" />
    </mem>
    <remembered-set count="172198" />
  </mem-info>
</gc-start>
<allocation-stats totalBytes="716479776" >
  <allocated-bytes non-tlh="29341624" tlh="687138152" />
  <largest-consumer threadName="Group1.Backend.CompositeBackend{Tier1}.7" threadId="000000000087C200" bytes="100430144" />
</allocation-stats>
<gc-op id="1392" type="scavenge" timems="100.094" contextid="1389" timestamp="2020-09-11T10:44:01.464">
  <scavenger-info tenureage="3" tenuremask="7ff8" tiltratio="87" />
  <memory-copied type="nursery" objects="3913358" bytes="105301048" bytesdiscarded="153104" />
  <memory-copied type="tenure" objects="1052877" bytes="28425760" bytesdiscarded="7848" />
  <finalization candidates="5" enqueued="0" />
  <ownableSynchronizers candidates="124040" cleared="78491" />
  <references type="soft" candidates="25203" cleared="0" enqueued="0" dynamicThreshold="9" maxThreshold="32" />
  <references type="weak" candidates="472" cleared="90" enqueued="0" />
  <heap-resize type="expand" space="tenure" amount="29360128" count="28" timems="7.142" reason="continue current collection" />
</gc-op>
<gc-end id="1393" type="scavenge" contextid="1389" durationms="101.073" usertimems="723.813" systemtimems="5.354" timestamp="2020-09-11T10:44:01.465" activeThreads="8">
  <mem-info id="1394" free="794656384" total="2307653632" percent="34">
    <mem type="nursery" free="712303488" total="939524096" percent="75">
      <mem type="allocate" free="712303488" total="817889280" percent="87" />
      <mem type="survivor" free="0" total="121634816" percent="0" />
    </mem>
    <mem type="tenure" free="82352896" total="1368129536" percent="6" macro-fragmented="19260884">
      <mem type="soa" free="264960" total="1286041600" percent="0" />
      <mem type="loa" free="82087936" total="82087936" percent="100" />
    </mem>
    <remembered-set count="29434" />
  </mem-info>
</gc-end>
<cycle-end id="1395" type="scavenge" contextid="1389" timestamp="2020-09-11T10:44:01.469" />
<allocation-satisfied id="1396" threadId="0000000000786D00" bytesRequested="262152" />
<af-end id="1397" timestamp="2020-09-11T10:44:01.469" threadId="0000000000787680" success="true" from="nursery"/>
<exclusive-end id="1398" timestamp="2020-09-11T10:44:01.469" durationms="106.369" />

<exclusive-start id="1399" timestamp="2020-09-11T10:44:03.281" intervalms="1918.175">
  <response-info timems="0.435" idlems="0.435" threads="0" lastid="000000000087C200" lastname="Group1.Backend.CompositeBackend{Tier1}.7" />
</exclusive-start>
<af-start id="1400" threadId="000000000087CB80" totalBytesRequested="120" timestamp="2020-09-11T10:44:03.281" intervalms="1918.206" type="nursery" />
<cycle-start id="1401" type="scavenge" contextid="0" timestamp="2020-09-11T10:44:03.281" intervalms="1918.217" />
<gc-start id="1402" type="scavenge" contextid="1401" timestamp="2020-09-11T10:44:03.282">
  <mem-info id="1403" free="82351992" total="2307653632" percent="3">
    <mem type="nursery" free="0" total="939524096" percent="0">
      <mem type="allocate" free="0" total="817889280" percent="0" />
      <mem type="survivor" free="0" total="121634816" percent="0" />
    </mem>
    <mem type="tenure" free="82351992" total="1368129536" percent="6">
      <mem type="soa" free="264056" total="1286041600" percent="0" />
      <mem type="loa" free="82087936" total="82087936" percent="100" />
    </mem>
    <remembered-set count="176877" />
  </mem-info>
</gc-start>
<allocation-stats totalBytes="711916896" >
  <allocated-bytes non-tlh="23542928" tlh="688373968" />
  <largest-consumer threadName="Group1.Backend.CompositeBackend{Tier1}.8" threadId="00000000008AA200" bytes="101196568" />
</allocation-stats>
<gc-op id="1404" type="scavenge" timems="114.843" contextid="1401" timestamp="2020-09-11T10:44:03.397">
  <scavenger-info tenureage="3" tenuremask="7ff8" tiltratio="87" />
  <memory-copied type="nursery" objects="4141921" bytes="110947296" bytesdiscarded="150120" />
  <memory-copied type="tenure" objects="1042243" bytes="28377840" bytesdiscarded="9136" />
  <finalization candidates="6" enqueued="0" />
  <ownableSynchronizers candidates="116826" cleared="75356" />
  <references type="soft" candidates="23069" cleared="0" enqueued="0" dynamicThreshold="9" maxThreshold="32" />
  <references type="weak" candidates="211" cleared="90" enqueued="0" />
  <heap-resize type="expand" space="tenure" amount="30408704" count="29" timems="8.987" reason="continue current collection" />
</gc-op>
<gc-end id="1405" type="scavenge" contextid="1401" durationms="115.763" usertimems="842.606" systemtimems="17.963" timestamp="2020-09-11T10:44:03.398" activeThreads="8">
  <mem-info id="1406" free="783686312" total="2338062336" percent="33">
    <mem type="nursery" free="699454120" total="939524096" percent="74">
      <mem type="allocate" free="699454120" total="810680320" percent="86" />
      <mem type="survivor" free="0" total="128843776" percent="0" />
    </mem>
    <mem type="tenure" free="84232192" total="1398538240" percent="6" macro-fragmented="0">
      <mem type="soa" free="319488" total="1314625536" percent="0" />
      <mem type="loa" free="83912704" total="83912704" percent="100" />
    </mem>
    <remembered-set count="31478" />
  </mem-info>
</gc-end>
<cycle-end id="1407" type="scavenge" contextid="1401" timestamp="2020-09-11T10:44:03.400" />
<allocation-satisfied id="1408" threadId="000000000087C200" bytesRequested="120" />
<af-end id="1409" timestamp="2020-09-11T10:44:03.400" threadId="000000000087CB80" success="true" from="nursery"/>
<exclusive-end id="1410" timestamp="2020-09-11T10:44:03.400" durationms="119.468" />

<exclusive-start id="1411" timestamp="2020-09-11T10:44:05.098" intervalms="1817.513">
  <response-info timems="2.724" idlems="1.433" threads="1" lastid="000000000087C200" lastname="Group1.Backend.CompositeBackend{Tier1}.7" />
</exclusive-start>
<af-start id="1412" threadId="0000000000787680" totalBytesRequested="32" timestamp="2020-09-11T10:44:05.099" intervalms="1817.522" type="nursery" />
<cycle-start id="1413" type="scavenge" contextid="0" timestamp="2020-09-11T10:44:05.099" intervalms="1817.522" />
<gc-start id="1414" type="scavenge" contextid="1413" timestamp="2020-09-11T10:44:05.100">
  <mem-info id="1415" free="84232192" total="2338062336" percent="3">
    <mem type="nursery" free="0" total="939524096" percent="0">
      <mem type="allocate" free="0" total="810680320" percent="0" />
      <mem type="survivor" free="0" total="128843776" percent="0" />
    </mem>
    <mem type="tenure" free="84232192" total="1398538240" percent="6">
      <mem type="soa" free="319488" total="1314625536" percent="0" />
      <mem type="loa" free="83912704" total="83912704" percent="100" />
    </mem>
    <remembered-set count="178232" />
  </mem-info>
</gc-start>
<allocation-stats totalBytes="699065336" >
  <allocated-bytes non-tlh="30377208" tlh="668688128" />
  <largest-consumer threadName="Group1.Backend.CompositeBackend{Tier1}.3" threadId="0000000000844E00" bytes="105467768" />
</allocation-stats>
<gc-op id="1416" type="scavenge" timems="97.107" contextid="1413" timestamp="2020-09-11T10:44:05.197">
  <scavenger-info tenureage="3" tenuremask="7ff8" tiltratio="86" />
  <memory-copied type="nursery" objects="3955811" bytes="106802800" bytesdiscarded="150464" />
  <memory-copied type="tenure" objects="1071766" bytes="28964760" bytesdiscarded="7240" />
  <finalization candidates="4" enqueued="0" />
  <ownableSynchronizers candidates="104566" cleared="66841" />
  <references type="soft" candidates="20814" cleared="0" enqueued="0" dynamicThreshold="9" maxThreshold="32" />
  <references type="weak" candidates="229" cleared="115" enqueued="0" />
  <heap-resize type="expand" space="tenure" amount="31457280" count="30" timems="9.393" reason="continue current collection" />
</gc-op>
<gc-end id="1417" type="scavenge" contextid="1413" durationms="98.069" usertimems="758.654" systemtimems="2.583" timestamp="2020-09-11T10:44:05.198" activeThreads="8">
  <mem-info id="1418" free="791255016" total="2369519616" percent="33">
    <mem type="nursery" free="704523496" total="939524096" percent="74">
      <mem type="allocate" free="704523496" total="811597824" percent="86" />
      <mem type="survivor" free="0" total="127926272" percent="0" />
    </mem>
    <mem type="tenure" free="86731520" total="1429995520" percent="6" macro-fragmented="0">
      <mem type="soa" free="931584" total="1344195584" percent="0" />
      <mem type="loa" free="85799936" total="85799936" percent="100" />
    </mem>
    <remembered-set count="32150" />
  </mem-info>
</gc-end>
<cycle-end id="1419" type="scavenge" contextid="1413" timestamp="2020-09-11T10:44:05.200" />
<allocation-satisfied id="1420" threadId="0000000000786D00" bytesRequested="32" />
<af-end id="1421" timestamp="2020-09-11T10:44:05.200" threadId="0000000000787680" success="true" from="nursery"/>
<exclusive-end id="1422" timestamp="2020-09-11T10:44:05.200" durationms="101.771" />

<exclusive-start id="1423" timestamp="2020-09-11T10:44:07.065" intervalms="1966.620">
  <response-info timems="0.329" idlems="0.329" threads="0" lastid="0000000000782C00" lastname="Group1.Backend.CompositeBackend{Tier1}.1" />
</exclusive-start>
<af-start id="1424" threadId="0000000000783580" totalBytesRequested="524296" timestamp="2020-09-11T10:44:07.065" intervalms="1966.551" type="nursery" />
<cycle-start id="1425" type="scavenge" contextid="0" timestamp="2020-09-11T10:44:07.066" intervalms="1966.542" />
<gc-start id="1426" type="scavenge" contextid="1425" timestamp="2020-09-11T10:44:07.066">
  <mem-info id="1427" free="86731520" total="2369519616" percent="3">
    <mem type="nursery" free="0" total="939524096" percent="0">
      <mem type="allocate" free="0" total="811597824" percent="0" />
      <mem type="survivor" free="0" total="127926272" percent="0" />
    </mem>
    <mem type="tenure" free="86731520" total="1429995520" percent="6">
      <mem type="soa" free="931584" total="1344195584" percent="0" />
      <mem type="loa" free="85799936" total="85799936" percent="100" />
    </mem>
    <remembered-set count="181586" />
  </mem-info>
</gc-start>
<allocation-stats totalBytes="704152304" >
  <allocated-bytes non-tlh="29019280" tlh="675133024" />
  <largest-consumer threadName="Group1.Backend.CompositeBackend{Tier1}.3" threadId="0000000000844E00" bytes="100260200" />
</allocation-stats>
<gc-op id="1428" type="scavenge" timems="112.763" contextid="1425" timestamp="2020-09-11T10:44:07.179">
  <scavenger-info tenureage="3" tenuremask="7ff8" tiltratio="86" />
  <memory-copied type="nursery" objects="4198005" bytes="111978072" bytesdiscarded="436848" />
  <memory-copied type="tenure" objects="1111681" bytes="30171368" bytesdiscarded="7616" />
  <finalization candidates="5" enqueued="0" />
  <ownableSynchronizers candidates="95239" cleared="61083" />
  <references type="soft" candidates="19141" cleared="0" enqueued="0" dynamicThreshold="9" maxThreshold="32" />
  <references type="weak" candidates="163" cleared="107" enqueued="0" />
  <heap-resize type="expand" space="tenure" amount="31457280" count="30" timems="8.212" reason="continue current collection" />
</gc-op>
<gc-end id="1429" type="scavenge" contextid="1425" durationms="113.692" usertimems="876.832" systemtimems="6.977" timestamp="2020-09-11T10:44:07.180" activeThreads="8">
  <mem-info id="1430" free="784249328" total="2400976896" percent="32">
    <mem type="nursery" free="696442352" total="939524096" percent="74">
      <mem type="allocate" free="696442352" total="808976384" percent="86" />
      <mem type="survivor" free="0" total="130547712" percent="0" />
    </mem>
    <mem type="tenure" free="87806976" total="1461452800" percent="6" macro-fragmented="0">
      <mem type="soa" free="119808" total="1373765632" percent="0" />
      <mem type="loa" free="87687168" total="87687168" percent="100" />
    </mem>
    <remembered-set count="31741" />
  </mem-info>
</gc-end>
<cycle-end id="1431" type="scavenge" contextid="1425" timestamp="2020-09-11T10:44:07.183" />
<allocation-satisfied id="1432" threadId="0000000000782C00" bytesRequested="524296" />
<af-end id="1433" timestamp="2020-09-11T10:44:07.183" threadId="0000000000783580" success="true" from="nursery"/>
<exclusive-end id="1434" timestamp="2020-09-11T10:44:07.183" durationms="118.246" />

<exclusive-start id="1435" timestamp="2020-09-11T10:44:08.945" intervalms="1880.439">
  <response-info timems="0.352" idlems="0.352" threads="0" lastid="0000000000873600" lastname="Group1.Backend.CompositeBackend{Tier1}.6" />
</exclusive-start>
<af-start id="1436" threadId="0000000000873F80" totalBytesRequested="32" timestamp="2020-09-11T10:44:08.946" intervalms="1880.388" type="nursery" />
<cycle-start id="1437" type="scavenge" contextid="0" timestamp="2020-09-11T10:44:08.946" intervalms="1880.381" />
<gc-start id="1438" type="scavenge" contextid="1437" timestamp="2020-09-11T10:44:08.947">
  <mem-info id="1439" free="87806976" total="2400976896" percent="3">
    <mem type="nursery" free="0" total="939524096" percent="0">
      <mem type="allocate" free="0" total="808976384" percent="0" />
      <mem type="survivor" free="0" total="130547712" percent="0" />
    </mem>
    <mem type="tenure" free="87806976" total="1461452800" percent="6">
      <mem type="soa" free="119808" total="1373765632" percent="0" />
      <mem type="loa" free="87687168" total="87687168" percent="100" />
    </mem>
    <remembered-set count="183003" />
  </mem-info>
</gc-start>
<allocation-stats totalBytes="696078720" >
  <allocated-bytes non-tlh="33627896" tlh="662450824" />
  <largest-consumer threadName="Group1.Backend.CompositeBackend{Tier1}.3" threadId="0000000000844E00" bytes="114182104" />
</allocation-stats>
<gc-op id="1440" type="scavenge" timems="119.348" contextid="1437" timestamp="2020-09-11T10:44:09.066">
  <scavenger-info tenureage="3" tenuremask="7ff8" tiltratio="86" />
  <memory-copied type="nursery" objects="4063172" bytes="109216256" bytesdiscarded="158312" />
  <memory-copied type="tenure" objects="1128918" bytes="30559072" bytesdiscarded="9880" />
  <finalization candidates="3" enqueued="0" />
  <ownableSynchronizers candidates="83838" cleared="52800" />
  <references type="soft" candidates="16994" cleared="0" enqueued="0" dynamicThreshold="9" maxThreshold="32" />
  <references type="weak" candidates="155" cleared="125" enqueued="0" />
  <heap-resize type="expand" space="tenure" amount="32505856" count="31" timems="9.600" reason="continue current collection" />
</gc-op>
<gc-end id="1441" type="scavenge" contextid="1437" durationms="120.270" usertimems="867.200" systemtimems="15.753" timestamp="2020-09-11T10:44:09.067" activeThreads="8">
  <mem-info id="1442" free="790240504" total="2433482752" percent="32">
    <mem type="nursery" free="700468736" total="939524096" percent="74">
      <mem type="allocate" free="700468736" total="809959424" percent="86" />
      <mem type="survivor" free="0" total="129564672" percent="0" />
    </mem>
    <mem type="tenure" free="89771768" total="1493958656" percent="6" macro-fragmented="0">
      <mem type="soa" free="133880" total="1404320768" percent="0" />
      <mem type="loa" free="89637888" total="89637888" percent="100" />
    </mem>
    <remembered-set count="31250" />
  </mem-info>
</gc-end>
<cycle-end id="1443" type="scavenge" contextid="1437" timestamp="2020-09-11T10:44:09.069" />
<allocation-satisfied id="1444" threadId="0000000000873600" bytesRequested="32" />
<af-end id="1445" timestamp="2020-09-11T10:44:09.069" threadId="0000000000873F80" success="true" from="nursery"/>
<exclusive-end id="1446" timestamp="2020-09-11T10:44:09.069" durationms="123.958" />

<exclusive-start id="1447" timestamp="2020-09-11T10:44:10.927" intervalms="1981.658">
  <response-info timems="0.361" idlems="0.361" threads="0" lastid="0000000000845A00" lastname="Group1.Backend.CompositeBackend{Tier1}.4" />
</exclusive-start>
<af-start id="1448" threadId="0000000000846380" totalBytesRequested="1032" timestamp="2020-09-11T10:44:10.928" intervalms="1981.835" type="nursery" />
<cycle-start id="1449" type="scavenge" contextid="0" timestamp="2020-09-11T10:44:10.928" intervalms="1981.894" />
<gc-start id="1450" type="scavenge" contextid="1449" timestamp="2020-09-11T10:44:10.929">
  <mem-info id="1451" free="89771768" total="2433482752" percent="3">
    <mem type="nursery" free="0" total="939524096" percent="0">
      <mem type="allocate" free="0" total="809959424" percent="0" />
      <mem type="survivor" free="0" total="129564672" percent="0" />
    </mem>
    <mem type="tenure" free="89771768" total="1493958656" percent="6">
      <mem type="soa" free="133880" total="1404320768" percent="0" />
      <mem type="loa" free="89637888" total="89637888" percent="100" />
    </mem>
    <remembered-set count="183921" />
  </mem-info>
</gc-start>
<allocation-stats totalBytes="700111992" >
  <allocated-bytes non-tlh="33591688" tlh="666520304" />
  <largest-consumer threadName="Group1.Backend.CompositeBackend{Tier1}.3" threadId="0000000000844E00" bytes="96260448" />
</allocation-stats>
<gc-op id="1452" type="scavenge" timems="126.664" contextid="1449" timestamp="2020-09-11T10:44:11.055">
  <scavenger-info tenureage="3" tenuremask="7ff8" tiltratio="86" />
  <memory-copied type="nursery" objects="4078335" bytes="109627448" bytesdiscarded="186336" />
  <memory-copied type="tenure" objects="1090304" bytes="29430024" bytesdiscarded="7816" />
  <finalization candidates="2" enqueued="0" />
  <ownableSynchronizers candidates="74689" cleared="47058" />
  <references type="soft" candidates="15132" cleared="0" enqueued="0" dynamicThreshold="9" maxThreshold="32" />
  <references type="weak" candidates="150" cleared="118" enqueued="0" />
  <heap-resize type="expand" space="tenure" amount="31457280" count="30" timems="12.607" reason="continue current collection" />
</gc-op>
<gc-end id="1453" type="scavenge" contextid="1449" durationms="127.953" usertimems="944.422" systemtimems="13.573" timestamp="2020-09-11T10:44:11.056" activeThreads="8">
  <mem-info id="1454" free="793092856" total="2464940032" percent="32">
    <mem type="nursery" free="701278968" total="939524096" percent="74">
      <mem type="allocate" free="701278968" total="811204608" percent="86" />
      <mem type="survivor" free="0" total="128319488" percent="0" />
    </mem>
    <mem type="tenure" free="91813888" total="1525415936" percent="6" macro-fragmented="19260884">
      <mem type="soa" free="288768" total="1433890816" percent="0" />
      <mem type="loa" free="91525120" total="91525120" percent="100" />
    </mem>
    <remembered-set count="30793" />
  </mem-info>
</gc-end>
<cycle-end id="1455" type="scavenge" contextid="1449" timestamp="2020-09-11T10:44:11.059" />
<allocation-satisfied id="1456" threadId="0000000000845A00" bytesRequested="1032" />
<af-end id="1457" timestamp="2020-09-11T10:44:11.059" threadId="0000000000846380" success="true" from="nursery"/>
<exclusive-end id="1458" timestamp="2020-09-11T10:44:11.059" durationms="131.892" />

<exclusive-start id="1459" timestamp="2020-09-11T10:44:13.034" intervalms="2107.165">
  <response-info timems="0.285" idlems="0.285" threads="0" lastid="0000000000845A00" lastname="Group1.Backend.CompositeBackend{Tier1}.4" />
</exclusive-start>
<af-start id="1460" threadId="0000000000846380" totalBytesRequested="3176" timestamp="2020-09-11T10:44:13.035" intervalms="2107.013" type="nursery" />
<cycle-start id="1461" type="scavenge" contextid="0" timestamp="2020-09-11T10:44:13.035" intervalms="2106.964" />
<gc-start id="1462" type="scavenge" contextid="1461" timestamp="2020-09-11T10:44:13.035">
  <mem-info id="1463" free="91813624" total="2464940032" percent="3">
    <mem type="nursery" free="0" total="939524096" percent="0">
      <mem type="allocate" free="0" total="811204608" percent="0" />
      <mem type="survivor" free="0" total="128319488" percent="0" />
    </mem>
    <mem type="tenure" free="91813624" total="1525415936" percent="6">
      <mem type="soa" free="288504" total="1433890816" percent="0" />
      <mem type="loa" free="91525120" total="91525120" percent="100" />
    </mem>
    <remembered-set count="190419" />
  </mem-info>
</gc-start>
<allocation-stats totalBytes="700903192" >
  <allocated-bytes non-tlh="24777568" tlh="676125624" />
  <largest-consumer threadName="Group1.Backend.CompositeBackend{Tier1}.4" threadId="0000000000845A00" bytes="105075280" />
</allocation-stats>
<gc-op id="1464" type="scavenge" timems="112.317" contextid="1461" timestamp="2020-09-11T10:44:13.148">
  <scavenger-info tenureage="3" tenuremask="7ff8" tiltratio="86" />
  <memory-copied type="nursery" objects="4083001" bytes="110478384" bytesdiscarded="274784" />
  <memory-copied type="tenure" objects="1084853" bytes="29279024" bytesdiscarded="10568" />
  <finalization candidates="2" enqueued="0" />
  <ownableSynchronizers candidates="72623" cleared="47355" />
  <references type="soft" candidates="13810" cleared="0" enqueued="0" dynamicThreshold="9" maxThreshold="32" />
  <references type="weak" candidates="129" cleared="104" enqueued="0" />
  <heap-resize type="expand" space="tenure" amount="31457280" count="30" timems="10.077" reason="continue current collection" />
</gc-op>
<gc-end id="1465" type="scavenge" contextid="1461" durationms="113.540" usertimems="856.260" systemtimems="25.504" timestamp="2020-09-11T10:44:13.149" activeThreads="8">
  <mem-info id="1466" free="795038448" total="2496397312" percent="31">
    <mem type="nursery" free="701059312" total="939524096" percent="74">
      <mem type="allocate" free="701059312" total="811925504" percent="86" />
      <mem type="survivor" free="0" total="127598592" percent="0" />
    </mem>
    <mem type="tenure" free="93979136" total="1556873216" percent="6" macro-fragmented="524296">
      <mem type="soa" free="565760" total="1463459840" percent="0" />
      <mem type="loa" free="93413376" total="93413376" percent="100" />
    </mem>
    <remembered-set count="32490" />
  </mem-info>
</gc-end>
<cycle-end id="1467" type="scavenge" contextid="1461" timestamp="2020-09-11T10:44:13.151" />
<allocation-satisfied id="1468" threadId="0000000000845A00" bytesRequested="3176" />
<af-end id="1469" timestamp="2020-09-11T10:44:13.151" threadId="0000000000846380" success="true" from="nursery"/>
<exclusive-end id="1470" timestamp="2020-09-11T10:44:13.151" durationms="116.680" />

<exclusive-start id="1471" timestamp="2020-09-11T10:44:15.063" intervalms="2028.889">
  <response-info timems="0.454" idlems="0.454" threads="0" lastid="0000000000782C00" lastname="Group1.Backend.CompositeBackend{Tier1}.1" />
</exclusive-start>
<af-start id="1472" threadId="0000000000783580" totalBytesRequested="32" timestamp="2020-09-11T10:44:15.064" intervalms="2028.897" type="nursery" />
<cycle-start id="1473" type="scavenge" contextid="0" timestamp="2020-09-11T10:44:15.064" intervalms="2028.890" />
<gc-start id="1474" type="scavenge" contextid="1473" timestamp="2020-09-11T10:44:15.064">
  <mem-info id="1475" free="93979136" total="2496397312" percent="3">
    <mem type="nursery" free="0" total="939524096" percent="0">
      <mem type="allocate" free="0" total="811925504" percent="0" />
      <mem type="survivor" free="0" total="127598592" percent="0" />
    </mem>
    <mem type="tenure" free="93979136" total="1556873216" percent="6">
      <mem type="soa" free="565760" total="1463459840" percent="0" />
      <mem type="loa" free="93413376" total="93413376" percent="100" />
    </mem>
    <remembered-set count="189477" />
  </mem-info>
</gc-start>
<allocation-stats totalBytes="700692776" >
  <allocated-bytes non-tlh="32864272" tlh="667828504" />
  <largest-consumer threadName="Group1.Backend.CompositeBackend{Tier1}.5" threadId="0000000000846D00" bytes="105257944" />
</allocation-stats>
<gc-op id="1476" type="scavenge" timems="118.506" contextid="1473" timestamp="2020-09-11T10:44:15.183">
  <scavenger-info tenureage="3" tenuremask="7ff8" tiltratio="86" />
  <memory-copied type="nursery" objects="4112805" bytes="111155312" bytesdiscarded="143520" />
  <memory-copied type="tenure" objects="1103032" bytes="29791056" bytesdiscarded="10688" />
  <finalization candidates="1" enqueued="0" />
  <ownableSynchronizers candidates="65204" cleared="42240" />
  <references type="soft" candidates="12820" cleared="0" enqueued="0" dynamicThreshold="9" maxThreshold="32" />
  <references type="weak" candidates="122" cleared="102" enqueued="0" />
  <heap-resize type="expand" space="tenure" amount="31457280" count="30" timems="10.140" reason="continue current collection" />
</gc-op>
<gc-end id="1477" type="scavenge" contextid="1473" durationms="119.810" usertimems="834.155" systemtimems="19.225" timestamp="2020-09-11T10:44:15.184" activeThreads="8">
  <mem-info id="1478" free="798184680" total="2527854592" percent="31">
    <mem type="nursery" free="702353640" total="939524096" percent="74">
      <mem type="allocate" free="702353640" total="813760512" percent="86" />
      <mem type="survivor" free="0" total="125763584" percent="0" />
    </mem>
    <mem type="tenure" free="95831040" total="1588330496" percent="6" macro-fragmented="23113062">
      <mem type="soa" free="530432" total="1493029888" percent="0" />
      <mem type="loa" free="95300608" total="95300608" percent="100" />
    </mem>
    <remembered-set count="34116" />
  </mem-info>
</gc-end>
<cycle-end id="1479" type="scavenge" contextid="1473" timestamp="2020-09-11T10:44:15.184" />
<allocation-satisfied id="1480" threadId="0000000000782C00" bytesRequested="32" />
<af-end id="1481" timestamp="2020-09-11T10:44:15.184" threadId="0000000000783580" success="true" from="nursery"/>
<exclusive-end id="1482" timestamp="2020-09-11T10:44:15.184" durationms="121.331" />

<exclusive-start id="1483" timestamp="2020-09-11T10:44:17.037" intervalms="1974.529">
  <response-info timems="0.406" idlems="0.406" threads="0" lastid="0000000000873600" lastname="Group1.Backend.CompositeBackend{Tier1}.6" />
</exclusive-start>
<af-start id="1484" threadId="0000000000873F80" totalBytesRequested="120" timestamp="2020-09-11T10:44:17.038" intervalms="1974.552" type="nursery" />
<cycle-start id="1485" type="scavenge" contextid="0" timestamp="2020-09-11T10:44:17.038" intervalms="1974.573" />
<gc-start id="1486" type="scavenge" contextid="1485" timestamp="2020-09-11T10:44:17.039">
  <mem-info id="1487" free="95830608" total="2527854592" percent="3">
    <mem type="nursery" free="0" total="939524096" percent="0">
      <mem type="allocate" free="0" total="813760512" percent="0" />
      <mem type="survivor" free="0" total="125763584" percent="0" />
    </mem>
    <mem type="tenure" free="95830608" total="1588330496" percent="6">
      <mem type="soa" free="530000" total="1493029888" percent="0" />
      <mem type="loa" free="95300608" total="95300608" percent="100" />
    </mem>
    <remembered-set count="191888" />
  </mem-info>
</gc-start>
<allocation-stats totalBytes="702009528" >
  <allocated-bytes non-tlh="34478192" tlh="667531336" />
  <largest-consumer threadName="Group1.Backend.CompositeBackend{Tier1}.8" threadId="00000000008AA200" bytes="97505792" />
</allocation-stats>
<gc-op id="1488" type="scavenge" timems="108.539" contextid="1485" timestamp="2020-09-11T10:44:17.147">
  <scavenger-info tenureage="3" tenuremask="7ff8" tiltratio="86" />
  <memory-copied type="nursery" objects="4108502" bytes="111016880" bytesdiscarded="171488" />
  <memory-copied type="tenure" objects="1090353" bytes="29454048" bytesdiscarded="9704" />
  <finalization candidates="2" enqueued="0" />
  <ownableSynchronizers candidates="56657" cleared="35756" />
  <references type="soft" candidates="11758" cleared="0" enqueued="0" dynamicThreshold="9" maxThreshold="32" />
  <references type="weak" candidates="131" cleared="125" enqueued="0" />
  <heap-resize type="expand" space="tenure" amount="31457280" count="30" timems="6.882" reason="continue current collection" />
</gc-op>
<gc-end id="1489" type="scavenge" contextid="1485" durationms="109.714" usertimems="760.500" systemtimems="0.833" timestamp="2020-09-11T10:44:17.148" activeThreads="8">
  <mem-info id="1490" free="800392696" total="2559311872" percent="31">
    <mem type="nursery" free="702728952" total="939524096" percent="74">
      <mem type="allocate" free="702728952" total="814022656" percent="86" />
      <mem type="survivor" free="0" total="125501440" percent="0" />
    </mem>
    <mem type="tenure" free="97663744" total="1619787776" percent="6" macro-fragmented="0">
      <mem type="soa" free="475904" total="1522599936" percent="0" />
      <mem type="loa" free="97187840" total="97187840" percent="100" />
    </mem>
    <remembered-set count="35523" />
  </mem-info>
</gc-end>
<cycle-end id="1491" type="scavenge" contextid="1485" timestamp="2020-09-11T10:44:17.149" />
<allocation-satisfied id="1492" threadId="0000000000873600" bytesRequested="120" />
<af-end id="1493" timestamp="2020-09-11T10:44:17.149" threadId="0000000000873F80" success="true" from="nursery"/>
<exclusive-end id="1494" timestamp="2020-09-11T10:44:17.149" durationms="111.287" />

<exclusive-start id="1495" timestamp="2020-09-11T10:44:19.078" intervalms="2040.904">
  <response-info timems="0.380" idlems="0.380" threads="0" lastid="0000000000873600" lastname="Group1.Backend.CompositeBackend{Tier1}.6" />
</exclusive-start>
<af-start id="1496" threadId="0000000000873F80" totalBytesRequested="16" timestamp="2020-09-11T10:44:19.079" intervalms="2041.062" type="nursery" />
<cycle-start id="1497" type="scavenge" contextid="0" timestamp="2020-09-11T10:44:19.079" intervalms="2041.049" />
<gc-start id="1498" type="scavenge" contextid="1497" timestamp="2020-09-11T10:44:19.080">
  <mem-info id="1499" free="97663744" total="2559311872" percent="3">
    <mem type="nursery" free="0" total="939524096" percent="0">
      <mem type="allocate" free="0" total="814022656" percent="0" />
      <mem type="survivor" free="0" total="125501440" percent="0" />
    </mem>
    <mem type="tenure" free="97663744" total="1619787776" percent="6">
      <mem type="soa" free="475904" total="1522599936" percent="0" />
      <mem type="loa" free="97187840" total="97187840" percent="100" />
    </mem>
    <remembered-set count="194741" />
  </mem-info>
</gc-start>
<allocation-stats totalBytes="702365440" >
  <allocated-bytes non-tlh="33112992" tlh="669252448" />
  <largest-consumer threadName="Group1.Backend.CompositeBackend{Tier1}.1" threadId="0000000000782C00" bytes="102979552" />
</allocation-stats>
<gc-op id="1500" type="scavenge" timems="118.686" contextid="1497" timestamp="2020-09-11T10:44:19.198">
  <scavenger-info tenureage="3" tenuremask="7ff8" tiltratio="86" />
  <memory-copied type="nursery" objects="4077831" bytes="109666896" bytesdiscarded="163992" />
  <memory-copied type="tenure" objects="1159688" bytes="31737592" bytesdiscarded="8512" />
  <finalization candidates="4" enqueued="0" />
  <ownableSynchronizers candidates="55115" cleared="35607" />
  <references type="soft" candidates="10675" cleared="0" enqueued="0" dynamicThreshold="9" maxThreshold="32" />
  <references type="weak" candidates="129" cleared="121" enqueued="0" />
  <heap-resize type="expand" space="tenure" amount="33554432" count="32" timems="8.207" reason="continue current collection" />
</gc-op>
<gc-end id="1501" type="scavenge" contextid="1497" durationms="120.193" usertimems="841.394" systemtimems="9.228" timestamp="2020-09-11T10:44:19.200" activeThreads="8">
  <mem-info id="1502" free="803688448" total="2592866304" percent="30">
    <mem type="nursery" free="704283904" total="939524096" percent="74">
      <mem type="allocate" free="704283904" total="814219264" percent="86" />
      <mem type="survivor" free="0" total="125304832" percent="0" />
    </mem>
    <mem type="tenure" free="99404544" total="1653342208" percent="6" macro-fragmented="19260884">
      <mem type="soa" free="203520" total="1554141184" percent="0" />
      <mem type="loa" free="99201024" total="99201024" percent="100" />
    </mem>
    <remembered-set count="36363" />
  </mem-info>
</gc-end>
<cycle-end id="1503" type="scavenge" contextid="1497" timestamp="2020-09-11T10:44:19.203" />
<allocation-satisfied id="1504" threadId="0000000000873600" bytesRequested="16" />
<af-end id="1505" timestamp="2020-09-11T10:44:19.203" threadId="0000000000873F80" success="true" from="nursery"/>
<exclusive-end id="1506" timestamp="2020-09-11T10:44:19.203" durationms="124.267" />

<exclusive-start id="1507" timestamp="2020-09-11T10:44:21.159" intervalms="2080.420">
  <response-info timems="0.213" idlems="0.211" threads="1" lastid="0000000000873600" lastname="Group1.Backend.CompositeBackend{Tier1}.6" />
</exclusive-start>
<af-start id="1508" threadId="0000000000847680" totalBytesRequested="80" timestamp="2020-09-11T10:44:21.159" intervalms="2080.181" type="nursery" />
<cycle-start id="1509" type="scavenge" contextid="0" timestamp="2020-09-11T10:44:21.159" intervalms="2080.179" />
<gc-start id="1510" type="scavenge" contextid="1509" timestamp="2020-09-11T10:44:21.161">
  <mem-info id="1511" free="99404544" total="2592866304" percent="3">
    <mem type="nursery" free="0" total="939524096" percent="0">
      <mem type="allocate" free="0" total="814219264" percent="0" />
      <mem type="survivor" free="0" total="125304832" percent="0" />
    </mem>
    <mem type="tenure" free="99404544" total="1653342208" percent="6">
      <mem type="soa" free="203520" total="1554141184" percent="0" />
      <mem type="loa" free="99201024" total="99201024" percent="100" />
    </mem>
    <remembered-set count="196895" />
  </mem-info>
</gc-start>
<allocation-stats totalBytes="703938152" >
  <allocated-bytes non-tlh="31341392" tlh="672596760" />
  <largest-consumer threadName="Group1.Backend.CompositeBackend{Tier1}.4" threadId="0000000000845A00" bytes="92768264" />
</allocation-stats>
<gc-op id="1512" type="scavenge" timems="125.400" contextid="1509" timestamp="2020-09-11T10:44:21.286">
  <scavenger-info tenureage="3" tenuremask="7ff8" tiltratio="86" />
  <memory-copied type="nursery" objects="4126260" bytes="110910472" bytesdiscarded="286192" />
  <memory-copied type="tenure" objects="1102828" bytes="29713680" bytesdiscarded="11520" />
  <finalization candidates="3" enqueued="0" />
  <ownableSynchronizers candidates="49343" cleared="31729" />
  <references type="soft" candidates="9695" cleared="0" enqueued="0" dynamicThreshold="9" maxThreshold="32" />
  <references type="weak" candidates="132" cleared="129" enqueued="0" />
  <heap-resize type="expand" space="tenure" amount="31457280" count="30" timems="9.744" reason="continue current collection" />
</gc-op>
<gc-end id="1513" type="scavenge" contextid="1509" durationms="126.312" usertimems="909.915" systemtimems="18.136" timestamp="2020-09-11T10:44:21.287" activeThreads="8">
  <mem-info id="1514" free="803994880" total="2624323584" percent="30">
    <mem type="nursery" free="702656256" total="939524096" percent="74">
      <mem type="allocate" free="702656256" total="813957120" percent="86" />
      <mem type="survivor" free="0" total="125566976" percent="0" />
    </mem>
    <mem type="tenure" free="101338624" total="1684799488" percent="6" macro-fragmented="0">
      <mem type="soa" free="250368" total="1583711232" percent="0" />
      <mem type="loa" free="101088256" total="101088256" percent="100" />
    </mem>
    <remembered-set count="35203" />
  </mem-info>
</gc-end>
<cycle-end id="1515" type="scavenge" contextid="1509" timestamp="2020-09-11T10:44:21.289" />
<allocation-satisfied id="1516" threadId="0000000000846D00" bytesRequested="80" />
<af-end id="1517" timestamp="2020-09-11T10:44:21.289" threadId="0000000000847680" success="true" from="nursery"/>
<exclusive-end id="1518" timestamp="2020-09-11T10:44:21.289" durationms="130.197" />

<exclusive-start id="1519" timestamp="2020-09-11T10:44:23.215" intervalms="2055.943">
  <response-info timems="0.258" idlems="0.102" threads="2" lastid="0000000000846D00" lastname="Group1.Backend.CompositeBackend{Tier1}.5" />
</exclusive-start>
<af-start id="1520" threadId="0000000000783580" totalBytesRequested="24" timestamp="2020-09-11T10:44:23.215" intervalms="2055.936" type="nursery" />
<cycle-start id="1521" type="scavenge" contextid="0" timestamp="2020-09-11T10:44:23.215" intervalms="2055.931" />
<gc-start id="1522" type="scavenge" contextid="1521" timestamp="2020-09-11T10:44:23.216">
  <mem-info id="1523" free="101338264" total="2624323584" percent="3">
    <mem type="nursery" free="0" total="939524096" percent="0">
      <mem type="allocate" free="0" total="813957120" percent="0" />
      <mem type="survivor" free="0" total="125566976" percent="0" />
    </mem>
    <mem type="tenure" free="101338264" total="1684799488" percent="6">
      <mem type="soa" free="250008" total="1583711232" percent="0" />
      <mem type="loa" free="101088256" total="101088256" percent="100" />
    </mem>
    <remembered-set count="193288" />
  </mem-info>
</gc-start>
<allocation-stats totalBytes="702291416" >
  <allocated-bytes non-tlh="33683256" tlh="668608160" />
  <largest-consumer threadName="Group1.Backend.CompositeBackend{Tier1}.7" threadId="000000000087C200" bytes="104850704" />
</allocation-stats>
<gc-op id="1524" type="scavenge" timems="114.928" contextid="1521" timestamp="2020-09-11T10:44:23.331">
  <scavenger-info tenureage="3" tenuremask="7ff8" tiltratio="86" />
  <memory-copied type="nursery" objects="4149654" bytes="111441808" bytesdiscarded="211280" />
  <memory-copied type="tenure" objects="1115488" bytes="30051136" bytesdiscarded="10328" />
  <finalization candidates="5" enqueued="0" />
  <ownableSynchronizers candidates="45149" cleared="29106" />
  <references type="soft" candidates="9067" cleared="0" enqueued="0" dynamicThreshold="9" maxThreshold="32" />
  <references type="weak" candidates="134" cleared="123" enqueued="0" />
  <heap-resize type="expand" space="tenure" amount="32505856" count="31" timems="7.675" reason="continue current collection" />
</gc-op>
<gc-end id="1525" type="scavenge" contextid="1521" durationms="115.892" usertimems="845.376" systemtimems="6.654" timestamp="2020-09-11T10:44:23.331" activeThreads="8">
  <mem-info id="1526" free="806096888" total="2656829440" percent="30">
    <mem type="nursery" free="702333176" total="939524096" percent="74">
      <mem type="allocate" free="702333176" total="814088192" percent="86" />
      <mem type="survivor" free="0" total="125435904" percent="0" />
    </mem>
    <mem type="tenure" free="103763712" total="1717305344" percent="6" macro-fragmented="290741">
      <mem type="soa" free="724736" total="1614266368" percent="0" />
      <mem type="loa" free="103038976" total="103038976" percent="100" />
    </mem>
    <remembered-set count="35217" />
  </mem-info>
</gc-end>
<cycle-end id="1527" type="scavenge" contextid="1521" timestamp="2020-09-11T10:44:23.333" />
<allocation-satisfied id="1528" threadId="0000000000782C00" bytesRequested="24" />
<af-end id="1529" timestamp="2020-09-11T10:44:23.333" threadId="0000000000783580" success="true" from="nursery"/>
<exclusive-end id="1530" timestamp="2020-09-11T10:44:23.333" durationms="118.504" />

<exclusive-start id="1531" timestamp="2020-09-11T10:44:25.267" intervalms="2052.494">
  <response-info timems="0.284" idlems="0.284" threads="0" lastid="0000000000786D00" lastname="Group1.Backend.CompositeBackend{Tier1}.2" />
</exclusive-start>
<af-start id="1532" threadId="0000000000787680" totalBytesRequested="32" timestamp="2020-09-11T10:44:25.268" intervalms="2052.507" type="nursery" />
<cycle-start id="1533" type="scavenge" contextid="0" timestamp="2020-09-11T10:44:25.268" intervalms="2052.508" />
<gc-start id="1534" type="scavenge" contextid="1533" timestamp="2020-09-11T10:44:25.268">
  <mem-info id="1535" free="103763712" total="2656829440" percent="3">
    <mem type="nursery" free="0" total="939524096" percent="0">
      <mem type="allocate" free="0" total="814088192" percent="0" />
      <mem type="survivor" free="0" total="125435904" percent="0" />
    </mem>
    <mem type="tenure" free="103763712" total="1717305344" percent="6">
      <mem type="soa" free="724736" total="1614266368" percent="0" />
      <mem type="loa" free="103038976" total="103038976" percent="100" />
    </mem>
    <remembered-set count="194462" />
  </mem-info>
</gc-start>
<allocation-stats totalBytes="701949176" >
  <allocated-bytes non-tlh="32209784" tlh="669739392" />
  <largest-consumer threadName="Group1.Backend.CompositeBackend{Tier1}.4" threadId="0000000000845A00" bytes="140511064" />
</allocation-stats>
<gc-op id="1536" type="scavenge" timems="118.637" contextid="1533" timestamp="2020-09-11T10:44:25.387">
  <scavenger-info tenureage="3" tenuremask="7ff8" tiltratio="86" />
  <memory-copied type="nursery" objects="4333395" bytes="115434464" bytesdiscarded="170576" />
  <memory-copied type="tenure" objects="1110966" bytes="29916912" bytesdiscarded="10560" />
  <finalization candidates="4" enqueued="0" />
  <ownableSynchronizers candidates="43511" cleared="28380" />
  <references type="soft" candidates="8377" cleared="0" enqueued="0" dynamicThreshold="9" maxThreshold="32" />
  <references type="weak" candidates="132" cleared="124" enqueued="0" />
  <heap-resize type="expand" space="tenure" amount="31457280" count="30" timems="7.836" reason="continue current collection" />
</gc-op>
<gc-end id="1537" type="scavenge" contextid="1533" durationms="119.570" usertimems="893.514" systemtimems="21.591" timestamp="2020-09-11T10:44:25.388" activeThreads="8">
  <mem-info id="1538" free="796894704" total="2688286720" percent="29">
    <mem type="nursery" free="691695856" total="939524096" percent="73">
      <mem type="allocate" free="691695856" total="807403520" percent="85" />
      <mem type="survivor" free="0" total="132120576" percent="0" />
    </mem>
    <mem type="tenure" free="105198848" total="1748762624" percent="6" macro-fragmented="0">
      <mem type="soa" free="272640" total="1643836416" percent="0" />
      <mem type="loa" free="104926208" total="104926208" percent="100" />
    </mem>
    <remembered-set count="32749" />
  </mem-info>
</gc-end>
<cycle-end id="1539" type="scavenge" contextid="1533" timestamp="2020-09-11T10:44:25.388" />
<allocation-satisfied id="1540" threadId="0000000000786D00" bytesRequested="32" />
<af-end id="1541" timestamp="2020-09-11T10:44:25.388" threadId="0000000000787680" success="true" from="nursery"/>
<exclusive-end id="1542" timestamp="2020-09-11T10:44:25.388" durationms="120.939" />

<exclusive-start id="1543" timestamp="2020-09-11T10:44:27.297" intervalms="2029.599">
  <response-info timems="0.257" idlems="0.257" threads="0" lastid="0000000000782C00" lastname="Group1.Backend.CompositeBackend{Tier1}.1" />
</exclusive-start>
<af-start id="1544" threadId="0000000000783580" totalBytesRequested="16" timestamp="2020-09-11T10:44:27.297" intervalms="2029.638" type="nursery" />
<cycle-start id="1545" type="scavenge" contextid="0" timestamp="2020-09-11T10:44:27.298" intervalms="2029.633" />
<gc-start id="1546" type="scavenge" contextid="1545" timestamp="2020-09-11T10:44:27.298">
  <mem-info id="1547" free="105198848" total="2688286720" percent="3">
    <mem type="nursery" free="0" total="939524096" percent="0">
      <mem type="allocate" free="0" total="807403520" percent="0" />
      <mem type="survivor" free="0" total="132120576" percent="0" />
    </mem>
    <mem type="tenure" free="105198848" total="1748762624" percent="6">
      <mem type="soa" free="272640" total="1643836416" percent="0" />
      <mem type="loa" free="104926208" total="104926208" percent="100" />
    </mem>
    <remembered-set count="189870" />
  </mem-info>
</gc-start>
<allocation-stats totalBytes="691335528" >
  <allocated-bytes non-tlh="32603432" tlh="658732096" />
  <largest-consumer threadName="Group1.Backend.CompositeBackend{Tier1}.3" threadId="0000000000844E00" bytes="119193304" />
</allocation-stats>
<gc-op id="1548" type="scavenge" timems="139.960" contextid="1545" timestamp="2020-09-11T10:44:27.438">
  <scavenger-info tenureage="3" tenuremask="7ff8" tiltratio="85" />
  <memory-copied type="nursery" objects="4444082" bytes="117842096" bytesdiscarded="206992" />
  <memory-copied type="tenure" objects="1138113" bytes="30632152" bytesdiscarded="11120" />
  <finalization candidates="2" enqueued="0" />
  <ownableSynchronizers candidates="39194" cleared="25311" />
  <references type="soft" candidates="7789" cleared="0" enqueued="0" dynamicThreshold="9" maxThreshold="32" />
  <references type="weak" candidates="131" cleared="123" enqueued="0" />
  <heap-resize type="expand" space="tenure" amount="32505856" count="31" timems="8.195" reason="continue current collection" />
</gc-op>
<gc-end id="1549" type="scavenge" contextid="1545" durationms="141.531" usertimems="950.193" systemtimems="14.327" timestamp="2020-09-11T10:44:27.439" activeThreads="8">
  <mem-info id="1550" free="794321856" total="2720792576" percent="29">
    <mem type="nursery" free="687156416" total="939524096" percent="73">
      <mem type="allocate" free="687156416" total="805306368" percent="85" />
      <mem type="survivor" free="0" total="134217728" percent="0" />
    </mem>
    <mem type="tenure" free="107165440" total="1781268480" percent="6" macro-fragmented="0">
      <mem type="soa" free="288512" total="1674391552" percent="0" />
      <mem type="loa" free="106876928" total="106876928" percent="100" />
    </mem>
    <remembered-set count="30624" />
  </mem-info>
</gc-end>
<cycle-end id="1551" type="scavenge" contextid="1545" timestamp="2020-09-11T10:44:27.442" />
<allocation-satisfied id="1552" threadId="0000000000782C00" bytesRequested="16" />
<af-end id="1553" timestamp="2020-09-11T10:44:27.442" threadId="0000000000783580" success="true" from="nursery"/>
<exclusive-end id="1554" timestamp="2020-09-11T10:44:27.442" durationms="145.568" />

<exclusive-start id="1555" timestamp="2020-09-11T10:44:29.368" intervalms="2071.370">
  <response-info timems="0.323" idlems="0.323" threads="0" lastid="0000000000845A00" lastname="Group1.Backend.CompositeBackend{Tier1}.4" />
</exclusive-start>
<af-start id="1556" threadId="0000000000846380" totalBytesRequested="24" timestamp="2020-09-11T10:44:29.369" intervalms="2071.325" type="nursery" />
<cycle-start id="1557" type="scavenge" contextid="0" timestamp="2020-09-11T10:44:29.369" intervalms="2071.329" />
<gc-start id="1558" type="scavenge" contextid="1557" timestamp="2020-09-11T10:44:29.369">
  <mem-info id="1559" free="107165440" total="2720792576" percent="3">
    <mem type="nursery" free="0" total="939524096" percent="0">
      <mem type="allocate" free="0" total="805306368" percent="0" />
      <mem type="survivor" free="0" total="134217728" percent="0" />
    </mem>
    <mem type="tenure" free="107165440" total="1781268480" percent="6">
      <mem type="soa" free="288512" total="1674391552" percent="0" />
      <mem type="loa" free="106876928" total="106876928" percent="100" />
    </mem>
    <remembered-set count="192010" />
  </mem-info>
</gc-start>
<allocation-stats totalBytes="686776320" >
  <allocated-bytes non-tlh="27585568" tlh="659190752" />
  <largest-consumer threadName="Group1.Backend.CompositeBackend{Tier1}.7" threadId="000000000087C200" bytes="106303488" />
</allocation-stats>
<gc-op id="1560" type="scavenge" timems="109.915" contextid="1557" timestamp="2020-09-11T10:44:29.479">
  <scavenger-info tenureage="3" tenuremask="7ff8" tiltratio="85" />
  <memory-copied type="nursery" objects="4455452" bytes="118243960" bytesdiscarded="360936" />
  <memory-copied type="tenure" objects="1118894" bytes="30190496" bytesdiscarded="10800" />
  <finalization candidates="2" enqueued="0" />
  <ownableSynchronizers candidates="36568" cleared="23661" />
  <references type="soft" candidates="7288" cleared="0" enqueued="0" dynamicThreshold="9" maxThreshold="32" />
  <references type="weak" candidates="101" cleared="93" enqueued="0" />
  <heap-resize type="expand" space="tenure" amount="32505856" count="31" timems="7.961" reason="continue current collection" />
</gc-op>
<gc-end id="1561" type="scavenge" contextid="1557" durationms="110.747" usertimems="827.965" systemtimems="10.172" timestamp="2020-09-11T10:44:29.480" activeThreads="8">
  <mem-info id="1562" free="796855888" total="2753298432" percent="28">
    <mem type="nursery" free="687646800" total="939524096" percent="73">
      <mem type="allocate" free="687646800" total="806354944" percent="85" />
      <mem type="survivor" free="0" total="133169152" percent="0" />
    </mem>
    <mem type="tenure" free="109209088" total="1813774336" percent="6" macro-fragmented="0">
      <mem type="soa" free="382464" total="1704947712" percent="0" />
      <mem type="loa" free="108826624" total="108826624" percent="100" />
    </mem>
    <remembered-set count="31492" />
  </mem-info>
</gc-end>
<cycle-end id="1563" type="scavenge" contextid="1557" timestamp="2020-09-11T10:44:29.482" />
<allocation-satisfied id="1564" threadId="0000000000845A00" bytesRequested="24" />
<af-end id="1565" timestamp="2020-09-11T10:44:29.482" threadId="0000000000846380" success="true" from="nursery"/>
<exclusive-end id="1566" timestamp="2020-09-11T10:44:29.482" durationms="113.566" />

<exclusive-start id="1567" timestamp="2020-09-11T10:44:31.323" intervalms="1954.529">
  <response-info timems="0.247" idlems="0.127" threads="1" lastid="0000000000844E00" lastname="Group1.Backend.CompositeBackend{Tier1}.3" />
</exclusive-start>
<af-start id="1568" threadId="0000000000783580" totalBytesRequested="16" timestamp="2020-09-11T10:44:31.323" intervalms="1954.545" type="nursery" />
<cycle-start id="1569" type="scavenge" contextid="0" timestamp="2020-09-11T10:44:31.323" intervalms="1954.567" />
<gc-start id="1570" type="scavenge" contextid="1569" timestamp="2020-09-11T10:44:31.324">
  <mem-info id="1571" free="109209088" total="2753298432" percent="3">
    <mem type="nursery" free="0" total="939524096" percent="0">
      <mem type="allocate" free="0" total="806354944" percent="0" />
      <mem type="survivor" free="0" total="133169152" percent="0" />
    </mem>
    <mem type="tenure" free="109209088" total="1813774336" percent="6">
      <mem type="soa" free="382464" total="1704947712" percent="0" />
      <mem type="loa" free="108826624" total="108826624" percent="100" />
    </mem>
    <remembered-set count="187304" />
  </mem-info>
</gc-start>
<allocation-stats totalBytes="687283512" >
  <allocated-bytes non-tlh="38911936" tlh="648371576" />
  <largest-consumer threadName="Group1.Backend.CompositeBackend{Tier1}.8" threadId="00000000008AA200" bytes="103669424" />
</allocation-stats>
<gc-op id="1572" type="scavenge" timems="104.023" contextid="1569" timestamp="2020-09-11T10:44:31.428">
  <scavenger-info tenureage="3" tenuremask="7ff8" tiltratio="85" />
  <memory-copied type="nursery" objects="4244477" bytes="113278176" bytesdiscarded="306760" />
  <memory-copied type="tenure" objects="1127530" bytes="30378832" bytesdiscarded="9272" />
  <ownableSynchronizers candidates="30763" cleared="19074" />
  <references type="soft" candidates="6445" cleared="0" enqueued="0" dynamicThreshold="9" maxThreshold="32" />
  <references type="weak" candidates="132" cleared="124" enqueued="0" />
  <heap-resize type="expand" space="tenure" amount="32505856" count="31" timems="6.409" reason="continue current collection" />
</gc-op>
<gc-end id="1573" type="scavenge" contextid="1569" durationms="104.914" usertimems="824.085" systemtimems="0.000" timestamp="2020-09-11T10:44:31.429" activeThreads="8">
  <mem-info id="1574" free="804181672" total="2785804288" percent="28">
    <mem type="nursery" free="692806824" total="939524096" percent="73">
      <mem type="allocate" free="692806824" total="806486016" percent="85" />
      <mem type="survivor" free="0" total="133038080" percent="0" />
    </mem>
    <mem type="tenure" free="111374848" total="1846280192" percent="6" macro-fragmented="19260884">
      <mem type="soa" free="597504" total="1735502848" percent="0" />
      <mem type="loa" free="110777344" total="110777344" percent="100" />
    </mem>
    <remembered-set count="31943" />
  </mem-info>
</gc-end>
<cycle-end id="1575" type="scavenge" contextid="1569" timestamp="2020-09-11T10:44:31.430" />
<allocation-satisfied id="1576" threadId="0000000000782C00" bytesRequested="16" />
<af-end id="1577" timestamp="2020-09-11T10:44:31.430" threadId="0000000000783580" success="true" from="nursery"/>
<exclusive-end id="1578" timestamp="2020-09-11T10:44:31.430" durationms="107.721" />

<exclusive-start id="1579" timestamp="2020-09-11T10:44:33.409" intervalms="2086.113">
  <response-info timems="0.294" idlems="0.111" threads="2" lastid="0000000000846D00" lastname="Group1.Backend.CompositeBackend{Tier1}.5" />
</exclusive-start>
<af-start id="1580" threadId="0000000000845780" totalBytesRequested="264" timestamp="2020-09-11T10:44:33.409" intervalms="2086.115" type="nursery" />
<percolate-collect id="1581" from="nursery" to="global" reason="met projected tenure max free" timestamp="2020-09-11T10:44:33.410"/>
<cycle-start id="1582" type="global" contextid="0" timestamp="2020-09-11T10:44:33.410" intervalms="81316.902" />
<gc-start id="1583" type="global" contextid="1582" timestamp="2020-09-11T10:44:33.410">
  <mem-info id="1584" free="111373272" total="2785804288" percent="3">
    <mem type="nursery" free="0" total="939524096" percent="0">
      <mem type="allocate" free="0" total="806486016" percent="0" />
      <mem type="survivor" free="0" total="133038080" percent="0" />
    </mem>
    <mem type="tenure" free="111373272" total="1846280192" percent="6">
      <mem type="soa" free="595928" total="1735502848" percent="0" />
      <mem type="loa" free="110777344" total="110777344" percent="100" />
    </mem>
    <remembered-set count="194295" />
  </mem-info>
</gc-start>
<allocation-stats totalBytes="692436080" >
  <allocated-bytes non-tlh="28096944" tlh="664339136" />
  <largest-consumer threadName="Group1.Backend.CompositeBackend{Tier1}.8" threadId="00000000008AA200" bytes="100091088" />
</allocation-stats>
<gc-op id="1585" type="mark" timems="353.432" contextid="1582" timestamp="2020-09-11T10:44:33.764">
  <trace-info objectcount="29890989" scancount="28917468" scanbytes="792106828" />
  <finalization candidates="143" enqueued="0" />
  <ownableSynchronizers candidates="552860" cleared="21384" />
  <references type="soft" candidates="655241" cleared="836" enqueued="828" dynamicThreshold="9" maxThreshold="32" />
  <references type="weak" candidates="5035" cleared="765" enqueued="645" />
  <references type="phantom" candidates="108" cleared="0" enqueued="0" />
  <stringconstants candidates="11049" cleared="4"  />
</gc-op>
<gc-op id="1586" type="classunload" timems="1.585" contextid="1582" timestamp="2020-09-11T10:44:33.765">
  <classunload-info classloadercandidates="172" classloadersunloaded="1" classesunloaded="1" anonymousclassesunloaded="0" quiescems="0.000" setupms="1.558" scanms="0.023" postms="0.004" />
</gc-op>
<gc-op id="1587" type="sweep" timems="8.951" contextid="1582" timestamp="2020-09-11T10:44:33.774" />
<gc-end id="1588" type="global" contextid="1582" durationms="364.860" usertimems="2710.324" systemtimems="57.003" timestamp="2020-09-11T10:44:33.775" activeThreads="8">
  <mem-info id="1589" free="1728376200" total="2785804288" percent="62">
    <mem type="nursery" free="615556440" total="939524096" percent="65">
      <mem type="allocate" free="615556440" total="806486016" percent="76" />
      <mem type="survivor" free="0" total="133038080" percent="0" />
    </mem>
    <mem type="tenure" free="1112819760" total="1846280192" percent="60" micro-fragmented="11478549" macro-fragmented="3732887">
      <mem type="soa" free="1002042416" total="1735502848" percent="57" />
      <mem type="loa" free="110777344" total="110777344" percent="100" />
    </mem>
    <pending-finalizers system="0" default="0" reference="1473" classloader="0" />
    <remembered-set count="188303" />
  </mem-info>
</gc-end>
<cycle-end id="1590" type="global" contextid="1582" timestamp="2020-09-11T10:44:33.776" />
<allocation-satisfied id="1591" threadId="0000000000844E00" bytesRequested="264" />
<af-end id="1592" timestamp="2020-09-11T10:44:33.776" threadId="0000000000845780" success="true" from="nursery"/>
<exclusive-end id="1593" timestamp="2020-09-11T10:44:33.776" durationms="367.590" />

<exclusive-start id="1594" timestamp="2020-09-11T10:44:35.275" intervalms="1866.335">
  <response-info timems="0.369" idlems="0.369" threads="0" lastid="000000000087C200" lastname="Group1.Backend.CompositeBackend{Tier1}.7" />
</exclusive-start>
<af-start id="1595" threadId="000000000087CB80" totalBytesRequested="131080" timestamp="2020-09-11T10:44:35.276" intervalms="1866.410" type="nursery" />
<cycle-start id="1596" type="scavenge" contextid="0" timestamp="2020-09-11T10:44:35.276" intervalms="3952.507" />
<gc-start id="1597" type="scavenge" contextid="1596" timestamp="2020-09-11T10:44:35.276">
  <mem-info id="1598" free="1118602472" total="2785804288" percent="40">
    <mem type="nursery" free="5782760" total="939524096" percent="0">
      <mem type="allocate" free="5782760" total="806486016" percent="0" />
      <mem type="survivor" free="0" total="133038080" percent="0" />
    </mem>
    <mem type="tenure" free="1112819712" total="1846280192" percent="60">
      <mem type="soa" free="1002042368" total="1735502848" percent="57" />
      <mem type="loa" free="110777344" total="110777344" percent="100" />
    </mem>
    <remembered-set count="245039" />
  </mem-info>
</gc-start>
<allocation-stats totalBytes="607042624" >
  <allocated-bytes non-tlh="24082304" tlh="582960320" />
  <largest-consumer threadName="Group1.Backend.CompositeBackend{Tier1}.3" threadId="0000000000844E00" bytes="103508016" />
</allocation-stats>
<gc-op id="1599" type="scavenge" timems="187.553" contextid="1596" timestamp="2020-09-11T10:44:35.464">
  <scavenger-info tenureage="3" tenuremask="7ff8" tiltratio="85" />
  <memory-copied type="nursery" objects="4943068" bytes="132728528" bytesdiscarded="148232" />
  <memory-copied type="tenure" objects="1183403" bytes="31886256" bytesdiscarded="23296" />
  <copy-failed type="nursery" objects="174622" bytes="4696280" />
  <finalization candidates="1" enqueued="0" />
  <ownableSynchronizers candidates="1081860" cleared="1068974" />
  <references type="soft" candidates="7622" cleared="0" enqueued="0" dynamicThreshold="19" maxThreshold="32" />
  <references type="weak" candidates="115" cleared="107" enqueued="0" />
</gc-op>
<gc-end id="1600" type="scavenge" contextid="1596" durationms="188.407" usertimems="1386.857" systemtimems="44.518" timestamp="2020-09-11T10:44:35.465" activeThreads="8">
  <mem-info id="1601" free="1706259288" total="2785804288" percent="61">
    <mem type="nursery" free="625475584" total="939524096" percent="66">
      <mem type="allocate" free="625475584" total="758513664" percent="82" />
      <mem type="survivor" free="0" total="181010432" percent="0" />
    </mem>
    <mem type="tenure" free="1080783704" total="1846280192" percent="58" macro-fragmented="0">
      <mem type="soa" free="970006360" total="1735502848" percent="55" />
      <mem type="loa" free="110777344" total="110777344" percent="100" />
    </mem>
    <remembered-set count="46002" />
  </mem-info>
</gc-end>
<cycle-end id="1602" type="scavenge" contextid="1596" timestamp="2020-09-11T10:44:35.465" />
<allocation-satisfied id="1603" threadId="000000000087C200" bytesRequested="131080" />
<af-end id="1604" timestamp="2020-09-11T10:44:35.465" threadId="000000000087CB80" success="true" from="nursery"/>
<exclusive-end id="1605" timestamp="2020-09-11T10:44:35.465" durationms="189.970" />

<exclusive-start id="1606" timestamp="2020-09-11T10:44:37.045" intervalms="1769.490">
  <response-info timems="0.262" idlems="0.262" threads="0" lastid="00000000008AA200" lastname="Group1.Backend.CompositeBackend{Tier1}.8" />
</exclusive-start>
<af-start id="1607" threadId="00000000008AAB80" totalBytesRequested="1032" timestamp="2020-09-11T10:44:37.045" intervalms="1769.425" type="nursery" />
<cycle-start id="1608" type="scavenge" contextid="0" timestamp="2020-09-11T10:44:37.045" intervalms="1769.459" />
<gc-start id="1609" type="scavenge" contextid="1608" timestamp="2020-09-11T10:44:37.046">
  <mem-info id="1610" free="1080783704" total="2785804288" percent="38">
    <mem type="nursery" free="0" total="939524096" percent="0">
      <mem type="allocate" free="0" total="758513664" percent="0" />
      <mem type="survivor" free="0" total="181010432" percent="0" />
    </mem>
    <mem type="tenure" free="1080783704" total="1846280192" percent="58">
      <mem type="soa" free="970006360" total="1735502848" percent="55" />
      <mem type="loa" free="110777344" total="110777344" percent="100" />
    </mem>
    <remembered-set count="195467" />
  </mem-info>
</gc-start>
<allocation-stats totalBytes="625137968" >
  <allocated-bytes non-tlh="31594136" tlh="593543832" />
  <largest-consumer threadName="Group1.Backend.CompositeBackend{Tier1}.8" threadId="00000000008AA200" bytes="95172296" />
</allocation-stats>
<gc-op id="1611" type="scavenge" timems="98.346" contextid="1608" timestamp="2020-09-11T10:44:37.144">
  <scavenger-info tenureage="3" tenuremask="7ff8" tiltratio="80" />
  <memory-copied type="nursery" objects="4741585" bytes="127625176" bytesdiscarded="362648" />
  <memory-copied type="tenure" objects="1033314" bytes="27836792" bytesdiscarded="13456" />
  <finalization candidates="1" enqueued="0" />
  <ownableSynchronizers candidates="25833" cleared="14322" />
  <references type="soft" candidates="6801" cleared="0" enqueued="0" dynamicThreshold="19" maxThreshold="32" />
  <references type="weak" candidates="117" cleared="117" enqueued="0" />
</gc-op>
<gc-end id="1612" type="scavenge" contextid="1608" durationms="99.120" usertimems="773.155" systemtimems="0.000" timestamp="2020-09-11T10:44:37.145" activeThreads="8">
  <mem-info id="1613" free="1688590672" total="2785804288" percent="60">
    <mem type="nursery" free="635879464" total="939524096" percent="67">
      <mem type="allocate" free="635879464" total="763953152" percent="83" />
      <mem type="survivor" free="0" total="175570944" percent="0" />
    </mem>
    <mem type="tenure" free="1052711208" total="1846280192" percent="57" macro-fragmented="4479464">
      <mem type="soa" free="941933864" total="1735502848" percent="54" />
      <mem type="loa" free="110777344" total="110777344" percent="100" />
    </mem>
    <remembered-set count="44278" />
  </mem-info>
</gc-end>
<cycle-end id="1614" type="scavenge" contextid="1608" timestamp="2020-09-11T10:44:37.145" />
<allocation-satisfied id="1615" threadId="00000000008AA200" bytesRequested="1032" />
<af-end id="1616" timestamp="2020-09-11T10:44:37.145" threadId="00000000008AAB80" success="true" from="nursery"/>
<exclusive-end id="1617" timestamp="2020-09-11T10:44:37.145" durationms="100.666" />

<exclusive-start id="1618" timestamp="2020-09-11T10:44:38.924" intervalms="1879.062">
  <response-info timems="0.581" idlems="0.581" threads="0" lastid="00000000008AA200" lastname="Group1.Backend.CompositeBackend{Tier1}.8" />
</exclusive-start>
<af-start id="1619" threadId="00000000008AAB80" totalBytesRequested="664" timestamp="2020-09-11T10:44:38.924" intervalms="1879.167" type="nursery" />
<cycle-start id="1620" type="scavenge" contextid="0" timestamp="2020-09-11T10:44:38.925" intervalms="1879.164" />
<gc-start id="1621" type="scavenge" contextid="1620" timestamp="2020-09-11T10:44:38.925">
  <mem-info id="1622" free="1052711208" total="2785804288" percent="37">
    <mem type="nursery" free="0" total="939524096" percent="0">
      <mem type="allocate" free="0" total="763953152" percent="0" />
      <mem type="survivor" free="0" total="175570944" percent="0" />
    </mem>
    <mem type="tenure" free="1052711208" total="1846280192" percent="57">
      <mem type="soa" free="941933864" total="1735502848" percent="54" />
      <mem type="loa" free="110777344" total="110777344" percent="100" />
    </mem>
    <remembered-set count="197647" />
  </mem-info>
</gc-start>
<allocation-stats totalBytes="635524968" >
  <allocated-bytes non-tlh="31034888" tlh="604490080" />
  <largest-consumer threadName="Group1.Backend.CompositeBackend{Tier1}.4" threadId="0000000000845A00" bytes="112509256" />
</allocation-stats>
<gc-op id="1623" type="scavenge" timems="100.983" contextid="1620" timestamp="2020-09-11T10:44:39.026">
  <scavenger-info tenureage="3" tenuremask="7ff8" tiltratio="81" />
  <memory-copied type="nursery" objects="4876152" bytes="131020144" bytesdiscarded="313224" />
  <memory-copied type="tenure" objects="946463" bytes="25458448" bytesdiscarded="14320" />
  <finalization candidates="2" enqueued="0" />
  <ownableSynchronizers candidates="25071" cleared="14619" />
  <references type="soft" candidates="6377" cleared="0" enqueued="0" dynamicThreshold="19" maxThreshold="32" />
  <references type="weak" candidates="95" cleared="95" enqueued="0" />
</gc-op>
<gc-end id="1624" type="scavenge" contextid="1620" durationms="101.814" usertimems="761.101" systemtimems="0.004" timestamp="2020-09-11T10:44:39.027" activeThreads="8">
  <mem-info id="1625" free="1664812112" total="2785804288" percent="59">
    <mem type="nursery" free="637502976" total="939524096" percent="67">
      <mem type="allocate" free="637502976" total="768933888" percent="82" />
      <mem type="survivor" free="0" total="170590208" percent="0" />
    </mem>
    <mem type="tenure" free="1027309136" total="1846280192" percent="55" macro-fragmented="6291480">
      <mem type="soa" free="916531792" total="1735502848" percent="52" />
      <mem type="loa" free="110777344" total="110777344" percent="100" />
    </mem>
    <remembered-set count="40315" />
  </mem-info>
</gc-end>
<cycle-end id="1626" type="scavenge" contextid="1620" timestamp="2020-09-11T10:44:39.028" />
<allocation-satisfied id="1627" threadId="00000000008AA200" bytesRequested="664" />
<af-end id="1628" timestamp="2020-09-11T10:44:39.029" threadId="00000000008AAB80" success="true" from="nursery"/>
<exclusive-end id="1629" timestamp="2020-09-11T10:44:39.029" durationms="104.825" />

<exclusive-start id="1630" timestamp="2020-09-11T10:44:40.748" intervalms="1824.565">
  <response-info timems="0.178" idlems="0.165" threads="1" lastid="0000000000A5A600" lastname="Group1.Backend.CompositeBackend{Tier3}.2" />
</exclusive-start>
<af-start id="1631" threadId="0000000000847680" totalBytesRequested="16" timestamp="2020-09-11T10:44:40.749" intervalms="1824.434" type="nursery" />
<cycle-start id="1632" type="scavenge" contextid="0" timestamp="2020-09-11T10:44:40.749" intervalms="1824.396" />
<gc-start id="1633" type="scavenge" contextid="1632" timestamp="2020-09-11T10:44:40.749">
  <mem-info id="1634" free="1027309136" total="2785804288" percent="36">
    <mem type="nursery" free="0" total="939524096" percent="0">
      <mem type="allocate" free="0" total="768933888" percent="0" />
      <mem type="survivor" free="0" total="170590208" percent="0" />
    </mem>
    <mem type="tenure" free="1027309136" total="1846280192" percent="55">
      <mem type="soa" free="916531792" total="1735502848" percent="52" />
      <mem type="loa" free="110777344" total="110777344" percent="100" />
    </mem>
    <remembered-set count="189284" />
  </mem-info>
</gc-start>
<allocation-stats totalBytes="637158304" >
  <allocated-bytes non-tlh="33416856" tlh="603741448" />
  <largest-consumer threadName="Group1.Backend.CompositeBackend{Tier1}.6" threadId="0000000000873600" bytes="104690416" />
</allocation-stats>
<gc-op id="1635" type="scavenge" timems="131.923" contextid="1632" timestamp="2020-09-11T10:44:40.881">
  <scavenger-info tenureage="3" tenuremask="7ff8" tiltratio="81" />
  <memory-copied type="nursery" objects="3742318" bytes="100407288" bytesdiscarded="305160" />
  <memory-copied type="tenure" objects="2007081" bytes="54193072" bytesdiscarded="40352" />
  <finalization candidates="2" enqueued="0" />
  <ownableSynchronizers candidates="24831" cleared="14883" />
  <references type="soft" candidates="4164" cleared="0" enqueued="0" dynamicThreshold="19" maxThreshold="32" />
  <references type="weak" candidates="114" cleared="112" enqueued="0" />
</gc-op>
<gc-end id="1636" type="scavenge" contextid="1632" durationms="132.760" usertimems="1000.062" systemtimems="12.262" timestamp="2020-09-11T10:44:40.882" activeThreads="8">
  <mem-info id="1637" free="1645997408" total="2785804288" percent="59">
    <mem type="nursery" free="672921088" total="939524096" percent="71">
      <mem type="allocate" free="672921088" total="773718016" percent="86" />
      <mem type="survivor" free="0" total="165806080" percent="0" />
    </mem>
    <mem type="tenure" free="973076320" total="1846280192" percent="52" macro-fragmented="1048608">
      <mem type="soa" free="862298976" total="1735502848" percent="49" />
      <mem type="loa" free="110777344" total="110777344" percent="100" />
    </mem>
    <remembered-set count="28982" />
  </mem-info>
</gc-end>
<cycle-end id="1638" type="scavenge" contextid="1632" timestamp="2020-09-11T10:44:40.882" />
<allocation-satisfied id="1639" threadId="0000000000846D00" bytesRequested="16" />
<af-end id="1640" timestamp="2020-09-11T10:44:40.882" threadId="0000000000847680" success="true" from="nursery"/>
<exclusive-end id="1641" timestamp="2020-09-11T10:44:40.882" durationms="134.198" />

<exclusive-start id="1642" timestamp="2020-09-11T10:44:42.718" intervalms="1969.527">
  <response-info timems="0.568" idlems="0.292" threads="1" lastid="0000000000844E00" lastname="Group1.Backend.CompositeBackend{Tier1}.3" />
</exclusive-start>
<af-start id="1643" threadId="000000000087CB80" totalBytesRequested="664" timestamp="2020-09-11T10:44:42.719" intervalms="1969.865" type="nursery" />
<cycle-start id="1644" type="scavenge" contextid="0" timestamp="2020-09-11T10:44:42.719" intervalms="1969.874" />
<gc-start id="1645" type="scavenge" contextid="1644" timestamp="2020-09-11T10:44:42.719">
  <mem-info id="1646" free="973076320" total="2785804288" percent="34">
    <mem type="nursery" free="0" total="939524096" percent="0">
      <mem type="allocate" free="0" total="773718016" percent="0" />
      <mem type="survivor" free="0" total="165806080" percent="0" />
    </mem>
    <mem type="tenure" free="973076320" total="1846280192" percent="52">
      <mem type="soa" free="862298976" total="1735502848" percent="49" />
      <mem type="loa" free="110777344" total="110777344" percent="100" />
    </mem>
    <remembered-set count="186650" />
  </mem-info>
</gc-start>
<allocation-stats totalBytes="672508240" >
  <allocated-bytes non-tlh="29066248" tlh="643441992" />
  <largest-consumer threadName="Group1.Backend.CompositeBackend{Tier1}.5" threadId="0000000000846D00" bytes="121216224" />
</allocation-stats>
<gc-op id="1647" type="scavenge" timems="100.651" contextid="1644" timestamp="2020-09-11T10:44:42.820">
  <scavenger-info tenureage="3" tenuremask="7ff8" tiltratio="82" />
  <memory-copied type="nursery" objects="3855661" bytes="103468264" bytesdiscarded="229960" />
  <memory-copied type="tenure" objects="995409" bytes="26780384" bytesdiscarded="27704" />
  <finalization candidates="1" enqueued="0" />
  <ownableSynchronizers candidates="23813" cleared="16500" />
  <references type="soft" candidates="4360" cleared="0" enqueued="0" dynamicThreshold="19" maxThreshold="32" />
  <references type="weak" candidates="93" cleared="93" enqueued="0" />
</gc-op>
<gc-end id="1648" type="scavenge" contextid="1644" durationms="101.461" usertimems="747.936" systemtimems="3.386" timestamp="2020-09-11T10:44:42.820" activeThreads="8">
  <mem-info id="1649" free="1625430856" total="2785804288" percent="58">
    <mem type="nursery" free="679234304" total="939524096" percent="72">
      <mem type="allocate" free="679234304" total="783024128" percent="86" />
      <mem type="survivor" free="0" total="156499968" percent="0" />
    </mem>
    <mem type="tenure" free="946196552" total="1846280192" percent="51" macro-fragmented="0">
      <mem type="soa" free="835419208" total="1735502848" percent="48" />
      <mem type="loa" free="110777344" total="110777344" percent="100" />
    </mem>
    <remembered-set count="27989" />
  </mem-info>
</gc-end>
<cycle-end id="1650" type="scavenge" contextid="1644" timestamp="2020-09-11T10:44:42.821" />
<allocation-satisfied id="1651" threadId="000000000087C200" bytesRequested="664" />
<af-end id="1652" timestamp="2020-09-11T10:44:42.821" threadId="000000000087CB80" success="true" from="nursery"/>
<exclusive-end id="1653" timestamp="2020-09-11T10:44:42.821" durationms="103.378" />

<exclusive-start id="1654" timestamp="2020-09-11T10:44:44.775" intervalms="2057.546">
  <response-info timems="0.241" idlems="0.241" threads="0" lastid="0000000000846D00" lastname="Group1.Backend.CompositeBackend{Tier1}.5" />
</exclusive-start>
<af-start id="1655" threadId="0000000000847680" totalBytesRequested="32" timestamp="2020-09-11T10:44:44.776" intervalms="2057.193" type="nursery" />
<cycle-start id="1656" type="scavenge" contextid="0" timestamp="2020-09-11T10:44:44.776" intervalms="2057.185" />
<gc-start id="1657" type="scavenge" contextid="1656" timestamp="2020-09-11T10:44:44.776">
  <mem-info id="1658" free="946196552" total="2785804288" percent="33">
    <mem type="nursery" free="0" total="939524096" percent="0">
      <mem type="allocate" free="0" total="783024128" percent="0" />
      <mem type="survivor" free="0" total="156499968" percent="0" />
    </mem>
    <mem type="tenure" free="946196552" total="1846280192" percent="51">
      <mem type="soa" free="835419208" total="1735502848" percent="48" />
      <mem type="loa" free="110777344" total="110777344" percent="100" />
    </mem>
    <remembered-set count="188589" />
  </mem-info>
</gc-start>
<allocation-stats totalBytes="678861600" >
  <allocated-bytes non-tlh="28425640" tlh="650435960" />
  <largest-consumer threadName="Group1.Backend.CompositeBackend{Tier1}.5" threadId="0000000000846D00" bytes="98487112" />
</allocation-stats>
<gc-op id="1659" type="scavenge" timems="136.634" contextid="1656" timestamp="2020-09-11T10:44:44.913">
  <scavenger-info tenureage="3" tenuremask="7ff8" tiltratio="83" />
  <memory-copied type="nursery" objects="4106080" bytes="109750296" bytesdiscarded="230832" />
  <memory-copied type="tenure" objects="1023080" bytes="27574256" bytesdiscarded="27960" />
  <finalization candidates="2" enqueued="0" />
  <ownableSynchronizers candidates="22228" cleared="14850" />
  <references type="soft" candidates="4387" cleared="0" enqueued="0" dynamicThreshold="19" maxThreshold="32" />
  <references type="weak" candidates="116" cleared="116" enqueued="0" />
</gc-op>
<gc-end id="1660" type="scavenge" contextid="1656" durationms="137.495" usertimems="1019.690" systemtimems="26.449" timestamp="2020-09-11T10:44:44.914" activeThreads="8">
  <mem-info id="1661" free="1596799440" total="2785804288" percent="57">
    <mem type="nursery" free="678256872" total="939524096" percent="72">
      <mem type="allocate" free="678256872" total="788332544" percent="86" />
      <mem type="survivor" free="0" total="151191552" percent="0" />
    </mem>
    <mem type="tenure" free="918542568" total="1846280192" percent="49" macro-fragmented="0">
      <mem type="soa" free="807765224" total="1735502848" percent="46" />
      <mem type="loa" free="110777344" total="110777344" percent="100" />
    </mem>
    <remembered-set count="30016" />
  </mem-info>
</gc-end>
<cycle-end id="1662" type="scavenge" contextid="1656" timestamp="2020-09-11T10:44:44.914" />
<allocation-satisfied id="1663" threadId="0000000000846D00" bytesRequested="32" />
<af-end id="1664" timestamp="2020-09-11T10:44:44.914" threadId="0000000000847680" success="true" from="nursery"/>
<exclusive-end id="1665" timestamp="2020-09-11T10:44:44.914" durationms="138.934" />

<exclusive-start id="1666" timestamp="2020-09-11T10:44:46.752" intervalms="1976.357">
  <response-info timems="0.332" idlems="0.176" threads="1" lastid="0000000000846D00" lastname="Group1.Backend.CompositeBackend{Tier1}.5" />
</exclusive-start>
<af-start id="1667" threadId="00000000008AAB80" totalBytesRequested="664" timestamp="2020-09-11T10:44:46.752" intervalms="1976.378" type="nursery" />
<cycle-start id="1668" type="scavenge" contextid="0" timestamp="2020-09-11T10:44:46.752" intervalms="1976.400" />
<gc-start id="1669" type="scavenge" contextid="1668" timestamp="2020-09-11T10:44:46.753">
  <mem-info id="1670" free="918542568" total="2785804288" percent="32">
    <mem type="nursery" free="0" total="939524096" percent="0">
      <mem type="allocate" free="0" total="788332544" percent="0" />
      <mem type="survivor" free="0" total="151191552" percent="0" />
    </mem>
    <mem type="tenure" free="918542568" total="1846280192" percent="49">
      <mem type="soa" free="807765224" total="1735502848" percent="46" />
      <mem type="loa" free="110777344" total="110777344" percent="100" />
    </mem>
    <remembered-set count="187181" />
  </mem-info>
</gc-start>
<allocation-stats totalBytes="677876512" >
  <allocated-bytes non-tlh="32619992" tlh="645256520" />
  <largest-consumer threadName="Group1.Backend.CompositeBackend{Tier1}.6" threadId="0000000000873600" bytes="110652328" />
</allocation-stats>
<gc-op id="1671" type="scavenge" timems="105.958" contextid="1668" timestamp="2020-09-11T10:44:46.859">
  <scavenger-info tenureage="3" tenuremask="7ff8" tiltratio="83" />
  <memory-copied type="nursery" objects="4032576" bytes="108213136" bytesdiscarded="282736" />
  <memory-copied type="tenure" objects="979852" bytes="26357144" bytesdiscarded="30520" />
  <finalization candidates="1" enqueued="0" />
  <ownableSynchronizers candidates="19702" cleared="12573" />
  <references type="soft" candidates="4193" cleared="0" enqueued="0" dynamicThreshold="19" maxThreshold="32" />
  <references type="weak" candidates="118" cleared="118" enqueued="0" />
</gc-op>
<gc-end id="1672" type="scavenge" contextid="1668" durationms="106.811" usertimems="762.005" systemtimems="4.689" timestamp="2020-09-11T10:44:46.859" activeThreads="8">
  <mem-info id="1673" free="1577609032" total="2785804288" percent="56">
    <mem type="nursery" free="685381888" total="939524096" percent="72">
      <mem type="allocate" free="685381888" total="793968640" percent="86" />
      <mem type="survivor" free="0" total="145555456" percent="0" />
    </mem>
    <mem type="tenure" free="892227144" total="1846280192" percent="48" macro-fragmented="2621480">
      <mem type="soa" free="781449800" total="1735502848" percent="45" />
      <mem type="loa" free="110777344" total="110777344" percent="100" />
    </mem>
    <remembered-set count="29872" />
  </mem-info>
</gc-end>
<cycle-end id="1674" type="scavenge" contextid="1668" timestamp="2020-09-11T10:44:46.861" />
<allocation-satisfied id="1675" threadId="00000000008AA200" bytesRequested="664" />
<af-end id="1676" timestamp="2020-09-11T10:44:46.861" threadId="00000000008AAB80" success="true" from="nursery"/>
<exclusive-end id="1677" timestamp="2020-09-11T10:44:46.861" durationms="109.778" />

<exclusive-start id="1678" timestamp="2020-09-11T10:44:48.817" intervalms="2065.387">
  <response-info timems="0.304" idlems="0.304" threads="0" lastid="000000000087C200" lastname="Group1.Backend.CompositeBackend{Tier1}.7" />
</exclusive-start>
<af-start id="1679" threadId="000000000087CB80" totalBytesRequested="16" timestamp="2020-09-11T10:44:48.818" intervalms="2065.669" type="nursery" />
<cycle-start id="1680" type="scavenge" contextid="0" timestamp="2020-09-11T10:44:48.818" intervalms="2065.731" />
<gc-start id="1681" type="scavenge" contextid="1680" timestamp="2020-09-11T10:44:48.818">
  <mem-info id="1682" free="892227144" total="2785804288" percent="32">
    <mem type="nursery" free="0" total="939524096" percent="0">
      <mem type="allocate" free="0" total="793968640" percent="0" />
      <mem type="survivor" free="0" total="145555456" percent="0" />
    </mem>
    <mem type="tenure" free="892227144" total="1846280192" percent="48">
      <mem type="soa" free="781449800" total="1735502848" percent="45" />
      <mem type="loa" free="110777344" total="110777344" percent="100" />
    </mem>
    <remembered-set count="191810" />
  </mem-info>
</gc-start>
<allocation-stats totalBytes="684984016" >
  <allocated-bytes non-tlh="26980064" tlh="658003952" />
  <largest-consumer threadName="Group1.Backend.CompositeBackend{Tier1}.6" threadId="0000000000873600" bytes="90927464" />
</allocation-stats>
<gc-op id="1683" type="scavenge" timems="141.029" contextid="1680" timestamp="2020-09-11T10:44:48.960">
  <scavenger-info tenureage="3" tenuremask="7ff8" tiltratio="84" />
  <memory-copied type="nursery" objects="4230381" bytes="112806184" bytesdiscarded="214736" />
  <memory-copied type="tenure" objects="1075468" bytes="28966896" bytesdiscarded="21752" />
  <finalization candidates="1" enqueued="0" />
  <ownableSynchronizers candidates="19386" cleared="12540" />
  <references type="soft" candidates="3822" cleared="0" enqueued="0" dynamicThreshold="19" maxThreshold="32" />
  <references type="weak" candidates="129" cleared="121" enqueued="0" />
</gc-op>
<gc-end id="1684" type="scavenge" contextid="1680" durationms="141.839" usertimems="989.581" systemtimems="17.017" timestamp="2020-09-11T10:44:48.960" activeThreads="8">
  <mem-info id="1685" free="1546732632" total="2785804288" percent="55">
    <mem type="nursery" free="683670000" total="939524096" percent="72">
      <mem type="allocate" free="683670000" total="796786688" percent="85" />
      <mem type="survivor" free="0" total="142737408" percent="0" />
    </mem>
    <mem type="tenure" free="863062632" total="1846280192" percent="46" macro-fragmented="1048608">
      <mem type="soa" free="752285288" total="1735502848" percent="43" />
      <mem type="loa" free="110777344" total="110777344" percent="100" />
    </mem>
    <remembered-set count="31746" />
  </mem-info>
</gc-end>
<cycle-end id="1686" type="scavenge" contextid="1680" timestamp="2020-09-11T10:44:48.961" />
<allocation-satisfied id="1687" threadId="000000000087C200" bytesRequested="16" />
<af-end id="1688" timestamp="2020-09-11T10:44:48.961" threadId="000000000087CB80" success="true" from="nursery"/>
<exclusive-end id="1689" timestamp="2020-09-11T10:44:48.961" durationms="143.642" />

<exclusive-start id="1690" timestamp="2020-09-11T10:44:50.707" intervalms="1889.484">
  <response-info timems="1.147" idlems="1.147" threads="0" lastid="0000000000786D00" lastname="Group1.Backend.CompositeBackend{Tier1}.2" />
</exclusive-start>
<af-start id="1691" threadId="0000000000787680" totalBytesRequested="1032" timestamp="2020-09-11T10:44:50.707" intervalms="1889.183" type="nursery" />
<cycle-start id="1692" type="scavenge" contextid="0" timestamp="2020-09-11T10:44:50.707" intervalms="1889.111" />
<gc-start id="1693" type="scavenge" contextid="1692" timestamp="2020-09-11T10:44:50.708">
  <mem-info id="1694" free="863062632" total="2785804288" percent="30">
    <mem type="nursery" free="0" total="939524096" percent="0">
      <mem type="allocate" free="0" total="796786688" percent="0" />
      <mem type="survivor" free="0" total="142737408" percent="0" />
    </mem>
    <mem type="tenure" free="863062632" total="1846280192" percent="46">
      <mem type="soa" free="752285288" total="1735502848" percent="43" />
      <mem type="loa" free="110777344" total="110777344" percent="100" />
    </mem>
    <remembered-set count="186023" />
  </mem-info>
</gc-start>
<allocation-stats totalBytes="683283856" >
  <allocated-bytes non-tlh="38460504" tlh="644823352" />
  <largest-consumer threadName="Group1.Backend.CompositeBackend{Tier1}.4" threadId="0000000000845A00" bytes="87765440" />
</allocation-stats>
<gc-op id="1695" type="scavenge" timems="133.871" contextid="1692" timestamp="2020-09-11T10:44:50.841">
  <scavenger-info tenureage="3" tenuremask="7ff8" tiltratio="84" />
  <memory-copied type="nursery" objects="3974243" bytes="106654600" bytesdiscarded="105928" />
  <memory-copied type="tenure" objects="1119598" bytes="30141392" bytesdiscarded="16344" />
  <finalization candidates="1" enqueued="0" />
  <ownableSynchronizers candidates="19275" cleared="12870" />
  <references type="soft" candidates="3645" cleared="0" enqueued="0" dynamicThreshold="19" maxThreshold="32" />
  <references type="weak" candidates="135" cleared="127" enqueued="0" />
</gc-op>
<gc-end id="1696" type="scavenge" contextid="1692" durationms="135.034" usertimems="961.915" systemtimems="28.816" timestamp="2020-09-11T10:44:50.842" activeThreads="8">
  <mem-info id="1697" free="1526213368" total="2785804288" percent="54">
    <mem type="nursery" free="693215992" total="939524096" percent="73">
      <mem type="allocate" free="693215992" total="800063488" percent="86" />
      <mem type="survivor" free="0" total="139460608" percent="0" />
    </mem>
    <mem type="tenure" free="832997376" total="1846280192" percent="45" macro-fragmented="2160235">
      <mem type="soa" free="722220032" total="1735502848" percent="41" />
      <mem type="loa" free="110777344" total="110777344" percent="100" />
    </mem>
    <remembered-set count="31436" />
  </mem-info>
</gc-end>
<cycle-end id="1698" type="scavenge" contextid="1692" timestamp="2020-09-11T10:44:50.843" />
<allocation-satisfied id="1699" threadId="0000000000786D00" bytesRequested="1032" />
<af-end id="1700" timestamp="2020-09-11T10:44:50.843" threadId="0000000000787680" success="true" from="nursery"/>
<exclusive-end id="1701" timestamp="2020-09-11T10:44:50.843" durationms="136.830" />

<exclusive-start id="1702" timestamp="2020-09-11T10:44:52.851" intervalms="2144.089">
  <response-info timems="4.114" idlems="4.114" threads="0" lastid="0000000000873600" lastname="Group1.Backend.CompositeBackend{Tier1}.6" />
</exclusive-start>
<af-start id="1703" threadId="0000000000873F80" totalBytesRequested="656" timestamp="2020-09-11T10:44:52.851" intervalms="2144.134" type="nursery" />
<cycle-start id="1704" type="scavenge" contextid="0" timestamp="2020-09-11T10:44:52.851" intervalms="2144.126" />
<gc-start id="1705" type="scavenge" contextid="1704" timestamp="2020-09-11T10:44:52.852">
  <mem-info id="1706" free="832997376" total="2785804288" percent="29">
    <mem type="nursery" free="0" total="939524096" percent="0">
      <mem type="allocate" free="0" total="800063488" percent="0" />
      <mem type="survivor" free="0" total="139460608" percent="0" />
    </mem>
    <mem type="tenure" free="832997376" total="1846280192" percent="45">
      <mem type="soa" free="722220032" total="1735502848" percent="41" />
      <mem type="loa" free="110777344" total="110777344" percent="100" />
    </mem>
    <remembered-set count="194054" />
  </mem-info>
</gc-start>
<allocation-stats totalBytes="692808664" >
  <allocated-bytes non-tlh="25805888" tlh="667002776" />
  <largest-consumer threadName="Group1.Backend.CompositeBackend{Tier1}.4" threadId="0000000000845A00" bytes="94683016" />
</allocation-stats>
<gc-op id="1707" type="scavenge" timems="146.534" contextid="1704" timestamp="2020-09-11T10:44:52.998">
  <scavenger-info tenureage="3" tenuremask="7ff8" tiltratio="85" />
  <memory-copied type="nursery" objects="4067770" bytes="109150768" bytesdiscarded="294272" />
  <memory-copied type="tenure" objects="1046086" bytes="28157760" bytesdiscarded="26160" />
  <ownableSynchronizers candidates="19627" cleared="13398" />
  <references type="soft" candidates="3726" cleared="0" enqueued="0" dynamicThreshold="19" maxThreshold="32" />
  <references type="weak" candidates="115" cleared="107" enqueued="0" />
</gc-op>
<gc-end id="1708" type="scavenge" contextid="1704" durationms="147.463" usertimems="1057.992" systemtimems="40.890" timestamp="2020-09-11T10:44:52.999" activeThreads="8">
  <mem-info id="1709" free="1498264064" total="2785804288" percent="53">
    <mem type="nursery" free="693403896" total="939524096" percent="73">
      <mem type="allocate" free="693403896" total="802947072" percent="86" />
      <mem type="survivor" free="0" total="136577024" percent="0" />
    </mem>
    <mem type="tenure" free="804860168" total="1846280192" percent="43" macro-fragmented="3732887">
      <mem type="soa" free="694082824" total="1735502848" percent="39" />
      <mem type="loa" free="110777344" total="110777344" percent="100" />
    </mem>
    <remembered-set count="31509" />
  </mem-info>
</gc-end>
<cycle-end id="1710" type="scavenge" contextid="1704" timestamp="2020-09-11T10:44:53.001" />
<allocation-satisfied id="1711" threadId="0000000000873600" bytesRequested="656" />
<af-end id="1712" timestamp="2020-09-11T10:44:53.001" threadId="0000000000873F80" success="true" from="nursery"/>
<exclusive-end id="1713" timestamp="2020-09-11T10:44:53.001" durationms="150.575" />

<exclusive-start id="1714" timestamp="2020-09-11T10:44:54.789" intervalms="1938.583">
  <response-info timems="0.555" idlems="0.555" threads="0" lastid="00000000008AA200" lastname="Group1.Backend.CompositeBackend{Tier1}.8" />
</exclusive-start>
<af-start id="1715" threadId="00000000008AAB80" totalBytesRequested="664" timestamp="2020-09-11T10:44:54.790" intervalms="1938.815" type="nursery" />
<cycle-start id="1716" type="scavenge" contextid="0" timestamp="2020-09-11T10:44:54.790" intervalms="1938.857" />
<gc-start id="1717" type="scavenge" contextid="1716" timestamp="2020-09-11T10:44:54.791">
  <mem-info id="1718" free="804860168" total="2785804288" percent="28">
    <mem type="nursery" free="0" total="939524096" percent="0">
      <mem type="allocate" free="0" total="802947072" percent="0" />
      <mem type="survivor" free="0" total="136577024" percent="0" />
    </mem>
    <mem type="tenure" free="804860168" total="1846280192" percent="43">
      <mem type="soa" free="694082824" total="1735502848" percent="39" />
      <mem type="loa" free="110777344" total="110777344" percent="100" />
    </mem>
    <remembered-set count="188383" />
  </mem-info>
</gc-start>
<allocation-stats totalBytes="693026704" >
  <allocated-bytes non-tlh="37209056" tlh="655817648" />
  <largest-consumer threadName="Group1.Backend.CompositeBackend{Tier1}.7" threadId="000000000087C200" bytes="105170408" />
</allocation-stats>
<gc-op id="1719" type="scavenge" timems="101.342" contextid="1716" timestamp="2020-09-11T10:44:54.893">
  <scavenger-info tenureage="3" tenuremask="7ff8" tiltratio="85" />
  <memory-copied type="nursery" objects="4029063" bytes="108071640" bytesdiscarded="185720" />
  <memory-copied type="tenure" objects="1107480" bytes="29827648" bytesdiscarded="16768" />
  <ownableSynchronizers candidates="17508" cleared="11418" />
  <references type="soft" candidates="3620" cleared="0" enqueued="0" dynamicThreshold="19" maxThreshold="32" />
  <references type="weak" candidates="120" cleared="120" enqueued="0" />
</gc-op>
<gc-end id="1720" type="scavenge" contextid="1716" durationms="102.339" usertimems="729.787" systemtimems="0.000" timestamp="2020-09-11T10:44:54.893" activeThreads="8">
  <mem-info id="1721" free="1472272192" total="2785804288" percent="52">
    <mem type="nursery" free="697417216" total="939524096" percent="74">
      <mem type="allocate" free="697417216" total="805765120" percent="86" />
      <mem type="survivor" free="0" total="133758976" percent="0" />
    </mem>
    <mem type="tenure" free="774854976" total="1846280192" percent="41" macro-fragmented="0">
      <mem type="soa" free="664077632" total="1735502848" percent="38" />
      <mem type="loa" free="110777344" total="110777344" percent="100" />
    </mem>
    <remembered-set count="30400" />
  </mem-info>
</gc-end>
<cycle-end id="1722" type="scavenge" contextid="1716" timestamp="2020-09-11T10:44:54.894" />
<allocation-satisfied id="1723" threadId="00000000008AA200" bytesRequested="664" />
<af-end id="1724" timestamp="2020-09-11T10:44:54.894" threadId="00000000008AAB80" success="true" from="nursery"/>
<exclusive-end id="1725" timestamp="2020-09-11T10:44:54.894" durationms="104.890" />

<exclusive-start id="1726" timestamp="2020-09-11T10:44:56.904" intervalms="2115.165">
  <response-info timems="0.202" idlems="0.202" threads="0" lastid="000000000095EE00" lastname="Group1.TxInjector.CompositeTxInjector.I.driver.probe.26" />
</exclusive-start>
<af-start id="1727" threadId="000000000095F780" totalBytesRequested="48" timestamp="2020-09-11T10:44:56.905" intervalms="2114.947" type="nursery" />
<cycle-start id="1728" type="scavenge" contextid="0" timestamp="2020-09-11T10:44:56.905" intervalms="2114.910" />
<gc-start id="1729" type="scavenge" contextid="1728" timestamp="2020-09-11T10:44:56.905">
  <mem-info id="1730" free="774854976" total="2785804288" percent="27">
    <mem type="nursery" free="0" total="939524096" percent="0">
      <mem type="allocate" free="0" total="805765120" percent="0" />
      <mem type="survivor" free="0" total="133758976" percent="0" />
    </mem>
    <mem type="tenure" free="774854976" total="1846280192" percent="41">
      <mem type="soa" free="664077632" total="1735502848" percent="38" />
      <mem type="loa" free="110777344" total="110777344" percent="100" />
    </mem>
    <remembered-set count="194348" />
  </mem-info>
</gc-start>
<allocation-stats totalBytes="697013456" >
  <allocated-bytes non-tlh="27591056" tlh="669422400" />
  <largest-consumer threadName="Group1.Backend.CompositeBackend{Tier1}.1" threadId="0000000000782C00" bytes="116549800" />
</allocation-stats>
<gc-op id="1731" type="scavenge" timems="107.759" contextid="1728" timestamp="2020-09-11T10:44:57.013">
  <scavenger-info tenureage="3" tenuremask="7ff8" tiltratio="85" />
  <memory-copied type="nursery" objects="4161434" bytes="111592488" bytesdiscarded="262856" />
  <memory-copied type="tenure" objects="1015520" bytes="27336344" bytesdiscarded="15536" />
  <ownableSynchronizers candidates="17482" cleared="11517" />
  <references type="soft" candidates="3493" cleared="0" enqueued="0" dynamicThreshold="19" maxThreshold="32" />
  <references type="weak" candidates="109" cleared="108" enqueued="0" />
</gc-op>
<gc-end id="1732" type="scavenge" contextid="1728" durationms="108.570" usertimems="825.378" systemtimems="4.086" timestamp="2020-09-11T10:44:57.014" activeThreads="8">
  <mem-info id="1733" free="1442355288" total="2785804288" percent="51">
    <mem type="nursery" free="694792960" total="939524096" percent="73">
      <mem type="allocate" free="694792960" total="806748160" percent="86" />
      <mem type="survivor" free="0" total="132775936" percent="0" />
    </mem>
    <mem type="tenure" free="747562328" total="1846280192" percent="40" macro-fragmented="2000040">
      <mem type="soa" free="636784984" total="1735502848" percent="36" />
      <mem type="loa" free="110777344" total="110777344" percent="100" />
    </mem>
    <remembered-set count="31573" />
  </mem-info>
</gc-end>
<cycle-end id="1734" type="scavenge" contextid="1728" timestamp="2020-09-11T10:44:57.014" />
<allocation-satisfied id="1735" threadId="000000000095EE00" bytesRequested="48" />
<af-end id="1736" timestamp="2020-09-11T10:44:57.014" threadId="000000000095F780" success="true" from="nursery"/>
<exclusive-end id="1737" timestamp="2020-09-11T10:44:57.014" durationms="110.029" />

<exclusive-start id="1738" timestamp="2020-09-11T10:44:58.916" intervalms="2011.451">
  <response-info timems="0.419" idlems="0.413" threads="1" lastid="0000000000846D00" lastname="Group1.Backend.CompositeBackend{Tier1}.5" />
</exclusive-start>
<af-start id="1739" threadId="0000000000783580" totalBytesRequested="88" timestamp="2020-09-11T10:44:58.916" intervalms="2011.456" type="nursery" />
<cycle-start id="1740" type="scavenge" contextid="0" timestamp="2020-09-11T10:44:58.917" intervalms="2011.453" />
<gc-start id="1741" type="scavenge" contextid="1740" timestamp="2020-09-11T10:44:58.917">
  <mem-info id="1742" free="747562328" total="2785804288" percent="26">
    <mem type="nursery" free="0" total="939524096" percent="0">
      <mem type="allocate" free="0" total="806748160" percent="0" />
      <mem type="survivor" free="0" total="132775936" percent="0" />
    </mem>
    <mem type="tenure" free="747562328" total="1846280192" percent="40">
      <mem type="soa" free="636784984" total="1735502848" percent="36" />
      <mem type="loa" free="110777344" total="110777344" percent="100" />
    </mem>
    <remembered-set count="189360" />
  </mem-info>
</gc-start>
<allocation-stats totalBytes="694392008" >
  <allocated-bytes non-tlh="37142928" tlh="657249080" />
  <largest-consumer threadName="Group1.Backend.CompositeBackend{Tier1}.2" threadId="0000000000786D00" bytes="97599352" />
</allocation-stats>
<gc-op id="1743" type="scavenge" timems="110.423" contextid="1740" timestamp="2020-09-11T10:44:59.028">
  <scavenger-info tenureage="3" tenuremask="7ff8" tiltratio="85" />
  <memory-copied type="nursery" objects="4196239" bytes="112740408" bytesdiscarded="289832" />
  <memory-copied type="tenure" objects="1143206" bytes="30768976" bytesdiscarded="14904" />
  <ownableSynchronizers candidates="15800" cleared="10164" />
  <references type="soft" candidates="3182" cleared="0" enqueued="0" dynamicThreshold="19" maxThreshold="32" />
  <references type="weak" candidates="129" cleared="129" enqueued="0" />
</gc-op>
<gc-end id="1744" type="scavenge" contextid="1740" durationms="111.525" usertimems="837.650" systemtimems="0.000" timestamp="2020-09-11T10:44:59.028" activeThreads="8">
  <mem-info id="1745" free="1414399112" total="2785804288" percent="50">
    <mem type="nursery" free="697753776" total="939524096" percent="74">
      <mem type="allocate" free="697753776" total="810876928" percent="86" />
      <mem type="survivor" free="0" total="128647168" percent="0" />
    </mem>
    <mem type="tenure" free="716645336" total="1846280192" percent="38" macro-fragmented="1310760">
      <mem type="soa" free="605867992" total="1735502848" percent="34" />
      <mem type="loa" free="110777344" total="110777344" percent="100" />
    </mem>
    <remembered-set count="31081" />
  </mem-info>
</gc-end>
<cycle-end id="1746" type="scavenge" contextid="1740" timestamp="2020-09-11T10:44:59.030" />
<allocation-satisfied id="1747" threadId="0000000000782C00" bytesRequested="88" />
<af-end id="1748" timestamp="2020-09-11T10:44:59.030" threadId="0000000000783580" success="true" from="nursery"/>
<exclusive-end id="1749" timestamp="2020-09-11T10:44:59.031" durationms="114.663" />

<exclusive-start id="1750" timestamp="2020-09-11T10:45:01.082" intervalms="2166.498">
  <response-info timems="0.335" idlems="0.335" threads="0" lastid="0000000000782C00" lastname="Group1.Backend.CompositeBackend{Tier1}.1" />
</exclusive-start>
<af-start id="1751" threadId="0000000000783580" totalBytesRequested="16" timestamp="2020-09-11T10:45:01.083" intervalms="2166.549" type="nursery" />
<cycle-start id="1752" type="scavenge" contextid="0" timestamp="2020-09-11T10:45:01.083" intervalms="2166.567" />
<gc-start id="1753" type="scavenge" contextid="1752" timestamp="2020-09-11T10:45:01.084">
  <mem-info id="1754" free="716645336" total="2785804288" percent="25">
    <mem type="nursery" free="0" total="939524096" percent="0">
      <mem type="allocate" free="0" total="810876928" percent="0" />
      <mem type="survivor" free="0" total="128647168" percent="0" />
    </mem>
    <mem type="tenure" free="716645336" total="1846280192" percent="38">
      <mem type="soa" free="605867992" total="1735502848" percent="34" />
      <mem type="loa" free="110777344" total="110777344" percent="100" />
    </mem>
    <remembered-set count="195723" />
  </mem-info>
</gc-start>
<allocation-stats totalBytes="697323912" >
  <allocated-bytes non-tlh="24390024" tlh="672933888" />
  <largest-consumer threadName="Group1.Backend.CompositeBackend{Tier1}.7" threadId="000000000087C200" bytes="103363168" />
</allocation-stats>
<gc-op id="1755" type="scavenge" timems="147.254" contextid="1752" timestamp="2020-09-11T10:45:01.231">
  <scavenger-info tenureage="3" tenuremask="7ff8" tiltratio="86" />
  <memory-copied type="nursery" objects="4175982" bytes="111663896" bytesdiscarded="289912" />
  <memory-copied type="tenure" objects="1057460" bytes="28448496" bytesdiscarded="15592" />
  <ownableSynchronizers candidates="15187" cleared="9966" />
  <references type="soft" candidates="3053" cleared="0" enqueued="0" dynamicThreshold="19" maxThreshold="32" />
  <references type="weak" candidates="112" cleared="112" enqueued="0" />
</gc-op>
<gc-end id="1756" type="scavenge" contextid="1752" durationms="150.722" usertimems="1030.332" systemtimems="31.965" timestamp="2020-09-11T10:45:01.234" activeThreads="8">
  <mem-info id="1757" free="1387728040" total="2785804288" percent="49">
    <mem type="nursery" free="699291896" total="939524096" percent="74">
      <mem type="allocate" free="699291896" total="811335680" percent="86" />
      <mem type="survivor" free="0" total="128188416" percent="0" />
    </mem>
    <mem type="tenure" free="688436144" total="1846280192" percent="37" macro-fragmented="0">
      <mem type="soa" free="577658800" total="1735502848" percent="33" />
      <mem type="loa" free="110777344" total="110777344" percent="100" />
    </mem>
    <remembered-set count="31573" />
  </mem-info>
</gc-end>
<cycle-end id="1758" type="scavenge" contextid="1752" timestamp="2020-09-11T10:45:01.241" />
<allocation-satisfied id="1759" threadId="0000000000782C00" bytesRequested="16" />
<af-end id="1760" timestamp="2020-09-11T10:45:01.241" threadId="0000000000783580" success="true" from="nursery"/>
<exclusive-end id="1761" timestamp="2020-09-11T10:45:01.241" durationms="158.490" />

<exclusive-start id="1762" timestamp="2020-09-11T10:45:03.064" intervalms="1981.319">
  <response-info timems="2.547" idlems="2.547" threads="0" lastid="0000000000782C00" lastname="Group1.Backend.CompositeBackend{Tier1}.1" />
</exclusive-start>
<af-start id="1763" threadId="0000000000783580" totalBytesRequested="24" timestamp="2020-09-11T10:45:03.064" intervalms="1981.256" type="nursery" />
<cycle-start id="1764" type="scavenge" contextid="0" timestamp="2020-09-11T10:45:03.064" intervalms="1981.261" />
<gc-start id="1765" type="scavenge" contextid="1764" timestamp="2020-09-11T10:45:03.065">
  <mem-info id="1766" free="688436144" total="2785804288" percent="24">
    <mem type="nursery" free="0" total="939524096" percent="0">
      <mem type="allocate" free="0" total="811335680" percent="0" />
      <mem type="survivor" free="0" total="128188416" percent="0" />
    </mem>
    <mem type="tenure" free="688436144" total="1846280192" percent="37">
      <mem type="soa" free="577658800" total="1735502848" percent="33" />
      <mem type="loa" free="110777344" total="110777344" percent="100" />
    </mem>
    <remembered-set count="190373" />
  </mem-info>
</gc-start>
<allocation-stats totalBytes="698912712" >
  <allocated-bytes non-tlh="37090432" tlh="661822280" />
  <largest-consumer threadName="Group1.Backend.CompositeBackend{Tier1}.2" threadId="0000000000786D00" bytes="95882208" />
</allocation-stats>
<gc-op id="1767" type="scavenge" timems="108.692" contextid="1764" timestamp="2020-09-11T10:45:03.173">
  <scavenger-info tenureage="3" tenuremask="7ff8" tiltratio="86" />
  <memory-copied type="nursery" objects="4012531" bytes="107855144" bytesdiscarded="211880" />
  <memory-copied type="tenure" objects="1135333" bytes="30543808" bytesdiscarded="13240" />
  <ownableSynchronizers candidates="14716" cleared="9702" />
  <references type="soft" candidates="2882" cleared="0" enqueued="0" dynamicThreshold="19" maxThreshold="32" />
  <references type="weak" candidates="123" cleared="122" enqueued="0" />
</gc-op>
<gc-end id="1768" type="scavenge" contextid="1764" durationms="110.043" usertimems="743.946" systemtimems="4.695" timestamp="2020-09-11T10:45:03.175" activeThreads="8">
  <mem-info id="1769" free="1361739752" total="2785804288" percent="48">
    <mem type="nursery" free="703839720" total="939524096" percent="74">
      <mem type="allocate" free="703839720" total="811991040" percent="86" />
      <mem type="survivor" free="0" total="127533056" percent="0" />
    </mem>
    <mem type="tenure" free="657900032" total="1846280192" percent="35" macro-fragmented="800016">
      <mem type="soa" free="547122688" total="1735502848" percent="31" />
      <mem type="loa" free="110777344" total="110777344" percent="100" />
    </mem>
    <remembered-set count="29506" />
  </mem-info>
</gc-end>
<cycle-end id="1770" type="scavenge" contextid="1764" timestamp="2020-09-11T10:45:03.175" />
<allocation-satisfied id="1771" threadId="0000000000782C00" bytesRequested="24" />
<af-end id="1772" timestamp="2020-09-11T10:45:03.175" threadId="0000000000783580" success="true" from="nursery"/>
<exclusive-end id="1773" timestamp="2020-09-11T10:45:03.175" durationms="111.653" />

<exclusive-start id="1774" timestamp="2020-09-11T10:45:05.146" intervalms="2081.986">
  <response-info timems="0.248" idlems="0.248" threads="0" lastid="0000000000846D00" lastname="Group1.Backend.CompositeBackend{Tier1}.5" />
</exclusive-start>
<af-start id="1775" threadId="0000000000847680" totalBytesRequested="16" timestamp="2020-09-11T10:45:05.146" intervalms="2081.956" type="nursery" />
<cycle-start id="1776" type="scavenge" contextid="0" timestamp="2020-09-11T10:45:05.146" intervalms="2081.930" />
<gc-start id="1777" type="scavenge" contextid="1776" timestamp="2020-09-11T10:45:05.147">
  <mem-info id="1778" free="657900032" total="2785804288" percent="23">
    <mem type="nursery" free="0" total="939524096" percent="0">
      <mem type="allocate" free="0" total="811991040" percent="0" />
      <mem type="survivor" free="0" total="127533056" percent="0" />
    </mem>
    <mem type="tenure" free="657900032" total="1846280192" percent="35">
      <mem type="soa" free="547122688" total="1735502848" percent="31" />
      <mem type="loa" free="110777344" total="110777344" percent="100" />
    </mem>
    <remembered-set count="193385" />
  </mem-info>
</gc-start>
<allocation-stats totalBytes="703458344" >
  <allocated-bytes non-tlh="30461368" tlh="672996976" />
  <largest-consumer threadName="Group1.Backend.CompositeBackend{Tier1}.4" threadId="0000000000845A00" bytes="108772552" />
</allocation-stats>
<gc-op id="1779" type="scavenge" timems="108.611" contextid="1776" timestamp="2020-09-11T10:45:05.255">
  <scavenger-info tenureage="3" tenuremask="7ff8" tiltratio="86" />
  <memory-copied type="nursery" objects="4153489" bytes="111361800" bytesdiscarded="452512" />
  <memory-copied type="tenure" objects="1060860" bytes="28549320" bytesdiscarded="27312" />
  <ownableSynchronizers candidates="13867" cleared="9141" />
  <references type="soft" candidates="2794" cleared="0" enqueued="0" dynamicThreshold="19" maxThreshold="32" />
  <references type="weak" candidates="108" cleared="108" enqueued="0" />
</gc-op>
<gc-end id="1780" type="scavenge" contextid="1776" durationms="109.751" usertimems="845.372" systemtimems="0.000" timestamp="2020-09-11T10:45:05.256" activeThreads="8">
  <mem-info id="1781" free="1328914216" total="2785804288" percent="47">
    <mem type="nursery" free="699824632" total="939524096" percent="74">
      <mem type="allocate" free="699824632" total="811728896" percent="86" />
      <mem type="survivor" free="0" total="127795200" percent="0" />
    </mem>
    <mem type="tenure" free="629089584" total="1846280192" percent="34" macro-fragmented="3732887">
      <mem type="soa" free="518312240" total="1735502848" percent="29" />
      <mem type="loa" free="110777344" total="110777344" percent="100" />
    </mem>
    <remembered-set count="31107" />
  </mem-info>
</gc-end>
<cycle-end id="1782" type="scavenge" contextid="1776" timestamp="2020-09-11T10:45:05.257" />
<allocation-satisfied id="1783" threadId="0000000000846D00" bytesRequested="16" />
<af-end id="1784" timestamp="2020-09-11T10:45:05.257" threadId="0000000000847680" success="true" from="nursery"/>
<exclusive-end id="1785" timestamp="2020-09-11T10:45:05.257" durationms="111.307" />

<exclusive-start id="1786" timestamp="2020-09-11T10:45:07.230" intervalms="2084.129">
  <response-info timems="0.305" idlems="0.156" threads="1" lastid="0000000000844E00" lastname="Group1.Backend.CompositeBackend{Tier1}.3" />
</exclusive-start>
<af-start id="1787" threadId="0000000000846380" totalBytesRequested="16" timestamp="2020-09-11T10:45:07.231" intervalms="2084.294" type="nursery" />
<cycle-start id="1788" type="scavenge" contextid="0" timestamp="2020-09-11T10:45:07.231" intervalms="2084.347" />
<gc-start id="1789" type="scavenge" contextid="1788" timestamp="2020-09-11T10:45:07.231">
  <mem-info id="1790" free="629089584" total="2785804288" percent="22">
    <mem type="nursery" free="0" total="939524096" percent="0">
      <mem type="allocate" free="0" total="811728896" percent="0" />
      <mem type="survivor" free="0" total="127795200" percent="0" />
    </mem>
    <mem type="tenure" free="629089584" total="1846280192" percent="34">
      <mem type="soa" free="518312240" total="1735502848" percent="29" />
      <mem type="loa" free="110777344" total="110777344" percent="100" />
    </mem>
    <remembered-set count="192601" />
  </mem-info>
</gc-start>
<allocation-stats totalBytes="699412592" >
  <allocated-bytes non-tlh="34976440" tlh="664436152" />
  <largest-consumer threadName="Group1.Backend.CompositeBackend{Tier1}.1" threadId="0000000000782C00" bytes="98772880" />
</allocation-stats>
<gc-op id="1791" type="scavenge" timems="117.220" contextid="1788" timestamp="2020-09-11T10:45:07.348">
  <scavenger-info tenureage="3" tenuremask="7ff8" tiltratio="86" />
  <memory-copied type="nursery" objects="4032595" bytes="108294840" bytesdiscarded="255208" />
  <memory-copied type="tenure" objects="1158905" bytes="31202208" bytesdiscarded="20656" />
  <ownableSynchronizers candidates="12745" cleared="8250" />
  <references type="soft" candidates="2635" cleared="0" enqueued="0" dynamicThreshold="19" maxThreshold="32" />
  <references type="weak" candidates="109" cleared="108" enqueued="0" />
</gc-op>
<gc-end id="1792" type="scavenge" contextid="1788" durationms="118.240" usertimems="904.666" systemtimems="0.000" timestamp="2020-09-11T10:45:07.349" activeThreads="8">
  <mem-info id="1793" free="1301658568" total="2785804288" percent="46">
    <mem type="nursery" free="703746048" total="939524096" percent="74">
      <mem type="allocate" free="703746048" total="812384256" percent="86" />
      <mem type="survivor" free="0" total="127139840" percent="0" />
    </mem>
    <mem type="tenure" free="597912520" total="1846280192" percent="32" macro-fragmented="0">
      <mem type="soa" free="487135176" total="1735502848" percent="28" />
      <mem type="loa" free="110777344" total="110777344" percent="100" />
    </mem>
    <remembered-set count="32089" />
  </mem-info>
</gc-end>
<cycle-end id="1794" type="scavenge" contextid="1788" timestamp="2020-09-11T10:45:07.350" />
<allocation-satisfied id="1795" threadId="0000000000845A00" bytesRequested="16" />
<af-end id="1796" timestamp="2020-09-11T10:45:07.350" threadId="0000000000846380" success="true" from="nursery"/>
<exclusive-end id="1797" timestamp="2020-09-11T10:45:07.350" durationms="120.481" />

<exclusive-start id="1798" timestamp="2020-09-11T10:45:09.303" intervalms="2073.162">
  <response-info timems="0.558" idlems="0.392" threads="1" lastid="0000000000786D00" lastname="Group1.Backend.CompositeBackend{Tier1}.2" />
</exclusive-start>
<af-start id="1799" threadId="0000000000A12080" totalBytesRequested="56" timestamp="2020-09-11T10:45:09.304" intervalms="2073.072" type="nursery" />
<cycle-start id="1800" type="scavenge" contextid="0" timestamp="2020-09-11T10:45:09.304" intervalms="2073.024" />
<gc-start id="1801" type="scavenge" contextid="1800" timestamp="2020-09-11T10:45:09.304">
  <mem-info id="1802" free="597912520" total="2785804288" percent="21">
    <mem type="nursery" free="0" total="939524096" percent="0">
      <mem type="allocate" free="0" total="812384256" percent="0" />
      <mem type="survivor" free="0" total="127139840" percent="0" />
    </mem>
    <mem type="tenure" free="597912520" total="1846280192" percent="32">
      <mem type="soa" free="487135176" total="1735502848" percent="28" />
      <mem type="loa" free="110777344" total="110777344" percent="100" />
    </mem>
    <remembered-set count="193567" />
  </mem-info>
</gc-start>
<allocation-stats totalBytes="703355424" >
  <allocated-bytes non-tlh="34088232" tlh="669267192" />
  <largest-consumer threadName="Group1.Backend.CompositeBackend{Tier1}.8" threadId="00000000008AA200" bytes="94868160" />
</allocation-stats>
<gc-op id="1803" type="scavenge" timems="113.823" contextid="1800" timestamp="2020-09-11T10:45:09.418">
  <scavenger-info tenureage="3" tenuremask="7ff8" tiltratio="86" />
  <memory-copied type="nursery" objects="4274955" bytes="113693552" bytesdiscarded="230024" />
  <memory-copied type="tenure" objects="1068478" bytes="28755856" bytesdiscarded="24360" />
  <ownableSynchronizers candidates="11833" cleared="7623" />
  <references type="soft" candidates="2452" cleared="0" enqueued="0" dynamicThreshold="19" maxThreshold="32" />
  <references type="weak" candidates="112" cleared="112" enqueued="0" />
</gc-op>
<gc-end id="1804" type="scavenge" contextid="1800" durationms="114.724" usertimems="848.800" systemtimems="8.956" timestamp="2020-09-11T10:45:09.419" activeThreads="8">
  <mem-info id="1805" free="1262513120" total="2785804288" percent="45">
    <mem type="nursery" free="693323256" total="939524096" percent="73">
      <mem type="allocate" free="693323256" total="807337984" percent="85" />
      <mem type="survivor" free="0" total="132186112" percent="0" />
    </mem>
    <mem type="tenure" free="569189864" total="1846280192" percent="30" macro-fragmented="2621480">
      <mem type="soa" free="458412520" total="1735502848" percent="26" />
      <mem type="loa" free="110777344" total="110777344" percent="100" />
    </mem>
    <remembered-set count="32609" />
  </mem-info>
</gc-end>
<cycle-end id="1806" type="scavenge" contextid="1800" timestamp="2020-09-11T10:45:09.420" />
<allocation-satisfied id="1807" threadId="0000000000A11700" bytesRequested="56" />
<af-end id="1808" timestamp="2020-09-11T10:45:09.421" threadId="0000000000A12080" success="true" from="nursery"/>
<exclusive-end id="1809" timestamp="2020-09-11T10:45:09.421" durationms="117.628" />

<exclusive-start id="1810" timestamp="2020-09-11T10:45:11.418" intervalms="2114.725">
  <response-info timems="0.516" idlems="0.516" threads="0" lastid="0000000000786D00" lastname="Group1.Backend.CompositeBackend{Tier1}.2" />
</exclusive-start>
<af-start id="1811" threadId="0000000000787680" totalBytesRequested="16" timestamp="2020-09-11T10:45:11.419" intervalms="2114.941" type="nursery" />
<cycle-start id="1812" type="scavenge" contextid="0" timestamp="2020-09-11T10:45:11.419" intervalms="2114.966" />
<gc-start id="1813" type="scavenge" contextid="1812" timestamp="2020-09-11T10:45:11.420">
  <mem-info id="1814" free="569189864" total="2785804288" percent="20">
    <mem type="nursery" free="0" total="939524096" percent="0">
      <mem type="allocate" free="0" total="807337984" percent="0" />
      <mem type="survivor" free="0" total="132186112" percent="0" />
    </mem>
    <mem type="tenure" free="569189864" total="1846280192" percent="30">
      <mem type="soa" free="458412520" total="1735502848" percent="26" />
      <mem type="loa" free="110777344" total="110777344" percent="100" />
    </mem>
    <remembered-set count="195985" />
  </mem-info>
</gc-start>
<allocation-stats totalBytes="692912072" >
  <allocated-bytes non-tlh="30266472" tlh="662645600" />
  <largest-consumer threadName="Group1.Backend.CompositeBackend{Tier1}.4" threadId="0000000000845A00" bytes="89221616" />
</allocation-stats>
<gc-op id="1815" type="scavenge" timems="115.959" contextid="1812" timestamp="2020-09-11T10:45:11.536">
  <scavenger-info tenureage="3" tenuremask="7ff8" tiltratio="85" />
  <memory-copied type="nursery" objects="4092177" bytes="109847648" bytesdiscarded="156720" />
  <memory-copied type="tenure" objects="1101735" bytes="29642408" bytesdiscarded="30672" />
  <ownableSynchronizers candidates="12060" cleared="8052" />
  <references type="soft" candidates="2349" cleared="0" enqueued="0" dynamicThreshold="19" maxThreshold="32" />
  <references type="weak" candidates="127" cleared="127" enqueued="0" />
</gc-op>
<gc-end id="1816" type="scavenge" contextid="1812" durationms="117.119" usertimems="820.754" systemtimems="3.559" timestamp="2020-09-11T10:45:11.537" activeThreads="8">
  <mem-info id="1817" free="1237762928" total="2785804288" percent="44">
    <mem type="nursery" free="698221312" total="939524096" percent="74">
      <mem type="allocate" free="698221312" total="808321024" percent="86" />
      <mem type="survivor" free="0" total="131203072" percent="0" />
    </mem>
    <mem type="tenure" free="539541616" total="1846280192" percent="29" macro-fragmented="0">
      <mem type="soa" free="428764272" total="1735502848" percent="24" />
      <mem type="loa" free="110777344" total="110777344" percent="100" />
    </mem>
    <remembered-set count="32440" />
  </mem-info>
</gc-end>
<cycle-end id="1818" type="scavenge" contextid="1812" timestamp="2020-09-11T10:45:11.539" />
<allocation-satisfied id="1819" threadId="0000000000786D00" bytesRequested="16" />
<af-end id="1820" timestamp="2020-09-11T10:45:11.539" threadId="0000000000787680" success="true" from="nursery"/>
<exclusive-end id="1821" timestamp="2020-09-11T10:45:11.539" durationms="121.609" />

<exclusive-start id="1822" timestamp="2020-09-11T10:45:13.460" intervalms="2042.129">
  <response-info timems="0.305" idlems="0.305" threads="0" lastid="0000000000844E00" lastname="Group1.Backend.CompositeBackend{Tier1}.3" />
</exclusive-start>
<af-start id="1823" threadId="0000000000845780" totalBytesRequested="1032" timestamp="2020-09-11T10:45:13.460" intervalms="2041.886" type="nursery" />
<cycle-start id="1824" type="scavenge" contextid="0" timestamp="2020-09-11T10:45:13.461" intervalms="2041.865" />
<gc-start id="1825" type="scavenge" contextid="1824" timestamp="2020-09-11T10:45:13.462">
  <mem-info id="1826" free="539541616" total="2785804288" percent="19">
    <mem type="nursery" free="0" total="939524096" percent="0">
      <mem type="allocate" free="0" total="808321024" percent="0" />
      <mem type="survivor" free="0" total="131203072" percent="0" />
    </mem>
    <mem type="tenure" free="539541616" total="1846280192" percent="29">
      <mem type="soa" free="428764272" total="1735502848" percent="24" />
      <mem type="loa" free="110777344" total="110777344" percent="100" />
    </mem>
    <remembered-set count="192974" />
  </mem-info>
</gc-start>
<allocation-stats totalBytes="697821616" >
  <allocated-bytes non-tlh="32373416" tlh="665448200" />
  <largest-consumer threadName="Group1.Backend.CompositeBackend{Tier1}.5" threadId="0000000000846D00" bytes="92449272" />
</allocation-stats>
<gc-op id="1827" type="scavenge" timems="112.453" contextid="1824" timestamp="2020-09-11T10:45:13.574">
  <scavenger-info tenureage="3" tenuremask="7ff8" tiltratio="86" />
  <memory-copied type="nursery" objects="4124915" bytes="110479888" bytesdiscarded="233008" />
  <memory-copied type="tenure" objects="1085721" bytes="29185104" bytesdiscarded="30888" />
  <ownableSynchronizers candidates="11447" cleared="7623" />
  <references type="soft" candidates="2310" cleared="0" enqueued="0" dynamicThreshold="19" maxThreshold="32" />
  <references type="weak" candidates="118" cleared="118" enqueued="0" />
</gc-op>
<gc-end id="1828" type="scavenge" contextid="1824" durationms="114.240" usertimems="803.989" systemtimems="2.575" timestamp="2020-09-11T10:45:13.575" activeThreads="8">
  <mem-info id="1829" free="1209070488" total="2785804288" percent="43">
    <mem type="nursery" free="698833400" total="939524096" percent="74">
      <mem type="allocate" free="698833400" total="809631744" percent="86" />
      <mem type="survivor" free="0" total="129892352" percent="0" />
    </mem>
    <mem type="tenure" free="510237088" total="1846280192" percent="27" macro-fragmented="0">
      <mem type="soa" free="399459744" total="1735502848" percent="23" />
      <mem type="loa" free="110777344" total="110777344" percent="100" />
    </mem>
    <remembered-set count="30178" />
  </mem-info>
</gc-end>
<cycle-end id="1830" type="scavenge" contextid="1824" timestamp="2020-09-11T10:45:13.576" />
<allocation-satisfied id="1831" threadId="0000000000844E00" bytesRequested="1032" />
<af-end id="1832" timestamp="2020-09-11T10:45:13.576" threadId="0000000000845780" success="true" from="nursery"/>
<exclusive-end id="1833" timestamp="2020-09-11T10:45:13.576" durationms="115.936" />

<exclusive-start id="1834" timestamp="2020-09-11T10:45:15.544" intervalms="2083.725">
  <response-info timems="1.040" idlems="1.040" threads="0" lastid="00000000008AA200" lastname="Group1.Backend.CompositeBackend{Tier1}.8" />
</exclusive-start>
<af-start id="1835" threadId="00000000008AAB80" totalBytesRequested="24" timestamp="2020-09-11T10:45:15.544" intervalms="2083.832" type="nursery" />
<cycle-start id="1836" type="scavenge" contextid="0" timestamp="2020-09-11T10:45:15.544" intervalms="2083.840" />
<gc-start id="1837" type="scavenge" contextid="1836" timestamp="2020-09-11T10:45:15.545">
  <mem-info id="1838" free="510235088" total="2785804288" percent="18">
    <mem type="nursery" free="0" total="939524096" percent="0">
      <mem type="allocate" free="0" total="809631744" percent="0" />
      <mem type="survivor" free="0" total="129892352" percent="0" />
    </mem>
    <mem type="tenure" free="510235088" total="1846280192" percent="27">
      <mem type="soa" free="399457744" total="1735502848" percent="23" />
      <mem type="loa" free="110777344" total="110777344" percent="100" />
    </mem>
    <remembered-set count="192216" />
  </mem-info>
</gc-start>
<allocation-stats totalBytes="698416664" >
  <allocated-bytes non-tlh="30812152" tlh="667604512" />
  <largest-consumer threadName="Group1.Backend.CompositeBackend{Tier1}.5" threadId="0000000000846D00" bytes="96829488" />
</allocation-stats>
<gc-op id="1839" type="scavenge" timems="104.330" contextid="1836" timestamp="2020-09-11T10:45:15.649">
  <scavenger-info tenureage="3" tenuremask="7ff8" tiltratio="86" />
  <memory-copied type="nursery" objects="4107057" bytes="110398232" bytesdiscarded="424648" />
  <memory-copied type="tenure" objects="1085254" bytes="29211336" bytesdiscarded="31416" />
  <ownableSynchronizers candidates="18430" cleared="14484" />
  <references type="soft" candidates="2343" cleared="0" enqueued="0" dynamicThreshold="19" maxThreshold="32" />
  <references type="weak" candidates="130" cleared="123" enqueued="1" />
</gc-op>
<gc-end id="1840" type="scavenge" contextid="1836" durationms="105.355" usertimems="813.818" systemtimems="5.236" timestamp="2020-09-11T10:45:15.650" activeThreads="8">
  <mem-info id="1841" free="1180908584" total="2785804288" percent="42">
    <mem type="nursery" free="699963840" total="939524096" percent="74">
      <mem type="allocate" free="699963840" total="810876928" percent="86" />
      <mem type="survivor" free="0" total="128647168" percent="0" />
    </mem>
    <mem type="tenure" free="480944744" total="1846280192" percent="26" macro-fragmented="0">
      <mem type="soa" free="370167400" total="1735502848" percent="21" />
      <mem type="loa" free="110777344" total="110777344" percent="100" />
    </mem>
    <pending-finalizers system="0" default="0" reference="1" classloader="0" />
    <remembered-set count="30583" />
  </mem-info>
</gc-end>
<cycle-end id="1842" type="scavenge" contextid="1836" timestamp="2020-09-11T10:45:15.652" />
<allocation-satisfied id="1843" threadId="00000000008AA200" bytesRequested="24" />
<af-end id="1844" timestamp="2020-09-11T10:45:15.652" threadId="00000000008AAB80" success="true" from="nursery"/>
<exclusive-end id="1845" timestamp="2020-09-11T10:45:15.652" durationms="108.769" />

<exclusive-start id="1846" timestamp="2020-09-11T10:45:17.522" intervalms="1978.430">
  <response-info timems="0.455" idlems="0.455" threads="0" lastid="000000000087C200" lastname="Group1.Backend.CompositeBackend{Tier1}.7" />
</exclusive-start>
<af-start id="1847" threadId="000000000087CB80" totalBytesRequested="8200" timestamp="2020-09-11T10:45:17.523" intervalms="1978.314" type="nursery" />
<cycle-start id="1848" type="scavenge" contextid="0" timestamp="2020-09-11T10:45:17.523" intervalms="1978.297" />
<gc-start id="1849" type="scavenge" contextid="1848" timestamp="2020-09-11T10:45:17.523">
  <mem-info id="1850" free="480944744" total="2785804288" percent="17">
    <mem type="nursery" free="0" total="939524096" percent="0">
      <mem type="allocate" free="0" total="810876928" percent="0" />
      <mem type="survivor" free="0" total="128647168" percent="0" />
    </mem>
    <mem type="tenure" free="480944744" total="1846280192" percent="26">
      <mem type="soa" free="370167400" total="1735502848" percent="21" />
      <mem type="loa" free="110777344" total="110777344" percent="100" />
    </mem>
    <remembered-set count="191794" />
  </mem-info>
</gc-start>
<allocation-stats totalBytes="699568504" >
  <allocated-bytes non-tlh="33513960" tlh="666054544" />
  <largest-consumer threadName="Group1.Backend.CompositeBackend{Tier1}.4" threadId="0000000000845A00" bytes="92859264" />
</allocation-stats>
<gc-op id="1851" type="scavenge" timems="109.332" contextid="1848" timestamp="2020-09-11T10:45:17.633">
  <scavenger-info tenureage="3" tenuremask="7ff8" tiltratio="86" />
  <memory-copied type="nursery" objects="4272613" bytes="113950536" bytesdiscarded="356216" />
  <memory-copied type="tenure" objects="1127729" bytes="30347024" bytesdiscarded="35856" />
  <ownableSynchronizers candidates="18581" cleared="14476" />
  <references type="soft" candidates="2275" cleared="0" enqueued="0" dynamicThreshold="19" maxThreshold="32" />
  <references type="weak" candidates="121" cleared="113" enqueued="0" />
</gc-op>
<gc-end id="1852" type="scavenge" contextid="1848" durationms="110.331" usertimems="854.984" systemtimems="5.011" timestamp="2020-09-11T10:45:17.633" activeThreads="8">
  <mem-info id="1853" free="1144748936" total="2785804288" percent="41">
    <mem type="nursery" free="694124984" total="939524096" percent="73">
      <mem type="allocate" free="694124984" total="808517632" percent="85" />
      <mem type="survivor" free="0" total="131006464" percent="0" />
    </mem>
    <mem type="tenure" free="450623952" total="1846280192" percent="24" macro-fragmented="0">
      <mem type="soa" free="339846608" total="1735502848" percent="19" />
      <mem type="loa" free="110777344" total="110777344" percent="100" />
    </mem>
    <remembered-set count="31346" />
  </mem-info>
</gc-end>
<cycle-end id="1854" type="scavenge" contextid="1848" timestamp="2020-09-11T10:45:17.634" />
<allocation-satisfied id="1855" threadId="000000000087C200" bytesRequested="8200" />
<af-end id="1856" timestamp="2020-09-11T10:45:17.634" threadId="000000000087CB80" success="true" from="nursery"/>
<exclusive-end id="1857" timestamp="2020-09-11T10:45:17.635" durationms="112.601" />

<exclusive-start id="1858" timestamp="2020-09-11T10:45:19.573" intervalms="2050.651">
  <response-info timems="0.347" idlems="0.347" threads="0" lastid="0000000000844E00" lastname="Group1.Backend.CompositeBackend{Tier1}.3" />
</exclusive-start>
<af-start id="1859" threadId="0000000000845780" totalBytesRequested="16" timestamp="2020-09-11T10:45:19.573" intervalms="2050.625" type="nursery" />
<cycle-start id="1860" type="scavenge" contextid="0" timestamp="2020-09-11T10:45:19.573" intervalms="2050.655" />
<gc-start id="1861" type="scavenge" contextid="1860" timestamp="2020-09-11T10:45:19.574">
  <mem-info id="1862" free="450623952" total="2785804288" percent="16">
    <mem type="nursery" free="0" total="939524096" percent="0">
      <mem type="allocate" free="0" total="808517632" percent="0" />
      <mem type="survivor" free="0" total="131006464" percent="0" />
    </mem>
    <mem type="tenure" free="450623952" total="1846280192" percent="24">
      <mem type="soa" free="339846608" total="1735502848" percent="19" />
      <mem type="loa" free="110777344" total="110777344" percent="100" />
    </mem>
    <remembered-set count="193380" />
  </mem-info>
</gc-start>
<allocation-stats totalBytes="693738056" >
  <allocated-bytes non-tlh="32009152" tlh="661728904" />
  <largest-consumer threadName="Group1.Backend.CompositeBackend{Tier1}.4" threadId="0000000000845A00" bytes="89690248" />
</allocation-stats>
<gc-op id="1863" type="scavenge" timems="119.434" contextid="1860" timestamp="2020-09-11T10:45:19.693">
  <scavenger-info tenureage="3" tenuremask="7ff8" tiltratio="86" />
  <memory-copied type="nursery" objects="4411991" bytes="116791720" bytesdiscarded="191928" />
  <memory-copied type="tenure" objects="1087310" bytes="29261304" bytesdiscarded="27536" />
  <ownableSynchronizers candidates="17193" cleared="13136" />
  <references type="soft" candidates="2164" cleared="0" enqueued="0" dynamicThreshold="19" maxThreshold="32" />
  <references type="weak" candidates="122" cleared="115" enqueued="0" />
</gc-op>
<gc-end id="1864" type="scavenge" contextid="1860" durationms="120.326" usertimems="869.254" systemtimems="9.272" timestamp="2020-09-11T10:45:19.694" activeThreads="8">
  <mem-info id="1865" free="1110393376" total="2785804288" percent="39">
    <mem type="nursery" free="689020736" total="939524096" percent="73">
      <mem type="allocate" free="689020736" total="806092800" percent="85" />
      <mem type="survivor" free="0" total="133431296" percent="0" />
    </mem>
    <mem type="tenure" free="421372640" total="1846280192" percent="22" macro-fragmented="0">
      <mem type="soa" free="310595296" total="1735502848" percent="17" />
      <mem type="loa" free="110777344" total="110777344" percent="100" />
    </mem>
    <remembered-set count="33478" />
  </mem-info>
</gc-end>
<cycle-end id="1866" type="scavenge" contextid="1860" timestamp="2020-09-11T10:45:19.697" />
<allocation-satisfied id="1867" threadId="0000000000844E00" bytesRequested="16" />
<af-end id="1868" timestamp="2020-09-11T10:45:19.697" threadId="0000000000845780" success="true" from="nursery"/>
<exclusive-end id="1869" timestamp="2020-09-11T10:45:19.697" durationms="124.135" />

<exclusive-start id="1870" timestamp="2020-09-11T10:45:21.705" intervalms="2132.438">
  <response-info timems="1.579" idlems="1.579" threads="0" lastid="0000000000782C00" lastname="Group1.Backend.CompositeBackend{Tier1}.1" />
</exclusive-start>
<af-start id="1871" threadId="0000000000783580" totalBytesRequested="16" timestamp="2020-09-11T10:45:21.706" intervalms="2132.702" type="nursery" />
<cycle-start id="1872" type="scavenge" contextid="0" timestamp="2020-09-11T10:45:21.706" intervalms="2132.722" />
<gc-start id="1873" type="scavenge" contextid="1872" timestamp="2020-09-11T10:45:21.707">
  <mem-info id="1874" free="421372640" total="2785804288" percent="15">
    <mem type="nursery" free="0" total="939524096" percent="0">
      <mem type="allocate" free="0" total="806092800" percent="0" />
      <mem type="survivor" free="0" total="133431296" percent="0" />
    </mem>
    <mem type="tenure" free="421372640" total="1846280192" percent="22">
      <mem type="soa" free="310595296" total="1735502848" percent="17" />
      <mem type="loa" free="110777344" total="110777344" percent="100" />
    </mem>
    <remembered-set count="200242" />
  </mem-info>
</gc-start>
<allocation-stats totalBytes="688628096" >
  <allocated-bytes non-tlh="24029064" tlh="664599032" />
  <largest-consumer threadName="Group1.Backend.CompositeBackend{Tier1}.7" threadId="000000000087C200" bytes="112532768" />
</allocation-stats>
<gc-op id="1875" type="scavenge" timems="129.725" contextid="1872" timestamp="2020-09-11T10:45:21.836">
  <scavenger-info tenureage="3" tenuremask="7ff8" tiltratio="85" />
  <memory-copied type="nursery" objects="4128546" bytes="110712080" bytesdiscarded="182528" />
  <memory-copied type="tenure" objects="1086833" bytes="29385416" bytesdiscarded="44368" />
  <ownableSynchronizers candidates="18835" cleared="14666" />
  <references type="soft" candidates="2100" cleared="0" enqueued="0" dynamicThreshold="19" maxThreshold="32" />
  <references type="weak" candidates="99" cleared="99" enqueued="0" />
</gc-op>
<gc-end id="1876" type="scavenge" contextid="1872" durationms="130.983" usertimems="886.849" systemtimems="12.036" timestamp="2020-09-11T10:45:21.837" activeThreads="8">
  <mem-info id="1877" free="1087609376" total="2785804288" percent="39">
    <mem type="nursery" free="695628032" total="939524096" percent="74">
      <mem type="allocate" free="695628032" total="806617088" percent="86" />
      <mem type="survivor" free="0" total="132907008" percent="0" />
    </mem>
    <mem type="tenure" free="391981344" total="1846280192" percent="21" macro-fragmented="0">
      <mem type="soa" free="281204000" total="1735502848" percent="16" />
      <mem type="loa" free="110777344" total="110777344" percent="100" />
    </mem>
    <remembered-set count="34314" />
  </mem-info>
</gc-end>
<cycle-end id="1878" type="scavenge" contextid="1872" timestamp="2020-09-11T10:45:21.840" />
<allocation-satisfied id="1879" threadId="0000000000782C00" bytesRequested="16" />
<af-end id="1880" timestamp="2020-09-11T10:45:21.840" threadId="0000000000783580" success="true" from="nursery"/>
<exclusive-end id="1881" timestamp="2020-09-11T10:45:21.840" durationms="134.699" />

<exclusive-start id="1882" timestamp="2020-09-11T10:45:23.719" intervalms="2014.433">
  <response-info timems="4.475" idlems="4.475" threads="0" lastid="0000000000846D00" lastname="Group1.Backend.CompositeBackend{Tier1}.5" />
</exclusive-start>
<af-start id="1883" threadId="0000000000847680" totalBytesRequested="16" timestamp="2020-09-11T10:45:23.720" intervalms="2014.350" type="nursery" />
<cycle-start id="1884" type="scavenge" contextid="0" timestamp="2020-09-11T10:45:23.720" intervalms="2014.328" />
<gc-start id="1885" type="scavenge" contextid="1884" timestamp="2020-09-11T10:45:23.721">
  <mem-info id="1886" free="391981344" total="2785804288" percent="14">
    <mem type="nursery" free="0" total="939524096" percent="0">
      <mem type="allocate" free="0" total="806617088" percent="0" />
      <mem type="survivor" free="0" total="132907008" percent="0" />
    </mem>
    <mem type="tenure" free="391981344" total="1846280192" percent="21">
      <mem type="soa" free="281204000" total="1735502848" percent="16" />
      <mem type="loa" free="110777344" total="110777344" percent="100" />
    </mem>
    <remembered-set count="195332" />
  </mem-info>
</gc-start>
<allocation-stats totalBytes="695239240" >
  <allocated-bytes non-tlh="35034608" tlh="660204632" />
  <largest-consumer threadName="Group1.Backend.CompositeBackend{Tier1}.7" threadId="000000000087C200" bytes="110740240" />
</allocation-stats>
<gc-op id="1887" type="scavenge" timems="99.174" contextid="1884" timestamp="2020-09-11T10:45:23.820">
  <scavenger-info tenureage="3" tenuremask="7ff8" tiltratio="85" />
  <memory-copied type="nursery" objects="4089921" bytes="109704408" bytesdiscarded="223088" />
  <memory-copied type="tenure" objects="1089324" bytes="29314328" bytesdiscarded="35360" />
  <ownableSynchronizers candidates="16809" cleared="12851" />
  <references type="soft" candidates="2023" cleared="0" enqueued="0" dynamicThreshold="19" maxThreshold="32" />
  <references type="weak" candidates="117" cleared="117" enqueued="0" />
</gc-op>
<gc-end id="1888" type="scavenge" contextid="1884" durationms="100.303" usertimems="764.120" systemtimems="0.000" timestamp="2020-09-11T10:45:23.821" activeThreads="8">
  <mem-info id="1889" free="1060999480" total="2785804288" percent="38">
    <mem type="nursery" free="698367488" total="939524096" percent="74">
      <mem type="allocate" free="698367488" total="808386560" percent="86" />
      <mem type="survivor" free="0" total="131137536" percent="0" />
    </mem>
    <mem type="tenure" free="362631992" total="1846280192" percent="19" macro-fragmented="0">
      <mem type="soa" free="251854648" total="1735502848" percent="14" />
      <mem type="loa" free="110777344" total="110777344" percent="100" />
    </mem>
    <remembered-set count="34574" />
  </mem-info>
</gc-end>
<cycle-end id="1890" type="scavenge" contextid="1884" timestamp="2020-09-11T10:45:23.822" />
<allocation-satisfied id="1891" threadId="0000000000846D00" bytesRequested="16" />
<af-end id="1892" timestamp="2020-09-11T10:45:23.822" threadId="0000000000847680" success="true" from="nursery"/>
<exclusive-end id="1893" timestamp="2020-09-11T10:45:23.823" durationms="103.264" />

<exclusive-start id="1894" timestamp="2020-09-11T10:45:25.726" intervalms="2006.092">
  <response-info timems="0.692" idlems="0.535" threads="1" lastid="0000000000782C00" lastname="Group1.Backend.CompositeBackend{Tier1}.1" />
</exclusive-start>
<af-start id="1895" threadId="0000000000787680" totalBytesRequested="16" timestamp="2020-09-11T10:45:25.727" intervalms="2006.256" type="nursery" />
<cycle-start id="1896" type="scavenge" contextid="0" timestamp="2020-09-11T10:45:25.727" intervalms="2006.253" />
<gc-start id="1897" type="scavenge" contextid="1896" timestamp="2020-09-11T10:45:25.727">
  <mem-info id="1898" free="362631992" total="2785804288" percent="13">
    <mem type="nursery" free="0" total="939524096" percent="0">
      <mem type="allocate" free="0" total="808386560" percent="0" />
      <mem type="survivor" free="0" total="131137536" percent="0" />
    </mem>
    <mem type="tenure" free="362631992" total="1846280192" percent="19">
      <mem type="soa" free="251854648" total="1735502848" percent="14" />
      <mem type="loa" free="110777344" total="110777344" percent="100" />
    </mem>
    <remembered-set count="194277" />
  </mem-info>
</gc-start>
<allocation-stats totalBytes="697940376" >
  <allocated-bytes non-tlh="36961864" tlh="660978512" />
  <largest-consumer threadName="Group1.Backend.CompositeBackend{Tier1}.5" threadId="0000000000846D00" bytes="101922808" />
</allocation-stats>
<gc-op id="1899" type="scavenge" timems="140.335" contextid="1896" timestamp="2020-09-11T10:45:25.868">
  <scavenger-info tenureage="3" tenuremask="7ff8" tiltratio="86" />
  <memory-copied type="nursery" objects="4278519" bytes="114212288" bytesdiscarded="404992" />
  <memory-copied type="tenure" objects="1085003" bytes="29175928" bytesdiscarded="39800" />
  <ownableSynchronizers candidates="14157" cleared="10481" />
  <references type="soft" candidates="1909" cleared="0" enqueued="0" dynamicThreshold="19" maxThreshold="32" />
  <references type="weak" candidates="118" cleared="118" enqueued="0" />
</gc-op>
<gc-end id="1900" type="scavenge" contextid="1896" durationms="141.651" usertimems="1018.761" systemtimems="22.728" timestamp="2020-09-11T10:45:25.869" activeThreads="8">
  <mem-info id="1901" free="1025393264" total="2785804288" percent="36">
    <mem type="nursery" free="692171848" total="939524096" percent="73">
      <mem type="allocate" free="692171848" total="806879232" percent="85" />
      <mem type="survivor" free="0" total="132644864" percent="0" />
    </mem>
    <mem type="tenure" free="333221416" total="1846280192" percent="18" macro-fragmented="0">
      <mem type="soa" free="222444072" total="1735502848" percent="12" />
      <mem type="loa" free="110777344" total="110777344" percent="100" />
    </mem>
    <remembered-set count="33105" />
  </mem-info>
</gc-end>
<cycle-end id="1902" type="scavenge" contextid="1896" timestamp="2020-09-11T10:45:25.869" />
<allocation-satisfied id="1903" threadId="0000000000786D00" bytesRequested="16" />
<af-end id="1904" timestamp="2020-09-11T10:45:25.869" threadId="0000000000787680" success="true" from="nursery"/>
<exclusive-end id="1905" timestamp="2020-09-11T10:45:25.869" durationms="143.802" />

<exclusive-start id="1906" timestamp="2020-09-11T10:45:27.798" intervalms="2072.178">
  <response-info timems="6.655" idlems="6.655" threads="0" lastid="0000000000786D00" lastname="Group1.Backend.CompositeBackend{Tier1}.2" />
</exclusive-start>
<af-start id="1907" threadId="0000000000787680" totalBytesRequested="16" timestamp="2020-09-11T10:45:27.798" intervalms="2071.903" type="nursery" />
<cycle-start id="1908" type="scavenge" contextid="0" timestamp="2020-09-11T10:45:27.799" intervalms="2071.899" />
<gc-start id="1909" type="scavenge" contextid="1908" timestamp="2020-09-11T10:45:27.799">
  <mem-info id="1910" free="333221416" total="2785804288" percent="11">
    <mem type="nursery" free="0" total="939524096" percent="0">
      <mem type="allocate" free="0" total="806879232" percent="0" />
      <mem type="survivor" free="0" total="132644864" percent="0" />
    </mem>
    <mem type="tenure" free="333221416" total="1846280192" percent="18">
      <mem type="soa" free="222444072" total="1735502848" percent="12" />
      <mem type="loa" free="110777344" total="110777344" percent="100" />
    </mem>
    <remembered-set count="193157" />
  </mem-info>
</gc-start>
<allocation-stats totalBytes="691779816" >
  <allocated-bytes non-tlh="34376744" tlh="657403072" />
  <largest-consumer threadName="Group1.Backend.CompositeBackend{Tier1}.1" threadId="0000000000782C00" bytes="95012536" />
</allocation-stats>
<gc-op id="1911" type="scavenge" timems="111.252" contextid="1908" timestamp="2020-09-11T10:45:27.910">
  <scavenger-info tenureage="3" tenuremask="7ff8" tiltratio="85" />
  <memory-copied type="nursery" objects="4015617" bytes="107722984" bytesdiscarded="199968" />
  <memory-copied type="tenure" objects="1135948" bytes="30571872" bytesdiscarded="47760" />
  <ownableSynchronizers candidates="15237" cleared="11694" />
  <references type="soft" candidates="1762" cleared="0" enqueued="0" dynamicThreshold="19" maxThreshold="32" />
  <references type="weak" candidates="128" cleared="128" enqueued="0" />
</gc-op>
<gc-end id="1912" type="scavenge" contextid="1908" durationms="111.992" usertimems="811.779" systemtimems="0.000" timestamp="2020-09-11T10:45:27.911" activeThreads="8">
  <mem-info id="1913" free="1002646984" total="2785804288" percent="35">
    <mem type="nursery" free="699846912" total="939524096" percent="74">
      <mem type="allocate" free="699846912" total="807862272" percent="86" />
      <mem type="survivor" free="0" total="131661824" percent="0" />
    </mem>
    <mem type="tenure" free="302800072" total="1846280192" percent="16" macro-fragmented="0">
      <mem type="soa" free="192022728" total="1735502848" percent="11" />
      <mem type="loa" free="110777344" total="110777344" percent="100" />
    </mem>
    <remembered-set count="30850" />
  </mem-info>
</gc-end>
<cycle-end id="1914" type="scavenge" contextid="1908" timestamp="2020-09-11T10:45:27.912" />
<allocation-satisfied id="1915" threadId="0000000000786D00" bytesRequested="16" />
<af-end id="1916" timestamp="2020-09-11T10:45:27.912" threadId="0000000000787680" success="true" from="nursery"/>
<exclusive-end id="1917" timestamp="2020-09-11T10:45:27.912" durationms="114.026" />

<exclusive-start id="1918" timestamp="2020-09-11T10:45:29.877" intervalms="2079.503">
  <response-info timems="0.745" idlems="0.745" threads="0" lastid="0000000000846D00" lastname="Group1.Backend.CompositeBackend{Tier1}.5" />
</exclusive-start>
<af-start id="1919" threadId="0000000000847680" totalBytesRequested="168" timestamp="2020-09-11T10:45:29.878" intervalms="2079.637" type="nursery" />
<cycle-start id="1920" type="scavenge" contextid="0" timestamp="2020-09-11T10:45:29.878" intervalms="2079.664" />
<gc-start id="1921" type="scavenge" contextid="1920" timestamp="2020-09-11T10:45:29.879">
  <mem-info id="1922" free="302800072" total="2785804288" percent="10">
    <mem type="nursery" free="0" total="939524096" percent="0">
      <mem type="allocate" free="0" total="807862272" percent="0" />
      <mem type="survivor" free="0" total="131661824" percent="0" />
    </mem>
    <mem type="tenure" free="302800072" total="1846280192" percent="16">
      <mem type="soa" free="192022728" total="1735502848" percent="11" />
      <mem type="loa" free="110777344" total="110777344" percent="100" />
    </mem>
    <remembered-set count="194613" />
  </mem-info>
</gc-start>
<allocation-stats totalBytes="699439120" >
  <allocated-bytes non-tlh="28474448" tlh="670964672" />
  <largest-consumer threadName="Group1.Backend.CompositeBackend{Tier1}.7" threadId="000000000087C200" bytes="103548488" />
</allocation-stats>
<gc-op id="1923" type="scavenge" timems="108.919" contextid="1920" timestamp="2020-09-11T10:45:29.988">
  <scavenger-info tenureage="3" tenuremask="7ff8" tiltratio="85" />
  <memory-copied type="nursery" objects="4110829" bytes="110305288" bytesdiscarded="312984" />
  <memory-copied type="tenure" objects="1048537" bytes="28196336" bytesdiscarded="37592" />
  <ownableSynchronizers candidates="14003" cleared="10778" />
  <references type="soft" candidates="1688" cleared="0" enqueued="0" dynamicThreshold="19" maxThreshold="32" />
  <references type="weak" candidates="118" cleared="118" enqueued="0" />
</gc-op>
<gc-end id="1924" type="scavenge" contextid="1920" durationms="109.740" usertimems="835.502" systemtimems="6.486" timestamp="2020-09-11T10:45:29.988" activeThreads="8">
  <mem-info id="1925" free="972600840" total="2785804288" percent="34">
    <mem type="nursery" free="698131200" total="939524096" percent="74">
      <mem type="allocate" free="698131200" total="808845312" percent="86" />
      <mem type="survivor" free="0" total="130678784" percent="0" />
    </mem>
    <mem type="tenure" free="274469640" total="1846280192" percent="14" macro-fragmented="0">
      <mem type="soa" free="163692296" total="1735502848" percent="9" />
      <mem type="loa" free="110777344" total="110777344" percent="100" />
    </mem>
    <remembered-set count="29278" />
  </mem-info>
</gc-end>
<cycle-end id="1926" type="scavenge" contextid="1920" timestamp="2020-09-11T10:45:29.991" />
<allocation-satisfied id="1927" threadId="0000000000846D00" bytesRequested="168" />
<af-end id="1928" timestamp="2020-09-11T10:45:29.991" threadId="0000000000847680" success="true" from="nursery"/>
<exclusive-end id="1929" timestamp="2020-09-11T10:45:29.991" durationms="113.327" />

<exclusive-start id="1930" timestamp="2020-09-11T10:45:32.038" intervalms="2161.125">
  <response-info timems="0.235" idlems="0.235" threads="0" lastid="00000000008AA200" lastname="Group1.Backend.CompositeBackend{Tier1}.8" />
</exclusive-start>
<af-start id="1931" threadId="00000000008AAB80" totalBytesRequested="16" timestamp="2020-09-11T10:45:32.039" intervalms="2160.890" type="nursery" />
<cycle-start id="1932" type="scavenge" contextid="0" timestamp="2020-09-11T10:45:32.039" intervalms="2160.856" />
<gc-start id="1933" type="scavenge" contextid="1932" timestamp="2020-09-11T10:45:32.040">
  <mem-info id="1934" free="274469640" total="2785804288" percent="9">
    <mem type="nursery" free="0" total="939524096" percent="0">
      <mem type="allocate" free="0" total="808845312" percent="0" />
      <mem type="survivor" free="0" total="130678784" percent="0" />
    </mem>
    <mem type="tenure" free="274469640" total="1846280192" percent="14">
      <mem type="soa" free="163692296" total="1735502848" percent="9" />
      <mem type="loa" free="110777344" total="110777344" percent="100" />
    </mem>
    <remembered-set count="192514" />
  </mem-info>
</gc-start>
<allocation-stats totalBytes="697733808" >
  <allocated-bytes non-tlh="31356096" tlh="666377712" />
  <largest-consumer threadName="Group1.Backend.CompositeBackend{Tier1}.1" threadId="0000000000782C00" bytes="95738728" />
</allocation-stats>
<gc-op id="1935" type="scavenge" timems="104.831" contextid="1932" timestamp="2020-09-11T10:45:32.145">
  <scavenger-info tenureage="3" tenuremask="7ff8" tiltratio="86" />
  <memory-copied type="nursery" objects="4065554" bytes="109287184" bytesdiscarded="140208" />
  <memory-copied type="tenure" objects="1056713" bytes="28449200" bytesdiscarded="52272" />
  <ownableSynchronizers candidates="13424" cleared="10427" />
  <references type="soft" candidates="1672" cleared="0" enqueued="0" dynamicThreshold="19" maxThreshold="32" />
  <references type="weak" candidates="103" cleared="103" enqueued="0" />
</gc-op>
<gc-end id="1936" type="scavenge" contextid="1932" durationms="105.644" usertimems="807.404" systemtimems="2.913" timestamp="2020-09-11T10:45:32.145" activeThreads="8">
  <mem-info id="1937" free="946822264" total="2785804288" percent="33">
    <mem type="nursery" free="700773376" total="939524096" percent="74">
      <mem type="allocate" free="700773376" total="810287104" percent="86" />
      <mem type="survivor" free="0" total="129236992" percent="0" />
    </mem>
    <mem type="tenure" free="246048888" total="1846280192" percent="13" macro-fragmented="0">
      <mem type="soa" free="135271544" total="1735502848" percent="7" />
      <mem type="loa" free="110777344" total="110777344" percent="100" />
    </mem>
    <remembered-set count="28879" />
  </mem-info>
</gc-end>
<cycle-end id="1938" type="scavenge" contextid="1932" timestamp="2020-09-11T10:45:32.146" />
<allocation-satisfied id="1939" threadId="00000000008AA200" bytesRequested="16" />
<af-end id="1940" timestamp="2020-09-11T10:45:32.146" threadId="00000000008AAB80" success="true" from="nursery"/>
<exclusive-end id="1941" timestamp="2020-09-11T10:45:32.146" durationms="107.713" />

<exclusive-start id="1942" timestamp="2020-09-11T10:45:34.123" intervalms="2084.323">
  <response-info timems="0.465" idlems="0.465" threads="0" lastid="0000000000844E00" lastname="Group1.Backend.CompositeBackend{Tier1}.3" />
</exclusive-start>
<af-start id="1943" threadId="0000000000845780" totalBytesRequested="16" timestamp="2020-09-11T10:45:34.123" intervalms="2084.453" type="nursery" />
<cycle-start id="1944" type="scavenge" contextid="0" timestamp="2020-09-11T10:45:34.124" intervalms="2084.454" />
<gc-start id="1945" type="scavenge" contextid="1944" timestamp="2020-09-11T10:45:34.124">
  <mem-info id="1946" free="246048888" total="2785804288" percent="8">
    <mem type="nursery" free="0" total="939524096" percent="0">
      <mem type="allocate" free="0" total="810287104" percent="0" />
      <mem type="survivor" free="0" total="129236992" percent="0" />
    </mem>
    <mem type="tenure" free="246048888" total="1846280192" percent="13">
      <mem type="soa" free="135271544" total="1735502848" percent="7" />
      <mem type="loa" free="110777344" total="110777344" percent="100" />
    </mem>
    <remembered-set count="194100" />
  </mem-info>
</gc-start>
<allocation-stats totalBytes="700359656" >
  <allocated-bytes non-tlh="31275848" tlh="669083808" />
  <largest-consumer threadName="Group1.Backend.CompositeBackend{Tier1}.8" threadId="00000000008AA200" bytes="92693440" />
</allocation-stats>
<gc-op id="1947" type="scavenge" timems="110.833" contextid="1944" timestamp="2020-09-11T10:45:34.235">
  <scavenger-info tenureage="3" tenuremask="7ff8" tiltratio="86" />
  <memory-copied type="nursery" objects="4111597" bytes="110500768" bytesdiscarded="204216" />
  <memory-copied type="tenure" objects="1074045" bytes="28921168" bytesdiscarded="59896" />
  <ownableSynchronizers candidates="11941" cleared="9073" />
  <references type="soft" candidates="1566" cleared="0" enqueued="0" dynamicThreshold="19" maxThreshold="32" />
  <references type="weak" candidates="102" cleared="102" enqueued="0" />
</gc-op>
<gc-end id="1948" type="scavenge" contextid="1944" durationms="111.654" usertimems="808.370" systemtimems="6.889" timestamp="2020-09-11T10:45:34.235" activeThreads="8">
  <mem-info id="1949" free="917382960" total="2785804288" percent="32">
    <mem type="nursery" free="700345856" total="939524096" percent="74">
      <mem type="allocate" free="700345856" total="811139072" percent="86" />
      <mem type="survivor" free="0" total="128385024" percent="0" />
    </mem>
    <mem type="tenure" free="217037104" total="1846280192" percent="11" macro-fragmented="0">
      <mem type="soa" free="106259760" total="1735502848" percent="6" />
      <mem type="loa" free="110777344" total="110777344" percent="100" />
    </mem>
    <remembered-set count="30594" />
  </mem-info>
</gc-end>
<cycle-end id="1950" type="scavenge" contextid="1944" timestamp="2020-09-11T10:45:34.236" />
<allocation-satisfied id="1951" threadId="0000000000844E00" bytesRequested="16" />
<af-end id="1952" timestamp="2020-09-11T10:45:34.236" threadId="0000000000845780" success="true" from="nursery"/>
<exclusive-end id="1953" timestamp="2020-09-11T10:45:34.236" durationms="113.250" />

<exclusive-start id="1954" timestamp="2020-09-11T10:45:36.192" intervalms="2069.100">
  <response-info timems="0.232" idlems="0.211" threads="1" lastid="0000000000A61E00" lastname="Group1.Backend.CompositeBackend{Tier3}.1" />
</exclusive-start>
<af-start id="1955" threadId="000000000087CB80" totalBytesRequested="120" timestamp="2020-09-11T10:45:36.192" intervalms="2069.048" type="nursery" />
<cycle-start id="1956" type="scavenge" contextid="0" timestamp="2020-09-11T10:45:36.193" intervalms="2069.043" />
<gc-start id="1957" type="scavenge" contextid="1956" timestamp="2020-09-11T10:45:36.193">
  <mem-info id="1958" free="217037104" total="2785804288" percent="7">
    <mem type="nursery" free="0" total="939524096" percent="0">
      <mem type="allocate" free="0" total="811139072" percent="0" />
      <mem type="survivor" free="0" total="128385024" percent="0" />
    </mem>
    <mem type="tenure" free="217037104" total="1846280192" percent="11">
      <mem type="soa" free="106259760" total="1735502848" percent="6" />
      <mem type="loa" free="110777344" total="110777344" percent="100" />
    </mem>
    <remembered-set count="193186" />
  </mem-info>
</gc-start>
<allocation-stats totalBytes="699971840" >
  <allocated-bytes non-tlh="35500040" tlh="664471800" />
  <largest-consumer threadName="Group1.Backend.CompositeBackend{Tier1}.1" threadId="0000000000782C00" bytes="96343208" />
</allocation-stats>
<gc-op id="1959" type="scavenge" timems="116.252" contextid="1956" timestamp="2020-09-11T10:45:36.309">
  <scavenger-info tenureage="3" tenuremask="7ff8" tiltratio="86" />
  <memory-copied type="nursery" objects="4123229" bytes="110547768" bytesdiscarded="183248" />
  <memory-copied type="tenure" objects="1123988" bytes="30272872" bytesdiscarded="64872" />
  <ownableSynchronizers candidates="11271" cleared="8652" />
  <references type="soft" candidates="1447" cleared="0" enqueued="0" dynamicThreshold="19" maxThreshold="32" />
  <references type="weak" candidates="114" cleared="112" enqueued="0" />
</gc-op>
<gc-end id="1960" type="scavenge" contextid="1956" durationms="117.332" usertimems="830.627" systemtimems="0.000" timestamp="2020-09-11T10:45:36.310" activeThreads="8">
  <mem-info id="1961" free="887959800" total="2785804288" percent="31">
    <mem type="nursery" free="701171712" total="939524096" percent="74">
      <mem type="allocate" free="701171712" total="811991040" percent="86" />
      <mem type="survivor" free="0" total="127533056" percent="0" />
    </mem>
    <mem type="tenure" free="186788088" total="1846280192" percent="10" macro-fragmented="0">
      <mem type="soa" free="76010744" total="1735502848" percent="4" />
      <mem type="loa" free="110777344" total="110777344" percent="100" />
    </mem>
    <remembered-set count="33493" />
  </mem-info>
</gc-end>
<cycle-end id="1962" type="scavenge" contextid="1956" timestamp="2020-09-11T10:45:36.312" />
<allocation-satisfied id="1963" threadId="000000000087C200" bytesRequested="120" />
<af-end id="1964" timestamp="2020-09-11T10:45:36.312" threadId="000000000087CB80" success="true" from="nursery"/>
<exclusive-end id="1965" timestamp="2020-09-11T10:45:36.313" durationms="120.726" />

<exclusive-start id="1966" timestamp="2020-09-11T10:45:38.331" intervalms="2139.404">
  <response-info timems="0.376" idlems="0.376" threads="0" lastid="0000000000786D00" lastname="Group1.Backend.CompositeBackend{Tier1}.2" />
</exclusive-start>
<af-start id="1967" threadId="0000000000787680" totalBytesRequested="120" timestamp="2020-09-11T10:45:38.332" intervalms="2139.387" type="nursery" />
<cycle-start id="1968" type="scavenge" contextid="0" timestamp="2020-09-11T10:45:38.332" intervalms="2139.593" />
<gc-start id="1969" type="scavenge" contextid="1968" timestamp="2020-09-11T10:45:38.333">
  <mem-info id="1970" free="186788088" total="2785804288" percent="6">
    <mem type="nursery" free="0" total="939524096" percent="0">
      <mem type="allocate" free="0" total="811991040" percent="0" />
      <mem type="survivor" free="0" total="127533056" percent="0" />
    </mem>
    <mem type="tenure" free="186788088" total="1846280192" percent="10">
      <mem type="soa" free="76010744" total="1735502848" percent="4" />
      <mem type="loa" free="110777344" total="110777344" percent="100" />
    </mem>
    <remembered-set count="198434" />
  </mem-info>
</gc-start>
<allocation-stats totalBytes="700783728" >
  <allocated-bytes non-tlh="30886960" tlh="669896768" />
  <largest-consumer threadName="Group1.Backend.CompositeBackend{Tier1}.7" threadId="000000000087C200" bytes="94568880" />
</allocation-stats>
<gc-op id="1971" type="scavenge" timems="122.586" contextid="1968" timestamp="2020-09-11T10:45:38.455">
  <scavenger-info tenureage="3" tenuremask="7ff8" tiltratio="86" />
  <memory-copied type="nursery" objects="4273332" bytes="113915128" bytesdiscarded="136840" />
  <memory-copied type="tenure" objects="1105294" bytes="29748160" bytesdiscarded="69144" />
  <ownableSynchronizers candidates="11113" cleared="8648" />
  <references type="soft" candidates="1383" cleared="0" enqueued="0" dynamicThreshold="19" maxThreshold="32" />
  <references type="weak" candidates="118" cleared="118" enqueued="0" />
</gc-op>
<gc-end id="1972" type="scavenge" contextid="1968" durationms="123.707" usertimems="904.435" systemtimems="10.339" timestamp="2020-09-11T10:45:38.456" activeThreads="8">
  <mem-info id="1973" free="851761952" total="2785804288" percent="30">
    <mem type="nursery" free="694767096" total="939524096" percent="73">
      <mem type="allocate" free="694767096" total="808910848" percent="85" />
      <mem type="survivor" free="0" total="130613248" percent="0" />
    </mem>
    <mem type="tenure" free="156994856" total="1846280192" percent="8" macro-fragmented="0">
      <mem type="soa" free="46217512" total="1735502848" percent="2" />
      <mem type="loa" free="110777344" total="110777344" percent="100" />
    </mem>
    <remembered-set count="34225" />
  </mem-info>
</gc-end>
<cycle-end id="1974" type="scavenge" contextid="1968" timestamp="2020-09-11T10:45:38.457" />
<allocation-satisfied id="1975" threadId="0000000000786D00" bytesRequested="120" />
<af-end id="1976" timestamp="2020-09-11T10:45:38.457" threadId="0000000000787680" success="true" from="nursery"/>
<exclusive-end id="1977" timestamp="2020-09-11T10:45:38.457" durationms="125.777" />

<exclusive-start id="1978" timestamp="2020-09-11T10:45:40.420" intervalms="2088.645">
  <response-info timems="0.447" idlems="0.447" threads="0" lastid="0000000000786D00" lastname="Group1.Backend.CompositeBackend{Tier1}.2" />
</exclusive-start>
<af-start id="1979" threadId="0000000000787680" totalBytesRequested="32" timestamp="2020-09-11T10:45:40.421" intervalms="2088.659" type="nursery" />
<cycle-start id="1980" type="scavenge" contextid="0" timestamp="2020-09-11T10:45:40.421" intervalms="2088.476" />
<gc-start id="1981" type="scavenge" contextid="1980" timestamp="2020-09-11T10:45:40.421">
  <mem-info id="1982" free="156994856" total="2785804288" percent="5">
    <mem type="nursery" free="0" total="939524096" percent="0">
      <mem type="allocate" free="0" total="808910848" percent="0" />
      <mem type="survivor" free="0" total="130613248" percent="0" />
    </mem>
    <mem type="tenure" free="156994856" total="1846280192" percent="8">
      <mem type="soa" free="46217512" total="1735502848" percent="2" />
      <mem type="loa" free="110777344" total="110777344" percent="100" />
    </mem>
    <remembered-set count="196001" />
  </mem-info>
</gc-start>
<allocation-stats totalBytes="694406584" >
  <allocated-bytes non-tlh="32127888" tlh="662278696" />
  <largest-consumer threadName="Group1.Backend.CompositeBackend{Tier1}.5" threadId="0000000000846D00" bytes="99175400" />
</allocation-stats>
<gc-op id="1983" type="scavenge" timems="150.029" contextid="1980" timestamp="2020-09-11T10:45:40.571">
  <scavenger-info tenureage="3" tenuremask="7ff8" tiltratio="86" />
  <memory-copied type="nursery" objects="4280915" bytes="114144440" bytesdiscarded="160864" />
  <memory-copied type="tenure" objects="1120310" bytes="30115776" bytesdiscarded="85328" />
  <ownableSynchronizers candidates="11994" cleared="9578" />
  <references type="soft" candidates="1406" cleared="0" enqueued="0" dynamicThreshold="19" maxThreshold="32" />
  <references type="weak" candidates="117" cleared="117" enqueued="0" />
</gc-op>
<gc-end id="1984" type="scavenge" contextid="1980" durationms="151.059" usertimems="1073.758" systemtimems="22.289" timestamp="2020-09-11T10:45:40.572" activeThreads="8">
  <mem-info id="1985" free="823309040" total="2785804288" percent="29">
    <mem type="nursery" free="696477512" total="939524096" percent="74">
      <mem type="allocate" free="696477512" total="810876928" percent="85" />
      <mem type="survivor" free="0" total="128647168" percent="0" />
    </mem>
    <mem type="tenure" free="126831528" total="1846280192" percent="6" macro-fragmented="0">
      <mem type="soa" free="16054184" total="1735502848" percent="0" />
      <mem type="loa" free="110777344" total="110777344" percent="100" />
    </mem>
    <remembered-set count="32189" />
  </mem-info>
</gc-end>
<cycle-end id="1986" type="scavenge" contextid="1980" timestamp="2020-09-11T10:45:40.572" />
<allocation-satisfied id="1987" threadId="0000000000786D00" bytesRequested="32" />
<af-end id="1988" timestamp="2020-09-11T10:45:40.572" threadId="0000000000787680" success="true" from="nursery"/>
<exclusive-end id="1989" timestamp="2020-09-11T10:45:40.572" durationms="152.598" />

<exclusive-start id="1990" timestamp="2020-09-11T10:45:42.397" intervalms="1977.536">
  <response-info timems="0.872" idlems="0.872" threads="0" lastid="0000000000786D00" lastname="Group1.Backend.CompositeBackend{Tier1}.2" />
</exclusive-start>
<af-start id="1991" threadId="0000000000787680" totalBytesRequested="32" timestamp="2020-09-11T10:45:42.398" intervalms="1977.667" type="nursery" />
<percolate-collect id="1992" from="nursery" to="global" reason="prevent tenure expand" timestamp="2020-09-11T10:45:42.398"/>
<cycle-start id="1993" type="global" contextid="0" timestamp="2020-09-11T10:45:42.399" intervalms="68988.912" />
<gc-start id="1994" type="global" contextid="1993" timestamp="2020-09-11T10:45:42.399">
  <mem-info id="1995" free="126831528" total="2785804288" percent="4">
    <mem type="nursery" free="0" total="939524096" percent="0">
      <mem type="allocate" free="0" total="810876928" percent="0" />
      <mem type="survivor" free="0" total="128647168" percent="0" />
    </mem>
    <mem type="tenure" free="126831528" total="1846280192" percent="6">
      <mem type="soa" free="16054184" total="1735502848" percent="0" />
      <mem type="loa" free="110777344" total="110777344" percent="100" />
    </mem>
    <remembered-set count="191353" />
  </mem-info>
</gc-start>
<allocation-stats totalBytes="696096920" >
  <allocated-bytes non-tlh="37805576" tlh="658291344" />
  <largest-consumer threadName="Group1.Backend.CompositeBackend{Tier1}.5" threadId="0000000000846D00" bytes="89429408" />
</allocation-stats>
<gc-op id="1996" type="mark" timems="659.028" contextid="1993" timestamp="2020-09-11T10:45:43.058">
  <trace-info objectcount="30231552" scancount="29254239" scanbytes="800722112" />
  <finalization candidates="145" enqueued="0" />
  <ownableSynchronizers candidates="581570" cleared="14082" />
  <references type="soft" candidates="685331" cleared="0" enqueued="0" dynamicThreshold="19" maxThreshold="32" />
  <references type="weak" candidates="4423" cleared="138" enqueued="0" />
  <references type="phantom" candidates="108" cleared="0" enqueued="0" />
  <stringconstants candidates="11062" cleared="8"  />
</gc-op>
<gc-op id="1997" type="classunload" timems="1.561" contextid="1993" timestamp="2020-09-11T10:45:43.060">
  <classunload-info classloadercandidates="178" classloadersunloaded="1" classesunloaded="1" anonymousclassesunloaded="0" quiescems="0.000" setupms="1.532" scanms="0.023" postms="0.006" />
</gc-op>
<gc-op id="1998" type="sweep" timems="16.224" contextid="1993" timestamp="2020-09-11T10:45:43.076" />
<gc-end id="1999" type="global" contextid="1993" durationms="677.973" usertimems="4851.741" systemtimems="118.195" timestamp="2020-09-11T10:45:43.077" activeThreads="8">
  <mem-info id="2000" free="1710795512" total="2785804288" percent="61">
    <mem type="nursery" free="624164008" total="939524096" percent="66">
      <mem type="allocate" free="624164008" total="810876928" percent="76" />
      <mem type="survivor" free="0" total="128647168" percent="0" />
    </mem>
    <mem type="tenure" free="1086631504" total="1846280192" percent="58" micro-fragmented="26799699" macro-fragmented="0">
      <mem type="soa" free="975854160" total="1735502848" percent="56" />
      <mem type="loa" free="110777344" total="110777344" percent="100" />
    </mem>
    <remembered-set count="185309" />
  </mem-info>
</gc-end>
<cycle-end id="2001" type="global" contextid="1993" timestamp="2020-09-11T10:45:43.077" />
<allocation-satisfied id="2002" threadId="0000000000786D00" bytesRequested="32" />
<af-end id="2003" timestamp="2020-09-11T10:45:43.077" threadId="0000000000787680" success="true" from="nursery"/>
<exclusive-end id="2004" timestamp="2020-09-11T10:45:43.077" durationms="679.733" />

<exclusive-start id="2005" timestamp="2020-09-11T10:45:44.259" intervalms="1861.395">
  <response-info timems="0.530" idlems="0.530" threads="0" lastid="000000000087C200" lastname="Group1.Backend.CompositeBackend{Tier1}.7" />
</exclusive-start>
<af-start id="2006" threadId="000000000087CB80" totalBytesRequested="262152" timestamp="2020-09-11T10:45:44.259" intervalms="1861.236" type="nursery" />
<cycle-start id="2007" type="scavenge" contextid="0" timestamp="2020-09-11T10:45:44.260" intervalms="3838.866" />
<gc-start id="2008" type="scavenge" contextid="2007" timestamp="2020-09-11T10:45:44.260">
  <mem-info id="2009" free="1109256576" total="2785804288" percent="39">
    <mem type="nursery" free="22625120" total="939524096" percent="2">
      <mem type="allocate" free="22625120" total="810876928" percent="2" />
      <mem type="survivor" free="0" total="128647168" percent="0" />
    </mem>
    <mem type="tenure" free="1086631456" total="1846280192" percent="58">
      <mem type="soa" free="975854112" total="1735502848" percent="56" />
      <mem type="loa" free="110777344" total="110777344" percent="100" />
    </mem>
    <remembered-set count="243232" />
  </mem-info>
</gc-start>
<allocation-stats totalBytes="599245008" >
  <allocated-bytes non-tlh="26774184" tlh="572470824" />
  <largest-consumer threadName="Group1.Backend.CompositeBackend{Tier1}.1" threadId="0000000000782C00" bytes="92635224" />
</allocation-stats>
<gc-op id="2010" type="scavenge" timems="123.877" contextid="2007" timestamp="2020-09-11T10:45:44.384">
  <scavenger-info tenureage="3" tenuremask="7ff8" tiltratio="86" />
  <memory-copied type="nursery" objects="4776045" bytes="128463504" bytesdiscarded="43448" />
  <memory-copied type="tenure" objects="1285893" bytes="34185312" bytesdiscarded="36496" />
  <copy-failed type="nursery" objects="284674" bytes="7281336" />
  <finalization candidates="2" enqueued="0" />
  <ownableSynchronizers candidates="1139526" cleared="1136624" />
  <references type="soft" candidates="490" cleared="0" enqueued="0" dynamicThreshold="18" maxThreshold="32" />
  <references type="weak" candidates="104" cleared="103" enqueued="0" />
</gc-op>
<gc-end id="2011" type="scavenge" contextid="2007" durationms="125.145" usertimems="952.179" systemtimems="0.827" timestamp="2020-09-11T10:45:44.385" activeThreads="8">
  <mem-info id="2012" free="1686883264" total="2785804288" percent="60">
    <mem type="nursery" free="634585088" total="939524096" percent="67">
      <mem type="allocate" free="634585088" total="763232256" percent="83" />
      <mem type="survivor" free="0" total="176291840" percent="0" />
    </mem>
    <mem type="tenure" free="1052298176" total="1846280192" percent="56" macro-fragmented="0">
      <mem type="soa" free="941520832" total="1735502848" percent="54" />
      <mem type="loa" free="110777344" total="110777344" percent="100" />
    </mem>
    <remembered-set count="41264" />
  </mem-info>
</gc-end>
<cycle-end id="2013" type="scavenge" contextid="2007" timestamp="2020-09-11T10:45:44.385" />
<allocation-satisfied id="2014" threadId="000000000087C200" bytesRequested="262152" />
<af-end id="2015" timestamp="2020-09-11T10:45:44.385" threadId="000000000087CB80" success="true" from="nursery"/>
<exclusive-end id="2016" timestamp="2020-09-11T10:45:44.385" durationms="126.657" />

<exclusive-start id="2017" timestamp="2020-09-11T10:45:46.109" intervalms="1850.275">
  <response-info timems="1.568" idlems="0.894" threads="1" lastid="00000000008AA200" lastname="Group1.Backend.CompositeBackend{Tier1}.8" />
</exclusive-start>
<af-start id="2018" threadId="0000000000A5AF80" totalBytesRequested="24" timestamp="2020-09-11T10:45:46.110" intervalms="1850.242" type="nursery" />
<cycle-start id="2019" type="scavenge" contextid="0" timestamp="2020-09-11T10:45:46.110" intervalms="1850.237" />
<gc-start id="2020" type="scavenge" contextid="2019" timestamp="2020-09-11T10:45:46.110">
  <mem-info id="2021" free="1052298176" total="2785804288" percent="37">
    <mem type="nursery" free="0" total="939524096" percent="0">
      <mem type="allocate" free="0" total="763232256" percent="0" />
      <mem type="survivor" free="0" total="176291840" percent="0" />
    </mem>
    <mem type="tenure" free="1052298176" total="1846280192" percent="56">
      <mem type="soa" free="941520832" total="1735502848" percent="54" />
      <mem type="loa" free="110777344" total="110777344" percent="100" />
    </mem>
    <remembered-set count="194814" />
  </mem-info>
</gc-start>
<allocation-stats totalBytes="634225552" >
  <allocated-bytes non-tlh="32118224" tlh="602107328" />
  <largest-consumer threadName="Group1.Backend.CompositeBackend{Tier1}.5" threadId="0000000000846D00" bytes="85598656" />
</allocation-stats>
<gc-op id="2022" type="scavenge" timems="114.799" contextid="2019" timestamp="2020-09-11T10:45:46.225">
  <scavenger-info tenureage="3" tenuremask="7ff8" tiltratio="81" />
  <memory-copied type="nursery" objects="4887840" bytes="130722080" bytesdiscarded="223136" />
  <memory-copied type="tenure" objects="970704" bytes="26217256" bytesdiscarded="23600" />
  <finalization candidates="2" enqueued="0" />
  <ownableSynchronizers candidates="9926" cleared="8339" />
  <references type="soft" candidates="729" cleared="0" enqueued="0" dynamicThreshold="18" maxThreshold="32" />
  <references type="weak" candidates="120" cleared="118" enqueued="0" />
</gc-op>
<gc-end id="2023" type="scavenge" contextid="2019" durationms="115.580" usertimems="819.199" systemtimems="0.000" timestamp="2020-09-11T10:45:46.225" activeThreads="8">
  <mem-info id="2024" free="1662944600" total="2785804288" percent="59">
    <mem type="nursery" free="637059064" total="939524096" percent="67">
      <mem type="allocate" free="637059064" total="768081920" percent="82" />
      <mem type="survivor" free="0" total="171442176" percent="0" />
    </mem>
    <mem type="tenure" free="1025885536" total="1846280192" percent="55" macro-fragmented="0">
      <mem type="soa" free="915108192" total="1735502848" percent="52" />
      <mem type="loa" free="110777344" total="110777344" percent="100" />
    </mem>
    <remembered-set count="39987" />
  </mem-info>
</gc-end>
<cycle-end id="2025" type="scavenge" contextid="2019" timestamp="2020-09-11T10:45:46.227" />
<allocation-satisfied id="2026" threadId="0000000000A5A600" bytesRequested="24" />
<af-end id="2027" timestamp="2020-09-11T10:45:46.227" threadId="0000000000A5AF80" success="true" from="nursery"/>
<exclusive-end id="2028" timestamp="2020-09-11T10:45:46.227" durationms="118.318" />

<exclusive-start id="2029" timestamp="2020-09-11T10:45:48.103" intervalms="1994.426">
  <response-info timems="0.588" idlems="0.588" threads="0" lastid="0000000000844E00" lastname="Group1.Backend.CompositeBackend{Tier1}.3" />
</exclusive-start>
<af-start id="2030" threadId="0000000000845780" totalBytesRequested="32" timestamp="2020-09-11T10:45:48.104" intervalms="1994.810" type="nursery" />
<cycle-start id="2031" type="scavenge" contextid="0" timestamp="2020-09-11T10:45:48.105" intervalms="1994.847" />
<gc-start id="2032" type="scavenge" contextid="2031" timestamp="2020-09-11T10:45:48.105">
  <mem-info id="2033" free="1025885536" total="2785804288" percent="36">
    <mem type="nursery" free="0" total="939524096" percent="0">
      <mem type="allocate" free="0" total="768081920" percent="0" />
      <mem type="survivor" free="0" total="171442176" percent="0" />
    </mem>
    <mem type="tenure" free="1025885536" total="1846280192" percent="55">
      <mem type="soa" free="915108192" total="1735502848" percent="52" />
      <mem type="loa" free="110777344" total="110777344" percent="100" />
    </mem>
    <remembered-set count="198136" />
  </mem-info>
</gc-start>
<allocation-stats totalBytes="636709384" >
  <allocated-bytes non-tlh="24754792" tlh="611954592" />
  <largest-consumer threadName="Group1.Backend.CompositeBackend{Tier1}.8" threadId="00000000008AA200" bytes="101152272" />
</allocation-stats>
<gc-op id="2034" type="scavenge" timems="120.961" contextid="2031" timestamp="2020-09-11T10:45:48.226">
  <scavenger-info tenureage="3" tenuremask="7ff8" tiltratio="81" />
  <memory-copied type="nursery" objects="4998173" bytes="133260384" bytesdiscarded="122576" />
  <memory-copied type="tenure" objects="943632" bytes="25484880" bytesdiscarded="32760" />
  <finalization candidates="2" enqueued="0" />
  <ownableSynchronizers candidates="10464" cleared="8694" />
  <references type="soft" candidates="1103" cleared="0" enqueued="0" dynamicThreshold="18" maxThreshold="32" />
  <references type="weak" candidates="123" cleared="122" enqueued="0" />
</gc-op>
<gc-end id="2035" type="scavenge" contextid="2031" durationms="121.948" usertimems="880.682" systemtimems="0.428" timestamp="2020-09-11T10:45:48.227" activeThreads="8">
  <mem-info id="2036" free="1638692112" total="2785804288" percent="58">
    <mem type="nursery" free="638483952" total="939524096" percent="67">
      <mem type="allocate" free="638483952" total="771948544" percent="82" />
      <mem type="survivor" free="0" total="167575552" percent="0" />
    </mem>
    <mem type="tenure" free="1000208160" total="1846280192" percent="54" macro-fragmented="0">
      <mem type="soa" free="889430816" total="1735502848" percent="51" />
      <mem type="loa" free="110777344" total="110777344" percent="100" />
    </mem>
    <remembered-set count="39799" />
  </mem-info>
</gc-end>
<cycle-end id="2037" type="scavenge" contextid="2031" timestamp="2020-09-11T10:45:48.227" />
<allocation-satisfied id="2038" threadId="0000000000844E00" bytesRequested="32" />
<af-end id="2039" timestamp="2020-09-11T10:45:48.227" threadId="0000000000845780" success="true" from="nursery"/>
<exclusive-end id="2040" timestamp="2020-09-11T10:45:48.227" durationms="123.974" />

<exclusive-start id="2041" timestamp="2020-09-11T10:45:50.027" intervalms="1923.719">
  <response-info timems="0.292" idlems="0.292" threads="0" lastid="0000000000786D00" lastname="Group1.Backend.CompositeBackend{Tier1}.2" />
</exclusive-start>
<af-start id="2042" threadId="0000000000787680" totalBytesRequested="16" timestamp="2020-09-11T10:45:50.028" intervalms="1923.347" type="nursery" />
<cycle-start id="2043" type="scavenge" contextid="0" timestamp="2020-09-11T10:45:50.028" intervalms="1923.318" />
<gc-start id="2044" type="scavenge" contextid="2043" timestamp="2020-09-11T10:45:50.028">
  <mem-info id="2045" free="1000208160" total="2785804288" percent="35">
    <mem type="nursery" free="0" total="939524096" percent="0">
      <mem type="allocate" free="0" total="771948544" percent="0" />
      <mem type="survivor" free="0" total="167575552" percent="0" />
    </mem>
    <mem type="tenure" free="1000208160" total="1846280192" percent="54">
      <mem type="soa" free="889430816" total="1735502848" percent="51" />
      <mem type="loa" free="110777344" total="110777344" percent="100" />
    </mem>
    <remembered-set count="195763" />
  </mem-info>
</gc-start>
<allocation-stats totalBytes="638129320" >
  <allocated-bytes non-tlh="31678496" tlh="606450824" />
  <largest-consumer threadName="Group1.Backend.CompositeBackend{Tier1}.3" threadId="0000000000844E00" bytes="95972496" />
</allocation-stats>
<gc-op id="2046" type="scavenge" timems="116.599" contextid="2043" timestamp="2020-09-11T10:45:50.145">
  <scavenger-info tenureage="3" tenuremask="7ff8" tiltratio="82" />
  <memory-copied type="nursery" objects="3777480" bytes="101634616" bytesdiscarded="138448" />
  <memory-copied type="tenure" objects="1921620" bytes="51860448" bytesdiscarded="52104" />
  <finalization candidates="2" enqueued="0" />
  <ownableSynchronizers candidates="10010" cleared="7948" />
  <references type="soft" candidates="1285" cleared="0" enqueued="0" dynamicThreshold="18" maxThreshold="32" />
  <references type="weak" candidates="98" cleared="98" enqueued="0" />
</gc-op>
<gc-end id="2047" type="scavenge" contextid="2043" durationms="117.757" usertimems="778.672" systemtimems="6.111" timestamp="2020-09-11T10:45:50.146" activeThreads="8">
  <mem-info id="2048" free="1622222568" total="2785804288" percent="58">
    <mem type="nursery" free="673764864" total="939524096" percent="71">
      <mem type="allocate" free="673764864" total="775618560" percent="86" />
      <mem type="survivor" free="0" total="163905536" percent="0" />
    </mem>
    <mem type="tenure" free="948457704" total="1846280192" percent="51" macro-fragmented="0">
      <mem type="soa" free="837680360" total="1735502848" percent="48" />
      <mem type="loa" free="110777344" total="110777344" percent="100" />
    </mem>
    <remembered-set count="28890" />
  </mem-info>
</gc-end>
<cycle-end id="2049" type="scavenge" contextid="2043" timestamp="2020-09-11T10:45:50.146" />
<allocation-satisfied id="2050" threadId="0000000000786D00" bytesRequested="16" />
<af-end id="2051" timestamp="2020-09-11T10:45:50.146" threadId="0000000000787680" success="true" from="nursery"/>
<exclusive-end id="2052" timestamp="2020-09-11T10:45:50.146" durationms="119.294" />

<exclusive-start id="2053" timestamp="2020-09-11T10:45:52.087" intervalms="2060.222">
  <response-info timems="1.344" idlems="1.344" threads="0" lastid="0000000000845A00" lastname="Group1.Backend.CompositeBackend{Tier1}.4" />
</exclusive-start>
<af-start id="2054" threadId="0000000000846380" totalBytesRequested="24" timestamp="2020-09-11T10:45:52.088" intervalms="2060.245" type="nursery" />
<cycle-start id="2055" type="scavenge" contextid="0" timestamp="2020-09-11T10:45:52.088" intervalms="2060.249" />
<gc-start id="2056" type="scavenge" contextid="2055" timestamp="2020-09-11T10:45:52.088">
  <mem-info id="2057" free="948457704" total="2785804288" percent="34">
    <mem type="nursery" free="0" total="939524096" percent="0">
      <mem type="allocate" free="0" total="775618560" percent="0" />
      <mem type="survivor" free="0" total="163905536" percent="0" />
    </mem>
    <mem type="tenure" free="948457704" total="1846280192" percent="51">
      <mem type="soa" free="837680360" total="1735502848" percent="48" />
      <mem type="loa" free="110777344" total="110777344" percent="100" />
    </mem>
    <remembered-set count="190586" />
  </mem-info>
</gc-start>
<allocation-stats totalBytes="673391400" >
  <allocated-bytes non-tlh="28473808" tlh="644917592" />
  <largest-consumer threadName="Group1.Backend.CompositeBackend{Tier1}.2" threadId="0000000000786D00" bytes="107009128" />
</allocation-stats>
<gc-op id="2058" type="scavenge" timems="108.539" contextid="2055" timestamp="2020-09-11T10:45:52.197">
  <scavenger-info tenureage="3" tenuremask="7ff8" tiltratio="82" />
  <memory-copied type="nursery" objects="3967773" bytes="106523488" bytesdiscarded="144280" />
  <memory-copied type="tenure" objects="996042" bytes="26810080" bytesdiscarded="32384" />
  <ownableSynchronizers candidates="10381" cleared="8292" />
  <references type="soft" candidates="1283" cleared="0" enqueued="0" dynamicThreshold="18" maxThreshold="32" />
  <references type="weak" candidates="109" cleared="108" enqueued="0" />
</gc-op>
<gc-end id="2059" type="scavenge" contextid="2055" durationms="111.169" usertimems="795.813" systemtimems="8.391" timestamp="2020-09-11T10:45:52.200" activeThreads="8">
  <mem-info id="2060" free="1598202848" total="2785804288" percent="57">
    <mem type="nursery" free="676665784" total="939524096" percent="72">
      <mem type="allocate" free="676665784" total="783417344" percent="86" />
      <mem type="survivor" free="0" total="156106752" percent="0" />
    </mem>
    <mem type="tenure" free="921537064" total="1846280192" percent="49" macro-fragmented="0">
      <mem type="soa" free="810759720" total="1735502848" percent="46" />
      <mem type="loa" free="110777344" total="110777344" percent="100" />
    </mem>
    <remembered-set count="29984" />
  </mem-info>
</gc-end>
<cycle-end id="2061" type="scavenge" contextid="2055" timestamp="2020-09-11T10:45:52.201" />
<allocation-satisfied id="2062" threadId="0000000000845A00" bytesRequested="24" />
<af-end id="2063" timestamp="2020-09-11T10:45:52.201" threadId="0000000000846380" success="true" from="nursery"/>
<exclusive-end id="2064" timestamp="2020-09-11T10:45:52.201" durationms="113.420" />

<exclusive-start id="2065" timestamp="2020-09-11T10:45:54.022" intervalms="1934.780">
  <response-info timems="0.362" idlems="0.362" threads="0" lastid="0000000000782C00" lastname="Group1.Backend.CompositeBackend{Tier1}.1" />
</exclusive-start>
<af-start id="2066" threadId="0000000000783580" totalBytesRequested="96" timestamp="2020-09-11T10:45:54.023" intervalms="1934.783" type="nursery" />
<cycle-start id="2067" type="scavenge" contextid="0" timestamp="2020-09-11T10:45:54.023" intervalms="1934.788" />
<gc-start id="2068" type="scavenge" contextid="2067" timestamp="2020-09-11T10:45:54.023">
  <mem-info id="2069" free="921537064" total="2785804288" percent="33">
    <mem type="nursery" free="0" total="939524096" percent="0">
      <mem type="allocate" free="0" total="783417344" percent="0" />
      <mem type="survivor" free="0" total="156106752" percent="0" />
    </mem>
    <mem type="tenure" free="921537064" total="1846280192" percent="49">
      <mem type="soa" free="810759720" total="1735502848" percent="46" />
      <mem type="loa" free="110777344" total="110777344" percent="100" />
    </mem>
    <remembered-set count="187597" />
  </mem-info>
</gc-start>
<allocation-stats totalBytes="676313568" >
  <allocated-bytes non-tlh="36535136" tlh="639778432" />
  <largest-consumer threadName="Group1.Backend.CompositeBackend{Tier1}.5" threadId="0000000000846D00" bytes="92439896" />
</allocation-stats>
<gc-op id="2070" type="scavenge" timems="100.582" contextid="2067" timestamp="2020-09-11T10:45:54.124">
  <scavenger-info tenureage="3" tenuremask="7ff8" tiltratio="83" />
  <memory-copied type="nursery" objects="3898170" bytes="104799824" bytesdiscarded="160600" />
  <memory-copied type="tenure" objects="1068102" bytes="28735432" bytesdiscarded="36264" />
  <ownableSynchronizers candidates="9433" cleared="7414" />
  <references type="soft" candidates="1232" cleared="0" enqueued="0" dynamicThreshold="18" maxThreshold="32" />
  <references type="weak" candidates="113" cleared="113" enqueued="0" />
</gc-op>
<gc-end id="2071" type="scavenge" contextid="2067" durationms="101.990" usertimems="710.379" systemtimems="0.000" timestamp="2020-09-11T10:45:54.125" activeThreads="8">
  <mem-info id="2072" free="1578373008" total="2785804288" percent="56">
    <mem type="nursery" free="685716792" total="939524096" percent="72">
      <mem type="allocate" free="685716792" total="790757376" percent="86" />
      <mem type="survivor" free="0" total="148766720" percent="0" />
    </mem>
    <mem type="tenure" free="892656216" total="1846280192" percent="48" macro-fragmented="0">
      <mem type="soa" free="781878872" total="1735502848" percent="45" />
      <mem type="loa" free="110777344" total="110777344" percent="100" />
    </mem>
    <remembered-set count="29436" />
  </mem-info>
</gc-end>
<cycle-end id="2073" type="scavenge" contextid="2067" timestamp="2020-09-11T10:45:54.126" />
<allocation-satisfied id="2074" threadId="0000000000782C00" bytesRequested="96" />
<af-end id="2075" timestamp="2020-09-11T10:45:54.126" threadId="0000000000783580" success="true" from="nursery"/>
<exclusive-end id="2076" timestamp="2020-09-11T10:45:54.126" durationms="103.786" />

<exclusive-start id="2077" timestamp="2020-09-11T10:45:56.157" intervalms="2135.165">
  <response-info timems="0.360" idlems="0.360" threads="0" lastid="0000000000845A00" lastname="Group1.Backend.CompositeBackend{Tier1}.4" />
</exclusive-start>
<af-start id="2078" threadId="0000000000846380" totalBytesRequested="1032" timestamp="2020-09-11T10:45:56.158" intervalms="2135.137" type="nursery" />
<cycle-start id="2079" type="scavenge" contextid="0" timestamp="2020-09-11T10:45:56.158" intervalms="2135.128" />
<gc-start id="2080" type="scavenge" contextid="2079" timestamp="2020-09-11T10:45:56.158">
  <mem-info id="2081" free="892656216" total="2785804288" percent="32">
    <mem type="nursery" free="0" total="939524096" percent="0">
      <mem type="allocate" free="0" total="790757376" percent="0" />
      <mem type="survivor" free="0" total="148766720" percent="0" />
    </mem>
    <mem type="tenure" free="892656216" total="1846280192" percent="48">
      <mem type="soa" free="781878872" total="1735502848" percent="45" />
      <mem type="loa" free="110777344" total="110777344" percent="100" />
    </mem>
    <remembered-set count="193393" />
  </mem-info>
</gc-start>
<allocation-stats totalBytes="685327688" >
  <allocated-bytes non-tlh="31599976" tlh="653727712" />
  <largest-consumer threadName="Group1.Backend.CompositeBackend{Tier1}.3" threadId="0000000000844E00" bytes="96654384" />
</allocation-stats>
<gc-op id="2082" type="scavenge" timems="96.248" contextid="2079" timestamp="2020-09-11T10:45:56.255">
  <scavenger-info tenureage="3" tenuremask="7ff8" tiltratio="84" />
  <memory-copied type="nursery" objects="3981519" bytes="106988800" bytesdiscarded="181288" />
  <memory-copied type="tenure" objects="1025678" bytes="27712696" bytesdiscarded="34864" />
  <ownableSynchronizers candidates="8394" cleared="6527" />
  <references type="soft" candidates="1177" cleared="0" enqueued="0" dynamicThreshold="18" maxThreshold="32" />
  <references type="weak" candidates="105" cleared="104" enqueued="0" />
</gc-op>
<gc-end id="2083" type="scavenge" contextid="2079" durationms="97.411" usertimems="693.195" systemtimems="0.000" timestamp="2020-09-11T10:45:56.256" activeThreads="8">
  <mem-info id="2084" free="1553811600" total="2785804288" percent="55">
    <mem type="nursery" free="688809216" total="939524096" percent="73">
      <mem type="allocate" free="688809216" total="796065792" percent="86" />
      <mem type="survivor" free="0" total="143458304" percent="0" />
    </mem>
    <mem type="tenure" free="865002384" total="1846280192" percent="46" macro-fragmented="0">
      <mem type="soa" free="754225040" total="1735502848" percent="43" />
      <mem type="loa" free="110777344" total="110777344" percent="100" />
    </mem>
    <remembered-set count="30810" />
  </mem-info>
</gc-end>
<cycle-end id="2085" type="scavenge" contextid="2079" timestamp="2020-09-11T10:45:56.256" />
<allocation-satisfied id="2086" threadId="0000000000845A00" bytesRequested="1032" />
<af-end id="2087" timestamp="2020-09-11T10:45:56.256" threadId="0000000000846380" success="true" from="nursery"/>
<exclusive-end id="2088" timestamp="2020-09-11T10:45:56.257" durationms="99.173" />

<exclusive-start id="2089" timestamp="2020-09-11T10:45:58.181" intervalms="2023.817">
  <response-info timems="0.323" idlems="0.323" threads="0" lastid="00000000008AA200" lastname="Group1.Backend.CompositeBackend{Tier1}.8" />
</exclusive-start>
<af-start id="2090" threadId="00000000008AAB80" totalBytesRequested="16" timestamp="2020-09-11T10:45:58.182" intervalms="2023.865" type="nursery" />
<cycle-start id="2091" type="scavenge" contextid="0" timestamp="2020-09-11T10:45:58.182" intervalms="2023.864" />
<gc-start id="2092" type="scavenge" contextid="2091" timestamp="2020-09-11T10:45:58.182">
  <mem-info id="2093" free="865002384" total="2785804288" percent="31">
    <mem type="nursery" free="0" total="939524096" percent="0">
      <mem type="allocate" free="0" total="796065792" percent="0" />
      <mem type="survivor" free="0" total="143458304" percent="0" />
    </mem>
    <mem type="tenure" free="865002384" total="1846280192" percent="46">
      <mem type="soa" free="754225040" total="1735502848" percent="43" />
      <mem type="loa" free="110777344" total="110777344" percent="100" />
    </mem>
    <remembered-set count="193857" />
  </mem-info>
</gc-start>
<allocation-stats totalBytes="688450408" >
  <allocated-bytes non-tlh="32641808" tlh="655808600" />
  <largest-consumer threadName="Group1.Backend.CompositeBackend{Tier1}.3" threadId="0000000000844E00" bytes="88173680" />
</allocation-stats>
<gc-op id="2094" type="scavenge" timems="102.221" contextid="2091" timestamp="2020-09-11T10:45:58.285">
  <scavenger-info tenureage="3" tenuremask="7ff8" tiltratio="84" />
  <memory-copied type="nursery" objects="4122398" bytes="109962984" bytesdiscarded="152920" />
  <memory-copied type="tenure" objects="1081586" bytes="29117368" bytesdiscarded="30168" />
  <ownableSynchronizers candidates="10437" cleared="8581" />
  <references type="soft" candidates="1197" cleared="0" enqueued="0" dynamicThreshold="18" maxThreshold="32" />
  <references type="weak" candidates="108" cleared="108" enqueued="0" />
</gc-op>
<gc-end id="2095" type="scavenge" contextid="2091" durationms="103.422" usertimems="772.174" systemtimems="2.461" timestamp="2020-09-11T10:45:58.286" activeThreads="8">
  <mem-info id="2096" free="1524896968" total="2785804288" percent="54">
    <mem type="nursery" free="689271760" total="939524096" percent="73">
      <mem type="allocate" free="689271760" total="799473664" percent="86" />
      <mem type="survivor" free="0" total="140050432" percent="0" />
    </mem>
    <mem type="tenure" free="835625208" total="1846280192" percent="45" macro-fragmented="0">
      <mem type="soa" free="724847864" total="1735502848" percent="41" />
      <mem type="loa" free="110777344" total="110777344" percent="100" />
    </mem>
    <remembered-set count="32690" />
  </mem-info>
</gc-end>
<cycle-end id="2097" type="scavenge" contextid="2091" timestamp="2020-09-11T10:45:58.286" />
<allocation-satisfied id="2098" threadId="00000000008AA200" bytesRequested="16" />
<af-end id="2099" timestamp="2020-09-11T10:45:58.286" threadId="00000000008AAB80" success="true" from="nursery"/>
<exclusive-end id="2100" timestamp="2020-09-11T10:45:58.286" durationms="105.053" />

<exclusive-start id="2101" timestamp="2020-09-11T10:46:00.269" intervalms="2088.240">
  <response-info timems="0.275" idlems="0.274" threads="1" lastid="0000000000846D00" lastname="Group1.Backend.CompositeBackend{Tier1}.5" />
</exclusive-start>
<af-start id="2102" threadId="0000000000845780" totalBytesRequested="32" timestamp="2020-09-11T10:46:00.270" intervalms="2088.174" type="nursery" />
<cycle-start id="2103" type="scavenge" contextid="0" timestamp="2020-09-11T10:46:00.270" intervalms="2088.171" />
<gc-start id="2104" type="scavenge" contextid="2103" timestamp="2020-09-11T10:46:00.270">
  <mem-info id="2105" free="835625208" total="2785804288" percent="29">
    <mem type="nursery" free="0" total="939524096" percent="0">
      <mem type="allocate" free="0" total="799473664" percent="0" />
      <mem type="survivor" free="0" total="140050432" percent="0" />
    </mem>
    <mem type="tenure" free="835625208" total="1846280192" percent="45">
      <mem type="soa" free="724847864" total="1735502848" percent="41" />
      <mem type="loa" free="110777344" total="110777344" percent="100" />
    </mem>
    <remembered-set count="195128" />
  </mem-info>
</gc-start>
<allocation-stats totalBytes="688939424" >
  <allocated-bytes non-tlh="35193792" tlh="653745632" />
  <largest-consumer threadName="Group1.Backend.CompositeBackend{Tier1}.5" threadId="0000000000846D00" bytes="92959024" />
</allocation-stats>
<gc-op id="2106" type="scavenge" timems="104.901" contextid="2103" timestamp="2020-09-11T10:46:00.375">
  <scavenger-info tenureage="3" tenuremask="7ff8" tiltratio="85" />
  <memory-copied type="nursery" objects="4135066" bytes="110821488" bytesdiscarded="142616" />
  <memory-copied type="tenure" objects="1039779" bytes="27967944" bytesdiscarded="36864" />
  <ownableSynchronizers candidates="9079" cleared="7304" />
  <references type="soft" candidates="1200" cleared="0" enqueued="0" dynamicThreshold="18" maxThreshold="32" />
  <references type="weak" candidates="122" cleared="122" enqueued="0" />
</gc-op>
<gc-end id="2107" type="scavenge" contextid="2103" durationms="105.744" usertimems="754.439" systemtimems="0.000" timestamp="2020-09-11T10:46:00.376" activeThreads="8">
  <mem-info id="2108" free="1499014936" total="2785804288" percent="53">
    <mem type="nursery" free="691372024" total="939524096" percent="73">
      <mem type="allocate" free="691372024" total="802422784" percent="86" />
      <mem type="survivor" free="0" total="137101312" percent="0" />
    </mem>
    <mem type="tenure" free="807642912" total="1846280192" percent="43" macro-fragmented="0">
      <mem type="soa" free="696865568" total="1735502848" percent="40" />
      <mem type="loa" free="110777344" total="110777344" percent="100" />
    </mem>
    <remembered-set count="33296" />
  </mem-info>
</gc-end>
<cycle-end id="2109" type="scavenge" contextid="2103" timestamp="2020-09-11T10:46:00.379" />
<allocation-satisfied id="2110" threadId="0000000000844E00" bytesRequested="32" />
<af-end id="2111" timestamp="2020-09-11T10:46:00.379" threadId="0000000000845780" success="true" from="nursery"/>
<exclusive-end id="2112" timestamp="2020-09-11T10:46:00.379" durationms="109.683" />

<exclusive-start id="2113" timestamp="2020-09-11T10:46:02.388" intervalms="2118.964">
  <response-info timems="1.026" idlems="1.026" threads="0" lastid="0000000000873600" lastname="Group1.Backend.CompositeBackend{Tier1}.6" />
</exclusive-start>
<af-start id="2114" threadId="0000000000873F80" totalBytesRequested="656" timestamp="2020-09-11T10:46:02.389" intervalms="2119.092" type="nursery" />
<cycle-start id="2115" type="scavenge" contextid="0" timestamp="2020-09-11T10:46:02.389" intervalms="2119.102" />
<gc-start id="2116" type="scavenge" contextid="2115" timestamp="2020-09-11T10:46:02.390">
  <mem-info id="2117" free="807642912" total="2785804288" percent="28">
    <mem type="nursery" free="0" total="939524096" percent="0">
      <mem type="allocate" free="0" total="802422784" percent="0" />
      <mem type="survivor" free="0" total="137101312" percent="0" />
    </mem>
    <mem type="tenure" free="807642912" total="1846280192" percent="43">
      <mem type="soa" free="696865568" total="1735502848" percent="40" />
      <mem type="loa" free="110777344" total="110777344" percent="100" />
    </mem>
    <remembered-set count="198600" />
  </mem-info>
</gc-start>
<allocation-stats totalBytes="691028688" >
  <allocated-bytes non-tlh="30746416" tlh="660282272" />
  <largest-consumer threadName="Group1.Backend.CompositeBackend{Tier1}.1" threadId="0000000000782C00" bytes="99858736" />
</allocation-stats>
<gc-op id="2118" type="scavenge" timems="110.822" contextid="2115" timestamp="2020-09-11T10:46:02.500">
  <scavenger-info tenureage="3" tenuremask="7ff8" tiltratio="85" />
  <memory-copied type="nursery" objects="4092394" bytes="109769128" bytesdiscarded="283896" />
  <memory-copied type="tenure" objects="1112997" bytes="29937856" bytesdiscarded="43688" />
  <ownableSynchronizers candidates="9973" cleared="8178" />
  <references type="soft" candidates="1270" cleared="0" enqueued="0" dynamicThreshold="18" maxThreshold="32" />
  <references type="weak" candidates="108" cleared="108" enqueued="0" />
</gc-op>
<gc-end id="2119" type="scavenge" contextid="2115" durationms="111.651" usertimems="806.358" systemtimems="0.772" timestamp="2020-09-11T10:46:02.501" activeThreads="8">
  <mem-info id="2120" free="1472653608" total="2785804288" percent="52">
    <mem type="nursery" free="694897664" total="939524096" percent="73">
      <mem type="allocate" free="694897664" total="805044224" percent="86" />
      <mem type="survivor" free="0" total="134479872" percent="0" />
    </mem>
    <mem type="tenure" free="777755944" total="1846280192" percent="42" macro-fragmented="0">
      <mem type="soa" free="666978600" total="1735502848" percent="38" />
      <mem type="loa" free="110777344" total="110777344" percent="100" />
    </mem>
    <remembered-set count="34667" />
  </mem-info>
</gc-end>
<cycle-end id="2121" type="scavenge" contextid="2115" timestamp="2020-09-11T10:46:02.502" />
<allocation-satisfied id="2122" threadId="0000000000873600" bytesRequested="656" />
<af-end id="2123" timestamp="2020-09-11T10:46:02.502" threadId="0000000000873F80" success="true" from="nursery"/>
<exclusive-end id="2124" timestamp="2020-09-11T10:46:02.502" durationms="113.765" />

<exclusive-start id="2125" timestamp="2020-09-11T10:46:04.469" intervalms="2080.362">
  <response-info timems="0.263" idlems="0.263" threads="0" lastid="0000000000845A00" lastname="Group1.Backend.CompositeBackend{Tier1}.4" />
</exclusive-start>
<af-start id="2126" threadId="0000000000846380" totalBytesRequested="40" timestamp="2020-09-11T10:46:04.470" intervalms="2080.458" type="nursery" />
<cycle-start id="2127" type="scavenge" contextid="0" timestamp="2020-09-11T10:46:04.470" intervalms="2080.456" />
<gc-start id="2128" type="scavenge" contextid="2127" timestamp="2020-09-11T10:46:04.470">
  <mem-info id="2129" free="777755944" total="2785804288" percent="27">
    <mem type="nursery" free="0" total="939524096" percent="0">
      <mem type="allocate" free="0" total="805044224" percent="0" />
      <mem type="survivor" free="0" total="134479872" percent="0" />
    </mem>
    <mem type="tenure" free="777755944" total="1846280192" percent="42">
      <mem type="soa" free="666978600" total="1735502848" percent="38" />
      <mem type="loa" free="110777344" total="110777344" percent="100" />
    </mem>
    <remembered-set count="196571" />
  </mem-info>
</gc-start>
<allocation-stats totalBytes="694565536" >
  <allocated-bytes non-tlh="32437392" tlh="662128144" />
  <largest-consumer threadName="Group1.Backend.CompositeBackend{Tier1}.8" threadId="00000000008AA200" bytes="107594080" />
</allocation-stats>
<gc-op id="2130" type="scavenge" timems="121.092" contextid="2127" timestamp="2020-09-11T10:46:04.591">
  <scavenger-info tenureage="3" tenuremask="7ff8" tiltratio="85" />
  <memory-copied type="nursery" objects="4421687" bytes="117531816" bytesdiscarded="204104" />
  <memory-copied type="tenure" objects="1092237" bytes="29352208" bytesdiscarded="41200" />
  <ownableSynchronizers candidates="9438" cleared="7600" />
  <references type="soft" candidates="1214" cleared="0" enqueued="0" dynamicThreshold="18" maxThreshold="32" />
  <references type="weak" candidates="127" cleared="127" enqueued="0" />
</gc-op>
<gc-end id="2131" type="scavenge" contextid="2127" durationms="121.933" usertimems="941.289" systemtimems="3.353" timestamp="2020-09-11T10:46:04.592" activeThreads="8">
  <mem-info id="2132" free="1430854408" total="2785804288" percent="51">
    <mem type="nursery" free="682501704" total="939524096" percent="72">
      <mem type="allocate" free="682501704" total="800325632" percent="85" />
      <mem type="survivor" free="0" total="139198464" percent="0" />
    </mem>
    <mem type="tenure" free="748352704" total="1846280192" percent="40" macro-fragmented="0">
      <mem type="soa" free="637575360" total="1735502848" percent="36" />
      <mem type="loa" free="110777344" total="110777344" percent="100" />
    </mem>
    <remembered-set count="33093" />
  </mem-info>
</gc-end>
<cycle-end id="2133" type="scavenge" contextid="2127" timestamp="2020-09-11T10:46:04.593" />
<allocation-satisfied id="2134" threadId="0000000000845A00" bytesRequested="40" />
<af-end id="2135" timestamp="2020-09-11T10:46:04.593" threadId="0000000000846380" success="true" from="nursery"/>
<exclusive-end id="2136" timestamp="2020-09-11T10:46:04.593" durationms="124.275" />

<exclusive-start id="2137" timestamp="2020-09-11T10:46:06.506" intervalms="2037.627">
  <response-info timems="1.789" idlems="1.789" threads="0" lastid="000000000087C200" lastname="Group1.Backend.CompositeBackend{Tier1}.7" />
</exclusive-start>
<af-start id="2138" threadId="000000000087CB80" totalBytesRequested="120" timestamp="2020-09-11T10:46:06.507" intervalms="2037.558" type="nursery" />
<cycle-start id="2139" type="scavenge" contextid="0" timestamp="2020-09-11T10:46:06.507" intervalms="2037.567" />
<gc-start id="2140" type="scavenge" contextid="2139" timestamp="2020-09-11T10:46:06.508">
  <mem-info id="2141" free="748352704" total="2785804288" percent="26">
    <mem type="nursery" free="0" total="939524096" percent="0">
      <mem type="allocate" free="0" total="800325632" percent="0" />
      <mem type="survivor" free="0" total="139198464" percent="0" />
    </mem>
    <mem type="tenure" free="748352704" total="1846280192" percent="40">
      <mem type="soa" free="637575360" total="1735502848" percent="36" />
      <mem type="loa" free="110777344" total="110777344" percent="100" />
    </mem>
    <remembered-set count="193184" />
  </mem-info>
</gc-start>
<allocation-stats totalBytes="682184560" >
  <allocated-bytes non-tlh="34577952" tlh="647606608" />
  <largest-consumer threadName="Group1.Backend.CompositeBackend{Tier1}.1" threadId="0000000000782C00" bytes="94330536" />
</allocation-stats>
<gc-op id="2142" type="scavenge" timems="126.961" contextid="2139" timestamp="2020-09-11T10:46:06.635">
  <scavenger-info tenureage="3" tenuremask="7ff8" tiltratio="85" />
  <memory-copied type="nursery" objects="4497137" bytes="119870064" bytesdiscarded="445304" />
  <memory-copied type="tenure" objects="1073369" bytes="28837896" bytesdiscarded="34168" />
  <ownableSynchronizers candidates="8595" cleared="6834" />
  <references type="soft" candidates="1193" cleared="0" enqueued="0" dynamicThreshold="18" maxThreshold="32" />
  <references type="weak" candidates="126" cleared="126" enqueued="0" />
</gc-op>
<gc-end id="2143" type="scavenge" contextid="2139" durationms="127.853" usertimems="878.774" systemtimems="5.675" timestamp="2020-09-11T10:46:06.635" activeThreads="8">
  <mem-info id="2144" free="1401237408" total="2785804288" percent="50">
    <mem type="nursery" free="681764872" total="939524096" percent="72">
      <mem type="allocate" free="681764872" total="802160640" percent="84" />
      <mem type="survivor" free="0" total="137363456" percent="0" />
    </mem>
    <mem type="tenure" free="719472536" total="1846280192" percent="38" macro-fragmented="0">
      <mem type="soa" free="608695192" total="1735502848" percent="35" />
      <mem type="loa" free="110777344" total="110777344" percent="100" />
    </mem>
    <remembered-set count="30836" />
  </mem-info>
</gc-end>
<cycle-end id="2145" type="scavenge" contextid="2139" timestamp="2020-09-11T10:46:06.636" />
<allocation-satisfied id="2146" threadId="000000000087C200" bytesRequested="120" />
<af-end id="2147" timestamp="2020-09-11T10:46:06.636" threadId="000000000087CB80" success="true" from="nursery"/>
<exclusive-end id="2148" timestamp="2020-09-11T10:46:06.636" durationms="129.553" />

<exclusive-start id="2149" timestamp="2020-09-11T10:46:08.599" intervalms="2092.301">
  <response-info timems="0.555" idlems="0.555" threads="0" lastid="0000000000844E00" lastname="Group1.Backend.CompositeBackend{Tier1}.3" />
</exclusive-start>
<af-start id="2150" threadId="0000000000845780" totalBytesRequested="32" timestamp="2020-09-11T10:46:08.599" intervalms="2092.328" type="nursery" />
<cycle-start id="2151" type="scavenge" contextid="0" timestamp="2020-09-11T10:46:08.600" intervalms="2092.409" />
<gc-start id="2152" type="scavenge" contextid="2151" timestamp="2020-09-11T10:46:08.600">
  <mem-info id="2153" free="719472536" total="2785804288" percent="25">
    <mem type="nursery" free="0" total="939524096" percent="0">
      <mem type="allocate" free="0" total="802160640" percent="0" />
      <mem type="survivor" free="0" total="137363456" percent="0" />
    </mem>
    <mem type="tenure" free="719472536" total="1846280192" percent="38">
      <mem type="soa" free="608695192" total="1735502848" percent="35" />
      <mem type="loa" free="110777344" total="110777344" percent="100" />
    </mem>
    <remembered-set count="195015" />
  </mem-info>
</gc-start>
<allocation-stats totalBytes="681418048" >
  <allocated-bytes non-tlh="30368936" tlh="651049112" />
  <largest-consumer threadName="Group1.Backend.CompositeBackend{Tier1}.7" threadId="000000000087C200" bytes="89607000" />
</allocation-stats>
<gc-op id="2154" type="scavenge" timems="102.679" contextid="2151" timestamp="2020-09-11T10:46:08.703">
  <scavenger-info tenureage="3" tenuremask="7ff8" tiltratio="85" />
  <memory-copied type="nursery" objects="4091967" bytes="110773408" bytesdiscarded="270472" />
  <memory-copied type="tenure" objects="1110631" bytes="29866320" bytesdiscarded="36968" />
  <ownableSynchronizers candidates="9483" cleared="7694" />
  <references type="soft" candidates="1179" cleared="0" enqueued="0" dynamicThreshold="18" maxThreshold="32" />
  <references type="weak" candidates="113" cleared="113" enqueued="0" />
</gc-op>
<gc-end id="2155" type="scavenge" contextid="2151" durationms="103.591" usertimems="757.863" systemtimems="3.060" timestamp="2020-09-11T10:46:08.703" activeThreads="8">
  <mem-info id="2156" free="1381121496" total="2785804288" percent="49">
    <mem type="nursery" free="691621360" total="939524096" percent="73">
      <mem type="allocate" free="691621360" total="802750464" percent="86" />
      <mem type="survivor" free="0" total="136773632" percent="0" />
    </mem>
    <mem type="tenure" free="689500136" total="1846280192" percent="37" macro-fragmented="0">
      <mem type="soa" free="578722792" total="1735502848" percent="33" />
      <mem type="loa" free="110777344" total="110777344" percent="100" />
    </mem>
    <remembered-set count="30237" />
  </mem-info>
</gc-end>
<cycle-end id="2157" type="scavenge" contextid="2151" timestamp="2020-09-11T10:46:08.704" />
<allocation-satisfied id="2158" threadId="0000000000844E00" bytesRequested="32" />
<af-end id="2159" timestamp="2020-09-11T10:46:08.704" threadId="0000000000845780" success="true" from="nursery"/>
<exclusive-end id="2160" timestamp="2020-09-11T10:46:08.704" durationms="105.269" />

<exclusive-start id="2161" timestamp="2020-09-11T10:46:10.687" intervalms="2088.708">
  <response-info timems="0.420" idlems="0.420" threads="0" lastid="00000000008AA200" lastname="Group1.Backend.CompositeBackend{Tier1}.8" />
</exclusive-start>
<af-start id="2162" threadId="00000000008AAB80" totalBytesRequested="48" timestamp="2020-09-11T10:46:10.688" intervalms="2088.728" type="nursery" />
<cycle-start id="2163" type="scavenge" contextid="0" timestamp="2020-09-11T10:46:10.688" intervalms="2088.665" />
<gc-start id="2164" type="scavenge" contextid="2163" timestamp="2020-09-11T10:46:10.689">
  <mem-info id="2165" free="689500136" total="2785804288" percent="24">
    <mem type="nursery" free="0" total="939524096" percent="0">
      <mem type="allocate" free="0" total="802750464" percent="0" />
      <mem type="survivor" free="0" total="136773632" percent="0" />
    </mem>
    <mem type="tenure" free="689500136" total="1846280192" percent="37">
      <mem type="soa" free="578722792" total="1735502848" percent="33" />
      <mem type="loa" free="110777344" total="110777344" percent="100" />
    </mem>
    <remembered-set count="194308" />
  </mem-info>
</gc-start>
<allocation-stats totalBytes="691290392" >
  <allocated-bytes non-tlh="32285528" tlh="659004864" />
  <largest-consumer threadName="Group1.Backend.CompositeBackend{Tier1}.6" threadId="0000000000873600" bytes="96039112" />
</allocation-stats>
<gc-op id="2166" type="scavenge" timems="126.366" contextid="2163" timestamp="2020-09-11T10:46:10.815">
  <scavenger-info tenureage="3" tenuremask="7ff8" tiltratio="85" />
  <memory-copied type="nursery" objects="4211665" bytes="113094048" bytesdiscarded="152792" />
  <memory-copied type="tenure" objects="1094079" bytes="29935632" bytesdiscarded="45632" />
  <ownableSynchronizers candidates="8556" cleared="6868" />
  <references type="soft" candidates="1148" cleared="0" enqueued="0" dynamicThreshold="18" maxThreshold="32" />
  <references type="weak" candidates="118" cleared="118" enqueued="0" />
</gc-op>
<gc-end id="2167" type="scavenge" contextid="2163" durationms="127.453" usertimems="920.221" systemtimems="3.261" timestamp="2020-09-11T10:46:10.816" activeThreads="8">
  <mem-info id="2168" free="1350412832" total="2785804288" percent="48">
    <mem type="nursery" free="690924760" total="939524096" percent="73">
      <mem type="allocate" free="690924760" total="804257792" percent="85" />
      <mem type="survivor" free="0" total="135266304" percent="0" />
    </mem>
    <mem type="tenure" free="659488072" total="1846280192" percent="35" macro-fragmented="1800196">
      <mem type="soa" free="548710728" total="1735502848" percent="31" />
      <mem type="loa" free="110777344" total="110777344" percent="100" />
    </mem>
    <remembered-set count="31740" />
  </mem-info>
</gc-end>
<cycle-end id="2169" type="scavenge" contextid="2163" timestamp="2020-09-11T10:46:10.817" />
<allocation-satisfied id="2170" threadId="00000000008AA200" bytesRequested="48" />
<af-end id="2171" timestamp="2020-09-11T10:46:10.817" threadId="00000000008AAB80" success="true" from="nursery"/>
<exclusive-end id="2172" timestamp="2020-09-11T10:46:10.817" durationms="129.901" />

<exclusive-start id="2173" timestamp="2020-09-11T10:46:12.720" intervalms="2033.031">
  <response-info timems="5.062" idlems="5.062" threads="0" lastid="00000000008AA200" lastname="Group1.Backend.CompositeBackend{Tier1}.8" />
</exclusive-start>
<af-start id="2174" threadId="00000000008AAB80" totalBytesRequested="16" timestamp="2020-09-11T10:46:12.721" intervalms="2033.068" type="nursery" />
<cycle-start id="2175" type="scavenge" contextid="0" timestamp="2020-09-11T10:46:12.721" intervalms="2033.078" />
<gc-start id="2176" type="scavenge" contextid="2175" timestamp="2020-09-11T10:46:12.722">
  <mem-info id="2177" free="659488072" total="2785804288" percent="23">
    <mem type="nursery" free="0" total="939524096" percent="0">
      <mem type="allocate" free="0" total="804257792" percent="0" />
      <mem type="survivor" free="0" total="135266304" percent="0" />
    </mem>
    <mem type="tenure" free="659488072" total="1846280192" percent="35">
      <mem type="soa" free="548710728" total="1735502848" percent="31" />
      <mem type="loa" free="110777344" total="110777344" percent="100" />
    </mem>
    <remembered-set count="193791" />
  </mem-info>
</gc-start>
<allocation-stats totalBytes="690600328" >
  <allocated-bytes non-tlh="38570528" tlh="652029800" />
  <largest-consumer threadName="Group1.Backend.CompositeBackend{Tier1}.7" threadId="000000000087C200" bytes="88342312" />
</allocation-stats>
<gc-op id="2178" type="scavenge" timems="111.912" contextid="2175" timestamp="2020-09-11T10:46:12.834">
  <scavenger-info tenureage="3" tenuremask="7ff8" tiltratio="85" />
  <memory-copied type="nursery" objects="4118599" bytes="110380656" bytesdiscarded="151968" />
  <memory-copied type="tenure" objects="1072764" bytes="29359016" bytesdiscarded="46112" />
  <ownableSynchronizers candidates="6519" cleared="4978" />
  <references type="soft" candidates="1041" cleared="0" enqueued="0" dynamicThreshold="18" maxThreshold="32" />
  <references type="weak" candidates="127" cleared="127" enqueued="0" />
</gc-op>
<gc-end id="2179" type="scavenge" contextid="2175" durationms="112.839" usertimems="841.263" systemtimems="0.000" timestamp="2020-09-11T10:46:12.834" activeThreads="8">
  <mem-info id="2180" free="1325576736" total="2785804288" percent="47">
    <mem type="nursery" free="695344384" total="939524096" percent="74">
      <mem type="allocate" free="695344384" total="805961728" percent="86" />
      <mem type="survivor" free="0" total="133562368" percent="0" />
    </mem>
    <mem type="tenure" free="630232352" total="1846280192" percent="34" macro-fragmented="0">
      <mem type="soa" free="519455008" total="1735502848" percent="29" />
      <mem type="loa" free="110777344" total="110777344" percent="100" />
    </mem>
    <remembered-set count="33189" />
  </mem-info>
</gc-end>
<cycle-end id="2181" type="scavenge" contextid="2175" timestamp="2020-09-11T10:46:12.837" />
<allocation-satisfied id="2182" threadId="00000000008AA200" bytesRequested="16" />
<af-end id="2183" timestamp="2020-09-11T10:46:12.837" threadId="00000000008AAB80" success="true" from="nursery"/>
<exclusive-end id="2184" timestamp="2020-09-11T10:46:12.838" durationms="117.272" />

<exclusive-start id="2185" timestamp="2020-09-11T10:46:14.895" intervalms="2174.665">
  <response-info timems="0.653" idlems="0.653" threads="0" lastid="00000000008AA200" lastname="Group1.Backend.CompositeBackend{Tier1}.8" />
</exclusive-start>
<af-start id="2186" threadId="00000000008AAB80" totalBytesRequested="16" timestamp="2020-09-11T10:46:14.896" intervalms="2174.757" type="nursery" />
<cycle-start id="2187" type="scavenge" contextid="0" timestamp="2020-09-11T10:46:14.896" intervalms="2174.729" />
<gc-start id="2188" type="scavenge" contextid="2187" timestamp="2020-09-11T10:46:14.897">
  <mem-info id="2189" free="630232352" total="2785804288" percent="22">
    <mem type="nursery" free="0" total="939524096" percent="0">
      <mem type="allocate" free="0" total="805961728" percent="0" />
      <mem type="survivor" free="0" total="133562368" percent="0" />
    </mem>
    <mem type="tenure" free="630232352" total="1846280192" percent="34">
      <mem type="soa" free="519455008" total="1735502848" percent="29" />
      <mem type="loa" free="110777344" total="110777344" percent="100" />
    </mem>
    <remembered-set count="200109" />
  </mem-info>
</gc-start>
<allocation-stats totalBytes="695024640" >
  <allocated-bytes non-tlh="30096144" tlh="664928496" />
  <largest-consumer threadName="Group1.Backend.CompositeBackend{Tier1}.8" threadId="00000000008AA200" bytes="94778312" />
</allocation-stats>
<gc-op id="2190" type="scavenge" timems="130.456" contextid="2187" timestamp="2020-09-11T10:46:15.027">
  <scavenger-info tenureage="3" tenuremask="7ff8" tiltratio="85" />
  <memory-copied type="nursery" objects="4272563" bytes="113900256" bytesdiscarded="114920" />
  <memory-copied type="tenure" objects="1096508" bytes="29501864" bytesdiscarded="50752" />
  <ownableSynchronizers candidates="6033" cleared="4662" />
  <references type="soft" candidates="904" cleared="0" enqueued="0" dynamicThreshold="18" maxThreshold="32" />
  <references type="weak" candidates="98" cleared="98" enqueued="0" />
</gc-op>
<gc-end id="2191" type="scavenge" contextid="2187" durationms="131.522" usertimems="944.599" systemtimems="27.905" timestamp="2020-09-11T10:46:15.028" activeThreads="8">
  <mem-info id="2192" free="1292790568" total="2785804288" percent="46">
    <mem type="nursery" free="692245240" total="939524096" percent="73">
      <mem type="allocate" free="692245240" total="806354944" percent="85" />
      <mem type="survivor" free="0" total="133169152" percent="0" />
    </mem>
    <mem type="tenure" free="600545328" total="1846280192" percent="32" macro-fragmented="4194336">
      <mem type="soa" free="489767984" total="1735502848" percent="28" />
      <mem type="loa" free="110777344" total="110777344" percent="100" />
    </mem>
    <remembered-set count="34390" />
  </mem-info>
</gc-end>
<cycle-end id="2193" type="scavenge" contextid="2187" timestamp="2020-09-11T10:46:15.030" />
<allocation-satisfied id="2194" threadId="00000000008AA200" bytesRequested="16" />
<af-end id="2195" timestamp="2020-09-11T10:46:15.030" threadId="00000000008AAB80" success="true" from="nursery"/>
<exclusive-end id="2196" timestamp="2020-09-11T10:46:15.030" durationms="135.098" />

<exclusive-start id="2197" timestamp="2020-09-11T10:46:17.070" intervalms="2174.803">
  <response-info timems="0.486" idlems="0.486" threads="0" lastid="0000000000845A00" lastname="Group1.Backend.CompositeBackend{Tier1}.4" />
</exclusive-start>
<af-start id="2198" threadId="0000000000846380" totalBytesRequested="24" timestamp="2020-09-11T10:46:17.071" intervalms="2174.525" type="nursery" />
<cycle-start id="2199" type="scavenge" contextid="0" timestamp="2020-09-11T10:46:17.071" intervalms="2174.528" />
<gc-start id="2200" type="scavenge" contextid="2199" timestamp="2020-09-11T10:46:17.071">
  <mem-info id="2201" free="600545328" total="2785804288" percent="21">
    <mem type="nursery" free="0" total="939524096" percent="0">
      <mem type="allocate" free="0" total="806354944" percent="0" />
      <mem type="survivor" free="0" total="133169152" percent="0" />
    </mem>
    <mem type="tenure" free="600545328" total="1846280192" percent="32">
      <mem type="soa" free="489767984" total="1735502848" percent="28" />
      <mem type="loa" free="110777344" total="110777344" percent="100" />
    </mem>
    <remembered-set count="201112" />
  </mem-info>
</gc-start>
<allocation-stats totalBytes="691913488" >
  <allocated-bytes non-tlh="27291752" tlh="664621736" />
  <largest-consumer threadName="Group1.Backend.CompositeBackend{Tier1}.2" threadId="0000000000786D00" bytes="96075880" />
</allocation-stats>
<gc-op id="2202" type="scavenge" timems="120.901" contextid="2199" timestamp="2020-09-11T10:46:17.192">
  <scavenger-info tenureage="3" tenuremask="7ff8" tiltratio="85" />
  <memory-copied type="nursery" objects="4105025" bytes="110187240" bytesdiscarded="150824" />
  <memory-copied type="tenure" objects="1099765" bytes="29541432" bytesdiscarded="48272" />
  <ownableSynchronizers candidates="7286" cleared="6056" />
  <references type="soft" candidates="875" cleared="0" enqueued="0" dynamicThreshold="18" maxThreshold="32" />
  <references type="weak" candidates="127" cleared="127" enqueued="0" />
</gc-op>
<gc-end id="2203" type="scavenge" contextid="2199" durationms="122.040" usertimems="832.202" systemtimems="2.142" timestamp="2020-09-11T10:46:17.193" activeThreads="8">
  <mem-info id="2204" free="1268179872" total="2785804288" percent="45">
    <mem type="nursery" free="697046784" total="939524096" percent="74">
      <mem type="allocate" free="697046784" total="807469056" percent="86" />
      <mem type="survivor" free="0" total="132055040" percent="0" />
    </mem>
    <mem type="tenure" free="571133088" total="1846280192" percent="30" macro-fragmented="2160235">
      <mem type="soa" free="460355744" total="1735502848" percent="26" />
      <mem type="loa" free="110777344" total="110777344" percent="100" />
    </mem>
    <remembered-set count="33410" />
  </mem-info>
</gc-end>
<cycle-end id="2205" type="scavenge" contextid="2199" timestamp="2020-09-11T10:46:17.194" />
<allocation-satisfied id="2206" threadId="0000000000845A00" bytesRequested="24" />
<af-end id="2207" timestamp="2020-09-11T10:46:17.194" threadId="0000000000846380" success="true" from="nursery"/>
<exclusive-end id="2208" timestamp="2020-09-11T10:46:17.194" durationms="123.912" />

<exclusive-start id="2209" timestamp="2020-09-11T10:46:19.181" intervalms="2110.824">
  <response-info timems="0.985" idlems="0.716" threads="1" lastid="0000000000846D00" lastname="Group1.Backend.CompositeBackend{Tier1}.5" />
</exclusive-start>
<af-start id="2210" threadId="0000000000A6A480" totalBytesRequested="16" timestamp="2020-09-11T10:46:19.181" intervalms="2110.929" type="nursery" />
<cycle-start id="2211" type="scavenge" contextid="0" timestamp="2020-09-11T10:46:19.182" intervalms="2110.930" />
<gc-start id="2212" type="scavenge" contextid="2211" timestamp="2020-09-11T10:46:19.182">
  <mem-info id="2213" free="571133088" total="2785804288" percent="20">
    <mem type="nursery" free="0" total="939524096" percent="0">
      <mem type="allocate" free="0" total="807469056" percent="0" />
      <mem type="survivor" free="0" total="132055040" percent="0" />
    </mem>
    <mem type="tenure" free="571133088" total="1846280192" percent="30">
      <mem type="soa" free="460355744" total="1735502848" percent="26" />
      <mem type="loa" free="110777344" total="110777344" percent="100" />
    </mem>
    <remembered-set count="196144" />
  </mem-info>
</gc-start>
<allocation-stats totalBytes="696721944" >
  <allocated-bytes non-tlh="33871952" tlh="662849992" />
  <largest-consumer threadName="Group1.Backend.CompositeBackend{Tier1}.8" threadId="00000000008AA200" bytes="127931136" />
</allocation-stats>
<gc-op id="2214" type="scavenge" timems="124.672" contextid="2211" timestamp="2020-09-11T10:46:19.307">
  <scavenger-info tenureage="3" tenuremask="7ff8" tiltratio="85" />
  <memory-copied type="nursery" objects="4257284" bytes="113742848" bytesdiscarded="535760" />
  <memory-copied type="tenure" objects="1047250" bytes="28149816" bytesdiscarded="51184" />
  <ownableSynchronizers candidates="6754" cleared="5604" />
  <references type="soft" candidates="913" cleared="0" enqueued="0" dynamicThreshold="18" maxThreshold="32" />
  <references type="weak" candidates="106" cleared="103" enqueued="0" />
</gc-op>
<gc-end id="2215" type="scavenge" contextid="2211" durationms="125.874" usertimems="942.886" systemtimems="20.369" timestamp="2020-09-11T10:46:19.308" activeThreads="8">
  <mem-info id="2216" free="1236168480" total="2785804288" percent="44">
    <mem type="nursery" free="693236984" total="939524096" percent="73">
      <mem type="allocate" free="693236984" total="807600128" percent="85" />
      <mem type="survivor" free="0" total="131923968" percent="0" />
    </mem>
    <mem type="tenure" free="542931496" total="1846280192" percent="29" macro-fragmented="0">
      <mem type="soa" free="432154152" total="1735502848" percent="24" />
      <mem type="loa" free="110777344" total="110777344" percent="100" />
    </mem>
    <remembered-set count="32314" />
  </mem-info>
</gc-end>
<cycle-end id="2217" type="scavenge" contextid="2211" timestamp="2020-09-11T10:46:19.309" />
<allocation-satisfied id="2218" threadId="0000000000A69B00" bytesRequested="16" />
<af-end id="2219" timestamp="2020-09-11T10:46:19.310" threadId="0000000000A6A480" success="true" from="nursery"/>
<exclusive-end id="2220" timestamp="2020-09-11T10:46:19.310" durationms="128.855" />

<exclusive-start id="2221" timestamp="2020-09-11T10:46:21.203" intervalms="2022.689">
  <response-info timems="0.706" idlems="0.327" threads="2" lastid="0000000000844E00" lastname="Group1.Backend.CompositeBackend{Tier1}.3" />
</exclusive-start>
<af-start id="2222" threadId="00000000008AAB80" totalBytesRequested="16" timestamp="2020-09-11T10:46:21.204" intervalms="2022.643" type="nursery" />
<cycle-start id="2223" type="scavenge" contextid="0" timestamp="2020-09-11T10:46:21.204" intervalms="2022.688" />
<gc-start id="2224" type="scavenge" contextid="2223" timestamp="2020-09-11T10:46:21.205">
  <mem-info id="2225" free="542931496" total="2785804288" percent="19">
    <mem type="nursery" free="0" total="939524096" percent="0">
      <mem type="allocate" free="0" total="807600128" percent="0" />
      <mem type="survivor" free="0" total="131923968" percent="0" />
    </mem>
    <mem type="tenure" free="542931496" total="1846280192" percent="29">
      <mem type="soa" free="432154152" total="1735502848" percent="24" />
      <mem type="loa" free="110777344" total="110777344" percent="100" />
    </mem>
    <remembered-set count="192377" />
  </mem-info>
</gc-start>
<allocation-stats totalBytes="692911728" >
  <allocated-bytes non-tlh="38095296" tlh="654816432" />
  <largest-consumer threadName="Group1.Backend.CompositeBackend{Tier1}.5" threadId="0000000000846D00" bytes="106963952" />
</allocation-stats>
<gc-op id="2226" type="scavenge" timems="129.215" contextid="2223" timestamp="2020-09-11T10:46:21.335">
  <scavenger-info tenureage="3" tenuremask="7ff8" tiltratio="85" />
  <memory-copied type="nursery" objects="4643019" bytes="122417400" bytesdiscarded="222304" />
  <memory-copied type="tenure" objects="1140434" bytes="30636096" bytesdiscarded="57304" />
  <ownableSynchronizers candidates="6422" cleared="5264" />
  <references type="soft" candidates="934" cleared="0" enqueued="0" dynamicThreshold="18" maxThreshold="32" />
  <references type="weak" candidates="118" cleared="118" enqueued="0" />
</gc-op>
<gc-end id="2227" type="scavenge" contextid="2223" durationms="130.410" usertimems="1000.750" systemtimems="2.777" timestamp="2020-09-11T10:46:21.335" activeThreads="8">
  <mem-info id="2228" free="1185165536" total="2785804288" percent="42">
    <mem type="nursery" free="672948112" total="939524096" percent="71">
      <mem type="allocate" free="672948112" total="795672576" percent="84" />
      <mem type="survivor" free="0" total="143851520" percent="0" />
    </mem>
    <mem type="tenure" free="512217424" total="1846280192" percent="27" macro-fragmented="2592282">
      <mem type="soa" free="401440080" total="1735502848" percent="23" />
      <mem type="loa" free="110777344" total="110777344" percent="100" />
    </mem>
    <remembered-set count="29618" />
  </mem-info>
</gc-end>
<cycle-end id="2229" type="scavenge" contextid="2223" timestamp="2020-09-11T10:46:21.336" />
<allocation-satisfied id="2230" threadId="00000000008AA200" bytesRequested="16" />
<af-end id="2231" timestamp="2020-09-11T10:46:21.336" threadId="00000000008AAB80" success="true" from="nursery"/>
<exclusive-end id="2232" timestamp="2020-09-11T10:46:21.336" durationms="132.735" />

<exclusive-start id="2233" timestamp="2020-09-11T10:46:23.305" intervalms="2101.310">
  <response-info timems="0.364" idlems="0.364" threads="0" lastid="0000000000846D00" lastname="Group1.Backend.CompositeBackend{Tier1}.5" />
</exclusive-start>
<af-start id="2234" threadId="0000000000847680" totalBytesRequested="262152" timestamp="2020-09-11T10:46:23.305" intervalms="2101.236" type="nursery" />
<cycle-start id="2235" type="scavenge" contextid="0" timestamp="2020-09-11T10:46:23.305" intervalms="2101.175" />
<gc-start id="2236" type="scavenge" contextid="2235" timestamp="2020-09-11T10:46:23.306">
  <mem-info id="2237" free="512217424" total="2785804288" percent="18">
    <mem type="nursery" free="0" total="939524096" percent="0">
      <mem type="allocate" free="0" total="795672576" percent="0" />
      <mem type="survivor" free="0" total="143851520" percent="0" />
    </mem>
    <mem type="tenure" free="512217424" total="1846280192" percent="27">
      <mem type="soa" free="401440080" total="1735502848" percent="23" />
      <mem type="loa" free="110777344" total="110777344" percent="100" />
    </mem>
    <remembered-set count="191413" />
  </mem-info>
</gc-start>
<allocation-stats totalBytes="672620152" >
  <allocated-bytes non-tlh="27856800" tlh="644763352" />
  <largest-consumer threadName="Group1.Backend.CompositeBackend{Tier1}.7" threadId="000000000087C200" bytes="103120168" />
</allocation-stats>
<gc-op id="2238" type="scavenge" timems="124.450" contextid="2235" timestamp="2020-09-11T10:46:23.430">
  <scavenger-info tenureage="3" tenuremask="7ff8" tiltratio="84" />
  <memory-copied type="nursery" objects="4327601" bytes="114906408" bytesdiscarded="220504" />
  <memory-copied type="tenure" objects="1114973" bytes="29988008" bytesdiscarded="56760" />
  <ownableSynchronizers candidates="6162" cleared="4994" />
  <references type="soft" candidates="884" cleared="0" enqueued="0" dynamicThreshold="18" maxThreshold="32" />
  <references type="weak" candidates="127" cleared="127" enqueued="0" />
</gc-op>
<gc-end id="2239" type="scavenge" contextid="2235" durationms="125.322" usertimems="899.229" systemtimems="5.435" timestamp="2020-09-11T10:46:23.431" activeThreads="8">
  <mem-info id="2240" free="1163937648" total="2785804288" percent="41">
    <mem type="nursery" free="681770016" total="939524096" percent="72">
      <mem type="allocate" free="681770016" total="796983296" percent="85" />
      <mem type="survivor" free="0" total="142540800" percent="0" />
    </mem>
    <mem type="tenure" free="482167632" total="1846280192" percent="26" macro-fragmented="0">
      <mem type="soa" free="371390288" total="1735502848" percent="21" />
      <mem type="loa" free="110777344" total="110777344" percent="100" />
    </mem>
    <remembered-set count="29415" />
  </mem-info>
</gc-end>
<cycle-end id="2241" type="scavenge" contextid="2235" timestamp="2020-09-11T10:46:23.432" />
<allocation-satisfied id="2242" threadId="0000000000846D00" bytesRequested="262152" />
<af-end id="2243" timestamp="2020-09-11T10:46:23.432" threadId="0000000000847680" success="true" from="nursery"/>
<exclusive-end id="2244" timestamp="2020-09-11T10:46:23.432" durationms="126.952" />

<exclusive-start id="2245" timestamp="2020-09-11T10:46:25.357" intervalms="2052.579">
  <response-info timems="0.430" idlems="0.430" threads="0" lastid="0000000000844E00" lastname="Group1.Backend.CompositeBackend{Tier1}.3" />
</exclusive-start>
<af-start id="2246" threadId="0000000000845780" totalBytesRequested="24" timestamp="2020-09-11T10:46:25.358" intervalms="2052.616" type="nursery" />
<cycle-start id="2247" type="scavenge" contextid="0" timestamp="2020-09-11T10:46:25.358" intervalms="2052.681" />
<gc-start id="2248" type="scavenge" contextid="2247" timestamp="2020-09-11T10:46:25.358">
  <mem-info id="2249" free="482167632" total="2785804288" percent="17">
    <mem type="nursery" free="0" total="939524096" percent="0">
      <mem type="allocate" free="0" total="796983296" percent="0" />
      <mem type="survivor" free="0" total="142540800" percent="0" />
    </mem>
    <mem type="tenure" free="482167632" total="1846280192" percent="26">
      <mem type="soa" free="371390288" total="1735502848" percent="21" />
      <mem type="loa" free="110777344" total="110777344" percent="100" />
    </mem>
    <remembered-set count="191950" />
  </mem-info>
</gc-start>
<allocation-stats totalBytes="681437160" >
  <allocated-bytes non-tlh="32472744" tlh="648964416" />
  <largest-consumer threadName="Group1.Backend.CompositeBackend{Tier1}.7" threadId="000000000087C200" bytes="111954464" />
</allocation-stats>
<gc-op id="2250" type="scavenge" timems="121.808" contextid="2247" timestamp="2020-09-11T10:46:25.480">
  <scavenger-info tenureage="3" tenuremask="7ff8" tiltratio="84" />
  <memory-copied type="nursery" objects="4456773" bytes="118117160" bytesdiscarded="150808" />
  <memory-copied type="tenure" objects="1092127" bytes="29382944" bytesdiscarded="64376" />
  <ownableSynchronizers candidates="6659" cleared="5528" />
  <references type="soft" candidates="877" cleared="0" enqueued="0" dynamicThreshold="18" maxThreshold="32" />
  <references type="weak" candidates="94" cleared="94" enqueued="0" />
</gc-op>
<gc-end id="2251" type="scavenge" contextid="2247" durationms="122.896" usertimems="924.820" systemtimems="0.000" timestamp="2020-09-11T10:46:25.481" activeThreads="8">
  <mem-info id="2252" free="1132652496" total="2785804288" percent="40">
    <mem type="nursery" free="679933304" total="939524096" percent="72">
      <mem type="allocate" free="679933304" total="798294016" percent="85" />
      <mem type="survivor" free="0" total="141230080" percent="0" />
    </mem>
    <mem type="tenure" free="452719192" total="1846280192" percent="24" macro-fragmented="1310760">
      <mem type="soa" free="341941848" total="1735502848" percent="19" />
      <mem type="loa" free="110777344" total="110777344" percent="100" />
    </mem>
    <remembered-set count="28898" />
  </mem-info>
</gc-end>
<cycle-end id="2253" type="scavenge" contextid="2247" timestamp="2020-09-11T10:46:25.482" />
<allocation-satisfied id="2254" threadId="0000000000844E00" bytesRequested="24" />
<af-end id="2255" timestamp="2020-09-11T10:46:25.482" threadId="0000000000845780" success="true" from="nursery"/>
<exclusive-end id="2256" timestamp="2020-09-11T10:46:25.482" durationms="124.563" />

<exclusive-start id="2257" timestamp="2020-09-11T10:46:27.434" intervalms="2077.070">
  <response-info timems="0.434" idlems="0.232" threads="1" lastid="0000000000873600" lastname="Group1.Backend.CompositeBackend{Tier1}.6" />
</exclusive-start>
<af-start id="2258" threadId="0000000000846380" totalBytesRequested="56" timestamp="2020-09-11T10:46:27.435" intervalms="2077.068" type="nursery" />
<cycle-start id="2259" type="scavenge" contextid="0" timestamp="2020-09-11T10:46:27.435" intervalms="2077.030" />
<gc-start id="2260" type="scavenge" contextid="2259" timestamp="2020-09-11T10:46:27.435">
  <mem-info id="2261" free="452719192" total="2785804288" percent="16">
    <mem type="nursery" free="0" total="939524096" percent="0">
      <mem type="allocate" free="0" total="798294016" percent="0" />
      <mem type="survivor" free="0" total="141230080" percent="0" />
    </mem>
    <mem type="tenure" free="452719192" total="1846280192" percent="24">
      <mem type="soa" free="341941848" total="1735502848" percent="19" />
      <mem type="loa" free="110777344" total="110777344" percent="100" />
    </mem>
    <remembered-set count="191563" />
  </mem-info>
</gc-start>
<allocation-stats totalBytes="679618992" >
  <allocated-bytes non-tlh="33990784" tlh="645628208" />
  <largest-consumer threadName="Group1.Backend.CompositeBackend{Tier1}.5" threadId="0000000000846D00" bytes="100719392" />
</allocation-stats>
<gc-op id="2262" type="scavenge" timems="119.766" contextid="2259" timestamp="2020-09-11T10:46:27.555">
  <scavenger-info tenureage="3" tenuremask="7ff8" tiltratio="84" />
  <memory-copied type="nursery" objects="4384828" bytes="116946912" bytesdiscarded="156872" />
  <memory-copied type="tenure" objects="1100094" bytes="29605344" bytesdiscarded="77832" />
  <ownableSynchronizers candidates="6451" cleared="5328" />
  <references type="soft" candidates="885" cleared="0" enqueued="0" dynamicThreshold="18" maxThreshold="32" />
  <references type="weak" candidates="124" cleared="123" enqueued="0" />
</gc-op>
<gc-end id="2263" type="scavenge" contextid="2259" durationms="120.675" usertimems="944.862" systemtimems="0.000" timestamp="2020-09-11T10:46:27.556" activeThreads="8">
  <mem-info id="2264" free="1105961696" total="2785804288" percent="39">
    <mem type="nursery" free="682936072" total="939524096" percent="72">
      <mem type="allocate" free="682936072" total="800129024" percent="85" />
      <mem type="survivor" free="0" total="139395072" percent="0" />
    </mem>
    <mem type="tenure" free="423025624" total="1846280192" percent="22" macro-fragmented="0">
      <mem type="soa" free="312248280" total="1735502848" percent="17" />
      <mem type="loa" free="110777344" total="110777344" percent="100" />
    </mem>
    <remembered-set count="30301" />
  </mem-info>
</gc-end>
<cycle-end id="2265" type="scavenge" contextid="2259" timestamp="2020-09-11T10:46:27.557" />
<allocation-satisfied id="2266" threadId="0000000000845A00" bytesRequested="56" />
<af-end id="2267" timestamp="2020-09-11T10:46:27.557" threadId="0000000000846380" success="true" from="nursery"/>
<exclusive-end id="2268" timestamp="2020-09-11T10:46:27.557" durationms="122.339" />

<exclusive-start id="2269" timestamp="2020-09-11T10:46:29.521" intervalms="2086.446">
  <response-info timems="1.269" idlems="1.269" threads="0" lastid="0000000000846D00" lastname="Group1.Backend.CompositeBackend{Tier1}.5" />
</exclusive-start>
<af-start id="2270" threadId="0000000000847680" totalBytesRequested="16" timestamp="2020-09-11T10:46:29.522" intervalms="2086.524" type="nursery" />
<cycle-start id="2271" type="scavenge" contextid="0" timestamp="2020-09-11T10:46:29.522" intervalms="2086.496" />
<gc-start id="2272" type="scavenge" contextid="2271" timestamp="2020-09-11T10:46:29.522">
  <mem-info id="2273" free="423025624" total="2785804288" percent="15">
    <mem type="nursery" free="0" total="939524096" percent="0">
      <mem type="allocate" free="0" total="800129024" percent="0" />
      <mem type="survivor" free="0" total="139395072" percent="0" />
    </mem>
    <mem type="tenure" free="423025624" total="1846280192" percent="22">
      <mem type="soa" free="312248280" total="1735502848" percent="17" />
      <mem type="loa" free="110777344" total="110777344" percent="100" />
    </mem>
    <remembered-set count="195565" />
  </mem-info>
</gc-start>
<allocation-stats totalBytes="682608360" >
  <allocated-bytes non-tlh="28720704" tlh="653887656" />
  <largest-consumer threadName="Group1.Backend.CompositeBackend{Tier1}.7" threadId="000000000087C200" bytes="93476488" />
</allocation-stats>
<gc-op id="2274" type="scavenge" timems="127.027" contextid="2271" timestamp="2020-09-11T10:46:29.649">
  <scavenger-info tenureage="3" tenuremask="7ff8" tiltratio="85" />
  <memory-copied type="nursery" objects="4360219" bytes="115971744" bytesdiscarded="152176" />
  <memory-copied type="tenure" objects="1093069" bytes="29417512" bytesdiscarded="78864" />
  <ownableSynchronizers candidates="7523" cleared="6340" />
  <references type="soft" candidates="948" cleared="0" enqueued="0" dynamicThreshold="18" maxThreshold="32" />
  <references type="weak" candidates="116" cleared="116" enqueued="0" />
</gc-op>
<gc-end id="2275" type="scavenge" contextid="2271" durationms="128.329" usertimems="940.608" systemtimems="8.673" timestamp="2020-09-11T10:46:29.650" activeThreads="8">
  <mem-info id="2276" free="1079121016" total="2785804288" percent="38">
    <mem type="nursery" free="685560480" total="939524096" percent="72">
      <mem type="allocate" free="685560480" total="801767424" percent="85" />
      <mem type="survivor" free="0" total="137756672" percent="0" />
    </mem>
    <mem type="tenure" free="393560536" total="1846280192" percent="21" macro-fragmented="3145752">
      <mem type="soa" free="282783192" total="1735502848" percent="16" />
      <mem type="loa" free="110777344" total="110777344" percent="100" />
    </mem>
    <remembered-set count="33446" />
  </mem-info>
</gc-end>
<cycle-end id="2277" type="scavenge" contextid="2271" timestamp="2020-09-11T10:46:29.651" />
<allocation-satisfied id="2278" threadId="0000000000846D00" bytesRequested="16" />
<af-end id="2279" timestamp="2020-09-11T10:46:29.651" threadId="0000000000847680" success="true" from="nursery"/>
<exclusive-end id="2280" timestamp="2020-09-11T10:46:29.651" durationms="130.305" />

<exclusive-start id="2281" timestamp="2020-09-11T10:46:31.580" intervalms="2059.181">
  <response-info timems="5.518" idlems="5.518" threads="0" lastid="0000000000873600" lastname="Group1.Backend.CompositeBackend{Tier1}.6" />
</exclusive-start>
<af-start id="2282" threadId="0000000000873F80" totalBytesRequested="16" timestamp="2020-09-11T10:46:31.581" intervalms="2059.722" type="nursery" />
<cycle-start id="2283" type="scavenge" contextid="0" timestamp="2020-09-11T10:46:31.582" intervalms="2059.833" />
<gc-start id="2284" type="scavenge" contextid="2283" timestamp="2020-09-11T10:46:31.582">
  <mem-info id="2285" free="393560536" total="2785804288" percent="14">
    <mem type="nursery" free="0" total="939524096" percent="0">
      <mem type="allocate" free="0" total="801767424" percent="0" />
      <mem type="survivor" free="0" total="137756672" percent="0" />
    </mem>
    <mem type="tenure" free="393560536" total="1846280192" percent="21">
      <mem type="soa" free="282783192" total="1735502848" percent="16" />
      <mem type="loa" free="110777344" total="110777344" percent="100" />
    </mem>
    <remembered-set count="193987" />
  </mem-info>
</gc-start>
<allocation-stats totalBytes="685224568" >
  <allocated-bytes non-tlh="37140576" tlh="648083992" />
  <largest-consumer threadName="Group1.Backend.CompositeBackend{Tier1}.5" threadId="0000000000846D00" bytes="107985016" />
</allocation-stats>
<gc-op id="2286" type="scavenge" timems="178.340" contextid="2283" timestamp="2020-09-11T10:46:31.760">
  <scavenger-info tenureage="3" tenuremask="7ff8" tiltratio="85" />
  <memory-copied type="nursery" objects="4295167" bytes="114325224" bytesdiscarded="177768" />
  <memory-copied type="tenure" objects="1107210" bytes="29896080" bytesdiscarded="89744" />
  <ownableSynchronizers candidates="5959" cleared="4778" />
  <references type="soft" candidates="920" cleared="0" enqueued="0" dynamicThreshold="18" maxThreshold="32" />
  <references type="weak" candidates="122" cleared="122" enqueued="0" />
</gc-op>
<gc-end id="2287" type="scavenge" contextid="2283" durationms="179.354" usertimems="1125.765" systemtimems="41.992" timestamp="2020-09-11T10:46:31.761" activeThreads="8">
  <mem-info id="2288" free="1052420696" total="2785804288" percent="37">
    <mem type="nursery" free="688755728" total="939524096" percent="73">
      <mem type="allocate" free="688755728" total="803340288" percent="85" />
      <mem type="survivor" free="0" total="136183808" percent="0" />
    </mem>
    <mem type="tenure" free="363664968" total="1846280192" percent="19" macro-fragmented="0">
      <mem type="soa" free="252887624" total="1735502848" percent="14" />
      <mem type="loa" free="110777344" total="110777344" percent="100" />
    </mem>
    <remembered-set count="32433" />
  </mem-info>
</gc-end>
<cycle-end id="2289" type="scavenge" contextid="2283" timestamp="2020-09-11T10:46:31.762" />
<allocation-satisfied id="2290" threadId="0000000000873600" bytesRequested="16" />
<af-end id="2291" timestamp="2020-09-11T10:46:31.762" threadId="0000000000873F80" success="true" from="nursery"/>
<exclusive-end id="2292" timestamp="2020-09-11T10:46:31.762" durationms="181.605" />

<exclusive-start id="2293" timestamp="2020-09-11T10:46:33.705" intervalms="2125.244">
  <response-info timems="4.622" idlems="4.622" threads="0" lastid="0000000000846D00" lastname="Group1.Backend.CompositeBackend{Tier1}.5" />
</exclusive-start>
<af-start id="2294" threadId="0000000000847680" totalBytesRequested="784" timestamp="2020-09-11T10:46:33.706" intervalms="2124.711" type="nursery" />
<cycle-start id="2295" type="scavenge" contextid="0" timestamp="2020-09-11T10:46:33.706" intervalms="2124.614" />
<gc-start id="2296" type="scavenge" contextid="2295" timestamp="2020-09-11T10:46:33.706">
  <mem-info id="2297" free="363664968" total="2785804288" percent="13">
    <mem type="nursery" free="0" total="939524096" percent="0">
      <mem type="allocate" free="0" total="803340288" percent="0" />
      <mem type="survivor" free="0" total="136183808" percent="0" />
    </mem>
    <mem type="tenure" free="363664968" total="1846280192" percent="19">
      <mem type="soa" free="252887624" total="1735502848" percent="14" />
      <mem type="loa" free="110777344" total="110777344" percent="100" />
    </mem>
    <remembered-set count="195930" />
  </mem-info>
</gc-start>
<allocation-stats totalBytes="688423168" >
  <allocated-bytes non-tlh="29334856" tlh="659088312" />
  <largest-consumer threadName="Group1.Backend.CompositeBackend{Tier1}.5" threadId="0000000000846D00" bytes="110273440" />
</allocation-stats>
<gc-op id="2298" type="scavenge" timems="142.397" contextid="2295" timestamp="2020-09-11T10:46:33.849">
  <scavenger-info tenureage="3" tenuremask="7ff8" tiltratio="85" />
  <memory-copied type="nursery" objects="4323663" bytes="114877792" bytesdiscarded="309752" />
  <memory-copied type="tenure" objects="1080268" bytes="29013904" bytesdiscarded="82248" />
  <ownableSynchronizers candidates="6362" cleared="5196" />
  <references type="soft" candidates="917" cleared="0" enqueued="0" dynamicThreshold="18" maxThreshold="32" />
  <references type="weak" candidates="127" cleared="127" enqueued="0" />
</gc-op>
<gc-end id="2299" type="scavenge" contextid="2295" durationms="143.501" usertimems="1000.865" systemtimems="10.729" timestamp="2020-09-11T10:46:33.850" activeThreads="8">
  <mem-info id="2300" free="1024047024" total="2785804288" percent="36">
    <mem type="nursery" free="689443832" total="939524096" percent="73">
      <mem type="allocate" free="689443832" total="804716544" percent="85" />
      <mem type="survivor" free="0" total="134807552" percent="0" />
    </mem>
    <mem type="tenure" free="334603192" total="1846280192" percent="18" macro-fragmented="1500163">
      <mem type="soa" free="223825848" total="1735502848" percent="12" />
      <mem type="loa" free="110777344" total="110777344" percent="100" />
    </mem>
    <remembered-set count="30049" />
  </mem-info>
</gc-end>
<cycle-end id="2301" type="scavenge" contextid="2295" timestamp="2020-09-11T10:46:33.850" />
<allocation-satisfied id="2302" threadId="0000000000846D00" bytesRequested="784" />
<af-end id="2303" timestamp="2020-09-11T10:46:33.851" threadId="0000000000847680" success="true" from="nursery"/>
<exclusive-end id="2304" timestamp="2020-09-11T10:46:33.851" durationms="145.289" />

<exclusive-start id="2305" timestamp="2020-09-11T10:46:35.797" intervalms="2092.064">
  <response-info timems="3.745" idlems="3.745" threads="0" lastid="000000000087C200" lastname="Group1.Backend.CompositeBackend{Tier1}.7" />
</exclusive-start>
<af-start id="2306" threadId="000000000087CB80" totalBytesRequested="32" timestamp="2020-09-11T10:46:35.798" intervalms="2092.007" type="nursery" />
<cycle-start id="2307" type="scavenge" contextid="0" timestamp="2020-09-11T10:46:35.798" intervalms="2092.019" />
<gc-start id="2308" type="scavenge" contextid="2307" timestamp="2020-09-11T10:46:35.798">
  <mem-info id="2309" free="334603192" total="2785804288" percent="12">
    <mem type="nursery" free="0" total="939524096" percent="0">
      <mem type="allocate" free="0" total="804716544" percent="0" />
      <mem type="survivor" free="0" total="134807552" percent="0" />
    </mem>
    <mem type="tenure" free="334603192" total="1846280192" percent="18">
      <mem type="soa" free="223825848" total="1735502848" percent="12" />
      <mem type="loa" free="110777344" total="110777344" percent="100" />
    </mem>
    <remembered-set count="193575" />
  </mem-info>
</gc-start>
<allocation-stats totalBytes="689115224" >
  <allocated-bytes non-tlh="34084952" tlh="655030272" />
  <largest-consumer threadName="Group1.Backend.CompositeBackend{Tier1}.4" threadId="0000000000845A00" bytes="99065840" />
</allocation-stats>
<gc-op id="2310" type="scavenge" timems="119.196" contextid="2307" timestamp="2020-09-11T10:46:35.918">
  <scavenger-info tenureage="3" tenuremask="7ff8" tiltratio="85" />
  <memory-copied type="nursery" objects="4114650" bytes="110348848" bytesdiscarded="152840" />
  <memory-copied type="tenure" objects="1109328" bytes="29807272" bytesdiscarded="97632" />
  <ownableSynchronizers candidates="6891" cleared="5707" />
  <references type="soft" candidates="895" cleared="0" enqueued="0" dynamicThreshold="18" maxThreshold="32" />
  <references type="weak" candidates="124" cleared="122" enqueued="0" />
</gc-op>
<gc-end id="2311" type="scavenge" contextid="2307" durationms="120.796" usertimems="844.076" systemtimems="7.977" timestamp="2020-09-11T10:46:35.919" activeThreads="8">
  <mem-info id="2312" free="1000085624" total="2785804288" percent="35">
    <mem type="nursery" free="695372032" total="939524096" percent="74">
      <mem type="allocate" free="695372032" total="805961728" percent="86" />
      <mem type="survivor" free="0" total="133562368" percent="0" />
    </mem>
    <mem type="tenure" free="304713592" total="1846280192" percent="16" macro-fragmented="1572888">
      <mem type="soa" free="193936248" total="1735502848" percent="11" />
      <mem type="loa" free="110777344" total="110777344" percent="100" />
    </mem>
    <remembered-set count="29977" />
  </mem-info>
</gc-end>
<cycle-end id="2313" type="scavenge" contextid="2307" timestamp="2020-09-11T10:46:35.920" />
<allocation-satisfied id="2314" threadId="000000000087C200" bytesRequested="32" />
<af-end id="2315" timestamp="2020-09-11T10:46:35.920" threadId="000000000087CB80" success="true" from="nursery"/>
<exclusive-end id="2316" timestamp="2020-09-11T10:46:35.920" durationms="122.870" />

<exclusive-start id="2317" timestamp="2020-09-11T10:46:37.831" intervalms="2033.723">
  <response-info timems="6.957" idlems="6.957" threads="0" lastid="0000000000846D00" lastname="Group1.Backend.CompositeBackend{Tier1}.5" />
</exclusive-start>
<af-start id="2318" threadId="0000000000847680" totalBytesRequested="96" timestamp="2020-09-11T10:46:37.832" intervalms="2033.707" type="nursery" />
<cycle-start id="2319" type="scavenge" contextid="0" timestamp="2020-09-11T10:46:37.832" intervalms="2033.691" />
<gc-start id="2320" type="scavenge" contextid="2319" timestamp="2020-09-11T10:46:37.832">
  <mem-info id="2321" free="304713592" total="2785804288" percent="10">
    <mem type="nursery" free="0" total="939524096" percent="0">
      <mem type="allocate" free="0" total="805961728" percent="0" />
      <mem type="survivor" free="0" total="133562368" percent="0" />
    </mem>
    <mem type="tenure" free="304713592" total="1846280192" percent="16">
      <mem type="soa" free="193936248" total="1735502848" percent="11" />
      <mem type="loa" free="110777344" total="110777344" percent="100" />
    </mem>
    <remembered-set count="192958" />
  </mem-info>
</gc-start>
<allocation-stats totalBytes="695036496" >
  <allocated-bytes non-tlh="35095352" tlh="659941144" />
  <largest-consumer threadName="Group1.Backend.CompositeBackend{Tier1}.8" threadId="00000000008AA200" bytes="107761568" />
</allocation-stats>
<gc-op id="2322" type="scavenge" timems="104.995" contextid="2319" timestamp="2020-09-11T10:46:37.937">
  <scavenger-info tenureage="3" tenuremask="7ff8" tiltratio="85" />
  <memory-copied type="nursery" objects="4166033" bytes="111611472" bytesdiscarded="438208" />
  <memory-copied type="tenure" objects="1056600" bytes="28410888" bytesdiscarded="93472" />
  <ownableSynchronizers candidates="6903" cleared="5755" />
  <references type="soft" candidates="930" cleared="0" enqueued="0" dynamicThreshold="18" maxThreshold="32" />
  <references type="weak" candidates="117" cleared="117" enqueued="0" />
</gc-op>
<gc-end id="2323" type="scavenge" contextid="2319" durationms="105.871" usertimems="774.465" systemtimems="2.557" timestamp="2020-09-11T10:46:37.938" activeThreads="8">
  <mem-info id="2324" free="971410712" total="2785804288" percent="34">
    <mem type="nursery" free="695200000" total="939524096" percent="73">
      <mem type="allocate" free="695200000" total="807337984" percent="86" />
      <mem type="survivor" free="0" total="132186112" percent="0" />
    </mem>
    <mem type="tenure" free="276210712" total="1846280192" percent="14" macro-fragmented="0">
      <mem type="soa" free="165433368" total="1735502848" percent="9" />
      <mem type="loa" free="110777344" total="110777344" percent="100" />
    </mem>
    <remembered-set count="30125" />
  </mem-info>
</gc-end>
<cycle-end id="2325" type="scavenge" contextid="2319" timestamp="2020-09-11T10:46:37.938" />
<allocation-satisfied id="2326" threadId="0000000000846D00" bytesRequested="96" />
<af-end id="2327" timestamp="2020-09-11T10:46:37.938" threadId="0000000000847680" success="true" from="nursery"/>
<exclusive-end id="2328" timestamp="2020-09-11T10:46:37.938" durationms="107.392" />

<exclusive-start id="2329" timestamp="2020-09-11T10:46:40.083" intervalms="2251.999">
  <response-info timems="0.413" idlems="0.413" threads="0" lastid="0000000000782C00" lastname="Group1.Backend.CompositeBackend{Tier1}.1" />
</exclusive-start>
<af-start id="2330" threadId="0000000000783580" totalBytesRequested="24" timestamp="2020-09-11T10:46:40.084" intervalms="2252.004" type="nursery" />
<cycle-start id="2331" type="scavenge" contextid="0" timestamp="2020-09-11T10:46:40.084" intervalms="2252.001" />
<gc-start id="2332" type="scavenge" contextid="2331" timestamp="2020-09-11T10:46:40.084">
  <mem-info id="2333" free="276210712" total="2785804288" percent="9">
    <mem type="nursery" free="0" total="939524096" percent="0">
      <mem type="allocate" free="0" total="807337984" percent="0" />
      <mem type="survivor" free="0" total="132186112" percent="0" />
    </mem>
    <mem type="tenure" free="276210712" total="1846280192" percent="14">
      <mem type="soa" free="165433368" total="1735502848" percent="9" />
      <mem type="loa" free="110777344" total="110777344" percent="100" />
    </mem>
    <remembered-set count="197798" />
  </mem-info>
</gc-start>
<allocation-stats totalBytes="694858696" >
  <allocated-bytes non-tlh="25400712" tlh="669457984" />
  <largest-consumer threadName="Group1.Backend.CompositeBackend{Tier1}.5" threadId="0000000000846D00" bytes="116913008" />
</allocation-stats>
<gc-op id="2334" type="scavenge" timems="109.029" contextid="2331" timestamp="2020-09-11T10:46:40.193">
  <scavenger-info tenureage="3" tenuremask="7ff8" tiltratio="85" />
  <memory-copied type="nursery" objects="4436861" bytes="118356008" bytesdiscarded="183632" />
  <memory-copied type="tenure" objects="1103510" bytes="29688816" bytesdiscarded="83096" />
  <ownableSynchronizers candidates="5999" cleared="4874" />
  <references type="soft" candidates="909" cleared="0" enqueued="0" dynamicThreshold="18" maxThreshold="32" />
  <references type="weak" candidates="118" cleared="118" enqueued="0" />
</gc-op>
<gc-end id="2335" type="scavenge" contextid="2331" durationms="110.234" usertimems="855.469" systemtimems="0.000" timestamp="2020-09-11T10:46:40.194" activeThreads="8">
  <mem-info id="2336" free="928783992" total="2785804288" percent="33">
    <mem type="nursery" free="682355016" total="939524096" percent="72">
      <mem type="allocate" free="682355016" total="800980992" percent="85" />
      <mem type="survivor" free="0" total="138543104" percent="0" />
    </mem>
    <mem type="tenure" free="246428976" total="1846280192" percent="13" macro-fragmented="0">
      <mem type="soa" free="135651632" total="1735502848" percent="7" />
      <mem type="loa" free="110777344" total="110777344" percent="100" />
    </mem>
    <remembered-set count="32286" />
  </mem-info>
</gc-end>
<cycle-end id="2337" type="scavenge" contextid="2331" timestamp="2020-09-11T10:46:40.195" />
<allocation-satisfied id="2338" threadId="0000000000782C00" bytesRequested="24" />
<af-end id="2339" timestamp="2020-09-11T10:46:40.195" threadId="0000000000783580" success="true" from="nursery"/>
<exclusive-end id="2340" timestamp="2020-09-11T10:46:40.195" durationms="111.838" />

<exclusive-start id="2341" timestamp="2020-09-11T10:46:42.119" intervalms="2035.806">
  <response-info timems="0.783" idlems="0.783" threads="0" lastid="0000000000A69B00" lastname="Group1.Backend.CompositeBackend{Tier3}.8" />
</exclusive-start>
<af-start id="2342" threadId="0000000000A6A480" totalBytesRequested="56" timestamp="2020-09-11T10:46:42.119" intervalms="2035.752" type="nursery" />
<cycle-start id="2343" type="scavenge" contextid="0" timestamp="2020-09-11T10:46:42.120" intervalms="2035.743" />
<gc-start id="2344" type="scavenge" contextid="2343" timestamp="2020-09-11T10:46:42.120">
  <mem-info id="2345" free="246428976" total="2785804288" percent="8">
    <mem type="nursery" free="0" total="939524096" percent="0">
      <mem type="allocate" free="0" total="800980992" percent="0" />
      <mem type="survivor" free="0" total="138543104" percent="0" />
    </mem>
    <mem type="tenure" free="246428976" total="1846280192" percent="13">
      <mem type="soa" free="135651632" total="1735502848" percent="7" />
      <mem type="loa" free="110777344" total="110777344" percent="100" />
    </mem>
    <remembered-set count="193711" />
  </mem-info>
</gc-start>
<allocation-stats totalBytes="682038472" >
  <allocated-bytes non-tlh="34869320" tlh="647169152" />
  <largest-consumer threadName="Group1.Backend.CompositeBackend{Tier1}.8" threadId="00000000008AA200" bytes="95985960" />
</allocation-stats>
<gc-op id="2346" type="scavenge" timems="116.705" contextid="2343" timestamp="2020-09-11T10:46:42.237">
  <scavenger-info tenureage="3" tenuremask="7ff8" tiltratio="85" />
  <memory-copied type="nursery" objects="4354514" bytes="115963896" bytesdiscarded="231360" />
  <memory-copied type="tenure" objects="1106232" bytes="29740024" bytesdiscarded="78728" />
  <ownableSynchronizers candidates="5679" cleared="4604" />
  <references type="soft" candidates="864" cleared="0" enqueued="0" dynamicThreshold="18" maxThreshold="32" />
  <references type="weak" candidates="124" cleared="122" enqueued="0" />
</gc-op>
<gc-end id="2347" type="scavenge" contextid="2343" durationms="117.808" usertimems="821.487" systemtimems="16.998" timestamp="2020-09-11T10:46:42.238" activeThreads="8">
  <mem-info id="2348" free="902496608" total="2785804288" percent="32">
    <mem type="nursery" free="685883328" total="939524096" percent="73">
      <mem type="allocate" free="685883328" total="802160640" percent="85" />
      <mem type="survivor" free="0" total="137363456" percent="0" />
    </mem>
    <mem type="tenure" free="216613280" total="1846280192" percent="11" macro-fragmented="0">
      <mem type="soa" free="105835936" total="1735502848" percent="6" />
      <mem type="loa" free="110777344" total="110777344" percent="100" />
    </mem>
    <remembered-set count="31352" />
  </mem-info>
</gc-end>
<cycle-end id="2349" type="scavenge" contextid="2343" timestamp="2020-09-11T10:46:42.238" />
<allocation-satisfied id="2350" threadId="0000000000A69B00" bytesRequested="56" />
<af-end id="2351" timestamp="2020-09-11T10:46:42.238" threadId="0000000000A6A480" success="true" from="nursery"/>
<exclusive-end id="2352" timestamp="2020-09-11T10:46:42.238" durationms="119.250" />

<exclusive-start id="2353" timestamp="2020-09-11T10:46:44.127" intervalms="2008.608">
  <response-info timems="0.629" idlems="0.629" threads="0" lastid="00000000008AA200" lastname="Group1.Backend.CompositeBackend{Tier1}.8" />
</exclusive-start>
<af-start id="2354" threadId="00000000008AAB80" totalBytesRequested="1032" timestamp="2020-09-11T10:46:44.128" intervalms="2008.648" type="nursery" />
<cycle-start id="2355" type="scavenge" contextid="0" timestamp="2020-09-11T10:46:44.128" intervalms="2008.650" />
<gc-start id="2356" type="scavenge" contextid="2355" timestamp="2020-09-11T10:46:44.129">
  <mem-info id="2357" free="216613280" total="2785804288" percent="7">
    <mem type="nursery" free="0" total="939524096" percent="0">
      <mem type="allocate" free="0" total="802160640" percent="0" />
      <mem type="survivor" free="0" total="137363456" percent="0" />
    </mem>
    <mem type="tenure" free="216613280" total="1846280192" percent="11">
      <mem type="soa" free="105835936" total="1735502848" percent="6" />
      <mem type="loa" free="110777344" total="110777344" percent="100" />
    </mem>
    <remembered-set count="190594" />
  </mem-info>
</gc-start>
<allocation-stats totalBytes="685542192" >
  <allocated-bytes non-tlh="37944376" tlh="647597816" />
  <largest-consumer threadName="Group1.Backend.CompositeBackend{Tier1}.6" threadId="0000000000873600" bytes="106593848" />
</allocation-stats>
<gc-op id="2358" type="scavenge" timems="118.183" contextid="2355" timestamp="2020-09-11T10:46:44.247">
  <scavenger-info tenureage="3" tenuremask="7ff8" tiltratio="85" />
  <memory-copied type="nursery" objects="4491881" bytes="119824752" bytesdiscarded="206240" />
  <memory-copied type="tenure" objects="1080311" bytes="29037040" bytesdiscarded="56368" />
  <ownableSynchronizers candidates="5381" cleared="4414" />
  <references type="soft" candidates="812" cleared="0" enqueued="0" dynamicThreshold="18" maxThreshold="32" />
  <references type="weak" candidates="107" cleared="107" enqueued="0" />
</gc-op>
<gc-end id="2359" type="scavenge" contextid="2355" durationms="119.363" usertimems="931.968" systemtimems="0.000" timestamp="2020-09-11T10:46:44.248" activeThreads="8">
  <mem-info id="2360" free="868380504" total="2785804288" percent="31">
    <mem type="nursery" free="681065496" total="939524096" percent="72">
      <mem type="allocate" free="681065496" total="801177600" percent="85" />
      <mem type="survivor" free="0" total="138346496" percent="0" />
    </mem>
    <mem type="tenure" free="187315008" total="1846280192" percent="10" macro-fragmented="0">
      <mem type="soa" free="76537664" total="1735502848" percent="4" />
      <mem type="loa" free="110777344" total="110777344" percent="100" />
    </mem>
    <remembered-set count="30138" />
  </mem-info>
</gc-end>
<cycle-end id="2361" type="scavenge" contextid="2355" timestamp="2020-09-11T10:46:44.248" />
<allocation-satisfied id="2362" threadId="00000000008AA200" bytesRequested="1032" />
<af-end id="2363" timestamp="2020-09-11T10:46:44.248" threadId="00000000008AAB80" success="true" from="nursery"/>
<exclusive-end id="2364" timestamp="2020-09-11T10:46:44.248" durationms="120.983" />

<exclusive-start id="2365" timestamp="2020-09-11T10:46:46.326" intervalms="2198.465">
  <response-info timems="6.468" idlems="6.468" threads="0" lastid="00000000008AA200" lastname="Group1.Backend.CompositeBackend{Tier1}.8" />
</exclusive-start>
<af-start id="2366" threadId="00000000008AAB80" totalBytesRequested="32" timestamp="2020-09-11T10:46:46.327" intervalms="2198.498" type="nursery" />
<cycle-start id="2367" type="scavenge" contextid="0" timestamp="2020-09-11T10:46:46.327" intervalms="2198.521" />
<gc-start id="2368" type="scavenge" contextid="2367" timestamp="2020-09-11T10:46:46.327">
  <mem-info id="2369" free="187315008" total="2785804288" percent="6">
    <mem type="nursery" free="0" total="939524096" percent="0">
      <mem type="allocate" free="0" total="801177600" percent="0" />
      <mem type="survivor" free="0" total="138346496" percent="0" />
    </mem>
    <mem type="tenure" free="187315008" total="1846280192" percent="10">
      <mem type="soa" free="76537664" total="1735502848" percent="4" />
      <mem type="loa" free="110777344" total="110777344" percent="100" />
    </mem>
    <remembered-set count="193666" />
  </mem-info>
</gc-start>
<allocation-stats totalBytes="680744864" >
  <allocated-bytes non-tlh="29465688" tlh="651279176" />
  <largest-consumer threadName="Group1.Backend.CompositeBackend{Tier1}.3" threadId="0000000000844E00" bytes="104213224" />
</allocation-stats>
<gc-op id="2370" type="scavenge" timems="112.315" contextid="2367" timestamp="2020-09-11T10:46:46.439">
  <scavenger-info tenureage="3" tenuremask="7ff8" tiltratio="85" />
  <memory-copied type="nursery" objects="4042059" bytes="108550216" bytesdiscarded="246904" />
  <memory-copied type="tenure" objects="1155563" bytes="31070728" bytesdiscarded="28864" />
  <ownableSynchronizers candidates="4932" cleared="4078" />
  <references type="soft" candidates="778" cleared="0" enqueued="0" dynamicThreshold="18" maxThreshold="32" />
  <references type="weak" candidates="113" cleared="113" enqueued="0" />
</gc-op>
<gc-end id="2371" type="scavenge" contextid="2367" durationms="113.284" usertimems="862.901" systemtimems="3.719" timestamp="2020-09-11T10:46:46.440" activeThreads="8">
  <mem-info id="2372" free="849317552" total="2785804288" percent="30">
    <mem type="nursery" free="693144064" total="939524096" percent="73">
      <mem type="allocate" free="693144064" total="802029568" percent="86" />
      <mem type="survivor" free="0" total="137494528" percent="0" />
    </mem>
    <mem type="tenure" free="156173488" total="1846280192" percent="8" macro-fragmented="0">
      <mem type="soa" free="45396144" total="1735502848" percent="2" />
      <mem type="loa" free="110777344" total="110777344" percent="100" />
    </mem>
    <remembered-set count="28293" />
  </mem-info>
</gc-end>
<cycle-end id="2373" type="scavenge" contextid="2367" timestamp="2020-09-11T10:46:46.441" />
<allocation-satisfied id="2374" threadId="00000000008AA200" bytesRequested="32" />
<af-end id="2375" timestamp="2020-09-11T10:46:46.441" threadId="00000000008AAB80" success="true" from="nursery"/>
<exclusive-end id="2376" timestamp="2020-09-11T10:46:46.441" durationms="114.946" />

<exclusive-start id="2377" timestamp="2020-09-11T10:46:48.348" intervalms="2021.691">
  <response-info timems="0.485" idlems="0.485" threads="0" lastid="0000000000846D00" lastname="Group1.Backend.CompositeBackend{Tier1}.5" />
</exclusive-start>
<af-start id="2378" threadId="0000000000847680" totalBytesRequested="131080" timestamp="2020-09-11T10:46:48.348" intervalms="2021.638" type="nursery" />
<cycle-start id="2379" type="scavenge" contextid="0" timestamp="2020-09-11T10:46:48.348" intervalms="2021.644" />
<gc-start id="2380" type="scavenge" contextid="2379" timestamp="2020-09-11T10:46:48.349">
  <mem-info id="2381" free="156173488" total="2785804288" percent="5">
    <mem type="nursery" free="0" total="939524096" percent="0">
      <mem type="allocate" free="0" total="802029568" percent="0" />
      <mem type="survivor" free="0" total="137494528" percent="0" />
    </mem>
    <mem type="tenure" free="156173488" total="1846280192" percent="8">
      <mem type="soa" free="45396144" total="1735502848" percent="2" />
      <mem type="loa" free="110777344" total="110777344" percent="100" />
    </mem>
    <remembered-set count="190598" />
  </mem-info>
</gc-start>
<allocation-stats totalBytes="692815280" >
  <allocated-bytes non-tlh="34746456" tlh="658068824" />
  <largest-consumer threadName="Group1.Backend.CompositeBackend{Tier1}.6" threadId="0000000000873600" bytes="90493784" />
</allocation-stats>
<gc-op id="2382" type="scavenge" timems="99.628" contextid="2379" timestamp="2020-09-11T10:46:48.448">
  <scavenger-info tenureage="3" tenuremask="7ff8" tiltratio="85" />
  <memory-copied type="nursery" objects="4301058" bytes="114109704" bytesdiscarded="183264" />
  <memory-copied type="tenure" objects="1082857" bytes="29131616" bytesdiscarded="24296" />
  <ownableSynchronizers candidates="4240" cleared="3468" />
  <references type="soft" candidates="715" cleared="0" enqueued="0" dynamicThreshold="18" maxThreshold="32" />
  <references type="weak" candidates="113" cleared="113" enqueued="0" />
</gc-op>
<gc-end id="2383" type="scavenge" contextid="2379" durationms="100.557" usertimems="738.645" systemtimems="0.000" timestamp="2020-09-11T10:46:48.449" activeThreads="8">
  <mem-info id="2384" free="815334576" total="2785804288" percent="29">
    <mem type="nursery" free="688305400" total="939524096" percent="73">
      <mem type="allocate" free="688305400" total="802684928" percent="85" />
      <mem type="survivor" free="0" total="136839168" percent="0" />
    </mem>
    <mem type="tenure" free="127029176" total="1846280192" percent="6" macro-fragmented="0">
      <mem type="soa" free="16251832" total="1735502848" percent="0" />
      <mem type="loa" free="110777344" total="110777344" percent="100" />
    </mem>
    <remembered-set count="29014" />
  </mem-info>
</gc-end>
<cycle-end id="2385" type="scavenge" contextid="2379" timestamp="2020-09-11T10:46:48.452" />
<allocation-satisfied id="2386" threadId="0000000000846D00" bytesRequested="131080" />
<af-end id="2387" timestamp="2020-09-11T10:46:48.452" threadId="0000000000847680" success="true" from="nursery"/>
<exclusive-end id="2388" timestamp="2020-09-11T10:46:48.452" durationms="104.861" />

<exclusive-start id="2389" timestamp="2020-09-11T10:46:50.456" intervalms="2108.179">
  <response-info timems="0.584" idlems="0.294" threads="2" lastid="00000000008AA200" lastname="Group1.Backend.CompositeBackend{Tier1}.8" />
</exclusive-start>
<af-start id="2390" threadId="0000000000A6E580" totalBytesRequested="80" timestamp="2020-09-11T10:46:50.457" intervalms="2108.312" type="nursery" />
<percolate-collect id="2391" from="nursery" to="global" reason="prevent tenure expand" timestamp="2020-09-11T10:46:50.457"/>
<cycle-start id="2392" type="global" contextid="0" timestamp="2020-09-11T10:46:50.457" intervalms="68058.234" />
<gc-start id="2393" type="global" contextid="2392" timestamp="2020-09-11T10:46:50.457">
  <mem-info id="2394" free="127029176" total="2785804288" percent="4">
    <mem type="nursery" free="0" total="939524096" percent="0">
      <mem type="allocate" free="0" total="802684928" percent="0" />
      <mem type="survivor" free="0" total="136839168" percent="0" />
    </mem>
    <mem type="tenure" free="127029176" total="1846280192" percent="6">
      <mem type="soa" free="16251832" total="1735502848" percent="0" />
      <mem type="loa" free="110777344" total="110777344" percent="100" />
    </mem>
    <remembered-set count="193869" />
  </mem-info>
</gc-start>
<allocation-stats totalBytes="687974472" >
  <allocated-bytes non-tlh="32556872" tlh="655417600" />
  <largest-consumer threadName="Group1.Backend.CompositeBackend{Tier1}.1" threadId="0000000000782C00" bytes="97972488" />
</allocation-stats>
<gc-op id="2395" type="mark" timems="474.412" contextid="2392" timestamp="2020-09-11T10:46:50.932">
  <trace-info objectcount="30422127" scancount="29443364" scanbytes="806201944" />
  <finalization candidates="147" enqueued="0" />
  <ownableSynchronizers candidates="583270" cleared="6717" />
  <references type="soft" candidates="696381" cleared="0" enqueued="0" dynamicThreshold="18" maxThreshold="32" />
  <references type="weak" candidates="4404" cleared="117" enqueued="0" />
  <references type="phantom" candidates="108" cleared="0" enqueued="0" />
  <stringconstants candidates="11055" cleared="1"  />
</gc-op>
<gc-op id="2396" type="sweep" timems="9.975" contextid="2392" timestamp="2020-09-11T10:46:50.942" />
<gc-end id="2397" type="global" contextid="2392" durationms="485.374" usertimems="3707.985" systemtimems="11.533" timestamp="2020-09-11T10:46:50.942" activeThreads="8">
  <mem-info id="2398" free="1681707280" total="2785804288" percent="60">
    <mem type="nursery" free="613107576" total="939524096" percent="65">
      <mem type="allocate" free="613107576" total="802684928" percent="76" />
      <mem type="survivor" free="0" total="136839168" percent="0" />
    </mem>
    <mem type="tenure" free="1068599704" total="1846280192" percent="57" micro-fragmented="38737033" macro-fragmented="502401">
      <mem type="soa" free="957822360" total="1735502848" percent="55" />
      <mem type="loa" free="110777344" total="110777344" percent="100" />
    </mem>
    <remembered-set count="188003" />
  </mem-info>
</gc-end>
<cycle-end id="2399" type="global" contextid="2392" timestamp="2020-09-11T10:46:50.943" />
<allocation-satisfied id="2400" threadId="0000000000A6DC00" bytesRequested="80" />
<af-end id="2401" timestamp="2020-09-11T10:46:50.943" threadId="0000000000A6E580" success="true" from="nursery"/>
<exclusive-end id="2402" timestamp="2020-09-11T10:46:50.943" durationms="487.549" />

<exclusive-start id="2403" timestamp="2020-09-11T10:46:52.275" intervalms="1818.890">
  <response-info timems="1.226" idlems="1.226" threads="0" lastid="00000000008AA200" lastname="Group1.Backend.CompositeBackend{Tier1}.8" />
</exclusive-start>
<af-start id="2404" threadId="00000000008AAB80" totalBytesRequested="267640" timestamp="2020-09-11T10:46:52.275" intervalms="1818.957" type="nursery" />
<cycle-start id="2405" type="scavenge" contextid="0" timestamp="2020-09-11T10:46:52.276" intervalms="3927.249" />
<gc-start id="2406" type="scavenge" contextid="2405" timestamp="2020-09-11T10:46:52.276">
  <mem-info id="2407" free="1089840144" total="2785804288" percent="39">
    <mem type="nursery" free="21240488" total="939524096" percent="2">
      <mem type="allocate" free="21240488" total="802684928" percent="2" />
      <mem type="survivor" free="0" total="136839168" percent="0" />
    </mem>
    <mem type="tenure" free="1068599656" total="1846280192" percent="57">
      <mem type="soa" free="957822312" total="1735502848" percent="55" />
      <mem type="loa" free="110777344" total="110777344" percent="100" />
    </mem>
    <remembered-set count="243586" />
  </mem-info>
</gc-start>
<allocation-stats totalBytes="589671384" >
  <allocated-bytes non-tlh="31461208" tlh="558210176" />
  <largest-consumer threadName="Group1.Backend.CompositeBackend{Tier1}.7" threadId="000000000087C200" bytes="87337368" />
</allocation-stats>
<gc-op id="2408" type="scavenge" timems="151.232" contextid="2405" timestamp="2020-09-11T10:46:52.427">
  <scavenger-info tenureage="3" tenuremask="7ff8" tiltratio="85" />
  <memory-copied type="nursery" objects="5117833" bytes="136658696" bytesdiscarded="40624" />
  <memory-copied type="tenure" objects="1212759" bytes="32334432" bytesdiscarded="43080" />
  <copy-failed type="nursery" objects="243124" bytes="6276784" />
  <ownableSynchronizers candidates="1156197" cleared="1155292" />
  <references type="soft" candidates="275" cleared="0" enqueued="0" dynamicThreshold="18" maxThreshold="32" />
  <references type="weak" candidates="89" cleared="89" enqueued="0" />
</gc-op>
<gc-end id="2409" type="scavenge" contextid="2405" durationms="152.325" usertimems="1159.437" systemtimems="6.990" timestamp="2020-09-11T10:46:52.428" activeThreads="8">
  <mem-info id="2410" free="1646390360" total="2785804288" percent="59">
    <mem type="nursery" free="610271232" total="939524096" percent="64">
      <mem type="allocate" free="610271232" total="747110400" percent="81" />
      <mem type="survivor" free="0" total="192413696" percent="0" />
    </mem>
    <mem type="tenure" free="1036119128" total="1846280192" percent="56" macro-fragmented="1310760">
      <mem type="soa" free="925341784" total="1735502848" percent="53" />
      <mem type="loa" free="110777344" total="110777344" percent="100" />
    </mem>
    <remembered-set count="41002" />
  </mem-info>
</gc-end>
<cycle-end id="2411" type="scavenge" contextid="2405" timestamp="2020-09-11T10:46:52.432" />
<allocation-satisfied id="2412" threadId="00000000008AA200" bytesRequested="267640" />
<af-end id="2413" timestamp="2020-09-11T10:46:52.432" threadId="00000000008AAB80" success="true" from="nursery"/>
<exclusive-end id="2414" timestamp="2020-09-11T10:46:52.432" durationms="157.639" />

