<?xml version="1.0" ?>

<verbosegc xmlns="http://www.ibm.com/j9/verbosegc" version="c1dd04cca_CMPRSS">

!@: MM_VerboseWriterFileLoggingSynchronous::openFile

!@: After Trigger

!@: handleInitialized
<initialized id="1" timestamp="2020-09-11T10:42:52.778">
  <attribute name="gcPolicy" value="-Xgcpolicy:gencon" />
  <attribute name="maxHeapSize" value="0xe0000000" />
  <attribute name="initialHeapSize" value="0x800000" />
  <attribute name="compressedRefs" value="true" />
  <attribute name="compressedRefsDisplacement" value="0x0" />
  <attribute name="compressedRefsShift" value="0x0" />
  <attribute name="pageSize" value="0x1000" />
  <attribute name="pageType" value="not used" />
  <attribute name="requestedPageSize" value="0x1000" />
  <attribute name="requestedPageType" value="not used" />
  <attribute name="gcthreads" value="8" />
  <attribute name="packetListSplit" value="1" />
  <attribute name="cacheListSplit" value="1" />
  <attribute name="splitFreeListSplitAmount" value="1" />
  <attribute name="numaNodes" value="0" />
  <system>
    <attribute name="physicalMemory" value="16818696192" />
    <attribute name="numCPUs" value="8" />
    <attribute name="architecture" value="amd64" />
    <attribute name="os" value="Linux" />
    <attribute name="osVersion" value="4.15.0-101-generic" />
  </system>
  <vmargs>
    <vmarg name="-Xoptionsfile=/root/code/openj9-openjdk-jdk11/build/linux-x86_64-normal-server-release/jdk/lib/options.default" />
    <vmarg name="-Xlockword:mode=default,noLockword=java/lang/String,noLockword=java/util/MapEntry,noLockword=java/util/HashMap$Entry,noLockword..." />
    <vmarg name="-Xjcl:jclse29" />
    <vmarg name="-Dcom.ibm.oti.vm.bootstrap.library.path=/root/code/openj9-openjdk-jdk11/build/linux-x86_64-normal-server-release/jdk/lib/compre..." />
    <vmarg name="-Dsun.boot.library.path=/root/code/openj9-openjdk-jdk11/build/linux-x86_64-normal-server-release/jdk/lib/compressedrefs:/root/c..." />
    <vmarg name="-Djava.library.path=/root/code/openj9-openjdk-jdk11/build/linux-x86_64-normal-server-release/jdk/lib/compressedrefs:/root/code/..." />
    <vmarg name="-Djava.home=/root/code/openj9-openjdk-jdk11/build/linux-x86_64-normal-server-release/jdk" />
    <vmarg name="-Duser.dir=/root/specjbb2015" />
    <vmarg name="-verbose:gc" />
    <vmarg name="-Xmx3584M" />
    <vmarg name="-Xgc:noConcurrentMark" />
    <vmarg name="-Xtgc:parallel" />
    <vmarg name="-XX:-UseGCStartupHints" />
    <vmarg name="-Xgcpolicy:gencon" />
    <vmarg name="-Xverbosegclog:testOutput,5,100" />
    <vmarg name="-Djava.class.path=/root/specjbb2015/specjbb2015.jar" />
    <vmarg name="-Dsun.java.command=/root/specjbb2015/specjbb2015.jar -m COMPOSITE" />
    <vmarg name="-Dsun.java.launcher=SUN_STANDARD" />
    <vmarg name="-Dsun.java.launcher.pid=17753" />
  </vmargs>
</initialized>

<exclusive-start id="2" timestamp="2020-09-11T10:42:53.121" intervalms="343.519">
  <response-info timems="0.458" idlems="0.458" threads="0" lastid="0000000000019A00" lastname="main" />
</exclusive-start>
<af-start id="3" threadId="000000000001A380" totalBytesRequested="8200" timestamp="2020-09-11T10:42:53.121" intervalms="343.678" type="nursery" />
<cycle-start id="4" type="scavenge" contextid="0" timestamp="2020-09-11T10:42:53.121" intervalms="343.749" />
<gc-start id="5" type="scavenge" contextid="4" timestamp="2020-09-11T10:42:53.121">
  <mem-info id="6" free="6201712" total="8388608" percent="73">
    <mem type="nursery" free="0" total="2097152" percent="0">
      <mem type="allocate" free="0" total="1048576" percent="0" />
      <mem type="survivor" free="0" total="1048576" percent="0" />
    </mem>
    <mem type="tenure" free="6201712" total="6291456" percent="98">
      <mem type="soa" free="5886320" total="5976064" percent="98" />
      <mem type="loa" free="315392" total="315392" percent="100" />
    </mem>
    <remembered-set count="1253" />
  </mem-info>
</gc-start>
<allocation-stats totalBytes="1134760" >
  <allocated-bytes non-tlh="122528" tlh="1012232" />
  <largest-consumer threadName="main" threadId="0000000000019A00" bytes="1134760" />
</allocation-stats>
<gc-op id="7" type="scavenge" timems="1.908" contextid="4" timestamp="2020-09-11T10:42:53.123">
  <scavenger-info tenureage="2" tenuremask="fffc" tiltratio="50" />
  <memory-copied type="nursery" objects="5228" bytes="259936" bytesdiscarded="2144" />
  <finalization candidates="13" enqueued="0" />
  <ownableSynchronizers candidates="1" cleared="0" />
  <references type="soft" candidates="2" cleared="0" enqueued="0" dynamicThreshold="32" maxThreshold="32" />
  <references type="weak" candidates="458" cleared="204" enqueued="133" />
  <references type="phantom" candidates="7" cleared="0" enqueued="0" />
</gc-op>
<gc-end id="8" type="scavenge" contextid="4" durationms="2.079" usertimems="1.632" systemtimems="0.435" timestamp="2020-09-11T10:42:53.123" activeThreads="1">
  <mem-info id="9" free="6987632" total="8388608" percent="83">
    <mem type="nursery" free="785920" total="2097152" percent="37">
      <mem type="allocate" free="785920" total="1048576" percent="74" />
      <mem type="survivor" free="0" total="1048576" percent="0" />
    </mem>
    <mem type="tenure" free="6201712" total="6291456" percent="98">
      <mem type="soa" free="5886320" total="5976064" percent="98" />
      <mem type="loa" free="315392" total="315392" percent="100" />
    </mem>
    <pending-finalizers system="0" default="0" reference="133" classloader="0" />
    <remembered-set count="1253" />
  </mem-info>
</gc-end>
<cycle-end id="10" type="scavenge" contextid="4" timestamp="2020-09-11T10:42:53.123" />
<allocation-satisfied id="11" threadId="0000000000019A00" bytesRequested="8200" />
<af-end id="12" timestamp="2020-09-11T10:42:53.123" threadId="000000000001A380" success="true" from="nursery"/>
<exclusive-end id="13" timestamp="2020-09-11T10:42:53.123" durationms="2.576" />

<exclusive-start id="14" timestamp="2020-09-11T10:42:53.206" intervalms="84.686">
  <response-info timems="0.211" idlems="0.211" threads="0" lastid="0000000000019A00" lastname="main" />
</exclusive-start>
<af-start id="15" threadId="000000000001A380" totalBytesRequested="16" timestamp="2020-09-11T10:42:53.206" intervalms="84.654" type="nursery" />
<cycle-start id="16" type="scavenge" contextid="0" timestamp="2020-09-11T10:42:53.206" intervalms="84.620" />
<gc-start id="17" type="scavenge" contextid="16" timestamp="2020-09-11T10:42:53.206">
  <mem-info id="18" free="6187016" total="8388608" percent="73">
    <mem type="nursery" free="0" total="2097152" percent="0">
      <mem type="allocate" free="0" total="1048576" percent="0" />
      <mem type="survivor" free="0" total="1048576" percent="0" />
    </mem>
    <mem type="tenure" free="6187016" total="6291456" percent="98">
      <mem type="soa" free="5871624" total="5976064" percent="98" />
      <mem type="loa" free="315392" total="315392" percent="100" />
    </mem>
    <pending-finalizers system="0" default="0" reference="133" classloader="0" />
    <remembered-set count="1460" />
  </mem-info>
</gc-start>
<allocation-stats totalBytes="800480" >
  <allocated-bytes non-tlh="22896" tlh="777584" />
  <largest-consumer threadName="main" threadId="0000000000019A00" bytes="800480" />
</allocation-stats>
<gc-op id="19" type="scavenge" timems="2.117" contextid="16" timestamp="2020-09-11T10:42:53.208">
  <scavenger-info tenureage="6" tenuremask="7fc0" tiltratio="50" />
  <memory-copied type="nursery" objects="7224" bytes="347368" bytesdiscarded="62368" />
  <finalization candidates="22" enqueued="0" />
  <ownableSynchronizers candidates="3" cleared="2" />
  <references type="soft" candidates="2" cleared="0" enqueued="0" dynamicThreshold="32" maxThreshold="32" />
  <references type="weak" candidates="397" cleared="33" enqueued="16" />
  <references type="phantom" candidates="7" cleared="0" enqueued="0" />
</gc-op>
<gc-end id="20" type="scavenge" contextid="16" durationms="2.249" usertimems="1.851" systemtimems="0.385" timestamp="2020-09-11T10:42:53.208" activeThreads="1">
  <mem-info id="21" free="6825216" total="8388608" percent="81">
    <mem type="nursery" free="638200" total="2097152" percent="30">
      <mem type="allocate" free="638200" total="1048576" percent="60" />
      <mem type="survivor" free="0" total="1048576" percent="0" />
    </mem>
    <mem type="tenure" free="6187016" total="6291456" percent="98">
      <mem type="soa" free="5871624" total="5976064" percent="98" />
      <mem type="loa" free="315392" total="315392" percent="100" />
    </mem>
    <pending-finalizers system="0" default="0" reference="149" classloader="0" />
    <remembered-set count="1460" />
  </mem-info>
</gc-end>
<cycle-end id="22" type="scavenge" contextid="16" timestamp="2020-09-11T10:42:53.208" />
<allocation-satisfied id="23" threadId="0000000000019A00" bytesRequested="16" />
<af-end id="24" timestamp="2020-09-11T10:42:53.208" threadId="000000000001A380" success="true" from="nursery"/>
<exclusive-end id="25" timestamp="2020-09-11T10:42:53.208" durationms="2.716" />

<exclusive-start id="26" timestamp="2020-09-11T10:42:53.244" intervalms="38.078">
  <response-info timems="0.096" idlems="0.096" threads="0" lastid="0000000000019A00" lastname="main" />
</exclusive-start>
<af-start id="27" threadId="000000000001A380" totalBytesRequested="168" timestamp="2020-09-11T10:42:53.244" intervalms="38.071" type="nursery" />
<cycle-start id="28" type="scavenge" contextid="0" timestamp="2020-09-11T10:42:53.244" intervalms="38.079" />
<gc-start id="29" type="scavenge" contextid="28" timestamp="2020-09-11T10:42:53.244">
  <mem-info id="30" free="6181624" total="8388608" percent="73">
    <mem type="nursery" free="0" total="2097152" percent="0">
      <mem type="allocate" free="0" total="1048576" percent="0" />
      <mem type="survivor" free="0" total="1048576" percent="0" />
    </mem>
    <mem type="tenure" free="6181624" total="6291456" percent="98">
      <mem type="soa" free="5866232" total="5976064" percent="98" />
      <mem type="loa" free="315392" total="315392" percent="100" />
    </mem>
    <pending-finalizers system="0" default="0" reference="149" classloader="0" />
    <remembered-set count="1538" />
  </mem-info>
</gc-start>
<allocation-stats totalBytes="643152" >
  <allocated-bytes non-tlh="5408" tlh="637744" />
  <largest-consumer threadName="main" threadId="0000000000019A00" bytes="643152" />
</allocation-stats>
<gc-op id="31" type="scavenge" timems="2.368" contextid="28" timestamp="2020-09-11T10:42:53.246">
  <scavenger-info tenureage="2" tenuremask="7fe4" tiltratio="50" />
  <memory-copied type="nursery" objects="3883" bytes="163816" bytesdiscarded="98704" />
  <memory-copied type="tenure" objects="5169" bytes="257504" bytesdiscarded="16" />
  <finalization candidates="25" enqueued="0" />
  <ownableSynchronizers candidates="2" cleared="2" />
  <references type="weak" candidates="193" cleared="21" enqueued="10" />
</gc-op>
<gc-end id="32" type="scavenge" contextid="28" durationms="2.507" usertimems="2.496" systemtimems="0.000" timestamp="2020-09-11T10:42:53.246" activeThreads="1">
  <mem-info id="33" free="6704888" total="8388608" percent="79">
    <mem type="nursery" free="785920" total="2097152" percent="37">
      <mem type="allocate" free="785920" total="1048576" percent="74" />
      <mem type="survivor" free="0" total="1048576" percent="0" />
    </mem>
    <mem type="tenure" free="5918968" total="6291456" percent="94">
      <mem type="soa" free="5603576" total="5976064" percent="93" />
      <mem type="loa" free="315392" total="315392" percent="100" />
    </mem>
    <pending-finalizers system="0" default="0" reference="159" classloader="0" />
    <remembered-set count="938" />
  </mem-info>
</gc-end>
<cycle-end id="34" type="scavenge" contextid="28" timestamp="2020-09-11T10:42:53.247" />
<allocation-satisfied id="35" threadId="0000000000019A00" bytesRequested="168" />
<af-end id="36" timestamp="2020-09-11T10:42:53.247" threadId="000000000001A380" success="true" from="nursery"/>
<exclusive-end id="37" timestamp="2020-09-11T10:42:53.247" durationms="2.935" />

<exclusive-start id="38" timestamp="2020-09-11T10:42:53.305" intervalms="61.749">
  <response-info timems="1.768" idlems="1.768" threads="0" lastid="0000000000019A00" lastname="main" />
</exclusive-start>
<af-start id="39" threadId="000000000001A380" totalBytesRequested="16" timestamp="2020-09-11T10:42:53.306" intervalms="61.777" type="nursery" />
<cycle-start id="40" type="scavenge" contextid="0" timestamp="2020-09-11T10:42:53.306" intervalms="61.772" />
<gc-start id="41" type="scavenge" contextid="40" timestamp="2020-09-11T10:42:53.306">
  <mem-info id="42" free="5913208" total="8388608" percent="70">
    <mem type="nursery" free="0" total="2097152" percent="0">
      <mem type="allocate" free="0" total="1048576" percent="0" />
      <mem type="survivor" free="0" total="1048576" percent="0" />
    </mem>
    <mem type="tenure" free="5913208" total="6291456" percent="93">
      <mem type="soa" free="5597816" total="5976064" percent="93" />
      <mem type="loa" free="315392" total="315392" percent="100" />
    </mem>
    <pending-finalizers system="0" default="0" reference="159" classloader="0" />
    <remembered-set count="1033" />
  </mem-info>
</gc-start>
<allocation-stats totalBytes="791168" >
  <allocated-bytes non-tlh="5928" tlh="785240" />
  <largest-consumer threadName="main" threadId="0000000000019A00" bytes="791168" />
</allocation-stats>
<gc-op id="43" type="scavenge" timems="3.366" contextid="40" timestamp="2020-09-11T10:42:53.309">
  <scavenger-info tenureage="5" tenuremask="7fe0" tiltratio="50" />
  <memory-copied type="nursery" objects="8850" bytes="334952" bytesdiscarded="58120" />
  <finalization candidates="12" enqueued="0" />
  <ownableSynchronizers candidates="1" cleared="0" />
  <references type="weak" candidates="172" cleared="0" enqueued="0" />
  <references type="phantom" candidates="1" cleared="0" enqueued="0" />
</gc-op>
<gc-end id="44" type="scavenge" contextid="40" durationms="3.572" usertimems="3.554" systemtimems="0.000" timestamp="2020-09-11T10:42:53.309" activeThreads="1">
  <mem-info id="45" free="6567800" total="8388608" percent="78">
    <mem type="nursery" free="654592" total="2097152" percent="31">
      <mem type="allocate" free="654592" total="1048576" percent="62" />
      <mem type="survivor" free="0" total="1048576" percent="0" />
    </mem>
    <mem type="tenure" free="5913208" total="6291456" percent="93">
      <mem type="soa" free="5597816" total="5976064" percent="93" />
      <mem type="loa" free="315392" total="315392" percent="100" />
    </mem>
    <pending-finalizers system="0" default="0" reference="159" classloader="0" />
    <remembered-set count="979" />
  </mem-info>
</gc-end>
<cycle-end id="46" type="scavenge" contextid="40" timestamp="2020-09-11T10:42:53.309" />
<allocation-satisfied id="47" threadId="0000000000019A00" bytesRequested="16" />
<af-end id="48" timestamp="2020-09-11T10:42:53.310" threadId="000000000001A380" success="true" from="nursery"/>
<exclusive-end id="49" timestamp="2020-09-11T10:42:53.310" durationms="4.102" />

<exclusive-start id="50" timestamp="2020-09-11T10:42:53.322" intervalms="16.091">
  <response-info timems="0.123" idlems="0.123" threads="0" lastid="0000000000019A00" lastname="main" />
</exclusive-start>
<af-start id="51" threadId="000000000001A380" totalBytesRequested="424" timestamp="2020-09-11T10:42:53.322" intervalms="16.058" type="nursery" />
<cycle-start id="52" type="scavenge" contextid="0" timestamp="2020-09-11T10:42:53.322" intervalms="16.055" />
<gc-start id="53" type="scavenge" contextid="52" timestamp="2020-09-11T10:42:53.322">
  <mem-info id="54" free="5913208" total="8388608" percent="70">
    <mem type="nursery" free="0" total="2097152" percent="0">
      <mem type="allocate" free="0" total="1048576" percent="0" />
      <mem type="survivor" free="0" total="1048576" percent="0" />
    </mem>
    <mem type="tenure" free="5913208" total="6291456" percent="93">
      <mem type="soa" free="5597816" total="5976064" percent="93" />
      <mem type="loa" free="315392" total="315392" percent="100" />
    </mem>
    <pending-finalizers system="0" default="0" reference="159" classloader="0" />
    <remembered-set count="979" />
  </mem-info>
</gc-start>
<allocation-stats totalBytes="653560" >
  <allocated-bytes non-tlh="16" tlh="653544" />
  <largest-consumer threadName="main" threadId="0000000000019A00" bytes="653560" />
</allocation-stats>
<gc-op id="55" type="scavenge" timems="2.400" contextid="52" timestamp="2020-09-11T10:42:53.324">
  <scavenger-info tenureage="4" tenuremask="7ff0" tiltratio="50" />
  <memory-copied type="nursery" objects="9678" bytes="376936" bytesdiscarded="16640" />
  <finalization candidates="12" enqueued="0" />
  <ownableSynchronizers candidates="2" cleared="1" />
  <references type="weak" candidates="172" cleared="0" enqueued="0" />
</gc-op>
<heap-resize id="56" type="expand" space="nursery" amount="262144" count="1" timems="0.059" reason="excessive time being spent scavenging" timestamp="2020-09-11T10:42:53.324" />
<gc-end id="57" type="scavenge" contextid="52" durationms="2.600" usertimems="3.399" systemtimems="0.591" timestamp="2020-09-11T10:42:53.324" activeThreads="1">
  <mem-info id="58" free="6698872" total="8650752" percent="77">
    <mem type="nursery" free="785664" total="2359296" percent="33">
      <mem type="allocate" free="785664" total="1179648" percent="66" />
      <mem type="survivor" free="0" total="1179648" percent="0" />
    </mem>
    <mem type="tenure" free="5913208" total="6291456" percent="93">
      <mem type="soa" free="5597816" total="5976064" percent="93" />
      <mem type="loa" free="315392" total="315392" percent="100" />
    </mem>
    <pending-finalizers system="0" default="0" reference="159" classloader="0" />
    <remembered-set count="956" />
  </mem-info>
</gc-end>
<cycle-end id="59" type="scavenge" contextid="52" timestamp="2020-09-11T10:42:53.325" />
<allocation-satisfied id="60" threadId="0000000000019A00" bytesRequested="424" />
<af-end id="61" timestamp="2020-09-11T10:42:53.325" threadId="000000000001A380" success="true" from="nursery"/>
<exclusive-end id="62" timestamp="2020-09-11T10:42:53.325" durationms="3.078" />

<exclusive-start id="63" timestamp="2020-09-11T10:42:53.346" intervalms="24.052">
  <response-info timems="0.564" idlems="0.564" threads="0" lastid="0000000000019A00" lastname="main" />
</exclusive-start>
<af-start id="64" threadId="000000000001A380" totalBytesRequested="8200" timestamp="2020-09-11T10:42:53.346" intervalms="24.081" type="nursery" />
<cycle-start id="65" type="scavenge" contextid="0" timestamp="2020-09-11T10:42:53.346" intervalms="24.092" />
<gc-start id="66" type="scavenge" contextid="65" timestamp="2020-09-11T10:42:53.346">
  <mem-info id="67" free="5913208" total="8650752" percent="68">
    <mem type="nursery" free="0" total="2359296" percent="0">
      <mem type="allocate" free="0" total="1179648" percent="0" />
      <mem type="survivor" free="0" total="1179648" percent="0" />
    </mem>
    <mem type="tenure" free="5913208" total="6291456" percent="93">
      <mem type="soa" free="5597816" total="5976064" percent="93" />
      <mem type="loa" free="315392" total="315392" percent="100" />
    </mem>
    <pending-finalizers system="0" default="0" reference="159" classloader="0" />
    <remembered-set count="959" />
  </mem-info>
</gc-start>
<allocation-stats totalBytes="781768" >
  <allocated-bytes non-tlh="424" tlh="781344" />
  <largest-consumer threadName="main" threadId="0000000000019A00" bytes="781768" />
</allocation-stats>
<gc-op id="68" type="scavenge" timems="3.685" contextid="65" timestamp="2020-09-11T10:42:53.350">
  <scavenger-info tenureage="3" tenuremask="7ff8" tiltratio="50" />
  <memory-copied type="nursery" objects="7967" bytes="305528" bytesdiscarded="88152" />
  <memory-copied type="tenure" objects="3638" bytes="153840" bytesdiscarded="40" />
  <finalization candidates="12" enqueued="0" />
  <ownableSynchronizers candidates="2" cleared="1" />
  <references type="phantom" candidates="1" cleared="0" enqueued="0" />
</gc-op>
<heap-resize id="69" type="expand" space="nursery" amount="262144" count="1" timems="0.065" reason="excessive time being spent scavenging" timestamp="2020-09-11T10:42:53.350" />
<gc-end id="70" type="scavenge" contextid="65" durationms="4.030" usertimems="4.015" systemtimems="0.000" timestamp="2020-09-11T10:42:53.350" activeThreads="1">
  <mem-info id="71" free="6755696" total="8912896" percent="75">
    <mem type="nursery" free="1113344" total="2621440" percent="42">
      <mem type="allocate" free="1113344" total="1507328" percent="73" />
      <mem type="survivor" free="0" total="1114112" percent="0" />
    </mem>
    <mem type="tenure" free="5642352" total="6291456" percent="89">
      <mem type="soa" free="5326960" total="5976064" percent="89" />
      <mem type="loa" free="315392" total="315392" percent="100" />
    </mem>
    <pending-finalizers system="0" default="0" reference="159" classloader="0" />
    <remembered-set count="80" />
  </mem-info>
</gc-end>
<cycle-end id="72" type="scavenge" contextid="65" timestamp="2020-09-11T10:42:53.350" />
<allocation-satisfied id="73" threadId="0000000000019A00" bytesRequested="8200" />
<af-end id="74" timestamp="2020-09-11T10:42:53.350" threadId="000000000001A380" success="true" from="nursery"/>
<exclusive-end id="75" timestamp="2020-09-11T10:42:53.350" durationms="4.633" />

<exclusive-start id="76" timestamp="2020-09-11T10:42:53.468" intervalms="122.182">
  <response-info timems="0.334" idlems="0.142" threads="2" lastid="0000000000019A00" lastname="main" />
</exclusive-start>
<af-start id="77" threadId="00000000001EFB80" totalBytesRequested="80" timestamp="2020-09-11T10:42:53.468" intervalms="122.172" type="nursery" />
<cycle-start id="78" type="scavenge" contextid="0" timestamp="2020-09-11T10:42:53.468" intervalms="122.166" />
<gc-start id="79" type="scavenge" contextid="78" timestamp="2020-09-11T10:42:53.468">
  <mem-info id="80" free="5623760" total="8912896" percent="63">
    <mem type="nursery" free="0" total="2621440" percent="0">
      <mem type="allocate" free="0" total="1507328" percent="0" />
      <mem type="survivor" free="0" total="1114112" percent="0" />
    </mem>
    <mem type="tenure" free="5623760" total="6291456" percent="89">
      <mem type="soa" free="5308368" total="5976064" percent="88" />
      <mem type="loa" free="315392" total="315392" percent="100" />
    </mem>
    <remembered-set count="567" />
  </mem-info>
</gc-start>
<allocation-stats totalBytes="1130432" >
  <allocated-bytes non-tlh="26792" tlh="1103640" />
  <largest-consumer threadName="main" threadId="0000000000019A00" bytes="1072912" />
</allocation-stats>
<gc-op id="81" type="scavenge" timems="1.949" contextid="78" timestamp="2020-09-11T10:42:53.470">
  <scavenger-info tenureage="2" tenuremask="7ffc" tiltratio="57" />
  <memory-copied type="nursery" objects="3870" bytes="153024" bytesdiscarded="43560" />
  <memory-copied type="tenure" objects="3844" bytes="142704" bytesdiscarded="24" />
  <finalization candidates="1" enqueued="0" />
  <ownableSynchronizers candidates="2" cleared="2" />
  <references type="soft" candidates="2" cleared="0" enqueued="0" dynamicThreshold="32" maxThreshold="32" />
  <references type="weak" candidates="256" cleared="140" enqueued="92" />
  <references type="phantom" candidates="2" cleared="0" enqueued="0" />
</gc-op>
<gc-end id="82" type="scavenge" contextid="78" durationms="2.131" usertimems="4.052" systemtimems="0.000" timestamp="2020-09-11T10:42:53.470" activeThreads="4">
  <mem-info id="83" free="6965704" total="8912896" percent="78">
    <mem type="nursery" free="1507064" total="2621440" percent="57">
      <mem type="allocate" free="1507064" total="1703936" percent="88" />
      <mem type="survivor" free="0" total="917504" percent="0" />
    </mem>
    <mem type="tenure" free="5458640" total="6291456" percent="86">
      <mem type="soa" free="5143248" total="5976064" percent="86" />
      <mem type="loa" free="315392" total="315392" percent="100" />
    </mem>
    <pending-finalizers system="0" default="0" reference="92" classloader="0" />
    <remembered-set count="568" />
  </mem-info>
</gc-end>
<cycle-end id="84" type="scavenge" contextid="78" timestamp="2020-09-11T10:42:53.470" />
<allocation-satisfied id="85" threadId="00000000001EF200" bytesRequested="80" />
<af-end id="86" timestamp="2020-09-11T10:42:53.470" threadId="00000000001EFB80" success="true" from="nursery"/>
<exclusive-end id="87" timestamp="2020-09-11T10:42:53.470" durationms="2.621" />

<exclusive-start id="88" timestamp="2020-09-11T10:42:53.599" intervalms="131.426">
  <response-info timems="0.402" idlems="0.402" threads="0" lastid="0000000000019A00" lastname="main" />
</exclusive-start>
<af-start id="89" threadId="000000000001A380" totalBytesRequested="65240" timestamp="2020-09-11T10:42:53.599" intervalms="131.446" type="nursery" />
<cycle-start id="90" type="scavenge" contextid="0" timestamp="2020-09-11T10:42:53.599" intervalms="131.443" />
<gc-start id="91" type="scavenge" contextid="90" timestamp="2020-09-11T10:42:53.599">
  <mem-info id="92" free="5482648" total="8912896" percent="61">
    <mem type="nursery" free="52704" total="2621440" percent="2">
      <mem type="allocate" free="52704" total="1703936" percent="3" />
      <mem type="survivor" free="0" total="917504" percent="0" />
    </mem>
    <mem type="tenure" free="5429944" total="6291456" percent="86">
      <mem type="soa" free="5114552" total="5976064" percent="85" />
      <mem type="loa" free="315392" total="315392" percent="100" />
    </mem>
    <remembered-set count="1143" />
  </mem-info>
</gc-start>
<allocation-stats totalBytes="1467520" >
  <allocated-bytes non-tlh="495920" tlh="971600" />
  <largest-consumer threadName="main" threadId="0000000000019A00" bytes="1433176" />
</allocation-stats>
<gc-op id="93" type="scavenge" timems="2.791" contextid="90" timestamp="2020-09-11T10:42:53.602">
  <scavenger-info tenureage="4" tenuremask="7ff0" tiltratio="65" />
  <memory-copied type="nursery" objects="5361" bytes="791448" bytesdiscarded="9808" />
  <finalization candidates="1" enqueued="0" />
  <references type="soft" candidates="43" cleared="0" enqueued="0" dynamicThreshold="32" maxThreshold="32" />
  <references type="weak" candidates="129" cleared="12" enqueued="12" />
  <references type="phantom" candidates="47" cleared="0" enqueued="0" />
</gc-op>
<gc-end id="94" type="scavenge" contextid="90" durationms="2.996" usertimems="4.504" systemtimems="0.000" timestamp="2020-09-11T10:42:53.602" activeThreads="4">
  <mem-info id="95" free="5939072" total="8912896" percent="66">
    <mem type="nursery" free="509128" total="2621440" percent="19">
      <mem type="allocate" free="509128" total="1310720" percent="38" />
      <mem type="survivor" free="0" total="1310720" percent="0" />
    </mem>
    <mem type="tenure" free="5429944" total="6291456" percent="86">
      <mem type="soa" free="5114552" total="5976064" percent="85" />
      <mem type="loa" free="315392" total="315392" percent="100" />
    </mem>
    <pending-finalizers system="0" default="0" reference="12" classloader="0" />
    <remembered-set count="1137" />
  </mem-info>
</gc-end>
<cycle-end id="96" type="scavenge" contextid="90" timestamp="2020-09-11T10:42:53.603" />
<allocation-satisfied id="97" threadId="0000000000019A00" bytesRequested="65240" />
<af-end id="98" timestamp="2020-09-11T10:42:53.603" threadId="000000000001A380" success="true" from="nursery"/>
<exclusive-end id="99" timestamp="2020-09-11T10:42:53.603" durationms="3.601" />

<exclusive-start id="100" timestamp="2020-09-11T10:42:53.619" intervalms="19.467">
  <response-info timems="0.067" idlems="0.067" threads="0" lastid="0000000000019A00" lastname="main" />
</exclusive-start>
<af-start id="101" threadId="000000000001A380" totalBytesRequested="16392" timestamp="2020-09-11T10:42:53.619" intervalms="19.455" type="nursery" />
<cycle-start id="102" type="scavenge" contextid="0" timestamp="2020-09-11T10:42:53.619" intervalms="19.456" />
<gc-start id="103" type="scavenge" contextid="102" timestamp="2020-09-11T10:42:53.619">
  <mem-info id="104" free="5428008" total="8912896" percent="60">
    <mem type="nursery" free="0" total="2621440" percent="0">
      <mem type="allocate" free="0" total="1310720" percent="0" />
      <mem type="survivor" free="0" total="1310720" percent="0" />
    </mem>
    <mem type="tenure" free="5428008" total="6291456" percent="86">
      <mem type="soa" free="5112616" total="5976064" percent="85" />
      <mem type="loa" free="315392" total="315392" percent="100" />
    </mem>
    <remembered-set count="1173" />
  </mem-info>
</gc-start>
<allocation-stats totalBytes="496456" >
  <allocated-bytes non-tlh="140480" tlh="355976" />
  <largest-consumer threadName="main" threadId="0000000000019A00" bytes="496456" />
</allocation-stats>
<gc-op id="105" type="scavenge" timems="2.633" contextid="102" timestamp="2020-09-11T10:42:53.622">
  <scavenger-info tenureage="3" tenuremask="7ff8" tiltratio="50" />
  <memory-copied type="nursery" objects="5891" bytes="1121456" bytesdiscarded="188920" />
  <memory-copied type="tenure" objects="168" bytes="11176" bytesdiscarded="0" />
  <finalization candidates="1" enqueued="0" />
  <references type="soft" candidates="46" cleared="0" enqueued="0" dynamicThreshold="32" maxThreshold="32" />
  <references type="weak" candidates="274" cleared="117" enqueued="86" />
  <references type="phantom" candidates="77" cleared="1" enqueued="1" />
</gc-op>
<gc-end id="106" type="scavenge" contextid="102" durationms="2.938" usertimems="4.802" systemtimems="0.053" timestamp="2020-09-11T10:42:53.622" activeThreads="4">
  <mem-info id="107" free="5404200" total="8912896" percent="60">
    <mem type="nursery" free="0" total="2621440" percent="0">
      <mem type="allocate" free="0" total="1310720" percent="0" />
      <mem type="survivor" free="0" total="1310720" percent="0" />
    </mem>
    <mem type="tenure" free="5404200" total="6291456" percent="85">
      <mem type="soa" free="5088808" total="5976064" percent="85" />
      <mem type="loa" free="315392" total="315392" percent="100" />
    </mem>
    <pending-finalizers system="0" default="0" reference="87" classloader="0" />
    <remembered-set count="835" />
  </mem-info>
</gc-end>
<cycle-end id="108" type="scavenge" contextid="102" timestamp="2020-09-11T10:42:53.622" />
<cycle-start id="109" type="scavenge" contextid="0" timestamp="2020-09-11T10:42:53.622" intervalms="3.460" />
<gc-start id="110" type="scavenge" contextid="109" timestamp="2020-09-11T10:42:53.622">
  <mem-info id="111" free="5404200" total="8912896" percent="60">
    <mem type="nursery" free="0" total="2621440" percent="0">
      <mem type="allocate" free="0" total="1310720" percent="0" />
      <mem type="survivor" free="0" total="1310720" percent="0" />
    </mem>
    <mem type="tenure" free="5404200" total="6291456" percent="85">
      <mem type="soa" free="5088808" total="5976064" percent="85" />
      <mem type="loa" free="315392" total="315392" percent="100" />
    </mem>
    <pending-finalizers system="0" default="0" reference="87" classloader="0" />
    <remembered-set count="835" />
  </mem-info>
</gc-start>
<allocation-stats totalBytes="0" >
  <allocated-bytes non-tlh="0" tlh="0" />
</allocation-stats>
<gc-op id="112" type="scavenge" timems="3.137" contextid="109" timestamp="2020-09-11T10:42:53.625">
  <scavenger-info tenureage="2" tenuremask="7ffc" tiltratio="50" />
  <memory-copied type="nursery" objects="752" bytes="343120" bytesdiscarded="52120" />
  <memory-copied type="tenure" objects="5139" bytes="778336" bytesdiscarded="464" />
  <finalization candidates="1" enqueued="0" />
  <references type="soft" candidates="3" cleared="0" enqueued="0" dynamicThreshold="32" maxThreshold="32" />
  <references type="weak" candidates="41" cleared="0" enqueued="0" />
  <references type="phantom" candidates="29" cleared="0" enqueued="0" />
</gc-op>
<heap-resize id="113" type="expand" space="nursery" amount="1179648" count="1" timems="0.068" reason="excessive time being spent scavenging" timestamp="2020-09-11T10:42:53.626" />
<gc-end id="114" type="scavenge" contextid="109" durationms="3.453" usertimems="3.912" systemtimems="0.637" timestamp="2020-09-11T10:42:53.626" activeThreads="4">
  <mem-info id="115" free="6199008" total="10092544" percent="61">
    <mem type="nursery" free="1505288" total="3801088" percent="39">
      <mem type="allocate" free="1505288" total="1900544" percent="79" />
      <mem type="survivor" free="0" total="1900544" percent="0" />
    </mem>
    <mem type="tenure" free="4693720" total="6291456" percent="74">
      <mem type="soa" free="4378328" total="5976064" percent="73" />
      <mem type="loa" free="315392" total="315392" percent="100" />
    </mem>
    <pending-finalizers system="0" default="0" reference="87" classloader="0" />
    <remembered-set count="111" />
  </mem-info>
</gc-end>
<cycle-end id="116" type="scavenge" contextid="109" timestamp="2020-09-11T10:42:53.626" />
<allocation-satisfied id="117" threadId="0000000000019A00" bytesRequested="16392" />
<af-end id="118" timestamp="2020-09-11T10:42:53.626" threadId="000000000001A380" success="true" from="nursery"/>
<exclusive-end id="119" timestamp="2020-09-11T10:42:53.626" durationms="7.494" />

<exclusive-start id="120" timestamp="2020-09-11T10:42:53.827" intervalms="208.134">
  <response-info timems="0.090" idlems="0.090" threads="0" lastid="0000000000019A00" lastname="main" />
</exclusive-start>
<af-start id="121" threadId="000000000001A380" totalBytesRequested="3080" timestamp="2020-09-11T10:42:53.827" intervalms="208.147" type="nursery" />
<cycle-start id="122" type="scavenge" contextid="0" timestamp="2020-09-11T10:42:53.827" intervalms="204.682" />
<gc-start id="123" type="scavenge" contextid="122" timestamp="2020-09-11T10:42:53.827">
  <mem-info id="124" free="4595024" total="10092544" percent="45">
    <mem type="nursery" free="0" total="3801088" percent="0">
      <mem type="allocate" free="0" total="1900544" percent="0" />
      <mem type="survivor" free="0" total="1900544" percent="0" />
    </mem>
    <mem type="tenure" free="4595024" total="6291456" percent="73">
      <mem type="soa" free="4279632" total="5976064" percent="71" />
      <mem type="loa" free="315392" total="315392" percent="100" />
    </mem>
    <remembered-set count="1450" />
  </mem-info>
</gc-start>
<allocation-stats totalBytes="1593752" >
  <allocated-bytes non-tlh="261192" tlh="1332560" />
  <largest-consumer threadName="main" threadId="0000000000019A00" bytes="1589656" />
</allocation-stats>
<gc-op id="125" type="scavenge" timems="2.357" contextid="122" timestamp="2020-09-11T10:42:53.829">
  <scavenger-info tenureage="2" tenuremask="7ffc" tiltratio="50" />
  <memory-copied type="nursery" objects="6119" bytes="260648" bytesdiscarded="45304" />
  <memory-copied type="tenure" objects="657" bytes="339152" bytesdiscarded="968" />
  <finalization candidates="32" enqueued="0" />
  <ownableSynchronizers candidates="1" cleared="0" />
  <references type="soft" candidates="282" cleared="0" enqueued="0" dynamicThreshold="32" maxThreshold="32" />
  <references type="weak" candidates="392" cleared="192" enqueued="176" />
  <references type="phantom" candidates="1" cleared="0" enqueued="0" />
</gc-op>
<gc-end id="126" type="scavenge" contextid="122" durationms="2.592" usertimems="4.896" systemtimems="0.071" timestamp="2020-09-11T10:42:53.830" activeThreads="4">
  <mem-info id="127" free="6136776" total="10092544" percent="60">
    <mem type="nursery" free="1919728" total="3801088" percent="50">
      <mem type="allocate" free="1919728" total="2228224" percent="86" />
      <mem type="survivor" free="0" total="1572864" percent="0" />
    </mem>
    <mem type="tenure" free="4217048" total="6291456" percent="67">
      <mem type="soa" free="3901656" total="5976064" percent="65" />
      <mem type="loa" free="315392" total="315392" percent="100" />
    </mem>
    <pending-finalizers system="0" default="0" reference="176" classloader="0" />
    <remembered-set count="1389" />
  </mem-info>
</gc-end>
<cycle-end id="128" type="scavenge" contextid="122" timestamp="2020-09-11T10:42:53.830" />
<allocation-satisfied id="129" threadId="0000000000019A00" bytesRequested="3080" />
<af-end id="130" timestamp="2020-09-11T10:42:53.830" threadId="000000000001A380" success="true" from="nursery"/>
<exclusive-end id="131" timestamp="2020-09-11T10:42:53.830" durationms="3.280" />

<exclusive-start id="132" timestamp="2020-09-11T10:42:53.917" intervalms="90.209">
  <response-info timems="0.047" idlems="0.047" threads="0" lastid="0000000000019A00" lastname="main" />
</exclusive-start>
<af-start id="133" threadId="000000000001A380" totalBytesRequested="3232" timestamp="2020-09-11T10:42:53.917" intervalms="90.214" type="nursery" />
<cycle-start id="134" type="scavenge" contextid="0" timestamp="2020-09-11T10:42:53.917" intervalms="90.217" />
<gc-start id="135" type="scavenge" contextid="134" timestamp="2020-09-11T10:42:53.917">
  <mem-info id="136" free="4186800" total="10092544" percent="41">
    <mem type="nursery" free="0" total="3801088" percent="0">
      <mem type="allocate" free="0" total="2228224" percent="0" />
      <mem type="survivor" free="0" total="1572864" percent="0" />
    </mem>
    <mem type="tenure" free="4186800" total="6291456" percent="66">
      <mem type="soa" free="3871408" total="5976064" percent="64" />
      <mem type="loa" free="315392" total="315392" percent="100" />
    </mem>
    <remembered-set count="1770" />
  </mem-info>
</gc-start>
<allocation-stats totalBytes="1898552" >
  <allocated-bytes non-tlh="33328" tlh="1865224" />
  <largest-consumer threadName="main" threadId="0000000000019A00" bytes="1886720" />
</allocation-stats>
<gc-op id="137" type="scavenge" timems="2.740" contextid="134" timestamp="2020-09-11T10:42:53.920">
  <scavenger-info tenureage="2" tenuremask="7ffc" tiltratio="58" />
  <memory-copied type="nursery" objects="7660" bytes="334240" bytesdiscarded="74320" />
  <finalization candidates="35" enqueued="1" />
  <ownableSynchronizers candidates="1" cleared="0" />
  <references type="soft" candidates="299" cleared="0" enqueued="0" dynamicThreshold="32" maxThreshold="32" />
  <references type="weak" candidates="462" cleared="235" enqueued="230" />
  <references type="phantom" candidates="2" cleared="1" enqueued="1" />
</gc-op>
<gc-end id="138" type="scavenge" contextid="134" durationms="2.880" usertimems="5.214" systemtimems="0.876" timestamp="2020-09-11T10:42:53.920" activeThreads="4">
  <mem-info id="139" free="6331560" total="10092544" percent="62">
    <mem type="nursery" free="2144760" total="3801088" percent="56">
      <mem type="allocate" free="2144760" total="2555904" percent="83" />
      <mem type="survivor" free="0" total="1245184" percent="0" />
    </mem>
    <mem type="tenure" free="4186800" total="6291456" percent="66">
      <mem type="soa" free="3871408" total="5976064" percent="64" />
      <mem type="loa" free="315392" total="315392" percent="100" />
    </mem>
    <pending-finalizers system="1" default="0" reference="231" classloader="0" />
    <remembered-set count="1760" />
  </mem-info>
</gc-end>
<cycle-end id="140" type="scavenge" contextid="134" timestamp="2020-09-11T10:42:53.920" />
<allocation-satisfied id="141" threadId="0000000000019A00" bytesRequested="3232" />
<af-end id="142" timestamp="2020-09-11T10:42:53.920" threadId="000000000001A380" success="true" from="nursery"/>
<exclusive-end id="143" timestamp="2020-09-11T10:42:53.920" durationms="3.354" />

<exclusive-start id="144" timestamp="2020-09-11T10:42:53.985" intervalms="68.387">
  <response-info timems="0.065" idlems="0.065" threads="0" lastid="0000000000019A00" lastname="main" />
</exclusive-start>
<af-start id="145" threadId="000000000001A380" totalBytesRequested="4120" timestamp="2020-09-11T10:42:53.986" intervalms="68.375" type="nursery" />
<cycle-start id="146" type="scavenge" contextid="0" timestamp="2020-09-11T10:42:53.986" intervalms="68.380" />
<gc-start id="147" type="scavenge" contextid="146" timestamp="2020-09-11T10:42:53.986">
  <mem-info id="148" free="4162256" total="10092544" percent="41">
    <mem type="nursery" free="0" total="3801088" percent="0">
      <mem type="allocate" free="0" total="2555904" percent="0" />
      <mem type="survivor" free="0" total="1245184" percent="0" />
    </mem>
    <mem type="tenure" free="4162256" total="6291456" percent="66">
      <mem type="soa" free="3846864" total="5976064" percent="64" />
      <mem type="loa" free="315392" total="315392" percent="100" />
    </mem>
    <remembered-set count="2050" />
  </mem-info>
</gc-start>
<allocation-stats totalBytes="2161640" >
  <allocated-bytes non-tlh="27776" tlh="2133864" />
  <largest-consumer threadName="main" threadId="0000000000019A00" bytes="2153448" />
</allocation-stats>
<gc-op id="149" type="scavenge" timems="4.451" contextid="146" timestamp="2020-09-11T10:42:53.990">
  <scavenger-info tenureage="2" tenuremask="7ffc" tiltratio="67" />
  <memory-copied type="nursery" objects="3244" bytes="168000" bytesdiscarded="27560" />
  <memory-copied type="tenure" objects="5590" bytes="235128" bytesdiscarded="64" />
  <finalization candidates="35" enqueued="0" />
  <ownableSynchronizers candidates="2" cleared="0" />
  <references type="soft" candidates="19" cleared="0" enqueued="0" dynamicThreshold="32" maxThreshold="32" />
  <references type="weak" candidates="486" cleared="265" enqueued="234" />
  <references type="phantom" candidates="3" cleared="0" enqueued="0" />
</gc-op>
<gc-end id="150" type="scavenge" contextid="146" durationms="4.680" usertimems="7.404" systemtimems="0.477" timestamp="2020-09-11T10:42:53.990" activeThreads="4">
  <mem-info id="151" free="6432704" total="10092544" percent="63">
    <mem type="nursery" free="2622208" total="3801088" percent="68">
      <mem type="allocate" free="2622208" total="2818048" percent="93" />
      <mem type="survivor" free="0" total="983040" percent="0" />
    </mem>
    <mem type="tenure" free="3810496" total="6291456" percent="60">
      <mem type="soa" free="3495104" total="5976064" percent="58" />
      <mem type="loa" free="315392" total="315392" percent="100" />
    </mem>
    <pending-finalizers system="0" default="0" reference="234" classloader="0" />
    <remembered-set count="749" />
  </mem-info>
</gc-end>
<cycle-end id="152" type="scavenge" contextid="146" timestamp="2020-09-11T10:42:53.991" />
<allocation-satisfied id="153" threadId="0000000000019A00" bytesRequested="4120" />
<af-end id="154" timestamp="2020-09-11T10:42:53.991" threadId="000000000001A380" success="true" from="nursery"/>
<exclusive-end id="155" timestamp="2020-09-11T10:42:53.991" durationms="5.188" />

<exclusive-start id="156" timestamp="2020-09-11T10:42:54.145" intervalms="159.987">
  <response-info timems="0.080" idlems="0.080" threads="0" lastid="0000000000019A00" lastname="main" />
</exclusive-start>
<af-start id="157" threadId="000000000001A380" totalBytesRequested="4104" timestamp="2020-09-11T10:42:54.145" intervalms="159.988" type="nursery" />
<cycle-start id="158" type="scavenge" contextid="0" timestamp="2020-09-11T10:42:54.146" intervalms="159.996" />
<gc-start id="159" type="scavenge" contextid="158" timestamp="2020-09-11T10:42:54.146">
  <mem-info id="160" free="3758296" total="10092544" percent="37">
    <mem type="nursery" free="0" total="3801088" percent="0">
      <mem type="allocate" free="0" total="2818048" percent="0" />
      <mem type="survivor" free="0" total="983040" percent="0" />
    </mem>
    <mem type="tenure" free="3758296" total="6291456" percent="59">
      <mem type="soa" free="3442904" total="5976064" percent="57" />
      <mem type="loa" free="315392" total="315392" percent="100" />
    </mem>
    <remembered-set count="1458" />
  </mem-info>
</gc-start>
<allocation-stats totalBytes="2670720" >
  <allocated-bytes non-tlh="56320" tlh="2614400" />
  <largest-consumer threadName="main" threadId="0000000000019A00" bytes="2604288" />
</allocation-stats>
<gc-op id="161" type="scavenge" timems="4.085" contextid="158" timestamp="2020-09-11T10:42:54.150">
  <scavenger-info tenureage="3" tenuremask="7ff8" tiltratio="74" />
  <memory-copied type="nursery" objects="6089" bytes="262992" bytesdiscarded="52840" />
  <finalization candidates="8" enqueued="2" />
  <ownableSynchronizers candidates="1" cleared="0" />
  <references type="soft" candidates="31" cleared="0" enqueued="0" dynamicThreshold="32" maxThreshold="32" />
  <references type="weak" candidates="870" cleared="380" enqueued="315" />
  <references type="phantom" candidates="6" cleared="0" enqueued="0" />
</gc-op>
<gc-end id="162" type="scavenge" contextid="158" durationms="4.240" usertimems="7.154" systemtimems="0.000" timestamp="2020-09-11T10:42:54.150" activeThreads="4">
  <mem-info id="163" free="6325464" total="10092544" percent="62">
    <mem type="nursery" free="2567168" total="3801088" percent="67">
      <mem type="allocate" free="2567168" total="2883584" percent="89" />
      <mem type="survivor" free="0" total="917504" percent="0" />
    </mem>
    <mem type="tenure" free="3758296" total="6291456" percent="59">
      <mem type="soa" free="3442904" total="5976064" percent="57" />
      <mem type="loa" free="315392" total="315392" percent="100" />
    </mem>
    <pending-finalizers system="2" default="0" reference="315" classloader="0" />
    <remembered-set count="1209" />
  </mem-info>
</gc-end>
<cycle-end id="164" type="scavenge" contextid="158" timestamp="2020-09-11T10:42:54.150" />
<allocation-satisfied id="165" threadId="0000000000019A00" bytesRequested="4104" />
<af-end id="166" timestamp="2020-09-11T10:42:54.150" threadId="000000000001A380" success="true" from="nursery"/>
<exclusive-end id="167" timestamp="2020-09-11T10:42:54.150" durationms="4.909" />

<exclusive-start id="168" timestamp="2020-09-11T10:42:54.198" intervalms="52.853">
  <response-info timems="0.101" idlems="0.101" threads="0" lastid="0000000000019A00" lastname="main" />
</exclusive-start>
<af-start id="169" threadId="000000000001A380" totalBytesRequested="5632" timestamp="2020-09-11T10:42:54.198" intervalms="52.850" type="nursery" />
<cycle-start id="170" type="scavenge" contextid="0" timestamp="2020-09-11T10:42:54.198" intervalms="52.840" />
<gc-start id="171" type="scavenge" contextid="170" timestamp="2020-09-11T10:42:54.199">
  <mem-info id="172" free="3758296" total="10092544" percent="37">
    <mem type="nursery" free="0" total="3801088" percent="0">
      <mem type="allocate" free="0" total="2883584" percent="0" />
      <mem type="survivor" free="0" total="917504" percent="0" />
    </mem>
    <mem type="tenure" free="3758296" total="6291456" percent="59">
      <mem type="soa" free="3442904" total="5976064" percent="57" />
      <mem type="loa" free="315392" total="315392" percent="100" />
    </mem>
    <remembered-set count="1215" />
  </mem-info>
</gc-start>
<allocation-stats totalBytes="2510464" >
  <allocated-bytes non-tlh="4104" tlh="2506360" />
  <largest-consumer threadName="main" threadId="0000000000019A00" bytes="2506368" />
</allocation-stats>
<gc-op id="173" type="scavenge" timems="1.615" contextid="170" timestamp="2020-09-11T10:42:54.200">
  <scavenger-info tenureage="4" tenuremask="7ff0" tiltratio="75" />
  <memory-copied type="nursery" objects="6449" bytes="291032" bytesdiscarded="24320" />
  <finalization candidates="6" enqueued="0" />
  <ownableSynchronizers candidates="1" cleared="0" />
  <references type="soft" candidates="31" cleared="0" enqueued="0" dynamicThreshold="32" maxThreshold="32" />
  <references type="weak" candidates="490" cleared="0" enqueued="0" />
  <references type="phantom" candidates="6" cleared="0" enqueued="0" />
</gc-op>
<gc-end id="174" type="scavenge" contextid="170" durationms="1.739" usertimems="2.117" systemtimems="0.379" timestamp="2020-09-11T10:42:54.200" activeThreads="4">
  <mem-info id="175" free="6457040" total="10092544" percent="63">
    <mem type="nursery" free="2698744" total="3801088" percent="70">
      <mem type="allocate" free="2698744" total="3014656" percent="89" />
      <mem type="survivor" free="0" total="786432" percent="0" />
    </mem>
    <mem type="tenure" free="3758296" total="6291456" percent="59">
      <mem type="soa" free="3442904" total="5976064" percent="57" />
      <mem type="loa" free="315392" total="315392" percent="100" />
    </mem>
    <remembered-set count="1047" />
  </mem-info>
</gc-end>
<cycle-end id="176" type="scavenge" contextid="170" timestamp="2020-09-11T10:42:54.201" />
<allocation-satisfied id="177" threadId="0000000000019A00" bytesRequested="5632" />
<af-end id="178" timestamp="2020-09-11T10:42:54.201" threadId="000000000001A380" success="true" from="nursery"/>
<exclusive-end id="179" timestamp="2020-09-11T10:42:54.201" durationms="2.374" />

<exclusive-start id="180" timestamp="2020-09-11T10:42:54.219" intervalms="21.264">
  <response-info timems="0.290" idlems="0.290" threads="0" lastid="0000000000019A00" lastname="main" />
</exclusive-start>
<af-start id="181" threadId="000000000001A380" totalBytesRequested="4952" timestamp="2020-09-11T10:42:54.220" intervalms="21.273" type="nursery" />
<cycle-start id="182" type="scavenge" contextid="0" timestamp="2020-09-11T10:42:54.220" intervalms="21.275" />
<gc-start id="183" type="scavenge" contextid="182" timestamp="2020-09-11T10:42:54.220">
  <mem-info id="184" free="3758296" total="10092544" percent="37">
    <mem type="nursery" free="0" total="3801088" percent="0">
      <mem type="allocate" free="0" total="3014656" percent="0" />
      <mem type="survivor" free="0" total="786432" percent="0" />
    </mem>
    <mem type="tenure" free="3758296" total="6291456" percent="59">
      <mem type="soa" free="3442904" total="5976064" percent="57" />
      <mem type="loa" free="315392" total="315392" percent="100" />
    </mem>
    <remembered-set count="1047" />
  </mem-info>
</gc-start>
<allocation-stats totalBytes="2657888" >
  <allocated-bytes non-tlh="5632" tlh="2652256" />
  <largest-consumer threadName="main" threadId="0000000000019A00" bytes="2657888" />
</allocation-stats>
<gc-op id="185" type="scavenge" timems="3.616" contextid="182" timestamp="2020-09-11T10:42:54.223">
  <scavenger-info tenureage="3" tenuremask="7ff8" tiltratio="79" />
  <memory-copied type="nursery" objects="4791" bytes="214432" bytesdiscarded="64968" />
  <memory-copied type="tenure" objects="2510" bytes="119488" bytesdiscarded="80" />
  <finalization candidates="6" enqueued="0" />
  <ownableSynchronizers candidates="1" cleared="0" />
  <references type="soft" candidates="12" cleared="0" enqueued="0" dynamicThreshold="32" maxThreshold="32" />
  <references type="weak" candidates="272" cleared="0" enqueued="0" />
  <references type="phantom" candidates="4" cleared="0" enqueued="0" />
</gc-op>
<heap-resize id="186" type="expand" space="nursery" amount="393216" count="1" timems="0.077" reason="excessive time being spent scavenging" timestamp="2020-09-11T10:42:54.224" />
<gc-end id="187" type="scavenge" contextid="182" durationms="3.996" usertimems="6.759" systemtimems="0.000" timestamp="2020-09-11T10:42:54.224" activeThreads="4">
  <mem-info id="188" free="6749480" total="10485760" percent="64">
    <mem type="nursery" free="3062608" total="4194304" percent="73">
      <mem type="allocate" free="3062608" total="3342336" percent="91" />
      <mem type="survivor" free="0" total="851968" percent="0" />
    </mem>
    <mem type="tenure" free="3686872" total="6291456" percent="58">
      <mem type="soa" free="3371480" total="5976064" percent="56" />
      <mem type="loa" free="315392" total="315392" percent="100" />
    </mem>
    <remembered-set count="231" />
  </mem-info>
</gc-end>
<cycle-end id="189" type="scavenge" contextid="182" timestamp="2020-09-11T10:42:54.224" />
<allocation-satisfied id="190" threadId="0000000000019A00" bytesRequested="4952" />
<af-end id="191" timestamp="2020-09-11T10:42:54.224" threadId="000000000001A380" success="true" from="nursery"/>
<exclusive-end id="192" timestamp="2020-09-11T10:42:54.224" durationms="4.582" />

<exclusive-start id="193" timestamp="2020-09-11T10:42:54.244" intervalms="24.248">
  <response-info timems="0.181" idlems="0.181" threads="0" lastid="0000000000019A00" lastname="main" />
</exclusive-start>
<af-start id="194" threadId="000000000001A380" totalBytesRequested="4104" timestamp="2020-09-11T10:42:54.244" intervalms="24.281" type="nursery" />
<cycle-start id="195" type="scavenge" contextid="0" timestamp="2020-09-11T10:42:54.244" intervalms="24.290" />
<gc-start id="196" type="scavenge" contextid="195" timestamp="2020-09-11T10:42:54.244">
  <mem-info id="197" free="3686872" total="10485760" percent="35">
    <mem type="nursery" free="0" total="4194304" percent="0">
      <mem type="allocate" free="0" total="3342336" percent="0" />
      <mem type="survivor" free="0" total="851968" percent="0" />
    </mem>
    <mem type="tenure" free="3686872" total="6291456" percent="58">
      <mem type="soa" free="3371480" total="5976064" percent="56" />
      <mem type="loa" free="315392" total="315392" percent="100" />
    </mem>
    <remembered-set count="231" />
  </mem-info>
</gc-start>
<allocation-stats totalBytes="3006256" >
  <allocated-bytes non-tlh="4952" tlh="3001304" />
  <largest-consumer threadName="main" threadId="0000000000019A00" bytes="3006256" />
</allocation-stats>
<gc-op id="198" type="scavenge" timems="3.836" contextid="195" timestamp="2020-09-11T10:42:54.248">
  <scavenger-info tenureage="3" tenuremask="7fc8" tiltratio="79" />
  <memory-copied type="nursery" objects="2770" bytes="136992" bytesdiscarded="36576" />
  <memory-copied type="tenure" objects="2964" bytes="119088" bytesdiscarded="96" />
  <finalization candidates="3" enqueued="0" />
</gc-op>
<heap-resize id="199" type="expand" space="nursery" amount="393216" count="1" timems="0.052" reason="excessive time being spent scavenging" timestamp="2020-09-11T10:42:54.248" />
<gc-end id="200" type="scavenge" contextid="195" durationms="4.534" usertimems="7.843" systemtimems="0.000" timestamp="2020-09-11T10:42:54.249" activeThreads="5">
  <mem-info id="201" free="7304152" total="10878976" percent="67">
    <mem type="nursery" free="3758592" total="4587520" percent="81">
      <mem type="allocate" free="3758592" total="3932160" percent="95" />
      <mem type="survivor" free="0" total="655360" percent="0" />
    </mem>
    <mem type="tenure" free="3545560" total="6291456" percent="56">
      <mem type="soa" free="3230168" total="5976064" percent="54" />
      <mem type="loa" free="315392" total="315392" percent="100" />
    </mem>
    <remembered-set count="94" />
  </mem-info>
</gc-end>
<cycle-end id="202" type="scavenge" contextid="195" timestamp="2020-09-11T10:42:54.249" />
<allocation-satisfied id="203" threadId="0000000000019A00" bytesRequested="4104" />
<af-end id="204" timestamp="2020-09-11T10:42:54.249" threadId="000000000001A380" success="true" from="nursery"/>
<exclusive-end id="205" timestamp="2020-09-11T10:42:54.249" durationms="5.452" />

<exclusive-start id="206" timestamp="2020-09-11T10:42:54.279" intervalms="35.141">
  <response-info timems="0.121" idlems="0.121" threads="0" lastid="0000000000019A00" lastname="main" />
</exclusive-start>
<af-start id="207" threadId="000000000001A380" totalBytesRequested="5016" timestamp="2020-09-11T10:42:54.279" intervalms="35.082" type="nursery" />
<cycle-start id="208" type="scavenge" contextid="0" timestamp="2020-09-11T10:42:54.279" intervalms="35.069" />
<gc-start id="209" type="scavenge" contextid="208" timestamp="2020-09-11T10:42:54.279">
  <mem-info id="210" free="3545560" total="10878976" percent="32">
    <mem type="nursery" free="0" total="4587520" percent="0">
      <mem type="allocate" free="0" total="3932160" percent="0" />
      <mem type="survivor" free="0" total="655360" percent="0" />
    </mem>
    <mem type="tenure" free="3545560" total="6291456" percent="56">
      <mem type="soa" free="3230168" total="5976064" percent="54" />
      <mem type="loa" free="315392" total="315392" percent="100" />
    </mem>
    <remembered-set count="97" />
  </mem-info>
</gc-start>
<allocation-stats totalBytes="3682120" >
  <allocated-bytes non-tlh="4104" tlh="3678016" />
  <largest-consumer threadName="main" threadId="0000000000019A00" bytes="3682120" />
</allocation-stats>
<gc-op id="211" type="scavenge" timems="2.077" contextid="208" timestamp="2020-09-11T10:42:54.281">
  <scavenger-info tenureage="3" tenuremask="7f88" tiltratio="85" />
  <memory-copied type="nursery" objects="2772" bytes="146000" bytesdiscarded="20656" />
  <memory-copied type="tenure" objects="971" bytes="45424" bytesdiscarded="16" />
</gc-op>
<gc-end id="212" type="scavenge" contextid="208" durationms="2.487" usertimems="4.014" systemtimems="0.000" timestamp="2020-09-11T10:42:54.282" activeThreads="5">
  <mem-info id="213" free="7418328" total="10878976" percent="68">
    <mem type="nursery" free="3896576" total="4587520" percent="84">
      <mem type="allocate" free="3896576" total="4063232" percent="95" />
      <mem type="survivor" free="0" total="524288" percent="0" />
    </mem>
    <mem type="tenure" free="3521752" total="6291456" percent="55">
      <mem type="soa" free="3206360" total="5976064" percent="53" />
      <mem type="loa" free="315392" total="315392" percent="100" />
    </mem>
    <remembered-set count="129" />
  </mem-info>
</gc-end>
<cycle-end id="214" type="scavenge" contextid="208" timestamp="2020-09-11T10:42:54.282" />
<allocation-satisfied id="215" threadId="0000000000019A00" bytesRequested="5016" />
<af-end id="216" timestamp="2020-09-11T10:42:54.282" threadId="000000000001A380" success="true" from="nursery"/>
<exclusive-end id="217" timestamp="2020-09-11T10:42:54.282" durationms="3.520" />

<exclusive-start id="218" timestamp="2020-09-11T10:42:54.308" intervalms="29.473">
  <response-info timems="0.131" idlems="0.131" threads="0" lastid="0000000000019A00" lastname="main" />
</exclusive-start>
<af-start id="219" threadId="000000000001A380" totalBytesRequested="4104" timestamp="2020-09-11T10:42:54.308" intervalms="29.508" type="nursery" />
<cycle-start id="220" type="scavenge" contextid="0" timestamp="2020-09-11T10:42:54.309" intervalms="29.510" />
<gc-start id="221" type="scavenge" contextid="220" timestamp="2020-09-11T10:42:54.309">
  <mem-info id="222" free="3521752" total="10878976" percent="32">
    <mem type="nursery" free="0" total="4587520" percent="0">
      <mem type="allocate" free="0" total="4063232" percent="0" />
      <mem type="survivor" free="0" total="524288" percent="0" />
    </mem>
    <mem type="tenure" free="3521752" total="6291456" percent="55">
      <mem type="soa" free="3206360" total="5976064" percent="53" />
      <mem type="loa" free="315392" total="315392" percent="100" />
    </mem>
    <remembered-set count="149" />
  </mem-info>
</gc-start>
<allocation-stats totalBytes="3795216" >
  <allocated-bytes non-tlh="87904" tlh="3707312" />
  <largest-consumer threadName="main" threadId="0000000000019A00" bytes="3795216" />
</allocation-stats>
<gc-op id="223" type="scavenge" timems="1.888" contextid="220" timestamp="2020-09-11T10:42:54.311">
  <scavenger-info tenureage="2" tenuremask="7f0c" tiltratio="88" />
  <memory-copied type="nursery" objects="1919" bytes="94176" bytesdiscarded="24864" />
  <memory-copied type="tenure" objects="1796" bytes="91424" bytesdiscarded="80" />
</gc-op>
<heap-resize id="224" type="expand" space="nursery" amount="262144" count="1" timems="0.036" reason="excessive time being spent scavenging" timestamp="2020-09-11T10:42:54.311" />
<gc-end id="225" type="scavenge" contextid="220" durationms="2.307" usertimems="3.075" systemtimems="0.527" timestamp="2020-09-11T10:42:54.311" activeThreads="5">
  <mem-info id="226" free="7609048" total="11141120" percent="68">
    <mem type="nursery" free="4206336" total="4849664" percent="86">
      <mem type="allocate" free="4206336" total="4325376" percent="97" />
      <mem type="survivor" free="0" total="524288" percent="0" />
    </mem>
    <mem type="tenure" free="3402712" total="6291456" percent="54">
      <mem type="soa" free="3087320" total="5976064" percent="51" />
      <mem type="loa" free="315392" total="315392" percent="100" />
    </mem>
    <remembered-set count="108" />
  </mem-info>
</gc-end>
<cycle-end id="227" type="scavenge" contextid="220" timestamp="2020-09-11T10:42:54.312" />
<allocation-satisfied id="228" threadId="0000000000019A00" bytesRequested="4104" />
<af-end id="229" timestamp="2020-09-11T10:42:54.312" threadId="000000000001A380" success="true" from="nursery"/>
<exclusive-end id="230" timestamp="2020-09-11T10:42:54.312" durationms="3.340" />

<exclusive-start id="231" timestamp="2020-09-11T10:42:54.330" intervalms="21.183">
  <response-info timems="0.201" idlems="0.201" threads="0" lastid="0000000000019A00" lastname="main" />
</exclusive-start>
<af-start id="232" threadId="000000000001A380" totalBytesRequested="601456" timestamp="2020-09-11T10:42:54.330" intervalms="21.172" type="nursery" />
<cycle-start id="233" type="scavenge" contextid="0" timestamp="2020-09-11T10:42:54.330" intervalms="21.189" />
<gc-start id="234" type="scavenge" contextid="233" timestamp="2020-09-11T10:42:54.330">
  <mem-info id="235" free="3903944" total="11141120" percent="35">
    <mem type="nursery" free="501232" total="4849664" percent="10">
      <mem type="allocate" free="501232" total="4325376" percent="11" />
      <mem type="survivor" free="0" total="524288" percent="0" />
    </mem>
    <mem type="tenure" free="3402712" total="6291456" percent="54">
      <mem type="soa" free="3087320" total="5976064" percent="51" />
      <mem type="loa" free="315392" total="315392" percent="100" />
    </mem>
    <remembered-set count="117" />
  </mem-info>
</gc-start>
<allocation-stats totalBytes="3587680" >
  <allocated-bytes non-tlh="1358104" tlh="2229576" />
  <largest-consumer threadName="main" threadId="0000000000019A00" bytes="3587680" />
</allocation-stats>
<gc-op id="236" type="scavenge" timems="2.541" contextid="233" timestamp="2020-09-11T10:42:54.332">
  <scavenger-info tenureage="5" tenuremask="ffe0" tiltratio="89" />
  <memory-copied type="nursery" objects="2601" bytes="125320" bytesdiscarded="41336" />
  <memory-copied type="tenure" objects="1" bytes="669192" bytesdiscarded="0" />
  <copy-failed type="nursery" objects="1" bytes="669192" />
</gc-op>
<heap-resize id="237" type="expand" space="nursery" amount="393216" count="1" timems="0.041" reason="excessive time being spent scavenging" timestamp="2020-09-11T10:42:54.333" />
<gc-end id="238" type="scavenge" contextid="233" durationms="3.071" usertimems="0.140" systemtimems="4.238" timestamp="2020-09-11T10:42:54.333" activeThreads="5">
  <mem-info id="239" free="5909200" total="11534336" percent="51">
    <mem type="nursery" free="3175680" total="5242880" percent="60">
      <mem type="allocate" free="3175680" total="3342336" percent="95" />
      <mem type="survivor" free="0" total="1900544" percent="0" />
    </mem>
    <mem type="tenure" free="2733520" total="6291456" percent="43">
      <mem type="soa" free="2418128" total="5976064" percent="40" />
      <mem type="loa" free="315392" total="315392" percent="100" />
    </mem>
    <remembered-set count="117" />
  </mem-info>
</gc-end>
<cycle-end id="240" type="scavenge" contextid="233" timestamp="2020-09-11T10:42:54.337" />
<allocation-satisfied id="241" threadId="0000000000019A00" bytesRequested="601456" />
<af-end id="242" timestamp="2020-09-11T10:42:54.337" threadId="000000000001A380" success="true" from="nursery"/>
<exclusive-end id="243" timestamp="2020-09-11T10:42:54.337" durationms="7.632" />

<exclusive-start id="244" timestamp="2020-09-11T10:42:54.357" intervalms="27.128">
  <response-info timems="0.389" idlems="0.389" threads="0" lastid="0000000000019A00" lastname="main" />
</exclusive-start>
<af-start id="245" threadId="000000000001A380" totalBytesRequested="4632" timestamp="2020-09-11T10:42:54.357" intervalms="27.119" type="nursery" />
<cycle-start id="246" type="scavenge" contextid="0" timestamp="2020-09-11T10:42:54.357" intervalms="27.108" />
<gc-start id="247" type="scavenge" contextid="246" timestamp="2020-09-11T10:42:54.357">
  <mem-info id="248" free="2733480" total="11534336" percent="23">
    <mem type="nursery" free="0" total="5242880" percent="0">
      <mem type="allocate" free="0" total="3342336" percent="0" />
      <mem type="survivor" free="0" total="1900544" percent="0" />
    </mem>
    <mem type="tenure" free="2733480" total="6291456" percent="43">
      <mem type="soa" free="2418088" total="5976064" percent="40" />
      <mem type="loa" free="315392" total="315392" percent="100" />
    </mem>
    <remembered-set count="126" />
  </mem-info>
</gc-start>
<allocation-stats totalBytes="3091224" >
  <allocated-bytes non-tlh="601496" tlh="2489728" />
  <largest-consumer threadName="main" threadId="0000000000019A00" bytes="3091224" />
</allocation-stats>
<gc-op id="249" type="scavenge" timems="2.783" contextid="246" timestamp="2020-09-11T10:42:54.360">
  <scavenger-info tenureage="2" tenuremask="fffc" tiltratio="63" />
  <memory-copied type="nursery" objects="1533" bytes="85664" bytesdiscarded="34688" />
  <memory-copied type="tenure" objects="1916" bytes="94032" bytesdiscarded="168" />
  <references type="soft" candidates="1" cleared="0" enqueued="0" dynamicThreshold="32" maxThreshold="32" />
  <references type="weak" candidates="4" cleared="4" enqueued="4" />
  <references type="phantom" candidates="4" cleared="0" enqueued="0" />
</gc-op>
<heap-resize id="250" type="expand" space="nursery" amount="393216" count="1" timems="0.026" reason="excessive time being spent scavenging" timestamp="2020-09-11T10:42:54.360" />
<gc-end id="251" type="scavenge" contextid="246" durationms="3.412" usertimems="4.403" systemtimems="0.750" timestamp="2020-09-11T10:42:54.360" activeThreads="5">
  <mem-info id="252" free="6450040" total="11927552" percent="54">
    <mem type="nursery" free="3811792" total="5636096" percent="67">
      <mem type="allocate" free="3811792" total="3932160" percent="96" />
      <mem type="survivor" free="0" total="1703936" percent="0" />
    </mem>
    <mem type="tenure" free="2638248" total="6291456" percent="41">
      <mem type="soa" free="2322856" total="5976064" percent="38" />
      <mem type="loa" free="315392" total="315392" percent="100" />
    </mem>
    <pending-finalizers system="0" default="0" reference="4" classloader="0" />
    <remembered-set count="131" />
  </mem-info>
</gc-end>
<cycle-end id="253" type="scavenge" contextid="246" timestamp="2020-09-11T10:42:54.361" />
<allocation-satisfied id="254" threadId="0000000000019A00" bytesRequested="4632" />
<af-end id="255" timestamp="2020-09-11T10:42:54.361" threadId="000000000001A380" success="true" from="nursery"/>
<exclusive-end id="256" timestamp="2020-09-11T10:42:54.361" durationms="4.037" />

<exclusive-start id="257" timestamp="2020-09-11T10:42:54.382" intervalms="25.467">
  <response-info timems="1.404" idlems="1.404" threads="0" lastid="0000000000019A00" lastname="main" />
</exclusive-start>
<af-start id="258" threadId="000000000001A380" totalBytesRequested="3000" timestamp="2020-09-11T10:42:54.382" intervalms="25.469" type="nursery" />
<cycle-start id="259" type="scavenge" contextid="0" timestamp="2020-09-11T10:42:54.382" intervalms="25.471" />
<gc-start id="260" type="scavenge" contextid="259" timestamp="2020-09-11T10:42:54.382">
  <mem-info id="261" free="2638248" total="11927552" percent="22">
    <mem type="nursery" free="0" total="5636096" percent="0">
      <mem type="allocate" free="0" total="3932160" percent="0" />
      <mem type="survivor" free="0" total="1703936" percent="0" />
    </mem>
    <mem type="tenure" free="2638248" total="6291456" percent="41">
      <mem type="soa" free="2322856" total="5976064" percent="38" />
      <mem type="loa" free="315392" total="315392" percent="100" />
    </mem>
    <remembered-set count="133" />
  </mem-info>
</gc-start>
<allocation-stats totalBytes="3694296" >
  <allocated-bytes non-tlh="388944" tlh="3305352" />
  <largest-consumer threadName="main" threadId="0000000000019A00" bytes="3694296" />
</allocation-stats>
<gc-op id="262" type="scavenge" timems="7.875" contextid="259" timestamp="2020-09-11T10:42:54.390">
  <scavenger-info tenureage="2" tenuremask="ffe4" tiltratio="69" />
  <memory-copied type="nursery" objects="1669" bytes="89400" bytesdiscarded="5816" />
  <memory-copied type="tenure" objects="684" bytes="31272" bytesdiscarded="24" />
  <references type="soft" candidates="1" cleared="0" enqueued="0" dynamicThreshold="32" maxThreshold="32" />
  <references type="phantom" candidates="4" cleared="0" enqueued="0" />
</gc-op>
<heap-resize id="263" type="expand" space="nursery" amount="786432" count="1" timems="0.060" reason="excessive time being spent scavenging" timestamp="2020-09-11T10:42:54.391" />
<gc-end id="264" type="scavenge" contextid="259" durationms="8.752" usertimems="8.789" systemtimems="2.035" timestamp="2020-09-11T10:42:54.391" activeThreads="5">
  <mem-info id="265" free="7499944" total="12713984" percent="58">
    <mem type="nursery" free="4885504" total="6422528" percent="76">
      <mem type="allocate" free="4885504" total="4980736" percent="98" />
      <mem type="survivor" free="0" total="1441792" percent="0" />
    </mem>
    <mem type="tenure" free="2614440" total="6291456" percent="41">
      <mem type="soa" free="2299048" total="5976064" percent="38" />
      <mem type="loa" free="315392" total="315392" percent="100" />
    </mem>
    <remembered-set count="79" />
  </mem-info>
</gc-end>
<cycle-end id="266" type="scavenge" contextid="259" timestamp="2020-09-11T10:42:54.391" />
<allocation-satisfied id="267" threadId="0000000000019A00" bytesRequested="3000" />
<af-end id="268" timestamp="2020-09-11T10:42:54.391" threadId="000000000001A380" success="true" from="nursery"/>
<exclusive-end id="269" timestamp="2020-09-11T10:42:54.391" durationms="9.344" />

<exclusive-start id="270" timestamp="2020-09-11T10:42:54.416" intervalms="34.319">
  <response-info timems="0.298" idlems="0.298" threads="0" lastid="0000000000019A00" lastname="main" />
</exclusive-start>
<af-start id="271" threadId="000000000001A380" totalBytesRequested="4104" timestamp="2020-09-11T10:42:54.417" intervalms="34.319" type="nursery" />
<cycle-start id="272" type="scavenge" contextid="0" timestamp="2020-09-11T10:42:54.417" intervalms="34.310" />
<gc-start id="273" type="scavenge" contextid="272" timestamp="2020-09-11T10:42:54.417">
  <mem-info id="274" free="2614440" total="12713984" percent="20">
    <mem type="nursery" free="0" total="6422528" percent="0">
      <mem type="allocate" free="0" total="4980736" percent="0" />
      <mem type="survivor" free="0" total="1441792" percent="0" />
    </mem>
    <mem type="tenure" free="2614440" total="6291456" percent="41">
      <mem type="soa" free="2299048" total="5976064" percent="38" />
      <mem type="loa" free="315392" total="315392" percent="100" />
    </mem>
    <remembered-set count="80" />
  </mem-info>
</gc-start>
<allocation-stats totalBytes="4769312" >
  <allocated-bytes non-tlh="3000" tlh="4766312" />
  <largest-consumer threadName="main" threadId="0000000000019A00" bytes="4769312" />
</allocation-stats>
<gc-op id="275" type="scavenge" timems="5.784" contextid="272" timestamp="2020-09-11T10:42:54.423">
  <scavenger-info tenureage="4" tenuremask="fff0" tiltratio="77" />
  <memory-copied type="nursery" objects="3078" bytes="161032" bytesdiscarded="29416" />
  <references type="soft" candidates="1" cleared="0" enqueued="0" dynamicThreshold="32" maxThreshold="32" />
  <references type="phantom" candidates="4" cleared="0" enqueued="0" />
</gc-op>
<heap-resize id="276" type="expand" space="nursery" amount="655360" count="1" timems="0.047" reason="excessive time being spent scavenging" timestamp="2020-09-11T10:42:54.423" />
<gc-end id="277" type="scavenge" contextid="272" durationms="7.840" usertimems="6.294" systemtimems="3.034" timestamp="2020-09-11T10:42:54.425" activeThreads="6">
  <mem-info id="278" free="8322216" total="13369344" percent="62">
    <mem type="nursery" free="5707776" total="7077888" percent="80">
      <mem type="allocate" free="5707776" total="5898240" percent="96" />
      <mem type="survivor" free="0" total="1179648" percent="0" />
    </mem>
    <mem type="tenure" free="2614440" total="6291456" percent="41">
      <mem type="soa" free="2299048" total="5976064" percent="38" />
      <mem type="loa" free="315392" total="315392" percent="100" />
    </mem>
    <remembered-set count="78" />
  </mem-info>
</gc-end>
<cycle-end id="279" type="scavenge" contextid="272" timestamp="2020-09-11T10:42:54.429" />
<allocation-satisfied id="280" threadId="0000000000019A00" bytesRequested="4104" />
<af-end id="281" timestamp="2020-09-11T10:42:54.429" threadId="000000000001A380" success="true" from="nursery"/>
<exclusive-end id="282" timestamp="2020-09-11T10:42:54.429" durationms="12.261" />

<exclusive-start id="283" timestamp="2020-09-11T10:42:54.460" intervalms="43.473">
  <response-info timems="0.200" idlems="0.200" threads="0" lastid="0000000000019A00" lastname="main" />
</exclusive-start>
<af-start id="284" threadId="000000000001A380" totalBytesRequested="2000" timestamp="2020-09-11T10:42:54.460" intervalms="43.471" type="nursery" />
<cycle-start id="285" type="scavenge" contextid="0" timestamp="2020-09-11T10:42:54.460" intervalms="43.504" />
<gc-start id="286" type="scavenge" contextid="285" timestamp="2020-09-11T10:42:54.460">
  <mem-info id="287" free="2614440" total="13369344" percent="19">
    <mem type="nursery" free="0" total="7077888" percent="0">
      <mem type="allocate" free="0" total="5898240" percent="0" />
      <mem type="survivor" free="0" total="1179648" percent="0" />
    </mem>
    <mem type="tenure" free="2614440" total="6291456" percent="41">
      <mem type="soa" free="2299048" total="5976064" percent="38" />
      <mem type="loa" free="315392" total="315392" percent="100" />
    </mem>
    <remembered-set count="81" />
  </mem-info>
</gc-start>
<allocation-stats totalBytes="5524120" >
  <allocated-bytes non-tlh="4104" tlh="5520016" />
  <largest-consumer threadName="main" threadId="0000000000019A00" bytes="5524120" />
</allocation-stats>
<gc-op id="288" type="scavenge" timems="6.687" contextid="285" timestamp="2020-09-11T10:42:54.467">
  <scavenger-info tenureage="3" tenuremask="fff8" tiltratio="83" />
  <memory-copied type="nursery" objects="3632" bytes="205400" bytesdiscarded="29600" />
  <memory-copied type="tenure" objects="744" bytes="35024" bytesdiscarded="8" />
  <references type="phantom" candidates="2" cleared="0" enqueued="0" />
</gc-op>
<heap-resize id="289" type="expand" space="nursery" amount="655360" count="1" timems="0.058" reason="excessive time being spent scavenging" timestamp="2020-09-11T10:42:54.467" />
<gc-end id="290" type="scavenge" contextid="285" durationms="7.363" usertimems="0.608" systemtimems="4.511" timestamp="2020-09-11T10:42:54.468" activeThreads="6">
  <mem-info id="291" free="9040296" total="14024704" percent="64">
    <mem type="nursery" free="6449664" total="7733248" percent="83">
      <mem type="allocate" free="6449664" total="6684672" percent="96" />
      <mem type="survivor" free="0" total="1048576" percent="0" />
    </mem>
    <mem type="tenure" free="2590632" total="6291456" percent="41">
      <mem type="soa" free="2275240" total="5976064" percent="38" />
      <mem type="loa" free="315392" total="315392" percent="100" />
    </mem>
    <remembered-set count="105" />
  </mem-info>
</gc-end>
<cycle-end id="292" type="scavenge" contextid="285" timestamp="2020-09-11T10:42:54.468" />
<allocation-satisfied id="293" threadId="0000000000019A00" bytesRequested="2000" />
<af-end id="294" timestamp="2020-09-11T10:42:54.468" threadId="000000000001A380" success="true" from="nursery"/>
<exclusive-end id="295" timestamp="2020-09-11T10:42:54.468" durationms="8.045" />

<exclusive-start id="296" timestamp="2020-09-11T10:42:54.498" intervalms="38.410">
  <response-info timems="2.086" idlems="2.086" threads="0" lastid="0000000000019A00" lastname="main" />
</exclusive-start>
<af-start id="297" threadId="000000000001A380" totalBytesRequested="3480" timestamp="2020-09-11T10:42:54.498" intervalms="38.400" type="nursery" />
<cycle-start id="298" type="scavenge" contextid="0" timestamp="2020-09-11T10:42:54.498" intervalms="38.382" />
<gc-start id="299" type="scavenge" contextid="298" timestamp="2020-09-11T10:42:54.499">
  <mem-info id="300" free="2590632" total="14024704" percent="18">
    <mem type="nursery" free="0" total="7733248" percent="0">
      <mem type="allocate" free="0" total="6684672" percent="0" />
      <mem type="survivor" free="0" total="1048576" percent="0" />
    </mem>
    <mem type="tenure" free="2590632" total="6291456" percent="41">
      <mem type="soa" free="2275240" total="5976064" percent="38" />
      <mem type="loa" free="315392" total="315392" percent="100" />
    </mem>
    <remembered-set count="105" />
  </mem-info>
</gc-start>
<allocation-stats totalBytes="6307328" >
  <allocated-bytes non-tlh="2000" tlh="6305328" />
  <largest-consumer threadName="main" threadId="0000000000019A00" bytes="6307328" />
</allocation-stats>
<gc-op id="301" type="scavenge" timems="4.405" contextid="298" timestamp="2020-09-11T10:42:54.503">
  <scavenger-info tenureage="2" tenuremask="ffe4" tiltratio="86" />
  <memory-copied type="nursery" objects="3767" bytes="207440" bytesdiscarded="40640" />
  <memory-copied type="tenure" objects="1408" bytes="76224" bytesdiscarded="176" />
  <references type="phantom" candidates="2" cleared="0" enqueued="0" />
</gc-op>
<heap-resize id="302" type="expand" space="nursery" amount="524288" count="1" timems="0.041" reason="excessive time being spent scavenging" timestamp="2020-09-11T10:42:54.504" />
<gc-end id="303" type="scavenge" contextid="298" durationms="5.064" usertimems="11.808" systemtimems="0.516" timestamp="2020-09-11T10:42:54.504" activeThreads="6">
  <mem-info id="304" free="9676688" total="14548992" percent="66">
    <mem type="nursery" free="7157480" total="8257536" percent="86">
      <mem type="allocate" free="7157480" total="7405568" percent="96" />
      <mem type="survivor" free="0" total="851968" percent="0" />
    </mem>
    <mem type="tenure" free="2519208" total="6291456" percent="40">
      <mem type="soa" free="2203816" total="5976064" percent="36" />
      <mem type="loa" free="315392" total="315392" percent="100" />
    </mem>
    <remembered-set count="134" />
  </mem-info>
</gc-end>
<cycle-end id="305" type="scavenge" contextid="298" timestamp="2020-09-11T10:42:54.516" />
<allocation-satisfied id="306" threadId="0000000000019A00" bytesRequested="3480" />
<af-end id="307" timestamp="2020-09-11T10:42:54.516" threadId="000000000001A380" success="true" from="nursery"/>
<exclusive-end id="308" timestamp="2020-09-11T10:42:54.516" durationms="17.578" />

<exclusive-start id="309" timestamp="2020-09-11T10:42:54.555" intervalms="56.516">
  <response-info timems="4.406" idlems="4.406" threads="0" lastid="0000000000019A00" lastname="main" />
</exclusive-start>
<af-start id="310" threadId="000000000001A380" totalBytesRequested="4104" timestamp="2020-09-11T10:42:54.555" intervalms="56.577" type="nursery" />
<cycle-start id="311" type="scavenge" contextid="0" timestamp="2020-09-11T10:42:54.555" intervalms="56.601" />
<gc-start id="312" type="scavenge" contextid="311" timestamp="2020-09-11T10:42:54.555">
  <mem-info id="313" free="2519208" total="14548992" percent="17">
    <mem type="nursery" free="0" total="8257536" percent="0">
      <mem type="allocate" free="0" total="7405568" percent="0" />
      <mem type="survivor" free="0" total="851968" percent="0" />
    </mem>
    <mem type="tenure" free="2519208" total="6291456" percent="40">
      <mem type="soa" free="2203816" total="5976064" percent="36" />
      <mem type="loa" free="315392" total="315392" percent="100" />
    </mem>
    <remembered-set count="142" />
  </mem-info>
</gc-start>
<allocation-stats totalBytes="6956688" >
  <allocated-bytes non-tlh="3480" tlh="6953208" />
  <largest-consumer threadName="main" threadId="0000000000019A00" bytes="6956688" />
</allocation-stats>
<gc-op id="314" type="scavenge" timems="3.794" contextid="311" timestamp="2020-09-11T10:42:54.559">
  <scavenger-info tenureage="4" tenuremask="fff0" tiltratio="89" />
  <memory-copied type="nursery" objects="4544" bytes="233024" bytesdiscarded="20408" />
  <memory-copied type="tenure" objects="810" bytes="40912" bytesdiscarded="56" />
  <references type="phantom" candidates="2" cleared="0" enqueued="0" />
</gc-op>
<gc-end id="315" type="scavenge" contextid="311" durationms="4.401" usertimems="9.152" systemtimems="0.000" timestamp="2020-09-11T10:42:54.560" activeThreads="6">
  <mem-info id="316" free="9632168" total="14548992" percent="66">
    <mem type="nursery" free="7152128" total="8257536" percent="86">
      <mem type="allocate" free="7152128" total="7405568" percent="96" />
      <mem type="survivor" free="0" total="851968" percent="0" />
    </mem>
    <mem type="tenure" free="2480040" total="6291456" percent="39">
      <mem type="soa" free="2164648" total="5976064" percent="36" />
      <mem type="loa" free="315392" total="315392" percent="100" />
    </mem>
    <remembered-set count="103" />
  </mem-info>
</gc-end>
<cycle-end id="317" type="scavenge" contextid="311" timestamp="2020-09-11T10:42:54.560" />
<allocation-satisfied id="318" threadId="0000000000019A00" bytesRequested="4104" />
<af-end id="319" timestamp="2020-09-11T10:42:54.560" threadId="000000000001A380" success="true" from="nursery"/>
<exclusive-end id="320" timestamp="2020-09-11T10:42:54.560" durationms="5.089" />

<exclusive-start id="321" timestamp="2020-09-11T10:42:54.592" intervalms="37.224">
  <response-info timems="0.437" idlems="0.437" threads="0" lastid="0000000000019A00" lastname="main" />
</exclusive-start>
<af-start id="322" threadId="000000000001A380" totalBytesRequested="4104" timestamp="2020-09-11T10:42:54.592" intervalms="37.223" type="nursery" />
<cycle-start id="323" type="scavenge" contextid="0" timestamp="2020-09-11T10:42:54.592" intervalms="37.202" />
<gc-start id="324" type="scavenge" contextid="323" timestamp="2020-09-11T10:42:54.592">
  <mem-info id="325" free="2480040" total="14548992" percent="17">
    <mem type="nursery" free="0" total="8257536" percent="0">
      <mem type="allocate" free="0" total="7405568" percent="0" />
      <mem type="survivor" free="0" total="851968" percent="0" />
    </mem>
    <mem type="tenure" free="2480040" total="6291456" percent="39">
      <mem type="soa" free="2164648" total="5976064" percent="36" />
      <mem type="loa" free="315392" total="315392" percent="100" />
    </mem>
    <remembered-set count="124" />
  </mem-info>
</gc-start>
<allocation-stats totalBytes="7012808" >
  <allocated-bytes non-tlh="77328" tlh="6935480" />
  <largest-consumer threadName="main" threadId="0000000000019A00" bytes="7012808" />
</allocation-stats>
<gc-op id="326" type="scavenge" timems="5.027" contextid="323" timestamp="2020-09-11T10:42:54.597">
  <scavenger-info tenureage="4" tenuremask="ffd0" tiltratio="89" />
  <memory-copied type="nursery" objects="6024" bytes="290072" bytesdiscarded="43232" />
  <references type="phantom" candidates="2" cleared="0" enqueued="0" />
</gc-op>
<heap-resize id="327" type="expand" space="nursery" amount="786432" count="1" timems="0.055" reason="excessive time being spent scavenging" timestamp="2020-09-11T10:42:54.598" />
<gc-end id="328" type="scavenge" contextid="323" durationms="5.688" usertimems="7.471" systemtimems="0.000" timestamp="2020-09-11T10:42:54.598" activeThreads="6">
  <mem-info id="329" free="10207656" total="15335424" percent="66">
    <mem type="nursery" free="7727616" total="9043968" percent="85">
      <mem type="allocate" free="7727616" total="8060928" percent="95" />
      <mem type="survivor" free="0" total="983040" percent="0" />
    </mem>
    <mem type="tenure" free="2480040" total="6291456" percent="39">
      <mem type="soa" free="2164648" total="5976064" percent="36" />
      <mem type="loa" free="315392" total="315392" percent="100" />
    </mem>
    <remembered-set count="113" />
  </mem-info>
</gc-end>
<cycle-end id="330" type="scavenge" contextid="323" timestamp="2020-09-11T10:42:54.598" />
<allocation-satisfied id="331" threadId="0000000000019A00" bytesRequested="4104" />
<af-end id="332" timestamp="2020-09-11T10:42:54.598" threadId="000000000001A380" success="true" from="nursery"/>
<exclusive-end id="333" timestamp="2020-09-11T10:42:54.599" durationms="6.454" />

<exclusive-start id="334" timestamp="2020-09-11T10:42:54.629" intervalms="36.458">
  <response-info timems="0.107" idlems="0.107" threads="0" lastid="0000000000019A00" lastname="main" />
</exclusive-start>
<af-start id="335" threadId="000000000001A380" totalBytesRequested="8168" timestamp="2020-09-11T10:42:54.629" intervalms="36.412" type="nursery" />
<cycle-start id="336" type="scavenge" contextid="0" timestamp="2020-09-11T10:42:54.629" intervalms="36.398" />
<gc-start id="337" type="scavenge" contextid="336" timestamp="2020-09-11T10:42:54.629">
  <mem-info id="338" free="2479992" total="15335424" percent="16">
    <mem type="nursery" free="0" total="9043968" percent="0">
      <mem type="allocate" free="0" total="8060928" percent="0" />
      <mem type="survivor" free="0" total="983040" percent="0" />
    </mem>
    <mem type="tenure" free="2479992" total="6291456" percent="39">
      <mem type="soa" free="2164600" total="5976064" percent="36" />
      <mem type="loa" free="315392" total="315392" percent="100" />
    </mem>
    <remembered-set count="124" />
  </mem-info>
</gc-start>
<allocation-stats totalBytes="7453328" >
  <allocated-bytes non-tlh="96256" tlh="7357072" />
  <largest-consumer threadName="main" threadId="0000000000019A00" bytes="7453328" />
</allocation-stats>
<gc-op id="339" type="scavenge" timems="2.871" contextid="336" timestamp="2020-09-11T10:42:54.632">
  <scavenger-info tenureage="4" tenuremask="fff0" tiltratio="89" />
  <memory-copied type="nursery" objects="6682" bytes="323760" bytesdiscarded="33352" />
  <memory-copied type="tenure" objects="1244" bytes="60472" bytesdiscarded="176" />
  <references type="phantom" candidates="2" cleared="0" enqueued="0" />
</gc-op>
<heap-resize id="340" type="expand" space="nursery" amount="393216" count="1" timems="0.070" reason="excessive time being spent scavenging" timestamp="2020-09-11T10:42:54.632" />
<gc-end id="341" type="scavenge" contextid="336" durationms="3.412" usertimems="5.573" systemtimems="0.000" timestamp="2020-09-11T10:42:54.632" activeThreads="7">
  <mem-info id="342" free="10529400" total="15728640" percent="66">
    <mem type="nursery" free="8097024" total="9437184" percent="85">
      <mem type="allocate" free="8097024" total="8454144" percent="95" />
      <mem type="survivor" free="0" total="983040" percent="0" />
    </mem>
    <mem type="tenure" free="2432376" total="6291456" percent="38">
      <mem type="soa" free="2116984" total="5976064" percent="35" />
      <mem type="loa" free="315392" total="315392" percent="100" />
    </mem>
    <remembered-set count="189" />
  </mem-info>
</gc-end>
<cycle-end id="343" type="scavenge" contextid="336" timestamp="2020-09-11T10:42:54.633" />
<allocation-satisfied id="344" threadId="0000000000019A00" bytesRequested="8168" />
<af-end id="345" timestamp="2020-09-11T10:42:54.633" threadId="000000000001A380" success="true" from="nursery"/>
<exclusive-end id="346" timestamp="2020-09-11T10:42:54.633" durationms="4.139" />

<exclusive-start id="347" timestamp="2020-09-11T10:42:54.661" intervalms="32.678">
  <response-info timems="0.141" idlems="0.141" threads="0" lastid="0000000000019A00" lastname="main" />
</exclusive-start>
<af-start id="348" threadId="000000000001A380" totalBytesRequested="7968" timestamp="2020-09-11T10:42:54.661" intervalms="32.674" type="nursery" />
<cycle-start id="349" type="scavenge" contextid="0" timestamp="2020-09-11T10:42:54.661" intervalms="32.672" />
<gc-start id="350" type="scavenge" contextid="349" timestamp="2020-09-11T10:42:54.661">
  <mem-info id="351" free="2432376" total="15728640" percent="15">
    <mem type="nursery" free="0" total="9437184" percent="0">
      <mem type="allocate" free="0" total="8454144" percent="0" />
      <mem type="survivor" free="0" total="983040" percent="0" />
    </mem>
    <mem type="tenure" free="2432376" total="6291456" percent="38">
      <mem type="soa" free="2116984" total="5976064" percent="35" />
      <mem type="loa" free="315392" total="315392" percent="100" />
    </mem>
    <remembered-set count="189" />
  </mem-info>
</gc-start>
<allocation-stats totalBytes="7733976" >
  <allocated-bytes non-tlh="479816" tlh="7254160" />
  <largest-consumer threadName="main" threadId="0000000000019A00" bytes="7733976" />
</allocation-stats>
<gc-op id="352" type="scavenge" timems="2.952" contextid="349" timestamp="2020-09-11T10:42:54.664">
  <scavenger-info tenureage="3" tenuremask="ffd8" tiltratio="89" />
  <memory-copied type="nursery" objects="4695" bytes="217808" bytesdiscarded="44072" />
  <memory-copied type="tenure" objects="3019" bytes="153880" bytesdiscarded="400" />
  <references type="phantom" candidates="2" cleared="0" enqueued="0" />
</gc-op>
<heap-resize id="353" type="expand" space="nursery" amount="524288" count="1" timems="0.031" reason="excessive time being spent scavenging" timestamp="2020-09-11T10:42:54.665" />
<gc-end id="354" type="scavenge" contextid="349" durationms="3.459" usertimems="6.733" systemtimems="0.000" timestamp="2020-09-11T10:42:54.665" activeThreads="7">
  <mem-info id="355" free="10916728" total="16252928" percent="67">
    <mem type="nursery" free="8651008" total="9961472" percent="86">
      <mem type="allocate" free="8651008" total="8912896" percent="97" />
      <mem type="survivor" free="0" total="1048576" percent="0" />
    </mem>
    <mem type="tenure" free="2265720" total="6291456" percent="36">
      <mem type="soa" free="1950328" total="5976064" percent="32" />
      <mem type="loa" free="315392" total="315392" percent="100" />
    </mem>
    <remembered-set count="267" />
  </mem-info>
</gc-end>
<cycle-end id="356" type="scavenge" contextid="349" timestamp="2020-09-11T10:42:54.665" />
<allocation-satisfied id="357" threadId="0000000000019A00" bytesRequested="7968" />
<af-end id="358" timestamp="2020-09-11T10:42:54.665" threadId="000000000001A380" success="true" from="nursery"/>
<exclusive-end id="359" timestamp="2020-09-11T10:42:54.665" durationms="4.100" />

<exclusive-start id="360" timestamp="2020-09-11T10:42:54.694" intervalms="33.020">
  <response-info timems="0.081" idlems="0.081" threads="0" lastid="0000000000019A00" lastname="main" />
</exclusive-start>
<af-start id="361" threadId="000000000001A380" totalBytesRequested="4104" timestamp="2020-09-11T10:42:54.694" intervalms="33.009" type="nursery" />
<cycle-start id="362" type="scavenge" contextid="0" timestamp="2020-09-11T10:42:54.694" intervalms="33.006" />
<gc-start id="363" type="scavenge" contextid="362" timestamp="2020-09-11T10:42:54.694">
  <mem-info id="364" free="2265720" total="16252928" percent="13">
    <mem type="nursery" free="0" total="9961472" percent="0">
      <mem type="allocate" free="0" total="8912896" percent="0" />
      <mem type="survivor" free="0" total="1048576" percent="0" />
    </mem>
    <mem type="tenure" free="2265720" total="6291456" percent="36">
      <mem type="soa" free="1950328" total="5976064" percent="32" />
      <mem type="loa" free="315392" total="315392" percent="100" />
    </mem>
    <remembered-set count="272" />
  </mem-info>
</gc-start>
<allocation-stats totalBytes="8398424" >
  <allocated-bytes non-tlh="66360" tlh="8332064" />
  <largest-consumer threadName="main" threadId="0000000000019A00" bytes="8398424" />
</allocation-stats>
<gc-op id="365" type="scavenge" timems="3.893" contextid="362" timestamp="2020-09-11T10:42:54.698">
  <scavenger-info tenureage="3" tenuremask="ffc8" tiltratio="89" />
  <memory-copied type="nursery" objects="5268" bytes="239944" bytesdiscarded="45744" />
  <memory-copied type="tenure" objects="1699" bytes="71528" bytesdiscarded="72" />
  <references type="phantom" candidates="2" cleared="0" enqueued="0" />
</gc-op>
<heap-resize id="366" type="expand" space="nursery" amount="655360" count="1" timems="0.036" reason="excessive time being spent scavenging" timestamp="2020-09-11T10:42:54.699" />
<gc-end id="367" type="scavenge" contextid="362" durationms="4.377" usertimems="6.475" systemtimems="0.000" timestamp="2020-09-11T10:42:54.699" activeThreads="7">
  <mem-info id="368" free="11411320" total="16908288" percent="67">
    <mem type="nursery" free="9217024" total="10616832" percent="86">
      <mem type="allocate" free="9217024" total="9502720" percent="96" />
      <mem type="survivor" free="0" total="1114112" percent="0" />
    </mem>
    <mem type="tenure" free="2194296" total="6291456" percent="34">
      <mem type="soa" free="1878904" total="5976064" percent="31" />
      <mem type="loa" free="315392" total="315392" percent="100" />
    </mem>
    <remembered-set count="123" />
  </mem-info>
</gc-end>
<cycle-end id="369" type="scavenge" contextid="362" timestamp="2020-09-11T10:42:54.699" />
<allocation-satisfied id="370" threadId="0000000000019A00" bytesRequested="4104" />
<af-end id="371" timestamp="2020-09-11T10:42:54.699" threadId="000000000001A380" success="true" from="nursery"/>
<exclusive-end id="372" timestamp="2020-09-11T10:42:54.699" durationms="4.880" />

<exclusive-start id="373" timestamp="2020-09-11T10:42:54.729" intervalms="35.041">
  <response-info timems="0.096" idlems="0.096" threads="0" lastid="0000000000019A00" lastname="main" />
</exclusive-start>
<af-start id="374" threadId="000000000001A380" totalBytesRequested="25608" timestamp="2020-09-11T10:42:54.729" intervalms="35.044" type="nursery" />
<cycle-start id="375" type="scavenge" contextid="0" timestamp="2020-09-11T10:42:54.729" intervalms="35.043" />
<gc-start id="376" type="scavenge" contextid="375" timestamp="2020-09-11T10:42:54.729">
  <mem-info id="377" free="2194192" total="16908288" percent="12">
    <mem type="nursery" free="0" total="10616832" percent="0">
      <mem type="allocate" free="0" total="9502720" percent="0" />
      <mem type="survivor" free="0" total="1114112" percent="0" />
    </mem>
    <mem type="tenure" free="2194192" total="6291456" percent="34">
      <mem type="soa" free="1878800" total="5976064" percent="31" />
      <mem type="loa" free="315392" total="315392" percent="100" />
    </mem>
    <remembered-set count="130" />
  </mem-info>
</gc-start>
<allocation-stats totalBytes="8895352" >
  <allocated-bytes non-tlh="4208" tlh="8891144" />
  <largest-consumer threadName="main" threadId="0000000000019A00" bytes="8895352" />
</allocation-stats>
<gc-op id="378" type="scavenge" timems="5.101" contextid="375" timestamp="2020-09-11T10:42:54.735">
  <scavenger-info tenureage="5" tenuremask="ffe0" tiltratio="89" />
  <memory-copied type="nursery" objects="7461" bytes="374576" bytesdiscarded="82168" />
  <references type="phantom" candidates="2" cleared="0" enqueued="0" />
</gc-op>
<heap-resize id="379" type="expand" space="nursery" amount="786432" count="1" timems="0.030" reason="excessive time being spent scavenging" timestamp="2020-09-11T10:42:54.735" />
<gc-end id="380" type="scavenge" contextid="375" durationms="5.631" usertimems="8.908" systemtimems="0.000" timestamp="2020-09-11T10:42:54.735" activeThreads="8">
  <mem-info id="381" free="11895520" total="17694720" percent="67">
    <mem type="nursery" free="9701328" total="11403264" percent="85">
      <mem type="allocate" free="9701328" total="10158080" percent="95" />
      <mem type="survivor" free="0" total="1245184" percent="0" />
    </mem>
    <mem type="tenure" free="2194192" total="6291456" percent="34">
      <mem type="soa" free="1878800" total="5976064" percent="31" />
      <mem type="loa" free="315392" total="315392" percent="100" />
    </mem>
    <remembered-set count="125" />
  </mem-info>
</gc-end>
<cycle-end id="382" type="scavenge" contextid="375" timestamp="2020-09-11T10:42:54.735" />
<allocation-satisfied id="383" threadId="0000000000019A00" bytesRequested="25608" />
<af-end id="384" timestamp="2020-09-11T10:42:54.735" threadId="000000000001A380" success="true" from="nursery"/>
<exclusive-end id="385" timestamp="2020-09-11T10:42:54.735" durationms="6.222" />

<exclusive-start id="386" timestamp="2020-09-11T10:42:54.770" intervalms="40.693">
  <response-info timems="0.141" idlems="0.141" threads="0" lastid="0000000000019A00" lastname="main" />
</exclusive-start>
<af-start id="387" threadId="000000000001A380" totalBytesRequested="5776" timestamp="2020-09-11T10:42:54.770" intervalms="40.697" type="nursery" />
<cycle-start id="388" type="scavenge" contextid="0" timestamp="2020-09-11T10:42:54.770" intervalms="40.697" />
<gc-start id="389" type="scavenge" contextid="388" timestamp="2020-09-11T10:42:54.770">
  <mem-info id="390" free="2193984" total="17694720" percent="12">
    <mem type="nursery" free="0" total="11403264" percent="0">
      <mem type="allocate" free="0" total="10158080" percent="0" />
      <mem type="survivor" free="0" total="1245184" percent="0" />
    </mem>
    <mem type="tenure" free="2193984" total="6291456" percent="34">
      <mem type="soa" free="1878592" total="5976064" percent="31" />
      <mem type="loa" free="315392" total="315392" percent="100" />
    </mem>
    <remembered-set count="133" />
  </mem-info>
</gc-start>
<allocation-stats totalBytes="9437672" >
  <allocated-bytes non-tlh="200352" tlh="9237320" />
  <largest-consumer threadName="main" threadId="0000000000019A00" bytes="9437672" />
</allocation-stats>
<gc-op id="391" type="scavenge" timems="4.032" contextid="388" timestamp="2020-09-11T10:42:54.774">
  <scavenger-info tenureage="3" tenuremask="fff8" tiltratio="89" />
  <memory-copied type="nursery" objects="6411" bytes="323024" bytesdiscarded="102440" />
  <memory-copied type="tenure" objects="2945" bytes="134280" bytesdiscarded="136" />
  <references type="phantom" candidates="2" cleared="0" enqueued="0" />
</gc-op>
<heap-resize id="392" type="expand" space="nursery" amount="655360" count="1" timems="0.048" reason="excessive time being spent scavenging" timestamp="2020-09-11T10:42:54.774" />
<gc-end id="393" type="scavenge" contextid="388" durationms="4.317" usertimems="7.229" systemtimems="0.000" timestamp="2020-09-11T10:42:54.774" activeThreads="8">
  <mem-info id="394" free="12440640" total="18350080" percent="67">
    <mem type="nursery" free="10387968" total="12058624" percent="86">
      <mem type="allocate" free="10387968" total="10813440" percent="96" />
      <mem type="survivor" free="0" total="1245184" percent="0" />
    </mem>
    <mem type="tenure" free="2052672" total="6291456" percent="32">
      <mem type="soa" free="1737280" total="5976064" percent="29" />
      <mem type="loa" free="315392" total="315392" percent="100" />
    </mem>
    <remembered-set count="120" />
  </mem-info>
</gc-end>
<cycle-end id="395" type="scavenge" contextid="388" timestamp="2020-09-11T10:42:54.777" />
<allocation-satisfied id="396" threadId="0000000000019A00" bytesRequested="5776" />
<af-end id="397" timestamp="2020-09-11T10:42:54.777" threadId="000000000001A380" success="true" from="nursery"/>
<exclusive-end id="398" timestamp="2020-09-11T10:42:54.777" durationms="7.252" />

<exclusive-start id="399" timestamp="2020-09-11T10:42:54.819" intervalms="49.272">
  <response-info timems="0.470" idlems="0.470" threads="0" lastid="0000000000019A00" lastname="main" />
</exclusive-start>
<af-start id="400" threadId="000000000001A380" totalBytesRequested="27232" timestamp="2020-09-11T10:42:54.819" intervalms="49.267" type="nursery" />
<cycle-start id="401" type="scavenge" contextid="0" timestamp="2020-09-11T10:42:54.819" intervalms="49.269" />
<gc-start id="402" type="scavenge" contextid="401" timestamp="2020-09-11T10:42:54.819">
  <mem-info id="403" free="2052672" total="18350080" percent="11">
    <mem type="nursery" free="0" total="12058624" percent="0">
      <mem type="allocate" free="0" total="10813440" percent="0" />
      <mem type="survivor" free="0" total="1245184" percent="0" />
    </mem>
    <mem type="tenure" free="2052672" total="6291456" percent="32">
      <mem type="soa" free="1737280" total="5976064" percent="29" />
      <mem type="loa" free="315392" total="315392" percent="100" />
    </mem>
    <remembered-set count="170" />
  </mem-info>
</gc-start>
<allocation-stats totalBytes="10160976" >
  <allocated-bytes non-tlh="51880" tlh="10109096" />
  <largest-consumer threadName="main" threadId="0000000000019A00" bytes="10160976" />
</allocation-stats>
<gc-op id="404" type="scavenge" timems="3.850" contextid="401" timestamp="2020-09-11T10:42:54.823">
  <scavenger-info tenureage="3" tenuremask="ffc8" tiltratio="89" />
  <memory-copied type="nursery" objects="6627" bytes="350960" bytesdiscarded="58016" />
  <memory-copied type="tenure" objects="2281" bytes="101832" bytesdiscarded="104" />
  <references type="phantom" candidates="2" cleared="0" enqueued="0" />
</gc-op>
<gc-end id="405" type="scavenge" contextid="401" durationms="4.082" usertimems="8.117" systemtimems="0.000" timestamp="2020-09-11T10:42:54.824" activeThreads="8">
  <mem-info id="406" free="12370344" total="18350080" percent="67">
    <mem type="nursery" free="10404456" total="12058624" percent="86">
      <mem type="allocate" free="10404456" total="10813440" percent="96" />
      <mem type="survivor" free="0" total="1245184" percent="0" />
    </mem>
    <mem type="tenure" free="1965888" total="6291456" percent="31">
      <mem type="soa" free="1650496" total="5976064" percent="27" />
      <mem type="loa" free="315392" total="315392" percent="100" />
    </mem>
    <remembered-set count="148" />
  </mem-info>
</gc-end>
<cycle-end id="407" type="scavenge" contextid="401" timestamp="2020-09-11T10:42:54.826" />
<allocation-satisfied id="408" threadId="0000000000019A00" bytesRequested="27232" />
<af-end id="409" timestamp="2020-09-11T10:42:54.827" threadId="000000000001A380" success="true" from="nursery"/>
<exclusive-end id="410" timestamp="2020-09-11T10:42:54.827" durationms="7.309" />

<exclusive-start id="411" timestamp="2020-09-11T10:42:55.002" intervalms="182.510">
  <response-info timems="0.138" idlems="0.138" threads="0" lastid="0000000000019A00" lastname="main" />
</exclusive-start>
<af-start id="412" threadId="000000000001A380" totalBytesRequested="104" timestamp="2020-09-11T10:42:55.002" intervalms="182.528" type="nursery" />
<cycle-start id="413" type="scavenge" contextid="0" timestamp="2020-09-11T10:42:55.002" intervalms="182.535" />
<gc-start id="414" type="scavenge" contextid="413" timestamp="2020-09-11T10:42:55.002">
  <mem-info id="415" free="1957688" total="18350080" percent="10">
    <mem type="nursery" free="0" total="12058624" percent="0">
      <mem type="allocate" free="0" total="10813440" percent="0" />
      <mem type="survivor" free="0" total="1245184" percent="0" />
    </mem>
    <mem type="tenure" free="1957688" total="6291456" percent="31">
      <mem type="soa" free="1642296" total="5976064" percent="27" />
      <mem type="loa" free="315392" total="315392" percent="100" />
    </mem>
    <remembered-set count="295" />
  </mem-info>
</gc-start>
<allocation-stats totalBytes="10403832" >
  <allocated-bytes non-tlh="77712" tlh="10326120" />
  <largest-consumer threadName="main" threadId="0000000000019A00" bytes="10403832" />
</allocation-stats>
<gc-op id="416" type="scavenge" timems="6.778" contextid="413" timestamp="2020-09-11T10:42:55.009">
  <scavenger-info tenureage="3" tenuremask="ffe8" tiltratio="89" />
  <memory-copied type="nursery" objects="22641" bytes="1229856" bytesdiscarded="15216" />
  <memory-copied type="tenure" objects="2826" bytes="152256" bytesdiscarded="144" />
  <copy-failed type="nursery" objects="695" bytes="42448" />
  <finalization candidates="2" enqueued="0" />
  <references type="soft" candidates="31" cleared="0" enqueued="0" dynamicThreshold="32" maxThreshold="32" />
  <references type="weak" candidates="46" cleared="10" enqueued="5" />
  <references type="phantom" candidates="2" cleared="0" enqueued="0" />
</gc-op>
<gc-end id="417" type="scavenge" contextid="413" durationms="7.449" usertimems="16.018" systemtimems="6.780" timestamp="2020-09-11T10:42:55.009" activeThreads="8">
  <mem-info id="418" free="10055736" total="18350080" percent="54">
    <mem type="nursery" free="8323072" total="12058624" percent="69">
      <mem type="allocate" free="8323072" total="9568256" percent="86" />
      <mem type="survivor" free="0" total="2490368" percent="0" />
    </mem>
    <mem type="tenure" free="1732664" total="6291456" percent="27">
      <mem type="soa" free="1417272" total="5976064" percent="23" />
      <mem type="loa" free="315392" total="315392" percent="100" />
    </mem>
    <pending-finalizers system="0" default="0" reference="5" classloader="0" />
    <remembered-set count="477" />
  </mem-info>
</gc-end>
<cycle-end id="419" type="scavenge" contextid="413" timestamp="2020-09-11T10:42:55.012" />
<allocation-satisfied id="420" threadId="0000000000019A00" bytesRequested="104" />
<af-end id="421" timestamp="2020-09-11T10:42:55.012" threadId="000000000001A380" success="true" from="nursery"/>
<exclusive-end id="422" timestamp="2020-09-11T10:42:55.012" durationms="10.508" />

<exclusive-start id="423" timestamp="2020-09-11T10:42:55.418" intervalms="416.255">
  <response-info timems="0.068" idlems="0.068" threads="0" lastid="0000000000019A00" lastname="main" />
</exclusive-start>
<af-start id="424" threadId="000000000001A380" totalBytesRequested="4104" timestamp="2020-09-11T10:42:55.418" intervalms="416.243" type="nursery" />
<cycle-start id="425" type="scavenge" contextid="0" timestamp="2020-09-11T10:42:55.418" intervalms="416.256" />
<gc-start id="426" type="scavenge" contextid="425" timestamp="2020-09-11T10:42:55.418">
  <mem-info id="427" free="1532616" total="18350080" percent="8">
    <mem type="nursery" free="0" total="12058624" percent="0">
      <mem type="allocate" free="0" total="9568256" percent="0" />
      <mem type="survivor" free="0" total="2490368" percent="0" />
    </mem>
    <mem type="tenure" free="1532616" total="6291456" percent="24">
      <mem type="soa" free="1217224" total="5976064" percent="20" />
      <mem type="loa" free="315392" total="315392" percent="100" />
    </mem>
    <remembered-set count="3593" />
  </mem-info>
</gc-start>
<allocation-stats totalBytes="8493904" >
  <allocated-bytes non-tlh="380392" tlh="8113512" />
  <largest-consumer threadName="main" threadId="0000000000019A00" bytes="8452944" />
</allocation-stats>
<gc-op id="428" type="scavenge" timems="4.902" contextid="425" timestamp="2020-09-11T10:42:55.423">
  <scavenger-info tenureage="3" tenuremask="ffe8" tiltratio="79" />
  <memory-copied type="nursery" objects="15151" bytes="665400" bytesdiscarded="62120" />
  <memory-copied type="tenure" objects="1888" bytes="96240" bytesdiscarded="184" />
  <finalization candidates="13" enqueued="6" />
  <ownableSynchronizers candidates="9" cleared="0" />
  <references type="soft" candidates="63" cleared="0" enqueued="0" dynamicThreshold="32" maxThreshold="32" />
  <references type="weak" candidates="1109" cleared="764" enqueued="691" />
  <references type="phantom" candidates="5" cleared="1" enqueued="1" />
</gc-op>
<gc-end id="429" type="scavenge" contextid="425" durationms="5.715" usertimems="11.048" systemtimems="0.303" timestamp="2020-09-11T10:42:55.424" activeThreads="8">
  <mem-info id="430" free="10428872" total="18350080" percent="56">
    <mem type="nursery" free="9036032" total="12058624" percent="74">
      <mem type="allocate" free="9036032" total="9764864" percent="92" />
      <mem type="survivor" free="0" total="2293760" percent="0" />
    </mem>
    <mem type="tenure" free="1392840" total="6291456" percent="22">
      <mem type="soa" free="1077448" total="5976064" percent="18" />
      <mem type="loa" free="315392" total="315392" percent="100" />
    </mem>
    <pending-finalizers system="1" default="5" reference="692" classloader="0" />
    <remembered-set count="3580" />
  </mem-info>
</gc-end>
<cycle-end id="431" type="scavenge" contextid="425" timestamp="2020-09-11T10:42:55.425" />
<allocation-satisfied id="432" threadId="0000000000019A00" bytesRequested="4104" />
<af-end id="433" timestamp="2020-09-11T10:42:55.425" threadId="000000000001A380" success="true" from="nursery"/>
<exclusive-end id="434" timestamp="2020-09-11T10:42:55.425" durationms="6.593" />

<exclusive-start id="435" timestamp="2020-09-11T10:42:55.689" intervalms="271.495">
  <response-info timems="0.102" idlems="0.102" threads="0" lastid="0000000000019A00" lastname="main" />
</exclusive-start>
<af-start id="436" threadId="000000000001A380" totalBytesRequested="4104" timestamp="2020-09-11T10:42:55.690" intervalms="271.523" type="nursery" />
<cycle-start id="437" type="scavenge" contextid="0" timestamp="2020-09-11T10:42:55.690" intervalms="271.506" />
<gc-start id="438" type="scavenge" contextid="437" timestamp="2020-09-11T10:42:55.690">
  <mem-info id="439" free="1265816" total="18350080" percent="6">
    <mem type="nursery" free="0" total="12058624" percent="0">
      <mem type="allocate" free="0" total="9764864" percent="0" />
      <mem type="survivor" free="0" total="2293760" percent="0" />
    </mem>
    <mem type="tenure" free="1265816" total="6291456" percent="20">
      <mem type="soa" free="950424" total="5976064" percent="15" />
      <mem type="loa" free="315392" total="315392" percent="100" />
    </mem>
    <remembered-set count="5499" />
  </mem-info>
</gc-start>
<allocation-stats totalBytes="9144904" >
  <allocated-bytes non-tlh="131128" tlh="9013776" />
  <largest-consumer threadName="main" threadId="0000000000019A00" bytes="9133072" />
</allocation-stats>
<gc-op id="440" type="scavenge" timems="3.096" contextid="437" timestamp="2020-09-11T10:42:55.693">
  <scavenger-info tenureage="3" tenuremask="ffe8" tiltratio="80" />
  <memory-copied type="nursery" objects="26805" bytes="1009728" bytesdiscarded="84688" />
  <memory-copied type="tenure" objects="2438" bytes="113120" bytesdiscarded="96" />
  <finalization candidates="9" enqueued="0" />
  <ownableSynchronizers candidates="9" cleared="0" />
  <references type="soft" candidates="2295" cleared="0" enqueued="0" dynamicThreshold="32" maxThreshold="32" />
  <references type="weak" candidates="1446" cleared="790" enqueued="691" />
  <references type="phantom" candidates="14" cleared="4" enqueued="4" />
</gc-op>
<gc-end id="441" type="scavenge" contextid="437" durationms="3.324" usertimems="11.867" systemtimems="0.986" timestamp="2020-09-11T10:42:55.693" activeThreads="8">
  <mem-info id="442" free="9987272" total="18350080" percent="54">
    <mem type="nursery" free="8799792" total="12058624" percent="72">
      <mem type="allocate" free="8799792" total="9895936" percent="88" />
      <mem type="survivor" free="0" total="2162688" percent="0" />
    </mem>
    <mem type="tenure" free="1187480" total="6291456" percent="18">
      <mem type="soa" free="872088" total="5976064" percent="14" />
      <mem type="loa" free="315392" total="315392" percent="100" />
    </mem>
    <pending-finalizers system="0" default="0" reference="695" classloader="0" />
    <remembered-set count="5392" />
  </mem-info>
</gc-end>
<cycle-end id="443" type="scavenge" contextid="437" timestamp="2020-09-11T10:42:55.694" />
<allocation-satisfied id="444" threadId="0000000000019A00" bytesRequested="4104" />
<af-end id="445" timestamp="2020-09-11T10:42:55.694" threadId="000000000001A380" success="true" from="nursery"/>
<exclusive-end id="446" timestamp="2020-09-11T10:42:55.694" durationms="4.135" />

<exclusive-start id="447" timestamp="2020-09-11T10:42:55.723" intervalms="33.673">
  <response-info timems="0.072" idlems="0.072" threads="0" lastid="0000000000019A00" lastname="main" />
</exclusive-start>
<af-start id="448" threadId="000000000001A380" totalBytesRequested="4104" timestamp="2020-09-11T10:42:55.723" intervalms="33.696" type="nursery" />
<cycle-start id="449" type="scavenge" contextid="0" timestamp="2020-09-11T10:42:55.723" intervalms="33.693" />
<gc-start id="450" type="scavenge" contextid="449" timestamp="2020-09-11T10:42:55.723">
  <mem-info id="451" free="1178216" total="18350080" percent="6">
    <mem type="nursery" free="0" total="12058624" percent="0">
      <mem type="allocate" free="0" total="9895936" percent="0" />
      <mem type="survivor" free="0" total="2162688" percent="0" />
    </mem>
    <mem type="tenure" free="1178216" total="6291456" percent="18">
      <mem type="soa" free="862824" total="5976064" percent="14" />
      <mem type="loa" free="315392" total="315392" percent="100" />
    </mem>
    <remembered-set count="5494" />
  </mem-info>
</gc-start>
<allocation-stats totalBytes="8769432" >
  <allocated-bytes non-tlh="13368" tlh="8756064" />
  <largest-consumer threadName="main" threadId="0000000000019A00" bytes="8749344" />
</allocation-stats>
<gc-op id="452" type="scavenge" timems="2.936" contextid="449" timestamp="2020-09-11T10:42:55.726">
  <scavenger-info tenureage="3" tenuremask="ffe8" tiltratio="82" />
  <memory-copied type="nursery" objects="23324" bytes="856928" bytesdiscarded="83536" />
  <memory-copied type="tenure" objects="2142" bytes="103168" bytesdiscarded="200" />
  <finalization candidates="9" enqueued="0" />
  <ownableSynchronizers candidates="9" cleared="0" />
  <references type="soft" candidates="2264" cleared="0" enqueued="0" dynamicThreshold="32" maxThreshold="32" />
  <references type="weak" candidates="703" cleared="82" enqueued="82" />
  <references type="phantom" candidates="9" cleared="0" enqueued="0" />
</gc-op>
<heap-resize id="453" type="expand" space="nursery" amount="655360" count="1" timems="0.044" reason="excessive time being spent scavenging" timestamp="2020-09-11T10:42:55.727" />
<gc-end id="454" type="scavenge" contextid="449" durationms="3.193" usertimems="10.480" systemtimems="0.000" timestamp="2020-09-11T10:42:55.727" activeThreads="8">
  <mem-info id="455" free="10643288" total="19005440" percent="56">
    <mem type="nursery" free="9674736" total="12713984" percent="76">
      <mem type="allocate" free="9674736" total="10616832" percent="91" />
      <mem type="survivor" free="0" total="2097152" percent="0" />
    </mem>
    <mem type="tenure" free="968552" total="6291456" percent="15">
      <mem type="soa" free="653160" total="5976064" percent="10" />
      <mem type="loa" free="315392" total="315392" percent="100" />
    </mem>
    <pending-finalizers system="0" default="0" reference="82" classloader="0" />
    <remembered-set count="2301" />
  </mem-info>
</gc-end>
<cycle-end id="456" type="scavenge" contextid="449" timestamp="2020-09-11T10:42:55.727" />
<allocation-satisfied id="457" threadId="0000000000019A00" bytesRequested="4104" />
<af-end id="458" timestamp="2020-09-11T10:42:55.727" threadId="000000000001A380" success="true" from="nursery"/>
<exclusive-end id="459" timestamp="2020-09-11T10:42:55.727" durationms="3.874" />

<exclusive-start id="460" timestamp="2020-09-11T10:42:55.839" intervalms="116.048">
  <response-info timems="0.078" idlems="0.078" threads="0" lastid="0000000000019A00" lastname="main" />
</exclusive-start>
<af-start id="461" threadId="000000000001A380" totalBytesRequested="4368" timestamp="2020-09-11T10:42:55.839" intervalms="116.051" type="nursery" />
<cycle-start id="462" type="scavenge" contextid="0" timestamp="2020-09-11T10:42:55.839" intervalms="116.054" />
<gc-start id="463" type="scavenge" contextid="462" timestamp="2020-09-11T10:42:55.840">
  <mem-info id="464" free="894840" total="19005440" percent="4">
    <mem type="nursery" free="0" total="12713984" percent="0">
      <mem type="allocate" free="0" total="10616832" percent="0" />
      <mem type="survivor" free="0" total="2097152" percent="0" />
    </mem>
    <mem type="tenure" free="894840" total="6291456" percent="14">
      <mem type="soa" free="579448" total="5976064" percent="9" />
      <mem type="loa" free="315392" total="315392" percent="100" />
    </mem>
    <remembered-set count="3052" />
  </mem-info>
</gc-start>
<allocation-stats totalBytes="9662256" >
  <allocated-bytes non-tlh="77816" tlh="9584440" />
  <largest-consumer threadName="main" threadId="0000000000019A00" bytes="9662256" />
</allocation-stats>
<gc-op id="465" type="scavenge" timems="5.894" contextid="462" timestamp="2020-09-11T10:42:55.845">
  <scavenger-info tenureage="3" tenuremask="ffe8" tiltratio="83" />
  <memory-copied type="nursery" objects="16415" bytes="559192" bytesdiscarded="80016" />
  <memory-copied type="tenure" objects="9027" bytes="387640" bytesdiscarded="952" />
  <finalization candidates="7" enqueued="0" />
  <ownableSynchronizers candidates="9" cleared="0" />
  <references type="soft" candidates="2236" cleared="0" enqueued="0" dynamicThreshold="32" maxThreshold="32" />
  <references type="weak" candidates="994" cleared="675" enqueued="675" />
  <references type="phantom" candidates="10" cleared="2" enqueued="2" />
</gc-op>
<gc-end id="466" type="scavenge" contextid="462" durationms="6.201" usertimems="15.373" systemtimems="0.000" timestamp="2020-09-11T10:42:55.846" activeThreads="8">
  <mem-info id="467" free="10888632" total="19005440" percent="57">
    <mem type="nursery" free="10304752" total="12713984" percent="81">
      <mem type="allocate" free="10304752" total="10944512" percent="94" />
      <mem type="survivor" free="0" total="1769472" percent="0" />
    </mem>
    <mem type="tenure" free="583880" total="6291456" percent="9">
      <mem type="soa" free="268488" total="5976064" percent="4" />
      <mem type="loa" free="315392" total="315392" percent="100" />
    </mem>
    <pending-finalizers system="0" default="0" reference="677" classloader="0" />
    <remembered-set count="1447" />
  </mem-info>
</gc-end>
<cycle-end id="468" type="scavenge" contextid="462" timestamp="2020-09-11T10:42:55.847" />
<allocation-satisfied id="469" threadId="0000000000019A00" bytesRequested="4368" />
<af-end id="470" timestamp="2020-09-11T10:42:55.847" threadId="000000000001A380" success="true" from="nursery"/>
<exclusive-end id="471" timestamp="2020-09-11T10:42:55.847" durationms="7.442" />

<exclusive-start id="472" timestamp="2020-09-11T10:42:55.959" intervalms="119.863">
  <response-info timems="0.084" idlems="0.084" threads="0" lastid="0000000000019A00" lastname="main" />
</exclusive-start>
<af-start id="473" threadId="000000000001A380" totalBytesRequested="8280" timestamp="2020-09-11T10:42:55.959" intervalms="119.862" type="nursery" />
<cycle-start id="474" type="scavenge" contextid="0" timestamp="2020-09-11T10:42:55.959" intervalms="119.866" />
<gc-start id="475" type="scavenge" contextid="474" timestamp="2020-09-11T10:42:55.959">
  <mem-info id="476" free="513464" total="19005440" percent="2">
    <mem type="nursery" free="0" total="12713984" percent="0">
      <mem type="allocate" free="0" total="10944512" percent="0" />
      <mem type="survivor" free="0" total="1769472" percent="0" />
    </mem>
    <mem type="tenure" free="513464" total="6291456" percent="8">
      <mem type="soa" free="198072" total="5976064" percent="3" />
      <mem type="loa" free="315392" total="315392" percent="100" />
    </mem>
    <remembered-set count="2178" />
  </mem-info>
</gc-start>
<allocation-stats totalBytes="10277976" >
  <allocated-bytes non-tlh="340576" tlh="9937400" />
  <largest-consumer threadName="main" threadId="0000000000019A00" bytes="10273880" />
</allocation-stats>
<gc-op id="477" type="scavenge" timems="3.927" contextid="474" timestamp="2020-09-11T10:42:55.963">
  <scavenger-info tenureage="3" tenuremask="ffe8" tiltratio="86" />
  <memory-copied type="nursery" objects="2768" bytes="156000" bytesdiscarded="10568" />
  <memory-copied type="tenure" objects="13989" bytes="440456" bytesdiscarded="656" />
  <finalization candidates="2" enqueued="0" />
  <references type="soft" candidates="8" cleared="0" enqueued="0" dynamicThreshold="32" maxThreshold="32" />
  <references type="weak" candidates="666" cleared="648" enqueued="648" />
  <references type="phantom" candidates="6" cleared="2" enqueued="2" />
  <heap-resize type="expand" space="tenure" amount="196608" count="3" timems="0.068" reason="continue current collection" />
</gc-op>
<gc-end id="478" type="scavenge" contextid="474" durationms="4.165" usertimems="10.088" systemtimems="0.000" timestamp="2020-09-11T10:42:55.964" activeThreads="8">
  <mem-info id="479" free="11379456" total="19202048" percent="59">
    <mem type="nursery" free="11040000" total="12713984" percent="86">
      <mem type="allocate" free="11040000" total="11206656" percent="98" />
      <mem type="survivor" free="0" total="1507328" percent="0" />
    </mem>
    <mem type="tenure" free="339456" total="6488064" percent="5">
      <mem type="soa" free="14848" total="6163456" percent="0" />
      <mem type="loa" free="324608" total="324608" percent="100" />
    </mem>
    <pending-finalizers system="0" default="0" reference="650" classloader="0" />
    <remembered-set count="1707" />
  </mem-info>
</gc-end>
<cycle-end id="480" type="scavenge" contextid="474" timestamp="2020-09-11T10:42:55.964" />
<allocation-satisfied id="481" threadId="0000000000019A00" bytesRequested="8280" />
<af-end id="482" timestamp="2020-09-11T10:42:55.964" threadId="000000000001A380" success="true" from="nursery"/>
<exclusive-end id="483" timestamp="2020-09-11T10:42:55.964" durationms="4.857" />

<exclusive-start id="484" timestamp="2020-09-11T10:42:55.994" intervalms="34.527">
  <response-info timems="0.124" idlems="0.124" threads="0" lastid="0000000000019A00" lastname="main" />
</exclusive-start>
<af-start id="485" threadId="000000000001A380" totalBytesRequested="1264" timestamp="2020-09-11T10:42:55.994" intervalms="34.550" type="nursery" />
<percolate-collect id="486" from="nursery" to="global" reason="prevent tenure expand" timestamp="2020-09-11T10:42:55.994"/>
<cycle-start id="487" type="global" contextid="0" timestamp="2020-09-11T10:42:55.994" intervalms="3216.466" />
<gc-start id="488" type="global" contextid="487" timestamp="2020-09-11T10:42:55.994">
  <mem-info id="489" free="334024" total="19202048" percent="1">
    <mem type="nursery" free="0" total="12713984" percent="0">
      <mem type="allocate" free="0" total="11206656" percent="0" />
      <mem type="survivor" free="0" total="1507328" percent="0" />
    </mem>
    <mem type="tenure" free="334024" total="6488064" percent="5">
      <mem type="soa" free="9416" total="6163456" percent="0" />
      <mem type="loa" free="324608" total="324608" percent="100" />
    </mem>
    <remembered-set count="1774" />
  </mem-info>
</gc-start>
<allocation-stats totalBytes="10868728" >
  <allocated-bytes non-tlh="2146800" tlh="8721928" />
  <largest-consumer threadName="main" threadId="0000000000019A00" bytes="10864632" />
</allocation-stats>
<gc-op id="490" type="mark" timems="7.540" contextid="487" timestamp="2020-09-11T10:42:56.002">
  <trace-info objectcount="71878" scancount="56614" scanbytes="1824192" />
  <finalization candidates="73" enqueued="0" />
  <ownableSynchronizers candidates="11" cleared="0" />
  <references type="soft" candidates="2665" cleared="0" enqueued="0" dynamicThreshold="32" maxThreshold="32" />
  <references type="weak" candidates="1991" cleared="120" enqueued="84" />
  <references type="phantom" candidates="102" cleared="0" enqueued="0" />
  <stringconstants candidates="7795" cleared="24"  />
</gc-op>
<gc-op id="491" type="sweep" timems="0.456" contextid="487" timestamp="2020-09-11T10:42:56.002" />
<gc-end id="492" type="global" contextid="487" durationms="8.268" usertimems="22.681" systemtimems="0.724" timestamp="2020-09-11T10:42:56.002" activeThreads="8">
  <mem-info id="493" free="13772320" total="19202048" percent="71">
    <mem type="nursery" free="11107016" total="12713984" percent="87">
      <mem type="allocate" free="11107016" total="11206656" percent="99" />
      <mem type="survivor" free="0" total="1507328" percent="0" />
    </mem>
    <mem type="tenure" free="2665304" total="6488064" percent="41" micro-fragmented="14391" macro-fragmented="0">
      <mem type="soa" free="2340696" total="6163456" percent="37" />
      <mem type="loa" free="324608" total="324608" percent="100" />
    </mem>
    <pending-finalizers system="0" default="0" reference="84" classloader="0" />
    <remembered-set count="1766" />
  </mem-info>
</gc-end>
<cycle-end id="494" type="global" contextid="487" timestamp="2020-09-11T10:42:56.002" />
<allocation-satisfied id="495" threadId="0000000000019A00" bytesRequested="1264" />
<af-end id="496" timestamp="2020-09-11T10:42:56.002" threadId="000000000001A380" success="true" from="nursery"/>
<exclusive-end id="497" timestamp="2020-09-11T10:42:56.002" durationms="8.792" />

<exclusive-start id="498" timestamp="2020-09-11T10:42:56.025" intervalms="31.424">
  <response-info timems="0.118" idlems="0.118" threads="0" lastid="0000000000019A00" lastname="main" />
</exclusive-start>
<af-start id="499" threadId="000000000001A380" totalBytesRequested="4104" timestamp="2020-09-11T10:42:56.025" intervalms="31.402" type="nursery" />
<cycle-start id="500" type="scavenge" contextid="0" timestamp="2020-09-11T10:42:56.025" intervalms="65.972" />
<gc-start id="501" type="scavenge" contextid="500" timestamp="2020-09-11T10:42:56.025">
  <mem-info id="502" free="2665304" total="19202048" percent="13">
    <mem type="nursery" free="0" total="12713984" percent="0">
      <mem type="allocate" free="0" total="11206656" percent="0" />
      <mem type="survivor" free="0" total="1507328" percent="0" />
    </mem>
    <mem type="tenure" free="2665304" total="6488064" percent="41">
      <mem type="soa" free="2340696" total="6163456" percent="37" />
      <mem type="loa" free="324608" total="324608" percent="100" />
    </mem>
    <remembered-set count="1803" />
  </mem-info>
</gc-start>
<allocation-stats totalBytes="10797064" >
  <allocated-bytes non-tlh="78800" tlh="10718264" />
  <largest-consumer threadName="main" threadId="0000000000019A00" bytes="10792968" />
</allocation-stats>
<gc-op id="503" type="scavenge" timems="2.056" contextid="500" timestamp="2020-09-11T10:42:56.027">
  <scavenger-info tenureage="3" tenuremask="ffe8" tiltratio="88" />
  <memory-copied type="nursery" objects="1037" bytes="81808" bytesdiscarded="23328" />
  <memory-copied type="tenure" objects="40" bytes="12928" bytesdiscarded="3600" />
  <ownableSynchronizers candidates="22" cleared="22" />
  <references type="soft" candidates="9" cleared="0" enqueued="0" dynamicThreshold="13" maxThreshold="32" />
  <references type="weak" candidates="18" cleared="0" enqueued="0" />
  <references type="phantom" candidates="8" cleared="0" enqueued="0" />
</gc-op>
<gc-end id="504" type="scavenge" contextid="500" durationms="2.223" usertimems="5.073" systemtimems="0.000" timestamp="2020-09-11T10:42:56.028" activeThreads="8">
  <mem-info id="505" free="13946800" total="19202048" percent="72">
    <mem type="nursery" free="11298024" total="12713984" percent="88">
      <mem type="allocate" free="11298024" total="11403264" percent="99" />
      <mem type="survivor" free="0" total="1310720" percent="0" />
    </mem>
    <mem type="tenure" free="2648776" total="6488064" percent="40">
      <mem type="soa" free="2324168" total="6163456" percent="37" />
      <mem type="loa" free="324608" total="324608" percent="100" />
    </mem>
    <remembered-set count="1072" />
  </mem-info>
</gc-end>
<cycle-end id="506" type="scavenge" contextid="500" timestamp="2020-09-11T10:42:56.028" />
<allocation-satisfied id="507" threadId="0000000000019A00" bytesRequested="4104" />
<af-end id="508" timestamp="2020-09-11T10:42:56.028" threadId="000000000001A380" success="true" from="nursery"/>
<exclusive-end id="509" timestamp="2020-09-11T10:42:56.028" durationms="2.860" />

<exclusive-start id="510" timestamp="2020-09-11T10:42:56.050" intervalms="25.311">
  <response-info timems="0.137" idlems="0.137" threads="0" lastid="0000000000019A00" lastname="main" />
</exclusive-start>
<af-start id="511" threadId="000000000001A380" totalBytesRequested="73224" timestamp="2020-09-11T10:42:56.050" intervalms="25.279" type="nursery" />
<cycle-start id="512" type="scavenge" contextid="0" timestamp="2020-09-11T10:42:56.051" intervalms="25.252" />
<gc-start id="513" type="scavenge" contextid="512" timestamp="2020-09-11T10:42:56.051">
  <mem-info id="514" free="2648776" total="19202048" percent="13">
    <mem type="nursery" free="0" total="12713984" percent="0">
      <mem type="allocate" free="0" total="11403264" percent="0" />
      <mem type="survivor" free="0" total="1310720" percent="0" />
    </mem>
    <mem type="tenure" free="2648776" total="6488064" percent="40">
      <mem type="soa" free="2324168" total="6163456" percent="37" />
      <mem type="loa" free="324608" total="324608" percent="100" />
    </mem>
    <remembered-set count="1073" />
  </mem-info>
</gc-start>
<allocation-stats totalBytes="11070104" >
  <allocated-bytes non-tlh="4104" tlh="11066000" />
  <largest-consumer threadName="main" threadId="0000000000019A00" bytes="11070104" />
</allocation-stats>
<gc-op id="515" type="scavenge" timems="2.885" contextid="512" timestamp="2020-09-11T10:42:56.054">
  <scavenger-info tenureage="3" tenuremask="ffe8" tiltratio="89" />
  <memory-copied type="nursery" objects="853" bytes="121136" bytesdiscarded="53312" />
  <memory-copied type="tenure" objects="328" bytes="15504" bytesdiscarded="0" />
  <references type="soft" candidates="6" cleared="0" enqueued="0" dynamicThreshold="13" maxThreshold="32" />
  <references type="weak" candidates="12" cleared="0" enqueued="0" />
  <references type="phantom" candidates="8" cleared="0" enqueued="0" />
</gc-op>
<heap-resize id="516" type="expand" space="nursery" amount="786432" count="1" timems="0.029" reason="excessive time being spent scavenging" timestamp="2020-09-11T10:42:56.054" />
<gc-end id="517" type="scavenge" contextid="512" durationms="3.080" usertimems="7.500" systemtimems="0.000" timestamp="2020-09-11T10:42:56.054" activeThreads="8">
  <mem-info id="518" free="14508240" total="19988480" percent="72">
    <mem type="nursery" free="11884088" total="13500416" percent="88">
      <mem type="allocate" free="11884088" total="12058624" percent="98" />
      <mem type="survivor" free="0" total="1441792" percent="0" />
    </mem>
    <mem type="tenure" free="2624152" total="6488064" percent="40">
      <mem type="soa" free="2299544" total="6163456" percent="37" />
      <mem type="loa" free="324608" total="324608" percent="100" />
    </mem>
    <remembered-set count="351" />
  </mem-info>
</gc-end>
<cycle-end id="519" type="scavenge" contextid="512" timestamp="2020-09-11T10:42:56.054" />
<allocation-satisfied id="520" threadId="0000000000019A00" bytesRequested="73224" />
<af-end id="521" timestamp="2020-09-11T10:42:56.054" threadId="000000000001A380" success="true" from="nursery"/>
<exclusive-end id="522" timestamp="2020-09-11T10:42:56.054" durationms="3.694" />

<exclusive-start id="523" timestamp="2020-09-11T10:42:56.080" intervalms="29.725">
  <response-info timems="0.196" idlems="0.196" threads="0" lastid="0000000000019A00" lastname="main" />
</exclusive-start>
<af-start id="524" threadId="000000000001A380" totalBytesRequested="1968" timestamp="2020-09-11T10:42:56.080" intervalms="29.765" type="nursery" />
<cycle-start id="525" type="scavenge" contextid="0" timestamp="2020-09-11T10:42:56.080" intervalms="29.774" />
<gc-start id="526" type="scavenge" contextid="525" timestamp="2020-09-11T10:42:56.080">
  <mem-info id="527" free="2624104" total="19988480" percent="13">
    <mem type="nursery" free="0" total="13500416" percent="0">
      <mem type="allocate" free="0" total="12058624" percent="0" />
      <mem type="survivor" free="0" total="1441792" percent="0" />
    </mem>
    <mem type="tenure" free="2624104" total="6488064" percent="40">
      <mem type="soa" free="2299496" total="6163456" percent="37" />
      <mem type="loa" free="324608" total="324608" percent="100" />
    </mem>
    <remembered-set count="353" />
  </mem-info>
</gc-start>
<allocation-stats totalBytes="11724784" >
  <allocated-bytes non-tlh="192504" tlh="11532280" />
  <largest-consumer threadName="main" threadId="0000000000019A00" bytes="11724784" />
</allocation-stats>
<gc-op id="528" type="scavenge" timems="1.113" contextid="525" timestamp="2020-09-11T10:42:56.082">
  <scavenger-info tenureage="3" tenuremask="ffe8" tiltratio="89" />
  <memory-copied type="nursery" objects="187" bytes="17416" bytesdiscarded="30184" />
  <memory-copied type="tenure" objects="439" bytes="35848" bytesdiscarded="616" />
  <references type="soft" candidates="1" cleared="0" enqueued="0" dynamicThreshold="13" maxThreshold="32" />
  <references type="phantom" candidates="4" cleared="0" enqueued="0" />
</gc-op>
<gc-end id="529" type="scavenge" contextid="525" durationms="1.266" usertimems="2.698" systemtimems="0.335" timestamp="2020-09-11T10:42:56.082" activeThreads="8">
  <mem-info id="530" free="14629768" total="19988480" percent="73">
    <mem type="nursery" free="12076544" total="13500416" percent="89">
      <mem type="allocate" free="12076544" total="12124160" percent="99" />
      <mem type="survivor" free="0" total="1376256" percent="0" />
    </mem>
    <mem type="tenure" free="2553224" total="6488064" percent="39">
      <mem type="soa" free="2228616" total="6163456" percent="36" />
      <mem type="loa" free="324608" total="324608" percent="100" />
    </mem>
    <remembered-set count="198" />
  </mem-info>
</gc-end>
<cycle-end id="531" type="scavenge" contextid="525" timestamp="2020-09-11T10:42:56.082" />
<allocation-satisfied id="532" threadId="0000000000019A00" bytesRequested="1968" />
<af-end id="533" timestamp="2020-09-11T10:42:56.082" threadId="000000000001A380" success="true" from="nursery"/>
<exclusive-end id="534" timestamp="2020-09-11T10:42:56.082" durationms="2.046" />

<exclusive-start id="535" timestamp="2020-09-11T10:42:56.108" intervalms="27.928">
  <response-info timems="0.128" idlems="0.128" threads="0" lastid="0000000000019A00" lastname="main" />
</exclusive-start>
<af-start id="536" threadId="000000000001A380" totalBytesRequested="13120" timestamp="2020-09-11T10:42:56.108" intervalms="27.922" type="nursery" />
<cycle-start id="537" type="scavenge" contextid="0" timestamp="2020-09-11T10:42:56.108" intervalms="27.948" />
<gc-start id="538" type="scavenge" contextid="537" timestamp="2020-09-11T10:42:56.108">
  <mem-info id="539" free="2553224" total="19988480" percent="12">
    <mem type="nursery" free="0" total="13500416" percent="0">
      <mem type="allocate" free="0" total="12124160" percent="0" />
      <mem type="survivor" free="0" total="1376256" percent="0" />
    </mem>
    <mem type="tenure" free="2553224" total="6488064" percent="39">
      <mem type="soa" free="2228616" total="6163456" percent="36" />
      <mem type="loa" free="324608" total="324608" percent="100" />
    </mem>
    <remembered-set count="198" />
  </mem-info>
</gc-start>
<allocation-stats totalBytes="11502712" >
  <allocated-bytes non-tlh="450200" tlh="11052512" />
  <largest-consumer threadName="main" threadId="0000000000019A00" bytes="11502712" />
</allocation-stats>
<gc-op id="540" type="scavenge" timems="1.046" contextid="537" timestamp="2020-09-11T10:42:56.109">
  <scavenger-info tenureage="3" tenuremask="ffe8" tiltratio="89" />
  <memory-copied type="nursery" objects="48" bytes="20112" bytesdiscarded="27496" />
  <memory-copied type="tenure" objects="138" bytes="8664" bytesdiscarded="752" />
  <references type="phantom" candidates="2" cleared="0" enqueued="0" />
</gc-op>
<gc-end id="541" type="scavenge" contextid="537" durationms="1.225" usertimems="2.250" systemtimems="0.000" timestamp="2020-09-11T10:42:56.110" activeThreads="8">
  <mem-info id="542" free="14622224" total="19988480" percent="73">
    <mem type="nursery" free="12076544" total="13500416" percent="89">
      <mem type="allocate" free="12076544" total="12124160" percent="99" />
      <mem type="survivor" free="0" total="1376256" percent="0" />
    </mem>
    <mem type="tenure" free="2545680" total="6488064" percent="39">
      <mem type="soa" free="2221072" total="6163456" percent="36" />
      <mem type="loa" free="324608" total="324608" percent="100" />
    </mem>
    <remembered-set count="194" />
  </mem-info>
</gc-end>
<cycle-end id="543" type="scavenge" contextid="537" timestamp="2020-09-11T10:42:56.110" />
<allocation-satisfied id="544" threadId="0000000000019A00" bytesRequested="13120" />
<af-end id="545" timestamp="2020-09-11T10:42:56.110" threadId="000000000001A380" success="true" from="nursery"/>
<exclusive-end id="546" timestamp="2020-09-11T10:42:56.110" durationms="1.954" />

<exclusive-start id="547" timestamp="2020-09-11T10:42:56.137" intervalms="29.096">
  <response-info timems="1.372" idlems="1.372" threads="0" lastid="0000000000019A00" lastname="main" />
</exclusive-start>
<af-start id="548" threadId="000000000001A380" totalBytesRequested="3840" timestamp="2020-09-11T10:42:56.137" intervalms="29.089" type="nursery" />
<cycle-start id="549" type="scavenge" contextid="0" timestamp="2020-09-11T10:42:56.137" intervalms="29.058" />
<gc-start id="550" type="scavenge" contextid="549" timestamp="2020-09-11T10:42:56.137">
  <mem-info id="551" free="2545680" total="19988480" percent="12">
    <mem type="nursery" free="0" total="13500416" percent="0">
      <mem type="allocate" free="0" total="12124160" percent="0" />
      <mem type="survivor" free="0" total="1376256" percent="0" />
    </mem>
    <mem type="tenure" free="2545680" total="6488064" percent="39">
      <mem type="soa" free="2221072" total="6163456" percent="36" />
      <mem type="loa" free="324608" total="324608" percent="100" />
    </mem>
    <remembered-set count="195" />
  </mem-info>
</gc-start>
<allocation-stats totalBytes="11894304" >
  <allocated-bytes non-tlh="13120" tlh="11881184" />
  <largest-consumer threadName="main" threadId="0000000000019A00" bytes="11894304" />
</allocation-stats>
<gc-op id="552" type="scavenge" timems="1.625" contextid="549" timestamp="2020-09-11T10:42:56.139">
  <scavenger-info tenureage="3" tenuremask="ffe8" tiltratio="89" />
  <memory-copied type="nursery" objects="40" bytes="9808" bytesdiscarded="37800" />
  <references type="phantom" candidates="2" cleared="0" enqueued="0" />
</gc-op>
<gc-end id="553" type="scavenge" contextid="549" durationms="1.785" usertimems="1.781" systemtimems="0.220" timestamp="2020-09-11T10:42:56.139" activeThreads="8">
  <mem-info id="554" free="14622224" total="19988480" percent="73">
    <mem type="nursery" free="12076544" total="13500416" percent="89">
      <mem type="allocate" free="12076544" total="12124160" percent="99" />
      <mem type="survivor" free="0" total="1376256" percent="0" />
    </mem>
    <mem type="tenure" free="2545680" total="6488064" percent="39">
      <mem type="soa" free="2221072" total="6163456" percent="36" />
      <mem type="loa" free="324608" total="324608" percent="100" />
    </mem>
    <remembered-set count="193" />
  </mem-info>
</gc-end>
<cycle-end id="555" type="scavenge" contextid="549" timestamp="2020-09-11T10:42:56.140" />
<allocation-satisfied id="556" threadId="0000000000019A00" bytesRequested="3840" />
<af-end id="557" timestamp="2020-09-11T10:42:56.140" threadId="000000000001A380" success="true" from="nursery"/>
<exclusive-end id="558" timestamp="2020-09-11T10:42:56.140" durationms="2.548" />

<exclusive-start id="559" timestamp="2020-09-11T10:42:56.165" intervalms="28.219">
  <response-info timems="1.414" idlems="1.414" threads="0" lastid="0000000000019A00" lastname="main" />
</exclusive-start>
<af-start id="560" threadId="000000000001A380" totalBytesRequested="28232" timestamp="2020-09-11T10:42:56.165" intervalms="28.205" type="nursery" />
<cycle-start id="561" type="scavenge" contextid="0" timestamp="2020-09-11T10:42:56.166" intervalms="28.201" />
<gc-start id="562" type="scavenge" contextid="561" timestamp="2020-09-11T10:42:56.166">
  <mem-info id="563" free="2545680" total="19988480" percent="12">
    <mem type="nursery" free="0" total="13500416" percent="0">
      <mem type="allocate" free="0" total="12124160" percent="0" />
      <mem type="survivor" free="0" total="1376256" percent="0" />
    </mem>
    <mem type="tenure" free="2545680" total="6488064" percent="39">
      <mem type="soa" free="2221072" total="6163456" percent="36" />
      <mem type="loa" free="324608" total="324608" percent="100" />
    </mem>
    <remembered-set count="194" />
  </mem-info>
</gc-start>
<allocation-stats totalBytes="11705584" >
  <allocated-bytes non-tlh="3840" tlh="11701744" />
  <largest-consumer threadName="main" threadId="0000000000019A00" bytes="11705584" />
</allocation-stats>
<gc-op id="564" type="scavenge" timems="2.816" contextid="561" timestamp="2020-09-11T10:42:56.168">
  <scavenger-info tenureage="4" tenuremask="fff0" tiltratio="89" />
  <memory-copied type="nursery" objects="99" bytes="26776" bytesdiscarded="63104" />
  <references type="phantom" candidates="2" cleared="0" enqueued="0" />
</gc-op>
<heap-resize id="565" type="expand" space="nursery" amount="917504" count="1" timems="0.048" reason="excessive time being spent scavenging" timestamp="2020-09-11T10:42:56.169" />
<gc-end id="566" type="scavenge" contextid="561" durationms="3.021" usertimems="3.450" systemtimems="2.118" timestamp="2020-09-11T10:42:56.169" activeThreads="8">
  <mem-info id="567" free="15366384" total="20905984" percent="73">
    <mem type="nursery" free="12820704" total="14417920" percent="88">
      <mem type="allocate" free="12820704" total="12910592" percent="99" />
      <mem type="survivor" free="0" total="1507328" percent="0" />
    </mem>
    <mem type="tenure" free="2545680" total="6488064" percent="39">
      <mem type="soa" free="2221072" total="6163456" percent="36" />
      <mem type="loa" free="324608" total="324608" percent="100" />
    </mem>
    <remembered-set count="193" />
  </mem-info>
</gc-end>
<cycle-end id="568" type="scavenge" contextid="561" timestamp="2020-09-11T10:42:56.169" />
<allocation-satisfied id="569" threadId="0000000000019A00" bytesRequested="28232" />
<af-end id="570" timestamp="2020-09-11T10:42:56.169" threadId="000000000001A380" success="true" from="nursery"/>
<exclusive-end id="571" timestamp="2020-09-11T10:42:56.169" durationms="3.678" />

<exclusive-start id="572" timestamp="2020-09-11T10:42:56.198" intervalms="32.450">
  <response-info timems="0.272" idlems="0.272" threads="0" lastid="0000000000019A00" lastname="main" />
</exclusive-start>
<af-start id="573" threadId="000000000001A380" totalBytesRequested="1024" timestamp="2020-09-11T10:42:56.198" intervalms="32.460" type="nursery" />
<cycle-start id="574" type="scavenge" contextid="0" timestamp="2020-09-11T10:42:56.198" intervalms="32.462" />
<gc-start id="575" type="scavenge" contextid="574" timestamp="2020-09-11T10:42:56.198">
  <mem-info id="576" free="2545680" total="20905984" percent="12">
    <mem type="nursery" free="0" total="14417920" percent="0">
      <mem type="allocate" free="0" total="12910592" percent="0" />
      <mem type="survivor" free="0" total="1507328" percent="0" />
    </mem>
    <mem type="tenure" free="2545680" total="6488064" percent="39">
      <mem type="soa" free="2221072" total="6163456" percent="36" />
      <mem type="loa" free="324608" total="324608" percent="100" />
    </mem>
    <remembered-set count="194" />
  </mem-info>
</gc-start>
<allocation-stats totalBytes="12440928" >
  <allocated-bytes non-tlh="114448" tlh="12326480" />
  <largest-consumer threadName="main" threadId="0000000000019A00" bytes="12440928" />
</allocation-stats>
<gc-op id="577" type="scavenge" timems="1.059" contextid="574" timestamp="2020-09-11T10:42:56.199">
  <scavenger-info tenureage="3" tenuremask="fff8" tiltratio="89" />
  <memory-copied type="nursery" objects="108" bytes="11480" bytesdiscarded="36128" />
  <references type="phantom" candidates="2" cleared="0" enqueued="0" />
</gc-op>
<gc-end id="578" type="scavenge" contextid="574" durationms="1.207" usertimems="1.549" systemtimems="0.194" timestamp="2020-09-11T10:42:56.199" activeThreads="8">
  <mem-info id="579" free="15474192" total="20905984" percent="74">
    <mem type="nursery" free="12928512" total="14417920" percent="89">
      <mem type="allocate" free="12928512" total="12976128" percent="99" />
      <mem type="survivor" free="0" total="1441792" percent="0" />
    </mem>
    <mem type="tenure" free="2545680" total="6488064" percent="39">
      <mem type="soa" free="2221072" total="6163456" percent="36" />
      <mem type="loa" free="324608" total="324608" percent="100" />
    </mem>
    <remembered-set count="193" />
  </mem-info>
</gc-end>
<cycle-end id="580" type="scavenge" contextid="574" timestamp="2020-09-11T10:42:56.199" />
<allocation-satisfied id="581" threadId="0000000000019A00" bytesRequested="1024" />
<af-end id="582" timestamp="2020-09-11T10:42:56.200" threadId="000000000001A380" success="true" from="nursery"/>
<exclusive-end id="583" timestamp="2020-09-11T10:42:56.200" durationms="1.775" />

<exclusive-start id="584" timestamp="2020-09-11T10:42:56.259" intervalms="60.790">
  <response-info timems="0.122" idlems="0.122" threads="0" lastid="0000000000019A00" lastname="main" />
</exclusive-start>
<af-start id="585" threadId="000000000001A380" totalBytesRequested="2056" timestamp="2020-09-11T10:42:56.259" intervalms="60.786" type="nursery" />
<cycle-start id="586" type="scavenge" contextid="0" timestamp="2020-09-11T10:42:56.259" intervalms="60.789" />
<gc-start id="587" type="scavenge" contextid="586" timestamp="2020-09-11T10:42:56.259">
  <mem-info id="588" free="2535928" total="20905984" percent="12">
    <mem type="nursery" free="0" total="14417920" percent="0">
      <mem type="allocate" free="0" total="12976128" percent="0" />
      <mem type="survivor" free="0" total="1441792" percent="0" />
    </mem>
    <mem type="tenure" free="2535928" total="6488064" percent="39">
      <mem type="soa" free="2211320" total="6163456" percent="35" />
      <mem type="loa" free="324608" total="324608" percent="100" />
    </mem>
    <remembered-set count="365" />
  </mem-info>
</gc-start>
<allocation-stats totalBytes="12686248" >
  <allocated-bytes non-tlh="10776" tlh="12675472" />
  <largest-consumer threadName="main" threadId="0000000000019A00" bytes="12686248" />
</allocation-stats>
<gc-op id="589" type="scavenge" timems="1.070" contextid="586" timestamp="2020-09-11T10:42:56.260">
  <scavenger-info tenureage="3" tenuremask="fff8" tiltratio="90" />
  <memory-copied type="nursery" objects="804" bytes="26424" bytesdiscarded="44960" />
  <references type="soft" candidates="31" cleared="0" enqueued="0" dynamicThreshold="13" maxThreshold="32" />
  <references type="weak" candidates="31" cleared="11" enqueued="7" />
</gc-op>
<gc-end id="590" type="scavenge" contextid="586" durationms="1.230" usertimems="7.902" systemtimems="0.972" timestamp="2020-09-11T10:42:56.260" activeThreads="8">
  <mem-info id="591" free="15440632" total="20905984" percent="73">
    <mem type="nursery" free="12904704" total="14417920" percent="89">
      <mem type="allocate" free="12904704" total="12976128" percent="99" />
      <mem type="survivor" free="0" total="1441792" percent="0" />
    </mem>
    <mem type="tenure" free="2535928" total="6488064" percent="39">
      <mem type="soa" free="2211320" total="6163456" percent="35" />
      <mem type="loa" free="324608" total="324608" percent="100" />
    </mem>
    <pending-finalizers system="0" default="0" reference="7" classloader="0" />
    <remembered-set count="342" />
  </mem-info>
</gc-end>
<cycle-end id="592" type="scavenge" contextid="586" timestamp="2020-09-11T10:42:56.260" />
<allocation-satisfied id="593" threadId="0000000000019A00" bytesRequested="2056" />
<af-end id="594" timestamp="2020-09-11T10:42:56.260" threadId="000000000001A380" success="true" from="nursery"/>
<exclusive-end id="595" timestamp="2020-09-11T10:42:56.260" durationms="1.944" />

<exclusive-start id="596" timestamp="2020-09-11T10:42:56.692" intervalms="433.137">
  <response-info timems="0.109" idlems="0.109" threads="0" lastid="0000000000019A00" lastname="main" />
</exclusive-start>
<af-start id="597" threadId="000000000001A380" totalBytesRequested="4440" timestamp="2020-09-11T10:42:56.692" intervalms="433.131" type="nursery" />
<cycle-start id="598" type="scavenge" contextid="0" timestamp="2020-09-11T10:42:56.692" intervalms="433.128" />
<gc-start id="599" type="scavenge" contextid="598" timestamp="2020-09-11T10:42:56.692">
  <mem-info id="600" free="2403192" total="20905984" percent="11">
    <mem type="nursery" free="0" total="14417920" percent="0">
      <mem type="allocate" free="0" total="12976128" percent="0" />
      <mem type="survivor" free="0" total="1441792" percent="0" />
    </mem>
    <mem type="tenure" free="2403192" total="6488064" percent="37">
      <mem type="soa" free="2078584" total="6163456" percent="33" />
      <mem type="loa" free="324608" total="324608" percent="100" />
    </mem>
    <remembered-set count="3372" />
  </mem-info>
</gc-start>
<allocation-stats totalBytes="13018040" >
  <allocated-bytes non-tlh="131872" tlh="12886168" />
  <largest-consumer threadName="main" threadId="0000000000019A00" bytes="13013944" />
</allocation-stats>
<gc-op id="601" type="scavenge" timems="5.756" contextid="598" timestamp="2020-09-11T10:42:56.698">
  <scavenger-info tenureage="3" tenuremask="fff8" tiltratio="90" />
  <memory-copied type="nursery" objects="25498" bytes="867800" bytesdiscarded="62248" />
  <references type="soft" candidates="1406" cleared="0" enqueued="0" dynamicThreshold="13" maxThreshold="32" />
  <references type="weak" candidates="910" cleared="835" enqueued="829" />
  <references type="phantom" candidates="4" cleared="2" enqueued="2" />
</gc-op>
<gc-end id="602" type="scavenge" contextid="598" durationms="6.005" usertimems="16.164" systemtimems="0.000" timestamp="2020-09-11T10:42:56.698" activeThreads="8">
  <mem-info id="603" free="14251896" total="20905984" percent="68">
    <mem type="nursery" free="11848704" total="14417920" percent="82">
      <mem type="allocate" free="11848704" total="12779520" percent="92" />
      <mem type="survivor" free="0" total="1638400" percent="0" />
    </mem>
    <mem type="tenure" free="2403192" total="6488064" percent="37">
      <mem type="soa" free="2078584" total="6163456" percent="33" />
      <mem type="loa" free="324608" total="324608" percent="100" />
    </mem>
    <pending-finalizers system="0" default="0" reference="831" classloader="0" />
    <remembered-set count="3221" />
  </mem-info>
</gc-end>
<cycle-end id="604" type="scavenge" contextid="598" timestamp="2020-09-11T10:42:56.699" />
<allocation-satisfied id="605" threadId="0000000000019A00" bytesRequested="4440" />
<af-end id="606" timestamp="2020-09-11T10:42:56.699" threadId="000000000001A380" success="true" from="nursery"/>
<exclusive-end id="607" timestamp="2020-09-11T10:42:56.699" durationms="7.043" />

<exclusive-start id="608" timestamp="2020-09-11T10:42:56.724" intervalms="32.040">
  <response-info timems="0.187" idlems="0.187" threads="0" lastid="0000000000019A00" lastname="main" />
</exclusive-start>
<af-start id="609" threadId="000000000001A380" totalBytesRequested="101320" timestamp="2020-09-11T10:42:56.724" intervalms="32.059" type="nursery" />
<cycle-start id="610" type="scavenge" contextid="0" timestamp="2020-09-11T10:42:56.724" intervalms="32.073" />
<gc-start id="611" type="scavenge" contextid="610" timestamp="2020-09-11T10:42:56.724">
  <mem-info id="612" free="2403192" total="20905984" percent="11">
    <mem type="nursery" free="0" total="14417920" percent="0">
      <mem type="allocate" free="0" total="12779520" percent="0" />
      <mem type="survivor" free="0" total="1638400" percent="0" />
    </mem>
    <mem type="tenure" free="2403192" total="6488064" percent="37">
      <mem type="soa" free="2078584" total="6163456" percent="33" />
      <mem type="loa" free="324608" total="324608" percent="100" />
    </mem>
    <remembered-set count="3228" />
  </mem-info>
</gc-start>
<allocation-stats totalBytes="11661296" >
  <allocated-bytes non-tlh="87328" tlh="11573968" />
  <largest-consumer threadName="main" threadId="0000000000019A00" bytes="11657200" />
</allocation-stats>
<gc-op id="613" type="scavenge" timems="7.850" contextid="610" timestamp="2020-09-11T10:42:56.732">
  <scavenger-info tenureage="3" tenuremask="fff8" tiltratio="88" />
  <memory-copied type="nursery" objects="22956" bytes="823672" bytesdiscarded="73456" />
  <references type="soft" candidates="1406" cleared="0" enqueued="0" dynamicThreshold="13" maxThreshold="32" />
  <references type="weak" candidates="75" cleared="0" enqueued="0" />
  <references type="phantom" candidates="2" cleared="0" enqueued="0" />
</gc-op>
<heap-resize id="614" type="expand" space="nursery" amount="1703936" count="1" timems="0.067" reason="excessive time being spent scavenging" timestamp="2020-09-11T10:42:56.732" />
<gc-end id="615" type="scavenge" contextid="610" durationms="8.164" usertimems="6.243" systemtimems="4.056" timestamp="2020-09-11T10:42:56.732" activeThreads="8">
  <mem-info id="616" free="15988880" total="22609920" percent="70">
    <mem type="nursery" free="13585688" total="16121856" percent="84">
      <mem type="allocate" free="13585688" total="14483456" percent="93" />
      <mem type="survivor" free="0" total="1638400" percent="0" />
    </mem>
    <mem type="tenure" free="2403192" total="6488064" percent="37">
      <mem type="soa" free="2078584" total="6163456" percent="33" />
      <mem type="loa" free="324608" total="324608" percent="100" />
    </mem>
    <remembered-set count="3130" />
  </mem-info>
</gc-end>
<cycle-end id="617" type="scavenge" contextid="610" timestamp="2020-09-11T10:42:56.733" />
<allocation-satisfied id="618" threadId="0000000000019A00" bytesRequested="101320" />
<af-end id="619" timestamp="2020-09-11T10:42:56.733" threadId="000000000001A380" success="true" from="nursery"/>
<exclusive-end id="620" timestamp="2020-09-11T10:42:56.733" durationms="9.238" />

<exclusive-start id="621" timestamp="2020-09-11T10:42:56.762" intervalms="38.071">
  <response-info timems="0.187" idlems="0.187" threads="0" lastid="0000000000019A00" lastname="main" />
</exclusive-start>
<af-start id="622" threadId="000000000001A380" totalBytesRequested="4104" timestamp="2020-09-11T10:42:56.762" intervalms="38.073" type="nursery" />
<cycle-start id="623" type="scavenge" contextid="0" timestamp="2020-09-11T10:42:56.762" intervalms="38.065" />
<gc-start id="624" type="scavenge" contextid="623" timestamp="2020-09-11T10:42:56.762">
  <mem-info id="625" free="2403192" total="22609920" percent="10">
    <mem type="nursery" free="0" total="16121856" percent="0">
      <mem type="allocate" free="0" total="14483456" percent="0" />
      <mem type="survivor" free="0" total="1638400" percent="0" />
    </mem>
    <mem type="tenure" free="2403192" total="6488064" percent="37">
      <mem type="soa" free="2078584" total="6163456" percent="33" />
      <mem type="loa" free="324608" total="324608" percent="100" />
    </mem>
    <remembered-set count="3137" />
  </mem-info>
</gc-start>
<allocation-stats totalBytes="13421728" >
  <allocated-bytes non-tlh="2315992" tlh="11105736" />
  <largest-consumer threadName="main" threadId="0000000000019A00" bytes="13421728" />
</allocation-stats>
<gc-op id="626" type="scavenge" timems="4.236" contextid="623" timestamp="2020-09-11T10:42:56.766">
  <scavenger-info tenureage="3" tenuremask="fff8" tiltratio="89" />
  <memory-copied type="nursery" objects="22737" bytes="771480" bytesdiscarded="42040" />
  <memory-copied type="tenure" objects="427" bytes="14320" bytesdiscarded="80" />
  <references type="soft" candidates="1376" cleared="0" enqueued="0" dynamicThreshold="13" maxThreshold="32" />
  <references type="weak" candidates="55" cleared="0" enqueued="0" />
  <references type="phantom" candidates="6" cleared="0" enqueued="0" />
</gc-op>
<heap-resize id="627" type="expand" space="nursery" amount="1048576" count="1" timems="0.060" reason="excessive time being spent scavenging" timestamp="2020-09-11T10:42:56.767" />
<gc-end id="628" type="scavenge" contextid="623" durationms="4.540" usertimems="9.080" systemtimems="0.556" timestamp="2020-09-11T10:42:56.767" activeThreads="8">
  <mem-info id="629" free="16966184" total="23658496" percent="71">
    <mem type="nursery" free="14586800" total="17170432" percent="84">
      <mem type="allocate" free="14586800" total="15400960" percent="94" />
      <mem type="survivor" free="0" total="1769472" percent="0" />
    </mem>
    <mem type="tenure" free="2379384" total="6488064" percent="36">
      <mem type="soa" free="2054776" total="6163456" percent="33" />
      <mem type="loa" free="324608" total="324608" percent="100" />
    </mem>
    <remembered-set count="2076" />
  </mem-info>
</gc-end>
<cycle-end id="630" type="scavenge" contextid="623" timestamp="2020-09-11T10:42:56.767" />
<allocation-satisfied id="631" threadId="0000000000019A00" bytesRequested="4104" />
<af-end id="632" timestamp="2020-09-11T10:42:56.767" threadId="000000000001A380" success="true" from="nursery"/>
<exclusive-end id="633" timestamp="2020-09-11T10:42:56.767" durationms="5.430" />

<exclusive-start id="634" timestamp="2020-09-11T10:42:56.797" intervalms="35.569">
  <response-info timems="0.312" idlems="0.312" threads="0" lastid="0000000000019A00" lastname="main" />
</exclusive-start>
<af-start id="635" threadId="000000000001A380" totalBytesRequested="1040" timestamp="2020-09-11T10:42:56.798" intervalms="35.616" type="nursery" />
<cycle-start id="636" type="scavenge" contextid="0" timestamp="2020-09-11T10:42:56.798" intervalms="35.624" />
<gc-start id="637" type="scavenge" contextid="636" timestamp="2020-09-11T10:42:56.798">
  <mem-info id="638" free="2379384" total="23658496" percent="10">
    <mem type="nursery" free="0" total="17170432" percent="0">
      <mem type="allocate" free="0" total="15400960" percent="0" />
      <mem type="survivor" free="0" total="1769472" percent="0" />
    </mem>
    <mem type="tenure" free="2379384" total="6488064" percent="36">
      <mem type="soa" free="2054776" total="6163456" percent="33" />
      <mem type="loa" free="324608" total="324608" percent="100" />
    </mem>
    <remembered-set count="2077" />
  </mem-info>
</gc-start>
<allocation-stats totalBytes="14220416" >
  <allocated-bytes non-tlh="4104" tlh="14216312" />
  <largest-consumer threadName="main" threadId="0000000000019A00" bytes="14220416" />
</allocation-stats>
<gc-op id="639" type="scavenge" timems="5.017" contextid="636" timestamp="2020-09-11T10:42:56.803">
  <scavenger-info tenureage="3" tenuremask="ffe8" tiltratio="89" />
  <memory-copied type="nursery" objects="244" bytes="42176" bytesdiscarded="44592" />
  <memory-copied type="tenure" objects="22513" bytes="746344" bytesdiscarded="952" />
  <references type="soft" candidates="1" cleared="0" enqueued="0" dynamicThreshold="13" maxThreshold="32" />
  <references type="phantom" candidates="4" cleared="0" enqueued="0" />
</gc-op>
<heap-resize id="640" type="expand" space="nursery" amount="1179648" count="1" timems="0.032" reason="excessive time being spent scavenging" timestamp="2020-09-11T10:42:56.803" />
<gc-end id="641" type="scavenge" contextid="636" durationms="5.286" usertimems="12.021" systemtimems="0.000" timestamp="2020-09-11T10:42:56.803" activeThreads="8">
  <mem-info id="642" free="17981344" total="24838144" percent="72">
    <mem type="nursery" free="16362752" total="18350080" percent="89">
      <mem type="allocate" free="16362752" total="16449536" percent="99" />
      <mem type="survivor" free="0" total="1900544" percent="0" />
    </mem>
    <mem type="tenure" free="1618592" total="6488064" percent="24">
      <mem type="soa" free="1293984" total="6163456" percent="20" />
      <mem type="loa" free="324608" total="324608" percent="100" />
    </mem>
    <remembered-set count="186" />
  </mem-info>
</gc-end>
<cycle-end id="643" type="scavenge" contextid="636" timestamp="2020-09-11T10:42:56.803" />
<allocation-satisfied id="644" threadId="0000000000019A00" bytesRequested="1040" />
<af-end id="645" timestamp="2020-09-11T10:42:56.803" threadId="000000000001A380" success="true" from="nursery"/>
<exclusive-end id="646" timestamp="2020-09-11T10:42:56.803" durationms="6.046" />

<exclusive-start id="647" timestamp="2020-09-11T10:42:56.839" intervalms="41.845">
  <response-info timems="0.825" idlems="0.825" threads="0" lastid="0000000000019A00" lastname="main" />
</exclusive-start>
<af-start id="648" threadId="000000000001A380" totalBytesRequested="888" timestamp="2020-09-11T10:42:56.839" intervalms="41.795" type="nursery" />
<cycle-start id="649" type="scavenge" contextid="0" timestamp="2020-09-11T10:42:56.839" intervalms="41.785" />
<gc-start id="650" type="scavenge" contextid="649" timestamp="2020-09-11T10:42:56.840">
  <mem-info id="651" free="1618592" total="24838144" percent="6">
    <mem type="nursery" free="0" total="18350080" percent="0">
      <mem type="allocate" free="0" total="16449536" percent="0" />
      <mem type="survivor" free="0" total="1900544" percent="0" />
    </mem>
    <mem type="tenure" free="1618592" total="6488064" percent="24">
      <mem type="soa" free="1293984" total="6163456" percent="20" />
      <mem type="loa" free="324608" total="324608" percent="100" />
    </mem>
    <remembered-set count="187" />
  </mem-info>
</gc-start>
<allocation-stats totalBytes="16029648" >
  <allocated-bytes non-tlh="74264" tlh="15955384" />
  <largest-consumer threadName="main" threadId="0000000000019A00" bytes="16029648" />
</allocation-stats>
<gc-op id="652" type="scavenge" timems="1.209" contextid="649" timestamp="2020-09-11T10:42:56.841">
  <scavenger-info tenureage="3" tenuremask="ffe8" tiltratio="89" />
  <memory-copied type="nursery" objects="168" bytes="21976" bytesdiscarded="25624" />
  <memory-copied type="tenure" objects="5" bytes="2600" bytesdiscarded="416" />
  <references type="soft" candidates="1" cleared="0" enqueued="0" dynamicThreshold="13" maxThreshold="32" />
  <references type="phantom" candidates="4" cleared="0" enqueued="0" />
</gc-op>
<gc-end id="653" type="scavenge" contextid="649" durationms="1.379" usertimems="2.587" systemtimems="0.000" timestamp="2020-09-11T10:42:56.841" activeThreads="8">
  <mem-info id="654" free="18062240" total="24838144" percent="72">
    <mem type="nursery" free="16467456" total="18350080" percent="89">
      <mem type="allocate" free="16467456" total="16515072" percent="99" />
      <mem type="survivor" free="0" total="1835008" percent="0" />
    </mem>
    <mem type="tenure" free="1594784" total="6488064" percent="24">
      <mem type="soa" free="1270176" total="6163456" percent="20" />
      <mem type="loa" free="324608" total="324608" percent="100" />
    </mem>
    <remembered-set count="180" />
  </mem-info>
</gc-end>
<cycle-end id="655" type="scavenge" contextid="649" timestamp="2020-09-11T10:42:56.841" />
<allocation-satisfied id="656" threadId="0000000000019A00" bytesRequested="888" />
<af-end id="657" timestamp="2020-09-11T10:42:56.841" threadId="000000000001A380" success="true" from="nursery"/>
<exclusive-end id="658" timestamp="2020-09-11T10:42:56.841" durationms="2.136" />

<exclusive-start id="659" timestamp="2020-09-11T10:42:56.876" intervalms="36.940">
  <response-info timems="0.149" idlems="0.149" threads="0" lastid="0000000000019A00" lastname="main" />
</exclusive-start>
<af-start id="660" threadId="000000000001A380" totalBytesRequested="4104" timestamp="2020-09-11T10:42:56.876" intervalms="36.950" type="nursery" />
<cycle-start id="661" type="scavenge" contextid="0" timestamp="2020-09-11T10:42:56.876" intervalms="36.976" />
<gc-start id="662" type="scavenge" contextid="661" timestamp="2020-09-11T10:42:56.877">
  <mem-info id="663" free="1594784" total="24838144" percent="6">
    <mem type="nursery" free="0" total="18350080" percent="0">
      <mem type="allocate" free="0" total="16515072" percent="0" />
      <mem type="survivor" free="0" total="1835008" percent="0" />
    </mem>
    <mem type="tenure" free="1594784" total="6488064" percent="24">
      <mem type="soa" free="1270176" total="6163456" percent="20" />
      <mem type="loa" free="324608" total="324608" percent="100" />
    </mem>
    <remembered-set count="181" />
  </mem-info>
</gc-start>
<allocation-stats totalBytes="15754256" >
  <allocated-bytes non-tlh="507512" tlh="15246744" />
  <largest-consumer threadName="main" threadId="0000000000019A00" bytes="15754256" />
</allocation-stats>
<gc-op id="664" type="scavenge" timems="2.855" contextid="661" timestamp="2020-09-11T10:42:56.879">
  <scavenger-info tenureage="3" tenuremask="ffe8" tiltratio="90" />
  <memory-copied type="nursery" objects="48" bytes="3920" bytesdiscarded="43688" />
  <memory-copied type="tenure" objects="106" bytes="13712" bytesdiscarded="0" />
  <references type="phantom" candidates="2" cleared="0" enqueued="0" />
</gc-op>
<heap-resize id="665" type="expand" space="nursery" amount="786432" count="1" timems="0.055" reason="excessive time being spent scavenging" timestamp="2020-09-11T10:42:56.880" />
<gc-end id="666" type="scavenge" contextid="661" durationms="3.136" usertimems="6.860" systemtimems="0.363" timestamp="2020-09-11T10:42:56.880" activeThreads="8">
  <mem-info id="667" free="18717600" total="25624576" percent="73">
    <mem type="nursery" free="17122816" total="19136512" percent="89">
      <mem type="allocate" free="17122816" total="17170432" percent="99" />
      <mem type="survivor" free="0" total="1966080" percent="0" />
    </mem>
    <mem type="tenure" free="1594784" total="6488064" percent="24">
      <mem type="soa" free="1270176" total="6163456" percent="20" />
      <mem type="loa" free="324608" total="324608" percent="100" />
    </mem>
    <remembered-set count="181" />
  </mem-info>
</gc-end>
<cycle-end id="668" type="scavenge" contextid="661" timestamp="2020-09-11T10:42:56.880" />
<allocation-satisfied id="669" threadId="0000000000019A00" bytesRequested="4104" />
<af-end id="670" timestamp="2020-09-11T10:42:56.880" threadId="000000000001A380" success="true" from="nursery"/>
<exclusive-end id="671" timestamp="2020-09-11T10:42:56.880" durationms="4.060" />

<exclusive-start id="672" timestamp="2020-09-11T10:42:56.918" intervalms="42.203">
  <response-info timems="0.142" idlems="0.142" threads="0" lastid="0000000000019A00" lastname="main" />
</exclusive-start>
<af-start id="673" threadId="000000000001A380" totalBytesRequested="9576" timestamp="2020-09-11T10:42:56.919" intervalms="42.193" type="nursery" />
<cycle-start id="674" type="scavenge" contextid="0" timestamp="2020-09-11T10:42:56.919" intervalms="42.164" />
<gc-start id="675" type="scavenge" contextid="674" timestamp="2020-09-11T10:42:56.919">
  <mem-info id="676" free="1594784" total="25624576" percent="6">
    <mem type="nursery" free="0" total="19136512" percent="0">
      <mem type="allocate" free="0" total="17170432" percent="0" />
      <mem type="survivor" free="0" total="1966080" percent="0" />
    </mem>
    <mem type="tenure" free="1594784" total="6488064" percent="24">
      <mem type="soa" free="1270176" total="6163456" percent="20" />
      <mem type="loa" free="324608" total="324608" percent="100" />
    </mem>
    <remembered-set count="182" />
  </mem-info>
</gc-start>
<allocation-stats totalBytes="16594160" >
  <allocated-bytes non-tlh="4104" tlh="16590056" />
  <largest-consumer threadName="main" threadId="0000000000019A00" bytes="16594160" />
</allocation-stats>
<gc-op id="677" type="scavenge" timems="5.980" contextid="674" timestamp="2020-09-11T10:42:56.925">
  <scavenger-info tenureage="3" tenuremask="ffe8" tiltratio="89" />
  <memory-copied type="nursery" objects="99" bytes="20576" bytesdiscarded="27032" />
  <references type="phantom" candidates="2" cleared="0" enqueued="0" />
</gc-op>
<heap-resize id="678" type="expand" space="nursery" amount="1179648" count="1" timems="0.047" reason="excessive time being spent scavenging" timestamp="2020-09-11T10:42:56.925" />
<gc-end id="679" type="scavenge" contextid="674" durationms="6.225" usertimems="3.068" systemtimems="3.254" timestamp="2020-09-11T10:42:56.925" activeThreads="8">
  <mem-info id="680" free="19766176" total="26804224" percent="73">
    <mem type="nursery" free="18171392" total="20316160" percent="89">
      <mem type="allocate" free="18171392" total="18219008" percent="99" />
      <mem type="survivor" free="0" total="2097152" percent="0" />
    </mem>
    <mem type="tenure" free="1594784" total="6488064" percent="24">
      <mem type="soa" free="1270176" total="6163456" percent="20" />
      <mem type="loa" free="324608" total="324608" percent="100" />
    </mem>
    <remembered-set count="181" />
  </mem-info>
</gc-end>
<cycle-end id="681" type="scavenge" contextid="674" timestamp="2020-09-11T10:42:56.925" />
<allocation-satisfied id="682" threadId="0000000000019A00" bytesRequested="9576" />
<af-end id="683" timestamp="2020-09-11T10:42:56.925" threadId="000000000001A380" success="true" from="nursery"/>
<exclusive-end id="684" timestamp="2020-09-11T10:42:56.925" durationms="7.049" />

<exclusive-start id="685" timestamp="2020-09-11T10:42:56.968" intervalms="49.782">
  <response-info timems="0.193" idlems="0.193" threads="0" lastid="0000000000019A00" lastname="main" />
</exclusive-start>
<af-start id="686" threadId="000000000001A380" totalBytesRequested="35432" timestamp="2020-09-11T10:42:56.968" intervalms="49.812" type="nursery" />
<cycle-start id="687" type="scavenge" contextid="0" timestamp="2020-09-11T10:42:56.968" intervalms="49.845" />
<gc-start id="688" type="scavenge" contextid="687" timestamp="2020-09-11T10:42:56.969">
  <mem-info id="689" free="1594784" total="26804224" percent="5">
    <mem type="nursery" free="0" total="20316160" percent="0">
      <mem type="allocate" free="0" total="18219008" percent="0" />
      <mem type="survivor" free="0" total="2097152" percent="0" />
    </mem>
    <mem type="tenure" free="1594784" total="6488064" percent="24">
      <mem type="soa" free="1270176" total="6163456" percent="20" />
      <mem type="loa" free="324608" total="324608" percent="100" />
    </mem>
    <remembered-set count="182" />
  </mem-info>
</gc-start>
<allocation-stats totalBytes="17709456" >
  <allocated-bytes non-tlh="95792" tlh="17613664" />
  <largest-consumer threadName="main" threadId="0000000000019A00" bytes="17709456" />
</allocation-stats>
<gc-op id="690" type="scavenge" timems="0.843" contextid="687" timestamp="2020-09-11T10:42:56.969">
  <scavenger-info tenureage="3" tenuremask="fff8" tiltratio="89" />
  <memory-copied type="nursery" objects="111" bytes="32328" bytesdiscarded="39088" />
  <references type="phantom" candidates="2" cleared="0" enqueued="0" />
</gc-op>
<gc-end id="691" type="scavenge" contextid="687" durationms="1.032" usertimems="1.977" systemtimems="0.229" timestamp="2020-09-11T10:42:56.970" activeThreads="8">
  <mem-info id="692" free="19807904" total="26804224" percent="73">
    <mem type="nursery" free="18213120" total="20316160" percent="89">
      <mem type="allocate" free="18213120" total="18284544" percent="99" />
      <mem type="survivor" free="0" total="2031616" percent="0" />
    </mem>
    <mem type="tenure" free="1594784" total="6488064" percent="24">
      <mem type="soa" free="1270176" total="6163456" percent="20" />
      <mem type="loa" free="324608" total="324608" percent="100" />
    </mem>
    <remembered-set count="181" />
  </mem-info>
</gc-end>
<cycle-end id="693" type="scavenge" contextid="687" timestamp="2020-09-11T10:42:56.970" />
<allocation-satisfied id="694" threadId="0000000000019A00" bytesRequested="35432" />
<af-end id="695" timestamp="2020-09-11T10:42:56.970" threadId="000000000001A380" success="true" from="nursery"/>
<exclusive-end id="696" timestamp="2020-09-11T10:42:56.970" durationms="1.968" />

<exclusive-start id="697" timestamp="2020-09-11T10:42:57.163" intervalms="194.498">
  <response-info timems="0.254" idlems="0.145" threads="1" lastid="000000000001D600" lastname="JIT Compilation Thread-000" />
</exclusive-start>
<af-start id="698" threadId="000000000001A380" totalBytesRequested="16777224" timestamp="2020-09-11T10:42:57.163" intervalms="194.554" type="nursery" />
<cycle-start id="699" type="scavenge" contextid="0" timestamp="2020-09-11T10:42:57.163" intervalms="194.550" />
<gc-start id="700" type="scavenge" contextid="699" timestamp="2020-09-11T10:42:57.163">
  <mem-info id="701" free="4689912" total="26804224" percent="17">
    <mem type="nursery" free="3120792" total="20316160" percent="15">
      <mem type="allocate" free="3120792" total="18284544" percent="17" />
      <mem type="survivor" free="0" total="2031616" percent="0" />
    </mem>
    <mem type="tenure" free="1569120" total="6488064" percent="24">
      <mem type="soa" free="1244512" total="6163456" percent="20" />
      <mem type="loa" free="324608" total="324608" percent="100" />
    </mem>
    <remembered-set count="648" />
  </mem-info>
</gc-start>
<allocation-stats totalBytes="15106360" >
  <allocated-bytes non-tlh="61096" tlh="15045264" />
  <largest-consumer threadName="main" threadId="0000000000019A00" bytes="14884048" />
</allocation-stats>
<gc-op id="702" type="scavenge" timems="3.393" contextid="699" timestamp="2020-09-11T10:42:57.167">
  <scavenger-info tenureage="3" tenuremask="fff8" tiltratio="90" />
  <memory-copied type="nursery" objects="12207" bytes="450480" bytesdiscarded="28488" />
  <finalization candidates="13" enqueued="1" />
  <ownableSynchronizers candidates="12" cleared="5" />
  <references type="soft" candidates="15" cleared="0" enqueued="0" dynamicThreshold="13" maxThreshold="32" />
  <references type="weak" candidates="1125" cleared="453" enqueued="324" />
  <references type="phantom" candidates="2" cleared="0" enqueued="0" />
</gc-op>
<gc-end id="703" type="scavenge" contextid="699" durationms="3.598" usertimems="7.067" systemtimems="0.319" timestamp="2020-09-11T10:42:57.167" activeThreads="8">
  <mem-info id="704" free="19372128" total="26804224" percent="72">
    <mem type="nursery" free="17803008" total="20316160" percent="87">
      <mem type="allocate" free="17803008" total="18284544" percent="97" />
      <mem type="survivor" free="0" total="2031616" percent="0" />
    </mem>
    <mem type="tenure" free="1569120" total="6488064" percent="24">
      <mem type="soa" free="1244512" total="6163456" percent="20" />
      <mem type="loa" free="324608" total="324608" percent="100" />
    </mem>
    <pending-finalizers system="1" default="0" reference="324" classloader="0" />
    <remembered-set count="630" />
  </mem-info>
</gc-end>
<cycle-end id="705" type="scavenge" contextid="699" timestamp="2020-09-11T10:42:57.167" />
<cycle-start id="706" type="global" contextid="0" timestamp="2020-09-11T10:42:57.167" intervalms="1173.337" />
<gc-start id="707" type="global" contextid="706" timestamp="2020-09-11T10:42:57.167">
  <mem-info id="708" free="19372128" total="26804224" percent="72">
    <mem type="nursery" free="17803008" total="20316160" percent="87">
      <mem type="allocate" free="17803008" total="18284544" percent="97" />
      <mem type="survivor" free="0" total="2031616" percent="0" />
    </mem>
    <mem type="tenure" free="1569120" total="6488064" percent="24">
      <mem type="soa" free="1244512" total="6163456" percent="20" />
      <mem type="loa" free="324608" total="324608" percent="100" />
    </mem>
    <pending-finalizers system="1" default="0" reference="324" classloader="0" />
    <remembered-set count="630" />
  </mem-info>
</gc-start>
<allocation-stats totalBytes="0" >
  <allocated-bytes non-tlh="0" tlh="0" />
</allocation-stats>
<heap-resize id="709" type="loa expand" space="tenure" amount="65536" count="1" timems="0.000" reason="expand on failed allocate" timestamp="2020-09-11T10:42:57.167" />
<gc-op id="710" type="mark" timems="9.270" contextid="706" timestamp="2020-09-11T10:42:57.177">
  <trace-info objectcount="109202" scancount="92045" scanbytes="3007604" />
  <finalization candidates="85" enqueued="0" />
  <ownableSynchronizers candidates="18" cleared="0" />
  <references type="soft" candidates="4085" cleared="0" enqueued="0" dynamicThreshold="13" maxThreshold="32" />
  <references type="weak" candidates="2617" cleared="42" enqueued="21" />
  <references type="phantom" candidates="100" cleared="0" enqueued="0" />
  <stringconstants candidates="8944" cleared="48"  />
</gc-op>
<gc-op id="711" type="classunload" timems="0.008" contextid="706" timestamp="2020-09-11T10:42:57.177">
  <classunload-info classloadercandidates="28" classloadersunloaded="0" classesunloaded="0" anonymousclassesunloaded="0" quiescems="0.000" setupms="0.006" scanms="0.001" postms="0.001" />
</gc-op>
<gc-op id="712" type="sweep" timems="1.066" contextid="706" timestamp="2020-09-11T10:42:57.178" />
<mem-info id="713" free="19488504" total="26804224" percent="72">
  <mem type="nursery" free="17831000" total="20316160" percent="87">
    <mem type="allocate" free="17831000" total="18284544" percent="97" />
    <mem type="survivor" free="0" total="2031616" percent="0" />
  </mem>
  <mem type="tenure" free="1657504" total="6488064" percent="25" micro-fragmented="41083" macro-fragmented="0">
    <mem type="soa" free="1323480" total="6097920" percent="21" />
    <mem type="loa" free="334024" total="390144" percent="85" />
  </mem>
  <pending-finalizers system="1" default="0" reference="345" classloader="0" />
  <remembered-set count="585" />
</mem-info>
<gc-op id="714" type="compact" timems="39.979" contextid="706" timestamp="2020-09-11T10:42:57.218">
  <compact-info movecount="108014" movebytes="5127952" reason="compact to meet allocation" />
</gc-op>
<heap-resize id="715" type="expand" space="tenure" amount="24313856" count="1" timems="0.243" reason="insufficient free space following gc" timestamp="2020-09-11T10:42:57.218" />
<gc-end id="716" type="global" contextid="706" durationms="51.102" usertimems="99.361" systemtimems="0.000" timestamp="2020-09-11T10:42:57.218" activeThreads="8">
  <mem-info id="717" free="27118888" total="51118080" percent="53">
    <mem type="nursery" free="1058736" total="20316160" percent="5">
      <mem type="allocate" free="1058736" total="18284544" percent="5" />
      <mem type="survivor" free="0" total="2031616" percent="0" />
    </mem>
    <mem type="tenure" free="26060152" total="30801920" percent="84">
      <mem type="soa" free="24211832" total="28953600" percent="83" />
      <mem type="loa" free="1848320" total="1848320" percent="100" />
    </mem>
    <pending-finalizers system="1" default="0" reference="345" classloader="0" />
    <remembered-set count="585" />
  </mem-info>
</gc-end>
<cycle-end id="718" type="global" contextid="706" timestamp="2020-09-11T10:42:57.218" />
<allocation-satisfied id="719" threadId="0000000000019A00" bytesRequested="16777224" />
<af-end id="720" timestamp="2020-09-11T10:42:57.221" threadId="000000000001A380" success="true" from="nursery"/>
<exclusive-end id="721" timestamp="2020-09-11T10:42:57.221" durationms="58.539" />

<exclusive-start id="722" timestamp="2020-09-11T10:42:57.271" intervalms="108.851">
  <response-info timems="0.303" idlems="0.303" threads="0" lastid="000000000075EA00" lastname="MapReducer.1" />
</exclusive-start>
<af-start id="723" threadId="000000000075F380" totalBytesRequested="520" timestamp="2020-09-11T10:42:57.272" intervalms="108.843" type="nursery" />
<percolate-collect id="724" from="nursery" to="global" reason="met projected tenure max free" timestamp="2020-09-11T10:42:57.272"/>
<cycle-start id="725" type="global" contextid="0" timestamp="2020-09-11T10:42:57.272" intervalms="104.611" />
<gc-start id="726" type="global" contextid="725" timestamp="2020-09-11T10:42:57.272">
  <mem-info id="727" free="26046856" total="51118080" percent="50">
    <mem type="nursery" free="0" total="20316160" percent="0">
      <mem type="allocate" free="0" total="18284544" percent="0" />
      <mem type="survivor" free="0" total="2031616" percent="0" />
    </mem>
    <mem type="tenure" free="26046856" total="30801920" percent="84">
      <mem type="soa" free="24198536" total="28953600" percent="83" />
      <mem type="loa" free="1848320" total="1848320" percent="100" />
    </mem>
    <remembered-set count="825" />
  </mem-info>
</gc-start>
<allocation-stats totalBytes="17847936" >
  <allocated-bytes non-tlh="17027168" tlh="820768" />
  <largest-consumer threadName="main" threadId="0000000000019A00" bytes="17098152" />
</allocation-stats>
<gc-op id="728" type="mark" timems="11.245" contextid="725" timestamp="2020-09-11T10:42:57.283">
  <trace-info objectcount="116711" scancount="99062" scanbytes="3286892" />
  <finalization candidates="88" enqueued="1" />
  <ownableSynchronizers candidates="51" cleared="0" />
  <references type="soft" candidates="4160" cleared="0" enqueued="0" dynamicThreshold="27" maxThreshold="32" />
  <references type="weak" candidates="2912" cleared="108" enqueued="72" />
  <references type="phantom" candidates="100" cleared="0" enqueued="0" />
  <stringconstants candidates="9031" cleared="3"  />
</gc-op>
<gc-op id="729" type="sweep" timems="0.686" contextid="725" timestamp="2020-09-11T10:42:57.284" />
<gc-end id="730" type="global" contextid="725" durationms="12.286" usertimems="37.030" systemtimems="4.297" timestamp="2020-09-11T10:42:57.284" activeThreads="8">
  <mem-info id="731" free="26561096" total="51118080" percent="51">
    <mem type="nursery" free="512184" total="20316160" percent="2">
      <mem type="allocate" free="512184" total="18284544" percent="2" />
      <mem type="survivor" free="0" total="2031616" percent="0" />
    </mem>
    <mem type="tenure" free="26048912" total="30801920" percent="84" micro-fragmented="0" macro-fragmented="0">
      <mem type="soa" free="24200592" total="28953600" percent="83" />
      <mem type="loa" free="1848320" total="1848320" percent="100" />
    </mem>
    <pending-finalizers system="1" default="0" reference="72" classloader="0" />
    <remembered-set count="810" />
  </mem-info>
</gc-end>
<cycle-end id="732" type="global" contextid="725" timestamp="2020-09-11T10:42:57.284" />
<allocation-satisfied id="733" threadId="000000000075EA00" bytesRequested="520" />
<af-end id="734" timestamp="2020-09-11T10:42:57.284" threadId="000000000075F380" success="true" from="nursery"/>
<exclusive-end id="735" timestamp="2020-09-11T10:42:57.284" durationms="12.937" />

<exclusive-start id="736" timestamp="2020-09-11T10:42:57.306" intervalms="34.511">
  <response-info timems="0.348" idlems="0.164" threads="5" lastid="0000000000021200" lastname="JIT Compilation Thread-001" />
</exclusive-start>
<af-start id="737" threadId="0000000000765180" totalBytesRequested="32776" timestamp="2020-09-11T10:42:57.306" intervalms="34.467" type="nursery" />
<cycle-start id="738" type="scavenge" contextid="0" timestamp="2020-09-11T10:42:57.306" intervalms="143.287" />
<gc-start id="739" type="scavenge" contextid="738" timestamp="2020-09-11T10:42:57.306">
  <mem-info id="740" free="26431912" total="51118080" percent="51">
    <mem type="nursery" free="384056" total="20316160" percent="1">
      <mem type="allocate" free="384056" total="18284544" percent="2" />
      <mem type="survivor" free="0" total="2031616" percent="0" />
    </mem>
    <mem type="tenure" free="26047856" total="30801920" percent="84">
      <mem type="soa" free="24199536" total="28953600" percent="83" />
      <mem type="loa" free="1848320" total="1848320" percent="100" />
    </mem>
    <remembered-set count="828" />
  </mem-info>
</gc-start>
<allocation-stats totalBytes="127408" >
  <allocated-bytes non-tlh="1576" tlh="125832" />
  <largest-consumer threadName="RunDataWriter.1" threadId="0000000000760C00" bytes="63336" />
</allocation-stats>
<gc-op id="741" type="scavenge" timems="8.390" contextid="738" timestamp="2020-09-11T10:42:57.315">
  <scavenger-info tenureage="3" tenuremask="fff8" tiltratio="90" />
  <memory-copied type="nursery" objects="20003" bytes="889936" bytesdiscarded="99048" />
  <memory-copied type="tenure" objects="1" bytes="16777224" bytesdiscarded="0" />
  <copy-failed type="nursery" objects="1" bytes="16777224" />
  <finalization candidates="15" enqueued="0" />
  <ownableSynchronizers candidates="65" cleared="22" />
  <references type="soft" candidates="115" cleared="0" enqueued="0" dynamicThreshold="27" maxThreshold="32" />
  <references type="weak" candidates="874" cleared="0" enqueued="0" />
  <references type="phantom" candidates="2" cleared="0" enqueued="0" />
</gc-op>
<gc-end id="742" type="scavenge" contextid="738" durationms="8.676" usertimems="11.491" systemtimems="4.623" timestamp="2020-09-11T10:42:57.315" activeThreads="8">
  <mem-info id="743" free="18429440" total="51118080" percent="36">
    <mem type="nursery" free="9158808" total="20316160" percent="45">
      <mem type="allocate" free="9158808" total="10158080" percent="90" />
      <mem type="survivor" free="0" total="10158080" percent="0" />
    </mem>
    <mem type="tenure" free="9270632" total="30801920" percent="30">
      <mem type="soa" free="7422312" total="28953600" percent="25" />
      <mem type="loa" free="1848320" total="1848320" percent="100" />
    </mem>
    <remembered-set count="811" />
  </mem-info>
</gc-end>
<cycle-end id="744" type="scavenge" contextid="738" timestamp="2020-09-11T10:42:57.315" />
<allocation-satisfied id="745" threadId="0000000000764800" bytesRequested="32776" />
<af-end id="746" timestamp="2020-09-11T10:42:57.315" threadId="0000000000765180" success="true" from="nursery"/>
<exclusive-end id="747" timestamp="2020-09-11T10:42:57.315" durationms="9.444" />

<exclusive-start id="748" timestamp="2020-09-11T10:42:57.370" intervalms="64.116">
  <response-info timems="0.104" idlems="0.104" threads="0" lastid="0000000000796600" lastname="ForkJoinPool-3-worker-7" />
</exclusive-start>
<af-start id="749" threadId="0000000000796F80" totalBytesRequested="24" timestamp="2020-09-11T10:42:57.370" intervalms="64.173" type="nursery" />
<cycle-start id="750" type="scavenge" contextid="0" timestamp="2020-09-11T10:42:57.370" intervalms="64.199" />
<gc-start id="751" type="scavenge" contextid="750" timestamp="2020-09-11T10:42:57.371">
  <mem-info id="752" free="9257600" total="51118080" percent="18">
    <mem type="nursery" free="0" total="20316160" percent="0">
      <mem type="allocate" free="0" total="10158080" percent="0" />
      <mem type="survivor" free="0" total="10158080" percent="0" />
    </mem>
    <mem type="tenure" free="9257600" total="30801920" percent="30">
      <mem type="soa" free="7409280" total="28953600" percent="25" />
      <mem type="loa" free="1848320" total="1848320" percent="100" />
    </mem>
    <remembered-set count="1000" />
  </mem-info>
</gc-start>
<allocation-stats totalBytes="9168048" >
  <allocated-bytes non-tlh="3923320" tlh="5244728" />
  <largest-consumer threadName="MapReducer.1" threadId="000000000075EA00" bytes="5733472" />
</allocation-stats>
<gc-op id="753" type="scavenge" timems="6.955" contextid="750" timestamp="2020-09-11T10:42:57.378">
  <scavenger-info tenureage="3" tenuremask="fff8" tiltratio="50" />
  <memory-copied type="nursery" objects="121440" bytes="8036000" bytesdiscarded="154760" />
  <finalization candidates="15" enqueued="0" />
  <ownableSynchronizers candidates="61" cleared="0" />
  <references type="soft" candidates="314" cleared="0" enqueued="0" dynamicThreshold="27" maxThreshold="32" />
  <references type="weak" candidates="958" cleared="4" enqueued="4" />
  <references type="phantom" candidates="2" cleared="0" enqueued="0" />
</gc-op>
<heap-resize id="754" type="expand" space="nursery" amount="1310720" count="1" timems="0.099" reason="excessive time being spent scavenging" timestamp="2020-09-11T10:42:57.378" />
<gc-end id="755" type="scavenge" contextid="750" durationms="7.605" usertimems="36.615" systemtimems="0.000" timestamp="2020-09-11T10:42:57.378" activeThreads="8">
  <mem-info id="756" free="11867848" total="52428800" percent="22">
    <mem type="nursery" free="2610248" total="21626880" percent="12">
      <mem type="allocate" free="2610248" total="10813440" percent="24" />
      <mem type="survivor" free="0" total="10813440" percent="0" />
    </mem>
    <mem type="tenure" free="9257600" total="30801920" percent="30">
      <mem type="soa" free="7409280" total="28953600" percent="25" />
      <mem type="loa" free="1848320" total="1848320" percent="100" />
    </mem>
    <pending-finalizers system="0" default="0" reference="4" classloader="0" />
    <remembered-set count="821" />
  </mem-info>
</gc-end>
<cycle-end id="757" type="scavenge" contextid="750" timestamp="2020-09-11T10:42:57.379" />
<allocation-satisfied id="758" threadId="0000000000796600" bytesRequested="24" />
<af-end id="759" timestamp="2020-09-11T10:42:57.379" threadId="0000000000796F80" success="true" from="nursery"/>
<exclusive-end id="760" timestamp="2020-09-11T10:42:57.379" durationms="8.801" />

<exclusive-start id="761" timestamp="2020-09-11T10:42:57.399" intervalms="28.492">
  <response-info timems="8.554" idlems="8.554" threads="0" lastid="000000000075EA00" lastname="MapReducer.1" />
</exclusive-start>
<af-start id="762" threadId="000000000075F380" totalBytesRequested="32" timestamp="2020-09-11T10:42:57.399" intervalms="28.472" type="nursery" />
<cycle-start id="763" type="scavenge" contextid="0" timestamp="2020-09-11T10:42:57.399" intervalms="28.451" />
<gc-start id="764" type="scavenge" contextid="763" timestamp="2020-09-11T10:42:57.399">
  <mem-info id="765" free="9257040" total="52428800" percent="17">
    <mem type="nursery" free="0" total="21626880" percent="0">
      <mem type="allocate" free="0" total="10813440" percent="0" />
      <mem type="survivor" free="0" total="10813440" percent="0" />
    </mem>
    <mem type="tenure" free="9257040" total="30801920" percent="30">
      <mem type="soa" free="7408720" total="28953600" percent="25" />
      <mem type="loa" free="1848320" total="1848320" percent="100" />
    </mem>
    <remembered-set count="829" />
  </mem-info>
</gc-start>
<allocation-stats totalBytes="2610224" >
  <allocated-bytes non-tlh="584" tlh="2609640" />
  <largest-consumer threadName="MapReducer.1" threadId="000000000075EA00" bytes="1290240" />
</allocation-stats>
<gc-op id="766" type="scavenge" timems="5.157" contextid="763" timestamp="2020-09-11T10:42:57.404">
  <scavenger-info tenureage="2" tenuremask="fffc" tiltratio="50" />
  <memory-copied type="nursery" objects="160222" bytes="9019696" bytesdiscarded="210168" />
  <memory-copied type="tenure" objects="19958" bytes="886424" bytesdiscarded="240" />
  <finalization candidates="15" enqueued="0" />
  <ownableSynchronizers candidates="61" cleared="0" />
  <references type="soft" candidates="223" cleared="0" enqueued="0" dynamicThreshold="27" maxThreshold="32" />
  <references type="weak" candidates="90" cleared="0" enqueued="0" />
</gc-op>
<heap-resize id="767" type="expand" space="nursery" amount="2097152" count="1" timems="0.057" reason="excessive time being spent scavenging" timestamp="2020-09-11T10:42:57.404" />
<gc-end id="768" type="scavenge" contextid="763" durationms="5.611" usertimems="26.326" systemtimems="8.557" timestamp="2020-09-11T10:42:57.405" activeThreads="8">
  <mem-info id="769" free="10536280" total="54525952" percent="19">
    <mem type="nursery" free="2629992" total="23724032" percent="11">
      <mem type="allocate" free="2629992" total="11862016" percent="22" />
      <mem type="survivor" free="0" total="11862016" percent="0" />
    </mem>
    <mem type="tenure" free="7906288" total="30801920" percent="25">
      <mem type="soa" free="6057968" total="28953600" percent="20" />
      <mem type="loa" free="1848320" total="1848320" percent="100" />
    </mem>
    <remembered-set count="847" />
  </mem-info>
</gc-end>
<cycle-end id="770" type="scavenge" contextid="763" timestamp="2020-09-11T10:42:57.405" />
<allocation-satisfied id="771" threadId="000000000075EA00" bytesRequested="32" />
<af-end id="772" timestamp="2020-09-11T10:42:57.405" threadId="000000000075F380" success="true" from="nursery"/>
<exclusive-end id="773" timestamp="2020-09-11T10:42:57.405" durationms="6.523" />

<exclusive-start id="774" timestamp="2020-09-11T10:42:57.415" intervalms="16.015">
  <response-info timems="0.248" idlems="0.248" threads="0" lastid="000000000078EE00" lastname="ForkJoinPool-3-worker-3" />
</exclusive-start>
<af-start id="775" threadId="000000000078F780" totalBytesRequested="24" timestamp="2020-09-11T10:42:57.415" intervalms="16.087" type="nursery" />
<cycle-start id="776" type="scavenge" contextid="0" timestamp="2020-09-11T10:42:57.415" intervalms="16.094" />
<gc-start id="777" type="scavenge" contextid="776" timestamp="2020-09-11T10:42:57.415">
  <mem-info id="778" free="7906288" total="54525952" percent="14">
    <mem type="nursery" free="0" total="23724032" percent="0">
      <mem type="allocate" free="0" total="11862016" percent="0" />
      <mem type="survivor" free="0" total="11862016" percent="0" />
    </mem>
    <mem type="tenure" free="7906288" total="30801920" percent="25">
      <mem type="soa" free="6057968" total="28953600" percent="20" />
      <mem type="loa" free="1848320" total="1848320" percent="100" />
    </mem>
    <remembered-set count="849" />
  </mem-info>
</gc-start>
<allocation-stats totalBytes="2629384" >
  <allocated-bytes non-tlh="32" tlh="2629352" />
  <largest-consumer threadName="ForkJoinPool-3-worker-3" threadId="000000000078EE00" bytes="905040" />
</allocation-stats>
<gc-op id="779" type="scavenge" timems="11.219" contextid="776" timestamp="2020-09-11T10:42:57.427">
  <scavenger-info tenureage="2" tenuremask="ffe4" tiltratio="50" />
  <memory-copied type="nursery" objects="96851" bytes="3120552" bytesdiscarded="203880" />
  <memory-copied type="tenure" objects="101447" bytes="7106504" bytesdiscarded="272" />
  <ownableSynchronizers candidates="18" cleared="0" />
  <references type="soft" candidates="28" cleared="0" enqueued="0" dynamicThreshold="27" maxThreshold="32" />
  <references type="weak" candidates="12" cleared="0" enqueued="0" />
  <heap-resize type="expand" space="tenure" amount="1179648" count="6" timems="1.420" reason="continue current collection" />
</gc-op>
<heap-resize id="780" type="expand" space="nursery" amount="6160384" count="1" timems="0.069" reason="excessive time being spent scavenging" timestamp="2020-09-11T10:42:57.427" />
<gc-end id="781" type="scavenge" contextid="776" durationms="12.128" usertimems="46.801" systemtimems="9.525" timestamp="2020-09-11T10:42:57.427" activeThreads="8">
  <mem-info id="782" free="13536576" total="61865984" percent="21">
    <mem type="nursery" free="11617600" total="29884416" percent="38">
      <mem type="allocate" free="11617600" total="14942208" percent="77" />
      <mem type="survivor" free="0" total="14942208" percent="0" />
    </mem>
    <mem type="tenure" free="1918976" total="31981568" percent="6">
      <mem type="soa" free="0" total="30062592" percent="0" />
      <mem type="loa" free="1918976" total="1918976" percent="100" />
    </mem>
    <remembered-set count="1439" />
  </mem-info>
</gc-end>
<cycle-end id="783" type="scavenge" contextid="776" timestamp="2020-09-11T10:42:57.428" />
<allocation-satisfied id="784" threadId="000000000078EE00" bytesRequested="24" />
<af-end id="785" timestamp="2020-09-11T10:42:57.428" threadId="000000000078F780" success="true" from="nursery"/>
<exclusive-end id="786" timestamp="2020-09-11T10:42:57.428" durationms="13.527" />

<exclusive-start id="787" timestamp="2020-09-11T10:42:57.433" intervalms="18.132">
  <response-info timems="0.249" idlems="0.249" threads="0" lastid="0000000000760C00" lastname="RunDataWriter.1" />
</exclusive-start>
<af-start id="788" threadId="0000000000761580" totalBytesRequested="88" timestamp="2020-09-11T10:42:57.433" intervalms="18.093" type="tenure" />
<cycle-start id="789" type="global" contextid="0" timestamp="2020-09-11T10:42:57.433" intervalms="161.273" />
<gc-start id="790" type="global" contextid="789" timestamp="2020-09-11T10:42:57.433">
  <mem-info id="791" free="11431208" total="61865984" percent="18">
    <mem type="nursery" free="9512232" total="29884416" percent="31">
      <mem type="allocate" free="9512232" total="14942208" percent="63" />
      <mem type="survivor" free="0" total="14942208" percent="0" />
    </mem>
    <mem type="tenure" free="1918976" total="31981568" percent="6">
      <mem type="soa" free="0" total="30062592" percent="0" />
      <mem type="loa" free="1918976" total="1918976" percent="100" />
    </mem>
    <remembered-set count="1704" />
  </mem-info>
</gc-start>
<allocation-stats totalBytes="2105136" >
  <allocated-bytes non-tlh="24" tlh="2105112" />
  <largest-consumer threadName="ForkJoinPool-3-worker-7" threadId="0000000000796600" bytes="860024" />
</allocation-stats>
<gc-op id="792" type="mark" timems="10.351" contextid="789" timestamp="2020-09-11T10:42:57.444">
  <trace-info objectcount="356427" scancount="303747" scanbytes="13110172" />
  <finalization candidates="88" enqueued="0" />
  <ownableSynchronizers candidates="72" cleared="0" />
  <references type="soft" candidates="4412" cleared="0" enqueued="0" dynamicThreshold="27" maxThreshold="32" />
  <references type="weak" candidates="2910" cleared="1" enqueued="1" />
  <references type="phantom" candidates="100" cleared="0" enqueued="0" />
  <stringconstants candidates="9134" cleared="2"  />
</gc-op>
<gc-op id="793" type="classunload" timems="0.011" contextid="789" timestamp="2020-09-11T10:42:57.444">
  <classunload-info classloadercandidates="75" classloadersunloaded="0" classesunloaded="0" anonymousclassesunloaded="0" quiescems="0.000" setupms="0.010" scanms="0.001" postms="0.000" />
</gc-op>
<gc-op id="794" type="sweep" timems="0.872" contextid="789" timestamp="2020-09-11T10:42:57.445" />
<heap-resize id="795" type="expand" space="tenure" amount="10289152" count="1" timems="0.258" reason="insufficient free space following gc" timestamp="2020-09-11T10:42:57.445" />
<gc-end id="796" type="global" contextid="789" durationms="11.925" usertimems="61.497" systemtimems="0.017" timestamp="2020-09-11T10:42:57.445" activeThreads="8">
  <mem-info id="797" free="22641504" total="72155136" percent="31">
    <mem type="nursery" free="9920976" total="29884416" percent="33">
      <mem type="allocate" free="9920976" total="14942208" percent="66" />
      <mem type="survivor" free="0" total="14942208" percent="0" />
    </mem>
    <mem type="tenure" free="12720528" total="42270720" percent="30" micro-fragmented="2564" macro-fragmented="0">
      <mem type="soa" free="10184080" total="39734272" percent="25" />
      <mem type="loa" free="2536448" total="2536448" percent="100" />
    </mem>
    <pending-finalizers system="0" default="0" reference="1" classloader="0" />
    <remembered-set count="1704" />
  </mem-info>
</gc-end>
<cycle-end id="798" type="global" contextid="789" timestamp="2020-09-11T10:42:57.445" />
<allocation-satisfied id="799" threadId="0000000000760C00" bytesRequested="88" />
<af-end id="800" timestamp="2020-09-11T10:42:57.445" threadId="0000000000761580" success="true" from="tenure-soa"/>
<exclusive-end id="801" timestamp="2020-09-11T10:42:57.445" durationms="12.606" />

<exclusive-start id="802" timestamp="2020-09-11T10:42:57.462" intervalms="29.124">
  <response-info timems="0.290" idlems="0.290" threads="0" lastid="000000000079DE00" lastname="ForkJoinPool-3-worker-9" />
</exclusive-start>
<af-start id="803" threadId="000000000079E780" totalBytesRequested="72" timestamp="2020-09-11T10:42:57.462" intervalms="29.196" type="nursery" />
<cycle-start id="804" type="scavenge" contextid="0" timestamp="2020-09-11T10:42:57.462" intervalms="47.290" />
<gc-start id="805" type="scavenge" contextid="804" timestamp="2020-09-11T10:42:57.462">
  <mem-info id="806" free="12718200" total="72155136" percent="17">
    <mem type="nursery" free="0" total="29884416" percent="0">
      <mem type="allocate" free="0" total="14942208" percent="0" />
      <mem type="survivor" free="0" total="14942208" percent="0" />
    </mem>
    <mem type="tenure" free="12718200" total="42270720" percent="30">
      <mem type="soa" free="10181752" total="39734272" percent="25" />
      <mem type="loa" free="2536448" total="2536448" percent="100" />
    </mem>
    <remembered-set count="2529" />
  </mem-info>
</gc-start>
<allocation-stats totalBytes="9922192" >
  <allocated-bytes non-tlh="67960" tlh="9854232" />
  <largest-consumer threadName="ForkJoinPool-3-worker-3" threadId="000000000078EE00" bytes="3893432" />
</allocation-stats>
<gc-op id="807" type="scavenge" timems="10.184" contextid="804" timestamp="2020-09-11T10:42:57.473">
  <scavenger-info tenureage="4" tenuremask="fff0" tiltratio="50" />
  <memory-copied type="nursery" objects="291671" bytes="9248384" bytesdiscarded="210008" />
  <ownableSynchronizers candidates="144" cleared="144" />
  <references type="soft" candidates="98" cleared="0" enqueued="0" dynamicThreshold="9" maxThreshold="32" />
  <references type="weak" candidates="28" cleared="1" enqueued="1" />
</gc-op>
<heap-resize id="808" type="expand" space="nursery" amount="3276800" count="1" timems="0.076" reason="excessive time being spent scavenging" timestamp="2020-09-11T10:42:57.473" />
<gc-end id="809" type="scavenge" contextid="804" durationms="10.676" usertimems="69.657" systemtimems="6.115" timestamp="2020-09-11T10:42:57.473" activeThreads="8">
  <mem-info id="810" free="19839288" total="75431936" percent="26">
    <mem type="nursery" free="7121088" total="33161216" percent="21">
      <mem type="allocate" free="7121088" total="16580608" percent="42" />
      <mem type="survivor" free="0" total="16580608" percent="0" />
    </mem>
    <mem type="tenure" free="12718200" total="42270720" percent="30">
      <mem type="soa" free="10181752" total="39734272" percent="25" />
      <mem type="loa" free="2536448" total="2536448" percent="100" />
    </mem>
    <pending-finalizers system="0" default="0" reference="1" classloader="0" />
    <remembered-set count="1995" />
  </mem-info>
</gc-end>
<cycle-end id="811" type="scavenge" contextid="804" timestamp="2020-09-11T10:42:57.474" />
<allocation-satisfied id="812" threadId="000000000079DE00" bytesRequested="72" />
<af-end id="813" timestamp="2020-09-11T10:42:57.474" threadId="000000000079E780" success="true" from="nursery"/>
<exclusive-end id="814" timestamp="2020-09-11T10:42:57.474" durationms="11.742" />

<exclusive-start id="815" timestamp="2020-09-11T10:42:57.486" intervalms="24.546">
  <response-info timems="0.462" idlems="0.462" threads="0" lastid="0000000000796600" lastname="ForkJoinPool-3-worker-7" />
</exclusive-start>
<af-start id="816" threadId="0000000000796F80" totalBytesRequested="64" timestamp="2020-09-11T10:42:57.487" intervalms="24.506" type="nursery" />
<cycle-start id="817" type="scavenge" contextid="0" timestamp="2020-09-11T10:42:57.487" intervalms="24.506" />
<gc-start id="818" type="scavenge" contextid="817" timestamp="2020-09-11T10:42:57.487">
  <mem-info id="819" free="12716072" total="75431936" percent="16">
    <mem type="nursery" free="0" total="33161216" percent="0">
      <mem type="allocate" free="0" total="16580608" percent="0" />
      <mem type="survivor" free="0" total="16580608" percent="0" />
    </mem>
    <mem type="tenure" free="12716072" total="42270720" percent="30">
      <mem type="soa" free="10179624" total="39734272" percent="25" />
      <mem type="loa" free="2536448" total="2536448" percent="100" />
    </mem>
    <remembered-set count="2475" />
  </mem-info>
</gc-start>
<allocation-stats totalBytes="7121784" >
  <allocated-bytes non-tlh="34976" tlh="7086808" />
  <largest-consumer threadName="ForkJoinPool-3-worker-9" threadId="000000000079DE00" bytes="2543400" />
</allocation-stats>
<gc-op id="820" type="scavenge" timems="10.968" contextid="817" timestamp="2020-09-11T10:42:57.498">
  <scavenger-info tenureage="3" tenuremask="fff8" tiltratio="50" />
  <memory-copied type="nursery" objects="335694" bytes="10589416" bytesdiscarded="180320" />
  <memory-copied type="tenure" objects="58757" bytes="1849232" bytesdiscarded="88" />
  <references type="soft" candidates="102" cleared="0" enqueued="0" dynamicThreshold="9" maxThreshold="32" />
  <references type="weak" candidates="32" cleared="1" enqueued="1" />
  <references type="phantom" candidates="2" cleared="0" enqueued="0" />
</gc-op>
<heap-resize id="821" type="expand" space="nursery" amount="7208960" count="1" timems="0.048" reason="excessive time being spent scavenging" timestamp="2020-09-11T10:42:57.498" />
<gc-end id="822" type="scavenge" contextid="817" durationms="11.487" usertimems="77.026" systemtimems="0.000" timestamp="2020-09-11T10:42:57.498" activeThreads="8">
  <mem-info id="823" free="19823056" total="82640896" percent="23">
    <mem type="nursery" free="9414928" total="40370176" percent="23">
      <mem type="allocate" free="9414928" total="20185088" percent="46" />
      <mem type="survivor" free="0" total="20185088" percent="0" />
    </mem>
    <mem type="tenure" free="10408128" total="42270720" percent="24">
      <mem type="soa" free="7871680" total="39734272" percent="19" />
      <mem type="loa" free="2536448" total="2536448" percent="100" />
    </mem>
    <pending-finalizers system="0" default="0" reference="1" classloader="0" />
    <remembered-set count="2746" />
  </mem-info>
</gc-end>
<cycle-end id="824" type="scavenge" contextid="817" timestamp="2020-09-11T10:42:57.499" />
<allocation-satisfied id="825" threadId="0000000000796600" bytesRequested="64" />
<af-end id="826" timestamp="2020-09-11T10:42:57.499" threadId="0000000000796F80" success="true" from="nursery"/>
<exclusive-end id="827" timestamp="2020-09-11T10:42:57.499" durationms="12.767" />

<exclusive-start id="828" timestamp="2020-09-11T10:42:57.512" intervalms="26.086">
  <response-info timems="0.227" idlems="0.227" threads="0" lastid="000000000078EE00" lastname="ForkJoinPool-3-worker-3" />
</exclusive-start>
<af-start id="829" threadId="000000000078F780" totalBytesRequested="84328" timestamp="2020-09-11T10:42:57.513" intervalms="26.085" type="nursery" />
<cycle-start id="830" type="scavenge" contextid="0" timestamp="2020-09-11T10:42:57.513" intervalms="26.085" />
<gc-start id="831" type="scavenge" contextid="830" timestamp="2020-09-11T10:42:57.513">
  <mem-info id="832" free="10406904" total="82640896" percent="12">
    <mem type="nursery" free="0" total="40370176" percent="0">
      <mem type="allocate" free="0" total="20185088" percent="0" />
      <mem type="survivor" free="0" total="20185088" percent="0" />
    </mem>
    <mem type="tenure" free="10406904" total="42270720" percent="24">
      <mem type="soa" free="7870456" total="39734272" percent="19" />
      <mem type="loa" free="2536448" total="2536448" percent="100" />
    </mem>
    <remembered-set count="3446" />
  </mem-info>
</gc-start>
<allocation-stats totalBytes="9415240" >
  <allocated-bytes non-tlh="394544" tlh="9020696" />
  <largest-consumer threadName="ForkJoinPool-3-worker-3" threadId="000000000078EE00" bytes="2850584" />
</allocation-stats>
<gc-op id="833" type="scavenge" timems="13.802" contextid="830" timestamp="2020-09-11T10:42:57.527">
  <scavenger-info tenureage="5" tenuremask="ffe0" tiltratio="50" />
  <memory-copied type="nursery" objects="488011" bytes="15508376" bytesdiscarded="186800" />
  <ownableSynchronizers candidates="16" cleared="0" />
  <references type="soft" candidates="126" cleared="0" enqueued="0" dynamicThreshold="9" maxThreshold="32" />
  <references type="weak" candidates="37" cleared="1" enqueued="1" />
  <references type="phantom" candidates="2" cleared="0" enqueued="0" />
</gc-op>
<heap-resize id="834" type="expand" space="nursery" amount="8912896" count="1" timems="0.046" reason="excessive time being spent scavenging" timestamp="2020-09-11T10:42:57.527" />
<gc-end id="835" type="scavenge" contextid="830" durationms="14.218" usertimems="85.472" systemtimems="0.000" timestamp="2020-09-11T10:42:57.527" activeThreads="8">
  <mem-info id="836" free="19352120" total="91553792" percent="21">
    <mem type="nursery" free="8945216" total="49283072" percent="18">
      <mem type="allocate" free="8945216" total="24641536" percent="36" />
      <mem type="survivor" free="0" total="24641536" percent="0" />
    </mem>
    <mem type="tenure" free="10406904" total="42270720" percent="24">
      <mem type="soa" free="7870456" total="39734272" percent="19" />
      <mem type="loa" free="2536448" total="2536448" percent="100" />
    </mem>
    <pending-finalizers system="0" default="0" reference="1" classloader="0" />
    <remembered-set count="2347" />
  </mem-info>
</gc-end>
<cycle-end id="837" type="scavenge" contextid="830" timestamp="2020-09-11T10:42:57.528" />
<allocation-satisfied id="838" threadId="000000000078EE00" bytesRequested="84328" />
<af-end id="839" timestamp="2020-09-11T10:42:57.528" threadId="000000000078F780" success="true" from="nursery"/>
<exclusive-end id="840" timestamp="2020-09-11T10:42:57.528" durationms="15.213" />

<exclusive-start id="841" timestamp="2020-09-11T10:42:57.534" intervalms="21.744">
  <response-info timems="0.149" idlems="0.149" threads="0" lastid="000000000078EE00" lastname="ForkJoinPool-3-worker-3" />
</exclusive-start>
<af-start id="842" threadId="000000000078F780" totalBytesRequested="24" timestamp="2020-09-11T10:42:57.534" intervalms="21.683" type="nursery" />
<cycle-start id="843" type="scavenge" contextid="0" timestamp="2020-09-11T10:42:57.535" intervalms="21.682" />
<gc-start id="844" type="scavenge" contextid="843" timestamp="2020-09-11T10:42:57.535">
  <mem-info id="845" free="10405824" total="91553792" percent="11">
    <mem type="nursery" free="0" total="49283072" percent="0">
      <mem type="allocate" free="0" total="24641536" percent="0" />
      <mem type="survivor" free="0" total="24641536" percent="0" />
    </mem>
    <mem type="tenure" free="10405824" total="42270720" percent="24">
      <mem type="soa" free="7869376" total="39734272" percent="19" />
      <mem type="loa" free="2536448" total="2536448" percent="100" />
    </mem>
    <remembered-set count="2517" />
  </mem-info>
</gc-start>
<allocation-stats totalBytes="8945208" >
  <allocated-bytes non-tlh="85408" tlh="8859800" />
  <largest-consumer threadName="MapReducer.1" threadId="000000000075EA00" bytes="5472256" />
</allocation-stats>
<gc-op id="846" type="scavenge" timems="15.513" contextid="843" timestamp="2020-09-11T10:42:57.550">
  <scavenger-info tenureage="4" tenuremask="fff0" tiltratio="50" />
  <memory-copied type="nursery" objects="656754" bytes="20903672" bytesdiscarded="135560" />
  <memory-copied type="tenure" objects="38060" bytes="1152760" bytesdiscarded="136" />
  <ownableSynchronizers candidates="16" cleared="0" />
  <references type="soft" candidates="150" cleared="0" enqueued="0" dynamicThreshold="9" maxThreshold="32" />
  <references type="weak" candidates="40" cleared="0" enqueued="0" />
  <references type="phantom" candidates="2" cleared="0" enqueued="0" />
</gc-op>
<heap-resize id="847" type="expand" space="nursery" amount="16384000" count="1" timems="0.045" reason="excessive time being spent scavenging" timestamp="2020-09-11T10:42:57.550" />
<gc-end id="848" type="scavenge" contextid="843" durationms="15.916" usertimems="103.980" systemtimems="3.462" timestamp="2020-09-11T10:42:57.551" activeThreads="8">
  <mem-info id="849" free="21017752" total="107937792" percent="19">
    <mem type="nursery" free="11793880" total="65667072" percent="17">
      <mem type="allocate" free="11793880" total="32833536" percent="35" />
      <mem type="survivor" free="0" total="32833536" percent="0" />
    </mem>
    <mem type="tenure" free="9223872" total="42270720" percent="21">
      <mem type="soa" free="6687424" total="39734272" percent="16" />
      <mem type="loa" free="2536448" total="2536448" percent="100" />
    </mem>
    <remembered-set count="3342" />
  </mem-info>
</gc-end>
<cycle-end id="850" type="scavenge" contextid="843" timestamp="2020-09-11T10:42:57.551" />
<allocation-satisfied id="851" threadId="000000000078EE00" bytesRequested="24" />
<af-end id="852" timestamp="2020-09-11T10:42:57.551" threadId="000000000078F780" success="true" from="nursery"/>
<exclusive-end id="853" timestamp="2020-09-11T10:42:57.551" durationms="17.019" />

<exclusive-start id="854" timestamp="2020-09-11T10:42:57.555" intervalms="21.073">
  <response-info timems="0.154" idlems="0.131" threads="1" lastid="0000000000760C00" lastname="RunDataWriter.1" />
</exclusive-start>
<af-start id="855" threadId="000000000075F380" totalBytesRequested="32" timestamp="2020-09-11T10:42:57.556" intervalms="21.077" type="nursery" />
<cycle-start id="856" type="scavenge" contextid="0" timestamp="2020-09-11T10:42:57.556" intervalms="21.080" />
<gc-start id="857" type="scavenge" contextid="856" timestamp="2020-09-11T10:42:57.556">
  <mem-info id="858" free="9223232" total="107937792" percent="8">
    <mem type="nursery" free="0" total="65667072" percent="0">
      <mem type="allocate" free="0" total="32833536" percent="0" />
      <mem type="survivor" free="0" total="32833536" percent="0" />
    </mem>
    <mem type="tenure" free="9223232" total="42270720" percent="21">
      <mem type="soa" free="6686784" total="39734272" percent="16" />
      <mem type="loa" free="2536448" total="2536448" percent="100" />
    </mem>
    <remembered-set count="3541" />
  </mem-info>
</gc-start>
<allocation-stats totalBytes="11792944" >
  <allocated-bytes non-tlh="664" tlh="11792280" />
  <largest-consumer threadName="MapReducer.1" threadId="000000000075EA00" bytes="9629664" />
</allocation-stats>
<gc-op id="859" type="scavenge" timems="22.671" contextid="856" timestamp="2020-09-11T10:42:57.578">
  <scavenger-info tenureage="2" tenuremask="ffd4" tiltratio="50" />
  <memory-copied type="nursery" objects="638514" bytes="20199080" bytesdiscarded="146416" />
  <memory-copied type="tenure" objects="347139" bytes="11172112" bytesdiscarded="1672" />
  <ownableSynchronizers candidates="16" cleared="0" />
  <references type="soft" candidates="65" cleared="0" enqueued="0" dynamicThreshold="9" maxThreshold="32" />
  <references type="weak" candidates="23" cleared="1" enqueued="1" />
  <references type="phantom" candidates="2" cleared="0" enqueued="0" />
  <heap-resize type="expand" space="tenure" amount="4915200" count="25" timems="2.002" reason="continue current collection" />
</gc-op>
<heap-resize id="860" type="expand" space="nursery" amount="26214400" count="1" timems="0.020" reason="excessive time being spent scavenging" timestamp="2020-09-11T10:42:57.579" />
<gc-end id="861" type="scavenge" contextid="856" durationms="23.018" usertimems="154.985" systemtimems="0.000" timestamp="2020-09-11T10:42:57.579" activeThreads="8">
  <mem-info id="862" free="37660824" total="139067392" percent="27">
    <mem type="nursery" free="34770072" total="91881472" percent="37">
      <mem type="allocate" free="34770072" total="55115776" percent="63" />
      <mem type="survivor" free="0" total="36765696" percent="0" />
    </mem>
    <mem type="tenure" free="2890752" total="47185920" percent="6">
      <mem type="soa" free="59392" total="44354560" percent="0" />
      <mem type="loa" free="2831360" total="2831360" percent="100" />
    </mem>
    <pending-finalizers system="0" default="0" reference="1" classloader="0" />
    <remembered-set count="4619" />
  </mem-info>
</gc-end>
<cycle-end id="863" type="scavenge" contextid="856" timestamp="2020-09-11T10:42:57.579" />
<allocation-satisfied id="864" threadId="000000000075EA00" bytesRequested="32" />
<af-end id="865" timestamp="2020-09-11T10:42:57.579" threadId="000000000075F380" success="true" from="nursery"/>
<exclusive-end id="866" timestamp="2020-09-11T10:42:57.579" durationms="23.865" />

<exclusive-start id="867" timestamp="2020-09-11T10:42:57.592" intervalms="36.239">
  <response-info timems="0.113" idlems="0.113" threads="0" lastid="000000000075EA00" lastname="MapReducer.1" />
</exclusive-start>
<af-start id="868" threadId="000000000075F380" totalBytesRequested="32" timestamp="2020-09-11T10:42:57.592" intervalms="36.208" type="nursery" />
<cycle-start id="869" type="scavenge" contextid="0" timestamp="2020-09-11T10:42:57.592" intervalms="36.197" />
<gc-start id="870" type="scavenge" contextid="869" timestamp="2020-09-11T10:42:57.592">
  <mem-info id="871" free="2890752" total="139067392" percent="2">
    <mem type="nursery" free="0" total="91881472" percent="0">
      <mem type="allocate" free="0" total="55115776" percent="0" />
      <mem type="survivor" free="0" total="36765696" percent="0" />
    </mem>
    <mem type="tenure" free="2890752" total="47185920" percent="6">
      <mem type="soa" free="59392" total="44354560" percent="0" />
      <mem type="loa" free="2831360" total="2831360" percent="100" />
    </mem>
    <remembered-set count="6994" />
  </mem-info>
</gc-start>
<allocation-stats totalBytes="34769024" >
  <allocated-bytes non-tlh="2677920" tlh="32091104" />
  <largest-consumer threadName="MapReducer.1" threadId="000000000075EA00" bytes="27872392" />
</allocation-stats>
<gc-op id="872" type="scavenge" timems="28.823" contextid="869" timestamp="2020-09-11T10:42:57.621">
  <scavenger-info tenureage="2" tenuremask="ffd4" tiltratio="59" />
  <memory-copied type="nursery" objects="1070575" bytes="36764992" bytesdiscarded="656" />
  <memory-copied type="tenure" objects="451124" bytes="14257944" bytesdiscarded="712" />
  <copy-failed type="nursery" objects="141526" bytes="4528832" />
  <ownableSynchronizers candidates="4" cleared="0" />
  <references type="soft" candidates="10" cleared="0" enqueued="0" dynamicThreshold="9" maxThreshold="32" />
  <references type="weak" candidates="2" cleared="0" enqueued="0" />
  <heap-resize type="expand" space="tenure" amount="14942208" count="57" timems="3.428" reason="continue current collection" />
</gc-op>
<heap-resize id="873" type="expand" space="nursery" amount="31064064" count="1" timems="0.024" reason="excessive time being spent scavenging" timestamp="2020-09-11T10:42:57.621" />
<gc-end id="874" type="scavenge" contextid="869" durationms="29.537" usertimems="224.873" systemtimems="8.889" timestamp="2020-09-11T10:42:57.621" activeThreads="8">
  <mem-info id="875" free="28657408" total="185073664" percent="15">
    <mem type="nursery" free="24707072" total="122945536" percent="20">
      <mem type="allocate" free="24707072" total="61472768" percent="40" />
      <mem type="survivor" free="0" total="61472768" percent="0" />
    </mem>
    <mem type="tenure" free="3950336" total="62128128" percent="6">
      <mem type="soa" free="221952" total="58399744" percent="0" />
      <mem type="loa" free="3728384" total="3728384" percent="100" />
    </mem>
    <remembered-set count="5640" />
  </mem-info>
</gc-end>
<cycle-end id="876" type="scavenge" contextid="869" timestamp="2020-09-11T10:42:57.622" />
<allocation-satisfied id="877" threadId="000000000075EA00" bytesRequested="32" />
<af-end id="878" timestamp="2020-09-11T10:42:57.622" threadId="000000000075F380" success="true" from="nursery"/>
<exclusive-end id="879" timestamp="2020-09-11T10:42:57.622" durationms="30.489" />

<exclusive-start id="880" timestamp="2020-09-11T10:42:57.646" intervalms="54.765">
  <response-info timems="0.120" idlems="0.120" threads="0" lastid="000000000078EE00" lastname="ForkJoinPool-3-worker-3" />
</exclusive-start>
<af-start id="881" threadId="000000000078F780" totalBytesRequested="24" timestamp="2020-09-11T10:42:57.647" intervalms="54.779" type="nursery" />
<cycle-start id="882" type="scavenge" contextid="0" timestamp="2020-09-11T10:42:57.647" intervalms="54.785" />
<gc-start id="883" type="scavenge" contextid="882" timestamp="2020-09-11T10:42:57.647">
  <mem-info id="884" free="3950336" total="185073664" percent="2">
    <mem type="nursery" free="0" total="122945536" percent="0">
      <mem type="allocate" free="0" total="61472768" percent="0" />
      <mem type="survivor" free="0" total="61472768" percent="0" />
    </mem>
    <mem type="tenure" free="3950336" total="62128128" percent="6">
      <mem type="soa" free="221952" total="58399744" percent="0" />
      <mem type="loa" free="3728384" total="3728384" percent="100" />
    </mem>
    <remembered-set count="17204" />
  </mem-info>
</gc-start>
<allocation-stats totalBytes="24705040" >
  <allocated-bytes non-tlh="1819504" tlh="22885536" />
  <largest-consumer threadName="ForkJoinPool-3-worker-3" threadId="000000000078EE00" bytes="7649488" />
</allocation-stats>
<gc-op id="885" type="scavenge" timems="38.572" contextid="882" timestamp="2020-09-11T10:42:57.685">
  <scavenger-info tenureage="2" tenuremask="ffd4" tiltratio="50" />
  <memory-copied type="nursery" objects="1181487" bytes="41651760" bytesdiscarded="106240" />
  <memory-copied type="tenure" objects="299413" bytes="9525896" bytesdiscarded="192" />
  <ownableSynchronizers candidates="7" cleared="0" />
  <heap-resize type="expand" space="tenure" amount="10223616" count="26" timems="2.661" reason="continue current collection" />
</gc-op>
<heap-resize id="886" type="expand" space="nursery" amount="36438016" count="1" timems="0.242" reason="excessive time being spent scavenging" timestamp="2020-09-11T10:42:57.686" />
<gc-end id="887" type="scavenge" contextid="882" durationms="39.461" usertimems="267.464" systemtimems="14.131" timestamp="2020-09-11T10:42:57.686" activeThreads="8">
  <mem-info id="888" free="55125704" total="231735296" percent="23">
    <mem type="nursery" free="50647752" total="159383552" percent="31">
      <mem type="allocate" free="50647752" total="92405760" percent="54" />
      <mem type="survivor" free="0" total="66977792" percent="0" />
    </mem>
    <mem type="tenure" free="4477952" total="72351744" percent="6">
      <mem type="soa" free="136192" total="68009984" percent="0" />
      <mem type="loa" free="4341760" total="4341760" percent="100" />
    </mem>
    <remembered-set count="8119" />
  </mem-info>
</gc-end>
<cycle-end id="889" type="scavenge" contextid="882" timestamp="2020-09-11T10:42:57.687" />
<allocation-satisfied id="890" threadId="000000000078EE00" bytesRequested="24" />
<af-end id="891" timestamp="2020-09-11T10:42:57.687" threadId="000000000078F780" success="true" from="nursery"/>
<exclusive-end id="892" timestamp="2020-09-11T10:42:57.687" durationms="40.435" />

<exclusive-start id="893" timestamp="2020-09-11T10:42:57.771" intervalms="124.522">
  <response-info timems="0.146" idlems="0.146" threads="0" lastid="000000000079DE00" lastname="ForkJoinPool-3-worker-9" />
</exclusive-start>
<af-start id="894" threadId="000000000079E780" totalBytesRequested="64" timestamp="2020-09-11T10:42:57.771" intervalms="124.566" type="nursery" />
<cycle-start id="895" type="scavenge" contextid="0" timestamp="2020-09-11T10:42:57.771" intervalms="124.567" />
<gc-start id="896" type="scavenge" contextid="895" timestamp="2020-09-11T10:42:57.771">
  <mem-info id="897" free="4477952" total="231735296" percent="1">
    <mem type="nursery" free="0" total="159383552" percent="0">
      <mem type="allocate" free="0" total="92405760" percent="0" />
      <mem type="survivor" free="0" total="66977792" percent="0" />
    </mem>
    <mem type="tenure" free="4477952" total="72351744" percent="6">
      <mem type="soa" free="136192" total="68009984" percent="0" />
      <mem type="loa" free="4341760" total="4341760" percent="100" />
    </mem>
    <remembered-set count="21405" />
  </mem-info>
</gc-start>
<allocation-stats totalBytes="50642320" >
  <allocated-bytes non-tlh="1860200" tlh="48782120" />
  <largest-consumer threadName="ForkJoinPool-3-worker-3" threadId="000000000078EE00" bytes="22165312" />
</allocation-stats>
<gc-op id="898" type="scavenge" timems="50.803" contextid="895" timestamp="2020-09-11T10:42:57.822">
  <scavenger-info tenureage="2" tenuremask="fff4" tiltratio="57" />
  <memory-copied type="nursery" objects="1049292" bytes="34258336" bytesdiscarded="188216" />
  <memory-copied type="tenure" objects="771158" bytes="27182736" bytesdiscarded="704" />
  <ownableSynchronizers candidates="7" cleared="0" />
  <heap-resize type="expand" space="tenure" amount="28901376" count="63" timems="6.564" reason="continue current collection" />
</gc-op>
<heap-resize id="899" type="expand" space="nursery" amount="28835840" count="1" timems="0.038" reason="excessive time being spent scavenging" timestamp="2020-09-11T10:42:57.823" />
<gc-end id="900" type="scavenge" contextid="895" durationms="51.500" usertimems="354.088" systemtimems="5.050" timestamp="2020-09-11T10:42:57.823" activeThreads="8">
  <mem-info id="901" free="99555104" total="289472512" percent="34">
    <mem type="nursery" free="93479712" total="188219392" percent="49">
      <mem type="allocate" free="93479712" total="127926272" percent="73" />
      <mem type="survivor" free="0" total="60293120" percent="0" />
    </mem>
    <mem type="tenure" free="6075392" total="101253120" percent="6">
      <mem type="soa" free="0" total="95177728" percent="0" />
      <mem type="loa" free="6075392" total="6075392" percent="100" />
    </mem>
    <remembered-set count="15687" />
  </mem-info>
</gc-end>
<cycle-end id="902" type="scavenge" contextid="895" timestamp="2020-09-11T10:42:57.825" />
<allocation-satisfied id="903" threadId="000000000079DE00" bytesRequested="64" />
<af-end id="904" timestamp="2020-09-11T10:42:57.825" threadId="000000000079E780" success="true" from="nursery"/>
<exclusive-end id="905" timestamp="2020-09-11T10:42:57.825" durationms="53.978" />

<exclusive-start id="906" timestamp="2020-09-11T10:42:57.963" intervalms="191.833">
  <response-info timems="0.210" idlems="0.210" threads="0" lastid="000000000079DE00" lastname="ForkJoinPool-3-worker-9" />
</exclusive-start>
<af-start id="907" threadId="000000000079E780" totalBytesRequested="16" timestamp="2020-09-11T10:42:57.963" intervalms="191.891" type="nursery" />
<percolate-collect id="908" from="nursery" to="global" reason="met projected tenure max free" timestamp="2020-09-11T10:42:57.963"/>
<cycle-start id="909" type="global" contextid="0" timestamp="2020-09-11T10:42:57.963" intervalms="530.030" />
<gc-start id="910" type="global" contextid="909" timestamp="2020-09-11T10:42:57.963">
  <mem-info id="911" free="6075392" total="289472512" percent="2">
    <mem type="nursery" free="0" total="188219392" percent="0">
      <mem type="allocate" free="0" total="127926272" percent="0" />
      <mem type="survivor" free="0" total="60293120" percent="0" />
    </mem>
    <mem type="tenure" free="6075392" total="101253120" percent="6">
      <mem type="soa" free="0" total="95177728" percent="0" />
      <mem type="loa" free="6075392" total="6075392" percent="100" />
    </mem>
    <remembered-set count="30716" />
  </mem-info>
</gc-start>
<allocation-stats totalBytes="93469544" >
  <allocated-bytes non-tlh="4455744" tlh="89013800" />
  <largest-consumer threadName="ForkJoinPool-3-worker-3" threadId="000000000078EE00" bytes="34142920" />
</allocation-stats>
<gc-op id="912" type="mark" timems="75.656" contextid="909" timestamp="2020-09-11T10:42:58.039">
  <trace-info objectcount="4470960" scancount="3635205" scanbytes="108073180" />
  <finalization candidates="88" enqueued="0" />
  <ownableSynchronizers candidates="95" cleared="0" />
  <references type="soft" candidates="4570" cleared="0" enqueued="0" dynamicThreshold="9" maxThreshold="32" />
  <references type="weak" candidates="2951" cleared="0" enqueued="0" />
  <references type="phantom" candidates="102" cleared="0" enqueued="0" />
  <stringconstants candidates="9189" cleared="2"  />
</gc-op>
<gc-op id="913" type="classunload" timems="0.012" contextid="909" timestamp="2020-09-11T10:42:58.039">
  <classunload-info classloadercandidates="94" classloadersunloaded="0" classesunloaded="0" anonymousclassesunloaded="0" quiescems="0.000" setupms="0.010" scanms="0.001" postms="0.001" />
</gc-op>
<gc-op id="914" type="sweep" timems="2.938" contextid="909" timestamp="2020-09-11T10:42:58.042" />
<heap-resize id="915" type="expand" space="tenure" amount="35061760" count="1" timems="0.386" reason="insufficient free space following gc" timestamp="2020-09-11T10:42:58.043" />
<gc-end id="916" type="global" contextid="909" durationms="79.500" usertimems="493.469" systemtimems="20.432" timestamp="2020-09-11T10:42:58.043" activeThreads="8">
  <mem-info id="917" free="46952552" total="324534272" percent="14">
    <mem type="nursery" free="4670400" total="188219392" percent="2">
      <mem type="allocate" free="4670400" total="127926272" percent="3" />
      <mem type="survivor" free="0" total="60293120" percent="0" />
    </mem>
    <mem type="tenure" free="42282152" total="136314880" percent="31" micro-fragmented="426093" macro-fragmented="0">
      <mem type="soa" free="34102440" total="128135168" percent="26" />
      <mem type="loa" free="8179712" total="8179712" percent="100" />
    </mem>
    <remembered-set count="21435" />
  </mem-info>
</gc-end>
<cycle-end id="918" type="global" contextid="909" timestamp="2020-09-11T10:42:58.043" />
<allocation-satisfied id="919" threadId="000000000079DE00" bytesRequested="16" />
<af-end id="920" timestamp="2020-09-11T10:42:58.043" threadId="000000000079E780" success="true" from="nursery"/>
<exclusive-end id="921" timestamp="2020-09-11T10:42:58.043" durationms="80.655" />

<exclusive-start id="922" timestamp="2020-09-11T10:42:58.053" intervalms="89.902">
  <response-info timems="0.452" idlems="0.452" threads="0" lastid="0000000000796600" lastname="ForkJoinPool-3-worker-7" />
</exclusive-start>
<af-start id="923" threadId="0000000000796F80" totalBytesRequested="524296" timestamp="2020-09-11T10:42:58.053" intervalms="89.691" type="nursery" />
<cycle-start id="924" type="scavenge" contextid="0" timestamp="2020-09-11T10:42:58.053" intervalms="281.567" />
<gc-start id="925" type="scavenge" contextid="924" timestamp="2020-09-11T10:42:58.053">
  <mem-info id="926" free="43091232" total="324534272" percent="13">
    <mem type="nursery" free="809080" total="188219392" percent="0">
      <mem type="allocate" free="809080" total="127926272" percent="0" />
      <mem type="survivor" free="0" total="60293120" percent="0" />
    </mem>
    <mem type="tenure" free="42282152" total="136314880" percent="31">
      <mem type="soa" free="34102440" total="128135168" percent="26" />
      <mem type="loa" free="8179712" total="8179712" percent="100" />
    </mem>
    <remembered-set count="21718" />
  </mem-info>
</gc-start>
<allocation-stats totalBytes="3860208" >
  <allocated-bytes non-tlh="16" tlh="3860192" />
  <largest-consumer threadName="ForkJoinPool-3-worker-7" threadId="0000000000796600" bytes="1759552" />
</allocation-stats>
<gc-op id="927" type="scavenge" timems="76.897" contextid="924" timestamp="2020-09-11T10:42:58.130">
  <scavenger-info tenureage="4" tenuremask="fff0" tiltratio="67" />
  <memory-copied type="nursery" objects="1934905" bytes="60286656" bytesdiscarded="6464" />
  <memory-copied type="tenure" objects="461516" bytes="15136448" bytesdiscarded="4368" />
  <copy-failed type="nursery" objects="461516" bytes="15136448" />
  <ownableSynchronizers candidates="187" cleared="184" />
</gc-op>
<heap-resize id="928" type="expand" space="nursery" amount="22544384" count="1" timems="0.132" reason="excessive time being spent scavenging" timestamp="2020-09-11T10:42:58.131" />
<gc-end id="929" type="scavenge" contextid="924" durationms="78.569" usertimems="560.777" systemtimems="20.343" timestamp="2020-09-11T10:42:58.131" activeThreads="8">
  <mem-info id="930" free="72089448" total="347078656" percent="20">
    <mem type="nursery" free="45088768" total="210763776" percent="21">
      <mem type="allocate" free="45088768" total="105381888" percent="42" />
      <mem type="survivor" free="0" total="105381888" percent="0" />
    </mem>
    <mem type="tenure" free="27000680" total="136314880" percent="19">
      <mem type="soa" free="18820968" total="128135168" percent="14" />
      <mem type="loa" free="8179712" total="8179712" percent="100" />
    </mem>
    <remembered-set count="14410" />
  </mem-info>
</gc-end>
<cycle-end id="931" type="scavenge" contextid="924" timestamp="2020-09-11T10:42:58.134" />
<allocation-satisfied id="932" threadId="0000000000796600" bytesRequested="524296" />
<af-end id="933" timestamp="2020-09-11T10:42:58.134" threadId="0000000000796F80" success="true" from="nursery"/>
<exclusive-end id="934" timestamp="2020-09-11T10:42:58.134" durationms="81.374" />

<exclusive-start id="935" timestamp="2020-09-11T10:42:58.211" intervalms="158.718">
  <response-info timems="0.209" idlems="0.209" threads="0" lastid="000000000079DE00" lastname="ForkJoinPool-3-worker-9" />
</exclusive-start>
<af-start id="936" threadId="000000000079E780" totalBytesRequested="64" timestamp="2020-09-11T10:42:58.212" intervalms="158.823" type="nursery" />
<cycle-start id="937" type="scavenge" contextid="0" timestamp="2020-09-11T10:42:58.212" intervalms="158.833" />
<gc-start id="938" type="scavenge" contextid="937" timestamp="2020-09-11T10:42:58.212">
  <mem-info id="939" free="27000680" total="347078656" percent="7">
    <mem type="nursery" free="0" total="210763776" percent="0">
      <mem type="allocate" free="0" total="105381888" percent="0" />
      <mem type="survivor" free="0" total="105381888" percent="0" />
    </mem>
    <mem type="tenure" free="27000680" total="136314880" percent="19">
      <mem type="soa" free="18820968" total="128135168" percent="14" />
      <mem type="loa" free="8179712" total="8179712" percent="100" />
    </mem>
    <remembered-set count="18104" />
  </mem-info>
</gc-start>
<allocation-stats totalBytes="45063696" >
  <allocated-bytes non-tlh="3048320" tlh="42015376" />
  <largest-consumer threadName="ForkJoinPool-3-worker-7" threadId="0000000000796600" bytes="21295344" />
</allocation-stats>
<gc-op id="940" type="scavenge" timems="61.509" contextid="937" timestamp="2020-09-11T10:42:58.273">
  <scavenger-info tenureage="4" tenuremask="fff0" tiltratio="50" />
  <memory-copied type="nursery" objects="2877968" bytes="89525664" bytesdiscarded="128000" />
  <ownableSynchronizers candidates="3" cleared="0" />
</gc-op>
<heap-resize id="941" type="expand" space="nursery" amount="44171264" count="1" timems="0.060" reason="excessive time being spent scavenging" timestamp="2020-09-11T10:42:58.273" />
<gc-end id="942" type="scavenge" contextid="937" durationms="61.923" usertimems="473.830" systemtimems="0.000" timestamp="2020-09-11T10:42:58.274" activeThreads="8">
  <mem-info id="943" free="64814536" total="391249920" percent="16">
    <mem type="nursery" free="37813856" total="254935040" percent="14">
      <mem type="allocate" free="37813856" total="127467520" percent="29" />
      <mem type="survivor" free="0" total="127467520" percent="0" />
    </mem>
    <mem type="tenure" free="27000680" total="136314880" percent="19">
      <mem type="soa" free="18820968" total="128135168" percent="14" />
      <mem type="loa" free="8179712" total="8179712" percent="100" />
    </mem>
    <remembered-set count="14560" />
  </mem-info>
</gc-end>
<cycle-end id="944" type="scavenge" contextid="937" timestamp="2020-09-11T10:42:58.274" />
<allocation-satisfied id="945" threadId="000000000079DE00" bytesRequested="64" />
<af-end id="946" timestamp="2020-09-11T10:42:58.274" threadId="000000000079E780" success="true" from="nursery"/>
<exclusive-end id="947" timestamp="2020-09-11T10:42:58.274" durationms="62.859" />

<exclusive-start id="948" timestamp="2020-09-11T10:42:58.335" intervalms="123.856">
  <response-info timems="0.200" idlems="0.200" threads="0" lastid="00000000007FFA00" lastname="ForkJoinPool-10-worker-15" />
</exclusive-start>
<af-start id="949" threadId="0000000000800380" totalBytesRequested="24" timestamp="2020-09-11T10:42:58.336" intervalms="123.980" type="nursery" />
<cycle-start id="950" type="scavenge" contextid="0" timestamp="2020-09-11T10:42:58.336" intervalms="123.987" />
<gc-start id="951" type="scavenge" contextid="950" timestamp="2020-09-11T10:42:58.336">
  <mem-info id="952" free="27000592" total="391249920" percent="6">
    <mem type="nursery" free="0" total="254935040" percent="0">
      <mem type="allocate" free="0" total="127467520" percent="0" />
      <mem type="survivor" free="0" total="127467520" percent="0" />
    </mem>
    <mem type="tenure" free="27000592" total="136314880" percent="19">
      <mem type="soa" free="18820880" total="128135168" percent="14" />
      <mem type="loa" free="8179712" total="8179712" percent="100" />
    </mem>
    <remembered-set count="16927" />
  </mem-info>
</gc-start>
<allocation-stats totalBytes="37593952" >
  <allocated-bytes non-tlh="921992" tlh="36671960" />
  <largest-consumer threadName="ForkJoinPool-3-worker-7" threadId="0000000000796600" bytes="15989272" />
</allocation-stats>
<gc-op id="953" type="scavenge" timems="78.353" contextid="950" timestamp="2020-09-11T10:42:58.414">
  <scavenger-info tenureage="3" tenuremask="7ff8" tiltratio="50" />
  <memory-copied type="nursery" objects="2763251" bytes="86091288" bytesdiscarded="169072" />
  <memory-copied type="tenure" objects="926213" bytes="28706536" bytesdiscarded="3176" />
  <ownableSynchronizers candidates="4" cleared="0" />
  <heap-resize type="expand" space="tenure" amount="11141120" count="17" timems="6.278" reason="continue current collection" />
</gc-op>
<heap-resize id="954" type="expand" space="nursery" amount="69468160" count="1" timems="0.053" reason="excessive time being spent scavenging" timestamp="2020-09-11T10:42:58.415" />
<gc-end id="955" type="scavenge" contextid="950" durationms="79.113" usertimems="586.276" systemtimems="2.009" timestamp="2020-09-11T10:42:58.415" activeThreads="8">
  <mem-info id="956" free="100858384" total="471859200" percent="21">
    <mem type="nursery" free="91604240" total="324403200" percent="28">
      <mem type="allocate" free="91604240" total="177864704" percent="51" />
      <mem type="survivor" free="0" total="146538496" percent="0" />
    </mem>
    <mem type="tenure" free="9254144" total="147456000" percent="6">
      <mem type="soa" free="406784" total="138608640" percent="0" />
      <mem type="loa" free="8847360" total="8847360" percent="100" />
    </mem>
    <remembered-set count="33521" />
  </mem-info>
</gc-end>
<cycle-end id="957" type="scavenge" contextid="950" timestamp="2020-09-11T10:42:58.415" />
<allocation-satisfied id="958" threadId="00000000007FFA00" bytesRequested="24" />
<af-end id="959" timestamp="2020-09-11T10:42:58.415" threadId="0000000000800380" success="true" from="nursery"/>
<exclusive-end id="960" timestamp="2020-09-11T10:42:58.415" durationms="80.103" />

<exclusive-start id="961" timestamp="2020-09-11T10:42:58.482" intervalms="147.227">
  <response-info timems="0.143" idlems="0.086" threads="4" lastid="00000000007ECA00" lastname="ForkJoinPool-10-worker-5" />
</exclusive-start>
<af-start id="962" threadId="0000000000807B80" totalBytesRequested="32" timestamp="2020-09-11T10:42:58.483" intervalms="147.144" type="nursery" />
<cycle-start id="963" type="scavenge" contextid="0" timestamp="2020-09-11T10:42:58.483" intervalms="147.154" />
<gc-start id="964" type="scavenge" contextid="963" timestamp="2020-09-11T10:42:58.483">
  <mem-info id="965" free="9254144" total="471859200" percent="1">
    <mem type="nursery" free="0" total="324403200" percent="0">
      <mem type="allocate" free="0" total="177864704" percent="0" />
      <mem type="survivor" free="0" total="146538496" percent="0" />
    </mem>
    <mem type="tenure" free="9254144" total="147456000" percent="6">
      <mem type="soa" free="406784" total="138608640" percent="0" />
      <mem type="loa" free="8847360" total="8847360" percent="100" />
    </mem>
    <remembered-set count="36808" />
  </mem-info>
</gc-start>
<allocation-stats totalBytes="91576832" >
  <allocated-bytes non-tlh="24" tlh="91576808" />
  <largest-consumer threadName="ForkJoinPool-10-worker-9" threadId="00000000007F8200" bytes="12403168" />
</allocation-stats>
<gc-op id="966" type="scavenge" timems="109.549" contextid="963" timestamp="2020-09-11T10:42:58.592">
  <scavenger-info tenureage="2" tenuremask="7ffc" tiltratio="54" />
  <memory-copied type="nursery" objects="3508214" bytes="101530032" bytesdiscarded="251824" />
  <memory-copied type="tenure" objects="1951706" bytes="60320752" bytesdiscarded="7256" />
  <ownableSynchronizers candidates="1" cleared="0" />
  <heap-resize type="expand" space="tenure" amount="64225280" count="70" timems="10.885" reason="continue current collection" />
</gc-op>
<heap-resize id="967" type="expand" space="nursery" amount="97648640" count="1" timems="0.029" reason="excessive time being spent scavenging" timestamp="2020-09-11T10:42:58.593" />
<gc-end id="968" type="scavenge" contextid="963" durationms="109.999" usertimems="830.795" systemtimems="15.153" timestamp="2020-09-11T10:42:58.593" activeThreads="8">
  <mem-info id="969" free="167616848" total="633733120" percent="26">
    <mem type="nursery" free="154267216" total="422051840" percent="36">
      <mem type="allocate" free="154267216" total="256049152" percent="60" />
      <mem type="survivor" free="0" total="166002688" percent="0" />
    </mem>
    <mem type="tenure" free="13349632" total="211681280" percent="6">
      <mem type="soa" free="647936" total="198979584" percent="0" />
      <mem type="loa" free="12701696" total="12701696" percent="100" />
    </mem>
    <remembered-set count="31354" />
  </mem-info>
</gc-end>
<cycle-end id="970" type="scavenge" contextid="963" timestamp="2020-09-11T10:42:58.593" />
<allocation-satisfied id="971" threadId="0000000000807200" bytesRequested="32" />
<af-end id="972" timestamp="2020-09-11T10:42:58.593" threadId="0000000000807B80" success="true" from="nursery"/>
<exclusive-end id="973" timestamp="2020-09-11T10:42:58.593" durationms="111.133" />

<exclusive-start id="974" timestamp="2020-09-11T10:42:58.635" intervalms="152.426">
  <response-info timems="1.401" idlems="1.401" threads="0" lastid="00000000007E5300" lastname="ForkJoinPool-10-worker-3" />
</exclusive-start>
<af-start id="975" threadId="00000000007E5C80" totalBytesRequested="16" timestamp="2020-09-11T10:42:58.635" intervalms="152.477" type="nursery" />
<cycle-start id="976" type="scavenge" contextid="0" timestamp="2020-09-11T10:42:58.635" intervalms="152.470" />
<gc-start id="977" type="scavenge" contextid="976" timestamp="2020-09-11T10:42:58.635">
  <mem-info id="978" free="13349592" total="633733120" percent="2">
    <mem type="nursery" free="0" total="422051840" percent="0">
      <mem type="allocate" free="0" total="256049152" percent="0" />
      <mem type="survivor" free="0" total="166002688" percent="0" />
    </mem>
    <mem type="tenure" free="13349592" total="211681280" percent="6">
      <mem type="soa" free="647896" total="198979584" percent="0" />
      <mem type="loa" free="12701696" total="12701696" percent="100" />
    </mem>
    <remembered-set count="35181" />
  </mem-info>
</gc-start>
<allocation-stats totalBytes="154221912" >
  <allocated-bytes non-tlh="72" tlh="154221840" />
  <largest-consumer threadName="ForkJoinPool-10-worker-3" threadId="00000000007E5300" bytes="35538896" />
</allocation-stats>
<gc-op id="979" type="scavenge" timems="153.682" contextid="976" timestamp="2020-09-11T10:42:58.789">
  <scavenger-info tenureage="1" tenuremask="fffe" tiltratio="60" />
  <memory-copied type="nursery" objects="4748169" bytes="132028376" bytesdiscarded="137512" />
  <memory-copied type="tenure" objects="3508172" bytes="101526136" bytesdiscarded="18728" />
  <finalization candidates="2" enqueued="0" />
  <ownableSynchronizers candidates="1" cleared="0" />
  <references type="weak" candidates="7" cleared="0" enqueued="0" />
  <heap-resize type="expand" space="tenure" amount="108003328" count="103" timems="20.802" reason="continue current collection" />
</gc-op>
<heap-resize id="980" type="expand" space="nursery" amount="162136064" count="1" timems="0.050" reason="excessive time being spent scavenging" timestamp="2020-09-11T10:42:58.789" />
<gc-end id="981" type="scavenge" contextid="976" durationms="154.150" usertimems="1179.021" systemtimems="15.826" timestamp="2020-09-11T10:42:58.790" activeThreads="8">
  <mem-info id="982" free="235377912" total="903872512" percent="26">
    <mem type="nursery" free="215895808" total="584187904" percent="36">
      <mem type="allocate" free="215895808" total="348061696" percent="62" />
      <mem type="survivor" free="0" total="236126208" percent="0" />
    </mem>
    <mem type="tenure" free="19482104" total="319684608" percent="6">
      <mem type="soa" free="300536" total="300503040" percent="0" />
      <mem type="loa" free="19181568" total="19181568" percent="100" />
    </mem>
    <remembered-set count="6334" />
  </mem-info>
</gc-end>
<cycle-end id="983" type="scavenge" contextid="976" timestamp="2020-09-11T10:42:58.790" />
<allocation-satisfied id="984" threadId="00000000007E5300" bytesRequested="16" />
<af-end id="985" timestamp="2020-09-11T10:42:58.790" threadId="00000000007E5C80" success="true" from="nursery"/>
<exclusive-end id="986" timestamp="2020-09-11T10:42:58.790" durationms="155.546" />

<exclusive-start id="987" timestamp="2020-09-11T10:42:58.851" intervalms="215.846">
  <response-info timems="0.127" idlems="0.100" threads="1" lastid="00000000007ECA00" lastname="ForkJoinPool-10-worker-5" />
</exclusive-start>
<af-start id="988" threadId="0000000000807B80" totalBytesRequested="32" timestamp="2020-09-11T10:42:58.851" intervalms="215.770" type="nursery" />
<percolate-collect id="989" from="nursery" to="global" reason="met projected tenure max free" timestamp="2020-09-11T10:42:58.851"/>
<cycle-start id="990" type="global" contextid="0" timestamp="2020-09-11T10:42:58.851" intervalms="887.904" />
<gc-start id="991" type="global" contextid="990" timestamp="2020-09-11T10:42:58.851">
  <mem-info id="992" free="19482104" total="903872512" percent="2">
    <mem type="nursery" free="0" total="584187904" percent="0">
      <mem type="allocate" free="0" total="348061696" percent="0" />
      <mem type="survivor" free="0" total="236126208" percent="0" />
    </mem>
    <mem type="tenure" free="19482104" total="319684608" percent="6">
      <mem type="soa" free="300536" total="300503040" percent="0" />
      <mem type="loa" free="19181568" total="19181568" percent="100" />
    </mem>
    <remembered-set count="41846" />
  </mem-info>
</gc-start>
<allocation-stats totalBytes="215821272" >
  <allocated-bytes non-tlh="2097184" tlh="213724088" />
  <largest-consumer threadName="ForkJoinPool-10-worker-3" threadId="00000000007E5300" bytes="44667448" />
</allocation-stats>
<gc-op id="993" type="mark" timems="246.847" contextid="990" timestamp="2020-09-11T10:42:59.098">
  <trace-info objectcount="19934187" scancount="18361344" scanbytes="510845724" />
  <finalization candidates="90" enqueued="0" />
  <ownableSynchronizers candidates="96" cleared="0" />
  <references type="soft" candidates="4570" cleared="0" enqueued="0" dynamicThreshold="9" maxThreshold="32" />
  <references type="weak" candidates="2958" cleared="0" enqueued="0" />
  <references type="phantom" candidates="102" cleared="0" enqueued="0" />
  <stringconstants candidates="9187" cleared="0"  />
</gc-op>
<gc-op id="994" type="sweep" timems="5.099" contextid="990" timestamp="2020-09-11T10:42:59.103" />
<heap-resize id="995" type="expand" space="tenure" amount="97189888" count="1" timems="0.480" reason="insufficient free space following gc" timestamp="2020-09-11T10:42:59.104" />
<gc-end id="996" type="global" contextid="990" durationms="252.994" usertimems="1921.381" systemtimems="30.971" timestamp="2020-09-11T10:42:59.104" activeThreads="8">
  <mem-info id="997" free="127979080" total="1001062400" percent="12">
    <mem type="nursery" free="2900240" total="584187904" percent="0">
      <mem type="allocate" free="2900240" total="348061696" percent="0" />
      <mem type="survivor" free="0" total="236126208" percent="0" />
    </mem>
    <mem type="tenure" free="125078840" total="416874496" percent="30" micro-fragmented="958254" macro-fragmented="0">
      <mem type="soa" free="100065592" total="391861248" percent="25" />
      <mem type="loa" free="25013248" total="25013248" percent="100" />
    </mem>
    <remembered-set count="4173" />
  </mem-info>
</gc-end>
<cycle-end id="998" type="global" contextid="990" timestamp="2020-09-11T10:42:59.105" />
<allocation-satisfied id="999" threadId="0000000000807200" bytesRequested="32" />
<af-end id="1000" timestamp="2020-09-11T10:42:59.105" threadId="0000000000807B80" success="true" from="nursery"/>
<exclusive-end id="1001" timestamp="2020-09-11T10:42:59.105" durationms="254.197" />

<exclusive-start id="1002" timestamp="2020-09-11T10:42:59.106" intervalms="255.138">
  <response-info timems="0.306" idlems="0.300" threads="1" lastid="0000000000807200" lastname="ForkJoinPool-10-worker-13" />
</exclusive-start>
<af-start id="1003" threadId="00000000007F8B80" totalBytesRequested="16" timestamp="2020-09-11T10:42:59.106" intervalms="255.200" type="nursery" />
<cycle-start id="1004" type="scavenge" contextid="0" timestamp="2020-09-11T10:42:59.106" intervalms="470.968" />
<gc-start id="1005" type="scavenge" contextid="1004" timestamp="2020-09-11T10:42:59.107">
  <mem-info id="1006" free="125078840" total="1001062400" percent="12">
    <mem type="nursery" free="0" total="584187904" percent="0">
      <mem type="allocate" free="0" total="348061696" percent="0" />
      <mem type="survivor" free="0" total="236126208" percent="0" />
    </mem>
    <mem type="tenure" free="125078840" total="416874496" percent="30">
      <mem type="soa" free="100065592" total="391861248" percent="25" />
      <mem type="loa" free="25013248" total="25013248" percent="100" />
    </mem>
    <remembered-set count="4173" />
  </mem-info>
</gc-start>
<allocation-stats totalBytes="2897808" >
  <allocated-bytes non-tlh="32" tlh="2897776" />
  <largest-consumer threadName="ForkJoinPool-10-worker-5" threadId="00000000007ECA00" bytes="919624" />
</allocation-stats>
<gc-op id="1007" type="scavenge" timems="164.832" contextid="1004" timestamp="2020-09-11T10:42:59.271">
  <scavenger-info tenureage="1" tenuremask="fffe" tiltratio="59" />
  <memory-copied type="nursery" objects="6633259" bytes="184817752" bytesdiscarded="155456" />
  <memory-copied type="tenure" objects="4732893" bytes="131720248" bytesdiscarded="33024" />
  <finalization candidates="2" enqueued="0" />
  <ownableSynchronizers candidates="192" cleared="192" />
  <heap-resize type="expand" space="tenure" amount="34603008" count="33" timems="7.700" reason="continue current collection" />
</gc-op>
<heap-resize id="1008" type="expand" space="nursery" amount="95813632" count="1" timems="0.076" reason="excessive time being spent scavenging" timestamp="2020-09-11T10:42:59.272" />
<gc-end id="1009" type="scavenge" contextid="1004" durationms="165.533" usertimems="1246.625" systemtimems="35.176" timestamp="2020-09-11T10:42:59.272" activeThreads="8">
  <mem-info id="1010" free="235040352" total="1131479040" percent="20">
    <mem type="nursery" free="207587424" total="680001536" percent="30">
      <mem type="allocate" free="207587424" total="392560640" percent="52" />
      <mem type="survivor" free="0" total="287440896" percent="0" />
    </mem>
    <mem type="tenure" free="27452928" total="451477504" percent="6">
      <mem type="soa" free="364032" total="424388608" percent="0" />
      <mem type="loa" free="27088896" total="27088896" percent="100" />
    </mem>
    <remembered-set count="2358" />
  </mem-info>
</gc-end>
<cycle-end id="1011" type="scavenge" contextid="1004" timestamp="2020-09-11T10:42:59.274" />
<allocation-satisfied id="1012" threadId="00000000007F8200" bytesRequested="16" />
<af-end id="1013" timestamp="2020-09-11T10:42:59.274" threadId="00000000007F8B80" success="true" from="nursery"/>
<exclusive-end id="1014" timestamp="2020-09-11T10:42:59.274" durationms="168.115" />

<exclusive-start id="1015" timestamp="2020-09-11T10:42:59.417" intervalms="311.605">
  <response-info timems="0.647" idlems="0.647" threads="0" lastid="000000000078EE00" lastname="ForkJoinPool-3-worker-3" />
</exclusive-start>
<af-start id="1016" threadId="000000000078F780" totalBytesRequested="24" timestamp="2020-09-11T10:42:59.418" intervalms="311.686" type="nursery" />
<cycle-start id="1017" type="scavenge" contextid="0" timestamp="2020-09-11T10:42:59.418" intervalms="311.706" />
<gc-start id="1018" type="scavenge" contextid="1017" timestamp="2020-09-11T10:42:59.418">
  <mem-info id="1019" free="27452928" total="1131479040" percent="2">
    <mem type="nursery" free="0" total="680001536" percent="0">
      <mem type="allocate" free="0" total="392560640" percent="0" />
      <mem type="survivor" free="0" total="287440896" percent="0" />
    </mem>
    <mem type="tenure" free="27452928" total="451477504" percent="6">
      <mem type="soa" free="364032" total="424388608" percent="0" />
      <mem type="loa" free="27088896" total="27088896" percent="100" />
    </mem>
    <remembered-set count="37034" />
  </mem-info>
</gc-start>
<allocation-stats totalBytes="207529680" >
  <allocated-bytes non-tlh="5686384" tlh="201843296" />
  <largest-consumer threadName="ForkJoinPool-3-worker-3" threadId="000000000078EE00" bytes="31260000" />
</allocation-stats>
<gc-op id="1020" type="scavenge" timems="220.319" contextid="1017" timestamp="2020-09-11T10:42:59.638">
  <scavenger-info tenureage="1" tenuremask="fffe" tiltratio="57" />
  <memory-copied type="nursery" objects="5378886" bytes="151919432" bytesdiscarded="141504" />
  <memory-copied type="tenure" objects="6633216" bytes="184788776" bytesdiscarded="41128" />
  <heap-resize type="expand" space="tenure" amount="197132288" count="188" timems="40.932" reason="continue current collection" />
</gc-op>
<heap-resize id="1021" type="expand" space="nursery" amount="199360512" count="1" timems="0.051" reason="excessive time being spent scavenging" timestamp="2020-09-11T10:42:59.639" />
<gc-end id="1022" type="scavenge" contextid="1017" durationms="220.822" usertimems="1632.710" systemtimems="47.673" timestamp="2020-09-11T10:42:59.639" activeThreads="8">
  <mem-info id="1023" free="458110960" total="1527971840" percent="29">
    <mem type="nursery" free="418364400" total="879362048" percent="47">
      <mem type="allocate" free="418364400" total="570425344" percent="73" />
      <mem type="survivor" free="0" total="308936704" percent="0" />
    </mem>
    <mem type="tenure" free="39746560" total="648609792" percent="6">
      <mem type="soa" free="829440" total="609692672" percent="0" />
      <mem type="loa" free="38917120" total="38917120" percent="100" />
    </mem>
    <remembered-set count="4145" />
  </mem-info>
</gc-end>
<cycle-end id="1024" type="scavenge" contextid="1017" timestamp="2020-09-11T10:42:59.640" />
<allocation-satisfied id="1025" threadId="000000000078EE00" bytesRequested="24" />
<af-end id="1026" timestamp="2020-09-11T10:42:59.640" threadId="000000000078F780" success="true" from="nursery"/>
<exclusive-end id="1027" timestamp="2020-09-11T10:42:59.640" durationms="222.840" />

<exclusive-start id="1028" timestamp="2020-09-11T10:43:00.197" intervalms="779.137">
  <response-info timems="0.166" idlems="0.166" threads="0" lastid="0000000000796600" lastname="ForkJoinPool-3-worker-7" />
</exclusive-start>
<af-start id="1029" threadId="0000000000796F80" totalBytesRequested="16" timestamp="2020-09-11T10:43:00.197" intervalms="778.992" type="nursery" />
<cycle-start id="1030" type="scavenge" contextid="0" timestamp="2020-09-11T10:43:00.197" intervalms="778.963" />
<gc-start id="1031" type="scavenge" contextid="1030" timestamp="2020-09-11T10:43:00.197">
  <mem-info id="1032" free="39746472" total="1527971840" percent="2">
    <mem type="nursery" free="0" total="879362048" percent="0">
      <mem type="allocate" free="0" total="570425344" percent="0" />
      <mem type="survivor" free="0" total="308936704" percent="0" />
    </mem>
    <mem type="tenure" free="39746472" total="648609792" percent="6">
      <mem type="soa" free="829352" total="609692672" percent="0" />
      <mem type="loa" free="38917120" total="38917120" percent="100" />
    </mem>
    <remembered-set count="4151" />
  </mem-info>
</gc-start>
<allocation-stats totalBytes="418298808" >
  <allocated-bytes non-tlh="23193272" tlh="395105536" />
  <largest-consumer threadName="ForkJoinPool-3-worker-7" threadId="0000000000796600" bytes="159659088" />
</allocation-stats>
<gc-op id="1033" type="scavenge" timems="184.321" contextid="1030" timestamp="2020-09-11T10:43:00.381">
  <scavenger-info tenureage="1" tenuremask="fffe" tiltratio="64" />
  <memory-copied type="nursery" objects="2878689" bytes="77921560" bytesdiscarded="122648" />
  <memory-copied type="tenure" objects="5297781" bytes="149592536" bytesdiscarded="26592" />
  <finalization candidates="2" enqueued="1" />
  <heap-resize type="expand" space="tenure" amount="159383552" count="152" timems="25.992" reason="continue current collection" />
</gc-op>
<heap-resize id="1034" type="expand" space="nursery" amount="60162048" count="1" timems="0.322" reason="excessive time being spent scavenging" timestamp="2020-09-11T10:43:00.382" />
<gc-end id="1035" type="scavenge" contextid="1030" durationms="185.064" usertimems="1400.907" systemtimems="33.795" timestamp="2020-09-11T10:43:00.382" activeThreads="8">
  <mem-info id="1036" free="670230928" total="1747517440" percent="38">
    <mem type="nursery" free="621028240" total="939524096" percent="66">
      <mem type="allocate" free="621028240" total="699072512" percent="88" />
      <mem type="survivor" free="0" total="240451584" percent="0" />
    </mem>
    <mem type="tenure" free="49202688" total="807993344" percent="6">
      <mem type="soa" free="722432" total="759513088" percent="0" />
      <mem type="loa" free="48480256" total="48480256" percent="100" />
    </mem>
    <pending-finalizers system="1" default="0" reference="0" classloader="0" />
    <remembered-set count="648" />
  </mem-info>
</gc-end>
<cycle-end id="1037" type="scavenge" contextid="1030" timestamp="2020-09-11T10:43:00.383" />
<allocation-satisfied id="1038" threadId="0000000000796600" bytesRequested="16" />
<af-end id="1039" timestamp="2020-09-11T10:43:00.383" threadId="0000000000796F80" success="true" from="nursery"/>
<exclusive-end id="1040" timestamp="2020-09-11T10:43:00.383" durationms="186.419" />

<exclusive-start id="1041" timestamp="2020-09-11T10:43:00.848" intervalms="651.208">
  <response-info timems="0.147" idlems="0.147" threads="0" lastid="0000000000796600" lastname="ForkJoinPool-3-worker-7" />
</exclusive-start>
<af-start id="1042" threadId="0000000000796F80" totalBytesRequested="24" timestamp="2020-09-11T10:43:00.848" intervalms="651.195" type="nursery" />
<percolate-collect id="1043" from="nursery" to="global" reason="met projected tenure max free" timestamp="2020-09-11T10:43:00.848"/>
<cycle-start id="1044" type="global" contextid="0" timestamp="2020-09-11T10:43:00.848" intervalms="1997.046" />
<gc-start id="1045" type="global" contextid="1044" timestamp="2020-09-11T10:43:00.848">
  <mem-info id="1046" free="49201960" total="1747517440" percent="2">
    <mem type="nursery" free="0" total="939524096" percent="0">
      <mem type="allocate" free="0" total="699072512" percent="0" />
      <mem type="survivor" free="0" total="240451584" percent="0" />
    </mem>
    <mem type="tenure" free="49201960" total="807993344" percent="6">
      <mem type="soa" free="721704" total="759513088" percent="0" />
      <mem type="loa" free="48480256" total="48480256" percent="100" />
    </mem>
    <remembered-set count="676" />
  </mem-info>
</gc-start>
<allocation-stats totalBytes="620977424" >
  <allocated-bytes non-tlh="40501312" tlh="580476112" />
  <largest-consumer threadName="ForkJoinPool-3-worker-9" threadId="000000000079DE00" bytes="246295592" />
</allocation-stats>
<gc-op id="1047" type="mark" timems="413.567" contextid="1044" timestamp="2020-09-11T10:43:01.262">
  <trace-info objectcount="28062720" scancount="27144000" scanbytes="754249916" />
  <finalization candidates="91" enqueued="0" />
  <ownableSynchronizers candidates="200106" cleared="0" />
  <references type="soft" candidates="204570" cleared="0" enqueued="0" dynamicThreshold="9" maxThreshold="32" />
  <references type="weak" candidates="3103" cleared="104" enqueued="68" />
  <references type="phantom" candidates="102" cleared="0" enqueued="0" />
  <stringconstants candidates="9190" cleared="1"  />
</gc-op>
<gc-op id="1048" type="sweep" timems="9.506" contextid="1044" timestamp="2020-09-11T10:43:01.271" />
<heap-resize id="1049" type="expand" space="tenure" amount="68157440" count="1" timems="0.556" reason="insufficient free space following gc" timestamp="2020-09-11T10:43:01.272" />
<gc-end id="1050" type="global" contextid="1044" durationms="424.113" usertimems="3271.199" systemtimems="18.219" timestamp="2020-09-11T10:43:01.272" activeThreads="8">
  <mem-info id="1051" free="449831400" total="1815674880" percent="24">
    <mem type="nursery" free="178200384" total="939524096" percent="18">
      <mem type="allocate" free="178200384" total="699072512" percent="25" />
      <mem type="survivor" free="0" total="240451584" percent="0" />
    </mem>
    <mem type="tenure" free="271631016" total="876150784" percent="31" micro-fragmented="184470" macro-fragmented="0">
      <mem type="soa" free="219061928" total="823581696" percent="26" />
      <mem type="loa" free="52569088" total="52569088" percent="100" />
    </mem>
    <pending-finalizers system="0" default="0" reference="68" classloader="0" />
    <remembered-set count="660" />
  </mem-info>
</gc-end>
<cycle-end id="1052" type="global" contextid="1044" timestamp="2020-09-11T10:43:01.273" />
<allocation-satisfied id="1053" threadId="0000000000796600" bytesRequested="24" />
<af-end id="1054" timestamp="2020-09-11T10:43:01.273" threadId="0000000000796F80" success="true" from="nursery"/>
<exclusive-end id="1055" timestamp="2020-09-11T10:43:01.273" durationms="424.861" />

<exclusive-start id="1056" timestamp="2020-09-11T10:43:01.373" intervalms="525.041">
  <response-info timems="0.119" idlems="0.119" threads="0" lastid="0000000000764800" lastname="Controller" />
</exclusive-start>
<sys-start reason="explicit" id="1057" timestamp="2020-09-11T10:43:01.373" intervalms="8595.598" />
<cycle-start id="1058" type="global" contextid="0" timestamp="2020-09-11T10:43:01.373" intervalms="524.970" />
<gc-start id="1059" type="global" contextid="1058" timestamp="2020-09-11T10:43:01.373">
  <mem-info id="1060" free="399718968" total="1815674880" percent="22">
    <mem type="nursery" free="128099240" total="939524096" percent="13">
      <mem type="allocate" free="128099240" total="699072512" percent="18" />
      <mem type="survivor" free="0" total="240451584" percent="0" />
    </mem>
    <mem type="tenure" free="271619728" total="876150784" percent="31">
      <mem type="soa" free="219050640" total="823581696" percent="26" />
      <mem type="loa" free="52569088" total="52569088" percent="100" />
    </mem>
    <remembered-set count="929" />
  </mem-info>
</gc-start>
<allocation-stats totalBytes="50103016" >
  <allocated-bytes non-tlh="5002040" tlh="45100976" />
  <largest-consumer threadName="ForkJoinPool-3-worker-9" threadId="000000000079DE00" bytes="21975088" />
</allocation-stats>
<gc-op id="1061" type="mark" timems="21.875" contextid="1058" timestamp="2020-09-11T10:43:01.406">
  <trace-info objectcount="1868086" scancount="1849147" scanbytes="66549020" />
  <finalization candidates="91" enqueued="0" />
  <ownableSynchronizers candidates="200109" cleared="200034" />
  <references type="soft" candidates="4616" cleared="0" enqueued="0" dynamicThreshold="9" maxThreshold="32" />
  <references type="weak" candidates="3090" cleared="38" enqueued="33" />
  <references type="phantom" candidates="102" cleared="0" enqueued="0" />
  <stringconstants candidates="9285" cleared="5"  />
</gc-op>
<gc-op id="1062" type="classunload" timems="0.038" contextid="1058" timestamp="2020-09-11T10:43:01.406">
  <classunload-info classloadercandidates="101" classloadersunloaded="0" classesunloaded="0" anonymousclassesunloaded="0" quiescems="10.762" setupms="0.037" scanms="0.001" postms="0.000" />
</gc-op>
<gc-op id="1063" type="sweep" timems="2.386" contextid="1058" timestamp="2020-09-11T10:43:01.408" />
<mem-info id="1064" free="1489321248" total="1815674880" percent="82">
  <mem type="nursery" free="698839328" total="939524096" percent="74">
    <mem type="allocate" free="698839328" total="699072512" percent="99" />
    <mem type="survivor" free="0" total="240451584" percent="0" />
  </mem>
  <mem type="tenure" free="790481920" total="876150784" percent="90" micro-fragmented="43561" macro-fragmented="0">
    <mem type="soa" free="737912832" total="823581696" percent="89" />
    <mem type="loa" free="52569088" total="52569088" percent="100" />
  </mem>
  <pending-finalizers system="0" default="0" reference="33" classloader="0" />
  <remembered-set count="820" />
</mem-info>
<gc-op id="1065" type="compact" timems="129.997" contextid="1058" timestamp="2020-09-11T10:43:01.539">
  <compact-info movecount="1833836" movebytes="81861496" reason="compact on aggressive collection" />
</gc-op>
<gc-end id="1066" type="global" contextid="1058" durationms="165.736" usertimems="563.328" systemtimems="0.000" timestamp="2020-09-11T10:43:01.539" activeThreads="8">
  <mem-info id="1067" free="1489437472" total="1815674880" percent="82">
    <mem type="nursery" free="698904600" total="939524096" percent="74">
      <mem type="allocate" free="698904600" total="699072512" percent="99" />
      <mem type="survivor" free="0" total="240451584" percent="0" />
    </mem>
    <mem type="tenure" free="790532872" total="876150784" percent="90">
      <mem type="soa" free="737963784" total="823581696" percent="89" />
      <mem type="loa" free="52569088" total="52569088" percent="100" />
    </mem>
    <pending-finalizers system="0" default="0" reference="33" classloader="0" />
    <remembered-set count="820" />
  </mem-info>
</gc-end>
<cycle-end id="1068" type="global" contextid="1058" timestamp="2020-09-11T10:43:01.540" />
<sys-end id="1069" timestamp="2020-09-11T10:43:01.540" />
<exclusive-end id="1070" timestamp="2020-09-11T10:43:01.540" durationms="166.914" />

<exclusive-start id="1071" timestamp="2020-09-11T10:43:02.074" intervalms="700.854">
  <response-info timems="0.257" idlems="0.257" threads="0" lastid="000000000078A900" lastname="ForkJoinPool-14-worker-7" />
</exclusive-start>
<af-start id="1072" threadId="000000000078B280" totalBytesRequested="72" timestamp="2020-09-11T10:43:02.074" intervalms="1225.957" type="nursery" />
<cycle-start id="1073" type="scavenge" contextid="0" timestamp="2020-09-11T10:43:02.074" intervalms="1877.163" />
<gc-start id="1074" type="scavenge" contextid="1073" timestamp="2020-09-11T10:43:02.074">
  <mem-info id="1075" free="790532872" total="1815674880" percent="43">
    <mem type="nursery" free="0" total="939524096" percent="0">
      <mem type="allocate" free="0" total="699072512" percent="0" />
      <mem type="survivor" free="0" total="240451584" percent="0" />
    </mem>
    <mem type="tenure" free="790532872" total="876150784" percent="90">
      <mem type="soa" free="737963784" total="823581696" percent="89" />
      <mem type="loa" free="52569088" total="52569088" percent="100" />
    </mem>
    <remembered-set count="893" />
  </mem-info>
</gc-start>
<allocation-stats totalBytes="698655600" >
  <allocated-bytes non-tlh="15355112" tlh="683300488" />
  <largest-consumer threadName="ForkJoinPool-3-worker-7" threadId="0000000000796600" bytes="121540680" />
</allocation-stats>
<gc-op id="1076" type="scavenge" timems="299.820" contextid="1073" timestamp="2020-09-11T10:43:02.374">
  <scavenger-info tenureage="1" tenuremask="fffe" tiltratio="74" />
  <memory-copied type="nursery" objects="7985465" bytes="240408392" bytesdiscarded="35184" />
  <memory-copied type="tenure" objects="8435430" bytes="233447816" bytesdiscarded="81408" />
  <copy-failed type="nursery" objects="8435428" bytes="233447768" />
  <finalization candidates="1" enqueued="0" />
  <ownableSynchronizers candidates="192" cleared="146" />
  <references type="soft" candidates="46" cleared="0" enqueued="0" dynamicThreshold="28" maxThreshold="32" />
  <references type="weak" candidates="136" cleared="0" enqueued="0" />
</gc-op>
<gc-end id="1077" type="scavenge" contextid="1073" durationms="300.194" usertimems="2352.794" systemtimems="21.527" timestamp="2020-09-11T10:43:02.374" activeThreads="8">
  <mem-info id="1078" free="786178192" total="1815674880" percent="43">
    <mem type="nursery" free="229310464" total="939524096" percent="24">
      <mem type="allocate" free="229310464" total="469762048" percent="48" />
      <mem type="survivor" free="0" total="469762048" percent="0" />
    </mem>
    <mem type="tenure" free="556867728" total="876150784" percent="63">
      <mem type="soa" free="504298640" total="823581696" percent="61" />
      <mem type="loa" free="52569088" total="52569088" percent="100" />
    </mem>
    <remembered-set count="45701" />
  </mem-info>
</gc-end>
<cycle-end id="1079" type="scavenge" contextid="1073" timestamp="2020-09-11T10:43:02.376" />
<allocation-satisfied id="1080" threadId="000000000078A900" bytesRequested="72" />
<af-end id="1081" timestamp="2020-09-11T10:43:02.376" threadId="000000000078B280" success="true" from="nursery"/>
<exclusive-end id="1082" timestamp="2020-09-11T10:43:02.376" durationms="302.112" />

<exclusive-start id="1083" timestamp="2020-09-11T10:43:02.466" intervalms="392.714">
  <response-info timems="0.209" idlems="0.209" threads="0" lastid="000000000078A900" lastname="ForkJoinPool-14-worker-7" />
</exclusive-start>
<af-start id="1084" threadId="000000000078B280" totalBytesRequested="32" timestamp="2020-09-11T10:43:02.467" intervalms="392.734" type="nursery" />
<cycle-start id="1085" type="scavenge" contextid="0" timestamp="2020-09-11T10:43:02.467" intervalms="392.740" />
<gc-start id="1086" type="scavenge" contextid="1085" timestamp="2020-09-11T10:43:02.467">
  <mem-info id="1087" free="556867728" total="1815674880" percent="30">
    <mem type="nursery" free="0" total="939524096" percent="0">
      <mem type="allocate" free="0" total="469762048" percent="0" />
      <mem type="survivor" free="0" total="469762048" percent="0" />
    </mem>
    <mem type="tenure" free="556867728" total="876150784" percent="63">
      <mem type="soa" free="504298640" total="823581696" percent="61" />
      <mem type="loa" free="52569088" total="52569088" percent="100" />
    </mem>
    <remembered-set count="45701" />
  </mem-info>
</gc-start>
<allocation-stats totalBytes="229241568" >
  <allocated-bytes non-tlh="6591768" tlh="222649800" />
  <largest-consumer threadName="ForkJoinPool-14-worker-7" threadId="000000000078A900" bytes="38358960" />
</allocation-stats>
<gc-op id="1088" type="scavenge" timems="191.950" contextid="1085" timestamp="2020-09-11T10:43:02.659">
  <scavenger-info tenureage="1" tenuremask="fffe" tiltratio="50" />
  <memory-copied type="nursery" objects="6689449" bytes="183993592" bytesdiscarded="178152" />
  <memory-copied type="tenure" objects="5602226" bytes="165037624" bytesdiscarded="30008" />
  <ownableSynchronizers candidates="46" cleared="0" />
</gc-op>
<gc-end id="1089" type="scavenge" contextid="1085" durationms="192.319" usertimems="1486.423" systemtimems="11.004" timestamp="2020-09-11T10:43:02.659" activeThreads="8">
  <mem-info id="1090" free="676932392" total="1815674880" percent="37">
    <mem type="nursery" free="285590272" total="939524096" percent="30">
      <mem type="allocate" free="285590272" total="469762048" percent="60" />
      <mem type="survivor" free="0" total="469762048" percent="0" />
    </mem>
    <mem type="tenure" free="391342120" total="876150784" percent="44">
      <mem type="soa" free="338773032" total="823581696" percent="41" />
      <mem type="loa" free="52569088" total="52569088" percent="100" />
    </mem>
    <remembered-set count="874" />
  </mem-info>
</gc-end>
<cycle-end id="1091" type="scavenge" contextid="1085" timestamp="2020-09-11T10:43:02.661" />
<allocation-satisfied id="1092" threadId="000000000078A900" bytesRequested="32" />
<af-end id="1093" timestamp="2020-09-11T10:43:02.661" threadId="000000000078B280" success="true" from="nursery"/>
<exclusive-end id="1094" timestamp="2020-09-11T10:43:02.662" durationms="195.318" />

<exclusive-start id="1095" timestamp="2020-09-11T10:43:02.842" intervalms="375.723">
  <response-info timems="1.783" idlems="1.783" threads="0" lastid="000000000078EE00" lastname="ForkJoinPool-3-worker-3" />
</exclusive-start>
<af-start id="1096" threadId="000000000078F780" totalBytesRequested="1048584" timestamp="2020-09-11T10:43:02.842" intervalms="375.649" type="nursery" />
<cycle-start id="1097" type="scavenge" contextid="0" timestamp="2020-09-11T10:43:02.842" intervalms="375.636" />
<gc-start id="1098" type="scavenge" contextid="1097" timestamp="2020-09-11T10:43:02.843">
  <mem-info id="1099" free="391763368" total="1815674880" percent="21">
    <mem type="nursery" free="421248" total="939524096" percent="0">
      <mem type="allocate" free="421248" total="469762048" percent="0" />
      <mem type="survivor" free="0" total="469762048" percent="0" />
    </mem>
    <mem type="tenure" free="391342120" total="876150784" percent="44">
      <mem type="soa" free="338773032" total="823581696" percent="41" />
      <mem type="loa" free="52569088" total="52569088" percent="100" />
    </mem>
    <remembered-set count="888" />
  </mem-info>
</gc-start>
<allocation-stats totalBytes="285140776" >
  <allocated-bytes non-tlh="14144896" tlh="270995880" />
  <largest-consumer threadName="ForkJoinPool-3-worker-9" threadId="000000000079DE00" bytes="95835096" />
</allocation-stats>
<gc-op id="1100" type="scavenge" timems="133.790" contextid="1097" timestamp="2020-09-11T10:43:02.976">
  <scavenger-info tenureage="1" tenuremask="fffe" tiltratio="50" />
  <memory-copied type="nursery" objects="2023645" bytes="52663440" bytesdiscarded="160240" />
  <memory-copied type="tenure" objects="6675852" bytes="183016048" bytesdiscarded="35360" />
  <ownableSynchronizers candidates="1" cleared="0" />
</gc-op>
<gc-end id="1101" type="scavenge" contextid="1097" durationms="134.217" usertimems="1045.633" systemtimems="14.222" timestamp="2020-09-11T10:43:02.977" activeThreads="8">
  <mem-info id="1102" free="625189320" total="1815674880" percent="34">
    <mem type="nursery" free="416938312" total="939524096" percent="44">
      <mem type="allocate" free="416938312" total="469762048" percent="88" />
      <mem type="survivor" free="0" total="469762048" percent="0" />
    </mem>
    <mem type="tenure" free="208251008" total="876150784" percent="23">
      <mem type="soa" free="155681920" total="823581696" percent="18" />
      <mem type="loa" free="52569088" total="52569088" percent="100" />
    </mem>
    <remembered-set count="990" />
  </mem-info>
</gc-end>
<cycle-end id="1103" type="scavenge" contextid="1097" timestamp="2020-09-11T10:43:02.978" />
<allocation-satisfied id="1104" threadId="000000000078EE00" bytesRequested="1048584" />
<af-end id="1105" timestamp="2020-09-11T10:43:02.978" threadId="000000000078F780" success="true" from="nursery"/>
<exclusive-end id="1106" timestamp="2020-09-11T10:43:02.978" durationms="136.037" />

<exclusive-start id="1107" timestamp="2020-09-11T10:43:03.237" intervalms="394.838">
  <response-info timems="0.169" idlems="0.169" threads="0" lastid="0000000000796600" lastname="ForkJoinPool-3-worker-7" />
</exclusive-start>
<af-start id="1108" threadId="0000000000796F80" totalBytesRequested="24" timestamp="2020-09-11T10:43:03.237" intervalms="394.942" type="nursery" />
<cycle-start id="1109" type="scavenge" contextid="0" timestamp="2020-09-11T10:43:03.237" intervalms="394.944" />
<gc-start id="1110" type="scavenge" contextid="1109" timestamp="2020-09-11T10:43:03.238">
  <mem-info id="1111" free="208251008" total="1815674880" percent="11">
    <mem type="nursery" free="0" total="939524096" percent="0">
      <mem type="allocate" free="0" total="469762048" percent="0" />
      <mem type="survivor" free="0" total="469762048" percent="0" />
    </mem>
    <mem type="tenure" free="208251008" total="876150784" percent="23">
      <mem type="soa" free="155681920" total="823581696" percent="18" />
      <mem type="loa" free="52569088" total="52569088" percent="100" />
    </mem>
    <remembered-set count="992" />
  </mem-info>
</gc-start>
<allocation-stats totalBytes="416900048" >
  <allocated-bytes non-tlh="23772144" tlh="393127904" />
  <largest-consumer threadName="ForkJoinPool-3-worker-3" threadId="000000000078EE00" bytes="155138880" />
</allocation-stats>
<gc-op id="1112" type="scavenge" timems="176.187" contextid="1109" timestamp="2020-09-11T10:43:03.414">
  <scavenger-info tenureage="1" tenuremask="fffe" tiltratio="50" />
  <memory-copied type="nursery" objects="5591443" bytes="176073800" bytesdiscarded="278376" />
  <memory-copied type="tenure" objects="1712503" bytes="44229264" bytesdiscarded="4128" />
  <ownableSynchronizers candidates="169772" cleared="0" />
  <references type="soft" candidates="169771" cleared="0" enqueued="0" dynamicThreshold="28" maxThreshold="32" />
</gc-op>
<gc-end id="1113" type="scavenge" contextid="1109" durationms="176.695" usertimems="1391.679" systemtimems="0.000" timestamp="2020-09-11T10:43:03.414" activeThreads="8">
  <mem-info id="1114" free="457200488" total="1815674880" percent="25">
    <mem type="nursery" free="293409856" total="939524096" percent="31">
      <mem type="allocate" free="293409856" total="469762048" percent="62" />
      <mem type="survivor" free="0" total="469762048" percent="0" />
    </mem>
    <mem type="tenure" free="163790632" total="876150784" percent="18" macro-fragmented="0">
      <mem type="soa" free="111221544" total="823581696" percent="13" />
      <mem type="loa" free="52569088" total="52569088" percent="100" />
    </mem>
    <remembered-set count="27447" />
  </mem-info>
</gc-end>
<cycle-end id="1115" type="scavenge" contextid="1109" timestamp="2020-09-11T10:43:03.415" />
<allocation-satisfied id="1116" threadId="0000000000796600" bytesRequested="24" />
<af-end id="1117" timestamp="2020-09-11T10:43:03.415" threadId="0000000000796F80" success="true" from="nursery"/>
<exclusive-end id="1118" timestamp="2020-09-11T10:43:03.415" durationms="178.177" />

<exclusive-start id="1119" timestamp="2020-09-11T10:43:03.591" intervalms="353.734">
  <response-info timems="0.158" idlems="0.158" threads="0" lastid="0000000000796600" lastname="ForkJoinPool-3-worker-7" />
</exclusive-start>
<af-start id="1120" threadId="0000000000796F80" totalBytesRequested="24" timestamp="2020-09-11T10:43:03.591" intervalms="353.702" type="nursery" />
<cycle-start id="1121" type="scavenge" contextid="0" timestamp="2020-09-11T10:43:03.591" intervalms="353.701" />
<gc-start id="1122" type="scavenge" contextid="1121" timestamp="2020-09-11T10:43:03.591">
  <mem-info id="1123" free="163790632" total="1815674880" percent="9">
    <mem type="nursery" free="0" total="939524096" percent="0">
      <mem type="allocate" free="0" total="469762048" percent="0" />
      <mem type="survivor" free="0" total="469762048" percent="0" />
    </mem>
    <mem type="tenure" free="163790632" total="876150784" percent="18">
      <mem type="soa" free="111221544" total="823581696" percent="13" />
      <mem type="loa" free="52569088" total="52569088" percent="100" />
    </mem>
    <remembered-set count="27449" />
  </mem-info>
</gc-start>
<allocation-stats totalBytes="293387672" >
  <allocated-bytes non-tlh="16558368" tlh="276829304" />
  <largest-consumer threadName="ForkJoinPool-3-worker-3" threadId="000000000078EE00" bytes="119187696" />
</allocation-stats>
<gc-op id="1124" type="scavenge" timems="150.836" contextid="1121" timestamp="2020-09-11T10:43:03.742">
  <scavenger-info tenureage="1" tenuremask="fffe" tiltratio="50" />
  <memory-copied type="nursery" objects="1919873" bytes="58930488" bytesdiscarded="347168" />
  <memory-copied type="tenure" objects="4482307" bytes="138289576" bytesdiscarded="14728" />
  <ownableSynchronizers candidates="200010" cleared="0" />
  <references type="soft" candidates="30229" cleared="0" enqueued="0" dynamicThreshold="28" maxThreshold="32" />
  <heap-resize type="expand" space="tenure" amount="29360128" count="28" timems="5.551" reason="continue current collection" />
</gc-op>
<gc-end id="1125" type="scavenge" contextid="1121" durationms="151.356" usertimems="1163.279" systemtimems="29.604" timestamp="2020-09-11T10:43:03.743" activeThreads="8">
  <mem-info id="1126" free="465691752" total="1845035008" percent="25">
    <mem type="nursery" free="410484328" total="939524096" percent="43">
      <mem type="allocate" free="410484328" total="469762048" percent="87" />
      <mem type="survivor" free="0" total="469762048" percent="0" />
    </mem>
    <mem type="tenure" free="55207424" total="905510912" percent="6" macro-fragmented="27735676">
      <mem type="soa" free="876032" total="851179520" percent="0" />
      <mem type="loa" free="54331392" total="54331392" percent="100" />
    </mem>
    <remembered-set count="10558" />
  </mem-info>
</gc-end>
<cycle-end id="1127" type="scavenge" contextid="1121" timestamp="2020-09-11T10:43:03.743" />
<allocation-satisfied id="1128" threadId="0000000000796600" bytesRequested="24" />
<af-end id="1129" timestamp="2020-09-11T10:43:03.743" threadId="0000000000796F80" success="true" from="nursery"/>
<exclusive-end id="1130" timestamp="2020-09-11T10:43:03.743" durationms="152.246" />

<exclusive-start id="1131" timestamp="2020-09-11T10:43:12.092" intervalms="8501.172">
  <response-info timems="0.503" idlems="0.503" threads="0" lastid="0000000000786D00" lastname="Group1.Backend.CompositeBackend{Tier1}.2" />
</exclusive-start>
<af-start id="1132" threadId="0000000000787680" totalBytesRequested="96" timestamp="2020-09-11T10:43:12.092" intervalms="8501.531" type="nursery" />
<percolate-collect id="1133" from="nursery" to="global" reason="prevent tenure expand" timestamp="2020-09-11T10:43:12.093"/>
<cycle-start id="1134" type="global" contextid="0" timestamp="2020-09-11T10:43:12.093" intervalms="10719.714" />
<gc-start id="1135" type="global" contextid="1134" timestamp="2020-09-11T10:43:12.093">
  <mem-info id="1136" free="54995984" total="1845035008" percent="2">
    <mem type="nursery" free="0" total="939524096" percent="0">
      <mem type="allocate" free="0" total="469762048" percent="0" />
      <mem type="survivor" free="0" total="469762048" percent="0" />
    </mem>
    <mem type="tenure" free="54995984" total="905510912" percent="6">
      <mem type="soa" free="664592" total="851179520" percent="0" />
      <mem type="loa" free="54331392" total="54331392" percent="100" />
    </mem>
    <remembered-set count="68064" />
  </mem-info>
</gc-start>
<allocation-stats totalBytes="410506056" >
  <allocated-bytes non-tlh="14478728" tlh="396027328" />
  <largest-consumer threadName="ForkJoinPool-3-worker-7" threadId="0000000000796600" bytes="62380280" />
</allocation-stats>
<gc-op id="1137" type="mark" timems="415.404" contextid="1134" timestamp="2020-09-11T10:43:12.509">
  <trace-info objectcount="28474945" scancount="27549601" scanbytes="762438700" />
  <finalization candidates="135" enqueued="8" />
  <ownableSynchronizers candidates="250783" cleared="45053" />
  <references type="soft" candidates="275005" cleared="0" enqueued="0" dynamicThreshold="28" maxThreshold="32" />
  <references type="weak" candidates="3781" cleared="345" enqueued="305" />
  <references type="phantom" candidates="108" cleared="0" enqueued="0" />
  <stringconstants candidates="11026" cleared="38"  />
</gc-op>
<gc-op id="1138" type="classunload" timems="3.199" contextid="1134" timestamp="2020-09-11T10:43:12.512">
  <classunload-info classloadercandidates="172" classloadersunloaded="19" classesunloaded="22" anonymousclassesunloaded="3" quiescems="0.000" setupms="3.068" scanms="0.093" postms="0.038" />
</gc-op>
<gc-op id="1139" type="sweep" timems="7.720" contextid="1134" timestamp="2020-09-11T10:43:12.520" />
<heap-resize id="1140" type="expand" space="tenure" amount="135462912" count="1" timems="1.443" reason="insufficient free space following gc" timestamp="2020-09-11T10:43:12.522" />
<gc-end id="1141" type="global" contextid="1134" durationms="428.889" usertimems="3143.750" systemtimems="12.562" timestamp="2020-09-11T10:43:12.522" activeThreads="8">
  <mem-info id="1142" free="523478208" total="1980497920" percent="26">
    <mem type="nursery" free="211144040" total="939524096" percent="22">
      <mem type="allocate" free="211144040" total="469762048" percent="44" />
      <mem type="survivor" free="0" total="469762048" percent="0" />
    </mem>
    <mem type="tenure" free="312334168" total="1040973824" percent="30" micro-fragmented="295331" macro-fragmented="0">
      <mem type="soa" free="249875288" total="978514944" percent="25" />
      <mem type="loa" free="62458880" total="62458880" percent="100" />
    </mem>
    <pending-finalizers system="8" default="0" reference="305" classloader="0" />
    <remembered-set count="66511" />
  </mem-info>
</gc-end>
<cycle-end id="1143" type="global" contextid="1134" timestamp="2020-09-11T10:43:12.524" />
<allocation-satisfied id="1144" threadId="0000000000786D00" bytesRequested="96" />
<af-end id="1145" timestamp="2020-09-11T10:43:12.524" threadId="0000000000787680" success="true" from="nursery"/>
<exclusive-end id="1146" timestamp="2020-09-11T10:43:12.524" durationms="432.091" />

<exclusive-start id="1147" timestamp="2020-09-11T10:43:12.850" intervalms="757.974">
  <response-info timems="0.447" idlems="0.447" threads="0" lastid="00000000008AA200" lastname="Group1.Backend.CompositeBackend{Tier1}.8" />
</exclusive-start>
<af-start id="1148" threadId="00000000008AAB80" totalBytesRequested="262152" timestamp="2020-09-11T10:43:12.851" intervalms="758.018" type="nursery" />
<cycle-start id="1149" type="scavenge" contextid="0" timestamp="2020-09-11T10:43:12.851" intervalms="9259.642" />
<gc-start id="1150" type="scavenge" contextid="1149" timestamp="2020-09-11T10:43:12.851">
  <mem-info id="1151" free="483358776" total="1980497920" percent="24">
    <mem type="nursery" free="171024608" total="939524096" percent="18">
      <mem type="allocate" free="171024608" total="469762048" percent="36" />
      <mem type="survivor" free="0" total="469762048" percent="0" />
    </mem>
    <mem type="tenure" free="312334168" total="1040973824" percent="30">
      <mem type="soa" free="249875288" total="978514944" percent="25" />
      <mem type="loa" free="62458880" total="62458880" percent="100" />
    </mem>
    <remembered-set count="71945" />
  </mem-info>
</gc-start>
<allocation-stats totalBytes="39817424" >
  <allocated-bytes non-tlh="569832" tlh="39247592" />
  <largest-consumer threadName="Group1.Backend.CompositeBackend{Tier1}.8" threadId="00000000008AA200" bytes="6185896" />
</allocation-stats>
<gc-op id="1152" type="scavenge" timems="116.526" contextid="1149" timestamp="2020-09-11T10:43:12.968">
  <scavenger-info tenureage="1" tenuremask="7ffe" tiltratio="50" />
  <memory-copied type="nursery" objects="1843021" bytes="47966240" bytesdiscarded="404472" />
  <memory-copied type="tenure" objects="1819924" bytes="53770112" bytesdiscarded="12328" />
  <finalization candidates="36" enqueued="0" />
  <ownableSynchronizers candidates="418527" cleared="381834" />
  <references type="soft" candidates="77403" cleared="0" enqueued="0" dynamicThreshold="9" maxThreshold="32" />
  <references type="weak" candidates="367" cleared="0" enqueued="0" />
  <references type="phantom" candidates="6" cleared="0" enqueued="0" />
</gc-op>
<gc-end id="1153" type="scavenge" contextid="1149" durationms="118.615" usertimems="793.536" systemtimems="10.815" timestamp="2020-09-11T10:43:12.970" activeThreads="8">
  <mem-info id="1154" free="679297304" total="1980497920" percent="34">
    <mem type="nursery" free="421340072" total="939524096" percent="44">
      <mem type="allocate" free="421340072" total="469762048" percent="89" />
      <mem type="survivor" free="0" total="469762048" percent="0" />
    </mem>
    <mem type="tenure" free="257957232" total="1040973824" percent="24" macro-fragmented="0">
      <mem type="soa" free="195498352" total="978514944" percent="19" />
      <mem type="loa" free="62458880" total="62458880" percent="100" />
    </mem>
    <remembered-set count="14614" />
  </mem-info>
</gc-end>
<cycle-end id="1155" type="scavenge" contextid="1149" timestamp="2020-09-11T10:43:12.970" />
<allocation-satisfied id="1156" threadId="00000000008AA200" bytesRequested="262152" />
<af-end id="1157" timestamp="2020-09-11T10:43:12.970" threadId="00000000008AAB80" success="true" from="nursery"/>
<exclusive-end id="1158" timestamp="2020-09-11T10:43:12.970" durationms="120.688" />

<exclusive-start id="1159" timestamp="2020-09-11T10:43:17.045" intervalms="4194.921">
  <response-info timems="0.242" idlems="0.242" threads="0" lastid="0000000000962A00" lastname="Group1.TxInjector.CompositeTxInjector.I.driver.probe.27" />
</exclusive-start>
<af-start id="1160" threadId="0000000000963380" totalBytesRequested="16" timestamp="2020-09-11T10:43:17.045" intervalms="4194.913" type="nursery" />
<cycle-start id="1161" type="scavenge" contextid="0" timestamp="2020-09-11T10:43:17.046" intervalms="4194.922" />
<gc-start id="1162" type="scavenge" contextid="1161" timestamp="2020-09-11T10:43:17.046">
  <mem-info id="1163" free="257956544" total="1980497920" percent="13">
    <mem type="nursery" free="0" total="939524096" percent="0">
      <mem type="allocate" free="0" total="469762048" percent="0" />
      <mem type="survivor" free="0" total="469762048" percent="0" />
    </mem>
    <mem type="tenure" free="257956544" total="1040973824" percent="24">
      <mem type="soa" free="195497664" total="978514944" percent="19" />
      <mem type="loa" free="62458880" total="62458880" percent="100" />
    </mem>
    <remembered-set count="101091" />
  </mem-info>
</gc-start>
<allocation-stats totalBytes="421105216" >
  <allocated-bytes non-tlh="10991840" tlh="410113376" />
  <largest-consumer threadName="Group1.Backend.CompositeBackend{Tier1}.2" threadId="0000000000786D00" bytes="58049024" />
</allocation-stats>
<gc-op id="1164" type="scavenge" timems="90.801" contextid="1161" timestamp="2020-09-11T10:43:17.137">
  <scavenger-info tenureage="1" tenuremask="7ffe" tiltratio="50" />
  <memory-copied type="nursery" objects="894399" bytes="25050680" bytesdiscarded="202816" />
  <memory-copied type="tenure" objects="1723825" bytes="44665528" bytesdiscarded="18968" />
  <finalization candidates="36" enqueued="0" />
  <ownableSynchronizers candidates="82198" cleared="67535" />
  <references type="soft" candidates="53584" cleared="0" enqueued="0" dynamicThreshold="9" maxThreshold="32" />
  <references type="weak" candidates="80" cleared="30" enqueued="0" />
</gc-op>
<gc-end id="1165" type="scavenge" contextid="1161" durationms="91.900" usertimems="541.671" systemtimems="5.180" timestamp="2020-09-11T10:43:17.138" activeThreads="8">
  <mem-info id="1166" free="739839472" total="1980497920" percent="37">
    <mem type="nursery" free="526246352" total="939524096" percent="56">
      <mem type="allocate" free="526246352" total="551550976" percent="95" />
      <mem type="survivor" free="0" total="387973120" percent="0" />
    </mem>
    <mem type="tenure" free="213593120" total="1040973824" percent="20" macro-fragmented="0">
      <mem type="soa" free="151134240" total="978514944" percent="15" />
      <mem type="loa" free="62458880" total="62458880" percent="100" />
    </mem>
    <remembered-set count="15355" />
  </mem-info>
</gc-end>
<cycle-end id="1167" type="scavenge" contextid="1161" timestamp="2020-09-11T10:43:17.138" />
<allocation-satisfied id="1168" threadId="0000000000962A00" bytesRequested="16" />
<af-end id="1169" timestamp="2020-09-11T10:43:17.138" threadId="0000000000963380" success="true" from="nursery"/>
<exclusive-end id="1170" timestamp="2020-09-11T10:43:17.138" durationms="93.723" />

<exclusive-start id="1171" timestamp="2020-09-11T10:43:22.759" intervalms="5714.762">
  <response-info timems="0.630" idlems="0.321" threads="1" lastid="0000000000873600" lastname="Group1.Backend.CompositeBackend{Tier1}.6" />
</exclusive-start>
<af-start id="1172" threadId="0000000000787680" totalBytesRequested="400" timestamp="2020-09-11T10:43:22.760" intervalms="5715.076" type="nursery" />
<cycle-start id="1173" type="scavenge" contextid="0" timestamp="2020-09-11T10:43:22.761" intervalms="5715.105" />
<gc-start id="1174" type="scavenge" contextid="1173" timestamp="2020-09-11T10:43:22.761">
  <mem-info id="1175" free="213592688" total="1980497920" percent="10">
    <mem type="nursery" free="0" total="939524096" percent="0">
      <mem type="allocate" free="0" total="551550976" percent="0" />
      <mem type="survivor" free="0" total="387973120" percent="0" />
    </mem>
    <mem type="tenure" free="213592688" total="1040973824" percent="20">
      <mem type="soa" free="151133808" total="978514944" percent="15" />
      <mem type="loa" free="62458880" total="62458880" percent="100" />
    </mem>
    <remembered-set count="123663" />
  </mem-info>
</gc-start>
<allocation-stats totalBytes="525914552" >
  <allocated-bytes non-tlh="12089992" tlh="513824560" />
  <largest-consumer threadName="Group1.Backend.CompositeBackend{Tier1}.8" threadId="00000000008AA200" bytes="88008896" />
</allocation-stats>
<gc-op id="1176" type="scavenge" timems="55.142" contextid="1173" timestamp="2020-09-11T10:43:22.816">
  <scavenger-info tenureage="2" tenuremask="7ffc" tiltratio="58" />
  <memory-copied type="nursery" objects="1926076" bytes="53030472" bytesdiscarded="257392" />
  <ownableSynchronizers candidates="106421" cleared="87582" />
  <references type="soft" candidates="90810" cleared="0" enqueued="0" dynamicThreshold="9" maxThreshold="32" />
  <references type="weak" candidates="220" cleared="30" enqueued="0" />
</gc-op>
<gc-end id="1177" type="scavenge" contextid="1173" durationms="56.249" usertimems="420.509" systemtimems="9.041" timestamp="2020-09-11T10:43:22.817" activeThreads="8">
  <mem-info id="1178" free="771211192" total="1980497920" percent="38">
    <mem type="nursery" free="557618504" total="939524096" percent="59">
      <mem type="allocate" free="557618504" total="610992128" percent="91" />
      <mem type="survivor" free="0" total="328531968" percent="0" />
    </mem>
    <mem type="tenure" free="213592688" total="1040973824" percent="20" macro-fragmented="0">
      <mem type="soa" free="151133808" total="978514944" percent="15" />
      <mem type="loa" free="62458880" total="62458880" percent="100" />
    </mem>
    <remembered-set count="19099" />
  </mem-info>
</gc-end>
<cycle-end id="1179" type="scavenge" contextid="1173" timestamp="2020-09-11T10:43:22.820" />
<allocation-satisfied id="1180" threadId="0000000000786D00" bytesRequested="400" />
<af-end id="1181" timestamp="2020-09-11T10:43:22.820" threadId="0000000000787680" success="true" from="nursery"/>
<exclusive-end id="1182" timestamp="2020-09-11T10:43:22.820" durationms="60.174" />

<exclusive-start id="1183" timestamp="2020-09-11T10:43:26.755" intervalms="3995.396">
  <response-info timems="0.401" idlems="0.401" threads="0" lastid="0000000000786D00" lastname="Group1.Backend.CompositeBackend{Tier1}.2" />
</exclusive-start>
<af-start id="1184" threadId="0000000000787680" totalBytesRequested="262152" timestamp="2020-09-11T10:43:26.756" intervalms="3995.148" type="nursery" />
<cycle-start id="1185" type="scavenge" contextid="0" timestamp="2020-09-11T10:43:26.756" intervalms="3995.103" />
<gc-start id="1186" type="scavenge" contextid="1185" timestamp="2020-09-11T10:43:26.756">
  <mem-info id="1187" free="213834448" total="1980497920" percent="10">
    <mem type="nursery" free="242616" total="939524096" percent="0">
      <mem type="allocate" free="242616" total="610992128" percent="0" />
      <mem type="survivor" free="0" total="328531968" percent="0" />
    </mem>
    <mem type="tenure" free="213591832" total="1040973824" percent="20">
      <mem type="soa" free="151132952" total="978514944" percent="15" />
      <mem type="loa" free="62458880" total="62458880" percent="100" />
    </mem>
    <remembered-set count="125531" />
  </mem-info>
</gc-start>
<allocation-stats totalBytes="557038272" >
  <allocated-bytes non-tlh="19194744" tlh="537843528" />
  <largest-consumer threadName="Group1.Backend.CompositeBackend{Tier1}.3" threadId="0000000000844E00" bytes="83000368" />
</allocation-stats>
<gc-op id="1188" type="scavenge" timems="69.278" contextid="1185" timestamp="2020-09-11T10:43:26.826">
  <scavenger-info tenureage="3" tenuremask="7ff8" tiltratio="65" />
  <memory-copied type="nursery" objects="2950699" bytes="80232312" bytesdiscarded="126232" />
  <ownableSynchronizers candidates="118631" cleared="89001" />
  <references type="soft" candidates="114192" cleared="0" enqueued="0" dynamicThreshold="9" maxThreshold="32" />
  <references type="weak" candidates="363" cleared="57" enqueued="27" />
</gc-op>
<gc-end id="1189" type="scavenge" contextid="1185" durationms="70.597" usertimems="531.895" systemtimems="5.013" timestamp="2020-09-11T10:43:26.827" activeThreads="8">
  <mem-info id="1190" free="785734024" total="1980497920" percent="39">
    <mem type="nursery" free="572142192" total="939524096" percent="60">
      <mem type="allocate" free="572142192" total="652607488" percent="87" />
      <mem type="survivor" free="0" total="286916608" percent="0" />
    </mem>
    <mem type="tenure" free="213591832" total="1040973824" percent="20" macro-fragmented="242284">
      <mem type="soa" free="151132952" total="978514944" percent="15" />
      <mem type="loa" free="62458880" total="62458880" percent="100" />
    </mem>
    <pending-finalizers system="0" default="0" reference="27" classloader="0" />
    <remembered-set count="21975" />
  </mem-info>
</gc-end>
<cycle-end id="1191" type="scavenge" contextid="1185" timestamp="2020-09-11T10:43:26.845" />
<allocation-satisfied id="1192" threadId="0000000000786D00" bytesRequested="262152" />
<af-end id="1193" timestamp="2020-09-11T10:43:26.846" threadId="0000000000787680" success="true" from="nursery"/>
<exclusive-end id="1194" timestamp="2020-09-11T10:43:26.846" durationms="90.746" />

<exclusive-start id="1195" timestamp="2020-09-11T10:43:29.863" intervalms="3107.964">
  <response-info timems="0.215" idlems="0.215" threads="0" lastid="000000000087C200" lastname="Group1.Backend.CompositeBackend{Tier1}.7" />
</exclusive-start>
<af-start id="1196" threadId="000000000087CB80" totalBytesRequested="40" timestamp="2020-09-11T10:43:29.863" intervalms="3107.788" type="nursery" />
<cycle-start id="1197" type="scavenge" contextid="0" timestamp="2020-09-11T10:43:29.864" intervalms="3107.786" />
<gc-start id="1198" type="scavenge" contextid="1197" timestamp="2020-09-11T10:43:29.864">
  <mem-info id="1199" free="213591832" total="1980497920" percent="10">
    <mem type="nursery" free="0" total="939524096" percent="0">
      <mem type="allocate" free="0" total="652607488" percent="0" />
      <mem type="survivor" free="0" total="286916608" percent="0" />
    </mem>
    <mem type="tenure" free="213591832" total="1040973824" percent="20">
      <mem type="soa" free="151132952" total="978514944" percent="15" />
      <mem type="loa" free="62458880" total="62458880" percent="100" />
    </mem>
    <remembered-set count="129907" />
  </mem-info>
</gc-start>
<allocation-stats totalBytes="571798416" >
  <allocated-bytes non-tlh="18090224" tlh="553708192" />
  <largest-consumer threadName="Group1.Backend.CompositeBackend{Tier1}.3" threadId="0000000000844E00" bytes="79846992" />
</allocation-stats>
<gc-op id="1200" type="scavenge" timems="71.464" contextid="1197" timestamp="2020-09-11T10:43:29.936">
  <scavenger-info tenureage="3" tenuremask="7ff8" tiltratio="69" />
  <memory-copied type="nursery" objects="3010767" bytes="81548432" bytesdiscarded="147856" />
  <memory-copied type="tenure" objects="799664" bytes="22312184" bytesdiscarded="4896" />
  <finalization candidates="4" enqueued="3" />
  <ownableSynchronizers candidates="134154" cleared="93225" />
  <references type="soft" candidates="78602" cleared="0" enqueued="0" dynamicThreshold="9" maxThreshold="32" />
  <references type="weak" candidates="324" cleared="35" enqueued="0" />
</gc-op>
<gc-end id="1201" type="scavenge" contextid="1197" durationms="72.498" usertimems="531.958" systemtimems="16.242" timestamp="2020-09-11T10:43:29.936" activeThreads="8">
  <mem-info id="1202" free="800834048" total="1980497920" percent="40">
    <mem type="nursery" free="609663104" total="939524096" percent="64">
      <mem type="allocate" free="609663104" total="691470336" percent="88" />
      <mem type="survivor" free="0" total="248053760" percent="0" />
    </mem>
    <mem type="tenure" free="191170944" total="1040973824" percent="18" macro-fragmented="0">
      <mem type="soa" free="128712064" total="978514944" percent="13" />
      <mem type="loa" free="62458880" total="62458880" percent="100" />
    </mem>
    <pending-finalizers system="3" default="0" reference="0" classloader="0" />
    <remembered-set count="28590" />
  </mem-info>
</gc-end>
<cycle-end id="1203" type="scavenge" contextid="1197" timestamp="2020-09-11T10:43:29.940" />
<allocation-satisfied id="1204" threadId="000000000087C200" bytesRequested="40" />
<af-end id="1205" timestamp="2020-09-11T10:43:29.940" threadId="000000000087CB80" success="true" from="nursery"/>
<exclusive-end id="1206" timestamp="2020-09-11T10:43:29.940" durationms="77.617" />

<exclusive-start id="1207" timestamp="2020-09-11T10:43:32.718" intervalms="2855.142">
  <response-info timems="0.395" idlems="0.146" threads="2" lastid="000000000087C200" lastname="Group1.Backend.CompositeBackend{Tier1}.7" />
</exclusive-start>
<af-start id="1208" threadId="00000000008AAB80" totalBytesRequested="120" timestamp="2020-09-11T10:43:32.719" intervalms="2855.257" type="nursery" />
<cycle-start id="1209" type="scavenge" contextid="0" timestamp="2020-09-11T10:43:32.719" intervalms="2855.387" />
<gc-start id="1210" type="scavenge" contextid="1209" timestamp="2020-09-11T10:43:32.720">
  <mem-info id="1211" free="191170944" total="1980497920" percent="9">
    <mem type="nursery" free="0" total="939524096" percent="0">
      <mem type="allocate" free="0" total="691470336" percent="0" />
      <mem type="survivor" free="0" total="248053760" percent="0" />
    </mem>
    <mem type="tenure" free="191170944" total="1040973824" percent="18">
      <mem type="soa" free="128712064" total="978514944" percent="13" />
      <mem type="loa" free="62458880" total="62458880" percent="100" />
    </mem>
    <remembered-set count="142842" />
  </mem-info>
</gc-start>
<allocation-stats totalBytes="609285296" >
  <allocated-bytes non-tlh="17009376" tlh="592275920" />
  <largest-consumer threadName="Group1.Backend.CompositeBackend{Tier1}.4" threadId="0000000000845A00" bytes="85713624" />
</allocation-stats>
<gc-op id="1212" type="scavenge" timems="107.577" contextid="1209" timestamp="2020-09-11T10:43:32.828">
  <scavenger-info tenureage="3" tenuremask="7ff8" tiltratio="73" />
  <memory-copied type="nursery" objects="3087933" bytes="84100968" bytesdiscarded="230416" />
  <memory-copied type="tenure" objects="908314" bytes="24530280" bytesdiscarded="7088" />
  <finalization candidates="1" enqueued="0" />
  <ownableSynchronizers candidates="145830" cleared="100881" />
  <references type="soft" candidates="56849" cleared="0" enqueued="0" dynamicThreshold="9" maxThreshold="32" />
  <references type="weak" candidates="359" cleared="141" enqueued="126" />
</gc-op>
<gc-end id="1213" type="scavenge" contextid="1209" durationms="108.500" usertimems="796.658" systemtimems="24.912" timestamp="2020-09-11T10:43:32.828" activeThreads="8">
  <mem-info id="1214" free="803838448" total="1980497920" percent="40">
    <mem type="nursery" free="637163848" total="939524096" percent="67">
      <mem type="allocate" free="637163848" total="721616896" percent="88" />
      <mem type="survivor" free="0" total="217907200" percent="0" />
    </mem>
    <mem type="tenure" free="166674600" total="1040973824" percent="16" macro-fragmented="0">
      <mem type="soa" free="104215720" total="978514944" percent="10" />
      <mem type="loa" free="62458880" total="62458880" percent="100" />
    </mem>
    <pending-finalizers system="0" default="0" reference="126" classloader="0" />
    <remembered-set count="25701" />
  </mem-info>
</gc-end>
<cycle-end id="1215" type="scavenge" contextid="1209" timestamp="2020-09-11T10:43:32.831" />
<allocation-satisfied id="1216" threadId="00000000008AA200" bytesRequested="120" />
<af-end id="1217" timestamp="2020-09-11T10:43:32.831" threadId="00000000008AAB80" success="true" from="nursery"/>
<exclusive-end id="1218" timestamp="2020-09-11T10:43:32.831" durationms="112.891" />

<exclusive-start id="1219" timestamp="2020-09-11T10:43:35.404" intervalms="2686.156">
  <response-info timems="0.594" idlems="0.594" threads="0" lastid="0000000000786D00" lastname="Group1.Backend.CompositeBackend{Tier1}.2" />
</exclusive-start>
<af-start id="1220" threadId="0000000000787680" totalBytesRequested="400" timestamp="2020-09-11T10:43:35.405" intervalms="2686.136" type="nursery" />
<cycle-start id="1221" type="scavenge" contextid="0" timestamp="2020-09-11T10:43:35.405" intervalms="2686.031" />
<gc-start id="1222" type="scavenge" contextid="1221" timestamp="2020-09-11T10:43:35.406">
  <mem-info id="1223" free="166674600" total="1980497920" percent="8">
    <mem type="nursery" free="0" total="939524096" percent="0">
      <mem type="allocate" free="0" total="721616896" percent="0" />
      <mem type="survivor" free="0" total="217907200" percent="0" />
    </mem>
    <mem type="tenure" free="166674600" total="1040973824" percent="16">
      <mem type="soa" free="104215720" total="978514944" percent="10" />
      <mem type="loa" free="62458880" total="62458880" percent="100" />
    </mem>
    <remembered-set count="143174" />
  </mem-info>
</gc-start>
<allocation-stats totalBytes="636786616" >
  <allocated-bytes non-tlh="16753504" tlh="620033112" />
  <largest-consumer threadName="Group1.Backend.CompositeBackend{Tier1}.3" threadId="0000000000844E00" bytes="90608224" />
</allocation-stats>
<gc-op id="1224" type="scavenge" timems="104.208" contextid="1221" timestamp="2020-09-11T10:43:35.510">
  <scavenger-info tenureage="3" tenuremask="fff8" tiltratio="76" />
  <memory-copied type="nursery" objects="3193070" bytes="87092296" bytesdiscarded="226640" />
  <memory-copied type="tenure" objects="873091" bytes="23470200" bytesdiscarded="7248" />
  <finalization candidates="1" enqueued="0" />
  <ownableSynchronizers candidates="152199" cleared="105138" />
  <references type="soft" candidates="47625" cleared="0" enqueued="0" dynamicThreshold="9" maxThreshold="32" />
  <references type="weak" candidates="418" cleared="164" enqueued="144" />
</gc-op>
<gc-end id="1225" type="scavenge" contextid="1221" durationms="106.828" usertimems="788.076" systemtimems="8.564" timestamp="2020-09-11T10:43:35.513" activeThreads="8">
  <mem-info id="1226" free="800617720" total="1980497920" percent="40">
    <mem type="nursery" free="657568096" total="939524096" percent="69">
      <mem type="allocate" free="657568096" total="745013248" percent="88" />
      <mem type="survivor" free="0" total="194510848" percent="0" />
    </mem>
    <mem type="tenure" free="143049624" total="1040973824" percent="13" macro-fragmented="0">
      <mem type="soa" free="80590744" total="978514944" percent="8" />
      <mem type="loa" free="62458880" total="62458880" percent="100" />
    </mem>
    <pending-finalizers system="0" default="0" reference="144" classloader="0" />
    <remembered-set count="23815" />
  </mem-info>
</gc-end>
<cycle-end id="1227" type="scavenge" contextid="1221" timestamp="2020-09-11T10:43:35.522" />
<allocation-satisfied id="1228" threadId="0000000000786D00" bytesRequested="400" />
<af-end id="1229" timestamp="2020-09-11T10:43:35.522" threadId="0000000000787680" success="true" from="nursery"/>
<exclusive-end id="1230" timestamp="2020-09-11T10:43:35.522" durationms="117.858" />

<exclusive-start id="1231" timestamp="2020-09-11T10:43:37.525" intervalms="2121.282">
  <response-info timems="0.480" idlems="0.480" threads="0" lastid="0000000000782C00" lastname="Group1.Backend.CompositeBackend{Tier1}.1" />
</exclusive-start>
<af-start id="1232" threadId="0000000000783580" totalBytesRequested="524296" timestamp="2020-09-11T10:43:37.526" intervalms="2121.381" type="nursery" />
<cycle-start id="1233" type="scavenge" contextid="0" timestamp="2020-09-11T10:43:37.526" intervalms="2121.368" />
<gc-start id="1234" type="scavenge" contextid="1233" timestamp="2020-09-11T10:43:37.527">
  <mem-info id="1235" free="143439624" total="1980497920" percent="7">
    <mem type="nursery" free="390000" total="939524096" percent="0">
      <mem type="allocate" free="390000" total="745013248" percent="0" />
      <mem type="survivor" free="0" total="194510848" percent="0" />
    </mem>
    <mem type="tenure" free="143049624" total="1040973824" percent="13">
      <mem type="soa" free="80590744" total="978514944" percent="8" />
      <mem type="loa" free="62458880" total="62458880" percent="100" />
    </mem>
    <remembered-set count="138737" />
  </mem-info>
</gc-start>
<allocation-stats totalBytes="656801904" >
  <allocated-bytes non-tlh="29871928" tlh="626929976" />
  <largest-consumer threadName="Group1.Backend.CompositeBackend{Tier1}.6" threadId="0000000000873600" bytes="108139128" />
</allocation-stats>
<gc-op id="1236" type="scavenge" timems="90.294" contextid="1233" timestamp="2020-09-11T10:43:37.617">
  <scavenger-info tenureage="3" tenuremask="fff8" tiltratio="79" />
  <memory-copied type="nursery" objects="3349674" bytes="90981072" bytesdiscarded="176816" />
  <memory-copied type="tenure" objects="886969" bytes="23955824" bytesdiscarded="9808" />
  <finalization candidates="1" enqueued="0" />
  <ownableSynchronizers candidates="148568" cleared="100155" />
  <references type="soft" candidates="41902" cleared="0" enqueued="0" dynamicThreshold="9" maxThreshold="32" />
  <references type="weak" candidates="307" cleared="45" enqueued="0" />
</gc-op>
<gc-end id="1237" type="scavenge" contextid="1233" durationms="91.401" usertimems="689.321" systemtimems="1.552" timestamp="2020-09-11T10:43:37.618" activeThreads="8">
  <mem-info id="1238" free="790529712" total="1980497920" percent="39">
    <mem type="nursery" free="671361096" total="939524096" percent="71">
      <mem type="allocate" free="671361096" total="762642432" percent="88" />
      <mem type="survivor" free="0" total="176881664" percent="0" />
    </mem>
    <mem type="tenure" free="119168616" total="1040973824" percent="11" macro-fragmented="0">
      <mem type="soa" free="56709736" total="978514944" percent="5" />
      <mem type="loa" free="62458880" total="62458880" percent="100" />
    </mem>
    <remembered-set count="23782" />
  </mem-info>
</gc-end>
<cycle-end id="1239" type="scavenge" contextid="1233" timestamp="2020-09-11T10:43:37.622" />
<allocation-satisfied id="1240" threadId="0000000000782C00" bytesRequested="524296" />
<af-end id="1241" timestamp="2020-09-11T10:43:37.622" threadId="0000000000783580" success="true" from="nursery"/>
<exclusive-end id="1242" timestamp="2020-09-11T10:43:37.622" durationms="97.008" />

<exclusive-start id="1243" timestamp="2020-09-11T10:43:39.940" intervalms="2414.347">
  <response-info timems="0.451" idlems="0.239" threads="1" lastid="00000000008AA200" lastname="Group1.Backend.CompositeBackend{Tier1}.8" />
</exclusive-start>
<af-start id="1244" threadId="0000000000787680" totalBytesRequested="48" timestamp="2020-09-11T10:43:39.940" intervalms="2414.235" type="nursery" />
<cycle-start id="1245" type="scavenge" contextid="0" timestamp="2020-09-11T10:43:39.941" intervalms="2414.220" />
<gc-start id="1246" type="scavenge" contextid="1245" timestamp="2020-09-11T10:43:39.941">
  <mem-info id="1247" free="119168616" total="1980497920" percent="6">
    <mem type="nursery" free="0" total="939524096" percent="0">
      <mem type="allocate" free="0" total="762642432" percent="0" />
      <mem type="survivor" free="0" total="176881664" percent="0" />
    </mem>
    <mem type="tenure" free="119168616" total="1040973824" percent="11">
      <mem type="soa" free="56709736" total="978514944" percent="5" />
      <mem type="loa" free="62458880" total="62458880" percent="100" />
    </mem>
    <remembered-set count="146324" />
  </mem-info>
</gc-start>
<allocation-stats totalBytes="670925928" >
  <allocated-bytes non-tlh="16492952" tlh="654432976" />
  <largest-consumer threadName="Group1.Backend.CompositeBackend{Tier1}.1" threadId="0000000000782C00" bytes="92353744" />
</allocation-stats>
<gc-op id="1248" type="scavenge" timems="83.684" contextid="1245" timestamp="2020-09-11T10:43:40.025">
  <scavenger-info tenureage="3" tenuremask="fff8" tiltratio="81" />
  <memory-copied type="nursery" objects="3354674" bytes="90897744" bytesdiscarded="151192" />
  <memory-copied type="tenure" objects="961420" bytes="26706344" bytesdiscarded="8536" />
  <ownableSynchronizers candidates="162864" cleared="112150" />
  <references type="soft" candidates="39148" cleared="0" enqueued="0" dynamicThreshold="9" maxThreshold="32" />
  <references type="weak" candidates="495" cleared="209" enqueued="174" />
</gc-op>
<gc-end id="1249" type="scavenge" contextid="1245" durationms="84.732" usertimems="619.323" systemtimems="0.000" timestamp="2020-09-11T10:43:40.026" activeThreads="8">
  <mem-info id="1250" free="778811352" total="1980497920" percent="39">
    <mem type="nursery" free="686468008" total="939524096" percent="73">
      <mem type="allocate" free="686468008" total="777650176" percent="88" />
      <mem type="survivor" free="0" total="161873920" percent="0" />
    </mem>
    <mem type="tenure" free="92343344" total="1040973824" percent="8" macro-fragmented="0">
      <mem type="soa" free="29884464" total="978514944" percent="3" />
      <mem type="loa" free="62458880" total="62458880" percent="100" />
    </mem>
    <pending-finalizers system="0" default="0" reference="174" classloader="0" />
    <remembered-set count="27041" />
  </mem-info>
</gc-end>
<cycle-end id="1251" type="scavenge" contextid="1245" timestamp="2020-09-11T10:43:40.028" />
<allocation-satisfied id="1252" threadId="0000000000786D00" bytesRequested="48" />
<af-end id="1253" timestamp="2020-09-11T10:43:40.028" threadId="0000000000787680" success="true" from="nursery"/>
<exclusive-end id="1254" timestamp="2020-09-11T10:43:40.028" durationms="88.702" />

<exclusive-start id="1255" timestamp="2020-09-11T10:43:42.043" intervalms="2103.043">
  <response-info timems="9.169" idlems="9.169" threads="0" lastid="00000000008AA200" lastname="Group1.Backend.CompositeBackend{Tier1}.8" />
</exclusive-start>
<af-start id="1256" threadId="00000000008AAB80" totalBytesRequested="24" timestamp="2020-09-11T10:43:42.045" intervalms="2104.449" type="nursery" />
<cycle-start id="1257" type="scavenge" contextid="0" timestamp="2020-09-11T10:43:42.045" intervalms="2104.626" />
<gc-start id="1258" type="scavenge" contextid="1257" timestamp="2020-09-11T10:43:42.046">
  <mem-info id="1259" free="92343344" total="1980497920" percent="4">
    <mem type="nursery" free="0" total="939524096" percent="0">
      <mem type="allocate" free="0" total="777650176" percent="0" />
      <mem type="survivor" free="0" total="161873920" percent="0" />
    </mem>
    <mem type="tenure" free="92343344" total="1040973824" percent="8">
      <mem type="soa" free="29884464" total="978514944" percent="3" />
      <mem type="loa" free="62458880" total="62458880" percent="100" />
    </mem>
    <remembered-set count="147166" />
  </mem-info>
</gc-start>
<allocation-stats totalBytes="686043720" >
  <allocated-bytes non-tlh="26969448" tlh="659074272" />
  <largest-consumer threadName="Group1.Backend.CompositeBackend{Tier1}.7" threadId="000000000087C200" bytes="104147712" />
</allocation-stats>
<gc-op id="1260" type="scavenge" timems="138.375" contextid="1257" timestamp="2020-09-11T10:43:42.185">
  <scavenger-info tenureage="3" tenuremask="fff8" tiltratio="82" />
  <memory-copied type="nursery" objects="3323670" bytes="91483336" bytesdiscarded="163560" />
  <memory-copied type="tenure" objects="968903" bytes="26232664" bytesdiscarded="8064" />
  <ownableSynchronizers candidates="160074" cleared="108439" />
  <references type="soft" candidates="36791" cleared="0" enqueued="0" dynamicThreshold="9" maxThreshold="32" />
  <references type="weak" candidates="324" cleared="30" enqueued="0" />
</gc-op>
<gc-end id="1261" type="scavenge" contextid="1257" durationms="139.676" usertimems="924.655" systemtimems="26.742" timestamp="2020-09-11T10:43:42.186" activeThreads="8">
  <mem-info id="1262" free="763569288" total="1980497920" percent="38">
    <mem type="nursery" free="697603168" total="939524096" percent="74">
      <mem type="allocate" free="697603168" total="789381120" percent="88" />
      <mem type="survivor" free="0" total="150142976" percent="0" />
    </mem>
    <mem type="tenure" free="65966120" total="1040973824" percent="6" macro-fragmented="0">
      <mem type="soa" free="3507240" total="978514944" percent="0" />
      <mem type="loa" free="62458880" total="62458880" percent="100" />
    </mem>
    <remembered-set count="26835" />
  </mem-info>
</gc-end>
<cycle-end id="1263" type="scavenge" contextid="1257" timestamp="2020-09-11T10:43:42.188" />
<allocation-satisfied id="1264" threadId="00000000008AA200" bytesRequested="24" />
<af-end id="1265" timestamp="2020-09-11T10:43:42.188" threadId="00000000008AAB80" success="true" from="nursery"/>
<exclusive-end id="1266" timestamp="2020-09-11T10:43:42.188" durationms="145.280" />

<exclusive-start id="1267" timestamp="2020-09-11T10:43:44.056" intervalms="2012.887">
  <response-info timems="0.792" idlems="0.459" threads="2" lastid="0000000000844E00" lastname="Group1.Backend.CompositeBackend{Tier1}.3" />
</exclusive-start>
<af-start id="1268" threadId="00000000008AAB80" totalBytesRequested="16" timestamp="2020-09-11T10:43:44.056" intervalms="2011.409" type="nursery" />
<cycle-start id="1269" type="scavenge" contextid="0" timestamp="2020-09-11T10:43:44.056" intervalms="2011.249" />
<gc-start id="1270" type="scavenge" contextid="1269" timestamp="2020-09-11T10:43:44.057">
  <mem-info id="1271" free="65966120" total="1980497920" percent="3">
    <mem type="nursery" free="0" total="939524096" percent="0">
      <mem type="allocate" free="0" total="789381120" percent="0" />
      <mem type="survivor" free="0" total="150142976" percent="0" />
    </mem>
    <mem type="tenure" free="65966120" total="1040973824" percent="6">
      <mem type="soa" free="3507240" total="978514944" percent="0" />
      <mem type="loa" free="62458880" total="62458880" percent="100" />
    </mem>
    <remembered-set count="150308" />
  </mem-info>
</gc-start>
<allocation-stats totalBytes="697169816" >
  <allocated-bytes non-tlh="18738320" tlh="678431496" />
  <largest-consumer threadName="Group1.Backend.CompositeBackend{Tier1}.4" threadId="0000000000845A00" bytes="124709232" />
</allocation-stats>
<gc-op id="1272" type="scavenge" timems="114.950" contextid="1269" timestamp="2020-09-11T10:43:44.172">
  <scavenger-info tenureage="3" tenuremask="fff8" tiltratio="84" />
  <memory-copied type="nursery" objects="3862051" bytes="104239472" bytesdiscarded="262496" />
  <memory-copied type="tenure" objects="894240" bytes="24252392" bytesdiscarded="7632" />
  <ownableSynchronizers candidates="166954" cleared="114213" />
  <references type="soft" candidates="36401" cleared="0" enqueued="0" dynamicThreshold="9" maxThreshold="32" />
  <references type="weak" candidates="523" cleared="223" enqueued="198" />
  <heap-resize type="expand" space="tenure" amount="22020096" count="21" timems="6.136" reason="continue current collection" />
</gc-op>
<gc-end id="1273" type="scavenge" contextid="1269" durationms="116.030" usertimems="879.320" systemtimems="6.927" timestamp="2020-09-11T10:43:44.173" activeThreads="8">
  <mem-info id="1274" free="763807568" total="2002518016" percent="38">
    <mem type="nursery" free="700009312" total="939524096" percent="74">
      <mem type="allocate" free="700009312" total="804651008" percent="86" />
      <mem type="survivor" free="0" total="134873088" percent="0" />
    </mem>
    <mem type="tenure" free="63798256" total="1062993920" percent="6" macro-fragmented="27735676">
      <mem type="soa" free="18416" total="999214080" percent="0" />
      <mem type="loa" free="63779840" total="63779840" percent="100" />
    </mem>
    <pending-finalizers system="0" default="0" reference="198" classloader="0" />
    <remembered-set count="24279" />
  </mem-info>
</gc-end>
<cycle-end id="1275" type="scavenge" contextid="1269" timestamp="2020-09-11T10:43:44.176" />
<allocation-satisfied id="1276" threadId="00000000008AA200" bytesRequested="16" />
<af-end id="1277" timestamp="2020-09-11T10:43:44.176" threadId="00000000008AAB80" success="true" from="nursery"/>
<exclusive-end id="1278" timestamp="2020-09-11T10:43:44.176" durationms="120.126" />

<exclusive-start id="1279" timestamp="2020-09-11T10:43:45.916" intervalms="1860.021">
  <response-info timems="16.706" idlems="16.706" threads="0" lastid="00000000007FBE00" lastname="MapReducer.2" />
</exclusive-start>
<af-start id="1280" threadId="00000000007FC780" totalBytesRequested="32" timestamp="2020-09-11T10:43:45.917" intervalms="1860.812" type="nursery" />
<cycle-start id="1281" type="scavenge" contextid="0" timestamp="2020-09-11T10:43:45.917" intervalms="1860.875" />
<gc-start id="1282" type="scavenge" contextid="1281" timestamp="2020-09-11T10:43:45.918">
  <mem-info id="1283" free="63798256" total="2002518016" percent="3">
    <mem type="nursery" free="0" total="939524096" percent="0">
      <mem type="allocate" free="0" total="804651008" percent="0" />
      <mem type="survivor" free="0" total="134873088" percent="0" />
    </mem>
    <mem type="tenure" free="63798256" total="1062993920" percent="6">
      <mem type="soa" free="18416" total="999214080" percent="0" />
      <mem type="loa" free="63779840" total="63779840" percent="100" />
    </mem>
    <remembered-set count="148020" />
  </mem-info>
</gc-start>
<allocation-stats totalBytes="699544904" >
  <allocated-bytes non-tlh="22158568" tlh="677386336" />
  <largest-consumer threadName="Group1.Backend.CompositeBackend{Tier1}.6" threadId="0000000000873600" bytes="108960408" />
</allocation-stats>
<gc-op id="1284" type="scavenge" timems="100.699" contextid="1281" timestamp="2020-09-11T10:43:46.019">
  <scavenger-info tenureage="3" tenuremask="7ff8" tiltratio="85" />
  <memory-copied type="nursery" objects="3556611" bytes="97559808" bytesdiscarded="174952" />
  <memory-copied type="tenure" objects="1016509" bytes="27940584" bytesdiscarded="7000" />
  <ownableSynchronizers candidates="169251" cleared="114757" />
  <references type="soft" candidates="35330" cleared="0" enqueued="0" dynamicThreshold="9" maxThreshold="32" />
  <references type="weak" candidates="343" cleared="35" enqueued="0" />
  <heap-resize type="expand" space="tenure" amount="30408704" count="29" timems="7.618" reason="continue current collection" />
</gc-op>
<gc-end id="1285" type="scavenge" contextid="1281" durationms="101.790" usertimems="738.695" systemtimems="16.145" timestamp="2020-09-11T10:43:46.020" activeThreads="8">
  <mem-info id="1286" free="776499880" total="2032926720" percent="38">
    <mem type="nursery" free="710383016" total="939524096" percent="75">
      <mem type="allocate" free="710383016" total="808255488" percent="87" />
      <mem type="survivor" free="0" total="131268608" percent="0" />
    </mem>
    <mem type="tenure" free="66116864" total="1093402624" percent="6" macro-fragmented="0">
      <mem type="soa" free="512256" total="1027798016" percent="0" />
      <mem type="loa" free="65604608" total="65604608" percent="100" />
    </mem>
    <remembered-set count="24376" />
  </mem-info>
</gc-end>
<cycle-end id="1287" type="scavenge" contextid="1281" timestamp="2020-09-11T10:43:46.023" />
<allocation-satisfied id="1288" threadId="00000000007FBE00" bytesRequested="32" />
<af-end id="1289" timestamp="2020-09-11T10:43:46.023" threadId="00000000007FC780" success="true" from="nursery"/>
<exclusive-end id="1290" timestamp="2020-09-11T10:43:46.023" durationms="107.124" />

</verbosegc>

