<?xml version="1.0" ?>

<verbosegc xmlns="http://www.ibm.com/j9/verbosegc" version="c1dd04cca_CMPRSS">

!@: MM_VerboseWriterFileLoggingSynchronous::openFile

!@: After Trigger

<exclusive-start id="3652" timestamp="2020-09-11T10:54:31.117" intervalms="2013.913">
  <response-info timems="3.901" idlems="3.901" threads="0" lastid="000000000089D400" lastname="Group1.Backend.CompositeBackend{Tier1}.8" />
</exclusive-start>
<af-start id="3653" threadId="000000000089DD80" totalBytesRequested="24" timestamp="2020-09-11T10:54:31.118" intervalms="2014.075" type="nursery" />
<cycle-start id="3654" type="scavenge" contextid="0" timestamp="2020-09-11T10:54:31.118" intervalms="2014.081" />
<gc-start id="3655" type="scavenge" contextid="3654" timestamp="2020-09-11T10:54:31.119">
  <mem-info id="3656" free="613601392" total="2836725760" percent="21">
    <mem type="nursery" free="0" total="939524096" percent="0">
      <mem type="allocate" free="0" total="781320192" percent="0" />
      <mem type="survivor" free="0" total="158203904" percent="0" />
    </mem>
    <mem type="tenure" free="613601392" total="1897201664" percent="32">
      <mem type="soa" free="499768432" total="1783368704" percent="28" />
      <mem type="loa" free="113832960" total="113832960" percent="100" />
    </mem>
    <remembered-set count="190792" />
  </mem-info>
</gc-start>
<allocation-stats totalBytes="653160920" >
  <allocated-bytes non-tlh="33855808" tlh="619305112" />
  <largest-consumer threadName="Group1.Backend.CompositeBackend{Tier1}.7" threadId="0000000000891B00" bytes="96782352" />
</allocation-stats>
<gc-op id="3657" type="scavenge" timems="133.981" contextid="3654" timestamp="2020-09-11T10:54:31.253">
  <scavenger-info tenureage="3" tenuremask="7ff8" tiltratio="83" />
  <memory-copied type="nursery" objects="4362234" bytes="115926880" bytesdiscarded="228640" />
  <memory-copied type="tenure" objects="1073912" bytes="28871808" bytesdiscarded="83504" />
  <ownableSynchronizers candidates="3377" cleared="3026" />
  <references type="soft" candidates="302" cleared="0" enqueued="0" dynamicThreshold="18" maxThreshold="32" />
  <references type="weak" candidates="107" cleared="107" enqueued="0" />
</gc-op>
<gc-end id="3658" type="scavenge" contextid="3654" durationms="134.880" usertimems="973.126" systemtimems="16.722" timestamp="2020-09-11T10:54:31.253" activeThreads="8">
  <mem-info id="3659" free="1252814968" total="2836725760" percent="44">
    <mem type="nursery" free="668164304" total="939524096" percent="71">
      <mem type="allocate" free="668164304" total="784400384" percent="85" />
      <mem type="survivor" free="0" total="155123712" percent="0" />
    </mem>
    <mem type="tenure" free="584650664" total="1897201664" percent="30" macro-fragmented="0">
      <mem type="soa" free="470817704" total="1783368704" percent="26" />
      <mem type="loa" free="113832960" total="113832960" percent="100" />
    </mem>
    <remembered-set count="31321" />
  </mem-info>
</gc-end>
<cycle-end id="3660" type="scavenge" contextid="3654" timestamp="2020-09-11T10:54:31.254" />
<allocation-satisfied id="3661" threadId="000000000089D400" bytesRequested="24" />
<af-end id="3662" timestamp="2020-09-11T10:54:31.254" threadId="000000000089DD80" success="true" from="nursery"/>
<exclusive-end id="3663" timestamp="2020-09-11T10:54:31.254" durationms="136.788" />

<exclusive-start id="3664" timestamp="2020-09-11T10:54:33.119" intervalms="2001.807">
  <response-info timems="0.381" idlems="0.381" threads="0" lastid="000000000089D400" lastname="Group1.Backend.CompositeBackend{Tier1}.8" />
</exclusive-start>
<af-start id="3665" threadId="000000000089DD80" totalBytesRequested="267144" timestamp="2020-09-11T10:54:33.120" intervalms="2001.692" type="nursery" />
<cycle-start id="3666" type="scavenge" contextid="0" timestamp="2020-09-11T10:54:33.120" intervalms="2001.697" />
<gc-start id="3667" type="scavenge" contextid="3666" timestamp="2020-09-11T10:54:33.120">
  <mem-info id="3668" free="584716840" total="2836725760" percent="20">
    <mem type="nursery" free="66176" total="939524096" percent="0">
      <mem type="allocate" free="66176" total="784400384" percent="0" />
      <mem type="survivor" free="0" total="155123712" percent="0" />
    </mem>
    <mem type="tenure" free="584650664" total="1897201664" percent="30">
      <mem type="soa" free="470817704" total="1783368704" percent="26" />
      <mem type="loa" free="113832960" total="113832960" percent="100" />
    </mem>
    <remembered-set count="191592" />
  </mem-info>
</gc-start>
<allocation-stats totalBytes="667768512" >
  <allocated-bytes non-tlh="33440344" tlh="634328168" />
  <largest-consumer threadName="Group1.Backend.CompositeBackend{Tier1}.8" threadId="000000000089D400" bytes="106284960" />
</allocation-stats>
<gc-op id="3669" type="scavenge" timems="100.551" contextid="3666" timestamp="2020-09-11T10:54:33.221">
  <scavenger-info tenureage="3" tenuremask="7ff8" tiltratio="83" />
  <memory-copied type="nursery" objects="4311339" bytes="114448344" bytesdiscarded="473632" />
  <memory-copied type="tenure" objects="1109017" bytes="29808040" bytesdiscarded="100112" />
  <ownableSynchronizers candidates="3700" cleared="3362" />
  <references type="soft" candidates="274" cleared="0" enqueued="0" dynamicThreshold="18" maxThreshold="32" />
  <references type="weak" candidates="107" cleared="107" enqueued="0" />
</gc-op>
<gc-end id="3670" type="scavenge" contextid="3666" durationms="101.462" usertimems="781.119" systemtimems="9.865" timestamp="2020-09-11T10:54:33.222" activeThreads="8">
  <mem-info id="3671" free="1229253504" total="2836725760" percent="43">
    <mem type="nursery" free="674443080" total="939524096" percent="71">
      <mem type="allocate" free="674443080" total="789446656" percent="85" />
      <mem type="survivor" free="0" total="150077440" percent="0" />
    </mem>
    <mem type="tenure" free="554810424" total="1897201664" percent="29" macro-fragmented="0">
      <mem type="soa" free="440977464" total="1783368704" percent="24" />
      <mem type="loa" free="113832960" total="113832960" percent="100" />
    </mem>
    <remembered-set count="31498" />
  </mem-info>
</gc-end>
<cycle-end id="3672" type="scavenge" contextid="3666" timestamp="2020-09-11T10:54:33.222" />
<allocation-satisfied id="3673" threadId="000000000089D400" bytesRequested="267144" />
<af-end id="3674" timestamp="2020-09-11T10:54:33.222" threadId="000000000089DD80" success="true" from="nursery"/>
<exclusive-end id="3675" timestamp="2020-09-11T10:54:33.222" durationms="103.119" />

<exclusive-start id="3676" timestamp="2020-09-11T10:54:35.158" intervalms="2038.881">
  <response-info timems="3.261" idlems="3.261" threads="0" lastid="000000000089D400" lastname="Group1.Backend.CompositeBackend{Tier1}.8" />
</exclusive-start>
<af-start id="3677" threadId="000000000089DD80" totalBytesRequested="664" timestamp="2020-09-11T10:54:35.159" intervalms="2038.862" type="nursery" />
<cycle-start id="3678" type="scavenge" contextid="0" timestamp="2020-09-11T10:54:35.159" intervalms="2038.859" />
<gc-start id="3679" type="scavenge" contextid="3678" timestamp="2020-09-11T10:54:35.159">
  <mem-info id="3680" free="554810424" total="2836725760" percent="19">
    <mem type="nursery" free="0" total="939524096" percent="0">
      <mem type="allocate" free="0" total="789446656" percent="0" />
      <mem type="survivor" free="0" total="150077440" percent="0" />
    </mem>
    <mem type="tenure" free="554810424" total="1897201664" percent="29">
      <mem type="soa" free="440977464" total="1783368704" percent="24" />
      <mem type="loa" free="113832960" total="113832960" percent="100" />
    </mem>
    <remembered-set count="193979" />
  </mem-info>
</gc-start>
<allocation-stats totalBytes="674117392" >
  <allocated-bytes non-tlh="29518920" tlh="644598472" />
  <largest-consumer threadName="Group1.Backend.CompositeBackend{Tier1}.6" threadId="000000000088A300" bytes="111891936" />
</allocation-stats>
<gc-op id="3681" type="scavenge" timems="116.730" contextid="3678" timestamp="2020-09-11T10:54:35.276">
  <scavenger-info tenureage="3" tenuremask="7ff8" tiltratio="84" />
  <memory-copied type="nursery" objects="4433648" bytes="117388032" bytesdiscarded="201696" />
  <memory-copied type="tenure" objects="1109458" bytes="29967016" bytesdiscarded="87712" />
  <ownableSynchronizers candidates="4353" cleared="4028" />
  <references type="soft" candidates="262" cleared="0" enqueued="0" dynamicThreshold="18" maxThreshold="32" />
  <references type="weak" candidates="117" cleared="117" enqueued="0" />
</gc-op>
<gc-end id="3682" type="scavenge" contextid="3678" durationms="118.306" usertimems="833.094" systemtimems="0.000" timestamp="2020-09-11T10:54:35.277" activeThreads="8">
  <mem-info id="3683" free="1199479256" total="2836725760" percent="42">
    <mem type="nursery" free="674853408" total="939524096" percent="71">
      <mem type="allocate" free="674853408" total="792526848" percent="85" />
      <mem type="survivor" free="0" total="146997248" percent="0" />
    </mem>
    <mem type="tenure" free="524625848" total="1897201664" percent="27" macro-fragmented="0">
      <mem type="soa" free="410792888" total="1783368704" percent="23" />
      <mem type="loa" free="113832960" total="113832960" percent="100" />
    </mem>
    <remembered-set count="32051" />
  </mem-info>
</gc-end>
<cycle-end id="3684" type="scavenge" contextid="3678" timestamp="2020-09-11T10:54:35.278" />
<allocation-satisfied id="3685" threadId="000000000089D400" bytesRequested="664" />
<af-end id="3686" timestamp="2020-09-11T10:54:35.278" threadId="000000000089DD80" success="true" from="nursery"/>
<exclusive-end id="3687" timestamp="2020-09-11T10:54:35.278" durationms="120.387" />

<exclusive-start id="3688" timestamp="2020-09-11T10:54:37.241" intervalms="2083.065">
  <response-info timems="0.486" idlems="0.486" threads="0" lastid="0000000000855600" lastname="Group1.Backend.CompositeBackend{Tier1}.5" />
</exclusive-start>
<af-start id="3689" threadId="0000000000855F80" totalBytesRequested="16" timestamp="2020-09-11T10:54:37.242" intervalms="2083.262" type="nursery" />
<cycle-start id="3690" type="scavenge" contextid="0" timestamp="2020-09-11T10:54:37.242" intervalms="2083.412" />
<gc-start id="3691" type="scavenge" contextid="3690" timestamp="2020-09-11T10:54:37.243">
  <mem-info id="3692" free="524625848" total="2836725760" percent="18">
    <mem type="nursery" free="0" total="939524096" percent="0">
      <mem type="allocate" free="0" total="792526848" percent="0" />
      <mem type="survivor" free="0" total="146997248" percent="0" />
    </mem>
    <mem type="tenure" free="524625848" total="1897201664" percent="27">
      <mem type="soa" free="410792888" total="1783368704" percent="23" />
      <mem type="loa" free="113832960" total="113832960" percent="100" />
    </mem>
    <remembered-set count="193161" />
  </mem-info>
</gc-start>
<allocation-stats totalBytes="674527240" >
  <allocated-bytes non-tlh="31884080" tlh="642643160" />
  <largest-consumer threadName="Group1.Backend.CompositeBackend{Tier1}.7" threadId="0000000000891B00" bytes="104216496" />
</allocation-stats>
<gc-op id="3693" type="scavenge" timems="105.892" contextid="3690" timestamp="2020-09-11T10:54:37.349">
  <scavenger-info tenureage="3" tenuremask="7ff8" tiltratio="84" />
  <memory-copied type="nursery" objects="4504173" bytes="118931168" bytesdiscarded="255952" />
  <memory-copied type="tenure" objects="1049832" bytes="28188840" bytesdiscarded="89008" />
  <ownableSynchronizers candidates="4007" cleared="3698" />
  <references type="soft" candidates="277" cleared="0" enqueued="0" dynamicThreshold="18" maxThreshold="32" />
  <references type="weak" candidates="118" cleared="118" enqueued="0" />
</gc-op>
<gc-end id="3694" type="scavenge" contextid="3690" durationms="106.750" usertimems="816.338" systemtimems="8.798" timestamp="2020-09-11T10:54:37.349" activeThreads="8">
  <mem-info id="3695" free="1172087248" total="2836725760" percent="41">
    <mem type="nursery" free="675614968" total="939524096" percent="71">
      <mem type="allocate" free="675614968" total="794886144" percent="84" />
      <mem type="survivor" free="0" total="144637952" percent="0" />
    </mem>
    <mem type="tenure" free="496472280" total="1897201664" percent="26" macro-fragmented="0">
      <mem type="soa" free="382639320" total="1783368704" percent="21" />
      <mem type="loa" free="113832960" total="113832960" percent="100" />
    </mem>
    <remembered-set count="29902" />
  </mem-info>
</gc-end>
<cycle-end id="3696" type="scavenge" contextid="3690" timestamp="2020-09-11T10:54:37.350" />
<allocation-satisfied id="3697" threadId="0000000000855600" bytesRequested="16" />
<af-end id="3698" timestamp="2020-09-11T10:54:37.350" threadId="0000000000855F80" success="true" from="nursery"/>
<exclusive-end id="3699" timestamp="2020-09-11T10:54:37.350" durationms="108.589" />

<exclusive-start id="3700" timestamp="2020-09-11T10:54:39.313" intervalms="2071.918">
  <response-info timems="2.472" idlems="2.472" threads="0" lastid="000000000089D400" lastname="Group1.Backend.CompositeBackend{Tier1}.8" />
</exclusive-start>
<af-start id="3701" threadId="000000000089DD80" totalBytesRequested="16" timestamp="2020-09-11T10:54:39.314" intervalms="2071.770" type="nursery" />
<cycle-start id="3702" type="scavenge" contextid="0" timestamp="2020-09-11T10:54:39.314" intervalms="2071.620" />
<gc-start id="3703" type="scavenge" contextid="3702" timestamp="2020-09-11T10:54:39.314">
  <mem-info id="3704" free="496472280" total="2836725760" percent="17">
    <mem type="nursery" free="0" total="939524096" percent="0">
      <mem type="allocate" free="0" total="794886144" percent="0" />
      <mem type="survivor" free="0" total="144637952" percent="0" />
    </mem>
    <mem type="tenure" free="496472280" total="1897201664" percent="26">
      <mem type="soa" free="382639320" total="1783368704" percent="21" />
      <mem type="loa" free="113832960" total="113832960" percent="100" />
    </mem>
    <remembered-set count="193582" />
  </mem-info>
</gc-start>
<allocation-stats totalBytes="675264408" >
  <allocated-bytes non-tlh="30022712" tlh="645241696" />
  <largest-consumer threadName="Group1.Backend.CompositeBackend{Tier1}.4" threadId="0000000000854B00" bytes="90479856" />
</allocation-stats>
<gc-op id="3705" type="scavenge" timems="108.871" contextid="3702" timestamp="2020-09-11T10:54:39.423">
  <scavenger-info tenureage="3" tenuremask="7ff8" tiltratio="84" />
  <memory-copied type="nursery" objects="4173233" bytes="111398816" bytesdiscarded="226560" />
  <memory-copied type="tenure" objects="1038502" bytes="27903176" bytesdiscarded="84920" />
  <ownableSynchronizers candidates="3888" cleared="3565" />
  <references type="soft" candidates="276" cleared="0" enqueued="0" dynamicThreshold="18" maxThreshold="32" />
  <references type="weak" candidates="103" cleared="103" enqueued="0" />
</gc-op>
<gc-end id="3706" type="scavenge" contextid="3702" durationms="109.681" usertimems="796.302" systemtimems="2.407" timestamp="2020-09-11T10:54:39.424" activeThreads="8">
  <mem-info id="3707" free="1153920320" total="2836725760" percent="40">
    <mem type="nursery" free="685464568" total="939524096" percent="72">
      <mem type="allocate" free="685464568" total="797179904" percent="85" />
      <mem type="survivor" free="0" total="142344192" percent="0" />
    </mem>
    <mem type="tenure" free="468455752" total="1897201664" percent="24" macro-fragmented="0">
      <mem type="soa" free="354622792" total="1783368704" percent="19" />
      <mem type="loa" free="113832960" total="113832960" percent="100" />
    </mem>
    <remembered-set count="30354" />
  </mem-info>
</gc-end>
<cycle-end id="3708" type="scavenge" contextid="3702" timestamp="2020-09-11T10:54:39.425" />
<allocation-satisfied id="3709" threadId="000000000089D400" bytesRequested="16" />
<af-end id="3710" timestamp="2020-09-11T10:54:39.425" threadId="000000000089DD80" success="true" from="nursery"/>
<exclusive-end id="3711" timestamp="2020-09-11T10:54:39.425" durationms="111.742" />

<exclusive-start id="3712" timestamp="2020-09-11T10:54:41.319" intervalms="2005.567">
  <response-info timems="5.097" idlems="5.097" threads="0" lastid="000000000077FE00" lastname="Group1.Backend.CompositeBackend{Tier1}.1" />
</exclusive-start>
<af-start id="3713" threadId="0000000000780780" totalBytesRequested="16" timestamp="2020-09-11T10:54:41.320" intervalms="2005.925" type="nursery" />
<cycle-start id="3714" type="scavenge" contextid="0" timestamp="2020-09-11T10:54:41.320" intervalms="2005.984" />
<gc-start id="3715" type="scavenge" contextid="3714" timestamp="2020-09-11T10:54:41.320">
  <mem-info id="3716" free="468455752" total="2836725760" percent="16">
    <mem type="nursery" free="0" total="939524096" percent="0">
      <mem type="allocate" free="0" total="797179904" percent="0" />
      <mem type="survivor" free="0" total="142344192" percent="0" />
    </mem>
    <mem type="tenure" free="468455752" total="1897201664" percent="24">
      <mem type="soa" free="354622792" total="1783368704" percent="19" />
      <mem type="loa" free="113832960" total="113832960" percent="100" />
    </mem>
    <remembered-set count="189572" />
  </mem-info>
</gc-start>
<allocation-stats totalBytes="685131960" >
  <allocated-bytes non-tlh="37901280" tlh="647230680" />
  <largest-consumer threadName="Group1.Backend.CompositeBackend{Tier1}.6" threadId="000000000088A300" bytes="95100376" />
</allocation-stats>
<gc-op id="3717" type="scavenge" timems="134.320" contextid="3714" timestamp="2020-09-11T10:54:41.455">
  <scavenger-info tenureage="3" tenuremask="7ff8" tiltratio="84" />
  <memory-copied type="nursery" objects="4422468" bytes="117361456" bytesdiscarded="229992" />
  <memory-copied type="tenure" objects="1085562" bytes="29183592" bytesdiscarded="94392" />
  <ownableSynchronizers candidates="3895" cleared="3565" />
  <references type="soft" candidates="281" cleared="0" enqueued="0" dynamicThreshold="18" maxThreshold="32" />
  <references type="weak" candidates="128" cleared="128" enqueued="0" />
</gc-op>
<gc-end id="3718" type="scavenge" contextid="3714" durationms="135.412" usertimems="941.200" systemtimems="22.980" timestamp="2020-09-11T10:54:41.455" activeThreads="8">
  <mem-info id="3719" free="1119541432" total="2836725760" percent="39">
    <mem type="nursery" free="680354728" total="939524096" percent="72">
      <mem type="allocate" free="680354728" total="798031872" percent="85" />
      <mem type="survivor" free="0" total="141492224" percent="0" />
    </mem>
    <mem type="tenure" free="439186704" total="1897201664" percent="23" macro-fragmented="0">
      <mem type="soa" free="325353744" total="1783368704" percent="18" />
      <mem type="loa" free="113832960" total="113832960" percent="100" />
    </mem>
    <remembered-set count="29319" />
  </mem-info>
</gc-end>
<cycle-end id="3720" type="scavenge" contextid="3714" timestamp="2020-09-11T10:54:41.456" />
<allocation-satisfied id="3721" threadId="000000000077FE00" bytesRequested="16" />
<af-end id="3722" timestamp="2020-09-11T10:54:41.456" threadId="0000000000780780" success="true" from="nursery"/>
<exclusive-end id="3723" timestamp="2020-09-11T10:54:41.456" durationms="137.382" />

<exclusive-start id="3724" timestamp="2020-09-11T10:54:43.466" intervalms="2147.424">
  <response-info timems="0.560" idlems="0.285" threads="1" lastid="0000000000854B00" lastname="Group1.Backend.CompositeBackend{Tier1}.4" />
</exclusive-start>
<af-start id="3725" threadId="000000000077FB80" totalBytesRequested="24" timestamp="2020-09-11T10:54:43.467" intervalms="2147.111" type="nursery" />
<cycle-start id="3726" type="scavenge" contextid="0" timestamp="2020-09-11T10:54:43.467" intervalms="2147.068" />
<gc-start id="3727" type="scavenge" contextid="3726" timestamp="2020-09-11T10:54:43.467">
  <mem-info id="3728" free="439186704" total="2836725760" percent="15">
    <mem type="nursery" free="0" total="939524096" percent="0">
      <mem type="allocate" free="0" total="798031872" percent="0" />
      <mem type="survivor" free="0" total="141492224" percent="0" />
    </mem>
    <mem type="tenure" free="439186704" total="1897201664" percent="23">
      <mem type="soa" free="325353744" total="1783368704" percent="18" />
      <mem type="loa" free="113832960" total="113832960" percent="100" />
    </mem>
    <remembered-set count="195030" />
  </mem-info>
</gc-start>
<allocation-stats totalBytes="680016248" >
  <allocated-bytes non-tlh="28291040" tlh="651725208" />
  <largest-consumer threadName="Group1.Backend.CompositeBackend{Tier1}.6" threadId="000000000088A300" bytes="94392248" />
</allocation-stats>
<gc-op id="3729" type="scavenge" timems="111.302" contextid="3726" timestamp="2020-09-11T10:54:43.579">
  <scavenger-info tenureage="3" tenuremask="7ff8" tiltratio="84" />
  <memory-copied type="nursery" objects="4018563" bytes="107884488" bytesdiscarded="162992" />
  <memory-copied type="tenure" objects="1066757" bytes="28684296" bytesdiscarded="107704" />
  <ownableSynchronizers candidates="3961" cleared="3630" />
  <references type="soft" candidates="271" cleared="0" enqueued="0" dynamicThreshold="18" maxThreshold="32" />
  <references type="weak" candidates="122" cleared="122" enqueued="0" />
</gc-op>
<gc-end id="3730" type="scavenge" contextid="3726" durationms="112.666" usertimems="805.956" systemtimems="0.000" timestamp="2020-09-11T10:54:43.580" activeThreads="8">
  <mem-info id="3731" free="1102309712" total="2836725760" percent="38">
    <mem type="nursery" free="691868928" total="939524096" percent="73">
      <mem type="allocate" free="691868928" total="799997952" percent="86" />
      <mem type="survivor" free="0" total="139526144" percent="0" />
    </mem>
    <mem type="tenure" free="410440784" total="1897201664" percent="21" macro-fragmented="0">
      <mem type="soa" free="296607824" total="1783368704" percent="16" />
      <mem type="loa" free="113832960" total="113832960" percent="100" />
    </mem>
    <remembered-set count="31019" />
  </mem-info>
</gc-end>
<cycle-end id="3732" type="scavenge" contextid="3726" timestamp="2020-09-11T10:54:43.581" />
<allocation-satisfied id="3733" threadId="000000000077F200" bytesRequested="24" />
<af-end id="3734" timestamp="2020-09-11T10:54:43.581" threadId="000000000077FB80" success="true" from="nursery"/>
<exclusive-end id="3735" timestamp="2020-09-11T10:54:43.581" durationms="114.802" />

<exclusive-start id="3736" timestamp="2020-09-11T10:54:45.510" intervalms="2043.568">
  <response-info timems="0.595" idlems="0.595" threads="0" lastid="0000000000855600" lastname="Group1.Backend.CompositeBackend{Tier1}.5" />
</exclusive-start>
<af-start id="3737" threadId="0000000000855F80" totalBytesRequested="32" timestamp="2020-09-11T10:54:45.511" intervalms="2043.957" type="nursery" />
<cycle-start id="3738" type="scavenge" contextid="0" timestamp="2020-09-11T10:54:45.511" intervalms="2043.967" />
<gc-start id="3739" type="scavenge" contextid="3738" timestamp="2020-09-11T10:54:45.511">
  <mem-info id="3740" free="410440784" total="2836725760" percent="14">
    <mem type="nursery" free="0" total="939524096" percent="0">
      <mem type="allocate" free="0" total="799997952" percent="0" />
      <mem type="survivor" free="0" total="139526144" percent="0" />
    </mem>
    <mem type="tenure" free="410440784" total="1897201664" percent="21">
      <mem type="soa" free="296607824" total="1783368704" percent="16" />
      <mem type="loa" free="113832960" total="113832960" percent="100" />
    </mem>
    <remembered-set count="191898" />
  </mem-info>
</gc-start>
<allocation-stats totalBytes="691548480" >
  <allocated-bytes non-tlh="35682336" tlh="655866144" />
  <largest-consumer threadName="Group1.Backend.CompositeBackend{Tier1}.8" threadId="000000000089D400" bytes="104277448" />
</allocation-stats>
<gc-op id="3741" type="scavenge" timems="107.606" contextid="3738" timestamp="2020-09-11T10:54:45.619">
  <scavenger-info tenureage="3" tenuremask="7ff8" tiltratio="85" />
  <memory-copied type="nursery" objects="3988049" bytes="107072824" bytesdiscarded="166568" />
  <memory-copied type="tenure" objects="1099387" bytes="29548528" bytesdiscarded="110712" />
  <ownableSynchronizers candidates="4574" cleared="4234" />
  <references type="soft" candidates="284" cleared="0" enqueued="0" dynamicThreshold="18" maxThreshold="32" />
  <references type="weak" candidates="113" cleared="113" enqueued="0" />
</gc-op>
<gc-end id="3742" type="scavenge" contextid="3738" durationms="109.687" usertimems="764.094" systemtimems="1.584" timestamp="2020-09-11T10:54:45.621" activeThreads="8">
  <mem-info id="3743" free="1077207368" total="2836725760" percent="37">
    <mem type="nursery" free="696414720" total="939524096" percent="74">
      <mem type="allocate" free="696414720" total="803733504" percent="86" />
      <mem type="survivor" free="0" total="135790592" percent="0" />
    </mem>
    <mem type="tenure" free="380792648" total="1897201664" percent="20" macro-fragmented="0">
      <mem type="soa" free="266959688" total="1783368704" percent="14" />
      <mem type="loa" free="113832960" total="113832960" percent="100" />
    </mem>
    <remembered-set count="30426" />
  </mem-info>
</gc-end>
<cycle-end id="3744" type="scavenge" contextid="3738" timestamp="2020-09-11T10:54:45.622" />
<allocation-satisfied id="3745" threadId="0000000000855600" bytesRequested="32" />
<af-end id="3746" timestamp="2020-09-11T10:54:45.622" threadId="0000000000855F80" success="true" from="nursery"/>
<exclusive-end id="3747" timestamp="2020-09-11T10:54:45.622" durationms="112.435" />

<exclusive-start id="3748" timestamp="2020-09-11T10:54:47.670" intervalms="2160.189">
  <response-info timems="0.687" idlems="0.687" threads="0" lastid="000000000077F200" lastname="Group1.Backend.CompositeBackend{Tier1}.2" />
</exclusive-start>
<af-start id="3749" threadId="000000000077FB80" totalBytesRequested="16" timestamp="2020-09-11T10:54:47.671" intervalms="2159.829" type="nursery" />
<cycle-start id="3750" type="scavenge" contextid="0" timestamp="2020-09-11T10:54:47.671" intervalms="2159.839" />
<gc-start id="3751" type="scavenge" contextid="3750" timestamp="2020-09-11T10:54:47.671">
  <mem-info id="3752" free="380792648" total="2836725760" percent="13">
    <mem type="nursery" free="0" total="939524096" percent="0">
      <mem type="allocate" free="0" total="803733504" percent="0" />
      <mem type="survivor" free="0" total="135790592" percent="0" />
    </mem>
    <mem type="tenure" free="380792648" total="1897201664" percent="20">
      <mem type="soa" free="266959688" total="1783368704" percent="14" />
      <mem type="loa" free="113832960" total="113832960" percent="100" />
    </mem>
    <remembered-set count="195077" />
  </mem-info>
</gc-start>
<allocation-stats totalBytes="696081848" >
  <allocated-bytes non-tlh="32327744" tlh="663754104" />
  <largest-consumer threadName="Group1.Backend.CompositeBackend{Tier1}.6" threadId="000000000088A300" bytes="122033040" />
</allocation-stats>
<gc-op id="3753" type="scavenge" timems="134.266" contextid="3750" timestamp="2020-09-11T10:54:47.805">
  <scavenger-info tenureage="3" tenuremask="7ff8" tiltratio="85" />
  <memory-copied type="nursery" objects="4488454" bytes="118834344" bytesdiscarded="251208" />
  <memory-copied type="tenure" objects="1048830" bytes="28198144" bytesdiscarded="89040" />
  <ownableSynchronizers candidates="3268" cleared="2954" />
  <references type="soft" candidates="269" cleared="0" enqueued="0" dynamicThreshold="18" maxThreshold="32" />
  <references type="weak" candidates="103" cleared="103" enqueued="0" />
</gc-op>
<gc-end id="3754" type="scavenge" contextid="3750" durationms="135.132" usertimems="998.007" systemtimems="2.524" timestamp="2020-09-11T10:54:47.806" activeThreads="8">
  <mem-info id="3755" free="1028682976" total="2836725760" percent="36">
    <mem type="nursery" free="676173928" total="939524096" percent="71">
      <mem type="allocate" free="676173928" total="795344896" percent="85" />
      <mem type="survivor" free="0" total="144179200" percent="0" />
    </mem>
    <mem type="tenure" free="352509048" total="1897201664" percent="18" macro-fragmented="0">
      <mem type="soa" free="238676088" total="1783368704" percent="13" />
      <mem type="loa" free="113832960" total="113832960" percent="100" />
    </mem>
    <remembered-set count="31288" />
  </mem-info>
</gc-end>
<cycle-end id="3756" type="scavenge" contextid="3750" timestamp="2020-09-11T10:54:47.807" />
<allocation-satisfied id="3757" threadId="000000000077F200" bytesRequested="16" />
<af-end id="3758" timestamp="2020-09-11T10:54:47.807" threadId="000000000077FB80" success="true" from="nursery"/>
<exclusive-end id="3759" timestamp="2020-09-11T10:54:47.807" durationms="136.824" />

<exclusive-start id="3760" timestamp="2020-09-11T10:54:49.693" intervalms="2023.023">
  <response-info timems="1.047" idlems="1.047" threads="0" lastid="0000000000854B00" lastname="Group1.Backend.CompositeBackend{Tier1}.4" />
</exclusive-start>
<af-start id="3761" threadId="0000000000855480" totalBytesRequested="520" timestamp="2020-09-11T10:54:49.694" intervalms="2022.933" type="nursery" />
<cycle-start id="3762" type="scavenge" contextid="0" timestamp="2020-09-11T10:54:49.694" intervalms="2022.928" />
<gc-start id="3763" type="scavenge" contextid="3762" timestamp="2020-09-11T10:54:49.694">
  <mem-info id="3764" free="352509048" total="2836725760" percent="12">
    <mem type="nursery" free="0" total="939524096" percent="0">
      <mem type="allocate" free="0" total="795344896" percent="0" />
      <mem type="survivor" free="0" total="144179200" percent="0" />
    </mem>
    <mem type="tenure" free="352509048" total="1897201664" percent="18">
      <mem type="soa" free="238676088" total="1783368704" percent="13" />
      <mem type="loa" free="113832960" total="113832960" percent="100" />
    </mem>
    <remembered-set count="193083" />
  </mem-info>
</gc-start>
<allocation-stats totalBytes="675842368" >
  <allocated-bytes non-tlh="32212960" tlh="643629408" />
  <largest-consumer threadName="Group1.Backend.CompositeBackend{Tier1}.4" threadId="0000000000854B00" bytes="97922088" />
</allocation-stats>
<gc-op id="3765" type="scavenge" timems="116.377" contextid="3762" timestamp="2020-09-11T10:54:49.810">
  <scavenger-info tenureage="3" tenuremask="7ff8" tiltratio="84" />
  <memory-copied type="nursery" objects="4032877" bytes="108257280" bytesdiscarded="363072" />
  <memory-copied type="tenure" objects="1106337" bytes="29724520" bytesdiscarded="94752" />
  <ownableSynchronizers candidates="3926" cleared="3626" />
  <references type="soft" candidates="248" cleared="0" enqueued="0" dynamicThreshold="18" maxThreshold="32" />
  <references type="weak" candidates="132" cleared="132" enqueued="0" />
</gc-op>
<gc-end id="3766" type="scavenge" contextid="3762" durationms="117.267" usertimems="825.685" systemtimems="10.192" timestamp="2020-09-11T10:54:49.811" activeThreads="8">
  <mem-info id="3767" free="1011526664" total="2836725760" percent="35">
    <mem type="nursery" free="688868096" total="939524096" percent="73">
      <mem type="allocate" free="688868096" total="797573120" percent="86" />
      <mem type="survivor" free="0" total="141950976" percent="0" />
    </mem>
    <mem type="tenure" free="322658568" total="1897201664" percent="17" macro-fragmented="0">
      <mem type="soa" free="208825608" total="1783368704" percent="11" />
      <mem type="loa" free="113832960" total="113832960" percent="100" />
    </mem>
    <remembered-set count="30147" />
  </mem-info>
</gc-end>
<cycle-end id="3768" type="scavenge" contextid="3762" timestamp="2020-09-11T10:54:49.812" />
<allocation-satisfied id="3769" threadId="0000000000854B00" bytesRequested="520" />
<af-end id="3770" timestamp="2020-09-11T10:54:49.812" threadId="0000000000855480" success="true" from="nursery"/>
<exclusive-end id="3771" timestamp="2020-09-11T10:54:49.812" durationms="118.929" />

<exclusive-start id="3772" timestamp="2020-09-11T10:54:51.869" intervalms="2176.435">
  <response-info timems="0.581" idlems="0.404" threads="1" lastid="0000000000891B00" lastname="Group1.Backend.CompositeBackend{Tier1}.7" />
</exclusive-start>
<af-start id="3773" threadId="0000000000855F80" totalBytesRequested="16" timestamp="2020-09-11T10:54:51.870" intervalms="2176.360" type="nursery" />
<cycle-start id="3774" type="scavenge" contextid="0" timestamp="2020-09-11T10:54:51.870" intervalms="2176.327" />
<gc-start id="3775" type="scavenge" contextid="3774" timestamp="2020-09-11T10:54:51.870">
  <mem-info id="3776" free="322658568" total="2836725760" percent="11">
    <mem type="nursery" free="0" total="939524096" percent="0">
      <mem type="allocate" free="0" total="797573120" percent="0" />
      <mem type="survivor" free="0" total="141950976" percent="0" />
    </mem>
    <mem type="tenure" free="322658568" total="1897201664" percent="17">
      <mem type="soa" free="208825608" total="1783368704" percent="11" />
      <mem type="loa" free="113832960" total="113832960" percent="100" />
    </mem>
    <remembered-set count="196161" />
  </mem-info>
</gc-start>
<allocation-stats totalBytes="688518216" >
  <allocated-bytes non-tlh="25242840" tlh="663275376" />
  <largest-consumer threadName="Group1.Backend.CompositeBackend{Tier1}.1" threadId="000000000077FE00" bytes="120789936" />
</allocation-stats>
<gc-op id="3777" type="scavenge" timems="121.034" contextid="3774" timestamp="2020-09-11T10:54:51.991">
  <scavenger-info tenureage="3" tenuremask="7ff8" tiltratio="84" />
  <memory-copied type="nursery" objects="4312857" bytes="114768928" bytesdiscarded="189040" />
  <memory-copied type="tenure" objects="1053269" bytes="28311144" bytesdiscarded="98760" />
  <ownableSynchronizers candidates="4748" cleared="4435" />
  <references type="soft" candidates="238" cleared="0" enqueued="0" dynamicThreshold="18" maxThreshold="32" />
  <references type="weak" candidates="103" cleared="103" enqueued="0" />
</gc-op>
<gc-end id="3778" type="scavenge" contextid="3774" durationms="121.822" usertimems="871.357" systemtimems="6.183" timestamp="2020-09-11T10:54:51.992" activeThreads="8">
  <mem-info id="3779" free="977999160" total="2836725760" percent="34">
    <mem type="nursery" free="683702776" total="939524096" percent="72">
      <mem type="allocate" free="683702776" total="798752768" percent="85" />
      <mem type="survivor" free="0" total="140771328" percent="0" />
    </mem>
    <mem type="tenure" free="294296384" total="1897201664" percent="15" macro-fragmented="0">
      <mem type="soa" free="180463424" total="1783368704" percent="10" />
      <mem type="loa" free="113832960" total="113832960" percent="100" />
    </mem>
    <remembered-set count="29854" />
  </mem-info>
</gc-end>
<cycle-end id="3780" type="scavenge" contextid="3774" timestamp="2020-09-11T10:54:51.993" />
<allocation-satisfied id="3781" threadId="0000000000855600" bytesRequested="16" />
<af-end id="3782" timestamp="2020-09-11T10:54:51.993" threadId="0000000000855F80" success="true" from="nursery"/>
<exclusive-end id="3783" timestamp="2020-09-11T10:54:51.993" durationms="123.288" />

<exclusive-start id="3784" timestamp="2020-09-11T10:54:53.928" intervalms="2058.660">
  <response-info timems="0.858" idlems="0.541" threads="1" lastid="0000000000854B00" lastname="Group1.Backend.CompositeBackend{Tier1}.4" />
</exclusive-start>
<af-start id="3785" threadId="0000000000AA4280" totalBytesRequested="40" timestamp="2020-09-11T10:54:53.929" intervalms="2058.789" type="nursery" />
<cycle-start id="3786" type="scavenge" contextid="0" timestamp="2020-09-11T10:54:53.929" intervalms="2058.794" />
<gc-start id="3787" type="scavenge" contextid="3786" timestamp="2020-09-11T10:54:53.929">
  <mem-info id="3788" free="294296384" total="2836725760" percent="10">
    <mem type="nursery" free="0" total="939524096" percent="0">
      <mem type="allocate" free="0" total="798752768" percent="0" />
      <mem type="survivor" free="0" total="140771328" percent="0" />
    </mem>
    <mem type="tenure" free="294296384" total="1897201664" percent="15">
      <mem type="soa" free="180463424" total="1783368704" percent="10" />
      <mem type="loa" free="113832960" total="113832960" percent="100" />
    </mem>
    <remembered-set count="189465" />
  </mem-info>
</gc-start>
<allocation-stats totalBytes="683369104" >
  <allocated-bytes non-tlh="36144456" tlh="647224648" />
  <largest-consumer threadName="Group1.Backend.CompositeBackend{Tier1}.4" threadId="0000000000854B00" bytes="102161352" />
</allocation-stats>
<gc-op id="3789" type="scavenge" timems="130.022" contextid="3786" timestamp="2020-09-11T10:54:54.059">
  <scavenger-info tenureage="3" tenuremask="7ff8" tiltratio="85" />
  <memory-copied type="nursery" objects="4261749" bytes="113767504" bytesdiscarded="157320" />
  <memory-copied type="tenure" objects="1105290" bytes="29711488" bytesdiscarded="124368" />
  <ownableSynchronizers candidates="4759" cleared="4438" />
  <references type="soft" candidates="273" cleared="0" enqueued="0" dynamicThreshold="18" maxThreshold="32" />
  <references type="weak" candidates="112" cleared="112" enqueued="0" />
</gc-op>
<gc-end id="3790" type="scavenge" contextid="3786" durationms="131.029" usertimems="905.453" systemtimems="20.227" timestamp="2020-09-11T10:54:54.060" activeThreads="8">
  <mem-info id="3791" free="951587312" total="2836725760" percent="33">
    <mem type="nursery" free="687176344" total="939524096" percent="73">
      <mem type="allocate" free="687176344" total="801177600" percent="85" />
      <mem type="survivor" free="0" total="138346496" percent="0" />
    </mem>
    <mem type="tenure" free="264410968" total="1897201664" percent="13" macro-fragmented="0">
      <mem type="soa" free="150578008" total="1783368704" percent="8" />
      <mem type="loa" free="113832960" total="113832960" percent="100" />
    </mem>
    <remembered-set count="29616" />
  </mem-info>
</gc-end>
<cycle-end id="3792" type="scavenge" contextid="3786" timestamp="2020-09-11T10:54:54.061" />
<allocation-satisfied id="3793" threadId="0000000000AA3900" bytesRequested="40" />
<af-end id="3794" timestamp="2020-09-11T10:54:54.061" threadId="0000000000AA4280" success="true" from="nursery"/>
<exclusive-end id="3795" timestamp="2020-09-11T10:54:54.061" durationms="132.896" />

<exclusive-start id="3796" timestamp="2020-09-11T10:54:56.072" intervalms="2143.655">
  <response-info timems="0.354" idlems="0.354" threads="0" lastid="000000000089D400" lastname="Group1.Backend.CompositeBackend{Tier1}.8" />
</exclusive-start>
<af-start id="3797" threadId="000000000089DD80" totalBytesRequested="32" timestamp="2020-09-11T10:54:56.072" intervalms="2143.548" type="nursery" />
<cycle-start id="3798" type="scavenge" contextid="0" timestamp="2020-09-11T10:54:56.072" intervalms="2143.541" />
<gc-start id="3799" type="scavenge" contextid="3798" timestamp="2020-09-11T10:54:56.073">
  <mem-info id="3800" free="264410968" total="2836725760" percent="9">
    <mem type="nursery" free="0" total="939524096" percent="0">
      <mem type="allocate" free="0" total="801177600" percent="0" />
      <mem type="survivor" free="0" total="138346496" percent="0" />
    </mem>
    <mem type="tenure" free="264410968" total="1897201664" percent="13">
      <mem type="soa" free="150578008" total="1783368704" percent="8" />
      <mem type="loa" free="113832960" total="113832960" percent="100" />
    </mem>
    <remembered-set count="195596" />
  </mem-info>
</gc-start>
<allocation-stats totalBytes="686832088" >
  <allocated-bytes non-tlh="28839376" tlh="657992712" />
  <largest-consumer threadName="Group1.Backend.CompositeBackend{Tier1}.1" threadId="000000000077FE00" bytes="107117504" />
</allocation-stats>
<gc-op id="3801" type="scavenge" timems="125.929" contextid="3798" timestamp="2020-09-11T10:54:56.199">
  <scavenger-info tenureage="3" tenuremask="7ff8" tiltratio="85" />
  <memory-copied type="nursery" objects="4520953" bytes="119359872" bytesdiscarded="376720" />
  <memory-copied type="tenure" objects="1076478" bytes="28938256" bytesdiscarded="102608" />
  <ownableSynchronizers candidates="3902" cleared="3561" />
  <references type="soft" candidates="287" cleared="0" enqueued="0" dynamicThreshold="18" maxThreshold="32" />
  <references type="weak" candidates="112" cleared="112" enqueued="0" />
</gc-op>
<gc-end id="3802" type="scavenge" contextid="3798" durationms="126.686" usertimems="949.548" systemtimems="5.192" timestamp="2020-09-11T10:54:56.199" activeThreads="8">
  <mem-info id="3803" free="915415328" total="2836725760" percent="32">
    <mem type="nursery" free="680045768" total="939524096" percent="72">
      <mem type="allocate" free="680045768" total="799866880" percent="85" />
      <mem type="survivor" free="0" total="139657216" percent="0" />
    </mem>
    <mem type="tenure" free="235369560" total="1897201664" percent="12" macro-fragmented="0">
      <mem type="soa" free="121536600" total="1783368704" percent="6" />
      <mem type="loa" free="113832960" total="113832960" percent="100" />
    </mem>
    <remembered-set count="29819" />
  </mem-info>
</gc-end>
<cycle-end id="3804" type="scavenge" contextid="3798" timestamp="2020-09-11T10:54:56.200" />
<allocation-satisfied id="3805" threadId="000000000089D400" bytesRequested="32" />
<af-end id="3806" timestamp="2020-09-11T10:54:56.200" threadId="000000000089DD80" success="true" from="nursery"/>
<exclusive-end id="3807" timestamp="2020-09-11T10:54:56.200" durationms="128.488" />

<exclusive-start id="3808" timestamp="2020-09-11T10:54:58.099" intervalms="2027.088">
  <response-info timems="1.097" idlems="1.097" threads="0" lastid="0000000000891B00" lastname="Group1.Backend.CompositeBackend{Tier1}.7" />
</exclusive-start>
<af-start id="3809" threadId="0000000000892480" totalBytesRequested="16" timestamp="2020-09-11T10:54:58.099" intervalms="2027.274" type="nursery" />
<cycle-start id="3810" type="scavenge" contextid="0" timestamp="2020-09-11T10:54:58.100" intervalms="2027.283" />
<gc-start id="3811" type="scavenge" contextid="3810" timestamp="2020-09-11T10:54:58.100">
  <mem-info id="3812" free="235369560" total="2836725760" percent="8">
    <mem type="nursery" free="0" total="939524096" percent="0">
      <mem type="allocate" free="0" total="799866880" percent="0" />
      <mem type="survivor" free="0" total="139657216" percent="0" />
    </mem>
    <mem type="tenure" free="235369560" total="1897201664" percent="12">
      <mem type="soa" free="121536600" total="1783368704" percent="6" />
      <mem type="loa" free="113832960" total="113832960" percent="100" />
    </mem>
    <remembered-set count="191491" />
  </mem-info>
</gc-start>
<allocation-stats totalBytes="679714872" >
  <allocated-bytes non-tlh="36115632" tlh="643599240" />
  <largest-consumer threadName="Group1.Backend.CompositeBackend{Tier1}.1" threadId="000000000077FE00" bytes="107454872" />
</allocation-stats>
<gc-op id="3813" type="scavenge" timems="99.039" contextid="3810" timestamp="2020-09-11T10:54:58.199">
  <scavenger-info tenureage="3" tenuremask="7ff8" tiltratio="85" />
  <memory-copied type="nursery" objects="4068971" bytes="109566584" bytesdiscarded="203008" />
  <memory-copied type="tenure" objects="1134913" bytes="30538864" bytesdiscarded="122104" />
  <ownableSynchronizers candidates="3973" cleared="3628" />
  <references type="soft" candidates="282" cleared="0" enqueued="0" dynamicThreshold="18" maxThreshold="32" />
  <references type="weak" candidates="103" cleared="103" enqueued="0" />
</gc-op>
<gc-end id="3814" type="scavenge" contextid="3810" durationms="100.060" usertimems="777.419" systemtimems="1.152" timestamp="2020-09-11T10:54:58.200" activeThreads="8">
  <mem-info id="3815" free="895902384" total="2836725760" percent="31">
    <mem type="nursery" free="691195896" total="939524096" percent="73">
      <mem type="allocate" free="691195896" total="801046528" percent="86" />
      <mem type="survivor" free="0" total="138477568" percent="0" />
    </mem>
    <mem type="tenure" free="204706488" total="1897201664" percent="10" macro-fragmented="0">
      <mem type="soa" free="90873528" total="1783368704" percent="5" />
      <mem type="loa" free="113832960" total="113832960" percent="100" />
    </mem>
    <remembered-set count="31219" />
  </mem-info>
</gc-end>
<cycle-end id="3816" type="scavenge" contextid="3810" timestamp="2020-09-11T10:54:58.201" />
<allocation-satisfied id="3817" threadId="0000000000891B00" bytesRequested="16" />
<af-end id="3818" timestamp="2020-09-11T10:54:58.201" threadId="0000000000892480" success="true" from="nursery"/>
<exclusive-end id="3819" timestamp="2020-09-11T10:54:58.201" durationms="101.966" />

<exclusive-start id="3820" timestamp="2020-09-11T10:55:00.184" intervalms="2085.193">
  <response-info timems="0.958" idlems="0.611" threads="1" lastid="000000000089D400" lastname="Group1.Backend.CompositeBackend{Tier1}.8" />
</exclusive-start>
<af-start id="3821" threadId="00000000009DA380" totalBytesRequested="16" timestamp="2020-09-11T10:55:00.185" intervalms="2085.120" type="nursery" />
<cycle-start id="3822" type="scavenge" contextid="0" timestamp="2020-09-11T10:55:00.185" intervalms="2085.154" />
<gc-start id="3823" type="scavenge" contextid="3822" timestamp="2020-09-11T10:55:00.185">
  <mem-info id="3824" free="204706488" total="2836725760" percent="7">
    <mem type="nursery" free="0" total="939524096" percent="0">
      <mem type="allocate" free="0" total="801046528" percent="0" />
      <mem type="survivor" free="0" total="138477568" percent="0" />
    </mem>
    <mem type="tenure" free="204706488" total="1897201664" percent="10">
      <mem type="soa" free="90873528" total="1783368704" percent="5" />
      <mem type="loa" free="113832960" total="113832960" percent="100" />
    </mem>
    <remembered-set count="194892" />
  </mem-info>
</gc-start>
<allocation-stats totalBytes="690875104" >
  <allocated-bytes non-tlh="33825480" tlh="657049624" />
  <largest-consumer threadName="Group1.Backend.CompositeBackend{Tier1}.2" threadId="000000000077F200" bytes="90812136" />
</allocation-stats>
<gc-op id="3825" type="scavenge" timems="137.484" contextid="3822" timestamp="2020-09-11T10:55:00.323">
  <scavenger-info tenureage="3" tenuremask="7ff8" tiltratio="85" />
  <memory-copied type="nursery" objects="4124134" bytes="111007760" bytesdiscarded="301328" />
  <memory-copied type="tenure" objects="1030632" bytes="27708368" bytesdiscarded="107992" />
  <ownableSynchronizers candidates="3683" cleared="3359" />
  <references type="soft" candidates="268" cleared="0" enqueued="0" dynamicThreshold="18" maxThreshold="32" />
  <references type="weak" candidates="127" cleared="127" enqueued="0" />
</gc-op>
<gc-end id="3826" type="scavenge" contextid="3822" durationms="138.527" usertimems="953.958" systemtimems="30.934" timestamp="2020-09-11T10:55:00.324" activeThreads="8">
  <mem-info id="3827" free="869011528" total="2836725760" percent="30">
    <mem type="nursery" free="692143352" total="939524096" percent="73">
      <mem type="allocate" free="692143352" total="803536896" percent="86" />
      <mem type="survivor" free="0" total="135987200" percent="0" />
    </mem>
    <mem type="tenure" free="176868176" total="1897201664" percent="9" macro-fragmented="0">
      <mem type="soa" free="63035216" total="1783368704" percent="3" />
      <mem type="loa" free="113832960" total="113832960" percent="100" />
    </mem>
    <remembered-set count="32595" />
  </mem-info>
</gc-end>
<cycle-end id="3828" type="scavenge" contextid="3822" timestamp="2020-09-11T10:55:00.327" />
<allocation-satisfied id="3829" threadId="00000000009D9A00" bytesRequested="16" />
<af-end id="3830" timestamp="2020-09-11T10:55:00.327" threadId="00000000009DA380" success="true" from="nursery"/>
<exclusive-end id="3831" timestamp="2020-09-11T10:55:00.327" durationms="143.233" />

<exclusive-start id="3832" timestamp="2020-09-11T10:55:02.241" intervalms="2057.441">
  <response-info timems="0.402" idlems="0.402" threads="0" lastid="000000000088A300" lastname="Group1.Backend.CompositeBackend{Tier1}.6" />
</exclusive-start>
<af-start id="3833" threadId="000000000088AC80" totalBytesRequested="520" timestamp="2020-09-11T10:55:02.242" intervalms="2057.371" type="nursery" />
<cycle-start id="3834" type="scavenge" contextid="0" timestamp="2020-09-11T10:55:02.242" intervalms="2057.343" />
<gc-start id="3835" type="scavenge" contextid="3834" timestamp="2020-09-11T10:55:02.242">
  <mem-info id="3836" free="176868176" total="2836725760" percent="6">
    <mem type="nursery" free="0" total="939524096" percent="0">
      <mem type="allocate" free="0" total="803536896" percent="0" />
      <mem type="survivor" free="0" total="135987200" percent="0" />
    </mem>
    <mem type="tenure" free="176868176" total="1897201664" percent="9">
      <mem type="soa" free="63035216" total="1783368704" percent="3" />
      <mem type="loa" free="113832960" total="113832960" percent="100" />
    </mem>
    <remembered-set count="194084" />
  </mem-info>
</gc-start>
<allocation-stats totalBytes="691827392" >
  <allocated-bytes non-tlh="36365440" tlh="655461952" />
  <largest-consumer threadName="Group1.Backend.CompositeBackend{Tier1}.4" threadId="0000000000854B00" bytes="100399856" />
</allocation-stats>
<gc-op id="3837" type="scavenge" timems="132.512" contextid="3834" timestamp="2020-09-11T10:55:02.375">
  <scavenger-info tenureage="3" tenuremask="7ff8" tiltratio="85" />
  <memory-copied type="nursery" objects="4467840" bytes="118578920" bytesdiscarded="139584" />
  <memory-copied type="tenure" objects="1132155" bytes="30430800" bytesdiscarded="118776" />
  <ownableSynchronizers candidates="4271" cleared="3964" />
  <references type="soft" candidates="270" cleared="0" enqueued="0" dynamicThreshold="18" maxThreshold="32" />
  <references type="weak" candidates="122" cleared="122" enqueued="0" />
</gc-op>
<gc-end id="3838" type="scavenge" contextid="3834" durationms="133.359" usertimems="1001.111" systemtimems="12.536" timestamp="2020-09-11T10:55:02.376" activeThreads="8">
  <mem-info id="3839" free="826826832" total="2836725760" percent="29">
    <mem type="nursery" free="680474088" total="939524096" percent="72">
      <mem type="allocate" free="680474088" total="799277056" percent="85" />
      <mem type="survivor" free="0" total="140247040" percent="0" />
    </mem>
    <mem type="tenure" free="146352744" total="1897201664" percent="7" macro-fragmented="0">
      <mem type="soa" free="32519784" total="1783368704" percent="1" />
      <mem type="loa" free="113832960" total="113832960" percent="100" />
    </mem>
    <remembered-set count="31939" />
  </mem-info>
</gc-end>
<cycle-end id="3840" type="scavenge" contextid="3834" timestamp="2020-09-11T10:55:02.376" />
<allocation-satisfied id="3841" threadId="000000000088A300" bytesRequested="520" />
<af-end id="3842" timestamp="2020-09-11T10:55:02.376" threadId="000000000088AC80" success="true" from="nursery"/>
<exclusive-end id="3843" timestamp="2020-09-11T10:55:02.376" durationms="134.873" />

<exclusive-start id="3844" timestamp="2020-09-11T10:55:04.279" intervalms="2037.678">
  <response-info timems="0.415" idlems="0.415" threads="0" lastid="000000000077F200" lastname="Group1.Backend.CompositeBackend{Tier1}.2" />
</exclusive-start>
<af-start id="3845" threadId="000000000077FB80" totalBytesRequested="24" timestamp="2020-09-11T10:55:04.280" intervalms="2037.635" type="nursery" />
<cycle-start id="3846" type="scavenge" contextid="0" timestamp="2020-09-11T10:55:04.280" intervalms="2037.621" />
<gc-start id="3847" type="scavenge" contextid="3846" timestamp="2020-09-11T10:55:04.280">
  <mem-info id="3848" free="146352744" total="2836725760" percent="5">
    <mem type="nursery" free="0" total="939524096" percent="0">
      <mem type="allocate" free="0" total="799277056" percent="0" />
      <mem type="survivor" free="0" total="140247040" percent="0" />
    </mem>
    <mem type="tenure" free="146352744" total="1897201664" percent="7">
      <mem type="soa" free="32519784" total="1783368704" percent="1" />
      <mem type="loa" free="113832960" total="113832960" percent="100" />
    </mem>
    <remembered-set count="195341" />
  </mem-info>
</gc-start>
<allocation-stats totalBytes="680127200" >
  <allocated-bytes non-tlh="28487920" tlh="651639280" />
  <largest-consumer threadName="Group1.Backend.CompositeBackend{Tier1}.4" threadId="0000000000854B00" bytes="105398536" />
</allocation-stats>
<gc-op id="3849" type="scavenge" timems="104.615" contextid="3846" timestamp="2020-09-11T10:55:04.385">
  <scavenger-info tenureage="3" tenuremask="7ff8" tiltratio="85" />
  <memory-copied type="nursery" objects="4126060" bytes="110712648" bytesdiscarded="287168" />
  <memory-copied type="tenure" objects="1076932" bytes="29434512" bytesdiscarded="105368" />
  <ownableSynchronizers candidates="3949" cleared="3634" />
  <references type="soft" candidates="291" cleared="0" enqueued="0" dynamicThreshold="18" maxThreshold="32" />
  <references type="weak" candidates="127" cleared="127" enqueued="0" />
</gc-op>
<gc-end id="3850" type="scavenge" contextid="3846" durationms="105.679" usertimems="759.608" systemtimems="0.000" timestamp="2020-09-11T10:55:04.386" activeThreads="8">
  <mem-info id="3851" free="806388848" total="2836725760" percent="28">
    <mem type="nursery" free="689691568" total="939524096" percent="73">
      <mem type="allocate" free="689691568" total="800784384" percent="86" />
      <mem type="survivor" free="0" total="138739712" percent="0" />
    </mem>
    <mem type="tenure" free="116697280" total="1897201664" percent="6" macro-fragmented="0">
      <mem type="soa" free="2864320" total="1783368704" percent="0" />
      <mem type="loa" free="113832960" total="113832960" percent="100" />
    </mem>
    <remembered-set count="31624" />
  </mem-info>
</gc-end>
<cycle-end id="3852" type="scavenge" contextid="3846" timestamp="2020-09-11T10:55:04.386" />
<allocation-satisfied id="3853" threadId="000000000077F200" bytesRequested="24" />
<af-end id="3854" timestamp="2020-09-11T10:55:04.387" threadId="000000000077FB80" success="true" from="nursery"/>
<exclusive-end id="3855" timestamp="2020-09-11T10:55:04.387" durationms="107.565" />

<exclusive-start id="3856" timestamp="2020-09-11T10:55:06.406" intervalms="2126.591">
  <response-info timems="3.972" idlems="3.826" threads="1" lastid="0000000000854B00" lastname="Group1.Backend.CompositeBackend{Tier1}.4" />
</exclusive-start>
<af-start id="3857" threadId="000000000089DD80" totalBytesRequested="656" timestamp="2020-09-11T10:55:06.406" intervalms="2126.798" type="nursery" />
<percolate-collect id="3858" from="nursery" to="global" reason="prevent tenure expand" timestamp="2020-09-11T10:55:06.407"/>
<cycle-start id="3859" type="global" contextid="0" timestamp="2020-09-11T10:55:06.407" intervalms="69612.408" />
<gc-start id="3860" type="global" contextid="3859" timestamp="2020-09-11T10:55:06.407">
  <mem-info id="3861" free="116697280" total="2836725760" percent="4">
    <mem type="nursery" free="0" total="939524096" percent="0">
      <mem type="allocate" free="0" total="800784384" percent="0" />
      <mem type="survivor" free="0" total="138739712" percent="0" />
    </mem>
    <mem type="tenure" free="116697280" total="1897201664" percent="6">
      <mem type="soa" free="2864320" total="1783368704" percent="0" />
      <mem type="loa" free="113832960" total="113832960" percent="100" />
    </mem>
    <remembered-set count="192279" />
  </mem-info>
</gc-start>
<allocation-stats totalBytes="689395024" >
  <allocated-bytes non-tlh="36385400" tlh="653009624" />
  <largest-consumer threadName="Group1.Backend.CompositeBackend{Tier1}.6" threadId="000000000088A300" bytes="102203312" />
</allocation-stats>
<gc-op id="3862" type="mark" timems="613.663" contextid="3859" timestamp="2020-09-11T10:55:07.021">
  <trace-info objectcount="31006304" scancount="30025492" scanbytes="819583164" />
  <finalization candidates="150" enqueued="0" />
  <ownableSynchronizers candidates="589976" cleared="4890" />
  <references type="soft" candidates="712072" cleared="0" enqueued="0" dynamicThreshold="18" maxThreshold="32" />
  <references type="weak" candidates="4392" cleared="102" enqueued="0" />
  <references type="phantom" candidates="106" cleared="0" enqueued="0" />
  <stringconstants candidates="11205" cleared="1"  />
</gc-op>
<gc-op id="3863" type="sweep" timems="15.911" contextid="3859" timestamp="2020-09-11T10:55:07.037" />
<gc-end id="3864" type="global" contextid="3859" durationms="630.858" usertimems="4484.918" systemtimems="33.183" timestamp="2020-09-11T10:55:07.038" activeThreads="8">
  <mem-info id="3865" free="1685050976" total="2836725760" percent="59">
    <mem type="nursery" free="601916912" total="939524096" percent="64">
      <mem type="allocate" free="601916912" total="800784384" percent="75" />
      <mem type="survivor" free="0" total="138739712" percent="0" />
    </mem>
    <mem type="tenure" free="1083134064" total="1897201664" percent="57" micro-fragmented="64060065" macro-fragmented="0">
      <mem type="soa" free="969301104" total="1783368704" percent="54" />
      <mem type="loa" free="113832960" total="113832960" percent="100" />
    </mem>
    <remembered-set count="186586" />
  </mem-info>
</gc-end>
<cycle-end id="3866" type="global" contextid="3859" timestamp="2020-09-11T10:55:07.038" />
<allocation-satisfied id="3867" threadId="000000000089D400" bytesRequested="656" />
<af-end id="3868" timestamp="2020-09-11T10:55:07.038" threadId="000000000089DD80" success="true" from="nursery"/>
<exclusive-end id="3869" timestamp="2020-09-11T10:55:07.038" durationms="632.649" />

<exclusive-start id="3870" timestamp="2020-09-11T10:55:08.291" intervalms="1885.690">
  <response-info timems="1.510" idlems="1.358" threads="1" lastid="0000000000855600" lastname="Group1.Backend.CompositeBackend{Tier1}.5" />
</exclusive-start>
<af-start id="3871" threadId="000000000089DD80" totalBytesRequested="16" timestamp="2020-09-11T10:55:08.292" intervalms="1885.640" type="nursery" />
<cycle-start id="3872" type="scavenge" contextid="0" timestamp="2020-09-11T10:55:08.292" intervalms="4012.477" />
<gc-start id="3873" type="scavenge" contextid="3872" timestamp="2020-09-11T10:55:08.296">
  <mem-info id="3874" free="1083134016" total="2836725760" percent="38">
    <mem type="nursery" free="0" total="939524096" percent="0">
      <mem type="allocate" free="0" total="800784384" percent="0" />
      <mem type="survivor" free="0" total="138739712" percent="0" />
    </mem>
    <mem type="tenure" free="1083134016" total="1897201664" percent="57">
      <mem type="soa" free="969301056" total="1783368704" percent="54" />
      <mem type="loa" free="113832960" total="113832960" percent="100" />
    </mem>
    <remembered-set count="243600" />
  </mem-info>
</gc-start>
<allocation-stats totalBytes="599689344" >
  <allocated-bytes non-tlh="25496072" tlh="574193272" />
  <largest-consumer threadName="Group1.Backend.CompositeBackend{Tier1}.5" threadId="0000000000855600" bytes="84852224" />
</allocation-stats>
<gc-op id="3875" type="scavenge" timems="152.204" contextid="3872" timestamp="2020-09-11T10:55:08.448">
  <scavenger-info tenureage="3" tenuremask="7ff8" tiltratio="85" />
  <memory-copied type="nursery" objects="5137502" bytes="137840984" bytesdiscarded="170560" />
  <memory-copied type="tenure" objects="1011974" bytes="27176056" bytesdiscarded="34984" />
  <ownableSynchronizers candidates="1173497" cleared="1173104" />
  <references type="soft" candidates="354" cleared="0" enqueued="0" dynamicThreshold="18" maxThreshold="32" />
  <references type="weak" candidates="102" cleared="102" enqueued="0" />
</gc-op>
<gc-end id="3876" type="scavenge" contextid="3872" durationms="153.660" usertimems="1123.438" systemtimems="7.148" timestamp="2020-09-11T10:55:08.449" activeThreads="8">
  <mem-info id="3877" free="1681475008" total="2836725760" percent="59">
    <mem type="nursery" free="625789120" total="939524096" percent="66">
      <mem type="allocate" free="625789120" total="763953152" percent="81" />
      <mem type="survivor" free="0" total="175570944" percent="0" />
    </mem>
    <mem type="tenure" free="1055685888" total="1897201664" percent="55" macro-fragmented="1572888">
      <mem type="soa" free="941852928" total="1783368704" percent="52" />
      <mem type="loa" free="113832960" total="113832960" percent="100" />
    </mem>
    <remembered-set count="35465" />
  </mem-info>
</gc-end>
<cycle-end id="3878" type="scavenge" contextid="3872" timestamp="2020-09-11T10:55:08.450" />
<allocation-satisfied id="3879" threadId="000000000089D400" bytesRequested="16" />
<af-end id="3880" timestamp="2020-09-11T10:55:08.450" threadId="000000000089DD80" success="true" from="nursery"/>
<exclusive-end id="3881" timestamp="2020-09-11T10:55:08.450" durationms="159.088" />

<exclusive-start id="3882" timestamp="2020-09-11T10:55:10.093" intervalms="1801.775">
  <response-info timems="0.419" idlems="0.419" threads="0" lastid="0000000000854B00" lastname="Group1.Backend.CompositeBackend{Tier1}.4" />
</exclusive-start>
<af-start id="3883" threadId="0000000000855480" totalBytesRequested="24" timestamp="2020-09-11T10:55:10.094" intervalms="1801.661" type="nursery" />
<cycle-start id="3884" type="scavenge" contextid="0" timestamp="2020-09-11T10:55:10.094" intervalms="1801.738" />
<gc-start id="3885" type="scavenge" contextid="3884" timestamp="2020-09-11T10:55:10.094">
  <mem-info id="3886" free="1055685888" total="2836725760" percent="37">
    <mem type="nursery" free="0" total="939524096" percent="0">
      <mem type="allocate" free="0" total="763953152" percent="0" />
      <mem type="survivor" free="0" total="175570944" percent="0" />
    </mem>
    <mem type="tenure" free="1055685888" total="1897201664" percent="55">
      <mem type="soa" free="941852928" total="1783368704" percent="52" />
      <mem type="loa" free="113832960" total="113832960" percent="100" />
    </mem>
    <remembered-set count="188294" />
  </mem-info>
</gc-start>
<allocation-stats totalBytes="625495256" >
  <allocated-bytes non-tlh="32266448" tlh="593228808" />
  <largest-consumer threadName="Group1.Backend.CompositeBackend{Tier1}.8" threadId="000000000089D400" bytes="92357440" />
</allocation-stats>
<gc-op id="3887" type="scavenge" timems="140.053" contextid="3884" timestamp="2020-09-11T10:55:10.234">
  <scavenger-info tenureage="3" tenuremask="7ff8" tiltratio="81" />
  <memory-copied type="nursery" objects="5738126" bytes="150764552" bytesdiscarded="157328" />
  <memory-copied type="tenure" objects="989982" bytes="26612352" bytesdiscarded="79720" />
  <ownableSynchronizers candidates="3874" cleared="3479" />
  <references type="soft" candidates="342" cleared="0" enqueued="0" dynamicThreshold="18" maxThreshold="32" />
  <references type="weak" candidates="118" cleared="118" enqueued="0" />
</gc-op>
<gc-end id="3888" type="scavenge" contextid="3884" durationms="141.062" usertimems="1021.721" systemtimems="2.365" timestamp="2020-09-11T10:55:10.235" activeThreads="8">
  <mem-info id="3889" free="1635522248" total="2836725760" percent="57">
    <mem type="nursery" free="606730520" total="939524096" percent="64">
      <mem type="allocate" free="606730520" total="757727232" percent="80" />
      <mem type="survivor" free="0" total="181796864" percent="0" />
    </mem>
    <mem type="tenure" free="1028791728" total="1897201664" percent="54" macro-fragmented="5375358">
      <mem type="soa" free="914958768" total="1783368704" percent="51" />
      <mem type="loa" free="113832960" total="113832960" percent="100" />
    </mem>
    <remembered-set count="34814" />
  </mem-info>
</gc-end>
<cycle-end id="3890" type="scavenge" contextid="3884" timestamp="2020-09-11T10:55:10.236" />
<allocation-satisfied id="3891" threadId="0000000000854B00" bytesRequested="24" />
<af-end id="3892" timestamp="2020-09-11T10:55:10.236" threadId="0000000000855480" success="true" from="nursery"/>
<exclusive-end id="3893" timestamp="2020-09-11T10:55:10.236" durationms="142.740" />

<exclusive-start id="3894" timestamp="2020-09-11T10:55:12.020" intervalms="1926.529">
  <response-info timems="0.618" idlems="0.618" threads="0" lastid="000000000077F200" lastname="Group1.Backend.CompositeBackend{Tier1}.2" />
</exclusive-start>
<af-start id="3895" threadId="000000000077FB80" totalBytesRequested="24" timestamp="2020-09-11T10:55:12.020" intervalms="1926.499" type="nursery" />
<cycle-start id="3896" type="scavenge" contextid="0" timestamp="2020-09-11T10:55:12.020" intervalms="1926.382" />
<gc-start id="3897" type="scavenge" contextid="3896" timestamp="2020-09-11T10:55:12.021">
  <mem-info id="3898" free="1028791728" total="2836725760" percent="36">
    <mem type="nursery" free="0" total="939524096" percent="0">
      <mem type="allocate" free="0" total="757727232" percent="0" />
      <mem type="survivor" free="0" total="181796864" percent="0" />
    </mem>
    <mem type="tenure" free="1028791728" total="1897201664" percent="54">
      <mem type="soa" free="914958768" total="1783368704" percent="51" />
      <mem type="loa" free="113832960" total="113832960" percent="100" />
    </mem>
    <remembered-set count="189441" />
  </mem-info>
</gc-start>
<allocation-stats totalBytes="606440080" >
  <allocated-bytes non-tlh="27342808" tlh="579097272" />
  <largest-consumer threadName="Group1.Backend.CompositeBackend{Tier1}.4" threadId="0000000000854B00" bytes="83888256" />
</allocation-stats>
<gc-op id="3899" type="scavenge" timems="101.007" contextid="3896" timestamp="2020-09-11T10:55:12.122">
  <scavenger-info tenureage="3" tenuremask="7ff8" tiltratio="80" />
  <memory-copied type="nursery" objects="4893081" bytes="130941904" bytesdiscarded="115584" />
  <memory-copied type="tenure" objects="1031640" bytes="27866136" bytesdiscarded="67280" />
  <ownableSynchronizers candidates="3762" cleared="3365" />
  <references type="soft" candidates="341" cleared="0" enqueued="0" dynamicThreshold="18" maxThreshold="32" />
  <references type="weak" candidates="113" cleared="113" enqueued="0" />
</gc-op>
<gc-end id="3900" type="scavenge" contextid="3896" durationms="101.855" usertimems="733.377" systemtimems="4.678" timestamp="2020-09-11T10:55:12.122" activeThreads="8">
  <mem-info id="3901" free="1630290416" total="2836725760" percent="57">
    <mem type="nursery" free="629151992" total="939524096" percent="66">
      <mem type="allocate" free="629151992" total="760283136" percent="82" />
      <mem type="survivor" free="0" total="179240960" percent="0" />
    </mem>
    <mem type="tenure" free="1001138424" total="1897201664" percent="52" macro-fragmented="0">
      <mem type="soa" free="887305464" total="1783368704" percent="49" />
      <mem type="loa" free="113832960" total="113832960" percent="100" />
    </mem>
    <remembered-set count="34773" />
  </mem-info>
</gc-end>
<cycle-end id="3902" type="scavenge" contextid="3896" timestamp="2020-09-11T10:55:12.123" />
<allocation-satisfied id="3903" threadId="000000000077F200" bytesRequested="24" />
<af-end id="3904" timestamp="2020-09-11T10:55:12.123" threadId="000000000077FB80" success="true" from="nursery"/>
<exclusive-end id="3905" timestamp="2020-09-11T10:55:12.123" durationms="103.426" />

<exclusive-start id="3906" timestamp="2020-09-11T10:55:13.877" intervalms="1857.090">
  <response-info timems="0.206" idlems="0.206" threads="0" lastid="0000000000855600" lastname="Group1.Backend.CompositeBackend{Tier1}.5" />
</exclusive-start>
<af-start id="3907" threadId="0000000000855F80" totalBytesRequested="32" timestamp="2020-09-11T10:55:13.877" intervalms="1857.049" type="nursery" />
<cycle-start id="3908" type="scavenge" contextid="0" timestamp="2020-09-11T10:55:13.877" intervalms="1857.048" />
<gc-start id="3909" type="scavenge" contextid="3908" timestamp="2020-09-11T10:55:13.878">
  <mem-info id="3910" free="1001138424" total="2836725760" percent="35">
    <mem type="nursery" free="0" total="939524096" percent="0">
      <mem type="allocate" free="0" total="760283136" percent="0" />
      <mem type="survivor" free="0" total="179240960" percent="0" />
    </mem>
    <mem type="tenure" free="1001138424" total="1897201664" percent="52">
      <mem type="soa" free="887305464" total="1783368704" percent="49" />
      <mem type="loa" free="113832960" total="113832960" percent="100" />
    </mem>
    <remembered-set count="190106" />
  </mem-info>
</gc-start>
<allocation-stats totalBytes="628858776" >
  <allocated-bytes non-tlh="30413696" tlh="598445080" />
  <largest-consumer threadName="Group1.Backend.CompositeBackend{Tier1}.1" threadId="000000000077FE00" bytes="83666920" />
</allocation-stats>
<gc-op id="3911" type="scavenge" timems="106.479" contextid="3908" timestamp="2020-09-11T10:55:13.984">
  <scavenger-info tenureage="3" tenuremask="7ff8" tiltratio="80" />
  <memory-copied type="nursery" objects="3905561" bytes="103848344" bytesdiscarded="206712" />
  <memory-copied type="tenure" objects="2043148" bytes="54969312" bytesdiscarded="94552" />
  <ownableSynchronizers candidates="3472" cleared="3093" />
  <references type="soft" candidates="261" cleared="0" enqueued="0" dynamicThreshold="18" maxThreshold="32" />
  <references type="weak" candidates="114" cleared="114" enqueued="0" />
</gc-op>
<gc-end id="3912" type="scavenge" contextid="3908" durationms="107.318" usertimems="807.221" systemtimems="2.933" timestamp="2020-09-11T10:55:13.985" activeThreads="8">
  <mem-info id="3913" free="1608792168" total="2836725760" percent="56">
    <mem type="nursery" free="662697720" total="939524096" percent="70">
      <mem type="allocate" free="662697720" total="766836736" percent="86" />
      <mem type="survivor" free="0" total="172687360" percent="0" />
    </mem>
    <mem type="tenure" free="946094448" total="1897201664" percent="49" macro-fragmented="0">
      <mem type="soa" free="832261488" total="1783368704" percent="46" />
      <mem type="loa" free="113832960" total="113832960" percent="100" />
    </mem>
    <remembered-set count="29791" />
  </mem-info>
</gc-end>
<cycle-end id="3914" type="scavenge" contextid="3908" timestamp="2020-09-11T10:55:13.985" />
<allocation-satisfied id="3915" threadId="0000000000855600" bytesRequested="32" />
<af-end id="3916" timestamp="2020-09-11T10:55:13.985" threadId="0000000000855F80" success="true" from="nursery"/>
<exclusive-end id="3917" timestamp="2020-09-11T10:55:13.985" durationms="108.715" />

<exclusive-start id="3918" timestamp="2020-09-11T10:55:15.935" intervalms="2058.801">
  <response-info timems="4.026" idlems="2.126" threads="1" lastid="0000000000808C00" lastname="Group1.Backend.CompositeBackend{Tier1}.3" />
</exclusive-start>
<af-start id="3919" threadId="0000000000AA4280" totalBytesRequested="16" timestamp="2020-09-11T10:55:15.936" intervalms="2058.923" type="nursery" />
<cycle-start id="3920" type="scavenge" contextid="0" timestamp="2020-09-11T10:55:15.936" intervalms="2058.931" />
<gc-start id="3921" type="scavenge" contextid="3920" timestamp="2020-09-11T10:55:15.937">
  <mem-info id="3922" free="946094448" total="2836725760" percent="33">
    <mem type="nursery" free="0" total="939524096" percent="0">
      <mem type="allocate" free="0" total="766836736" percent="0" />
      <mem type="survivor" free="0" total="172687360" percent="0" />
    </mem>
    <mem type="tenure" free="946094448" total="1897201664" percent="49">
      <mem type="soa" free="832261488" total="1783368704" percent="46" />
      <mem type="loa" free="113832960" total="113832960" percent="100" />
    </mem>
    <remembered-set count="190832" />
  </mem-info>
</gc-start>
<allocation-stats totalBytes="662384072" >
  <allocated-bytes non-tlh="28714280" tlh="633669792" />
  <largest-consumer threadName="Group1.Backend.CompositeBackend{Tier1}.8" threadId="000000000089D400" bytes="89135312" />
</allocation-stats>
<gc-op id="3923" type="scavenge" timems="120.083" contextid="3920" timestamp="2020-09-11T10:55:16.057">
  <scavenger-info tenureage="3" tenuremask="7ff8" tiltratio="81" />
  <memory-copied type="nursery" objects="3810990" bytes="102227920" bytesdiscarded="142120" />
  <memory-copied type="tenure" objects="976333" bytes="26215176" bytesdiscarded="65560" />
  <ownableSynchronizers candidates="3598" cleared="3294" />
  <references type="soft" candidates="280" cleared="0" enqueued="0" dynamicThreshold="18" maxThreshold="32" />
  <references type="weak" candidates="123" cleared="123" enqueued="0" />
</gc-op>
<gc-end id="3924" type="scavenge" contextid="3920" durationms="120.954" usertimems="857.300" systemtimems="9.182" timestamp="2020-09-11T10:55:16.057" activeThreads="8">
  <mem-info id="3925" free="1595311960" total="2836725760" percent="56">
    <mem type="nursery" free="675661568" total="939524096" percent="71">
      <mem type="allocate" free="675661568" total="778108928" percent="86" />
      <mem type="survivor" free="0" total="161415168" percent="0" />
    </mem>
    <mem type="tenure" free="919650392" total="1897201664" percent="48" macro-fragmented="0">
      <mem type="soa" free="805817432" total="1783368704" percent="45" />
      <mem type="loa" free="113832960" total="113832960" percent="100" />
    </mem>
    <remembered-set count="29170" />
  </mem-info>
</gc-end>
<cycle-end id="3926" type="scavenge" contextid="3920" timestamp="2020-09-11T10:55:16.059" />
<allocation-satisfied id="3927" threadId="0000000000AA3900" bytesRequested="16" />
<af-end id="3928" timestamp="2020-09-11T10:55:16.059" threadId="0000000000AA4280" success="true" from="nursery"/>
<exclusive-end id="3929" timestamp="2020-09-11T10:55:16.059" durationms="123.669" />

<exclusive-start id="3930" timestamp="2020-09-11T10:55:17.957" intervalms="2021.110">
  <response-info timems="1.012" idlems="1.012" threads="0" lastid="0000000000855600" lastname="Group1.Backend.CompositeBackend{Tier1}.5" />
</exclusive-start>
<af-start id="3931" threadId="0000000000855F80" totalBytesRequested="32" timestamp="2020-09-11T10:55:17.957" intervalms="2021.155" type="nursery" />
<cycle-start id="3932" type="scavenge" contextid="0" timestamp="2020-09-11T10:55:17.958" intervalms="2021.184" />
<gc-start id="3933" type="scavenge" contextid="3932" timestamp="2020-09-11T10:55:17.958">
  <mem-info id="3934" free="919650392" total="2836725760" percent="32">
    <mem type="nursery" free="0" total="939524096" percent="0">
      <mem type="allocate" free="0" total="778108928" percent="0" />
      <mem type="survivor" free="0" total="161415168" percent="0" />
    </mem>
    <mem type="tenure" free="919650392" total="1897201664" percent="48">
      <mem type="soa" free="805817432" total="1783368704" percent="45" />
      <mem type="loa" free="113832960" total="113832960" percent="100" />
    </mem>
    <remembered-set count="191872" />
  </mem-info>
</gc-start>
<allocation-stats totalBytes="675314960" >
  <allocated-bytes non-tlh="30112624" tlh="645202336" />
  <largest-consumer threadName="Group1.Backend.CompositeBackend{Tier1}.6" threadId="000000000088A300" bytes="97639248" />
</allocation-stats>
<gc-op id="3935" type="scavenge" timems="133.860" contextid="3932" timestamp="2020-09-11T10:55:18.092">
  <scavenger-info tenureage="3" tenuremask="7ff8" tiltratio="82" />
  <memory-copied type="nursery" objects="3921269" bytes="105145664" bytesdiscarded="193456" />
  <memory-copied type="tenure" objects="998983" bytes="26866728" bytesdiscarded="61760" />
  <ownableSynchronizers candidates="4071" cleared="3764" />
  <references type="soft" candidates="268" cleared="0" enqueued="0" dynamicThreshold="18" maxThreshold="32" />
  <references type="weak" candidates="118" cleared="118" enqueued="0" />
</gc-op>
<gc-end id="3936" type="scavenge" contextid="3932" durationms="134.758" usertimems="920.615" systemtimems="20.520" timestamp="2020-09-11T10:55:18.092" activeThreads="8">
  <mem-info id="3937" free="1573389744" total="2836725760" percent="55">
    <mem type="nursery" free="680752640" total="939524096" percent="72">
      <mem type="allocate" free="680752640" total="786169856" percent="86" />
      <mem type="survivor" free="0" total="153354240" percent="0" />
    </mem>
    <mem type="tenure" free="892637104" total="1897201664" percent="47" macro-fragmented="1310760">
      <mem type="soa" free="778804144" total="1783368704" percent="43" />
      <mem type="loa" free="113832960" total="113832960" percent="100" />
    </mem>
    <remembered-set count="30657" />
  </mem-info>
</gc-end>
<cycle-end id="3938" type="scavenge" contextid="3932" timestamp="2020-09-11T10:55:18.095" />
<allocation-satisfied id="3939" threadId="0000000000855600" bytesRequested="32" />
<af-end id="3940" timestamp="2020-09-11T10:55:18.095" threadId="0000000000855F80" success="true" from="nursery"/>
<exclusive-end id="3941" timestamp="2020-09-11T10:55:18.095" durationms="138.702" />

<exclusive-start id="3942" timestamp="2020-09-11T10:55:20.021" intervalms="2064.790">
  <response-info timems="0.469" idlems="0.469" threads="0" lastid="0000000000A98500" lastname="Group1.Backend.CompositeBackend{Tier3}.6" />
</exclusive-start>
<af-start id="3943" threadId="0000000000A98E80" totalBytesRequested="32" timestamp="2020-09-11T10:55:20.022" intervalms="2064.745" type="nursery" />
<cycle-start id="3944" type="scavenge" contextid="0" timestamp="2020-09-11T10:55:20.022" intervalms="2064.719" />
<gc-start id="3945" type="scavenge" contextid="3944" timestamp="2020-09-11T10:55:20.023">
  <mem-info id="3946" free="892637104" total="2836725760" percent="31">
    <mem type="nursery" free="0" total="939524096" percent="0">
      <mem type="allocate" free="0" total="786169856" percent="0" />
      <mem type="survivor" free="0" total="153354240" percent="0" />
    </mem>
    <mem type="tenure" free="892637104" total="1897201664" percent="47">
      <mem type="soa" free="778804144" total="1783368704" percent="43" />
      <mem type="loa" free="113832960" total="113832960" percent="100" />
    </mem>
    <remembered-set count="190468" />
  </mem-info>
</gc-start>
<allocation-stats totalBytes="680445840" >
  <allocated-bytes non-tlh="36766880" tlh="643678960" />
  <largest-consumer threadName="Group1.Backend.CompositeBackend{Tier1}.5" threadId="0000000000855600" bytes="98486912" />
</allocation-stats>
<gc-op id="3947" type="scavenge" timems="115.625" contextid="3944" timestamp="2020-09-11T10:55:20.138">
  <scavenger-info tenureage="3" tenuremask="7ff8" tiltratio="83" />
  <memory-copied type="nursery" objects="4148370" bytes="114011888" bytesdiscarded="170336" />
  <memory-copied type="tenure" objects="992485" bytes="26679000" bytesdiscarded="62736" />
  <ownableSynchronizers candidates="4270" cleared="3964" />
  <references type="soft" candidates="269" cleared="0" enqueued="0" dynamicThreshold="18" maxThreshold="32" />
  <references type="weak" candidates="117" cleared="117" enqueued="0" />
</gc-op>
<gc-end id="3948" type="scavenge" contextid="3944" durationms="116.549" usertimems="826.264" systemtimems="5.509" timestamp="2020-09-11T10:55:20.139" activeThreads="8">
  <mem-info id="3949" free="1541023488" total="2836725760" percent="54">
    <mem type="nursery" free="675053760" total="939524096" percent="71">
      <mem type="allocate" free="675053760" total="789315584" percent="85" />
      <mem type="survivor" free="0" total="150208512" percent="0" />
    </mem>
    <mem type="tenure" free="865969728" total="1897201664" percent="45" macro-fragmented="0">
      <mem type="soa" free="752136768" total="1783368704" percent="42" />
      <mem type="loa" free="113832960" total="113832960" percent="100" />
    </mem>
    <remembered-set count="30528" />
  </mem-info>
</gc-end>
<cycle-end id="3950" type="scavenge" contextid="3944" timestamp="2020-09-11T10:55:20.140" />
<allocation-satisfied id="3951" threadId="0000000000A98500" bytesRequested="32" />
<af-end id="3952" timestamp="2020-09-11T10:55:20.140" threadId="0000000000A98E80" success="true" from="nursery"/>
<exclusive-end id="3953" timestamp="2020-09-11T10:55:20.140" durationms="118.676" />

<exclusive-start id="3954" timestamp="2020-09-11T10:55:22.030" intervalms="2009.070">
  <response-info timems="2.932" idlems="2.932" threads="0" lastid="000000000088A300" lastname="Group1.Backend.CompositeBackend{Tier1}.6" />
</exclusive-start>
<af-start id="3955" threadId="000000000088AC80" totalBytesRequested="136" timestamp="2020-09-11T10:55:22.031" intervalms="2009.311" type="nursery" />
<cycle-start id="3956" type="scavenge" contextid="0" timestamp="2020-09-11T10:55:22.032" intervalms="2009.355" />
<gc-start id="3957" type="scavenge" contextid="3956" timestamp="2020-09-11T10:55:22.032">
  <mem-info id="3958" free="865969728" total="2836725760" percent="30">
    <mem type="nursery" free="0" total="939524096" percent="0">
      <mem type="allocate" free="0" total="789315584" percent="0" />
      <mem type="survivor" free="0" total="150208512" percent="0" />
    </mem>
    <mem type="tenure" free="865969728" total="1897201664" percent="45">
      <mem type="soa" free="752136768" total="1783368704" percent="42" />
      <mem type="loa" free="113832960" total="113832960" percent="100" />
    </mem>
    <remembered-set count="189677" />
  </mem-info>
</gc-start>
<allocation-stats totalBytes="674737040" >
  <allocated-bytes non-tlh="36722504" tlh="638014536" />
  <largest-consumer threadName="Group1.Backend.CompositeBackend{Tier1}.2" threadId="000000000077F200" bytes="86305216" />
</allocation-stats>
<gc-op id="3959" type="scavenge" timems="137.012" contextid="3956" timestamp="2020-09-11T10:55:22.169">
  <scavenger-info tenureage="3" tenuremask="7ff8" tiltratio="84" />
  <memory-copied type="nursery" objects="4186804" bytes="114511048" bytesdiscarded="300000" />
  <memory-copied type="tenure" objects="1076368" bytes="28942656" bytesdiscarded="74568" />
  <ownableSynchronizers candidates="3805" cleared="3494" />
  <references type="soft" candidates="252" cleared="0" enqueued="0" dynamicThreshold="18" maxThreshold="32" />
  <references type="weak" candidates="118" cleared="118" enqueued="0" />
</gc-op>
<gc-end id="3960" type="scavenge" contextid="3956" durationms="138.141" usertimems="979.928" systemtimems="17.278" timestamp="2020-09-11T10:55:22.170" activeThreads="8">
  <mem-info id="3961" free="1515596680" total="2836725760" percent="53">
    <mem type="nursery" free="678686176" total="939524096" percent="72">
      <mem type="allocate" free="678686176" total="793575424" percent="85" />
      <mem type="survivor" free="0" total="145948672" percent="0" />
    </mem>
    <mem type="tenure" free="836910504" total="1897201664" percent="44" macro-fragmented="0">
      <mem type="soa" free="723077544" total="1783368704" percent="40" />
      <mem type="loa" free="113832960" total="113832960" percent="100" />
    </mem>
    <remembered-set count="29772" />
  </mem-info>
</gc-end>
<cycle-end id="3962" type="scavenge" contextid="3956" timestamp="2020-09-11T10:55:22.171" />
<allocation-satisfied id="3963" threadId="000000000088A300" bytesRequested="136" />
<af-end id="3964" timestamp="2020-09-11T10:55:22.171" threadId="000000000088AC80" success="true" from="nursery"/>
<exclusive-end id="3965" timestamp="2020-09-11T10:55:22.171" durationms="140.135" />

<exclusive-start id="3966" timestamp="2020-09-11T10:55:24.034" intervalms="2003.251">
  <response-info timems="0.791" idlems="0.791" threads="0" lastid="0000000000808C00" lastname="Group1.Backend.CompositeBackend{Tier1}.3" />
</exclusive-start>
<af-start id="3967" threadId="0000000000809580" totalBytesRequested="48" timestamp="2020-09-11T10:55:24.034" intervalms="2002.959" type="nursery" />
<cycle-start id="3968" type="scavenge" contextid="0" timestamp="2020-09-11T10:55:24.035" intervalms="2002.935" />
<gc-start id="3969" type="scavenge" contextid="3968" timestamp="2020-09-11T10:55:24.035">
  <mem-info id="3970" free="836910504" total="2836725760" percent="29">
    <mem type="nursery" free="0" total="939524096" percent="0">
      <mem type="allocate" free="0" total="793575424" percent="0" />
      <mem type="survivor" free="0" total="145948672" percent="0" />
    </mem>
    <mem type="tenure" free="836910504" total="1897201664" percent="44">
      <mem type="soa" free="723077544" total="1783368704" percent="40" />
      <mem type="loa" free="113832960" total="113832960" percent="100" />
    </mem>
    <remembered-set count="190658" />
  </mem-info>
</gc-start>
<allocation-stats totalBytes="678369320" >
  <allocated-bytes non-tlh="33411688" tlh="644957632" />
  <largest-consumer threadName="Group1.Backend.CompositeBackend{Tier1}.2" threadId="000000000077F200" bytes="85981280" />
</allocation-stats>
<gc-op id="3971" type="scavenge" timems="124.042" contextid="3968" timestamp="2020-09-11T10:55:24.159">
  <scavenger-info tenureage="3" tenuremask="7ff8" tiltratio="84" />
  <memory-copied type="nursery" objects="4156892" bytes="113869640" bytesdiscarded="465384" />
  <memory-copied type="tenure" objects="1099312" bytes="29548576" bytesdiscarded="74856" />
  <ownableSynchronizers candidates="3949" cleared="3630" />
  <references type="soft" candidates="259" cleared="0" enqueued="0" dynamicThreshold="18" maxThreshold="32" />
  <references type="weak" candidates="113" cleared="112" enqueued="0" />
</gc-op>
<gc-end id="3972" type="scavenge" contextid="3968" durationms="125.396" usertimems="906.032" systemtimems="11.701" timestamp="2020-09-11T10:55:24.160" activeThreads="8">
  <mem-info id="3973" free="1489868752" total="2836725760" percent="52">
    <mem type="nursery" free="682698976" total="939524096" percent="72">
      <mem type="allocate" free="682698976" total="797114368" percent="85" />
      <mem type="survivor" free="0" total="142409728" percent="0" />
    </mem>
    <mem type="tenure" free="807169776" total="1897201664" percent="42" macro-fragmented="242284">
      <mem type="soa" free="693336816" total="1783368704" percent="38" />
      <mem type="loa" free="113832960" total="113832960" percent="100" />
    </mem>
    <remembered-set count="28690" />
  </mem-info>
</gc-end>
<cycle-end id="3974" type="scavenge" contextid="3968" timestamp="2020-09-11T10:55:24.161" />
<allocation-satisfied id="3975" threadId="0000000000808C00" bytesRequested="48" />
<af-end id="3976" timestamp="2020-09-11T10:55:24.161" threadId="0000000000809580" success="true" from="nursery"/>
<exclusive-end id="3977" timestamp="2020-09-11T10:55:24.161" durationms="127.349" />

<exclusive-start id="3978" timestamp="2020-09-11T10:55:26.251" intervalms="2217.104">
  <response-info timems="0.319" idlems="0.319" threads="0" lastid="000000000077FE00" lastname="Group1.Backend.CompositeBackend{Tier1}.1" />
</exclusive-start>
<af-start id="3979" threadId="0000000000780780" totalBytesRequested="216936" timestamp="2020-09-11T10:55:26.251" intervalms="2217.110" type="nursery" />
<cycle-start id="3980" type="scavenge" contextid="0" timestamp="2020-09-11T10:55:26.252" intervalms="2217.086" />
<gc-start id="3981" type="scavenge" contextid="3980" timestamp="2020-09-11T10:55:26.252">
  <mem-info id="3982" free="807281792" total="2836725760" percent="28">
    <mem type="nursery" free="112016" total="939524096" percent="0">
      <mem type="allocate" free="112016" total="797114368" percent="0" />
      <mem type="survivor" free="0" total="142409728" percent="0" />
    </mem>
    <mem type="tenure" free="807169776" total="1897201664" percent="42">
      <mem type="soa" free="693336816" total="1783368704" percent="38" />
      <mem type="loa" free="113832960" total="113832960" percent="100" />
    </mem>
    <remembered-set count="194590" />
  </mem-info>
</gc-start>
<allocation-stats totalBytes="682241000" >
  <allocated-bytes non-tlh="25023312" tlh="657217688" />
  <largest-consumer threadName="Group1.Backend.CompositeBackend{Tier1}.7" threadId="0000000000891B00" bytes="95110328" />
</allocation-stats>
<gc-op id="3983" type="scavenge" timems="115.167" contextid="3980" timestamp="2020-09-11T10:55:26.367">
  <scavenger-info tenureage="3" tenuremask="7ff8" tiltratio="84" />
  <memory-copied type="nursery" objects="4226594" bytes="113309512" bytesdiscarded="186352" />
  <memory-copied type="tenure" objects="1113664" bytes="32934368" bytesdiscarded="81392" />
  <ownableSynchronizers candidates="4856" cleared="4521" />
  <references type="soft" candidates="278" cleared="0" enqueued="0" dynamicThreshold="18" maxThreshold="32" />
  <references type="weak" candidates="111" cleared="108" enqueued="0" />
</gc-op>
<gc-end id="3984" type="scavenge" contextid="3980" durationms="116.044" usertimems="836.374" systemtimems="0.000" timestamp="2020-09-11T10:55:26.368" activeThreads="8">
  <mem-info id="3985" free="1460707408" total="2836725760" percent="51">
    <mem type="nursery" free="686476632" total="939524096" percent="73">
      <mem type="allocate" free="686476632" total="800063488" percent="85" />
      <mem type="survivor" free="0" total="139460608" percent="0" />
    </mem>
    <mem type="tenure" free="774230776" total="1897201664" percent="40" macro-fragmented="0">
      <mem type="soa" free="662494984" total="1783368704" percent="37" />
      <mem type="loa" free="111735792" total="113832960" percent="98" />
    </mem>
    <remembered-set count="31718" />
  </mem-info>
</gc-end>
<cycle-end id="3986" type="scavenge" contextid="3980" timestamp="2020-09-11T10:55:26.369" />
<allocation-satisfied id="3987" threadId="000000000077FE00" bytesRequested="216936" />
<af-end id="3988" timestamp="2020-09-11T10:55:26.369" threadId="0000000000780780" success="true" from="nursery"/>
<exclusive-end id="3989" timestamp="2020-09-11T10:55:26.369" durationms="117.876" />

<exclusive-start id="3990" timestamp="2020-09-11T10:55:28.224" intervalms="1973.589">
  <response-info timems="0.358" idlems="0.358" threads="0" lastid="000000000088A300" lastname="Group1.Backend.CompositeBackend{Tier1}.6" />
</exclusive-start>
<af-start id="3991" threadId="000000000088AC80" totalBytesRequested="208" timestamp="2020-09-11T10:55:28.226" intervalms="1974.061" type="nursery" />
<cycle-start id="3992" type="scavenge" contextid="0" timestamp="2020-09-11T10:55:28.226" intervalms="1974.098" />
<gc-start id="3993" type="scavenge" contextid="3992" timestamp="2020-09-11T10:55:28.226">
  <mem-info id="3994" free="774230776" total="2836725760" percent="27">
    <mem type="nursery" free="0" total="939524096" percent="0">
      <mem type="allocate" free="0" total="800063488" percent="0" />
      <mem type="survivor" free="0" total="139460608" percent="0" />
    </mem>
    <mem type="tenure" free="774230776" total="1897201664" percent="40">
      <mem type="soa" free="662494984" total="1783368704" percent="37" />
      <mem type="loa" free="111735792" total="113832960" percent="98" />
    </mem>
    <remembered-set count="188662" />
  </mem-info>
</gc-start>
<allocation-stats totalBytes="686150160" >
  <allocated-bytes non-tlh="39771776" tlh="646378384" />
  <largest-consumer threadName="Group1.Backend.CompositeBackend{Tier1}.6" threadId="000000000088A300" bytes="121488560" />
</allocation-stats>
<gc-op id="3995" type="scavenge" timems="107.691" contextid="3992" timestamp="2020-09-11T10:55:28.334">
  <scavenger-info tenureage="3" tenuremask="7ff8" tiltratio="85" />
  <memory-copied type="nursery" objects="4092676" bytes="109688928" bytesdiscarded="235216" />
  <memory-copied type="tenure" objects="1054953" bytes="28334040" bytesdiscarded="78392" />
  <ownableSynchronizers candidates="4297" cleared="3951" />
  <references type="soft" candidates="309" cleared="0" enqueued="0" dynamicThreshold="18" maxThreshold="32" />
  <references type="weak" candidates="123" cleared="122" enqueued="0" />
</gc-op>
<gc-end id="3996" type="scavenge" contextid="3992" durationms="108.963" usertimems="815.253" systemtimems="4.077" timestamp="2020-09-11T10:55:28.335" activeThreads="8">
  <mem-info id="3997" free="1438221288" total="2836725760" percent="50">
    <mem type="nursery" free="692546040" total="939524096" percent="73">
      <mem type="allocate" free="692546040" total="802553856" percent="86" />
      <mem type="survivor" free="0" total="136970240" percent="0" />
    </mem>
    <mem type="tenure" free="745675248" total="1897201664" percent="39" macro-fragmented="0">
      <mem type="soa" free="633939456" total="1783368704" percent="35" />
      <mem type="loa" free="111735792" total="113832960" percent="98" />
    </mem>
    <remembered-set count="29375" />
  </mem-info>
</gc-end>
<cycle-end id="3998" type="scavenge" contextid="3992" timestamp="2020-09-11T10:55:28.336" />
<allocation-satisfied id="3999" threadId="000000000088A300" bytesRequested="208" />
<af-end id="4000" timestamp="2020-09-11T10:55:28.336" threadId="000000000088AC80" success="true" from="nursery"/>
<exclusive-end id="4001" timestamp="2020-09-11T10:55:28.336" durationms="111.181" />

<exclusive-start id="4002" timestamp="2020-09-11T10:55:30.390" intervalms="2165.119">
  <response-info timems="0.543" idlems="0.543" threads="0" lastid="0000000000891B00" lastname="Group1.Backend.CompositeBackend{Tier1}.7" />
</exclusive-start>
<af-start id="4003" threadId="0000000000892480" totalBytesRequested="24" timestamp="2020-09-11T10:55:30.390" intervalms="2164.897" type="nursery" />
<cycle-start id="4004" type="scavenge" contextid="0" timestamp="2020-09-11T10:55:30.391" intervalms="2164.899" />
<gc-start id="4005" type="scavenge" contextid="4004" timestamp="2020-09-11T10:55:30.391">
  <mem-info id="4006" free="745675248" total="2836725760" percent="26">
    <mem type="nursery" free="0" total="939524096" percent="0">
      <mem type="allocate" free="0" total="802553856" percent="0" />
      <mem type="survivor" free="0" total="136970240" percent="0" />
    </mem>
    <mem type="tenure" free="745675248" total="1897201664" percent="39">
      <mem type="soa" free="633939456" total="1783368704" percent="35" />
      <mem type="loa" free="111735792" total="113832960" percent="98" />
    </mem>
    <remembered-set count="193160" />
  </mem-info>
</gc-start>
<allocation-stats totalBytes="692223696" >
  <allocated-bytes non-tlh="29889768" tlh="662333928" />
  <largest-consumer threadName="Group1.Backend.CompositeBackend{Tier1}.6" threadId="000000000088A300" bytes="115574864" />
</allocation-stats>
<gc-op id="4007" type="scavenge" timems="144.902" contextid="4004" timestamp="2020-09-11T10:55:30.536">
  <scavenger-info tenureage="3" tenuremask="7ff8" tiltratio="85" />
  <memory-copied type="nursery" objects="4120819" bytes="110474688" bytesdiscarded="143824" />
  <memory-copied type="tenure" objects="1070384" bytes="28772208" bytesdiscarded="75856" />
  <ownableSynchronizers candidates="4042" cleared="3694" />
  <references type="soft" candidates="304" cleared="0" enqueued="0" dynamicThreshold="18" maxThreshold="32" />
  <references type="weak" candidates="117" cleared="117" enqueued="0" />
</gc-op>
<gc-end id="4008" type="scavenge" contextid="4004" durationms="145.950" usertimems="1000.855" systemtimems="16.749" timestamp="2020-09-11T10:55:30.537" activeThreads="8">
  <mem-info id="4009" free="1411169136" total="2836725760" percent="49">
    <mem type="nursery" free="694334720" total="939524096" percent="73">
      <mem type="allocate" free="694334720" total="805044224" percent="86" />
      <mem type="survivor" free="0" total="134479872" percent="0" />
    </mem>
    <mem type="tenure" free="716834416" total="1897201664" percent="37" macro-fragmented="4479464">
      <mem type="soa" free="605098624" total="1783368704" percent="33" />
      <mem type="loa" free="111735792" total="113832960" percent="98" />
    </mem>
    <remembered-set count="28214" />
  </mem-info>
</gc-end>
<cycle-end id="4010" type="scavenge" contextid="4004" timestamp="2020-09-11T10:55:30.537" />
<allocation-satisfied id="4011" threadId="0000000000891B00" bytesRequested="24" />
<af-end id="4012" timestamp="2020-09-11T10:55:30.537" threadId="0000000000892480" success="true" from="nursery"/>
<exclusive-end id="4013" timestamp="2020-09-11T10:55:30.537" durationms="147.931" />

<exclusive-start id="4014" timestamp="2020-09-11T10:55:32.478" intervalms="2088.075">
  <response-info timems="0.374" idlems="0.195" threads="1" lastid="0000000000943F00" lastname="Group1.TxInjector.CompositeTxInjector.I.driver.probe.27" />
</exclusive-start>
<af-start id="4015" threadId="0000000000892480" totalBytesRequested="120" timestamp="2020-09-11T10:55:32.478" intervalms="2087.810" type="nursery" />
<cycle-start id="4016" type="scavenge" contextid="0" timestamp="2020-09-11T10:55:32.478" intervalms="2087.776" />
<gc-start id="4017" type="scavenge" contextid="4016" timestamp="2020-09-11T10:55:32.479">
  <mem-info id="4018" free="716834416" total="2836725760" percent="25">
    <mem type="nursery" free="0" total="939524096" percent="0">
      <mem type="allocate" free="0" total="805044224" percent="0" />
      <mem type="survivor" free="0" total="134479872" percent="0" />
    </mem>
    <mem type="tenure" free="716834416" total="1897201664" percent="37">
      <mem type="soa" free="605098624" total="1783368704" percent="33" />
      <mem type="loa" free="111735792" total="113832960" percent="98" />
    </mem>
    <remembered-set count="192005" />
  </mem-info>
</gc-start>
<allocation-stats totalBytes="693997848" >
  <allocated-bytes non-tlh="33094896" tlh="660902952" />
  <largest-consumer threadName="Group1.Backend.CompositeBackend{Tier1}.4" threadId="0000000000854B00" bytes="105406152" />
</allocation-stats>
<gc-op id="4019" type="scavenge" timems="107.030" contextid="4016" timestamp="2020-09-11T10:55:32.586">
  <scavenger-info tenureage="3" tenuremask="7ff8" tiltratio="85" />
  <memory-copied type="nursery" objects="3991620" bytes="107186056" bytesdiscarded="460944" />
  <memory-copied type="tenure" objects="1130215" bytes="30396528" bytesdiscarded="83944" />
  <ownableSynchronizers candidates="3144" cleared="2821" />
  <references type="soft" candidates="265" cleared="0" enqueued="0" dynamicThreshold="18" maxThreshold="32" />
  <references type="weak" candidates="113" cleared="113" enqueued="0" />
</gc-op>
<gc-end id="4020" type="scavenge" contextid="4016" durationms="107.930" usertimems="802.670" systemtimems="0.861" timestamp="2020-09-11T10:55:32.586" activeThreads="8">
  <mem-info id="4021" free="1385918008" total="2836725760" percent="48">
    <mem type="nursery" free="699479552" total="939524096" percent="74">
      <mem type="allocate" free="699479552" total="807206912" percent="86" />
      <mem type="survivor" free="0" total="132317184" percent="0" />
    </mem>
    <mem type="tenure" free="686438456" total="1897201664" percent="36" macro-fragmented="2160235">
      <mem type="soa" free="574702664" total="1783368704" percent="32" />
      <mem type="loa" free="111735792" total="113832960" percent="98" />
    </mem>
    <remembered-set count="29275" />
  </mem-info>
</gc-end>
<cycle-end id="4022" type="scavenge" contextid="4016" timestamp="2020-09-11T10:55:32.588" />
<allocation-satisfied id="4023" threadId="0000000000891B00" bytesRequested="120" />
<af-end id="4024" timestamp="2020-09-11T10:55:32.588" threadId="0000000000892480" success="true" from="nursery"/>
<exclusive-end id="4025" timestamp="2020-09-11T10:55:32.588" durationms="110.274" />

<exclusive-start id="4026" timestamp="2020-09-11T10:55:34.589" intervalms="2111.197">
  <response-info timems="0.427" idlems="0.427" threads="0" lastid="0000000000A90D00" lastname="Group1.Backend.CompositeBackend{Tier3}.3" />
</exclusive-start>
<af-start id="4027" threadId="0000000000A91680" totalBytesRequested="96" timestamp="2020-09-11T10:55:34.590" intervalms="2111.345" type="nursery" />
<cycle-start id="4028" type="scavenge" contextid="0" timestamp="2020-09-11T10:55:34.590" intervalms="2111.383" />
<gc-start id="4029" type="scavenge" contextid="4028" timestamp="2020-09-11T10:55:34.590">
  <mem-info id="4030" free="686438456" total="2836725760" percent="24">
    <mem type="nursery" free="0" total="939524096" percent="0">
      <mem type="allocate" free="0" total="807206912" percent="0" />
      <mem type="survivor" free="0" total="132317184" percent="0" />
    </mem>
    <mem type="tenure" free="686438456" total="1897201664" percent="36">
      <mem type="soa" free="574702664" total="1783368704" percent="32" />
      <mem type="loa" free="111735792" total="113832960" percent="98" />
    </mem>
    <remembered-set count="196103" />
  </mem-info>
</gc-start>
<allocation-stats totalBytes="699154008" >
  <allocated-bytes non-tlh="31059928" tlh="668094080" />
  <largest-consumer threadName="Group1.Backend.CompositeBackend{Tier1}.1" threadId="000000000077FE00" bytes="95346360" />
</allocation-stats>
<gc-op id="4031" type="scavenge" timems="125.584" contextid="4028" timestamp="2020-09-11T10:55:34.716">
  <scavenger-info tenureage="3" tenuremask="7ff8" tiltratio="85" />
  <memory-copied type="nursery" objects="4173014" bytes="111585488" bytesdiscarded="177976" />
  <memory-copied type="tenure" objects="1011706" bytes="27207160" bytesdiscarded="71784" />
  <ownableSynchronizers candidates="3579" cleared="3290" />
  <references type="soft" candidates="227" cleared="0" enqueued="0" dynamicThreshold="18" maxThreshold="32" />
  <references type="weak" candidates="104" cleared="103" enqueued="0" />
</gc-op>
<gc-end id="4032" type="scavenge" contextid="4028" durationms="126.566" usertimems="896.913" systemtimems="9.318" timestamp="2020-09-11T10:55:34.717" activeThreads="8">
  <mem-info id="4033" free="1354983568" total="2836725760" percent="47">
    <mem type="nursery" free="695815928" total="939524096" percent="74">
      <mem type="allocate" free="695815928" total="807665664" percent="86" />
      <mem type="survivor" free="0" total="131858432" percent="0" />
    </mem>
    <mem type="tenure" free="659167640" total="1897201664" percent="34" macro-fragmented="3145752">
      <mem type="soa" free="547431848" total="1783368704" percent="30" />
      <mem type="loa" free="111735792" total="113832960" percent="98" />
    </mem>
    <remembered-set count="32090" />
  </mem-info>
</gc-end>
<cycle-end id="4034" type="scavenge" contextid="4028" timestamp="2020-09-11T10:55:34.717" />
<allocation-satisfied id="4035" threadId="0000000000A90D00" bytesRequested="96" />
<af-end id="4036" timestamp="2020-09-11T10:55:34.717" threadId="0000000000A91680" success="true" from="nursery"/>
<exclusive-end id="4037" timestamp="2020-09-11T10:55:34.717" durationms="128.713" />

<exclusive-start id="4038" timestamp="2020-09-11T10:55:36.639" intervalms="2050.540">
  <response-info timems="1.038" idlems="1.038" threads="0" lastid="000000000088A300" lastname="Group1.Backend.CompositeBackend{Tier1}.6" />
</exclusive-start>
<af-start id="4039" threadId="000000000088AC80" totalBytesRequested="32" timestamp="2020-09-11T10:55:36.640" intervalms="2050.459" type="nursery" />
<cycle-start id="4040" type="scavenge" contextid="0" timestamp="2020-09-11T10:55:36.640" intervalms="2050.423" />
<gc-start id="4041" type="scavenge" contextid="4040" timestamp="2020-09-11T10:55:36.641">
  <mem-info id="4042" free="659167640" total="2836725760" percent="23">
    <mem type="nursery" free="0" total="939524096" percent="0">
      <mem type="allocate" free="0" total="807665664" percent="0" />
      <mem type="survivor" free="0" total="131858432" percent="0" />
    </mem>
    <mem type="tenure" free="659167640" total="1897201664" percent="34">
      <mem type="soa" free="547431848" total="1783368704" percent="30" />
      <mem type="loa" free="111735792" total="113832960" percent="98" />
    </mem>
    <remembered-set count="193437" />
  </mem-info>
</gc-start>
<allocation-stats totalBytes="695498144" >
  <allocated-bytes non-tlh="36237024" tlh="659261120" />
  <largest-consumer threadName="Group1.Backend.CompositeBackend{Tier1}.6" threadId="000000000088A300" bytes="103352360" />
</allocation-stats>
<gc-op id="4043" type="scavenge" timems="109.336" contextid="4040" timestamp="2020-09-11T10:55:36.750">
  <scavenger-info tenureage="3" tenuremask="7ff8" tiltratio="85" />
  <memory-copied type="nursery" objects="4169708" bytes="111563848" bytesdiscarded="137064" />
  <memory-copied type="tenure" objects="1106409" bytes="29750704" bytesdiscarded="83712" />
  <ownableSynchronizers candidates="3217" cleared="2957" />
  <references type="soft" candidates="224" cleared="0" enqueued="0" dynamicThreshold="18" maxThreshold="32" />
  <references type="weak" candidates="130" cleared="129" enqueued="0" />
</gc-op>
<gc-end id="4044" type="scavenge" contextid="4040" durationms="110.460" usertimems="788.349" systemtimems="0.614" timestamp="2020-09-11T10:55:36.751" activeThreads="8">
  <mem-info id="4045" free="1326714216" total="2836725760" percent="46">
    <mem type="nursery" free="697259256" total="939524096" percent="74">
      <mem type="allocate" free="697259256" total="809041920" percent="86" />
      <mem type="survivor" free="0" total="130482176" percent="0" />
    </mem>
    <mem type="tenure" free="629454960" total="1897201664" percent="33" macro-fragmented="3145752">
      <mem type="soa" free="517719168" total="1783368704" percent="29" />
      <mem type="loa" free="111735792" total="113832960" percent="98" />
    </mem>
    <remembered-set count="32268" />
  </mem-info>
</gc-end>
<cycle-end id="4046" type="scavenge" contextid="4040" timestamp="2020-09-11T10:55:36.751" />
<allocation-satisfied id="4047" threadId="000000000088A300" bytesRequested="32" />
<af-end id="4048" timestamp="2020-09-11T10:55:36.751" threadId="000000000088AC80" success="true" from="nursery"/>
<exclusive-end id="4049" timestamp="2020-09-11T10:55:36.751" durationms="112.147" />

<exclusive-start id="4050" timestamp="2020-09-11T10:55:38.872" intervalms="2233.027">
  <response-info timems="0.485" idlems="0.485" threads="0" lastid="0000000000854B00" lastname="Group1.Backend.CompositeBackend{Tier1}.4" />
</exclusive-start>
<af-start id="4051" threadId="0000000000855480" totalBytesRequested="520" timestamp="2020-09-11T10:55:38.873" intervalms="2232.965" type="nursery" />
<cycle-start id="4052" type="scavenge" contextid="0" timestamp="2020-09-11T10:55:38.873" intervalms="2232.956" />
<gc-start id="4053" type="scavenge" contextid="4052" timestamp="2020-09-11T10:55:38.874">
  <mem-info id="4054" free="629454960" total="2836725760" percent="22">
    <mem type="nursery" free="0" total="939524096" percent="0">
      <mem type="allocate" free="0" total="809041920" percent="0" />
      <mem type="survivor" free="0" total="130482176" percent="0" />
    </mem>
    <mem type="tenure" free="629454960" total="1897201664" percent="33">
      <mem type="soa" free="517719168" total="1783368704" percent="29" />
      <mem type="loa" free="111735792" total="113832960" percent="98" />
    </mem>
    <remembered-set count="197540" />
  </mem-info>
</gc-start>
<allocation-stats totalBytes="696912264" >
  <allocated-bytes non-tlh="32520504" tlh="664391760" />
  <largest-consumer threadName="Group1.Backend.CompositeBackend{Tier1}.3" threadId="0000000000808C00" bytes="99390208" />
</allocation-stats>
<gc-op id="4055" type="scavenge" timems="108.051" contextid="4052" timestamp="2020-09-11T10:55:38.982">
  <scavenger-info tenureage="3" tenuremask="7ff8" tiltratio="86" />
  <memory-copied type="nursery" objects="4148903" bytes="111273136" bytesdiscarded="284664" />
  <memory-copied type="tenure" objects="1092557" bytes="29370280" bytesdiscarded="88552" />
  <ownableSynchronizers candidates="4997" cleared="4707" />
  <references type="soft" candidates="264" cleared="0" enqueued="0" dynamicThreshold="18" maxThreshold="32" />
  <references type="weak" candidates="119" cleared="118" enqueued="0" />
</gc-op>
<gc-end id="4056" type="scavenge" contextid="4052" durationms="109.127" usertimems="782.151" systemtimems="4.041" timestamp="2020-09-11T10:55:38.983" activeThreads="8">
  <mem-info id="4057" free="1298433304" total="2836725760" percent="45">
    <mem type="nursery" free="698506496" total="939524096" percent="74">
      <mem type="allocate" free="698506496" total="810156032" percent="86" />
      <mem type="survivor" free="0" total="129368064" percent="0" />
    </mem>
    <mem type="tenure" free="599926808" total="1897201664" percent="31" macro-fragmented="1310760">
      <mem type="soa" free="488191016" total="1783368704" percent="27" />
      <mem type="loa" free="111735792" total="113832960" percent="98" />
    </mem>
    <remembered-set count="32182" />
  </mem-info>
</gc-end>
<cycle-end id="4058" type="scavenge" contextid="4052" timestamp="2020-09-11T10:55:38.983" />
<allocation-satisfied id="4059" threadId="0000000000854B00" bytesRequested="520" />
<af-end id="4060" timestamp="2020-09-11T10:55:38.983" threadId="0000000000855480" success="true" from="nursery"/>
<exclusive-end id="4061" timestamp="2020-09-11T10:55:38.983" durationms="111.012" />

<exclusive-start id="4062" timestamp="2020-09-11T10:55:40.947" intervalms="2074.313">
  <response-info timems="0.688" idlems="0.652" threads="1" lastid="000000000089D400" lastname="Group1.Backend.CompositeBackend{Tier1}.8" />
</exclusive-start>
<af-start id="4063" threadId="0000000000855480" totalBytesRequested="1032" timestamp="2020-09-11T10:55:40.948" intervalms="2074.583" type="nursery" />
<cycle-start id="4064" type="scavenge" contextid="0" timestamp="2020-09-11T10:55:40.948" intervalms="2074.686" />
<gc-start id="4065" type="scavenge" contextid="4064" timestamp="2020-09-11T10:55:40.948">
  <mem-info id="4066" free="599926808" total="2836725760" percent="21">
    <mem type="nursery" free="0" total="939524096" percent="0">
      <mem type="allocate" free="0" total="810156032" percent="0" />
      <mem type="survivor" free="0" total="129368064" percent="0" />
    </mem>
    <mem type="tenure" free="599926808" total="1897201664" percent="31">
      <mem type="soa" free="488191016" total="1783368704" percent="27" />
      <mem type="loa" free="111735792" total="113832960" percent="98" />
    </mem>
    <remembered-set count="195050" />
  </mem-info>
</gc-start>
<allocation-stats totalBytes="698170976" >
  <allocated-bytes non-tlh="30222872" tlh="667948104" />
  <largest-consumer threadName="Group1.Backend.CompositeBackend{Tier1}.2" threadId="000000000077F200" bytes="96378144" />
</allocation-stats>
<gc-op id="4067" type="scavenge" timems="107.675" contextid="4064" timestamp="2020-09-11T10:55:41.056">
  <scavenger-info tenureage="3" tenuremask="7ff8" tiltratio="86" />
  <memory-copied type="nursery" objects="4099672" bytes="110139408" bytesdiscarded="485176" />
  <memory-copied type="tenure" objects="1126233" bytes="30252200" bytesdiscarded="92760" />
  <ownableSynchronizers candidates="3664" cleared="3358" />
  <references type="soft" candidates="275" cleared="0" enqueued="0" dynamicThreshold="18" maxThreshold="32" />
  <references type="weak" candidates="122" cleared="122" enqueued="0" />
</gc-op>
<gc-end id="4068" type="scavenge" contextid="4064" durationms="109.002" usertimems="812.878" systemtimems="10.504" timestamp="2020-09-11T10:55:41.057" activeThreads="8">
  <mem-info id="4069" free="1269890664" total="2836725760" percent="44">
    <mem type="nursery" free="700365536" total="939524096" percent="74">
      <mem type="allocate" free="700365536" total="811073536" percent="86" />
      <mem type="survivor" free="0" total="128450560" percent="0" />
    </mem>
    <mem type="tenure" free="569525128" total="1897201664" percent="30" macro-fragmented="0">
      <mem type="soa" free="457789336" total="1783368704" percent="25" />
      <mem type="loa" free="111735792" total="113832960" percent="98" />
    </mem>
    <remembered-set count="29597" />
  </mem-info>
</gc-end>
<cycle-end id="4070" type="scavenge" contextid="4064" timestamp="2020-09-11T10:55:41.058" />
<allocation-satisfied id="4071" threadId="0000000000854B00" bytesRequested="1032" />
<af-end id="4072" timestamp="2020-09-11T10:55:41.058" threadId="0000000000855480" success="true" from="nursery"/>
<exclusive-end id="4073" timestamp="2020-09-11T10:55:41.058" durationms="110.966" />

<exclusive-start id="4074" timestamp="2020-09-11T10:55:43.108" intervalms="2161.273">
  <response-info timems="0.402" idlems="0.402" threads="0" lastid="0000000000808C00" lastname="Group1.Backend.CompositeBackend{Tier1}.3" />
</exclusive-start>
<af-start id="4075" threadId="0000000000809580" totalBytesRequested="144" timestamp="2020-09-11T10:55:43.109" intervalms="2161.048" type="nursery" />
<cycle-start id="4076" type="scavenge" contextid="0" timestamp="2020-09-11T10:55:43.109" intervalms="2160.940" />
<gc-start id="4077" type="scavenge" contextid="4076" timestamp="2020-09-11T10:55:43.109">
  <mem-info id="4078" free="569525128" total="2836725760" percent="20">
    <mem type="nursery" free="0" total="939524096" percent="0">
      <mem type="allocate" free="0" total="811073536" percent="0" />
      <mem type="survivor" free="0" total="128450560" percent="0" />
    </mem>
    <mem type="tenure" free="569525128" total="1897201664" percent="30">
      <mem type="soa" free="457789336" total="1783368704" percent="25" />
      <mem type="loa" free="111735792" total="113832960" percent="98" />
    </mem>
    <remembered-set count="195325" />
  </mem-info>
</gc-start>
<allocation-stats totalBytes="700022744" >
  <allocated-bytes non-tlh="30392016" tlh="669630728" />
  <largest-consumer threadName="Group1.Backend.CompositeBackend{Tier1}.2" threadId="000000000077F200" bytes="121788016" />
</allocation-stats>
<gc-op id="4079" type="scavenge" timems="109.418" contextid="4076" timestamp="2020-09-11T10:55:43.219">
  <scavenger-info tenureage="3" tenuremask="7ff8" tiltratio="86" />
  <memory-copied type="nursery" objects="4378840" bytes="116578928" bytesdiscarded="164712" />
  <memory-copied type="tenure" objects="1061172" bytes="28517408" bytesdiscarded="75976" />
  <ownableSynchronizers candidates="3549" cleared="3230" />
  <references type="soft" candidates="283" cleared="0" enqueued="0" dynamicThreshold="18" maxThreshold="32" />
  <references type="weak" candidates="113" cleared="113" enqueued="0" />
</gc-op>
<gc-end id="4080" type="scavenge" contextid="4076" durationms="110.327" usertimems="783.772" systemtimems="0.000" timestamp="2020-09-11T10:55:43.219" activeThreads="8">
  <mem-info id="4081" free="1227807176" total="2836725760" percent="43">
    <mem type="nursery" free="686772984" total="939524096" percent="73">
      <mem type="allocate" free="686772984" total="803602432" percent="85" />
      <mem type="survivor" free="0" total="135921664" percent="0" />
    </mem>
    <mem type="tenure" free="541034192" total="1897201664" percent="28" macro-fragmented="0">
      <mem type="soa" free="429298400" total="1783368704" percent="24" />
      <mem type="loa" free="111735792" total="113832960" percent="98" />
    </mem>
    <remembered-set count="29835" />
  </mem-info>
</gc-end>
<cycle-end id="4082" type="scavenge" contextid="4076" timestamp="2020-09-11T10:55:43.221" />
<allocation-satisfied id="4083" threadId="0000000000808C00" bytesRequested="144" />
<af-end id="4084" timestamp="2020-09-11T10:55:43.221" threadId="0000000000809580" success="true" from="nursery"/>
<exclusive-end id="4085" timestamp="2020-09-11T10:55:43.221" durationms="113.447" />

<exclusive-start id="4086" timestamp="2020-09-11T10:55:45.181" intervalms="2072.859">
  <response-info timems="0.499" idlems="0.499" threads="0" lastid="0000000000891B00" lastname="Group1.Backend.CompositeBackend{Tier1}.7" />
</exclusive-start>
<af-start id="4087" threadId="0000000000892480" totalBytesRequested="248" timestamp="2020-09-11T10:55:45.181" intervalms="2072.789" type="nursery" />
<cycle-start id="4088" type="scavenge" contextid="0" timestamp="2020-09-11T10:55:45.182" intervalms="2072.802" />
<gc-start id="4089" type="scavenge" contextid="4088" timestamp="2020-09-11T10:55:45.182">
  <mem-info id="4090" free="541034192" total="2836725760" percent="19">
    <mem type="nursery" free="0" total="939524096" percent="0">
      <mem type="allocate" free="0" total="803602432" percent="0" />
      <mem type="survivor" free="0" total="135921664" percent="0" />
    </mem>
    <mem type="tenure" free="541034192" total="1897201664" percent="28">
      <mem type="soa" free="429298400" total="1783368704" percent="24" />
      <mem type="loa" free="111735792" total="113832960" percent="98" />
    </mem>
    <remembered-set count="190877" />
  </mem-info>
</gc-start>
<allocation-stats totalBytes="686460160" >
  <allocated-bytes non-tlh="37648272" tlh="648811888" />
  <largest-consumer threadName="Group1.Backend.CompositeBackend{Tier1}.4" threadId="0000000000854B00" bytes="119646424" />
</allocation-stats>
<gc-op id="4091" type="scavenge" timems="106.876" contextid="4088" timestamp="2020-09-11T10:55:45.289">
  <scavenger-info tenureage="3" tenuremask="7ff8" tiltratio="85" />
  <memory-copied type="nursery" objects="4124657" bytes="110748744" bytesdiscarded="162376" />
  <memory-copied type="tenure" objects="1120272" bytes="30107824" bytesdiscarded="95800" />
  <ownableSynchronizers candidates="3892" cleared="3561" />
  <references type="soft" candidates="264" cleared="0" enqueued="0" dynamicThreshold="18" maxThreshold="32" />
  <references type="weak" candidates="128" cleared="128" enqueued="0" />
</gc-op>
<gc-end id="4092" type="scavenge" contextid="4088" durationms="107.928" usertimems="778.544" systemtimems="4.323" timestamp="2020-09-11T10:55:45.290" activeThreads="8">
  <mem-info id="4093" free="1204563728" total="2836725760" percent="42">
    <mem type="nursery" free="693658032" total="939524096" percent="73">
      <mem type="allocate" free="693658032" total="804651008" percent="86" />
      <mem type="survivor" free="0" total="134873088" percent="0" />
    </mem>
    <mem type="tenure" free="510905696" total="1897201664" percent="26" macro-fragmented="1572888">
      <mem type="soa" free="399169904" total="1783368704" percent="22" />
      <mem type="loa" free="111735792" total="113832960" percent="98" />
    </mem>
    <remembered-set count="29555" />
  </mem-info>
</gc-end>
<cycle-end id="4094" type="scavenge" contextid="4088" timestamp="2020-09-11T10:55:45.290" />
<allocation-satisfied id="4095" threadId="0000000000891B00" bytesRequested="248" />
<af-end id="4096" timestamp="2020-09-11T10:55:45.290" threadId="0000000000892480" success="true" from="nursery"/>
<exclusive-end id="4097" timestamp="2020-09-11T10:55:45.290" durationms="109.496" />

<exclusive-start id="4098" timestamp="2020-09-11T10:55:47.258" intervalms="2077.638">
  <response-info timems="0.356" idlems="0.356" threads="0" lastid="000000000077F200" lastname="Group1.Backend.CompositeBackend{Tier1}.2" />
</exclusive-start>
<af-start id="4099" threadId="000000000077FB80" totalBytesRequested="16" timestamp="2020-09-11T10:55:47.259" intervalms="2077.734" type="nursery" />
<cycle-start id="4100" type="scavenge" contextid="0" timestamp="2020-09-11T10:55:47.259" intervalms="2077.760" />
<gc-start id="4101" type="scavenge" contextid="4100" timestamp="2020-09-11T10:55:47.260">
  <mem-info id="4102" free="510905696" total="2836725760" percent="18">
    <mem type="nursery" free="0" total="939524096" percent="0">
      <mem type="allocate" free="0" total="804651008" percent="0" />
      <mem type="survivor" free="0" total="134873088" percent="0" />
    </mem>
    <mem type="tenure" free="510905696" total="1897201664" percent="26">
      <mem type="soa" free="399169904" total="1783368704" percent="22" />
      <mem type="loa" free="111735792" total="113832960" percent="98" />
    </mem>
    <remembered-set count="194656" />
  </mem-info>
</gc-start>
<allocation-stats totalBytes="693323344" >
  <allocated-bytes non-tlh="33698904" tlh="659624440" />
  <largest-consumer threadName="Group1.Backend.CompositeBackend{Tier1}.7" threadId="0000000000891B00" bytes="108459824" />
</allocation-stats>
<gc-op id="4103" type="scavenge" timems="116.958" contextid="4100" timestamp="2020-09-11T10:55:47.377">
  <scavenger-info tenureage="3" tenuremask="7ff8" tiltratio="85" />
  <memory-copied type="nursery" objects="4147444" bytes="111642512" bytesdiscarded="147296" />
  <memory-copied type="tenure" objects="1096805" bytes="29662800" bytesdiscarded="105120" />
  <ownableSynchronizers candidates="3802" cleared="3498" />
  <references type="soft" candidates="281" cleared="0" enqueued="0" dynamicThreshold="18" maxThreshold="32" />
  <references type="weak" candidates="113" cleared="113" enqueued="0" />
</gc-op>
<gc-end id="4104" type="scavenge" contextid="4100" durationms="118.364" usertimems="859.571" systemtimems="0.000" timestamp="2020-09-11T10:55:47.378" activeThreads="8">
  <mem-info id="4105" free="1175610320" total="2836725760" percent="41">
    <mem type="nursery" free="694543096" total="939524096" percent="73">
      <mem type="allocate" free="694543096" total="806420480" percent="86" />
      <mem type="survivor" free="0" total="133103616" percent="0" />
    </mem>
    <mem type="tenure" free="481067224" total="1897201664" percent="25" macro-fragmented="0">
      <mem type="soa" free="369331432" total="1783368704" percent="20" />
      <mem type="loa" free="111735792" total="113832960" percent="98" />
    </mem>
    <remembered-set count="32250" />
  </mem-info>
</gc-end>
<cycle-end id="4106" type="scavenge" contextid="4100" timestamp="2020-09-11T10:55:47.381" />
<allocation-satisfied id="4107" threadId="000000000077F200" bytesRequested="16" />
<af-end id="4108" timestamp="2020-09-11T10:55:47.381" threadId="000000000077FB80" success="true" from="nursery"/>
<exclusive-end id="4109" timestamp="2020-09-11T10:55:47.381" durationms="122.946" />

<exclusive-start id="4110" timestamp="2020-09-11T10:55:49.339" intervalms="2080.810">
  <response-info timems="0.458" idlems="0.458" threads="0" lastid="0000000000855600" lastname="Group1.Backend.CompositeBackend{Tier1}.5" />
</exclusive-start>
<af-start id="4111" threadId="0000000000855F80" totalBytesRequested="664" timestamp="2020-09-11T10:55:49.340" intervalms="2080.915" type="nursery" />
<cycle-start id="4112" type="scavenge" contextid="0" timestamp="2020-09-11T10:55:49.340" intervalms="2080.933" />
<gc-start id="4113" type="scavenge" contextid="4112" timestamp="2020-09-11T10:55:49.341">
  <mem-info id="4114" free="481067224" total="2836725760" percent="16">
    <mem type="nursery" free="0" total="939524096" percent="0">
      <mem type="allocate" free="0" total="806420480" percent="0" />
      <mem type="survivor" free="0" total="133103616" percent="0" />
    </mem>
    <mem type="tenure" free="481067224" total="1897201664" percent="25">
      <mem type="soa" free="369331432" total="1783368704" percent="20" />
      <mem type="loa" free="111735792" total="113832960" percent="98" />
    </mem>
    <remembered-set count="195519" />
  </mem-info>
</gc-start>
<allocation-stats totalBytes="694222352" >
  <allocated-bytes non-tlh="31890320" tlh="662332032" />
  <largest-consumer threadName="Group1.Backend.CompositeBackend{Tier1}.6" threadId="000000000088A300" bytes="103981648" />
</allocation-stats>
<gc-op id="4115" type="scavenge" timems="113.225" contextid="4112" timestamp="2020-09-11T10:55:49.454">
  <scavenger-info tenureage="3" tenuremask="7ff8" tiltratio="85" />
  <memory-copied type="nursery" objects="4483348" bytes="118887152" bytesdiscarded="182344" />
  <memory-copied type="tenure" objects="1127489" bytes="30309400" bytesdiscarded="108480" />
  <ownableSynchronizers candidates="3797" cleared="3492" />
  <references type="soft" candidates="266" cleared="0" enqueued="0" dynamicThreshold="18" maxThreshold="32" />
  <references type="weak" candidates="133" cleared="132" enqueued="0" />
</gc-op>
<gc-end id="4116" type="scavenge" contextid="4112" durationms="114.151" usertimems="819.635" systemtimems="0.000" timestamp="2020-09-11T10:55:49.455" activeThreads="8">
  <mem-info id="4117" free="1131416104" total="2836725760" percent="39">
    <mem type="nursery" free="680708040" total="939524096" percent="72">
      <mem type="allocate" free="680708040" total="799866880" percent="85" />
      <mem type="survivor" free="0" total="139657216" percent="0" />
    </mem>
    <mem type="tenure" free="450708064" total="1897201664" percent="23" macro-fragmented="3145752">
      <mem type="soa" free="338972272" total="1783368704" percent="19" />
      <mem type="loa" free="111735792" total="113832960" percent="98" />
    </mem>
    <remembered-set count="31977" />
  </mem-info>
</gc-end>
<cycle-end id="4118" type="scavenge" contextid="4112" timestamp="2020-09-11T10:55:49.457" />
<allocation-satisfied id="4119" threadId="0000000000855600" bytesRequested="664" />
<af-end id="4120" timestamp="2020-09-11T10:55:49.458" threadId="0000000000855F80" success="true" from="nursery"/>
<exclusive-end id="4121" timestamp="2020-09-11T10:55:49.458" durationms="118.632" />

<exclusive-start id="4122" timestamp="2020-09-11T10:55:51.441" intervalms="2102.075">
  <response-info timems="0.488" idlems="0.488" threads="0" lastid="000000000088A300" lastname="Group1.Backend.CompositeBackend{Tier1}.6" />
</exclusive-start>
<af-start id="4123" threadId="000000000088AC80" totalBytesRequested="16" timestamp="2020-09-11T10:55:51.442" intervalms="2101.866" type="nursery" />
<cycle-start id="4124" type="scavenge" contextid="0" timestamp="2020-09-11T10:55:51.442" intervalms="2101.823" />
<gc-start id="4125" type="scavenge" contextid="4124" timestamp="2020-09-11T10:55:51.442">
  <mem-info id="4126" free="450708064" total="2836725760" percent="15">
    <mem type="nursery" free="0" total="939524096" percent="0">
      <mem type="allocate" free="0" total="799866880" percent="0" />
      <mem type="survivor" free="0" total="139657216" percent="0" />
    </mem>
    <mem type="tenure" free="450708064" total="1897201664" percent="23">
      <mem type="soa" free="338972272" total="1783368704" percent="19" />
      <mem type="loa" free="111735792" total="113832960" percent="98" />
    </mem>
    <remembered-set count="196136" />
  </mem-info>
</gc-start>
<allocation-stats totalBytes="680402424" >
  <allocated-bytes non-tlh="30747656" tlh="649654768" />
  <largest-consumer threadName="Group1.Backend.CompositeBackend{Tier1}.3" threadId="0000000000808C00" bytes="104277528" />
</allocation-stats>
<gc-op id="4127" type="scavenge" timems="86.225" contextid="4124" timestamp="2020-09-11T10:55:51.529">
  <scavenger-info tenureage="3" tenuremask="7ff8" tiltratio="85" />
  <memory-copied type="nursery" objects="4074845" bytes="109866400" bytesdiscarded="197296" />
  <memory-copied type="tenure" objects="1061286" bytes="28511992" bytesdiscarded="98624" />
  <ownableSynchronizers candidates="4424" cleared="4102" />
  <references type="soft" candidates="273" cleared="0" enqueued="0" dynamicThreshold="18" maxThreshold="32" />
  <references type="weak" candidates="117" cleared="117" enqueued="0" />
</gc-op>
<gc-end id="4128" type="scavenge" contextid="4124" durationms="87.112" usertimems="674.320" systemtimems="0.000" timestamp="2020-09-11T10:55:51.529" activeThreads="8">
  <mem-info id="4129" free="1113164968" total="2836725760" percent="39">
    <mem type="nursery" free="691033592" total="939524096" percent="73">
      <mem type="allocate" free="691033592" total="801177600" percent="86" />
      <mem type="survivor" free="0" total="138346496" percent="0" />
    </mem>
    <mem type="tenure" free="422131376" total="1897201664" percent="22" macro-fragmented="0">
      <mem type="soa" free="310395584" total="1783368704" percent="17" />
      <mem type="loa" free="111735792" total="113832960" percent="98" />
    </mem>
    <remembered-set count="32074" />
  </mem-info>
</gc-end>
<cycle-end id="4130" type="scavenge" contextid="4124" timestamp="2020-09-11T10:55:51.533" />
<allocation-satisfied id="4131" threadId="000000000088A300" bytesRequested="16" />
<af-end id="4132" timestamp="2020-09-11T10:55:51.533" threadId="000000000088AC80" success="true" from="nursery"/>
<exclusive-end id="4133" timestamp="2020-09-11T10:55:51.533" durationms="91.635" />

<exclusive-start id="4134" timestamp="2020-09-11T10:55:53.531" intervalms="2089.777">
  <response-info timems="0.289" idlems="0.289" threads="0" lastid="000000000077F200" lastname="Group1.Backend.CompositeBackend{Tier1}.2" />
</exclusive-start>
<af-start id="4135" threadId="000000000077FB80" totalBytesRequested="1912" timestamp="2020-09-11T10:55:53.532" intervalms="2089.784" type="nursery" />
<cycle-start id="4136" type="scavenge" contextid="0" timestamp="2020-09-11T10:55:53.532" intervalms="2089.775" />
<gc-start id="4137" type="scavenge" contextid="4136" timestamp="2020-09-11T10:55:53.532">
  <mem-info id="4138" free="422131376" total="2836725760" percent="14">
    <mem type="nursery" free="0" total="939524096" percent="0">
      <mem type="allocate" free="0" total="801177600" percent="0" />
      <mem type="survivor" free="0" total="138346496" percent="0" />
    </mem>
    <mem type="tenure" free="422131376" total="1897201664" percent="22">
      <mem type="soa" free="310395584" total="1783368704" percent="17" />
      <mem type="loa" free="111735792" total="113832960" percent="98" />
    </mem>
    <remembered-set count="195933" />
  </mem-info>
</gc-start>
<allocation-stats totalBytes="690696920" >
  <allocated-bytes non-tlh="34452864" tlh="656244056" />
  <largest-consumer threadName="Group1.Backend.CompositeBackend{Tier1}.7" threadId="0000000000891B00" bytes="91226288" />
</allocation-stats>
<gc-op id="4139" type="scavenge" timems="96.187" contextid="4136" timestamp="2020-09-11T10:55:53.628">
  <scavenger-info tenureage="3" tenuremask="7ff8" tiltratio="85" />
  <memory-copied type="nursery" objects="4208138" bytes="112520896" bytesdiscarded="166104" />
  <memory-copied type="tenure" objects="1117438" bytes="30514648" bytesdiscarded="99792" />
  <ownableSynchronizers candidates="3846" cleared="3515" />
  <references type="soft" candidates="278" cleared="0" enqueued="0" dynamicThreshold="18" maxThreshold="32" />
  <references type="weak" candidates="98" cleared="98" enqueued="0" />
</gc-op>
<gc-end id="4140" type="scavenge" contextid="4136" durationms="97.016" usertimems="660.077" systemtimems="8.500" timestamp="2020-09-11T10:55:53.629" activeThreads="8">
  <mem-info id="4141" free="1081773024" total="2836725760" percent="38">
    <mem type="nursery" free="690245616" total="939524096" percent="73">
      <mem type="allocate" free="690245616" total="803012608" percent="85" />
      <mem type="survivor" free="0" total="136511488" percent="0" />
    </mem>
    <mem type="tenure" free="391527408" total="1897201664" percent="20" macro-fragmented="2160235">
      <mem type="soa" free="280315912" total="1783368704" percent="15" />
      <mem type="loa" free="111211496" total="113832960" percent="97" />
    </mem>
    <remembered-set count="31741" />
  </mem-info>
</gc-end>
<cycle-end id="4142" type="scavenge" contextid="4136" timestamp="2020-09-11T10:55:53.630" />
<allocation-satisfied id="4143" threadId="000000000077F200" bytesRequested="1912" />
<af-end id="4144" timestamp="2020-09-11T10:55:53.630" threadId="000000000077FB80" success="true" from="nursery"/>
<exclusive-end id="4145" timestamp="2020-09-11T10:55:53.630" durationms="98.557" />

<exclusive-start id="4146" timestamp="2020-09-11T10:55:55.587" intervalms="2056.044">
  <response-info timems="0.648" idlems="0.648" threads="0" lastid="00000000009FFA00" lastname="Group1.TxInjector.CompositeTxInjector.I.driver.probe.51" />
</exclusive-start>
<af-start id="4147" threadId="0000000000A00380" totalBytesRequested="32" timestamp="2020-09-11T10:55:55.588" intervalms="2056.274" type="nursery" />
<cycle-start id="4148" type="scavenge" contextid="0" timestamp="2020-09-11T10:55:55.588" intervalms="2056.326" />
<gc-start id="4149" type="scavenge" contextid="4148" timestamp="2020-09-11T10:55:55.589">
  <mem-info id="4150" free="391527408" total="2836725760" percent="13">
    <mem type="nursery" free="0" total="939524096" percent="0">
      <mem type="allocate" free="0" total="803012608" percent="0" />
      <mem type="survivor" free="0" total="136511488" percent="0" />
    </mem>
    <mem type="tenure" free="391527408" total="1897201664" percent="20">
      <mem type="soa" free="280315912" total="1783368704" percent="15" />
      <mem type="loa" free="111211496" total="113832960" percent="97" />
    </mem>
    <remembered-set count="193406" />
  </mem-info>
</gc-start>
<allocation-stats totalBytes="689926944" >
  <allocated-bytes non-tlh="34704664" tlh="655222280" />
  <largest-consumer threadName="Group1.Backend.CompositeBackend{Tier1}.5" threadId="0000000000855600" bytes="129272112" />
</allocation-stats>
<gc-op id="4151" type="scavenge" timems="89.465" contextid="4148" timestamp="2020-09-11T10:55:55.678">
  <scavenger-info tenureage="3" tenuremask="7ff8" tiltratio="85" />
  <memory-copied type="nursery" objects="4052946" bytes="108742656" bytesdiscarded="325272" />
  <memory-copied type="tenure" objects="1095824" bytes="29461712" bytesdiscarded="115216" />
  <ownableSynchronizers candidates="4148" cleared="3816" />
  <references type="soft" candidates="290" cleared="0" enqueued="0" dynamicThreshold="18" maxThreshold="32" />
  <references type="weak" candidates="137" cleared="137" enqueued="0" />
</gc-op>
<gc-end id="4152" type="scavenge" contextid="4148" durationms="90.619" usertimems="684.569" systemtimems="8.868" timestamp="2020-09-11T10:55:55.679" activeThreads="8">
  <mem-info id="4153" free="1057920424" total="2836725760" percent="37">
    <mem type="nursery" free="695960064" total="939524096" percent="74">
      <mem type="allocate" free="695960064" total="805109760" percent="86" />
      <mem type="survivor" free="0" total="134414336" percent="0" />
    </mem>
    <mem type="tenure" free="361960360" total="1897201664" percent="19" macro-fragmented="0">
      <mem type="soa" free="250748864" total="1783368704" percent="14" />
      <mem type="loa" free="111211496" total="113832960" percent="97" />
    </mem>
    <remembered-set count="32275" />
  </mem-info>
</gc-end>
<cycle-end id="4154" type="scavenge" contextid="4148" timestamp="2020-09-11T10:55:55.680" />
<allocation-satisfied id="4155" threadId="00000000009FFA00" bytesRequested="32" />
<af-end id="4156" timestamp="2020-09-11T10:55:55.680" threadId="0000000000A00380" success="true" from="nursery"/>
<exclusive-end id="4157" timestamp="2020-09-11T10:55:55.680" durationms="92.651" />

<exclusive-start id="4158" timestamp="2020-09-11T10:55:57.722" intervalms="2134.512">
  <response-info timems="0.473" idlems="0.473" threads="0" lastid="000000000077F200" lastname="Group1.Backend.CompositeBackend{Tier1}.2" />
</exclusive-start>
<af-start id="4159" threadId="000000000077FB80" totalBytesRequested="524296" timestamp="2020-09-11T10:55:57.722" intervalms="2134.401" type="nursery" />
<cycle-start id="4160" type="scavenge" contextid="0" timestamp="2020-09-11T10:55:57.723" intervalms="2134.368" />
<gc-start id="4161" type="scavenge" contextid="4160" timestamp="2020-09-11T10:55:57.723">
  <mem-info id="4162" free="362268056" total="2836725760" percent="12">
    <mem type="nursery" free="307696" total="939524096" percent="0">
      <mem type="allocate" free="307696" total="805109760" percent="0" />
      <mem type="survivor" free="0" total="134414336" percent="0" />
    </mem>
    <mem type="tenure" free="361960360" total="1897201664" percent="19">
      <mem type="soa" free="250748864" total="1783368704" percent="14" />
      <mem type="loa" free="111211496" total="113832960" percent="97" />
    </mem>
    <remembered-set count="196664" />
  </mem-info>
</gc-start>
<allocation-stats totalBytes="695309664" >
  <allocated-bytes non-tlh="28482360" tlh="666827304" />
  <largest-consumer threadName="Group1.Backend.CompositeBackend{Tier1}.8" threadId="000000000089D400" bytes="123311352" />
</allocation-stats>
<gc-op id="4163" type="scavenge" timems="110.764" contextid="4160" timestamp="2020-09-11T10:55:57.834">
  <scavenger-info tenureage="3" tenuremask="7ff8" tiltratio="85" />
  <memory-copied type="nursery" objects="4230056" bytes="112589544" bytesdiscarded="183896" />
  <memory-copied type="tenure" objects="1106802" bytes="29726464" bytesdiscarded="105184" />
  <ownableSynchronizers candidates="3081" cleared="2757" />
  <references type="soft" candidates="280" cleared="0" enqueued="0" dynamicThreshold="18" maxThreshold="32" />
  <references type="weak" candidates="118" cleared="118" enqueued="0" />
</gc-op>
<gc-end id="4164" type="scavenge" contextid="4160" durationms="111.878" usertimems="849.590" systemtimems="10.004" timestamp="2020-09-11T10:55:57.835" activeThreads="8">
  <mem-info id="4165" free="1025189320" total="2836725760" percent="36">
    <mem type="nursery" free="693035256" total="939524096" percent="73">
      <mem type="allocate" free="693035256" total="805896192" percent="85" />
      <mem type="survivor" free="0" total="133627904" percent="0" />
    </mem>
    <mem type="tenure" free="332154064" total="1897201664" percent="17" macro-fragmented="2621480">
      <mem type="soa" free="220942568" total="1783368704" percent="12" />
      <mem type="loa" free="111211496" total="113832960" percent="97" />
    </mem>
    <remembered-set count="30927" />
  </mem-info>
</gc-end>
<cycle-end id="4166" type="scavenge" contextid="4160" timestamp="2020-09-11T10:55:57.835" />
<allocation-satisfied id="4167" threadId="000000000077F200" bytesRequested="524296" />
<af-end id="4168" timestamp="2020-09-11T10:55:57.836" threadId="000000000077FB80" success="true" from="nursery"/>
<exclusive-end id="4169" timestamp="2020-09-11T10:55:57.836" durationms="114.011" />

<exclusive-start id="4170" timestamp="2020-09-11T10:55:59.854" intervalms="2132.140">
  <response-info timems="0.449" idlems="0.449" threads="0" lastid="0000000000855600" lastname="Group1.Backend.CompositeBackend{Tier1}.5" />
</exclusive-start>
<af-start id="4171" threadId="0000000000855F80" totalBytesRequested="664" timestamp="2020-09-11T10:55:59.855" intervalms="2132.488" type="nursery" />
<cycle-start id="4172" type="scavenge" contextid="0" timestamp="2020-09-11T10:55:59.855" intervalms="2132.670" />
<gc-start id="4173" type="scavenge" contextid="4172" timestamp="2020-09-11T10:55:59.856">
  <mem-info id="4174" free="332154064" total="2836725760" percent="11">
    <mem type="nursery" free="0" total="939524096" percent="0">
      <mem type="allocate" free="0" total="805896192" percent="0" />
      <mem type="survivor" free="0" total="133627904" percent="0" />
    </mem>
    <mem type="tenure" free="332154064" total="1897201664" percent="17">
      <mem type="soa" free="220942568" total="1783368704" percent="12" />
      <mem type="loa" free="111211496" total="113832960" percent="97" />
    </mem>
    <remembered-set count="196132" />
  </mem-info>
</gc-start>
<allocation-stats totalBytes="692692584" >
  <allocated-bytes non-tlh="32337424" tlh="660355160" />
  <largest-consumer threadName="Group1.Backend.CompositeBackend{Tier1}.6" threadId="000000000088A300" bytes="99613136" />
</allocation-stats>
<gc-op id="4175" type="scavenge" timems="101.188" contextid="4172" timestamp="2020-09-11T10:55:59.957">
  <scavenger-info tenureage="3" tenuremask="7ff8" tiltratio="85" />
  <memory-copied type="nursery" objects="4126806" bytes="110746448" bytesdiscarded="365224" />
  <memory-copied type="tenure" objects="1092910" bytes="29358088" bytesdiscarded="116176" />
  <ownableSynchronizers candidates="4348" cleared="4031" />
  <references type="soft" candidates="268" cleared="0" enqueued="0" dynamicThreshold="18" maxThreshold="32" />
  <references type="weak" candidates="123" cleared="123" enqueued="0" />
</gc-op>
<gc-end id="4176" type="scavenge" contextid="4172" durationms="102.259" usertimems="779.961" systemtimems="0.185" timestamp="2020-09-11T10:55:59.958" activeThreads="8">
  <mem-info id="4177" free="998821904" total="2836725760" percent="35">
    <mem type="nursery" free="696200192" total="939524096" percent="74">
      <mem type="allocate" free="696200192" total="807403520" percent="86" />
      <mem type="survivor" free="0" total="132120576" percent="0" />
    </mem>
    <mem type="tenure" free="302621712" total="1897201664" percent="15" macro-fragmented="0">
      <mem type="soa" free="191410216" total="1783368704" percent="10" />
      <mem type="loa" free="111211496" total="113832960" percent="97" />
    </mem>
    <remembered-set count="30144" />
  </mem-info>
</gc-end>
<cycle-end id="4178" type="scavenge" contextid="4172" timestamp="2020-09-11T10:55:59.958" />
<allocation-satisfied id="4179" threadId="0000000000855600" bytesRequested="664" />
<af-end id="4180" timestamp="2020-09-11T10:55:59.958" threadId="0000000000855F80" success="true" from="nursery"/>
<exclusive-end id="4181" timestamp="2020-09-11T10:55:59.958" durationms="104.645" />

<exclusive-start id="4182" timestamp="2020-09-11T10:56:01.933" intervalms="2078.835">
  <response-info timems="0.331" idlems="0.331" threads="0" lastid="0000000000854B00" lastname="Group1.Backend.CompositeBackend{Tier1}.4" />
</exclusive-start>
<af-start id="4183" threadId="0000000000855480" totalBytesRequested="1032" timestamp="2020-09-11T10:56:01.934" intervalms="2078.672" type="nursery" />
<cycle-start id="4184" type="scavenge" contextid="0" timestamp="2020-09-11T10:56:01.934" intervalms="2078.468" />
<gc-start id="4185" type="scavenge" contextid="4184" timestamp="2020-09-11T10:56:01.934">
  <mem-info id="4186" free="302621712" total="2836725760" percent="10">
    <mem type="nursery" free="0" total="939524096" percent="0">
      <mem type="allocate" free="0" total="807403520" percent="0" />
      <mem type="survivor" free="0" total="132120576" percent="0" />
    </mem>
    <mem type="tenure" free="302621712" total="1897201664" percent="15">
      <mem type="soa" free="191410216" total="1783368704" percent="10" />
      <mem type="loa" free="111211496" total="113832960" percent="97" />
    </mem>
    <remembered-set count="192403" />
  </mem-info>
</gc-start>
<allocation-stats totalBytes="695877024" >
  <allocated-bytes non-tlh="33633720" tlh="662243304" />
  <largest-consumer threadName="Group1.Backend.CompositeBackend{Tier1}.6" threadId="000000000088A300" bytes="127862224" />
</allocation-stats>
<gc-op id="4187" type="scavenge" timems="93.216" contextid="4184" timestamp="2020-09-11T10:56:02.027">
  <scavenger-info tenureage="3" tenuremask="7ff8" tiltratio="85" />
  <memory-copied type="nursery" objects="4133162" bytes="110904368" bytesdiscarded="378816" />
  <memory-copied type="tenure" objects="1076547" bytes="28930856" bytesdiscarded="127376" />
  <ownableSynchronizers candidates="4144" cleared="3831" />
  <references type="soft" candidates="261" cleared="0" enqueued="0" dynamicThreshold="18" maxThreshold="32" />
  <references type="weak" candidates="126" cleared="126" enqueued="0" />
</gc-op>
<gc-end id="4188" type="scavenge" contextid="4184" durationms="94.160" usertimems="702.299" systemtimems="0.000" timestamp="2020-09-11T10:56:02.028" activeThreads="8">
  <mem-info id="4189" free="971139240" total="2836725760" percent="34">
    <mem type="nursery" free="697549312" total="939524096" percent="74">
      <mem type="allocate" free="697549312" total="808910848" percent="86" />
      <mem type="survivor" free="0" total="130613248" percent="0" />
    </mem>
    <mem type="tenure" free="273589928" total="1897201664" percent="14" macro-fragmented="0">
      <mem type="soa" free="162378432" total="1783368704" percent="9" />
      <mem type="loa" free="111211496" total="113832960" percent="97" />
    </mem>
    <remembered-set count="29933" />
  </mem-info>
</gc-end>
<cycle-end id="4190" type="scavenge" contextid="4184" timestamp="2020-09-11T10:56:02.029" />
<allocation-satisfied id="4191" threadId="0000000000854B00" bytesRequested="1032" />
<af-end id="4192" timestamp="2020-09-11T10:56:02.029" threadId="0000000000855480" success="true" from="nursery"/>
<exclusive-end id="4193" timestamp="2020-09-11T10:56:02.029" durationms="96.494" />

<exclusive-start id="4194" timestamp="2020-09-11T10:56:04.025" intervalms="2092.817">
  <response-info timems="0.337" idlems="0.337" threads="0" lastid="000000000077F200" lastname="Group1.Backend.CompositeBackend{Tier1}.2" />
</exclusive-start>
<af-start id="4195" threadId="000000000077FB80" totalBytesRequested="24" timestamp="2020-09-11T10:56:04.026" intervalms="2092.555" type="nursery" />
<cycle-start id="4196" type="scavenge" contextid="0" timestamp="2020-09-11T10:56:04.026" intervalms="2092.555" />
<gc-start id="4197" type="scavenge" contextid="4196" timestamp="2020-09-11T10:56:04.027">
  <mem-info id="4198" free="273589928" total="2836725760" percent="9">
    <mem type="nursery" free="0" total="939524096" percent="0">
      <mem type="allocate" free="0" total="808910848" percent="0" />
      <mem type="survivor" free="0" total="130613248" percent="0" />
    </mem>
    <mem type="tenure" free="273589928" total="1897201664" percent="14">
      <mem type="soa" free="162378432" total="1783368704" percent="9" />
      <mem type="loa" free="111211496" total="113832960" percent="97" />
    </mem>
    <remembered-set count="190831" />
  </mem-info>
</gc-start>
<allocation-stats totalBytes="697236408" >
  <allocated-bytes non-tlh="37013832" tlh="660222576" />
  <largest-consumer threadName="Group1.Backend.CompositeBackend{Tier1}.7" threadId="0000000000891B00" bytes="101491808" />
</allocation-stats>
<gc-op id="4199" type="scavenge" timems="94.761" contextid="4196" timestamp="2020-09-11T10:56:04.121">
  <scavenger-info tenureage="3" tenuremask="7ff8" tiltratio="86" />
  <memory-copied type="nursery" objects="4218103" bytes="112378232" bytesdiscarded="123016" />
  <memory-copied type="tenure" objects="1120857" bytes="30158352" bytesdiscarded="137360" />
  <ownableSynchronizers candidates="4410" cleared="4097" />
  <references type="soft" candidates="263" cleared="0" enqueued="0" dynamicThreshold="18" maxThreshold="32" />
  <references type="weak" candidates="119" cleared="119" enqueued="0" />
</gc-op>
<gc-end id="4200" type="scavenge" contextid="4196" durationms="95.784" usertimems="730.703" systemtimems="1.038" timestamp="2020-09-11T10:56:04.122" activeThreads="8">
  <mem-info id="4201" free="940238864" total="2836725760" percent="33">
    <mem type="nursery" free="696985592" total="939524096" percent="74">
      <mem type="allocate" free="696985592" total="809566208" percent="86" />
      <mem type="survivor" free="0" total="129957888" percent="0" />
    </mem>
    <mem type="tenure" free="243253272" total="1897201664" percent="12" macro-fragmented="2160235">
      <mem type="soa" free="132041776" total="1783368704" percent="7" />
      <mem type="loa" free="111211496" total="113832960" percent="97" />
    </mem>
    <remembered-set count="30007" />
  </mem-info>
</gc-end>
<cycle-end id="4202" type="scavenge" contextid="4196" timestamp="2020-09-11T10:56:04.123" />
<allocation-satisfied id="4203" threadId="000000000077F200" bytesRequested="24" />
<af-end id="4204" timestamp="2020-09-11T10:56:04.123" threadId="000000000077FB80" success="true" from="nursery"/>
<exclusive-end id="4205" timestamp="2020-09-11T10:56:04.123" durationms="97.426" />

<exclusive-start id="4206" timestamp="2020-09-11T10:56:06.234" intervalms="2208.472">
  <response-info timems="0.328" idlems="0.328" threads="0" lastid="0000000000854B00" lastname="Group1.Backend.CompositeBackend{Tier1}.4" />
</exclusive-start>
<af-start id="4207" threadId="0000000000855480" totalBytesRequested="24" timestamp="2020-09-11T10:56:06.235" intervalms="2208.494" type="nursery" />
<cycle-start id="4208" type="scavenge" contextid="0" timestamp="2020-09-11T10:56:06.235" intervalms="2208.500" />
<gc-start id="4209" type="scavenge" contextid="4208" timestamp="2020-09-11T10:56:06.235">
  <mem-info id="4210" free="243253272" total="2836725760" percent="8">
    <mem type="nursery" free="0" total="939524096" percent="0">
      <mem type="allocate" free="0" total="809566208" percent="0" />
      <mem type="survivor" free="0" total="129957888" percent="0" />
    </mem>
    <mem type="tenure" free="243253272" total="1897201664" percent="12">
      <mem type="soa" free="132041776" total="1783368704" percent="7" />
      <mem type="loa" free="111211496" total="113832960" percent="97" />
    </mem>
    <remembered-set count="197730" />
  </mem-info>
</gc-start>
<allocation-stats totalBytes="696640808" >
  <allocated-bytes non-tlh="25648568" tlh="670992240" />
  <largest-consumer threadName="Group1.Backend.CompositeBackend{Tier1}.5" threadId="0000000000855600" bytes="115802456" />
</allocation-stats>
<gc-op id="4211" type="scavenge" timems="120.062" contextid="4208" timestamp="2020-09-11T10:56:06.355">
  <scavenger-info tenureage="3" tenuremask="7ff8" tiltratio="86" />
  <memory-copied type="nursery" objects="4499171" bytes="119064696" bytesdiscarded="133792" />
  <memory-copied type="tenure" objects="1122389" bytes="30173584" bytesdiscarded="149048" />
  <ownableSynchronizers candidates="3962" cleared="3631" />
  <references type="soft" candidates="271" cleared="0" enqueued="0" dynamicThreshold="18" maxThreshold="32" />
  <references type="weak" candidates="108" cleared="108" enqueued="0" />
</gc-op>
<gc-end id="4212" type="scavenge" contextid="4208" durationms="121.217" usertimems="914.572" systemtimems="0.000" timestamp="2020-09-11T10:56:06.356" activeThreads="8">
  <mem-info id="4213" free="894517688" total="2836725760" percent="31">
    <mem type="nursery" free="681561192" total="939524096" percent="72">
      <mem type="allocate" free="681561192" total="800849920" percent="85" />
      <mem type="survivor" free="0" total="138674176" percent="0" />
    </mem>
    <mem type="tenure" free="212956496" total="1897201664" percent="11" macro-fragmented="0">
      <mem type="soa" free="101745000" total="1783368704" percent="5" />
      <mem type="loa" free="111211496" total="113832960" percent="97" />
    </mem>
    <remembered-set count="30424" />
  </mem-info>
</gc-end>
<cycle-end id="4214" type="scavenge" contextid="4208" timestamp="2020-09-11T10:56:06.357" />
<allocation-satisfied id="4215" threadId="0000000000854B00" bytesRequested="24" />
<af-end id="4216" timestamp="2020-09-11T10:56:06.357" threadId="0000000000855480" success="true" from="nursery"/>
<exclusive-end id="4217" timestamp="2020-09-11T10:56:06.357" durationms="123.048" />

<exclusive-start id="4218" timestamp="2020-09-11T10:56:08.281" intervalms="2047.235">
  <response-info timems="0.341" idlems="0.341" threads="0" lastid="000000000077FE00" lastname="Group1.Backend.CompositeBackend{Tier1}.1" />
</exclusive-start>
<af-start id="4219" threadId="0000000000780780" totalBytesRequested="72" timestamp="2020-09-11T10:56:08.282" intervalms="2047.271" type="nursery" />
<cycle-start id="4220" type="scavenge" contextid="0" timestamp="2020-09-11T10:56:08.282" intervalms="2047.322" />
<gc-start id="4221" type="scavenge" contextid="4220" timestamp="2020-09-11T10:56:08.282">
  <mem-info id="4222" free="212956496" total="2836725760" percent="7">
    <mem type="nursery" free="0" total="939524096" percent="0">
      <mem type="allocate" free="0" total="800849920" percent="0" />
      <mem type="survivor" free="0" total="138674176" percent="0" />
    </mem>
    <mem type="tenure" free="212956496" total="1897201664" percent="11">
      <mem type="soa" free="101745000" total="1783368704" percent="5" />
      <mem type="loa" free="111211496" total="113832960" percent="97" />
    </mem>
    <remembered-set count="192206" />
  </mem-info>
</gc-start>
<allocation-stats totalBytes="681240232" >
  <allocated-bytes non-tlh="34093544" tlh="647146688" />
  <largest-consumer threadName="Group1.Backend.CompositeBackend{Tier1}.6" threadId="000000000088A300" bytes="101591944" />
</allocation-stats>
<gc-op id="4223" type="scavenge" timems="105.035" contextid="4220" timestamp="2020-09-11T10:56:08.387">
  <scavenger-info tenureage="3" tenuremask="7ff8" tiltratio="85" />
  <memory-copied type="nursery" objects="4162360" bytes="111578848" bytesdiscarded="231440" />
  <memory-copied type="tenure" objects="1079005" bytes="29007808" bytesdiscarded="139840" />
  <ownableSynchronizers candidates="3467" cleared="3157" />
  <references type="soft" candidates="257" cleared="0" enqueued="0" dynamicThreshold="18" maxThreshold="32" />
  <references type="weak" candidates="123" cleared="122" enqueued="0" />
</gc-op>
<gc-end id="4224" type="scavenge" contextid="4220" durationms="106.216" usertimems="746.545" systemtimems="0.000" timestamp="2020-09-11T10:56:08.388" activeThreads="8">
  <mem-info id="4225" free="873829480" total="2836725760" percent="30">
    <mem type="nursery" free="690001664" total="939524096" percent="73">
      <mem type="allocate" free="690001664" total="801898496" percent="86" />
      <mem type="survivor" free="0" total="137625600" percent="0" />
    </mem>
    <mem type="tenure" free="183827816" total="1897201664" percent="9" macro-fragmented="0">
      <mem type="soa" free="72616320" total="1783368704" percent="4" />
      <mem type="loa" free="111211496" total="113832960" percent="97" />
    </mem>
    <remembered-set count="30356" />
  </mem-info>
</gc-end>
<cycle-end id="4226" type="scavenge" contextid="4220" timestamp="2020-09-11T10:56:08.389" />
<allocation-satisfied id="4227" threadId="000000000077FE00" bytesRequested="72" />
<af-end id="4228" timestamp="2020-09-11T10:56:08.389" threadId="0000000000780780" success="true" from="nursery"/>
<exclusive-end id="4229" timestamp="2020-09-11T10:56:08.389" durationms="107.959" />

<exclusive-start id="4230" timestamp="2020-09-11T10:56:10.310" intervalms="2028.989">
  <response-info timems="0.284" idlems="0.284" threads="0" lastid="0000000000855600" lastname="Group1.Backend.CompositeBackend{Tier1}.5" />
</exclusive-start>
<af-start id="4231" threadId="0000000000855F80" totalBytesRequested="16" timestamp="2020-09-11T10:56:10.311" intervalms="2028.900" type="nursery" />
<cycle-start id="4232" type="scavenge" contextid="0" timestamp="2020-09-11T10:56:10.311" intervalms="2028.852" />
<gc-start id="4233" type="scavenge" contextid="4232" timestamp="2020-09-11T10:56:10.311">
  <mem-info id="4234" free="183827816" total="2836725760" percent="6">
    <mem type="nursery" free="0" total="939524096" percent="0">
      <mem type="allocate" free="0" total="801898496" percent="0" />
      <mem type="survivor" free="0" total="137625600" percent="0" />
    </mem>
    <mem type="tenure" free="183827816" total="1897201664" percent="9">
      <mem type="soa" free="72616320" total="1783368704" percent="4" />
      <mem type="loa" free="111211496" total="113832960" percent="97" />
    </mem>
    <remembered-set count="193527" />
  </mem-info>
</gc-start>
<allocation-stats totalBytes="689680912" >
  <allocated-bytes non-tlh="36903232" tlh="652777680" />
  <largest-consumer threadName="Group1.Backend.CompositeBackend{Tier1}.4" threadId="0000000000854B00" bytes="95220096" />
</allocation-stats>
<gc-op id="4235" type="scavenge" timems="97.625" contextid="4232" timestamp="2020-09-11T10:56:10.409">
  <scavenger-info tenureage="3" tenuremask="7ff8" tiltratio="85" />
  <memory-copied type="nursery" objects="4286730" bytes="114851400" bytesdiscarded="139536" />
  <memory-copied type="tenure" objects="1075123" bytes="28913232" bytesdiscarded="124064" />
  <ownableSynchronizers candidates="4424" cleared="4101" />
  <references type="soft" candidates="270" cleared="0" enqueued="0" dynamicThreshold="18" maxThreshold="32" />
  <references type="weak" candidates="103" cleared="103" enqueued="0" />
</gc-op>
<gc-end id="4236" type="scavenge" contextid="4232" durationms="98.552" usertimems="752.825" systemtimems="0.000" timestamp="2020-09-11T10:56:10.410" activeThreads="8">
  <mem-info id="4237" free="842506168" total="2836725760" percent="29">
    <mem type="nursery" free="687869728" total="939524096" percent="73">
      <mem type="allocate" free="687869728" total="802947072" percent="85" />
      <mem type="survivor" free="0" total="136577024" percent="0" />
    </mem>
    <mem type="tenure" free="154636440" total="1897201664" percent="8" macro-fragmented="0">
      <mem type="soa" free="43424944" total="1783368704" percent="2" />
      <mem type="loa" free="111211496" total="113832960" percent="97" />
    </mem>
    <remembered-set count="31759" />
  </mem-info>
</gc-end>
<cycle-end id="4238" type="scavenge" contextid="4232" timestamp="2020-09-11T10:56:10.417" />
<allocation-satisfied id="4239" threadId="0000000000855600" bytesRequested="16" />
<af-end id="4240" timestamp="2020-09-11T10:56:10.417" threadId="0000000000855F80" success="true" from="nursery"/>
<exclusive-end id="4241" timestamp="2020-09-11T10:56:10.417" durationms="106.521" />

<exclusive-start id="4242" timestamp="2020-09-11T10:56:12.460" intervalms="2149.706">
  <response-info timems="0.384" idlems="0.384" threads="0" lastid="000000000089D400" lastname="Group1.Backend.CompositeBackend{Tier1}.8" />
</exclusive-start>
<af-start id="4243" threadId="000000000089DD80" totalBytesRequested="1032" timestamp="2020-09-11T10:56:12.461" intervalms="2149.781" type="nursery" />
<cycle-start id="4244" type="scavenge" contextid="0" timestamp="2020-09-11T10:56:12.461" intervalms="2149.799" />
<gc-start id="4245" type="scavenge" contextid="4244" timestamp="2020-09-11T10:56:12.461">
  <mem-info id="4246" free="154636440" total="2836725760" percent="5">
    <mem type="nursery" free="0" total="939524096" percent="0">
      <mem type="allocate" free="0" total="802947072" percent="0" />
      <mem type="survivor" free="0" total="136577024" percent="0" />
    </mem>
    <mem type="tenure" free="154636440" total="1897201664" percent="8">
      <mem type="soa" free="43424944" total="1783368704" percent="2" />
      <mem type="loa" free="111211496" total="113832960" percent="97" />
    </mem>
    <remembered-set count="197092" />
  </mem-info>
</gc-start>
<allocation-stats totalBytes="687546992" >
  <allocated-bytes non-tlh="27920336" tlh="659626656" />
  <largest-consumer threadName="Group1.Backend.CompositeBackend{Tier1}.8" threadId="000000000089D400" bytes="87483680" />
</allocation-stats>
<gc-op id="4247" type="scavenge" timems="103.109" contextid="4244" timestamp="2020-09-11T10:56:12.564">
  <scavenger-info tenureage="3" tenuremask="7ff8" tiltratio="85" />
  <memory-copied type="nursery" objects="4360890" bytes="115168096" bytesdiscarded="145640" />
  <memory-copied type="tenure" objects="1176940" bytes="31643480" bytesdiscarded="69784" />
  <ownableSynchronizers candidates="3503" cleared="3204" />
  <references type="soft" candidates="244" cleared="0" enqueued="0" dynamicThreshold="18" maxThreshold="32" />
  <references type="weak" candidates="109" cleared="108" enqueued="0" />
</gc-op>
<gc-end id="4248" type="scavenge" contextid="4244" durationms="104.269" usertimems="815.186" systemtimems="0.000" timestamp="2020-09-11T10:56:12.565" activeThreads="8">
  <mem-info id="4249" free="811871912" total="2836725760" percent="28">
    <mem type="nursery" free="688993752" total="939524096" percent="73">
      <mem type="allocate" free="688993752" total="804388864" percent="85" />
      <mem type="survivor" free="0" total="135135232" percent="0" />
    </mem>
    <mem type="tenure" free="122878160" total="1897201664" percent="6" macro-fragmented="0">
      <mem type="soa" free="11666664" total="1783368704" percent="0" />
      <mem type="loa" free="111211496" total="113832960" percent="97" />
    </mem>
    <remembered-set count="32402" />
  </mem-info>
</gc-end>
<cycle-end id="4250" type="scavenge" contextid="4244" timestamp="2020-09-11T10:56:12.568" />
<allocation-satisfied id="4251" threadId="000000000089D400" bytesRequested="1032" />
<af-end id="4252" timestamp="2020-09-11T10:56:12.569" threadId="000000000089DD80" success="true" from="nursery"/>
<exclusive-end id="4253" timestamp="2020-09-11T10:56:12.569" durationms="108.705" />

<exclusive-start id="4254" timestamp="2020-09-11T10:56:14.553" intervalms="2093.331">
  <response-info timems="3.308" idlems="3.308" threads="0" lastid="0000000000808C00" lastname="Group1.Backend.CompositeBackend{Tier1}.3" />
</exclusive-start>
<af-start id="4255" threadId="0000000000809580" totalBytesRequested="120" timestamp="2020-09-11T10:56:14.554" intervalms="2093.354" type="nursery" />
<percolate-collect id="4256" from="nursery" to="global" reason="prevent tenure expand" timestamp="2020-09-11T10:56:14.554"/>
<cycle-start id="4257" type="global" contextid="0" timestamp="2020-09-11T10:56:14.554" intervalms="68147.429" />
<gc-start id="4258" type="global" contextid="4257" timestamp="2020-09-11T10:56:14.554">
  <mem-info id="4259" free="122878160" total="2836725760" percent="4">
    <mem type="nursery" free="0" total="939524096" percent="0">
      <mem type="allocate" free="0" total="804388864" percent="0" />
      <mem type="survivor" free="0" total="135135232" percent="0" />
    </mem>
    <mem type="tenure" free="122878160" total="1897201664" percent="6">
      <mem type="soa" free="11666664" total="1783368704" percent="0" />
      <mem type="loa" free="111211496" total="113832960" percent="97" />
    </mem>
    <remembered-set count="194960" />
  </mem-info>
</gc-start>
<allocation-stats totalBytes="688666608" >
  <allocated-bytes non-tlh="34796192" tlh="653870416" />
  <largest-consumer threadName="Group1.Backend.CompositeBackend{Tier1}.6" threadId="000000000088A300" bytes="109585592" />
</allocation-stats>
<gc-op id="4260" type="mark" timems="553.900" contextid="4257" timestamp="2020-09-11T10:56:15.108">
  <trace-info objectcount="31010249" scancount="30030470" scanbytes="821196968" />
  <finalization candidates="150" enqueued="0" />
  <ownableSynchronizers candidates="590375" cleared="4172" />
  <references type="soft" candidates="715002" cleared="0" enqueued="0" dynamicThreshold="18" maxThreshold="32" />
  <references type="weak" candidates="4407" cleared="118" enqueued="0" />
  <references type="phantom" candidates="106" cleared="0" enqueued="0" />
  <stringconstants candidates="11205" cleared="1"  />
</gc-op>
<gc-op id="4261" type="sweep" timems="11.799" contextid="4257" timestamp="2020-09-11T10:56:15.120" />
<gc-end id="4262" type="global" contextid="4257" durationms="566.779" usertimems="4219.271" systemtimems="0.000" timestamp="2020-09-11T10:56:15.121" activeThreads="8">
  <mem-info id="4263" free="1683706080" total="2836725760" percent="59">
    <mem type="nursery" free="613601760" total="939524096" percent="65">
      <mem type="allocate" free="613601760" total="804388864" percent="76" />
      <mem type="survivor" free="0" total="135135232" percent="0" />
    </mem>
    <mem type="tenure" free="1070104320" total="1897201664" percent="56" micro-fragmented="72738706" macro-fragmented="0">
      <mem type="soa" free="958892824" total="1783368704" percent="53" />
      <mem type="loa" free="111211496" total="113832960" percent="97" />
    </mem>
    <remembered-set count="189335" />
  </mem-info>
</gc-end>
<cycle-end id="4264" type="global" contextid="4257" timestamp="2020-09-11T10:56:15.122" />
<allocation-satisfied id="4265" threadId="0000000000808C00" bytesRequested="120" />
<af-end id="4266" timestamp="2020-09-11T10:56:15.122" threadId="0000000000809580" success="true" from="nursery"/>
<exclusive-end id="4267" timestamp="2020-09-11T10:56:15.122" durationms="569.124" />

<exclusive-start id="4268" timestamp="2020-09-11T10:56:16.186" intervalms="1633.070">
  <response-info timems="0.385" idlems="0.385" threads="0" lastid="0000000000891B00" lastname="Group1.Backend.CompositeBackend{Tier1}.7" />
</exclusive-start>
<af-start id="4269" threadId="0000000000892480" totalBytesRequested="266720" timestamp="2020-09-11T10:56:16.187" intervalms="1632.999" type="nursery" />
<cycle-start id="4270" type="scavenge" contextid="0" timestamp="2020-09-11T10:56:16.187" intervalms="3726.327" />
<gc-start id="4271" type="scavenge" contextid="4270" timestamp="2020-09-11T10:56:16.187">
  <mem-info id="4272" free="1137610408" total="2836725760" percent="40">
    <mem type="nursery" free="67506136" total="939524096" percent="7">
      <mem type="allocate" free="67506136" total="804388864" percent="8" />
      <mem type="survivor" free="0" total="135135232" percent="0" />
    </mem>
    <mem type="tenure" free="1070104272" total="1897201664" percent="56">
      <mem type="soa" free="958892776" total="1783368704" percent="53" />
      <mem type="loa" free="111211496" total="113832960" percent="97" />
    </mem>
    <remembered-set count="240510" />
  </mem-info>
</gc-start>
<allocation-stats totalBytes="544245560" >
  <allocated-bytes non-tlh="28952464" tlh="515293096" />
  <largest-consumer threadName="Group1.Backend.CompositeBackend{Tier1}.8" threadId="000000000089D400" bytes="84103928" />
</allocation-stats>
<gc-op id="4273" type="scavenge" timems="120.767" contextid="4270" timestamp="2020-09-11T10:56:16.308">
  <scavenger-info tenureage="3" tenuremask="7ff8" tiltratio="85" />
  <memory-copied type="nursery" objects="5048254" bytes="134949184" bytesdiscarded="44736" />
  <memory-copied type="tenure" objects="1075512" bytes="28659408" bytesdiscarded="49560" />
  <copy-failed type="nursery" objects="78704" bytes="1865840" />
  <ownableSynchronizers candidates="1175199" cleared="1174856" />
  <references type="soft" candidates="322" cleared="0" enqueued="0" dynamicThreshold="18" maxThreshold="32" />
  <references type="weak" candidates="104" cleared="104" enqueued="0" />
</gc-op>
<gc-end id="4274" type="scavenge" contextid="4270" durationms="121.825" usertimems="913.575" systemtimems="0.000" timestamp="2020-09-11T10:56:16.309" activeThreads="8">
  <mem-info id="4275" free="1667991384" total="2836725760" percent="58">
    <mem type="nursery" free="626851840" total="939524096" percent="66">
      <mem type="allocate" free="626851840" total="761987072" percent="82" />
      <mem type="survivor" free="0" total="177537024" percent="0" />
    </mem>
    <mem type="tenure" free="1041139544" total="1897201664" percent="54" macro-fragmented="1800196">
      <mem type="soa" free="929928048" total="1783368704" percent="52" />
      <mem type="loa" free="111211496" total="113832960" percent="97" />
    </mem>
    <remembered-set count="40924" />
  </mem-info>
</gc-end>
<cycle-end id="4276" type="scavenge" contextid="4270" timestamp="2020-09-11T10:56:16.312" />
<allocation-satisfied id="4277" threadId="0000000000891B00" bytesRequested="266720" />
<af-end id="4278" timestamp="2020-09-11T10:56:16.312" threadId="0000000000892480" success="true" from="nursery"/>
<exclusive-end id="4279" timestamp="2020-09-11T10:56:16.312" durationms="125.886" />

<exclusive-start id="4280" timestamp="2020-09-11T10:56:18.106" intervalms="1919.533">
  <response-info timems="0.461" idlems="0.461" threads="0" lastid="000000000088A300" lastname="Group1.Backend.CompositeBackend{Tier1}.6" />
</exclusive-start>
<af-start id="4281" threadId="000000000088AC80" totalBytesRequested="32" timestamp="2020-09-11T10:56:18.107" intervalms="1919.600" type="nursery" />
<cycle-start id="4282" type="scavenge" contextid="0" timestamp="2020-09-11T10:56:18.107" intervalms="1919.600" />
<gc-start id="4283" type="scavenge" contextid="4282" timestamp="2020-09-11T10:56:18.107">
  <mem-info id="4284" free="1041139544" total="2836725760" percent="36">
    <mem type="nursery" free="0" total="939524096" percent="0">
      <mem type="allocate" free="0" total="761987072" percent="0" />
      <mem type="survivor" free="0" total="177537024" percent="0" />
    </mem>
    <mem type="tenure" free="1041139544" total="1897201664" percent="54">
      <mem type="soa" free="929928048" total="1783368704" percent="52" />
      <mem type="loa" free="111211496" total="113832960" percent="97" />
    </mem>
    <remembered-set count="198471" />
  </mem-info>
</gc-start>
<allocation-stats totalBytes="626560552" >
  <allocated-bytes non-tlh="24872688" tlh="601687864" />
  <largest-consumer threadName="Group1.Backend.CompositeBackend{Tier1}.1" threadId="000000000077FE00" bytes="79016584" />
</allocation-stats>
<gc-op id="4285" type="scavenge" timems="93.143" contextid="4282" timestamp="2020-09-11T10:56:18.200">
  <scavenger-info tenureage="3" tenuremask="7ff8" tiltratio="81" />
  <memory-copied type="nursery" objects="4851858" bytes="130474032" bytesdiscarded="257432" />
  <memory-copied type="tenure" objects="981232" bytes="26395680" bytesdiscarded="88688" />
  <ownableSynchronizers candidates="3704" cleared="3363" />
  <references type="soft" candidates="310" cleared="0" enqueued="0" dynamicThreshold="18" maxThreshold="32" />
  <references type="weak" candidates="122" cleared="122" enqueued="0" />
</gc-op>
<gc-end id="4286" type="scavenge" contextid="4282" durationms="94.089" usertimems="714.649" systemtimems="0.000" timestamp="2020-09-11T10:56:18.201" activeThreads="8">
  <mem-info id="4287" free="1650745088" total="2836725760" percent="58">
    <mem type="nursery" free="636027136" total="939524096" percent="67">
      <mem type="allocate" free="636027136" total="766836736" percent="82" />
      <mem type="survivor" free="0" total="172687360" percent="0" />
    </mem>
    <mem type="tenure" free="1014717952" total="1897201664" percent="53" macro-fragmented="0">
      <mem type="soa" free="903506456" total="1783368704" percent="50" />
      <mem type="loa" free="111211496" total="113832960" percent="97" />
    </mem>
    <remembered-set count="38027" />
  </mem-info>
</gc-end>
<cycle-end id="4288" type="scavenge" contextid="4282" timestamp="2020-09-11T10:56:18.204" />
<allocation-satisfied id="4289" threadId="000000000088A300" bytesRequested="32" />
<af-end id="4290" timestamp="2020-09-11T10:56:18.204" threadId="000000000088AC80" success="true" from="nursery"/>
<exclusive-end id="4291" timestamp="2020-09-11T10:56:18.205" durationms="98.734" />

<exclusive-start id="4292" timestamp="2020-09-11T10:56:20.022" intervalms="1916.303">
  <response-info timems="0.580" idlems="0.580" threads="0" lastid="0000000000891B00" lastname="Group1.Backend.CompositeBackend{Tier1}.7" />
</exclusive-start>
<af-start id="4293" threadId="0000000000892480" totalBytesRequested="40" timestamp="2020-09-11T10:56:20.023" intervalms="1916.439" type="nursery" />
<cycle-start id="4294" type="scavenge" contextid="0" timestamp="2020-09-11T10:56:20.023" intervalms="1916.485" />
<gc-start id="4295" type="scavenge" contextid="4294" timestamp="2020-09-11T10:56:20.023">
  <mem-info id="4296" free="1014717952" total="2836725760" percent="35">
    <mem type="nursery" free="0" total="939524096" percent="0">
      <mem type="allocate" free="0" total="766836736" percent="0" />
      <mem type="survivor" free="0" total="172687360" percent="0" />
    </mem>
    <mem type="tenure" free="1014717952" total="1897201664" percent="53">
      <mem type="soa" free="903506456" total="1783368704" percent="50" />
      <mem type="loa" free="111211496" total="113832960" percent="97" />
    </mem>
    <remembered-set count="193801" />
  </mem-info>
</gc-start>
<allocation-stats totalBytes="635733064" >
  <allocated-bytes non-tlh="31648080" tlh="604084984" />
  <largest-consumer threadName="Group1.Backend.CompositeBackend{Tier1}.3" threadId="0000000000808C00" bytes="84762968" />
</allocation-stats>
<gc-op id="4297" type="scavenge" timems="104.598" contextid="4294" timestamp="2020-09-11T10:56:20.128">
  <scavenger-info tenureage="3" tenuremask="7ff8" tiltratio="81" />
  <memory-copied type="nursery" objects="4898308" bytes="130725712" bytesdiscarded="138656" />
  <memory-copied type="tenure" objects="1016409" bytes="27385344" bytesdiscarded="75088" />
  <ownableSynchronizers candidates="3329" cleared="3021" />
  <references type="soft" candidates="302" cleared="0" enqueued="0" dynamicThreshold="18" maxThreshold="32" />
  <references type="weak" candidates="117" cleared="117" enqueued="0" />
</gc-op>
<gc-end id="4298" type="scavenge" contextid="4294" durationms="105.558" usertimems="753.508" systemtimems="3.342" timestamp="2020-09-11T10:56:20.129" activeThreads="8">
  <mem-info id="4299" free="1628429912" total="2836725760" percent="57">
    <mem type="nursery" free="641140648" total="939524096" percent="68">
      <mem type="allocate" free="641140648" total="772079616" percent="83" />
      <mem type="survivor" free="0" total="167444480" percent="0" />
    </mem>
    <mem type="tenure" free="987289264" total="1897201664" percent="52" macro-fragmented="0">
      <mem type="soa" free="876077768" total="1783368704" percent="49" />
      <mem type="loa" free="111211496" total="113832960" percent="97" />
    </mem>
    <remembered-set count="37976" />
  </mem-info>
</gc-end>
<cycle-end id="4300" type="scavenge" contextid="4294" timestamp="2020-09-11T10:56:20.132" />
<allocation-satisfied id="4301" threadId="0000000000891B00" bytesRequested="40" />
<af-end id="4302" timestamp="2020-09-11T10:56:20.132" threadId="0000000000892480" success="true" from="nursery"/>
<exclusive-end id="4303" timestamp="2020-09-11T10:56:20.132" durationms="110.136" />

<exclusive-start id="4304" timestamp="2020-09-11T10:56:22.029" intervalms="2006.536">
  <response-info timems="0.370" idlems="0.370" threads="0" lastid="000000000089D400" lastname="Group1.Backend.CompositeBackend{Tier1}.8" />
</exclusive-start>
<af-start id="4305" threadId="000000000089DD80" totalBytesRequested="48" timestamp="2020-09-11T10:56:22.029" intervalms="2006.368" type="nursery" />
<cycle-start id="4306" type="scavenge" contextid="0" timestamp="2020-09-11T10:56:22.029" intervalms="2006.320" />
<gc-start id="4307" type="scavenge" contextid="4306" timestamp="2020-09-11T10:56:22.030">
  <mem-info id="4308" free="987289264" total="2836725760" percent="34">
    <mem type="nursery" free="0" total="939524096" percent="0">
      <mem type="allocate" free="0" total="772079616" percent="0" />
      <mem type="survivor" free="0" total="167444480" percent="0" />
    </mem>
    <mem type="tenure" free="987289264" total="1897201664" percent="52">
      <mem type="soa" free="876077768" total="1783368704" percent="49" />
      <mem type="loa" free="111211496" total="113832960" percent="97" />
    </mem>
    <remembered-set count="199183" />
  </mem-info>
</gc-start>
<allocation-stats totalBytes="640805648" >
  <allocated-bytes non-tlh="26776800" tlh="614028848" />
  <largest-consumer threadName="Group1.Backend.CompositeBackend{Tier1}.3" threadId="0000000000808C00" bytes="86932936" />
</allocation-stats>
<gc-op id="4309" type="scavenge" timems="99.674" contextid="4306" timestamp="2020-09-11T10:56:22.129">
  <scavenger-info tenureage="3" tenuremask="7ff8" tiltratio="82" />
  <memory-copied type="nursery" objects="3882092" bytes="104040968" bytesdiscarded="256480" />
  <memory-copied type="tenure" objects="1871603" bytes="50535752" bytesdiscarded="96552" />
  <ownableSynchronizers candidates="3002" cleared="2690" />
  <references type="soft" candidates="229" cleared="0" enqueued="0" dynamicThreshold="18" maxThreshold="32" />
  <references type="weak" candidates="109" cleared="108" enqueued="0" />
</gc-op>
<gc-end id="4310" type="scavenge" contextid="4306" durationms="100.763" usertimems="707.160" systemtimems="0.000" timestamp="2020-09-11T10:56:22.130" activeThreads="8">
  <mem-info id="4311" free="1608417576" total="2836725760" percent="56">
    <mem type="nursery" free="671897344" total="939524096" percent="71">
      <mem type="allocate" free="671897344" total="776273920" percent="86" />
      <mem type="survivor" free="0" total="163250176" percent="0" />
    </mem>
    <mem type="tenure" free="936520232" total="1897201664" percent="49" macro-fragmented="0">
      <mem type="soa" free="825308736" total="1783368704" percent="46" />
      <mem type="loa" free="111211496" total="113832960" percent="97" />
    </mem>
    <remembered-set count="30358" />
  </mem-info>
</gc-end>
<cycle-end id="4312" type="scavenge" contextid="4306" timestamp="2020-09-11T10:56:22.134" />
<allocation-satisfied id="4313" threadId="000000000089D400" bytesRequested="48" />
<af-end id="4314" timestamp="2020-09-11T10:56:22.134" threadId="000000000089DD80" success="true" from="nursery"/>
<exclusive-end id="4315" timestamp="2020-09-11T10:56:22.134" durationms="105.045" />

<exclusive-start id="4316" timestamp="2020-09-11T10:56:23.993" intervalms="1964.396">
  <response-info timems="3.000" idlems="3.000" threads="0" lastid="000000000088A300" lastname="Group1.Backend.CompositeBackend{Tier1}.6" />
</exclusive-start>
<af-start id="4317" threadId="000000000088AC80" totalBytesRequested="520" timestamp="2020-09-11T10:56:23.994" intervalms="1964.413" type="nursery" />
<cycle-start id="4318" type="scavenge" contextid="0" timestamp="2020-09-11T10:56:23.994" intervalms="1964.414" />
<gc-start id="4319" type="scavenge" contextid="4318" timestamp="2020-09-11T10:56:23.994">
  <mem-info id="4320" free="936520232" total="2836725760" percent="33">
    <mem type="nursery" free="0" total="939524096" percent="0">
      <mem type="allocate" free="0" total="776273920" percent="0" />
      <mem type="survivor" free="0" total="163250176" percent="0" />
    </mem>
    <mem type="tenure" free="936520232" total="1897201664" percent="49">
      <mem type="soa" free="825308736" total="1783368704" percent="46" />
      <mem type="loa" free="111211496" total="113832960" percent="97" />
    </mem>
    <remembered-set count="188887" />
  </mem-info>
</gc-start>
<allocation-stats totalBytes="671595424" >
  <allocated-bytes non-tlh="37223632" tlh="634371792" />
  <largest-consumer threadName="Group1.Backend.CompositeBackend{Tier1}.3" threadId="0000000000808C00" bytes="106324464" />
</allocation-stats>
<gc-op id="4321" type="scavenge" timems="90.689" contextid="4318" timestamp="2020-09-11T10:56:24.085">
  <scavenger-info tenureage="3" tenuremask="7ff8" tiltratio="82" />
  <memory-copied type="nursery" objects="3879876" bytes="103941096" bytesdiscarded="158728" />
  <memory-copied type="tenure" objects="1041812" bytes="28023504" bytesdiscarded="66728" />
  <ownableSynchronizers candidates="4037" cleared="3762" />
  <references type="soft" candidates="229" cleared="0" enqueued="0" dynamicThreshold="18" maxThreshold="32" />
  <references type="weak" candidates="119" cleared="118" enqueued="0" />
</gc-op>
<gc-end id="4322" type="scavenge" contextid="4318" durationms="91.822" usertimems="691.257" systemtimems="5.361" timestamp="2020-09-11T10:56:24.086" activeThreads="8">
  <mem-info id="4323" free="1589983584" total="2836725760" percent="56">
    <mem type="nursery" free="681405440" total="939524096" percent="72">
      <mem type="allocate" free="681405440" total="785580032" percent="86" />
      <mem type="survivor" free="0" total="153944064" percent="0" />
    </mem>
    <mem type="tenure" free="908578144" total="1897201664" percent="47" macro-fragmented="1250136">
      <mem type="soa" free="797366648" total="1783368704" percent="44" />
      <mem type="loa" free="111211496" total="113832960" percent="97" />
    </mem>
    <remembered-set count="33239" />
  </mem-info>
</gc-end>
<cycle-end id="4324" type="scavenge" contextid="4318" timestamp="2020-09-11T10:56:24.089" />
<allocation-satisfied id="4325" threadId="000000000088A300" bytesRequested="520" />
<af-end id="4326" timestamp="2020-09-11T10:56:24.089" threadId="000000000088AC80" success="true" from="nursery"/>
<exclusive-end id="4327" timestamp="2020-09-11T10:56:24.089" durationms="96.186" />

<exclusive-start id="4328" timestamp="2020-09-11T10:56:26.063" intervalms="2070.209">
  <response-info timems="0.352" idlems="0.352" threads="0" lastid="000000000077FE00" lastname="Group1.Backend.CompositeBackend{Tier1}.1" />
</exclusive-start>
<af-start id="4329" threadId="0000000000780780" totalBytesRequested="524296" timestamp="2020-09-11T10:56:26.064" intervalms="2070.082" type="nursery" />
<cycle-start id="4330" type="scavenge" contextid="0" timestamp="2020-09-11T10:56:26.064" intervalms="2070.098" />
<gc-start id="4331" type="scavenge" contextid="4330" timestamp="2020-09-11T10:56:26.064">
  <mem-info id="4332" free="908786224" total="2836725760" percent="32">
    <mem type="nursery" free="208080" total="939524096" percent="0">
      <mem type="allocate" free="208080" total="785580032" percent="0" />
      <mem type="survivor" free="0" total="153944064" percent="0" />
    </mem>
    <mem type="tenure" free="908578144" total="1897201664" percent="47">
      <mem type="soa" free="797366648" total="1783368704" percent="44" />
      <mem type="loa" free="111211496" total="113832960" percent="97" />
    </mem>
    <remembered-set count="195492" />
  </mem-info>
</gc-start>
<allocation-stats totalBytes="680878864" >
  <allocated-bytes non-tlh="30744368" tlh="650134496" />
  <largest-consumer threadName="Group1.Backend.CompositeBackend{Tier1}.7" threadId="0000000000891B00" bytes="92357448" />
</allocation-stats>
<gc-op id="4333" type="scavenge" timems="101.651" contextid="4330" timestamp="2020-09-11T10:56:26.166">
  <scavenger-info tenureage="3" tenuremask="7ff8" tiltratio="83" />
  <memory-copied type="nursery" objects="4215166" bytes="111805232" bytesdiscarded="137664" />
  <memory-copied type="tenure" objects="1010126" bytes="27118416" bytesdiscarded="71632" />
  <ownableSynchronizers candidates="3766" cleared="3480" />
  <references type="soft" candidates="270" cleared="0" enqueued="0" dynamicThreshold="18" maxThreshold="32" />
  <references type="weak" candidates="117" cleared="117" enqueued="0" />
</gc-op>
<gc-end id="4334" type="scavenge" contextid="4330" durationms="102.566" usertimems="770.169" systemtimems="2.806" timestamp="2020-09-11T10:56:26.167" activeThreads="8">
  <mem-info id="4335" free="1558885976" total="2836725760" percent="54">
    <mem type="nursery" free="677551344" total="939524096" percent="72">
      <mem type="allocate" free="677551344" total="789577728" percent="85" />
      <mem type="survivor" free="0" total="149946368" percent="0" />
    </mem>
    <mem type="tenure" free="881334632" total="1897201664" percent="46" macro-fragmented="5375358">
      <mem type="soa" free="770123136" total="1783368704" percent="43" />
      <mem type="loa" free="111211496" total="113832960" percent="97" />
    </mem>
    <remembered-set count="32138" />
  </mem-info>
</gc-end>
<cycle-end id="4336" type="scavenge" contextid="4330" timestamp="2020-09-11T10:56:26.167" />
<allocation-satisfied id="4337" threadId="000000000077FE00" bytesRequested="524296" />
<af-end id="4338" timestamp="2020-09-11T10:56:26.167" threadId="0000000000780780" success="true" from="nursery"/>
<exclusive-end id="4339" timestamp="2020-09-11T10:56:26.167" durationms="104.179" />

<exclusive-start id="4340" timestamp="2020-09-11T10:56:28.165" intervalms="2101.981">
  <response-info timems="8.521" idlems="8.521" threads="0" lastid="000000000089D400" lastname="Group1.Backend.CompositeBackend{Tier1}.8" />
</exclusive-start>
<af-start id="4341" threadId="000000000089DD80" totalBytesRequested="520" timestamp="2020-09-11T10:56:28.166" intervalms="2102.208" type="nursery" />
<cycle-start id="4342" type="scavenge" contextid="0" timestamp="2020-09-11T10:56:28.166" intervalms="2102.202" />
<gc-start id="4343" type="scavenge" contextid="4342" timestamp="2020-09-11T10:56:28.166">
  <mem-info id="4344" free="881334632" total="2836725760" percent="31">
    <mem type="nursery" free="0" total="939524096" percent="0">
      <mem type="allocate" free="0" total="789577728" percent="0" />
      <mem type="survivor" free="0" total="149946368" percent="0" />
    </mem>
    <mem type="tenure" free="881334632" total="1897201664" percent="46">
      <mem type="soa" free="770123136" total="1783368704" percent="43" />
      <mem type="loa" free="111211496" total="113832960" percent="97" />
    </mem>
    <remembered-set count="195063" />
  </mem-info>
</gc-start>
<allocation-stats totalBytes="677232152" >
  <allocated-bytes non-tlh="31021752" tlh="646210400" />
  <largest-consumer threadName="Group1.Backend.CompositeBackend{Tier1}.2" threadId="000000000077F200" bytes="87141392" />
</allocation-stats>
<gc-op id="4345" type="scavenge" timems="107.673" contextid="4342" timestamp="2020-09-11T10:56:28.274">
  <scavenger-info tenureage="3" tenuremask="7ff8" tiltratio="84" />
  <memory-copied type="nursery" objects="4042841" bytes="108385504" bytesdiscarded="182792" />
  <memory-copied type="tenure" objects="1066523" bytes="28643320" bytesdiscarded="80624" />
  <ownableSynchronizers candidates="3594" cleared="3308" />
  <references type="soft" candidates="266" cleared="0" enqueued="0" dynamicThreshold="18" maxThreshold="32" />
  <references type="weak" candidates="121" cleared="120" enqueued="0" />
</gc-op>
<gc-end id="4346" type="scavenge" contextid="4342" durationms="108.615" usertimems="797.631" systemtimems="5.391" timestamp="2020-09-11T10:56:28.275" activeThreads="8">
  <mem-info id="4347" free="1538381688" total="2836725760" percent="54">
    <mem type="nursery" free="685840128" total="939524096" percent="72">
      <mem type="allocate" free="685840128" total="794492928" percent="86" />
      <mem type="survivor" free="0" total="145031168" percent="0" />
    </mem>
    <mem type="tenure" free="852541560" total="1897201664" percent="44" macro-fragmented="0">
      <mem type="soa" free="741330064" total="1783368704" percent="41" />
      <mem type="loa" free="111211496" total="113832960" percent="97" />
    </mem>
    <remembered-set count="30977" />
  </mem-info>
</gc-end>
<cycle-end id="4348" type="scavenge" contextid="4342" timestamp="2020-09-11T10:56:28.276" />
<allocation-satisfied id="4349" threadId="000000000089D400" bytesRequested="520" />
<af-end id="4350" timestamp="2020-09-11T10:56:28.276" threadId="000000000089DD80" success="true" from="nursery"/>
<exclusive-end id="4351" timestamp="2020-09-11T10:56:28.276" durationms="110.411" />

<exclusive-start id="4352" timestamp="2020-09-11T10:56:30.216" intervalms="2051.173">
  <response-info timems="0.705" idlems="0.705" threads="0" lastid="0000000000808C00" lastname="Group1.Backend.CompositeBackend{Tier1}.3" />
</exclusive-start>
<af-start id="4353" threadId="0000000000809580" totalBytesRequested="24" timestamp="2020-09-11T10:56:30.217" intervalms="2051.085" type="nursery" />
<cycle-start id="4354" type="scavenge" contextid="0" timestamp="2020-09-11T10:56:30.217" intervalms="2051.086" />
<gc-start id="4355" type="scavenge" contextid="4354" timestamp="2020-09-11T10:56:30.218">
  <mem-info id="4356" free="852541560" total="2836725760" percent="30">
    <mem type="nursery" free="0" total="939524096" percent="0">
      <mem type="allocate" free="0" total="794492928" percent="0" />
      <mem type="survivor" free="0" total="145031168" percent="0" />
    </mem>
    <mem type="tenure" free="852541560" total="1897201664" percent="44">
      <mem type="soa" free="741330064" total="1783368704" percent="41" />
      <mem type="loa" free="111211496" total="113832960" percent="97" />
    </mem>
    <remembered-set count="192974" />
  </mem-info>
</gc-start>
<allocation-stats totalBytes="685514680" >
  <allocated-bytes non-tlh="33769128" tlh="651745552" />
  <largest-consumer threadName="Group1.Backend.CompositeBackend{Tier1}.3" threadId="0000000000808C00" bytes="94665712" />
</allocation-stats>
<gc-op id="4357" type="scavenge" timems="109.156" contextid="4354" timestamp="2020-09-11T10:56:30.327">
  <scavenger-info tenureage="3" tenuremask="7ff8" tiltratio="84" />
  <memory-copied type="nursery" objects="4207166" bytes="112568104" bytesdiscarded="145912" />
  <memory-copied type="tenure" objects="1040267" bytes="27951992" bytesdiscarded="75040" />
  <ownableSynchronizers candidates="4071" cleared="3764" />
  <references type="soft" candidates="280" cleared="0" enqueued="0" dynamicThreshold="18" maxThreshold="32" />
  <references type="weak" candidates="103" cleared="103" enqueued="0" />
</gc-op>
<gc-end id="4358" type="scavenge" contextid="4354" durationms="110.210" usertimems="801.415" systemtimems="0.000" timestamp="2020-09-11T10:56:30.328" activeThreads="8">
  <mem-info id="4359" free="1509182248" total="2836725760" percent="53">
    <mem type="nursery" free="684576760" total="939524096" percent="72">
      <mem type="allocate" free="684576760" total="797376512" percent="85" />
      <mem type="survivor" free="0" total="142147584" percent="0" />
    </mem>
    <mem type="tenure" free="824605488" total="1897201664" percent="43" macro-fragmented="0">
      <mem type="soa" free="713393992" total="1783368704" percent="40" />
      <mem type="loa" free="111211496" total="113832960" percent="97" />
    </mem>
    <remembered-set count="30326" />
  </mem-info>
</gc-end>
<cycle-end id="4360" type="scavenge" contextid="4354" timestamp="2020-09-11T10:56:30.328" />
<allocation-satisfied id="4361" threadId="0000000000808C00" bytesRequested="24" />
<af-end id="4362" timestamp="2020-09-11T10:56:30.328" threadId="0000000000809580" success="true" from="nursery"/>
<exclusive-end id="4363" timestamp="2020-09-11T10:56:30.328" durationms="111.866" />

<exclusive-start id="4364" timestamp="2020-09-11T10:56:32.309" intervalms="2092.443">
  <response-info timems="2.541" idlems="1.033" threads="2" lastid="0000000000854B00" lastname="Group1.Backend.CompositeBackend{Tier1}.4" />
</exclusive-start>
<af-start id="4365" threadId="000000000080AC80" totalBytesRequested="32" timestamp="2020-09-11T10:56:32.310" intervalms="2092.681" type="nursery" />
<cycle-start id="4366" type="scavenge" contextid="0" timestamp="2020-09-11T10:56:32.310" intervalms="2092.914" />
<gc-start id="4367" type="scavenge" contextid="4366" timestamp="2020-09-11T10:56:32.310">
  <mem-info id="4368" free="824605488" total="2836725760" percent="29">
    <mem type="nursery" free="0" total="939524096" percent="0">
      <mem type="allocate" free="0" total="797376512" percent="0" />
      <mem type="survivor" free="0" total="142147584" percent="0" />
    </mem>
    <mem type="tenure" free="824605488" total="1897201664" percent="43">
      <mem type="soa" free="713393992" total="1783368704" percent="40" />
      <mem type="loa" free="111211496" total="113832960" percent="97" />
    </mem>
    <remembered-set count="194200" />
  </mem-info>
</gc-start>
<allocation-stats totalBytes="684242304" >
  <allocated-bytes non-tlh="30498800" tlh="653743504" />
  <largest-consumer threadName="Group1.Backend.CompositeBackend{Tier1}.2" threadId="000000000077F200" bytes="89932824" />
</allocation-stats>
<gc-op id="4369" type="scavenge" timems="99.054" contextid="4366" timestamp="2020-09-11T10:56:32.410">
  <scavenger-info tenureage="3" tenuremask="7ff8" tiltratio="84" />
  <memory-copied type="nursery" objects="4130508" bytes="110688480" bytesdiscarded="140520" />
  <memory-copied type="tenure" objects="1085505" bytes="29174192" bytesdiscarded="75848" />
  <ownableSynchronizers candidates="3658" cleared="3358" />
  <references type="soft" candidates="256" cleared="0" enqueued="0" dynamicThreshold="18" maxThreshold="32" />
  <references type="weak" candidates="97" cleared="97" enqueued="0" />
</gc-op>
<gc-end id="4370" type="scavenge" contextid="4366" durationms="100.042" usertimems="776.933" systemtimems="0.000" timestamp="2020-09-11T10:56:32.410" activeThreads="8">
  <mem-info id="4371" free="1484942448" total="2836725760" percent="52">
    <mem type="nursery" free="689668608" total="939524096" percent="73">
      <mem type="allocate" free="689668608" total="800587776" percent="86" />
      <mem type="survivor" free="0" total="138936320" percent="0" />
    </mem>
    <mem type="tenure" free="795273840" total="1897201664" percent="41" macro-fragmented="0">
      <mem type="soa" free="684062344" total="1783368704" percent="38" />
      <mem type="loa" free="111211496" total="113832960" percent="97" />
    </mem>
    <remembered-set count="29996" />
  </mem-info>
</gc-end>
<cycle-end id="4372" type="scavenge" contextid="4366" timestamp="2020-09-11T10:56:32.411" />
<allocation-satisfied id="4373" threadId="000000000080A300" bytesRequested="32" />
<af-end id="4374" timestamp="2020-09-11T10:56:32.411" threadId="000000000080AC80" success="true" from="nursery"/>
<exclusive-end id="4375" timestamp="2020-09-11T10:56:32.411" durationms="102.285" />

<exclusive-start id="4376" timestamp="2020-09-11T10:56:34.391" intervalms="2081.771">
  <response-info timems="0.701" idlems="0.701" threads="0" lastid="000000000089D400" lastname="Group1.Backend.CompositeBackend{Tier1}.8" />
</exclusive-start>
<af-start id="4377" threadId="000000000089DD80" totalBytesRequested="16" timestamp="2020-09-11T10:56:34.391" intervalms="2081.691" type="nursery" />
<cycle-start id="4378" type="scavenge" contextid="0" timestamp="2020-09-11T10:56:34.392" intervalms="2081.484" />
<gc-start id="4379" type="scavenge" contextid="4378" timestamp="2020-09-11T10:56:34.392">
  <mem-info id="4380" free="795273840" total="2836725760" percent="28">
    <mem type="nursery" free="0" total="939524096" percent="0">
      <mem type="allocate" free="0" total="800587776" percent="0" />
      <mem type="survivor" free="0" total="138936320" percent="0" />
    </mem>
    <mem type="tenure" free="795273840" total="1897201664" percent="41">
      <mem type="soa" free="684062344" total="1783368704" percent="38" />
      <mem type="loa" free="111211496" total="113832960" percent="97" />
    </mem>
    <remembered-set count="190896" />
  </mem-info>
</gc-start>
<allocation-stats totalBytes="689364328" >
  <allocated-bytes non-tlh="39048672" tlh="650315656" />
  <largest-consumer threadName="Group1.Backend.CompositeBackend{Tier1}.3" threadId="0000000000808C00" bytes="97164784" />
</allocation-stats>
<gc-op id="4381" type="scavenge" timems="131.585" contextid="4378" timestamp="2020-09-11T10:56:34.524">
  <scavenger-info tenureage="3" tenuremask="7ff8" tiltratio="85" />
  <memory-copied type="nursery" objects="4510631" bytes="118991248" bytesdiscarded="178176" />
  <memory-copied type="tenure" objects="1091011" bytes="29323672" bytesdiscarded="86296" />
  <ownableSynchronizers candidates="4607" cleared="4300" />
  <references type="soft" candidates="273" cleared="0" enqueued="0" dynamicThreshold="18" maxThreshold="32" />
  <references type="weak" candidates="98" cleared="98" enqueued="0" />
</gc-op>
<gc-end id="4382" type="scavenge" contextid="4378" durationms="132.644" usertimems="984.712" systemtimems="8.989" timestamp="2020-09-11T10:56:34.524" activeThreads="8">
  <mem-info id="4383" free="1444136160" total="2836725760" percent="50">
    <mem type="nursery" free="678383712" total="939524096" percent="72">
      <mem type="allocate" free="678383712" total="797638656" percent="85" />
      <mem type="survivor" free="0" total="141885440" percent="0" />
    </mem>
    <mem type="tenure" free="765752448" total="1897201664" percent="40" macro-fragmented="2160235">
      <mem type="soa" free="654540952" total="1783368704" percent="36" />
      <mem type="loa" free="111211496" total="113832960" percent="97" />
    </mem>
    <remembered-set count="31093" />
  </mem-info>
</gc-end>
<cycle-end id="4384" type="scavenge" contextid="4378" timestamp="2020-09-11T10:56:34.525" />
<allocation-satisfied id="4385" threadId="000000000089D400" bytesRequested="16" />
<af-end id="4386" timestamp="2020-09-11T10:56:34.525" threadId="000000000089DD80" success="true" from="nursery"/>
<exclusive-end id="4387" timestamp="2020-09-11T10:56:34.525" durationms="134.580" />

<exclusive-start id="4388" timestamp="2020-09-11T10:56:36.458" intervalms="2067.097">
  <response-info timems="1.891" idlems="1.891" threads="0" lastid="0000000000891B00" lastname="Group1.Backend.CompositeBackend{Tier1}.7" />
</exclusive-start>
<af-start id="4389" threadId="0000000000892480" totalBytesRequested="120" timestamp="2020-09-11T10:56:36.459" intervalms="2067.073" type="nursery" />
<cycle-start id="4390" type="scavenge" contextid="0" timestamp="2020-09-11T10:56:36.459" intervalms="2067.070" />
<gc-start id="4391" type="scavenge" contextid="4390" timestamp="2020-09-11T10:56:36.459">
  <mem-info id="4392" free="765752448" total="2836725760" percent="26">
    <mem type="nursery" free="0" total="939524096" percent="0">
      <mem type="allocate" free="0" total="797638656" percent="0" />
      <mem type="survivor" free="0" total="141885440" percent="0" />
    </mem>
    <mem type="tenure" free="765752448" total="1897201664" percent="40">
      <mem type="soa" free="654540952" total="1783368704" percent="36" />
      <mem type="loa" free="111211496" total="113832960" percent="97" />
    </mem>
    <remembered-set count="195932" />
  </mem-info>
</gc-start>
<allocation-stats totalBytes="678058976" >
  <allocated-bytes non-tlh="29206128" tlh="648852848" />
  <largest-consumer threadName="Group1.Backend.CompositeBackend{Tier1}.8" threadId="000000000089D400" bytes="94297824" />
</allocation-stats>
<gc-op id="4393" type="scavenge" timems="107.662" contextid="4390" timestamp="2020-09-11T10:56:36.567">
  <scavenger-info tenureage="3" tenuremask="7ff8" tiltratio="84" />
  <memory-copied type="nursery" objects="4031432" bytes="108206072" bytesdiscarded="245976" />
  <memory-copied type="tenure" objects="1077553" bytes="28970728" bytesdiscarded="77552" />
  <ownableSynchronizers candidates="4557" cleared="4217" />
  <references type="soft" candidates="279" cleared="0" enqueued="0" dynamicThreshold="18" maxThreshold="32" />
  <references type="weak" candidates="107" cleared="106" enqueued="0" />
</gc-op>
<gc-end id="4394" type="scavenge" contextid="4390" durationms="108.676" usertimems="763.842" systemtimems="0.000" timestamp="2020-09-11T10:56:36.568" activeThreads="8">
  <mem-info id="4395" free="1427676056" total="2836725760" percent="50">
    <mem type="nursery" free="690810368" total="939524096" percent="73">
      <mem type="allocate" free="690810368" total="799342592" percent="86" />
      <mem type="survivor" free="0" total="140181504" percent="0" />
    </mem>
    <mem type="tenure" free="736865688" total="1897201664" percent="38" macro-fragmented="6450429">
      <mem type="soa" free="625654192" total="1783368704" percent="35" />
      <mem type="loa" free="111211496" total="113832960" percent="97" />
    </mem>
    <remembered-set count="31755" />
  </mem-info>
</gc-end>
<cycle-end id="4396" type="scavenge" contextid="4390" timestamp="2020-09-11T10:56:36.568" />
<allocation-satisfied id="4397" threadId="0000000000891B00" bytesRequested="120" />
<af-end id="4398" timestamp="2020-09-11T10:56:36.568" threadId="0000000000892480" success="true" from="nursery"/>
<exclusive-end id="4399" timestamp="2020-09-11T10:56:36.568" durationms="110.625" />

<exclusive-start id="4400" timestamp="2020-09-11T10:56:38.594" intervalms="2136.076">
  <response-info timems="1.353" idlems="1.353" threads="0" lastid="000000000089D400" lastname="Group1.Backend.CompositeBackend{Tier1}.8" />
</exclusive-start>
<af-start id="4401" threadId="000000000089DD80" totalBytesRequested="32" timestamp="2020-09-11T10:56:38.595" intervalms="2136.056" type="nursery" />
<cycle-start id="4402" type="scavenge" contextid="0" timestamp="2020-09-11T10:56:38.595" intervalms="2136.106" />
<gc-start id="4403" type="scavenge" contextid="4402" timestamp="2020-09-11T10:56:38.595">
  <mem-info id="4404" free="736865688" total="2836725760" percent="25">
    <mem type="nursery" free="0" total="939524096" percent="0">
      <mem type="allocate" free="0" total="799342592" percent="0" />
      <mem type="survivor" free="0" total="140181504" percent="0" />
    </mem>
    <mem type="tenure" free="736865688" total="1897201664" percent="38">
      <mem type="soa" free="625654192" total="1783368704" percent="35" />
      <mem type="loa" free="111211496" total="113832960" percent="97" />
    </mem>
    <remembered-set count="196184" />
  </mem-info>
</gc-start>
<allocation-stats totalBytes="690469584" >
  <allocated-bytes non-tlh="29972576" tlh="660497008" />
  <largest-consumer threadName="Group1.Backend.CompositeBackend{Tier1}.4" threadId="0000000000854B00" bytes="93842072" />
</allocation-stats>
<gc-op id="4405" type="scavenge" timems="123.536" contextid="4402" timestamp="2020-09-11T10:56:38.719">
  <scavenger-info tenureage="3" tenuremask="7ff8" tiltratio="85" />
  <memory-copied type="nursery" objects="4058584" bytes="108821952" bytesdiscarded="157584" />
  <memory-copied type="tenure" objects="1115579" bytes="29988064" bytesdiscarded="104280" />
  <ownableSynchronizers candidates="3855" cleared="3517" />
  <references type="soft" candidates="292" cleared="0" enqueued="0" dynamicThreshold="18" maxThreshold="32" />
  <references type="weak" candidates="119" cleared="118" enqueued="0" />
</gc-op>
<gc-end id="4406" type="scavenge" contextid="4402" durationms="124.663" usertimems="898.337" systemtimems="9.016" timestamp="2020-09-11T10:56:38.720" activeThreads="8">
  <mem-info id="4407" free="1400534832" total="2836725760" percent="49">
    <mem type="nursery" free="693817816" total="939524096" percent="73">
      <mem type="allocate" free="693817816" total="802881536" percent="86" />
      <mem type="survivor" free="0" total="136642560" percent="0" />
    </mem>
    <mem type="tenure" free="706717016" total="1897201664" percent="37" macro-fragmented="0">
      <mem type="soa" free="595505520" total="1783368704" percent="33" />
      <mem type="loa" free="111211496" total="113832960" percent="97" />
    </mem>
    <remembered-set count="32275" />
  </mem-info>
</gc-end>
<cycle-end id="4408" type="scavenge" contextid="4402" timestamp="2020-09-11T10:56:38.720" />
<allocation-satisfied id="4409" threadId="000000000089D400" bytesRequested="32" />
<af-end id="4410" timestamp="2020-09-11T10:56:38.720" threadId="000000000089DD80" success="true" from="nursery"/>
<exclusive-end id="4411" timestamp="2020-09-11T10:56:38.720" durationms="126.595" />

<exclusive-start id="4412" timestamp="2020-09-11T10:56:40.660" intervalms="2066.630">
  <response-info timems="0.444" idlems="0.444" threads="0" lastid="0000000000808C00" lastname="Group1.Backend.CompositeBackend{Tier1}.3" />
</exclusive-start>
<af-start id="4413" threadId="0000000000809580" totalBytesRequested="32" timestamp="2020-09-11T10:56:40.661" intervalms="2066.394" type="nursery" />
<cycle-start id="4414" type="scavenge" contextid="0" timestamp="2020-09-11T10:56:40.661" intervalms="2066.313" />
<gc-start id="4415" type="scavenge" contextid="4414" timestamp="2020-09-11T10:56:40.661">
  <mem-info id="4416" free="706717016" total="2836725760" percent="24">
    <mem type="nursery" free="0" total="939524096" percent="0">
      <mem type="allocate" free="0" total="802881536" percent="0" />
      <mem type="survivor" free="0" total="136642560" percent="0" />
    </mem>
    <mem type="tenure" free="706717016" total="1897201664" percent="37">
      <mem type="soa" free="595505520" total="1783368704" percent="33" />
      <mem type="loa" free="111211496" total="113832960" percent="97" />
    </mem>
    <remembered-set count="192156" />
  </mem-info>
</gc-start>
<allocation-stats totalBytes="693477600" >
  <allocated-bytes non-tlh="36709672" tlh="656767928" />
  <largest-consumer threadName="Group1.Backend.CompositeBackend{Tier1}.4" threadId="0000000000854B00" bytes="92648160" />
</allocation-stats>
<gc-op id="4417" type="scavenge" timems="127.983" contextid="4414" timestamp="2020-09-11T10:56:40.789">
  <scavenger-info tenureage="3" tenuremask="7ff8" tiltratio="85" />
  <memory-copied type="nursery" objects="4263113" bytes="113604376" bytesdiscarded="164280" />
  <memory-copied type="tenure" objects="1050227" bytes="28200936" bytesdiscarded="81240" />
  <ownableSynchronizers candidates="4803" cleared="4438" />
  <references type="soft" candidates="300" cleared="0" enqueued="0" dynamicThreshold="18" maxThreshold="32" />
  <references type="weak" candidates="103" cleared="103" enqueued="0" />
</gc-op>
<gc-end id="4418" type="scavenge" contextid="4414" durationms="129.003" usertimems="877.113" systemtimems="5.127" timestamp="2020-09-11T10:56:40.790" activeThreads="8">
  <mem-info id="4419" free="1368272728" total="2836725760" percent="48">
    <mem type="nursery" free="689815920" total="939524096" percent="73">
      <mem type="allocate" free="689815920" total="803667968" percent="85" />
      <mem type="survivor" free="0" total="135856128" percent="0" />
    </mem>
    <mem type="tenure" free="678456808" total="1897201664" percent="35" macro-fragmented="0">
      <mem type="soa" free="567245312" total="1783368704" percent="31" />
      <mem type="loa" free="111211496" total="113832960" percent="97" />
    </mem>
    <remembered-set count="29871" />
  </mem-info>
</gc-end>
<cycle-end id="4420" type="scavenge" contextid="4414" timestamp="2020-09-11T10:56:40.792" />
<allocation-satisfied id="4421" threadId="0000000000808C00" bytesRequested="32" />
<af-end id="4422" timestamp="2020-09-11T10:56:40.793" threadId="0000000000809580" success="true" from="nursery"/>
<exclusive-end id="4423" timestamp="2020-09-11T10:56:40.793" durationms="132.183" />

<exclusive-start id="4424" timestamp="2020-09-11T10:56:42.846" intervalms="2185.281">
  <response-info timems="0.563" idlems="0.563" threads="0" lastid="0000000000891B00" lastname="Group1.Backend.CompositeBackend{Tier1}.7" />
</exclusive-start>
<af-start id="4425" threadId="0000000000892480" totalBytesRequested="65544" timestamp="2020-09-11T10:56:42.846" intervalms="2185.478" type="nursery" />
<cycle-start id="4426" type="scavenge" contextid="0" timestamp="2020-09-11T10:56:42.847" intervalms="2185.485" />
<gc-start id="4427" type="scavenge" contextid="4426" timestamp="2020-09-11T10:56:42.847">
  <mem-info id="4428" free="678501360" total="2836725760" percent="23">
    <mem type="nursery" free="44552" total="939524096" percent="0">
      <mem type="allocate" free="44552" total="803667968" percent="0" />
      <mem type="survivor" free="0" total="135856128" percent="0" />
    </mem>
    <mem type="tenure" free="678456808" total="1897201664" percent="35">
      <mem type="soa" free="567245312" total="1783368704" percent="31" />
      <mem type="loa" free="111211496" total="113832960" percent="97" />
    </mem>
    <remembered-set count="196332" />
  </mem-info>
</gc-start>
<allocation-stats totalBytes="689418944" >
  <allocated-bytes non-tlh="24052584" tlh="665366360" />
  <largest-consumer threadName="Group1.Backend.CompositeBackend{Tier1}.3" threadId="0000000000808C00" bytes="86500272" />
</allocation-stats>
<gc-op id="4429" type="scavenge" timems="101.787" contextid="4426" timestamp="2020-09-11T10:56:42.949">
  <scavenger-info tenureage="3" tenuremask="7ff8" tiltratio="85" />
  <memory-copied type="nursery" objects="4330721" bytes="115462896" bytesdiscarded="444936" />
  <memory-copied type="tenure" objects="1094464" bytes="29398104" bytesdiscarded="92120" />
  <ownableSynchronizers candidates="3845" cleared="3495" />
  <references type="soft" candidates="279" cleared="0" enqueued="0" dynamicThreshold="18" maxThreshold="32" />
  <references type="weak" candidates="99" cleared="99" enqueued="0" />
</gc-op>
<gc-end id="4430" type="scavenge" contextid="4426" durationms="102.655" usertimems="775.633" systemtimems="0.000" timestamp="2020-09-11T10:56:42.949" activeThreads="8">
  <mem-info id="4431" free="1340221360" total="2836725760" percent="47">
    <mem type="nursery" free="691205560" total="939524096" percent="73">
      <mem type="allocate" free="691205560" total="807206912" percent="85" />
      <mem type="survivor" free="0" total="132317184" percent="0" />
    </mem>
    <mem type="tenure" free="649015800" total="1897201664" percent="34" macro-fragmented="0">
      <mem type="soa" free="537804304" total="1783368704" percent="30" />
      <mem type="loa" free="111211496" total="113832960" percent="97" />
    </mem>
    <remembered-set count="28667" />
  </mem-info>
</gc-end>
<cycle-end id="4432" type="scavenge" contextid="4426" timestamp="2020-09-11T10:56:42.950" />
<allocation-satisfied id="4433" threadId="0000000000891B00" bytesRequested="65544" />
<af-end id="4434" timestamp="2020-09-11T10:56:42.950" threadId="0000000000892480" success="true" from="nursery"/>
<exclusive-end id="4435" timestamp="2020-09-11T10:56:42.950" durationms="104.631" />

<exclusive-start id="4436" timestamp="2020-09-11T10:56:44.839" intervalms="1993.686">
  <response-info timems="0.522" idlems="0.522" threads="0" lastid="000000000077FE00" lastname="Group1.Backend.CompositeBackend{Tier1}.1" />
</exclusive-start>
<af-start id="4437" threadId="0000000000780780" totalBytesRequested="16" timestamp="2020-09-11T10:56:44.840" intervalms="1993.609" type="nursery" />
<cycle-start id="4438" type="scavenge" contextid="0" timestamp="2020-09-11T10:56:44.840" intervalms="1993.597" />
<gc-start id="4439" type="scavenge" contextid="4438" timestamp="2020-09-11T10:56:44.841">
  <mem-info id="4440" free="649015800" total="2836725760" percent="22">
    <mem type="nursery" free="0" total="939524096" percent="0">
      <mem type="allocate" free="0" total="807206912" percent="0" />
      <mem type="survivor" free="0" total="132317184" percent="0" />
    </mem>
    <mem type="tenure" free="649015800" total="1897201664" percent="34">
      <mem type="soa" free="537804304" total="1783368704" percent="30" />
      <mem type="loa" free="111211496" total="113832960" percent="97" />
    </mem>
    <remembered-set count="187315" />
  </mem-info>
</gc-start>
<allocation-stats totalBytes="690880200" >
  <allocated-bytes non-tlh="38687896" tlh="652192304" />
  <largest-consumer threadName="Group1.Backend.CompositeBackend{Tier1}.8" threadId="000000000089D400" bytes="94757704" />
</allocation-stats>
<gc-op id="4441" type="scavenge" timems="94.502" contextid="4438" timestamp="2020-09-11T10:56:44.935">
  <scavenger-info tenureage="3" tenuremask="7ff8" tiltratio="85" />
  <memory-copied type="nursery" objects="4127256" bytes="110583272" bytesdiscarded="162384" />
  <memory-copied type="tenure" objects="1101390" bytes="29636712" bytesdiscarded="95632" />
  <ownableSynchronizers candidates="4523" cleared="4169" />
  <references type="soft" candidates="281" cleared="0" enqueued="0" dynamicThreshold="18" maxThreshold="32" />
  <references type="weak" candidates="118" cleared="118" enqueued="0" />
</gc-op>
<gc-end id="4442" type="scavenge" contextid="4438" durationms="95.362" usertimems="741.757" systemtimems="0.000" timestamp="2020-09-11T10:56:44.936" activeThreads="8">
  <mem-info id="4443" free="1316195056" total="2836725760" percent="46">
    <mem type="nursery" free="696964856" total="939524096" percent="74">
      <mem type="allocate" free="696964856" total="807796736" percent="86" />
      <mem type="survivor" free="0" total="131727360" percent="0" />
    </mem>
    <mem type="tenure" free="619230200" total="1897201664" percent="32" macro-fragmented="0">
      <mem type="soa" free="508018704" total="1783368704" percent="28" />
      <mem type="loa" free="111211496" total="113832960" percent="97" />
    </mem>
    <remembered-set count="29344" />
  </mem-info>
</gc-end>
<cycle-end id="4444" type="scavenge" contextid="4438" timestamp="2020-09-11T10:56:44.937" />
<allocation-satisfied id="4445" threadId="000000000077FE00" bytesRequested="16" />
<af-end id="4446" timestamp="2020-09-11T10:56:44.937" threadId="0000000000780780" success="true" from="nursery"/>
<exclusive-end id="4447" timestamp="2020-09-11T10:56:44.937" durationms="97.324" />

<exclusive-start id="4448" timestamp="2020-09-11T10:56:46.939" intervalms="2099.588">
  <response-info timems="0.409" idlems="0.293" threads="1" lastid="000000000088A300" lastname="Group1.Backend.CompositeBackend{Tier1}.6" />
</exclusive-start>
<af-start id="4449" threadId="000000000089DD80" totalBytesRequested="16" timestamp="2020-09-11T10:56:46.940" intervalms="2099.549" type="nursery" />
<cycle-start id="4450" type="scavenge" contextid="0" timestamp="2020-09-11T10:56:46.940" intervalms="2099.586" />
<gc-start id="4451" type="scavenge" contextid="4450" timestamp="2020-09-11T10:56:46.940">
  <mem-info id="4452" free="619230200" total="2836725760" percent="21">
    <mem type="nursery" free="0" total="939524096" percent="0">
      <mem type="allocate" free="0" total="807796736" percent="0" />
      <mem type="survivor" free="0" total="131727360" percent="0" />
    </mem>
    <mem type="tenure" free="619230200" total="1897201664" percent="32">
      <mem type="soa" free="508018704" total="1783368704" percent="28" />
      <mem type="loa" free="111211496" total="113832960" percent="97" />
    </mem>
    <remembered-set count="194771" />
  </mem-info>
</gc-start>
<allocation-stats totalBytes="696635352" >
  <allocated-bytes non-tlh="33114352" tlh="663521000" />
  <largest-consumer threadName="Group1.Backend.CompositeBackend{Tier1}.4" threadId="0000000000854B00" bytes="104261024" />
</allocation-stats>
<gc-op id="4453" type="scavenge" timems="102.631" contextid="4450" timestamp="2020-09-11T10:56:47.043">
  <scavenger-info tenureage="3" tenuremask="7ff8" tiltratio="85" />
  <memory-copied type="nursery" objects="4221092" bytes="112896352" bytesdiscarded="172920" />
  <memory-copied type="tenure" objects="1061825" bytes="28548392" bytesdiscarded="81720" />
  <ownableSynchronizers candidates="3889" cleared="3556" />
  <references type="soft" candidates="245" cleared="0" enqueued="0" dynamicThreshold="18" maxThreshold="32" />
  <references type="weak" candidates="126" cleared="126" enqueued="0" />
</gc-op>
<gc-end id="4454" type="scavenge" contextid="4450" durationms="103.535" usertimems="789.127" systemtimems="5.972" timestamp="2020-09-11T10:56:47.043" activeThreads="8">
  <mem-info id="4455" free="1285807496" total="2836725760" percent="45">
    <mem type="nursery" free="695170288" total="939524096" percent="73">
      <mem type="allocate" free="695170288" total="808321024" percent="86" />
      <mem type="survivor" free="0" total="131203072" percent="0" />
    </mem>
    <mem type="tenure" free="590637208" total="1897201664" percent="31" macro-fragmented="0">
      <mem type="soa" free="479425712" total="1783368704" percent="26" />
      <mem type="loa" free="111211496" total="113832960" percent="97" />
    </mem>
    <remembered-set count="30022" />
  </mem-info>
</gc-end>
<cycle-end id="4456" type="scavenge" contextid="4450" timestamp="2020-09-11T10:56:47.044" />
<allocation-satisfied id="4457" threadId="000000000089D400" bytesRequested="16" />
<af-end id="4458" timestamp="2020-09-11T10:56:47.044" threadId="000000000089DD80" success="true" from="nursery"/>
<exclusive-end id="4459" timestamp="2020-09-11T10:56:47.044" durationms="105.139" />

<exclusive-start id="4460" timestamp="2020-09-11T10:56:49.086" intervalms="2147.067">
  <response-info timems="0.860" idlems="0.860" threads="0" lastid="0000000000891B00" lastname="Group1.Backend.CompositeBackend{Tier1}.7" />
</exclusive-start>
<af-start id="4461" threadId="0000000000892480" totalBytesRequested="524296" timestamp="2020-09-11T10:56:49.087" intervalms="2147.016" type="nursery" />
<cycle-start id="4462" type="scavenge" contextid="0" timestamp="2020-09-11T10:56:49.087" intervalms="2146.981" />
<gc-start id="4463" type="scavenge" contextid="4462" timestamp="2020-09-11T10:56:49.087">
  <mem-info id="4464" free="590845792" total="2836725760" percent="20">
    <mem type="nursery" free="208584" total="939524096" percent="0">
      <mem type="allocate" free="208584" total="808321024" percent="0" />
      <mem type="survivor" free="0" total="131203072" percent="0" />
    </mem>
    <mem type="tenure" free="590637208" total="1897201664" percent="31">
      <mem type="soa" free="479425712" total="1783368704" percent="26" />
      <mem type="loa" free="111211496" total="113832960" percent="97" />
    </mem>
    <remembered-set count="192744" />
  </mem-info>
</gc-start>
<allocation-stats totalBytes="694646440" >
  <allocated-bytes non-tlh="37619808" tlh="657026632" />
  <largest-consumer threadName="Group1.Backend.CompositeBackend{Tier1}.8" threadId="000000000089D400" bytes="97244712" />
</allocation-stats>
<gc-op id="4465" type="scavenge" timems="108.662" contextid="4462" timestamp="2020-09-11T10:56:49.196">
  <scavenger-info tenureage="3" tenuremask="7ff8" tiltratio="86" />
  <memory-copied type="nursery" objects="4419917" bytes="116689904" bytesdiscarded="144328" />
  <memory-copied type="tenure" objects="1145684" bytes="30833192" bytesdiscarded="98072" />
  <ownableSynchronizers candidates="3386" cleared="3088" />
  <references type="soft" candidates="236" cleared="0" enqueued="0" dynamicThreshold="18" maxThreshold="32" />
  <references type="weak" candidates="123" cleared="123" enqueued="0" />
</gc-op>
<gc-end id="4466" type="scavenge" contextid="4462" durationms="109.563" usertimems="845.767" systemtimems="0.000" timestamp="2020-09-11T10:56:49.196" activeThreads="8">
  <mem-info id="4467" free="1248086376" total="2836725760" percent="43">
    <mem type="nursery" free="688391136" total="939524096" percent="73">
      <mem type="allocate" free="688391136" total="805306368" percent="85" />
      <mem type="survivor" free="0" total="134217728" percent="0" />
    </mem>
    <mem type="tenure" free="559695240" total="1897201664" percent="29" macro-fragmented="0">
      <mem type="soa" free="448483744" total="1783368704" percent="25" />
      <mem type="loa" free="111211496" total="113832960" percent="97" />
    </mem>
    <remembered-set count="32123" />
  </mem-info>
</gc-end>
<cycle-end id="4468" type="scavenge" contextid="4462" timestamp="2020-09-11T10:56:49.197" />
<allocation-satisfied id="4469" threadId="0000000000891B00" bytesRequested="524296" />
<af-end id="4470" timestamp="2020-09-11T10:56:49.197" threadId="0000000000892480" success="true" from="nursery"/>
<exclusive-end id="4471" timestamp="2020-09-11T10:56:49.197" durationms="111.094" />

<exclusive-start id="4472" timestamp="2020-09-11T10:56:51.251" intervalms="2165.145">
  <response-info timems="1.341" idlems="1.341" threads="0" lastid="0000000000854B00" lastname="Group1.Backend.CompositeBackend{Tier1}.4" />
</exclusive-start>
<af-start id="4473" threadId="0000000000855480" totalBytesRequested="16" timestamp="2020-09-11T10:56:51.252" intervalms="2165.257" type="nursery" />
<cycle-start id="4474" type="scavenge" contextid="0" timestamp="2020-09-11T10:56:51.252" intervalms="2165.255" />
<gc-start id="4475" type="scavenge" contextid="4474" timestamp="2020-09-11T10:56:51.252">
  <mem-info id="4476" free="559695240" total="2836725760" percent="19">
    <mem type="nursery" free="0" total="939524096" percent="0">
      <mem type="allocate" free="0" total="805306368" percent="0" />
      <mem type="survivor" free="0" total="134217728" percent="0" />
    </mem>
    <mem type="tenure" free="559695240" total="1897201664" percent="29">
      <mem type="soa" free="448483744" total="1783368704" percent="25" />
      <mem type="loa" free="111211496" total="113832960" percent="97" />
    </mem>
    <remembered-set count="198054" />
  </mem-info>
</gc-start>
<allocation-stats totalBytes="688050776" >
  <allocated-bytes non-tlh="27610872" tlh="660439904" />
  <largest-consumer threadName="Group1.Backend.CompositeBackend{Tier1}.1" threadId="000000000077FE00" bytes="91956416" />
</allocation-stats>
<gc-op id="4477" type="scavenge" timems="105.065" contextid="4474" timestamp="2020-09-11T10:56:51.358">
  <scavenger-info tenureage="3" tenuremask="7ff8" tiltratio="85" />
  <memory-copied type="nursery" objects="4185418" bytes="112149656" bytesdiscarded="156568" />
  <memory-copied type="tenure" objects="1035176" bytes="27836128" bytesdiscarded="93168" />
  <ownableSynchronizers candidates="4754" cleared="4436" />
  <references type="soft" candidates="243" cleared="0" enqueued="0" dynamicThreshold="18" maxThreshold="32" />
  <references type="weak" candidates="102" cleared="102" enqueued="0" />
</gc-op>
<gc-end id="4478" type="scavenge" contextid="4474" durationms="106.289" usertimems="802.607" systemtimems="5.467" timestamp="2020-09-11T10:56:51.359" activeThreads="8">
  <mem-info id="4479" free="1225370600" total="2836725760" percent="43">
    <mem type="nursery" free="693631232" total="939524096" percent="73">
      <mem type="allocate" free="693631232" total="806027264" percent="86" />
      <mem type="survivor" free="0" total="133496832" percent="0" />
    </mem>
    <mem type="tenure" free="531739368" total="1897201664" percent="28" macro-fragmented="0">
      <mem type="soa" free="420527872" total="1783368704" percent="23" />
      <mem type="loa" free="111211496" total="113832960" percent="97" />
    </mem>
    <remembered-set count="32483" />
  </mem-info>
</gc-end>
<cycle-end id="4480" type="scavenge" contextid="4474" timestamp="2020-09-11T10:56:51.359" />
<allocation-satisfied id="4481" threadId="0000000000854B00" bytesRequested="16" />
<af-end id="4482" timestamp="2020-09-11T10:56:51.359" threadId="0000000000855480" success="true" from="nursery"/>
<exclusive-end id="4483" timestamp="2020-09-11T10:56:51.359" durationms="107.981" />

<exclusive-start id="4484" timestamp="2020-09-11T10:56:53.312" intervalms="2061.301">
  <response-info timems="3.699" idlems="3.699" threads="0" lastid="0000000000808C00" lastname="Group1.Backend.CompositeBackend{Tier1}.3" />
</exclusive-start>
<af-start id="4485" threadId="0000000000809580" totalBytesRequested="16" timestamp="2020-09-11T10:56:53.313" intervalms="2061.182" type="nursery" />
<cycle-start id="4486" type="scavenge" contextid="0" timestamp="2020-09-11T10:56:53.313" intervalms="2061.192" />
<gc-start id="4487" type="scavenge" contextid="4486" timestamp="2020-09-11T10:56:53.314">
  <mem-info id="4488" free="531739368" total="2836725760" percent="18">
    <mem type="nursery" free="0" total="939524096" percent="0">
      <mem type="allocate" free="0" total="806027264" percent="0" />
      <mem type="survivor" free="0" total="133496832" percent="0" />
    </mem>
    <mem type="tenure" free="531739368" total="1897201664" percent="28">
      <mem type="soa" free="420527872" total="1783368704" percent="23" />
      <mem type="loa" free="111211496" total="113832960" percent="97" />
    </mem>
    <remembered-set count="193995" />
  </mem-info>
</gc-start>
<allocation-stats totalBytes="693276968" >
  <allocated-bytes non-tlh="33383056" tlh="659893912" />
  <largest-consumer threadName="Group1.Backend.CompositeBackend{Tier1}.8" threadId="000000000089D400" bytes="87981488" />
</allocation-stats>
<gc-op id="4489" type="scavenge" timems="110.033" contextid="4486" timestamp="2020-09-11T10:56:53.424">
  <scavenger-info tenureage="3" tenuremask="7ff8" tiltratio="85" />
  <memory-copied type="nursery" objects="4261700" bytes="114381040" bytesdiscarded="209280" />
  <memory-copied type="tenure" objects="1110351" bytes="29831472" bytesdiscarded="106352" />
  <ownableSynchronizers candidates="3576" cleared="3290" />
  <references type="soft" candidates="253" cleared="0" enqueued="0" dynamicThreshold="18" maxThreshold="32" />
  <references type="weak" candidates="118" cleared="118" enqueued="0" />
</gc-op>
<gc-end id="4490" type="scavenge" contextid="4486" durationms="110.833" usertimems="849.101" systemtimems="0.000" timestamp="2020-09-11T10:56:53.424" activeThreads="8">
  <mem-info id="4491" free="1193773552" total="2836725760" percent="42">
    <mem type="nursery" free="691871184" total="939524096" percent="73">
      <mem type="allocate" free="691871184" total="806551552" percent="85" />
      <mem type="survivor" free="0" total="132972544" percent="0" />
    </mem>
    <mem type="tenure" free="501902368" total="1897201664" percent="26" macro-fragmented="0">
      <mem type="soa" free="390690872" total="1783368704" percent="21" />
      <mem type="loa" free="111211496" total="113832960" percent="97" />
    </mem>
    <remembered-set count="30121" />
  </mem-info>
</gc-end>
<cycle-end id="4492" type="scavenge" contextid="4486" timestamp="2020-09-11T10:56:53.425" />
<allocation-satisfied id="4493" threadId="0000000000808C00" bytesRequested="16" />
<af-end id="4494" timestamp="2020-09-11T10:56:53.425" threadId="0000000000809580" success="true" from="nursery"/>
<exclusive-end id="4495" timestamp="2020-09-11T10:56:53.425" durationms="112.287" />

<exclusive-start id="4496" timestamp="2020-09-11T10:56:55.413" intervalms="2100.983">
  <response-info timems="2.212" idlems="2.212" threads="0" lastid="000000000077F200" lastname="Group1.Backend.CompositeBackend{Tier1}.2" />
</exclusive-start>
<af-start id="4497" threadId="000000000077FB80" totalBytesRequested="96" timestamp="2020-09-11T10:56:55.414" intervalms="2101.282" type="nursery" />
<cycle-start id="4498" type="scavenge" contextid="0" timestamp="2020-09-11T10:56:55.415" intervalms="2101.321" />
<gc-start id="4499" type="scavenge" contextid="4498" timestamp="2020-09-11T10:56:55.415">
  <mem-info id="4500" free="501902368" total="2836725760" percent="17">
    <mem type="nursery" free="0" total="939524096" percent="0">
      <mem type="allocate" free="0" total="806551552" percent="0" />
      <mem type="survivor" free="0" total="132972544" percent="0" />
    </mem>
    <mem type="tenure" free="501902368" total="1897201664" percent="26">
      <mem type="soa" free="390690872" total="1783368704" percent="21" />
      <mem type="loa" free="111211496" total="113832960" percent="97" />
    </mem>
    <remembered-set count="193822" />
  </mem-info>
</gc-start>
<allocation-stats totalBytes="691535816" >
  <allocated-bytes non-tlh="31495920" tlh="660039896" />
  <largest-consumer threadName="Group1.Backend.CompositeBackend{Tier1}.1" threadId="000000000077FE00" bytes="88755984" />
</allocation-stats>
<gc-op id="4501" type="scavenge" timems="114.310" contextid="4498" timestamp="2020-09-11T10:56:55.529">
  <scavenger-info tenureage="3" tenuremask="7ff8" tiltratio="85" />
  <memory-copied type="nursery" objects="4284407" bytes="114354336" bytesdiscarded="181728" />
  <memory-copied type="tenure" objects="1076230" bytes="28896800" bytesdiscarded="97520" />
  <ownableSynchronizers candidates="4536" cleared="4231" />
  <references type="soft" candidates="268" cleared="0" enqueued="0" dynamicThreshold="18" maxThreshold="32" />
  <references type="weak" candidates="94" cleared="93" enqueued="0" />
</gc-op>
<gc-end id="4502" type="scavenge" contextid="4498" durationms="115.376" usertimems="876.410" systemtimems="0.000" timestamp="2020-09-11T10:56:55.530" activeThreads="8">
  <mem-info id="4503" free="1165801312" total="2836725760" percent="41">
    <mem type="nursery" free="692907864" total="939524096" percent="73">
      <mem type="allocate" free="692907864" total="807534592" percent="85" />
      <mem type="survivor" free="0" total="131989504" percent="0" />
    </mem>
    <mem type="tenure" free="472893448" total="1897201664" percent="24" macro-fragmented="0">
      <mem type="soa" free="361681952" total="1783368704" percent="20" />
      <mem type="loa" free="111211496" total="113832960" percent="97" />
    </mem>
    <remembered-set count="28562" />
  </mem-info>
</gc-end>
<cycle-end id="4504" type="scavenge" contextid="4498" timestamp="2020-09-11T10:56:55.531" />
<allocation-satisfied id="4505" threadId="000000000077F200" bytesRequested="96" />
<af-end id="4506" timestamp="2020-09-11T10:56:55.531" threadId="000000000077FB80" success="true" from="nursery"/>
<exclusive-end id="4507" timestamp="2020-09-11T10:56:55.531" durationms="117.362" />

<exclusive-start id="4508" timestamp="2020-09-11T10:56:57.466" intervalms="2052.434">
  <response-info timems="6.396" idlems="6.396" threads="0" lastid="0000000000854B00" lastname="Group1.Backend.CompositeBackend{Tier1}.4" />
</exclusive-start>
<af-start id="4509" threadId="0000000000855480" totalBytesRequested="24" timestamp="2020-09-11T10:56:57.467" intervalms="2052.553" type="nursery" />
<cycle-start id="4510" type="scavenge" contextid="0" timestamp="2020-09-11T10:56:57.467" intervalms="2052.604" />
<gc-start id="4511" type="scavenge" contextid="4510" timestamp="2020-09-11T10:56:57.468">
  <mem-info id="4512" free="472893448" total="2836725760" percent="16">
    <mem type="nursery" free="0" total="939524096" percent="0">
      <mem type="allocate" free="0" total="807534592" percent="0" />
      <mem type="survivor" free="0" total="131989504" percent="0" />
    </mem>
    <mem type="tenure" free="472893448" total="1897201664" percent="24">
      <mem type="soa" free="361681952" total="1783368704" percent="20" />
      <mem type="loa" free="111211496" total="113832960" percent="97" />
    </mem>
    <remembered-set count="189705" />
  </mem-info>
</gc-start>
<allocation-stats totalBytes="692581392" >
  <allocated-bytes non-tlh="37927512" tlh="654653880" />
  <largest-consumer threadName="Group1.Backend.CompositeBackend{Tier1}.2" threadId="000000000077F200" bytes="98339056" />
</allocation-stats>
<gc-op id="4513" type="scavenge" timems="153.488" contextid="4510" timestamp="2020-09-11T10:56:57.621">
  <scavenger-info tenureage="3" tenuremask="7ff8" tiltratio="85" />
  <memory-copied type="nursery" objects="4068790" bytes="109081568" bytesdiscarded="204456" />
  <memory-copied type="tenure" objects="1125926" bytes="30272408" bytesdiscarded="102184" />
  <ownableSynchronizers candidates="4438" cleared="4102" />
  <references type="soft" candidates="266" cleared="0" enqueued="0" dynamicThreshold="18" maxThreshold="32" />
  <references type="weak" candidates="137" cleared="137" enqueued="0" />
</gc-op>
<gc-end id="4514" type="scavenge" contextid="4510" durationms="154.567" usertimems="1065.280" systemtimems="21.407" timestamp="2020-09-11T10:56:57.622" activeThreads="8">
  <mem-info id="4515" free="1141476408" total="2836725760" percent="40">
    <mem type="nursery" free="698957128" total="939524096" percent="74">
      <mem type="allocate" free="698957128" total="808321024" percent="86" />
      <mem type="survivor" free="0" total="131203072" percent="0" />
    </mem>
    <mem type="tenure" free="442519280" total="1897201664" percent="23" macro-fragmented="0">
      <mem type="soa" free="331307784" total="1783368704" percent="18" />
      <mem type="loa" free="111211496" total="113832960" percent="97" />
    </mem>
    <remembered-set count="29313" />
  </mem-info>
</gc-end>
<cycle-end id="4516" type="scavenge" contextid="4510" timestamp="2020-09-11T10:56:57.623" />
<allocation-satisfied id="4517" threadId="0000000000854B00" bytesRequested="24" />
<af-end id="4518" timestamp="2020-09-11T10:56:57.623" threadId="0000000000855480" success="true" from="nursery"/>
<exclusive-end id="4519" timestamp="2020-09-11T10:56:57.623" durationms="156.685" />

<exclusive-start id="4520" timestamp="2020-09-11T10:56:59.565" intervalms="2098.966">
  <response-info timems="0.651" idlems="0.357" threads="2" lastid="0000000000AA3900" lastname="Group1.Backend.CompositeBackend{Tier3}.4" />
</exclusive-start>
<af-start id="4521" threadId="0000000000A91680" totalBytesRequested="16" timestamp="2020-09-11T10:56:59.565" intervalms="2098.577" type="nursery" />
<cycle-start id="4522" type="scavenge" contextid="0" timestamp="2020-09-11T10:56:59.566" intervalms="2098.484" />
<gc-start id="4523" type="scavenge" contextid="4522" timestamp="2020-09-11T10:56:59.566">
  <mem-info id="4524" free="442519280" total="2836725760" percent="15">
    <mem type="nursery" free="0" total="939524096" percent="0">
      <mem type="allocate" free="0" total="808321024" percent="0" />
      <mem type="survivor" free="0" total="131203072" percent="0" />
    </mem>
    <mem type="tenure" free="442519280" total="1897201664" percent="23">
      <mem type="soa" free="331307784" total="1783368704" percent="18" />
      <mem type="loa" free="111211496" total="113832960" percent="97" />
    </mem>
    <remembered-set count="194287" />
  </mem-info>
</gc-start>
<allocation-stats totalBytes="698608800" >
  <allocated-bytes non-tlh="32580816" tlh="666027984" />
  <largest-consumer threadName="Group1.Backend.CompositeBackend{Tier1}.1" threadId="000000000077FE00" bytes="126430536" />
</allocation-stats>
<gc-op id="4525" type="scavenge" timems="107.335" contextid="4522" timestamp="2020-09-11T10:56:59.673">
  <scavenger-info tenureage="3" tenuremask="7ff8" tiltratio="86" />
  <memory-copied type="nursery" objects="4415916" bytes="117493192" bytesdiscarded="253160" />
  <memory-copied type="tenure" objects="1081888" bytes="29234456" bytesdiscarded="126992" />
  <ownableSynchronizers candidates="4302" cleared="3968" />
  <references type="soft" candidates="295" cleared="0" enqueued="0" dynamicThreshold="18" maxThreshold="32" />
  <references type="weak" candidates="122" cleared="122" enqueued="0" />
</gc-op>
<gc-end id="4526" type="scavenge" contextid="4522" durationms="108.114" usertimems="774.295" systemtimems="0.000" timestamp="2020-09-11T10:56:59.674" activeThreads="8">
  <mem-info id="4527" free="1095750696" total="2836725760" percent="38">
    <mem type="nursery" free="682627048" total="939524096" percent="72">
      <mem type="allocate" free="682627048" total="800456704" percent="85" />
      <mem type="survivor" free="0" total="139067392" percent="0" />
    </mem>
    <mem type="tenure" free="413123648" total="1897201664" percent="21" macro-fragmented="0">
      <mem type="soa" free="301912152" total="1783368704" percent="16" />
      <mem type="loa" free="111211496" total="113832960" percent="97" />
    </mem>
    <remembered-set count="32295" />
  </mem-info>
</gc-end>
<cycle-end id="4528" type="scavenge" contextid="4522" timestamp="2020-09-11T10:56:59.674" />
<allocation-satisfied id="4529" threadId="0000000000A90D00" bytesRequested="16" />
<af-end id="4530" timestamp="2020-09-11T10:56:59.674" threadId="0000000000A91680" success="true" from="nursery"/>
<exclusive-end id="4531" timestamp="2020-09-11T10:56:59.674" durationms="109.619" />

<exclusive-start id="4532" timestamp="2020-09-11T10:57:01.677" intervalms="2111.765">
  <response-info timems="4.360" idlems="4.360" threads="0" lastid="000000000088A300" lastname="Group1.Backend.CompositeBackend{Tier1}.6" />
</exclusive-start>
<af-start id="4533" threadId="000000000088AC80" totalBytesRequested="16" timestamp="2020-09-11T10:57:01.678" intervalms="2112.062" type="nursery" />
<cycle-start id="4534" type="scavenge" contextid="0" timestamp="2020-09-11T10:57:01.678" intervalms="2112.078" />
<gc-start id="4535" type="scavenge" contextid="4534" timestamp="2020-09-11T10:57:01.678">
  <mem-info id="4536" free="413123648" total="2836725760" percent="14">
    <mem type="nursery" free="0" total="939524096" percent="0">
      <mem type="allocate" free="0" total="800456704" percent="0" />
      <mem type="survivor" free="0" total="139067392" percent="0" />
    </mem>
    <mem type="tenure" free="413123648" total="1897201664" percent="21">
      <mem type="soa" free="301912152" total="1783368704" percent="16" />
      <mem type="loa" free="111211496" total="113832960" percent="97" />
    </mem>
    <remembered-set count="194794" />
  </mem-info>
</gc-start>
<allocation-stats totalBytes="682312584" >
  <allocated-bytes non-tlh="31163584" tlh="651149000" />
  <largest-consumer threadName="Group1.Backend.CompositeBackend{Tier1}.4" threadId="0000000000854B00" bytes="88646472" />
</allocation-stats>
<gc-op id="4537" type="scavenge" timems="103.861" contextid="4534" timestamp="2020-09-11T10:57:01.782">
  <scavenger-info tenureage="3" tenuremask="7ff8" tiltratio="85" />
  <memory-copied type="nursery" objects="4213385" bytes="112181648" bytesdiscarded="173432" />
  <memory-copied type="tenure" objects="1111244" bytes="29862832" bytesdiscarded="109208" />
  <ownableSynchronizers candidates="3845" cleared="3497" />
  <references type="soft" candidates="287" cleared="0" enqueued="0" dynamicThreshold="18" maxThreshold="32" />
  <references type="weak" candidates="117" cleared="117" enqueued="0" />
</gc-op>
<gc-end id="4538" type="scavenge" contextid="4534" durationms="104.773" usertimems="807.214" systemtimems="0.000" timestamp="2020-09-11T10:57:01.783" activeThreads="8">
  <mem-info id="4539" free="1072693208" total="2836725760" percent="37">
    <mem type="nursery" free="689524472" total="939524096" percent="73">
      <mem type="allocate" free="689524472" total="801964032" percent="85" />
      <mem type="survivor" free="0" total="137560064" percent="0" />
    </mem>
    <mem type="tenure" free="383168736" total="1897201664" percent="20" macro-fragmented="0">
      <mem type="soa" free="271957240" total="1783368704" percent="15" />
      <mem type="loa" free="111211496" total="113832960" percent="97" />
    </mem>
    <remembered-set count="30955" />
  </mem-info>
</gc-end>
<cycle-end id="4540" type="scavenge" contextid="4534" timestamp="2020-09-11T10:57:01.783" />
<allocation-satisfied id="4541" threadId="000000000088A300" bytesRequested="16" />
<af-end id="4542" timestamp="2020-09-11T10:57:01.783" threadId="000000000088AC80" success="true" from="nursery"/>
<exclusive-end id="4543" timestamp="2020-09-11T10:57:01.783" durationms="106.886" />

<exclusive-start id="4544" timestamp="2020-09-11T10:57:03.769" intervalms="2092.665">
  <response-info timems="0.308" idlems="0.308" threads="0" lastid="0000000000891B00" lastname="Group1.Backend.CompositeBackend{Tier1}.7" />
</exclusive-start>
<af-start id="4545" threadId="0000000000892480" totalBytesRequested="168" timestamp="2020-09-11T10:57:03.770" intervalms="2092.313" type="nursery" />
<cycle-start id="4546" type="scavenge" contextid="0" timestamp="2020-09-11T10:57:03.770" intervalms="2092.293" />
<gc-start id="4547" type="scavenge" contextid="4546" timestamp="2020-09-11T10:57:03.770">
  <mem-info id="4548" free="383168736" total="2836725760" percent="13">
    <mem type="nursery" free="0" total="939524096" percent="0">
      <mem type="allocate" free="0" total="801964032" percent="0" />
      <mem type="survivor" free="0" total="137560064" percent="0" />
    </mem>
    <mem type="tenure" free="383168736" total="1897201664" percent="20">
      <mem type="soa" free="271957240" total="1783368704" percent="15" />
      <mem type="loa" free="111211496" total="113832960" percent="97" />
    </mem>
    <remembered-set count="193608" />
  </mem-info>
</gc-start>
<allocation-stats totalBytes="689169744" >
  <allocated-bytes non-tlh="31940184" tlh="657229560" />
  <largest-consumer threadName="Group1.Backend.CompositeBackend{Tier1}.4" threadId="0000000000854B00" bytes="98787152" />
</allocation-stats>
<gc-op id="4549" type="scavenge" timems="108.891" contextid="4546" timestamp="2020-09-11T10:57:03.879">
  <scavenger-info tenureage="3" tenuremask="7ff8" tiltratio="85" />
  <memory-copied type="nursery" objects="4211185" bytes="112830960" bytesdiscarded="447704" />
  <memory-copied type="tenure" objects="1051618" bytes="28262296" bytesdiscarded="116088" />
  <ownableSynchronizers candidates="3834" cleared="3493" />
  <references type="soft" candidates="265" cleared="0" enqueued="0" dynamicThreshold="18" maxThreshold="32" />
  <references type="weak" candidates="123" cleared="123" enqueued="0" />
</gc-op>
<gc-end id="4550" type="scavenge" contextid="4546" durationms="109.783" usertimems="825.053" systemtimems="0.000" timestamp="2020-09-11T10:57:03.880" activeThreads="8">
  <mem-info id="4551" free="1045320128" total="2836725760" percent="36">
    <mem type="nursery" free="690628592" total="939524096" percent="73">
      <mem type="allocate" free="690628592" total="803995648" percent="85" />
      <mem type="survivor" free="0" total="135528448" percent="0" />
    </mem>
    <mem type="tenure" free="354691536" total="1897201664" percent="18" macro-fragmented="0">
      <mem type="soa" free="243480040" total="1783368704" percent="13" />
      <mem type="loa" free="111211496" total="113832960" percent="97" />
    </mem>
    <remembered-set count="29720" />
  </mem-info>
</gc-end>
<cycle-end id="4552" type="scavenge" contextid="4546" timestamp="2020-09-11T10:57:03.881" />
<allocation-satisfied id="4553" threadId="0000000000891B00" bytesRequested="168" />
<af-end id="4554" timestamp="2020-09-11T10:57:03.881" threadId="0000000000892480" success="true" from="nursery"/>
<exclusive-end id="4555" timestamp="2020-09-11T10:57:03.881" durationms="111.547" />

<exclusive-start id="4556" timestamp="2020-09-11T10:57:05.912" intervalms="2143.128">
  <response-info timems="0.310" idlems="0.226" threads="1" lastid="0000000000854B00" lastname="Group1.Backend.CompositeBackend{Tier1}.4" />
</exclusive-start>
<af-start id="4557" threadId="0000000000855F80" totalBytesRequested="32" timestamp="2020-09-11T10:57:05.913" intervalms="2143.173" type="nursery" />
<cycle-start id="4558" type="scavenge" contextid="0" timestamp="2020-09-11T10:57:05.913" intervalms="2143.183" />
<gc-start id="4559" type="scavenge" contextid="4558" timestamp="2020-09-11T10:57:05.913">
  <mem-info id="4560" free="354691536" total="2836725760" percent="12">
    <mem type="nursery" free="0" total="939524096" percent="0">
      <mem type="allocate" free="0" total="803995648" percent="0" />
      <mem type="survivor" free="0" total="135528448" percent="0" />
    </mem>
    <mem type="tenure" free="354691536" total="1897201664" percent="18">
      <mem type="soa" free="243480040" total="1783368704" percent="13" />
      <mem type="loa" free="111211496" total="113832960" percent="97" />
    </mem>
    <remembered-set count="194649" />
  </mem-info>
</gc-start>
<allocation-stats totalBytes="690302368" >
  <allocated-bytes non-tlh="27350368" tlh="662952000" />
  <largest-consumer threadName="Group1.Backend.CompositeBackend{Tier1}.4" threadId="0000000000854B00" bytes="97844992" />
</allocation-stats>
<gc-op id="4561" type="scavenge" timems="104.916" contextid="4558" timestamp="2020-09-11T10:57:06.018">
  <scavenger-info tenureage="3" tenuremask="7ff8" tiltratio="85" />
  <memory-copied type="nursery" objects="4267397" bytes="113775920" bytesdiscarded="116736" />
  <memory-copied type="tenure" objects="1094551" bytes="29404384" bytesdiscarded="107040" />
  <ownableSynchronizers candidates="2924" cleared="2621" />
  <references type="soft" candidates="232" cleared="0" enqueued="0" dynamicThreshold="18" maxThreshold="32" />
  <references type="weak" candidates="99" cleared="98" enqueued="0" />
</gc-op>
<gc-end id="4562" type="scavenge" contextid="4558" durationms="106.009" usertimems="801.770" systemtimems="0.000" timestamp="2020-09-11T10:57:06.019" activeThreads="8">
  <mem-info id="4563" free="1016674352" total="2836725760" percent="35">
    <mem type="nursery" free="691455224" total="939524096" percent="73">
      <mem type="allocate" free="691455224" total="805437440" percent="85" />
      <mem type="survivor" free="0" total="134086656" percent="0" />
    </mem>
    <mem type="tenure" free="325219128" total="1897201664" percent="17" macro-fragmented="0">
      <mem type="soa" free="214007632" total="1783368704" percent="12" />
      <mem type="loa" free="111211496" total="113832960" percent="97" />
    </mem>
    <remembered-set count="27714" />
  </mem-info>
</gc-end>
<cycle-end id="4564" type="scavenge" contextid="4558" timestamp="2020-09-11T10:57:06.020" />
<allocation-satisfied id="4565" threadId="0000000000855600" bytesRequested="32" />
<af-end id="4566" timestamp="2020-09-11T10:57:06.020" threadId="0000000000855F80" success="true" from="nursery"/>
<exclusive-end id="4567" timestamp="2020-09-11T10:57:06.020" durationms="107.532" />

<exclusive-start id="4568" timestamp="2020-09-11T10:57:07.934" intervalms="2021.516">
  <response-info timems="0.478" idlems="0.478" threads="0" lastid="000000000088A300" lastname="Group1.Backend.CompositeBackend{Tier1}.6" />
</exclusive-start>
<af-start id="4569" threadId="000000000088AC80" totalBytesRequested="664" timestamp="2020-09-11T10:57:07.935" intervalms="2021.562" type="nursery" />
<cycle-start id="4570" type="scavenge" contextid="0" timestamp="2020-09-11T10:57:07.935" intervalms="2021.573" />
<gc-start id="4571" type="scavenge" contextid="4570" timestamp="2020-09-11T10:57:07.935">
  <mem-info id="4572" free="325219128" total="2836725760" percent="11">
    <mem type="nursery" free="0" total="939524096" percent="0">
      <mem type="allocate" free="0" total="805437440" percent="0" />
      <mem type="survivor" free="0" total="134086656" percent="0" />
    </mem>
    <mem type="tenure" free="325219128" total="1897201664" percent="17">
      <mem type="soa" free="214007632" total="1783368704" percent="12" />
      <mem type="loa" free="111211496" total="113832960" percent="97" />
    </mem>
    <remembered-set count="185883" />
  </mem-info>
</gc-start>
<allocation-stats totalBytes="691138912" >
  <allocated-bytes non-tlh="41963504" tlh="649175408" />
  <largest-consumer threadName="Group1.Backend.CompositeBackend{Tier1}.8" threadId="000000000089D400" bytes="93136920" />
</allocation-stats>
<gc-op id="4573" type="scavenge" timems="97.281" contextid="4570" timestamp="2020-09-11T10:57:08.032">
  <scavenger-info tenureage="3" tenuremask="7ff8" tiltratio="85" />
  <memory-copied type="nursery" objects="4071183" bytes="109253040" bytesdiscarded="223272" />
  <memory-copied type="tenure" objects="1082775" bytes="29131544" bytesdiscarded="127440" />
  <ownableSynchronizers candidates="4494" cleared="4177" />
  <references type="soft" candidates="268" cleared="0" enqueued="0" dynamicThreshold="18" maxThreshold="32" />
  <references type="weak" candidates="136" cleared="136" enqueued="0" />
</gc-op>
<gc-end id="4574" type="scavenge" contextid="4570" durationms="98.407" usertimems="692.192" systemtimems="0.000" timestamp="2020-09-11T10:57:08.033" activeThreads="8">
  <mem-info id="4575" free="993173328" total="2836725760" percent="35">
    <mem type="nursery" free="697196800" total="939524096" percent="74">
      <mem type="allocate" free="697196800" total="806748160" percent="86" />
      <mem type="survivor" free="0" total="132775936" percent="0" />
    </mem>
    <mem type="tenure" free="295976528" total="1897201664" percent="15" macro-fragmented="0">
      <mem type="soa" free="184765032" total="1783368704" percent="10" />
      <mem type="loa" free="111211496" total="113832960" percent="97" />
    </mem>
    <remembered-set count="28267" />
  </mem-info>
</gc-end>
<cycle-end id="4576" type="scavenge" contextid="4570" timestamp="2020-09-11T10:57:08.034" />
<allocation-satisfied id="4577" threadId="000000000088A300" bytesRequested="664" />
<af-end id="4578" timestamp="2020-09-11T10:57:08.034" threadId="000000000088AC80" success="true" from="nursery"/>
<exclusive-end id="4579" timestamp="2020-09-11T10:57:08.034" durationms="100.053" />

<exclusive-start id="4580" timestamp="2020-09-11T10:57:10.076" intervalms="2142.581">
  <response-info timems="0.453" idlems="0.453" threads="0" lastid="0000000000808C00" lastname="Group1.Backend.CompositeBackend{Tier1}.3" />
</exclusive-start>
<af-start id="4581" threadId="0000000000809580" totalBytesRequested="32" timestamp="2020-09-11T10:57:10.077" intervalms="2142.620" type="nursery" />
<cycle-start id="4582" type="scavenge" contextid="0" timestamp="2020-09-11T10:57:10.077" intervalms="2142.619" />
<gc-start id="4583" type="scavenge" contextid="4582" timestamp="2020-09-11T10:57:10.078">
  <mem-info id="4584" free="295976528" total="2836725760" percent="10">
    <mem type="nursery" free="0" total="939524096" percent="0">
      <mem type="allocate" free="0" total="806748160" percent="0" />
      <mem type="survivor" free="0" total="132775936" percent="0" />
    </mem>
    <mem type="tenure" free="295976528" total="1897201664" percent="15">
      <mem type="soa" free="184765032" total="1783368704" percent="10" />
      <mem type="loa" free="111211496" total="113832960" percent="97" />
    </mem>
    <remembered-set count="194933" />
  </mem-info>
</gc-start>
<allocation-stats totalBytes="696846576" >
  <allocated-bytes non-tlh="28529216" tlh="668317360" />
  <largest-consumer threadName="Group1.Backend.CompositeBackend{Tier1}.8" threadId="000000000089D400" bytes="94538168" />
</allocation-stats>
<gc-op id="4585" type="scavenge" timems="107.560" contextid="4582" timestamp="2020-09-11T10:57:10.185">
  <scavenger-info tenureage="3" tenuremask="7ff8" tiltratio="85" />
  <memory-copied type="nursery" objects="4213510" bytes="112632208" bytesdiscarded="134520" />
  <memory-copied type="tenure" objects="1101333" bytes="29614976" bytesdiscarded="145032" />
  <ownableSynchronizers candidates="4774" cleared="4437" />
  <references type="soft" candidates="286" cleared="0" enqueued="0" dynamicThreshold="18" maxThreshold="32" />
  <references type="weak" candidates="113" cleared="113" enqueued="0" />
</gc-op>
<gc-end id="4586" type="scavenge" contextid="4582" durationms="108.474" usertimems="792.253" systemtimems="0.000" timestamp="2020-09-11T10:57:10.186" activeThreads="8">
  <mem-info id="4587" free="960711840" total="2836725760" percent="33">
    <mem type="nursery" free="694485472" total="939524096" percent="73">
      <mem type="allocate" free="694485472" total="807337984" percent="86" />
      <mem type="survivor" free="0" total="132186112" percent="0" />
    </mem>
    <mem type="tenure" free="266226368" total="1897201664" percent="14" macro-fragmented="0">
      <mem type="soa" free="155014872" total="1783368704" percent="8" />
      <mem type="loa" free="111211496" total="113832960" percent="97" />
    </mem>
    <remembered-set count="30193" />
  </mem-info>
</gc-end>
<cycle-end id="4588" type="scavenge" contextid="4582" timestamp="2020-09-11T10:57:10.187" />
<allocation-satisfied id="4589" threadId="0000000000808C00" bytesRequested="32" />
<af-end id="4590" timestamp="2020-09-11T10:57:10.187" threadId="0000000000809580" success="true" from="nursery"/>
<exclusive-end id="4591" timestamp="2020-09-11T10:57:10.187" durationms="110.159" />

<exclusive-start id="4592" timestamp="2020-09-11T10:57:12.185" intervalms="2108.761">
  <response-info timems="10.627" idlems="10.627" threads="0" lastid="0000000000854B00" lastname="Group1.Backend.CompositeBackend{Tier1}.4" />
</exclusive-start>
<af-start id="4593" threadId="0000000000855480" totalBytesRequested="16" timestamp="2020-09-11T10:57:12.186" intervalms="2108.790" type="nursery" />
<cycle-start id="4594" type="scavenge" contextid="0" timestamp="2020-09-11T10:57:12.186" intervalms="2108.797" />
<gc-start id="4595" type="scavenge" contextid="4594" timestamp="2020-09-11T10:57:12.187">
  <mem-info id="4596" free="266226368" total="2836725760" percent="9">
    <mem type="nursery" free="0" total="939524096" percent="0">
      <mem type="allocate" free="0" total="807337984" percent="0" />
      <mem type="survivor" free="0" total="132186112" percent="0" />
    </mem>
    <mem type="tenure" free="266226368" total="1897201664" percent="14">
      <mem type="soa" free="155014872" total="1783368704" percent="8" />
      <mem type="loa" free="111211496" total="113832960" percent="97" />
    </mem>
    <remembered-set count="193547" />
  </mem-info>
</gc-start>
<allocation-stats totalBytes="694155952" >
  <allocated-bytes non-tlh="34733016" tlh="659422936" />
  <largest-consumer threadName="Group1.Backend.CompositeBackend{Tier1}.3" threadId="0000000000808C00" bytes="98277136" />
</allocation-stats>
<gc-op id="4597" type="scavenge" timems="164.242" contextid="4594" timestamp="2020-09-11T10:57:12.351">
  <scavenger-info tenureage="3" tenuremask="7ff8" tiltratio="85" />
  <memory-copied type="nursery" objects="4503582" bytes="118804448" bytesdiscarded="186928" />
  <memory-copied type="tenure" objects="1125963" bytes="30301968" bytesdiscarded="142392" />
  <ownableSynchronizers candidates="4154" cleared="3824" />
  <references type="soft" candidates="280" cleared="0" enqueued="0" dynamicThreshold="18" maxThreshold="32" />
  <references type="weak" candidates="108" cleared="108" enqueued="0" />
</gc-op>
<gc-end id="4598" type="scavenge" contextid="4594" durationms="165.306" usertimems="1169.479" systemtimems="28.153" timestamp="2020-09-11T10:57:12.352" activeThreads="8">
  <mem-info id="4599" free="917736912" total="2836725760" percent="32">
    <mem type="nursery" free="681970216" total="939524096" percent="72">
      <mem type="allocate" free="681970216" total="801046528" percent="85" />
      <mem type="survivor" free="0" total="138477568" percent="0" />
    </mem>
    <mem type="tenure" free="235766696" total="1897201664" percent="12" macro-fragmented="0">
      <mem type="soa" free="124555200" total="1783368704" percent="6" />
      <mem type="loa" free="111211496" total="113832960" percent="97" />
    </mem>
    <remembered-set count="32765" />
  </mem-info>
</gc-end>
<cycle-end id="4600" type="scavenge" contextid="4594" timestamp="2020-09-11T10:57:12.352" />
<allocation-satisfied id="4601" threadId="0000000000854B00" bytesRequested="16" />
<af-end id="4602" timestamp="2020-09-11T10:57:12.352" threadId="0000000000855480" success="true" from="nursery"/>
<exclusive-end id="4603" timestamp="2020-09-11T10:57:12.352" durationms="166.925" />

<exclusive-start id="4604" timestamp="2020-09-11T10:57:14.255" intervalms="2069.991">
  <response-info timems="0.382" idlems="0.382" threads="0" lastid="0000000000855600" lastname="Group1.Backend.CompositeBackend{Tier1}.5" />
</exclusive-start>
<af-start id="4605" threadId="0000000000855F80" totalBytesRequested="524296" timestamp="2020-09-11T10:57:14.256" intervalms="2069.886" type="nursery" />
<cycle-start id="4606" type="scavenge" contextid="0" timestamp="2020-09-11T10:57:14.256" intervalms="2069.865" />
<gc-start id="4607" type="scavenge" contextid="4606" timestamp="2020-09-11T10:57:14.256">
  <mem-info id="4608" free="236016232" total="2836725760" percent="8">
    <mem type="nursery" free="249536" total="939524096" percent="0">
      <mem type="allocate" free="249536" total="801046528" percent="0" />
      <mem type="survivor" free="0" total="138477568" percent="0" />
    </mem>
    <mem type="tenure" free="235766696" total="1897201664" percent="12">
      <mem type="soa" free="124555200" total="1783368704" percent="6" />
      <mem type="loa" free="111211496" total="113832960" percent="97" />
    </mem>
    <remembered-set count="197909" />
  </mem-info>
</gc-start>
<allocation-stats totalBytes="681391464" >
  <allocated-bytes non-tlh="27955832" tlh="653435632" />
  <largest-consumer threadName="Group1.Backend.CompositeBackend{Tier1}.2" threadId="000000000077F200" bytes="108391864" />
</allocation-stats>
<gc-op id="4609" type="scavenge" timems="104.677" contextid="4606" timestamp="2020-09-11T10:57:14.361">
  <scavenger-info tenureage="3" tenuremask="7ff8" tiltratio="85" />
  <memory-copied type="nursery" objects="4344886" bytes="115454912" bytesdiscarded="128440" />
  <memory-copied type="tenure" objects="1015819" bytes="27294816" bytesdiscarded="134936" />
  <ownableSynchronizers candidates="4179" cleared="3828" />
  <references type="soft" candidates="244" cleared="0" enqueued="0" dynamicThreshold="18" maxThreshold="32" />
  <references type="weak" candidates="108" cleared="108" enqueued="0" />
</gc-op>
<gc-end id="4610" type="scavenge" contextid="4606" durationms="105.521" usertimems="758.634" systemtimems="0.000" timestamp="2020-09-11T10:57:14.362" activeThreads="8">
  <mem-info id="4611" free="894874112" total="2836725760" percent="31">
    <mem type="nursery" free="686489592" total="939524096" percent="73">
      <mem type="allocate" free="686489592" total="802160640" percent="85" />
      <mem type="survivor" free="0" total="137363456" percent="0" />
    </mem>
    <mem type="tenure" free="208384520" total="1897201664" percent="10" macro-fragmented="0">
      <mem type="soa" free="97173024" total="1783368704" percent="5" />
      <mem type="loa" free="111211496" total="113832960" percent="97" />
    </mem>
    <remembered-set count="33272" />
  </mem-info>
</gc-end>
<cycle-end id="4612" type="scavenge" contextid="4606" timestamp="2020-09-11T10:57:14.362" />
<allocation-satisfied id="4613" threadId="0000000000855600" bytesRequested="524296" />
<af-end id="4614" timestamp="2020-09-11T10:57:14.362" threadId="0000000000855F80" success="true" from="nursery"/>
<exclusive-end id="4615" timestamp="2020-09-11T10:57:14.362" durationms="107.075" />

<exclusive-start id="4616" timestamp="2020-09-11T10:57:16.277" intervalms="2021.442">
  <response-info timems="0.480" idlems="0.480" threads="0" lastid="0000000000891B00" lastname="Group1.Backend.CompositeBackend{Tier1}.7" />
</exclusive-start>
<af-start id="4617" threadId="0000000000892480" totalBytesRequested="16" timestamp="2020-09-11T10:57:16.277" intervalms="2021.389" type="nursery" />
<cycle-start id="4618" type="scavenge" contextid="0" timestamp="2020-09-11T10:57:16.277" intervalms="2021.400" />
<gc-start id="4619" type="scavenge" contextid="4618" timestamp="2020-09-11T10:57:16.278">
  <mem-info id="4620" free="208384520" total="2836725760" percent="7">
    <mem type="nursery" free="0" total="939524096" percent="0">
      <mem type="allocate" free="0" total="802160640" percent="0" />
      <mem type="survivor" free="0" total="137363456" percent="0" />
    </mem>
    <mem type="tenure" free="208384520" total="1897201664" percent="10">
      <mem type="soa" free="97173024" total="1783368704" percent="5" />
      <mem type="loa" free="111211496" total="113832960" percent="97" />
    </mem>
    <remembered-set count="191144" />
  </mem-info>
</gc-start>
<allocation-stats totalBytes="686174392" >
  <allocated-bytes non-tlh="39864720" tlh="646309672" />
  <largest-consumer threadName="Group1.Backend.CompositeBackend{Tier1}.5" threadId="0000000000855600" bytes="119852360" />
</allocation-stats>
<gc-op id="4621" type="scavenge" timems="107.823" contextid="4618" timestamp="2020-09-11T10:57:16.386">
  <scavenger-info tenureage="3" tenuremask="7ff8" tiltratio="85" />
  <memory-copied type="nursery" objects="4416758" bytes="116733744" bytesdiscarded="140760" />
  <memory-copied type="tenure" objects="1145287" bytes="30772808" bytesdiscarded="142592" />
  <ownableSynchronizers candidates="4426" cleared="4098" />
  <references type="soft" candidates="230" cleared="0" enqueued="0" dynamicThreshold="18" maxThreshold="32" />
  <references type="weak" candidates="127" cleared="127" enqueued="0" />
</gc-op>
<gc-end id="4622" type="scavenge" contextid="4618" durationms="108.895" usertimems="840.398" systemtimems="0.000" timestamp="2020-09-11T10:57:16.386" activeThreads="8">
  <mem-info id="4623" free="863644896" total="2836725760" percent="30">
    <mem type="nursery" free="686250784" total="939524096" percent="73">
      <mem type="allocate" free="686250784" total="803209216" percent="85" />
      <mem type="survivor" free="0" total="136314880" percent="0" />
    </mem>
    <mem type="tenure" free="177394112" total="1897201664" percent="9" macro-fragmented="0">
      <mem type="soa" free="66182616" total="1783368704" percent="3" />
      <mem type="loa" free="111211496" total="113832960" percent="97" />
    </mem>
    <remembered-set count="30951" />
  </mem-info>
</gc-end>
<cycle-end id="4624" type="scavenge" contextid="4618" timestamp="2020-09-11T10:57:16.387" />
<allocation-satisfied id="4625" threadId="0000000000891B00" bytesRequested="16" />
<af-end id="4626" timestamp="2020-09-11T10:57:16.387" threadId="0000000000892480" success="true" from="nursery"/>
<exclusive-end id="4627" timestamp="2020-09-11T10:57:16.387" durationms="110.335" />

<exclusive-start id="4628" timestamp="2020-09-11T10:57:18.444" intervalms="2167.551">
  <response-info timems="0.359" idlems="0.359" threads="0" lastid="000000000077FE00" lastname="Group1.Backend.CompositeBackend{Tier1}.1" />
</exclusive-start>
<af-start id="4629" threadId="0000000000780780" totalBytesRequested="24" timestamp="2020-09-11T10:57:18.445" intervalms="2167.570" type="nursery" />
<cycle-start id="4630" type="scavenge" contextid="0" timestamp="2020-09-11T10:57:18.445" intervalms="2167.562" />
<gc-start id="4631" type="scavenge" contextid="4630" timestamp="2020-09-11T10:57:18.445">
  <mem-info id="4632" free="177394112" total="2836725760" percent="6">
    <mem type="nursery" free="0" total="939524096" percent="0">
      <mem type="allocate" free="0" total="803209216" percent="0" />
      <mem type="survivor" free="0" total="136314880" percent="0" />
    </mem>
    <mem type="tenure" free="177394112" total="1897201664" percent="9">
      <mem type="soa" free="66182616" total="1783368704" percent="3" />
      <mem type="loa" free="111211496" total="113832960" percent="97" />
    </mem>
    <remembered-set count="198096" />
  </mem-info>
</gc-start>
<allocation-stats totalBytes="685904824" >
  <allocated-bytes non-tlh="24870816" tlh="661034008" />
  <largest-consumer threadName="Group1.Backend.CompositeBackend{Tier1}.7" threadId="0000000000891B00" bytes="135195864" />
</allocation-stats>
<gc-op id="4633" type="scavenge" timems="112.755" contextid="4630" timestamp="2020-09-11T10:57:18.558">
  <scavenger-info tenureage="3" tenuremask="7ff8" tiltratio="85" />
  <memory-copied type="nursery" objects="4234711" bytes="113702216" bytesdiscarded="558064" />
  <memory-copied type="tenure" objects="1086676" bytes="29183264" bytesdiscarded="119640" />
  <ownableSynchronizers candidates="4148" cleared="3831" />
  <references type="soft" candidates="258" cleared="0" enqueued="0" dynamicThreshold="18" maxThreshold="32" />
  <references type="weak" candidates="107" cleared="107" enqueued="0" />
</gc-op>
<gc-end id="4634" type="scavenge" contextid="4630" durationms="113.666" usertimems="841.347" systemtimems="0.000" timestamp="2020-09-11T10:57:18.559" activeThreads="8">
  <mem-info id="4635" free="838121136" total="2836725760" percent="29">
    <mem type="nursery" free="689979040" total="939524096" percent="73">
      <mem type="allocate" free="689979040" total="804323328" percent="85" />
      <mem type="survivor" free="0" total="135200768" percent="0" />
    </mem>
    <mem type="tenure" free="148142096" total="1897201664" percent="7" macro-fragmented="0">
      <mem type="soa" free="36930600" total="1783368704" percent="2" />
      <mem type="loa" free="111211496" total="113832960" percent="97" />
    </mem>
    <remembered-set count="30100" />
  </mem-info>
</gc-end>
<cycle-end id="4636" type="scavenge" contextid="4630" timestamp="2020-09-11T10:57:18.559" />
<allocation-satisfied id="4637" threadId="000000000077FE00" bytesRequested="24" />
<af-end id="4638" timestamp="2020-09-11T10:57:18.559" threadId="0000000000780780" success="true" from="nursery"/>
<exclusive-end id="4639" timestamp="2020-09-11T10:57:18.559" durationms="115.237" />

<exclusive-start id="4640" timestamp="2020-09-11T10:57:20.560" intervalms="2115.572">
  <response-info timems="0.457" idlems="0.457" threads="0" lastid="0000000000855600" lastname="Group1.Backend.CompositeBackend{Tier1}.5" />
</exclusive-start>
<af-start id="4641" threadId="0000000000855F80" totalBytesRequested="40" timestamp="2020-09-11T10:57:20.561" intervalms="2115.754" type="nursery" />
<cycle-start id="4642" type="scavenge" contextid="0" timestamp="2020-09-11T10:57:20.561" intervalms="2115.787" />
<gc-start id="4643" type="scavenge" contextid="4642" timestamp="2020-09-11T10:57:20.561">
  <mem-info id="4644" free="148142096" total="2836725760" percent="5">
    <mem type="nursery" free="0" total="939524096" percent="0">
      <mem type="allocate" free="0" total="804323328" percent="0" />
      <mem type="survivor" free="0" total="135200768" percent="0" />
    </mem>
    <mem type="tenure" free="148142096" total="1897201664" percent="7">
      <mem type="soa" free="36930600" total="1783368704" percent="2" />
      <mem type="loa" free="111211496" total="113832960" percent="97" />
    </mem>
    <remembered-set count="194467" />
  </mem-info>
</gc-start>
<allocation-stats totalBytes="689648392" >
  <allocated-bytes non-tlh="31559416" tlh="658088976" />
  <largest-consumer threadName="Group1.Backend.CompositeBackend{Tier1}.4" threadId="0000000000854B00" bytes="107408560" />
</allocation-stats>
<gc-op id="4645" type="scavenge" timems="110.593" contextid="4642" timestamp="2020-09-11T10:57:20.672">
  <scavenger-info tenureage="3" tenuremask="7ff8" tiltratio="85" />
  <memory-copied type="nursery" objects="4380575" bytes="116276400" bytesdiscarded="164512" />
  <memory-copied type="tenure" objects="1121004" bytes="30121992" bytesdiscarded="100792" />
  <ownableSynchronizers candidates="3666" cleared="3356" />
  <references type="soft" candidates="239" cleared="0" enqueued="0" dynamicThreshold="18" maxThreshold="32" />
  <references type="weak" candidates="95" cleared="92" enqueued="0" />
</gc-op>
<gc-end id="4646" type="scavenge" contextid="4642" durationms="111.662" usertimems="814.873" systemtimems="8.710" timestamp="2020-09-11T10:57:20.673" activeThreads="8">
  <mem-info id="4647" free="805945232" total="2836725760" percent="28">
    <mem type="nursery" free="688193008" total="939524096" percent="73">
      <mem type="allocate" free="688193008" total="804716544" percent="85" />
      <mem type="survivor" free="0" total="134807552" percent="0" />
    </mem>
    <mem type="tenure" free="117752224" total="1897201664" percent="6" macro-fragmented="0">
      <mem type="soa" free="6540728" total="1783368704" percent="0" />
      <mem type="loa" free="111211496" total="113832960" percent="97" />
    </mem>
    <remembered-set count="30605" />
  </mem-info>
</gc-end>
<cycle-end id="4648" type="scavenge" contextid="4642" timestamp="2020-09-11T10:57:20.673" />
<allocation-satisfied id="4649" threadId="0000000000855600" bytesRequested="40" />
<af-end id="4650" timestamp="2020-09-11T10:57:20.673" threadId="0000000000855F80" success="true" from="nursery"/>
<exclusive-end id="4651" timestamp="2020-09-11T10:57:20.673" durationms="113.419" />

