<?xml version="1.0" ?>

<verbosegc xmlns="http://www.ibm.com/j9/verbosegc" version="c1dd04cca_CMPRSS">

!@: MM_VerboseWriterFileLoggingSynchronous::openFile

!@: After Trigger

!@: handleInitialized
<initialized id="1" timestamp="2020-09-11T10:47:28.916">
  <attribute name="gcPolicy" value="-Xgcpolicy:gencon" />
  <attribute name="maxHeapSize" value="0xe0000000" />
  <attribute name="initialHeapSize" value="0x800000" />
  <attribute name="compressedRefs" value="true" />
  <attribute name="compressedRefsDisplacement" value="0x0" />
  <attribute name="compressedRefsShift" value="0x0" />
  <attribute name="pageSize" value="0x1000" />
  <attribute name="pageType" value="not used" />
  <attribute name="requestedPageSize" value="0x1000" />
  <attribute name="requestedPageType" value="not used" />
  <attribute name="gcthreads" value="8" />
  <attribute name="packetListSplit" value="1" />
  <attribute name="cacheListSplit" value="1" />
  <attribute name="splitFreeListSplitAmount" value="1" />
  <attribute name="numaNodes" value="0" />
  <system>
    <attribute name="physicalMemory" value="16818696192" />
    <attribute name="numCPUs" value="8" />
    <attribute name="architecture" value="amd64" />
    <attribute name="os" value="Linux" />
    <attribute name="osVersion" value="4.15.0-101-generic" />
  </system>
  <vmargs>
    <vmarg name="-Xoptionsfile=/root/code/openj9-openjdk-jdk11/build/linux-x86_64-normal-server-release/jdk/lib/options.default" />
    <vmarg name="-Xlockword:mode=default,noLockword=java/lang/String,noLockword=java/util/MapEntry,noLockword=java/util/HashMap$Entry,noLockword..." />
    <vmarg name="-Xjcl:jclse29" />
    <vmarg name="-Dcom.ibm.oti.vm.bootstrap.library.path=/root/code/openj9-openjdk-jdk11/build/linux-x86_64-normal-server-release/jdk/lib/compre..." />
    <vmarg name="-Dsun.boot.library.path=/root/code/openj9-openjdk-jdk11/build/linux-x86_64-normal-server-release/jdk/lib/compressedrefs:/root/c..." />
    <vmarg name="-Djava.library.path=/root/code/openj9-openjdk-jdk11/build/linux-x86_64-normal-server-release/jdk/lib/compressedrefs:/root/code/..." />
    <vmarg name="-Djava.home=/root/code/openj9-openjdk-jdk11/build/linux-x86_64-normal-server-release/jdk" />
    <vmarg name="-Duser.dir=/root/specjbb2015" />
    <vmarg name="-verbose:gc" />
    <vmarg name="-Xmx3584M" />
    <vmarg name="-Xgc:noConcurrentMark" />
    <vmarg name="-Xtgc:parallel" />
    <vmarg name="-XX:-UseGCStartupHints" />
    <vmarg name="-Xgcpolicy:gencon" />
    <vmarg name="-Xverbosegclog:testOutput,5,100" />
    <vmarg name="-Djava.class.path=/root/specjbb2015/specjbb2015.jar" />
    <vmarg name="-Dsun.java.command=/root/specjbb2015/specjbb2015.jar -m COMPOSITE" />
    <vmarg name="-Dsun.java.launcher=SUN_STANDARD" />
    <vmarg name="-Dsun.java.launcher.pid=18492" />
  </vmargs>
</initialized>

<exclusive-start id="2" timestamp="2020-09-11T10:47:29.222" intervalms="306.172">
  <response-info timems="0.404" idlems="0.404" threads="0" lastid="0000000000019A00" lastname="main" />
</exclusive-start>
<af-start id="3" threadId="000000000001A380" totalBytesRequested="8200" timestamp="2020-09-11T10:47:29.222" intervalms="306.307" type="nursery" />
<cycle-start id="4" type="scavenge" contextid="0" timestamp="2020-09-11T10:47:29.222" intervalms="306.364" />
<gc-start id="5" type="scavenge" contextid="4" timestamp="2020-09-11T10:47:29.222">
  <mem-info id="6" free="6201712" total="8388608" percent="73">
    <mem type="nursery" free="0" total="2097152" percent="0">
      <mem type="allocate" free="0" total="1048576" percent="0" />
      <mem type="survivor" free="0" total="1048576" percent="0" />
    </mem>
    <mem type="tenure" free="6201712" total="6291456" percent="98">
      <mem type="soa" free="5886320" total="5976064" percent="98" />
      <mem type="loa" free="315392" total="315392" percent="100" />
    </mem>
    <remembered-set count="1253" />
  </mem-info>
</gc-start>
<allocation-stats totalBytes="1134784" >
  <allocated-bytes non-tlh="122528" tlh="1012256" />
  <largest-consumer threadName="main" threadId="0000000000019A00" bytes="1134784" />
</allocation-stats>
<gc-op id="7" type="scavenge" timems="1.914" contextid="4" timestamp="2020-09-11T10:47:29.224">
  <scavenger-info tenureage="2" tenuremask="fffc" tiltratio="50" />
  <memory-copied type="nursery" objects="5228" bytes="259936" bytesdiscarded="2144" />
  <finalization candidates="13" enqueued="0" />
  <ownableSynchronizers candidates="1" cleared="0" />
  <references type="soft" candidates="2" cleared="0" enqueued="0" dynamicThreshold="32" maxThreshold="32" />
  <references type="weak" candidates="458" cleared="204" enqueued="133" />
  <references type="phantom" candidates="7" cleared="0" enqueued="0" />
</gc-op>
<gc-end id="8" type="scavenge" contextid="4" durationms="2.025" usertimems="1.980" systemtimems="0.450" timestamp="2020-09-11T10:47:29.224" activeThreads="1">
  <mem-info id="9" free="6987632" total="8388608" percent="83">
    <mem type="nursery" free="785920" total="2097152" percent="37">
      <mem type="allocate" free="785920" total="1048576" percent="74" />
      <mem type="survivor" free="0" total="1048576" percent="0" />
    </mem>
    <mem type="tenure" free="6201712" total="6291456" percent="98">
      <mem type="soa" free="5886320" total="5976064" percent="98" />
      <mem type="loa" free="315392" total="315392" percent="100" />
    </mem>
    <pending-finalizers system="0" default="0" reference="133" classloader="0" />
    <remembered-set count="1253" />
  </mem-info>
</gc-end>
<cycle-end id="10" type="scavenge" contextid="4" timestamp="2020-09-11T10:47:29.224" />
<allocation-satisfied id="11" threadId="0000000000019A00" bytesRequested="8200" />
<af-end id="12" timestamp="2020-09-11T10:47:29.224" threadId="000000000001A380" success="true" from="nursery"/>
<exclusive-end id="13" timestamp="2020-09-11T10:47:29.224" durationms="2.456" />

<exclusive-start id="14" timestamp="2020-09-11T10:47:29.379" intervalms="157.378">
  <response-info timems="0.166" idlems="0.166" threads="0" lastid="0000000000019A00" lastname="main" />
</exclusive-start>
<af-start id="15" threadId="000000000001A380" totalBytesRequested="16" timestamp="2020-09-11T10:47:29.379" intervalms="157.341" type="nursery" />
<cycle-start id="16" type="scavenge" contextid="0" timestamp="2020-09-11T10:47:29.379" intervalms="157.319" />
<gc-start id="17" type="scavenge" contextid="16" timestamp="2020-09-11T10:47:29.379">
  <mem-info id="18" free="6187016" total="8388608" percent="73">
    <mem type="nursery" free="0" total="2097152" percent="0">
      <mem type="allocate" free="0" total="1048576" percent="0" />
      <mem type="survivor" free="0" total="1048576" percent="0" />
    </mem>
    <mem type="tenure" free="6187016" total="6291456" percent="98">
      <mem type="soa" free="5871624" total="5976064" percent="98" />
      <mem type="loa" free="315392" total="315392" percent="100" />
    </mem>
    <pending-finalizers system="0" default="0" reference="133" classloader="0" />
    <remembered-set count="1460" />
  </mem-info>
</gc-start>
<allocation-stats totalBytes="800480" >
  <allocated-bytes non-tlh="22896" tlh="777584" />
  <largest-consumer threadName="main" threadId="0000000000019A00" bytes="800480" />
</allocation-stats>
<gc-op id="19" type="scavenge" timems="1.927" contextid="16" timestamp="2020-09-11T10:47:29.381">
  <scavenger-info tenureage="6" tenuremask="7fc0" tiltratio="50" />
  <memory-copied type="nursery" objects="7224" bytes="347368" bytesdiscarded="62368" />
  <finalization candidates="22" enqueued="0" />
  <ownableSynchronizers candidates="3" cleared="2" />
  <references type="soft" candidates="2" cleared="0" enqueued="0" dynamicThreshold="32" maxThreshold="32" />
  <references type="weak" candidates="397" cleared="33" enqueued="16" />
  <references type="phantom" candidates="7" cleared="0" enqueued="0" />
</gc-op>
<gc-end id="20" type="scavenge" contextid="16" durationms="2.028" usertimems="4.727" systemtimems="0.000" timestamp="2020-09-11T10:47:29.381" activeThreads="1">
  <mem-info id="21" free="6825216" total="8388608" percent="81">
    <mem type="nursery" free="638200" total="2097152" percent="30">
      <mem type="allocate" free="638200" total="1048576" percent="60" />
      <mem type="survivor" free="0" total="1048576" percent="0" />
    </mem>
    <mem type="tenure" free="6187016" total="6291456" percent="98">
      <mem type="soa" free="5871624" total="5976064" percent="98" />
      <mem type="loa" free="315392" total="315392" percent="100" />
    </mem>
    <pending-finalizers system="0" default="0" reference="149" classloader="0" />
    <remembered-set count="1460" />
  </mem-info>
</gc-end>
<cycle-end id="22" type="scavenge" contextid="16" timestamp="2020-09-11T10:47:29.382" />
<allocation-satisfied id="23" threadId="0000000000019A00" bytesRequested="16" />
<af-end id="24" timestamp="2020-09-11T10:47:29.382" threadId="000000000001A380" success="true" from="nursery"/>
<exclusive-end id="25" timestamp="2020-09-11T10:47:29.382" durationms="2.520" />

<exclusive-start id="26" timestamp="2020-09-11T10:47:29.458" intervalms="79.159">
  <response-info timems="0.059" idlems="0.059" threads="0" lastid="0000000000019A00" lastname="main" />
</exclusive-start>
<af-start id="27" threadId="000000000001A380" totalBytesRequested="168" timestamp="2020-09-11T10:47:29.459" intervalms="79.260" type="nursery" />
<cycle-start id="28" type="scavenge" contextid="0" timestamp="2020-09-11T10:47:29.459" intervalms="79.265" />
<gc-start id="29" type="scavenge" contextid="28" timestamp="2020-09-11T10:47:29.459">
  <mem-info id="30" free="6181624" total="8388608" percent="73">
    <mem type="nursery" free="0" total="2097152" percent="0">
      <mem type="allocate" free="0" total="1048576" percent="0" />
      <mem type="survivor" free="0" total="1048576" percent="0" />
    </mem>
    <mem type="tenure" free="6181624" total="6291456" percent="98">
      <mem type="soa" free="5866232" total="5976064" percent="98" />
      <mem type="loa" free="315392" total="315392" percent="100" />
    </mem>
    <pending-finalizers system="0" default="0" reference="149" classloader="0" />
    <remembered-set count="1538" />
  </mem-info>
</gc-start>
<allocation-stats totalBytes="643152" >
  <allocated-bytes non-tlh="5408" tlh="637744" />
  <largest-consumer threadName="main" threadId="0000000000019A00" bytes="643152" />
</allocation-stats>
<gc-op id="31" type="scavenge" timems="2.506" contextid="28" timestamp="2020-09-11T10:47:29.461">
  <scavenger-info tenureage="2" tenuremask="7fe4" tiltratio="50" />
  <memory-copied type="nursery" objects="3883" bytes="163816" bytesdiscarded="98704" />
  <memory-copied type="tenure" objects="5169" bytes="257504" bytesdiscarded="8" />
  <finalization candidates="25" enqueued="0" />
  <ownableSynchronizers candidates="2" cleared="2" />
  <references type="weak" candidates="193" cleared="21" enqueued="10" />
</gc-op>
<gc-end id="32" type="scavenge" contextid="28" durationms="2.609" usertimems="2.913" systemtimems="0.000" timestamp="2020-09-11T10:47:29.461" activeThreads="1">
  <mem-info id="33" free="6704888" total="8388608" percent="79">
    <mem type="nursery" free="785920" total="2097152" percent="37">
      <mem type="allocate" free="785920" total="1048576" percent="74" />
      <mem type="survivor" free="0" total="1048576" percent="0" />
    </mem>
    <mem type="tenure" free="5918968" total="6291456" percent="94">
      <mem type="soa" free="5603576" total="5976064" percent="93" />
      <mem type="loa" free="315392" total="315392" percent="100" />
    </mem>
    <pending-finalizers system="0" default="0" reference="159" classloader="0" />
    <remembered-set count="935" />
  </mem-info>
</gc-end>
<cycle-end id="34" type="scavenge" contextid="28" timestamp="2020-09-11T10:47:29.461" />
<allocation-satisfied id="35" threadId="0000000000019A00" bytesRequested="168" />
<af-end id="36" timestamp="2020-09-11T10:47:29.461" threadId="000000000001A380" success="true" from="nursery"/>
<exclusive-end id="37" timestamp="2020-09-11T10:47:29.461" durationms="3.166" />

<exclusive-start id="38" timestamp="2020-09-11T10:47:29.520" intervalms="61.255">
  <response-info timems="0.580" idlems="0.580" threads="0" lastid="0000000000019A00" lastname="main" />
</exclusive-start>
<af-start id="39" threadId="000000000001A380" totalBytesRequested="24" timestamp="2020-09-11T10:47:29.520" intervalms="61.178" type="nursery" />
<cycle-start id="40" type="scavenge" contextid="0" timestamp="2020-09-11T10:47:29.520" intervalms="61.180" />
<gc-start id="41" type="scavenge" contextid="40" timestamp="2020-09-11T10:47:29.520">
  <mem-info id="42" free="5913208" total="8388608" percent="70">
    <mem type="nursery" free="0" total="2097152" percent="0">
      <mem type="allocate" free="0" total="1048576" percent="0" />
      <mem type="survivor" free="0" total="1048576" percent="0" />
    </mem>
    <mem type="tenure" free="5913208" total="6291456" percent="93">
      <mem type="soa" free="5597816" total="5976064" percent="93" />
      <mem type="loa" free="315392" total="315392" percent="100" />
    </mem>
    <pending-finalizers system="0" default="0" reference="159" classloader="0" />
    <remembered-set count="1083" />
  </mem-info>
</gc-start>
<allocation-stats totalBytes="791304" >
  <allocated-bytes non-tlh="5928" tlh="785376" />
  <largest-consumer threadName="main" threadId="0000000000019A00" bytes="791304" />
</allocation-stats>
<gc-op id="43" type="scavenge" timems="2.401" contextid="40" timestamp="2020-09-11T10:47:29.522">
  <scavenger-info tenureage="5" tenuremask="7fe0" tiltratio="50" />
  <memory-copied type="nursery" objects="8851" bytes="334944" bytesdiscarded="58128" />
  <finalization candidates="12" enqueued="0" />
  <ownableSynchronizers candidates="1" cleared="0" />
  <references type="weak" candidates="172" cleared="0" enqueued="0" />
  <references type="phantom" candidates="1" cleared="0" enqueued="0" />
</gc-op>
<gc-end id="44" type="scavenge" contextid="40" durationms="2.490" usertimems="2.486" systemtimems="0.000" timestamp="2020-09-11T10:47:29.522" activeThreads="1">
  <mem-info id="45" free="6567800" total="8388608" percent="78">
    <mem type="nursery" free="654592" total="2097152" percent="31">
      <mem type="allocate" free="654592" total="1048576" percent="62" />
      <mem type="survivor" free="0" total="1048576" percent="0" />
    </mem>
    <mem type="tenure" free="5913208" total="6291456" percent="93">
      <mem type="soa" free="5597816" total="5976064" percent="93" />
      <mem type="loa" free="315392" total="315392" percent="100" />
    </mem>
    <pending-finalizers system="0" default="0" reference="159" classloader="0" />
    <remembered-set count="976" />
  </mem-info>
</gc-end>
<cycle-end id="46" type="scavenge" contextid="40" timestamp="2020-09-11T10:47:29.523" />
<allocation-satisfied id="47" threadId="0000000000019A00" bytesRequested="24" />
<af-end id="48" timestamp="2020-09-11T10:47:29.523" threadId="000000000001A380" success="true" from="nursery"/>
<exclusive-end id="49" timestamp="2020-09-11T10:47:29.523" durationms="2.986" />

<exclusive-start id="50" timestamp="2020-09-11T10:47:29.535" intervalms="15.746">
  <response-info timems="0.088" idlems="0.088" threads="0" lastid="0000000000019A00" lastname="main" />
</exclusive-start>
<af-start id="51" threadId="000000000001A380" totalBytesRequested="424" timestamp="2020-09-11T10:47:29.535" intervalms="15.715" type="nursery" />
<cycle-start id="52" type="scavenge" contextid="0" timestamp="2020-09-11T10:47:29.535" intervalms="15.706" />
<gc-start id="53" type="scavenge" contextid="52" timestamp="2020-09-11T10:47:29.536">
  <mem-info id="54" free="5913208" total="8388608" percent="70">
    <mem type="nursery" free="0" total="2097152" percent="0">
      <mem type="allocate" free="0" total="1048576" percent="0" />
      <mem type="survivor" free="0" total="1048576" percent="0" />
    </mem>
    <mem type="tenure" free="5913208" total="6291456" percent="93">
      <mem type="soa" free="5597816" total="5976064" percent="93" />
      <mem type="loa" free="315392" total="315392" percent="100" />
    </mem>
    <pending-finalizers system="0" default="0" reference="159" classloader="0" />
    <remembered-set count="976" />
  </mem-info>
</gc-start>
<allocation-stats totalBytes="653544" >
  <allocated-bytes non-tlh="24" tlh="653520" />
  <largest-consumer threadName="main" threadId="0000000000019A00" bytes="653544" />
</allocation-stats>
<gc-op id="55" type="scavenge" timems="2.371" contextid="52" timestamp="2020-09-11T10:47:29.538">
  <scavenger-info tenureage="4" tenuremask="7ff0" tiltratio="50" />
  <memory-copied type="nursery" objects="9678" bytes="376912" bytesdiscarded="16664" />
  <finalization candidates="12" enqueued="0" />
  <ownableSynchronizers candidates="2" cleared="1" />
  <references type="weak" candidates="172" cleared="0" enqueued="0" />
</gc-op>
<heap-resize id="56" type="expand" space="nursery" amount="262144" count="1" timems="0.030" reason="excessive time being spent scavenging" timestamp="2020-09-11T10:47:29.538" />
<gc-end id="57" type="scavenge" contextid="52" durationms="2.502" usertimems="2.498" systemtimems="0.000" timestamp="2020-09-11T10:47:29.538" activeThreads="1">
  <mem-info id="58" free="6698872" total="8650752" percent="77">
    <mem type="nursery" free="785664" total="2359296" percent="33">
      <mem type="allocate" free="785664" total="1179648" percent="66" />
      <mem type="survivor" free="0" total="1179648" percent="0" />
    </mem>
    <mem type="tenure" free="5913208" total="6291456" percent="93">
      <mem type="soa" free="5597816" total="5976064" percent="93" />
      <mem type="loa" free="315392" total="315392" percent="100" />
    </mem>
    <pending-finalizers system="0" default="0" reference="159" classloader="0" />
    <remembered-set count="954" />
  </mem-info>
</gc-end>
<cycle-end id="59" type="scavenge" contextid="52" timestamp="2020-09-11T10:47:29.538" />
<allocation-satisfied id="60" threadId="0000000000019A00" bytesRequested="424" />
<af-end id="61" timestamp="2020-09-11T10:47:29.538" threadId="000000000001A380" success="true" from="nursery"/>
<exclusive-end id="62" timestamp="2020-09-11T10:47:29.538" durationms="2.923" />

<exclusive-start id="63" timestamp="2020-09-11T10:47:29.553" intervalms="17.902">
  <response-info timems="0.053" idlems="0.053" threads="0" lastid="0000000000019A00" lastname="main" />
</exclusive-start>
<af-start id="64" threadId="000000000001A380" totalBytesRequested="8200" timestamp="2020-09-11T10:47:29.553" intervalms="17.901" type="nursery" />
<cycle-start id="65" type="scavenge" contextid="0" timestamp="2020-09-11T10:47:29.553" intervalms="17.908" />
<gc-start id="66" type="scavenge" contextid="65" timestamp="2020-09-11T10:47:29.553">
  <mem-info id="67" free="5913208" total="8650752" percent="68">
    <mem type="nursery" free="0" total="2359296" percent="0">
      <mem type="allocate" free="0" total="1179648" percent="0" />
      <mem type="survivor" free="0" total="1179648" percent="0" />
    </mem>
    <mem type="tenure" free="5913208" total="6291456" percent="93">
      <mem type="soa" free="5597816" total="5976064" percent="93" />
      <mem type="loa" free="315392" total="315392" percent="100" />
    </mem>
    <pending-finalizers system="0" default="0" reference="159" classloader="0" />
    <remembered-set count="957" />
  </mem-info>
</gc-start>
<allocation-stats totalBytes="781768" >
  <allocated-bytes non-tlh="424" tlh="781344" />
  <largest-consumer threadName="main" threadId="0000000000019A00" bytes="781768" />
</allocation-stats>
<gc-op id="68" type="scavenge" timems="2.867" contextid="65" timestamp="2020-09-11T10:47:29.556">
  <scavenger-info tenureage="3" tenuremask="7ff8" tiltratio="50" />
  <memory-copied type="nursery" objects="7967" bytes="305528" bytesdiscarded="88152" />
  <memory-copied type="tenure" objects="3638" bytes="153816" bytesdiscarded="0" />
  <finalization candidates="12" enqueued="0" />
  <ownableSynchronizers candidates="2" cleared="1" />
  <references type="phantom" candidates="1" cleared="0" enqueued="0" />
</gc-op>
<heap-resize id="69" type="expand" space="nursery" amount="262144" count="1" timems="0.026" reason="excessive time being spent scavenging" timestamp="2020-09-11T10:47:29.556" />
<gc-end id="70" type="scavenge" contextid="65" durationms="3.029" usertimems="3.476" systemtimems="0.000" timestamp="2020-09-11T10:47:29.556" activeThreads="1">
  <mem-info id="71" free="6755696" total="8912896" percent="75">
    <mem type="nursery" free="1113344" total="2621440" percent="42">
      <mem type="allocate" free="1113344" total="1507328" percent="73" />
      <mem type="survivor" free="0" total="1114112" percent="0" />
    </mem>
    <mem type="tenure" free="5642352" total="6291456" percent="89">
      <mem type="soa" free="5326960" total="5976064" percent="89" />
      <mem type="loa" free="315392" total="315392" percent="100" />
    </mem>
    <pending-finalizers system="0" default="0" reference="159" classloader="0" />
    <remembered-set count="80" />
  </mem-info>
</gc-end>
<cycle-end id="72" type="scavenge" contextid="65" timestamp="2020-09-11T10:47:29.557" />
<allocation-satisfied id="73" threadId="0000000000019A00" bytesRequested="8200" />
<af-end id="74" timestamp="2020-09-11T10:47:29.557" threadId="000000000001A380" success="true" from="nursery"/>
<exclusive-end id="75" timestamp="2020-09-11T10:47:29.557" durationms="3.489" />

<exclusive-start id="76" timestamp="2020-09-11T10:47:29.709" intervalms="155.867">
  <response-info timems="0.093" idlems="0.093" threads="0" lastid="0000000000019A00" lastname="main" />
</exclusive-start>
<af-start id="77" threadId="000000000001A380" totalBytesRequested="134752" timestamp="2020-09-11T10:47:29.709" intervalms="156.014" type="nursery" />
<cycle-start id="78" type="scavenge" contextid="0" timestamp="2020-09-11T10:47:29.709" intervalms="156.016" />
<gc-start id="79" type="scavenge" contextid="78" timestamp="2020-09-11T10:47:29.709">
  <mem-info id="80" free="5622824" total="8912896" percent="63">
    <mem type="nursery" free="0" total="2621440" percent="0">
      <mem type="allocate" free="0" total="1507328" percent="0" />
      <mem type="survivor" free="0" total="1114112" percent="0" />
    </mem>
    <mem type="tenure" free="5622824" total="6291456" percent="89">
      <mem type="soa" free="5307432" total="5976064" percent="88" />
      <mem type="loa" free="315392" total="315392" percent="100" />
    </mem>
    <remembered-set count="584" />
  </mem-info>
</gc-start>
<allocation-stats totalBytes="1131432" >
  <allocated-bytes non-tlh="27728" tlh="1103704" />
  <largest-consumer threadName="main" threadId="0000000000019A00" bytes="1064856" />
</allocation-stats>
<gc-op id="81" type="scavenge" timems="3.692" contextid="78" timestamp="2020-09-11T10:47:29.713">
  <scavenger-info tenureage="2" tenuremask="7ffc" tiltratio="57" />
  <memory-copied type="nursery" objects="3861" bytes="152792" bytesdiscarded="84496" />
  <memory-copied type="tenure" objects="3844" bytes="142704" bytesdiscarded="0" />
  <finalization candidates="1" enqueued="0" />
  <ownableSynchronizers candidates="2" cleared="2" />
  <references type="soft" candidates="3" cleared="0" enqueued="0" dynamicThreshold="32" maxThreshold="32" />
  <references type="weak" candidates="257" cleared="140" enqueued="92" />
  <references type="phantom" candidates="2" cleared="0" enqueued="0" />
</gc-op>
<gc-end id="82" type="scavenge" contextid="78" durationms="3.872" usertimems="6.027" systemtimems="0.231" timestamp="2020-09-11T10:47:29.713" activeThreads="4">
  <mem-info id="83" free="6932512" total="8912896" percent="77">
    <mem type="nursery" free="1466360" total="2621440" percent="55">
      <mem type="allocate" free="1466360" total="1703936" percent="86" />
      <mem type="survivor" free="0" total="917504" percent="0" />
    </mem>
    <mem type="tenure" free="5466152" total="6291456" percent="86">
      <mem type="soa" free="5150760" total="5976064" percent="86" />
      <mem type="loa" free="315392" total="315392" percent="100" />
    </mem>
    <pending-finalizers system="0" default="0" reference="92" classloader="0" />
    <remembered-set count="585" />
  </mem-info>
</gc-end>
<cycle-end id="84" type="scavenge" contextid="78" timestamp="2020-09-11T10:47:29.714" />
<allocation-satisfied id="85" threadId="0000000000019A00" bytesRequested="134752" />
<af-end id="86" timestamp="2020-09-11T10:47:29.714" threadId="000000000001A380" success="true" from="nursery"/>
<exclusive-end id="87" timestamp="2020-09-11T10:47:29.714" durationms="4.582" />

<exclusive-start id="88" timestamp="2020-09-11T10:47:29.778" intervalms="68.420">
  <response-info timems="1.431" idlems="1.431" threads="0" lastid="0000000000019A00" lastname="main" />
</exclusive-start>
<af-start id="89" threadId="000000000001A380" totalBytesRequested="20760" timestamp="2020-09-11T10:47:29.778" intervalms="68.311" type="nursery" />
<cycle-start id="90" type="scavenge" contextid="0" timestamp="2020-09-11T10:47:29.778" intervalms="68.310" />
<gc-start id="91" type="scavenge" contextid="90" timestamp="2020-09-11T10:47:29.778">
  <mem-info id="92" free="5438392" total="8912896" percent="61">
    <mem type="nursery" free="0" total="2621440" percent="0">
      <mem type="allocate" free="0" total="1703936" percent="0" />
      <mem type="survivor" free="0" total="917504" percent="0" />
    </mem>
    <mem type="tenure" free="5438392" total="6291456" percent="86">
      <mem type="soa" free="5123000" total="5976064" percent="85" />
      <mem type="loa" free="315392" total="315392" percent="100" />
    </mem>
    <remembered-set count="1143" />
  </mem-info>
</gc-start>
<allocation-stats totalBytes="1420696" >
  <allocated-bytes non-tlh="429944" tlh="990752" />
  <largest-consumer threadName="main" threadId="0000000000019A00" bytes="1358944" />
</allocation-stats>
<gc-op id="93" type="scavenge" timems="5.393" contextid="90" timestamp="2020-09-11T10:47:29.783">
  <scavenger-info tenureage="4" tenuremask="7ff0" tiltratio="65" />
  <memory-copied type="nursery" objects="5323" bytes="765384" bytesdiscarded="45600" />
  <finalization candidates="1" enqueued="0" />
  <references type="soft" candidates="43" cleared="0" enqueued="0" dynamicThreshold="32" maxThreshold="32" />
  <references type="weak" candidates="129" cleared="12" enqueued="12" />
  <references type="phantom" candidates="44" cleared="0" enqueued="0" />
</gc-op>
<gc-end id="94" type="scavenge" contextid="90" durationms="5.608" usertimems="0.000" systemtimems="7.758" timestamp="2020-09-11T10:47:29.783" activeThreads="4">
  <mem-info id="95" free="5937792" total="8912896" percent="66">
    <mem type="nursery" free="499400" total="2621440" percent="19">
      <mem type="allocate" free="499400" total="1310720" percent="38" />
      <mem type="survivor" free="0" total="1310720" percent="0" />
    </mem>
    <mem type="tenure" free="5438392" total="6291456" percent="86">
      <mem type="soa" free="5123000" total="5976064" percent="85" />
      <mem type="loa" free="315392" total="315392" percent="100" />
    </mem>
    <pending-finalizers system="0" default="0" reference="12" classloader="0" />
    <remembered-set count="1137" />
  </mem-info>
</gc-end>
<cycle-end id="96" type="scavenge" contextid="90" timestamp="2020-09-11T10:47:29.784" />
<allocation-satisfied id="97" threadId="0000000000019A00" bytesRequested="20760" />
<af-end id="98" timestamp="2020-09-11T10:47:29.784" threadId="000000000001A380" success="true" from="nursery"/>
<exclusive-end id="99" timestamp="2020-09-11T10:47:29.784" durationms="6.110" />

<exclusive-start id="100" timestamp="2020-09-11T10:47:29.798" intervalms="20.577">
  <response-info timems="0.057" idlems="0.057" threads="0" lastid="0000000000019A00" lastname="main" />
</exclusive-start>
<af-start id="101" threadId="000000000001A380" totalBytesRequested="8200" timestamp="2020-09-11T10:47:29.798" intervalms="20.546" type="nursery" />
<cycle-start id="102" type="scavenge" contextid="0" timestamp="2020-09-11T10:47:29.798" intervalms="20.539" />
<gc-start id="103" type="scavenge" contextid="102" timestamp="2020-09-11T10:47:29.798">
  <mem-info id="104" free="5436456" total="8912896" percent="60">
    <mem type="nursery" free="0" total="2621440" percent="0">
      <mem type="allocate" free="0" total="1310720" percent="0" />
      <mem type="survivor" free="0" total="1310720" percent="0" />
    </mem>
    <mem type="tenure" free="5436456" total="6291456" percent="86">
      <mem type="soa" free="5121064" total="5976064" percent="85" />
      <mem type="loa" free="315392" total="315392" percent="100" />
    </mem>
    <remembered-set count="1173" />
  </mem-info>
</gc-start>
<allocation-stats totalBytes="493752" >
  <allocated-bytes non-tlh="161240" tlh="332512" />
  <largest-consumer threadName="main" threadId="0000000000019A00" bytes="493752" />
</allocation-stats>
<gc-op id="105" type="scavenge" timems="3.796" contextid="102" timestamp="2020-09-11T10:47:29.802">
  <scavenger-info tenureage="3" tenuremask="7ff8" tiltratio="50" />
  <memory-copied type="nursery" objects="5878" bytes="1088328" bytesdiscarded="37784" />
  <memory-copied type="tenure" objects="168" bytes="11176" bytesdiscarded="0" />
  <finalization candidates="1" enqueued="0" />
  <references type="soft" candidates="46" cleared="0" enqueued="0" dynamicThreshold="32" maxThreshold="32" />
  <references type="weak" candidates="274" cleared="117" enqueued="86" />
  <references type="phantom" candidates="77" cleared="1" enqueued="1" />
</gc-op>
<heap-resize id="106" type="expand" space="nursery" amount="262144" count="1" timems="0.026" reason="excessive time being spent scavenging" timestamp="2020-09-11T10:47:29.802" />
<gc-end id="107" type="scavenge" contextid="102" durationms="3.958" usertimems="5.620" systemtimems="0.000" timestamp="2020-09-11T10:47:29.802" activeThreads="4">
  <mem-info id="108" free="5635832" total="9175040" percent="61">
    <mem type="nursery" free="315344" total="2883584" percent="10">
      <mem type="allocate" free="315344" total="1441792" percent="21" />
      <mem type="survivor" free="0" total="1441792" percent="0" />
    </mem>
    <mem type="tenure" free="5320488" total="6291456" percent="84">
      <mem type="soa" free="5005096" total="5976064" percent="83" />
      <mem type="loa" free="315392" total="315392" percent="100" />
    </mem>
    <pending-finalizers system="0" default="0" reference="87" classloader="0" />
    <remembered-set count="820" />
  </mem-info>
</gc-end>
<cycle-end id="109" type="scavenge" contextid="102" timestamp="2020-09-11T10:47:29.802" />
<allocation-satisfied id="110" threadId="0000000000019A00" bytesRequested="8200" />
<af-end id="111" timestamp="2020-09-11T10:47:29.802" threadId="000000000001A380" success="true" from="nursery"/>
<exclusive-end id="112" timestamp="2020-09-11T10:47:29.802" durationms="4.388" />

<exclusive-start id="113" timestamp="2020-09-11T10:47:29.852" intervalms="53.476">
  <response-info timems="0.067" idlems="0.067" threads="0" lastid="0000000000019A00" lastname="main" />
</exclusive-start>
<af-start id="114" threadId="000000000001A380" totalBytesRequested="152" timestamp="2020-09-11T10:47:29.852" intervalms="53.524" type="nursery" />
<cycle-start id="115" type="scavenge" contextid="0" timestamp="2020-09-11T10:47:29.852" intervalms="53.530" />
<gc-start id="116" type="scavenge" contextid="115" timestamp="2020-09-11T10:47:29.852">
  <mem-info id="117" free="5306272" total="9175040" percent="57">
    <mem type="nursery" free="0" total="2883584" percent="0">
      <mem type="allocate" free="0" total="1441792" percent="0" />
      <mem type="survivor" free="0" total="1441792" percent="0" />
    </mem>
    <mem type="tenure" free="5306272" total="6291456" percent="84">
      <mem type="soa" free="4990880" total="5976064" percent="83" />
      <mem type="loa" free="315392" total="315392" percent="100" />
    </mem>
    <remembered-set count="1057" />
  </mem-info>
</gc-start>
<allocation-stats totalBytes="328816" >
  <allocated-bytes non-tlh="22416" tlh="306400" />
  <largest-consumer threadName="main" threadId="0000000000019A00" bytes="324720" />
</allocation-stats>
<gc-op id="118" type="scavenge" timems="3.782" contextid="115" timestamp="2020-09-11T10:47:29.856">
  <scavenger-info tenureage="2" tenuremask="7ffc" tiltratio="50" />
  <memory-copied type="nursery" objects="2251" bytes="430696" bytesdiscarded="202648" />
  <memory-copied type="tenure" objects="5094" bytes="752016" bytesdiscarded="824" />
  <finalization candidates="29" enqueued="0" />
  <ownableSynchronizers candidates="1" cleared="0" />
  <references type="soft" candidates="10" cleared="0" enqueued="0" dynamicThreshold="32" maxThreshold="32" />
  <references type="weak" candidates="191" cleared="15" enqueued="8" />
  <references type="phantom" candidates="32" cleared="0" enqueued="0" />
</gc-op>
<gc-end id="119" type="scavenge" contextid="115" durationms="4.196" usertimems="6.403" systemtimems="0.273" timestamp="2020-09-11T10:47:29.856" activeThreads="4">
  <mem-info id="120" free="5290112" total="9175040" percent="57">
    <mem type="nursery" free="807976" total="2883584" percent="28">
      <mem type="allocate" free="807976" total="1441792" percent="56" />
      <mem type="survivor" free="0" total="1441792" percent="0" />
    </mem>
    <mem type="tenure" free="4482136" total="6291456" percent="71">
      <mem type="soa" free="4166744" total="5976064" percent="69" />
      <mem type="loa" free="315392" total="315392" percent="100" />
    </mem>
    <pending-finalizers system="0" default="0" reference="8" classloader="0" />
    <remembered-set count="349" />
  </mem-info>
</gc-end>
<cycle-end id="121" type="scavenge" contextid="115" timestamp="2020-09-11T10:47:29.859" />
<allocation-satisfied id="122" threadId="0000000000019A00" bytesRequested="152" />
<af-end id="123" timestamp="2020-09-11T10:47:29.859" threadId="000000000001A380" success="true" from="nursery"/>
<exclusive-end id="124" timestamp="2020-09-11T10:47:29.859" durationms="7.184" />

<exclusive-start id="125" timestamp="2020-09-11T10:47:29.920" intervalms="68.134">
  <response-info timems="0.093" idlems="0.093" threads="0" lastid="0000000000019A00" lastname="main" />
</exclusive-start>
<af-start id="126" threadId="000000000001A380" totalBytesRequested="88" timestamp="2020-09-11T10:47:29.920" intervalms="68.137" type="nursery" />
<cycle-start id="127" type="scavenge" contextid="0" timestamp="2020-09-11T10:47:29.920" intervalms="68.142" />
<gc-start id="128" type="scavenge" contextid="127" timestamp="2020-09-11T10:47:29.920">
  <mem-info id="129" free="4457080" total="9175040" percent="48">
    <mem type="nursery" free="0" total="2883584" percent="0">
      <mem type="allocate" free="0" total="1441792" percent="0" />
      <mem type="survivor" free="0" total="1441792" percent="0" />
    </mem>
    <mem type="tenure" free="4457080" total="6291456" percent="70">
      <mem type="soa" free="4141688" total="5976064" percent="69" />
      <mem type="loa" free="315392" total="315392" percent="100" />
    </mem>
    <remembered-set count="681" />
  </mem-info>
</gc-start>
<allocation-stats totalBytes="832424" >
  <allocated-bytes non-tlh="203064" tlh="629360" />
  <largest-consumer threadName="main" threadId="0000000000019A00" bytes="828328" />
</allocation-stats>
<gc-op id="130" type="scavenge" timems="3.158" contextid="127" timestamp="2020-09-11T10:47:29.923">
  <scavenger-info tenureage="2" tenuremask="7ffc" tiltratio="50" />
  <memory-copied type="nursery" objects="2902" bytes="174608" bytesdiscarded="185024" />
  <memory-copied type="tenure" objects="687" bytes="332360" bytesdiscarded="720" />
  <finalization candidates="32" enqueued="0" />
  <ownableSynchronizers candidates="1" cleared="0" />
  <references type="soft" candidates="19" cleared="0" enqueued="0" dynamicThreshold="32" maxThreshold="32" />
  <references type="weak" candidates="330" cleared="133" enqueued="122" />
</gc-op>
<heap-resize id="131" type="expand" space="nursery" amount="131072" count="1" timems="0.091" reason="excessive time being spent scavenging" timestamp="2020-09-11T10:47:29.924" />
<gc-end id="132" type="scavenge" contextid="127" durationms="3.833" usertimems="12.880" systemtimems="0.000" timestamp="2020-09-11T10:47:29.924" activeThreads="4">
  <mem-info id="133" free="5402120" total="9306112" percent="58">
    <mem type="nursery" free="1278184" total="3014656" percent="42">
      <mem type="allocate" free="1278184" total="1638400" percent="78" />
      <mem type="survivor" free="0" total="1376256" percent="0" />
    </mem>
    <mem type="tenure" free="4123936" total="6291456" percent="65">
      <mem type="soa" free="3808544" total="5976064" percent="63" />
      <mem type="loa" free="315392" total="315392" percent="100" />
    </mem>
    <pending-finalizers system="0" default="0" reference="122" classloader="0" />
    <remembered-set count="631" />
  </mem-info>
</gc-end>
<cycle-end id="134" type="scavenge" contextid="127" timestamp="2020-09-11T10:47:29.925" />
<allocation-satisfied id="135" threadId="0000000000019A00" bytesRequested="88" />
<af-end id="136" timestamp="2020-09-11T10:47:29.925" threadId="000000000001A380" success="true" from="nursery"/>
<exclusive-end id="137" timestamp="2020-09-11T10:47:29.925" durationms="5.124" />

<exclusive-start id="138" timestamp="2020-09-11T10:47:30.041" intervalms="121.797">
  <response-info timems="0.069" idlems="0.069" threads="0" lastid="0000000000019A00" lastname="main" />
</exclusive-start>
<af-start id="139" threadId="000000000001A380" totalBytesRequested="8064" timestamp="2020-09-11T10:47:30.042" intervalms="121.761" type="nursery" />
<cycle-start id="140" type="scavenge" contextid="0" timestamp="2020-09-11T10:47:30.042" intervalms="121.756" />
<gc-start id="141" type="scavenge" contextid="140" timestamp="2020-09-11T10:47:30.042">
  <mem-info id="142" free="4049856" total="9306112" percent="43">
    <mem type="nursery" free="0" total="3014656" percent="0">
      <mem type="allocate" free="0" total="1638400" percent="0" />
      <mem type="survivor" free="0" total="1376256" percent="0" />
    </mem>
    <mem type="tenure" free="4049856" total="6291456" percent="64">
      <mem type="soa" free="3734464" total="5976064" percent="62" />
      <mem type="loa" free="315392" total="315392" percent="100" />
    </mem>
    <remembered-set count="1584" />
  </mem-info>
</gc-start>
<allocation-stats totalBytes="1347032" >
  <allocated-bytes non-tlh="74168" tlh="1272864" />
  <largest-consumer threadName="main" threadId="0000000000019A00" bytes="1342936" />
</allocation-stats>
<gc-op id="143" type="scavenge" timems="2.044" contextid="140" timestamp="2020-09-11T10:47:30.044">
  <scavenger-info tenureage="2" tenuremask="7ffc" tiltratio="54" />
  <memory-copied type="nursery" objects="5619" bytes="267424" bytesdiscarded="64304" />
  <memory-copied type="tenure" objects="1523" bytes="96408" bytesdiscarded="96" />
  <finalization candidates="34" enqueued="0" />
  <ownableSynchronizers candidates="1" cleared="0" />
  <references type="soft" candidates="286" cleared="0" enqueued="0" dynamicThreshold="32" maxThreshold="32" />
  <references type="weak" candidates="254" cleared="160" enqueued="155" />
  <references type="phantom" candidates="1" cleared="0" enqueued="0" />
</gc-op>
<gc-end id="144" type="scavenge" contextid="140" durationms="2.513" usertimems="5.623" systemtimems="0.785" timestamp="2020-09-11T10:47:30.044" activeThreads="4">
  <mem-info id="145" free="5559704" total="9306112" percent="59">
    <mem type="nursery" free="1566696" total="3014656" percent="51">
      <mem type="allocate" free="1566696" total="1900544" percent="82" />
      <mem type="survivor" free="0" total="1114112" percent="0" />
    </mem>
    <mem type="tenure" free="3993008" total="6291456" percent="63">
      <mem type="soa" free="3677616" total="5976064" percent="61" />
      <mem type="loa" free="315392" total="315392" percent="100" />
    </mem>
    <pending-finalizers system="0" default="0" reference="155" classloader="0" />
    <remembered-set count="1354" />
  </mem-info>
</gc-end>
<cycle-end id="146" type="scavenge" contextid="140" timestamp="2020-09-11T10:47:30.045" />
<allocation-satisfied id="147" threadId="0000000000019A00" bytesRequested="8064" />
<af-end id="148" timestamp="2020-09-11T10:47:30.045" threadId="000000000001A380" success="true" from="nursery"/>
<exclusive-end id="149" timestamp="2020-09-11T10:47:30.045" durationms="3.677" />

<exclusive-start id="150" timestamp="2020-09-11T10:47:30.118" intervalms="76.024">
  <response-info timems="0.071" idlems="0.071" threads="0" lastid="0000000000019A00" lastname="main" />
</exclusive-start>
<af-start id="151" threadId="000000000001A380" totalBytesRequested="22784" timestamp="2020-09-11T10:47:30.118" intervalms="76.054" type="nursery" />
<cycle-start id="152" type="scavenge" contextid="0" timestamp="2020-09-11T10:47:30.118" intervalms="76.072" />
<gc-start id="153" type="scavenge" contextid="152" timestamp="2020-09-11T10:47:30.118">
  <mem-info id="154" free="3968128" total="9306112" percent="42">
    <mem type="nursery" free="0" total="3014656" percent="0">
      <mem type="allocate" free="0" total="1900544" percent="0" />
      <mem type="survivor" free="0" total="1114112" percent="0" />
    </mem>
    <mem type="tenure" free="3968128" total="6291456" percent="63">
      <mem type="soa" free="3652736" total="5976064" percent="61" />
      <mem type="loa" free="315392" total="315392" percent="100" />
    </mem>
    <remembered-set count="1649" />
  </mem-info>
</gc-start>
<allocation-stats totalBytes="1587976" >
  <allocated-bytes non-tlh="32944" tlh="1555032" />
  <largest-consumer threadName="main" threadId="0000000000019A00" bytes="1583880" />
</allocation-stats>
<gc-op id="155" type="scavenge" timems="2.091" contextid="152" timestamp="2020-09-11T10:47:30.120">
  <scavenger-info tenureage="2" tenuremask="7ffc" tiltratio="63" />
  <memory-copied type="nursery" objects="5659" bytes="226528" bytesdiscarded="80392" />
  <memory-copied type="tenure" objects="991" bytes="63440" bytesdiscarded="392" />
  <finalization candidates="8" enqueued="1" />
  <references type="soft" candidates="280" cleared="0" enqueued="0" dynamicThreshold="32" maxThreshold="32" />
  <references type="weak" candidates="216" cleared="166" enqueued="166" />
  <references type="phantom" candidates="3" cleared="1" enqueued="1" />
</gc-op>
<gc-end id="156" type="scavenge" contextid="152" durationms="2.514" usertimems="5.499" systemtimems="0.751" timestamp="2020-09-11T10:47:30.120" activeThreads="4">
  <mem-info id="157" free="5642344" total="9306112" percent="60">
    <mem type="nursery" free="1722616" total="3014656" percent="57">
      <mem type="allocate" free="1722616" total="2031616" percent="84" />
      <mem type="survivor" free="0" total="983040" percent="0" />
    </mem>
    <mem type="tenure" free="3919728" total="6291456" percent="62">
      <mem type="soa" free="3604336" total="5976064" percent="60" />
      <mem type="loa" free="315392" total="315392" percent="100" />
    </mem>
    <pending-finalizers system="1" default="0" reference="167" classloader="0" />
    <remembered-set count="1341" />
  </mem-info>
</gc-end>
<cycle-end id="158" type="scavenge" contextid="152" timestamp="2020-09-11T10:47:30.122" />
<allocation-satisfied id="159" threadId="0000000000019A00" bytesRequested="22784" />
<af-end id="160" timestamp="2020-09-11T10:47:30.122" threadId="000000000001A380" success="true" from="nursery"/>
<exclusive-end id="161" timestamp="2020-09-11T10:47:30.122" durationms="4.200" />

<exclusive-start id="162" timestamp="2020-09-11T10:47:30.184" intervalms="66.639">
  <response-info timems="0.065" idlems="0.065" threads="0" lastid="0000000000019A00" lastname="main" />
</exclusive-start>
<af-start id="163" threadId="000000000001A380" totalBytesRequested="3080" timestamp="2020-09-11T10:47:30.184" intervalms="66.626" type="nursery" />
<cycle-start id="164" type="scavenge" contextid="0" timestamp="2020-09-11T10:47:30.184" intervalms="66.609" />
<gc-start id="165" type="scavenge" contextid="164" timestamp="2020-09-11T10:47:30.184">
  <mem-info id="166" free="3902520" total="9306112" percent="41">
    <mem type="nursery" free="0" total="3014656" percent="0">
      <mem type="allocate" free="0" total="2031616" percent="0" />
      <mem type="survivor" free="0" total="983040" percent="0" />
    </mem>
    <mem type="tenure" free="3902520" total="6291456" percent="62">
      <mem type="soa" free="3587128" total="5976064" percent="60" />
      <mem type="loa" free="315392" total="315392" percent="100" />
    </mem>
    <remembered-set count="1534" />
  </mem-info>
</gc-start>
<allocation-stats totalBytes="1733288" >
  <allocated-bytes non-tlh="39992" tlh="1693296" />
  <largest-consumer threadName="main" threadId="0000000000019A00" bytes="1729192" />
</allocation-stats>
<gc-op id="167" type="scavenge" timems="4.562" contextid="164" timestamp="2020-09-11T10:47:30.189">
  <scavenger-info tenureage="2" tenuremask="7ffc" tiltratio="67" />
  <memory-copied type="nursery" objects="2136" bytes="90720" bytesdiscarded="28088" />
  <memory-copied type="tenure" objects="4116" bytes="169280" bytesdiscarded="640" />
  <finalization candidates="3" enqueued="0" />
  <ownableSynchronizers candidates="1" cleared="0" />
  <references type="soft" candidates="10" cleared="0" enqueued="0" dynamicThreshold="32" maxThreshold="32" />
  <references type="weak" candidates="426" cleared="234" enqueued="203" />
  <references type="phantom" candidates="3" cleared="0" enqueued="0" />
</gc-op>
<gc-end id="168" type="scavenge" contextid="164" durationms="4.737" usertimems="7.545" systemtimems="0.000" timestamp="2020-09-11T10:47:30.189" activeThreads="4">
  <mem-info id="169" free="5747760" total="9306112" percent="61">
    <mem type="nursery" free="2043648" total="3014656" percent="67">
      <mem type="allocate" free="2043648" total="2162688" percent="94" />
      <mem type="survivor" free="0" total="851968" percent="0" />
    </mem>
    <mem type="tenure" free="3704112" total="6291456" percent="58">
      <mem type="soa" free="3388720" total="5976064" percent="56" />
      <mem type="loa" free="315392" total="315392" percent="100" />
    </mem>
    <pending-finalizers system="0" default="0" reference="203" classloader="0" />
    <remembered-set count="557" />
  </mem-info>
</gc-end>
<cycle-end id="170" type="scavenge" contextid="164" timestamp="2020-09-11T10:47:30.189" />
<allocation-satisfied id="171" threadId="0000000000019A00" bytesRequested="3080" />
<af-end id="172" timestamp="2020-09-11T10:47:30.189" threadId="000000000001A380" success="true" from="nursery"/>
<exclusive-end id="173" timestamp="2020-09-11T10:47:30.189" durationms="5.324" />

<exclusive-start id="174" timestamp="2020-09-11T10:47:30.331" intervalms="146.450">
  <response-info timems="0.063" idlems="0.063" threads="0" lastid="0000000000019A00" lastname="main" />
</exclusive-start>
<af-start id="175" threadId="000000000001A380" totalBytesRequested="952" timestamp="2020-09-11T10:47:30.331" intervalms="146.452" type="nursery" />
<cycle-start id="176" type="scavenge" contextid="0" timestamp="2020-09-11T10:47:30.331" intervalms="146.451" />
<gc-start id="177" type="scavenge" contextid="176" timestamp="2020-09-11T10:47:30.331">
  <mem-info id="178" free="3683608" total="9306112" percent="39">
    <mem type="nursery" free="0" total="3014656" percent="0">
      <mem type="allocate" free="0" total="2162688" percent="0" />
      <mem type="survivor" free="0" total="851968" percent="0" />
    </mem>
    <mem type="tenure" free="3683608" total="6291456" percent="58">
      <mem type="soa" free="3368216" total="5976064" percent="56" />
      <mem type="loa" free="315392" total="315392" percent="100" />
    </mem>
    <remembered-set count="805" />
  </mem-info>
</gc-start>
<allocation-stats totalBytes="2061440" >
  <allocated-bytes non-tlh="23584" tlh="2037856" />
  <largest-consumer threadName="main" threadId="0000000000019A00" bytes="2003112" />
</allocation-stats>
<gc-op id="179" type="scavenge" timems="2.094" contextid="176" timestamp="2020-09-11T10:47:30.333">
  <scavenger-info tenureage="3" tenuremask="7ff8" tiltratio="71" />
  <memory-copied type="nursery" objects="3193" bytes="133472" bytesdiscarded="56576" />
  <finalization candidates="5" enqueued="2" />
  <ownableSynchronizers candidates="1" cleared="0" />
  <references type="soft" candidates="15" cleared="0" enqueued="0" dynamicThreshold="32" maxThreshold="32" />
  <references type="weak" candidates="802" cleared="349" enqueued="285" />
  <references type="phantom" candidates="3" cleared="0" enqueued="0" />
</gc-op>
<gc-end id="180" type="scavenge" contextid="176" durationms="2.238" usertimems="0.000" systemtimems="3.883" timestamp="2020-09-11T10:47:30.333" activeThreads="4">
  <mem-info id="181" free="5786904" total="9306112" percent="62">
    <mem type="nursery" free="2103296" total="3014656" percent="69">
      <mem type="allocate" free="2103296" total="2293760" percent="91" />
      <mem type="survivor" free="0" total="720896" percent="0" />
    </mem>
    <mem type="tenure" free="3683608" total="6291456" percent="58">
      <mem type="soa" free="3368216" total="5976064" percent="56" />
      <mem type="loa" free="315392" total="315392" percent="100" />
    </mem>
    <pending-finalizers system="2" default="0" reference="285" classloader="0" />
    <remembered-set count="603" />
  </mem-info>
</gc-end>
<cycle-end id="182" type="scavenge" contextid="176" timestamp="2020-09-11T10:47:30.333" />
<allocation-satisfied id="183" threadId="0000000000019A00" bytesRequested="952" />
<af-end id="184" timestamp="2020-09-11T10:47:30.333" threadId="000000000001A380" success="true" from="nursery"/>
<exclusive-end id="185" timestamp="2020-09-11T10:47:30.333" durationms="2.755" />

<exclusive-start id="186" timestamp="2020-09-11T10:47:30.429" intervalms="98.072">
  <response-info timems="0.114" idlems="0.114" threads="0" lastid="0000000000019A00" lastname="main" />
</exclusive-start>
<af-start id="187" threadId="000000000001A380" totalBytesRequested="2984" timestamp="2020-09-11T10:47:30.429" intervalms="98.082" type="nursery" />
<cycle-start id="188" type="scavenge" contextid="0" timestamp="2020-09-11T10:47:30.429" intervalms="98.092" />
<gc-start id="189" type="scavenge" contextid="188" timestamp="2020-09-11T10:47:30.429">
  <mem-info id="190" free="3653864" total="9306112" percent="39">
    <mem type="nursery" free="0" total="3014656" percent="0">
      <mem type="allocate" free="0" total="2293760" percent="0" />
      <mem type="survivor" free="0" total="720896" percent="0" />
    </mem>
    <mem type="tenure" free="3653864" total="6291456" percent="58">
      <mem type="soa" free="3338472" total="5976064" percent="55" />
      <mem type="loa" free="315392" total="315392" percent="100" />
    </mem>
    <remembered-set count="1056" />
  </mem-info>
</gc-start>
<allocation-stats totalBytes="2101744" >
  <allocated-bytes non-tlh="30696" tlh="2071048" />
  <largest-consumer threadName="main" threadId="0000000000019A00" bytes="2097648" />
</allocation-stats>
<gc-op id="191" type="scavenge" timems="1.549" contextid="188" timestamp="2020-09-11T10:47:30.431">
  <scavenger-info tenureage="4" tenuremask="7ff0" tiltratio="76" />
  <memory-copied type="nursery" objects="5199" bytes="216512" bytesdiscarded="34864" />
  <finalization candidates="4" enqueued="0" />
  <ownableSynchronizers candidates="1" cleared="0" />
  <references type="soft" candidates="20" cleared="0" enqueued="0" dynamicThreshold="32" maxThreshold="32" />
  <references type="weak" candidates="482" cleared="20" enqueued="18" />
  <references type="phantom" candidates="6" cleared="0" enqueued="0" />
</gc-op>
<gc-end id="192" type="scavenge" contextid="188" durationms="1.679" usertimems="2.405" systemtimems="0.365" timestamp="2020-09-11T10:47:30.431" activeThreads="4">
  <mem-info id="193" free="5761256" total="9306112" percent="61">
    <mem type="nursery" free="2107392" total="3014656" percent="69">
      <mem type="allocate" free="2107392" total="2359296" percent="89" />
      <mem type="survivor" free="0" total="655360" percent="0" />
    </mem>
    <mem type="tenure" free="3653864" total="6291456" percent="58">
      <mem type="soa" free="3338472" total="5976064" percent="55" />
      <mem type="loa" free="315392" total="315392" percent="100" />
    </mem>
    <pending-finalizers system="0" default="0" reference="18" classloader="0" />
    <remembered-set count="955" />
  </mem-info>
</gc-end>
<cycle-end id="194" type="scavenge" contextid="188" timestamp="2020-09-11T10:47:30.431" />
<allocation-satisfied id="195" threadId="0000000000019A00" bytesRequested="2984" />
<af-end id="196" timestamp="2020-09-11T10:47:30.431" threadId="000000000001A380" success="true" from="nursery"/>
<exclusive-end id="197" timestamp="2020-09-11T10:47:30.431" durationms="2.486" />

<exclusive-start id="198" timestamp="2020-09-11T10:47:30.454" intervalms="25.450">
  <response-info timems="0.295" idlems="0.295" threads="0" lastid="0000000000019A00" lastname="main" />
</exclusive-start>
<af-start id="199" threadId="000000000001A380" totalBytesRequested="4104" timestamp="2020-09-11T10:47:30.454" intervalms="25.429" type="nursery" />
<cycle-start id="200" type="scavenge" contextid="0" timestamp="2020-09-11T10:47:30.454" intervalms="25.417" />
<gc-start id="201" type="scavenge" contextid="200" timestamp="2020-09-11T10:47:30.454">
  <mem-info id="202" free="3653864" total="9306112" percent="39">
    <mem type="nursery" free="0" total="3014656" percent="0">
      <mem type="allocate" free="0" total="2359296" percent="0" />
      <mem type="survivor" free="0" total="655360" percent="0" />
    </mem>
    <mem type="tenure" free="3653864" total="6291456" percent="58">
      <mem type="soa" free="3338472" total="5976064" percent="55" />
      <mem type="loa" free="315392" total="315392" percent="100" />
    </mem>
    <remembered-set count="956" />
  </mem-info>
</gc-start>
<allocation-stats totalBytes="2076576" >
  <allocated-bytes non-tlh="2984" tlh="2073592" />
  <largest-consumer threadName="main" threadId="0000000000019A00" bytes="2072480" />
</allocation-stats>
<gc-op id="203" type="scavenge" timems="4.061" contextid="200" timestamp="2020-09-11T10:47:30.458">
  <scavenger-info tenureage="3" tenuremask="7ff8" tiltratio="78" />
  <memory-copied type="nursery" objects="4354" bytes="185952" bytesdiscarded="60768" />
  <memory-copied type="tenure" objects="1499" bytes="58544" bytesdiscarded="0" />
  <finalization candidates="4" enqueued="0" />
  <ownableSynchronizers candidates="1" cleared="0" />
  <references type="soft" candidates="10" cleared="0" enqueued="0" dynamicThreshold="32" maxThreshold="32" />
  <references type="weak" candidates="272" cleared="0" enqueued="0" />
  <references type="phantom" candidates="4" cleared="0" enqueued="0" />
</gc-op>
<heap-resize id="204" type="expand" space="nursery" amount="262144" count="1" timems="0.027" reason="excessive time being spent scavenging" timestamp="2020-09-11T10:47:30.459" />
<gc-end id="205" type="scavenge" contextid="200" durationms="4.234" usertimems="5.900" systemtimems="0.217" timestamp="2020-09-11T10:47:30.459" activeThreads="4">
  <mem-info id="206" free="5980640" total="9568256" percent="62">
    <mem type="nursery" free="2374392" total="3276800" percent="72">
      <mem type="allocate" free="2374392" total="2621440" percent="90" />
      <mem type="survivor" free="0" total="655360" percent="0" />
    </mem>
    <mem type="tenure" free="3606248" total="6291456" percent="57">
      <mem type="soa" free="3290856" total="5976064" percent="55" />
      <mem type="loa" free="315392" total="315392" percent="100" />
    </mem>
    <remembered-set count="639" />
  </mem-info>
</gc-end>
<cycle-end id="207" type="scavenge" contextid="200" timestamp="2020-09-11T10:47:30.459" />
<allocation-satisfied id="208" threadId="0000000000019A00" bytesRequested="4104" />
<af-end id="209" timestamp="2020-09-11T10:47:30.459" threadId="000000000001A380" success="true" from="nursery"/>
<exclusive-end id="210" timestamp="2020-09-11T10:47:30.459" durationms="4.853" />

<exclusive-start id="211" timestamp="2020-09-11T10:47:30.475" intervalms="20.865">
  <response-info timems="0.136" idlems="0.136" threads="0" lastid="0000000000019A00" lastname="main" />
</exclusive-start>
<af-start id="212" threadId="000000000001A380" totalBytesRequested="1368" timestamp="2020-09-11T10:47:30.475" intervalms="20.846" type="nursery" />
<cycle-start id="213" type="scavenge" contextid="0" timestamp="2020-09-11T10:47:30.475" intervalms="20.839" />
<gc-start id="214" type="scavenge" contextid="213" timestamp="2020-09-11T10:47:30.475">
  <mem-info id="215" free="3606248" total="9568256" percent="37">
    <mem type="nursery" free="0" total="3276800" percent="0">
      <mem type="allocate" free="0" total="2621440" percent="0" />
      <mem type="survivor" free="0" total="655360" percent="0" />
    </mem>
    <mem type="tenure" free="3606248" total="6291456" percent="57">
      <mem type="soa" free="3290856" total="5976064" percent="55" />
      <mem type="loa" free="315392" total="315392" percent="100" />
    </mem>
    <remembered-set count="639" />
  </mem-info>
</gc-start>
<allocation-stats totalBytes="2310208" >
  <allocated-bytes non-tlh="4104" tlh="2306104" />
  <largest-consumer threadName="main" threadId="0000000000019A00" bytes="2310208" />
</allocation-stats>
<gc-op id="216" type="scavenge" timems="2.821" contextid="213" timestamp="2020-09-11T10:47:30.478">
  <scavenger-info tenureage="3" tenuremask="7fc8" tiltratio="80" />
  <memory-copied type="nursery" objects="3927" bytes="176672" bytesdiscarded="13640" />
  <memory-copied type="tenure" objects="1112" bytes="49128" bytesdiscarded="24" />
  <finalization candidates="3" enqueued="0" />
  <references type="soft" candidates="5" cleared="0" enqueued="0" dynamicThreshold="32" maxThreshold="32" />
  <references type="weak" candidates="11" cleared="0" enqueued="0" />
  <references type="phantom" candidates="4" cleared="0" enqueued="0" />
</gc-op>
<heap-resize id="217" type="expand" space="nursery" amount="262144" count="1" timems="0.026" reason="excessive time being spent scavenging" timestamp="2020-09-11T10:47:30.478" />
<gc-end id="218" type="scavenge" contextid="213" durationms="3.020" usertimems="2.410" systemtimems="0.363" timestamp="2020-09-11T10:47:30.478" activeThreads="4">
  <mem-info id="219" free="6317288" total="9830400" percent="64">
    <mem type="nursery" free="2758656" total="3538944" percent="77">
      <mem type="allocate" free="2758656" total="2949120" percent="93" />
      <mem type="survivor" free="0" total="589824" percent="0" />
    </mem>
    <mem type="tenure" free="3558632" total="6291456" percent="56">
      <mem type="soa" free="3243240" total="5976064" percent="54" />
      <mem type="loa" free="315392" total="315392" percent="100" />
    </mem>
    <remembered-set count="117" />
  </mem-info>
</gc-end>
<cycle-end id="220" type="scavenge" contextid="213" timestamp="2020-09-11T10:47:30.478" />
<allocation-satisfied id="221" threadId="0000000000019A00" bytesRequested="1368" />
<af-end id="222" timestamp="2020-09-11T10:47:30.478" threadId="000000000001A380" success="true" from="nursery"/>
<exclusive-end id="223" timestamp="2020-09-11T10:47:30.478" durationms="3.437" />

<exclusive-start id="224" timestamp="2020-09-11T10:47:30.498" intervalms="22.994">
  <response-info timems="0.163" idlems="0.163" threads="0" lastid="0000000000019A00" lastname="main" />
</exclusive-start>
<af-start id="225" threadId="000000000001A380" totalBytesRequested="4640" timestamp="2020-09-11T10:47:30.498" intervalms="23.032" type="nursery" />
<cycle-start id="226" type="scavenge" contextid="0" timestamp="2020-09-11T10:47:30.498" intervalms="23.041" />
<gc-start id="227" type="scavenge" contextid="226" timestamp="2020-09-11T10:47:30.498">
  <mem-info id="228" free="3558632" total="9830400" percent="36">
    <mem type="nursery" free="0" total="3538944" percent="0">
      <mem type="allocate" free="0" total="2949120" percent="0" />
      <mem type="survivor" free="0" total="589824" percent="0" />
    </mem>
    <mem type="tenure" free="3558632" total="6291456" percent="56">
      <mem type="soa" free="3243240" total="5976064" percent="54" />
      <mem type="loa" free="315392" total="315392" percent="100" />
    </mem>
    <remembered-set count="117" />
  </mem-info>
</gc-start>
<allocation-stats totalBytes="2700432" >
  <allocated-bytes non-tlh="1368" tlh="2699064" />
  <largest-consumer threadName="main" threadId="0000000000019A00" bytes="2700432" />
</allocation-stats>
<gc-op id="229" type="scavenge" timems="3.561" contextid="226" timestamp="2020-09-11T10:47:30.502">
  <scavenger-info tenureage="2" tenuremask="ffec" tiltratio="83" />
  <memory-copied type="nursery" objects="1536" bytes="85088" bytesdiscarded="10144" />
  <memory-copied type="tenure" objects="3239" bytes="136680" bytesdiscarded="496" />
  <finalization candidates="1" enqueued="0" />
</gc-op>
<heap-resize id="230" type="expand" space="nursery" amount="262144" count="1" timems="0.026" reason="excessive time being spent scavenging" timestamp="2020-09-11T10:47:30.502" />
<gc-end id="231" type="scavenge" contextid="226" durationms="3.763" usertimems="2.966" systemtimems="0.000" timestamp="2020-09-11T10:47:30.502" activeThreads="4">
  <mem-info id="232" free="6597352" total="10092544" percent="65">
    <mem type="nursery" free="3181568" total="3801088" percent="83">
      <mem type="allocate" free="3181568" total="3276800" percent="97" />
      <mem type="survivor" free="0" total="524288" percent="0" />
    </mem>
    <mem type="tenure" free="3415784" total="6291456" percent="54">
      <mem type="soa" free="3100392" total="5976064" percent="51" />
      <mem type="loa" free="315392" total="315392" percent="100" />
    </mem>
    <remembered-set count="124" />
  </mem-info>
</gc-end>
<cycle-end id="233" type="scavenge" contextid="226" timestamp="2020-09-11T10:47:30.502" />
<allocation-satisfied id="234" threadId="0000000000019A00" bytesRequested="4640" />
<af-end id="235" timestamp="2020-09-11T10:47:30.502" threadId="000000000001A380" success="true" from="nursery"/>
<exclusive-end id="236" timestamp="2020-09-11T10:47:30.502" durationms="4.211" />

<exclusive-start id="237" timestamp="2020-09-11T10:47:30.524" intervalms="25.814">
  <response-info timems="0.134" idlems="0.134" threads="0" lastid="0000000000019A00" lastname="main" />
</exclusive-start>
<af-start id="238" threadId="000000000001A380" totalBytesRequested="5600" timestamp="2020-09-11T10:47:30.524" intervalms="25.818" type="nursery" />
<cycle-start id="239" type="scavenge" contextid="0" timestamp="2020-09-11T10:47:30.524" intervalms="25.820" />
<gc-start id="240" type="scavenge" contextid="239" timestamp="2020-09-11T10:47:30.524">
  <mem-info id="241" free="3415784" total="10092544" percent="33">
    <mem type="nursery" free="0" total="3801088" percent="0">
      <mem type="allocate" free="0" total="3276800" percent="0" />
      <mem type="survivor" free="0" total="524288" percent="0" />
    </mem>
    <mem type="tenure" free="3415784" total="6291456" percent="54">
      <mem type="soa" free="3100392" total="5976064" percent="51" />
      <mem type="loa" free="315392" total="315392" percent="100" />
    </mem>
    <remembered-set count="133" />
  </mem-info>
</gc-start>
<allocation-stats totalBytes="3123296" >
  <allocated-bytes non-tlh="4640" tlh="3118656" />
  <largest-consumer threadName="main" threadId="0000000000019A00" bytes="3123296" />
</allocation-stats>
<gc-op id="242" type="scavenge" timems="1.202" contextid="239" timestamp="2020-09-11T10:47:30.525">
  <scavenger-info tenureage="5" tenuremask="ffe0" tiltratio="86" />
  <memory-copied type="nursery" objects="2350" bytes="127128" bytesdiscarded="24152" />
</gc-op>
<gc-end id="243" type="scavenge" contextid="239" durationms="1.319" usertimems="5.808" systemtimems="0.000" timestamp="2020-09-11T10:47:30.525" activeThreads="4">
  <mem-info id="244" free="6672376" total="10092544" percent="66">
    <mem type="nursery" free="3256592" total="3801088" percent="85">
      <mem type="allocate" free="3256592" total="3407872" percent="95" />
      <mem type="survivor" free="0" total="393216" percent="0" />
    </mem>
    <mem type="tenure" free="3415784" total="6291456" percent="54">
      <mem type="soa" free="3100392" total="5976064" percent="51" />
      <mem type="loa" free="315392" total="315392" percent="100" />
    </mem>
    <remembered-set count="132" />
  </mem-info>
</gc-end>
<cycle-end id="245" type="scavenge" contextid="239" timestamp="2020-09-11T10:47:30.526" />
<allocation-satisfied id="246" threadId="0000000000019A00" bytesRequested="5600" />
<af-end id="247" timestamp="2020-09-11T10:47:30.526" threadId="000000000001A380" success="true" from="nursery"/>
<exclusive-end id="248" timestamp="2020-09-11T10:47:30.526" durationms="1.977" />

<exclusive-start id="249" timestamp="2020-09-11T10:47:30.545" intervalms="20.711">
  <response-info timems="0.101" idlems="0.101" threads="0" lastid="0000000000019A00" lastname="main" />
</exclusive-start>
<af-start id="250" threadId="000000000001A380" totalBytesRequested="4880" timestamp="2020-09-11T10:47:30.545" intervalms="20.705" type="nursery" />
<cycle-start id="251" type="scavenge" contextid="0" timestamp="2020-09-11T10:47:30.545" intervalms="20.702" />
<gc-start id="252" type="scavenge" contextid="251" timestamp="2020-09-11T10:47:30.545">
  <mem-info id="253" free="3415784" total="10092544" percent="33">
    <mem type="nursery" free="0" total="3801088" percent="0">
      <mem type="allocate" free="0" total="3407872" percent="0" />
      <mem type="survivor" free="0" total="393216" percent="0" />
    </mem>
    <mem type="tenure" free="3415784" total="6291456" percent="54">
      <mem type="soa" free="3100392" total="5976064" percent="51" />
      <mem type="loa" free="315392" total="315392" percent="100" />
    </mem>
    <remembered-set count="150" />
  </mem-info>
</gc-start>
<allocation-stats totalBytes="3150000" >
  <allocated-bytes non-tlh="88488" tlh="3061512" />
  <largest-consumer threadName="main" threadId="0000000000019A00" bytes="3150000" />
</allocation-stats>
<gc-op id="254" type="scavenge" timems="1.062" contextid="251" timestamp="2020-09-11T10:47:30.546">
  <scavenger-info tenureage="3" tenuremask="fff8" tiltratio="89" />
  <memory-copied type="nursery" objects="2436" bytes="127336" bytesdiscarded="39320" />
  <memory-copied type="tenure" objects="684" bytes="35744" bytesdiscarded="136" />
</gc-op>
<gc-end id="255" type="scavenge" contextid="251" durationms="1.175" usertimems="1.517" systemtimems="0.000" timestamp="2020-09-11T10:47:30.546" activeThreads="4">
  <mem-info id="256" free="6633192" total="10092544" percent="65">
    <mem type="nursery" free="3241216" total="3801088" percent="85">
      <mem type="allocate" free="3241216" total="3407872" percent="95" />
      <mem type="survivor" free="0" total="393216" percent="0" />
    </mem>
    <mem type="tenure" free="3391976" total="6291456" percent="53">
      <mem type="soa" free="3076584" total="5976064" percent="51" />
      <mem type="loa" free="315392" total="315392" percent="100" />
    </mem>
    <remembered-set count="144" />
  </mem-info>
</gc-end>
<cycle-end id="257" type="scavenge" contextid="251" timestamp="2020-09-11T10:47:30.546" />
<allocation-satisfied id="258" threadId="0000000000019A00" bytesRequested="4880" />
<af-end id="259" timestamp="2020-09-11T10:47:30.546" threadId="000000000001A380" success="true" from="nursery"/>
<exclusive-end id="260" timestamp="2020-09-11T10:47:30.546" durationms="1.633" />

<exclusive-start id="261" timestamp="2020-09-11T10:47:30.559" intervalms="14.870">
  <response-info timems="0.165" idlems="0.165" threads="0" lastid="0000000000019A00" lastname="main" />
</exclusive-start>
<af-start id="262" threadId="000000000001A380" totalBytesRequested="167304" timestamp="2020-09-11T10:47:30.559" intervalms="14.852" type="nursery" />
<cycle-start id="263" type="scavenge" contextid="0" timestamp="2020-09-11T10:47:30.560" intervalms="14.851" />
<gc-start id="264" type="scavenge" contextid="263" timestamp="2020-09-11T10:47:30.560">
  <mem-info id="265" free="3485520" total="10092544" percent="34">
    <mem type="nursery" free="93544" total="3801088" percent="2">
      <mem type="allocate" free="93544" total="3407872" percent="2" />
      <mem type="survivor" free="0" total="393216" percent="0" />
    </mem>
    <mem type="tenure" free="3391976" total="6291456" percent="53">
      <mem type="soa" free="3076584" total="5976064" percent="51" />
      <mem type="loa" free="315392" total="315392" percent="100" />
    </mem>
    <remembered-set count="155" />
  </mem-info>
</gc-start>
<allocation-stats totalBytes="3070720" >
  <allocated-bytes non-tlh="317336" tlh="2753384" />
  <largest-consumer threadName="main" threadId="0000000000019A00" bytes="3070720" />
</allocation-stats>
<gc-op id="266" type="scavenge" timems="1.349" contextid="263" timestamp="2020-09-11T10:47:30.561">
  <scavenger-info tenureage="3" tenuremask="ffe8" tiltratio="89" />
  <memory-copied type="nursery" objects="2452" bytes="205680" bytesdiscarded="20824" />
  <memory-copied type="tenure" objects="848" bytes="42808" bytesdiscarded="48" />
</gc-op>
<heap-resize id="267" type="expand" space="nursery" amount="262144" count="1" timems="0.027" reason="excessive time being spent scavenging" timestamp="2020-09-11T10:47:30.561" />
<gc-end id="268" type="scavenge" contextid="263" durationms="1.513" usertimems="2.051" systemtimems="0.000" timestamp="2020-09-11T10:47:30.561" activeThreads="4">
  <mem-info id="269" free="6722336" total="10354688" percent="64">
    <mem type="nursery" free="3377976" total="4063232" percent="83">
      <mem type="allocate" free="3377976" total="3604480" percent="93" />
      <mem type="survivor" free="0" total="458752" percent="0" />
    </mem>
    <mem type="tenure" free="3344360" total="6291456" percent="53">
      <mem type="soa" free="3028968" total="5976064" percent="50" />
      <mem type="loa" free="315392" total="315392" percent="100" />
    </mem>
    <remembered-set count="124" />
  </mem-info>
</gc-end>
<cycle-end id="270" type="scavenge" contextid="263" timestamp="2020-09-11T10:47:30.561" />
<allocation-satisfied id="271" threadId="0000000000019A00" bytesRequested="167304" />
<af-end id="272" timestamp="2020-09-11T10:47:30.561" threadId="000000000001A380" success="true" from="nursery"/>
<exclusive-end id="273" timestamp="2020-09-11T10:47:30.561" durationms="2.000" />

<exclusive-start id="274" timestamp="2020-09-11T10:47:30.577" intervalms="17.942">
  <response-info timems="0.103" idlems="0.103" threads="0" lastid="0000000000019A00" lastname="main" />
</exclusive-start>
<af-start id="275" threadId="000000000001A380" totalBytesRequested="4104" timestamp="2020-09-11T10:47:30.577" intervalms="17.952" type="nursery" />
<cycle-start id="276" type="scavenge" contextid="0" timestamp="2020-09-11T10:47:30.577" intervalms="17.951" />
<gc-start id="277" type="scavenge" contextid="276" timestamp="2020-09-11T10:47:30.578">
  <mem-info id="278" free="3344320" total="10354688" percent="32">
    <mem type="nursery" free="0" total="4063232" percent="0">
      <mem type="allocate" free="0" total="3604480" percent="0" />
      <mem type="survivor" free="0" total="458752" percent="0" />
    </mem>
    <mem type="tenure" free="3344320" total="6291456" percent="53">
      <mem type="soa" free="3028928" total="5976064" percent="50" />
      <mem type="loa" free="315392" total="315392" percent="100" />
    </mem>
    <remembered-set count="135" />
  </mem-info>
</gc-start>
<allocation-stats totalBytes="3335328" >
  <allocated-bytes non-tlh="1772592" tlh="1562736" />
  <largest-consumer threadName="main" threadId="0000000000019A00" bytes="3335328" />
</allocation-stats>
<gc-op id="279" type="scavenge" timems="1.027" contextid="276" timestamp="2020-09-11T10:47:30.579">
  <scavenger-info tenureage="3" tenuremask="ffe8" tiltratio="88" />
  <memory-copied type="nursery" objects="2266" bytes="116904" bytesdiscarded="25928" />
  <memory-copied type="tenure" objects="816" bytes="40128" bytesdiscarded="88" />
  <references type="soft" candidates="1" cleared="0" enqueued="0" dynamicThreshold="32" maxThreshold="32" />
  <references type="weak" candidates="4" cleared="4" enqueued="4" />
  <references type="phantom" candidates="4" cleared="0" enqueued="0" />
</gc-op>
<gc-end id="280" type="scavenge" contextid="276" durationms="1.160" usertimems="1.945" systemtimems="0.000" timestamp="2020-09-11T10:47:30.579" activeThreads="4">
  <mem-info id="281" free="6758336" total="10354688" percent="65">
    <mem type="nursery" free="3461632" total="4063232" percent="85">
      <mem type="allocate" free="3461632" total="3604480" percent="96" />
      <mem type="survivor" free="0" total="458752" percent="0" />
    </mem>
    <mem type="tenure" free="3296704" total="6291456" percent="52">
      <mem type="soa" free="2981312" total="5976064" percent="49" />
      <mem type="loa" free="315392" total="315392" percent="100" />
    </mem>
    <pending-finalizers system="0" default="0" reference="4" classloader="0" />
    <remembered-set count="171" />
  </mem-info>
</gc-end>
<cycle-end id="282" type="scavenge" contextid="276" timestamp="2020-09-11T10:47:30.579" />
<allocation-satisfied id="283" threadId="0000000000019A00" bytesRequested="4104" />
<af-end id="284" timestamp="2020-09-11T10:47:30.579" threadId="000000000001A380" success="true" from="nursery"/>
<exclusive-end id="285" timestamp="2020-09-11T10:47:30.579" durationms="1.609" />

<exclusive-start id="286" timestamp="2020-09-11T10:47:30.594" intervalms="16.873">
  <response-info timems="0.114" idlems="0.114" threads="0" lastid="0000000000019A00" lastname="main" />
</exclusive-start>
<af-start id="287" threadId="000000000001A380" totalBytesRequested="13048" timestamp="2020-09-11T10:47:30.594" intervalms="16.855" type="nursery" />
<cycle-start id="288" type="scavenge" contextid="0" timestamp="2020-09-11T10:47:30.594" intervalms="16.855" />
<gc-start id="289" type="scavenge" contextid="288" timestamp="2020-09-11T10:47:30.594">
  <mem-info id="290" free="3296704" total="10354688" percent="31">
    <mem type="nursery" free="0" total="4063232" percent="0">
      <mem type="allocate" free="0" total="3604480" percent="0" />
      <mem type="survivor" free="0" total="458752" percent="0" />
    </mem>
    <mem type="tenure" free="3296704" total="6291456" percent="52">
      <mem type="soa" free="2981312" total="5976064" percent="49" />
      <mem type="loa" free="315392" total="315392" percent="100" />
    </mem>
    <remembered-set count="171" />
  </mem-info>
</gc-start>
<allocation-stats totalBytes="3386184" >
  <allocated-bytes non-tlh="280984" tlh="3105200" />
  <largest-consumer threadName="main" threadId="0000000000019A00" bytes="3386184" />
</allocation-stats>
<gc-op id="291" type="scavenge" timems="1.749" contextid="288" timestamp="2020-09-11T10:47:30.596">
  <scavenger-info tenureage="3" tenuremask="7008" tiltratio="88" />
  <memory-copied type="nursery" objects="2197" bytes="136456" bytesdiscarded="6376" />
  <memory-copied type="tenure" objects="768" bytes="37744" bytesdiscarded="160" />
  <references type="soft" candidates="1" cleared="0" enqueued="0" dynamicThreshold="32" maxThreshold="32" />
  <references type="phantom" candidates="4" cleared="0" enqueued="0" />
</gc-op>
<heap-resize id="292" type="expand" space="nursery" amount="262144" count="1" timems="0.028" reason="excessive time being spent scavenging" timestamp="2020-09-11T10:47:30.596" />
<gc-end id="293" type="scavenge" contextid="288" durationms="1.905" usertimems="2.623" systemtimems="0.374" timestamp="2020-09-11T10:47:30.596" activeThreads="4">
  <mem-info id="294" free="6907328" total="10616832" percent="65">
    <mem type="nursery" free="3658240" total="4325376" percent="84">
      <mem type="allocate" free="3658240" total="3801088" percent="96" />
      <mem type="survivor" free="0" total="524288" percent="0" />
    </mem>
    <mem type="tenure" free="3249088" total="6291456" percent="51">
      <mem type="soa" free="2933696" total="5976064" percent="49" />
      <mem type="loa" free="315392" total="315392" percent="100" />
    </mem>
    <remembered-set count="139" />
  </mem-info>
</gc-end>
<cycle-end id="295" type="scavenge" contextid="288" timestamp="2020-09-11T10:47:30.596" />
<allocation-satisfied id="296" threadId="0000000000019A00" bytesRequested="13048" />
<af-end id="297" timestamp="2020-09-11T10:47:30.597" threadId="000000000001A380" success="true" from="nursery"/>
<exclusive-end id="298" timestamp="2020-09-11T10:47:30.597" durationms="2.338" />

<exclusive-start id="299" timestamp="2020-09-11T10:47:30.611" intervalms="16.317">
  <response-info timems="0.106" idlems="0.106" threads="0" lastid="0000000000019A00" lastname="main" />
</exclusive-start>
<af-start id="300" threadId="000000000001A380" totalBytesRequested="880" timestamp="2020-09-11T10:47:30.611" intervalms="16.321" type="nursery" />
<cycle-start id="301" type="scavenge" contextid="0" timestamp="2020-09-11T10:47:30.611" intervalms="16.325" />
<gc-start id="302" type="scavenge" contextid="301" timestamp="2020-09-11T10:47:30.611">
  <mem-info id="303" free="3249088" total="10616832" percent="30">
    <mem type="nursery" free="0" total="4325376" percent="0">
      <mem type="allocate" free="0" total="3801088" percent="0" />
      <mem type="survivor" free="0" total="524288" percent="0" />
    </mem>
    <mem type="tenure" free="3249088" total="6291456" percent="51">
      <mem type="soa" free="2933696" total="5976064" percent="49" />
      <mem type="loa" free="315392" total="315392" percent="100" />
    </mem>
    <remembered-set count="142" />
  </mem-info>
</gc-start>
<allocation-stats totalBytes="3603328" >
  <allocated-bytes non-tlh="13048" tlh="3590280" />
  <largest-consumer threadName="main" threadId="0000000000019A00" bytes="3603328" />
</allocation-stats>
<gc-op id="304" type="scavenge" timems="1.184" contextid="301" timestamp="2020-09-11T10:47:30.612">
  <scavenger-info tenureage="3" tenuremask="6008" tiltratio="87" />
  <memory-copied type="nursery" objects="2363" bytes="125608" bytesdiscarded="17224" />
  <memory-copied type="tenure" objects="864" bytes="39944" bytesdiscarded="24" />
  <references type="soft" candidates="1" cleared="0" enqueued="0" dynamicThreshold="32" maxThreshold="32" />
  <references type="phantom" candidates="4" cleared="0" enqueued="0" />
</gc-op>
<gc-end id="305" type="scavenge" contextid="301" durationms="1.307" usertimems="2.066" systemtimems="0.295" timestamp="2020-09-11T10:47:30.612" activeThreads="5">
  <mem-info id="306" free="6949056" total="10616832" percent="65">
    <mem type="nursery" free="3723776" total="4325376" percent="86">
      <mem type="allocate" free="3723776" total="3866624" percent="96" />
      <mem type="survivor" free="0" total="458752" percent="0" />
    </mem>
    <mem type="tenure" free="3225280" total="6291456" percent="51">
      <mem type="soa" free="2909888" total="5976064" percent="48" />
      <mem type="loa" free="315392" total="315392" percent="100" />
    </mem>
    <remembered-set count="79" />
  </mem-info>
</gc-end>
<cycle-end id="307" type="scavenge" contextid="301" timestamp="2020-09-11T10:47:30.612" />
<allocation-satisfied id="308" threadId="0000000000019A00" bytesRequested="880" />
<af-end id="309" timestamp="2020-09-11T10:47:30.612" threadId="000000000001A380" success="true" from="nursery"/>
<exclusive-end id="310" timestamp="2020-09-11T10:47:30.612" durationms="1.752" />

<exclusive-start id="311" timestamp="2020-09-11T10:47:30.627" intervalms="16.721">
  <response-info timems="0.776" idlems="0.776" threads="0" lastid="0000000000019A00" lastname="main" />
</exclusive-start>
<af-start id="312" threadId="000000000001A380" totalBytesRequested="8200" timestamp="2020-09-11T10:47:30.627" intervalms="16.731" type="nursery" />
<cycle-start id="313" type="scavenge" contextid="0" timestamp="2020-09-11T10:47:30.627" intervalms="16.731" />
<gc-start id="314" type="scavenge" contextid="313" timestamp="2020-09-11T10:47:30.628">
  <mem-info id="315" free="3225280" total="10616832" percent="30">
    <mem type="nursery" free="0" total="4325376" percent="0">
      <mem type="allocate" free="0" total="3866624" percent="0" />
      <mem type="survivor" free="0" total="458752" percent="0" />
    </mem>
    <mem type="tenure" free="3225280" total="6291456" percent="51">
      <mem type="soa" free="2909888" total="5976064" percent="48" />
      <mem type="loa" free="315392" total="315392" percent="100" />
    </mem>
    <remembered-set count="81" />
  </mem-info>
</gc-start>
<allocation-stats totalBytes="3614256" >
  <allocated-bytes non-tlh="880" tlh="3613376" />
  <largest-consumer threadName="main" threadId="0000000000019A00" bytes="3614256" />
</allocation-stats>
<gc-op id="316" type="scavenge" timems="1.577" contextid="313" timestamp="2020-09-11T10:47:30.629">
  <scavenger-info tenureage="14" tenuremask="4000" tiltratio="89" />
  <memory-copied type="nursery" objects="3373" bytes="174808" bytesdiscarded="31000" />
  <references type="soft" candidates="1" cleared="0" enqueued="0" dynamicThreshold="32" maxThreshold="32" />
  <references type="phantom" candidates="4" cleared="0" enqueued="0" />
</gc-op>
<heap-resize id="317" type="expand" space="nursery" amount="262144" count="1" timems="0.029" reason="excessive time being spent scavenging" timestamp="2020-09-11T10:47:30.629" />
<gc-end id="318" type="scavenge" contextid="313" durationms="1.740" usertimems="2.242" systemtimems="0.000" timestamp="2020-09-11T10:47:30.629" activeThreads="5">
  <mem-info id="319" free="7082688" total="10878976" percent="65">
    <mem type="nursery" free="3857408" total="4587520" percent="84">
      <mem type="allocate" free="3857408" total="4063232" percent="94" />
      <mem type="survivor" free="0" total="524288" percent="0" />
    </mem>
    <mem type="tenure" free="3225280" total="6291456" percent="51">
      <mem type="soa" free="2909888" total="5976064" percent="48" />
      <mem type="loa" free="315392" total="315392" percent="100" />
    </mem>
    <remembered-set count="80" />
  </mem-info>
</gc-end>
<cycle-end id="320" type="scavenge" contextid="313" timestamp="2020-09-11T10:47:30.629" />
<allocation-satisfied id="321" threadId="0000000000019A00" bytesRequested="8200" />
<af-end id="322" timestamp="2020-09-11T10:47:30.629" threadId="000000000001A380" success="true" from="nursery"/>
<exclusive-end id="323" timestamp="2020-09-11T10:47:30.629" durationms="2.179" />

<exclusive-start id="324" timestamp="2020-09-11T10:47:30.647" intervalms="19.285">
  <response-info timems="0.114" idlems="0.114" threads="0" lastid="0000000000019A00" lastname="main" />
</exclusive-start>
<af-start id="325" threadId="000000000001A380" totalBytesRequested="1944" timestamp="2020-09-11T10:47:30.647" intervalms="19.298" type="nursery" />
<cycle-start id="326" type="scavenge" contextid="0" timestamp="2020-09-11T10:47:30.647" intervalms="19.301" />
<gc-start id="327" type="scavenge" contextid="326" timestamp="2020-09-11T10:47:30.647">
  <mem-info id="328" free="3225280" total="10878976" percent="29">
    <mem type="nursery" free="0" total="4587520" percent="0">
      <mem type="allocate" free="0" total="4063232" percent="0" />
      <mem type="survivor" free="0" total="524288" percent="0" />
    </mem>
    <mem type="tenure" free="3225280" total="6291456" percent="51">
      <mem type="soa" free="2909888" total="5976064" percent="48" />
      <mem type="loa" free="315392" total="315392" percent="100" />
    </mem>
    <remembered-set count="82" />
  </mem-info>
</gc-start>
<allocation-stats totalBytes="3717384" >
  <allocated-bytes non-tlh="62448" tlh="3654936" />
  <largest-consumer threadName="main" threadId="0000000000019A00" bytes="3717384" />
</allocation-stats>
<gc-op id="329" type="scavenge" timems="1.882" contextid="326" timestamp="2020-09-11T10:47:30.649">
  <scavenger-info tenureage="3" tenuremask="4008" tiltratio="88" />
  <memory-copied type="nursery" objects="3520" bytes="197544" bytesdiscarded="26720" />
  <memory-copied type="tenure" objects="716" bytes="36384" bytesdiscarded="24" />
  <references type="soft" candidates="1" cleared="0" enqueued="0" dynamicThreshold="32" maxThreshold="32" />
  <references type="phantom" candidates="4" cleared="0" enqueued="0" />
</gc-op>
<heap-resize id="330" type="expand" space="nursery" amount="262144" count="1" timems="0.032" reason="excessive time being spent scavenging" timestamp="2020-09-11T10:47:30.649" />
<gc-end id="331" type="scavenge" contextid="326" durationms="2.054" usertimems="0.000" systemtimems="3.043" timestamp="2020-09-11T10:47:30.649" activeThreads="5">
  <mem-info id="332" free="7302568" total="11141120" percent="65">
    <mem type="nursery" free="4101096" total="4849664" percent="84">
      <mem type="allocate" free="4101096" total="4325376" percent="94" />
      <mem type="survivor" free="0" total="524288" percent="0" />
    </mem>
    <mem type="tenure" free="3201472" total="6291456" percent="50">
      <mem type="soa" free="2886080" total="5976064" percent="48" />
      <mem type="loa" free="315392" total="315392" percent="100" />
    </mem>
    <remembered-set count="107" />
  </mem-info>
</gc-end>
<cycle-end id="333" type="scavenge" contextid="326" timestamp="2020-09-11T10:47:30.649" />
<allocation-satisfied id="334" threadId="0000000000019A00" bytesRequested="1944" />
<af-end id="335" timestamp="2020-09-11T10:47:30.649" threadId="000000000001A380" success="true" from="nursery"/>
<exclusive-end id="336" timestamp="2020-09-11T10:47:30.649" durationms="2.759" />

<exclusive-start id="337" timestamp="2020-09-11T10:47:30.675" intervalms="28.751">
  <response-info timems="0.635" idlems="0.635" threads="0" lastid="0000000000019A00" lastname="main" />
</exclusive-start>
<af-start id="338" threadId="000000000001A380" totalBytesRequested="4104" timestamp="2020-09-11T10:47:30.675" intervalms="28.759" type="nursery" />
<cycle-start id="339" type="scavenge" contextid="0" timestamp="2020-09-11T10:47:30.675" intervalms="28.765" />
<gc-start id="340" type="scavenge" contextid="339" timestamp="2020-09-11T10:47:30.676">
  <mem-info id="341" free="3201472" total="11141120" percent="28">
    <mem type="nursery" free="0" total="4849664" percent="0">
      <mem type="allocate" free="0" total="4325376" percent="0" />
      <mem type="survivor" free="0" total="524288" percent="0" />
    </mem>
    <mem type="tenure" free="3201472" total="6291456" percent="50">
      <mem type="soa" free="2886080" total="5976064" percent="48" />
      <mem type="loa" free="315392" total="315392" percent="100" />
    </mem>
    <remembered-set count="107" />
  </mem-info>
</gc-start>
<allocation-stats totalBytes="4020920" >
  <allocated-bytes non-tlh="110952" tlh="3909968" />
  <largest-consumer threadName="main" threadId="0000000000019A00" bytes="4020920" />
</allocation-stats>
<gc-op id="342" type="scavenge" timems="1.927" contextid="339" timestamp="2020-09-11T10:47:30.678">
  <scavenger-info tenureage="3" tenuremask="4028" tiltratio="89" />
  <memory-copied type="nursery" objects="3006" bytes="167800" bytesdiscarded="21120" />
  <memory-copied type="tenure" objects="1530" bytes="76248" bytesdiscarded="32" />
  <references type="phantom" candidates="2" cleared="0" enqueued="0" />
</gc-op>
<gc-end id="343" type="scavenge" contextid="339" durationms="2.100" usertimems="7.564" systemtimems="0.000" timestamp="2020-09-11T10:47:30.678" activeThreads="5">
  <mem-info id="344" free="7235776" total="11141120" percent="64">
    <mem type="nursery" free="4136448" total="4849664" percent="85">
      <mem type="allocate" free="4136448" total="4325376" percent="95" />
      <mem type="survivor" free="0" total="524288" percent="0" />
    </mem>
    <mem type="tenure" free="3099328" total="6291456" percent="49">
      <mem type="soa" free="2783936" total="5976064" percent="46" />
      <mem type="loa" free="315392" total="315392" percent="100" />
    </mem>
    <remembered-set count="100" />
  </mem-info>
</gc-end>
<cycle-end id="345" type="scavenge" contextid="339" timestamp="2020-09-11T10:47:30.678" />
<allocation-satisfied id="346" threadId="0000000000019A00" bytesRequested="4104" />
<af-end id="347" timestamp="2020-09-11T10:47:30.678" threadId="000000000001A380" success="true" from="nursery"/>
<exclusive-end id="348" timestamp="2020-09-11T10:47:30.678" durationms="2.712" />

<exclusive-start id="349" timestamp="2020-09-11T10:47:30.691" intervalms="16.201">
  <response-info timems="0.130" idlems="0.130" threads="0" lastid="0000000000019A00" lastname="main" />
</exclusive-start>
<af-start id="350" threadId="000000000001A380" totalBytesRequested="37408" timestamp="2020-09-11T10:47:30.692" intervalms="16.173" type="nursery" />
<cycle-start id="351" type="scavenge" contextid="0" timestamp="2020-09-11T10:47:30.692" intervalms="16.160" />
<gc-start id="352" type="scavenge" contextid="351" timestamp="2020-09-11T10:47:30.692">
  <mem-info id="353" free="3099328" total="11141120" percent="27">
    <mem type="nursery" free="0" total="4849664" percent="0">
      <mem type="allocate" free="0" total="4325376" percent="0" />
      <mem type="survivor" free="0" total="524288" percent="0" />
    </mem>
    <mem type="tenure" free="3099328" total="6291456" percent="49">
      <mem type="soa" free="2783936" total="5976064" percent="46" />
      <mem type="loa" free="315392" total="315392" percent="100" />
    </mem>
    <remembered-set count="101" />
  </mem-info>
</gc-start>
<allocation-stats totalBytes="3979136" >
  <allocated-bytes non-tlh="4104" tlh="3975032" />
  <largest-consumer threadName="main" threadId="0000000000019A00" bytes="3979136" />
</allocation-stats>
<gc-op id="354" type="scavenge" timems="1.572" contextid="351" timestamp="2020-09-11T10:47:30.693">
  <scavenger-info tenureage="3" tenuremask="4008" tiltratio="89" />
  <memory-copied type="nursery" objects="2963" bytes="204024" bytesdiscarded="4200" />
  <memory-copied type="tenure" objects="1090" bytes="58568" bytesdiscarded="128" />
  <references type="phantom" candidates="2" cleared="0" enqueued="0" />
</gc-op>
<heap-resize id="355" type="expand" space="nursery" amount="393216" count="1" timems="0.030" reason="excessive time being spent scavenging" timestamp="2020-09-11T10:47:30.693" />
<gc-end id="356" type="scavenge" contextid="351" durationms="1.769" usertimems="3.082" systemtimems="0.000" timestamp="2020-09-11T10:47:30.693" activeThreads="5">
  <mem-info id="357" free="7496536" total="11534336" percent="64">
    <mem type="nursery" free="4444824" total="5242880" percent="84">
      <mem type="allocate" free="4444824" total="4653056" percent="95" />
      <mem type="survivor" free="0" total="589824" percent="0" />
    </mem>
    <mem type="tenure" free="3051712" total="6291456" percent="48">
      <mem type="soa" free="2736320" total="5976064" percent="45" />
      <mem type="loa" free="315392" total="315392" percent="100" />
    </mem>
    <remembered-set count="94" />
  </mem-info>
</gc-end>
<cycle-end id="358" type="scavenge" contextid="351" timestamp="2020-09-11T10:47:30.694" />
<allocation-satisfied id="359" threadId="0000000000019A00" bytesRequested="37408" />
<af-end id="360" timestamp="2020-09-11T10:47:30.694" threadId="000000000001A380" success="true" from="nursery"/>
<exclusive-end id="361" timestamp="2020-09-11T10:47:30.694" durationms="2.184" />

<exclusive-start id="362" timestamp="2020-09-11T10:47:30.709" intervalms="17.630">
  <response-info timems="0.571" idlems="0.571" threads="0" lastid="0000000000019A00" lastname="main" />
</exclusive-start>
<af-start id="363" threadId="000000000001A380" totalBytesRequested="4104" timestamp="2020-09-11T10:47:30.709" intervalms="17.632" type="nursery" />
<cycle-start id="364" type="scavenge" contextid="0" timestamp="2020-09-11T10:47:30.709" intervalms="17.631" />
<gc-start id="365" type="scavenge" contextid="364" timestamp="2020-09-11T10:47:30.709">
  <mem-info id="366" free="3051712" total="11534336" percent="26">
    <mem type="nursery" free="0" total="5242880" percent="0">
      <mem type="allocate" free="0" total="4653056" percent="0" />
      <mem type="survivor" free="0" total="589824" percent="0" />
    </mem>
    <mem type="tenure" free="3051712" total="6291456" percent="48">
      <mem type="soa" free="2736320" total="5976064" percent="45" />
      <mem type="loa" free="315392" total="315392" percent="100" />
    </mem>
    <remembered-set count="100" />
  </mem-info>
</gc-start>
<allocation-stats totalBytes="4264688" >
  <allocated-bytes non-tlh="37408" tlh="4227280" />
  <largest-consumer threadName="main" threadId="0000000000019A00" bytes="4264688" />
</allocation-stats>
<gc-op id="367" type="scavenge" timems="1.808" contextid="364" timestamp="2020-09-11T10:47:30.711">
  <scavenger-info tenureage="2" tenuremask="400c" tiltratio="88" />
  <memory-copied type="nursery" objects="2298" bytes="138752" bytesdiscarded="18448" />
  <memory-copied type="tenure" objects="1790" bytes="87816" bytesdiscarded="216" />
  <references type="soft" candidates="1" cleared="0" enqueued="0" dynamicThreshold="32" maxThreshold="32" />
  <references type="phantom" candidates="4" cleared="0" enqueued="0" />
</gc-op>
<heap-resize id="368" type="expand" space="nursery" amount="262144" count="1" timems="0.029" reason="excessive time being spent scavenging" timestamp="2020-09-11T10:47:30.711" />
<gc-end id="369" type="scavenge" contextid="364" durationms="1.995" usertimems="2.711" systemtimems="0.387" timestamp="2020-09-11T10:47:30.711" activeThreads="5">
  <mem-info id="370" free="7714464" total="11796480" percent="65">
    <mem type="nursery" free="4757984" total="5505024" percent="86">
      <mem type="allocate" free="4757984" total="4915200" percent="96" />
      <mem type="survivor" free="0" total="589824" percent="0" />
    </mem>
    <mem type="tenure" free="2956480" total="6291456" percent="46">
      <mem type="soa" free="2641088" total="5976064" percent="44" />
      <mem type="loa" free="315392" total="315392" percent="100" />
    </mem>
    <remembered-set count="288" />
  </mem-info>
</gc-end>
<cycle-end id="371" type="scavenge" contextid="364" timestamp="2020-09-11T10:47:30.711" />
<allocation-satisfied id="372" threadId="0000000000019A00" bytesRequested="4104" />
<af-end id="373" timestamp="2020-09-11T10:47:30.711" threadId="000000000001A380" success="true" from="nursery"/>
<exclusive-end id="374" timestamp="2020-09-11T10:47:30.711" durationms="2.406" />

<exclusive-start id="375" timestamp="2020-09-11T10:47:30.728" intervalms="18.786">
  <response-info timems="0.105" idlems="0.105" threads="0" lastid="0000000000019A00" lastname="main" />
</exclusive-start>
<af-start id="376" threadId="000000000001A380" totalBytesRequested="4104" timestamp="2020-09-11T10:47:30.728" intervalms="18.784" type="nursery" />
<cycle-start id="377" type="scavenge" contextid="0" timestamp="2020-09-11T10:47:30.728" intervalms="18.794" />
<gc-start id="378" type="scavenge" contextid="377" timestamp="2020-09-11T10:47:30.728">
  <mem-info id="379" free="2956480" total="11796480" percent="25">
    <mem type="nursery" free="0" total="5505024" percent="0">
      <mem type="allocate" free="0" total="4915200" percent="0" />
      <mem type="survivor" free="0" total="589824" percent="0" />
    </mem>
    <mem type="tenure" free="2956480" total="6291456" percent="46">
      <mem type="soa" free="2641088" total="5976064" percent="44" />
      <mem type="loa" free="315392" total="315392" percent="100" />
    </mem>
    <remembered-set count="330" />
  </mem-info>
</gc-start>
<allocation-stats totalBytes="4625224" >
  <allocated-bytes non-tlh="77328" tlh="4547896" />
  <largest-consumer threadName="main" threadId="0000000000019A00" bytes="4625224" />
</allocation-stats>
<gc-op id="380" type="scavenge" timems="2.117" contextid="377" timestamp="2020-09-11T10:47:30.730">
  <scavenger-info tenureage="14" tenuremask="4000" tiltratio="89" />
  <memory-copied type="nursery" objects="3014" bytes="148648" bytesdiscarded="41808" />
  <references type="phantom" candidates="2" cleared="0" enqueued="0" />
</gc-op>
<heap-resize id="381" type="expand" space="nursery" amount="393216" count="1" timems="0.026" reason="excessive time being spent scavenging" timestamp="2020-09-11T10:47:30.730" />
<gc-end id="382" type="scavenge" contextid="377" durationms="2.302" usertimems="1.725" systemtimems="2.623" timestamp="2020-09-11T10:47:30.730" activeThreads="5">
  <mem-info id="383" free="8008896" total="12189696" percent="65">
    <mem type="nursery" free="5052416" total="5898240" percent="85">
      <mem type="allocate" free="5052416" total="5242880" percent="96" />
      <mem type="survivor" free="0" total="655360" percent="0" />
    </mem>
    <mem type="tenure" free="2956480" total="6291456" percent="46">
      <mem type="soa" free="2641088" total="5976064" percent="44" />
      <mem type="loa" free="315392" total="315392" percent="100" />
    </mem>
    <remembered-set count="324" />
  </mem-info>
</gc-end>
<cycle-end id="384" type="scavenge" contextid="377" timestamp="2020-09-11T10:47:30.731" />
<allocation-satisfied id="385" threadId="0000000000019A00" bytesRequested="4104" />
<af-end id="386" timestamp="2020-09-11T10:47:30.731" threadId="000000000001A380" success="true" from="nursery"/>
<exclusive-end id="387" timestamp="2020-09-11T10:47:30.731" durationms="2.923" />

<exclusive-start id="388" timestamp="2020-09-11T10:47:30.756" intervalms="28.358">
  <response-info timems="0.127" idlems="0.127" threads="0" lastid="0000000000019A00" lastname="main" />
</exclusive-start>
<af-start id="389" threadId="000000000001A380" totalBytesRequested="9520" timestamp="2020-09-11T10:47:30.756" intervalms="28.394" type="nursery" />
<cycle-start id="390" type="scavenge" contextid="0" timestamp="2020-09-11T10:47:30.756" intervalms="28.391" />
<gc-start id="391" type="scavenge" contextid="390" timestamp="2020-09-11T10:47:30.757">
  <mem-info id="392" free="2956480" total="12189696" percent="24">
    <mem type="nursery" free="0" total="5898240" percent="0">
      <mem type="allocate" free="0" total="5242880" percent="0" />
      <mem type="survivor" free="0" total="655360" percent="0" />
    </mem>
    <mem type="tenure" free="2956480" total="6291456" percent="46">
      <mem type="soa" free="2641088" total="5976064" percent="44" />
      <mem type="loa" free="315392" total="315392" percent="100" />
    </mem>
    <remembered-set count="344" />
  </mem-info>
</gc-start>
<allocation-stats totalBytes="4915568" >
  <allocated-bytes non-tlh="21288" tlh="4894280" />
  <largest-consumer threadName="main" threadId="0000000000019A00" bytes="4915568" />
</allocation-stats>
<gc-op id="393" type="scavenge" timems="1.863" contextid="390" timestamp="2020-09-11T10:47:30.758">
  <scavenger-info tenureage="14" tenuremask="4000" tiltratio="88" />
  <memory-copied type="nursery" objects="4232" bytes="209424" bytesdiscarded="44008" />
  <references type="phantom" candidates="2" cleared="0" enqueued="0" />
</gc-op>
<gc-end id="394" type="scavenge" contextid="390" durationms="1.975" usertimems="2.547" systemtimems="0.364" timestamp="2020-09-11T10:47:30.758" activeThreads="5">
  <mem-info id="395" free="8011456" total="12189696" percent="65">
    <mem type="nursery" free="5054976" total="5898240" percent="85">
      <mem type="allocate" free="5054976" total="5308416" percent="95" />
      <mem type="survivor" free="0" total="589824" percent="0" />
    </mem>
    <mem type="tenure" free="2956480" total="6291456" percent="46">
      <mem type="soa" free="2641088" total="5976064" percent="44" />
      <mem type="loa" free="315392" total="315392" percent="100" />
    </mem>
    <remembered-set count="333" />
  </mem-info>
</gc-end>
<cycle-end id="396" type="scavenge" contextid="390" timestamp="2020-09-11T10:47:30.759" />
<allocation-satisfied id="397" threadId="0000000000019A00" bytesRequested="9520" />
<af-end id="398" timestamp="2020-09-11T10:47:30.759" threadId="000000000001A380" success="true" from="nursery"/>
<exclusive-end id="399" timestamp="2020-09-11T10:47:30.759" durationms="2.581" />

<exclusive-start id="400" timestamp="2020-09-11T10:47:30.779" intervalms="23.128">
  <response-info timems="0.116" idlems="0.116" threads="0" lastid="0000000000019A00" lastname="main" />
</exclusive-start>
<af-start id="401" threadId="000000000001A380" totalBytesRequested="4104" timestamp="2020-09-11T10:47:30.780" intervalms="23.111" type="nursery" />
<cycle-start id="402" type="scavenge" contextid="0" timestamp="2020-09-11T10:47:30.780" intervalms="23.118" />
<gc-start id="403" type="scavenge" contextid="402" timestamp="2020-09-11T10:47:30.780">
  <mem-info id="404" free="2956432" total="12189696" percent="24">
    <mem type="nursery" free="0" total="5898240" percent="0">
      <mem type="allocate" free="0" total="5308416" percent="0" />
      <mem type="survivor" free="0" total="589824" percent="0" />
    </mem>
    <mem type="tenure" free="2956432" total="6291456" percent="46">
      <mem type="soa" free="2641040" total="5976064" percent="44" />
      <mem type="loa" free="315392" total="315392" percent="100" />
    </mem>
    <remembered-set count="342" />
  </mem-info>
</gc-start>
<allocation-stats totalBytes="4832224" >
  <allocated-bytes non-tlh="150336" tlh="4681888" />
  <largest-consumer threadName="main" threadId="0000000000019A00" bytes="4832224" />
</allocation-stats>
<gc-op id="405" type="scavenge" timems="1.747" contextid="402" timestamp="2020-09-11T10:47:30.781">
  <scavenger-info tenureage="3" tenuremask="4018" tiltratio="90" />
  <memory-copied type="nursery" objects="3386" bytes="147048" bytesdiscarded="43408" />
  <memory-copied type="tenure" objects="1918" bytes="99544" bytesdiscarded="120" />
  <references type="phantom" candidates="2" cleared="0" enqueued="0" />
</gc-op>
<heap-resize id="406" type="expand" space="nursery" amount="393216" count="1" timems="0.027" reason="excessive time being spent scavenging" timestamp="2020-09-11T10:47:30.782" />
<gc-end id="407" type="scavenge" contextid="402" durationms="1.922" usertimems="6.985" systemtimems="0.000" timestamp="2020-09-11T10:47:30.782" activeThreads="5">
  <mem-info id="408" free="8330640" total="12582912" percent="66">
    <mem type="nursery" free="5445632" total="6291456" percent="86">
      <mem type="allocate" free="5445632" total="5636096" percent="96" />
      <mem type="survivor" free="0" total="655360" percent="0" />
    </mem>
    <mem type="tenure" free="2885008" total="6291456" percent="45">
      <mem type="soa" free="2569616" total="5976064" percent="42" />
      <mem type="loa" free="315392" total="315392" percent="100" />
    </mem>
    <remembered-set count="276" />
  </mem-info>
</gc-end>
<cycle-end id="409" type="scavenge" contextid="402" timestamp="2020-09-11T10:47:30.782" />
<allocation-satisfied id="410" threadId="0000000000019A00" bytesRequested="4104" />
<af-end id="411" timestamp="2020-09-11T10:47:30.782" threadId="000000000001A380" success="true" from="nursery"/>
<exclusive-end id="412" timestamp="2020-09-11T10:47:30.782" durationms="2.363" />

<exclusive-start id="413" timestamp="2020-09-11T10:47:30.802" intervalms="22.223">
  <response-info timems="0.179" idlems="0.179" threads="0" lastid="0000000000019A00" lastname="main" />
</exclusive-start>
<af-start id="414" threadId="000000000001A380" totalBytesRequested="12896" timestamp="2020-09-11T10:47:30.802" intervalms="22.211" type="nursery" />
<cycle-start id="415" type="scavenge" contextid="0" timestamp="2020-09-11T10:47:30.802" intervalms="22.197" />
<gc-start id="416" type="scavenge" contextid="415" timestamp="2020-09-11T10:47:30.802">
  <mem-info id="417" free="2885008" total="12582912" percent="22">
    <mem type="nursery" free="0" total="6291456" percent="0">
      <mem type="allocate" free="0" total="5636096" percent="0" />
      <mem type="survivor" free="0" total="655360" percent="0" />
    </mem>
    <mem type="tenure" free="2885008" total="6291456" percent="45">
      <mem type="soa" free="2569616" total="5976064" percent="42" />
      <mem type="loa" free="315392" total="315392" percent="100" />
    </mem>
    <remembered-set count="278" />
  </mem-info>
</gc-start>
<allocation-stats totalBytes="5121384" >
  <allocated-bytes non-tlh="360232" tlh="4761152" />
  <largest-consumer threadName="main" threadId="0000000000019A00" bytes="5121384" />
</allocation-stats>
<gc-op id="418" type="scavenge" timems="1.667" contextid="415" timestamp="2020-09-11T10:47:30.804">
  <scavenger-info tenureage="14" tenuremask="4000" tiltratio="89" />
  <memory-copied type="nursery" objects="4307" bytes="200136" bytesdiscarded="14128" />
  <references type="phantom" candidates="2" cleared="0" enqueued="0" />
</gc-op>
<gc-end id="419" type="scavenge" contextid="415" durationms="1.784" usertimems="2.348" systemtimems="0.000" timestamp="2020-09-11T10:47:30.804" activeThreads="6">
  <mem-info id="420" free="8306832" total="12582912" percent="66">
    <mem type="nursery" free="5421824" total="6291456" percent="86">
      <mem type="allocate" free="5421824" total="5636096" percent="96" />
      <mem type="survivor" free="0" total="655360" percent="0" />
    </mem>
    <mem type="tenure" free="2885008" total="6291456" percent="45">
      <mem type="soa" free="2569616" total="5976064" percent="42" />
      <mem type="loa" free="315392" total="315392" percent="100" />
    </mem>
    <remembered-set count="278" />
  </mem-info>
</gc-end>
<cycle-end id="421" type="scavenge" contextid="415" timestamp="2020-09-11T10:47:30.804" />
<allocation-satisfied id="422" threadId="0000000000019A00" bytesRequested="12896" />
<af-end id="423" timestamp="2020-09-11T10:47:30.804" threadId="000000000001A380" success="true" from="nursery"/>
<exclusive-end id="424" timestamp="2020-09-11T10:47:30.804" durationms="2.193" />

<exclusive-start id="425" timestamp="2020-09-11T10:47:30.823" intervalms="21.641">
  <response-info timems="0.269" idlems="0.269" threads="0" lastid="0000000000019A00" lastname="main" />
</exclusive-start>
<af-start id="426" threadId="000000000001A380" totalBytesRequested="7592" timestamp="2020-09-11T10:47:30.823" intervalms="21.655" type="nursery" />
<cycle-start id="427" type="scavenge" contextid="0" timestamp="2020-09-11T10:47:30.823" intervalms="21.671" />
<gc-start id="428" type="scavenge" contextid="427" timestamp="2020-09-11T10:47:30.824">
  <mem-info id="429" free="2885008" total="12582912" percent="22">
    <mem type="nursery" free="0" total="6291456" percent="0">
      <mem type="allocate" free="0" total="5636096" percent="0" />
      <mem type="survivor" free="0" total="655360" percent="0" />
    </mem>
    <mem type="tenure" free="2885008" total="6291456" percent="45">
      <mem type="soa" free="2569616" total="5976064" percent="42" />
      <mem type="loa" free="315392" total="315392" percent="100" />
    </mem>
    <remembered-set count="278" />
  </mem-info>
</gc-start>
<allocation-stats totalBytes="5169696" >
  <allocated-bytes non-tlh="12896" tlh="5156800" />
  <largest-consumer threadName="main" threadId="0000000000019A00" bytes="5169696" />
</allocation-stats>
<gc-op id="430" type="scavenge" timems="1.862" contextid="427" timestamp="2020-09-11T10:47:30.825">
  <scavenger-info tenureage="2" tenuremask="401c" tiltratio="89" />
  <memory-copied type="nursery" objects="1792" bytes="91400" bytesdiscarded="27640" />
  <memory-copied type="tenure" objects="3383" bytes="146904" bytesdiscarded="96" />
</gc-op>
<heap-resize id="431" type="expand" space="nursery" amount="393216" count="1" timems="0.034" reason="excessive time being spent scavenging" timestamp="2020-09-11T10:47:30.825" />
<gc-end id="432" type="scavenge" contextid="427" durationms="2.063" usertimems="3.022" systemtimems="0.000" timestamp="2020-09-11T10:47:30.826" activeThreads="6">
  <mem-info id="433" free="8634512" total="12976128" percent="66">
    <mem type="nursery" free="5844736" total="6684672" percent="87">
      <mem type="allocate" free="5844736" total="5963776" percent="98" />
      <mem type="survivor" free="0" total="720896" percent="0" />
    </mem>
    <mem type="tenure" free="2789776" total="6291456" percent="44">
      <mem type="soa" free="2474384" total="5976064" percent="41" />
      <mem type="loa" free="315392" total="315392" percent="100" />
    </mem>
    <remembered-set count="106" />
  </mem-info>
</gc-end>
<cycle-end id="434" type="scavenge" contextid="427" timestamp="2020-09-11T10:47:30.826" />
<allocation-satisfied id="435" threadId="0000000000019A00" bytesRequested="7592" />
<af-end id="436" timestamp="2020-09-11T10:47:30.826" threadId="000000000001A380" success="true" from="nursery"/>
<exclusive-end id="437" timestamp="2020-09-11T10:47:30.826" durationms="2.596" />

<exclusive-start id="438" timestamp="2020-09-11T10:47:30.847" intervalms="23.721">
  <response-info timems="0.124" idlems="0.124" threads="0" lastid="0000000000019A00" lastname="main" />
</exclusive-start>
<af-start id="439" threadId="000000000001A380" totalBytesRequested="9256" timestamp="2020-09-11T10:47:30.847" intervalms="23.715" type="nursery" />
<cycle-start id="440" type="scavenge" contextid="0" timestamp="2020-09-11T10:47:30.847" intervalms="23.702" />
<gc-start id="441" type="scavenge" contextid="440" timestamp="2020-09-11T10:47:30.847">
  <mem-info id="442" free="2789776" total="12976128" percent="21">
    <mem type="nursery" free="0" total="6684672" percent="0">
      <mem type="allocate" free="0" total="5963776" percent="0" />
      <mem type="survivor" free="0" total="720896" percent="0" />
    </mem>
    <mem type="tenure" free="2789776" total="6291456" percent="44">
      <mem type="soa" free="2474384" total="5976064" percent="41" />
      <mem type="loa" free="315392" total="315392" percent="100" />
    </mem>
    <remembered-set count="149" />
  </mem-info>
</gc-start>
<allocation-stats totalBytes="5731256" >
  <allocated-bytes non-tlh="7592" tlh="5723664" />
  <largest-consumer threadName="main" threadId="0000000000019A00" bytes="5731256" />
</allocation-stats>
<gc-op id="443" type="scavenge" timems="2.466" contextid="440" timestamp="2020-09-11T10:47:30.850">
  <scavenger-info tenureage="14" tenuremask="4000" tiltratio="89" />
  <memory-copied type="nursery" objects="3366" bytes="161296" bytesdiscarded="29160" />
  <references type="phantom" candidates="2" cleared="0" enqueued="0" />
</gc-op>
<heap-resize id="444" type="expand" space="nursery" amount="393216" count="1" timems="0.030" reason="excessive time being spent scavenging" timestamp="2020-09-11T10:47:30.850" />
<gc-end id="445" type="scavenge" contextid="440" durationms="2.641" usertimems="0.509" systemtimems="3.427" timestamp="2020-09-11T10:47:30.850" activeThreads="6">
  <mem-info id="446" free="8890768" total="13369344" percent="66">
    <mem type="nursery" free="6100992" total="7077888" percent="86">
      <mem type="allocate" free="6100992" total="6291456" percent="96" />
      <mem type="survivor" free="0" total="786432" percent="0" />
    </mem>
    <mem type="tenure" free="2789776" total="6291456" percent="44">
      <mem type="soa" free="2474384" total="5976064" percent="41" />
      <mem type="loa" free="315392" total="315392" percent="100" />
    </mem>
    <remembered-set count="136" />
  </mem-info>
</gc-end>
<cycle-end id="447" type="scavenge" contextid="440" timestamp="2020-09-11T10:47:30.850" />
<allocation-satisfied id="448" threadId="0000000000019A00" bytesRequested="9256" />
<af-end id="449" timestamp="2020-09-11T10:47:30.850" threadId="000000000001A380" success="true" from="nursery"/>
<exclusive-end id="450" timestamp="2020-09-11T10:47:30.850" durationms="3.145" />

<exclusive-start id="451" timestamp="2020-09-11T10:47:30.869" intervalms="21.988">
  <response-info timems="0.200" idlems="0.200" threads="0" lastid="0000000000019A00" lastname="main" />
</exclusive-start>
<af-start id="452" threadId="000000000001A380" totalBytesRequested="24808" timestamp="2020-09-11T10:47:30.869" intervalms="21.995" type="nursery" />
<cycle-start id="453" type="scavenge" contextid="0" timestamp="2020-09-11T10:47:30.869" intervalms="22.000" />
<gc-start id="454" type="scavenge" contextid="453" timestamp="2020-09-11T10:47:30.869">
  <mem-info id="455" free="2789776" total="13369344" percent="20">
    <mem type="nursery" free="0" total="7077888" percent="0">
      <mem type="allocate" free="0" total="6291456" percent="0" />
      <mem type="survivor" free="0" total="786432" percent="0" />
    </mem>
    <mem type="tenure" free="2789776" total="6291456" percent="44">
      <mem type="soa" free="2474384" total="5976064" percent="41" />
      <mem type="loa" free="315392" total="315392" percent="100" />
    </mem>
    <remembered-set count="139" />
  </mem-info>
</gc-start>
<allocation-stats totalBytes="5980136" >
  <allocated-bytes non-tlh="9256" tlh="5970880" />
  <largest-consumer threadName="main" threadId="0000000000019A00" bytes="5980136" />
</allocation-stats>
<gc-op id="456" type="scavenge" timems="2.749" contextid="453" timestamp="2020-09-11T10:47:30.872">
  <scavenger-info tenureage="14" tenuremask="4000" tiltratio="88" />
  <memory-copied type="nursery" objects="5026" bytes="252688" bytesdiscarded="33000" />
  <references type="phantom" candidates="2" cleared="0" enqueued="0" />
</gc-op>
<heap-resize id="457" type="expand" space="nursery" amount="524288" count="1" timems="0.026" reason="excessive time being spent scavenging" timestamp="2020-09-11T10:47:30.872" />
<gc-end id="458" type="scavenge" contextid="453" durationms="2.925" usertimems="3.346" systemtimems="0.468" timestamp="2020-09-11T10:47:30.872" activeThreads="6">
  <mem-info id="459" free="9319824" total="13893632" percent="67">
    <mem type="nursery" free="6530048" total="7602176" percent="85">
      <mem type="allocate" free="6530048" total="6815744" percent="95" />
      <mem type="survivor" free="0" total="786432" percent="0" />
    </mem>
    <mem type="tenure" free="2789776" total="6291456" percent="44">
      <mem type="soa" free="2474384" total="5976064" percent="41" />
      <mem type="loa" free="315392" total="315392" percent="100" />
    </mem>
    <remembered-set count="135" />
  </mem-info>
</gc-end>
<cycle-end id="460" type="scavenge" contextid="453" timestamp="2020-09-11T10:47:30.873" />
<allocation-satisfied id="461" threadId="0000000000019A00" bytesRequested="24808" />
<af-end id="462" timestamp="2020-09-11T10:47:30.873" threadId="000000000001A380" success="true" from="nursery"/>
<exclusive-end id="463" timestamp="2020-09-11T10:47:30.873" durationms="3.862" />

<exclusive-start id="464" timestamp="2020-09-11T10:47:30.896" intervalms="27.127">
  <response-info timems="0.154" idlems="0.154" threads="0" lastid="0000000000019A00" lastname="main" />
</exclusive-start>
<af-start id="465" threadId="000000000001A380" totalBytesRequested="1872" timestamp="2020-09-11T10:47:30.896" intervalms="27.153" type="nursery" />
<cycle-start id="466" type="scavenge" contextid="0" timestamp="2020-09-11T10:47:30.896" intervalms="27.166" />
<gc-start id="467" type="scavenge" contextid="466" timestamp="2020-09-11T10:47:30.896">
  <mem-info id="468" free="2789672" total="13893632" percent="20">
    <mem type="nursery" free="0" total="7602176" percent="0">
      <mem type="allocate" free="0" total="6815744" percent="0" />
      <mem type="survivor" free="0" total="786432" percent="0" />
    </mem>
    <mem type="tenure" free="2789672" total="6291456" percent="44">
      <mem type="soa" free="2474280" total="5976064" percent="41" />
      <mem type="loa" free="315392" total="315392" percent="100" />
    </mem>
    <remembered-set count="144" />
  </mem-info>
</gc-start>
<allocation-stats totalBytes="6282968" >
  <allocated-bytes non-tlh="24912" tlh="6258056" />
  <largest-consumer threadName="main" threadId="0000000000019A00" bytes="6282968" />
</allocation-stats>
<gc-op id="469" type="scavenge" timems="3.175" contextid="466" timestamp="2020-09-11T10:47:30.900">
  <scavenger-info tenureage="4" tenuremask="4010" tiltratio="89" />
  <memory-copied type="nursery" objects="5566" bytes="281488" bytesdiscarded="75624" />
  <memory-copied type="tenure" objects="920" bytes="42568" bytesdiscarded="96" />
  <references type="phantom" candidates="2" cleared="0" enqueued="0" />
</gc-op>
<heap-resize id="470" type="expand" space="nursery" amount="524288" count="1" timems="0.043" reason="excessive time being spent scavenging" timestamp="2020-09-11T10:47:30.900" />
<gc-end id="471" type="scavenge" contextid="466" durationms="3.396" usertimems="5.484" systemtimems="0.267" timestamp="2020-09-11T10:47:30.900" activeThreads="6">
  <mem-info id="472" free="9644072" total="14417920" percent="66">
    <mem type="nursery" free="6917376" total="8126464" percent="85">
      <mem type="allocate" free="6917376" total="7274496" percent="95" />
      <mem type="survivor" free="0" total="851968" percent="0" />
    </mem>
    <mem type="tenure" free="2726696" total="6291456" percent="43">
      <mem type="soa" free="2411304" total="5976064" percent="40" />
      <mem type="loa" free="315392" total="315392" percent="100" />
    </mem>
    <remembered-set count="128" />
  </mem-info>
</gc-end>
<cycle-end id="473" type="scavenge" contextid="466" timestamp="2020-09-11T10:47:30.903" />
<allocation-satisfied id="474" threadId="0000000000019A00" bytesRequested="1872" />
<af-end id="475" timestamp="2020-09-11T10:47:30.903" threadId="000000000001A380" success="true" from="nursery"/>
<exclusive-end id="476" timestamp="2020-09-11T10:47:30.903" durationms="7.128" />

<exclusive-start id="477" timestamp="2020-09-11T10:47:30.930" intervalms="34.164">
  <response-info timems="0.133" idlems="0.133" threads="0" lastid="0000000000019A00" lastname="main" />
</exclusive-start>
<af-start id="478" threadId="000000000001A380" totalBytesRequested="7104" timestamp="2020-09-11T10:47:30.930" intervalms="34.149" type="nursery" />
<cycle-start id="479" type="scavenge" contextid="0" timestamp="2020-09-11T10:47:30.930" intervalms="34.152" />
<gc-start id="480" type="scavenge" contextid="479" timestamp="2020-09-11T10:47:30.931">
  <mem-info id="481" free="2726488" total="14417920" percent="18">
    <mem type="nursery" free="0" total="8126464" percent="0">
      <mem type="allocate" free="0" total="7274496" percent="0" />
      <mem type="survivor" free="0" total="851968" percent="0" />
    </mem>
    <mem type="tenure" free="2726488" total="6291456" percent="43">
      <mem type="soa" free="2411096" total="5976064" percent="40" />
      <mem type="loa" free="315392" total="315392" percent="100" />
    </mem>
    <remembered-set count="137" />
  </mem-info>
</gc-start>
<allocation-stats totalBytes="6665032" >
  <allocated-bytes non-tlh="61592" tlh="6603440" />
  <largest-consumer threadName="main" threadId="0000000000019A00" bytes="6665032" />
</allocation-stats>
<gc-op id="482" type="scavenge" timems="2.481" contextid="479" timestamp="2020-09-11T10:47:30.933">
  <scavenger-info tenureage="4" tenuremask="4010" tiltratio="89" />
  <memory-copied type="nursery" objects="5941" bytes="301672" bytesdiscarded="55440" />
  <memory-copied type="tenure" objects="868" bytes="40824" bytesdiscarded="64" />
  <references type="phantom" candidates="2" cleared="0" enqueued="0" />
</gc-op>
<gc-end id="483" type="scavenge" contextid="479" durationms="2.650" usertimems="3.940" systemtimems="0.000" timestamp="2020-09-11T10:47:30.933" activeThreads="6">
  <mem-info id="484" free="9596248" total="14417920" percent="66">
    <mem type="nursery" free="6917376" total="8126464" percent="85">
      <mem type="allocate" free="6917376" total="7274496" percent="95" />
      <mem type="survivor" free="0" total="851968" percent="0" />
    </mem>
    <mem type="tenure" free="2678872" total="6291456" percent="42">
      <mem type="soa" free="2363480" total="5976064" percent="39" />
      <mem type="loa" free="315392" total="315392" percent="100" />
    </mem>
    <remembered-set count="119" />
  </mem-info>
</gc-end>
<cycle-end id="485" type="scavenge" contextid="479" timestamp="2020-09-11T10:47:30.933" />
<allocation-satisfied id="486" threadId="0000000000019A00" bytesRequested="7104" />
<af-end id="487" timestamp="2020-09-11T10:47:30.933" threadId="000000000001A380" success="true" from="nursery"/>
<exclusive-end id="488" timestamp="2020-09-11T10:47:30.933" durationms="3.253" />

<exclusive-start id="489" timestamp="2020-09-11T10:47:30.959" intervalms="28.306">
  <response-info timems="0.126" idlems="0.126" threads="0" lastid="0000000000019A00" lastname="main" />
</exclusive-start>
<af-start id="490" threadId="000000000001A380" totalBytesRequested="4888" timestamp="2020-09-11T10:47:30.959" intervalms="28.289" type="nursery" />
<cycle-start id="491" type="scavenge" contextid="0" timestamp="2020-09-11T10:47:30.959" intervalms="28.285" />
<gc-start id="492" type="scavenge" contextid="491" timestamp="2020-09-11T10:47:30.959">
  <mem-info id="493" free="2678872" total="14417920" percent="18">
    <mem type="nursery" free="0" total="8126464" percent="0">
      <mem type="allocate" free="0" total="7274496" percent="0" />
      <mem type="survivor" free="0" total="851968" percent="0" />
    </mem>
    <mem type="tenure" free="2678872" total="6291456" percent="42">
      <mem type="soa" free="2363480" total="5976064" percent="39" />
      <mem type="loa" free="315392" total="315392" percent="100" />
    </mem>
    <remembered-set count="139" />
  </mem-info>
</gc-start>
<allocation-stats totalBytes="6738648" >
  <allocated-bytes non-tlh="93320" tlh="6645328" />
  <largest-consumer threadName="main" threadId="0000000000019A00" bytes="6738648" />
</allocation-stats>
<gc-op id="494" type="scavenge" timems="2.156" contextid="491" timestamp="2020-09-11T10:47:30.961">
  <scavenger-info tenureage="3" tenuremask="4018" tiltratio="89" />
  <memory-copied type="nursery" objects="4355" bytes="226088" bytesdiscarded="11984" />
  <memory-copied type="tenure" objects="3195" bytes="148992" bytesdiscarded="160" />
  <references type="phantom" candidates="2" cleared="0" enqueued="0" />
</gc-op>
<heap-resize id="495" type="expand" space="nursery" amount="524288" count="1" timems="0.038" reason="excessive time being spent scavenging" timestamp="2020-09-11T10:47:30.961" />
<gc-end id="496" type="scavenge" contextid="491" durationms="2.389" usertimems="6.159" systemtimems="0.240" timestamp="2020-09-11T10:47:30.961" activeThreads="6">
  <mem-info id="497" free="10031192" total="14942208" percent="67">
    <mem type="nursery" free="7495168" total="8650752" percent="86">
      <mem type="allocate" free="7495168" total="7733248" percent="96" />
      <mem type="survivor" free="0" total="917504" percent="0" />
    </mem>
    <mem type="tenure" free="2536024" total="6291456" percent="40">
      <mem type="soa" free="2220632" total="5976064" percent="37" />
      <mem type="loa" free="315392" total="315392" percent="100" />
    </mem>
    <remembered-set count="145" />
  </mem-info>
</gc-end>
<cycle-end id="498" type="scavenge" contextid="491" timestamp="2020-09-11T10:47:30.961" />
<allocation-satisfied id="499" threadId="0000000000019A00" bytesRequested="4888" />
<af-end id="500" timestamp="2020-09-11T10:47:30.961" threadId="000000000001A380" success="true" from="nursery"/>
<exclusive-end id="501" timestamp="2020-09-11T10:47:30.962" durationms="2.968" />

<exclusive-start id="502" timestamp="2020-09-11T10:47:30.989" intervalms="30.327">
  <response-info timems="0.719" idlems="0.719" threads="0" lastid="0000000000019A00" lastname="main" />
</exclusive-start>
<af-start id="503" threadId="000000000001A380" totalBytesRequested="5280" timestamp="2020-09-11T10:47:30.989" intervalms="30.317" type="nursery" />
<cycle-start id="504" type="scavenge" contextid="0" timestamp="2020-09-11T10:47:30.989" intervalms="30.303" />
<gc-start id="505" type="scavenge" contextid="504" timestamp="2020-09-11T10:47:30.989">
  <mem-info id="506" free="2536024" total="14942208" percent="16">
    <mem type="nursery" free="0" total="8650752" percent="0">
      <mem type="allocate" free="0" total="7733248" percent="0" />
      <mem type="survivor" free="0" total="917504" percent="0" />
    </mem>
    <mem type="tenure" free="2536024" total="6291456" percent="40">
      <mem type="soa" free="2220632" total="5976064" percent="37" />
      <mem type="loa" free="315392" total="315392" percent="100" />
    </mem>
    <remembered-set count="176" />
  </mem-info>
</gc-start>
<allocation-stats totalBytes="7189536" >
  <allocated-bytes non-tlh="4888" tlh="7184648" />
  <largest-consumer threadName="main" threadId="0000000000019A00" bytes="7189536" />
</allocation-stats>
<gc-op id="507" type="scavenge" timems="3.177" contextid="504" timestamp="2020-09-11T10:47:30.992">
  <scavenger-info tenureage="3" tenuremask="4008" tiltratio="89" />
  <memory-copied type="nursery" objects="4728" bytes="242520" bytesdiscarded="19360" />
  <memory-copied type="tenure" objects="1399" bytes="75176" bytesdiscarded="144" />
  <references type="phantom" candidates="2" cleared="0" enqueued="0" />
</gc-op>
<heap-resize id="508" type="expand" space="nursery" amount="524288" count="1" timems="0.028" reason="excessive time being spent scavenging" timestamp="2020-09-11T10:47:30.992" />
<gc-end id="509" type="scavenge" contextid="504" durationms="3.420" usertimems="0.000" systemtimems="3.751" timestamp="2020-09-11T10:47:30.993" activeThreads="7">
  <mem-info id="510" free="10363992" total="15466496" percent="67">
    <mem type="nursery" free="7930112" total="9175040" percent="86">
      <mem type="allocate" free="7930112" total="8192000" percent="96" />
      <mem type="survivor" free="0" total="983040" percent="0" />
    </mem>
    <mem type="tenure" free="2433880" total="6291456" percent="38">
      <mem type="soa" free="2118488" total="5976064" percent="35" />
      <mem type="loa" free="315392" total="315392" percent="100" />
    </mem>
    <remembered-set count="122" />
  </mem-info>
</gc-end>
<cycle-end id="511" type="scavenge" contextid="504" timestamp="2020-09-11T10:47:30.993" />
<allocation-satisfied id="512" threadId="0000000000019A00" bytesRequested="5280" />
<af-end id="513" timestamp="2020-09-11T10:47:30.993" threadId="000000000001A380" success="true" from="nursery"/>
<exclusive-end id="514" timestamp="2020-09-11T10:47:30.993" durationms="3.960" />

<exclusive-start id="515" timestamp="2020-09-11T10:47:31.148" intervalms="159.485">
  <response-info timems="0.450" idlems="0.450" threads="0" lastid="0000000000019A00" lastname="main" />
</exclusive-start>
<af-start id="516" threadId="000000000001A380" totalBytesRequested="32" timestamp="2020-09-11T10:47:31.149" intervalms="159.515" type="nursery" />
<cycle-start id="517" type="scavenge" contextid="0" timestamp="2020-09-11T10:47:31.149" intervalms="159.511" />
<gc-start id="518" type="scavenge" contextid="517" timestamp="2020-09-11T10:47:31.149">
  <mem-info id="519" free="2425680" total="15466496" percent="15">
    <mem type="nursery" free="0" total="9175040" percent="0">
      <mem type="allocate" free="0" total="8192000" percent="0" />
      <mem type="survivor" free="0" total="983040" percent="0" />
    </mem>
    <mem type="tenure" free="2425680" total="6291456" percent="38">
      <mem type="soa" free="2110288" total="5976064" percent="35" />
      <mem type="loa" free="315392" total="315392" percent="100" />
    </mem>
    <remembered-set count="268" />
  </mem-info>
</gc-start>
<allocation-stats totalBytes="7932200" >
  <allocated-bytes non-tlh="13480" tlh="7918720" />
  <largest-consumer threadName="main" threadId="0000000000019A00" bytes="7932200" />
</allocation-stats>
<gc-op id="520" type="scavenge" timems="5.626" contextid="517" timestamp="2020-09-11T10:47:31.154">
  <scavenger-info tenureage="3" tenuremask="4008" tiltratio="89" />
  <memory-copied type="nursery" objects="17862" bytes="982552" bytesdiscarded="376" />
  <memory-copied type="tenure" objects="6115" bytes="322000" bytesdiscarded="272" />
  <copy-failed type="nursery" objects="4931" bytes="261552" />
  <finalization candidates="2" enqueued="0" />
  <references type="soft" candidates="31" cleared="0" enqueued="0" dynamicThreshold="32" maxThreshold="32" />
  <references type="weak" candidates="46" cleared="10" enqueued="5" />
  <references type="phantom" candidates="2" cleared="0" enqueued="0" />
</gc-op>
<gc-end id="521" type="scavenge" contextid="517" durationms="5.815" usertimems="13.147" systemtimems="0.015" timestamp="2020-09-11T10:47:31.154" activeThreads="7">
  <mem-info id="522" free="7811408" total="15466496" percent="50">
    <mem type="nursery" free="5636096" total="9175040" percent="61">
      <mem type="allocate" free="5636096" total="6619136" percent="85" />
      <mem type="survivor" free="0" total="2555904" percent="0" />
    </mem>
    <mem type="tenure" free="2175312" total="6291456" percent="34">
      <mem type="soa" free="1859920" total="5976064" percent="31" />
      <mem type="loa" free="315392" total="315392" percent="100" />
    </mem>
    <pending-finalizers system="0" default="0" reference="5" classloader="0" />
    <remembered-set count="733" />
  </mem-info>
</gc-end>
<cycle-end id="523" type="scavenge" contextid="517" timestamp="2020-09-11T10:47:31.155" />
<allocation-satisfied id="524" threadId="0000000000019A00" bytesRequested="32" />
<af-end id="525" timestamp="2020-09-11T10:47:31.155" threadId="000000000001A380" success="true" from="nursery"/>
<exclusive-end id="526" timestamp="2020-09-11T10:47:31.155" durationms="6.309" />

<exclusive-start id="527" timestamp="2020-09-11T10:47:31.550" intervalms="401.167">
  <response-info timems="0.064" idlems="0.064" threads="0" lastid="0000000000019A00" lastname="main" />
</exclusive-start>
<af-start id="528" threadId="000000000001A380" totalBytesRequested="1032" timestamp="2020-09-11T10:47:31.550" intervalms="401.168" type="nursery" />
<cycle-start id="529" type="scavenge" contextid="0" timestamp="2020-09-11T10:47:31.550" intervalms="401.174" />
<gc-start id="530" type="scavenge" contextid="529" timestamp="2020-09-11T10:47:31.550">
  <mem-info id="531" free="1996616" total="15466496" percent="12">
    <mem type="nursery" free="0" total="9175040" percent="0">
      <mem type="allocate" free="0" total="6619136" percent="0" />
      <mem type="survivor" free="0" total="2555904" percent="0" />
    </mem>
    <mem type="tenure" free="1996616" total="6291456" percent="31">
      <mem type="soa" free="1681224" total="5976064" percent="28" />
      <mem type="loa" free="315392" total="315392" percent="100" />
    </mem>
    <remembered-set count="3635" />
  </mem-info>
</gc-start>
<allocation-stats totalBytes="5789288" >
  <allocated-bytes non-tlh="358968" tlh="5430320" />
  <largest-consumer threadName="main" threadId="0000000000019A00" bytes="5748328" />
</allocation-stats>
<gc-op id="532" type="scavenge" timems="19.058" contextid="529" timestamp="2020-09-11T10:47:31.569">
  <scavenger-info tenureage="3" tenuremask="ffe8" tiltratio="72" />
  <memory-copied type="nursery" objects="37345" bytes="1754456" bytesdiscarded="102032" />
  <memory-copied type="tenure" objects="1606" bytes="73000" bytesdiscarded="8" />
  <finalization candidates="13" enqueued="6" />
  <ownableSynchronizers candidates="9" cleared="0" />
  <references type="soft" candidates="63" cleared="0" enqueued="0" dynamicThreshold="32" maxThreshold="32" />
  <references type="weak" candidates="913" cleared="565" enqueued="492" />
  <references type="phantom" candidates="6" cleared="1" enqueued="1" />
</gc-op>
<gc-end id="533" type="scavenge" contextid="529" durationms="19.610" usertimems="21.887" systemtimems="0.014" timestamp="2020-09-11T10:47:31.569" activeThreads="7">
  <mem-info id="534" free="6703424" total="15466496" percent="43">
    <mem type="nursery" free="4761336" total="9175040" percent="51">
      <mem type="allocate" free="4761336" total="6619136" percent="71" />
      <mem type="survivor" free="0" total="2555904" percent="0" />
    </mem>
    <mem type="tenure" free="1942088" total="6291456" percent="30">
      <mem type="soa" free="1626696" total="5976064" percent="27" />
      <mem type="loa" free="315392" total="315392" percent="100" />
    </mem>
    <pending-finalizers system="1" default="5" reference="493" classloader="0" />
    <remembered-set count="3585" />
  </mem-info>
</gc-end>
<cycle-end id="535" type="scavenge" contextid="529" timestamp="2020-09-11T10:47:31.570" />
<allocation-satisfied id="536" threadId="0000000000019A00" bytesRequested="1032" />
<af-end id="537" timestamp="2020-09-11T10:47:31.570" threadId="000000000001A380" success="true" from="nursery"/>
<exclusive-end id="538" timestamp="2020-09-11T10:47:31.570" durationms="20.516" />

<exclusive-start id="539" timestamp="2020-09-11T10:47:31.703" intervalms="153.659">
  <response-info timems="0.063" idlems="0.063" threads="0" lastid="0000000000019A00" lastname="main" />
</exclusive-start>
<af-start id="540" threadId="000000000001A380" totalBytesRequested="4104" timestamp="2020-09-11T10:47:31.703" intervalms="153.655" type="nursery" />
<cycle-start id="541" type="scavenge" contextid="0" timestamp="2020-09-11T10:47:31.703" intervalms="153.668" />
<gc-start id="542" type="scavenge" contextid="541" timestamp="2020-09-11T10:47:31.704">
  <mem-info id="543" free="1902184" total="15466496" percent="12">
    <mem type="nursery" free="0" total="9175040" percent="0">
      <mem type="allocate" free="0" total="6619136" percent="0" />
      <mem type="survivor" free="0" total="2555904" percent="0" />
    </mem>
    <mem type="tenure" free="1902184" total="6291456" percent="30">
      <mem type="soa" free="1586792" total="5976064" percent="26" />
      <mem type="loa" free="315392" total="315392" percent="100" />
    </mem>
    <remembered-set count="4004" />
  </mem-info>
</gc-start>
<allocation-stats totalBytes="4792920" >
  <allocated-bytes non-tlh="40936" tlh="4751984" />
  <largest-consumer threadName="main" threadId="0000000000019A00" bytes="4781088" />
</allocation-stats>
<gc-op id="544" type="scavenge" timems="11.168" contextid="541" timestamp="2020-09-11T10:47:31.715">
  <scavenger-info tenureage="3" tenuremask="ffe8" tiltratio="72" />
  <memory-copied type="nursery" objects="36316" bytes="1690776" bytesdiscarded="58528" />
  <memory-copied type="tenure" objects="1775" bytes="90568" bytesdiscarded="120" />
  <finalization candidates="7" enqueued="0" />
  <ownableSynchronizers candidates="9" cleared="0" />
  <references type="soft" candidates="65" cleared="0" enqueued="0" dynamicThreshold="32" maxThreshold="32" />
  <references type="weak" candidates="1021" cleared="549" enqueued="487" />
  <references type="phantom" candidates="4" cleared="0" enqueued="0" />
</gc-op>
<heap-resize id="545" type="expand" space="nursery" amount="393216" count="1" timems="0.040" reason="excessive time being spent scavenging" timestamp="2020-09-11T10:47:31.715" />
<gc-end id="546" type="scavenge" contextid="541" durationms="11.621" usertimems="15.785" systemtimems="2.788" timestamp="2020-09-11T10:47:31.715" activeThreads="7">
  <mem-info id="547" free="7389552" total="15859712" percent="46">
    <mem type="nursery" free="5589512" total="9568256" percent="58">
      <mem type="allocate" free="5589512" total="7340032" percent="76" />
      <mem type="survivor" free="0" total="2228224" percent="0" />
    </mem>
    <mem type="tenure" free="1800040" total="6291456" percent="28">
      <mem type="soa" free="1484648" total="5976064" percent="24" />
      <mem type="loa" free="315392" total="315392" percent="100" />
    </mem>
    <pending-finalizers system="0" default="0" reference="487" classloader="0" />
    <remembered-set count="3925" />
  </mem-info>
</gc-end>
<cycle-end id="548" type="scavenge" contextid="541" timestamp="2020-09-11T10:47:31.716" />
<allocation-satisfied id="549" threadId="0000000000019A00" bytesRequested="4104" />
<af-end id="550" timestamp="2020-09-11T10:47:31.716" threadId="000000000001A380" success="true" from="nursery"/>
<exclusive-end id="551" timestamp="2020-09-11T10:47:31.716" durationms="12.481" />

<exclusive-start id="552" timestamp="2020-09-11T10:47:31.933" intervalms="230.229">
  <response-info timems="0.213" idlems="0.213" threads="0" lastid="0000000000019A00" lastname="main" />
</exclusive-start>
<af-start id="553" threadId="000000000001A380" totalBytesRequested="2752" timestamp="2020-09-11T10:47:31.934" intervalms="230.216" type="nursery" />
<cycle-start id="554" type="scavenge" contextid="0" timestamp="2020-09-11T10:47:31.934" intervalms="230.202" />
<gc-start id="555" type="scavenge" contextid="554" timestamp="2020-09-11T10:47:31.934">
  <mem-info id="556" free="1699136" total="15859712" percent="10">
    <mem type="nursery" free="0" total="9568256" percent="0">
      <mem type="allocate" free="0" total="7340032" percent="0" />
      <mem type="survivor" free="0" total="2228224" percent="0" />
    </mem>
    <mem type="tenure" free="1699136" total="6291456" percent="27">
      <mem type="soa" free="1383744" total="5976064" percent="23" />
      <mem type="loa" free="315392" total="315392" percent="100" />
    </mem>
    <remembered-set count="5582" />
  </mem-info>
</gc-start>
<allocation-stats totalBytes="5674960" >
  <allocated-bytes non-tlh="105008" tlh="5569952" />
  <largest-consumer threadName="main" threadId="0000000000019A00" bytes="5674960" />
</allocation-stats>
<gc-op id="557" type="scavenge" timems="10.602" contextid="554" timestamp="2020-09-11T10:47:31.944">
  <scavenger-info tenureage="3" tenuremask="ffe8" tiltratio="76" />
  <memory-copied type="nursery" objects="34929" bytes="1392416" bytesdiscarded="223592" />
  <memory-copied type="tenure" objects="14424" bytes="704960" bytesdiscarded="592" />
  <finalization candidates="9" enqueued="0" />
  <ownableSynchronizers candidates="9" cleared="0" />
  <references type="soft" candidates="2264" cleared="0" enqueued="0" dynamicThreshold="32" maxThreshold="32" />
  <references type="weak" candidates="1000" cleared="378" enqueued="341" />
  <references type="phantom" candidates="11" cleared="4" enqueued="4" />
</gc-op>
<gc-end id="558" type="scavenge" contextid="554" durationms="10.906" usertimems="12.855" systemtimems="4.303" timestamp="2020-09-11T10:47:31.945" activeThreads="7">
  <mem-info id="559" free="6860920" total="15859712" percent="43">
    <mem type="nursery" free="5853752" total="9568256" percent="61">
      <mem type="allocate" free="5853752" total="7471104" percent="78" />
      <mem type="survivor" free="0" total="2097152" percent="0" />
    </mem>
    <mem type="tenure" free="1007168" total="6291456" percent="16">
      <mem type="soa" free="691776" total="5976064" percent="11" />
      <mem type="loa" free="315392" total="315392" percent="100" />
    </mem>
    <pending-finalizers system="0" default="0" reference="345" classloader="0" />
    <remembered-set count="2361" />
  </mem-info>
</gc-end>
<cycle-end id="560" type="scavenge" contextid="554" timestamp="2020-09-11T10:47:31.945" />
<allocation-satisfied id="561" threadId="0000000000019A00" bytesRequested="2752" />
<af-end id="562" timestamp="2020-09-11T10:47:31.945" threadId="000000000001A380" success="true" from="nursery"/>
<exclusive-end id="563" timestamp="2020-09-11T10:47:31.945" durationms="11.573" />

<exclusive-start id="564" timestamp="2020-09-11T10:47:31.980" intervalms="46.209">
  <response-info timems="0.082" idlems="0.082" threads="0" lastid="0000000000019A00" lastname="main" />
</exclusive-start>
<af-start id="565" threadId="000000000001A380" totalBytesRequested="808" timestamp="2020-09-11T10:47:31.980" intervalms="46.212" type="nursery" />
<cycle-start id="566" type="scavenge" contextid="0" timestamp="2020-09-11T10:47:31.980" intervalms="46.208" />
<gc-start id="567" type="scavenge" contextid="566" timestamp="2020-09-11T10:47:31.980">
  <mem-info id="568" free="999600" total="15859712" percent="6">
    <mem type="nursery" free="0" total="9568256" percent="0">
      <mem type="allocate" free="0" total="7471104" percent="0" />
      <mem type="survivor" free="0" total="2097152" percent="0" />
    </mem>
    <mem type="tenure" free="999600" total="6291456" percent="15">
      <mem type="soa" free="684208" total="5976064" percent="11" />
      <mem type="loa" free="315392" total="315392" percent="100" />
    </mem>
    <remembered-set count="2438" />
  </mem-info>
</gc-start>
<allocation-stats totalBytes="5808720" >
  <allocated-bytes non-tlh="10320" tlh="5798400" />
  <largest-consumer threadName="main" threadId="0000000000019A00" bytes="5784992" />
</allocation-stats>
<gc-op id="569" type="scavenge" timems="12.704" contextid="566" timestamp="2020-09-11T10:47:31.993">
  <scavenger-info tenureage="3" tenuremask="ffe8" tiltratio="78" />
  <memory-copied type="nursery" objects="14291" bytes="469680" bytesdiscarded="148328" />
  <memory-copied type="tenure" objects="20162" bytes="910512" bytesdiscarded="1536" />
  <finalization candidates="7" enqueued="0" />
  <ownableSynchronizers candidates="9" cleared="0" />
  <references type="soft" candidates="2232" cleared="0" enqueued="0" dynamicThreshold="32" maxThreshold="32" />
  <references type="weak" candidates="375" cleared="62" enqueued="62" />
  <references type="phantom" candidates="6" cleared="0" enqueued="0" />
  <heap-resize type="expand" space="tenure" amount="196608" count="3" timems="0.163" reason="continue current collection" />
</gc-op>
<heap-resize id="570" type="expand" space="nursery" amount="1310720" count="1" timems="0.043" reason="excessive time being spent scavenging" timestamp="2020-09-11T10:47:31.993" />
<gc-end id="571" type="scavenge" contextid="566" durationms="13.021" usertimems="18.843" systemtimems="0.000" timestamp="2020-09-11T10:47:31.993" activeThreads="7">
  <mem-info id="572" free="8380096" total="17367040" percent="48">
    <mem type="nursery" free="8032192" total="10878976" percent="73">
      <mem type="allocate" free="8032192" total="8650752" percent="92" />
      <mem type="survivor" free="0" total="2228224" percent="0" />
    </mem>
    <mem type="tenure" free="347904" total="6488064" percent="5">
      <mem type="soa" free="23296" total="6163456" percent="0" />
      <mem type="loa" free="324608" total="324608" percent="100" />
    </mem>
    <pending-finalizers system="0" default="0" reference="62" classloader="0" />
    <remembered-set count="2020" />
  </mem-info>
</gc-end>
<cycle-end id="573" type="scavenge" contextid="566" timestamp="2020-09-11T10:47:31.993" />
<allocation-satisfied id="574" threadId="0000000000019A00" bytesRequested="808" />
<af-end id="575" timestamp="2020-09-11T10:47:31.993" threadId="000000000001A380" success="true" from="nursery"/>
<exclusive-end id="576" timestamp="2020-09-11T10:47:31.993" durationms="13.565" />

<exclusive-start id="577" timestamp="2020-09-11T10:47:32.053" intervalms="73.211">
  <response-info timems="0.057" idlems="0.057" threads="0" lastid="0000000000019A00" lastname="main" />
</exclusive-start>
<af-start id="578" threadId="000000000001A380" totalBytesRequested="88" timestamp="2020-09-11T10:47:32.053" intervalms="73.227" type="tenure" />
<cycle-start id="579" type="global" contextid="0" timestamp="2020-09-11T10:47:32.053" intervalms="3137.412" />
<gc-start id="580" type="global" contextid="579" timestamp="2020-09-11T10:47:32.053">
  <mem-info id="581" free="2203800" total="17367040" percent="12">
    <mem type="nursery" free="1879192" total="10878976" percent="17">
      <mem type="allocate" free="1879192" total="8650752" percent="21" />
      <mem type="survivor" free="0" total="2228224" percent="0" />
    </mem>
    <mem type="tenure" free="324608" total="6488064" percent="5">
      <mem type="soa" free="0" total="6163456" percent="0" />
      <mem type="loa" free="324608" total="324608" percent="100" />
    </mem>
    <remembered-set count="2247" />
  </mem-info>
</gc-start>
<allocation-stats totalBytes="6122408" >
  <allocated-bytes non-tlh="23400" tlh="6099008" />
  <largest-consumer threadName="main" threadId="0000000000019A00" bytes="6122408" />
</allocation-stats>
<gc-op id="582" type="mark" timems="35.367" contextid="579" timestamp="2020-09-11T10:47:32.089">
  <trace-info objectcount="69414" scancount="54944" scanbytes="1738452" />
  <finalization candidates="73" enqueued="0" />
  <ownableSynchronizers candidates="11" cleared="0" />
  <references type="soft" candidates="2658" cleared="0" enqueued="0" dynamicThreshold="32" maxThreshold="32" />
  <references type="weak" candidates="2133" cleared="275" enqueued="239" />
  <references type="phantom" candidates="96" cleared="0" enqueued="0" />
  <stringconstants candidates="7067" cleared="25"  />
</gc-op>
<gc-op id="583" type="classunload" timems="0.027" contextid="579" timestamp="2020-09-11T10:47:32.089">
  <classunload-info classloadercandidates="9" classloadersunloaded="0" classesunloaded="0" anonymousclassesunloaded="0" quiescems="0.000" setupms="0.025" scanms="0.001" postms="0.001" />
</gc-op>
<gc-op id="584" type="sweep" timems="9.461" contextid="579" timestamp="2020-09-11T10:47:32.098" />
<gc-end id="585" type="global" contextid="579" durationms="45.299" usertimems="30.460" systemtimems="6.642" timestamp="2020-09-11T10:47:32.098" activeThreads="8">
  <mem-info id="586" free="11372256" total="17367040" percent="65">
    <mem type="nursery" free="8149624" total="10878976" percent="74">
      <mem type="allocate" free="8149624" total="8650752" percent="94" />
      <mem type="survivor" free="0" total="2228224" percent="0" />
    </mem>
    <mem type="tenure" free="3222632" total="6488064" percent="49" micro-fragmented="28045" macro-fragmented="0">
      <mem type="soa" free="2898024" total="6163456" percent="47" />
      <mem type="loa" free="324608" total="324608" percent="100" />
    </mem>
    <pending-finalizers system="0" default="0" reference="239" classloader="0" />
    <remembered-set count="2205" />
  </mem-info>
</gc-end>
<cycle-end id="587" type="global" contextid="579" timestamp="2020-09-11T10:47:32.099" />
<allocation-satisfied id="588" threadId="0000000000019A00" bytesRequested="88" />
<af-end id="589" timestamp="2020-09-11T10:47:32.099" threadId="000000000001A380" success="true" from="tenure-soa"/>
<exclusive-end id="590" timestamp="2020-09-11T10:47:32.099" durationms="45.732" />

<exclusive-start id="591" timestamp="2020-09-11T10:47:32.271" intervalms="218.540">
  <response-info timems="0.041" idlems="0.041" threads="0" lastid="0000000000019A00" lastname="main" />
</exclusive-start>
<af-start id="592" threadId="000000000001A380" totalBytesRequested="4104" timestamp="2020-09-11T10:47:32.272" intervalms="218.535" type="nursery" />
<cycle-start id="593" type="scavenge" contextid="0" timestamp="2020-09-11T10:47:32.272" intervalms="291.777" />
<gc-start id="594" type="scavenge" contextid="593" timestamp="2020-09-11T10:47:32.272">
  <mem-info id="595" free="3156872" total="17367040" percent="18">
    <mem type="nursery" free="0" total="10878976" percent="0">
      <mem type="allocate" free="0" total="8650752" percent="0" />
      <mem type="survivor" free="0" total="2228224" percent="0" />
    </mem>
    <mem type="tenure" free="3156872" total="6488064" percent="48">
      <mem type="soa" free="2832264" total="6163456" percent="45" />
      <mem type="loa" free="324608" total="324608" percent="100" />
    </mem>
    <remembered-set count="2850" />
  </mem-info>
</gc-start>
<allocation-stats totalBytes="8095272" >
  <allocated-bytes non-tlh="444936" tlh="7650336" />
  <largest-consumer threadName="main" threadId="0000000000019A00" bytes="8091176" />
</allocation-stats>
<gc-op id="596" type="scavenge" timems="3.222" contextid="593" timestamp="2020-09-11T10:47:32.275">
  <scavenger-info tenureage="3" tenuremask="ffe8" tiltratio="79" />
  <memory-copied type="nursery" objects="15505" bytes="498560" bytesdiscarded="102512" />
  <memory-copied type="tenure" objects="569" bytes="28568" bytesdiscarded="800" />
  <finalization candidates="2" enqueued="0" />
  <ownableSynchronizers candidates="22" cleared="22" />
  <references type="soft" candidates="2234" cleared="0" enqueued="0" dynamicThreshold="15" maxThreshold="32" />
  <references type="weak" candidates="732" cleared="552" enqueued="552" />
  <references type="phantom" candidates="10" cleared="2" enqueued="2" />
</gc-op>
<gc-end id="597" type="scavenge" contextid="593" durationms="3.407" usertimems="8.564" systemtimems="0.000" timestamp="2020-09-11T10:47:32.275" activeThreads="8">
  <mem-info id="598" free="11661272" total="17367040" percent="67">
    <mem type="nursery" free="8573432" total="10878976" percent="78">
      <mem type="allocate" free="8573432" total="9175040" percent="93" />
      <mem type="survivor" free="0" total="1703936" percent="0" />
    </mem>
    <mem type="tenure" free="3087840" total="6488064" percent="47">
      <mem type="soa" free="2763232" total="6163456" percent="44" />
      <mem type="loa" free="324608" total="324608" percent="100" />
    </mem>
    <pending-finalizers system="0" default="0" reference="554" classloader="0" />
    <remembered-set count="1458" />
  </mem-info>
</gc-end>
<cycle-end id="599" type="scavenge" contextid="593" timestamp="2020-09-11T10:47:32.275" />
<allocation-satisfied id="600" threadId="0000000000019A00" bytesRequested="4104" />
<af-end id="601" timestamp="2020-09-11T10:47:32.275" threadId="000000000001A380" success="true" from="nursery"/>
<exclusive-end id="602" timestamp="2020-09-11T10:47:32.275" durationms="4.073" />

<exclusive-start id="603" timestamp="2020-09-11T10:47:32.370" intervalms="98.975">
  <response-info timems="0.034" idlems="0.034" threads="0" lastid="0000000000019A00" lastname="main" />
</exclusive-start>
<af-start id="604" threadId="000000000001A380" totalBytesRequested="4104" timestamp="2020-09-11T10:47:32.370" intervalms="98.967" type="nursery" />
<cycle-start id="605" type="scavenge" contextid="0" timestamp="2020-09-11T10:47:32.371" intervalms="98.953" />
<gc-start id="606" type="scavenge" contextid="605" timestamp="2020-09-11T10:47:32.371">
  <mem-info id="607" free="3027976" total="17367040" percent="17">
    <mem type="nursery" free="0" total="10878976" percent="0">
      <mem type="allocate" free="0" total="9175040" percent="0" />
      <mem type="survivor" free="0" total="1703936" percent="0" />
    </mem>
    <mem type="tenure" free="3027976" total="6488064" percent="46">
      <mem type="soa" free="2703368" total="6163456" percent="43" />
      <mem type="loa" free="324608" total="324608" percent="100" />
    </mem>
    <remembered-set count="2062" />
  </mem-info>
</gc-start>
<allocation-stats totalBytes="8607832" >
  <allocated-bytes non-tlh="146176" tlh="8461656" />
  <largest-consumer threadName="main" threadId="0000000000019A00" bytes="8603736" />
</allocation-stats>
<gc-op id="608" type="scavenge" timems="3.971" contextid="605" timestamp="2020-09-11T10:47:32.375">
  <scavenger-info tenureage="5" tenuremask="ffe0" tiltratio="84" />
  <memory-copied type="nursery" objects="15756" bytes="521312" bytesdiscarded="67216" />
  <finalization candidates="2" enqueued="0" />
  <references type="soft" candidates="2237" cleared="0" enqueued="0" dynamicThreshold="15" maxThreshold="32" />
  <references type="weak" candidates="735" cleared="543" enqueued="543" />
  <references type="phantom" candidates="10" cleared="1" enqueued="1" />
</gc-op>
<gc-end id="609" type="scavenge" contextid="605" durationms="4.260" usertimems="9.492" systemtimems="0.000" timestamp="2020-09-11T10:47:32.375" activeThreads="8">
  <mem-info id="610" free="11810496" total="17367040" percent="68">
    <mem type="nursery" free="8782520" total="10878976" percent="80">
      <mem type="allocate" free="8782520" total="9371648" percent="93" />
      <mem type="survivor" free="0" total="1507328" percent="0" />
    </mem>
    <mem type="tenure" free="3027976" total="6488064" percent="46">
      <mem type="soa" free="2703368" total="6163456" percent="43" />
      <mem type="loa" free="324608" total="324608" percent="100" />
    </mem>
    <pending-finalizers system="0" default="0" reference="544" classloader="0" />
    <remembered-set count="1993" />
  </mem-info>
</gc-end>
<cycle-end id="611" type="scavenge" contextid="605" timestamp="2020-09-11T10:47:32.375" />
<allocation-satisfied id="612" threadId="0000000000019A00" bytesRequested="4104" />
<af-end id="613" timestamp="2020-09-11T10:47:32.375" threadId="000000000001A380" success="true" from="nursery"/>
<exclusive-end id="614" timestamp="2020-09-11T10:47:32.375" durationms="4.872" />

<exclusive-start id="615" timestamp="2020-09-11T10:47:32.408" intervalms="37.208">
  <response-info timems="0.155" idlems="0.155" threads="0" lastid="0000000000019A00" lastname="main" />
</exclusive-start>
<af-start id="616" threadId="000000000001A380" totalBytesRequested="4104" timestamp="2020-09-11T10:47:32.408" intervalms="37.329" type="nursery" />
<cycle-start id="617" type="scavenge" contextid="0" timestamp="2020-09-11T10:47:32.408" intervalms="37.344" />
<gc-start id="618" type="scavenge" contextid="617" timestamp="2020-09-11T10:47:32.408">
  <mem-info id="619" free="3008832" total="17367040" percent="17">
    <mem type="nursery" free="0" total="10878976" percent="0">
      <mem type="allocate" free="0" total="9371648" percent="0" />
      <mem type="survivor" free="0" total="1507328" percent="0" />
    </mem>
    <mem type="tenure" free="3008832" total="6488064" percent="46">
      <mem type="soa" free="2684224" total="6163456" percent="43" />
      <mem type="loa" free="324608" total="324608" percent="100" />
    </mem>
    <remembered-set count="2184" />
  </mem-info>
</gc-start>
<allocation-stats totalBytes="8686584" >
  <allocated-bytes non-tlh="2337080" tlh="6349504" />
  <largest-consumer threadName="main" threadId="0000000000019A00" bytes="8682488" />
</allocation-stats>
<gc-op id="620" type="scavenge" timems="5.216" contextid="617" timestamp="2020-09-11T10:47:32.413">
  <scavenger-info tenureage="3" tenuremask="fff8" tiltratio="86" />
  <memory-copied type="nursery" objects="1476" bytes="88968" bytesdiscarded="91408" />
  <memory-copied type="tenure" objects="13426" bytes="413032" bytesdiscarded="2216" />
  <finalization candidates="2" enqueued="0" />
  <references type="soft" candidates="9" cleared="0" enqueued="0" dynamicThreshold="15" maxThreshold="32" />
  <references type="weak" candidates="173" cleared="155" enqueued="155" />
  <references type="phantom" candidates="9" cleared="1" enqueued="1" />
</gc-op>
<heap-resize id="621" type="expand" space="nursery" amount="786432" count="1" timems="0.054" reason="excessive time being spent scavenging" timestamp="2020-09-11T10:47:32.413" />
<gc-end id="622" type="scavenge" contextid="617" durationms="5.603" usertimems="9.604" systemtimems="3.958" timestamp="2020-09-11T10:47:32.414" activeThreads="8">
  <mem-info id="623" free="12580368" total="18153472" percent="69">
    <mem type="nursery" free="10043136" total="11665408" percent="86">
      <mem type="allocate" free="10043136" total="10223616" percent="98" />
      <mem type="survivor" free="0" total="1441792" percent="0" />
    </mem>
    <mem type="tenure" free="2537232" total="6488064" percent="39">
      <mem type="soa" free="2212624" total="6163456" percent="35" />
      <mem type="loa" free="324608" total="324608" percent="100" />
    </mem>
    <pending-finalizers system="0" default="0" reference="156" classloader="0" />
    <remembered-set count="1049" />
  </mem-info>
</gc-end>
<cycle-end id="624" type="scavenge" contextid="617" timestamp="2020-09-11T10:47:32.416" />
<allocation-satisfied id="625" threadId="0000000000019A00" bytesRequested="4104" />
<af-end id="626" timestamp="2020-09-11T10:47:32.416" threadId="000000000001A380" success="true" from="nursery"/>
<exclusive-end id="627" timestamp="2020-09-11T10:47:32.416" durationms="8.072" />

<exclusive-start id="628" timestamp="2020-09-11T10:47:32.439" intervalms="31.584">
  <response-info timems="0.346" idlems="0.346" threads="0" lastid="0000000000019A00" lastname="main" />
</exclusive-start>
<af-start id="629" threadId="000000000001A380" totalBytesRequested="4104" timestamp="2020-09-11T10:47:32.439" intervalms="31.482" type="nursery" />
<cycle-start id="630" type="scavenge" contextid="0" timestamp="2020-09-11T10:47:32.439" intervalms="31.473" />
<gc-start id="631" type="scavenge" contextid="630" timestamp="2020-09-11T10:47:32.439">
  <mem-info id="632" free="2537232" total="18153472" percent="13">
    <mem type="nursery" free="0" total="11665408" percent="0">
      <mem type="allocate" free="0" total="10223616" percent="0" />
      <mem type="survivor" free="0" total="1441792" percent="0" />
    </mem>
    <mem type="tenure" free="2537232" total="6488064" percent="39">
      <mem type="soa" free="2212624" total="6163456" percent="35" />
      <mem type="loa" free="324608" total="324608" percent="100" />
    </mem>
    <remembered-set count="1052" />
  </mem-info>
</gc-start>
<allocation-stats totalBytes="9883656" >
  <allocated-bytes non-tlh="4104" tlh="9879552" />
  <largest-consumer threadName="main" threadId="0000000000019A00" bytes="9879560" />
</allocation-stats>
<gc-op id="633" type="scavenge" timems="6.151" contextid="630" timestamp="2020-09-11T10:47:32.446">
  <scavenger-info tenureage="6" tenuremask="ffc0" tiltratio="87" />
  <memory-copied type="nursery" objects="1033" bytes="62264" bytesdiscarded="24416" />
  <references type="soft" candidates="9" cleared="0" enqueued="0" dynamicThreshold="15" maxThreshold="32" />
  <references type="weak" candidates="18" cleared="0" enqueued="0" />
  <references type="phantom" candidates="8" cleared="0" enqueued="0" />
</gc-op>
<heap-resize id="634" type="expand" space="nursery" amount="1179648" count="1" timems="0.045" reason="excessive time being spent scavenging" timestamp="2020-09-11T10:47:32.446" />
<gc-end id="635" type="scavenge" contextid="630" durationms="6.413" usertimems="4.510" systemtimems="0.000" timestamp="2020-09-11T10:47:32.446" activeThreads="8">
  <mem-info id="636" free="13984784" total="19333120" percent="72">
    <mem type="nursery" free="11447552" total="12845056" percent="89">
      <mem type="allocate" free="11447552" total="11534336" percent="99" />
      <mem type="survivor" free="0" total="1310720" percent="0" />
    </mem>
    <mem type="tenure" free="2537232" total="6488064" percent="39">
      <mem type="soa" free="2212624" total="6163456" percent="35" />
      <mem type="loa" free="324608" total="324608" percent="100" />
    </mem>
    <remembered-set count="489" />
  </mem-info>
</gc-end>
<cycle-end id="637" type="scavenge" contextid="630" timestamp="2020-09-11T10:47:32.446" />
<allocation-satisfied id="638" threadId="0000000000019A00" bytesRequested="4104" />
<af-end id="639" timestamp="2020-09-11T10:47:32.446" threadId="000000000001A380" success="true" from="nursery"/>
<exclusive-end id="640" timestamp="2020-09-11T10:47:32.446" durationms="7.054" />

<exclusive-start id="641" timestamp="2020-09-11T10:47:32.468" intervalms="29.134">
  <response-info timems="0.130" idlems="0.130" threads="0" lastid="0000000000019A00" lastname="main" />
</exclusive-start>
<af-start id="642" threadId="000000000001A380" totalBytesRequested="2344" timestamp="2020-09-11T10:47:32.468" intervalms="29.144" type="nursery" />
<cycle-start id="643" type="scavenge" contextid="0" timestamp="2020-09-11T10:47:32.468" intervalms="29.151" />
<gc-start id="644" type="scavenge" contextid="643" timestamp="2020-09-11T10:47:32.469">
  <mem-info id="645" free="2537232" total="19333120" percent="13">
    <mem type="nursery" free="0" total="12845056" percent="0">
      <mem type="allocate" free="0" total="11534336" percent="0" />
      <mem type="survivor" free="0" total="1310720" percent="0" />
    </mem>
    <mem type="tenure" free="2537232" total="6488064" percent="39">
      <mem type="soa" free="2212624" total="6163456" percent="35" />
      <mem type="loa" free="324608" total="324608" percent="100" />
    </mem>
    <remembered-set count="490" />
  </mem-info>
</gc-start>
<allocation-stats totalBytes="11145536" >
  <allocated-bytes non-tlh="61840" tlh="11083696" />
  <largest-consumer threadName="main" threadId="0000000000019A00" bytes="11145536" />
</allocation-stats>
<gc-op id="646" type="scavenge" timems="1.693" contextid="643" timestamp="2020-09-11T10:47:32.470">
  <scavenger-info tenureage="3" tenuremask="fff8" tiltratio="89" />
  <memory-copied type="nursery" objects="423" bytes="52408" bytesdiscarded="44368" />
  <memory-copied type="tenure" objects="630" bytes="28976" bytesdiscarded="8" />
  <references type="soft" candidates="2" cleared="0" enqueued="0" dynamicThreshold="15" maxThreshold="32" />
  <references type="phantom" candidates="5" cleared="0" enqueued="0" />
</gc-op>
<gc-end id="647" type="scavenge" contextid="643" durationms="1.838" usertimems="4.247" systemtimems="0.085" timestamp="2020-09-11T10:47:32.470" activeThreads="8">
  <mem-info id="648" free="13943248" total="19333120" percent="72">
    <mem type="nursery" free="11437544" total="12845056" percent="89">
      <mem type="allocate" free="11437544" total="11534336" percent="99" />
      <mem type="survivor" free="0" total="1310720" percent="0" />
    </mem>
    <mem type="tenure" free="2505704" total="6488064" percent="38">
      <mem type="soa" free="2181096" total="6163456" percent="35" />
      <mem type="loa" free="324608" total="324608" percent="100" />
    </mem>
    <remembered-set count="220" />
  </mem-info>
</gc-end>
<cycle-end id="649" type="scavenge" contextid="643" timestamp="2020-09-11T10:47:32.471" />
<allocation-satisfied id="650" threadId="0000000000019A00" bytesRequested="2344" />
<af-end id="651" timestamp="2020-09-11T10:47:32.471" threadId="000000000001A380" success="true" from="nursery"/>
<exclusive-end id="652" timestamp="2020-09-11T10:47:32.471" durationms="2.489" />

<exclusive-start id="653" timestamp="2020-09-11T10:47:32.496" intervalms="27.589">
  <response-info timems="0.246" idlems="0.246" threads="0" lastid="0000000000019A00" lastname="main" />
</exclusive-start>
<af-start id="654" threadId="000000000001A380" totalBytesRequested="4768" timestamp="2020-09-11T10:47:32.496" intervalms="27.564" type="nursery" />
<cycle-start id="655" type="scavenge" contextid="0" timestamp="2020-09-11T10:47:32.496" intervalms="27.563" />
<gc-start id="656" type="scavenge" contextid="655" timestamp="2020-09-11T10:47:32.496">
  <mem-info id="657" free="2505704" total="19333120" percent="12">
    <mem type="nursery" free="0" total="12845056" percent="0">
      <mem type="allocate" free="0" total="11534336" percent="0" />
      <mem type="survivor" free="0" total="1310720" percent="0" />
    </mem>
    <mem type="tenure" free="2505704" total="6488064" percent="38">
      <mem type="soa" free="2181096" total="6163456" percent="35" />
      <mem type="loa" free="324608" total="324608" percent="100" />
    </mem>
    <remembered-set count="221" />
  </mem-info>
</gc-start>
<allocation-stats totalBytes="11213664" >
  <allocated-bytes non-tlh="117144" tlh="11096520" />
  <largest-consumer threadName="main" threadId="0000000000019A00" bytes="11213664" />
</allocation-stats>
<gc-op id="658" type="scavenge" timems="1.507" contextid="655" timestamp="2020-09-11T10:47:32.498">
  <scavenger-info tenureage="3" tenuremask="ffc8" tiltratio="89" />
  <memory-copied type="nursery" objects="68" bytes="12344" bytesdiscarded="35264" />
  <memory-copied type="tenure" objects="289" bytes="24840" bytesdiscarded="48" />
  <references type="phantom" candidates="2" cleared="0" enqueued="0" />
</gc-op>
<heap-resize id="659" type="expand" space="nursery" amount="524288" count="1" timems="0.031" reason="excessive time being spent scavenging" timestamp="2020-09-11T10:47:32.498" />
<gc-end id="660" type="scavenge" contextid="655" durationms="1.717" usertimems="6.684" systemtimems="0.000" timestamp="2020-09-11T10:47:32.498" activeThreads="8">
  <mem-info id="661" free="14426488" total="19857408" percent="72">
    <mem type="nursery" free="11945472" total="13369344" percent="89">
      <mem type="allocate" free="11945472" total="11993088" percent="99" />
      <mem type="survivor" free="0" total="1376256" percent="0" />
    </mem>
    <mem type="tenure" free="2481016" total="6488064" percent="38">
      <mem type="soa" free="2156408" total="6163456" percent="34" />
      <mem type="loa" free="324608" total="324608" percent="100" />
    </mem>
    <remembered-set count="199" />
  </mem-info>
</gc-end>
<cycle-end id="662" type="scavenge" contextid="655" timestamp="2020-09-11T10:47:32.498" />
<allocation-satisfied id="663" threadId="0000000000019A00" bytesRequested="4768" />
<af-end id="664" timestamp="2020-09-11T10:47:32.498" threadId="000000000001A380" success="true" from="nursery"/>
<exclusive-end id="665" timestamp="2020-09-11T10:47:32.498" durationms="2.225" />

<exclusive-start id="666" timestamp="2020-09-11T10:47:32.549" intervalms="52.965">
  <response-info timems="0.215" idlems="0.215" threads="0" lastid="0000000000019A00" lastname="main" />
</exclusive-start>
<af-start id="667" threadId="000000000001A380" totalBytesRequested="27688" timestamp="2020-09-11T10:47:32.549" intervalms="52.997" type="nursery" />
<cycle-start id="668" type="scavenge" contextid="0" timestamp="2020-09-11T10:47:32.549" intervalms="53.017" />
<gc-start id="669" type="scavenge" contextid="668" timestamp="2020-09-11T10:47:32.549">
  <mem-info id="670" free="2480968" total="19857408" percent="12">
    <mem type="nursery" free="0" total="13369344" percent="0">
      <mem type="allocate" free="0" total="11993088" percent="0" />
      <mem type="survivor" free="0" total="1376256" percent="0" />
    </mem>
    <mem type="tenure" free="2480968" total="6488064" percent="38">
      <mem type="soa" free="2156360" total="6163456" percent="34" />
      <mem type="loa" free="324608" total="324608" percent="100" />
    </mem>
    <remembered-set count="201" />
  </mem-info>
</gc-start>
<allocation-stats totalBytes="11638752" >
  <allocated-bytes non-tlh="306080" tlh="11332672" />
  <largest-consumer threadName="main" threadId="0000000000019A00" bytes="11638752" />
</allocation-stats>
<gc-op id="671" type="scavenge" timems="3.271" contextid="668" timestamp="2020-09-11T10:47:32.553">
  <scavenger-info tenureage="3" tenuremask="ffe8" tiltratio="89" />
  <memory-copied type="nursery" objects="49" bytes="21840" bytesdiscarded="25768" />
  <memory-copied type="tenure" objects="1" bytes="520" bytesdiscarded="0" />
  <references type="phantom" candidates="2" cleared="0" enqueued="0" />
</gc-op>
<gc-end id="672" type="scavenge" contextid="668" durationms="3.455" usertimems="7.037" systemtimems="0.858" timestamp="2020-09-11T10:47:32.553" activeThreads="8">
  <mem-info id="673" free="14426440" total="19857408" percent="72">
    <mem type="nursery" free="11945472" total="13369344" percent="89">
      <mem type="allocate" free="11945472" total="11993088" percent="99" />
      <mem type="survivor" free="0" total="1376256" percent="0" />
    </mem>
    <mem type="tenure" free="2480968" total="6488064" percent="38">
      <mem type="soa" free="2156360" total="6163456" percent="34" />
      <mem type="loa" free="324608" total="324608" percent="100" />
    </mem>
    <remembered-set count="199" />
  </mem-info>
</gc-end>
<cycle-end id="674" type="scavenge" contextid="668" timestamp="2020-09-11T10:47:32.553" />
<allocation-satisfied id="675" threadId="0000000000019A00" bytesRequested="27688" />
<af-end id="676" timestamp="2020-09-11T10:47:32.553" threadId="000000000001A380" success="true" from="nursery"/>
<exclusive-end id="677" timestamp="2020-09-11T10:47:32.553" durationms="4.358" />

<exclusive-start id="678" timestamp="2020-09-11T10:47:32.592" intervalms="43.509">
  <response-info timems="0.147" idlems="0.147" threads="0" lastid="0000000000019A00" lastname="main" />
</exclusive-start>
<af-start id="679" threadId="000000000001A380" totalBytesRequested="4104" timestamp="2020-09-11T10:47:32.593" intervalms="43.529" type="nursery" />
<cycle-start id="680" type="scavenge" contextid="0" timestamp="2020-09-11T10:47:32.593" intervalms="43.517" />
<gc-start id="681" type="scavenge" contextid="680" timestamp="2020-09-11T10:47:32.593">
  <mem-info id="682" free="2480968" total="19857408" percent="12">
    <mem type="nursery" free="0" total="13369344" percent="0">
      <mem type="allocate" free="0" total="11993088" percent="0" />
      <mem type="survivor" free="0" total="1376256" percent="0" />
    </mem>
    <mem type="tenure" free="2480968" total="6488064" percent="38">
      <mem type="soa" free="2156360" total="6163456" percent="34" />
      <mem type="loa" free="324608" total="324608" percent="100" />
    </mem>
    <remembered-set count="200" />
  </mem-info>
</gc-start>
<allocation-stats totalBytes="11552136" >
  <allocated-bytes non-tlh="336872" tlh="11215264" />
  <largest-consumer threadName="main" threadId="0000000000019A00" bytes="11552136" />
</allocation-stats>
<gc-op id="683" type="scavenge" timems="1.124" contextid="680" timestamp="2020-09-11T10:47:32.594">
  <scavenger-info tenureage="3" tenuremask="ffe8" tiltratio="89" />
  <memory-copied type="nursery" objects="48" bytes="3872" bytesdiscarded="43736" />
  <references type="phantom" candidates="2" cleared="0" enqueued="0" />
</gc-op>
<gc-end id="684" type="scavenge" contextid="680" durationms="1.281" usertimems="2.028" systemtimems="0.248" timestamp="2020-09-11T10:47:32.594" activeThreads="8">
  <mem-info id="685" free="14426440" total="19857408" percent="72">
    <mem type="nursery" free="11945472" total="13369344" percent="89">
      <mem type="allocate" free="11945472" total="11993088" percent="99" />
      <mem type="survivor" free="0" total="1376256" percent="0" />
    </mem>
    <mem type="tenure" free="2480968" total="6488064" percent="38">
      <mem type="soa" free="2156360" total="6163456" percent="34" />
      <mem type="loa" free="324608" total="324608" percent="100" />
    </mem>
    <remembered-set count="199" />
  </mem-info>
</gc-end>
<cycle-end id="686" type="scavenge" contextid="680" timestamp="2020-09-11T10:47:32.594" />
<allocation-satisfied id="687" threadId="0000000000019A00" bytesRequested="4104" />
<af-end id="688" timestamp="2020-09-11T10:47:32.594" threadId="000000000001A380" success="true" from="nursery"/>
<exclusive-end id="689" timestamp="2020-09-11T10:47:32.594" durationms="1.871" />

<exclusive-start id="690" timestamp="2020-09-11T10:47:32.621" intervalms="28.942">
  <response-info timems="0.304" idlems="0.304" threads="0" lastid="0000000000019A00" lastname="main" />
</exclusive-start>
<af-start id="691" threadId="000000000001A380" totalBytesRequested="4104" timestamp="2020-09-11T10:47:32.621" intervalms="28.907" type="nursery" />
<cycle-start id="692" type="scavenge" contextid="0" timestamp="2020-09-11T10:47:32.621" intervalms="28.894" />
<gc-start id="693" type="scavenge" contextid="692" timestamp="2020-09-11T10:47:32.622">
  <mem-info id="694" free="2480968" total="19857408" percent="12">
    <mem type="nursery" free="0" total="13369344" percent="0">
      <mem type="allocate" free="0" total="11993088" percent="0" />
      <mem type="survivor" free="0" total="1376256" percent="0" />
    </mem>
    <mem type="tenure" free="2480968" total="6488064" percent="38">
      <mem type="soa" free="2156360" total="6163456" percent="34" />
      <mem type="loa" free="324608" total="324608" percent="100" />
    </mem>
    <remembered-set count="200" />
  </mem-info>
</gc-start>
<allocation-stats totalBytes="11630960" >
  <allocated-bytes non-tlh="4104" tlh="11626856" />
  <largest-consumer threadName="main" threadId="0000000000019A00" bytes="11630960" />
</allocation-stats>
<gc-op id="695" type="scavenge" timems="4.507" contextid="692" timestamp="2020-09-11T10:47:32.626">
  <scavenger-info tenureage="3" tenuremask="fff8" tiltratio="89" />
  <memory-copied type="nursery" objects="39" bytes="3816" bytesdiscarded="43792" />
  <references type="phantom" candidates="2" cleared="0" enqueued="0" />
</gc-op>
<heap-resize id="696" type="expand" space="nursery" amount="1048576" count="1" timems="0.040" reason="excessive time being spent scavenging" timestamp="2020-09-11T10:47:32.626" />
<gc-end id="697" type="scavenge" contextid="692" durationms="4.771" usertimems="3.836" systemtimems="3.766" timestamp="2020-09-11T10:47:32.626" activeThreads="8">
  <mem-info id="698" free="15343944" total="20905984" percent="73">
    <mem type="nursery" free="12862976" total="14417920" percent="89">
      <mem type="allocate" free="12862976" total="12910592" percent="99" />
      <mem type="survivor" free="0" total="1507328" percent="0" />
    </mem>
    <mem type="tenure" free="2480968" total="6488064" percent="38">
      <mem type="soa" free="2156360" total="6163456" percent="34" />
      <mem type="loa" free="324608" total="324608" percent="100" />
    </mem>
    <remembered-set count="198" />
  </mem-info>
</gc-end>
<cycle-end id="699" type="scavenge" contextid="692" timestamp="2020-09-11T10:47:32.627" />
<allocation-satisfied id="700" threadId="0000000000019A00" bytesRequested="4104" />
<af-end id="701" timestamp="2020-09-11T10:47:32.627" threadId="000000000001A380" success="true" from="nursery"/>
<exclusive-end id="702" timestamp="2020-09-11T10:47:32.627" durationms="5.414" />

<exclusive-start id="703" timestamp="2020-09-11T10:47:32.667" intervalms="45.527">
  <response-info timems="0.184" idlems="0.184" threads="0" lastid="0000000000019A00" lastname="main" />
</exclusive-start>
<af-start id="704" threadId="000000000001A380" totalBytesRequested="4104" timestamp="2020-09-11T10:47:32.667" intervalms="45.524" type="nursery" />
<cycle-start id="705" type="scavenge" contextid="0" timestamp="2020-09-11T10:47:32.667" intervalms="45.522" />
<gc-start id="706" type="scavenge" contextid="705" timestamp="2020-09-11T10:47:32.667">
  <mem-info id="707" free="2480968" total="20905984" percent="11">
    <mem type="nursery" free="0" total="14417920" percent="0">
      <mem type="allocate" free="0" total="12910592" percent="0" />
      <mem type="survivor" free="0" total="1507328" percent="0" />
    </mem>
    <mem type="tenure" free="2480968" total="6488064" percent="38">
      <mem type="soa" free="2156360" total="6163456" percent="34" />
      <mem type="loa" free="324608" total="324608" percent="100" />
    </mem>
    <remembered-set count="199" />
  </mem-info>
</gc-start>
<allocation-stats totalBytes="12578080" >
  <allocated-bytes non-tlh="138568" tlh="12439512" />
  <largest-consumer threadName="main" threadId="0000000000019A00" bytes="12578080" />
</allocation-stats>
<gc-op id="708" type="scavenge" timems="3.159" contextid="705" timestamp="2020-09-11T10:47:32.670">
  <scavenger-info tenureage="3" tenuremask="fff8" tiltratio="89" />
  <memory-copied type="nursery" objects="104" bytes="6544" bytesdiscarded="41064" />
  <references type="phantom" candidates="2" cleared="0" enqueued="0" />
</gc-op>
<gc-end id="709" type="scavenge" contextid="705" durationms="3.343" usertimems="6.322" systemtimems="3.378" timestamp="2020-09-11T10:47:32.670" activeThreads="8">
  <mem-info id="710" free="15409480" total="20905984" percent="73">
    <mem type="nursery" free="12928512" total="14417920" percent="89">
      <mem type="allocate" free="12928512" total="12976128" percent="99" />
      <mem type="survivor" free="0" total="1441792" percent="0" />
    </mem>
    <mem type="tenure" free="2480968" total="6488064" percent="38">
      <mem type="soa" free="2156360" total="6163456" percent="34" />
      <mem type="loa" free="324608" total="324608" percent="100" />
    </mem>
    <remembered-set count="198" />
  </mem-info>
</gc-end>
<cycle-end id="711" type="scavenge" contextid="705" timestamp="2020-09-11T10:47:32.671" />
<allocation-satisfied id="712" threadId="0000000000019A00" bytesRequested="4104" />
<af-end id="713" timestamp="2020-09-11T10:47:32.671" threadId="000000000001A380" success="true" from="nursery"/>
<exclusive-end id="714" timestamp="2020-09-11T10:47:32.671" durationms="3.980" />

<exclusive-start id="715" timestamp="2020-09-11T10:47:32.707" intervalms="40.453">
  <response-info timems="0.156" idlems="0.156" threads="0" lastid="0000000000019A00" lastname="main" />
</exclusive-start>
<af-start id="716" threadId="000000000001A380" totalBytesRequested="4104" timestamp="2020-09-11T10:47:32.707" intervalms="40.461" type="nursery" />
<cycle-start id="717" type="scavenge" contextid="0" timestamp="2020-09-11T10:47:32.707" intervalms="40.464" />
<gc-start id="718" type="scavenge" contextid="717" timestamp="2020-09-11T10:47:32.708">
  <mem-info id="719" free="2480968" total="20905984" percent="11">
    <mem type="nursery" free="0" total="14417920" percent="0">
      <mem type="allocate" free="0" total="12976128" percent="0" />
      <mem type="survivor" free="0" total="1441792" percent="0" />
    </mem>
    <mem type="tenure" free="2480968" total="6488064" percent="38">
      <mem type="soa" free="2156360" total="6163456" percent="34" />
      <mem type="loa" free="324608" total="324608" percent="100" />
    </mem>
    <remembered-set count="199" />
  </mem-info>
</gc-start>
<allocation-stats totalBytes="12642696" >
  <allocated-bytes non-tlh="4104" tlh="12638592" />
  <largest-consumer threadName="main" threadId="0000000000019A00" bytes="12642696" />
</allocation-stats>
<gc-op id="720" type="scavenge" timems="1.085" contextid="717" timestamp="2020-09-11T10:47:32.709">
  <scavenger-info tenureage="3" tenuremask="fff8" tiltratio="90" />
  <memory-copied type="nursery" objects="110" bytes="10672" bytesdiscarded="36936" />
  <references type="phantom" candidates="2" cleared="0" enqueued="0" />
</gc-op>
<gc-end id="721" type="scavenge" contextid="717" durationms="1.216" usertimems="3.170" systemtimems="0.000" timestamp="2020-09-11T10:47:32.709" activeThreads="8">
  <mem-info id="722" free="15409480" total="20905984" percent="73">
    <mem type="nursery" free="12928512" total="14417920" percent="89">
      <mem type="allocate" free="12928512" total="12976128" percent="99" />
      <mem type="survivor" free="0" total="1441792" percent="0" />
    </mem>
    <mem type="tenure" free="2480968" total="6488064" percent="38">
      <mem type="soa" free="2156360" total="6163456" percent="34" />
      <mem type="loa" free="324608" total="324608" percent="100" />
    </mem>
    <remembered-set count="198" />
  </mem-info>
</gc-end>
<cycle-end id="723" type="scavenge" contextid="717" timestamp="2020-09-11T10:47:32.709" />
<allocation-satisfied id="724" threadId="0000000000019A00" bytesRequested="4104" />
<af-end id="725" timestamp="2020-09-11T10:47:32.709" threadId="000000000001A380" success="true" from="nursery"/>
<exclusive-end id="726" timestamp="2020-09-11T10:47:32.709" durationms="1.862" />

<exclusive-start id="727" timestamp="2020-09-11T10:47:32.970" intervalms="262.580">
  <response-info timems="0.166" idlems="0.166" threads="0" lastid="0000000000019A00" lastname="main" />
</exclusive-start>
<af-start id="728" threadId="000000000001A380" totalBytesRequested="1032" timestamp="2020-09-11T10:47:32.970" intervalms="262.529" type="nursery" />
<cycle-start id="729" type="scavenge" contextid="0" timestamp="2020-09-11T10:47:32.970" intervalms="262.557" />
<gc-start id="730" type="scavenge" contextid="729" timestamp="2020-09-11T10:47:32.970">
  <mem-info id="731" free="2427968" total="20905984" percent="11">
    <mem type="nursery" free="0" total="14417920" percent="0">
      <mem type="allocate" free="0" total="12976128" percent="0" />
      <mem type="survivor" free="0" total="1441792" percent="0" />
    </mem>
    <mem type="tenure" free="2427968" total="6488064" percent="37">
      <mem type="soa" free="2103360" total="6163456" percent="34" />
      <mem type="loa" free="324608" total="324608" percent="100" />
    </mem>
    <remembered-set count="2213" />
  </mem-info>
</gc-start>
<allocation-stats totalBytes="12886960" >
  <allocated-bytes non-tlh="56368" tlh="12830592" />
  <largest-consumer threadName="main" threadId="0000000000019A00" bytes="12886960" />
</allocation-stats>
<gc-op id="732" type="scavenge" timems="3.591" contextid="729" timestamp="2020-09-11T10:47:32.974">
  <scavenger-info tenureage="3" tenuremask="fff8" tiltratio="90" />
  <memory-copied type="nursery" objects="6016" bytes="187200" bytesdiscarded="74504" />
  <references type="soft" candidates="104" cleared="0" enqueued="0" dynamicThreshold="15" maxThreshold="32" />
  <references type="weak" candidates="367" cleared="319" enqueued="313" />
  <references type="phantom" candidates="3" cleared="1" enqueued="1" />
</gc-op>
<gc-end id="733" type="scavenge" contextid="729" durationms="3.795" usertimems="6.647" systemtimems="0.000" timestamp="2020-09-11T10:47:32.974" activeThreads="8">
  <mem-info id="734" free="15142208" total="20905984" percent="72">
    <mem type="nursery" free="12714240" total="14417920" percent="88">
      <mem type="allocate" free="12714240" total="12976128" percent="97" />
      <mem type="survivor" free="0" total="1441792" percent="0" />
    </mem>
    <mem type="tenure" free="2427968" total="6488064" percent="37">
      <mem type="soa" free="2103360" total="6163456" percent="34" />
      <mem type="loa" free="324608" total="324608" percent="100" />
    </mem>
    <pending-finalizers system="0" default="0" reference="314" classloader="0" />
    <remembered-set count="2173" />
  </mem-info>
</gc-end>
<cycle-end id="735" type="scavenge" contextid="729" timestamp="2020-09-11T10:47:32.974" />
<allocation-satisfied id="736" threadId="0000000000019A00" bytesRequested="1032" />
<af-end id="737" timestamp="2020-09-11T10:47:32.974" threadId="000000000001A380" success="true" from="nursery"/>
<exclusive-end id="738" timestamp="2020-09-11T10:47:32.974" durationms="4.568" />

<exclusive-start id="739" timestamp="2020-09-11T10:47:33.486" intervalms="515.831">
  <response-info timems="0.109" idlems="0.109" threads="0" lastid="0000000000019A00" lastname="main" />
</exclusive-start>
<af-start id="740" threadId="000000000001A380" totalBytesRequested="10256" timestamp="2020-09-11T10:47:33.486" intervalms="515.877" type="nursery" />
<cycle-start id="741" type="scavenge" contextid="0" timestamp="2020-09-11T10:47:33.486" intervalms="515.855" />
<gc-start id="742" type="scavenge" contextid="741" timestamp="2020-09-11T10:47:33.486">
  <mem-info id="743" free="2339912" total="20905984" percent="11">
    <mem type="nursery" free="0" total="14417920" percent="0">
      <mem type="allocate" free="0" total="12976128" percent="0" />
      <mem type="survivor" free="0" total="1441792" percent="0" />
    </mem>
    <mem type="tenure" free="2339912" total="6488064" percent="36">
      <mem type="soa" free="2015304" total="6163456" percent="32" />
      <mem type="loa" free="324608" total="324608" percent="100" />
    </mem>
    <remembered-set count="3250" />
  </mem-info>
</gc-start>
<allocation-stats totalBytes="12737848" >
  <allocated-bytes non-tlh="88336" tlh="12649512" />
  <largest-consumer threadName="main" threadId="0000000000019A00" bytes="12733752" />
</allocation-stats>
<gc-op id="744" type="scavenge" timems="7.087" contextid="741" timestamp="2020-09-11T10:47:33.493">
  <scavenger-info tenureage="3" tenuremask="fff8" tiltratio="90" />
  <memory-copied type="nursery" objects="24561" bytes="841840" bytesdiscarded="117392" />
  <references type="soft" candidates="1406" cleared="0" enqueued="0" dynamicThreshold="15" maxThreshold="32" />
  <references type="weak" candidates="601" cleared="527" enqueued="523" />
  <references type="phantom" candidates="3" cleared="1" enqueued="1" />
</gc-op>
<gc-end id="745" type="scavenge" contextid="741" durationms="7.301" usertimems="11.273" systemtimems="5.448" timestamp="2020-09-11T10:47:33.494" activeThreads="8">
  <mem-info id="746" free="14356040" total="20905984" percent="68">
    <mem type="nursery" free="12016128" total="14417920" percent="83">
      <mem type="allocate" free="12016128" total="12976128" percent="92" />
      <mem type="survivor" free="0" total="1441792" percent="0" />
    </mem>
    <mem type="tenure" free="2339912" total="6488064" percent="36">
      <mem type="soa" free="2015304" total="6163456" percent="32" />
      <mem type="loa" free="324608" total="324608" percent="100" />
    </mem>
    <pending-finalizers system="0" default="0" reference="524" classloader="0" />
    <remembered-set count="3227" />
  </mem-info>
</gc-end>
<cycle-end id="747" type="scavenge" contextid="741" timestamp="2020-09-11T10:47:33.494" />
<allocation-satisfied id="748" threadId="0000000000019A00" bytesRequested="10256" />
<af-end id="749" timestamp="2020-09-11T10:47:33.494" threadId="000000000001A380" success="true" from="nursery"/>
<exclusive-end id="750" timestamp="2020-09-11T10:47:33.494" durationms="8.422" />

<exclusive-start id="751" timestamp="2020-09-11T10:47:33.528" intervalms="42.294">
  <response-info timems="1.498" idlems="1.498" threads="0" lastid="0000000000019A00" lastname="main" />
</exclusive-start>
<af-start id="752" threadId="000000000001A380" totalBytesRequested="52552" timestamp="2020-09-11T10:47:33.528" intervalms="42.283" type="nursery" />
<cycle-start id="753" type="scavenge" contextid="0" timestamp="2020-09-11T10:47:33.528" intervalms="42.310" />
<gc-start id="754" type="scavenge" contextid="753" timestamp="2020-09-11T10:47:33.528">
  <mem-info id="755" free="2339912" total="20905984" percent="11">
    <mem type="nursery" free="0" total="14417920" percent="0">
      <mem type="allocate" free="0" total="12976128" percent="0" />
      <mem type="survivor" free="0" total="1441792" percent="0" />
    </mem>
    <mem type="tenure" free="2339912" total="6488064" percent="36">
      <mem type="soa" free="2015304" total="6163456" percent="32" />
      <mem type="loa" free="324608" total="324608" percent="100" />
    </mem>
    <remembered-set count="3237" />
  </mem-info>
</gc-start>
<allocation-stats totalBytes="11783632" >
  <allocated-bytes non-tlh="2151328" tlh="9632304" />
  <largest-consumer threadName="main" threadId="0000000000019A00" bytes="11779536" />
</allocation-stats>
<gc-op id="756" type="scavenge" timems="4.389" contextid="753" timestamp="2020-09-11T10:47:33.533">
  <scavenger-info tenureage="3" tenuremask="fff8" tiltratio="90" />
  <memory-copied type="nursery" objects="23140" bytes="821624" bytesdiscarded="72648" />
  <references type="soft" candidates="1407" cleared="0" enqueued="0" dynamicThreshold="15" maxThreshold="32" />
  <references type="weak" candidates="74" cleared="0" enqueued="0" />
  <references type="phantom" candidates="6" cleared="0" enqueued="0" />
</gc-op>
<heap-resize id="757" type="expand" space="nursery" amount="1048576" count="1" timems="0.037" reason="excessive time being spent scavenging" timestamp="2020-09-11T10:47:33.533" />
<gc-end id="758" type="scavenge" contextid="753" durationms="4.752" usertimems="10.908" systemtimems="4.648" timestamp="2020-09-11T10:47:33.533" activeThreads="8">
  <mem-info id="759" free="15338616" total="21954560" percent="69">
    <mem type="nursery" free="12998704" total="15466496" percent="84">
      <mem type="allocate" free="12998704" total="13893632" percent="93" />
      <mem type="survivor" free="0" total="1572864" percent="0" />
    </mem>
    <mem type="tenure" free="2339912" total="6488064" percent="36">
      <mem type="soa" free="2015304" total="6163456" percent="32" />
      <mem type="loa" free="324608" total="324608" percent="100" />
    </mem>
    <remembered-set count="2831" />
  </mem-info>
</gc-end>
<cycle-end id="760" type="scavenge" contextid="753" timestamp="2020-09-11T10:47:33.533" />
<allocation-satisfied id="761" threadId="0000000000019A00" bytesRequested="52552" />
<af-end id="762" timestamp="2020-09-11T10:47:33.533" threadId="000000000001A380" success="true" from="nursery"/>
<exclusive-end id="763" timestamp="2020-09-11T10:47:33.533" durationms="5.358" />

<exclusive-start id="764" timestamp="2020-09-11T10:47:33.562" intervalms="34.478">
  <response-info timems="0.157" idlems="0.157" threads="0" lastid="0000000000019A00" lastname="main" />
</exclusive-start>
<af-start id="765" threadId="000000000001A380" totalBytesRequested="4104" timestamp="2020-09-11T10:47:33.563" intervalms="34.481" type="nursery" />
<cycle-start id="766" type="scavenge" contextid="0" timestamp="2020-09-11T10:47:33.563" intervalms="34.453" />
<gc-start id="767" type="scavenge" contextid="766" timestamp="2020-09-11T10:47:33.563">
  <mem-info id="768" free="2339912" total="21954560" percent="10">
    <mem type="nursery" free="0" total="15466496" percent="0">
      <mem type="allocate" free="0" total="13893632" percent="0" />
      <mem type="survivor" free="0" total="1572864" percent="0" />
    </mem>
    <mem type="tenure" free="2339912" total="6488064" percent="36">
      <mem type="soa" free="2015304" total="6163456" percent="32" />
      <mem type="loa" free="324608" total="324608" percent="100" />
    </mem>
    <remembered-set count="2832" />
  </mem-info>
</gc-start>
<allocation-stats totalBytes="12755576" >
  <allocated-bytes non-tlh="226704" tlh="12528872" />
  <largest-consumer threadName="main" threadId="0000000000019A00" bytes="12755576" />
</allocation-stats>
<gc-op id="769" type="scavenge" timems="6.442" contextid="766" timestamp="2020-09-11T10:47:33.569">
  <scavenger-info tenureage="3" tenuremask="fff8" tiltratio="89" />
  <memory-copied type="nursery" objects="18223" bytes="658152" bytesdiscarded="59464" />
  <memory-copied type="tenure" objects="4958" bytes="140536" bytesdiscarded="136" />
  <references type="soft" candidates="1303" cleared="0" enqueued="0" dynamicThreshold="15" maxThreshold="32" />
  <references type="weak" candidates="29" cleared="0" enqueued="0" />
  <references type="phantom" candidates="5" cleared="0" enqueued="0" />
</gc-op>
<heap-resize id="770" type="expand" space="nursery" amount="1310720" count="1" timems="0.133" reason="excessive time being spent scavenging" timestamp="2020-09-11T10:47:33.569" />
<gc-end id="771" type="scavenge" contextid="766" durationms="6.863" usertimems="13.156" systemtimems="4.622" timestamp="2020-09-11T10:47:33.570" activeThreads="8">
  <mem-info id="772" free="16397048" total="23265280" percent="70">
    <mem type="nursery" free="14355176" total="16777216" percent="85">
      <mem type="allocate" free="14355176" total="15073280" percent="95" />
      <mem type="survivor" free="0" total="1703936" percent="0" />
    </mem>
    <mem type="tenure" free="2041872" total="6488064" percent="31">
      <mem type="soa" free="1717264" total="6163456" percent="27" />
      <mem type="loa" free="324608" total="324608" percent="100" />
    </mem>
    <remembered-set count="629" />
  </mem-info>
</gc-end>
<cycle-end id="773" type="scavenge" contextid="766" timestamp="2020-09-11T10:47:33.570" />
<allocation-satisfied id="774" threadId="0000000000019A00" bytesRequested="4104" />
<af-end id="775" timestamp="2020-09-11T10:47:33.570" threadId="000000000001A380" success="true" from="nursery"/>
<exclusive-end id="776" timestamp="2020-09-11T10:47:33.570" durationms="7.706" />

<exclusive-start id="777" timestamp="2020-09-11T10:47:33.606" intervalms="43.079">
  <response-info timems="0.173" idlems="0.173" threads="0" lastid="0000000000019A00" lastname="main" />
</exclusive-start>
<af-start id="778" threadId="000000000001A380" totalBytesRequested="2064" timestamp="2020-09-11T10:47:33.606" intervalms="43.068" type="nursery" />
<cycle-start id="779" type="scavenge" contextid="0" timestamp="2020-09-11T10:47:33.606" intervalms="43.061" />
<gc-start id="780" type="scavenge" contextid="779" timestamp="2020-09-11T10:47:33.606">
  <mem-info id="781" free="2041872" total="23265280" percent="8">
    <mem type="nursery" free="0" total="16777216" percent="0">
      <mem type="allocate" free="0" total="15073280" percent="0" />
      <mem type="survivor" free="0" total="1703936" percent="0" />
    </mem>
    <mem type="tenure" free="2041872" total="6488064" percent="31">
      <mem type="soa" free="1717264" total="6163456" percent="27" />
      <mem type="loa" free="324608" total="324608" percent="100" />
    </mem>
    <remembered-set count="630" />
  </mem-info>
</gc-start>
<allocation-stats totalBytes="14009408" >
  <allocated-bytes non-tlh="138712" tlh="13870696" />
  <largest-consumer threadName="main" threadId="0000000000019A00" bytes="14009408" />
</allocation-stats>
<gc-op id="782" type="scavenge" timems="2.919" contextid="779" timestamp="2020-09-11T10:47:33.609">
  <scavenger-info tenureage="3" tenuremask="ffe8" tiltratio="89" />
  <memory-copied type="nursery" objects="225" bytes="36440" bytesdiscarded="34968" />
  <memory-copied type="tenure" objects="17983" bytes="621592" bytesdiscarded="664" />
  <references type="soft" candidates="1" cleared="0" enqueued="0" dynamicThreshold="15" maxThreshold="32" />
  <references type="phantom" candidates="4" cleared="0" enqueued="0" />
</gc-op>
<gc-end id="783" type="scavenge" contextid="779" durationms="3.095" usertimems="6.461" systemtimems="0.823" timestamp="2020-09-11T10:47:33.609" activeThreads="8">
  <mem-info id="784" free="16542376" total="23265280" percent="71">
    <mem type="nursery" free="15001856" total="16777216" percent="89">
      <mem type="allocate" free="15001856" total="15073280" percent="99" />
      <mem type="survivor" free="0" total="1703936" percent="0" />
    </mem>
    <mem type="tenure" free="1540520" total="6488064" percent="23">
      <mem type="soa" free="1215912" total="6163456" percent="19" />
      <mem type="loa" free="324608" total="324608" percent="100" />
    </mem>
    <remembered-set count="182" />
  </mem-info>
</gc-end>
<cycle-end id="785" type="scavenge" contextid="779" timestamp="2020-09-11T10:47:33.612" />
<allocation-satisfied id="786" threadId="0000000000019A00" bytesRequested="2064" />
<af-end id="787" timestamp="2020-09-11T10:47:33.612" threadId="000000000001A380" success="true" from="nursery"/>
<exclusive-end id="788" timestamp="2020-09-11T10:47:33.612" durationms="6.050" />

<exclusive-start id="789" timestamp="2020-09-11T10:47:33.645" intervalms="39.596">
  <response-info timems="0.082" idlems="0.082" threads="0" lastid="0000000000019A00" lastname="main" />
</exclusive-start>
<af-start id="790" threadId="000000000001A380" totalBytesRequested="4656" timestamp="2020-09-11T10:47:33.645" intervalms="39.609" type="nursery" />
<cycle-start id="791" type="scavenge" contextid="0" timestamp="2020-09-11T10:47:33.645" intervalms="39.616" />
<gc-start id="792" type="scavenge" contextid="791" timestamp="2020-09-11T10:47:33.645">
  <mem-info id="793" free="1540520" total="23265280" percent="6">
    <mem type="nursery" free="0" total="16777216" percent="0">
      <mem type="allocate" free="0" total="15073280" percent="0" />
      <mem type="survivor" free="0" total="1703936" percent="0" />
    </mem>
    <mem type="tenure" free="1540520" total="6488064" percent="23">
      <mem type="soa" free="1215912" total="6163456" percent="19" />
      <mem type="loa" free="324608" total="324608" percent="100" />
    </mem>
    <remembered-set count="183" />
  </mem-info>
</gc-start>
<allocation-stats totalBytes="14748888" >
  <allocated-bytes non-tlh="167392" tlh="14581496" />
  <largest-consumer threadName="main" threadId="0000000000019A00" bytes="14748888" />
</allocation-stats>
<gc-op id="794" type="scavenge" timems="0.866" contextid="791" timestamp="2020-09-11T10:47:33.646">
  <scavenger-info tenureage="3" tenuremask="ffe8" tiltratio="89" />
  <memory-copied type="nursery" objects="49" bytes="10320" bytesdiscarded="37288" />
  <memory-copied type="tenure" objects="108" bytes="14752" bytesdiscarded="0" />
  <references type="phantom" candidates="2" cleared="0" enqueued="0" />
</gc-op>
<gc-end id="795" type="scavenge" contextid="791" durationms="1.045" usertimems="1.760" systemtimems="0.223" timestamp="2020-09-11T10:47:33.646" activeThreads="8">
  <mem-info id="796" free="16566184" total="23265280" percent="71">
    <mem type="nursery" free="15025664" total="16777216" percent="89">
      <mem type="allocate" free="15025664" total="15073280" percent="99" />
      <mem type="survivor" free="0" total="1703936" percent="0" />
    </mem>
    <mem type="tenure" free="1540520" total="6488064" percent="23">
      <mem type="soa" free="1215912" total="6163456" percent="19" />
      <mem type="loa" free="324608" total="324608" percent="100" />
    </mem>
    <remembered-set count="181" />
  </mem-info>
</gc-end>
<cycle-end id="797" type="scavenge" contextid="791" timestamp="2020-09-11T10:47:33.647" />
<allocation-satisfied id="798" threadId="0000000000019A00" bytesRequested="4656" />
<af-end id="799" timestamp="2020-09-11T10:47:33.647" threadId="000000000001A380" success="true" from="nursery"/>
<exclusive-end id="800" timestamp="2020-09-11T10:47:33.647" durationms="1.649" />

<exclusive-start id="801" timestamp="2020-09-11T10:47:33.681" intervalms="35.591">
  <response-info timems="0.718" idlems="0.718" threads="0" lastid="0000000000019A00" lastname="main" />
</exclusive-start>
<af-start id="802" threadId="000000000001A380" totalBytesRequested="1816" timestamp="2020-09-11T10:47:33.681" intervalms="35.584" type="nursery" />
<cycle-start id="803" type="scavenge" contextid="0" timestamp="2020-09-11T10:47:33.681" intervalms="35.579" />
<gc-start id="804" type="scavenge" contextid="803" timestamp="2020-09-11T10:47:33.681">
  <mem-info id="805" free="1540520" total="23265280" percent="6">
    <mem type="nursery" free="0" total="16777216" percent="0">
      <mem type="allocate" free="0" total="15073280" percent="0" />
      <mem type="survivor" free="0" total="1703936" percent="0" />
    </mem>
    <mem type="tenure" free="1540520" total="6488064" percent="23">
      <mem type="soa" free="1215912" total="6163456" percent="19" />
      <mem type="loa" free="324608" total="324608" percent="100" />
    </mem>
    <remembered-set count="182" />
  </mem-info>
</gc-start>
<allocation-stats totalBytes="14437152" >
  <allocated-bytes non-tlh="360784" tlh="14076368" />
  <largest-consumer threadName="main" threadId="0000000000019A00" bytes="14437152" />
</allocation-stats>
<gc-op id="806" type="scavenge" timems="1.750" contextid="803" timestamp="2020-09-11T10:47:33.683">
  <scavenger-info tenureage="3" tenuremask="ffe8" tiltratio="89" />
  <memory-copied type="nursery" objects="49" bytes="8880" bytesdiscarded="38728" />
  <references type="phantom" candidates="2" cleared="0" enqueued="0" />
</gc-op>
<gc-end id="807" type="scavenge" contextid="803" durationms="1.947" usertimems="4.221" systemtimems="0.535" timestamp="2020-09-11T10:47:33.683" activeThreads="8">
  <mem-info id="808" free="16566184" total="23265280" percent="71">
    <mem type="nursery" free="15025664" total="16777216" percent="89">
      <mem type="allocate" free="15025664" total="15073280" percent="99" />
      <mem type="survivor" free="0" total="1703936" percent="0" />
    </mem>
    <mem type="tenure" free="1540520" total="6488064" percent="23">
      <mem type="soa" free="1215912" total="6163456" percent="19" />
      <mem type="loa" free="324608" total="324608" percent="100" />
    </mem>
    <remembered-set count="181" />
  </mem-info>
</gc-end>
<cycle-end id="809" type="scavenge" contextid="803" timestamp="2020-09-11T10:47:33.683" />
<allocation-satisfied id="810" threadId="0000000000019A00" bytesRequested="1816" />
<af-end id="811" timestamp="2020-09-11T10:47:33.683" threadId="000000000001A380" success="true" from="nursery"/>
<exclusive-end id="812" timestamp="2020-09-11T10:47:33.683" durationms="2.753" />

<exclusive-start id="813" timestamp="2020-09-11T10:47:33.717" intervalms="35.865">
  <response-info timems="1.896" idlems="1.896" threads="0" lastid="0000000000019A00" lastname="main" />
</exclusive-start>
<af-start id="814" threadId="000000000001A380" totalBytesRequested="7448" timestamp="2020-09-11T10:47:33.717" intervalms="35.888" type="nursery" />
<cycle-start id="815" type="scavenge" contextid="0" timestamp="2020-09-11T10:47:33.717" intervalms="35.890" />
<gc-start id="816" type="scavenge" contextid="815" timestamp="2020-09-11T10:47:33.717">
  <mem-info id="817" free="1540520" total="23265280" percent="6">
    <mem type="nursery" free="0" total="16777216" percent="0">
      <mem type="allocate" free="0" total="15073280" percent="0" />
      <mem type="survivor" free="0" total="1703936" percent="0" />
    </mem>
    <mem type="tenure" free="1540520" total="6488064" percent="23">
      <mem type="soa" free="1215912" total="6163456" percent="19" />
      <mem type="loa" free="324608" total="324608" percent="100" />
    </mem>
    <remembered-set count="182" />
  </mem-info>
</gc-start>
<allocation-stats totalBytes="14539112" >
  <allocated-bytes non-tlh="1816" tlh="14537296" />
  <largest-consumer threadName="main" threadId="0000000000019A00" bytes="14539112" />
</allocation-stats>
<gc-op id="818" type="scavenge" timems="0.844" contextid="815" timestamp="2020-09-11T10:47:33.718">
  <scavenger-info tenureage="3" tenuremask="fff8" tiltratio="89" />
  <memory-copied type="nursery" objects="99" bytes="19496" bytesdiscarded="28112" />
  <references type="phantom" candidates="2" cleared="0" enqueued="0" />
</gc-op>
<gc-end id="819" type="scavenge" contextid="815" durationms="0.971" usertimems="1.559" systemtimems="0.198" timestamp="2020-09-11T10:47:33.718" activeThreads="8">
  <mem-info id="820" free="16566184" total="23265280" percent="71">
    <mem type="nursery" free="15025664" total="16777216" percent="89">
      <mem type="allocate" free="15025664" total="15073280" percent="99" />
      <mem type="survivor" free="0" total="1703936" percent="0" />
    </mem>
    <mem type="tenure" free="1540520" total="6488064" percent="23">
      <mem type="soa" free="1215912" total="6163456" percent="19" />
      <mem type="loa" free="324608" total="324608" percent="100" />
    </mem>
    <remembered-set count="181" />
  </mem-info>
</gc-end>
<cycle-end id="821" type="scavenge" contextid="815" timestamp="2020-09-11T10:47:33.718" />
<allocation-satisfied id="822" threadId="0000000000019A00" bytesRequested="7448" />
<af-end id="823" timestamp="2020-09-11T10:47:33.718" threadId="000000000001A380" success="true" from="nursery"/>
<exclusive-end id="824" timestamp="2020-09-11T10:47:33.718" durationms="1.529" />

<exclusive-start id="825" timestamp="2020-09-11T10:47:33.750" intervalms="33.734">
  <response-info timems="0.934" idlems="0.934" threads="0" lastid="0000000000019A00" lastname="main" />
</exclusive-start>
<af-start id="826" threadId="000000000001A380" totalBytesRequested="2664" timestamp="2020-09-11T10:47:33.750" intervalms="33.704" type="nursery" />
<cycle-start id="827" type="scavenge" contextid="0" timestamp="2020-09-11T10:47:33.750" intervalms="33.696" />
<gc-start id="828" type="scavenge" contextid="827" timestamp="2020-09-11T10:47:33.751">
  <mem-info id="829" free="1540520" total="23265280" percent="6">
    <mem type="nursery" free="0" total="16777216" percent="0">
      <mem type="allocate" free="0" total="15073280" percent="0" />
      <mem type="survivor" free="0" total="1703936" percent="0" />
    </mem>
    <mem type="tenure" free="1540520" total="6488064" percent="23">
      <mem type="soa" free="1215912" total="6163456" percent="19" />
      <mem type="loa" free="324608" total="324608" percent="100" />
    </mem>
    <remembered-set count="182" />
  </mem-info>
</gc-start>
<allocation-stats totalBytes="14663496" >
  <allocated-bytes non-tlh="153176" tlh="14510320" />
  <largest-consumer threadName="main" threadId="0000000000019A00" bytes="14663496" />
</allocation-stats>
<gc-op id="830" type="scavenge" timems="0.859" contextid="827" timestamp="2020-09-11T10:47:33.751">
  <scavenger-info tenureage="3" tenuremask="fff8" tiltratio="89" />
  <memory-copied type="nursery" objects="108" bytes="14976" bytesdiscarded="32632" />
  <references type="phantom" candidates="2" cleared="0" enqueued="0" />
</gc-op>
<gc-end id="831" type="scavenge" contextid="827" durationms="1.007" usertimems="1.848" systemtimems="0.000" timestamp="2020-09-11T10:47:33.752" activeThreads="8">
  <mem-info id="832" free="16566184" total="23265280" percent="71">
    <mem type="nursery" free="15025664" total="16777216" percent="89">
      <mem type="allocate" free="15025664" total="15073280" percent="99" />
      <mem type="survivor" free="0" total="1703936" percent="0" />
    </mem>
    <mem type="tenure" free="1540520" total="6488064" percent="23">
      <mem type="soa" free="1215912" total="6163456" percent="19" />
      <mem type="loa" free="324608" total="324608" percent="100" />
    </mem>
    <remembered-set count="181" />
  </mem-info>
</gc-end>
<cycle-end id="833" type="scavenge" contextid="827" timestamp="2020-09-11T10:47:33.752" />
<allocation-satisfied id="834" threadId="0000000000019A00" bytesRequested="2664" />
<af-end id="835" timestamp="2020-09-11T10:47:33.752" threadId="000000000001A380" success="true" from="nursery"/>
<exclusive-end id="836" timestamp="2020-09-11T10:47:33.752" durationms="1.712" />

<exclusive-start id="837" timestamp="2020-09-11T10:47:33.853" intervalms="102.816">
  <response-info timems="0.120" idlems="0.120" threads="0" lastid="0000000000019A00" lastname="main" />
</exclusive-start>
<af-start id="838" threadId="000000000001A380" totalBytesRequested="64" timestamp="2020-09-11T10:47:33.853" intervalms="102.868" type="nursery" />
<cycle-start id="839" type="scavenge" contextid="0" timestamp="2020-09-11T10:47:33.853" intervalms="102.885" />
<gc-start id="840" type="scavenge" contextid="839" timestamp="2020-09-11T10:47:33.853">
  <mem-info id="841" free="1539472" total="23265280" percent="6">
    <mem type="nursery" free="0" total="16777216" percent="0">
      <mem type="allocate" free="0" total="15073280" percent="0" />
      <mem type="survivor" free="0" total="1703936" percent="0" />
    </mem>
    <mem type="tenure" free="1539472" total="6488064" percent="23">
      <mem type="soa" free="1214864" total="6163456" percent="19" />
      <mem type="loa" free="324608" total="324608" percent="100" />
    </mem>
    <remembered-set count="205" />
  </mem-info>
</gc-start>
<allocation-stats totalBytes="15013880" >
  <allocated-bytes non-tlh="46120" tlh="14967760" />
  <largest-consumer threadName="main" threadId="0000000000019A00" bytes="15013880" />
</allocation-stats>
<gc-op id="842" type="scavenge" timems="1.726" contextid="839" timestamp="2020-09-11T10:47:33.855">
  <scavenger-info tenureage="3" tenuremask="fff8" tiltratio="89" />
  <memory-copied type="nursery" objects="2730" bytes="90312" bytesdiscarded="4800" />
  <references type="weak" candidates="6" cleared="5" enqueued="5" />
</gc-op>
<gc-end id="843" type="scavenge" contextid="839" durationms="1.901" usertimems="3.055" systemtimems="0.381" timestamp="2020-09-11T10:47:33.855" activeThreads="8">
  <mem-info id="844" free="16517520" total="23265280" percent="70">
    <mem type="nursery" free="14978048" total="16777216" percent="89">
      <mem type="allocate" free="14978048" total="15073280" percent="99" />
      <mem type="survivor" free="0" total="1703936" percent="0" />
    </mem>
    <mem type="tenure" free="1539472" total="6488064" percent="23">
      <mem type="soa" free="1214864" total="6163456" percent="19" />
      <mem type="loa" free="324608" total="324608" percent="100" />
    </mem>
    <pending-finalizers system="0" default="0" reference="5" classloader="0" />
    <remembered-set count="199" />
  </mem-info>
</gc-end>
<cycle-end id="845" type="scavenge" contextid="839" timestamp="2020-09-11T10:47:33.856" />
<allocation-satisfied id="846" threadId="0000000000019A00" bytesRequested="64" />
<af-end id="847" timestamp="2020-09-11T10:47:33.856" threadId="000000000001A380" success="true" from="nursery"/>
<exclusive-end id="848" timestamp="2020-09-11T10:47:33.856" durationms="2.909" />

<exclusive-start id="849" timestamp="2020-09-11T10:47:33.993" intervalms="140.078">
  <response-info timems="0.109" idlems="0.109" threads="0" lastid="0000000000019A00" lastname="main" />
</exclusive-start>
<af-start id="850" threadId="000000000001A380" totalBytesRequested="16777224" timestamp="2020-09-11T10:47:33.993" intervalms="140.091" type="nursery" />
<cycle-start id="851" type="scavenge" contextid="0" timestamp="2020-09-11T10:47:33.993" intervalms="140.081" />
<gc-start id="852" type="scavenge" contextid="851" timestamp="2020-09-11T10:47:33.994">
  <mem-info id="853" free="14469416" total="23265280" percent="62">
    <mem type="nursery" free="12954560" total="16777216" percent="77">
      <mem type="allocate" free="12954560" total="15073280" percent="85" />
      <mem type="survivor" free="0" total="1703936" percent="0" />
    </mem>
    <mem type="tenure" free="1514856" total="6488064" percent="23">
      <mem type="soa" free="1190248" total="6163456" percent="19" />
      <mem type="loa" free="324608" total="324608" percent="100" />
    </mem>
    <remembered-set count="655" />
  </mem-info>
</gc-start>
<allocation-stats totalBytes="2047560" >
  <allocated-bytes non-tlh="24680" tlh="2022880" />
  <largest-consumer threadName="main" threadId="0000000000019A00" bytes="1825376" />
</allocation-stats>
<gc-op id="854" type="scavenge" timems="3.411" contextid="851" timestamp="2020-09-11T10:47:33.997">
  <scavenger-info tenureage="3" tenuremask="fff8" tiltratio="89" />
  <memory-copied type="nursery" objects="12182" bytes="449224" bytesdiscarded="87344" />
  <finalization candidates="13" enqueued="1" />
  <ownableSynchronizers candidates="12" cleared="5" />
  <references type="soft" candidates="15" cleared="0" enqueued="0" dynamicThreshold="15" maxThreshold="32" />
  <references type="weak" candidates="1119" cleared="448" enqueued="319" />
  <references type="phantom" candidates="2" cleared="0" enqueued="0" />
</gc-op>
<gc-end id="855" type="scavenge" contextid="851" durationms="3.699" usertimems="7.415" systemtimems="0.000" timestamp="2020-09-11T10:47:33.997" activeThreads="8">
  <mem-info id="856" free="16049000" total="23265280" percent="68">
    <mem type="nursery" free="14534144" total="16777216" percent="86">
      <mem type="allocate" free="14534144" total="15073280" percent="96" />
      <mem type="survivor" free="0" total="1703936" percent="0" />
    </mem>
    <mem type="tenure" free="1514856" total="6488064" percent="23">
      <mem type="soa" free="1190248" total="6163456" percent="19" />
      <mem type="loa" free="324608" total="324608" percent="100" />
    </mem>
    <pending-finalizers system="1" default="0" reference="319" classloader="0" />
    <remembered-set count="624" />
  </mem-info>
</gc-end>
<cycle-end id="857" type="scavenge" contextid="851" timestamp="2020-09-11T10:47:34.001" />
<cycle-start id="858" type="global" contextid="0" timestamp="2020-09-11T10:47:34.001" intervalms="1947.940" />
<gc-start id="859" type="global" contextid="858" timestamp="2020-09-11T10:47:34.001">
  <mem-info id="860" free="16049000" total="23265280" percent="68">
    <mem type="nursery" free="14534144" total="16777216" percent="86">
      <mem type="allocate" free="14534144" total="15073280" percent="96" />
      <mem type="survivor" free="0" total="1703936" percent="0" />
    </mem>
    <mem type="tenure" free="1514856" total="6488064" percent="23">
      <mem type="soa" free="1190248" total="6163456" percent="19" />
      <mem type="loa" free="324608" total="324608" percent="100" />
    </mem>
    <pending-finalizers system="1" default="0" reference="319" classloader="0" />
    <remembered-set count="624" />
  </mem-info>
</gc-start>
<allocation-stats totalBytes="0" >
  <allocated-bytes non-tlh="0" tlh="0" />
</allocation-stats>
<heap-resize id="861" type="loa expand" space="tenure" amount="65536" count="1" timems="0.000" reason="expand on failed allocate" timestamp="2020-09-11T10:47:34.001" />
<gc-op id="862" type="mark" timems="25.532" contextid="858" timestamp="2020-09-11T10:47:34.027">
  <trace-info objectcount="109199" scancount="92043" scanbytes="3004172" />
  <finalization candidates="85" enqueued="0" />
  <ownableSynchronizers candidates="18" cleared="0" />
  <references type="soft" candidates="4085" cleared="0" enqueued="0" dynamicThreshold="15" maxThreshold="32" />
  <references type="weak" candidates="2617" cleared="42" enqueued="21" />
  <references type="phantom" candidates="100" cleared="0" enqueued="0" />
  <stringconstants candidates="8944" cleared="48"  />
</gc-op>
<gc-op id="863" type="classunload" timems="0.010" contextid="858" timestamp="2020-09-11T10:47:34.027">
  <classunload-info classloadercandidates="28" classloadersunloaded="0" classesunloaded="0" anonymousclassesunloaded="0" quiescems="0.000" setupms="0.009" scanms="0.001" postms="0.000" />
</gc-op>
<gc-op id="864" type="sweep" timems="1.029" contextid="858" timestamp="2020-09-11T10:47:34.028" />
<mem-info id="865" free="16287360" total="23265280" percent="70">
  <mem type="nursery" free="14622688" total="16777216" percent="87">
    <mem type="allocate" free="14622688" total="15073280" percent="97" />
    <mem type="survivor" free="0" total="1703936" percent="0" />
  </mem>
  <mem type="tenure" free="1664672" total="6488064" percent="25" micro-fragmented="84625" macro-fragmented="0">
    <mem type="soa" free="1339360" total="6097920" percent="21" />
    <mem type="loa" free="325312" total="390144" percent="83" />
  </mem>
  <pending-finalizers system="1" default="0" reference="340" classloader="0" />
  <remembered-set count="588" />
</mem-info>
<gc-op id="866" type="compact" timems="56.834" contextid="858" timestamp="2020-09-11T10:47:34.085">
  <compact-info movecount="108011" movebytes="5124416" reason="compact to meet allocation" />
</gc-op>
<heap-resize id="867" type="expand" space="tenure" amount="24313856" count="1" timems="0.277" reason="satisfy allocation request" timestamp="2020-09-11T10:47:34.085" />
<gc-end id="868" type="global" contextid="858" durationms="84.506" usertimems="119.499" systemtimems="12.268" timestamp="2020-09-11T10:47:34.085" activeThreads="8">
  <mem-info id="869" free="23911160" total="47579136" percent="50">
    <mem type="nursery" free="14625920" total="16777216" percent="87">
      <mem type="allocate" free="14625920" total="15073280" percent="97" />
      <mem type="survivor" free="0" total="1703936" percent="0" />
    </mem>
    <mem type="tenure" free="9285240" total="30801920" percent="30">
      <mem type="soa" free="7436920" total="28953600" percent="25" />
      <mem type="loa" free="1848320" total="1848320" percent="100" />
    </mem>
    <pending-finalizers system="1" default="0" reference="340" classloader="0" />
    <remembered-set count="588" />
  </mem-info>
</gc-end>
<cycle-end id="870" type="global" contextid="858" timestamp="2020-09-11T10:47:34.086" />
<allocation-satisfied id="871" threadId="0000000000019A00" bytesRequested="16777224" />
<af-end id="872" timestamp="2020-09-11T10:47:34.088" threadId="000000000001A380" success="true" from="tenure-soa"/>
<exclusive-end id="873" timestamp="2020-09-11T10:47:34.088" durationms="95.089" />

<exclusive-start id="874" timestamp="2020-09-11T10:47:34.281" intervalms="287.974">
  <response-info timems="0.586" idlems="0.586" threads="0" lastid="000000000076C100" lastname="MapReducer.1" />
</exclusive-start>
<af-start id="875" threadId="000000000076CA80" totalBytesRequested="32" timestamp="2020-09-11T10:47:34.281" intervalms="288.067" type="nursery" />
<percolate-collect id="876" from="nursery" to="global" reason="met projected tenure max free" timestamp="2020-09-11T10:47:34.282"/>
<cycle-start id="877" type="global" contextid="0" timestamp="2020-09-11T10:47:34.282" intervalms="280.593" />
<gc-start id="878" type="global" contextid="877" timestamp="2020-09-11T10:47:34.282">
  <mem-info id="879" free="9255776" total="47579136" percent="19">
    <mem type="nursery" free="0" total="16777216" percent="0">
      <mem type="allocate" free="0" total="15073280" percent="0" />
      <mem type="survivor" free="0" total="1703936" percent="0" />
    </mem>
    <mem type="tenure" free="9255776" total="30801920" percent="30">
      <mem type="soa" free="7407456" total="28953600" percent="25" />
      <mem type="loa" free="1848320" total="1848320" percent="100" />
    </mem>
    <remembered-set count="1080" />
  </mem-info>
</gc-start>
<allocation-stats totalBytes="31426952" >
  <allocated-bytes non-tlh="20921608" tlh="10505344" />
  <largest-consumer threadName="main" threadId="0000000000019A00" bytes="17098192" />
</allocation-stats>
<gc-op id="880" type="mark" timems="11.928" contextid="877" timestamp="2020-09-11T10:47:34.294">
  <trace-info objectcount="341754" scancount="305106" scanbytes="13456976" />
  <finalization candidates="89" enqueued="1" />
  <ownableSynchronizers candidates="72" cleared="0" />
  <references type="soft" candidates="4471" cleared="0" enqueued="0" dynamicThreshold="9" maxThreshold="32" />
  <references type="weak" candidates="3032" cleared="111" enqueued="75" />
  <references type="phantom" candidates="100" cleared="0" enqueued="0" />
  <stringconstants candidates="9152" cleared="4"  />
</gc-op>
<gc-op id="881" type="sweep" timems="1.415" contextid="877" timestamp="2020-09-11T10:47:34.295" />
<gc-end id="882" type="global" contextid="877" durationms="13.770" usertimems="73.026" systemtimems="3.126" timestamp="2020-09-11T10:47:34.295" activeThreads="8">
  <mem-info id="883" free="10903632" total="47579136" percent="22">
    <mem type="nursery" free="1645800" total="16777216" percent="9">
      <mem type="allocate" free="1645800" total="15073280" percent="10" />
      <mem type="survivor" free="0" total="1703936" percent="0" />
    </mem>
    <mem type="tenure" free="9257832" total="30801920" percent="30" micro-fragmented="2312" macro-fragmented="0">
      <mem type="soa" free="7409512" total="28953600" percent="25" />
      <mem type="loa" free="1848320" total="1848320" percent="100" />
    </mem>
    <pending-finalizers system="1" default="0" reference="75" classloader="0" />
    <remembered-set count="1047" />
  </mem-info>
</gc-end>
<cycle-end id="884" type="global" contextid="877" timestamp="2020-09-11T10:47:34.296" />
<allocation-satisfied id="885" threadId="000000000076C100" bytesRequested="32" />
<af-end id="886" timestamp="2020-09-11T10:47:34.296" threadId="000000000076CA80" success="true" from="nursery"/>
<exclusive-end id="887" timestamp="2020-09-11T10:47:34.296" durationms="14.468" />

<exclusive-start id="888" timestamp="2020-09-11T10:47:34.308" intervalms="27.323">
  <response-info timems="2.238" idlems="1.403" threads="2" lastid="0000000000790800" lastname="ForkJoinPool-3-worker-3" />
</exclusive-start>
<af-start id="889" threadId="00000000007A7D80" totalBytesRequested="72" timestamp="2020-09-11T10:47:34.309" intervalms="27.430" type="nursery" />
<cycle-start id="890" type="scavenge" contextid="0" timestamp="2020-09-11T10:47:34.309" intervalms="315.564" />
<gc-start id="891" type="scavenge" contextid="890" timestamp="2020-09-11T10:47:34.309">
  <mem-info id="892" free="9257176" total="47579136" percent="19">
    <mem type="nursery" free="0" total="16777216" percent="0">
      <mem type="allocate" free="0" total="15073280" percent="0" />
      <mem type="survivor" free="0" total="1703936" percent="0" />
    </mem>
    <mem type="tenure" free="9257176" total="30801920" percent="30">
      <mem type="soa" free="7408856" total="28953600" percent="25" />
      <mem type="loa" free="1848320" total="1848320" percent="100" />
    </mem>
    <remembered-set count="1057" />
  </mem-info>
</gc-start>
<allocation-stats totalBytes="1640776" >
  <allocated-bytes non-tlh="37576" tlh="1603200" />
  <largest-consumer threadName="MapReducer.1" threadId="000000000076C100" bytes="1065248" />
</allocation-stats>
<gc-op id="893" type="scavenge" timems="39.045" contextid="890" timestamp="2020-09-11T10:47:34.348">
  <scavenger-info tenureage="3" tenuremask="fff8" tiltratio="89" />
  <memory-copied type="nursery" objects="36886" bytes="1697544" bytesdiscarded="528" />
  <memory-copied type="tenure" objects="248746" bytes="11601024" bytesdiscarded="1032" />
  <copy-failed type="nursery" objects="248746" bytes="11609648" />
  <finalization candidates="15" enqueued="0" />
  <ownableSynchronizers candidates="83" cleared="22" />
  <references type="soft" candidates="363" cleared="0" enqueued="0" dynamicThreshold="9" maxThreshold="32" />
  <references type="weak" candidates="179" cleared="0" enqueued="0" />
  <references type="phantom" candidates="2" cleared="0" enqueued="0" />
  <heap-resize type="expand" space="tenure" amount="4653056" count="71" timems="6.572" reason="continue current collection" />
</gc-op>
<heap-resize id="894" type="expand" space="nursery" amount="1179648" count="1" timems="0.051" reason="excessive time being spent scavenging" timestamp="2020-09-11T10:47:34.349" />
<gc-end id="895" type="scavenge" contextid="890" durationms="39.788" usertimems="129.669" systemtimems="11.800" timestamp="2020-09-11T10:47:34.349" activeThreads="8">
  <mem-info id="896" free="9440000" total="53411840" percent="17">
    <mem type="nursery" free="7274496" total="17956864" percent="40">
      <mem type="allocate" free="7274496" total="8978432" percent="81" />
      <mem type="survivor" free="0" total="8978432" percent="0" />
    </mem>
    <mem type="tenure" free="2165504" total="35454976" percent="6">
      <mem type="soa" free="37632" total="33327104" percent="0" />
      <mem type="loa" free="2127872" total="2127872" percent="100" />
    </mem>
    <remembered-set count="3787" />
  </mem-info>
</gc-end>
<cycle-end id="897" type="scavenge" contextid="890" timestamp="2020-09-11T10:47:34.350" />
<allocation-satisfied id="898" threadId="00000000007A7400" bytesRequested="72" />
<af-end id="899" timestamp="2020-09-11T10:47:34.351" threadId="00000000007A7D80" success="true" from="nursery"/>
<exclusive-end id="900" timestamp="2020-09-11T10:47:34.351" durationms="42.094" />

<exclusive-start id="901" timestamp="2020-09-11T10:47:34.386" intervalms="77.884">
  <response-info timems="2.476" idlems="2.476" threads="0" lastid="000000000076C100" lastname="MapReducer.1" />
</exclusive-start>
<af-start id="902" threadId="000000000076CA80" totalBytesRequested="32" timestamp="2020-09-11T10:47:34.387" intervalms="77.815" type="nursery" />
<cycle-start id="903" type="scavenge" contextid="0" timestamp="2020-09-11T10:47:34.387" intervalms="77.785" />
<gc-start id="904" type="scavenge" contextid="903" timestamp="2020-09-11T10:47:34.387">
  <mem-info id="905" free="2164128" total="53411840" percent="4">
    <mem type="nursery" free="0" total="17956864" percent="0">
      <mem type="allocate" free="0" total="8978432" percent="0" />
      <mem type="survivor" free="0" total="8978432" percent="0" />
    </mem>
    <mem type="tenure" free="2164128" total="35454976" percent="6">
      <mem type="soa" free="36256" total="33327104" percent="0" />
      <mem type="loa" free="2127872" total="2127872" percent="100" />
    </mem>
    <remembered-set count="5162" />
  </mem-info>
</gc-start>
<allocation-stats totalBytes="7265808" >
  <allocated-bytes non-tlh="1448" tlh="7264360" />
  <largest-consumer threadName="MapReducer.1" threadId="000000000076C100" bytes="3899392" />
</allocation-stats>
<gc-op id="906" type="scavenge" timems="23.676" contextid="903" timestamp="2020-09-11T10:47:34.411">
  <scavenger-info tenureage="3" tenuremask="fff8" tiltratio="50" />
  <memory-copied type="nursery" objects="220165" bytes="7541216" bytesdiscarded="84480" />
  <memory-copied type="tenure" objects="46" bytes="1600" bytesdiscarded="0" />
  <finalization candidates="1" enqueued="0" />
  <ownableSynchronizers candidates="50" cleared="0" />
  <references type="soft" candidates="374" cleared="0" enqueued="0" dynamicThreshold="9" maxThreshold="32" />
  <references type="weak" candidates="188" cleared="0" enqueued="0" />
  <references type="phantom" candidates="5" cleared="0" enqueued="0" />
</gc-op>
<heap-resize id="907" type="expand" space="nursery" amount="3407872" count="1" timems="0.070" reason="excessive time being spent scavenging" timestamp="2020-09-11T10:47:34.411" />
<gc-end id="908" type="scavenge" contextid="903" durationms="24.234" usertimems="64.622" systemtimems="1.916" timestamp="2020-09-11T10:47:34.411" activeThreads="8">
  <mem-info id="909" free="5193512" total="56819712" percent="9">
    <mem type="nursery" free="3053192" total="21364736" percent="14">
      <mem type="allocate" free="3053192" total="10682368" percent="28" />
      <mem type="survivor" free="0" total="10682368" percent="0" />
    </mem>
    <mem type="tenure" free="2140320" total="35454976" percent="6">
      <mem type="soa" free="12448" total="33327104" percent="0" />
      <mem type="loa" free="2127872" total="2127872" percent="100" />
    </mem>
    <remembered-set count="4659" />
  </mem-info>
</gc-end>
<cycle-end id="910" type="scavenge" contextid="903" timestamp="2020-09-11T10:47:34.412" />
<allocation-satisfied id="911" threadId="000000000076C100" bytesRequested="32" />
<af-end id="912" timestamp="2020-09-11T10:47:34.412" threadId="000000000076CA80" success="true" from="nursery"/>
<exclusive-end id="913" timestamp="2020-09-11T10:47:34.412" durationms="25.200" />

<exclusive-start id="914" timestamp="2020-09-11T10:47:34.427" intervalms="40.288">
  <response-info timems="3.645" idlems="3.645" threads="0" lastid="0000000000790800" lastname="ForkJoinPool-3-worker-3" />
</exclusive-start>
<af-start id="915" threadId="0000000000791180" totalBytesRequested="48" timestamp="2020-09-11T10:47:34.427" intervalms="40.370" type="nursery" />
<cycle-start id="916" type="scavenge" contextid="0" timestamp="2020-09-11T10:47:34.427" intervalms="40.365" />
<gc-start id="917" type="scavenge" contextid="916" timestamp="2020-09-11T10:47:34.427">
  <mem-info id="918" free="2139808" total="56819712" percent="3">
    <mem type="nursery" free="0" total="21364736" percent="0">
      <mem type="allocate" free="0" total="10682368" percent="0" />
      <mem type="survivor" free="0" total="10682368" percent="0" />
    </mem>
    <mem type="tenure" free="2139808" total="35454976" percent="6">
      <mem type="soa" free="11936" total="33327104" percent="0" />
      <mem type="loa" free="2127872" total="2127872" percent="100" />
    </mem>
    <remembered-set count="5041" />
  </mem-info>
</gc-start>
<allocation-stats totalBytes="3053088" >
  <allocated-bytes non-tlh="544" tlh="3052544" />
  <largest-consumer threadName="MapReducer.1" threadId="000000000076C100" bytes="1540128" />
</allocation-stats>
<gc-op id="919" type="scavenge" timems="38.127" contextid="916" timestamp="2020-09-11T10:47:34.466">
  <scavenger-info tenureage="3" tenuremask="ffe8" tiltratio="50" />
  <memory-copied type="nursery" objects="291956" bytes="9819272" bytesdiscarded="227624" />
  <memory-copied type="tenure" objects="2031" bytes="75976" bytesdiscarded="72" />
  <finalization candidates="1" enqueued="0" />
  <ownableSynchronizers candidates="50" cleared="0" />
  <references type="soft" candidates="386" cleared="0" enqueued="0" dynamicThreshold="9" maxThreshold="32" />
  <references type="weak" candidates="156" cleared="0" enqueued="0" />
  <references type="phantom" candidates="2" cleared="0" enqueued="0" />
  <heap-resize type="expand" space="tenure" amount="393216" count="3" timems="0.471" reason="continue current collection" />
</gc-op>
<heap-resize id="920" type="expand" space="nursery" amount="1179648" count="1" timems="0.060" reason="excessive time being spent scavenging" timestamp="2020-09-11T10:47:34.466" />
<gc-end id="921" type="scavenge" contextid="916" durationms="39.005" usertimems="76.524" systemtimems="10.080" timestamp="2020-09-11T10:47:34.466" activeThreads="8">
  <mem-info id="922" free="3473288" total="58392576" percent="5">
    <mem type="nursery" free="1222792" total="22544384" percent="5">
      <mem type="allocate" free="1222792" total="11272192" percent="10" />
      <mem type="survivor" free="0" total="11272192" percent="0" />
    </mem>
    <mem type="tenure" free="2250496" total="35848192" percent="6">
      <mem type="soa" free="99072" total="33696768" percent="0" />
      <mem type="loa" free="2151424" total="2151424" percent="100" />
    </mem>
    <remembered-set count="4458" />
  </mem-info>
</gc-end>
<cycle-end id="923" type="scavenge" contextid="916" timestamp="2020-09-11T10:47:34.468" />
<allocation-satisfied id="924" threadId="0000000000790800" bytesRequested="48" />
<af-end id="925" timestamp="2020-09-11T10:47:34.468" threadId="0000000000791180" success="true" from="nursery"/>
<exclusive-end id="926" timestamp="2020-09-11T10:47:34.468" durationms="41.169" />

<exclusive-start id="927" timestamp="2020-09-11T10:47:34.478" intervalms="51.792">
  <response-info timems="0.900" idlems="0.900" threads="0" lastid="00000000007A7400" lastname="ForkJoinPool-3-worker-9" />
</exclusive-start>
<af-start id="928" threadId="00000000007A7D80" totalBytesRequested="32" timestamp="2020-09-11T10:47:34.479" intervalms="51.616" type="nursery" />
<cycle-start id="929" type="scavenge" contextid="0" timestamp="2020-09-11T10:47:34.479" intervalms="51.593" />
<gc-start id="930" type="scavenge" contextid="929" timestamp="2020-09-11T10:47:34.479">
  <mem-info id="931" free="2250496" total="58392576" percent="3">
    <mem type="nursery" free="0" total="22544384" percent="0">
      <mem type="allocate" free="0" total="11272192" percent="0" />
      <mem type="survivor" free="0" total="11272192" percent="0" />
    </mem>
    <mem type="tenure" free="2250496" total="35848192" percent="6">
      <mem type="soa" free="99072" total="33696768" percent="0" />
      <mem type="loa" free="2151424" total="2151424" percent="100" />
    </mem>
    <remembered-set count="4962" />
  </mem-info>
</gc-start>
<allocation-stats totalBytes="1221944" >
  <allocated-bytes non-tlh="65600" tlh="1156344" />
  <largest-consumer threadName="ForkJoinPool-3-worker-9" threadId="00000000007A7400" bytes="544528" />
</allocation-stats>
<gc-op id="932" type="scavenge" timems="20.748" contextid="929" timestamp="2020-09-11T10:47:34.500">
  <scavenger-info tenureage="2" tenuremask="ffec" tiltratio="50" />
  <memory-copied type="nursery" objects="99928" bytes="3307344" bytesdiscarded="235592" />
  <memory-copied type="tenure" objects="218081" bytes="7368528" bytesdiscarded="792" />
  <finalization candidates="1" enqueued="0" />
  <ownableSynchronizers candidates="49" cleared="0" />
  <references type="soft" candidates="18" cleared="0" enqueued="0" dynamicThreshold="9" maxThreshold="32" />
  <references type="weak" candidates="4" cleared="0" enqueued="0" />
  <heap-resize type="expand" space="tenure" amount="7602176" count="58" timems="4.673" reason="continue current collection" />
</gc-op>
<heap-resize id="933" type="expand" space="nursery" amount="6946816" count="1" timems="0.097" reason="excessive time being spent scavenging" timestamp="2020-09-11T10:47:34.501" />
<gc-end id="934" type="scavenge" contextid="929" durationms="21.921" usertimems="83.675" systemtimems="12.672" timestamp="2020-09-11T10:47:34.501" activeThreads="8">
  <mem-info id="935" free="13838280" total="72941568" percent="18">
    <mem type="nursery" free="11202504" total="29491200" percent="37">
      <mem type="allocate" free="11202504" total="14745600" percent="75" />
      <mem type="survivor" free="0" total="14745600" percent="0" />
    </mem>
    <mem type="tenure" free="2635776" total="43450368" percent="6">
      <mem type="soa" free="28672" total="40843264" percent="0" />
      <mem type="loa" free="2607104" total="2607104" percent="100" />
    </mem>
    <remembered-set count="1562" />
  </mem-info>
</gc-end>
<cycle-end id="936" type="scavenge" contextid="929" timestamp="2020-09-11T10:47:34.502" />
<allocation-satisfied id="937" threadId="00000000007A7400" bytesRequested="32" />
<af-end id="938" timestamp="2020-09-11T10:47:34.502" threadId="00000000007A7D80" success="true" from="nursery"/>
<exclusive-end id="939" timestamp="2020-09-11T10:47:34.502" durationms="24.035" />

<exclusive-start id="940" timestamp="2020-09-11T10:47:34.539" intervalms="60.273">
  <response-info timems="7.069" idlems="2.934" threads="4" lastid="0000000000021200" lastname="JIT Compilation Thread-001" />
</exclusive-start>
<af-start id="941" threadId="0000000000791180" totalBytesRequested="32" timestamp="2020-09-11T10:47:34.539" intervalms="60.356" type="nursery" />
<cycle-start id="942" type="scavenge" contextid="0" timestamp="2020-09-11T10:47:34.539" intervalms="60.429" />
<gc-start id="943" type="scavenge" contextid="942" timestamp="2020-09-11T10:47:34.539">
  <mem-info id="944" free="2635296" total="72941568" percent="3">
    <mem type="nursery" free="0" total="29491200" percent="0">
      <mem type="allocate" free="0" total="14745600" percent="0" />
      <mem type="survivor" free="0" total="14745600" percent="0" />
    </mem>
    <mem type="tenure" free="2635296" total="43450368" percent="6">
      <mem type="soa" free="28192" total="40843264" percent="0" />
      <mem type="loa" free="2607104" total="2607104" percent="100" />
    </mem>
    <remembered-set count="3560" />
  </mem-info>
</gc-start>
<allocation-stats totalBytes="11201600" >
  <allocated-bytes non-tlh="11784" tlh="11189816" />
  <largest-consumer threadName="MapReducer.1" threadId="000000000076C100" bytes="5431296" />
</allocation-stats>
<gc-op id="945" type="scavenge" timems="28.739" contextid="942" timestamp="2020-09-11T10:47:34.568">
  <scavenger-info tenureage="2" tenuremask="ffe4" tiltratio="50" />
  <memory-copied type="nursery" objects="307328" bytes="9803480" bytesdiscarded="255968" />
  <memory-copied type="tenure" objects="73868" bytes="2393896" bytesdiscarded="264" />
  <references type="soft" candidates="14" cleared="0" enqueued="0" dynamicThreshold="9" maxThreshold="32" />
  <references type="weak" candidates="4" cleared="0" enqueued="0" />
  <heap-resize type="expand" space="tenure" amount="2949120" count="15" timems="0.849" reason="continue current collection" />
</gc-op>
<heap-resize id="946" type="expand" space="nursery" amount="6160384" count="1" timems="0.401" reason="excessive time being spent scavenging" timestamp="2020-09-11T10:47:34.569" />
<gc-end id="947" type="scavenge" contextid="942" durationms="29.550" usertimems="108.940" systemtimems="9.904" timestamp="2020-09-11T10:47:34.569" activeThreads="8">
  <mem-info id="948" free="10711712" total="82051072" percent="13">
    <mem type="nursery" free="7765920" total="35651584" percent="21">
      <mem type="allocate" free="7765920" total="17825792" percent="43" />
      <mem type="survivor" free="0" total="17825792" percent="0" />
    </mem>
    <mem type="tenure" free="2945792" total="46399488" percent="6">
      <mem type="soa" free="161536" total="43615232" percent="0" />
      <mem type="loa" free="2784256" total="2784256" percent="100" />
    </mem>
    <remembered-set count="3450" />
  </mem-info>
</gc-end>
<cycle-end id="949" type="scavenge" contextid="942" timestamp="2020-09-11T10:47:34.570" />
<allocation-satisfied id="950" threadId="0000000000790800" bytesRequested="32" />
<af-end id="951" timestamp="2020-09-11T10:47:34.570" threadId="0000000000791180" success="true" from="nursery"/>
<exclusive-end id="952" timestamp="2020-09-11T10:47:34.570" durationms="31.102" />

<exclusive-start id="953" timestamp="2020-09-11T10:47:34.585" intervalms="46.418">
  <response-info timems="0.380" idlems="0.380" threads="0" lastid="000000000076C100" lastname="MapReducer.1" />
</exclusive-start>
<af-start id="954" threadId="000000000076CA80" totalBytesRequested="32" timestamp="2020-09-11T10:47:34.585" intervalms="46.328" type="nursery" />
<cycle-start id="955" type="scavenge" contextid="0" timestamp="2020-09-11T10:47:34.585" intervalms="46.252" />
<gc-start id="956" type="scavenge" contextid="955" timestamp="2020-09-11T10:47:34.586">
  <mem-info id="957" free="2945136" total="82051072" percent="3">
    <mem type="nursery" free="0" total="35651584" percent="0">
      <mem type="allocate" free="0" total="17825792" percent="0" />
      <mem type="survivor" free="0" total="17825792" percent="0" />
    </mem>
    <mem type="tenure" free="2945136" total="46399488" percent="6">
      <mem type="soa" free="160880" total="43615232" percent="0" />
      <mem type="loa" free="2784256" total="2784256" percent="100" />
    </mem>
    <remembered-set count="5631" />
  </mem-info>
</gc-start>
<allocation-stats totalBytes="7765888" >
  <allocated-bytes non-tlh="197320" tlh="7568568" />
  <largest-consumer threadName="MapReducer.1" threadId="000000000076C100" bytes="4456352" />
</allocation-stats>
<gc-op id="958" type="scavenge" timems="19.469" contextid="955" timestamp="2020-09-11T10:47:34.605">
  <scavenger-info tenureage="2" tenuremask="fff4" tiltratio="50" />
  <memory-copied type="nursery" objects="466791" bytes="15079080" bytesdiscarded="175016" />
  <memory-copied type="tenure" objects="26040" bytes="815936" bytesdiscarded="72" />
  <ownableSynchronizers candidates="16" cleared="0" />
  <references type="soft" candidates="19" cleared="0" enqueued="0" dynamicThreshold="9" maxThreshold="32" />
  <references type="weak" candidates="5" cleared="0" enqueued="0" />
  <heap-resize type="expand" space="tenure" amount="786432" count="4" timems="0.559" reason="continue current collection" />
</gc-op>
<heap-resize id="959" type="expand" space="nursery" amount="9306112" count="1" timems="0.067" reason="excessive time being spent scavenging" timestamp="2020-09-11T10:47:34.605" />
<gc-end id="960" type="scavenge" contextid="955" durationms="20.068" usertimems="88.089" systemtimems="7.773" timestamp="2020-09-11T10:47:34.606" activeThreads="8">
  <mem-info id="961" free="10055824" total="92143616" percent="10">
    <mem type="nursery" free="7224464" total="44957696" percent="16">
      <mem type="allocate" free="7224464" total="22478848" percent="32" />
      <mem type="survivor" free="0" total="22478848" percent="0" />
    </mem>
    <mem type="tenure" free="2831360" total="47185920" percent="6">
      <mem type="soa" free="0" total="44354560" percent="0" />
      <mem type="loa" free="2831360" total="2831360" percent="100" />
    </mem>
    <remembered-set count="3020" />
  </mem-info>
</gc-end>
<cycle-end id="962" type="scavenge" contextid="955" timestamp="2020-09-11T10:47:34.606" />
<allocation-satisfied id="963" threadId="000000000076C100" bytesRequested="32" />
<af-end id="964" timestamp="2020-09-11T10:47:34.607" threadId="000000000076CA80" success="true" from="nursery"/>
<exclusive-end id="965" timestamp="2020-09-11T10:47:34.607" durationms="21.403" />

<exclusive-start id="966" timestamp="2020-09-11T10:47:34.610" intervalms="24.728">
  <response-info timems="1.304" idlems="1.304" threads="0" lastid="000000000076C100" lastname="MapReducer.1" />
</exclusive-start>
<af-start id="967" threadId="000000000076CA80" totalBytesRequested="2437128" timestamp="2020-09-11T10:47:34.610" intervalms="24.743" type="nursery" />
<cycle-start id="968" type="scavenge" contextid="0" timestamp="2020-09-11T10:47:34.610" intervalms="24.760" />
<gc-start id="969" type="scavenge" contextid="968" timestamp="2020-09-11T10:47:34.610">
  <mem-info id="970" free="3608720" total="92143616" percent="3">
    <mem type="nursery" free="777360" total="44957696" percent="1">
      <mem type="allocate" free="777360" total="22478848" percent="3" />
      <mem type="survivor" free="0" total="22478848" percent="0" />
    </mem>
    <mem type="tenure" free="2831360" total="47185920" percent="6">
      <mem type="soa" free="0" total="44354560" percent="0" />
      <mem type="loa" free="2831360" total="2831360" percent="100" />
    </mem>
    <remembered-set count="3124" />
  </mem-info>
</gc-start>
<allocation-stats totalBytes="6434248" >
  <allocated-bytes non-tlh="32" tlh="6434216" />
  <largest-consumer threadName="MapReducer.1" threadId="000000000076C100" bytes="5881856" />
</allocation-stats>
<gc-op id="971" type="scavenge" timems="44.317" contextid="968" timestamp="2020-09-11T10:47:34.655">
  <scavenger-info tenureage="2" tenuremask="fff4" tiltratio="50" />
  <memory-copied type="nursery" objects="369356" bytes="12093544" bytesdiscarded="102784" />
  <memory-copied type="tenure" objects="281268" bytes="8858368" bytesdiscarded="584" />
  <ownableSynchronizers candidates="17" cleared="0" />
  <references type="soft" candidates="10" cleared="0" enqueued="0" dynamicThreshold="9" maxThreshold="32" />
  <references type="weak" candidates="2" cleared="0" enqueued="0" />
  <heap-resize type="expand" space="tenure" amount="9240576" count="47" timems="6.972" reason="continue current collection" />
</gc-op>
<heap-resize id="972" type="expand" space="nursery" amount="19922944" count="1" timems="0.048" reason="excessive time being spent scavenging" timestamp="2020-09-11T10:47:34.655" />
<gc-end id="973" type="scavenge" contextid="968" durationms="44.782" usertimems="241.092" systemtimems="19.410" timestamp="2020-09-11T10:47:34.655" activeThreads="8">
  <mem-info id="974" free="25505768" total="121307136" percent="21">
    <mem type="nursery" free="22013416" total="64880640" percent="33">
      <mem type="allocate" free="22013416" total="34209792" percent="64" />
      <mem type="survivor" free="0" total="30670848" percent="0" />
    </mem>
    <mem type="tenure" free="3492352" total="56426496" percent="6">
      <mem type="soa" free="105984" total="53040128" percent="0" />
      <mem type="loa" free="3386368" total="3386368" percent="100" />
    </mem>
    <remembered-set count="2034" />
  </mem-info>
</gc-end>
<cycle-end id="975" type="scavenge" contextid="968" timestamp="2020-09-11T10:47:34.656" />
<allocation-satisfied id="976" threadId="000000000076C100" bytesRequested="2437128" />
<af-end id="977" timestamp="2020-09-11T10:47:34.657" threadId="000000000076CA80" success="true" from="nursery"/>
<exclusive-end id="978" timestamp="2020-09-11T10:47:34.657" durationms="47.129" />

<exclusive-start id="979" timestamp="2020-09-11T10:47:34.673" intervalms="62.838">
  <response-info timems="0.186" idlems="0.107" threads="1" lastid="0000000000021200" lastname="JIT Compilation Thread-001" />
</exclusive-start>
<af-start id="980" threadId="000000000076CA80" totalBytesRequested="32" timestamp="2020-09-11T10:47:34.673" intervalms="62.833" type="nursery" />
<percolate-collect id="981" from="nursery" to="global" reason="met projected tenure max free" timestamp="2020-09-11T10:47:34.673"/>
<cycle-start id="982" type="global" contextid="0" timestamp="2020-09-11T10:47:34.673" intervalms="391.502" />
<gc-start id="983" type="global" contextid="982" timestamp="2020-09-11T10:47:34.673">
  <mem-info id="984" free="3490784" total="121307136" percent="2">
    <mem type="nursery" free="0" total="64880640" percent="0">
      <mem type="allocate" free="0" total="34209792" percent="0" />
      <mem type="survivor" free="0" total="30670848" percent="0" />
    </mem>
    <mem type="tenure" free="3490784" total="56426496" percent="6">
      <mem type="soa" free="104416" total="53040128" percent="0" />
      <mem type="loa" free="3386368" total="3386368" percent="100" />
    </mem>
    <remembered-set count="3305" />
  </mem-info>
</gc-start>
<allocation-stats totalBytes="22012832" >
  <allocated-bytes non-tlh="2438696" tlh="19574136" />
  <largest-consumer threadName="MapReducer.1" threadId="000000000076C100" bytes="17438152" />
</allocation-stats>
<gc-op id="985" type="mark" timems="29.917" contextid="982" timestamp="2020-09-11T10:47:34.703">
  <trace-info objectcount="1832461" scancount="1694836" scanbytes="58570020" />
  <finalization candidates="88" enqueued="0" />
  <ownableSynchronizers candidates="89" cleared="0" />
  <references type="soft" candidates="4570" cleared="0" enqueued="0" dynamicThreshold="9" maxThreshold="32" />
  <references type="weak" candidates="2953" cleared="1" enqueued="1" />
  <references type="phantom" candidates="102" cleared="0" enqueued="0" />
  <stringconstants candidates="9188" cleared="1"  />
</gc-op>
<gc-op id="986" type="classunload" timems="0.015" contextid="982" timestamp="2020-09-11T10:47:34.703">
  <classunload-info classloadercandidates="94" classloadersunloaded="0" classesunloaded="0" anonymousclassesunloaded="0" quiescems="0.000" setupms="0.014" scanms="0.001" postms="0.000" />
</gc-op>
<gc-op id="987" type="sweep" timems="2.480" contextid="982" timestamp="2020-09-11T10:47:34.706" />
<heap-resize id="988" type="expand" space="tenure" amount="18743296" count="1" timems="0.396" reason="insufficient free space following gc" timestamp="2020-09-11T10:47:34.706" />
<gc-end id="989" type="global" contextid="982" durationms="33.251" usertimems="159.701" systemtimems="0.000" timestamp="2020-09-11T10:47:34.706" activeThreads="8">
  <mem-info id="990" free="22933016" total="140050432" percent="16">
    <mem type="nursery" free="349368" total="64880640" percent="0">
      <mem type="allocate" free="349368" total="34209792" percent="1" />
      <mem type="survivor" free="0" total="30670848" percent="0" />
    </mem>
    <mem type="tenure" free="22583648" total="75169792" percent="30" micro-fragmented="4366" macro-fragmented="0">
      <mem type="soa" free="18072928" total="70659072" percent="25" />
      <mem type="loa" free="4510720" total="4510720" percent="100" />
    </mem>
    <pending-finalizers system="0" default="0" reference="1" classloader="0" />
    <remembered-set count="3305" />
  </mem-info>
</gc-end>
<cycle-end id="991" type="global" contextid="982" timestamp="2020-09-11T10:47:34.707" />
<allocation-satisfied id="992" threadId="000000000076C100" bytesRequested="32" />
<af-end id="993" timestamp="2020-09-11T10:47:34.707" threadId="000000000076CA80" success="true" from="nursery"/>
<exclusive-end id="994" timestamp="2020-09-11T10:47:34.707" durationms="34.004" />

<exclusive-start id="995" timestamp="2020-09-11T10:47:34.710" intervalms="37.474">
  <response-info timems="3.147" idlems="3.147" threads="0" lastid="000000000076C100" lastname="MapReducer.1" />
</exclusive-start>
<af-start id="996" threadId="000000000076CA80" totalBytesRequested="32" timestamp="2020-09-11T10:47:34.710" intervalms="37.457" type="nursery" />
<cycle-start id="997" type="scavenge" contextid="0" timestamp="2020-09-11T10:47:34.710" intervalms="100.285" />
<gc-start id="998" type="scavenge" contextid="997" timestamp="2020-09-11T10:47:34.711">
  <mem-info id="999" free="22583648" total="140050432" percent="16">
    <mem type="nursery" free="0" total="64880640" percent="0">
      <mem type="allocate" free="0" total="34209792" percent="0" />
      <mem type="survivor" free="0" total="30670848" percent="0" />
    </mem>
    <mem type="tenure" free="22583648" total="75169792" percent="30">
      <mem type="soa" free="18072928" total="70659072" percent="25" />
      <mem type="loa" free="4510720" total="4510720" percent="100" />
    </mem>
    <pending-finalizers system="0" default="0" reference="1" classloader="0" />
    <remembered-set count="3313" />
  </mem-info>
</gc-start>
<allocation-stats totalBytes="349168" >
  <allocated-bytes non-tlh="32" tlh="349136" />
  <largest-consumer threadName="MapReducer.1" threadId="000000000076C100" bytes="299424" />
</allocation-stats>
<gc-op id="1000" type="scavenge" timems="37.450" contextid="997" timestamp="2020-09-11T10:47:34.748">
  <scavenger-info tenureage="2" tenuremask="fff4" tiltratio="52" />
  <memory-copied type="nursery" objects="708846" bytes="25032240" bytesdiscarded="164968" />
  <memory-copied type="tenure" objects="185499" bytes="6192824" bytesdiscarded="328" />
  <ownableSynchronizers candidates="178" cleared="161" />
  <references type="soft" candidates="38" cleared="0" enqueued="0" dynamicThreshold="9" maxThreshold="32" />
  <references type="weak" candidates="7" cleared="0" enqueued="0" />
</gc-op>
<heap-resize id="1001" type="expand" space="nursery" amount="12713984" count="1" timems="0.407" reason="excessive time being spent scavenging" timestamp="2020-09-11T10:47:34.749" />
<gc-end id="1002" type="scavenge" contextid="997" durationms="38.224" usertimems="210.547" systemtimems="11.115" timestamp="2020-09-11T10:47:34.749" activeThreads="8">
  <mem-info id="1003" free="29649624" total="152764416" percent="19">
    <mem type="nursery" free="13599984" total="77594624" percent="17">
      <mem type="allocate" free="13599984" total="38797312" percent="35" />
      <mem type="survivor" free="0" total="38797312" percent="0" />
    </mem>
    <mem type="tenure" free="16049640" total="75169792" percent="21">
      <mem type="soa" free="11538920" total="70659072" percent="16" />
      <mem type="loa" free="4510720" total="4510720" percent="100" />
    </mem>
    <pending-finalizers system="0" default="0" reference="1" classloader="0" />
    <remembered-set count="2574" />
  </mem-info>
</gc-end>
<cycle-end id="1004" type="scavenge" contextid="997" timestamp="2020-09-11T10:47:34.750" />
<allocation-satisfied id="1005" threadId="000000000076C100" bytesRequested="32" />
<af-end id="1006" timestamp="2020-09-11T10:47:34.750" threadId="000000000076CA80" success="true" from="nursery"/>
<exclusive-end id="1007" timestamp="2020-09-11T10:47:34.750" durationms="39.428" />

<exclusive-start id="1008" timestamp="2020-09-11T10:47:34.754" intervalms="43.636">
  <response-info timems="1.074" idlems="1.074" threads="0" lastid="000000000076C100" lastname="MapReducer.1" />
</exclusive-start>
<af-start id="1009" threadId="000000000076CA80" totalBytesRequested="32" timestamp="2020-09-11T10:47:34.754" intervalms="43.682" type="nursery" />
<cycle-start id="1010" type="scavenge" contextid="0" timestamp="2020-09-11T10:47:34.754" intervalms="43.702" />
<gc-start id="1011" type="scavenge" contextid="1010" timestamp="2020-09-11T10:47:34.754">
  <mem-info id="1012" free="16049640" total="152764416" percent="10">
    <mem type="nursery" free="0" total="77594624" percent="0">
      <mem type="allocate" free="0" total="38797312" percent="0" />
      <mem type="survivor" free="0" total="38797312" percent="0" />
    </mem>
    <mem type="tenure" free="16049640" total="75169792" percent="21">
      <mem type="soa" free="11538920" total="70659072" percent="16" />
      <mem type="loa" free="4510720" total="4510720" percent="100" />
    </mem>
    <pending-finalizers system="0" default="0" reference="1" classloader="0" />
    <remembered-set count="3099" />
  </mem-info>
</gc-start>
<allocation-stats totalBytes="13599576" >
  <allocated-bytes non-tlh="1053568" tlh="12546008" />
  <largest-consumer threadName="MapReducer.1" threadId="000000000076C100" bytes="11916688" />
</allocation-stats>
<gc-op id="1013" type="scavenge" timems="23.488" contextid="1010" timestamp="2020-09-11T10:47:34.778">
  <scavenger-info tenureage="2" tenuremask="fff4" tiltratio="50" />
  <memory-copied type="nursery" objects="877224" bytes="31479240" bytesdiscarded="323128" />
  <memory-copied type="tenure" objects="183833" bytes="5867072" bytesdiscarded="56" />
  <ownableSynchronizers candidates="7" cleared="0" />
  <references type="soft" candidates="38" cleared="0" enqueued="0" dynamicThreshold="9" maxThreshold="32" />
  <references type="weak" candidates="7" cleared="0" enqueued="0" />
</gc-op>
<heap-resize id="1014" type="expand" space="nursery" amount="13893632" count="1" timems="0.047" reason="excessive time being spent scavenging" timestamp="2020-09-11T10:47:34.778" />
<gc-end id="1015" type="scavenge" contextid="1010" durationms="23.924" usertimems="159.616" systemtimems="0.971" timestamp="2020-09-11T10:47:34.778" activeThreads="8">
  <mem-info id="1016" free="24175240" total="166658048" percent="14">
    <mem type="nursery" free="13941664" total="91488256" percent="15">
      <mem type="allocate" free="13941664" total="45744128" percent="30" />
      <mem type="survivor" free="0" total="45744128" percent="0" />
    </mem>
    <mem type="tenure" free="10233576" total="75169792" percent="13">
      <mem type="soa" free="5722856" total="70659072" percent="8" />
      <mem type="loa" free="4510720" total="4510720" percent="100" />
    </mem>
    <pending-finalizers system="0" default="0" reference="1" classloader="0" />
    <remembered-set count="2706" />
  </mem-info>
</gc-end>
<cycle-end id="1017" type="scavenge" contextid="1010" timestamp="2020-09-11T10:47:34.779" />
<allocation-satisfied id="1018" threadId="000000000076C100" bytesRequested="32" />
<af-end id="1019" timestamp="2020-09-11T10:47:34.779" threadId="000000000076CA80" success="true" from="nursery"/>
<exclusive-end id="1020" timestamp="2020-09-11T10:47:34.779" durationms="25.207" />

<exclusive-start id="1021" timestamp="2020-09-11T10:47:34.803" intervalms="49.659">
  <response-info timems="0.139" idlems="0.139" threads="0" lastid="0000000000798000" lastname="ForkJoinPool-3-worker-5" />
</exclusive-start>
<af-start id="1022" threadId="0000000000798980" totalBytesRequested="24" timestamp="2020-09-11T10:47:34.804" intervalms="49.672" type="nursery" />
<cycle-start id="1023" type="scavenge" contextid="0" timestamp="2020-09-11T10:47:34.804" intervalms="49.678" />
<gc-start id="1024" type="scavenge" contextid="1023" timestamp="2020-09-11T10:47:34.804">
  <mem-info id="1025" free="10233576" total="166658048" percent="6">
    <mem type="nursery" free="0" total="91488256" percent="0">
      <mem type="allocate" free="0" total="45744128" percent="0" />
      <mem type="survivor" free="0" total="45744128" percent="0" />
    </mem>
    <mem type="tenure" free="10233576" total="75169792" percent="13">
      <mem type="soa" free="5722856" total="70659072" percent="8" />
      <mem type="loa" free="4510720" total="4510720" percent="100" />
    </mem>
    <remembered-set count="6299" />
  </mem-info>
</gc-start>
<allocation-stats totalBytes="13940128" >
  <allocated-bytes non-tlh="131112" tlh="13809016" />
  <largest-consumer threadName="ForkJoinPool-3-worker-5" threadId="0000000000798000" bytes="6729240" />
</allocation-stats>
<gc-op id="1026" type="scavenge" timems="40.414" contextid="1023" timestamp="2020-09-11T10:47:34.845">
  <scavenger-info tenureage="2" tenuremask="fff4" tiltratio="50" />
  <memory-copied type="nursery" objects="532684" bytes="18018088" bytesdiscarded="139888" />
  <memory-copied type="tenure" objects="525006" bytes="19107224" bytesdiscarded="408" />
  <ownableSynchronizers candidates="6" cleared="0" />
  <heap-resize type="expand" space="tenure" amount="14417920" count="44" timems="3.499" reason="continue current collection" />
</gc-op>
<heap-resize id="1027" type="expand" space="nursery" amount="27394048" count="1" timems="0.055" reason="excessive time being spent scavenging" timestamp="2020-09-11T10:47:34.845" />
<gc-end id="1028" type="scavenge" contextid="1023" durationms="42.380" usertimems="202.824" systemtimems="13.854" timestamp="2020-09-11T10:47:34.846" activeThreads="8">
  <mem-info id="1029" free="53839968" total="208470016" percent="25">
    <mem type="nursery" free="48295520" total="118882304" percent="40">
      <mem type="allocate" free="48295520" total="66453504" percent="72" />
      <mem type="survivor" free="0" total="52428800" percent="0" />
    </mem>
    <mem type="tenure" free="5544448" total="89587712" percent="6">
      <mem type="soa" free="168448" total="84211712" percent="0" />
      <mem type="loa" free="5376000" total="5376000" percent="100" />
    </mem>
    <remembered-set count="5608" />
  </mem-info>
</gc-end>
<cycle-end id="1030" type="scavenge" contextid="1023" timestamp="2020-09-11T10:47:34.847" />
<allocation-satisfied id="1031" threadId="0000000000798000" bytesRequested="24" />
<af-end id="1032" timestamp="2020-09-11T10:47:34.847" threadId="0000000000798980" success="true" from="nursery"/>
<exclusive-end id="1033" timestamp="2020-09-11T10:47:34.847" durationms="43.976" />

<exclusive-start id="1034" timestamp="2020-09-11T10:47:34.919" intervalms="115.026">
  <response-info timems="0.176" idlems="0.170" threads="1" lastid="00000000007A7400" lastname="ForkJoinPool-3-worker-9" />
</exclusive-start>
<af-start id="1035" threadId="0000000000791180" totalBytesRequested="24" timestamp="2020-09-11T10:47:34.919" intervalms="115.026" type="nursery" />
<cycle-start id="1036" type="scavenge" contextid="0" timestamp="2020-09-11T10:47:34.919" intervalms="115.006" />
<gc-start id="1037" type="scavenge" contextid="1036" timestamp="2020-09-11T10:47:34.919">
  <mem-info id="1038" free="5544448" total="208470016" percent="2">
    <mem type="nursery" free="0" total="118882304" percent="0">
      <mem type="allocate" free="0" total="66453504" percent="0" />
      <mem type="survivor" free="0" total="52428800" percent="0" />
    </mem>
    <mem type="tenure" free="5544448" total="89587712" percent="6">
      <mem type="soa" free="168448" total="84211712" percent="0" />
      <mem type="loa" free="5376000" total="5376000" percent="100" />
    </mem>
    <remembered-set count="19261" />
  </mem-info>
</gc-start>
<allocation-stats totalBytes="48289912" >
  <allocated-bytes non-tlh="1439984" tlh="46849928" />
  <largest-consumer threadName="ForkJoinPool-3-worker-5" threadId="0000000000798000" bytes="18372248" />
</allocation-stats>
<gc-op id="1039" type="scavenge" timems="52.505" contextid="1036" timestamp="2020-09-11T10:47:34.972">
  <scavenger-info tenureage="2" tenuremask="fff4" tiltratio="55" />
  <memory-copied type="nursery" objects="839962" bytes="26364152" bytesdiscarded="245088" />
  <memory-copied type="tenure" objects="352211" bytes="12268800" bytesdiscarded="224" />
  <ownableSynchronizers candidates="6" cleared="0" />
  <heap-resize type="expand" space="tenure" amount="13107200" count="25" timems="4.116" reason="continue current collection" />
</gc-op>
<heap-resize id="1040" type="expand" space="nursery" amount="23855104" count="1" timems="0.030" reason="excessive time being spent scavenging" timestamp="2020-09-11T10:47:34.972" />
<gc-end id="1041" type="scavenge" contextid="1036" durationms="52.991" usertimems="316.807" systemtimems="21.826" timestamp="2020-09-11T10:47:34.972" activeThreads="8">
  <mem-info id="1042" free="73923232" total="245432320" percent="30">
    <mem type="nursery" free="67434912" total="142737408" percent="47">
      <mem type="allocate" free="67434912" total="94044160" percent="71" />
      <mem type="survivor" free="0" total="48693248" percent="0" />
    </mem>
    <mem type="tenure" free="6488320" total="102694912" percent="6">
      <mem type="soa" free="325888" total="96532480" percent="0" />
      <mem type="loa" free="6162432" total="6162432" percent="100" />
    </mem>
    <remembered-set count="13623" />
  </mem-info>
</gc-end>
<cycle-end id="1043" type="scavenge" contextid="1036" timestamp="2020-09-11T10:47:34.973" />
<allocation-satisfied id="1044" threadId="0000000000790800" bytesRequested="24" />
<af-end id="1045" timestamp="2020-09-11T10:47:34.973" threadId="0000000000791180" success="true" from="nursery"/>
<exclusive-end id="1046" timestamp="2020-09-11T10:47:34.973" durationms="54.787" />

<exclusive-start id="1047" timestamp="2020-09-11T10:47:35.046" intervalms="127.136">
  <response-info timems="4.428" idlems="4.428" threads="0" lastid="0000000000790800" lastname="ForkJoinPool-3-worker-3" />
</exclusive-start>
<af-start id="1048" threadId="0000000000791180" totalBytesRequested="64" timestamp="2020-09-11T10:47:35.046" intervalms="127.144" type="nursery" />
<cycle-start id="1049" type="scavenge" contextid="0" timestamp="2020-09-11T10:47:35.046" intervalms="127.142" />
<gc-start id="1050" type="scavenge" contextid="1049" timestamp="2020-09-11T10:47:35.046">
  <mem-info id="1051" free="6488320" total="245432320" percent="2">
    <mem type="nursery" free="0" total="142737408" percent="0">
      <mem type="allocate" free="0" total="94044160" percent="0" />
      <mem type="survivor" free="0" total="48693248" percent="0" />
    </mem>
    <mem type="tenure" free="6488320" total="102694912" percent="6">
      <mem type="soa" free="325888" total="96532480" percent="0" />
      <mem type="loa" free="6162432" total="6162432" percent="100" />
    </mem>
    <remembered-set count="21948" />
  </mem-info>
</gc-start>
<allocation-stats totalBytes="67427000" >
  <allocated-bytes non-tlh="2236936" tlh="65190064" />
  <largest-consumer threadName="ForkJoinPool-3-worker-9" threadId="00000000007A7400" bytes="24932016" />
</allocation-stats>
<gc-op id="1052" type="scavenge" timems="48.608" contextid="1049" timestamp="2020-09-11T10:47:35.095">
  <scavenger-info tenureage="7" tenuremask="7f80" tiltratio="65" />
  <memory-copied type="nursery" objects="1526875" bytes="48687976" bytesdiscarded="5264" />
  <memory-copied type="tenure" objects="314627" bytes="8825992" bytesdiscarded="1424" />
  <copy-failed type="nursery" objects="314627" bytes="8825992" />
  <heap-resize type="expand" space="tenure" amount="9437184" count="16" timems="1.747" reason="continue current collection" />
</gc-op>
<heap-resize id="1053" type="expand" space="nursery" amount="27394048" count="1" timems="0.030" reason="excessive time being spent scavenging" timestamp="2020-09-11T10:47:35.095" />
<gc-end id="1054" type="scavenge" contextid="1049" durationms="49.054" usertimems="368.564" systemtimems="3.542" timestamp="2020-09-11T10:47:35.095" activeThreads="8">
  <mem-info id="1055" free="43433984" total="282263552" percent="15">
    <mem type="nursery" free="36372480" total="170131456" percent="21">
      <mem type="allocate" free="36372480" total="85065728" percent="42" />
      <mem type="survivor" free="0" total="85065728" percent="0" />
    </mem>
    <mem type="tenure" free="7061504" total="112132096" percent="6">
      <mem type="soa" free="332800" total="105403392" percent="0" />
      <mem type="loa" free="6728704" total="6728704" percent="100" />
    </mem>
    <remembered-set count="15213" />
  </mem-info>
</gc-end>
<cycle-end id="1056" type="scavenge" contextid="1049" timestamp="2020-09-11T10:47:35.096" />
<allocation-satisfied id="1057" threadId="0000000000790800" bytesRequested="64" />
<af-end id="1058" timestamp="2020-09-11T10:47:35.096" threadId="0000000000791180" success="true" from="nursery"/>
<exclusive-end id="1059" timestamp="2020-09-11T10:47:35.096" durationms="50.423" />

<exclusive-start id="1060" timestamp="2020-09-11T10:47:35.143" intervalms="97.669">
  <response-info timems="3.250" idlems="3.250" threads="0" lastid="0000000000790800" lastname="ForkJoinPool-3-worker-3" />
</exclusive-start>
<af-start id="1061" threadId="0000000000791180" totalBytesRequested="524296" timestamp="2020-09-11T10:47:35.144" intervalms="97.715" type="nursery" />
<cycle-start id="1062" type="scavenge" contextid="0" timestamp="2020-09-11T10:47:35.144" intervalms="97.738" />
<gc-start id="1063" type="scavenge" contextid="1062" timestamp="2020-09-11T10:47:35.144">
  <mem-info id="1064" free="7061504" total="282263552" percent="2">
    <mem type="nursery" free="0" total="170131456" percent="0">
      <mem type="allocate" free="0" total="85065728" percent="0" />
      <mem type="survivor" free="0" total="85065728" percent="0" />
    </mem>
    <mem type="tenure" free="7061504" total="112132096" percent="6">
      <mem type="soa" free="332800" total="105403392" percent="0" />
      <mem type="loa" free="6728704" total="6728704" percent="100" />
    </mem>
    <remembered-set count="24335" />
  </mem-info>
</gc-start>
<allocation-stats totalBytes="36368744" >
  <allocated-bytes non-tlh="2568936" tlh="33799808" />
  <largest-consumer threadName="ForkJoinPool-3-worker-5" threadId="0000000000798000" bytes="14093464" />
</allocation-stats>
<gc-op id="1065" type="scavenge" timems="48.204" contextid="1062" timestamp="2020-09-11T10:47:35.192">
  <scavenger-info tenureage="3" tenuremask="fff8" tiltratio="50" />
  <memory-copied type="nursery" objects="1822626" bytes="58415840" bytesdiscarded="179416" />
  <memory-copied type="tenure" objects="163745" bytes="5088200" bytesdiscarded="536" />
  <heap-resize type="expand" space="tenure" amount="5898240" count="10" timems="1.611" reason="continue current collection" />
</gc-op>
<heap-resize id="1066" type="expand" space="nursery" amount="41287680" count="1" timems="0.061" reason="excessive time being spent scavenging" timestamp="2020-09-11T10:47:35.192" />
<gc-end id="1067" type="scavenge" contextid="1062" durationms="48.696" usertimems="334.563" systemtimems="16.203" timestamp="2020-09-11T10:47:35.193" activeThreads="8">
  <mem-info id="1068" free="69758536" total="329449472" percent="21">
    <mem type="nursery" free="62384200" total="211419136" percent="29">
      <mem type="allocate" free="62384200" total="120979456" percent="51" />
      <mem type="survivor" free="0" total="90439680" percent="0" />
    </mem>
    <mem type="tenure" free="7374336" total="118030336" percent="6">
      <mem type="soa" free="292352" total="110948352" percent="0" />
      <mem type="loa" free="7081984" total="7081984" percent="100" />
    </mem>
    <remembered-set count="21316" />
  </mem-info>
</gc-end>
<cycle-end id="1069" type="scavenge" contextid="1062" timestamp="2020-09-11T10:47:35.193" />
<allocation-satisfied id="1070" threadId="0000000000790800" bytesRequested="524296" />
<af-end id="1071" timestamp="2020-09-11T10:47:35.194" threadId="0000000000791180" success="true" from="nursery"/>
<exclusive-end id="1072" timestamp="2020-09-11T10:47:35.194" durationms="50.236" />

<exclusive-start id="1073" timestamp="2020-09-11T10:47:35.274" intervalms="130.572">
  <response-info timems="0.139" idlems="0.117" threads="1" lastid="00000000007A7400" lastname="ForkJoinPool-3-worker-9" />
</exclusive-start>
<af-start id="1074" threadId="0000000000791180" totalBytesRequested="72" timestamp="2020-09-11T10:47:35.274" intervalms="130.507" type="nursery" />
<cycle-start id="1075" type="scavenge" contextid="0" timestamp="2020-09-11T10:47:35.274" intervalms="130.467" />
<gc-start id="1076" type="scavenge" contextid="1075" timestamp="2020-09-11T10:47:35.274">
  <mem-info id="1077" free="7374336" total="329449472" percent="2">
    <mem type="nursery" free="0" total="211419136" percent="0">
      <mem type="allocate" free="0" total="120979456" percent="0" />
      <mem type="survivor" free="0" total="90439680" percent="0" />
    </mem>
    <mem type="tenure" free="7374336" total="118030336" percent="6">
      <mem type="soa" free="292352" total="110948352" percent="0" />
      <mem type="loa" free="7081984" total="7081984" percent="100" />
    </mem>
    <remembered-set count="37146" />
  </mem-info>
</gc-start>
<allocation-stats totalBytes="62376024" >
  <allocated-bytes non-tlh="2458504" tlh="59917520" />
  <largest-consumer threadName="ForkJoinPool-3-worker-9" threadId="00000000007A7400" bytes="29938032" />
</allocation-stats>
<gc-op id="1078" type="scavenge" timems="68.659" contextid="1075" timestamp="2020-09-11T10:47:35.343">
  <scavenger-info tenureage="3" tenuremask="7fe8" tiltratio="57" />
  <memory-copied type="nursery" objects="2351153" bytes="75233936" bytesdiscarded="234480" />
  <memory-copied type="tenure" objects="560581" bytes="17073768" bytesdiscarded="1984" />
  <ownableSynchronizers candidates="1" cleared="0" />
  <heap-resize type="expand" space="tenure" amount="17694720" count="30" timems="3.139" reason="continue current collection" />
</gc-op>
<heap-resize id="1079" type="expand" space="nursery" amount="46792704" count="1" timems="0.054" reason="excessive time being spent scavenging" timestamp="2020-09-11T10:47:35.343" />
<gc-end id="1080" type="scavenge" contextid="1075" durationms="69.227" usertimems="457.252" systemtimems="17.832" timestamp="2020-09-11T10:47:35.344" activeThreads="8">
  <mem-info id="1081" free="72660336" total="393936896" percent="18">
    <mem type="nursery" free="64516464" total="258211840" percent="24">
      <mem type="allocate" free="64516464" total="139984896" percent="46" />
      <mem type="survivor" free="0" total="118226944" percent="0" />
    </mem>
    <mem type="tenure" free="8143872" total="135725056" percent="6">
      <mem type="soa" free="0" total="127581184" percent="0" />
      <mem type="loa" free="8143872" total="8143872" percent="100" />
    </mem>
    <remembered-set count="33897" />
  </mem-info>
</gc-end>
<cycle-end id="1082" type="scavenge" contextid="1075" timestamp="2020-09-11T10:47:35.346" />
<allocation-satisfied id="1083" threadId="0000000000790800" bytesRequested="72" />
<af-end id="1084" timestamp="2020-09-11T10:47:35.346" threadId="0000000000791180" success="true" from="nursery"/>
<exclusive-end id="1085" timestamp="2020-09-11T10:47:35.346" durationms="71.899" />

<exclusive-start id="1086" timestamp="2020-09-11T10:47:35.438" intervalms="164.349">
  <response-info timems="7.427" idlems="7.427" threads="0" lastid="0000000000790800" lastname="ForkJoinPool-3-worker-3" />
</exclusive-start>
<af-start id="1087" threadId="0000000000791180" totalBytesRequested="40" timestamp="2020-09-11T10:47:35.439" intervalms="164.373" type="nursery" />
<percolate-collect id="1088" from="nursery" to="global" reason="met projected tenure max free" timestamp="2020-09-11T10:47:35.439"/>
<cycle-start id="1089" type="global" contextid="0" timestamp="2020-09-11T10:47:35.439" intervalms="765.576" />
<gc-start id="1090" type="global" contextid="1089" timestamp="2020-09-11T10:47:35.439">
  <mem-info id="1091" free="8143872" total="393936896" percent="2">
    <mem type="nursery" free="0" total="258211840" percent="0">
      <mem type="allocate" free="0" total="139984896" percent="0" />
      <mem type="survivor" free="0" total="118226944" percent="0" />
    </mem>
    <mem type="tenure" free="8143872" total="135725056" percent="6">
      <mem type="soa" free="0" total="127581184" percent="0" />
      <mem type="loa" free="8143872" total="8143872" percent="100" />
    </mem>
    <remembered-set count="46289" />
  </mem-info>
</gc-start>
<allocation-stats totalBytes="64500304" >
  <allocated-bytes non-tlh="4096968" tlh="60403336" />
  <largest-consumer threadName="ForkJoinPool-3-worker-3" threadId="0000000000790800" bytes="33627896" />
</allocation-stats>
<gc-op id="1092" type="mark" timems="86.287" contextid="1089" timestamp="2020-09-11T10:47:35.525">
  <trace-info objectcount="6433640" scancount="4858840" scanbytes="135816564" />
  <finalization candidates="88" enqueued="0" />
  <ownableSynchronizers candidates="96" cleared="0" />
  <references type="soft" candidates="4570" cleared="0" enqueued="0" dynamicThreshold="9" maxThreshold="32" />
  <references type="weak" candidates="2952" cleared="0" enqueued="0" />
  <references type="phantom" candidates="102" cleared="0" enqueued="0" />
  <stringconstants candidates="9187" cleared="0"  />
</gc-op>
<gc-op id="1093" type="sweep" timems="4.456" contextid="1089" timestamp="2020-09-11T10:47:35.530" />
<heap-resize id="1094" type="expand" space="tenure" amount="43384832" count="1" timems="0.322" reason="insufficient free space following gc" timestamp="2020-09-11T10:47:35.530" />
<gc-end id="1095" type="global" contextid="1089" durationms="91.572" usertimems="620.192" systemtimems="0.000" timestamp="2020-09-11T10:47:35.530" activeThreads="8">
  <mem-info id="1096" free="67114712" total="437321728" percent="15">
    <mem type="nursery" free="11553176" total="258211840" percent="4">
      <mem type="allocate" free="11553176" total="139984896" percent="8" />
      <mem type="survivor" free="0" total="118226944" percent="0" />
    </mem>
    <mem type="tenure" free="55561536" total="179109888" percent="31" micro-fragmented="250047" macro-fragmented="0">
      <mem type="soa" free="44814656" total="168363008" percent="26" />
      <mem type="loa" free="10746880" total="10746880" percent="100" />
    </mem>
    <remembered-set count="18491" />
  </mem-info>
</gc-end>
<cycle-end id="1097" type="global" contextid="1089" timestamp="2020-09-11T10:47:35.531" />
<allocation-satisfied id="1098" threadId="0000000000790800" bytesRequested="40" />
<af-end id="1099" timestamp="2020-09-11T10:47:35.531" threadId="0000000000791180" success="true" from="nursery"/>
<exclusive-end id="1100" timestamp="2020-09-11T10:47:35.531" durationms="92.397" />

<exclusive-start id="1101" timestamp="2020-09-11T10:47:35.585" intervalms="147.049">
  <response-info timems="0.111" idlems="0.111" threads="0" lastid="00000000007A7400" lastname="ForkJoinPool-3-worker-9" />
</exclusive-start>
<af-start id="1102" threadId="00000000007A7D80" totalBytesRequested="426848" timestamp="2020-09-11T10:47:35.586" intervalms="147.007" type="nursery" />
<cycle-start id="1103" type="scavenge" contextid="0" timestamp="2020-09-11T10:47:35.586" intervalms="311.382" />
<gc-start id="1104" type="scavenge" contextid="1103" timestamp="2020-09-11T10:47:35.586">
  <mem-info id="1105" free="56851736" total="437321728" percent="12">
    <mem type="nursery" free="1290200" total="258211840" percent="0">
      <mem type="allocate" free="1290200" total="139984896" percent="0" />
      <mem type="survivor" free="0" total="118226944" percent="0" />
    </mem>
    <mem type="tenure" free="55561536" total="179109888" percent="31">
      <mem type="soa" free="44814656" total="168363008" percent="26" />
      <mem type="loa" free="10746880" total="10746880" percent="100" />
    </mem>
    <remembered-set count="21935" />
  </mem-info>
</gc-start>
<allocation-stats totalBytes="10081776" >
  <allocated-bytes non-tlh="3019712" tlh="7062064" />
  <largest-consumer threadName="ForkJoinPool-3-worker-3" threadId="0000000000790800" bytes="8558200" />
</allocation-stats>
<gc-op id="1106" type="scavenge" timems="82.317" contextid="1103" timestamp="2020-09-11T10:47:35.668">
  <scavenger-info tenureage="4" tenuremask="7ff0" tiltratio="54" />
  <memory-copied type="nursery" objects="3486273" bytes="112072192" bytesdiscarded="173632" />
  <ownableSynchronizers candidates="191" cleared="190" />
</gc-op>
<heap-resize id="1107" type="expand" space="nursery" amount="30932992" count="1" timems="0.099" reason="excessive time being spent scavenging" timestamp="2020-09-11T10:47:35.669" />
<gc-end id="1108" type="scavenge" contextid="1103" durationms="83.068" usertimems="609.812" systemtimems="9.366" timestamp="2020-09-11T10:47:35.669" activeThreads="8">
  <mem-info id="1109" free="87888120" total="468254720" percent="18">
    <mem type="nursery" free="32326584" total="289144832" percent="11">
      <mem type="allocate" free="32326584" total="144572416" percent="22" />
      <mem type="survivor" free="0" total="144572416" percent="0" />
    </mem>
    <mem type="tenure" free="55561536" total="179109888" percent="31">
      <mem type="soa" free="44814656" total="168363008" percent="26" />
      <mem type="loa" free="10746880" total="10746880" percent="100" />
    </mem>
    <remembered-set count="11982" />
  </mem-info>
</gc-end>
<cycle-end id="1110" type="scavenge" contextid="1103" timestamp="2020-09-11T10:47:35.677" />
<allocation-satisfied id="1111" threadId="00000000007A7400" bytesRequested="426848" />
<af-end id="1112" timestamp="2020-09-11T10:47:35.678" threadId="00000000007A7D80" success="true" from="nursery"/>
<exclusive-end id="1113" timestamp="2020-09-11T10:47:35.678" durationms="92.607" />

<exclusive-start id="1114" timestamp="2020-09-11T10:47:35.768" intervalms="182.422">
  <response-info timems="16.132" idlems="16.132" threads="0" lastid="00000000007FFF00" lastname="ForkJoinPool-10-worker-13" />
</exclusive-start>
<af-start id="1115" threadId="0000000000800880" totalBytesRequested="520" timestamp="2020-09-11T10:47:35.768" intervalms="182.551" type="nursery" />
<cycle-start id="1116" type="scavenge" contextid="0" timestamp="2020-09-11T10:47:35.768" intervalms="182.575" />
<gc-start id="1117" type="scavenge" contextid="1116" timestamp="2020-09-11T10:47:35.768">
  <mem-info id="1118" free="55561448" total="468254720" percent="11">
    <mem type="nursery" free="0" total="289144832" percent="0">
      <mem type="allocate" free="0" total="144572416" percent="0" />
      <mem type="survivor" free="0" total="144572416" percent="0" />
    </mem>
    <mem type="tenure" free="55561448" total="179109888" percent="31">
      <mem type="soa" free="44814568" total="168363008" percent="26" />
      <mem type="loa" free="10746880" total="10746880" percent="100" />
    </mem>
    <remembered-set count="11985" />
  </mem-info>
</gc-start>
<allocation-stats totalBytes="32302760" >
  <allocated-bytes non-tlh="2202560" tlh="30100200" />
  <largest-consumer threadName="ForkJoinPool-10-worker-3" threadId="00000000007E5700" bytes="6645840" />
</allocation-stats>
<gc-op id="1119" type="scavenge" timems="85.145" contextid="1116" timestamp="2020-09-11T10:47:35.854">
  <scavenger-info tenureage="3" tenuremask="7ff8" tiltratio="50" />
  <memory-copied type="nursery" objects="3300582" bytes="103890296" bytesdiscarded="313576" />
  <memory-copied type="tenure" objects="1117603" bytes="35018784" bytesdiscarded="6544" />
  <ownableSynchronizers candidates="1" cleared="0" />
</gc-op>
<heap-resize id="1120" type="expand" space="nursery" amount="64618496" count="1" timems="0.091" reason="excessive time being spent scavenging" timestamp="2020-09-11T10:47:35.854" />
<gc-end id="1121" type="scavenge" contextid="1116" durationms="85.907" usertimems="634.813" systemtimems="4.703" timestamp="2020-09-11T10:47:35.854" activeThreads="8">
  <mem-info id="1122" free="92811904" total="532873216" percent="17">
    <mem type="nursery" free="72677696" total="353763328" percent="20">
      <mem type="allocate" free="72677696" total="176881664" percent="41" />
      <mem type="survivor" free="0" total="176881664" percent="0" />
    </mem>
    <mem type="tenure" free="20134208" total="179109888" percent="11">
      <mem type="soa" free="9387328" total="168363008" percent="5" />
      <mem type="loa" free="10746880" total="10746880" percent="100" />
    </mem>
    <remembered-set count="16375" />
  </mem-info>
</gc-end>
<cycle-end id="1123" type="scavenge" contextid="1116" timestamp="2020-09-11T10:47:35.855" />
<allocation-satisfied id="1124" threadId="00000000007FFF00" bytesRequested="520" />
<af-end id="1125" timestamp="2020-09-11T10:47:35.855" threadId="0000000000800880" success="true" from="nursery"/>
<exclusive-end id="1126" timestamp="2020-09-11T10:47:35.856" durationms="88.080" />

<exclusive-start id="1127" timestamp="2020-09-11T10:47:35.893" intervalms="125.391">
  <response-info timems="3.514" idlems="1.211" threads="2" lastid="00000000007E5700" lastname="ForkJoinPool-10-worker-3" />
</exclusive-start>
<af-start id="1128" threadId="0000000000808480" totalBytesRequested="32" timestamp="2020-09-11T10:47:35.893" intervalms="125.377" type="nursery" />
<cycle-start id="1129" type="scavenge" contextid="0" timestamp="2020-09-11T10:47:35.894" intervalms="125.366" />
<gc-start id="1130" type="scavenge" contextid="1129" timestamp="2020-09-11T10:47:35.894">
  <mem-info id="1131" free="20134208" total="532873216" percent="3">
    <mem type="nursery" free="0" total="353763328" percent="0">
      <mem type="allocate" free="0" total="176881664" percent="0" />
      <mem type="survivor" free="0" total="176881664" percent="0" />
    </mem>
    <mem type="tenure" free="20134208" total="179109888" percent="11">
      <mem type="soa" free="9387328" total="168363008" percent="5" />
      <mem type="loa" free="10746880" total="10746880" percent="100" />
    </mem>
    <remembered-set count="16375" />
  </mem-info>
</gc-start>
<allocation-stats totalBytes="72649232" >
  <allocated-bytes non-tlh="305040" tlh="72344192" />
  <largest-consumer threadName="ForkJoinPool-10-worker-9" threadId="00000000007F8700" bytes="18055192" />
</allocation-stats>
<gc-op id="1132" type="scavenge" timems="140.475" contextid="1129" timestamp="2020-09-11T10:47:36.034">
  <scavenger-info tenureage="2" tenuremask="7ffc" tiltratio="50" />
  <memory-copied type="nursery" objects="3192766" bytes="89885032" bytesdiscarded="306752" />
  <memory-copied type="tenure" objects="2368626" bytes="76580136" bytesdiscarded="8840" />
  <ownableSynchronizers candidates="1" cleared="0" />
  <heap-resize type="expand" space="tenure" amount="71565312" count="78" timems="17.291" reason="continue current collection" />
</gc-op>
<heap-resize id="1133" type="expand" space="nursery" amount="135397376" count="1" timems="0.064" reason="excessive time being spent scavenging" timestamp="2020-09-11T10:47:36.035" />
<gc-end id="1134" type="scavenge" contextid="1129" durationms="141.024" usertimems="970.531" systemtimems="53.017" timestamp="2020-09-11T10:47:36.035" activeThreads="8">
  <mem-info id="1135" free="218320144" total="739835904" percent="29">
    <mem type="nursery" free="203212816" total="489160704" percent="41">
      <mem type="allocate" free="203212816" total="293404672" percent="69" />
      <mem type="survivor" free="0" total="195756032" percent="0" />
    </mem>
    <mem type="tenure" free="15107328" total="250675200" percent="6">
      <mem type="soa" free="66816" total="235634688" percent="0" />
      <mem type="loa" free="15040512" total="15040512" percent="100" />
    </mem>
    <remembered-set count="656" />
  </mem-info>
</gc-end>
<cycle-end id="1136" type="scavenge" contextid="1129" timestamp="2020-09-11T10:47:36.035" />
<allocation-satisfied id="1137" threadId="0000000000807B00" bytesRequested="32" />
<af-end id="1138" timestamp="2020-09-11T10:47:36.035" threadId="0000000000808480" success="true" from="nursery"/>
<exclusive-end id="1139" timestamp="2020-09-11T10:47:36.035" durationms="142.164" />

<exclusive-start id="1140" timestamp="2020-09-11T10:47:36.156" intervalms="262.851">
  <response-info timems="4.063" idlems="2.036" threads="1" lastid="00000000007FFF00" lastname="ForkJoinPool-10-worker-13" />
</exclusive-start>
<af-start id="1141" threadId="00000000007ED780" totalBytesRequested="16" timestamp="2020-09-11T10:47:36.156" intervalms="262.843" type="nursery" />
<cycle-start id="1142" type="scavenge" contextid="0" timestamp="2020-09-11T10:47:36.156" intervalms="262.856" />
<gc-start id="1143" type="scavenge" contextid="1142" timestamp="2020-09-11T10:47:36.157">
  <mem-info id="1144" free="15107288" total="739835904" percent="2">
    <mem type="nursery" free="0" total="489160704" percent="0">
      <mem type="allocate" free="0" total="293404672" percent="0" />
      <mem type="survivor" free="0" total="195756032" percent="0" />
    </mem>
    <mem type="tenure" free="15107288" total="250675200" percent="6">
      <mem type="soa" free="66776" total="235634688" percent="0" />
      <mem type="loa" free="15040512" total="15040512" percent="100" />
    </mem>
    <remembered-set count="664" />
  </mem-info>
</gc-start>
<allocation-stats totalBytes="203150848" >
  <allocated-bytes non-tlh="1992080" tlh="201158768" />
  <largest-consumer threadName="ForkJoinPool-10-worker-1" threadId="000000000080B700" bytes="37724392" />
</allocation-stats>
<gc-op id="1145" type="scavenge" timems="200.002" contextid="1142" timestamp="2020-09-11T10:47:36.357">
  <scavenger-info tenureage="1" tenuremask="7ffe" tiltratio="59" />
  <memory-copied type="nursery" objects="6358185" bytes="176125632" bytesdiscarded="182248" />
  <memory-copied type="tenure" objects="3192723" bytes="89699480" bytesdiscarded="116384" />
  <finalization candidates="2" enqueued="0" />
  <references type="weak" candidates="7" cleared="0" enqueued="0" />
  <heap-resize type="expand" space="tenure" amount="96468992" count="92" timems="17.652" reason="continue current collection" />
</gc-op>
<heap-resize id="1146" type="expand" space="nursery" amount="148504576" count="1" timems="0.051" reason="excessive time being spent scavenging" timestamp="2020-09-11T10:47:36.357" />
<gc-end id="1147" type="scavenge" contextid="1142" durationms="200.705" usertimems="1463.400" systemtimems="26.600" timestamp="2020-09-11T10:47:36.357" activeThreads="8">
  <mem-info id="1148" free="164123472" total="984809472" percent="16">
    <mem type="nursery" free="142524752" total="637665280" percent="22">
      <mem type="allocate" free="142524752" total="318832640" percent="44" />
      <mem type="survivor" free="0" total="318832640" percent="0" />
    </mem>
    <mem type="tenure" free="21598720" total="347144192" percent="6">
      <mem type="soa" free="769536" total="326315008" percent="0" />
      <mem type="loa" free="20829184" total="20829184" percent="100" />
    </mem>
    <remembered-set count="757" />
  </mem-info>
</gc-end>
<cycle-end id="1149" type="scavenge" contextid="1142" timestamp="2020-09-11T10:47:36.358" />
<allocation-satisfied id="1150" threadId="00000000007ECE00" bytesRequested="16" />
<af-end id="1151" timestamp="2020-09-11T10:47:36.358" threadId="00000000007ED780" success="true" from="nursery"/>
<exclusive-end id="1152" timestamp="2020-09-11T10:47:36.359" durationms="202.583" />

<exclusive-start id="1153" timestamp="2020-09-11T10:47:36.386" intervalms="230.045">
  <response-info timems="0.304" idlems="0.304" threads="0" lastid="00000000007F4B00" lastname="ForkJoinPool-10-worker-7" />
</exclusive-start>
<af-start id="1154" threadId="00000000007F5480" totalBytesRequested="32" timestamp="2020-09-11T10:47:36.386" intervalms="229.928" type="nursery" />
<percolate-collect id="1155" from="nursery" to="global" reason="met projected tenure max free" timestamp="2020-09-11T10:47:36.386"/>
<cycle-start id="1156" type="global" contextid="0" timestamp="2020-09-11T10:47:36.386" intervalms="947.688" />
<gc-start id="1157" type="global" contextid="1156" timestamp="2020-09-11T10:47:36.386">
  <mem-info id="1158" free="21598720" total="984809472" percent="2">
    <mem type="nursery" free="0" total="637665280" percent="0">
      <mem type="allocate" free="0" total="318832640" percent="0" />
      <mem type="survivor" free="0" total="318832640" percent="0" />
    </mem>
    <mem type="tenure" free="21598720" total="347144192" percent="6">
      <mem type="soa" free="769536" total="326315008" percent="0" />
      <mem type="loa" free="20829184" total="20829184" percent="100" />
    </mem>
    <remembered-set count="759" />
  </mem-info>
</gc-start>
<allocation-stats totalBytes="142469352" >
  <allocated-bytes non-tlh="16" tlh="142469336" />
  <largest-consumer threadName="ForkJoinPool-10-worker-7" threadId="00000000007F4B00" bytes="37441880" />
</allocation-stats>
<gc-op id="1159" type="mark" timems="210.427" contextid="1156" timestamp="2020-09-11T10:47:36.597">
  <trace-info objectcount="20175465" scancount="18556765" scanbytes="517660140" />
  <finalization candidates="90" enqueued="0" />
  <ownableSynchronizers candidates="96" cleared="0" />
  <references type="soft" candidates="4570" cleared="0" enqueued="0" dynamicThreshold="9" maxThreshold="32" />
  <references type="weak" candidates="2959" cleared="0" enqueued="0" />
  <references type="phantom" candidates="102" cleared="0" enqueued="0" />
  <stringconstants candidates="9187" cleared="0"  />
</gc-op>
<gc-op id="1160" type="sweep" timems="4.802" contextid="1156" timestamp="2020-09-11T10:47:36.602" />
<heap-resize id="1161" type="expand" space="tenure" amount="101842944" count="1" timems="0.339" reason="insufficient free space following gc" timestamp="2020-09-11T10:47:36.602" />
<gc-end id="1162" type="global" contextid="1156" durationms="216.125" usertimems="1691.277" systemtimems="5.501" timestamp="2020-09-11T10:47:36.603" activeThreads="8">
  <mem-info id="1163" free="134971520" total="1086652416" percent="12">
    <mem type="nursery" free="250392" total="637665280" percent="0">
      <mem type="allocate" free="250392" total="318832640" percent="0" />
      <mem type="survivor" free="0" total="318832640" percent="0" />
    </mem>
    <mem type="tenure" free="134721128" total="448987136" percent="30" micro-fragmented="211013" macro-fragmented="0">
      <mem type="soa" free="107781736" total="422047744" percent="25" />
      <mem type="loa" free="26939392" total="26939392" percent="100" />
    </mem>
    <remembered-set count="756" />
  </mem-info>
</gc-end>
<cycle-end id="1164" type="global" contextid="1156" timestamp="2020-09-11T10:47:36.603" />
<allocation-satisfied id="1165" threadId="00000000007F4B00" bytesRequested="32" />
<af-end id="1166" timestamp="2020-09-11T10:47:36.603" threadId="00000000007F5480" success="true" from="nursery"/>
<exclusive-end id="1167" timestamp="2020-09-11T10:47:36.603" durationms="216.939" />

<exclusive-start id="1168" timestamp="2020-09-11T10:47:36.623" intervalms="236.742">
  <response-info timems="19.531" idlems="9.873" threads="1" lastid="0000000000024E00" lastname="JIT Compilation Thread-002" />
</exclusive-start>
<af-start id="1169" threadId="00000000007F9080" totalBytesRequested="264" timestamp="2020-09-11T10:47:36.623" intervalms="236.783" type="nursery" />
<cycle-start id="1170" type="scavenge" contextid="0" timestamp="2020-09-11T10:47:36.623" intervalms="466.695" />
<gc-start id="1171" type="scavenge" contextid="1170" timestamp="2020-09-11T10:47:36.623">
  <mem-info id="1172" free="134721128" total="1086652416" percent="12">
    <mem type="nursery" free="0" total="637665280" percent="0">
      <mem type="allocate" free="0" total="318832640" percent="0" />
      <mem type="survivor" free="0" total="318832640" percent="0" />
    </mem>
    <mem type="tenure" free="134721128" total="448987136" percent="30">
      <mem type="soa" free="107781736" total="422047744" percent="25" />
      <mem type="loa" free="26939392" total="26939392" percent="100" />
    </mem>
    <remembered-set count="756" />
  </mem-info>
</gc-start>
<allocation-stats totalBytes="249832" >
  <allocated-bytes non-tlh="32" tlh="249800" />
  <largest-consumer threadName="ForkJoinPool-10-worker-1" threadId="000000000080B700" bytes="232288" />
</allocation-stats>
<gc-op id="1173" type="scavenge" timems="199.539" contextid="1170" timestamp="2020-09-11T10:47:36.823">
  <scavenger-info tenureage="1" tenuremask="fffe" tiltratio="50" />
  <memory-copied type="nursery" objects="4467205" bytes="123849616" bytesdiscarded="176240" />
  <memory-copied type="tenure" objects="6358163" bytes="176124008" bytesdiscarded="40760" />
  <finalization candidates="2" enqueued="0" />
  <ownableSynchronizers candidates="192" cleared="192" />
  <heap-resize type="expand" space="tenure" amount="73400320" count="70" timems="15.133" reason="continue current collection" />
</gc-op>
<heap-resize id="1174" type="expand" space="nursery" amount="132120576" count="1" timems="0.047" reason="excessive time being spent scavenging" timestamp="2020-09-11T10:47:36.823" />
<gc-end id="1175" type="scavenge" contextid="1170" durationms="200.277" usertimems="1411.184" systemtimems="61.668" timestamp="2020-09-11T10:47:36.823" activeThreads="8">
  <mem-info id="1176" free="369504000" total="1292173312" percent="28">
    <mem type="nursery" free="337806336" total="769785856" percent="43">
      <mem type="allocate" free="337806336" total="461832192" percent="73" />
      <mem type="survivor" free="0" total="307953664" percent="0" />
    </mem>
    <mem type="tenure" free="31697664" total="522387456" percent="6">
      <mem type="soa" free="354048" total="491043840" percent="0" />
      <mem type="loa" free="31343616" total="31343616" percent="100" />
    </mem>
    <remembered-set count="764" />
  </mem-info>
</gc-end>
<cycle-end id="1177" type="scavenge" contextid="1170" timestamp="2020-09-11T10:47:36.825" />
<allocation-satisfied id="1178" threadId="00000000007F8700" bytesRequested="264" />
<af-end id="1179" timestamp="2020-09-11T10:47:36.825" threadId="00000000007F9080" success="true" from="nursery"/>
<exclusive-end id="1180" timestamp="2020-09-11T10:47:36.825" durationms="202.424" />

<exclusive-start id="1181" timestamp="2020-09-11T10:47:36.826" intervalms="202.782">
  <response-info timems="0.321" idlems="0.321" threads="0" lastid="0000000000790800" lastname="ForkJoinPool-3-worker-3" />
</exclusive-start>
<event id="1182" timestamp="2020-09-11T10:47:36.826">
  <warning details="exclusive access acquired to satisfy allocation" />
</event>
<exclusive-end id="1183" timestamp="2020-09-11T10:47:36.826" durationms="0.189" />

<exclusive-start id="1184" timestamp="2020-09-11T10:47:36.832" intervalms="6.911">
  <response-info timems="6.677" idlems="6.677" threads="0" lastid="000000000078EB00" lastname="Group1.TxInjector.CompositeTxInjector.I.driver.tokens.1.quartz" />
</exclusive-start>
<event id="1185" timestamp="2020-09-11T10:47:36.833">
  <warning details="exclusive access acquired to satisfy allocation" />
</event>
<exclusive-end id="1186" timestamp="2020-09-11T10:47:36.834" durationms="1.207" />

<exclusive-start id="1187" timestamp="2020-09-11T10:47:36.850" intervalms="17.317">
  <response-info timems="16.036" idlems="16.036" threads="0" lastid="00000000007FFF00" lastname="ForkJoinPool-10-worker-13" />
</exclusive-start>
<event id="1188" timestamp="2020-09-11T10:47:36.850">
  <warning details="exclusive access acquired to satisfy allocation" />
</event>
<exclusive-end id="1189" timestamp="2020-09-11T10:47:36.850" durationms="0.394" />

<exclusive-start id="1190" timestamp="2020-09-11T10:47:36.850" intervalms="0.684">
  <response-info timems="0.095" idlems="0.095" threads="0" lastid="0000000000807B00" lastname="ForkJoinPool-10-worker-15" />
</exclusive-start>
<event id="1191" timestamp="2020-09-11T10:47:36.850">
  <warning details="exclusive access acquired to satisfy allocation" />
</event>
<exclusive-end id="1192" timestamp="2020-09-11T10:47:36.851" durationms="0.090" />

<exclusive-start id="1193" timestamp="2020-09-11T10:47:36.851" intervalms="0.207">
  <response-info timems="0.097" idlems="0.097" threads="0" lastid="00000000007ECE00" lastname="ForkJoinPool-10-worker-5" />
</exclusive-start>
<event id="1194" timestamp="2020-09-11T10:47:36.851">
  <warning details="exclusive access acquired to satisfy allocation" />
</event>
<exclusive-end id="1195" timestamp="2020-09-11T10:47:36.851" durationms="0.098" />

<exclusive-start id="1196" timestamp="2020-09-11T10:47:37.050" intervalms="199.325">
  <response-info timems="1.484" idlems="1.476" threads="1" lastid="00000000007A7400" lastname="ForkJoinPool-3-worker-9" />
</exclusive-start>
<af-start id="1197" threadId="0000000000791180" totalBytesRequested="24" timestamp="2020-09-11T10:47:37.050" intervalms="427.239" type="nursery" />
<cycle-start id="1198" type="scavenge" contextid="0" timestamp="2020-09-11T10:47:37.050" intervalms="427.248" />
<gc-start id="1199" type="scavenge" contextid="1198" timestamp="2020-09-11T10:47:37.051">
  <mem-info id="1200" free="31697664" total="1292173312" percent="2">
    <mem type="nursery" free="0" total="769785856" percent="0">
      <mem type="allocate" free="0" total="461832192" percent="0" />
      <mem type="survivor" free="0" total="307953664" percent="0" />
    </mem>
    <mem type="tenure" free="31697664" total="522387456" percent="6">
      <mem type="soa" free="354048" total="491043840" percent="0" />
      <mem type="loa" free="31343616" total="31343616" percent="100" />
    </mem>
    <remembered-set count="1048" />
  </mem-info>
</gc-start>
<allocation-stats totalBytes="337740048" >
  <allocated-bytes non-tlh="6651432" tlh="331088616" />
  <largest-consumer threadName="ForkJoinPool-3-worker-5" threadId="0000000000798000" bytes="74720168" />
</allocation-stats>
<gc-op id="1201" type="scavenge" timems="207.047" contextid="1198" timestamp="2020-09-11T10:47:37.258">
  <scavenger-info tenureage="1" tenuremask="fffe" tiltratio="59" />
  <memory-copied type="nursery" objects="5732830" bytes="155401584" bytesdiscarded="176816" />
  <memory-copied type="tenure" objects="4467179" bytes="123846816" bytesdiscarded="23456" />
  <finalization candidates="1" enqueued="0" />
  <heap-resize type="expand" space="tenure" amount="132120576" count="126" timems="32.395" reason="continue current collection" />
</gc-op>
<heap-resize id="1202" type="expand" space="nursery" amount="169738240" count="1" timems="0.255" reason="excessive time being spent scavenging" timestamp="2020-09-11T10:47:37.258" />
<gc-end id="1203" type="scavenge" contextid="1198" durationms="207.986" usertimems="1462.914" systemtimems="43.811" timestamp="2020-09-11T10:47:37.258" activeThreads="8">
  <mem-info id="1204" free="541609656" total="1594032128" percent="33">
    <mem type="nursery" free="502009784" total="939524096" percent="53">
      <mem type="allocate" free="502009784" total="657588224" percent="76" />
      <mem type="survivor" free="0" total="281935872" percent="0" />
    </mem>
    <mem type="tenure" free="39599872" total="654508032" percent="6">
      <mem type="soa" free="328448" total="615236608" percent="0" />
      <mem type="loa" free="39271424" total="39271424" percent="100" />
    </mem>
    <remembered-set count="1011" />
  </mem-info>
</gc-end>
<cycle-end id="1205" type="scavenge" contextid="1198" timestamp="2020-09-11T10:47:37.259" />
<allocation-satisfied id="1206" threadId="0000000000790800" bytesRequested="24" />
<af-end id="1207" timestamp="2020-09-11T10:47:37.260" threadId="0000000000791180" success="true" from="nursery"/>
<exclusive-end id="1208" timestamp="2020-09-11T10:47:37.260" durationms="209.562" />

<exclusive-start id="1209" timestamp="2020-09-11T10:47:37.807" intervalms="757.277">
  <response-info timems="0.198" idlems="0.178" threads="1" lastid="00000000007A7400" lastname="ForkJoinPool-3-worker-9" />
</exclusive-start>
<af-start id="1210" threadId="0000000000791180" totalBytesRequested="24" timestamp="2020-09-11T10:47:37.808" intervalms="757.273" type="nursery" />
<cycle-start id="1211" type="scavenge" contextid="0" timestamp="2020-09-11T10:47:37.808" intervalms="757.281" />
<gc-start id="1212" type="scavenge" contextid="1211" timestamp="2020-09-11T10:47:37.808">
  <mem-info id="1213" free="39599056" total="1594032128" percent="2">
    <mem type="nursery" free="0" total="939524096" percent="0">
      <mem type="allocate" free="0" total="657588224" percent="0" />
      <mem type="survivor" free="0" total="281935872" percent="0" />
    </mem>
    <mem type="tenure" free="39599056" total="654508032" percent="6">
      <mem type="soa" free="327632" total="615236608" percent="0" />
      <mem type="loa" free="39271424" total="39271424" percent="100" />
    </mem>
    <remembered-set count="1042" />
  </mem-info>
</gc-start>
<allocation-stats totalBytes="501968360" >
  <allocated-bytes non-tlh="34430888" tlh="467537472" />
  <largest-consumer threadName="ForkJoinPool-3-worker-3" threadId="0000000000790800" bytes="212225592" />
</allocation-stats>
<gc-op id="1214" type="scavenge" timems="266.915" contextid="1211" timestamp="2020-09-11T10:47:38.075">
  <scavenger-info tenureage="1" tenuremask="fffe" tiltratio="69" />
  <memory-copied type="nursery" objects="3743516" bytes="107641408" bytesdiscarded="260008" />
  <memory-copied type="tenure" objects="5414039" bytes="145959848" bytesdiscarded="24664" />
  <finalization candidates="1" enqueued="0" />
  <ownableSynchronizers candidates="200006" cleared="0" />
  <references type="soft" candidates="200000" cleared="0" enqueued="0" dynamicThreshold="9" maxThreshold="32" />
  <references type="weak" candidates="145" cleared="94" enqueued="63" />
  <heap-resize type="expand" space="tenure" amount="155189248" count="148" timems="32.221" reason="continue current collection" />
</gc-op>
<gc-end id="1215" type="scavenge" contextid="1211" durationms="267.795" usertimems="1797.781" systemtimems="89.878" timestamp="2020-09-11T10:47:38.076" activeThreads="8">
  <mem-info id="1216" free="671670472" total="1749221376" percent="38">
    <mem type="nursery" free="622759368" total="939524096" percent="66">
      <mem type="allocate" free="622759368" total="730660864" percent="85" />
      <mem type="survivor" free="0" total="208863232" percent="0" />
    </mem>
    <mem type="tenure" free="48911104" total="809697280" percent="6">
      <mem type="soa" free="328448" total="761114624" percent="0" />
      <mem type="loa" free="48582656" total="48582656" percent="100" />
    </mem>
    <pending-finalizers system="0" default="0" reference="63" classloader="0" />
    <remembered-set count="652" />
  </mem-info>
</gc-end>
<cycle-end id="1217" type="scavenge" contextid="1211" timestamp="2020-09-11T10:47:38.077" />
<allocation-satisfied id="1218" threadId="0000000000790800" bytesRequested="24" />
<af-end id="1219" timestamp="2020-09-11T10:47:38.077" threadId="0000000000791180" success="true" from="nursery"/>
<exclusive-end id="1220" timestamp="2020-09-11T10:47:38.077" durationms="269.490" />

<exclusive-start id="1221" timestamp="2020-09-11T10:47:38.777" intervalms="970.171">
  <response-info timems="2.907" idlems="2.907" threads="0" lastid="0000000000764400" lastname="Controller" />
</exclusive-start>
<sys-start reason="explicit" id="1222" timestamp="2020-09-11T10:47:38.778" intervalms="9862.078" />
<cycle-start id="1223" type="global" contextid="0" timestamp="2020-09-11T10:47:38.778" intervalms="2391.402" />
<gc-start id="1224" type="global" contextid="1223" timestamp="2020-09-11T10:47:38.778">
  <mem-info id="1225" free="238550504" total="1749221376" percent="13">
    <mem type="nursery" free="189647024" total="939524096" percent="20">
      <mem type="allocate" free="189647024" total="730660864" percent="25" />
      <mem type="survivor" free="0" total="208863232" percent="0" />
    </mem>
    <mem type="tenure" free="48903480" total="809697280" percent="6">
      <mem type="soa" free="320824" total="761114624" percent="0" />
      <mem type="loa" free="48582656" total="48582656" percent="100" />
    </mem>
    <remembered-set count="929" />
  </mem-info>
</gc-start>
<allocation-stats totalBytes="433081384" >
  <allocated-bytes non-tlh="26739424" tlh="406341960" />
  <largest-consumer threadName="ForkJoinPool-3-worker-5" threadId="0000000000798000" bytes="150352760" />
</allocation-stats>
<gc-op id="1226" type="mark" timems="27.603" contextid="1223" timestamp="2020-09-11T10:47:38.806">
  <trace-info objectcount="1868117" scancount="1849174" scanbytes="66579628" />
  <finalization candidates="91" enqueued="0" />
  <ownableSynchronizers candidates="200109" cleared="200034" />
  <references type="soft" candidates="4616" cleared="0" enqueued="0" dynamicThreshold="9" maxThreshold="32" />
  <references type="weak" candidates="3101" cleared="48" enqueued="38" />
  <references type="phantom" candidates="102" cleared="0" enqueued="0" />
  <stringconstants candidates="9286" cleared="6"  />
</gc-op>
<gc-op id="1227" type="classunload" timems="0.050" contextid="1223" timestamp="2020-09-11T10:47:38.806">
  <classunload-info classloadercandidates="101" classloadersunloaded="0" classesunloaded="0" anonymousclassesunloaded="0" quiescems="0.000" setupms="0.048" scanms="0.001" postms="0.001" />
</gc-op>
<gc-op id="1228" type="sweep" timems="2.285" contextid="1223" timestamp="2020-09-11T10:47:38.808" />
<mem-info id="1229" free="1454445040" total="1749221376" percent="83">
  <mem type="nursery" free="730398744" total="939524096" percent="77">
    <mem type="allocate" free="730398744" total="730660864" percent="99" />
    <mem type="survivor" free="0" total="208863232" percent="0" />
  </mem>
  <mem type="tenure" free="724046296" total="809697280" percent="89" micro-fragmented="12565" macro-fragmented="0">
    <mem type="soa" free="675463640" total="761114624" percent="88" />
    <mem type="loa" free="48582656" total="48582656" percent="100" />
  </mem>
  <pending-finalizers system="0" default="0" reference="38" classloader="0" />
  <remembered-set count="819" />
</mem-info>
<gc-op id="1230" type="compact" timems="135.842" contextid="1223" timestamp="2020-09-11T10:47:38.944">
  <compact-info movecount="1842328" movebytes="84190304" reason="compact on aggressive collection" />
</gc-op>
<gc-end id="1231" type="global" contextid="1223" durationms="166.609" usertimems="676.840" systemtimems="10.755" timestamp="2020-09-11T10:47:38.945" activeThreads="8">
  <mem-info id="1232" free="1454542488" total="1749221376" percent="83">
    <mem type="nursery" free="730458984" total="939524096" percent="77">
      <mem type="allocate" free="730458984" total="730660864" percent="99" />
      <mem type="survivor" free="0" total="208863232" percent="0" />
    </mem>
    <mem type="tenure" free="724083504" total="809697280" percent="89">
      <mem type="soa" free="675500848" total="761114624" percent="88" />
      <mem type="loa" free="48582656" total="48582656" percent="100" />
    </mem>
    <pending-finalizers system="0" default="0" reference="38" classloader="0" />
    <remembered-set count="819" />
  </mem-info>
</gc-end>
<cycle-end id="1233" type="global" contextid="1223" timestamp="2020-09-11T10:47:38.945" />
<sys-end id="1234" timestamp="2020-09-11T10:47:38.945" />
<exclusive-end id="1235" timestamp="2020-09-11T10:47:38.945" durationms="167.796" />

</verbosegc>

