<?xml version="1.0" ?>

<verbosegc xmlns="http://www.ibm.com/j9/verbosegc" version="c1dd04cca_CMPRSS">

!@: MM_VerboseWriterFileLoggingSynchronous::openFile

!@: After Trigger

<exclusive-start id="2446" timestamp="2020-09-11T10:51:04.107" intervalms="2136.218">
  <response-info timems="0.634" idlems="0.634" threads="0" lastid="0000000000855600" lastname="Group1.Backend.CompositeBackend{Tier1}.5" />
</exclusive-start>
<af-start id="2447" threadId="0000000000855F80" totalBytesRequested="344" timestamp="2020-09-11T10:51:04.108" intervalms="2136.592" type="nursery" />
<cycle-start id="2448" type="scavenge" contextid="0" timestamp="2020-09-11T10:51:04.108" intervalms="2136.608" />
<gc-start id="2449" type="scavenge" contextid="2448" timestamp="2020-09-11T10:51:04.108">
  <mem-info id="2450" free="562250392" total="2836725760" percent="19">
    <mem type="nursery" free="0" total="939524096" percent="0">
      <mem type="allocate" free="0" total="811532288" percent="0" />
      <mem type="survivor" free="0" total="127991808" percent="0" />
    </mem>
    <mem type="tenure" free="562250392" total="1897201664" percent="29">
      <mem type="soa" free="448417432" total="1783368704" percent="25" />
      <mem type="loa" free="113832960" total="113832960" percent="100" />
    </mem>
    <remembered-set count="197335" />
  </mem-info>
</gc-start>
<allocation-stats totalBytes="699927536" >
  <allocated-bytes non-tlh="31008064" tlh="668919472" />
  <largest-consumer threadName="Group1.Backend.CompositeBackend{Tier1}.3" threadId="0000000000808C00" bytes="90091416" />
</allocation-stats>
<gc-op id="2451" type="scavenge" timems="102.769" contextid="2448" timestamp="2020-09-11T10:51:04.211">
  <scavenger-info tenureage="3" tenuremask="7ff8" tiltratio="86" />
  <memory-copied type="nursery" objects="4414919" bytes="117538224" bytesdiscarded="136656" />
  <memory-copied type="tenure" objects="1068674" bytes="28847680" bytesdiscarded="56144" />
  <ownableSynchronizers candidates="5932" cleared="4860" />
  <references type="soft" candidates="886" cleared="0" enqueued="0" dynamicThreshold="19" maxThreshold="32" />
  <references type="weak" candidates="124" cleared="124" enqueued="0" />
</gc-op>
<gc-end id="2452" type="scavenge" contextid="2448" durationms="103.803" usertimems="789.148" systemtimems="2.412" timestamp="2020-09-11T10:51:04.212" activeThreads="8">
  <mem-info id="2453" free="1218296880" total="2836725760" percent="42">
    <mem type="nursery" free="684856496" total="939524096" percent="72">
      <mem type="allocate" free="684856496" total="802619392" percent="85" />
      <mem type="survivor" free="0" total="136904704" percent="0" />
    </mem>
    <mem type="tenure" free="533440384" total="1897201664" percent="28" macro-fragmented="4479464">
      <mem type="soa" free="419607424" total="1783368704" percent="23" />
      <mem type="loa" free="113832960" total="113832960" percent="100" />
    </mem>
    <remembered-set count="30972" />
  </mem-info>
</gc-end>
<cycle-end id="2454" type="scavenge" contextid="2448" timestamp="2020-09-11T10:51:04.213" />
<allocation-satisfied id="2455" threadId="0000000000855600" bytesRequested="344" />
<af-end id="2456" timestamp="2020-09-11T10:51:04.213" threadId="0000000000855F80" success="true" from="nursery"/>
<exclusive-end id="2457" timestamp="2020-09-11T10:51:04.213" durationms="105.836" />

<exclusive-start id="2458" timestamp="2020-09-11T10:51:06.235" intervalms="2128.137">
  <response-info timems="0.454" idlems="0.454" threads="0" lastid="0000000000808C00" lastname="Group1.Backend.CompositeBackend{Tier1}.3" />
</exclusive-start>
<af-start id="2459" threadId="0000000000809580" totalBytesRequested="40" timestamp="2020-09-11T10:51:06.236" intervalms="2127.680" type="nursery" />
<cycle-start id="2460" type="scavenge" contextid="0" timestamp="2020-09-11T10:51:06.236" intervalms="2127.664" />
<gc-start id="2461" type="scavenge" contextid="2460" timestamp="2020-09-11T10:51:06.236">
  <mem-info id="2462" free="533440384" total="2836725760" percent="18">
    <mem type="nursery" free="0" total="939524096" percent="0">
      <mem type="allocate" free="0" total="802619392" percent="0" />
      <mem type="survivor" free="0" total="136904704" percent="0" />
    </mem>
    <mem type="tenure" free="533440384" total="1897201664" percent="28">
      <mem type="soa" free="419607424" total="1783368704" percent="23" />
      <mem type="loa" free="113832960" total="113832960" percent="100" />
    </mem>
    <remembered-set count="193920" />
  </mem-info>
</gc-start>
<allocation-stats totalBytes="684531736" >
  <allocated-bytes non-tlh="30841528" tlh="653690208" />
  <largest-consumer threadName="Group1.Backend.CompositeBackend{Tier1}.4" threadId="0000000000854B00" bytes="89951688" />
</allocation-stats>
<gc-op id="2463" type="scavenge" timems="94.393" contextid="2460" timestamp="2020-09-11T10:51:06.331">
  <scavenger-info tenureage="3" tenuremask="7ff8" tiltratio="85" />
  <memory-copied type="nursery" objects="4169612" bytes="111841144" bytesdiscarded="214984" />
  <memory-copied type="tenure" objects="1134138" bytes="30496496" bytesdiscarded="63296" />
  <ownableSynchronizers candidates="7060" cleared="5932" />
  <references type="soft" candidates="893" cleared="0" enqueued="0" dynamicThreshold="19" maxThreshold="32" />
  <references type="weak" candidates="123" cleared="123" enqueued="0" />
</gc-op>
<gc-end id="2464" type="scavenge" contextid="2460" durationms="95.534" usertimems="736.053" systemtimems="0.000" timestamp="2020-09-11T10:51:06.331" activeThreads="8">
  <mem-info id="2465" free="1194296264" total="2836725760" percent="42">
    <mem type="nursery" free="691523072" total="939524096" percent="73">
      <mem type="allocate" free="691523072" total="803667968" percent="86" />
      <mem type="survivor" free="0" total="135856128" percent="0" />
    </mem>
    <mem type="tenure" free="502773192" total="1897201664" percent="26" macro-fragmented="0">
      <mem type="soa" free="388940232" total="1783368704" percent="21" />
      <mem type="loa" free="113832960" total="113832960" percent="100" />
    </mem>
    <remembered-set count="30186" />
  </mem-info>
</gc-end>
<cycle-end id="2466" type="scavenge" contextid="2460" timestamp="2020-09-11T10:51:06.332" />
<allocation-satisfied id="2467" threadId="0000000000808C00" bytesRequested="40" />
<af-end id="2468" timestamp="2020-09-11T10:51:06.332" threadId="0000000000809580" success="true" from="nursery"/>
<exclusive-end id="2469" timestamp="2020-09-11T10:51:06.332" durationms="97.083" />

<exclusive-start id="2470" timestamp="2020-09-11T10:51:08.373" intervalms="2138.266">
  <response-info timems="0.450" idlems="0.450" threads="0" lastid="0000000000855600" lastname="Group1.Backend.CompositeBackend{Tier1}.5" />
</exclusive-start>
<af-start id="2471" threadId="0000000000855F80" totalBytesRequested="24" timestamp="2020-09-11T10:51:08.374" intervalms="2138.318" type="nursery" />
<cycle-start id="2472" type="scavenge" contextid="0" timestamp="2020-09-11T10:51:08.374" intervalms="2138.322" />
<gc-start id="2473" type="scavenge" contextid="2472" timestamp="2020-09-11T10:51:08.374">
  <mem-info id="2474" free="502773192" total="2836725760" percent="17">
    <mem type="nursery" free="0" total="939524096" percent="0">
      <mem type="allocate" free="0" total="803667968" percent="0" />
      <mem type="survivor" free="0" total="135856128" percent="0" />
    </mem>
    <mem type="tenure" free="502773192" total="1897201664" percent="26">
      <mem type="soa" free="388940232" total="1783368704" percent="21" />
      <mem type="loa" free="113832960" total="113832960" percent="100" />
    </mem>
    <remembered-set count="194963" />
  </mem-info>
</gc-start>
<allocation-stats totalBytes="691173904" >
  <allocated-bytes non-tlh="30431680" tlh="660742224" />
  <largest-consumer threadName="Group1.Backend.CompositeBackend{Tier1}.4" threadId="0000000000854B00" bytes="93125424" />
</allocation-stats>
<gc-op id="2475" type="scavenge" timems="99.186" contextid="2472" timestamp="2020-09-11T10:51:08.474">
  <scavenger-info tenureage="3" tenuremask="7ff8" tiltratio="85" />
  <memory-copied type="nursery" objects="4288137" bytes="114634200" bytesdiscarded="155624" />
  <memory-copied type="tenure" objects="1094517" bytes="29414696" bytesdiscarded="61104" />
  <ownableSynchronizers candidates="7417" cleared="6266" />
  <references type="soft" candidates="954" cleared="0" enqueued="0" dynamicThreshold="19" maxThreshold="32" />
  <references type="weak" candidates="104" cleared="104" enqueued="0" />
</gc-op>
<gc-end id="2476" type="scavenge" contextid="2472" durationms="100.375" usertimems="742.504" systemtimems="0.000" timestamp="2020-09-11T10:51:08.475" activeThreads="8">
  <mem-info id="2477" free="1162962048" total="2836725760" percent="40">
    <mem type="nursery" free="689638392" total="939524096" percent="73">
      <mem type="allocate" free="689638392" total="804519936" percent="85" />
      <mem type="survivor" free="0" total="135004160" percent="0" />
    </mem>
    <mem type="tenure" free="473323656" total="1897201664" percent="24" macro-fragmented="201903">
      <mem type="soa" free="359490696" total="1783368704" percent="20" />
      <mem type="loa" free="113832960" total="113832960" percent="100" />
    </mem>
    <remembered-set count="28945" />
  </mem-info>
</gc-end>
<cycle-end id="2478" type="scavenge" contextid="2472" timestamp="2020-09-11T10:51:08.475" />
<allocation-satisfied id="2479" threadId="0000000000855600" bytesRequested="24" />
<af-end id="2480" timestamp="2020-09-11T10:51:08.475" threadId="0000000000855F80" success="true" from="nursery"/>
<exclusive-end id="2481" timestamp="2020-09-11T10:51:08.475" durationms="102.029" />

<exclusive-start id="2482" timestamp="2020-09-11T10:51:10.456" intervalms="2082.519">
  <response-info timems="1.611" idlems="1.410" threads="1" lastid="000000000088A300" lastname="Group1.Backend.CompositeBackend{Tier1}.6" />
</exclusive-start>
<af-start id="2483" threadId="0000000000892480" totalBytesRequested="16" timestamp="2020-09-11T10:51:10.456" intervalms="2082.460" type="nursery" />
<cycle-start id="2484" type="scavenge" contextid="0" timestamp="2020-09-11T10:51:10.457" intervalms="2082.455" />
<gc-start id="2485" type="scavenge" contextid="2484" timestamp="2020-09-11T10:51:10.457">
  <mem-info id="2486" free="473323656" total="2836725760" percent="16">
    <mem type="nursery" free="0" total="939524096" percent="0">
      <mem type="allocate" free="0" total="804519936" percent="0" />
      <mem type="survivor" free="0" total="135004160" percent="0" />
    </mem>
    <mem type="tenure" free="473323656" total="1897201664" percent="24">
      <mem type="soa" free="359490696" total="1783368704" percent="20" />
      <mem type="loa" free="113832960" total="113832960" percent="100" />
    </mem>
    <remembered-set count="192980" />
  </mem-info>
</gc-start>
<allocation-stats totalBytes="689308936" >
  <allocated-bytes non-tlh="33275040" tlh="656033896" />
  <largest-consumer threadName="Group1.Backend.CompositeBackend{Tier1}.3" threadId="0000000000808C00" bytes="93719264" />
</allocation-stats>
<gc-op id="2487" type="scavenge" timems="104.779" contextid="2484" timestamp="2020-09-11T10:51:10.562">
  <scavenger-info tenureage="3" tenuremask="7ff8" tiltratio="85" />
  <memory-copied type="nursery" objects="4267264" bytes="113558088" bytesdiscarded="131304" />
  <memory-copied type="tenure" objects="1101470" bytes="29644768" bytesdiscarded="70072" />
  <ownableSynchronizers candidates="7161" cleared="5932" />
  <references type="soft" candidates="996" cleared="0" enqueued="0" dynamicThreshold="19" maxThreshold="32" />
  <references type="weak" candidates="108" cleared="108" enqueued="0" />
</gc-op>
<gc-end id="2488" type="scavenge" contextid="2484" durationms="105.831" usertimems="759.919" systemtimems="0.000" timestamp="2020-09-11T10:51:10.563" activeThreads="8">
  <mem-info id="2489" free="1135720832" total="2836725760" percent="40">
    <mem type="nursery" free="692059384" total="939524096" percent="73">
      <mem type="allocate" free="692059384" total="805830656" percent="85" />
      <mem type="survivor" free="0" total="133693440" percent="0" />
    </mem>
    <mem type="tenure" free="443661448" total="1897201664" percent="23" macro-fragmented="5266">
      <mem type="soa" free="329828488" total="1783368704" percent="18" />
      <mem type="loa" free="113832960" total="113832960" percent="100" />
    </mem>
    <remembered-set count="31045" />
  </mem-info>
</gc-end>
<cycle-end id="2490" type="scavenge" contextid="2484" timestamp="2020-09-11T10:51:10.563" />
<allocation-satisfied id="2491" threadId="0000000000891B00" bytesRequested="16" />
<af-end id="2492" timestamp="2020-09-11T10:51:10.563" threadId="0000000000892480" success="true" from="nursery"/>
<exclusive-end id="2493" timestamp="2020-09-11T10:51:10.563" durationms="107.641" />

<exclusive-start id="2494" timestamp="2020-09-11T10:51:12.587" intervalms="2130.808">
  <response-info timems="0.480" idlems="0.480" threads="0" lastid="000000000089D400" lastname="Group1.Backend.CompositeBackend{Tier1}.8" />
</exclusive-start>
<af-start id="2495" threadId="000000000089DD80" totalBytesRequested="16" timestamp="2020-09-11T10:51:12.587" intervalms="2131.010" type="nursery" />
<cycle-start id="2496" type="scavenge" contextid="0" timestamp="2020-09-11T10:51:12.588" intervalms="2131.049" />
<gc-start id="2497" type="scavenge" contextid="2496" timestamp="2020-09-11T10:51:12.588">
  <mem-info id="2498" free="443661448" total="2836725760" percent="15">
    <mem type="nursery" free="0" total="939524096" percent="0">
      <mem type="allocate" free="0" total="805830656" percent="0" />
      <mem type="survivor" free="0" total="133693440" percent="0" />
    </mem>
    <mem type="tenure" free="443661448" total="1897201664" percent="23">
      <mem type="soa" free="329828488" total="1783368704" percent="18" />
      <mem type="loa" free="113832960" total="113832960" percent="100" />
    </mem>
    <remembered-set count="196387" />
  </mem-info>
</gc-start>
<allocation-stats totalBytes="691712960" >
  <allocated-bytes non-tlh="30981760" tlh="660731200" />
  <largest-consumer threadName="Group1.Backend.CompositeBackend{Tier1}.3" threadId="0000000000808C00" bytes="96092376" />
</allocation-stats>
<gc-op id="2499" type="scavenge" timems="117.028" contextid="2496" timestamp="2020-09-11T10:51:12.705">
  <scavenger-info tenureage="3" tenuremask="7ff8" tiltratio="85" />
  <memory-copied type="nursery" objects="4089535" bytes="109808032" bytesdiscarded="231400" />
  <memory-copied type="tenure" objects="1097151" bytes="29516464" bytesdiscarded="66424" />
  <ownableSynchronizers candidates="6371" cleared="5126" />
  <references type="soft" candidates="960" cleared="0" enqueued="0" dynamicThreshold="19" maxThreshold="32" />
  <references type="weak" candidates="118" cleared="117" enqueued="0" />
</gc-op>
<gc-end id="2500" type="scavenge" contextid="2496" durationms="118.105" usertimems="837.437" systemtimems="9.272" timestamp="2020-09-11T10:51:12.706" activeThreads="8">
  <mem-info id="2501" free="1111063536" total="2836725760" percent="39">
    <mem type="nursery" free="697015552" total="939524096" percent="74">
      <mem type="allocate" free="697015552" total="807141376" percent="86" />
      <mem type="survivor" free="0" total="132382720" percent="0" />
    </mem>
    <mem type="tenure" free="414047984" total="1897201664" percent="21" macro-fragmented="0">
      <mem type="soa" free="300215024" total="1783368704" percent="16" />
      <mem type="loa" free="113832960" total="113832960" percent="100" />
    </mem>
    <remembered-set count="33173" />
  </mem-info>
</gc-end>
<cycle-end id="2502" type="scavenge" contextid="2496" timestamp="2020-09-11T10:51:12.709" />
<allocation-satisfied id="2503" threadId="000000000089D400" bytesRequested="16" />
<af-end id="2504" timestamp="2020-09-11T10:51:12.710" threadId="000000000089DD80" success="true" from="nursery"/>
<exclusive-end id="2505" timestamp="2020-09-11T10:51:12.710" durationms="122.972" />

<exclusive-start id="2506" timestamp="2020-09-11T10:51:14.624" intervalms="2037.529">
  <response-info timems="0.488" idlems="0.250" threads="1" lastid="000000000088A300" lastname="Group1.Backend.CompositeBackend{Tier1}.6" />
</exclusive-start>
<af-start id="2507" threadId="0000000000855480" totalBytesRequested="16" timestamp="2020-09-11T10:51:14.625" intervalms="2037.533" type="nursery" />
<cycle-start id="2508" type="scavenge" contextid="0" timestamp="2020-09-11T10:51:14.625" intervalms="2037.536" />
<gc-start id="2509" type="scavenge" contextid="2508" timestamp="2020-09-11T10:51:14.626">
  <mem-info id="2510" free="414047984" total="2836725760" percent="14">
    <mem type="nursery" free="0" total="939524096" percent="0">
      <mem type="allocate" free="0" total="807141376" percent="0" />
      <mem type="survivor" free="0" total="132382720" percent="0" />
    </mem>
    <mem type="tenure" free="414047984" total="1897201664" percent="21">
      <mem type="soa" free="300215024" total="1783368704" percent="16" />
      <mem type="loa" free="113832960" total="113832960" percent="100" />
    </mem>
    <remembered-set count="194707" />
  </mem-info>
</gc-start>
<allocation-stats totalBytes="696696184" >
  <allocated-bytes non-tlh="39050056" tlh="657646128" />
  <largest-consumer threadName="Group1.Backend.CompositeBackend{Tier1}.3" threadId="0000000000808C00" bytes="92804624" />
</allocation-stats>
<gc-op id="2511" type="scavenge" timems="102.254" contextid="2508" timestamp="2020-09-11T10:51:14.728">
  <scavenger-info tenureage="3" tenuremask="7ff8" tiltratio="85" />
  <memory-copied type="nursery" objects="4062603" bytes="109053296" bytesdiscarded="225744" />
  <memory-copied type="tenure" objects="1098837" bytes="29545552" bytesdiscarded="78504" />
  <ownableSynchronizers candidates="6183" cleared="4998" />
  <references type="soft" candidates="908" cleared="0" enqueued="0" dynamicThreshold="19" maxThreshold="32" />
  <references type="weak" candidates="118" cleared="118" enqueued="0" />
</gc-op>
<gc-end id="2512" type="scavenge" contextid="2508" durationms="103.382" usertimems="732.989" systemtimems="0.000" timestamp="2020-09-11T10:51:14.729" activeThreads="8">
  <mem-info id="2513" free="1084065448" total="2836725760" percent="38">
    <mem type="nursery" free="699679488" total="939524096" percent="74">
      <mem type="allocate" free="699679488" total="809041920" percent="86" />
      <mem type="survivor" free="0" total="130482176" percent="0" />
    </mem>
    <mem type="tenure" free="384385960" total="1897201664" percent="20" macro-fragmented="0">
      <mem type="soa" free="270553000" total="1783368704" percent="15" />
      <mem type="loa" free="113832960" total="113832960" percent="100" />
    </mem>
    <remembered-set count="33030" />
  </mem-info>
</gc-end>
<cycle-end id="2514" type="scavenge" contextid="2508" timestamp="2020-09-11T10:51:14.730" />
<allocation-satisfied id="2515" threadId="0000000000854B00" bytesRequested="16" />
<af-end id="2516" timestamp="2020-09-11T10:51:14.730" threadId="0000000000855480" success="true" from="nursery"/>
<exclusive-end id="2517" timestamp="2020-09-11T10:51:14.730" durationms="105.882" />

<exclusive-start id="2518" timestamp="2020-09-11T10:51:16.775" intervalms="2150.873">
  <response-info timems="0.645" idlems="0.645" threads="0" lastid="000000000089D400" lastname="Group1.Backend.CompositeBackend{Tier1}.8" />
</exclusive-start>
<af-start id="2519" threadId="000000000089DD80" totalBytesRequested="32" timestamp="2020-09-11T10:51:16.776" intervalms="2150.886" type="nursery" />
<cycle-start id="2520" type="scavenge" contextid="0" timestamp="2020-09-11T10:51:16.776" intervalms="2150.881" />
<gc-start id="2521" type="scavenge" contextid="2520" timestamp="2020-09-11T10:51:16.776">
  <mem-info id="2522" free="384385960" total="2836725760" percent="13">
    <mem type="nursery" free="0" total="939524096" percent="0">
      <mem type="allocate" free="0" total="809041920" percent="0" />
      <mem type="survivor" free="0" total="130482176" percent="0" />
    </mem>
    <mem type="tenure" free="384385960" total="1897201664" percent="20">
      <mem type="soa" free="270553000" total="1783368704" percent="15" />
      <mem type="loa" free="113832960" total="113832960" percent="100" />
    </mem>
    <remembered-set count="199511" />
  </mem-info>
</gc-start>
<allocation-stats totalBytes="699314592" >
  <allocated-bytes non-tlh="31271432" tlh="668043160" />
  <largest-consumer threadName="Group1.Backend.CompositeBackend{Tier1}.3" threadId="0000000000808C00" bytes="89557544" />
</allocation-stats>
<gc-op id="2523" type="scavenge" timems="110.065" contextid="2520" timestamp="2020-09-11T10:51:16.887">
  <scavenger-info tenureage="3" tenuremask="7ff8" tiltratio="86" />
  <memory-copied type="nursery" objects="4117340" bytes="110501160" bytesdiscarded="169896" />
  <memory-copied type="tenure" objects="1096033" bytes="29459912" bytesdiscarded="83760" />
  <ownableSynchronizers candidates="5108" cleared="4070" />
  <references type="soft" candidates="830" cleared="0" enqueued="0" dynamicThreshold="19" maxThreshold="32" />
  <references type="weak" candidates="118" cleared="118" enqueued="0" />
</gc-op>
<gc-end id="2524" type="scavenge" contextid="2520" durationms="111.238" usertimems="784.392" systemtimems="6.038" timestamp="2020-09-11T10:51:16.887" activeThreads="8">
  <mem-info id="2525" free="1054193536" total="2836725760" percent="37">
    <mem type="nursery" free="699263232" total="939524096" percent="74">
      <mem type="allocate" free="699263232" total="810024960" percent="86" />
      <mem type="survivor" free="0" total="129499136" percent="0" />
    </mem>
    <mem type="tenure" free="354930304" total="1897201664" percent="18" macro-fragmented="0">
      <mem type="soa" free="241097344" total="1783368704" percent="13" />
      <mem type="loa" free="113832960" total="113832960" percent="100" />
    </mem>
    <remembered-set count="32436" />
  </mem-info>
</gc-end>
<cycle-end id="2526" type="scavenge" contextid="2520" timestamp="2020-09-11T10:51:16.889" />
<allocation-satisfied id="2527" threadId="000000000089D400" bytesRequested="32" />
<af-end id="2528" timestamp="2020-09-11T10:51:16.889" threadId="000000000089DD80" success="true" from="nursery"/>
<exclusive-end id="2529" timestamp="2020-09-11T10:51:16.889" durationms="113.680" />

<exclusive-start id="2530" timestamp="2020-09-11T10:51:18.916" intervalms="2141.002">
  <response-info timems="0.461" idlems="0.461" threads="0" lastid="0000000000891B00" lastname="Group1.Backend.CompositeBackend{Tier1}.7" />
</exclusive-start>
<af-start id="2531" threadId="0000000000892480" totalBytesRequested="16" timestamp="2020-09-11T10:51:18.917" intervalms="2140.978" type="nursery" />
<cycle-start id="2532" type="scavenge" contextid="0" timestamp="2020-09-11T10:51:18.917" intervalms="2141.072" />
<gc-start id="2533" type="scavenge" contextid="2532" timestamp="2020-09-11T10:51:18.917">
  <mem-info id="2534" free="354930304" total="2836725760" percent="12">
    <mem type="nursery" free="0" total="939524096" percent="0">
      <mem type="allocate" free="0" total="810024960" percent="0" />
      <mem type="survivor" free="0" total="129499136" percent="0" />
    </mem>
    <mem type="tenure" free="354930304" total="1897201664" percent="18">
      <mem type="soa" free="241097344" total="1783368704" percent="13" />
      <mem type="loa" free="113832960" total="113832960" percent="100" />
    </mem>
    <remembered-set count="196969" />
  </mem-info>
</gc-start>
<allocation-stats totalBytes="698918352" >
  <allocated-bytes non-tlh="33519192" tlh="665399160" />
  <largest-consumer threadName="Group1.Backend.CompositeBackend{Tier1}.7" threadId="0000000000891B00" bytes="96221520" />
</allocation-stats>
<gc-op id="2535" type="scavenge" timems="104.118" contextid="2532" timestamp="2020-09-11T10:51:19.022">
  <scavenger-info tenureage="3" tenuremask="7ff8" tiltratio="86" />
  <memory-copied type="nursery" objects="4120453" bytes="110489936" bytesdiscarded="297584" />
  <memory-copied type="tenure" objects="1106847" bytes="29761472" bytesdiscarded="87736" />
  <ownableSynchronizers candidates="5407" cleared="4488" />
  <references type="soft" candidates="802" cleared="0" enqueued="0" dynamicThreshold="19" maxThreshold="32" />
  <references type="weak" candidates="102" cleared="102" enqueued="0" />
</gc-op>
<gc-end id="2536" type="scavenge" contextid="2532" durationms="105.183" usertimems="753.643" systemtimems="0.134" timestamp="2020-09-11T10:51:19.022" activeThreads="8">
  <mem-info id="2537" free="1025319328" total="2836725760" percent="36">
    <mem type="nursery" free="700270592" total="939524096" percent="74">
      <mem type="allocate" free="700270592" total="811139072" percent="86" />
      <mem type="survivor" free="0" total="128385024" percent="0" />
    </mem>
    <mem type="tenure" free="325048736" total="1897201664" percent="17" macro-fragmented="0">
      <mem type="soa" free="211215776" total="1783368704" percent="11" />
      <mem type="loa" free="113832960" total="113832960" percent="100" />
    </mem>
    <remembered-set count="32450" />
  </mem-info>
</gc-end>
<cycle-end id="2538" type="scavenge" contextid="2532" timestamp="2020-09-11T10:51:19.024" />
<allocation-satisfied id="2539" threadId="0000000000891B00" bytesRequested="16" />
<af-end id="2540" timestamp="2020-09-11T10:51:19.024" threadId="0000000000892480" success="true" from="nursery"/>
<exclusive-end id="2541" timestamp="2020-09-11T10:51:19.024" durationms="107.699" />

<exclusive-start id="2542" timestamp="2020-09-11T10:51:21.058" intervalms="2141.908">
  <response-info timems="0.329" idlems="0.329" threads="0" lastid="000000000077F200" lastname="Group1.Backend.CompositeBackend{Tier1}.2" />
</exclusive-start>
<af-start id="2543" threadId="000000000077FB80" totalBytesRequested="16" timestamp="2020-09-11T10:51:21.059" intervalms="2142.028" type="nursery" />
<cycle-start id="2544" type="scavenge" contextid="0" timestamp="2020-09-11T10:51:21.059" intervalms="2141.927" />
<gc-start id="2545" type="scavenge" contextid="2544" timestamp="2020-09-11T10:51:21.059">
  <mem-info id="2546" free="325048736" total="2836725760" percent="11">
    <mem type="nursery" free="0" total="939524096" percent="0">
      <mem type="allocate" free="0" total="811139072" percent="0" />
      <mem type="survivor" free="0" total="128385024" percent="0" />
    </mem>
    <mem type="tenure" free="325048736" total="1897201664" percent="17">
      <mem type="soa" free="211215776" total="1783368704" percent="11" />
      <mem type="loa" free="113832960" total="113832960" percent="100" />
    </mem>
    <remembered-set count="194758" />
  </mem-info>
</gc-start>
<allocation-stats totalBytes="699946656" >
  <allocated-bytes non-tlh="37121984" tlh="662824672" />
  <largest-consumer threadName="Group1.Backend.CompositeBackend{Tier1}.3" threadId="0000000000808C00" bytes="114347752" />
</allocation-stats>
<gc-op id="2547" type="scavenge" timems="117.256" contextid="2544" timestamp="2020-09-11T10:51:21.177">
  <scavenger-info tenureage="3" tenuremask="7ff8" tiltratio="86" />
  <memory-copied type="nursery" objects="4530661" bytes="119630504" bytesdiscarded="262728" />
  <memory-copied type="tenure" objects="1071053" bytes="28786120" bytesdiscarded="90592" />
  <ownableSynchronizers candidates="3205" cleared="2448" />
  <references type="soft" candidates="679" cleared="0" enqueued="0" dynamicThreshold="19" maxThreshold="32" />
  <references type="weak" candidates="131" cleared="131" enqueued="0" />
</gc-op>
<gc-end id="2548" type="scavenge" contextid="2544" durationms="118.371" usertimems="896.790" systemtimems="5.048" timestamp="2020-09-11T10:51:21.178" activeThreads="8">
  <mem-info id="2549" free="974640632" total="2836725760" percent="34">
    <mem type="nursery" free="678449392" total="939524096" percent="72">
      <mem type="allocate" free="678449392" total="798425088" percent="84" />
      <mem type="survivor" free="0" total="141099008" percent="0" />
    </mem>
    <mem type="tenure" free="296191240" total="1897201664" percent="15" macro-fragmented="0">
      <mem type="soa" free="182358280" total="1783368704" percent="10" />
      <mem type="loa" free="113832960" total="113832960" percent="100" />
    </mem>
    <remembered-set count="30857" />
  </mem-info>
</gc-end>
<cycle-end id="2550" type="scavenge" contextid="2544" timestamp="2020-09-11T10:51:21.180" />
<allocation-satisfied id="2551" threadId="000000000077F200" bytesRequested="16" />
<af-end id="2552" timestamp="2020-09-11T10:51:21.180" threadId="000000000077FB80" success="true" from="nursery"/>
<exclusive-end id="2553" timestamp="2020-09-11T10:51:21.180" durationms="121.985" />

<exclusive-start id="2554" timestamp="2020-09-11T10:51:23.145" intervalms="2086.759">
  <response-info timems="0.418" idlems="0.304" threads="1" lastid="000000000077FE00" lastname="Group1.Backend.CompositeBackend{Tier1}.1" />
</exclusive-start>
<af-start id="2555" threadId="000000000077FB80" totalBytesRequested="16" timestamp="2020-09-11T10:51:23.145" intervalms="2086.462" type="nursery" />
<cycle-start id="2556" type="scavenge" contextid="0" timestamp="2020-09-11T10:51:23.145" intervalms="2086.428" />
<gc-start id="2557" type="scavenge" contextid="2556" timestamp="2020-09-11T10:51:23.146">
  <mem-info id="2558" free="296191240" total="2836725760" percent="10">
    <mem type="nursery" free="0" total="939524096" percent="0">
      <mem type="allocate" free="0" total="798425088" percent="0" />
      <mem type="survivor" free="0" total="141099008" percent="0" />
    </mem>
    <mem type="tenure" free="296191240" total="1897201664" percent="15">
      <mem type="soa" free="182358280" total="1783368704" percent="10" />
      <mem type="loa" free="113832960" total="113832960" percent="100" />
    </mem>
    <remembered-set count="195266" />
  </mem-info>
</gc-start>
<allocation-stats totalBytes="678113664" >
  <allocated-bytes non-tlh="29056448" tlh="649057216" />
  <largest-consumer threadName="Group1.Backend.CompositeBackend{Tier1}.3" threadId="0000000000808C00" bytes="135271464" />
</allocation-stats>
<gc-op id="2559" type="scavenge" timems="106.761" contextid="2556" timestamp="2020-09-11T10:51:23.253">
  <scavenger-info tenureage="3" tenuremask="7ff8" tiltratio="84" />
  <memory-copied type="nursery" objects="4484260" bytes="118608808" bytesdiscarded="252840" />
  <memory-copied type="tenure" objects="1129035" bytes="30337464" bytesdiscarded="99648" />
  <ownableSynchronizers candidates="4339" cleared="3672" />
  <references type="soft" candidates="651" cleared="0" enqueued="0" dynamicThreshold="19" maxThreshold="32" />
  <references type="weak" candidates="108" cleared="108" enqueued="0" />
</gc-op>
<gc-end id="2560" type="scavenge" contextid="2556" durationms="107.946" usertimems="766.152" systemtimems="0.000" timestamp="2020-09-11T10:51:23.254" activeThreads="8">
  <mem-info id="2561" free="950874480" total="2836725760" percent="33">
    <mem type="nursery" free="685114344" total="939524096" percent="72">
      <mem type="allocate" free="685114344" total="804061184" percent="85" />
      <mem type="survivor" free="0" total="135462912" percent="0" />
    </mem>
    <mem type="tenure" free="265760136" total="1897201664" percent="14" macro-fragmented="0">
      <mem type="soa" free="151927176" total="1783368704" percent="8" />
      <mem type="loa" free="113832960" total="113832960" percent="100" />
    </mem>
    <remembered-set count="29740" />
  </mem-info>
</gc-end>
<cycle-end id="2562" type="scavenge" contextid="2556" timestamp="2020-09-11T10:51:23.254" />
<allocation-satisfied id="2563" threadId="000000000077F200" bytesRequested="16" />
<af-end id="2564" timestamp="2020-09-11T10:51:23.254" threadId="000000000077FB80" success="true" from="nursery"/>
<exclusive-end id="2565" timestamp="2020-09-11T10:51:23.254" durationms="109.563" />

<exclusive-start id="2566" timestamp="2020-09-11T10:51:25.263" intervalms="2118.767">
  <response-info timems="0.500" idlems="0.500" threads="0" lastid="0000000000891B00" lastname="Group1.Backend.CompositeBackend{Tier1}.7" />
</exclusive-start>
<af-start id="2567" threadId="0000000000892480" totalBytesRequested="664" timestamp="2020-09-11T10:51:25.264" intervalms="2118.810" type="nursery" />
<cycle-start id="2568" type="scavenge" contextid="0" timestamp="2020-09-11T10:51:25.264" intervalms="2118.839" />
<gc-start id="2569" type="scavenge" contextid="2568" timestamp="2020-09-11T10:51:25.265">
  <mem-info id="2570" free="265760136" total="2836725760" percent="9">
    <mem type="nursery" free="0" total="939524096" percent="0">
      <mem type="allocate" free="0" total="804061184" percent="0" />
      <mem type="survivor" free="0" total="135462912" percent="0" />
    </mem>
    <mem type="tenure" free="265760136" total="1897201664" percent="14">
      <mem type="soa" free="151927176" total="1783368704" percent="8" />
      <mem type="loa" free="113832960" total="113832960" percent="100" />
    </mem>
    <remembered-set count="193513" />
  </mem-info>
</gc-start>
<allocation-stats totalBytes="684796944" >
  <allocated-bytes non-tlh="33753640" tlh="651043304" />
  <largest-consumer threadName="Group1.Backend.CompositeBackend{Tier1}.3" threadId="0000000000808C00" bytes="105587448" />
</allocation-stats>
<gc-op id="2571" type="scavenge" timems="107.583" contextid="2568" timestamp="2020-09-11T10:51:25.372">
  <scavenger-info tenureage="3" tenuremask="7ff8" tiltratio="85" />
  <memory-copied type="nursery" objects="4160380" bytes="111521712" bytesdiscarded="290296" />
  <memory-copied type="tenure" objects="1097418" bytes="29499472" bytesdiscarded="101280" />
  <ownableSynchronizers candidates="4174" cleared="3536" />
  <references type="soft" candidates="609" cleared="0" enqueued="0" dynamicThreshold="19" maxThreshold="32" />
  <references type="weak" candidates="122" cleared="122" enqueued="0" />
</gc-op>
<gc-end id="2572" type="scavenge" contextid="2568" durationms="108.599" usertimems="810.862" systemtimems="6.154" timestamp="2020-09-11T10:51:25.373" activeThreads="8">
  <mem-info id="2573" free="928801912" total="2836725760" percent="32">
    <mem type="nursery" free="692687104" total="939524096" percent="73">
      <mem type="allocate" free="692687104" total="804585472" percent="86" />
      <mem type="survivor" free="0" total="134938624" percent="0" />
    </mem>
    <mem type="tenure" free="236114808" total="1897201664" percent="12" macro-fragmented="0">
      <mem type="soa" free="122281848" total="1783368704" percent="6" />
      <mem type="loa" free="113832960" total="113832960" percent="100" />
    </mem>
    <remembered-set count="30900" />
  </mem-info>
</gc-end>
<cycle-end id="2574" type="scavenge" contextid="2568" timestamp="2020-09-11T10:51:25.374" />
<allocation-satisfied id="2575" threadId="0000000000891B00" bytesRequested="664" />
<af-end id="2576" timestamp="2020-09-11T10:51:25.374" threadId="0000000000892480" success="true" from="nursery"/>
<exclusive-end id="2577" timestamp="2020-09-11T10:51:25.374" durationms="110.408" />

<exclusive-start id="2578" timestamp="2020-09-11T10:51:27.336" intervalms="2072.781">
  <response-info timems="0.438" idlems="0.438" threads="0" lastid="0000000000808C00" lastname="Group1.Backend.CompositeBackend{Tier1}.3" />
</exclusive-start>
<af-start id="2579" threadId="0000000000809580" totalBytesRequested="24" timestamp="2020-09-11T10:51:27.337" intervalms="2072.772" type="nursery" />
<cycle-start id="2580" type="scavenge" contextid="0" timestamp="2020-09-11T10:51:27.337" intervalms="2072.818" />
<gc-start id="2581" type="scavenge" contextid="2580" timestamp="2020-09-11T10:51:27.337">
  <mem-info id="2582" free="236114808" total="2836725760" percent="8">
    <mem type="nursery" free="0" total="939524096" percent="0">
      <mem type="allocate" free="0" total="804585472" percent="0" />
      <mem type="survivor" free="0" total="134938624" percent="0" />
    </mem>
    <mem type="tenure" free="236114808" total="1897201664" percent="12">
      <mem type="soa" free="122281848" total="1783368704" percent="6" />
      <mem type="loa" free="113832960" total="113832960" percent="100" />
    </mem>
    <remembered-set count="195004" />
  </mem-info>
</gc-start>
<allocation-stats totalBytes="692359384" >
  <allocated-bytes non-tlh="33599952" tlh="658759432" />
  <largest-consumer threadName="Group1.Backend.CompositeBackend{Tier1}.3" threadId="0000000000808C00" bytes="111627456" />
</allocation-stats>
<gc-op id="2583" type="scavenge" timems="100.474" contextid="2580" timestamp="2020-09-11T10:51:27.438">
  <scavenger-info tenureage="3" tenuremask="7ff8" tiltratio="85" />
  <memory-copied type="nursery" objects="4167251" bytes="111695880" bytesdiscarded="412896" />
  <memory-copied type="tenure" objects="1099629" bytes="29567144" bytesdiscarded="75944" />
  <ownableSynchronizers candidates="4345" cleared="3740" />
  <references type="soft" candidates="664" cleared="0" enqueued="0" dynamicThreshold="19" maxThreshold="32" />
  <references type="weak" candidates="113" cleared="113" enqueued="0" />
</gc-op>
<gc-end id="2584" type="scavenge" contextid="2580" durationms="101.638" usertimems="726.919" systemtimems="0.000" timestamp="2020-09-11T10:51:27.439" activeThreads="8">
  <mem-info id="2585" free="900840936" total="2836725760" percent="31">
    <mem type="nursery" free="694353664" total="939524096" percent="73">
      <mem type="allocate" free="694353664" total="806551552" percent="86" />
      <mem type="survivor" free="0" total="132972544" percent="0" />
    </mem>
    <mem type="tenure" free="206487272" total="1897201664" percent="10" macro-fragmented="0">
      <mem type="soa" free="92654312" total="1783368704" percent="5" />
      <mem type="loa" free="113832960" total="113832960" percent="100" />
    </mem>
    <remembered-set count="31906" />
  </mem-info>
</gc-end>
<cycle-end id="2586" type="scavenge" contextid="2580" timestamp="2020-09-11T10:51:27.439" />
<allocation-satisfied id="2587" threadId="0000000000808C00" bytesRequested="24" />
<af-end id="2588" timestamp="2020-09-11T10:51:27.439" threadId="0000000000809580" success="true" from="nursery"/>
<exclusive-end id="2589" timestamp="2020-09-11T10:51:27.439" durationms="103.242" />

<exclusive-start id="2590" timestamp="2020-09-11T10:51:29.434" intervalms="2098.074">
  <response-info timems="0.549" idlems="0.549" threads="0" lastid="000000000089D400" lastname="Group1.Backend.CompositeBackend{Tier1}.8" />
</exclusive-start>
<af-start id="2591" threadId="000000000089DD80" totalBytesRequested="16" timestamp="2020-09-11T10:51:29.435" intervalms="2098.127" type="nursery" />
<cycle-start id="2592" type="scavenge" contextid="0" timestamp="2020-09-11T10:51:29.435" intervalms="2098.053" />
<gc-start id="2593" type="scavenge" contextid="2592" timestamp="2020-09-11T10:51:29.436">
  <mem-info id="2594" free="206487272" total="2836725760" percent="7">
    <mem type="nursery" free="0" total="939524096" percent="0">
      <mem type="allocate" free="0" total="806551552" percent="0" />
      <mem type="survivor" free="0" total="132972544" percent="0" />
    </mem>
    <mem type="tenure" free="206487272" total="1897201664" percent="10">
      <mem type="soa" free="92654312" total="1783368704" percent="5" />
      <mem type="loa" free="113832960" total="113832960" percent="100" />
    </mem>
    <remembered-set count="195757" />
  </mem-info>
</gc-start>
<allocation-stats totalBytes="694020216" >
  <allocated-bytes non-tlh="33415840" tlh="660604376" />
  <largest-consumer threadName="Group1.Backend.CompositeBackend{Tier1}.3" threadId="0000000000808C00" bytes="116298336" />
</allocation-stats>
<gc-op id="2595" type="scavenge" timems="99.512" contextid="2592" timestamp="2020-09-11T10:51:29.535">
  <scavenger-info tenureage="3" tenuremask="7ff8" tiltratio="85" />
  <memory-copied type="nursery" objects="4088316" bytes="109585288" bytesdiscarded="123544" />
  <memory-copied type="tenure" objects="1126833" bytes="30312792" bytesdiscarded="56408" />
  <ownableSynchronizers candidates="4970" cleared="4284" />
  <references type="soft" candidates="699" cleared="0" enqueued="0" dynamicThreshold="19" maxThreshold="32" />
  <references type="weak" candidates="117" cleared="117" enqueued="0" />
</gc-op>
<gc-end id="2596" type="scavenge" contextid="2592" durationms="100.950" usertimems="726.771" systemtimems="0.000" timestamp="2020-09-11T10:51:29.536" activeThreads="8">
  <mem-info id="2597" free="874364344" total="2836725760" percent="30">
    <mem type="nursery" free="698335968" total="939524096" percent="74">
      <mem type="allocate" free="698335968" total="808124416" percent="86" />
      <mem type="survivor" free="0" total="131399680" percent="0" />
    </mem>
    <mem type="tenure" free="176028376" total="1897201664" percent="9" macro-fragmented="0">
      <mem type="soa" free="62195416" total="1783368704" percent="3" />
      <mem type="loa" free="113832960" total="113832960" percent="100" />
    </mem>
    <remembered-set count="33198" />
  </mem-info>
</gc-end>
<cycle-end id="2598" type="scavenge" contextid="2592" timestamp="2020-09-11T10:51:29.537" />
<allocation-satisfied id="2599" threadId="000000000089D400" bytesRequested="16" />
<af-end id="2600" timestamp="2020-09-11T10:51:29.537" threadId="000000000089DD80" success="true" from="nursery"/>
<exclusive-end id="2601" timestamp="2020-09-11T10:51:29.537" durationms="102.687" />

<exclusive-start id="2602" timestamp="2020-09-11T10:51:31.660" intervalms="2226.133">
  <response-info timems="0.684" idlems="0.684" threads="0" lastid="000000000077FE00" lastname="Group1.Backend.CompositeBackend{Tier1}.1" />
</exclusive-start>
<af-start id="2603" threadId="0000000000780780" totalBytesRequested="96" timestamp="2020-09-11T10:51:31.661" intervalms="2226.061" type="nursery" />
<cycle-start id="2604" type="scavenge" contextid="0" timestamp="2020-09-11T10:51:31.661" intervalms="2226.069" />
<gc-start id="2605" type="scavenge" contextid="2604" timestamp="2020-09-11T10:51:31.662">
  <mem-info id="2606" free="176028376" total="2836725760" percent="6">
    <mem type="nursery" free="0" total="939524096" percent="0">
      <mem type="allocate" free="0" total="808124416" percent="0" />
      <mem type="survivor" free="0" total="131399680" percent="0" />
    </mem>
    <mem type="tenure" free="176028376" total="1897201664" percent="9">
      <mem type="soa" free="62195416" total="1783368704" percent="3" />
      <mem type="loa" free="113832960" total="113832960" percent="100" />
    </mem>
    <remembered-set count="199169" />
  </mem-info>
</gc-start>
<allocation-stats totalBytes="697996792" >
  <allocated-bytes non-tlh="27499576" tlh="670497216" />
  <largest-consumer threadName="Group1.Backend.CompositeBackend{Tier1}.3" threadId="0000000000808C00" bytes="105965328" />
</allocation-stats>
<gc-op id="2607" type="scavenge" timems="86.023" contextid="2604" timestamp="2020-09-11T10:51:31.748">
  <scavenger-info tenureage="3" tenuremask="7ff8" tiltratio="86" />
  <memory-copied type="nursery" objects="4158743" bytes="111566144" bytesdiscarded="162560" />
  <memory-copied type="tenure" objects="1087365" bytes="29211536" bytesdiscarded="39616" />
  <ownableSynchronizers candidates="5989" cleared="5236" />
  <references type="soft" candidates="767" cleared="0" enqueued="0" dynamicThreshold="19" maxThreshold="32" />
  <references type="weak" candidates="79" cleared="79" enqueued="0" />
</gc-op>
<gc-end id="2608" type="scavenge" contextid="2604" durationms="87.324" usertimems="679.856" systemtimems="0.000" timestamp="2020-09-11T10:51:31.749" activeThreads="8">
  <mem-info id="2609" free="843823144" total="2836725760" percent="29">
    <mem type="nursery" free="697093120" total="939524096" percent="74">
      <mem type="allocate" free="697093120" total="808910848" percent="86" />
      <mem type="survivor" free="0" total="130613248" percent="0" />
    </mem>
    <mem type="tenure" free="146730024" total="1897201664" percent="7" macro-fragmented="0">
      <mem type="soa" free="32897064" total="1783368704" percent="1" />
      <mem type="loa" free="113832960" total="113832960" percent="100" />
    </mem>
    <remembered-set count="31095" />
  </mem-info>
</gc-end>
<cycle-end id="2610" type="scavenge" contextid="2604" timestamp="2020-09-11T10:51:31.749" />
<allocation-satisfied id="2611" threadId="000000000077FE00" bytesRequested="96" />
<af-end id="2612" timestamp="2020-09-11T10:51:31.749" threadId="0000000000780780" success="true" from="nursery"/>
<exclusive-end id="2613" timestamp="2020-09-11T10:51:31.749" durationms="89.011" />

<exclusive-start id="2614" timestamp="2020-09-11T10:51:33.763" intervalms="2102.920">
  <response-info timems="2.766" idlems="2.766" threads="0" lastid="000000000089D400" lastname="Group1.Backend.CompositeBackend{Tier1}.8" />
</exclusive-start>
<af-start id="2615" threadId="000000000089DD80" totalBytesRequested="96" timestamp="2020-09-11T10:51:33.764" intervalms="2102.898" type="nursery" />
<cycle-start id="2616" type="scavenge" contextid="0" timestamp="2020-09-11T10:51:33.764" intervalms="2102.891" />
<gc-start id="2617" type="scavenge" contextid="2616" timestamp="2020-09-11T10:51:33.764">
  <mem-info id="2618" free="146730024" total="2836725760" percent="5">
    <mem type="nursery" free="0" total="939524096" percent="0">
      <mem type="allocate" free="0" total="808910848" percent="0" />
      <mem type="survivor" free="0" total="130613248" percent="0" />
    </mem>
    <mem type="tenure" free="146730024" total="1897201664" percent="7">
      <mem type="soa" free="32897064" total="1783368704" percent="1" />
      <mem type="loa" free="113832960" total="113832960" percent="100" />
    </mem>
    <remembered-set count="192294" />
  </mem-info>
</gc-start>
<allocation-stats totalBytes="696783648" >
  <allocated-bytes non-tlh="35491520" tlh="661292128" />
  <largest-consumer threadName="Group1.Backend.CompositeBackend{Tier1}.1" threadId="000000000077FE00" bytes="118320736" />
</allocation-stats>
<gc-op id="2619" type="scavenge" timems="97.608" contextid="2616" timestamp="2020-09-11T10:51:33.862">
  <scavenger-info tenureage="3" tenuremask="7ff8" tiltratio="86" />
  <memory-copied type="nursery" objects="4130937" bytes="111027832" bytesdiscarded="208376" />
  <memory-copied type="tenure" objects="1102938" bytes="29634392" bytesdiscarded="22464" />
  <ownableSynchronizers candidates="5638" cleared="4828" />
  <references type="soft" candidates="823" cleared="0" enqueued="0" dynamicThreshold="19" maxThreshold="32" />
  <references type="weak" candidates="112" cleared="112" enqueued="0" />
</gc-op>
<gc-end id="2620" type="scavenge" contextid="2616" durationms="98.848" usertimems="705.478" systemtimems="2.603" timestamp="2020-09-11T10:51:33.863" activeThreads="8">
  <mem-info id="2621" free="815691024" total="2836725760" percent="28">
    <mem type="nursery" free="698765824" total="939524096" percent="74">
      <mem type="allocate" free="698765824" total="810090496" percent="86" />
      <mem type="survivor" free="0" total="129433600" percent="0" />
    </mem>
    <mem type="tenure" free="116925200" total="1897201664" percent="6" macro-fragmented="23113062">
      <mem type="soa" free="3092240" total="1783368704" percent="0" />
      <mem type="loa" free="113832960" total="113832960" percent="100" />
    </mem>
    <remembered-set count="29045" />
  </mem-info>
</gc-end>
<cycle-end id="2622" type="scavenge" contextid="2616" timestamp="2020-09-11T10:51:33.864" />
<allocation-satisfied id="2623" threadId="000000000089D400" bytesRequested="96" />
<af-end id="2624" timestamp="2020-09-11T10:51:33.864" threadId="000000000089DD80" success="true" from="nursery"/>
<exclusive-end id="2625" timestamp="2020-09-11T10:51:33.864" durationms="100.599" />

<exclusive-start id="2626" timestamp="2020-09-11T10:51:35.901" intervalms="2138.030">
  <response-info timems="0.511" idlems="0.304" threads="2" lastid="0000000000855600" lastname="Group1.Backend.CompositeBackend{Tier1}.5" />
</exclusive-start>
<af-start id="2627" threadId="000000000089DD80" totalBytesRequested="40" timestamp="2020-09-11T10:51:35.902" intervalms="2138.043" type="nursery" />
<percolate-collect id="2628" from="nursery" to="global" reason="prevent tenure expand" timestamp="2020-09-11T10:51:35.902"/>
<cycle-start id="2629" type="global" contextid="0" timestamp="2020-09-11T10:51:35.902" intervalms="72681.833" />
<gc-start id="2630" type="global" contextid="2629" timestamp="2020-09-11T10:51:35.903">
  <mem-info id="2631" free="116925200" total="2836725760" percent="4">
    <mem type="nursery" free="0" total="939524096" percent="0">
      <mem type="allocate" free="0" total="810090496" percent="0" />
      <mem type="survivor" free="0" total="129433600" percent="0" />
    </mem>
    <mem type="tenure" free="116925200" total="1897201664" percent="6">
      <mem type="soa" free="3092240" total="1783368704" percent="0" />
      <mem type="loa" free="113832960" total="113832960" percent="100" />
    </mem>
    <remembered-set count="196523" />
  </mem-info>
</gc-start>
<allocation-stats totalBytes="698443440" >
  <allocated-bytes non-tlh="28967856" tlh="669475584" />
  <largest-consumer threadName="Group1.Backend.CompositeBackend{Tier1}.8" threadId="000000000089D400" bytes="119207304" />
</allocation-stats>
<gc-op id="2632" type="mark" timems="509.332" contextid="2629" timestamp="2020-09-11T10:51:36.412">
  <trace-info objectcount="30660743" scancount="29681472" scanbytes="811663004" />
  <finalization candidates="147" enqueued="0" />
  <ownableSynchronizers candidates="581976" cleared="4888" />
  <references type="soft" candidates="698200" cleared="0" enqueued="0" dynamicThreshold="19" maxThreshold="32" />
  <references type="weak" candidates="4409" cleared="126" enqueued="0" />
  <references type="phantom" candidates="106" cleared="0" enqueued="0" />
  <stringconstants candidates="11194" cleared="1"  />
</gc-op>
<gc-op id="2633" type="sweep" timems="10.781" contextid="2629" timestamp="2020-09-11T10:51:36.423" />
<gc-end id="2634" type="global" contextid="2629" durationms="521.025" usertimems="3882.678" systemtimems="0.000" timestamp="2020-09-11T10:51:36.423" activeThreads="8">
  <mem-info id="2635" free="1730343240" total="2836725760" percent="60">
    <mem type="nursery" free="609681576" total="939524096" percent="64">
      <mem type="allocate" free="609681576" total="810090496" percent="75" />
      <mem type="survivor" free="0" total="129433600" percent="0" />
    </mem>
    <mem type="tenure" free="1120661664" total="1897201664" percent="59" micro-fragmented="39392273" macro-fragmented="0">
      <mem type="soa" free="1006828704" total="1783368704" percent="56" />
      <mem type="loa" free="113832960" total="113832960" percent="100" />
    </mem>
    <remembered-set count="190486" />
  </mem-info>
</gc-end>
<cycle-end id="2636" type="global" contextid="2629" timestamp="2020-09-11T10:51:36.424" />
<allocation-satisfied id="2637" threadId="000000000089D400" bytesRequested="40" />
<af-end id="2638" timestamp="2020-09-11T10:51:36.424" threadId="000000000089DD80" success="true" from="nursery"/>
<exclusive-end id="2639" timestamp="2020-09-11T10:51:36.424" durationms="522.456" />

<exclusive-start id="2640" timestamp="2020-09-11T10:51:37.726" intervalms="1824.208">
  <response-info timems="0.249" idlems="0.249" threads="0" lastid="000000000089D400" lastname="Group1.Backend.CompositeBackend{Tier1}.8" />
</exclusive-start>
<af-start id="2641" threadId="000000000089DD80" totalBytesRequested="524296" timestamp="2020-09-11T10:51:37.726" intervalms="1824.210" type="nursery" />
<cycle-start id="2642" type="scavenge" contextid="0" timestamp="2020-09-11T10:51:37.726" intervalms="3962.250" />
<gc-start id="2643" type="scavenge" contextid="2642" timestamp="2020-09-11T10:51:37.727">
  <mem-info id="2644" free="1131609896" total="2836725760" percent="39">
    <mem type="nursery" free="10948280" total="939524096" percent="1">
      <mem type="allocate" free="10948280" total="810090496" percent="1" />
      <mem type="survivor" free="0" total="129433600" percent="0" />
    </mem>
    <mem type="tenure" free="1120661616" total="1897201664" percent="59">
      <mem type="soa" free="1006828656" total="1783368704" percent="56" />
      <mem type="loa" free="113832960" total="113832960" percent="100" />
    </mem>
    <remembered-set count="243705" />
  </mem-info>
</gc-start>
<allocation-stats totalBytes="596505176" >
  <allocated-bytes non-tlh="37659208" tlh="558845968" />
  <largest-consumer threadName="Group1.Backend.CompositeBackend{Tier1}.8" threadId="000000000089D400" bytes="98390704" />
</allocation-stats>
<gc-op id="2645" type="scavenge" timems="125.193" contextid="2642" timestamp="2020-09-11T10:51:37.852">
  <scavenger-info tenureage="3" tenuremask="7ff8" tiltratio="86" />
  <memory-copied type="nursery" objects="4817878" bytes="129248296" bytesdiscarded="38072" />
  <memory-copied type="tenure" objects="1384524" bytes="36854344" bytesdiscarded="58360" />
  <copy-failed type="nursery" objects="384307" bytes="9976000" />
  <finalization candidates="2" enqueued="0" />
  <ownableSynchronizers candidates="1156945" cleared="1156038" />
  <references type="soft" candidates="769" cleared="0" enqueued="0" dynamicThreshold="18" maxThreshold="32" />
  <references type="weak" candidates="111" cleared="109" enqueued="0" />
</gc-op>
<gc-end id="2646" type="scavenge" contextid="2642" durationms="126.308" usertimems="984.320" systemtimems="0.000" timestamp="2020-09-11T10:51:37.853" activeThreads="8">
  <mem-info id="2647" free="1706198640" total="2836725760" percent="60">
    <mem type="nursery" free="622526464" total="939524096" percent="66">
      <mem type="allocate" free="622526464" total="751960064" percent="82" />
      <mem type="survivor" free="0" total="187564032" percent="0" />
    </mem>
    <mem type="tenure" free="1083672176" total="1897201664" percent="57" macro-fragmented="0">
      <mem type="soa" free="969839216" total="1783368704" percent="54" />
      <mem type="loa" free="113832960" total="113832960" percent="100" />
    </mem>
    <remembered-set count="39110" />
  </mem-info>
</gc-end>
<cycle-end id="2648" type="scavenge" contextid="2642" timestamp="2020-09-11T10:51:37.853" />
<allocation-satisfied id="2649" threadId="000000000089D400" bytesRequested="524296" />
<af-end id="2650" timestamp="2020-09-11T10:51:37.853" threadId="000000000089DD80" success="true" from="nursery"/>
<exclusive-end id="2651" timestamp="2020-09-11T10:51:37.853" durationms="127.902" />

<exclusive-start id="2652" timestamp="2020-09-11T10:51:39.618" intervalms="1892.052">
  <response-info timems="0.513" idlems="0.513" threads="0" lastid="0000000000808C00" lastname="Group1.Backend.CompositeBackend{Tier1}.3" />
</exclusive-start>
<af-start id="2653" threadId="0000000000809580" totalBytesRequested="16" timestamp="2020-09-11T10:51:39.618" intervalms="1892.026" type="nursery" />
<cycle-start id="2654" type="scavenge" contextid="0" timestamp="2020-09-11T10:51:39.618" intervalms="1892.038" />
<gc-start id="2655" type="scavenge" contextid="2654" timestamp="2020-09-11T10:51:39.619">
  <mem-info id="2656" free="1083672176" total="2836725760" percent="38">
    <mem type="nursery" free="0" total="939524096" percent="0">
      <mem type="allocate" free="0" total="751960064" percent="0" />
      <mem type="survivor" free="0" total="187564032" percent="0" />
    </mem>
    <mem type="tenure" free="1083672176" total="1897201664" percent="57">
      <mem type="soa" free="969839216" total="1783368704" percent="54" />
      <mem type="loa" free="113832960" total="113832960" percent="100" />
    </mem>
    <remembered-set count="195314" />
  </mem-info>
</gc-start>
<allocation-stats totalBytes="622230544" >
  <allocated-bytes non-tlh="27605488" tlh="594625056" />
  <largest-consumer threadName="Group1.Backend.CompositeBackend{Tier1}.8" threadId="000000000089D400" bytes="124592248" />
</allocation-stats>
<gc-op id="2657" type="scavenge" timems="124.891" contextid="2654" timestamp="2020-09-11T10:51:39.744">
  <scavenger-info tenureage="3" tenuremask="7ff8" tiltratio="80" />
  <memory-copied type="nursery" objects="4698524" bytes="126408008" bytesdiscarded="159552" />
  <memory-copied type="tenure" objects="948879" bytes="25624216" bytesdiscarded="45280" />
  <finalization candidates="2" enqueued="0" />
  <ownableSynchronizers candidates="4543" cleared="3808" />
  <references type="soft" candidates="726" cleared="0" enqueued="0" dynamicThreshold="18" maxThreshold="32" />
  <references type="weak" candidates="119" cleared="117" enqueued="0" />
</gc-op>
<gc-end id="2658" type="scavenge" contextid="2654" durationms="125.682" usertimems="853.027" systemtimems="4.287" timestamp="2020-09-11T10:51:39.744" activeThreads="8">
  <mem-info id="2659" free="1689435936" total="2836725760" percent="59">
    <mem type="nursery" free="631670784" total="939524096" percent="67">
      <mem type="allocate" free="631670784" total="758317056" percent="83" />
      <mem type="survivor" free="0" total="181207040" percent="0" />
    </mem>
    <mem type="tenure" free="1057765152" total="1897201664" percent="55" macro-fragmented="0">
      <mem type="soa" free="943932192" total="1783368704" percent="52" />
      <mem type="loa" free="113832960" total="113832960" percent="100" />
    </mem>
    <remembered-set count="39298" />
  </mem-info>
</gc-end>
<cycle-end id="2660" type="scavenge" contextid="2654" timestamp="2020-09-11T10:51:39.745" />
<allocation-satisfied id="2661" threadId="0000000000808C00" bytesRequested="16" />
<af-end id="2662" timestamp="2020-09-11T10:51:39.745" threadId="0000000000809580" success="true" from="nursery"/>
<exclusive-end id="2663" timestamp="2020-09-11T10:51:39.745" durationms="127.265" />

<exclusive-start id="2664" timestamp="2020-09-11T10:51:41.563" intervalms="1945.085">
  <response-info timems="0.279" idlems="0.279" threads="0" lastid="0000000000891B00" lastname="Group1.Backend.CompositeBackend{Tier1}.7" />
</exclusive-start>
<af-start id="2665" threadId="0000000000892480" totalBytesRequested="16" timestamp="2020-09-11T10:51:41.563" intervalms="1945.155" type="nursery" />
<cycle-start id="2666" type="scavenge" contextid="0" timestamp="2020-09-11T10:51:41.564" intervalms="1945.146" />
<gc-start id="2667" type="scavenge" contextid="2666" timestamp="2020-09-11T10:51:41.564">
  <mem-info id="2668" free="1057765152" total="2836725760" percent="37">
    <mem type="nursery" free="0" total="939524096" percent="0">
      <mem type="allocate" free="0" total="758317056" percent="0" />
      <mem type="survivor" free="0" total="181207040" percent="0" />
    </mem>
    <mem type="tenure" free="1057765152" total="1897201664" percent="55">
      <mem type="soa" free="943932192" total="1783368704" percent="52" />
      <mem type="loa" free="113832960" total="113832960" percent="100" />
    </mem>
    <remembered-set count="196405" />
  </mem-info>
</gc-start>
<allocation-stats totalBytes="631363728" >
  <allocated-bytes non-tlh="28056408" tlh="603307320" />
  <largest-consumer threadName="Group1.Backend.CompositeBackend{Tier1}.8" threadId="000000000089D400" bytes="95642088" />
</allocation-stats>
<gc-op id="2669" type="scavenge" timems="111.388" contextid="2666" timestamp="2020-09-11T10:51:41.675">
  <scavenger-info tenureage="3" tenuremask="7ff8" tiltratio="80" />
  <memory-copied type="nursery" objects="4777542" bytes="128440824" bytesdiscarded="262632" />
  <memory-copied type="tenure" objects="894913" bytes="24160400" bytesdiscarded="39128" />
  <finalization candidates="2" enqueued="0" />
  <ownableSynchronizers candidates="3872" cleared="3196" />
  <references type="soft" candidates="681" cleared="0" enqueued="0" dynamicThreshold="18" maxThreshold="32" />
  <references type="weak" candidates="105" cleared="103" enqueued="0" />
</gc-op>
<gc-end id="2670" type="scavenge" contextid="2666" durationms="112.204" usertimems="811.434" systemtimems="0.000" timestamp="2020-09-11T10:51:41.676" activeThreads="8">
  <mem-info id="2671" free="1670050200" total="2836725760" percent="58">
    <mem type="nursery" free="636548096" total="939524096" percent="67">
      <mem type="allocate" free="636548096" total="765329408" percent="83" />
      <mem type="survivor" free="0" total="174194688" percent="0" />
    </mem>
    <mem type="tenure" free="1033502104" total="1897201664" percent="54" macro-fragmented="0">
      <mem type="soa" free="919669144" total="1783368704" percent="51" />
      <mem type="loa" free="113832960" total="113832960" percent="100" />
    </mem>
    <remembered-set count="38655" />
  </mem-info>
</gc-end>
<cycle-end id="2672" type="scavenge" contextid="2666" timestamp="2020-09-11T10:51:41.677" />
<allocation-satisfied id="2673" threadId="0000000000891B00" bytesRequested="16" />
<af-end id="2674" timestamp="2020-09-11T10:51:41.677" threadId="0000000000892480" success="true" from="nursery"/>
<exclusive-end id="2675" timestamp="2020-09-11T10:51:41.677" durationms="113.894" />

<exclusive-start id="2676" timestamp="2020-09-11T10:51:43.431" intervalms="1867.820">
  <response-info timems="1.494" idlems="1.494" threads="0" lastid="000000000088A300" lastname="Group1.Backend.CompositeBackend{Tier1}.6" />
</exclusive-start>
<af-start id="2677" threadId="000000000088AC80" totalBytesRequested="96" timestamp="2020-09-11T10:51:43.431" intervalms="1867.710" type="nursery" />
<cycle-start id="2678" type="scavenge" contextid="0" timestamp="2020-09-11T10:51:43.431" intervalms="1867.719" />
<gc-start id="2679" type="scavenge" contextid="2678" timestamp="2020-09-11T10:51:43.432">
  <mem-info id="2680" free="1033502104" total="2836725760" percent="36">
    <mem type="nursery" free="0" total="939524096" percent="0">
      <mem type="allocate" free="0" total="765329408" percent="0" />
      <mem type="survivor" free="0" total="174194688" percent="0" />
    </mem>
    <mem type="tenure" free="1033502104" total="1897201664" percent="54">
      <mem type="soa" free="919669144" total="1783368704" percent="51" />
      <mem type="loa" free="113832960" total="113832960" percent="100" />
    </mem>
    <remembered-set count="191236" />
  </mem-info>
</gc-start>
<allocation-stats totalBytes="636238816" >
  <allocated-bytes non-tlh="35575544" tlh="600663272" />
  <largest-consumer threadName="Group1.Backend.CompositeBackend{Tier1}.8" threadId="000000000089D400" bytes="111490776" />
</allocation-stats>
<gc-op id="2681" type="scavenge" timems="98.652" contextid="2678" timestamp="2020-09-11T10:51:43.530">
  <scavenger-info tenureage="3" tenuremask="7ff8" tiltratio="81" />
  <memory-copied type="nursery" objects="3744633" bytes="100576720" bytesdiscarded="299064" />
  <memory-copied type="tenure" objects="1933611" bytes="52119408" bytesdiscarded="69056" />
  <finalization candidates="2" enqueued="0" />
  <ownableSynchronizers candidates="4261" cleared="3604" />
  <references type="soft" candidates="626" cleared="0" enqueued="0" dynamicThreshold="18" maxThreshold="32" />
  <references type="weak" candidates="127" cleared="127" enqueued="0" />
</gc-op>
<gc-end id="2682" type="scavenge" contextid="2678" durationms="99.514" usertimems="773.625" systemtimems="0.000" timestamp="2020-09-11T10:51:43.531" activeThreads="8">
  <mem-info id="2683" free="1651639224" total="2836725760" percent="58">
    <mem type="nursery" free="670412800" total="939524096" percent="71">
      <mem type="allocate" free="670412800" total="771358720" percent="86" />
      <mem type="survivor" free="0" total="168165376" percent="0" />
    </mem>
    <mem type="tenure" free="981226424" total="1897201664" percent="51" macro-fragmented="0">
      <mem type="soa" free="867393464" total="1783368704" percent="48" />
      <mem type="loa" free="113832960" total="113832960" percent="100" />
    </mem>
    <remembered-set count="28424" />
  </mem-info>
</gc-end>
<cycle-end id="2684" type="scavenge" contextid="2678" timestamp="2020-09-11T10:51:43.532" />
<allocation-satisfied id="2685" threadId="000000000088A300" bytesRequested="96" />
<af-end id="2686" timestamp="2020-09-11T10:51:43.532" threadId="000000000088AC80" success="true" from="nursery"/>
<exclusive-end id="2687" timestamp="2020-09-11T10:51:43.532" durationms="101.083" />

<exclusive-start id="2688" timestamp="2020-09-11T10:51:45.421" intervalms="1990.116">
  <response-info timems="0.550" idlems="0.550" threads="0" lastid="000000000077F200" lastname="Group1.Backend.CompositeBackend{Tier1}.2" />
</exclusive-start>
<af-start id="2689" threadId="000000000077FB80" totalBytesRequested="24" timestamp="2020-09-11T10:51:45.422" intervalms="1990.378" type="nursery" />
<cycle-start id="2690" type="scavenge" contextid="0" timestamp="2020-09-11T10:51:45.422" intervalms="1990.416" />
<gc-start id="2691" type="scavenge" contextid="2690" timestamp="2020-09-11T10:51:45.422">
  <mem-info id="2692" free="981226424" total="2836725760" percent="34">
    <mem type="nursery" free="0" total="939524096" percent="0">
      <mem type="allocate" free="0" total="771358720" percent="0" />
      <mem type="survivor" free="0" total="168165376" percent="0" />
    </mem>
    <mem type="tenure" free="981226424" total="1897201664" percent="51">
      <mem type="soa" free="867393464" total="1783368704" percent="48" />
      <mem type="loa" free="113832960" total="113832960" percent="100" />
    </mem>
    <remembered-set count="189047" />
  </mem-info>
</gc-start>
<allocation-stats totalBytes="670103352" >
  <allocated-bytes non-tlh="31793736" tlh="638309616" />
  <largest-consumer threadName="Group1.Backend.CompositeBackend{Tier1}.8" threadId="000000000089D400" bytes="118553744" />
</allocation-stats>
<gc-op id="2693" type="scavenge" timems="100.894" contextid="2690" timestamp="2020-09-11T10:51:45.523">
  <scavenger-info tenureage="3" tenuremask="7ff8" tiltratio="82" />
  <memory-copied type="nursery" objects="4161016" bytes="109971048" bytesdiscarded="156608" />
  <memory-copied type="tenure" objects="1052600" bytes="28301136" bytesdiscarded="50064" />
  <ownableSynchronizers candidates="3464" cleared="2856" />
  <references type="soft" candidates="600" cleared="0" enqueued="0" dynamicThreshold="18" maxThreshold="32" />
  <references type="weak" candidates="118" cleared="118" enqueued="0" />
</gc-op>
<gc-end id="2694" type="scavenge" contextid="2690" durationms="102.019" usertimems="774.992" systemtimems="0.000" timestamp="2020-09-11T10:51:45.524" activeThreads="8">
  <mem-info id="2695" free="1621027144" total="2836725760" percent="57">
    <mem type="nursery" free="668035544" total="939524096" percent="71">
      <mem type="allocate" free="668035544" total="778240000" percent="85" />
      <mem type="survivor" free="0" total="161284096" percent="0" />
    </mem>
    <mem type="tenure" free="952991600" total="1897201664" percent="50" macro-fragmented="0">
      <mem type="soa" free="839158640" total="1783368704" percent="47" />
      <mem type="loa" free="113832960" total="113832960" percent="100" />
    </mem>
    <remembered-set count="28703" />
  </mem-info>
</gc-end>
<cycle-end id="2696" type="scavenge" contextid="2690" timestamp="2020-09-11T10:51:45.525" />
<allocation-satisfied id="2697" threadId="000000000077F200" bytesRequested="24" />
<af-end id="2698" timestamp="2020-09-11T10:51:45.525" threadId="000000000077FB80" success="true" from="nursery"/>
<exclusive-end id="2699" timestamp="2020-09-11T10:51:45.525" durationms="103.942" />

<exclusive-start id="2700" timestamp="2020-09-11T10:51:47.538" intervalms="2117.744">
  <response-info timems="0.282" idlems="0.282" threads="0" lastid="0000000000855600" lastname="Group1.Backend.CompositeBackend{Tier1}.5" />
</exclusive-start>
<af-start id="2701" threadId="0000000000855F80" totalBytesRequested="16" timestamp="2020-09-11T10:51:47.539" intervalms="2117.521" type="nursery" />
<cycle-start id="2702" type="scavenge" contextid="0" timestamp="2020-09-11T10:51:47.539" intervalms="2117.480" />
<gc-start id="2703" type="scavenge" contextid="2702" timestamp="2020-09-11T10:51:47.539">
  <mem-info id="2704" free="952991600" total="2836725760" percent="33">
    <mem type="nursery" free="0" total="939524096" percent="0">
      <mem type="allocate" free="0" total="778240000" percent="0" />
      <mem type="survivor" free="0" total="161284096" percent="0" />
    </mem>
    <mem type="tenure" free="952991600" total="1897201664" percent="50">
      <mem type="soa" free="839158640" total="1783368704" percent="47" />
      <mem type="loa" free="113832960" total="113832960" percent="100" />
    </mem>
    <remembered-set count="192021" />
  </mem-info>
</gc-start>
<allocation-stats totalBytes="667705504" >
  <allocated-bytes non-tlh="29361656" tlh="638343848" />
  <largest-consumer threadName="Group1.Backend.CompositeBackend{Tier1}.8" threadId="000000000089D400" bytes="123260608" />
</allocation-stats>
<gc-op id="2705" type="scavenge" timems="90.204" contextid="2702" timestamp="2020-09-11T10:51:47.630">
  <scavenger-info tenureage="3" tenuremask="7ff8" tiltratio="82" />
  <memory-copied type="nursery" objects="3890677" bytes="104455272" bytesdiscarded="233864" />
  <memory-copied type="tenure" objects="1040370" bytes="27978832" bytesdiscarded="43288" />
  <ownableSynchronizers candidates="4771" cleared="4148" />
  <references type="soft" candidates="662" cleared="0" enqueued="0" dynamicThreshold="18" maxThreshold="32" />
  <references type="weak" candidates="112" cleared="112" enqueued="0" />
</gc-op>
<gc-end id="2706" type="scavenge" contextid="2702" durationms="91.410" usertimems="645.650" systemtimems="0.000" timestamp="2020-09-11T10:51:47.631" activeThreads="8">
  <mem-info id="2707" free="1605928144" total="2836725760" percent="56">
    <mem type="nursery" free="681071616" total="939524096" percent="72">
      <mem type="allocate" free="681071616" total="785842176" percent="86" />
      <mem type="survivor" free="0" total="153681920" percent="0" />
    </mem>
    <mem type="tenure" free="924856528" total="1897201664" percent="48" macro-fragmented="0">
      <mem type="soa" free="811023568" total="1783368704" percent="45" />
      <mem type="loa" free="113832960" total="113832960" percent="100" />
    </mem>
    <remembered-set count="30028" />
  </mem-info>
</gc-end>
<cycle-end id="2708" type="scavenge" contextid="2702" timestamp="2020-09-11T10:51:47.631" />
<allocation-satisfied id="2709" threadId="0000000000855600" bytesRequested="16" />
<af-end id="2710" timestamp="2020-09-11T10:51:47.631" threadId="0000000000855F80" success="true" from="nursery"/>
<exclusive-end id="2711" timestamp="2020-09-11T10:51:47.631" durationms="93.010" />

<exclusive-start id="2712" timestamp="2020-09-11T10:51:49.640" intervalms="2101.336">
  <response-info timems="0.635" idlems="0.635" threads="0" lastid="0000000000891B00" lastname="Group1.Backend.CompositeBackend{Tier1}.7" />
</exclusive-start>
<af-start id="2713" threadId="0000000000892480" totalBytesRequested="16" timestamp="2020-09-11T10:51:49.641" intervalms="2101.635" type="nursery" />
<cycle-start id="2714" type="scavenge" contextid="0" timestamp="2020-09-11T10:51:49.641" intervalms="2101.641" />
<gc-start id="2715" type="scavenge" contextid="2714" timestamp="2020-09-11T10:51:49.641">
  <mem-info id="2716" free="924856528" total="2836725760" percent="32">
    <mem type="nursery" free="0" total="939524096" percent="0">
      <mem type="allocate" free="0" total="785842176" percent="0" />
      <mem type="survivor" free="0" total="153681920" percent="0" />
    </mem>
    <mem type="tenure" free="924856528" total="1897201664" percent="48">
      <mem type="soa" free="811023568" total="1783368704" percent="45" />
      <mem type="loa" free="113832960" total="113832960" percent="100" />
    </mem>
    <remembered-set count="192742" />
  </mem-info>
</gc-start>
<allocation-stats totalBytes="680737832" >
  <allocated-bytes non-tlh="33247112" tlh="647490720" />
  <largest-consumer threadName="Group1.Backend.CompositeBackend{Tier1}.8" threadId="000000000089D400" bytes="139987088" />
</allocation-stats>
<gc-op id="2717" type="scavenge" timems="86.606" contextid="2714" timestamp="2020-09-11T10:51:49.728">
  <scavenger-info tenureage="3" tenuremask="7ff8" tiltratio="83" />
  <memory-copied type="nursery" objects="4153635" bytes="110575592" bytesdiscarded="156720" />
  <memory-copied type="tenure" objects="982538" bytes="26426480" bytesdiscarded="44936" />
  <ownableSynchronizers candidates="4032" cleared="3400" />
  <references type="soft" candidates="658" cleared="0" enqueued="0" dynamicThreshold="18" maxThreshold="32" />
  <references type="weak" candidates="113" cleared="113" enqueued="0" />
</gc-op>
<gc-end id="2718" type="scavenge" contextid="2714" durationms="87.604" usertimems="682.721" systemtimems="0.000" timestamp="2020-09-11T10:51:49.729" activeThreads="8">
  <mem-info id="2719" free="1578046264" total="2836725760" percent="55">
    <mem type="nursery" free="679613944" total="939524096" percent="72">
      <mem type="allocate" free="679613944" total="790429696" percent="85" />
      <mem type="survivor" free="0" total="149094400" percent="0" />
    </mem>
    <mem type="tenure" free="898432320" total="1897201664" percent="47" macro-fragmented="0">
      <mem type="soa" free="784599360" total="1783368704" percent="43" />
      <mem type="loa" free="113832960" total="113832960" percent="100" />
    </mem>
    <remembered-set count="32048" />
  </mem-info>
</gc-end>
<cycle-end id="2720" type="scavenge" contextid="2714" timestamp="2020-09-11T10:51:49.729" />
<allocation-satisfied id="2721" threadId="0000000000891B00" bytesRequested="16" />
<af-end id="2722" timestamp="2020-09-11T10:51:49.729" threadId="0000000000892480" success="true" from="nursery"/>
<exclusive-end id="2723" timestamp="2020-09-11T10:51:49.729" durationms="89.684" />

<exclusive-start id="2724" timestamp="2020-09-11T10:51:51.744" intervalms="2103.959">
  <response-info timems="0.249" idlems="0.249" threads="0" lastid="0000000000891B00" lastname="Group1.Backend.CompositeBackend{Tier1}.7" />
</exclusive-start>
<af-start id="2725" threadId="0000000000892480" totalBytesRequested="32" timestamp="2020-09-11T10:51:51.744" intervalms="2103.615" type="nursery" />
<cycle-start id="2726" type="scavenge" contextid="0" timestamp="2020-09-11T10:51:51.744" intervalms="2103.615" />
<gc-start id="2727" type="scavenge" contextid="2726" timestamp="2020-09-11T10:51:51.745">
  <mem-info id="2728" free="898432320" total="2836725760" percent="31">
    <mem type="nursery" free="0" total="939524096" percent="0">
      <mem type="allocate" free="0" total="790429696" percent="0" />
      <mem type="survivor" free="0" total="149094400" percent="0" />
    </mem>
    <mem type="tenure" free="898432320" total="1897201664" percent="47">
      <mem type="soa" free="784599360" total="1783368704" percent="43" />
      <mem type="loa" free="113832960" total="113832960" percent="100" />
    </mem>
    <remembered-set count="196819" />
  </mem-info>
</gc-start>
<allocation-stats totalBytes="679300360" >
  <allocated-bytes non-tlh="29121600" tlh="650178760" />
  <largest-consumer threadName="Group1.Backend.CompositeBackend{Tier1}.8" threadId="000000000089D400" bytes="119063704" />
</allocation-stats>
<gc-op id="2729" type="scavenge" timems="103.656" contextid="2726" timestamp="2020-09-11T10:51:51.848">
  <scavenger-info tenureage="3" tenuremask="7ff8" tiltratio="84" />
  <memory-copied type="nursery" objects="4279027" bytes="114027208" bytesdiscarded="171880" />
  <memory-copied type="tenure" objects="1063545" bytes="28585792" bytesdiscarded="68728" />
  <ownableSynchronizers candidates="4505" cleared="3873" />
  <references type="soft" candidates="682" cleared="0" enqueued="0" dynamicThreshold="18" maxThreshold="32" />
  <references type="weak" candidates="103" cleared="103" enqueued="0" />
</gc-op>
<gc-end id="2730" type="scavenge" contextid="2726" durationms="104.673" usertimems="733.308" systemtimems="0.000" timestamp="2020-09-11T10:51:51.849" activeThreads="8">
  <mem-info id="2731" free="1549527424" total="2836725760" percent="54">
    <mem type="nursery" free="679682344" total="939524096" percent="72">
      <mem type="allocate" free="679682344" total="793968640" percent="85" />
      <mem type="survivor" free="0" total="145555456" percent="0" />
    </mem>
    <mem type="tenure" free="869845080" total="1897201664" percent="45" macro-fragmented="0">
      <mem type="soa" free="756012120" total="1783368704" percent="42" />
      <mem type="loa" free="113832960" total="113832960" percent="100" />
    </mem>
    <remembered-set count="32766" />
  </mem-info>
</gc-end>
<cycle-end id="2732" type="scavenge" contextid="2726" timestamp="2020-09-11T10:51:51.850" />
<allocation-satisfied id="2733" threadId="0000000000891B00" bytesRequested="32" />
<af-end id="2734" timestamp="2020-09-11T10:51:51.850" threadId="0000000000892480" success="true" from="nursery"/>
<exclusive-end id="2735" timestamp="2020-09-11T10:51:51.850" durationms="106.143" />

<exclusive-start id="2736" timestamp="2020-09-11T10:51:53.785" intervalms="2040.957">
  <response-info timems="0.407" idlems="0.396" threads="1" lastid="0000000000891B00" lastname="Group1.Backend.CompositeBackend{Tier1}.7" />
</exclusive-start>
<af-start id="2737" threadId="0000000000855480" totalBytesRequested="120" timestamp="2020-09-11T10:51:53.785" intervalms="2040.970" type="nursery" />
<cycle-start id="2738" type="scavenge" contextid="0" timestamp="2020-09-11T10:51:53.785" intervalms="2040.958" />
<gc-start id="2739" type="scavenge" contextid="2738" timestamp="2020-09-11T10:51:53.786">
  <mem-info id="2740" free="869845080" total="2836725760" percent="30">
    <mem type="nursery" free="0" total="939524096" percent="0">
      <mem type="allocate" free="0" total="793968640" percent="0" />
      <mem type="survivor" free="0" total="145555456" percent="0" />
    </mem>
    <mem type="tenure" free="869845080" total="1897201664" percent="45">
      <mem type="soa" free="756012120" total="1783368704" percent="42" />
      <mem type="loa" free="113832960" total="113832960" percent="100" />
    </mem>
    <remembered-set count="194014" />
  </mem-info>
</gc-start>
<allocation-stats totalBytes="679372192" >
  <allocated-bytes non-tlh="33652928" tlh="645719264" />
  <largest-consumer threadName="Group1.Backend.CompositeBackend{Tier1}.4" threadId="0000000000854B00" bytes="107428424" />
</allocation-stats>
<gc-op id="2741" type="scavenge" timems="97.483" contextid="2738" timestamp="2020-09-11T10:51:53.883">
  <scavenger-info tenureage="3" tenuremask="7ff8" tiltratio="84" />
  <memory-copied type="nursery" objects="4062486" bytes="109005072" bytesdiscarded="147352" />
  <memory-copied type="tenure" objects="1096834" bytes="29474224" bytesdiscarded="50776" />
  <ownableSynchronizers candidates="4159" cleared="3523" />
  <references type="soft" candidates="607" cleared="0" enqueued="0" dynamicThreshold="18" maxThreshold="32" />
  <references type="weak" candidates="108" cleared="107" enqueued="0" />
</gc-op>
<gc-end id="2742" type="scavenge" contextid="2738" durationms="98.528" usertimems="703.830" systemtimems="0.000" timestamp="2020-09-11T10:51:53.884" activeThreads="8">
  <mem-info id="2743" free="1528615016" total="2836725760" percent="53">
    <mem type="nursery" free="688269568" total="939524096" percent="73">
      <mem type="allocate" free="688269568" total="797507584" percent="86" />
      <mem type="survivor" free="0" total="142016512" percent="0" />
    </mem>
    <mem type="tenure" free="840345448" total="1897201664" percent="44" macro-fragmented="0">
      <mem type="soa" free="726512488" total="1783368704" percent="40" />
      <mem type="loa" free="113832960" total="113832960" percent="100" />
    </mem>
    <remembered-set count="31931" />
  </mem-info>
</gc-end>
<cycle-end id="2744" type="scavenge" contextid="2738" timestamp="2020-09-11T10:51:53.885" />
<allocation-satisfied id="2745" threadId="0000000000854B00" bytesRequested="120" />
<af-end id="2746" timestamp="2020-09-11T10:51:53.885" threadId="0000000000855480" success="true" from="nursery"/>
<exclusive-end id="2747" timestamp="2020-09-11T10:51:53.885" durationms="100.339" />

<exclusive-start id="2748" timestamp="2020-09-11T10:51:55.824" intervalms="2039.594">
  <response-info timems="0.708" idlems="0.708" threads="0" lastid="000000000077FE00" lastname="Group1.Backend.CompositeBackend{Tier1}.1" />
</exclusive-start>
<af-start id="2749" threadId="0000000000780780" totalBytesRequested="32" timestamp="2020-09-11T10:51:55.825" intervalms="2039.579" type="nursery" />
<cycle-start id="2750" type="scavenge" contextid="0" timestamp="2020-09-11T10:51:55.825" intervalms="2039.588" />
<gc-start id="2751" type="scavenge" contextid="2750" timestamp="2020-09-11T10:51:55.825">
  <mem-info id="2752" free="840345448" total="2836725760" percent="29">
    <mem type="nursery" free="0" total="939524096" percent="0">
      <mem type="allocate" free="0" total="797507584" percent="0" />
      <mem type="survivor" free="0" total="142016512" percent="0" />
    </mem>
    <mem type="tenure" free="840345448" total="1897201664" percent="44">
      <mem type="soa" free="726512488" total="1783368704" percent="40" />
      <mem type="loa" free="113832960" total="113832960" percent="100" />
    </mem>
    <remembered-set count="193506" />
  </mem-info>
</gc-start>
<allocation-stats totalBytes="687952176" >
  <allocated-bytes non-tlh="35086104" tlh="652866072" />
  <largest-consumer threadName="Group1.Backend.CompositeBackend{Tier1}.6" threadId="000000000088A300" bytes="113139872" />
</allocation-stats>
<gc-op id="2753" type="scavenge" timems="101.478" contextid="2750" timestamp="2020-09-11T10:51:55.927">
  <scavenger-info tenureage="3" tenuremask="7ff8" tiltratio="84" />
  <memory-copied type="nursery" objects="4078028" bytes="109437544" bytesdiscarded="372760" />
  <memory-copied type="tenure" objects="1095196" bytes="29426720" bytesdiscarded="47368" />
  <ownableSynchronizers candidates="4008" cleared="3438" />
  <references type="soft" candidates="548" cleared="0" enqueued="0" dynamicThreshold="18" maxThreshold="32" />
  <references type="weak" candidates="108" cleared="108" enqueued="0" />
</gc-op>
<gc-end id="2754" type="scavenge" contextid="2750" durationms="102.535" usertimems="737.371" systemtimems="0.408" timestamp="2020-09-11T10:51:55.928" activeThreads="8">
  <mem-info id="2755" free="1502231912" total="2836725760" percent="52">
    <mem type="nursery" free="691410176" total="939524096" percent="73">
      <mem type="allocate" free="691410176" total="801308672" percent="86" />
      <mem type="survivor" free="0" total="138215424" percent="0" />
    </mem>
    <mem type="tenure" free="810821736" total="1897201664" percent="42" macro-fragmented="0">
      <mem type="soa" free="696988776" total="1783368704" percent="39" />
      <mem type="loa" free="113832960" total="113832960" percent="100" />
    </mem>
    <remembered-set count="30396" />
  </mem-info>
</gc-end>
<cycle-end id="2756" type="scavenge" contextid="2750" timestamp="2020-09-11T10:51:55.928" />
<allocation-satisfied id="2757" threadId="000000000077FE00" bytesRequested="32" />
<af-end id="2758" timestamp="2020-09-11T10:51:55.928" threadId="0000000000780780" success="true" from="nursery"/>
<exclusive-end id="2759" timestamp="2020-09-11T10:51:55.928" durationms="104.160" />

<exclusive-start id="2760" timestamp="2020-09-11T10:51:57.929" intervalms="2104.648">
  <response-info timems="1.014" idlems="1.014" threads="0" lastid="0000000000A9FD00" lastname="Group1.Backend.CompositeBackend{Tier3}.8" />
</exclusive-start>
<af-start id="2761" threadId="0000000000AA0680" totalBytesRequested="48" timestamp="2020-09-11T10:51:57.930" intervalms="2104.654" type="nursery" />
<cycle-start id="2762" type="scavenge" contextid="0" timestamp="2020-09-11T10:51:57.930" intervalms="2104.648" />
<gc-start id="2763" type="scavenge" contextid="2762" timestamp="2020-09-11T10:51:57.930">
  <mem-info id="2764" free="810821736" total="2836725760" percent="28">
    <mem type="nursery" free="0" total="939524096" percent="0">
      <mem type="allocate" free="0" total="801308672" percent="0" />
      <mem type="survivor" free="0" total="138215424" percent="0" />
    </mem>
    <mem type="tenure" free="810821736" total="1897201664" percent="42">
      <mem type="soa" free="696988776" total="1783368704" percent="39" />
      <mem type="loa" free="113832960" total="113832960" percent="100" />
    </mem>
    <remembered-set count="194715" />
  </mem-info>
</gc-start>
<allocation-stats totalBytes="691075104" >
  <allocated-bytes non-tlh="30792312" tlh="660282792" />
  <largest-consumer threadName="Group1.Backend.CompositeBackend{Tier1}.3" threadId="0000000000808C00" bytes="94820504" />
</allocation-stats>
<gc-op id="2765" type="scavenge" timems="96.532" contextid="2762" timestamp="2020-09-11T10:51:58.026">
  <scavenger-info tenureage="3" tenuremask="7ff8" tiltratio="85" />
  <memory-copied type="nursery" objects="4074908" bytes="109329368" bytesdiscarded="245072" />
  <memory-copied type="tenure" objects="1096369" bytes="29467248" bytesdiscarded="40784" />
  <ownableSynchronizers candidates="3664" cleared="3132" />
  <references type="soft" candidates="495" cleared="0" enqueued="0" dynamicThreshold="18" maxThreshold="32" />
  <references type="weak" candidates="119" cleared="117" enqueued="0" />
</gc-op>
<gc-end id="2766" type="scavenge" contextid="2762" durationms="97.559" usertimems="718.179" systemtimems="0.000" timestamp="2020-09-11T10:51:58.027" activeThreads="8">
  <mem-info id="2767" free="1476055904" total="2836725760" percent="52">
    <mem type="nursery" free="694800128" total="939524096" percent="73">
      <mem type="allocate" free="694800128" total="804454400" percent="86" />
      <mem type="survivor" free="0" total="135069696" percent="0" />
    </mem>
    <mem type="tenure" free="781255776" total="1897201664" percent="41" macro-fragmented="0">
      <mem type="soa" free="667422816" total="1783368704" percent="37" />
      <mem type="loa" free="113832960" total="113832960" percent="100" />
    </mem>
    <remembered-set count="30601" />
  </mem-info>
</gc-end>
<cycle-end id="2768" type="scavenge" contextid="2762" timestamp="2020-09-11T10:51:58.028" />
<allocation-satisfied id="2769" threadId="0000000000A9FD00" bytesRequested="48" />
<af-end id="2770" timestamp="2020-09-11T10:51:58.028" threadId="0000000000AA0680" success="true" from="nursery"/>
<exclusive-end id="2771" timestamp="2020-09-11T10:51:58.028" durationms="99.128" />

<exclusive-start id="2772" timestamp="2020-09-11T10:52:00.081" intervalms="2152.366">
  <response-info timems="0.356" idlems="0.132" threads="3" lastid="0000000000891B00" lastname="Group1.Backend.CompositeBackend{Tier1}.7" />
</exclusive-start>
<af-start id="2773" threadId="0000000000809580" totalBytesRequested="32" timestamp="2020-09-11T10:52:00.082" intervalms="2152.406" type="nursery" />
<cycle-start id="2774" type="scavenge" contextid="0" timestamp="2020-09-11T10:52:00.082" intervalms="2152.429" />
<gc-start id="2775" type="scavenge" contextid="2774" timestamp="2020-09-11T10:52:00.082">
  <mem-info id="2776" free="781255776" total="2836725760" percent="27">
    <mem type="nursery" free="0" total="939524096" percent="0">
      <mem type="allocate" free="0" total="804454400" percent="0" />
      <mem type="survivor" free="0" total="135069696" percent="0" />
    </mem>
    <mem type="tenure" free="781255776" total="1897201664" percent="41">
      <mem type="soa" free="667422816" total="1783368704" percent="37" />
      <mem type="loa" free="113832960" total="113832960" percent="100" />
    </mem>
    <remembered-set count="195893" />
  </mem-info>
</gc-start>
<allocation-stats totalBytes="694456912" >
  <allocated-bytes non-tlh="33363688" tlh="661093224" />
  <largest-consumer threadName="Group1.Backend.CompositeBackend{Tier1}.1" threadId="000000000077FE00" bytes="123196560" />
</allocation-stats>
<gc-op id="2777" type="scavenge" timems="97.021" contextid="2774" timestamp="2020-09-11T10:52:00.179">
  <scavenger-info tenureage="3" tenuremask="7ff8" tiltratio="85" />
  <memory-copied type="nursery" objects="4179278" bytes="111814952" bytesdiscarded="210152" />
  <memory-copied type="tenure" objects="1089033" bytes="29290544" bytesdiscarded="60104" />
  <ownableSynchronizers candidates="3935" cleared="3448" />
  <references type="soft" candidates="470" cleared="0" enqueued="0" dynamicThreshold="18" maxThreshold="32" />
  <references type="weak" candidates="132" cleared="132" enqueued="0" />
</gc-op>
<gc-end id="2778" type="scavenge" contextid="2774" durationms="98.021" usertimems="766.360" systemtimems="0.000" timestamp="2020-09-11T10:52:00.180" activeThreads="8">
  <mem-info id="2779" free="1445706104" total="2836725760" percent="50">
    <mem type="nursery" free="693720056" total="939524096" percent="73">
      <mem type="allocate" free="693720056" total="805830656" percent="86" />
      <mem type="survivor" free="0" total="133693440" percent="0" />
    </mem>
    <mem type="tenure" free="751986048" total="1897201664" percent="39" macro-fragmented="0">
      <mem type="soa" free="638153088" total="1783368704" percent="35" />
      <mem type="loa" free="113832960" total="113832960" percent="100" />
    </mem>
    <remembered-set count="32421" />
  </mem-info>
</gc-end>
<cycle-end id="2780" type="scavenge" contextid="2774" timestamp="2020-09-11T10:52:00.181" />
<allocation-satisfied id="2781" threadId="0000000000808C00" bytesRequested="32" />
<af-end id="2782" timestamp="2020-09-11T10:52:00.181" threadId="0000000000809580" success="true" from="nursery"/>
<exclusive-end id="2783" timestamp="2020-09-11T10:52:00.181" durationms="99.571" />

<exclusive-start id="2784" timestamp="2020-09-11T10:52:02.191" intervalms="2109.844">
  <response-info timems="8.732" idlems="8.732" threads="0" lastid="0000000000808C00" lastname="Group1.Backend.CompositeBackend{Tier1}.3" />
</exclusive-start>
<af-start id="2785" threadId="0000000000809580" totalBytesRequested="24" timestamp="2020-09-11T10:52:02.192" intervalms="2109.823" type="nursery" />
<cycle-start id="2786" type="scavenge" contextid="0" timestamp="2020-09-11T10:52:02.192" intervalms="2109.796" />
<gc-start id="2787" type="scavenge" contextid="2786" timestamp="2020-09-11T10:52:02.192">
  <mem-info id="2788" free="751986048" total="2836725760" percent="26">
    <mem type="nursery" free="0" total="939524096" percent="0">
      <mem type="allocate" free="0" total="805830656" percent="0" />
      <mem type="survivor" free="0" total="133693440" percent="0" />
    </mem>
    <mem type="tenure" free="751986048" total="1897201664" percent="39">
      <mem type="soa" free="638153088" total="1783368704" percent="35" />
      <mem type="loa" free="113832960" total="113832960" percent="100" />
    </mem>
    <remembered-set count="196945" />
  </mem-info>
</gc-start>
<allocation-stats totalBytes="693393424" >
  <allocated-bytes non-tlh="34772184" tlh="658621240" />
  <largest-consumer threadName="Group1.Backend.CompositeBackend{Tier1}.2" threadId="000000000077F200" bytes="96492528" />
</allocation-stats>
<gc-op id="2789" type="scavenge" timems="95.063" contextid="2786" timestamp="2020-09-11T10:52:02.287">
  <scavenger-info tenureage="3" tenuremask="7ff8" tiltratio="85" />
  <memory-copied type="nursery" objects="4149713" bytes="111218664" bytesdiscarded="162864" />
  <memory-copied type="tenure" objects="1070731" bytes="28794000" bytesdiscarded="54064" />
  <ownableSynchronizers candidates="4909" cleared="4400" />
  <references type="soft" candidates="511" cleared="0" enqueued="0" dynamicThreshold="18" maxThreshold="32" />
  <references type="weak" candidates="109" cleared="109" enqueued="0" />
</gc-op>
<gc-end id="2790" type="scavenge" contextid="2786" durationms="96.126" usertimems="748.308" systemtimems="0.837" timestamp="2020-09-11T10:52:02.288" activeThreads="8">
  <mem-info id="2791" free="1419119672" total="2836725760" percent="50">
    <mem type="nursery" free="696066304" total="939524096" percent="74">
      <mem type="allocate" free="696066304" total="807534592" percent="86" />
      <mem type="survivor" free="0" total="131989504" percent="0" />
    </mem>
    <mem type="tenure" free="723053368" total="1897201664" percent="38" macro-fragmented="0">
      <mem type="soa" free="609220408" total="1783368704" percent="34" />
      <mem type="loa" free="113832960" total="113832960" percent="100" />
    </mem>
    <remembered-set count="33395" />
  </mem-info>
</gc-end>
<cycle-end id="2792" type="scavenge" contextid="2786" timestamp="2020-09-11T10:52:02.289" />
<allocation-satisfied id="2793" threadId="0000000000808C00" bytesRequested="24" />
<af-end id="2794" timestamp="2020-09-11T10:52:02.289" threadId="0000000000809580" success="true" from="nursery"/>
<exclusive-end id="2795" timestamp="2020-09-11T10:52:02.289" durationms="97.642" />

<exclusive-start id="2796" timestamp="2020-09-11T10:52:04.226" intervalms="2035.236">
  <response-info timems="0.559" idlems="0.559" threads="0" lastid="0000000000855600" lastname="Group1.Backend.CompositeBackend{Tier1}.5" />
</exclusive-start>
<af-start id="2797" threadId="0000000000855F80" totalBytesRequested="16" timestamp="2020-09-11T10:52:04.227" intervalms="2035.349" type="nursery" />
<cycle-start id="2798" type="scavenge" contextid="0" timestamp="2020-09-11T10:52:04.227" intervalms="2035.352" />
<gc-start id="2799" type="scavenge" contextid="2798" timestamp="2020-09-11T10:52:04.228">
  <mem-info id="2800" free="723053368" total="2836725760" percent="25">
    <mem type="nursery" free="0" total="939524096" percent="0">
      <mem type="allocate" free="0" total="807534592" percent="0" />
      <mem type="survivor" free="0" total="131989504" percent="0" />
    </mem>
    <mem type="tenure" free="723053368" total="1897201664" percent="38">
      <mem type="soa" free="609220408" total="1783368704" percent="34" />
      <mem type="loa" free="113832960" total="113832960" percent="100" />
    </mem>
    <remembered-set count="195825" />
  </mem-info>
</gc-start>
<allocation-stats totalBytes="695751624" >
  <allocated-bytes non-tlh="36036600" tlh="659715024" />
  <largest-consumer threadName="Group1.Backend.CompositeBackend{Tier1}.2" threadId="000000000077F200" bytes="112860408" />
</allocation-stats>
<gc-op id="2801" type="scavenge" timems="119.385" contextid="2798" timestamp="2020-09-11T10:52:04.347">
  <scavenger-info tenureage="3" tenuremask="7ff8" tiltratio="85" />
  <memory-copied type="nursery" objects="4534763" bytes="119840008" bytesdiscarded="135672" />
  <memory-copied type="tenure" objects="1103029" bytes="29648040" bytesdiscarded="60168" />
  <ownableSynchronizers candidates="3625" cleared="3118" />
  <references type="soft" candidates="512" cleared="0" enqueued="0" dynamicThreshold="18" maxThreshold="32" />
  <references type="weak" candidates="133" cleared="133" enqueued="0" />
</gc-op>
<gc-end id="2802" type="scavenge" contextid="2798" durationms="120.630" usertimems="876.661" systemtimems="0.046" timestamp="2020-09-11T10:52:04.348" activeThreads="8">
  <mem-info id="2803" free="1371289512" total="2836725760" percent="48">
    <mem type="nursery" free="677905056" total="939524096" percent="72">
      <mem type="allocate" free="677905056" total="797966336" percent="84" />
      <mem type="survivor" free="0" total="141557760" percent="0" />
    </mem>
    <mem type="tenure" free="693384456" total="1897201664" percent="36" macro-fragmented="0">
      <mem type="soa" free="579551496" total="1783368704" percent="32" />
      <mem type="loa" free="113832960" total="113832960" percent="100" />
    </mem>
    <remembered-set count="34112" />
  </mem-info>
</gc-end>
<cycle-end id="2804" type="scavenge" contextid="2798" timestamp="2020-09-11T10:52:04.349" />
<allocation-satisfied id="2805" threadId="0000000000855600" bytesRequested="16" />
<af-end id="2806" timestamp="2020-09-11T10:52:04.349" threadId="0000000000855F80" success="true" from="nursery"/>
<exclusive-end id="2807" timestamp="2020-09-11T10:52:04.349" durationms="122.296" />

<exclusive-start id="2808" timestamp="2020-09-11T10:52:06.342" intervalms="2116.023">
  <response-info timems="1.539" idlems="1.539" threads="0" lastid="000000000077F200" lastname="Group1.Backend.CompositeBackend{Tier1}.2" />
</exclusive-start>
<af-start id="2809" threadId="000000000077FB80" totalBytesRequested="120" timestamp="2020-09-11T10:52:06.343" intervalms="2116.195" type="nursery" />
<cycle-start id="2810" type="scavenge" contextid="0" timestamp="2020-09-11T10:52:06.343" intervalms="2116.231" />
<gc-start id="2811" type="scavenge" contextid="2810" timestamp="2020-09-11T10:52:06.344">
  <mem-info id="2812" free="693384456" total="2836725760" percent="24">
    <mem type="nursery" free="0" total="939524096" percent="0">
      <mem type="allocate" free="0" total="797966336" percent="0" />
      <mem type="survivor" free="0" total="141557760" percent="0" />
    </mem>
    <mem type="tenure" free="693384456" total="1897201664" percent="36">
      <mem type="soa" free="579551496" total="1783368704" percent="32" />
      <mem type="loa" free="113832960" total="113832960" percent="100" />
    </mem>
    <remembered-set count="198658" />
  </mem-info>
</gc-start>
<allocation-stats totalBytes="677573520" >
  <allocated-bytes non-tlh="28040736" tlh="649532784" />
  <largest-consumer threadName="Group1.Backend.CompositeBackend{Tier1}.2" threadId="000000000077F200" bytes="93322304" />
</allocation-stats>
<gc-op id="2813" type="scavenge" timems="104.817" contextid="2810" timestamp="2020-09-11T10:52:06.449">
  <scavenger-info tenureage="3" tenuremask="7ff8" tiltratio="84" />
  <memory-copied type="nursery" objects="4376076" bytes="116061808" bytesdiscarded="199704" />
  <memory-copied type="tenure" objects="1120820" bytes="30119304" bytesdiscarded="63672" />
  <ownableSynchronizers candidates="3982" cleared="3456" />
  <references type="soft" candidates="545" cleared="0" enqueued="0" dynamicThreshold="18" maxThreshold="32" />
  <references type="weak" candidates="122" cleared="122" enqueued="0" />
</gc-op>
<gc-end id="2814" type="scavenge" contextid="2810" durationms="105.885" usertimems="765.825" systemtimems="14.103" timestamp="2020-09-11T10:52:06.450" activeThreads="8">
  <mem-info id="2815" free="1346254136" total="2836725760" percent="47">
    <mem type="nursery" free="683121648" total="939524096" percent="72">
      <mem type="allocate" free="683121648" total="799473664" percent="85" />
      <mem type="survivor" free="0" total="140050432" percent="0" />
    </mem>
    <mem type="tenure" free="663132488" total="1897201664" percent="34" macro-fragmented="0">
      <mem type="soa" free="549299528" total="1783368704" percent="30" />
      <mem type="loa" free="113832960" total="113832960" percent="100" />
    </mem>
    <remembered-set count="33269" />
  </mem-info>
</gc-end>
<cycle-end id="2816" type="scavenge" contextid="2810" timestamp="2020-09-11T10:52:06.451" />
<allocation-satisfied id="2817" threadId="000000000077F200" bytesRequested="120" />
<af-end id="2818" timestamp="2020-09-11T10:52:06.451" threadId="000000000077FB80" success="true" from="nursery"/>
<exclusive-end id="2819" timestamp="2020-09-11T10:52:06.451" durationms="108.312" />

<exclusive-start id="2820" timestamp="2020-09-11T10:52:08.401" intervalms="2058.664">
  <response-info timems="11.755" idlems="11.755" threads="0" lastid="0000000000808C00" lastname="Group1.Backend.CompositeBackend{Tier1}.3" />
</exclusive-start>
<af-start id="2821" threadId="0000000000809580" totalBytesRequested="32" timestamp="2020-09-11T10:52:08.402" intervalms="2058.592" type="nursery" />
<cycle-start id="2822" type="scavenge" contextid="0" timestamp="2020-09-11T10:52:08.402" intervalms="2058.590" />
<gc-start id="2823" type="scavenge" contextid="2822" timestamp="2020-09-11T10:52:08.402">
  <mem-info id="2824" free="663132488" total="2836725760" percent="23">
    <mem type="nursery" free="0" total="939524096" percent="0">
      <mem type="allocate" free="0" total="799473664" percent="0" />
      <mem type="survivor" free="0" total="140050432" percent="0" />
    </mem>
    <mem type="tenure" free="663132488" total="1897201664" percent="34">
      <mem type="soa" free="549299528" total="1783368704" percent="30" />
      <mem type="loa" free="113832960" total="113832960" percent="100" />
    </mem>
    <remembered-set count="193311" />
  </mem-info>
</gc-start>
<allocation-stats totalBytes="682798664" >
  <allocated-bytes non-tlh="36390104" tlh="646408560" />
  <largest-consumer threadName="Group1.Backend.CompositeBackend{Tier1}.7" threadId="0000000000891B00" bytes="93990080" />
</allocation-stats>
<gc-op id="2825" type="scavenge" timems="128.095" contextid="2822" timestamp="2020-09-11T10:52:08.531">
  <scavenger-info tenureage="3" tenuremask="7ff8" tiltratio="85" />
  <memory-copied type="nursery" objects="4131950" bytes="110734072" bytesdiscarded="279928" />
  <memory-copied type="tenure" objects="1103021" bytes="29623848" bytesdiscarded="60584" />
  <ownableSynchronizers candidates="4129" cleared="3588" />
  <references type="soft" candidates="525" cleared="0" enqueued="0" dynamicThreshold="18" maxThreshold="32" />
  <references type="weak" candidates="117" cleared="115" enqueued="0" />
</gc-op>
<gc-end id="2826" type="scavenge" contextid="2822" durationms="129.057" usertimems="946.371" systemtimems="18.098" timestamp="2020-09-11T10:52:08.531" activeThreads="8">
  <mem-info id="2827" free="1324041144" total="2836725760" percent="46">
    <mem type="nursery" free="690337792" total="939524096" percent="73">
      <mem type="allocate" free="690337792" total="801439744" percent="86" />
      <mem type="survivor" free="0" total="138084352" percent="0" />
    </mem>
    <mem type="tenure" free="633703352" total="1897201664" percent="33" macro-fragmented="0">
      <mem type="soa" free="519870392" total="1783368704" percent="29" />
      <mem type="loa" free="113832960" total="113832960" percent="100" />
    </mem>
    <remembered-set count="30143" />
  </mem-info>
</gc-end>
<cycle-end id="2828" type="scavenge" contextid="2822" timestamp="2020-09-11T10:52:08.533" />
<allocation-satisfied id="2829" threadId="0000000000808C00" bytesRequested="32" />
<af-end id="2830" timestamp="2020-09-11T10:52:08.533" threadId="0000000000809580" success="true" from="nursery"/>
<exclusive-end id="2831" timestamp="2020-09-11T10:52:08.533" durationms="131.994" />

<exclusive-start id="2832" timestamp="2020-09-11T10:52:10.497" intervalms="2095.771">
  <response-info timems="0.469" idlems="0.469" threads="0" lastid="000000000088A300" lastname="Group1.Backend.CompositeBackend{Tier1}.6" />
</exclusive-start>
<af-start id="2833" threadId="000000000088AC80" totalBytesRequested="664" timestamp="2020-09-11T10:52:10.498" intervalms="2095.702" type="nursery" />
<cycle-start id="2834" type="scavenge" contextid="0" timestamp="2020-09-11T10:52:10.498" intervalms="2095.678" />
<gc-start id="2835" type="scavenge" contextid="2834" timestamp="2020-09-11T10:52:10.498">
  <mem-info id="2836" free="633703352" total="2836725760" percent="22">
    <mem type="nursery" free="0" total="939524096" percent="0">
      <mem type="allocate" free="0" total="801439744" percent="0" />
      <mem type="survivor" free="0" total="138084352" percent="0" />
    </mem>
    <mem type="tenure" free="633703352" total="1897201664" percent="33">
      <mem type="soa" free="519870392" total="1783368704" percent="29" />
      <mem type="loa" free="113832960" total="113832960" percent="100" />
    </mem>
    <remembered-set count="192701" />
  </mem-info>
</gc-start>
<allocation-stats totalBytes="690013880" >
  <allocated-bytes non-tlh="33733080" tlh="656280800" />
  <largest-consumer threadName="Group1.Backend.CompositeBackend{Tier1}.5" threadId="0000000000855600" bytes="95884456" />
</allocation-stats>
<gc-op id="2837" type="scavenge" timems="96.588" contextid="2834" timestamp="2020-09-11T10:52:10.595">
  <scavenger-info tenureage="3" tenuremask="7ff8" tiltratio="85" />
  <memory-copied type="nursery" objects="4035764" bytes="108529552" bytesdiscarded="178744" />
  <memory-copied type="tenure" objects="1092591" bytes="29355992" bytesdiscarded="66800" />
  <ownableSynchronizers candidates="4652" cleared="4127" />
  <references type="soft" candidates="540" cleared="0" enqueued="0" dynamicThreshold="18" maxThreshold="32" />
  <references type="weak" candidates="118" cleared="117" enqueued="0" />
</gc-op>
<gc-end id="2838" type="scavenge" contextid="2834" durationms="97.862" usertimems="760.429" systemtimems="2.384" timestamp="2020-09-11T10:52:10.596" activeThreads="8">
  <mem-info id="2839" free="1299473344" total="2836725760" percent="45">
    <mem type="nursery" free="695466688" total="939524096" percent="74">
      <mem type="allocate" free="695466688" total="804257792" percent="86" />
      <mem type="survivor" free="0" total="135266304" percent="0" />
    </mem>
    <mem type="tenure" free="604006656" total="1897201664" percent="31" macro-fragmented="0">
      <mem type="soa" free="490173696" total="1783368704" percent="27" />
      <mem type="loa" free="113832960" total="113832960" percent="100" />
    </mem>
    <remembered-set count="29471" />
  </mem-info>
</gc-end>
<cycle-end id="2840" type="scavenge" contextid="2834" timestamp="2020-09-11T10:52:10.597" />
<allocation-satisfied id="2841" threadId="000000000088A300" bytesRequested="664" />
<af-end id="2842" timestamp="2020-09-11T10:52:10.597" threadId="000000000088AC80" success="true" from="nursery"/>
<exclusive-end id="2843" timestamp="2020-09-11T10:52:10.597" durationms="100.019" />

<exclusive-start id="2844" timestamp="2020-09-11T10:52:12.718" intervalms="2221.410">
  <response-info timems="1.268" idlems="1.268" threads="0" lastid="0000000000A89100" lastname="Group1.Backend.CompositeBackend{Tier3}.2" />
</exclusive-start>
<af-start id="2845" threadId="0000000000A89A80" totalBytesRequested="16" timestamp="2020-09-11T10:52:12.720" intervalms="2222.306" type="nursery" />
<cycle-start id="2846" type="scavenge" contextid="0" timestamp="2020-09-11T10:52:12.720" intervalms="2222.388" />
<gc-start id="2847" type="scavenge" contextid="2846" timestamp="2020-09-11T10:52:12.721">
  <mem-info id="2848" free="604006656" total="2836725760" percent="21">
    <mem type="nursery" free="0" total="939524096" percent="0">
      <mem type="allocate" free="0" total="804257792" percent="0" />
      <mem type="survivor" free="0" total="135266304" percent="0" />
    </mem>
    <mem type="tenure" free="604006656" total="1897201664" percent="31">
      <mem type="soa" free="490173696" total="1783368704" percent="27" />
      <mem type="loa" free="113832960" total="113832960" percent="100" />
    </mem>
    <remembered-set count="199703" />
  </mem-info>
</gc-start>
<allocation-stats totalBytes="695126616" >
  <allocated-bytes non-tlh="25652336" tlh="669474280" />
  <largest-consumer threadName="Group1.Backend.CompositeBackend{Tier1}.3" threadId="0000000000808C00" bytes="111273776" />
</allocation-stats>
<gc-op id="2849" type="scavenge" timems="112.338" contextid="2846" timestamp="2020-09-11T10:52:12.833">
  <scavenger-info tenureage="3" tenuremask="7ff8" tiltratio="85" />
  <memory-copied type="nursery" objects="4126999" bytes="110905992" bytesdiscarded="197416" />
  <memory-copied type="tenure" objects="1100397" bytes="29587280" bytesdiscarded="63144" />
  <ownableSynchronizers candidates="4270" cleared="3725" />
  <references type="soft" candidates="550" cleared="0" enqueued="0" dynamicThreshold="18" maxThreshold="32" />
  <references type="weak" candidates="98" cleared="98" enqueued="0" />
</gc-op>
<gc-end id="2850" type="scavenge" contextid="2846" durationms="113.303" usertimems="782.900" systemtimems="4.770" timestamp="2020-09-11T10:52:12.834" activeThreads="8">
  <mem-info id="2851" free="1269277152" total="2836725760" percent="44">
    <mem type="nursery" free="694766800" total="939524096" percent="73">
      <mem type="allocate" free="694766800" total="805961728" percent="86" />
      <mem type="survivor" free="0" total="133562368" percent="0" />
    </mem>
    <mem type="tenure" free="574510352" total="1897201664" percent="30" macro-fragmented="0">
      <mem type="soa" free="460677392" total="1783368704" percent="25" />
      <mem type="loa" free="113832960" total="113832960" percent="100" />
    </mem>
    <remembered-set count="31318" />
  </mem-info>
</gc-end>
<cycle-end id="2852" type="scavenge" contextid="2846" timestamp="2020-09-11T10:52:12.834" />
<allocation-satisfied id="2853" threadId="0000000000A89100" bytesRequested="16" />
<af-end id="2854" timestamp="2020-09-11T10:52:12.834" threadId="0000000000A89A80" success="true" from="nursery"/>
<exclusive-end id="2855" timestamp="2020-09-11T10:52:12.834" durationms="116.223" />

<exclusive-start id="2856" timestamp="2020-09-11T10:52:14.797" intervalms="2079.184">
  <response-info timems="0.497" idlems="0.497" threads="0" lastid="0000000000854B00" lastname="Group1.Backend.CompositeBackend{Tier1}.4" />
</exclusive-start>
<af-start id="2857" threadId="0000000000855480" totalBytesRequested="120" timestamp="2020-09-11T10:52:14.798" intervalms="2078.137" type="nursery" />
<cycle-start id="2858" type="scavenge" contextid="0" timestamp="2020-09-11T10:52:14.798" intervalms="2078.078" />
<gc-start id="2859" type="scavenge" contextid="2858" timestamp="2020-09-11T10:52:14.798">
  <mem-info id="2860" free="574510352" total="2836725760" percent="20">
    <mem type="nursery" free="0" total="939524096" percent="0">
      <mem type="allocate" free="0" total="805961728" percent="0" />
      <mem type="survivor" free="0" total="133562368" percent="0" />
    </mem>
    <mem type="tenure" free="574510352" total="1897201664" percent="30">
      <mem type="soa" free="460677392" total="1783368704" percent="25" />
      <mem type="loa" free="113832960" total="113832960" percent="100" />
    </mem>
    <remembered-set count="194462" />
  </mem-info>
</gc-start>
<allocation-stats totalBytes="694445864" >
  <allocated-bytes non-tlh="35441936" tlh="659003928" />
  <largest-consumer threadName="Group1.Backend.CompositeBackend{Tier1}.3" threadId="0000000000808C00" bytes="96476272" />
</allocation-stats>
<gc-op id="2861" type="scavenge" timems="97.683" contextid="2858" timestamp="2020-09-11T10:52:14.896">
  <scavenger-info tenureage="3" tenuremask="7ff8" tiltratio="85" />
  <memory-copied type="nursery" objects="4174133" bytes="112114208" bytesdiscarded="165816" />
  <memory-copied type="tenure" objects="1066649" bytes="28693296" bytesdiscarded="70896" />
  <ownableSynchronizers candidates="4499" cleared="3932" />
  <references type="soft" candidates="578" cleared="0" enqueued="0" dynamicThreshold="18" maxThreshold="32" />
  <references type="weak" candidates="123" cleared="122" enqueued="0" />
</gc-op>
<gc-end id="2862" type="scavenge" contextid="2858" durationms="98.502" usertimems="693.565" systemtimems="5.313" timestamp="2020-09-11T10:52:14.897" activeThreads="8">
  <mem-info id="2863" free="1240640776" total="2836725760" percent="43">
    <mem type="nursery" free="694904832" total="939524096" percent="73">
      <mem type="allocate" free="694904832" total="807272448" percent="86" />
      <mem type="survivor" free="0" total="132251648" percent="0" />
    </mem>
    <mem type="tenure" free="545735944" total="1897201664" percent="28" macro-fragmented="0">
      <mem type="soa" free="431902984" total="1783368704" percent="24" />
      <mem type="loa" free="113832960" total="113832960" percent="100" />
    </mem>
    <remembered-set count="33262" />
  </mem-info>
</gc-end>
<cycle-end id="2864" type="scavenge" contextid="2858" timestamp="2020-09-11T10:52:14.897" />
<allocation-satisfied id="2865" threadId="0000000000854B00" bytesRequested="120" />
<af-end id="2866" timestamp="2020-09-11T10:52:14.897" threadId="0000000000855480" success="true" from="nursery"/>
<exclusive-end id="2867" timestamp="2020-09-11T10:52:14.897" durationms="100.043" />

<exclusive-start id="2868" timestamp="2020-09-11T10:52:16.913" intervalms="2115.156">
  <response-info timems="0.731" idlems="0.731" threads="0" lastid="0000000000855600" lastname="Group1.Backend.CompositeBackend{Tier1}.5" />
</exclusive-start>
<af-start id="2869" threadId="0000000000855F80" totalBytesRequested="1032" timestamp="2020-09-11T10:52:16.913" intervalms="2115.264" type="nursery" />
<cycle-start id="2870" type="scavenge" contextid="0" timestamp="2020-09-11T10:52:16.913" intervalms="2115.227" />
<gc-start id="2871" type="scavenge" contextid="2870" timestamp="2020-09-11T10:52:16.914">
  <mem-info id="2872" free="545735944" total="2836725760" percent="19">
    <mem type="nursery" free="0" total="939524096" percent="0">
      <mem type="allocate" free="0" total="807272448" percent="0" />
      <mem type="survivor" free="0" total="132251648" percent="0" />
    </mem>
    <mem type="tenure" free="545735944" total="1897201664" percent="28">
      <mem type="soa" free="431902984" total="1783368704" percent="24" />
      <mem type="loa" free="113832960" total="113832960" percent="100" />
    </mem>
    <remembered-set count="196246" />
  </mem-info>
</gc-start>
<allocation-stats totalBytes="694558336" >
  <allocated-bytes non-tlh="33635104" tlh="660923232" />
  <largest-consumer threadName="Group1.Backend.CompositeBackend{Tier1}.1" threadId="000000000077FE00" bytes="106868192" />
</allocation-stats>
<gc-op id="2873" type="scavenge" timems="92.443" contextid="2870" timestamp="2020-09-11T10:52:17.006">
  <scavenger-info tenureage="3" tenuremask="7ff8" tiltratio="85" />
  <memory-copied type="nursery" objects="4192625" bytes="112466224" bytesdiscarded="247240" />
  <memory-copied type="tenure" objects="1085017" bytes="29286808" bytesdiscarded="73088" />
  <ownableSynchronizers candidates="4233" cleared="3660" />
  <references type="soft" candidates="582" cleared="0" enqueued="0" dynamicThreshold="18" maxThreshold="32" />
  <references type="weak" candidates="119" cleared="118" enqueued="0" />
</gc-op>
<gc-end id="2874" type="scavenge" contextid="2870" durationms="93.585" usertimems="666.059" systemtimems="0.000" timestamp="2020-09-11T10:52:17.007" activeThreads="8">
  <mem-info id="2875" free="1211968840" total="2836725760" percent="42">
    <mem type="nursery" free="695658240" total="939524096" percent="74">
      <mem type="allocate" free="695658240" total="808452096" percent="86" />
      <mem type="survivor" free="0" total="131072000" percent="0" />
    </mem>
    <mem type="tenure" free="516310600" total="1897201664" percent="27" macro-fragmented="0">
      <mem type="soa" free="402477640" total="1783368704" percent="22" />
      <mem type="loa" free="113832960" total="113832960" percent="100" />
    </mem>
    <remembered-set count="32628" />
  </mem-info>
</gc-end>
<cycle-end id="2876" type="scavenge" contextid="2870" timestamp="2020-09-11T10:52:17.008" />
<allocation-satisfied id="2877" threadId="0000000000855600" bytesRequested="1032" />
<af-end id="2878" timestamp="2020-09-11T10:52:17.008" threadId="0000000000855F80" success="true" from="nursery"/>
<exclusive-end id="2879" timestamp="2020-09-11T10:52:17.008" durationms="95.256" />

<exclusive-start id="2880" timestamp="2020-09-11T10:52:19.070" intervalms="2157.104">
  <response-info timems="0.405" idlems="0.405" threads="0" lastid="000000000088A300" lastname="Group1.Backend.CompositeBackend{Tier1}.6" />
</exclusive-start>
<af-start id="2881" threadId="000000000088AC80" totalBytesRequested="16" timestamp="2020-09-11T10:52:19.070" intervalms="2157.043" type="nursery" />
<cycle-start id="2882" type="scavenge" contextid="0" timestamp="2020-09-11T10:52:19.070" intervalms="2157.058" />
<gc-start id="2883" type="scavenge" contextid="2882" timestamp="2020-09-11T10:52:19.071">
  <mem-info id="2884" free="516310600" total="2836725760" percent="18">
    <mem type="nursery" free="0" total="939524096" percent="0">
      <mem type="allocate" free="0" total="808452096" percent="0" />
      <mem type="survivor" free="0" total="131072000" percent="0" />
    </mem>
    <mem type="tenure" free="516310600" total="1897201664" percent="27">
      <mem type="soa" free="402477640" total="1783368704" percent="22" />
      <mem type="loa" free="113832960" total="113832960" percent="100" />
    </mem>
    <remembered-set count="197930" />
  </mem-info>
</gc-start>
<allocation-stats totalBytes="695328024" >
  <allocated-bytes non-tlh="29533456" tlh="665794568" />
  <largest-consumer threadName="Group1.Backend.CompositeBackend{Tier1}.1" threadId="000000000077FE00" bytes="108406600" />
</allocation-stats>
<gc-op id="2885" type="scavenge" timems="110.904" contextid="2882" timestamp="2020-09-11T10:52:19.182">
  <scavenger-info tenureage="3" tenuremask="7ff8" tiltratio="86" />
  <memory-copied type="nursery" objects="4250523" bytes="113642856" bytesdiscarded="376248" />
  <memory-copied type="tenure" objects="1181979" bytes="31759376" bytesdiscarded="75720" />
  <ownableSynchronizers candidates="5159" cleared="4557" />
  <references type="soft" candidates="609" cleared="0" enqueued="0" dynamicThreshold="18" maxThreshold="32" />
  <references type="weak" candidates="118" cleared="117" enqueued="0" />
</gc-op>
<gc-end id="2886" type="scavenge" contextid="2882" durationms="111.741" usertimems="812.549" systemtimems="1.319" timestamp="2020-09-11T10:52:19.182" activeThreads="8">
  <mem-info id="2887" free="1180903280" total="2836725760" percent="41">
    <mem type="nursery" free="696313848" total="939524096" percent="74">
      <mem type="allocate" free="696313848" total="810418176" percent="85" />
      <mem type="survivor" free="0" total="129105920" percent="0" />
    </mem>
    <mem type="tenure" free="484589432" total="1897201664" percent="25" macro-fragmented="0">
      <mem type="soa" free="370756472" total="1783368704" percent="20" />
      <mem type="loa" free="113832960" total="113832960" percent="100" />
    </mem>
    <remembered-set count="31383" />
  </mem-info>
</gc-end>
<cycle-end id="2888" type="scavenge" contextid="2882" timestamp="2020-09-11T10:52:19.183" />
<allocation-satisfied id="2889" threadId="000000000088A300" bytesRequested="16" />
<af-end id="2890" timestamp="2020-09-11T10:52:19.183" threadId="000000000088AC80" success="true" from="nursery"/>
<exclusive-end id="2891" timestamp="2020-09-11T10:52:19.183" durationms="113.372" />

<exclusive-start id="2892" timestamp="2020-09-11T10:52:21.066" intervalms="1996.791">
  <response-info timems="1.591" idlems="1.591" threads="0" lastid="000000000077FE00" lastname="Group1.Backend.CompositeBackend{Tier1}.1" />
</exclusive-start>
<af-start id="2893" threadId="0000000000780780" totalBytesRequested="16" timestamp="2020-09-11T10:52:21.068" intervalms="1997.552" type="nursery" />
<cycle-start id="2894" type="scavenge" contextid="0" timestamp="2020-09-11T10:52:21.068" intervalms="1997.657" />
<gc-start id="2895" type="scavenge" contextid="2894" timestamp="2020-09-11T10:52:21.069">
  <mem-info id="2896" free="484589432" total="2836725760" percent="17">
    <mem type="nursery" free="0" total="939524096" percent="0">
      <mem type="allocate" free="0" total="810418176" percent="0" />
      <mem type="survivor" free="0" total="129105920" percent="0" />
    </mem>
    <mem type="tenure" free="484589432" total="1897201664" percent="25">
      <mem type="soa" free="370756472" total="1783368704" percent="20" />
      <mem type="loa" free="113832960" total="113832960" percent="100" />
    </mem>
    <remembered-set count="191019" />
  </mem-info>
</gc-start>
<allocation-stats totalBytes="695994536" >
  <allocated-bytes non-tlh="40362432" tlh="655632104" />
  <largest-consumer threadName="Group1.Backend.CompositeBackend{Tier1}.4" threadId="0000000000854B00" bytes="117162080" />
</allocation-stats>
<gc-op id="2897" type="scavenge" timems="105.238" contextid="2894" timestamp="2020-09-11T10:52:21.174">
  <scavenger-info tenureage="3" tenuremask="7ff8" tiltratio="86" />
  <memory-copied type="nursery" objects="4099014" bytes="109949336" bytesdiscarded="392864" />
  <memory-copied type="tenure" objects="1106812" bytes="29750800" bytesdiscarded="66856" />
  <ownableSynchronizers candidates="4029" cleared="3437" />
  <references type="soft" candidates="574" cleared="0" enqueued="0" dynamicThreshold="18" maxThreshold="32" />
  <references type="weak" candidates="123" cleared="123" enqueued="0" />
</gc-op>
<gc-end id="2898" type="scavenge" contextid="2894" durationms="106.534" usertimems="764.396" systemtimems="0.000" timestamp="2020-09-11T10:52:21.175" activeThreads="8">
  <mem-info id="2899" free="1155102744" total="2836725760" percent="40">
    <mem type="nursery" free="700323584" total="939524096" percent="74">
      <mem type="allocate" free="700323584" total="810745856" percent="86" />
      <mem type="survivor" free="0" total="128778240" percent="0" />
    </mem>
    <mem type="tenure" free="454779160" total="1897201664" percent="23" macro-fragmented="0">
      <mem type="soa" free="340946200" total="1783368704" percent="19" />
      <mem type="loa" free="113832960" total="113832960" percent="100" />
    </mem>
    <remembered-set count="29554" />
  </mem-info>
</gc-end>
<cycle-end id="2900" type="scavenge" contextid="2894" timestamp="2020-09-11T10:52:21.176" />
<allocation-satisfied id="2901" threadId="000000000077FE00" bytesRequested="16" />
<af-end id="2902" timestamp="2020-09-11T10:52:21.176" threadId="0000000000780780" success="true" from="nursery"/>
<exclusive-end id="2903" timestamp="2020-09-11T10:52:21.176" durationms="109.331" />

<exclusive-start id="2904" timestamp="2020-09-11T10:52:23.235" intervalms="2168.157">
  <response-info timems="0.384" idlems="0.384" threads="0" lastid="0000000000891B00" lastname="Group1.Backend.CompositeBackend{Tier1}.7" />
</exclusive-start>
<af-start id="2905" threadId="0000000000892480" totalBytesRequested="10008" timestamp="2020-09-11T10:52:23.235" intervalms="2167.327" type="nursery" />
<cycle-start id="2906" type="scavenge" contextid="0" timestamp="2020-09-11T10:52:23.235" intervalms="2167.209" />
<gc-start id="2907" type="scavenge" contextid="2906" timestamp="2020-09-11T10:52:23.236">
  <mem-info id="2908" free="454779160" total="2836725760" percent="16">
    <mem type="nursery" free="0" total="939524096" percent="0">
      <mem type="allocate" free="0" total="810745856" percent="0" />
      <mem type="survivor" free="0" total="128778240" percent="0" />
    </mem>
    <mem type="tenure" free="454779160" total="1897201664" percent="23">
      <mem type="soa" free="340946200" total="1783368704" percent="19" />
      <mem type="loa" free="113832960" total="113832960" percent="100" />
    </mem>
    <remembered-set count="194728" />
  </mem-info>
</gc-start>
<allocation-stats totalBytes="699980136" >
  <allocated-bytes non-tlh="31193560" tlh="668786576" />
  <largest-consumer threadName="Group1.Backend.CompositeBackend{Tier1}.7" threadId="0000000000891B00" bytes="115721144" />
</allocation-stats>
<gc-op id="2909" type="scavenge" timems="115.964" contextid="2906" timestamp="2020-09-11T10:52:23.352">
  <scavenger-info tenureage="3" tenuremask="7ff8" tiltratio="86" />
  <memory-copied type="nursery" objects="4568365" bytes="120822888" bytesdiscarded="151904" />
  <memory-copied type="tenure" objects="1079945" bytes="29035944" bytesdiscarded="71784" />
  <ownableSynchronizers candidates="4301" cleared="3726" />
  <references type="soft" candidates="570" cleared="0" enqueued="0" dynamicThreshold="18" maxThreshold="32" />
  <references type="weak" candidates="129" cleared="128" enqueued="0" />
</gc-op>
<gc-end id="2910" type="scavenge" contextid="2906" durationms="116.945" usertimems="899.094" systemtimems="0.000" timestamp="2020-09-11T10:52:23.352" activeThreads="8">
  <mem-info id="2911" free="1100411248" total="2836725760" percent="38">
    <mem type="nursery" free="674674848" total="939524096" percent="71">
      <mem type="allocate" free="674674848" total="795738112" percent="84" />
      <mem type="survivor" free="0" total="143785984" percent="0" />
    </mem>
    <mem type="tenure" free="425736400" total="1897201664" percent="22" macro-fragmented="0">
      <mem type="soa" free="311903440" total="1783368704" percent="17" />
      <mem type="loa" free="113832960" total="113832960" percent="100" />
    </mem>
    <remembered-set count="29501" />
  </mem-info>
</gc-end>
<cycle-end id="2912" type="scavenge" contextid="2906" timestamp="2020-09-11T10:52:23.353" />
<allocation-satisfied id="2913" threadId="0000000000891B00" bytesRequested="10008" />
<af-end id="2914" timestamp="2020-09-11T10:52:23.353" threadId="0000000000892480" success="true" from="nursery"/>
<exclusive-end id="2915" timestamp="2020-09-11T10:52:23.353" durationms="118.586" />

<exclusive-start id="2916" timestamp="2020-09-11T10:52:25.341" intervalms="2106.046">
  <response-info timems="0.567" idlems="0.567" threads="0" lastid="0000000000854B00" lastname="Group1.Backend.CompositeBackend{Tier1}.4" />
</exclusive-start>
<af-start id="2917" threadId="0000000000855480" totalBytesRequested="24" timestamp="2020-09-11T10:52:25.341" intervalms="2106.153" type="nursery" />
<cycle-start id="2918" type="scavenge" contextid="0" timestamp="2020-09-11T10:52:25.342" intervalms="2106.183" />
<gc-start id="2919" type="scavenge" contextid="2918" timestamp="2020-09-11T10:52:25.342">
  <mem-info id="2920" free="425736400" total="2836725760" percent="15">
    <mem type="nursery" free="0" total="939524096" percent="0">
      <mem type="allocate" free="0" total="795738112" percent="0" />
      <mem type="survivor" free="0" total="143785984" percent="0" />
    </mem>
    <mem type="tenure" free="425736400" total="1897201664" percent="22">
      <mem type="soa" free="311903440" total="1783368704" percent="17" />
      <mem type="loa" free="113832960" total="113832960" percent="100" />
    </mem>
    <remembered-set count="195741" />
  </mem-info>
</gc-start>
<allocation-stats totalBytes="674345472" >
  <allocated-bytes non-tlh="27868344" tlh="646477128" />
  <largest-consumer threadName="Group1.Backend.CompositeBackend{Tier1}.3" threadId="0000000000808C00" bytes="126431384" />
</allocation-stats>
<gc-op id="2921" type="scavenge" timems="103.265" contextid="2918" timestamp="2020-09-11T10:52:25.445">
  <scavenger-info tenureage="3" tenuremask="7ff8" tiltratio="84" />
  <memory-copied type="nursery" objects="4152848" bytes="111288056" bytesdiscarded="194088" />
  <memory-copied type="tenure" objects="1139398" bytes="30652360" bytesdiscarded="71328" />
  <ownableSynchronizers candidates="3882" cleared="3320" />
  <references type="soft" candidates="520" cleared="0" enqueued="0" dynamicThreshold="18" maxThreshold="32" />
  <references type="weak" candidates="104" cleared="103" enqueued="0" />
</gc-op>
<gc-end id="2922" type="scavenge" contextid="2918" durationms="104.115" usertimems="764.377" systemtimems="0.000" timestamp="2020-09-11T10:52:25.446" activeThreads="8">
  <mem-info id="2923" free="1080842184" total="2836725760" percent="38">
    <mem type="nursery" free="685869312" total="939524096" percent="73">
      <mem type="allocate" free="685869312" total="797442048" percent="86" />
      <mem type="survivor" free="0" total="142082048" percent="0" />
    </mem>
    <mem type="tenure" free="394972872" total="1897201664" percent="20" macro-fragmented="0">
      <mem type="soa" free="281139912" total="1783368704" percent="15" />
      <mem type="loa" free="113832960" total="113832960" percent="100" />
    </mem>
    <remembered-set count="31723" />
  </mem-info>
</gc-end>
<cycle-end id="2924" type="scavenge" contextid="2918" timestamp="2020-09-11T10:52:25.446" />
<allocation-satisfied id="2925" threadId="0000000000854B00" bytesRequested="24" />
<af-end id="2926" timestamp="2020-09-11T10:52:25.446" threadId="0000000000855480" success="true" from="nursery"/>
<exclusive-end id="2927" timestamp="2020-09-11T10:52:25.446" durationms="105.756" />

<exclusive-start id="2928" timestamp="2020-09-11T10:52:27.422" intervalms="2081.563">
  <response-info timems="0.525" idlems="0.277" threads="1" lastid="000000000088A300" lastname="Group1.Backend.CompositeBackend{Tier1}.6" />
</exclusive-start>
<af-start id="2929" threadId="000000000089DD80" totalBytesRequested="16" timestamp="2020-09-11T10:52:27.423" intervalms="2081.988" type="nursery" />
<cycle-start id="2930" type="scavenge" contextid="0" timestamp="2020-09-11T10:52:27.424" intervalms="2081.987" />
<gc-start id="2931" type="scavenge" contextid="2930" timestamp="2020-09-11T10:52:27.424">
  <mem-info id="2932" free="394972872" total="2836725760" percent="13">
    <mem type="nursery" free="0" total="939524096" percent="0">
      <mem type="allocate" free="0" total="797442048" percent="0" />
      <mem type="survivor" free="0" total="142082048" percent="0" />
    </mem>
    <mem type="tenure" free="394972872" total="1897201664" percent="20">
      <mem type="soa" free="281139912" total="1783368704" percent="15" />
      <mem type="loa" free="113832960" total="113832960" percent="100" />
    </mem>
    <remembered-set count="192765" />
  </mem-info>
</gc-start>
<allocation-stats totalBytes="685542816" >
  <allocated-bytes non-tlh="34821560" tlh="650721256" />
  <largest-consumer threadName="Group1.Backend.CompositeBackend{Tier1}.2" threadId="000000000077F200" bytes="118450296" />
</allocation-stats>
<gc-op id="2933" type="scavenge" timems="116.223" contextid="2930" timestamp="2020-09-11T10:52:27.540">
  <scavenger-info tenureage="3" tenuremask="7ff8" tiltratio="84" />
  <memory-copied type="nursery" objects="4188344" bytes="112467896" bytesdiscarded="185608" />
  <memory-copied type="tenure" objects="1052010" bytes="28289128" bytesdiscarded="82088" />
  <ownableSynchronizers candidates="4328" cleared="3793" />
  <references type="soft" candidates="530" cleared="0" enqueued="0" dynamicThreshold="18" maxThreshold="32" />
  <references type="weak" candidates="112" cleared="112" enqueued="0" />
</gc-op>
<gc-end id="2934" type="scavenge" contextid="2930" durationms="117.175" usertimems="811.484" systemtimems="6.463" timestamp="2020-09-11T10:52:27.541" activeThreads="8">
  <mem-info id="2935" free="1054262936" total="2836725760" percent="37">
    <mem type="nursery" free="687658888" total="939524096" percent="73">
      <mem type="allocate" free="687658888" total="800391168" percent="85" />
      <mem type="survivor" free="0" total="139132928" percent="0" />
    </mem>
    <mem type="tenure" free="366604048" total="1897201664" percent="19" macro-fragmented="0">
      <mem type="soa" free="252771088" total="1783368704" percent="14" />
      <mem type="loa" free="113832960" total="113832960" percent="100" />
    </mem>
    <remembered-set count="32208" />
  </mem-info>
</gc-end>
<cycle-end id="2936" type="scavenge" contextid="2930" timestamp="2020-09-11T10:52:27.542" />
<allocation-satisfied id="2937" threadId="000000000089D400" bytesRequested="16" />
<af-end id="2938" timestamp="2020-09-11T10:52:27.542" threadId="000000000089DD80" success="true" from="nursery"/>
<exclusive-end id="2939" timestamp="2020-09-11T10:52:27.542" durationms="120.172" />

<exclusive-start id="2940" timestamp="2020-09-11T10:52:29.472" intervalms="2050.131">
  <response-info timems="0.408" idlems="0.408" threads="0" lastid="0000000000855600" lastname="Group1.Backend.CompositeBackend{Tier1}.5" />
</exclusive-start>
<af-start id="2941" threadId="0000000000855F80" totalBytesRequested="16" timestamp="2020-09-11T10:52:29.473" intervalms="2049.795" type="nursery" />
<cycle-start id="2942" type="scavenge" contextid="0" timestamp="2020-09-11T10:52:29.473" intervalms="2049.767" />
<gc-start id="2943" type="scavenge" contextid="2942" timestamp="2020-09-11T10:52:29.474">
  <mem-info id="2944" free="366604048" total="2836725760" percent="12">
    <mem type="nursery" free="0" total="939524096" percent="0">
      <mem type="allocate" free="0" total="800391168" percent="0" />
      <mem type="survivor" free="0" total="139132928" percent="0" />
    </mem>
    <mem type="tenure" free="366604048" total="1897201664" percent="19">
      <mem type="soa" free="252771088" total="1783368704" percent="14" />
      <mem type="loa" free="113832960" total="113832960" percent="100" />
    </mem>
    <remembered-set count="194102" />
  </mem-info>
</gc-start>
<allocation-stats totalBytes="687355184" >
  <allocated-bytes non-tlh="34291280" tlh="653063904" />
  <largest-consumer threadName="Group1.Backend.CompositeBackend{Tier1}.3" threadId="0000000000808C00" bytes="110233512" />
</allocation-stats>
<gc-op id="2945" type="scavenge" timems="98.204" contextid="2942" timestamp="2020-09-11T10:52:29.572">
  <scavenger-info tenureage="3" tenuremask="7ff8" tiltratio="85" />
  <memory-copied type="nursery" objects="4151915" bytes="110688624" bytesdiscarded="231312" />
  <memory-copied type="tenure" objects="1138308" bytes="30606768" bytesdiscarded="83344" />
  <ownableSynchronizers candidates="4247" cleared="3718" />
  <references type="soft" candidates="513" cleared="0" enqueued="0" dynamicThreshold="18" maxThreshold="32" />
  <references type="weak" candidates="113" cleared="113" enqueued="0" />
</gc-op>
<gc-end id="2946" type="scavenge" contextid="2942" durationms="99.028" usertimems="680.807" systemtimems="18.399" timestamp="2020-09-11T10:52:29.572" activeThreads="8">
  <mem-info id="2947" free="1027954976" total="2836725760" percent="36">
    <mem type="nursery" free="692013304" total="939524096" percent="73">
      <mem type="allocate" free="692013304" total="803012608" percent="86" />
      <mem type="survivor" free="0" total="136511488" percent="0" />
    </mem>
    <mem type="tenure" free="335941672" total="1897201664" percent="17" macro-fragmented="0">
      <mem type="soa" free="222108712" total="1783368704" percent="12" />
      <mem type="loa" free="113832960" total="113832960" percent="100" />
    </mem>
    <remembered-set count="32634" />
  </mem-info>
</gc-end>
<cycle-end id="2948" type="scavenge" contextid="2942" timestamp="2020-09-11T10:52:29.573" />
<allocation-satisfied id="2949" threadId="0000000000855600" bytesRequested="16" />
<af-end id="2950" timestamp="2020-09-11T10:52:29.573" threadId="0000000000855F80" success="true" from="nursery"/>
<exclusive-end id="2951" timestamp="2020-09-11T10:52:29.573" durationms="100.698" />

<exclusive-start id="2952" timestamp="2020-09-11T10:52:31.625" intervalms="2153.025">
  <response-info timems="0.399" idlems="0.399" threads="0" lastid="000000000089D400" lastname="Group1.Backend.CompositeBackend{Tier1}.8" />
</exclusive-start>
<af-start id="2953" threadId="000000000089DD80" totalBytesRequested="16" timestamp="2020-09-11T10:52:31.626" intervalms="2152.930" type="nursery" />
<cycle-start id="2954" type="scavenge" contextid="0" timestamp="2020-09-11T10:52:31.626" intervalms="2152.935" />
<gc-start id="2955" type="scavenge" contextid="2954" timestamp="2020-09-11T10:52:31.627">
  <mem-info id="2956" free="335941672" total="2836725760" percent="11">
    <mem type="nursery" free="0" total="939524096" percent="0">
      <mem type="allocate" free="0" total="803012608" percent="0" />
      <mem type="survivor" free="0" total="136511488" percent="0" />
    </mem>
    <mem type="tenure" free="335941672" total="1897201664" percent="17">
      <mem type="soa" free="222108712" total="1783368704" percent="12" />
      <mem type="loa" free="113832960" total="113832960" percent="100" />
    </mem>
    <remembered-set count="197215" />
  </mem-info>
</gc-start>
<allocation-stats totalBytes="691685664" >
  <allocated-bytes non-tlh="30096600" tlh="661589064" />
  <largest-consumer threadName="Group1.Backend.CompositeBackend{Tier1}.3" threadId="0000000000808C00" bytes="151473992" />
</allocation-stats>
<gc-op id="2957" type="scavenge" timems="101.520" contextid="2954" timestamp="2020-09-11T10:52:31.728">
  <scavenger-info tenureage="3" tenuremask="7ff8" tiltratio="85" />
  <memory-copied type="nursery" objects="4237345" bytes="112744296" bytesdiscarded="329664" />
  <memory-copied type="tenure" objects="1114456" bytes="29939392" bytesdiscarded="82688" />
  <ownableSynchronizers candidates="4883" cleared="4334" />
  <references type="soft" candidates="537" cleared="0" enqueued="0" dynamicThreshold="18" maxThreshold="32" />
  <references type="weak" candidates="113" cleared="113" enqueued="0" />
</gc-op>
<gc-end id="2958" type="scavenge" contextid="2954" durationms="102.375" usertimems="773.043" systemtimems="0.000" timestamp="2020-09-11T10:52:31.729" activeThreads="8">
  <mem-info id="2959" free="997399840" total="2836725760" percent="35">
    <mem type="nursery" free="691425504" total="939524096" percent="73">
      <mem type="allocate" free="691425504" total="804585472" percent="85" />
      <mem type="survivor" free="0" total="134938624" percent="0" />
    </mem>
    <mem type="tenure" free="305974336" total="1897201664" percent="16" macro-fragmented="0">
      <mem type="soa" free="192141376" total="1783368704" percent="10" />
      <mem type="loa" free="113832960" total="113832960" percent="100" />
    </mem>
    <remembered-set count="30869" />
  </mem-info>
</gc-end>
<cycle-end id="2960" type="scavenge" contextid="2954" timestamp="2020-09-11T10:52:31.729" />
<allocation-satisfied id="2961" threadId="000000000089D400" bytesRequested="16" />
<af-end id="2962" timestamp="2020-09-11T10:52:31.729" threadId="000000000089DD80" success="true" from="nursery"/>
<exclusive-end id="2963" timestamp="2020-09-11T10:52:31.729" durationms="104.052" />

<exclusive-start id="2964" timestamp="2020-09-11T10:52:33.683" intervalms="2057.689">
  <response-info timems="0.925" idlems="0.591" threads="1" lastid="0000000000808C00" lastname="Group1.Backend.CompositeBackend{Tier1}.3" />
</exclusive-start>
<af-start id="2965" threadId="000000000088AC80" totalBytesRequested="24" timestamp="2020-09-11T10:52:33.684" intervalms="2058.111" type="nursery" />
<cycle-start id="2966" type="scavenge" contextid="0" timestamp="2020-09-11T10:52:33.684" intervalms="2058.142" />
<gc-start id="2967" type="scavenge" contextid="2966" timestamp="2020-09-11T10:52:33.685">
  <mem-info id="2968" free="305974336" total="2836725760" percent="10">
    <mem type="nursery" free="0" total="939524096" percent="0">
      <mem type="allocate" free="0" total="804585472" percent="0" />
      <mem type="survivor" free="0" total="134938624" percent="0" />
    </mem>
    <mem type="tenure" free="305974336" total="1897201664" percent="16">
      <mem type="soa" free="192141376" total="1783368704" percent="10" />
      <mem type="loa" free="113832960" total="113832960" percent="100" />
    </mem>
    <remembered-set count="192752" />
  </mem-info>
</gc-start>
<allocation-stats totalBytes="691081712" >
  <allocated-bytes non-tlh="36313824" tlh="654767888" />
  <largest-consumer threadName="Group1.Backend.CompositeBackend{Tier1}.8" threadId="000000000089D400" bytes="118695480" />
</allocation-stats>
<gc-op id="2969" type="scavenge" timems="87.053" contextid="2966" timestamp="2020-09-11T10:52:33.772">
  <scavenger-info tenureage="3" tenuremask="7ff8" tiltratio="85" />
  <memory-copied type="nursery" objects="4056398" bytes="108901904" bytesdiscarded="294728" />
  <memory-copied type="tenure" objects="1071583" bytes="28787128" bytesdiscarded="71920" />
  <ownableSynchronizers candidates="4281" cleared="3724" />
  <references type="soft" candidates="533" cleared="0" enqueued="0" dynamicThreshold="18" maxThreshold="32" />
  <references type="weak" candidates="124" cleared="123" enqueued="0" />
</gc-op>
<gc-end id="2970" type="scavenge" contextid="2966" durationms="88.006" usertimems="646.166" systemtimems="2.798" timestamp="2020-09-11T10:52:33.773" activeThreads="8">
  <mem-info id="2971" free="974136216" total="2836725760" percent="34">
    <mem type="nursery" free="697009152" total="939524096" percent="74">
      <mem type="allocate" free="697009152" total="806289408" percent="86" />
      <mem type="survivor" free="0" total="133234688" percent="0" />
    </mem>
    <mem type="tenure" free="277127064" total="1897201664" percent="14" macro-fragmented="0">
      <mem type="soa" free="163294104" total="1783368704" percent="9" />
      <mem type="loa" free="113832960" total="113832960" percent="100" />
    </mem>
    <remembered-set count="29892" />
  </mem-info>
</gc-end>
<cycle-end id="2972" type="scavenge" contextid="2966" timestamp="2020-09-11T10:52:33.773" />
<allocation-satisfied id="2973" threadId="000000000088A300" bytesRequested="24" />
<af-end id="2974" timestamp="2020-09-11T10:52:33.773" threadId="000000000088AC80" success="true" from="nursery"/>
<exclusive-end id="2975" timestamp="2020-09-11T10:52:33.773" durationms="90.284" />

<exclusive-start id="2976" timestamp="2020-09-11T10:52:35.910" intervalms="2227.138">
  <response-info timems="0.310" idlems="0.310" threads="0" lastid="0000000000855600" lastname="Group1.Backend.CompositeBackend{Tier1}.5" />
</exclusive-start>
<af-start id="2977" threadId="0000000000855F80" totalBytesRequested="24" timestamp="2020-09-11T10:52:35.911" intervalms="2226.773" type="nursery" />
<cycle-start id="2978" type="scavenge" contextid="0" timestamp="2020-09-11T10:52:35.911" intervalms="2226.741" />
<gc-start id="2979" type="scavenge" contextid="2978" timestamp="2020-09-11T10:52:35.911">
  <mem-info id="2980" free="277127064" total="2836725760" percent="9">
    <mem type="nursery" free="0" total="939524096" percent="0">
      <mem type="allocate" free="0" total="806289408" percent="0" />
      <mem type="survivor" free="0" total="133234688" percent="0" />
    </mem>
    <mem type="tenure" free="277127064" total="1897201664" percent="14">
      <mem type="soa" free="163294104" total="1783368704" percent="9" />
      <mem type="loa" free="113832960" total="113832960" percent="100" />
    </mem>
    <remembered-set count="197177" />
  </mem-info>
</gc-start>
<allocation-stats totalBytes="696668680" >
  <allocated-bytes non-tlh="27662880" tlh="669005800" />
  <largest-consumer threadName="Group1.Backend.CompositeBackend{Tier1}.8" threadId="000000000089D400" bytes="105838616" />
</allocation-stats>
<gc-op id="2981" type="scavenge" timems="86.049" contextid="2978" timestamp="2020-09-11T10:52:35.998">
  <scavenger-info tenureage="3" tenuremask="7ff8" tiltratio="85" />
  <memory-copied type="nursery" objects="4151697" bytes="111398648" bytesdiscarded="369656" />
  <memory-copied type="tenure" objects="1069946" bytes="28765600" bytesdiscarded="71960" />
  <ownableSynchronizers candidates="5102" cleared="4531" />
  <references type="soft" candidates="566" cleared="0" enqueued="0" dynamicThreshold="18" maxThreshold="32" />
  <references type="weak" candidates="100" cleared="99" enqueued="0" />
</gc-op>
<gc-end id="2982" type="scavenge" contextid="2978" durationms="86.863" usertimems="634.467" systemtimems="0.000" timestamp="2020-09-11T10:52:35.998" activeThreads="8">
  <mem-info id="2983" free="943836872" total="2836725760" percent="33">
    <mem type="nursery" free="695617536" total="939524096" percent="74">
      <mem type="allocate" free="695617536" total="807469056" percent="86" />
      <mem type="survivor" free="0" total="132055040" percent="0" />
    </mem>
    <mem type="tenure" free="248219336" total="1897201664" percent="13" macro-fragmented="0">
      <mem type="soa" free="134386376" total="1783368704" percent="7" />
      <mem type="loa" free="113832960" total="113832960" percent="100" />
    </mem>
    <remembered-set count="30696" />
  </mem-info>
</gc-end>
<cycle-end id="2984" type="scavenge" contextid="2978" timestamp="2020-09-11T10:52:35.999" />
<allocation-satisfied id="2985" threadId="0000000000855600" bytesRequested="24" />
<af-end id="2986" timestamp="2020-09-11T10:52:35.999" threadId="0000000000855F80" success="true" from="nursery"/>
<exclusive-end id="2987" timestamp="2020-09-11T10:52:35.999" durationms="88.523" />

<exclusive-start id="2988" timestamp="2020-09-11T10:52:37.933" intervalms="2022.410">
  <response-info timems="5.145" idlems="5.145" threads="0" lastid="0000000000808C00" lastname="Group1.Backend.CompositeBackend{Tier1}.3" />
</exclusive-start>
<af-start id="2989" threadId="0000000000809580" totalBytesRequested="120" timestamp="2020-09-11T10:52:37.934" intervalms="2022.571" type="nursery" />
<cycle-start id="2990" type="scavenge" contextid="0" timestamp="2020-09-11T10:52:37.934" intervalms="2022.598" />
<gc-start id="2991" type="scavenge" contextid="2990" timestamp="2020-09-11T10:52:37.934">
  <mem-info id="2992" free="248219336" total="2836725760" percent="8">
    <mem type="nursery" free="0" total="939524096" percent="0">
      <mem type="allocate" free="0" total="807469056" percent="0" />
      <mem type="survivor" free="0" total="132055040" percent="0" />
    </mem>
    <mem type="tenure" free="248219336" total="1897201664" percent="13">
      <mem type="soa" free="134386376" total="1783368704" percent="7" />
      <mem type="loa" free="113832960" total="113832960" percent="100" />
    </mem>
    <remembered-set count="193688" />
  </mem-info>
</gc-start>
<allocation-stats totalBytes="695276136" >
  <allocated-bytes non-tlh="35452432" tlh="659823704" />
  <largest-consumer threadName="Group1.Backend.CompositeBackend{Tier1}.7" threadId="0000000000891B00" bytes="101170488" />
</allocation-stats>
<gc-op id="2993" type="scavenge" timems="126.888" contextid="2990" timestamp="2020-09-11T10:52:38.061">
  <scavenger-info tenureage="3" tenuremask="7ff8" tiltratio="85" />
  <memory-copied type="nursery" objects="4135386" bytes="110951672" bytesdiscarded="196200" />
  <memory-copied type="tenure" objects="1103644" bytes="29696264" bytesdiscarded="70368" />
  <ownableSynchronizers candidates="3671" cleared="3115" />
  <references type="soft" candidates="511" cleared="0" enqueued="0" dynamicThreshold="18" maxThreshold="32" />
  <references type="weak" candidates="118" cleared="118" enqueued="0" />
</gc-op>
<gc-end id="2994" type="scavenge" contextid="2990" durationms="128.172" usertimems="831.300" systemtimems="7.056" timestamp="2020-09-11T10:52:38.062" activeThreads="8">
  <mem-info id="2995" free="916173480" total="2836725760" percent="32">
    <mem type="nursery" free="697682944" total="939524096" percent="74">
      <mem type="allocate" free="697682944" total="808910848" percent="86" />
      <mem type="survivor" free="0" total="130613248" percent="0" />
    </mem>
    <mem type="tenure" free="218490536" total="1897201664" percent="11" macro-fragmented="0">
      <mem type="soa" free="104657576" total="1783368704" percent="5" />
      <mem type="loa" free="113832960" total="113832960" percent="100" />
    </mem>
    <remembered-set count="31078" />
  </mem-info>
</gc-end>
<cycle-end id="2996" type="scavenge" contextid="2990" timestamp="2020-09-11T10:52:38.063" />
<allocation-satisfied id="2997" threadId="0000000000808C00" bytesRequested="120" />
<af-end id="2998" timestamp="2020-09-11T10:52:38.063" threadId="0000000000809580" success="true" from="nursery"/>
<exclusive-end id="2999" timestamp="2020-09-11T10:52:38.063" durationms="130.432" />

<exclusive-start id="3000" timestamp="2020-09-11T10:52:40.071" intervalms="2137.889">
  <response-info timems="4.756" idlems="4.756" threads="0" lastid="0000000000AA3900" lastname="Group1.Backend.CompositeBackend{Tier3}.4" />
</exclusive-start>
<af-start id="3001" threadId="0000000000AA4280" totalBytesRequested="32" timestamp="2020-09-11T10:52:40.071" intervalms="2137.721" type="nursery" />
<cycle-start id="3002" type="scavenge" contextid="0" timestamp="2020-09-11T10:52:40.071" intervalms="2137.707" />
<gc-start id="3003" type="scavenge" contextid="3002" timestamp="2020-09-11T10:52:40.072">
  <mem-info id="3004" free="218490536" total="2836725760" percent="7">
    <mem type="nursery" free="0" total="939524096" percent="0">
      <mem type="allocate" free="0" total="808910848" percent="0" />
      <mem type="survivor" free="0" total="130613248" percent="0" />
    </mem>
    <mem type="tenure" free="218490536" total="1897201664" percent="11">
      <mem type="soa" free="104657576" total="1783368704" percent="5" />
      <mem type="loa" free="113832960" total="113832960" percent="100" />
    </mem>
    <remembered-set count="193082" />
  </mem-info>
</gc-start>
<allocation-stats totalBytes="697374824" >
  <allocated-bytes non-tlh="34138264" tlh="663236560" />
  <largest-consumer threadName="Group1.Backend.CompositeBackend{Tier1}.5" threadId="0000000000855600" bytes="115195840" />
</allocation-stats>
<gc-op id="3005" type="scavenge" timems="116.679" contextid="3002" timestamp="2020-09-11T10:52:40.188">
  <scavenger-info tenureage="3" tenuremask="7ff8" tiltratio="86" />
  <memory-copied type="nursery" objects="4552247" bytes="120206880" bytesdiscarded="209144" />
  <memory-copied type="tenure" objects="1068214" bytes="28718976" bytesdiscarded="99224" />
  <ownableSynchronizers candidates="5054" cleared="4521" />
  <references type="soft" candidates="501" cleared="0" enqueued="0" dynamicThreshold="18" maxThreshold="32" />
  <references type="weak" candidates="99" cleared="98" enqueued="0" />
</gc-op>
<gc-end id="3006" type="scavenge" contextid="3002" durationms="117.557" usertimems="872.304" systemtimems="0.000" timestamp="2020-09-11T10:52:40.189" activeThreads="8">
  <mem-info id="3007" free="866511496" total="2836725760" percent="30">
    <mem type="nursery" free="676879408" total="939524096" percent="72">
      <mem type="allocate" free="676879408" total="797376512" percent="84" />
      <mem type="survivor" free="0" total="142147584" percent="0" />
    </mem>
    <mem type="tenure" free="189632088" total="1897201664" percent="9" macro-fragmented="0">
      <mem type="soa" free="75799128" total="1783368704" percent="4" />
      <mem type="loa" free="113832960" total="113832960" percent="100" />
    </mem>
    <remembered-set count="30990" />
  </mem-info>
</gc-end>
<cycle-end id="3008" type="scavenge" contextid="3002" timestamp="2020-09-11T10:52:40.190" />
<allocation-satisfied id="3009" threadId="0000000000AA3900" bytesRequested="32" />
<af-end id="3010" timestamp="2020-09-11T10:52:40.190" threadId="0000000000AA4280" success="true" from="nursery"/>
<exclusive-end id="3011" timestamp="2020-09-11T10:52:40.190" durationms="119.168" />

<exclusive-start id="3012" timestamp="2020-09-11T10:52:42.117" intervalms="2046.090">
  <response-info timems="1.256" idlems="1.256" threads="0" lastid="000000000077FE00" lastname="Group1.Backend.CompositeBackend{Tier1}.1" />
</exclusive-start>
<af-start id="3013" threadId="0000000000780780" totalBytesRequested="16" timestamp="2020-09-11T10:52:42.117" intervalms="2046.003" type="nursery" />
<cycle-start id="3014" type="scavenge" contextid="0" timestamp="2020-09-11T10:52:42.117" intervalms="2046.021" />
<gc-start id="3015" type="scavenge" contextid="3014" timestamp="2020-09-11T10:52:42.118">
  <mem-info id="3016" free="189632088" total="2836725760" percent="6">
    <mem type="nursery" free="0" total="939524096" percent="0">
      <mem type="allocate" free="0" total="797376512" percent="0" />
      <mem type="survivor" free="0" total="142147584" percent="0" />
    </mem>
    <mem type="tenure" free="189632088" total="1897201664" percent="9">
      <mem type="soa" free="75799128" total="1783368704" percent="4" />
      <mem type="loa" free="113832960" total="113832960" percent="100" />
    </mem>
    <remembered-set count="195106" />
  </mem-info>
</gc-start>
<allocation-stats totalBytes="676549736" >
  <allocated-bytes non-tlh="31791536" tlh="644758200" />
  <largest-consumer threadName="Group1.Backend.CompositeBackend{Tier1}.3" threadId="0000000000808C00" bytes="125641136" />
</allocation-stats>
<gc-op id="3017" type="scavenge" timems="123.917" contextid="3014" timestamp="2020-09-11T10:52:42.242">
  <scavenger-info tenureage="3" tenuremask="7ff8" tiltratio="84" />
  <memory-copied type="nursery" objects="4398036" bytes="116601440" bytesdiscarded="374992" />
  <memory-copied type="tenure" objects="1143756" bytes="30749456" bytesdiscarded="114768" />
  <ownableSynchronizers candidates="4008" cleared="3508" />
  <references type="soft" candidates="442" cleared="0" enqueued="0" dynamicThreshold="18" maxThreshold="32" />
  <references type="weak" candidates="108" cleared="108" enqueued="0" />
</gc-op>
<gc-end id="3018" type="scavenge" contextid="3014" durationms="124.820" usertimems="964.624" systemtimems="6.701" timestamp="2020-09-11T10:52:42.242" activeThreads="8">
  <mem-info id="3019" free="840620256" total="2836725760" percent="29">
    <mem type="nursery" free="681822192" total="939524096" percent="72">
      <mem type="allocate" free="681822192" total="798883840" percent="85" />
      <mem type="survivor" free="0" total="140640256" percent="0" />
    </mem>
    <mem type="tenure" free="158798064" total="1897201664" percent="8" macro-fragmented="0">
      <mem type="soa" free="44965104" total="1783368704" percent="2" />
      <mem type="loa" free="113832960" total="113832960" percent="100" />
    </mem>
    <remembered-set count="31329" />
  </mem-info>
</gc-end>
<cycle-end id="3020" type="scavenge" contextid="3014" timestamp="2020-09-11T10:52:42.243" />
<allocation-satisfied id="3021" threadId="000000000077FE00" bytesRequested="16" />
<af-end id="3022" timestamp="2020-09-11T10:52:42.243" threadId="0000000000780780" success="true" from="nursery"/>
<exclusive-end id="3023" timestamp="2020-09-11T10:52:42.243" durationms="126.524" />

<exclusive-start id="3024" timestamp="2020-09-11T10:52:44.144" intervalms="2027.346">
  <response-info timems="0.625" idlems="0.316" threads="1" lastid="0000000000855600" lastname="Group1.Backend.CompositeBackend{Tier1}.5" />
</exclusive-start>
<af-start id="3025" threadId="0000000000780780" totalBytesRequested="32" timestamp="2020-09-11T10:52:44.145" intervalms="2027.503" type="nursery" />
<cycle-start id="3026" type="scavenge" contextid="0" timestamp="2020-09-11T10:52:44.145" intervalms="2027.478" />
<gc-start id="3027" type="scavenge" contextid="3026" timestamp="2020-09-11T10:52:44.145">
  <mem-info id="3028" free="158798064" total="2836725760" percent="5">
    <mem type="nursery" free="0" total="939524096" percent="0">
      <mem type="allocate" free="0" total="798883840" percent="0" />
      <mem type="survivor" free="0" total="140640256" percent="0" />
    </mem>
    <mem type="tenure" free="158798064" total="1897201664" percent="8">
      <mem type="soa" free="44965104" total="1783368704" percent="2" />
      <mem type="loa" free="113832960" total="113832960" percent="100" />
    </mem>
    <remembered-set count="190802" />
  </mem-info>
</gc-start>
<allocation-stats totalBytes="681494896" >
  <allocated-bytes non-tlh="37279512" tlh="644215384" />
  <largest-consumer threadName="Group1.Backend.CompositeBackend{Tier1}.3" threadId="0000000000808C00" bytes="125624208" />
</allocation-stats>
<gc-op id="3029" type="scavenge" timems="99.081" contextid="3026" timestamp="2020-09-11T10:52:44.244">
  <scavenger-info tenureage="3" tenuremask="7ff8" tiltratio="85" />
  <memory-copied type="nursery" objects="4257239" bytes="113315720" bytesdiscarded="165456" />
  <memory-copied type="tenure" objects="1099118" bytes="29561312" bytesdiscarded="106512" />
  <ownableSynchronizers candidates="4490" cleared="4040" />
  <references type="soft" candidates="422" cleared="0" enqueued="0" dynamicThreshold="18" maxThreshold="32" />
  <references type="weak" candidates="128" cleared="127" enqueued="0" />
</gc-op>
<gc-end id="3030" type="scavenge" contextid="3026" durationms="100.085" usertimems="717.409" systemtimems="7.547" timestamp="2020-09-11T10:52:44.245" activeThreads="8">
  <mem-info id="3031" free="816430096" total="2836725760" percent="28">
    <mem type="nursery" free="687288512" total="939524096" percent="73">
      <mem type="allocate" free="687288512" total="800849920" percent="85" />
      <mem type="survivor" free="0" total="138674176" percent="0" />
    </mem>
    <mem type="tenure" free="129141584" total="1897201664" percent="6" macro-fragmented="0">
      <mem type="soa" free="15308624" total="1783368704" percent="0" />
      <mem type="loa" free="113832960" total="113832960" percent="100" />
    </mem>
    <remembered-set count="31281" />
  </mem-info>
</gc-end>
<cycle-end id="3032" type="scavenge" contextid="3026" timestamp="2020-09-11T10:52:44.246" />
<allocation-satisfied id="3033" threadId="000000000077FE00" bytesRequested="32" />
<af-end id="3034" timestamp="2020-09-11T10:52:44.246" threadId="0000000000780780" success="true" from="nursery"/>
<exclusive-end id="3035" timestamp="2020-09-11T10:52:44.246" durationms="102.198" />

<exclusive-start id="3036" timestamp="2020-09-11T10:52:46.328" intervalms="2184.016">
  <response-info timems="1.128" idlems="1.128" threads="0" lastid="0000000000855600" lastname="Group1.Backend.CompositeBackend{Tier1}.5" />
</exclusive-start>
<af-start id="3037" threadId="0000000000855F80" totalBytesRequested="1032" timestamp="2020-09-11T10:52:46.329" intervalms="2184.245" type="nursery" />
<percolate-collect id="3038" from="nursery" to="global" reason="prevent tenure expand" timestamp="2020-09-11T10:52:46.329"/>
<cycle-start id="3039" type="global" contextid="0" timestamp="2020-09-11T10:52:46.329" intervalms="70427.023" />
<gc-start id="3040" type="global" contextid="3039" timestamp="2020-09-11T10:52:46.330">
  <mem-info id="3041" free="129141584" total="2836725760" percent="4">
    <mem type="nursery" free="0" total="939524096" percent="0">
      <mem type="allocate" free="0" total="800849920" percent="0" />
      <mem type="survivor" free="0" total="138674176" percent="0" />
    </mem>
    <mem type="tenure" free="129141584" total="1897201664" percent="6">
      <mem type="soa" free="15308624" total="1783368704" percent="0" />
      <mem type="loa" free="113832960" total="113832960" percent="100" />
    </mem>
    <remembered-set count="199261" />
  </mem-info>
</gc-start>
<allocation-stats totalBytes="686926224" >
  <allocated-bytes non-tlh="24845704" tlh="662080520" />
  <largest-consumer threadName="Group1.Backend.CompositeBackend{Tier1}.3" threadId="0000000000808C00" bytes="132594936" />
</allocation-stats>
<gc-op id="3042" type="mark" timems="532.987" contextid="3039" timestamp="2020-09-11T10:52:46.863">
  <trace-info objectcount="30630768" scancount="29650182" scanbytes="811161416" />
  <finalization candidates="149" enqueued="0" />
  <ownableSynchronizers candidates="585364" cleared="4190" />
  <references type="soft" candidates="704335" cleared="0" enqueued="0" dynamicThreshold="18" maxThreshold="32" />
  <references type="weak" candidates="4397" cleared="113" enqueued="0" />
  <references type="phantom" candidates="106" cleared="0" enqueued="0" />
  <stringconstants candidates="11194" cleared="1"  />
</gc-op>
<gc-op id="3043" type="sweep" timems="10.835" contextid="3039" timestamp="2020-09-11T10:52:46.874" />
<gc-end id="3044" type="global" contextid="3039" durationms="545.164" usertimems="4141.318" systemtimems="0.000" timestamp="2020-09-11T10:52:46.875" activeThreads="8">
  <mem-info id="3045" free="1709161672" total="2836725760" percent="60">
    <mem type="nursery" free="603547808" total="939524096" percent="64">
      <mem type="allocate" free="603547808" total="800849920" percent="75" />
      <mem type="survivor" free="0" total="138674176" percent="0" />
    </mem>
    <mem type="tenure" free="1105613864" total="1897201664" percent="58" micro-fragmented="47981404" macro-fragmented="0">
      <mem type="soa" free="991780904" total="1783368704" percent="55" />
      <mem type="loa" free="113832960" total="113832960" percent="100" />
    </mem>
    <remembered-set count="193006" />
  </mem-info>
</gc-end>
<cycle-end id="3046" type="global" contextid="3039" timestamp="2020-09-11T10:52:46.875" />
<allocation-satisfied id="3047" threadId="0000000000855600" bytesRequested="1032" />
<af-end id="3048" timestamp="2020-09-11T10:52:46.875" threadId="0000000000855F80" success="true" from="nursery"/>
<exclusive-end id="3049" timestamp="2020-09-11T10:52:46.875" durationms="547.245" />

<exclusive-start id="3050" timestamp="2020-09-11T10:52:48.091" intervalms="1762.817">
  <response-info timems="0.605" idlems="0.605" threads="0" lastid="000000000089D400" lastname="Group1.Backend.CompositeBackend{Tier1}.8" />
</exclusive-start>
<af-start id="3051" threadId="000000000089DD80" totalBytesRequested="262152" timestamp="2020-09-11T10:52:48.092" intervalms="1762.810" type="nursery" />
<cycle-start id="3052" type="scavenge" contextid="0" timestamp="2020-09-11T10:52:48.092" intervalms="3947.148" />
<gc-start id="3053" type="scavenge" contextid="3052" timestamp="2020-09-11T10:52:48.092">
  <mem-info id="3054" free="1133795312" total="2836725760" percent="39">
    <mem type="nursery" free="28181496" total="939524096" percent="2">
      <mem type="allocate" free="28181496" total="800849920" percent="3" />
      <mem type="survivor" free="0" total="138674176" percent="0" />
    </mem>
    <mem type="tenure" free="1105613816" total="1897201664" percent="58">
      <mem type="soa" free="991780856" total="1783368704" percent="55" />
      <mem type="loa" free="113832960" total="113832960" percent="100" />
    </mem>
    <remembered-set count="244946" />
  </mem-info>
</gc-start>
<allocation-stats totalBytes="573116848" >
  <allocated-bytes non-tlh="27847240" tlh="545269608" />
  <largest-consumer threadName="Group1.Backend.CompositeBackend{Tier1}.2" threadId="000000000077F200" bytes="90945848" />
</allocation-stats>
<gc-op id="3055" type="scavenge" timems="143.416" contextid="3052" timestamp="2020-09-11T10:52:48.236">
  <scavenger-info tenureage="3" tenuremask="7ff8" tiltratio="85" />
  <memory-copied type="nursery" objects="5229864" bytes="138489472" bytesdiscarded="43000" />
  <memory-copied type="tenure" objects="1269996" bytes="33862224" bytesdiscarded="49888" />
  <copy-failed type="nursery" objects="285576" bytes="7408000" />
  <ownableSynchronizers candidates="1164897" cleared="1164370" />
  <references type="soft" candidates="425" cleared="0" enqueued="0" dynamicThreshold="18" maxThreshold="32" />
  <references type="weak" candidates="98" cleared="98" enqueued="0" />
</gc-op>
<gc-end id="3056" type="scavenge" contextid="3052" durationms="145.204" usertimems="1086.074" systemtimems="12.286" timestamp="2020-09-11T10:52:48.237" activeThreads="8">
  <mem-info id="3057" free="1672520928" total="2836725760" percent="58">
    <mem type="nursery" free="600899584" total="939524096" percent="63">
      <mem type="allocate" free="600899584" total="739573760" percent="81" />
      <mem type="survivor" free="0" total="199950336" percent="0" />
    </mem>
    <mem type="tenure" free="1071621344" total="1897201664" percent="56" macro-fragmented="0">
      <mem type="soa" free="957788384" total="1783368704" percent="53" />
      <mem type="loa" free="113832960" total="113832960" percent="100" />
    </mem>
    <remembered-set count="49459" />
  </mem-info>
</gc-end>
<cycle-end id="3058" type="scavenge" contextid="3052" timestamp="2020-09-11T10:52:48.238" />
<allocation-satisfied id="3059" threadId="000000000089D400" bytesRequested="262152" />
<af-end id="3060" timestamp="2020-09-11T10:52:48.238" threadId="000000000089DD80" success="true" from="nursery"/>
<exclusive-end id="3061" timestamp="2020-09-11T10:52:48.238" durationms="147.633" />

<exclusive-start id="3062" timestamp="2020-09-11T10:52:49.891" intervalms="1799.902">
  <response-info timems="0.487" idlems="0.487" threads="0" lastid="000000000077F200" lastname="Group1.Backend.CompositeBackend{Tier1}.2" />
</exclusive-start>
<af-start id="3063" threadId="000000000077FB80" totalBytesRequested="24" timestamp="2020-09-11T10:52:49.891" intervalms="1799.531" type="nursery" />
<cycle-start id="3064" type="scavenge" contextid="0" timestamp="2020-09-11T10:52:49.891" intervalms="1799.428" />
<gc-start id="3065" type="scavenge" contextid="3064" timestamp="2020-09-11T10:52:49.892">
  <mem-info id="3066" free="1071621344" total="2836725760" percent="37">
    <mem type="nursery" free="0" total="939524096" percent="0">
      <mem type="allocate" free="0" total="739573760" percent="0" />
      <mem type="survivor" free="0" total="199950336" percent="0" />
    </mem>
    <mem type="tenure" free="1071621344" total="1897201664" percent="56">
      <mem type="soa" free="957788384" total="1783368704" percent="53" />
      <mem type="loa" free="113832960" total="113832960" percent="100" />
    </mem>
    <remembered-set count="201391" />
  </mem-info>
</gc-start>
<allocation-stats totalBytes="600615776" >
  <allocated-bytes non-tlh="31196000" tlh="569419776" />
  <largest-consumer threadName="Group1.Backend.CompositeBackend{Tier1}.2" threadId="000000000077F200" bytes="123335048" />
</allocation-stats>
<gc-op id="3067" type="scavenge" timems="104.770" contextid="3064" timestamp="2020-09-11T10:52:49.997">
  <scavenger-info tenureage="3" tenuremask="7ff8" tiltratio="78" />
  <memory-copied type="nursery" objects="5021446" bytes="133540072" bytesdiscarded="157824" />
  <memory-copied type="tenure" objects="955631" bytes="25764240" bytesdiscarded="34296" />
  <ownableSynchronizers candidates="3226" cleared="2836" />
  <references type="soft" candidates="419" cleared="0" enqueued="0" dynamicThreshold="18" maxThreshold="32" />
  <references type="weak" candidates="104" cleared="104" enqueued="0" />
</gc-op>
<gc-end id="3068" type="scavenge" contextid="3064" durationms="106.003" usertimems="811.062" systemtimems="2.261" timestamp="2020-09-11T10:52:49.998" activeThreads="8">
  <mem-info id="3069" free="1658772400" total="2836725760" percent="58">
    <mem type="nursery" free="613134920" total="939524096" percent="65">
      <mem type="allocate" free="613134920" total="746913792" percent="82" />
      <mem type="survivor" free="0" total="192610304" percent="0" />
    </mem>
    <mem type="tenure" free="1045637480" total="1897201664" percent="55" macro-fragmented="0">
      <mem type="soa" free="931804520" total="1783368704" percent="52" />
      <mem type="loa" free="113832960" total="113832960" percent="100" />
    </mem>
    <remembered-set count="46432" />
  </mem-info>
</gc-end>
<cycle-end id="3070" type="scavenge" contextid="3064" timestamp="2020-09-11T10:52:49.999" />
<allocation-satisfied id="3071" threadId="000000000077F200" bytesRequested="24" />
<af-end id="3072" timestamp="2020-09-11T10:52:49.999" threadId="000000000077FB80" success="true" from="nursery"/>
<exclusive-end id="3073" timestamp="2020-09-11T10:52:49.999" durationms="107.980" />

<exclusive-start id="3074" timestamp="2020-09-11T10:52:51.671" intervalms="1780.088">
  <response-info timems="0.394" idlems="0.394" threads="0" lastid="0000000000854B00" lastname="Group1.Backend.CompositeBackend{Tier1}.4" />
</exclusive-start>
<af-start id="3075" threadId="0000000000855480" totalBytesRequested="120" timestamp="2020-09-11T10:52:51.671" intervalms="1780.038" type="nursery" />
<cycle-start id="3076" type="scavenge" contextid="0" timestamp="2020-09-11T10:52:51.672" intervalms="1780.058" />
<gc-start id="3077" type="scavenge" contextid="3076" timestamp="2020-09-11T10:52:51.672">
  <mem-info id="3078" free="1045637480" total="2836725760" percent="36">
    <mem type="nursery" free="0" total="939524096" percent="0">
      <mem type="allocate" free="0" total="746913792" percent="0" />
      <mem type="survivor" free="0" total="192610304" percent="0" />
    </mem>
    <mem type="tenure" free="1045637480" total="1897201664" percent="55">
      <mem type="soa" free="931804520" total="1783368704" percent="52" />
      <mem type="loa" free="113832960" total="113832960" percent="100" />
    </mem>
    <remembered-set count="197483" />
  </mem-info>
</gc-start>
<allocation-stats totalBytes="612831368" >
  <allocated-bytes non-tlh="32130920" tlh="580700448" />
  <largest-consumer threadName="Group1.Backend.CompositeBackend{Tier1}.2" threadId="000000000077F200" bytes="102134976" />
</allocation-stats>
<gc-op id="3079" type="scavenge" timems="94.197" contextid="3076" timestamp="2020-09-11T10:52:51.766">
  <scavenger-info tenureage="3" tenuremask="7ff8" tiltratio="79" />
  <memory-copied type="nursery" objects="4645168" bytes="124952000" bytesdiscarded="106696" />
  <memory-copied type="tenure" objects="920910" bytes="24848456" bytesdiscarded="36016" />
  <ownableSynchronizers candidates="4787" cleared="4377" />
  <references type="soft" candidates="425" cleared="0" enqueued="0" dynamicThreshold="18" maxThreshold="32" />
  <references type="weak" candidates="132" cleared="132" enqueued="0" />
</gc-op>
<gc-end id="3080" type="scavenge" contextid="3076" durationms="95.404" usertimems="730.419" systemtimems="0.000" timestamp="2020-09-11T10:52:51.767" activeThreads="8">
  <mem-info id="3081" free="1651132664" total="2836725760" percent="58">
    <mem type="nursery" free="630364816" total="939524096" percent="67">
      <mem type="allocate" free="630364816" total="755499008" percent="83" />
      <mem type="survivor" free="0" total="184025088" percent="0" />
    </mem>
    <mem type="tenure" free="1020767848" total="1897201664" percent="53" macro-fragmented="0">
      <mem type="soa" free="906934888" total="1783368704" percent="50" />
      <mem type="loa" free="113832960" total="113832960" percent="100" />
    </mem>
    <remembered-set count="45269" />
  </mem-info>
</gc-end>
<cycle-end id="3082" type="scavenge" contextid="3076" timestamp="2020-09-11T10:52:51.768" />
<allocation-satisfied id="3083" threadId="0000000000854B00" bytesRequested="120" />
<af-end id="3084" timestamp="2020-09-11T10:52:51.768" threadId="0000000000855480" success="true" from="nursery"/>
<exclusive-end id="3085" timestamp="2020-09-11T10:52:51.768" durationms="97.123" />

<exclusive-start id="3086" timestamp="2020-09-11T10:52:53.589" intervalms="1918.478">
  <response-info timems="0.502" idlems="0.502" threads="0" lastid="000000000088A300" lastname="Group1.Backend.CompositeBackend{Tier1}.6" />
</exclusive-start>
<af-start id="3087" threadId="000000000088AC80" totalBytesRequested="32" timestamp="2020-09-11T10:52:53.590" intervalms="1918.529" type="nursery" />
<cycle-start id="3088" type="scavenge" contextid="0" timestamp="2020-09-11T10:52:53.590" intervalms="1918.534" />
<gc-start id="3089" type="scavenge" contextid="3088" timestamp="2020-09-11T10:52:53.590">
  <mem-info id="3090" free="1020767848" total="2836725760" percent="35">
    <mem type="nursery" free="0" total="939524096" percent="0">
      <mem type="allocate" free="0" total="755499008" percent="0" />
      <mem type="survivor" free="0" total="184025088" percent="0" />
    </mem>
    <mem type="tenure" free="1020767848" total="1897201664" percent="53">
      <mem type="soa" free="906934888" total="1783368704" percent="50" />
      <mem type="loa" free="113832960" total="113832960" percent="100" />
    </mem>
    <remembered-set count="200787" />
  </mem-info>
</gc-start>
<allocation-stats totalBytes="630057680" >
  <allocated-bytes non-tlh="31531432" tlh="598526248" />
  <largest-consumer threadName="Group1.Backend.CompositeBackend{Tier1}.6" threadId="000000000088A300" bytes="103574992" />
</allocation-stats>
<gc-op id="3091" type="scavenge" timems="116.218" contextid="3088" timestamp="2020-09-11T10:52:53.707">
  <scavenger-info tenureage="3" tenuremask="7ff8" tiltratio="80" />
  <memory-copied type="nursery" objects="3726042" bytes="99750136" bytesdiscarded="312704" />
  <memory-copied type="tenure" objects="1926512" bytes="52005192" bytesdiscarded="92616" />
  <ownableSynchronizers candidates="3983" cleared="3569" />
  <references type="soft" candidates="338" cleared="0" enqueued="0" dynamicThreshold="18" maxThreshold="32" />
  <references type="weak" candidates="123" cleared="123" enqueued="0" />
</gc-op>
<gc-end id="3092" type="scavenge" contextid="3088" durationms="117.338" usertimems="847.969" systemtimems="0.000" timestamp="2020-09-11T10:52:53.708" activeThreads="8">
  <mem-info id="3093" free="1632864176" total="2836725760" percent="57">
    <mem type="nursery" free="664141816" total="939524096" percent="70">
      <mem type="allocate" free="664141816" total="764280832" percent="86" />
      <mem type="survivor" free="0" total="175243264" percent="0" />
    </mem>
    <mem type="tenure" free="968722360" total="1897201664" percent="51" macro-fragmented="0">
      <mem type="soa" free="854889400" total="1783368704" percent="47" />
      <mem type="loa" free="113832960" total="113832960" percent="100" />
    </mem>
    <remembered-set count="28209" />
  </mem-info>
</gc-end>
<cycle-end id="3094" type="scavenge" contextid="3088" timestamp="2020-09-11T10:52:53.708" />
<allocation-satisfied id="3095" threadId="000000000088A300" bytesRequested="32" />
<af-end id="3096" timestamp="2020-09-11T10:52:53.708" threadId="000000000088AC80" success="true" from="nursery"/>
<exclusive-end id="3097" timestamp="2020-09-11T10:52:53.708" durationms="119.156" />

<exclusive-start id="3098" timestamp="2020-09-11T10:52:55.632" intervalms="2042.256">
  <response-info timems="4.027" idlems="4.027" threads="0" lastid="000000000088A300" lastname="Group1.Backend.CompositeBackend{Tier1}.6" />
</exclusive-start>
<af-start id="3099" threadId="000000000088AC80" totalBytesRequested="24" timestamp="2020-09-11T10:52:55.632" intervalms="2042.563" type="nursery" />
<cycle-start id="3100" type="scavenge" contextid="0" timestamp="2020-09-11T10:52:55.633" intervalms="2042.699" />
<gc-start id="3101" type="scavenge" contextid="3100" timestamp="2020-09-11T10:52:55.633">
  <mem-info id="3102" free="968722360" total="2836725760" percent="34">
    <mem type="nursery" free="0" total="939524096" percent="0">
      <mem type="allocate" free="0" total="764280832" percent="0" />
      <mem type="survivor" free="0" total="175243264" percent="0" />
    </mem>
    <mem type="tenure" free="968722360" total="1897201664" percent="51">
      <mem type="soa" free="854889400" total="1783368704" percent="47" />
      <mem type="loa" free="113832960" total="113832960" percent="100" />
    </mem>
    <remembered-set count="187641" />
  </mem-info>
</gc-start>
<allocation-stats totalBytes="663814224" >
  <allocated-bytes non-tlh="31799592" tlh="632014632" />
  <largest-consumer threadName="Group1.Backend.CompositeBackend{Tier1}.6" threadId="000000000088A300" bytes="106484520" />
</allocation-stats>
<gc-op id="3103" type="scavenge" timems="89.639" contextid="3100" timestamp="2020-09-11T10:52:55.723">
  <scavenger-info tenureage="3" tenuremask="7ff8" tiltratio="81" />
  <memory-copied type="nursery" objects="3805282" bytes="102197048" bytesdiscarded="409256" />
  <memory-copied type="tenure" objects="991068" bytes="26641304" bytesdiscarded="45920" />
  <ownableSynchronizers candidates="4460" cleared="4050" />
  <references type="soft" candidates="361" cleared="0" enqueued="0" dynamicThreshold="18" maxThreshold="32" />
  <references type="weak" candidates="118" cleared="118" enqueued="0" />
</gc-op>
<gc-end id="3104" type="scavenge" contextid="3100" durationms="90.779" usertimems="672.851" systemtimems="3.961" timestamp="2020-09-11T10:52:55.724" activeThreads="8">
  <mem-info id="3105" free="1615060160" total="2836725760" percent="56">
    <mem type="nursery" free="673192176" total="939524096" percent="71">
      <mem type="allocate" free="673192176" total="775880704" percent="86" />
      <mem type="survivor" free="0" total="163643392" percent="0" />
    </mem>
    <mem type="tenure" free="941867984" total="1897201664" percent="49" macro-fragmented="0">
      <mem type="soa" free="828035024" total="1783368704" percent="46" />
      <mem type="loa" free="113832960" total="113832960" percent="100" />
    </mem>
    <remembered-set count="27720" />
  </mem-info>
</gc-end>
<cycle-end id="3106" type="scavenge" contextid="3100" timestamp="2020-09-11T10:52:55.726" />
<allocation-satisfied id="3107" threadId="000000000088A300" bytesRequested="24" />
<af-end id="3108" timestamp="2020-09-11T10:52:55.726" threadId="000000000088AC80" success="true" from="nursery"/>
<exclusive-end id="3109" timestamp="2020-09-11T10:52:55.726" durationms="94.187" />

<exclusive-start id="3110" timestamp="2020-09-11T10:52:57.791" intervalms="2159.890">
  <response-info timems="0.966" idlems="0.632" threads="1" lastid="000000000088A300" lastname="Group1.Backend.CompositeBackend{Tier1}.6" />
</exclusive-start>
<af-start id="3111" threadId="0000000000A95280" totalBytesRequested="16" timestamp="2020-09-11T10:52:57.792" intervalms="2159.567" type="nursery" />
<cycle-start id="3112" type="scavenge" contextid="0" timestamp="2020-09-11T10:52:57.792" intervalms="2159.529" />
<gc-start id="3113" type="scavenge" contextid="3112" timestamp="2020-09-11T10:52:57.793">
  <mem-info id="3114" free="941867984" total="2836725760" percent="33">
    <mem type="nursery" free="0" total="939524096" percent="0">
      <mem type="allocate" free="0" total="775880704" percent="0" />
      <mem type="survivor" free="0" total="163643392" percent="0" />
    </mem>
    <mem type="tenure" free="941867984" total="1897201664" percent="49">
      <mem type="soa" free="828035024" total="1783368704" percent="46" />
      <mem type="loa" free="113832960" total="113832960" percent="100" />
    </mem>
    <remembered-set count="191171" />
  </mem-info>
</gc-start>
<allocation-stats totalBytes="672861944" >
  <allocated-bytes non-tlh="27214320" tlh="645647624" />
  <largest-consumer threadName="Group1.Backend.CompositeBackend{Tier1}.7" threadId="0000000000891B00" bytes="110894040" />
</allocation-stats>
<gc-op id="3115" type="scavenge" timems="94.710" contextid="3112" timestamp="2020-09-11T10:52:57.888">
  <scavenger-info tenureage="3" tenuremask="7ff8" tiltratio="82" />
  <memory-copied type="nursery" objects="3943749" bytes="105855528" bytesdiscarded="483648" />
  <memory-copied type="tenure" objects="962165" bytes="25870448" bytesdiscarded="47528" />
  <ownableSynchronizers candidates="4547" cleared="4112" />
  <references type="soft" candidates="388" cleared="0" enqueued="0" dynamicThreshold="18" maxThreshold="32" />
  <references type="weak" candidates="111" cleared="109" enqueued="0" />
</gc-op>
<gc-end id="3116" type="scavenge" contextid="3112" durationms="95.958" usertimems="705.467" systemtimems="0.232" timestamp="2020-09-11T10:52:57.889" activeThreads="8">
  <mem-info id="3117" free="1593605104" total="2836725760" percent="56">
    <mem type="nursery" free="677644800" total="939524096" percent="72">
      <mem type="allocate" free="677644800" total="784072704" percent="86" />
      <mem type="survivor" free="0" total="155451392" percent="0" />
    </mem>
    <mem type="tenure" free="915960304" total="1897201664" percent="48" macro-fragmented="0">
      <mem type="soa" free="802127344" total="1783368704" percent="44" />
      <mem type="loa" free="113832960" total="113832960" percent="100" />
    </mem>
    <remembered-set count="29881" />
  </mem-info>
</gc-end>
<cycle-end id="3118" type="scavenge" contextid="3112" timestamp="2020-09-11T10:52:57.889" />
<allocation-satisfied id="3119" threadId="0000000000A94900" bytesRequested="16" />
<af-end id="3120" timestamp="2020-09-11T10:52:57.890" threadId="0000000000A95280" success="true" from="nursery"/>
<exclusive-end id="3121" timestamp="2020-09-11T10:52:57.890" durationms="98.173" />

<exclusive-start id="3122" timestamp="2020-09-11T10:52:59.824" intervalms="2032.801">
  <response-info timems="0.455" idlems="0.455" threads="0" lastid="0000000000854B00" lastname="Group1.Backend.CompositeBackend{Tier1}.4" />
</exclusive-start>
<af-start id="3123" threadId="0000000000855480" totalBytesRequested="120" timestamp="2020-09-11T10:52:59.825" intervalms="2032.858" type="nursery" />
<cycle-start id="3124" type="scavenge" contextid="0" timestamp="2020-09-11T10:52:59.825" intervalms="2032.846" />
<gc-start id="3125" type="scavenge" contextid="3124" timestamp="2020-09-11T10:52:59.825">
  <mem-info id="3126" free="915960304" total="2836725760" percent="32">
    <mem type="nursery" free="0" total="939524096" percent="0">
      <mem type="allocate" free="0" total="784072704" percent="0" />
      <mem type="survivor" free="0" total="155451392" percent="0" />
    </mem>
    <mem type="tenure" free="915960304" total="1897201664" percent="48">
      <mem type="soa" free="802127344" total="1783368704" percent="44" />
      <mem type="loa" free="113832960" total="113832960" percent="100" />
    </mem>
    <remembered-set count="192705" />
  </mem-info>
</gc-start>
<allocation-stats totalBytes="677332104" >
  <allocated-bytes non-tlh="31625992" tlh="645706112" />
  <largest-consumer threadName="Group1.Backend.CompositeBackend{Tier1}.4" threadId="0000000000854B00" bytes="102155968" />
</allocation-stats>
<gc-op id="3127" type="scavenge" timems="95.116" contextid="3124" timestamp="2020-09-11T10:52:59.921">
  <scavenger-info tenureage="3" tenuremask="7ff8" tiltratio="83" />
  <memory-copied type="nursery" objects="4055784" bytes="108842536" bytesdiscarded="132168" />
  <memory-copied type="tenure" objects="1004853" bytes="26999400" bytesdiscarded="43656" />
  <ownableSynchronizers candidates="4161" cleared="3716" />
  <references type="soft" candidates="437" cleared="0" enqueued="0" dynamicThreshold="18" maxThreshold="32" />
  <references type="weak" candidates="94" cleared="93" enqueued="0" />
</gc-op>
<gc-end id="3128" type="scavenge" contextid="3124" durationms="95.986" usertimems="743.758" systemtimems="0.000" timestamp="2020-09-11T10:52:59.921" activeThreads="8">
  <mem-info id="3129" free="1570049064" total="2836725760" percent="55">
    <mem type="nursery" free="681039104" total="939524096" percent="72">
      <mem type="allocate" free="681039104" total="790102016" percent="86" />
      <mem type="survivor" free="0" total="149422080" percent="0" />
    </mem>
    <mem type="tenure" free="889009960" total="1897201664" percent="46" macro-fragmented="0">
      <mem type="soa" free="775177000" total="1783368704" percent="43" />
      <mem type="loa" free="113832960" total="113832960" percent="100" />
    </mem>
    <remembered-set count="29955" />
  </mem-info>
</gc-end>
<cycle-end id="3130" type="scavenge" contextid="3124" timestamp="2020-09-11T10:52:59.922" />
<allocation-satisfied id="3131" threadId="0000000000854B00" bytesRequested="120" />
<af-end id="3132" timestamp="2020-09-11T10:52:59.922" threadId="0000000000855480" success="true" from="nursery"/>
<exclusive-end id="3133" timestamp="2020-09-11T10:52:59.922" durationms="97.853" />

<exclusive-start id="3134" timestamp="2020-09-11T10:53:01.943" intervalms="2118.972">
  <response-info timems="0.878" idlems="0.878" threads="0" lastid="0000000000A98500" lastname="Group1.Backend.CompositeBackend{Tier3}.6" />
</exclusive-start>
<af-start id="3135" threadId="0000000000A98E80" totalBytesRequested="72" timestamp="2020-09-11T10:53:01.944" intervalms="2119.018" type="nursery" />
<cycle-start id="3136" type="scavenge" contextid="0" timestamp="2020-09-11T10:53:01.944" intervalms="2118.910" />
<gc-start id="3137" type="scavenge" contextid="3136" timestamp="2020-09-11T10:53:01.944">
  <mem-info id="3138" free="889009960" total="2836725760" percent="31">
    <mem type="nursery" free="0" total="939524096" percent="0">
      <mem type="allocate" free="0" total="790102016" percent="0" />
      <mem type="survivor" free="0" total="149422080" percent="0" />
    </mem>
    <mem type="tenure" free="889009960" total="1897201664" percent="46">
      <mem type="soa" free="775177000" total="1783368704" percent="43" />
      <mem type="loa" free="113832960" total="113832960" percent="100" />
    </mem>
    <remembered-set count="192642" />
  </mem-info>
</gc-start>
<allocation-stats totalBytes="680710008" >
  <allocated-bytes non-tlh="29501584" tlh="651208424" />
  <largest-consumer threadName="Group1.Backend.CompositeBackend{Tier1}.7" threadId="0000000000891B00" bytes="97275200" />
</allocation-stats>
<gc-op id="3139" type="scavenge" timems="101.220" contextid="3136" timestamp="2020-09-11T10:53:02.046">
  <scavenger-info tenureage="3" tenuremask="7ff8" tiltratio="84" />
  <memory-copied type="nursery" objects="4118328" bytes="110511464" bytesdiscarded="336536" />
  <memory-copied type="tenure" objects="1052685" bytes="28304960" bytesdiscarded="60048" />
  <ownableSynchronizers candidates="4444" cleared="3979" />
  <references type="soft" candidates="433" cleared="0" enqueued="0" dynamicThreshold="18" maxThreshold="32" />
  <references type="weak" candidates="104" cleared="103" enqueued="0" />
</gc-op>
<gc-end id="3140" type="scavenge" contextid="3136" durationms="102.203" usertimems="712.083" systemtimems="2.751" timestamp="2020-09-11T10:53:02.046" activeThreads="8">
  <mem-info id="3141" free="1544652872" total="2836725760" percent="54">
    <mem type="nursery" free="683957760" total="939524096" percent="72">
      <mem type="allocate" free="683957760" total="794886144" percent="86" />
      <mem type="survivor" free="0" total="144637952" percent="0" />
    </mem>
    <mem type="tenure" free="860695112" total="1897201664" percent="45" macro-fragmented="0">
      <mem type="soa" free="746862152" total="1783368704" percent="41" />
      <mem type="loa" free="113832960" total="113832960" percent="100" />
    </mem>
    <remembered-set count="29440" />
  </mem-info>
</gc-end>
<cycle-end id="3142" type="scavenge" contextid="3136" timestamp="2020-09-11T10:53:02.047" />
<allocation-satisfied id="3143" threadId="0000000000A98500" bytesRequested="72" />
<af-end id="3144" timestamp="2020-09-11T10:53:02.047" threadId="0000000000A98E80" success="true" from="nursery"/>
<exclusive-end id="3145" timestamp="2020-09-11T10:53:02.047" durationms="104.052" />

<exclusive-start id="3146" timestamp="2020-09-11T10:53:03.984" intervalms="2040.852">
  <response-info timems="0.571" idlems="0.292" threads="1" lastid="0000000000891B00" lastname="Group1.Backend.CompositeBackend{Tier1}.7" />
</exclusive-start>
<af-start id="3147" threadId="0000000000855F80" totalBytesRequested="944" timestamp="2020-09-11T10:53:03.985" intervalms="2040.897" type="nursery" />
<cycle-start id="3148" type="scavenge" contextid="0" timestamp="2020-09-11T10:53:03.985" intervalms="2040.905" />
<gc-start id="3149" type="scavenge" contextid="3148" timestamp="2020-09-11T10:53:03.985">
  <mem-info id="3150" free="860695112" total="2836725760" percent="30">
    <mem type="nursery" free="0" total="939524096" percent="0">
      <mem type="allocate" free="0" total="794886144" percent="0" />
      <mem type="survivor" free="0" total="144637952" percent="0" />
    </mem>
    <mem type="tenure" free="860695112" total="1897201664" percent="45">
      <mem type="soa" free="746862152" total="1783368704" percent="41" />
      <mem type="loa" free="113832960" total="113832960" percent="100" />
    </mem>
    <remembered-set count="190016" />
  </mem-info>
</gc-start>
<allocation-stats totalBytes="683640512" >
  <allocated-bytes non-tlh="35522000" tlh="648118512" />
  <largest-consumer threadName="Group1.Backend.CompositeBackend{Tier1}.6" threadId="000000000088A300" bytes="109885448" />
</allocation-stats>
<gc-op id="3151" type="scavenge" timems="90.369" contextid="3148" timestamp="2020-09-11T10:53:04.076">
  <scavenger-info tenureage="3" tenuremask="7ff8" tiltratio="84" />
  <memory-copied type="nursery" objects="4049446" bytes="108654560" bytesdiscarded="176440" />
  <memory-copied type="tenure" objects="1118809" bytes="30094424" bytesdiscarded="72192" />
  <ownableSynchronizers candidates="3168" cleared="2757" />
  <references type="soft" candidates="388" cleared="0" enqueued="0" dynamicThreshold="18" maxThreshold="32" />
  <references type="weak" candidates="103" cleared="103" enqueued="0" />
</gc-op>
<gc-end id="3152" type="scavenge" contextid="3148" durationms="91.360" usertimems="702.906" systemtimems="7.500" timestamp="2020-09-11T10:53:04.076" activeThreads="8">
  <mem-info id="3153" free="1520612424" total="2836725760" percent="53">
    <mem type="nursery" free="690106368" total="939524096" percent="73">
      <mem type="allocate" free="690106368" total="799014912" percent="86" />
      <mem type="survivor" free="0" total="140509184" percent="0" />
    </mem>
    <mem type="tenure" free="830506056" total="1897201664" percent="43" macro-fragmented="0">
      <mem type="soa" free="716673096" total="1783368704" percent="40" />
      <mem type="loa" free="113832960" total="113832960" percent="100" />
    </mem>
    <remembered-set count="30112" />
  </mem-info>
</gc-end>
<cycle-end id="3154" type="scavenge" contextid="3148" timestamp="2020-09-11T10:53:04.078" />
<allocation-satisfied id="3155" threadId="0000000000855600" bytesRequested="944" />
<af-end id="3156" timestamp="2020-09-11T10:53:04.078" threadId="0000000000855F80" success="true" from="nursery"/>
<exclusive-end id="3157" timestamp="2020-09-11T10:53:04.078" durationms="93.818" />

<exclusive-start id="3158" timestamp="2020-09-11T10:53:06.064" intervalms="2080.065">
  <response-info timems="0.497" idlems="0.497" threads="0" lastid="000000000088A300" lastname="Group1.Backend.CompositeBackend{Tier1}.6" />
</exclusive-start>
<af-start id="3159" threadId="000000000088AC80" totalBytesRequested="48" timestamp="2020-09-11T10:53:06.065" intervalms="2080.021" type="nursery" />
<cycle-start id="3160" type="scavenge" contextid="0" timestamp="2020-09-11T10:53:06.065" intervalms="2080.033" />
<gc-start id="3161" type="scavenge" contextid="3160" timestamp="2020-09-11T10:53:06.065">
  <mem-info id="3162" free="830506056" total="2836725760" percent="29">
    <mem type="nursery" free="0" total="939524096" percent="0">
      <mem type="allocate" free="0" total="799014912" percent="0" />
      <mem type="survivor" free="0" total="140509184" percent="0" />
    </mem>
    <mem type="tenure" free="830506056" total="1897201664" percent="43">
      <mem type="soa" free="716673096" total="1783368704" percent="40" />
      <mem type="loa" free="113832960" total="113832960" percent="100" />
    </mem>
    <remembered-set count="192959" />
  </mem-info>
</gc-start>
<allocation-stats totalBytes="689769896" >
  <allocated-bytes non-tlh="32631744" tlh="657138152" />
  <largest-consumer threadName="Group1.Backend.CompositeBackend{Tier1}.3" threadId="0000000000808C00" bytes="115536664" />
</allocation-stats>
<gc-op id="3163" type="scavenge" timems="113.041" contextid="3160" timestamp="2020-09-11T10:53:06.178">
  <scavenger-info tenureage="3" tenuremask="7ff8" tiltratio="85" />
  <memory-copied type="nursery" objects="4273857" bytes="113778248" bytesdiscarded="193272" />
  <memory-copied type="tenure" objects="1093512" bytes="29388064" bytesdiscarded="66064" />
  <ownableSynchronizers candidates="4192" cleared="3779" />
  <references type="soft" candidates="369" cleared="0" enqueued="0" dynamicThreshold="18" maxThreshold="32" />
  <references type="weak" candidates="105" cleared="103" enqueued="0" />
</gc-op>
<gc-end id="3164" type="scavenge" contextid="3160" durationms="114.015" usertimems="802.906" systemtimems="0.000" timestamp="2020-09-11T10:53:06.179" activeThreads="8">
  <mem-info id="3165" free="1487310784" total="2836725760" percent="52">
    <mem type="nursery" free="686468664" total="939524096" percent="73">
      <mem type="allocate" free="686468664" total="800522240" percent="85" />
      <mem type="survivor" free="0" total="139001856" percent="0" />
    </mem>
    <mem type="tenure" free="800842120" total="1897201664" percent="42" macro-fragmented="0">
      <mem type="soa" free="687009160" total="1783368704" percent="38" />
      <mem type="loa" free="113832960" total="113832960" percent="100" />
    </mem>
    <remembered-set count="29567" />
  </mem-info>
</gc-end>
<cycle-end id="3166" type="scavenge" contextid="3160" timestamp="2020-09-11T10:53:06.182" />
<allocation-satisfied id="3167" threadId="000000000088A300" bytesRequested="48" />
<af-end id="3168" timestamp="2020-09-11T10:53:06.182" threadId="000000000088AC80" success="true" from="nursery"/>
<exclusive-end id="3169" timestamp="2020-09-11T10:53:06.182" durationms="118.286" />

<exclusive-start id="3170" timestamp="2020-09-11T10:53:08.088" intervalms="2023.884">
  <response-info timems="0.385" idlems="0.385" threads="0" lastid="0000000000891B00" lastname="Group1.Backend.CompositeBackend{Tier1}.7" />
</exclusive-start>
<af-start id="3171" threadId="0000000000892480" totalBytesRequested="16" timestamp="2020-09-11T10:53:08.089" intervalms="2023.769" type="nursery" />
<cycle-start id="3172" type="scavenge" contextid="0" timestamp="2020-09-11T10:53:08.089" intervalms="2023.747" />
<gc-start id="3173" type="scavenge" contextid="3172" timestamp="2020-09-11T10:53:08.089">
  <mem-info id="3174" free="800842120" total="2836725760" percent="28">
    <mem type="nursery" free="0" total="939524096" percent="0">
      <mem type="allocate" free="0" total="800522240" percent="0" />
      <mem type="survivor" free="0" total="139001856" percent="0" />
    </mem>
    <mem type="tenure" free="800842120" total="1897201664" percent="42">
      <mem type="soa" free="687009160" total="1783368704" percent="38" />
      <mem type="loa" free="113832960" total="113832960" percent="100" />
    </mem>
    <remembered-set count="191054" />
  </mem-info>
</gc-start>
<allocation-stats totalBytes="686148496" >
  <allocated-bytes non-tlh="36839216" tlh="649309280" />
  <largest-consumer threadName="Group1.Backend.CompositeBackend{Tier1}.7" threadId="0000000000891B00" bytes="109548976" />
</allocation-stats>
<gc-op id="3175" type="scavenge" timems="95.909" contextid="3172" timestamp="2020-09-11T10:53:08.185">
  <scavenger-info tenureage="3" tenuremask="7ff8" tiltratio="85" />
  <memory-copied type="nursery" objects="4205442" bytes="111919000" bytesdiscarded="214360" />
  <memory-copied type="tenure" objects="1100317" bytes="29610016" bytesdiscarded="52200" />
  <ownableSynchronizers candidates="3683" cleared="3303" />
  <references type="soft" candidates="345" cleared="0" enqueued="0" dynamicThreshold="18" maxThreshold="32" />
  <references type="weak" candidates="119" cleared="118" enqueued="0" />
</gc-op>
<gc-end id="3176" type="scavenge" contextid="3172" durationms="96.736" usertimems="742.078" systemtimems="0.000" timestamp="2020-09-11T10:53:08.186" activeThreads="8">
  <mem-info id="3177" free="1461910360" total="2836725760" percent="51">
    <mem type="nursery" free="690602232" total="939524096" percent="73">
      <mem type="allocate" free="690602232" total="802816000" percent="86" />
      <mem type="survivor" free="0" total="136708096" percent="0" />
    </mem>
    <mem type="tenure" free="771308128" total="1897201664" percent="40" macro-fragmented="0">
      <mem type="soa" free="657475168" total="1783368704" percent="36" />
      <mem type="loa" free="113832960" total="113832960" percent="100" />
    </mem>
    <remembered-set count="30994" />
  </mem-info>
</gc-end>
<cycle-end id="3178" type="scavenge" contextid="3172" timestamp="2020-09-11T10:53:08.189" />
<allocation-satisfied id="3179" threadId="0000000000891B00" bytesRequested="16" />
<af-end id="3180" timestamp="2020-09-11T10:53:08.189" threadId="0000000000892480" success="true" from="nursery"/>
<exclusive-end id="3181" timestamp="2020-09-11T10:53:08.189" durationms="100.880" />

<exclusive-start id="3182" timestamp="2020-09-11T10:53:10.232" intervalms="2143.678">
  <response-info timems="0.270" idlems="0.136" threads="1" lastid="000000000089D400" lastname="Group1.Backend.CompositeBackend{Tier1}.8" />
</exclusive-start>
<af-start id="3183" threadId="0000000000780780" totalBytesRequested="208" timestamp="2020-09-11T10:53:10.232" intervalms="2143.611" type="nursery" />
<cycle-start id="3184" type="scavenge" contextid="0" timestamp="2020-09-11T10:53:10.232" intervalms="2143.602" />
<gc-start id="3185" type="scavenge" contextid="3184" timestamp="2020-09-11T10:53:10.233">
  <mem-info id="3186" free="771308128" total="2836725760" percent="27">
    <mem type="nursery" free="0" total="939524096" percent="0">
      <mem type="allocate" free="0" total="802816000" percent="0" />
      <mem type="survivor" free="0" total="136708096" percent="0" />
    </mem>
    <mem type="tenure" free="771308128" total="1897201664" percent="40">
      <mem type="soa" free="657475168" total="1783368704" percent="36" />
      <mem type="loa" free="113832960" total="113832960" percent="100" />
    </mem>
    <remembered-set count="195652" />
  </mem-info>
</gc-start>
<allocation-stats totalBytes="690263624" >
  <allocated-bytes non-tlh="30710464" tlh="659553160" />
  <largest-consumer threadName="Group1.Backend.CompositeBackend{Tier1}.7" threadId="0000000000891B00" bytes="114493792" />
</allocation-stats>
<gc-op id="3187" type="scavenge" timems="92.825" contextid="3184" timestamp="2020-09-11T10:53:10.325">
  <scavenger-info tenureage="3" tenuremask="7ff8" tiltratio="85" />
  <memory-copied type="nursery" objects="4116506" bytes="110337400" bytesdiscarded="152168" />
  <memory-copied type="tenure" objects="1050882" bytes="28252840" bytesdiscarded="57920" />
  <ownableSynchronizers candidates="3522" cleared="3168" />
  <references type="soft" candidates="359" cleared="0" enqueued="0" dynamicThreshold="18" maxThreshold="32" />
  <references type="weak" candidates="119" cleared="119" enqueued="0" />
</gc-op>
<gc-end id="3188" type="scavenge" contextid="3184" durationms="93.706" usertimems="729.291" systemtimems="0.000" timestamp="2020-09-11T10:53:10.326" activeThreads="8">
  <mem-info id="3189" free="1437529936" total="2836725760" percent="50">
    <mem type="nursery" free="694467584" total="939524096" percent="73">
      <mem type="allocate" free="694467584" total="805044224" percent="86" />
      <mem type="survivor" free="0" total="134479872" percent="0" />
    </mem>
    <mem type="tenure" free="743062352" total="1897201664" percent="39" macro-fragmented="0">
      <mem type="soa" free="629229392" total="1783368704" percent="35" />
      <mem type="loa" free="113832960" total="113832960" percent="100" />
    </mem>
    <remembered-set count="30929" />
  </mem-info>
</gc-end>
<cycle-end id="3190" type="scavenge" contextid="3184" timestamp="2020-09-11T10:53:10.329" />
<allocation-satisfied id="3191" threadId="000000000077FE00" bytesRequested="208" />
<af-end id="3192" timestamp="2020-09-11T10:53:10.329" threadId="0000000000780780" success="true" from="nursery"/>
<exclusive-end id="3193" timestamp="2020-09-11T10:53:10.329" durationms="97.756" />

<exclusive-start id="3194" timestamp="2020-09-11T10:53:12.326" intervalms="2094.422">
  <response-info timems="0.447" idlems="0.447" threads="0" lastid="0000000000854B00" lastname="Group1.Backend.CompositeBackend{Tier1}.4" />
</exclusive-start>
<af-start id="3195" threadId="0000000000855480" totalBytesRequested="32" timestamp="2020-09-11T10:53:12.327" intervalms="2094.554" type="nursery" />
<cycle-start id="3196" type="scavenge" contextid="0" timestamp="2020-09-11T10:53:12.327" intervalms="2094.572" />
<gc-start id="3197" type="scavenge" contextid="3196" timestamp="2020-09-11T10:53:12.327">
  <mem-info id="3198" free="743062352" total="2836725760" percent="26">
    <mem type="nursery" free="0" total="939524096" percent="0">
      <mem type="allocate" free="0" total="805044224" percent="0" />
      <mem type="survivor" free="0" total="134479872" percent="0" />
    </mem>
    <mem type="tenure" free="743062352" total="1897201664" percent="39">
      <mem type="soa" free="629229392" total="1783368704" percent="35" />
      <mem type="loa" free="113832960" total="113832960" percent="100" />
    </mem>
    <remembered-set count="194879" />
  </mem-info>
</gc-start>
<allocation-stats totalBytes="694136256" >
  <allocated-bytes non-tlh="33648752" tlh="660487504" />
  <largest-consumer threadName="Group1.Backend.CompositeBackend{Tier1}.2" threadId="000000000077F200" bytes="102433520" />
</allocation-stats>
<gc-op id="3199" type="scavenge" timems="93.210" contextid="3196" timestamp="2020-09-11T10:53:12.420">
  <scavenger-info tenureage="3" tenuremask="7ff8" tiltratio="85" />
  <memory-copied type="nursery" objects="4126708" bytes="110590808" bytesdiscarded="162952" />
  <memory-copied type="tenure" objects="1089509" bytes="29284648" bytesdiscarded="57752" />
  <ownableSynchronizers candidates="4309" cleared="3909" />
  <references type="soft" candidates="346" cleared="0" enqueued="0" dynamicThreshold="18" maxThreshold="32" />
  <references type="weak" candidates="124" cleared="123" enqueued="0" />
</gc-op>
<gc-end id="3200" type="scavenge" contextid="3196" durationms="94.644" usertimems="674.156" systemtimems="0.000" timestamp="2020-09-11T10:53:12.422" activeThreads="8">
  <mem-info id="3201" free="1409879824" total="2836725760" percent="49">
    <mem type="nursery" free="696299008" total="939524096" percent="74">
      <mem type="allocate" free="696299008" total="807141376" percent="86" />
      <mem type="survivor" free="0" total="132382720" percent="0" />
    </mem>
    <mem type="tenure" free="713580816" total="1897201664" percent="37" macro-fragmented="0">
      <mem type="soa" free="599747856" total="1783368704" percent="33" />
      <mem type="loa" free="113832960" total="113832960" percent="100" />
    </mem>
    <remembered-set count="31121" />
  </mem-info>
</gc-end>
<cycle-end id="3202" type="scavenge" contextid="3196" timestamp="2020-09-11T10:53:12.426" />
<allocation-satisfied id="3203" threadId="0000000000854B00" bytesRequested="32" />
<af-end id="3204" timestamp="2020-09-11T10:53:12.426" threadId="0000000000855480" success="true" from="nursery"/>
<exclusive-end id="3205" timestamp="2020-09-11T10:53:12.426" durationms="100.028" />

<exclusive-start id="3206" timestamp="2020-09-11T10:53:14.400" intervalms="2073.464">
  <response-info timems="0.537" idlems="0.537" threads="0" lastid="000000000077FE00" lastname="Group1.Backend.CompositeBackend{Tier1}.1" />
</exclusive-start>
<af-start id="3207" threadId="0000000000780780" totalBytesRequested="32" timestamp="2020-09-11T10:53:14.400" intervalms="2073.498" type="nursery" />
<cycle-start id="3208" type="scavenge" contextid="0" timestamp="2020-09-11T10:53:14.400" intervalms="2073.539" />
<gc-start id="3209" type="scavenge" contextid="3208" timestamp="2020-09-11T10:53:14.401">
  <mem-info id="3210" free="713580816" total="2836725760" percent="25">
    <mem type="nursery" free="0" total="939524096" percent="0">
      <mem type="allocate" free="0" total="807141376" percent="0" />
      <mem type="survivor" free="0" total="132382720" percent="0" />
    </mem>
    <mem type="tenure" free="713580816" total="1897201664" percent="37">
      <mem type="soa" free="599747856" total="1783368704" percent="33" />
      <mem type="loa" free="113832960" total="113832960" percent="100" />
    </mem>
    <remembered-set count="195686" />
  </mem-info>
</gc-start>
<allocation-stats totalBytes="695971304" >
  <allocated-bytes non-tlh="31691680" tlh="664279624" />
  <largest-consumer threadName="Group1.Backend.CompositeBackend{Tier1}.2" threadId="000000000077F200" bytes="92925696" />
</allocation-stats>
<gc-op id="3211" type="scavenge" timems="87.888" contextid="3208" timestamp="2020-09-11T10:53:14.489">
  <scavenger-info tenureage="3" tenuremask="7ff8" tiltratio="85" />
  <memory-copied type="nursery" objects="4057591" bytes="108978352" bytesdiscarded="202960" />
  <memory-copied type="tenure" objects="1071041" bytes="28785848" bytesdiscarded="60104" />
  <ownableSynchronizers candidates="4703" cleared="4311" />
  <references type="soft" candidates="345" cleared="0" enqueued="0" dynamicThreshold="18" maxThreshold="32" />
  <references type="weak" candidates="122" cleared="122" enqueued="0" />
</gc-op>
<gc-end id="3212" type="scavenge" contextid="3208" durationms="88.715" usertimems="669.182" systemtimems="1.696" timestamp="2020-09-11T10:53:14.489" activeThreads="8">
  <mem-info id="3213" free="1384386440" total="2836725760" percent="48">
    <mem type="nursery" free="699577344" total="939524096" percent="74">
      <mem type="allocate" free="699577344" total="808845312" percent="86" />
      <mem type="survivor" free="0" total="130678784" percent="0" />
    </mem>
    <mem type="tenure" free="684809096" total="1897201664" percent="36" macro-fragmented="0">
      <mem type="soa" free="570976136" total="1783368704" percent="32" />
      <mem type="loa" free="113832960" total="113832960" percent="100" />
    </mem>
    <remembered-set count="31424" />
  </mem-info>
</gc-end>
<cycle-end id="3214" type="scavenge" contextid="3208" timestamp="2020-09-11T10:53:14.492" />
<allocation-satisfied id="3215" threadId="000000000077FE00" bytesRequested="32" />
<af-end id="3216" timestamp="2020-09-11T10:53:14.492" threadId="0000000000780780" success="true" from="nursery"/>
<exclusive-end id="3217" timestamp="2020-09-11T10:53:14.492" durationms="92.812" />

<exclusive-start id="3218" timestamp="2020-09-11T10:53:16.605" intervalms="2205.849">
  <response-info timems="0.517" idlems="0.517" threads="0" lastid="0000000000855600" lastname="Group1.Backend.CompositeBackend{Tier1}.5" />
</exclusive-start>
<af-start id="3219" threadId="0000000000855F80" totalBytesRequested="524296" timestamp="2020-09-11T10:53:16.606" intervalms="2205.792" type="nursery" />
<cycle-start id="3220" type="scavenge" contextid="0" timestamp="2020-09-11T10:53:16.606" intervalms="2205.739" />
<gc-start id="3221" type="scavenge" contextid="3220" timestamp="2020-09-11T10:53:16.606">
  <mem-info id="3222" free="685247584" total="2836725760" percent="24">
    <mem type="nursery" free="439280" total="939524096" percent="0">
      <mem type="allocate" free="439280" total="808845312" percent="0" />
      <mem type="survivor" free="0" total="130678784" percent="0" />
    </mem>
    <mem type="tenure" free="684808304" total="1897201664" percent="36">
      <mem type="soa" free="570975344" total="1783368704" percent="32" />
      <mem type="loa" free="113832960" total="113832960" percent="100" />
    </mem>
    <remembered-set count="197714" />
  </mem-info>
</gc-start>
<allocation-stats totalBytes="698793456" >
  <allocated-bytes non-tlh="31647032" tlh="667146424" />
  <largest-consumer threadName="Group1.Backend.CompositeBackend{Tier1}.2" threadId="000000000077F200" bytes="100935384" />
</allocation-stats>
<gc-op id="3223" type="scavenge" timems="95.296" contextid="3220" timestamp="2020-09-11T10:53:16.702">
  <scavenger-info tenureage="3" tenuremask="7ff8" tiltratio="86" />
  <memory-copied type="nursery" objects="4255151" bytes="113339128" bytesdiscarded="276376" />
  <memory-copied type="tenure" objects="1104442" bytes="29710272" bytesdiscarded="89752" />
  <ownableSynchronizers candidates="3624" cleared="3233" />
  <references type="soft" candidates="368" cleared="0" enqueued="0" dynamicThreshold="18" maxThreshold="32" />
  <references type="weak" candidates="114" cleared="109" enqueued="1" />
</gc-op>
<gc-end id="3224" type="scavenge" contextid="3220" durationms="96.112" usertimems="752.302" systemtimems="0.000" timestamp="2020-09-11T10:53:16.702" activeThreads="8">
  <mem-info id="3225" free="1349227368" total="2836725760" percent="47">
    <mem type="nursery" free="694225912" total="939524096" percent="73">
      <mem type="allocate" free="694225912" total="807927808" percent="85" />
      <mem type="survivor" free="0" total="131596288" percent="0" />
    </mem>
    <mem type="tenure" free="655001456" total="1897201664" percent="34" macro-fragmented="0">
      <mem type="soa" free="541168496" total="1783368704" percent="30" />
      <mem type="loa" free="113832960" total="113832960" percent="100" />
    </mem>
    <pending-finalizers system="0" default="0" reference="1" classloader="0" />
    <remembered-set count="33275" />
  </mem-info>
</gc-end>
<cycle-end id="3226" type="scavenge" contextid="3220" timestamp="2020-09-11T10:53:16.705" />
<allocation-satisfied id="3227" threadId="0000000000855600" bytesRequested="524296" />
<af-end id="3228" timestamp="2020-09-11T10:53:16.705" threadId="0000000000855F80" success="true" from="nursery"/>
<exclusive-end id="3229" timestamp="2020-09-11T10:53:16.705" durationms="100.036" />

<exclusive-start id="3230" timestamp="2020-09-11T10:53:18.689" intervalms="2084.020">
  <response-info timems="0.357" idlems="0.357" threads="0" lastid="000000000088A300" lastname="Group1.Backend.CompositeBackend{Tier1}.6" />
</exclusive-start>
<af-start id="3231" threadId="000000000088AC80" totalBytesRequested="16" timestamp="2020-09-11T10:53:18.690" intervalms="2083.954" type="nursery" />
<cycle-start id="3232" type="scavenge" contextid="0" timestamp="2020-09-11T10:53:18.690" intervalms="2083.957" />
<gc-start id="3233" type="scavenge" contextid="3232" timestamp="2020-09-11T10:53:18.690">
  <mem-info id="3234" free="655001456" total="2836725760" percent="23">
    <mem type="nursery" free="0" total="939524096" percent="0">
      <mem type="allocate" free="0" total="807927808" percent="0" />
      <mem type="survivor" free="0" total="131596288" percent="0" />
    </mem>
    <mem type="tenure" free="655001456" total="1897201664" percent="34">
      <mem type="soa" free="541168496" total="1783368704" percent="30" />
      <mem type="loa" free="113832960" total="113832960" percent="100" />
    </mem>
    <remembered-set count="197359" />
  </mem-info>
</gc-start>
<allocation-stats totalBytes="693889640" >
  <allocated-bytes non-tlh="33119344" tlh="660770296" />
  <largest-consumer threadName="Group1.Backend.CompositeBackend{Tier1}.8" threadId="000000000089D400" bytes="93680296" />
</allocation-stats>
<gc-op id="3235" type="scavenge" timems="96.713" contextid="3232" timestamp="2020-09-11T10:53:18.787">
  <scavenger-info tenureage="3" tenuremask="7ff8" tiltratio="85" />
  <memory-copied type="nursery" objects="4159115" bytes="111511472" bytesdiscarded="208376" />
  <memory-copied type="tenure" objects="1100296" bytes="29568680" bytesdiscarded="70112" />
  <finalization candidates="1" enqueued="0" />
  <ownableSynchronizers candidates="3757" cleared="3368" />
  <references type="soft" candidates="357" cleared="0" enqueued="0" dynamicThreshold="18" maxThreshold="32" />
  <references type="weak" candidates="127" cleared="122" enqueued="0" />
</gc-op>
<gc-end id="3236" type="scavenge" contextid="3232" durationms="97.554" usertimems="753.710" systemtimems="2.704" timestamp="2020-09-11T10:53:18.788" activeThreads="8">
  <mem-info id="3237" free="1322501128" total="2836725760" percent="46">
    <mem type="nursery" free="697035400" total="939524096" percent="74">
      <mem type="allocate" free="697035400" total="808845312" percent="86" />
      <mem type="survivor" free="0" total="130678784" percent="0" />
    </mem>
    <mem type="tenure" free="625465728" total="1897201664" percent="32" macro-fragmented="0">
      <mem type="soa" free="511632768" total="1783368704" percent="28" />
      <mem type="loa" free="113832960" total="113832960" percent="100" />
    </mem>
    <remembered-set count="32600" />
  </mem-info>
</gc-end>
<cycle-end id="3238" type="scavenge" contextid="3232" timestamp="2020-09-11T10:53:18.791" />
<allocation-satisfied id="3239" threadId="000000000088A300" bytesRequested="16" />
<af-end id="3240" timestamp="2020-09-11T10:53:18.791" threadId="000000000088AC80" success="true" from="nursery"/>
<exclusive-end id="3241" timestamp="2020-09-11T10:53:18.791" durationms="101.585" />

<exclusive-start id="3242" timestamp="2020-09-11T10:53:20.780" intervalms="2090.180">
  <response-info timems="3.889" idlems="3.889" threads="0" lastid="000000000089D400" lastname="Group1.Backend.CompositeBackend{Tier1}.8" />
</exclusive-start>
<af-start id="3243" threadId="000000000089DD80" totalBytesRequested="24" timestamp="2020-09-11T10:53:20.780" intervalms="2090.217" type="nursery" />
<cycle-start id="3244" type="scavenge" contextid="0" timestamp="2020-09-11T10:53:20.780" intervalms="2090.238" />
<gc-start id="3245" type="scavenge" contextid="3244" timestamp="2020-09-11T10:53:20.781">
  <mem-info id="3246" free="625465728" total="2836725760" percent="22">
    <mem type="nursery" free="0" total="939524096" percent="0">
      <mem type="allocate" free="0" total="808845312" percent="0" />
      <mem type="survivor" free="0" total="130678784" percent="0" />
    </mem>
    <mem type="tenure" free="625465728" total="1897201664" percent="32">
      <mem type="soa" free="511632768" total="1783368704" percent="28" />
      <mem type="loa" free="113832960" total="113832960" percent="100" />
    </mem>
    <remembered-set count="195347" />
  </mem-info>
</gc-start>
<allocation-stats totalBytes="696695232" >
  <allocated-bytes non-tlh="33950928" tlh="662744304" />
  <largest-consumer threadName="Group1.Backend.CompositeBackend{Tier1}.2" threadId="000000000077F200" bytes="103378736" />
</allocation-stats>
<gc-op id="3247" type="scavenge" timems="122.810" contextid="3244" timestamp="2020-09-11T10:53:20.904">
  <scavenger-info tenureage="3" tenuremask="7ff8" tiltratio="86" />
  <memory-copied type="nursery" objects="4172695" bytes="111936240" bytesdiscarded="143832" />
  <memory-copied type="tenure" objects="1078202" bytes="28991976" bytesdiscarded="68808" />
  <finalization candidates="1" enqueued="0" />
  <ownableSynchronizers candidates="4847" cleared="4446" />
  <references type="soft" candidates="378" cleared="0" enqueued="0" dynamicThreshold="18" maxThreshold="32" />
  <references type="weak" candidates="132" cleared="127" enqueued="0" />
</gc-op>
<gc-end id="3248" type="scavenge" contextid="3244" durationms="123.598" usertimems="811.271" systemtimems="15.216" timestamp="2020-09-11T10:53:20.904" activeThreads="8">
  <mem-info id="3249" free="1293963760" total="2836725760" percent="45">
    <mem type="nursery" free="697596120" total="939524096" percent="74">
      <mem type="allocate" free="697596120" total="809762816" percent="86" />
      <mem type="survivor" free="0" total="129761280" percent="0" />
    </mem>
    <mem type="tenure" free="596367640" total="1897201664" percent="31" macro-fragmented="0">
      <mem type="soa" free="482534680" total="1783368704" percent="27" />
      <mem type="loa" free="113832960" total="113832960" percent="100" />
    </mem>
    <remembered-set count="32399" />
  </mem-info>
</gc-end>
<cycle-end id="3250" type="scavenge" contextid="3244" timestamp="2020-09-11T10:53:20.907" />
<allocation-satisfied id="3251" threadId="000000000089D400" bytesRequested="24" />
<af-end id="3252" timestamp="2020-09-11T10:53:20.907" threadId="000000000089DD80" success="true" from="nursery"/>
<exclusive-end id="3253" timestamp="2020-09-11T10:53:20.907" durationms="127.442" />

<exclusive-start id="3254" timestamp="2020-09-11T10:53:23.040" intervalms="2260.067">
  <response-info timems="1.006" idlems="1.006" threads="0" lastid="0000000000891B00" lastname="Group1.Backend.CompositeBackend{Tier1}.7" />
</exclusive-start>
<af-start id="3255" threadId="0000000000892480" totalBytesRequested="520" timestamp="2020-09-11T10:53:23.040" intervalms="2260.053" type="nursery" />
<cycle-start id="3256" type="scavenge" contextid="0" timestamp="2020-09-11T10:53:23.040" intervalms="2260.046" />
<gc-start id="3257" type="scavenge" contextid="3256" timestamp="2020-09-11T10:53:23.041">
  <mem-info id="3258" free="596367640" total="2836725760" percent="21">
    <mem type="nursery" free="0" total="939524096" percent="0">
      <mem type="allocate" free="0" total="809762816" percent="0" />
      <mem type="survivor" free="0" total="129761280" percent="0" />
    </mem>
    <mem type="tenure" free="596367640" total="1897201664" percent="31">
      <mem type="soa" free="482534680" total="1783368704" percent="27" />
      <mem type="loa" free="113832960" total="113832960" percent="100" />
    </mem>
    <remembered-set count="200222" />
  </mem-info>
</gc-start>
<allocation-stats totalBytes="697251720" >
  <allocated-bytes non-tlh="25513096" tlh="671738624" />
  <largest-consumer threadName="Group1.Backend.CompositeBackend{Tier1}.8" threadId="000000000089D400" bytes="105955552" />
</allocation-stats>
<gc-op id="3259" type="scavenge" timems="103.489" contextid="3256" timestamp="2020-09-11T10:53:23.144">
  <scavenger-info tenureage="3" tenuremask="7ff8" tiltratio="86" />
  <memory-copied type="nursery" objects="4182497" bytes="112346288" bytesdiscarded="358392" />
  <memory-copied type="tenure" objects="1103805" bytes="29656688" bytesdiscarded="70952" />
  <finalization candidates="1" enqueued="0" />
  <ownableSynchronizers candidates="3666" cleared="3297" />
  <references type="soft" candidates="344" cleared="0" enqueued="0" dynamicThreshold="18" maxThreshold="32" />
  <references type="weak" candidates="113" cleared="113" enqueued="0" />
</gc-op>
<gc-end id="3260" type="scavenge" contextid="3256" durationms="104.291" usertimems="713.447" systemtimems="0.000" timestamp="2020-09-11T10:53:23.145" activeThreads="8">
  <mem-info id="3261" free="1264375568" total="2836725760" percent="44">
    <mem type="nursery" free="697691328" total="939524096" percent="74">
      <mem type="allocate" free="697691328" total="810483712" percent="86" />
      <mem type="survivor" free="0" total="129040384" percent="0" />
    </mem>
    <mem type="tenure" free="566684240" total="1897201664" percent="29" macro-fragmented="0">
      <mem type="soa" free="452851280" total="1783368704" percent="25" />
      <mem type="loa" free="113832960" total="113832960" percent="100" />
    </mem>
    <remembered-set count="31480" />
  </mem-info>
</gc-end>
<cycle-end id="3262" type="scavenge" contextid="3256" timestamp="2020-09-11T10:53:23.145" />
<allocation-satisfied id="3263" threadId="0000000000891B00" bytesRequested="520" />
<af-end id="3264" timestamp="2020-09-11T10:53:23.145" threadId="0000000000892480" success="true" from="nursery"/>
<exclusive-end id="3265" timestamp="2020-09-11T10:53:23.145" durationms="105.757" />

<exclusive-start id="3266" timestamp="2020-09-11T10:53:25.083" intervalms="2043.636">
  <response-info timems="0.374" idlems="0.374" threads="0" lastid="0000000000891B00" lastname="Group1.Backend.CompositeBackend{Tier1}.7" />
</exclusive-start>
<af-start id="3267" threadId="0000000000892480" totalBytesRequested="16" timestamp="2020-09-11T10:53:25.084" intervalms="2043.627" type="nursery" />
<cycle-start id="3268" type="scavenge" contextid="0" timestamp="2020-09-11T10:53:25.084" intervalms="2043.627" />
<gc-start id="3269" type="scavenge" contextid="3268" timestamp="2020-09-11T10:53:25.084">
  <mem-info id="3270" free="566684240" total="2836725760" percent="19">
    <mem type="nursery" free="0" total="939524096" percent="0">
      <mem type="allocate" free="0" total="810483712" percent="0" />
      <mem type="survivor" free="0" total="129040384" percent="0" />
    </mem>
    <mem type="tenure" free="566684240" total="1897201664" percent="29">
      <mem type="soa" free="452851280" total="1783368704" percent="25" />
      <mem type="loa" free="113832960" total="113832960" percent="100" />
    </mem>
    <remembered-set count="191358" />
  </mem-info>
</gc-start>
<allocation-stats totalBytes="697327832" >
  <allocated-bytes non-tlh="39513696" tlh="657814136" />
  <largest-consumer threadName="Group1.Backend.CompositeBackend{Tier1}.1" threadId="000000000077FE00" bytes="95829672" />
</allocation-stats>
<gc-op id="3271" type="scavenge" timems="108.793" contextid="3268" timestamp="2020-09-11T10:53:25.193">
  <scavenger-info tenureage="3" tenuremask="7ff8" tiltratio="86" />
  <memory-copied type="nursery" objects="4453052" bytes="118684768" bytesdiscarded="173648" />
  <memory-copied type="tenure" objects="1100978" bytes="29738776" bytesdiscarded="81424" />
  <finalization candidates="1" enqueued="0" />
  <ownableSynchronizers candidates="3355" cleared="2974" />
  <references type="soft" candidates="378" cleared="0" enqueued="0" dynamicThreshold="18" maxThreshold="32" />
  <references type="weak" candidates="118" cleared="117" enqueued="0" />
</gc-op>
<gc-end id="3272" type="scavenge" contextid="3268" durationms="109.724" usertimems="845.526" systemtimems="0.000" timestamp="2020-09-11T10:53:25.194" activeThreads="8">
  <mem-info id="3273" free="1219518976" total="2836725760" percent="42">
    <mem type="nursery" free="682697152" total="939524096" percent="72">
      <mem type="allocate" free="682697152" total="801636352" percent="85" />
      <mem type="survivor" free="0" total="137887744" percent="0" />
    </mem>
    <mem type="tenure" free="536821824" total="1897201664" percent="28" macro-fragmented="0">
      <mem type="soa" free="422988864" total="1783368704" percent="23" />
      <mem type="loa" free="113832960" total="113832960" percent="100" />
    </mem>
    <remembered-set count="29635" />
  </mem-info>
</gc-end>
<cycle-end id="3274" type="scavenge" contextid="3268" timestamp="2020-09-11T10:53:25.195" />
<allocation-satisfied id="3275" threadId="0000000000891B00" bytesRequested="16" />
<af-end id="3276" timestamp="2020-09-11T10:53:25.195" threadId="0000000000892480" success="true" from="nursery"/>
<exclusive-end id="3277" timestamp="2020-09-11T10:53:25.195" durationms="111.300" />

<exclusive-start id="3278" timestamp="2020-09-11T10:53:27.113" intervalms="2029.711">
  <response-info timems="0.639" idlems="0.587" threads="1" lastid="000000000088A300" lastname="Group1.Backend.CompositeBackend{Tier1}.6" />
</exclusive-start>
<af-start id="3279" threadId="0000000000809580" totalBytesRequested="16" timestamp="2020-09-11T10:53:27.114" intervalms="2029.847" type="nursery" />
<cycle-start id="3280" type="scavenge" contextid="0" timestamp="2020-09-11T10:53:27.114" intervalms="2029.839" />
<gc-start id="3281" type="scavenge" contextid="3280" timestamp="2020-09-11T10:53:27.114">
  <mem-info id="3282" free="536821824" total="2836725760" percent="18">
    <mem type="nursery" free="0" total="939524096" percent="0">
      <mem type="allocate" free="0" total="801636352" percent="0" />
      <mem type="survivor" free="0" total="137887744" percent="0" />
    </mem>
    <mem type="tenure" free="536821824" total="1897201664" percent="28">
      <mem type="soa" free="422988864" total="1783368704" percent="23" />
      <mem type="loa" free="113832960" total="113832960" percent="100" />
    </mem>
    <remembered-set count="191172" />
  </mem-info>
</gc-start>
<allocation-stats totalBytes="682389960" >
  <allocated-bytes non-tlh="34196872" tlh="648193088" />
  <largest-consumer threadName="Group1.Backend.CompositeBackend{Tier1}.2" threadId="000000000077F200" bytes="104582192" />
</allocation-stats>
<gc-op id="3283" type="scavenge" timems="103.851" contextid="3280" timestamp="2020-09-11T10:53:27.218">
  <scavenger-info tenureage="3" tenuremask="7ff8" tiltratio="85" />
  <memory-copied type="nursery" objects="4147534" bytes="111231752" bytesdiscarded="236320" />
  <memory-copied type="tenure" objects="1086260" bytes="29202904" bytesdiscarded="80472" />
  <ownableSynchronizers candidates="3766" cleared="3373" />
  <references type="soft" candidates="383" cleared="0" enqueued="0" dynamicThreshold="18" maxThreshold="32" />
  <references type="weak" candidates="123" cleared="122" enqueued="0" />
</gc-op>
<gc-end id="3284" type="scavenge" contextid="3280" durationms="104.695" usertimems="745.318" systemtimems="0.000" timestamp="2020-09-11T10:53:27.219" activeThreads="8">
  <mem-info id="3285" free="1198595208" total="2836725760" percent="42">
    <mem type="nursery" free="691068928" total="939524096" percent="73">
      <mem type="allocate" free="691068928" total="802619392" percent="86" />
      <mem type="survivor" free="0" total="136904704" percent="0" />
    </mem>
    <mem type="tenure" free="507526280" total="1897201664" percent="26" macro-fragmented="0">
      <mem type="soa" free="393693320" total="1783368704" percent="22" />
      <mem type="loa" free="113832960" total="113832960" percent="100" />
    </mem>
    <remembered-set count="29330" />
  </mem-info>
</gc-end>
<cycle-end id="3286" type="scavenge" contextid="3280" timestamp="2020-09-11T10:53:27.219" />
<allocation-satisfied id="3287" threadId="0000000000808C00" bytesRequested="16" />
<af-end id="3288" timestamp="2020-09-11T10:53:27.219" threadId="0000000000809580" success="true" from="nursery"/>
<exclusive-end id="3289" timestamp="2020-09-11T10:53:27.219" durationms="106.264" />

<exclusive-start id="3290" timestamp="2020-09-11T10:53:29.238" intervalms="2125.261">
  <response-info timems="0.434" idlems="0.422" threads="1" lastid="000000000088A300" lastname="Group1.Backend.CompositeBackend{Tier1}.6" />
</exclusive-start>
<af-start id="3291" threadId="0000000000780780" totalBytesRequested="1032" timestamp="2020-09-11T10:53:29.239" intervalms="2125.277" type="nursery" />
<cycle-start id="3292" type="scavenge" contextid="0" timestamp="2020-09-11T10:53:29.239" intervalms="2125.268" />
<gc-start id="3293" type="scavenge" contextid="3292" timestamp="2020-09-11T10:53:29.239">
  <mem-info id="3294" free="507526280" total="2836725760" percent="17">
    <mem type="nursery" free="0" total="939524096" percent="0">
      <mem type="allocate" free="0" total="802619392" percent="0" />
      <mem type="survivor" free="0" total="136904704" percent="0" />
    </mem>
    <mem type="tenure" free="507526280" total="1897201664" percent="26">
      <mem type="soa" free="393693320" total="1783368704" percent="22" />
      <mem type="loa" free="113832960" total="113832960" percent="100" />
    </mem>
    <remembered-set count="193526" />
  </mem-info>
</gc-start>
<allocation-stats totalBytes="690740656" >
  <allocated-bytes non-tlh="33400592" tlh="657340064" />
  <largest-consumer threadName="Group1.Backend.CompositeBackend{Tier1}.3" threadId="0000000000808C00" bytes="93398712" />
</allocation-stats>
<gc-op id="3295" type="scavenge" timems="106.117" contextid="3292" timestamp="2020-09-11T10:53:29.346">
  <scavenger-info tenureage="3" tenuremask="7ff8" tiltratio="85" />
  <memory-copied type="nursery" objects="4209809" bytes="112233848" bytesdiscarded="180592" />
  <memory-copied type="tenure" objects="1156473" bytes="31113008" bytesdiscarded="82856" />
  <ownableSynchronizers candidates="4294" cleared="3911" />
  <references type="soft" candidates="415" cleared="0" enqueued="0" dynamicThreshold="18" maxThreshold="32" />
  <references type="weak" candidates="118" cleared="118" enqueued="0" />
</gc-op>
<gc-end id="3296" type="scavenge" contextid="3292" durationms="107.004" usertimems="782.187" systemtimems="0.000" timestamp="2020-09-11T10:53:29.346" activeThreads="8">
  <mem-info id="3297" free="1168467216" total="2836725760" percent="41">
    <mem type="nursery" free="692148704" total="939524096" percent="73">
      <mem type="allocate" free="692148704" total="804651008" percent="86" />
      <mem type="survivor" free="0" total="134873088" percent="0" />
    </mem>
    <mem type="tenure" free="476318512" total="1897201664" percent="25" macro-fragmented="0">
      <mem type="soa" free="362485552" total="1783368704" percent="20" />
      <mem type="loa" free="113832960" total="113832960" percent="100" />
    </mem>
    <remembered-set count="31149" />
  </mem-info>
</gc-end>
<cycle-end id="3298" type="scavenge" contextid="3292" timestamp="2020-09-11T10:53:29.347" />
<allocation-satisfied id="3299" threadId="000000000077FE00" bytesRequested="1032" />
<af-end id="3300" timestamp="2020-09-11T10:53:29.347" threadId="0000000000780780" success="true" from="nursery"/>
<exclusive-end id="3301" timestamp="2020-09-11T10:53:29.347" durationms="108.565" />

<exclusive-start id="3302" timestamp="2020-09-11T10:53:31.300" intervalms="2061.928">
  <response-info timems="0.278" idlems="0.278" threads="0" lastid="0000000000808C00" lastname="Group1.Backend.CompositeBackend{Tier1}.3" />
</exclusive-start>
<af-start id="3303" threadId="0000000000809580" totalBytesRequested="267608" timestamp="2020-09-11T10:53:31.301" intervalms="2061.844" type="nursery" />
<cycle-start id="3304" type="scavenge" contextid="0" timestamp="2020-09-11T10:53:31.301" intervalms="2061.854" />
<gc-start id="3305" type="scavenge" contextid="3304" timestamp="2020-09-11T10:53:31.301">
  <mem-info id="3306" free="476534928" total="2836725760" percent="16">
    <mem type="nursery" free="216416" total="939524096" percent="0">
      <mem type="allocate" free="216416" total="804651008" percent="0" />
      <mem type="survivor" free="0" total="134873088" percent="0" />
    </mem>
    <mem type="tenure" free="476318512" total="1897201664" percent="25">
      <mem type="soa" free="362485552" total="1783368704" percent="20" />
      <mem type="loa" free="113832960" total="113832960" percent="100" />
    </mem>
    <remembered-set count="195111" />
  </mem-info>
</gc-start>
<allocation-stats totalBytes="691592712" >
  <allocated-bytes non-tlh="33504384" tlh="658088328" />
  <largest-consumer threadName="Group1.Backend.CompositeBackend{Tier1}.4" threadId="0000000000854B00" bytes="108444288" />
</allocation-stats>
<gc-op id="3307" type="scavenge" timems="112.618" contextid="3304" timestamp="2020-09-11T10:53:31.414">
  <scavenger-info tenureage="3" tenuremask="7ff8" tiltratio="85" />
  <memory-copied type="nursery" objects="4333344" bytes="115229048" bytesdiscarded="168728" />
  <memory-copied type="tenure" objects="1077238" bytes="28961936" bytesdiscarded="92872" />
  <ownableSynchronizers candidates="4040" cleared="3639" />
  <references type="soft" candidates="389" cleared="0" enqueued="0" dynamicThreshold="18" maxThreshold="32" />
  <references type="weak" candidates="114" cleared="114" enqueued="0" />
</gc-op>
<gc-end id="3308" type="scavenge" contextid="3304" durationms="113.497" usertimems="849.161" systemtimems="0.000" timestamp="2020-09-11T10:53:31.415" activeThreads="8">
  <mem-info id="3309" free="1136914528" total="2836725760" percent="40">
    <mem type="nursery" free="689623968" total="939524096" percent="73">
      <mem type="allocate" free="689623968" total="805109760" percent="85" />
      <mem type="survivor" free="0" total="134414336" percent="0" />
    </mem>
    <mem type="tenure" free="447290560" total="1897201664" percent="23" macro-fragmented="0">
      <mem type="soa" free="333457600" total="1783368704" percent="18" />
      <mem type="loa" free="113832960" total="113832960" percent="100" />
    </mem>
    <remembered-set count="31714" />
  </mem-info>
</gc-end>
<cycle-end id="3310" type="scavenge" contextid="3304" timestamp="2020-09-11T10:53:31.416" />
<allocation-satisfied id="3311" threadId="0000000000808C00" bytesRequested="267608" />
<af-end id="3312" timestamp="2020-09-11T10:53:31.416" threadId="0000000000809580" success="true" from="nursery"/>
<exclusive-end id="3313" timestamp="2020-09-11T10:53:31.416" durationms="115.490" />

<exclusive-start id="3314" timestamp="2020-09-11T10:53:33.419" intervalms="2118.729">
  <response-info timems="0.430" idlems="0.430" threads="0" lastid="000000000089D400" lastname="Group1.Backend.CompositeBackend{Tier1}.8" />
</exclusive-start>
<af-start id="3315" threadId="000000000089DD80" totalBytesRequested="16" timestamp="2020-09-11T10:53:33.420" intervalms="2118.806" type="nursery" />
<cycle-start id="3316" type="scavenge" contextid="0" timestamp="2020-09-11T10:53:33.420" intervalms="2118.803" />
<gc-start id="3317" type="scavenge" contextid="3316" timestamp="2020-09-11T10:53:33.420">
  <mem-info id="3318" free="447290560" total="2836725760" percent="15">
    <mem type="nursery" free="0" total="939524096" percent="0">
      <mem type="allocate" free="0" total="805109760" percent="0" />
      <mem type="survivor" free="0" total="134414336" percent="0" />
    </mem>
    <mem type="tenure" free="447290560" total="1897201664" percent="23">
      <mem type="soa" free="333457600" total="1783368704" percent="18" />
      <mem type="loa" free="113832960" total="113832960" percent="100" />
    </mem>
    <remembered-set count="196616" />
  </mem-info>
</gc-start>
<allocation-stats totalBytes="689306768" >
  <allocated-bytes non-tlh="31842544" tlh="657464224" />
  <largest-consumer threadName="Group1.Backend.CompositeBackend{Tier1}.4" threadId="0000000000854B00" bytes="82239480" />
</allocation-stats>
<gc-op id="3319" type="scavenge" timems="111.679" contextid="3316" timestamp="2020-09-11T10:53:33.532">
  <scavenger-info tenureage="3" tenuremask="7ff8" tiltratio="85" />
  <memory-copied type="nursery" objects="4355685" bytes="115688616" bytesdiscarded="169184" />
  <memory-copied type="tenure" objects="1075313" bytes="28912568" bytesdiscarded="92432" />
  <ownableSynchronizers candidates="4389" cleared="3976" />
  <references type="soft" candidates="381" cleared="0" enqueued="0" dynamicThreshold="18" maxThreshold="32" />
  <references type="weak" candidates="107" cleared="107" enqueued="0" />
</gc-op>
<gc-end id="3320" type="scavenge" contextid="3316" durationms="112.705" usertimems="829.359" systemtimems="4.912" timestamp="2020-09-11T10:53:33.533" activeThreads="8">
  <mem-info id="3321" free="1110944776" total="2836725760" percent="39">
    <mem type="nursery" free="692638704" total="939524096" percent="73">
      <mem type="allocate" free="692638704" total="808583168" percent="85" />
      <mem type="survivor" free="0" total="130940928" percent="0" />
    </mem>
    <mem type="tenure" free="418306072" total="1897201664" percent="22" macro-fragmented="0">
      <mem type="soa" free="304473112" total="1783368704" percent="17" />
      <mem type="loa" free="113832960" total="113832960" percent="100" />
    </mem>
    <remembered-set count="33985" />
  </mem-info>
</gc-end>
<cycle-end id="3322" type="scavenge" contextid="3316" timestamp="2020-09-11T10:53:33.533" />
<allocation-satisfied id="3323" threadId="000000000089D400" bytesRequested="16" />
<af-end id="3324" timestamp="2020-09-11T10:53:33.533" threadId="000000000089DD80" success="true" from="nursery"/>
<exclusive-end id="3325" timestamp="2020-09-11T10:53:33.533" durationms="114.501" />

<exclusive-start id="3326" timestamp="2020-09-11T10:53:35.534" intervalms="2115.225">
  <response-info timems="0.350" idlems="0.350" threads="0" lastid="0000000000A9C100" lastname="Group1.Backend.CompositeBackend{Tier3}.7" />
</exclusive-start>
<af-start id="3327" threadId="0000000000A9CA80" totalBytesRequested="24" timestamp="2020-09-11T10:53:35.535" intervalms="2115.044" type="nursery" />
<cycle-start id="3328" type="scavenge" contextid="0" timestamp="2020-09-11T10:53:35.535" intervalms="2115.035" />
<gc-start id="3329" type="scavenge" contextid="3328" timestamp="2020-09-11T10:53:35.535">
  <mem-info id="3330" free="418306072" total="2836725760" percent="14">
    <mem type="nursery" free="0" total="939524096" percent="0">
      <mem type="allocate" free="0" total="808583168" percent="0" />
      <mem type="survivor" free="0" total="130940928" percent="0" />
    </mem>
    <mem type="tenure" free="418306072" total="1897201664" percent="22">
      <mem type="soa" free="304473112" total="1783368704" percent="17" />
      <mem type="loa" free="113832960" total="113832960" percent="100" />
    </mem>
    <remembered-set count="198064" />
  </mem-info>
</gc-start>
<allocation-stats totalBytes="692295416" >
  <allocated-bytes non-tlh="31622488" tlh="660672928" />
  <largest-consumer threadName="Group1.Backend.CompositeBackend{Tier1}.2" threadId="000000000077F200" bytes="89024536" />
</allocation-stats>
<gc-op id="3331" type="scavenge" timems="95.300" contextid="3328" timestamp="2020-09-11T10:53:35.630">
  <scavenger-info tenureage="3" tenuremask="7ff8" tiltratio="86" />
  <memory-copied type="nursery" objects="4066999" bytes="109127760" bytesdiscarded="212560" />
  <memory-copied type="tenure" objects="1095289" bytes="29429792" bytesdiscarded="97504" />
  <ownableSynchronizers candidates="4617" cleared="4182" />
  <references type="soft" candidates="401" cleared="0" enqueued="0" dynamicThreshold="18" maxThreshold="32" />
  <references type="weak" candidates="123" cleared="122" enqueued="0" />
</gc-op>
<gc-end id="3332" type="scavenge" contextid="3328" durationms="96.089" usertimems="688.813" systemtimems="0.000" timestamp="2020-09-11T10:53:35.631" activeThreads="8">
  <mem-info id="3333" free="1088172464" total="2836725760" percent="38">
    <mem type="nursery" free="699422432" total="939524096" percent="74">
      <mem type="allocate" free="699422432" total="808845312" percent="86" />
      <mem type="survivor" free="0" total="130678784" percent="0" />
    </mem>
    <mem type="tenure" free="388750032" total="1897201664" percent="20" macro-fragmented="0">
      <mem type="soa" free="274917072" total="1783368704" percent="15" />
      <mem type="loa" free="113832960" total="113832960" percent="100" />
    </mem>
    <remembered-set count="33071" />
  </mem-info>
</gc-end>
<cycle-end id="3334" type="scavenge" contextid="3328" timestamp="2020-09-11T10:53:35.634" />
<allocation-satisfied id="3335" threadId="0000000000A9C100" bytesRequested="24" />
<af-end id="3336" timestamp="2020-09-11T10:53:35.634" threadId="0000000000A9CA80" success="true" from="nursery"/>
<exclusive-end id="3337" timestamp="2020-09-11T10:53:35.634" durationms="100.156" />

<exclusive-start id="3338" timestamp="2020-09-11T10:53:37.651" intervalms="2117.211">
  <response-info timems="0.392" idlems="0.392" threads="0" lastid="000000000077FE00" lastname="Group1.Backend.CompositeBackend{Tier1}.1" />
</exclusive-start>
<af-start id="3339" threadId="0000000000780780" totalBytesRequested="16" timestamp="2020-09-11T10:53:37.652" intervalms="2117.247" type="nursery" />
<cycle-start id="3340" type="scavenge" contextid="0" timestamp="2020-09-11T10:53:37.652" intervalms="2117.264" />
<gc-start id="3341" type="scavenge" contextid="3340" timestamp="2020-09-11T10:53:37.652">
  <mem-info id="3342" free="388749768" total="2836725760" percent="13">
    <mem type="nursery" free="0" total="939524096" percent="0">
      <mem type="allocate" free="0" total="808845312" percent="0" />
      <mem type="survivor" free="0" total="130678784" percent="0" />
    </mem>
    <mem type="tenure" free="388749768" total="1897201664" percent="20">
      <mem type="soa" free="274916808" total="1783368704" percent="15" />
      <mem type="loa" free="113832960" total="113832960" percent="100" />
    </mem>
    <remembered-set count="195892" />
  </mem-info>
</gc-start>
<allocation-stats totalBytes="699101728" >
  <allocated-bytes non-tlh="37490736" tlh="661610992" />
  <largest-consumer threadName="Group1.Backend.CompositeBackend{Tier1}.3" threadId="0000000000808C00" bytes="96967728" />
</allocation-stats>
<gc-op id="3343" type="scavenge" timems="125.166" contextid="3340" timestamp="2020-09-11T10:53:37.778">
  <scavenger-info tenureage="3" tenuremask="7ff8" tiltratio="86" />
  <memory-copied type="nursery" objects="4213969" bytes="112455264" bytesdiscarded="220592" />
  <memory-copied type="tenure" objects="1082231" bytes="29078312" bytesdiscarded="92912" />
  <ownableSynchronizers candidates="4352" cleared="3913" />
  <references type="soft" candidates="425" cleared="0" enqueued="0" dynamicThreshold="18" maxThreshold="32" />
  <references type="weak" candidates="127" cleared="127" enqueued="0" />
</gc-op>
<gc-end id="3344" type="scavenge" contextid="3340" durationms="125.980" usertimems="896.430" systemtimems="5.872" timestamp="2020-09-11T10:53:37.778" activeThreads="8">
  <mem-info id="3345" free="1055895024" total="2836725760" percent="37">
    <mem type="nursery" free="696280056" total="939524096" percent="74">
      <mem type="allocate" free="696280056" total="809041920" percent="86" />
      <mem type="survivor" free="0" total="130482176" percent="0" />
    </mem>
    <mem type="tenure" free="359614968" total="1897201664" percent="18" macro-fragmented="0">
      <mem type="soa" free="245782008" total="1783368704" percent="13" />
      <mem type="loa" free="113832960" total="113832960" percent="100" />
    </mem>
    <remembered-set count="32214" />
  </mem-info>
</gc-end>
<cycle-end id="3346" type="scavenge" contextid="3340" timestamp="2020-09-11T10:53:37.781" />
<allocation-satisfied id="3347" threadId="000000000077FE00" bytesRequested="16" />
<af-end id="3348" timestamp="2020-09-11T10:53:37.781" threadId="0000000000780780" success="true" from="nursery"/>
<exclusive-end id="3349" timestamp="2020-09-11T10:53:37.781" durationms="129.870" />

<exclusive-start id="3350" timestamp="2020-09-11T10:53:39.817" intervalms="2166.011">
  <response-info timems="3.384" idlems="3.384" threads="0" lastid="000000000088A300" lastname="Group1.Backend.CompositeBackend{Tier1}.6" />
</exclusive-start>
<af-start id="3351" threadId="000000000088AC80" totalBytesRequested="40" timestamp="2020-09-11T10:53:39.818" intervalms="2166.003" type="nursery" />
<cycle-start id="3352" type="scavenge" contextid="0" timestamp="2020-09-11T10:53:39.818" intervalms="2166.031" />
<gc-start id="3353" type="scavenge" contextid="3352" timestamp="2020-09-11T10:53:39.818">
  <mem-info id="3354" free="359614968" total="2836725760" percent="12">
    <mem type="nursery" free="0" total="939524096" percent="0">
      <mem type="allocate" free="0" total="809041920" percent="0" />
      <mem type="survivor" free="0" total="130482176" percent="0" />
    </mem>
    <mem type="tenure" free="359614968" total="1897201664" percent="18">
      <mem type="soa" free="245782008" total="1783368704" percent="13" />
      <mem type="loa" free="113832960" total="113832960" percent="100" />
    </mem>
    <remembered-set count="197970" />
  </mem-info>
</gc-start>
<allocation-stats totalBytes="695936568" >
  <allocated-bytes non-tlh="27902928" tlh="668033640" />
  <largest-consumer threadName="Group1.Backend.CompositeBackend{Tier1}.6" threadId="000000000088A300" bytes="98149688" />
</allocation-stats>
<gc-op id="3355" type="scavenge" timems="101.399" contextid="3352" timestamp="2020-09-11T10:53:39.920">
  <scavenger-info tenureage="3" tenuremask="7ff8" tiltratio="86" />
  <memory-copied type="nursery" objects="4312139" bytes="114789496" bytesdiscarded="240368" />
  <memory-copied type="tenure" objects="1096688" bytes="29439904" bytesdiscarded="109432" />
  <ownableSynchronizers candidates="4713" cleared="4250" />
  <references type="soft" candidates="431" cleared="0" enqueued="0" dynamicThreshold="18" maxThreshold="32" />
  <references type="weak" candidates="109" cleared="109" enqueued="0" />
</gc-op>
<gc-end id="3356" type="scavenge" contextid="3352" durationms="102.275" usertimems="751.411" systemtimems="0.000" timestamp="2020-09-11T10:53:39.921" activeThreads="8">
  <mem-info id="3357" free="1023394256" total="2836725760" percent="36">
    <mem type="nursery" free="693330168" total="939524096" percent="73">
      <mem type="allocate" free="693330168" total="808452096" percent="85" />
      <mem type="survivor" free="0" total="131072000" percent="0" />
    </mem>
    <mem type="tenure" free="330064088" total="1897201664" percent="17" macro-fragmented="0">
      <mem type="soa" free="216231128" total="1783368704" percent="12" />
      <mem type="loa" free="113832960" total="113832960" percent="100" />
    </mem>
    <remembered-set count="29339" />
  </mem-info>
</gc-end>
<cycle-end id="3358" type="scavenge" contextid="3352" timestamp="2020-09-11T10:53:39.921" />
<allocation-satisfied id="3359" threadId="000000000088A300" bytesRequested="40" />
<af-end id="3360" timestamp="2020-09-11T10:53:39.921" threadId="000000000088AC80" success="true" from="nursery"/>
<exclusive-end id="3361" timestamp="2020-09-11T10:53:39.921" durationms="103.837" />

<exclusive-start id="3362" timestamp="2020-09-11T10:53:41.994" intervalms="2176.818">
  <response-info timems="0.304" idlems="0.184" threads="1" lastid="000000000077FE00" lastname="Group1.Backend.CompositeBackend{Tier1}.1" />
</exclusive-start>
<af-start id="3363" threadId="0000000000809580" totalBytesRequested="32" timestamp="2020-09-11T10:53:41.995" intervalms="2176.890" type="nursery" />
<cycle-start id="3364" type="scavenge" contextid="0" timestamp="2020-09-11T10:53:41.995" intervalms="2176.854" />
<gc-start id="3365" type="scavenge" contextid="3364" timestamp="2020-09-11T10:53:41.995">
  <mem-info id="3366" free="330064088" total="2836725760" percent="11">
    <mem type="nursery" free="0" total="939524096" percent="0">
      <mem type="allocate" free="0" total="808452096" percent="0" />
      <mem type="survivor" free="0" total="131072000" percent="0" />
    </mem>
    <mem type="tenure" free="330064088" total="1897201664" percent="17">
      <mem type="soa" free="216231128" total="1783368704" percent="12" />
      <mem type="loa" free="113832960" total="113832960" percent="100" />
    </mem>
    <remembered-set count="194881" />
  </mem-info>
</gc-start>
<allocation-stats totalBytes="692980616" >
  <allocated-bytes non-tlh="30512936" tlh="662467680" />
  <largest-consumer threadName="Group1.Backend.CompositeBackend{Tier1}.7" threadId="0000000000891B00" bytes="127375560" />
</allocation-stats>
<gc-op id="3367" type="scavenge" timems="100.833" contextid="3364" timestamp="2020-09-11T10:53:42.096">
  <scavenger-info tenureage="3" tenuremask="7ff8" tiltratio="86" />
  <memory-copied type="nursery" objects="4180888" bytes="112166216" bytesdiscarded="237008" />
  <memory-copied type="tenure" objects="1100851" bytes="29602624" bytesdiscarded="115592" />
  <ownableSynchronizers candidates="4641" cleared="4176" />
  <references type="soft" candidates="417" cleared="0" enqueued="0" dynamicThreshold="18" maxThreshold="32" />
  <references type="weak" candidates="102" cleared="102" enqueued="0" />
</gc-op>
<gc-end id="3368" type="scavenge" contextid="3364" durationms="101.752" usertimems="759.832" systemtimems="0.000" timestamp="2020-09-11T10:53:42.097" activeThreads="8">
  <mem-info id="3369" free="996891728" total="2836725760" percent="35">
    <mem type="nursery" free="696490496" total="939524096" percent="74">
      <mem type="allocate" free="696490496" total="808976384" percent="86" />
      <mem type="survivor" free="0" total="130547712" percent="0" />
    </mem>
    <mem type="tenure" free="300401232" total="1897201664" percent="15" macro-fragmented="0">
      <mem type="soa" free="186568272" total="1783368704" percent="10" />
      <mem type="loa" free="113832960" total="113832960" percent="100" />
    </mem>
    <remembered-set count="29893" />
  </mem-info>
</gc-end>
<cycle-end id="3370" type="scavenge" contextid="3364" timestamp="2020-09-11T10:53:42.098" />
<allocation-satisfied id="3371" threadId="0000000000808C00" bytesRequested="32" />
<af-end id="3372" timestamp="2020-09-11T10:53:42.098" threadId="0000000000809580" success="true" from="nursery"/>
<exclusive-end id="3373" timestamp="2020-09-11T10:53:42.098" durationms="103.500" />

<exclusive-start id="3374" timestamp="2020-09-11T10:53:44.012" intervalms="2018.248">
  <response-info timems="1.898" idlems="0.982" threads="1" lastid="000000000089D400" lastname="Group1.Backend.CompositeBackend{Tier1}.8" />
</exclusive-start>
<af-start id="3375" threadId="0000000000A98E80" totalBytesRequested="1032" timestamp="2020-09-11T10:53:44.014" intervalms="2018.795" type="nursery" />
<cycle-start id="3376" type="scavenge" contextid="0" timestamp="2020-09-11T10:53:44.014" intervalms="2018.875" />
<gc-start id="3377" type="scavenge" contextid="3376" timestamp="2020-09-11T10:53:44.014">
  <mem-info id="3378" free="300401232" total="2836725760" percent="10">
    <mem type="nursery" free="0" total="939524096" percent="0">
      <mem type="allocate" free="0" total="808976384" percent="0" />
      <mem type="survivor" free="0" total="130547712" percent="0" />
    </mem>
    <mem type="tenure" free="300401232" total="1897201664" percent="15">
      <mem type="soa" free="186568272" total="1783368704" percent="10" />
      <mem type="loa" free="113832960" total="113832960" percent="100" />
    </mem>
    <remembered-set count="192394" />
  </mem-info>
</gc-start>
<allocation-stats totalBytes="696174808" >
  <allocated-bytes non-tlh="36243768" tlh="659931040" />
  <largest-consumer threadName="Group1.Backend.CompositeBackend{Tier1}.7" threadId="0000000000891B00" bytes="131292560" />
</allocation-stats>
<gc-op id="3379" type="scavenge" timems="118.190" contextid="3376" timestamp="2020-09-11T10:53:44.132">
  <scavenger-info tenureage="3" tenuremask="7ff8" tiltratio="86" />
  <memory-copied type="nursery" objects="4151727" bytes="111401048" bytesdiscarded="344416" />
  <memory-copied type="tenure" objects="1094733" bytes="29421760" bytesdiscarded="122240" />
  <ownableSynchronizers candidates="3671" cleared="3237" />
  <references type="soft" candidates="386" cleared="0" enqueued="0" dynamicThreshold="18" maxThreshold="32" />
  <references type="weak" candidates="117" cleared="117" enqueued="0" />
</gc-op>
<gc-end id="3380" type="scavenge" contextid="3376" durationms="119.217" usertimems="823.288" systemtimems="7.489" timestamp="2020-09-11T10:53:44.133" activeThreads="8">
  <mem-info id="3381" free="969008048" total="2836725760" percent="34">
    <mem type="nursery" free="698135552" total="939524096" percent="74">
      <mem type="allocate" free="698135552" total="809959424" percent="86" />
      <mem type="survivor" free="0" total="129564672" percent="0" />
    </mem>
    <mem type="tenure" free="270872496" total="1897201664" percent="14" macro-fragmented="0">
      <mem type="soa" free="157039536" total="1783368704" percent="8" />
      <mem type="loa" free="113832960" total="113832960" percent="100" />
    </mem>
    <remembered-set count="30344" />
  </mem-info>
</gc-end>
<cycle-end id="3382" type="scavenge" contextid="3376" timestamp="2020-09-11T10:53:44.134" />
<allocation-satisfied id="3383" threadId="0000000000A98500" bytesRequested="1032" />
<af-end id="3384" timestamp="2020-09-11T10:53:44.134" threadId="0000000000A98E80" success="true" from="nursery"/>
<exclusive-end id="3385" timestamp="2020-09-11T10:53:44.134" durationms="121.528" />

<exclusive-start id="3386" timestamp="2020-09-11T10:53:46.151" intervalms="2138.775">
  <response-info timems="2.024" idlems="1.018" threads="1" lastid="0000000000854B00" lastname="Group1.Backend.CompositeBackend{Tier1}.4" />
</exclusive-start>
<af-start id="3387" threadId="000000000089DD80" totalBytesRequested="32" timestamp="2020-09-11T10:53:46.153" intervalms="2139.076" type="nursery" />
<cycle-start id="3388" type="scavenge" contextid="0" timestamp="2020-09-11T10:53:46.153" intervalms="2139.109" />
<gc-start id="3389" type="scavenge" contextid="3388" timestamp="2020-09-11T10:53:46.153">
  <mem-info id="3390" free="270872384" total="2836725760" percent="9">
    <mem type="nursery" free="0" total="939524096" percent="0">
      <mem type="allocate" free="0" total="809959424" percent="0" />
      <mem type="survivor" free="0" total="129564672" percent="0" />
    </mem>
    <mem type="tenure" free="270872384" total="1897201664" percent="14">
      <mem type="soa" free="157039424" total="1783368704" percent="8" />
      <mem type="loa" free="113832960" total="113832960" percent="100" />
    </mem>
    <remembered-set count="194897" />
  </mem-info>
</gc-start>
<allocation-stats totalBytes="697801520" >
  <allocated-bytes non-tlh="35411584" tlh="662389936" />
  <largest-consumer threadName="Group1.Backend.CompositeBackend{Tier1}.3" threadId="0000000000808C00" bytes="99391880" />
</allocation-stats>
<gc-op id="3391" type="scavenge" timems="139.623" contextid="3388" timestamp="2020-09-11T10:53:46.293">
  <scavenger-info tenureage="3" tenuremask="7ff8" tiltratio="86" />
  <memory-copied type="nursery" objects="4124783" bytes="110595248" bytesdiscarded="145376" />
  <memory-copied type="tenure" objects="1136542" bytes="30577216" bytesdiscarded="145168" />
  <ownableSynchronizers candidates="5178" cleared="4722" />
  <references type="soft" candidates="404" cleared="0" enqueued="0" dynamicThreshold="18" maxThreshold="32" />
  <references type="weak" candidates="123" cleared="123" enqueued="0" />
</gc-op>
<gc-end id="3392" type="scavenge" contextid="3388" durationms="140.720" usertimems="990.598" systemtimems="15.342" timestamp="2020-09-11T10:53:46.294" activeThreads="8">
  <mem-info id="3393" free="940152800" total="2836725760" percent="33">
    <mem type="nursery" free="700051456" total="939524096" percent="74">
      <mem type="allocate" free="700051456" total="810876928" percent="86" />
      <mem type="survivor" free="0" total="128647168" percent="0" />
    </mem>
    <mem type="tenure" free="240101344" total="1897201664" percent="12" macro-fragmented="0">
      <mem type="soa" free="126268384" total="1783368704" percent="7" />
      <mem type="loa" free="113832960" total="113832960" percent="100" />
    </mem>
    <remembered-set count="32786" />
  </mem-info>
</gc-end>
<cycle-end id="3394" type="scavenge" contextid="3388" timestamp="2020-09-11T10:53:46.295" />
<allocation-satisfied id="3395" threadId="000000000089D400" bytesRequested="32" />
<af-end id="3396" timestamp="2020-09-11T10:53:46.295" threadId="000000000089DD80" success="true" from="nursery"/>
<exclusive-end id="3397" timestamp="2020-09-11T10:53:46.295" durationms="143.409" />

<exclusive-start id="3398" timestamp="2020-09-11T10:53:48.197" intervalms="2046.118">
  <response-info timems="0.652" idlems="0.652" threads="0" lastid="000000000077FE00" lastname="Group1.Backend.CompositeBackend{Tier1}.1" />
</exclusive-start>
<af-start id="3399" threadId="0000000000780780" totalBytesRequested="40" timestamp="2020-09-11T10:53:48.198" intervalms="2045.355" type="nursery" />
<cycle-start id="3400" type="scavenge" contextid="0" timestamp="2020-09-11T10:53:48.198" intervalms="2045.263" />
<gc-start id="3401" type="scavenge" contextid="3400" timestamp="2020-09-11T10:53:48.199">
  <mem-info id="3402" free="240101344" total="2836725760" percent="8">
    <mem type="nursery" free="0" total="939524096" percent="0">
      <mem type="allocate" free="0" total="810876928" percent="0" />
      <mem type="survivor" free="0" total="128647168" percent="0" />
    </mem>
    <mem type="tenure" free="240101344" total="1897201664" percent="12">
      <mem type="soa" free="126268384" total="1783368704" percent="7" />
      <mem type="loa" free="113832960" total="113832960" percent="100" />
    </mem>
    <remembered-set count="195939" />
  </mem-info>
</gc-start>
<allocation-stats totalBytes="699714392" >
  <allocated-bytes non-tlh="36207760" tlh="663506632" />
  <largest-consumer threadName="Group1.Backend.CompositeBackend{Tier1}.2" threadId="000000000077F200" bytes="95875248" />
</allocation-stats>
<gc-op id="3403" type="scavenge" timems="125.905" contextid="3400" timestamp="2020-09-11T10:53:48.325">
  <scavenger-info tenureage="3" tenuremask="7ff8" tiltratio="86" />
  <memory-copied type="nursery" objects="4331314" bytes="115017920" bytesdiscarded="205368" />
  <memory-copied type="tenure" objects="1119536" bytes="30115736" bytesdiscarded="129488" />
  <ownableSynchronizers candidates="3652" cleared="3233" />
  <references type="soft" candidates="363" cleared="0" enqueued="0" dynamicThreshold="18" maxThreshold="32" />
  <references type="weak" candidates="133" cleared="133" enqueued="0" />
</gc-op>
<gc-end id="3404" type="scavenge" contextid="3400" durationms="126.866" usertimems="887.217" systemtimems="5.891" timestamp="2020-09-11T10:53:48.325" activeThreads="8">
  <mem-info id="3405" free="901280584" total="2836725760" percent="31">
    <mem type="nursery" free="691438584" total="939524096" percent="73">
      <mem type="allocate" free="691438584" total="806748160" percent="85" />
      <mem type="survivor" free="0" total="132775936" percent="0" />
    </mem>
    <mem type="tenure" free="209842000" total="1897201664" percent="11" macro-fragmented="0">
      <mem type="soa" free="96009040" total="1783368704" percent="5" />
      <mem type="loa" free="113832960" total="113832960" percent="100" />
    </mem>
    <remembered-set count="32898" />
  </mem-info>
</gc-end>
<cycle-end id="3406" type="scavenge" contextid="3400" timestamp="2020-09-11T10:53:48.326" />
<allocation-satisfied id="3407" threadId="000000000077FE00" bytesRequested="40" />
<af-end id="3408" timestamp="2020-09-11T10:53:48.326" threadId="0000000000780780" success="true" from="nursery"/>
<exclusive-end id="3409" timestamp="2020-09-11T10:53:48.326" durationms="129.114" />

<exclusive-start id="3410" timestamp="2020-09-11T10:53:50.393" intervalms="2195.321">
  <response-info timems="0.609" idlems="0.609" threads="0" lastid="0000000000891B00" lastname="Group1.Backend.CompositeBackend{Tier1}.7" />
</exclusive-start>
<af-start id="3411" threadId="0000000000892480" totalBytesRequested="664" timestamp="2020-09-11T10:53:50.393" intervalms="2195.254" type="nursery" />
<cycle-start id="3412" type="scavenge" contextid="0" timestamp="2020-09-11T10:53:50.393" intervalms="2195.249" />
<gc-start id="3413" type="scavenge" contextid="3412" timestamp="2020-09-11T10:53:50.394">
  <mem-info id="3414" free="209842000" total="2836725760" percent="7">
    <mem type="nursery" free="0" total="939524096" percent="0">
      <mem type="allocate" free="0" total="806748160" percent="0" />
      <mem type="survivor" free="0" total="132775936" percent="0" />
    </mem>
    <mem type="tenure" free="209842000" total="1897201664" percent="11">
      <mem type="soa" free="96009040" total="1783368704" percent="5" />
      <mem type="loa" free="113832960" total="113832960" percent="100" />
    </mem>
    <remembered-set count="199105" />
  </mem-info>
</gc-start>
<allocation-stats totalBytes="691087768" >
  <allocated-bytes non-tlh="28988704" tlh="662099064" />
  <largest-consumer threadName="Group1.Backend.CompositeBackend{Tier1}.6" threadId="000000000088A300" bytes="93161368" />
</allocation-stats>
<gc-op id="3415" type="scavenge" timems="117.778" contextid="3412" timestamp="2020-09-11T10:53:50.512">
  <scavenger-info tenureage="3" tenuremask="7ff8" tiltratio="85" />
  <memory-copied type="nursery" objects="4199847" bytes="112504664" bytesdiscarded="425208" />
  <memory-copied type="tenure" objects="1076411" bytes="28924856" bytesdiscarded="108656" />
  <ownableSynchronizers candidates="4531" cleared="4110" />
  <references type="soft" candidates="381" cleared="0" enqueued="0" dynamicThreshold="18" maxThreshold="32" />
  <references type="weak" candidates="122" cleared="122" enqueued="0" />
</gc-op>
<gc-end id="3416" type="scavenge" contextid="3412" durationms="118.771" usertimems="833.612" systemtimems="3.505" timestamp="2020-09-11T10:53:50.512" activeThreads="8">
  <mem-info id="3417" free="875346520" total="2836725760" percent="30">
    <mem type="nursery" free="694513408" total="939524096" percent="73">
      <mem type="allocate" free="694513408" total="807534592" percent="86" />
      <mem type="survivor" free="0" total="131989504" percent="0" />
    </mem>
    <mem type="tenure" free="180833112" total="1897201664" percent="9" macro-fragmented="0">
      <mem type="soa" free="67000152" total="1783368704" percent="3" />
      <mem type="loa" free="113832960" total="113832960" percent="100" />
    </mem>
    <remembered-set count="32463" />
  </mem-info>
</gc-end>
<cycle-end id="3418" type="scavenge" contextid="3412" timestamp="2020-09-11T10:53:50.514" />
<allocation-satisfied id="3419" threadId="0000000000891B00" bytesRequested="664" />
<af-end id="3420" timestamp="2020-09-11T10:53:50.514" threadId="0000000000892480" success="true" from="nursery"/>
<exclusive-end id="3421" timestamp="2020-09-11T10:53:50.514" durationms="121.068" />

<exclusive-start id="3422" timestamp="2020-09-11T10:53:52.472" intervalms="2079.180">
  <response-info timems="0.484" idlems="0.484" threads="0" lastid="000000000077FE00" lastname="Group1.Backend.CompositeBackend{Tier1}.1" />
</exclusive-start>
<af-start id="3423" threadId="0000000000780780" totalBytesRequested="120" timestamp="2020-09-11T10:53:52.473" intervalms="2079.322" type="nursery" />
<cycle-start id="3424" type="scavenge" contextid="0" timestamp="2020-09-11T10:53:52.473" intervalms="2079.320" />
<gc-start id="3425" type="scavenge" contextid="3424" timestamp="2020-09-11T10:53:52.473">
  <mem-info id="3426" free="180833112" total="2836725760" percent="6">
    <mem type="nursery" free="0" total="939524096" percent="0">
      <mem type="allocate" free="0" total="807534592" percent="0" />
      <mem type="survivor" free="0" total="131989504" percent="0" />
    </mem>
    <mem type="tenure" free="180833112" total="1897201664" percent="9">
      <mem type="soa" free="67000152" total="1783368704" percent="3" />
      <mem type="loa" free="113832960" total="113832960" percent="100" />
    </mem>
    <remembered-set count="195351" />
  </mem-info>
</gc-start>
<allocation-stats totalBytes="694179784" >
  <allocated-bytes non-tlh="33542720" tlh="660637064" />
  <largest-consumer threadName="Group1.Backend.CompositeBackend{Tier1}.7" threadId="0000000000891B00" bytes="100585048" />
</allocation-stats>
<gc-op id="3427" type="scavenge" timems="98.602" contextid="3424" timestamp="2020-09-11T10:53:52.572">
  <scavenger-info tenureage="3" tenuremask="7ff8" tiltratio="85" />
  <memory-copied type="nursery" objects="4072527" bytes="109348088" bytesdiscarded="175416" />
  <memory-copied type="tenure" objects="1089487" bytes="29281024" bytesdiscarded="37928" />
  <ownableSynchronizers candidates="5302" cleared="4849" />
  <references type="soft" candidates="360" cleared="0" enqueued="0" dynamicThreshold="18" maxThreshold="32" />
  <references type="weak" candidates="106" cleared="106" enqueued="0" />
</gc-op>
<gc-end id="3428" type="scavenge" contextid="3424" durationms="100.096" usertimems="728.987" systemtimems="0.000" timestamp="2020-09-11T10:53:52.573" activeThreads="8">
  <mem-info id="3429" free="850243272" total="2836725760" percent="29">
    <mem type="nursery" free="699110656" total="939524096" percent="74">
      <mem type="allocate" free="699110656" total="808714240" percent="86" />
      <mem type="survivor" free="0" total="130809856" percent="0" />
    </mem>
    <mem type="tenure" free="151132616" total="1897201664" percent="7" macro-fragmented="0">
      <mem type="soa" free="37299656" total="1783368704" percent="2" />
      <mem type="loa" free="113832960" total="113832960" percent="100" />
    </mem>
    <remembered-set count="31305" />
  </mem-info>
</gc-end>
<cycle-end id="3430" type="scavenge" contextid="3424" timestamp="2020-09-11T10:53:52.574" />
<allocation-satisfied id="3431" threadId="000000000077FE00" bytesRequested="120" />
<af-end id="3432" timestamp="2020-09-11T10:53:52.574" threadId="0000000000780780" success="true" from="nursery"/>
<exclusive-end id="3433" timestamp="2020-09-11T10:53:52.574" durationms="102.139" />

<exclusive-start id="3434" timestamp="2020-09-11T10:53:54.560" intervalms="2087.774">
  <response-info timems="0.375" idlems="0.375" threads="0" lastid="000000000077FE00" lastname="Group1.Backend.CompositeBackend{Tier1}.1" />
</exclusive-start>
<af-start id="3435" threadId="0000000000780780" totalBytesRequested="24" timestamp="2020-09-11T10:53:54.560" intervalms="2087.665" type="nursery" />
<cycle-start id="3436" type="scavenge" contextid="0" timestamp="2020-09-11T10:53:54.560" intervalms="2087.660" />
<gc-start id="3437" type="scavenge" contextid="3436" timestamp="2020-09-11T10:53:54.561">
  <mem-info id="3438" free="151132616" total="2836725760" percent="5">
    <mem type="nursery" free="0" total="939524096" percent="0">
      <mem type="allocate" free="0" total="808714240" percent="0" />
      <mem type="survivor" free="0" total="130809856" percent="0" />
    </mem>
    <mem type="tenure" free="151132616" total="1897201664" percent="7">
      <mem type="soa" free="37299656" total="1783368704" percent="2" />
      <mem type="loa" free="113832960" total="113832960" percent="100" />
    </mem>
    <remembered-set count="194879" />
  </mem-info>
</gc-start>
<allocation-stats totalBytes="698762792" >
  <allocated-bytes non-tlh="35329008" tlh="663433784" />
  <largest-consumer threadName="Group1.Backend.CompositeBackend{Tier1}.2" threadId="000000000077F200" bytes="113038176" />
</allocation-stats>
<gc-op id="3439" type="scavenge" timems="122.652" contextid="3436" timestamp="2020-09-11T10:53:54.684">
  <scavenger-info tenureage="3" tenuremask="7ff8" tiltratio="86" />
  <memory-copied type="nursery" objects="4090594" bytes="109949784" bytesdiscarded="176520" />
  <memory-copied type="tenure" objects="1089023" bytes="29268184" bytesdiscarded="38040" />
  <ownableSynchronizers candidates="3968" cleared="3566" />
  <references type="soft" candidates="365" cleared="0" enqueued="0" dynamicThreshold="18" maxThreshold="32" />
  <references type="weak" candidates="130" cleared="129" enqueued="0" />
</gc-op>
<gc-end id="3440" type="scavenge" contextid="3436" durationms="123.992" usertimems="808.679" systemtimems="5.194" timestamp="2020-09-11T10:53:54.685" activeThreads="8">
  <mem-info id="3441" free="821860896" total="2836725760" percent="28">
    <mem type="nursery" free="699878624" total="939524096" percent="74">
      <mem type="allocate" free="699878624" total="810090496" percent="86" />
      <mem type="survivor" free="0" total="129433600" percent="0" />
    </mem>
    <mem type="tenure" free="121982272" total="1897201664" percent="6" macro-fragmented="0">
      <mem type="soa" free="8149312" total="1783368704" percent="0" />
      <mem type="loa" free="113832960" total="113832960" percent="100" />
    </mem>
    <remembered-set count="31343" />
  </mem-info>
</gc-end>
<cycle-end id="3442" type="scavenge" contextid="3436" timestamp="2020-09-11T10:53:54.685" />
<allocation-satisfied id="3443" threadId="000000000077FE00" bytesRequested="24" />
<af-end id="3444" timestamp="2020-09-11T10:53:54.686" threadId="0000000000780780" success="true" from="nursery"/>
<exclusive-end id="3445" timestamp="2020-09-11T10:53:54.686" durationms="125.994" />

<exclusive-start id="3446" timestamp="2020-09-11T10:53:56.793" intervalms="2233.186">
  <response-info timems="1.028" idlems="1.028" threads="0" lastid="0000000000808C00" lastname="Group1.Backend.CompositeBackend{Tier1}.3" />
</exclusive-start>
<af-start id="3447" threadId="0000000000809580" totalBytesRequested="784" timestamp="2020-09-11T10:53:56.794" intervalms="2233.688" type="nursery" />
<percolate-collect id="3448" from="nursery" to="global" reason="prevent tenure expand" timestamp="2020-09-11T10:53:56.794"/>
<cycle-start id="3449" type="global" contextid="0" timestamp="2020-09-11T10:53:56.794" intervalms="70464.960" />
<gc-start id="3450" type="global" contextid="3449" timestamp="2020-09-11T10:53:56.795">
  <mem-info id="3451" free="121982272" total="2836725760" percent="4">
    <mem type="nursery" free="0" total="939524096" percent="0">
      <mem type="allocate" free="0" total="810090496" percent="0" />
      <mem type="survivor" free="0" total="129433600" percent="0" />
    </mem>
    <mem type="tenure" free="121982272" total="1897201664" percent="6">
      <mem type="soa" free="8149312" total="1783368704" percent="0" />
      <mem type="loa" free="113832960" total="113832960" percent="100" />
    </mem>
    <remembered-set count="200547" />
  </mem-info>
</gc-start>
<allocation-stats totalBytes="699532696" >
  <allocated-bytes non-tlh="26013152" tlh="673519544" />
  <largest-consumer threadName="Group1.Backend.CompositeBackend{Tier1}.8" threadId="000000000089D400" bytes="88205136" />
</allocation-stats>
<gc-op id="3452" type="mark" timems="591.855" contextid="3449" timestamp="2020-09-11T10:53:57.387">
  <trace-info objectcount="30661529" scancount="29681429" scanbytes="811679636" />
  <finalization candidates="150" enqueued="0" />
  <ownableSynchronizers candidates="588435" cleared="4955" />
  <references type="soft" candidates="708610" cleared="0" enqueued="0" dynamicThreshold="18" maxThreshold="32" />
  <references type="weak" candidates="4396" cleared="107" enqueued="0" />
  <references type="phantom" candidates="106" cleared="0" enqueued="0" />
  <stringconstants candidates="11205" cleared="1"  />
</gc-op>
<gc-op id="3453" type="sweep" timems="17.356" contextid="3449" timestamp="2020-09-11T10:53:57.404" />
<gc-end id="3454" type="global" contextid="3449" durationms="610.428" usertimems="4532.036" systemtimems="0.000" timestamp="2020-09-11T10:53:57.405" activeThreads="8">
  <mem-info id="3455" free="1712793016" total="2836725760" percent="60">
    <mem type="nursery" free="614808064" total="939524096" percent="65">
      <mem type="allocate" free="614808064" total="810090496" percent="75" />
      <mem type="survivor" free="0" total="129433600" percent="0" />
    </mem>
    <mem type="tenure" free="1097984952" total="1897201664" percent="57" micro-fragmented="55733424" macro-fragmented="0">
      <mem type="soa" free="984151992" total="1783368704" percent="55" />
      <mem type="loa" free="113832960" total="113832960" percent="100" />
    </mem>
    <remembered-set count="194333" />
  </mem-info>
</gc-end>
<cycle-end id="3456" type="global" contextid="3449" timestamp="2020-09-11T10:53:57.405" />
<allocation-satisfied id="3457" threadId="0000000000808C00" bytesRequested="784" />
<af-end id="3458" timestamp="2020-09-11T10:53:57.405" threadId="0000000000809580" success="true" from="nursery"/>
<exclusive-end id="3459" timestamp="2020-09-11T10:53:57.405" durationms="612.646" />

<exclusive-start id="3460" timestamp="2020-09-11T10:53:58.566" intervalms="1773.054">
  <response-info timems="0.794" idlems="0.794" threads="0" lastid="000000000089D400" lastname="Group1.Backend.CompositeBackend{Tier1}.8" />
</exclusive-start>
<af-start id="3461" threadId="000000000089DD80" totalBytesRequested="268072" timestamp="2020-09-11T10:53:58.567" intervalms="1772.614" type="nursery" />
<cycle-start id="3462" type="scavenge" contextid="0" timestamp="2020-09-11T10:53:58.567" intervalms="4006.313" />
<gc-start id="3463" type="scavenge" contextid="3462" timestamp="2020-09-11T10:53:58.567">
  <mem-info id="3464" free="1127478824" total="2836725760" percent="39">
    <mem type="nursery" free="29493920" total="939524096" percent="3">
      <mem type="allocate" free="29493920" total="810090496" percent="3" />
      <mem type="survivor" free="0" total="129433600" percent="0" />
    </mem>
    <mem type="tenure" free="1097984904" total="1897201664" percent="57">
      <mem type="soa" free="984151944" total="1783368704" percent="55" />
      <mem type="loa" free="113832960" total="113832960" percent="100" />
    </mem>
    <remembered-set count="245582" />
  </mem-info>
</gc-start>
<allocation-stats totalBytes="583179544" >
  <allocated-bytes non-tlh="34914552" tlh="548264992" />
  <largest-consumer threadName="Group1.Backend.CompositeBackend{Tier1}.8" threadId="000000000089D400" bytes="89064632" />
</allocation-stats>
<gc-op id="3465" type="scavenge" timems="177.104" contextid="3462" timestamp="2020-09-11T10:53:58.744">
  <scavenger-info tenureage="3" tenuremask="7ff8" tiltratio="86" />
  <memory-copied type="nursery" objects="4843379" bytes="129259120" bytesdiscarded="38048" />
  <memory-copied type="tenure" objects="1509859" bytes="40188576" bytesdiscarded="87912" />
  <copy-failed type="nursery" objects="477261" bytes="12451312" />
  <ownableSynchronizers candidates="1170712" cleared="1170186" />
  <references type="soft" candidates="372" cleared="0" enqueued="0" dynamicThreshold="18" maxThreshold="32" />
  <references type="weak" candidates="103" cleared="103" enqueued="0" />
</gc-op>
<gc-end id="3466" type="scavenge" contextid="3462" durationms="178.194" usertimems="1313.393" systemtimems="33.139" timestamp="2020-09-11T10:53:58.745" activeThreads="8">
  <mem-info id="3467" free="1673214424" total="2836725760" percent="58">
    <mem type="nursery" free="615776256" total="939524096" percent="65">
      <mem type="allocate" free="615776256" total="745209856" percent="82" />
      <mem type="survivor" free="0" total="194314240" percent="0" />
    </mem>
    <mem type="tenure" free="1057438168" total="1897201664" percent="55" macro-fragmented="0">
      <mem type="soa" free="943605208" total="1783368704" percent="52" />
      <mem type="loa" free="113832960" total="113832960" percent="100" />
    </mem>
    <remembered-set count="43264" />
  </mem-info>
</gc-end>
<cycle-end id="3468" type="scavenge" contextid="3462" timestamp="2020-09-11T10:53:58.746" />
<allocation-satisfied id="3469" threadId="000000000089D400" bytesRequested="268072" />
<af-end id="3470" timestamp="2020-09-11T10:53:58.746" threadId="000000000089DD80" success="true" from="nursery"/>
<exclusive-end id="3471" timestamp="2020-09-11T10:53:58.746" durationms="180.012" />

<exclusive-start id="3472" timestamp="2020-09-11T10:54:00.419" intervalms="1852.851">
  <response-info timems="0.563" idlems="0.563" threads="0" lastid="000000000089D400" lastname="Group1.Backend.CompositeBackend{Tier1}.8" />
</exclusive-start>
<af-start id="3473" threadId="000000000089DD80" totalBytesRequested="16" timestamp="2020-09-11T10:54:00.419" intervalms="1852.773" type="nursery" />
<cycle-start id="3474" type="scavenge" contextid="0" timestamp="2020-09-11T10:54:00.420" intervalms="1852.772" />
<gc-start id="3475" type="scavenge" contextid="3474" timestamp="2020-09-11T10:54:00.420">
  <mem-info id="3476" free="1057438168" total="2836725760" percent="37">
    <mem type="nursery" free="0" total="939524096" percent="0">
      <mem type="allocate" free="0" total="745209856" percent="0" />
      <mem type="survivor" free="0" total="194314240" percent="0" />
    </mem>
    <mem type="tenure" free="1057438168" total="1897201664" percent="55">
      <mem type="soa" free="943605208" total="1783368704" percent="52" />
      <mem type="loa" free="113832960" total="113832960" percent="100" />
    </mem>
    <remembered-set count="196200" />
  </mem-info>
</gc-start>
<allocation-stats totalBytes="615492400" >
  <allocated-bytes non-tlh="29681216" tlh="585811184" />
  <largest-consumer threadName="Group1.Backend.CompositeBackend{Tier1}.6" threadId="000000000088A300" bytes="88570936" />
</allocation-stats>
<gc-op id="3477" type="scavenge" timems="130.003" contextid="3474" timestamp="2020-09-11T10:54:00.550">
  <scavenger-info tenureage="3" tenuremask="7ff8" tiltratio="79" />
  <memory-copied type="nursery" objects="5031225" bytes="133482240" bytesdiscarded="198672" />
  <memory-copied type="tenure" objects="873638" bytes="23580000" bytesdiscarded="53496" />
  <ownableSynchronizers candidates="3529" cleared="3171" />
  <references type="soft" candidates="385" cleared="0" enqueued="0" dynamicThreshold="18" maxThreshold="32" />
  <references type="weak" candidates="105" cleared="103" enqueued="0" />
</gc-op>
<gc-end id="3478" type="scavenge" contextid="3474" durationms="131.290" usertimems="923.679" systemtimems="4.315" timestamp="2020-09-11T10:54:00.551" activeThreads="8">
  <mem-info id="3479" free="1652384760" total="2836725760" percent="58">
    <mem type="nursery" free="618533984" total="939524096" percent="65">
      <mem type="allocate" free="618533984" total="752287744" percent="82" />
      <mem type="survivor" free="0" total="187236352" percent="0" />
    </mem>
    <mem type="tenure" free="1033850776" total="1897201664" percent="54" macro-fragmented="0">
      <mem type="soa" free="920017816" total="1783368704" percent="51" />
      <mem type="loa" free="113832960" total="113832960" percent="100" />
    </mem>
    <remembered-set count="41708" />
  </mem-info>
</gc-end>
<cycle-end id="3480" type="scavenge" contextid="3474" timestamp="2020-09-11T10:54:00.556" />
<allocation-satisfied id="3481" threadId="000000000089D400" bytesRequested="16" />
<af-end id="3482" timestamp="2020-09-11T10:54:00.556" threadId="000000000089DD80" success="true" from="nursery"/>
<exclusive-end id="3483" timestamp="2020-09-11T10:54:00.556" durationms="137.081" />

<exclusive-start id="3484" timestamp="2020-09-11T10:54:02.279" intervalms="1860.463">
  <response-info timems="0.409" idlems="0.409" threads="0" lastid="000000000089D400" lastname="Group1.Backend.CompositeBackend{Tier1}.8" />
</exclusive-start>
<af-start id="3485" threadId="000000000089DD80" totalBytesRequested="16" timestamp="2020-09-11T10:54:02.280" intervalms="1860.350" type="nursery" />
<cycle-start id="3486" type="scavenge" contextid="0" timestamp="2020-09-11T10:54:02.280" intervalms="1860.321" />
<gc-start id="3487" type="scavenge" contextid="3486" timestamp="2020-09-11T10:54:02.280">
  <mem-info id="3488" free="1033850776" total="2836725760" percent="36">
    <mem type="nursery" free="0" total="939524096" percent="0">
      <mem type="allocate" free="0" total="752287744" percent="0" />
      <mem type="survivor" free="0" total="187236352" percent="0" />
    </mem>
    <mem type="tenure" free="1033850776" total="1897201664" percent="54">
      <mem type="soa" free="920017816" total="1783368704" percent="51" />
      <mem type="loa" free="113832960" total="113832960" percent="100" />
    </mem>
    <remembered-set count="194272" />
  </mem-info>
</gc-start>
<allocation-stats totalBytes="618227392" >
  <allocated-bytes non-tlh="32086656" tlh="586140736" />
  <largest-consumer threadName="Group1.Backend.CompositeBackend{Tier1}.8" threadId="000000000089D400" bytes="95535592" />
</allocation-stats>
<gc-op id="3489" type="scavenge" timems="123.886" contextid="3486" timestamp="2020-09-11T10:54:02.404">
  <scavenger-info tenureage="3" tenuremask="7ff8" tiltratio="80" />
  <memory-copied type="nursery" objects="4833604" bytes="129271392" bytesdiscarded="203464" />
  <memory-copied type="tenure" objects="905726" bytes="24412696" bytesdiscarded="59720" />
  <ownableSynchronizers candidates="3446" cleared="3101" />
  <references type="soft" candidates="425" cleared="0" enqueued="0" dynamicThreshold="18" maxThreshold="32" />
  <references type="weak" candidates="117" cleared="117" enqueued="0" />
</gc-op>
<gc-end id="3490" type="scavenge" contextid="3486" durationms="124.804" usertimems="885.965" systemtimems="7.582" timestamp="2020-09-11T10:54:02.405" activeThreads="8">
  <mem-info id="3491" free="1639657944" total="2836725760" percent="57">
    <mem type="nursery" free="630270200" total="939524096" percent="67">
      <mem type="allocate" free="630270200" total="759824384" percent="82" />
      <mem type="survivor" free="0" total="179699712" percent="0" />
    </mem>
    <mem type="tenure" free="1009387744" total="1897201664" percent="53" macro-fragmented="0">
      <mem type="soa" free="895554784" total="1783368704" percent="50" />
      <mem type="loa" free="113832960" total="113832960" percent="100" />
    </mem>
    <remembered-set count="38188" />
  </mem-info>
</gc-end>
<cycle-end id="3492" type="scavenge" contextid="3486" timestamp="2020-09-11T10:54:02.405" />
<allocation-satisfied id="3493" threadId="000000000089D400" bytesRequested="16" />
<af-end id="3494" timestamp="2020-09-11T10:54:02.405" threadId="000000000089DD80" success="true" from="nursery"/>
<exclusive-end id="3495" timestamp="2020-09-11T10:54:02.405" durationms="126.344" />

<exclusive-start id="3496" timestamp="2020-09-11T10:54:04.196" intervalms="1916.981">
  <response-info timems="8.666" idlems="8.666" threads="0" lastid="000000000077FE00" lastname="Group1.Backend.CompositeBackend{Tier1}.1" />
</exclusive-start>
<af-start id="3497" threadId="0000000000780780" totalBytesRequested="32" timestamp="2020-09-11T10:54:04.197" intervalms="1917.113" type="nursery" />
<cycle-start id="3498" type="scavenge" contextid="0" timestamp="2020-09-11T10:54:04.197" intervalms="1917.143" />
<gc-start id="3499" type="scavenge" contextid="3498" timestamp="2020-09-11T10:54:04.197">
  <mem-info id="3500" free="1009387744" total="2836725760" percent="35">
    <mem type="nursery" free="0" total="939524096" percent="0">
      <mem type="allocate" free="0" total="759824384" percent="0" />
      <mem type="survivor" free="0" total="179699712" percent="0" />
    </mem>
    <mem type="tenure" free="1009387744" total="1897201664" percent="53">
      <mem type="soa" free="895554784" total="1783368704" percent="50" />
      <mem type="loa" free="113832960" total="113832960" percent="100" />
    </mem>
    <remembered-set count="194091" />
  </mem-info>
</gc-start>
<allocation-stats totalBytes="629967928" >
  <allocated-bytes non-tlh="27859512" tlh="602108416" />
  <largest-consumer threadName="Group1.Backend.CompositeBackend{Tier1}.3" threadId="0000000000808C00" bytes="88428832" />
</allocation-stats>
<gc-op id="3501" type="scavenge" timems="109.545" contextid="3498" timestamp="2020-09-11T10:54:04.307">
  <scavenger-info tenureage="3" tenuremask="7ff8" tiltratio="80" />
  <memory-copied type="nursery" objects="3789817" bytes="101612728" bytesdiscarded="478824" />
  <memory-copied type="tenure" objects="1897231" bytes="51159088" bytesdiscarded="100264" />
  <ownableSynchronizers candidates="3288" cleared="2896" />
  <references type="soft" candidates="321" cleared="0" enqueued="0" dynamicThreshold="18" maxThreshold="32" />
  <references type="weak" candidates="133" cleared="132" enqueued="0" />
</gc-op>
<gc-end id="3502" type="scavenge" contextid="3498" durationms="110.478" usertimems="854.723" systemtimems="0.000" timestamp="2020-09-11T10:54:04.308" activeThreads="8">
  <mem-info id="3503" free="1622704080" total="2836725760" percent="57">
    <mem type="nursery" free="664664320" total="939524096" percent="70">
      <mem type="allocate" free="664664320" total="766836736" percent="86" />
      <mem type="survivor" free="0" total="172687360" percent="0" />
    </mem>
    <mem type="tenure" free="958039760" total="1897201664" percent="50" macro-fragmented="0">
      <mem type="soa" free="844206800" total="1783368704" percent="47" />
      <mem type="loa" free="113832960" total="113832960" percent="100" />
    </mem>
    <remembered-set count="26195" />
  </mem-info>
</gc-end>
<cycle-end id="3504" type="scavenge" contextid="3498" timestamp="2020-09-11T10:54:04.308" />
<allocation-satisfied id="3505" threadId="000000000077FE00" bytesRequested="32" />
<af-end id="3506" timestamp="2020-09-11T10:54:04.308" threadId="0000000000780780" success="true" from="nursery"/>
<exclusive-end id="3507" timestamp="2020-09-11T10:54:04.308" durationms="112.099" />

<exclusive-start id="3508" timestamp="2020-09-11T10:54:06.290" intervalms="2094.247">
  <response-info timems="8.910" idlems="8.910" threads="0" lastid="000000000089D400" lastname="Group1.Backend.CompositeBackend{Tier1}.8" />
</exclusive-start>
<af-start id="3509" threadId="000000000089DD80" totalBytesRequested="266904" timestamp="2020-09-11T10:54:06.291" intervalms="2094.447" type="nursery" />
<cycle-start id="3510" type="scavenge" contextid="0" timestamp="2020-09-11T10:54:06.292" intervalms="2094.906" />
<gc-start id="3511" type="scavenge" contextid="3510" timestamp="2020-09-11T10:54:06.292">
  <mem-info id="3512" free="958159784" total="2836725760" percent="33">
    <mem type="nursery" free="120024" total="939524096" percent="0">
      <mem type="allocate" free="120024" total="766836736" percent="0" />
      <mem type="survivor" free="0" total="172687360" percent="0" />
    </mem>
    <mem type="tenure" free="958039760" total="1897201664" percent="50">
      <mem type="soa" free="844206800" total="1783368704" percent="47" />
      <mem type="loa" free="113832960" total="113832960" percent="100" />
    </mem>
    <remembered-set count="188902" />
  </mem-info>
</gc-start>
<allocation-stats totalBytes="664222680" >
  <allocated-bytes non-tlh="29565992" tlh="634656688" />
  <largest-consumer threadName="Group1.Backend.CompositeBackend{Tier1}.6" threadId="000000000088A300" bytes="91982240" />
</allocation-stats>
<gc-op id="3513" type="scavenge" timems="142.563" contextid="3510" timestamp="2020-09-11T10:54:06.435">
  <scavenger-info tenureage="3" tenuremask="7ff8" tiltratio="81" />
  <memory-copied type="nursery" objects="4116022" bytes="109183024" bytesdiscarded="280680" />
  <memory-copied type="tenure" objects="1008041" bytes="27104384" bytesdiscarded="66096" />
  <ownableSynchronizers candidates="4051" cleared="3701" />
  <references type="soft" candidates="302" cleared="0" enqueued="0" dynamicThreshold="18" maxThreshold="32" />
  <references type="weak" candidates="97" cleared="97" enqueued="0" />
</gc-op>
<gc-end id="3514" type="scavenge" contextid="3510" durationms="143.646" usertimems="974.875" systemtimems="18.334" timestamp="2020-09-11T10:54:06.436" activeThreads="8">
  <mem-info id="3515" free="1596616216" total="2836725760" percent="56">
    <mem type="nursery" free="665675000" total="939524096" percent="70">
      <mem type="allocate" free="665675000" total="775225344" percent="85" />
      <mem type="survivor" free="0" total="164298752" percent="0" />
    </mem>
    <mem type="tenure" free="930941216" total="1897201664" percent="49" macro-fragmented="0">
      <mem type="soa" free="817108256" total="1783368704" percent="45" />
      <mem type="loa" free="113832960" total="113832960" percent="100" />
    </mem>
    <remembered-set count="28294" />
  </mem-info>
</gc-end>
<cycle-end id="3516" type="scavenge" contextid="3510" timestamp="2020-09-11T10:54:06.437" />
<allocation-satisfied id="3517" threadId="000000000089D400" bytesRequested="266904" />
<af-end id="3518" timestamp="2020-09-11T10:54:06.437" threadId="000000000089DD80" success="true" from="nursery"/>
<exclusive-end id="3519" timestamp="2020-09-11T10:54:06.437" durationms="146.260" />

<exclusive-start id="3520" timestamp="2020-09-11T10:54:08.242" intervalms="1952.018">
  <response-info timems="1.728" idlems="1.728" threads="0" lastid="000000000077FE00" lastname="Group1.Backend.CompositeBackend{Tier1}.1" />
</exclusive-start>
<af-start id="3521" threadId="0000000000780780" totalBytesRequested="32" timestamp="2020-09-11T10:54:08.243" intervalms="1951.725" type="nursery" />
<cycle-start id="3522" type="scavenge" contextid="0" timestamp="2020-09-11T10:54:08.243" intervalms="1951.265" />
<gc-start id="3523" type="scavenge" contextid="3522" timestamp="2020-09-11T10:54:08.244">
  <mem-info id="3524" free="930941216" total="2836725760" percent="32">
    <mem type="nursery" free="0" total="939524096" percent="0">
      <mem type="allocate" free="0" total="775225344" percent="0" />
      <mem type="survivor" free="0" total="164298752" percent="0" />
    </mem>
    <mem type="tenure" free="930941216" total="1897201664" percent="49">
      <mem type="soa" free="817108256" total="1783368704" percent="45" />
      <mem type="loa" free="113832960" total="113832960" percent="100" />
    </mem>
    <remembered-set count="186196" />
  </mem-info>
</gc-start>
<allocation-stats totalBytes="665374864" >
  <allocated-bytes non-tlh="34107544" tlh="631267320" />
  <largest-consumer threadName="Group1.Backend.CompositeBackend{Tier1}.3" threadId="0000000000808C00" bytes="98049056" />
</allocation-stats>
<gc-op id="3525" type="scavenge" timems="101.525" contextid="3522" timestamp="2020-09-11T10:54:08.345">
  <scavenger-info tenureage="3" tenuremask="7ff8" tiltratio="82" />
  <memory-copied type="nursery" objects="4089470" bytes="109222168" bytesdiscarded="141864" />
  <memory-copied type="tenure" objects="1001856" bytes="26932416" bytesdiscarded="58216" />
  <ownableSynchronizers candidates="3865" cleared="3509" />
  <references type="soft" candidates="321" cleared="0" enqueued="0" dynamicThreshold="18" maxThreshold="32" />
  <references type="weak" candidates="128" cleared="127" enqueued="0" />
</gc-op>
<gc-end id="3526" type="scavenge" contextid="3522" durationms="102.590" usertimems="747.150" systemtimems="0.000" timestamp="2020-09-11T10:54:08.346" activeThreads="8">
  <mem-info id="3527" free="1578162952" total="2836725760" percent="55">
    <mem type="nursery" free="674168560" total="939524096" percent="71">
      <mem type="allocate" free="674168560" total="783613952" percent="86" />
      <mem type="survivor" free="0" total="155910144" percent="0" />
    </mem>
    <mem type="tenure" free="903994392" total="1897201664" percent="47" macro-fragmented="0">
      <mem type="soa" free="790161432" total="1783368704" percent="44" />
      <mem type="loa" free="113832960" total="113832960" percent="100" />
    </mem>
    <remembered-set count="28979" />
  </mem-info>
</gc-end>
<cycle-end id="3528" type="scavenge" contextid="3522" timestamp="2020-09-11T10:54:08.350" />
<allocation-satisfied id="3529" threadId="000000000077FE00" bytesRequested="32" />
<af-end id="3530" timestamp="2020-09-11T10:54:08.350" threadId="0000000000780780" success="true" from="nursery"/>
<exclusive-end id="3531" timestamp="2020-09-11T10:54:08.350" durationms="107.440" />

<exclusive-start id="3532" timestamp="2020-09-11T10:54:10.229" intervalms="1987.086">
  <response-info timems="0.794" idlems="0.794" threads="0" lastid="0000000000854B00" lastname="Group1.Backend.CompositeBackend{Tier1}.4" />
</exclusive-start>
<af-start id="3533" threadId="0000000000855480" totalBytesRequested="16" timestamp="2020-09-11T10:54:10.230" intervalms="1987.231" type="nursery" />
<cycle-start id="3534" type="scavenge" contextid="0" timestamp="2020-09-11T10:54:10.230" intervalms="1987.212" />
<gc-start id="3535" type="scavenge" contextid="3534" timestamp="2020-09-11T10:54:10.231">
  <mem-info id="3536" free="903994392" total="2836725760" percent="31">
    <mem type="nursery" free="0" total="939524096" percent="0">
      <mem type="allocate" free="0" total="783613952" percent="0" />
      <mem type="survivor" free="0" total="155910144" percent="0" />
    </mem>
    <mem type="tenure" free="903994392" total="1897201664" percent="47">
      <mem type="soa" free="790161432" total="1783368704" percent="44" />
      <mem type="loa" free="113832960" total="113832960" percent="100" />
    </mem>
    <remembered-set count="191979" />
  </mem-info>
</gc-start>
<allocation-stats totalBytes="673859640" >
  <allocated-bytes non-tlh="33980600" tlh="639879040" />
  <largest-consumer threadName="Group1.Backend.CompositeBackend{Tier1}.4" threadId="0000000000854B00" bytes="87803304" />
</allocation-stats>
<gc-op id="3537" type="scavenge" timems="94.334" contextid="3534" timestamp="2020-09-11T10:54:10.325">
  <scavenger-info tenureage="3" tenuremask="7ff8" tiltratio="83" />
  <memory-copied type="nursery" objects="4042138" bytes="108301040" bytesdiscarded="170632" />
  <memory-copied type="tenure" objects="1004303" bytes="27026144" bytesdiscarded="52392" />
  <ownableSynchronizers candidates="3241" cleared="2896" />
  <references type="soft" candidates="317" cleared="0" enqueued="0" dynamicThreshold="18" maxThreshold="32" />
  <references type="weak" candidates="120" cleared="118" enqueued="0" />
</gc-op>
<gc-end id="3538" type="scavenge" contextid="3534" durationms="95.228" usertimems="698.799" systemtimems="0.000" timestamp="2020-09-11T10:54:10.326" activeThreads="8">
  <mem-info id="3539" free="1558547320" total="2836725760" percent="54">
    <mem type="nursery" free="681741824" total="939524096" percent="72">
      <mem type="allocate" free="681741824" total="790298624" percent="86" />
      <mem type="survivor" free="0" total="149225472" percent="0" />
    </mem>
    <mem type="tenure" free="876805496" total="1897201664" percent="46" macro-fragmented="0">
      <mem type="soa" free="762972536" total="1783368704" percent="42" />
      <mem type="loa" free="113832960" total="113832960" percent="100" />
    </mem>
    <remembered-set count="31661" />
  </mem-info>
</gc-end>
<cycle-end id="3540" type="scavenge" contextid="3534" timestamp="2020-09-11T10:54:10.329" />
<allocation-satisfied id="3541" threadId="0000000000854B00" bytesRequested="16" />
<af-end id="3542" timestamp="2020-09-11T10:54:10.329" threadId="0000000000855480" success="true" from="nursery"/>
<exclusive-end id="3543" timestamp="2020-09-11T10:54:10.330" durationms="100.125" />

<exclusive-start id="3544" timestamp="2020-09-11T10:54:12.404" intervalms="2174.144">
  <response-info timems="0.513" idlems="0.513" threads="0" lastid="0000000000A90D00" lastname="Group1.Backend.CompositeBackend{Tier3}.3" />
</exclusive-start>
<af-start id="3545" threadId="0000000000A91680" totalBytesRequested="32" timestamp="2020-09-11T10:54:12.404" intervalms="2174.133" type="nursery" />
<cycle-start id="3546" type="scavenge" contextid="0" timestamp="2020-09-11T10:54:12.405" intervalms="2174.157" />
<gc-start id="3547" type="scavenge" contextid="3546" timestamp="2020-09-11T10:54:12.405">
  <mem-info id="3548" free="876805496" total="2836725760" percent="30">
    <mem type="nursery" free="0" total="939524096" percent="0">
      <mem type="allocate" free="0" total="790298624" percent="0" />
      <mem type="survivor" free="0" total="149225472" percent="0" />
    </mem>
    <mem type="tenure" free="876805496" total="1897201664" percent="46">
      <mem type="soa" free="762972536" total="1783368704" percent="42" />
      <mem type="loa" free="113832960" total="113832960" percent="100" />
    </mem>
    <remembered-set count="197988" />
  </mem-info>
</gc-start>
<allocation-stats totalBytes="681415696" >
  <allocated-bytes non-tlh="27228832" tlh="654186864" />
  <largest-consumer threadName="Group1.Backend.CompositeBackend{Tier1}.5" threadId="0000000000855600" bytes="85702432" />
</allocation-stats>
<gc-op id="3549" type="scavenge" timems="117.670" contextid="3546" timestamp="2020-09-11T10:54:12.523">
  <scavenger-info tenureage="3" tenuremask="7ff8" tiltratio="84" />
  <memory-copied type="nursery" objects="4092444" bytes="109867848" bytesdiscarded="215552" />
  <memory-copied type="tenure" objects="1099171" bytes="29534992" bytesdiscarded="62872" />
  <ownableSynchronizers candidates="4475" cleared="4106" />
  <references type="soft" candidates="324" cleared="0" enqueued="0" dynamicThreshold="18" maxThreshold="32" />
  <references type="weak" candidates="111" cleared="111" enqueued="0" />
</gc-op>
<gc-end id="3550" type="scavenge" contextid="3546" durationms="118.661" usertimems="789.558" systemtimems="0.000" timestamp="2020-09-11T10:54:12.523" activeThreads="8">
  <mem-info id="3551" free="1532189816" total="2836725760" percent="54">
    <mem type="nursery" free="684974344" total="939524096" percent="72">
      <mem type="allocate" free="684974344" total="795148288" percent="86" />
      <mem type="survivor" free="0" total="144375808" percent="0" />
    </mem>
    <mem type="tenure" free="847215472" total="1897201664" percent="44" macro-fragmented="0">
      <mem type="soa" free="733382512" total="1783368704" percent="41" />
      <mem type="loa" free="113832960" total="113832960" percent="100" />
    </mem>
    <remembered-set count="32064" />
  </mem-info>
</gc-end>
<cycle-end id="3552" type="scavenge" contextid="3546" timestamp="2020-09-11T10:54:12.524" />
<allocation-satisfied id="3553" threadId="0000000000A90D00" bytesRequested="32" />
<af-end id="3554" timestamp="2020-09-11T10:54:12.524" threadId="0000000000A91680" success="true" from="nursery"/>
<exclusive-end id="3555" timestamp="2020-09-11T10:54:12.524" durationms="120.463" />

<exclusive-start id="3556" timestamp="2020-09-11T10:54:14.461" intervalms="2056.916">
  <response-info timems="0.798" idlems="0.798" threads="0" lastid="0000000000A9C100" lastname="Group1.Backend.CompositeBackend{Tier3}.7" />
</exclusive-start>
<af-start id="3557" threadId="0000000000A9CA80" totalBytesRequested="16" timestamp="2020-09-11T10:54:14.461" intervalms="2056.781" type="nursery" />
<cycle-start id="3558" type="scavenge" contextid="0" timestamp="2020-09-11T10:54:14.461" intervalms="2056.867" />
<gc-start id="3559" type="scavenge" contextid="3558" timestamp="2020-09-11T10:54:14.462">
  <mem-info id="3560" free="847215472" total="2836725760" percent="29">
    <mem type="nursery" free="0" total="939524096" percent="0">
      <mem type="allocate" free="0" total="795148288" percent="0" />
      <mem type="survivor" free="0" total="144375808" percent="0" />
    </mem>
    <mem type="tenure" free="847215472" total="1897201664" percent="44">
      <mem type="soa" free="733382512" total="1783368704" percent="41" />
      <mem type="loa" free="113832960" total="113832960" percent="100" />
    </mem>
    <remembered-set count="193502" />
  </mem-info>
</gc-start>
<allocation-stats totalBytes="684636304" >
  <allocated-bytes non-tlh="34073656" tlh="650562648" />
  <largest-consumer threadName="Group1.Backend.CompositeBackend{Tier1}.6" threadId="000000000088A300" bytes="112322288" />
</allocation-stats>
<gc-op id="3561" type="scavenge" timems="106.574" contextid="3558" timestamp="2020-09-11T10:54:14.568">
  <scavenger-info tenureage="3" tenuremask="7ff8" tiltratio="84" />
  <memory-copied type="nursery" objects="4055530" bytes="108810696" bytesdiscarded="281888" />
  <memory-copied type="tenure" objects="1011318" bytes="27182184" bytesdiscarded="59872" />
  <ownableSynchronizers candidates="4031" cleared="3645" />
  <references type="soft" candidates="331" cleared="0" enqueued="0" dynamicThreshold="18" maxThreshold="32" />
  <references type="weak" candidates="103" cleared="103" enqueued="0" />
</gc-op>
<gc-end id="3562" type="scavenge" contextid="3558" durationms="108.209" usertimems="748.915" systemtimems="4.194" timestamp="2020-09-11T10:54:14.570" activeThreads="8">
  <mem-info id="3563" free="1510213520" total="2836725760" percent="53">
    <mem type="nursery" free="690236928" total="939524096" percent="73">
      <mem type="allocate" free="690236928" total="799408128" percent="86" />
      <mem type="survivor" free="0" total="140115968" percent="0" />
    </mem>
    <mem type="tenure" free="819976592" total="1897201664" percent="43" macro-fragmented="0">
      <mem type="soa" free="706143632" total="1783368704" percent="39" />
      <mem type="loa" free="113832960" total="113832960" percent="100" />
    </mem>
    <remembered-set count="32768" />
  </mem-info>
</gc-end>
<cycle-end id="3564" type="scavenge" contextid="3558" timestamp="2020-09-11T10:54:14.571" />
<allocation-satisfied id="3565" threadId="0000000000A9C100" bytesRequested="16" />
<af-end id="3566" timestamp="2020-09-11T10:54:14.571" threadId="0000000000A9CA80" success="true" from="nursery"/>
<exclusive-end id="3567" timestamp="2020-09-11T10:54:14.571" durationms="110.927" />

<exclusive-start id="3568" timestamp="2020-09-11T10:54:16.573" intervalms="2112.247">
  <response-info timems="1.501" idlems="0.755" threads="1" lastid="0000000000855600" lastname="Group1.Backend.CompositeBackend{Tier1}.5" />
</exclusive-start>
<af-start id="3569" threadId="000000000077FB80" totalBytesRequested="88" timestamp="2020-09-11T10:54:16.574" intervalms="2112.390" type="nursery" />
<cycle-start id="3570" type="scavenge" contextid="0" timestamp="2020-09-11T10:54:16.574" intervalms="2112.332" />
<gc-start id="3571" type="scavenge" contextid="3570" timestamp="2020-09-11T10:54:16.574">
  <mem-info id="3572" free="819976592" total="2836725760" percent="28">
    <mem type="nursery" free="0" total="939524096" percent="0">
      <mem type="allocate" free="0" total="799408128" percent="0" />
      <mem type="survivor" free="0" total="140115968" percent="0" />
    </mem>
    <mem type="tenure" free="819976592" total="1897201664" percent="43">
      <mem type="soa" free="706143632" total="1783368704" percent="39" />
      <mem type="loa" free="113832960" total="113832960" percent="100" />
    </mem>
    <remembered-set count="196174" />
  </mem-info>
</gc-start>
<allocation-stats totalBytes="689895640" >
  <allocated-bytes non-tlh="31447640" tlh="658448000" />
  <largest-consumer threadName="Group1.Backend.CompositeBackend{Tier1}.2" threadId="000000000077F200" bytes="103920248" />
</allocation-stats>
<gc-op id="3573" type="scavenge" timems="120.330" contextid="3570" timestamp="2020-09-11T10:54:16.695">
  <scavenger-info tenureage="3" tenuremask="7ff8" tiltratio="85" />
  <memory-copied type="nursery" objects="4059506" bytes="108961736" bytesdiscarded="437480" />
  <memory-copied type="tenure" objects="1086784" bytes="29201392" bytesdiscarded="79464" />
  <ownableSynchronizers candidates="4141" cleared="3767" />
  <references type="soft" candidates="342" cleared="0" enqueued="0" dynamicThreshold="18" maxThreshold="32" />
  <references type="weak" candidates="107" cleared="107" enqueued="0" />
</gc-op>
<gc-end id="3574" type="scavenge" contextid="3570" durationms="121.596" usertimems="841.996" systemtimems="16.304" timestamp="2020-09-11T10:54:16.696" activeThreads="8">
  <mem-info id="3575" free="1484162040" total="2836725760" percent="52">
    <mem type="nursery" free="693530368" total="939524096" percent="73">
      <mem type="allocate" free="693530368" total="803012608" percent="86" />
      <mem type="survivor" free="0" total="136511488" percent="0" />
    </mem>
    <mem type="tenure" free="790631672" total="1897201664" percent="41" macro-fragmented="0">
      <mem type="soa" free="676798712" total="1783368704" percent="37" />
      <mem type="loa" free="113832960" total="113832960" percent="100" />
    </mem>
    <remembered-set count="31566" />
  </mem-info>
</gc-end>
<cycle-end id="3576" type="scavenge" contextid="3570" timestamp="2020-09-11T10:54:16.696" />
<allocation-satisfied id="3577" threadId="000000000077F200" bytesRequested="88" />
<af-end id="3578" timestamp="2020-09-11T10:54:16.696" threadId="000000000077FB80" success="true" from="nursery"/>
<exclusive-end id="3579" timestamp="2020-09-11T10:54:16.697" durationms="123.727" />

<exclusive-start id="3580" timestamp="2020-09-11T10:54:18.636" intervalms="2062.811">
  <response-info timems="0.310" idlems="0.310" threads="0" lastid="0000000000855600" lastname="Group1.Backend.CompositeBackend{Tier1}.5" />
</exclusive-start>
<af-start id="3581" threadId="0000000000855F80" totalBytesRequested="520" timestamp="2020-09-11T10:54:18.636" intervalms="2062.768" type="nursery" />
<cycle-start id="3582" type="scavenge" contextid="0" timestamp="2020-09-11T10:54:18.636" intervalms="2062.728" />
<gc-start id="3583" type="scavenge" contextid="3582" timestamp="2020-09-11T10:54:18.637">
  <mem-info id="3584" free="790631672" total="2836725760" percent="27">
    <mem type="nursery" free="0" total="939524096" percent="0">
      <mem type="allocate" free="0" total="803012608" percent="0" />
      <mem type="survivor" free="0" total="136511488" percent="0" />
    </mem>
    <mem type="tenure" free="790631672" total="1897201664" percent="41">
      <mem type="soa" free="676798712" total="1783368704" percent="37" />
      <mem type="loa" free="113832960" total="113832960" percent="100" />
    </mem>
    <remembered-set count="191397" />
  </mem-info>
</gc-start>
<allocation-stats totalBytes="693210392" >
  <allocated-bytes non-tlh="37864800" tlh="655345592" />
  <largest-consumer threadName="Group1.Backend.CompositeBackend{Tier1}.3" threadId="0000000000808C00" bytes="110540768" />
</allocation-stats>
<gc-op id="3585" type="scavenge" timems="89.284" contextid="3582" timestamp="2020-09-11T10:54:18.726">
  <scavenger-info tenureage="3" tenuremask="7ff8" tiltratio="85" />
  <memory-copied type="nursery" objects="4013814" bytes="107769136" bytesdiscarded="231456" />
  <memory-copied type="tenure" objects="1115102" bytes="29949032" bytesdiscarded="76192" />
  <ownableSynchronizers candidates="3956" cleared="3568" />
  <references type="soft" candidates="338" cleared="0" enqueued="0" dynamicThreshold="18" maxThreshold="32" />
  <references type="weak" candidates="132" cleared="132" enqueued="0" />
</gc-op>
<gc-end id="3586" type="scavenge" contextid="3582" durationms="90.212" usertimems="699.424" systemtimems="0.000" timestamp="2020-09-11T10:54:18.727" activeThreads="8">
  <mem-info id="3587" free="1458418784" total="2836725760" percent="51">
    <mem type="nursery" free="697813248" total="939524096" percent="74">
      <mem type="allocate" free="697813248" total="805896192" percent="86" />
      <mem type="survivor" free="0" total="133627904" percent="0" />
    </mem>
    <mem type="tenure" free="760605536" total="1897201664" percent="40" macro-fragmented="0">
      <mem type="soa" free="646772576" total="1783368704" percent="36" />
      <mem type="loa" free="113832960" total="113832960" percent="100" />
    </mem>
    <remembered-set count="28818" />
  </mem-info>
</gc-end>
<cycle-end id="3588" type="scavenge" contextid="3582" timestamp="2020-09-11T10:54:18.727" />
<allocation-satisfied id="3589" threadId="0000000000855600" bytesRequested="520" />
<af-end id="3590" timestamp="2020-09-11T10:54:18.728" threadId="0000000000855F80" success="true" from="nursery"/>
<exclusive-end id="3591" timestamp="2020-09-11T10:54:18.728" durationms="91.975" />

<exclusive-start id="3592" timestamp="2020-09-11T10:54:20.751" intervalms="2115.650">
  <response-info timems="5.686" idlems="5.686" threads="0" lastid="0000000000854B00" lastname="Group1.Backend.CompositeBackend{Tier1}.4" />
</exclusive-start>
<af-start id="3593" threadId="0000000000855480" totalBytesRequested="16" timestamp="2020-09-11T10:54:20.752" intervalms="2115.727" type="nursery" />
<cycle-start id="3594" type="scavenge" contextid="0" timestamp="2020-09-11T10:54:20.752" intervalms="2115.752" />
<gc-start id="3595" type="scavenge" contextid="3594" timestamp="2020-09-11T10:54:20.753">
  <mem-info id="3596" free="760605536" total="2836725760" percent="26">
    <mem type="nursery" free="0" total="939524096" percent="0">
      <mem type="allocate" free="0" total="805896192" percent="0" />
      <mem type="survivor" free="0" total="133627904" percent="0" />
    </mem>
    <mem type="tenure" free="760605536" total="1897201664" percent="40">
      <mem type="soa" free="646772576" total="1783368704" percent="36" />
      <mem type="loa" free="113832960" total="113832960" percent="100" />
    </mem>
    <remembered-set count="193313" />
  </mem-info>
</gc-start>
<allocation-stats totalBytes="697475624" >
  <allocated-bytes non-tlh="31060848" tlh="666414776" />
  <largest-consumer threadName="Group1.Backend.CompositeBackend{Tier1}.1" threadId="000000000077FE00" bytes="86857168" />
</allocation-stats>
<gc-op id="3597" type="scavenge" timems="136.662" contextid="3594" timestamp="2020-09-11T10:54:20.889">
  <scavenger-info tenureage="3" tenuremask="7ff8" tiltratio="85" />
  <memory-copied type="nursery" objects="4518792" bytes="119768920" bytesdiscarded="175880" />
  <memory-copied type="tenure" objects="1073601" bytes="28859240" bytesdiscarded="71688" />
  <ownableSynchronizers candidates="4582" cleared="4180" />
  <references type="soft" candidates="344" cleared="0" enqueued="0" dynamicThreshold="18" maxThreshold="32" />
  <references type="weak" candidates="127" cleared="127" enqueued="0" />
</gc-op>
<gc-end id="3598" type="scavenge" contextid="3594" durationms="138.561" usertimems="1023.186" systemtimems="18.762" timestamp="2020-09-11T10:54:20.891" activeThreads="8">
  <mem-info id="3599" free="1406378968" total="2836725760" percent="49">
    <mem type="nursery" free="674656992" total="939524096" percent="71">
      <mem type="allocate" free="674656992" total="794689536" percent="84" />
      <mem type="survivor" free="0" total="144834560" percent="0" />
    </mem>
    <mem type="tenure" free="731721976" total="1897201664" percent="38" macro-fragmented="0">
      <mem type="soa" free="617889016" total="1783368704" percent="34" />
      <mem type="loa" free="113832960" total="113832960" percent="100" />
    </mem>
    <remembered-set count="29029" />
  </mem-info>
</gc-end>
<cycle-end id="3600" type="scavenge" contextid="3594" timestamp="2020-09-11T10:54:20.892" />
<allocation-satisfied id="3601" threadId="0000000000854B00" bytesRequested="16" />
<af-end id="3602" timestamp="2020-09-11T10:54:20.892" threadId="0000000000855480" success="true" from="nursery"/>
<exclusive-end id="3603" timestamp="2020-09-11T10:54:20.892" durationms="140.782" />

<exclusive-start id="3604" timestamp="2020-09-11T10:54:22.867" intervalms="2115.898">
  <response-info timems="0.238" idlems="0.238" threads="0" lastid="0000000000855600" lastname="Group1.Backend.CompositeBackend{Tier1}.5" />
</exclusive-start>
<af-start id="3605" threadId="0000000000855F80" totalBytesRequested="32" timestamp="2020-09-11T10:54:22.868" intervalms="2115.678" type="nursery" />
<cycle-start id="3606" type="scavenge" contextid="0" timestamp="2020-09-11T10:54:22.868" intervalms="2115.627" />
<gc-start id="3607" type="scavenge" contextid="3606" timestamp="2020-09-11T10:54:22.868">
  <mem-info id="3608" free="731721976" total="2836725760" percent="25">
    <mem type="nursery" free="0" total="939524096" percent="0">
      <mem type="allocate" free="0" total="794689536" percent="0" />
      <mem type="survivor" free="0" total="144834560" percent="0" />
    </mem>
    <mem type="tenure" free="731721976" total="1897201664" percent="38">
      <mem type="soa" free="617889016" total="1783368704" percent="34" />
      <mem type="loa" free="113832960" total="113832960" percent="100" />
    </mem>
    <remembered-set count="191038" />
  </mem-info>
</gc-start>
<allocation-stats totalBytes="674343584" >
  <allocated-bytes non-tlh="30418976" tlh="643924608" />
  <largest-consumer threadName="Group1.Backend.CompositeBackend{Tier1}.7" threadId="0000000000891B00" bytes="85410504" />
</allocation-stats>
<gc-op id="3609" type="scavenge" timems="107.616" contextid="3606" timestamp="2020-09-11T10:54:22.976">
  <scavenger-info tenureage="3" tenuremask="7ff8" tiltratio="84" />
  <memory-copied type="nursery" objects="4060897" bytes="108976592" bytesdiscarded="206512" />
  <memory-copied type="tenure" objects="1108620" bytes="29820824" bytesdiscarded="70400" />
  <ownableSynchronizers candidates="5147" cleared="4721" />
  <references type="soft" candidates="393" cleared="0" enqueued="0" dynamicThreshold="18" maxThreshold="32" />
  <references type="weak" candidates="113" cleared="113" enqueued="0" />
</gc-op>
<gc-end id="3610" type="scavenge" contextid="3606" durationms="108.407" usertimems="749.330" systemtimems="4.855" timestamp="2020-09-11T10:54:22.976" activeThreads="8">
  <mem-info id="3611" free="1389332416" total="2836725760" percent="48">
    <mem type="nursery" free="687580416" total="939524096" percent="73">
      <mem type="allocate" free="687580416" total="796852224" percent="86" />
      <mem type="survivor" free="0" total="142671872" percent="0" />
    </mem>
    <mem type="tenure" free="701752000" total="1897201664" percent="36" macro-fragmented="0">
      <mem type="soa" free="587919040" total="1783368704" percent="32" />
      <mem type="loa" free="113832960" total="113832960" percent="100" />
    </mem>
    <remembered-set count="28942" />
  </mem-info>
</gc-end>
<cycle-end id="3612" type="scavenge" contextid="3606" timestamp="2020-09-11T10:54:22.977" />
<allocation-satisfied id="3613" threadId="0000000000855600" bytesRequested="32" />
<af-end id="3614" timestamp="2020-09-11T10:54:22.977" threadId="0000000000855F80" success="true" from="nursery"/>
<exclusive-end id="3615" timestamp="2020-09-11T10:54:22.977" durationms="109.926" />

<exclusive-start id="3616" timestamp="2020-09-11T10:54:24.930" intervalms="2063.158">
  <response-info timems="0.617" idlems="0.617" threads="0" lastid="0000000000A94900" lastname="Group1.Backend.CompositeBackend{Tier3}.5" />
</exclusive-start>
<af-start id="3617" threadId="0000000000A95280" totalBytesRequested="24" timestamp="2020-09-11T10:54:24.931" intervalms="2063.182" type="nursery" />
<cycle-start id="3618" type="scavenge" contextid="0" timestamp="2020-09-11T10:54:24.931" intervalms="2063.207" />
<gc-start id="3619" type="scavenge" contextid="3618" timestamp="2020-09-11T10:54:24.932">
  <mem-info id="3620" free="701752000" total="2836725760" percent="24">
    <mem type="nursery" free="0" total="939524096" percent="0">
      <mem type="allocate" free="0" total="796852224" percent="0" />
      <mem type="survivor" free="0" total="142671872" percent="0" />
    </mem>
    <mem type="tenure" free="701752000" total="1897201664" percent="36">
      <mem type="soa" free="587919040" total="1783368704" percent="32" />
      <mem type="loa" free="113832960" total="113832960" percent="100" />
    </mem>
    <remembered-set count="191064" />
  </mem-info>
</gc-start>
<allocation-stats totalBytes="687258760" >
  <allocated-bytes non-tlh="34893360" tlh="652365400" />
  <largest-consumer threadName="Group1.Backend.CompositeBackend{Tier1}.4" threadId="0000000000854B00" bytes="102653320" />
</allocation-stats>
<gc-op id="3621" type="scavenge" timems="113.494" contextid="3618" timestamp="2020-09-11T10:54:25.045">
  <scavenger-info tenureage="3" tenuremask="7ff8" tiltratio="84" />
  <memory-copied type="nursery" objects="4287894" bytes="114251328" bytesdiscarded="218872" />
  <memory-copied type="tenure" objects="1075418" bytes="28915752" bytesdiscarded="68848" />
  <ownableSynchronizers candidates="3926" cleared="3500" />
  <references type="soft" candidates="400" cleared="0" enqueued="0" dynamicThreshold="18" maxThreshold="32" />
  <references type="weak" candidates="108" cleared="107" enqueued="0" />
</gc-op>
<gc-end id="3622" type="scavenge" contextid="3618" durationms="114.285" usertimems="871.953" systemtimems="0.000" timestamp="2020-09-11T10:54:25.046" activeThreads="8">
  <mem-info id="3623" free="1356936032" total="2836725760" percent="47">
    <mem type="nursery" free="684072904" total="939524096" percent="72">
      <mem type="allocate" free="684072904" total="798621696" percent="85" />
      <mem type="survivor" free="0" total="140902400" percent="0" />
    </mem>
    <mem type="tenure" free="672863128" total="1897201664" percent="35" macro-fragmented="0">
      <mem type="soa" free="559030168" total="1783368704" percent="31" />
      <mem type="loa" free="113832960" total="113832960" percent="100" />
    </mem>
    <remembered-set count="29425" />
  </mem-info>
</gc-end>
<cycle-end id="3624" type="scavenge" contextid="3618" timestamp="2020-09-11T10:54:25.046" />
<allocation-satisfied id="3625" threadId="0000000000A94900" bytesRequested="24" />
<af-end id="3626" timestamp="2020-09-11T10:54:25.046" threadId="0000000000A95280" success="true" from="nursery"/>
<exclusive-end id="3627" timestamp="2020-09-11T10:54:25.046" durationms="116.191" />

<exclusive-start id="3628" timestamp="2020-09-11T10:54:27.028" intervalms="2097.623">
  <response-info timems="0.320" idlems="0.163" threads="1" lastid="000000000077FE00" lastname="Group1.Backend.CompositeBackend{Tier1}.1" />
</exclusive-start>
<af-start id="3629" threadId="000000000089DD80" totalBytesRequested="16" timestamp="2020-09-11T10:54:27.029" intervalms="2097.669" type="nursery" />
<cycle-start id="3630" type="scavenge" contextid="0" timestamp="2020-09-11T10:54:27.029" intervalms="2097.665" />
<gc-start id="3631" type="scavenge" contextid="3630" timestamp="2020-09-11T10:54:27.029">
  <mem-info id="3632" free="672863128" total="2836725760" percent="23">
    <mem type="nursery" free="0" total="939524096" percent="0">
      <mem type="allocate" free="0" total="798621696" percent="0" />
      <mem type="survivor" free="0" total="140902400" percent="0" />
    </mem>
    <mem type="tenure" free="672863128" total="1897201664" percent="35">
      <mem type="soa" free="559030168" total="1783368704" percent="31" />
      <mem type="loa" free="113832960" total="113832960" percent="100" />
    </mem>
    <remembered-set count="192645" />
  </mem-info>
</gc-start>
<allocation-stats totalBytes="683740016" >
  <allocated-bytes non-tlh="33176080" tlh="650563936" />
  <largest-consumer threadName="Group1.Backend.CompositeBackend{Tier1}.4" threadId="0000000000854B00" bytes="110493848" />
</allocation-stats>
<gc-op id="3633" type="scavenge" timems="99.346" contextid="3630" timestamp="2020-09-11T10:54:27.128">
  <scavenger-info tenureage="3" tenuremask="7ff8" tiltratio="85" />
  <memory-copied type="nursery" objects="4077482" bytes="109330176" bytesdiscarded="172184" />
  <memory-copied type="tenure" objects="1108604" bytes="29818152" bytesdiscarded="77768" />
  <ownableSynchronizers candidates="4334" cleared="3904" />
  <references type="soft" candidates="376" cleared="0" enqueued="0" dynamicThreshold="18" maxThreshold="32" />
  <references type="weak" candidates="123" cleared="123" enqueued="0" />
</gc-op>
<gc-end id="3634" type="scavenge" contextid="3630" durationms="100.155" usertimems="748.168" systemtimems="0.494" timestamp="2020-09-11T10:54:27.129" activeThreads="8">
  <mem-info id="3635" free="1334518760" total="2836725760" percent="47">
    <mem type="nursery" free="691593984" total="939524096" percent="73">
      <mem type="allocate" free="691593984" total="801177600" percent="86" />
      <mem type="survivor" free="0" total="138346496" percent="0" />
    </mem>
    <mem type="tenure" free="642924776" total="1897201664" percent="33" macro-fragmented="0">
      <mem type="soa" free="529091816" total="1783368704" percent="29" />
      <mem type="loa" free="113832960" total="113832960" percent="100" />
    </mem>
    <remembered-set count="29572" />
  </mem-info>
</gc-end>
<cycle-end id="3636" type="scavenge" contextid="3630" timestamp="2020-09-11T10:54:27.130" />
<allocation-satisfied id="3637" threadId="000000000089D400" bytesRequested="16" />
<af-end id="3638" timestamp="2020-09-11T10:54:27.130" threadId="000000000089DD80" success="true" from="nursery"/>
<exclusive-end id="3639" timestamp="2020-09-11T10:54:27.130" durationms="101.755" />

<exclusive-start id="3640" timestamp="2020-09-11T10:54:29.103" intervalms="2075.575">
  <response-info timems="0.505" idlems="0.292" threads="2" lastid="000000000089D400" lastname="Group1.Backend.CompositeBackend{Tier1}.8" />
</exclusive-start>
<af-start id="3641" threadId="000000000088AC80" totalBytesRequested="131080" timestamp="2020-09-11T10:54:29.104" intervalms="2075.502" type="nursery" />
<cycle-start id="3642" type="scavenge" contextid="0" timestamp="2020-09-11T10:54:29.104" intervalms="2075.483" />
<gc-start id="3643" type="scavenge" contextid="3642" timestamp="2020-09-11T10:54:29.105">
  <mem-info id="3644" free="642924776" total="2836725760" percent="22">
    <mem type="nursery" free="0" total="939524096" percent="0">
      <mem type="allocate" free="0" total="801177600" percent="0" />
      <mem type="survivor" free="0" total="138346496" percent="0" />
    </mem>
    <mem type="tenure" free="642924776" total="1897201664" percent="33">
      <mem type="soa" free="529091816" total="1783368704" percent="29" />
      <mem type="loa" free="113832960" total="113832960" percent="100" />
    </mem>
    <remembered-set count="192897" />
  </mem-info>
</gc-start>
<allocation-stats totalBytes="691263512" >
  <allocated-bytes non-tlh="28481112" tlh="662782400" />
  <largest-consumer threadName="Group1.Backend.CompositeBackend{Tier1}.3" threadId="0000000000808C00" bytes="98711328" />
</allocation-stats>
<gc-op id="3645" type="scavenge" timems="123.749" contextid="3642" timestamp="2020-09-11T10:54:29.228">
  <scavenger-info tenureage="3" tenuremask="7ff8" tiltratio="85" />
  <memory-copied type="nursery" objects="4889353" bytes="127494248" bytesdiscarded="269576" />
  <memory-copied type="tenure" objects="1089059" bytes="29283480" bytesdiscarded="98488" />
  <ownableSynchronizers candidates="4854" cleared="4438" />
  <references type="soft" candidates="327" cleared="0" enqueued="0" dynamicThreshold="18" maxThreshold="32" />
  <references type="weak" candidates="108" cleared="108" enqueued="0" />
</gc-op>
<gc-end id="3646" type="scavenge" contextid="3642" durationms="124.797" usertimems="952.365" systemtimems="0.000" timestamp="2020-09-11T10:54:29.229" activeThreads="8">
  <mem-info id="3647" free="1267070344" total="2836725760" percent="44">
    <mem type="nursery" free="653468952" total="939524096" percent="69">
      <mem type="allocate" free="653468952" total="781320192" percent="83" />
      <mem type="survivor" free="0" total="158203904" percent="0" />
    </mem>
    <mem type="tenure" free="613601392" total="1897201664" percent="32" macro-fragmented="0">
      <mem type="soa" free="499768432" total="1783368704" percent="28" />
      <mem type="loa" free="113832960" total="113832960" percent="100" />
    </mem>
    <remembered-set count="30444" />
  </mem-info>
</gc-end>
<cycle-end id="3648" type="scavenge" contextid="3642" timestamp="2020-09-11T10:54:29.230" />
<allocation-satisfied id="3649" threadId="000000000088A300" bytesRequested="131080" />
<af-end id="3650" timestamp="2020-09-11T10:54:29.230" threadId="000000000088AC80" success="true" from="nursery"/>
<exclusive-end id="3651" timestamp="2020-09-11T10:54:29.230" durationms="126.403" />

</verbosegc>

