<?xml version="1.0" ?>

<verbosegc xmlns="http://www.ibm.com/j9/verbosegc" version="c1dd04cca_CMPRSS">

!@: MM_VerboseWriterFileLoggingSynchronous::openFile

!@: After Trigger

<exclusive-start id="1236" timestamp="2020-09-11T10:47:39.425" intervalms="647.925">
  <response-info timems="1.029" idlems="1.029" threads="0" lastid="000000000078EB00" lastname="ForkJoinPool-14-worker-3" />
</exclusive-start>
<af-start id="1237" threadId="000000000078F480" totalBytesRequested="24" timestamp="2020-09-11T10:47:39.426" intervalms="1618.276" type="nursery" />
<cycle-start id="1238" type="scavenge" contextid="0" timestamp="2020-09-11T10:47:39.426" intervalms="1618.277" />
<gc-start id="1239" type="scavenge" contextid="1238" timestamp="2020-09-11T10:47:39.426">
  <mem-info id="1240" free="724082256" total="1749221376" percent="41">
    <mem type="nursery" free="0" total="939524096" percent="0">
      <mem type="allocate" free="0" total="730660864" percent="0" />
      <mem type="survivor" free="0" total="208863232" percent="0" />
    </mem>
    <mem type="tenure" free="724082256" total="809697280" percent="89">
      <mem type="soa" free="675499600" total="761114624" percent="88" />
      <mem type="loa" free="48582656" total="48582656" percent="100" />
    </mem>
    <remembered-set count="901" />
  </mem-info>
</gc-start>
<allocation-stats totalBytes="730192704" >
  <allocated-bytes non-tlh="14393560" tlh="715799144" />
  <largest-consumer threadName="ForkJoinPool-3-worker-9" threadId="00000000007A7400" bytes="119769504" />
</allocation-stats>
<gc-op id="1241" type="scavenge" timems="407.998" contextid="1238" timestamp="2020-09-11T10:47:39.834">
  <scavenger-info tenureage="1" tenuremask="7ffe" tiltratio="77" />
  <memory-copied type="nursery" objects="6862874" bytes="208826696" bytesdiscarded="28600" />
  <memory-copied type="tenure" objects="10630992" bytes="294807896" bytesdiscarded="85248" />
  <copy-failed type="nursery" objects="10630795" bytes="294799808" />
  <ownableSynchronizers candidates="194" cleared="164" />
  <references type="soft" candidates="56" cleared="0" enqueued="0" dynamicThreshold="28" maxThreshold="32" />
  <references type="weak" candidates="99" cleared="1" enqueued="1" />
</gc-op>
<gc-end id="1242" type="scavenge" contextid="1238" durationms="408.617" usertimems="3138.939" systemtimems="26.544" timestamp="2020-09-11T10:47:39.835" activeThreads="8">
  <mem-info id="1243" free="689951520" total="1749221376" percent="39">
    <mem type="nursery" free="260898816" total="939524096" percent="27">
      <mem type="allocate" free="260898816" total="469762048" percent="55" />
      <mem type="survivor" free="0" total="469762048" percent="0" />
    </mem>
    <mem type="tenure" free="429052704" total="809697280" percent="52">
      <mem type="soa" free="380470048" total="761114624" percent="49" />
      <mem type="loa" free="48582656" total="48582656" percent="100" />
    </mem>
    <pending-finalizers system="0" default="0" reference="1" classloader="0" />
    <remembered-set count="58108" />
  </mem-info>
</gc-end>
<cycle-end id="1244" type="scavenge" contextid="1238" timestamp="2020-09-11T10:47:39.835" />
<allocation-satisfied id="1245" threadId="000000000078EB00" bytesRequested="24" />
<af-end id="1246" timestamp="2020-09-11T10:47:39.836" threadId="000000000078F480" success="true" from="nursery"/>
<exclusive-end id="1247" timestamp="2020-09-11T10:47:39.836" durationms="410.241" />

<exclusive-start id="1248" timestamp="2020-09-11T10:47:39.984" intervalms="558.186">
  <response-info timems="0.163" idlems="0.163" threads="0" lastid="00000000007A7400" lastname="ForkJoinPool-3-worker-9" />
</exclusive-start>
<af-start id="1249" threadId="00000000007A7D80" totalBytesRequested="16" timestamp="2020-09-11T10:47:39.984" intervalms="558.081" type="nursery" />
<cycle-start id="1250" type="scavenge" contextid="0" timestamp="2020-09-11T10:47:39.984" intervalms="558.067" />
<gc-start id="1251" type="scavenge" contextid="1250" timestamp="2020-09-11T10:47:39.984">
  <mem-info id="1252" free="429052704" total="1749221376" percent="24">
    <mem type="nursery" free="0" total="939524096" percent="0">
      <mem type="allocate" free="0" total="469762048" percent="0" />
      <mem type="survivor" free="0" total="469762048" percent="0" />
    </mem>
    <mem type="tenure" free="429052704" total="809697280" percent="52">
      <mem type="soa" free="380470048" total="761114624" percent="49" />
      <mem type="loa" free="48582656" total="48582656" percent="100" />
    </mem>
    <remembered-set count="58109" />
  </mem-info>
</gc-start>
<allocation-stats totalBytes="260823288" >
  <allocated-bytes non-tlh="9100344" tlh="251722944" />
  <largest-consumer threadName="ForkJoinPool-3-worker-3" threadId="0000000000790800" bytes="38969544" />
</allocation-stats>
<gc-op id="1253" type="scavenge" timems="178.052" contextid="1250" timestamp="2020-09-11T10:47:40.162">
  <scavenger-info tenureage="1" tenuremask="fffe" tiltratio="50" />
  <memory-copied type="nursery" objects="6435669" bytes="175234536" bytesdiscarded="188336" />
  <memory-copied type="tenure" objects="2263346" bytes="62970680" bytesdiscarded="20272" />
  <ownableSynchronizers candidates="30" cleared="0" />
</gc-op>
<gc-end id="1254" type="scavenge" contextid="1250" durationms="178.630" usertimems="1320.675" systemtimems="6.434" timestamp="2020-09-11T10:47:40.163" activeThreads="8">
  <mem-info id="1255" free="660181248" total="1749221376" percent="37">
    <mem type="nursery" free="294339136" total="939524096" percent="31">
      <mem type="allocate" free="294339136" total="469762048" percent="62" />
      <mem type="survivor" free="0" total="469762048" percent="0" />
    </mem>
    <mem type="tenure" free="365842112" total="809697280" percent="45">
      <mem type="soa" free="317259456" total="761114624" percent="41" />
      <mem type="loa" free="48582656" total="48582656" percent="100" />
    </mem>
    <remembered-set count="837" />
  </mem-info>
</gc-end>
<cycle-end id="1256" type="scavenge" contextid="1250" timestamp="2020-09-11T10:47:40.164" />
<allocation-satisfied id="1257" threadId="00000000007A7400" bytesRequested="16" />
<af-end id="1258" timestamp="2020-09-11T10:47:40.164" threadId="00000000007A7D80" success="true" from="nursery"/>
<exclusive-end id="1259" timestamp="2020-09-11T10:47:40.164" durationms="180.417" />

<exclusive-start id="1260" timestamp="2020-09-11T10:47:40.412" intervalms="428.685">
  <response-info timems="3.438" idlems="3.438" threads="0" lastid="00000000007A7400" lastname="ForkJoinPool-3-worker-9" />
</exclusive-start>
<af-start id="1261" threadId="00000000007A7D80" totalBytesRequested="24" timestamp="2020-09-11T10:47:40.413" intervalms="428.670" type="nursery" />
<cycle-start id="1262" type="scavenge" contextid="0" timestamp="2020-09-11T10:47:40.413" intervalms="428.677" />
<gc-start id="1263" type="scavenge" contextid="1262" timestamp="2020-09-11T10:47:40.413">
  <mem-info id="1264" free="365842112" total="1749221376" percent="20">
    <mem type="nursery" free="0" total="939524096" percent="0">
      <mem type="allocate" free="0" total="469762048" percent="0" />
      <mem type="survivor" free="0" total="469762048" percent="0" />
    </mem>
    <mem type="tenure" free="365842112" total="809697280" percent="45">
      <mem type="soa" free="317259456" total="761114624" percent="41" />
      <mem type="loa" free="48582656" total="48582656" percent="100" />
    </mem>
    <remembered-set count="851" />
  </mem-info>
</gc-start>
<allocation-stats totalBytes="294314800" >
  <allocated-bytes non-tlh="15798144" tlh="278516656" />
  <largest-consumer threadName="ForkJoinPool-3-worker-3" threadId="0000000000790800" bytes="107598240" />
</allocation-stats>
<gc-op id="1265" type="scavenge" timems="184.080" contextid="1262" timestamp="2020-09-11T10:47:40.597">
  <scavenger-info tenureage="1" tenuremask="fffe" tiltratio="50" />
  <memory-copied type="nursery" objects="1937145" bytes="56272800" bytesdiscarded="537824" />
  <memory-copied type="tenure" objects="6321936" bytes="171888664" bytesdiscarded="79712" />
  <ownableSynchronizers candidates="1" cleared="0" />
</gc-op>
<gc-end id="1266" type="scavenge" contextid="1262" durationms="184.522" usertimems="1401.343" systemtimems="16.800" timestamp="2020-09-11T10:47:40.597" activeThreads="8">
  <mem-info id="1267" free="607059952" total="1749221376" percent="34">
    <mem type="nursery" free="412951360" total="939524096" percent="43">
      <mem type="allocate" free="412951360" total="469762048" percent="87" />
      <mem type="survivor" free="0" total="469762048" percent="0" />
    </mem>
    <mem type="tenure" free="194108592" total="809697280" percent="23">
      <mem type="soa" free="145525936" total="761114624" percent="19" />
      <mem type="loa" free="48582656" total="48582656" percent="100" />
    </mem>
    <remembered-set count="650" />
  </mem-info>
</gc-end>
<cycle-end id="1268" type="scavenge" contextid="1262" timestamp="2020-09-11T10:47:40.598" />
<allocation-satisfied id="1269" threadId="00000000007A7400" bytesRequested="24" />
<af-end id="1270" timestamp="2020-09-11T10:47:40.599" threadId="00000000007A7D80" success="true" from="nursery"/>
<exclusive-end id="1271" timestamp="2020-09-11T10:47:40.599" durationms="186.335" />

<exclusive-start id="1272" timestamp="2020-09-11T10:47:40.863" intervalms="451.077">
  <response-info timems="0.377" idlems="0.377" threads="0" lastid="0000000000798000" lastname="ForkJoinPool-3-worker-5" />
</exclusive-start>
<af-start id="1273" threadId="0000000000798980" totalBytesRequested="24" timestamp="2020-09-11T10:47:40.864" intervalms="450.992" type="nursery" />
<cycle-start id="1274" type="scavenge" contextid="0" timestamp="2020-09-11T10:47:40.864" intervalms="450.972" />
<gc-start id="1275" type="scavenge" contextid="1274" timestamp="2020-09-11T10:47:40.864">
  <mem-info id="1276" free="194108592" total="1749221376" percent="11">
    <mem type="nursery" free="0" total="939524096" percent="0">
      <mem type="allocate" free="0" total="469762048" percent="0" />
      <mem type="survivor" free="0" total="469762048" percent="0" />
    </mem>
    <mem type="tenure" free="194108592" total="809697280" percent="23">
      <mem type="soa" free="145525936" total="761114624" percent="19" />
      <mem type="loa" free="48582656" total="48582656" percent="100" />
    </mem>
    <remembered-set count="650" />
  </mem-info>
</gc-start>
<allocation-stats totalBytes="412915480" >
  <allocated-bytes non-tlh="24841152" tlh="388074328" />
  <largest-consumer threadName="ForkJoinPool-3-worker-9" threadId="00000000007A7400" bytes="155123864" />
</allocation-stats>
<gc-op id="1277" type="scavenge" timems="150.062" contextid="1274" timestamp="2020-09-11T10:47:41.014">
  <scavenger-info tenureage="1" tenuremask="fffe" tiltratio="50" />
  <memory-copied type="nursery" objects="3785077" bytes="112201056" bytesdiscarded="277496" />
  <memory-copied type="tenure" objects="1854189" bytes="52840656" bytesdiscarded="5584" />
  <ownableSynchronizers candidates="200007" cleared="0" />
  <references type="soft" candidates="200000" cleared="0" enqueued="0" dynamicThreshold="28" maxThreshold="32" />
</gc-op>
<gc-end id="1278" type="scavenge" contextid="1274" durationms="151.177" usertimems="1157.862" systemtimems="0.000" timestamp="2020-09-11T10:47:41.015" activeThreads="8">
  <mem-info id="1279" free="498175208" total="1749221376" percent="28">
    <mem type="nursery" free="357283432" total="939524096" percent="38">
      <mem type="allocate" free="357283432" total="469762048" percent="76" />
      <mem type="survivor" free="0" total="469762048" percent="0" />
    </mem>
    <mem type="tenure" free="140891776" total="809697280" percent="17" macro-fragmented="0">
      <mem type="soa" free="92309120" total="761114624" percent="12" />
      <mem type="loa" free="48582656" total="48582656" percent="100" />
    </mem>
    <remembered-set count="71041" />
  </mem-info>
</gc-end>
<cycle-end id="1280" type="scavenge" contextid="1274" timestamp="2020-09-11T10:47:41.017" />
<allocation-satisfied id="1281" threadId="0000000000798000" bytesRequested="24" />
<af-end id="1282" timestamp="2020-09-11T10:47:41.017" threadId="0000000000798980" success="true" from="nursery"/>
<exclusive-end id="1283" timestamp="2020-09-11T10:47:41.017" durationms="153.394" />

<exclusive-start id="1284" timestamp="2020-09-11T10:47:44.944" intervalms="4080.821">
  <response-info timems="1.392" idlems="1.392" threads="0" lastid="000000000077FE00" lastname="Group1.Backend.CompositeBackend{Tier1}.1" />
</exclusive-start>
<af-start id="1285" threadId="0000000000780780" totalBytesRequested="8200" timestamp="2020-09-11T10:47:44.945" intervalms="4081.072" type="nursery" />
<cycle-start id="1286" type="scavenge" contextid="0" timestamp="2020-09-11T10:47:44.945" intervalms="4081.125" />
<gc-start id="1287" type="scavenge" contextid="1286" timestamp="2020-09-11T10:47:44.945">
  <mem-info id="1288" free="140746856" total="1749221376" percent="8">
    <mem type="nursery" free="0" total="939524096" percent="0">
      <mem type="allocate" free="0" total="469762048" percent="0" />
      <mem type="survivor" free="0" total="469762048" percent="0" />
    </mem>
    <mem type="tenure" free="140746856" total="809697280" percent="17">
      <mem type="soa" free="92164200" total="761114624" percent="12" />
      <mem type="loa" free="48582656" total="48582656" percent="100" />
    </mem>
    <remembered-set count="72987" />
  </mem-info>
</gc-start>
<allocation-stats totalBytes="357384984" >
  <allocated-bytes non-tlh="24908040" tlh="332476944" />
  <largest-consumer threadName="ForkJoinPool-3-worker-5" threadId="0000000000798000" bytes="148190416" />
</allocation-stats>
<gc-op id="1289" type="scavenge" timems="189.987" contextid="1286" timestamp="2020-09-11T10:47:45.135">
  <scavenger-info tenureage="1" tenuremask="fffe" tiltratio="50" />
  <memory-copied type="nursery" objects="1907023" bytes="49842304" bytesdiscarded="661344" />
  <memory-copied type="tenure" objects="3452772" bytes="103559304" bytesdiscarded="8936" />
  <finalization candidates="5" enqueued="1" />
  <ownableSynchronizers candidates="200906" cleared="678" />
  <references type="soft" candidates="1559" cleared="0" enqueued="0" dynamicThreshold="28" maxThreshold="32" />
  <references type="weak" candidates="250" cleared="71" enqueued="67" />
  <references type="phantom" candidates="2" cleared="0" enqueued="0" />
  <heap-resize type="expand" space="tenure" amount="12582912" count="12" timems="2.798" reason="continue current collection" />
</gc-op>
<gc-end id="1290" type="scavenge" contextid="1286" durationms="190.930" usertimems="1324.139" systemtimems="23.435" timestamp="2020-09-11T10:47:45.136" activeThreads="8">
  <mem-info id="1291" free="469137584" total="1761804288" percent="26">
    <mem type="nursery" free="419247280" total="939524096" percent="44">
      <mem type="allocate" free="419247280" total="469762048" percent="89" />
      <mem type="survivor" free="0" total="469762048" percent="0" />
    </mem>
    <mem type="tenure" free="49890304" total="822280192" percent="6" macro-fragmented="19260884">
      <mem type="soa" free="552960" total="772942848" percent="0" />
      <mem type="loa" free="49337344" total="49337344" percent="100" />
    </mem>
    <pending-finalizers system="1" default="0" reference="67" classloader="0" />
    <remembered-set count="2500" />
  </mem-info>
</gc-end>
<cycle-end id="1292" type="scavenge" contextid="1286" timestamp="2020-09-11T10:47:45.138" />
<allocation-satisfied id="1293" threadId="000000000077FE00" bytesRequested="8200" />
<af-end id="1294" timestamp="2020-09-11T10:47:45.138" threadId="0000000000780780" success="true" from="nursery"/>
<exclusive-end id="1295" timestamp="2020-09-11T10:47:45.138" durationms="194.324" />

<exclusive-start id="1296" timestamp="2020-09-11T10:47:52.145" intervalms="7201.169">
  <response-info timems="0.702" idlems="0.702" threads="0" lastid="0000000000808C00" lastname="Group1.Backend.CompositeBackend{Tier1}.3" />
</exclusive-start>
<af-start id="1297" threadId="0000000000809580" totalBytesRequested="32" timestamp="2020-09-11T10:47:52.146" intervalms="7201.332" type="nursery" />
<percolate-collect id="1298" from="nursery" to="global" reason="prevent tenure expand" timestamp="2020-09-11T10:47:52.146"/>
<cycle-start id="1299" type="global" contextid="0" timestamp="2020-09-11T10:47:52.146" intervalms="13368.527" />
<gc-start id="1300" type="global" contextid="1299" timestamp="2020-09-11T10:47:52.147">
  <mem-info id="1301" free="49811960" total="1761804288" percent="2">
    <mem type="nursery" free="0" total="939524096" percent="0">
      <mem type="allocate" free="0" total="469762048" percent="0" />
      <mem type="survivor" free="0" total="469762048" percent="0" />
    </mem>
    <mem type="tenure" free="49811960" total="822280192" percent="6">
      <mem type="soa" free="474616" total="772942848" percent="0" />
      <mem type="loa" free="49337344" total="49337344" percent="100" />
    </mem>
    <remembered-set count="90669" />
  </mem-info>
</gc-start>
<allocation-stats totalBytes="419058416" >
  <allocated-bytes non-tlh="1893768" tlh="417164648" />
  <largest-consumer threadName="Group1.Backend.CompositeBackend{Tier1}.5" threadId="0000000000855600" bytes="59071272" />
</allocation-stats>
<gc-op id="1302" type="mark" timems="339.516" contextid="1299" timestamp="2020-09-11T10:47:52.486">
  <trace-info objectcount="28548142" scancount="27621679" scanbytes="764080928" />
  <finalization candidates="130" enqueued="3" />
  <ownableSynchronizers candidates="277785" cleared="69026" />
  <references type="soft" candidates="300168" cleared="0" enqueued="0" dynamicThreshold="28" maxThreshold="32" />
  <references type="weak" candidates="3736" cleared="306" enqueued="269" />
  <references type="phantom" candidates="106" cleared="0" enqueued="0" />
  <stringconstants candidates="11158" cleared="37"  />
</gc-op>
<gc-op id="1303" type="classunload" timems="2.285" contextid="1299" timestamp="2020-09-11T10:47:52.489">
  <classunload-info classloadercandidates="171" classloadersunloaded="18" classesunloaded="21" anonymousclassesunloaded="3" quiescems="0.000" setupms="2.180" scanms="0.078" postms="0.027" />
</gc-op>
<gc-op id="1304" type="sweep" timems="8.570" contextid="1299" timestamp="2020-09-11T10:47:52.497" />
<heap-resize id="1305" type="expand" space="tenure" amount="249692160" count="1" timems="1.239" reason="insufficient free space following gc" timestamp="2020-09-11T10:47:52.499" />
<gc-end id="1306" type="global" contextid="1299" durationms="352.522" usertimems="2653.871" systemtimems="13.250" timestamp="2020-09-11T10:47:52.499" activeThreads="8">
  <mem-info id="1307" free="627085072" total="2011496448" percent="31">
    <mem type="nursery" free="305489600" total="939524096" percent="32">
      <mem type="allocate" free="305489600" total="469762048" percent="65" />
      <mem type="survivor" free="0" total="469762048" percent="0" />
    </mem>
    <mem type="tenure" free="321595472" total="1071972352" percent="30" micro-fragmented="399792" macro-fragmented="0">
      <mem type="soa" free="257277008" total="1007653888" percent="25" />
      <mem type="loa" free="64318464" total="64318464" percent="100" />
    </mem>
    <pending-finalizers system="3" default="0" reference="269" classloader="0" />
    <remembered-set count="88435" />
  </mem-info>
</gc-end>
<cycle-end id="1308" type="global" contextid="1299" timestamp="2020-09-11T10:47:52.501" />
<allocation-satisfied id="1309" threadId="0000000000808C00" bytesRequested="32" />
<af-end id="1310" timestamp="2020-09-11T10:47:52.501" threadId="0000000000809580" success="true" from="nursery"/>
<exclusive-end id="1311" timestamp="2020-09-11T10:47:52.501" durationms="355.722" />

<exclusive-start id="1312" timestamp="2020-09-11T10:47:52.539" intervalms="393.642">
  <response-info timems="0.324" idlems="0.186" threads="1" lastid="000000000089D400" lastname="Group1.Backend.CompositeBackend{Tier1}.8" />
</exclusive-start>
<af-start id="1313" threadId="000000000088AC80" totalBytesRequested="262152" timestamp="2020-09-11T10:47:52.540" intervalms="393.686" type="nursery" />
<cycle-start id="1314" type="scavenge" contextid="0" timestamp="2020-09-11T10:47:52.540" intervalms="7595.061" />
<gc-start id="1315" type="scavenge" contextid="1314" timestamp="2020-09-11T10:47:52.541">
  <mem-info id="1316" free="607920224" total="2011496448" percent="30">
    <mem type="nursery" free="286324752" total="939524096" percent="30">
      <mem type="allocate" free="286324752" total="469762048" percent="60" />
      <mem type="survivor" free="0" total="469762048" percent="0" />
    </mem>
    <mem type="tenure" free="321595472" total="1071972352" percent="30">
      <mem type="soa" free="257277008" total="1007653888" percent="25" />
      <mem type="loa" free="64318464" total="64318464" percent="100" />
    </mem>
    <remembered-set count="89763" />
  </mem-info>
</gc-start>
<allocation-stats totalBytes="19069896" >
  <allocated-bytes non-tlh="1522568" tlh="17547328" />
  <largest-consumer threadName="Group1.Backend.CompositeBackend{Tier1}.7" threadId="0000000000891B00" bytes="2943640" />
</allocation-stats>
<gc-op id="1317" type="scavenge" timems="83.756" contextid="1314" timestamp="2020-09-11T10:47:52.624">
  <scavenger-info tenureage="1" tenuremask="fffe" tiltratio="50" />
  <memory-copied type="nursery" objects="1409627" bytes="36226216" bytesdiscarded="561520" />
  <memory-copied type="tenure" objects="1901464" bytes="49526952" bytesdiscarded="23328" />
  <finalization candidates="36" enqueued="0" />
  <ownableSynchronizers candidates="410682" cleared="401790" />
  <references type="soft" candidates="95387" cleared="0" enqueued="0" dynamicThreshold="9" maxThreshold="32" />
  <references type="weak" candidates="237" cleared="0" enqueued="0" />
  <references type="phantom" candidates="2" cleared="0" enqueued="0" />
</gc-op>
<gc-end id="1318" type="scavenge" contextid="1314" durationms="84.687" usertimems="629.528" systemtimems="1.923" timestamp="2020-09-11T10:47:52.625" activeThreads="8">
  <mem-info id="1319" free="722297824" total="2011496448" percent="35">
    <mem type="nursery" free="450807912" total="939524096" percent="47">
      <mem type="allocate" free="450807912" total="487653376" percent="92" />
      <mem type="survivor" free="0" total="451870720" percent="0" />
    </mem>
    <mem type="tenure" free="271489912" total="1071972352" percent="25" macro-fragmented="0">
      <mem type="soa" free="207171448" total="1007653888" percent="20" />
      <mem type="loa" free="64318464" total="64318464" percent="100" />
    </mem>
    <remembered-set count="4152" />
  </mem-info>
</gc-end>
<cycle-end id="1320" type="scavenge" contextid="1314" timestamp="2020-09-11T10:47:52.626" />
<allocation-satisfied id="1321" threadId="000000000088A300" bytesRequested="262152" />
<af-end id="1322" timestamp="2020-09-11T10:47:52.626" threadId="000000000088AC80" success="true" from="nursery"/>
<exclusive-end id="1323" timestamp="2020-09-11T10:47:52.626" durationms="87.329" />

<exclusive-start id="1324" timestamp="2020-09-11T10:47:56.501" intervalms="3962.027">
  <response-info timems="0.335" idlems="0.335" threads="0" lastid="0000000000891B00" lastname="Group1.Backend.CompositeBackend{Tier1}.7" />
</exclusive-start>
<af-start id="1325" threadId="0000000000892480" totalBytesRequested="24" timestamp="2020-09-11T10:47:56.502" intervalms="3961.902" type="nursery" />
<cycle-start id="1326" type="scavenge" contextid="0" timestamp="2020-09-11T10:47:56.502" intervalms="3961.908" />
<gc-start id="1327" type="scavenge" contextid="1326" timestamp="2020-09-11T10:47:56.502">
  <mem-info id="1328" free="271489392" total="2011496448" percent="13">
    <mem type="nursery" free="0" total="939524096" percent="0">
      <mem type="allocate" free="0" total="487653376" percent="0" />
      <mem type="survivor" free="0" total="451870720" percent="0" />
    </mem>
    <mem type="tenure" free="271489392" total="1071972352" percent="25">
      <mem type="soa" free="207170928" total="1007653888" percent="20" />
      <mem type="loa" free="64318464" total="64318464" percent="100" />
    </mem>
    <remembered-set count="98495" />
  </mem-info>
</gc-start>
<allocation-stats totalBytes="450497176" >
  <allocated-bytes non-tlh="6776056" tlh="443721120" />
  <largest-consumer threadName="Group1.Backend.CompositeBackend{Tier1}.2" threadId="000000000077F200" bytes="64685736" />
</allocation-stats>
<gc-op id="1329" type="scavenge" timems="55.825" contextid="1326" timestamp="2020-09-11T10:47:56.558">
  <scavenger-info tenureage="2" tenuremask="fffc" tiltratio="51" />
  <memory-copied type="nursery" objects="1984178" bytes="54311912" bytesdiscarded="112096" />
  <finalization candidates="32" enqueued="0" />
  <ownableSynchronizers candidates="95080" cleared="77055" />
  <references type="soft" candidates="144286" cleared="0" enqueued="0" dynamicThreshold="9" maxThreshold="32" />
  <references type="weak" candidates="390" cleared="98" enqueued="78" />
  <references type="phantom" candidates="2" cleared="0" enqueued="0" />
</gc-op>
<gc-end id="1330" type="scavenge" contextid="1326" durationms="56.658" usertimems="412.557" systemtimems="0.000" timestamp="2020-09-11T10:47:56.559" activeThreads="8">
  <mem-info id="1331" free="778761864" total="2011496448" percent="38">
    <mem type="nursery" free="507272472" total="939524096" percent="53">
      <mem type="allocate" free="507272472" total="561774592" percent="90" />
      <mem type="survivor" free="0" total="377749504" percent="0" />
    </mem>
    <mem type="tenure" free="271489392" total="1071972352" percent="25" macro-fragmented="0">
      <mem type="soa" free="207170928" total="1007653888" percent="20" />
      <mem type="loa" free="64318464" total="64318464" percent="100" />
    </mem>
    <pending-finalizers system="0" default="0" reference="78" classloader="0" />
    <remembered-set count="2631" />
  </mem-info>
</gc-end>
<cycle-end id="1332" type="scavenge" contextid="1326" timestamp="2020-09-11T10:47:56.561" />
<allocation-satisfied id="1333" threadId="0000000000891B00" bytesRequested="24" />
<af-end id="1334" timestamp="2020-09-11T10:47:56.561" threadId="0000000000892480" success="true" from="nursery"/>
<exclusive-end id="1335" timestamp="2020-09-11T10:47:56.561" durationms="59.711" />

<exclusive-start id="1336" timestamp="2020-09-11T10:47:59.946" intervalms="3445.143">
  <response-info timems="0.550" idlems="0.550" threads="0" lastid="0000000000855600" lastname="Group1.Backend.CompositeBackend{Tier1}.5" />
</exclusive-start>
<af-start id="1337" threadId="0000000000855F80" totalBytesRequested="16" timestamp="2020-09-11T10:47:59.948" intervalms="3446.135" type="nursery" />
<cycle-start id="1338" type="scavenge" contextid="0" timestamp="2020-09-11T10:47:59.948" intervalms="3446.488" />
<gc-start id="1339" type="scavenge" contextid="1338" timestamp="2020-09-11T10:47:59.949">
  <mem-info id="1340" free="271489176" total="2011496448" percent="13">
    <mem type="nursery" free="0" total="939524096" percent="0">
      <mem type="allocate" free="0" total="561774592" percent="0" />
      <mem type="survivor" free="0" total="377749504" percent="0" />
    </mem>
    <mem type="tenure" free="271489176" total="1071972352" percent="25">
      <mem type="soa" free="207170712" total="1007653888" percent="20" />
      <mem type="loa" free="64318464" total="64318464" percent="100" />
    </mem>
    <remembered-set count="103540" />
  </mem-info>
</gc-start>
<allocation-stats totalBytes="506950448" >
  <allocated-bytes non-tlh="10877608" tlh="496072840" />
  <largest-consumer threadName="Group1.Backend.CompositeBackend{Tier1}.7" threadId="0000000000891B00" bytes="65911280" />
</allocation-stats>
<gc-op id="1341" type="scavenge" timems="93.752" contextid="1338" timestamp="2020-09-11T10:48:00.043">
  <scavenger-info tenureage="3" tenuremask="fff8" tiltratio="59" />
  <memory-copied type="nursery" objects="2946871" bytes="80311112" bytesdiscarded="322664" />
  <finalization candidates="32" enqueued="0" />
  <ownableSynchronizers candidates="113950" cleared="85553" />
  <references type="soft" candidates="174769" cleared="0" enqueued="0" dynamicThreshold="9" maxThreshold="32" />
  <references type="weak" candidates="476" cleared="125" enqueued="100" />
  <references type="phantom" candidates="2" cleared="0" enqueued="0" />
</gc-op>
<gc-end id="1342" type="scavenge" contextid="1338" durationms="96.279" usertimems="603.346" systemtimems="7.985" timestamp="2020-09-11T10:48:00.045" activeThreads="8">
  <mem-info id="1343" free="804301496" total="2011496448" percent="39">
    <mem type="nursery" free="532812320" total="939524096" percent="56">
      <mem type="allocate" free="532812320" total="613548032" percent="86" />
      <mem type="survivor" free="0" total="325976064" percent="0" />
    </mem>
    <mem type="tenure" free="271489176" total="1071972352" percent="25" macro-fragmented="0">
      <mem type="soa" free="207170712" total="1007653888" percent="20" />
      <mem type="loa" free="64318464" total="64318464" percent="100" />
    </mem>
    <pending-finalizers system="0" default="0" reference="100" classloader="0" />
    <remembered-set count="2080" />
  </mem-info>
</gc-end>
<cycle-end id="1344" type="scavenge" contextid="1338" timestamp="2020-09-11T10:48:00.049" />
<allocation-satisfied id="1345" threadId="0000000000855600" bytesRequested="16" />
<af-end id="1346" timestamp="2020-09-11T10:48:00.049" threadId="0000000000855F80" success="true" from="nursery"/>
<exclusive-end id="1347" timestamp="2020-09-11T10:48:00.049" durationms="103.185" />

<exclusive-start id="1348" timestamp="2020-09-11T10:48:02.778" intervalms="2832.028">
  <response-info timems="3.986" idlems="3.986" threads="0" lastid="000000000089D400" lastname="Group1.Backend.CompositeBackend{Tier1}.8" />
</exclusive-start>
<af-start id="1349" threadId="000000000089DD80" totalBytesRequested="24" timestamp="2020-09-11T10:48:02.779" intervalms="2831.026" type="nursery" />
<cycle-start id="1350" type="scavenge" contextid="0" timestamp="2020-09-11T10:48:02.779" intervalms="2830.649" />
<gc-start id="1351" type="scavenge" contextid="1350" timestamp="2020-09-11T10:48:02.780">
  <mem-info id="1352" free="271488320" total="2011496448" percent="13">
    <mem type="nursery" free="0" total="939524096" percent="0">
      <mem type="allocate" free="0" total="613548032" percent="0" />
      <mem type="survivor" free="0" total="325976064" percent="0" />
    </mem>
    <mem type="tenure" free="271488320" total="1071972352" percent="25">
      <mem type="soa" free="207169856" total="1007653888" percent="20" />
      <mem type="loa" free="64318464" total="64318464" percent="100" />
    </mem>
    <remembered-set count="101721" />
  </mem-info>
</gc-start>
<allocation-stats totalBytes="532489264" >
  <allocated-bytes non-tlh="20938680" tlh="511550584" />
  <largest-consumer threadName="Group1.Backend.CompositeBackend{Tier1}.8" threadId="000000000089D400" bytes="76334176" />
</allocation-stats>
<gc-op id="1353" type="scavenge" timems="94.712" contextid="1350" timestamp="2020-09-11T10:48:02.874">
  <scavenger-info tenureage="3" tenuremask="fff8" tiltratio="65" />
  <memory-copied type="nursery" objects="2845846" bytes="77869344" bytesdiscarded="149152" />
  <memory-copied type="tenure" objects="929019" bytes="24829200" bytesdiscarded="6680" />
  <finalization candidates="32" enqueued="0" />
  <ownableSynchronizers candidates="122324" cleared="83770" />
  <references type="soft" candidates="99222" cleared="0" enqueued="0" dynamicThreshold="9" maxThreshold="32" />
  <references type="weak" candidates="393" cleared="151" enqueued="126" />
</gc-op>
<gc-end id="1354" type="scavenge" contextid="1350" durationms="95.793" usertimems="601.138" systemtimems="6.835" timestamp="2020-09-11T10:48:02.875" activeThreads="8">
  <mem-info id="1355" free="829070712" total="2011496448" percent="41">
    <mem type="nursery" free="582610760" total="939524096" percent="62">
      <mem type="allocate" free="582610760" total="660733952" percent="88" />
      <mem type="survivor" free="0" total="278790144" percent="0" />
    </mem>
    <mem type="tenure" free="246459952" total="1071972352" percent="22" macro-fragmented="0">
      <mem type="soa" free="182141488" total="1007653888" percent="18" />
      <mem type="loa" free="64318464" total="64318464" percent="100" />
    </mem>
    <pending-finalizers system="0" default="0" reference="126" classloader="0" />
    <remembered-set count="21868" />
  </mem-info>
</gc-end>
<cycle-end id="1356" type="scavenge" contextid="1350" timestamp="2020-09-11T10:48:02.898" />
<allocation-satisfied id="1357" threadId="000000000089D400" bytesRequested="24" />
<af-end id="1358" timestamp="2020-09-11T10:48:02.898" threadId="000000000089DD80" success="true" from="nursery"/>
<exclusive-end id="1359" timestamp="2020-09-11T10:48:02.898" durationms="120.375" />

<exclusive-start id="1360" timestamp="2020-09-11T10:48:05.217" intervalms="2439.100">
  <response-info timems="0.588" idlems="0.588" threads="0" lastid="0000000000855600" lastname="Group1.Backend.CompositeBackend{Tier1}.5" />
</exclusive-start>
<af-start id="1361" threadId="0000000000855F80" totalBytesRequested="1848" timestamp="2020-09-11T10:48:05.218" intervalms="2439.420" type="nursery" />
<cycle-start id="1362" type="scavenge" contextid="0" timestamp="2020-09-11T10:48:05.218" intervalms="2439.434" />
<gc-start id="1363" type="scavenge" contextid="1362" timestamp="2020-09-11T10:48:05.219">
  <mem-info id="1364" free="246459952" total="2011496448" percent="12">
    <mem type="nursery" free="0" total="939524096" percent="0">
      <mem type="allocate" free="0" total="660733952" percent="0" />
      <mem type="survivor" free="0" total="278790144" percent="0" />
    </mem>
    <mem type="tenure" free="246459952" total="1071972352" percent="22">
      <mem type="soa" free="182141488" total="1007653888" percent="18" />
      <mem type="loa" free="64318464" total="64318464" percent="100" />
    </mem>
    <remembered-set count="130195" />
  </mem-info>
</gc-start>
<allocation-stats totalBytes="582239200" >
  <allocated-bytes non-tlh="22207248" tlh="560031952" />
  <largest-consumer threadName="Group1.Backend.CompositeBackend{Tier1}.2" threadId="000000000077F200" bytes="80537816" />
</allocation-stats>
<gc-op id="1365" type="scavenge" timems="95.746" contextid="1362" timestamp="2020-09-11T10:48:05.315">
  <scavenger-info tenureage="3" tenuremask="fff8" tiltratio="70" />
  <memory-copied type="nursery" objects="2920070" bytes="79528392" bytesdiscarded="166440" />
  <memory-copied type="tenure" objects="870609" bytes="24200488" bytesdiscarded="5688" />
  <finalization candidates="5" enqueued="4" />
  <ownableSynchronizers candidates="134906" cleared="93670" />
  <references type="soft" candidates="67270" cleared="0" enqueued="0" dynamicThreshold="9" maxThreshold="32" />
  <references type="weak" candidates="297" cleared="40" enqueued="0" />
</gc-op>
<gc-end id="1366" type="scavenge" contextid="1362" durationms="96.883" usertimems="650.537" systemtimems="3.030" timestamp="2020-09-11T10:48:05.316" activeThreads="8">
  <mem-info id="1367" free="840770960" total="2011496448" percent="41">
    <mem type="nursery" free="618481776" total="939524096" percent="65">
      <mem type="allocate" free="618481776" total="698286080" percent="88" />
      <mem type="survivor" free="0" total="241238016" percent="0" />
    </mem>
    <mem type="tenure" free="222289184" total="1071972352" percent="20" macro-fragmented="0">
      <mem type="soa" free="157970720" total="1007653888" percent="15" />
      <mem type="loa" free="64318464" total="64318464" percent="100" />
    </mem>
    <pending-finalizers system="4" default="0" reference="0" classloader="0" />
    <remembered-set count="26033" />
  </mem-info>
</gc-end>
<cycle-end id="1368" type="scavenge" contextid="1362" timestamp="2020-09-11T10:48:05.322" />
<allocation-satisfied id="1369" threadId="0000000000855600" bytesRequested="1848" />
<af-end id="1370" timestamp="2020-09-11T10:48:05.322" threadId="0000000000855F80" success="true" from="nursery"/>
<exclusive-end id="1371" timestamp="2020-09-11T10:48:05.322" durationms="104.886" />

<exclusive-start id="1372" timestamp="2020-09-11T10:48:07.817" intervalms="2599.886">
  <response-info timems="0.553" idlems="0.553" threads="0" lastid="0000000000808C00" lastname="Group1.Backend.CompositeBackend{Tier1}.3" />
</exclusive-start>
<af-start id="1373" threadId="0000000000809580" totalBytesRequested="400" timestamp="2020-09-11T10:48:07.818" intervalms="2599.589" type="nursery" />
<cycle-start id="1374" type="scavenge" contextid="0" timestamp="2020-09-11T10:48:07.818" intervalms="2599.592" />
<gc-start id="1375" type="scavenge" contextid="1374" timestamp="2020-09-11T10:48:07.818">
  <mem-info id="1376" free="222289184" total="2011496448" percent="11">
    <mem type="nursery" free="0" total="939524096" percent="0">
      <mem type="allocate" free="0" total="698286080" percent="0" />
      <mem type="survivor" free="0" total="241238016" percent="0" />
    </mem>
    <mem type="tenure" free="222289184" total="1071972352" percent="20">
      <mem type="soa" free="157970720" total="1007653888" percent="15" />
      <mem type="loa" free="64318464" total="64318464" percent="100" />
    </mem>
    <remembered-set count="141967" />
  </mem-info>
</gc-start>
<allocation-stats totalBytes="618102272" >
  <allocated-bytes non-tlh="16544208" tlh="601558064" />
  <largest-consumer threadName="Group1.Backend.CompositeBackend{Tier1}.6" threadId="000000000088A300" bytes="87546624" />
</allocation-stats>
<gc-op id="1377" type="scavenge" timems="108.519" contextid="1374" timestamp="2020-09-11T10:48:07.927">
  <scavenger-info tenureage="3" tenuremask="fff8" tiltratio="74" />
  <memory-copied type="nursery" objects="3016889" bytes="82367448" bytesdiscarded="138824" />
  <memory-copied type="tenure" objects="872948" bytes="23453736" bytesdiscarded="6904" />
  <finalization candidates="1" enqueued="0" />
  <ownableSynchronizers candidates="147138" cleared="102796" />
  <references type="soft" candidates="52250" cleared="0" enqueued="0" dynamicThreshold="9" maxThreshold="32" />
  <references type="weak" candidates="468" cleared="174" enqueued="144" />
</gc-op>
<gc-end id="1378" type="scavenge" contextid="1374" durationms="109.562" usertimems="724.321" systemtimems="10.609" timestamp="2020-09-11T10:48:07.928" activeThreads="8">
  <mem-info id="1379" free="843745128" total="2011496448" percent="41">
    <mem type="nursery" free="644821576" total="939524096" percent="68">
      <mem type="allocate" free="644821576" total="727449600" percent="88" />
      <mem type="survivor" free="0" total="212074496" percent="0" />
    </mem>
    <mem type="tenure" free="198923552" total="1071972352" percent="18" macro-fragmented="0">
      <mem type="soa" free="134605088" total="1007653888" percent="13" />
      <mem type="loa" free="64318464" total="64318464" percent="100" />
    </mem>
    <pending-finalizers system="0" default="0" reference="144" classloader="0" />
    <remembered-set count="24553" />
  </mem-info>
</gc-end>
<cycle-end id="1380" type="scavenge" contextid="1374" timestamp="2020-09-11T10:48:07.932" />
<allocation-satisfied id="1381" threadId="0000000000808C00" bytesRequested="400" />
<af-end id="1382" timestamp="2020-09-11T10:48:07.932" threadId="0000000000809580" success="true" from="nursery"/>
<exclusive-end id="1383" timestamp="2020-09-11T10:48:07.932" durationms="115.121" />

<exclusive-start id="1384" timestamp="2020-09-11T10:48:10.133" intervalms="2315.512">
  <response-info timems="0.947" idlems="0.947" threads="0" lastid="0000000000855600" lastname="Group1.Backend.CompositeBackend{Tier1}.5" />
</exclusive-start>
<af-start id="1385" threadId="0000000000855F80" totalBytesRequested="344" timestamp="2020-09-11T10:48:10.133" intervalms="2315.759" type="nursery" />
<cycle-start id="1386" type="scavenge" contextid="0" timestamp="2020-09-11T10:48:10.134" intervalms="2315.766" />
<gc-start id="1387" type="scavenge" contextid="1386" timestamp="2020-09-11T10:48:10.134">
  <mem-info id="1388" free="198923552" total="2011496448" percent="9">
    <mem type="nursery" free="0" total="939524096" percent="0">
      <mem type="allocate" free="0" total="727449600" percent="0" />
      <mem type="survivor" free="0" total="212074496" percent="0" />
    </mem>
    <mem type="tenure" free="198923552" total="1071972352" percent="18">
      <mem type="soa" free="134605088" total="1007653888" percent="13" />
      <mem type="loa" free="64318464" total="64318464" percent="100" />
    </mem>
    <remembered-set count="142436" />
  </mem-info>
</gc-start>
<allocation-stats totalBytes="644400656" >
  <allocated-bytes non-tlh="19515248" tlh="624885408" />
  <largest-consumer threadName="Group1.Backend.CompositeBackend{Tier1}.5" threadId="0000000000855600" bytes="93360592" />
</allocation-stats>
<gc-op id="1389" type="scavenge" timems="100.912" contextid="1386" timestamp="2020-09-11T10:48:10.235">
  <scavenger-info tenureage="3" tenuremask="fff8" tiltratio="77" />
  <memory-copied type="nursery" objects="3225333" bytes="88039712" bytesdiscarded="148528" />
  <memory-copied type="tenure" objects="816628" bytes="22026088" bytesdiscarded="6872" />
  <finalization candidates="1" enqueued="0" />
  <ownableSynchronizers candidates="152592" cleared="105798" />
  <references type="soft" candidates="46266" cleared="0" enqueued="0" dynamicThreshold="9" maxThreshold="32" />
  <references type="weak" candidates="320" cleared="25" enqueued="0" />
</gc-op>
<gc-end id="1390" type="scavenge" contextid="1386" durationms="101.908" usertimems="671.961" systemtimems="0.000" timestamp="2020-09-11T10:48:10.236" activeThreads="8">
  <mem-info id="1391" free="837272464" total="2011496448" percent="41">
    <mem type="nursery" free="660567152" total="939524096" percent="70">
      <mem type="allocate" free="660567152" total="748879872" percent="88" />
      <mem type="survivor" free="0" total="190644224" percent="0" />
    </mem>
    <mem type="tenure" free="176705312" total="1071972352" percent="16" macro-fragmented="0">
      <mem type="soa" free="112386848" total="1007653888" percent="11" />
      <mem type="loa" free="64318464" total="64318464" percent="100" />
    </mem>
    <remembered-set count="23552" />
  </mem-info>
</gc-end>
<cycle-end id="1392" type="scavenge" contextid="1386" timestamp="2020-09-11T10:48:10.239" />
<allocation-satisfied id="1393" threadId="0000000000855600" bytesRequested="344" />
<af-end id="1394" timestamp="2020-09-11T10:48:10.239" threadId="0000000000855F80" success="true" from="nursery"/>
<exclusive-end id="1395" timestamp="2020-09-11T10:48:10.239" durationms="106.577" />

<exclusive-start id="1396" timestamp="2020-09-11T10:48:12.289" intervalms="2156.348">
  <response-info timems="0.526" idlems="0.526" threads="0" lastid="0000000000855600" lastname="Group1.Backend.CompositeBackend{Tier1}.5" />
</exclusive-start>
<af-start id="1397" threadId="0000000000855F80" totalBytesRequested="16" timestamp="2020-09-11T10:48:12.291" intervalms="2157.125" type="nursery" />
<cycle-start id="1398" type="scavenge" contextid="0" timestamp="2020-09-11T10:48:12.291" intervalms="2157.205" />
<gc-start id="1399" type="scavenge" contextid="1398" timestamp="2020-09-11T10:48:12.292">
  <mem-info id="1400" free="176705312" total="2011496448" percent="8">
    <mem type="nursery" free="0" total="939524096" percent="0">
      <mem type="allocate" free="0" total="748879872" percent="0" />
      <mem type="survivor" free="0" total="190644224" percent="0" />
    </mem>
    <mem type="tenure" free="176705312" total="1071972352" percent="16">
      <mem type="soa" free="112386848" total="1007653888" percent="11" />
      <mem type="loa" free="64318464" total="64318464" percent="100" />
    </mem>
    <remembered-set count="140474" />
  </mem-info>
</gc-start>
<allocation-stats totalBytes="660162752" >
  <allocated-bytes non-tlh="24208152" tlh="635954600" />
  <largest-consumer threadName="Group1.Backend.CompositeBackend{Tier1}.6" threadId="000000000088A300" bytes="94632912" />
</allocation-stats>
<gc-op id="1401" type="scavenge" timems="95.158" contextid="1398" timestamp="2020-09-11T10:48:12.387">
  <scavenger-info tenureage="3" tenuremask="fff8" tiltratio="79" />
  <memory-copied type="nursery" objects="3334898" bytes="90334528" bytesdiscarded="135136" />
  <memory-copied type="tenure" objects="887877" bytes="24811224" bytesdiscarded="4984" />
  <finalization candidates="1" enqueued="0" />
  <ownableSynchronizers candidates="152948" cleared="103735" />
  <references type="soft" candidates="41617" cleared="0" enqueued="0" dynamicThreshold="9" maxThreshold="32" />
  <references type="weak" candidates="541" cleared="214" enqueued="174" />
</gc-op>
<gc-end id="1402" type="scavenge" contextid="1398" durationms="96.439" usertimems="670.018" systemtimems="5.230" timestamp="2020-09-11T10:48:12.388" activeThreads="8">
  <mem-info id="1403" free="827602624" total="2011496448" percent="41">
    <mem type="nursery" free="675647736" total="939524096" percent="71">
      <mem type="allocate" free="675647736" total="766246912" percent="88" />
      <mem type="survivor" free="0" total="173277184" percent="0" />
    </mem>
    <mem type="tenure" free="151954888" total="1071972352" percent="14" macro-fragmented="0">
      <mem type="soa" free="87636424" total="1007653888" percent="8" />
      <mem type="loa" free="64318464" total="64318464" percent="100" />
    </mem>
    <pending-finalizers system="0" default="0" reference="174" classloader="0" />
    <remembered-set count="26626" />
  </mem-info>
</gc-end>
<cycle-end id="1404" type="scavenge" contextid="1398" timestamp="2020-09-11T10:48:12.392" />
<allocation-satisfied id="1405" threadId="0000000000855600" bytesRequested="16" />
<af-end id="1406" timestamp="2020-09-11T10:48:12.392" threadId="0000000000855F80" success="true" from="nursery"/>
<exclusive-end id="1407" timestamp="2020-09-11T10:48:12.392" durationms="103.021" />

<exclusive-start id="1408" timestamp="2020-09-11T10:48:14.229" intervalms="1940.450">
  <response-info timems="0.502" idlems="0.502" threads="0" lastid="0000000000891B00" lastname="Group1.Backend.CompositeBackend{Tier1}.7" />
</exclusive-start>
<af-start id="1409" threadId="0000000000892480" totalBytesRequested="267048" timestamp="2020-09-11T10:48:14.230" intervalms="1939.456" type="nursery" />
<cycle-start id="1410" type="scavenge" contextid="0" timestamp="2020-09-11T10:48:14.230" intervalms="1939.362" />
<gc-start id="1411" type="scavenge" contextid="1410" timestamp="2020-09-11T10:48:14.231">
  <mem-info id="1412" free="151968032" total="2011496448" percent="7">
    <mem type="nursery" free="13144" total="939524096" percent="0">
      <mem type="allocate" free="13144" total="766246912" percent="0" />
      <mem type="survivor" free="0" total="173277184" percent="0" />
    </mem>
    <mem type="tenure" free="151954888" total="1071972352" percent="14">
      <mem type="soa" free="87636424" total="1007653888" percent="8" />
      <mem type="loa" free="64318464" total="64318464" percent="100" />
    </mem>
    <remembered-set count="145923" />
  </mem-info>
</gc-start>
<allocation-stats totalBytes="675217184" >
  <allocated-bytes non-tlh="26104176" tlh="649113008" />
  <largest-consumer threadName="Group1.Backend.CompositeBackend{Tier1}.3" threadId="0000000000808C00" bytes="128177208" />
</allocation-stats>
<gc-op id="1413" type="scavenge" timems="121.838" contextid="1410" timestamp="2020-09-11T10:48:14.353">
  <scavenger-info tenureage="3" tenuremask="fff8" tiltratio="81" />
  <memory-copied type="nursery" objects="3628555" bytes="98601592" bytesdiscarded="183536" />
  <memory-copied type="tenure" objects="960379" bytes="26132896" bytesdiscarded="5680" />
  <ownableSynchronizers candidates="156852" cleared="106128" />
  <references type="soft" candidates="38036" cleared="0" enqueued="0" dynamicThreshold="9" maxThreshold="32" />
  <references type="weak" candidates="353" cleared="50" enqueued="0" />
</gc-op>
<gc-end id="1414" type="scavenge" contextid="1410" durationms="123.244" usertimems="838.117" systemtimems="5.677" timestamp="2020-09-11T10:48:14.354" activeThreads="8">
  <mem-info id="1415" free="803484424" total="2011496448" percent="39">
    <mem type="nursery" free="678015584" total="939524096" percent="72">
      <mem type="allocate" free="678015584" total="776929280" percent="87" />
      <mem type="survivor" free="0" total="162594816" percent="0" />
    </mem>
    <mem type="tenure" free="125468840" total="1071972352" percent="11" macro-fragmented="0">
      <mem type="soa" free="61150376" total="1007653888" percent="6" />
      <mem type="loa" free="64318464" total="64318464" percent="100" />
    </mem>
    <remembered-set count="27224" />
  </mem-info>
</gc-end>
<cycle-end id="1416" type="scavenge" contextid="1410" timestamp="2020-09-11T10:48:14.356" />
<allocation-satisfied id="1417" threadId="0000000000891B00" bytesRequested="267048" />
<af-end id="1418" timestamp="2020-09-11T10:48:14.356" threadId="0000000000892480" success="true" from="nursery"/>
<exclusive-end id="1419" timestamp="2020-09-11T10:48:14.356" durationms="126.869" />

<exclusive-start id="1420" timestamp="2020-09-11T10:48:16.206" intervalms="1976.406">
  <response-info timems="0.532" idlems="0.532" threads="0" lastid="0000000000855600" lastname="Group1.Backend.CompositeBackend{Tier1}.5" />
</exclusive-start>
<af-start id="1421" threadId="0000000000855F80" totalBytesRequested="120" timestamp="2020-09-11T10:48:16.207" intervalms="1976.448" type="nursery" />
<cycle-start id="1422" type="scavenge" contextid="0" timestamp="2020-09-11T10:48:16.207" intervalms="1976.474" />
<gc-start id="1423" type="scavenge" contextid="1422" timestamp="2020-09-11T10:48:16.207">
  <mem-info id="1424" free="125468840" total="2011496448" percent="6">
    <mem type="nursery" free="0" total="939524096" percent="0">
      <mem type="allocate" free="0" total="776929280" percent="0" />
      <mem type="survivor" free="0" total="162594816" percent="0" />
    </mem>
    <mem type="tenure" free="125468840" total="1071972352" percent="11">
      <mem type="soa" free="61150376" total="1007653888" percent="6" />
      <mem type="loa" free="64318464" total="64318464" percent="100" />
    </mem>
    <remembered-set count="148261" />
  </mem-info>
</gc-start>
<allocation-stats totalBytes="677593296" >
  <allocated-bytes non-tlh="18992248" tlh="658601048" />
  <largest-consumer threadName="Group1.Backend.CompositeBackend{Tier1}.3" threadId="0000000000808C00" bytes="117423776" />
</allocation-stats>
<gc-op id="1425" type="scavenge" timems="134.735" contextid="1422" timestamp="2020-09-11T10:48:16.342">
  <scavenger-info tenureage="3" tenuremask="fff8" tiltratio="82" />
  <memory-copied type="nursery" objects="4046650" bytes="107504384" bytesdiscarded="251272" />
  <memory-copied type="tenure" objects="964701" bytes="26237400" bytesdiscarded="9472" />
  <ownableSynchronizers candidates="162881" cleared="111144" />
  <references type="soft" candidates="36144" cleared="0" enqueued="0" dynamicThreshold="9" maxThreshold="32" />
  <references type="weak" candidates="544" cleared="65" enqueued="35" />
</gc-op>
<gc-end id="1426" type="scavenge" contextid="1422" durationms="136.067" usertimems="1043.426" systemtimems="9.853" timestamp="2020-09-11T10:48:16.343" activeThreads="8">
  <mem-info id="1427" free="774902960" total="2011496448" percent="38">
    <mem type="nursery" free="675526672" total="939524096" percent="71">
      <mem type="allocate" free="675526672" total="783417344" percent="86" />
      <mem type="survivor" free="0" total="156106752" percent="0" />
    </mem>
    <mem type="tenure" free="99376288" total="1071972352" percent="9" macro-fragmented="0">
      <mem type="soa" free="35057824" total="1007653888" percent="3" />
      <mem type="loa" free="64318464" total="64318464" percent="100" />
    </mem>
    <pending-finalizers system="0" default="0" reference="35" classloader="0" />
    <remembered-set count="25358" />
  </mem-info>
</gc-end>
<cycle-end id="1428" type="scavenge" contextid="1422" timestamp="2020-09-11T10:48:16.346" />
<allocation-satisfied id="1429" threadId="0000000000855600" bytesRequested="120" />
<af-end id="1430" timestamp="2020-09-11T10:48:16.346" threadId="0000000000855F80" success="true" from="nursery"/>
<exclusive-end id="1431" timestamp="2020-09-11T10:48:16.346" durationms="140.322" />

<exclusive-start id="1432" timestamp="2020-09-11T10:48:18.005" intervalms="1799.612">
  <response-info timems="0.441" idlems="0.441" threads="0" lastid="0000000000855600" lastname="Group1.Backend.CompositeBackend{Tier1}.5" />
</exclusive-start>
<af-start id="1433" threadId="0000000000855F80" totalBytesRequested="24" timestamp="2020-09-11T10:48:18.006" intervalms="1799.727" type="nursery" />
<cycle-start id="1434" type="scavenge" contextid="0" timestamp="2020-09-11T10:48:18.006" intervalms="1799.697" />
<gc-start id="1435" type="scavenge" contextid="1434" timestamp="2020-09-11T10:48:18.007">
  <mem-info id="1436" free="99376288" total="2011496448" percent="4">
    <mem type="nursery" free="0" total="939524096" percent="0">
      <mem type="allocate" free="0" total="783417344" percent="0" />
      <mem type="survivor" free="0" total="156106752" percent="0" />
    </mem>
    <mem type="tenure" free="99376288" total="1071972352" percent="9">
      <mem type="soa" free="35057824" total="1007653888" percent="3" />
      <mem type="loa" free="64318464" total="64318464" percent="100" />
    </mem>
    <remembered-set count="144507" />
  </mem-info>
</gc-start>
<allocation-stats totalBytes="675117704" >
  <allocated-bytes non-tlh="27102728" tlh="648014976" />
  <largest-consumer threadName="Group1.Backend.CompositeBackend{Tier1}.3" threadId="0000000000808C00" bytes="126724016" />
</allocation-stats>
<gc-op id="1437" type="scavenge" timems="90.412" contextid="1434" timestamp="2020-09-11T10:48:18.098">
  <scavenger-info tenureage="3" tenuremask="fff8" tiltratio="83" />
  <memory-copied type="nursery" objects="3418443" bytes="93957176" bytesdiscarded="266968" />
  <memory-copied type="tenure" objects="956395" bytes="26116584" bytesdiscarded="8800" />
  <ownableSynchronizers candidates="159010" cleared="107069" />
  <references type="soft" candidates="35004" cleared="0" enqueued="0" dynamicThreshold="9" maxThreshold="32" />
  <references type="weak" candidates="348" cleared="40" enqueued="0" />
</gc-op>
<gc-end id="1438" type="scavenge" contextid="1434" durationms="91.398" usertimems="607.181" systemtimems="0.000" timestamp="2020-09-11T10:48:18.098" activeThreads="8">
  <mem-info id="1439" free="769262840" total="2011496448" percent="38">
    <mem type="nursery" free="696139616" total="939524096" percent="74">
      <mem type="allocate" free="696139616" total="790495232" percent="88" />
      <mem type="survivor" free="0" total="149028864" percent="0" />
    </mem>
    <mem type="tenure" free="73123224" total="1071972352" percent="6" macro-fragmented="0">
      <mem type="soa" free="8804760" total="1007653888" percent="0" />
      <mem type="loa" free="64318464" total="64318464" percent="100" />
    </mem>
    <remembered-set count="23957" />
  </mem-info>
</gc-end>
<cycle-end id="1440" type="scavenge" contextid="1434" timestamp="2020-09-11T10:48:18.102" />
<allocation-satisfied id="1441" threadId="0000000000855600" bytesRequested="24" />
<af-end id="1442" timestamp="2020-09-11T10:48:18.102" threadId="0000000000855F80" success="true" from="nursery"/>
<exclusive-end id="1443" timestamp="2020-09-11T10:48:18.102" durationms="96.627" />

<exclusive-start id="1444" timestamp="2020-09-11T10:48:19.800" intervalms="1794.756">
  <response-info timems="1.002" idlems="1.002" threads="0" lastid="000000000077F200" lastname="Group1.Backend.CompositeBackend{Tier1}.2" />
</exclusive-start>
<af-start id="1445" threadId="000000000077FB80" totalBytesRequested="3176" timestamp="2020-09-11T10:48:19.801" intervalms="1794.597" type="nursery" />
<cycle-start id="1446" type="scavenge" contextid="0" timestamp="2020-09-11T10:48:19.801" intervalms="1794.607" />
<gc-start id="1447" type="scavenge" contextid="1446" timestamp="2020-09-11T10:48:19.802">
  <mem-info id="1448" free="73123224" total="2011496448" percent="3">
    <mem type="nursery" free="0" total="939524096" percent="0">
      <mem type="allocate" free="0" total="790495232" percent="0" />
      <mem type="survivor" free="0" total="149028864" percent="0" />
    </mem>
    <mem type="tenure" free="73123224" total="1071972352" percent="6">
      <mem type="soa" free="8804760" total="1007653888" percent="0" />
      <mem type="loa" free="64318464" total="64318464" percent="100" />
    </mem>
    <remembered-set count="148532" />
  </mem-info>
</gc-start>
<allocation-stats totalBytes="695699344" >
  <allocated-bytes non-tlh="18566048" tlh="677133296" />
  <largest-consumer threadName="Group1.Backend.CompositeBackend{Tier1}.6" threadId="000000000088A300" bytes="103244320" />
</allocation-stats>
<gc-op id="1449" type="scavenge" timems="112.737" contextid="1446" timestamp="2020-09-11T10:48:19.915">
  <scavenger-info tenureage="3" tenuremask="7ff8" tiltratio="84" />
  <memory-copied type="nursery" objects="3466533" bytes="94136000" bytesdiscarded="173576" />
  <memory-copied type="tenure" objects="995120" bytes="28409152" bytesdiscarded="7568" />
  <ownableSynchronizers candidates="168779" cleared="115451" />
  <references type="soft" candidates="34794" cleared="0" enqueued="0" dynamicThreshold="9" maxThreshold="32" />
  <references type="weak" candidates="562" cleared="240" enqueued="220" />
  <heap-resize type="expand" space="tenure" amount="20971520" count="20" timems="6.954" reason="continue current collection" />
</gc-op>
<gc-end id="1450" type="scavenge" contextid="1446" durationms="113.661" usertimems="814.540" systemtimems="0.000" timestamp="2020-09-11T10:48:19.915" activeThreads="8">
  <mem-info id="1451" free="770513720" total="2032467968" percent="37">
    <mem type="nursery" free="704762424" total="939524096" percent="75">
      <mem type="allocate" free="704762424" total="799211520" percent="88" />
      <mem type="survivor" free="0" total="140312576" percent="0" />
    </mem>
    <mem type="tenure" free="65751296" total="1092943872" percent="6" macro-fragmented="19260884">
      <mem type="soa" free="174336" total="1027366912" percent="0" />
      <mem type="loa" free="65576960" total="65576960" percent="100" />
    </mem>
    <pending-finalizers system="0" default="0" reference="220" classloader="0" />
    <remembered-set count="26417" />
  </mem-info>
</gc-end>
<cycle-end id="1452" type="scavenge" contextid="1446" timestamp="2020-09-11T10:48:19.918" />
<allocation-satisfied id="1453" threadId="000000000077F200" bytesRequested="3176" />
<af-end id="1454" timestamp="2020-09-11T10:48:19.918" threadId="000000000077FB80" success="true" from="nursery"/>
<exclusive-end id="1455" timestamp="2020-09-11T10:48:19.918" durationms="118.198" />

<exclusive-start id="1456" timestamp="2020-09-11T10:48:21.464" intervalms="1663.643">
  <response-info timems="2.911" idlems="1.902" threads="2" lastid="000000000087AB00" lastname="Group1.TxInjector.CompositeTxInjector.I.driver.probe.8" />
</exclusive-start>
<af-start id="1457" threadId="0000000000855F80" totalBytesRequested="3176" timestamp="2020-09-11T10:48:21.464" intervalms="1663.641" type="nursery" />
<cycle-start id="1458" type="scavenge" contextid="0" timestamp="2020-09-11T10:48:21.465" intervalms="1663.633" />
<gc-start id="1459" type="scavenge" contextid="1458" timestamp="2020-09-11T10:48:21.465">
  <mem-info id="1460" free="65751296" total="2032467968" percent="3">
    <mem type="nursery" free="0" total="939524096" percent="0">
      <mem type="allocate" free="0" total="799211520" percent="0" />
      <mem type="survivor" free="0" total="140312576" percent="0" />
    </mem>
    <mem type="tenure" free="65751296" total="1092943872" percent="6">
      <mem type="soa" free="174336" total="1027366912" percent="0" />
      <mem type="loa" free="65576960" total="65576960" percent="100" />
    </mem>
    <remembered-set count="151119" />
  </mem-info>
</gc-start>
<allocation-stats totalBytes="704349768" >
  <allocated-bytes non-tlh="23816440" tlh="680533328" />
  <largest-consumer threadName="Group1.Backend.CompositeBackend{Tier1}.4" threadId="0000000000854B00" bytes="109308456" />
</allocation-stats>
<gc-op id="1461" type="scavenge" timems="97.738" contextid="1458" timestamp="2020-09-11T10:48:21.563">
  <scavenger-info tenureage="3" tenuremask="7ff8" tiltratio="85" />
  <memory-copied type="nursery" objects="3435804" bytes="93232664" bytesdiscarded="246544" />
  <memory-copied type="tenure" objects="1014471" bytes="27610560" bytesdiscarded="8336" />
  <ownableSynchronizers candidates="167612" cleared="113404" />
  <references type="soft" candidates="34016" cleared="0" enqueued="0" dynamicThreshold="9" maxThreshold="32" />
  <references type="weak" candidates="352" cleared="30" enqueued="0" />
  <heap-resize type="expand" space="tenure" amount="29360128" count="28" timems="8.853" reason="continue current collection" />
</gc-op>
<gc-end id="1462" type="scavenge" contextid="1458" durationms="98.805" usertimems="691.639" systemtimems="6.315" timestamp="2020-09-11T10:48:21.564" activeThreads="8">
  <mem-info id="1463" free="779880520" total="2061828096" percent="37">
    <mem type="nursery" free="712542280" total="939524096" percent="75">
      <mem type="allocate" free="712542280" total="806158336" percent="88" />
      <mem type="survivor" free="0" total="133365760" percent="0" />
    </mem>
    <mem type="tenure" free="67338240" total="1122304000" percent="6" macro-fragmented="348889">
      <mem type="soa" free="0" total="1054965760" percent="0" />
      <mem type="loa" free="67338240" total="67338240" percent="100" />
    </mem>
    <remembered-set count="27512" />
  </mem-info>
</gc-end>
<cycle-end id="1464" type="scavenge" contextid="1458" timestamp="2020-09-11T10:48:21.566" />
<allocation-satisfied id="1465" threadId="0000000000855600" bytesRequested="3176" />
<af-end id="1466" timestamp="2020-09-11T10:48:21.566" threadId="0000000000855F80" success="true" from="nursery"/>
<exclusive-end id="1467" timestamp="2020-09-11T10:48:21.566" durationms="102.561" />

<exclusive-start id="1468" timestamp="2020-09-11T10:48:23.127" intervalms="1663.273">
  <response-info timems="8.512" idlems="8.512" threads="0" lastid="0000000000855600" lastname="Group1.Backend.CompositeBackend{Tier1}.5" />
</exclusive-start>
<af-start id="1469" threadId="0000000000855F80" totalBytesRequested="16" timestamp="2020-09-11T10:48:23.128" intervalms="1663.528" type="nursery" />
<cycle-start id="1470" type="scavenge" contextid="0" timestamp="2020-09-11T10:48:23.128" intervalms="1663.556" />
<gc-start id="1471" type="scavenge" contextid="1470" timestamp="2020-09-11T10:48:23.129">
  <mem-info id="1472" free="67338240" total="2061828096" percent="3">
    <mem type="nursery" free="0" total="939524096" percent="0">
      <mem type="allocate" free="0" total="806158336" percent="0" />
      <mem type="survivor" free="0" total="133365760" percent="0" />
    </mem>
    <mem type="tenure" free="67338240" total="1122304000" percent="6">
      <mem type="soa" free="0" total="1054965760" percent="0" />
      <mem type="loa" free="67338240" total="67338240" percent="100" />
    </mem>
    <remembered-set count="153042" />
  </mem-info>
</gc-start>
<allocation-stats totalBytes="712110512" >
  <allocated-bytes non-tlh="22354416" tlh="689756096" />
  <largest-consumer threadName="Group1.Backend.CompositeBackend{Tier1}.4" threadId="0000000000854B00" bytes="105838344" />
</allocation-stats>
<gc-op id="1473" type="scavenge" timems="105.455" contextid="1470" timestamp="2020-09-11T10:48:23.234">
  <scavenger-info tenureage="3" tenuremask="7ff8" tiltratio="85" />
  <memory-copied type="nursery" objects="3580119" bytes="96860440" bytesdiscarded="177184" />
  <memory-copied type="tenure" objects="957455" bytes="26017576" bytesdiscarded="7496" />
  <ownableSynchronizers candidates="169772" cleared="115104" />
  <references type="soft" candidates="34117" cleared="0" enqueued="0" dynamicThreshold="9" maxThreshold="32" />
  <references type="weak" candidates="299" cleared="25" enqueued="0" />
  <heap-resize type="expand" space="tenure" amount="28311552" count="27" timems="7.616" reason="continue current collection" />
</gc-op>
<gc-end id="1474" type="scavenge" contextid="1470" durationms="106.540" usertimems="764.890" systemtimems="6.053" timestamp="2020-09-11T10:48:23.235" activeThreads="8">
  <mem-info id="1475" free="782850608" total="2090139648" percent="37">
    <mem type="nursery" free="713175344" total="939524096" percent="75">
      <mem type="allocate" free="713175344" total="810352640" percent="88" />
      <mem type="survivor" free="0" total="129171456" percent="0" />
    </mem>
    <mem type="tenure" free="69675264" total="1150615552" percent="6" macro-fragmented="0">
      <mem type="soa" free="638208" total="1081578496" percent="0" />
      <mem type="loa" free="69037056" total="69037056" percent="100" />
    </mem>
    <remembered-set count="28730" />
  </mem-info>
</gc-end>
<cycle-end id="1476" type="scavenge" contextid="1470" timestamp="2020-09-11T10:48:23.238" />
<allocation-satisfied id="1477" threadId="0000000000855600" bytesRequested="16" />
<af-end id="1478" timestamp="2020-09-11T10:48:23.238" threadId="0000000000855F80" success="true" from="nursery"/>
<exclusive-end id="1479" timestamp="2020-09-11T10:48:23.238" durationms="111.056" />

<exclusive-start id="1480" timestamp="2020-09-11T10:48:24.789" intervalms="1662.052">
  <response-info timems="0.432" idlems="0.220" threads="1" lastid="000000000077FE00" lastname="Group1.Backend.CompositeBackend{Tier1}.1" />
</exclusive-start>
<af-start id="1481" threadId="000000000077FB80" totalBytesRequested="32" timestamp="2020-09-11T10:48:24.790" intervalms="1661.978" type="nursery" />
<cycle-start id="1482" type="scavenge" contextid="0" timestamp="2020-09-11T10:48:24.790" intervalms="1662.001" />
<gc-start id="1483" type="scavenge" contextid="1482" timestamp="2020-09-11T10:48:24.791">
  <mem-info id="1484" free="69675264" total="2090139648" percent="3">
    <mem type="nursery" free="0" total="939524096" percent="0">
      <mem type="allocate" free="0" total="810352640" percent="0" />
      <mem type="survivor" free="0" total="129171456" percent="0" />
    </mem>
    <mem type="tenure" free="69675264" total="1150615552" percent="6">
      <mem type="soa" free="638208" total="1081578496" percent="0" />
      <mem type="loa" free="69037056" total="69037056" percent="100" />
    </mem>
    <remembered-set count="152018" />
  </mem-info>
</gc-start>
<allocation-stats totalBytes="712770216" >
  <allocated-bytes non-tlh="30996968" tlh="681773248" />
  <largest-consumer threadName="Group1.Backend.CompositeBackend{Tier1}.7" threadId="0000000000891B00" bytes="116646624" />
</allocation-stats>
<gc-op id="1485" type="scavenge" timems="113.914" contextid="1482" timestamp="2020-09-11T10:48:24.905">
  <scavenger-info tenureage="3" tenuremask="7ff8" tiltratio="86" />
  <memory-copied type="nursery" objects="3706065" bytes="100993528" bytesdiscarded="190456" />
  <memory-copied type="tenure" objects="1046825" bytes="28659832" bytesdiscarded="7144" />
  <ownableSynchronizers candidates="165407" cleared="110336" />
  <references type="soft" candidates="33068" cleared="0" enqueued="0" dynamicThreshold="9" maxThreshold="32" />
  <references type="weak" candidates="64" cleared="40" enqueued="0" />
  <heap-resize type="expand" space="tenure" amount="30408704" count="29" timems="10.243" reason="continue current collection" />
</gc-op>
<gc-end id="1486" type="scavenge" contextid="1482" durationms="114.865" usertimems="819.628" systemtimems="1.078" timestamp="2020-09-11T10:48:24.906" activeThreads="8">
  <mem-info id="1487" free="789647024" total="2120548352" percent="37">
    <mem type="nursery" free="718142416" total="939524096" percent="76">
      <mem type="allocate" free="718142416" total="819462144" percent="87" />
      <mem type="survivor" free="0" total="120061952" percent="0" />
    </mem>
    <mem type="tenure" free="71504608" total="1181024256" percent="6" macro-fragmented="0">
      <mem type="soa" free="642784" total="1110162432" percent="0" />
      <mem type="loa" free="70861824" total="70861824" percent="100" />
    </mem>
    <remembered-set count="30212" />
  </mem-info>
</gc-end>
<cycle-end id="1488" type="scavenge" contextid="1482" timestamp="2020-09-11T10:48:24.908" />
<allocation-satisfied id="1489" threadId="000000000077F200" bytesRequested="32" />
<af-end id="1490" timestamp="2020-09-11T10:48:24.908" threadId="000000000077FB80" success="true" from="nursery"/>
<exclusive-end id="1491" timestamp="2020-09-11T10:48:24.908" durationms="119.151" />

<exclusive-start id="1492" timestamp="2020-09-11T10:48:26.545" intervalms="1755.421">
  <response-info timems="0.344" idlems="0.344" threads="0" lastid="000000000077F200" lastname="Group1.Backend.CompositeBackend{Tier1}.2" />
</exclusive-start>
<af-start id="1493" threadId="000000000077FB80" totalBytesRequested="16" timestamp="2020-09-11T10:48:26.545" intervalms="1755.275" type="nursery" />
<cycle-start id="1494" type="scavenge" contextid="0" timestamp="2020-09-11T10:48:26.545" intervalms="1755.244" />
<gc-start id="1495" type="scavenge" contextid="1494" timestamp="2020-09-11T10:48:26.546">
  <mem-info id="1496" free="71504608" total="2120548352" percent="3">
    <mem type="nursery" free="0" total="939524096" percent="0">
      <mem type="allocate" free="0" total="819462144" percent="0" />
      <mem type="survivor" free="0" total="120061952" percent="0" />
    </mem>
    <mem type="tenure" free="71504608" total="1181024256" percent="6">
      <mem type="soa" free="642784" total="1110162432" percent="0" />
      <mem type="loa" free="70861824" total="70861824" percent="100" />
    </mem>
    <remembered-set count="159041" />
  </mem-info>
</gc-start>
<allocation-stats totalBytes="717716672" >
  <allocated-bytes non-tlh="20083712" tlh="697632960" />
  <largest-consumer threadName="Group1.Backend.CompositeBackend{Tier1}.7" threadId="0000000000891B00" bytes="109289168" />
</allocation-stats>
<gc-op id="1497" type="scavenge" timems="146.825" contextid="1494" timestamp="2020-09-11T10:48:26.693">
  <scavenger-info tenureage="3" tenuremask="7ff8" tiltratio="87" />
  <memory-copied type="nursery" objects="4182880" bytes="112874944" bytesdiscarded="210456" />
  <memory-copied type="tenure" objects="1014632" bytes="27477808" bytesdiscarded="9096" />
  <ownableSynchronizers candidates="174126" cleared="118651" />
  <references type="soft" candidates="33243" cleared="0" enqueued="0" dynamicThreshold="9" maxThreshold="32" />
  <references type="weak" candidates="295" cleared="25" enqueued="0" />
  <heap-resize type="expand" space="tenure" amount="29360128" count="28" timems="10.663" reason="continue current collection" />
</gc-op>
<gc-end id="1498" type="scavenge" contextid="1494" durationms="147.803" usertimems="1037.655" systemtimems="12.296" timestamp="2020-09-11T10:48:26.694" activeThreads="8">
  <mem-info id="1499" free="763724424" total="2149908480" percent="35">
    <mem type="nursery" free="690503816" total="939524096" percent="73">
      <mem type="allocate" free="690503816" total="803733504" percent="85" />
      <mem type="survivor" free="0" total="135790592" percent="0" />
    </mem>
    <mem type="tenure" free="73220608" total="1210384384" percent="6" macro-fragmented="19260884">
      <mem type="soa" free="597504" total="1137761280" percent="0" />
      <mem type="loa" free="72623104" total="72623104" percent="100" />
    </mem>
    <remembered-set count="31360" />
  </mem-info>
</gc-end>
<cycle-end id="1500" type="scavenge" contextid="1494" timestamp="2020-09-11T10:48:26.697" />
<allocation-satisfied id="1501" threadId="000000000077F200" bytesRequested="16" />
<af-end id="1502" timestamp="2020-09-11T10:48:26.697" threadId="000000000077FB80" success="true" from="nursery"/>
<exclusive-end id="1503" timestamp="2020-09-11T10:48:26.697" durationms="152.040" />

<exclusive-start id="1504" timestamp="2020-09-11T10:48:28.063" intervalms="1518.219">
  <response-info timems="1.069" idlems="1.069" threads="0" lastid="000000000089D400" lastname="Group1.Backend.CompositeBackend{Tier1}.8" />
</exclusive-start>
<af-start id="1505" threadId="000000000089DD80" totalBytesRequested="520" timestamp="2020-09-11T10:48:28.064" intervalms="1518.464" type="nursery" />
<cycle-start id="1506" type="scavenge" contextid="0" timestamp="2020-09-11T10:48:28.064" intervalms="1518.471" />
<gc-start id="1507" type="scavenge" contextid="1506" timestamp="2020-09-11T10:48:28.065">
  <mem-info id="1508" free="73220552" total="2149908480" percent="3">
    <mem type="nursery" free="0" total="939524096" percent="0">
      <mem type="allocate" free="0" total="803733504" percent="0" />
      <mem type="survivor" free="0" total="135790592" percent="0" />
    </mem>
    <mem type="tenure" free="73220552" total="1210384384" percent="6">
      <mem type="soa" free="597448" total="1137761280" percent="0" />
      <mem type="loa" free="72623104" total="72623104" percent="100" />
    </mem>
    <remembered-set count="155531" />
  </mem-info>
</gc-start>
<allocation-stats totalBytes="690080960" >
  <allocated-bytes non-tlh="21120824" tlh="668960136" />
  <largest-consumer threadName="Group1.Backend.CompositeBackend{Tier1}.7" threadId="0000000000891B00" bytes="102898536" />
</allocation-stats>
<gc-op id="1509" type="scavenge" timems="121.200" contextid="1506" timestamp="2020-09-11T10:48:28.186">
  <scavenger-info tenureage="3" tenuremask="7ff8" tiltratio="85" />
  <memory-copied type="nursery" objects="3812828" bytes="106919568" bytesdiscarded="181256" />
  <memory-copied type="tenure" objects="1026915" bytes="27764176" bytesdiscarded="6864" />
  <ownableSynchronizers candidates="166118" cleared="110962" />
  <references type="soft" candidates="32499" cleared="0" enqueued="0" dynamicThreshold="9" maxThreshold="32" />
  <references type="weak" candidates="331" cleared="45" enqueued="0" />
  <heap-resize type="expand" space="tenure" amount="29360128" count="28" timems="10.567" reason="continue current collection" />
</gc-op>
<gc-end id="1510" type="scavenge" contextid="1506" durationms="122.352" usertimems="859.109" systemtimems="29.965" timestamp="2020-09-11T10:48:28.187" activeThreads="8">
  <mem-info id="1511" free="773226864" total="2179268608" percent="35">
    <mem type="nursery" free="698328688" total="939524096" percent="74">
      <mem type="allocate" free="698328688" total="805568512" percent="86" />
      <mem type="survivor" free="0" total="133955584" percent="0" />
    </mem>
    <mem type="tenure" free="74898176" total="1239744512" percent="6" macro-fragmented="0">
      <mem type="soa" free="512768" total="1165359104" percent="0" />
      <mem type="loa" free="74385408" total="74385408" percent="100" />
    </mem>
    <remembered-set count="28134" />
  </mem-info>
</gc-end>
<cycle-end id="1512" type="scavenge" contextid="1506" timestamp="2020-09-11T10:48:28.187" />
<allocation-satisfied id="1513" threadId="000000000089D400" bytesRequested="520" />
<af-end id="1514" timestamp="2020-09-11T10:48:28.187" threadId="000000000089DD80" success="true" from="nursery"/>
<exclusive-end id="1515" timestamp="2020-09-11T10:48:28.187" durationms="124.691" />

<exclusive-start id="1516" timestamp="2020-09-11T10:48:29.678" intervalms="1615.562">
  <response-info timems="1.134" idlems="1.134" threads="0" lastid="000000000088A300" lastname="Group1.Backend.CompositeBackend{Tier1}.6" />
</exclusive-start>
<af-start id="1517" threadId="000000000088AC80" totalBytesRequested="16" timestamp="2020-09-11T10:48:29.679" intervalms="1615.709" type="nursery" />
<cycle-start id="1518" type="scavenge" contextid="0" timestamp="2020-09-11T10:48:29.680" intervalms="1615.730" />
<gc-start id="1519" type="scavenge" contextid="1518" timestamp="2020-09-11T10:48:29.680">
  <mem-info id="1520" free="74898176" total="2179268608" percent="3">
    <mem type="nursery" free="0" total="939524096" percent="0">
      <mem type="allocate" free="0" total="805568512" percent="0" />
      <mem type="survivor" free="0" total="133955584" percent="0" />
    </mem>
    <mem type="tenure" free="74898176" total="1239744512" percent="6">
      <mem type="soa" free="512768" total="1165359104" percent="0" />
      <mem type="loa" free="74385408" total="74385408" percent="100" />
    </mem>
    <remembered-set count="158142" />
  </mem-info>
</gc-start>
<allocation-stats totalBytes="697919664" >
  <allocated-bytes non-tlh="23778336" tlh="674141328" />
  <largest-consumer threadName="Group1.Backend.CompositeBackend{Tier1}.4" threadId="0000000000854B00" bytes="102393088" />
</allocation-stats>
<gc-op id="1521" type="scavenge" timems="124.091" contextid="1518" timestamp="2020-09-11T10:48:29.805">
  <scavenger-info tenureage="3" tenuremask="7ff8" tiltratio="85" />
  <memory-copied type="nursery" objects="3651053" bytes="101606592" bytesdiscarded="248736" />
  <memory-copied type="tenure" objects="1014906" bytes="29427704" bytesdiscarded="8672" />
  <ownableSynchronizers candidates="153580" cleared="100221" />
  <references type="soft" candidates="31424" cleared="0" enqueued="0" dynamicThreshold="9" maxThreshold="32" />
  <references type="weak" candidates="321" cleared="35" enqueued="0" />
  <heap-resize type="expand" space="tenure" amount="31457280" count="30" timems="10.179" reason="continue current collection" />
</gc-op>
<gc-end id="1522" type="scavenge" contextid="1518" durationms="125.447" usertimems="860.562" systemtimems="14.965" timestamp="2020-09-11T10:48:29.806" activeThreads="8">
  <mem-info id="1523" free="783325824" total="2210725888" percent="35">
    <mem type="nursery" free="706392704" total="939524096" percent="75">
      <mem type="allocate" free="706392704" total="808386560" percent="87" />
      <mem type="survivor" free="0" total="131137536" percent="0" />
    </mem>
    <mem type="tenure" free="76933120" total="1271201792" percent="6" macro-fragmented="0">
      <mem type="soa" free="660480" total="1194929152" percent="0" />
      <mem type="loa" free="76272640" total="76272640" percent="100" />
    </mem>
    <remembered-set count="25175" />
  </mem-info>
</gc-end>
<cycle-end id="1524" type="scavenge" contextid="1518" timestamp="2020-09-11T10:48:29.808" />
<allocation-satisfied id="1525" threadId="000000000088A300" bytesRequested="16" />
<af-end id="1526" timestamp="2020-09-11T10:48:29.808" threadId="000000000088AC80" success="true" from="nursery"/>
<exclusive-end id="1527" timestamp="2020-09-11T10:48:29.808" durationms="129.324" />

<exclusive-start id="1528" timestamp="2020-09-11T10:48:31.307" intervalms="1628.697">
  <response-info timems="0.601" idlems="0.356" threads="3" lastid="000000000077F200" lastname="Group1.Backend.CompositeBackend{Tier1}.2" />
</exclusive-start>
<af-start id="1529" threadId="000000000088AC80" totalBytesRequested="112" timestamp="2020-09-11T10:48:31.308" intervalms="1628.393" type="nursery" />
<cycle-start id="1530" type="scavenge" contextid="0" timestamp="2020-09-11T10:48:31.308" intervalms="1628.342" />
<gc-start id="1531" type="scavenge" contextid="1530" timestamp="2020-09-11T10:48:31.309">
  <mem-info id="1532" free="76932968" total="2210725888" percent="3">
    <mem type="nursery" free="0" total="939524096" percent="0">
      <mem type="allocate" free="0" total="808386560" percent="0" />
      <mem type="survivor" free="0" total="131137536" percent="0" />
    </mem>
    <mem type="tenure" free="76932968" total="1271201792" percent="6">
      <mem type="soa" free="660328" total="1194929152" percent="0" />
      <mem type="loa" free="76272640" total="76272640" percent="100" />
    </mem>
    <remembered-set count="156230" />
  </mem-info>
</gc-start>
<allocation-stats totalBytes="706000200" >
  <allocated-bytes non-tlh="31512864" tlh="674487336" />
  <largest-consumer threadName="Group1.Backend.CompositeBackend{Tier1}.3" threadId="0000000000808C00" bytes="120519008" />
</allocation-stats>
<gc-op id="1533" type="scavenge" timems="120.970" contextid="1530" timestamp="2020-09-11T10:48:31.430">
  <scavenger-info tenureage="3" tenuremask="7ff8" tiltratio="86" />
  <memory-copied type="nursery" objects="3698874" bytes="102260328" bytesdiscarded="148352" />
  <memory-copied type="tenure" objects="1054957" bytes="29122744" bytesdiscarded="7824" />
  <ownableSynchronizers candidates="143021" cleared="91905" />
  <references type="soft" candidates="28742" cleared="0" enqueued="0" dynamicThreshold="9" maxThreshold="32" />
  <references type="weak" candidates="357" cleared="55" enqueued="0" />
  <heap-resize type="expand" space="tenure" amount="30408704" count="29" timems="9.574" reason="continue current collection" />
</gc-op>
<gc-end id="1534" type="scavenge" contextid="1530" durationms="121.917" usertimems="798.930" systemtimems="22.473" timestamp="2020-09-11T10:48:31.430" activeThreads="8">
  <mem-info id="1535" free="787294104" total="2241134592" percent="35">
    <mem type="nursery" free="709054104" total="939524096" percent="75">
      <mem type="allocate" free="709054104" total="811597824" percent="87" />
      <mem type="survivor" free="0" total="127926272" percent="0" />
    </mem>
    <mem type="tenure" free="78240000" total="1301610496" percent="6" macro-fragmented="27735676">
      <mem type="soa" free="142592" total="1223513088" percent="0" />
      <mem type="loa" free="78097408" total="78097408" percent="100" />
    </mem>
    <remembered-set count="21816" />
  </mem-info>
</gc-end>
<cycle-end id="1536" type="scavenge" contextid="1530" timestamp="2020-09-11T10:48:31.432" />
<allocation-satisfied id="1537" threadId="000000000088A300" bytesRequested="112" />
<af-end id="1538" timestamp="2020-09-11T10:48:31.432" threadId="000000000088AC80" success="true" from="nursery"/>
<exclusive-end id="1539" timestamp="2020-09-11T10:48:31.432" durationms="125.274" />

<exclusive-start id="1540" timestamp="2020-09-11T10:48:33.081" intervalms="1773.711">
  <response-info timems="0.924" idlems="0.924" threads="0" lastid="0000000000891B00" lastname="Group1.Backend.CompositeBackend{Tier1}.7" />
</exclusive-start>
<af-start id="1541" threadId="0000000000892480" totalBytesRequested="32" timestamp="2020-09-11T10:48:33.081" intervalms="1773.619" type="nursery" />
<cycle-start id="1542" type="scavenge" contextid="0" timestamp="2020-09-11T10:48:33.082" intervalms="1773.633" />
<gc-start id="1543" type="scavenge" contextid="1542" timestamp="2020-09-11T10:48:33.082">
  <mem-info id="1544" free="78239664" total="2241134592" percent="3">
    <mem type="nursery" free="0" total="939524096" percent="0">
      <mem type="allocate" free="0" total="811597824" percent="0" />
      <mem type="survivor" free="0" total="127926272" percent="0" />
    </mem>
    <mem type="tenure" free="78239664" total="1301610496" percent="6">
      <mem type="soa" free="142256" total="1223513088" percent="0" />
      <mem type="loa" free="78097408" total="78097408" percent="100" />
    </mem>
    <remembered-set count="160370" />
  </mem-info>
</gc-start>
<allocation-stats totalBytes="708654920" >
  <allocated-bytes non-tlh="24018824" tlh="684636096" />
  <largest-consumer threadName="Group1.Backend.CompositeBackend{Tier1}.2" threadId="000000000077F200" bytes="93345808" />
</allocation-stats>
<gc-op id="1545" type="scavenge" timems="118.409" contextid="1542" timestamp="2020-09-11T10:48:33.201">
  <scavenger-info tenureage="3" tenuremask="7ff8" tiltratio="86" />
  <memory-copied type="nursery" objects="4212978" bytes="111853912" bytesdiscarded="125072" />
  <memory-copied type="tenure" objects="1063281" bytes="31308936" bytesdiscarded="9832" />
  <finalization candidates="5" enqueued="0" />
  <ownableSynchronizers candidates="134860" cleared="87516" />
  <references type="soft" candidates="26518" cleared="0" enqueued="0" dynamicThreshold="9" maxThreshold="32" />
  <references type="weak" candidates="465" cleared="87" enqueued="0" />
  <heap-resize type="expand" space="tenure" amount="33554432" count="32" timems="9.273" reason="continue current collection" />
</gc-op>
<gc-end id="1546" type="scavenge" contextid="1542" durationms="119.436" usertimems="861.703" systemtimems="0.000" timestamp="2020-09-11T10:48:33.201" activeThreads="8">
  <mem-info id="1547" free="773335656" total="2274689024" percent="33">
    <mem type="nursery" free="692998760" total="939524096" percent="73">
      <mem type="allocate" free="692998760" total="805109760" percent="86" />
      <mem type="survivor" free="0" total="134414336" percent="0" />
    </mem>
    <mem type="tenure" free="80336896" total="1335164928" percent="6" macro-fragmented="0">
      <mem type="soa" free="226304" total="1255054336" percent="0" />
      <mem type="loa" free="80110592" total="80110592" percent="100" />
    </mem>
    <remembered-set count="27383" />
  </mem-info>
</gc-end>
<cycle-end id="1548" type="scavenge" contextid="1542" timestamp="2020-09-11T10:48:33.204" />
<allocation-satisfied id="1549" threadId="0000000000891B00" bytesRequested="32" />
<af-end id="1550" timestamp="2020-09-11T10:48:33.204" threadId="0000000000892480" success="true" from="nursery"/>
<exclusive-end id="1551" timestamp="2020-09-11T10:48:33.204" durationms="123.177" />

<exclusive-start id="1552" timestamp="2020-09-11T10:48:34.765" intervalms="1683.875">
  <response-info timems="1.124" idlems="1.024" threads="1" lastid="0000000000891B00" lastname="Group1.Backend.CompositeBackend{Tier1}.7" />
</exclusive-start>
<af-start id="1553" threadId="000000000089DD80" totalBytesRequested="784" timestamp="2020-09-11T10:48:34.765" intervalms="1683.831" type="nursery" />
<cycle-start id="1554" type="scavenge" contextid="0" timestamp="2020-09-11T10:48:34.765" intervalms="1683.822" />
<gc-start id="1555" type="scavenge" contextid="1554" timestamp="2020-09-11T10:48:34.766">
  <mem-info id="1556" free="80335992" total="2274689024" percent="3">
    <mem type="nursery" free="0" total="939524096" percent="0">
      <mem type="allocate" free="0" total="805109760" percent="0" />
      <mem type="survivor" free="0" total="134414336" percent="0" />
    </mem>
    <mem type="tenure" free="80335992" total="1335164928" percent="6">
      <mem type="soa" free="225400" total="1255054336" percent="0" />
      <mem type="loa" free="80110592" total="80110592" percent="100" />
    </mem>
    <remembered-set count="168842" />
  </mem-info>
</gc-start>
<allocation-stats totalBytes="692613944" >
  <allocated-bytes non-tlh="28408304" tlh="664205640" />
  <largest-consumer threadName="Group1.Backend.CompositeBackend{Tier1}.1" threadId="000000000077FE00" bytes="103548536" />
</allocation-stats>
<gc-op id="1557" type="scavenge" timems="118.564" contextid="1554" timestamp="2020-09-11T10:48:34.885">
  <scavenger-info tenureage="3" tenuremask="7ff8" tiltratio="85" />
  <memory-copied type="nursery" objects="3749279" bytes="101503432" bytesdiscarded="215992" />
  <memory-copied type="tenure" objects="1028474" bytes="27774344" bytesdiscarded="9784" />
  <finalization candidates="5" enqueued="0" />
  <ownableSynchronizers candidates="119658" cleared="76478" />
  <references type="soft" candidates="24193" cleared="0" enqueued="0" dynamicThreshold="9" maxThreshold="32" />
  <references type="weak" candidates="484" cleared="79" enqueued="0" />
  <heap-resize type="expand" space="tenure" amount="29360128" count="28" timems="10.651" reason="continue current collection" />
</gc-op>
<gc-end id="1558" type="scavenge" contextid="1554" durationms="119.579" usertimems="820.437" systemtimems="21.914" timestamp="2020-09-11T10:48:34.886" activeThreads="8">
  <mem-info id="1559" free="787189688" total="2304049152" percent="34">
    <mem type="nursery" free="705098936" total="939524096" percent="75">
      <mem type="allocate" free="705098936" total="806944768" percent="87" />
      <mem type="survivor" free="0" total="132579328" percent="0" />
    </mem>
    <mem type="tenure" free="82090752" total="1364525056" percent="6" macro-fragmented="0">
      <mem type="soa" free="218880" total="1282653184" percent="0" />
      <mem type="loa" free="81871872" total="81871872" percent="100" />
    </mem>
    <remembered-set count="29106" />
  </mem-info>
</gc-end>
<cycle-end id="1560" type="scavenge" contextid="1554" timestamp="2020-09-11T10:48:34.889" />
<allocation-satisfied id="1561" threadId="000000000089D400" bytesRequested="784" />
<af-end id="1562" timestamp="2020-09-11T10:48:34.889" threadId="000000000089DD80" success="true" from="nursery"/>
<exclusive-end id="1563" timestamp="2020-09-11T10:48:34.889" durationms="124.416" />

<exclusive-start id="1564" timestamp="2020-09-11T10:48:36.674" intervalms="1909.808">
  <response-info timems="0.295" idlems="0.295" threads="0" lastid="000000000077F200" lastname="Group1.Backend.CompositeBackend{Tier1}.2" />
</exclusive-start>
<af-start id="1565" threadId="000000000077FB80" totalBytesRequested="8200" timestamp="2020-09-11T10:48:36.675" intervalms="1910.105" type="nursery" />
<cycle-start id="1566" type="scavenge" contextid="0" timestamp="2020-09-11T10:48:36.676" intervalms="1910.232" />
<gc-start id="1567" type="scavenge" contextid="1566" timestamp="2020-09-11T10:48:36.677">
  <mem-info id="1568" free="82089888" total="2304049152" percent="3">
    <mem type="nursery" free="0" total="939524096" percent="0">
      <mem type="allocate" free="0" total="806944768" percent="0" />
      <mem type="survivor" free="0" total="132579328" percent="0" />
    </mem>
    <mem type="tenure" free="82089888" total="1364525056" percent="6">
      <mem type="soa" free="218016" total="1282653184" percent="0" />
      <mem type="loa" free="81871872" total="81871872" percent="100" />
    </mem>
    <remembered-set count="174474" />
  </mem-info>
</gc-start>
<allocation-stats totalBytes="704709664" >
  <allocated-bytes non-tlh="30518944" tlh="674190720" />
  <largest-consumer threadName="Group1.Backend.CompositeBackend{Tier1}.4" threadId="0000000000854B00" bytes="97942072" />
</allocation-stats>
<gc-op id="1569" type="scavenge" timems="124.962" contextid="1566" timestamp="2020-09-11T10:48:36.802">
  <scavenger-info tenureage="3" tenuremask="7ff8" tiltratio="85" />
  <memory-copied type="nursery" objects="4247646" bytes="113098304" bytesdiscarded="143880" />
  <memory-copied type="tenure" objects="1015251" bytes="27617616" bytesdiscarded="7664" />
  <finalization candidates="5" enqueued="0" />
  <ownableSynchronizers candidates="107868" cleared="68541" />
  <references type="soft" candidates="21977" cleared="0" enqueued="0" dynamicThreshold="9" maxThreshold="32" />
  <references type="weak" candidates="253" cleared="109" enqueued="0" />
  <heap-resize type="expand" space="tenure" amount="29360128" count="28" timems="10.890" reason="continue current collection" />
</gc-op>
<gc-end id="1570" type="scavenge" contextid="1566" durationms="126.532" usertimems="936.932" systemtimems="14.989" timestamp="2020-09-11T10:48:36.803" activeThreads="8">
  <mem-info id="1571" free="771509992" total="2333409280" percent="33">
    <mem type="nursery" free="687876840" total="939524096" percent="73">
      <mem type="allocate" free="687876840" total="801243136" percent="85" />
      <mem type="survivor" free="0" total="138280960" percent="0" />
    </mem>
    <mem type="tenure" free="83633152" total="1393885184" percent="6" macro-fragmented="0">
      <mem type="soa" free="0" total="1310252032" percent="0" />
      <mem type="loa" free="83633152" total="83633152" percent="100" />
    </mem>
    <remembered-set count="30347" />
  </mem-info>
</gc-end>
<cycle-end id="1572" type="scavenge" contextid="1566" timestamp="2020-09-11T10:48:36.806" />
<allocation-satisfied id="1573" threadId="000000000077F200" bytesRequested="8200" />
<af-end id="1574" timestamp="2020-09-11T10:48:36.806" threadId="000000000077FB80" success="true" from="nursery"/>
<exclusive-end id="1575" timestamp="2020-09-11T10:48:36.806" durationms="131.152" />

<exclusive-start id="1576" timestamp="2020-09-11T10:48:38.419" intervalms="1744.117">
  <response-info timems="0.632" idlems="0.632" threads="0" lastid="0000000000891B00" lastname="Group1.Backend.CompositeBackend{Tier1}.7" />
</exclusive-start>
<af-start id="1577" threadId="0000000000892480" totalBytesRequested="213136" timestamp="2020-09-11T10:48:38.419" intervalms="1743.855" type="nursery" />
<cycle-start id="1578" type="scavenge" contextid="0" timestamp="2020-09-11T10:48:38.419" intervalms="1743.728" />
<gc-start id="1579" type="scavenge" contextid="1578" timestamp="2020-09-11T10:48:38.420">
  <mem-info id="1580" free="83633152" total="2333409280" percent="3">
    <mem type="nursery" free="0" total="939524096" percent="0">
      <mem type="allocate" free="0" total="801243136" percent="0" />
      <mem type="survivor" free="0" total="138280960" percent="0" />
    </mem>
    <mem type="tenure" free="83633152" total="1393885184" percent="6">
      <mem type="soa" free="0" total="1310252032" percent="0" />
      <mem type="loa" free="83633152" total="83633152" percent="100" />
    </mem>
    <remembered-set count="173374" />
  </mem-info>
</gc-start>
<allocation-stats totalBytes="687484560" >
  <allocated-bytes non-tlh="33699176" tlh="653785384" />
  <largest-consumer threadName="Group1.Backend.CompositeBackend{Tier1}.5" threadId="0000000000855600" bytes="96635080" />
</allocation-stats>
<gc-op id="1581" type="scavenge" timems="124.471" contextid="1578" timestamp="2020-09-11T10:48:38.545">
  <scavenger-info tenureage="3" tenuremask="7ff8" tiltratio="85" />
  <memory-copied type="nursery" objects="3896437" bytes="104898584" bytesdiscarded="102776" />
  <memory-copied type="tenure" objects="1076313" bytes="29331640" bytesdiscarded="9224" />
  <finalization candidates="6" enqueued="0" />
  <ownableSynchronizers candidates="99691" cleared="63772" />
  <references type="soft" candidates="19686" cleared="0" enqueued="0" dynamicThreshold="9" maxThreshold="32" />
  <references type="weak" candidates="179" cleared="118" enqueued="0" />
  <heap-resize type="expand" space="tenure" amount="31457280" count="30" timems="10.684" reason="continue current collection" />
</gc-op>
<gc-end id="1582" type="scavenge" contextid="1578" durationms="125.696" usertimems="909.418" systemtimems="29.499" timestamp="2020-09-11T10:48:38.546" activeThreads="8">
  <mem-info id="1583" free="784121832" total="2364866560" percent="33">
    <mem type="nursery" free="698419696" total="939524096" percent="74">
      <mem type="allocate" free="698419696" total="803536896" percent="86" />
      <mem type="survivor" free="0" total="135987200" percent="0" />
    </mem>
    <mem type="tenure" free="85702136" total="1425342464" percent="6" macro-fragmented="0">
      <mem type="soa" free="180728" total="1339821056" percent="0" />
      <mem type="loa" free="85521408" total="85521408" percent="100" />
    </mem>
    <remembered-set count="31208" />
  </mem-info>
</gc-end>
<cycle-end id="1584" type="scavenge" contextid="1578" timestamp="2020-09-11T10:48:38.548" />
<allocation-satisfied id="1585" threadId="0000000000891B00" bytesRequested="213136" />
<af-end id="1586" timestamp="2020-09-11T10:48:38.548" threadId="0000000000892480" success="true" from="nursery"/>
<exclusive-end id="1587" timestamp="2020-09-11T10:48:38.548" durationms="129.336" />

<exclusive-start id="1588" timestamp="2020-09-11T10:48:40.400" intervalms="1981.017">
  <response-info timems="0.323" idlems="0.323" threads="0" lastid="000000000077FE00" lastname="Group1.Backend.CompositeBackend{Tier1}.1" />
</exclusive-start>
<af-start id="1589" threadId="0000000000780780" totalBytesRequested="56" timestamp="2020-09-11T10:48:40.400" intervalms="1980.988" type="nursery" />
<cycle-start id="1590" type="scavenge" contextid="0" timestamp="2020-09-11T10:48:40.400" intervalms="1980.974" />
<gc-start id="1591" type="scavenge" contextid="1590" timestamp="2020-09-11T10:48:40.401">
  <mem-info id="1592" free="85702136" total="2364866560" percent="3">
    <mem type="nursery" free="0" total="939524096" percent="0">
      <mem type="allocate" free="0" total="803536896" percent="0" />
      <mem type="survivor" free="0" total="135987200" percent="0" />
    </mem>
    <mem type="tenure" free="85702136" total="1425342464" percent="6">
      <mem type="soa" free="180728" total="1339821056" percent="0" />
      <mem type="loa" free="85521408" total="85521408" percent="100" />
    </mem>
    <remembered-set count="182931" />
  </mem-info>
</gc-start>
<allocation-stats totalBytes="698032184" >
  <allocated-bytes non-tlh="26431648" tlh="671600536" />
  <largest-consumer threadName="Group1.Backend.CompositeBackend{Tier1}.1" threadId="000000000077FE00" bytes="103651088" />
</allocation-stats>
<gc-op id="1593" type="scavenge" timems="118.078" contextid="1590" timestamp="2020-09-11T10:48:40.519">
  <scavenger-info tenureage="3" tenuremask="7ff8" tiltratio="85" />
  <memory-copied type="nursery" objects="4193721" bytes="111753720" bytesdiscarded="146648" />
  <memory-copied type="tenure" objects="1053980" bytes="28513008" bytesdiscarded="8616" />
  <finalization candidates="3" enqueued="0" />
  <ownableSynchronizers candidates="97238" cleared="64152" />
  <references type="soft" candidates="18489" cleared="0" enqueued="0" dynamicThreshold="9" maxThreshold="32" />
  <references type="weak" candidates="157" cleared="105" enqueued="0" />
  <heap-resize type="expand" space="tenure" amount="30408704" count="29" timems="10.951" reason="continue current collection" />
</gc-op>
<gc-end id="1594" type="scavenge" contextid="1590" durationms="119.301" usertimems="911.447" systemtimems="0.968" timestamp="2020-09-11T10:48:40.520" activeThreads="8">
  <mem-info id="1595" free="781507304" total="2395275264" percent="32">
    <mem type="nursery" free="694007784" total="939524096" percent="73">
      <mem type="allocate" free="694007784" total="806027264" percent="86" />
      <mem type="survivor" free="0" total="133496832" percent="0" />
    </mem>
    <mem type="tenure" free="87499520" total="1455751168" percent="6" macro-fragmented="0">
      <mem type="soa" free="154368" total="1368406016" percent="0" />
      <mem type="loa" free="87345152" total="87345152" percent="100" />
    </mem>
    <remembered-set count="32564" />
  </mem-info>
</gc-end>
<cycle-end id="1596" type="scavenge" contextid="1590" timestamp="2020-09-11T10:48:40.523" />
<allocation-satisfied id="1597" threadId="000000000077FE00" bytesRequested="56" />
<af-end id="1598" timestamp="2020-09-11T10:48:40.523" threadId="0000000000780780" success="true" from="nursery"/>
<exclusive-end id="1599" timestamp="2020-09-11T10:48:40.523" durationms="123.587" />

<exclusive-start id="1600" timestamp="2020-09-11T10:48:42.279" intervalms="1879.418">
  <response-info timems="0.380" idlems="0.380" threads="0" lastid="000000000077FE00" lastname="Group1.Backend.CompositeBackend{Tier1}.1" />
</exclusive-start>
<af-start id="1601" threadId="0000000000780780" totalBytesRequested="56" timestamp="2020-09-11T10:48:42.280" intervalms="1879.409" type="nursery" />
<cycle-start id="1602" type="scavenge" contextid="0" timestamp="2020-09-11T10:48:42.280" intervalms="1879.441" />
<gc-start id="1603" type="scavenge" contextid="1602" timestamp="2020-09-11T10:48:42.282">
  <mem-info id="1604" free="87499520" total="2395275264" percent="3">
    <mem type="nursery" free="0" total="939524096" percent="0">
      <mem type="allocate" free="0" total="806027264" percent="0" />
      <mem type="survivor" free="0" total="133496832" percent="0" />
    </mem>
    <mem type="tenure" free="87499520" total="1455751168" percent="6">
      <mem type="soa" free="154368" total="1368406016" percent="0" />
      <mem type="loa" free="87345152" total="87345152" percent="100" />
    </mem>
    <remembered-set count="182369" />
  </mem-info>
</gc-start>
<allocation-stats totalBytes="693658416" >
  <allocated-bytes non-tlh="29603216" tlh="664055200" />
  <largest-consumer threadName="Group1.Backend.CompositeBackend{Tier1}.1" threadId="000000000077FE00" bytes="139391744" />
</allocation-stats>
<gc-op id="1605" type="scavenge" timems="175.831" contextid="1602" timestamp="2020-09-11T10:48:42.458">
  <scavenger-info tenureage="3" tenuremask="7ff8" tiltratio="85" />
  <memory-copied type="nursery" objects="4590263" bytes="120830960" bytesdiscarded="151920" />
  <memory-copied type="tenure" objects="1083408" bytes="29275832" bytesdiscarded="11480" />
  <finalization candidates="3" enqueued="0" />
  <ownableSynchronizers candidates="85624" cleared="55110" />
  <references type="soft" candidates="17200" cleared="0" enqueued="0" dynamicThreshold="9" maxThreshold="32" />
  <references type="weak" candidates="164" cleared="115" enqueued="0" />
  <heap-resize type="expand" space="tenure" amount="31457280" count="30" timems="15.204" reason="continue current collection" />
</gc-op>
<gc-end id="1606" type="scavenge" contextid="1602" durationms="177.073" usertimems="1195.692" systemtimems="27.595" timestamp="2020-09-11T10:48:42.459" activeThreads="8">
  <mem-info id="1607" free="765086504" total="2426732544" percent="31">
    <mem type="nursery" free="675295784" total="939524096" percent="71">
      <mem type="allocate" free="675295784" total="796393472" percent="84" />
      <mem type="survivor" free="0" total="143130624" percent="0" />
    </mem>
    <mem type="tenure" free="89790720" total="1487208448" percent="6" macro-fragmented="0">
      <mem type="soa" free="557312" total="1397975040" percent="0" />
      <mem type="loa" free="89233408" total="89233408" percent="100" />
    </mem>
    <remembered-set count="32763" />
  </mem-info>
</gc-end>
<cycle-end id="1608" type="scavenge" contextid="1602" timestamp="2020-09-11T10:48:42.462" />
<allocation-satisfied id="1609" threadId="000000000077FE00" bytesRequested="56" />
<af-end id="1610" timestamp="2020-09-11T10:48:42.462" threadId="0000000000780780" success="true" from="nursery"/>
<exclusive-end id="1611" timestamp="2020-09-11T10:48:42.462" durationms="182.853" />

<exclusive-start id="1612" timestamp="2020-09-11T10:48:44.241" intervalms="1962.413">
  <response-info timems="0.485" idlems="0.485" threads="0" lastid="000000000089D400" lastname="Group1.Backend.CompositeBackend{Tier1}.8" />
</exclusive-start>
<af-start id="1613" threadId="000000000089DD80" totalBytesRequested="16" timestamp="2020-09-11T10:48:44.242" intervalms="1962.557" type="nursery" />
<cycle-start id="1614" type="scavenge" contextid="0" timestamp="2020-09-11T10:48:44.242" intervalms="1962.547" />
<gc-start id="1615" type="scavenge" contextid="1614" timestamp="2020-09-11T10:48:44.243">
  <mem-info id="1616" free="89790720" total="2426732544" percent="3">
    <mem type="nursery" free="0" total="939524096" percent="0">
      <mem type="allocate" free="0" total="796393472" percent="0" />
      <mem type="survivor" free="0" total="143130624" percent="0" />
    </mem>
    <mem type="tenure" free="89790720" total="1487208448" percent="6">
      <mem type="soa" free="557312" total="1397975040" percent="0" />
      <mem type="loa" free="89233408" total="89233408" percent="100" />
    </mem>
    <remembered-set count="187363" />
  </mem-info>
</gc-start>
<allocation-stats totalBytes="674933112" >
  <allocated-bytes non-tlh="26177136" tlh="648755976" />
  <largest-consumer threadName="Group1.Backend.CompositeBackend{Tier1}.1" threadId="000000000077FE00" bytes="113803264" />
</allocation-stats>
<gc-op id="1617" type="scavenge" timems="119.271" contextid="1614" timestamp="2020-09-11T10:48:44.363">
  <scavenger-info tenureage="3" tenuremask="7ff8" tiltratio="84" />
  <memory-copied type="nursery" objects="4235075" bytes="113021056" bytesdiscarded="154056" />
  <memory-copied type="tenure" objects="1036925" bytes="27997360" bytesdiscarded="9592" />
  <finalization candidates="4" enqueued="0" />
  <ownableSynchronizers candidates="77270" cleared="49121" />
  <references type="soft" candidates="15825" cleared="0" enqueued="0" dynamicThreshold="9" maxThreshold="32" />
  <references type="weak" candidates="159" cleared="119" enqueued="0" />
  <heap-resize type="expand" space="tenure" amount="29360128" count="28" timems="9.107" reason="continue current collection" />
</gc-op>
<gc-end id="1618" type="scavenge" contextid="1614" durationms="120.286" usertimems="892.664" systemtimems="12.669" timestamp="2020-09-11T10:48:44.363" activeThreads="8">
  <mem-info id="1619" free="775719904" total="2456092672" percent="31">
    <mem type="nursery" free="684676320" total="939524096" percent="72">
      <mem type="allocate" free="684676320" total="797966336" percent="85" />
      <mem type="survivor" free="0" total="141557760" percent="0" />
    </mem>
    <mem type="tenure" free="91043584" total="1516568576" percent="6" macro-fragmented="0">
      <mem type="soa" free="48896" total="1425573888" percent="0" />
      <mem type="loa" free="90994688" total="90994688" percent="100" />
    </mem>
    <remembered-set count="33254" />
  </mem-info>
</gc-end>
<cycle-end id="1620" type="scavenge" contextid="1614" timestamp="2020-09-11T10:48:44.366" />
<allocation-satisfied id="1621" threadId="000000000089D400" bytesRequested="16" />
<af-end id="1622" timestamp="2020-09-11T10:48:44.366" threadId="000000000089DD80" success="true" from="nursery"/>
<exclusive-end id="1623" timestamp="2020-09-11T10:48:44.366" durationms="124.535" />

<exclusive-start id="1624" timestamp="2020-09-11T10:48:46.166" intervalms="1925.064">
  <response-info timems="0.730" idlems="0.452" threads="1" lastid="000000000089D400" lastname="Group1.Backend.CompositeBackend{Tier1}.8" />
</exclusive-start>
<af-start id="1625" threadId="0000000000809580" totalBytesRequested="96" timestamp="2020-09-11T10:48:46.167" intervalms="1924.897" type="nursery" />
<cycle-start id="1626" type="scavenge" contextid="0" timestamp="2020-09-11T10:48:46.167" intervalms="1924.897" />
<gc-start id="1627" type="scavenge" contextid="1626" timestamp="2020-09-11T10:48:46.168">
  <mem-info id="1628" free="91043584" total="2456092672" percent="3">
    <mem type="nursery" free="0" total="939524096" percent="0">
      <mem type="allocate" free="0" total="797966336" percent="0" />
      <mem type="survivor" free="0" total="141557760" percent="0" />
    </mem>
    <mem type="tenure" free="91043584" total="1516568576" percent="6">
      <mem type="soa" free="48896" total="1425573888" percent="0" />
      <mem type="loa" free="90994688" total="90994688" percent="100" />
    </mem>
    <remembered-set count="184362" />
  </mem-info>
</gc-start>
<allocation-stats totalBytes="684327432" >
  <allocated-bytes non-tlh="34550192" tlh="649777240" />
  <largest-consumer threadName="Group1.Backend.CompositeBackend{Tier1}.7" threadId="0000000000891B00" bytes="102013280" />
</allocation-stats>
<gc-op id="1629" type="scavenge" timems="99.070" contextid="1626" timestamp="2020-09-11T10:48:46.267">
  <scavenger-info tenureage="3" tenuremask="7ff8" tiltratio="84" />
  <memory-copied type="nursery" objects="4256754" bytes="113472728" bytesdiscarded="144344" />
  <memory-copied type="tenure" objects="1131954" bytes="30582168" bytesdiscarded="10360" />
  <finalization candidates="3" enqueued="0" />
  <ownableSynchronizers candidates="68749" cleared="43114" />
  <references type="soft" candidates="13838" cleared="0" enqueued="0" dynamicThreshold="9" maxThreshold="32" />
  <references type="weak" candidates="140" cleared="110" enqueued="0" />
  <heap-resize type="expand" space="tenure" amount="32505856" count="31" timems="8.580" reason="continue current collection" />
</gc-op>
<gc-end id="1630" type="scavenge" contextid="1626" durationms="100.002" usertimems="772.164" systemtimems="2.491" timestamp="2020-09-11T10:48:46.268" activeThreads="8">
  <mem-info id="1631" free="780125448" total="2488598528" percent="31">
    <mem type="nursery" free="686994440" total="939524096" percent="73">
      <mem type="allocate" free="686994440" total="800718848" percent="85" />
      <mem type="survivor" free="0" total="138805248" percent="0" />
    </mem>
    <mem type="tenure" free="93131008" total="1549074432" percent="6" macro-fragmented="0">
      <mem type="soa" free="185600" total="1456129024" percent="0" />
      <mem type="loa" free="92945408" total="92945408" percent="100" />
    </mem>
    <remembered-set count="32227" />
  </mem-info>
</gc-end>
<cycle-end id="1632" type="scavenge" contextid="1626" timestamp="2020-09-11T10:48:46.270" />
<allocation-satisfied id="1633" threadId="0000000000808C00" bytesRequested="96" />
<af-end id="1634" timestamp="2020-09-11T10:48:46.270" threadId="0000000000809580" success="true" from="nursery"/>
<exclusive-end id="1635" timestamp="2020-09-11T10:48:46.270" durationms="103.697" />

<exclusive-start id="1636" timestamp="2020-09-11T10:48:48.119" intervalms="1952.525">
  <response-info timems="0.381" idlems="0.381" threads="0" lastid="000000000088A300" lastname="Group1.Backend.CompositeBackend{Tier1}.6" />
</exclusive-start>
<af-start id="1637" threadId="000000000088AC80" totalBytesRequested="267056" timestamp="2020-09-11T10:48:48.120" intervalms="1952.584" type="nursery" />
<cycle-start id="1638" type="scavenge" contextid="0" timestamp="2020-09-11T10:48:48.120" intervalms="1952.583" />
<gc-start id="1639" type="scavenge" contextid="1638" timestamp="2020-09-11T10:48:48.121">
  <mem-info id="1640" free="93130312" total="2488598528" percent="3">
    <mem type="nursery" free="0" total="939524096" percent="0">
      <mem type="allocate" free="0" total="800718848" percent="0" />
      <mem type="survivor" free="0" total="138805248" percent="0" />
    </mem>
    <mem type="tenure" free="93130312" total="1549074432" percent="6">
      <mem type="soa" free="184904" total="1456129024" percent="0" />
      <mem type="loa" free="92945408" total="92945408" percent="100" />
    </mem>
    <remembered-set count="187584" />
  </mem-info>
</gc-start>
<allocation-stats totalBytes="686627928" >
  <allocated-bytes non-tlh="27956920" tlh="658671008" />
  <largest-consumer threadName="Group1.Backend.CompositeBackend{Tier1}.3" threadId="0000000000808C00" bytes="110334616" />
</allocation-stats>
<gc-op id="1641" type="scavenge" timems="119.473" contextid="1638" timestamp="2020-09-11T10:48:48.240">
  <scavenger-info tenureage="3" tenuremask="7ff8" tiltratio="85" />
  <memory-copied type="nursery" objects="4446683" bytes="118394800" bytesdiscarded="179688" />
  <memory-copied type="tenure" objects="1070224" bytes="28913936" bytesdiscarded="9568" />
  <finalization candidates="3" enqueued="0" />
  <ownableSynchronizers candidates="64369" cleared="41481" />
  <references type="soft" candidates="12578" cleared="0" enqueued="0" dynamicThreshold="9" maxThreshold="32" />
  <references type="weak" candidates="141" cleared="125" enqueued="0" />
  <heap-resize type="expand" space="tenure" amount="31457280" count="30" timems="9.576" reason="continue current collection" />
</gc-op>
<gc-end id="1642" type="scavenge" contextid="1638" durationms="120.487" usertimems="902.059" systemtimems="11.636" timestamp="2020-09-11T10:48:48.241" activeThreads="8">
  <mem-info id="1643" free="778076584" total="2520055808" percent="30">
    <mem type="nursery" free="682560680" total="939524096" percent="72">
      <mem type="allocate" free="682560680" total="801243136" percent="85" />
      <mem type="survivor" free="0" total="138280960" percent="0" />
    </mem>
    <mem type="tenure" free="95515904" total="1580531712" percent="6" macro-fragmented="0">
      <mem type="soa" free="683264" total="1485699072" percent="0" />
      <mem type="loa" free="94832640" total="94832640" percent="100" />
    </mem>
    <remembered-set count="31903" />
  </mem-info>
</gc-end>
<cycle-end id="1644" type="scavenge" contextid="1638" timestamp="2020-09-11T10:48:48.244" />
<allocation-satisfied id="1645" threadId="000000000088A300" bytesRequested="267056" />
<af-end id="1646" timestamp="2020-09-11T10:48:48.244" threadId="000000000088AC80" success="true" from="nursery"/>
<exclusive-end id="1647" timestamp="2020-09-11T10:48:48.244" durationms="125.424" />

<exclusive-start id="1648" timestamp="2020-09-11T10:48:50.133" intervalms="2014.063">
  <response-info timems="0.419" idlems="0.419" threads="0" lastid="000000000089D400" lastname="Group1.Backend.CompositeBackend{Tier1}.8" />
</exclusive-start>
<af-start id="1649" threadId="000000000089DD80" totalBytesRequested="96" timestamp="2020-09-11T10:48:50.134" intervalms="2014.203" type="nursery" />
<cycle-start id="1650" type="scavenge" contextid="0" timestamp="2020-09-11T10:48:50.134" intervalms="2014.517" />
<gc-start id="1651" type="scavenge" contextid="1650" timestamp="2020-09-11T10:48:50.136">
  <mem-info id="1652" free="95515904" total="2520055808" percent="3">
    <mem type="nursery" free="0" total="939524096" percent="0">
      <mem type="allocate" free="0" total="801243136" percent="0" />
      <mem type="survivor" free="0" total="138280960" percent="0" />
    </mem>
    <mem type="tenure" free="95515904" total="1580531712" percent="6">
      <mem type="soa" free="683264" total="1485699072" percent="0" />
      <mem type="loa" free="94832640" total="94832640" percent="100" />
    </mem>
    <remembered-set count="187083" />
  </mem-info>
</gc-start>
<allocation-stats totalBytes="682191720" >
  <allocated-bytes non-tlh="31697056" tlh="650494664" />
  <largest-consumer threadName="Group1.Backend.CompositeBackend{Tier1}.6" threadId="000000000088A300" bytes="98683280" />
</allocation-stats>
<gc-op id="1653" type="scavenge" timems="140.703" contextid="1650" timestamp="2020-09-11T10:48:50.277">
  <scavenger-info tenureage="3" tenuremask="7ff8" tiltratio="85" />
  <memory-copied type="nursery" objects="4476790" bytes="119204704" bytesdiscarded="248288" />
  <memory-copied type="tenure" objects="1111238" bytes="29942568" bytesdiscarded="9896" />
  <finalization candidates="4" enqueued="0" />
  <ownableSynchronizers candidates="57925" cleared="37208" />
  <references type="soft" candidates="11431" cleared="0" enqueued="0" dynamicThreshold="9" maxThreshold="32" />
  <references type="weak" candidates="126" cleared="110" enqueued="0" />
  <heap-resize type="expand" space="tenure" amount="31457280" count="30" timems="8.781" reason="continue current collection" />
</gc-op>
<gc-end id="1654" type="scavenge" contextid="1650" durationms="142.046" usertimems="1001.894" systemtimems="3.549" timestamp="2020-09-11T10:48:50.278" activeThreads="8">
  <mem-info id="1655" free="781767712" total="2551513088" percent="30">
    <mem type="nursery" free="684765984" total="939524096" percent="72">
      <mem type="allocate" free="684765984" total="804323328" percent="85" />
      <mem type="survivor" free="0" total="135200768" percent="0" />
    </mem>
    <mem type="tenure" free="97001728" total="1611988992" percent="6" macro-fragmented="0">
      <mem type="soa" free="281856" total="1515269120" percent="0" />
      <mem type="loa" free="96719872" total="96719872" percent="100" />
    </mem>
    <remembered-set count="30791" />
  </mem-info>
</gc-end>
<cycle-end id="1656" type="scavenge" contextid="1650" timestamp="2020-09-11T10:48:50.280" />
<allocation-satisfied id="1657" threadId="000000000089D400" bytesRequested="96" />
<af-end id="1658" timestamp="2020-09-11T10:48:50.280" threadId="000000000089DD80" success="true" from="nursery"/>
<exclusive-end id="1659" timestamp="2020-09-11T10:48:50.280" durationms="146.927" />

<exclusive-start id="1660" timestamp="2020-09-11T10:48:52.161" intervalms="2027.884">
  <response-info timems="0.442" idlems="0.442" threads="0" lastid="0000000000855600" lastname="Group1.Backend.CompositeBackend{Tier1}.5" />
</exclusive-start>
<af-start id="1661" threadId="0000000000855F80" totalBytesRequested="221488" timestamp="2020-09-11T10:48:52.162" intervalms="2027.949" type="nursery" />
<cycle-start id="1662" type="scavenge" contextid="0" timestamp="2020-09-11T10:48:52.162" intervalms="2027.638" />
<gc-start id="1663" type="scavenge" contextid="1662" timestamp="2020-09-11T10:48:52.163">
  <mem-info id="1664" free="97200160" total="2551513088" percent="3">
    <mem type="nursery" free="198432" total="939524096" percent="0">
      <mem type="allocate" free="198432" total="804323328" percent="0" />
      <mem type="survivor" free="0" total="135200768" percent="0" />
    </mem>
    <mem type="tenure" free="97001728" total="1611988992" percent="6">
      <mem type="soa" free="281856" total="1515269120" percent="0" />
      <mem type="loa" free="96719872" total="96719872" percent="100" />
    </mem>
    <remembered-set count="188407" />
  </mem-info>
</gc-start>
<allocation-stats totalBytes="684233360" >
  <allocated-bytes non-tlh="30055424" tlh="654177936" />
  <largest-consumer threadName="Group1.Backend.CompositeBackend{Tier1}.6" threadId="000000000088A300" bytes="97879240" />
</allocation-stats>
<gc-op id="1665" type="scavenge" timems="121.359" contextid="1662" timestamp="2020-09-11T10:48:52.284">
  <scavenger-info tenureage="3" tenuremask="7ff8" tiltratio="85" />
  <memory-copied type="nursery" objects="4237344" bytes="114112816" bytesdiscarded="164104" />
  <memory-copied type="tenure" objects="1061974" bytes="28649624" bytesdiscarded="9376" />
  <finalization candidates="3" enqueued="0" />
  <ownableSynchronizers candidates="55410" cleared="36250" />
  <references type="soft" candidates="10799" cleared="0" enqueued="0" dynamicThreshold="9" maxThreshold="32" />
  <references type="weak" candidates="125" cleared="117" enqueued="0" />
  <heap-resize type="expand" space="tenure" amount="30408704" count="29" timems="10.444" reason="continue current collection" />
</gc-op>
<gc-end id="1666" type="scavenge" contextid="1662" durationms="122.521" usertimems="942.954" systemtimems="12.668" timestamp="2020-09-11T10:48:52.285" activeThreads="8">
  <mem-info id="1667" free="789023472" total="2581921792" percent="30">
    <mem type="nursery" free="690269424" total="939524096" percent="73">
      <mem type="allocate" free="690269424" total="804651008" percent="85" />
      <mem type="survivor" free="0" total="134873088" percent="0" />
    </mem>
    <mem type="tenure" free="98754048" total="1642397696" percent="6" macro-fragmented="0">
      <mem type="soa" free="209408" total="1543853056" percent="0" />
      <mem type="loa" free="98544640" total="98544640" percent="100" />
    </mem>
    <remembered-set count="31992" />
  </mem-info>
</gc-end>
<cycle-end id="1668" type="scavenge" contextid="1662" timestamp="2020-09-11T10:48:52.286" />
<allocation-satisfied id="1669" threadId="0000000000855600" bytesRequested="221488" />
<af-end id="1670" timestamp="2020-09-11T10:48:52.286" threadId="0000000000855F80" success="true" from="nursery"/>
<exclusive-end id="1671" timestamp="2020-09-11T10:48:52.286" durationms="124.943" />

<exclusive-start id="1672" timestamp="2020-09-11T10:48:54.126" intervalms="1964.707">
  <response-info timems="0.529" idlems="0.529" threads="0" lastid="0000000000891B00" lastname="Group1.Backend.CompositeBackend{Tier1}.7" />
</exclusive-start>
<af-start id="1673" threadId="0000000000892480" totalBytesRequested="16" timestamp="2020-09-11T10:48:54.127" intervalms="1964.762" type="nursery" />
<cycle-start id="1674" type="scavenge" contextid="0" timestamp="2020-09-11T10:48:54.127" intervalms="1964.795" />
<gc-start id="1675" type="scavenge" contextid="1674" timestamp="2020-09-11T10:48:54.127">
  <mem-info id="1676" free="98754048" total="2581921792" percent="3">
    <mem type="nursery" free="0" total="939524096" percent="0">
      <mem type="allocate" free="0" total="804651008" percent="0" />
      <mem type="survivor" free="0" total="134873088" percent="0" />
    </mem>
    <mem type="tenure" free="98754048" total="1642397696" percent="6">
      <mem type="soa" free="209408" total="1543853056" percent="0" />
      <mem type="loa" free="98544640" total="98544640" percent="100" />
    </mem>
    <remembered-set count="188995" />
  </mem-info>
</gc-start>
<allocation-stats totalBytes="689879288" >
  <allocated-bytes non-tlh="35675784" tlh="654203504" />
  <largest-consumer threadName="Group1.Backend.CompositeBackend{Tier1}.2" threadId="000000000077F200" bytes="97055264" />
</allocation-stats>
<gc-op id="1677" type="scavenge" timems="173.413" contextid="1674" timestamp="2020-09-11T10:48:54.301">
  <scavenger-info tenureage="3" tenuremask="7ff8" tiltratio="85" />
  <memory-copied type="nursery" objects="4297435" bytes="114784008" bytesdiscarded="159552" />
  <memory-copied type="tenure" objects="1122099" bytes="30814040" bytesdiscarded="10336" />
  <finalization candidates="3" enqueued="0" />
  <ownableSynchronizers candidates="49176" cleared="31432" />
  <references type="soft" candidates="9837" cleared="0" enqueued="0" dynamicThreshold="9" maxThreshold="32" />
  <references type="weak" candidates="105" cleared="105" enqueued="0" />
  <heap-resize type="expand" space="tenure" amount="32505856" count="31" timems="11.932" reason="continue current collection" />
</gc-op>
<gc-end id="1678" type="scavenge" contextid="1674" durationms="174.711" usertimems="1240.653" systemtimems="38.546" timestamp="2020-09-11T10:48:54.302" activeThreads="8">
  <mem-info id="1679" free="791283496" total="2614427648" percent="30">
    <mem type="nursery" free="690720040" total="939524096" percent="73">
      <mem type="allocate" free="690720040" total="805765120" percent="85" />
      <mem type="survivor" free="0" total="133758976" percent="0" />
    </mem>
    <mem type="tenure" free="100563456" total="1674903552" percent="6" macro-fragmented="0">
      <mem type="soa" free="69120" total="1574409216" percent="0" />
      <mem type="loa" free="100494336" total="100494336" percent="100" />
    </mem>
    <remembered-set count="35039" />
  </mem-info>
</gc-end>
<cycle-end id="1680" type="scavenge" contextid="1674" timestamp="2020-09-11T10:48:54.303" />
<allocation-satisfied id="1681" threadId="0000000000891B00" bytesRequested="16" />
<af-end id="1682" timestamp="2020-09-11T10:48:54.303" threadId="0000000000892480" success="true" from="nursery"/>
<exclusive-end id="1683" timestamp="2020-09-11T10:48:54.303" durationms="177.164" />

<exclusive-start id="1684" timestamp="2020-09-11T10:48:56.203" intervalms="2076.926">
  <response-info timems="5.850" idlems="5.560" threads="1" lastid="0000000000895700" lastname="Group1.TxInjector.CompositeTxInjector.I.driver.probe.11" />
</exclusive-start>
<af-start id="1685" threadId="0000000000855480" totalBytesRequested="16" timestamp="2020-09-11T10:48:56.204" intervalms="2077.213" type="nursery" />
<cycle-start id="1686" type="scavenge" contextid="0" timestamp="2020-09-11T10:48:56.204" intervalms="2077.330" />
<gc-start id="1687" type="scavenge" contextid="1686" timestamp="2020-09-11T10:48:56.205">
  <mem-info id="1688" free="100563456" total="2614427648" percent="3">
    <mem type="nursery" free="0" total="939524096" percent="0">
      <mem type="allocate" free="0" total="805765120" percent="0" />
      <mem type="survivor" free="0" total="133758976" percent="0" />
    </mem>
    <mem type="tenure" free="100563456" total="1674903552" percent="6">
      <mem type="soa" free="69120" total="1574409216" percent="0" />
      <mem type="loa" free="100494336" total="100494336" percent="100" />
    </mem>
    <remembered-set count="195411" />
  </mem-info>
</gc-start>
<allocation-stats totalBytes="690359480" >
  <allocated-bytes non-tlh="26164456" tlh="664195024" />
  <largest-consumer threadName="Group1.Backend.CompositeBackend{Tier1}.7" threadId="0000000000891B00" bytes="98098128" />
</allocation-stats>
<gc-op id="1689" type="scavenge" timems="154.276" contextid="1686" timestamp="2020-09-11T10:48:56.359">
  <scavenger-info tenureage="3" tenuremask="7ff8" tiltratio="85" />
  <memory-copied type="nursery" objects="4348363" bytes="115891184" bytesdiscarded="133936" />
  <memory-copied type="tenure" objects="1109078" bytes="29881544" bytesdiscarded="9424" />
  <finalization candidates="1" enqueued="0" />
  <ownableSynchronizers candidates="47921" cleared="31400" />
  <references type="soft" candidates="9303" cleared="0" enqueued="0" dynamicThreshold="9" maxThreshold="32" />
  <references type="weak" candidates="126" cleared="118" enqueued="0" />
  <heap-resize type="expand" space="tenure" amount="32505856" count="31" timems="16.060" reason="continue current collection" />
</gc-op>
<gc-end id="1690" type="scavenge" contextid="1686" durationms="156.250" usertimems="1034.283" systemtimems="36.174" timestamp="2020-09-11T10:48:56.361" activeThreads="8">
  <mem-info id="1691" free="793201504" total="2646933504" percent="29">
    <mem type="nursery" free="690160480" total="939524096" percent="73">
      <mem type="allocate" free="690160480" total="806289408" percent="85" />
      <mem type="survivor" free="0" total="133234688" percent="0" />
    </mem>
    <mem type="tenure" free="103041024" total="1707409408" percent="6" macro-fragmented="0">
      <mem type="soa" free="595968" total="1604964352" percent="0" />
      <mem type="loa" free="102445056" total="102445056" percent="100" />
    </mem>
    <remembered-set count="35956" />
  </mem-info>
</gc-end>
<cycle-end id="1692" type="scavenge" contextid="1686" timestamp="2020-09-11T10:48:56.364" />
<allocation-satisfied id="1693" threadId="0000000000854B00" bytesRequested="16" />
<af-end id="1694" timestamp="2020-09-11T10:48:56.364" threadId="0000000000855480" success="true" from="nursery"/>
<exclusive-end id="1695" timestamp="2020-09-11T10:48:56.364" durationms="161.156" />

<exclusive-start id="1696" timestamp="2020-09-11T10:48:58.179" intervalms="1976.733">
  <response-info timems="1.082" idlems="1.082" threads="0" lastid="000000000077F200" lastname="Group1.Backend.CompositeBackend{Tier1}.2" />
</exclusive-start>
<af-start id="1697" threadId="000000000077FB80" totalBytesRequested="4104" timestamp="2020-09-11T10:48:58.180" intervalms="1976.282" type="nursery" />
<cycle-start id="1698" type="scavenge" contextid="0" timestamp="2020-09-11T10:48:58.180" intervalms="1976.165" />
<gc-start id="1699" type="scavenge" contextid="1698" timestamp="2020-09-11T10:48:58.181">
  <mem-info id="1700" free="103041024" total="2646933504" percent="3">
    <mem type="nursery" free="0" total="939524096" percent="0">
      <mem type="allocate" free="0" total="806289408" percent="0" />
      <mem type="survivor" free="0" total="133234688" percent="0" />
    </mem>
    <mem type="tenure" free="103041024" total="1707409408" percent="6">
      <mem type="soa" free="595968" total="1604964352" percent="0" />
      <mem type="loa" free="102445056" total="102445056" percent="100" />
    </mem>
    <remembered-set count="193451" />
  </mem-info>
</gc-start>
<allocation-stats totalBytes="689789080" >
  <allocated-bytes non-tlh="31187088" tlh="658601992" />
  <largest-consumer threadName="Group1.Backend.CompositeBackend{Tier1}.4" threadId="0000000000854B00" bytes="100300256" />
</allocation-stats>
<gc-op id="1701" type="scavenge" timems="151.762" contextid="1698" timestamp="2020-09-11T10:48:58.332">
  <scavenger-info tenureage="3" tenuremask="7ff8" tiltratio="85" />
  <memory-copied type="nursery" objects="4940352" bytes="128779992" bytesdiscarded="132488" />
  <memory-copied type="tenure" objects="1121752" bytes="30185192" bytesdiscarded="8496" />
  <ownableSynchronizers candidates="44146" cleared="28661" />
  <references type="soft" candidates="8576" cleared="0" enqueued="0" dynamicThreshold="9" maxThreshold="32" />
  <references type="weak" candidates="115" cleared="105" enqueued="0" />
  <heap-resize type="expand" space="tenure" amount="32505856" count="31" timems="10.783" reason="continue current collection" />
</gc-op>
<gc-end id="1702" type="scavenge" contextid="1698" durationms="153.268" usertimems="1132.884" systemtimems="27.389" timestamp="2020-09-11T10:48:58.334" activeThreads="8">
  <mem-info id="1703" free="762128096" total="2679439360" percent="28">
    <mem type="nursery" free="656895456" total="939524096" percent="69">
      <mem type="allocate" free="656895456" total="785907712" percent="83" />
      <mem type="survivor" free="0" total="153616384" percent="0" />
    </mem>
    <mem type="tenure" free="105232640" total="1739915264" percent="6" macro-fragmented="0">
      <mem type="soa" free="836864" total="1635519488" percent="0" />
      <mem type="loa" free="104395776" total="104395776" percent="100" />
    </mem>
    <remembered-set count="34619" />
  </mem-info>
</gc-end>
<cycle-end id="1704" type="scavenge" contextid="1698" timestamp="2020-09-11T10:48:58.337" />
<allocation-satisfied id="1705" threadId="000000000077F200" bytesRequested="4104" />
<af-end id="1706" timestamp="2020-09-11T10:48:58.337" threadId="000000000077FB80" success="true" from="nursery"/>
<exclusive-end id="1707" timestamp="2020-09-11T10:48:58.337" durationms="157.462" />

<exclusive-start id="1708" timestamp="2020-09-11T10:49:00.154" intervalms="1974.320">
  <response-info timems="0.694" idlems="0.559" threads="1" lastid="0000000000855600" lastname="Group1.Backend.CompositeBackend{Tier1}.5" />
</exclusive-start>
<af-start id="1709" threadId="000000000088AC80" totalBytesRequested="32" timestamp="2020-09-11T10:49:00.154" intervalms="1974.381" type="nursery" />
<cycle-start id="1710" type="scavenge" contextid="0" timestamp="2020-09-11T10:49:00.155" intervalms="1974.356" />
<gc-start id="1711" type="scavenge" contextid="1710" timestamp="2020-09-11T10:49:00.155">
  <mem-info id="1712" free="105232640" total="2679439360" percent="3">
    <mem type="nursery" free="0" total="939524096" percent="0">
      <mem type="allocate" free="0" total="785907712" percent="0" />
      <mem type="survivor" free="0" total="153616384" percent="0" />
    </mem>
    <mem type="tenure" free="105232640" total="1739915264" percent="6">
      <mem type="soa" free="836864" total="1635519488" percent="0" />
      <mem type="loa" free="104395776" total="104395776" percent="100" />
    </mem>
    <remembered-set count="191388" />
  </mem-info>
</gc-start>
<allocation-stats totalBytes="656538224" >
  <allocated-bytes non-tlh="30837992" tlh="625700232" />
  <largest-consumer threadName="Group1.Backend.CompositeBackend{Tier1}.8" threadId="000000000089D400" bytes="90577064" />
</allocation-stats>
<gc-op id="1713" type="scavenge" timems="151.530" contextid="1710" timestamp="2020-09-11T10:49:00.307">
  <scavenger-info tenureage="3" tenuremask="7ff8" tiltratio="83" />
  <memory-copied type="nursery" objects="4761901" bytes="125468984" bytesdiscarded="145784" />
  <memory-copied type="tenure" objects="1093876" bytes="29449208" bytesdiscarded="9336" />
  <ownableSynchronizers candidates="36157" cleared="22357" />
  <references type="soft" candidates="7741" cleared="0" enqueued="0" dynamicThreshold="9" maxThreshold="32" />
  <references type="weak" candidates="121" cleared="103" enqueued="0" />
  <heap-resize type="expand" space="tenure" amount="31457280" count="30" timems="9.468" reason="continue current collection" />
</gc-op>
<gc-end id="1714" type="scavenge" contextid="1710" durationms="153.248" usertimems="1131.530" systemtimems="16.002" timestamp="2020-09-11T10:49:00.308" activeThreads="8">
  <mem-info id="1715" free="769326608" total="2710896640" percent="28">
    <mem type="nursery" free="662097680" total="939524096" percent="70">
      <mem type="allocate" free="662097680" total="787808256" percent="84" />
      <mem type="survivor" free="0" total="151715840" percent="0" />
    </mem>
    <mem type="tenure" free="107228928" total="1771372544" percent="6" macro-fragmented="0">
      <mem type="soa" free="945920" total="1665089536" percent="0" />
      <mem type="loa" free="106283008" total="106283008" percent="100" />
    </mem>
    <remembered-set count="32862" />
  </mem-info>
</gc-end>
<cycle-end id="1716" type="scavenge" contextid="1710" timestamp="2020-09-11T10:49:00.316" />
<allocation-satisfied id="1717" threadId="000000000088A300" bytesRequested="32" />
<af-end id="1718" timestamp="2020-09-11T10:49:00.316" threadId="000000000088AC80" success="true" from="nursery"/>
<exclusive-end id="1719" timestamp="2020-09-11T10:49:00.316" durationms="162.229" />

<exclusive-start id="1720" timestamp="2020-09-11T10:49:02.114" intervalms="1960.144">
  <response-info timems="9.049" idlems="9.049" threads="0" lastid="000000000089D400" lastname="Group1.Backend.CompositeBackend{Tier1}.8" />
</exclusive-start>
<af-start id="1721" threadId="000000000089DD80" totalBytesRequested="40" timestamp="2020-09-11T10:49:02.115" intervalms="1960.223" type="nursery" />
<cycle-start id="1722" type="scavenge" contextid="0" timestamp="2020-09-11T10:49:02.115" intervalms="1960.255" />
<gc-start id="1723" type="scavenge" contextid="1722" timestamp="2020-09-11T10:49:02.116">
  <mem-info id="1724" free="107228928" total="2710896640" percent="3">
    <mem type="nursery" free="0" total="939524096" percent="0">
      <mem type="allocate" free="0" total="787808256" percent="0" />
      <mem type="survivor" free="0" total="151715840" percent="0" />
    </mem>
    <mem type="tenure" free="107228928" total="1771372544" percent="6">
      <mem type="soa" free="945920" total="1665089536" percent="0" />
      <mem type="loa" free="106283008" total="106283008" percent="100" />
    </mem>
    <remembered-set count="188834" />
  </mem-info>
</gc-start>
<allocation-stats totalBytes="661739616" >
  <allocated-bytes non-tlh="30254688" tlh="631484928" />
  <largest-consumer threadName="Group1.Backend.CompositeBackend{Tier1}.7" threadId="0000000000891B00" bytes="99568984" />
</allocation-stats>
<gc-op id="1725" type="scavenge" timems="126.007" contextid="1722" timestamp="2020-09-11T10:49:02.242">
  <scavenger-info tenureage="3" tenuremask="7ff8" tiltratio="83" />
  <memory-copied type="nursery" objects="4219330" bytes="112435384" bytesdiscarded="189864" />
  <memory-copied type="tenure" objects="1148283" bytes="30947568" bytesdiscarded="8664" />
  <ownableSynchronizers candidates="33950" cleared="21368" />
  <references type="soft" candidates="6819" cleared="0" enqueued="0" dynamicThreshold="9" maxThreshold="32" />
  <references type="weak" candidates="119" cleared="108" enqueued="0" />
  <heap-resize type="expand" space="tenure" amount="32505856" count="31" timems="8.599" reason="continue current collection" />
</gc-op>
<gc-end id="1726" type="scavenge" contextid="1722" durationms="127.560" usertimems="939.810" systemtimems="9.409" timestamp="2020-09-11T10:49:02.243" activeThreads="8">
  <mem-info id="1727" free="786094160" total="2743402496" percent="28">
    <mem type="nursery" free="677316944" total="939524096" percent="72">
      <mem type="allocate" free="677316944" total="790036480" percent="85" />
      <mem type="survivor" free="0" total="149487616" percent="0" />
    </mem>
    <mem type="tenure" free="108777216" total="1803878400" percent="6" macro-fragmented="0">
      <mem type="soa" free="544512" total="1695645696" percent="0" />
      <mem type="loa" free="108232704" total="108232704" percent="100" />
    </mem>
    <remembered-set count="31681" />
  </mem-info>
</gc-end>
<cycle-end id="1728" type="scavenge" contextid="1722" timestamp="2020-09-11T10:49:02.248" />
<allocation-satisfied id="1729" threadId="000000000089D400" bytesRequested="40" />
<af-end id="1730" timestamp="2020-09-11T10:49:02.248" threadId="000000000089DD80" success="true" from="nursery"/>
<exclusive-end id="1731" timestamp="2020-09-11T10:49:02.248" durationms="134.106" />

<exclusive-start id="1732" timestamp="2020-09-11T10:49:04.112" intervalms="1998.123">
  <response-info timems="0.328" idlems="0.328" threads="0" lastid="0000000000764400" lastname="Controller" />
</exclusive-start>
<af-start id="1733" threadId="0000000000764D80" totalBytesRequested="24" timestamp="2020-09-11T10:49:04.113" intervalms="1997.882" type="nursery" />
<cycle-start id="1734" type="scavenge" contextid="0" timestamp="2020-09-11T10:49:04.113" intervalms="1997.839" />
<gc-start id="1735" type="scavenge" contextid="1734" timestamp="2020-09-11T10:49:04.113">
  <mem-info id="1736" free="108777136" total="2743402496" percent="3">
    <mem type="nursery" free="0" total="939524096" percent="0">
      <mem type="allocate" free="0" total="790036480" percent="0" />
      <mem type="survivor" free="0" total="149487616" percent="0" />
    </mem>
    <mem type="tenure" free="108777136" total="1803878400" percent="6">
      <mem type="soa" free="544432" total="1695645696" percent="0" />
      <mem type="loa" free="108232704" total="108232704" percent="100" />
    </mem>
    <remembered-set count="189470" />
  </mem-info>
</gc-start>
<allocation-stats totalBytes="676951184" >
  <allocated-bytes non-tlh="31676272" tlh="645274912" />
  <largest-consumer threadName="Group1.Backend.CompositeBackend{Tier1}.6" threadId="000000000088A300" bytes="114896968" />
</allocation-stats>
<gc-op id="1737" type="scavenge" timems="109.712" contextid="1734" timestamp="2020-09-11T10:49:04.223">
  <scavenger-info tenureage="3" tenuremask="7ff8" tiltratio="84" />
  <memory-copied type="nursery" objects="4157114" bytes="110972896" bytesdiscarded="206856" />
  <memory-copied type="tenure" objects="1105492" bytes="29760472" bytesdiscarded="11160" />
  <finalization candidates="2" enqueued="0" />
  <ownableSynchronizers candidates="31755" cleared="20493" />
  <references type="soft" candidates="6080" cleared="0" enqueued="0" dynamicThreshold="9" maxThreshold="32" />
  <references type="weak" candidates="144" cleared="136" enqueued="0" />
  <heap-resize type="expand" space="tenure" amount="31457280" count="30" timems="8.160" reason="continue current collection" />
</gc-op>
<gc-end id="1738" type="scavenge" contextid="1734" durationms="111.052" usertimems="765.723" systemtimems="24.234" timestamp="2020-09-11T10:49:04.224" activeThreads="8">
  <mem-info id="1739" free="793870840" total="2774859776" percent="28">
    <mem type="nursery" free="683482104" total="939524096" percent="72">
      <mem type="allocate" free="683482104" total="794755072" percent="85" />
      <mem type="survivor" free="0" total="144769024" percent="0" />
    </mem>
    <mem type="tenure" free="110388736" total="1835335680" percent="6" macro-fragmented="0">
      <mem type="soa" free="267776" total="1725214720" percent="0" />
      <mem type="loa" free="110120960" total="110120960" percent="100" />
    </mem>
    <remembered-set count="31144" />
  </mem-info>
</gc-end>
<cycle-end id="1740" type="scavenge" contextid="1734" timestamp="2020-09-11T10:49:04.227" />
<allocation-satisfied id="1741" threadId="0000000000764400" bytesRequested="24" />
<af-end id="1742" timestamp="2020-09-11T10:49:04.227" threadId="0000000000764D80" success="true" from="nursery"/>
<exclusive-end id="1743" timestamp="2020-09-11T10:49:04.227" durationms="115.133" />

<exclusive-start id="1744" timestamp="2020-09-11T10:49:06.147" intervalms="2034.990">
  <response-info timems="0.528" idlems="0.528" threads="0" lastid="0000000000891B00" lastname="Group1.Backend.CompositeBackend{Tier1}.7" />
</exclusive-start>
<af-start id="1745" threadId="0000000000892480" totalBytesRequested="16" timestamp="2020-09-11T10:49:06.148" intervalms="2034.963" type="nursery" />
<cycle-start id="1746" type="scavenge" contextid="0" timestamp="2020-09-11T10:49:06.148" intervalms="2034.976" />
<gc-start id="1747" type="scavenge" contextid="1746" timestamp="2020-09-11T10:49:06.148">
  <mem-info id="1748" free="110387240" total="2774859776" percent="3">
    <mem type="nursery" free="0" total="939524096" percent="0">
      <mem type="allocate" free="0" total="794755072" percent="0" />
      <mem type="survivor" free="0" total="144769024" percent="0" />
    </mem>
    <mem type="tenure" free="110387240" total="1835335680" percent="6">
      <mem type="soa" free="266280" total="1725214720" percent="0" />
      <mem type="loa" free="110120960" total="110120960" percent="100" />
    </mem>
    <remembered-set count="190530" />
  </mem-info>
</gc-start>
<allocation-stats totalBytes="683097912" >
  <allocated-bytes non-tlh="30598768" tlh="652499144" />
  <largest-consumer threadName="Group1.Backend.CompositeBackend{Tier1}.7" threadId="0000000000891B00" bytes="92854056" />
</allocation-stats>
<gc-op id="1749" type="scavenge" timems="127.330" contextid="1746" timestamp="2020-09-11T10:49:06.275">
  <scavenger-info tenureage="3" tenuremask="7ff8" tiltratio="84" />
  <memory-copied type="nursery" objects="4031790" bytes="108391152" bytesdiscarded="187008" />
  <memory-copied type="tenure" objects="1080884" bytes="29106592" bytesdiscarded="11936" />
  <finalization candidates="2" enqueued="0" />
  <ownableSynchronizers candidates="30013" cleared="19817" />
  <references type="soft" candidates="5829" cleared="0" enqueued="0" dynamicThreshold="9" maxThreshold="32" />
  <references type="weak" candidates="119" cleared="118" enqueued="0" />
  <heap-resize type="expand" space="tenure" amount="30408704" count="29" timems="28.583" reason="continue current collection" />
</gc-op>
<gc-end id="1750" type="scavenge" contextid="1746" durationms="128.749" usertimems="817.514" systemtimems="16.666" timestamp="2020-09-11T10:49:06.277" activeThreads="8">
  <mem-info id="1751" free="802097888" total="2805268480" percent="28">
    <mem type="nursery" free="690143968" total="939524096" percent="73">
      <mem type="allocate" free="690143968" total="798818304" percent="86" />
      <mem type="survivor" free="0" total="140705792" percent="0" />
    </mem>
    <mem type="tenure" free="111953920" total="1865744384" percent="6" macro-fragmented="0">
      <mem type="soa" free="9216" total="1753799680" percent="0" />
      <mem type="loa" free="111944704" total="111944704" percent="100" />
    </mem>
    <remembered-set count="30598" />
  </mem-info>
</gc-end>
<cycle-end id="1752" type="scavenge" contextid="1746" timestamp="2020-09-11T10:49:06.280" />
<allocation-satisfied id="1753" threadId="0000000000891B00" bytesRequested="16" />
<af-end id="1754" timestamp="2020-09-11T10:49:06.280" threadId="0000000000892480" success="true" from="nursery"/>
<exclusive-end id="1755" timestamp="2020-09-11T10:49:06.280" durationms="133.325" />

<exclusive-start id="1756" timestamp="2020-09-11T10:49:08.176" intervalms="2029.414">
  <response-info timems="0.532" idlems="0.532" threads="0" lastid="000000000077FE00" lastname="Group1.Backend.CompositeBackend{Tier1}.1" />
</exclusive-start>
<af-start id="1757" threadId="0000000000780780" totalBytesRequested="32" timestamp="2020-09-11T10:49:08.177" intervalms="2029.480" type="nursery" />
<cycle-start id="1758" type="scavenge" contextid="0" timestamp="2020-09-11T10:49:08.177" intervalms="2029.499" />
<gc-start id="1759" type="scavenge" contextid="1758" timestamp="2020-09-11T10:49:08.177">
  <mem-info id="1760" free="111953560" total="2805268480" percent="3">
    <mem type="nursery" free="0" total="939524096" percent="0">
      <mem type="allocate" free="0" total="798818304" percent="0" />
      <mem type="survivor" free="0" total="140705792" percent="0" />
    </mem>
    <mem type="tenure" free="111953560" total="1865744384" percent="6">
      <mem type="soa" free="8856" total="1753799680" percent="0" />
      <mem type="loa" free="111944704" total="111944704" percent="100" />
    </mem>
    <remembered-set count="190987" />
  </mem-info>
</gc-start>
<allocation-stats totalBytes="689752032" >
  <allocated-bytes non-tlh="33302320" tlh="656449712" />
  <largest-consumer threadName="Group1.Backend.CompositeBackend{Tier1}.1" threadId="000000000077FE00" bytes="91715656" />
</allocation-stats>
<gc-op id="1761" type="scavenge" timems="151.896" contextid="1758" timestamp="2020-09-11T10:49:08.329">
  <scavenger-info tenureage="3" tenuremask="7ff8" tiltratio="85" />
  <memory-copied type="nursery" objects="4272751" bytes="114208104" bytesdiscarded="204184" />
  <memory-copied type="tenure" objects="1071735" bytes="28886360" bytesdiscarded="11000" />
  <finalization candidates="3" enqueued="0" />
  <ownableSynchronizers candidates="28751" cleared="18974" />
  <references type="soft" candidates="5596" cleared="0" enqueued="0" dynamicThreshold="9" maxThreshold="32" />
  <references type="weak" candidates="109" cleared="109" enqueued="0" />
  <heap-resize type="expand" space="tenure" amount="31457280" count="30" timems="11.592" reason="continue current collection" />
</gc-op>
<gc-end id="1762" type="scavenge" contextid="1758" durationms="153.001" usertimems="1059.799" systemtimems="17.991" timestamp="2020-09-11T10:49:08.330" activeThreads="8">
  <mem-info id="1763" free="799776696" total="2836725760" percent="28">
    <mem type="nursery" free="685556920" total="939524096" percent="72">
      <mem type="allocate" free="685556920" total="800063488" percent="85" />
      <mem type="survivor" free="0" total="139460608" percent="0" />
    </mem>
    <mem type="tenure" free="114219776" total="1897201664" percent="6" macro-fragmented="0">
      <mem type="soa" free="386816" total="1783368704" percent="0" />
      <mem type="loa" free="113832960" total="113832960" percent="100" />
    </mem>
    <remembered-set count="33116" />
  </mem-info>
</gc-end>
<cycle-end id="1764" type="scavenge" contextid="1758" timestamp="2020-09-11T10:49:08.331" />
<allocation-satisfied id="1765" threadId="000000000077FE00" bytesRequested="32" />
<af-end id="1766" timestamp="2020-09-11T10:49:08.331" threadId="0000000000780780" success="true" from="nursery"/>
<exclusive-end id="1767" timestamp="2020-09-11T10:49:08.331" durationms="154.875" />

<exclusive-start id="1768" timestamp="2020-09-11T10:49:10.161" intervalms="1984.929">
  <response-info timems="0.289" idlems="0.254" threads="1" lastid="0000000000AA3900" lastname="Group1.Backend.CompositeBackend{Tier3}.4" />
</exclusive-start>
<af-start id="1769" threadId="000000000077FB80" totalBytesRequested="80" timestamp="2020-09-11T10:49:10.162" intervalms="1984.840" type="nursery" />
<percolate-collect id="1770" from="nursery" to="global" reason="met projected tenure max free" timestamp="2020-09-11T10:49:10.162"/>
<cycle-start id="1771" type="global" contextid="0" timestamp="2020-09-11T10:49:10.162" intervalms="78015.903" />
<gc-start id="1772" type="global" contextid="1771" timestamp="2020-09-11T10:49:10.162">
  <mem-info id="1773" free="114219776" total="2836725760" percent="4">
    <mem type="nursery" free="0" total="939524096" percent="0">
      <mem type="allocate" free="0" total="800063488" percent="0" />
      <mem type="survivor" free="0" total="139460608" percent="0" />
    </mem>
    <mem type="tenure" free="114219776" total="1897201664" percent="6">
      <mem type="soa" free="386816" total="1783368704" percent="0" />
      <mem type="loa" free="113832960" total="113832960" percent="100" />
    </mem>
    <remembered-set count="191371" />
  </mem-info>
</gc-start>
<allocation-stats totalBytes="685177528" >
  <allocated-bytes non-tlh="31969368" tlh="653208160" />
  <largest-consumer threadName="Group1.Backend.CompositeBackend{Tier1}.7" threadId="0000000000891B00" bytes="100438152" />
</allocation-stats>
<gc-op id="1774" type="mark" timems="534.219" contextid="1771" timestamp="2020-09-11T10:49:10.697">
  <trace-info objectcount="30540110" scancount="29565703" scanbytes="806684324" />
  <finalization candidates="143" enqueued="0" />
  <ownableSynchronizers candidates="552641" cleared="17853" />
  <references type="soft" candidates="657855" cleared="0" enqueued="0" dynamicThreshold="9" maxThreshold="32" />
  <references type="weak" candidates="5063" cleared="796" enqueued="683" />
  <references type="phantom" candidates="106" cleared="0" enqueued="0" />
  <stringconstants candidates="11179" cleared="1"  />
</gc-op>
<gc-op id="1775" type="classunload" timems="0.125" contextid="1771" timestamp="2020-09-11T10:49:10.697">
  <classunload-info classloadercandidates="171" classloadersunloaded="0" classesunloaded="0" anonymousclassesunloaded="0" quiescems="0.000" setupms="0.122" scanms="0.002" postms="0.001" />
</gc-op>
<gc-op id="1776" type="sweep" timems="13.837" contextid="1771" timestamp="2020-09-11T10:49:10.711" />
<gc-end id="1777" type="global" contextid="1771" durationms="550.014" usertimems="4038.160" systemtimems="17.019" timestamp="2020-09-11T10:49:10.712" activeThreads="8">
  <mem-info id="1778" free="1755033584" total="2836725760" percent="61">
    <mem type="nursery" free="593821472" total="939524096" percent="63">
      <mem type="allocate" free="593821472" total="800063488" percent="74" />
      <mem type="survivor" free="0" total="139460608" percent="0" />
    </mem>
    <mem type="tenure" free="1161212112" total="1897201664" percent="61" micro-fragmented="11778713" macro-fragmented="1600032">
      <mem type="soa" free="1047379152" total="1783368704" percent="58" />
      <mem type="loa" free="113832960" total="113832960" percent="100" />
    </mem>
    <pending-finalizers system="0" default="0" reference="683" classloader="0" />
    <remembered-set count="185589" />
  </mem-info>
</gc-end>
<cycle-end id="1779" type="global" contextid="1771" timestamp="2020-09-11T10:49:10.713" />
<allocation-satisfied id="1780" threadId="000000000077F200" bytesRequested="80" />
<af-end id="1781" timestamp="2020-09-11T10:49:10.713" threadId="000000000077FB80" success="true" from="nursery"/>
<exclusive-end id="1782" timestamp="2020-09-11T10:49:10.713" durationms="551.508" />

<exclusive-start id="1783" timestamp="2020-09-11T10:49:11.991" intervalms="1829.679">
  <response-info timems="0.401" idlems="0.401" threads="0" lastid="000000000077F200" lastname="Group1.Backend.CompositeBackend{Tier1}.2" />
</exclusive-start>
<af-start id="1784" threadId="000000000077FB80" totalBytesRequested="16" timestamp="2020-09-11T10:49:11.992" intervalms="1829.681" type="nursery" />
<cycle-start id="1785" type="scavenge" contextid="0" timestamp="2020-09-11T10:49:11.992" intervalms="3814.480" />
<gc-start id="1786" type="scavenge" contextid="1785" timestamp="2020-09-11T10:49:11.992">
  <mem-info id="1787" free="1161212064" total="2836725760" percent="40">
    <mem type="nursery" free="0" total="939524096" percent="0">
      <mem type="allocate" free="0" total="800063488" percent="0" />
      <mem type="survivor" free="0" total="139460608" percent="0" />
    </mem>
    <mem type="tenure" free="1161212064" total="1897201664" percent="61">
      <mem type="soa" free="1047379104" total="1783368704" percent="58" />
      <mem type="loa" free="113832960" total="113832960" percent="100" />
    </mem>
    <remembered-set count="241810" />
  </mem-info>
</gc-start>
<allocation-stats totalBytes="591150920" >
  <allocated-bytes non-tlh="26916384" tlh="564234536" />
  <largest-consumer threadName="Group1.Backend.CompositeBackend{Tier1}.1" threadId="000000000077FE00" bytes="94222512" />
</allocation-stats>
<gc-op id="1788" type="scavenge" timems="116.055" contextid="1785" timestamp="2020-09-11T10:49:12.108">
  <scavenger-info tenureage="3" tenuremask="7ff8" tiltratio="85" />
  <memory-copied type="nursery" objects="5011817" bytes="134558160" bytesdiscarded="127864" />
  <memory-copied type="tenure" objects="992632" bytes="26739352" bytesdiscarded="11736" />
  <finalization candidates="3" enqueued="0" />
  <ownableSynchronizers candidates="1077375" cleared="1066172" />
  <references type="soft" candidates="6790" cleared="0" enqueued="0" dynamicThreshold="19" maxThreshold="32" />
  <references type="weak" candidates="110" cleared="108" enqueued="0" />
</gc-op>
<gc-end id="1789" type="scavenge" contextid="1785" durationms="116.961" usertimems="866.880" systemtimems="0.000" timestamp="2020-09-11T10:49:12.109" activeThreads="8">
  <mem-info id="1790" free="1772083832" total="2836725760" percent="62">
    <mem type="nursery" free="637961984" total="939524096" percent="67">
      <mem type="allocate" free="637961984" total="772800512" percent="82" />
      <mem type="survivor" free="0" total="166723584" percent="0" />
    </mem>
    <mem type="tenure" free="1134121848" total="1897201664" percent="59" macro-fragmented="116842">
      <mem type="soa" free="1020288888" total="1783368704" percent="57" />
      <mem type="loa" free="113832960" total="113832960" percent="100" />
    </mem>
    <remembered-set count="42384" />
  </mem-info>
</gc-end>
<cycle-end id="1791" type="scavenge" contextid="1785" timestamp="2020-09-11T10:49:12.109" />
<allocation-satisfied id="1792" threadId="000000000077F200" bytesRequested="16" />
<af-end id="1793" timestamp="2020-09-11T10:49:12.109" threadId="000000000077FB80" success="true" from="nursery"/>
<exclusive-end id="1794" timestamp="2020-09-11T10:49:12.109" durationms="118.533" />

<exclusive-start id="1795" timestamp="2020-09-11T10:49:13.869" intervalms="1878.406">
  <response-info timems="0.612" idlems="0.184" threads="3" lastid="0000000000854B00" lastname="Group1.Backend.CompositeBackend{Tier1}.4" />
</exclusive-start>
<af-start id="1796" threadId="000000000089DD80" totalBytesRequested="664" timestamp="2020-09-11T10:49:13.870" intervalms="1878.402" type="nursery" />
<cycle-start id="1797" type="scavenge" contextid="0" timestamp="2020-09-11T10:49:13.870" intervalms="1878.406" />
<gc-start id="1798" type="scavenge" contextid="1797" timestamp="2020-09-11T10:49:13.870">
  <mem-info id="1799" free="1134121848" total="2836725760" percent="39">
    <mem type="nursery" free="0" total="939524096" percent="0">
      <mem type="allocate" free="0" total="772800512" percent="0" />
      <mem type="survivor" free="0" total="166723584" percent="0" />
    </mem>
    <mem type="tenure" free="1134121848" total="1897201664" percent="59">
      <mem type="soa" free="1020288888" total="1783368704" percent="57" />
      <mem type="loa" free="113832960" total="113832960" percent="100" />
    </mem>
    <remembered-set count="196284" />
  </mem-info>
</gc-start>
<allocation-stats totalBytes="637601712" >
  <allocated-bytes non-tlh="27473024" tlh="610128688" />
  <largest-consumer threadName="Group1.Backend.CompositeBackend{Tier1}.3" threadId="0000000000808C00" bytes="95129544" />
</allocation-stats>
<gc-op id="1800" type="scavenge" timems="111.540" contextid="1797" timestamp="2020-09-11T10:49:13.982">
  <scavenger-info tenureage="3" tenuremask="7ff8" tiltratio="82" />
  <memory-copied type="nursery" objects="4960562" bytes="133266776" bytesdiscarded="261472" />
  <memory-copied type="tenure" objects="989630" bytes="26637560" bytesdiscarded="11080" />
  <finalization candidates="1" enqueued="0" />
  <ownableSynchronizers candidates="26831" cleared="16153" />
  <references type="soft" candidates="6445" cleared="0" enqueued="0" dynamicThreshold="19" maxThreshold="32" />
  <references type="weak" candidates="95" cleared="95" enqueued="0" />
</gc-op>
<gc-end id="1801" type="scavenge" contextid="1797" durationms="112.593" usertimems="873.771" systemtimems="1.901" timestamp="2020-09-11T10:49:13.983" activeThreads="8">
  <mem-info id="1802" free="1759403160" total="2836725760" percent="62">
    <mem type="nursery" free="651952640" total="939524096" percent="69">
      <mem type="allocate" free="651952640" total="785580032" percent="82" />
      <mem type="survivor" free="0" total="153944064" percent="0" />
    </mem>
    <mem type="tenure" free="1107450520" total="1897201664" percent="58" macro-fragmented="1800196">
      <mem type="soa" free="993617560" total="1783368704" percent="55" />
      <mem type="loa" free="113832960" total="113832960" percent="100" />
    </mem>
    <remembered-set count="41657" />
  </mem-info>
</gc-end>
<cycle-end id="1803" type="scavenge" contextid="1797" timestamp="2020-09-11T10:49:13.984" />
<allocation-satisfied id="1804" threadId="000000000089D400" bytesRequested="664" />
<af-end id="1805" timestamp="2020-09-11T10:49:13.984" threadId="000000000089DD80" success="true" from="nursery"/>
<exclusive-end id="1806" timestamp="2020-09-11T10:49:13.984" durationms="114.774" />

<exclusive-start id="1807" timestamp="2020-09-11T10:49:15.662" intervalms="1793.154">
  <response-info timems="4.052" idlems="4.052" threads="0" lastid="000000000088A300" lastname="Group1.Backend.CompositeBackend{Tier1}.6" />
</exclusive-start>
<af-start id="1808" threadId="000000000088AC80" totalBytesRequested="120" timestamp="2020-09-11T10:49:15.663" intervalms="1793.175" type="nursery" />
<cycle-start id="1809" type="scavenge" contextid="0" timestamp="2020-09-11T10:49:15.663" intervalms="1793.171" />
<gc-start id="1810" type="scavenge" contextid="1809" timestamp="2020-09-11T10:49:15.664">
  <mem-info id="1811" free="1107450520" total="2836725760" percent="39">
    <mem type="nursery" free="0" total="939524096" percent="0">
      <mem type="allocate" free="0" total="785580032" percent="0" />
      <mem type="survivor" free="0" total="153944064" percent="0" />
    </mem>
    <mem type="tenure" free="1107450520" total="1897201664" percent="58">
      <mem type="soa" free="993617560" total="1783368704" percent="55" />
      <mem type="loa" free="113832960" total="113832960" percent="100" />
    </mem>
    <remembered-set count="191404" />
  </mem-info>
</gc-start>
<allocation-stats totalBytes="651570312" >
  <allocated-bytes non-tlh="35932768" tlh="615637544" />
  <largest-consumer threadName="Group1.Backend.CompositeBackend{Tier1}.7" threadId="0000000000891B00" bytes="86134672" />
</allocation-stats>
<gc-op id="1812" type="scavenge" timems="112.477" contextid="1809" timestamp="2020-09-11T10:49:15.776">
  <scavenger-info tenureage="3" tenuremask="7ff8" tiltratio="83" />
  <memory-copied type="nursery" objects="4795327" bytes="128921336" bytesdiscarded="163584" />
  <memory-copied type="tenure" objects="1029242" bytes="27691176" bytesdiscarded="14656" />
  <finalization candidates="1" enqueued="0" />
  <ownableSynchronizers candidates="26000" cleared="15807" />
  <references type="soft" candidates="6149" cleared="0" enqueued="0" dynamicThreshold="19" maxThreshold="32" />
  <references type="weak" candidates="136" cleared="127" enqueued="0" />
</gc-op>
<gc-end id="1813" type="scavenge" contextid="1809" durationms="113.389" usertimems="801.782" systemtimems="0.000" timestamp="2020-09-11T10:49:15.777" activeThreads="8">
  <mem-info id="1814" free="1736991952" total="2836725760" percent="61">
    <mem type="nursery" free="657325312" total="939524096" percent="69">
      <mem type="allocate" free="657325312" total="786497536" percent="83" />
      <mem type="survivor" free="0" total="153026560" percent="0" />
    </mem>
    <mem type="tenure" free="1079666640" total="1897201664" percent="56" macro-fragmented="0">
      <mem type="soa" free="965833680" total="1783368704" percent="54" />
      <mem type="loa" free="113832960" total="113832960" percent="100" />
    </mem>
    <remembered-set count="39406" />
  </mem-info>
</gc-end>
<cycle-end id="1815" type="scavenge" contextid="1809" timestamp="2020-09-11T10:49:15.778" />
<allocation-satisfied id="1816" threadId="000000000088A300" bytesRequested="120" />
<af-end id="1817" timestamp="2020-09-11T10:49:15.779" threadId="000000000088AC80" success="true" from="nursery"/>
<exclusive-end id="1818" timestamp="2020-09-11T10:49:15.779" durationms="116.089" />

<exclusive-start id="1819" timestamp="2020-09-11T10:49:17.556" intervalms="1893.867">
  <response-info timems="0.498" idlems="0.498" threads="0" lastid="000000000077F200" lastname="Group1.Backend.CompositeBackend{Tier1}.2" />
</exclusive-start>
<af-start id="1820" threadId="000000000077FB80" totalBytesRequested="16" timestamp="2020-09-11T10:49:17.557" intervalms="1893.863" type="nursery" />
<cycle-start id="1821" type="scavenge" contextid="0" timestamp="2020-09-11T10:49:17.557" intervalms="1893.867" />
<gc-start id="1822" type="scavenge" contextid="1821" timestamp="2020-09-11T10:49:17.558">
  <mem-info id="1823" free="1079666640" total="2836725760" percent="38">
    <mem type="nursery" free="0" total="939524096" percent="0">
      <mem type="allocate" free="0" total="786497536" percent="0" />
      <mem type="survivor" free="0" total="153026560" percent="0" />
    </mem>
    <mem type="tenure" free="1079666640" total="1897201664" percent="56">
      <mem type="soa" free="965833680" total="1783368704" percent="54" />
      <mem type="loa" free="113832960" total="113832960" percent="100" />
    </mem>
    <remembered-set count="192236" />
  </mem-info>
</gc-start>
<allocation-stats totalBytes="656944648" >
  <allocated-bytes non-tlh="34866088" tlh="622078560" />
  <largest-consumer threadName="Group1.Backend.CompositeBackend{Tier1}.4" threadId="0000000000854B00" bytes="94466144" />
</allocation-stats>
<gc-op id="1824" type="scavenge" timems="107.681" contextid="1821" timestamp="2020-09-11T10:49:17.666">
  <scavenger-info tenureage="3" tenuremask="7ff8" tiltratio="83" />
  <memory-copied type="nursery" objects="3699242" bytes="99395656" bytesdiscarded="154600" />
  <memory-copied type="tenure" objects="2027766" bytes="54562504" bytesdiscarded="29880" />
  <ownableSynchronizers candidates="25468" cleared="15675" />
  <references type="soft" candidates="4512" cleared="0" enqueued="0" dynamicThreshold="19" maxThreshold="32" />
  <references type="weak" candidates="127" cleared="119" enqueued="0" />
</gc-op>
<gc-end id="1825" type="scavenge" contextid="1821" durationms="108.636" usertimems="795.640" systemtimems="1.047" timestamp="2020-09-11T10:49:17.666" activeThreads="8">
  <mem-info id="1826" free="1713556680" total="2836725760" percent="60">
    <mem type="nursery" free="688631800" total="939524096" percent="73">
      <mem type="allocate" free="688631800" total="788267008" percent="87" />
      <mem type="survivor" free="0" total="151257088" percent="0" />
    </mem>
    <mem type="tenure" free="1024924880" total="1897201664" percent="54" macro-fragmented="7740516">
      <mem type="soa" free="911091920" total="1783368704" percent="51" />
      <mem type="loa" free="113832960" total="113832960" percent="100" />
    </mem>
    <remembered-set count="29893" />
  </mem-info>
</gc-end>
<cycle-end id="1827" type="scavenge" contextid="1821" timestamp="2020-09-11T10:49:17.667" />
<allocation-satisfied id="1828" threadId="000000000077F200" bytesRequested="16" />
<af-end id="1829" timestamp="2020-09-11T10:49:17.667" threadId="000000000077FB80" success="true" from="nursery"/>
<exclusive-end id="1830" timestamp="2020-09-11T10:49:17.667" durationms="110.725" />

<exclusive-start id="1831" timestamp="2020-09-11T10:49:19.665" intervalms="2108.430">
  <response-info timems="0.371" idlems="0.189" threads="1" lastid="0000000000808C00" lastname="Group1.Backend.CompositeBackend{Tier1}.3" />
</exclusive-start>
<af-start id="1832" threadId="0000000000855F80" totalBytesRequested="24" timestamp="2020-09-11T10:49:19.665" intervalms="2108.524" type="nursery" />
<cycle-start id="1833" type="scavenge" contextid="0" timestamp="2020-09-11T10:49:19.666" intervalms="2108.517" />
<gc-start id="1834" type="scavenge" contextid="1833" timestamp="2020-09-11T10:49:19.666">
  <mem-info id="1835" free="1024924880" total="2836725760" percent="36">
    <mem type="nursery" free="0" total="939524096" percent="0">
      <mem type="allocate" free="0" total="788267008" percent="0" />
      <mem type="survivor" free="0" total="151257088" percent="0" />
    </mem>
    <mem type="tenure" free="1024924880" total="1897201664" percent="54">
      <mem type="soa" free="911091920" total="1783368704" percent="51" />
      <mem type="loa" free="113832960" total="113832960" percent="100" />
    </mem>
    <remembered-set count="193954" />
  </mem-info>
</gc-start>
<allocation-stats totalBytes="688216416" >
  <allocated-bytes non-tlh="22407568" tlh="665808848" />
  <largest-consumer threadName="Group1.Backend.CompositeBackend{Tier1}.4" threadId="0000000000854B00" bytes="102970536" />
</allocation-stats>
<gc-op id="1836" type="scavenge" timems="103.130" contextid="1833" timestamp="2020-09-11T10:49:19.769">
  <scavenger-info tenureage="3" tenuremask="7ff8" tiltratio="83" />
  <memory-copied type="nursery" objects="3863173" bytes="103820928" bytesdiscarded="156816" />
  <memory-copied type="tenure" objects="1034444" bytes="27849912" bytesdiscarded="16888" />
  <finalization candidates="2" enqueued="0" />
  <ownableSynchronizers candidates="22389" cleared="14817" />
  <references type="soft" candidates="4396" cleared="0" enqueued="0" dynamicThreshold="19" maxThreshold="32" />
  <references type="weak" candidates="108" cleared="99" enqueued="0" />
</gc-op>
<gc-end id="1837" type="scavenge" contextid="1833" durationms="104.447" usertimems="743.601" systemtimems="0.000" timestamp="2020-09-11T10:49:19.770" activeThreads="8">
  <mem-info id="1838" free="1687401984" total="2836725760" percent="59">
    <mem type="nursery" free="690156536" total="939524096" percent="73">
      <mem type="allocate" free="690156536" total="794230784" percent="86" />
      <mem type="survivor" free="0" total="145293312" percent="0" />
    </mem>
    <mem type="tenure" free="997245448" total="1897201664" percent="52" macro-fragmented="2160235">
      <mem type="soa" free="883412488" total="1783368704" percent="49" />
      <mem type="loa" free="113832960" total="113832960" percent="100" />
    </mem>
    <remembered-set count="31263" />
  </mem-info>
</gc-end>
<cycle-end id="1839" type="scavenge" contextid="1833" timestamp="2020-09-11T10:49:19.771" />
<allocation-satisfied id="1840" threadId="0000000000855600" bytesRequested="24" />
<af-end id="1841" timestamp="2020-09-11T10:49:19.771" threadId="0000000000855F80" success="true" from="nursery"/>
<exclusive-end id="1842" timestamp="2020-09-11T10:49:19.771" durationms="106.176" />

<exclusive-start id="1843" timestamp="2020-09-11T10:49:21.729" intervalms="2064.575">
  <response-info timems="0.347" idlems="0.182" threads="1" lastid="0000000000855600" lastname="Group1.Backend.CompositeBackend{Tier1}.5" />
</exclusive-start>
<af-start id="1844" threadId="0000000000855480" totalBytesRequested="112" timestamp="2020-09-11T10:49:21.730" intervalms="2064.502" type="nursery" />
<cycle-start id="1845" type="scavenge" contextid="0" timestamp="2020-09-11T10:49:21.730" intervalms="2064.520" />
<gc-start id="1846" type="scavenge" contextid="1845" timestamp="2020-09-11T10:49:21.730">
  <mem-info id="1847" free="997245448" total="2836725760" percent="35">
    <mem type="nursery" free="0" total="939524096" percent="0">
      <mem type="allocate" free="0" total="794230784" percent="0" />
      <mem type="survivor" free="0" total="145293312" percent="0" />
    </mem>
    <mem type="tenure" free="997245448" total="1897201664" percent="52">
      <mem type="soa" free="883412488" total="1783368704" percent="49" />
      <mem type="loa" free="113832960" total="113832960" percent="100" />
    </mem>
    <remembered-set count="192671" />
  </mem-info>
</gc-start>
<allocation-stats totalBytes="689762760" >
  <allocated-bytes non-tlh="28350024" tlh="661412736" />
  <largest-consumer threadName="Group1.Backend.CompositeBackend{Tier1}.8" threadId="000000000089D400" bytes="91248576" />
</allocation-stats>
<gc-op id="1848" type="scavenge" timems="106.253" contextid="1845" timestamp="2020-09-11T10:49:21.837">
  <scavenger-info tenureage="3" tenuremask="7ff8" tiltratio="84" />
  <memory-copied type="nursery" objects="4032872" bytes="108336968" bytesdiscarded="157704" />
  <memory-copied type="tenure" objects="958645" bytes="25819888" bytesdiscarded="12688" />
  <finalization candidates="2" enqueued="0" />
  <ownableSynchronizers candidates="19007" cleared="11946" />
  <references type="soft" candidates="4071" cleared="0" enqueued="0" dynamicThreshold="19" maxThreshold="32" />
  <references type="weak" candidates="113" cleared="113" enqueued="0" />
</gc-op>
<gc-end id="1849" type="scavenge" contextid="1845" durationms="107.116" usertimems="762.897" systemtimems="0.000" timestamp="2020-09-11T10:49:21.837" activeThreads="8">
  <mem-info id="1850" free="1660734040" total="2836725760" percent="58">
    <mem type="nursery" free="689443584" total="939524096" percent="73">
      <mem type="allocate" free="689443584" total="798031872" percent="86" />
      <mem type="survivor" free="0" total="141492224" percent="0" />
    </mem>
    <mem type="tenure" free="971290456" total="1897201664" percent="51" macro-fragmented="1048608">
      <mem type="soa" free="857457496" total="1783368704" percent="48" />
      <mem type="loa" free="113832960" total="113832960" percent="100" />
    </mem>
    <remembered-set count="31801" />
  </mem-info>
</gc-end>
<cycle-end id="1851" type="scavenge" contextid="1845" timestamp="2020-09-11T10:49:21.838" />
<allocation-satisfied id="1852" threadId="0000000000854B00" bytesRequested="112" />
<af-end id="1853" timestamp="2020-09-11T10:49:21.838" threadId="0000000000855480" success="true" from="nursery"/>
<exclusive-end id="1854" timestamp="2020-09-11T10:49:21.838" durationms="108.911" />

<exclusive-start id="1855" timestamp="2020-09-11T10:49:23.722" intervalms="1992.745">
  <response-info timems="1.477" idlems="0.223" threads="13" lastid="000000000088D200" lastname="Group1.TxInjector.CompositeTxInjector.I.driver.probe.15" />
</exclusive-start>
<af-start id="1856" threadId="000000000077FB80" totalBytesRequested="24" timestamp="2020-09-11T10:49:23.723" intervalms="1992.937" type="nursery" />
<cycle-start id="1857" type="scavenge" contextid="0" timestamp="2020-09-11T10:49:23.723" intervalms="1992.950" />
<gc-start id="1858" type="scavenge" contextid="1857" timestamp="2020-09-11T10:49:23.723">
  <mem-info id="1859" free="971290456" total="2836725760" percent="34">
    <mem type="nursery" free="0" total="939524096" percent="0">
      <mem type="allocate" free="0" total="798031872" percent="0" />
      <mem type="survivor" free="0" total="141492224" percent="0" />
    </mem>
    <mem type="tenure" free="971290456" total="1897201664" percent="51">
      <mem type="soa" free="857457496" total="1783368704" percent="48" />
      <mem type="loa" free="113832960" total="113832960" percent="100" />
    </mem>
    <remembered-set count="189923" />
  </mem-info>
</gc-start>
<allocation-stats totalBytes="689053712" >
  <allocated-bytes non-tlh="33603752" tlh="655449960" />
  <largest-consumer threadName="Group1.Backend.CompositeBackend{Tier1}.5" threadId="0000000000855600" bytes="94307152" />
</allocation-stats>
<gc-op id="1860" type="scavenge" timems="103.178" contextid="1857" timestamp="2020-09-11T10:49:23.827">
  <scavenger-info tenureage="3" tenuremask="7ff8" tiltratio="84" />
  <memory-copied type="nursery" objects="4154933" bytes="111434776" bytesdiscarded="185240" />
  <memory-copied type="tenure" objects="1026000" bytes="27594544" bytesdiscarded="13936" />
  <finalization candidates="2" enqueued="0" />
  <ownableSynchronizers candidates="18428" cleared="11847" />
  <references type="soft" candidates="3711" cleared="0" enqueued="0" dynamicThreshold="19" maxThreshold="32" />
  <references type="weak" candidates="117" cleared="117" enqueued="0" />
</gc-op>
<gc-end id="1861" type="scavenge" contextid="1857" durationms="104.114" usertimems="738.790" systemtimems="0.000" timestamp="2020-09-11T10:49:23.827" activeThreads="8">
  <mem-info id="1862" free="1632762136" total="2836725760" percent="57">
    <mem type="nursery" free="688941304" total="939524096" percent="73">
      <mem type="allocate" free="688941304" total="800653312" percent="86" />
      <mem type="survivor" free="0" total="138870784" percent="0" />
    </mem>
    <mem type="tenure" free="943820832" total="1897201664" percent="49" macro-fragmented="0">
      <mem type="soa" free="829987872" total="1783368704" percent="46" />
      <mem type="loa" free="113832960" total="113832960" percent="100" />
    </mem>
    <remembered-set count="30842" />
  </mem-info>
</gc-end>
<cycle-end id="1863" type="scavenge" contextid="1857" timestamp="2020-09-11T10:49:23.828" />
<allocation-satisfied id="1864" threadId="000000000077F200" bytesRequested="24" />
<af-end id="1865" timestamp="2020-09-11T10:49:23.829" threadId="000000000077FB80" success="true" from="nursery"/>
<exclusive-end id="1866" timestamp="2020-09-11T10:49:23.829" durationms="106.455" />

<exclusive-start id="1867" timestamp="2020-09-11T10:49:25.737" intervalms="2015.211">
  <response-info timems="0.455" idlems="0.455" threads="0" lastid="000000000077F200" lastname="Group1.Backend.CompositeBackend{Tier1}.2" />
</exclusive-start>
<af-start id="1868" threadId="000000000077FB80" totalBytesRequested="656" timestamp="2020-09-11T10:49:25.738" intervalms="2015.380" type="nursery" />
<cycle-start id="1869" type="scavenge" contextid="0" timestamp="2020-09-11T10:49:25.738" intervalms="2015.371" />
<gc-start id="1870" type="scavenge" contextid="1869" timestamp="2020-09-11T10:49:25.739">
  <mem-info id="1871" free="943820832" total="2836725760" percent="33">
    <mem type="nursery" free="0" total="939524096" percent="0">
      <mem type="allocate" free="0" total="800653312" percent="0" />
      <mem type="survivor" free="0" total="138870784" percent="0" />
    </mem>
    <mem type="tenure" free="943820832" total="1897201664" percent="49">
      <mem type="soa" free="829987872" total="1783368704" percent="46" />
      <mem type="loa" free="113832960" total="113832960" percent="100" />
    </mem>
    <remembered-set count="191163" />
  </mem-info>
</gc-start>
<allocation-stats totalBytes="688524992" >
  <allocated-bytes non-tlh="31155168" tlh="657369824" />
  <largest-consumer threadName="Group1.Backend.CompositeBackend{Tier1}.7" threadId="0000000000891B00" bytes="95869320" />
</allocation-stats>
<gc-op id="1872" type="scavenge" timems="107.930" contextid="1869" timestamp="2020-09-11T10:49:25.847">
  <scavenger-info tenureage="3" tenuremask="7ff8" tiltratio="85" />
  <memory-copied type="nursery" objects="4020393" bytes="107990584" bytesdiscarded="271168" />
  <memory-copied type="tenure" objects="1146403" bytes="30880976" bytesdiscarded="36496" />
  <finalization candidates="2" enqueued="0" />
  <ownableSynchronizers candidates="18149" cleared="12012" />
  <references type="soft" candidates="3458" cleared="0" enqueued="0" dynamicThreshold="19" maxThreshold="32" />
  <references type="weak" candidates="108" cleared="108" enqueued="0" />
</gc-op>
<gc-end id="1873" type="scavenge" contextid="1869" durationms="108.822" usertimems="803.932" systemtimems="1.162" timestamp="2020-09-11T10:49:25.847" activeThreads="8">
  <mem-info id="1874" free="1608080152" total="2836725760" percent="56">
    <mem type="nursery" free="695116544" total="939524096" percent="73">
      <mem type="allocate" free="695116544" total="803471360" percent="86" />
      <mem type="survivor" free="0" total="136052736" percent="0" />
    </mem>
    <mem type="tenure" free="912963608" total="1897201664" percent="48" macro-fragmented="5375358">
      <mem type="soa" free="799130648" total="1783368704" percent="44" />
      <mem type="loa" free="113832960" total="113832960" percent="100" />
    </mem>
    <remembered-set count="31138" />
  </mem-info>
</gc-end>
<cycle-end id="1875" type="scavenge" contextid="1869" timestamp="2020-09-11T10:49:25.848" />
<allocation-satisfied id="1876" threadId="000000000077F200" bytesRequested="656" />
<af-end id="1877" timestamp="2020-09-11T10:49:25.848" threadId="000000000077FB80" success="true" from="nursery"/>
<exclusive-end id="1878" timestamp="2020-09-11T10:49:25.848" durationms="111.125" />

<exclusive-start id="1879" timestamp="2020-09-11T10:49:27.775" intervalms="2037.447">
  <response-info timems="1.175" idlems="1.175" threads="0" lastid="000000000088A300" lastname="Group1.Backend.CompositeBackend{Tier1}.6" />
</exclusive-start>
<af-start id="1880" threadId="000000000088AC80" totalBytesRequested="16" timestamp="2020-09-11T10:49:27.776" intervalms="2037.360" type="nursery" />
<cycle-start id="1881" type="scavenge" contextid="0" timestamp="2020-09-11T10:49:27.776" intervalms="2037.370" />
<gc-start id="1882" type="scavenge" contextid="1881" timestamp="2020-09-11T10:49:27.776">
  <mem-info id="1883" free="912963608" total="2836725760" percent="32">
    <mem type="nursery" free="0" total="939524096" percent="0">
      <mem type="allocate" free="0" total="803471360" percent="0" />
      <mem type="survivor" free="0" total="136052736" percent="0" />
    </mem>
    <mem type="tenure" free="912963608" total="1897201664" percent="48">
      <mem type="soa" free="799130648" total="1783368704" percent="44" />
      <mem type="loa" free="113832960" total="113832960" percent="100" />
    </mem>
    <remembered-set count="191211" />
  </mem-info>
</gc-start>
<allocation-stats totalBytes="694730096" >
  <allocated-bytes non-tlh="33727696" tlh="661002400" />
  <largest-consumer threadName="Group1.Backend.CompositeBackend{Tier1}.1" threadId="000000000077FE00" bytes="95420808" />
</allocation-stats>
<gc-op id="1884" type="scavenge" timems="91.880" contextid="1881" timestamp="2020-09-11T10:49:27.868">
  <scavenger-info tenureage="3" tenuremask="7ff8" tiltratio="85" />
  <memory-copied type="nursery" objects="3972056" bytes="106658736" bytesdiscarded="344504" />
  <memory-copied type="tenure" objects="1103964" bytes="29709112" bytesdiscarded="22840" />
  <ownableSynchronizers candidates="17107" cleared="11385" />
  <references type="soft" candidates="3385" cleared="0" enqueued="0" dynamicThreshold="19" maxThreshold="32" />
  <references type="weak" candidates="118" cleared="118" enqueued="0" />
</gc-op>
<gc-end id="1885" type="scavenge" contextid="1881" durationms="92.909" usertimems="718.038" systemtimems="5.615" timestamp="2020-09-11T10:49:27.869" activeThreads="8">
  <mem-info id="1886" free="1582485600" total="2836725760" percent="55">
    <mem type="nursery" free="699389184" total="939524096" percent="74">
      <mem type="allocate" free="699389184" total="806486016" percent="86" />
      <mem type="survivor" free="0" total="133038080" percent="0" />
    </mem>
    <mem type="tenure" free="883096416" total="1897201664" percent="46" macro-fragmented="0">
      <mem type="soa" free="769263456" total="1783368704" percent="43" />
      <mem type="loa" free="113832960" total="113832960" percent="100" />
    </mem>
    <remembered-set count="32014" />
  </mem-info>
</gc-end>
<cycle-end id="1887" type="scavenge" contextid="1881" timestamp="2020-09-11T10:49:27.870" />
<allocation-satisfied id="1888" threadId="000000000088A300" bytesRequested="16" />
<af-end id="1889" timestamp="2020-09-11T10:49:27.870" threadId="000000000088AC80" success="true" from="nursery"/>
<exclusive-end id="1890" timestamp="2020-09-11T10:49:27.870" durationms="94.864" />

<exclusive-start id="1891" timestamp="2020-09-11T10:49:29.914" intervalms="2138.916">
  <response-info timems="8.792" idlems="8.792" threads="0" lastid="000000000077F200" lastname="Group1.Backend.CompositeBackend{Tier1}.2" />
</exclusive-start>
<af-start id="1892" threadId="000000000077FB80" totalBytesRequested="16" timestamp="2020-09-11T10:49:29.914" intervalms="2138.647" type="nursery" />
<cycle-start id="1893" type="scavenge" contextid="0" timestamp="2020-09-11T10:49:29.914" intervalms="2138.649" />
<gc-start id="1894" type="scavenge" contextid="1893" timestamp="2020-09-11T10:49:29.915">
  <mem-info id="1895" free="883096416" total="2836725760" percent="31">
    <mem type="nursery" free="0" total="939524096" percent="0">
      <mem type="allocate" free="0" total="806486016" percent="0" />
      <mem type="survivor" free="0" total="133038080" percent="0" />
    </mem>
    <mem type="tenure" free="883096416" total="1897201664" percent="46">
      <mem type="soa" free="769263456" total="1783368704" percent="43" />
      <mem type="loa" free="113832960" total="113832960" percent="100" />
    </mem>
    <remembered-set count="196427" />
  </mem-info>
</gc-start>
<allocation-stats totalBytes="698963928" >
  <allocated-bytes non-tlh="29157784" tlh="669806144" />
  <largest-consumer threadName="Group1.Backend.CompositeBackend{Tier1}.7" threadId="0000000000891B00" bytes="91463536" />
</allocation-stats>
<gc-op id="1896" type="scavenge" timems="118.064" contextid="1893" timestamp="2020-09-11T10:49:30.033">
  <scavenger-info tenureage="3" tenuremask="7ff8" tiltratio="85" />
  <memory-copied type="nursery" objects="4072119" bytes="109304768" bytesdiscarded="182024" />
  <memory-copied type="tenure" objects="1047506" bytes="28193872" bytesdiscarded="18904" />
  <ownableSynchronizers candidates="16891" cleared="11253" />
  <references type="soft" candidates="3343" cleared="0" enqueued="0" dynamicThreshold="19" maxThreshold="32" />
  <references type="weak" candidates="106" cleared="106" enqueued="0" />
</gc-op>
<gc-end id="1897" type="scavenge" contextid="1893" durationms="118.993" usertimems="883.722" systemtimems="24.749" timestamp="2020-09-11T10:49:30.034" activeThreads="8">
  <mem-info id="1898" free="1553435480" total="2836725760" percent="54">
    <mem type="nursery" free="698413568" total="939524096" percent="74">
      <mem type="allocate" free="698413568" total="807993344" percent="86" />
      <mem type="survivor" free="0" total="131530752" percent="0" />
    </mem>
    <mem type="tenure" free="855021912" total="1897201664" percent="45" macro-fragmented="418667">
      <mem type="soa" free="741188952" total="1783368704" percent="41" />
      <mem type="loa" free="113832960" total="113832960" percent="100" />
    </mem>
    <remembered-set count="34224" />
  </mem-info>
</gc-end>
<cycle-end id="1899" type="scavenge" contextid="1893" timestamp="2020-09-11T10:49:30.034" />
<allocation-satisfied id="1900" threadId="000000000077F200" bytesRequested="16" />
<af-end id="1901" timestamp="2020-09-11T10:49:30.034" threadId="000000000077FB80" success="true" from="nursery"/>
<exclusive-end id="1902" timestamp="2020-09-11T10:49:30.034" durationms="120.604" />

<exclusive-start id="1903" timestamp="2020-09-11T10:49:31.875" intervalms="1961.451">
  <response-info timems="1.140" idlems="1.140" threads="0" lastid="000000000077F200" lastname="Group1.Backend.CompositeBackend{Tier1}.2" />
</exclusive-start>
<af-start id="1904" threadId="000000000077FB80" totalBytesRequested="524296" timestamp="2020-09-11T10:49:31.876" intervalms="1961.541" type="nursery" />
<cycle-start id="1905" type="scavenge" contextid="0" timestamp="2020-09-11T10:49:31.876" intervalms="1961.508" />
<gc-start id="1906" type="scavenge" contextid="1905" timestamp="2020-09-11T10:49:31.876">
  <mem-info id="1907" free="855342744" total="2836725760" percent="30">
    <mem type="nursery" free="320832" total="939524096" percent="0">
      <mem type="allocate" free="320832" total="807993344" percent="0" />
      <mem type="survivor" free="0" total="131530752" percent="0" />
    </mem>
    <mem type="tenure" free="855021912" total="1897201664" percent="45">
      <mem type="soa" free="741188952" total="1783368704" percent="41" />
      <mem type="loa" free="113832960" total="113832960" percent="100" />
    </mem>
    <remembered-set count="193645" />
  </mem-info>
</gc-start>
<allocation-stats totalBytes="697708832" >
  <allocated-bytes non-tlh="35773944" tlh="661934888" />
  <largest-consumer threadName="Group1.Backend.CompositeBackend{Tier1}.1" threadId="000000000077FE00" bytes="94264880" />
</allocation-stats>
<gc-op id="1908" type="scavenge" timems="102.943" contextid="1905" timestamp="2020-09-11T10:49:31.979">
  <scavenger-info tenureage="3" tenuremask="7ff8" tiltratio="86" />
  <memory-copied type="nursery" objects="4225077" bytes="112440488" bytesdiscarded="180456" />
  <memory-copied type="tenure" objects="1073412" bytes="28878736" bytesdiscarded="17592" />
  <finalization candidates="1" enqueued="0" />
  <ownableSynchronizers candidates="15893" cleared="10428" />
  <references type="soft" candidates="3203" cleared="0" enqueued="0" dynamicThreshold="19" maxThreshold="32" />
  <references type="weak" candidates="110" cleared="110" enqueued="0" />
</gc-op>
<gc-end id="1909" type="scavenge" contextid="1905" durationms="103.947" usertimems="777.145" systemtimems="11.979" timestamp="2020-09-11T10:49:31.980" activeThreads="8">
  <mem-info id="1910" free="1521724160" total="2836725760" percent="53">
    <mem type="nursery" free="695670776" total="939524096" percent="74">
      <mem type="allocate" free="695670776" total="808386560" percent="86" />
      <mem type="survivor" free="0" total="131137536" percent="0" />
    </mem>
    <mem type="tenure" free="826053384" total="1897201664" percent="43" macro-fragmented="0">
      <mem type="soa" free="712220424" total="1783368704" percent="39" />
      <mem type="loa" free="113832960" total="113832960" percent="100" />
    </mem>
    <remembered-set count="33325" />
  </mem-info>
</gc-end>
<cycle-end id="1911" type="scavenge" contextid="1905" timestamp="2020-09-11T10:49:31.983" />
<allocation-satisfied id="1912" threadId="000000000077F200" bytesRequested="524296" />
<af-end id="1913" timestamp="2020-09-11T10:49:31.983" threadId="000000000077FB80" success="true" from="nursery"/>
<exclusive-end id="1914" timestamp="2020-09-11T10:49:31.983" durationms="108.151" />

<exclusive-start id="1915" timestamp="2020-09-11T10:49:34.014" intervalms="2138.565">
  <response-info timems="6.689" idlems="6.689" threads="0" lastid="000000000077FE00" lastname="Group1.Backend.CompositeBackend{Tier1}.1" />
</exclusive-start>
<af-start id="1916" threadId="0000000000780780" totalBytesRequested="16" timestamp="2020-09-11T10:49:34.015" intervalms="2138.784" type="nursery" />
<cycle-start id="1917" type="scavenge" contextid="0" timestamp="2020-09-11T10:49:34.015" intervalms="2138.872" />
<gc-start id="1918" type="scavenge" contextid="1917" timestamp="2020-09-11T10:49:34.015">
  <mem-info id="1919" free="826053384" total="2836725760" percent="29">
    <mem type="nursery" free="0" total="939524096" percent="0">
      <mem type="allocate" free="0" total="808386560" percent="0" />
      <mem type="survivor" free="0" total="131137536" percent="0" />
    </mem>
    <mem type="tenure" free="826053384" total="1897201664" percent="43">
      <mem type="soa" free="712220424" total="1783368704" percent="39" />
      <mem type="loa" free="113832960" total="113832960" percent="100" />
    </mem>
    <remembered-set count="194678" />
  </mem-info>
</gc-start>
<allocation-stats totalBytes="695253792" >
  <allocated-bytes non-tlh="30487176" tlh="664766616" />
  <largest-consumer threadName="Group1.Backend.CompositeBackend{Tier1}.8" threadId="000000000089D400" bytes="97581352" />
</allocation-stats>
<gc-op id="1920" type="scavenge" timems="113.905" contextid="1917" timestamp="2020-09-11T10:49:34.129">
  <scavenger-info tenureage="3" tenuremask="7ff8" tiltratio="86" />
  <memory-copied type="nursery" objects="4283077" bytes="114001168" bytesdiscarded="136536" />
  <memory-copied type="tenure" objects="1083688" bytes="29155336" bytesdiscarded="20752" />
  <finalization candidates="1" enqueued="0" />
  <ownableSynchronizers candidates="15294" cleared="10065" />
  <references type="soft" candidates="3085" cleared="0" enqueued="0" dynamicThreshold="19" maxThreshold="32" />
  <references type="weak" candidates="127" cleared="126" enqueued="0" />
</gc-op>
<gc-end id="1921" type="scavenge" contextid="1917" durationms="115.289" usertimems="869.889" systemtimems="0.000" timestamp="2020-09-11T10:49:34.130" activeThreads="8">
  <mem-info id="1922" free="1492240616" total="2836725760" percent="52">
    <mem type="nursery" free="695537656" total="939524096" percent="74">
      <mem type="allocate" free="695537656" total="809762816" percent="85" />
      <mem type="survivor" free="0" total="129761280" percent="0" />
    </mem>
    <mem type="tenure" free="796702960" total="1897201664" percent="41" macro-fragmented="1572888">
      <mem type="soa" free="682870000" total="1783368704" percent="38" />
      <mem type="loa" free="113832960" total="113832960" percent="100" />
    </mem>
    <remembered-set count="33443" />
  </mem-info>
</gc-end>
<cycle-end id="1923" type="scavenge" contextid="1917" timestamp="2020-09-11T10:49:34.133" />
<allocation-satisfied id="1924" threadId="000000000077FE00" bytesRequested="16" />
<af-end id="1925" timestamp="2020-09-11T10:49:34.133" threadId="0000000000780780" success="true" from="nursery"/>
<exclusive-end id="1926" timestamp="2020-09-11T10:49:34.133" durationms="119.647" />

<exclusive-start id="1927" timestamp="2020-09-11T10:49:36.000" intervalms="1986.461">
  <response-info timems="0.300" idlems="0.300" threads="0" lastid="000000000088A300" lastname="Group1.Backend.CompositeBackend{Tier1}.6" />
</exclusive-start>
<af-start id="1928" threadId="000000000088AC80" totalBytesRequested="40" timestamp="2020-09-11T10:49:36.001" intervalms="1986.113" type="nursery" />
<cycle-start id="1929" type="scavenge" contextid="0" timestamp="2020-09-11T10:49:36.001" intervalms="1986.026" />
<gc-start id="1930" type="scavenge" contextid="1929" timestamp="2020-09-11T10:49:36.002">
  <mem-info id="1931" free="796702960" total="2836725760" percent="28">
    <mem type="nursery" free="0" total="939524096" percent="0">
      <mem type="allocate" free="0" total="809762816" percent="0" />
      <mem type="survivor" free="0" total="129761280" percent="0" />
    </mem>
    <mem type="tenure" free="796702960" total="1897201664" percent="41">
      <mem type="soa" free="682870000" total="1783368704" percent="38" />
      <mem type="loa" free="113832960" total="113832960" percent="100" />
    </mem>
    <remembered-set count="192942" />
  </mem-info>
</gc-start>
<allocation-stats totalBytes="695153232" >
  <allocated-bytes non-tlh="34336488" tlh="660816744" />
  <largest-consumer threadName="Group1.Backend.CompositeBackend{Tier1}.8" threadId="000000000089D400" bytes="108000896" />
</allocation-stats>
<gc-op id="1932" type="scavenge" timems="100.174" contextid="1929" timestamp="2020-09-11T10:49:36.102">
  <scavenger-info tenureage="3" tenuremask="7ff8" tiltratio="86" />
  <memory-copied type="nursery" objects="4142801" bytes="110778696" bytesdiscarded="268800" />
  <memory-copied type="tenure" objects="1125693" bytes="30275456" bytesdiscarded="23640" />
  <finalization candidates="1" enqueued="0" />
  <ownableSynchronizers candidates="14614" cleared="9603" />
  <references type="soft" candidates="2924" cleared="0" enqueued="0" dynamicThreshold="19" maxThreshold="32" />
  <references type="weak" candidates="115" cleared="114" enqueued="0" />
</gc-op>
<gc-end id="1933" type="scavenge" contextid="1929" durationms="100.983" usertimems="738.173" systemtimems="0.000" timestamp="2020-09-11T10:49:36.103" activeThreads="8">
  <mem-info id="1934" free="1465487648" total="2836725760" percent="51">
    <mem type="nursery" free="699024632" total="939524096" percent="74">
      <mem type="allocate" free="699024632" total="810156032" percent="86" />
      <mem type="survivor" free="0" total="129368064" percent="0" />
    </mem>
    <mem type="tenure" free="766463016" total="1897201664" percent="40" macro-fragmented="0">
      <mem type="soa" free="652630056" total="1783368704" percent="36" />
      <mem type="loa" free="113832960" total="113832960" percent="100" />
    </mem>
    <remembered-set count="31068" />
  </mem-info>
</gc-end>
<cycle-end id="1935" type="scavenge" contextid="1929" timestamp="2020-09-11T10:49:36.106" />
<allocation-satisfied id="1936" threadId="000000000088A300" bytesRequested="40" />
<af-end id="1937" timestamp="2020-09-11T10:49:36.106" threadId="000000000088AC80" success="true" from="nursery"/>
<exclusive-end id="1938" timestamp="2020-09-11T10:49:36.106" durationms="105.659" />

<exclusive-start id="1939" timestamp="2020-09-11T10:49:38.096" intervalms="2096.203">
  <response-info timems="0.258" idlems="0.258" threads="0" lastid="000000000088A300" lastname="Group1.Backend.CompositeBackend{Tier1}.6" />
</exclusive-start>
<af-start id="1940" threadId="000000000088AC80" totalBytesRequested="32" timestamp="2020-09-11T10:49:38.097" intervalms="2096.245" type="nursery" />
<cycle-start id="1941" type="scavenge" contextid="0" timestamp="2020-09-11T10:49:38.097" intervalms="2096.257" />
<gc-start id="1942" type="scavenge" contextid="1941" timestamp="2020-09-11T10:49:38.097">
  <mem-info id="1943" free="766463016" total="2836725760" percent="27">
    <mem type="nursery" free="0" total="939524096" percent="0">
      <mem type="allocate" free="0" total="810156032" percent="0" />
      <mem type="survivor" free="0" total="129368064" percent="0" />
    </mem>
    <mem type="tenure" free="766463016" total="1897201664" percent="40">
      <mem type="soa" free="652630056" total="1783368704" percent="36" />
      <mem type="loa" free="113832960" total="113832960" percent="100" />
    </mem>
    <remembered-set count="192038" />
  </mem-info>
</gc-start>
<allocation-stats totalBytes="698619720" >
  <allocated-bytes non-tlh="33077440" tlh="665542280" />
  <largest-consumer threadName="Group1.Backend.CompositeBackend{Tier1}.3" threadId="0000000000808C00" bytes="94825848" />
</allocation-stats>
<gc-op id="1944" type="scavenge" timems="100.505" contextid="1941" timestamp="2020-09-11T10:49:38.198">
  <scavenger-info tenureage="3" tenuremask="7ff8" tiltratio="86" />
  <memory-copied type="nursery" objects="4089353" bytes="109766008" bytesdiscarded="196784" />
  <memory-copied type="tenure" objects="1077441" bytes="28976288" bytesdiscarded="27760" />
  <finalization candidates="1" enqueued="0" />
  <ownableSynchronizers candidates="14786" cleared="9933" />
  <references type="soft" candidates="2883" cleared="0" enqueued="0" dynamicThreshold="19" maxThreshold="32" />
  <references type="weak" candidates="117" cleared="117" enqueued="0" />
</gc-op>
<gc-end id="1945" type="scavenge" contextid="1941" durationms="101.380" usertimems="773.599" systemtimems="3.409" timestamp="2020-09-11T10:49:38.199" activeThreads="8">
  <mem-info id="1946" free="1438620288" total="2836725760" percent="50">
    <mem type="nursery" free="701153280" total="939524096" percent="74">
      <mem type="allocate" free="701153280" total="811204608" percent="86" />
      <mem type="survivor" free="0" total="128319488" percent="0" />
    </mem>
    <mem type="tenure" free="737467008" total="1897201664" percent="38" macro-fragmented="3145752">
      <mem type="soa" free="623634048" total="1783368704" percent="34" />
      <mem type="loa" free="113832960" total="113832960" percent="100" />
    </mem>
    <remembered-set count="29642" />
  </mem-info>
</gc-end>
<cycle-end id="1947" type="scavenge" contextid="1941" timestamp="2020-09-11T10:49:38.199" />
<allocation-satisfied id="1948" threadId="000000000088A300" bytesRequested="32" />
<af-end id="1949" timestamp="2020-09-11T10:49:38.199" threadId="000000000088AC80" success="true" from="nursery"/>
<exclusive-end id="1950" timestamp="2020-09-11T10:49:38.199" durationms="103.071" />

<exclusive-start id="1951" timestamp="2020-09-11T10:49:40.153" intervalms="2056.865">
  <response-info timems="2.994" idlems="2.994" threads="0" lastid="000000000088A300" lastname="Group1.Backend.CompositeBackend{Tier1}.6" />
</exclusive-start>
<af-start id="1952" threadId="000000000088AC80" totalBytesRequested="16" timestamp="2020-09-11T10:49:40.154" intervalms="2057.373" type="nursery" />
<cycle-start id="1953" type="scavenge" contextid="0" timestamp="2020-09-11T10:49:40.155" intervalms="2057.462" />
<gc-start id="1954" type="scavenge" contextid="1953" timestamp="2020-09-11T10:49:40.155">
  <mem-info id="1955" free="737467008" total="2836725760" percent="25">
    <mem type="nursery" free="0" total="939524096" percent="0">
      <mem type="allocate" free="0" total="811204608" percent="0" />
      <mem type="survivor" free="0" total="128319488" percent="0" />
    </mem>
    <mem type="tenure" free="737467008" total="1897201664" percent="38">
      <mem type="soa" free="623634048" total="1783368704" percent="34" />
      <mem type="loa" free="113832960" total="113832960" percent="100" />
    </mem>
    <remembered-set count="190081" />
  </mem-info>
</gc-start>
<allocation-stats totalBytes="700731512" >
  <allocated-bytes non-tlh="35178816" tlh="665552696" />
  <largest-consumer threadName="Group1.Backend.CompositeBackend{Tier1}.8" threadId="000000000089D400" bytes="100824024" />
</allocation-stats>
<gc-op id="1956" type="scavenge" timems="107.276" contextid="1953" timestamp="2020-09-11T10:49:40.262">
  <scavenger-info tenureage="3" tenuremask="7ff8" tiltratio="86" />
  <memory-copied type="nursery" objects="4084737" bytes="109604368" bytesdiscarded="200936" />
  <memory-copied type="tenure" objects="1122689" bytes="30231736" bytesdiscarded="23672" />
  <ownableSynchronizers candidates="13210" cleared="8580" />
  <references type="soft" candidates="2737" cleared="0" enqueued="0" dynamicThreshold="19" maxThreshold="32" />
  <references type="weak" candidates="127" cleared="127" enqueued="0" />
</gc-op>
<gc-end id="1957" type="scavenge" contextid="1953" durationms="108.248" usertimems="837.055" systemtimems="1.267" timestamp="2020-09-11T10:49:40.263" activeThreads="8">
  <mem-info id="1958" free="1409580096" total="2836725760" percent="49">
    <mem type="nursery" free="702359296" total="939524096" percent="74">
      <mem type="allocate" free="702359296" total="812253184" percent="86" />
      <mem type="survivor" free="0" total="127270912" percent="0" />
    </mem>
    <mem type="tenure" free="707220800" total="1897201664" percent="37" macro-fragmented="2160235">
      <mem type="soa" free="593387840" total="1783368704" percent="33" />
      <mem type="loa" free="113832960" total="113832960" percent="100" />
    </mem>
    <remembered-set count="31040" />
  </mem-info>
</gc-end>
<cycle-end id="1959" type="scavenge" contextid="1953" timestamp="2020-09-11T10:49:40.264" />
<allocation-satisfied id="1960" threadId="000000000088A300" bytesRequested="16" />
<af-end id="1961" timestamp="2020-09-11T10:49:40.264" threadId="000000000088AC80" success="true" from="nursery"/>
<exclusive-end id="1962" timestamp="2020-09-11T10:49:40.264" durationms="110.740" />

<exclusive-start id="1963" timestamp="2020-09-11T10:49:42.255" intervalms="2102.209">
  <response-info timems="0.286" idlems="0.170" threads="1" lastid="0000000000891B00" lastname="Group1.Backend.CompositeBackend{Tier1}.7" />
</exclusive-start>
<af-start id="1964" threadId="0000000000855480" totalBytesRequested="264" timestamp="2020-09-11T10:49:42.256" intervalms="2101.762" type="nursery" />
<cycle-start id="1965" type="scavenge" contextid="0" timestamp="2020-09-11T10:49:42.256" intervalms="2101.673" />
<gc-start id="1966" type="scavenge" contextid="1965" timestamp="2020-09-11T10:49:42.257">
  <mem-info id="1967" free="707220800" total="2836725760" percent="24">
    <mem type="nursery" free="0" total="939524096" percent="0">
      <mem type="allocate" free="0" total="812253184" percent="0" />
      <mem type="survivor" free="0" total="127270912" percent="0" />
    </mem>
    <mem type="tenure" free="707220800" total="1897201664" percent="37">
      <mem type="soa" free="593387840" total="1783368704" percent="33" />
      <mem type="loa" free="113832960" total="113832960" percent="100" />
    </mem>
    <remembered-set count="194341" />
  </mem-info>
</gc-start>
<allocation-stats totalBytes="701966592" >
  <allocated-bytes non-tlh="31031152" tlh="670935440" />
  <largest-consumer threadName="Group1.Backend.CompositeBackend{Tier1}.6" threadId="000000000088A300" bytes="101389640" />
</allocation-stats>
<gc-op id="1968" type="scavenge" timems="113.370" contextid="1965" timestamp="2020-09-11T10:49:42.370">
  <scavenger-info tenureage="3" tenuremask="7ff8" tiltratio="86" />
  <memory-copied type="nursery" objects="4343547" bytes="115700968" bytesdiscarded="195064" />
  <memory-copied type="tenure" objects="1079034" bytes="29039536" bytesdiscarded="34136" />
  <ownableSynchronizers candidates="12438" cleared="8052" />
  <references type="soft" candidates="2595" cleared="0" enqueued="0" dynamicThreshold="19" maxThreshold="32" />
  <references type="weak" candidates="118" cleared="117" enqueued="0" />
</gc-op>
<gc-end id="1969" type="scavenge" contextid="1965" durationms="114.339" usertimems="877.822" systemtimems="0.000" timestamp="2020-09-11T10:49:42.371" activeThreads="8">
  <mem-info id="1970" free="1366963432" total="2836725760" percent="48">
    <mem type="nursery" free="688924808" total="939524096" percent="73">
      <mem type="allocate" free="688924808" total="804913152" percent="85" />
      <mem type="survivor" free="0" total="134610944" percent="0" />
    </mem>
    <mem type="tenure" free="678038624" total="1897201664" percent="35" macro-fragmented="0">
      <mem type="soa" free="564205664" total="1783368704" percent="31" />
      <mem type="loa" free="113832960" total="113832960" percent="100" />
    </mem>
    <remembered-set count="30930" />
  </mem-info>
</gc-end>
<cycle-end id="1971" type="scavenge" contextid="1965" timestamp="2020-09-11T10:49:42.371" />
<allocation-satisfied id="1972" threadId="0000000000854B00" bytesRequested="264" />
<af-end id="1973" timestamp="2020-09-11T10:49:42.371" threadId="0000000000855480" success="true" from="nursery"/>
<exclusive-end id="1974" timestamp="2020-09-11T10:49:42.371" durationms="115.867" />

<exclusive-start id="1975" timestamp="2020-09-11T10:49:44.263" intervalms="2008.069">
  <response-info timems="4.361" idlems="4.361" threads="0" lastid="0000000000855600" lastname="Group1.Backend.CompositeBackend{Tier1}.5" />
</exclusive-start>
<af-start id="1976" threadId="0000000000855F80" totalBytesRequested="262152" timestamp="2020-09-11T10:49:44.264" intervalms="2008.349" type="nursery" />
<cycle-start id="1977" type="scavenge" contextid="0" timestamp="2020-09-11T10:49:44.265" intervalms="2008.377" />
<gc-start id="1978" type="scavenge" contextid="1977" timestamp="2020-09-11T10:49:44.265">
  <mem-info id="1979" free="678038624" total="2836725760" percent="23">
    <mem type="nursery" free="0" total="939524096" percent="0">
      <mem type="allocate" free="0" total="804913152" percent="0" />
      <mem type="survivor" free="0" total="134610944" percent="0" />
    </mem>
    <mem type="tenure" free="678038624" total="1897201664" percent="35">
      <mem type="soa" free="564205664" total="1783368704" percent="31" />
      <mem type="loa" free="113832960" total="113832960" percent="100" />
    </mem>
    <remembered-set count="191382" />
  </mem-info>
</gc-start>
<allocation-stats totalBytes="688551824" >
  <allocated-bytes non-tlh="30029432" tlh="658522392" />
  <largest-consumer threadName="Group1.Backend.CompositeBackend{Tier1}.7" threadId="0000000000891B00" bytes="91098896" />
</allocation-stats>
<gc-op id="1980" type="scavenge" timems="141.949" contextid="1977" timestamp="2020-09-11T10:49:44.407">
  <scavenger-info tenureage="3" tenuremask="7ff8" tiltratio="85" />
  <memory-copied type="nursery" objects="4945606" bytes="128750088" bytesdiscarded="188608" />
  <memory-copied type="tenure" objects="1100030" bytes="29613152" bytesdiscarded="23856" />
  <ownableSynchronizers candidates="12769" cleared="8514" />
  <references type="soft" candidates="2455" cleared="0" enqueued="0" dynamicThreshold="19" maxThreshold="32" />
  <references type="weak" candidates="117" cleared="117" enqueued="0" />
</gc-op>
<gc-end id="1981" type="scavenge" contextid="1977" durationms="143.757" usertimems="1094.179" systemtimems="4.607" timestamp="2020-09-11T10:49:44.409" activeThreads="8">
  <mem-info id="1982" free="1304916064" total="2836725760" percent="46">
    <mem type="nursery" free="656481032" total="939524096" percent="69">
      <mem type="allocate" free="656481032" total="785514496" percent="83" />
      <mem type="survivor" free="0" total="154009600" percent="0" />
    </mem>
    <mem type="tenure" free="648435032" total="1897201664" percent="34" macro-fragmented="0">
      <mem type="soa" free="534602072" total="1783368704" percent="29" />
      <mem type="loa" free="113832960" total="113832960" percent="100" />
    </mem>
    <remembered-set count="32122" />
  </mem-info>
</gc-end>
<cycle-end id="1983" type="scavenge" contextid="1977" timestamp="2020-09-11T10:49:44.413" />
<allocation-satisfied id="1984" threadId="0000000000855600" bytesRequested="262152" />
<af-end id="1985" timestamp="2020-09-11T10:49:44.413" threadId="0000000000855F80" success="true" from="nursery"/>
<exclusive-end id="1986" timestamp="2020-09-11T10:49:44.413" durationms="149.955" />

<exclusive-start id="1987" timestamp="2020-09-11T10:49:46.260" intervalms="1996.376">
  <response-info timems="1.099" idlems="0.767" threads="2" lastid="000000000077FE00" lastname="Group1.Backend.CompositeBackend{Tier1}.1" />
</exclusive-start>
<af-start id="1988" threadId="0000000000AA0680" totalBytesRequested="136" timestamp="2020-09-11T10:49:46.261" intervalms="1996.161" type="nursery" />
<cycle-start id="1989" type="scavenge" contextid="0" timestamp="2020-09-11T10:49:46.261" intervalms="1996.143" />
<gc-start id="1990" type="scavenge" contextid="1989" timestamp="2020-09-11T10:49:46.261">
  <mem-info id="1991" free="648432904" total="2836725760" percent="22">
    <mem type="nursery" free="0" total="939524096" percent="0">
      <mem type="allocate" free="0" total="785514496" percent="0" />
      <mem type="survivor" free="0" total="154009600" percent="0" />
    </mem>
    <mem type="tenure" free="648432904" total="1897201664" percent="34">
      <mem type="soa" free="534599944" total="1783368704" percent="29" />
      <mem type="loa" free="113832960" total="113832960" percent="100" />
    </mem>
    <remembered-set count="191157" />
  </mem-info>
</gc-start>
<allocation-stats totalBytes="656097752" >
  <allocated-bytes non-tlh="30101600" tlh="625996152" />
  <largest-consumer threadName="Group1.Backend.CompositeBackend{Tier1}.8" threadId="000000000089D400" bytes="102372000" />
</allocation-stats>
<gc-op id="1992" type="scavenge" timems="131.806" contextid="1989" timestamp="2020-09-11T10:49:46.393">
  <scavenger-info tenureage="3" tenuremask="7ff8" tiltratio="83" />
  <memory-copied type="nursery" objects="4299513" bytes="114366608" bytesdiscarded="157424" />
  <memory-copied type="tenure" objects="1110170" bytes="29843072" bytesdiscarded="21464" />
  <ownableSynchronizers candidates="10903" cleared="7029" />
  <references type="soft" candidates="2328" cleared="0" enqueued="0" dynamicThreshold="19" maxThreshold="32" />
  <references type="weak" candidates="123" cleared="115" enqueued="1" />
</gc-op>
<gc-end id="1993" type="scavenge" contextid="1989" durationms="132.714" usertimems="946.737" systemtimems="20.567" timestamp="2020-09-11T10:49:46.394" activeThreads="8">
  <mem-info id="1994" free="1291385408" total="2836725760" percent="45">
    <mem type="nursery" free="672869064" total="939524096" percent="71">
      <mem type="allocate" free="672869064" total="787480576" percent="85" />
      <mem type="survivor" free="0" total="152043520" percent="0" />
    </mem>
    <mem type="tenure" free="618516344" total="1897201664" percent="32" macro-fragmented="0">
      <mem type="soa" free="504683384" total="1783368704" percent="28" />
      <mem type="loa" free="113832960" total="113832960" percent="100" />
    </mem>
    <pending-finalizers system="0" default="0" reference="1" classloader="0" />
    <remembered-set count="31127" />
  </mem-info>
</gc-end>
<cycle-end id="1995" type="scavenge" contextid="1989" timestamp="2020-09-11T10:49:46.394" />
<allocation-satisfied id="1996" threadId="0000000000A9FD00" bytesRequested="136" />
<af-end id="1997" timestamp="2020-09-11T10:49:46.394" threadId="0000000000AA0680" success="true" from="nursery"/>
<exclusive-end id="1998" timestamp="2020-09-11T10:49:46.394" durationms="134.408" />

<exclusive-start id="1999" timestamp="2020-09-11T10:49:48.262" intervalms="2001.852">
  <response-info timems="0.318" idlems="0.318" threads="0" lastid="0000000000891B00" lastname="Group1.Backend.CompositeBackend{Tier1}.7" />
</exclusive-start>
<af-start id="2000" threadId="0000000000892480" totalBytesRequested="120" timestamp="2020-09-11T10:49:48.262" intervalms="2001.656" type="nursery" />
<cycle-start id="2001" type="scavenge" contextid="0" timestamp="2020-09-11T10:49:48.262" intervalms="2001.633" />
<gc-start id="2002" type="scavenge" contextid="2001" timestamp="2020-09-11T10:49:48.263">
  <mem-info id="2003" free="618515928" total="2836725760" percent="21">
    <mem type="nursery" free="0" total="939524096" percent="0">
      <mem type="allocate" free="0" total="787480576" percent="0" />
      <mem type="survivor" free="0" total="152043520" percent="0" />
    </mem>
    <mem type="tenure" free="618515928" total="1897201664" percent="32">
      <mem type="soa" free="504682968" total="1783368704" percent="28" />
      <mem type="loa" free="113832960" total="113832960" percent="100" />
    </mem>
    <remembered-set count="190914" />
  </mem-info>
</gc-start>
<allocation-stats totalBytes="672490472" >
  <allocated-bytes non-tlh="29268856" tlh="643221616" />
  <largest-consumer threadName="Group1.Backend.CompositeBackend{Tier1}.2" threadId="000000000077F200" bytes="88491776" />
</allocation-stats>
<gc-op id="2004" type="scavenge" timems="116.666" contextid="2001" timestamp="2020-09-11T10:49:48.379">
  <scavenger-info tenureage="3" tenuremask="7ff8" tiltratio="83" />
  <memory-copied type="nursery" objects="4115711" bytes="110214800" bytesdiscarded="163080" />
  <memory-copied type="tenure" objects="1143760" bytes="30760104" bytesdiscarded="27008" />
  <ownableSynchronizers candidates="14810" cleared="11020" />
  <references type="soft" candidates="2228" cleared="0" enqueued="0" dynamicThreshold="19" maxThreshold="32" />
  <references type="weak" candidates="122" cleared="114" enqueued="0" />
</gc-op>
<gc-end id="2005" type="scavenge" contextid="2001" durationms="117.464" usertimems="841.105" systemtimems="2.236" timestamp="2020-09-11T10:49:48.380" activeThreads="8">
  <mem-info id="2006" free="1269516280" total="2836725760" percent="44">
    <mem type="nursery" free="681795256" total="939524096" percent="72">
      <mem type="allocate" free="681795256" total="792264704" percent="86" />
      <mem type="survivor" free="0" total="147259392" percent="0" />
    </mem>
    <mem type="tenure" free="587721024" total="1897201664" percent="30" macro-fragmented="0">
      <mem type="soa" free="473888064" total="1783368704" percent="26" />
      <mem type="loa" free="113832960" total="113832960" percent="100" />
    </mem>
    <remembered-set count="30889" />
  </mem-info>
</gc-end>
<cycle-end id="2007" type="scavenge" contextid="2001" timestamp="2020-09-11T10:49:48.382" />
<allocation-satisfied id="2008" threadId="0000000000891B00" bytesRequested="120" />
<af-end id="2009" timestamp="2020-09-11T10:49:48.382" threadId="0000000000892480" success="true" from="nursery"/>
<exclusive-end id="2010" timestamp="2020-09-11T10:49:48.383" durationms="120.850" />

<exclusive-start id="2011" timestamp="2020-09-11T10:49:50.283" intervalms="2020.971">
  <response-info timems="0.515" idlems="0.515" threads="0" lastid="0000000000808C00" lastname="Group1.Backend.CompositeBackend{Tier1}.3" />
</exclusive-start>
<af-start id="2012" threadId="0000000000809580" totalBytesRequested="24" timestamp="2020-09-11T10:49:50.283" intervalms="2021.014" type="nursery" />
<cycle-start id="2013" type="scavenge" contextid="0" timestamp="2020-09-11T10:49:50.283" intervalms="2021.027" />
<gc-start id="2014" type="scavenge" contextid="2013" timestamp="2020-09-11T10:49:50.291">
  <mem-info id="2015" free="587721024" total="2836725760" percent="20">
    <mem type="nursery" free="0" total="939524096" percent="0">
      <mem type="allocate" free="0" total="792264704" percent="0" />
      <mem type="survivor" free="0" total="147259392" percent="0" />
    </mem>
    <mem type="tenure" free="587721024" total="1897201664" percent="30">
      <mem type="soa" free="473888064" total="1783368704" percent="26" />
      <mem type="loa" free="113832960" total="113832960" percent="100" />
    </mem>
    <remembered-set count="190843" />
  </mem-info>
</gc-start>
<allocation-stats totalBytes="681421888" >
  <allocated-bytes non-tlh="32594624" tlh="648827264" />
  <largest-consumer threadName="Group1.Backend.CompositeBackend{Tier1}.1" threadId="000000000077FE00" bytes="92177528" />
</allocation-stats>
<gc-op id="2016" type="scavenge" timems="138.327" contextid="2013" timestamp="2020-09-11T10:49:50.430">
  <scavenger-info tenureage="3" tenuremask="7ff8" tiltratio="84" />
  <memory-copied type="nursery" objects="4031883" bytes="108171000" bytesdiscarded="121216" />
  <memory-copied type="tenure" objects="1088899" bytes="29429984" bytesdiscarded="32592" />
  <ownableSynchronizers candidates="17020" cleared="13212" />
  <references type="soft" candidates="2054" cleared="0" enqueued="0" dynamicThreshold="19" maxThreshold="32" />
  <references type="weak" candidates="114" cleared="107" enqueued="0" />
</gc-op>
<gc-end id="2017" type="scavenge" contextid="2013" durationms="146.532" usertimems="970.880" systemtimems="27.035" timestamp="2020-09-11T10:49:50.430" activeThreads="8">
  <mem-info id="2018" free="1247006776" total="2836725760" percent="43">
    <mem type="nursery" free="688663296" total="939524096" percent="73">
      <mem type="allocate" free="688663296" total="797048832" percent="86" />
      <mem type="survivor" free="0" total="142475264" percent="0" />
    </mem>
    <mem type="tenure" free="558343480" total="1897201664" percent="29" macro-fragmented="0">
      <mem type="soa" free="444510520" total="1783368704" percent="24" />
      <mem type="loa" free="113832960" total="113832960" percent="100" />
    </mem>
    <remembered-set count="30469" />
  </mem-info>
</gc-end>
<cycle-end id="2019" type="scavenge" contextid="2013" timestamp="2020-09-11T10:49:50.431" />
<allocation-satisfied id="2020" threadId="0000000000808C00" bytesRequested="24" />
<af-end id="2021" timestamp="2020-09-11T10:49:50.431" threadId="0000000000809580" success="true" from="nursery"/>
<exclusive-end id="2022" timestamp="2020-09-11T10:49:50.431" durationms="148.171" />

<exclusive-start id="2023" timestamp="2020-09-11T10:49:52.327" intervalms="2044.421">
  <response-info timems="0.516" idlems="0.516" threads="0" lastid="0000000000891B00" lastname="Group1.Backend.CompositeBackend{Tier1}.7" />
</exclusive-start>
<af-start id="2024" threadId="0000000000892480" totalBytesRequested="524296" timestamp="2020-09-11T10:49:52.328" intervalms="2044.484" type="nursery" />
<cycle-start id="2025" type="scavenge" contextid="0" timestamp="2020-09-11T10:49:52.328" intervalms="2044.476" />
<gc-start id="2026" type="scavenge" contextid="2025" timestamp="2020-09-11T10:49:52.328">
  <mem-info id="2027" free="558343480" total="2836725760" percent="19">
    <mem type="nursery" free="0" total="939524096" percent="0">
      <mem type="allocate" free="0" total="797048832" percent="0" />
      <mem type="survivor" free="0" total="142475264" percent="0" />
    </mem>
    <mem type="tenure" free="558343480" total="1897201664" percent="29">
      <mem type="soa" free="444510520" total="1783368704" percent="24" />
      <mem type="loa" free="113832960" total="113832960" percent="100" />
    </mem>
    <remembered-set count="191269" />
  </mem-info>
</gc-start>
<allocation-stats totalBytes="688295720" >
  <allocated-bytes non-tlh="29767848" tlh="658527872" />
  <largest-consumer threadName="Group1.Backend.CompositeBackend{Tier1}.6" threadId="000000000088A300" bytes="94464080" />
</allocation-stats>
<gc-op id="2028" type="scavenge" timems="105.551" contextid="2025" timestamp="2020-09-11T10:49:52.434">
  <scavenger-info tenureage="3" tenuremask="7ff8" tiltratio="84" />
  <memory-copied type="nursery" objects="4346267" bytes="115274952" bytesdiscarded="221104" />
  <memory-copied type="tenure" objects="1069699" bytes="28773176" bytesdiscarded="23376" />
  <ownableSynchronizers candidates="16327" cleared="12633" />
  <references type="soft" candidates="1991" cleared="0" enqueued="0" dynamicThreshold="19" maxThreshold="32" />
  <references type="weak" candidates="117" cleared="117" enqueued="0" />
</gc-op>
<gc-end id="2029" type="scavenge" contextid="2025" durationms="106.446" usertimems="805.450" systemtimems="3.204" timestamp="2020-09-11T10:49:52.435" activeThreads="8">
  <mem-info id="2030" free="1212026248" total="2836725760" percent="42">
    <mem type="nursery" free="682506480" total="939524096" percent="72">
      <mem type="allocate" free="682506480" total="798097408" percent="85" />
      <mem type="survivor" free="0" total="141426688" percent="0" />
    </mem>
    <mem type="tenure" free="529519768" total="1897201664" percent="27" macro-fragmented="0">
      <mem type="soa" free="415686808" total="1783368704" percent="23" />
      <mem type="loa" free="113832960" total="113832960" percent="100" />
    </mem>
    <remembered-set count="30355" />
  </mem-info>
</gc-end>
<cycle-end id="2031" type="scavenge" contextid="2025" timestamp="2020-09-11T10:49:52.435" />
<allocation-satisfied id="2032" threadId="0000000000891B00" bytesRequested="524296" />
<af-end id="2033" timestamp="2020-09-11T10:49:52.435" threadId="0000000000892480" success="true" from="nursery"/>
<exclusive-end id="2034" timestamp="2020-09-11T10:49:52.435" durationms="108.194" />

<exclusive-start id="2035" timestamp="2020-09-11T10:49:54.272" intervalms="1945.005">
  <response-info timems="0.591" idlems="0.591" threads="0" lastid="0000000000854B00" lastname="Group1.Backend.CompositeBackend{Tier1}.4" />
</exclusive-start>
<af-start id="2036" threadId="0000000000855480" totalBytesRequested="32" timestamp="2020-09-11T10:49:54.273" intervalms="1945.363" type="nursery" />
<cycle-start id="2037" type="scavenge" contextid="0" timestamp="2020-09-11T10:49:54.273" intervalms="1945.397" />
<gc-start id="2038" type="scavenge" contextid="2037" timestamp="2020-09-11T10:49:54.274">
  <mem-info id="2039" free="529519768" total="2836725760" percent="18">
    <mem type="nursery" free="0" total="939524096" percent="0">
      <mem type="allocate" free="0" total="798097408" percent="0" />
      <mem type="survivor" free="0" total="141426688" percent="0" />
    </mem>
    <mem type="tenure" free="529519768" total="1897201664" percent="27">
      <mem type="soa" free="415686808" total="1783368704" percent="23" />
      <mem type="loa" free="113832960" total="113832960" percent="100" />
    </mem>
    <remembered-set count="187855" />
  </mem-info>
</gc-start>
<allocation-stats totalBytes="682124392" >
  <allocated-bytes non-tlh="36593992" tlh="645530400" />
  <largest-consumer threadName="Group1.Backend.CompositeBackend{Tier1}.4" threadId="0000000000854B00" bytes="116279744" />
</allocation-stats>
<gc-op id="2040" type="scavenge" timems="144.459" contextid="2037" timestamp="2020-09-11T10:49:54.418">
  <scavenger-info tenureage="3" tenuremask="7ff8" tiltratio="84" />
  <memory-copied type="nursery" objects="4375063" bytes="116196992" bytesdiscarded="144144" />
  <memory-copied type="tenure" objects="1071388" bytes="28842448" bytesdiscarded="27216" />
  <ownableSynchronizers candidates="14377" cleared="10728" />
  <references type="soft" candidates="1838" cleared="0" enqueued="0" dynamicThreshold="19" maxThreshold="32" />
  <references type="weak" candidates="118" cleared="117" enqueued="0" />
</gc-op>
<gc-end id="2041" type="scavenge" contextid="2037" durationms="145.894" usertimems="1076.675" systemtimems="13.491" timestamp="2020-09-11T10:49:54.419" activeThreads="8">
  <mem-info id="2042" free="1184273872" total="2836725760" percent="41">
    <mem type="nursery" free="683698616" total="939524096" percent="72">
      <mem type="allocate" free="683698616" total="800129024" percent="85" />
      <mem type="survivor" free="0" total="139395072" percent="0" />
    </mem>
    <mem type="tenure" free="500575256" total="1897201664" percent="26" macro-fragmented="0">
      <mem type="soa" free="386742296" total="1783368704" percent="21" />
      <mem type="loa" free="113832960" total="113832960" percent="100" />
    </mem>
    <remembered-set count="30187" />
  </mem-info>
</gc-end>
<cycle-end id="2043" type="scavenge" contextid="2037" timestamp="2020-09-11T10:49:54.423" />
<allocation-satisfied id="2044" threadId="0000000000854B00" bytesRequested="32" />
<af-end id="2045" timestamp="2020-09-11T10:49:54.423" threadId="0000000000855480" success="true" from="nursery"/>
<exclusive-end id="2046" timestamp="2020-09-11T10:49:54.423" durationms="150.956" />

<exclusive-start id="2047" timestamp="2020-09-11T10:49:56.310" intervalms="2037.549">
  <response-info timems="0.605" idlems="0.605" threads="0" lastid="0000000000854B00" lastname="Group1.Backend.CompositeBackend{Tier1}.4" />
</exclusive-start>
<af-start id="2048" threadId="0000000000855480" totalBytesRequested="1032" timestamp="2020-09-11T10:49:56.310" intervalms="2037.266" type="nursery" />
<cycle-start id="2049" type="scavenge" contextid="0" timestamp="2020-09-11T10:49:56.311" intervalms="2037.231" />
<gc-start id="2050" type="scavenge" contextid="2049" timestamp="2020-09-11T10:49:56.311">
  <mem-info id="2051" free="500575256" total="2836725760" percent="17">
    <mem type="nursery" free="0" total="939524096" percent="0">
      <mem type="allocate" free="0" total="800129024" percent="0" />
      <mem type="survivor" free="0" total="139395072" percent="0" />
    </mem>
    <mem type="tenure" free="500575256" total="1897201664" percent="26">
      <mem type="soa" free="386742296" total="1783368704" percent="21" />
      <mem type="loa" free="113832960" total="113832960" percent="100" />
    </mem>
    <remembered-set count="191154" />
  </mem-info>
</gc-start>
<allocation-stats totalBytes="683288016" >
  <allocated-bytes non-tlh="31267312" tlh="652020704" />
  <largest-consumer threadName="Group1.Backend.CompositeBackend{Tier1}.4" threadId="0000000000854B00" bytes="106327648" />
</allocation-stats>
<gc-op id="2052" type="scavenge" timems="100.753" contextid="2049" timestamp="2020-09-11T10:49:56.412">
  <scavenger-info tenureage="3" tenuremask="7ff8" tiltratio="85" />
  <memory-copied type="nursery" objects="4014045" bytes="107650296" bytesdiscarded="173200" />
  <memory-copied type="tenure" objects="1089818" bytes="29347928" bytesdiscarded="28264" />
  <ownableSynchronizers candidates="16822" cleared="13212" />
  <references type="soft" candidates="1836" cleared="0" enqueued="0" dynamicThreshold="19" maxThreshold="32" />
  <references type="weak" candidates="132" cleared="132" enqueued="0" />
</gc-op>
<gc-end id="2053" type="scavenge" contextid="2049" durationms="101.795" usertimems="776.196" systemtimems="1.344" timestamp="2020-09-11T10:49:56.413" activeThreads="8">
  <mem-info id="2054" free="1165303120" total="2836725760" percent="41">
    <mem type="nursery" free="694047744" total="939524096" percent="73">
      <mem type="allocate" free="694047744" total="801964032" percent="86" />
      <mem type="survivor" free="0" total="137560064" percent="0" />
    </mem>
    <mem type="tenure" free="471255376" total="1897201664" percent="24" macro-fragmented="0">
      <mem type="soa" free="357422416" total="1783368704" percent="20" />
      <mem type="loa" free="113832960" total="113832960" percent="100" />
    </mem>
    <remembered-set count="30716" />
  </mem-info>
</gc-end>
<cycle-end id="2055" type="scavenge" contextid="2049" timestamp="2020-09-11T10:49:56.416" />
<allocation-satisfied id="2056" threadId="0000000000854B00" bytesRequested="1032" />
<af-end id="2057" timestamp="2020-09-11T10:49:56.416" threadId="0000000000855480" success="true" from="nursery"/>
<exclusive-end id="2058" timestamp="2020-09-11T10:49:56.416" durationms="106.199" />

<exclusive-start id="2059" timestamp="2020-09-11T10:49:58.338" intervalms="2028.750">
  <response-info timems="0.323" idlems="0.323" threads="0" lastid="000000000077F200" lastname="Group1.Backend.CompositeBackend{Tier1}.2" />
</exclusive-start>
<af-start id="2060" threadId="000000000077FB80" totalBytesRequested="24" timestamp="2020-09-11T10:49:58.339" intervalms="2028.600" type="nursery" />
<cycle-start id="2061" type="scavenge" contextid="0" timestamp="2020-09-11T10:49:58.339" intervalms="2028.594" />
<gc-start id="2062" type="scavenge" contextid="2061" timestamp="2020-09-11T10:49:58.339">
  <mem-info id="2063" free="471255376" total="2836725760" percent="16">
    <mem type="nursery" free="0" total="939524096" percent="0">
      <mem type="allocate" free="0" total="801964032" percent="0" />
      <mem type="survivor" free="0" total="137560064" percent="0" />
    </mem>
    <mem type="tenure" free="471255376" total="1897201664" percent="24">
      <mem type="soa" free="357422416" total="1783368704" percent="20" />
      <mem type="loa" free="113832960" total="113832960" percent="100" />
    </mem>
    <remembered-set count="194001" />
  </mem-info>
</gc-start>
<allocation-stats totalBytes="693669656" >
  <allocated-bytes non-tlh="31509424" tlh="662160232" />
  <largest-consumer threadName="Group1.Backend.CompositeBackend{Tier1}.1" threadId="000000000077FE00" bytes="117237736" />
</allocation-stats>
<gc-op id="2064" type="scavenge" timems="115.585" contextid="2061" timestamp="2020-09-11T10:49:58.455">
  <scavenger-info tenureage="3" tenuremask="7ff8" tiltratio="85" />
  <memory-copied type="nursery" objects="4442146" bytes="117471424" bytesdiscarded="201960" />
  <memory-copied type="tenure" objects="1079326" bytes="29054944" bytesdiscarded="31808" />
  <ownableSynchronizers candidates="14152" cleared="10750" />
  <references type="soft" candidates="1752" cleared="0" enqueued="0" dynamicThreshold="19" maxThreshold="32" />
  <references type="weak" candidates="104" cleared="104" enqueued="0" />
</gc-op>
<gc-end id="2065" type="scavenge" contextid="2061" durationms="116.844" usertimems="860.616" systemtimems="3.169" timestamp="2020-09-11T10:49:58.456" activeThreads="8">
  <mem-info id="2066" free="1122461168" total="2836725760" percent="39">
    <mem type="nursery" free="680195504" total="939524096" percent="72">
      <mem type="allocate" free="680195504" total="797966336" percent="85" />
      <mem type="survivor" free="0" total="141557760" percent="0" />
    </mem>
    <mem type="tenure" free="442265664" total="1897201664" percent="23" macro-fragmented="0">
      <mem type="soa" free="328432704" total="1783368704" percent="18" />
      <mem type="loa" free="113832960" total="113832960" percent="100" />
    </mem>
    <remembered-set count="31344" />
  </mem-info>
</gc-end>
<cycle-end id="2067" type="scavenge" contextid="2061" timestamp="2020-09-11T10:49:58.457" />
<allocation-satisfied id="2068" threadId="000000000077F200" bytesRequested="24" />
<af-end id="2069" timestamp="2020-09-11T10:49:58.457" threadId="000000000077FB80" success="true" from="nursery"/>
<exclusive-end id="2070" timestamp="2020-09-11T10:49:58.457" durationms="118.616" />

<exclusive-start id="2071" timestamp="2020-09-11T10:50:00.398" intervalms="2059.131">
  <response-info timems="0.550" idlems="0.550" threads="0" lastid="0000000000891B00" lastname="Group1.Backend.CompositeBackend{Tier1}.7" />
</exclusive-start>
<af-start id="2072" threadId="0000000000892480" totalBytesRequested="1032" timestamp="2020-09-11T10:50:00.398" intervalms="2059.164" type="nursery" />
<cycle-start id="2073" type="scavenge" contextid="0" timestamp="2020-09-11T10:50:00.398" intervalms="2059.183" />
<gc-start id="2074" type="scavenge" contextid="2073" timestamp="2020-09-11T10:50:00.399">
  <mem-info id="2075" free="442265664" total="2836725760" percent="15">
    <mem type="nursery" free="0" total="939524096" percent="0">
      <mem type="allocate" free="0" total="797966336" percent="0" />
      <mem type="survivor" free="0" total="141557760" percent="0" />
    </mem>
    <mem type="tenure" free="442265664" total="1897201664" percent="23">
      <mem type="soa" free="328432704" total="1783368704" percent="18" />
      <mem type="loa" free="113832960" total="113832960" percent="100" />
    </mem>
    <remembered-set count="191912" />
  </mem-info>
</gc-start>
<allocation-stats totalBytes="679802104" >
  <allocated-bytes non-tlh="31504272" tlh="648297832" />
  <largest-consumer threadName="Group1.Backend.CompositeBackend{Tier1}.1" threadId="000000000077FE00" bytes="91852784" />
</allocation-stats>
<gc-op id="2076" type="scavenge" timems="115.325" contextid="2073" timestamp="2020-09-11T10:50:00.514">
  <scavenger-info tenureage="3" tenuremask="7ff8" tiltratio="84" />
  <memory-copied type="nursery" objects="4103669" bytes="110084464" bytesdiscarded="151600" />
  <memory-copied type="tenure" objects="1027568" bytes="27653112" bytesdiscarded="36592" />
  <ownableSynchronizers candidates="14629" cleared="11342" />
  <references type="soft" candidates="1790" cleared="0" enqueued="0" dynamicThreshold="19" maxThreshold="32" />
  <references type="weak" candidates="128" cleared="126" enqueued="0" />
</gc-op>
<gc-end id="2077" type="scavenge" contextid="2073" durationms="116.366" usertimems="822.395" systemtimems="9.623" timestamp="2020-09-11T10:50:00.515" activeThreads="8">
  <mem-info id="2078" free="1104115880" total="2836725760" percent="38">
    <mem type="nursery" free="689602304" total="939524096" percent="73">
      <mem type="allocate" free="689602304" total="799932416" percent="86" />
      <mem type="survivor" free="0" total="139591680" percent="0" />
    </mem>
    <mem type="tenure" free="414513576" total="1897201664" percent="21" macro-fragmented="0">
      <mem type="soa" free="300680616" total="1783368704" percent="16" />
      <mem type="loa" free="113832960" total="113832960" percent="100" />
    </mem>
    <remembered-set count="31739" />
  </mem-info>
</gc-end>
<cycle-end id="2079" type="scavenge" contextid="2073" timestamp="2020-09-11T10:50:00.516" />
<allocation-satisfied id="2080" threadId="0000000000891B00" bytesRequested="1032" />
<af-end id="2081" timestamp="2020-09-11T10:50:00.516" threadId="0000000000892480" success="true" from="nursery"/>
<exclusive-end id="2082" timestamp="2020-09-11T10:50:00.516" durationms="118.336" />

<exclusive-start id="2083" timestamp="2020-09-11T10:50:02.420" intervalms="2022.780">
  <response-info timems="1.773" idlems="0.909" threads="1" lastid="0000000000808C00" lastname="Group1.Backend.CompositeBackend{Tier1}.3" />
</exclusive-start>
<af-start id="2084" threadId="0000000000892480" totalBytesRequested="240" timestamp="2020-09-11T10:50:02.421" intervalms="2023.154" type="nursery" />
<cycle-start id="2085" type="scavenge" contextid="0" timestamp="2020-09-11T10:50:02.422" intervalms="2023.206" />
<gc-start id="2086" type="scavenge" contextid="2085" timestamp="2020-09-11T10:50:02.422">
  <mem-info id="2087" free="414513576" total="2836725760" percent="14">
    <mem type="nursery" free="0" total="939524096" percent="0">
      <mem type="allocate" free="0" total="799932416" percent="0" />
      <mem type="survivor" free="0" total="139591680" percent="0" />
    </mem>
    <mem type="tenure" free="414513576" total="1897201664" percent="21">
      <mem type="soa" free="300680616" total="1783368704" percent="16" />
      <mem type="loa" free="113832960" total="113832960" percent="100" />
    </mem>
    <remembered-set count="193306" />
  </mem-info>
</gc-start>
<allocation-stats totalBytes="689192664" >
  <allocated-bytes non-tlh="33154736" tlh="656037928" />
  <largest-consumer threadName="Group1.Backend.CompositeBackend{Tier1}.8" threadId="000000000089D400" bytes="95767216" />
</allocation-stats>
<gc-op id="2088" type="scavenge" timems="93.703" contextid="2085" timestamp="2020-09-11T10:50:02.516">
  <scavenger-info tenureage="3" tenuremask="7ff8" tiltratio="85" />
  <memory-copied type="nursery" objects="3988810" bytes="107201760" bytesdiscarded="193096" />
  <memory-copied type="tenure" objects="1091409" bytes="29376504" bytesdiscarded="30912" />
  <ownableSynchronizers candidates="14572" cleared="11320" />
  <references type="soft" candidates="1699" cleared="0" enqueued="0" dynamicThreshold="19" maxThreshold="32" />
  <references type="weak" candidates="117" cleared="117" enqueued="0" />
</gc-op>
<gc-end id="2089" type="scavenge" contextid="2085" durationms="94.975" usertimems="741.823" systemtimems="0.000" timestamp="2020-09-11T10:50:02.517" activeThreads="8">
  <mem-info id="2090" free="1080843360" total="2836725760" percent="38">
    <mem type="nursery" free="695719168" total="939524096" percent="74">
      <mem type="allocate" free="695719168" total="803209216" percent="86" />
      <mem type="survivor" free="0" total="136314880" percent="0" />
    </mem>
    <mem type="tenure" free="385124192" total="1897201664" percent="20" macro-fragmented="0">
      <mem type="soa" free="271291232" total="1783368704" percent="15" />
      <mem type="loa" free="113832960" total="113832960" percent="100" />
    </mem>
    <remembered-set count="32026" />
  </mem-info>
</gc-end>
<cycle-end id="2091" type="scavenge" contextid="2085" timestamp="2020-09-11T10:50:02.518" />
<allocation-satisfied id="2092" threadId="0000000000891B00" bytesRequested="240" />
<af-end id="2093" timestamp="2020-09-11T10:50:02.518" threadId="0000000000892480" success="true" from="nursery"/>
<exclusive-end id="2094" timestamp="2020-09-11T10:50:02.518" durationms="97.298" />

<exclusive-start id="2095" timestamp="2020-09-11T10:50:04.521" intervalms="2100.648">
  <response-info timems="1.342" idlems="1.342" threads="0" lastid="0000000000808C00" lastname="Group1.Backend.CompositeBackend{Tier1}.3" />
</exclusive-start>
<af-start id="2096" threadId="0000000000809580" totalBytesRequested="16" timestamp="2020-09-11T10:50:04.522" intervalms="2100.437" type="nursery" />
<cycle-start id="2097" type="scavenge" contextid="0" timestamp="2020-09-11T10:50:04.522" intervalms="2100.415" />
<gc-start id="2098" type="scavenge" contextid="2097" timestamp="2020-09-11T10:50:04.522">
  <mem-info id="2099" free="385124192" total="2836725760" percent="13">
    <mem type="nursery" free="0" total="939524096" percent="0">
      <mem type="allocate" free="0" total="803209216" percent="0" />
      <mem type="survivor" free="0" total="136314880" percent="0" />
    </mem>
    <mem type="tenure" free="385124192" total="1897201664" percent="20">
      <mem type="soa" free="271291232" total="1783368704" percent="15" />
      <mem type="loa" free="113832960" total="113832960" percent="100" />
    </mem>
    <remembered-set count="194639" />
  </mem-info>
</gc-start>
<allocation-stats totalBytes="695323752" >
  <allocated-bytes non-tlh="30973448" tlh="664350304" />
  <largest-consumer threadName="Group1.Backend.CompositeBackend{Tier1}.8" threadId="000000000089D400" bytes="91352992" />
</allocation-stats>
<gc-op id="2100" type="scavenge" timems="144.605" contextid="2097" timestamp="2020-09-11T10:50:04.667">
  <scavenger-info tenureage="3" tenuremask="7ff8" tiltratio="85" />
  <memory-copied type="nursery" objects="4401824" bytes="116624448" bytesdiscarded="215568" />
  <memory-copied type="tenure" objects="1107459" bytes="29792760" bytesdiscarded="36096" />
  <ownableSynchronizers candidates="13105" cleared="10102" />
  <references type="soft" candidates="1672" cleared="0" enqueued="0" dynamicThreshold="19" maxThreshold="32" />
  <references type="weak" candidates="98" cleared="98" enqueued="0" />
</gc-op>
<gc-end id="2101" type="scavenge" contextid="2097" durationms="145.760" usertimems="1084.850" systemtimems="10.420" timestamp="2020-09-11T10:50:04.668" activeThreads="8">
  <mem-info id="2102" free="1037581712" total="2836725760" percent="36">
    <mem type="nursery" free="682350784" total="939524096" percent="72">
      <mem type="allocate" free="682350784" total="799277056" percent="85" />
      <mem type="survivor" free="0" total="140247040" percent="0" />
    </mem>
    <mem type="tenure" free="355230928" total="1897201664" percent="18" macro-fragmented="0">
      <mem type="soa" free="241397968" total="1783368704" percent="13" />
      <mem type="loa" free="113832960" total="113832960" percent="100" />
    </mem>
    <remembered-set count="31707" />
  </mem-info>
</gc-end>
<cycle-end id="2103" type="scavenge" contextid="2097" timestamp="2020-09-11T10:50:04.669" />
<allocation-satisfied id="2104" threadId="0000000000808C00" bytesRequested="16" />
<af-end id="2105" timestamp="2020-09-11T10:50:04.669" threadId="0000000000809580" success="true" from="nursery"/>
<exclusive-end id="2106" timestamp="2020-09-11T10:50:04.669" durationms="148.004" />

<exclusive-start id="2107" timestamp="2020-09-11T10:50:06.505" intervalms="1983.972">
  <response-info timems="0.878" idlems="0.878" threads="0" lastid="000000000077F200" lastname="Group1.Backend.CompositeBackend{Tier1}.2" />
</exclusive-start>
<af-start id="2108" threadId="000000000077FB80" totalBytesRequested="24" timestamp="2020-09-11T10:50:06.506" intervalms="1983.839" type="nursery" />
<cycle-start id="2109" type="scavenge" contextid="0" timestamp="2020-09-11T10:50:06.506" intervalms="1983.802" />
<gc-start id="2110" type="scavenge" contextid="2109" timestamp="2020-09-11T10:50:06.506">
  <mem-info id="2111" free="355230928" total="2836725760" percent="12">
    <mem type="nursery" free="0" total="939524096" percent="0">
      <mem type="allocate" free="0" total="799277056" percent="0" />
      <mem type="survivor" free="0" total="140247040" percent="0" />
    </mem>
    <mem type="tenure" free="355230928" total="1897201664" percent="18">
      <mem type="soa" free="241397968" total="1783368704" percent="13" />
      <mem type="loa" free="113832960" total="113832960" percent="100" />
    </mem>
    <remembered-set count="191689" />
  </mem-info>
</gc-start>
<allocation-stats totalBytes="681957336" >
  <allocated-bytes non-tlh="33395168" tlh="648562168" />
  <largest-consumer threadName="Group1.Backend.CompositeBackend{Tier1}.5" threadId="0000000000855600" bytes="101115696" />
</allocation-stats>
<gc-op id="2112" type="scavenge" timems="111.237" contextid="2109" timestamp="2020-09-11T10:50:06.617">
  <scavenger-info tenureage="3" tenuremask="7ff8" tiltratio="85" />
  <memory-copied type="nursery" objects="4196044" bytes="111687072" bytesdiscarded="337296" />
  <memory-copied type="tenure" objects="1063469" bytes="28621968" bytesdiscarded="41016" />
  <ownableSynchronizers candidates="12616" cleared="9708" />
  <references type="soft" candidates="1589" cleared="0" enqueued="0" dynamicThreshold="19" maxThreshold="32" />
  <references type="weak" candidates="128" cleared="128" enqueued="0" />
</gc-op>
<gc-end id="2113" type="scavenge" contextid="2109" durationms="112.261" usertimems="847.640" systemtimems="1.280" timestamp="2020-09-11T10:50:06.618" activeThreads="8">
  <mem-info id="2114" free="1015584312" total="2836725760" percent="35">
    <mem type="nursery" free="689070064" total="939524096" percent="73">
      <mem type="allocate" free="689070064" total="801177600" percent="86" />
      <mem type="survivor" free="0" total="138346496" percent="0" />
    </mem>
    <mem type="tenure" free="326514248" total="1897201664" percent="17" macro-fragmented="0">
      <mem type="soa" free="212681288" total="1783368704" percent="11" />
      <mem type="loa" free="113832960" total="113832960" percent="100" />
    </mem>
    <remembered-set count="31729" />
  </mem-info>
</gc-end>
<cycle-end id="2115" type="scavenge" contextid="2109" timestamp="2020-09-11T10:50:06.619" />
<allocation-satisfied id="2116" threadId="000000000077F200" bytesRequested="24" />
<af-end id="2117" timestamp="2020-09-11T10:50:06.619" threadId="000000000077FB80" success="true" from="nursery"/>
<exclusive-end id="2118" timestamp="2020-09-11T10:50:06.619" durationms="113.975" />

<exclusive-start id="2119" timestamp="2020-09-11T10:50:08.542" intervalms="2037.525">
  <response-info timems="0.677" idlems="0.245" threads="2" lastid="000000000089D400" lastname="Group1.Backend.CompositeBackend{Tier1}.8" />
</exclusive-start>
<af-start id="2120" threadId="0000000000A9CA80" totalBytesRequested="536" timestamp="2020-09-11T10:50:08.543" intervalms="2037.493" type="nursery" />
<cycle-start id="2121" type="scavenge" contextid="0" timestamp="2020-09-11T10:50:08.543" intervalms="2037.507" />
<gc-start id="2122" type="scavenge" contextid="2121" timestamp="2020-09-11T10:50:08.544">
  <mem-info id="2123" free="326514248" total="2836725760" percent="11">
    <mem type="nursery" free="0" total="939524096" percent="0">
      <mem type="allocate" free="0" total="801177600" percent="0" />
      <mem type="survivor" free="0" total="138346496" percent="0" />
    </mem>
    <mem type="tenure" free="326514248" total="1897201664" percent="17">
      <mem type="soa" free="212681288" total="1783368704" percent="11" />
      <mem type="loa" free="113832960" total="113832960" percent="100" />
    </mem>
    <remembered-set count="192346" />
  </mem-info>
</gc-start>
<allocation-stats totalBytes="688683728" >
  <allocated-bytes non-tlh="33911104" tlh="654772624" />
  <largest-consumer threadName="Group1.Backend.CompositeBackend{Tier1}.5" threadId="0000000000855600" bytes="130760048" />
</allocation-stats>
<gc-op id="2124" type="scavenge" timems="114.295" contextid="2121" timestamp="2020-09-11T10:50:08.658">
  <scavenger-info tenureage="3" tenuremask="7ff8" tiltratio="85" />
  <memory-copied type="nursery" objects="4182108" bytes="111511136" bytesdiscarded="270704" />
  <memory-copied type="tenure" objects="1086174" bytes="29214888" bytesdiscarded="40072" />
  <ownableSynchronizers candidates="12486" cleared="9714" />
  <references type="soft" candidates="1520" cleared="0" enqueued="0" dynamicThreshold="19" maxThreshold="32" />
  <references type="weak" candidates="135" cleared="133" enqueued="0" />
</gc-op>
<gc-end id="2125" type="scavenge" contextid="2121" durationms="115.131" usertimems="836.764" systemtimems="3.111" timestamp="2020-09-11T10:50:08.659" activeThreads="8">
  <mem-info id="2126" free="989390304" total="2836725760" percent="34">
    <mem type="nursery" free="691997248" total="939524096" percent="73">
      <mem type="allocate" free="691997248" total="803864576" percent="86" />
      <mem type="survivor" free="0" total="135659520" percent="0" />
    </mem>
    <mem type="tenure" free="297393056" total="1897201664" percent="15" macro-fragmented="0">
      <mem type="soa" free="183560096" total="1783368704" percent="10" />
      <mem type="loa" free="113832960" total="113832960" percent="100" />
    </mem>
    <remembered-set count="31230" />
  </mem-info>
</gc-end>
<cycle-end id="2127" type="scavenge" contextid="2121" timestamp="2020-09-11T10:50:08.659" />
<allocation-satisfied id="2128" threadId="0000000000A9C100" bytesRequested="536" />
<af-end id="2129" timestamp="2020-09-11T10:50:08.659" threadId="0000000000A9CA80" success="true" from="nursery"/>
<exclusive-end id="2130" timestamp="2020-09-11T10:50:08.659" durationms="116.752" />

<exclusive-start id="2131" timestamp="2020-09-11T10:50:10.764" intervalms="2221.763">
  <response-info timems="3.967" idlems="3.967" threads="0" lastid="000000000077F200" lastname="Group1.Backend.CompositeBackend{Tier1}.2" />
</exclusive-start>
<af-start id="2132" threadId="000000000077FB80" totalBytesRequested="16" timestamp="2020-09-11T10:50:10.765" intervalms="2221.734" type="nursery" />
<cycle-start id="2133" type="scavenge" contextid="0" timestamp="2020-09-11T10:50:10.765" intervalms="2221.715" />
<gc-start id="2134" type="scavenge" contextid="2133" timestamp="2020-09-11T10:50:10.765">
  <mem-info id="2135" free="297393056" total="2836725760" percent="10">
    <mem type="nursery" free="0" total="939524096" percent="0">
      <mem type="allocate" free="0" total="803864576" percent="0" />
      <mem type="survivor" free="0" total="135659520" percent="0" />
    </mem>
    <mem type="tenure" free="297393056" total="1897201664" percent="15">
      <mem type="soa" free="183560096" total="1783368704" percent="10" />
      <mem type="loa" free="113832960" total="113832960" percent="100" />
    </mem>
    <remembered-set count="199316" />
  </mem-info>
</gc-start>
<allocation-stats totalBytes="691597184" >
  <allocated-bytes non-tlh="22979408" tlh="668617776" />
  <largest-consumer threadName="Group1.Backend.CompositeBackend{Tier1}.1" threadId="000000000077FE00" bytes="105214896" />
</allocation-stats>
<gc-op id="2136" type="scavenge" timems="96.928" contextid="2133" timestamp="2020-09-11T10:50:10.862">
  <scavenger-info tenureage="3" tenuremask="7ff8" tiltratio="85" />
  <memory-copied type="nursery" objects="4065769" bytes="109201328" bytesdiscarded="143232" />
  <memory-copied type="tenure" objects="1099731" bytes="29587312" bytesdiscarded="45672" />
  <ownableSynchronizers candidates="11170" cleared="8576" />
  <references type="soft" candidates="1451" cleared="0" enqueued="0" dynamicThreshold="19" maxThreshold="32" />
  <references type="weak" candidates="113" cleared="113" enqueued="0" />
</gc-op>
<gc-end id="2137" type="scavenge" contextid="2133" durationms="97.944" usertimems="741.033" systemtimems="0.000" timestamp="2020-09-11T10:50:10.863" activeThreads="8">
  <mem-info id="2138" free="964161720" total="2836725760" percent="33">
    <mem type="nursery" free="696585728" total="939524096" percent="74">
      <mem type="allocate" free="696585728" total="806027264" percent="86" />
      <mem type="survivor" free="0" total="133496832" percent="0" />
    </mem>
    <mem type="tenure" free="267575992" total="1897201664" percent="14" macro-fragmented="0">
      <mem type="soa" free="153743032" total="1783368704" percent="8" />
      <mem type="loa" free="113832960" total="113832960" percent="100" />
    </mem>
    <remembered-set count="31544" />
  </mem-info>
</gc-end>
<cycle-end id="2139" type="scavenge" contextid="2133" timestamp="2020-09-11T10:50:10.865" />
<allocation-satisfied id="2140" threadId="000000000077F200" bytesRequested="16" />
<af-end id="2141" timestamp="2020-09-11T10:50:10.865" threadId="000000000077FB80" success="true" from="nursery"/>
<exclusive-end id="2142" timestamp="2020-09-11T10:50:10.865" durationms="101.193" />

<exclusive-start id="2143" timestamp="2020-09-11T10:50:12.807" intervalms="2042.398">
  <response-info timems="0.695" idlems="0.505" threads="1" lastid="0000000000A8D200" lastname="Group1.Backend.CompositeBackend{Tier3}.1" />
</exclusive-start>
<af-start id="2144" threadId="0000000000AA0680" totalBytesRequested="24" timestamp="2020-09-11T10:50:12.807" intervalms="2042.401" type="nursery" />
<cycle-start id="2145" type="scavenge" contextid="0" timestamp="2020-09-11T10:50:12.807" intervalms="2042.390" />
<gc-start id="2146" type="scavenge" contextid="2145" timestamp="2020-09-11T10:50:12.808">
  <mem-info id="2147" free="267575992" total="2836725760" percent="9">
    <mem type="nursery" free="0" total="939524096" percent="0">
      <mem type="allocate" free="0" total="806027264" percent="0" />
      <mem type="survivor" free="0" total="133496832" percent="0" />
    </mem>
    <mem type="tenure" free="267575992" total="1897201664" percent="14">
      <mem type="soa" free="153743032" total="1783368704" percent="8" />
      <mem type="loa" free="113832960" total="113832960" percent="100" />
    </mem>
    <remembered-set count="190965" />
  </mem-info>
</gc-start>
<allocation-stats totalBytes="696198160" >
  <allocated-bytes non-tlh="38749120" tlh="657449040" />
  <largest-consumer threadName="Group1.Backend.CompositeBackend{Tier1}.1" threadId="000000000077FE00" bytes="121393984" />
</allocation-stats>
<gc-op id="2148" type="scavenge" timems="111.504" contextid="2145" timestamp="2020-09-11T10:50:12.920">
  <scavenger-info tenureage="3" tenuremask="7ff8" tiltratio="85" />
  <memory-copied type="nursery" objects="4293167" bytes="114437008" bytesdiscarded="159432" />
  <memory-copied type="tenure" objects="1051089" bytes="28282280" bytesdiscarded="50712" />
  <ownableSynchronizers candidates="10631" cleared="8184" />
  <references type="soft" candidates="1379" cleared="0" enqueued="0" dynamicThreshold="19" maxThreshold="32" />
  <references type="weak" candidates="114" cleared="113" enqueued="0" />
</gc-op>
<gc-end id="2149" type="scavenge" contextid="2145" durationms="112.295" usertimems="820.633" systemtimems="13.082" timestamp="2020-09-11T10:50:12.920" activeThreads="8">
  <mem-info id="2150" free="930321336" total="2836725760" percent="32">
    <mem type="nursery" free="690880960" total="939524096" percent="73">
      <mem type="allocate" free="690880960" total="805568512" percent="85" />
      <mem type="survivor" free="0" total="133955584" percent="0" />
    </mem>
    <mem type="tenure" free="239440376" total="1897201664" percent="12" macro-fragmented="0">
      <mem type="soa" free="125607416" total="1783368704" percent="7" />
      <mem type="loa" free="113832960" total="113832960" percent="100" />
    </mem>
    <remembered-set count="31658" />
  </mem-info>
</gc-end>
<cycle-end id="2151" type="scavenge" contextid="2145" timestamp="2020-09-11T10:50:12.921" />
<allocation-satisfied id="2152" threadId="0000000000A9FD00" bytesRequested="24" />
<af-end id="2153" timestamp="2020-09-11T10:50:12.921" threadId="0000000000AA0680" success="true" from="nursery"/>
<exclusive-end id="2154" timestamp="2020-09-11T10:50:12.921" durationms="114.263" />

<exclusive-start id="2155" timestamp="2020-09-11T10:50:14.891" intervalms="2084.044">
  <response-info timems="0.469" idlems="0.469" threads="0" lastid="000000000077F200" lastname="Group1.Backend.CompositeBackend{Tier1}.2" />
</exclusive-start>
<af-start id="2156" threadId="000000000077FB80" totalBytesRequested="240" timestamp="2020-09-11T10:50:14.891" intervalms="2084.059" type="nursery" />
<cycle-start id="2157" type="scavenge" contextid="0" timestamp="2020-09-11T10:50:14.891" intervalms="2084.060" />
<gc-start id="2158" type="scavenge" contextid="2157" timestamp="2020-09-11T10:50:14.892">
  <mem-info id="2159" free="239440376" total="2836725760" percent="8">
    <mem type="nursery" free="0" total="939524096" percent="0">
      <mem type="allocate" free="0" total="805568512" percent="0" />
      <mem type="survivor" free="0" total="133955584" percent="0" />
    </mem>
    <mem type="tenure" free="239440376" total="1897201664" percent="12">
      <mem type="soa" free="125607416" total="1783368704" percent="7" />
      <mem type="loa" free="113832960" total="113832960" percent="100" />
    </mem>
    <remembered-set count="195614" />
  </mem-info>
</gc-start>
<allocation-stats totalBytes="690506816" >
  <allocated-bytes non-tlh="27250936" tlh="663255880" />
  <largest-consumer threadName="Group1.Backend.CompositeBackend{Tier1}.1" threadId="000000000077FE00" bytes="113332000" />
</allocation-stats>
<gc-op id="2160" type="scavenge" timems="125.687" contextid="2157" timestamp="2020-09-11T10:50:15.017">
  <scavenger-info tenureage="3" tenuremask="7ff8" tiltratio="85" />
  <memory-copied type="nursery" objects="4323617" bytes="115249760" bytesdiscarded="352232" />
  <memory-copied type="tenure" objects="1060689" bytes="28533288" bytesdiscarded="57416" />
  <ownableSynchronizers candidates="10449" cleared="8130" />
  <references type="soft" candidates="1319" cleared="0" enqueued="0" dynamicThreshold="19" maxThreshold="32" />
  <references type="weak" candidates="114" cleared="113" enqueued="0" />
</gc-op>
<gc-end id="2161" type="scavenge" contextid="2157" durationms="126.547" usertimems="964.512" systemtimems="12.953" timestamp="2020-09-11T10:50:15.018" activeThreads="8">
  <mem-info id="2162" free="903916680" total="2836725760" percent="31">
    <mem type="nursery" free="693016824" total="939524096" percent="73">
      <mem type="allocate" free="693016824" total="808714240" percent="85" />
      <mem type="survivor" free="0" total="130809856" percent="0" />
    </mem>
    <mem type="tenure" free="210899856" total="1897201664" percent="11" macro-fragmented="0">
      <mem type="soa" free="97066896" total="1783368704" percent="5" />
      <mem type="loa" free="113832960" total="113832960" percent="100" />
    </mem>
    <remembered-set count="31033" />
  </mem-info>
</gc-end>
<cycle-end id="2163" type="scavenge" contextid="2157" timestamp="2020-09-11T10:50:15.019" />
<allocation-satisfied id="2164" threadId="000000000077F200" bytesRequested="240" />
<af-end id="2165" timestamp="2020-09-11T10:50:15.019" threadId="000000000077FB80" success="true" from="nursery"/>
<exclusive-end id="2166" timestamp="2020-09-11T10:50:15.019" durationms="128.092" />

<exclusive-start id="2167" timestamp="2020-09-11T10:50:17.025" intervalms="2134.581">
  <response-info timems="1.448" idlems="1.448" threads="0" lastid="000000000088A300" lastname="Group1.Backend.CompositeBackend{Tier1}.6" />
</exclusive-start>
<af-start id="2168" threadId="000000000088AC80" totalBytesRequested="48" timestamp="2020-09-11T10:50:17.026" intervalms="2134.678" type="nursery" />
<cycle-start id="2169" type="scavenge" contextid="0" timestamp="2020-09-11T10:50:17.026" intervalms="2134.721" />
<gc-start id="2170" type="scavenge" contextid="2169" timestamp="2020-09-11T10:50:17.026">
  <mem-info id="2171" free="210899856" total="2836725760" percent="7">
    <mem type="nursery" free="0" total="939524096" percent="0">
      <mem type="allocate" free="0" total="808714240" percent="0" />
      <mem type="survivor" free="0" total="130809856" percent="0" />
    </mem>
    <mem type="tenure" free="210899856" total="1897201664" percent="11">
      <mem type="soa" free="97066896" total="1783368704" percent="5" />
      <mem type="loa" free="113832960" total="113832960" percent="100" />
    </mem>
    <remembered-set count="193072" />
  </mem-info>
</gc-start>
<allocation-stats totalBytes="692612520" >
  <allocated-bytes non-tlh="31994600" tlh="660617920" />
  <largest-consumer threadName="Group1.Backend.CompositeBackend{Tier1}.1" threadId="000000000077FE00" bytes="111163376" />
</allocation-stats>
<gc-op id="2172" type="scavenge" timems="110.454" contextid="2169" timestamp="2020-09-11T10:50:17.137">
  <scavenger-info tenureage="3" tenuremask="7ff8" tiltratio="86" />
  <memory-copied type="nursery" objects="4069946" bytes="109232144" bytesdiscarded="192704" />
  <memory-copied type="tenure" objects="1160257" bytes="31221592" bytesdiscarded="74992" />
  <ownableSynchronizers candidates="11537" cleared="9268" />
  <references type="soft" candidates="1341" cleared="0" enqueued="0" dynamicThreshold="19" maxThreshold="32" />
  <references type="weak" candidates="117" cleared="116" enqueued="0" />
</gc-op>
<gc-end id="2173" type="scavenge" contextid="2169" durationms="111.340" usertimems="852.849" systemtimems="5.501" timestamp="2020-09-11T10:50:17.138" activeThreads="8">
  <mem-info id="2174" free="879148440" total="2836725760" percent="30">
    <mem type="nursery" free="699532800" total="939524096" percent="74">
      <mem type="allocate" free="699532800" total="809041920" percent="86" />
      <mem type="survivor" free="0" total="130482176" percent="0" />
    </mem>
    <mem type="tenure" free="179615640" total="1897201664" percent="9" macro-fragmented="0">
      <mem type="soa" free="65782680" total="1783368704" percent="3" />
      <mem type="loa" free="113832960" total="113832960" percent="100" />
    </mem>
    <remembered-set count="30424" />
  </mem-info>
</gc-end>
<cycle-end id="2175" type="scavenge" contextid="2169" timestamp="2020-09-11T10:50:17.138" />
<allocation-satisfied id="2176" threadId="000000000088A300" bytesRequested="48" />
<af-end id="2177" timestamp="2020-09-11T10:50:17.138" threadId="000000000088AC80" success="true" from="nursery"/>
<exclusive-end id="2178" timestamp="2020-09-11T10:50:17.138" durationms="112.955" />

<exclusive-start id="2179" timestamp="2020-09-11T10:50:19.042" intervalms="2016.545">
  <response-info timems="0.609" idlems="0.609" threads="0" lastid="000000000077FE00" lastname="Group1.Backend.CompositeBackend{Tier1}.1" />
</exclusive-start>
<af-start id="2180" threadId="0000000000780780" totalBytesRequested="16" timestamp="2020-09-11T10:50:19.043" intervalms="2016.594" type="nursery" />
<cycle-start id="2181" type="scavenge" contextid="0" timestamp="2020-09-11T10:50:19.043" intervalms="2016.558" />
<gc-start id="2182" type="scavenge" contextid="2181" timestamp="2020-09-11T10:50:19.043">
  <mem-info id="2183" free="179615640" total="2836725760" percent="6">
    <mem type="nursery" free="0" total="939524096" percent="0">
      <mem type="allocate" free="0" total="809041920" percent="0" />
      <mem type="survivor" free="0" total="130482176" percent="0" />
    </mem>
    <mem type="tenure" free="179615640" total="1897201664" percent="9">
      <mem type="soa" free="65782680" total="1783368704" percent="3" />
      <mem type="loa" free="113832960" total="113832960" percent="100" />
    </mem>
    <remembered-set count="194400" />
  </mem-info>
</gc-start>
<allocation-stats totalBytes="699138040" >
  <allocated-bytes non-tlh="32951472" tlh="666186568" />
  <largest-consumer threadName="Group1.Backend.CompositeBackend{Tier1}.8" threadId="000000000089D400" bytes="98841176" />
</allocation-stats>
<gc-op id="2184" type="scavenge" timems="119.843" contextid="2181" timestamp="2020-09-11T10:50:19.163">
  <scavenger-info tenureage="3" tenuremask="7ff8" tiltratio="86" />
  <memory-copied type="nursery" objects="4109329" bytes="110411472" bytesdiscarded="242584" />
  <memory-copied type="tenure" objects="1061825" bytes="28554024" bytesdiscarded="77408" />
  <ownableSynchronizers candidates="12127" cleared="9806" />
  <references type="soft" candidates="1418" cleared="0" enqueued="0" dynamicThreshold="19" maxThreshold="32" />
  <references type="weak" candidates="95" cleared="94" enqueued="0" />
</gc-op>
<gc-end id="2185" type="scavenge" contextid="2181" durationms="121.133" usertimems="840.623" systemtimems="15.013" timestamp="2020-09-11T10:50:19.164" activeThreads="8">
  <mem-info id="2186" free="850468064" total="2836725760" percent="29">
    <mem type="nursery" free="699411904" total="939524096" percent="74">
      <mem type="allocate" free="699411904" total="810156032" percent="86" />
      <mem type="survivor" free="0" total="129368064" percent="0" />
    </mem>
    <mem type="tenure" free="151056160" total="1897201664" percent="7" macro-fragmented="0">
      <mem type="soa" free="37223200" total="1783368704" percent="2" />
      <mem type="loa" free="113832960" total="113832960" percent="100" />
    </mem>
    <remembered-set count="31153" />
  </mem-info>
</gc-end>
<cycle-end id="2187" type="scavenge" contextid="2181" timestamp="2020-09-11T10:50:19.167" />
<allocation-satisfied id="2188" threadId="000000000077FE00" bytesRequested="16" />
<af-end id="2189" timestamp="2020-09-11T10:50:19.167" threadId="0000000000780780" success="true" from="nursery"/>
<exclusive-end id="2190" timestamp="2020-09-11T10:50:19.167" durationms="124.862" />

<exclusive-start id="2191" timestamp="2020-09-11T10:50:21.128" intervalms="2086.552">
  <response-info timems="2.787" idlems="2.787" threads="0" lastid="0000000000808C00" lastname="Group1.Backend.CompositeBackend{Tier1}.3" />
</exclusive-start>
<af-start id="2192" threadId="0000000000809580" totalBytesRequested="16" timestamp="2020-09-11T10:50:21.129" intervalms="2086.507" type="nursery" />
<cycle-start id="2193" type="scavenge" contextid="0" timestamp="2020-09-11T10:50:21.129" intervalms="2086.525" />
<gc-start id="2194" type="scavenge" contextid="2193" timestamp="2020-09-11T10:50:21.130">
  <mem-info id="2195" free="151056160" total="2836725760" percent="5">
    <mem type="nursery" free="0" total="939524096" percent="0">
      <mem type="allocate" free="0" total="810156032" percent="0" />
      <mem type="survivor" free="0" total="129368064" percent="0" />
    </mem>
    <mem type="tenure" free="151056160" total="1897201664" percent="7">
      <mem type="soa" free="37223200" total="1783368704" percent="2" />
      <mem type="loa" free="113832960" total="113832960" percent="100" />
    </mem>
    <remembered-set count="194127" />
  </mem-info>
</gc-start>
<allocation-stats totalBytes="699016728" >
  <allocated-bytes non-tlh="34724888" tlh="664291840" />
  <largest-consumer threadName="Group1.Backend.CompositeBackend{Tier1}.7" threadId="0000000000891B00" bytes="95940000" />
</allocation-stats>
<gc-op id="2196" type="scavenge" timems="149.645" contextid="2193" timestamp="2020-09-11T10:50:21.280">
  <scavenger-info tenureage="3" tenuremask="7ff8" tiltratio="86" />
  <memory-copied type="nursery" objects="4272947" bytes="113759192" bytesdiscarded="116328" />
  <memory-copied type="tenure" objects="1115013" bytes="30031680" bytesdiscarded="91216" />
  <ownableSynchronizers candidates="10450" cleared="8156" />
  <references type="soft" candidates="1406" cleared="0" enqueued="0" dynamicThreshold="19" maxThreshold="32" />
  <references type="weak" candidates="133" cleared="132" enqueued="0" />
</gc-op>
<gc-end id="2197" type="scavenge" contextid="2193" durationms="150.825" usertimems="1027.078" systemtimems="28.238" timestamp="2020-09-11T10:50:21.281" activeThreads="8">
  <mem-info id="2198" free="815768432" total="2836725760" percent="28">
    <mem type="nursery" free="694751704" total="939524096" percent="73">
      <mem type="allocate" free="694751704" total="808714240" percent="85" />
      <mem type="survivor" free="0" total="130809856" percent="0" />
    </mem>
    <mem type="tenure" free="121016728" total="1897201664" percent="6" macro-fragmented="0">
      <mem type="soa" free="7183768" total="1783368704" percent="0" />
      <mem type="loa" free="113832960" total="113832960" percent="100" />
    </mem>
    <remembered-set count="33983" />
  </mem-info>
</gc-end>
<cycle-end id="2199" type="scavenge" contextid="2193" timestamp="2020-09-11T10:50:21.282" />
<allocation-satisfied id="2200" threadId="0000000000808C00" bytesRequested="16" />
<af-end id="2201" timestamp="2020-09-11T10:50:21.282" threadId="0000000000809580" success="true" from="nursery"/>
<exclusive-end id="2202" timestamp="2020-09-11T10:50:21.282" durationms="153.271" />

<exclusive-start id="2203" timestamp="2020-09-11T10:50:23.220" intervalms="2091.179">
  <response-info timems="2.402" idlems="1.313" threads="1" lastid="000000000088A300" lastname="Group1.Backend.CompositeBackend{Tier1}.6" />
</exclusive-start>
<af-start id="2204" threadId="0000000000A8DB80" totalBytesRequested="16" timestamp="2020-09-11T10:50:23.220" intervalms="2091.107" type="nursery" />
<percolate-collect id="2205" from="nursery" to="global" reason="prevent tenure expand" timestamp="2020-09-11T10:50:23.220"/>
<cycle-start id="2206" type="global" contextid="0" timestamp="2020-09-11T10:50:23.220" intervalms="73058.320" />
<gc-start id="2207" type="global" contextid="2206" timestamp="2020-09-11T10:50:23.221">
  <mem-info id="2208" free="121016728" total="2836725760" percent="4">
    <mem type="nursery" free="0" total="939524096" percent="0">
      <mem type="allocate" free="0" total="808714240" percent="0" />
      <mem type="survivor" free="0" total="130809856" percent="0" />
    </mem>
    <mem type="tenure" free="121016728" total="1897201664" percent="6">
      <mem type="soa" free="7183768" total="1783368704" percent="0" />
      <mem type="loa" free="113832960" total="113832960" percent="100" />
    </mem>
    <remembered-set count="197677" />
  </mem-info>
</gc-start>
<allocation-stats totalBytes="694362184" >
  <allocated-bytes non-tlh="30624536" tlh="663737648" />
  <largest-consumer threadName="Group1.Backend.CompositeBackend{Tier1}.5" threadId="0000000000855600" bytes="106496824" />
</allocation-stats>
<gc-op id="2209" type="mark" timems="585.847" contextid="2206" timestamp="2020-09-11T10:50:23.807">
  <trace-info objectcount="30489489" scancount="29511335" scanbytes="806655824" />
  <finalization candidates="146" enqueued="0" />
  <ownableSynchronizers candidates="582788" cleared="14160" />
  <references type="soft" candidates="687559" cleared="0" enqueued="0" dynamicThreshold="19" maxThreshold="32" />
  <references type="weak" candidates="4395" cleared="113" enqueued="0" />
  <references type="phantom" candidates="106" cleared="0" enqueued="0" />
  <stringconstants candidates="11194" cleared="1"  />
</gc-op>
<gc-op id="2210" type="classunload" timems="0.117" contextid="2206" timestamp="2020-09-11T10:50:23.807">
  <classunload-info classloadercandidates="177" classloadersunloaded="0" classesunloaded="0" anonymousclassesunloaded="0" quiescems="0.000" setupms="0.115" scanms="0.002" postms="0.000" />
</gc-op>
<gc-op id="2211" type="sweep" timems="12.276" contextid="2206" timestamp="2020-09-11T10:50:23.819" />
<gc-end id="2212" type="global" contextid="2206" durationms="599.217" usertimems="4402.943" systemtimems="3.528" timestamp="2020-09-11T10:50:23.820" activeThreads="8">
  <mem-info id="2213" free="1746132952" total="2836725760" percent="61">
    <mem type="nursery" free="610009208" total="939524096" percent="64">
      <mem type="allocate" free="610009208" total="808714240" percent="75" />
      <mem type="survivor" free="0" total="130809856" percent="0" />
    </mem>
    <mem type="tenure" free="1136123744" total="1897201664" percent="59" micro-fragmented="27543432" macro-fragmented="0">
      <mem type="soa" free="1022290784" total="1783368704" percent="57" />
      <mem type="loa" free="113832960" total="113832960" percent="100" />
    </mem>
    <remembered-set count="191374" />
  </mem-info>
</gc-end>
<cycle-end id="2214" type="global" contextid="2206" timestamp="2020-09-11T10:50:23.820" />
<allocation-satisfied id="2215" threadId="0000000000A8D200" bytesRequested="16" />
<af-end id="2216" timestamp="2020-09-11T10:50:23.820" threadId="0000000000A8DB80" success="true" from="nursery"/>
<exclusive-end id="2217" timestamp="2020-09-11T10:50:23.820" durationms="600.805" />

<exclusive-start id="2218" timestamp="2020-09-11T10:50:24.940" intervalms="1720.746">
  <response-info timems="1.005" idlems="1.005" threads="0" lastid="000000000077FE00" lastname="Group1.Backend.CompositeBackend{Tier1}.1" />
</exclusive-start>
<af-start id="2219" threadId="0000000000780780" totalBytesRequested="262152" timestamp="2020-09-11T10:50:24.941" intervalms="1720.981" type="nursery" />
<cycle-start id="2220" type="scavenge" contextid="0" timestamp="2020-09-11T10:50:24.941" intervalms="3812.085" />
<gc-start id="2221" type="scavenge" contextid="2220" timestamp="2020-09-11T10:50:24.942">
  <mem-info id="2222" free="1150346568" total="2836725760" percent="40">
    <mem type="nursery" free="14222872" total="939524096" percent="1">
      <mem type="allocate" free="14222872" total="808714240" percent="1" />
      <mem type="survivor" free="0" total="130809856" percent="0" />
    </mem>
    <mem type="tenure" free="1136123696" total="1897201664" percent="59">
      <mem type="soa" free="1022290736" total="1783368704" percent="57" />
      <mem type="loa" free="113832960" total="113832960" percent="100" />
    </mem>
    <remembered-set count="245416" />
  </mem-info>
</gc-start>
<allocation-stats totalBytes="593470376" >
  <allocated-bytes non-tlh="30990968" tlh="562479408" />
  <largest-consumer threadName="Group1.Backend.CompositeBackend{Tier1}.1" threadId="000000000077FE00" bytes="84940784" />
</allocation-stats>
<gc-op id="2223" type="scavenge" timems="157.894" contextid="2220" timestamp="2020-09-11T10:50:25.100">
  <scavenger-info tenureage="3" tenuremask="7ff8" tiltratio="86" />
  <memory-copied type="nursery" objects="4876097" bytes="130629344" bytesdiscarded="41696" />
  <memory-copied type="tenure" objects="1262177" bytes="33590752" bytesdiscarded="32784" />
  <copy-failed type="nursery" objects="256460" bytes="6545112" />
  <ownableSynchronizers candidates="1144924" cleared="1142092" />
  <references type="soft" candidates="1641" cleared="0" enqueued="0" dynamicThreshold="19" maxThreshold="32" />
  <references type="weak" candidates="113" cleared="113" enqueued="0" />
</gc-op>
<gc-end id="2224" type="scavenge" contextid="2220" durationms="159.151" usertimems="1105.260" systemtimems="4.119" timestamp="2020-09-11T10:50:25.101" activeThreads="8">
  <mem-info id="2225" free="1731175744" total="2836725760" percent="61">
    <mem type="nursery" free="628817920" total="939524096" percent="66">
      <mem type="allocate" free="628817920" total="759627776" percent="82" />
      <mem type="survivor" free="0" total="179896320" percent="0" />
    </mem>
    <mem type="tenure" free="1102357824" total="1897201664" percent="58" macro-fragmented="0">
      <mem type="soa" free="988524864" total="1783368704" percent="55" />
      <mem type="loa" free="113832960" total="113832960" percent="100" />
    </mem>
    <remembered-set count="41953" />
  </mem-info>
</gc-end>
<cycle-end id="2226" type="scavenge" contextid="2220" timestamp="2020-09-11T10:50:25.103" />
<allocation-satisfied id="2227" threadId="000000000077FE00" bytesRequested="262152" />
<af-end id="2228" timestamp="2020-09-11T10:50:25.103" threadId="0000000000780780" success="true" from="nursery"/>
<exclusive-end id="2229" timestamp="2020-09-11T10:50:25.103" durationms="162.544" />

<exclusive-start id="2230" timestamp="2020-09-11T10:50:26.982" intervalms="2041.929">
  <response-info timems="2.652" idlems="0.902" threads="2" lastid="0000000000891B00" lastname="Group1.Backend.CompositeBackend{Tier1}.7" />
</exclusive-start>
<af-start id="2231" threadId="000000000077FB80" totalBytesRequested="24" timestamp="2020-09-11T10:50:26.983" intervalms="2041.643" type="nursery" />
<cycle-start id="2232" type="scavenge" contextid="0" timestamp="2020-09-11T10:50:26.983" intervalms="2041.629" />
<gc-start id="2233" type="scavenge" contextid="2232" timestamp="2020-09-11T10:50:26.983">
  <mem-info id="2234" free="1102357824" total="2836725760" percent="38">
    <mem type="nursery" free="0" total="939524096" percent="0">
      <mem type="allocate" free="0" total="759627776" percent="0" />
      <mem type="survivor" free="0" total="179896320" percent="0" />
    </mem>
    <mem type="tenure" free="1102357824" total="1897201664" percent="58">
      <mem type="soa" free="988524864" total="1783368704" percent="55" />
      <mem type="loa" free="113832960" total="113832960" percent="100" />
    </mem>
    <remembered-set count="199845" />
  </mem-info>
</gc-start>
<allocation-stats totalBytes="628467800" >
  <allocated-bytes non-tlh="26637616" tlh="601830184" />
  <largest-consumer threadName="Group1.Backend.CompositeBackend{Tier1}.2" threadId="000000000077F200" bytes="99446512" />
</allocation-stats>
<gc-op id="2235" type="scavenge" timems="138.580" contextid="2232" timestamp="2020-09-11T10:50:27.122">
  <scavenger-info tenureage="3" tenuremask="7ff8" tiltratio="80" />
  <memory-copied type="nursery" objects="4817226" bytes="129476512" bytesdiscarded="269344" />
  <memory-copied type="tenure" objects="952155" bytes="25652192" bytesdiscarded="28960" />
  <ownableSynchronizers candidates="9926" cleared="7477" />
  <references type="soft" candidates="1551" cleared="0" enqueued="0" dynamicThreshold="19" maxThreshold="32" />
  <references type="weak" candidates="83" cleared="83" enqueued="0" />
</gc-op>
<gc-end id="2236" type="scavenge" contextid="2232" durationms="139.505" usertimems="1034.552" systemtimems="17.339" timestamp="2020-09-11T10:50:27.123" activeThreads="8">
  <mem-info id="2237" free="1711679456" total="2836725760" percent="60">
    <mem type="nursery" free="635045632" total="939524096" percent="67">
      <mem type="allocate" free="635045632" total="764870656" percent="83" />
      <mem type="survivor" free="0" total="174653440" percent="0" />
    </mem>
    <mem type="tenure" free="1076633824" total="1897201664" percent="56" macro-fragmented="0">
      <mem type="soa" free="962800864" total="1783368704" percent="53" />
      <mem type="loa" free="113832960" total="113832960" percent="100" />
    </mem>
    <remembered-set count="39512" />
  </mem-info>
</gc-end>
<cycle-end id="2238" type="scavenge" contextid="2232" timestamp="2020-09-11T10:50:27.124" />
<allocation-satisfied id="2239" threadId="000000000077F200" bytesRequested="24" />
<af-end id="2240" timestamp="2020-09-11T10:50:27.124" threadId="000000000077FB80" success="true" from="nursery"/>
<exclusive-end id="2241" timestamp="2020-09-11T10:50:27.124" durationms="141.412" />

<exclusive-start id="2242" timestamp="2020-09-11T10:50:28.798" intervalms="1816.196">
  <response-info timems="1.279" idlems="0.655" threads="1" lastid="000000000088A300" lastname="Group1.Backend.CompositeBackend{Tier1}.6" />
</exclusive-start>
<af-start id="2243" threadId="000000000089DD80" totalBytesRequested="520" timestamp="2020-09-11T10:50:28.799" intervalms="1816.316" type="nursery" />
<cycle-start id="2244" type="scavenge" contextid="0" timestamp="2020-09-11T10:50:28.799" intervalms="1816.328" />
<gc-start id="2245" type="scavenge" contextid="2244" timestamp="2020-09-11T10:50:28.800">
  <mem-info id="2246" free="1076633824" total="2836725760" percent="37">
    <mem type="nursery" free="0" total="939524096" percent="0">
      <mem type="allocate" free="0" total="764870656" percent="0" />
      <mem type="survivor" free="0" total="174653440" percent="0" />
    </mem>
    <mem type="tenure" free="1076633824" total="1897201664" percent="56">
      <mem type="soa" free="962800864" total="1783368704" percent="53" />
      <mem type="loa" free="113832960" total="113832960" percent="100" />
    </mem>
    <remembered-set count="192888" />
  </mem-info>
</gc-start>
<allocation-stats totalBytes="634714880" >
  <allocated-bytes non-tlh="30853256" tlh="603861624" />
  <largest-consumer threadName="Group1.Backend.CompositeBackend{Tier1}.4" threadId="0000000000854B00" bytes="88849384" />
</allocation-stats>
<gc-op id="2247" type="scavenge" timems="158.538" contextid="2244" timestamp="2020-09-11T10:50:28.958">
  <scavenger-info tenureage="3" tenuremask="7ff8" tiltratio="81" />
  <memory-copied type="nursery" objects="4931553" bytes="131806768" bytesdiscarded="138416" />
  <memory-copied type="tenure" objects="965578" bytes="26018456" bytesdiscarded="28352" />
  <ownableSynchronizers candidates="9870" cleared="7609" />
  <references type="soft" candidates="1515" cleared="0" enqueued="0" dynamicThreshold="19" maxThreshold="32" />
  <references type="weak" candidates="104" cleared="104" enqueued="0" />
</gc-op>
<gc-end id="2248" type="scavenge" contextid="2244" durationms="160.197" usertimems="1119.199" systemtimems="25.693" timestamp="2020-09-11T10:50:28.960" activeThreads="8">
  <mem-info id="2249" free="1688167656" total="2836725760" percent="59">
    <mem type="nursery" free="637690616" total="939524096" percent="67">
      <mem type="allocate" free="637690616" total="769720320" percent="82" />
      <mem type="survivor" free="0" total="169803776" percent="0" />
    </mem>
    <mem type="tenure" free="1050477040" total="1897201664" percent="55" macro-fragmented="0">
      <mem type="soa" free="936644080" total="1783368704" percent="52" />
      <mem type="loa" free="113832960" total="113832960" percent="100" />
    </mem>
    <remembered-set count="37044" />
  </mem-info>
</gc-end>
<cycle-end id="2250" type="scavenge" contextid="2244" timestamp="2020-09-11T10:50:28.963" />
<allocation-satisfied id="2251" threadId="000000000089D400" bytesRequested="520" />
<af-end id="2252" timestamp="2020-09-11T10:50:28.963" threadId="000000000089DD80" success="true" from="nursery"/>
<exclusive-end id="2253" timestamp="2020-09-11T10:50:28.963" durationms="164.667" />

<exclusive-start id="2254" timestamp="2020-09-11T10:50:30.655" intervalms="1857.004">
  <response-info timems="0.417" idlems="0.417" threads="0" lastid="0000000000808C00" lastname="Group1.Backend.CompositeBackend{Tier1}.3" />
</exclusive-start>
<af-start id="2255" threadId="0000000000809580" totalBytesRequested="24" timestamp="2020-09-11T10:50:30.656" intervalms="1856.912" type="nursery" />
<cycle-start id="2256" type="scavenge" contextid="0" timestamp="2020-09-11T10:50:30.656" intervalms="1856.931" />
<gc-start id="2257" type="scavenge" contextid="2256" timestamp="2020-09-11T10:50:30.657">
  <mem-info id="2258" free="1050477040" total="2836725760" percent="37">
    <mem type="nursery" free="0" total="939524096" percent="0">
      <mem type="allocate" free="0" total="769720320" percent="0" />
      <mem type="survivor" free="0" total="169803776" percent="0" />
    </mem>
    <mem type="tenure" free="1050477040" total="1897201664" percent="55">
      <mem type="soa" free="936644080" total="1783368704" percent="52" />
      <mem type="loa" free="113832960" total="113832960" percent="100" />
    </mem>
    <remembered-set count="190168" />
  </mem-info>
</gc-start>
<allocation-stats totalBytes="637364096" >
  <allocated-bytes non-tlh="34772296" tlh="602591800" />
  <largest-consumer threadName="Group1.Backend.CompositeBackend{Tier1}.4" threadId="0000000000854B00" bytes="87478992" />
</allocation-stats>
<gc-op id="2259" type="scavenge" timems="114.547" contextid="2256" timestamp="2020-09-11T10:50:30.772">
  <scavenger-info tenureage="3" tenuremask="7ff8" tiltratio="81" />
  <memory-copied type="nursery" objects="3749134" bytes="100676528" bytesdiscarded="318944" />
  <memory-copied type="tenure" objects="1920288" bytes="51780200" bytesdiscarded="59792" />
  <ownableSynchronizers candidates="8570" cleared="6426" />
  <references type="soft" candidates="1140" cleared="0" enqueued="0" dynamicThreshold="19" maxThreshold="32" />
  <references type="weak" candidates="128" cleared="128" enqueued="0" />
</gc-op>
<gc-end id="2260" type="scavenge" contextid="2256" durationms="115.514" usertimems="827.769" systemtimems="0.000" timestamp="2020-09-11T10:50:30.772" activeThreads="8">
  <mem-info id="2261" free="1671829608" total="2836725760" percent="58">
    <mem type="nursery" free="673101824" total="939524096" percent="71">
      <mem type="allocate" free="673101824" total="774176768" percent="86" />
      <mem type="survivor" free="0" total="165347328" percent="0" />
    </mem>
    <mem type="tenure" free="998727784" total="1897201664" percent="52" macro-fragmented="0">
      <mem type="soa" free="884894824" total="1783368704" percent="49" />
      <mem type="loa" free="113832960" total="113832960" percent="100" />
    </mem>
    <remembered-set count="28495" />
  </mem-info>
</gc-end>
<cycle-end id="2262" type="scavenge" contextid="2256" timestamp="2020-09-11T10:50:30.773" />
<allocation-satisfied id="2263" threadId="0000000000808C00" bytesRequested="24" />
<af-end id="2264" timestamp="2020-09-11T10:50:30.773" threadId="0000000000809580" success="true" from="nursery"/>
<exclusive-end id="2265" timestamp="2020-09-11T10:50:30.773" durationms="117.598" />

<exclusive-start id="2266" timestamp="2020-09-11T10:50:32.775" intervalms="2119.541">
  <response-info timems="7.505" idlems="3.774" threads="1" lastid="0000000000854B00" lastname="Group1.Backend.CompositeBackend{Tier1}.4" />
</exclusive-start>
<af-start id="2267" threadId="0000000000A95280" totalBytesRequested="536" timestamp="2020-09-11T10:50:32.776" intervalms="2119.622" type="nursery" />
<cycle-start id="2268" type="scavenge" contextid="0" timestamp="2020-09-11T10:50:32.776" intervalms="2119.824" />
<gc-start id="2269" type="scavenge" contextid="2268" timestamp="2020-09-11T10:50:32.776">
  <mem-info id="2270" free="998727784" total="2836725760" percent="35">
    <mem type="nursery" free="0" total="939524096" percent="0">
      <mem type="allocate" free="0" total="774176768" percent="0" />
      <mem type="survivor" free="0" total="165347328" percent="0" />
    </mem>
    <mem type="tenure" free="998727784" total="1897201664" percent="52">
      <mem type="soa" free="884894824" total="1783368704" percent="49" />
      <mem type="loa" free="113832960" total="113832960" percent="100" />
    </mem>
    <remembered-set count="192609" />
  </mem-info>
</gc-start>
<allocation-stats totalBytes="672766320" >
  <allocated-bytes non-tlh="29167968" tlh="643598352" />
  <largest-consumer threadName="Group1.Backend.CompositeBackend{Tier1}.5" threadId="0000000000855600" bytes="99780232" />
</allocation-stats>
<gc-op id="2271" type="scavenge" timems="110.014" contextid="2268" timestamp="2020-09-11T10:50:32.887">
  <scavenger-info tenureage="3" tenuremask="7ff8" tiltratio="82" />
  <memory-copied type="nursery" objects="3834819" bytes="102905080" bytesdiscarded="199616" />
  <memory-copied type="tenure" objects="1051515" bytes="28286616" bytesdiscarded="29600" />
  <finalization candidates="1" enqueued="0" />
  <ownableSynchronizers candidates="7823" cleared="6172" />
  <references type="soft" candidates="1072" cleared="0" enqueued="0" dynamicThreshold="19" maxThreshold="32" />
  <references type="weak" candidates="117" cleared="115" enqueued="0" />
</gc-op>
<gc-end id="2272" type="scavenge" contextid="2268" durationms="111.084" usertimems="825.642" systemtimems="15.842" timestamp="2020-09-11T10:50:32.887" activeThreads="8">
  <mem-info id="2273" free="1650774272" total="2836725760" percent="58">
    <mem type="nursery" free="680485632" total="939524096" percent="72">
      <mem type="allocate" free="680485632" total="783679488" percent="86" />
      <mem type="survivor" free="0" total="155844608" percent="0" />
    </mem>
    <mem type="tenure" free="970288640" total="1897201664" percent="51" macro-fragmented="0">
      <mem type="soa" free="856455680" total="1783368704" percent="48" />
      <mem type="loa" free="113832960" total="113832960" percent="100" />
    </mem>
    <remembered-set count="29936" />
  </mem-info>
</gc-end>
<cycle-end id="2274" type="scavenge" contextid="2268" timestamp="2020-09-11T10:50:32.889" />
<allocation-satisfied id="2275" threadId="0000000000A94900" bytesRequested="536" />
<af-end id="2276" timestamp="2020-09-11T10:50:32.889" threadId="0000000000A95280" success="true" from="nursery"/>
<exclusive-end id="2277" timestamp="2020-09-11T10:50:32.889" durationms="114.506" />

<exclusive-start id="2278" timestamp="2020-09-11T10:50:34.834" intervalms="2058.621">
  <response-info timems="6.200" idlems="6.200" threads="0" lastid="000000000089D400" lastname="Group1.Backend.CompositeBackend{Tier1}.8" />
</exclusive-start>
<af-start id="2279" threadId="000000000089DD80" totalBytesRequested="16" timestamp="2020-09-11T10:50:34.835" intervalms="2058.841" type="nursery" />
<cycle-start id="2280" type="scavenge" contextid="0" timestamp="2020-09-11T10:50:34.835" intervalms="2058.644" />
<gc-start id="2281" type="scavenge" contextid="2280" timestamp="2020-09-11T10:50:34.836">
  <mem-info id="2282" free="970288640" total="2836725760" percent="34">
    <mem type="nursery" free="0" total="939524096" percent="0">
      <mem type="allocate" free="0" total="783679488" percent="0" />
      <mem type="survivor" free="0" total="155844608" percent="0" />
    </mem>
    <mem type="tenure" free="970288640" total="1897201664" percent="51">
      <mem type="soa" free="856455680" total="1783368704" percent="48" />
      <mem type="loa" free="113832960" total="113832960" percent="100" />
    </mem>
    <remembered-set count="191628" />
  </mem-info>
</gc-start>
<allocation-stats totalBytes="680163256" >
  <allocated-bytes non-tlh="34965104" tlh="645198152" />
  <largest-consumer threadName="Group1.Backend.CompositeBackend{Tier1}.4" threadId="0000000000854B00" bytes="122894160" />
</allocation-stats>
<gc-op id="2283" type="scavenge" timems="107.913" contextid="2280" timestamp="2020-09-11T10:50:34.944">
  <scavenger-info tenureage="3" tenuremask="7ff8" tiltratio="83" />
  <memory-copied type="nursery" objects="3936644" bytes="105599776" bytesdiscarded="202792" />
  <memory-copied type="tenure" objects="1005667" bytes="27073560" bytesdiscarded="22472" />
  <finalization candidates="1" enqueued="0" />
  <ownableSynchronizers candidates="7885" cleared="6304" />
  <references type="soft" candidates="1039" cleared="0" enqueued="0" dynamicThreshold="19" maxThreshold="32" />
  <references type="weak" candidates="112" cleared="112" enqueued="0" />
</gc-op>
<gc-end id="2284" type="scavenge" contextid="2280" durationms="109.202" usertimems="792.911" systemtimems="8.265" timestamp="2020-09-11T10:50:34.945" activeThreads="8">
  <mem-info id="2285" free="1627790232" total="2836725760" percent="57">
    <mem type="nursery" free="684668928" total="939524096" percent="72">
      <mem type="allocate" free="684668928" total="790560768" percent="86" />
      <mem type="survivor" free="0" total="148963328" percent="0" />
    </mem>
    <mem type="tenure" free="943121304" total="1897201664" percent="49" macro-fragmented="0">
      <mem type="soa" free="829288344" total="1783368704" percent="46" />
      <mem type="loa" free="113832960" total="113832960" percent="100" />
    </mem>
    <remembered-set count="33100" />
  </mem-info>
</gc-end>
<cycle-end id="2286" type="scavenge" contextid="2280" timestamp="2020-09-11T10:50:34.946" />
<allocation-satisfied id="2287" threadId="000000000089D400" bytesRequested="16" />
<af-end id="2288" timestamp="2020-09-11T10:50:34.946" threadId="000000000089DD80" success="true" from="nursery"/>
<exclusive-end id="2289" timestamp="2020-09-11T10:50:34.946" durationms="112.426" />

<exclusive-start id="2290" timestamp="2020-09-11T10:50:36.894" intervalms="2060.629">
  <response-info timems="0.682" idlems="0.378" threads="1" lastid="0000000000854B00" lastname="Group1.Backend.CompositeBackend{Tier1}.4" />
</exclusive-start>
<af-start id="2291" threadId="0000000000809580" totalBytesRequested="32" timestamp="2020-09-11T10:50:36.895" intervalms="2060.420" type="nursery" />
<cycle-start id="2292" type="scavenge" contextid="0" timestamp="2020-09-11T10:50:36.895" intervalms="2060.412" />
<gc-start id="2293" type="scavenge" contextid="2292" timestamp="2020-09-11T10:50:36.895">
  <mem-info id="2294" free="943121304" total="2836725760" percent="33">
    <mem type="nursery" free="0" total="939524096" percent="0">
      <mem type="allocate" free="0" total="790560768" percent="0" />
      <mem type="survivor" free="0" total="148963328" percent="0" />
    </mem>
    <mem type="tenure" free="943121304" total="1897201664" percent="49">
      <mem type="soa" free="829288344" total="1783368704" percent="46" />
      <mem type="loa" free="113832960" total="113832960" percent="100" />
    </mem>
    <remembered-set count="197303" />
  </mem-info>
</gc-start>
<allocation-stats totalBytes="684338352" >
  <allocated-bytes non-tlh="26957648" tlh="657380704" />
  <largest-consumer threadName="Group1.Backend.CompositeBackend{Tier1}.8" threadId="000000000089D400" bytes="150855984" />
</allocation-stats>
<gc-op id="2295" type="scavenge" timems="168.814" contextid="2292" timestamp="2020-09-11T10:50:37.064">
  <scavenger-info tenureage="3" tenuremask="7ff8" tiltratio="84" />
  <memory-copied type="nursery" objects="4268591" bytes="113844480" bytesdiscarded="160048" />
  <memory-copied type="tenure" objects="974713" bytes="26197096" bytesdiscarded="33232" />
  <finalization candidates="1" enqueued="0" />
  <ownableSynchronizers candidates="9788" cleared="8178" />
  <references type="soft" candidates="1137" cleared="0" enqueued="0" dynamicThreshold="19" maxThreshold="32" />
  <references type="weak" candidates="104" cleared="103" enqueued="0" />
</gc-op>
<gc-end id="2296" type="scavenge" contextid="2292" durationms="169.933" usertimems="1180.151" systemtimems="37.681" timestamp="2020-09-11T10:50:37.065" activeThreads="8">
  <mem-info id="2297" free="1595867256" total="2836725760" percent="56">
    <mem type="nursery" free="678952696" total="939524096" percent="72">
      <mem type="allocate" free="678952696" total="793051136" percent="85" />
      <mem type="survivor" free="0" total="146472960" percent="0" />
    </mem>
    <mem type="tenure" free="916914560" total="1897201664" percent="48" macro-fragmented="0">
      <mem type="soa" free="803081600" total="1783368704" percent="45" />
      <mem type="loa" free="113832960" total="113832960" percent="100" />
    </mem>
    <remembered-set count="33204" />
  </mem-info>
</gc-end>
<cycle-end id="2298" type="scavenge" contextid="2292" timestamp="2020-09-11T10:50:37.066" />
<allocation-satisfied id="2299" threadId="0000000000808C00" bytesRequested="32" />
<af-end id="2300" timestamp="2020-09-11T10:50:37.066" threadId="0000000000809580" success="true" from="nursery"/>
<exclusive-end id="2301" timestamp="2020-09-11T10:50:37.066" durationms="171.638" />

<exclusive-start id="2302" timestamp="2020-09-11T10:50:38.942" intervalms="2048.235">
  <response-info timems="0.311" idlems="0.311" threads="0" lastid="0000000000855600" lastname="Group1.Backend.CompositeBackend{Tier1}.5" />
</exclusive-start>
<af-start id="2303" threadId="0000000000855F80" totalBytesRequested="24" timestamp="2020-09-11T10:50:38.943" intervalms="2048.103" type="nursery" />
<cycle-start id="2304" type="scavenge" contextid="0" timestamp="2020-09-11T10:50:38.943" intervalms="2048.102" />
<gc-start id="2305" type="scavenge" contextid="2304" timestamp="2020-09-11T10:50:38.944">
  <mem-info id="2306" free="916914560" total="2836725760" percent="32">
    <mem type="nursery" free="0" total="939524096" percent="0">
      <mem type="allocate" free="0" total="793051136" percent="0" />
      <mem type="survivor" free="0" total="146472960" percent="0" />
    </mem>
    <mem type="tenure" free="916914560" total="1897201664" percent="48">
      <mem type="soa" free="803081600" total="1783368704" percent="45" />
      <mem type="loa" free="113832960" total="113832960" percent="100" />
    </mem>
    <remembered-set count="193164" />
  </mem-info>
</gc-start>
<allocation-stats totalBytes="678624632" >
  <allocated-bytes non-tlh="33992464" tlh="644632168" />
  <largest-consumer threadName="Group1.Backend.CompositeBackend{Tier1}.5" threadId="0000000000855600" bytes="96472136" />
</allocation-stats>
<gc-op id="2307" type="scavenge" timems="104.642" contextid="2304" timestamp="2020-09-11T10:50:39.048">
  <scavenger-info tenureage="3" tenuremask="7ff8" tiltratio="84" />
  <memory-copied type="nursery" objects="4250468" bytes="113667928" bytesdiscarded="115176" />
  <memory-copied type="tenure" objects="1108321" bytes="29780464" bytesdiscarded="47560" />
  <finalization candidates="1" enqueued="0" />
  <ownableSynchronizers candidates="7751" cleared="6160" />
  <references type="soft" candidates="1122" cleared="0" enqueued="0" dynamicThreshold="19" maxThreshold="32" />
  <references type="weak" candidates="102" cleared="102" enqueued="0" />
</gc-op>
<gc-end id="2308" type="scavenge" contextid="2304" durationms="105.483" usertimems="784.223" systemtimems="4.587" timestamp="2020-09-11T10:50:39.049" activeThreads="8">
  <mem-info id="2309" free="1569873976" total="2836725760" percent="55">
    <mem type="nursery" free="682923504" total="939524096" percent="72">
      <mem type="allocate" free="682923504" total="796786688" percent="85" />
      <mem type="survivor" free="0" total="142737408" percent="0" />
    </mem>
    <mem type="tenure" free="886950472" total="1897201664" percent="46" macro-fragmented="0">
      <mem type="soa" free="773117512" total="1783368704" percent="43" />
      <mem type="loa" free="113832960" total="113832960" percent="100" />
    </mem>
    <remembered-set count="31033" />
  </mem-info>
</gc-end>
<cycle-end id="2310" type="scavenge" contextid="2304" timestamp="2020-09-11T10:50:39.049" />
<allocation-satisfied id="2311" threadId="0000000000855600" bytesRequested="24" />
<af-end id="2312" timestamp="2020-09-11T10:50:39.049" threadId="0000000000855F80" success="true" from="nursery"/>
<exclusive-end id="2313" timestamp="2020-09-11T10:50:39.049" durationms="106.948" />

<exclusive-start id="2314" timestamp="2020-09-11T10:50:41.012" intervalms="2069.756">
  <response-info timems="6.742" idlems="6.676" threads="1" lastid="000000000088A300" lastname="Group1.Backend.CompositeBackend{Tier1}.6" />
</exclusive-start>
<af-start id="2315" threadId="0000000000892480" totalBytesRequested="32" timestamp="2020-09-11T10:50:41.013" intervalms="2069.835" type="nursery" />
<cycle-start id="2316" type="scavenge" contextid="0" timestamp="2020-09-11T10:50:41.013" intervalms="2069.837" />
<gc-start id="2317" type="scavenge" contextid="2316" timestamp="2020-09-11T10:50:41.013">
  <mem-info id="2318" free="886950472" total="2836725760" percent="31">
    <mem type="nursery" free="0" total="939524096" percent="0">
      <mem type="allocate" free="0" total="796786688" percent="0" />
      <mem type="survivor" free="0" total="142737408" percent="0" />
    </mem>
    <mem type="tenure" free="886950472" total="1897201664" percent="46">
      <mem type="soa" free="773117512" total="1783368704" percent="43" />
      <mem type="loa" free="113832960" total="113832960" percent="100" />
    </mem>
    <remembered-set count="191461" />
  </mem-info>
</gc-start>
<allocation-stats totalBytes="682595448" >
  <allocated-bytes non-tlh="35319376" tlh="647276072" />
  <largest-consumer threadName="Group1.Backend.CompositeBackend{Tier1}.3" threadId="0000000000808C00" bytes="103029720" />
</allocation-stats>
<gc-op id="2319" type="scavenge" timems="109.818" contextid="2316" timestamp="2020-09-11T10:50:41.123">
  <scavenger-info tenureage="3" tenuremask="7ff8" tiltratio="84" />
  <memory-copied type="nursery" objects="4079279" bytes="110466368" bytesdiscarded="157200" />
  <memory-copied type="tenure" objects="1077698" bytes="28958728" bytesdiscarded="35728" />
  <ownableSynchronizers candidates="9687" cleared="8002" />
  <references type="soft" candidates="1190" cleared="0" enqueued="0" dynamicThreshold="19" maxThreshold="32" />
  <references type="weak" candidates="129" cleared="128" enqueued="0" />
</gc-op>
<gc-end id="2320" type="scavenge" contextid="2316" durationms="110.686" usertimems="830.432" systemtimems="5.154" timestamp="2020-09-11T10:50:41.124" activeThreads="8">
  <mem-info id="2321" free="1547231208" total="2836725760" percent="54">
    <mem type="nursery" free="689161712" total="939524096" percent="73">
      <mem type="allocate" free="689161712" total="799866880" percent="86" />
      <mem type="survivor" free="0" total="139657216" percent="0" />
    </mem>
    <mem type="tenure" free="858069496" total="1897201664" percent="45" macro-fragmented="0">
      <mem type="soa" free="744236536" total="1783368704" percent="41" />
      <mem type="loa" free="113832960" total="113832960" percent="100" />
    </mem>
    <remembered-set count="29629" />
  </mem-info>
</gc-end>
<cycle-end id="2322" type="scavenge" contextid="2316" timestamp="2020-09-11T10:50:41.124" />
<allocation-satisfied id="2323" threadId="0000000000891B00" bytesRequested="32" />
<af-end id="2324" timestamp="2020-09-11T10:50:41.124" threadId="0000000000892480" success="true" from="nursery"/>
<exclusive-end id="2325" timestamp="2020-09-11T10:50:41.124" durationms="112.324" />

<exclusive-start id="2326" timestamp="2020-09-11T10:50:43.130" intervalms="2117.719">
  <response-info timems="0.272" idlems="0.272" threads="0" lastid="0000000000855600" lastname="Group1.Backend.CompositeBackend{Tier1}.5" />
</exclusive-start>
<af-start id="2327" threadId="0000000000855F80" totalBytesRequested="664" timestamp="2020-09-11T10:50:43.131" intervalms="2117.671" type="nursery" />
<cycle-start id="2328" type="scavenge" contextid="0" timestamp="2020-09-11T10:50:43.131" intervalms="2117.647" />
<gc-start id="2329" type="scavenge" contextid="2328" timestamp="2020-09-11T10:50:43.131">
  <mem-info id="2330" free="858069496" total="2836725760" percent="30">
    <mem type="nursery" free="0" total="939524096" percent="0">
      <mem type="allocate" free="0" total="799866880" percent="0" />
      <mem type="survivor" free="0" total="139657216" percent="0" />
    </mem>
    <mem type="tenure" free="858069496" total="1897201664" percent="45">
      <mem type="soa" free="744236536" total="1783368704" percent="41" />
      <mem type="loa" free="113832960" total="113832960" percent="100" />
    </mem>
    <remembered-set count="195620" />
  </mem-info>
</gc-start>
<allocation-stats totalBytes="688801744" >
  <allocated-bytes non-tlh="27779608" tlh="661022136" />
  <largest-consumer threadName="Group1.Backend.CompositeBackend{Tier1}.8" threadId="000000000089D400" bytes="103805272" />
</allocation-stats>
<gc-op id="2331" type="scavenge" timems="121.292" contextid="2328" timestamp="2020-09-11T10:50:43.252">
  <scavenger-info tenureage="3" tenuremask="7ff8" tiltratio="85" />
  <memory-copied type="nursery" objects="4481585" bytes="119277736" bytesdiscarded="395584" />
  <memory-copied type="tenure" objects="1109919" bytes="29873296" bytesdiscarded="36696" />
  <ownableSynchronizers candidates="8120" cleared="6440" />
  <references type="soft" candidates="1106" cleared="0" enqueued="0" dynamicThreshold="19" maxThreshold="32" />
  <references type="weak" candidates="88" cleared="88" enqueued="0" />
</gc-op>
<gc-end id="2332" type="scavenge" contextid="2328" durationms="122.225" usertimems="900.865" systemtimems="0.000" timestamp="2020-09-11T10:50:43.253" activeThreads="8">
  <mem-info id="2333" free="1504941560" total="2836725760" percent="53">
    <mem type="nursery" free="677025712" total="939524096" percent="72">
      <mem type="allocate" free="677025712" total="796786688" percent="84" />
      <mem type="survivor" free="0" total="142737408" percent="0" />
    </mem>
    <mem type="tenure" free="827915848" total="1897201664" percent="43" macro-fragmented="0">
      <mem type="soa" free="714082888" total="1783368704" percent="40" />
      <mem type="loa" free="113832960" total="113832960" percent="100" />
    </mem>
    <remembered-set count="31317" />
  </mem-info>
</gc-end>
<cycle-end id="2334" type="scavenge" contextid="2328" timestamp="2020-09-11T10:50:43.254" />
<allocation-satisfied id="2335" threadId="0000000000855600" bytesRequested="664" />
<af-end id="2336" timestamp="2020-09-11T10:50:43.254" threadId="0000000000855F80" success="true" from="nursery"/>
<exclusive-end id="2337" timestamp="2020-09-11T10:50:43.254" durationms="123.720" />

<exclusive-start id="2338" timestamp="2020-09-11T10:50:45.127" intervalms="1997.078">
  <response-info timems="0.339" idlems="0.172" threads="1" lastid="0000000000891B00" lastname="Group1.Backend.CompositeBackend{Tier1}.7" />
</exclusive-start>
<af-start id="2339" threadId="0000000000809580" totalBytesRequested="664" timestamp="2020-09-11T10:50:45.128" intervalms="1997.082" type="nursery" />
<cycle-start id="2340" type="scavenge" contextid="0" timestamp="2020-09-11T10:50:45.128" intervalms="1997.085" />
<gc-start id="2341" type="scavenge" contextid="2340" timestamp="2020-09-11T10:50:45.128">
  <mem-info id="2342" free="827915848" total="2836725760" percent="29">
    <mem type="nursery" free="0" total="939524096" percent="0">
      <mem type="allocate" free="0" total="796786688" percent="0" />
      <mem type="survivor" free="0" total="142737408" percent="0" />
    </mem>
    <mem type="tenure" free="827915848" total="1897201664" percent="43">
      <mem type="soa" free="714082888" total="1783368704" percent="40" />
      <mem type="loa" free="113832960" total="113832960" percent="100" />
    </mem>
    <remembered-set count="190925" />
  </mem-info>
</gc-start>
<allocation-stats totalBytes="676701944" >
  <allocated-bytes non-tlh="36416112" tlh="640285832" />
  <largest-consumer threadName="Group1.Backend.CompositeBackend{Tier1}.8" threadId="000000000089D400" bytes="92222808" />
</allocation-stats>
<gc-op id="2343" type="scavenge" timems="106.039" contextid="2340" timestamp="2020-09-11T10:50:45.234">
  <scavenger-info tenureage="3" tenuremask="7ff8" tiltratio="84" />
  <memory-copied type="nursery" objects="4397528" bytes="116701992" bytesdiscarded="149552" />
  <memory-copied type="tenure" objects="1077766" bytes="29480432" bytesdiscarded="37504" />
  <ownableSynchronizers candidates="8461" cleared="6837" />
  <references type="soft" candidates="1137" cleared="0" enqueued="0" dynamicThreshold="19" maxThreshold="32" />
  <references type="weak" candidates="122" cleared="122" enqueued="0" />
</gc-op>
<gc-end id="2344" type="scavenge" contextid="2340" durationms="106.912" usertimems="820.790" systemtimems="0.526" timestamp="2020-09-11T10:50:45.235" activeThreads="8">
  <mem-info id="2345" free="1480201312" total="2836725760" percent="52">
    <mem type="nursery" free="681687016" total="939524096" percent="72">
      <mem type="allocate" free="681687016" total="798621696" percent="85" />
      <mem type="survivor" free="0" total="140902400" percent="0" />
    </mem>
    <mem type="tenure" free="798514296" total="1897201664" percent="42" macro-fragmented="524320">
      <mem type="soa" free="684681336" total="1783368704" percent="38" />
      <mem type="loa" free="113832960" total="113832960" percent="100" />
    </mem>
    <remembered-set count="32372" />
  </mem-info>
</gc-end>
<cycle-end id="2346" type="scavenge" contextid="2340" timestamp="2020-09-11T10:50:45.235" />
<allocation-satisfied id="2347" threadId="0000000000808C00" bytesRequested="664" />
<af-end id="2348" timestamp="2020-09-11T10:50:45.235" threadId="0000000000809580" success="true" from="nursery"/>
<exclusive-end id="2349" timestamp="2020-09-11T10:50:45.235" durationms="108.422" />

<exclusive-start id="2350" timestamp="2020-09-11T10:50:47.188" intervalms="2061.098">
  <response-info timems="1.379" idlems="1.379" threads="0" lastid="0000000000891B00" lastname="Group1.Backend.CompositeBackend{Tier1}.7" />
</exclusive-start>
<af-start id="2351" threadId="0000000000892480" totalBytesRequested="16" timestamp="2020-09-11T10:50:47.189" intervalms="2061.177" type="nursery" />
<cycle-start id="2352" type="scavenge" contextid="0" timestamp="2020-09-11T10:50:47.189" intervalms="2061.187" />
<gc-start id="2353" type="scavenge" contextid="2352" timestamp="2020-09-11T10:50:47.189">
  <mem-info id="2354" free="798514296" total="2836725760" percent="28">
    <mem type="nursery" free="0" total="939524096" percent="0">
      <mem type="allocate" free="0" total="798621696" percent="0" />
      <mem type="survivor" free="0" total="140902400" percent="0" />
    </mem>
    <mem type="tenure" free="798514296" total="1897201664" percent="42">
      <mem type="soa" free="684681336" total="1783368704" percent="38" />
      <mem type="loa" free="113832960" total="113832960" percent="100" />
    </mem>
    <remembered-set count="194434" />
  </mem-info>
</gc-start>
<allocation-stats totalBytes="681357184" >
  <allocated-bytes non-tlh="34186136" tlh="647171048" />
  <largest-consumer threadName="Group1.Backend.CompositeBackend{Tier1}.6" threadId="000000000088A300" bytes="90667440" />
</allocation-stats>
<gc-op id="2355" type="scavenge" timems="117.297" contextid="2352" timestamp="2020-09-11T10:50:47.307">
  <scavenger-info tenureage="3" tenuremask="7ff8" tiltratio="85" />
  <memory-copied type="nursery" objects="4098249" bytes="109885440" bytesdiscarded="286560" />
  <memory-copied type="tenure" objects="1070847" bytes="29301272" bytesdiscarded="40024" />
  <ownableSynchronizers candidates="6424" cleared="4899" />
  <references type="soft" candidates="996" cleared="0" enqueued="0" dynamicThreshold="19" maxThreshold="32" />
  <references type="weak" candidates="118" cleared="118" enqueued="0" />
</gc-op>
<gc-end id="2356" type="scavenge" contextid="2352" durationms="118.564" usertimems="869.368" systemtimems="6.298" timestamp="2020-09-11T10:50:47.308" activeThreads="8">
  <mem-info id="2357" free="1459611464" total="2836725760" percent="51">
    <mem type="nursery" free="690395392" total="939524096" percent="73">
      <mem type="allocate" free="690395392" total="800653312" percent="86" />
      <mem type="survivor" free="0" total="138870784" percent="0" />
    </mem>
    <mem type="tenure" free="769216072" total="1897201664" percent="40" macro-fragmented="1048608">
      <mem type="soa" free="655383112" total="1783368704" percent="36" />
      <mem type="loa" free="113832960" total="113832960" percent="100" />
    </mem>
    <remembered-set count="32819" />
  </mem-info>
</gc-end>
<cycle-end id="2358" type="scavenge" contextid="2352" timestamp="2020-09-11T10:50:47.309" />
<allocation-satisfied id="2359" threadId="0000000000891B00" bytesRequested="16" />
<af-end id="2360" timestamp="2020-09-11T10:50:47.309" threadId="0000000000892480" success="true" from="nursery"/>
<exclusive-end id="2361" timestamp="2020-09-11T10:50:47.309" durationms="121.183" />

<exclusive-start id="2362" timestamp="2020-09-11T10:50:49.324" intervalms="2136.351">
  <response-info timems="0.750" idlems="0.750" threads="0" lastid="0000000000855600" lastname="Group1.Backend.CompositeBackend{Tier1}.5" />
</exclusive-start>
<af-start id="2363" threadId="0000000000855F80" totalBytesRequested="344" timestamp="2020-09-11T10:50:49.325" intervalms="2136.417" type="nursery" />
<cycle-start id="2364" type="scavenge" contextid="0" timestamp="2020-09-11T10:50:49.325" intervalms="2136.399" />
<gc-start id="2365" type="scavenge" contextid="2364" timestamp="2020-09-11T10:50:49.326">
  <mem-info id="2366" free="769216072" total="2836725760" percent="27">
    <mem type="nursery" free="0" total="939524096" percent="0">
      <mem type="allocate" free="0" total="800653312" percent="0" />
      <mem type="survivor" free="0" total="138870784" percent="0" />
    </mem>
    <mem type="tenure" free="769216072" total="1897201664" percent="40">
      <mem type="soa" free="655383112" total="1783368704" percent="36" />
      <mem type="loa" free="113832960" total="113832960" percent="100" />
    </mem>
    <remembered-set count="197721" />
  </mem-info>
</gc-start>
<allocation-stats totalBytes="690067272" >
  <allocated-bytes non-tlh="31078432" tlh="658988840" />
  <largest-consumer threadName="Group1.Backend.CompositeBackend{Tier1}.1" threadId="000000000077FE00" bytes="95326664" />
</allocation-stats>
<gc-op id="2367" type="scavenge" timems="118.718" contextid="2364" timestamp="2020-09-11T10:50:49.444">
  <scavenger-info tenureage="3" tenuremask="7ff8" tiltratio="85" />
  <memory-copied type="nursery" objects="4100887" bytes="109919208" bytesdiscarded="214544" />
  <memory-copied type="tenure" objects="1132525" bytes="30438008" bytesdiscarded="50488" />
  <ownableSynchronizers candidates="6614" cleared="5270" />
  <references type="soft" candidates="938" cleared="0" enqueued="0" dynamicThreshold="19" maxThreshold="32" />
  <references type="weak" candidates="93" cleared="93" enqueued="0" />
</gc-op>
<gc-end id="2368" type="scavenge" contextid="2364" durationms="119.632" usertimems="897.114" systemtimems="9.940" timestamp="2020-09-11T10:50:49.445" activeThreads="8">
  <mem-info id="2369" free="1432409696" total="2836725760" percent="50">
    <mem type="nursery" free="693573376" total="939524096" percent="73">
      <mem type="allocate" free="693573376" total="803799040" percent="86" />
      <mem type="survivor" free="0" total="135725056" percent="0" />
    </mem>
    <mem type="tenure" free="738836320" total="1897201664" percent="38" macro-fragmented="0">
      <mem type="soa" free="625003360" total="1783368704" percent="35" />
      <mem type="loa" free="113832960" total="113832960" percent="100" />
    </mem>
    <remembered-set count="31771" />
  </mem-info>
</gc-end>
<cycle-end id="2370" type="scavenge" contextid="2364" timestamp="2020-09-11T10:50:49.447" />
<allocation-satisfied id="2371" threadId="0000000000855600" bytesRequested="344" />
<af-end id="2372" timestamp="2020-09-11T10:50:49.447" threadId="0000000000855F80" success="true" from="nursery"/>
<exclusive-end id="2373" timestamp="2020-09-11T10:50:49.447" durationms="122.200" />

<exclusive-start id="2374" timestamp="2020-09-11T10:50:51.374" intervalms="2049.672">
  <response-info timems="0.635" idlems="0.324" threads="1" lastid="000000000088A300" lastname="Group1.Backend.CompositeBackend{Tier1}.6" />
</exclusive-start>
<af-start id="2375" threadId="000000000089DD80" totalBytesRequested="24" timestamp="2020-09-11T10:50:51.375" intervalms="2049.718" type="nursery" />
<cycle-start id="2376" type="scavenge" contextid="0" timestamp="2020-09-11T10:50:51.375" intervalms="2049.755" />
<gc-start id="2377" type="scavenge" contextid="2376" timestamp="2020-09-11T10:50:51.375">
  <mem-info id="2378" free="738836320" total="2836725760" percent="26">
    <mem type="nursery" free="0" total="939524096" percent="0">
      <mem type="allocate" free="0" total="803799040" percent="0" />
      <mem type="survivor" free="0" total="135725056" percent="0" />
    </mem>
    <mem type="tenure" free="738836320" total="1897201664" percent="38">
      <mem type="soa" free="625003360" total="1783368704" percent="35" />
      <mem type="loa" free="113832960" total="113832960" percent="100" />
    </mem>
    <remembered-set count="194558" />
  </mem-info>
</gc-start>
<allocation-stats totalBytes="693240536" >
  <allocated-bytes non-tlh="33946816" tlh="659293720" />
  <largest-consumer threadName="Group1.Backend.CompositeBackend{Tier1}.3" threadId="0000000000808C00" bytes="111268728" />
</allocation-stats>
<gc-op id="2379" type="scavenge" timems="110.042" contextid="2376" timestamp="2020-09-11T10:50:51.486">
  <scavenger-info tenureage="3" tenuremask="7ff8" tiltratio="85" />
  <memory-copied type="nursery" objects="4189181" bytes="112298840" bytesdiscarded="170528" />
  <memory-copied type="tenure" objects="1042808" bytes="28023888" bytesdiscarded="26000" />
  <ownableSynchronizers candidates="6805" cleared="5540" />
  <references type="soft" candidates="884" cleared="0" enqueued="0" dynamicThreshold="19" maxThreshold="32" />
  <references type="weak" candidates="117" cleared="117" enqueued="0" />
</gc-op>
<gc-end id="2380" type="scavenge" contextid="2376" durationms="111.027" usertimems="806.699" systemtimems="1.675" timestamp="2020-09-11T10:50:51.486" activeThreads="8">
  <mem-info id="2381" free="1403578160" total="2836725760" percent="49">
    <mem type="nursery" free="692678912" total="939524096" percent="73">
      <mem type="allocate" free="692678912" total="805240832" percent="86" />
      <mem type="survivor" free="0" total="134283264" percent="0" />
    </mem>
    <mem type="tenure" free="710899248" total="1897201664" percent="37" macro-fragmented="1600032">
      <mem type="soa" free="597066288" total="1783368704" percent="33" />
      <mem type="loa" free="113832960" total="113832960" percent="100" />
    </mem>
    <remembered-set count="29850" />
  </mem-info>
</gc-end>
<cycle-end id="2382" type="scavenge" contextid="2376" timestamp="2020-09-11T10:50:51.488" />
<allocation-satisfied id="2383" threadId="000000000089D400" bytesRequested="24" />
<af-end id="2384" timestamp="2020-09-11T10:50:51.488" threadId="000000000089DD80" success="true" from="nursery"/>
<exclusive-end id="2385" timestamp="2020-09-11T10:50:51.488" durationms="113.495" />

<exclusive-start id="2386" timestamp="2020-09-11T10:50:53.453" intervalms="2079.175">
  <response-info timems="0.710" idlems="0.710" threads="0" lastid="000000000077F200" lastname="Group1.Backend.CompositeBackend{Tier1}.2" />
</exclusive-start>
<af-start id="2387" threadId="000000000077FB80" totalBytesRequested="32" timestamp="2020-09-11T10:50:53.454" intervalms="2079.232" type="nursery" />
<cycle-start id="2388" type="scavenge" contextid="0" timestamp="2020-09-11T10:50:53.454" intervalms="2079.248" />
<gc-start id="2389" type="scavenge" contextid="2388" timestamp="2020-09-11T10:50:53.455">
  <mem-info id="2390" free="710899248" total="2836725760" percent="25">
    <mem type="nursery" free="0" total="939524096" percent="0">
      <mem type="allocate" free="0" total="805240832" percent="0" />
      <mem type="survivor" free="0" total="134283264" percent="0" />
    </mem>
    <mem type="tenure" free="710899248" total="1897201664" percent="37">
      <mem type="soa" free="597066288" total="1783368704" percent="33" />
      <mem type="loa" free="113832960" total="113832960" percent="100" />
    </mem>
    <remembered-set count="192771" />
  </mem-info>
</gc-start>
<allocation-stats totalBytes="692347240" >
  <allocated-bytes non-tlh="33652048" tlh="658695192" />
  <largest-consumer threadName="Group1.Backend.CompositeBackend{Tier1}.6" threadId="000000000088A300" bytes="84745320" />
</allocation-stats>
<gc-op id="2391" type="scavenge" timems="101.554" contextid="2388" timestamp="2020-09-11T10:50:53.556">
  <scavenger-info tenureage="3" tenuremask="7ff8" tiltratio="85" />
  <memory-copied type="nursery" objects="4086729" bytes="109747520" bytesdiscarded="477152" />
  <memory-copied type="tenure" objects="1081822" bytes="29100560" bytesdiscarded="43504" />
  <ownableSynchronizers candidates="6002" cleared="4936" />
  <references type="soft" candidates="890" cleared="0" enqueued="0" dynamicThreshold="19" maxThreshold="32" />
  <references type="weak" candidates="112" cleared="112" enqueued="0" />
</gc-op>
<gc-end id="2392" type="scavenge" contextid="2388" durationms="102.665" usertimems="752.677" systemtimems="0.000" timestamp="2020-09-11T10:50:53.557" activeThreads="8">
  <mem-info id="2393" free="1378256232" total="2836725760" percent="48">
    <mem type="nursery" free="696640000" total="939524096" percent="74">
      <mem type="allocate" free="696640000" total="806944768" percent="86" />
      <mem type="survivor" free="0" total="132579328" percent="0" />
    </mem>
    <mem type="tenure" free="681616232" total="1897201664" percent="35" macro-fragmented="0">
      <mem type="soa" free="567783272" total="1783368704" percent="31" />
      <mem type="loa" free="113832960" total="113832960" percent="100" />
    </mem>
    <remembered-set count="30718" />
  </mem-info>
</gc-end>
<cycle-end id="2394" type="scavenge" contextid="2388" timestamp="2020-09-11T10:50:53.558" />
<allocation-satisfied id="2395" threadId="000000000077F200" bytesRequested="32" />
<af-end id="2396" timestamp="2020-09-11T10:50:53.558" threadId="000000000077FB80" success="true" from="nursery"/>
<exclusive-end id="2397" timestamp="2020-09-11T10:50:53.559" durationms="105.233" />

<exclusive-start id="2398" timestamp="2020-09-11T10:50:55.679" intervalms="2225.819">
  <response-info timems="0.433" idlems="0.220" threads="1" lastid="000000000077F200" lastname="Group1.Backend.CompositeBackend{Tier1}.2" />
</exclusive-start>
<af-start id="2399" threadId="0000000000780780" totalBytesRequested="24" timestamp="2020-09-11T10:50:55.680" intervalms="2225.570" type="nursery" />
<cycle-start id="2400" type="scavenge" contextid="0" timestamp="2020-09-11T10:50:55.680" intervalms="2225.524" />
<gc-start id="2401" type="scavenge" contextid="2400" timestamp="2020-09-11T10:50:55.680">
  <mem-info id="2402" free="681616232" total="2836725760" percent="24">
    <mem type="nursery" free="0" total="939524096" percent="0">
      <mem type="allocate" free="0" total="806944768" percent="0" />
      <mem type="survivor" free="0" total="132579328" percent="0" />
    </mem>
    <mem type="tenure" free="681616232" total="1897201664" percent="35">
      <mem type="soa" free="567783272" total="1783368704" percent="31" />
      <mem type="loa" free="113832960" total="113832960" percent="100" />
    </mem>
    <remembered-set count="196804" />
  </mem-info>
</gc-start>
<allocation-stats totalBytes="696313864" >
  <allocated-bytes non-tlh="30096352" tlh="666217512" />
  <largest-consumer threadName="Group1.Backend.CompositeBackend{Tier1}.4" threadId="0000000000854B00" bytes="99017552" />
</allocation-stats>
<gc-op id="2403" type="scavenge" timems="99.566" contextid="2400" timestamp="2020-09-11T10:50:55.780">
  <scavenger-info tenureage="3" tenuremask="7ff8" tiltratio="85" />
  <memory-copied type="nursery" objects="4116807" bytes="110548720" bytesdiscarded="114064" />
  <memory-copied type="tenure" objects="1138237" bytes="30619808" bytesdiscarded="49728" />
  <ownableSynchronizers candidates="5151" cleared="4108" />
  <references type="soft" candidates="832" cleared="0" enqueued="0" dynamicThreshold="19" maxThreshold="32" />
  <references type="weak" candidates="133" cleared="131" enqueued="0" />
</gc-op>
<gc-end id="2404" type="scavenge" contextid="2400" durationms="100.548" usertimems="743.434" systemtimems="11.137" timestamp="2020-09-11T10:50:55.781" activeThreads="8">
  <mem-info id="2405" free="1348768616" total="2836725760" percent="47">
    <mem type="nursery" free="697765120" total="939524096" percent="74">
      <mem type="allocate" free="697765120" total="808517632" percent="86" />
      <mem type="survivor" free="0" total="131006464" percent="0" />
    </mem>
    <mem type="tenure" free="651003496" total="1897201664" percent="34" macro-fragmented="0">
      <mem type="soa" free="537170536" total="1783368704" percent="30" />
      <mem type="loa" free="113832960" total="113832960" percent="100" />
    </mem>
    <remembered-set count="31287" />
  </mem-info>
</gc-end>
<cycle-end id="2406" type="scavenge" contextid="2400" timestamp="2020-09-11T10:50:55.781" />
<allocation-satisfied id="2407" threadId="000000000077FE00" bytesRequested="24" />
<af-end id="2408" timestamp="2020-09-11T10:50:55.781" threadId="0000000000780780" success="true" from="nursery"/>
<exclusive-end id="2409" timestamp="2020-09-11T10:50:55.781" durationms="102.168" />

<exclusive-start id="2410" timestamp="2020-09-11T10:50:57.786" intervalms="2106.417">
  <response-info timems="1.354" idlems="0.697" threads="1" lastid="000000000088A300" lastname="Group1.Backend.CompositeBackend{Tier1}.6" />
</exclusive-start>
<af-start id="2411" threadId="000000000089DD80" totalBytesRequested="32" timestamp="2020-09-11T10:50:57.786" intervalms="2106.739" type="nursery" />
<cycle-start id="2412" type="scavenge" contextid="0" timestamp="2020-09-11T10:50:57.787" intervalms="2106.753" />
<gc-start id="2413" type="scavenge" contextid="2412" timestamp="2020-09-11T10:50:57.787">
  <mem-info id="2414" free="651003496" total="2836725760" percent="22">
    <mem type="nursery" free="0" total="939524096" percent="0">
      <mem type="allocate" free="0" total="808517632" percent="0" />
      <mem type="survivor" free="0" total="131006464" percent="0" />
    </mem>
    <mem type="tenure" free="651003496" total="1897201664" percent="34">
      <mem type="soa" free="537170536" total="1783368704" percent="30" />
      <mem type="loa" free="113832960" total="113832960" percent="100" />
    </mem>
    <remembered-set count="193072" />
  </mem-info>
</gc-start>
<allocation-stats totalBytes="697440792" >
  <allocated-bytes non-tlh="39307008" tlh="658133784" />
  <largest-consumer threadName="Group1.Backend.CompositeBackend{Tier1}.1" threadId="000000000077FE00" bytes="90848328" />
</allocation-stats>
<gc-op id="2415" type="scavenge" timems="101.836" contextid="2412" timestamp="2020-09-11T10:50:57.889">
  <scavenger-info tenureage="3" tenuremask="7ff8" tiltratio="86" />
  <memory-copied type="nursery" objects="4099982" bytes="110168144" bytesdiscarded="133064" />
  <memory-copied type="tenure" objects="1093775" bytes="29416304" bytesdiscarded="47280" />
  <ownableSynchronizers candidates="6247" cleared="5202" />
  <references type="soft" candidates="808" cleared="0" enqueued="0" dynamicThreshold="19" maxThreshold="32" />
  <references type="weak" candidates="134" cleared="133" enqueued="0" />
</gc-op>
<gc-end id="2416" type="scavenge" contextid="2412" durationms="103.054" usertimems="786.948" systemtimems="0.000" timestamp="2020-09-11T10:50:57.890" activeThreads="8">
  <mem-info id="2417" free="1321191880" total="2836725760" percent="46">
    <mem type="nursery" free="699569064" total="939524096" percent="74">
      <mem type="allocate" free="699569064" total="809959424" percent="86" />
      <mem type="survivor" free="0" total="129564672" percent="0" />
    </mem>
    <mem type="tenure" free="621622816" total="1897201664" percent="32" macro-fragmented="0">
      <mem type="soa" free="507789856" total="1783368704" percent="28" />
      <mem type="loa" free="113832960" total="113832960" percent="100" />
    </mem>
    <remembered-set count="31645" />
  </mem-info>
</gc-end>
<cycle-end id="2418" type="scavenge" contextid="2412" timestamp="2020-09-11T10:50:57.891" />
<allocation-satisfied id="2419" threadId="000000000089D400" bytesRequested="32" />
<af-end id="2420" timestamp="2020-09-11T10:50:57.891" threadId="000000000089DD80" success="true" from="nursery"/>
<exclusive-end id="2421" timestamp="2020-09-11T10:50:57.891" durationms="105.355" />

<exclusive-start id="2422" timestamp="2020-09-11T10:50:59.924" intervalms="2138.678">
  <response-info timems="1.452" idlems="1.452" threads="0" lastid="0000000000891B00" lastname="Group1.Backend.CompositeBackend{Tier1}.7" />
</exclusive-start>
<af-start id="2423" threadId="0000000000892480" totalBytesRequested="120" timestamp="2020-09-11T10:50:59.925" intervalms="2138.405" type="nursery" />
<cycle-start id="2424" type="scavenge" contextid="0" timestamp="2020-09-11T10:50:59.925" intervalms="2138.458" />
<gc-start id="2425" type="scavenge" contextid="2424" timestamp="2020-09-11T10:50:59.925">
  <mem-info id="2426" free="621622816" total="2836725760" percent="21">
    <mem type="nursery" free="0" total="939524096" percent="0">
      <mem type="allocate" free="0" total="809959424" percent="0" />
      <mem type="survivor" free="0" total="129564672" percent="0" />
    </mem>
    <mem type="tenure" free="621622816" total="1897201664" percent="32">
      <mem type="soa" free="507789856" total="1783368704" percent="28" />
      <mem type="loa" free="113832960" total="113832960" percent="100" />
    </mem>
    <remembered-set count="197611" />
  </mem-info>
</gc-start>
<allocation-stats totalBytes="699227560" >
  <allocated-bytes non-tlh="29355480" tlh="669872080" />
  <largest-consumer threadName="Group1.Backend.CompositeBackend{Tier1}.7" threadId="0000000000891B00" bytes="97369832" />
</allocation-stats>
<gc-op id="2427" type="scavenge" timems="140.100" contextid="2424" timestamp="2020-09-11T10:51:00.066">
  <scavenger-info tenureage="3" tenuremask="7ff8" tiltratio="86" />
  <memory-copied type="nursery" objects="4139839" bytes="111208008" bytesdiscarded="294704" />
  <memory-copied type="tenure" objects="1093883" bytes="29407864" bytesdiscarded="61760" />
  <ownableSynchronizers candidates="6939" cleared="5876" />
  <references type="soft" candidates="845" cleared="0" enqueued="0" dynamicThreshold="19" maxThreshold="32" />
  <references type="weak" candidates="119" cleared="118" enqueued="0" />
</gc-op>
<gc-end id="2428" type="scavenge" contextid="2424" durationms="141.185" usertimems="999.520" systemtimems="11.872" timestamp="2020-09-11T10:51:00.066" activeThreads="8">
  <mem-info id="2429" free="1291245416" total="2836725760" percent="45">
    <mem type="nursery" free="699094480" total="939524096" percent="74">
      <mem type="allocate" free="699094480" total="810680320" percent="86" />
      <mem type="survivor" free="0" total="128843776" percent="0" />
    </mem>
    <mem type="tenure" free="592150936" total="1897201664" percent="31" macro-fragmented="0">
      <mem type="soa" free="478317976" total="1783368704" percent="26" />
      <mem type="loa" free="113832960" total="113832960" percent="100" />
    </mem>
    <remembered-set count="32013" />
  </mem-info>
</gc-end>
<cycle-end id="2430" type="scavenge" contextid="2424" timestamp="2020-09-11T10:51:00.067" />
<allocation-satisfied id="2431" threadId="0000000000891B00" bytesRequested="120" />
<af-end id="2432" timestamp="2020-09-11T10:51:00.067" threadId="0000000000892480" success="true" from="nursery"/>
<exclusive-end id="2433" timestamp="2020-09-11T10:51:00.067" durationms="143.094" />

<exclusive-start id="2434" timestamp="2020-09-11T10:51:01.971" intervalms="2046.476">
  <response-info timems="0.434" idlems="0.314" threads="1" lastid="0000000000854B00" lastname="Group1.Backend.CompositeBackend{Tier1}.4" />
</exclusive-start>
<af-start id="2435" threadId="0000000000892480" totalBytesRequested="32" timestamp="2020-09-11T10:51:01.971" intervalms="2046.520" type="nursery" />
<cycle-start id="2436" type="scavenge" contextid="0" timestamp="2020-09-11T10:51:01.972" intervalms="2046.442" />
<gc-start id="2437" type="scavenge" contextid="2436" timestamp="2020-09-11T10:51:01.972">
  <mem-info id="2438" free="592150936" total="2836725760" percent="20">
    <mem type="nursery" free="0" total="939524096" percent="0">
      <mem type="allocate" free="0" total="810680320" percent="0" />
      <mem type="survivor" free="0" total="128843776" percent="0" />
    </mem>
    <mem type="tenure" free="592150936" total="1897201664" percent="31">
      <mem type="soa" free="478317976" total="1783368704" percent="26" />
      <mem type="loa" free="113832960" total="113832960" percent="100" />
    </mem>
    <remembered-set count="195583" />
  </mem-info>
</gc-start>
<allocation-stats totalBytes="698747960" >
  <allocated-bytes non-tlh="36946784" tlh="661801176" />
  <largest-consumer threadName="Group1.Backend.CompositeBackend{Tier1}.5" threadId="0000000000855600" bytes="95196688" />
</allocation-stats>
<gc-op id="2439" type="scavenge" timems="131.668" contextid="2436" timestamp="2020-09-11T10:51:02.104">
  <scavenger-info tenureage="3" tenuremask="7ff8" tiltratio="86" />
  <memory-copied type="nursery" objects="4129105" bytes="110889320" bytesdiscarded="297048" />
  <memory-copied type="tenure" objects="1109622" bytes="29860088" bytesdiscarded="58176" />
  <ownableSynchronizers candidates="5568" cleared="4518" />
  <references type="soft" candidates="884" cleared="0" enqueued="0" dynamicThreshold="19" maxThreshold="32" />
  <references type="weak" candidates="113" cleared="113" enqueued="0" />
</gc-op>
<gc-end id="2440" type="scavenge" contextid="2436" durationms="132.822" usertimems="918.366" systemtimems="12.612" timestamp="2020-09-11T10:51:02.105" activeThreads="8">
  <mem-info id="2441" free="1262514728" total="2836725760" percent="44">
    <mem type="nursery" free="700264336" total="939524096" percent="74">
      <mem type="allocate" free="700264336" total="811532288" percent="86" />
      <mem type="survivor" free="0" total="127991808" percent="0" />
    </mem>
    <mem type="tenure" free="562250392" total="1897201664" percent="29" macro-fragmented="0">
      <mem type="soa" free="448417432" total="1783368704" percent="25" />
      <mem type="loa" free="113832960" total="113832960" percent="100" />
    </mem>
    <remembered-set count="32934" />
  </mem-info>
</gc-end>
<cycle-end id="2442" type="scavenge" contextid="2436" timestamp="2020-09-11T10:51:02.105" />
<allocation-satisfied id="2443" threadId="0000000000891B00" bytesRequested="32" />
<af-end id="2444" timestamp="2020-09-11T10:51:02.105" threadId="0000000000892480" success="true" from="nursery"/>
<exclusive-end id="2445" timestamp="2020-09-11T10:51:02.105" durationms="134.659" />

</verbosegc>

